MemTotal:        4016004 kB
MemFree:         3251948 kB
Active:           406204 kB
Mem:          3.8G       746M       3.1G       5.7M        54M       314M

MemTotal:        4016004 kB
MemFree:         3252268 kB
Active:           406068 kB
Mem:          3.8G       745M       3.1G       5.7M        54M       314M

MemTotal:        4016004 kB
MemFree:         3252764 kB
Active:           406124 kB
Mem:          3.8G       745M       3.1G       5.7M        54M       314M

MemTotal:        4016004 kB
MemFree:         3253044 kB
Active:           406104 kB
Mem:          3.8G       745M       3.1G       5.7M        54M       314M

MemTotal:        4016004 kB
MemFree:         3253168 kB
Active:           406112 kB
Mem:          3.8G       744M       3.1G       5.7M        54M       314M

MemTotal:        4016004 kB
MemFree:         3253044 kB
Active:           406144 kB
Mem:          3.8G       745M       3.1G       5.7M        54M       314M

MemTotal:        4016004 kB
MemFree:         3251044 kB
Active:           406124 kB
Mem:          3.8G       747M       3.1G       5.7M        54M       314M

MemTotal:        4016004 kB
MemFree:         3251044 kB
Active:           408140 kB
Mem:          3.8G       747M       3.1G       5.7M        54M       314M

MemTotal:        4016004 kB
MemFree:         3250796 kB
Active:           408176 kB
Mem:          3.8G       747M       3.1G       5.7M        54M       314M

MemTotal:        4016004 kB
MemFree:         3250796 kB
Active:           408144 kB
Mem:          3.8G       746M       3.1G       5.7M        54M       314M

MemTotal:        4016004 kB
MemFree:         3251416 kB
Active:           408180 kB
Mem:          3.8G       746M       3.1G       5.7M        54M       314M

MemTotal:        4016004 kB
MemFree:         3251152 kB
Active:           408196 kB
Mem:          3.8G       746M       3.1G       5.7M        54M       314M

MemTotal:        4016004 kB
MemFree:         3250888 kB
Active:           408168 kB
Mem:          3.8G       747M       3.1G       5.7M        54M       314M

MemTotal:        4016004 kB
MemFree:         3250764 kB
Active:           408180 kB
Mem:          3.8G       747M       3.1G       5.7M        54M       314M

MemTotal:        4016004 kB
MemFree:         3250392 kB
Active:           408200 kB
Mem:          3.8G       747M       3.1G       5.7M        54M       314M

MemTotal:        4016004 kB
MemFree:         3250176 kB
Active:           408200 kB
Mem:          3.8G       747M       3.1G       5.7M        54M       314M

MemTotal:        4016004 kB
MemFree:         3250408 kB
Active:           408196 kB
Mem:          3.8G       747M       3.1G       5.7M        54M       314M

MemTotal:        4016004 kB
MemFree:         3250532 kB
Active:           408144 kB
Mem:          3.8G       747M       3.1G       5.7M        54M       314M

MemTotal:        4016004 kB
MemFree:         3250284 kB
Active:           408200 kB
Mem:          3.8G       747M       3.1G       5.7M        54M       314M

MemTotal:        4016004 kB
MemFree:         3250656 kB
Active:           408192 kB
Mem:          3.8G       747M       3.1G       5.7M        54M       314M

MemTotal:        4016004 kB
MemFree:         3250656 kB
Active:           408164 kB
Mem:          3.8G       747M       3.1G       5.7M        54M       314M

MemTotal:        4016004 kB
MemFree:         3250284 kB
Active:           408208 kB
Mem:          3.8G       747M       3.1G       5.7M        54M       314M

MemTotal:        4016004 kB
MemFree:         3250532 kB
Active:           408204 kB
Mem:          3.8G       747M       3.1G       5.7M        54M       314M

MemTotal:        4016004 kB
MemFree:         3250516 kB
Active:           408168 kB
Mem:          3.8G       747M       3.1G       5.7M        54M       314M

MemTotal:        4016004 kB
MemFree:         3250748 kB
Active:           408200 kB
Mem:          3.8G       747M       3.1G       5.7M        54M       314M

MemTotal:        4016004 kB
MemFree:         3250732 kB
Active:           408172 kB
Mem:          3.8G       747M       3.1G       5.7M        54M       314M

MemTotal:        4016004 kB
MemFree:         3250172 kB
Active:           406292 kB
Mem:          3.8G       747M       3.1G       5.7M        54M       314M

MemTotal:        4016004 kB
MemFree:         3250544 kB
Active:           408200 kB
Mem:          3.8G       747M       3.1G       5.7M        54M       314M

MemTotal:        4016004 kB
MemFree:         3250544 kB
Active:           408176 kB
Mem:          3.8G       747M       3.1G       5.7M        54M       314M

MemTotal:        4016004 kB
MemFree:         3250528 kB
Active:           408184 kB
Mem:          3.8G       747M       3.1G       5.7M        54M       314M

MemTotal:        4016004 kB
MemFree:         3250140 kB
Active:           408220 kB
Mem:          3.8G       747M       3.1G       5.7M        54M       314M

MemTotal:        4016004 kB
MemFree:         3250124 kB
Active:           408220 kB
Mem:          3.8G       747M       3.1G       5.7M        54M       314M

MemTotal:        4016004 kB
MemFree:         3250328 kB
Active:           408196 kB
Mem:          3.8G       747M       3.1G       5.7M        54M       314M

MemTotal:        4016004 kB
MemFree:         3250948 kB
Active:           408176 kB
Mem:          3.8G       747M       3.1G       5.7M        54M       314M

MemTotal:        4016004 kB
MemFree:         3250948 kB
Active:           408220 kB
Mem:          3.8G       747M       3.1G       5.7M        54M       314M

MemTotal:        4016004 kB
MemFree:         3250948 kB
Active:           408208 kB
Mem:          3.8G       747M       3.1G       5.7M        54M       314M

MemTotal:        4016004 kB
MemFree:         3250700 kB
Active:           408244 kB
Mem:          3.8G       747M       3.1G       5.7M        54M       314M

MemTotal:        4016004 kB
MemFree:         3251072 kB
Active:           408240 kB
Mem:          3.8G       746M       3.1G       5.7M        54M       314M

MemTotal:        4016004 kB
MemFree:         3251320 kB
Active:           408216 kB
Mem:          3.8G       746M       3.1G       5.7M        54M       314M

MemTotal:        4016004 kB
MemFree:         3250948 kB
Active:           408244 kB
Mem:          3.8G       746M       3.1G       5.7M        54M       314M

MemTotal:        4016004 kB
MemFree:         3251088 kB
Active:           408240 kB
Mem:          3.8G       747M       3.1G       5.7M        54M       314M

MemTotal:        4016004 kB
MemFree:         3251336 kB
Active:           408208 kB
Mem:          3.8G       747M       3.1G       5.7M        54M       314M

MemTotal:        4016004 kB
MemFree:         3251088 kB
Active:           408228 kB
Mem:          3.8G       747M       3.1G       5.7M        54M       314M

MemTotal:        4016004 kB
MemFree:         3250716 kB
Active:           408204 kB
Mem:          3.8G       747M       3.1G       5.7M        54M       314M

MemTotal:        4016004 kB
MemFree:         3251212 kB
Active:           408216 kB
Mem:          3.8G       746M       3.1G       5.7M        54M       314M

MemTotal:        4016004 kB
MemFree:         3250840 kB
Active:           408228 kB
Mem:          3.8G       747M       3.1G       5.7M        54M       314M

MemTotal:        4016004 kB
MemFree:         3250716 kB
Active:           408264 kB
Mem:          3.8G       747M       3.1G       5.7M        54M       314M

MemTotal:        4016004 kB
MemFree:         3250840 kB
Active:           408264 kB
Mem:          3.8G       747M       3.1G       5.7M        54M       314M

MemTotal:        4016004 kB
MemFree:         3250840 kB
Active:           408224 kB
Mem:          3.8G       747M       3.1G       5.7M        54M       314M

MemTotal:        4016004 kB
MemFree:         3250700 kB
Active:           408260 kB
Mem:          3.8G       747M       3.1G       5.7M        54M       314M

MemTotal:        4016004 kB
MemFree:         3251072 kB
Active:           408248 kB
Mem:          3.8G       747M       3.1G       5.7M        54M       314M

MemTotal:        4016004 kB
MemFree:         3251072 kB
Active:           408260 kB
Mem:          3.8G       747M       3.1G       5.7M        54M       314M

MemTotal:        4016004 kB
MemFree:         3250948 kB
Active:           408292 kB
Mem:          3.8G       746M       3.1G       5.7M        54M       314M

MemTotal:        4016004 kB
MemFree:         3251072 kB
Active:           408272 kB
Mem:          3.8G       746M       3.1G       5.7M        54M       314M

MemTotal:        4016004 kB
MemFree:         3250948 kB
Active:           408252 kB
Mem:          3.8G       747M       3.1G       5.7M        54M       314M

MemTotal:        4016004 kB
MemFree:         3250948 kB
Active:           408276 kB
Mem:          3.8G       747M       3.1G       5.7M        54M       314M

MemTotal:        4016004 kB
MemFree:         3248776 kB
Active:           408264 kB
Mem:          3.8G       749M       3.1G       5.7M        54M       314M

MemTotal:        4016004 kB
MemFree:         3248776 kB
Active:           408212 kB
Mem:          3.8G       749M       3.1G       5.7M        54M       314M

MemTotal:        4016004 kB
MemFree:         3249072 kB
Active:           408236 kB
Mem:          3.8G       749M       3.1G       5.7M        54M       314M

MemTotal:        4016004 kB
MemFree:         3249072 kB
Active:           408252 kB
Mem:          3.8G       749M       3.1G       5.7M        54M       314M

MemTotal:        4016004 kB
MemFree:         3248948 kB
Active:           410308 kB
Mem:          3.8G       748M       3.1G       5.7M        54M       314M

MemTotal:        4016004 kB
MemFree:         3249072 kB
Active:           410320 kB
Mem:          3.8G       748M       3.1G       5.7M        54M       314M

MemTotal:        4016004 kB
MemFree:         3249196 kB
Active:           410328 kB
Mem:          3.8G       749M       3.1G       5.7M        54M       314M

MemTotal:        4016004 kB
MemFree:         3249056 kB
Active:           410276 kB
Mem:          3.8G       748M       3.1G       5.7M        54M       314M

MemTotal:        4016004 kB
MemFree:         3248684 kB
Active:           410336 kB
Mem:          3.8G       749M       3.1G       5.7M        54M       314M

MemTotal:        4016004 kB
MemFree:         3248684 kB
Active:           410336 kB
Mem:          3.8G       749M       3.1G       5.7M        54M       314M

MemTotal:        4016004 kB
MemFree:         3249056 kB
Active:           410328 kB
Mem:          3.8G       749M       3.1G       5.7M        54M       314M

MemTotal:        4016004 kB
MemFree:         3248932 kB
Active:           410288 kB
Mem:          3.8G       749M       3.1G       5.7M        54M       314M

MemTotal:        4016004 kB
MemFree:         3248560 kB
Active:           410296 kB
Mem:          3.8G       749M       3.1G       5.7M        54M       314M

MemTotal:        4016004 kB
MemFree:         3248932 kB
Active:           410320 kB
Mem:          3.8G       749M       3.1G       5.7M        54M       314M

MemTotal:        4016004 kB
MemFree:         3248808 kB
Active:           410280 kB
Mem:          3.8G       749M       3.1G       5.7M        54M       314M

MemTotal:        4016004 kB
MemFree:         3248808 kB
Active:           410340 kB
Mem:          3.8G       749M       3.1G       5.7M        54M       314M

MemTotal:        4016004 kB
MemFree:         3248916 kB
Active:           410316 kB
Mem:          3.8G       749M       3.1G       5.7M        54M       314M

MemTotal:        4016004 kB
MemFree:         3249040 kB
Active:           410296 kB
Mem:          3.8G       749M       3.1G       5.7M        54M       314M

MemTotal:        4016004 kB
MemFree:         3248420 kB
Active:           410340 kB
Mem:          3.8G       749M       3.1G       5.7M        54M       314M

MemTotal:        4016004 kB
MemFree:         3248792 kB
Active:           410292 kB
Mem:          3.8G       749M       3.1G       5.7M        54M       314M

MemTotal:        4016004 kB
MemFree:         3246744 kB
Active:           410320 kB
Mem:          3.8G       751M       3.1G       5.7M        54M       314M

MemTotal:        4016004 kB
MemFree:         3246372 kB
Active:           412372 kB
Mem:          3.8G       751M       3.1G       5.7M        54M       314M

MemTotal:        4016004 kB
MemFree:         3246356 kB
Active:           412372 kB
Mem:          3.8G       751M       3.1G       5.7M        54M       314M

MemTotal:        4016004 kB
MemFree:         3246868 kB
Active:           412360 kB
Mem:          3.8G       751M       3.1G       5.7M        54M       314M

MemTotal:        4016004 kB
MemFree:         3246744 kB
Active:           412324 kB
Mem:          3.8G       751M       3.1G       5.7M        54M       314M

MemTotal:        4016004 kB
MemFree:         3246496 kB
Active:           412376 kB
Mem:          3.8G       751M       3.1G       5.7M        54M       314M

MemTotal:        4016004 kB
MemFree:         3246372 kB
Active:           412376 kB
Mem:          3.8G       751M       3.1G       5.7M        54M       314M

MemTotal:        4016004 kB
MemFree:         3246496 kB
Active:           412340 kB
Mem:          3.8G       751M       3.1G       5.7M        54M       314M

MemTotal:        4016004 kB
MemFree:         3246124 kB
Active:           412392 kB
Mem:          3.8G       751M       3.1G       5.7M        54M       314M

MemTotal:        4016004 kB
MemFree:         3246264 kB
Active:           412368 kB
Mem:          3.8G       751M       3.1G       5.7M        54M       314M

MemTotal:        4016004 kB
MemFree:         3246512 kB
Active:           412344 kB
Mem:          3.8G       751M       3.1G       5.7M        54M       314M

MemTotal:        4016004 kB
MemFree:         3246388 kB
Active:           412340 kB
Mem:          3.8G       751M       3.1G       5.7M        54M       314M

MemTotal:        4016004 kB
MemFree:         3246264 kB
Active:           412388 kB
Mem:          3.8G       751M       3.1G       5.7M        54M       314M

MemTotal:        4016004 kB
MemFree:         3246512 kB
Active:           412348 kB
Mem:          3.8G       751M       3.1G       5.7M        54M       314M

MemTotal:        4016004 kB
MemFree:         3246388 kB
Active:           412344 kB
Mem:          3.8G       751M       3.1G       5.7M        54M       314M

MemTotal:        4016004 kB
MemFree:         3246140 kB
Active:           412388 kB
Mem:          3.8G       751M       3.1G       5.7M        54M       314M

MemTotal:        4016004 kB
MemFree:         3246264 kB
Active:           412360 kB
Mem:          3.8G       751M       3.1G       5.7M        54M       314M

MemTotal:        4016004 kB
MemFree:         3246264 kB
Active:           412344 kB
Mem:          3.8G       751M       3.1G       5.7M        54M       314M

MemTotal:        4016004 kB
MemFree:         3246744 kB
Active:           412376 kB
Mem:          3.8G       751M       3.1G       5.7M        54M       314M

MemTotal:        4016004 kB
MemFree:         3246744 kB
Active:           412344 kB
Mem:          3.8G       751M       3.1G       5.7M        54M       314M

MemTotal:        4016004 kB
MemFree:         3245436 kB
Active:           410496 kB
Mem:          3.8G       752M       3.1G       5.7M        54M       314M

MemTotal:        4016004 kB
MemFree:         3245812 kB
Active:           412372 kB
Mem:          3.8G       752M       3.1G       5.7M        54M       314M

MemTotal:        4016004 kB
MemFree:         3245688 kB
Active:           412412 kB
Mem:          3.8G       752M       3.1G       5.7M        54M       314M

MemTotal:        4016004 kB
MemFree:         3245548 kB
Active:           412424 kB
Mem:          3.8G       752M       3.1G       5.7M        54M       314M

MemTotal:        4016004 kB
MemFree:         3245904 kB
Active:           412664 kB
Mem:          3.8G       752M       3.1G       5.7M        54M       314M

MemTotal:        4016004 kB
MemFree:         3205444 kB
Active:           412960 kB
Mem:          3.8G       792M       3.1G       5.7M        54M       353M

MemTotal:        4016004 kB
MemFree:         3161792 kB
Active:           412988 kB
Mem:          3.8G       834M       3.0G       5.7M        55M       395M

MemTotal:        4016004 kB
MemFree:         3117988 kB
Active:           413008 kB
Mem:          3.8G       877M       3.0G       5.7M        55M       438M

MemTotal:        4016004 kB
MemFree:         3074244 kB
Active:           413036 kB
Mem:          3.8G       920M       2.9G       5.7M        55M       480M

MemTotal:        4016004 kB
MemFree:         3029864 kB
Active:           413060 kB
Mem:          3.8G       963M       2.9G       5.7M        55M       523M

MemTotal:        4016004 kB
MemFree:         2985872 kB
Active:           413080 kB
Mem:          3.8G       1.0G       2.8G       5.7M        55M       565M

MemTotal:        4016004 kB
MemFree:         2942020 kB
Active:           413108 kB
Mem:          3.8G       1.0G       2.8G       5.7M        55M       607M

MemTotal:        4016004 kB
MemFree:         2898156 kB
Active:           413128 kB
Mem:          3.8G       1.1G       2.8G       5.7M        55M       649M

MemTotal:        4016004 kB
MemFree:         2855264 kB
Active:           413152 kB
Mem:          3.8G       1.1G       2.7G       5.7M        55M       691M

MemTotal:        4016004 kB
MemFree:         2811272 kB
Active:           413172 kB
Mem:          3.8G       1.1G       2.7G       5.7M        55M       732M

MemTotal:        4016004 kB
MemFree:         2767640 kB
Active:           413204 kB
Mem:          3.8G       1.2G       2.6G       5.7M        55M       775M

MemTotal:        4016004 kB
MemFree:         2723248 kB
Active:           413232 kB
Mem:          3.8G       1.2G       2.6G       5.7M        55M       817M

MemTotal:        4016004 kB
MemFree:         2691156 kB
Active:           413260 kB
Mem:          3.8G       1.3G       2.6G       5.7M        55M       848M

MemTotal:        4016004 kB
MemFree:         2673568 kB
Active:           413272 kB
Mem:          3.8G       1.3G       2.5G       5.7M        55M       865M

MemTotal:        4016004 kB
MemFree:         2629500 kB
Active:           413296 kB
Mem:          3.8G       1.3G       2.5G       5.7M        55M       907M

MemTotal:        4016004 kB
MemFree:         2586472 kB
Active:           413448 kB
Mem:          3.8G       1.4G       2.5G       5.7M        55M       948M

MemTotal:        4016004 kB
MemFree:         2586356 kB
Active:           413368 kB
Mem:          3.8G       1.4G       2.5G       5.7M        55M       949M

MemTotal:        4016004 kB
MemFree:         2545884 kB
Active:           413444 kB
Mem:          3.8G       1.4G       2.4G       5.7M        55M       987M

MemTotal:        4016004 kB
MemFree:         2502016 kB
Active:           413464 kB
Mem:          3.8G       1.4G       2.4G       5.7M        55M       1.0G

MemTotal:        4016004 kB
MemFree:         2458520 kB
Active:           413484 kB
Mem:          3.8G       1.5G       2.3G       5.7M        55M       1.0G

MemTotal:        4016004 kB
MemFree:         2415040 kB
Active:           413512 kB
Mem:          3.8G       1.5G       2.3G       5.7M        55M       1.1G

MemTotal:        4016004 kB
MemFree:         2370520 kB
Active:           413544 kB
Mem:          3.8G       1.6G       2.3G       5.7M        55M       1.1G

MemTotal:        4016004 kB
MemFree:         2335968 kB
Active:           413564 kB
Mem:          3.8G       1.6G       2.2G       5.7M        55M       1.2G

MemTotal:        4016004 kB
MemFree:         2318996 kB
Active:           413580 kB
Mem:          3.8G       1.6G       2.2G       5.7M        55M       1.2G

MemTotal:        4016004 kB
MemFree:         2275004 kB
Active:           413600 kB
Mem:          3.8G       1.7G       2.2G       5.7M        55M       1.2G

MemTotal:        4016004 kB
MemFree:         2234832 kB
Active:           413656 kB
Mem:          3.8G       1.7G       2.1G       5.7M        55M       1.3G

MemTotal:        4016004 kB
MemFree:         2234336 kB
Active:           413580 kB
Mem:          3.8G       1.7G       2.1G       5.7M        55M       1.3G

MemTotal:        4016004 kB
MemFree:         2233844 kB
Active:           413592 kB
Mem:          3.8G       1.7G       2.1G       5.7M        55M       1.3G

MemTotal:        4016004 kB
MemFree:         2232052 kB
Active:           413596 kB
Mem:          3.8G       1.7G       2.1G       5.7M        55M       1.3G

MemTotal:        4016004 kB
MemFree:         2188960 kB
Active:           413684 kB
Mem:          3.8G       1.7G       2.1G       5.7M        55M       1.3G

MemTotal:        4016004 kB
MemFree:         2144380 kB
Active:           413704 kB
Mem:          3.8G       1.8G       2.0G       5.7M        55M       1.3G

MemTotal:        4016004 kB
MemFree:         2101008 kB
Active:           413724 kB
Mem:          3.8G       1.8G       2.0G       5.7M        55M       1.4G

MemTotal:        4016004 kB
MemFree:         2057388 kB
Active:           413752 kB
Mem:          3.8G       1.9G       2.0G       5.7M        55M       1.4G

MemTotal:        4016004 kB
MemFree:         2014124 kB
Active:           413776 kB
Mem:          3.8G       1.9G       1.9G       5.7M        55M       1.5G

MemTotal:        4016004 kB
MemFree:         1970644 kB
Active:           413800 kB
Mem:          3.8G       2.0G       1.9G       5.7M        55M       1.5G

MemTotal:        4016004 kB
MemFree:         1926652 kB
Active:           413828 kB
Mem:          3.8G       2.0G       1.8G       5.7M        55M       1.5G

MemTotal:        4016004 kB
MemFree:         1882660 kB
Active:           413848 kB
Mem:          3.8G       2.0G       1.8G       5.7M        55M       1.6G

MemTotal:        4016004 kB
MemFree:         1838804 kB
Active:           413876 kB
Mem:          3.8G       2.1G       1.8G       5.7M        55M       1.6G

MemTotal:        4016004 kB
MemFree:         1795652 kB
Active:           413900 kB
Mem:          3.8G       2.1G       1.7G       5.7M        55M       1.7G

MemTotal:        4016004 kB
MemFree:         1776352 kB
Active:           413916 kB
Mem:          3.8G       2.1G       1.7G       5.7M        55M       1.7G

MemTotal:        4016004 kB
MemFree:         1763456 kB
Active:           413916 kB
Mem:          3.8G       2.1G       1.7G       5.7M        55M       1.7G

MemTotal:        4016004 kB
MemFree:         1719792 kB
Active:           413964 kB
Mem:          3.8G       2.2G       1.6G       5.7M        55M       1.7G

MemTotal:        4016004 kB
MemFree:         1718732 kB
Active:           413976 kB
Mem:          3.8G       2.2G       1.6G       5.7M        55M       1.7G

MemTotal:        4016004 kB
MemFree:         1695968 kB
Active:           413984 kB
Mem:          3.8G       2.2G       1.6G       5.7M        55M       1.8G

MemTotal:        4016004 kB
MemFree:         1652380 kB
Active:           414008 kB
Mem:          3.8G       2.3G       1.6G       5.7M        55M       1.8G

MemTotal:        4016004 kB
MemFree:         1608636 kB
Active:           414024 kB
Mem:          3.8G       2.3G       1.5G       5.7M        55M       1.8G

MemTotal:        4016004 kB
MemFree:         1565388 kB
Active:           414048 kB
Mem:          3.8G       2.3G       1.5G       5.7M        55M       1.9G

MemTotal:        4016004 kB
MemFree:         1521272 kB
Active:           414056 kB
Mem:          3.8G       2.4G       1.5G       5.7M        55M       1.9G

MemTotal:        4016004 kB
MemFree:         1477156 kB
Active:           414100 kB
Mem:          3.8G       2.4G       1.4G       5.7M        55M       2.0G

MemTotal:        4016004 kB
MemFree:         1433288 kB
Active:           414120 kB
Mem:          3.8G       2.5G       1.4G       5.7M        55M       2.0G

MemTotal:        4016004 kB
MemFree:         1389672 kB
Active:           414144 kB
Mem:          3.8G       2.5G       1.3G       5.7M        55M       2.1G

MemTotal:        4016004 kB
MemFree:         1346240 kB
Active:           414168 kB
Mem:          3.8G       2.5G       1.3G       5.7M        55M       2.1G

MemTotal:        4016004 kB
MemFree:         1322584 kB
Active:           414200 kB
Mem:          3.8G       2.6G       1.3G       5.7M        55M       2.1G

MemTotal:        4016004 kB
MemFree:         1290952 kB
Active:           414220 kB
Mem:          3.8G       2.6G       1.2G       5.7M        56M       2.1G

MemTotal:        4016004 kB
MemFree:         1246908 kB
Active:           414240 kB
Mem:          3.8G       2.6G       1.2G       5.7M        56M       2.2G

MemTotal:        4016004 kB
MemFree:         1204636 kB
Active:           414304 kB
Mem:          3.8G       2.7G       1.1G       5.7M        56M       2.2G

MemTotal:        4016004 kB
MemFree:         1160828 kB
Active:           414264 kB
Mem:          3.8G       2.7G       1.1G       5.7M        56M       2.3G

MemTotal:        4016004 kB
MemFree:         1116932 kB
Active:           414280 kB
Mem:          3.8G       2.8G       1.1G       5.7M        56M       2.3G

MemTotal:        4016004 kB
MemFree:         1074148 kB
Active:           414316 kB
Mem:          3.8G       2.8G       1.0G       5.7M        56M       2.3G

MemTotal:        4016004 kB
MemFree:         1030080 kB
Active:           414308 kB
Mem:          3.8G       2.8G       1.0G       5.7M        56M       2.4G

MemTotal:        4016004 kB
MemFree:          987080 kB
Active:           414352 kB
Mem:          3.8G       2.9G       963M       5.7M        56M       2.4G

MemTotal:        4016004 kB
MemFree:          942592 kB
Active:           414404 kB
Mem:          3.8G       2.9G       920M       5.7M        56M       2.5G

MemTotal:        4016004 kB
MemFree:          899448 kB
Active:           414396 kB
Mem:          3.8G       3.0G       877M       5.7M        56M       2.5G

MemTotal:        4016004 kB
MemFree:          876560 kB
Active:           414448 kB
Mem:          3.8G       3.0G       855M       5.7M        56M       2.5G

MemTotal:        4016004 kB
MemFree:          875848 kB
Active:           414440 kB
Mem:          3.8G       3.0G       855M       5.7M        56M       2.5G

MemTotal:        4016004 kB
MemFree:          846304 kB
Active:           416540 kB
Mem:          3.8G       3.0G       826M       5.7M        56M       2.6G

MemTotal:        4016004 kB
MemFree:          801980 kB
Active:           416516 kB
Mem:          3.8G       3.1G       782M       5.7M        56M       2.6G

MemTotal:        4016004 kB
MemFree:          758676 kB
Active:           416564 kB
Mem:          3.8G       3.1G       740M       5.7M        56M       2.6G

MemTotal:        4016004 kB
MemFree:          714560 kB
Active:           416556 kB
Mem:          3.8G       3.1G       697M       5.7M        56M       2.7G

MemTotal:        4016004 kB
MemFree:          670692 kB
Active:           416604 kB
Mem:          3.8G       3.2G       654M       5.7M        56M       2.7G

MemTotal:        4016004 kB
MemFree:          626576 kB
Active:           416644 kB
Mem:          3.8G       3.2G       611M       5.7M        56M       2.8G

MemTotal:        4016004 kB
MemFree:          582832 kB
Active:           416636 kB
Mem:          3.8G       3.3G       569M       5.7M        56M       2.8G

MemTotal:        4016004 kB
MemFree:          539336 kB
Active:           416696 kB
Mem:          3.8G       3.3G       526M       5.7M        56M       2.8G

MemTotal:        4016004 kB
MemFree:          496232 kB
Active:           416668 kB
Mem:          3.8G       3.4G       484M       5.7M        56M       2.9G

MemTotal:        4016004 kB
MemFree:          452584 kB
Active:           416684 kB
Mem:          3.8G       3.4G       441M       5.7M        56M       2.9G

MemTotal:        4016004 kB
MemFree:          407856 kB
Active:           414816 kB
Mem:          3.8G       3.4G       397M       5.7M        56M       3.0G

MemTotal:        4016004 kB
MemFree:          364432 kB
Active:           416736 kB
Mem:          3.8G       3.5G       355M       5.7M        56M       3.0G

MemTotal:        4016004 kB
MemFree:          355372 kB
Active:           416808 kB
Mem:          3.8G       3.5G       346M       5.7M        56M       3.0G

MemTotal:        4016004 kB
MemFree:          327580 kB
Active:           416688 kB
Mem:          3.8G       3.5G       319M       5.7M        56M       3.0G

MemTotal:        4016004 kB
MemFree:          283628 kB
Active:           416648 kB
Mem:          3.8G       3.6G       276M       5.7M        56M       3.1G

MemTotal:        4016004 kB
MemFree:          239416 kB
Active:           416692 kB
Mem:          3.8G       3.6G       233M       5.7M        56M       3.1G

MemTotal:        4016004 kB
MemFree:          196020 kB
Active:           416724 kB
Mem:          3.8G       3.6G       191M       5.7M        56M       3.2G

MemTotal:        4016004 kB
MemFree:          152276 kB
Active:           416724 kB
Mem:          3.8G       3.7G       148M       5.7M        56M       3.2G

MemTotal:        4016004 kB
MemFree:          108904 kB
Active:           416772 kB
Mem:          3.8G       3.7G       106M       5.7M        56M       3.3G

MemTotal:        4016004 kB
MemFree:          115196 kB
Active:           422164 kB
Mem:          3.8G       3.7G       110M       5.7M        21M       3.3G

MemTotal:        4016004 kB
MemFree:          120152 kB
Active:           440528 kB
Mem:          3.8G       3.7G       116M       5.7M        21M       3.3G

MemTotal:        4016004 kB
MemFree:          138248 kB
Active:           477912 kB
Mem:          3.8G       3.7G       134M       5.7M        21M       3.3G

MemTotal:        4016004 kB
MemFree:          113156 kB
Active:           477928 kB
Mem:          3.8G       3.7G       110M       5.7M        21M       3.3G

MemTotal:        4016004 kB
MemFree:          118372 kB
Active:           474496 kB
Mem:          3.8G       3.7G       122M       5.7M        21M       3.3G

MemTotal:        4016004 kB
MemFree:          130868 kB
Active:           463640 kB
Mem:          3.8G       3.7G       127M       5.7M        21M       3.3G

MemTotal:        4016004 kB
MemFree:          123528 kB
Active:           458068 kB
Mem:          3.8G       3.7G       120M       5.7M        21M       3.3G

MemTotal:        4016004 kB
MemFree:          128276 kB
Active:           453232 kB
Mem:          3.8G       3.7G       124M       5.7M        21M       3.3G

MemTotal:        4016004 kB
MemFree:          120612 kB
Active:           449804 kB
Mem:          3.8G       3.7G       117M       5.7M        21M       3.3G

MemTotal:        4016004 kB
MemFree:          107668 kB
Active:           446624 kB
Mem:          3.8G       3.7G       104M       5.7M        21M       3.3G

MemTotal:        4016004 kB
MemFree:          130184 kB
Active:           440332 kB
Mem:          3.8G       3.7G       126M       5.7M        21M       3.3G

MemTotal:        4016004 kB
MemFree:          122572 kB
Active:           436812 kB
Mem:          3.8G       3.7G       119M       5.7M        21M       3.3G

MemTotal:        4016004 kB
MemFree:          126596 kB
Active:           433636 kB
Mem:          3.8G       3.7G       123M       5.7M        21M       3.3G

MemTotal:        4016004 kB
MemFree:          118812 kB
Active:           428100 kB
Mem:          3.8G       3.7G       116M       5.7M        21M       3.3G

MemTotal:        4016004 kB
MemFree:          122272 kB
Active:           426596 kB
Mem:          3.8G       3.7G       119M       5.7M        21M       3.3G

MemTotal:        4016004 kB
MemFree:          133416 kB
Active:           424952 kB
Mem:          3.8G       3.7G       130M       5.7M        21M       3.3G

MemTotal:        4016004 kB
MemFree:          117140 kB
Active:           424840 kB
Mem:          3.8G       3.7G       114M       5.7M        21M       3.3G

MemTotal:        4016004 kB
MemFree:          108696 kB
Active:           423840 kB
Mem:          3.8G       3.7G       106M       5.7M        21M       3.3G

MemTotal:        4016004 kB
MemFree:          130524 kB
Active:           421556 kB
Mem:          3.8G       3.7G       127M       5.7M        21M       3.3G

MemTotal:        4016004 kB
MemFree:          122936 kB
Active:           420556 kB
Mem:          3.8G       3.7G       120M       5.7M        21M       3.3G

MemTotal:        4016004 kB
MemFree:          126476 kB
Active:           418664 kB
Mem:          3.8G       3.7G       123M       5.7M        21M       3.3G

MemTotal:        4016004 kB
MemFree:          130000 kB
Active:           416720 kB
Mem:          3.8G       3.7G       126M       5.7M        21M       3.3G

MemTotal:        4016004 kB
MemFree:          132756 kB
Active:           414880 kB
Mem:          3.8G       3.7G       129M       5.7M        21M       3.3G

MemTotal:        4016004 kB
MemFree:          124568 kB
Active:           413752 kB
Mem:          3.8G       3.7G       121M       5.7M        21M       3.3G

MemTotal:        4016004 kB
MemFree:          123296 kB
Active:           413140 kB
Mem:          3.8G       3.7G       119M       5.7M        21M       3.3G

MemTotal:        4016004 kB
MemFree:          122940 kB
Active:           409408 kB
Mem:          3.8G       3.7G       119M       5.7M        22M       3.3G

MemTotal:        4016004 kB
MemFree:          108856 kB
Active:           408276 kB
Mem:          3.8G       3.7G       106M       5.7M        22M       3.3G

MemTotal:        4016004 kB
MemFree:          125784 kB
Active:           406640 kB
Mem:          3.8G       3.7G       122M       5.7M        22M       3.3G

MemTotal:        4016004 kB
MemFree:          136768 kB
Active:           405384 kB
Mem:          3.8G       3.7G       133M       5.7M        22M       3.3G

MemTotal:        4016004 kB
MemFree:          136208 kB
Active:           405268 kB
Mem:          3.8G       3.7G       132M       5.7M        22M       3.3G

MemTotal:        4016004 kB
MemFree:          112304 kB
Active:           407280 kB
Mem:          3.8G       3.7G       109M       5.7M        22M       3.3G

MemTotal:        4016004 kB
MemFree:          128452 kB
Active:           405652 kB
Mem:          3.8G       3.7G       125M       5.7M        22M       3.3G

MemTotal:        4016004 kB
MemFree:          137816 kB
Active:           403496 kB
Mem:          3.8G       3.7G       133M       5.7M        22M       3.3G

MemTotal:        4016004 kB
MemFree:          129412 kB
Active:           402492 kB
Mem:          3.8G       3.7G       125M       5.7M        22M       3.3G

MemTotal:        4016004 kB
MemFree:          121588 kB
Active:           401376 kB
Mem:          3.8G       3.7G       118M       5.7M        22M       3.3G

MemTotal:        4016004 kB
MemFree:          126864 kB
Active:           399732 kB
Mem:          3.8G       3.7G       122M       5.7M        22M       3.3G

MemTotal:        4016004 kB
MemFree:          136192 kB
Active:           397584 kB
Mem:          3.8G       3.7G       132M       5.7M        22M       3.3G

MemTotal:        4016004 kB
MemFree:          129384 kB
Active:           396584 kB
Mem:          3.8G       3.7G       125M       5.7M        22M       3.3G

MemTotal:        4016004 kB
MemFree:          109712 kB
Active:           396460 kB
Mem:          3.8G       3.7G       106M       5.7M        22M       3.3G

MemTotal:        4016004 kB
MemFree:          127196 kB
Active:           395460 kB
Mem:          3.8G       3.7G       123M       5.7M        22M       3.3G

MemTotal:        4016004 kB
MemFree:          131612 kB
Active:           393828 kB
Mem:          3.8G       3.7G       127M       5.7M        22M       3.3G

MemTotal:        4016004 kB
MemFree:          142676 kB
Active:           392184 kB
Mem:          3.8G       3.7G       138M       5.7M        22M       3.3G

MemTotal:        4016004 kB
MemFree:          115524 kB
Active:           392076 kB
Mem:          3.8G       3.7G       112M       5.7M        22M       3.3G

MemTotal:        4016004 kB
MemFree:          125460 kB
Active:           391580 kB
Mem:          3.8G       3.7G       121M       5.7M        22M       3.3G

MemTotal:        4016004 kB
MemFree:          124740 kB
Active:           390956 kB
Mem:          3.8G       3.7G       121M       5.7M        22M       3.3G

MemTotal:        4016004 kB
MemFree:          123940 kB
Active:           390932 kB
Mem:          3.8G       3.7G       120M       5.7M        22M       3.3G

MemTotal:        4016004 kB
MemFree:          135276 kB
Active:           389928 kB
Mem:          3.8G       3.7G       131M       5.7M        22M       3.3G

MemTotal:        4016004 kB
MemFree:          128380 kB
Active:           388756 kB
Mem:          3.8G       3.7G       125M       5.7M        22M       3.3G

MemTotal:        4016004 kB
MemFree:          135872 kB
Active:           386896 kB
Mem:          3.8G       3.7G       131M       5.7M        22M       3.3G

MemTotal:        4016004 kB
MemFree:          130752 kB
Active:           385472 kB
Mem:          3.8G       3.7G       127M       5.7M        22M       3.3G

MemTotal:        4016004 kB
MemFree:          130428 kB
Active:           384000 kB
Mem:          3.8G       3.7G       126M       5.7M        22M       3.3G

MemTotal:        4016004 kB
MemFree:          133028 kB
Active:           382108 kB
Mem:          3.8G       3.7G       129M       5.7M        22M       3.3G

MemTotal:        4016004 kB
MemFree:          126424 kB
Active:           380936 kB
Mem:          3.8G       3.7G       123M       5.7M        22M       3.3G

MemTotal:        4016004 kB
MemFree:          119476 kB
Active:           379840 kB
Mem:          3.8G       3.7G       115M       5.7M        22M       3.3G

MemTotal:        4016004 kB
MemFree:          124312 kB
Active:           378668 kB
Mem:          3.8G       3.7G       121M       5.7M        22M       3.3G

MemTotal:        4016004 kB
MemFree:          131948 kB
Active:           376812 kB
Mem:          3.8G       3.7G       128M       5.7M        22M       3.3G

MemTotal:        4016004 kB
MemFree:          142980 kB
Active:           375140 kB
Mem:          3.8G       3.7G       139M       5.7M        22M       3.2G

MemTotal:        4016004 kB
MemFree:          135476 kB
Active:           374048 kB
Mem:          3.8G       3.7G       131M       5.7M        22M       3.3G

MemTotal:        4016004 kB
MemFree:          127080 kB
Active:           372892 kB
Mem:          3.8G       3.7G       123M       5.7M        22M       3.3G

MemTotal:        4016004 kB
MemFree:          147988 kB
Active:           371276 kB
Mem:          3.8G       3.7G       143M       5.7M        22M       3.2G

MemTotal:        4016004 kB
MemFree:          131040 kB
Active:           371140 kB
Mem:          3.8G       3.7G       127M       5.7M        22M       3.3G

MemTotal:        4016004 kB
MemFree:          131292 kB
Active:           370156 kB
Mem:          3.8G       3.7G       128M       5.7M        22M       3.3G

MemTotal:        4016004 kB
MemFree:          141404 kB
Active:           367980 kB
Mem:          3.8G       3.7G       137M       5.7M        22M       3.2G

MemTotal:        4016004 kB
MemFree:          134572 kB
Active:           366992 kB
Mem:          3.8G       3.7G       131M       5.7M        22M       3.3G

MemTotal:        4016004 kB
MemFree:          135132 kB
Active:           365872 kB
Mem:          3.8G       3.7G       131M       5.7M        22M       3.3G

MemTotal:        4016004 kB
MemFree:          140012 kB
Active:           362664 kB
Mem:          3.8G       3.7G       136M       5.7M        22M       3.3G

MemTotal:        4016004 kB
MemFree:          133320 kB
Active:           362960 kB
Mem:          3.8G       3.7G       129M       5.7M        24M       3.3G

MemTotal:        4016004 kB
MemFree:          124144 kB
Active:           363624 kB
Mem:          3.8G       3.7G       120M       5.7M        25M       3.3G

MemTotal:        4016004 kB
MemFree:          132448 kB
Active:           363952 kB
Mem:          3.8G       3.7G       128M       5.7M        25M       3.3G

MemTotal:        4016004 kB
MemFree:          107080 kB
Active:           366084 kB
Mem:          3.8G       3.7G       104M       5.7M        27M       3.3G

MemTotal:        4016004 kB
MemFree:          128916 kB
Active:           367328 kB
Mem:          3.8G       3.7G       125M       5.7M        27M       3.3G

MemTotal:        4016004 kB
MemFree:          127184 kB
Active:           367224 kB
Mem:          3.8G       3.7G       124M       5.7M        27M       3.3G

MemTotal:        4016004 kB
MemFree:          114608 kB
Active:           367176 kB
Mem:          3.8G       3.7G       121M       5.7M        27M       3.3G

MemTotal:        4016004 kB
MemFree:          114700 kB
Active:           366208 kB
Mem:          3.8G       3.7G       111M       5.7M        27M       3.3G

MemTotal:        4016004 kB
MemFree:          130856 kB
Active:           366212 kB
Mem:          3.8G       3.7G       127M       5.7M        27M       3.3G

MemTotal:        4016004 kB
MemFree:          118024 kB
Active:           366196 kB
Mem:          3.8G       3.7G       114M       5.7M        27M       3.3G

MemTotal:        4016004 kB
MemFree:          107864 kB
Active:           366236 kB
Mem:          3.8G       3.7G       105M       5.7M        27M       3.3G

MemTotal:        4016004 kB
MemFree:          124012 kB
Active:           366208 kB
Mem:          3.8G       3.7G       121M       5.7M        27M       3.3G

MemTotal:        4016004 kB
MemFree:          127680 kB
Active:           366204 kB
Mem:          3.8G       3.7G       124M       5.7M        27M       3.3G

MemTotal:        4016004 kB
MemFree:          106364 kB
Active:           366208 kB
Mem:          3.8G       3.7G       102M       5.7M        27M       3.3G

MemTotal:        4016004 kB
MemFree:          118420 kB
Active:           364096 kB
Mem:          3.8G       3.7G       114M       5.7M        27M       3.3G

MemTotal:        4016004 kB
MemFree:          127304 kB
Active:           364092 kB
Mem:          3.8G       3.7G       123M       5.7M        27M       3.3G

MemTotal:        4016004 kB
MemFree:          121392 kB
Active:           364108 kB
Mem:          3.8G       3.7G       117M       5.7M        27M       3.3G

MemTotal:        4016004 kB
MemFree:          120024 kB
Active:           364100 kB
Mem:          3.8G       3.7G       116M       5.7M        27M       3.3G

MemTotal:        4016004 kB
MemFree:          126672 kB
Active:           364104 kB
Mem:          3.8G       3.7G       123M       5.7M        27M       3.3G

MemTotal:        4016004 kB
MemFree:          117672 kB
Active:           364160 kB
Mem:          3.8G       3.7G       114M       5.7M        27M       3.3G

MemTotal:        4016004 kB
MemFree:          108716 kB
Active:           364116 kB
Mem:          3.8G       3.7G       105M       5.7M        27M       3.3G

MemTotal:        4016004 kB
MemFree:          110312 kB
Active:           364140 kB
Mem:          3.8G       3.7G       106M       5.7M        27M       3.3G

MemTotal:        4016004 kB
MemFree:          124932 kB
Active:           364152 kB
Mem:          3.8G       3.7G       121M       5.7M        27M       3.3G

MemTotal:        4016004 kB
MemFree:          126920 kB
Active:           364168 kB
Mem:          3.8G       3.7G       123M       5.7M        27M       3.3G

MemTotal:        4016004 kB
MemFree:          129068 kB
Active:           364180 kB
Mem:          3.8G       3.7G       125M       5.7M        27M       3.3G

MemTotal:        4016004 kB
MemFree:          106548 kB
Active:           364180 kB
Mem:          3.8G       3.7G       103M       5.7M        27M       3.3G

MemTotal:        4016004 kB
MemFree:          125796 kB
Active:           364184 kB
Mem:          3.8G       3.7G       123M       5.7M        27M       3.3G

MemTotal:        4016004 kB
MemFree:          122880 kB
Active:           364196 kB
Mem:          3.8G       3.7G       119M       5.7M        27M       3.3G

MemTotal:        4016004 kB
MemFree:          126752 kB
Active:           364196 kB
Mem:          3.8G       3.7G       122M       5.7M        27M       3.3G

MemTotal:        4016004 kB
MemFree:          117500 kB
Active:           364204 kB
Mem:          3.8G       3.7G       113M       5.7M        27M       3.3G

MemTotal:        4016004 kB
MemFree:          126584 kB
Active:           363820 kB
Mem:          3.8G       3.7G       122M       5.7M        27M       3.3G

MemTotal:        4016004 kB
MemFree:          119776 kB
Active:           363672 kB
Mem:          3.8G       3.7G       116M       5.7M        27M       3.3G

MemTotal:        4016004 kB
MemFree:          110792 kB
Active:           363672 kB
Mem:          3.8G       3.7G       107M       5.7M        27M       3.3G

MemTotal:        4016004 kB
MemFree:          113072 kB
Active:           363672 kB
Mem:          3.8G       3.7G       109M       5.7M        27M       3.3G

MemTotal:        4016004 kB
MemFree:          115268 kB
Active:           364888 kB
Mem:          3.8G       3.7G       112M       5.7M        27M       3.3G

MemTotal:        4016004 kB
MemFree:          106208 kB
Active:           364852 kB
Mem:          3.8G       3.7G       103M       5.7M        27M       3.3G

MemTotal:        4016004 kB
MemFree:          121360 kB
Active:           364724 kB
Mem:          3.8G       3.7G       118M       5.7M        27M       3.3G

MemTotal:        4016004 kB
MemFree:          124940 kB
Active:           364724 kB
Mem:          3.8G       3.7G       121M       5.7M        27M       3.3G

MemTotal:        4016004 kB
MemFree:          125528 kB
Active:           363720 kB
Mem:          3.8G       3.7G       121M       5.7M        27M       3.3G

MemTotal:        4016004 kB
MemFree:          126332 kB
Active:           363532 kB
Mem:          3.8G       3.7G       123M       5.7M        27M       3.3G

MemTotal:        4016004 kB
MemFree:          126080 kB
Active:           363544 kB
Mem:          3.8G       3.7G       122M       5.7M        27M       3.3G

MemTotal:        4016004 kB
MemFree:          107732 kB
Active:           363504 kB
Mem:          3.8G       3.7G       104M       5.7M        27M       3.3G

MemTotal:        4016004 kB
MemFree:          125224 kB
Active:           363560 kB
Mem:          3.8G       3.7G       121M       5.7M        27M       3.3G

MemTotal:        4016004 kB
MemFree:          123436 kB
Active:           363560 kB
Mem:          3.8G       3.7G       120M       5.7M        27M       3.3G

MemTotal:        4016004 kB
MemFree:          104652 kB
Active:           365612 kB
Mem:          3.8G       3.7G       108M       5.7M        27M       3.3G

MemTotal:        4016004 kB
MemFree:          125412 kB
Active:           364824 kB
Mem:          3.8G       3.7G       122M       5.7M        27M       3.3G

MemTotal:        4016004 kB
MemFree:          108872 kB
Active:           364824 kB
Mem:          3.8G       3.7G       106M       5.7M        27M       3.3G

MemTotal:        4016004 kB
MemFree:          125176 kB
Active:           364824 kB
Mem:          3.8G       3.7G       126M       5.7M        27M       3.2G

MemTotal:        4016004 kB
MemFree:          123364 kB
Active:           362100 kB
Mem:          3.8G       3.7G       119M       5.7M        27M       3.3G

MemTotal:        4016004 kB
MemFree:          126452 kB
Active:           361952 kB
Mem:          3.8G       3.7G       123M       5.7M        27M       3.3G

MemTotal:        4016004 kB
MemFree:          128140 kB
Active:           361952 kB
Mem:          3.8G       3.7G       125M       5.7M        27M       3.3G

MemTotal:        4016004 kB
MemFree:          122912 kB
Active:           361952 kB
Mem:          3.8G       3.7G       119M       5.7M        27M       3.3G

MemTotal:        4016004 kB
MemFree:          113520 kB
Active:           361924 kB
Mem:          3.8G       3.7G       110M       5.7M        27M       3.3G

MemTotal:        4016004 kB
MemFree:          126664 kB
Active:           361912 kB
Mem:          3.8G       3.7G       123M       5.7M        27M       3.3G

MemTotal:        4016004 kB
MemFree:          125552 kB
Active:           362100 kB
Mem:          3.8G       3.7G       122M       5.7M        27M       3.3G

MemTotal:        4016004 kB
MemFree:          117148 kB
Active:           361988 kB
Mem:          3.8G       3.7G       113M       5.7M        27M       3.3G

MemTotal:        4016004 kB
MemFree:          107784 kB
Active:           361988 kB
Mem:          3.8G       3.7G       105M       5.7M        27M       3.3G

MemTotal:        4016004 kB
MemFree:          109672 kB
Active:           361992 kB
Mem:          3.8G       3.7G       107M       5.7M        27M       3.3G

MemTotal:        4016004 kB
MemFree:          118792 kB
Active:           361240 kB
Mem:          3.8G       3.7G       115M       5.7M        27M       3.3G

MemTotal:        4016004 kB
MemFree:          110592 kB
Active:           361240 kB
Mem:          3.8G       3.7G       107M       5.7M        27M       3.3G

MemTotal:        4016004 kB
MemFree:          131232 kB
Active:           361240 kB
Mem:          3.8G       3.7G       127M       5.7M        27M       3.2G

MemTotal:        4016004 kB
MemFree:          122636 kB
Active:           361240 kB
Mem:          3.8G       3.7G       119M       5.7M        27M       3.3G

MemTotal:        4016004 kB
MemFree:          124320 kB
Active:           362048 kB
Mem:          3.8G       3.7G       120M       5.7M        27M       3.3G

MemTotal:        4016004 kB
MemFree:          115732 kB
Active:           362060 kB
Mem:          3.8G       3.7G       112M       5.7M        27M       3.3G

MemTotal:        4016004 kB
MemFree:          105696 kB
Active:           362072 kB
Mem:          3.8G       3.7G       102M       5.7M        27M       3.3G

MemTotal:        4016004 kB
MemFree:          132832 kB
Active:           361948 kB
Mem:          3.8G       3.7G       129M       5.7M        27M       3.2G

MemTotal:        4016004 kB
MemFree:          131428 kB
Active:           359492 kB
Mem:          3.8G       3.7G       128M       5.7M        27M       3.2G

MemTotal:        4016004 kB
MemFree:          108248 kB
Active:           359396 kB
Mem:          3.8G       3.7G       105M       5.7M        27M       3.3G

MemTotal:        4016004 kB
MemFree:          107500 kB
Active:           359384 kB
Mem:          3.8G       3.7G       104M       5.7M        27M       3.3G

MemTotal:        4016004 kB
MemFree:          134192 kB
Active:           359404 kB
Mem:          3.8G       3.7G       130M       5.7M        27M       3.2G

MemTotal:        4016004 kB
MemFree:          125288 kB
Active:           359408 kB
Mem:          3.8G       3.7G       121M       5.7M        27M       3.3G

MemTotal:        4016004 kB
MemFree:          127796 kB
Active:           359408 kB
Mem:          3.8G       3.7G       124M       5.7M        27M       3.3G

MemTotal:        4016004 kB
MemFree:          138364 kB
Active:           359416 kB
Mem:          3.8G       3.7G       133M       5.7M        27M       3.2G

MemTotal:        4016004 kB
MemFree:          127480 kB
Active:           359416 kB
Mem:          3.8G       3.7G       124M       5.7M        27M       3.3G

MemTotal:        4016004 kB
MemFree:          118084 kB
Active:           359416 kB
Mem:          3.8G       3.7G       115M       5.7M        27M       3.3G

MemTotal:        4016004 kB
MemFree:          120220 kB
Active:           359428 kB
Mem:          3.8G       3.7G       117M       5.7M        27M       3.3G

MemTotal:        4016004 kB
MemFree:          130328 kB
Active:           359432 kB
Mem:          3.8G       3.7G       127M       5.7M        27M       3.2G

MemTotal:        4016004 kB
MemFree:          129772 kB
Active:           359440 kB
Mem:          3.8G       3.7G       126M       5.7M        27M       3.2G

MemTotal:        4016004 kB
MemFree:          130180 kB
Active:           359396 kB
Mem:          3.8G       3.7G       127M       5.7M        27M       3.2G

MemTotal:        4016004 kB
MemFree:          127220 kB
Active:           357676 kB
Mem:          3.8G       3.7G       123M       5.7M        27M       3.3G

MemTotal:        4016004 kB
MemFree:          128188 kB
Active:           357660 kB
Mem:          3.8G       3.7G       125M       5.7M        27M       3.2G

MemTotal:        4016004 kB
MemFree:          136568 kB
Active:           357664 kB
Mem:          3.8G       3.7G       132M       5.7M        27M       3.2G

MemTotal:        4016004 kB
MemFree:          137124 kB
Active:           358800 kB
Mem:          3.8G       3.7G       134M       5.7M        27M       3.2G

MemTotal:        4016004 kB
MemFree:          127972 kB
Active:           358672 kB
Mem:          3.8G       3.7G       124M       5.7M        27M       3.2G

MemTotal:        4016004 kB
MemFree:          119844 kB
Active:           358672 kB
Mem:          3.8G       3.7G       115M       5.7M        27M       3.3G

MemTotal:        4016004 kB
MemFree:          109704 kB
Active:           358672 kB
Mem:          3.8G       3.7G       106M       5.7M        27M       3.3G

MemTotal:        4016004 kB
MemFree:          125612 kB
Active:           358676 kB
Mem:          3.8G       3.7G       122M       5.7M        27M       3.2G

MemTotal:        4016004 kB
MemFree:          108072 kB
Active:           358680 kB
Mem:          3.8G       3.7G       105M       5.7M        27M       3.3G

MemTotal:        4016004 kB
MemFree:          105356 kB
Active:           358684 kB
Mem:          3.8G       3.7G       102M       5.7M        27M       3.3G

MemTotal:        4016004 kB
MemFree:          108748 kB
Active:           358696 kB
Mem:          3.8G       3.7G       106M       5.7M        27M       3.3G

MemTotal:        4016004 kB
MemFree:          106888 kB
Active:           358692 kB
Mem:          3.8G       3.7G       104M       5.7M        27M       3.3G

MemTotal:        4016004 kB
MemFree:          125148 kB
Active:           355812 kB
Mem:          3.8G       3.7G       121M       5.7M        27M       3.2G

MemTotal:        4016004 kB
MemFree:          114396 kB
Active:           355684 kB
Mem:          3.8G       3.7G       111M       5.7M        27M       3.3G

MemTotal:        4016004 kB
MemFree:          110916 kB
Active:           355688 kB
Mem:          3.8G       3.7G       108M       5.7M        27M       3.3G

MemTotal:        4016004 kB
MemFree:          112340 kB
Active:           355700 kB
Mem:          3.8G       3.7G       109M       5.7M        27M       3.3G

MemTotal:        4016004 kB
MemFree:          127836 kB
Active:           355700 kB
Mem:          3.8G       3.7G       124M       5.7M        27M       3.2G

MemTotal:        4016004 kB
MemFree:          136472 kB
Active:           355700 kB
Mem:          3.8G       3.7G       132M       5.7M        27M       3.2G

MemTotal:        4016004 kB
MemFree:          133404 kB
Active:           355716 kB
Mem:          3.8G       3.7G       134M       5.7M        27M       3.2G

MemTotal:        4016004 kB
MemFree:          129116 kB
Active:           355716 kB
Mem:          3.8G       3.7G       125M       5.7M        27M       3.2G

MemTotal:        4016004 kB
MemFree:          131404 kB
Active:           355716 kB
Mem:          3.8G       3.7G       127M       5.7M        27M       3.2G

MemTotal:        4016004 kB
MemFree:          110816 kB
Active:           355716 kB
Mem:          3.8G       3.7G       107M       5.7M        27M       3.3G

MemTotal:        4016004 kB
MemFree:          132632 kB
Active:           355716 kB
Mem:          3.8G       3.7G       129M       5.7M        27M       3.2G

MemTotal:        4016004 kB
MemFree:          128904 kB
Active:           355728 kB
Mem:          3.8G       3.7G       125M       5.7M        27M       3.2G

MemTotal:        4016004 kB
MemFree:          128380 kB
Active:           355712 kB
Mem:          3.8G       3.7G       125M       5.7M        27M       3.2G

MemTotal:        4016004 kB
MemFree:          128600 kB
Active:           355680 kB
Mem:          3.8G       3.7G       125M       5.7M        27M       3.2G

MemTotal:        4016004 kB
MemFree:          109744 kB
Active:           355736 kB
Mem:          3.8G       3.7G       106M       5.7M        27M       3.3G

MemTotal:        4016004 kB
MemFree:          124264 kB
Active:           355736 kB
Mem:          3.8G       3.7G       120M       5.7M        27M       3.2G

MemTotal:        4016004 kB
MemFree:          128132 kB
Active:           353828 kB
Mem:          3.8G       3.7G       125M       5.7M        27M       3.2G

MemTotal:        4016004 kB
MemFree:          120368 kB
Active:           353828 kB
Mem:          3.8G       3.7G       117M       5.7M        27M       3.3G

MemTotal:        4016004 kB
MemFree:          109980 kB
Active:           353828 kB
Mem:          3.8G       3.7G       107M       5.7M        27M       3.3G

MemTotal:        4016004 kB
MemFree:          115588 kB
Active:           353828 kB
Mem:          3.8G       3.7G       112M       5.7M        27M       3.3G

MemTotal:        4016004 kB
MemFree:          106052 kB
Active:           353836 kB
Mem:          3.8G       3.7G       103M       5.7M        27M       3.3G

MemTotal:        4016004 kB
MemFree:          133896 kB
Active:           353844 kB
Mem:          3.8G       3.7G       130M       5.7M        27M       3.2G

MemTotal:        4016004 kB
MemFree:          136348 kB
Active:           353848 kB
Mem:          3.8G       3.7G       132M       5.7M        27M       3.2G

MemTotal:        4016004 kB
MemFree:          139156 kB
Active:           353872 kB
Mem:          3.8G       3.7G       135M       5.7M        27M       3.2G

MemTotal:        4016004 kB
MemFree:          130028 kB
Active:           353872 kB
Mem:          3.8G       3.7G       126M       5.7M        27M       3.2G

MemTotal:        4016004 kB
MemFree:          121504 kB
Active:           353872 kB
Mem:          3.8G       3.7G       117M       5.7M        27M       3.3G

MemTotal:        4016004 kB
MemFree:          126648 kB
Active:           353880 kB
Mem:          3.8G       3.7G       122M       5.7M        27M       3.2G

MemTotal:        4016004 kB
MemFree:          114180 kB
Active:           353892 kB
Mem:          3.8G       3.7G       110M       5.7M        27M       3.3G

MemTotal:        4016004 kB
MemFree:          105096 kB
Active:           353904 kB
Mem:          3.8G       3.7G       106M       5.7M        27M       3.3G

MemTotal:        4016004 kB
MemFree:          128952 kB
Active:           351516 kB
Mem:          3.8G       3.7G       125M       5.7M        27M       3.2G

MemTotal:        4016004 kB
MemFree:          108464 kB
Active:           351632 kB
Mem:          3.8G       3.7G       104M       5.7M        27M       3.3G

MemTotal:        4016004 kB
MemFree:          130116 kB
Active:           351548 kB
Mem:          3.8G       3.7G       126M       5.7M        27M       3.2G

MemTotal:        4016004 kB
MemFree:          121432 kB
Active:           351548 kB
Mem:          3.8G       3.7G       117M       5.7M        27M       3.3G

MemTotal:        4016004 kB
MemFree:          122204 kB
Active:           351552 kB
Mem:          3.8G       3.7G       119M       5.7M        27M       3.2G

MemTotal:        4016004 kB
MemFree:          130540 kB
Active:           351552 kB
Mem:          3.8G       3.7G       127M       5.7M        27M       3.2G

MemTotal:        4016004 kB
MemFree:          133180 kB
Active:           351552 kB
Mem:          3.8G       3.7G       129M       5.7M        27M       3.2G

MemTotal:        4016004 kB
MemFree:          111900 kB
Active:           351560 kB
Mem:          3.8G       3.7G       109M       5.7M        27M       3.3G

MemTotal:        4016004 kB
MemFree:          127460 kB
Active:           351560 kB
Mem:          3.8G       3.7G       124M       5.7M        27M       3.2G

MemTotal:        4016004 kB
MemFree:          112468 kB
Active:           351560 kB
Mem:          3.8G       3.7G       109M       5.7M        27M       3.3G

MemTotal:        4016004 kB
MemFree:          108640 kB
Active:           351572 kB
Mem:          3.8G       3.7G       106M       5.7M        27M       3.3G

MemTotal:        4016004 kB
MemFree:          110112 kB
Active:           351584 kB
Mem:          3.8G       3.7G       107M       5.7M        27M       3.3G

MemTotal:        4016004 kB
MemFree:          136480 kB
Active:           351584 kB
Mem:          3.8G       3.7G       133M       5.7M        27M       3.2G

MemTotal:        4016004 kB
MemFree:          136704 kB
Active:           351572 kB
Mem:          3.8G       3.7G       133M       5.7M        27M       3.2G

MemTotal:        4016004 kB
MemFree:          133652 kB
Active:           351592 kB
Mem:          3.8G       3.7G       130M       5.7M        27M       3.2G

MemTotal:        4016004 kB
MemFree:          123620 kB
Active:           351592 kB
Mem:          3.8G       3.7G       120M       5.7M        27M       3.2G

MemTotal:        4016004 kB
MemFree:          129112 kB
Active:           351004 kB
Mem:          3.8G       3.7G       125M       5.7M        27M       3.2G

MemTotal:        4016004 kB
MemFree:          122584 kB
Active:           351016 kB
Mem:          3.8G       3.7G       119M       5.7M        27M       3.2G

MemTotal:        4016004 kB
MemFree:          106228 kB
Active:           351016 kB
Mem:          3.8G       3.7G       103M       5.7M        27M       3.3G

MemTotal:        4016004 kB
MemFree:          127372 kB
Active:           351016 kB
Mem:          3.8G       3.7G       124M       5.7M        27M       3.2G

MemTotal:        4016004 kB
MemFree:          117736 kB
Active:           351016 kB
Mem:          3.8G       3.7G       114M       5.7M        27M       3.3G

MemTotal:        4016004 kB
MemFree:          136032 kB
Active:           351016 kB
Mem:          3.8G       3.7G       132M       5.7M        27M       3.2G

MemTotal:        4016004 kB
MemFree:          136312 kB
Active:           350984 kB
Mem:          3.8G       3.7G       132M       5.7M        27M       3.2G

MemTotal:        4016004 kB
MemFree:          133076 kB
Active:           351032 kB
Mem:          3.8G       3.7G       129M       5.7M        27M       3.2G

MemTotal:        4016004 kB
MemFree:          149696 kB
Active:           351044 kB
Mem:          3.8G       3.7G       144M       5.7M        27M       3.2G

MemTotal:        4016004 kB
MemFree:          127184 kB
Active:           351044 kB
Mem:          3.8G       3.7G       123M       5.7M        27M       3.2G

MemTotal:        4016004 kB
MemFree:          106544 kB
Active:           351044 kB
Mem:          3.8G       3.7G       103M       5.7M        27M       3.3G

MemTotal:        4016004 kB
MemFree:          108664 kB
Active:           351048 kB
Mem:          3.8G       3.7G       105M       5.7M        27M       3.3G

MemTotal:        4016004 kB
MemFree:          135168 kB
Active:           351060 kB
Mem:          3.8G       3.7G       132M       5.7M        27M       3.2G

MemTotal:        4016004 kB
MemFree:          125792 kB
Active:           351060 kB
Mem:          3.8G       3.7G       122M       5.7M        27M       3.2G

MemTotal:        4016004 kB
MemFree:          115024 kB
Active:           351060 kB
Mem:          3.8G       3.7G       123M       5.7M        27M       3.2G

MemTotal:        4016004 kB
MemFree:          108620 kB
Active:           351060 kB
Mem:          3.8G       3.7G       106M       5.7M        27M       3.3G

MemTotal:        4016004 kB
MemFree:          126040 kB
Active:           351068 kB
Mem:          3.8G       3.7G       123M       5.7M        27M       3.2G

MemTotal:        4016004 kB
MemFree:          131952 kB
Active:           350308 kB
Mem:          3.8G       3.7G       128M       5.7M        27M       3.2G

MemTotal:        4016004 kB
MemFree:          126464 kB
Active:           349900 kB
Mem:          3.8G       3.7G       123M       5.7M        27M       3.2G

MemTotal:        4016004 kB
MemFree:          126340 kB
Active:           349864 kB
Mem:          3.8G       3.7G       123M       5.7M        27M       3.2G

MemTotal:        4016004 kB
MemFree:          126464 kB
Active:           349864 kB
Mem:          3.8G       3.7G       123M       5.7M        27M       3.2G

MemTotal:        4016004 kB
MemFree:          125768 kB
Active:           349892 kB
Mem:          3.8G       3.7G       122M       5.7M        27M       3.2G

MemTotal:        4016004 kB
MemFree:          126080 kB
Active:           349900 kB
Mem:          3.8G       3.7G       122M       5.7M        27M       3.2G

MemTotal:        4016004 kB
MemFree:          125988 kB
Active:           349912 kB
Mem:          3.8G       3.7G       122M       5.7M        27M       3.2G

MemTotal:        4016004 kB
MemFree:          126276 kB
Active:           349916 kB
Mem:          3.8G       3.7G       122M       5.7M        27M       3.2G

MemTotal:        4016004 kB
MemFree:          126276 kB
Active:           349900 kB
Mem:          3.8G       3.7G       123M       5.7M        27M       3.2G

MemTotal:        4016004 kB
MemFree:          126340 kB
Active:           349912 kB
Mem:          3.8G       3.7G       123M       5.7M        27M       3.2G

MemTotal:        4016004 kB
MemFree:          126340 kB
Active:           349872 kB
Mem:          3.8G       3.7G       123M       5.7M        27M       3.2G

MemTotal:        4016004 kB
MemFree:          126216 kB
Active:           349912 kB
Mem:          3.8G       3.7G       123M       5.7M        27M       3.2G

MemTotal:        4016004 kB
MemFree:          126092 kB
Active:           349896 kB
Mem:          3.8G       3.7G       123M       5.7M        27M       3.2G

MemTotal:        4016004 kB
MemFree:          126340 kB
Active:           349920 kB
Mem:          3.8G       3.7G       123M       5.7M        27M       3.2G

MemTotal:        4016004 kB
MemFree:          126216 kB
Active:           349884 kB
Mem:          3.8G       3.7G       123M       5.7M        27M       3.2G

MemTotal:        4016004 kB
MemFree:          126092 kB
Active:           349896 kB
Mem:          3.8G       3.7G       123M       5.7M        27M       3.2G

MemTotal:        4016004 kB
MemFree:          126216 kB
Active:           349920 kB
Mem:          3.8G       3.7G       123M       5.7M        27M       3.2G

MemTotal:        4016004 kB
MemFree:          126092 kB
Active:           349888 kB
Mem:          3.8G       3.7G       123M       5.7M        27M       3.2G

MemTotal:        4016004 kB
MemFree:          124168 kB
Active:           349904 kB
Mem:          3.8G       3.7G       121M       5.7M        27M       3.2G

MemTotal:        4016004 kB
MemFree:          123672 kB
Active:           351936 kB
Mem:          3.8G       3.7G       120M       5.7M        27M       3.2G

MemTotal:        4016004 kB
MemFree:          123796 kB
Active:           351964 kB
Mem:          3.8G       3.7G       120M       5.7M        27M       3.2G

MemTotal:        4016004 kB
MemFree:          123672 kB
Active:           351988 kB
Mem:          3.8G       3.7G       120M       5.7M        27M       3.2G

MemTotal:        4016004 kB
MemFree:          123920 kB
Active:           351960 kB
Mem:          3.8G       3.7G       120M       5.7M        27M       3.2G

MemTotal:        4016004 kB
MemFree:          123796 kB
Active:           351948 kB
Mem:          3.8G       3.7G       120M       5.7M        27M       3.2G

MemTotal:        4016004 kB
MemFree:          123672 kB
Active:           351964 kB
Mem:          3.8G       3.7G       120M       5.7M        27M       3.2G

MemTotal:        4016004 kB
MemFree:          123920 kB
Active:           351956 kB
Mem:          3.8G       3.7G       120M       5.7M        27M       3.2G

MemTotal:        4016004 kB
MemFree:          123920 kB
Active:           351972 kB
Mem:          3.8G       3.7G       120M       5.7M        27M       3.2G

MemTotal:        4016004 kB
MemFree:          124044 kB
Active:           351996 kB
Mem:          3.8G       3.7G       121M       5.7M        27M       3.2G

MemTotal:        4016004 kB
MemFree:          124292 kB
Active:           352008 kB
Mem:          3.8G       3.7G       121M       5.7M        27M       3.2G

MemTotal:        4016004 kB
MemFree:          124168 kB
Active:           351976 kB
Mem:          3.8G       3.7G       121M       5.7M        27M       3.2G

MemTotal:        4016004 kB
MemFree:          124168 kB
Active:           351968 kB
Mem:          3.8G       3.7G       121M       5.7M        27M       3.2G

MemTotal:        4016004 kB
MemFree:          124044 kB
Active:           352020 kB
Mem:          3.8G       3.7G       121M       5.7M        27M       3.2G

MemTotal:        4016004 kB
MemFree:          124168 kB
Active:           351992 kB
Mem:          3.8G       3.7G       120M       5.7M        27M       3.2G

MemTotal:        4016004 kB
MemFree:          123920 kB
Active:           351996 kB
Mem:          3.8G       3.7G       120M       5.7M        27M       3.2G

MemTotal:        4016004 kB
MemFree:          123796 kB
Active:           351968 kB
Mem:          3.8G       3.7G       120M       5.7M        27M       3.2G

MemTotal:        4016004 kB
MemFree:          123920 kB
Active:           352020 kB
Mem:          3.8G       3.7G       120M       5.7M        27M       3.2G

MemTotal:        4016004 kB
MemFree:          123672 kB
Active:           351976 kB
Mem:          3.8G       3.7G       120M       5.7M        27M       3.2G

MemTotal:        4016004 kB
MemFree:          123672 kB
Active:           352004 kB
Mem:          3.8G       3.7G       120M       5.7M        27M       3.2G

MemTotal:        4016004 kB
MemFree:          123672 kB
Active:           352024 kB
Mem:          3.8G       3.7G       120M       5.7M        27M       3.2G

MemTotal:        4016004 kB
MemFree:          123796 kB
Active:           352016 kB
Mem:          3.8G       3.7G       120M       5.7M        27M       3.2G

MemTotal:        4016004 kB
MemFree:          123796 kB
Active:           351980 kB
Mem:          3.8G       3.7G       120M       5.7M        27M       3.2G

MemTotal:        4016004 kB
MemFree:          123672 kB
Active:           351996 kB
Mem:          3.8G       3.7G       120M       5.7M        27M       3.2G

MemTotal:        4016004 kB
MemFree:          124168 kB
Active:           352012 kB
Mem:          3.8G       3.7G       120M       5.7M        27M       3.2G

MemTotal:        4016004 kB
MemFree:          124168 kB
Active:           352036 kB
Mem:          3.8G       3.7G       120M       5.7M        27M       3.2G

MemTotal:        4016004 kB
MemFree:          124044 kB
Active:           351996 kB
Mem:          3.8G       3.7G       120M       5.7M        27M       3.2G

MemTotal:        4016004 kB
MemFree:          123920 kB
Active:           352044 kB
Mem:          3.8G       3.7G       121M       5.7M        27M       3.2G

MemTotal:        4016004 kB
MemFree:          124044 kB
Active:           352036 kB
Mem:          3.8G       3.7G       121M       5.7M        27M       3.2G

MemTotal:        4016004 kB
MemFree:          123920 kB
Active:           352004 kB
Mem:          3.8G       3.7G       120M       5.7M        27M       3.2G

MemTotal:        4016004 kB
MemFree:          123920 kB
Active:           352000 kB
Mem:          3.8G       3.7G       121M       5.7M        27M       3.2G

MemTotal:        4016004 kB
MemFree:          124044 kB
Active:           352036 kB
Mem:          3.8G       3.7G       120M       5.7M        27M       3.2G

MemTotal:        4016004 kB
MemFree:          123920 kB
Active:           352056 kB
Mem:          3.8G       3.7G       121M       5.7M        27M       3.2G

MemTotal:        4016004 kB
MemFree:          123920 kB
Active:           352016 kB
Mem:          3.8G       3.7G       120M       5.7M        27M       3.2G

MemTotal:        4016004 kB
MemFree:          123920 kB
Active:           352064 kB
Mem:          3.8G       3.7G       121M       5.7M        27M       3.2G

MemTotal:        4016004 kB
MemFree:          124168 kB
Active:           352012 kB
Mem:          3.8G       3.7G       121M       5.7M        27M       3.2G

MemTotal:        4016004 kB
MemFree:          124292 kB
Active:           352020 kB
Mem:          3.8G       3.7G       121M       5.7M        27M       3.2G

MemTotal:        4016004 kB
MemFree:          124168 kB
Active:           352064 kB
Mem:          3.8G       3.7G       121M       5.7M        27M       3.2G

MemTotal:        4016004 kB
MemFree:          124168 kB
Active:           352024 kB
Mem:          3.8G       3.7G       121M       5.7M        27M       3.2G

MemTotal:        4016004 kB
MemFree:          124168 kB
Active:           352052 kB
Mem:          3.8G       3.7G       121M       5.7M        27M       3.2G

MemTotal:        4016004 kB
MemFree:          124044 kB
Active:           352040 kB
Mem:          3.8G       3.7G       121M       5.7M        27M       3.2G

MemTotal:        4016004 kB
MemFree:          124168 kB
Active:           352064 kB
Mem:          3.8G       3.7G       121M       5.7M        27M       3.2G

MemTotal:        4016004 kB
MemFree:          124292 kB
Active:           352044 kB
Mem:          3.8G       3.7G       121M       5.7M        27M       3.2G

MemTotal:        4016004 kB
MemFree:          124292 kB
Active:           352068 kB
Mem:          3.8G       3.7G       121M       5.7M        27M       3.2G

MemTotal:        4016004 kB
MemFree:          124168 kB
Active:           352040 kB
Mem:          3.8G       3.7G       121M       5.7M        27M       3.2G

MemTotal:        4016004 kB
MemFree:          124168 kB
Active:           352056 kB
Mem:          3.8G       3.7G       121M       5.7M        27M       3.2G

MemTotal:        4016004 kB
MemFree:          124168 kB
Active:           352068 kB
Mem:          3.8G       3.7G       121M       5.7M        27M       3.2G

MemTotal:        4016004 kB
MemFree:          124292 kB
Active:           352084 kB
Mem:          3.8G       3.7G       121M       5.7M        27M       3.2G

MemTotal:        4016004 kB
MemFree:          124168 kB
Active:           352052 kB
Mem:          3.8G       3.7G       121M       5.7M        27M       3.2G

MemTotal:        4016004 kB
MemFree:          123920 kB
Active:           352084 kB
Mem:          3.8G       3.7G       120M       5.7M        27M       3.2G

MemTotal:        4016004 kB
MemFree:          123920 kB
Active:           352060 kB
Mem:          3.8G       3.7G       120M       5.7M        27M       3.2G

MemTotal:        4016004 kB
MemFree:          123920 kB
Active:           352060 kB
Mem:          3.8G       3.7G       120M       5.7M        27M       3.2G

MemTotal:        4016004 kB
MemFree:          123548 kB
Active:           352052 kB
Mem:          3.8G       3.7G       120M       5.7M        27M       3.2G

MemTotal:        4016004 kB
MemFree:          123548 kB
Active:           352124 kB
Mem:          3.8G       3.7G       120M       5.7M        27M       3.2G

MemTotal:        4016004 kB
MemFree:          123424 kB
Active:           352120 kB
Mem:          3.8G       3.7G       120M       5.7M        27M       3.2G

MemTotal:        4016004 kB
MemFree:          123548 kB
Active:           352076 kB
Mem:          3.8G       3.7G       120M       5.7M        27M       3.2G

MemTotal:        4016004 kB
MemFree:          123532 kB
Active:           352164 kB
Mem:          3.8G       3.7G       120M       5.7M        27M       3.2G

MemTotal:        4016004 kB
MemFree:          123780 kB
Active:           352148 kB
Mem:          3.8G       3.7G       120M       5.7M        27M       3.2G

MemTotal:        4016004 kB
MemFree:          123904 kB
Active:           352128 kB
Mem:          3.8G       3.7G       120M       5.7M        27M       3.2G

MemTotal:        4016004 kB
MemFree:          123408 kB
Active:           352136 kB
Mem:          3.8G       3.7G       120M       5.7M        27M       3.2G

MemTotal:        4016004 kB
MemFree:          123408 kB
Active:           352148 kB
Mem:          3.8G       3.7G       120M       5.7M        27M       3.2G

MemTotal:        4016004 kB
MemFree:          123408 kB
Active:           352184 kB
Mem:          3.8G       3.7G       120M       5.7M        27M       3.2G

MemTotal:        4016004 kB
MemFree:          123408 kB
Active:           352184 kB
Mem:          3.8G       3.7G       120M       5.7M        27M       3.2G

MemTotal:        4016004 kB
MemFree:          123408 kB
Active:           352188 kB
Mem:          3.8G       3.7G       120M       5.7M        27M       3.2G

MemTotal:        4016004 kB
MemFree:          123408 kB
Active:           352176 kB
Mem:          3.8G       3.7G       120M       5.7M        27M       3.2G

MemTotal:        4016004 kB
MemFree:          123904 kB
Active:           352152 kB
Mem:          3.8G       3.7G       120M       5.7M        27M       3.2G

MemTotal:        4016004 kB
MemFree:          123904 kB
Active:           352144 kB
Mem:          3.8G       3.7G       120M       5.7M        27M       3.2G

MemTotal:        4016004 kB
MemFree:          124028 kB
Active:           352148 kB
Mem:          3.8G       3.7G       121M       5.7M        27M       3.2G

MemTotal:        4016004 kB
MemFree:          123904 kB
Active:           352168 kB
Mem:          3.8G       3.7G       121M       5.7M        28M       3.2G

MemTotal:        4016004 kB
MemFree:          123904 kB
Active:           352188 kB
Mem:          3.8G       3.7G       120M       5.7M        28M       3.2G

MemTotal:        4016004 kB
MemFree:          123780 kB
Active:           352164 kB
Mem:          3.8G       3.7G       120M       5.7M        28M       3.2G

MemTotal:        4016004 kB
MemFree:          123904 kB
Active:           352200 kB
Mem:          3.8G       3.7G       121M       5.7M        28M       3.2G

MemTotal:        4016004 kB
MemFree:          123796 kB
Active:           352160 kB
Mem:          3.8G       3.7G       120M       5.7M        28M       3.2G

MemTotal:        4016004 kB
MemFree:          123796 kB
Active:           352184 kB
Mem:          3.8G       3.7G       120M       5.7M        28M       3.2G

MemTotal:        4016004 kB
MemFree:          123796 kB
Active:           352188 kB
Mem:          3.8G       3.7G       120M       5.7M        28M       3.2G

MemTotal:        4016004 kB
MemFree:          123672 kB
Active:           352160 kB
Mem:          3.8G       3.7G       120M       5.7M        28M       3.2G

MemTotal:        4016004 kB
MemFree:          123920 kB
Active:           352164 kB
Mem:          3.8G       3.7G       121M       5.7M        28M       3.2G

MemTotal:        4016004 kB
MemFree:          124044 kB
Active:           352164 kB
Mem:          3.8G       3.7G       121M       5.7M        28M       3.2G

MemTotal:        4016004 kB
MemFree:          124044 kB
Active:           352192 kB
Mem:          3.8G       3.7G       121M       5.7M        28M       3.2G

MemTotal:        4016004 kB
MemFree:          123920 kB
Active:           352176 kB
Mem:          3.8G       3.7G       120M       5.7M        28M       3.2G

MemTotal:        4016004 kB
MemFree:          124044 kB
Active:           352212 kB
Mem:          3.8G       3.7G       121M       5.7M        28M       3.2G

MemTotal:        4016004 kB
MemFree:          123920 kB
Active:           352176 kB
Mem:          3.8G       3.7G       120M       5.7M        28M       3.2G

MemTotal:        4016004 kB
MemFree:          123920 kB
Active:           352188 kB
Mem:          3.8G       3.7G       121M       5.7M        28M       3.2G

MemTotal:        4016004 kB
MemFree:          123920 kB
Active:           352172 kB
Mem:          3.8G       3.7G       120M       5.7M        28M       3.2G

MemTotal:        4016004 kB
MemFree:          123920 kB
Active:           352196 kB
Mem:          3.8G       3.7G       120M       5.7M        28M       3.2G

MemTotal:        4016004 kB
MemFree:          123672 kB
Active:           352228 kB
Mem:          3.8G       3.7G       120M       5.7M        28M       3.2G

MemTotal:        4016004 kB
MemFree:          123672 kB
Active:           352208 kB
Mem:          3.8G       3.7G       120M       5.7M        28M       3.2G

MemTotal:        4016004 kB
MemFree:          123672 kB
Active:           352228 kB
Mem:          3.8G       3.7G       120M       5.7M        28M       3.2G

MemTotal:        4016004 kB
MemFree:          123548 kB
Active:           352180 kB
Mem:          3.8G       3.7G       120M       5.7M        28M       3.2G

MemTotal:        4016004 kB
MemFree:          123548 kB
Active:           352192 kB
Mem:          3.8G       3.7G       120M       5.7M        28M       3.2G

MemTotal:        4016004 kB
MemFree:          123796 kB
Active:           352228 kB
Mem:          3.8G       3.7G       120M       5.7M        28M       3.2G

MemTotal:        4016004 kB
MemFree:          123796 kB
Active:           352232 kB
Mem:          3.8G       3.7G       120M       5.7M        28M       3.2G

MemTotal:        4016004 kB
MemFree:          123920 kB
Active:           352180 kB
Mem:          3.8G       3.7G       121M       5.7M        28M       3.2G

MemTotal:        4016004 kB
MemFree:          123796 kB
Active:           352184 kB
Mem:          3.8G       3.7G       121M       5.7M        28M       3.2G

MemTotal:        4016004 kB
MemFree:          123796 kB
Active:           352200 kB
Mem:          3.8G       3.7G       120M       5.7M        28M       3.2G

MemTotal:        4016004 kB
MemFree:          123920 kB
Active:           352212 kB
Mem:          3.8G       3.7G       120M       5.7M        28M       3.2G

MemTotal:        4016004 kB
MemFree:          123796 kB
Active:           352244 kB
Mem:          3.8G       3.7G       120M       5.7M        28M       3.2G

MemTotal:        4016004 kB
MemFree:          123796 kB
Active:           352196 kB
Mem:          3.8G       3.7G       120M       5.7M        28M       3.2G

MemTotal:        4016004 kB
MemFree:          123796 kB
Active:           352228 kB
Mem:          3.8G       3.7G       120M       5.7M        28M       3.2G

MemTotal:        4016004 kB
MemFree:          123796 kB
Active:           352196 kB
Mem:          3.8G       3.7G       120M       5.7M        28M       3.2G

MemTotal:        4016004 kB
MemFree:          124044 kB
Active:           352224 kB
Mem:          3.8G       3.7G       121M       5.7M        28M       3.2G

MemTotal:        4016004 kB
MemFree:          123920 kB
Active:           352244 kB
Mem:          3.8G       3.7G       120M       5.7M        28M       3.2G

MemTotal:        4016004 kB
MemFree:          123796 kB
Active:           352220 kB
Mem:          3.8G       3.7G       120M       5.7M        28M       3.2G

MemTotal:        4016004 kB
MemFree:          123672 kB
Active:           352244 kB
Mem:          3.8G       3.7G       120M       5.7M        28M       3.2G

MemTotal:        4016004 kB
MemFree:          123920 kB
Active:           352248 kB
Mem:          3.8G       3.7G       120M       5.7M        28M       3.2G

MemTotal:        4016004 kB
MemFree:          123796 kB
Active:           352256 kB
Mem:          3.8G       3.7G       120M       5.7M        28M       3.2G

MemTotal:        4016004 kB
MemFree:          123796 kB
Active:           352208 kB
Mem:          3.8G       3.7G       120M       5.7M        28M       3.2G

MemTotal:        4016004 kB
MemFree:          123548 kB
Active:           352216 kB
Mem:          3.8G       3.7G       120M       5.7M        28M       3.2G

MemTotal:        4016004 kB
MemFree:          123548 kB
Active:           352264 kB
Mem:          3.8G       3.7G       120M       5.7M        28M       3.2G

MemTotal:        4016004 kB
MemFree:          123424 kB
Active:           352224 kB
Mem:          3.8G       3.7G       120M       5.7M        28M       3.2G

MemTotal:        4016004 kB
MemFree:          123672 kB
Active:           352248 kB
Mem:          3.8G       3.7G       120M       5.7M        28M       3.2G

MemTotal:        4016004 kB
MemFree:          123920 kB
Active:           352268 kB
Mem:          3.8G       3.7G       121M       5.7M        28M       3.2G

MemTotal:        4016004 kB
MemFree:          123920 kB
Active:           352272 kB
Mem:          3.8G       3.7G       121M       5.7M        28M       3.2G

MemTotal:        4016004 kB
MemFree:          123796 kB
Active:           352224 kB
Mem:          3.8G       3.7G       120M       5.7M        28M       3.2G

MemTotal:        4016004 kB
MemFree:          124044 kB
Active:           352244 kB
Mem:          3.8G       3.7G       121M       5.7M        28M       3.2G

MemTotal:        4016004 kB
MemFree:          123920 kB
Active:           352260 kB
Mem:          3.8G       3.7G       120M       5.7M        28M       3.2G

MemTotal:        4016004 kB
MemFree:          123796 kB
Active:           352276 kB
Mem:          3.8G       3.7G       120M       5.7M        28M       3.2G

MemTotal:        4016004 kB
MemFree:          123796 kB
Active:           352276 kB
Mem:          3.8G       3.7G       120M       5.7M        28M       3.2G

MemTotal:        4016004 kB
MemFree:          123796 kB
Active:           352276 kB
Mem:          3.8G       3.7G       120M       5.7M        28M       3.2G

MemTotal:        4016004 kB
MemFree:          123920 kB
Active:           352240 kB
Mem:          3.8G       3.7G       120M       5.7M        28M       3.2G

MemTotal:        4016004 kB
MemFree:          123796 kB
Active:           352272 kB
Mem:          3.8G       3.7G       120M       5.7M        28M       3.2G

MemTotal:        4016004 kB
MemFree:          123672 kB
Active:           352272 kB
Mem:          3.8G       3.7G       120M       5.7M        28M       3.2G

MemTotal:        4016004 kB
MemFree:          124044 kB
Active:           352276 kB
Mem:          3.8G       3.7G       120M       5.7M        28M       3.2G

MemTotal:        4016004 kB
MemFree:          123920 kB
Active:           352240 kB
Mem:          3.8G       3.7G       121M       5.7M        28M       3.2G

MemTotal:        4016004 kB
MemFree:          123672 kB
Active:           352260 kB
Mem:          3.8G       3.7G       120M       5.7M        28M       3.2G

MemTotal:        4016004 kB
MemFree:          123672 kB
Active:           352268 kB
Mem:          3.8G       3.7G       120M       5.7M        28M       3.2G

MemTotal:        4016004 kB
MemFree:          123672 kB
Active:           352248 kB
Mem:          3.8G       3.7G       120M       5.7M        28M       3.2G

MemTotal:        4016004 kB
MemFree:          123796 kB
Active:           352280 kB
Mem:          3.8G       3.7G       120M       5.7M        28M       3.2G

MemTotal:        4016004 kB
MemFree:          123672 kB
Active:           352264 kB
Mem:          3.8G       3.7G       120M       5.7M        28M       3.2G

MemTotal:        4016004 kB
MemFree:          123672 kB
Active:           352280 kB
Mem:          3.8G       3.7G       120M       5.7M        28M       3.2G

MemTotal:        4016004 kB
MemFree:          123672 kB
Active:           352264 kB
Mem:          3.8G       3.7G       120M       5.7M        28M       3.2G

MemTotal:        4016004 kB
MemFree:          123672 kB
Active:           352288 kB
Mem:          3.8G       3.7G       120M       5.7M        28M       3.2G

MemTotal:        4016004 kB
MemFree:          123672 kB
Active:           352292 kB
Mem:          3.8G       3.7G       120M       5.7M        28M       3.2G

MemTotal:        4016004 kB
MemFree:          123920 kB
Active:           352304 kB
Mem:          3.8G       3.7G       120M       5.7M        28M       3.2G

MemTotal:        4016004 kB
MemFree:          123796 kB
Active:           352280 kB
Mem:          3.8G       3.7G       120M       5.7M        28M       3.2G

MemTotal:        4016004 kB
MemFree:          123920 kB
Active:           352296 kB
Mem:          3.8G       3.7G       120M       5.7M        28M       3.2G

MemTotal:        4016004 kB
MemFree:          123796 kB
Active:           352272 kB
Mem:          3.8G       3.7G       120M       5.7M        28M       3.2G

MemTotal:        4016004 kB
MemFree:          123796 kB
Active:           352316 kB
Mem:          3.8G       3.7G       120M       5.7M        28M       3.2G

MemTotal:        4016004 kB
MemFree:          123672 kB
Active:           352284 kB
Mem:          3.8G       3.7G       120M       5.7M        28M       3.2G

MemTotal:        4016004 kB
MemFree:          123796 kB
Active:           352320 kB
Mem:          3.8G       3.7G       120M       5.7M        28M       3.2G

MemTotal:        4016004 kB
MemFree:          123796 kB
Active:           352272 kB
Mem:          3.8G       3.7G       120M       5.7M        28M       3.2G

MemTotal:        4016004 kB
MemFree:          123796 kB
Active:           352284 kB
Mem:          3.8G       3.7G       120M       5.7M        28M       3.2G

MemTotal:        4016004 kB
MemFree:          123672 kB
Active:           352304 kB
Mem:          3.8G       3.7G       120M       5.7M        28M       3.2G

MemTotal:        4016004 kB
MemFree:          123796 kB
Active:           352328 kB
Mem:          3.8G       3.7G       120M       5.7M        28M       3.2G

MemTotal:        4016004 kB
MemFree:          123704 kB
Active:           352296 kB
Mem:          3.8G       3.7G       120M       5.7M        28M       3.2G

MemTotal:        4016004 kB
MemFree:          123828 kB
Active:           352308 kB
Mem:          3.8G       3.7G       120M       5.7M        28M       3.2G

MemTotal:        4016004 kB
MemFree:          123828 kB
Active:           352284 kB
Mem:          3.8G       3.7G       120M       5.7M        28M       3.2G

MemTotal:        4016004 kB
MemFree:          123704 kB
Active:           352284 kB
Mem:          3.8G       3.7G       120M       5.7M        28M       3.2G

MemTotal:        4016004 kB
MemFree:          123828 kB
Active:           352304 kB
Mem:          3.8G       3.7G       120M       5.7M        28M       3.2G

MemTotal:        4016004 kB
MemFree:          123828 kB
Active:           352316 kB
Mem:          3.8G       3.7G       120M       5.7M        28M       3.2G

MemTotal:        4016004 kB
MemFree:          123704 kB
Active:           352324 kB
Mem:          3.8G       3.7G       120M       5.7M        28M       3.2G

MemTotal:        4016004 kB
MemFree:          123828 kB
Active:           352280 kB
Mem:          3.8G       3.7G       120M       5.7M        28M       3.2G

MemTotal:        4016004 kB
MemFree:          123704 kB
Active:           352312 kB
Mem:          3.8G       3.7G       120M       5.7M        28M       3.2G

MemTotal:        4016004 kB
MemFree:          123704 kB
Active:           352324 kB
Mem:          3.8G       3.7G       120M       5.7M        28M       3.2G

MemTotal:        4016004 kB
MemFree:          123828 kB
Active:           352288 kB
Mem:          3.8G       3.7G       120M       5.7M        28M       3.2G

MemTotal:        4016004 kB
MemFree:          123704 kB
Active:           352308 kB
Mem:          3.8G       3.7G       120M       5.7M        28M       3.2G

MemTotal:        4016004 kB
MemFree:          123580 kB
Active:           352316 kB
Mem:          3.8G       3.7G       120M       5.7M        28M       3.2G

MemTotal:        4016004 kB
MemFree:          123456 kB
Active:           352296 kB
Mem:          3.8G       3.7G       120M       5.7M        28M       3.2G

MemTotal:        4016004 kB
MemFree:          123580 kB
Active:           352328 kB
Mem:          3.8G       3.7G       120M       5.7M        28M       3.2G

MemTotal:        4016004 kB
MemFree:          123580 kB
Active:           352344 kB
Mem:          3.8G       3.7G       120M       5.7M        28M       3.2G

MemTotal:        4016004 kB
MemFree:          123580 kB
Active:           352316 kB
Mem:          3.8G       3.7G       120M       5.7M        28M       3.2G

MemTotal:        4016004 kB
MemFree:          123456 kB
Active:           352340 kB
Mem:          3.8G       3.7G       120M       5.7M        28M       3.2G

MemTotal:        4016004 kB
MemFree:          123580 kB
Active:           352340 kB
Mem:          3.8G       3.7G       120M       5.7M        28M       3.2G

MemTotal:        4016004 kB
MemFree:          123704 kB
Active:           352320 kB
Mem:          3.8G       3.7G       120M       5.7M        28M       3.2G

MemTotal:        4016004 kB
MemFree:          123580 kB
Active:           352344 kB
Mem:          3.8G       3.7G       120M       5.7M        28M       3.2G

MemTotal:        4016004 kB
MemFree:          123828 kB
Active:           352368 kB
Mem:          3.8G       3.7G       120M       5.7M        28M       3.2G

MemTotal:        4016004 kB
MemFree:          123704 kB
Active:           352368 kB
Mem:          3.8G       3.7G       120M       5.7M        28M       3.2G

MemTotal:        4016004 kB
MemFree:          123704 kB
Active:           352364 kB
Mem:          3.8G       3.7G       120M       5.7M        28M       3.2G

MemTotal:        4016004 kB
MemFree:          123704 kB
Active:           352344 kB
Mem:          3.8G       3.7G       120M       5.7M        28M       3.2G

MemTotal:        4016004 kB
MemFree:          123704 kB
Active:           352324 kB
Mem:          3.8G       3.7G       120M       5.7M        28M       3.2G

MemTotal:        4016004 kB
MemFree:          123332 kB
Active:           352320 kB
Mem:          3.8G       3.7G       120M       5.7M        28M       3.2G

MemTotal:        4016004 kB
MemFree:          123332 kB
Active:           352356 kB
Mem:          3.8G       3.7G       120M       5.7M        28M       3.2G

MemTotal:        4016004 kB
MemFree:          123332 kB
Active:           352336 kB
Mem:          3.8G       3.7G       120M       5.7M        28M       3.2G

MemTotal:        4016004 kB
MemFree:          123456 kB
Active:           352352 kB
Mem:          3.8G       3.7G       120M       5.7M        28M       3.2G

MemTotal:        4016004 kB
MemFree:          123084 kB
Active:           352380 kB
Mem:          3.8G       3.7G       120M       5.7M        28M       3.2G

MemTotal:        4016004 kB
MemFree:          123636 kB
Active:           352152 kB
Mem:          3.8G       3.7G       120M       5.7M        28M       3.2G

MemTotal:        4016004 kB
MemFree:          123264 kB
Active:           352168 kB
Mem:          3.8G       3.7G       120M       5.7M        28M       3.2G

MemTotal:        4016004 kB
MemFree:          123140 kB
Active:           352128 kB
Mem:          3.8G       3.7G       120M       5.7M        28M       3.2G

MemTotal:        4016004 kB
MemFree:          122768 kB
Active:           352152 kB
Mem:          3.8G       3.7G       119M       5.7M        28M       3.2G

MemTotal:        4016004 kB
MemFree:          122272 kB
Active:           352184 kB
Mem:          3.8G       3.7G       119M       5.7M        28M       3.2G

MemTotal:        4016004 kB
MemFree:          122148 kB
Active:           352164 kB
Mem:          3.8G       3.7G       119M       5.7M        28M       3.2G

MemTotal:        4016004 kB
MemFree:          122024 kB
Active:           352180 kB
Mem:          3.8G       3.7G       119M       5.7M        28M       3.2G

MemTotal:        4016004 kB
MemFree:          122148 kB
Active:           352152 kB
Mem:          3.8G       3.7G       118M       5.7M        28M       3.2G

MemTotal:        4016004 kB
MemFree:          121900 kB
Active:           352184 kB
Mem:          3.8G       3.7G       119M       5.7M        28M       3.2G

MemTotal:        4016004 kB
MemFree:          121776 kB
Active:           352156 kB
Mem:          3.8G       3.7G       118M       5.7M        28M       3.2G

MemTotal:        4016004 kB
MemFree:          121996 kB
Active:           352180 kB
Mem:          3.8G       3.7G       119M       5.7M        28M       3.2G

MemTotal:        4016004 kB
MemFree:          122120 kB
Active:           352148 kB
Mem:          3.8G       3.7G       119M       5.7M        28M       3.2G

MemTotal:        4016004 kB
MemFree:          122368 kB
Active:           352176 kB
Mem:          3.8G       3.7G       119M       5.7M        28M       3.2G

MemTotal:        4016004 kB
MemFree:          122492 kB
Active:           352200 kB
Mem:          3.8G       3.7G       119M       5.7M        28M       3.2G

MemTotal:        4016004 kB
MemFree:          122492 kB
Active:           352160 kB
Mem:          3.8G       3.7G       119M       5.7M        28M       3.2G

MemTotal:        4016004 kB
MemFree:          121996 kB
Active:           352208 kB
Mem:          3.8G       3.7G       119M       5.7M        28M       3.2G

MemTotal:        4016004 kB
MemFree:          122492 kB
Active:           352188 kB
Mem:          3.8G       3.7G       119M       5.7M        28M       3.2G

MemTotal:        4016004 kB
MemFree:          122492 kB
Active:           352212 kB
Mem:          3.8G       3.7G       119M       5.7M        28M       3.2G

MemTotal:        4016004 kB
MemFree:          122368 kB
Active:           352208 kB
Mem:          3.8G       3.7G       119M       5.7M        28M       3.2G

MemTotal:        4016004 kB
MemFree:          121996 kB
Active:           352216 kB
Mem:          3.8G       3.7G       119M       5.7M        28M       3.2G

MemTotal:        4016004 kB
MemFree:          122368 kB
Active:           352184 kB
Mem:          3.8G       3.7G       119M       5.7M        28M       3.2G

MemTotal:        4016004 kB
MemFree:          122740 kB
Active:           352168 kB
Mem:          3.8G       3.7G       119M       5.7M        28M       3.2G

MemTotal:        4016004 kB
MemFree:          122244 kB
Active:           352176 kB
Mem:          3.8G       3.7G       119M       5.7M        28M       3.2G

MemTotal:        4016004 kB
MemFree:          122244 kB
Active:           352196 kB
Mem:          3.8G       3.7G       119M       5.7M        28M       3.2G

MemTotal:        4016004 kB
MemFree:          122368 kB
Active:           352180 kB
Mem:          3.8G       3.7G       119M       5.7M        28M       3.2G

MemTotal:        4016004 kB
MemFree:          121872 kB
Active:           352232 kB
Mem:          3.8G       3.7G       119M       5.7M        28M       3.2G

MemTotal:        4016004 kB
MemFree:          121872 kB
Active:           352236 kB
Mem:          3.8G       3.7G       119M       5.7M        28M       3.2G

MemTotal:        4016004 kB
MemFree:          122244 kB
Active:           352228 kB
Mem:          3.8G       3.7G       119M       5.7M        28M       3.2G

MemTotal:        4016004 kB
MemFree:          122244 kB
Active:           352196 kB
Mem:          3.8G       3.7G       119M       5.7M        28M       3.2G

MemTotal:        4016004 kB
MemFree:          122492 kB
Active:           352240 kB
Mem:          3.8G       3.7G       119M       5.7M        28M       3.2G

MemTotal:        4016004 kB
MemFree:          122864 kB
Active:           352212 kB
Mem:          3.8G       3.7G       119M       5.7M        28M       3.2G

MemTotal:        4016004 kB
MemFree:          122740 kB
Active:           352236 kB
