MemTotal:        4016004 kB
MemFree:         3228864 kB
Active:           432372 kB
Mem:          3.8G       769M       3.1G       5.7M        52M       321M

MemTotal:        4016004 kB
MemFree:         3228244 kB
Active:           432796 kB
Mem:          3.8G       769M       3.1G       5.7M        52M       321M

MemTotal:        4016004 kB
MemFree:         3228228 kB
Active:           432876 kB
Mem:          3.8G       769M       3.1G       5.7M        52M       321M

MemTotal:        4016004 kB
MemFree:         3226180 kB
Active:           432816 kB
Mem:          3.8G       771M       3.1G       5.7M        52M       321M

MemTotal:        4016004 kB
MemFree:         3226164 kB
Active:           434868 kB
Mem:          3.8G       771M       3.1G       5.7M        52M       321M

MemTotal:        4016004 kB
MemFree:         3226148 kB
Active:           434872 kB
Mem:          3.8G       771M       3.1G       5.7M        52M       321M

MemTotal:        4016004 kB
MemFree:         3225636 kB
Active:           434908 kB
Mem:          3.8G       771M       3.1G       5.7M        52M       321M

MemTotal:        4016004 kB
MemFree:         3225636 kB
Active:           434908 kB
Mem:          3.8G       771M       3.1G       5.7M        52M       321M

MemTotal:        4016004 kB
MemFree:         3225744 kB
Active:           434884 kB
Mem:          3.8G       771M       3.1G       5.7M        52M       321M

MemTotal:        4016004 kB
MemFree:         3225620 kB
Active:           434888 kB
Mem:          3.8G       771M       3.1G       5.7M        52M       321M

MemTotal:        4016004 kB
MemFree:         3226224 kB
Active:           434880 kB
Mem:          3.8G       771M       3.1G       5.7M        52M       321M

MemTotal:        4016004 kB
MemFree:         3225728 kB
Active:           434908 kB
Mem:          3.8G       771M       3.1G       5.7M        52M       321M

MemTotal:        4016004 kB
MemFree:         3224052 kB
Active:           434868 kB
Mem:          3.8G       773M       3.1G       5.7M        52M       321M

MemTotal:        4016004 kB
MemFree:         3223960 kB
Active:           436920 kB
Mem:          3.8G       773M       3.1G       5.7M        52M       321M

MemTotal:        4016004 kB
MemFree:         3224084 kB
Active:           436908 kB
Mem:          3.8G       773M       3.1G       5.7M        52M       321M

MemTotal:        4016004 kB
MemFree:         3224332 kB
Active:           436924 kB
Mem:          3.8G       773M       3.1G       5.7M        52M       321M

MemTotal:        4016004 kB
MemFree:         3224208 kB
Active:           436928 kB
Mem:          3.8G       773M       3.1G       5.7M        52M       321M

MemTotal:        4016004 kB
MemFree:         3224208 kB
Active:           436924 kB
Mem:          3.8G       773M       3.1G       5.7M        52M       321M

MemTotal:        4016004 kB
MemFree:         3224084 kB
Active:           436892 kB
Mem:          3.8G       773M       3.1G       5.7M        52M       321M

MemTotal:        4016004 kB
MemFree:         3224380 kB
Active:           436900 kB
Mem:          3.8G       773M       3.1G       5.7M        52M       321M

MemTotal:        4016004 kB
MemFree:         3224256 kB
Active:           436904 kB
Mem:          3.8G       773M       3.1G       5.7M        52M       321M

MemTotal:        4016004 kB
MemFree:         3224256 kB
Active:           436920 kB
Mem:          3.8G       773M       3.1G       5.7M        52M       321M

MemTotal:        4016004 kB
MemFree:         3224008 kB
Active:           436920 kB
Mem:          3.8G       773M       3.1G       5.7M        52M       321M

MemTotal:        4016004 kB
MemFree:         3224380 kB
Active:           436912 kB
Mem:          3.8G       773M       3.1G       5.7M        52M       321M

MemTotal:        4016004 kB
MemFree:         3224380 kB
Active:           436928 kB
Mem:          3.8G       773M       3.1G       5.7M        52M       321M

MemTotal:        4016004 kB
MemFree:         3224380 kB
Active:           436936 kB
Mem:          3.8G       773M       3.1G       5.7M        52M       321M

MemTotal:        4016004 kB
MemFree:         3224208 kB
Active:           436892 kB
Mem:          3.8G       773M       3.1G       5.7M        52M       321M

MemTotal:        4016004 kB
MemFree:         3223868 kB
Active:           436948 kB
Mem:          3.8G       773M       3.1G       5.7M        52M       321M

MemTotal:        4016004 kB
MemFree:         3223992 kB
Active:           436904 kB
Mem:          3.8G       773M       3.1G       5.7M        52M       321M

MemTotal:        4016004 kB
MemFree:         3223868 kB
Active:           436956 kB
Mem:          3.8G       773M       3.1G       5.7M        52M       321M

MemTotal:        4016004 kB
MemFree:         3224024 kB
Active:           436956 kB
Mem:          3.8G       773M       3.1G       5.7M        52M       321M

MemTotal:        4016004 kB
MemFree:         3223900 kB
Active:           436956 kB
Mem:          3.8G       773M       3.1G       5.7M        52M       321M

MemTotal:        4016004 kB
MemFree:         3223900 kB
Active:           436956 kB
Mem:          3.8G       773M       3.1G       5.7M        52M       321M

MemTotal:        4016004 kB
MemFree:         3224024 kB
Active:           436944 kB
Mem:          3.8G       773M       3.1G       5.7M        52M       321M

MemTotal:        4016004 kB
MemFree:         3224380 kB
Active:           436944 kB
Mem:          3.8G       773M       3.1G       5.7M        52M       321M

MemTotal:        4016004 kB
MemFree:         3224380 kB
Active:           436940 kB
Mem:          3.8G       773M       3.1G       5.7M        52M       321M

MemTotal:        4016004 kB
MemFree:         3224272 kB
Active:           436964 kB
Mem:          3.8G       773M       3.1G       5.7M        52M       321M

MemTotal:        4016004 kB
MemFree:         3224396 kB
Active:           436908 kB
Mem:          3.8G       773M       3.1G       5.7M        52M       321M

MemTotal:        4016004 kB
MemFree:         3223900 kB
Active:           436964 kB
Mem:          3.8G       773M       3.1G       5.7M        52M       321M

MemTotal:        4016004 kB
MemFree:         3224148 kB
Active:           436944 kB
Mem:          3.8G       773M       3.1G       5.7M        52M       321M

MemTotal:        4016004 kB
MemFree:         3224396 kB
Active:           436944 kB
Mem:          3.8G       773M       3.1G       5.7M        52M       321M

MemTotal:        4016004 kB
MemFree:         3223776 kB
Active:           436972 kB
Mem:          3.8G       773M       3.1G       5.7M        52M       321M

MemTotal:        4016004 kB
MemFree:         3223528 kB
Active:           436944 kB
Mem:          3.8G       773M       3.1G       5.7M        52M       322M

MemTotal:        4016004 kB
MemFree:         3223388 kB
Active:           436920 kB
Mem:          3.8G       774M       3.1G       5.7M        52M       322M

MemTotal:        4016004 kB
MemFree:         3223512 kB
Active:           436960 kB
Mem:          3.8G       773M       3.1G       5.7M        52M       322M

MemTotal:        4016004 kB
MemFree:         3223248 kB
Active:           436976 kB
Mem:          3.8G       774M       3.1G       5.7M        52M       322M

MemTotal:        4016004 kB
MemFree:         3223356 kB
Active:           436948 kB
Mem:          3.8G       774M       3.1G       5.7M        52M       322M

MemTotal:        4016004 kB
MemFree:         3223836 kB
Active:           436976 kB
Mem:          3.8G       773M       3.1G       5.7M        52M       322M

MemTotal:        4016004 kB
MemFree:         3224084 kB
Active:           436972 kB
Mem:          3.8G       773M       3.1G       5.7M        52M       322M

MemTotal:        4016004 kB
MemFree:         3224068 kB
Active:           436956 kB
Mem:          3.8G       773M       3.1G       5.7M        52M       322M

MemTotal:        4016004 kB
MemFree:         3223960 kB
Active:           436984 kB
Mem:          3.8G       773M       3.1G       5.7M        52M       322M

MemTotal:        4016004 kB
MemFree:         3224084 kB
Active:           436988 kB
Mem:          3.8G       773M       3.1G       5.7M        52M       322M

MemTotal:        4016004 kB
MemFree:         3224084 kB
Active:           436968 kB
Mem:          3.8G       773M       3.1G       5.7M        52M       322M

MemTotal:        4016004 kB
MemFree:         3224084 kB
Active:           437004 kB
Mem:          3.8G       773M       3.1G       5.7M        52M       322M

MemTotal:        4016004 kB
MemFree:         3224084 kB
Active:           437004 kB
Mem:          3.8G       773M       3.1G       5.7M        52M       322M

MemTotal:        4016004 kB
MemFree:         3224084 kB
Active:           436996 kB
Mem:          3.8G       773M       3.1G       5.7M        52M       322M

MemTotal:        4016004 kB
MemFree:         3224272 kB
Active:           436980 kB
Mem:          3.8G       773M       3.1G       5.7M        52M       322M

MemTotal:        4016004 kB
MemFree:         3224272 kB
Active:           436984 kB
Mem:          3.8G       773M       3.1G       5.7M        52M       322M

MemTotal:        4016004 kB
MemFree:         3224132 kB
Active:           436988 kB
Mem:          3.8G       773M       3.1G       5.7M        52M       322M

MemTotal:        4016004 kB
MemFree:         3224256 kB
Active:           436976 kB
Mem:          3.8G       773M       3.1G       5.7M        52M       322M

MemTotal:        4016004 kB
MemFree:         3224132 kB
Active:           436988 kB
Mem:          3.8G       773M       3.1G       5.7M        52M       322M

MemTotal:        4016004 kB
MemFree:         3223852 kB
Active:           437028 kB
Mem:          3.8G       773M       3.1G       5.7M        52M       322M

MemTotal:        4016004 kB
MemFree:         3223620 kB
Active:           437024 kB
Mem:          3.8G       773M       3.1G       5.7M        52M       322M

MemTotal:        4016004 kB
MemFree:         3223496 kB
Active:           437004 kB
Mem:          3.8G       774M       3.1G       5.7M        52M       322M

MemTotal:        4016004 kB
MemFree:         3223496 kB
Active:           436996 kB
Mem:          3.8G       774M       3.1G       5.7M        52M       322M

MemTotal:        4016004 kB
MemFree:         3223496 kB
Active:           437028 kB
Mem:          3.8G       773M       3.1G       5.7M        52M       322M

MemTotal:        4016004 kB
MemFree:         3223992 kB
Active:           437020 kB
Mem:          3.8G       773M       3.1G       5.7M        52M       322M

MemTotal:        4016004 kB
MemFree:         3223496 kB
Active:           437036 kB
Mem:          3.8G       773M       3.1G       5.7M        52M       322M

MemTotal:        4016004 kB
MemFree:         3223868 kB
Active:           437032 kB
Mem:          3.8G       773M       3.1G       5.7M        52M       322M

MemTotal:        4016004 kB
MemFree:         3223868 kB
Active:           437020 kB
Mem:          3.8G       773M       3.1G       5.7M        52M       322M

MemTotal:        4016004 kB
MemFree:         3223372 kB
Active:           437040 kB
Mem:          3.8G       773M       3.1G       5.7M        52M       322M

MemTotal:        4016004 kB
MemFree:         3223612 kB
Active:           437040 kB
Mem:          3.8G       773M       3.1G       5.7M        52M       322M

MemTotal:        4016004 kB
MemFree:         3223404 kB
Active:           434992 kB
Mem:          3.8G       773M       3.1G       5.7M        52M       322M

MemTotal:        4016004 kB
MemFree:         3223636 kB
Active:           436992 kB
Mem:          3.8G       774M       3.1G       5.7M        52M       322M

MemTotal:        4016004 kB
MemFree:         3223868 kB
Active:           437028 kB
Mem:          3.8G       773M       3.1G       5.7M        52M       322M

MemTotal:        4016004 kB
MemFree:         3223868 kB
Active:           436992 kB
Mem:          3.8G       773M       3.1G       5.7M        52M       322M

MemTotal:        4016004 kB
MemFree:         3223620 kB
Active:           437048 kB
Mem:          3.8G       773M       3.1G       5.7M        52M       322M

MemTotal:        4016004 kB
MemFree:         3224224 kB
Active:           437004 kB
Mem:          3.8G       773M       3.1G       5.7M        52M       322M

MemTotal:        4016004 kB
MemFree:         3224348 kB
Active:           436992 kB
Mem:          3.8G       773M       3.1G       5.7M        52M       322M

MemTotal:        4016004 kB
MemFree:         3223836 kB
Active:           437044 kB
Mem:          3.8G       773M       3.1G       5.7M        52M       322M

MemTotal:        4016004 kB
MemFree:         3223588 kB
Active:           437008 kB
Mem:          3.8G       773M       3.1G       5.7M        52M       322M

MemTotal:        4016004 kB
MemFree:         3222984 kB
Active:           435140 kB
Mem:          3.8G       774M       3.1G       5.7M        52M       322M

MemTotal:        4016004 kB
MemFree:         3223740 kB
Active:           437032 kB
Mem:          3.8G       773M       3.1G       5.7M        52M       322M

MemTotal:        4016004 kB
MemFree:         3223476 kB
Active:           437040 kB
Mem:          3.8G       773M       3.1G       5.7M        52M       322M

MemTotal:        4016004 kB
MemFree:         3223088 kB
Active:           437064 kB
Mem:          3.8G       774M       3.1G       5.7M        52M       322M

MemTotal:        4016004 kB
MemFree:         3223336 kB
Active:           437020 kB
Mem:          3.8G       774M       3.1G       5.7M        52M       322M

MemTotal:        4016004 kB
MemFree:         3223444 kB
Active:           437012 kB
Mem:          3.8G       774M       3.1G       5.7M        52M       322M

MemTotal:        4016004 kB
MemFree:         3223676 kB
Active:           437016 kB
Mem:          3.8G       773M       3.1G       5.7M        52M       322M

MemTotal:        4016004 kB
MemFree:         3223740 kB
Active:           437056 kB
Mem:          3.8G       773M       3.1G       5.7M        52M       322M

MemTotal:        4016004 kB
MemFree:         3223864 kB
Active:           437060 kB
Mem:          3.8G       773M       3.1G       5.7M        52M       322M

MemTotal:        4016004 kB
MemFree:         3223864 kB
Active:           437052 kB
Mem:          3.8G       773M       3.1G       5.7M        52M       322M

MemTotal:        4016004 kB
MemFree:         3223740 kB
Active:           437044 kB
Mem:          3.8G       773M       3.1G       5.7M        52M       322M

MemTotal:        4016004 kB
MemFree:         3223616 kB
Active:           437040 kB
Mem:          3.8G       773M       3.1G       5.7M        52M       322M

MemTotal:        4016004 kB
MemFree:         3223600 kB
Active:           437032 kB
Mem:          3.8G       773M       3.1G       5.7M        52M       322M

MemTotal:        4016004 kB
MemFree:         3223444 kB
Active:           437068 kB
Mem:          3.8G       773M       3.1G       5.7M        52M       322M

MemTotal:        4016004 kB
MemFree:         3224112 kB
Active:           437076 kB
Mem:          3.8G       773M       3.1G       5.7M        52M       322M

MemTotal:        4016004 kB
MemFree:         3224112 kB
Active:           437076 kB
Mem:          3.8G       773M       3.1G       5.7M        52M       322M

MemTotal:        4016004 kB
MemFree:         3214252 kB
Active:           445056 kB
Mem:          3.8G       782M       3.1G       5.7M        59M       322M

MemTotal:        4016004 kB
MemFree:         3214252 kB
Active:           445060 kB
Mem:          3.8G       782M       3.1G       5.7M        59M       322M

MemTotal:        4016004 kB
MemFree:         3215092 kB
Active:           445032 kB
Mem:          3.8G       782M       3.1G       5.7M        59M       322M

MemTotal:        4016004 kB
MemFree:         3215216 kB
Active:           445020 kB
Mem:          3.8G       782M       3.1G       5.7M        59M       322M

MemTotal:        4016004 kB
MemFree:         3213416 kB
Active:           443140 kB
Mem:          3.8G       783M       3.1G       5.7M        59M       322M

MemTotal:        4016004 kB
MemFree:         3213028 kB
Active:           445196 kB
Mem:          3.8G       783M       3.1G       5.7M        59M       322M

MemTotal:        4016004 kB
MemFree:         3213896 kB
Active:           445176 kB
Mem:          3.8G       783M       3.1G       5.7M        59M       322M

MemTotal:        4016004 kB
MemFree:         3214020 kB
Active:           445160 kB
Mem:          3.8G       783M       3.1G       5.7M        59M       322M

MemTotal:        4016004 kB
MemFree:         3214020 kB
Active:           445144 kB
Mem:          3.8G       783M       3.1G       5.7M        59M       322M

MemTotal:        4016004 kB
MemFree:         3214020 kB
Active:           445176 kB
Mem:          3.8G       783M       3.1G       5.7M        59M       322M

MemTotal:        4016004 kB
MemFree:         3214020 kB
Active:           445156 kB
Mem:          3.8G       783M       3.1G       5.7M        59M       322M

MemTotal:        4016004 kB
MemFree:         3214144 kB
Active:           445144 kB
Mem:          3.8G       783M       3.1G       5.7M        59M       322M

MemTotal:        4016004 kB
MemFree:         3214268 kB
Active:           445180 kB
Mem:          3.8G       782M       3.1G       5.7M        59M       322M

MemTotal:        4016004 kB
MemFree:         3213928 kB
Active:           445212 kB
Mem:          3.8G       783M       3.1G       5.7M        59M       322M

MemTotal:        4016004 kB
MemFree:         3213120 kB
Active:           443224 kB
Mem:          3.8G       783M       3.1G       5.7M        59M       322M

MemTotal:        4016004 kB
MemFree:         3213740 kB
Active:           445236 kB
Mem:          3.8G       783M       3.1G       5.7M        59M       322M

MemTotal:        4016004 kB
MemFree:         3213740 kB
Active:           445268 kB
Mem:          3.8G       783M       3.1G       5.7M        59M       322M

MemTotal:        4016004 kB
MemFree:         3213244 kB
Active:           445276 kB
Mem:          3.8G       783M       3.1G       5.7M        59M       322M

MemTotal:        4016004 kB
MemFree:         3213988 kB
Active:           445268 kB
Mem:          3.8G       782M       3.1G       5.7M        59M       322M

MemTotal:        4016004 kB
MemFree:         3214360 kB
Active:           445240 kB
Mem:          3.8G       782M       3.1G       5.7M        59M       322M

MemTotal:        4016004 kB
MemFree:         3214360 kB
Active:           445240 kB
Mem:          3.8G       782M       3.1G       5.7M        59M       322M

MemTotal:        4016004 kB
MemFree:         3214252 kB
Active:           445240 kB
Mem:          3.8G       783M       3.1G       5.7M        59M       322M

MemTotal:        4016004 kB
MemFree:         3214128 kB
Active:           445284 kB
Mem:          3.8G       783M       3.1G       5.7M        59M       322M

MemTotal:        4016004 kB
MemFree:         3214112 kB
Active:           445296 kB
Mem:          3.8G       783M       3.1G       5.7M        59M       322M

MemTotal:        4016004 kB
MemFree:         3214220 kB
Active:           445296 kB
Mem:          3.8G       782M       3.1G       5.7M        59M       322M

MemTotal:        4016004 kB
MemFree:         3214204 kB
Active:           445292 kB
Mem:          3.8G       783M       3.1G       5.7M        59M       322M

MemTotal:        4016004 kB
MemFree:         3214560 kB
Active:           445292 kB
Mem:          3.8G       783M       3.1G       5.7M        59M       322M

MemTotal:        4016004 kB
MemFree:         3214560 kB
Active:           445256 kB
Mem:          3.8G       782M       3.1G       5.7M        59M       322M

MemTotal:        4016004 kB
MemFree:         3214684 kB
Active:           445292 kB
Mem:          3.8G       782M       3.1G       5.7M        59M       322M

MemTotal:        4016004 kB
MemFree:         3214436 kB
Active:           445276 kB
Mem:          3.8G       782M       3.1G       5.7M        59M       322M

MemTotal:        4016004 kB
MemFree:         3214048 kB
Active:           445308 kB
Mem:          3.8G       782M       3.1G       5.7M        59M       322M

MemTotal:        4016004 kB
MemFree:         3214296 kB
Active:           445268 kB
Mem:          3.8G       782M       3.1G       5.7M        59M       322M

MemTotal:        4016004 kB
MemFree:         3214156 kB
Active:           445264 kB
Mem:          3.8G       783M       3.1G       5.7M        59M       322M

MemTotal:        4016004 kB
MemFree:         3213792 kB
Active:           445308 kB
Mem:          3.8G       783M       3.1G       5.7M        59M       322M

MemTotal:        4016004 kB
MemFree:         3214100 kB
Active:           443272 kB
Mem:          3.8G       783M       3.1G       5.7M        59M       322M

MemTotal:        4016004 kB
MemFree:         3214084 kB
Active:           445264 kB
Mem:          3.8G       783M       3.1G       5.7M        59M       322M

MemTotal:        4016004 kB
MemFree:         3214564 kB
Active:           445308 kB
Mem:          3.8G       782M       3.1G       5.7M        59M       322M

MemTotal:        4016004 kB
MemFree:         3214192 kB
Active:           445320 kB
Mem:          3.8G       782M       3.1G       5.7M        59M       322M

MemTotal:        4016004 kB
MemFree:         3214564 kB
Active:           445280 kB
Mem:          3.8G       782M       3.1G       5.7M        59M       322M

MemTotal:        4016004 kB
MemFree:         3214688 kB
Active:           445312 kB
Mem:          3.8G       782M       3.1G       5.7M        59M       322M

MemTotal:        4016004 kB
MemFree:         3214564 kB
Active:           445312 kB
Mem:          3.8G       782M       3.1G       5.7M        59M       322M

MemTotal:        4016004 kB
MemFree:         3214796 kB
Active:           445308 kB
Mem:          3.8G       782M       3.1G       5.7M        59M       322M

MemTotal:        4016004 kB
MemFree:         3214192 kB
Active:           445312 kB
Mem:          3.8G       783M       3.1G       5.7M        59M       322M

MemTotal:        4016004 kB
MemFree:         3214192 kB
Active:           445304 kB
Mem:          3.8G       782M       3.1G       5.7M        59M       322M

MemTotal:        4016004 kB
MemFree:         3213196 kB
Active:           443296 kB
Mem:          3.8G       783M       3.1G       5.7M        59M       322M

MemTotal:        4016004 kB
MemFree:         3213940 kB
Active:           445324 kB
Mem:          3.8G       783M       3.1G       5.7M        59M       322M

MemTotal:        4016004 kB
MemFree:         3213940 kB
Active:           445304 kB
Mem:          3.8G       783M       3.1G       5.7M        59M       322M

MemTotal:        4016004 kB
MemFree:         3213692 kB
Active:           445324 kB
Mem:          3.8G       783M       3.1G       5.7M        59M       322M

MemTotal:        4016004 kB
MemFree:         3213196 kB
Active:           445348 kB
Mem:          3.8G       783M       3.1G       5.7M        59M       322M

MemTotal:        4016004 kB
MemFree:         3214008 kB
Active:           445336 kB
Mem:          3.8G       782M       3.1G       5.7M        59M       322M

MemTotal:        4016004 kB
MemFree:         3214132 kB
Active:           445320 kB
Mem:          3.8G       783M       3.1G       5.7M        59M       322M

MemTotal:        4016004 kB
MemFree:         3214256 kB
Active:           445348 kB
Mem:          3.8G       783M       3.1G       5.7M        59M       322M

MemTotal:        4016004 kB
MemFree:         3214132 kB
Active:           445328 kB
Mem:          3.8G       783M       3.1G       5.7M        59M       322M

MemTotal:        4016004 kB
MemFree:         3214256 kB
Active:           445316 kB
Mem:          3.8G       782M       3.1G       5.7M        59M       322M

MemTotal:        4016004 kB
MemFree:         3214380 kB
Active:           445344 kB
Mem:          3.8G       783M       3.1G       5.7M        59M       322M

MemTotal:        4016004 kB
MemFree:         3213760 kB
Active:           445372 kB
Mem:          3.8G       783M       3.1G       5.7M        59M       322M

MemTotal:        4016004 kB
MemFree:         3214132 kB
Active:           445320 kB
Mem:          3.8G       783M       3.1G       5.7M        59M       322M

MemTotal:        4016004 kB
MemFree:         3214256 kB
Active:           445340 kB
Mem:          3.8G       782M       3.1G       5.7M        59M       322M

MemTotal:        4016004 kB
MemFree:         3214752 kB
Active:           445364 kB
Mem:          3.8G       782M       3.1G       5.7M        59M       322M

MemTotal:        4016004 kB
MemFree:         3214628 kB
Active:           445344 kB
Mem:          3.8G       782M       3.1G       5.7M        59M       322M

MemTotal:        4016004 kB
MemFree:         3214504 kB
Active:           445336 kB
Mem:          3.8G       782M       3.1G       5.7M        59M       322M

MemTotal:        4016004 kB
MemFree:         3214504 kB
Active:           445348 kB
Mem:          3.8G       782M       3.1G       5.7M        59M       322M

MemTotal:        4016004 kB
MemFree:         3214568 kB
Active:           445388 kB
Mem:          3.8G       782M       3.1G       5.7M        59M       322M

MemTotal:        4016004 kB
MemFree:         3213252 kB
Active:           443444 kB
Mem:          3.8G       783M       3.1G       5.7M        59M       322M

MemTotal:        4016004 kB
MemFree:         3213948 kB
Active:           445416 kB
Mem:          3.8G       783M       3.1G       5.7M        59M       322M

MemTotal:        4016004 kB
MemFree:         3213840 kB
Active:           445400 kB
Mem:          3.8G       783M       3.1G       5.7M        59M       322M

MemTotal:        4016004 kB
MemFree:         3213840 kB
Active:           445448 kB
Mem:          3.8G       783M       3.1G       5.7M        59M       322M

MemTotal:        4016004 kB
MemFree:         3214400 kB
Active:           445432 kB
Mem:          3.8G       783M       3.1G       5.7M        59M       322M

MemTotal:        4016004 kB
MemFree:         3214400 kB
Active:           445432 kB
Mem:          3.8G       783M       3.1G       5.7M        59M       322M

MemTotal:        4016004 kB
MemFree:         3214400 kB
Active:           445408 kB
Mem:          3.8G       782M       3.1G       5.7M        59M       322M

MemTotal:        4016004 kB
MemFree:         3213780 kB
Active:           445456 kB
Mem:          3.8G       783M       3.1G       5.7M        59M       322M

MemTotal:        4016004 kB
MemFree:         3213904 kB
Active:           445456 kB
Mem:          3.8G       783M       3.1G       5.7M        59M       322M

MemTotal:        4016004 kB
MemFree:         3213780 kB
Active:           445444 kB
Mem:          3.8G       783M       3.1G       5.7M        59M       322M

MemTotal:        4016004 kB
MemFree:         3213468 kB
Active:           443428 kB
Mem:          3.8G       783M       3.1G       5.7M        59M       322M

MemTotal:        4016004 kB
MemFree:         3214088 kB
Active:           445488 kB
Mem:          3.8G       782M       3.1G       5.7M        59M       322M

MemTotal:        4016004 kB
MemFree:         3214460 kB
Active:           445472 kB
Mem:          3.8G       782M       3.1G       5.7M        59M       322M

MemTotal:        4016004 kB
MemFree:         3214260 kB
Active:           445468 kB
Mem:          3.8G       782M       3.1G       5.7M        59M       322M

MemTotal:        4016004 kB
MemFree:         3214400 kB
Active:           445288 kB
Mem:          3.8G       782M       3.1G       5.7M        59M       322M

MemTotal:        4016004 kB
MemFree:         3214400 kB
Active:           445268 kB
Mem:          3.8G       782M       3.1G       5.7M        59M       322M

MemTotal:        4016004 kB
MemFree:         3214912 kB
Active:           445320 kB
Mem:          3.8G       782M       3.1G       5.7M        59M       322M

MemTotal:        4016004 kB
MemFree:         3215408 kB
Active:           445316 kB
Mem:          3.8G       782M       3.1G       5.7M        59M       322M

MemTotal:        4016004 kB
MemFree:         3214912 kB
Active:           445328 kB
Mem:          3.8G       781M       3.1G       5.7M        59M       322M

MemTotal:        4016004 kB
MemFree:         3215408 kB
Active:           445312 kB
Mem:          3.8G       782M       3.1G       5.7M        59M       322M

MemTotal:        4016004 kB
MemFree:         3215284 kB
Active:           445288 kB
Mem:          3.8G       781M       3.1G       5.7M        59M       322M

MemTotal:        4016004 kB
MemFree:         3215284 kB
Active:           445320 kB
Mem:          3.8G       782M       3.1G       5.7M        59M       322M

MemTotal:        4016004 kB
MemFree:         3215408 kB
Active:           445300 kB
Mem:          3.8G       782M       3.1G       5.7M        59M       322M

MemTotal:        4016004 kB
MemFree:         3214912 kB
Active:           445288 kB
Mem:          3.8G       782M       3.1G       5.7M        59M       322M

MemTotal:        4016004 kB
MemFree:         3214788 kB
Active:           445320 kB
Mem:          3.8G       782M       3.1G       5.7M        59M       322M

MemTotal:        4016004 kB
MemFree:         3214912 kB
Active:           445316 kB
Mem:          3.8G       782M       3.1G       5.7M        59M       322M

MemTotal:        4016004 kB
MemFree:         3214912 kB
Active:           445332 kB
Mem:          3.8G       781M       3.1G       5.7M        59M       322M

MemTotal:        4016004 kB
MemFree:         3215036 kB
Active:           445352 kB
Mem:          3.8G       782M       3.1G       5.7M        59M       322M

MemTotal:        4016004 kB
MemFree:         3214912 kB
Active:           445312 kB
Mem:          3.8G       782M       3.1G       5.7M        59M       322M

MemTotal:        4016004 kB
MemFree:         3214912 kB
Active:           445304 kB
Mem:          3.8G       782M       3.1G       5.7M        59M       322M

MemTotal:        4016004 kB
MemFree:         3214788 kB
Active:           445348 kB
Mem:          3.8G       782M       3.1G       5.7M        59M       322M

MemTotal:        4016004 kB
MemFree:         3214912 kB
Active:           445352 kB
Mem:          3.8G       782M       3.1G       5.7M        59M       322M

MemTotal:        4016004 kB
MemFree:         3214292 kB
Active:           445352 kB
Mem:          3.8G       782M       3.1G       5.7M        59M       322M

MemTotal:        4016004 kB
MemFree:         3214788 kB
Active:           445324 kB
Mem:          3.8G       782M       3.1G       5.7M        59M       322M

MemTotal:        4016004 kB
MemFree:         3214788 kB
Active:           445360 kB
Mem:          3.8G       782M       3.1G       5.7M        59M       322M

MemTotal:        4016004 kB
MemFree:         3214912 kB
Active:           445344 kB
Mem:          3.8G       782M       3.1G       5.7M        59M       322M

MemTotal:        4016004 kB
MemFree:         3214664 kB
Active:           445328 kB
Mem:          3.8G       782M       3.1G       5.7M        59M       322M

MemTotal:        4016004 kB
MemFree:         3214168 kB
Active:           445368 kB
Mem:          3.8G       782M       3.1G       5.7M        59M       322M

MemTotal:        4016004 kB
MemFree:         3214540 kB
Active:           445312 kB
Mem:          3.8G       782M       3.1G       5.7M        59M       322M

MemTotal:        4016004 kB
MemFree:         3214664 kB
Active:           445344 kB
Mem:          3.8G       782M       3.1G       5.7M        59M       322M

MemTotal:        4016004 kB
MemFree:         3214228 kB
Active:           443340 kB
Mem:          3.8G       783M       3.1G       5.7M        59M       322M

MemTotal:        4016004 kB
MemFree:         3214476 kB
Active:           445356 kB
Mem:          3.8G       782M       3.1G       5.7M        59M       322M

MemTotal:        4016004 kB
MemFree:         3214600 kB
Active:           445380 kB
Mem:          3.8G       782M       3.1G       5.7M        59M       322M

MemTotal:        4016004 kB
MemFree:         3214600 kB
Active:           445360 kB
Mem:          3.8G       783M       3.1G       5.7M        59M       322M

MemTotal:        4016004 kB
MemFree:         3214104 kB
Active:           445388 kB
Mem:          3.8G       782M       3.1G       5.7M        59M       322M

MemTotal:        4016004 kB
MemFree:         3214104 kB
Active:           445388 kB
Mem:          3.8G       782M       3.1G       5.7M        59M       322M

MemTotal:        4016004 kB
MemFree:         3214476 kB
Active:           445360 kB
Mem:          3.8G       782M       3.1G       5.7M        59M       322M

MemTotal:        4016004 kB
MemFree:         3214724 kB
Active:           445388 kB
Mem:          3.8G       782M       3.1G       5.7M        59M       322M

MemTotal:        4016004 kB
MemFree:         3214724 kB
Active:           445372 kB
Mem:          3.8G       782M       3.1G       5.7M        59M       322M

MemTotal:        4016004 kB
MemFree:         3214476 kB
Active:           445404 kB
Mem:          3.8G       782M       3.1G       5.7M        59M       322M

MemTotal:        4016004 kB
MemFree:         3213912 kB
Active:           443360 kB
Mem:          3.8G       783M       3.1G       5.7M        59M       322M

MemTotal:        4016004 kB
MemFree:         3214656 kB
Active:           445396 kB
Mem:          3.8G       782M       3.1G       5.7M        59M       322M

MemTotal:        4016004 kB
MemFree:         3214904 kB
Active:           445384 kB
Mem:          3.8G       782M       3.1G       5.7M        59M       322M

MemTotal:        4016004 kB
MemFree:         3215152 kB
Active:           445396 kB
Mem:          3.8G       782M       3.1G       5.7M        59M       322M

MemTotal:        4016004 kB
MemFree:         3215160 kB
Active:           445384 kB
Mem:          3.8G       781M       3.1G       5.7M        59M       322M

MemTotal:        4016004 kB
MemFree:         3215284 kB
Active:           445376 kB
Mem:          3.8G       781M       3.1G       5.7M        59M       322M

MemTotal:        4016004 kB
MemFree:         3215284 kB
Active:           445380 kB
Mem:          3.8G       781M       3.1G       5.7M        59M       322M

MemTotal:        4016004 kB
MemFree:         3215284 kB
Active:           445372 kB
Mem:          3.8G       781M       3.1G       5.7M        59M       322M

MemTotal:        4016004 kB
MemFree:         3215284 kB
Active:           445424 kB
Mem:          3.8G       781M       3.1G       5.7M        59M       322M

MemTotal:        4016004 kB
MemFree:         3214368 kB
Active:           443408 kB
Mem:          3.8G       782M       3.1G       5.7M        59M       322M

MemTotal:        4016004 kB
MemFree:         3214276 kB
Active:           445404 kB
Mem:          3.8G       783M       3.1G       5.7M        59M       322M

MemTotal:        4016004 kB
MemFree:         3214400 kB
Active:           445436 kB
Mem:          3.8G       782M       3.1G       5.7M        59M       322M

MemTotal:        4016004 kB
MemFree:         3214648 kB
Active:           445400 kB
Mem:          3.8G       782M       3.1G       5.7M        59M       322M

MemTotal:        4016004 kB
MemFree:         3214400 kB
Active:           445448 kB
Mem:          3.8G       782M       3.1G       5.7M        59M       322M

MemTotal:        4016004 kB
MemFree:         3214648 kB
Active:           445432 kB
Mem:          3.8G       782M       3.1G       5.7M        59M       322M

MemTotal:        4016004 kB
MemFree:         3214492 kB
Active:           445428 kB
Mem:          3.8G       782M       3.1G       5.7M        59M       322M

MemTotal:        4016004 kB
MemFree:         3214896 kB
Active:           445396 kB
Mem:          3.8G       782M       3.1G       5.7M        59M       322M

MemTotal:        4016004 kB
MemFree:         3214896 kB
Active:           445452 kB
Mem:          3.8G       782M       3.1G       5.7M        59M       322M

MemTotal:        4016004 kB
MemFree:         3214400 kB
Active:           445456 kB
Mem:          3.8G       782M       3.1G       5.7M        59M       322M

MemTotal:        4016004 kB
MemFree:         3214328 kB
Active:           443388 kB
Mem:          3.8G       782M       3.1G       5.7M        59M       322M

MemTotal:        4016004 kB
MemFree:         3214328 kB
Active:           445416 kB
Mem:          3.8G       783M       3.1G       5.7M        59M       322M

MemTotal:        4016004 kB
MemFree:         3214328 kB
Active:           445440 kB
Mem:          3.8G       783M       3.1G       5.7M        59M       322M

MemTotal:        4016004 kB
MemFree:         3214452 kB
Active:           445440 kB
Mem:          3.8G       782M       3.1G       5.7M        59M       322M

MemTotal:        4016004 kB
MemFree:         3214452 kB
Active:           445436 kB
Mem:          3.8G       783M       3.1G       5.7M        59M       322M

MemTotal:        4016004 kB
MemFree:         3214452 kB
Active:           445460 kB
Mem:          3.8G       783M       3.1G       5.7M        59M       322M

MemTotal:        4016004 kB
MemFree:         3214328 kB
Active:           445452 kB
Mem:          3.8G       783M       3.1G       5.7M        59M       322M

MemTotal:        4016004 kB
MemFree:         3214204 kB
Active:           445440 kB
Mem:          3.8G       782M       3.1G       5.7M        59M       322M

MemTotal:        4016004 kB
MemFree:         3214328 kB
Active:           445444 kB
Mem:          3.8G       782M       3.1G       5.7M        59M       322M

MemTotal:        4016004 kB
MemFree:         3214328 kB
Active:           445472 kB
Mem:          3.8G       782M       3.1G       5.7M        59M       322M

MemTotal:        4016004 kB
MemFree:         3214452 kB
Active:           445472 kB
Mem:          3.8G       782M       3.1G       5.7M        59M       322M

MemTotal:        4016004 kB
MemFree:         3214328 kB
Active:           445468 kB
Mem:          3.8G       782M       3.1G       5.7M        59M       322M

MemTotal:        4016004 kB
MemFree:         3214452 kB
Active:           445456 kB
Mem:          3.8G       782M       3.1G       5.7M        59M       322M

MemTotal:        4016004 kB
MemFree:         3214328 kB
Active:           445452 kB
Mem:          3.8G       782M       3.1G       5.7M        59M       322M

MemTotal:        4016004 kB
MemFree:         3214452 kB
Active:           445468 kB
Mem:          3.8G       782M       3.1G       5.7M        59M       322M

MemTotal:        4016004 kB
MemFree:         3214452 kB
Active:           445468 kB
Mem:          3.8G       782M       3.1G       5.7M        59M       322M

MemTotal:        4016004 kB
MemFree:         3214452 kB
Active:           445464 kB
Mem:          3.8G       782M       3.1G       5.7M        59M       322M

MemTotal:        4016004 kB
MemFree:         3214576 kB
Active:           445456 kB
Mem:          3.8G       782M       3.1G       5.7M        59M       322M

MemTotal:        4016004 kB
MemFree:         3214452 kB
Active:           445468 kB
Mem:          3.8G       782M       3.1G       5.7M        59M       322M

MemTotal:        4016004 kB
MemFree:         3213956 kB
Active:           445484 kB
Mem:          3.8G       783M       3.1G       5.7M        59M       322M

MemTotal:        4016004 kB
MemFree:         3214452 kB
Active:           445472 kB
Mem:          3.8G       782M       3.1G       5.7M        59M       322M

MemTotal:        4016004 kB
MemFree:         3214948 kB
Active:           445476 kB
Mem:          3.8G       782M       3.1G       5.7M        59M       322M

MemTotal:        4016004 kB
MemFree:         3214948 kB
Active:           445460 kB
Mem:          3.8G       782M       3.1G       5.7M        59M       322M

MemTotal:        4016004 kB
MemFree:         3214576 kB
Active:           445440 kB
Mem:          3.8G       782M       3.1G       5.7M        59M       322M

MemTotal:        4016004 kB
MemFree:         3214452 kB
Active:           445444 kB
Mem:          3.8G       782M       3.1G       5.7M        59M       322M

MemTotal:        4016004 kB
MemFree:         3215072 kB
Active:           445444 kB
Mem:          3.8G       782M       3.1G       5.7M        59M       322M

MemTotal:        4016004 kB
MemFree:         3215196 kB
Active:           445452 kB
Mem:          3.8G       782M       3.1G       5.7M        59M       322M

MemTotal:        4016004 kB
MemFree:         3215320 kB
Active:           445448 kB
Mem:          3.8G       782M       3.1G       5.7M        59M       322M

MemTotal:        4016004 kB
MemFree:         3214576 kB
Active:           445500 kB
Mem:          3.8G       782M       3.1G       5.7M        59M       322M

MemTotal:        4016004 kB
MemFree:         3214824 kB
Active:           445492 kB
Mem:          3.8G       782M       3.1G       5.7M        59M       322M

MemTotal:        4016004 kB
MemFree:         3214948 kB
Active:           445496 kB
Mem:          3.8G       782M       3.1G       5.7M        59M       322M

MemTotal:        4016004 kB
MemFree:         3215320 kB
Active:           445496 kB
Mem:          3.8G       781M       3.1G       5.7M        59M       322M

MemTotal:        4016004 kB
MemFree:         3215320 kB
Active:           445504 kB
Mem:          3.8G       782M       3.1G       5.7M        59M       322M

MemTotal:        4016004 kB
MemFree:         3215320 kB
Active:           445488 kB
Mem:          3.8G       782M       3.1G       5.7M        59M       322M

MemTotal:        4016004 kB
MemFree:         3215072 kB
Active:           445472 kB
Mem:          3.8G       782M       3.1G       5.7M        59M       322M

MemTotal:        4016004 kB
MemFree:         3215072 kB
Active:           445524 kB
Mem:          3.8G       782M       3.1G       5.7M        59M       322M

MemTotal:        4016004 kB
MemFree:         3215196 kB
Active:           445496 kB
Mem:          3.8G       782M       3.1G       5.7M        59M       322M

MemTotal:        4016004 kB
MemFree:         3214948 kB
Active:           445484 kB
Mem:          3.8G       782M       3.1G       5.7M        59M       322M

MemTotal:        4016004 kB
MemFree:         3214452 kB
Active:           445524 kB
Mem:          3.8G       782M       3.1G       5.7M        59M       322M

MemTotal:        4016004 kB
MemFree:         3214576 kB
Active:           445524 kB
Mem:          3.8G       782M       3.1G       5.7M        59M       322M

MemTotal:        4016004 kB
MemFree:         3213892 kB
Active:           443488 kB
Mem:          3.8G       783M       3.1G       5.7M        59M       322M

MemTotal:        4016004 kB
MemFree:         3214264 kB
Active:           445508 kB
Mem:          3.8G       782M       3.1G       5.7M        59M       322M

MemTotal:        4016004 kB
MemFree:         3213892 kB
Active:           445544 kB
Mem:          3.8G       783M       3.1G       5.7M        59M       322M

MemTotal:        4016004 kB
MemFree:         3214140 kB
Active:           445504 kB
Mem:          3.8G       783M       3.1G       5.7M        59M       322M

MemTotal:        4016004 kB
MemFree:         3214264 kB
Active:           445504 kB
Mem:          3.8G       783M       3.1G       5.7M        59M       322M

MemTotal:        4016004 kB
MemFree:         3214140 kB
Active:           445548 kB
Mem:          3.8G       782M       3.1G       5.7M        59M       322M

MemTotal:        4016004 kB
MemFree:         3214140 kB
Active:           445524 kB
Mem:          3.8G       783M       3.1G       5.7M        59M       322M

MemTotal:        4016004 kB
MemFree:         3214016 kB
Active:           445520 kB
Mem:          3.8G       783M       3.1G       5.7M        59M       322M

MemTotal:        4016004 kB
MemFree:         3214264 kB
Active:           445504 kB
Mem:          3.8G       782M       3.1G       5.7M        59M       322M

MemTotal:        4016004 kB
MemFree:         3214388 kB
Active:           445552 kB
Mem:          3.8G       783M       3.1G       5.7M        59M       322M

MemTotal:        4016004 kB
MemFree:         3213580 kB
Active:           443520 kB
Mem:          3.8G       783M       3.1G       5.7M        59M       322M

MemTotal:        4016004 kB
MemFree:         3213952 kB
Active:           443468 kB
Mem:          3.8G       783M       3.1G       5.7M        59M       322M

MemTotal:        4016004 kB
MemFree:         3213952 kB
Active:           443508 kB
Mem:          3.8G       783M       3.1G       5.7M        59M       322M

MemTotal:        4016004 kB
MemFree:         3213704 kB
Active:           445520 kB
Mem:          3.8G       783M       3.1G       5.7M        59M       322M

MemTotal:        4016004 kB
MemFree:         3213704 kB
Active:           445568 kB
Mem:          3.8G       783M       3.1G       5.7M        59M       322M

MemTotal:        4016004 kB
MemFree:         3214076 kB
Active:           445512 kB
Mem:          3.8G       782M       3.1G       5.7M        59M       322M

MemTotal:        4016004 kB
MemFree:         3214076 kB
Active:           445512 kB
Mem:          3.8G       783M       3.1G       5.7M        59M       322M

MemTotal:        4016004 kB
MemFree:         3214076 kB
Active:           445556 kB
Mem:          3.8G       783M       3.1G       5.7M        59M       322M

MemTotal:        4016004 kB
MemFree:         3213580 kB
Active:           445568 kB
Mem:          3.8G       783M       3.1G       5.7M        59M       322M

MemTotal:        4016004 kB
MemFree:         3213828 kB
Active:           445524 kB
Mem:          3.8G       783M       3.1G       5.7M        59M       322M

MemTotal:        4016004 kB
MemFree:         3213828 kB
Active:           445572 kB
Mem:          3.8G       783M       3.1G       5.7M        59M       322M

MemTotal:        4016004 kB
MemFree:         3214200 kB
Active:           445556 kB
Mem:          3.8G       782M       3.1G       5.7M        59M       322M

MemTotal:        4016004 kB
MemFree:         3214292 kB
Active:           445544 kB
Mem:          3.8G       783M       3.1G       5.7M        59M       322M

MemTotal:        4016004 kB
MemFree:         3214276 kB
Active:           445540 kB
Mem:          3.8G       783M       3.1G       5.7M        59M       322M

MemTotal:        4016004 kB
MemFree:         3214184 kB
Active:           445532 kB
Mem:          3.8G       782M       3.1G       5.7M        59M       322M

MemTotal:        4016004 kB
MemFree:         3214184 kB
Active:           445532 kB
Mem:          3.8G       782M       3.1G       5.7M        59M       322M

MemTotal:        4016004 kB
MemFree:         3214184 kB
Active:           445572 kB
Mem:          3.8G       782M       3.1G       5.7M        59M       322M

MemTotal:        4016004 kB
MemFree:         3213812 kB
Active:           445600 kB
Mem:          3.8G       783M       3.1G       5.7M        59M       322M

MemTotal:        4016004 kB
MemFree:         3214432 kB
Active:           445600 kB
Mem:          3.8G       782M       3.1G       5.7M        59M       322M

MemTotal:        4016004 kB
MemFree:         3213872 kB
Active:           443564 kB
Mem:          3.8G       783M       3.1G       5.7M        59M       322M

MemTotal:        4016004 kB
MemFree:         3214368 kB
Active:           445604 kB
Mem:          3.8G       782M       3.1G       5.7M        59M       322M

MemTotal:        4016004 kB
MemFree:         3214368 kB
Active:           445600 kB
Mem:          3.8G       782M       3.1G       5.7M        59M       322M

MemTotal:        4016004 kB
MemFree:         3214492 kB
Active:           445588 kB
Mem:          3.8G       782M       3.1G       5.7M        59M       322M

MemTotal:        4016004 kB
MemFree:         3214492 kB
Active:           445572 kB
Mem:          3.8G       782M       3.1G       5.7M        59M       322M

MemTotal:        4016004 kB
MemFree:         3214988 kB
Active:           445616 kB
Mem:          3.8G       782M       3.1G       5.7M        59M       322M

MemTotal:        4016004 kB
MemFree:         3214616 kB
Active:           445620 kB
Mem:          3.8G       782M       3.1G       5.7M        59M       322M

MemTotal:        4016004 kB
MemFree:         3214492 kB
Active:           445624 kB
Mem:          3.8G       782M       3.1G       5.7M        59M       322M

MemTotal:        4016004 kB
MemFree:         3214492 kB
Active:           445572 kB
Mem:          3.8G       782M       3.1G       5.7M        59M       322M

MemTotal:        4016004 kB
MemFree:         3214120 kB
Active:           445624 kB
Mem:          3.8G       782M       3.1G       5.7M        59M       322M

MemTotal:        4016004 kB
MemFree:         3213748 kB
Active:           445628 kB
Mem:          3.8G       783M       3.1G       5.7M        59M       322M

MemTotal:        4016004 kB
MemFree:         3214244 kB
Active:           445588 kB
Mem:          3.8G       783M       3.1G       5.7M        59M       322M

MemTotal:        4016004 kB
MemFree:         3214244 kB
Active:           445620 kB
Mem:          3.8G       782M       3.1G       5.7M        59M       322M

MemTotal:        4016004 kB
MemFree:         3214368 kB
Active:           445608 kB
Mem:          3.8G       782M       3.1G       5.7M        59M       322M

MemTotal:        4016004 kB
MemFree:         3214492 kB
Active:           445612 kB
Mem:          3.8G       782M       3.1G       5.7M        59M       322M

MemTotal:        4016004 kB
MemFree:         3214120 kB
Active:           445636 kB
Mem:          3.8G       782M       3.1G       5.7M        59M       322M

MemTotal:        4016004 kB
MemFree:         3213872 kB
Active:           445640 kB
Mem:          3.8G       783M       3.1G       5.7M        59M       322M

MemTotal:        4016004 kB
MemFree:         3214368 kB
Active:           445592 kB
Mem:          3.8G       782M       3.1G       5.7M        59M       322M

MemTotal:        4016004 kB
MemFree:         3214368 kB
Active:           445632 kB
Mem:          3.8G       782M       3.1G       5.7M        59M       322M

MemTotal:        4016004 kB
MemFree:         3214244 kB
Active:           445612 kB
Mem:          3.8G       782M       3.1G       5.7M        59M       322M

MemTotal:        4016004 kB
MemFree:         3212196 kB
Active:           445584 kB
Mem:          3.8G       785M       3.1G       5.7M        59M       322M

MemTotal:        4016004 kB
MemFree:         3212196 kB
Active:           447656 kB
Mem:          3.8G       784M       3.1G       5.7M        59M       322M

MemTotal:        4016004 kB
MemFree:         3211948 kB
Active:           447684 kB
Mem:          3.8G       784M       3.1G       5.7M        59M       322M

MemTotal:        4016004 kB
MemFree:         3212692 kB
Active:           447668 kB
Mem:          3.8G       784M       3.1G       5.7M        59M       322M

MemTotal:        4016004 kB
MemFree:         3212196 kB
Active:           447632 kB
Mem:          3.8G       785M       3.1G       5.7M        59M       322M

MemTotal:        4016004 kB
MemFree:         3212320 kB
Active:           447672 kB
Mem:          3.8G       785M       3.1G       5.7M        59M       322M

MemTotal:        4016004 kB
MemFree:         3212196 kB
Active:           447664 kB
Mem:          3.8G       784M       3.1G       5.7M        59M       322M

MemTotal:        4016004 kB
MemFree:         3212320 kB
Active:           447640 kB
Mem:          3.8G       785M       3.1G       5.7M        59M       322M

MemTotal:        4016004 kB
MemFree:         3212196 kB
Active:           447676 kB
Mem:          3.8G       784M       3.1G       5.7M        59M       322M

MemTotal:        4016004 kB
MemFree:         3212568 kB
Active:           447668 kB
Mem:          3.8G       784M       3.1G       5.7M        59M       322M

MemTotal:        4016004 kB
MemFree:         3211636 kB
Active:           445656 kB
Mem:          3.8G       785M       3.1G       5.7M        59M       322M

MemTotal:        4016004 kB
MemFree:         3212008 kB
Active:           447704 kB
Mem:          3.8G       785M       3.1G       5.7M        59M       322M

MemTotal:        4016004 kB
MemFree:         3212256 kB
Active:           447652 kB
Mem:          3.8G       785M       3.1G       5.7M        59M       322M

MemTotal:        4016004 kB
MemFree:         3211636 kB
Active:           447704 kB
Mem:          3.8G       785M       3.1G       5.7M        59M       322M

MemTotal:        4016004 kB
MemFree:         3212008 kB
Active:           447668 kB
Mem:          3.8G       784M       3.1G       5.7M        59M       322M

MemTotal:        4016004 kB
MemFree:         3212132 kB
Active:           447708 kB
Mem:          3.8G       785M       3.1G       5.7M        59M       322M

MemTotal:        4016004 kB
MemFree:         3212504 kB
Active:           447688 kB
Mem:          3.8G       784M       3.1G       5.7M        59M       322M

MemTotal:        4016004 kB
MemFree:         3212504 kB
Active:           447656 kB
Mem:          3.8G       784M       3.1G       5.7M        59M       322M

MemTotal:        4016004 kB
MemFree:         3212504 kB
Active:           447708 kB
Mem:          3.8G       784M       3.1G       5.7M        59M       322M

MemTotal:        4016004 kB
MemFree:         3212876 kB
Active:           447688 kB
Mem:          3.8G       784M       3.1G       5.7M        59M       322M

MemTotal:        4016004 kB
MemFree:         3212504 kB
Active:           447724 kB
Mem:          3.8G       784M       3.1G       5.7M        59M       322M

MemTotal:        4016004 kB
MemFree:         3212504 kB
Active:           447668 kB
Mem:          3.8G       784M       3.1G       5.7M        59M       322M

MemTotal:        4016004 kB
MemFree:         3212380 kB
Active:           447692 kB
Mem:          3.8G       784M       3.1G       5.7M        59M       322M

MemTotal:        4016004 kB
MemFree:         3212132 kB
Active:           447728 kB
Mem:          3.8G       784M       3.1G       5.7M        59M       322M

MemTotal:        4016004 kB
MemFree:         3212008 kB
Active:           447728 kB
Mem:          3.8G       785M       3.1G       5.7M        59M       322M

MemTotal:        4016004 kB
MemFree:         3212008 kB
Active:           447684 kB
Mem:          3.8G       785M       3.1G       5.7M        59M       322M

MemTotal:        4016004 kB
MemFree:         3211760 kB
Active:           447740 kB
Mem:          3.8G       785M       3.1G       5.7M        59M       322M

MemTotal:        4016004 kB
MemFree:         3212132 kB
Active:           447744 kB
Mem:          3.8G       785M       3.1G       5.7M        59M       322M

MemTotal:        4016004 kB
MemFree:         3212008 kB
Active:           447708 kB
Mem:          3.8G       785M       3.1G       5.7M        59M       322M

MemTotal:        4016004 kB
MemFree:         3212008 kB
Active:           447740 kB
Mem:          3.8G       785M       3.1G       5.7M        59M       322M

MemTotal:        4016004 kB
MemFree:         3211512 kB
Active:           447756 kB
Mem:          3.8G       785M       3.1G       5.7M        59M       322M

MemTotal:        4016004 kB
MemFree:         3212008 kB
Active:           447724 kB
Mem:          3.8G       785M       3.1G       5.7M        59M       322M

MemTotal:        4016004 kB
MemFree:         3212256 kB
Active:           447716 kB
Mem:          3.8G       785M       3.1G       5.7M        59M       322M

MemTotal:        4016004 kB
MemFree:         3212256 kB
Active:           447728 kB
Mem:          3.8G       785M       3.1G       5.7M        59M       322M

MemTotal:        4016004 kB
MemFree:         3211884 kB
Active:           447764 kB
Mem:          3.8G       785M       3.1G       5.7M        59M       322M

MemTotal:        4016004 kB
MemFree:         3212008 kB
Active:           447748 kB
Mem:          3.8G       785M       3.1G       5.7M        59M       322M

MemTotal:        4016004 kB
MemFree:         3212132 kB
Active:           447732 kB
Mem:          3.8G       785M       3.1G       5.7M        59M       322M

MemTotal:        4016004 kB
MemFree:         3212132 kB
Active:           447760 kB
Mem:          3.8G       785M       3.1G       5.7M        59M       322M

MemTotal:        4016004 kB
MemFree:         3211884 kB
Active:           447756 kB
Mem:          3.8G       785M       3.1G       5.7M        59M       322M

MemTotal:        4016004 kB
MemFree:         3212364 kB
Active:           447720 kB
Mem:          3.8G       784M       3.1G       5.7M        59M       322M

MemTotal:        4016004 kB
MemFree:         3212860 kB
Active:           447756 kB
Mem:          3.8G       784M       3.1G       5.7M        59M       322M

MemTotal:        4016004 kB
MemFree:         3212752 kB
Active:           447736 kB
Mem:          3.8G       784M       3.1G       5.7M        59M       322M

MemTotal:        4016004 kB
MemFree:         3212844 kB
Active:           447744 kB
Mem:          3.8G       784M       3.1G       5.7M        59M       322M

MemTotal:        4016004 kB
MemFree:         3212752 kB
Active:           447728 kB
Mem:          3.8G       784M       3.1G       5.7M        59M       322M

MemTotal:        4016004 kB
MemFree:         3212876 kB
Active:           447720 kB
Mem:          3.8G       784M       3.1G       5.7M        59M       322M

MemTotal:        4016004 kB
MemFree:         3212380 kB
Active:           447772 kB
Mem:          3.8G       784M       3.1G       5.7M        59M       322M

MemTotal:        4016004 kB
MemFree:         3212504 kB
Active:           447764 kB
Mem:          3.8G       785M       3.1G       5.7M        59M       322M

MemTotal:        4016004 kB
MemFree:         3212256 kB
Active:           447744 kB
Mem:          3.8G       784M       3.1G       5.7M        59M       322M

MemTotal:        4016004 kB
MemFree:         3212752 kB
Active:           447748 kB
Mem:          3.8G       784M       3.1G       5.7M        59M       322M

MemTotal:        4016004 kB
MemFree:         3210580 kB
Active:           447716 kB
Mem:          3.8G       787M       3.1G       5.7M        59M       322M

MemTotal:        4016004 kB
MemFree:         3209960 kB
Active:           449796 kB
Mem:          3.8G       787M       3.1G       5.7M        59M       322M

MemTotal:        4016004 kB
MemFree:         3209960 kB
Active:           449792 kB
Mem:          3.8G       787M       3.1G       5.7M        59M       322M

MemTotal:        4016004 kB
MemFree:         3210084 kB
Active:           449760 kB
Mem:          3.8G       787M       3.1G       5.7M        59M       322M

MemTotal:        4016004 kB
MemFree:         3210084 kB
Active:           449776 kB
Mem:          3.8G       787M       3.1G       5.7M        59M       322M

MemTotal:        4016004 kB
MemFree:         3209836 kB
Active:           449808 kB
Mem:          3.8G       786M       3.1G       5.7M        59M       322M

MemTotal:        4016004 kB
MemFree:         3210208 kB
Active:           449772 kB
Mem:          3.8G       786M       3.1G       5.7M        59M       322M

MemTotal:        4016004 kB
MemFree:         3210208 kB
Active:           449792 kB
Mem:          3.8G       786M       3.1G       5.7M        59M       322M

MemTotal:        4016004 kB
MemFree:         3210208 kB
Active:           449760 kB
Mem:          3.8G       786M       3.1G       5.7M        59M       322M

MemTotal:        4016004 kB
MemFree:         3210332 kB
Active:           449796 kB
Mem:          3.8G       787M       3.1G       5.7M        59M       322M

MemTotal:        4016004 kB
MemFree:         3209836 kB
Active:           449816 kB
Mem:          3.8G       787M       3.1G       5.7M        59M       322M

MemTotal:        4016004 kB
MemFree:         3209960 kB
Active:           449792 kB
Mem:          3.8G       787M       3.1G       5.7M        59M       322M

MemTotal:        4016004 kB
MemFree:         3209712 kB
Active:           449816 kB
Mem:          3.8G       787M       3.1G       5.7M        59M       322M

MemTotal:        4016004 kB
MemFree:         3210068 kB
Active:           449784 kB
Mem:          3.8G       787M       3.1G       5.7M        59M       322M

MemTotal:        4016004 kB
MemFree:         3210316 kB
Active:           449772 kB
Mem:          3.8G       787M       3.1G       5.7M        59M       322M

MemTotal:        4016004 kB
MemFree:         3209696 kB
Active:           449824 kB
Mem:          3.8G       787M       3.1G       5.7M        59M       322M

MemTotal:        4016004 kB
MemFree:         3209820 kB
Active:           449824 kB
Mem:          3.8G       787M       3.1G       5.7M        59M       322M

MemTotal:        4016004 kB
MemFree:         3209324 kB
Active:           449824 kB
Mem:          3.8G       787M       3.1G       5.7M        59M       322M

MemTotal:        4016004 kB
MemFree:         3209712 kB
Active:           449780 kB
Mem:          3.8G       787M       3.1G       5.7M        59M       322M

MemTotal:        4016004 kB
MemFree:         3209712 kB
Active:           449768 kB
Mem:          3.8G       787M       3.1G       5.7M        59M       322M

MemTotal:        4016004 kB
MemFree:         3209464 kB
Active:           449824 kB
Mem:          3.8G       787M       3.1G       5.7M        59M       322M

MemTotal:        4016004 kB
MemFree:         3209588 kB
Active:           449828 kB
Mem:          3.8G       787M       3.1G       5.7M        59M       322M

MemTotal:        4016004 kB
MemFree:         3210332 kB
Active:           449816 kB
Mem:          3.8G       786M       3.1G       5.7M        59M       322M

MemTotal:        4016004 kB
MemFree:         3210332 kB
Active:           449800 kB
Mem:          3.8G       786M       3.1G       5.7M        59M       322M

MemTotal:        4016004 kB
MemFree:         3209836 kB
Active:           449828 kB
Mem:          3.8G       787M       3.1G       5.7M        59M       322M

MemTotal:        4016004 kB
MemFree:         3210084 kB
Active:           449832 kB
Mem:          3.8G       786M       3.1G       5.7M        59M       322M

MemTotal:        4016004 kB
MemFree:         3210084 kB
Active:           449824 kB
Mem:          3.8G       787M       3.1G       5.7M        59M       322M

MemTotal:        4016004 kB
MemFree:         3210084 kB
Active:           449796 kB
Mem:          3.8G       786M       3.1G       5.7M        59M       322M

MemTotal:        4016004 kB
MemFree:         3209712 kB
Active:           449844 kB
Mem:          3.8G       787M       3.1G       5.7M        59M       322M

MemTotal:        4016004 kB
MemFree:         3209712 kB
Active:           449808 kB
Mem:          3.8G       787M       3.1G       5.7M        59M       322M

MemTotal:        4016004 kB
MemFree:         3210208 kB
Active:           449840 kB
Mem:          3.8G       787M       3.1G       5.7M        59M       322M

MemTotal:        4016004 kB
MemFree:         3210208 kB
Active:           449808 kB
Mem:          3.8G       786M       3.1G       5.7M        59M       322M

MemTotal:        4016004 kB
MemFree:         3210084 kB
Active:           449844 kB
Mem:          3.8G       786M       3.1G       5.7M        59M       322M

MemTotal:        4016004 kB
MemFree:         3209960 kB
Active:           449852 kB
Mem:          3.8G       787M       3.1G       5.7M        59M       322M

MemTotal:        4016004 kB
MemFree:         3210084 kB
Active:           449848 kB
Mem:          3.8G       787M       3.1G       5.7M        59M       322M

MemTotal:        4016004 kB
MemFree:         3210208 kB
Active:           449844 kB
Mem:          3.8G       786M       3.1G       5.7M        59M       322M

MemTotal:        4016004 kB
MemFree:         3210084 kB
Active:           449840 kB
Mem:          3.8G       787M       3.1G       5.7M        59M       322M

MemTotal:        4016004 kB
MemFree:         3209712 kB
Active:           449872 kB
Mem:          3.8G       787M       3.1G       5.7M        59M       322M

MemTotal:        4016004 kB
MemFree:         3210440 kB
Active:           449848 kB
Mem:          3.8G       786M       3.1G       5.7M        59M       322M

MemTotal:        4016004 kB
MemFree:         3210440 kB
Active:           449832 kB
Mem:          3.8G       786M       3.1G       5.7M        59M       322M

MemTotal:        4016004 kB
MemFree:         3210440 kB
Active:           449820 kB
Mem:          3.8G       786M       3.1G       5.7M        59M       322M

MemTotal:        4016004 kB
MemFree:         3210068 kB
Active:           449872 kB
Mem:          3.8G       786M       3.1G       5.7M        59M       322M

MemTotal:        4016004 kB
MemFree:         3210564 kB
Active:           449844 kB
Mem:          3.8G       786M       3.1G       5.7M        59M       322M

MemTotal:        4016004 kB
MemFree:         3210564 kB
Active:           449844 kB
Mem:          3.8G       786M       3.1G       5.7M        59M       322M

MemTotal:        4016004 kB
MemFree:         3210564 kB
Active:           449848 kB
Mem:          3.8G       786M       3.1G       5.7M        59M       322M

MemTotal:        4016004 kB
MemFree:         3210068 kB
Active:           449880 kB
Mem:          3.8G       786M       3.1G       5.7M        59M       322M

MemTotal:        4016004 kB
MemFree:         3210564 kB
Active:           449864 kB
Mem:          3.8G       786M       3.1G       5.7M        59M       322M

MemTotal:        4016004 kB
MemFree:         3210688 kB
Active:           449860 kB
Mem:          3.8G       786M       3.1G       5.7M        59M       322M

MemTotal:        4016004 kB
MemFree:         3210456 kB
Active:           449852 kB
Mem:          3.8G       786M       3.1G       5.7M        59M       322M

MemTotal:        4016004 kB
MemFree:         3210580 kB
Active:           449864 kB
Mem:          3.8G       786M       3.1G       5.7M        59M       322M

MemTotal:        4016004 kB
MemFree:         3210208 kB
Active:           449888 kB
Mem:          3.8G       786M       3.1G       5.7M        59M       322M

MemTotal:        4016004 kB
MemFree:         3210084 kB
Active:           449888 kB
Mem:          3.8G       786M       3.1G       5.7M        59M       322M

MemTotal:        4016004 kB
MemFree:         3210456 kB
Active:           449852 kB
Mem:          3.8G       786M       3.1G       5.7M        59M       322M

MemTotal:        4016004 kB
MemFree:         3210456 kB
Active:           449864 kB
Mem:          3.8G       786M       3.1G       5.7M        59M       322M

MemTotal:        4016004 kB
MemFree:         3209836 kB
Active:           449896 kB
Mem:          3.8G       787M       3.1G       5.7M        59M       322M

MemTotal:        4016004 kB
MemFree:         3209340 kB
Active:           449896 kB
Mem:          3.8G       787M       3.1G       5.7M        59M       322M

MemTotal:        4016004 kB
MemFree:         3209588 kB
Active:           449856 kB
Mem:          3.8G       787M       3.1G       5.7M        59M       322M

MemTotal:        4016004 kB
MemFree:         3210332 kB
Active:           449840 kB
Mem:          3.8G       787M       3.1G       5.7M        59M       322M

MemTotal:        4016004 kB
MemFree:         3209836 kB
Active:           449896 kB
Mem:          3.8G       787M       3.1G       5.7M        59M       322M

MemTotal:        4016004 kB
MemFree:         3210084 kB
Active:           449888 kB
Mem:          3.8G       787M       3.1G       5.7M        59M       322M

MemTotal:        4016004 kB
MemFree:         3210036 kB
Active:           449888 kB
Mem:          3.8G       787M       3.1G       5.7M        59M       322M

MemTotal:        4016004 kB
MemFree:         3210084 kB
Active:           449888 kB
Mem:          3.8G       787M       3.1G       5.7M        59M       322M

MemTotal:        4016004 kB
MemFree:         3209960 kB
Active:           449912 kB
Mem:          3.8G       787M       3.1G       5.7M        59M       322M

MemTotal:        4016004 kB
MemFree:         3210084 kB
Active:           449860 kB
Mem:          3.8G       787M       3.1G       5.7M        59M       322M

MemTotal:        4016004 kB
MemFree:         3209960 kB
Active:           449912 kB
Mem:          3.8G       787M       3.1G       5.7M        59M       322M

MemTotal:        4016004 kB
MemFree:         3209712 kB
Active:           449912 kB
Mem:          3.8G       787M       3.1G       5.7M        59M       322M

MemTotal:        4016004 kB
MemFree:         3209712 kB
Active:           449912 kB
Mem:          3.8G       787M       3.1G       5.7M        59M       322M

MemTotal:        4016004 kB
MemFree:         3210084 kB
Active:           449880 kB
Mem:          3.8G       787M       3.1G       5.7M        59M       322M

MemTotal:        4016004 kB
MemFree:         3210208 kB
Active:           449892 kB
Mem:          3.8G       786M       3.1G       5.7M        59M       322M

MemTotal:        4016004 kB
MemFree:         3210332 kB
Active:           449920 kB
Mem:          3.8G       787M       3.1G       5.7M        59M       322M

MemTotal:        4016004 kB
MemFree:         3209960 kB
Active:           449880 kB
Mem:          3.8G       787M       3.1G       5.7M        59M       322M

MemTotal:        4016004 kB
MemFree:         3210084 kB
Active:           449880 kB
Mem:          3.8G       787M       3.1G       5.7M        59M       322M

MemTotal:        4016004 kB
MemFree:         3210084 kB
Active:           449868 kB
Mem:          3.8G       786M       3.1G       5.7M        59M       322M

MemTotal:        4016004 kB
MemFree:         3210580 kB
Active:           449916 kB
Mem:          3.8G       786M       3.1G       5.7M        59M       322M

MemTotal:        4016004 kB
MemFree:         3210704 kB
Active:           449872 kB
Mem:          3.8G       786M       3.1G       5.7M        59M       322M

MemTotal:        4016004 kB
MemFree:         3210580 kB
Active:           449908 kB
Mem:          3.8G       786M       3.1G       5.7M        59M       322M

MemTotal:        4016004 kB
MemFree:         3210456 kB
Active:           449904 kB
Mem:          3.8G       786M       3.1G       5.7M        59M       322M

MemTotal:        4016004 kB
MemFree:         3210332 kB
Active:           449904 kB
Mem:          3.8G       786M       3.1G       5.7M        59M       322M

MemTotal:        4016004 kB
MemFree:         3210332 kB
Active:           449888 kB
Mem:          3.8G       786M       3.1G       5.7M        59M       322M

MemTotal:        4016004 kB
MemFree:         3210208 kB
Active:           449884 kB
Mem:          3.8G       787M       3.1G       5.7M        59M       322M

MemTotal:        4016004 kB
MemFree:         3210332 kB
Active:           449884 kB
Mem:          3.8G       786M       3.1G       5.7M        59M       322M

MemTotal:        4016004 kB
MemFree:         3209960 kB
Active:           449944 kB
Mem:          3.8G       787M       3.1G       5.7M        59M       322M

MemTotal:        4016004 kB
MemFree:         3210332 kB
Active:           449904 kB
Mem:          3.8G       786M       3.1G       5.7M        59M       322M

MemTotal:        4016004 kB
MemFree:         3210332 kB
Active:           449904 kB
Mem:          3.8G       787M       3.1G       5.7M        59M       322M

MemTotal:        4016004 kB
MemFree:         3209712 kB
Active:           449956 kB
Mem:          3.8G       787M       3.1G       5.7M        59M       322M

MemTotal:        4016004 kB
MemFree:         3210084 kB
Active:           449940 kB
Mem:          3.8G       787M       3.1G       5.7M        59M       322M

MemTotal:        4016004 kB
MemFree:         3209960 kB
Active:           449944 kB
Mem:          3.8G       786M       3.1G       5.7M        59M       322M

MemTotal:        4016004 kB
MemFree:         3210332 kB
Active:           449940 kB
Mem:          3.8G       786M       3.1G       5.7M        59M       322M

MemTotal:        4016004 kB
MemFree:         3210456 kB
Active:           449928 kB
Mem:          3.8G       786M       3.1G       5.7M        59M       322M

MemTotal:        4016004 kB
MemFree:         3210332 kB
Active:           449920 kB
Mem:          3.8G       786M       3.1G       5.7M        59M       322M

MemTotal:        4016004 kB
MemFree:         3210084 kB
Active:           449952 kB
Mem:          3.8G       787M       3.1G       5.7M        59M       322M

MemTotal:        4016004 kB
MemFree:         3210084 kB
Active:           449944 kB
Mem:          3.8G       787M       3.1G       5.7M        59M       322M

MemTotal:        4016004 kB
MemFree:         3210084 kB
Active:           449904 kB
Mem:          3.8G       787M       3.1G       5.7M        59M       322M

MemTotal:        4016004 kB
MemFree:         3209712 kB
Active:           449968 kB
Mem:          3.8G       787M       3.1G       5.7M        59M       322M

MemTotal:        4016004 kB
MemFree:         3209588 kB
Active:           449972 kB
Mem:          3.8G       787M       3.1G       5.7M        59M       322M

MemTotal:        4016004 kB
MemFree:         3209712 kB
Active:           449932 kB
Mem:          3.8G       787M       3.1G       5.7M        59M       322M

MemTotal:        4016004 kB
MemFree:         3209340 kB
Active:           449948 kB
Mem:          3.8G       787M       3.1G       5.7M        59M       322M

MemTotal:        4016004 kB
MemFree:         3209216 kB
Active:           449984 kB
Mem:          3.8G       787M       3.1G       5.7M        59M       322M

MemTotal:        4016004 kB
MemFree:         3209588 kB
Active:           449944 kB
Mem:          3.8G       787M       3.1G       5.7M        59M       322M

MemTotal:        4016004 kB
MemFree:         3209340 kB
Active:           449988 kB
Mem:          3.8G       787M       3.1G       5.7M        59M       322M

MemTotal:        4016004 kB
MemFree:         3209836 kB
Active:           449948 kB
Mem:          3.8G       787M       3.1G       5.7M        60M       322M

MemTotal:        4016004 kB
MemFree:         3209836 kB
Active:           449952 kB
Mem:          3.8G       787M       3.1G       5.7M        60M       322M

MemTotal:        4016004 kB
MemFree:         3210084 kB
Active:           449984 kB
Mem:          3.8G       787M       3.1G       5.7M        60M       322M

MemTotal:        4016004 kB
MemFree:         3210208 kB
Active:           449988 kB
Mem:          3.8G       787M       3.1G       5.7M        60M       322M

MemTotal:        4016004 kB
MemFree:         3210208 kB
Active:           449976 kB
Mem:          3.8G       786M       3.1G       5.7M        60M       322M

MemTotal:        4016004 kB
MemFree:         3209712 kB
Active:           450148 kB
Mem:          3.8G       787M       3.1G       5.7M        60M       322M

MemTotal:        4016004 kB
MemFree:         3209696 kB
Active:           450080 kB
Mem:          3.8G       787M       3.1G       5.7M        60M       322M

MemTotal:        4016004 kB
MemFree:         3209696 kB
Active:           450080 kB
Mem:          3.8G       787M       3.1G       5.7M        60M       322M

MemTotal:        4016004 kB
MemFree:         3210068 kB
Active:           450064 kB
Mem:          3.8G       787M       3.1G       5.7M        60M       322M

MemTotal:        4016004 kB
MemFree:         3210192 kB
Active:           450040 kB
Mem:          3.8G       786M       3.1G       5.7M        60M       322M

MemTotal:        4016004 kB
MemFree:         3210192 kB
Active:           450032 kB
Mem:          3.8G       786M       3.1G       5.7M        60M       322M

MemTotal:        4016004 kB
MemFree:         3209696 kB
Active:           450088 kB
Mem:          3.8G       787M       3.1G       5.7M        60M       322M

MemTotal:        4016004 kB
MemFree:         3209944 kB
Active:           450040 kB
Mem:          3.8G       787M       3.1G       5.7M        60M       322M

MemTotal:        4016004 kB
MemFree:         3209944 kB
Active:           450048 kB
Mem:          3.8G       787M       3.1G       5.7M        60M       322M

MemTotal:        4016004 kB
MemFree:         3209696 kB
Active:           450044 kB
Mem:          3.8G       787M       3.1G       5.7M        60M       322M

MemTotal:        4016004 kB
MemFree:         3209820 kB
Active:           450040 kB
Mem:          3.8G       787M       3.1G       5.7M        60M       322M

MemTotal:        4016004 kB
MemFree:         3209448 kB
Active:           450088 kB
Mem:          3.8G       787M       3.1G       5.7M        60M       322M

MemTotal:        4016004 kB
MemFree:         3209448 kB
Active:           450060 kB
Mem:          3.8G       787M       3.1G       5.7M        60M       322M

MemTotal:        4016004 kB
MemFree:         3209448 kB
Active:           450044 kB
Mem:          3.8G       787M       3.1G       5.7M        60M       322M

MemTotal:        4016004 kB
MemFree:         3209076 kB
Active:           450092 kB
Mem:          3.8G       787M       3.1G       5.7M        60M       322M

MemTotal:        4016004 kB
MemFree:         3208952 kB
Active:           450096 kB
Mem:          3.8G       787M       3.1G       5.7M        60M       322M

MemTotal:        4016004 kB
MemFree:         3209324 kB
Active:           450068 kB
Mem:          3.8G       787M       3.1G       5.7M        60M       322M

MemTotal:        4016004 kB
MemFree:         3209464 kB
Active:           450088 kB
Mem:          3.8G       787M       3.1G       5.7M        60M       322M

MemTotal:        4016004 kB
MemFree:         3209712 kB
Active:           450044 kB
Mem:          3.8G       787M       3.1G       5.7M        60M       322M

MemTotal:        4016004 kB
MemFree:         3209464 kB
Active:           450096 kB
Mem:          3.8G       787M       3.1G       5.7M        60M       322M

MemTotal:        4016004 kB
MemFree:         3209928 kB
Active:           450092 kB
Mem:          3.8G       787M       3.1G       5.7M        60M       322M

MemTotal:        4016004 kB
MemFree:         3209788 kB
Active:           450072 kB
Mem:          3.8G       787M       3.1G       5.7M        60M       322M

MemTotal:        4016004 kB
MemFree:         3209712 kB
Active:           450096 kB
Mem:          3.8G       787M       3.1G       5.7M        60M       322M

MemTotal:        4016004 kB
MemFree:         3209836 kB
Active:           450044 kB
Mem:          3.8G       787M       3.1G       5.7M        60M       322M

MemTotal:        4016004 kB
MemFree:         3209836 kB
Active:           450092 kB
Mem:          3.8G       787M       3.1G       5.7M        60M       322M

MemTotal:        4016004 kB
MemFree:         3209588 kB
Active:           450084 kB
Mem:          3.8G       787M       3.1G       5.7M        60M       322M

MemTotal:        4016004 kB
MemFree:         3209464 kB
Active:           450056 kB
Mem:          3.8G       787M       3.1G       5.7M        60M       322M

MemTotal:        4016004 kB
MemFree:         3209216 kB
Active:           450072 kB
Mem:          3.8G       787M       3.1G       5.7M        60M       322M

MemTotal:        4016004 kB
MemFree:         3209340 kB
Active:           450112 kB
Mem:          3.8G       787M       3.1G       5.7M        60M       322M

MemTotal:        4016004 kB
MemFree:         3209712 kB
Active:           450100 kB
Mem:          3.8G       787M       3.1G       5.7M        60M       322M

MemTotal:        4016004 kB
MemFree:         3209464 kB
Active:           450112 kB
Mem:          3.8G       787M       3.1G       5.7M        60M       322M

MemTotal:        4016004 kB
MemFree:         3209464 kB
Active:           450060 kB
Mem:          3.8G       787M       3.1G       5.7M        60M       322M

MemTotal:        4016004 kB
MemFree:         3209464 kB
Active:           450064 kB
Mem:          3.8G       787M       3.1G       5.7M        60M       322M

MemTotal:        4016004 kB
MemFree:         3209464 kB
Active:           450120 kB
Mem:          3.8G       787M       3.1G       5.7M        60M       322M

MemTotal:        4016004 kB
MemFree:         3208968 kB
Active:           450128 kB
Mem:          3.8G       787M       3.1G       5.7M        60M       322M

MemTotal:        4016004 kB
MemFree:         3209092 kB
Active:           450128 kB
Mem:          3.8G       787M       3.1G       5.7M        60M       322M

MemTotal:        4016004 kB
MemFree:         3209464 kB
Active:           450132 kB
Mem:          3.8G       787M       3.1G       5.7M        60M       322M

MemTotal:        4016004 kB
MemFree:         3209836 kB
Active:           450132 kB
Mem:          3.8G       787M       3.1G       5.7M        60M       322M

MemTotal:        4016004 kB
MemFree:         3209464 kB
Active:           450132 kB
Mem:          3.8G       787M       3.1G       5.7M        60M       322M

MemTotal:        4016004 kB
MemFree:         3209092 kB
Active:           450136 kB
Mem:          3.8G       787M       3.1G       5.7M        60M       322M

MemTotal:        4016004 kB
MemFree:         3209216 kB
Active:           450140 kB
Mem:          3.8G       787M       3.1G       5.7M        60M       322M

MemTotal:        4016004 kB
MemFree:         3209588 kB
Active:           450112 kB
Mem:          3.8G       787M       3.1G       5.7M        60M       322M

MemTotal:        4016004 kB
MemFree:         3209216 kB
Active:           450140 kB
Mem:          3.8G       787M       3.1G       5.7M        60M       322M

MemTotal:        4016004 kB
MemFree:         3209216 kB
Active:           450092 kB
Mem:          3.8G       787M       3.1G       5.7M        60M       322M

MemTotal:        4016004 kB
MemFree:         3209464 kB
Active:           450136 kB
Mem:          3.8G       787M       3.1G       5.7M        60M       322M

MemTotal:        4016004 kB
MemFree:         3209340 kB
Active:           450108 kB
Mem:          3.8G       787M       3.1G       5.7M        60M       322M

MemTotal:        4016004 kB
MemFree:         3209588 kB
Active:           450092 kB
Mem:          3.8G       787M       3.1G       5.7M        60M       322M

MemTotal:        4016004 kB
MemFree:         3209588 kB
Active:           450104 kB
Mem:          3.8G       787M       3.1G       5.7M        60M       322M

MemTotal:        4016004 kB
MemFree:         3209588 kB
Active:           450152 kB
Mem:          3.8G       787M       3.1G       5.7M        60M       322M

MemTotal:        4016004 kB
MemFree:         3209588 kB
Active:           450132 kB
Mem:          3.8G       787M       3.1G       5.7M        60M       322M

MemTotal:        4016004 kB
MemFree:         3209836 kB
Active:           450116 kB
Mem:          3.8G       787M       3.1G       5.7M        60M       322M

MemTotal:        4016004 kB
MemFree:         3209340 kB
Active:           450156 kB
Mem:          3.8G       787M       3.1G       5.7M        60M       322M

MemTotal:        4016004 kB
MemFree:         3209216 kB
Active:           450164 kB
Mem:          3.8G       787M       3.1G       5.7M        60M       322M

MemTotal:        4016004 kB
MemFree:         3209836 kB
Active:           450160 kB
Mem:          3.8G       787M       3.1G       5.7M        60M       322M

MemTotal:        4016004 kB
MemFree:         3209712 kB
Active:           450148 kB
Mem:          3.8G       787M       3.1G       5.7M        60M       322M

MemTotal:        4016004 kB
MemFree:         3209340 kB
Active:           450168 kB
Mem:          3.8G       787M       3.1G       5.7M        60M       322M

MemTotal:        4016004 kB
MemFree:         3209216 kB
Active:           450168 kB
Mem:          3.8G       787M       3.1G       5.7M        60M       322M

MemTotal:        4016004 kB
MemFree:         3209464 kB
Active:           450140 kB
Mem:          3.8G       787M       3.1G       5.7M        60M       322M

MemTotal:        4016004 kB
MemFree:         3209588 kB
Active:           450120 kB
Mem:          3.8G       787M       3.1G       5.7M        60M       322M

MemTotal:        4016004 kB
MemFree:         3209588 kB
Active:           450160 kB
Mem:          3.8G       787M       3.1G       5.7M        60M       322M

MemTotal:        4016004 kB
MemFree:         3209464 kB
Active:           450160 kB
Mem:          3.8G       787M       3.1G       5.7M        60M       322M

MemTotal:        4016004 kB
MemFree:         3209464 kB
Active:           450132 kB
Mem:          3.8G       787M       3.1G       5.7M        60M       322M

MemTotal:        4016004 kB
MemFree:         3209340 kB
Active:           450176 kB
Mem:          3.8G       787M       3.1G       5.7M        60M       322M

MemTotal:        4016004 kB
MemFree:         3209464 kB
Active:           450148 kB
Mem:          3.8G       787M       3.1G       5.7M        60M       322M

MemTotal:        4016004 kB
MemFree:         3209836 kB
Active:           450164 kB
Mem:          3.8G       787M       3.1G       5.7M        60M       322M

MemTotal:        4016004 kB
MemFree:         3210208 kB
Active:           450156 kB
Mem:          3.8G       787M       3.1G       5.7M        60M       322M

MemTotal:        4016004 kB
MemFree:         3210084 kB
Active:           450136 kB
Mem:          3.8G       787M       3.1G       5.7M        60M       322M

MemTotal:        4016004 kB
MemFree:         3210208 kB
Active:           450128 kB
Mem:          3.8G       786M       3.1G       5.7M        60M       322M

MemTotal:        4016004 kB
MemFree:         3210456 kB
Active:           450164 kB
Mem:          3.8G       786M       3.1G       5.7M        60M       322M

MemTotal:        4016004 kB
MemFree:         3210332 kB
Active:           450128 kB
Mem:          3.8G       787M       3.1G       5.7M        60M       322M

MemTotal:        4016004 kB
MemFree:         3209960 kB
Active:           450168 kB
Mem:          3.8G       787M       3.1G       5.7M        60M       322M

MemTotal:        4016004 kB
MemFree:         3209464 kB
Active:           450188 kB
Mem:          3.8G       787M       3.1G       5.7M        60M       322M

MemTotal:        4016004 kB
MemFree:         3209588 kB
Active:           450184 kB
Mem:          3.8G       787M       3.1G       5.7M        60M       322M

MemTotal:        4016004 kB
MemFree:         3209712 kB
Active:           450148 kB
Mem:          3.8G       787M       3.1G       5.7M        60M       322M

MemTotal:        4016004 kB
MemFree:         3209712 kB
Active:           450180 kB
Mem:          3.8G       787M       3.1G       5.7M        60M       322M

MemTotal:        4016004 kB
MemFree:         3209588 kB
Active:           450156 kB
Mem:          3.8G       787M       3.1G       5.7M        60M       322M

MemTotal:        4016004 kB
MemFree:         3209340 kB
Active:           450204 kB
Mem:          3.8G       787M       3.1G       5.7M        60M       322M

MemTotal:        4016004 kB
MemFree:         3209712 kB
Active:           450164 kB
Mem:          3.8G       787M       3.1G       5.7M        60M       322M

MemTotal:        4016004 kB
MemFree:         3209836 kB
Active:           450176 kB
Mem:          3.8G       787M       3.1G       5.7M        60M       322M

MemTotal:        4016004 kB
MemFree:         3209712 kB
Active:           450204 kB
Mem:          3.8G       787M       3.1G       5.7M        60M       322M

MemTotal:        4016004 kB
MemFree:         3209836 kB
Active:           450180 kB
Mem:          3.8G       787M       3.1G       5.7M        60M       322M

MemTotal:        4016004 kB
MemFree:         3209836 kB
Active:           450196 kB
Mem:          3.8G       787M       3.1G       5.7M        60M       322M

MemTotal:        4016004 kB
MemFree:         3209960 kB
Active:           450176 kB
Mem:          3.8G       787M       3.1G       5.7M        60M       322M

MemTotal:        4016004 kB
MemFree:         3209960 kB
Active:           450164 kB
Mem:          3.8G       787M       3.1G       5.7M        60M       322M

MemTotal:        4016004 kB
MemFree:         3209960 kB
Active:           450204 kB
Mem:          3.8G       787M       3.1G       5.7M        60M       322M

MemTotal:        4016004 kB
MemFree:         3209588 kB
Active:           450220 kB
Mem:          3.8G       787M       3.1G       5.7M        60M       322M

MemTotal:        4016004 kB
MemFree:         3209712 kB
Active:           450184 kB
Mem:          3.8G       787M       3.1G       5.7M        60M       322M

MemTotal:        4016004 kB
MemFree:         3209712 kB
Active:           450224 kB
Mem:          3.8G       787M       3.1G       5.7M        60M       322M

MemTotal:        4016004 kB
MemFree:         3209540 kB
Active:           450204 kB
Mem:          3.8G       787M       3.1G       5.7M        60M       322M

MemTotal:        4016004 kB
MemFree:         3209588 kB
Active:           450188 kB
Mem:          3.8G       787M       3.1G       5.7M        60M       322M

MemTotal:        4016004 kB
MemFree:         3209712 kB
Active:           450176 kB
Mem:          3.8G       787M       3.1G       5.7M        60M       322M

MemTotal:        4016004 kB
MemFree:         3209588 kB
Active:           450220 kB
Mem:          3.8G       787M       3.1G       5.7M        60M       322M

MemTotal:        4016004 kB
MemFree:         3209092 kB
Active:           450228 kB
Mem:          3.8G       787M       3.1G       5.7M        60M       322M

MemTotal:        4016004 kB
MemFree:         3209464 kB
Active:           450184 kB
Mem:          3.8G       787M       3.1G       5.7M        60M       322M

MemTotal:        4016004 kB
MemFree:         3209092 kB
Active:           450228 kB
Mem:          3.8G       787M       3.1G       5.7M        60M       322M

MemTotal:        4016004 kB
MemFree:         3208968 kB
Active:           450228 kB
Mem:          3.8G       787M       3.1G       5.7M        60M       322M

MemTotal:        4016004 kB
MemFree:         3209464 kB
Active:           450200 kB
Mem:          3.8G       787M       3.1G       5.7M        60M       322M

MemTotal:        4016004 kB
MemFree:         3209588 kB
Active:           450228 kB
Mem:          3.8G       787M       3.1G       5.7M        60M       322M

MemTotal:        4016004 kB
MemFree:         3209588 kB
Active:           450208 kB
Mem:          3.8G       787M       3.1G       5.7M        60M       322M

MemTotal:        4016004 kB
MemFree:         3209340 kB
Active:           450228 kB
Mem:          3.8G       787M       3.1G       5.7M        60M       322M

MemTotal:        4016004 kB
MemFree:         3209216 kB
Active:           450208 kB
Mem:          3.8G       787M       3.1G       5.7M        60M       322M

MemTotal:        4016004 kB
MemFree:         3209092 kB
Active:           450248 kB
Mem:          3.8G       787M       3.1G       5.7M        60M       322M

MemTotal:        4016004 kB
MemFree:         3209216 kB
Active:           450228 kB
Mem:          3.8G       787M       3.1G       5.7M        60M       322M

MemTotal:        4016004 kB
MemFree:         3209588 kB
Active:           450216 kB
Mem:          3.8G       787M       3.1G       5.7M        60M       322M

MemTotal:        4016004 kB
MemFree:         3209340 kB
Active:           450240 kB
Mem:          3.8G       787M       3.1G       5.7M        60M       322M

MemTotal:        4016004 kB
MemFree:         3209588 kB
Active:           450224 kB
Mem:          3.8G       787M       3.1G       5.7M        60M       322M

MemTotal:        4016004 kB
MemFree:         3209464 kB
Active:           450228 kB
Mem:          3.8G       787M       3.1G       5.7M        60M       322M

MemTotal:        4016004 kB
MemFree:         3209588 kB
Active:           450224 kB
Mem:          3.8G       787M       3.1G       5.7M        60M       322M

MemTotal:        4016004 kB
MemFree:         3208844 kB
Active:           450260 kB
Mem:          3.8G       788M       3.1G       5.7M        60M       322M

MemTotal:        4016004 kB
MemFree:         3209216 kB
Active:           450264 kB
Mem:          3.8G       787M       3.1G       5.7M        60M       322M

MemTotal:        4016004 kB
MemFree:         3209588 kB
Active:           450212 kB
Mem:          3.8G       787M       3.1G       5.7M        60M       322M

MemTotal:        4016004 kB
MemFree:         3209960 kB
Active:           450212 kB
Mem:          3.8G       787M       3.1G       5.7M        60M       322M

MemTotal:        4016004 kB
MemFree:         3209836 kB
Active:           450236 kB
Mem:          3.8G       787M       3.1G       5.7M        60M       322M

MemTotal:        4016004 kB
MemFree:         3209464 kB
Active:           450272 kB
Mem:          3.8G       787M       3.1G       5.7M        60M       322M

MemTotal:        4016004 kB
MemFree:         3209464 kB
Active:           450272 kB
Mem:          3.8G       787M       3.1G       5.7M        60M       322M

MemTotal:        4016004 kB
MemFree:         3209836 kB
Active:           450236 kB
Mem:          3.8G       787M       3.1G       5.7M        60M       322M

MemTotal:        4016004 kB
MemFree:         3209588 kB
Active:           450276 kB
Mem:          3.8G       788M       3.1G       5.7M        60M       322M

MemTotal:        4016004 kB
MemFree:         3209340 kB
Active:           450244 kB
Mem:          3.8G       787M       3.1G       5.7M        60M       322M

MemTotal:        4016004 kB
MemFree:         3209356 kB
Active:           450236 kB
Mem:          3.8G       787M       3.1G       5.7M        60M       322M

MemTotal:        4016004 kB
MemFree:         3209852 kB
Active:           450228 kB
Mem:          3.8G       787M       3.1G       5.7M        60M       322M

MemTotal:        4016004 kB
MemFree:         3209852 kB
Active:           450236 kB
Mem:          3.8G       787M       3.1G       5.7M        60M       322M

MemTotal:        4016004 kB
MemFree:         3209728 kB
Active:           450280 kB
Mem:          3.8G       787M       3.1G       5.7M        60M       322M

MemTotal:        4016004 kB
MemFree:         3209852 kB
Active:           450256 kB
Mem:          3.8G       787M       3.1G       5.7M        60M       322M

MemTotal:        4016004 kB
MemFree:         3209728 kB
Active:           450232 kB
Mem:          3.8G       787M       3.1G       5.7M        60M       322M

MemTotal:        4016004 kB
MemFree:         3209604 kB
Active:           450228 kB
Mem:          3.8G       787M       3.1G       5.7M        60M       322M

MemTotal:        4016004 kB
MemFree:         3209728 kB
Active:           450264 kB
Mem:          3.8G       787M       3.1G       5.7M        60M       322M

MemTotal:        4016004 kB
MemFree:         3209604 kB
Active:           450256 kB
Mem:          3.8G       787M       3.1G       5.7M        60M       322M

MemTotal:        4016004 kB
MemFree:         3209604 kB
Active:           450248 kB
Mem:          3.8G       787M       3.1G       5.7M        60M       322M

MemTotal:        4016004 kB
MemFree:         3209728 kB
Active:           450236 kB
Mem:          3.8G       787M       3.1G       5.7M        60M       322M

MemTotal:        4016004 kB
MemFree:         3209232 kB
Active:           450296 kB
Mem:          3.8G       787M       3.1G       5.7M        60M       322M

MemTotal:        4016004 kB
MemFree:         3209852 kB
Active:           450248 kB
Mem:          3.8G       787M       3.1G       5.7M        60M       322M

MemTotal:        4016004 kB
MemFree:         3209852 kB
Active:           450288 kB
Mem:          3.8G       787M       3.1G       5.7M        60M       322M

MemTotal:        4016004 kB
MemFree:         3209356 kB
Active:           450300 kB
Mem:          3.8G       787M       3.1G       5.7M        60M       322M

MemTotal:        4016004 kB
MemFree:         3209356 kB
Active:           450256 kB
Mem:          3.8G       788M       3.1G       5.7M        60M       322M

MemTotal:        4016004 kB
MemFree:         3209480 kB
Active:           450252 kB
Mem:          3.8G       787M       3.1G       5.7M        60M       322M

MemTotal:        4016004 kB
MemFree:         3209728 kB
Active:           450300 kB
Mem:          3.8G       787M       3.1G       5.7M        60M       322M

MemTotal:        4016004 kB
MemFree:         3209728 kB
Active:           450272 kB
Mem:          3.8G       787M       3.1G       5.7M        60M       322M

MemTotal:        4016004 kB
MemFree:         3209852 kB
Active:           450260 kB
Mem:          3.8G       787M       3.1G       5.7M        60M       322M

MemTotal:        4016004 kB
MemFree:         3209480 kB
Active:           450320 kB
Mem:          3.8G       787M       3.1G       5.7M        60M       322M

MemTotal:        4016004 kB
MemFree:         3209852 kB
Active:           450300 kB
Mem:          3.8G       787M       3.1G       5.7M        60M       322M

MemTotal:        4016004 kB
MemFree:         3209852 kB
Active:           450288 kB
Mem:          3.8G       787M       3.1G       5.7M        60M       322M

MemTotal:        4016004 kB
MemFree:         3209728 kB
Active:           450316 kB
Mem:          3.8G       787M       3.1G       5.7M        60M       322M

MemTotal:        4016004 kB
MemFree:         3209356 kB
Active:           450320 kB
Mem:          3.8G       787M       3.1G       5.7M        60M       322M

MemTotal:        4016004 kB
MemFree:         3209364 kB
Active:           450288 kB
Mem:          3.8G       787M       3.1G       5.7M        60M       322M

MemTotal:        4016004 kB
MemFree:         3209488 kB
Active:           450272 kB
Mem:          3.8G       787M       3.1G       5.7M        60M       322M

MemTotal:        4016004 kB
MemFree:         3209488 kB
Active:           450324 kB
Mem:          3.8G       787M       3.1G       5.7M        60M       322M

MemTotal:        4016004 kB
MemFree:         3208620 kB
Active:           450328 kB
Mem:          3.8G       788M       3.1G       5.7M        60M       322M

MemTotal:        4016004 kB
MemFree:         3208744 kB
Active:           450328 kB
Mem:          3.8G       788M       3.1G       5.7M        60M       322M

MemTotal:        4016004 kB
MemFree:         3209488 kB
Active:           450312 kB
Mem:          3.8G       787M       3.1G       5.7M        60M       322M

MemTotal:        4016004 kB
MemFree:         3209860 kB
Active:           450316 kB
Mem:          3.8G       787M       3.1G       5.7M        60M       322M

MemTotal:        4016004 kB
MemFree:         3209860 kB
Active:           450300 kB
Mem:          3.8G       787M       3.1G       5.7M        60M       322M

MemTotal:        4016004 kB
MemFree:         3209612 kB
Active:           450308 kB
Mem:          3.8G       787M       3.1G       5.7M        60M       322M

MemTotal:        4016004 kB
MemFree:         3209612 kB
Active:           450300 kB
Mem:          3.8G       787M       3.1G       5.7M        60M       322M

MemTotal:        4016004 kB
MemFree:         3209736 kB
Active:           450336 kB
Mem:          3.8G       787M       3.1G       5.7M        60M       322M

MemTotal:        4016004 kB
MemFree:         3209240 kB
Active:           450352 kB
Mem:          3.8G       787M       3.1G       5.7M        60M       322M

MemTotal:        4016004 kB
MemFree:         3209100 kB
Active:           450352 kB
Mem:          3.8G       787M       3.1G       5.7M        60M       322M

MemTotal:        4016004 kB
MemFree:         3209488 kB
Active:           450352 kB
