MemTotal:        4016004 kB
MemFree:         3212380 kB
Active:           450580 kB
Mem:          3.8G       785M       3.1G       5.7M        55M       327M

MemTotal:        4016004 kB
MemFree:         3211496 kB
Active:           451108 kB
Mem:          3.8G       785M       3.1G       5.7M        55M       327M

MemTotal:        4016004 kB
MemFree:         3211372 kB
Active:           451188 kB
Mem:          3.8G       786M       3.1G       5.7M        55M       327M

MemTotal:        4016004 kB
MemFree:         3211372 kB
Active:           451200 kB
Mem:          3.8G       785M       3.1G       5.7M        55M       327M

MemTotal:        4016004 kB
MemFree:         3211152 kB
Active:           449180 kB
Mem:          3.8G       785M       3.1G       5.7M        55M       327M

MemTotal:        4016004 kB
MemFree:         3211276 kB
Active:           451228 kB
Mem:          3.8G       785M       3.1G       5.7M        55M       327M

MemTotal:        4016004 kB
MemFree:         3211648 kB
Active:           451200 kB
Mem:          3.8G       785M       3.1G       5.7M        55M       327M

MemTotal:        4016004 kB
MemFree:         3211524 kB
Active:           451188 kB
Mem:          3.8G       785M       3.1G       5.7M        55M       327M

MemTotal:        4016004 kB
MemFree:         3211648 kB
Active:           451224 kB
Mem:          3.8G       785M       3.1G       5.7M        55M       327M

MemTotal:        4016004 kB
MemFree:         3211648 kB
Active:           451244 kB
Mem:          3.8G       785M       3.1G       5.7M        55M       327M

MemTotal:        4016004 kB
MemFree:         3211648 kB
Active:           451192 kB
Mem:          3.8G       785M       3.1G       5.7M        55M       327M

MemTotal:        4016004 kB
MemFree:         3212036 kB
Active:           451236 kB
Mem:          3.8G       785M       3.1G       5.7M        55M       327M

MemTotal:        4016004 kB
MemFree:         3211540 kB
Active:           451244 kB
Mem:          3.8G       785M       3.1G       5.7M        55M       327M

MemTotal:        4016004 kB
MemFree:         3212036 kB
Active:           451236 kB
Mem:          3.8G       785M       3.1G       5.7M        55M       327M

MemTotal:        4016004 kB
MemFree:         3211896 kB
Active:           451212 kB
Mem:          3.8G       785M       3.1G       5.7M        55M       327M

MemTotal:        4016004 kB
MemFree:         3211680 kB
Active:           451248 kB
Mem:          3.8G       785M       3.1G       5.7M        55M       327M

MemTotal:        4016004 kB
MemFree:         3211804 kB
Active:           451236 kB
Mem:          3.8G       785M       3.1G       5.7M        55M       327M

MemTotal:        4016004 kB
MemFree:         3211804 kB
Active:           451228 kB
Mem:          3.8G       785M       3.1G       5.7M        55M       327M

MemTotal:        4016004 kB
MemFree:         3211928 kB
Active:           451228 kB
Mem:          3.8G       785M       3.1G       5.7M        55M       327M

MemTotal:        4016004 kB
MemFree:         3211680 kB
Active:           451236 kB
Mem:          3.8G       785M       3.1G       5.7M        55M       327M

MemTotal:        4016004 kB
MemFree:         3211184 kB
Active:           451220 kB
Mem:          3.8G       786M       3.1G       5.7M        55M       327M

MemTotal:        4016004 kB
MemFree:         3211416 kB
Active:           451200 kB
Mem:          3.8G       785M       3.1G       5.7M        55M       327M

MemTotal:        4016004 kB
MemFree:         3211524 kB
Active:           451212 kB
Mem:          3.8G       785M       3.1G       5.7M        55M       327M

MemTotal:        4016004 kB
MemFree:         3211028 kB
Active:           451256 kB
Mem:          3.8G       785M       3.1G       5.7M        55M       327M

MemTotal:        4016004 kB
MemFree:         3210080 kB
Active:           449220 kB
Mem:          3.8G       786M       3.1G       5.7M        55M       327M

MemTotal:        4016004 kB
MemFree:         3211056 kB
Active:           451216 kB
Mem:          3.8G       786M       3.1G       5.7M        55M       327M

MemTotal:        4016004 kB
MemFree:         3210560 kB
Active:           451272 kB
Mem:          3.8G       786M       3.1G       5.7M        55M       327M

MemTotal:        4016004 kB
MemFree:         3211436 kB
Active:           451248 kB
Mem:          3.8G       785M       3.1G       5.7M        55M       327M

MemTotal:        4016004 kB
MemFree:         3211436 kB
Active:           451272 kB
Mem:          3.8G       785M       3.1G       5.7M        55M       327M

MemTotal:        4016004 kB
MemFree:         3211312 kB
Active:           451252 kB
Mem:          3.8G       785M       3.1G       5.7M        55M       327M

MemTotal:        4016004 kB
MemFree:         3211436 kB
Active:           451224 kB
Mem:          3.8G       785M       3.1G       5.7M        55M       327M

MemTotal:        4016004 kB
MemFree:         3211296 kB
Active:           451260 kB
Mem:          3.8G       785M       3.1G       5.7M        55M       327M

MemTotal:        4016004 kB
MemFree:         3211528 kB
Active:           451236 kB
Mem:          3.8G       785M       3.1G       5.7M        55M       327M

MemTotal:        4016004 kB
MemFree:         3211404 kB
Active:           451264 kB
Mem:          3.8G       785M       3.1G       5.7M        55M       327M

MemTotal:        4016004 kB
MemFree:         3211388 kB
Active:           451260 kB
Mem:          3.8G       785M       3.1G       5.7M        55M       327M

MemTotal:        4016004 kB
MemFree:         3211496 kB
Active:           451244 kB
Mem:          3.8G       785M       3.1G       5.7M        55M       327M

MemTotal:        4016004 kB
MemFree:         3211620 kB
Active:           451276 kB
Mem:          3.8G       785M       3.1G       5.7M        55M       327M

MemTotal:        4016004 kB
MemFree:         3211372 kB
Active:           451292 kB
Mem:          3.8G       785M       3.1G       5.7M        55M       327M

MemTotal:        4016004 kB
MemFree:         3211852 kB
Active:           451276 kB
Mem:          3.8G       785M       3.1G       5.7M        55M       327M

MemTotal:        4016004 kB
MemFree:         3211852 kB
Active:           451272 kB
Mem:          3.8G       785M       3.1G       5.7M        55M       327M

MemTotal:        4016004 kB
MemFree:         3211776 kB
Active:           451268 kB
Mem:          3.8G       785M       3.1G       5.7M        55M       327M

MemTotal:        4016004 kB
MemFree:         3211900 kB
Active:           451256 kB
Mem:          3.8G       785M       3.1G       5.7M        55M       327M

MemTotal:        4016004 kB
MemFree:         3211652 kB
Active:           451284 kB
Mem:          3.8G       785M       3.1G       5.7M        55M       327M

MemTotal:        4016004 kB
MemFree:         3211404 kB
Active:           451308 kB
Mem:          3.8G       785M       3.1G       5.7M        55M       327M

MemTotal:        4016004 kB
MemFree:         3211900 kB
Active:           451308 kB
Mem:          3.8G       785M       3.1G       5.7M        55M       327M

MemTotal:        4016004 kB
MemFree:         3212024 kB
Active:           451280 kB
Mem:          3.8G       785M       3.1G       5.7M        55M       327M

MemTotal:        4016004 kB
MemFree:         3211652 kB
Active:           451304 kB
Mem:          3.8G       785M       3.1G       5.7M        55M       327M

MemTotal:        4016004 kB
MemFree:         3211900 kB
Active:           451268 kB
Mem:          3.8G       785M       3.1G       5.7M        55M       327M

MemTotal:        4016004 kB
MemFree:         3211652 kB
Active:           451316 kB
Mem:          3.8G       785M       3.1G       5.7M        55M       327M

MemTotal:        4016004 kB
MemFree:         3211652 kB
Active:           451268 kB
Mem:          3.8G       785M       3.1G       5.7M        55M       327M

MemTotal:        4016004 kB
MemFree:         3211404 kB
Active:           451292 kB
Mem:          3.8G       785M       3.1G       5.7M        55M       327M

MemTotal:        4016004 kB
MemFree:         3211528 kB
Active:           451324 kB
Mem:          3.8G       785M       3.1G       5.7M        55M       327M

MemTotal:        4016004 kB
MemFree:         3211528 kB
Active:           451320 kB
Mem:          3.8G       785M       3.1G       5.7M        55M       327M

MemTotal:        4016004 kB
MemFree:         3210908 kB
Active:           451344 kB
Mem:          3.8G       786M       3.1G       5.7M        55M       327M

MemTotal:        4016004 kB
MemFree:         3210712 kB
Active:           449296 kB
Mem:          3.8G       786M       3.1G       5.7M        55M       327M

MemTotal:        4016004 kB
MemFree:         3211084 kB
Active:           449280 kB
Mem:          3.8G       786M       3.1G       5.7M        55M       327M

MemTotal:        4016004 kB
MemFree:         3211332 kB
Active:           451304 kB
Mem:          3.8G       786M       3.1G       5.7M        55M       327M

MemTotal:        4016004 kB
MemFree:         3210868 kB
Active:           451348 kB
Mem:          3.8G       786M       3.1G       5.7M        55M       327M

MemTotal:        4016004 kB
MemFree:         3211240 kB
Active:           451328 kB
Mem:          3.8G       785M       3.1G       5.7M        55M       327M

MemTotal:        4016004 kB
MemFree:         3211488 kB
Active:           451348 kB
Mem:          3.8G       785M       3.1G       5.7M        55M       327M

MemTotal:        4016004 kB
MemFree:         3211208 kB
Active:           451356 kB
Mem:          3.8G       785M       3.1G       5.7M        55M       327M

MemTotal:        4016004 kB
MemFree:         3096448 kB
Active:           452056 kB
Mem:          3.8G       900M       3.0G       5.7M        55M       439M

MemTotal:        4016004 kB
MemFree:         2982732 kB
Active:           452132 kB
Mem:          3.8G       1.0G       2.8G       5.7M        55M       547M

MemTotal:        4016004 kB
MemFree:         2862428 kB
Active:           452140 kB
Mem:          3.8G       1.1G       2.7G       5.7M        55M       663M

MemTotal:        4016004 kB
MemFree:         2858112 kB
Active:           452140 kB
Mem:          3.8G       1.1G       2.7G       5.7M        55M       665M

MemTotal:        4016004 kB
MemFree:         2785912 kB
Active:           452140 kB
Mem:          3.8G       1.2G       2.7G       5.7M        55M       736M

MemTotal:        4016004 kB
MemFree:         2758456 kB
Active:           452124 kB
Mem:          3.8G       1.2G       2.6G       5.7M        55M       762M

MemTotal:        4016004 kB
MemFree:         2756072 kB
Active:           452108 kB
Mem:          3.8G       1.2G       2.6G       5.7M        55M       763M

MemTotal:        4016004 kB
MemFree:         2755484 kB
Active:           452172 kB
Mem:          3.8G       1.2G       2.6G       5.7M        55M       764M

MemTotal:        4016004 kB
MemFree:         2755488 kB
Active:           452168 kB
Mem:          3.8G       1.2G       2.6G       5.7M        55M       764M

MemTotal:        4016004 kB
MemFree:         2720820 kB
Active:           452168 kB
Mem:          3.8G       1.2G       2.6G       5.7M        55M       800M

MemTotal:        4016004 kB
MemFree:         2616544 kB
Active:           452188 kB
Mem:          3.8G       1.3G       2.5G       5.7M        55M       901M

MemTotal:        4016004 kB
MemFree:         2485312 kB
Active:           452188 kB
Mem:          3.8G       1.5G       2.4G       5.7M        55M       1.0G

MemTotal:        4016004 kB
MemFree:         2405928 kB
Active:           452188 kB
Mem:          3.8G       1.5G       2.3G       5.7M        55M       1.1G

MemTotal:        4016004 kB
MemFree:         2391480 kB
Active:           450160 kB
Mem:          3.8G       1.6G       2.3G       5.7M        55M       1.1G

MemTotal:        4016004 kB
MemFree:         2306036 kB
Active:           452260 kB
Mem:          3.8G       1.6G       2.2G       5.7M        55M       1.2G

MemTotal:        4016004 kB
MemFree:         2290940 kB
Active:           452208 kB
Mem:          3.8G       1.6G       2.2G       5.7M        55M       1.2G

MemTotal:        4016004 kB
MemFree:         2206132 kB
Active:           452260 kB
Mem:          3.8G       1.7G       2.1G       5.7M        55M       1.3G

MemTotal:        4016004 kB
MemFree:         2183752 kB
Active:           452224 kB
Mem:          3.8G       1.8G       2.1G       5.7M        55M       1.3G

MemTotal:        4016004 kB
MemFree:         2106592 kB
Active:           452272 kB
Mem:          3.8G       1.8G       2.0G       5.7M        55M       1.4G

MemTotal:        4016004 kB
MemFree:         2106560 kB
Active:           452280 kB
Mem:          3.8G       1.8G       2.0G       5.7M        55M       1.4G

MemTotal:        4016004 kB
MemFree:         2105568 kB
Active:           452288 kB
Mem:          3.8G       1.8G       2.0G       5.7M        55M       1.4G

MemTotal:        4016004 kB
MemFree:         2103152 kB
Active:           452296 kB
Mem:          3.8G       1.8G       2.0G       5.7M        55M       1.4G

MemTotal:        4016004 kB
MemFree:         2080372 kB
Active:           452288 kB
Mem:          3.8G       1.8G       2.0G       5.7M        55M       1.4G

MemTotal:        4016004 kB
MemFree:         2019108 kB
Active:           450276 kB
Mem:          3.8G       1.9G       1.9G       5.7M        55M       1.4G

MemTotal:        4016004 kB
MemFree:         1892836 kB
Active:           452304 kB
Mem:          3.8G       2.0G       1.8G       5.7M        55M       1.6G

MemTotal:        4016004 kB
MemFree:         1761356 kB
Active:           452292 kB
Mem:          3.8G       2.2G       1.7G       5.7M        55M       1.7G

MemTotal:        4016004 kB
MemFree:         1755788 kB
Active:           452328 kB
Mem:          3.8G       2.2G       1.7G       5.7M        55M       1.7G

MemTotal:        4016004 kB
MemFree:         1679788 kB
Active:           452292 kB
Mem:          3.8G       2.2G       1.6G       5.7M        55M       1.8G

MemTotal:        4016004 kB
MemFree:         1664812 kB
Active:           452316 kB
Mem:          3.8G       2.2G       1.6G       5.7M        55M       1.8G

MemTotal:        4016004 kB
MemFree:         1574536 kB
Active:           452344 kB
Mem:          3.8G       2.3G       1.5G       5.7M        55M       1.9G

MemTotal:        4016004 kB
MemFree:         1546200 kB
Active:           452348 kB
Mem:          3.8G       2.4G       1.5G       5.7M        55M       1.9G

MemTotal:        4016004 kB
MemFree:         1482500 kB
Active:           452348 kB
Mem:          3.8G       2.4G       1.4G       5.7M        55M       1.9G

MemTotal:        4016004 kB
MemFree:         1481132 kB
Active:           452308 kB
Mem:          3.8G       2.4G       1.4G       5.7M        55M       1.9G

MemTotal:        4016004 kB
MemFree:         1479204 kB
Active:           450588 kB
Mem:          3.8G       2.4G       1.4G       5.7M        55M       1.9G

MemTotal:        4016004 kB
MemFree:         1479100 kB
Active:           452644 kB
Mem:          3.8G       2.4G       1.4G       5.7M        55M       1.9G

MemTotal:        4016004 kB
MemFree:         1479228 kB
Active:           452660 kB
Mem:          3.8G       2.4G       1.4G       5.7M        55M       1.9G

MemTotal:        4016004 kB
MemFree:         1382336 kB
Active:           452664 kB
Mem:          3.8G       2.5G       1.3G       5.7M        55M       2.0G

MemTotal:        4016004 kB
MemFree:         1248732 kB
Active:           452668 kB
Mem:          3.8G       2.6G       1.2G       5.7M        55M       2.2G

MemTotal:        4016004 kB
MemFree:         1132040 kB
Active:           452668 kB
Mem:          3.8G       2.8G       1.1G       5.7M        55M       2.3G

MemTotal:        4016004 kB
MemFree:         1131080 kB
Active:           452664 kB
Mem:          3.8G       2.8G       1.1G       5.7M        55M       2.3G

MemTotal:        4016004 kB
MemFree:         1047992 kB
Active:           452688 kB
Mem:          3.8G       2.8G       1.0G       5.7M        55M       2.3G

MemTotal:        4016004 kB
MemFree:         1023208 kB
Active:           452688 kB
Mem:          3.8G       2.9G       998M       5.7M        55M       2.4G

MemTotal:        4016004 kB
MemFree:          973804 kB
Active:           452688 kB
Mem:          3.8G       2.9G       951M       5.7M        55M       2.4G

MemTotal:        4016004 kB
MemFree:          905292 kB
Active:           452688 kB
Mem:          3.8G       3.0G       881M       5.7M        55M       2.5G

MemTotal:        4016004 kB
MemFree:          899320 kB
Active:           452696 kB
Mem:          3.8G       3.0G       878M       5.7M        55M       2.5G

MemTotal:        4016004 kB
MemFree:          896704 kB
Active:           452728 kB
Mem:          3.8G       3.0G       875M       5.7M        55M       2.5G

MemTotal:        4016004 kB
MemFree:          895040 kB
Active:           452712 kB
Mem:          3.8G       3.0G       874M       5.7M        55M       2.5G

MemTotal:        4016004 kB
MemFree:          848648 kB
Active:           452708 kB
Mem:          3.8G       3.0G       826M       5.7M        55M       2.5G

MemTotal:        4016004 kB
MemFree:          736436 kB
Active:           452728 kB
Mem:          3.8G       3.1G       717M       5.7M        55M       2.6G

MemTotal:        4016004 kB
MemFree:          617712 kB
Active:           452728 kB
Mem:          3.8G       3.2G       603M       5.7M        56M       2.8G

MemTotal:        4016004 kB
MemFree:          616784 kB
Active:           452740 kB
Mem:          3.8G       3.2G       602M       5.7M        56M       2.8G

MemTotal:        4016004 kB
MemFree:          542484 kB
Active:           452748 kB
Mem:          3.8G       3.3G       529M       5.7M        56M       2.8G

MemTotal:        4016004 kB
MemFree:          511296 kB
Active:           452748 kB
Mem:          3.8G       3.3G       497M       5.7M        56M       2.9G

MemTotal:        4016004 kB
MemFree:          465752 kB
Active:           452744 kB
Mem:          3.8G       3.4G       454M       5.7M        56M       2.9G

MemTotal:        4016004 kB
MemFree:          391348 kB
Active:           454792 kB
Mem:          3.8G       3.5G       382M       5.7M        56M       3.0G

MemTotal:        4016004 kB
MemFree:          389848 kB
Active:           454800 kB
Mem:          3.8G       3.5G       380M       5.7M        56M       3.0G

MemTotal:        4016004 kB
MemFree:          389692 kB
Active:           454784 kB
Mem:          3.8G       3.5G       380M       5.7M        56M       3.0G

MemTotal:        4016004 kB
MemFree:          389820 kB
Active:           454800 kB
Mem:          3.8G       3.5G       380M       5.7M        56M       3.0G

MemTotal:        4016004 kB
MemFree:          388040 kB
Active:           454776 kB
Mem:          3.8G       3.5G       378M       5.7M        56M       3.0G

MemTotal:        4016004 kB
MemFree:          265508 kB
Active:           454772 kB
Mem:          3.8G       3.6G       258M       5.7M        56M       3.1G

MemTotal:        4016004 kB
MemFree:          150056 kB
Active:           454780 kB
Mem:          3.8G       3.7G       143M       5.7M        56M       3.2G

MemTotal:        4016004 kB
MemFree:          135220 kB
Active:           467808 kB
Mem:          3.8G       3.7G       105M       5.7M        22M       3.3G

MemTotal:        4016004 kB
MemFree:          107464 kB
Active:           513180 kB
Mem:          3.8G       3.7G       104M       5.7M        22M       3.3G

MemTotal:        4016004 kB
MemFree:          110668 kB
Active:           506700 kB
Mem:          3.8G       3.7G       104M       5.7M        22M       3.3G

MemTotal:        4016004 kB
MemFree:          136960 kB
Active:           499516 kB
Mem:          3.8G       3.7G       133M       5.7M        22M       3.2G

MemTotal:        4016004 kB
MemFree:          134224 kB
Active:           493984 kB
Mem:          3.8G       3.7G       130M       5.7M        22M       3.2G

MemTotal:        4016004 kB
MemFree:          133080 kB
Active:           494008 kB
Mem:          3.8G       3.7G       130M       5.7M        22M       3.2G

MemTotal:        4016004 kB
MemFree:          131996 kB
Active:           494016 kB
Mem:          3.8G       3.7G       128M       5.7M        22M       3.2G

MemTotal:        4016004 kB
MemFree:          130096 kB
Active:           494016 kB
Mem:          3.8G       3.7G       127M       5.7M        22M       3.2G

MemTotal:        4016004 kB
MemFree:          113732 kB
Active:           494008 kB
Mem:          3.8G       3.7G       108M       5.7M        22M       3.3G

MemTotal:        4016004 kB
MemFree:          128928 kB
Active:           479528 kB
Mem:          3.8G       3.7G       134M       5.7M        22M       3.2G

MemTotal:        4016004 kB
MemFree:          130252 kB
Active:           466728 kB
Mem:          3.8G       3.7G       125M       5.7M        22M       3.2G

MemTotal:        4016004 kB
MemFree:          116032 kB
Active:           464680 kB
Mem:          3.8G       3.7G       113M       5.7M        22M       3.3G

MemTotal:        4016004 kB
MemFree:          124292 kB
Active:           460868 kB
Mem:          3.8G       3.7G       118M       5.7M        22M       3.2G

MemTotal:        4016004 kB
MemFree:          105256 kB
Active:           460744 kB
Mem:          3.8G       3.7G       124M       5.7M        22M       3.2G

MemTotal:        4016004 kB
MemFree:          131584 kB
Active:           458324 kB
Mem:          3.8G       3.7G       128M       5.7M        22M       3.2G

MemTotal:        4016004 kB
MemFree:          144596 kB
Active:           454144 kB
Mem:          3.8G       3.7G       141M       5.7M        22M       3.2G

MemTotal:        4016004 kB
MemFree:          143608 kB
Active:           453996 kB
Mem:          3.8G       3.7G       140M       5.7M        22M       3.2G

MemTotal:        4016004 kB
MemFree:          142680 kB
Active:           454032 kB
Mem:          3.8G       3.7G       138M       5.7M        22M       3.2G

MemTotal:        4016004 kB
MemFree:          141568 kB
Active:           454040 kB
Mem:          3.8G       3.7G       138M       5.7M        22M       3.2G

MemTotal:        4016004 kB
MemFree:          141912 kB
Active:           454036 kB
Mem:          3.8G       3.7G       138M       5.7M        22M       3.2G

MemTotal:        4016004 kB
MemFree:          137652 kB
Active:           450812 kB
Mem:          3.8G       3.7G       133M       5.7M        22M       3.2G

MemTotal:        4016004 kB
MemFree:          134372 kB
Active:           444284 kB
Mem:          3.8G       3.7G       130M       5.7M        22M       3.2G

MemTotal:        4016004 kB
MemFree:          139912 kB
Active:           439932 kB
Mem:          3.8G       3.7G       138M       5.7M        22M       3.2G

MemTotal:        4016004 kB
MemFree:          140452 kB
Active:           438784 kB
Mem:          3.8G       3.7G       134M       5.7M        22M       3.2G

MemTotal:        4016004 kB
MemFree:          150064 kB
Active:           436868 kB
Mem:          3.8G       3.7G       146M       5.7M        22M       3.2G

MemTotal:        4016004 kB
MemFree:          143084 kB
Active:           435044 kB
Mem:          3.8G       3.7G       139M       5.7M        22M       3.2G

MemTotal:        4016004 kB
MemFree:          117548 kB
Active:           435048 kB
Mem:          3.8G       3.7G       113M       5.7M        22M       3.3G

MemTotal:        4016004 kB
MemFree:          142868 kB
Active:           431244 kB
Mem:          3.8G       3.7G       139M       5.7M        22M       3.2G

MemTotal:        4016004 kB
MemFree:          141644 kB
Active:           431124 kB
Mem:          3.8G       3.7G       138M       5.7M        22M       3.2G

MemTotal:        4016004 kB
MemFree:          140684 kB
Active:           431116 kB
Mem:          3.8G       3.7G       137M       5.7M        22M       3.2G

MemTotal:        4016004 kB
MemFree:          140872 kB
Active:           431120 kB
Mem:          3.8G       3.7G       137M       5.7M        22M       3.2G

MemTotal:        4016004 kB
MemFree:          140908 kB
Active:           431136 kB
Mem:          3.8G       3.7G       137M       5.7M        22M       3.2G

MemTotal:        4016004 kB
MemFree:          145952 kB
Active:           425792 kB
Mem:          3.8G       3.7G       140M       5.7M        22M       3.2G

MemTotal:        4016004 kB
MemFree:          112540 kB
Active:           422228 kB
Mem:          3.8G       3.7G       108M       5.7M        22M       3.3G

MemTotal:        4016004 kB
MemFree:          138436 kB
Active:           419816 kB
Mem:          3.8G       3.7G       135M       5.7M        22M       3.2G

MemTotal:        4016004 kB
MemFree:          135752 kB
Active:           418040 kB
Mem:          3.8G       3.7G       130M       5.7M        22M       3.2G

MemTotal:        4016004 kB
MemFree:          125800 kB
Active:           417784 kB
Mem:          3.8G       3.7G       120M       5.7M        22M       3.2G

MemTotal:        4016004 kB
MemFree:          138876 kB
Active:           415440 kB
Mem:          3.8G       3.7G       135M       5.7M        22M       3.2G

MemTotal:        4016004 kB
MemFree:          122292 kB
Active:           414164 kB
Mem:          3.8G       3.7G       119M       5.7M        22M       3.2G

MemTotal:        4016004 kB
MemFree:          121236 kB
Active:           414208 kB
Mem:          3.8G       3.7G       118M       5.7M        22M       3.2G

MemTotal:        4016004 kB
MemFree:          121052 kB
Active:           414224 kB
Mem:          3.8G       3.7G       118M       5.7M        22M       3.2G

MemTotal:        4016004 kB
MemFree:          120948 kB
Active:           414224 kB
Mem:          3.8G       3.7G       118M       5.7M        22M       3.2G

MemTotal:        4016004 kB
MemFree:          121016 kB
Active:           414192 kB
Mem:          3.8G       3.7G       118M       5.7M        22M       3.2G

MemTotal:        4016004 kB
MemFree:          128980 kB
Active:           410472 kB
Mem:          3.8G       3.7G       124M       5.7M        22M       3.2G

MemTotal:        4016004 kB
MemFree:          128616 kB
Active:           405344 kB
Mem:          3.8G       3.7G       133M       5.7M        22M       3.2G

MemTotal:        4016004 kB
MemFree:          124780 kB
Active:           400352 kB
Mem:          3.8G       3.7G       130M       5.7M        22M       3.2G

MemTotal:        4016004 kB
MemFree:          123312 kB
Active:           399176 kB
Mem:          3.8G       3.7G       124M       5.7M        22M       3.2G

MemTotal:        4016004 kB
MemFree:          132104 kB
Active:           395484 kB
Mem:          3.8G       3.7G       129M       5.7M        22M       3.2G

MemTotal:        4016004 kB
MemFree:          126040 kB
Active:           393736 kB
Mem:          3.8G       3.7G       122M       5.7M        22M       3.2G

MemTotal:        4016004 kB
MemFree:          116560 kB
Active:           392480 kB
Mem:          3.8G       3.7G       113M       5.7M        22M       3.3G

MemTotal:        4016004 kB
MemFree:          115924 kB
Active:           392948 kB
Mem:          3.8G       3.7G       113M       5.7M        22M       3.3G

MemTotal:        4016004 kB
MemFree:          116280 kB
Active:           394868 kB
Mem:          3.8G       3.7G       112M       5.7M        22M       3.3G

MemTotal:        4016004 kB
MemFree:          125428 kB
Active:           393140 kB
Mem:          3.8G       3.7G       119M       5.7M        22M       3.2G

MemTotal:        4016004 kB
MemFree:          119840 kB
Active:           389428 kB
Mem:          3.8G       3.7G       114M       5.7M        22M       3.3G

MemTotal:        4016004 kB
MemFree:          131868 kB
Active:           387636 kB
Mem:          3.8G       3.7G       126M       5.7M        22M       3.2G

MemTotal:        4016004 kB
MemFree:          135724 kB
Active:           387520 kB
Mem:          3.8G       3.7G       132M       5.7M        22M       3.2G

MemTotal:        4016004 kB
MemFree:          137780 kB
Active:           387420 kB
Mem:          3.8G       3.7G       134M       5.7M        22M       3.2G

MemTotal:        4016004 kB
MemFree:          135340 kB
Active:           387344 kB
Mem:          3.8G       3.7G       131M       5.7M        22M       3.2G

MemTotal:        4016004 kB
MemFree:          128384 kB
Active:           387344 kB
Mem:          3.8G       3.7G       123M       5.7M        22M       3.2G

MemTotal:        4016004 kB
MemFree:          127436 kB
Active:           385404 kB
Mem:          3.8G       3.7G       124M       5.7M        22M       3.2G

MemTotal:        4016004 kB
MemFree:          142620 kB
Active:           386468 kB
Mem:          3.8G       3.7G       139M       5.7M        22M       3.2G

MemTotal:        4016004 kB
MemFree:          136520 kB
Active:           386388 kB
Mem:          3.8G       3.7G       133M       5.7M        22M       3.2G

MemTotal:        4016004 kB
MemFree:          137108 kB
Active:           386500 kB
Mem:          3.8G       3.7G       134M       5.7M        22M       3.2G

MemTotal:        4016004 kB
MemFree:          136620 kB
Active:           386476 kB
Mem:          3.8G       3.7G       132M       5.7M        22M       3.2G

MemTotal:        4016004 kB
MemFree:          136000 kB
Active:           386536 kB
Mem:          3.8G       3.7G       132M       5.7M        22M       3.2G

MemTotal:        4016004 kB
MemFree:          135760 kB
Active:           386552 kB
Mem:          3.8G       3.7G       132M       5.7M        22M       3.2G

MemTotal:        4016004 kB
MemFree:          141296 kB
Active:           386600 kB
Mem:          3.8G       3.7G       137M       5.7M        22M       3.2G

MemTotal:        4016004 kB
MemFree:          112640 kB
Active:           386840 kB
Mem:          3.8G       3.7G       108M       5.7M        22M       3.3G

MemTotal:        4016004 kB
MemFree:          126552 kB
Active:           386752 kB
Mem:          3.8G       3.7G       121M       5.7M        22M       3.2G

MemTotal:        4016004 kB
MemFree:          145692 kB
Active:           386632 kB
Mem:          3.8G       3.7G       140M       5.7M        22M       3.2G

MemTotal:        4016004 kB
MemFree:          137968 kB
Active:           386016 kB
Mem:          3.8G       3.7G       134M       5.7M        22M       3.2G

MemTotal:        4016004 kB
MemFree:          110900 kB
Active:           385824 kB
Mem:          3.8G       3.7G       105M       5.7M        22M       3.3G

MemTotal:        4016004 kB
MemFree:          135136 kB
Active:           385680 kB
Mem:          3.8G       3.7G       132M       5.7M        22M       3.2G

MemTotal:        4016004 kB
MemFree:          140104 kB
Active:           385636 kB
Mem:          3.8G       3.7G       136M       5.7M        22M       3.2G

MemTotal:        4016004 kB
MemFree:          138696 kB
Active:           385600 kB
Mem:          3.8G       3.7G       135M       5.7M        22M       3.2G

MemTotal:        4016004 kB
MemFree:          138448 kB
Active:           385624 kB
Mem:          3.8G       3.7G       134M       5.7M        22M       3.2G

MemTotal:        4016004 kB
MemFree:          137984 kB
Active:           385652 kB
Mem:          3.8G       3.7G       134M       5.7M        22M       3.2G

MemTotal:        4016004 kB
MemFree:          130872 kB
Active:           385620 kB
Mem:          3.8G       3.7G       125M       5.7M        22M       3.2G

MemTotal:        4016004 kB
MemFree:          116572 kB
Active:           385648 kB
Mem:          3.8G       3.7G       134M       5.7M        22M       3.2G

MemTotal:        4016004 kB
MemFree:          120904 kB
Active:           385660 kB
Mem:          3.8G       3.7G       114M       5.7M        22M       3.2G

MemTotal:        4016004 kB
MemFree:          132788 kB
Active:           382060 kB
Mem:          3.8G       3.7G       129M       5.7M        22M       3.2G

MemTotal:        4016004 kB
MemFree:          148272 kB
Active:           381900 kB
Mem:          3.8G       3.7G       144M       5.7M        22M       3.2G

MemTotal:        4016004 kB
MemFree:          130496 kB
Active:           381916 kB
Mem:          3.8G       3.7G       126M       5.7M        22M       3.2G

MemTotal:        4016004 kB
MemFree:          136620 kB
Active:           381924 kB
Mem:          3.8G       3.7G       133M       5.7M        22M       3.2G

MemTotal:        4016004 kB
MemFree:          136576 kB
Active:           381912 kB
Mem:          3.8G       3.7G       133M       5.7M        22M       3.2G

MemTotal:        4016004 kB
MemFree:          143384 kB
Active:           379480 kB
Mem:          3.8G       3.7G       139M       5.7M        22M       3.2G

MemTotal:        4016004 kB
MemFree:          142504 kB
Active:           379300 kB
Mem:          3.8G       3.7G       139M       5.7M        22M       3.2G

MemTotal:        4016004 kB
MemFree:          141328 kB
Active:           379316 kB
Mem:          3.8G       3.7G       137M       5.7M        22M       3.2G

MemTotal:        4016004 kB
MemFree:          140556 kB
Active:           379304 kB
Mem:          3.8G       3.7G       137M       5.7M        22M       3.2G

MemTotal:        4016004 kB
MemFree:          139936 kB
Active:           379312 kB
Mem:          3.8G       3.7G       136M       5.7M        22M       3.2G

MemTotal:        4016004 kB
MemFree:          126484 kB
Active:           380472 kB
Mem:          3.8G       3.7G       120M       5.7M        22M       3.2G

MemTotal:        4016004 kB
MemFree:          139760 kB
Active:           380484 kB
Mem:          3.8G       3.7G       134M       5.7M        22M       3.2G

MemTotal:        4016004 kB
MemFree:          139504 kB
Active:           379916 kB
Mem:          3.8G       3.7G       135M       5.7M        22M       3.2G

MemTotal:        4016004 kB
MemFree:          127636 kB
Active:           379648 kB
Mem:          3.8G       3.7G       121M       5.7M        22M       3.2G

MemTotal:        4016004 kB
MemFree:          137036 kB
Active:           379760 kB
Mem:          3.8G       3.7G       133M       5.7M        22M       3.2G

MemTotal:        4016004 kB
MemFree:          126420 kB
Active:           379632 kB
Mem:          3.8G       3.7G       121M       5.7M        22M       3.2G

MemTotal:        4016004 kB
MemFree:          116188 kB
Active:           379772 kB
Mem:          3.8G       3.7G       110M       5.7M        22M       3.3G

MemTotal:        4016004 kB
MemFree:          138372 kB
Active:           379628 kB
Mem:          3.8G       3.7G       135M       5.7M        22M       3.2G

MemTotal:        4016004 kB
MemFree:          137724 kB
Active:           379760 kB
Mem:          3.8G       3.7G       134M       5.7M        22M       3.2G

MemTotal:        4016004 kB
MemFree:          136972 kB
Active:           377732 kB
Mem:          3.8G       3.7G       133M       5.7M        22M       3.2G

MemTotal:        4016004 kB
MemFree:          135928 kB
Active:           379736 kB
Mem:          3.8G       3.7G       132M       5.7M        22M       3.2G

MemTotal:        4016004 kB
MemFree:          127472 kB
Active:           379744 kB
Mem:          3.8G       3.7G       123M       5.7M        22M       3.2G

MemTotal:        4016004 kB
MemFree:          121156 kB
Active:           379760 kB
Mem:          3.8G       3.7G       116M       5.7M        22M       3.2G

MemTotal:        4016004 kB
MemFree:          113588 kB
Active:           377892 kB
Mem:          3.8G       3.7G       107M       5.7M        22M       3.3G

MemTotal:        4016004 kB
MemFree:          131216 kB
Active:           377952 kB
Mem:          3.8G       3.7G       128M       5.7M        22M       3.2G

MemTotal:        4016004 kB
MemFree:          130100 kB
Active:           377908 kB
Mem:          3.8G       3.7G       126M       5.7M        22M       3.2G

MemTotal:        4016004 kB
MemFree:          141876 kB
Active:           377900 kB
Mem:          3.8G       3.7G       139M       5.7M        22M       3.2G

MemTotal:        4016004 kB
MemFree:          127612 kB
Active:           377936 kB
Mem:          3.8G       3.7G       123M       5.7M        22M       3.2G

MemTotal:        4016004 kB
MemFree:          156500 kB
Active:           366460 kB
Mem:          3.8G       3.7G       153M       5.7M        22M       3.2G

MemTotal:        4016004 kB
MemFree:          128036 kB
Active:           366224 kB
Mem:          3.8G       3.7G       124M       5.7M        22M       3.2G

MemTotal:        4016004 kB
MemFree:          127508 kB
Active:           368012 kB
Mem:          3.8G       3.7G       124M       5.7M        22M       3.2G

MemTotal:        4016004 kB
MemFree:          127076 kB
Active:           368092 kB
Mem:          3.8G       3.7G       124M       5.7M        22M       3.2G

MemTotal:        4016004 kB
MemFree:          126572 kB
Active:           368220 kB
Mem:          3.8G       3.7G       123M       5.7M        22M       3.2G

MemTotal:        4016004 kB
MemFree:          126996 kB
Active:           368076 kB
Mem:          3.8G       3.7G       124M       5.7M        22M       3.2G

MemTotal:        4016004 kB
MemFree:          139236 kB
Active:           366696 kB
Mem:          3.8G       3.7G       134M       5.7M        23M       3.2G

MemTotal:        4016004 kB
MemFree:          133136 kB
Active:           366808 kB
Mem:          3.8G       3.7G       128M       5.7M        23M       3.2G

MemTotal:        4016004 kB
MemFree:          127408 kB
Active:           366808 kB
Mem:          3.8G       3.7G       121M       5.7M        23M       3.2G

MemTotal:        4016004 kB
MemFree:          125212 kB
Active:           363636 kB
Mem:          3.8G       3.7G       120M       5.7M        23M       3.2G

MemTotal:        4016004 kB
MemFree:          144356 kB
Active:           363720 kB
Mem:          3.8G       3.7G       140M       5.7M        23M       3.2G

MemTotal:        4016004 kB
MemFree:          140444 kB
Active:           360988 kB
Mem:          3.8G       3.7G       137M       5.7M        23M       3.2G

MemTotal:        4016004 kB
MemFree:          139428 kB
Active:           362996 kB
Mem:          3.8G       3.7G       136M       5.7M        23M       3.2G

MemTotal:        4016004 kB
MemFree:          134928 kB
Active:           363004 kB
Mem:          3.8G       3.7G       132M       5.7M        23M       3.2G

MemTotal:        4016004 kB
MemFree:          135648 kB
Active:           362964 kB
Mem:          3.8G       3.7G       132M       5.7M        23M       3.2G

MemTotal:        4016004 kB
MemFree:          136044 kB
Active:           362860 kB
Mem:          3.8G       3.7G       132M       5.7M        23M       3.2G

MemTotal:        4016004 kB
MemFree:          134352 kB
Active:           362988 kB
Mem:          3.8G       3.7G       130M       5.7M        23M       3.2G

MemTotal:        4016004 kB
MemFree:          143152 kB
Active:           362732 kB
Mem:          3.8G       3.7G       137M       5.7M        23M       3.2G

MemTotal:        4016004 kB
MemFree:          135280 kB
Active:           362996 kB
Mem:          3.8G       3.7G       130M       5.7M        23M       3.2G

MemTotal:        4016004 kB
MemFree:          128216 kB
Active:           361124 kB
Mem:          3.8G       3.7G       122M       5.7M        23M       3.2G

MemTotal:        4016004 kB
MemFree:          140732 kB
Active:           361060 kB
Mem:          3.8G       3.7G       135M       5.7M        23M       3.2G

MemTotal:        4016004 kB
MemFree:          131900 kB
Active:           361052 kB
Mem:          3.8G       3.7G       126M       5.7M        23M       3.2G

MemTotal:        4016004 kB
MemFree:          110068 kB
Active:           362832 kB
Mem:          3.8G       3.7G       106M       5.7M        23M       3.3G

MemTotal:        4016004 kB
MemFree:          150396 kB
Active:           359468 kB
Mem:          3.8G       3.7G       145M       5.7M        23M       3.2G

MemTotal:        4016004 kB
MemFree:          148656 kB
Active:           359120 kB
Mem:          3.8G       3.7G       144M       5.7M        23M       3.2G

MemTotal:        4016004 kB
MemFree:          146976 kB
Active:           359332 kB
Mem:          3.8G       3.7G       143M       5.7M        23M       3.2G

MemTotal:        4016004 kB
MemFree:          145684 kB
Active:           359292 kB
Mem:          3.8G       3.7G       142M       5.7M        23M       3.2G

MemTotal:        4016004 kB
MemFree:          144192 kB
Active:           359448 kB
Mem:          3.8G       3.7G       140M       5.7M        23M       3.2G

MemTotal:        4016004 kB
MemFree:          143424 kB
Active:           359248 kB
Mem:          3.8G       3.7G       140M       5.7M        23M       3.2G

MemTotal:        4016004 kB
MemFree:          142048 kB
Active:           359496 kB
Mem:          3.8G       3.7G       138M       5.7M        23M       3.2G

MemTotal:        4016004 kB
MemFree:          142120 kB
Active:           359316 kB
Mem:          3.8G       3.7G       139M       5.7M        23M       3.2G

MemTotal:        4016004 kB
MemFree:          142204 kB
Active:           359480 kB
Mem:          3.8G       3.7G       139M       5.7M        23M       3.2G

MemTotal:        4016004 kB
MemFree:          131556 kB
Active:           359468 kB
Mem:          3.8G       3.7G       125M       5.7M        23M       3.2G

MemTotal:        4016004 kB
MemFree:          124552 kB
Active:           359356 kB
Mem:          3.8G       3.7G       120M       5.7M        23M       3.2G

MemTotal:        4016004 kB
MemFree:          121240 kB
Active:           359428 kB
Mem:          3.8G       3.7G       116M       5.7M        23M       3.2G

MemTotal:        4016004 kB
MemFree:          129724 kB
Active:           359440 kB
Mem:          3.8G       3.7G       125M       5.7M        23M       3.2G

MemTotal:        4016004 kB
MemFree:          113820 kB
Active:           359540 kB
Mem:          3.8G       3.7G       109M       5.7M        23M       3.2G

MemTotal:        4016004 kB
MemFree:          134912 kB
Active:           359528 kB
Mem:          3.8G       3.7G       131M       5.7M        23M       3.2G

MemTotal:        4016004 kB
MemFree:          143488 kB
Active:           313252 kB
Mem:          3.8G       3.7G       140M       5.7M        23M       3.2G

MemTotal:        4016004 kB
MemFree:          109816 kB
Active:           313160 kB
Mem:          3.8G       3.7G       107M       5.7M        23M       3.2G

MemTotal:        4016004 kB
MemFree:          110044 kB
Active:           313204 kB
Mem:          3.8G       3.7G       107M       5.7M        23M       3.2G

MemTotal:        4016004 kB
MemFree:          110272 kB
Active:           313124 kB
Mem:          3.8G       3.7G       107M       5.7M        23M       3.2G

MemTotal:        4016004 kB
MemFree:          108192 kB
Active:           313096 kB
Mem:          3.8G       3.7G       105M       5.7M        23M       3.2G

MemTotal:        4016004 kB
MemFree:          106944 kB
Active:           313124 kB
Mem:          3.8G       3.7G       104M       5.7M        23M       3.2G

MemTotal:        4016004 kB
MemFree:          119080 kB
Active:           313064 kB
Mem:          3.8G       3.7G       114M       5.7M        23M       3.2G

MemTotal:        4016004 kB
MemFree:          129008 kB
Active:           313128 kB
Mem:          3.8G       3.7G       146M       5.7M        23M       3.2G

MemTotal:        4016004 kB
MemFree:          126900 kB
Active:           313256 kB
Mem:          3.8G       3.7G       122M       5.7M        23M       3.2G

MemTotal:        4016004 kB
MemFree:          130124 kB
Active:           313016 kB
Mem:          3.8G       3.7G       129M       5.7M        23M       3.2G

MemTotal:        4016004 kB
MemFree:          121468 kB
Active:           312948 kB
Mem:          3.8G       3.7G       117M       5.7M        23M       3.2G

MemTotal:        4016004 kB
MemFree:          111108 kB
Active:           313008 kB
Mem:          3.8G       3.7G       108M       5.7M        23M       3.2G

MemTotal:        4016004 kB
MemFree:          137664 kB
Active:           312872 kB
Mem:          3.8G       3.7G       134M       5.7M        23M       3.2G

MemTotal:        4016004 kB
MemFree:          140288 kB
Active:           308312 kB
Mem:          3.8G       3.7G       137M       5.7M        23M       3.2G

MemTotal:        4016004 kB
MemFree:          108768 kB
Active:           308068 kB
Mem:          3.8G       3.7G       105M       5.7M        23M       3.2G

MemTotal:        4016004 kB
MemFree:          107424 kB
Active:           308180 kB
Mem:          3.8G       3.7G       104M       5.7M        23M       3.2G

MemTotal:        4016004 kB
MemFree:          106660 kB
Active:           310288 kB
Mem:          3.8G       3.7G       103M       5.7M        23M       3.2G

MemTotal:        4016004 kB
MemFree:          105336 kB
Active:           310132 kB
Mem:          3.8G       3.7G       102M       5.7M        23M       3.3G

MemTotal:        4016004 kB
MemFree:          105232 kB
Active:           310100 kB
Mem:          3.8G       3.7G       102M       5.7M        23M       3.3G

MemTotal:        4016004 kB
MemFree:          106336 kB
Active:           309372 kB
Mem:          3.8G       3.7G       102M       5.7M        23M       3.3G

MemTotal:        4016004 kB
MemFree:          138212 kB
Active:           309216 kB
Mem:          3.8G       3.7G       137M       5.7M        23M       3.2G

MemTotal:        4016004 kB
MemFree:          142980 kB
Active:           309040 kB
Mem:          3.8G       3.7G       138M       5.7M        23M       3.2G

MemTotal:        4016004 kB
MemFree:          131348 kB
Active:           309084 kB
Mem:          3.8G       3.7G       128M       5.7M        23M       3.2G

MemTotal:        4016004 kB
MemFree:          131556 kB
Active:           308816 kB
Mem:          3.8G       3.7G       128M       5.7M        23M       3.2G

MemTotal:        4016004 kB
MemFree:          124872 kB
Active:           308432 kB
Mem:          3.8G       3.7G       121M       5.7M        23M       3.2G

MemTotal:        4016004 kB
MemFree:          124780 kB
Active:           308484 kB
Mem:          3.8G       3.7G       121M       5.7M        23M       3.2G

MemTotal:        4016004 kB
MemFree:          124888 kB
Active:           308488 kB
Mem:          3.8G       3.7G       121M       5.7M        23M       3.2G

MemTotal:        4016004 kB
MemFree:          124904 kB
Active:           308464 kB
Mem:          3.8G       3.7G       121M       5.7M        23M       3.2G

MemTotal:        4016004 kB
MemFree:          125000 kB
Active:           308556 kB
Mem:          3.8G       3.7G       121M       5.7M        23M       3.2G

MemTotal:        4016004 kB
MemFree:          124400 kB
Active:           308604 kB
Mem:          3.8G       3.7G       121M       5.7M        23M       3.2G

MemTotal:        4016004 kB
MemFree:          124304 kB
Active:           308736 kB
Mem:          3.8G       3.7G       121M       5.7M        23M       3.2G

MemTotal:        4016004 kB
MemFree:          124660 kB
Active:           308740 kB
Mem:          3.8G       3.7G       121M       5.7M        23M       3.2G

MemTotal:        4016004 kB
MemFree:          124808 kB
Active:           308752 kB
Mem:          3.8G       3.7G       121M       5.7M        23M       3.2G

MemTotal:        4016004 kB
MemFree:          124284 kB
Active:           308708 kB
Mem:          3.8G       3.7G       121M       5.7M        23M       3.2G

MemTotal:        4016004 kB
MemFree:          124184 kB
Active:           308732 kB
Mem:          3.8G       3.7G       121M       5.7M        23M       3.2G

MemTotal:        4016004 kB
MemFree:          124080 kB
Active:           308792 kB
Mem:          3.8G       3.7G       121M       5.7M        23M       3.2G

MemTotal:        4016004 kB
MemFree:          123712 kB
Active:           308876 kB
Mem:          3.8G       3.7G       121M       5.7M        23M       3.2G

MemTotal:        4016004 kB
MemFree:          123960 kB
Active:           308780 kB
Mem:          3.8G       3.7G       120M       5.7M        23M       3.2G

MemTotal:        4016004 kB
MemFree:          123912 kB
Active:           308628 kB
Mem:          3.8G       3.7G       120M       5.7M        23M       3.2G

MemTotal:        4016004 kB
MemFree:          124924 kB
Active:           308240 kB
Mem:          3.8G       3.7G       121M       5.7M        23M       3.2G

MemTotal:        4016004 kB
MemFree:          125188 kB
Active:           308168 kB
Mem:          3.8G       3.7G       122M       5.7M        23M       3.2G

MemTotal:        4016004 kB
MemFree:          125188 kB
Active:           308268 kB
Mem:          3.8G       3.7G       122M       5.7M        23M       3.2G

MemTotal:        4016004 kB
MemFree:          125064 kB
Active:           308160 kB
Mem:          3.8G       3.7G       121M       5.7M        23M       3.2G

MemTotal:        4016004 kB
MemFree:          125388 kB
Active:           308180 kB
Mem:          3.8G       3.7G       122M       5.7M        23M       3.2G

MemTotal:        4016004 kB
MemFree:          125264 kB
Active:           308084 kB
Mem:          3.8G       3.7G       122M       5.7M        23M       3.2G

MemTotal:        4016004 kB
MemFree:          125264 kB
Active:           308076 kB
Mem:          3.8G       3.7G       122M       5.7M        23M       3.2G

MemTotal:        4016004 kB
MemFree:          125884 kB
Active:           308144 kB
Mem:          3.8G       3.7G       122M       5.7M        23M       3.2G

MemTotal:        4016004 kB
MemFree:          125420 kB
Active:           308320 kB
Mem:          3.8G       3.7G       122M       5.7M        23M       3.2G

MemTotal:        4016004 kB
MemFree:          125808 kB
Active:           308220 kB
Mem:          3.8G       3.7G       122M       5.7M        23M       3.2G

MemTotal:        4016004 kB
MemFree:          125684 kB
Active:           308192 kB
Mem:          3.8G       3.7G       122M       5.7M        23M       3.2G

MemTotal:        4016004 kB
MemFree:          125808 kB
Active:           308220 kB
Mem:          3.8G       3.7G       122M       5.7M        23M       3.2G

MemTotal:        4016004 kB
MemFree:          125684 kB
Active:           308184 kB
Mem:          3.8G       3.7G       122M       5.7M        23M       3.2G

MemTotal:        4016004 kB
MemFree:          125720 kB
Active:           308212 kB
Mem:          3.8G       3.7G       122M       5.7M        23M       3.2G

MemTotal:        4016004 kB
MemFree:          125844 kB
Active:           308188 kB
Mem:          3.8G       3.7G       122M       5.7M        23M       3.2G

MemTotal:        4016004 kB
MemFree:          125472 kB
Active:           308236 kB
Mem:          3.8G       3.7G       122M       5.7M        23M       3.2G

MemTotal:        4016004 kB
MemFree:          125596 kB
Active:           308240 kB
Mem:          3.8G       3.7G       122M       5.7M        23M       3.2G

MemTotal:        4016004 kB
MemFree:          125844 kB
Active:           308228 kB
Mem:          3.8G       3.7G       123M       5.7M        23M       3.2G

MemTotal:        4016004 kB
MemFree:          125720 kB
Active:           308232 kB
Mem:          3.8G       3.7G       122M       5.7M        23M       3.2G

MemTotal:        4016004 kB
MemFree:          125472 kB
Active:           308240 kB
Mem:          3.8G       3.7G       122M       5.7M        23M       3.2G

MemTotal:        4016004 kB
MemFree:          125844 kB
Active:           308184 kB
Mem:          3.8G       3.7G       122M       5.7M        23M       3.2G

MemTotal:        4016004 kB
MemFree:          125472 kB
Active:           308216 kB
Mem:          3.8G       3.7G       122M       5.7M        23M       3.2G

MemTotal:        4016004 kB
MemFree:          125100 kB
Active:           308252 kB
Mem:          3.8G       3.7G       122M       5.7M        23M       3.2G

MemTotal:        4016004 kB
MemFree:          125348 kB
Active:           308248 kB
Mem:          3.8G       3.7G       122M       5.7M        23M       3.2G

MemTotal:        4016004 kB
MemFree:          124416 kB
Active:           307428 kB
Mem:          3.8G       3.7G       121M       5.7M        23M       3.2G

MemTotal:        4016004 kB
MemFree:          124796 kB
Active:           307428 kB
Mem:          3.8G       3.7G       121M       5.7M        23M       3.2G

MemTotal:        4016004 kB
MemFree:          124796 kB
Active:           309464 kB
Mem:          3.8G       3.7G       121M       5.7M        23M       3.2G

MemTotal:        4016004 kB
MemFree:          125168 kB
Active:           309440 kB
Mem:          3.8G       3.7G       122M       5.7M        23M       3.2G

MemTotal:        4016004 kB
MemFree:          125416 kB
Active:           309428 kB
Mem:          3.8G       3.7G       122M       5.7M        23M       3.2G

MemTotal:        4016004 kB
MemFree:          125416 kB
Active:           309440 kB
Mem:          3.8G       3.7G       122M       5.7M        23M       3.2G

MemTotal:        4016004 kB
MemFree:          125292 kB
Active:           309480 kB
Mem:          3.8G       3.7G       122M       5.7M        23M       3.2G

MemTotal:        4016004 kB
MemFree:          125540 kB
Active:           309456 kB
Mem:          3.8G       3.7G       122M       5.7M        23M       3.2G

MemTotal:        4016004 kB
MemFree:          125664 kB
Active:           309436 kB
Mem:          3.8G       3.7G       122M       5.7M        23M       3.2G

MemTotal:        4016004 kB
MemFree:          125416 kB
Active:           309492 kB
Mem:          3.8G       3.7G       122M       5.7M        23M       3.2G

MemTotal:        4016004 kB
MemFree:          125168 kB
Active:           309456 kB
Mem:          3.8G       3.7G       122M       5.7M        23M       3.2G

MemTotal:        4016004 kB
MemFree:          125292 kB
Active:           309488 kB
Mem:          3.8G       3.7G       122M       5.7M        23M       3.2G

MemTotal:        4016004 kB
MemFree:          125168 kB
Active:           309496 kB
Mem:          3.8G       3.7G       122M       5.7M        23M       3.2G

MemTotal:        4016004 kB
MemFree:          124920 kB
Active:           309512 kB
Mem:          3.8G       3.7G       122M       5.7M        23M       3.2G

MemTotal:        4016004 kB
MemFree:          125292 kB
Active:           309480 kB
Mem:          3.8G       3.7G       122M       5.7M        23M       3.2G

MemTotal:        4016004 kB
MemFree:          124920 kB
Active:           309524 kB
Mem:          3.8G       3.7G       122M       5.7M        23M       3.2G

MemTotal:        4016004 kB
MemFree:          125168 kB
Active:           309524 kB
Mem:          3.8G       3.7G       122M       5.7M        23M       3.2G

MemTotal:        4016004 kB
MemFree:          125416 kB
Active:           309480 kB
Mem:          3.8G       3.7G       122M       5.7M        23M       3.2G

MemTotal:        4016004 kB
MemFree:          125680 kB
Active:           309520 kB
Mem:          3.8G       3.7G       122M       5.7M        23M       3.2G

MemTotal:        4016004 kB
MemFree:          125804 kB
Active:           309528 kB
Mem:          3.8G       3.7G       122M       5.7M        23M       3.2G

MemTotal:        4016004 kB
MemFree:          125432 kB
Active:           309532 kB
Mem:          3.8G       3.7G       122M       5.7M        23M       3.2G

MemTotal:        4016004 kB
MemFree:          125928 kB
Active:           309504 kB
Mem:          3.8G       3.7G       122M       5.7M        23M       3.2G

MemTotal:        4016004 kB
MemFree:          125556 kB
Active:           309532 kB
Mem:          3.8G       3.7G       122M       5.7M        23M       3.2G

MemTotal:        4016004 kB
MemFree:          125432 kB
Active:           309532 kB
Mem:          3.8G       3.7G       122M       5.7M        23M       3.2G

MemTotal:        4016004 kB
MemFree:          125680 kB
Active:           309516 kB
Mem:          3.8G       3.7G       122M       5.7M        23M       3.2G

MemTotal:        4016004 kB
MemFree:          125680 kB
Active:           309480 kB
Mem:          3.8G       3.7G       122M       5.7M        23M       3.2G

MemTotal:        4016004 kB
MemFree:          125432 kB
Active:           309492 kB
Mem:          3.8G       3.7G       122M       5.7M        23M       3.2G

MemTotal:        4016004 kB
MemFree:          125928 kB
Active:           309520 kB
Mem:          3.8G       3.7G       123M       5.7M        23M       3.2G

MemTotal:        4016004 kB
MemFree:          126052 kB
Active:           309484 kB
Mem:          3.8G       3.7G       122M       5.7M        23M       3.2G

MemTotal:        4016004 kB
MemFree:          125680 kB
Active:           309544 kB
Mem:          3.8G       3.7G       122M       5.7M        23M       3.2G

MemTotal:        4016004 kB
MemFree:          125804 kB
Active:           309540 kB
Mem:          3.8G       3.7G       122M       5.7M        23M       3.2G

MemTotal:        4016004 kB
MemFree:          125728 kB
Active:           309552 kB
Mem:          3.8G       3.7G       122M       5.7M        23M       3.2G

MemTotal:        4016004 kB
MemFree:          125728 kB
Active:           309552 kB
Mem:          3.8G       3.7G       122M       5.7M        23M       3.2G

MemTotal:        4016004 kB
MemFree:          125232 kB
Active:           309556 kB
Mem:          3.8G       3.7G       122M       5.7M        23M       3.2G

MemTotal:        4016004 kB
MemFree:          125232 kB
Active:           309560 kB
Mem:          3.8G       3.7G       122M       5.7M        23M       3.2G

MemTotal:        4016004 kB
MemFree:          125232 kB
Active:           309512 kB
Mem:          3.8G       3.7G       122M       5.7M        23M       3.2G

MemTotal:        4016004 kB
MemFree:          125356 kB
Active:           309520 kB
Mem:          3.8G       3.7G       122M       5.7M        23M       3.2G

MemTotal:        4016004 kB
MemFree:          125480 kB
Active:           309560 kB
Mem:          3.8G       3.7G       122M       5.7M        23M       3.2G

MemTotal:        4016004 kB
MemFree:          125356 kB
Active:           309548 kB
Mem:          3.8G       3.7G       122M       5.7M        23M       3.2G

MemTotal:        4016004 kB
MemFree:          125356 kB
Active:           309552 kB
Mem:          3.8G       3.7G       122M       5.7M        23M       3.2G

MemTotal:        4016004 kB
MemFree:          125480 kB
Active:           309532 kB
Mem:          3.8G       3.7G       122M       5.7M        23M       3.2G

MemTotal:        4016004 kB
MemFree:          125480 kB
Active:           309516 kB
Mem:          3.8G       3.7G       122M       5.7M        23M       3.2G

MemTotal:        4016004 kB
MemFree:          125480 kB
Active:           309552 kB
Mem:          3.8G       3.7G       122M       5.7M        23M       3.2G

MemTotal:        4016004 kB
MemFree:          125480 kB
Active:           309524 kB
Mem:          3.8G       3.7G       122M       5.7M        23M       3.2G

MemTotal:        4016004 kB
MemFree:          125356 kB
Active:           309560 kB
Mem:          3.8G       3.7G       122M       5.7M        23M       3.2G

MemTotal:        4016004 kB
MemFree:          125480 kB
Active:           309548 kB
Mem:          3.8G       3.7G       122M       5.7M        23M       3.2G

MemTotal:        4016004 kB
MemFree:          125480 kB
Active:           309536 kB
Mem:          3.8G       3.7G       122M       5.7M        23M       3.2G

MemTotal:        4016004 kB
MemFree:          125232 kB
Active:           309548 kB
Mem:          3.8G       3.7G       122M       5.7M        23M       3.2G

MemTotal:        4016004 kB
MemFree:          125232 kB
Active:           309556 kB
Mem:          3.8G       3.7G       122M       5.7M        23M       3.2G

MemTotal:        4016004 kB
MemFree:          125232 kB
Active:           309576 kB
Mem:          3.8G       3.7G       122M       5.7M        23M       3.2G

MemTotal:        4016004 kB
MemFree:          125604 kB
Active:           309556 kB
Mem:          3.8G       3.7G       122M       5.7M        23M       3.2G

MemTotal:        4016004 kB
MemFree:          125480 kB
Active:           309572 kB
Mem:          3.8G       3.7G       122M       5.7M        23M       3.2G

MemTotal:        4016004 kB
MemFree:          125480 kB
Active:           309552 kB
Mem:          3.8G       3.7G       122M       5.7M        23M       3.2G

MemTotal:        4016004 kB
MemFree:          125604 kB
Active:           309540 kB
Mem:          3.8G       3.7G       122M       5.7M        23M       3.2G

MemTotal:        4016004 kB
MemFree:          125480 kB
Active:           309588 kB
Mem:          3.8G       3.7G       122M       5.7M        23M       3.2G

MemTotal:        4016004 kB
MemFree:          125480 kB
Active:           309564 kB
Mem:          3.8G       3.7G       122M       5.7M        23M       3.2G

MemTotal:        4016004 kB
MemFree:          125356 kB
Active:           309584 kB
Mem:          3.8G       3.7G       122M       5.7M        23M       3.2G

MemTotal:        4016004 kB
MemFree:          125480 kB
Active:           309552 kB
Mem:          3.8G       3.7G       122M       5.7M        23M       3.2G

MemTotal:        4016004 kB
MemFree:          125232 kB
Active:           309560 kB
Mem:          3.8G       3.7G       122M       5.7M        23M       3.2G

MemTotal:        4016004 kB
MemFree:          124860 kB
Active:           309592 kB
Mem:          3.8G       3.7G       121M       5.7M        23M       3.2G

MemTotal:        4016004 kB
MemFree:          124860 kB
Active:           309580 kB
Mem:          3.8G       3.7G       121M       5.7M        23M       3.2G

MemTotal:        4016004 kB
MemFree:          125356 kB
Active:           309612 kB
Mem:          3.8G       3.7G       122M       5.7M        23M       3.2G

MemTotal:        4016004 kB
MemFree:          125232 kB
Active:           309576 kB
Mem:          3.8G       3.7G       122M       5.7M        23M       3.2G

MemTotal:        4016004 kB
MemFree:          125232 kB
Active:           309596 kB
Mem:          3.8G       3.7G       122M       5.7M        23M       3.2G

MemTotal:        4016004 kB
MemFree:          124860 kB
Active:           309616 kB
Mem:          3.8G       3.7G       122M       5.7M        23M       3.2G

MemTotal:        4016004 kB
MemFree:          125480 kB
Active:           309608 kB
Mem:          3.8G       3.7G       122M       5.7M        23M       3.2G

MemTotal:        4016004 kB
MemFree:          125604 kB
Active:           309616 kB
Mem:          3.8G       3.7G       122M       5.7M        23M       3.2G

MemTotal:        4016004 kB
MemFree:          125480 kB
Active:           309588 kB
Mem:          3.8G       3.7G       122M       5.7M        23M       3.2G

MemTotal:        4016004 kB
MemFree:          125232 kB
Active:           309576 kB
Mem:          3.8G       3.7G       122M       5.7M        23M       3.2G

MemTotal:        4016004 kB
MemFree:          125480 kB
Active:           309616 kB
Mem:          3.8G       3.7G       122M       5.7M        23M       3.2G

MemTotal:        4016004 kB
MemFree:          125728 kB
Active:           309584 kB
Mem:          3.8G       3.7G       122M       5.7M        23M       3.2G

MemTotal:        4016004 kB
MemFree:          125728 kB
Active:           309608 kB
Mem:          3.8G       3.7G       122M       5.7M        23M       3.2G

MemTotal:        4016004 kB
MemFree:          125356 kB
Active:           309608 kB
Mem:          3.8G       3.7G       122M       5.7M        23M       3.2G

MemTotal:        4016004 kB
MemFree:          125356 kB
Active:           309640 kB
Mem:          3.8G       3.7G       122M       5.7M        23M       3.2G

MemTotal:        4016004 kB
MemFree:          125480 kB
Active:           309620 kB
Mem:          3.8G       3.7G       122M       5.7M        23M       3.2G

MemTotal:        4016004 kB
MemFree:          125232 kB
Active:           309648 kB
Mem:          3.8G       3.7G       122M       5.7M        23M       3.2G

MemTotal:        4016004 kB
MemFree:          125356 kB
Active:           309632 kB
Mem:          3.8G       3.7G       122M       5.7M        23M       3.2G

MemTotal:        4016004 kB
MemFree:          125356 kB
Active:           309596 kB
Mem:          3.8G       3.7G       122M       5.7M        23M       3.2G

MemTotal:        4016004 kB
MemFree:          125728 kB
Active:           309640 kB
Mem:          3.8G       3.7G       122M       5.7M        23M       3.2G

MemTotal:        4016004 kB
MemFree:          125728 kB
Active:           309612 kB
Mem:          3.8G       3.7G       122M       5.7M        23M       3.2G

MemTotal:        4016004 kB
MemFree:          125108 kB
Active:           309656 kB
Mem:          3.8G       3.7G       122M       5.7M        23M       3.2G

MemTotal:        4016004 kB
MemFree:          125480 kB
Active:           309644 kB
Mem:          3.8G       3.7G       122M       5.7M        23M       3.2G

MemTotal:        4016004 kB
MemFree:          125604 kB
Active:           309616 kB
Mem:          3.8G       3.7G       122M       5.7M        23M       3.2G

MemTotal:        4016004 kB
MemFree:          125728 kB
Active:           309612 kB
Mem:          3.8G       3.7G       122M       5.7M        23M       3.2G

MemTotal:        4016004 kB
MemFree:          125480 kB
Active:           309636 kB
Mem:          3.8G       3.7G       122M       5.7M        23M       3.2G

MemTotal:        4016004 kB
MemFree:          125604 kB
Active:           309632 kB
Mem:          3.8G       3.7G       122M       5.7M        23M       3.2G

MemTotal:        4016004 kB
MemFree:          125232 kB
Active:           309672 kB
Mem:          3.8G       3.7G       122M       5.7M        23M       3.2G

MemTotal:        4016004 kB
MemFree:          125232 kB
Active:           309652 kB
Mem:          3.8G       3.7G       122M       5.7M        23M       3.2G

MemTotal:        4016004 kB
MemFree:          125356 kB
Active:           309624 kB
Mem:          3.8G       3.7G       122M       5.7M        23M       3.2G

MemTotal:        4016004 kB
MemFree:          124860 kB
Active:           309672 kB
Mem:          3.8G       3.7G       122M       5.7M        23M       3.2G

MemTotal:        4016004 kB
MemFree:          124612 kB
Active:           309672 kB
Mem:          3.8G       3.7G       121M       5.7M        23M       3.2G

MemTotal:        4016004 kB
MemFree:          125232 kB
Active:           309672 kB
Mem:          3.8G       3.7G       122M       5.7M        23M       3.2G

MemTotal:        4016004 kB
MemFree:          125232 kB
Active:           309656 kB
Mem:          3.8G       3.7G       122M       5.7M        23M       3.2G

MemTotal:        4016004 kB
MemFree:          125356 kB
Active:           309636 kB
Mem:          3.8G       3.7G       122M       5.7M        23M       3.2G

MemTotal:        4016004 kB
MemFree:          125108 kB
Active:           309672 kB
Mem:          3.8G       3.7G       122M       5.7M        23M       3.2G

MemTotal:        4016004 kB
MemFree:          125604 kB
Active:           309656 kB
Mem:          3.8G       3.7G       122M       5.7M        23M       3.2G

MemTotal:        4016004 kB
MemFree:          125604 kB
Active:           309640 kB
Mem:          3.8G       3.7G       122M       5.7M        23M       3.2G

MemTotal:        4016004 kB
MemFree:          125604 kB
Active:           309632 kB
Mem:          3.8G       3.7G       122M       5.7M        23M       3.2G

MemTotal:        4016004 kB
MemFree:          125728 kB
Active:           309668 kB
Mem:          3.8G       3.7G       122M       5.7M        23M       3.2G

MemTotal:        4016004 kB
MemFree:          125604 kB
Active:           309652 kB
Mem:          3.8G       3.7G       122M       5.7M        23M       3.2G

MemTotal:        4016004 kB
MemFree:          125356 kB
Active:           309692 kB
Mem:          3.8G       3.7G       122M       5.7M        23M       3.2G

MemTotal:        4016004 kB
MemFree:          125480 kB
Active:           309696 kB
Mem:          3.8G       3.7G       122M       5.7M        23M       3.2G

MemTotal:        4016004 kB
MemFree:          125356 kB
Active:           309676 kB
Mem:          3.8G       3.7G       122M       5.7M        23M       3.2G

MemTotal:        4016004 kB
MemFree:          125604 kB
Active:           309660 kB
Mem:          3.8G       3.7G       122M       5.7M        23M       3.2G

MemTotal:        4016004 kB
MemFree:          125232 kB
Active:           309700 kB
Mem:          3.8G       3.7G       122M       5.7M        23M       3.2G

MemTotal:        4016004 kB
MemFree:          125356 kB
Active:           309652 kB
Mem:          3.8G       3.7G       122M       5.7M        23M       3.2G

MemTotal:        4016004 kB
MemFree:          124984 kB
Active:           309700 kB
Mem:          3.8G       3.7G       122M       5.7M        23M       3.2G

MemTotal:        4016004 kB
MemFree:          125480 kB
Active:           309688 kB
Mem:          3.8G       3.7G       122M       5.7M        23M       3.2G

MemTotal:        4016004 kB
MemFree:          125356 kB
Active:           309672 kB
Mem:          3.8G       3.7G       122M       5.7M        23M       3.2G

MemTotal:        4016004 kB
MemFree:          125356 kB
Active:           309660 kB
Mem:          3.8G       3.7G       122M       5.7M        23M       3.2G

MemTotal:        4016004 kB
MemFree:          123184 kB
Active:           309688 kB
Mem:          3.8G       3.7G       120M       5.7M        23M       3.2G

MemTotal:        4016004 kB
MemFree:          123308 kB
Active:           311708 kB
Mem:          3.8G       3.7G       120M       5.7M        23M       3.2G

MemTotal:        4016004 kB
MemFree:          123432 kB
Active:           311732 kB
Mem:          3.8G       3.7G       120M       5.7M        23M       3.2G

MemTotal:        4016004 kB
MemFree:          123308 kB
Active:           311708 kB
Mem:          3.8G       3.7G       120M       5.7M        23M       3.2G

MemTotal:        4016004 kB
MemFree:          123308 kB
Active:           311688 kB
Mem:          3.8G       3.7G       120M       5.7M        23M       3.2G

MemTotal:        4016004 kB
MemFree:          123184 kB
Active:           311736 kB
Mem:          3.8G       3.7G       120M       5.7M        23M       3.2G

MemTotal:        4016004 kB
MemFree:          123308 kB
Active:           311752 kB
Mem:          3.8G       3.7G       120M       5.7M        23M       3.2G

MemTotal:        4016004 kB
MemFree:          123308 kB
Active:           311752 kB
Mem:          3.8G       3.7G       120M       5.7M        23M       3.2G

MemTotal:        4016004 kB
MemFree:          123060 kB
Active:           311752 kB
Mem:          3.8G       3.7G       120M       5.7M        23M       3.2G

MemTotal:        4016004 kB
MemFree:          123308 kB
Active:           311744 kB
Mem:          3.8G       3.7G       120M       5.7M        23M       3.2G

MemTotal:        4016004 kB
MemFree:          122936 kB
Active:           311756 kB
Mem:          3.8G       3.7G       120M       5.7M        23M       3.2G

MemTotal:        4016004 kB
MemFree:          123184 kB
Active:           311752 kB
Mem:          3.8G       3.7G       120M       5.7M        23M       3.2G

MemTotal:        4016004 kB
MemFree:          123308 kB
Active:           311740 kB
Mem:          3.8G       3.7G       119M       5.7M        23M       3.2G

MemTotal:        4016004 kB
MemFree:          123060 kB
Active:           311736 kB
Mem:          3.8G       3.7G       120M       5.7M        23M       3.2G

MemTotal:        4016004 kB
MemFree:          122936 kB
Active:           311724 kB
Mem:          3.8G       3.7G       119M       5.7M        23M       3.2G

MemTotal:        4016004 kB
MemFree:          122936 kB
Active:           311748 kB
Mem:          3.8G       3.7G       120M       5.7M        23M       3.2G

MemTotal:        4016004 kB
MemFree:          123184 kB
Active:           311740 kB
Mem:          3.8G       3.7G       120M       5.7M        23M       3.2G

MemTotal:        4016004 kB
MemFree:          122688 kB
Active:           311780 kB
Mem:          3.8G       3.7G       120M       5.7M        23M       3.2G

MemTotal:        4016004 kB
MemFree:          122812 kB
Active:           311780 kB
Mem:          3.8G       3.7G       120M       5.7M        23M       3.2G

MemTotal:        4016004 kB
MemFree:          122812 kB
Active:           311732 kB
Mem:          3.8G       3.7G       119M       5.7M        23M       3.2G

MemTotal:        4016004 kB
MemFree:          122192 kB
Active:           311792 kB
Mem:          3.8G       3.7G       119M       5.7M        23M       3.2G

MemTotal:        4016004 kB
MemFree:          122068 kB
Active:           311792 kB
Mem:          3.8G       3.7G       119M       5.7M        23M       3.2G

MemTotal:        4016004 kB
MemFree:          122192 kB
Active:           311792 kB
Mem:          3.8G       3.7G       119M       5.7M        23M       3.2G

MemTotal:        4016004 kB
MemFree:          122564 kB
Active:           311788 kB
Mem:          3.8G       3.7G       119M       5.7M        23M       3.2G

MemTotal:        4016004 kB
MemFree:          123060 kB
Active:           311764 kB
Mem:          3.8G       3.7G       120M       5.7M        23M       3.2G

MemTotal:        4016004 kB
MemFree:          122936 kB
Active:           311764 kB
Mem:          3.8G       3.7G       119M       5.7M        23M       3.2G

MemTotal:        4016004 kB
MemFree:          122564 kB
Active:           311796 kB
Mem:          3.8G       3.7G       119M       5.7M        23M       3.2G

MemTotal:        4016004 kB
MemFree:          123324 kB
Active:           311764 kB
Mem:          3.8G       3.7G       120M       5.7M        23M       3.2G

MemTotal:        4016004 kB
MemFree:          123200 kB
Active:           311780 kB
Mem:          3.8G       3.7G       120M       5.7M        23M       3.2G

MemTotal:        4016004 kB
MemFree:          123448 kB
Active:           311752 kB
Mem:          3.8G       3.7G       120M       5.7M        23M       3.2G

MemTotal:        4016004 kB
MemFree:          123448 kB
Active:           311776 kB
Mem:          3.8G       3.7G       120M       5.7M        23M       3.2G

MemTotal:        4016004 kB
MemFree:          123448 kB
Active:           311808 kB
Mem:          3.8G       3.7G       120M       5.7M        23M       3.2G

MemTotal:        4016004 kB
MemFree:          123448 kB
Active:           311824 kB
Mem:          3.8G       3.7G       120M       5.7M        23M       3.2G

MemTotal:        4016004 kB
MemFree:          123200 kB
Active:           311828 kB
Mem:          3.8G       3.7G       119M       5.7M        23M       3.2G

MemTotal:        4016004 kB
MemFree:          122952 kB
Active:           311808 kB
Mem:          3.8G       3.7G       119M       5.7M        23M       3.2G

MemTotal:        4016004 kB
MemFree:          123076 kB
Active:           311832 kB
Mem:          3.8G       3.7G       120M       5.7M        23M       3.2G

MemTotal:        4016004 kB
MemFree:          122564 kB
Active:           311864 kB
Mem:          3.8G       3.7G       119M       5.7M        23M       3.2G

MemTotal:        4016004 kB
MemFree:          122936 kB
Active:           311844 kB
Mem:          3.8G       3.7G       120M       5.7M        23M       3.2G

MemTotal:        4016004 kB
MemFree:          122812 kB
Active:           311864 kB
Mem:          3.8G       3.7G       119M       5.7M        23M       3.2G

