MemTotal:        4016004 kB
MemFree:         3249452 kB
Active:           411124 kB
Mem:          3.8G       748M       3.1G       5.7M        54M       317M

MemTotal:        4016004 kB
MemFree:         3249644 kB
Active:           411040 kB
Mem:          3.8G       748M       3.1G       5.7M        54M       317M

MemTotal:        4016004 kB
MemFree:         3250140 kB
Active:           411084 kB
Mem:          3.8G       747M       3.1G       5.7M        54M       317M

MemTotal:        4016004 kB
MemFree:         3250124 kB
Active:           411064 kB
Mem:          3.8G       748M       3.1G       5.7M        54M       317M

MemTotal:        4016004 kB
MemFree:         3249984 kB
Active:           411096 kB
Mem:          3.8G       748M       3.1G       5.7M        54M       317M

MemTotal:        4016004 kB
MemFree:         3249968 kB
Active:           411100 kB
Mem:          3.8G       748M       3.1G       5.7M        54M       317M

MemTotal:        4016004 kB
MemFree:         3249344 kB
Active:           409080 kB
Mem:          3.8G       748M       3.1G       5.7M        54M       317M

MemTotal:        4016004 kB
MemFree:         3249436 kB
Active:           411128 kB
Mem:          3.8G       748M       3.1G       5.7M        54M       317M

MemTotal:        4016004 kB
MemFree:         3249916 kB
Active:           411120 kB
Mem:          3.8G       748M       3.1G       5.7M        54M       317M

MemTotal:        4016004 kB
MemFree:         3250024 kB
Active:           411108 kB
Mem:          3.8G       747M       3.1G       5.7M        54M       317M

MemTotal:        4016004 kB
MemFree:         3249792 kB
Active:           411096 kB
Mem:          3.8G       748M       3.1G       5.7M        54M       317M

MemTotal:        4016004 kB
MemFree:         3249916 kB
Active:           411104 kB
Mem:          3.8G       748M       3.1G       5.7M        54M       317M

MemTotal:        4016004 kB
MemFree:         3249792 kB
Active:           411076 kB
Mem:          3.8G       748M       3.1G       5.7M        54M       317M

MemTotal:        4016004 kB
MemFree:         3250040 kB
Active:           411120 kB
Mem:          3.8G       748M       3.1G       5.7M        54M       317M

MemTotal:        4016004 kB
MemFree:         3249668 kB
Active:           411132 kB
Mem:          3.8G       748M       3.1G       5.7M        54M       317M

MemTotal:        4016004 kB
MemFree:         3249916 kB
Active:           411116 kB
Mem:          3.8G       748M       3.1G       5.7M        54M       317M

MemTotal:        4016004 kB
MemFree:         3249452 kB
Active:           411132 kB
Mem:          3.8G       748M       3.1G       5.7M        54M       317M

MemTotal:        4016004 kB
MemFree:         3249452 kB
Active:           411132 kB
Mem:          3.8G       748M       3.1G       5.7M        54M       317M

MemTotal:        4016004 kB
MemFree:         3249824 kB
Active:           411104 kB
Mem:          3.8G       748M       3.1G       5.7M        54M       317M

MemTotal:        4016004 kB
MemFree:         3249824 kB
Active:           411088 kB
Mem:          3.8G       748M       3.1G       5.7M        54M       317M

MemTotal:        4016004 kB
MemFree:         3249560 kB
Active:           411140 kB
Mem:          3.8G       748M       3.1G       5.7M        54M       317M

MemTotal:        4016004 kB
MemFree:         3249684 kB
Active:           411108 kB
Mem:          3.8G       748M       3.1G       5.7M        54M       317M

MemTotal:        4016004 kB
MemFree:         3249780 kB
Active:           411088 kB
Mem:          3.8G       748M       3.1G       5.7M        54M       317M

MemTotal:        4016004 kB
MemFree:         3249532 kB
Active:           411132 kB
Mem:          3.8G       748M       3.1G       5.7M        54M       317M

MemTotal:        4016004 kB
MemFree:         3249904 kB
Active:           411104 kB
Mem:          3.8G       748M       3.1G       5.7M        54M       317M

MemTotal:        4016004 kB
MemFree:         3249656 kB
Active:           411100 kB
Mem:          3.8G       748M       3.1G       5.7M        54M       317M

MemTotal:        4016004 kB
MemFree:         3249780 kB
Active:           411092 kB
Mem:          3.8G       748M       3.1G       5.7M        54M       317M

MemTotal:        4016004 kB
MemFree:         3249408 kB
Active:           411144 kB
Mem:          3.8G       748M       3.1G       5.7M        54M       317M

MemTotal:        4016004 kB
MemFree:         3249780 kB
Active:           411132 kB
Mem:          3.8G       748M       3.1G       5.7M        54M       317M

MemTotal:        4016004 kB
MemFree:         3249624 kB
Active:           411120 kB
Mem:          3.8G       748M       3.1G       5.7M        54M       317M

MemTotal:        4016004 kB
MemFree:         3249360 kB
Active:           411156 kB
Mem:          3.8G       748M       3.1G       5.7M        54M       317M

MemTotal:        4016004 kB
MemFree:         3249840 kB
Active:           411136 kB
Mem:          3.8G       748M       3.1G       5.7M        54M       317M

MemTotal:        4016004 kB
MemFree:         3249452 kB
Active:           411156 kB
Mem:          3.8G       748M       3.1G       5.7M        54M       317M

MemTotal:        4016004 kB
MemFree:         3249748 kB
Active:           411120 kB
Mem:          3.8G       748M       3.1G       5.7M        54M       317M

MemTotal:        4016004 kB
MemFree:         3249376 kB
Active:           411164 kB
Mem:          3.8G       748M       3.1G       5.7M        54M       317M

MemTotal:        4016004 kB
MemFree:         3249624 kB
Active:           411120 kB
Mem:          3.8G       748M       3.1G       5.7M        54M       317M

MemTotal:        4016004 kB
MemFree:         3249624 kB
Active:           411120 kB
Mem:          3.8G       748M       3.1G       5.7M        54M       317M

MemTotal:        4016004 kB
MemFree:         3249500 kB
Active:           411160 kB
Mem:          3.8G       748M       3.1G       5.7M        54M       317M

MemTotal:        4016004 kB
MemFree:         3249004 kB
Active:           411168 kB
Mem:          3.8G       748M       3.1G       5.7M        54M       317M

MemTotal:        4016004 kB
MemFree:         3249376 kB
Active:           411152 kB
Mem:          3.8G       748M       3.1G       5.7M        54M       317M

MemTotal:        4016004 kB
MemFree:         3249004 kB
Active:           411172 kB
Mem:          3.8G       748M       3.1G       5.7M        54M       317M

MemTotal:        4016004 kB
MemFree:         3249360 kB
Active:           411152 kB
Mem:          3.8G       748M       3.1G       5.7M        54M       317M

MemTotal:        4016004 kB
MemFree:         3249468 kB
Active:           411124 kB
Mem:          3.8G       748M       3.1G       5.7M        54M       317M

MemTotal:        4016004 kB
MemFree:         3249328 kB
Active:           411168 kB
Mem:          3.8G       748M       3.1G       5.7M        54M       317M

MemTotal:        4016004 kB
MemFree:         3249020 kB
Active:           411180 kB
Mem:          3.8G       749M       3.1G       5.7M        54M       317M

MemTotal:        4016004 kB
MemFree:         3249392 kB
Active:           411148 kB
Mem:          3.8G       748M       3.1G       5.7M        54M       317M

MemTotal:        4016004 kB
MemFree:         3249268 kB
Active:           411132 kB
Mem:          3.8G       748M       3.1G       5.7M        54M       317M

MemTotal:        4016004 kB
MemFree:         3249392 kB
Active:           411184 kB
Mem:          3.8G       748M       3.1G       5.7M        54M       317M

MemTotal:        4016004 kB
MemFree:         3249268 kB
Active:           411192 kB
Mem:          3.8G       748M       3.1G       5.7M        54M       317M

MemTotal:        4016004 kB
MemFree:         3249516 kB
Active:           411168 kB
Mem:          3.8G       748M       3.1G       5.7M        54M       317M

MemTotal:        4016004 kB
MemFree:         3249516 kB
Active:           411152 kB
Mem:          3.8G       748M       3.1G       5.7M        54M       317M

MemTotal:        4016004 kB
MemFree:         3249392 kB
Active:           411188 kB
Mem:          3.8G       748M       3.1G       5.7M        54M       317M

MemTotal:        4016004 kB
MemFree:         3249640 kB
Active:           411176 kB
Mem:          3.8G       748M       3.1G       5.7M        54M       317M

MemTotal:        4016004 kB
MemFree:         3249484 kB
Active:           411184 kB
Mem:          3.8G       748M       3.1G       5.7M        54M       317M

MemTotal:        4016004 kB
MemFree:         3249360 kB
Active:           411212 kB
Mem:          3.8G       748M       3.1G       5.7M        54M       317M

MemTotal:        4016004 kB
MemFree:         3249608 kB
Active:           411188 kB
Mem:          3.8G       748M       3.1G       5.7M        54M       317M

MemTotal:        4016004 kB
MemFree:         3249024 kB
Active:           409260 kB
Mem:          3.8G       748M       3.1G       5.7M        54M       317M

MemTotal:        4016004 kB
MemFree:         3249380 kB
Active:           411272 kB
Mem:          3.8G       748M       3.1G       5.7M        54M       317M

MemTotal:        4016004 kB
MemFree:         3249428 kB
Active:           411316 kB
Mem:          3.8G       748M       3.1G       5.7M        54M       317M

MemTotal:        4016004 kB
MemFree:         3249924 kB
Active:           411300 kB
Mem:          3.8G       748M       3.1G       5.7M        54M       317M

MemTotal:        4016004 kB
MemFree:         3250172 kB
Active:           411404 kB
Mem:          3.8G       748M       3.1G       5.7M        54M       317M

MemTotal:        4016004 kB
MemFree:         3132812 kB
Active:           411776 kB
Mem:          3.8G       863M       3.0G       5.7M        54M       431M

MemTotal:        4016004 kB
MemFree:         3112172 kB
Active:           411776 kB
Mem:          3.8G       883M       3.0G       5.7M        54M       450M

MemTotal:        4016004 kB
MemFree:         3004796 kB
Active:           411780 kB
Mem:          3.8G       988M       2.9G       5.7M        54M       553M

MemTotal:        4016004 kB
MemFree:         2875408 kB
Active:           411780 kB
Mem:          3.8G       1.1G       2.7G       5.7M        54M       677M

MemTotal:        4016004 kB
MemFree:         2795376 kB
Active:           411744 kB
Mem:          3.8G       1.2G       2.7G       5.7M        54M       754M

MemTotal:        4016004 kB
MemFree:         2792548 kB
Active:           409736 kB
Mem:          3.8G       1.2G       2.7G       5.7M        54M       756M

MemTotal:        4016004 kB
MemFree:         2736948 kB
Active:           411792 kB
Mem:          3.8G       1.2G       2.6G       5.7M        55M       811M

MemTotal:        4016004 kB
MemFree:         2693556 kB
Active:           411812 kB
Mem:          3.8G       1.3G       2.6G       5.7M        55M       852M

MemTotal:        4016004 kB
MemFree:         2692092 kB
Active:           411828 kB
Mem:          3.8G       1.3G       2.6G       5.7M        55M       853M

MemTotal:        4016004 kB
MemFree:         2691076 kB
Active:           411840 kB
Mem:          3.8G       1.3G       2.6G       5.7M        55M       854M

MemTotal:        4016004 kB
MemFree:         2689236 kB
Active:           411840 kB
Mem:          3.8G       1.3G       2.6G       5.7M        55M       855M

MemTotal:        4016004 kB
MemFree:         2682220 kB
Active:           411824 kB
Mem:          3.8G       1.3G       2.6G       5.7M        55M       863M

MemTotal:        4016004 kB
MemFree:         2572132 kB
Active:           411852 kB
Mem:          3.8G       1.4G       2.5G       5.7M        55M       968M

MemTotal:        4016004 kB
MemFree:         2439040 kB
Active:           411852 kB
Mem:          3.8G       1.5G       2.3G       5.7M        55M       1.1G

MemTotal:        4016004 kB
MemFree:         2335276 kB
Active:           411852 kB
Mem:          3.8G       1.6G       2.2G       5.7M        55M       1.2G

MemTotal:        4016004 kB
MemFree:         2335148 kB
Active:           411812 kB
Mem:          3.8G       1.6G       2.2G       5.7M        55M       1.2G

MemTotal:        4016004 kB
MemFree:         2237580 kB
Active:           411852 kB
Mem:          3.8G       1.7G       2.1G       5.7M        55M       1.3G

MemTotal:        4016004 kB
MemFree:         2237376 kB
Active:           411840 kB
Mem:          3.8G       1.7G       2.1G       5.7M        55M       1.3G

MemTotal:        4016004 kB
MemFree:         2160152 kB
Active:           411824 kB
Mem:          3.8G       1.8G       2.1G       5.7M        55M       1.3G

MemTotal:        4016004 kB
MemFree:         2137608 kB
Active:           411872 kB
Mem:          3.8G       1.8G       2.0G       5.7M        55M       1.4G

MemTotal:        4016004 kB
MemFree:         2081452 kB
Active:           411848 kB
Mem:          3.8G       1.8G       2.0G       5.7M        55M       1.4G

MemTotal:        4016004 kB
MemFree:         2037904 kB
Active:           411884 kB
Mem:          3.8G       1.9G       1.9G       5.7M        55M       1.4G

MemTotal:        4016004 kB
MemFree:         2035664 kB
Active:           411904 kB
Mem:          3.8G       1.9G       1.9G       5.7M        55M       1.4G

MemTotal:        4016004 kB
MemFree:         2033912 kB
Active:           411880 kB
Mem:          3.8G       1.9G       1.9G       5.7M        55M       1.5G

MemTotal:        4016004 kB
MemFree:         2032956 kB
Active:           411876 kB
Mem:          3.8G       1.9G       1.9G       5.7M        55M       1.5G

MemTotal:        4016004 kB
MemFree:         2011864 kB
Active:           411864 kB
Mem:          3.8G       1.9G       1.9G       5.7M        55M       1.5G

MemTotal:        4016004 kB
MemFree:         1875036 kB
Active:           411864 kB
Mem:          3.8G       2.0G       1.8G       5.7M        55M       1.6G

MemTotal:        4016004 kB
MemFree:         1746524 kB
Active:           411912 kB
Mem:          3.8G       2.2G       1.7G       5.7M        55M       1.7G

MemTotal:        4016004 kB
MemFree:         1681776 kB
Active:           411912 kB
Mem:          3.8G       2.2G       1.6G       5.7M        55M       1.8G

MemTotal:        4016004 kB
MemFree:         1590552 kB
Active:           411896 kB
Mem:          3.8G       2.3G       1.5G       5.7M        55M       1.9G

MemTotal:        4016004 kB
MemFree:         1589356 kB
Active:           411932 kB
Mem:          3.8G       2.3G       1.5G       5.7M        55M       1.9G

MemTotal:        4016004 kB
MemFree:         1531440 kB
Active:           411896 kB
Mem:          3.8G       2.4G       1.5G       5.7M        55M       1.9G

MemTotal:        4016004 kB
MemFree:         1498768 kB
Active:           411932 kB
Mem:          3.8G       2.4G       1.4G       5.7M        55M       2.0G

MemTotal:        4016004 kB
MemFree:         1468840 kB
Active:           411932 kB
Mem:          3.8G       2.4G       1.4G       5.7M        55M       2.0G

MemTotal:        4016004 kB
MemFree:         1408672 kB
Active:           411940 kB
Mem:          3.8G       2.5G       1.3G       5.7M        55M       2.0G

MemTotal:        4016004 kB
MemFree:         1405292 kB
Active:           411956 kB
Mem:          3.8G       2.5G       1.3G       5.7M        55M       2.0G

MemTotal:        4016004 kB
MemFree:         1404572 kB
Active:           411924 kB
Mem:          3.8G       2.5G       1.3G       5.7M        55M       2.0G

MemTotal:        4016004 kB
MemFree:         1404080 kB
Active:           411928 kB
Mem:          3.8G       2.5G       1.3G       5.7M        55M       2.0G

MemTotal:        4016004 kB
MemFree:         1317868 kB
Active:           411968 kB
Mem:          3.8G       2.6G       1.3G       5.7M        55M       2.1G

MemTotal:        4016004 kB
MemFree:         1187180 kB
Active:           411944 kB
Mem:          3.8G       2.7G       1.1G       5.7M        55M       2.2G

MemTotal:        4016004 kB
MemFree:         1059048 kB
Active:           411940 kB
Mem:          3.8G       2.8G       1.0G       5.7M        55M       2.4G

MemTotal:        4016004 kB
MemFree:         1006096 kB
Active:           411976 kB
Mem:          3.8G       2.9G       982M       5.7M        55M       2.4G

MemTotal:        4016004 kB
MemFree:         1003052 kB
Active:           411980 kB
Mem:          3.8G       2.9G       979M       5.7M        55M       2.4G

MemTotal:        4016004 kB
MemFree:          969152 kB
Active:           411980 kB
Mem:          3.8G       2.9G       946M       5.7M        55M       2.5G

MemTotal:        4016004 kB
MemFree:          967164 kB
Active:           411992 kB
Mem:          3.8G       2.9G       944M       5.7M        55M       2.5G

MemTotal:        4016004 kB
MemFree:          870844 kB
Active:           411992 kB
Mem:          3.8G       3.0G       849M       5.7M        55M       2.5G

MemTotal:        4016004 kB
MemFree:          754524 kB
Active:           411992 kB
Mem:          3.8G       3.1G       735M       5.7M        55M       2.7G

MemTotal:        4016004 kB
MemFree:          619152 kB
Active:           411996 kB
Mem:          3.8G       3.2G       603M       5.7M        55M       2.8G

MemTotal:        4016004 kB
MemFree:          570496 kB
Active:           412012 kB
Mem:          3.8G       3.3G       556M       5.7M        55M       2.8G

MemTotal:        4016004 kB
MemFree:          569364 kB
Active:           411992 kB
Mem:          3.8G       3.3G       555M       5.7M        55M       2.8G

MemTotal:        4016004 kB
MemFree:          568140 kB
Active:           412036 kB
Mem:          3.8G       3.3G       554M       5.7M        55M       2.8G

MemTotal:        4016004 kB
MemFree:          567324 kB
Active:           412036 kB
Mem:          3.8G       3.3G       553M       5.7M        55M       2.8G

MemTotal:        4016004 kB
MemFree:          549800 kB
Active:           412036 kB
Mem:          3.8G       3.3G       536M       5.7M        55M       2.8G

MemTotal:        4016004 kB
MemFree:          544736 kB
Active:           412048 kB
Mem:          3.8G       3.3G       532M       5.7M        55M       2.9G

MemTotal:        4016004 kB
MemFree:          544304 kB
Active:           412056 kB
Mem:          3.8G       3.3G       531M       5.7M        55M       2.9G

MemTotal:        4016004 kB
MemFree:          543788 kB
Active:           410024 kB
Mem:          3.8G       3.3G       531M       5.7M        55M       2.9G

MemTotal:        4016004 kB
MemFree:          528948 kB
Active:           412056 kB
Mem:          3.8G       3.3G       516M       5.7M        55M       2.9G

MemTotal:        4016004 kB
MemFree:          400708 kB
Active:           412088 kB
Mem:          3.8G       3.4G       390M       5.7M        55M       3.0G

MemTotal:        4016004 kB
MemFree:          291968 kB
Active:           412088 kB
Mem:          3.8G       3.6G       284M       5.7M        55M       3.1G

MemTotal:        4016004 kB
MemFree:          188948 kB
Active:           412096 kB
Mem:          3.8G       3.7G       184M       5.7M        55M       3.2G

MemTotal:        4016004 kB
MemFree:          168524 kB
Active:           412076 kB
Mem:          3.8G       3.7G       164M       5.7M        55M       3.2G

MemTotal:        4016004 kB
MemFree:          124460 kB
Active:           412112 kB
Mem:          3.8G       3.7G       121M       5.7M        55M       3.2G

MemTotal:        4016004 kB
MemFree:          126844 kB
Active:           420620 kB
Mem:          3.8G       3.7G       123M       5.7M        20M       3.3G

MemTotal:        4016004 kB
MemFree:          137788 kB
Active:           471204 kB
Mem:          3.8G       3.7G       129M       5.7M        20M       3.3G

MemTotal:        4016004 kB
MemFree:          107188 kB
Active:           471076 kB
Mem:          3.8G       3.7G       104M       5.7M        20M       3.3G

MemTotal:        4016004 kB
MemFree:          124916 kB
Active:           462676 kB
Mem:          3.8G       3.7G       119M       5.7M        20M       3.3G

MemTotal:        4016004 kB
MemFree:          122328 kB
Active:           462692 kB
Mem:          3.8G       3.7G       119M       5.7M        20M       3.3G

MemTotal:        4016004 kB
MemFree:          118476 kB
Active:           462664 kB
Mem:          3.8G       3.7G       115M       5.7M        20M       3.3G

MemTotal:        4016004 kB
MemFree:          124648 kB
Active:           451952 kB
Mem:          3.8G       3.7G       121M       5.7M        20M       3.3G

MemTotal:        4016004 kB
MemFree:          130224 kB
Active:           433152 kB
Mem:          3.8G       3.7G       126M       5.7M        20M       3.3G

MemTotal:        4016004 kB
MemFree:          129016 kB
Active:           427904 kB
Mem:          3.8G       3.7G       125M       5.7M        20M       3.3G

MemTotal:        4016004 kB
MemFree:          123168 kB
Active:           423936 kB
Mem:          3.8G       3.7G       119M       5.7M        20M       3.3G

MemTotal:        4016004 kB
MemFree:          106312 kB
Active:           420864 kB
Mem:          3.8G       3.7G       103M       5.7M        20M       3.3G

MemTotal:        4016004 kB
MemFree:          149216 kB
Active:           416768 kB
Mem:          3.8G       3.7G       145M       5.7M        20M       3.3G

MemTotal:        4016004 kB
MemFree:          146184 kB
Active:           416792 kB
Mem:          3.8G       3.7G       142M       5.7M        20M       3.3G

MemTotal:        4016004 kB
MemFree:          146032 kB
Active:           416796 kB
Mem:          3.8G       3.7G       142M       5.7M        20M       3.3G

MemTotal:        4016004 kB
MemFree:          146852 kB
Active:           416764 kB
Mem:          3.8G       3.7G       143M       5.7M        20M       3.3G

MemTotal:        4016004 kB
MemFree:          146872 kB
Active:           416796 kB
Mem:          3.8G       3.7G       143M       5.7M        20M       3.3G

MemTotal:        4016004 kB
MemFree:          141212 kB
Active:           416804 kB
Mem:          3.8G       3.7G       138M       5.7M        20M       3.3G

MemTotal:        4016004 kB
MemFree:          140116 kB
Active:           416820 kB
Mem:          3.8G       3.7G       136M       5.7M        20M       3.3G

MemTotal:        4016004 kB
MemFree:          140184 kB
Active:           416832 kB
Mem:          3.8G       3.7G       136M       5.7M        20M       3.3G

MemTotal:        4016004 kB
MemFree:          140312 kB
Active:           416808 kB
Mem:          3.8G       3.7G       136M       5.7M        20M       3.3G

MemTotal:        4016004 kB
MemFree:          131560 kB
Active:           416836 kB
Mem:          3.8G       3.7G       128M       5.7M        20M       3.3G

MemTotal:        4016004 kB
MemFree:          115744 kB
Active:           414640 kB
Mem:          3.8G       3.7G       112M       5.7M        20M       3.3G

MemTotal:        4016004 kB
MemFree:          117196 kB
Active:           410548 kB
Mem:          3.8G       3.7G       113M       5.7M        20M       3.3G

MemTotal:        4016004 kB
MemFree:          137036 kB
Active:           406580 kB
Mem:          3.8G       3.7G       133M       5.7M        20M       3.3G

MemTotal:        4016004 kB
MemFree:          135164 kB
Active:           406536 kB
Mem:          3.8G       3.7G       132M       5.7M        20M       3.3G

MemTotal:        4016004 kB
MemFree:          117100 kB
Active:           404800 kB
Mem:          3.8G       3.7G       114M       5.7M        20M       3.3G

MemTotal:        4016004 kB
MemFree:          131836 kB
Active:           403008 kB
Mem:          3.8G       3.7G       128M       5.7M        20M       3.3G

MemTotal:        4016004 kB
MemFree:          130736 kB
Active:           403012 kB
Mem:          3.8G       3.7G       127M       5.7M        20M       3.3G

MemTotal:        4016004 kB
MemFree:          115344 kB
Active:           401732 kB
Mem:          3.8G       3.7G       112M       5.7M        20M       3.3G

MemTotal:        4016004 kB
MemFree:          142004 kB
Active:           400476 kB
Mem:          3.8G       3.7G       138M       5.7M        20M       3.3G

MemTotal:        4016004 kB
MemFree:          141012 kB
Active:           400492 kB
Mem:          3.8G       3.7G       137M       5.7M        20M       3.3G

MemTotal:        4016004 kB
MemFree:          139524 kB
Active:           400448 kB
Mem:          3.8G       3.7G       136M       5.7M        20M       3.3G

MemTotal:        4016004 kB
MemFree:          138876 kB
Active:           400476 kB
Mem:          3.8G       3.7G       135M       5.7M        20M       3.3G

MemTotal:        4016004 kB
MemFree:          120656 kB
Active:           399472 kB
Mem:          3.8G       3.7G       126M       5.7M        20M       3.3G

MemTotal:        4016004 kB
MemFree:          115628 kB
Active:           395764 kB
Mem:          3.8G       3.7G       112M       5.7M        20M       3.3G

MemTotal:        4016004 kB
MemFree:          131744 kB
Active:           391540 kB
Mem:          3.8G       3.7G       129M       5.7M        20M       3.3G

MemTotal:        4016004 kB
MemFree:          119872 kB
Active:           390772 kB
Mem:          3.8G       3.7G       117M       5.7M        20M       3.3G

MemTotal:        4016004 kB
MemFree:          136520 kB
Active:           387576 kB
Mem:          3.8G       3.7G       133M       5.7M        20M       3.3G

MemTotal:        4016004 kB
MemFree:          133016 kB
Active:           387576 kB
Mem:          3.8G       3.7G       129M       5.7M        20M       3.3G

MemTotal:        4016004 kB
MemFree:          127400 kB
Active:           385672 kB
Mem:          3.8G       3.7G       124M       5.7M        20M       3.3G

MemTotal:        4016004 kB
MemFree:          129160 kB
Active:           384148 kB
Mem:          3.8G       3.7G       126M       5.7M        20M       3.3G

MemTotal:        4016004 kB
MemFree:          127968 kB
Active:           384160 kB
Mem:          3.8G       3.7G       124M       5.7M        20M       3.3G

MemTotal:        4016004 kB
MemFree:          127188 kB
Active:           384156 kB
Mem:          3.8G       3.7G       124M       5.7M        20M       3.3G

MemTotal:        4016004 kB
MemFree:          127024 kB
Active:           384140 kB
Mem:          3.8G       3.7G       124M       5.7M        20M       3.3G

MemTotal:        4016004 kB
MemFree:          125904 kB
Active:           384132 kB
Mem:          3.8G       3.7G       122M       5.7M        20M       3.3G

MemTotal:        4016004 kB
MemFree:          117740 kB
Active:           384164 kB
Mem:          3.8G       3.7G       115M       5.7M        20M       3.3G

MemTotal:        4016004 kB
MemFree:          134820 kB
Active:           377604 kB
Mem:          3.8G       3.7G       131M       5.7M        20M       3.3G

MemTotal:        4016004 kB
MemFree:          138520 kB
Active:           372612 kB
Mem:          3.8G       3.7G       134M       5.7M        20M       3.3G

MemTotal:        4016004 kB
MemFree:          140644 kB
Active:           366116 kB
Mem:          3.8G       3.7G       137M       5.7M        20M       3.3G

MemTotal:        4016004 kB
MemFree:          136904 kB
Active:           366092 kB
Mem:          3.8G       3.7G       133M       5.7M        20M       3.3G

MemTotal:        4016004 kB
MemFree:          149180 kB
Active:           363324 kB
Mem:          3.8G       3.7G       145M       5.7M        20M       3.3G

MemTotal:        4016004 kB
MemFree:          123912 kB
Active:           362300 kB
Mem:          3.8G       3.7G       120M       5.7M        20M       3.3G

MemTotal:        4016004 kB
MemFree:          122428 kB
Active:           361660 kB
Mem:          3.8G       3.7G       119M       5.7M        20M       3.3G

MemTotal:        4016004 kB
MemFree:          120208 kB
Active:           360508 kB
Mem:          3.8G       3.7G       117M       5.7M        20M       3.3G

MemTotal:        4016004 kB
MemFree:          120304 kB
Active:           360512 kB
Mem:          3.8G       3.7G       117M       5.7M        20M       3.3G

MemTotal:        4016004 kB
MemFree:          119104 kB
Active:           360500 kB
Mem:          3.8G       3.7G       116M       5.7M        20M       3.3G

MemTotal:        4016004 kB
MemFree:          118732 kB
Active:           360548 kB
Mem:          3.8G       3.7G       115M       5.7M        20M       3.3G

MemTotal:        4016004 kB
MemFree:          124948 kB
Active:           358764 kB
Mem:          3.8G       3.7G       121M       5.7M        20M       3.3G

MemTotal:        4016004 kB
MemFree:          121588 kB
Active:           358764 kB
Mem:          3.8G       3.7G       118M       5.7M        20M       3.3G

MemTotal:        4016004 kB
MemFree:          132512 kB
Active:           355968 kB
Mem:          3.8G       3.7G       128M       5.7M        20M       3.3G

MemTotal:        4016004 kB
MemFree:          127252 kB
Active:           355968 kB
Mem:          3.8G       3.7G       124M       5.7M        20M       3.3G

MemTotal:        4016004 kB
MemFree:          136204 kB
Active:           355976 kB
Mem:          3.8G       3.7G       132M       5.7M        20M       3.3G

MemTotal:        4016004 kB
MemFree:          123816 kB
Active:           355932 kB
Mem:          3.8G       3.7G       120M       5.7M        20M       3.3G

MemTotal:        4016004 kB
MemFree:          139144 kB
Active:           355976 kB
Mem:          3.8G       3.7G       136M       5.7M        20M       3.3G

MemTotal:        4016004 kB
MemFree:          122928 kB
Active:           355980 kB
Mem:          3.8G       3.7G       120M       5.7M        20M       3.3G

MemTotal:        4016004 kB
MemFree:          122616 kB
Active:           355984 kB
Mem:          3.8G       3.7G       119M       5.7M        20M       3.3G

MemTotal:        4016004 kB
MemFree:          135528 kB
Active:           355988 kB
Mem:          3.8G       3.7G       132M       5.7M        20M       3.3G

MemTotal:        4016004 kB
MemFree:          134424 kB
Active:           355988 kB
Mem:          3.8G       3.7G       131M       5.7M        20M       3.3G

MemTotal:        4016004 kB
MemFree:          133684 kB
Active:           355956 kB
Mem:          3.8G       3.7G       130M       5.7M        20M       3.3G

MemTotal:        4016004 kB
MemFree:          132824 kB
Active:           356004 kB
Mem:          3.8G       3.7G       129M       5.7M        20M       3.3G

MemTotal:        4016004 kB
MemFree:          137772 kB
Active:           356004 kB
Mem:          3.8G       3.7G       134M       5.7M        20M       3.3G

MemTotal:        4016004 kB
MemFree:          140512 kB
Active:           356016 kB
Mem:          3.8G       3.7G       137M       5.7M        20M       3.3G

MemTotal:        4016004 kB
MemFree:          138620 kB
Active:           355880 kB
Mem:          3.8G       3.7G       134M       5.7M        20M       3.3G

MemTotal:        4016004 kB
MemFree:          128812 kB
Active:           355880 kB
Mem:          3.8G       3.7G       125M       5.7M        20M       3.3G

MemTotal:        4016004 kB
MemFree:          133412 kB
Active:           355856 kB
Mem:          3.8G       3.7G       130M       5.7M        20M       3.3G

MemTotal:        4016004 kB
MemFree:          116696 kB
Active:           355892 kB
Mem:          3.8G       3.7G       113M       5.7M        20M       3.3G

MemTotal:        4016004 kB
MemFree:          139188 kB
Active:           355232 kB
Mem:          3.8G       3.7G       137M       5.7M        20M       3.3G

MemTotal:        4016004 kB
MemFree:          138696 kB
Active:           355112 kB
Mem:          3.8G       3.7G       135M       5.7M        20M       3.3G

MemTotal:        4016004 kB
MemFree:          137428 kB
Active:           355124 kB
Mem:          3.8G       3.7G       133M       5.7M        20M       3.3G

MemTotal:        4016004 kB
MemFree:          136056 kB
Active:           355076 kB
Mem:          3.8G       3.7G       132M       5.7M        20M       3.3G

MemTotal:        4016004 kB
MemFree:          135860 kB
Active:           353496 kB
Mem:          3.8G       3.7G       132M       5.7M        20M       3.3G

MemTotal:        4016004 kB
MemFree:          136004 kB
Active:           355388 kB
Mem:          3.8G       3.7G       132M       5.7M        20M       3.3G

MemTotal:        4016004 kB
MemFree:          121832 kB
Active:           354936 kB
Mem:          3.8G       3.7G       131M       5.7M        20M       3.3G

MemTotal:        4016004 kB
MemFree:          126908 kB
Active:           354816 kB
Mem:          3.8G       3.7G       123M       5.7M        20M       3.3G

MemTotal:        4016004 kB
MemFree:          132112 kB
Active:           352352 kB
Mem:          3.8G       3.7G       128M       5.7M        20M       3.3G

MemTotal:        4016004 kB
MemFree:          130280 kB
Active:           352292 kB
Mem:          3.8G       3.7G       127M       5.7M        20M       3.3G

MemTotal:        4016004 kB
MemFree:          109400 kB
Active:           352248 kB
Mem:          3.8G       3.7G       106M       5.7M        20M       3.3G

MemTotal:        4016004 kB
MemFree:          114856 kB
Active:           352316 kB
Mem:          3.8G       3.7G       112M       5.7M        20M       3.3G

MemTotal:        4016004 kB
MemFree:          133196 kB
Active:           352288 kB
Mem:          3.8G       3.7G       129M       5.7M        20M       3.3G

MemTotal:        4016004 kB
MemFree:          121388 kB
Active:           352316 kB
Mem:          3.8G       3.7G       118M       5.7M        20M       3.3G

MemTotal:        4016004 kB
MemFree:          120288 kB
Active:           350452 kB
Mem:          3.8G       3.7G       117M       5.7M        20M       3.3G

MemTotal:        4016004 kB
MemFree:          120304 kB
Active:           352328 kB
Mem:          3.8G       3.7G       117M       5.7M        20M       3.3G

MemTotal:        4016004 kB
MemFree:          120276 kB
Active:           352312 kB
Mem:          3.8G       3.7G       117M       5.7M        20M       3.3G

MemTotal:        4016004 kB
MemFree:          120564 kB
Active:           352320 kB
Mem:          3.8G       3.7G       117M       5.7M        20M       3.3G

MemTotal:        4016004 kB
MemFree:          135740 kB
Active:           351904 kB
Mem:          3.8G       3.7G       132M       5.7M        20M       3.3G

MemTotal:        4016004 kB
MemFree:          118400 kB
Active:           351928 kB
Mem:          3.8G       3.7G       115M       5.7M        20M       3.3G

MemTotal:        4016004 kB
MemFree:          137212 kB
Active:           351932 kB
Mem:          3.8G       3.7G       133M       5.7M        20M       3.3G

MemTotal:        4016004 kB
MemFree:          136100 kB
Active:           351940 kB
Mem:          3.8G       3.7G       132M       5.7M        20M       3.3G

MemTotal:        4016004 kB
MemFree:          135064 kB
Active:           349216 kB
Mem:          3.8G       3.7G       131M       5.7M        20M       3.3G

MemTotal:        4016004 kB
MemFree:          138856 kB
Active:           349112 kB
Mem:          3.8G       3.7G       135M       5.7M        20M       3.3G

MemTotal:        4016004 kB
MemFree:          123256 kB
Active:           351176 kB
Mem:          3.8G       3.7G       120M       5.7M        20M       3.3G

MemTotal:        4016004 kB
MemFree:          136752 kB
Active:           350128 kB
Mem:          3.8G       3.7G       133M       5.7M        20M       3.3G

MemTotal:        4016004 kB
MemFree:          125648 kB
Active:           350100 kB
Mem:          3.8G       3.7G       122M       5.7M        20M       3.3G

MemTotal:        4016004 kB
MemFree:          125720 kB
Active:           350132 kB
Mem:          3.8G       3.7G       122M       5.7M        20M       3.3G

MemTotal:        4016004 kB
MemFree:          123524 kB
Active:           350160 kB
Mem:          3.8G       3.7G       120M       5.7M        20M       3.3G

MemTotal:        4016004 kB
MemFree:          122040 kB
Active:           350148 kB
Mem:          3.8G       3.7G       119M       5.7M        20M       3.3G

MemTotal:        4016004 kB
MemFree:          140000 kB
Active:           350104 kB
Mem:          3.8G       3.7G       136M       5.7M        20M       3.3G

MemTotal:        4016004 kB
MemFree:          125544 kB
Active:           345988 kB
Mem:          3.8G       3.7G       122M       5.7M        20M       3.3G

MemTotal:        4016004 kB
MemFree:          128656 kB
Active:           345900 kB
Mem:          3.8G       3.7G       125M       5.7M        20M       3.3G

MemTotal:        4016004 kB
MemFree:          147992 kB
Active:           345940 kB
Mem:          3.8G       3.7G       144M       5.7M        20M       3.2G

MemTotal:        4016004 kB
MemFree:          143512 kB
Active:           346048 kB
Mem:          3.8G       3.7G       140M       5.7M        20M       3.2G

MemTotal:        4016004 kB
MemFree:          133444 kB
Active:           346056 kB
Mem:          3.8G       3.7G       130M       5.7M        20M       3.3G

MemTotal:        4016004 kB
MemFree:          124000 kB
Active:           346048 kB
Mem:          3.8G       3.7G       120M       5.7M        20M       3.3G

MemTotal:        4016004 kB
MemFree:          110172 kB
Active:           346012 kB
Mem:          3.8G       3.7G       107M       5.7M        20M       3.3G

MemTotal:        4016004 kB
MemFree:          133600 kB
Active:           346008 kB
Mem:          3.8G       3.7G       130M       5.7M        20M       3.3G

MemTotal:        4016004 kB
MemFree:          130400 kB
Active:           346060 kB
Mem:          3.8G       3.7G       127M       5.7M        20M       3.3G

MemTotal:        4016004 kB
MemFree:          129308 kB
Active:           346072 kB
Mem:          3.8G       3.7G       126M       5.7M        20M       3.3G

MemTotal:        4016004 kB
MemFree:          127884 kB
Active:           346100 kB
Mem:          3.8G       3.7G       124M       5.7M        20M       3.3G

MemTotal:        4016004 kB
MemFree:          127348 kB
Active:           346136 kB
Mem:          3.8G       3.7G       123M       5.7M        20M       3.3G

MemTotal:        4016004 kB
MemFree:          128140 kB
Active:           342900 kB
Mem:          3.8G       3.7G       133M       5.7M        20M       3.3G

MemTotal:        4016004 kB
MemFree:          129304 kB
Active:           342008 kB
Mem:          3.8G       3.7G       126M       5.7M        20M       3.3G

MemTotal:        4016004 kB
MemFree:          136080 kB
Active:           343976 kB
Mem:          3.8G       3.7G       132M       5.7M        20M       3.3G

MemTotal:        4016004 kB
MemFree:          135024 kB
Active:           343976 kB
Mem:          3.8G       3.7G       131M       5.7M        20M       3.3G

MemTotal:        4016004 kB
MemFree:          137036 kB
Active:           344256 kB
Mem:          3.8G       3.7G       133M       5.7M        20M       3.3G

MemTotal:        4016004 kB
MemFree:          126996 kB
Active:           348328 kB
Mem:          3.8G       3.7G       123M       5.7M        24M       3.3G

MemTotal:        4016004 kB
MemFree:          112504 kB
Active:           350612 kB
Mem:          3.8G       3.7G       109M       5.7M        27M       3.3G

MemTotal:        4016004 kB
MemFree:          123856 kB
Active:           350068 kB
Mem:          3.8G       3.7G       120M       5.7M        27M       3.3G

MemTotal:        4016004 kB
MemFree:          127624 kB
Active:           349860 kB
Mem:          3.8G       3.7G       124M       5.7M        27M       3.3G

MemTotal:        4016004 kB
MemFree:          126792 kB
Active:           349904 kB
Mem:          3.8G       3.7G       123M       5.7M        27M       3.3G

MemTotal:        4016004 kB
MemFree:          127464 kB
Active:           349908 kB
Mem:          3.8G       3.7G       124M       5.7M        27M       3.3G

MemTotal:        4016004 kB
MemFree:          125468 kB
Active:           349880 kB
Mem:          3.8G       3.7G       122M       5.7M        27M       3.3G

MemTotal:        4016004 kB
MemFree:          106240 kB
Active:           349924 kB
Mem:          3.8G       3.7G       103M       5.7M        27M       3.3G

MemTotal:        4016004 kB
MemFree:          121864 kB
Active:           349944 kB
Mem:          3.8G       3.7G       118M       5.7M        27M       3.3G

MemTotal:        4016004 kB
MemFree:          118188 kB
Active:           349948 kB
Mem:          3.8G       3.7G       115M       5.7M        27M       3.3G

MemTotal:        4016004 kB
MemFree:          122312 kB
Active:           347528 kB
Mem:          3.8G       3.7G       119M       5.7M        27M       3.3G

MemTotal:        4016004 kB
MemFree:          145176 kB
Active:           347432 kB
Mem:          3.8G       3.7G       141M       5.7M        27M       3.2G

MemTotal:        4016004 kB
MemFree:          129320 kB
Active:           347404 kB
Mem:          3.8G       3.7G       126M       5.7M        27M       3.3G

MemTotal:        4016004 kB
MemFree:          120540 kB
Active:           347440 kB
Mem:          3.8G       3.7G       117M       5.7M        27M       3.3G

MemTotal:        4016004 kB
MemFree:          118688 kB
Active:           347444 kB
Mem:          3.8G       3.7G       115M       5.7M        27M       3.3G

MemTotal:        4016004 kB
MemFree:          124500 kB
Active:           347428 kB
Mem:          3.8G       3.7G       120M       5.7M        27M       3.3G

MemTotal:        4016004 kB
MemFree:          119884 kB
Active:           347480 kB
Mem:          3.8G       3.7G       117M       5.7M        27M       3.3G

MemTotal:        4016004 kB
MemFree:          119064 kB
Active:           349496 kB
Mem:          3.8G       3.7G       116M       5.7M        27M       3.3G

MemTotal:        4016004 kB
MemFree:          117568 kB
Active:           349504 kB
Mem:          3.8G       3.7G       114M       5.7M        27M       3.3G

MemTotal:        4016004 kB
MemFree:          117196 kB
Active:           349480 kB
Mem:          3.8G       3.7G       114M       5.7M        27M       3.3G

MemTotal:        4016004 kB
MemFree:          136992 kB
Active:           349452 kB
Mem:          3.8G       3.7G       133M       5.7M        27M       3.2G

MemTotal:        4016004 kB
MemFree:          119492 kB
Active:           349512 kB
Mem:          3.8G       3.7G       116M       5.7M        27M       3.3G

MemTotal:        4016004 kB
MemFree:          119608 kB
Active:           345580 kB
Mem:          3.8G       3.7G       120M       5.7M        27M       3.3G

MemTotal:        4016004 kB
MemFree:          130980 kB
Active:           345444 kB
Mem:          3.8G       3.7G       127M       5.7M        27M       3.2G

MemTotal:        4016004 kB
MemFree:          138896 kB
Active:           345396 kB
Mem:          3.8G       3.7G       135M       5.7M        27M       3.2G

MemTotal:        4016004 kB
MemFree:          130248 kB
Active:           345444 kB
Mem:          3.8G       3.7G       126M       5.7M        27M       3.2G

MemTotal:        4016004 kB
MemFree:          128336 kB
Active:           346792 kB
Mem:          3.8G       3.7G       124M       5.7M        27M       3.2G

MemTotal:        4016004 kB
MemFree:          125420 kB
Active:           346836 kB
Mem:          3.8G       3.7G       122M       5.7M        27M       3.3G

MemTotal:        4016004 kB
MemFree:          124012 kB
Active:           346844 kB
Mem:          3.8G       3.7G       121M       5.7M        27M       3.3G

MemTotal:        4016004 kB
MemFree:          123212 kB
Active:           346844 kB
Mem:          3.8G       3.7G       120M       5.7M        27M       3.3G

MemTotal:        4016004 kB
MemFree:          115024 kB
Active:           346868 kB
Mem:          3.8G       3.7G       112M       5.7M        27M       3.3G

MemTotal:        4016004 kB
MemFree:          117840 kB
Active:           346868 kB
Mem:          3.8G       3.7G       114M       5.7M        27M       3.3G

MemTotal:        4016004 kB
MemFree:          127940 kB
Active:           346692 kB
Mem:          3.8G       3.7G       124M       5.7M        27M       3.2G

MemTotal:        4016004 kB
MemFree:          120812 kB
Active:           346744 kB
Mem:          3.8G       3.7G       117M       5.7M        27M       3.3G

MemTotal:        4016004 kB
MemFree:          115128 kB
Active:           346732 kB
Mem:          3.8G       3.7G       121M       5.7M        27M       3.3G

MemTotal:        4016004 kB
MemFree:          124816 kB
Active:           344620 kB
Mem:          3.8G       3.7G       121M       5.7M        27M       3.3G

MemTotal:        4016004 kB
MemFree:          110252 kB
Active:           344608 kB
Mem:          3.8G       3.7G       107M       5.7M        27M       3.3G

MemTotal:        4016004 kB
MemFree:          128104 kB
Active:           344616 kB
Mem:          3.8G       3.7G       125M       5.7M        27M       3.2G

MemTotal:        4016004 kB
MemFree:          110116 kB
Active:           344624 kB
Mem:          3.8G       3.7G       107M       5.7M        27M       3.3G

MemTotal:        4016004 kB
MemFree:          108920 kB
Active:           344592 kB
Mem:          3.8G       3.7G       105M       5.7M        27M       3.3G

MemTotal:        4016004 kB
MemFree:          107548 kB
Active:           344604 kB
Mem:          3.8G       3.7G       105M       5.7M        27M       3.3G

MemTotal:        4016004 kB
MemFree:          106748 kB
Active:           344612 kB
Mem:          3.8G       3.7G       104M       5.7M        27M       3.3G

MemTotal:        4016004 kB
MemFree:          105852 kB
Active:           344640 kB
Mem:          3.8G       3.7G       103M       5.7M        27M       3.3G

MemTotal:        4016004 kB
MemFree:          119716 kB
Active:           344616 kB
Mem:          3.8G       3.7G       116M       5.7M        27M       3.3G

MemTotal:        4016004 kB
MemFree:          118028 kB
Active:           344624 kB
Mem:          3.8G       3.7G       115M       5.7M        27M       3.3G

MemTotal:        4016004 kB
MemFree:          122856 kB
Active:           344652 kB
Mem:          3.8G       3.7G       119M       5.7M        27M       3.3G

MemTotal:        4016004 kB
MemFree:          119900 kB
Active:           344668 kB
Mem:          3.8G       3.7G       116M       5.7M        27M       3.3G

MemTotal:        4016004 kB
MemFree:          126516 kB
Active:           344528 kB
Mem:          3.8G       3.7G       123M       5.7M        27M       3.2G

MemTotal:        4016004 kB
MemFree:          126800 kB
Active:           344364 kB
Mem:          3.8G       3.7G       123M       5.7M        27M       3.2G

MemTotal:        4016004 kB
MemFree:          127172 kB
Active:           344312 kB
Mem:          3.8G       3.7G       124M       5.7M        27M       3.2G

MemTotal:        4016004 kB
MemFree:          127172 kB
Active:           344352 kB
Mem:          3.8G       3.7G       124M       5.7M        27M       3.2G

MemTotal:        4016004 kB
MemFree:          126800 kB
Active:           344364 kB
Mem:          3.8G       3.7G       124M       5.7M        27M       3.2G

MemTotal:        4016004 kB
MemFree:          126520 kB
Active:           344356 kB
Mem:          3.8G       3.7G       123M       5.7M        27M       3.2G

MemTotal:        4016004 kB
MemFree:          126116 kB
Active:           344388 kB
Mem:          3.8G       3.7G       123M       5.7M        27M       3.2G

MemTotal:        4016004 kB
MemFree:          126388 kB
Active:           344372 kB
Mem:          3.8G       3.7G       123M       5.7M        27M       3.2G

MemTotal:        4016004 kB
MemFree:          126824 kB
Active:           344380 kB
Mem:          3.8G       3.7G       123M       5.7M        27M       3.2G

MemTotal:        4016004 kB
MemFree:          126892 kB
Active:           344352 kB
Mem:          3.8G       3.7G       123M       5.7M        27M       3.2G

MemTotal:        4016004 kB
MemFree:          126660 kB
Active:           344396 kB
Mem:          3.8G       3.7G       123M       5.7M        27M       3.2G

MemTotal:        4016004 kB
MemFree:          126924 kB
Active:           344344 kB
Mem:          3.8G       3.7G       124M       5.7M        27M       3.2G

MemTotal:        4016004 kB
MemFree:          127048 kB
Active:           344388 kB
Mem:          3.8G       3.7G       124M       5.7M        27M       3.2G

MemTotal:        4016004 kB
MemFree:          127172 kB
Active:           344356 kB
Mem:          3.8G       3.7G       124M       5.7M        27M       3.2G

MemTotal:        4016004 kB
MemFree:          126784 kB
Active:           344408 kB
Mem:          3.8G       3.7G       123M       5.7M        27M       3.2G

MemTotal:        4016004 kB
MemFree:          126660 kB
Active:           344408 kB
Mem:          3.8G       3.7G       123M       5.7M        27M       3.2G

MemTotal:        4016004 kB
MemFree:          127048 kB
Active:           344380 kB
Mem:          3.8G       3.7G       124M       5.7M        27M       3.2G

MemTotal:        4016004 kB
MemFree:          127048 kB
Active:           344396 kB
Mem:          3.8G       3.7G       124M       5.7M        27M       3.2G

MemTotal:        4016004 kB
MemFree:          127172 kB
Active:           344388 kB
Mem:          3.8G       3.7G       124M       5.7M        27M       3.2G

MemTotal:        4016004 kB
MemFree:          127172 kB
Active:           344384 kB
Mem:          3.8G       3.7G       123M       5.7M        27M       3.2G

MemTotal:        4016004 kB
MemFree:          126908 kB
Active:           344412 kB
Mem:          3.8G       3.7G       123M       5.7M        27M       3.2G

MemTotal:        4016004 kB
MemFree:          127048 kB
Active:           344384 kB
Mem:          3.8G       3.7G       124M       5.7M        27M       3.2G

MemTotal:        4016004 kB
MemFree:          127048 kB
Active:           344408 kB
Mem:          3.8G       3.7G       124M       5.7M        27M       3.2G

MemTotal:        4016004 kB
MemFree:          126924 kB
Active:           344404 kB
Mem:          3.8G       3.7G       123M       5.7M        27M       3.2G

MemTotal:        4016004 kB
MemFree:          126536 kB
Active:           344540 kB
Mem:          3.8G       3.7G       123M       5.7M        27M       3.2G

MemTotal:        4016004 kB
MemFree:          126972 kB
Active:           344528 kB
Mem:          3.8G       3.7G       124M       5.7M        27M       3.2G

MemTotal:        4016004 kB
MemFree:          126924 kB
Active:           344384 kB
Mem:          3.8G       3.7G       123M       5.7M        27M       3.2G

MemTotal:        4016004 kB
MemFree:          127048 kB
Active:           344428 kB
Mem:          3.8G       3.7G       123M       5.7M        27M       3.2G

MemTotal:        4016004 kB
MemFree:          126312 kB
Active:           344660 kB
Mem:          3.8G       3.7G       123M       5.7M        27M       3.2G

MemTotal:        4016004 kB
MemFree:          126552 kB
Active:           344432 kB
Mem:          3.8G       3.7G       123M       5.7M        27M       3.2G

MemTotal:        4016004 kB
MemFree:          126644 kB
Active:           344428 kB
Mem:          3.8G       3.7G       123M       5.7M        27M       3.2G

MemTotal:        4016004 kB
MemFree:          126768 kB
Active:           344576 kB
Mem:          3.8G       3.7G       123M       5.7M        27M       3.2G

MemTotal:        4016004 kB
MemFree:          126288 kB
Active:           344592 kB
Mem:          3.8G       3.7G       123M       5.7M        27M       3.2G

MemTotal:        4016004 kB
MemFree:          126660 kB
Active:           344552 kB
Mem:          3.8G       3.7G       123M       5.7M        27M       3.2G

MemTotal:        4016004 kB
MemFree:          126164 kB
Active:           344444 kB
Mem:          3.8G       3.7G       123M       5.7M        27M       3.2G

MemTotal:        4016004 kB
MemFree:          126520 kB
Active:           344468 kB
Mem:          3.8G       3.7G       123M       5.7M        27M       3.2G

MemTotal:        4016004 kB
MemFree:          126428 kB
Active:           344528 kB
Mem:          3.8G       3.7G       123M       5.7M        27M       3.2G

MemTotal:        4016004 kB
MemFree:          127000 kB
Active:           344420 kB
Mem:          3.8G       3.7G       124M       5.7M        27M       3.2G

MemTotal:        4016004 kB
MemFree:          126520 kB
Active:           344544 kB
Mem:          3.8G       3.7G       123M       5.7M        27M       3.2G

MemTotal:        4016004 kB
MemFree:          126876 kB
Active:           344440 kB
Mem:          3.8G       3.7G       123M       5.7M        27M       3.2G

MemTotal:        4016004 kB
MemFree:          126748 kB
Active:           344544 kB
Mem:          3.8G       3.7G       123M       5.7M        27M       3.2G

MemTotal:        4016004 kB
MemFree:          126272 kB
Active:           344588 kB
Mem:          3.8G       3.7G       123M       5.7M        27M       3.2G

MemTotal:        4016004 kB
MemFree:          126668 kB
Active:           344540 kB
Mem:          3.8G       3.7G       123M       5.7M        27M       3.2G

MemTotal:        4016004 kB
MemFree:          126752 kB
Active:           344456 kB
Mem:          3.8G       3.7G       123M       5.7M        27M       3.2G

MemTotal:        4016004 kB
MemFree:          126628 kB
Active:           344444 kB
Mem:          3.8G       3.7G       123M       5.7M        27M       3.2G

MemTotal:        4016004 kB
MemFree:          126396 kB
Active:           344552 kB
Mem:          3.8G       3.7G       123M       5.7M        27M       3.2G

MemTotal:        4016004 kB
MemFree:          126752 kB
Active:           344436 kB
Mem:          3.8G       3.7G       123M       5.7M        27M       3.2G

MemTotal:        4016004 kB
MemFree:          126628 kB
Active:           344316 kB
Mem:          3.8G       3.7G       124M       5.7M        27M       3.2G

MemTotal:        4016004 kB
MemFree:          126876 kB
Active:           344328 kB
Mem:          3.8G       3.7G       124M       5.7M        27M       3.2G

MemTotal:        4016004 kB
MemFree:          126520 kB
Active:           344556 kB
Mem:          3.8G       3.7G       123M       5.7M        27M       3.2G

MemTotal:        4016004 kB
MemFree:          127000 kB
Active:           344332 kB
Mem:          3.8G       3.7G       123M       5.7M        27M       3.2G

MemTotal:        4016004 kB
MemFree:          126752 kB
Active:           344388 kB
Mem:          3.8G       3.7G       123M       5.7M        27M       3.2G

MemTotal:        4016004 kB
MemFree:          126660 kB
Active:           344312 kB
Mem:          3.8G       3.7G       123M       5.7M        27M       3.2G

MemTotal:        4016004 kB
MemFree:          126396 kB
Active:           344636 kB
Mem:          3.8G       3.7G       123M       5.7M        27M       3.2G

MemTotal:        4016004 kB
MemFree:          126552 kB
Active:           344464 kB
Mem:          3.8G       3.7G       123M       5.7M        27M       3.2G

MemTotal:        4016004 kB
MemFree:          126304 kB
Active:           344500 kB
Mem:          3.8G       3.7G       123M       5.7M        27M       3.2G

MemTotal:        4016004 kB
MemFree:          126428 kB
Active:           344500 kB
Mem:          3.8G       3.7G       123M       5.7M        27M       3.2G

MemTotal:        4016004 kB
MemFree:          126800 kB
Active:           344472 kB
Mem:          3.8G       3.7G       123M       5.7M        27M       3.2G

MemTotal:        4016004 kB
MemFree:          126676 kB
Active:           344460 kB
Mem:          3.8G       3.7G       123M       5.7M        27M       3.2G

MemTotal:        4016004 kB
MemFree:          126428 kB
Active:           344508 kB
Mem:          3.8G       3.7G       123M       5.7M        27M       3.2G

MemTotal:        4016004 kB
MemFree:          126676 kB
Active:           344472 kB
Mem:          3.8G       3.7G       123M       5.7M        27M       3.2G

MemTotal:        4016004 kB
MemFree:          126924 kB
Active:           344452 kB
Mem:          3.8G       3.7G       123M       5.7M        27M       3.2G

MemTotal:        4016004 kB
MemFree:          126800 kB
Active:           344508 kB
Mem:          3.8G       3.7G       123M       5.7M        27M       3.2G

MemTotal:        4016004 kB
MemFree:          126924 kB
Active:           344464 kB
Mem:          3.8G       3.7G       123M       5.7M        27M       3.2G

MemTotal:        4016004 kB
MemFree:          126800 kB
Active:           344488 kB
Mem:          3.8G       3.7G       124M       5.7M        27M       3.2G

MemTotal:        4016004 kB
MemFree:          126924 kB
Active:           344460 kB
Mem:          3.8G       3.7G       123M       5.7M        27M       3.2G

MemTotal:        4016004 kB
MemFree:          126924 kB
Active:           344512 kB
Mem:          3.8G       3.7G       123M       5.7M        27M       3.2G

MemTotal:        4016004 kB
MemFree:          126800 kB
Active:           344492 kB
Mem:          3.8G       3.7G       123M       5.7M        27M       3.2G

MemTotal:        4016004 kB
MemFree:          126924 kB
Active:           344472 kB
Mem:          3.8G       3.7G       123M       5.7M        27M       3.2G

MemTotal:        4016004 kB
MemFree:          124752 kB
Active:           344488 kB
Mem:          3.8G       3.7G       121M       5.7M        27M       3.2G

MemTotal:        4016004 kB
MemFree:          124504 kB
Active:           346512 kB
Mem:          3.8G       3.7G       121M       5.7M        27M       3.2G

MemTotal:        4016004 kB
MemFree:          124752 kB
Active:           346488 kB
Mem:          3.8G       3.7G       121M       5.7M        27M       3.2G

MemTotal:        4016004 kB
MemFree:          124876 kB
Active:           346524 kB
Mem:          3.8G       3.7G       121M       5.7M        27M       3.2G

MemTotal:        4016004 kB
MemFree:          124380 kB
Active:           346552 kB
Mem:          3.8G       3.7G       121M       5.7M        27M       3.2G

MemTotal:        4016004 kB
MemFree:          124876 kB
Active:           346520 kB
Mem:          3.8G       3.7G       121M       5.7M        27M       3.2G

MemTotal:        4016004 kB
MemFree:          124876 kB
Active:           346524 kB
Mem:          3.8G       3.7G       121M       5.7M        27M       3.2G

MemTotal:        4016004 kB
MemFree:          124876 kB
Active:           346504 kB
Mem:          3.8G       3.7G       121M       5.7M        27M       3.2G

MemTotal:        4016004 kB
MemFree:          124504 kB
Active:           346552 kB
Mem:          3.8G       3.7G       121M       5.7M        27M       3.2G

MemTotal:        4016004 kB
MemFree:          124628 kB
Active:           346520 kB
Mem:          3.8G       3.7G       121M       5.7M        27M       3.2G

MemTotal:        4016004 kB
MemFree:          124504 kB
Active:           346516 kB
Mem:          3.8G       3.7G       121M       5.7M        27M       3.2G

MemTotal:        4016004 kB
MemFree:          124752 kB
Active:           346496 kB
Mem:          3.8G       3.7G       121M       5.7M        27M       3.2G

MemTotal:        4016004 kB
MemFree:          124752 kB
Active:           346516 kB
Mem:          3.8G       3.7G       121M       5.7M        27M       3.2G

MemTotal:        4016004 kB
MemFree:          124380 kB
Active:           346560 kB
Mem:          3.8G       3.7G       121M       5.7M        27M       3.2G

MemTotal:        4016004 kB
MemFree:          124752 kB
Active:           346524 kB
Mem:          3.8G       3.7G       121M       5.7M        27M       3.2G

MemTotal:        4016004 kB
MemFree:          124380 kB
Active:           346560 kB
Mem:          3.8G       3.7G       121M       5.7M        27M       3.2G

MemTotal:        4016004 kB
MemFree:          124380 kB
Active:           346560 kB
Mem:          3.8G       3.7G       121M       5.7M        27M       3.2G

MemTotal:        4016004 kB
MemFree:          124752 kB
Active:           346532 kB
Mem:          3.8G       3.7G       121M       5.7M        27M       3.2G

MemTotal:        4016004 kB
MemFree:          124380 kB
Active:           346568 kB
Mem:          3.8G       3.7G       121M       5.7M        27M       3.2G

MemTotal:        4016004 kB
MemFree:          124752 kB
Active:           346536 kB
Mem:          3.8G       3.7G       121M       5.7M        27M       3.2G

MemTotal:        4016004 kB
MemFree:          124752 kB
Active:           346564 kB
Mem:          3.8G       3.7G       121M       5.7M        27M       3.2G

MemTotal:        4016004 kB
MemFree:          124256 kB
Active:           346568 kB
Mem:          3.8G       3.7G       121M       5.7M        27M       3.2G

MemTotal:        4016004 kB
MemFree:          124628 kB
Active:           346540 kB
Mem:          3.8G       3.7G       121M       5.7M        27M       3.2G

MemTotal:        4016004 kB
MemFree:          124752 kB
Active:           346520 kB
Mem:          3.8G       3.7G       121M       5.7M        27M       3.2G

MemTotal:        4016004 kB
MemFree:          124752 kB
Active:           346544 kB
Mem:          3.8G       3.7G       121M       5.7M        27M       3.2G

MemTotal:        4016004 kB
MemFree:          124504 kB
Active:           346572 kB
Mem:          3.8G       3.7G       121M       5.7M        27M       3.2G

MemTotal:        4016004 kB
MemFree:          124504 kB
Active:           346536 kB
Mem:          3.8G       3.7G       121M       5.7M        27M       3.2G

MemTotal:        4016004 kB
MemFree:          124628 kB
Active:           346560 kB
Mem:          3.8G       3.7G       121M       5.7M        27M       3.2G

MemTotal:        4016004 kB
MemFree:          124628 kB
Active:           346532 kB
Mem:          3.8G       3.7G       121M       5.7M        27M       3.2G

MemTotal:        4016004 kB
MemFree:          124256 kB
Active:           346572 kB
Mem:          3.8G       3.7G       121M       5.7M        27M       3.2G

MemTotal:        4016004 kB
MemFree:          124752 kB
Active:           346544 kB
Mem:          3.8G       3.7G       121M       5.7M        27M       3.2G

MemTotal:        4016004 kB
MemFree:          124256 kB
Active:           346588 kB
Mem:          3.8G       3.7G       121M       5.7M        27M       3.2G

MemTotal:        4016004 kB
MemFree:          124132 kB
Active:           346588 kB
Mem:          3.8G       3.7G       121M       5.7M        27M       3.2G

MemTotal:        4016004 kB
MemFree:          124504 kB
Active:           346556 kB
Mem:          3.8G       3.7G       121M       5.7M        27M       3.2G

MemTotal:        4016004 kB
MemFree:          124628 kB
Active:           346580 kB
Mem:          3.8G       3.7G       121M       5.7M        27M       3.2G

MemTotal:        4016004 kB
MemFree:          124504 kB
Active:           346564 kB
Mem:          3.8G       3.7G       121M       5.7M        27M       3.2G

MemTotal:        4016004 kB
MemFree:          124256 kB
Active:           346596 kB
Mem:          3.8G       3.7G       121M       5.7M        27M       3.2G

MemTotal:        4016004 kB
MemFree:          124628 kB
Active:           346556 kB
Mem:          3.8G       3.7G       121M       5.7M        27M       3.2G

MemTotal:        4016004 kB
MemFree:          124628 kB
Active:           346580 kB
Mem:          3.8G       3.7G       121M       5.7M        27M       3.2G

MemTotal:        4016004 kB
MemFree:          124504 kB
Active:           346560 kB
Mem:          3.8G       3.7G       121M       5.7M        27M       3.2G

MemTotal:        4016004 kB
MemFree:          124504 kB
Active:           346580 kB
Mem:          3.8G       3.7G       121M       5.7M        27M       3.2G

MemTotal:        4016004 kB
MemFree:          124628 kB
Active:           346592 kB
Mem:          3.8G       3.7G       121M       5.7M        27M       3.2G

MemTotal:        4016004 kB
MemFree:          124628 kB
Active:           346576 kB
Mem:          3.8G       3.7G       121M       5.7M        27M       3.2G

MemTotal:        4016004 kB
MemFree:          124628 kB
Active:           346552 kB
Mem:          3.8G       3.7G       121M       5.7M        27M       3.2G

MemTotal:        4016004 kB
MemFree:          124752 kB
Active:           346596 kB
Mem:          3.8G       3.7G       121M       5.7M        27M       3.2G

MemTotal:        4016004 kB
MemFree:          124132 kB
Active:           346620 kB
Mem:          3.8G       3.7G       121M       5.7M        27M       3.2G

MemTotal:        4016004 kB
MemFree:          124256 kB
Active:           346600 kB
Mem:          3.8G       3.7G       121M       5.7M        27M       3.2G

MemTotal:        4016004 kB
MemFree:          124380 kB
Active:           346624 kB
Mem:          3.8G       3.7G       121M       5.7M        27M       3.2G

MemTotal:        4016004 kB
MemFree:          124504 kB
Active:           346572 kB
Mem:          3.8G       3.7G       121M       5.7M        27M       3.2G

MemTotal:        4016004 kB
MemFree:          124008 kB
Active:           346624 kB
Mem:          3.8G       3.7G       121M       5.7M        27M       3.2G

MemTotal:        4016004 kB
MemFree:          124256 kB
Active:           346608 kB
Mem:          3.8G       3.7G       121M       5.7M        27M       3.2G

MemTotal:        4016004 kB
MemFree:          124380 kB
Active:           346604 kB
Mem:          3.8G       3.7G       121M       5.7M        27M       3.2G

MemTotal:        4016004 kB
MemFree:          124876 kB
Active:           346592 kB
Mem:          3.8G       3.7G       121M       5.7M        27M       3.2G

MemTotal:        4016004 kB
MemFree:          124752 kB
Active:           346596 kB
Mem:          3.8G       3.7G       121M       5.7M        27M       3.2G

MemTotal:        4016004 kB
MemFree:          124628 kB
Active:           346624 kB
Mem:          3.8G       3.7G       121M       5.7M        27M       3.2G

MemTotal:        4016004 kB
MemFree:          124380 kB
Active:           346632 kB
Mem:          3.8G       3.7G       121M       5.7M        27M       3.2G

MemTotal:        4016004 kB
MemFree:          124876 kB
Active:           346600 kB
Mem:          3.8G       3.7G       121M       5.7M        27M       3.2G

MemTotal:        4016004 kB
MemFree:          124380 kB
Active:           346640 kB
Mem:          3.8G       3.7G       121M       5.7M        27M       3.2G

MemTotal:        4016004 kB
MemFree:          124628 kB
Active:           346640 kB
Mem:          3.8G       3.7G       121M       5.7M        27M       3.2G

MemTotal:        4016004 kB
MemFree:          124380 kB
Active:           346640 kB
Mem:          3.8G       3.7G       121M       5.7M        27M       3.2G

MemTotal:        4016004 kB
MemFree:          123884 kB
Active:           346640 kB
Mem:          3.8G       3.7G       120M       5.7M        27M       3.2G

MemTotal:        4016004 kB
MemFree:          123760 kB
Active:           346640 kB
Mem:          3.8G       3.7G       121M       5.7M        27M       3.2G

MemTotal:        4016004 kB
MemFree:          124008 kB
Active:           346596 kB
Mem:          3.8G       3.7G       121M       5.7M        27M       3.2G

MemTotal:        4016004 kB
MemFree:          124380 kB
Active:           346640 kB
Mem:          3.8G       3.7G       121M       5.7M        27M       3.2G

MemTotal:        4016004 kB
MemFree:          124132 kB
Active:           346648 kB
Mem:          3.8G       3.7G       121M       5.7M        27M       3.2G

MemTotal:        4016004 kB
MemFree:          124380 kB
Active:           346608 kB
Mem:          3.8G       3.7G       121M       5.7M        27M       3.2G

MemTotal:        4016004 kB
MemFree:          124504 kB
Active:           346644 kB
Mem:          3.8G       3.7G       121M       5.7M        27M       3.2G

MemTotal:        4016004 kB
MemFree:          124256 kB
Active:           346660 kB
Mem:          3.8G       3.7G       121M       5.7M        27M       3.2G

MemTotal:        4016004 kB
MemFree:          124752 kB
Active:           346640 kB
Mem:          3.8G       3.7G       121M       5.7M        27M       3.2G

MemTotal:        4016004 kB
MemFree:          124504 kB
Active:           346660 kB
Mem:          3.8G       3.7G       121M       5.7M        27M       3.2G

MemTotal:        4016004 kB
MemFree:          125000 kB
Active:           346648 kB
Mem:          3.8G       3.7G       121M       5.7M        27M       3.2G

MemTotal:        4016004 kB
MemFree:          124504 kB
Active:           346660 kB
Mem:          3.8G       3.7G       121M       5.7M        27M       3.2G

MemTotal:        4016004 kB
MemFree:          124380 kB
Active:           346628 kB
Mem:          3.8G       3.7G       121M       5.7M        27M       3.2G

MemTotal:        4016004 kB
MemFree:          124504 kB
Active:           346628 kB
Mem:          3.8G       3.7G       121M       5.7M        27M       3.2G

MemTotal:        4016004 kB
MemFree:          124628 kB
Active:           346644 kB
Mem:          3.8G       3.7G       121M       5.7M        27M       3.2G

MemTotal:        4016004 kB
MemFree:          124628 kB
Active:           346640 kB
Mem:          3.8G       3.7G       121M       5.7M        27M       3.2G

MemTotal:        4016004 kB
MemFree:          124256 kB
Active:           346668 kB
Mem:          3.8G       3.7G       121M       5.7M        27M       3.2G

MemTotal:        4016004 kB
MemFree:          124132 kB
Active:           346668 kB
Mem:          3.8G       3.7G       121M       5.7M        27M       3.2G

MemTotal:        4016004 kB
MemFree:          124008 kB
Active:           346672 kB
Mem:          3.8G       3.7G       121M       5.7M        28M       3.2G

MemTotal:        4016004 kB
MemFree:          124380 kB
Active:           346660 kB
Mem:          3.8G       3.7G       121M       5.7M        28M       3.2G

MemTotal:        4016004 kB
MemFree:          124256 kB
Active:           346684 kB
Mem:          3.8G       3.7G       121M       5.7M        28M       3.2G

MemTotal:        4016004 kB
MemFree:          124628 kB
Active:           346676 kB
Mem:          3.8G       3.7G       121M       5.7M        28M       3.2G

MemTotal:        4016004 kB
MemFree:          124628 kB
Active:           346660 kB
Mem:          3.8G       3.7G       121M       5.7M        28M       3.2G

MemTotal:        4016004 kB
MemFree:          124256 kB
Active:           346684 kB
Mem:          3.8G       3.7G       121M       5.7M        28M       3.2G

MemTotal:        4016004 kB
MemFree:          124256 kB
Active:           346688 kB
Mem:          3.8G       3.7G       121M       5.7M        28M       3.2G

MemTotal:        4016004 kB
MemFree:          124752 kB
Active:           346660 kB
Mem:          3.8G       3.7G       121M       5.7M        28M       3.2G

MemTotal:        4016004 kB
MemFree:          124876 kB
Active:           346644 kB
Mem:          3.8G       3.7G       121M       5.7M        28M       3.2G

MemTotal:        4016004 kB
MemFree:          124380 kB
Active:           346700 kB
Mem:          3.8G       3.7G       121M       5.7M        28M       3.2G

MemTotal:        4016004 kB
MemFree:          124504 kB
Active:           346668 kB
Mem:          3.8G       3.7G       121M       5.7M        28M       3.2G

MemTotal:        4016004 kB
MemFree:          124504 kB
Active:           346660 kB
Mem:          3.8G       3.7G       121M       5.7M        28M       3.2G

MemTotal:        4016004 kB
MemFree:          124132 kB
Active:           346704 kB
Mem:          3.8G       3.7G       121M       5.7M        28M       3.2G

MemTotal:        4016004 kB
MemFree:          124132 kB
Active:           346704 kB
Mem:          3.8G       3.7G       121M       5.7M        28M       3.2G

MemTotal:        4016004 kB
MemFree:          124132 kB
Active:           346708 kB
Mem:          3.8G       3.7G       121M       5.7M        28M       3.2G

MemTotal:        4016004 kB
MemFree:          124132 kB
Active:           346712 kB
Mem:          3.8G       3.7G       121M       5.7M        28M       3.2G

MemTotal:        4016004 kB
MemFree:          124504 kB
Active:           346684 kB
Mem:          3.8G       3.7G       121M       5.7M        28M       3.2G

MemTotal:        4016004 kB
MemFree:          124628 kB
Active:           346672 kB
Mem:          3.8G       3.7G       121M       5.7M        28M       3.2G

MemTotal:        4016004 kB
MemFree:          124628 kB
Active:           346660 kB
Mem:          3.8G       3.7G       121M       5.7M        28M       3.2G

MemTotal:        4016004 kB
MemFree:          124752 kB
Active:           346704 kB
Mem:          3.8G       3.7G       121M       5.7M        28M       3.2G

MemTotal:        4016004 kB
MemFree:          124628 kB
Active:           346728 kB
Mem:          3.8G       3.7G       121M       5.7M        28M       3.2G

MemTotal:        4016004 kB
MemFree:          124628 kB
Active:           346724 kB
Mem:          3.8G       3.7G       121M       5.7M        28M       3.2G

MemTotal:        4016004 kB
MemFree:          124256 kB
Active:           346728 kB
Mem:          3.8G       3.7G       121M       5.7M        28M       3.2G

MemTotal:        4016004 kB
MemFree:          124148 kB
Active:           346728 kB
Mem:          3.8G       3.7G       121M       5.7M        28M       3.2G

MemTotal:        4016004 kB
MemFree:          124272 kB
Active:           346732 kB
Mem:          3.8G       3.7G       121M       5.7M        28M       3.2G

MemTotal:        4016004 kB
MemFree:          124396 kB
Active:           346676 kB
Mem:          3.8G       3.7G       121M       5.7M        28M       3.2G

MemTotal:        4016004 kB
MemFree:          124024 kB
Active:           346740 kB
Mem:          3.8G       3.7G       120M       5.7M        28M       3.2G

MemTotal:        4016004 kB
MemFree:          124396 kB
Active:           346712 kB
Mem:          3.8G       3.7G       121M       5.7M        28M       3.2G

MemTotal:        4016004 kB
MemFree:          124396 kB
Active:           346700 kB
Mem:          3.8G       3.7G       121M       5.7M        28M       3.2G

MemTotal:        4016004 kB
MemFree:          124520 kB
Active:           346720 kB
Mem:          3.8G       3.7G       121M       5.7M        28M       3.2G

MemTotal:        4016004 kB
MemFree:          124528 kB
Active:           346692 kB
Mem:          3.8G       3.7G       121M       5.7M        28M       3.2G

MemTotal:        4016004 kB
MemFree:          124652 kB
Active:           346684 kB
Mem:          3.8G       3.7G       121M       5.7M        28M       3.2G

MemTotal:        4016004 kB
MemFree:          124528 kB
Active:           346720 kB
Mem:          3.8G       3.7G       121M       5.7M        28M       3.2G

MemTotal:        4016004 kB
MemFree:          124156 kB
Active:           346744 kB
Mem:          3.8G       3.7G       121M       5.7M        28M       3.2G

MemTotal:        4016004 kB
MemFree:          124032 kB
Active:           346744 kB
Mem:          3.8G       3.7G       121M       5.7M        28M       3.2G

MemTotal:        4016004 kB
MemFree:          124280 kB
Active:           346736 kB
Mem:          3.8G       3.7G       121M       5.7M        28M       3.2G

MemTotal:        4016004 kB
MemFree:          124280 kB
Active:           346760 kB
Mem:          3.8G       3.7G       121M       5.7M        28M       3.2G

MemTotal:        4016004 kB
MemFree:          124404 kB
Active:           346736 kB
Mem:          3.8G       3.7G       121M       5.7M        28M       3.2G

MemTotal:        4016004 kB
MemFree:          124264 kB
Active:           346852 kB
Mem:          3.8G       3.7G       121M       5.7M        28M       3.2G

