MemTotal:        4016004 kB
MemFree:         3225212 kB
Active:           435300 kB
Mem:          3.8G       771M       3.1G       5.7M        55M       319M

MemTotal:        4016004 kB
MemFree:         3226156 kB
Active:           435188 kB
Mem:          3.8G       771M       3.1G       5.7M        55M       320M

MemTotal:        4016004 kB
MemFree:         3226000 kB
Active:           435216 kB
Mem:          3.8G       771M       3.1G       5.7M        55M       320M

MemTotal:        4016004 kB
MemFree:         3226016 kB
Active:           435228 kB
Mem:          3.8G       771M       3.1G       5.7M        55M       320M

MemTotal:        4016004 kB
MemFree:         3225768 kB
Active:           435260 kB
Mem:          3.8G       771M       3.1G       5.7M        55M       320M

MemTotal:        4016004 kB
MemFree:         3226016 kB
Active:           435224 kB
Mem:          3.8G       771M       3.1G       5.7M        55M       320M

MemTotal:        4016004 kB
MemFree:         3226636 kB
Active:           435240 kB
Mem:          3.8G       771M       3.1G       5.7M        55M       320M

MemTotal:        4016004 kB
MemFree:         3225944 kB
Active:           435268 kB
Mem:          3.8G       771M       3.1G       5.7M        55M       320M

MemTotal:        4016004 kB
MemFree:         3226240 kB
Active:           435232 kB
Mem:          3.8G       771M       3.1G       5.7M        55M       320M

MemTotal:        4016004 kB
MemFree:         3226364 kB
Active:           435248 kB
Mem:          3.8G       771M       3.1G       5.7M        55M       320M

MemTotal:        4016004 kB
MemFree:         3226224 kB
Active:           435236 kB
Mem:          3.8G       771M       3.1G       5.7M        55M       320M

MemTotal:        4016004 kB
MemFree:         3226332 kB
Active:           435256 kB
Mem:          3.8G       771M       3.1G       5.7M        55M       320M

MemTotal:        4016004 kB
MemFree:         3226316 kB
Active:           435264 kB
Mem:          3.8G       771M       3.1G       5.7M        55M       320M

MemTotal:        4016004 kB
MemFree:         3226300 kB
Active:           435240 kB
Mem:          3.8G       771M       3.1G       5.7M        55M       320M

MemTotal:        4016004 kB
MemFree:         3225308 kB
Active:           435276 kB
Mem:          3.8G       772M       3.1G       5.7M        55M       320M

MemTotal:        4016004 kB
MemFree:         3225828 kB
Active:           435224 kB
Mem:          3.8G       771M       3.1G       5.7M        55M       320M

MemTotal:        4016004 kB
MemFree:         3225544 kB
Active:           433228 kB
Mem:          3.8G       771M       3.1G       5.7M        55M       320M

MemTotal:        4016004 kB
MemFree:         3225916 kB
Active:           435232 kB
Mem:          3.8G       771M       3.1G       5.7M        55M       320M

MemTotal:        4016004 kB
MemFree:         3225792 kB
Active:           435276 kB
Mem:          3.8G       771M       3.1G       5.7M        55M       320M

MemTotal:        4016004 kB
MemFree:         3226040 kB
Active:           435240 kB
Mem:          3.8G       771M       3.1G       5.7M        55M       320M

MemTotal:        4016004 kB
MemFree:         3226212 kB
Active:           435268 kB
Mem:          3.8G       771M       3.1G       5.7M        55M       320M

MemTotal:        4016004 kB
MemFree:         3225592 kB
Active:           435284 kB
Mem:          3.8G       772M       3.1G       5.7M        55M       320M

MemTotal:        4016004 kB
MemFree:         3225840 kB
Active:           435244 kB
Mem:          3.8G       771M       3.1G       5.7M        55M       320M

MemTotal:        4016004 kB
MemFree:         3226212 kB
Active:           435268 kB
Mem:          3.8G       771M       3.1G       5.7M        55M       320M

MemTotal:        4016004 kB
MemFree:         3226196 kB
Active:           435280 kB
Mem:          3.8G       771M       3.1G       5.7M        55M       320M

MemTotal:        4016004 kB
MemFree:         3225684 kB
Active:           435284 kB
Mem:          3.8G       771M       3.1G       5.7M        55M       320M

MemTotal:        4016004 kB
MemFree:         3225576 kB
Active:           435284 kB
Mem:          3.8G       771M       3.1G       5.7M        55M       320M

MemTotal:        4016004 kB
MemFree:         3226196 kB
Active:           435232 kB
Mem:          3.8G       771M       3.1G       5.7M        55M       320M

MemTotal:        4016004 kB
MemFree:         3225948 kB
Active:           435296 kB
Mem:          3.8G       771M       3.1G       5.7M        55M       320M

MemTotal:        4016004 kB
MemFree:         3225824 kB
Active:           435248 kB
Mem:          3.8G       771M       3.1G       5.7M        55M       320M

MemTotal:        4016004 kB
MemFree:         3225824 kB
Active:           435264 kB
Mem:          3.8G       771M       3.1G       5.7M        55M       320M

MemTotal:        4016004 kB
MemFree:         3225560 kB
Active:           435284 kB
Mem:          3.8G       771M       3.1G       5.7M        55M       320M

MemTotal:        4016004 kB
MemFree:         3225592 kB
Active:           435300 kB
Mem:          3.8G       771M       3.1G       5.7M        55M       320M

MemTotal:        4016004 kB
MemFree:         3225964 kB
Active:           435260 kB
Mem:          3.8G       771M       3.1G       5.7M        55M       320M

MemTotal:        4016004 kB
MemFree:         3225964 kB
Active:           435292 kB
Mem:          3.8G       771M       3.1G       5.7M        55M       320M

MemTotal:        4016004 kB
MemFree:         3225592 kB
Active:           435308 kB
Mem:          3.8G       771M       3.1G       5.7M        55M       320M

MemTotal:        4016004 kB
MemFree:         3225948 kB
Active:           435264 kB
Mem:          3.8G       771M       3.1G       5.7M        55M       320M

MemTotal:        4016004 kB
MemFree:         3226056 kB
Active:           435288 kB
Mem:          3.8G       771M       3.1G       5.7M        55M       320M

MemTotal:        4016004 kB
MemFree:         3226072 kB
Active:           435288 kB
Mem:          3.8G       771M       3.1G       5.7M        55M       320M

MemTotal:        4016004 kB
MemFree:         3226196 kB
Active:           435300 kB
Mem:          3.8G       771M       3.1G       5.7M        55M       320M

MemTotal:        4016004 kB
MemFree:         3225824 kB
Active:           435316 kB
Mem:          3.8G       771M       3.1G       5.7M        55M       320M

MemTotal:        4016004 kB
MemFree:         3225576 kB
Active:           435320 kB
Mem:          3.8G       771M       3.1G       5.7M        55M       320M

MemTotal:        4016004 kB
MemFree:         3225932 kB
Active:           435296 kB
Mem:          3.8G       771M       3.1G       5.7M        55M       320M

MemTotal:        4016004 kB
MemFree:         3226040 kB
Active:           435268 kB
Mem:          3.8G       771M       3.1G       5.7M        55M       320M

MemTotal:        4016004 kB
MemFree:         3226024 kB
Active:           435320 kB
Mem:          3.8G       771M       3.1G       5.7M        55M       320M

MemTotal:        4016004 kB
MemFree:         3225884 kB
Active:           435272 kB
Mem:          3.8G       771M       3.1G       5.7M        55M       320M

MemTotal:        4016004 kB
MemFree:         3225928 kB
Active:           433256 kB
Mem:          3.8G       771M       3.1G       5.7M        55M       320M

MemTotal:        4016004 kB
MemFree:         3226068 kB
Active:           435296 kB
Mem:          3.8G       771M       3.1G       5.7M        55M       320M

MemTotal:        4016004 kB
MemFree:         3226068 kB
Active:           435296 kB
Mem:          3.8G       771M       3.1G       5.7M        55M       320M

MemTotal:        4016004 kB
MemFree:         3225944 kB
Active:           435324 kB
Mem:          3.8G       771M       3.1G       5.7M        55M       320M

MemTotal:        4016004 kB
MemFree:         3225944 kB
Active:           435328 kB
Mem:          3.8G       771M       3.1G       5.7M        55M       320M

MemTotal:        4016004 kB
MemFree:         3226192 kB
Active:           435336 kB
Mem:          3.8G       771M       3.1G       5.7M        55M       320M

MemTotal:        4016004 kB
MemFree:         3226068 kB
Active:           435352 kB
Mem:          3.8G       771M       3.1G       5.7M        55M       320M

MemTotal:        4016004 kB
MemFree:         3225572 kB
Active:           435372 kB
Mem:          3.8G       771M       3.1G       5.7M        55M       320M

MemTotal:        4016004 kB
MemFree:         3225556 kB
Active:           435328 kB
Mem:          3.8G       771M       3.1G       5.7M        55M       320M

MemTotal:        4016004 kB
MemFree:         3225760 kB
Active:           435324 kB
Mem:          3.8G       771M       3.1G       5.7M        55M       320M

MemTotal:        4016004 kB
MemFree:         3226008 kB
Active:           435332 kB
Mem:          3.8G       771M       3.1G       5.7M        55M       320M

MemTotal:        4016004 kB
MemFree:         3226132 kB
Active:           435360 kB
Mem:          3.8G       771M       3.1G       5.7M        55M       320M

MemTotal:        4016004 kB
MemFree:         3226116 kB
Active:           435372 kB
Mem:          3.8G       771M       3.1G       5.7M        55M       320M

MemTotal:        4016004 kB
MemFree:         3225852 kB
Active:           435332 kB
Mem:          3.8G       771M       3.1G       5.7M        55M       320M

MemTotal:        4016004 kB
MemFree:         3225960 kB
Active:           435372 kB
Mem:          3.8G       771M       3.1G       5.7M        55M       320M

MemTotal:        4016004 kB
MemFree:         3225572 kB
Active:           435384 kB
Mem:          3.8G       772M       3.1G       5.7M        55M       320M

MemTotal:        4016004 kB
MemFree:         3225556 kB
Active:           435352 kB
Mem:          3.8G       772M       3.1G       5.7M        55M       320M

MemTotal:        4016004 kB
MemFree:         3225076 kB
Active:           435384 kB
Mem:          3.8G       772M       3.1G       5.7M        55M       320M

MemTotal:        4016004 kB
MemFree:         3225820 kB
Active:           435336 kB
Mem:          3.8G       771M       3.1G       5.7M        55M       320M

MemTotal:        4016004 kB
MemFree:         3225944 kB
Active:           435360 kB
Mem:          3.8G       771M       3.1G       5.7M        55M       320M

MemTotal:        4016004 kB
MemFree:         3225944 kB
Active:           435372 kB
Mem:          3.8G       771M       3.1G       5.7M        55M       320M

MemTotal:        4016004 kB
MemFree:         3225448 kB
Active:           435392 kB
Mem:          3.8G       772M       3.1G       5.7M        55M       320M

MemTotal:        4016004 kB
MemFree:         3225944 kB
Active:           435336 kB
Mem:          3.8G       771M       3.1G       5.7M        55M       320M

MemTotal:        4016004 kB
MemFree:         3226068 kB
Active:           435372 kB
Mem:          3.8G       771M       3.1G       5.7M        55M       320M

MemTotal:        4016004 kB
MemFree:         3226132 kB
Active:           435364 kB
Mem:          3.8G       771M       3.1G       5.7M        55M       320M

MemTotal:        4016004 kB
MemFree:         3226008 kB
Active:           435352 kB
Mem:          3.8G       771M       3.1G       5.7M        55M       320M

MemTotal:        4016004 kB
MemFree:         3226132 kB
Active:           435372 kB
Mem:          3.8G       771M       3.1G       5.7M        55M       320M

MemTotal:        4016004 kB
MemFree:         3226224 kB
Active:           435340 kB
Mem:          3.8G       771M       3.1G       5.7M        55M       320M

MemTotal:        4016004 kB
MemFree:         3225588 kB
Active:           435396 kB
Mem:          3.8G       771M       3.1G       5.7M        55M       320M

MemTotal:        4016004 kB
MemFree:         3225944 kB
Active:           435340 kB
Mem:          3.8G       771M       3.1G       5.7M        55M       320M

MemTotal:        4016004 kB
MemFree:         3225944 kB
Active:           435360 kB
Mem:          3.8G       771M       3.1G       5.7M        55M       320M

MemTotal:        4016004 kB
MemFree:         3225680 kB
Active:           435404 kB
Mem:          3.8G       771M       3.1G       5.7M        55M       320M

MemTotal:        4016004 kB
MemFree:         3225200 kB
Active:           435404 kB
Mem:          3.8G       772M       3.1G       5.7M        55M       320M

MemTotal:        4016004 kB
MemFree:         3224828 kB
Active:           435404 kB
Mem:          3.8G       772M       3.1G       5.7M        55M       320M

MemTotal:        4016004 kB
MemFree:         3224704 kB
Active:           435404 kB
Mem:          3.8G       772M       3.1G       5.7M        55M       320M

MemTotal:        4016004 kB
MemFree:         3225448 kB
Active:           435360 kB
Mem:          3.8G       771M       3.1G       5.7M        55M       320M

MemTotal:        4016004 kB
MemFree:         3225200 kB
Active:           435408 kB
Mem:          3.8G       772M       3.1G       5.7M        55M       320M

MemTotal:        4016004 kB
MemFree:         3225324 kB
Active:           435424 kB
Mem:          3.8G       772M       3.1G       5.7M        55M       320M

MemTotal:        4016004 kB
MemFree:         3225696 kB
Active:           435392 kB
Mem:          3.8G       771M       3.1G       5.7M        55M       320M

MemTotal:        4016004 kB
MemFree:         3225760 kB
Active:           435420 kB
Mem:          3.8G       771M       3.1G       5.7M        55M       320M

MemTotal:        4016004 kB
MemFree:         3225760 kB
Active:           435392 kB
Mem:          3.8G       771M       3.1G       5.7M        55M       320M

MemTotal:        4016004 kB
MemFree:         3225884 kB
Active:           435424 kB
Mem:          3.8G       771M       3.1G       5.7M        55M       320M

MemTotal:        4016004 kB
MemFree:         3225620 kB
Active:           435436 kB
Mem:          3.8G       771M       3.1G       5.7M        55M       320M

MemTotal:        4016004 kB
MemFree:         3225876 kB
Active:           435428 kB
Mem:          3.8G       771M       3.1G       5.7M        55M       320M

MemTotal:        4016004 kB
MemFree:         3225768 kB
Active:           435396 kB
Mem:          3.8G       771M       3.1G       5.7M        55M       320M

MemTotal:        4016004 kB
MemFree:         3225768 kB
Active:           435412 kB
Mem:          3.8G       771M       3.1G       5.7M        55M       320M

MemTotal:        4016004 kB
MemFree:         3225892 kB
Active:           435436 kB
Mem:          3.8G       771M       3.1G       5.7M        55M       320M

MemTotal:        4016004 kB
MemFree:         3225892 kB
Active:           435396 kB
Mem:          3.8G       771M       3.1G       5.7M        55M       320M

MemTotal:        4016004 kB
MemFree:         3225752 kB
Active:           435412 kB
Mem:          3.8G       771M       3.1G       5.7M        55M       320M

MemTotal:        4016004 kB
MemFree:         3225612 kB
Active:           435436 kB
Mem:          3.8G       772M       3.1G       5.7M        55M       320M

MemTotal:        4016004 kB
MemFree:         3225628 kB
Active:           435432 kB
Mem:          3.8G       771M       3.1G       5.7M        55M       320M

MemTotal:        4016004 kB
MemFree:         3225628 kB
Active:           435404 kB
Mem:          3.8G       771M       3.1G       5.7M        55M       320M

MemTotal:        4016004 kB
MemFree:         3225628 kB
Active:           435448 kB
Mem:          3.8G       771M       3.1G       5.7M        55M       320M

MemTotal:        4016004 kB
MemFree:         3225628 kB
Active:           435448 kB
Mem:          3.8G       771M       3.1G       5.7M        55M       320M

MemTotal:        4016004 kB
MemFree:         3225548 kB
Active:           435592 kB
Mem:          3.8G       772M       3.1G       5.7M        55M       320M

MemTotal:        4016004 kB
MemFree:         3121652 kB
Active:           436748 kB
Mem:          3.8G       875M       3.0G       5.7M        55M       420M

MemTotal:        4016004 kB
MemFree:         3027296 kB
Active:           436824 kB
Mem:          3.8G       968M       2.9G       5.7M        55M       512M

MemTotal:        4016004 kB
MemFree:         2892452 kB
Active:           436824 kB
Mem:          3.8G       1.1G       2.8G       5.7M        55M       640M

MemTotal:        4016004 kB
MemFree:         2765452 kB
Active:           436832 kB
Mem:          3.8G       1.2G       2.6G       5.7M        55M       763M

MemTotal:        4016004 kB
MemFree:         2651720 kB
Active:           436836 kB
Mem:          3.8G       1.3G       2.5G       5.7M        55M       873M

MemTotal:        4016004 kB
MemFree:         2529524 kB
Active:           436832 kB
Mem:          3.8G       1.4G       2.4G       5.7M        55M       988M

MemTotal:        4016004 kB
MemFree:         2523252 kB
Active:           436856 kB
Mem:          3.8G       1.4G       2.4G       5.7M        55M       994M

MemTotal:        4016004 kB
MemFree:         2518476 kB
Active:           436868 kB
Mem:          3.8G       1.4G       2.4G       5.7M        55M       998M

MemTotal:        4016004 kB
MemFree:         2515772 kB
Active:           436892 kB
Mem:          3.8G       1.4G       2.4G       5.7M        55M       1.0G

MemTotal:        4016004 kB
MemFree:         2513716 kB
Active:           436908 kB
Mem:          3.8G       1.4G       2.4G       5.7M        55M       1.0G

MemTotal:        4016004 kB
MemFree:         2510532 kB
Active:           436924 kB
Mem:          3.8G       1.4G       2.4G       5.7M        55M       1.0G

MemTotal:        4016004 kB
MemFree:         2505404 kB
Active:           436924 kB
Mem:          3.8G       1.4G       2.4G       5.7M        55M       1.0G

MemTotal:        4016004 kB
MemFree:         2430316 kB
Active:           436944 kB
Mem:          3.8G       1.5G       2.3G       5.7M        55M       1.1G

MemTotal:        4016004 kB
MemFree:         2425608 kB
Active:           436908 kB
Mem:          3.8G       1.5G       2.3G       5.7M        55M       1.1G

MemTotal:        4016004 kB
MemFree:         2422788 kB
Active:           436968 kB
Mem:          3.8G       1.5G       2.3G       5.7M        55M       1.1G

MemTotal:        4016004 kB
MemFree:         2418524 kB
Active:           434924 kB
Mem:          3.8G       1.5G       2.3G       5.7M        55M       1.1G

MemTotal:        4016004 kB
MemFree:         2418128 kB
Active:           434872 kB
Mem:          3.8G       1.5G       2.3G       5.7M        55M       1.1G

MemTotal:        4016004 kB
MemFree:         2333528 kB
Active:           434932 kB
Mem:          3.8G       1.6G       2.2G       5.7M        55M       1.2G

MemTotal:        4016004 kB
MemFree:         2210372 kB
Active:           436980 kB
Mem:          3.8G       1.7G       2.1G       5.7M        55M       1.3G

MemTotal:        4016004 kB
MemFree:         2080132 kB
Active:           436952 kB
Mem:          3.8G       1.8G       2.0G       5.7M        55M       1.4G

MemTotal:        4016004 kB
MemFree:         2030420 kB
Active:           437004 kB
Mem:          3.8G       1.9G       1.9G       5.7M        55M       1.4G

MemTotal:        4016004 kB
MemFree:         2022772 kB
Active:           437004 kB
Mem:          3.8G       1.9G       1.9G       5.7M        55M       1.4G

MemTotal:        4016004 kB
MemFree:         2020096 kB
Active:           437000 kB
Mem:          3.8G       1.9G       1.9G       5.7M        55M       1.4G

MemTotal:        4016004 kB
MemFree:         1922656 kB
Active:           437012 kB
Mem:          3.8G       2.0G       1.8G       5.7M        55M       1.5G

MemTotal:        4016004 kB
MemFree:         1888132 kB
Active:           437020 kB
Mem:          3.8G       2.0G       1.8G       5.7M        55M       1.6G

MemTotal:        4016004 kB
MemFree:         1884124 kB
Active:           434988 kB
Mem:          3.8G       2.0G       1.8G       5.7M        55M       1.6G

MemTotal:        4016004 kB
MemFree:         1881120 kB
Active:           434988 kB
Mem:          3.8G       2.0G       1.8G       5.7M        55M       1.6G

MemTotal:        4016004 kB
MemFree:         1847364 kB
Active:           434992 kB
Mem:          3.8G       2.1G       1.8G       5.7M        55M       1.6G

MemTotal:        4016004 kB
MemFree:         1718876 kB
Active:           434996 kB
Mem:          3.8G       2.2G       1.6G       5.7M        55M       1.7G

MemTotal:        4016004 kB
MemFree:         1619340 kB
Active:           437044 kB
Mem:          3.8G       2.3G       1.5G       5.7M        55M       1.8G

MemTotal:        4016004 kB
MemFree:         1531264 kB
Active:           437052 kB
Mem:          3.8G       2.4G       1.5G       5.7M        55M       1.9G

MemTotal:        4016004 kB
MemFree:         1425128 kB
Active:           437052 kB
Mem:          3.8G       2.5G       1.4G       5.7M        55M       2.0G

MemTotal:        4016004 kB
MemFree:         1415520 kB
Active:           437008 kB
Mem:          3.8G       2.5G       1.3G       5.7M        55M       2.0G

MemTotal:        4016004 kB
MemFree:         1413624 kB
Active:           437056 kB
Mem:          3.8G       2.5G       1.3G       5.7M        55M       2.0G

MemTotal:        4016004 kB
MemFree:         1405456 kB
Active:           437064 kB
Mem:          3.8G       2.5G       1.3G       5.7M        55M       2.0G

MemTotal:        4016004 kB
MemFree:         1383460 kB
Active:           437084 kB
Mem:          3.8G       2.5G       1.3G       5.7M        55M       2.0G

MemTotal:        4016004 kB
MemFree:         1379776 kB
Active:           437092 kB
Mem:          3.8G       2.5G       1.3G       5.7M        55M       2.0G

MemTotal:        4016004 kB
MemFree:         1380172 kB
Active:           437048 kB
Mem:          3.8G       2.5G       1.3G       5.7M        55M       2.0G

MemTotal:        4016004 kB
MemFree:         1376672 kB
Active:           437196 kB
Mem:          3.8G       2.5G       1.3G       5.7M        55M       2.0G

MemTotal:        4016004 kB
MemFree:         1256048 kB
Active:           437104 kB
Mem:          3.8G       2.6G       1.2G       5.7M        55M       2.2G

MemTotal:        4016004 kB
MemFree:         1128800 kB
Active:           437104 kB
Mem:          3.8G       2.8G       1.1G       5.7M        55M       2.3G

MemTotal:        4016004 kB
MemFree:         1037328 kB
Active:           437104 kB
Mem:          3.8G       2.8G       1.0G       5.7M        55M       2.4G

MemTotal:        4016004 kB
MemFree:         1016016 kB
Active:           437108 kB
Mem:          3.8G       2.9G       990M       5.7M        55M       2.4G

MemTotal:        4016004 kB
MemFree:          897528 kB
Active:           437124 kB
Mem:          3.8G       3.0G       874M       5.7M        55M       2.5G

MemTotal:        4016004 kB
MemFree:          793640 kB
Active:           437080 kB
Mem:          3.8G       3.1G       773M       5.7M        55M       2.6G

MemTotal:        4016004 kB
MemFree:          661520 kB
Active:           437128 kB
Mem:          3.8G       3.2G       644M       5.7M        55M       2.7G

MemTotal:        4016004 kB
MemFree:          588684 kB
Active:           437132 kB
Mem:          3.8G       3.3G       574M       5.7M        55M       2.8G

MemTotal:        4016004 kB
MemFree:          581880 kB
Active:           437092 kB
Mem:          3.8G       3.3G       567M       5.7M        55M       2.8G

MemTotal:        4016004 kB
MemFree:          578296 kB
Active:           437196 kB
Mem:          3.8G       3.3G       564M       5.7M        55M       2.8G

MemTotal:        4016004 kB
MemFree:          575232 kB
Active:           437172 kB
Mem:          3.8G       3.3G       561M       5.7M        55M       2.8G

MemTotal:        4016004 kB
MemFree:          571788 kB
Active:           437164 kB
Mem:          3.8G       3.3G       558M       5.7M        55M       2.8G

MemTotal:        4016004 kB
MemFree:          568432 kB
Active:           437220 kB
Mem:          3.8G       3.3G       554M       5.7M        55M       2.8G

MemTotal:        4016004 kB
MemFree:          567340 kB
Active:           437224 kB
Mem:          3.8G       3.3G       553M       5.7M        55M       2.8G

MemTotal:        4016004 kB
MemFree:          567016 kB
Active:           437236 kB
Mem:          3.8G       3.3G       554M       5.7M        55M       2.8G

MemTotal:        4016004 kB
MemFree:          559660 kB
Active:           437152 kB
Mem:          3.8G       3.3G       546M       5.7M        55M       2.8G

MemTotal:        4016004 kB
MemFree:          556772 kB
Active:           437268 kB
Mem:          3.8G       3.3G       543M       5.7M        55M       2.8G

MemTotal:        4016004 kB
MemFree:          501792 kB
Active:           437268 kB
Mem:          3.8G       3.4G       488M       5.7M        55M       2.9G

MemTotal:        4016004 kB
MemFree:          391456 kB
Active:           437284 kB
Mem:          3.8G       3.5G       380M       5.7M        55M       3.0G

MemTotal:        4016004 kB
MemFree:          255124 kB
Active:           437284 kB
Mem:          3.8G       3.6G       247M       5.7M        55M       3.1G

MemTotal:        4016004 kB
MemFree:          149864 kB
Active:           437292 kB
Mem:          3.8G       3.7G       144M       5.7M        55M       3.2G

MemTotal:        4016004 kB
MemFree:          129036 kB
Active:           446256 kB
Mem:          3.8G       3.7G       126M       5.7M        20M       3.3G

MemTotal:        4016004 kB
MemFree:          129388 kB
Active:           461784 kB
Mem:          3.8G       3.7G       126M       5.7M        20M       3.3G

MemTotal:        4016004 kB
MemFree:          163056 kB
Active:           494716 kB
Mem:          3.8G       3.7G       156M       5.7M        20M       3.2G

MemTotal:        4016004 kB
MemFree:          132264 kB
Active:           494676 kB
Mem:          3.8G       3.7G       129M       5.7M        20M       3.2G

MemTotal:        4016004 kB
MemFree:          130188 kB
Active:           494712 kB
Mem:          3.8G       3.7G       126M       5.7M        20M       3.2G

MemTotal:        4016004 kB
MemFree:          125760 kB
Active:           492800 kB
Mem:          3.8G       3.7G       122M       5.7M        20M       3.3G

MemTotal:        4016004 kB
MemFree:          122284 kB
Active:           492844 kB
Mem:          3.8G       3.7G       119M       5.7M        20M       3.3G

MemTotal:        4016004 kB
MemFree:          119332 kB
Active:           492844 kB
Mem:          3.8G       3.7G       116M       5.7M        20M       3.3G

MemTotal:        4016004 kB
MemFree:          126588 kB
Active:           489392 kB
Mem:          3.8G       3.7G       122M       5.7M        20M       3.3G

MemTotal:        4016004 kB
MemFree:          129292 kB
Active:           475784 kB
Mem:          3.8G       3.7G       134M       5.7M        20M       3.2G

MemTotal:        4016004 kB
MemFree:          125424 kB
Active:           463252 kB
Mem:          3.8G       3.7G       120M       5.7M        20M       3.3G

MemTotal:        4016004 kB
MemFree:          132176 kB
Active:           454476 kB
Mem:          3.8G       3.7G       128M       5.7M        20M       3.2G

MemTotal:        4016004 kB
MemFree:          134968 kB
Active:           446032 kB
Mem:          3.8G       3.7G       129M       5.7M        20M       3.2G

MemTotal:        4016004 kB
MemFree:          117748 kB
Active:           443392 kB
Mem:          3.8G       3.7G       114M       5.7M        20M       3.3G

MemTotal:        4016004 kB
MemFree:          113664 kB
Active:           443396 kB
Mem:          3.8G       3.7G       110M       5.7M        20M       3.3G

MemTotal:        4016004 kB
MemFree:          110536 kB
Active:           443376 kB
Mem:          3.8G       3.7G       107M       5.7M        20M       3.3G

MemTotal:        4016004 kB
MemFree:          145376 kB
Active:           441112 kB
Mem:          3.8G       3.7G       141M       5.7M        20M       3.2G

MemTotal:        4016004 kB
MemFree:          142936 kB
Active:           443172 kB
Mem:          3.8G       3.7G       138M       5.7M        20M       3.2G

MemTotal:        4016004 kB
MemFree:          139072 kB
Active:           443012 kB
Mem:          3.8G       3.7G       136M       5.7M        20M       3.2G

MemTotal:        4016004 kB
MemFree:          136452 kB
Active:           443012 kB
Mem:          3.8G       3.7G       132M       5.7M        20M       3.2G

MemTotal:        4016004 kB
MemFree:          128200 kB
Active:           437784 kB
Mem:          3.8G       3.7G       146M       5.7M        20M       3.2G

MemTotal:        4016004 kB
MemFree:          135792 kB
Active:           429744 kB
Mem:          3.8G       3.7G       132M       5.7M        20M       3.2G

MemTotal:        4016004 kB
MemFree:          134864 kB
Active:           429616 kB
Mem:          3.8G       3.7G       131M       5.7M        20M       3.2G

MemTotal:        4016004 kB
MemFree:          123712 kB
Active:           427704 kB
Mem:          3.8G       3.7G       120M       5.7M        20M       3.3G

MemTotal:        4016004 kB
MemFree:          121032 kB
Active:           427704 kB
Mem:          3.8G       3.7G       117M       5.7M        20M       3.3G

MemTotal:        4016004 kB
MemFree:          141000 kB
Active:           424252 kB
Mem:          3.8G       3.7G       137M       5.7M        20M       3.2G

MemTotal:        4016004 kB
MemFree:          126676 kB
Active:           423620 kB
Mem:          3.8G       3.7G       123M       5.7M        20M       3.3G

MemTotal:        4016004 kB
MemFree:          133972 kB
Active:           422344 kB
Mem:          3.8G       3.7G       130M       5.7M        20M       3.2G

MemTotal:        4016004 kB
MemFree:          133976 kB
Active:           422312 kB
Mem:          3.8G       3.7G       130M       5.7M        20M       3.2G

MemTotal:        4016004 kB
MemFree:          127652 kB
Active:           422352 kB
Mem:          3.8G       3.7G       124M       5.7M        20M       3.3G

MemTotal:        4016004 kB
MemFree:          124580 kB
Active:           422360 kB
Mem:          3.8G       3.7G       121M       5.7M        20M       3.3G

MemTotal:        4016004 kB
MemFree:          126884 kB
Active:           421724 kB
Mem:          3.8G       3.7G       123M       5.7M        20M       3.3G

MemTotal:        4016004 kB
MemFree:          127656 kB
Active:           419428 kB
Mem:          3.8G       3.7G       122M       5.7M        20M       3.3G

MemTotal:        4016004 kB
MemFree:          133600 kB
Active:           413772 kB
Mem:          3.8G       3.7G       128M       5.7M        20M       3.2G

MemTotal:        4016004 kB
MemFree:          112364 kB
Active:           411084 kB
Mem:          3.8G       3.7G       107M       5.7M        20M       3.3G

MemTotal:        4016004 kB
MemFree:          126692 kB
Active:           408032 kB
Mem:          3.8G       3.7G       123M       5.7M        20M       3.3G

MemTotal:        4016004 kB
MemFree:          139896 kB
Active:           404772 kB
Mem:          3.8G       3.7G       136M       5.7M        20M       3.2G

MemTotal:        4016004 kB
MemFree:          127136 kB
Active:           402732 kB
Mem:          3.8G       3.7G       121M       5.7M        20M       3.3G

MemTotal:        4016004 kB
MemFree:          120216 kB
Active:           401080 kB
Mem:          3.8G       3.7G       117M       5.7M        20M       3.3G

MemTotal:        4016004 kB
MemFree:          116468 kB
Active:           401080 kB
Mem:          3.8G       3.7G       113M       5.7M        20M       3.3G

MemTotal:        4016004 kB
MemFree:          129764 kB
Active:           397500 kB
Mem:          3.8G       3.7G       126M       5.7M        20M       3.2G

MemTotal:        4016004 kB
MemFree:          128244 kB
Active:           396212 kB
Mem:          3.8G       3.7G       124M       5.7M        20M       3.2G

MemTotal:        4016004 kB
MemFree:          125532 kB
Active:           396232 kB
Mem:          3.8G       3.7G       122M       5.7M        20M       3.3G

MemTotal:        4016004 kB
MemFree:          125596 kB
Active:           396220 kB
Mem:          3.8G       3.7G       122M       5.7M        20M       3.3G

MemTotal:        4016004 kB
MemFree:          123356 kB
Active:           396236 kB
Mem:          3.8G       3.7G       120M       5.7M        20M       3.3G

MemTotal:        4016004 kB
MemFree:          125236 kB
Active:           393176 kB
Mem:          3.8G       3.7G       120M       5.7M        20M       3.3G

MemTotal:        4016004 kB
MemFree:          133724 kB
Active:           388824 kB
Mem:          3.8G       3.7G       129M       5.7M        20M       3.2G

MemTotal:        4016004 kB
MemFree:          136636 kB
Active:           387808 kB
Mem:          3.8G       3.7G       132M       5.7M        20M       3.2G

MemTotal:        4016004 kB
MemFree:          106624 kB
Active:           387688 kB
Mem:          3.8G       3.7G       103M       5.7M        20M       3.3G

MemTotal:        4016004 kB
MemFree:          136708 kB
Active:           385780 kB
Mem:          3.8G       3.7G       133M       5.7M        20M       3.2G

MemTotal:        4016004 kB
MemFree:          132708 kB
Active:           381300 kB
Mem:          3.8G       3.7G       129M       5.7M        20M       3.2G

MemTotal:        4016004 kB
MemFree:          104808 kB
Active:           381312 kB
Mem:          3.8G       3.7G       123M       5.7M        20M       3.3G

MemTotal:        4016004 kB
MemFree:          109444 kB
Active:           380680 kB
Mem:          3.8G       3.7G       104M       5.7M        20M       3.3G

MemTotal:        4016004 kB
MemFree:          131536 kB
Active:           375368 kB
Mem:          3.8G       3.7G       125M       5.7M        20M       3.2G

MemTotal:        4016004 kB
MemFree:          122632 kB
Active:           375116 kB
Mem:          3.8G       3.7G       116M       5.7M        20M       3.3G

MemTotal:        4016004 kB
MemFree:          129880 kB
Active:           375124 kB
Mem:          3.8G       3.7G       126M       5.7M        20M       3.2G

MemTotal:        4016004 kB
MemFree:          127592 kB
Active:           375136 kB
Mem:          3.8G       3.7G       124M       5.7M        20M       3.3G

MemTotal:        4016004 kB
MemFree:          125588 kB
Active:           375136 kB
Mem:          3.8G       3.7G       122M       5.7M        20M       3.3G

MemTotal:        4016004 kB
MemFree:          125140 kB
Active:           375164 kB
Mem:          3.8G       3.7G       122M       5.7M        20M       3.3G

MemTotal:        4016004 kB
MemFree:          124992 kB
Active:           375240 kB
Mem:          3.8G       3.7G       122M       5.7M        20M       3.3G

MemTotal:        4016004 kB
MemFree:          115660 kB
Active:           372988 kB
Mem:          3.8G       3.7G       133M       5.7M        20M       3.2G

MemTotal:        4016004 kB
MemFree:          109544 kB
Active:           371868 kB
Mem:          3.8G       3.7G       104M       5.7M        20M       3.3G

MemTotal:        4016004 kB
MemFree:          106852 kB
Active:           370196 kB
Mem:          3.8G       3.7G       102M       5.7M        20M       3.3G

MemTotal:        4016004 kB
MemFree:          126772 kB
Active:           372276 kB
Mem:          3.8G       3.7G       123M       5.7M        20M       3.3G

MemTotal:        4016004 kB
MemFree:          140212 kB
Active:           371140 kB
Mem:          3.8G       3.7G       136M       5.7M        20M       3.2G

MemTotal:        4016004 kB
MemFree:          118524 kB
Active:           371160 kB
Mem:          3.8G       3.7G       113M       5.7M        20M       3.3G

MemTotal:        4016004 kB
MemFree:          127976 kB
Active:           371100 kB
Mem:          3.8G       3.7G       124M       5.7M        20M       3.2G

MemTotal:        4016004 kB
MemFree:          133612 kB
Active:           371264 kB
Mem:          3.8G       3.7G       130M       5.7M        20M       3.2G

MemTotal:        4016004 kB
MemFree:          133368 kB
Active:           371180 kB
Mem:          3.8G       3.7G       130M       5.7M        20M       3.2G

MemTotal:        4016004 kB
MemFree:          133372 kB
Active:           371468 kB
Mem:          3.8G       3.7G       130M       5.7M        20M       3.2G

MemTotal:        4016004 kB
MemFree:          130380 kB
Active:           371588 kB
Mem:          3.8G       3.7G       127M       5.7M        20M       3.2G

MemTotal:        4016004 kB
MemFree:          118424 kB
Active:           370392 kB
Mem:          3.8G       3.7G       114M       5.7M        20M       3.3G

MemTotal:        4016004 kB
MemFree:          139852 kB
Active:           371860 kB
Mem:          3.8G       3.7G       134M       5.7M        20M       3.2G

MemTotal:        4016004 kB
MemFree:          131384 kB
Active:           371868 kB
Mem:          3.8G       3.7G       127M       5.7M        20M       3.2G

MemTotal:        4016004 kB
MemFree:          125156 kB
Active:           371320 kB
Mem:          3.8G       3.7G       122M       5.7M        20M       3.3G

MemTotal:        4016004 kB
MemFree:          110044 kB
Active:           371248 kB
Mem:          3.8G       3.7G       107M       5.7M        20M       3.3G

MemTotal:        4016004 kB
MemFree:          122140 kB
Active:           371248 kB
Mem:          3.8G       3.7G       116M       5.7M        20M       3.3G

MemTotal:        4016004 kB
MemFree:          129476 kB
Active:           371260 kB
Mem:          3.8G       3.7G       126M       5.7M        20M       3.2G

MemTotal:        4016004 kB
MemFree:          134216 kB
Active:           371268 kB
Mem:          3.8G       3.7G       129M       5.7M        20M       3.2G

MemTotal:        4016004 kB
MemFree:          135416 kB
Active:           371268 kB
Mem:          3.8G       3.7G       132M       5.7M        20M       3.2G

MemTotal:        4016004 kB
MemFree:          134512 kB
Active:           371272 kB
Mem:          3.8G       3.7G       131M       5.7M        20M       3.2G

MemTotal:        4016004 kB
MemFree:          133136 kB
Active:           371268 kB
Mem:          3.8G       3.7G       129M       5.7M        20M       3.2G

MemTotal:        4016004 kB
MemFree:          131868 kB
Active:           371272 kB
Mem:          3.8G       3.7G       128M       5.7M        20M       3.2G

MemTotal:        4016004 kB
MemFree:          130052 kB
Active:           371276 kB
Mem:          3.8G       3.7G       126M       5.7M        20M       3.2G

MemTotal:        4016004 kB
MemFree:          129216 kB
Active:           370232 kB
Mem:          3.8G       3.7G       124M       5.7M        20M       3.2G

MemTotal:        4016004 kB
MemFree:          137604 kB
Active:           370104 kB
Mem:          3.8G       3.7G       131M       5.7M        20M       3.2G

MemTotal:        4016004 kB
MemFree:          144204 kB
Active:           367764 kB
Mem:          3.8G       3.7G       137M       5.7M        20M       3.2G

MemTotal:        4016004 kB
MemFree:          118856 kB
Active:           367576 kB
Mem:          3.8G       3.7G       115M       5.7M        20M       3.3G

MemTotal:        4016004 kB
MemFree:          131956 kB
Active:           367588 kB
Mem:          3.8G       3.7G       128M       5.7M        20M       3.2G

MemTotal:        4016004 kB
MemFree:          140584 kB
Active:           367600 kB
Mem:          3.8G       3.7G       137M       5.7M        20M       3.2G

MemTotal:        4016004 kB
MemFree:          140544 kB
Active:           367580 kB
Mem:          3.8G       3.7G       136M       5.7M        20M       3.2G

MemTotal:        4016004 kB
MemFree:          105924 kB
Active:           367600 kB
Mem:          3.8G       3.7G       103M       5.7M        20M       3.3G

MemTotal:        4016004 kB
MemFree:          129056 kB
Active:           367588 kB
Mem:          3.8G       3.7G       126M       5.7M        20M       3.2G

MemTotal:        4016004 kB
MemFree:          128340 kB
Active:           367572 kB
Mem:          3.8G       3.7G       125M       5.7M        20M       3.2G

MemTotal:        4016004 kB
MemFree:          127596 kB
Active:           367600 kB
Mem:          3.8G       3.7G       124M       5.7M        20M       3.2G

MemTotal:        4016004 kB
MemFree:          126188 kB
Active:           367620 kB
Mem:          3.8G       3.7G       123M       5.7M        20M       3.2G

MemTotal:        4016004 kB
MemFree:          124220 kB
Active:           366844 kB
Mem:          3.8G       3.7G       119M       5.7M        20M       3.3G

MemTotal:        4016004 kB
MemFree:          105456 kB
Active:           366700 kB
Mem:          3.8G       3.7G       122M       5.7M        20M       3.2G

MemTotal:        4016004 kB
MemFree:          146504 kB
Active:           366700 kB
Mem:          3.8G       3.7G       142M       5.7M        20M       3.2G

MemTotal:        4016004 kB
MemFree:          113988 kB
Active:           366704 kB
Mem:          3.8G       3.7G       111M       5.7M        20M       3.3G

MemTotal:        4016004 kB
MemFree:          111488 kB
Active:           364032 kB
Mem:          3.8G       3.7G       108M       5.7M        20M       3.3G

MemTotal:        4016004 kB
MemFree:          121356 kB
Active:           365636 kB
Mem:          3.8G       3.7G       116M       5.7M        20M       3.3G

MemTotal:        4016004 kB
MemFree:          121788 kB
Active:           364456 kB
Mem:          3.8G       3.7G       116M       5.7M        20M       3.3G

MemTotal:        4016004 kB
MemFree:          138864 kB
Active:           364320 kB
Mem:          3.8G       3.7G       135M       5.7M        20M       3.2G

MemTotal:        4016004 kB
MemFree:          126928 kB
Active:           364324 kB
Mem:          3.8G       3.7G       123M       5.7M        20M       3.2G

MemTotal:        4016004 kB
MemFree:          125752 kB
Active:           364344 kB
Mem:          3.8G       3.7G       122M       5.7M        20M       3.2G

MemTotal:        4016004 kB
MemFree:          125876 kB
Active:           364360 kB
Mem:          3.8G       3.7G       122M       5.7M        20M       3.2G

MemTotal:        4016004 kB
MemFree:          124672 kB
Active:           364364 kB
Mem:          3.8G       3.7G       121M       5.7M        20M       3.2G

MemTotal:        4016004 kB
MemFree:          133520 kB
Active:           364336 kB
Mem:          3.8G       3.7G       127M       5.7M        20M       3.2G

MemTotal:        4016004 kB
MemFree:          150020 kB
Active:           357252 kB
Mem:          3.8G       3.7G       144M       5.7M        20M       3.2G

MemTotal:        4016004 kB
MemFree:          114032 kB
Active:           357116 kB
Mem:          3.8G       3.7G       109M       5.7M        20M       3.3G

MemTotal:        4016004 kB
MemFree:          119756 kB
Active:           359108 kB
Mem:          3.8G       3.7G       114M       5.7M        20M       3.3G

MemTotal:        4016004 kB
MemFree:          107732 kB
Active:           357792 kB
Mem:          3.8G       3.7G       104M       5.7M        20M       3.3G

MemTotal:        4016004 kB
MemFree:          119476 kB
Active:           355772 kB
Mem:          3.8G       3.7G       113M       5.7M        20M       3.3G

MemTotal:        4016004 kB
MemFree:          131160 kB
Active:           355772 kB
Mem:          3.8G       3.7G       127M       5.7M        20M       3.2G

MemTotal:        4016004 kB
MemFree:          105028 kB
Active:           354192 kB
Mem:          3.8G       3.7G       102M       5.7M        20M       3.3G

MemTotal:        4016004 kB
MemFree:          128540 kB
Active:           354076 kB
Mem:          3.8G       3.7G       125M       5.7M        20M       3.2G

MemTotal:        4016004 kB
MemFree:          127008 kB
Active:           354088 kB
Mem:          3.8G       3.7G       123M       5.7M        20M       3.2G

MemTotal:        4016004 kB
MemFree:          126420 kB
Active:           354088 kB
Mem:          3.8G       3.7G       123M       5.7M        20M       3.2G

MemTotal:        4016004 kB
MemFree:          125556 kB
Active:           354088 kB
Mem:          3.8G       3.7G       122M       5.7M        20M       3.2G

MemTotal:        4016004 kB
MemFree:          116784 kB
Active:           354068 kB
Mem:          3.8G       3.7G       112M       5.7M        20M       3.3G

MemTotal:        4016004 kB
MemFree:          124872 kB
Active:           354096 kB
Mem:          3.8G       3.7G       119M       5.7M        20M       3.2G

MemTotal:        4016004 kB
MemFree:          123904 kB
Active:           349380 kB
Mem:          3.8G       3.7G       129M       5.7M        20M       3.2G

MemTotal:        4016004 kB
MemFree:          133632 kB
Active:           350748 kB
Mem:          3.8G       3.7G       130M       5.7M        20M       3.2G

MemTotal:        4016004 kB
MemFree:          128272 kB
Active:           350748 kB
Mem:          3.8G       3.7G       124M       5.7M        20M       3.2G

MemTotal:        4016004 kB
MemFree:          116584 kB
Active:           350748 kB
Mem:          3.8G       3.7G       110M       5.7M        20M       3.3G

MemTotal:        4016004 kB
MemFree:          106556 kB
Active:           350756 kB
Mem:          3.8G       3.7G       102M       5.7M        20M       3.3G

MemTotal:        4016004 kB
MemFree:          105008 kB
Active:           350656 kB
Mem:          3.8G       3.7G       125M       5.7M        20M       3.2G

MemTotal:        4016004 kB
MemFree:          128404 kB
Active:           350636 kB
Mem:          3.8G       3.7G       124M       5.7M        20M       3.2G

MemTotal:        4016004 kB
MemFree:          126256 kB
Active:           350624 kB
Mem:          3.8G       3.7G       123M       5.7M        20M       3.2G

MemTotal:        4016004 kB
MemFree:          126424 kB
Active:           350636 kB
Mem:          3.8G       3.7G       123M       5.7M        20M       3.2G

MemTotal:        4016004 kB
MemFree:          125760 kB
Active:           350636 kB
Mem:          3.8G       3.7G       121M       5.7M        20M       3.2G

MemTotal:        4016004 kB
MemFree:          126784 kB
Active:           352708 kB
Mem:          3.8G       3.7G       122M       5.7M        20M       3.2G

MemTotal:        4016004 kB
MemFree:          131592 kB
Active:           350440 kB
Mem:          3.8G       3.7G       126M       5.7M        20M       3.2G

MemTotal:        4016004 kB
MemFree:          135736 kB
Active:           350444 kB
Mem:          3.8G       3.7G       132M       5.7M        20M       3.2G

MemTotal:        4016004 kB
MemFree:          125688 kB
Active:           350448 kB
Mem:          3.8G       3.7G       121M       5.7M        20M       3.2G

MemTotal:        4016004 kB
MemFree:          136676 kB
Active:           350456 kB
Mem:          3.8G       3.7G       132M       5.7M        20M       3.2G

MemTotal:        4016004 kB
MemFree:          138600 kB
Active:           350424 kB
Mem:          3.8G       3.7G       134M       5.7M        21M       3.2G

MemTotal:        4016004 kB
MemFree:          110480 kB
Active:           350468 kB
Mem:          3.8G       3.7G       107M       5.7M        21M       3.3G

MemTotal:        4016004 kB
MemFree:          109552 kB
Active:           350472 kB
Mem:          3.8G       3.7G       106M       5.7M        21M       3.3G

MemTotal:        4016004 kB
MemFree:          108452 kB
Active:           350480 kB
Mem:          3.8G       3.7G       105M       5.7M        21M       3.3G

MemTotal:        4016004 kB
MemFree:          108488 kB
Active:           350484 kB
Mem:          3.8G       3.7G       105M       5.7M        21M       3.3G

MemTotal:        4016004 kB
MemFree:          122892 kB
Active:           350436 kB
Mem:          3.8G       3.7G       116M       5.7M        21M       3.2G

MemTotal:        4016004 kB
MemFree:          125608 kB
Active:           350496 kB
Mem:          3.8G       3.7G       119M       5.7M        21M       3.2G

MemTotal:        4016004 kB
MemFree:          113652 kB
Active:           347856 kB
Mem:          3.8G       3.7G       117M       5.7M        21M       3.2G

MemTotal:        4016004 kB
MemFree:          136212 kB
Active:           347856 kB
Mem:          3.8G       3.7G       132M       5.7M        21M       3.2G

MemTotal:        4016004 kB
MemFree:          131344 kB
Active:           347856 kB
Mem:          3.8G       3.7G       126M       5.7M        21M       3.2G

MemTotal:        4016004 kB
MemFree:          137000 kB
Active:           347864 kB
Mem:          3.8G       3.7G       133M       5.7M        21M       3.2G

MemTotal:        4016004 kB
MemFree:          141680 kB
Active:           347864 kB
Mem:          3.8G       3.7G       137M       5.7M        21M       3.2G

MemTotal:        4016004 kB
MemFree:          127876 kB
Active:           347844 kB
Mem:          3.8G       3.7G       124M       5.7M        21M       3.2G

MemTotal:        4016004 kB
MemFree:          126816 kB
Active:           347884 kB
Mem:          3.8G       3.7G       123M       5.7M        21M       3.2G

MemTotal:        4016004 kB
MemFree:          126176 kB
Active:           347860 kB
Mem:          3.8G       3.7G       123M       5.7M        21M       3.2G

MemTotal:        4016004 kB
MemFree:          123312 kB
Active:           349976 kB
Mem:          3.8G       3.7G       120M       5.7M        21M       3.2G

MemTotal:        4016004 kB
MemFree:          121256 kB
Active:           349924 kB
Mem:          3.8G       3.7G       117M       5.7M        21M       3.2G

MemTotal:        4016004 kB
MemFree:          127712 kB
Active:           345928 kB
Mem:          3.8G       3.7G       122M       5.7M        21M       3.2G

MemTotal:        4016004 kB
MemFree:          105596 kB
Active:           345600 kB
Mem:          3.8G       3.7G       102M       5.7M        21M       3.3G

MemTotal:        4016004 kB
MemFree:          139468 kB
Active:           345556 kB
Mem:          3.8G       3.7G       138M       5.7M        21M       3.2G

MemTotal:        4016004 kB
MemFree:          128244 kB
Active:           345616 kB
Mem:          3.8G       3.7G       123M       5.7M        21M       3.2G

MemTotal:        4016004 kB
MemFree:          132412 kB
Active:           345620 kB
Mem:          3.8G       3.7G       129M       5.7M        21M       3.2G

MemTotal:        4016004 kB
MemFree:          106720 kB
Active:           345604 kB
Mem:          3.8G       3.7G       124M       5.7M        21M       3.2G

MemTotal:        4016004 kB
MemFree:          136856 kB
Active:           345632 kB
Mem:          3.8G       3.7G       133M       5.7M        21M       3.2G

MemTotal:        4016004 kB
MemFree:          136112 kB
Active:           345632 kB
Mem:          3.8G       3.7G       132M       5.7M        21M       3.2G

MemTotal:        4016004 kB
MemFree:          135064 kB
Active:           345644 kB
Mem:          3.8G       3.7G       131M       5.7M        21M       3.2G

MemTotal:        4016004 kB
MemFree:          133744 kB
Active:           345632 kB
Mem:          3.8G       3.7G       130M       5.7M        21M       3.2G

MemTotal:        4016004 kB
MemFree:          131500 kB
Active:           345636 kB
Mem:          3.8G       3.7G       128M       5.7M        21M       3.2G

MemTotal:        4016004 kB
MemFree:          131132 kB
Active:           345624 kB
Mem:          3.8G       3.7G       127M       5.7M        21M       3.2G

MemTotal:        4016004 kB
MemFree:          115720 kB
Active:           345636 kB
Mem:          3.8G       3.7G       122M       5.7M        21M       3.2G

MemTotal:        4016004 kB
MemFree:          126544 kB
Active:           345500 kB
Mem:          3.8G       3.7G       121M       5.7M        21M       3.2G

MemTotal:        4016004 kB
MemFree:          112260 kB
Active:           345480 kB
Mem:          3.8G       3.7G       129M       5.7M        21M       3.2G

MemTotal:        4016004 kB
MemFree:          128228 kB
Active:           345496 kB
Mem:          3.8G       3.7G       125M       5.7M        21M       3.2G

MemTotal:        4016004 kB
MemFree:          114064 kB
Active:           345476 kB
Mem:          3.8G       3.7G       109M       5.7M        21M       3.3G

MemTotal:        4016004 kB
MemFree:          126260 kB
Active:           345508 kB
Mem:          3.8G       3.7G       123M       5.7M        21M       3.2G

MemTotal:        4016004 kB
MemFree:          122644 kB
Active:           345216 kB
Mem:          3.8G       3.7G       119M       5.7M        21M       3.2G

MemTotal:        4016004 kB
MemFree:          122396 kB
Active:           345200 kB
Mem:          3.8G       3.7G       119M       5.7M        21M       3.2G

MemTotal:        4016004 kB
MemFree:          122396 kB
Active:           345216 kB
Mem:          3.8G       3.7G       119M       5.7M        21M       3.2G

MemTotal:        4016004 kB
MemFree:          122024 kB
Active:           345216 kB
Mem:          3.8G       3.7G       119M       5.7M        21M       3.2G

MemTotal:        4016004 kB
MemFree:          122396 kB
Active:           345216 kB
Mem:          3.8G       3.7G       119M       5.7M        21M       3.2G

MemTotal:        4016004 kB
MemFree:          121660 kB
Active:           345224 kB
Mem:          3.8G       3.7G       118M       5.7M        21M       3.2G

MemTotal:        4016004 kB
MemFree:          121932 kB
Active:           345232 kB
Mem:          3.8G       3.7G       119M       5.7M        21M       3.2G

MemTotal:        4016004 kB
MemFree:          122508 kB
Active:           345220 kB
Mem:          3.8G       3.7G       119M       5.7M        21M       3.2G

MemTotal:        4016004 kB
MemFree:          122264 kB
Active:           345236 kB
Mem:          3.8G       3.7G       119M       5.7M        21M       3.2G

MemTotal:        4016004 kB
MemFree:          122140 kB
Active:           345240 kB
Mem:          3.8G       3.7G       119M       5.7M        21M       3.2G

MemTotal:        4016004 kB
MemFree:          122636 kB
Active:           345224 kB
Mem:          3.8G       3.7G       119M       5.7M        21M       3.2G

MemTotal:        4016004 kB
MemFree:          122760 kB
Active:           345224 kB
Mem:          3.8G       3.7G       119M       5.7M        21M       3.2G

MemTotal:        4016004 kB
MemFree:          122636 kB
Active:           345232 kB
Mem:          3.8G       3.7G       119M       5.7M        21M       3.2G

MemTotal:        4016004 kB
MemFree:          122636 kB
Active:           345256 kB
Mem:          3.8G       3.7G       119M       5.7M        21M       3.2G

MemTotal:        4016004 kB
MemFree:          122264 kB
Active:           345264 kB
Mem:          3.8G       3.7G       119M       5.7M        21M       3.2G

MemTotal:        4016004 kB
MemFree:          122140 kB
Active:           345264 kB
Mem:          3.8G       3.7G       119M       5.7M        21M       3.2G

MemTotal:        4016004 kB
MemFree:          122388 kB
Active:           345252 kB
Mem:          3.8G       3.7G       119M       5.7M        21M       3.2G

MemTotal:        4016004 kB
MemFree:          122388 kB
Active:           345248 kB
Mem:          3.8G       3.7G       119M       5.7M        21M       3.2G

MemTotal:        4016004 kB
MemFree:          122140 kB
Active:           345272 kB
Mem:          3.8G       3.7G       119M       5.7M        21M       3.2G

MemTotal:        4016004 kB
MemFree:          122388 kB
Active:           345240 kB
Mem:          3.8G       3.7G       119M       5.7M        21M       3.2G

MemTotal:        4016004 kB
MemFree:          121704 kB
Active:           343236 kB
Mem:          3.8G       3.7G       118M       5.7M        21M       3.2G

MemTotal:        4016004 kB
MemFree:          122076 kB
Active:           345232 kB
Mem:          3.8G       3.7G       118M       5.7M        21M       3.2G

MemTotal:        4016004 kB
MemFree:          122076 kB
Active:           345272 kB
Mem:          3.8G       3.7G       118M       5.7M        21M       3.2G

MemTotal:        4016004 kB
MemFree:          121828 kB
Active:           345284 kB
Mem:          3.8G       3.7G       119M       5.7M        21M       3.2G

MemTotal:        4016004 kB
MemFree:          122076 kB
Active:           345264 kB
Mem:          3.8G       3.7G       119M       5.7M        21M       3.2G

MemTotal:        4016004 kB
MemFree:          122076 kB
Active:           345284 kB
Mem:          3.8G       3.7G       119M       5.7M        21M       3.2G

MemTotal:        4016004 kB
MemFree:          122200 kB
Active:           345268 kB
Mem:          3.8G       3.7G       119M       5.7M        21M       3.2G

MemTotal:        4016004 kB
MemFree:          122076 kB
Active:           345260 kB
Mem:          3.8G       3.7G       119M       5.7M        21M       3.2G

MemTotal:        4016004 kB
MemFree:          122200 kB
Active:           345280 kB
Mem:          3.8G       3.7G       119M       5.7M        21M       3.2G

MemTotal:        4016004 kB
MemFree:          122324 kB
Active:           345292 kB
Mem:          3.8G       3.7G       119M       5.7M        21M       3.2G

MemTotal:        4016004 kB
MemFree:          121828 kB
Active:           345292 kB
Mem:          3.8G       3.7G       119M       5.7M        21M       3.2G

MemTotal:        4016004 kB
MemFree:          122200 kB
Active:           345292 kB
Mem:          3.8G       3.7G       119M       5.7M        21M       3.2G

MemTotal:        4016004 kB
MemFree:          122696 kB
Active:           345280 kB
Mem:          3.8G       3.7G       119M       5.7M        21M       3.2G

MemTotal:        4016004 kB
MemFree:          122572 kB
Active:           345276 kB
Mem:          3.8G       3.7G       119M       5.7M        21M       3.2G

MemTotal:        4016004 kB
MemFree:          122572 kB
Active:           345260 kB
Mem:          3.8G       3.7G       119M       5.7M        21M       3.2G

MemTotal:        4016004 kB
MemFree:          122572 kB
Active:           345280 kB
Mem:          3.8G       3.7G       119M       5.7M        21M       3.2G

MemTotal:        4016004 kB
MemFree:          122448 kB
Active:           345264 kB
Mem:          3.8G       3.7G       119M       5.7M        21M       3.2G

MemTotal:        4016004 kB
MemFree:          122572 kB
Active:           345272 kB
Mem:          3.8G       3.7G       119M       5.7M        21M       3.2G

MemTotal:        4016004 kB
MemFree:          122572 kB
Active:           345300 kB
Mem:          3.8G       3.7G       119M       5.7M        21M       3.2G

MemTotal:        4016004 kB
MemFree:          122448 kB
Active:           345260 kB
Mem:          3.8G       3.7G       119M       5.7M        21M       3.2G

MemTotal:        4016004 kB
MemFree:          122324 kB
Active:           345268 kB
Mem:          3.8G       3.7G       119M       5.7M        21M       3.2G

MemTotal:        4016004 kB
MemFree:          121828 kB
Active:           345308 kB
Mem:          3.8G       3.7G       119M       5.7M        21M       3.2G

MemTotal:        4016004 kB
MemFree:          122076 kB
Active:           345300 kB
Mem:          3.8G       3.7G       119M       5.7M        21M       3.2G

MemTotal:        4016004 kB
MemFree:          121828 kB
Active:           345308 kB
Mem:          3.8G       3.7G       119M       5.7M        21M       3.2G

MemTotal:        4016004 kB
MemFree:          122200 kB
Active:           345272 kB
Mem:          3.8G       3.7G       119M       5.7M        21M       3.2G

MemTotal:        4016004 kB
MemFree:          122200 kB
Active:           345264 kB
Mem:          3.8G       3.7G       119M       5.7M        21M       3.2G

MemTotal:        4016004 kB
MemFree:          122572 kB
Active:           345268 kB
Mem:          3.8G       3.7G       119M       5.7M        21M       3.2G

MemTotal:        4016004 kB
MemFree:          122696 kB
Active:           345296 kB
Mem:          3.8G       3.7G       119M       5.7M        21M       3.2G

MemTotal:        4016004 kB
MemFree:          122076 kB
Active:           345316 kB
Mem:          3.8G       3.7G       119M       5.7M        21M       3.2G

MemTotal:        4016004 kB
MemFree:          122076 kB
Active:           345316 kB
Mem:          3.8G       3.7G       119M       5.7M        21M       3.2G

MemTotal:        4016004 kB
MemFree:          120152 kB
Active:           345296 kB
Mem:          3.8G       3.7G       117M       5.7M        21M       3.2G

MemTotal:        4016004 kB
MemFree:          120028 kB
Active:           347364 kB
Mem:          3.8G       3.7G       117M       5.7M        21M       3.2G

MemTotal:        4016004 kB
MemFree:          120028 kB
Active:           347324 kB
Mem:          3.8G       3.7G       117M       5.7M        21M       3.2G

MemTotal:        4016004 kB
MemFree:          120028 kB
Active:           347324 kB
Mem:          3.8G       3.7G       117M       5.7M        21M       3.2G

MemTotal:        4016004 kB
MemFree:          120524 kB
Active:           347364 kB
Mem:          3.8G       3.7G       117M       5.7M        21M       3.2G

MemTotal:        4016004 kB
MemFree:          120400 kB
Active:           347348 kB
Mem:          3.8G       3.7G       117M       5.7M        21M       3.2G

MemTotal:        4016004 kB
MemFree:          119904 kB
Active:           347368 kB
Mem:          3.8G       3.7G       117M       5.7M        21M       3.2G

MemTotal:        4016004 kB
MemFree:          120276 kB
Active:           347360 kB
Mem:          3.8G       3.7G       117M       5.7M        21M       3.2G

MemTotal:        4016004 kB
MemFree:          120276 kB
Active:           347352 kB
Mem:          3.8G       3.7G       117M       5.7M        21M       3.2G

MemTotal:        4016004 kB
MemFree:          120152 kB
Active:           347368 kB
Mem:          3.8G       3.7G       117M       5.7M        21M       3.2G

MemTotal:        4016004 kB
MemFree:          120152 kB
Active:           347348 kB
Mem:          3.8G       3.7G       117M       5.7M        21M       3.2G

MemTotal:        4016004 kB
MemFree:          120152 kB
Active:           347384 kB
Mem:          3.8G       3.7G       117M       5.7M        21M       3.2G

MemTotal:        4016004 kB
MemFree:          120276 kB
Active:           347356 kB
Mem:          3.8G       3.7G       117M       5.7M        21M       3.2G

MemTotal:        4016004 kB
MemFree:          120276 kB
Active:           347340 kB
Mem:          3.8G       3.7G       117M       5.7M        21M       3.2G

MemTotal:        4016004 kB
MemFree:          120276 kB
Active:           347384 kB
Mem:          3.8G       3.7G       117M       5.7M        21M       3.2G

MemTotal:        4016004 kB
MemFree:          120400 kB
Active:           347336 kB
Mem:          3.8G       3.7G       117M       5.7M        21M       3.2G

MemTotal:        4016004 kB
MemFree:          120028 kB
Active:           347404 kB
Mem:          3.8G       3.7G       117M       5.7M        21M       3.2G

MemTotal:        4016004 kB
MemFree:          120400 kB
Active:           347396 kB
Mem:          3.8G       3.7G       117M       5.7M        21M       3.2G

MemTotal:        4016004 kB
MemFree:          120400 kB
Active:           347348 kB
Mem:          3.8G       3.7G       117M       5.7M        21M       3.2G

MemTotal:        4016004 kB
MemFree:          120276 kB
Active:           347348 kB
Mem:          3.8G       3.7G       117M       5.7M        21M       3.2G

MemTotal:        4016004 kB
MemFree:          120400 kB
Active:           347392 kB
Mem:          3.8G       3.7G       117M       5.7M        21M       3.2G

MemTotal:        4016004 kB
MemFree:          120400 kB
Active:           347404 kB
Mem:          3.8G       3.7G       117M       5.7M        21M       3.2G

MemTotal:        4016004 kB
MemFree:          120276 kB
Active:           347412 kB
Mem:          3.8G       3.7G       117M       5.7M        21M       3.2G

MemTotal:        4016004 kB
MemFree:          120028 kB
Active:           347372 kB
Mem:          3.8G       3.7G       117M       5.7M        21M       3.2G

MemTotal:        4016004 kB
MemFree:          119904 kB
Active:           347400 kB
Mem:          3.8G       3.7G       116M       5.7M        21M       3.2G

MemTotal:        4016004 kB
MemFree:          119904 kB
Active:           347408 kB
Mem:          3.8G       3.7G       117M       5.7M        21M       3.2G

MemTotal:        4016004 kB
MemFree:          119904 kB
Active:           347420 kB
Mem:          3.8G       3.7G       117M       5.7M        21M       3.2G

MemTotal:        4016004 kB
MemFree:          119904 kB
Active:           347408 kB
Mem:          3.8G       3.7G       117M       5.7M        21M       3.2G

MemTotal:        4016004 kB
MemFree:          120028 kB
Active:           347420 kB
Mem:          3.8G       3.7G       116M       5.7M        21M       3.2G

MemTotal:        4016004 kB
MemFree:          120028 kB
Active:           347388 kB
Mem:          3.8G       3.7G       117M       5.7M        21M       3.2G

MemTotal:        4016004 kB
MemFree:          120028 kB
Active:           347420 kB
Mem:          3.8G       3.7G       117M       5.7M        21M       3.2G

MemTotal:        4016004 kB
MemFree:          120028 kB
Active:           347396 kB
Mem:          3.8G       3.7G       117M       5.7M        21M       3.2G

MemTotal:        4016004 kB
MemFree:          120400 kB
Active:           347420 kB
Mem:          3.8G       3.7G       117M       5.7M        21M       3.2G

MemTotal:        4016004 kB
MemFree:          120276 kB
Active:           347408 kB
Mem:          3.8G       3.7G       117M       5.7M        21M       3.2G

MemTotal:        4016004 kB
MemFree:          120400 kB
Active:           347400 kB
Mem:          3.8G       3.7G       117M       5.7M        21M       3.2G

MemTotal:        4016004 kB
MemFree:          120276 kB
Active:           347384 kB
Mem:          3.8G       3.7G       117M       5.7M        21M       3.2G

MemTotal:        4016004 kB
MemFree:          120276 kB
Active:           347412 kB
Mem:          3.8G       3.7G       117M       5.7M        21M       3.2G

MemTotal:        4016004 kB
MemFree:          119904 kB
Active:           347436 kB
Mem:          3.8G       3.7G       116M       5.7M        21M       3.2G

MemTotal:        4016004 kB
MemFree:          119780 kB
Active:           347436 kB
Mem:          3.8G       3.7G       116M       5.7M        21M       3.2G

MemTotal:        4016004 kB
MemFree:          119780 kB
Active:           347396 kB
Mem:          3.8G       3.7G       116M       5.7M        21M       3.2G

MemTotal:        4016004 kB
MemFree:          119780 kB
Active:           347436 kB
Mem:          3.8G       3.7G       117M       5.7M        21M       3.2G

MemTotal:        4016004 kB
MemFree:          119904 kB
Active:           347436 kB
Mem:          3.8G       3.7G       117M       5.7M        21M       3.2G

MemTotal:        4016004 kB
MemFree:          119780 kB
Active:           347380 kB
Mem:          3.8G       3.7G       116M       5.7M        21M       3.2G

MemTotal:        4016004 kB
MemFree:          119904 kB
Active:           347412 kB
Mem:          3.8G       3.7G       116M       5.7M        21M       3.2G

MemTotal:        4016004 kB
MemFree:          119780 kB
Active:           347392 kB
Mem:          3.8G       3.7G       117M       5.7M        21M       3.2G

MemTotal:        4016004 kB
MemFree:          119904 kB
Active:           347440 kB
Mem:          3.8G       3.7G       117M       5.7M        21M       3.2G

MemTotal:        4016004 kB
MemFree:          120276 kB
Active:           347412 kB
Mem:          3.8G       3.7G       117M       5.7M        21M       3.2G

MemTotal:        4016004 kB
MemFree:          120400 kB
Active:           347408 kB
Mem:          3.8G       3.7G       117M       5.7M        21M       3.2G

MemTotal:        4016004 kB
MemFree:          120400 kB
Active:           347416 kB
Mem:          3.8G       3.7G       117M       5.7M        21M       3.2G

MemTotal:        4016004 kB
MemFree:          120276 kB
Active:           347444 kB
Mem:          3.8G       3.7G       117M       5.7M        21M       3.2G

MemTotal:        4016004 kB
MemFree:          119904 kB
Active:           347448 kB
Mem:          3.8G       3.7G       117M       5.7M        21M       3.2G

MemTotal:        4016004 kB
MemFree:          120276 kB
Active:           347392 kB
Mem:          3.8G       3.7G       117M       5.7M        21M       3.2G

MemTotal:        4016004 kB
MemFree:          120276 kB
Active:           347408 kB
Mem:          3.8G       3.7G       117M       5.7M        21M       3.2G

MemTotal:        4016004 kB
MemFree:          120524 kB
Active:           347436 kB
Mem:          3.8G       3.7G       117M       5.7M        21M       3.2G

MemTotal:        4016004 kB
MemFree:          120276 kB
Active:           347424 kB
Mem:          3.8G       3.7G       117M       5.7M        21M       3.2G

MemTotal:        4016004 kB
MemFree:          119904 kB
Active:           347456 kB
Mem:          3.8G       3.7G       117M       5.7M        21M       3.2G

MemTotal:        4016004 kB
MemFree:          119904 kB
Active:           347456 kB
Mem:          3.8G       3.7G       117M       5.7M        21M       3.2G

MemTotal:        4016004 kB
MemFree:          120276 kB
Active:           347440 kB
Mem:          3.8G       3.7G       117M       5.7M        21M       3.2G

MemTotal:        4016004 kB
MemFree:          120152 kB
Active:           347428 kB
Mem:          3.8G       3.7G       117M       5.7M        21M       3.2G

MemTotal:        4016004 kB
MemFree:          120152 kB
Active:           347444 kB
Mem:          3.8G       3.7G       117M       5.7M        21M       3.2G

MemTotal:        4016004 kB
MemFree:          120028 kB
Active:           347452 kB
Mem:          3.8G       3.7G       117M       5.7M        21M       3.2G

MemTotal:        4016004 kB
MemFree:          120276 kB
Active:           347436 kB
Mem:          3.8G       3.7G       117M       5.7M        21M       3.2G

MemTotal:        4016004 kB
MemFree:          120028 kB
Active:           347464 kB
Mem:          3.8G       3.7G       117M       5.7M        21M       3.2G

MemTotal:        4016004 kB
MemFree:          120276 kB
Active:           347436 kB
Mem:          3.8G       3.7G       117M       5.7M        21M       3.2G

MemTotal:        4016004 kB
MemFree:          120400 kB
Active:           347468 kB
Mem:          3.8G       3.7G       117M       5.7M        21M       3.2G

MemTotal:        4016004 kB
MemFree:          120028 kB
Active:           347468 kB
Mem:          3.8G       3.7G       117M       5.7M        21M       3.2G

MemTotal:        4016004 kB
MemFree:          119904 kB
Active:           347472 kB
Mem:          3.8G       3.7G       117M       5.7M        21M       3.2G

MemTotal:        4016004 kB
MemFree:          120028 kB
Active:           347436 kB
Mem:          3.8G       3.7G       117M       5.7M        21M       3.2G

MemTotal:        4016004 kB
MemFree:          120028 kB
Active:           347480 kB
Mem:          3.8G       3.7G       117M       5.7M        21M       3.2G

MemTotal:        4016004 kB
MemFree:          120028 kB
Active:           347456 kB
Mem:          3.8G       3.7G       117M       5.7M        21M       3.2G

MemTotal:        4016004 kB
MemFree:          120028 kB
Active:           347464 kB
Mem:          3.8G       3.7G       117M       5.7M        21M       3.2G

MemTotal:        4016004 kB
MemFree:          120152 kB
Active:           347464 kB
Mem:          3.8G       3.7G       117M       5.7M        21M       3.2G

MemTotal:        4016004 kB
MemFree:          120152 kB
Active:           347488 kB
Mem:          3.8G       3.7G       117M       5.7M        21M       3.2G

MemTotal:        4016004 kB
MemFree:          120276 kB
Active:           347488 kB
Mem:          3.8G       3.7G       117M       5.7M        21M       3.2G

MemTotal:        4016004 kB
MemFree:          119904 kB
Active:           347444 kB
Mem:          3.8G       3.7G       117M       5.7M        21M       3.2G

MemTotal:        4016004 kB
MemFree:          119780 kB
Active:           347460 kB
Mem:          3.8G       3.7G       117M       5.7M        21M       3.2G

MemTotal:        4016004 kB
MemFree:          119904 kB
Active:           347468 kB
Mem:          3.8G       3.7G       116M       5.7M        21M       3.2G

MemTotal:        4016004 kB
MemFree:          119904 kB
Active:           347504 kB
Mem:          3.8G       3.7G       117M       5.7M        21M       3.2G

MemTotal:        4016004 kB
MemFree:          119904 kB
Active:           347476 kB
Mem:          3.8G       3.7G       116M       5.7M        21M       3.2G

MemTotal:        4016004 kB
MemFree:          119780 kB
Active:           347512 kB
Mem:          3.8G       3.7G       117M       5.7M        21M       3.2G

MemTotal:        4016004 kB
MemFree:          119656 kB
Active:           347516 kB
Mem:          3.8G       3.7G       117M       5.7M        21M       3.2G

MemTotal:        4016004 kB
MemFree:          120028 kB
Active:           347500 kB
Mem:          3.8G       3.7G       117M       5.7M        21M       3.2G

MemTotal:        4016004 kB
MemFree:          120276 kB
Active:           347508 kB
Mem:          3.8G       3.7G       117M       5.7M        21M       3.2G

MemTotal:        4016004 kB
MemFree:          120152 kB
Active:           347508 kB
Mem:          3.8G       3.7G       117M       5.7M        21M       3.2G

MemTotal:        4016004 kB
MemFree:          120028 kB
Active:           347528 kB
Mem:          3.8G       3.7G       117M       5.7M        21M       3.2G

MemTotal:        4016004 kB
MemFree:          120152 kB
Active:           347528 kB
Mem:          3.8G       3.7G       117M       5.7M        21M       3.2G

MemTotal:        4016004 kB
MemFree:          120152 kB
Active:           347528 kB
Mem:          3.8G       3.7G       117M       5.7M        21M       3.2G

MemTotal:        4016004 kB
MemFree:          120028 kB
Active:           347528 kB
Mem:          3.8G       3.7G       117M       5.7M        21M       3.2G

MemTotal:        4016004 kB
MemFree:          120152 kB
Active:           347500 kB
Mem:          3.8G       3.7G       117M       5.7M        21M       3.2G

MemTotal:        4016004 kB
MemFree:          120276 kB
Active:           347496 kB
Mem:          3.8G       3.7G       117M       5.7M        21M       3.2G

MemTotal:        4016004 kB
MemFree:          120152 kB
Active:           347528 kB
Mem:          3.8G       3.7G       117M       5.7M        21M       3.2G

MemTotal:        4016004 kB
MemFree:          120028 kB
Active:           347476 kB
Mem:          3.8G       3.7G       117M       5.7M        21M       3.2G

MemTotal:        4016004 kB
MemFree:          119904 kB
Active:           347472 kB
Mem:          3.8G       3.7G       116M       5.7M        21M       3.2G

MemTotal:        4016004 kB
MemFree:          119780 kB
Active:           347588 kB
Mem:          3.8G       3.7G       117M       5.7M        21M       3.2G

MemTotal:        4016004 kB
MemFree:          119656 kB
Active:           347620 kB
Mem:          3.8G       3.7G       116M       5.7M        21M       3.2G

MemTotal:        4016004 kB
MemFree:          119268 kB
Active:           347732 kB
Mem:          3.8G       3.7G       116M       5.7M        21M       3.2G

MemTotal:        4016004 kB
MemFree:          119640 kB
Active:           347636 kB
Mem:          3.8G       3.7G       116M       5.7M        21M       3.2G

MemTotal:        4016004 kB
MemFree:          119764 kB
Active:           347612 kB
Mem:          3.8G       3.7G       117M       5.7M        21M       3.2G

MemTotal:        4016004 kB
MemFree:          120136 kB
Active:           347580 kB
Mem:          3.8G       3.7G       116M       5.7M        21M       3.2G

MemTotal:        4016004 kB
MemFree:          119888 kB
Active:           347644 kB
Mem:          3.8G       3.7G       117M       5.7M        21M       3.2G

MemTotal:        4016004 kB
MemFree:          119764 kB
Active:           347592 kB
Mem:          3.8G       3.7G       116M       5.7M        21M       3.2G

MemTotal:        4016004 kB
MemFree:          119764 kB
Active:           347612 kB
Mem:          3.8G       3.7G       116M       5.7M        21M       3.2G

MemTotal:        4016004 kB
MemFree:          119764 kB
Active:           347628 kB
Mem:          3.8G       3.7G       116M       5.7M        21M       3.2G

MemTotal:        4016004 kB
MemFree:          119764 kB
Active:           347624 kB
Mem:          3.8G       3.7G       116M       5.7M        21M       3.2G

MemTotal:        4016004 kB
MemFree:          119764 kB
Active:           347636 kB
Mem:          3.8G       3.7G       116M       5.7M        21M       3.2G

MemTotal:        4016004 kB
MemFree:          119764 kB
Active:           347624 kB
Mem:          3.8G       3.7G       116M       5.7M        21M       3.2G

MemTotal:        4016004 kB
MemFree:          120012 kB
Active:           347640 kB
Mem:          3.8G       3.7G       117M       5.7M        21M       3.2G

MemTotal:        4016004 kB
MemFree:          119764 kB
Active:           347600 kB
Mem:          3.8G       3.7G       116M       5.7M        21M       3.2G

MemTotal:        4016004 kB
MemFree:          119888 kB
Active:           347640 kB
Mem:          3.8G       3.7G       116M       5.7M        21M       3.2G

MemTotal:        4016004 kB
MemFree:          119764 kB
Active:           347608 kB
Mem:          3.8G       3.7G       116M       5.7M        21M       3.2G

MemTotal:        4016004 kB
MemFree:          119764 kB
Active:           347652 kB
Mem:          3.8G       3.7G       116M       5.7M        21M       3.2G

MemTotal:        4016004 kB
MemFree:          121872 kB
Active:           345652 kB
Mem:          3.8G       3.7G       118M       5.7M        21M       3.2G

MemTotal:        4016004 kB
MemFree:          121888 kB
Active:           345572 kB
Mem:          3.8G       3.7G       118M       5.7M        21M       3.2G

MemTotal:        4016004 kB
MemFree:          121888 kB
Active:           345580 kB
Mem:          3.8G       3.7G       118M       5.7M        21M       3.2G

MemTotal:        4016004 kB
MemFree:          121888 kB
Active:           345604 kB
Mem:          3.8G       3.7G       119M       5.7M        21M       3.2G

MemTotal:        4016004 kB
MemFree:          121764 kB
Active:           345600 kB
Mem:          3.8G       3.7G       118M       5.7M        21M       3.2G

MemTotal:        4016004 kB
MemFree:          121640 kB
Active:           345636 kB
Mem:          3.8G       3.7G       118M       5.7M        21M       3.2G

MemTotal:        4016004 kB
MemFree:          121640 kB
Active:           345600 kB
Mem:          3.8G       3.7G       118M       5.7M        21M       3.2G

MemTotal:        4016004 kB
MemFree:          121888 kB
Active:           345604 kB
Mem:          3.8G       3.7G       119M       5.7M        21M       3.2G

MemTotal:        4016004 kB
MemFree:          121888 kB
Active:           345620 kB
Mem:          3.8G       3.7G       119M       5.7M        21M       3.2G

MemTotal:        4016004 kB
MemFree:          122012 kB
Active:           345616 kB
Mem:          3.8G       3.7G       118M       5.7M        21M       3.2G

MemTotal:        4016004 kB
MemFree:          122012 kB
Active:           345584 kB
Mem:          3.8G       3.7G       119M       5.7M        21M       3.2G

MemTotal:        4016004 kB
MemFree:          121936 kB
Active:           345632 kB
Mem:          3.8G       3.7G       118M       5.7M        21M       3.2G

MemTotal:        4016004 kB
MemFree:          121936 kB
Active:           345640 kB
Mem:          3.8G       3.7G       118M       5.7M        21M       3.2G

MemTotal:        4016004 kB
MemFree:          121936 kB
Active:           345628 kB
Mem:          3.8G       3.7G       119M       5.7M        21M       3.2G

MemTotal:        4016004 kB
MemFree:          121936 kB
Active:           345604 kB
Mem:          3.8G       3.7G       118M       5.7M        21M       3.2G

MemTotal:        4016004 kB
MemFree:          121688 kB
Active:           345612 kB
Mem:          3.8G       3.7G       118M       5.7M        21M       3.2G

MemTotal:        4016004 kB
MemFree:          121812 kB
Active:           345624 kB
Mem:          3.8G       3.7G       118M       5.7M        21M       3.2G

MemTotal:        4016004 kB
MemFree:          121812 kB
Active:           345604 kB
Mem:          3.8G       3.7G       118M       5.7M        21M       3.2G

MemTotal:        4016004 kB
MemFree:          121812 kB
Active:           345604 kB
Mem:          3.8G       3.7G       118M       5.7M        21M       3.2G

MemTotal:        4016004 kB
MemFree:          121812 kB
Active:           345620 kB
Mem:          3.8G       3.7G       119M       5.7M        21M       3.2G

MemTotal:        4016004 kB
MemFree:          121936 kB
Active:           345616 kB
Mem:          3.8G       3.7G       118M       5.7M        21M       3.2G

MemTotal:        4016004 kB
MemFree:          121812 kB
Active:           345604 kB
Mem:          3.8G       3.7G       118M       5.7M        21M       3.2G

MemTotal:        4016004 kB
MemFree:          121812 kB
Active:           345652 kB
Mem:          3.8G       3.7G       118M       5.7M        21M       3.2G

MemTotal:        4016004 kB
MemFree:          121936 kB
Active:           345604 kB
Mem:          3.8G       3.7G       118M       5.7M        21M       3.2G

MemTotal:        4016004 kB
MemFree:          121936 kB
Active:           345680 kB
Mem:          3.8G       3.7G       118M       5.7M        21M       3.2G

MemTotal:        4016004 kB
MemFree:          121812 kB
Active:           345684 kB
Mem:          3.8G       3.7G       118M       5.7M        21M       3.2G

MemTotal:        4016004 kB
MemFree:          121812 kB
Active:           345652 kB
Mem:          3.8G       3.7G       118M       5.7M        21M       3.2G

MemTotal:        4016004 kB
MemFree:          121812 kB
Active:           345648 kB
Mem:          3.8G       3.7G       118M       5.7M        21M       3.2G

MemTotal:        4016004 kB
MemFree:          121796 kB
Active:           345676 kB
Mem:          3.8G       3.7G       118M       5.7M        21M       3.2G

MemTotal:        4016004 kB
MemFree:          121812 kB
Active:           345680 kB
Mem:          3.8G       3.7G       119M       5.7M        21M       3.2G

MemTotal:        4016004 kB
MemFree:          122200 kB
Active:           345640 kB
Mem:          3.8G       3.7G       119M       5.7M        21M       3.2G

MemTotal:        4016004 kB
MemFree:          122324 kB
Active:           345652 kB
Mem:          3.8G       3.7G       119M       5.7M        21M       3.2G

MemTotal:        4016004 kB
MemFree:          121828 kB
Active:           345696 kB
Mem:          3.8G       3.7G       119M       5.7M        21M       3.2G

MemTotal:        4016004 kB
MemFree:          122324 kB
Active:           345688 kB
Mem:          3.8G       3.7G       119M       5.7M        21M       3.2G

MemTotal:        4016004 kB
MemFree:          122076 kB
Active:           345644 kB
Mem:          3.8G       3.7G       119M       5.7M        21M       3.2G

MemTotal:        4016004 kB
MemFree:          122448 kB
Active:           345696 kB
Mem:          3.8G       3.7G       119M       5.7M        21M       3.2G

MemTotal:        4016004 kB
MemFree:          122696 kB
Active:           345696 kB
Mem:          3.8G       3.7G       119M       5.7M        21M       3.2G

MemTotal:        4016004 kB
MemFree:          122944 kB
Active:           345656 kB
Mem:          3.8G       3.7G       119M       5.7M        21M       3.2G

MemTotal:        4016004 kB
MemFree:          122448 kB
Active:           345704 kB
Mem:          3.8G       3.7G       119M       5.7M        21M       3.2G

MemTotal:        4016004 kB
MemFree:          122820 kB
Active:           345664 kB
Mem:          3.8G       3.7G       119M       5.7M        21M       3.2G

MemTotal:        4016004 kB
MemFree:          122448 kB
Active:           345704 kB
Mem:          3.8G       3.7G       119M       5.7M        21M       3.2G

MemTotal:        4016004 kB
MemFree:          122820 kB
Active:           345680 kB
Mem:          3.8G       3.7G       119M       5.7M        21M       3.2G

MemTotal:        4016004 kB
MemFree:          122820 kB
Active:           345676 kB
Mem:          3.8G       3.7G       119M       5.7M        21M       3.2G

MemTotal:        4016004 kB
MemFree:          122820 kB
Active:           345692 kB
Mem:          3.8G       3.7G       119M       5.7M        21M       3.2G

MemTotal:        4016004 kB
MemFree:          122820 kB
Active:           345688 kB
Mem:          3.8G       3.7G       119M       5.7M        21M       3.2G

MemTotal:        4016004 kB
MemFree:          122324 kB
Active:           345708 kB
Mem:          3.8G       3.7G       119M       5.7M        21M       3.2G

MemTotal:        4016004 kB
MemFree:          122572 kB
Active:           345708 kB
Mem:          3.8G       3.7G       119M       5.7M        21M       3.2G

MemTotal:        4016004 kB
MemFree:          122572 kB
Active:           345692 kB
Mem:          3.8G       3.7G       119M       5.7M        21M       3.2G

MemTotal:        4016004 kB
MemFree:          122572 kB
Active:           345712 kB
Mem:          3.8G       3.7G       119M       5.7M        21M       3.2G

MemTotal:        4016004 kB
MemFree:          122572 kB
Active:           345684 kB
Mem:          3.8G       3.7G       119M       5.7M        21M       3.2G

MemTotal:        4016004 kB
MemFree:          122696 kB
Active:           345708 kB
Mem:          3.8G       3.7G       119M       5.7M        21M       3.2G

MemTotal:        4016004 kB
MemFree:          122448 kB
Active:           345712 kB
Mem:          3.8G       3.7G       119M       5.7M        21M       3.2G

MemTotal:        4016004 kB
MemFree:          122680 kB
Active:           345724 kB
Mem:          3.8G       3.7G       119M       5.7M        21M       3.2G

MemTotal:        4016004 kB
MemFree:          122696 kB
Active:           345672 kB
Mem:          3.8G       3.7G       119M       5.7M        21M       3.2G

MemTotal:        4016004 kB
MemFree:          122820 kB
Active:           345724 kB
Mem:          3.8G       3.7G       119M       5.7M        21M       3.2G

MemTotal:        4016004 kB
MemFree:          122680 kB
Active:           345708 kB
Mem:          3.8G       3.7G       119M       5.7M        21M       3.2G

MemTotal:        4016004 kB
MemFree:          122680 kB
Active:           345712 kB
Mem:          3.8G       3.7G       119M       5.7M        21M       3.2G

MemTotal:        4016004 kB
MemFree:          122696 kB
Active:           345704 kB
Mem:          3.8G       3.7G       119M       5.7M        21M       3.2G

MemTotal:        4016004 kB
MemFree:          122696 kB
Active:           345704 kB
Mem:          3.8G       3.7G       119M       5.7M        21M       3.2G

MemTotal:        4016004 kB
MemFree:          122556 kB
Active:           345704 kB
Mem:          3.8G       3.7G       119M       5.7M        21M       3.2G

MemTotal:        4016004 kB
MemFree:          122308 kB
Active:           345692 kB
Mem:          3.8G       3.7G       119M       5.7M        21M       3.2G

MemTotal:        4016004 kB
MemFree:          122200 kB
Active:           345720 kB
Mem:          3.8G       3.7G       119M       5.7M        21M       3.2G

MemTotal:        4016004 kB
MemFree:          122308 kB
Active:           345748 kB
Mem:          3.8G       3.7G       119M       5.7M        21M       3.2G

MemTotal:        4016004 kB
MemFree:          122232 kB
Active:           345880 kB
Mem:          3.8G       3.7G       119M       5.7M        21M       3.2G

MemTotal:        4016004 kB
MemFree:          122324 kB
Active:           345744 kB
Mem:          3.8G       3.7G       119M       5.7M        21M       3.2G

MemTotal:        4016004 kB
MemFree:          122324 kB
Active:           345748 kB
Mem:          3.8G       3.7G       119M       5.7M        21M       3.2G

MemTotal:        4016004 kB
MemFree:          122308 kB
Active:           345856 kB
Mem:          3.8G       3.7G       119M       5.7M        21M       3.2G

MemTotal:        4016004 kB
MemFree:          122308 kB
Active:           345856 kB
Mem:          3.8G       3.7G       119M       5.7M        21M       3.2G

MemTotal:        4016004 kB
MemFree:          122308 kB
Active:           345720 kB
Mem:          3.8G       3.7G       119M       5.7M        21M       3.2G

MemTotal:        4016004 kB
MemFree:          122184 kB
Active:           345764 kB
Mem:          3.8G       3.7G       119M       5.7M        21M       3.2G

MemTotal:        4016004 kB
MemFree:          122680 kB
Active:           345772 kB
Mem:          3.8G       3.7G       119M       5.7M        21M       3.2G

MemTotal:        4016004 kB
MemFree:          122680 kB
Active:           345764 kB
Mem:          3.8G       3.7G       119M       5.7M        21M       3.2G

MemTotal:        4016004 kB
MemFree:          122680 kB
Active:           345760 kB
Mem:          3.8G       3.7G       119M       5.7M        21M       3.2G

MemTotal:        4016004 kB
MemFree:          122728 kB
Active:           345892 kB
Mem:          3.8G       3.7G       119M       5.7M        21M       3.2G

MemTotal:        4016004 kB
MemFree:          122308 kB
Active:           345872 kB
Mem:          3.8G       3.7G       119M       5.7M        21M       3.2G

MemTotal:        4016004 kB
MemFree:          122728 kB
Active:           345876 kB
Mem:          3.8G       3.7G       119M       5.7M        21M       3.2G

MemTotal:        4016004 kB
MemFree:          122580 kB
Active:           345880 kB
Mem:          3.8G       3.7G       119M       5.7M        21M       3.2G

MemTotal:        4016004 kB
MemFree:          122704 kB
Active:           345888 kB
Mem:          3.8G       3.7G       119M       5.7M        21M       3.2G

MemTotal:        4016004 kB
MemFree:          122680 kB
Active:           345784 kB
Mem:          3.8G       3.7G       119M       5.7M        21M       3.2G

MemTotal:        4016004 kB
MemFree:          122804 kB
Active:           345764 kB
Mem:          3.8G       3.7G       119M       5.7M        21M       3.2G

MemTotal:        4016004 kB
MemFree:          122192 kB
Active:           345856 kB
Mem:          3.8G       3.7G       119M       5.7M        21M       3.2G

MemTotal:        4016004 kB
MemFree:          122308 kB
Active:           345780 kB
Mem:          3.8G       3.7G       119M       5.7M        21M       3.2G

MemTotal:        4016004 kB
MemFree:          122340 kB
Active:           345860 kB
Mem:          3.8G       3.7G       119M       5.7M        21M       3.2G

MemTotal:        4016004 kB
MemFree:          122216 kB
Active:           345860 kB
Mem:          3.8G       3.7G       119M       5.7M        21M       3.2G

MemTotal:        4016004 kB
MemFree:          122292 kB
Active:           345908 kB
Mem:          3.8G       3.7G       119M       5.7M        21M       3.2G

MemTotal:        4016004 kB
MemFree:          122416 kB
Active:           345744 kB
Mem:          3.8G       3.7G       119M       5.7M        21M       3.2G

MemTotal:        4016004 kB
MemFree:          122664 kB
Active:           345660 kB
Mem:          3.8G       3.7G       119M       5.7M        21M       3.2G

MemTotal:        4016004 kB
MemFree:          122912 kB
Active:           345748 kB
Mem:          3.8G       3.7G       119M       5.7M        21M       3.2G

MemTotal:        4016004 kB
MemFree:          122772 kB
Active:           345768 kB
Mem:          3.8G       3.7G       119M       5.7M        21M       3.2G

MemTotal:        4016004 kB
MemFree:          122728 kB
Active:           345864 kB
Mem:          3.8G       3.7G       120M       5.7M        21M       3.2G

MemTotal:        4016004 kB
MemFree:          122564 kB
Active:           345788 kB
Mem:          3.8G       3.7G       119M       5.7M        21M       3.2G

MemTotal:        4016004 kB
MemFree:          122712 kB
Active:           345784 kB
Mem:          3.8G       3.7G       120M       5.7M        21M       3.2G

MemTotal:        4016004 kB
MemFree:          122564 kB
Active:           345852 kB
Mem:          3.8G       3.7G       119M       5.7M        21M       3.2G

MemTotal:        4016004 kB
MemFree:          122712 kB
Active:           345768 kB
Mem:          3.8G       3.7G       119M       5.7M        21M       3.2G

MemTotal:        4016004 kB
MemFree:          122548 kB
Active:           345888 kB
Mem:          3.8G       3.7G       119M       5.7M        21M       3.2G

MemTotal:        4016004 kB
MemFree:          122292 kB
Active:           345872 kB
Mem:          3.8G       3.7G       119M       5.7M        21M       3.2G

MemTotal:        4016004 kB
MemFree:          122788 kB
Active:           345820 kB
Mem:          3.8G       3.7G       119M       5.7M        21M       3.2G

MemTotal:        4016004 kB
MemFree:          122672 kB
Active:           345756 kB
Mem:          3.8G       3.7G       119M       5.7M        21M       3.2G

MemTotal:        4016004 kB
MemFree:          122820 kB
Active:           345756 kB
Mem:          3.8G       3.7G       119M       5.7M        21M       3.2G

MemTotal:        4016004 kB
MemFree:          122784 kB
Active:           345880 kB
Mem:          3.8G       3.7G       119M       5.7M        21M       3.2G

MemTotal:        4016004 kB
MemFree:          122604 kB
Active:           345904 kB
Mem:          3.8G       3.7G       119M       5.7M        21M       3.2G

MemTotal:        4016004 kB
MemFree:          122712 kB
Active:           345880 kB
Mem:          3.8G       3.7G       119M       5.7M        21M       3.2G

MemTotal:        4016004 kB
MemFree:          122852 kB
Active:           345708 kB
Mem:          3.8G       3.7G       120M       5.7M        21M       3.2G

MemTotal:        4016004 kB
MemFree:          122824 kB
Active:           345380 kB
Mem:          3.8G       3.7G       119M       5.7M        21M       3.2G

MemTotal:        4016004 kB
MemFree:          123104 kB
Active:           345352 kB
Mem:          3.8G       3.7G       120M       5.7M        21M       3.2G

MemTotal:        4016004 kB
MemFree:          123228 kB
Active:           345360 kB
Mem:          3.8G       3.7G       120M       5.7M        21M       3.2G

MemTotal:        4016004 kB
MemFree:          123228 kB
Active:           345388 kB
Mem:          3.8G       3.7G       120M       5.7M        21M       3.2G

MemTotal:        4016004 kB
MemFree:          123104 kB
Active:           345364 kB
Mem:          3.8G       3.7G       120M       5.7M        21M       3.2G

MemTotal:        4016004 kB
MemFree:          123212 kB
Active:           345384 kB
Mem:          3.8G       3.7G       120M       5.7M        21M       3.2G

MemTotal:        4016004 kB
MemFree:          123228 kB
Active:           345408 kB
Mem:          3.8G       3.7G       120M       5.7M        21M       3.2G

MemTotal:        4016004 kB
MemFree:          123004 kB
Active:           345504 kB
Mem:          3.8G       3.7G       120M       5.7M        21M       3.2G

MemTotal:        4016004 kB
MemFree:          123088 kB
Active:           345388 kB
Mem:          3.8G       3.7G       120M       5.7M        21M       3.2G

MemTotal:        4016004 kB
MemFree:          123072 kB
Active:           345380 kB
Mem:          3.8G       3.7G       120M       5.7M        21M       3.2G

MemTotal:        4016004 kB
MemFree:          122716 kB
Active:           345428 kB
Mem:          3.8G       3.7G       120M       5.7M        21M       3.2G

MemTotal:        4016004 kB
MemFree:          123056 kB
Active:           345408 kB
Mem:          3.8G       3.7G       120M       5.7M        21M       3.2G

MemTotal:        4016004 kB
MemFree:          122808 kB
Active:           345548 kB
Mem:          3.8G       3.7G       119M       5.7M        21M       3.2G

MemTotal:        4016004 kB
MemFree:          122824 kB
Active:           345472 kB
Mem:          3.8G       3.7G       120M       5.7M        21M       3.2G

MemTotal:        4016004 kB
MemFree:          122948 kB
Active:           345404 kB
Mem:          3.8G       3.7G       120M       5.7M        21M       3.2G

MemTotal:        4016004 kB
MemFree:          122996 kB
Active:           345548 kB
Mem:          3.8G       3.7G       120M       5.7M        21M       3.2G

MemTotal:        4016004 kB
MemFree:          123004 kB
Active:           345488 kB
Mem:          3.8G       3.7G       120M       5.7M        21M       3.2G

MemTotal:        4016004 kB
MemFree:          122948 kB
Active:           345448 kB
Mem:          3.8G       3.7G       120M       5.7M        21M       3.2G

MemTotal:        4016004 kB
MemFree:          123180 kB
Active:           345468 kB
Mem:          3.8G       3.7G       120M       5.7M        21M       3.2G

MemTotal:        4016004 kB
MemFree:          123196 kB
Active:           345500 kB
Mem:          3.8G       3.7G       120M       5.7M        21M       3.2G

MemTotal:        4016004 kB
MemFree:          122840 kB
Active:           345448 kB
Mem:          3.8G       3.7G       120M       5.7M        21M       3.2G

MemTotal:        4016004 kB
MemFree:          123104 kB
Active:           345588 kB
Mem:          3.8G       3.7G       120M       5.7M        21M       3.2G

MemTotal:        4016004 kB
MemFree:          123180 kB
Active:           345396 kB
Mem:          3.8G       3.7G       120M       5.7M        21M       3.2G

MemTotal:        4016004 kB
MemFree:          123056 kB
Active:           345408 kB
Mem:          3.8G       3.7G       120M       5.7M        21M       3.2G

MemTotal:        4016004 kB
MemFree:          123180 kB
Active:           345420 kB
Mem:          3.8G       3.7G       119M       5.7M        21M       3.2G

MemTotal:        4016004 kB
MemFree:          122344 kB
Active:           345460 kB
Mem:          3.8G       3.7G       119M       5.7M        21M       3.2G

MemTotal:        4016004 kB
MemFree:          122560 kB
Active:           345384 kB
Mem:          3.8G       3.7G       119M       5.7M        21M       3.2G

MemTotal:        4016004 kB
MemFree:          122560 kB
Active:           345384 kB
Mem:          3.8G       3.7G       119M       5.7M        21M       3.2G

MemTotal:        4016004 kB
MemFree:          123320 kB
Active:           345304 kB
Mem:          3.8G       3.7G       120M       5.7M        21M       3.2G

MemTotal:        4016004 kB
MemFree:          123320 kB
Active:           345412 kB
Mem:          3.8G       3.7G       120M       5.7M        21M       3.2G

MemTotal:        4016004 kB
MemFree:          123196 kB
Active:           345344 kB
Mem:          3.8G       3.7G       120M       5.7M        21M       3.2G

MemTotal:        4016004 kB
MemFree:          122964 kB
Active:           345600 kB
