MemTotal:        4016004 kB
MemFree:         3230268 kB
Active:           428336 kB
Mem:          3.8G       767M       3.1G       5.7M        58M       319M

MemTotal:        4016004 kB
MemFree:         3230680 kB
Active:           428340 kB
Mem:          3.8G       767M       3.1G       5.7M        58M       319M

MemTotal:        4016004 kB
MemFree:         3230292 kB
Active:           428420 kB
Mem:          3.8G       767M       3.1G       5.7M        58M       319M

MemTotal:        4016004 kB
MemFree:         3230524 kB
Active:           428424 kB
Mem:          3.8G       767M       3.1G       5.7M        58M       319M

MemTotal:        4016004 kB
MemFree:         3230524 kB
Active:           428432 kB
Mem:          3.8G       767M       3.1G       5.7M        58M       319M

MemTotal:        4016004 kB
MemFree:         3228228 kB
Active:           428448 kB
Mem:          3.8G       769M       3.1G       5.7M        58M       319M

MemTotal:        4016004 kB
MemFree:         3228600 kB
Active:           428400 kB
Mem:          3.8G       768M       3.1G       5.7M        58M       319M

MemTotal:        4016004 kB
MemFree:         3228848 kB
Active:           430488 kB
Mem:          3.8G       768M       3.1G       5.7M        58M       319M

MemTotal:        4016004 kB
MemFree:         3228476 kB
Active:           430500 kB
Mem:          3.8G       768M       3.1G       5.7M        58M       319M

MemTotal:        4016004 kB
MemFree:         3228832 kB
Active:           430448 kB
Mem:          3.8G       769M       3.1G       5.7M        58M       319M

MemTotal:        4016004 kB
MemFree:         3228692 kB
Active:           430488 kB
Mem:          3.8G       768M       3.1G       5.7M        58M       319M

MemTotal:        4016004 kB
MemFree:         3228428 kB
Active:           430512 kB
Mem:          3.8G       768M       3.1G       5.7M        58M       319M

MemTotal:        4016004 kB
MemFree:         3228164 kB
Active:           430516 kB
Mem:          3.8G       769M       3.1G       5.7M        58M       319M

MemTotal:        4016004 kB
MemFree:         3228676 kB
Active:           430496 kB
Mem:          3.8G       769M       3.1G       5.7M        58M       319M

MemTotal:        4016004 kB
MemFree:         3228536 kB
Active:           430520 kB
Mem:          3.8G       768M       3.1G       5.7M        58M       319M

MemTotal:        4016004 kB
MemFree:         3228412 kB
Active:           430520 kB
Mem:          3.8G       768M       3.1G       5.7M        58M       319M

MemTotal:        4016004 kB
MemFree:         3228644 kB
Active:           430472 kB
Mem:          3.8G       768M       3.1G       5.7M        58M       319M

MemTotal:        4016004 kB
MemFree:         3228876 kB
Active:           430512 kB
Mem:          3.8G       768M       3.1G       5.7M        58M       319M

MemTotal:        4016004 kB
MemFree:         3228876 kB
Active:           430468 kB
Mem:          3.8G       768M       3.1G       5.7M        58M       319M

MemTotal:        4016004 kB
MemFree:         3229124 kB
Active:           430468 kB
Mem:          3.8G       768M       3.1G       5.7M        58M       319M

MemTotal:        4016004 kB
MemFree:         3228984 kB
Active:           430508 kB
Mem:          3.8G       768M       3.1G       5.7M        58M       319M

MemTotal:        4016004 kB
MemFree:         3228968 kB
Active:           430500 kB
Mem:          3.8G       768M       3.1G       5.7M        58M       319M

MemTotal:        4016004 kB
MemFree:         3228984 kB
Active:           430488 kB
Mem:          3.8G       768M       3.1G       5.7M        58M       319M

MemTotal:        4016004 kB
MemFree:         3229356 kB
Active:           430488 kB
Mem:          3.8G       768M       3.1G       5.7M        58M       319M

MemTotal:        4016004 kB
MemFree:         3229108 kB
Active:           430520 kB
Mem:          3.8G       768M       3.1G       5.7M        58M       319M

MemTotal:        4016004 kB
MemFree:         3228736 kB
Active:           430532 kB
Mem:          3.8G       768M       3.1G       5.7M        58M       319M

MemTotal:        4016004 kB
MemFree:         3228612 kB
Active:           430496 kB
Mem:          3.8G       769M       3.1G       5.7M        58M       319M

MemTotal:        4016004 kB
MemFree:         3228456 kB
Active:           430508 kB
Mem:          3.8G       769M       3.1G       5.7M        58M       319M

MemTotal:        4016004 kB
MemFree:         3228720 kB
Active:           430496 kB
Mem:          3.8G       768M       3.1G       5.7M        58M       319M

MemTotal:        4016004 kB
MemFree:         3228612 kB
Active:           430536 kB
Mem:          3.8G       768M       3.1G       5.7M        58M       319M

MemTotal:        4016004 kB
MemFree:         3228364 kB
Active:           430552 kB
Mem:          3.8G       768M       3.1G       5.7M        58M       319M

MemTotal:        4016004 kB
MemFree:         3229232 kB
Active:           430512 kB
Mem:          3.8G       768M       3.1G       5.7M        58M       319M

MemTotal:        4016004 kB
MemFree:         3229108 kB
Active:           430532 kB
Mem:          3.8G       768M       3.1G       5.7M        58M       319M

MemTotal:        4016004 kB
MemFree:         3229232 kB
Active:           430556 kB
Mem:          3.8G       768M       3.1G       5.7M        58M       319M

MemTotal:        4016004 kB
MemFree:         3228100 kB
Active:           428512 kB
Mem:          3.8G       769M       3.1G       5.7M        58M       319M

MemTotal:        4016004 kB
MemFree:         3228720 kB
Active:           430556 kB
Mem:          3.8G       768M       3.1G       5.7M        58M       319M

MemTotal:        4016004 kB
MemFree:         3228596 kB
Active:           430512 kB
Mem:          3.8G       768M       3.1G       5.7M        58M       319M

MemTotal:        4016004 kB
MemFree:         3228720 kB
Active:           430556 kB
Mem:          3.8G       768M       3.1G       5.7M        58M       319M

MemTotal:        4016004 kB
MemFree:         3228968 kB
Active:           430512 kB
Mem:          3.8G       768M       3.1G       5.7M        58M       319M

MemTotal:        4016004 kB
MemFree:         3228720 kB
Active:           430564 kB
Mem:          3.8G       768M       3.1G       5.7M        58M       319M

MemTotal:        4016004 kB
MemFree:         3229464 kB
Active:           430512 kB
Mem:          3.8G       768M       3.1G       5.7M        58M       319M

MemTotal:        4016004 kB
MemFree:         3229340 kB
Active:           430540 kB
Mem:          3.8G       768M       3.1G       5.7M        58M       319M

MemTotal:        4016004 kB
MemFree:         3229216 kB
Active:           430548 kB
Mem:          3.8G       768M       3.1G       5.7M        58M       319M

MemTotal:        4016004 kB
MemFree:         3228952 kB
Active:           430560 kB
Mem:          3.8G       768M       3.1G       5.7M        58M       319M

MemTotal:        4016004 kB
MemFree:         3228796 kB
Active:           430520 kB
Mem:          3.8G       768M       3.1G       5.7M        58M       319M

MemTotal:        4016004 kB
MemFree:         3228780 kB
Active:           430548 kB
Mem:          3.8G       768M       3.1G       5.7M        58M       319M

MemTotal:        4016004 kB
MemFree:         3228532 kB
Active:           430552 kB
Mem:          3.8G       769M       3.1G       5.7M        58M       319M

MemTotal:        4016004 kB
MemFree:         3228392 kB
Active:           430556 kB
Mem:          3.8G       769M       3.1G       5.7M        58M       319M

MemTotal:        4016004 kB
MemFree:         3228764 kB
Active:           430568 kB
Mem:          3.8G       768M       3.1G       5.7M        58M       319M

MemTotal:        4016004 kB
MemFree:         3229012 kB
Active:           430536 kB
Mem:          3.8G       768M       3.1G       5.7M        58M       319M

MemTotal:        4016004 kB
MemFree:         3228996 kB
Active:           430552 kB
Mem:          3.8G       768M       3.1G       5.7M        58M       319M

MemTotal:        4016004 kB
MemFree:         3229104 kB
Active:           430576 kB
Mem:          3.8G       768M       3.1G       5.7M        58M       319M

MemTotal:        4016004 kB
MemFree:         3228608 kB
Active:           430608 kB
Mem:          3.8G       768M       3.1G       5.7M        58M       319M

MemTotal:        4016004 kB
MemFree:         3228716 kB
Active:           430576 kB
Mem:          3.8G       768M       3.1G       5.7M        58M       319M

MemTotal:        4016004 kB
MemFree:         3229072 kB
Active:           430556 kB
Mem:          3.8G       768M       3.1G       5.7M        58M       319M

MemTotal:        4016004 kB
MemFree:         3229428 kB
Active:           430564 kB
Mem:          3.8G       768M       3.1G       5.7M        58M       319M

MemTotal:        4016004 kB
MemFree:         3229288 kB
Active:           430572 kB
Mem:          3.8G       768M       3.1G       5.7M        58M       319M

MemTotal:        4016004 kB
MemFree:         3229288 kB
Active:           430564 kB
Mem:          3.8G       768M       3.1G       5.7M        58M       319M

MemTotal:        4016004 kB
MemFree:         3229148 kB
Active:           430584 kB
Mem:          3.8G       768M       3.1G       5.7M        58M       319M

MemTotal:        4016004 kB
MemFree:         3229272 kB
Active:           430588 kB
Mem:          3.8G       768M       3.1G       5.7M        58M       319M

MemTotal:        4016004 kB
MemFree:         3229024 kB
Active:           430576 kB
Mem:          3.8G       768M       3.1G       5.7M        58M       319M

MemTotal:        4016004 kB
MemFree:         3229024 kB
Active:           430564 kB
Mem:          3.8G       768M       3.1G       5.7M        58M       319M

MemTotal:        4016004 kB
MemFree:         3229008 kB
Active:           430596 kB
Mem:          3.8G       768M       3.1G       5.7M        58M       319M

MemTotal:        4016004 kB
MemFree:         3229228 kB
Active:           430604 kB
Mem:          3.8G       768M       3.1G       5.7M        58M       319M

MemTotal:        4016004 kB
MemFree:         3227180 kB
Active:           430600 kB
Mem:          3.8G       770M       3.1G       5.7M        58M       319M

MemTotal:        4016004 kB
MemFree:         3227180 kB
Active:           430576 kB
Mem:          3.8G       770M       3.1G       5.7M        58M       319M

MemTotal:        4016004 kB
MemFree:         3227180 kB
Active:           430568 kB
Mem:          3.8G       770M       3.1G       5.7M        58M       319M

MemTotal:        4016004 kB
MemFree:         3227056 kB
Active:           432600 kB
Mem:          3.8G       770M       3.1G       5.7M        58M       319M

MemTotal:        4016004 kB
MemFree:         3227180 kB
Active:           432616 kB
Mem:          3.8G       770M       3.1G       5.7M        58M       319M

MemTotal:        4016004 kB
MemFree:         3227304 kB
Active:           432600 kB
Mem:          3.8G       770M       3.1G       5.7M        58M       319M

MemTotal:        4016004 kB
MemFree:         3227304 kB
Active:           432600 kB
Mem:          3.8G       770M       3.1G       5.7M        58M       319M

MemTotal:        4016004 kB
MemFree:         3226684 kB
Active:           432656 kB
Mem:          3.8G       770M       3.1G       5.7M        58M       319M

MemTotal:        4016004 kB
MemFree:         3226808 kB
Active:           432640 kB
Mem:          3.8G       770M       3.1G       5.7M        58M       319M

MemTotal:        4016004 kB
MemFree:         3226916 kB
Active:           432628 kB
Mem:          3.8G       770M       3.1G       5.7M        58M       319M

MemTotal:        4016004 kB
MemFree:         3226900 kB
Active:           432644 kB
Mem:          3.8G       770M       3.1G       5.7M        58M       319M

MemTotal:        4016004 kB
MemFree:         3226528 kB
Active:           432664 kB
Mem:          3.8G       770M       3.1G       5.7M        58M       319M

MemTotal:        4016004 kB
MemFree:         3226652 kB
Active:           432648 kB
Mem:          3.8G       770M       3.1G       5.7M        58M       319M

MemTotal:        4016004 kB
MemFree:         3226760 kB
Active:           432612 kB
Mem:          3.8G       770M       3.1G       5.7M        58M       319M

MemTotal:        4016004 kB
MemFree:         3226700 kB
Active:           432648 kB
Mem:          3.8G       770M       3.1G       5.7M        58M       319M

MemTotal:        4016004 kB
MemFree:         3226452 kB
Active:           432640 kB
Mem:          3.8G       771M       3.1G       5.7M        58M       319M

MemTotal:        4016004 kB
MemFree:         3226576 kB
Active:           432652 kB
Mem:          3.8G       771M       3.1G       5.7M        58M       319M

MemTotal:        4016004 kB
MemFree:         3226576 kB
Active:           432656 kB
Mem:          3.8G       770M       3.1G       5.7M        58M       319M

MemTotal:        4016004 kB
MemFree:         3227072 kB
Active:           432632 kB
Mem:          3.8G       770M       3.1G       5.7M        58M       319M

MemTotal:        4016004 kB
MemFree:         3226652 kB
Active:           430720 kB
Mem:          3.8G       770M       3.1G       5.7M        58M       319M

MemTotal:        4016004 kB
MemFree:         3227060 kB
Active:           432668 kB
Mem:          3.8G       770M       3.1G       5.7M        58M       319M

MemTotal:        4016004 kB
MemFree:         3226936 kB
Active:           432680 kB
Mem:          3.8G       770M       3.1G       5.7M        58M       319M

MemTotal:        4016004 kB
MemFree:         3227044 kB
Active:           432636 kB
Mem:          3.8G       770M       3.1G       5.7M        58M       319M

MemTotal:        4016004 kB
MemFree:         3226904 kB
Active:           432672 kB
Mem:          3.8G       770M       3.1G       5.7M        58M       319M

MemTotal:        4016004 kB
MemFree:         3226888 kB
Active:           432640 kB
Mem:          3.8G       770M       3.1G       5.7M        58M       319M

MemTotal:        4016004 kB
MemFree:         3226764 kB
Active:           432660 kB
Mem:          3.8G       770M       3.1G       5.7M        58M       319M

MemTotal:        4016004 kB
MemFree:         3226252 kB
Active:           432696 kB
Mem:          3.8G       770M       3.1G       5.7M        58M       319M

MemTotal:        4016004 kB
MemFree:         3226980 kB
Active:           432664 kB
Mem:          3.8G       770M       3.1G       5.7M        58M       319M

MemTotal:        4016004 kB
MemFree:         3226980 kB
Active:           432664 kB
Mem:          3.8G       770M       3.1G       5.7M        58M       319M

MemTotal:        4016004 kB
MemFree:         3226468 kB
Active:           432704 kB
Mem:          3.8G       770M       3.1G       5.7M        58M       319M

MemTotal:        4016004 kB
MemFree:         3226700 kB
Active:           432688 kB
Mem:          3.8G       771M       3.1G       5.7M        58M       319M

MemTotal:        4016004 kB
MemFree:         3226776 kB
Active:           432652 kB
Mem:          3.8G       770M       3.1G       5.7M        58M       319M

MemTotal:        4016004 kB
MemFree:         3226452 kB
Active:           432704 kB
Mem:          3.8G       771M       3.1G       5.7M        58M       319M

MemTotal:        4016004 kB
MemFree:         3226312 kB
Active:           432716 kB
Mem:          3.8G       771M       3.1G       5.7M        58M       319M

MemTotal:        4016004 kB
MemFree:         3225800 kB
Active:           432716 kB
Mem:          3.8G       771M       3.1G       5.7M        58M       319M

MemTotal:        4016004 kB
MemFree:         3225784 kB
Active:           432716 kB
Mem:          3.8G       771M       3.1G       5.7M        58M       319M

MemTotal:        4016004 kB
MemFree:         3226248 kB
Active:           432704 kB
Mem:          3.8G       771M       3.1G       5.7M        58M       319M

MemTotal:        4016004 kB
MemFree:         3182656 kB
Active:           433296 kB
Mem:          3.8G       814M       3.0G       5.7M        58M       362M

MemTotal:        4016004 kB
MemFree:         3132324 kB
Active:           433308 kB
Mem:          3.8G       863M       3.0G       5.7M        58M       410M

MemTotal:        4016004 kB
MemFree:         3082920 kB
Active:           431296 kB
Mem:          3.8G       911M       2.9G       5.7M        58M       457M

MemTotal:        4016004 kB
MemFree:         3033456 kB
Active:           433392 kB
Mem:          3.8G       959M       2.9G       5.7M        58M       505M

MemTotal:        4016004 kB
MemFree:         2989836 kB
Active:           433392 kB
Mem:          3.8G       1.0G       2.9G       5.7M        58M       546M

MemTotal:        4016004 kB
MemFree:         2985540 kB
Active:           433388 kB
Mem:          3.8G       1.0G       2.8G       5.7M        58M       551M

MemTotal:        4016004 kB
MemFree:         2934960 kB
Active:           433444 kB
Mem:          3.8G       1.0G       2.8G       5.7M        58M       599M

MemTotal:        4016004 kB
MemFree:         2884380 kB
Active:           433444 kB
Mem:          3.8G       1.1G       2.7G       5.7M        58M       647M

MemTotal:        4016004 kB
MemFree:         2833800 kB
Active:           433444 kB
Mem:          3.8G       1.1G       2.7G       5.7M        58M       696M

MemTotal:        4016004 kB
MemFree:         2783840 kB
Active:           433444 kB
Mem:          3.8G       1.2G       2.7G       5.7M        58M       744M

MemTotal:        4016004 kB
MemFree:         2772608 kB
Active:           433452 kB
Mem:          3.8G       1.2G       2.6G       5.7M        58M       754M

MemTotal:        4016004 kB
MemFree:         2770120 kB
Active:           433436 kB
Mem:          3.8G       1.2G       2.6G       5.7M        58M       757M

MemTotal:        4016004 kB
MemFree:         2721028 kB
Active:           431448 kB
Mem:          3.8G       1.2G       2.6G       5.7M        58M       805M

MemTotal:        4016004 kB
MemFree:         2670824 kB
Active:           433496 kB
Mem:          3.8G       1.3G       2.5G       5.7M        58M       853M

MemTotal:        4016004 kB
MemFree:         2621052 kB
Active:           433496 kB
Mem:          3.8G       1.3G       2.5G       5.7M        58M       901M

MemTotal:        4016004 kB
MemFree:         2570596 kB
Active:           433504 kB
Mem:          3.8G       1.4G       2.5G       5.7M        58M       949M

MemTotal:        4016004 kB
MemFree:         2520512 kB
Active:           433504 kB
Mem:          3.8G       1.4G       2.4G       5.7M        58M       998M

MemTotal:        4016004 kB
MemFree:         2469436 kB
Active:           433512 kB
Mem:          3.8G       1.5G       2.4G       5.7M        58M       1.0G

MemTotal:        4016004 kB
MemFree:         2421180 kB
Active:           433512 kB
Mem:          3.8G       1.5G       2.3G       5.7M        58M       1.1G

MemTotal:        4016004 kB
MemFree:         2403356 kB
Active:           433528 kB
Mem:          3.8G       1.5G       2.3G       5.7M        58M       1.1G

MemTotal:        4016004 kB
MemFree:         2353708 kB
Active:           433528 kB
Mem:          3.8G       1.6G       2.2G       5.7M        58M       1.1G

MemTotal:        4016004 kB
MemFree:         2321320 kB
Active:           433536 kB
Mem:          3.8G       1.6G       2.2G       5.7M        58M       1.2G

MemTotal:        4016004 kB
MemFree:         2274200 kB
Active:           433548 kB
Mem:          3.8G       1.7G       2.2G       5.7M        58M       1.2G

MemTotal:        4016004 kB
MemFree:         2223996 kB
Active:           433548 kB
Mem:          3.8G       1.7G       2.1G       5.7M        58M       1.3G

MemTotal:        4016004 kB
MemFree:         2174288 kB
Active:           433548 kB
Mem:          3.8G       1.8G       2.1G       5.7M        58M       1.3G

MemTotal:        4016004 kB
MemFree:         2124304 kB
Active:           433548 kB
Mem:          3.8G       1.8G       2.0G       5.7M        58M       1.3G

MemTotal:        4016004 kB
MemFree:         2073352 kB
Active:           433560 kB
Mem:          3.8G       1.9G       2.0G       5.7M        58M       1.4G

MemTotal:        4016004 kB
MemFree:         2023640 kB
Active:           433560 kB
Mem:          3.8G       1.9G       1.9G       5.7M        58M       1.4G

MemTotal:        4016004 kB
MemFree:         1973184 kB
Active:           433560 kB
Mem:          3.8G       1.9G       1.9G       5.7M        58M       1.5G

MemTotal:        4016004 kB
MemFree:         1922728 kB
Active:           433572 kB
Mem:          3.8G       2.0G       1.8G       5.7M        58M       1.5G

MemTotal:        4016004 kB
MemFree:         1872208 kB
Active:           433572 kB
Mem:          3.8G       2.0G       1.8G       5.7M        58M       1.6G

MemTotal:        4016004 kB
MemFree:         1821444 kB
Active:           433580 kB
Mem:          3.8G       2.1G       1.7G       5.7M        58M       1.6G

MemTotal:        4016004 kB
MemFree:         1786920 kB
Active:           433580 kB
Mem:          3.8G       2.1G       1.7G       5.7M        58M       1.7G

MemTotal:        4016004 kB
MemFree:         1785568 kB
Active:           433560 kB
Mem:          3.8G       2.1G       1.7G       5.7M        58M       1.7G

MemTotal:        4016004 kB
MemFree:         1754428 kB
Active:           433592 kB
Mem:          3.8G       2.2G       1.7G       5.7M        58M       1.7G

MemTotal:        4016004 kB
MemFree:         1741068 kB
Active:           433608 kB
Mem:          3.8G       2.2G       1.7G       5.7M        58M       1.7G

MemTotal:        4016004 kB
MemFree:         1720624 kB
Active:           433620 kB
Mem:          3.8G       2.2G       1.6G       5.7M        58M       1.7G

MemTotal:        4016004 kB
MemFree:         1670044 kB
Active:           433624 kB
Mem:          3.8G       2.2G       1.6G       5.7M        58M       1.8G

MemTotal:        4016004 kB
MemFree:         1620332 kB
Active:           433624 kB
Mem:          3.8G       2.3G       1.5G       5.7M        58M       1.8G

MemTotal:        4016004 kB
MemFree:         1569380 kB
Active:           433624 kB
Mem:          3.8G       2.3G       1.5G       5.7M        58M       1.9G

MemTotal:        4016004 kB
MemFree:         1517556 kB
Active:           433620 kB
Mem:          3.8G       2.4G       1.4G       5.7M        58M       1.9G

MemTotal:        4016004 kB
MemFree:         1467100 kB
Active:           435668 kB
Mem:          3.8G       2.4G       1.4G       5.7M        58M       2.0G

MemTotal:        4016004 kB
MemFree:         1416656 kB
Active:           435668 kB
Mem:          3.8G       2.5G       1.4G       5.7M        58M       2.0G

MemTotal:        4016004 kB
MemFree:         1366808 kB
Active:           435672 kB
Mem:          3.8G       2.5G       1.3G       5.7M        58M       2.1G

MemTotal:        4016004 kB
MemFree:         1343208 kB
Active:           435672 kB
Mem:          3.8G       2.5G       1.3G       5.7M        58M       2.1G

MemTotal:        4016004 kB
MemFree:         1343088 kB
Active:           435688 kB
Mem:          3.8G       2.5G       1.3G       5.7M        58M       2.1G

MemTotal:        4016004 kB
MemFree:         1343276 kB
Active:           435700 kB
Mem:          3.8G       2.5G       1.3G       5.7M        58M       2.1G

MemTotal:        4016004 kB
MemFree:         1326788 kB
Active:           435708 kB
Mem:          3.8G       2.6G       1.3G       5.7M        58M       2.1G

MemTotal:        4016004 kB
MemFree:         1276860 kB
Active:           435724 kB
Mem:          3.8G       2.6G       1.2G       5.7M        58M       2.1G

MemTotal:        4016004 kB
MemFree:         1225904 kB
Active:           433880 kB
Mem:          3.8G       2.7G       1.2G       5.7M        58M       2.2G

MemTotal:        4016004 kB
MemFree:         1175944 kB
Active:           437776 kB
Mem:          3.8G       2.7G       1.1G       5.7M        58M       2.2G

MemTotal:        4016004 kB
MemFree:         1125736 kB
Active:           437784 kB
Mem:          3.8G       2.8G       1.1G       5.7M        58M       2.3G

MemTotal:        4016004 kB
MemFree:         1075404 kB
Active:           437764 kB
Mem:          3.8G       2.8G       1.0G       5.7M        58M       2.3G

MemTotal:        4016004 kB
MemFree:         1024080 kB
Active:           437748 kB
Mem:          3.8G       2.9G       999M       5.7M        58M       2.4G

MemTotal:        4016004 kB
MemFree:          992656 kB
Active:           437788 kB
Mem:          3.8G       2.9G       968M       5.7M        58M       2.4G

MemTotal:        4016004 kB
MemFree:          965780 kB
Active:           437776 kB
Mem:          3.8G       2.9G       942M       5.7M        58M       2.4G

MemTotal:        4016004 kB
MemFree:          915820 kB
Active:           437788 kB
Mem:          3.8G       3.0G       893M       5.7M        58M       2.5G

MemTotal:        4016004 kB
MemFree:          865140 kB
Active:           437800 kB
Mem:          3.8G       3.0G       844M       5.7M        58M       2.5G

MemTotal:        4016004 kB
MemFree:          815372 kB
Active:           437792 kB
Mem:          3.8G       3.1G       795M       5.7M        58M       2.6G

MemTotal:        4016004 kB
MemFree:          765428 kB
Active:           437812 kB
Mem:          3.8G       3.1G       746M       5.7M        58M       2.6G

MemTotal:        4016004 kB
MemFree:          715368 kB
Active:           437824 kB
Mem:          3.8G       3.1G       697M       5.7M        58M       2.7G

MemTotal:        4016004 kB
MemFree:          665632 kB
Active:           437824 kB
Mem:          3.8G       3.2G       649M       5.7M        58M       2.7G

MemTotal:        4016004 kB
MemFree:          615192 kB
Active:           437856 kB
Mem:          3.8G       3.2G       600M       5.7M        58M       2.8G

MemTotal:        4016004 kB
MemFree:          564612 kB
Active:           437840 kB
Mem:          3.8G       3.3G       550M       5.7M        58M       2.8G

MemTotal:        4016004 kB
MemFree:          552568 kB
Active:           437852 kB
Mem:          3.8G       3.3G       539M       5.7M        58M       2.8G

MemTotal:        4016004 kB
MemFree:          502236 kB
Active:           437912 kB
Mem:          3.8G       3.4G       489M       5.7M        58M       2.9G

MemTotal:        4016004 kB
MemFree:          484820 kB
Active:           437872 kB
Mem:          3.8G       3.4G       473M       5.7M        58M       2.9G

MemTotal:        4016004 kB
MemFree:          484476 kB
Active:           437940 kB
Mem:          3.8G       3.4G       473M       5.7M        58M       2.9G

MemTotal:        4016004 kB
MemFree:          482648 kB
Active:           437944 kB
Mem:          3.8G       3.4G       471M       5.7M        58M       2.9G

MemTotal:        4016004 kB
MemFree:          473216 kB
Active:           439992 kB
Mem:          3.8G       3.4G       461M       5.7M        58M       2.9G

MemTotal:        4016004 kB
MemFree:          423536 kB
Active:           440004 kB
Mem:          3.8G       3.4G       412M       5.7M        58M       2.9G

MemTotal:        4016004 kB
MemFree:          373592 kB
Active:           439824 kB
Mem:          3.8G       3.5G       363M       5.7M        58M       3.0G

MemTotal:        4016004 kB
MemFree:          323600 kB
Active:           439852 kB
Mem:          3.8G       3.5G       314M       5.7M        58M       3.0G

MemTotal:        4016004 kB
MemFree:          272308 kB
Active:           439824 kB
Mem:          3.8G       3.6G       265M       5.7M        58M       3.1G

MemTotal:        4016004 kB
MemFree:          222968 kB
Active:           439848 kB
Mem:          3.8G       3.6G       216M       5.7M        58M       3.1G

MemTotal:        4016004 kB
MemFree:          173256 kB
Active:           439880 kB
Mem:          3.8G       3.7G       168M       5.7M        58M       3.2G

MemTotal:        4016004 kB
MemFree:          136192 kB
Active:           439876 kB
Mem:          3.8G       3.7G       132M       5.7M        58M       3.2G

MemTotal:        4016004 kB
MemFree:          133240 kB
Active:           437012 kB
Mem:          3.8G       3.7G       127M       5.7M        26M       3.2G

MemTotal:        4016004 kB
MemFree:          114268 kB
Active:           441852 kB
Mem:          3.8G       3.7G       111M       5.7M        26M       3.3G

MemTotal:        4016004 kB
MemFree:          113136 kB
Active:           451516 kB
Mem:          3.8G       3.7G       108M       5.7M        25M       3.3G

MemTotal:        4016004 kB
MemFree:          146160 kB
Active:           497568 kB
Mem:          3.8G       3.7G       142M       5.7M        25M       3.2G

MemTotal:        4016004 kB
MemFree:          145816 kB
Active:           497580 kB
Mem:          3.8G       3.7G       142M       5.7M        25M       3.2G

MemTotal:        4016004 kB
MemFree:          107884 kB
Active:           497604 kB
Mem:          3.8G       3.7G       104M       5.7M        25M       3.3G

MemTotal:        4016004 kB
MemFree:          120492 kB
Active:           491784 kB
Mem:          3.8G       3.7G       116M       5.7M        25M       3.3G

MemTotal:        4016004 kB
MemFree:          105360 kB
Active:           486252 kB
Mem:          3.8G       3.7G       125M       5.7M        25M       3.2G

MemTotal:        4016004 kB
MemFree:          116284 kB
Active:           481052 kB
Mem:          3.8G       3.7G       112M       5.7M        25M       3.3G

MemTotal:        4016004 kB
MemFree:          126524 kB
Active:           475684 kB
Mem:          3.8G       3.7G       122M       5.7M        25M       3.3G

MemTotal:        4016004 kB
MemFree:          134812 kB
Active:           466380 kB
Mem:          3.8G       3.7G       131M       5.7M        25M       3.2G

MemTotal:        4016004 kB
MemFree:          122132 kB
Active:           462852 kB
Mem:          3.8G       3.7G       118M       5.7M        25M       3.3G

MemTotal:        4016004 kB
MemFree:          120840 kB
Active:           461180 kB
Mem:          3.8G       3.7G       116M       5.7M        25M       3.3G

MemTotal:        4016004 kB
MemFree:          105956 kB
Active:           459944 kB
Mem:          3.8G       3.7G       105M       5.7M        25M       3.3G

MemTotal:        4016004 kB
MemFree:          129500 kB
Active:           457640 kB
Mem:          3.8G       3.7G       126M       5.7M        25M       3.2G

MemTotal:        4016004 kB
MemFree:          129004 kB
Active:           457652 kB
Mem:          3.8G       3.7G       125M       5.7M        25M       3.2G

MemTotal:        4016004 kB
MemFree:          123120 kB
Active:           456400 kB
Mem:          3.8G       3.7G       124M       5.7M        25M       3.2G

MemTotal:        4016004 kB
MemFree:          135328 kB
Active:           452688 kB
Mem:          3.8G       3.7G       130M       5.7M        25M       3.2G

MemTotal:        4016004 kB
MemFree:          120144 kB
Active:           451432 kB
Mem:          3.8G       3.7G       116M       5.7M        25M       3.3G

MemTotal:        4016004 kB
MemFree:          117552 kB
Active:           449512 kB
Mem:          3.8G       3.7G       113M       5.7M        25M       3.3G

MemTotal:        4016004 kB
MemFree:          129344 kB
Active:           447428 kB
Mem:          3.8G       3.7G       125M       5.7M        25M       3.2G

MemTotal:        4016004 kB
MemFree:          115716 kB
Active:           446320 kB
Mem:          3.8G       3.7G       112M       5.7M        25M       3.3G

MemTotal:        4016004 kB
MemFree:          116224 kB
Active:           442428 kB
Mem:          3.8G       3.7G       113M       5.7M        25M       3.3G

MemTotal:        4016004 kB
MemFree:          115120 kB
Active:           439264 kB
Mem:          3.8G       3.7G       111M       5.7M        25M       3.3G

MemTotal:        4016004 kB
MemFree:          124916 kB
Active:           437644 kB
Mem:          3.8G       3.7G       131M       5.7M        25M       3.2G

MemTotal:        4016004 kB
MemFree:          127772 kB
Active:           435596 kB
Mem:          3.8G       3.7G       124M       5.7M        25M       3.2G

MemTotal:        4016004 kB
MemFree:          114352 kB
Active:           435488 kB
Mem:          3.8G       3.7G       111M       5.7M        25M       3.3G

MemTotal:        4016004 kB
MemFree:          124680 kB
Active:           431784 kB
Mem:          3.8G       3.7G       131M       5.7M        25M       3.2G

MemTotal:        4016004 kB
MemFree:          127868 kB
Active:           430612 kB
Mem:          3.8G       3.7G       123M       5.7M        25M       3.2G

MemTotal:        4016004 kB
MemFree:          122740 kB
Active:           429000 kB
Mem:          3.8G       3.7G       119M       5.7M        25M       3.3G

MemTotal:        4016004 kB
MemFree:          126100 kB
Active:           429132 kB
Mem:          3.8G       3.7G       122M       5.7M        25M       3.2G

MemTotal:        4016004 kB
MemFree:          112580 kB
Active:           427980 kB
Mem:          3.8G       3.7G       109M       5.7M        25M       3.3G

MemTotal:        4016004 kB
MemFree:          134664 kB
Active:           425676 kB
Mem:          3.8G       3.7G       130M       5.7M        25M       3.2G

MemTotal:        4016004 kB
MemFree:          131700 kB
Active:           423764 kB
Mem:          3.8G       3.7G       127M       5.7M        25M       3.2G

MemTotal:        4016004 kB
MemFree:          132608 kB
Active:           422100 kB
Mem:          3.8G       3.7G       128M       5.7M        25M       3.2G

MemTotal:        4016004 kB
MemFree:          107484 kB
Active:           421612 kB
Mem:          3.8G       3.7G       103M       5.7M        25M       3.3G

MemTotal:        4016004 kB
MemFree:          118092 kB
Active:           419820 kB
Mem:          3.8G       3.7G       114M       5.7M        25M       3.3G

MemTotal:        4016004 kB
MemFree:          127628 kB
Active:           419184 kB
Mem:          3.8G       3.7G       124M       5.7M        25M       3.2G

MemTotal:        4016004 kB
MemFree:          127548 kB
Active:           419068 kB
Mem:          3.8G       3.7G       123M       5.7M        25M       3.2G

MemTotal:        4016004 kB
MemFree:          113272 kB
Active:           417920 kB
Mem:          3.8G       3.7G       109M       5.7M        25M       3.3G

MemTotal:        4016004 kB
MemFree:          128840 kB
Active:           415744 kB
Mem:          3.8G       3.7G       125M       5.7M        25M       3.2G

MemTotal:        4016004 kB
MemFree:          133400 kB
Active:           413808 kB
Mem:          3.8G       3.7G       129M       5.7M        25M       3.2G

MemTotal:        4016004 kB
MemFree:          138836 kB
Active:           410128 kB
Mem:          3.8G       3.7G       134M       5.7M        25M       3.2G

MemTotal:        4016004 kB
MemFree:          125396 kB
Active:           409032 kB
Mem:          3.8G       3.7G       121M       5.7M        25M       3.2G

MemTotal:        4016004 kB
MemFree:          105288 kB
Active:           407864 kB
Mem:          3.8G       3.7G       125M       5.7M        25M       3.2G

MemTotal:        4016004 kB
MemFree:          124180 kB
Active:           406348 kB
Mem:          3.8G       3.7G       120M       5.7M        25M       3.2G

MemTotal:        4016004 kB
MemFree:          134960 kB
Active:           404644 kB
Mem:          3.8G       3.7G       131M       5.7M        25M       3.2G

MemTotal:        4016004 kB
MemFree:          122584 kB
Active:           404548 kB
Mem:          3.8G       3.7G       119M       5.7M        25M       3.2G

MemTotal:        4016004 kB
MemFree:          123508 kB
Active:           402788 kB
Mem:          3.8G       3.7G       120M       5.7M        25M       3.2G

MemTotal:        4016004 kB
MemFree:          109888 kB
Active:           401304 kB
Mem:          3.8G       3.7G       106M       5.7M        25M       3.3G

MemTotal:        4016004 kB
MemFree:          120520 kB
Active:           399652 kB
Mem:          3.8G       3.7G       116M       5.7M        25M       3.3G

MemTotal:        4016004 kB
MemFree:          124676 kB
Active:           397932 kB
Mem:          3.8G       3.7G       121M       5.7M        25M       3.2G

MemTotal:        4016004 kB
MemFree:          117932 kB
Active:           396332 kB
Mem:          3.8G       3.7G       113M       5.7M        25M       3.3G

MemTotal:        4016004 kB
MemFree:          104924 kB
Active:           395292 kB
Mem:          3.8G       3.7G       124M       5.7M        25M       3.2G

MemTotal:        4016004 kB
MemFree:          134964 kB
Active:           392368 kB
Mem:          3.8G       3.7G       131M       5.7M        25M       3.2G

MemTotal:        4016004 kB
MemFree:          140536 kB
Active:           390028 kB
Mem:          3.8G       3.7G       136M       5.7M        25M       3.2G

MemTotal:        4016004 kB
MemFree:          115300 kB
Active:           390044 kB
Mem:          3.8G       3.7G       111M       5.7M        25M       3.3G

MemTotal:        4016004 kB
MemFree:          109164 kB
Active:           386992 kB
Mem:          3.8G       3.7G       106M       5.7M        25M       3.3G

MemTotal:        4016004 kB
MemFree:          112564 kB
Active:           388316 kB
Mem:          3.8G       3.7G       109M       5.7M        25M       3.3G

MemTotal:        4016004 kB
MemFree:          134940 kB
Active:           386088 kB
Mem:          3.8G       3.7G       131M       5.7M        25M       3.2G

MemTotal:        4016004 kB
MemFree:          123404 kB
Active:           384804 kB
Mem:          3.8G       3.7G       120M       5.7M        25M       3.2G

MemTotal:        4016004 kB
MemFree:          132500 kB
Active:           383792 kB
Mem:          3.8G       3.7G       128M       5.7M        25M       3.2G

MemTotal:        4016004 kB
MemFree:          131992 kB
Active:           382176 kB
Mem:          3.8G       3.7G       128M       5.7M        25M       3.2G

MemTotal:        4016004 kB
MemFree:          119232 kB
Active:           380792 kB
Mem:          3.8G       3.7G       115M       5.7M        25M       3.3G

MemTotal:        4016004 kB
MemFree:          111772 kB
Active:           379360 kB
Mem:          3.8G       3.7G       124M       5.7M        25M       3.2G

MemTotal:        4016004 kB
MemFree:          127476 kB
Active:           377936 kB
Mem:          3.8G       3.7G       122M       5.7M        25M       3.2G

MemTotal:        4016004 kB
MemFree:          125836 kB
Active:           377728 kB
Mem:          3.8G       3.7G       122M       5.7M        25M       3.2G

MemTotal:        4016004 kB
MemFree:          106264 kB
Active:           377456 kB
Mem:          3.8G       3.7G       102M       5.7M        25M       3.3G

MemTotal:        4016004 kB
MemFree:          124844 kB
Active:           377436 kB
Mem:          3.8G       3.7G       121M       5.7M        25M       3.2G

MemTotal:        4016004 kB
MemFree:          125132 kB
Active:           377488 kB
Mem:          3.8G       3.7G       121M       5.7M        25M       3.2G

MemTotal:        4016004 kB
MemFree:          113572 kB
Active:           377300 kB
Mem:          3.8G       3.7G       110M       5.7M        25M       3.3G

MemTotal:        4016004 kB
MemFree:          130832 kB
Active:           377360 kB
Mem:          3.8G       3.7G       126M       5.7M        25M       3.2G

MemTotal:        4016004 kB
MemFree:          117080 kB
Active:           377360 kB
Mem:          3.8G       3.7G       113M       5.7M        25M       3.3G

MemTotal:        4016004 kB
MemFree:          121928 kB
Active:           377360 kB
Mem:          3.8G       3.7G       118M       5.7M        25M       3.2G

MemTotal:        4016004 kB
MemFree:          108920 kB
Active:           377360 kB
Mem:          3.8G       3.7G       104M       5.7M        25M       3.3G

MemTotal:        4016004 kB
MemFree:          131516 kB
Active:           377364 kB
Mem:          3.8G       3.7G       127M       5.7M        25M       3.2G

MemTotal:        4016004 kB
MemFree:          106540 kB
Active:           377376 kB
Mem:          3.8G       3.7G       103M       5.7M        25M       3.3G

MemTotal:        4016004 kB
MemFree:          134164 kB
Active:           377376 kB
Mem:          3.8G       3.7G       131M       5.7M        25M       3.2G

MemTotal:        4016004 kB
MemFree:          106320 kB
Active:           377388 kB
Mem:          3.8G       3.7G       102M       5.7M        25M       3.3G

MemTotal:        4016004 kB
MemFree:          131464 kB
Active:           377392 kB
Mem:          3.8G       3.7G       128M       5.7M        25M       3.2G

MemTotal:        4016004 kB
MemFree:          132276 kB
Active:           377396 kB
Mem:          3.8G       3.7G       128M       5.7M        25M       3.2G

MemTotal:        4016004 kB
MemFree:          119428 kB
Active:           377400 kB
Mem:          3.8G       3.7G       115M       5.7M        25M       3.3G

MemTotal:        4016004 kB
MemFree:          117704 kB
Active:           377404 kB
Mem:          3.8G       3.7G       113M       5.7M        25M       3.3G

MemTotal:        4016004 kB
MemFree:          117592 kB
Active:           377412 kB
Mem:          3.8G       3.7G       114M       5.7M        25M       3.3G

MemTotal:        4016004 kB
MemFree:          129096 kB
Active:           376396 kB
Mem:          3.8G       3.7G       125M       5.7M        25M       3.2G

MemTotal:        4016004 kB
MemFree:          126232 kB
Active:           377472 kB
Mem:          3.8G       3.7G       122M       5.7M        25M       3.2G

MemTotal:        4016004 kB
MemFree:          105536 kB
Active:           377472 kB
Mem:          3.8G       3.7G       124M       5.7M        25M       3.2G

MemTotal:        4016004 kB
MemFree:          121700 kB
Active:           377348 kB
Mem:          3.8G       3.7G       118M       5.7M        25M       3.2G

MemTotal:        4016004 kB
MemFree:          123168 kB
Active:           377356 kB
Mem:          3.8G       3.7G       120M       5.7M        25M       3.2G

MemTotal:        4016004 kB
MemFree:          106880 kB
Active:           377368 kB
Mem:          3.8G       3.7G       103M       5.7M        25M       3.3G

MemTotal:        4016004 kB
MemFree:          129744 kB
Active:           377252 kB
Mem:          3.8G       3.7G       126M       5.7M        25M       3.2G

MemTotal:        4016004 kB
MemFree:          117144 kB
Active:           377252 kB
Mem:          3.8G       3.7G       113M       5.7M        25M       3.3G

MemTotal:        4016004 kB
MemFree:          128072 kB
Active:           377252 kB
Mem:          3.8G       3.7G       124M       5.7M        25M       3.2G

MemTotal:        4016004 kB
MemFree:          114568 kB
Active:           377260 kB
Mem:          3.8G       3.7G       110M       5.7M        25M       3.3G

MemTotal:        4016004 kB
MemFree:          124624 kB
Active:           377248 kB
Mem:          3.8G       3.7G       120M       5.7M        25M       3.2G

MemTotal:        4016004 kB
MemFree:          134432 kB
Active:           377248 kB
Mem:          3.8G       3.7G       130M       5.7M        25M       3.2G

MemTotal:        4016004 kB
MemFree:          120804 kB
Active:           377248 kB
Mem:          3.8G       3.7G       117M       5.7M        25M       3.2G

MemTotal:        4016004 kB
MemFree:          107052 kB
Active:           377252 kB
Mem:          3.8G       3.7G       104M       5.7M        25M       3.3G

MemTotal:        4016004 kB
MemFree:          111868 kB
Active:           377264 kB
Mem:          3.8G       3.7G       108M       5.7M        25M       3.3G

MemTotal:        4016004 kB
MemFree:          133892 kB
Active:           377264 kB
Mem:          3.8G       3.7G       129M       5.7M        25M       3.2G

MemTotal:        4016004 kB
MemFree:          117756 kB
Active:           377268 kB
Mem:          3.8G       3.7G       114M       5.7M        25M       3.2G

MemTotal:        4016004 kB
MemFree:          116252 kB
Active:           370732 kB
Mem:          3.8G       3.7G       112M       5.7M        25M       3.3G

MemTotal:        4016004 kB
MemFree:          128408 kB
Active:           370732 kB
Mem:          3.8G       3.7G       125M       5.7M        26M       3.2G

MemTotal:        4016004 kB
MemFree:          128724 kB
Active:           370724 kB
Mem:          3.8G       3.7G       125M       5.7M        26M       3.2G

MemTotal:        4016004 kB
MemFree:          117456 kB
Active:           370740 kB
Mem:          3.8G       3.7G       113M       5.7M        26M       3.3G

MemTotal:        4016004 kB
MemFree:          115732 kB
Active:           370744 kB
Mem:          3.8G       3.7G       112M       5.7M        26M       3.3G

MemTotal:        4016004 kB
MemFree:          126864 kB
Active:           370744 kB
Mem:          3.8G       3.7G       123M       5.7M        26M       3.2G

MemTotal:        4016004 kB
MemFree:          125636 kB
Active:           370752 kB
Mem:          3.8G       3.7G       122M       5.7M        26M       3.2G

MemTotal:        4016004 kB
MemFree:          105724 kB
Active:           370752 kB
Mem:          3.8G       3.7G       102M       5.7M        26M       3.3G

MemTotal:        4016004 kB
MemFree:          129280 kB
Active:           370752 kB
Mem:          3.8G       3.7G       125M       5.7M        26M       3.2G

MemTotal:        4016004 kB
MemFree:          113768 kB
Active:           370768 kB
Mem:          3.8G       3.7G       111M       5.7M        26M       3.3G

MemTotal:        4016004 kB
MemFree:          132160 kB
Active:           370780 kB
Mem:          3.8G       3.7G       129M       5.7M        26M       3.2G

MemTotal:        4016004 kB
MemFree:          132248 kB
Active:           370732 kB
Mem:          3.8G       3.7G       129M       5.7M        26M       3.2G

MemTotal:        4016004 kB
MemFree:          131888 kB
Active:           370256 kB
Mem:          3.8G       3.7G       128M       5.7M        26M       3.2G

MemTotal:        4016004 kB
MemFree:          119004 kB
Active:           370256 kB
Mem:          3.8G       3.7G       115M       5.7M        26M       3.2G

MemTotal:        4016004 kB
MemFree:          117032 kB
Active:           370264 kB
Mem:          3.8G       3.7G       113M       5.7M        26M       3.2G

MemTotal:        4016004 kB
MemFree:          121508 kB
Active:           370264 kB
Mem:          3.8G       3.7G       117M       5.7M        26M       3.2G

MemTotal:        4016004 kB
MemFree:          107260 kB
Active:           370264 kB
Mem:          3.8G       3.7G       103M       5.7M        26M       3.3G

MemTotal:        4016004 kB
MemFree:          135132 kB
Active:           370264 kB
Mem:          3.8G       3.7G       131M       5.7M        26M       3.2G

MemTotal:        4016004 kB
MemFree:          130608 kB
Active:           370220 kB
Mem:          3.8G       3.7G       127M       5.7M        26M       3.2G

MemTotal:        4016004 kB
MemFree:          132080 kB
Active:           370256 kB
Mem:          3.8G       3.7G       132M       5.7M        26M       3.2G

MemTotal:        4016004 kB
MemFree:          129056 kB
Active:           368044 kB
Mem:          3.8G       3.7G       124M       5.7M        26M       3.2G

MemTotal:        4016004 kB
MemFree:          127904 kB
Active:           367992 kB
Mem:          3.8G       3.7G       123M       5.7M        26M       3.2G

MemTotal:        4016004 kB
MemFree:          119060 kB
Active:           367988 kB
Mem:          3.8G       3.7G       115M       5.7M        26M       3.2G

MemTotal:        4016004 kB
MemFree:          112216 kB
Active:           367996 kB
Mem:          3.8G       3.7G       109M       5.7M        26M       3.3G

MemTotal:        4016004 kB
MemFree:          112352 kB
Active:           368008 kB
Mem:          3.8G       3.7G       109M       5.7M        26M       3.3G

MemTotal:        4016004 kB
MemFree:          110828 kB
Active:           368020 kB
Mem:          3.8G       3.7G       106M       5.7M        26M       3.3G

MemTotal:        4016004 kB
MemFree:          113556 kB
Active:           368020 kB
Mem:          3.8G       3.7G       109M       5.7M        26M       3.3G

MemTotal:        4016004 kB
MemFree:          134984 kB
Active:           368000 kB
Mem:          3.8G       3.7G       131M       5.7M        26M       3.2G

MemTotal:        4016004 kB
MemFree:          122728 kB
Active:           368008 kB
Mem:          3.8G       3.7G       119M       5.7M        26M       3.2G

MemTotal:        4016004 kB
MemFree:          121764 kB
Active:           368040 kB
Mem:          3.8G       3.7G       117M       5.7M        26M       3.2G

MemTotal:        4016004 kB
MemFree:          125964 kB
Active:           362480 kB
Mem:          3.8G       3.7G       122M       5.7M        26M       3.2G

MemTotal:        4016004 kB
MemFree:          105828 kB
Active:           362512 kB
Mem:          3.8G       3.7G       125M       5.7M        26M       3.2G

MemTotal:        4016004 kB
MemFree:          104792 kB
Active:           362496 kB
Mem:          3.8G       3.7G       123M       5.7M        26M       3.2G

MemTotal:        4016004 kB
MemFree:          131368 kB
Active:           362552 kB
Mem:          3.8G       3.7G       127M       5.7M        26M       3.2G

MemTotal:        4016004 kB
MemFree:          118484 kB
Active:           362540 kB
Mem:          3.8G       3.7G       114M       5.7M        26M       3.2G

MemTotal:        4016004 kB
MemFree:          132500 kB
Active:           362556 kB
Mem:          3.8G       3.7G       129M       5.7M        26M       3.2G

MemTotal:        4016004 kB
MemFree:          106304 kB
Active:           362568 kB
Mem:          3.8G       3.7G       103M       5.7M        26M       3.3G

MemTotal:        4016004 kB
MemFree:          129336 kB
Active:           362568 kB
Mem:          3.8G       3.7G       125M       5.7M        26M       3.2G

MemTotal:        4016004 kB
MemFree:          117108 kB
Active:           362568 kB
Mem:          3.8G       3.7G       112M       5.7M        26M       3.2G

MemTotal:        4016004 kB
MemFree:          115056 kB
Active:           362536 kB
Mem:          3.8G       3.7G       110M       5.7M        26M       3.3G

MemTotal:        4016004 kB
MemFree:          128468 kB
Active:           359028 kB
Mem:          3.8G       3.7G       124M       5.7M        26M       3.2G

MemTotal:        4016004 kB
MemFree:          126720 kB
Active:           358928 kB
Mem:          3.8G       3.7G       122M       5.7M        26M       3.2G

MemTotal:        4016004 kB
MemFree:          123944 kB
Active:           358968 kB
Mem:          3.8G       3.7G       120M       5.7M        26M       3.2G

MemTotal:        4016004 kB
MemFree:          135524 kB
Active:           358960 kB
Mem:          3.8G       3.7G       131M       5.7M        26M       3.2G

MemTotal:        4016004 kB
MemFree:          125352 kB
Active:           358968 kB
Mem:          3.8G       3.7G       121M       5.7M        26M       3.2G

MemTotal:        4016004 kB
MemFree:          118468 kB
Active:           358972 kB
Mem:          3.8G       3.7G       114M       5.7M        26M       3.2G

MemTotal:        4016004 kB
MemFree:          124292 kB
Active:           358960 kB
Mem:          3.8G       3.7G       131M       5.7M        26M       3.2G

MemTotal:        4016004 kB
MemFree:          135404 kB
Active:           358964 kB
Mem:          3.8G       3.7G       131M       5.7M        26M       3.2G

MemTotal:        4016004 kB
MemFree:          135180 kB
Active:           359004 kB
Mem:          3.8G       3.7G       132M       5.7M        26M       3.2G

MemTotal:        4016004 kB
MemFree:          129624 kB
Active:           358964 kB
Mem:          3.8G       3.7G       125M       5.7M        26M       3.2G

MemTotal:        4016004 kB
MemFree:          115376 kB
Active:           359012 kB
Mem:          3.8G       3.7G       112M       5.7M        26M       3.2G

MemTotal:        4016004 kB
MemFree:          127352 kB
Active:           359012 kB
Mem:          3.8G       3.7G       123M       5.7M        26M       3.2G

MemTotal:        4016004 kB
MemFree:          124760 kB
Active:           359020 kB
Mem:          3.8G       3.7G       121M       5.7M        26M       3.2G

MemTotal:        4016004 kB
MemFree:          104996 kB
Active:           359028 kB
Mem:          3.8G       3.7G       124M       5.7M        26M       3.2G

MemTotal:        4016004 kB
MemFree:          128628 kB
Active:           357844 kB
Mem:          3.8G       3.7G       124M       5.7M        26M       3.2G

MemTotal:        4016004 kB
MemFree:          126984 kB
Active:           357656 kB
Mem:          3.8G       3.7G       123M       5.7M        26M       3.2G

MemTotal:        4016004 kB
MemFree:          127020 kB
Active:           357656 kB
Mem:          3.8G       3.7G       123M       5.7M        26M       3.2G

MemTotal:        4016004 kB
MemFree:          128836 kB
Active:           357664 kB
Mem:          3.8G       3.7G       125M       5.7M        26M       3.2G

MemTotal:        4016004 kB
MemFree:          130464 kB
Active:           357676 kB
Mem:          3.8G       3.7G       126M       5.7M        26M       3.2G

MemTotal:        4016004 kB
MemFree:          116312 kB
Active:           357676 kB
Mem:          3.8G       3.7G       113M       5.7M        26M       3.2G

MemTotal:        4016004 kB
MemFree:          114224 kB
Active:           357676 kB
Mem:          3.8G       3.7G       110M       5.7M        26M       3.2G

MemTotal:        4016004 kB
MemFree:          112160 kB
Active:           357676 kB
Mem:          3.8G       3.7G       108M       5.7M        26M       3.3G

MemTotal:        4016004 kB
MemFree:          123208 kB
Active:           357688 kB
Mem:          3.8G       3.7G       118M       5.7M        26M       3.2G

MemTotal:        4016004 kB
MemFree:          127272 kB
Active:           357688 kB
Mem:          3.8G       3.7G       123M       5.7M        26M       3.2G

MemTotal:        4016004 kB
MemFree:          119180 kB
Active:           357688 kB
Mem:          3.8G       3.7G       116M       5.7M        26M       3.2G

MemTotal:        4016004 kB
MemFree:          107364 kB
Active:           357688 kB
Mem:          3.8G       3.7G       104M       5.7M        26M       3.3G

MemTotal:        4016004 kB
MemFree:          105820 kB
Active:           354564 kB
Mem:          3.8G       3.7G       118M       5.7M        26M       3.2G

MemTotal:        4016004 kB
MemFree:          112448 kB
Active:           354312 kB
Mem:          3.8G       3.7G       108M       5.7M        26M       3.2G

MemTotal:        4016004 kB
MemFree:          115000 kB
Active:           354312 kB
Mem:          3.8G       3.7G       112M       5.7M        26M       3.2G

MemTotal:        4016004 kB
MemFree:          120444 kB
Active:           354324 kB
Mem:          3.8G       3.7G       116M       5.7M        26M       3.2G

MemTotal:        4016004 kB
MemFree:          124180 kB
Active:           354324 kB
Mem:          3.8G       3.7G       120M       5.7M        26M       3.2G

MemTotal:        4016004 kB
MemFree:          116388 kB
Active:           354324 kB
Mem:          3.8G       3.7G       113M       5.7M        26M       3.2G

MemTotal:        4016004 kB
MemFree:          130172 kB
Active:           354332 kB
Mem:          3.8G       3.7G       125M       5.7M        26M       3.2G

MemTotal:        4016004 kB
MemFree:          116528 kB
Active:           354332 kB
Mem:          3.8G       3.7G       112M       5.7M        26M       3.2G

MemTotal:        4016004 kB
MemFree:          127096 kB
Active:           354332 kB
Mem:          3.8G       3.7G       123M       5.7M        26M       3.2G

MemTotal:        4016004 kB
MemFree:          125812 kB
Active:           354332 kB
Mem:          3.8G       3.7G       121M       5.7M        26M       3.2G

MemTotal:        4016004 kB
MemFree:          119184 kB
Active:           354340 kB
Mem:          3.8G       3.7G       115M       5.7M        26M       3.2G

MemTotal:        4016004 kB
MemFree:          106360 kB
Active:           354340 kB
Mem:          3.8G       3.7G       103M       5.7M        26M       3.3G

MemTotal:        4016004 kB
MemFree:          122492 kB
Active:           354352 kB
Mem:          3.8G       3.7G       119M       5.7M        26M       3.2G

MemTotal:        4016004 kB
MemFree:          126588 kB
Active:           354352 kB
Mem:          3.8G       3.7G       122M       5.7M        26M       3.2G

MemTotal:        4016004 kB
MemFree:          135004 kB
Active:           354352 kB
Mem:          3.8G       3.7G       132M       5.7M        26M       3.2G

MemTotal:        4016004 kB
MemFree:          143192 kB
Active:           354376 kB
Mem:          3.8G       3.7G       138M       5.7M        26M       3.2G

MemTotal:        4016004 kB
MemFree:          130316 kB
Active:           353852 kB
Mem:          3.8G       3.7G       126M       5.7M        26M       3.2G

MemTotal:        4016004 kB
MemFree:          118936 kB
Active:           353864 kB
Mem:          3.8G       3.7G       115M       5.7M        26M       3.2G

MemTotal:        4016004 kB
MemFree:          115412 kB
Active:           353864 kB
Mem:          3.8G       3.7G       112M       5.7M        26M       3.2G

MemTotal:        4016004 kB
MemFree:          116648 kB
Active:           355144 kB
Mem:          3.8G       3.7G       113M       5.7M        26M       3.2G

MemTotal:        4016004 kB
MemFree:          127672 kB
Active:           355144 kB
Mem:          3.8G       3.7G       123M       5.7M        26M       3.2G

MemTotal:        4016004 kB
MemFree:          119972 kB
Active:           355144 kB
Mem:          3.8G       3.7G       116M       5.7M        26M       3.2G

MemTotal:        4016004 kB
MemFree:          129396 kB
Active:           355152 kB
Mem:          3.8G       3.7G       125M       5.7M        26M       3.2G

MemTotal:        4016004 kB
MemFree:          122280 kB
Active:           355152 kB
Mem:          3.8G       3.7G       118M       5.7M        26M       3.2G

MemTotal:        4016004 kB
MemFree:          126096 kB
Active:           355164 kB
Mem:          3.8G       3.7G       122M       5.7M        26M       3.2G

MemTotal:        4016004 kB
MemFree:          118848 kB
Active:           355164 kB
Mem:          3.8G       3.7G       115M       5.7M        26M       3.2G

MemTotal:        4016004 kB
MemFree:          112736 kB
Active:           355144 kB
Mem:          3.8G       3.7G       110M       5.7M        26M       3.2G

MemTotal:        4016004 kB
MemFree:          112612 kB
Active:           355160 kB
Mem:          3.8G       3.7G       109M       5.7M        26M       3.2G

MemTotal:        4016004 kB
MemFree:          112588 kB
Active:           355164 kB
Mem:          3.8G       3.7G       109M       5.7M        26M       3.2G

MemTotal:        4016004 kB
MemFree:          130932 kB
Active:           355188 kB
Mem:          3.8G       3.7G       127M       5.7M        26M       3.2G

MemTotal:        4016004 kB
MemFree:          128620 kB
Active:           354892 kB
Mem:          3.8G       3.7G       125M       5.7M        26M       3.2G

MemTotal:        4016004 kB
MemFree:          128900 kB
Active:           354892 kB
Mem:          3.8G       3.7G       125M       5.7M        26M       3.2G

MemTotal:        4016004 kB
MemFree:          128404 kB
Active:           354892 kB
Mem:          3.8G       3.7G       125M       5.7M        26M       3.2G

MemTotal:        4016004 kB
MemFree:          128652 kB
Active:           354888 kB
Mem:          3.8G       3.7G       125M       5.7M        26M       3.2G

MemTotal:        4016004 kB
MemFree:          128528 kB
Active:           354876 kB
Mem:          3.8G       3.7G       125M       5.7M        26M       3.2G

MemTotal:        4016004 kB
MemFree:          128528 kB
Active:           354880 kB
Mem:          3.8G       3.7G       125M       5.7M        26M       3.2G

MemTotal:        4016004 kB
MemFree:          128528 kB
Active:           354876 kB
Mem:          3.8G       3.7G       125M       5.7M        26M       3.2G

MemTotal:        4016004 kB
MemFree:          128528 kB
Active:           354860 kB
Mem:          3.8G       3.7G       125M       5.7M        26M       3.2G

MemTotal:        4016004 kB
MemFree:          128528 kB
Active:           354900 kB
Mem:          3.8G       3.7G       125M       5.7M        26M       3.2G

MemTotal:        4016004 kB
MemFree:          128528 kB
Active:           354884 kB
Mem:          3.8G       3.7G       125M       5.7M        26M       3.2G

MemTotal:        4016004 kB
MemFree:          128032 kB
Active:           354904 kB
Mem:          3.8G       3.7G       125M       5.7M        26M       3.2G

MemTotal:        4016004 kB
MemFree:          128404 kB
Active:           354888 kB
Mem:          3.8G       3.7G       125M       5.7M        26M       3.2G

MemTotal:        4016004 kB
MemFree:          128280 kB
Active:           354892 kB
Mem:          3.8G       3.7G       125M       5.7M        26M       3.2G

MemTotal:        4016004 kB
MemFree:          128404 kB
Active:           354880 kB
Mem:          3.8G       3.7G       125M       5.7M        26M       3.2G

MemTotal:        4016004 kB
MemFree:          128528 kB
Active:           354916 kB
Mem:          3.8G       3.7G       125M       5.7M        26M       3.2G

MemTotal:        4016004 kB
MemFree:          128528 kB
Active:           354896 kB
Mem:          3.8G       3.7G       125M       5.7M        26M       3.2G

MemTotal:        4016004 kB
MemFree:          128528 kB
Active:           354880 kB
Mem:          3.8G       3.7G       125M       5.7M        26M       3.2G

MemTotal:        4016004 kB
MemFree:          128404 kB
Active:           354916 kB
Mem:          3.8G       3.7G       125M       5.7M        26M       3.2G

MemTotal:        4016004 kB
MemFree:          128900 kB
Active:           354888 kB
Mem:          3.8G       3.7G       125M       5.7M        26M       3.2G

MemTotal:        4016004 kB
MemFree:          128404 kB
Active:           354916 kB
Mem:          3.8G       3.7G       125M       5.7M        26M       3.2G

MemTotal:        4016004 kB
MemFree:          128032 kB
Active:           354920 kB
Mem:          3.8G       3.7G       125M       5.7M        26M       3.2G

MemTotal:        4016004 kB
MemFree:          128032 kB
Active:           354924 kB
Mem:          3.8G       3.7G       125M       5.7M        26M       3.2G

MemTotal:        4016004 kB
MemFree:          128496 kB
Active:           354912 kB
Mem:          3.8G       3.7G       125M       5.7M        26M       3.2G

MemTotal:        4016004 kB
MemFree:          128404 kB
Active:           354904 kB
Mem:          3.8G       3.7G       125M       5.7M        26M       3.2G

MemTotal:        4016004 kB
MemFree:          128184 kB
Active:           354948 kB
Mem:          3.8G       3.7G       125M       5.7M        26M       3.2G

MemTotal:        4016004 kB
MemFree:          128528 kB
Active:           354892 kB
Mem:          3.8G       3.7G       125M       5.7M        26M       3.2G

MemTotal:        4016004 kB
MemFree:          128652 kB
Active:           354912 kB
Mem:          3.8G       3.7G       125M       5.7M        26M       3.2G

MemTotal:        4016004 kB
MemFree:          128652 kB
Active:           354900 kB
Mem:          3.8G       3.7G       125M       5.7M        26M       3.2G

MemTotal:        4016004 kB
MemFree:          128404 kB
Active:           354936 kB
Mem:          3.8G       3.7G       125M       5.7M        26M       3.2G

MemTotal:        4016004 kB
MemFree:          128280 kB
Active:           354964 kB
Mem:          3.8G       3.7G       125M       5.7M        26M       3.2G

MemTotal:        4016004 kB
MemFree:          128164 kB
Active:           354968 kB
Mem:          3.8G       3.7G       125M       5.7M        26M       3.2G

MemTotal:        4016004 kB
MemFree:          128040 kB
Active:           354948 kB
Mem:          3.8G       3.7G       125M       5.7M        26M       3.2G

MemTotal:        4016004 kB
MemFree:          128164 kB
Active:           354944 kB
Mem:          3.8G       3.7G       124M       5.7M        26M       3.2G

MemTotal:        4016004 kB
MemFree:          128288 kB
Active:           354964 kB
Mem:          3.8G       3.7G       125M       5.7M        26M       3.2G

MemTotal:        4016004 kB
MemFree:          128412 kB
Active:           354944 kB
Mem:          3.8G       3.7G       125M       5.7M        26M       3.2G

MemTotal:        4016004 kB
MemFree:          128412 kB
Active:           354952 kB
Mem:          3.8G       3.7G       125M       5.7M        26M       3.2G

MemTotal:        4016004 kB
MemFree:          128288 kB
Active:           354980 kB
Mem:          3.8G       3.7G       125M       5.7M        26M       3.2G

MemTotal:        4016004 kB
MemFree:          128536 kB
Active:           354972 kB
Mem:          3.8G       3.7G       125M       5.7M        26M       3.2G

MemTotal:        4016004 kB
MemFree:          128660 kB
Active:           354964 kB
Mem:          3.8G       3.7G       125M       5.7M        26M       3.2G

MemTotal:        4016004 kB
MemFree:          128536 kB
Active:           354956 kB
Mem:          3.8G       3.7G       125M       5.7M        26M       3.2G

MemTotal:        4016004 kB
MemFree:          128412 kB
Active:           354952 kB
Mem:          3.8G       3.7G       125M       5.7M        26M       3.2G

MemTotal:        4016004 kB
MemFree:          128412 kB
Active:           354980 kB
Mem:          3.8G       3.7G       125M       5.7M        26M       3.2G

MemTotal:        4016004 kB
MemFree:          128536 kB
Active:           354984 kB
Mem:          3.8G       3.7G       125M       5.7M        26M       3.2G

MemTotal:        4016004 kB
MemFree:          128412 kB
Active:           354952 kB
Mem:          3.8G       3.7G       125M       5.7M        26M       3.2G

MemTotal:        4016004 kB
MemFree:          128536 kB
Active:           354964 kB
Mem:          3.8G       3.7G       125M       5.7M        26M       3.2G

MemTotal:        4016004 kB
MemFree:          128536 kB
Active:           354940 kB
Mem:          3.8G       3.7G       125M       5.7M        26M       3.2G

MemTotal:        4016004 kB
MemFree:          128536 kB
Active:           354956 kB
Mem:          3.8G       3.7G       125M       5.7M        26M       3.2G

MemTotal:        4016004 kB
MemFree:          128288 kB
Active:           354940 kB
Mem:          3.8G       3.7G       125M       5.7M        26M       3.2G

MemTotal:        4016004 kB
MemFree:          128412 kB
Active:           354952 kB
Mem:          3.8G       3.7G       125M       5.7M        26M       3.2G

MemTotal:        4016004 kB
MemFree:          128412 kB
Active:           354988 kB
Mem:          3.8G       3.7G       125M       5.7M        26M       3.2G

MemTotal:        4016004 kB
MemFree:          128412 kB
Active:           354996 kB
Mem:          3.8G       3.7G       125M       5.7M        26M       3.2G

MemTotal:        4016004 kB
MemFree:          128288 kB
Active:           354984 kB
Mem:          3.8G       3.7G       125M       5.7M        26M       3.2G

MemTotal:        4016004 kB
MemFree:          128428 kB
Active:           354964 kB
Mem:          3.8G       3.7G       125M       5.7M        26M       3.2G

MemTotal:        4016004 kB
MemFree:          128304 kB
Active:           355004 kB
Mem:          3.8G       3.7G       125M       5.7M        26M       3.2G

MemTotal:        4016004 kB
MemFree:          128428 kB
Active:           355004 kB
Mem:          3.8G       3.7G       125M       5.7M        26M       3.2G

MemTotal:        4016004 kB
MemFree:          128428 kB
Active:           354996 kB
Mem:          3.8G       3.7G       125M       5.7M        26M       3.2G

MemTotal:        4016004 kB
MemFree:          128536 kB
Active:           354972 kB
Mem:          3.8G       3.7G       125M       5.7M        26M       3.2G

MemTotal:        4016004 kB
MemFree:          128428 kB
Active:           354960 kB
Mem:          3.8G       3.7G       125M       5.7M        26M       3.2G

MemTotal:        4016004 kB
MemFree:          128428 kB
Active:           355008 kB
Mem:          3.8G       3.7G       125M       5.7M        26M       3.2G

MemTotal:        4016004 kB
MemFree:          128304 kB
Active:           355004 kB
Mem:          3.8G       3.7G       125M       5.7M        26M       3.2G

MemTotal:        4016004 kB
MemFree:          128304 kB
Active:           355012 kB
Mem:          3.8G       3.7G       125M       5.7M        26M       3.2G

MemTotal:        4016004 kB
MemFree:          128428 kB
Active:           355016 kB
Mem:          3.8G       3.7G       125M       5.7M        26M       3.2G

MemTotal:        4016004 kB
MemFree:          128180 kB
Active:           355008 kB
Mem:          3.8G       3.7G       125M       5.7M        26M       3.2G

MemTotal:        4016004 kB
MemFree:          128304 kB
Active:           355000 kB
Mem:          3.8G       3.7G       125M       5.7M        26M       3.2G

MemTotal:        4016004 kB
MemFree:          128304 kB
Active:           355004 kB
Mem:          3.8G       3.7G       125M       5.7M        26M       3.2G

MemTotal:        4016004 kB
MemFree:          128552 kB
Active:           354996 kB
Mem:          3.8G       3.7G       125M       5.7M        26M       3.2G

MemTotal:        4016004 kB
MemFree:          128552 kB
Active:           354984 kB
Mem:          3.8G       3.7G       125M       5.7M        26M       3.2G

MemTotal:        4016004 kB
MemFree:          128552 kB
Active:           354992 kB
Mem:          3.8G       3.7G       125M       5.7M        26M       3.2G

MemTotal:        4016004 kB
MemFree:          128304 kB
Active:           355000 kB
Mem:          3.8G       3.7G       125M       5.7M        26M       3.2G

MemTotal:        4016004 kB
MemFree:          128304 kB
Active:           354996 kB
Mem:          3.8G       3.7G       125M       5.7M        26M       3.2G

MemTotal:        4016004 kB
MemFree:          128428 kB
Active:           354980 kB
Mem:          3.8G       3.7G       125M       5.7M        26M       3.2G

MemTotal:        4016004 kB
MemFree:          128180 kB
Active:           354996 kB
Mem:          3.8G       3.7G       125M       5.7M        26M       3.2G

MemTotal:        4016004 kB
MemFree:          128304 kB
Active:           355020 kB
Mem:          3.8G       3.7G       125M       5.7M        26M       3.2G

MemTotal:        4016004 kB
MemFree:          128180 kB
Active:           355008 kB
Mem:          3.8G       3.7G       125M       5.7M        26M       3.2G

MemTotal:        4016004 kB
MemFree:          127808 kB
Active:           355056 kB
Mem:          3.8G       3.7G       125M       5.7M        26M       3.2G

MemTotal:        4016004 kB
MemFree:          128304 kB
Active:           355072 kB
Mem:          3.8G       3.7G       125M       5.7M        26M       3.2G

MemTotal:        4016004 kB
MemFree:          128180 kB
Active:           355076 kB
Mem:          3.8G       3.7G       125M       5.7M        26M       3.2G

MemTotal:        4016004 kB
MemFree:          128164 kB
Active:           355148 kB
Mem:          3.8G       3.7G       125M       5.7M        26M       3.2G

MemTotal:        4016004 kB
MemFree:          128164 kB
Active:           355132 kB
Mem:          3.8G       3.7G       125M       5.7M        26M       3.2G

MemTotal:        4016004 kB
MemFree:          128164 kB
Active:           355112 kB
Mem:          3.8G       3.7G       124M       5.7M        26M       3.2G

MemTotal:        4016004 kB
MemFree:          128040 kB
Active:           355136 kB
Mem:          3.8G       3.7G       124M       5.7M        26M       3.2G

MemTotal:        4016004 kB
MemFree:          127544 kB
Active:           355164 kB
Mem:          3.8G       3.7G       124M       5.7M        26M       3.2G

MemTotal:        4016004 kB
MemFree:          128040 kB
Active:           355112 kB
Mem:          3.8G       3.7G       124M       5.7M        26M       3.2G

MemTotal:        4016004 kB
MemFree:          128040 kB
Active:           355144 kB
Mem:          3.8G       3.7G       124M       5.7M        26M       3.2G

MemTotal:        4016004 kB
MemFree:          128412 kB
Active:           355168 kB
Mem:          3.8G       3.7G       125M       5.7M        26M       3.2G

MemTotal:        4016004 kB
MemFree:          128412 kB
Active:           355160 kB
Mem:          3.8G       3.7G       125M       5.7M        26M       3.2G

MemTotal:        4016004 kB
MemFree:          128412 kB
Active:           355128 kB
Mem:          3.8G       3.7G       125M       5.7M        26M       3.2G

MemTotal:        4016004 kB
MemFree:          127652 kB
Active:           355428 kB
Mem:          3.8G       3.7G       124M       5.7M        26M       3.2G

MemTotal:        4016004 kB
MemFree:          127172 kB
Active:           355296 kB
Mem:          3.8G       3.7G       124M       5.7M        26M       3.2G

MemTotal:        4016004 kB
MemFree:          127544 kB
Active:           355256 kB
Mem:          3.8G       3.7G       124M       5.7M        26M       3.2G

MemTotal:        4016004 kB
MemFree:          127544 kB
Active:           355240 kB
Mem:          3.8G       3.7G       124M       5.7M        26M       3.2G

MemTotal:        4016004 kB
MemFree:          127668 kB
Active:           355272 kB
Mem:          3.8G       3.7G       124M       5.7M        26M       3.2G

MemTotal:        4016004 kB
MemFree:          127420 kB
Active:           355292 kB
Mem:          3.8G       3.7G       124M       5.7M        26M       3.2G

MemTotal:        4016004 kB
MemFree:          127420 kB
Active:           355268 kB
Mem:          3.8G       3.7G       124M       5.7M        26M       3.2G

MemTotal:        4016004 kB
MemFree:          127436 kB
Active:           355252 kB
Mem:          3.8G       3.7G       124M       5.7M        26M       3.2G

MemTotal:        4016004 kB
MemFree:          127560 kB
Active:           355252 kB
Mem:          3.8G       3.7G       124M       5.7M        26M       3.2G

MemTotal:        4016004 kB
MemFree:          127552 kB
Active:           355260 kB
Mem:          3.8G       3.7G       124M       5.7M        26M       3.2G

MemTotal:        4016004 kB
MemFree:          127552 kB
Active:           355260 kB
Mem:          3.8G       3.7G       124M       5.7M        26M       3.2G

MemTotal:        4016004 kB
MemFree:          127552 kB
Active:           355296 kB
Mem:          3.8G       3.7G       124M       5.7M        26M       3.2G

MemTotal:        4016004 kB
MemFree:          127800 kB
Active:           355256 kB
Mem:          3.8G       3.7G       124M       5.7M        26M       3.2G

MemTotal:        4016004 kB
MemFree:          127800 kB
Active:           355288 kB
Mem:          3.8G       3.7G       124M       5.7M        26M       3.2G

MemTotal:        4016004 kB
MemFree:          127800 kB
Active:           355284 kB
Mem:          3.8G       3.7G       124M       5.7M        26M       3.2G

MemTotal:        4016004 kB
MemFree:          127676 kB
Active:           355276 kB
Mem:          3.8G       3.7G       124M       5.7M        26M       3.2G

MemTotal:        4016004 kB
MemFree:          127676 kB
Active:           355272 kB
Mem:          3.8G       3.7G       124M       5.7M        26M       3.2G

MemTotal:        4016004 kB
MemFree:          127800 kB
Active:           355252 kB
Mem:          3.8G       3.7G       124M       5.7M        26M       3.2G

MemTotal:        4016004 kB
MemFree:          127676 kB
Active:           355248 kB
Mem:          3.8G       3.7G       124M       5.7M        26M       3.2G

MemTotal:        4016004 kB
MemFree:          127552 kB
Active:           355248 kB
Mem:          3.8G       3.7G       124M       5.7M        26M       3.2G

MemTotal:        4016004 kB
MemFree:          127552 kB
Active:           355272 kB
Mem:          3.8G       3.7G       124M       5.7M        26M       3.2G

MemTotal:        4016004 kB
MemFree:          127428 kB
Active:           355284 kB
Mem:          3.8G       3.7G       124M       5.7M        26M       3.2G

MemTotal:        4016004 kB
MemFree:          127552 kB
Active:           355308 kB
Mem:          3.8G       3.7G       124M       5.7M        26M       3.2G

MemTotal:        4016004 kB
MemFree:          127304 kB
Active:           355312 kB
Mem:          3.8G       3.7G       124M       5.7M        26M       3.2G

MemTotal:        4016004 kB
MemFree:          127304 kB
Active:           355284 kB
Mem:          3.8G       3.7G       124M       5.7M        26M       3.2G

MemTotal:        4016004 kB
MemFree:          127552 kB
Active:           355284 kB
Mem:          3.8G       3.7G       124M       5.7M        26M       3.2G

MemTotal:        4016004 kB
MemFree:          127552 kB
Active:           355268 kB
Mem:          3.8G       3.7G       124M       5.7M        26M       3.2G

MemTotal:        4016004 kB
MemFree:          127056 kB
Active:           355328 kB
Mem:          3.8G       3.7G       123M       5.7M        26M       3.2G

MemTotal:        4016004 kB
MemFree:          127180 kB
Active:           355324 kB
Mem:          3.8G       3.7G       124M       5.7M        26M       3.2G

MemTotal:        4016004 kB
MemFree:          127304 kB
Active:           355324 kB
Mem:          3.8G       3.7G       124M       5.7M        26M       3.2G

MemTotal:        4016004 kB
MemFree:          127428 kB
Active:           355336 kB
Mem:          3.8G       3.7G       124M       5.7M        26M       3.2G

MemTotal:        4016004 kB
MemFree:          127304 kB
Active:           355340 kB
Mem:          3.8G       3.7G       124M       5.7M        26M       3.2G

MemTotal:        4016004 kB
MemFree:          127800 kB
Active:           355288 kB
Mem:          3.8G       3.7G       124M       5.7M        26M       3.2G

MemTotal:        4016004 kB
MemFree:          127676 kB
Active:           355304 kB
Mem:          3.8G       3.7G       124M       5.7M        26M       3.2G

MemTotal:        4016004 kB
MemFree:          127552 kB
Active:           355340 kB
Mem:          3.8G       3.7G       124M       5.7M        26M       3.2G

MemTotal:        4016004 kB
MemFree:          127552 kB
Active:           355340 kB
Mem:          3.8G       3.7G       124M       5.7M        26M       3.2G

MemTotal:        4016004 kB
MemFree:          127428 kB
Active:           355284 kB
Mem:          3.8G       3.7G       124M       5.7M        26M       3.2G

MemTotal:        4016004 kB
MemFree:          127552 kB
Active:           355304 kB
Mem:          3.8G       3.7G       124M       5.7M        26M       3.2G

MemTotal:        4016004 kB
MemFree:          127428 kB
Active:           355336 kB
Mem:          3.8G       3.7G       124M       5.7M        26M       3.2G

MemTotal:        4016004 kB
MemFree:          127180 kB
Active:           355348 kB
Mem:          3.8G       3.7G       124M       5.7M        26M       3.2G

MemTotal:        4016004 kB
MemFree:          127536 kB
Active:           355320 kB
Mem:          3.8G       3.7G       124M       5.7M        26M       3.2G

MemTotal:        4016004 kB
MemFree:          127552 kB
Active:           355320 kB
Mem:          3.8G       3.7G       124M       5.7M        26M       3.2G

MemTotal:        4016004 kB
MemFree:          127552 kB
Active:           355348 kB
Mem:          3.8G       3.7G       124M       5.7M        26M       3.2G

MemTotal:        4016004 kB
MemFree:          127552 kB
Active:           355356 kB
Mem:          3.8G       3.7G       124M       5.7M        26M       3.2G

MemTotal:        4016004 kB
MemFree:          127304 kB
Active:           355352 kB
Mem:          3.8G       3.7G       124M       5.7M        26M       3.2G

MemTotal:        4016004 kB
MemFree:          127428 kB
Active:           355312 kB
Mem:          3.8G       3.7G       124M       5.7M        26M       3.2G

MemTotal:        4016004 kB
MemFree:          127304 kB
Active:           355340 kB
Mem:          3.8G       3.7G       124M       5.7M        26M       3.2G

MemTotal:        4016004 kB
MemFree:          127304 kB
Active:           355368 kB
Mem:          3.8G       3.7G       124M       5.7M        26M       3.2G

MemTotal:        4016004 kB
MemFree:          127428 kB
Active:           355368 kB
Mem:          3.8G       3.7G       124M       5.7M        26M       3.2G

MemTotal:        4016004 kB
MemFree:          127552 kB
Active:           355364 kB
Mem:          3.8G       3.7G       124M       5.7M        26M       3.2G

MemTotal:        4016004 kB
MemFree:          127800 kB
Active:           355368 kB
Mem:          3.8G       3.7G       124M       5.7M        26M       3.2G

MemTotal:        4016004 kB
MemFree:          127552 kB
Active:           355384 kB
Mem:          3.8G       3.7G       124M       5.7M        26M       3.2G

MemTotal:        4016004 kB
MemFree:          127552 kB
Active:           355384 kB
Mem:          3.8G       3.7G       124M       5.7M        26M       3.2G

MemTotal:        4016004 kB
MemFree:          127304 kB
Active:           355384 kB
Mem:          3.8G       3.7G       124M       5.7M        26M       3.2G

MemTotal:        4016004 kB
MemFree:          127056 kB
Active:           355336 kB
Mem:          3.8G       3.7G       124M       5.7M        26M       3.2G

MemTotal:        4016004 kB
MemFree:          127056 kB
Active:           355392 kB
Mem:          3.8G       3.7G       124M       5.7M        26M       3.2G

MemTotal:        4016004 kB
MemFree:          127428 kB
Active:           355388 kB
Mem:          3.8G       3.7G       124M       5.7M        26M       3.2G

MemTotal:        4016004 kB
MemFree:          127428 kB
Active:           355364 kB
Mem:          3.8G       3.7G       124M       5.7M        26M       3.2G

MemTotal:        4016004 kB
MemFree:          127552 kB
Active:           355368 kB
Mem:          3.8G       3.7G       124M       5.7M        26M       3.2G

MemTotal:        4016004 kB
MemFree:          127428 kB
Active:           355388 kB
Mem:          3.8G       3.7G       124M       5.7M        26M       3.2G

MemTotal:        4016004 kB
MemFree:          127428 kB
Active:           355396 kB
Mem:          3.8G       3.7G       124M       5.7M        26M       3.2G

MemTotal:        4016004 kB
MemFree:          127304 kB
Active:           355400 kB
Mem:          3.8G       3.7G       124M       5.7M        26M       3.2G

MemTotal:        4016004 kB
MemFree:          127428 kB
Active:           355392 kB
Mem:          3.8G       3.7G       124M       5.7M        26M       3.2G

MemTotal:        4016004 kB
MemFree:          127552 kB
Active:           355372 kB
Mem:          3.8G       3.7G       124M       5.7M        26M       3.2G

MemTotal:        4016004 kB
MemFree:          127428 kB
Active:           355356 kB
Mem:          3.8G       3.7G       124M       5.7M        26M       3.2G

MemTotal:        4016004 kB
MemFree:          127288 kB
Active:           355400 kB
Mem:          3.8G       3.7G       124M       5.7M        26M       3.2G

MemTotal:        4016004 kB
MemFree:          127040 kB
Active:           355412 kB
Mem:          3.8G       3.7G       124M       5.7M        26M       3.2G

MemTotal:        4016004 kB
MemFree:          127536 kB
Active:           355388 kB
Mem:          3.8G       3.7G       124M       5.7M        26M       3.2G

MemTotal:        4016004 kB
MemFree:          127412 kB
Active:           355420 kB
Mem:          3.8G       3.7G       124M       5.7M        26M       3.2G

MemTotal:        4016004 kB
MemFree:          127288 kB
Active:           355412 kB
Mem:          3.8G       3.7G       124M       5.7M        26M       3.2G

MemTotal:        4016004 kB
MemFree:          127412 kB
Active:           355388 kB
Mem:          3.8G       3.7G       124M       5.7M        26M       3.2G

MemTotal:        4016004 kB
MemFree:          127040 kB
Active:           355420 kB
Mem:          3.8G       3.7G       124M       5.7M        26M       3.2G

MemTotal:        4016004 kB
MemFree:          127412 kB
Active:           355392 kB
Mem:          3.8G       3.7G       124M       5.7M        26M       3.2G

MemTotal:        4016004 kB
MemFree:          127412 kB
Active:           355368 kB
Mem:          3.8G       3.7G       124M       5.7M        26M       3.2G

MemTotal:        4016004 kB
MemFree:          127288 kB
Active:           355416 kB
Mem:          3.8G       3.7G       124M       5.7M        26M       3.2G

MemTotal:        4016004 kB
MemFree:          127164 kB
Active:           355408 kB
Mem:          3.8G       3.7G       123M       5.7M        26M       3.2G

MemTotal:        4016004 kB
MemFree:          127412 kB
Active:           355420 kB
Mem:          3.8G       3.7G       124M       5.7M        26M       3.2G

MemTotal:        4016004 kB
MemFree:          127412 kB
Active:           355388 kB
Mem:          3.8G       3.7G       124M       5.7M        26M       3.2G

MemTotal:        4016004 kB
MemFree:          127288 kB
Active:           355408 kB
Mem:          3.8G       3.7G       124M       5.7M        26M       3.2G

MemTotal:        4016004 kB
MemFree:          127412 kB
Active:           355412 kB
Mem:          3.8G       3.7G       124M       5.7M        26M       3.2G

MemTotal:        4016004 kB
MemFree:          127288 kB
Active:           355376 kB
Mem:          3.8G       3.7G       124M       5.7M        26M       3.2G

MemTotal:        4016004 kB
MemFree:          127412 kB
Active:           355432 kB
Mem:          3.8G       3.7G       124M       5.7M        26M       3.2G

MemTotal:        4016004 kB
MemFree:          127412 kB
Active:           355424 kB
Mem:          3.8G       3.7G       124M       5.7M        26M       3.2G

MemTotal:        4016004 kB
MemFree:          127536 kB
Active:           355408 kB
Mem:          3.8G       3.7G       124M       5.7M        26M       3.2G

MemTotal:        4016004 kB
MemFree:          127660 kB
Active:           355440 kB
Mem:          3.8G       3.7G       124M       5.7M        26M       3.2G

MemTotal:        4016004 kB
MemFree:          127660 kB
Active:           355404 kB
Mem:          3.8G       3.7G       124M       5.7M        26M       3.2G

MemTotal:        4016004 kB
MemFree:          127660 kB
Active:           355448 kB
Mem:          3.8G       3.7G       124M       5.7M        26M       3.2G

MemTotal:        4016004 kB
MemFree:          127412 kB
Active:           355408 kB
Mem:          3.8G       3.7G       124M       5.7M        26M       3.2G

MemTotal:        4016004 kB
MemFree:          127412 kB
Active:           355444 kB
Mem:          3.8G       3.7G       124M       5.7M        26M       3.2G

MemTotal:        4016004 kB
MemFree:          127288 kB
Active:           355444 kB
Mem:          3.8G       3.7G       124M       5.7M        26M       3.2G

MemTotal:        4016004 kB
MemFree:          127660 kB
Active:           355456 kB
Mem:          3.8G       3.7G       124M       5.7M        26M       3.2G

MemTotal:        4016004 kB
MemFree:          127288 kB
Active:           355448 kB
Mem:          3.8G       3.7G       124M       5.7M        26M       3.2G

MemTotal:        4016004 kB
MemFree:          127288 kB
Active:           355464 kB
Mem:          3.8G       3.7G       124M       5.7M        26M       3.2G

MemTotal:        4016004 kB
MemFree:          127288 kB
Active:           355452 kB
Mem:          3.8G       3.7G       124M       5.7M        26M       3.2G

MemTotal:        4016004 kB
MemFree:          127272 kB
Active:           355412 kB
Mem:          3.8G       3.7G       124M       5.7M        26M       3.2G

MemTotal:        4016004 kB
MemFree:          127288 kB
Active:           355436 kB
Mem:          3.8G       3.7G       124M       5.7M        26M       3.2G

MemTotal:        4016004 kB
MemFree:          127412 kB
Active:           355412 kB
Mem:          3.8G       3.7G       124M       5.7M        26M       3.2G

MemTotal:        4016004 kB
MemFree:          127536 kB
Active:           355472 kB
Mem:          3.8G       3.7G       124M       5.7M        26M       3.2G

MemTotal:        4016004 kB
MemFree:          127660 kB
Active:           355424 kB
Mem:          3.8G       3.7G       124M       5.7M        26M       3.2G

MemTotal:        4016004 kB
MemFree:          127536 kB
Active:           355444 kB
Mem:          3.8G       3.7G       124M       5.7M        26M       3.2G

MemTotal:        4016004 kB
MemFree:          127412 kB
Active:           355444 kB
Mem:          3.8G       3.7G       124M       5.7M        26M       3.2G

MemTotal:        4016004 kB
MemFree:          127536 kB
Active:           355452 kB
Mem:          3.8G       3.7G       124M       5.7M        26M       3.2G

MemTotal:        4016004 kB
MemFree:          127412 kB
Active:           355452 kB
Mem:          3.8G       3.7G       124M       5.7M        26M       3.2G

MemTotal:        4016004 kB
MemFree:          127288 kB
Active:           355444 kB
Mem:          3.8G       3.7G       124M       5.7M        26M       3.2G

MemTotal:        4016004 kB
MemFree:          127412 kB
Active:           355476 kB
Mem:          3.8G       3.7G       124M       5.7M        26M       3.2G

MemTotal:        4016004 kB
MemFree:          127288 kB
Active:           355480 kB
Mem:          3.8G       3.7G       124M       5.7M        26M       3.2G

MemTotal:        4016004 kB
MemFree:          127584 kB
Active:           355440 kB
Mem:          3.8G       3.7G       125M       5.7M        26M       3.2G

MemTotal:        4016004 kB
MemFree:          128424 kB
Active:           355152 kB
Mem:          3.8G       3.7G       125M       5.7M        26M       3.2G

MemTotal:        4016004 kB
MemFree:          128424 kB
Active:           355132 kB
Mem:          3.8G       3.7G       125M       5.7M        26M       3.2G

MemTotal:        4016004 kB
MemFree:          128300 kB
Active:           355172 kB
Mem:          3.8G       3.7G       125M       5.7M        26M       3.2G

MemTotal:        4016004 kB
MemFree:          128424 kB
Active:           355128 kB
Mem:          3.8G       3.7G       125M       5.7M        26M       3.2G

MemTotal:        4016004 kB
MemFree:          128424 kB
Active:           355156 kB
Mem:          3.8G       3.7G       125M       5.7M        26M       3.2G

MemTotal:        4016004 kB
MemFree:          129044 kB
Active:           355180 kB
Mem:          3.8G       3.7G       125M       5.7M        26M       3.2G

MemTotal:        4016004 kB
MemFree:          128548 kB
Active:           355184 kB
Mem:          3.8G       3.7G       125M       5.7M        26M       3.2G

MemTotal:        4016004 kB
MemFree:          128796 kB
Active:           355160 kB
Mem:          3.8G       3.7G       125M       5.7M        26M       3.2G

MemTotal:        4016004 kB
MemFree:          128920 kB
Active:           355140 kB
Mem:          3.8G       3.7G       125M       5.7M        26M       3.2G

MemTotal:        4016004 kB
MemFree:          128424 kB
Active:           355196 kB
Mem:          3.8G       3.7G       125M       5.7M        26M       3.2G

MemTotal:        4016004 kB
MemFree:          128796 kB
Active:           355160 kB
Mem:          3.8G       3.7G       125M       5.7M        26M       3.2G

MemTotal:        4016004 kB
MemFree:          128672 kB
Active:           355164 kB
Mem:          3.8G       3.7G       125M       5.7M        26M       3.2G

MemTotal:        4016004 kB
MemFree:          128672 kB
Active:           355184 kB
Mem:          3.8G       3.7G       125M       5.7M        26M       3.2G

MemTotal:        4016004 kB
MemFree:          128672 kB
Active:           355180 kB
Mem:          3.8G       3.7G       125M       5.7M        26M       3.2G

MemTotal:        4016004 kB
MemFree:          128796 kB
Active:           355152 kB
Mem:          3.8G       3.7G       125M       5.7M        26M       3.2G

MemTotal:        4016004 kB
MemFree:          128796 kB
Active:           355172 kB
Mem:          3.8G       3.7G       126M       5.7M        26M       3.2G

MemTotal:        4016004 kB
MemFree:          129292 kB
Active:           355156 kB
Mem:          3.8G       3.7G       126M       5.7M        26M       3.2G

MemTotal:        4016004 kB
MemFree:          129044 kB
Active:           355156 kB
Mem:          3.8G       3.7G       126M       5.7M        26M       3.2G

MemTotal:        4016004 kB
MemFree:          129044 kB
Active:           355164 kB
Mem:          3.8G       3.7G       125M       5.7M        26M       3.2G

MemTotal:        4016004 kB
MemFree:          128920 kB
Active:           355176 kB
Mem:          3.8G       3.7G       125M       5.7M        26M       3.2G

MemTotal:        4016004 kB
MemFree:          129044 kB
Active:           355176 kB
Mem:          3.8G       3.7G       126M       5.7M        26M       3.2G

MemTotal:        4016004 kB
MemFree:          128424 kB
Active:           355220 kB
Mem:          3.8G       3.7G       125M       5.7M        26M       3.2G

MemTotal:        4016004 kB
MemFree:          128796 kB
Active:           355212 kB
Mem:          3.8G       3.7G       125M       5.7M        26M       3.2G

MemTotal:        4016004 kB
MemFree:          128672 kB
Active:           355172 kB
Mem:          3.8G       3.7G       125M       5.7M        26M       3.2G

MemTotal:        4016004 kB
MemFree:          128424 kB
Active:           355176 kB
Mem:          3.8G       3.7G       125M       5.7M        26M       3.2G

MemTotal:        4016004 kB
MemFree:          128548 kB
Active:           355184 kB
Mem:          3.8G       3.7G       125M       5.7M        26M       3.2G

MemTotal:        4016004 kB
MemFree:          128300 kB
Active:           355232 kB
Mem:          3.8G       3.7G       125M       5.7M        26M       3.2G

MemTotal:        4016004 kB
MemFree:          128424 kB
Active:           355188 kB
Mem:          3.8G       3.7G       125M       5.7M        26M       3.2G

MemTotal:        4016004 kB
MemFree:          128708 kB
Active:           355212 kB
Mem:          3.8G       3.7G       125M       5.7M        26M       3.2G

MemTotal:        4016004 kB
MemFree:          128708 kB
Active:           355220 kB
Mem:          3.8G       3.7G       125M       5.7M        26M       3.2G

MemTotal:        4016004 kB
MemFree:          128956 kB
Active:           355192 kB
Mem:          3.8G       3.7G       125M       5.7M        26M       3.2G

MemTotal:        4016004 kB
MemFree:          129204 kB
Active:           355236 kB
Mem:          3.8G       3.7G       126M       5.7M        26M       3.2G

MemTotal:        4016004 kB
MemFree:          129204 kB
Active:           355208 kB
Mem:          3.8G       3.7G       126M       5.7M        26M       3.2G

MemTotal:        4016004 kB
MemFree:          129452 kB
Active:           355220 kB
Mem:          3.8G       3.7G       126M       5.7M        26M       3.2G

MemTotal:        4016004 kB
MemFree:          128584 kB
Active:           355244 kB
Mem:          3.8G       3.7G       125M       5.7M        26M       3.2G

MemTotal:        4016004 kB
MemFree:          128956 kB
Active:           355192 kB
Mem:          3.8G       3.7G       125M       5.7M        26M       3.2G

MemTotal:        4016004 kB
MemFree:          129080 kB
Active:           355228 kB
Mem:          3.8G       3.7G       125M       5.7M        26M       3.2G

MemTotal:        4016004 kB
MemFree:          129080 kB
Active:           355212 kB
Mem:          3.8G       3.7G       125M       5.7M        26M       3.2G

MemTotal:        4016004 kB
MemFree:          128460 kB
Active:           355260 kB
Mem:          3.8G       3.7G       125M       5.7M        26M       3.2G

MemTotal:        4016004 kB
MemFree:          128336 kB
Active:           355256 kB
Mem:          3.8G       3.7G       125M       5.7M        26M       3.2G

MemTotal:        4016004 kB
MemFree:          128460 kB
Active:           355220 kB
Mem:          3.8G       3.7G       125M       5.7M        26M       3.2G

MemTotal:        4016004 kB
MemFree:          128832 kB
Active:           355268 kB
Mem:          3.8G       3.7G       125M       5.7M        26M       3.2G

MemTotal:        4016004 kB
MemFree:          128832 kB
Active:           355252 kB
Mem:          3.8G       3.7G       125M       5.7M        26M       3.2G

MemTotal:        4016004 kB
MemFree:          128584 kB
Active:           355268 kB
Mem:          3.8G       3.7G       125M       5.7M        26M       3.2G

MemTotal:        4016004 kB
MemFree:          128956 kB
Active:           355212 kB
Mem:          3.8G       3.7G       125M       5.7M        26M       3.2G

MemTotal:        4016004 kB
MemFree:          128956 kB
Active:           355220 kB
Mem:          3.8G       3.7G       125M       5.7M        26M       3.2G

MemTotal:        4016004 kB
MemFree:          129008 kB
Active:           355220 kB
Mem:          3.8G       3.7G       126M       5.7M        26M       3.2G

MemTotal:        4016004 kB
MemFree:          129132 kB
Active:           355276 kB
Mem:          3.8G       3.7G       126M       5.7M        26M       3.2G

MemTotal:        4016004 kB
MemFree:          129132 kB
Active:           355228 kB
Mem:          3.8G       3.7G       125M       5.7M        26M       3.2G

MemTotal:        4016004 kB
MemFree:          129628 kB
Active:           355228 kB
Mem:          3.8G       3.7G       126M       5.7M        26M       3.2G

MemTotal:        4016004 kB
MemFree:          129628 kB
Active:           355244 kB
Mem:          3.8G       3.7G       126M       5.7M        26M       3.2G

MemTotal:        4016004 kB
MemFree:          129256 kB
Active:           355268 kB
Mem:          3.8G       3.7G       125M       5.7M        26M       3.2G

MemTotal:        4016004 kB
MemFree:          129132 kB
Active:           355240 kB
Mem:          3.8G       3.7G       126M       5.7M        26M       3.2G

MemTotal:        4016004 kB
MemFree:          129132 kB
Active:           355292 kB
Mem:          3.8G       3.7G       126M       5.7M        26M       3.2G

MemTotal:        4016004 kB
MemFree:          129256 kB
Active:           355252 kB
Mem:          3.8G       3.7G       126M       5.7M        26M       3.2G

MemTotal:        4016004 kB
MemFree:          129040 kB
Active:           355248 kB
Mem:          3.8G       3.7G       126M       5.7M        26M       3.2G

MemTotal:        4016004 kB
MemFree:          129164 kB
Active:           355264 kB
Mem:          3.8G       3.7G       125M       5.7M        26M       3.2G

MemTotal:        4016004 kB
MemFree:          128420 kB
Active:           355308 kB
Mem:          3.8G       3.7G       125M       5.7M        26M       3.2G

MemTotal:        4016004 kB
MemFree:          128916 kB
Active:           355264 kB
Mem:          3.8G       3.7G       125M       5.7M        26M       3.2G

MemTotal:        4016004 kB
MemFree:          128916 kB
Active:           355268 kB
