MemTotal:        4016004 kB
MemFree:         3242792 kB
Active:           418796 kB
Mem:          3.8G       755M       3.1G       5.7M        51M       321M

MemTotal:        4016004 kB
MemFree:         3242032 kB
Active:           419144 kB
Mem:          3.8G       756M       3.1G       5.7M        51M       321M

MemTotal:        4016004 kB
MemFree:         3241644 kB
Active:           419232 kB
Mem:          3.8G       755M       3.1G       5.7M        51M       321M

MemTotal:        4016004 kB
MemFree:         3242140 kB
Active:           419228 kB
Mem:          3.8G       756M       3.1G       5.7M        51M       321M

MemTotal:        4016004 kB
MemFree:         3242000 kB
Active:           419204 kB
Mem:          3.8G       755M       3.1G       5.7M        51M       321M

MemTotal:        4016004 kB
MemFree:         3241504 kB
Active:           419224 kB
Mem:          3.8G       756M       3.1G       5.7M        51M       321M

MemTotal:        4016004 kB
MemFree:         3240868 kB
Active:           419244 kB
Mem:          3.8G       756M       3.1G       5.7M        51M       321M

MemTotal:        4016004 kB
MemFree:         3241348 kB
Active:           419212 kB
Mem:          3.8G       756M       3.1G       5.7M        51M       321M

MemTotal:        4016004 kB
MemFree:         3241456 kB
Active:           419240 kB
Mem:          3.8G       756M       3.1G       5.7M        51M       321M

MemTotal:        4016004 kB
MemFree:         3241456 kB
Active:           419212 kB
Mem:          3.8G       756M       3.1G       5.7M        51M       321M

MemTotal:        4016004 kB
MemFree:         3241316 kB
Active:           419224 kB
Mem:          3.8G       756M       3.1G       5.7M        51M       321M

MemTotal:        4016004 kB
MemFree:         3241192 kB
Active:           419200 kB
Mem:          3.8G       756M       3.1G       5.7M        51M       321M

MemTotal:        4016004 kB
MemFree:         3241316 kB
Active:           419192 kB
Mem:          3.8G       756M       3.1G       5.7M        51M       321M

MemTotal:        4016004 kB
MemFree:         3241720 kB
Active:           419224 kB
Mem:          3.8G       756M       3.1G       5.7M        51M       321M

MemTotal:        4016004 kB
MemFree:         3241084 kB
Active:           419256 kB
Mem:          3.8G       756M       3.1G       5.7M        51M       321M

MemTotal:        4016004 kB
MemFree:         3241332 kB
Active:           419204 kB
Mem:          3.8G       756M       3.1G       5.7M        51M       321M

MemTotal:        4016004 kB
MemFree:         3241580 kB
Active:           419216 kB
Mem:          3.8G       756M       3.1G       5.7M        51M       321M

MemTotal:        4016004 kB
MemFree:         3241208 kB
Active:           419220 kB
Mem:          3.8G       756M       3.1G       5.7M        51M       321M

MemTotal:        4016004 kB
MemFree:         3241068 kB
Active:           419256 kB
Mem:          3.8G       756M       3.1G       5.7M        51M       321M

MemTotal:        4016004 kB
MemFree:         3241316 kB
Active:           419240 kB
Mem:          3.8G       756M       3.1G       5.7M        51M       321M

MemTotal:        4016004 kB
MemFree:         3241796 kB
Active:           419240 kB
Mem:          3.8G       756M       3.1G       5.7M        51M       321M

MemTotal:        4016004 kB
MemFree:         3241424 kB
Active:           419264 kB
Mem:          3.8G       756M       3.1G       5.7M        51M       321M

MemTotal:        4016004 kB
MemFree:         3239236 kB
Active:           419224 kB
Mem:          3.8G       758M       3.1G       5.7M        51M       321M

MemTotal:        4016004 kB
MemFree:         3239840 kB
Active:           421272 kB
Mem:          3.8G       757M       3.1G       5.7M        51M       321M

MemTotal:        4016004 kB
MemFree:         3240072 kB
Active:           421276 kB
Mem:          3.8G       757M       3.1G       5.7M        51M       321M

MemTotal:        4016004 kB
MemFree:         3239808 kB
Active:           421232 kB
Mem:          3.8G       758M       3.1G       5.7M        51M       321M

MemTotal:        4016004 kB
MemFree:         3239808 kB
Active:           421276 kB
Mem:          3.8G       758M       3.1G       5.7M        51M       321M

MemTotal:        4016004 kB
MemFree:         3239732 kB
Active:           421252 kB
Mem:          3.8G       758M       3.1G       5.7M        51M       321M

MemTotal:        4016004 kB
MemFree:         3239360 kB
Active:           421292 kB
Mem:          3.8G       758M       3.1G       5.7M        51M       321M

MemTotal:        4016004 kB
MemFree:         3239484 kB
Active:           421284 kB
Mem:          3.8G       758M       3.1G       5.7M        51M       321M

MemTotal:        4016004 kB
MemFree:         3239608 kB
Active:           421284 kB
Mem:          3.8G       758M       3.1G       5.7M        51M       321M

MemTotal:        4016004 kB
MemFree:         3239732 kB
Active:           421284 kB
Mem:          3.8G       758M       3.1G       5.7M        51M       321M

MemTotal:        4016004 kB
MemFree:         3239608 kB
Active:           421276 kB
Mem:          3.8G       758M       3.1G       5.7M        51M       321M

MemTotal:        4016004 kB
MemFree:         3239608 kB
Active:           421276 kB
Mem:          3.8G       758M       3.1G       5.7M        51M       321M

MemTotal:        4016004 kB
MemFree:         3234652 kB
Active:           424884 kB
Mem:          3.8G       763M       3.1G       5.7M        55M       321M

MemTotal:        4016004 kB
MemFree:         3230044 kB
Active:           429256 kB
Mem:          3.8G       767M       3.1G       5.7M        59M       321M

MemTotal:        4016004 kB
MemFree:         3230152 kB
Active:           429204 kB
Mem:          3.8G       767M       3.1G       5.7M        59M       321M

MemTotal:        4016004 kB
MemFree:         3229904 kB
Active:           429200 kB
Mem:          3.8G       767M       3.1G       5.7M        59M       321M

MemTotal:        4016004 kB
MemFree:         3229640 kB
Active:           429256 kB
Mem:          3.8G       767M       3.1G       5.7M        59M       321M

MemTotal:        4016004 kB
MemFree:         3230508 kB
Active:           429200 kB
Mem:          3.8G       767M       3.1G       5.7M        59M       321M

MemTotal:        4016004 kB
MemFree:         3230492 kB
Active:           429248 kB
Mem:          3.8G       767M       3.1G       5.7M        59M       321M

MemTotal:        4016004 kB
MemFree:         3229872 kB
Active:           429252 kB
Mem:          3.8G       767M       3.1G       5.7M        59M       321M

MemTotal:        4016004 kB
MemFree:         3229872 kB
Active:           429272 kB
Mem:          3.8G       767M       3.1G       5.7M        59M       321M

MemTotal:        4016004 kB
MemFree:         3229484 kB
Active:           429272 kB
Mem:          3.8G       767M       3.1G       5.7M        59M       321M

MemTotal:        4016004 kB
MemFree:         3229980 kB
Active:           429224 kB
Mem:          3.8G       767M       3.1G       5.7M        59M       321M

MemTotal:        4016004 kB
MemFree:         3229592 kB
Active:           429216 kB
Mem:          3.8G       767M       3.1G       5.7M        59M       321M

MemTotal:        4016004 kB
MemFree:         3229828 kB
Active:           429260 kB
Mem:          3.8G       767M       3.1G       5.7M        59M       321M

MemTotal:        4016004 kB
MemFree:         3229828 kB
Active:           429240 kB
Mem:          3.8G       767M       3.1G       5.7M        59M       321M

MemTotal:        4016004 kB
MemFree:         3229828 kB
Active:           429276 kB
Mem:          3.8G       767M       3.1G       5.7M        59M       321M

MemTotal:        4016004 kB
MemFree:         3229704 kB
Active:           429264 kB
Mem:          3.8G       768M       3.1G       5.7M        59M       321M

MemTotal:        4016004 kB
MemFree:         3229580 kB
Active:           429296 kB
Mem:          3.8G       767M       3.1G       5.7M        59M       321M

MemTotal:        4016004 kB
MemFree:         3229580 kB
Active:           429292 kB
Mem:          3.8G       768M       3.1G       5.7M        59M       321M

MemTotal:        4016004 kB
MemFree:         3229580 kB
Active:           429308 kB
Mem:          3.8G       767M       3.1G       5.7M        59M       321M

MemTotal:        4016004 kB
MemFree:         3229580 kB
Active:           429312 kB
Mem:          3.8G       767M       3.1G       5.7M        59M       321M

MemTotal:        4016004 kB
MemFree:         3229192 kB
Active:           429316 kB
Mem:          3.8G       768M       3.1G       5.7M        59M       321M

MemTotal:        4016004 kB
MemFree:         3229300 kB
Active:           429284 kB
Mem:          3.8G       768M       3.1G       5.7M        59M       321M

MemTotal:        4016004 kB
MemFree:         3229656 kB
Active:           429296 kB
Mem:          3.8G       767M       3.1G       5.7M        59M       321M

MemTotal:        4016004 kB
MemFree:         3229780 kB
Active:           429292 kB
Mem:          3.8G       767M       3.1G       5.7M        59M       321M

MemTotal:        4016004 kB
MemFree:         3229656 kB
Active:           429284 kB
Mem:          3.8G       767M       3.1G       5.7M        59M       321M

MemTotal:        4016004 kB
MemFree:         3229780 kB
Active:           429272 kB
Mem:          3.8G       768M       3.1G       5.7M        59M       321M

MemTotal:        4016004 kB
MemFree:         3229844 kB
Active:           429320 kB
Mem:          3.8G       768M       3.1G       5.7M        59M       321M

MemTotal:        4016004 kB
MemFree:         3229812 kB
Active:           429316 kB
Mem:          3.8G       767M       3.1G       5.7M        59M       321M

MemTotal:        4016004 kB
MemFree:         3229564 kB
Active:           429320 kB
Mem:          3.8G       767M       3.1G       5.7M        59M       321M

MemTotal:        4016004 kB
MemFree:         3229472 kB
Active:           429316 kB
Mem:          3.8G       768M       3.1G       5.7M        59M       321M

MemTotal:        4016004 kB
MemFree:         3229844 kB
Active:           429316 kB
Mem:          3.8G       767M       3.1G       5.7M        59M       321M

MemTotal:        4016004 kB
MemFree:         3229844 kB
Active:           429316 kB
Mem:          3.8G       767M       3.1G       5.7M        59M       321M

MemTotal:        4016004 kB
MemFree:         3229968 kB
Active:           429284 kB
Mem:          3.8G       767M       3.1G       5.7M        59M       321M

MemTotal:        4016004 kB
MemFree:         3230216 kB
Active:           429304 kB
Mem:          3.8G       767M       3.1G       5.7M        59M       321M

MemTotal:        4016004 kB
MemFree:         3230324 kB
Active:           429296 kB
Mem:          3.8G       767M       3.1G       5.7M        59M       321M

MemTotal:        4016004 kB
MemFree:         3230308 kB
Active:           429280 kB
Mem:          3.8G       767M       3.1G       5.7M        59M       321M

MemTotal:        4016004 kB
MemFree:         3230168 kB
Active:           429324 kB
Mem:          3.8G       767M       3.1G       5.7M        59M       321M

MemTotal:        4016004 kB
MemFree:         3230084 kB
Active:           427276 kB
Mem:          3.8G       767M       3.1G       5.7M        59M       321M

MemTotal:        4016004 kB
MemFree:         3229712 kB
Active:           427300 kB
Mem:          3.8G       767M       3.1G       5.7M        59M       321M

MemTotal:        4016004 kB
MemFree:         3229712 kB
Active:           429340 kB
Mem:          3.8G       767M       3.1G       5.7M        59M       321M

MemTotal:        4016004 kB
MemFree:         3229712 kB
Active:           429328 kB
Mem:          3.8G       767M       3.1G       5.7M        59M       321M

MemTotal:        4016004 kB
MemFree:         3229712 kB
Active:           429320 kB
Mem:          3.8G       767M       3.1G       5.7M        59M       321M

MemTotal:        4016004 kB
MemFree:         3229820 kB
Active:           429304 kB
Mem:          3.8G       767M       3.1G       5.7M        59M       321M

MemTotal:        4016004 kB
MemFree:         3229696 kB
Active:           429308 kB
Mem:          3.8G       767M       3.1G       5.7M        59M       321M

MemTotal:        4016004 kB
MemFree:         3230052 kB
Active:           429340 kB
Mem:          3.8G       767M       3.1G       5.7M        59M       321M

MemTotal:        4016004 kB
MemFree:         3230288 kB
Active:           429324 kB
Mem:          3.8G       767M       3.1G       5.7M        59M       321M

MemTotal:        4016004 kB
MemFree:         3230164 kB
Active:           429304 kB
Mem:          3.8G       767M       3.1G       5.7M        59M       321M

MemTotal:        4016004 kB
MemFree:         3230040 kB
Active:           429304 kB
Mem:          3.8G       767M       3.1G       5.7M        59M       321M

MemTotal:        4016004 kB
MemFree:         3230288 kB
Active:           429348 kB
Mem:          3.8G       767M       3.1G       5.7M        59M       321M

MemTotal:        4016004 kB
MemFree:         3229668 kB
Active:           429364 kB
Mem:          3.8G       767M       3.1G       5.7M        59M       321M

MemTotal:        4016004 kB
MemFree:         3229776 kB
Active:           429312 kB
Mem:          3.8G       767M       3.1G       5.7M        59M       321M

MemTotal:        4016004 kB
MemFree:         3229760 kB
Active:           429340 kB
Mem:          3.8G       767M       3.1G       5.7M        59M       321M

MemTotal:        4016004 kB
MemFree:         3230256 kB
Active:           429332 kB
Mem:          3.8G       767M       3.1G       5.7M        59M       321M

MemTotal:        4016004 kB
MemFree:         3229620 kB
Active:           429340 kB
Mem:          3.8G       768M       3.1G       5.7M        59M       321M

MemTotal:        4016004 kB
MemFree:         3229496 kB
Active:           429332 kB
Mem:          3.8G       767M       3.1G       5.7M        59M       321M

MemTotal:        4016004 kB
MemFree:         3229868 kB
Active:           429344 kB
Mem:          3.8G       768M       3.1G       5.7M        59M       321M

MemTotal:        4016004 kB
MemFree:         3229728 kB
Active:           429340 kB
Mem:          3.8G       768M       3.1G       5.7M        59M       321M

MemTotal:        4016004 kB
MemFree:         3229460 kB
Active:           427296 kB
Mem:          3.8G       768M       3.1G       5.7M        59M       321M

MemTotal:        4016004 kB
MemFree:         3229572 kB
Active:           429376 kB
Mem:          3.8G       768M       3.1G       5.7M        59M       321M

MemTotal:        4016004 kB
MemFree:         3229200 kB
Active:           429388 kB
Mem:          3.8G       768M       3.1G       5.7M        59M       321M

MemTotal:        4016004 kB
MemFree:         3229572 kB
Active:           429348 kB
Mem:          3.8G       768M       3.1G       5.7M        59M       321M

MemTotal:        4016004 kB
MemFree:         3229696 kB
Active:           429388 kB
Mem:          3.8G       767M       3.1G       5.7M        59M       321M

MemTotal:        4016004 kB
MemFree:         3229572 kB
Active:           429360 kB
Mem:          3.8G       767M       3.1G       5.7M        59M       321M

MemTotal:        4016004 kB
MemFree:         3229820 kB
Active:           429352 kB
Mem:          3.8G       767M       3.1G       5.7M        59M       321M

MemTotal:        4016004 kB
MemFree:         3229804 kB
Active:           429388 kB
Mem:          3.8G       767M       3.1G       5.7M        59M       321M

MemTotal:        4016004 kB
MemFree:         3229804 kB
Active:           429380 kB
Mem:          3.8G       767M       3.1G       5.7M        59M       321M

MemTotal:        4016004 kB
MemFree:         3229524 kB
Active:           429372 kB
Mem:          3.8G       767M       3.1G       5.7M        59M       321M

MemTotal:        4016004 kB
MemFree:         3186164 kB
Active:           427668 kB
Mem:          3.8G       810M       3.0G       5.7M        59M       364M

MemTotal:        4016004 kB
MemFree:         3141460 kB
Active:           429712 kB
Mem:          3.8G       854M       3.0G       5.7M        59M       407M

MemTotal:        4016004 kB
MemFree:         3096336 kB
Active:           429708 kB
Mem:          3.8G       898M       3.0G       5.7M        59M       451M

MemTotal:        4016004 kB
MemFree:         3050748 kB
Active:           429732 kB
Mem:          3.8G       943M       2.9G       5.7M        59M       494M

MemTotal:        4016004 kB
MemFree:         3005500 kB
Active:           429732 kB
Mem:          3.8G       986M       2.9G       5.7M        59M       538M

MemTotal:        4016004 kB
MemFree:         2960252 kB
Active:           429720 kB
Mem:          3.8G       1.0G       2.8G       5.7M        59M       582M

MemTotal:        4016004 kB
MemFree:         2915300 kB
Active:           429736 kB
Mem:          3.8G       1.1G       2.8G       5.7M        59M       625M

MemTotal:        4016004 kB
MemFree:         2870792 kB
Active:           429692 kB
Mem:          3.8G       1.1G       2.7G       5.7M        59M       668M

MemTotal:        4016004 kB
MemFree:         2825156 kB
Active:           429716 kB
Mem:          3.8G       1.1G       2.7G       5.7M        59M       712M

MemTotal:        4016004 kB
MemFree:         2779400 kB
Active:           429756 kB
Mem:          3.8G       1.2G       2.7G       5.7M        59M       756M

MemTotal:        4016004 kB
MemFree:         2771196 kB
Active:           429728 kB
Mem:          3.8G       1.2G       2.6G       5.7M        59M       761M

MemTotal:        4016004 kB
MemFree:         2770100 kB
Active:           431756 kB
Mem:          3.8G       1.2G       2.6G       5.7M        59M       761M

MemTotal:        4016004 kB
MemFree:         2769884 kB
Active:           431772 kB
Mem:          3.8G       1.2G       2.6G       5.7M        59M       761M

MemTotal:        4016004 kB
MemFree:         2770108 kB
Active:           431756 kB
Mem:          3.8G       1.2G       2.6G       5.7M        59M       761M

MemTotal:        4016004 kB
MemFree:         2725144 kB
Active:           431776 kB
Mem:          3.8G       1.2G       2.6G       5.7M        59M       805M

MemTotal:        4016004 kB
MemFree:         2679896 kB
Active:           431768 kB
Mem:          3.8G       1.3G       2.6G       5.7M        59M       848M

MemTotal:        4016004 kB
MemFree:         2635408 kB
Active:           431788 kB
Mem:          3.8G       1.3G       2.5G       5.7M        59M       892M

MemTotal:        4016004 kB
MemFree:         2589276 kB
Active:           431824 kB
Mem:          3.8G       1.4G       2.5G       5.7M        59M       935M

MemTotal:        4016004 kB
MemFree:         2544028 kB
Active:           431824 kB
Mem:          3.8G       1.4G       2.4G       5.7M        59M       979M

MemTotal:        4016004 kB
MemFree:         2498416 kB
Active:           429888 kB
Mem:          3.8G       1.4G       2.4G       5.7M        59M       1.0G

MemTotal:        4016004 kB
MemFree:         2453416 kB
Active:           431908 kB
Mem:          3.8G       1.5G       2.3G       5.7M        59M       1.0G

MemTotal:        4016004 kB
MemFree:         2408540 kB
Active:           431932 kB
Mem:          3.8G       1.5G       2.3G       5.7M        59M       1.1G

MemTotal:        4016004 kB
MemFree:         2363188 kB
Active:           431888 kB
Mem:          3.8G       1.6G       2.3G       5.7M        59M       1.1G

MemTotal:        4016004 kB
MemFree:         2318020 kB
Active:           431944 kB
Mem:          3.8G       1.6G       2.2G       5.7M        59M       1.2G

MemTotal:        4016004 kB
MemFree:         2311032 kB
Active:           431944 kB
Mem:          3.8G       1.6G       2.2G       5.7M        59M       1.2G

MemTotal:        4016004 kB
MemFree:         2265892 kB
Active:           431956 kB
Mem:          3.8G       1.7G       2.2G       5.7M        59M       1.2G

MemTotal:        4016004 kB
MemFree:         2220292 kB
Active:           431924 kB
Mem:          3.8G       1.7G       2.1G       5.7M        59M       1.3G

MemTotal:        4016004 kB
MemFree:         2175488 kB
Active:           431944 kB
Mem:          3.8G       1.8G       2.1G       5.7M        59M       1.3G

MemTotal:        4016004 kB
MemFree:         2130976 kB
Active:           431936 kB
Mem:          3.8G       1.8G       2.0G       5.7M        59M       1.3G

MemTotal:        4016004 kB
MemFree:         2084160 kB
Active:           429876 kB
Mem:          3.8G       1.8G       2.0G       5.7M        59M       1.4G

MemTotal:        4016004 kB
MemFree:         2040028 kB
Active:           431968 kB
Mem:          3.8G       1.9G       1.9G       5.7M        59M       1.4G

MemTotal:        4016004 kB
MemFree:         1994780 kB
Active:           431932 kB
Mem:          3.8G       1.9G       1.9G       5.7M        59M       1.5G

MemTotal:        4016004 kB
MemFree:         1961932 kB
Active:           431928 kB
Mem:          3.8G       2.0G       1.9G       5.7M        59M       1.5G

MemTotal:        4016004 kB
MemFree:         1952444 kB
Active:           431952 kB
Mem:          3.8G       2.0G       1.9G       5.7M        59M       1.5G

MemTotal:        4016004 kB
MemFree:         1907632 kB
Active:           432004 kB
Mem:          3.8G       2.0G       1.8G       5.7M        59M       1.6G

MemTotal:        4016004 kB
MemFree:         1861108 kB
Active:           432008 kB
Mem:          3.8G       2.1G       1.8G       5.7M        59M       1.6G

MemTotal:        4016004 kB
MemFree:         1854756 kB
Active:           431968 kB
Mem:          3.8G       2.1G       1.8G       5.7M        59M       1.6G

MemTotal:        4016004 kB
MemFree:         1810004 kB
Active:           432032 kB
Mem:          3.8G       2.1G       1.7G       5.7M        59M       1.6G

MemTotal:        4016004 kB
MemFree:         1765940 kB
Active:           432028 kB
Mem:          3.8G       2.1G       1.7G       5.7M        59M       1.7G

MemTotal:        4016004 kB
MemFree:         1717796 kB
Active:           434044 kB
Mem:          3.8G       2.2G       1.6G       5.7M        59M       1.7G

MemTotal:        4016004 kB
MemFree:         1672876 kB
Active:           434040 kB
Mem:          3.8G       2.2G       1.6G       5.7M        59M       1.8G

MemTotal:        4016004 kB
MemFree:         1628004 kB
Active:           434064 kB
Mem:          3.8G       2.3G       1.6G       5.7M        59M       1.8G

MemTotal:        4016004 kB
MemFree:         1582712 kB
Active:           434056 kB
Mem:          3.8G       2.3G       1.5G       5.7M        59M       1.9G

MemTotal:        4016004 kB
MemFree:         1538756 kB
Active:           434032 kB
Mem:          3.8G       2.4G       1.5G       5.7M        59M       1.9G

MemTotal:        4016004 kB
MemFree:         1493756 kB
Active:           434072 kB
Mem:          3.8G       2.4G       1.4G       5.7M        59M       1.9G

MemTotal:        4016004 kB
MemFree:         1448384 kB
Active:           434072 kB
Mem:          3.8G       2.4G       1.4G       5.7M        59M       2.0G

MemTotal:        4016004 kB
MemFree:         1403588 kB
Active:           434068 kB
Mem:          3.8G       2.5G       1.3G       5.7M        59M       2.0G

MemTotal:        4016004 kB
MemFree:         1357760 kB
Active:           434096 kB
Mem:          3.8G       2.5G       1.3G       5.7M        59M       2.1G

MemTotal:        4016004 kB
MemFree:         1323128 kB
Active:           434096 kB
Mem:          3.8G       2.6G       1.3G       5.7M        59M       2.1G

MemTotal:        4016004 kB
MemFree:         1301876 kB
Active:           434084 kB
Mem:          3.8G       2.6G       1.2G       5.7M        59M       2.1G

MemTotal:        4016004 kB
MemFree:         1256984 kB
Active:           434052 kB
Mem:          3.8G       2.6G       1.2G       5.7M        59M       2.2G

MemTotal:        4016004 kB
MemFree:         1211584 kB
Active:           434120 kB
Mem:          3.8G       2.7G       1.2G       5.7M        59M       2.2G

MemTotal:        4016004 kB
MemFree:         1166604 kB
Active:           434116 kB
Mem:          3.8G       2.7G       1.1G       5.7M        59M       2.2G

MemTotal:        4016004 kB
MemFree:         1121440 kB
Active:           434096 kB
Mem:          3.8G       2.8G       1.1G       5.7M        59M       2.3G

MemTotal:        4016004 kB
MemFree:         1075916 kB
Active:           434128 kB
Mem:          3.8G       2.8G       1.0G       5.7M        59M       2.3G

MemTotal:        4016004 kB
MemFree:         1031180 kB
Active:           434132 kB
Mem:          3.8G       2.8G       1.0G       5.7M        59M       2.4G

MemTotal:        4016004 kB
MemFree:          985576 kB
Active:           434132 kB
Mem:          3.8G       2.9G       962M       5.7M        59M       2.4G

MemTotal:        4016004 kB
MemFree:          940452 kB
Active:           434112 kB
Mem:          3.8G       2.9G       918M       5.7M        59M       2.5G

MemTotal:        4016004 kB
MemFree:          895240 kB
Active:           432164 kB
Mem:          3.8G       3.0G       873M       5.7M        59M       2.5G

MemTotal:        4016004 kB
MemFree:          849588 kB
Active:           434116 kB
Mem:          3.8G       3.0G       829M       5.7M        59M       2.5G

MemTotal:        4016004 kB
MemFree:          805240 kB
Active:           434140 kB
Mem:          3.8G       3.1G       786M       5.7M        59M       2.6G

MemTotal:        4016004 kB
MemFree:          760628 kB
Active:           434132 kB
Mem:          3.8G       3.1G       742M       5.7M        59M       2.6G

MemTotal:        4016004 kB
MemFree:          715208 kB
Active:           434124 kB
Mem:          3.8G       3.1G       697M       5.7M        59M       2.7G

MemTotal:        4016004 kB
MemFree:          669360 kB
Active:           434184 kB
Mem:          3.8G       3.2G       653M       5.7M        59M       2.7G

MemTotal:        4016004 kB
MemFree:          624608 kB
Active:           434152 kB
Mem:          3.8G       3.2G       609M       5.7M        59M       2.8G

MemTotal:        4016004 kB
MemFree:          579816 kB
Active:           434192 kB
Mem:          3.8G       3.3G       565M       5.7M        59M       2.8G

MemTotal:        4016004 kB
MemFree:          536152 kB
Active:           434140 kB
Mem:          3.8G       3.3G       523M       5.7M        59M       2.8G

MemTotal:        4016004 kB
MemFree:          491524 kB
Active:           434184 kB
Mem:          3.8G       3.4G       479M       5.7M        59M       2.9G

MemTotal:        4016004 kB
MemFree:          445284 kB
Active:           432148 kB
Mem:          3.8G       3.4G       434M       5.7M        59M       2.9G

MemTotal:        4016004 kB
MemFree:          414604 kB
Active:           434196 kB
Mem:          3.8G       3.4G       405M       5.7M        59M       3.0G

MemTotal:        4016004 kB
MemFree:          404392 kB
Active:           434216 kB
Mem:          3.8G       3.4G       394M       5.7M        59M       3.0G

MemTotal:        4016004 kB
MemFree:          360648 kB
Active:           434200 kB
Mem:          3.8G       3.5G       352M       5.7M        59M       3.0G

MemTotal:        4016004 kB
MemFree:          331524 kB
Active:           434060 kB
Mem:          3.8G       3.5G       323M       5.7M        59M       3.0G

MemTotal:        4016004 kB
MemFree:          326236 kB
Active:           434040 kB
Mem:          3.8G       3.5G       318M       5.7M        59M       3.0G

MemTotal:        4016004 kB
MemFree:          281640 kB
Active:           434016 kB
Mem:          3.8G       3.6G       274M       5.7M        59M       3.1G

MemTotal:        4016004 kB
MemFree:          236636 kB
Active:           434056 kB
Mem:          3.8G       3.6G       230M       5.7M        59M       3.1G

MemTotal:        4016004 kB
MemFree:          191564 kB
Active:           434076 kB
Mem:          3.8G       3.6G       186M       5.7M        59M       3.2G

MemTotal:        4016004 kB
MemFree:          146740 kB
Active:           434068 kB
Mem:          3.8G       3.7G       143M       5.7M        59M       3.2G

MemTotal:        4016004 kB
MemFree:          125068 kB
Active:           430240 kB
Mem:          3.8G       3.7G       131M       5.7M        28M       3.2G

MemTotal:        4016004 kB
MemFree:          106760 kB
Active:           440764 kB
Mem:          3.8G       3.7G       104M       5.7M        27M       3.3G

MemTotal:        4016004 kB
MemFree:          129860 kB
Active:           485408 kB
Mem:          3.8G       3.7G       126M       5.7M        26M       3.3G

MemTotal:        4016004 kB
MemFree:          128080 kB
Active:           493244 kB
Mem:          3.8G       3.7G       143M       5.7M        26M       3.2G

MemTotal:        4016004 kB
MemFree:          122512 kB
Active:           488168 kB
Mem:          3.8G       3.7G       119M       5.7M        26M       3.3G

MemTotal:        4016004 kB
MemFree:          125476 kB
Active:           482928 kB
Mem:          3.8G       3.7G       122M       5.7M        26M       3.3G

MemTotal:        4016004 kB
MemFree:          125212 kB
Active:           477564 kB
Mem:          3.8G       3.7G       122M       5.7M        26M       3.3G

MemTotal:        4016004 kB
MemFree:          114124 kB
Active:           477436 kB
Mem:          3.8G       3.7G       111M       5.7M        26M       3.3G

MemTotal:        4016004 kB
MemFree:          132180 kB
Active:           471432 kB
Mem:          3.8G       3.7G       129M       5.7M        26M       3.3G

MemTotal:        4016004 kB
MemFree:          122196 kB
Active:           467944 kB
Mem:          3.8G       3.7G       119M       5.7M        26M       3.3G

MemTotal:        4016004 kB
MemFree:          124936 kB
Active:           464184 kB
Mem:          3.8G       3.7G       122M       5.7M        26M       3.3G

MemTotal:        4016004 kB
MemFree:          126616 kB
Active:           458864 kB
Mem:          3.8G       3.7G       122M       5.7M        26M       3.3G

MemTotal:        4016004 kB
MemFree:          108044 kB
Active:           456048 kB
Mem:          3.8G       3.7G       105M       5.7M        26M       3.3G

MemTotal:        4016004 kB
MemFree:          134976 kB
Active:           452600 kB
Mem:          3.8G       3.7G       132M       5.7M        26M       3.2G

MemTotal:        4016004 kB
MemFree:          120752 kB
Active:           451412 kB
Mem:          3.8G       3.7G       117M       5.7M        26M       3.3G

MemTotal:        4016004 kB
MemFree:          112584 kB
Active:           450312 kB
Mem:          3.8G       3.7G       109M       5.7M        26M       3.3G

MemTotal:        4016004 kB
MemFree:          114360 kB
Active:           448392 kB
Mem:          3.8G       3.7G       111M       5.7M        26M       3.3G

MemTotal:        4016004 kB
MemFree:          105804 kB
Active:           447184 kB
Mem:          3.8G       3.7G       103M       5.7M        26M       3.3G

MemTotal:        4016004 kB
MemFree:          134216 kB
Active:           445060 kB
Mem:          3.8G       3.7G       131M       5.7M        26M       3.2G

MemTotal:        4016004 kB
MemFree:          114920 kB
Active:           444932 kB
Mem:          3.8G       3.7G       112M       5.7M        26M       3.3G

MemTotal:        4016004 kB
MemFree:          113988 kB
Active:           444900 kB
Mem:          3.8G       3.7G       110M       5.7M        26M       3.3G

MemTotal:        4016004 kB
MemFree:          113744 kB
Active:           444936 kB
Mem:          3.8G       3.7G       110M       5.7M        26M       3.3G

MemTotal:        4016004 kB
MemFree:          114124 kB
Active:           444908 kB
Mem:          3.8G       3.7G       111M       5.7M        26M       3.3G

MemTotal:        4016004 kB
MemFree:          106568 kB
Active:           444060 kB
Mem:          3.8G       3.7G       103M       5.7M        26M       3.3G

MemTotal:        4016004 kB
MemFree:          129680 kB
Active:           441872 kB
Mem:          3.8G       3.7G       126M       5.7M        26M       3.3G

MemTotal:        4016004 kB
MemFree:          116960 kB
Active:           440720 kB
Mem:          3.8G       3.7G       113M       5.7M        26M       3.3G

MemTotal:        4016004 kB
MemFree:          108872 kB
Active:           439588 kB
Mem:          3.8G       3.7G       105M       5.7M        26M       3.3G

MemTotal:        4016004 kB
MemFree:          125824 kB
Active:           437904 kB
Mem:          3.8G       3.7G       122M       5.7M        26M       3.3G

MemTotal:        4016004 kB
MemFree:          128060 kB
Active:           436252 kB
Mem:          3.8G       3.7G       124M       5.7M        26M       3.3G

MemTotal:        4016004 kB
MemFree:          106868 kB
Active:           432864 kB
Mem:          3.8G       3.7G       104M       5.7M        26M       3.3G

MemTotal:        4016004 kB
MemFree:          110232 kB
Active:           430948 kB
Mem:          3.8G       3.7G       107M       5.7M        26M       3.3G

MemTotal:        4016004 kB
MemFree:          126520 kB
Active:           429164 kB
Mem:          3.8G       3.7G       123M       5.7M        26M       3.3G

MemTotal:        4016004 kB
MemFree:          105384 kB
Active:           426040 kB
Mem:          3.8G       3.7G       103M       5.7M        26M       3.3G

MemTotal:        4016004 kB
MemFree:          113996 kB
Active:           424580 kB
Mem:          3.8G       3.7G       111M       5.7M        26M       3.3G

MemTotal:        4016004 kB
MemFree:          112760 kB
Active:           423296 kB
Mem:          3.8G       3.7G       109M       5.7M        26M       3.3G

MemTotal:        4016004 kB
MemFree:          111640 kB
Active:           423364 kB
Mem:          3.8G       3.7G       108M       5.7M        26M       3.3G

MemTotal:        4016004 kB
MemFree:          110928 kB
Active:           423336 kB
Mem:          3.8G       3.7G       108M       5.7M        26M       3.3G

MemTotal:        4016004 kB
MemFree:          111184 kB
Active:           423344 kB
Mem:          3.8G       3.7G       108M       5.7M        26M       3.3G

MemTotal:        4016004 kB
MemFree:          115616 kB
Active:           420920 kB
Mem:          3.8G       3.7G       113M       5.7M        26M       3.3G

MemTotal:        4016004 kB
MemFree:          107016 kB
Active:           421720 kB
Mem:          3.8G       3.7G       104M       5.7M        26M       3.3G

MemTotal:        4016004 kB
MemFree:          109228 kB
Active:           419680 kB
Mem:          3.8G       3.7G       106M       5.7M        26M       3.3G

MemTotal:        4016004 kB
MemFree:          118328 kB
Active:           415812 kB
Mem:          3.8G       3.7G       114M       5.7M        26M       3.3G

MemTotal:        4016004 kB
MemFree:          108944 kB
Active:           414648 kB
Mem:          3.8G       3.7G       106M       5.7M        26M       3.3G

MemTotal:        4016004 kB
MemFree:          125284 kB
Active:           412732 kB
Mem:          3.8G       3.7G       121M       5.7M        26M       3.3G

MemTotal:        4016004 kB
MemFree:          126968 kB
Active:           410832 kB
Mem:          3.8G       3.7G       124M       5.7M        26M       3.3G

MemTotal:        4016004 kB
MemFree:          123624 kB
Active:           409296 kB
Mem:          3.8G       3.7G       120M       5.7M        26M       3.3G

MemTotal:        4016004 kB
MemFree:          121512 kB
Active:           407720 kB
Mem:          3.8G       3.7G       118M       5.7M        26M       3.3G

MemTotal:        4016004 kB
MemFree:          106920 kB
Active:           406572 kB
Mem:          3.8G       3.7G       104M       5.7M        26M       3.3G

MemTotal:        4016004 kB
MemFree:          127660 kB
Active:           404952 kB
Mem:          3.8G       3.7G       124M       5.7M        26M       3.3G

MemTotal:        4016004 kB
MemFree:          124920 kB
Active:           404964 kB
Mem:          3.8G       3.7G       121M       5.7M        26M       3.3G

MemTotal:        4016004 kB
MemFree:          124332 kB
Active:           404928 kB
Mem:          3.8G       3.7G       121M       5.7M        26M       3.3G

MemTotal:        4016004 kB
MemFree:          121296 kB
Active:           403444 kB
Mem:          3.8G       3.7G       117M       5.7M        26M       3.3G

MemTotal:        4016004 kB
MemFree:          124812 kB
Active:           402172 kB
Mem:          3.8G       3.7G       126M       5.7M        26M       3.3G

MemTotal:        4016004 kB
MemFree:          127196 kB
Active:           400240 kB
Mem:          3.8G       3.7G       124M       5.7M        26M       3.3G

MemTotal:        4016004 kB
MemFree:          112456 kB
Active:           399304 kB
Mem:          3.8G       3.7G       109M       5.7M        26M       3.3G

MemTotal:        4016004 kB
MemFree:          129068 kB
Active:           397444 kB
Mem:          3.8G       3.7G       126M       5.7M        26M       3.3G

MemTotal:        4016004 kB
MemFree:          114688 kB
Active:           395308 kB
Mem:          3.8G       3.7G       111M       5.7M        26M       3.3G

MemTotal:        4016004 kB
MemFree:          125236 kB
Active:           395696 kB
Mem:          3.8G       3.7G       121M       5.7M        26M       3.3G

MemTotal:        4016004 kB
MemFree:          122676 kB
Active:           394160 kB
Mem:          3.8G       3.7G       118M       5.7M        26M       3.3G

MemTotal:        4016004 kB
MemFree:          128388 kB
Active:           392600 kB
Mem:          3.8G       3.7G       124M       5.7M        26M       3.3G

MemTotal:        4016004 kB
MemFree:          125400 kB
Active:           391168 kB
Mem:          3.8G       3.7G       122M       5.7M        26M       3.3G

MemTotal:        4016004 kB
MemFree:          122372 kB
Active:           388028 kB
Mem:          3.8G       3.7G       119M       5.7M        26M       3.3G

MemTotal:        4016004 kB
MemFree:          126840 kB
Active:           387348 kB
Mem:          3.8G       3.7G       123M       5.7M        26M       3.3G

MemTotal:        4016004 kB
MemFree:          118564 kB
Active:           386204 kB
Mem:          3.8G       3.7G       116M       5.7M        26M       3.3G

MemTotal:        4016004 kB
MemFree:          127864 kB
Active:           384592 kB
Mem:          3.8G       3.7G       125M       5.7M        26M       3.3G

MemTotal:        4016004 kB
MemFree:          125160 kB
Active:           383548 kB
Mem:          3.8G       3.7G       122M       5.7M        26M       3.3G

MemTotal:        4016004 kB
MemFree:          116704 kB
Active:           383964 kB
Mem:          3.8G       3.7G       114M       5.7M        26M       3.3G

MemTotal:        4016004 kB
MemFree:          108488 kB
Active:           382764 kB
Mem:          3.8G       3.7G       105M       5.7M        26M       3.3G

MemTotal:        4016004 kB
MemFree:          119900 kB
Active:           380724 kB
Mem:          3.8G       3.7G       117M       5.7M        26M       3.3G

MemTotal:        4016004 kB
MemFree:          113132 kB
Active:           379752 kB
Mem:          3.8G       3.7G       109M       5.7M        26M       3.3G

MemTotal:        4016004 kB
MemFree:          121236 kB
Active:           378580 kB
Mem:          3.8G       3.7G       117M       5.7M        26M       3.3G

MemTotal:        4016004 kB
MemFree:          123852 kB
Active:           375820 kB
Mem:          3.8G       3.7G       120M       5.7M        26M       3.3G

MemTotal:        4016004 kB
MemFree:          135696 kB
Active:           375804 kB
Mem:          3.8G       3.7G       132M       5.7M        26M       3.2G

MemTotal:        4016004 kB
MemFree:          127028 kB
Active:           375796 kB
Mem:          3.8G       3.7G       123M       5.7M        26M       3.3G

MemTotal:        4016004 kB
MemFree:          107000 kB
Active:           375636 kB
Mem:          3.8G       3.7G       104M       5.7M        26M       3.3G

MemTotal:        4016004 kB
MemFree:          133768 kB
Active:           375684 kB
Mem:          3.8G       3.7G       130M       5.7M        26M       3.2G

MemTotal:        4016004 kB
MemFree:          119320 kB
Active:           375700 kB
Mem:          3.8G       3.7G       116M       5.7M        26M       3.3G

MemTotal:        4016004 kB
MemFree:          111256 kB
Active:           375688 kB
Mem:          3.8G       3.7G       108M       5.7M        26M       3.3G

MemTotal:        4016004 kB
MemFree:          113740 kB
Active:           375712 kB
Mem:          3.8G       3.7G       111M       5.7M        26M       3.3G

MemTotal:        4016004 kB
MemFree:          104824 kB
Active:           375712 kB
Mem:          3.8G       3.7G       102M       5.7M        26M       3.3G

MemTotal:        4016004 kB
MemFree:          122184 kB
Active:           375568 kB
Mem:          3.8G       3.7G       119M       5.7M        26M       3.3G

MemTotal:        4016004 kB
MemFree:          128040 kB
Active:           375608 kB
Mem:          3.8G       3.7G       125M       5.7M        26M       3.3G

MemTotal:        4016004 kB
MemFree:          134208 kB
Active:           375612 kB
Mem:          3.8G       3.7G       130M       5.7M        26M       3.2G

MemTotal:        4016004 kB
MemFree:          131112 kB
Active:           375648 kB
Mem:          3.8G       3.7G       127M       5.7M        26M       3.2G

MemTotal:        4016004 kB
MemFree:          122368 kB
Active:           375620 kB
Mem:          3.8G       3.7G       119M       5.7M        26M       3.3G

MemTotal:        4016004 kB
MemFree:          129384 kB
Active:           375652 kB
Mem:          3.8G       3.7G       126M       5.7M        26M       3.2G

MemTotal:        4016004 kB
MemFree:          131444 kB
Active:           375620 kB
Mem:          3.8G       3.7G       127M       5.7M        26M       3.2G

MemTotal:        4016004 kB
MemFree:          141608 kB
Active:           375668 kB
Mem:          3.8G       3.7G       137M       5.7M        26M       3.2G

MemTotal:        4016004 kB
MemFree:          132872 kB
Active:           375648 kB
Mem:          3.8G       3.7G       129M       5.7M        26M       3.2G

MemTotal:        4016004 kB
MemFree:          124260 kB
Active:           375648 kB
Mem:          3.8G       3.7G       120M       5.7M        26M       3.3G

MemTotal:        4016004 kB
MemFree:          126292 kB
Active:           375648 kB
Mem:          3.8G       3.7G       123M       5.7M        26M       3.3G

MemTotal:        4016004 kB
MemFree:          112680 kB
Active:           375600 kB
Mem:          3.8G       3.7G       109M       5.7M        26M       3.3G

MemTotal:        4016004 kB
MemFree:          134892 kB
Active:           375652 kB
Mem:          3.8G       3.7G       131M       5.7M        26M       3.2G

MemTotal:        4016004 kB
MemFree:          126060 kB
Active:           375660 kB
Mem:          3.8G       3.7G       122M       5.7M        26M       3.3G

MemTotal:        4016004 kB
MemFree:          124896 kB
Active:           375660 kB
Mem:          3.8G       3.7G       121M       5.7M        26M       3.3G

MemTotal:        4016004 kB
MemFree:          134896 kB
Active:           375596 kB
Mem:          3.8G       3.7G       131M       5.7M        26M       3.2G

MemTotal:        4016004 kB
MemFree:          133176 kB
Active:           376900 kB
Mem:          3.8G       3.7G       129M       5.7M        26M       3.2G

MemTotal:        4016004 kB
MemFree:          111428 kB
Active:           376652 kB
Mem:          3.8G       3.7G       108M       5.7M        26M       3.3G

MemTotal:        4016004 kB
MemFree:          123384 kB
Active:           376684 kB
Mem:          3.8G       3.7G       119M       5.7M        26M       3.3G

MemTotal:        4016004 kB
MemFree:          132844 kB
Active:           376684 kB
Mem:          3.8G       3.7G       129M       5.7M        26M       3.2G

MemTotal:        4016004 kB
MemFree:          125408 kB
Active:           376672 kB
Mem:          3.8G       3.7G       121M       5.7M        26M       3.3G

MemTotal:        4016004 kB
MemFree:          110636 kB
Active:           376684 kB
Mem:          3.8G       3.7G       107M       5.7M        26M       3.3G

MemTotal:        4016004 kB
MemFree:          132048 kB
Active:           376672 kB
Mem:          3.8G       3.7G       128M       5.7M        26M       3.2G

MemTotal:        4016004 kB
MemFree:          123076 kB
Active:           376692 kB
Mem:          3.8G       3.7G       120M       5.7M        26M       3.3G

MemTotal:        4016004 kB
MemFree:          124060 kB
Active:           372344 kB
Mem:          3.8G       3.7G       121M       5.7M        26M       3.3G

MemTotal:        4016004 kB
MemFree:          105004 kB
Active:           371664 kB
Mem:          3.8G       3.7G       102M       5.7M        26M       3.3G

MemTotal:        4016004 kB
MemFree:          131948 kB
Active:           373472 kB
Mem:          3.8G       3.7G       128M       5.7M        26M       3.2G

MemTotal:        4016004 kB
MemFree:          131708 kB
Active:           373440 kB
Mem:          3.8G       3.7G       128M       5.7M        26M       3.2G

MemTotal:        4016004 kB
MemFree:          123108 kB
Active:           373480 kB
Mem:          3.8G       3.7G       120M       5.7M        26M       3.3G

MemTotal:        4016004 kB
MemFree:          111344 kB
Active:           373484 kB
Mem:          3.8G       3.7G       108M       5.7M        26M       3.3G

MemTotal:        4016004 kB
MemFree:          126484 kB
Active:           373492 kB
Mem:          3.8G       3.7G       123M       5.7M        26M       3.2G

MemTotal:        4016004 kB
MemFree:          117856 kB
Active:           373504 kB
Mem:          3.8G       3.7G       115M       5.7M        26M       3.3G

MemTotal:        4016004 kB
MemFree:          109212 kB
Active:           373516 kB
Mem:          3.8G       3.7G       106M       5.7M        26M       3.3G

MemTotal:        4016004 kB
MemFree:          118820 kB
Active:           373516 kB
Mem:          3.8G       3.7G       116M       5.7M        26M       3.3G

MemTotal:        4016004 kB
MemFree:          115100 kB
Active:           370712 kB
Mem:          3.8G       3.7G       112M       5.7M        26M       3.3G

MemTotal:        4016004 kB
MemFree:          117316 kB
Active:           370668 kB
Mem:          3.8G       3.7G       113M       5.7M        26M       3.3G

MemTotal:        4016004 kB
MemFree:          128280 kB
Active:           370712 kB
Mem:          3.8G       3.7G       124M       5.7M        26M       3.2G

MemTotal:        4016004 kB
MemFree:          120756 kB
Active:           370664 kB
Mem:          3.8G       3.7G       117M       5.7M        26M       3.3G

MemTotal:        4016004 kB
MemFree:          112192 kB
Active:           370724 kB
Mem:          3.8G       3.7G       109M       5.7M        26M       3.3G

MemTotal:        4016004 kB
MemFree:          128512 kB
Active:           370676 kB
Mem:          3.8G       3.7G       125M       5.7M        26M       3.2G

MemTotal:        4016004 kB
MemFree:          118832 kB
Active:           370684 kB
Mem:          3.8G       3.7G       116M       5.7M        26M       3.3G

MemTotal:        4016004 kB
MemFree:          127492 kB
Active:           370716 kB
Mem:          3.8G       3.7G       124M       5.7M        26M       3.2G

MemTotal:        4016004 kB
MemFree:          123380 kB
Active:           370712 kB
Mem:          3.8G       3.7G       119M       5.7M        26M       3.3G

MemTotal:        4016004 kB
MemFree:          126048 kB
Active:           370720 kB
Mem:          3.8G       3.7G       122M       5.7M        26M       3.2G

MemTotal:        4016004 kB
MemFree:          123692 kB
Active:           369756 kB
Mem:          3.8G       3.7G       121M       5.7M        26M       3.2G

MemTotal:        4016004 kB
MemFree:          128548 kB
Active:           369576 kB
Mem:          3.8G       3.7G       125M       5.7M        26M       3.2G

MemTotal:        4016004 kB
MemFree:          120088 kB
Active:           369568 kB
Mem:          3.8G       3.7G       116M       5.7M        26M       3.3G

MemTotal:        4016004 kB
MemFree:          105064 kB
Active:           369632 kB
Mem:          3.8G       3.7G       102M       5.7M        26M       3.3G

MemTotal:        4016004 kB
MemFree:          125952 kB
Active:           369632 kB
Mem:          3.8G       3.7G       122M       5.7M        26M       3.2G

MemTotal:        4016004 kB
MemFree:          117284 kB
Active:           369632 kB
Mem:          3.8G       3.7G       114M       5.7M        26M       3.3G

MemTotal:        4016004 kB
MemFree:          128796 kB
Active:           369580 kB
Mem:          3.8G       3.7G       125M       5.7M        26M       3.2G

MemTotal:        4016004 kB
MemFree:          125628 kB
Active:           369632 kB
Mem:          3.8G       3.7G       122M       5.7M        26M       3.2G

MemTotal:        4016004 kB
MemFree:          124180 kB
Active:           369624 kB
Mem:          3.8G       3.7G       125M       5.7M        27M       3.2G

MemTotal:        4016004 kB
MemFree:          122552 kB
Active:           369536 kB
Mem:          3.8G       3.7G       119M       5.7M        27M       3.3G

MemTotal:        4016004 kB
MemFree:          111392 kB
Active:           367952 kB
Mem:          3.8G       3.7G       108M       5.7M        27M       3.3G

MemTotal:        4016004 kB
MemFree:          128140 kB
Active:           367748 kB
Mem:          3.8G       3.7G       124M       5.7M        27M       3.2G

MemTotal:        4016004 kB
MemFree:          121288 kB
Active:           367772 kB
Mem:          3.8G       3.7G       117M       5.7M        27M       3.3G

MemTotal:        4016004 kB
MemFree:          125680 kB
Active:           367736 kB
Mem:          3.8G       3.7G       122M       5.7M        27M       3.2G

MemTotal:        4016004 kB
MemFree:          121264 kB
Active:           367784 kB
Mem:          3.8G       3.7G       118M       5.7M        27M       3.3G

MemTotal:        4016004 kB
MemFree:          128800 kB
Active:           367784 kB
Mem:          3.8G       3.7G       125M       5.7M        27M       3.2G

MemTotal:        4016004 kB
MemFree:          121644 kB
Active:           367772 kB
Mem:          3.8G       3.7G       117M       5.7M        27M       3.3G

MemTotal:        4016004 kB
MemFree:          107236 kB
Active:           367788 kB
Mem:          3.8G       3.7G       104M       5.7M        27M       3.3G

MemTotal:        4016004 kB
MemFree:          127260 kB
Active:           367792 kB
Mem:          3.8G       3.7G       124M       5.7M        27M       3.2G

MemTotal:        4016004 kB
MemFree:          118976 kB
Active:           367812 kB
Mem:          3.8G       3.7G       116M       5.7M        27M       3.3G

MemTotal:        4016004 kB
MemFree:          132192 kB
Active:           358024 kB
Mem:          3.8G       3.7G       129M       5.7M        27M       3.2G

MemTotal:        4016004 kB
MemFree:          125656 kB
Active:           358048 kB
Mem:          3.8G       3.7G       122M       5.7M        27M       3.2G

MemTotal:        4016004 kB
MemFree:          129312 kB
Active:           358048 kB
Mem:          3.8G       3.7G       126M       5.7M        27M       3.2G

MemTotal:        4016004 kB
MemFree:          114868 kB
Active:           358052 kB
Mem:          3.8G       3.7G       111M       5.7M        27M       3.3G

MemTotal:        4016004 kB
MemFree:          107584 kB
Active:           358052 kB
Mem:          3.8G       3.7G       104M       5.7M        27M       3.3G

MemTotal:        4016004 kB
MemFree:          108884 kB
Active:           358000 kB
Mem:          3.8G       3.7G       106M       5.7M        27M       3.3G

MemTotal:        4016004 kB
MemFree:          129748 kB
Active:           358056 kB
Mem:          3.8G       3.7G       126M       5.7M        27M       3.2G

MemTotal:        4016004 kB
MemFree:          126984 kB
Active:           358032 kB
Mem:          3.8G       3.7G       123M       5.7M        27M       3.2G

MemTotal:        4016004 kB
MemFree:          126144 kB
Active:           358052 kB
Mem:          3.8G       3.7G       122M       5.7M        27M       3.2G

MemTotal:        4016004 kB
MemFree:          122916 kB
Active:           358076 kB
Mem:          3.8G       3.7G       119M       5.7M        27M       3.2G

MemTotal:        4016004 kB
MemFree:          107536 kB
Active:           358044 kB
Mem:          3.8G       3.7G       105M       5.7M        27M       3.3G

MemTotal:        4016004 kB
MemFree:          130752 kB
Active:           359300 kB
Mem:          3.8G       3.7G       127M       5.7M        27M       3.2G

MemTotal:        4016004 kB
MemFree:          117236 kB
Active:           359344 kB
Mem:          3.8G       3.7G       114M       5.7M        27M       3.3G

MemTotal:        4016004 kB
MemFree:          127568 kB
Active:           358176 kB
Mem:          3.8G       3.7G       124M       5.7M        27M       3.2G

MemTotal:        4016004 kB
MemFree:          121236 kB
Active:           358204 kB
Mem:          3.8G       3.7G       118M       5.7M        27M       3.2G

MemTotal:        4016004 kB
MemFree:          126284 kB
Active:           358204 kB
Mem:          3.8G       3.7G       123M       5.7M        27M       3.2G

MemTotal:        4016004 kB
MemFree:          123828 kB
Active:           358200 kB
Mem:          3.8G       3.7G       120M       5.7M        27M       3.2G

MemTotal:        4016004 kB
MemFree:          127460 kB
Active:           358208 kB
Mem:          3.8G       3.7G       124M       5.7M        27M       3.2G

MemTotal:        4016004 kB
MemFree:          121404 kB
Active:           358224 kB
Mem:          3.8G       3.7G       118M       5.7M        27M       3.2G

MemTotal:        4016004 kB
MemFree:          126560 kB
Active:           358228 kB
Mem:          3.8G       3.7G       123M       5.7M        27M       3.2G

MemTotal:        4016004 kB
MemFree:          124136 kB
Active:           358232 kB
Mem:          3.8G       3.7G       121M       5.7M        27M       3.2G

MemTotal:        4016004 kB
MemFree:          127472 kB
Active:           358224 kB
Mem:          3.8G       3.7G       124M       5.7M        27M       3.2G

MemTotal:        4016004 kB
MemFree:          119896 kB
Active:           358240 kB
Mem:          3.8G       3.7G       116M       5.7M        27M       3.2G

MemTotal:        4016004 kB
MemFree:          117328 kB
Active:           358240 kB
Mem:          3.8G       3.7G       114M       5.7M        27M       3.2G

MemTotal:        4016004 kB
MemFree:          114320 kB
Active:           358236 kB
Mem:          3.8G       3.7G       111M       5.7M        27M       3.3G

MemTotal:        4016004 kB
MemFree:          113204 kB
Active:           358140 kB
Mem:          3.8G       3.7G       110M       5.7M        27M       3.3G

MemTotal:        4016004 kB
MemFree:          104788 kB
Active:           358100 kB
Mem:          3.8G       3.7G       108M       5.7M        27M       3.3G

MemTotal:        4016004 kB
MemFree:          123352 kB
Active:           356092 kB
Mem:          3.8G       3.7G       120M       5.7M        27M       3.2G

MemTotal:        4016004 kB
MemFree:          133088 kB
Active:           356140 kB
Mem:          3.8G       3.7G       129M       5.7M        27M       3.2G

MemTotal:        4016004 kB
MemFree:          112120 kB
Active:           356140 kB
Mem:          3.8G       3.7G       109M       5.7M        27M       3.3G

MemTotal:        4016004 kB
MemFree:          132932 kB
Active:           356140 kB
Mem:          3.8G       3.7G       129M       5.7M        27M       3.2G

MemTotal:        4016004 kB
MemFree:          119184 kB
Active:           357164 kB
Mem:          3.8G       3.7G       116M       5.7M        27M       3.2G

MemTotal:        4016004 kB
MemFree:          110884 kB
Active:           357164 kB
Mem:          3.8G       3.7G       107M       5.7M        27M       3.3G

MemTotal:        4016004 kB
MemFree:          111764 kB
Active:           357172 kB
Mem:          3.8G       3.7G       109M       5.7M        27M       3.3G

MemTotal:        4016004 kB
MemFree:          128688 kB
Active:           357172 kB
Mem:          3.8G       3.7G       125M       5.7M        27M       3.2G

MemTotal:        4016004 kB
MemFree:          116248 kB
Active:           357172 kB
Mem:          3.8G       3.7G       113M       5.7M        27M       3.2G

MemTotal:        4016004 kB
MemFree:          115412 kB
Active:           357184 kB
Mem:          3.8G       3.7G       112M       5.7M        27M       3.2G

MemTotal:        4016004 kB
MemFree:          137740 kB
Active:           357200 kB
Mem:          3.8G       3.7G       134M       5.7M        27M       3.2G

MemTotal:        4016004 kB
MemFree:          128224 kB
Active:           357200 kB
Mem:          3.8G       3.7G       125M       5.7M        27M       3.2G

MemTotal:        4016004 kB
MemFree:          127952 kB
Active:           357204 kB
Mem:          3.8G       3.7G       125M       5.7M        27M       3.2G

MemTotal:        4016004 kB
MemFree:          113580 kB
Active:           357164 kB
Mem:          3.8G       3.7G       110M       5.7M        27M       3.3G

MemTotal:        4016004 kB
MemFree:          120108 kB
Active:           357212 kB
Mem:          3.8G       3.7G       125M       5.7M        27M       3.2G

MemTotal:        4016004 kB
MemFree:          119452 kB
Active:           353056 kB
Mem:          3.8G       3.7G       116M       5.7M        27M       3.2G

MemTotal:        4016004 kB
MemFree:          105420 kB
Active:           352956 kB
Mem:          3.8G       3.7G       102M       5.7M        27M       3.3G

MemTotal:        4016004 kB
MemFree:          126128 kB
Active:           352972 kB
Mem:          3.8G       3.7G       123M       5.7M        27M       3.2G

MemTotal:        4016004 kB
MemFree:          106304 kB
Active:           352972 kB
Mem:          3.8G       3.7G       103M       5.7M        27M       3.3G

MemTotal:        4016004 kB
MemFree:          127740 kB
Active:           352984 kB
Mem:          3.8G       3.7G       124M       5.7M        27M       3.2G

MemTotal:        4016004 kB
MemFree:          107840 kB
Active:           352984 kB
Mem:          3.8G       3.7G       104M       5.7M        27M       3.3G

MemTotal:        4016004 kB
MemFree:          112988 kB
Active:           352984 kB
Mem:          3.8G       3.7G       110M       5.7M        27M       3.3G

MemTotal:        4016004 kB
MemFree:          123204 kB
Active:           352980 kB
Mem:          3.8G       3.7G       120M       5.7M        27M       3.2G

MemTotal:        4016004 kB
MemFree:          112512 kB
Active:           353008 kB
Mem:          3.8G       3.7G       109M       5.7M        27M       3.2G

MemTotal:        4016004 kB
MemFree:          134040 kB
Active:           354164 kB
Mem:          3.8G       3.7G       131M       5.7M        27M       3.2G

MemTotal:        4016004 kB
MemFree:          125708 kB
Active:           354036 kB
Mem:          3.8G       3.7G       122M       5.7M        27M       3.2G

MemTotal:        4016004 kB
MemFree:          128596 kB
Active:           354000 kB
Mem:          3.8G       3.7G       125M       5.7M        27M       3.2G

MemTotal:        4016004 kB
MemFree:          140252 kB
Active:           354044 kB
Mem:          3.8G       3.7G       137M       5.7M        27M       3.2G

MemTotal:        4016004 kB
MemFree:          131600 kB
Active:           354044 kB
Mem:          3.8G       3.7G       128M       5.7M        27M       3.2G

MemTotal:        4016004 kB
MemFree:          124036 kB
Active:           354044 kB
Mem:          3.8G       3.7G       121M       5.7M        27M       3.2G

MemTotal:        4016004 kB
MemFree:          127796 kB
Active:           354020 kB
Mem:          3.8G       3.7G       124M       5.7M        27M       3.2G

MemTotal:        4016004 kB
MemFree:          111404 kB
Active:           354016 kB
Mem:          3.8G       3.7G       108M       5.7M        27M       3.2G

MemTotal:        4016004 kB
MemFree:          126744 kB
Active:           354012 kB
Mem:          3.8G       3.7G       123M       5.7M        27M       3.2G

MemTotal:        4016004 kB
MemFree:          119964 kB
Active:           352168 kB
Mem:          3.8G       3.7G       117M       5.7M        27M       3.2G

MemTotal:        4016004 kB
MemFree:          128804 kB
Active:           352104 kB
Mem:          3.8G       3.7G       125M       5.7M        27M       3.2G

MemTotal:        4016004 kB
MemFree:          127568 kB
Active:           352128 kB
Mem:          3.8G       3.7G       124M       5.7M        27M       3.2G

MemTotal:        4016004 kB
MemFree:          123660 kB
Active:           352116 kB
Mem:          3.8G       3.7G       120M       5.7M        27M       3.2G

MemTotal:        4016004 kB
MemFree:          114312 kB
Active:           352136 kB
Mem:          3.8G       3.7G       110M       5.7M        27M       3.2G

MemTotal:        4016004 kB
MemFree:          120600 kB
Active:           352088 kB
Mem:          3.8G       3.7G       117M       5.7M        27M       3.2G

MemTotal:        4016004 kB
MemFree:          131380 kB
Active:           351772 kB
Mem:          3.8G       3.7G       127M       5.7M        27M       3.2G

MemTotal:        4016004 kB
MemFree:          131256 kB
Active:           351812 kB
Mem:          3.8G       3.7G       128M       5.7M        27M       3.2G

MemTotal:        4016004 kB
MemFree:          131132 kB
Active:           351808 kB
Mem:          3.8G       3.7G       128M       5.7M        27M       3.2G

MemTotal:        4016004 kB
MemFree:          131256 kB
Active:           351796 kB
Mem:          3.8G       3.7G       127M       5.7M        27M       3.2G

MemTotal:        4016004 kB
MemFree:          131380 kB
Active:           351816 kB
Mem:          3.8G       3.7G       128M       5.7M        27M       3.2G

MemTotal:        4016004 kB
MemFree:          131256 kB
Active:           351796 kB
Mem:          3.8G       3.7G       128M       5.7M        27M       3.2G

MemTotal:        4016004 kB
MemFree:          131132 kB
Active:           351828 kB
Mem:          3.8G       3.7G       128M       5.7M        27M       3.2G

MemTotal:        4016004 kB
MemFree:          131504 kB
Active:           351824 kB
Mem:          3.8G       3.7G       128M       5.7M        27M       3.2G

MemTotal:        4016004 kB
MemFree:          131628 kB
Active:           351824 kB
Mem:          3.8G       3.7G       128M       5.7M        27M       3.2G

MemTotal:        4016004 kB
MemFree:          131752 kB
Active:           351796 kB
Mem:          3.8G       3.7G       128M       5.7M        27M       3.2G

MemTotal:        4016004 kB
MemFree:          131256 kB
Active:           351844 kB
Mem:          3.8G       3.7G       128M       5.7M        27M       3.2G

MemTotal:        4016004 kB
MemFree:          131628 kB
Active:           351840 kB
Mem:          3.8G       3.7G       128M       5.7M        27M       3.2G

MemTotal:        4016004 kB
MemFree:          131628 kB
Active:           351832 kB
Mem:          3.8G       3.7G       128M       5.7M        27M       3.2G

MemTotal:        4016004 kB
MemFree:          131628 kB
Active:           351800 kB
Mem:          3.8G       3.7G       128M       5.7M        27M       3.2G

MemTotal:        4016004 kB
MemFree:          131628 kB
Active:           351836 kB
Mem:          3.8G       3.7G       128M       5.7M        27M       3.2G

MemTotal:        4016004 kB
MemFree:          132000 kB
Active:           351844 kB
Mem:          3.8G       3.7G       128M       5.7M        27M       3.2G

MemTotal:        4016004 kB
MemFree:          131876 kB
Active:           351800 kB
Mem:          3.8G       3.7G       128M       5.7M        27M       3.2G

MemTotal:        4016004 kB
MemFree:          131876 kB
Active:           351844 kB
Mem:          3.8G       3.7G       128M       5.7M        27M       3.2G

MemTotal:        4016004 kB
MemFree:          131876 kB
Active:           351840 kB
Mem:          3.8G       3.7G       128M       5.7M        27M       3.2G

MemTotal:        4016004 kB
MemFree:          131504 kB
Active:           351868 kB
Mem:          3.8G       3.7G       128M       5.7M        27M       3.2G

MemTotal:        4016004 kB
MemFree:          132000 kB
Active:           351852 kB
Mem:          3.8G       3.7G       128M       5.7M        27M       3.2G

MemTotal:        4016004 kB
MemFree:          132124 kB
Active:           351848 kB
Mem:          3.8G       3.7G       129M       5.7M        27M       3.2G

MemTotal:        4016004 kB
MemFree:          132124 kB
Active:           351848 kB
Mem:          3.8G       3.7G       129M       5.7M        27M       3.2G

MemTotal:        4016004 kB
MemFree:          131308 kB
Active:           351868 kB
Mem:          3.8G       3.7G       128M       5.7M        27M       3.2G

MemTotal:        4016004 kB
MemFree:          131340 kB
Active:           351820 kB
Mem:          3.8G       3.7G       128M       5.7M        27M       3.2G

MemTotal:        4016004 kB
MemFree:          131404 kB
Active:           351860 kB
Mem:          3.8G       3.7G       128M       5.7M        27M       3.2G

MemTotal:        4016004 kB
MemFree:          131784 kB
Active:           351816 kB
Mem:          3.8G       3.7G       128M       5.7M        27M       3.2G

MemTotal:        4016004 kB
MemFree:          131412 kB
Active:           351844 kB
Mem:          3.8G       3.7G       128M       5.7M        27M       3.2G

MemTotal:        4016004 kB
MemFree:          131536 kB
Active:           351840 kB
Mem:          3.8G       3.7G       128M       5.7M        27M       3.2G

MemTotal:        4016004 kB
MemFree:          131660 kB
Active:           351880 kB
Mem:          3.8G       3.7G       128M       5.7M        27M       3.2G

MemTotal:        4016004 kB
MemFree:          131660 kB
Active:           351856 kB
Mem:          3.8G       3.7G       128M       5.7M        27M       3.2G

MemTotal:        4016004 kB
MemFree:          131164 kB
Active:           351888 kB
Mem:          3.8G       3.7G       128M       5.7M        27M       3.2G

MemTotal:        4016004 kB
MemFree:          130916 kB
Active:           351888 kB
Mem:          3.8G       3.7G       128M       5.7M        27M       3.2G

MemTotal:        4016004 kB
MemFree:          131164 kB
Active:           351856 kB
Mem:          3.8G       3.7G       127M       5.7M        27M       3.2G

MemTotal:        4016004 kB
MemFree:          131164 kB
Active:           351884 kB
Mem:          3.8G       3.7G       128M       5.7M        27M       3.2G

MemTotal:        4016004 kB
MemFree:          131288 kB
Active:           351852 kB
Mem:          3.8G       3.7G       128M       5.7M        27M       3.2G

MemTotal:        4016004 kB
MemFree:          130916 kB
Active:           351896 kB
Mem:          3.8G       3.7G       127M       5.7M        27M       3.2G

MemTotal:        4016004 kB
MemFree:          131288 kB
Active:           351856 kB
Mem:          3.8G       3.7G       128M       5.7M        27M       3.2G

MemTotal:        4016004 kB
MemFree:          131412 kB
Active:           351872 kB
Mem:          3.8G       3.7G       128M       5.7M        27M       3.2G

MemTotal:        4016004 kB
MemFree:          131412 kB
Active:           351860 kB
Mem:          3.8G       3.7G       128M       5.7M        27M       3.2G

MemTotal:        4016004 kB
MemFree:          131536 kB
Active:           351840 kB
Mem:          3.8G       3.7G       128M       5.7M        27M       3.2G

MemTotal:        4016004 kB
MemFree:          131536 kB
Active:           351840 kB
Mem:          3.8G       3.7G       127M       5.7M        27M       3.2G

MemTotal:        4016004 kB
MemFree:          131288 kB
Active:           351844 kB
Mem:          3.8G       3.7G       128M       5.7M        27M       3.2G

MemTotal:        4016004 kB
MemFree:          131288 kB
Active:           351844 kB
Mem:          3.8G       3.7G       128M       5.7M        27M       3.2G

MemTotal:        4016004 kB
MemFree:          131412 kB
Active:           351872 kB
Mem:          3.8G       3.7G       128M       5.7M        27M       3.2G

MemTotal:        4016004 kB
MemFree:          131536 kB
Active:           351880 kB
Mem:          3.8G       3.7G       128M       5.7M        27M       3.2G

MemTotal:        4016004 kB
MemFree:          131660 kB
Active:           351864 kB
Mem:          3.8G       3.7G       128M       5.7M        27M       3.2G

MemTotal:        4016004 kB
MemFree:          131412 kB
Active:           351888 kB
Mem:          3.8G       3.7G       128M       5.7M        27M       3.2G

MemTotal:        4016004 kB
MemFree:          131164 kB
Active:           351880 kB
Mem:          3.8G       3.7G       127M       5.7M        27M       3.2G

MemTotal:        4016004 kB
MemFree:          130668 kB
Active:           351916 kB
Mem:          3.8G       3.7G       127M       5.7M        27M       3.2G

MemTotal:        4016004 kB
MemFree:          131040 kB
Active:           351904 kB
Mem:          3.8G       3.7G       128M       5.7M        27M       3.2G

MemTotal:        4016004 kB
MemFree:          131412 kB
Active:           351900 kB
Mem:          3.8G       3.7G       128M       5.7M        27M       3.2G

MemTotal:        4016004 kB
MemFree:          131536 kB
Active:           351908 kB
Mem:          3.8G       3.7G       128M       5.7M        27M       3.2G

MemTotal:        4016004 kB
MemFree:          131660 kB
Active:           351912 kB
Mem:          3.8G       3.7G       128M       5.7M        27M       3.2G

MemTotal:        4016004 kB
MemFree:          131552 kB
Active:           351876 kB
Mem:          3.8G       3.7G       128M       5.7M        27M       3.2G

MemTotal:        4016004 kB
MemFree:          131552 kB
Active:           351876 kB
Mem:          3.8G       3.7G       128M       5.7M        27M       3.2G

MemTotal:        4016004 kB
MemFree:          131412 kB
Active:           351896 kB
Mem:          3.8G       3.7G       128M       5.7M        27M       3.2G

MemTotal:        4016004 kB
MemFree:          131536 kB
Active:           351888 kB
Mem:          3.8G       3.7G       128M       5.7M        27M       3.2G

MemTotal:        4016004 kB
MemFree:          131412 kB
Active:           351904 kB
Mem:          3.8G       3.7G       128M       5.7M        27M       3.2G

MemTotal:        4016004 kB
MemFree:          131536 kB
Active:           351924 kB
Mem:          3.8G       3.7G       128M       5.7M        27M       3.2G

MemTotal:        4016004 kB
MemFree:          131536 kB
Active:           351892 kB
Mem:          3.8G       3.7G       128M       5.7M        27M       3.2G

MemTotal:        4016004 kB
MemFree:          131536 kB
Active:           351900 kB
Mem:          3.8G       3.7G       128M       5.7M        27M       3.2G

MemTotal:        4016004 kB
MemFree:          131412 kB
Active:           351900 kB
Mem:          3.8G       3.7G       128M       5.7M        27M       3.2G

MemTotal:        4016004 kB
MemFree:          131412 kB
Active:           351892 kB
Mem:          3.8G       3.7G       128M       5.7M        27M       3.2G

MemTotal:        4016004 kB
MemFree:          131396 kB
Active:           351940 kB
Mem:          3.8G       3.7G       128M       5.7M        27M       3.2G

MemTotal:        4016004 kB
MemFree:          131612 kB
Active:           351928 kB
Mem:          3.8G       3.7G       128M       5.7M        27M       3.2G

MemTotal:        4016004 kB
MemFree:          130916 kB
Active:           351952 kB
Mem:          3.8G       3.7G       127M       5.7M        27M       3.2G

MemTotal:        4016004 kB
MemFree:          131040 kB
Active:           351900 kB
Mem:          3.8G       3.7G       128M       5.7M        27M       3.2G

MemTotal:        4016004 kB
MemFree:          131040 kB
Active:           351944 kB
Mem:          3.8G       3.7G       128M       5.7M        27M       3.2G

MemTotal:        4016004 kB
MemFree:          131164 kB
Active:           351928 kB
Mem:          3.8G       3.7G       127M       5.7M        27M       3.2G

MemTotal:        4016004 kB
MemFree:          130420 kB
Active:           351964 kB
Mem:          3.8G       3.7G       127M       5.7M        27M       3.2G

MemTotal:        4016004 kB
MemFree:          131288 kB
Active:           351940 kB
Mem:          3.8G       3.7G       128M       5.7M        27M       3.2G

MemTotal:        4016004 kB
MemFree:          131288 kB
Active:           351924 kB
Mem:          3.8G       3.7G       128M       5.7M        27M       3.2G

MemTotal:        4016004 kB
MemFree:          131784 kB
Active:           351968 kB
Mem:          3.8G       3.7G       128M       5.7M        27M       3.2G

MemTotal:        4016004 kB
MemFree:          131784 kB
Active:           351972 kB
Mem:          3.8G       3.7G       128M       5.7M        27M       3.2G

MemTotal:        4016004 kB
MemFree:          131908 kB
Active:           351964 kB
Mem:          3.8G       3.7G       128M       5.7M        27M       3.2G

MemTotal:        4016004 kB
MemFree:          131412 kB
Active:           352004 kB
Mem:          3.8G       3.7G       128M       5.7M        27M       3.2G

MemTotal:        4016004 kB
MemFree:          131660 kB
Active:           351988 kB
Mem:          3.8G       3.7G       128M       5.7M        27M       3.2G

MemTotal:        4016004 kB
MemFree:          131784 kB
Active:           352012 kB
Mem:          3.8G       3.7G       128M       5.7M        27M       3.2G

MemTotal:        4016004 kB
MemFree:          131784 kB
Active:           351996 kB
Mem:          3.8G       3.7G       128M       5.7M        27M       3.2G

MemTotal:        4016004 kB
MemFree:          131148 kB
Active:           352076 kB
Mem:          3.8G       3.7G       127M       5.7M        27M       3.2G

MemTotal:        4016004 kB
MemFree:          131272 kB
Active:           352064 kB
Mem:          3.8G       3.7G       128M       5.7M        27M       3.2G

MemTotal:        4016004 kB
MemFree:          131520 kB
Active:           352044 kB
Mem:          3.8G       3.7G       127M       5.7M        27M       3.2G

MemTotal:        4016004 kB
MemFree:          131272 kB
Active:           352052 kB
Mem:          3.8G       3.7G       128M       5.7M        27M       3.2G

MemTotal:        4016004 kB
MemFree:          131148 kB
Active:           352068 kB
Mem:          3.8G       3.7G       128M       5.7M        27M       3.2G

MemTotal:        4016004 kB
MemFree:          131272 kB
Active:           352056 kB
Mem:          3.8G       3.7G       128M       5.7M        27M       3.2G

MemTotal:        4016004 kB
MemFree:          131396 kB
Active:           352060 kB
Mem:          3.8G       3.7G       128M       5.7M        27M       3.2G

MemTotal:        4016004 kB
MemFree:          130776 kB
Active:           352088 kB
Mem:          3.8G       3.7G       127M       5.7M        27M       3.2G

MemTotal:        4016004 kB
MemFree:          130404 kB
Active:           352072 kB
Mem:          3.8G       3.7G       127M       5.7M        27M       3.2G

MemTotal:        4016004 kB
MemFree:          130404 kB
Active:           352080 kB
Mem:          3.8G       3.7G       127M       5.7M        27M       3.2G

MemTotal:        4016004 kB
MemFree:          130776 kB
Active:           352092 kB
Mem:          3.8G       3.7G       127M       5.7M        27M       3.2G

MemTotal:        4016004 kB
MemFree:          130900 kB
Active:           352044 kB
Mem:          3.8G       3.7G       127M       5.7M        27M       3.2G

MemTotal:        4016004 kB
MemFree:          131024 kB
Active:           352040 kB
Mem:          3.8G       3.7G       127M       5.7M        27M       3.2G

MemTotal:        4016004 kB
MemFree:          131148 kB
Active:           352080 kB
Mem:          3.8G       3.7G       127M       5.7M        27M       3.2G

MemTotal:        4016004 kB
MemFree:          131148 kB
Active:           352064 kB
Mem:          3.8G       3.7G       127M       5.7M        27M       3.2G

MemTotal:        4016004 kB
MemFree:          131148 kB
Active:           352056 kB
Mem:          3.8G       3.7G       127M       5.7M        27M       3.2G

MemTotal:        4016004 kB
MemFree:          131164 kB
Active:           352036 kB
Mem:          3.8G       3.7G       128M       5.7M        27M       3.2G

MemTotal:        4016004 kB
MemFree:          131288 kB
Active:           352032 kB
Mem:          3.8G       3.7G       128M       5.7M        27M       3.2G

MemTotal:        4016004 kB
MemFree:          131164 kB
Active:           352092 kB
Mem:          3.8G       3.7G       127M       5.7M        27M       3.2G

MemTotal:        4016004 kB
MemFree:          131164 kB
Active:           352084 kB
Mem:          3.8G       3.7G       127M       5.7M        27M       3.2G

MemTotal:        4016004 kB
MemFree:          131164 kB
Active:           352088 kB
Mem:          3.8G       3.7G       128M       5.7M        27M       3.2G

MemTotal:        4016004 kB
MemFree:          131660 kB
Active:           352040 kB
Mem:          3.8G       3.7G       128M       5.7M        27M       3.2G

MemTotal:        4016004 kB
MemFree:          131536 kB
Active:           352052 kB
Mem:          3.8G       3.7G       128M       5.7M        27M       3.2G

MemTotal:        4016004 kB
MemFree:          131164 kB
Active:           352096 kB
Mem:          3.8G       3.7G       128M       5.7M        27M       3.2G

MemTotal:        4016004 kB
MemFree:          131412 kB
Active:           352040 kB
Mem:          3.8G       3.7G       128M       5.7M        27M       3.2G

MemTotal:        4016004 kB
MemFree:          131288 kB
Active:           352044 kB
Mem:          3.8G       3.7G       128M       5.7M        27M       3.2G

MemTotal:        4016004 kB
MemFree:          131288 kB
Active:           352084 kB
Mem:          3.8G       3.7G       128M       5.7M        27M       3.2G

MemTotal:        4016004 kB
MemFree:          130916 kB
Active:           352100 kB
Mem:          3.8G       3.7G       128M       5.7M        27M       3.2G

MemTotal:        4016004 kB
MemFree:          131288 kB
Active:           352056 kB
Mem:          3.8G       3.7G       128M       5.7M        27M       3.2G

MemTotal:        4016004 kB
MemFree:          131288 kB
Active:           352088 kB
Mem:          3.8G       3.7G       128M       5.7M        27M       3.2G

MemTotal:        4016004 kB
MemFree:          131412 kB
Active:           352056 kB
Mem:          3.8G       3.7G       128M       5.7M        27M       3.2G

MemTotal:        4016004 kB
MemFree:          131412 kB
Active:           352044 kB
Mem:          3.8G       3.7G       128M       5.7M        27M       3.2G

MemTotal:        4016004 kB
MemFree:          131288 kB
Active:           352092 kB
Mem:          3.8G       3.7G       128M       5.7M        27M       3.2G

MemTotal:        4016004 kB
MemFree:          131536 kB
Active:           352044 kB
Mem:          3.8G       3.7G       128M       5.7M        27M       3.2G

MemTotal:        4016004 kB
MemFree:          131536 kB
Active:           352076 kB
Mem:          3.8G       3.7G       128M       5.7M        27M       3.2G

MemTotal:        4016004 kB
MemFree:          131536 kB
Active:           352076 kB
Mem:          3.8G       3.7G       128M       5.7M        27M       3.2G

MemTotal:        4016004 kB
MemFree:          131660 kB
Active:           352052 kB
Mem:          3.8G       3.7G       128M       5.7M        27M       3.2G

MemTotal:        4016004 kB
MemFree:          131660 kB
Active:           352104 kB
Mem:          3.8G       3.7G       128M       5.7M        27M       3.2G

MemTotal:        4016004 kB
MemFree:          131784 kB
Active:           352108 kB
Mem:          3.8G       3.7G       128M       5.7M        27M       3.2G

MemTotal:        4016004 kB
MemFree:          131412 kB
Active:           352124 kB
Mem:          3.8G       3.7G       128M       5.7M        27M       3.2G

MemTotal:        4016004 kB
MemFree:          131412 kB
Active:           352100 kB
Mem:          3.8G       3.7G       128M       5.7M        27M       3.2G

MemTotal:        4016004 kB
MemFree:          131412 kB
Active:           352084 kB
Mem:          3.8G       3.7G       128M       5.7M        27M       3.2G

MemTotal:        4016004 kB
MemFree:          131412 kB
Active:           352088 kB
Mem:          3.8G       3.7G       128M       5.7M        27M       3.2G

MemTotal:        4016004 kB
MemFree:          131040 kB
Active:           352132 kB
Mem:          3.8G       3.7G       128M       5.7M        27M       3.2G

MemTotal:        4016004 kB
MemFree:          131412 kB
Active:           352076 kB
Mem:          3.8G       3.7G       128M       5.7M        27M       3.2G

MemTotal:        4016004 kB
MemFree:          131412 kB
Active:           352104 kB
Mem:          3.8G       3.7G       128M       5.7M        27M       3.2G

MemTotal:        4016004 kB
MemFree:          131412 kB
Active:           352088 kB
Mem:          3.8G       3.7G       128M       5.7M        27M       3.2G

MemTotal:        4016004 kB
MemFree:          131412 kB
Active:           352092 kB
Mem:          3.8G       3.7G       127M       5.7M        27M       3.2G

MemTotal:        4016004 kB
MemFree:          130916 kB
Active:           352136 kB
Mem:          3.8G       3.7G       128M       5.7M        27M       3.2G

MemTotal:        4016004 kB
MemFree:          131164 kB
Active:           352104 kB
Mem:          3.8G       3.7G       127M       5.7M        27M       3.2G

MemTotal:        4016004 kB
MemFree:          131116 kB
Active:           352100 kB
Mem:          3.8G       3.7G       127M       5.7M        27M       3.2G

MemTotal:        4016004 kB
MemFree:          131164 kB
Active:           352092 kB
Mem:          3.8G       3.7G       128M       5.7M        27M       3.2G

MemTotal:        4016004 kB
MemFree:          130900 kB
Active:           352148 kB
Mem:          3.8G       3.7G       127M       5.7M        27M       3.2G

MemTotal:        4016004 kB
MemFree:          130916 kB
Active:           352144 kB
Mem:          3.8G       3.7G       127M       5.7M        27M       3.2G

MemTotal:        4016004 kB
MemFree:          131040 kB
Active:           352136 kB
Mem:          3.8G       3.7G       128M       5.7M        27M       3.2G

MemTotal:        4016004 kB
MemFree:          131288 kB
Active:           352152 kB
Mem:          3.8G       3.7G       128M       5.7M        27M       3.2G

MemTotal:        4016004 kB
MemFree:          131164 kB
Active:           352112 kB
Mem:          3.8G       3.7G       128M       5.7M        27M       3.2G

MemTotal:        4016004 kB
MemFree:          131784 kB
Active:           352144 kB
Mem:          3.8G       3.7G       128M       5.7M        27M       3.2G

MemTotal:        4016004 kB
MemFree:          131784 kB
Active:           352132 kB
Mem:          3.8G       3.7G       128M       5.7M        27M       3.2G

MemTotal:        4016004 kB
MemFree:          131288 kB
Active:           352148 kB
Mem:          3.8G       3.7G       128M       5.7M        27M       3.2G

MemTotal:        4016004 kB
MemFree:          130916 kB
Active:           352160 kB
Mem:          3.8G       3.7G       127M       5.7M        27M       3.2G

MemTotal:        4016004 kB
MemFree:          130916 kB
Active:           352140 kB
Mem:          3.8G       3.7G       127M       5.7M        27M       3.2G

MemTotal:        4016004 kB
MemFree:          130916 kB
Active:           352128 kB
Mem:          3.8G       3.7G       127M       5.7M        27M       3.2G

MemTotal:        4016004 kB
MemFree:          130792 kB
Active:           352148 kB
Mem:          3.8G       3.7G       127M       5.7M        27M       3.2G

MemTotal:        4016004 kB
MemFree:          130792 kB
Active:           352120 kB
Mem:          3.8G       3.7G       127M       5.7M        27M       3.2G

MemTotal:        4016004 kB
MemFree:          130916 kB
Active:           352112 kB
Mem:          3.8G       3.7G       127M       5.7M        27M       3.2G

MemTotal:        4016004 kB
MemFree:          131040 kB
Active:           352120 kB
Mem:          3.8G       3.7G       127M       5.7M        27M       3.2G

MemTotal:        4016004 kB
MemFree:          131164 kB
Active:           352128 kB
Mem:          3.8G       3.7G       127M       5.7M        27M       3.2G

MemTotal:        4016004 kB
MemFree:          131040 kB
Active:           352152 kB
Mem:          3.8G       3.7G       127M       5.7M        27M       3.2G

MemTotal:        4016004 kB
MemFree:          130916 kB
Active:           352148 kB
Mem:          3.8G       3.7G       127M       5.7M        27M       3.2G

MemTotal:        4016004 kB
MemFree:          131164 kB
Active:           352164 kB
Mem:          3.8G       3.7G       128M       5.7M        27M       3.2G

MemTotal:        4016004 kB
MemFree:          131164 kB
Active:           352156 kB
Mem:          3.8G       3.7G       128M       5.7M        27M       3.2G

MemTotal:        4016004 kB
MemFree:          131164 kB
Active:           352140 kB
Mem:          3.8G       3.7G       128M       5.7M        27M       3.2G

MemTotal:        4016004 kB
MemFree:          130792 kB
Active:           352180 kB
Mem:          3.8G       3.7G       127M       5.7M        27M       3.2G

MemTotal:        4016004 kB
MemFree:          130668 kB
Active:           352168 kB
Mem:          3.8G       3.7G       127M       5.7M        27M       3.2G

MemTotal:        4016004 kB
MemFree:          130792 kB
Active:           352124 kB
Mem:          3.8G       3.7G       127M       5.7M        27M       3.2G

MemTotal:        4016004 kB
MemFree:          131040 kB
Active:           352168 kB
Mem:          3.8G       3.7G       128M       5.7M        27M       3.2G

MemTotal:        4016004 kB
MemFree:          131288 kB
Active:           352140 kB
Mem:          3.8G       3.7G       128M       5.7M        27M       3.2G

MemTotal:        4016004 kB
MemFree:          131288 kB
Active:           352140 kB
Mem:          3.8G       3.7G       128M       5.7M        27M       3.2G

MemTotal:        4016004 kB
MemFree:          131288 kB
Active:           352144 kB
Mem:          3.8G       3.7G       128M       5.7M        27M       3.2G

MemTotal:        4016004 kB
MemFree:          131288 kB
Active:           352152 kB
Mem:          3.8G       3.7G       128M       5.7M        27M       3.2G

MemTotal:        4016004 kB
MemFree:          131164 kB
Active:           352168 kB
Mem:          3.8G       3.7G       128M       5.7M        27M       3.2G

MemTotal:        4016004 kB
MemFree:          130668 kB
Active:           352196 kB
Mem:          3.8G       3.7G       127M       5.7M        27M       3.2G

MemTotal:        4016004 kB
MemFree:          130792 kB
Active:           352148 kB
Mem:          3.8G       3.7G       127M       5.7M        27M       3.2G

MemTotal:        4016004 kB
MemFree:          130792 kB
Active:           352168 kB
Mem:          3.8G       3.7G       127M       5.7M        27M       3.2G

MemTotal:        4016004 kB
MemFree:          130668 kB
Active:           352212 kB
Mem:          3.8G       3.7G       127M       5.7M        27M       3.2G

MemTotal:        4016004 kB
MemFree:          130668 kB
Active:           352212 kB
Mem:          3.8G       3.7G       127M       5.7M        27M       3.2G

MemTotal:        4016004 kB
MemFree:          131164 kB
Active:           352180 kB
Mem:          3.8G       3.7G       127M       5.7M        27M       3.2G

MemTotal:        4016004 kB
MemFree:          131164 kB
Active:           352196 kB
Mem:          3.8G       3.7G       128M       5.7M        27M       3.2G

MemTotal:        4016004 kB
MemFree:          131164 kB
Active:           352188 kB
Mem:          3.8G       3.7G       128M       5.7M        27M       3.2G

MemTotal:        4016004 kB
MemFree:          131412 kB
Active:           352212 kB
Mem:          3.8G       3.7G       128M       5.7M        27M       3.2G

MemTotal:        4016004 kB
MemFree:          131412 kB
Active:           352180 kB
Mem:          3.8G       3.7G       128M       5.7M        27M       3.2G

MemTotal:        4016004 kB
MemFree:          131412 kB
Active:           352188 kB
Mem:          3.8G       3.7G       127M       5.7M        27M       3.2G

MemTotal:        4016004 kB
MemFree:          130792 kB
Active:           352176 kB
Mem:          3.8G       3.7G       127M       5.7M        27M       3.2G

MemTotal:        4016004 kB
MemFree:          130792 kB
Active:           352168 kB
Mem:          3.8G       3.7G       127M       5.7M        27M       3.2G

MemTotal:        4016004 kB
MemFree:          131164 kB
Active:           352208 kB
Mem:          3.8G       3.7G       128M       5.7M        27M       3.2G

MemTotal:        4016004 kB
MemFree:          131164 kB
Active:           352160 kB
Mem:          3.8G       3.7G       128M       5.7M        27M       3.2G

MemTotal:        4016004 kB
MemFree:          131040 kB
Active:           352192 kB
Mem:          3.8G       3.7G       128M       5.7M        27M       3.2G

MemTotal:        4016004 kB
MemFree:          131040 kB
Active:           352188 kB
Mem:          3.8G       3.7G       128M       5.7M        27M       3.2G

MemTotal:        4016004 kB
MemFree:          131412 kB
Active:           352224 kB
Mem:          3.8G       3.7G       128M       5.7M        27M       3.2G

MemTotal:        4016004 kB
MemFree:          131412 kB
Active:           352188 kB
Mem:          3.8G       3.7G       128M       5.7M        27M       3.2G

MemTotal:        4016004 kB
MemFree:          131536 kB
Active:           352172 kB
Mem:          3.8G       3.7G       128M       5.7M        27M       3.2G

MemTotal:        4016004 kB
MemFree:          131040 kB
Active:           352216 kB
Mem:          3.8G       3.7G       128M       5.7M        27M       3.2G

MemTotal:        4016004 kB
MemFree:          130792 kB
Active:           352236 kB
Mem:          3.8G       3.7G       127M       5.7M        27M       3.2G

MemTotal:        4016004 kB
MemFree:          131164 kB
Active:           352220 kB
Mem:          3.8G       3.7G       127M       5.7M        27M       3.2G

MemTotal:        4016004 kB
MemFree:          131164 kB
Active:           352204 kB
Mem:          3.8G       3.7G       128M       5.7M        27M       3.2G

MemTotal:        4016004 kB
MemFree:          130792 kB
Active:           352240 kB
Mem:          3.8G       3.7G       127M       5.7M        27M       3.2G

MemTotal:        4016004 kB
MemFree:          130544 kB
Active:           352228 kB
Mem:          3.8G       3.7G       127M       5.7M        27M       3.2G

MemTotal:        4016004 kB
MemFree:          130916 kB
Active:           352220 kB
Mem:          3.8G       3.7G       127M       5.7M        27M       3.2G

MemTotal:        4016004 kB
MemFree:          131412 kB
Active:           352232 kB
Mem:          3.8G       3.7G       128M       5.7M        27M       3.2G

MemTotal:        4016004 kB
MemFree:          131536 kB
Active:           352244 kB
Mem:          3.8G       3.7G       128M       5.7M        27M       3.2G

MemTotal:        4016004 kB
MemFree:          131412 kB
Active:           352192 kB
Mem:          3.8G       3.7G       127M       5.7M        27M       3.2G

MemTotal:        4016004 kB
MemFree:          131164 kB
Active:           352232 kB
Mem:          3.8G       3.7G       128M       5.7M        27M       3.2G

MemTotal:        4016004 kB
MemFree:          131288 kB
Active:           352212 kB
Mem:          3.8G       3.7G       127M       5.7M        27M       3.2G

MemTotal:        4016004 kB
MemFree:          131164 kB
Active:           352212 kB
Mem:          3.8G       3.7G       128M       5.7M        27M       3.2G

MemTotal:        4016004 kB
MemFree:          131288 kB
Active:           352216 kB
Mem:          3.8G       3.7G       128M       5.7M        27M       3.2G

MemTotal:        4016004 kB
MemFree:          131288 kB
Active:           352236 kB
Mem:          3.8G       3.7G       128M       5.7M        27M       3.2G

MemTotal:        4016004 kB
MemFree:          131008 kB
Active:           352252 kB
Mem:          3.8G       3.7G       128M       5.7M        27M       3.2G

MemTotal:        4016004 kB
MemFree:          131040 kB
Active:           352216 kB
Mem:          3.8G       3.7G       128M       5.7M        27M       3.2G

MemTotal:        4016004 kB
MemFree:          130916 kB
Active:           352212 kB
Mem:          3.8G       3.7G       128M       5.7M        27M       3.2G

MemTotal:        4016004 kB
MemFree:          131164 kB
Active:           352224 kB
Mem:          3.8G       3.7G       127M       5.7M        27M       3.2G

MemTotal:        4016004 kB
MemFree:          131164 kB
Active:           352216 kB
Mem:          3.8G       3.7G       128M       5.7M        27M       3.2G

MemTotal:        4016004 kB
MemFree:          130792 kB
Active:           352268 kB
Mem:          3.8G       3.7G       127M       5.7M        27M       3.2G

MemTotal:        4016004 kB
MemFree:          130420 kB
Active:           352268 kB
Mem:          3.8G       3.7G       127M       5.7M        27M       3.2G

MemTotal:        4016004 kB
MemFree:          130916 kB
Active:           352252 kB
Mem:          3.8G       3.7G       127M       5.7M        27M       3.2G

MemTotal:        4016004 kB
MemFree:          130792 kB
Active:           352264 kB
Mem:          3.8G       3.7G       127M       5.7M        27M       3.2G

MemTotal:        4016004 kB
MemFree:          130916 kB
Active:           352260 kB
Mem:          3.8G       3.7G       127M       5.7M        27M       3.2G

MemTotal:        4016004 kB
MemFree:          130544 kB
Active:           352272 kB
Mem:          3.8G       3.7G       127M       5.7M        27M       3.2G

MemTotal:        4016004 kB
MemFree:          130792 kB
Active:           352260 kB
Mem:          3.8G       3.7G       127M       5.7M        27M       3.2G

MemTotal:        4016004 kB
MemFree:          130668 kB
Active:           352252 kB
Mem:          3.8G       3.7G       127M       5.7M        27M       3.2G

MemTotal:        4016004 kB
MemFree:          130668 kB
Active:           352264 kB
Mem:          3.8G       3.7G       127M       5.7M        27M       3.2G

MemTotal:        4016004 kB
MemFree:          130668 kB
Active:           352252 kB
Mem:          3.8G       3.7G       127M       5.7M        27M       3.2G

MemTotal:        4016004 kB
MemFree:          131040 kB
Active:           352252 kB
Mem:          3.8G       3.7G       127M       5.7M        27M       3.2G

MemTotal:        4016004 kB
MemFree:          131040 kB
Active:           352236 kB
Mem:          3.8G       3.7G       127M       5.7M        27M       3.2G

MemTotal:        4016004 kB
MemFree:          130916 kB
Active:           352284 kB
Mem:          3.8G       3.7G       127M       5.7M        27M       3.2G

MemTotal:        4016004 kB
MemFree:          130792 kB
Active:           352272 kB
Mem:          3.8G       3.7G       127M       5.7M        27M       3.2G

MemTotal:        4016004 kB
MemFree:          130916 kB
Active:           352280 kB
Mem:          3.8G       3.7G       127M       5.7M        27M       3.2G

MemTotal:        4016004 kB
MemFree:          130916 kB
Active:           352272 kB
Mem:          3.8G       3.7G       127M       5.7M        27M       3.2G

MemTotal:        4016004 kB
MemFree:          130792 kB
Active:           352276 kB
Mem:          3.8G       3.7G       127M       5.7M        27M       3.2G

MemTotal:        4016004 kB
MemFree:          130420 kB
Active:           352304 kB
Mem:          3.8G       3.7G       127M       5.7M        27M       3.2G

MemTotal:        4016004 kB
MemFree:          131164 kB
Active:           352292 kB
Mem:          3.8G       3.7G       127M       5.7M        27M       3.2G

MemTotal:        4016004 kB
MemFree:          131288 kB
Active:           352284 kB
Mem:          3.8G       3.7G       127M       5.7M        27M       3.2G

MemTotal:        4016004 kB
MemFree:          131288 kB
Active:           352264 kB
Mem:          3.8G       3.7G       128M       5.7M        27M       3.2G

MemTotal:        4016004 kB
MemFree:          131288 kB
Active:           352268 kB
Mem:          3.8G       3.7G       128M       5.7M        27M       3.2G

MemTotal:        4016004 kB
MemFree:          131164 kB
Active:           352280 kB
Mem:          3.8G       3.7G       128M       5.7M        27M       3.2G

MemTotal:        4016004 kB
MemFree:          131164 kB
Active:           352268 kB
Mem:          3.8G       3.7G       128M       5.7M        27M       3.2G

MemTotal:        4016004 kB
MemFree:          131412 kB
Active:           352272 kB
Mem:          3.8G       3.7G       128M       5.7M        27M       3.2G

MemTotal:        4016004 kB
MemFree:          131164 kB
Active:           352276 kB
Mem:          3.8G       3.7G       128M       5.7M        27M       3.2G

MemTotal:        4016004 kB
MemFree:          131412 kB
Active:           352276 kB
Mem:          3.8G       3.7G       128M       5.7M        27M       3.2G

MemTotal:        4016004 kB
MemFree:          131536 kB
Active:           352272 kB
Mem:          3.8G       3.7G       128M       5.7M        27M       3.2G

MemTotal:        4016004 kB
MemFree:          131040 kB
Active:           352316 kB
Mem:          3.8G       3.7G       128M       5.7M        27M       3.2G

MemTotal:        4016004 kB
MemFree:          130792 kB
Active:           352320 kB
Mem:          3.8G       3.7G       127M       5.7M        27M       3.2G

MemTotal:        4016004 kB
MemFree:          130916 kB
Active:           352292 kB
Mem:          3.8G       3.7G       127M       5.7M        27M       3.2G

MemTotal:        4016004 kB
MemFree:          130108 kB
Active:           352468 kB
Mem:          3.8G       3.7G       127M       5.7M        27M       3.2G

MemTotal:        4016004 kB
MemFree:          130528 kB
Active:           352416 kB
Mem:          3.8G       3.7G       127M       5.7M        27M       3.2G

MemTotal:        4016004 kB
MemFree:          131148 kB
Active:           352400 kB
Mem:          3.8G       3.7G       127M       5.7M        27M       3.2G

MemTotal:        4016004 kB
MemFree:          131148 kB
Active:           352392 kB
Mem:          3.8G       3.7G       127M       5.7M        27M       3.2G

MemTotal:        4016004 kB
MemFree:          131024 kB
Active:           352432 kB
Mem:          3.8G       3.7G       127M       5.7M        27M       3.2G

MemTotal:        4016004 kB
MemFree:          131024 kB
Active:           352428 kB
Mem:          3.8G       3.7G       127M       5.7M        27M       3.2G

MemTotal:        4016004 kB
MemFree:          131024 kB
Active:           352444 kB
