MemTotal:        4016004 kB
MemFree:         3239720 kB
Active:           420772 kB
Mem:          3.8G       758M       3.1G       5.7M        55M       319M

MemTotal:        4016004 kB
MemFree:         3240316 kB
Active:           420752 kB
Mem:          3.8G       757M       3.1G       5.7M        55M       319M

MemTotal:        4016004 kB
MemFree:         3240672 kB
Active:           420804 kB
Mem:          3.8G       757M       3.1G       5.7M        55M       319M

MemTotal:        4016004 kB
MemFree:         3241028 kB
Active:           420836 kB
Mem:          3.8G       757M       3.1G       5.7M        55M       319M

MemTotal:        4016004 kB
MemFree:         3241012 kB
Active:           420820 kB
Mem:          3.8G       756M       3.1G       5.7M        55M       319M

MemTotal:        4016004 kB
MemFree:         3240376 kB
Active:           420852 kB
Mem:          3.8G       757M       3.1G       5.7M        55M       319M

MemTotal:        4016004 kB
MemFree:         3237720 kB
Active:           420828 kB
Mem:          3.8G       759M       3.1G       5.7M        55M       319M

MemTotal:        4016004 kB
MemFree:         3237920 kB
Active:           422864 kB
Mem:          3.8G       760M       3.1G       5.7M        55M       319M

MemTotal:        4016004 kB
MemFree:         3237920 kB
Active:           422836 kB
Mem:          3.8G       759M       3.1G       5.7M        55M       319M

MemTotal:        4016004 kB
MemFree:         3238216 kB
Active:           422884 kB
Mem:          3.8G       759M       3.1G       5.7M        55M       319M

MemTotal:        4016004 kB
MemFree:         3238340 kB
Active:           422832 kB
Mem:          3.8G       759M       3.1G       5.7M        55M       319M

MemTotal:        4016004 kB
MemFree:         3238588 kB
Active:           422848 kB
Mem:          3.8G       759M       3.1G       5.7M        55M       319M

MemTotal:        4016004 kB
MemFree:         3238588 kB
Active:           422876 kB
Mem:          3.8G       759M       3.1G       5.7M        55M       319M

MemTotal:        4016004 kB
MemFree:         3238588 kB
Active:           422864 kB
Mem:          3.8G       759M       3.1G       5.7M        55M       319M

MemTotal:        4016004 kB
MemFree:         3238572 kB
Active:           422832 kB
Mem:          3.8G       759M       3.1G       5.7M        55M       319M

MemTotal:        4016004 kB
MemFree:         3238572 kB
Active:           422868 kB
Mem:          3.8G       759M       3.1G       5.7M        55M       319M

MemTotal:        4016004 kB
MemFree:         3237396 kB
Active:           420932 kB
Mem:          3.8G       760M       3.1G       5.7M        55M       319M

MemTotal:        4016004 kB
MemFree:         3238248 kB
Active:           422860 kB
Mem:          3.8G       759M       3.1G       5.7M        55M       319M

MemTotal:        4016004 kB
MemFree:         3237628 kB
Active:           422888 kB
Mem:          3.8G       759M       3.1G       5.7M        55M       319M

MemTotal:        4016004 kB
MemFree:         3238356 kB
Active:           422872 kB
Mem:          3.8G       759M       3.1G       5.7M        55M       319M

MemTotal:        4016004 kB
MemFree:         3238712 kB
Active:           422844 kB
Mem:          3.8G       759M       3.1G       5.7M        55M       319M

MemTotal:        4016004 kB
MemFree:         3238820 kB
Active:           422872 kB
Mem:          3.8G       759M       3.1G       5.7M        55M       319M

MemTotal:        4016004 kB
MemFree:         3238184 kB
Active:           422896 kB
Mem:          3.8G       759M       3.1G       5.7M        55M       319M

MemTotal:        4016004 kB
MemFree:         3238540 kB
Active:           422852 kB
Mem:          3.8G       759M       3.1G       5.7M        55M       319M

MemTotal:        4016004 kB
MemFree:         3238680 kB
Active:           422848 kB
Mem:          3.8G       759M       3.1G       5.7M        55M       319M

MemTotal:        4016004 kB
MemFree:         3238184 kB
Active:           422900 kB
Mem:          3.8G       759M       3.1G       5.7M        55M       319M

MemTotal:        4016004 kB
MemFree:         3238308 kB
Active:           422852 kB
Mem:          3.8G       759M       3.1G       5.7M        55M       319M

MemTotal:        4016004 kB
MemFree:         3237936 kB
Active:           422900 kB
Mem:          3.8G       759M       3.1G       5.7M        55M       319M

MemTotal:        4016004 kB
MemFree:         3237812 kB
Active:           422908 kB
Mem:          3.8G       759M       3.1G       5.7M        55M       319M

MemTotal:        4016004 kB
MemFree:         3237812 kB
Active:           422908 kB
Mem:          3.8G       759M       3.1G       5.7M        55M       319M

MemTotal:        4016004 kB
MemFree:         3238184 kB
Active:           422860 kB
Mem:          3.8G       759M       3.1G       5.7M        55M       319M

MemTotal:        4016004 kB
MemFree:         3238292 kB
Active:           422888 kB
Mem:          3.8G       759M       3.1G       5.7M        55M       319M

MemTotal:        4016004 kB
MemFree:         3237656 kB
Active:           422908 kB
Mem:          3.8G       760M       3.1G       5.7M        55M       319M

MemTotal:        4016004 kB
MemFree:         3238108 kB
Active:           422864 kB
Mem:          3.8G       759M       3.1G       5.7M        55M       319M

MemTotal:        4016004 kB
MemFree:         3238356 kB
Active:           422892 kB
Mem:          3.8G       759M       3.1G       5.7M        55M       319M

MemTotal:        4016004 kB
MemFree:         3238728 kB
Active:           422868 kB
Mem:          3.8G       759M       3.1G       5.7M        55M       319M

MemTotal:        4016004 kB
MemFree:         3237668 kB
Active:           420884 kB
Mem:          3.8G       759M       3.1G       5.7M        55M       319M

MemTotal:        4016004 kB
MemFree:         3238164 kB
Active:           422932 kB
Mem:          3.8G       759M       3.1G       5.7M        55M       319M

MemTotal:        4016004 kB
MemFree:         3238008 kB
Active:           422896 kB
Mem:          3.8G       759M       3.1G       5.7M        55M       319M

MemTotal:        4016004 kB
MemFree:         3238612 kB
Active:           422900 kB
Mem:          3.8G       759M       3.1G       5.7M        55M       319M

MemTotal:        4016004 kB
MemFree:         3238100 kB
Active:           422940 kB
Mem:          3.8G       759M       3.1G       5.7M        55M       319M

MemTotal:        4016004 kB
MemFree:         3238504 kB
Active:           422912 kB
Mem:          3.8G       759M       3.1G       5.7M        55M       319M

MemTotal:        4016004 kB
MemFree:         3238628 kB
Active:           422928 kB
Mem:          3.8G       759M       3.1G       5.7M        55M       319M

MemTotal:        4016004 kB
MemFree:         3238628 kB
Active:           422908 kB
Mem:          3.8G       759M       3.1G       5.7M        55M       319M

MemTotal:        4016004 kB
MemFree:         3238752 kB
Active:           422932 kB
Mem:          3.8G       759M       3.1G       5.7M        55M       319M

MemTotal:        4016004 kB
MemFree:         3238628 kB
Active:           422896 kB
Mem:          3.8G       759M       3.1G       5.7M        55M       319M

MemTotal:        4016004 kB
MemFree:         3237976 kB
Active:           422952 kB
Mem:          3.8G       759M       3.1G       5.7M        55M       319M

MemTotal:        4016004 kB
MemFree:         3238084 kB
Active:           422952 kB
Mem:          3.8G       759M       3.1G       5.7M        55M       319M

MemTotal:        4016004 kB
MemFree:         3237760 kB
Active:           422960 kB
Mem:          3.8G       759M       3.1G       5.7M        55M       319M

MemTotal:        4016004 kB
MemFree:         3238148 kB
Active:           422924 kB
Mem:          3.8G       759M       3.1G       5.7M        55M       319M

MemTotal:        4016004 kB
MemFree:         3237884 kB
Active:           422964 kB
Mem:          3.8G       759M       3.1G       5.7M        55M       319M

MemTotal:        4016004 kB
MemFree:         3237760 kB
Active:           422964 kB
Mem:          3.8G       759M       3.1G       5.7M        55M       319M

MemTotal:        4016004 kB
MemFree:         3238256 kB
Active:           422940 kB
Mem:          3.8G       759M       3.1G       5.7M        55M       319M

MemTotal:        4016004 kB
MemFree:         3237604 kB
Active:           422980 kB
Mem:          3.8G       760M       3.1G       5.7M        55M       319M

MemTotal:        4016004 kB
MemFree:         3238224 kB
Active:           422932 kB
Mem:          3.8G       759M       3.1G       5.7M        55M       319M

MemTotal:        4016004 kB
MemFree:         3238256 kB
Active:           422960 kB
Mem:          3.8G       759M       3.1G       5.7M        55M       319M

MemTotal:        4016004 kB
MemFree:         3237500 kB
Active:           421108 kB
Mem:          3.8G       760M       3.1G       5.7M        55M       319M

MemTotal:        4016004 kB
MemFree:         3237556 kB
Active:           423072 kB
Mem:          3.8G       759M       3.1G       5.7M        55M       319M

MemTotal:        4016004 kB
MemFree:         3238192 kB
Active:           422976 kB
Mem:          3.8G       759M       3.1G       5.7M        55M       319M

MemTotal:        4016004 kB
MemFree:         3238052 kB
Active:           422988 kB
Mem:          3.8G       759M       3.1G       5.7M        55M       319M

MemTotal:        4016004 kB
MemFree:         3238160 kB
Active:           422984 kB
Mem:          3.8G       759M       3.1G       5.7M        55M       319M

MemTotal:        4016004 kB
MemFree:         3238052 kB
Active:           422972 kB
Mem:          3.8G       759M       3.1G       5.7M        55M       319M

MemTotal:        4016004 kB
MemFree:         3238052 kB
Active:           423000 kB
Mem:          3.8G       759M       3.1G       5.7M        55M       319M

MemTotal:        4016004 kB
MemFree:         3238068 kB
Active:           422996 kB
Mem:          3.8G       759M       3.1G       5.7M        55M       319M

MemTotal:        4016004 kB
MemFree:         3238424 kB
Active:           423060 kB
Mem:          3.8G       759M       3.1G       5.7M        55M       319M

MemTotal:        4016004 kB
MemFree:         3238408 kB
Active:           422956 kB
Mem:          3.8G       759M       3.1G       5.7M        55M       319M

MemTotal:        4016004 kB
MemFree:         3236500 kB
Active:           423112 kB
Mem:          3.8G       761M       3.1G       5.7M        55M       319M

MemTotal:        4016004 kB
MemFree:         3236608 kB
Active:           425104 kB
Mem:          3.8G       761M       3.1G       5.7M        55M       319M

MemTotal:        4016004 kB
MemFree:         3236144 kB
Active:           425128 kB
Mem:          3.8G       761M       3.1G       5.7M        55M       319M

MemTotal:        4016004 kB
MemFree:         3236236 kB
Active:           425160 kB
Mem:          3.8G       761M       3.1G       5.7M        55M       319M

MemTotal:        4016004 kB
MemFree:         3236368 kB
Active:           425092 kB
Mem:          3.8G       761M       3.1G       5.7M        55M       319M

MemTotal:        4016004 kB
MemFree:         3236468 kB
Active:           425116 kB
Mem:          3.8G       761M       3.1G       5.7M        55M       319M

MemTotal:        4016004 kB
MemFree:         3236468 kB
Active:           425036 kB
Mem:          3.8G       761M       3.1G       5.7M        55M       319M

MemTotal:        4016004 kB
MemFree:         3236468 kB
Active:           425060 kB
Mem:          3.8G       761M       3.1G       5.7M        55M       319M

MemTotal:        4016004 kB
MemFree:         3236588 kB
Active:           425024 kB
Mem:          3.8G       761M       3.1G       5.7M        55M       319M

MemTotal:        4016004 kB
MemFree:         3236192 kB
Active:           425140 kB
Mem:          3.8G       761M       3.1G       5.7M        55M       319M

MemTotal:        4016004 kB
MemFree:         3236436 kB
Active:           424996 kB
Mem:          3.8G       761M       3.1G       5.7M        55M       319M

MemTotal:        4016004 kB
MemFree:         3236420 kB
Active:           425008 kB
Mem:          3.8G       761M       3.1G       5.7M        55M       319M

MemTotal:        4016004 kB
MemFree:         3236112 kB
Active:           425128 kB
Mem:          3.8G       761M       3.1G       5.7M        55M       319M

MemTotal:        4016004 kB
MemFree:         3235972 kB
Active:           424996 kB
Mem:          3.8G       761M       3.1G       5.7M        55M       319M

MemTotal:        4016004 kB
MemFree:         3235972 kB
Active:           424984 kB
Mem:          3.8G       761M       3.1G       5.7M        55M       319M

MemTotal:        4016004 kB
MemFree:         3235616 kB
Active:           425156 kB
Mem:          3.8G       762M       3.1G       5.7M        55M       319M

MemTotal:        4016004 kB
MemFree:         3235740 kB
Active:           425192 kB
Mem:          3.8G       761M       3.1G       5.7M        55M       319M

MemTotal:        4016004 kB
MemFree:         3235756 kB
Active:           424936 kB
Mem:          3.8G       762M       3.1G       5.7M        55M       319M

MemTotal:        4016004 kB
MemFree:         3235368 kB
Active:           425084 kB
Mem:          3.8G       762M       3.1G       5.7M        55M       319M

MemTotal:        4016004 kB
MemFree:         3235492 kB
Active:           425100 kB
Mem:          3.8G       762M       3.1G       5.7M        55M       319M

MemTotal:        4016004 kB
MemFree:         3233848 kB
Active:           427072 kB
Mem:          3.8G       763M       3.1G       5.7M        55M       319M

MemTotal:        4016004 kB
MemFree:         3234312 kB
Active:           427052 kB
Mem:          3.8G       763M       3.1G       5.7M        55M       319M

MemTotal:        4016004 kB
MemFree:         3233972 kB
Active:           427092 kB
Mem:          3.8G       763M       3.1G       5.7M        55M       319M

MemTotal:        4016004 kB
MemFree:         3234344 kB
Active:           427072 kB
Mem:          3.8G       763M       3.1G       5.7M        55M       319M

MemTotal:        4016004 kB
MemFree:         3233724 kB
Active:           427100 kB
Mem:          3.8G       763M       3.1G       5.7M        55M       319M

MemTotal:        4016004 kB
MemFree:         3234220 kB
Active:           427088 kB
Mem:          3.8G       763M       3.1G       5.7M        55M       319M

MemTotal:        4016004 kB
MemFree:         3233724 kB
Active:           427100 kB
Mem:          3.8G       763M       3.1G       5.7M        55M       319M

MemTotal:        4016004 kB
MemFree:         3234080 kB
Active:           427076 kB
Mem:          3.8G       763M       3.1G       5.7M        55M       319M

MemTotal:        4016004 kB
MemFree:         3234064 kB
Active:           427060 kB
Mem:          3.8G       763M       3.1G       5.7M        55M       319M

MemTotal:        4016004 kB
MemFree:         3233740 kB
Active:           427060 kB
Mem:          3.8G       763M       3.1G       5.7M        55M       319M

MemTotal:        4016004 kB
MemFree:         3233740 kB
Active:           427112 kB
Mem:          3.8G       763M       3.1G       5.7M        55M       319M

MemTotal:        4016004 kB
MemFree:         3233864 kB
Active:           427080 kB
Mem:          3.8G       763M       3.1G       5.7M        55M       319M

MemTotal:        4016004 kB
MemFree:         3234236 kB
Active:           427088 kB
Mem:          3.8G       763M       3.1G       5.7M        55M       319M

MemTotal:        4016004 kB
MemFree:         3234360 kB
Active:           427076 kB
Mem:          3.8G       763M       3.1G       5.7M        55M       319M

MemTotal:        4016004 kB
MemFree:         3233644 kB
Active:           427396 kB
Mem:          3.8G       764M       3.1G       5.7M        55M       319M

MemTotal:        4016004 kB
MemFree:         3130632 kB
Active:           428388 kB
Mem:          3.8G       866M       3.0G       5.7M        55M       419M

MemTotal:        4016004 kB
MemFree:         3037316 kB
Active:           428460 kB
Mem:          3.8G       959M       2.9G       5.7M        55M       510M

MemTotal:        4016004 kB
MemFree:         2903216 kB
Active:           428460 kB
Mem:          3.8G       1.1G       2.8G       5.7M        55M       639M

MemTotal:        4016004 kB
MemFree:         2816964 kB
Active:           428508 kB
Mem:          3.8G       1.1G       2.7G       5.7M        55M       719M

MemTotal:        4016004 kB
MemFree:         2813864 kB
Active:           428540 kB
Mem:          3.8G       1.1G       2.7G       5.7M        55M       722M

MemTotal:        4016004 kB
MemFree:         2776304 kB
Active:           428544 kB
Mem:          3.8G       1.2G       2.6G       5.7M        55M       758M

MemTotal:        4016004 kB
MemFree:         2712920 kB
Active:           428560 kB
Mem:          3.8G       1.2G       2.6G       5.7M        55M       821M

MemTotal:        4016004 kB
MemFree:         2695644 kB
Active:           428564 kB
Mem:          3.8G       1.3G       2.6G       5.7M        55M       835M

MemTotal:        4016004 kB
MemFree:         2692664 kB
Active:           428572 kB
Mem:          3.8G       1.3G       2.6G       5.7M        55M       838M

MemTotal:        4016004 kB
MemFree:         2626136 kB
Active:           428568 kB
Mem:          3.8G       1.3G       2.5G       5.7M        55M       905M

MemTotal:        4016004 kB
MemFree:         2532260 kB
Active:           428576 kB
Mem:          3.8G       1.4G       2.4G       5.7M        55M       993M

MemTotal:        4016004 kB
MemFree:         2528928 kB
Active:           428612 kB
Mem:          3.8G       1.4G       2.4G       5.7M        55M       995M

MemTotal:        4016004 kB
MemFree:         2522436 kB
Active:           428588 kB
Mem:          3.8G       1.4G       2.4G       5.7M        55M       1.0G

MemTotal:        4016004 kB
MemFree:         2519340 kB
Active:           428620 kB
Mem:          3.8G       1.4G       2.4G       5.7M        55M       1.0G

MemTotal:        4016004 kB
MemFree:         2515892 kB
Active:           426720 kB
Mem:          3.8G       1.4G       2.4G       5.7M        55M       1.0G

MemTotal:        4016004 kB
MemFree:         2437684 kB
Active:           428712 kB
Mem:          3.8G       1.5G       2.3G       5.7M        55M       1.1G

MemTotal:        4016004 kB
MemFree:         2340012 kB
Active:           428728 kB
Mem:          3.8G       1.6G       2.2G       5.7M        55M       1.2G

MemTotal:        4016004 kB
MemFree:         2217724 kB
Active:           428728 kB
Mem:          3.8G       1.7G       2.1G       5.7M        55M       1.3G

MemTotal:        4016004 kB
MemFree:         2089468 kB
Active:           428732 kB
Mem:          3.8G       1.8G       2.0G       5.7M        55M       1.4G

MemTotal:        4016004 kB
MemFree:         1977132 kB
Active:           428688 kB
Mem:          3.8G       1.9G       1.9G       5.7M        55M       1.5G

MemTotal:        4016004 kB
MemFree:         1894156 kB
Active:           428732 kB
Mem:          3.8G       2.0G       1.8G       5.7M        55M       1.6G

MemTotal:        4016004 kB
MemFree:         1816868 kB
Active:           428752 kB
Mem:          3.8G       2.1G       1.7G       5.7M        55M       1.6G

MemTotal:        4016004 kB
MemFree:         1810440 kB
Active:           428768 kB
Mem:          3.8G       2.1G       1.7G       5.7M        55M       1.6G

MemTotal:        4016004 kB
MemFree:         1807356 kB
Active:           428772 kB
Mem:          3.8G       2.1G       1.7G       5.7M        55M       1.6G

MemTotal:        4016004 kB
MemFree:         1801612 kB
Active:           428784 kB
Mem:          3.8G       2.1G       1.7G       5.7M        55M       1.7G

MemTotal:        4016004 kB
MemFree:         1797536 kB
Active:           428784 kB
Mem:          3.8G       2.1G       1.7G       5.7M        55M       1.7G

MemTotal:        4016004 kB
MemFree:         1796832 kB
Active:           428784 kB
Mem:          3.8G       2.1G       1.7G       5.7M        55M       1.7G

MemTotal:        4016004 kB
MemFree:         1796688 kB
Active:           428800 kB
Mem:          3.8G       2.1G       1.7G       5.7M        55M       1.7G

MemTotal:        4016004 kB
MemFree:         1796692 kB
Active:           428764 kB
Mem:          3.8G       2.1G       1.7G       5.7M        55M       1.7G

MemTotal:        4016004 kB
MemFree:         1792360 kB
Active:           428808 kB
Mem:          3.8G       2.1G       1.7G       5.7M        55M       1.7G

MemTotal:        4016004 kB
MemFree:         1749208 kB
Active:           428808 kB
Mem:          3.8G       2.2G       1.7G       5.7M        55M       1.7G

MemTotal:        4016004 kB
MemFree:         1626424 kB
Active:           428808 kB
Mem:          3.8G       2.3G       1.5G       5.7M        55M       1.8G

MemTotal:        4016004 kB
MemFree:         1534844 kB
Active:           428816 kB
Mem:          3.8G       2.4G       1.5G       5.7M        55M       1.9G

MemTotal:        4016004 kB
MemFree:         1445236 kB
Active:           428816 kB
Mem:          3.8G       2.5G       1.4G       5.7M        55M       2.0G

MemTotal:        4016004 kB
MemFree:         1373332 kB
Active:           428820 kB
Mem:          3.8G       2.5G       1.3G       5.7M        55M       2.1G

MemTotal:        4016004 kB
MemFree:         1367844 kB
Active:           428804 kB
Mem:          3.8G       2.5G       1.3G       5.7M        55M       2.1G

MemTotal:        4016004 kB
MemFree:         1312420 kB
Active:           430852 kB
Mem:          3.8G       2.6G       1.3G       5.7M        55M       2.1G

MemTotal:        4016004 kB
MemFree:         1273824 kB
Active:           430872 kB
Mem:          3.8G       2.6G       1.2G       5.7M        55M       2.1G

MemTotal:        4016004 kB
MemFree:         1216220 kB
Active:           430872 kB
Mem:          3.8G       2.7G       1.2G       5.7M        55M       2.2G

MemTotal:        4016004 kB
MemFree:         1213740 kB
Active:           430888 kB
Mem:          3.8G       2.7G       1.2G       5.7M        55M       2.2G

MemTotal:        4016004 kB
MemFree:         1210152 kB
Active:           430900 kB
Mem:          3.8G       2.7G       1.2G       5.7M        55M       2.2G

MemTotal:        4016004 kB
MemFree:         1205148 kB
Active:           430900 kB
Mem:          3.8G       2.7G       1.1G       5.7M        55M       2.2G

MemTotal:        4016004 kB
MemFree:         1204068 kB
Active:           430900 kB
Mem:          3.8G       2.7G       1.1G       5.7M        55M       2.2G

MemTotal:        4016004 kB
MemFree:         1114072 kB
Active:           430908 kB
Mem:          3.8G       2.8G       1.1G       5.7M        55M       2.3G

MemTotal:        4016004 kB
MemFree:          986560 kB
Active:           430912 kB
Mem:          3.8G       2.9G       960M       5.7M        55M       2.4G

MemTotal:        4016004 kB
MemFree:          857684 kB
Active:           430916 kB
Mem:          3.8G       3.0G       835M       5.7M        55M       2.5G

MemTotal:        4016004 kB
MemFree:          730560 kB
Active:           430916 kB
Mem:          3.8G       3.1G       711M       5.7M        55M       2.7G

MemTotal:        4016004 kB
MemFree:          636096 kB
Active:           430916 kB
Mem:          3.8G       3.2G       619M       5.7M        55M       2.7G

MemTotal:        4016004 kB
MemFree:          555816 kB
Active:           430948 kB
Mem:          3.8G       3.3G       540M       5.7M        55M       2.8G

MemTotal:        4016004 kB
MemFree:          474832 kB
Active:           430948 kB
Mem:          3.8G       3.4G       463M       5.7M        55M       2.9G

MemTotal:        4016004 kB
MemFree:          470824 kB
Active:           430964 kB
Mem:          3.8G       3.4G       459M       5.7M        55M       2.9G

MemTotal:        4016004 kB
MemFree:          465708 kB
Active:           430976 kB
Mem:          3.8G       3.4G       454M       5.7M        55M       2.9G

MemTotal:        4016004 kB
MemFree:          463132 kB
Active:           430992 kB
Mem:          3.8G       3.4G       452M       5.7M        55M       2.9G

MemTotal:        4016004 kB
MemFree:          461760 kB
Active:           430996 kB
Mem:          3.8G       3.4G       450M       5.7M        55M       2.9G

MemTotal:        4016004 kB
MemFree:          460804 kB
Active:           431008 kB
Mem:          3.8G       3.4G       449M       5.7M        55M       2.9G

MemTotal:        4016004 kB
MemFree:          456172 kB
Active:           431228 kB
Mem:          3.8G       3.4G       445M       5.7M        55M       2.9G

MemTotal:        4016004 kB
MemFree:          452784 kB
Active:           431236 kB
Mem:          3.8G       3.4G       441M       5.7M        55M       2.9G

MemTotal:        4016004 kB
MemFree:          449240 kB
Active:           431252 kB
Mem:          3.8G       3.4G       438M       5.7M        55M       2.9G

MemTotal:        4016004 kB
MemFree:          449468 kB
Active:           431228 kB
Mem:          3.8G       3.4G       438M       5.7M        55M       2.9G

MemTotal:        4016004 kB
MemFree:          417108 kB
Active:           431260 kB
Mem:          3.8G       3.4G       405M       5.7M        55M       3.0G

MemTotal:        4016004 kB
MemFree:          311608 kB
Active:           431260 kB
Mem:          3.8G       3.5G       301M       5.7M        55M       3.1G

MemTotal:        4016004 kB
MemFree:          182112 kB
Active:           431260 kB
Mem:          3.8G       3.7G       174M       5.7M        55M       3.2G

MemTotal:        4016004 kB
MemFree:          130160 kB
Active:           438000 kB
Mem:          3.8G       3.7G       123M       5.7M        20M       3.3G

MemTotal:        4016004 kB
MemFree:          126012 kB
Active:           437632 kB
Mem:          3.8G       3.7G       122M       5.7M        20M       3.3G

MemTotal:        4016004 kB
MemFree:          128152 kB
Active:           488276 kB
Mem:          3.8G       3.7G       102M       5.7M        20M       3.3G

MemTotal:        4016004 kB
MemFree:          109172 kB
Active:           476740 kB
Mem:          3.8G       3.7G       106M       5.7M        20M       3.3G

MemTotal:        4016004 kB
MemFree:          128996 kB
Active:           473240 kB
Mem:          3.8G       3.7G       125M       5.7M        20M       3.3G

MemTotal:        4016004 kB
MemFree:          126544 kB
Active:           473248 kB
Mem:          3.8G       3.7G       123M       5.7M        20M       3.3G

MemTotal:        4016004 kB
MemFree:          122704 kB
Active:           473280 kB
Mem:          3.8G       3.7G       119M       5.7M        20M       3.3G

MemTotal:        4016004 kB
MemFree:          117528 kB
Active:           473368 kB
Mem:          3.8G       3.7G       114M       5.7M        20M       3.3G

MemTotal:        4016004 kB
MemFree:          112948 kB
Active:           467752 kB
Mem:          3.8G       3.7G       108M       5.7M        20M       3.3G

MemTotal:        4016004 kB
MemFree:          113568 kB
Active:           455644 kB
Mem:          3.8G       3.7G       109M       5.7M        20M       3.3G

MemTotal:        4016004 kB
MemFree:          120624 kB
Active:           446088 kB
Mem:          3.8G       3.7G       114M       5.7M        20M       3.3G

MemTotal:        4016004 kB
MemFree:          109392 kB
Active:           440948 kB
Mem:          3.8G       3.7G       105M       5.7M        20M       3.3G

MemTotal:        4016004 kB
MemFree:          117076 kB
Active:           437980 kB
Mem:          3.8G       3.7G       111M       5.7M        20M       3.3G

MemTotal:        4016004 kB
MemFree:          117972 kB
Active:           430156 kB
Mem:          3.8G       3.7G       135M       5.7M        20M       3.2G

MemTotal:        4016004 kB
MemFree:          125232 kB
Active:           428636 kB
Mem:          3.8G       3.7G       122M       5.7M        20M       3.3G

MemTotal:        4016004 kB
MemFree:          120100 kB
Active:           428616 kB
Mem:          3.8G       3.7G       117M       5.7M        20M       3.3G

MemTotal:        4016004 kB
MemFree:          116956 kB
Active:           428616 kB
Mem:          3.8G       3.7G       113M       5.7M        20M       3.3G

MemTotal:        4016004 kB
MemFree:          113620 kB
Active:           428640 kB
Mem:          3.8G       3.7G       110M       5.7M        20M       3.3G

MemTotal:        4016004 kB
MemFree:          110556 kB
Active:           428684 kB
Mem:          3.8G       3.7G       107M       5.7M        20M       3.3G

MemTotal:        4016004 kB
MemFree:          136184 kB
Active:           427160 kB
Mem:          3.8G       3.7G       130M       5.7M        20M       3.2G

MemTotal:        4016004 kB
MemFree:          134336 kB
Active:           429212 kB
Mem:          3.8G       3.7G       131M       5.7M        20M       3.2G

MemTotal:        4016004 kB
MemFree:          134588 kB
Active:           429316 kB
Mem:          3.8G       3.7G       131M       5.7M        20M       3.2G

MemTotal:        4016004 kB
MemFree:          129632 kB
Active:           429420 kB
Mem:          3.8G       3.7G       126M       5.7M        20M       3.3G

MemTotal:        4016004 kB
MemFree:          126812 kB
Active:           429216 kB
Mem:          3.8G       3.7G       123M       5.7M        20M       3.3G

MemTotal:        4016004 kB
MemFree:          134944 kB
Active:           425404 kB
Mem:          3.8G       3.7G       129M       5.7M        20M       3.3G

MemTotal:        4016004 kB
MemFree:          130932 kB
Active:           422888 kB
Mem:          3.8G       3.7G       124M       5.7M        20M       3.3G

MemTotal:        4016004 kB
MemFree:          126396 kB
Active:           419208 kB
Mem:          3.8G       3.7G       124M       5.7M        20M       3.3G

MemTotal:        4016004 kB
MemFree:          132088 kB
Active:           418484 kB
Mem:          3.8G       3.7G       128M       5.7M        20M       3.3G

MemTotal:        4016004 kB
MemFree:          139588 kB
Active:           425528 kB
Mem:          3.8G       3.7G       135M       5.7M        20M       3.2G

MemTotal:        4016004 kB
MemFree:          138836 kB
Active:           423176 kB
Mem:          3.8G       3.7G       134M       5.7M        20M       3.2G

MemTotal:        4016004 kB
MemFree:          140740 kB
Active:           414300 kB
Mem:          3.8G       3.7G       136M       5.7M        20M       3.2G

MemTotal:        4016004 kB
MemFree:          143236 kB
Active:           411544 kB
Mem:          3.8G       3.7G       139M       5.7M        20M       3.2G

MemTotal:        4016004 kB
MemFree:          127600 kB
Active:           410696 kB
Mem:          3.8G       3.7G       124M       5.7M        20M       3.3G

MemTotal:        4016004 kB
MemFree:          130312 kB
Active:           409508 kB
Mem:          3.8G       3.7G       127M       5.7M        20M       3.3G

MemTotal:        4016004 kB
MemFree:          127636 kB
Active:           409520 kB
Mem:          3.8G       3.7G       124M       5.7M        20M       3.3G

MemTotal:        4016004 kB
MemFree:          125828 kB
Active:           409524 kB
Mem:          3.8G       3.7G       122M       5.7M        20M       3.3G

MemTotal:        4016004 kB
MemFree:          125840 kB
Active:           409484 kB
Mem:          3.8G       3.7G       122M       5.7M        20M       3.3G

MemTotal:        4016004 kB
MemFree:          118652 kB
Active:           409000 kB
Mem:          3.8G       3.7G       114M       5.7M        20M       3.3G

MemTotal:        4016004 kB
MemFree:          138596 kB
Active:           405180 kB
Mem:          3.8G       3.7G       132M       5.7M        20M       3.2G

MemTotal:        4016004 kB
MemFree:          113836 kB
Active:           400288 kB
Mem:          3.8G       3.7G       131M       5.7M        20M       3.2G

MemTotal:        4016004 kB
MemFree:          134876 kB
Active:           399408 kB
Mem:          3.8G       3.7G       131M       5.7M        20M       3.2G

MemTotal:        4016004 kB
MemFree:          126392 kB
Active:           398648 kB
Mem:          3.8G       3.7G       120M       5.7M        20M       3.3G

MemTotal:        4016004 kB
MemFree:          108460 kB
Active:           398036 kB
Mem:          3.8G       3.7G       105M       5.7M        20M       3.3G

MemTotal:        4016004 kB
MemFree:          132288 kB
Active:           396376 kB
Mem:          3.8G       3.7G       128M       5.7M        20M       3.3G

MemTotal:        4016004 kB
MemFree:          136512 kB
Active:           394204 kB
Mem:          3.8G       3.7G       133M       5.7M        20M       3.2G

MemTotal:        4016004 kB
MemFree:          135012 kB
Active:           394080 kB
Mem:          3.8G       3.7G       131M       5.7M        20M       3.2G

MemTotal:        4016004 kB
MemFree:          134516 kB
Active:           394092 kB
Mem:          3.8G       3.7G       131M       5.7M        20M       3.2G

MemTotal:        4016004 kB
MemFree:          135080 kB
Active:           394068 kB
Mem:          3.8G       3.7G       131M       5.7M        20M       3.2G

MemTotal:        4016004 kB
MemFree:          134220 kB
Active:           394064 kB
Mem:          3.8G       3.7G       130M       5.7M        21M       3.2G

MemTotal:        4016004 kB
MemFree:          120692 kB
Active:           389920 kB
Mem:          3.8G       3.7G       116M       5.7M        21M       3.3G

MemTotal:        4016004 kB
MemFree:          127596 kB
Active:           387456 kB
Mem:          3.8G       3.7G       123M       5.7M        21M       3.3G

MemTotal:        4016004 kB
MemFree:          125004 kB
Active:           384136 kB
Mem:          3.8G       3.7G       131M       5.7M        21M       3.2G

MemTotal:        4016004 kB
MemFree:          108276 kB
Active:           382868 kB
Mem:          3.8G       3.7G       103M       5.7M        21M       3.3G

MemTotal:        4016004 kB
MemFree:          127372 kB
Active:           382228 kB
Mem:          3.8G       3.7G       123M       5.7M        21M       3.3G

MemTotal:        4016004 kB
MemFree:          135056 kB
Active:           379924 kB
Mem:          3.8G       3.7G       132M       5.7M        21M       3.2G

MemTotal:        4016004 kB
MemFree:          122200 kB
Active:           378124 kB
Mem:          3.8G       3.7G       119M       5.7M        21M       3.3G

MemTotal:        4016004 kB
MemFree:          121896 kB
Active:           377932 kB
Mem:          3.8G       3.7G       118M       5.7M        21M       3.3G

MemTotal:        4016004 kB
MemFree:          119480 kB
Active:           378004 kB
Mem:          3.8G       3.7G       116M       5.7M        21M       3.3G

MemTotal:        4016004 kB
MemFree:          115608 kB
Active:           377984 kB
Mem:          3.8G       3.7G       112M       5.7M        21M       3.3G

MemTotal:        4016004 kB
MemFree:          125188 kB
Active:           377496 kB
Mem:          3.8G       3.7G       121M       5.7M        21M       3.3G

MemTotal:        4016004 kB
MemFree:          121092 kB
Active:           376668 kB
Mem:          3.8G       3.7G       117M       5.7M        21M       3.3G

MemTotal:        4016004 kB
MemFree:          127552 kB
Active:           370724 kB
Mem:          3.8G       3.7G       122M       5.7M        21M       3.3G

MemTotal:        4016004 kB
MemFree:          145512 kB
Active:           370444 kB
Mem:          3.8G       3.7G       142M       5.7M        21M       3.2G

MemTotal:        4016004 kB
MemFree:          126248 kB
Active:           370456 kB
Mem:          3.8G       3.7G       123M       5.7M        21M       3.3G

MemTotal:        4016004 kB
MemFree:          123024 kB
Active:           370456 kB
Mem:          3.8G       3.7G       119M       5.7M        21M       3.3G

MemTotal:        4016004 kB
MemFree:          131916 kB
Active:           370456 kB
Mem:          3.8G       3.7G       128M       5.7M        21M       3.2G

MemTotal:        4016004 kB
MemFree:          113604 kB
Active:           370456 kB
Mem:          3.8G       3.7G       121M       5.7M        21M       3.3G

MemTotal:        4016004 kB
MemFree:          113952 kB
Active:           370340 kB
Mem:          3.8G       3.7G       132M       5.7M        21M       3.2G

MemTotal:        4016004 kB
MemFree:          127320 kB
Active:           370340 kB
Mem:          3.8G       3.7G       124M       5.7M        21M       3.3G

MemTotal:        4016004 kB
MemFree:          124604 kB
Active:           369052 kB
Mem:          3.8G       3.7G       121M       5.7M        21M       3.3G

MemTotal:        4016004 kB
MemFree:          122540 kB
Active:           369064 kB
Mem:          3.8G       3.7G       119M       5.7M        21M       3.3G

MemTotal:        4016004 kB
MemFree:          120016 kB
Active:           371112 kB
Mem:          3.8G       3.7G       116M       5.7M        21M       3.3G

MemTotal:        4016004 kB
MemFree:          119900 kB
Active:           371108 kB
Mem:          3.8G       3.7G       117M       5.7M        21M       3.3G

MemTotal:        4016004 kB
MemFree:          119308 kB
Active:           369968 kB
Mem:          3.8G       3.7G       112M       5.7M        21M       3.3G

MemTotal:        4016004 kB
MemFree:          123672 kB
Active:           369508 kB
Mem:          3.8G       3.7G       118M       5.7M        21M       3.3G

MemTotal:        4016004 kB
MemFree:          110168 kB
Active:           369508 kB
Mem:          3.8G       3.7G       106M       5.7M        21M       3.3G

MemTotal:        4016004 kB
MemFree:          126140 kB
Active:           369512 kB
Mem:          3.8G       3.7G       122M       5.7M        21M       3.3G

MemTotal:        4016004 kB
MemFree:          136148 kB
Active:           369528 kB
Mem:          3.8G       3.7G       132M       5.7M        21M       3.2G

MemTotal:        4016004 kB
MemFree:          106124 kB
Active:           369516 kB
Mem:          3.8G       3.7G       126M       5.7M        21M       3.2G

MemTotal:        4016004 kB
MemFree:          128100 kB
Active:           368864 kB
Mem:          3.8G       3.7G       124M       5.7M        21M       3.3G

MemTotal:        4016004 kB
MemFree:          143716 kB
Active:           366548 kB
Mem:          3.8G       3.7G       140M       5.7M        21M       3.2G

MemTotal:        4016004 kB
MemFree:          142056 kB
Active:           368624 kB
Mem:          3.8G       3.7G       138M       5.7M        21M       3.2G

MemTotal:        4016004 kB
MemFree:          140612 kB
Active:           368600 kB
Mem:          3.8G       3.7G       137M       5.7M        21M       3.2G

MemTotal:        4016004 kB
MemFree:          140956 kB
Active:           368600 kB
Mem:          3.8G       3.7G       137M       5.7M        21M       3.2G

MemTotal:        4016004 kB
MemFree:          138312 kB
Active:           368620 kB
Mem:          3.8G       3.7G       133M       5.7M        21M       3.2G

MemTotal:        4016004 kB
MemFree:          123056 kB
Active:           368608 kB
Mem:          3.8G       3.7G       139M       5.7M        21M       3.2G

MemTotal:        4016004 kB
MemFree:          114152 kB
Active:           366128 kB
Mem:          3.8G       3.7G       108M       5.7M        21M       3.3G

MemTotal:        4016004 kB
MemFree:          125908 kB
Active:           366080 kB
Mem:          3.8G       3.7G       122M       5.7M        21M       3.3G

MemTotal:        4016004 kB
MemFree:          106204 kB
Active:           366100 kB
Mem:          3.8G       3.7G       124M       5.7M        21M       3.2G

MemTotal:        4016004 kB
MemFree:          126084 kB
Active:           366124 kB
Mem:          3.8G       3.7G       122M       5.7M        21M       3.3G

MemTotal:        4016004 kB
MemFree:          111728 kB
Active:           364084 kB
Mem:          3.8G       3.7G       109M       5.7M        21M       3.3G

MemTotal:        4016004 kB
MemFree:          122732 kB
Active:           366132 kB
Mem:          3.8G       3.7G       117M       5.7M        21M       3.3G

MemTotal:        4016004 kB
MemFree:          131672 kB
Active:           365772 kB
Mem:          3.8G       3.7G       128M       5.7M        21M       3.2G

MemTotal:        4016004 kB
MemFree:          131348 kB
Active:           365788 kB
Mem:          3.8G       3.7G       126M       5.7M        21M       3.2G

MemTotal:        4016004 kB
MemFree:          125836 kB
Active:           365784 kB
Mem:          3.8G       3.7G       122M       5.7M        21M       3.3G

MemTotal:        4016004 kB
MemFree:          123692 kB
Active:           365764 kB
Mem:          3.8G       3.7G       120M       5.7M        21M       3.3G

MemTotal:        4016004 kB
MemFree:          127496 kB
Active:           365744 kB
Mem:          3.8G       3.7G       123M       5.7M        21M       3.3G

MemTotal:        4016004 kB
MemFree:          105648 kB
Active:           365756 kB
Mem:          3.8G       3.7G       113M       5.7M        21M       3.3G

MemTotal:        4016004 kB
MemFree:          124976 kB
Active:           365496 kB
Mem:          3.8G       3.7G       119M       5.7M        21M       3.3G

MemTotal:        4016004 kB
MemFree:          146952 kB
Active:           362952 kB
Mem:          3.8G       3.7G       143M       5.7M        21M       3.2G

MemTotal:        4016004 kB
MemFree:          152492 kB
Active:           362412 kB
Mem:          3.8G       3.7G       148M       5.7M        21M       3.2G

MemTotal:        4016004 kB
MemFree:          151400 kB
Active:           362340 kB
Mem:          3.8G       3.7G       147M       5.7M        21M       3.2G

MemTotal:        4016004 kB
MemFree:          150208 kB
Active:           362328 kB
Mem:          3.8G       3.7G       146M       5.7M        21M       3.2G

MemTotal:        4016004 kB
MemFree:          149220 kB
Active:           362340 kB
Mem:          3.8G       3.7G       145M       5.7M        21M       3.2G

MemTotal:        4016004 kB
MemFree:          148480 kB
Active:           362340 kB
Mem:          3.8G       3.7G       144M       5.7M        21M       3.2G

MemTotal:        4016004 kB
MemFree:          123312 kB
Active:           362340 kB
Mem:          3.8G       3.7G       120M       5.7M        21M       3.3G

MemTotal:        4016004 kB
MemFree:          123604 kB
Active:           362356 kB
Mem:          3.8G       3.7G       120M       5.7M        21M       3.3G

MemTotal:        4016004 kB
MemFree:          120964 kB
Active:           362364 kB
Mem:          3.8G       3.7G       118M       5.7M        21M       3.3G

MemTotal:        4016004 kB
MemFree:          119136 kB
Active:           362364 kB
Mem:          3.8G       3.7G       116M       5.7M        21M       3.3G

MemTotal:        4016004 kB
MemFree:          122108 kB
Active:           362364 kB
Mem:          3.8G       3.7G       116M       5.7M        21M       3.3G

MemTotal:        4016004 kB
MemFree:          130184 kB
Active:           362364 kB
Mem:          3.8G       3.7G       126M       5.7M        21M       3.2G

MemTotal:        4016004 kB
MemFree:          123108 kB
Active:           355468 kB
Mem:          3.8G       3.7G       118M       5.7M        21M       3.3G

MemTotal:        4016004 kB
MemFree:          130464 kB
Active:           355468 kB
Mem:          3.8G       3.7G       127M       5.7M        21M       3.2G

MemTotal:        4016004 kB
MemFree:          127192 kB
Active:           355440 kB
Mem:          3.8G       3.7G       121M       5.7M        21M       3.2G

MemTotal:        4016004 kB
MemFree:          119616 kB
Active:           355480 kB
Mem:          3.8G       3.7G       115M       5.7M        21M       3.3G

MemTotal:        4016004 kB
MemFree:          132356 kB
Active:           355480 kB
Mem:          3.8G       3.7G       128M       5.7M        21M       3.2G

MemTotal:        4016004 kB
MemFree:          130680 kB
Active:           353892 kB
Mem:          3.8G       3.7G       128M       5.7M        21M       3.2G

MemTotal:        4016004 kB
MemFree:          135904 kB
Active:           354164 kB
Mem:          3.8G       3.7G       132M       5.7M        21M       3.2G

MemTotal:        4016004 kB
MemFree:          135732 kB
Active:           354044 kB
Mem:          3.8G       3.7G       132M       5.7M        21M       3.2G

MemTotal:        4016004 kB
MemFree:          134932 kB
Active:           354068 kB
Mem:          3.8G       3.7G       131M       5.7M        21M       3.2G

MemTotal:        4016004 kB
MemFree:          134128 kB
Active:           354072 kB
Mem:          3.8G       3.7G       130M       5.7M        21M       3.2G

MemTotal:        4016004 kB
MemFree:          134168 kB
Active:           354080 kB
Mem:          3.8G       3.7G       130M       5.7M        21M       3.2G

MemTotal:        4016004 kB
MemFree:          129588 kB
Active:           353972 kB
Mem:          3.8G       3.7G       124M       5.7M        21M       3.2G

MemTotal:        4016004 kB
MemFree:          107040 kB
Active:           353972 kB
Mem:          3.8G       3.7G       103M       5.7M        21M       3.3G

MemTotal:        4016004 kB
MemFree:          121896 kB
Active:           353972 kB
Mem:          3.8G       3.7G       114M       5.7M        21M       3.3G

MemTotal:        4016004 kB
MemFree:          129676 kB
Active:           351824 kB
Mem:          3.8G       3.7G       126M       5.7M        21M       3.2G

MemTotal:        4016004 kB
MemFree:          127696 kB
Active:           353600 kB
Mem:          3.8G       3.7G       122M       5.7M        21M       3.2G

MemTotal:        4016004 kB
MemFree:          126692 kB
Active:           353616 kB
Mem:          3.8G       3.7G       123M       5.7M        21M       3.2G

MemTotal:        4016004 kB
MemFree:          142796 kB
Active:           353632 kB
Mem:          3.8G       3.7G       139M       5.7M        21M       3.2G

MemTotal:        4016004 kB
MemFree:          137836 kB
Active:           353644 kB
Mem:          3.8G       3.7G       134M       5.7M        21M       3.2G

MemTotal:        4016004 kB
MemFree:          136272 kB
Active:           353648 kB
Mem:          3.8G       3.7G       133M       5.7M        21M       3.2G

MemTotal:        4016004 kB
MemFree:          135316 kB
Active:           353628 kB
Mem:          3.8G       3.7G       131M       5.7M        21M       3.2G

MemTotal:        4016004 kB
MemFree:          135208 kB
Active:           353656 kB
Mem:          3.8G       3.7G       131M       5.7M        21M       3.2G

MemTotal:        4016004 kB
MemFree:          135400 kB
Active:           353616 kB
Mem:          3.8G       3.7G       132M       5.7M        21M       3.2G

MemTotal:        4016004 kB
MemFree:          126352 kB
Active:           353624 kB
Mem:          3.8G       3.7G       131M       5.7M        21M       3.2G

MemTotal:        4016004 kB
MemFree:          131168 kB
Active:           353652 kB
Mem:          3.8G       3.7G       126M       5.7M        21M       3.2G

MemTotal:        4016004 kB
MemFree:          125152 kB
Active:           352056 kB
Mem:          3.8G       3.7G       120M       5.7M        21M       3.2G

MemTotal:        4016004 kB
MemFree:          140648 kB
Active:           351884 kB
Mem:          3.8G       3.7G       135M       5.7M        21M       3.2G

MemTotal:        4016004 kB
MemFree:          139732 kB
Active:           351892 kB
Mem:          3.8G       3.7G       135M       5.7M        21M       3.2G

MemTotal:        4016004 kB
MemFree:          135128 kB
Active:           351856 kB
Mem:          3.8G       3.7G       131M       5.7M        21M       3.2G

MemTotal:        4016004 kB
MemFree:          135516 kB
Active:           351896 kB
Mem:          3.8G       3.7G       132M       5.7M        21M       3.2G

MemTotal:        4016004 kB
MemFree:          107988 kB
Active:           351876 kB
Mem:          3.8G       3.7G       104M       5.7M        21M       3.3G

MemTotal:        4016004 kB
MemFree:          135396 kB
Active:           351896 kB
Mem:          3.8G       3.7G       132M       5.7M        21M       3.2G

MemTotal:        4016004 kB
MemFree:          135648 kB
Active:           351912 kB
Mem:          3.8G       3.7G       132M       5.7M        21M       3.2G

MemTotal:        4016004 kB
MemFree:          134136 kB
Active:           351928 kB
Mem:          3.8G       3.7G       130M       5.7M        21M       3.2G

MemTotal:        4016004 kB
MemFree:          132068 kB
Active:           351876 kB
Mem:          3.8G       3.7G       128M       5.7M        21M       3.2G

MemTotal:        4016004 kB
MemFree:          134568 kB
Active:           353968 kB
Mem:          3.8G       3.7G       128M       5.7M        21M       3.2G

MemTotal:        4016004 kB
MemFree:          140248 kB
Active:           349908 kB
Mem:          3.8G       3.7G       136M       5.7M        21M       3.2G

MemTotal:        4016004 kB
MemFree:          120820 kB
Active:           349900 kB
Mem:          3.8G       3.7G       116M       5.7M        21M       3.2G

MemTotal:        4016004 kB
MemFree:          115636 kB
Active:           349920 kB
Mem:          3.8G       3.7G       110M       5.7M        21M       3.3G

MemTotal:        4016004 kB
MemFree:          132460 kB
Active:           349928 kB
Mem:          3.8G       3.7G       129M       5.7M        21M       3.2G

MemTotal:        4016004 kB
MemFree:          124584 kB
Active:           349920 kB
Mem:          3.8G       3.7G       118M       5.7M        21M       3.2G

MemTotal:        4016004 kB
MemFree:          135568 kB
Active:           349904 kB
Mem:          3.8G       3.7G       132M       5.7M        21M       3.2G

MemTotal:        4016004 kB
MemFree:          131700 kB
Active:           349956 kB
Mem:          3.8G       3.7G       128M       5.7M        21M       3.2G

MemTotal:        4016004 kB
MemFree:          108156 kB
Active:           349956 kB
Mem:          3.8G       3.7G       105M       5.7M        21M       3.3G

MemTotal:        4016004 kB
MemFree:          105500 kB
Active:           349968 kB
Mem:          3.8G       3.7G       103M       5.7M        21M       3.3G

MemTotal:        4016004 kB
MemFree:          104688 kB
Active:           349948 kB
Mem:          3.8G       3.7G       125M       5.7M        21M       3.2G

MemTotal:        4016004 kB
MemFree:          128036 kB
Active:           349940 kB
Mem:          3.8G       3.7G       124M       5.7M        21M       3.2G

MemTotal:        4016004 kB
MemFree:          118408 kB
Active:           349948 kB
Mem:          3.8G       3.7G       133M       5.7M        21M       3.2G

MemTotal:        4016004 kB
MemFree:          139056 kB
Active:           349940 kB
Mem:          3.8G       3.7G       134M       5.7M        21M       3.2G

MemTotal:        4016004 kB
MemFree:          126076 kB
Active:           349816 kB
Mem:          3.8G       3.7G       121M       5.7M        21M       3.2G

MemTotal:        4016004 kB
MemFree:          113368 kB
Active:           349820 kB
Mem:          3.8G       3.7G       110M       5.7M        21M       3.3G

MemTotal:        4016004 kB
MemFree:          125276 kB
Active:           349832 kB
Mem:          3.8G       3.7G       122M       5.7M        21M       3.2G

MemTotal:        4016004 kB
MemFree:          113816 kB
Active:           349816 kB
Mem:          3.8G       3.7G       110M       5.7M        21M       3.3G

MemTotal:        4016004 kB
MemFree:          134960 kB
Active:           349840 kB
Mem:          3.8G       3.7G       132M       5.7M        21M       3.2G

MemTotal:        4016004 kB
MemFree:          131960 kB
Active:           349792 kB
Mem:          3.8G       3.7G       128M       5.7M        21M       3.2G

MemTotal:        4016004 kB
MemFree:          112008 kB
Active:           349796 kB
Mem:          3.8G       3.7G       109M       5.7M        21M       3.3G

MemTotal:        4016004 kB
MemFree:          110636 kB
Active:           349840 kB
Mem:          3.8G       3.7G       108M       5.7M        21M       3.3G

MemTotal:        4016004 kB
MemFree:          108708 kB
Active:           351900 kB
Mem:          3.8G       3.7G       106M       5.7M        21M       3.3G

MemTotal:        4016004 kB
MemFree:          109024 kB
Active:           351904 kB
Mem:          3.8G       3.7G       106M       5.7M        21M       3.3G

MemTotal:        4016004 kB
MemFree:          138524 kB
Active:           350884 kB
Mem:          3.8G       3.7G       133M       5.7M        21M       3.2G

MemTotal:        4016004 kB
MemFree:          141704 kB
Active:           350588 kB
Mem:          3.8G       3.7G       138M       5.7M        21M       3.2G

MemTotal:        4016004 kB
MemFree:          142448 kB
Active:           350580 kB
Mem:          3.8G       3.7G       139M       5.7M        21M       3.2G

MemTotal:        4016004 kB
MemFree:          142572 kB
Active:           350556 kB
Mem:          3.8G       3.7G       138M       5.7M        21M       3.2G

MemTotal:        4016004 kB
MemFree:          142448 kB
Active:           350588 kB
Mem:          3.8G       3.7G       139M       5.7M        21M       3.2G

MemTotal:        4016004 kB
MemFree:          142076 kB
Active:           350596 kB
Mem:          3.8G       3.7G       139M       5.7M        21M       3.2G

MemTotal:        4016004 kB
MemFree:          142448 kB
Active:           350580 kB
Mem:          3.8G       3.7G       139M       5.7M        21M       3.2G

MemTotal:        4016004 kB
MemFree:          142448 kB
Active:           350544 kB
Mem:          3.8G       3.7G       139M       5.7M        21M       3.2G

MemTotal:        4016004 kB
MemFree:          142076 kB
Active:           350596 kB
Mem:          3.8G       3.7G       138M       5.7M        21M       3.2G

MemTotal:        4016004 kB
MemFree:          142324 kB
Active:           350548 kB
Mem:          3.8G       3.7G       138M       5.7M        21M       3.2G

MemTotal:        4016004 kB
MemFree:          142448 kB
Active:           350588 kB
Mem:          3.8G       3.7G       139M       5.7M        21M       3.2G

MemTotal:        4016004 kB
MemFree:          142448 kB
Active:           350600 kB
Mem:          3.8G       3.7G       138M       5.7M        21M       3.2G

MemTotal:        4016004 kB
MemFree:          142324 kB
Active:           350608 kB
Mem:          3.8G       3.7G       139M       5.7M        21M       3.2G

MemTotal:        4016004 kB
MemFree:          142448 kB
Active:           350552 kB
Mem:          3.8G       3.7G       138M       5.7M        21M       3.2G

MemTotal:        4016004 kB
MemFree:          142324 kB
Active:           350576 kB
Mem:          3.8G       3.7G       139M       5.7M        21M       3.2G

MemTotal:        4016004 kB
MemFree:          142448 kB
Active:           350580 kB
Mem:          3.8G       3.7G       139M       5.7M        21M       3.2G

MemTotal:        4016004 kB
MemFree:          140276 kB
Active:           350572 kB
Mem:          3.8G       3.7G       136M       5.7M        21M       3.2G

MemTotal:        4016004 kB
MemFree:          140152 kB
Active:           352612 kB
Mem:          3.8G       3.7G       136M       5.7M        21M       3.2G

MemTotal:        4016004 kB
MemFree:          140400 kB
Active:           352640 kB
Mem:          3.8G       3.7G       136M       5.7M        21M       3.2G

MemTotal:        4016004 kB
MemFree:          140400 kB
Active:           352648 kB
Mem:          3.8G       3.7G       136M       5.7M        21M       3.2G

MemTotal:        4016004 kB
MemFree:          140276 kB
Active:           352632 kB
Mem:          3.8G       3.7G       137M       5.7M        21M       3.2G

MemTotal:        4016004 kB
MemFree:          140400 kB
Active:           352628 kB
Mem:          3.8G       3.7G       136M       5.7M        21M       3.2G

MemTotal:        4016004 kB
MemFree:          140276 kB
Active:           352628 kB
Mem:          3.8G       3.7G       136M       5.7M        21M       3.2G

MemTotal:        4016004 kB
MemFree:          140152 kB
Active:           352608 kB
Mem:          3.8G       3.7G       137M       5.7M        21M       3.2G

MemTotal:        4016004 kB
MemFree:          140152 kB
Active:           352648 kB
Mem:          3.8G       3.7G       136M       5.7M        21M       3.2G

MemTotal:        4016004 kB
MemFree:          139780 kB
Active:           352648 kB
Mem:          3.8G       3.7G       136M       5.7M        21M       3.2G

MemTotal:        4016004 kB
MemFree:          140028 kB
Active:           352600 kB
Mem:          3.8G       3.7G       136M       5.7M        21M       3.2G

MemTotal:        4016004 kB
MemFree:          140028 kB
Active:           352648 kB
Mem:          3.8G       3.7G       136M       5.7M        21M       3.2G

MemTotal:        4016004 kB
MemFree:          140152 kB
Active:           352652 kB
Mem:          3.8G       3.7G       136M       5.7M        21M       3.2G

MemTotal:        4016004 kB
MemFree:          140216 kB
Active:           352652 kB
Mem:          3.8G       3.7G       136M       5.7M        21M       3.2G

MemTotal:        4016004 kB
MemFree:          140216 kB
Active:           352612 kB
Mem:          3.8G       3.7G       136M       5.7M        21M       3.2G

MemTotal:        4016004 kB
MemFree:          140092 kB
Active:           352616 kB
Mem:          3.8G       3.7G       136M       5.7M        21M       3.2G

MemTotal:        4016004 kB
MemFree:          139720 kB
Active:           352660 kB
Mem:          3.8G       3.7G       136M       5.7M        21M       3.2G

MemTotal:        4016004 kB
MemFree:          140092 kB
Active:           352632 kB
Mem:          3.8G       3.7G       136M       5.7M        21M       3.2G

MemTotal:        4016004 kB
MemFree:          139968 kB
Active:           352644 kB
Mem:          3.8G       3.7G       136M       5.7M        21M       3.2G

MemTotal:        4016004 kB
MemFree:          140464 kB
Active:           352624 kB
Mem:          3.8G       3.7G       137M       5.7M        21M       3.2G

MemTotal:        4016004 kB
MemFree:          140340 kB
Active:           352636 kB
Mem:          3.8G       3.7G       137M       5.7M        21M       3.2G

MemTotal:        4016004 kB
MemFree:          140464 kB
Active:           352644 kB
Mem:          3.8G       3.7G       137M       5.7M        21M       3.2G

MemTotal:        4016004 kB
MemFree:          140340 kB
Active:           352616 kB
Mem:          3.8G       3.7G       136M       5.7M        21M       3.2G

MemTotal:        4016004 kB
MemFree:          140340 kB
Active:           352640 kB
Mem:          3.8G       3.7G       137M       5.7M        21M       3.2G

MemTotal:        4016004 kB
MemFree:          140464 kB
Active:           352636 kB
Mem:          3.8G       3.7G       136M       5.7M        21M       3.2G

MemTotal:        4016004 kB
MemFree:          140340 kB
Active:           352668 kB
Mem:          3.8G       3.7G       136M       5.7M        21M       3.2G

MemTotal:        4016004 kB
MemFree:          140216 kB
Active:           352680 kB
Mem:          3.8G       3.7G       137M       5.7M        21M       3.2G

MemTotal:        4016004 kB
MemFree:          140340 kB
Active:           352664 kB
Mem:          3.8G       3.7G       137M       5.7M        21M       3.2G

MemTotal:        4016004 kB
MemFree:          140216 kB
Active:           352660 kB
Mem:          3.8G       3.7G       136M       5.7M        21M       3.2G

MemTotal:        4016004 kB
MemFree:          140340 kB
Active:           352656 kB
Mem:          3.8G       3.7G       137M       5.7M        21M       3.2G

MemTotal:        4016004 kB
MemFree:          140340 kB
Active:           352624 kB
Mem:          3.8G       3.7G       136M       5.7M        21M       3.2G

MemTotal:        4016004 kB
MemFree:          140464 kB
Active:           352680 kB
Mem:          3.8G       3.7G       136M       5.7M        21M       3.2G

MemTotal:        4016004 kB
MemFree:          140340 kB
Active:           352672 kB
Mem:          3.8G       3.7G       137M       5.7M        21M       3.2G

MemTotal:        4016004 kB
MemFree:          139844 kB
Active:           352688 kB
Mem:          3.8G       3.7G       136M       5.7M        21M       3.2G

MemTotal:        4016004 kB
MemFree:          139968 kB
Active:           352680 kB
Mem:          3.8G       3.7G       136M       5.7M        21M       3.2G

MemTotal:        4016004 kB
MemFree:          139844 kB
Active:           352672 kB
Mem:          3.8G       3.7G       136M       5.7M        21M       3.2G

MemTotal:        4016004 kB
MemFree:          140340 kB
Active:           352664 kB
Mem:          3.8G       3.7G       136M       5.7M        21M       3.2G

MemTotal:        4016004 kB
MemFree:          140216 kB
Active:           352632 kB
Mem:          3.8G       3.7G       137M       5.7M        21M       3.2G

MemTotal:        4016004 kB
MemFree:          140216 kB
Active:           352688 kB
Mem:          3.8G       3.7G       136M       5.7M        21M       3.2G

MemTotal:        4016004 kB
MemFree:          140216 kB
Active:           352688 kB
Mem:          3.8G       3.7G       136M       5.7M        21M       3.2G

MemTotal:        4016004 kB
MemFree:          140216 kB
Active:           352672 kB
Mem:          3.8G       3.7G       136M       5.7M        21M       3.2G

MemTotal:        4016004 kB
MemFree:          140340 kB
Active:           352656 kB
Mem:          3.8G       3.7G       136M       5.7M        21M       3.2G

MemTotal:        4016004 kB
MemFree:          140340 kB
Active:           352656 kB
Mem:          3.8G       3.7G       136M       5.7M        21M       3.2G

MemTotal:        4016004 kB
MemFree:          140340 kB
Active:           352644 kB
Mem:          3.8G       3.7G       137M       5.7M        21M       3.2G

MemTotal:        4016004 kB
MemFree:          139720 kB
Active:           352696 kB
Mem:          3.8G       3.7G       136M       5.7M        21M       3.2G

MemTotal:        4016004 kB
MemFree:          139968 kB
Active:           352708 kB
Mem:          3.8G       3.7G       136M       5.7M        21M       3.2G

MemTotal:        4016004 kB
MemFree:          139968 kB
Active:           352684 kB
Mem:          3.8G       3.7G       136M       5.7M        21M       3.2G

MemTotal:        4016004 kB
MemFree:          139968 kB
Active:           352672 kB
Mem:          3.8G       3.7G       136M       5.7M        21M       3.2G

MemTotal:        4016004 kB
MemFree:          139968 kB
Active:           352700 kB
Mem:          3.8G       3.7G       136M       5.7M        21M       3.2G

MemTotal:        4016004 kB
MemFree:          139968 kB
Active:           352660 kB
Mem:          3.8G       3.7G       136M       5.7M        21M       3.2G

MemTotal:        4016004 kB
MemFree:          140216 kB
Active:           352716 kB
Mem:          3.8G       3.7G       136M       5.7M        21M       3.2G

MemTotal:        4016004 kB
MemFree:          140216 kB
Active:           352668 kB
Mem:          3.8G       3.7G       136M       5.7M        21M       3.2G

MemTotal:        4016004 kB
MemFree:          140216 kB
Active:           352708 kB
Mem:          3.8G       3.7G       137M       5.7M        21M       3.2G

MemTotal:        4016004 kB
MemFree:          140216 kB
Active:           352704 kB
Mem:          3.8G       3.7G       136M       5.7M        21M       3.2G

MemTotal:        4016004 kB
MemFree:          140216 kB
Active:           352728 kB
Mem:          3.8G       3.7G       136M       5.7M        21M       3.2G

MemTotal:        4016004 kB
MemFree:          140092 kB
Active:           352688 kB
Mem:          3.8G       3.7G       136M       5.7M        21M       3.2G

MemTotal:        4016004 kB
MemFree:          140216 kB
Active:           352696 kB
Mem:          3.8G       3.7G       136M       5.7M        21M       3.2G

MemTotal:        4016004 kB
MemFree:          140092 kB
Active:           352692 kB
Mem:          3.8G       3.7G       136M       5.7M        21M       3.2G

MemTotal:        4016004 kB
MemFree:          139844 kB
Active:           352684 kB
Mem:          3.8G       3.7G       136M       5.7M        21M       3.2G

MemTotal:        4016004 kB
MemFree:          139844 kB
Active:           352696 kB
Mem:          3.8G       3.7G       136M       5.7M        21M       3.2G

MemTotal:        4016004 kB
MemFree:          139720 kB
Active:           352712 kB
Mem:          3.8G       3.7G       136M       5.7M        21M       3.2G

MemTotal:        4016004 kB
MemFree:          140092 kB
Active:           352716 kB
Mem:          3.8G       3.7G       136M       5.7M        21M       3.2G

MemTotal:        4016004 kB
MemFree:          140216 kB
Active:           352696 kB
Mem:          3.8G       3.7G       136M       5.7M        21M       3.2G

MemTotal:        4016004 kB
MemFree:          139844 kB
Active:           352740 kB
Mem:          3.8G       3.7G       136M       5.7M        21M       3.2G

MemTotal:        4016004 kB
MemFree:          140216 kB
Active:           352732 kB
Mem:          3.8G       3.7G       136M       5.7M        21M       3.2G

MemTotal:        4016004 kB
MemFree:          139720 kB
Active:           352744 kB
Mem:          3.8G       3.7G       136M       5.7M        21M       3.2G

MemTotal:        4016004 kB
MemFree:          140092 kB
Active:           352688 kB
Mem:          3.8G       3.7G       136M       5.7M        21M       3.2G

MemTotal:        4016004 kB
MemFree:          140092 kB
Active:           352744 kB
Mem:          3.8G       3.7G       136M       5.7M        21M       3.2G

MemTotal:        4016004 kB
MemFree:          140092 kB
Active:           352724 kB
Mem:          3.8G       3.7G       136M       5.7M        21M       3.2G

MemTotal:        4016004 kB
MemFree:          140092 kB
Active:           352708 kB
Mem:          3.8G       3.7G       136M       5.7M        21M       3.2G

MemTotal:        4016004 kB
MemFree:          140092 kB
Active:           352724 kB
Mem:          3.8G       3.7G       136M       5.7M        21M       3.2G

MemTotal:        4016004 kB
MemFree:          140216 kB
Active:           352752 kB
Mem:          3.8G       3.7G       136M       5.7M        21M       3.2G

MemTotal:        4016004 kB
MemFree:          140216 kB
Active:           352752 kB
Mem:          3.8G       3.7G       136M       5.7M        21M       3.2G

MemTotal:        4016004 kB
MemFree:          140092 kB
Active:           352752 kB
Mem:          3.8G       3.7G       136M       5.7M        21M       3.2G

MemTotal:        4016004 kB
MemFree:          140216 kB
Active:           352740 kB
Mem:          3.8G       3.7G       136M       5.7M        21M       3.2G

MemTotal:        4016004 kB
MemFree:          140216 kB
Active:           352712 kB
Mem:          3.8G       3.7G       136M       5.7M        21M       3.2G

MemTotal:        4016004 kB
MemFree:          139720 kB
Active:           352756 kB
Mem:          3.8G       3.7G       136M       5.7M        21M       3.2G

MemTotal:        4016004 kB
MemFree:          140092 kB
Active:           352756 kB
Mem:          3.8G       3.7G       136M       5.7M        21M       3.2G

MemTotal:        4016004 kB
MemFree:          140340 kB
Active:           352756 kB
Mem:          3.8G       3.7G       136M       5.7M        21M       3.2G

MemTotal:        4016004 kB
MemFree:          140216 kB
Active:           352732 kB
Mem:          3.8G       3.7G       136M       5.7M        21M       3.2G

MemTotal:        4016004 kB
MemFree:          140092 kB
Active:           352740 kB
Mem:          3.8G       3.7G       136M       5.7M        21M       3.2G

MemTotal:        4016004 kB
MemFree:          140092 kB
Active:           352736 kB
Mem:          3.8G       3.7G       136M       5.7M        21M       3.2G

MemTotal:        4016004 kB
MemFree:          139844 kB
Active:           352768 kB
Mem:          3.8G       3.7G       136M       5.7M        21M       3.2G

MemTotal:        4016004 kB
MemFree:          140092 kB
Active:           352728 kB
Mem:          3.8G       3.7G       136M       5.7M        21M       3.2G

MemTotal:        4016004 kB
MemFree:          140280 kB
Active:           352732 kB
Mem:          3.8G       3.7G       136M       5.7M        21M       3.2G

MemTotal:        4016004 kB
MemFree:          140032 kB
Active:           352768 kB
Mem:          3.8G       3.7G       136M       5.7M        21M       3.2G

MemTotal:        4016004 kB
MemFree:          139660 kB
Active:           352776 kB
Mem:          3.8G       3.7G       136M       5.7M        21M       3.2G

MemTotal:        4016004 kB
MemFree:          139908 kB
Active:           352740 kB
Mem:          3.8G       3.7G       136M       5.7M        21M       3.2G

MemTotal:        4016004 kB
MemFree:          139908 kB
Active:           352776 kB
Mem:          3.8G       3.7G       136M       5.7M        21M       3.2G

MemTotal:        4016004 kB
MemFree:          139784 kB
Active:           352736 kB
Mem:          3.8G       3.7G       136M       5.7M        21M       3.2G

MemTotal:        4016004 kB
MemFree:          139908 kB
Active:           352724 kB
Mem:          3.8G       3.7G       136M       5.7M        21M       3.2G

MemTotal:        4016004 kB
MemFree:          139908 kB
Active:           352748 kB
Mem:          3.8G       3.7G       136M       5.7M        21M       3.2G

MemTotal:        4016004 kB
MemFree:          140156 kB
Active:           352772 kB
Mem:          3.8G       3.7G       136M       5.7M        21M       3.2G

MemTotal:        4016004 kB
MemFree:          140032 kB
Active:           352752 kB
Mem:          3.8G       3.7G       136M       5.7M        21M       3.2G

MemTotal:        4016004 kB
MemFree:          140156 kB
Active:           352776 kB
Mem:          3.8G       3.7G       136M       5.7M        21M       3.2G

MemTotal:        4016004 kB
MemFree:          140280 kB
Active:           352788 kB
Mem:          3.8G       3.7G       136M       5.7M        21M       3.2G

MemTotal:        4016004 kB
MemFree:          139784 kB
Active:           352792 kB
Mem:          3.8G       3.7G       136M       5.7M        21M       3.2G

MemTotal:        4016004 kB
MemFree:          140280 kB
Active:           352792 kB
Mem:          3.8G       3.7G       136M       5.7M        21M       3.2G

MemTotal:        4016004 kB
MemFree:          139800 kB
Active:           352796 kB
Mem:          3.8G       3.7G       136M       5.7M        21M       3.2G

MemTotal:        4016004 kB
MemFree:          140172 kB
Active:           352752 kB
Mem:          3.8G       3.7G       136M       5.7M        21M       3.2G

MemTotal:        4016004 kB
MemFree:          140172 kB
Active:           352804 kB
Mem:          3.8G       3.7G       136M       5.7M        21M       3.2G

MemTotal:        4016004 kB
MemFree:          139800 kB
Active:           352808 kB
Mem:          3.8G       3.7G       136M       5.7M        21M       3.2G

MemTotal:        4016004 kB
MemFree:          139800 kB
Active:           352808 kB
Mem:          3.8G       3.7G       136M       5.7M        21M       3.2G

MemTotal:        4016004 kB
MemFree:          140048 kB
Active:           352808 kB
Mem:          3.8G       3.7G       136M       5.7M        21M       3.2G

MemTotal:        4016004 kB
MemFree:          140048 kB
Active:           352812 kB
Mem:          3.8G       3.7G       136M       5.7M        21M       3.2G

MemTotal:        4016004 kB
MemFree:          140048 kB
Active:           352812 kB
Mem:          3.8G       3.7G       136M       5.7M        21M       3.2G

MemTotal:        4016004 kB
MemFree:          140048 kB
Active:           352816 kB
Mem:          3.8G       3.7G       136M       5.7M        21M       3.2G

MemTotal:        4016004 kB
MemFree:          140048 kB
Active:           352816 kB
Mem:          3.8G       3.7G       136M       5.7M        21M       3.2G

MemTotal:        4016004 kB
MemFree:          139924 kB
Active:           352776 kB
Mem:          3.8G       3.7G       136M       5.7M        21M       3.2G

MemTotal:        4016004 kB
MemFree:          139800 kB
Active:           352788 kB
Mem:          3.8G       3.7G       136M       5.7M        21M       3.2G

MemTotal:        4016004 kB
MemFree:          139552 kB
Active:           352824 kB
Mem:          3.8G       3.7G       136M       5.7M        21M       3.2G

MemTotal:        4016004 kB
MemFree:          139676 kB
Active:           352832 kB
Mem:          3.8G       3.7G       136M       5.7M        21M       3.2G

MemTotal:        4016004 kB
MemFree:          139428 kB
Active:           352836 kB
Mem:          3.8G       3.7G       136M       5.7M        21M       3.2G

MemTotal:        4016004 kB
MemFree:          139800 kB
Active:           352800 kB
Mem:          3.8G       3.7G       136M       5.7M        21M       3.2G

MemTotal:        4016004 kB
MemFree:          139800 kB
Active:           352828 kB
Mem:          3.8G       3.7G       136M       5.7M        21M       3.2G

MemTotal:        4016004 kB
MemFree:          139676 kB
Active:           352792 kB
Mem:          3.8G       3.7G       136M       5.7M        21M       3.2G

MemTotal:        4016004 kB
MemFree:          139676 kB
Active:           352804 kB
Mem:          3.8G       3.7G       136M       5.7M        21M       3.2G

MemTotal:        4016004 kB
MemFree:          139428 kB
Active:           352848 kB
Mem:          3.8G       3.7G       135M       5.7M        21M       3.2G

MemTotal:        4016004 kB
MemFree:          139552 kB
Active:           352800 kB
Mem:          3.8G       3.7G       136M       5.7M        21M       3.2G

MemTotal:        4016004 kB
MemFree:          139428 kB
Active:           352796 kB
Mem:          3.8G       3.7G       136M       5.7M        21M       3.2G

MemTotal:        4016004 kB
MemFree:          139924 kB
Active:           352848 kB
Mem:          3.8G       3.7G       136M       5.7M        21M       3.2G

MemTotal:        4016004 kB
MemFree:          139924 kB
Active:           352816 kB
Mem:          3.8G       3.7G       136M       5.7M        21M       3.2G

MemTotal:        4016004 kB
MemFree:          140048 kB
Active:           352848 kB
Mem:          3.8G       3.7G       136M       5.7M        21M       3.2G

MemTotal:        4016004 kB
MemFree:          139924 kB
Active:           352848 kB
Mem:          3.8G       3.7G       136M       5.7M        21M       3.2G

MemTotal:        4016004 kB
MemFree:          139676 kB
Active:           352852 kB
Mem:          3.8G       3.7G       136M       5.7M        21M       3.2G

MemTotal:        4016004 kB
MemFree:          139676 kB
Active:           352972 kB
Mem:          3.8G       3.7G       136M       5.7M        21M       3.2G

MemTotal:        4016004 kB
MemFree:          139552 kB
Active:           353096 kB
Mem:          3.8G       3.7G       136M       5.7M        21M       3.2G

MemTotal:        4016004 kB
MemFree:          139288 kB
Active:           352948 kB
Mem:          3.8G       3.7G       136M       5.7M        21M       3.2G

MemTotal:        4016004 kB
MemFree:          139412 kB
Active:           352984 kB
Mem:          3.8G       3.7G       136M       5.7M        21M       3.2G

MemTotal:        4016004 kB
MemFree:          139660 kB
Active:           352976 kB
Mem:          3.8G       3.7G       136M       5.7M        21M       3.2G

MemTotal:        4016004 kB
MemFree:          139908 kB
Active:           352956 kB
Mem:          3.8G       3.7G       136M       5.7M        21M       3.2G

MemTotal:        4016004 kB
MemFree:          139784 kB
Active:           352960 kB
Mem:          3.8G       3.7G       136M       5.7M        21M       3.2G

MemTotal:        4016004 kB
MemFree:          139908 kB
Active:           352964 kB
Mem:          3.8G       3.7G       136M       5.7M        21M       3.2G

MemTotal:        4016004 kB
MemFree:          139784 kB
Active:           353004 kB
Mem:          3.8G       3.7G       136M       5.7M        21M       3.2G

MemTotal:        4016004 kB
MemFree:          139784 kB
Active:           352996 kB
Mem:          3.8G       3.7G       136M       5.7M        21M       3.2G

MemTotal:        4016004 kB
MemFree:          139784 kB
Active:           352956 kB
Mem:          3.8G       3.7G       136M       5.7M        21M       3.2G

MemTotal:        4016004 kB
MemFree:          140156 kB
Active:           352964 kB
Mem:          3.8G       3.7G       136M       5.7M        21M       3.2G

MemTotal:        4016004 kB
MemFree:          140032 kB
Active:           352992 kB
Mem:          3.8G       3.7G       136M       5.7M        21M       3.2G

MemTotal:        4016004 kB
MemFree:          140032 kB
Active:           352980 kB
Mem:          3.8G       3.7G       136M       5.7M        21M       3.2G

MemTotal:        4016004 kB
MemFree:          140032 kB
Active:           352968 kB
Mem:          3.8G       3.7G       136M       5.7M        21M       3.2G

MemTotal:        4016004 kB
MemFree:          140032 kB
Active:           353004 kB
Mem:          3.8G       3.7G       136M       5.7M        21M       3.2G

MemTotal:        4016004 kB
MemFree:          140032 kB
Active:           353016 kB
Mem:          3.8G       3.7G       136M       5.7M        21M       3.2G

MemTotal:        4016004 kB
MemFree:          140032 kB
Active:           352992 kB
Mem:          3.8G       3.7G       136M       5.7M        21M       3.2G

MemTotal:        4016004 kB
MemFree:          140172 kB
Active:           352988 kB
Mem:          3.8G       3.7G       136M       5.7M        21M       3.2G

MemTotal:        4016004 kB
MemFree:          140048 kB
Active:           353008 kB
Mem:          3.8G       3.7G       136M       5.7M        21M       3.2G

MemTotal:        4016004 kB
MemFree:          140048 kB
Active:           352980 kB
Mem:          3.8G       3.7G       136M       5.7M        21M       3.2G

MemTotal:        4016004 kB
MemFree:          140048 kB
Active:           353008 kB
Mem:          3.8G       3.7G       136M       5.7M        21M       3.2G

MemTotal:        4016004 kB
MemFree:          140048 kB
Active:           353004 kB
Mem:          3.8G       3.7G       136M       5.7M        21M       3.2G

MemTotal:        4016004 kB
MemFree:          139660 kB
Active:           353012 kB
Mem:          3.8G       3.7G       136M       5.7M        21M       3.2G

MemTotal:        4016004 kB
MemFree:          140048 kB
Active:           352992 kB
Mem:          3.8G       3.7G       136M       5.7M        21M       3.2G

MemTotal:        4016004 kB
MemFree:          139924 kB
Active:           353012 kB
Mem:          3.8G       3.7G       136M       5.7M        21M       3.2G

MemTotal:        4016004 kB
MemFree:          140048 kB
Active:           353016 kB
Mem:          3.8G       3.7G       136M       5.7M        21M       3.2G

MemTotal:        4016004 kB
MemFree:          140048 kB
Active:           353016 kB
Mem:          3.8G       3.7G       136M       5.7M        21M       3.2G

MemTotal:        4016004 kB
MemFree:          140048 kB
Active:           353016 kB
Mem:          3.8G       3.7G       136M       5.7M        21M       3.2G

MemTotal:        4016004 kB
MemFree:          140080 kB
Active:           353120 kB
Mem:          3.8G       3.7G       136M       5.7M        21M       3.2G

MemTotal:        4016004 kB
MemFree:          139924 kB
Active:           353024 kB
Mem:          3.8G       3.7G       136M       5.7M        21M       3.2G

MemTotal:        4016004 kB
MemFree:          139660 kB
Active:           353028 kB
Mem:          3.8G       3.7G       136M       5.7M        21M       3.2G

MemTotal:        4016004 kB
MemFree:          140156 kB
Active:           353008 kB
Mem:          3.8G       3.7G       136M       5.7M        21M       3.2G

MemTotal:        4016004 kB
MemFree:          140048 kB
Active:           353020 kB
Mem:          3.8G       3.7G       136M       5.7M        21M       3.2G

MemTotal:        4016004 kB
MemFree:          140048 kB
Active:           353032 kB
Mem:          3.8G       3.7G       136M       5.7M        21M       3.2G

MemTotal:        4016004 kB
MemFree:          140048 kB
Active:           353020 kB
Mem:          3.8G       3.7G       136M       5.7M        21M       3.2G

MemTotal:        4016004 kB
MemFree:          140048 kB
Active:           353024 kB
Mem:          3.8G       3.7G       136M       5.7M        21M       3.2G

MemTotal:        4016004 kB
MemFree:          139908 kB
Active:           353116 kB
Mem:          3.8G       3.7G       136M       5.7M        21M       3.2G

MemTotal:        4016004 kB
MemFree:          140156 kB
Active:           352984 kB
Mem:          3.8G       3.7G       136M       5.7M        21M       3.2G

MemTotal:        4016004 kB
MemFree:          139808 kB
Active:           353116 kB
Mem:          3.8G       3.7G       136M       5.7M        21M       3.2G

MemTotal:        4016004 kB
MemFree:          139908 kB
Active:           353172 kB
Mem:          3.8G       3.7G       136M       5.7M        21M       3.2G

MemTotal:        4016004 kB
MemFree:          140032 kB
Active:           353040 kB
Mem:          3.8G       3.7G       136M       5.7M        21M       3.2G

MemTotal:        4016004 kB
MemFree:          139908 kB
Active:           353180 kB
Mem:          3.8G       3.7G       136M       5.7M        21M       3.2G

MemTotal:        4016004 kB
MemFree:          139924 kB
Active:           353040 kB
Mem:          3.8G       3.7G       136M       5.7M        21M       3.2G

MemTotal:        4016004 kB
MemFree:          139148 kB
Active:           353052 kB
Mem:          3.8G       3.7G       136M       5.7M        21M       3.2G

MemTotal:        4016004 kB
MemFree:          139412 kB
Active:           353056 kB
Mem:          3.8G       3.7G       135M       5.7M        21M       3.2G

MemTotal:        4016004 kB
MemFree:          139056 kB
Active:           353056 kB
Mem:          3.8G       3.7G       135M       5.7M        21M       3.2G

MemTotal:        4016004 kB
MemFree:          139024 kB
Active:           353056 kB
Mem:          3.8G       3.7G       135M       5.7M        21M       3.2G

MemTotal:        4016004 kB
MemFree:          139288 kB
Active:           353180 kB
Mem:          3.8G       3.7G       136M       5.7M        21M       3.2G

MemTotal:        4016004 kB
MemFree:          139412 kB
Active:           353016 kB
Mem:          3.8G       3.7G       136M       5.7M        21M       3.2G

MemTotal:        4016004 kB
MemFree:          139188 kB
Active:           353140 kB
Mem:          3.8G       3.7G       136M       5.7M        21M       3.2G

MemTotal:        4016004 kB
MemFree:          139164 kB
Active:           353072 kB
Mem:          3.8G       3.7G       136M       5.7M        21M       3.2G

MemTotal:        4016004 kB
MemFree:          139412 kB
Active:           353036 kB
Mem:          3.8G       3.7G       136M       5.7M        21M       3.2G

MemTotal:        4016004 kB
MemFree:          139708 kB
Active:           353144 kB
Mem:          3.8G       3.7G       136M       5.7M        21M       3.2G

MemTotal:        4016004 kB
MemFree:          139784 kB
Active:           353180 kB
Mem:          3.8G       3.7G       136M       5.7M        21M       3.2G

MemTotal:        4016004 kB
MemFree:          139708 kB
Active:           353200 kB
Mem:          3.8G       3.7G       136M       5.7M        21M       3.2G

MemTotal:        4016004 kB
MemFree:          139832 kB
Active:           353164 kB
Mem:          3.8G       3.7G       136M       5.7M        21M       3.2G

MemTotal:        4016004 kB
MemFree:          139660 kB
Active:           353200 kB
Mem:          3.8G       3.7G       136M       5.7M        21M       3.2G

MemTotal:        4016004 kB
MemFree:          139708 kB
Active:           353152 kB
Mem:          3.8G       3.7G       136M       5.7M        21M       3.2G

MemTotal:        4016004 kB
MemFree:          139768 kB
Active:           353052 kB
Mem:          3.8G       3.7G       136M       5.7M        21M       3.2G

MemTotal:        4016004 kB
MemFree:          139892 kB
Active:           353072 kB
Mem:          3.8G       3.7G       136M       5.7M        21M       3.2G

MemTotal:        4016004 kB
MemFree:          139272 kB
Active:           353236 kB
Mem:          3.8G       3.7G       136M       5.7M        21M       3.2G

MemTotal:        4016004 kB
MemFree:          139412 kB
Active:           353056 kB
Mem:          3.8G       3.7G       136M       5.7M        21M       3.2G

MemTotal:        4016004 kB
MemFree:          139320 kB
Active:           353152 kB
Mem:          3.8G       3.7G       136M       5.7M        21M       3.2G

MemTotal:        4016004 kB
MemFree:          139444 kB
Active:           353196 kB
Mem:          3.8G       3.7G       136M       5.7M        21M       3.2G

MemTotal:        4016004 kB
MemFree:          139408 kB
Active:           353136 kB
Mem:          3.8G       3.7G       136M       5.7M        21M       3.2G

MemTotal:        4016004 kB
MemFree:          139024 kB
Active:           353212 kB
Mem:          3.8G       3.7G       136M       5.7M        21M       3.2G

MemTotal:        4016004 kB
MemFree:          139296 kB
Active:           353344 kB
Mem:          3.8G       3.7G       136M       5.7M        21M       3.2G

MemTotal:        4016004 kB
MemFree:          139660 kB
Active:           352968 kB
Mem:          3.8G       3.7G       136M       5.7M        21M       3.2G

MemTotal:        4016004 kB
MemFree:          139644 kB
Active:           353124 kB
Mem:          3.8G       3.7G       136M       5.7M        21M       3.2G

MemTotal:        4016004 kB
MemFree:          139832 kB
Active:           353100 kB
Mem:          3.8G       3.7G       136M       5.7M        21M       3.2G

MemTotal:        4016004 kB
MemFree:          139668 kB
Active:           353168 kB
Mem:          3.8G       3.7G       136M       5.7M        21M       3.2G

MemTotal:        4016004 kB
MemFree:          139816 kB
Active:           353168 kB
Mem:          3.8G       3.7G       136M       5.7M        21M       3.2G

MemTotal:        4016004 kB
MemFree:          139888 kB
Active:           353180 kB
Mem:          3.8G       3.7G       136M       5.7M        21M       3.2G

MemTotal:        4016004 kB
MemFree:          139412 kB
Active:           353220 kB
Mem:          3.8G       3.7G       136M       5.7M        21M       3.2G

MemTotal:        4016004 kB
MemFree:          139888 kB
Active:           353076 kB
Mem:          3.8G       3.7G       136M       5.7M        21M       3.2G

MemTotal:        4016004 kB
MemFree:          139520 kB
Active:           353356 kB
Mem:          3.8G       3.7G       136M       5.7M        21M       3.2G

MemTotal:        4016004 kB
MemFree:          139768 kB
Active:           353124 kB
Mem:          3.8G       3.7G       136M       5.7M        21M       3.2G

MemTotal:        4016004 kB
MemFree:          139272 kB
Active:           353160 kB
Mem:          3.8G       3.7G       136M       5.7M        21M       3.2G

MemTotal:        4016004 kB
MemFree:          139616 kB
Active:           353048 kB
Mem:          3.8G       3.7G       136M       5.7M        21M       3.2G

MemTotal:        4016004 kB
MemFree:          139640 kB
Active:           353212 kB
Mem:          3.8G       3.7G       136M       5.7M        21M       3.2G

MemTotal:        4016004 kB
MemFree:          139460 kB
Active:           353228 kB
Mem:          3.8G       3.7G       136M       5.7M        21M       3.2G

MemTotal:        4016004 kB
MemFree:          139616 kB
Active:           353048 kB
Mem:          3.8G       3.7G       136M       5.7M        21M       3.2G

MemTotal:        4016004 kB
MemFree:          139640 kB
Active:           353048 kB
Mem:          3.8G       3.7G       136M       5.7M        21M       3.2G

MemTotal:        4016004 kB
MemFree:          139800 kB
Active:           353212 kB
Mem:          3.8G       3.7G       136M       5.7M        21M       3.2G

MemTotal:        4016004 kB
MemFree:          139768 kB
Active:           353124 kB
Mem:          3.8G       3.7G       136M       5.7M        21M       3.2G

MemTotal:        4016004 kB
MemFree:          139380 kB
Active:           353252 kB
Mem:          3.8G       3.7G       136M       5.7M        21M       3.2G

MemTotal:        4016004 kB
MemFree:          139368 kB
Active:           353192 kB
Mem:          3.8G       3.7G       136M       5.7M        21M       3.2G

MemTotal:        4016004 kB
MemFree:          139548 kB
Active:           353080 kB
Mem:          3.8G       3.7G       136M       5.7M        21M       3.2G

MemTotal:        4016004 kB
MemFree:          139516 kB
Active:           353092 kB
Mem:          3.8G       3.7G       136M       5.7M        21M       3.2G

MemTotal:        4016004 kB
MemFree:          139764 kB
Active:           353212 kB
Mem:          3.8G       3.7G       136M       5.7M        21M       3.2G

MemTotal:        4016004 kB
MemFree:          139196 kB
Active:           353340 kB
Mem:          3.8G       3.7G       135M       5.7M        21M       3.2G

MemTotal:        4016004 kB
MemFree:          139280 kB
Active:           353228 kB
Mem:          3.8G       3.7G       136M       5.7M        21M       3.2G

MemTotal:        4016004 kB
MemFree:          139520 kB
Active:           353148 kB
Mem:          3.8G       3.7G       136M       5.7M        21M       3.2G

MemTotal:        4016004 kB
MemFree:          139396 kB
Active:           353056 kB
Mem:          3.8G       3.7G       136M       5.7M        21M       3.2G

MemTotal:        4016004 kB
MemFree:          139676 kB
Active:           353140 kB
Mem:          3.8G       3.7G       136M       5.7M        21M       3.2G

MemTotal:        4016004 kB
MemFree:          139812 kB
Active:           353156 kB
Mem:          3.8G       3.7G       136M       5.7M        21M       3.2G

MemTotal:        4016004 kB
MemFree:          139936 kB
Active:           353176 kB
Mem:          3.8G       3.7G       136M       5.7M        21M       3.2G

MemTotal:        4016004 kB
MemFree:          139788 kB
Active:           353200 kB
Mem:          3.8G       3.7G       136M       5.7M        21M       3.2G

MemTotal:        4016004 kB
MemFree:          139444 kB
Active:           353332 kB
Mem:          3.8G       3.7G       136M       5.7M        21M       3.2G

MemTotal:        4016004 kB
MemFree:          139540 kB
Active:           353044 kB
Mem:          3.8G       3.7G       136M       5.7M        21M       3.2G

MemTotal:        4016004 kB
MemFree:          139872 kB
Active:           353236 kB
Mem:          3.8G       3.7G       136M       5.7M        21M       3.2G

MemTotal:        4016004 kB
MemFree:          139644 kB
Active:           353212 kB
Mem:          3.8G       3.7G       136M       5.7M        21M       3.2G

MemTotal:        4016004 kB
MemFree:          140016 kB
Active:           353108 kB
Mem:          3.8G       3.7G       136M       5.7M        21M       3.2G

MemTotal:        4016004 kB
MemFree:          139888 kB
Active:           353112 kB
Mem:          3.8G       3.7G       136M       5.7M        21M       3.2G

MemTotal:        4016004 kB
MemFree:          139936 kB
Active:           353084 kB
Mem:          3.8G       3.7G       136M       5.7M        21M       3.2G

MemTotal:        4016004 kB
MemFree:          139896 kB
Active:           353104 kB
Mem:          3.8G       3.7G       136M       5.7M        21M       3.2G

MemTotal:        4016004 kB
MemFree:          139764 kB
Active:           353232 kB
Mem:          3.8G       3.7G       136M       5.7M        21M       3.2G

MemTotal:        4016004 kB
MemFree:          139796 kB
Active:           353144 kB
Mem:          3.8G       3.7G       136M       5.7M        21M       3.2G

MemTotal:        4016004 kB
MemFree:          139748 kB
Active:           352964 kB
Mem:          3.8G       3.7G       136M       5.7M        21M       3.2G

MemTotal:        4016004 kB
MemFree:          139644 kB
Active:           353268 kB
Mem:          3.8G       3.7G       136M       5.7M        21M       3.2G

MemTotal:        4016004 kB
MemFree:          139768 kB
Active:           353108 kB
Mem:          3.8G       3.7G       136M       5.7M        21M       3.2G

MemTotal:        4016004 kB
MemFree:          140000 kB
Active:           353068 kB
Mem:          3.8G       3.7G       136M       5.7M        21M       3.2G

MemTotal:        4016004 kB
MemFree:          139644 kB
Active:           353160 kB
Mem:          3.8G       3.7G       136M       5.7M        21M       3.2G

MemTotal:        4016004 kB
MemFree:          139892 kB
Active:           353020 kB
Mem:          3.8G       3.7G       136M       5.7M        21M       3.2G

MemTotal:        4016004 kB
MemFree:          139768 kB
Active:           353064 kB
Mem:          3.8G       3.7G       136M       5.7M        21M       3.2G

MemTotal:        4016004 kB
MemFree:          139892 kB
Active:           353168 kB
Mem:          3.8G       3.7G       136M       5.7M        21M       3.2G

MemTotal:        4016004 kB
MemFree:          139892 kB
Active:           353012 kB
Mem:          3.8G       3.7G       136M       5.7M        21M       3.2G

MemTotal:        4016004 kB
MemFree:          139520 kB
Active:           353140 kB
Mem:          3.8G       3.7G       136M       5.7M        21M       3.2G

MemTotal:        4016004 kB
MemFree:          139768 kB
Active:           353132 kB
Mem:          3.8G       3.7G       136M       5.7M        21M       3.2G

MemTotal:        4016004 kB
MemFree:          140036 kB
Active:           352776 kB
Mem:          3.8G       3.7G       136M       5.7M        21M       3.2G

MemTotal:        4016004 kB
MemFree:          140160 kB
Active:           352632 kB
Mem:          3.8G       3.7G       136M       5.7M        21M       3.2G

MemTotal:        4016004 kB
MemFree:          140036 kB
Active:           352640 kB
Mem:          3.8G       3.7G       136M       5.7M        21M       3.2G

MemTotal:        4016004 kB
MemFree:          140208 kB
Active:           352712 kB
Mem:          3.8G       3.7G       136M       5.7M        21M       3.2G

MemTotal:        4016004 kB
MemFree:          140132 kB
Active:           352732 kB
Mem:          3.8G       3.7G       136M       5.7M        21M       3.2G

MemTotal:        4016004 kB
MemFree:          139760 kB
Active:           352768 kB
Mem:          3.8G       3.7G       136M       5.7M        21M       3.2G

MemTotal:        4016004 kB
MemFree:          139512 kB
Active:           352776 kB
Mem:          3.8G       3.7G       136M       5.7M        21M       3.2G

MemTotal:        4016004 kB
MemFree:          140008 kB
Active:           352736 kB
Mem:          3.8G       3.7G       136M       5.7M        21M       3.2G

MemTotal:        4016004 kB
MemFree:          139512 kB
Active:           352784 kB
Mem:          3.8G       3.7G       136M       5.7M        21M       3.2G

MemTotal:        4016004 kB
MemFree:          139636 kB
Active:           352784 kB
Mem:          3.8G       3.7G       136M       5.7M        21M       3.2G

MemTotal:        4016004 kB
MemFree:          139884 kB
Active:           352728 kB
Mem:          3.8G       3.7G       136M       5.7M        21M       3.2G

MemTotal:        4016004 kB
MemFree:          139884 kB
Active:           352788 kB
Mem:          3.8G       3.7G       136M       5.7M        21M       3.2G

MemTotal:        4016004 kB
MemFree:          139636 kB
Active:           352792 kB
Mem:          3.8G       3.7G       136M       5.7M        21M       3.2G

MemTotal:        4016004 kB
MemFree:          139884 kB
Active:           352776 kB
Mem:          3.8G       3.7G       136M       5.7M        21M       3.2G

MemTotal:        4016004 kB
MemFree:          139760 kB
Active:           352792 kB
Mem:          3.8G       3.7G       136M       5.7M        21M       3.2G

MemTotal:        4016004 kB
MemFree:          140256 kB
Active:           352764 kB
Mem:          3.8G       3.7G       136M       5.7M        21M       3.2G

MemTotal:        4016004 kB
MemFree:          140256 kB
Active:           352760 kB
Mem:          3.8G       3.7G       136M       5.7M        21M       3.2G

MemTotal:        4016004 kB
MemFree:          140428 kB
Active:           352768 kB
Mem:          3.8G       3.7G       137M       5.7M        21M       3.2G

MemTotal:        4016004 kB
MemFree:          140056 kB
Active:           352804 kB
Mem:          3.8G       3.7G       136M       5.7M        21M       3.2G

MemTotal:        4016004 kB
MemFree:          140428 kB
Active:           352772 kB
Mem:          3.8G       3.7G       137M       5.7M        21M       3.2G

MemTotal:        4016004 kB
MemFree:          140428 kB
Active:           352792 kB
Mem:          3.8G       3.7G       137M       5.7M        21M       3.2G

MemTotal:        4016004 kB
MemFree:          140552 kB
Active:           352796 kB
Mem:          3.8G       3.7G       137M       5.7M        21M       3.2G

MemTotal:        4016004 kB
MemFree:          140552 kB
Active:           352760 kB
Mem:          3.8G       3.7G       137M       5.7M        21M       3.2G

MemTotal:        4016004 kB
MemFree:          140428 kB
Active:           352780 kB
Mem:          3.8G       3.7G       137M       5.7M        21M       3.2G

MemTotal:        4016004 kB
MemFree:          140552 kB
Active:           352768 kB
Mem:          3.8G       3.7G       137M       5.7M        21M       3.2G

MemTotal:        4016004 kB
MemFree:          140056 kB
Active:           352812 kB
Mem:          3.8G       3.7G       136M       5.7M        21M       3.2G

MemTotal:        4016004 kB
MemFree:          139932 kB
Active:           352816 kB
Mem:          3.8G       3.7G       136M       5.7M        21M       3.2G

MemTotal:        4016004 kB
MemFree:          139932 kB
Active:           352792 kB
Mem:          3.8G       3.7G       136M       5.7M        21M       3.2G

MemTotal:        4016004 kB
MemFree:          139436 kB
Active:           352824 kB
Mem:          3.8G       3.7G       136M       5.7M        21M       3.2G

MemTotal:        4016004 kB
MemFree:          139808 kB
Active:           352784 kB
Mem:          3.8G       3.7G       136M       5.7M        21M       3.2G

MemTotal:        4016004 kB
MemFree:          139436 kB
Active:           352828 kB
Mem:          3.8G       3.7G       136M       5.7M        21M       3.2G

MemTotal:        4016004 kB
MemFree:          139436 kB
Active:           352828 kB
Mem:          3.8G       3.7G       136M       5.7M        21M       3.2G

MemTotal:        4016004 kB
MemFree:          139560 kB
Active:           352784 kB
Mem:          3.8G       3.7G       136M       5.7M        21M       3.2G

MemTotal:        4016004 kB
MemFree:          139808 kB
Active:           352800 kB
Mem:          3.8G       3.7G       136M       5.7M        21M       3.2G

MemTotal:        4016004 kB
MemFree:          140180 kB
Active:           352792 kB
