MemTotal:        4016004 kB
MemFree:         3210376 kB
Active:           450036 kB
Mem:          3.8G       787M       3.1G       5.7M        54M       327M

MemTotal:        4016004 kB
MemFree:         3209492 kB
Active:           450784 kB
Mem:          3.8G       787M       3.1G       5.7M        54M       327M

MemTotal:        4016004 kB
MemFree:         3209104 kB
Active:           450856 kB
Mem:          3.8G       788M       3.1G       5.7M        54M       327M

MemTotal:        4016004 kB
MemFree:         3206932 kB
Active:           450820 kB
Mem:          3.8G       790M       3.1G       5.7M        54M       327M

MemTotal:        4016004 kB
MemFree:         3206544 kB
Active:           450800 kB
Mem:          3.8G       790M       3.1G       5.7M        54M       327M

MemTotal:        4016004 kB
MemFree:         3206404 kB
Active:           452900 kB
Mem:          3.8G       790M       3.1G       5.7M        54M       327M

MemTotal:        4016004 kB
MemFree:         3206776 kB
Active:           452880 kB
Mem:          3.8G       790M       3.1G       5.7M        54M       327M

MemTotal:        4016004 kB
MemFree:         3206900 kB
Active:           452868 kB
Mem:          3.8G       790M       3.1G       5.7M        54M       327M

MemTotal:        4016004 kB
MemFree:         3206760 kB
Active:           452904 kB
Mem:          3.8G       790M       3.1G       5.7M        54M       327M

MemTotal:        4016004 kB
MemFree:         3206512 kB
Active:           452908 kB
Mem:          3.8G       790M       3.1G       5.7M        54M       327M

MemTotal:        4016004 kB
MemFree:         3206140 kB
Active:           452860 kB
Mem:          3.8G       790M       3.1G       5.7M        54M       327M

MemTotal:        4016004 kB
MemFree:         3206140 kB
Active:           452896 kB
Mem:          3.8G       791M       3.1G       5.7M        54M       327M

MemTotal:        4016004 kB
MemFree:         3206016 kB
Active:           452880 kB
Mem:          3.8G       791M       3.1G       5.7M        54M       327M

MemTotal:        4016004 kB
MemFree:         3205272 kB
Active:           452916 kB
Mem:          3.8G       791M       3.1G       5.7M        54M       327M

MemTotal:        4016004 kB
MemFree:         3205396 kB
Active:           452888 kB
Mem:          3.8G       791M       3.1G       5.7M        54M       327M

MemTotal:        4016004 kB
MemFree:         3205676 kB
Active:           452920 kB
Mem:          3.8G       791M       3.1G       5.7M        54M       327M

MemTotal:        4016004 kB
MemFree:         3205676 kB
Active:           452872 kB
Mem:          3.8G       791M       3.1G       5.7M        54M       327M

MemTotal:        4016004 kB
MemFree:         3205428 kB
Active:           452896 kB
Mem:          3.8G       791M       3.1G       5.7M        54M       327M

MemTotal:        4016004 kB
MemFree:         3205428 kB
Active:           452916 kB
Mem:          3.8G       791M       3.1G       5.7M        54M       327M

MemTotal:        4016004 kB
MemFree:         3205412 kB
Active:           452904 kB
Mem:          3.8G       791M       3.1G       5.7M        54M       327M

MemTotal:        4016004 kB
MemFree:         3205040 kB
Active:           452924 kB
Mem:          3.8G       791M       3.1G       5.7M        54M       327M

MemTotal:        4016004 kB
MemFree:         3204916 kB
Active:           452932 kB
Mem:          3.8G       791M       3.1G       5.7M        54M       327M

MemTotal:        4016004 kB
MemFree:         3205520 kB
Active:           452908 kB
Mem:          3.8G       791M       3.1G       5.7M        54M       327M

MemTotal:        4016004 kB
MemFree:         3204620 kB
Active:           450992 kB
Mem:          3.8G       792M       3.1G       5.7M        54M       327M

MemTotal:        4016004 kB
MemFree:         3204672 kB
Active:           450860 kB
Mem:          3.8G       792M       3.1G       5.7M        54M       327M

MemTotal:        4016004 kB
MemFree:         3205276 kB
Active:           450848 kB
Mem:          3.8G       791M       3.1G       5.7M        54M       327M

MemTotal:        4016004 kB
MemFree:         3205680 kB
Active:           452928 kB
Mem:          3.8G       791M       3.1G       5.7M        54M       327M

MemTotal:        4016004 kB
MemFree:         3205556 kB
Active:           452904 kB
Mem:          3.8G       791M       3.1G       5.7M        54M       327M

MemTotal:        4016004 kB
MemFree:         3205556 kB
Active:           452940 kB
Mem:          3.8G       791M       3.1G       5.7M        54M       327M

MemTotal:        4016004 kB
MemFree:         3205680 kB
Active:           452924 kB
Mem:          3.8G       791M       3.1G       5.7M        54M       327M

MemTotal:        4016004 kB
MemFree:         3205804 kB
Active:           452892 kB
Mem:          3.8G       791M       3.1G       5.7M        54M       327M

MemTotal:        4016004 kB
MemFree:         3205184 kB
Active:           452948 kB
Mem:          3.8G       791M       3.1G       5.7M        54M       327M

MemTotal:        4016004 kB
MemFree:         3205540 kB
Active:           452932 kB
Mem:          3.8G       791M       3.1G       5.7M        54M       327M

MemTotal:        4016004 kB
MemFree:         3205540 kB
Active:           452908 kB
Mem:          3.8G       791M       3.1G       5.7M        54M       327M

MemTotal:        4016004 kB
MemFree:         3205696 kB
Active:           452948 kB
Mem:          3.8G       791M       3.1G       5.7M        54M       327M

MemTotal:        4016004 kB
MemFree:         3205200 kB
Active:           452956 kB
Mem:          3.8G       791M       3.1G       5.7M        54M       327M

MemTotal:        4016004 kB
MemFree:         3205572 kB
Active:           452932 kB
Mem:          3.8G       791M       3.1G       5.7M        54M       327M

MemTotal:        4016004 kB
MemFree:         3205200 kB
Active:           452964 kB
Mem:          3.8G       791M       3.1G       5.7M        54M       327M

MemTotal:        4016004 kB
MemFree:         3205572 kB
Active:           452952 kB
Mem:          3.8G       791M       3.1G       5.7M        54M       327M

MemTotal:        4016004 kB
MemFree:         3205448 kB
Active:           452936 kB
Mem:          3.8G       791M       3.1G       5.7M        54M       327M

MemTotal:        4016004 kB
MemFree:         3205696 kB
Active:           452916 kB
Mem:          3.8G       791M       3.1G       5.7M        54M       327M

MemTotal:        4016004 kB
MemFree:         3205868 kB
Active:           452940 kB
Mem:          3.8G       791M       3.1G       5.7M        54M       327M

MemTotal:        4016004 kB
MemFree:         3205744 kB
Active:           452968 kB
Mem:          3.8G       791M       3.1G       5.7M        54M       327M

MemTotal:        4016004 kB
MemFree:         3205152 kB
Active:           450976 kB
Mem:          3.8G       791M       3.1G       5.7M        54M       327M

MemTotal:        4016004 kB
MemFree:         3205184 kB
Active:           450940 kB
Mem:          3.8G       791M       3.1G       5.7M        54M       327M

MemTotal:        4016004 kB
MemFree:         3205432 kB
Active:           452992 kB
Mem:          3.8G       791M       3.1G       5.7M        54M       327M

MemTotal:        4016004 kB
MemFree:         3205400 kB
Active:           452984 kB
Mem:          3.8G       791M       3.1G       5.7M        54M       327M

MemTotal:        4016004 kB
MemFree:         3205276 kB
Active:           452984 kB
Mem:          3.8G       791M       3.1G       5.7M        54M       327M

MemTotal:        4016004 kB
MemFree:         3205648 kB
Active:           452976 kB
Mem:          3.8G       791M       3.1G       5.7M        54M       327M

MemTotal:        4016004 kB
MemFree:         3205772 kB
Active:           452956 kB
Mem:          3.8G       791M       3.1G       5.7M        54M       327M

MemTotal:        4016004 kB
MemFree:         3206236 kB
Active:           452996 kB
Mem:          3.8G       790M       3.1G       5.7M        54M       327M

MemTotal:        4016004 kB
MemFree:         3205864 kB
Active:           453016 kB
Mem:          3.8G       791M       3.1G       5.7M        54M       327M

MemTotal:        4016004 kB
MemFree:         3205848 kB
Active:           453012 kB
Mem:          3.8G       791M       3.1G       5.7M        54M       327M

MemTotal:        4016004 kB
MemFree:         3203660 kB
Active:           452980 kB
Mem:          3.8G       793M       3.1G       5.7M        54M       327M

MemTotal:        4016004 kB
MemFree:         3203536 kB
Active:           455000 kB
Mem:          3.8G       793M       3.1G       5.7M        54M       327M

MemTotal:        4016004 kB
MemFree:         3203520 kB
Active:           455052 kB
Mem:          3.8G       793M       3.1G       5.7M        54M       327M

MemTotal:        4016004 kB
MemFree:         3203752 kB
Active:           455024 kB
Mem:          3.8G       793M       3.1G       5.7M        54M       327M

MemTotal:        4016004 kB
MemFree:         3203612 kB
Active:           455056 kB
Mem:          3.8G       793M       3.1G       5.7M        54M       327M

MemTotal:        4016004 kB
MemFree:         3203100 kB
Active:           455068 kB
Mem:          3.8G       793M       3.1G       5.7M        54M       327M

MemTotal:        4016004 kB
MemFree:         3203332 kB
Active:           455048 kB
Mem:          3.8G       793M       3.1G       5.7M        54M       327M

MemTotal:        4016004 kB
MemFree:         3203364 kB
Active:           455036 kB
Mem:          3.8G       793M       3.1G       5.7M        54M       327M

MemTotal:        4016004 kB
MemFree:         3203116 kB
Active:           455068 kB
Mem:          3.8G       793M       3.1G       5.7M        54M       327M

MemTotal:        4016004 kB
MemFree:         3203124 kB
Active:           455068 kB
Mem:          3.8G       793M       3.1G       5.7M        54M       327M

MemTotal:        4016004 kB
MemFree:         3203372 kB
Active:           455016 kB
Mem:          3.8G       793M       3.1G       5.7M        54M       327M

MemTotal:        4016004 kB
MemFree:         3202876 kB
Active:           455080 kB
Mem:          3.8G       793M       3.1G       5.7M        54M       327M

MemTotal:        4016004 kB
MemFree:         3203248 kB
Active:           455048 kB
Mem:          3.8G       793M       3.1G       5.7M        54M       327M

MemTotal:        4016004 kB
MemFree:         3203000 kB
Active:           455024 kB
Mem:          3.8G       793M       3.1G       5.7M        54M       327M

MemTotal:        4016004 kB
MemFree:         3203124 kB
Active:           455060 kB
Mem:          3.8G       793M       3.1G       5.7M        54M       327M

MemTotal:        4016004 kB
MemFree:         3202628 kB
Active:           455080 kB
Mem:          3.8G       794M       3.1G       5.7M        54M       327M

MemTotal:        4016004 kB
MemFree:         3203248 kB
Active:           455060 kB
Mem:          3.8G       793M       3.1G       5.7M        54M       327M

MemTotal:        4016004 kB
MemFree:         3203248 kB
Active:           455052 kB
Mem:          3.8G       793M       3.1G       5.7M        54M       327M

MemTotal:        4016004 kB
MemFree:         3203620 kB
Active:           455052 kB
Mem:          3.8G       793M       3.1G       5.7M        54M       327M

MemTotal:        4016004 kB
MemFree:         3203496 kB
Active:           455060 kB
Mem:          3.8G       793M       3.1G       5.7M        54M       327M

MemTotal:        4016004 kB
MemFree:         3202176 kB
Active:           453296 kB
Mem:          3.8G       794M       3.1G       5.7M        54M       327M

MemTotal:        4016004 kB
MemFree:         3202624 kB
Active:           453124 kB
Mem:          3.8G       794M       3.1G       5.7M        54M       327M

MemTotal:        4016004 kB
MemFree:         3202720 kB
Active:           453128 kB
Mem:          3.8G       794M       3.1G       5.7M        54M       327M

MemTotal:        4016004 kB
MemFree:         3202596 kB
Active:           455152 kB
Mem:          3.8G       794M       3.1G       5.7M        54M       327M

MemTotal:        4016004 kB
MemFree:         3203340 kB
Active:           455176 kB
Mem:          3.8G       793M       3.1G       5.7M        54M       327M

MemTotal:        4016004 kB
MemFree:         3203464 kB
Active:           455164 kB
Mem:          3.8G       793M       3.1G       5.7M        54M       327M

MemTotal:        4016004 kB
MemFree:         3203340 kB
Active:           455144 kB
Mem:          3.8G       793M       3.1G       5.7M        54M       327M

MemTotal:        4016004 kB
MemFree:         3203388 kB
Active:           455160 kB
Mem:          3.8G       793M       3.1G       5.7M        54M       327M

MemTotal:        4016004 kB
MemFree:         3203636 kB
Active:           455196 kB
Mem:          3.8G       793M       3.1G       5.7M        54M       327M

MemTotal:        4016004 kB
MemFree:         3203512 kB
Active:           455204 kB
Mem:          3.8G       793M       3.1G       5.7M        54M       327M

MemTotal:        4016004 kB
MemFree:         3202260 kB
Active:           453192 kB
Mem:          3.8G       794M       3.1G       5.7M        54M       327M

MemTotal:        4016004 kB
MemFree:         3202908 kB
Active:           455164 kB
Mem:          3.8G       794M       3.1G       5.7M        54M       327M

MemTotal:        4016004 kB
MemFree:         3202908 kB
Active:           455192 kB
Mem:          3.8G       794M       3.1G       5.7M        54M       327M

MemTotal:        4016004 kB
MemFree:         3202644 kB
Active:           455200 kB
Mem:          3.8G       794M       3.1G       5.7M        54M       327M

MemTotal:        4016004 kB
MemFree:         3202768 kB
Active:           455212 kB
Mem:          3.8G       794M       3.1G       5.7M        54M       327M

MemTotal:        4016004 kB
MemFree:         3203000 kB
Active:           455180 kB
Mem:          3.8G       794M       3.1G       5.7M        54M       327M

MemTotal:        4016004 kB
MemFree:         3203000 kB
Active:           455208 kB
Mem:          3.8G       794M       3.1G       5.7M        54M       327M

MemTotal:        4016004 kB
MemFree:         3202876 kB
Active:           455220 kB
Mem:          3.8G       794M       3.1G       5.7M        54M       327M

MemTotal:        4016004 kB
MemFree:         3202860 kB
Active:           455208 kB
Mem:          3.8G       794M       3.1G       5.7M        54M       327M

MemTotal:        4016004 kB
MemFree:         3202488 kB
Active:           455224 kB
Mem:          3.8G       794M       3.1G       5.7M        54M       327M

MemTotal:        4016004 kB
MemFree:         3202720 kB
Active:           455220 kB
Mem:          3.8G       794M       3.1G       5.7M        54M       327M

MemTotal:        4016004 kB
MemFree:         3202704 kB
Active:           455180 kB
Mem:          3.8G       794M       3.1G       5.7M        54M       327M

MemTotal:        4016004 kB
MemFree:         3202688 kB
Active:           455176 kB
Mem:          3.8G       794M       3.1G       5.7M        54M       327M

MemTotal:        4016004 kB
MemFree:         3202440 kB
Active:           455224 kB
Mem:          3.8G       794M       3.1G       5.7M        54M       327M

MemTotal:        4016004 kB
MemFree:         3202812 kB
Active:           455188 kB
Mem:          3.8G       794M       3.1G       5.7M        54M       327M

MemTotal:        4016004 kB
MemFree:         3202796 kB
Active:           455216 kB
Mem:          3.8G       793M       3.1G       5.7M        54M       327M

MemTotal:        4016004 kB
MemFree:         3203044 kB
Active:           455196 kB
Mem:          3.8G       793M       3.1G       5.7M        54M       327M

MemTotal:        4016004 kB
MemFree:         3202996 kB
Active:           455384 kB
Mem:          3.8G       794M       3.1G       5.7M        54M       327M

MemTotal:        4016004 kB
MemFree:         3160892 kB
Active:           455768 kB
Mem:          3.8G       835M       3.0G       5.7M        54M       368M

MemTotal:        4016004 kB
MemFree:         3116264 kB
Active:           455792 kB
Mem:          3.8G       879M       3.0G       5.7M        55M       411M

MemTotal:        4016004 kB
MemFree:         3071016 kB
Active:           455812 kB
Mem:          3.8G       922M       2.9G       5.7M        55M       454M

MemTotal:        4016004 kB
MemFree:         3026668 kB
Active:           455836 kB
Mem:          3.8G       966M       2.9G       5.7M        55M       497M

MemTotal:        4016004 kB
MemFree:         2981916 kB
Active:           455856 kB
Mem:          3.8G       1.0G       2.8G       5.7M        55M       540M

MemTotal:        4016004 kB
MemFree:         2937436 kB
Active:           455876 kB
Mem:          3.8G       1.0G       2.8G       5.7M        55M       582M

MemTotal:        4016004 kB
MemFree:         2892808 kB
Active:           455900 kB
Mem:          3.8G       1.1G       2.8G       5.7M        55M       625M

MemTotal:        4016004 kB
MemFree:         2847672 kB
Active:           455924 kB
Mem:          3.8G       1.1G       2.7G       5.7M        55M       668M

MemTotal:        4016004 kB
MemFree:         2803252 kB
Active:           455960 kB
Mem:          3.8G       1.2G       2.7G       5.7M        55M       711M

MemTotal:        4016004 kB
MemFree:         2759480 kB
Active:           455984 kB
Mem:          3.8G       1.2G       2.6G       5.7M        55M       753M

MemTotal:        4016004 kB
MemFree:         2729500 kB
Active:           456012 kB
Mem:          3.8G       1.2G       2.6G       5.7M        55M       782M

MemTotal:        4016004 kB
MemFree:         2685276 kB
Active:           456032 kB
Mem:          3.8G       1.3G       2.6G       5.7M        55M       825M

MemTotal:        4016004 kB
MemFree:         2666508 kB
Active:           456052 kB
Mem:          3.8G       1.3G       2.5G       5.7M        55M       842M

MemTotal:        4016004 kB
MemFree:         2628636 kB
Active:           456072 kB
Mem:          3.8G       1.3G       2.5G       5.7M        55M       879M

MemTotal:        4016004 kB
MemFree:         2583716 kB
Active:           456096 kB
Mem:          3.8G       1.4G       2.5G       5.7M        55M       922M

MemTotal:        4016004 kB
MemFree:         2538520 kB
Active:           456120 kB
Mem:          3.8G       1.4G       2.4G       5.7M        55M       965M

MemTotal:        4016004 kB
MemFree:         2494116 kB
Active:           456140 kB
Mem:          3.8G       1.5G       2.4G       5.7M        55M       1.0G

MemTotal:        4016004 kB
MemFree:         2449752 kB
Active:           456168 kB
Mem:          3.8G       1.5G       2.3G       5.7M        55M       1.0G

MemTotal:        4016004 kB
MemFree:         2405512 kB
Active:           456136 kB
Mem:          3.8G       1.5G       2.3G       5.7M        55M       1.1G

MemTotal:        4016004 kB
MemFree:         2360776 kB
Active:           456168 kB
Mem:          3.8G       1.6G       2.3G       5.7M        55M       1.1G

MemTotal:        4016004 kB
MemFree:         2316288 kB
Active:           456212 kB
Mem:          3.8G       1.6G       2.2G       5.7M        55M       1.2G

MemTotal:        4016004 kB
MemFree:         2270976 kB
Active:           456260 kB
Mem:          3.8G       1.7G       2.2G       5.7M        55M       1.2G

MemTotal:        4016004 kB
MemFree:         2226584 kB
Active:           456280 kB
Mem:          3.8G       1.7G       2.1G       5.7M        55M       1.2G

MemTotal:        4016004 kB
MemFree:         2196712 kB
Active:           456308 kB
Mem:          3.8G       1.7G       2.1G       5.7M        55M       1.3G

MemTotal:        4016004 kB
MemFree:         2152024 kB
Active:           456328 kB
Mem:          3.8G       1.8G       2.1G       5.7M        55M       1.3G

MemTotal:        4016004 kB
MemFree:         2131840 kB
Active:           456356 kB
Mem:          3.8G       1.8G       2.0G       5.7M        55M       1.3G

MemTotal:        4016004 kB
MemFree:         2130964 kB
Active:           456320 kB
Mem:          3.8G       1.8G       2.0G       5.7M        55M       1.3G

MemTotal:        4016004 kB
MemFree:         2129912 kB
Active:           456332 kB
Mem:          3.8G       1.8G       2.0G       5.7M        55M       1.3G

MemTotal:        4016004 kB
MemFree:         2085548 kB
Active:           456400 kB
Mem:          3.8G       1.8G       2.0G       5.7M        55M       1.4G

MemTotal:        4016004 kB
MemFree:         2041852 kB
Active:           456416 kB
Mem:          3.8G       1.9G       1.9G       5.7M        55M       1.4G

MemTotal:        4016004 kB
MemFree:         1996992 kB
Active:           456392 kB
Mem:          3.8G       1.9G       1.9G       5.7M        55M       1.5G

MemTotal:        4016004 kB
MemFree:         1952364 kB
Active:           456448 kB
Mem:          3.8G       2.0G       1.9G       5.7M        55M       1.5G

MemTotal:        4016004 kB
MemFree:         1907752 kB
Active:           456492 kB
Mem:          3.8G       2.0G       1.8G       5.7M        55M       1.5G

MemTotal:        4016004 kB
MemFree:         1863016 kB
Active:           456492 kB
Mem:          3.8G       2.1G       1.8G       5.7M        55M       1.6G

MemTotal:        4016004 kB
MemFree:         1817660 kB
Active:           456540 kB
Mem:          3.8G       2.1G       1.7G       5.7M        55M       1.6G

MemTotal:        4016004 kB
MemFree:         1773032 kB
Active:           456568 kB
Mem:          3.8G       2.1G       1.7G       5.7M        55M       1.7G

MemTotal:        4016004 kB
MemFree:         1746300 kB
Active:           456592 kB
Mem:          3.8G       2.2G       1.7G       5.7M        55M       1.7G

MemTotal:        4016004 kB
MemFree:         1702108 kB
Active:           456612 kB
Mem:          3.8G       2.2G       1.6G       5.7M        55M       1.7G

MemTotal:        4016004 kB
MemFree:         1687544 kB
Active:           456632 kB
Mem:          3.8G       2.2G       1.6G       5.7M        55M       1.7G

MemTotal:        4016004 kB
MemFree:         1654636 kB
Active:           456648 kB
Mem:          3.8G       2.3G       1.6G       5.7M        55M       1.8G

MemTotal:        4016004 kB
MemFree:         1609688 kB
Active:           456648 kB
Mem:          3.8G       2.3G       1.5G       5.7M        55M       1.8G

MemTotal:        4016004 kB
MemFree:         1589060 kB
Active:           456696 kB
Mem:          3.8G       2.3G       1.5G       5.7M        55M       1.8G

MemTotal:        4016004 kB
MemFree:         1552544 kB
Active:           456708 kB
Mem:          3.8G       2.3G       1.5G       5.7M        55M       1.9G

MemTotal:        4016004 kB
MemFree:         1507156 kB
Active:           456732 kB
Mem:          3.8G       2.4G       1.4G       5.7M        55M       1.9G

MemTotal:        4016004 kB
MemFree:         1462636 kB
Active:           456744 kB
Mem:          3.8G       2.4G       1.4G       5.7M        55M       2.0G

MemTotal:        4016004 kB
MemFree:         1417264 kB
Active:           456812 kB
Mem:          3.8G       2.5G       1.4G       5.7M        55M       2.0G

MemTotal:        4016004 kB
MemFree:         1372452 kB
Active:           456832 kB
Mem:          3.8G       2.5G       1.3G       5.7M        55M       2.0G

MemTotal:        4016004 kB
MemFree:         1328896 kB
Active:           456864 kB
Mem:          3.8G       2.6G       1.3G       5.7M        55M       2.1G

MemTotal:        4016004 kB
MemFree:         1283728 kB
Active:           456848 kB
Mem:          3.8G       2.6G       1.2G       5.7M        55M       2.1G

MemTotal:        4016004 kB
MemFree:         1247492 kB
Active:           456924 kB
Mem:          3.8G       2.6G       1.2G       5.7M        56M       2.2G

MemTotal:        4016004 kB
MemFree:         1227556 kB
Active:           456920 kB
Mem:          3.8G       2.7G       1.2G       5.7M        56M       2.2G

MemTotal:        4016004 kB
MemFree:         1181688 kB
Active:           456920 kB
Mem:          3.8G       2.7G       1.1G       5.7M        56M       2.2G

MemTotal:        4016004 kB
MemFree:         1105616 kB
Active:           459048 kB
Mem:          3.8G       2.8G       1.1G       5.7M        56M       2.3G

MemTotal:        4016004 kB
MemFree:         1060912 kB
Active:           459048 kB
Mem:          3.8G       2.8G       1.0G       5.7M        56M       2.3G

MemTotal:        4016004 kB
MemFree:         1015680 kB
Active:           459076 kB
Mem:          3.8G       2.9G       991M       5.7M        56M       2.4G

MemTotal:        4016004 kB
MemFree:          970804 kB
Active:           459108 kB
Mem:          3.8G       2.9G       947M       5.7M        56M       2.4G

MemTotal:        4016004 kB
MemFree:          925696 kB
Active:           459100 kB
Mem:          3.8G       2.9G       903M       5.7M        56M       2.5G

MemTotal:        4016004 kB
MemFree:          880336 kB
Active:           459188 kB
Mem:          3.8G       3.0G       859M       5.7M        56M       2.5G

MemTotal:        4016004 kB
MemFree:          836252 kB
Active:           459208 kB
Mem:          3.8G       3.0G       816M       5.7M        56M       2.5G

MemTotal:        4016004 kB
MemFree:          791352 kB
Active:           459228 kB
Mem:          3.8G       3.1G       772M       5.7M        56M       2.6G

MemTotal:        4016004 kB
MemFree:          746740 kB
Active:           459220 kB
Mem:          3.8G       3.1G       728M       5.7M        56M       2.6G

MemTotal:        4016004 kB
MemFree:          701240 kB
Active:           459284 kB
Mem:          3.8G       3.2G       684M       5.7M        56M       2.7G

MemTotal:        4016004 kB
MemFree:          655136 kB
Active:           457284 kB
Mem:          3.8G       3.2G       639M       5.7M        56M       2.7G

MemTotal:        4016004 kB
MemFree:          610312 kB
Active:           457252 kB
Mem:          3.8G       3.2G       595M       5.7M        56M       2.8G

MemTotal:        4016004 kB
MemFree:          564584 kB
Active:           457328 kB
Mem:          3.8G       3.3G       551M       5.7M        56M       2.8G

MemTotal:        4016004 kB
MemFree:          529464 kB
Active:           457352 kB
Mem:          3.8G       3.3G       516M       5.7M        56M       2.8G

MemTotal:        4016004 kB
MemFree:          507440 kB
Active:           459384 kB
Mem:          3.8G       3.3G       495M       5.7M        56M       2.8G

MemTotal:        4016004 kB
MemFree:          462456 kB
Active:           459392 kB
Mem:          3.8G       3.4G       451M       5.7M        56M       2.9G

MemTotal:        4016004 kB
MemFree:          452560 kB
Active:           459444 kB
Mem:          3.8G       3.4G       441M       5.7M        56M       2.9G

MemTotal:        4016004 kB
MemFree:          408104 kB
Active:           459480 kB
Mem:          3.8G       3.4G       398M       5.7M        56M       2.9G

MemTotal:        4016004 kB
MemFree:          363340 kB
Active:           459504 kB
Mem:          3.8G       3.5G       354M       5.7M        56M       3.0G

MemTotal:        4016004 kB
MemFree:          318252 kB
Active:           459524 kB
Mem:          3.8G       3.5G       310M       5.7M        56M       3.0G

MemTotal:        4016004 kB
MemFree:          273736 kB
Active:           459544 kB
Mem:          3.8G       3.6G       266M       5.7M        56M       3.1G

MemTotal:        4016004 kB
MemFree:          229016 kB
Active:           459568 kB
Mem:          3.8G       3.6G       222M       5.7M        56M       3.1G

MemTotal:        4016004 kB
MemFree:          183768 kB
Active:           459588 kB
Mem:          3.8G       3.7G       178M       5.7M        56M       3.2G

MemTotal:        4016004 kB
MemFree:          137916 kB
Active:           459612 kB
Mem:          3.8G       3.7G       134M       5.7M        56M       3.2G

MemTotal:        4016004 kB
MemFree:          134436 kB
Active:           456172 kB
Mem:          3.8G       3.7G       112M       5.7M        23M       3.2G

MemTotal:        4016004 kB
MemFree:          141720 kB
Active:           471532 kB
Mem:          3.8G       3.7G       137M       5.7M        23M       3.2G

MemTotal:        4016004 kB
MemFree:          121224 kB
Active:           505160 kB
Mem:          3.8G       3.7G       117M       5.7M        23M       3.2G

MemTotal:        4016004 kB
MemFree:          110952 kB
Active:           516072 kB
Mem:          3.8G       3.7G       107M       5.7M        23M       3.3G

MemTotal:        4016004 kB
MemFree:          129956 kB
Active:           513216 kB
Mem:          3.8G       3.7G       127M       5.7M        23M       3.2G

MemTotal:        4016004 kB
MemFree:          124572 kB
Active:           509480 kB
Mem:          3.8G       3.7G       122M       5.7M        23M       3.2G

MemTotal:        4016004 kB
MemFree:          127908 kB
Active:           504480 kB
Mem:          3.8G       3.7G       124M       5.7M        23M       3.2G

MemTotal:        4016004 kB
MemFree:          109136 kB
Active:           501696 kB
Mem:          3.8G       3.7G       106M       5.7M        23M       3.3G

MemTotal:        4016004 kB
MemFree:          105852 kB
Active:           497128 kB
Mem:          3.8G       3.7G       103M       5.7M        23M       3.3G

MemTotal:        4016004 kB
MemFree:          133396 kB
Active:           490340 kB
Mem:          3.8G       3.7G       130M       5.7M        23M       3.2G

MemTotal:        4016004 kB
MemFree:          132168 kB
Active:           482968 kB
Mem:          3.8G       3.7G       129M       5.7M        23M       3.2G

MemTotal:        4016004 kB
MemFree:          135416 kB
Active:           477640 kB
Mem:          3.8G       3.7G       132M       5.7M        23M       3.2G

MemTotal:        4016004 kB
MemFree:          152668 kB
Active:           470416 kB
Mem:          3.8G       3.7G       149M       5.7M        23M       3.2G

MemTotal:        4016004 kB
MemFree:          122508 kB
Active:           470340 kB
Mem:          3.8G       3.7G       119M       5.7M        23M       3.2G

MemTotal:        4016004 kB
MemFree:          136736 kB
Active:           468136 kB
Mem:          3.8G       3.7G       133M       5.7M        23M       3.2G

MemTotal:        4016004 kB
MemFree:          128664 kB
Active:           468196 kB
Mem:          3.8G       3.7G       125M       5.7M        23M       3.2G

MemTotal:        4016004 kB
MemFree:          127052 kB
Active:           466564 kB
Mem:          3.8G       3.7G       124M       5.7M        23M       3.2G

MemTotal:        4016004 kB
MemFree:          123200 kB
Active:           468576 kB
Mem:          3.8G       3.7G       120M       5.7M        23M       3.2G

MemTotal:        4016004 kB
MemFree:          127124 kB
Active:           466592 kB
Mem:          3.8G       3.7G       124M       5.7M        23M       3.2G

MemTotal:        4016004 kB
MemFree:          129488 kB
Active:           464952 kB
Mem:          3.8G       3.7G       126M       5.7M        23M       3.2G

MemTotal:        4016004 kB
MemFree:          130240 kB
Active:           461028 kB
Mem:          3.8G       3.7G       127M       5.7M        23M       3.2G

MemTotal:        4016004 kB
MemFree:          146452 kB
Active:           459004 kB
Mem:          3.8G       3.7G       142M       5.7M        23M       3.2G

MemTotal:        4016004 kB
MemFree:          124168 kB
Active:           458528 kB
Mem:          3.8G       3.7G       121M       5.7M        23M       3.2G

MemTotal:        4016004 kB
MemFree:          140968 kB
Active:           455996 kB
Mem:          3.8G       3.7G       137M       5.7M        23M       3.2G

MemTotal:        4016004 kB
MemFree:          131504 kB
Active:           454864 kB
Mem:          3.8G       3.7G       128M       5.7M        23M       3.2G

MemTotal:        4016004 kB
MemFree:          121988 kB
Active:           453608 kB
Mem:          3.8G       3.7G       118M       5.7M        23M       3.2G

MemTotal:        4016004 kB
MemFree:          112520 kB
Active:           452644 kB
Mem:          3.8G       3.7G       109M       5.7M        23M       3.3G

MemTotal:        4016004 kB
MemFree:          133860 kB
Active:           451516 kB
Mem:          3.8G       3.7G       130M       5.7M        23M       3.2G

MemTotal:        4016004 kB
MemFree:          140856 kB
Active:           449628 kB
Mem:          3.8G       3.7G       137M       5.7M        23M       3.2G

MemTotal:        4016004 kB
MemFree:          127544 kB
Active:           448972 kB
Mem:          3.8G       3.7G       124M       5.7M        23M       3.2G

MemTotal:        4016004 kB
MemFree:          119244 kB
Active:           448856 kB
Mem:          3.8G       3.7G       116M       5.7M        23M       3.2G

MemTotal:        4016004 kB
MemFree:          123040 kB
Active:           447352 kB
Mem:          3.8G       3.7G       120M       5.7M        23M       3.2G

MemTotal:        4016004 kB
MemFree:          118916 kB
Active:           445832 kB
Mem:          3.8G       3.7G       116M       5.7M        23M       3.2G

MemTotal:        4016004 kB
MemFree:          108892 kB
Active:           444728 kB
Mem:          3.8G       3.7G       106M       5.7M        23M       3.3G

MemTotal:        4016004 kB
MemFree:          111308 kB
Active:           443072 kB
Mem:          3.8G       3.7G       108M       5.7M        23M       3.3G

MemTotal:        4016004 kB
MemFree:          125736 kB
Active:           441464 kB
Mem:          3.8G       3.7G       122M       5.7M        23M       3.2G

MemTotal:        4016004 kB
MemFree:          126724 kB
Active:           438324 kB
Mem:          3.8G       3.7G       123M       5.7M        23M       3.2G

MemTotal:        4016004 kB
MemFree:          129560 kB
Active:           434716 kB
Mem:          3.8G       3.7G       126M       5.7M        23M       3.2G

MemTotal:        4016004 kB
MemFree:          120448 kB
Active:           433516 kB
Mem:          3.8G       3.7G       117M       5.7M        23M       3.2G

MemTotal:        4016004 kB
MemFree:          129608 kB
Active:           431844 kB
Mem:          3.8G       3.7G       126M       5.7M        23M       3.2G

MemTotal:        4016004 kB
MemFree:          120648 kB
Active:           430712 kB
Mem:          3.8G       3.7G       117M       5.7M        23M       3.2G

MemTotal:        4016004 kB
MemFree:          111832 kB
Active:           429616 kB
Mem:          3.8G       3.7G       109M       5.7M        23M       3.3G

MemTotal:        4016004 kB
MemFree:          116680 kB
Active:           427704 kB
Mem:          3.8G       3.7G       114M       5.7M        24M       3.2G

MemTotal:        4016004 kB
MemFree:          107940 kB
Active:           426572 kB
Mem:          3.8G       3.7G       105M       5.7M        24M       3.3G

MemTotal:        4016004 kB
MemFree:          129132 kB
Active:           424532 kB
Mem:          3.8G       3.7G       125M       5.7M        24M       3.2G

MemTotal:        4016004 kB
MemFree:          119980 kB
Active:           423304 kB
Mem:          3.8G       3.7G       117M       5.7M        24M       3.2G

MemTotal:        4016004 kB
MemFree:          111400 kB
Active:           420640 kB
Mem:          3.8G       3.7G       108M       5.7M        24M       3.3G

MemTotal:        4016004 kB
MemFree:          112168 kB
Active:           419520 kB
Mem:          3.8G       3.7G       109M       5.7M        24M       3.2G

MemTotal:        4016004 kB
MemFree:          146444 kB
Active:           417660 kB
Mem:          3.8G       3.7G       143M       5.7M        24M       3.2G

MemTotal:        4016004 kB
MemFree:          126332 kB
Active:           417044 kB
Mem:          3.8G       3.7G       123M       5.7M        24M       3.2G

MemTotal:        4016004 kB
MemFree:          122648 kB
Active:           415400 kB
Mem:          3.8G       3.7G       119M       5.7M        24M       3.2G

MemTotal:        4016004 kB
MemFree:          105848 kB
Active:           414528 kB
Mem:          3.8G       3.7G       103M       5.7M        24M       3.3G

MemTotal:        4016004 kB
MemFree:          120648 kB
Active:           412636 kB
Mem:          3.8G       3.7G       117M       5.7M        24M       3.2G

MemTotal:        4016004 kB
MemFree:          131188 kB
Active:           410996 kB
Mem:          3.8G       3.7G       132M       5.7M        24M       3.2G

MemTotal:        4016004 kB
MemFree:          121328 kB
Active:           409868 kB
Mem:          3.8G       3.7G       118M       5.7M        24M       3.2G

MemTotal:        4016004 kB
MemFree:          112440 kB
Active:           408736 kB
Mem:          3.8G       3.7G       109M       5.7M        24M       3.2G

MemTotal:        4016004 kB
MemFree:          126192 kB
Active:           408992 kB
Mem:          3.8G       3.7G       123M       5.7M        24M       3.2G

MemTotal:        4016004 kB
MemFree:          111980 kB
Active:           406076 kB
Mem:          3.8G       3.7G       108M       5.7M        24M       3.2G

MemTotal:        4016004 kB
MemFree:          126744 kB
Active:           404432 kB
Mem:          3.8G       3.7G       123M       5.7M        24M       3.2G

MemTotal:        4016004 kB
MemFree:          128012 kB
Active:           403304 kB
Mem:          3.8G       3.7G       124M       5.7M        24M       3.2G

MemTotal:        4016004 kB
MemFree:          122032 kB
Active:           403292 kB
Mem:          3.8G       3.7G       118M       5.7M        24M       3.2G

MemTotal:        4016004 kB
MemFree:          112652 kB
Active:           402200 kB
Mem:          3.8G       3.7G       109M       5.7M        24M       3.2G

MemTotal:        4016004 kB
MemFree:          128284 kB
Active:           400552 kB
Mem:          3.8G       3.7G       124M       5.7M        24M       3.2G

MemTotal:        4016004 kB
MemFree:          126640 kB
Active:           398792 kB
Mem:          3.8G       3.7G       123M       5.7M        24M       3.2G

MemTotal:        4016004 kB
MemFree:          108348 kB
Active:           397664 kB
Mem:          3.8G       3.7G       105M       5.7M        24M       3.2G

MemTotal:        4016004 kB
MemFree:          118136 kB
Active:           396012 kB
Mem:          3.8G       3.7G       114M       5.7M        24M       3.2G

MemTotal:        4016004 kB
MemFree:          126500 kB
Active:           394368 kB
Mem:          3.8G       3.7G       123M       5.7M        24M       3.2G

MemTotal:        4016004 kB
MemFree:          120276 kB
Active:           391004 kB
Mem:          3.8G       3.7G       117M       5.7M        24M       3.2G

MemTotal:        4016004 kB
MemFree:          128804 kB
Active:           390896 kB
Mem:          3.8G       3.7G       126M       5.7M        24M       3.2G

MemTotal:        4016004 kB
MemFree:          126032 kB
Active:           390916 kB
Mem:          3.8G       3.7G       122M       5.7M        24M       3.2G

MemTotal:        4016004 kB
MemFree:          107400 kB
Active:           390944 kB
Mem:          3.8G       3.7G       104M       5.7M        24M       3.2G

MemTotal:        4016004 kB
MemFree:          127216 kB
Active:           390872 kB
Mem:          3.8G       3.7G       123M       5.7M        24M       3.2G

MemTotal:        4016004 kB
MemFree:          126096 kB
Active:           390880 kB
Mem:          3.8G       3.7G       123M       5.7M        24M       3.2G

MemTotal:        4016004 kB
MemFree:          135124 kB
Active:           390904 kB
Mem:          3.8G       3.7G       131M       5.7M        24M       3.2G

MemTotal:        4016004 kB
MemFree:          125684 kB
Active:           390904 kB
Mem:          3.8G       3.7G       122M       5.7M        24M       3.2G

MemTotal:        4016004 kB
MemFree:          125484 kB
Active:           390964 kB
Mem:          3.8G       3.7G       122M       5.7M        24M       3.2G

MemTotal:        4016004 kB
MemFree:          116928 kB
Active:           390984 kB
Mem:          3.8G       3.7G       113M       5.7M        24M       3.2G

MemTotal:        4016004 kB
MemFree:          107656 kB
Active:           391008 kB
Mem:          3.8G       3.7G       105M       5.7M        24M       3.2G

MemTotal:        4016004 kB
MemFree:          116984 kB
Active:           391028 kB
Mem:          3.8G       3.7G       114M       5.7M        24M       3.2G

MemTotal:        4016004 kB
MemFree:          107980 kB
Active:           391024 kB
Mem:          3.8G       3.7G       105M       5.7M        24M       3.2G

MemTotal:        4016004 kB
MemFree:          124004 kB
Active:           391060 kB
Mem:          3.8G       3.7G       121M       5.7M        24M       3.2G

MemTotal:        4016004 kB
MemFree:          115460 kB
Active:           391092 kB
Mem:          3.8G       3.7G       110M       5.7M        24M       3.2G

MemTotal:        4016004 kB
MemFree:          106188 kB
Active:           391108 kB
Mem:          3.8G       3.7G       103M       5.7M        24M       3.3G

MemTotal:        4016004 kB
MemFree:          115288 kB
Active:           391120 kB
Mem:          3.8G       3.7G       112M       5.7M        24M       3.2G

MemTotal:        4016004 kB
MemFree:          131760 kB
Active:           391148 kB
Mem:          3.8G       3.7G       128M       5.7M        24M       3.2G

MemTotal:        4016004 kB
MemFree:          130020 kB
Active:           391188 kB
Mem:          3.8G       3.7G       126M       5.7M        24M       3.2G

MemTotal:        4016004 kB
MemFree:          129260 kB
Active:           390992 kB
Mem:          3.8G       3.7G       126M       5.7M        24M       3.2G

MemTotal:        4016004 kB
MemFree:          120328 kB
Active:           391024 kB
Mem:          3.8G       3.7G       117M       5.7M        24M       3.2G

MemTotal:        4016004 kB
MemFree:          125204 kB
Active:           391044 kB
Mem:          3.8G       3.7G       122M       5.7M        25M       3.2G

MemTotal:        4016004 kB
MemFree:          119040 kB
Active:           391040 kB
Mem:          3.8G       3.7G       116M       5.7M        25M       3.2G

MemTotal:        4016004 kB
MemFree:          109892 kB
Active:           391076 kB
Mem:          3.8G       3.7G       107M       5.7M        25M       3.2G

MemTotal:        4016004 kB
MemFree:          117964 kB
Active:           391128 kB
Mem:          3.8G       3.7G       115M       5.7M        25M       3.2G

MemTotal:        4016004 kB
MemFree:          109032 kB
Active:           391124 kB
Mem:          3.8G       3.7G       106M       5.7M        25M       3.2G

MemTotal:        4016004 kB
MemFree:          130496 kB
Active:           390496 kB
Mem:          3.8G       3.7G       127M       5.7M        25M       3.2G

MemTotal:        4016004 kB
MemFree:          121620 kB
Active:           390348 kB
Mem:          3.8G       3.7G       118M       5.7M        25M       3.2G

MemTotal:        4016004 kB
MemFree:          126944 kB
Active:           390368 kB
Mem:          3.8G       3.7G       123M       5.7M        25M       3.2G

MemTotal:        4016004 kB
MemFree:          116908 kB
Active:           390412 kB
Mem:          3.8G       3.7G       114M       5.7M        25M       3.2G

MemTotal:        4016004 kB
MemFree:          126092 kB
Active:           390420 kB
Mem:          3.8G       3.7G       122M       5.7M        25M       3.2G

MemTotal:        4016004 kB
MemFree:          134428 kB
Active:           390408 kB
Mem:          3.8G       3.7G       131M       5.7M        25M       3.2G

MemTotal:        4016004 kB
MemFree:          142948 kB
Active:           390476 kB
Mem:          3.8G       3.7G       139M       5.7M        25M       3.2G

MemTotal:        4016004 kB
MemFree:          134100 kB
Active:           390500 kB
Mem:          3.8G       3.7G       130M       5.7M        25M       3.2G

MemTotal:        4016004 kB
MemFree:          125424 kB
Active:           390508 kB
Mem:          3.8G       3.7G       122M       5.7M        25M       3.2G

MemTotal:        4016004 kB
MemFree:          110780 kB
Active:           384300 kB
Mem:          3.8G       3.7G       108M       5.7M        25M       3.2G

MemTotal:        4016004 kB
MemFree:          131520 kB
Active:           384316 kB
Mem:          3.8G       3.7G       128M       5.7M        25M       3.2G

MemTotal:        4016004 kB
MemFree:          122944 kB
Active:           384340 kB
Mem:          3.8G       3.7G       120M       5.7M        25M       3.2G

MemTotal:        4016004 kB
MemFree:          117252 kB
Active:           384348 kB
Mem:          3.8G       3.7G       114M       5.7M        25M       3.2G

MemTotal:        4016004 kB
MemFree:          108076 kB
Active:           384432 kB
Mem:          3.8G       3.7G       105M       5.7M        25M       3.2G

MemTotal:        4016004 kB
MemFree:          116688 kB
Active:           384464 kB
Mem:          3.8G       3.7G       113M       5.7M        25M       3.2G

MemTotal:        4016004 kB
MemFree:          107556 kB
Active:           384484 kB
Mem:          3.8G       3.7G       105M       5.7M        25M       3.2G

MemTotal:        4016004 kB
MemFree:          124532 kB
Active:           384500 kB
Mem:          3.8G       3.7G       121M       5.7M        25M       3.2G

MemTotal:        4016004 kB
MemFree:          117196 kB
Active:           384496 kB
Mem:          3.8G       3.7G       114M       5.7M        25M       3.2G

MemTotal:        4016004 kB
MemFree:          108300 kB
Active:           384340 kB
Mem:          3.8G       3.7G       105M       5.7M        25M       3.2G

MemTotal:        4016004 kB
MemFree:          135476 kB
Active:           384328 kB
Mem:          3.8G       3.7G       132M       5.7M        25M       3.2G

MemTotal:        4016004 kB
MemFree:          126968 kB
Active:           384392 kB
Mem:          3.8G       3.7G       123M       5.7M        25M       3.2G

MemTotal:        4016004 kB
MemFree:          132860 kB
Active:           384368 kB
Mem:          3.8G       3.7G       129M       5.7M        25M       3.2G

MemTotal:        4016004 kB
MemFree:          126024 kB
Active:           384396 kB
Mem:          3.8G       3.7G       123M       5.7M        25M       3.2G

MemTotal:        4016004 kB
MemFree:          117612 kB
Active:           384464 kB
Mem:          3.8G       3.7G       114M       5.7M        25M       3.2G

MemTotal:        4016004 kB
MemFree:          124504 kB
Active:           384440 kB
Mem:          3.8G       3.7G       121M       5.7M        25M       3.2G

MemTotal:        4016004 kB
MemFree:          127116 kB
Active:           384468 kB
Mem:          3.8G       3.7G       124M       5.7M        25M       3.2G

MemTotal:        4016004 kB
MemFree:          131112 kB
Active:           382652 kB
Mem:          3.8G       3.7G       127M       5.7M        25M       3.2G

MemTotal:        4016004 kB
MemFree:          142096 kB
Active:           382440 kB
Mem:          3.8G       3.7G       139M       5.7M        25M       3.2G

MemTotal:        4016004 kB
MemFree:          126404 kB
Active:           382484 kB
Mem:          3.8G       3.7G       123M       5.7M        25M       3.2G

MemTotal:        4016004 kB
MemFree:          118080 kB
Active:           382524 kB
Mem:          3.8G       3.7G       115M       5.7M        25M       3.2G

MemTotal:        4016004 kB
MemFree:          109104 kB
Active:           382504 kB
Mem:          3.8G       3.7G       106M       5.7M        25M       3.2G

MemTotal:        4016004 kB
MemFree:          124940 kB
Active:           382520 kB
Mem:          3.8G       3.7G       121M       5.7M        25M       3.2G

MemTotal:        4016004 kB
MemFree:          128004 kB
Active:           382592 kB
Mem:          3.8G       3.7G       124M       5.7M        25M       3.2G

MemTotal:        4016004 kB
MemFree:          107660 kB
Active:           382564 kB
Mem:          3.8G       3.7G       104M       5.7M        25M       3.2G

MemTotal:        4016004 kB
MemFree:          134708 kB
Active:           382644 kB
Mem:          3.8G       3.7G       131M       5.7M        25M       3.2G

MemTotal:        4016004 kB
MemFree:          137804 kB
Active:           382084 kB
Mem:          3.8G       3.7G       134M       5.7M        25M       3.2G

MemTotal:        4016004 kB
MemFree:          129972 kB
Active:           381992 kB
Mem:          3.8G       3.7G       125M       5.7M        25M       3.2G

MemTotal:        4016004 kB
MemFree:          132316 kB
Active:           382016 kB
Mem:          3.8G       3.7G       128M       5.7M        25M       3.2G

MemTotal:        4016004 kB
MemFree:          141568 kB
Active:           382036 kB
Mem:          3.8G       3.7G       138M       5.7M        25M       3.2G

MemTotal:        4016004 kB
MemFree:          125044 kB
Active:           382076 kB
Mem:          3.8G       3.7G       121M       5.7M        25M       3.2G

MemTotal:        4016004 kB
MemFree:          117152 kB
Active:           382104 kB
Mem:          3.8G       3.7G       114M       5.7M        25M       3.2G

MemTotal:        4016004 kB
MemFree:          133040 kB
Active:           382120 kB
Mem:          3.8G       3.7G       130M       5.7M        25M       3.2G

MemTotal:        4016004 kB
MemFree:          124828 kB
Active:           382100 kB
Mem:          3.8G       3.7G       121M       5.7M        26M       3.2G

MemTotal:        4016004 kB
MemFree:          129688 kB
Active:           382116 kB
Mem:          3.8G       3.7G       126M       5.7M        26M       3.2G

MemTotal:        4016004 kB
MemFree:          138420 kB
Active:           382196 kB
Mem:          3.8G       3.7G       135M       5.7M        26M       3.2G

MemTotal:        4016004 kB
MemFree:          131340 kB
Active:           369192 kB
Mem:          3.8G       3.7G       128M       5.7M        26M       3.2G

MemTotal:        4016004 kB
MemFree:          130260 kB
Active:           369084 kB
Mem:          3.8G       3.7G       127M       5.7M        26M       3.2G

MemTotal:        4016004 kB
MemFree:          121332 kB
Active:           369152 kB
Mem:          3.8G       3.7G       118M       5.7M        26M       3.2G

MemTotal:        4016004 kB
MemFree:          126256 kB
Active:           369164 kB
Mem:          3.8G       3.7G       123M       5.7M        26M       3.2G

MemTotal:        4016004 kB
MemFree:          122588 kB
Active:           369188 kB
Mem:          3.8G       3.7G       119M       5.7M        26M       3.2G

MemTotal:        4016004 kB
MemFree:          117664 kB
Active:           369188 kB
Mem:          3.8G       3.7G       114M       5.7M        26M       3.2G

MemTotal:        4016004 kB
MemFree:          125220 kB
Active:           369264 kB
Mem:          3.8G       3.7G       122M       5.7M        26M       3.2G

MemTotal:        4016004 kB
MemFree:          116392 kB
Active:           369236 kB
Mem:          3.8G       3.7G       113M       5.7M        26M       3.2G

MemTotal:        4016004 kB
MemFree:          108036 kB
Active:           369280 kB
Mem:          3.8G       3.7G       105M       5.7M        26M       3.2G

MemTotal:        4016004 kB
MemFree:          124380 kB
Active:           369280 kB
Mem:          3.8G       3.7G       124M       5.7M        26M       3.2G

MemTotal:        4016004 kB
MemFree:          128116 kB
Active:           369308 kB
Mem:          3.8G       3.7G       125M       5.7M        26M       3.2G

MemTotal:        4016004 kB
MemFree:          118920 kB
Active:           369312 kB
Mem:          3.8G       3.7G       116M       5.7M        26M       3.2G

MemTotal:        4016004 kB
MemFree:          121856 kB
Active:           368360 kB
Mem:          3.8G       3.7G       119M       5.7M        26M       3.2G

MemTotal:        4016004 kB
MemFree:          130768 kB
Active:           368344 kB
Mem:          3.8G       3.7G       127M       5.7M        26M       3.2G

MemTotal:        4016004 kB
MemFree:          121672 kB
Active:           368404 kB
Mem:          3.8G       3.7G       118M       5.7M        26M       3.2G

MemTotal:        4016004 kB
MemFree:          106832 kB
Active:           368428 kB
Mem:          3.8G       3.7G       104M       5.7M        26M       3.2G

MemTotal:        4016004 kB
MemFree:          127992 kB
Active:           368436 kB
Mem:          3.8G       3.7G       125M       5.7M        26M       3.2G

MemTotal:        4016004 kB
MemFree:          124656 kB
Active:           368464 kB
Mem:          3.8G       3.7G       121M       5.7M        26M       3.2G

MemTotal:        4016004 kB
MemFree:          119524 kB
Active:           368524 kB
Mem:          3.8G       3.7G       116M       5.7M        26M       3.2G

MemTotal:        4016004 kB
MemFree:          121456 kB
Active:           368528 kB
Mem:          3.8G       3.7G       118M       5.7M        26M       3.2G

MemTotal:        4016004 kB
MemFree:          126588 kB
Active:           368552 kB
Mem:          3.8G       3.7G       123M       5.7M        26M       3.2G

MemTotal:        4016004 kB
MemFree:          130652 kB
Active:           368564 kB
Mem:          3.8G       3.7G       127M       5.7M        26M       3.2G

MemTotal:        4016004 kB
MemFree:          140292 kB
Active:           368604 kB
Mem:          3.8G       3.7G       136M       5.7M        26M       3.2G

MemTotal:        4016004 kB
MemFree:          131556 kB
Active:           368600 kB
Mem:          3.8G       3.7G       128M       5.7M        26M       3.2G

MemTotal:        4016004 kB
MemFree:          122408 kB
Active:           368656 kB
Mem:          3.8G       3.7G       119M       5.7M        26M       3.2G

MemTotal:        4016004 kB
MemFree:          127996 kB
Active:           365548 kB
Mem:          3.8G       3.7G       125M       5.7M        26M       3.2G

MemTotal:        4016004 kB
MemFree:          119768 kB
Active:           365628 kB
Mem:          3.8G       3.7G       116M       5.7M        26M       3.2G

MemTotal:        4016004 kB
MemFree:          110360 kB
Active:           363776 kB
Mem:          3.8G       3.7G       107M       5.7M        26M       3.2G

MemTotal:        4016004 kB
MemFree:          113484 kB
Active:           365544 kB
Mem:          3.8G       3.7G       110M       5.7M        26M       3.2G

MemTotal:        4016004 kB
MemFree:          123340 kB
Active:           365568 kB
Mem:          3.8G       3.7G       120M       5.7M        26M       3.2G

MemTotal:        4016004 kB
MemFree:          133232 kB
Active:           365612 kB
Mem:          3.8G       3.7G       129M       5.7M        26M       3.2G

MemTotal:        4016004 kB
MemFree:          123916 kB
Active:           365616 kB
Mem:          3.8G       3.7G       120M       5.7M        26M       3.2G

MemTotal:        4016004 kB
MemFree:          135616 kB
Active:           365612 kB
Mem:          3.8G       3.7G       132M       5.7M        26M       3.2G

MemTotal:        4016004 kB
MemFree:          127564 kB
Active:           365636 kB
Mem:          3.8G       3.7G       124M       5.7M        26M       3.2G

MemTotal:        4016004 kB
MemFree:          118384 kB
Active:           365708 kB
Mem:          3.8G       3.7G       115M       5.7M        26M       3.2G

MemTotal:        4016004 kB
MemFree:          126724 kB
Active:           365600 kB
Mem:          3.8G       3.7G       123M       5.7M        26M       3.2G

MemTotal:        4016004 kB
MemFree:          117596 kB
Active:           365576 kB
Mem:          3.8G       3.7G       114M       5.7M        26M       3.2G

MemTotal:        4016004 kB
MemFree:          109072 kB
Active:           365628 kB
Mem:          3.8G       3.7G       106M       5.7M        26M       3.2G

MemTotal:        4016004 kB
MemFree:          108020 kB
Active:           363492 kB
Mem:          3.8G       3.7G       105M       5.7M        26M       3.2G

MemTotal:        4016004 kB
MemFree:          134972 kB
Active:           363468 kB
Mem:          3.8G       3.7G       131M       5.7M        26M       3.2G

MemTotal:        4016004 kB
MemFree:          106076 kB
Active:           363520 kB
Mem:          3.8G       3.7G       103M       5.7M        26M       3.2G

MemTotal:        4016004 kB
MemFree:          119760 kB
Active:           363520 kB
Mem:          3.8G       3.7G       116M       5.7M        26M       3.2G

MemTotal:        4016004 kB
MemFree:          111284 kB
Active:           363532 kB
Mem:          3.8G       3.7G       108M       5.7M        26M       3.2G

MemTotal:        4016004 kB
MemFree:          126768 kB
Active:           363584 kB
Mem:          3.8G       3.7G       123M       5.7M        26M       3.2G

MemTotal:        4016004 kB
MemFree:          120820 kB
Active:           363584 kB
Mem:          3.8G       3.7G       117M       5.7M        27M       3.2G

MemTotal:        4016004 kB
MemFree:          127104 kB
Active:           363652 kB
Mem:          3.8G       3.7G       124M       5.7M        27M       3.2G

MemTotal:        4016004 kB
MemFree:          124244 kB
Active:           363652 kB
Mem:          3.8G       3.7G       120M       5.7M        27M       3.2G

MemTotal:        4016004 kB
MemFree:          127912 kB
Active:           363664 kB
Mem:          3.8G       3.7G       124M       5.7M        27M       3.2G

MemTotal:        4016004 kB
MemFree:          124424 kB
Active:           363688 kB
Mem:          3.8G       3.7G       121M       5.7M        27M       3.2G

MemTotal:        4016004 kB
MemFree:          128712 kB
Active:           363732 kB
Mem:          3.8G       3.7G       125M       5.7M        27M       3.2G

MemTotal:        4016004 kB
MemFree:          125300 kB
Active:           363776 kB
Mem:          3.8G       3.7G       122M       5.7M        27M       3.2G

MemTotal:        4016004 kB
MemFree:          105224 kB
Active:           363816 kB
Mem:          3.8G       3.7G       102M       5.7M        27M       3.2G

MemTotal:        4016004 kB
MemFree:          127292 kB
Active:           363836 kB
Mem:          3.8G       3.7G       124M       5.7M        27M       3.2G

MemTotal:        4016004 kB
MemFree:          105996 kB
Active:           363856 kB
Mem:          3.8G       3.7G       102M       5.7M        27M       3.2G

MemTotal:        4016004 kB
MemFree:          125068 kB
Active:           361924 kB
Mem:          3.8G       3.7G       122M       5.7M        27M       3.2G

MemTotal:        4016004 kB
MemFree:          110988 kB
Active:           361956 kB
Mem:          3.8G       3.7G       107M       5.7M        27M       3.2G

MemTotal:        4016004 kB
MemFree:          126480 kB
Active:           361976 kB
Mem:          3.8G       3.7G       122M       5.7M        27M       3.2G

MemTotal:        4016004 kB
MemFree:          119988 kB
Active:           362004 kB
Mem:          3.8G       3.7G       117M       5.7M        27M       3.2G

MemTotal:        4016004 kB
MemFree:          111144 kB
Active:           362024 kB
Mem:          3.8G       3.7G       108M       5.7M        27M       3.2G

MemTotal:        4016004 kB
MemFree:          126660 kB
Active:           362048 kB
Mem:          3.8G       3.7G       123M       5.7M        27M       3.2G

MemTotal:        4016004 kB
MemFree:          118000 kB
Active:           362068 kB
Mem:          3.8G       3.7G       115M       5.7M        27M       3.2G

MemTotal:        4016004 kB
MemFree:          109072 kB
Active:           362088 kB
Mem:          3.8G       3.7G       106M       5.7M        27M       3.2G

MemTotal:        4016004 kB
MemFree:          126928 kB
Active:           362120 kB
Mem:          3.8G       3.7G       123M       5.7M        27M       3.2G

MemTotal:        4016004 kB
MemFree:          118072 kB
Active:           362148 kB
Mem:          3.8G       3.7G       115M       5.7M        27M       3.2G

MemTotal:        4016004 kB
MemFree:          131460 kB
Active:           362180 kB
Mem:          3.8G       3.7G       128M       5.7M        27M       3.2G

MemTotal:        4016004 kB
MemFree:          135348 kB
Active:           362052 kB
Mem:          3.8G       3.7G       132M       5.7M        27M       3.2G

MemTotal:        4016004 kB
MemFree:          135596 kB
Active:           361956 kB
Mem:          3.8G       3.7G       131M       5.7M        27M       3.2G

MemTotal:        4016004 kB
MemFree:          135524 kB
Active:           361876 kB
Mem:          3.8G       3.7G       132M       5.7M        27M       3.2G

MemTotal:        4016004 kB
MemFree:          135864 kB
Active:           361864 kB
Mem:          3.8G       3.7G       132M       5.7M        27M       3.2G

MemTotal:        4016004 kB
MemFree:          135864 kB
Active:           361872 kB
Mem:          3.8G       3.7G       132M       5.7M        27M       3.2G

MemTotal:        4016004 kB
MemFree:          136236 kB
Active:           361892 kB
Mem:          3.8G       3.7G       133M       5.7M        27M       3.2G

MemTotal:        4016004 kB
MemFree:          136236 kB
Active:           361896 kB
Mem:          3.8G       3.7G       132M       5.7M        27M       3.2G

MemTotal:        4016004 kB
MemFree:          136112 kB
Active:           361892 kB
Mem:          3.8G       3.7G       132M       5.7M        27M       3.2G

MemTotal:        4016004 kB
MemFree:          136112 kB
Active:           361872 kB
Mem:          3.8G       3.7G       132M       5.7M        27M       3.2G

MemTotal:        4016004 kB
MemFree:          136112 kB
Active:           361888 kB
Mem:          3.8G       3.7G       132M       5.7M        27M       3.2G

MemTotal:        4016004 kB
MemFree:          136112 kB
Active:           361884 kB
Mem:          3.8G       3.7G       132M       5.7M        27M       3.2G

MemTotal:        4016004 kB
MemFree:          136236 kB
Active:           361884 kB
Mem:          3.8G       3.7G       132M       5.7M        27M       3.2G

MemTotal:        4016004 kB
MemFree:          136236 kB
Active:           361872 kB
Mem:          3.8G       3.7G       132M       5.7M        27M       3.2G

MemTotal:        4016004 kB
MemFree:          135988 kB
Active:           361884 kB
Mem:          3.8G       3.7G       132M       5.7M        27M       3.2G

MemTotal:        4016004 kB
MemFree:          135864 kB
Active:           361908 kB
Mem:          3.8G       3.7G       132M       5.7M        27M       3.2G

MemTotal:        4016004 kB
MemFree:          135740 kB
Active:           361920 kB
Mem:          3.8G       3.7G       132M       5.7M        27M       3.2G

MemTotal:        4016004 kB
MemFree:          135864 kB
Active:           361880 kB
Mem:          3.8G       3.7G       132M       5.7M        27M       3.2G

MemTotal:        4016004 kB
MemFree:          135864 kB
Active:           361888 kB
Mem:          3.8G       3.7G       132M       5.7M        27M       3.2G

MemTotal:        4016004 kB
MemFree:          135492 kB
Active:           361928 kB
Mem:          3.8G       3.7G       132M       5.7M        27M       3.2G

MemTotal:        4016004 kB
MemFree:          135740 kB
Active:           361900 kB
Mem:          3.8G       3.7G       132M       5.7M        27M       3.2G

MemTotal:        4016004 kB
MemFree:          135740 kB
Active:           361896 kB
Mem:          3.8G       3.7G       132M       5.7M        27M       3.2G

MemTotal:        4016004 kB
MemFree:          135740 kB
Active:           361912 kB
Mem:          3.8G       3.7G       132M       5.7M        27M       3.2G

MemTotal:        4016004 kB
MemFree:          135864 kB
Active:           361884 kB
Mem:          3.8G       3.7G       132M       5.7M        27M       3.2G

MemTotal:        4016004 kB
MemFree:          135368 kB
Active:           361936 kB
Mem:          3.8G       3.7G       132M       5.7M        27M       3.2G

MemTotal:        4016004 kB
MemFree:          135864 kB
Active:           361900 kB
Mem:          3.8G       3.7G       132M       5.7M        27M       3.2G

MemTotal:        4016004 kB
MemFree:          135864 kB
Active:           361904 kB
Mem:          3.8G       3.7G       132M       5.7M        27M       3.2G

MemTotal:        4016004 kB
MemFree:          135740 kB
Active:           361932 kB
Mem:          3.8G       3.7G       132M       5.7M        27M       3.2G

MemTotal:        4016004 kB
MemFree:          136236 kB
Active:           361924 kB
Mem:          3.8G       3.7G       132M       5.7M        27M       3.2G

MemTotal:        4016004 kB
MemFree:          136236 kB
Active:           361892 kB
Mem:          3.8G       3.7G       132M       5.7M        27M       3.2G

MemTotal:        4016004 kB
MemFree:          135988 kB
Active:           361928 kB
Mem:          3.8G       3.7G       132M       5.7M        27M       3.2G

MemTotal:        4016004 kB
MemFree:          135988 kB
Active:           361912 kB
Mem:          3.8G       3.7G       132M       5.7M        27M       3.2G

MemTotal:        4016004 kB
MemFree:          132496 kB
Active:           364304 kB
Mem:          3.8G       3.7G       129M       5.7M        29M       3.2G

MemTotal:        4016004 kB
MemFree:          132828 kB
Active:           364216 kB
Mem:          3.8G       3.7G       129M       5.7M        29M       3.2G

MemTotal:        4016004 kB
MemFree:          132704 kB
Active:           364188 kB
Mem:          3.8G       3.7G       129M       5.7M        29M       3.2G

MemTotal:        4016004 kB
MemFree:          132828 kB
Active:           364232 kB
Mem:          3.8G       3.7G       129M       5.7M        29M       3.2G

MemTotal:        4016004 kB
MemFree:          132828 kB
Active:           364208 kB
Mem:          3.8G       3.7G       129M       5.7M        29M       3.2G

MemTotal:        4016004 kB
MemFree:          132828 kB
Active:           364224 kB
Mem:          3.8G       3.7G       129M       5.7M        29M       3.2G

MemTotal:        4016004 kB
MemFree:          132828 kB
Active:           364228 kB
Mem:          3.8G       3.7G       129M       5.7M        29M       3.2G

MemTotal:        4016004 kB
MemFree:          132828 kB
Active:           364240 kB
Mem:          3.8G       3.7G       129M       5.7M        29M       3.2G

MemTotal:        4016004 kB
MemFree:          132704 kB
Active:           364236 kB
Mem:          3.8G       3.7G       129M       5.7M        29M       3.2G

MemTotal:        4016004 kB
MemFree:          132580 kB
Active:           364232 kB
Mem:          3.8G       3.7G       129M       5.7M        29M       3.2G

MemTotal:        4016004 kB
MemFree:          132456 kB
Active:           364248 kB
Mem:          3.8G       3.7G       129M       5.7M        29M       3.2G

MemTotal:        4016004 kB
MemFree:          132828 kB
Active:           364228 kB
Mem:          3.8G       3.7G       129M       5.7M        29M       3.2G

MemTotal:        4016004 kB
MemFree:          133200 kB
Active:           364224 kB
Mem:          3.8G       3.7G       129M       5.7M        29M       3.2G

MemTotal:        4016004 kB
MemFree:          133324 kB
Active:           364228 kB
Mem:          3.8G       3.7G       129M       5.7M        29M       3.2G

MemTotal:        4016004 kB
MemFree:          133324 kB
Active:           364228 kB
Mem:          3.8G       3.7G       130M       5.7M        29M       3.2G

MemTotal:        4016004 kB
MemFree:          133324 kB
Active:           364228 kB
Mem:          3.8G       3.7G       129M       5.7M        29M       3.2G

MemTotal:        4016004 kB
MemFree:          133324 kB
Active:           364220 kB
Mem:          3.8G       3.7G       130M       5.7M        29M       3.2G

MemTotal:        4016004 kB
MemFree:          133324 kB
Active:           364248 kB
Mem:          3.8G       3.7G       129M       5.7M        29M       3.2G

MemTotal:        4016004 kB
MemFree:          132704 kB
Active:           364268 kB
Mem:          3.8G       3.7G       129M       5.7M        29M       3.2G

MemTotal:        4016004 kB
MemFree:          132828 kB
Active:           364264 kB
Mem:          3.8G       3.7G       129M       5.7M        29M       3.2G

MemTotal:        4016004 kB
MemFree:          133200 kB
Active:           364252 kB
Mem:          3.8G       3.7G       129M       5.7M        29M       3.2G

MemTotal:        4016004 kB
MemFree:          132952 kB
Active:           364260 kB
Mem:          3.8G       3.7G       129M       5.7M        29M       3.2G

MemTotal:        4016004 kB
MemFree:          132828 kB
Active:           364260 kB
Mem:          3.8G       3.7G       129M       5.7M        29M       3.2G

MemTotal:        4016004 kB
MemFree:          132828 kB
Active:           364256 kB
Mem:          3.8G       3.7G       129M       5.7M        29M       3.2G

MemTotal:        4016004 kB
MemFree:          132828 kB
Active:           364260 kB
Mem:          3.8G       3.7G       129M       5.7M        29M       3.2G

MemTotal:        4016004 kB
MemFree:          132952 kB
Active:           364264 kB
Mem:          3.8G       3.7G       129M       5.7M        29M       3.2G

MemTotal:        4016004 kB
MemFree:          132580 kB
Active:           364248 kB
Mem:          3.8G       3.7G       129M       5.7M        29M       3.2G

MemTotal:        4016004 kB
MemFree:          132704 kB
Active:           364244 kB
Mem:          3.8G       3.7G       129M       5.7M        29M       3.2G

MemTotal:        4016004 kB
MemFree:          132828 kB
Active:           364268 kB
Mem:          3.8G       3.7G       129M       5.7M        29M       3.2G

MemTotal:        4016004 kB
MemFree:          133324 kB
Active:           364260 kB
Mem:          3.8G       3.7G       129M       5.7M        29M       3.2G

MemTotal:        4016004 kB
MemFree:          133324 kB
Active:           364276 kB
Mem:          3.8G       3.7G       129M       5.7M        29M       3.2G

MemTotal:        4016004 kB
MemFree:          133200 kB
Active:           364276 kB
Mem:          3.8G       3.7G       129M       5.7M        29M       3.2G

MemTotal:        4016004 kB
MemFree:          133200 kB
Active:           364256 kB
Mem:          3.8G       3.7G       129M       5.7M        29M       3.2G

MemTotal:        4016004 kB
MemFree:          133200 kB
Active:           364260 kB
Mem:          3.8G       3.7G       130M       5.7M        29M       3.2G

MemTotal:        4016004 kB
MemFree:          133200 kB
Active:           364292 kB
Mem:          3.8G       3.7G       130M       5.7M        29M       3.2G

MemTotal:        4016004 kB
MemFree:          133200 kB
Active:           364280 kB
Mem:          3.8G       3.7G       129M       5.7M        29M       3.2G

MemTotal:        4016004 kB
MemFree:          133200 kB
Active:           364272 kB
Mem:          3.8G       3.7G       129M       5.7M        29M       3.2G

MemTotal:        4016004 kB
MemFree:          133076 kB
Active:           364244 kB
Mem:          3.8G       3.7G       129M       5.7M        29M       3.2G

MemTotal:        4016004 kB
MemFree:          133076 kB
Active:           364284 kB
Mem:          3.8G       3.7G       129M       5.7M        29M       3.2G

MemTotal:        4016004 kB
MemFree:          132952 kB
Active:           364276 kB
Mem:          3.8G       3.7G       129M       5.7M        29M       3.2G

MemTotal:        4016004 kB
MemFree:          133076 kB
Active:           364252 kB
Mem:          3.8G       3.7G       129M       5.7M        29M       3.2G

MemTotal:        4016004 kB
MemFree:          132952 kB
Active:           364292 kB
Mem:          3.8G       3.7G       129M       5.7M        29M       3.2G

MemTotal:        4016004 kB
MemFree:          133076 kB
Active:           364296 kB
Mem:          3.8G       3.7G       129M       5.7M        29M       3.2G

MemTotal:        4016004 kB
MemFree:          132580 kB
Active:           364296 kB
Mem:          3.8G       3.7G       129M       5.7M        29M       3.2G

MemTotal:        4016004 kB
MemFree:          132704 kB
Active:           364296 kB
Mem:          3.8G       3.7G       129M       5.7M        29M       3.2G

MemTotal:        4016004 kB
MemFree:          132580 kB
Active:           364312 kB
Mem:          3.8G       3.7G       129M       5.7M        29M       3.2G

MemTotal:        4016004 kB
MemFree:          133076 kB
Active:           364284 kB
Mem:          3.8G       3.7G       129M       5.7M        29M       3.2G

MemTotal:        4016004 kB
MemFree:          133200 kB
Active:           364300 kB
Mem:          3.8G       3.7G       129M       5.7M        29M       3.2G

MemTotal:        4016004 kB
MemFree:          133076 kB
Active:           364304 kB
Mem:          3.8G       3.7G       130M       5.7M        29M       3.2G

MemTotal:        4016004 kB
MemFree:          132828 kB
Active:           364328 kB
Mem:          3.8G       3.7G       129M       5.7M        29M       3.2G

MemTotal:        4016004 kB
MemFree:          132952 kB
Active:           364280 kB
Mem:          3.8G       3.7G       130M       5.7M        29M       3.2G

MemTotal:        4016004 kB
MemFree:          133076 kB
Active:           364316 kB
Mem:          3.8G       3.7G       129M       5.7M        29M       3.2G

MemTotal:        4016004 kB
MemFree:          132952 kB
Active:           364292 kB
Mem:          3.8G       3.7G       129M       5.7M        29M       3.2G

MemTotal:        4016004 kB
MemFree:          132952 kB
Active:           364288 kB
Mem:          3.8G       3.7G       129M       5.7M        29M       3.2G

MemTotal:        4016004 kB
MemFree:          132952 kB
Active:           364348 kB
Mem:          3.8G       3.7G       129M       5.7M        29M       3.2G

MemTotal:        4016004 kB
MemFree:          132952 kB
Active:           364324 kB
Mem:          3.8G       3.7G       129M       5.7M        29M       3.2G

MemTotal:        4016004 kB
MemFree:          133076 kB
Active:           364304 kB
Mem:          3.8G       3.7G       129M       5.7M        29M       3.2G

MemTotal:        4016004 kB
MemFree:          133076 kB
Active:           364316 kB
Mem:          3.8G       3.7G       129M       5.7M        29M       3.2G

MemTotal:        4016004 kB
MemFree:          133076 kB
Active:           364336 kB
Mem:          3.8G       3.7G       129M       5.7M        29M       3.2G

MemTotal:        4016004 kB
MemFree:          133200 kB
Active:           364292 kB
Mem:          3.8G       3.7G       129M       5.7M        29M       3.2G

MemTotal:        4016004 kB
MemFree:          132580 kB
Active:           364320 kB
Mem:          3.8G       3.7G       129M       5.7M        29M       3.2G

MemTotal:        4016004 kB
MemFree:          132704 kB
Active:           364316 kB
Mem:          3.8G       3.7G       129M       5.7M        29M       3.2G

MemTotal:        4016004 kB
MemFree:          132704 kB
Active:           364328 kB
Mem:          3.8G       3.7G       129M       5.7M        29M       3.2G

MemTotal:        4016004 kB
MemFree:          132828 kB
Active:           364344 kB
Mem:          3.8G       3.7G       129M       5.7M        29M       3.2G

MemTotal:        4016004 kB
MemFree:          132952 kB
Active:           364344 kB
Mem:          3.8G       3.7G       129M       5.7M        29M       3.2G

MemTotal:        4016004 kB
MemFree:          132828 kB
Active:           364320 kB
Mem:          3.8G       3.7G       129M       5.7M        29M       3.2G

MemTotal:        4016004 kB
MemFree:          132812 kB
Active:           364352 kB
Mem:          3.8G       3.7G       129M       5.7M        29M       3.2G

MemTotal:        4016004 kB
MemFree:          132564 kB
Active:           364380 kB
Mem:          3.8G       3.7G       129M       5.7M        29M       3.2G

MemTotal:        4016004 kB
MemFree:          132564 kB
Active:           364520 kB
Mem:          3.8G       3.7G       129M       5.7M        29M       3.2G

MemTotal:        4016004 kB
MemFree:          132672 kB
Active:           364416 kB
Mem:          3.8G       3.7G       129M       5.7M        29M       3.2G

MemTotal:        4016004 kB
MemFree:          132796 kB
Active:           364364 kB
Mem:          3.8G       3.7G       129M       5.7M        29M       3.2G

MemTotal:        4016004 kB
MemFree:          132796 kB
Active:           364396 kB
Mem:          3.8G       3.7G       129M       5.7M        29M       3.2G

MemTotal:        4016004 kB
MemFree:          132796 kB
Active:           364400 kB
Mem:          3.8G       3.7G       129M       5.7M        29M       3.2G

MemTotal:        4016004 kB
MemFree:          132796 kB
Active:           364380 kB
Mem:          3.8G       3.7G       129M       5.7M        29M       3.2G

MemTotal:        4016004 kB
MemFree:          132672 kB
Active:           364432 kB
Mem:          3.8G       3.7G       129M       5.7M        29M       3.2G

MemTotal:        4016004 kB
MemFree:          132920 kB
Active:           364424 kB
Mem:          3.8G       3.7G       129M       5.7M        29M       3.2G

MemTotal:        4016004 kB
MemFree:          132796 kB
Active:           364412 kB
Mem:          3.8G       3.7G       129M       5.7M        29M       3.2G

MemTotal:        4016004 kB
MemFree:          132796 kB
Active:           364416 kB
Mem:          3.8G       3.7G       129M       5.7M        29M       3.2G

MemTotal:        4016004 kB
MemFree:          133044 kB
Active:           364396 kB
Mem:          3.8G       3.7G       129M       5.7M        29M       3.2G

MemTotal:        4016004 kB
MemFree:          132920 kB
Active:           364412 kB
Mem:          3.8G       3.7G       129M       5.7M        29M       3.2G

MemTotal:        4016004 kB
MemFree:          132920 kB
Active:           364400 kB
Mem:          3.8G       3.7G       129M       5.7M        29M       3.2G

MemTotal:        4016004 kB
MemFree:          132796 kB
Active:           364436 kB
Mem:          3.8G       3.7G       129M       5.7M        29M       3.2G

MemTotal:        4016004 kB
MemFree:          132920 kB
Active:           364396 kB
Mem:          3.8G       3.7G       129M       5.7M        29M       3.2G

MemTotal:        4016004 kB
MemFree:          132796 kB
Active:           364396 kB
Mem:          3.8G       3.7G       129M       5.7M        29M       3.2G

MemTotal:        4016004 kB
MemFree:          132548 kB
Active:           364424 kB
Mem:          3.8G       3.7G       129M       5.7M        29M       3.2G

MemTotal:        4016004 kB
MemFree:          132564 kB
Active:           364420 kB
Mem:          3.8G       3.7G       129M       5.7M        29M       3.2G

MemTotal:        4016004 kB
MemFree:          132564 kB
Active:           364432 kB
Mem:          3.8G       3.7G       129M       5.7M        29M       3.2G

MemTotal:        4016004 kB
MemFree:          132564 kB
Active:           364428 kB
Mem:          3.8G       3.7G       129M       5.7M        29M       3.2G

MemTotal:        4016004 kB
MemFree:          132440 kB
Active:           364428 kB
Mem:          3.8G       3.7G       129M       5.7M        29M       3.2G

MemTotal:        4016004 kB
MemFree:          132440 kB
Active:           364428 kB
Mem:          3.8G       3.7G       129M       5.7M        29M       3.2G

MemTotal:        4016004 kB
MemFree:          132564 kB
Active:           364404 kB
Mem:          3.8G       3.7G       129M       5.7M        29M       3.2G

MemTotal:        4016004 kB
MemFree:          132440 kB
Active:           364420 kB
Mem:          3.8G       3.7G       129M       5.7M        29M       3.2G

MemTotal:        4016004 kB
MemFree:          132936 kB
Active:           364452 kB
Mem:          3.8G       3.7G       129M       5.7M        29M       3.2G

MemTotal:        4016004 kB
MemFree:          132812 kB
Active:           364408 kB
Mem:          3.8G       3.7G       129M       5.7M        29M       3.2G

MemTotal:        4016004 kB
MemFree:          132812 kB
Active:           364460 kB
Mem:          3.8G       3.7G       129M       5.7M        29M       3.2G

MemTotal:        4016004 kB
MemFree:          132936 kB
Active:           364444 kB
Mem:          3.8G       3.7G       129M       5.7M        29M       3.2G

MemTotal:        4016004 kB
MemFree:          132812 kB
Active:           364444 kB
Mem:          3.8G       3.7G       129M       5.7M        29M       3.2G

MemTotal:        4016004 kB
MemFree:          132812 kB
Active:           364456 kB
Mem:          3.8G       3.7G       129M       5.7M        29M       3.2G

MemTotal:        4016004 kB
MemFree:          132936 kB
Active:           364432 kB
Mem:          3.8G       3.7G       129M       5.7M        29M       3.2G

MemTotal:        4016004 kB
MemFree:          132440 kB
Active:           364476 kB
Mem:          3.8G       3.7G       129M       5.7M        29M       3.2G

MemTotal:        4016004 kB
MemFree:          132812 kB
Active:           364460 kB
Mem:          3.8G       3.7G       129M       5.7M        29M       3.2G

MemTotal:        4016004 kB
MemFree:          132688 kB
Active:           364444 kB
Mem:          3.8G       3.7G       129M       5.7M        29M       3.2G

MemTotal:        4016004 kB
MemFree:          132564 kB
Active:           364468 kB
Mem:          3.8G       3.7G       128M       5.7M        29M       3.2G

MemTotal:        4016004 kB
MemFree:          132192 kB
Active:           364452 kB
Mem:          3.8G       3.7G       129M       5.7M        29M       3.2G

MemTotal:        4016004 kB
MemFree:          132440 kB
Active:           364436 kB
Mem:          3.8G       3.7G       129M       5.7M        29M       3.2G

MemTotal:        4016004 kB
MemFree:          132440 kB
Active:           364428 kB
Mem:          3.8G       3.7G       129M       5.7M        29M       3.2G

MemTotal:        4016004 kB
MemFree:          132440 kB
Active:           364480 kB
Mem:          3.8G       3.7G       129M       5.7M        29M       3.2G

MemTotal:        4016004 kB
MemFree:          132068 kB
Active:           364496 kB
Mem:          3.8G       3.7G       128M       5.7M        29M       3.2G

MemTotal:        4016004 kB
MemFree:          132316 kB
Active:           364496 kB
Mem:          3.8G       3.7G       129M       5.7M        29M       3.2G

MemTotal:        4016004 kB
MemFree:          132812 kB
Active:           364452 kB
Mem:          3.8G       3.7G       129M       5.7M        29M       3.2G

MemTotal:        4016004 kB
MemFree:          132812 kB
Active:           364480 kB
Mem:          3.8G       3.7G       129M       5.7M        29M       3.2G

MemTotal:        4016004 kB
MemFree:          132688 kB
Active:           364488 kB
Mem:          3.8G       3.7G       129M       5.7M        29M       3.2G

MemTotal:        4016004 kB
MemFree:          132316 kB
Active:           364508 kB
Mem:          3.8G       3.7G       129M       5.7M        29M       3.2G

MemTotal:        4016004 kB
MemFree:          132440 kB
Active:           364504 kB
Mem:          3.8G       3.7G       129M       5.7M        29M       3.2G

MemTotal:        4016004 kB
MemFree:          132688 kB
Active:           364484 kB
Mem:          3.8G       3.7G       129M       5.7M        29M       3.2G

MemTotal:        4016004 kB
MemFree:          132688 kB
Active:           364496 kB
Mem:          3.8G       3.7G       129M       5.7M        29M       3.2G

MemTotal:        4016004 kB
MemFree:          132440 kB
Active:           364508 kB
Mem:          3.8G       3.7G       129M       5.7M        29M       3.2G

MemTotal:        4016004 kB
MemFree:          132812 kB
Active:           364508 kB
Mem:          3.8G       3.7G       129M       5.7M        29M       3.2G

MemTotal:        4016004 kB
MemFree:          132688 kB
Active:           364496 kB
Mem:          3.8G       3.7G       129M       5.7M        29M       3.2G

MemTotal:        4016004 kB
MemFree:          132688 kB
Active:           364464 kB
Mem:          3.8G       3.7G       129M       5.7M        29M       3.2G

MemTotal:        4016004 kB
MemFree:          132316 kB
Active:           364476 kB
Mem:          3.8G       3.7G       128M       5.7M        29M       3.2G

MemTotal:        4016004 kB
MemFree:          132316 kB
Active:           364500 kB
Mem:          3.8G       3.7G       128M       5.7M        29M       3.2G

MemTotal:        4016004 kB
MemFree:          132316 kB
Active:           364492 kB
Mem:          3.8G       3.7G       128M       5.7M        29M       3.2G

MemTotal:        4016004 kB
MemFree:          132192 kB
Active:           364512 kB
Mem:          3.8G       3.7G       129M       5.7M        29M       3.2G

MemTotal:        4016004 kB
MemFree:          132316 kB
Active:           364520 kB
Mem:          3.8G       3.7G       128M       5.7M        29M       3.2G

MemTotal:        4016004 kB
MemFree:          132316 kB
Active:           364512 kB
Mem:          3.8G       3.7G       129M       5.7M        29M       3.2G

MemTotal:        4016004 kB
MemFree:          132688 kB
Active:           364496 kB
Mem:          3.8G       3.7G       129M       5.7M        29M       3.2G

MemTotal:        4016004 kB
MemFree:          132688 kB
Active:           364516 kB
Mem:          3.8G       3.7G       129M       5.7M        29M       3.2G

MemTotal:        4016004 kB
MemFree:          132688 kB
Active:           364496 kB
Mem:          3.8G       3.7G       129M       5.7M        29M       3.2G

MemTotal:        4016004 kB
MemFree:          132812 kB
Active:           364508 kB
Mem:          3.8G       3.7G       129M       5.7M        29M       3.2G

MemTotal:        4016004 kB
MemFree:          132688 kB
Active:           364524 kB
Mem:          3.8G       3.7G       129M       5.7M        29M       3.2G

MemTotal:        4016004 kB
MemFree:          132688 kB
Active:           364536 kB
Mem:          3.8G       3.7G       129M       5.7M        29M       3.2G

MemTotal:        4016004 kB
MemFree:          132688 kB
Active:           364504 kB
Mem:          3.8G       3.7G       129M       5.7M        29M       3.2G

MemTotal:        4016004 kB
MemFree:          132688 kB
Active:           364508 kB
Mem:          3.8G       3.7G       129M       5.7M        29M       3.2G

MemTotal:        4016004 kB
MemFree:          132688 kB
Active:           364516 kB
Mem:          3.8G       3.7G       129M       5.7M        29M       3.2G

MemTotal:        4016004 kB
MemFree:          132564 kB
Active:           364520 kB
Mem:          3.8G       3.7G       129M       5.7M        29M       3.2G

MemTotal:        4016004 kB
MemFree:          132564 kB
Active:           364508 kB
Mem:          3.8G       3.7G       128M       5.7M        29M       3.2G

MemTotal:        4016004 kB
MemFree:          132316 kB
Active:           364528 kB
Mem:          3.8G       3.7G       129M       5.7M        29M       3.2G

MemTotal:        4016004 kB
MemFree:          132316 kB
Active:           364520 kB
Mem:          3.8G       3.7G       128M       5.7M        29M       3.2G

MemTotal:        4016004 kB
MemFree:          132316 kB
Active:           364544 kB
Mem:          3.8G       3.7G       128M       5.7M        29M       3.2G

MemTotal:        4016004 kB
MemFree:          132192 kB
Active:           364532 kB
Mem:          3.8G       3.7G       129M       5.7M        29M       3.2G

MemTotal:        4016004 kB
MemFree:          132316 kB
Active:           364508 kB
Mem:          3.8G       3.7G       128M       5.7M        29M       3.2G

MemTotal:        4016004 kB
MemFree:          132316 kB
Active:           364500 kB
Mem:          3.8G       3.7G       129M       5.7M        29M       3.2G

MemTotal:        4016004 kB
MemFree:          132440 kB
Active:           364540 kB
Mem:          3.8G       3.7G       128M       5.7M        29M       3.2G

MemTotal:        4016004 kB
MemFree:          132564 kB
Active:           364548 kB
Mem:          3.8G       3.7G       129M       5.7M        29M       3.2G

MemTotal:        4016004 kB
MemFree:          132688 kB
Active:           364556 kB
Mem:          3.8G       3.7G       129M       5.7M        29M       3.2G

MemTotal:        4016004 kB
MemFree:          132688 kB
Active:           364556 kB
Mem:          3.8G       3.7G       129M       5.7M        29M       3.2G

MemTotal:        4016004 kB
MemFree:          132564 kB
Active:           364552 kB
Mem:          3.8G       3.7G       129M       5.7M        29M       3.2G

MemTotal:        4016004 kB
MemFree:          132688 kB
Active:           364552 kB
Mem:          3.8G       3.7G       129M       5.7M        29M       3.2G

MemTotal:        4016004 kB
MemFree:          132564 kB
Active:           364548 kB
Mem:          3.8G       3.7G       129M       5.7M        29M       3.2G

MemTotal:        4016004 kB
MemFree:          132812 kB
Active:           364548 kB
Mem:          3.8G       3.7G       129M       5.7M        29M       3.2G

MemTotal:        4016004 kB
MemFree:          132316 kB
Active:           364560 kB
Mem:          3.8G       3.7G       128M       5.7M        29M       3.2G

MemTotal:        4016004 kB
MemFree:          132192 kB
Active:           364540 kB
Mem:          3.8G       3.7G       129M       5.7M        29M       3.2G

MemTotal:        4016004 kB
MemFree:          132316 kB
Active:           364528 kB
Mem:          3.8G       3.7G       129M       5.7M        29M       3.2G

MemTotal:        4016004 kB
MemFree:          132564 kB
Active:           364556 kB
Mem:          3.8G       3.7G       129M       5.7M        29M       3.2G

MemTotal:        4016004 kB
MemFree:          132564 kB
Active:           364528 kB
Mem:          3.8G       3.7G       128M       5.7M        29M       3.2G

MemTotal:        4016004 kB
MemFree:          132564 kB
Active:           364532 kB
Mem:          3.8G       3.7G       129M       5.7M        29M       3.2G

MemTotal:        4016004 kB
MemFree:          132440 kB
Active:           364524 kB
Mem:          3.8G       3.7G       129M       5.7M        29M       3.2G

MemTotal:        4016004 kB
MemFree:          132440 kB
Active:           364552 kB
Mem:          3.8G       3.7G       129M       5.7M        29M       3.2G

MemTotal:        4016004 kB
MemFree:          132192 kB
Active:           364564 kB
Mem:          3.8G       3.7G       128M       5.7M        29M       3.2G

MemTotal:        4016004 kB
MemFree:          132440 kB
Active:           364548 kB
Mem:          3.8G       3.7G       128M       5.7M        29M       3.2G

MemTotal:        4016004 kB
MemFree:          132316 kB
Active:           364532 kB
Mem:          3.8G       3.7G       128M       5.7M        29M       3.2G

MemTotal:        4016004 kB
MemFree:          132316 kB
Active:           364560 kB
Mem:          3.8G       3.7G       129M       5.7M        29M       3.2G

MemTotal:        4016004 kB
MemFree:          132440 kB
Active:           364556 kB
Mem:          3.8G       3.7G       129M       5.7M        29M       3.2G

MemTotal:        4016004 kB
MemFree:          132316 kB
Active:           364560 kB
Mem:          3.8G       3.7G       129M       5.7M        29M       3.2G

MemTotal:        4016004 kB
MemFree:          132316 kB
Active:           364536 kB
Mem:          3.8G       3.7G       128M       5.7M        29M       3.2G

MemTotal:        4016004 kB
MemFree:          132316 kB
Active:           364540 kB
Mem:          3.8G       3.7G       129M       5.7M        29M       3.2G

MemTotal:        4016004 kB
MemFree:          132316 kB
Active:           364560 kB
Mem:          3.8G       3.7G       129M       5.7M        29M       3.2G

MemTotal:        4016004 kB
MemFree:          132564 kB
Active:           364576 kB
Mem:          3.8G       3.7G       129M       5.7M        29M       3.2G

MemTotal:        4016004 kB
MemFree:          132440 kB
Active:           364576 kB
Mem:          3.8G       3.7G       129M       5.7M        29M       3.2G

MemTotal:        4016004 kB
MemFree:          132812 kB
Active:           364556 kB
Mem:          3.8G       3.7G       129M       5.7M        29M       3.2G

MemTotal:        4016004 kB
MemFree:          132812 kB
Active:           364596 kB
Mem:          3.8G       3.7G       129M       5.7M        29M       3.2G

MemTotal:        4016004 kB
MemFree:          132688 kB
Active:           364592 kB
Mem:          3.8G       3.7G       129M       5.7M        29M       3.2G

MemTotal:        4016004 kB
MemFree:          132688 kB
Active:           364588 kB
Mem:          3.8G       3.7G       129M       5.7M        29M       3.2G

MemTotal:        4016004 kB
MemFree:          132440 kB
Active:           364608 kB
Mem:          3.8G       3.7G       129M       5.7M        29M       3.2G

MemTotal:        4016004 kB
MemFree:          132688 kB
Active:           364592 kB
Mem:          3.8G       3.7G       129M       5.7M        29M       3.2G

MemTotal:        4016004 kB
MemFree:          132440 kB
Active:           364604 kB
Mem:          3.8G       3.7G       129M       5.7M        29M       3.2G

MemTotal:        4016004 kB
MemFree:          132316 kB
Active:           364560 kB
Mem:          3.8G       3.7G       128M       5.7M        29M       3.2G

MemTotal:        4016004 kB
MemFree:          132316 kB
Active:           364612 kB
Mem:          3.8G       3.7G       129M       5.7M        29M       3.2G

MemTotal:        4016004 kB
MemFree:          132688 kB
Active:           364612 kB
Mem:          3.8G       3.7G       129M       5.7M        29M       3.2G

MemTotal:        4016004 kB
MemFree:          132812 kB
Active:           364608 kB
Mem:          3.8G       3.7G       129M       5.7M        29M       3.2G

MemTotal:        4016004 kB
MemFree:          132688 kB
Active:           364604 kB
Mem:          3.8G       3.7G       129M       5.7M        29M       3.2G

MemTotal:        4016004 kB
MemFree:          132812 kB
Active:           364596 kB
Mem:          3.8G       3.7G       129M       5.7M        29M       3.2G

MemTotal:        4016004 kB
MemFree:          132812 kB
Active:           364600 kB
Mem:          3.8G       3.7G       129M       5.7M        29M       3.2G

MemTotal:        4016004 kB
MemFree:          132564 kB
Active:           364596 kB
Mem:          3.8G       3.7G       129M       5.7M        29M       3.2G

MemTotal:        4016004 kB
MemFree:          132440 kB
Active:           364608 kB
Mem:          3.8G       3.7G       129M       5.7M        29M       3.2G

MemTotal:        4016004 kB
MemFree:          132440 kB
Active:           364596 kB
Mem:          3.8G       3.7G       129M       5.7M        29M       3.2G

MemTotal:        4016004 kB
MemFree:          132564 kB
Active:           364600 kB
Mem:          3.8G       3.7G       129M       5.7M        29M       3.2G

MemTotal:        4016004 kB
MemFree:          132836 kB
Active:           364624 kB
Mem:          3.8G       3.7G       129M       5.7M        29M       3.2G

MemTotal:        4016004 kB
MemFree:          133124 kB
Active:           364372 kB
Mem:          3.8G       3.7G       129M       5.7M        29M       3.2G

MemTotal:        4016004 kB
MemFree:          133248 kB
Active:           364392 kB
Mem:          3.8G       3.7G       130M       5.7M        29M       3.2G

MemTotal:        4016004 kB
MemFree:          133248 kB
Active:           364380 kB
Mem:          3.8G       3.7G       130M       5.7M        29M       3.2G

MemTotal:        4016004 kB
MemFree:          133248 kB
Active:           364416 kB
Mem:          3.8G       3.7G       130M       5.7M        29M       3.2G

MemTotal:        4016004 kB
MemFree:          133372 kB
Active:           364428 kB
Mem:          3.8G       3.7G       130M       5.7M        29M       3.2G

MemTotal:        4016004 kB
MemFree:          133496 kB
Active:           364412 kB
Mem:          3.8G       3.7G       130M       5.7M        29M       3.2G

MemTotal:        4016004 kB
MemFree:          133496 kB
Active:           364424 kB
Mem:          3.8G       3.7G       129M       5.7M        29M       3.2G

MemTotal:        4016004 kB
MemFree:          133000 kB
Active:           364404 kB
Mem:          3.8G       3.7G       129M       5.7M        29M       3.2G

MemTotal:        4016004 kB
MemFree:          133248 kB
Active:           364400 kB
Mem:          3.8G       3.7G       129M       5.7M        29M       3.2G

MemTotal:        4016004 kB
MemFree:          133248 kB
Active:           364412 kB
Mem:          3.8G       3.7G       129M       5.7M        29M       3.2G

MemTotal:        4016004 kB
MemFree:          133124 kB
Active:           364428 kB
Mem:          3.8G       3.7G       130M       5.7M        29M       3.2G

MemTotal:        4016004 kB
MemFree:          133248 kB
Active:           364416 kB
Mem:          3.8G       3.7G       130M       5.7M        29M       3.2G

MemTotal:        4016004 kB
MemFree:          133404 kB
Active:           364400 kB
Mem:          3.8G       3.7G       130M       5.7M        29M       3.2G

MemTotal:        4016004 kB
MemFree:          132784 kB
Active:           364420 kB
Mem:          3.8G       3.7G       129M       5.7M        29M       3.2G

MemTotal:        4016004 kB
MemFree:          132784 kB
Active:           364428 kB
Mem:          3.8G       3.7G       129M       5.7M        29M       3.2G

MemTotal:        4016004 kB
MemFree:          132536 kB
Active:           364424 kB
Mem:          3.8G       3.7G       129M       5.7M        29M       3.2G

MemTotal:        4016004 kB
MemFree:          132660 kB
Active:           364460 kB
Mem:          3.8G       3.7G       129M       5.7M        29M       3.2G

MemTotal:        4016004 kB
MemFree:          132288 kB
Active:           364464 kB
Mem:          3.8G       3.7G       129M       5.7M        29M       3.2G

MemTotal:        4016004 kB
MemFree:          133032 kB
Active:           364412 kB
Mem:          3.8G       3.7G       129M       5.7M        29M       3.2G

MemTotal:        4016004 kB
MemFree:          132908 kB
Active:           364432 kB
Mem:          3.8G       3.7G       129M       5.7M        29M       3.2G

MemTotal:        4016004 kB
MemFree:          132536 kB
Active:           364468 kB
Mem:          3.8G       3.7G       129M       5.7M        29M       3.2G

MemTotal:        4016004 kB
MemFree:          132784 kB
Active:           364460 kB
Mem:          3.8G       3.7G       129M       5.7M        29M       3.2G

MemTotal:        4016004 kB
MemFree:          132536 kB
Active:           364440 kB
Mem:          3.8G       3.7G       129M       5.7M        29M       3.2G

MemTotal:        4016004 kB
MemFree:          133032 kB
Active:           364440 kB
Mem:          3.8G       3.7G       130M       5.7M        29M       3.2G

MemTotal:        4016004 kB
MemFree:          133280 kB
Active:           364448 kB
Mem:          3.8G       3.7G       130M       5.7M        29M       3.2G

MemTotal:        4016004 kB
MemFree:          133404 kB
Active:           364460 kB
Mem:          3.8G       3.7G       129M       5.7M        29M       3.2G

MemTotal:        4016004 kB
MemFree:          132908 kB
Active:           364488 kB
Mem:          3.8G       3.7G       130M       5.7M        29M       3.2G

MemTotal:        4016004 kB
MemFree:          133032 kB
Active:           364476 kB
Mem:          3.8G       3.7G       129M       5.7M        29M       3.2G

MemTotal:        4016004 kB
MemFree:          133032 kB
Active:           364436 kB
