MemTotal:        4016004 kB
MemFree:         3237132 kB
Active:           421408 kB
Mem:          3.8G       760M       3.1G       5.7M        55M       314M

MemTotal:        4016004 kB
MemFree:         3237184 kB
Active:           421292 kB
Mem:          3.8G       760M       3.1G       5.7M        55M       314M

MemTotal:        4016004 kB
MemFree:         3237292 kB
Active:           421336 kB
Mem:          3.8G       760M       3.1G       5.7M        55M       314M

MemTotal:        4016004 kB
MemFree:         3237648 kB
Active:           421348 kB
Mem:          3.8G       760M       3.1G       5.7M        55M       314M

MemTotal:        4016004 kB
MemFree:         3237648 kB
Active:           421368 kB
Mem:          3.8G       760M       3.1G       5.7M        55M       314M

MemTotal:        4016004 kB
MemFree:         3237648 kB
Active:           421356 kB
Mem:          3.8G       760M       3.1G       5.7M        55M       314M

MemTotal:        4016004 kB
MemFree:         3237568 kB
Active:           419288 kB
Mem:          3.8G       760M       3.1G       5.7M        55M       314M

MemTotal:        4016004 kB
MemFree:         3237428 kB
Active:           421344 kB
Mem:          3.8G       760M       3.1G       5.7M        55M       314M

MemTotal:        4016004 kB
MemFree:         3237536 kB
Active:           421356 kB
Mem:          3.8G       760M       3.1G       5.7M        55M       314M

MemTotal:        4016004 kB
MemFree:         3237288 kB
Active:           421384 kB
Mem:          3.8G       760M       3.1G       5.7M        55M       314M

MemTotal:        4016004 kB
MemFree:         3237396 kB
Active:           421340 kB
Mem:          3.8G       760M       3.1G       5.7M        55M       314M

MemTotal:        4016004 kB
MemFree:         3237644 kB
Active:           421356 kB
Mem:          3.8G       760M       3.1G       5.7M        55M       314M

MemTotal:        4016004 kB
MemFree:         3237644 kB
Active:           421372 kB
Mem:          3.8G       760M       3.1G       5.7M        55M       314M

MemTotal:        4016004 kB
MemFree:         3237520 kB
Active:           421372 kB
Mem:          3.8G       760M       3.1G       5.7M        55M       314M

MemTotal:        4016004 kB
MemFree:         3237132 kB
Active:           421400 kB
Mem:          3.8G       760M       3.1G       5.7M        55M       314M

MemTotal:        4016004 kB
MemFree:         3237612 kB
Active:           421384 kB
Mem:          3.8G       760M       3.1G       5.7M        55M       314M

MemTotal:        4016004 kB
MemFree:         3237564 kB
Active:           419364 kB
Mem:          3.8G       760M       3.1G       5.7M        55M       314M

MemTotal:        4016004 kB
MemFree:         3237548 kB
Active:           421376 kB
Mem:          3.8G       760M       3.1G       5.7M        55M       314M

MemTotal:        4016004 kB
MemFree:         3237424 kB
Active:           421356 kB
Mem:          3.8G       760M       3.1G       5.7M        55M       314M

MemTotal:        4016004 kB
MemFree:         3237160 kB
Active:           421412 kB
Mem:          3.8G       760M       3.1G       5.7M        55M       314M

MemTotal:        4016004 kB
MemFree:         3237268 kB
Active:           421376 kB
Mem:          3.8G       760M       3.1G       5.7M        55M       314M

MemTotal:        4016004 kB
MemFree:         3237004 kB
Active:           421420 kB
Mem:          3.8G       760M       3.1G       5.7M        55M       314M

MemTotal:        4016004 kB
MemFree:         3236880 kB
Active:           421420 kB
Mem:          3.8G       760M       3.1G       5.7M        55M       314M

MemTotal:        4016004 kB
MemFree:         3237236 kB
Active:           421408 kB
Mem:          3.8G       760M       3.1G       5.7M        55M       314M

MemTotal:        4016004 kB
MemFree:         3237484 kB
Active:           421412 kB
Mem:          3.8G       760M       3.1G       5.7M        55M       314M

MemTotal:        4016004 kB
MemFree:         3237236 kB
Active:           421424 kB
Mem:          3.8G       760M       3.1G       5.7M        55M       314M

MemTotal:        4016004 kB
MemFree:         3237484 kB
Active:           421380 kB
Mem:          3.8G       760M       3.1G       5.7M        55M       314M

MemTotal:        4016004 kB
MemFree:         3237484 kB
Active:           421404 kB
Mem:          3.8G       760M       3.1G       5.7M        55M       314M

MemTotal:        4016004 kB
MemFree:         3237236 kB
Active:           421432 kB
Mem:          3.8G       760M       3.1G       5.7M        55M       314M

MemTotal:        4016004 kB
MemFree:         3237608 kB
Active:           421412 kB
Mem:          3.8G       760M       3.1G       5.7M        55M       314M

MemTotal:        4016004 kB
MemFree:         3236988 kB
Active:           421432 kB
Mem:          3.8G       760M       3.1G       5.7M        55M       314M

MemTotal:        4016004 kB
MemFree:         3237236 kB
Active:           421428 kB
Mem:          3.8G       760M       3.1G       5.7M        55M       314M

MemTotal:        4016004 kB
MemFree:         3236988 kB
Active:           421432 kB
Mem:          3.8G       760M       3.1G       5.7M        55M       314M

MemTotal:        4016004 kB
MemFree:         3237236 kB
Active:           421400 kB
Mem:          3.8G       760M       3.1G       5.7M        55M       314M

MemTotal:        4016004 kB
MemFree:         3237360 kB
Active:           421416 kB
Mem:          3.8G       760M       3.1G       5.7M        55M       314M

MemTotal:        4016004 kB
MemFree:         3237360 kB
Active:           421436 kB
Mem:          3.8G       760M       3.1G       5.7M        55M       314M

MemTotal:        4016004 kB
MemFree:         3237484 kB
Active:           421396 kB
Mem:          3.8G       760M       3.1G       5.7M        55M       314M

MemTotal:        4016004 kB
MemFree:         3237236 kB
Active:           421412 kB
Mem:          3.8G       760M       3.1G       5.7M        55M       314M

MemTotal:        4016004 kB
MemFree:         3237236 kB
Active:           421428 kB
Mem:          3.8G       760M       3.1G       5.7M        55M       314M

MemTotal:        4016004 kB
MemFree:         3236616 kB
Active:           421448 kB
Mem:          3.8G       760M       3.1G       5.7M        55M       314M

MemTotal:        4016004 kB
MemFree:         3237484 kB
Active:           421424 kB
Mem:          3.8G       760M       3.1G       5.7M        55M       314M

MemTotal:        4016004 kB
MemFree:         3236988 kB
Active:           421424 kB
Mem:          3.8G       760M       3.1G       5.7M        55M       314M

MemTotal:        4016004 kB
MemFree:         3237580 kB
Active:           421420 kB
Mem:          3.8G       760M       3.1G       5.7M        55M       314M

MemTotal:        4016004 kB
MemFree:         3237456 kB
Active:           421424 kB
Mem:          3.8G       760M       3.1G       5.7M        55M       314M

MemTotal:        4016004 kB
MemFree:         3237332 kB
Active:           421432 kB
Mem:          3.8G       760M       3.1G       5.7M        55M       314M

MemTotal:        4016004 kB
MemFree:         3237332 kB
Active:           421432 kB
Mem:          3.8G       760M       3.1G       5.7M        55M       314M

MemTotal:        4016004 kB
MemFree:         3237332 kB
Active:           421432 kB
Mem:          3.8G       760M       3.1G       5.7M        55M       314M

MemTotal:        4016004 kB
MemFree:         3237332 kB
Active:           421432 kB
Mem:          3.8G       760M       3.1G       5.7M        55M       314M

MemTotal:        4016004 kB
MemFree:         3237564 kB
Active:           421436 kB
Mem:          3.8G       760M       3.1G       5.7M        55M       314M

MemTotal:        4016004 kB
MemFree:         3237688 kB
Active:           421456 kB
Mem:          3.8G       760M       3.1G       5.7M        55M       314M

MemTotal:        4016004 kB
MemFree:         3238060 kB
Active:           421416 kB
Mem:          3.8G       759M       3.1G       5.7M        55M       314M

MemTotal:        4016004 kB
MemFree:         3237936 kB
Active:           421448 kB
Mem:          3.8G       760M       3.1G       5.7M        55M       314M

MemTotal:        4016004 kB
MemFree:         3237380 kB
Active:           421488 kB
Mem:          3.8G       760M       3.1G       5.7M        55M       314M

MemTotal:        4016004 kB
MemFree:         3237504 kB
Active:           421476 kB
Mem:          3.8G       760M       3.1G       5.7M        55M       314M

MemTotal:        4016004 kB
MemFree:         3237380 kB
Active:           421488 kB
Mem:          3.8G       760M       3.1G       5.7M        55M       314M

MemTotal:        4016004 kB
MemFree:         3237504 kB
Active:           421440 kB
Mem:          3.8G       760M       3.1G       5.7M        55M       314M

MemTotal:        4016004 kB
MemFree:         3237876 kB
Active:           421444 kB
Mem:          3.8G       760M       3.1G       5.7M        55M       314M

MemTotal:        4016004 kB
MemFree:         3237768 kB
Active:           421456 kB
Mem:          3.8G       760M       3.1G       5.7M        55M       314M

MemTotal:        4016004 kB
MemFree:         3237892 kB
Active:           421464 kB
Mem:          3.8G       759M       3.1G       5.7M        55M       314M

MemTotal:        4016004 kB
MemFree:         3238264 kB
Active:           421460 kB
Mem:          3.8G       759M       3.1G       5.7M        55M       314M

MemTotal:        4016004 kB
MemFree:         3237396 kB
Active:           421504 kB
Mem:          3.8G       760M       3.1G       5.7M        55M       314M

MemTotal:        4016004 kB
MemFree:         3237768 kB
Active:           421476 kB
Mem:          3.8G       760M       3.1G       5.7M        55M       314M

MemTotal:        4016004 kB
MemFree:         3237612 kB
Active:           421484 kB
Mem:          3.8G       760M       3.1G       5.7M        55M       314M

MemTotal:        4016004 kB
MemFree:         3237612 kB
Active:           421488 kB
Mem:          3.8G       760M       3.1G       5.7M        55M       314M

MemTotal:        4016004 kB
MemFree:         3237488 kB
Active:           421476 kB
Mem:          3.8G       760M       3.1G       5.7M        55M       314M

MemTotal:        4016004 kB
MemFree:         3237488 kB
Active:           421488 kB
Mem:          3.8G       760M       3.1G       5.7M        55M       314M

MemTotal:        4016004 kB
MemFree:         3237424 kB
Active:           419456 kB
Mem:          3.8G       760M       3.1G       5.7M        55M       314M

MemTotal:        4016004 kB
MemFree:         3237532 kB
Active:           421500 kB
Mem:          3.8G       760M       3.1G       5.7M        55M       314M

MemTotal:        4016004 kB
MemFree:         3237516 kB
Active:           421500 kB
Mem:          3.8G       760M       3.1G       5.7M        55M       314M

MemTotal:        4016004 kB
MemFree:         3237516 kB
Active:           421488 kB
Mem:          3.8G       760M       3.1G       5.7M        55M       314M

MemTotal:        4016004 kB
MemFree:         3237144 kB
Active:           421524 kB
Mem:          3.8G       760M       3.1G       5.7M        55M       314M

MemTotal:        4016004 kB
MemFree:         3237624 kB
Active:           421472 kB
Mem:          3.8G       760M       3.1G       5.7M        55M       314M

MemTotal:        4016004 kB
MemFree:         3237608 kB
Active:           421500 kB
Mem:          3.8G       760M       3.1G       5.7M        55M       314M

MemTotal:        4016004 kB
MemFree:         3237220 kB
Active:           421524 kB
Mem:          3.8G       760M       3.1G       5.7M        55M       314M

MemTotal:        4016004 kB
MemFree:         3237344 kB
Active:           421484 kB
Mem:          3.8G       760M       3.1G       5.7M        55M       314M

MemTotal:        4016004 kB
MemFree:         3236972 kB
Active:           421524 kB
Mem:          3.8G       760M       3.1G       5.7M        55M       314M

MemTotal:        4016004 kB
MemFree:         3237204 kB
Active:           421524 kB
Mem:          3.8G       760M       3.1G       5.7M        55M       314M

MemTotal:        4016004 kB
MemFree:         3237080 kB
Active:           421532 kB
Mem:          3.8G       760M       3.1G       5.7M        55M       314M

MemTotal:        4016004 kB
MemFree:         3237064 kB
Active:           421492 kB
Mem:          3.8G       760M       3.1G       5.7M        55M       314M

MemTotal:        4016004 kB
MemFree:         3237268 kB
Active:           421500 kB
Mem:          3.8G       760M       3.1G       5.7M        55M       314M

MemTotal:        4016004 kB
MemFree:         3237392 kB
Active:           421496 kB
Mem:          3.8G       760M       3.1G       5.7M        55M       314M

MemTotal:        4016004 kB
MemFree:         3237640 kB
Active:           421496 kB
Mem:          3.8G       760M       3.1G       5.7M        55M       314M

MemTotal:        4016004 kB
MemFree:         3237392 kB
Active:           421508 kB
Mem:          3.8G       760M       3.1G       5.7M        55M       314M

MemTotal:        4016004 kB
MemFree:         3237764 kB
Active:           421496 kB
Mem:          3.8G       760M       3.1G       5.7M        55M       314M

MemTotal:        4016004 kB
MemFree:         3237640 kB
Active:           421512 kB
Mem:          3.8G       760M       3.1G       5.7M        55M       314M

MemTotal:        4016004 kB
MemFree:         3237144 kB
Active:           421552 kB
Mem:          3.8G       760M       3.1G       5.7M        55M       314M

MemTotal:        4016004 kB
MemFree:         3237540 kB
Active:           421512 kB
Mem:          3.8G       760M       3.1G       5.7M        55M       314M

MemTotal:        4016004 kB
MemFree:         3237664 kB
Active:           421528 kB
Mem:          3.8G       760M       3.1G       5.7M        55M       314M

MemTotal:        4016004 kB
MemFree:         3237664 kB
Active:           421544 kB
Mem:          3.8G       760M       3.1G       5.7M        55M       314M

MemTotal:        4016004 kB
MemFree:         3237760 kB
Active:           421508 kB
Mem:          3.8G       760M       3.1G       5.7M        55M       314M

MemTotal:        4016004 kB
MemFree:         3237512 kB
Active:           421540 kB
Mem:          3.8G       760M       3.1G       5.7M        55M       314M

MemTotal:        4016004 kB
MemFree:         3237512 kB
Active:           421544 kB
Mem:          3.8G       760M       3.1G       5.7M        55M       314M

MemTotal:        4016004 kB
MemFree:         3237884 kB
Active:           421556 kB
Mem:          3.8G       759M       3.1G       5.7M        55M       314M

MemTotal:        4016004 kB
MemFree:         3238132 kB
Active:           421516 kB
Mem:          3.8G       759M       3.1G       5.7M        55M       314M

MemTotal:        4016004 kB
MemFree:         3237884 kB
Active:           421536 kB
Mem:          3.8G       759M       3.1G       5.7M        55M       314M

MemTotal:        4016004 kB
MemFree:         3237264 kB
Active:           421560 kB
Mem:          3.8G       760M       3.1G       5.7M        55M       314M

MemTotal:        4016004 kB
MemFree:         3235340 kB
Active:           421480 kB
Mem:          3.8G       762M       3.1G       5.7M        55M       314M

MemTotal:        4016004 kB
MemFree:         3235448 kB
Active:           423576 kB
Mem:          3.8G       762M       3.1G       5.7M        55M       314M

MemTotal:        4016004 kB
MemFree:         3235076 kB
Active:           423544 kB
Mem:          3.8G       762M       3.1G       5.7M        55M       314M

MemTotal:        4016004 kB
MemFree:         3235572 kB
Active:           423584 kB
Mem:          3.8G       762M       3.1G       5.7M        55M       314M

MemTotal:        4016004 kB
MemFree:         3235244 kB
Active:           423540 kB
Mem:          3.8G       762M       3.1G       5.7M        55M       314M

MemTotal:        4016004 kB
MemFree:         3194444 kB
Active:           424120 kB
Mem:          3.8G       802M       3.0G       5.7M        55M       354M

MemTotal:        4016004 kB
MemFree:         3150436 kB
Active:           424148 kB
Mem:          3.8G       845M       3.0G       5.7M        55M       396M

MemTotal:        4016004 kB
MemFree:         3106552 kB
Active:           424172 kB
Mem:          3.8G       888M       3.0G       5.7M        55M       438M

MemTotal:        4016004 kB
MemFree:         3063428 kB
Active:           424200 kB
Mem:          3.8G       930M       2.9G       5.7M        55M       479M

MemTotal:        4016004 kB
MemFree:         3019560 kB
Active:           424220 kB
Mem:          3.8G       973M       2.9G       5.7M        55M       522M

MemTotal:        4016004 kB
MemFree:         2975428 kB
Active:           424272 kB
Mem:          3.8G       1.0G       2.8G       5.7M        55M       564M

MemTotal:        4016004 kB
MemFree:         2931932 kB
Active:           424300 kB
Mem:          3.8G       1.0G       2.8G       5.7M        55M       606M

MemTotal:        4016004 kB
MemFree:         2888048 kB
Active:           424324 kB
Mem:          3.8G       1.1G       2.8G       5.7M        55M       649M

MemTotal:        4016004 kB
MemFree:         2844220 kB
Active:           424344 kB
Mem:          3.8G       1.1G       2.7G       5.7M        55M       690M

MemTotal:        4016004 kB
MemFree:         2800292 kB
Active:           424364 kB
Mem:          3.8G       1.2G       2.7G       5.7M        55M       732M

MemTotal:        4016004 kB
MemFree:         2781036 kB
Active:           424384 kB
Mem:          3.8G       1.2G       2.7G       5.7M        55M       751M

MemTotal:        4016004 kB
MemFree:         2780448 kB
Active:           424400 kB
Mem:          3.8G       1.2G       2.7G       5.7M        55M       751M

MemTotal:        4016004 kB
MemFree:         2749728 kB
Active:           424428 kB
Mem:          3.8G       1.2G       2.6G       5.7M        55M       781M

MemTotal:        4016004 kB
MemFree:         2706248 kB
Active:           424452 kB
Mem:          3.8G       1.2G       2.6G       5.7M        55M       823M

MemTotal:        4016004 kB
MemFree:         2662124 kB
Active:           424472 kB
Mem:          3.8G       1.3G       2.5G       5.7M        55M       865M

MemTotal:        4016004 kB
MemFree:         2618720 kB
Active:           424492 kB
Mem:          3.8G       1.3G       2.5G       5.7M        55M       907M

MemTotal:        4016004 kB
MemFree:         2574232 kB
Active:           424516 kB
Mem:          3.8G       1.4G       2.5G       5.7M        55M       950M

MemTotal:        4016004 kB
MemFree:         2530116 kB
Active:           424548 kB
Mem:          3.8G       1.4G       2.4G       5.7M        55M       992M

MemTotal:        4016004 kB
MemFree:         2486868 kB
Active:           424568 kB
Mem:          3.8G       1.5G       2.4G       5.7M        55M       1.0G

MemTotal:        4016004 kB
MemFree:         2443000 kB
Active:           424588 kB
Mem:          3.8G       1.5G       2.3G       5.7M        55M       1.1G

MemTotal:        4016004 kB
MemFree:         2399312 kB
Active:           424636 kB
Mem:          3.8G       1.5G       2.3G       5.7M        55M       1.1G

MemTotal:        4016004 kB
MemFree:         2367044 kB
Active:           424660 kB
Mem:          3.8G       1.6G       2.3G       5.7M        55M       1.1G

MemTotal:        4016004 kB
MemFree:         2325044 kB
Active:           424684 kB
Mem:          3.8G       1.6G       2.2G       5.7M        55M       1.2G

MemTotal:        4016004 kB
MemFree:         2313324 kB
Active:           424648 kB
Mem:          3.8G       1.6G       2.2G       5.7M        55M       1.2G

MemTotal:        4016004 kB
MemFree:         2268960 kB
Active:           424724 kB
Mem:          3.8G       1.7G       2.2G       5.7M        55M       1.2G

MemTotal:        4016004 kB
MemFree:         2225352 kB
Active:           424748 kB
Mem:          3.8G       1.7G       2.1G       5.7M        55M       1.3G

MemTotal:        4016004 kB
MemFree:         2200168 kB
Active:           424768 kB
Mem:          3.8G       1.7G       2.1G       5.7M        55M       1.3G

MemTotal:        4016004 kB
MemFree:         2172072 kB
Active:           424784 kB
Mem:          3.8G       1.8G       2.1G       5.7M        55M       1.3G

MemTotal:        4016004 kB
MemFree:         2129272 kB
Active:           424804 kB
Mem:          3.8G       1.8G       2.0G       5.7M        55M       1.3G

MemTotal:        4016004 kB
MemFree:         2084784 kB
Active:           424824 kB
Mem:          3.8G       1.8G       2.0G       5.7M        55M       1.4G

MemTotal:        4016004 kB
MemFree:         2041784 kB
Active:           424844 kB
Mem:          3.8G       1.9G       1.9G       5.7M        55M       1.4G

MemTotal:        4016004 kB
MemFree:         1997560 kB
Active:           424868 kB
Mem:          3.8G       1.9G       1.9G       5.7M        55M       1.5G

MemTotal:        4016004 kB
MemFree:         1970820 kB
Active:           424896 kB
Mem:          3.8G       2.0G       1.9G       5.7M        55M       1.5G

MemTotal:        4016004 kB
MemFree:         1945200 kB
Active:           424912 kB
Mem:          3.8G       2.0G       1.9G       5.7M        55M       1.5G

MemTotal:        4016004 kB
MemFree:         1900836 kB
Active:           424936 kB
Mem:          3.8G       2.0G       1.8G       5.7M        55M       1.6G

MemTotal:        4016004 kB
MemFree:         1869924 kB
Active:           424964 kB
Mem:          3.8G       2.0G       1.8G       5.7M        55M       1.6G

MemTotal:        4016004 kB
MemFree:         1869380 kB
Active:           424952 kB
Mem:          3.8G       2.0G       1.8G       5.7M        55M       1.6G

MemTotal:        4016004 kB
MemFree:         1869196 kB
Active:           424972 kB
Mem:          3.8G       2.0G       1.8G       5.7M        55M       1.6G

MemTotal:        4016004 kB
MemFree:         1852164 kB
Active:           425096 kB
Mem:          3.8G       2.1G       1.8G       5.7M        55M       1.6G

MemTotal:        4016004 kB
MemFree:         1807584 kB
Active:           425012 kB
Mem:          3.8G       2.1G       1.7G       5.7M        55M       1.6G

MemTotal:        4016004 kB
MemFree:         1764336 kB
Active:           425036 kB
Mem:          3.8G       2.1G       1.7G       5.7M        55M       1.7G

MemTotal:        4016004 kB
MemFree:         1720592 kB
Active:           425056 kB
Mem:          3.8G       2.2G       1.6G       5.7M        55M       1.7G

MemTotal:        4016004 kB
MemFree:         1676956 kB
Active:           425084 kB
Mem:          3.8G       2.2G       1.6G       5.7M        55M       1.8G

MemTotal:        4016004 kB
MemFree:         1632592 kB
Active:           425104 kB
Mem:          3.8G       2.3G       1.6G       5.7M        55M       1.8G

MemTotal:        4016004 kB
MemFree:         1588940 kB
Active:           425132 kB
Mem:          3.8G       2.3G       1.5G       5.7M        55M       1.9G

MemTotal:        4016004 kB
MemFree:         1544808 kB
Active:           425156 kB
Mem:          3.8G       2.4G       1.5G       5.7M        55M       1.9G

MemTotal:        4016004 kB
MemFree:         1511124 kB
Active:           425172 kB
Mem:          3.8G       2.4G       1.4G       5.7M        56M       1.9G

MemTotal:        4016004 kB
MemFree:         1510100 kB
Active:           425156 kB
Mem:          3.8G       2.4G       1.4G       5.7M        56M       1.9G

MemTotal:        4016004 kB
MemFree:         1467040 kB
Active:           425200 kB
Mem:          3.8G       2.4G       1.4G       5.7M        56M       2.0G

MemTotal:        4016004 kB
MemFree:         1423544 kB
Active:           425228 kB
Mem:          3.8G       2.5G       1.4G       5.7M        56M       2.0G

MemTotal:        4016004 kB
MemFree:         1415008 kB
Active:           425252 kB
Mem:          3.8G       2.5G       1.3G       5.7M        56M       2.0G

MemTotal:        4016004 kB
MemFree:         1403244 kB
Active:           425268 kB
Mem:          3.8G       2.5G       1.3G       5.7M        56M       2.0G

MemTotal:        4016004 kB
MemFree:         1402720 kB
Active:           425236 kB
Mem:          3.8G       2.5G       1.3G       5.7M        56M       2.0G

MemTotal:        4016004 kB
MemFree:         1402944 kB
Active:           425232 kB
Mem:          3.8G       2.5G       1.3G       5.7M        56M       2.0G

MemTotal:        4016004 kB
MemFree:         1373528 kB
Active:           425284 kB
Mem:          3.8G       2.5G       1.3G       5.7M        56M       2.1G

MemTotal:        4016004 kB
MemFree:         1329676 kB
Active:           425308 kB
Mem:          3.8G       2.6G       1.3G       5.7M        56M       2.1G

MemTotal:        4016004 kB
MemFree:         1285420 kB
Active:           425328 kB
Mem:          3.8G       2.6G       1.2G       5.7M        56M       2.1G

MemTotal:        4016004 kB
MemFree:         1241552 kB
Active:           425356 kB
Mem:          3.8G       2.6G       1.2G       5.7M        56M       2.2G

MemTotal:        4016004 kB
MemFree:         1197172 kB
Active:           425388 kB
Mem:          3.8G       2.7G       1.1G       5.7M        56M       2.2G

MemTotal:        4016004 kB
MemFree:         1154172 kB
Active:           425408 kB
Mem:          3.8G       2.7G       1.1G       5.7M        56M       2.3G

MemTotal:        4016004 kB
MemFree:         1110304 kB
Active:           425428 kB
Mem:          3.8G       2.8G       1.1G       5.7M        56M       2.3G

MemTotal:        4016004 kB
MemFree:         1067288 kB
Active:           425448 kB
Mem:          3.8G       2.8G       1.0G       5.7M        56M       2.3G

MemTotal:        4016004 kB
MemFree:         1022860 kB
Active:           425480 kB
Mem:          3.8G       2.9G       998M       5.7M        56M       2.4G

MemTotal:        4016004 kB
MemFree:          979492 kB
Active:           425504 kB
Mem:          3.8G       2.9G       956M       5.7M        56M       2.4G

MemTotal:        4016004 kB
MemFree:          935064 kB
Active:           425528 kB
Mem:          3.8G       2.9G       912M       5.7M        56M       2.5G

MemTotal:        4016004 kB
MemFree:          892608 kB
Active:           425648 kB
Mem:          3.8G       3.0G       870M       5.7M        56M       2.5G

MemTotal:        4016004 kB
MemFree:          868996 kB
Active:           425696 kB
Mem:          3.8G       3.0G       848M       5.7M        56M       2.5G

MemTotal:        4016004 kB
MemFree:          868440 kB
Active:           425688 kB
Mem:          3.8G       3.0G       848M       5.7M        56M       2.5G

MemTotal:        4016004 kB
MemFree:          826808 kB
Active:           425728 kB
Mem:          3.8G       3.0G       807M       5.7M        56M       2.6G

MemTotal:        4016004 kB
MemFree:          782908 kB
Active:           425748 kB
Mem:          3.8G       3.1G       764M       5.7M        56M       2.6G

MemTotal:        4016004 kB
MemFree:          739164 kB
Active:           425772 kB
Mem:          3.8G       3.1G       721M       5.7M        56M       2.7G

MemTotal:        4016004 kB
MemFree:          695100 kB
Active:           425792 kB
Mem:          3.8G       3.2G       678M       5.7M        56M       2.7G

MemTotal:        4016004 kB
MemFree:          674468 kB
Active:           425816 kB
Mem:          3.8G       3.2G       658M       5.7M        56M       2.7G

MemTotal:        4016004 kB
MemFree:          673944 kB
Active:           425828 kB
Mem:          3.8G       3.2G       658M       5.7M        56M       2.7G

MemTotal:        4016004 kB
MemFree:          657916 kB
Active:           425800 kB
Mem:          3.8G       3.2G       642M       5.7M        56M       2.7G

MemTotal:        4016004 kB
MemFree:          614388 kB
Active:           425928 kB
Mem:          3.8G       3.2G       598M       5.7M        56M       2.8G

MemTotal:        4016004 kB
MemFree:          570340 kB
Active:           425948 kB
Mem:          3.8G       3.3G       556M       5.7M        56M       2.8G

MemTotal:        4016004 kB
MemFree:          526596 kB
Active:           425968 kB
Mem:          3.8G       3.3G       513M       5.7M        56M       2.8G

MemTotal:        4016004 kB
MemFree:          483100 kB
Active:           425844 kB
Mem:          3.8G       3.4G       471M       5.7M        56M       2.9G

MemTotal:        4016004 kB
MemFree:          439264 kB
Active:           425852 kB
Mem:          3.8G       3.4G       428M       5.7M        56M       2.9G

MemTotal:        4016004 kB
MemFree:          395272 kB
Active:           425872 kB
Mem:          3.8G       3.5G       385M       5.7M        56M       3.0G

MemTotal:        4016004 kB
MemFree:          352116 kB
Active:           425892 kB
Mem:          3.8G       3.5G       343M       5.7M        56M       3.0G

MemTotal:        4016004 kB
MemFree:          307688 kB
Active:           425916 kB
Mem:          3.8G       3.5G       300M       5.7M        56M       3.1G

MemTotal:        4016004 kB
MemFree:          263728 kB
Active:           425944 kB
Mem:          3.8G       3.6G       257M       5.7M        56M       3.1G

MemTotal:        4016004 kB
MemFree:          220124 kB
Active:           425968 kB
Mem:          3.8G       3.6G       214M       5.7M        56M       3.1G

MemTotal:        4016004 kB
MemFree:          175932 kB
Active:           426004 kB
Mem:          3.8G       3.7G       171M       5.7M        56M       3.2G

MemTotal:        4016004 kB
MemFree:          155204 kB
Active:           426024 kB
Mem:          3.8G       3.7G       151M       5.7M        56M       3.2G

MemTotal:        4016004 kB
MemFree:          118728 kB
Active:           426044 kB
Mem:          3.8G       3.7G       115M       5.7M        56M       3.2G

MemTotal:        4016004 kB
MemFree:          115528 kB
Active:           426056 kB
Mem:          3.8G       3.7G       112M       5.7M        56M       3.2G

MemTotal:        4016004 kB
MemFree:          115408 kB
Active:           426016 kB
Mem:          3.8G       3.7G       112M       5.7M        56M       3.2G

MemTotal:        4016004 kB
MemFree:          106952 kB
Active:           426008 kB
Mem:          3.8G       3.7G       103M       5.7M        56M       3.2G

MemTotal:        4016004 kB
MemFree:          132088 kB
Active:           434600 kB
Mem:          3.8G       3.7G       128M       5.7M        22M       3.3G

MemTotal:        4016004 kB
MemFree:          108588 kB
Active:           437920 kB
Mem:          3.8G       3.7G       105M       5.7M        21M       3.3G

MemTotal:        4016004 kB
MemFree:          118768 kB
Active:           479252 kB
Mem:          3.8G       3.7G       115M       5.7M        21M       3.3G

MemTotal:        4016004 kB
MemFree:          120780 kB
Active:           478732 kB
Mem:          3.8G       3.7G       116M       5.7M        21M       3.3G

MemTotal:        4016004 kB
MemFree:          136412 kB
Active:           470244 kB
Mem:          3.8G       3.7G       132M       5.7M        21M       3.2G

MemTotal:        4016004 kB
MemFree:          128984 kB
Active:           462812 kB
Mem:          3.8G       3.7G       125M       5.7M        21M       3.3G

MemTotal:        4016004 kB
MemFree:          132692 kB
Active:           455236 kB
Mem:          3.8G       3.7G       129M       5.7M        21M       3.3G

MemTotal:        4016004 kB
MemFree:          122760 kB
Active:           455124 kB
Mem:          3.8G       3.7G       119M       5.7M        21M       3.3G

MemTotal:        4016004 kB
MemFree:          132804 kB
Active:           449144 kB
Mem:          3.8G       3.7G       129M       5.7M        21M       3.3G

MemTotal:        4016004 kB
MemFree:          134532 kB
Active:           445708 kB
Mem:          3.8G       3.7G       131M       5.7M        21M       3.3G

MemTotal:        4016004 kB
MemFree:          128364 kB
Active:           442280 kB
Mem:          3.8G       3.7G       124M       5.7M        21M       3.3G

MemTotal:        4016004 kB
MemFree:          128272 kB
Active:           438588 kB
Mem:          3.8G       3.7G       125M       5.7M        21M       3.3G

MemTotal:        4016004 kB
MemFree:          115888 kB
Active:           438336 kB
Mem:          3.8G       3.7G       112M       5.7M        21M       3.3G

MemTotal:        4016004 kB
MemFree:          127432 kB
Active:           436444 kB
Mem:          3.8G       3.7G       123M       5.7M        21M       3.3G

MemTotal:        4016004 kB
MemFree:          127284 kB
Active:           436432 kB
Mem:          3.8G       3.7G       124M       5.7M        21M       3.3G

MemTotal:        4016004 kB
MemFree:          121708 kB
Active:           436484 kB
Mem:          3.8G       3.7G       118M       5.7M        21M       3.3G

MemTotal:        4016004 kB
MemFree:          111900 kB
Active:           434128 kB
Mem:          3.8G       3.7G       108M       5.7M        22M       3.3G

MemTotal:        4016004 kB
MemFree:          126908 kB
Active:           430288 kB
Mem:          3.8G       3.7G       123M       5.7M        22M       3.3G

MemTotal:        4016004 kB
MemFree:          117856 kB
Active:           429528 kB
Mem:          3.8G       3.7G       114M       5.7M        22M       3.3G

MemTotal:        4016004 kB
MemFree:          108992 kB
Active:           428500 kB
Mem:          3.8G       3.7G       105M       5.7M        22M       3.3G

MemTotal:        4016004 kB
MemFree:          117568 kB
Active:           426708 kB
Mem:          3.8G       3.7G       114M       5.7M        23M       3.3G

MemTotal:        4016004 kB
MemFree:          107824 kB
Active:           425688 kB
Mem:          3.8G       3.7G       105M       5.7M        23M       3.3G

MemTotal:        4016004 kB
MemFree:          135996 kB
Active:           421752 kB
Mem:          3.8G       3.7G       132M       5.7M        23M       3.2G

MemTotal:        4016004 kB
MemFree:          130336 kB
Active:           425232 kB
Mem:          3.8G       3.7G       126M       5.7M        27M       3.2G

MemTotal:        4016004 kB
MemFree:          137588 kB
Active:           422960 kB
Mem:          3.8G       3.7G       133M       5.7M        27M       3.2G

MemTotal:        4016004 kB
MemFree:          116060 kB
Active:           422832 kB
Mem:          3.8G       3.7G       113M       5.7M        27M       3.3G

MemTotal:        4016004 kB
MemFree:          121480 kB
Active:           421820 kB
Mem:          3.8G       3.7G       118M       5.7M        27M       3.3G

MemTotal:        4016004 kB
MemFree:          105320 kB
Active:           420672 kB
Mem:          3.8G       3.7G       102M       5.7M        27M       3.3G

MemTotal:        4016004 kB
MemFree:          105844 kB
Active:           420672 kB
Mem:          3.8G       3.7G       103M       5.7M        27M       3.3G

MemTotal:        4016004 kB
MemFree:          105784 kB
Active:           420644 kB
Mem:          3.8G       3.7G       103M       5.7M        27M       3.3G

MemTotal:        4016004 kB
MemFree:          106132 kB
Active:           420684 kB
Mem:          3.8G       3.7G       103M       5.7M        27M       3.3G

MemTotal:        4016004 kB
MemFree:          104964 kB
Active:           419544 kB
Mem:          3.8G       3.7G       102M       5.7M        27M       3.3G

MemTotal:        4016004 kB
MemFree:          126308 kB
Active:           417500 kB
Mem:          3.8G       3.7G       123M       5.7M        27M       3.3G

MemTotal:        4016004 kB
MemFree:          105240 kB
Active:           416732 kB
Mem:          3.8G       3.7G       102M       5.7M        27M       3.3G

MemTotal:        4016004 kB
MemFree:          125804 kB
Active:           414856 kB
Mem:          3.8G       3.7G       121M       5.7M        27M       3.3G

MemTotal:        4016004 kB
MemFree:          127776 kB
Active:           413576 kB
Mem:          3.8G       3.7G       124M       5.7M        27M       3.3G

MemTotal:        4016004 kB
MemFree:          124108 kB
Active:           410092 kB
Mem:          3.8G       3.7G       121M       5.7M        27M       3.3G

MemTotal:        4016004 kB
MemFree:          132900 kB
Active:           407916 kB
Mem:          3.8G       3.7G       129M       5.7M        27M       3.2G

MemTotal:        4016004 kB
MemFree:          133808 kB
Active:           405996 kB
Mem:          3.8G       3.7G       130M       5.7M        27M       3.2G

MemTotal:        4016004 kB
MemFree:          133468 kB
Active:           405460 kB
Mem:          3.8G       3.7G       129M       5.7M        27M       3.2G

MemTotal:        4016004 kB
MemFree:          128240 kB
Active:           403960 kB
Mem:          3.8G       3.7G       125M       5.7M        27M       3.3G

MemTotal:        4016004 kB
MemFree:          117584 kB
Active:           403960 kB
Mem:          3.8G       3.7G       114M       5.7M        27M       3.3G

MemTotal:        4016004 kB
MemFree:          117760 kB
Active:           402180 kB
Mem:          3.8G       3.7G       115M       5.7M        27M       3.3G

MemTotal:        4016004 kB
MemFree:          133852 kB
Active:           400132 kB
Mem:          3.8G       3.7G       130M       5.7M        27M       3.2G

MemTotal:        4016004 kB
MemFree:          130892 kB
Active:           400156 kB
Mem:          3.8G       3.7G       127M       5.7M        27M       3.2G

MemTotal:        4016004 kB
MemFree:          130516 kB
Active:           400148 kB
Mem:          3.8G       3.7G       127M       5.7M        27M       3.2G

MemTotal:        4016004 kB
MemFree:          130644 kB
Active:           400156 kB
Mem:          3.8G       3.7G       127M       5.7M        27M       3.2G

MemTotal:        4016004 kB
MemFree:          105168 kB
Active:           400160 kB
Mem:          3.8G       3.7G       102M       5.7M        27M       3.3G

MemTotal:        4016004 kB
MemFree:          125132 kB
Active:           397736 kB
Mem:          3.8G       3.7G       122M       5.7M        27M       3.3G

MemTotal:        4016004 kB
MemFree:          115936 kB
Active:           396712 kB
Mem:          3.8G       3.7G       113M       5.7M        27M       3.3G

MemTotal:        4016004 kB
MemFree:          106336 kB
Active:           395440 kB
Mem:          3.8G       3.7G       103M       5.7M        27M       3.3G

MemTotal:        4016004 kB
MemFree:          110456 kB
Active:           393648 kB
Mem:          3.8G       3.7G       107M       5.7M        27M       3.3G

MemTotal:        4016004 kB
MemFree:          125992 kB
Active:           392000 kB
Mem:          3.8G       3.7G       122M       5.7M        27M       3.3G

MemTotal:        4016004 kB
MemFree:          123592 kB
Active:           390336 kB
Mem:          3.8G       3.7G       119M       5.7M        27M       3.3G

MemTotal:        4016004 kB
MemFree:          113324 kB
Active:           388536 kB
Mem:          3.8G       3.7G       110M       5.7M        27M       3.3G

MemTotal:        4016004 kB
MemFree:          125708 kB
Active:           387396 kB
Mem:          3.8G       3.7G       122M       5.7M        27M       3.3G

MemTotal:        4016004 kB
MemFree:          139900 kB
Active:           385872 kB
Mem:          3.8G       3.7G       136M       5.7M        27M       3.2G

MemTotal:        4016004 kB
MemFree:          131512 kB
Active:           384720 kB
Mem:          3.8G       3.7G       128M       5.7M        27M       3.2G

MemTotal:        4016004 kB
MemFree:          121860 kB
Active:           383572 kB
Mem:          3.8G       3.7G       118M       5.7M        27M       3.3G

MemTotal:        4016004 kB
MemFree:          130272 kB
Active:           381524 kB
Mem:          3.8G       3.7G       126M       5.7M        27M       3.2G

MemTotal:        4016004 kB
MemFree:          121812 kB
Active:           378212 kB
Mem:          3.8G       3.7G       117M       5.7M        27M       3.3G

MemTotal:        4016004 kB
MemFree:          110520 kB
Active:           377060 kB
Mem:          3.8G       3.7G       107M       5.7M        27M       3.3G

MemTotal:        4016004 kB
MemFree:          119228 kB
Active:           371496 kB
Mem:          3.8G       3.7G       116M       5.7M        27M       3.3G

MemTotal:        4016004 kB
MemFree:          109736 kB
Active:           371496 kB
Mem:          3.8G       3.7G       106M       5.7M        27M       3.3G

MemTotal:        4016004 kB
MemFree:          111120 kB
Active:           368596 kB
Mem:          3.8G       3.7G       108M       5.7M        27M       3.3G

MemTotal:        4016004 kB
MemFree:          117768 kB
Active:           368604 kB
Mem:          3.8G       3.7G       114M       5.7M        27M       3.3G

MemTotal:        4016004 kB
MemFree:          115516 kB
Active:           368604 kB
Mem:          3.8G       3.7G       112M       5.7M        27M       3.3G

MemTotal:        4016004 kB
MemFree:          135692 kB
Active:           368576 kB
Mem:          3.8G       3.7G       132M       5.7M        27M       3.2G

MemTotal:        4016004 kB
MemFree:          106696 kB
Active:           368580 kB
Mem:          3.8G       3.7G       103M       5.7M        27M       3.3G

MemTotal:        4016004 kB
MemFree:          133072 kB
Active:           368584 kB
Mem:          3.8G       3.7G       129M       5.7M        27M       3.2G

MemTotal:        4016004 kB
MemFree:          137496 kB
Active:           368580 kB
Mem:          3.8G       3.7G       134M       5.7M        27M       3.2G

MemTotal:        4016004 kB
MemFree:          152036 kB
Active:           368624 kB
Mem:          3.8G       3.7G       148M       5.7M        27M       3.2G

MemTotal:        4016004 kB
MemFree:          105940 kB
Active:           368616 kB
Mem:          3.8G       3.7G       103M       5.7M        27M       3.3G

MemTotal:        4016004 kB
MemFree:          109932 kB
Active:           368512 kB
Mem:          3.8G       3.7G       106M       5.7M        27M       3.3G

MemTotal:        4016004 kB
MemFree:          125072 kB
Active:           368512 kB
Mem:          3.8G       3.7G       122M       5.7M        27M       3.3G

MemTotal:        4016004 kB
MemFree:          119964 kB
Active:           368524 kB
Mem:          3.8G       3.7G       117M       5.7M        27M       3.3G

MemTotal:        4016004 kB
MemFree:          111720 kB
Active:           368524 kB
Mem:          3.8G       3.7G       109M       5.7M        27M       3.3G

MemTotal:        4016004 kB
MemFree:          119512 kB
Active:           368548 kB
Mem:          3.8G       3.7G       116M       5.7M        27M       3.3G

MemTotal:        4016004 kB
MemFree:          110800 kB
Active:           368548 kB
Mem:          3.8G       3.7G       108M       5.7M        27M       3.3G

MemTotal:        4016004 kB
MemFree:          125824 kB
Active:           368552 kB
Mem:          3.8G       3.7G       122M       5.7M        27M       3.3G

MemTotal:        4016004 kB
MemFree:          107852 kB
Active:           365760 kB
Mem:          3.8G       3.7G       105M       5.7M        27M       3.3G

MemTotal:        4016004 kB
MemFree:          129292 kB
Active:           365656 kB
Mem:          3.8G       3.7G       125M       5.7M        27M       3.2G

MemTotal:        4016004 kB
MemFree:          107768 kB
Active:           365640 kB
Mem:          3.8G       3.7G       105M       5.7M        27M       3.3G

MemTotal:        4016004 kB
MemFree:          134268 kB
Active:           365612 kB
Mem:          3.8G       3.7G       131M       5.7M        27M       3.2G

MemTotal:        4016004 kB
MemFree:          138384 kB
Active:           365620 kB
Mem:          3.8G       3.7G       134M       5.7M        27M       3.2G

MemTotal:        4016004 kB
MemFree:          152744 kB
Active:           365620 kB
Mem:          3.8G       3.7G       149M       5.7M        27M       3.2G

MemTotal:        4016004 kB
MemFree:          107268 kB
Active:           365632 kB
Mem:          3.8G       3.7G       104M       5.7M        27M       3.3G

MemTotal:        4016004 kB
MemFree:          113840 kB
Active:           365636 kB
Mem:          3.8G       3.7G       110M       5.7M        27M       3.3G

MemTotal:        4016004 kB
MemFree:          128364 kB
Active:           365632 kB
Mem:          3.8G       3.7G       125M       5.7M        27M       3.2G

MemTotal:        4016004 kB
MemFree:          122476 kB
Active:           365632 kB
Mem:          3.8G       3.7G       119M       5.7M        27M       3.3G

MemTotal:        4016004 kB
MemFree:          125916 kB
Active:           365636 kB
Mem:          3.8G       3.7G       122M       5.7M        27M       3.2G

MemTotal:        4016004 kB
MemFree:          121908 kB
Active:           365680 kB
Mem:          3.8G       3.7G       118M       5.7M        27M       3.3G

MemTotal:        4016004 kB
MemFree:          126424 kB
Active:           365692 kB
Mem:          3.8G       3.7G       123M       5.7M        27M       3.2G

MemTotal:        4016004 kB
MemFree:          122052 kB
Active:           365672 kB
Mem:          3.8G       3.7G       119M       5.7M        27M       3.3G

MemTotal:        4016004 kB
MemFree:          112680 kB
Active:           366260 kB
Mem:          3.8G       3.7G       109M       5.7M        27M       3.3G

MemTotal:        4016004 kB
MemFree:          126960 kB
Active:           366244 kB
Mem:          3.8G       3.7G       123M       5.7M        27M       3.2G

MemTotal:        4016004 kB
MemFree:          122952 kB
Active:           366252 kB
Mem:          3.8G       3.7G       119M       5.7M        27M       3.3G

MemTotal:        4016004 kB
MemFree:          123764 kB
Active:           366252 kB
Mem:          3.8G       3.7G       120M       5.7M        27M       3.3G

MemTotal:        4016004 kB
MemFree:          125660 kB
Active:           366284 kB
Mem:          3.8G       3.7G       122M       5.7M        27M       3.2G

MemTotal:        4016004 kB
MemFree:          108972 kB
Active:           366264 kB
Mem:          3.8G       3.7G       106M       5.7M        27M       3.3G

MemTotal:        4016004 kB
MemFree:          114000 kB
Active:           366264 kB
Mem:          3.8G       3.7G       111M       5.7M        27M       3.3G

MemTotal:        4016004 kB
MemFree:          134424 kB
Active:           365248 kB
Mem:          3.8G       3.7G       130M       5.7M        27M       3.2G

MemTotal:        4016004 kB
MemFree:          125184 kB
Active:           365184 kB
Mem:          3.8G       3.7G       122M       5.7M        27M       3.2G

MemTotal:        4016004 kB
MemFree:          120896 kB
Active:           365164 kB
Mem:          3.8G       3.7G       117M       5.7M        27M       3.3G

MemTotal:        4016004 kB
MemFree:          108592 kB
Active:           366308 kB
Mem:          3.8G       3.7G       105M       5.7M        27M       3.3G

MemTotal:        4016004 kB
MemFree:          134832 kB
Active:           366356 kB
Mem:          3.8G       3.7G       131M       5.7M        27M       3.2G

MemTotal:        4016004 kB
MemFree:          106236 kB
Active:           366304 kB
Mem:          3.8G       3.7G       103M       5.7M        27M       3.3G

MemTotal:        4016004 kB
MemFree:          132672 kB
Active:           366312 kB
Mem:          3.8G       3.7G       129M       5.7M        27M       3.2G

MemTotal:        4016004 kB
MemFree:          127040 kB
Active:           361856 kB
Mem:          3.8G       3.7G       123M       5.7M        27M       3.2G

MemTotal:        4016004 kB
MemFree:          117904 kB
Active:           363800 kB
Mem:          3.8G       3.7G       115M       5.7M        27M       3.3G

MemTotal:        4016004 kB
MemFree:          131784 kB
Active:           363820 kB
Mem:          3.8G       3.7G       128M       5.7M        27M       3.2G

MemTotal:        4016004 kB
MemFree:          128960 kB
Active:           363832 kB
Mem:          3.8G       3.7G       125M       5.7M        27M       3.2G

MemTotal:        4016004 kB
MemFree:          117416 kB
Active:           363788 kB
Mem:          3.8G       3.7G       113M       5.7M        27M       3.3G

MemTotal:        4016004 kB
MemFree:          105848 kB
Active:           363848 kB
Mem:          3.8G       3.7G       103M       5.7M        27M       3.3G

MemTotal:        4016004 kB
MemFree:          131684 kB
Active:           363848 kB
Mem:          3.8G       3.7G       128M       5.7M        27M       3.2G

MemTotal:        4016004 kB
MemFree:          128160 kB
Active:           363848 kB
Mem:          3.8G       3.7G       124M       5.7M        27M       3.2G

MemTotal:        4016004 kB
MemFree:          117956 kB
Active:           363856 kB
Mem:          3.8G       3.7G       115M       5.7M        27M       3.3G

MemTotal:        4016004 kB
MemFree:          107832 kB
Active:           363856 kB
Mem:          3.8G       3.7G       105M       5.7M        27M       3.3G

MemTotal:        4016004 kB
MemFree:          110984 kB
Active:           363852 kB
Mem:          3.8G       3.7G       108M       5.7M        27M       3.3G

MemTotal:        4016004 kB
MemFree:          126500 kB
Active:           363452 kB
Mem:          3.8G       3.7G       123M       5.7M        27M       3.2G

MemTotal:        4016004 kB
MemFree:          117584 kB
Active:           363484 kB
Mem:          3.8G       3.7G       114M       5.7M        27M       3.3G

MemTotal:        4016004 kB
MemFree:          132476 kB
Active:           363512 kB
Mem:          3.8G       3.7G       128M       5.7M        27M       3.2G

MemTotal:        4016004 kB
MemFree:          145328 kB
Active:           363516 kB
Mem:          3.8G       3.7G       141M       5.7M        27M       3.2G

MemTotal:        4016004 kB
MemFree:          142680 kB
Active:           363512 kB
Mem:          3.8G       3.7G       139M       5.7M        27M       3.2G

MemTotal:        4016004 kB
MemFree:          121968 kB
Active:           363520 kB
Mem:          3.8G       3.7G       118M       5.7M        27M       3.3G

MemTotal:        4016004 kB
MemFree:          112140 kB
Active:           363536 kB
Mem:          3.8G       3.7G       108M       5.7M        27M       3.3G

MemTotal:        4016004 kB
MemFree:          127260 kB
Active:           363548 kB
Mem:          3.8G       3.7G       123M       5.7M        27M       3.2G

MemTotal:        4016004 kB
MemFree:          105124 kB
Active:           363508 kB
Mem:          3.8G       3.7G       105M       5.7M        27M       3.3G

MemTotal:        4016004 kB
MemFree:          127240 kB
Active:           358848 kB
Mem:          3.8G       3.7G       123M       5.7M        27M       3.2G

MemTotal:        4016004 kB
MemFree:          126284 kB
Active:           358848 kB
Mem:          3.8G       3.7G       122M       5.7M        27M       3.2G

MemTotal:        4016004 kB
MemFree:          104888 kB
Active:           358856 kB
Mem:          3.8G       3.7G       107M       5.7M        27M       3.3G

MemTotal:        4016004 kB
MemFree:          125416 kB
Active:           358856 kB
Mem:          3.8G       3.7G       122M       5.7M        27M       3.2G

MemTotal:        4016004 kB
MemFree:          109488 kB
Active:           358856 kB
Mem:          3.8G       3.7G       106M       5.7M        27M       3.3G

MemTotal:        4016004 kB
MemFree:          122996 kB
Active:           360912 kB
Mem:          3.8G       3.7G       119M       5.7M        27M       3.2G

MemTotal:        4016004 kB
MemFree:          131136 kB
Active:           360272 kB
Mem:          3.8G       3.7G       127M       5.7M        27M       3.2G

MemTotal:        4016004 kB
MemFree:          104756 kB
Active:           360128 kB
Mem:          3.8G       3.7G       103M       5.7M        27M       3.3G

MemTotal:        4016004 kB
MemFree:          106836 kB
Active:           359892 kB
Mem:          3.8G       3.7G       104M       5.7M        27M       3.3G

MemTotal:        4016004 kB
MemFree:          113004 kB
Active:           357928 kB
Mem:          3.8G       3.7G       109M       5.7M        27M       3.3G

MemTotal:        4016004 kB
MemFree:          127368 kB
Active:           357932 kB
Mem:          3.8G       3.7G       124M       5.7M        27M       3.2G

MemTotal:        4016004 kB
MemFree:          123164 kB
Active:           357932 kB
Mem:          3.8G       3.7G       120M       5.7M        27M       3.2G

MemTotal:        4016004 kB
MemFree:          123952 kB
Active:           357940 kB
Mem:          3.8G       3.7G       120M       5.7M        27M       3.2G

MemTotal:        4016004 kB
MemFree:          108000 kB
Active:           357940 kB
Mem:          3.8G       3.7G       105M       5.7M        27M       3.3G

MemTotal:        4016004 kB
MemFree:          128652 kB
Active:           357944 kB
Mem:          3.8G       3.7G       124M       5.7M        27M       3.2G

MemTotal:        4016004 kB
MemFree:          147792 kB
Active:           357912 kB
Mem:          3.8G       3.7G       144M       5.7M        27M       3.2G

MemTotal:        4016004 kB
MemFree:          126196 kB
Active:           357904 kB
Mem:          3.8G       3.7G       122M       5.7M        27M       3.2G

MemTotal:        4016004 kB
MemFree:          104760 kB
Active:           357856 kB
Mem:          3.8G       3.7G       112M       5.7M        27M       3.3G

MemTotal:        4016004 kB
MemFree:          131356 kB
Active:           356376 kB
Mem:          3.8G       3.7G       128M       5.7M        27M       3.2G

MemTotal:        4016004 kB
MemFree:          106536 kB
Active:           356196 kB
Mem:          3.8G       3.7G       103M       5.7M        27M       3.3G

MemTotal:        4016004 kB
MemFree:          113368 kB
Active:           356228 kB
Mem:          3.8G       3.7G       110M       5.7M        27M       3.3G

MemTotal:        4016004 kB
MemFree:          127684 kB
Active:           356228 kB
Mem:          3.8G       3.7G       124M       5.7M        27M       3.2G

MemTotal:        4016004 kB
MemFree:          123184 kB
Active:           356232 kB
Mem:          3.8G       3.7G       120M       5.7M        27M       3.2G

MemTotal:        4016004 kB
MemFree:          124644 kB
Active:           356240 kB
Mem:          3.8G       3.7G       121M       5.7M        27M       3.2G

MemTotal:        4016004 kB
MemFree:          108172 kB
Active:           356244 kB
Mem:          3.8G       3.7G       105M       5.7M        27M       3.3G

MemTotal:        4016004 kB
MemFree:          131612 kB
Active:           356252 kB
Mem:          3.8G       3.7G       128M       5.7M        27M       3.2G

MemTotal:        4016004 kB
MemFree:          127348 kB
Active:           357920 kB
Mem:          3.8G       3.7G       124M       5.7M        27M       3.2G

MemTotal:        4016004 kB
MemFree:          117304 kB
Active:           357928 kB
Mem:          3.8G       3.7G       114M       5.7M        27M       3.2G

MemTotal:        4016004 kB
MemFree:          121704 kB
Active:           356768 kB
Mem:          3.8G       3.7G       118M       5.7M        27M       3.2G

MemTotal:        4016004 kB
MemFree:          110852 kB
Active:           356660 kB
Mem:          3.8G       3.7G       108M       5.7M        27M       3.3G

MemTotal:        4016004 kB
MemFree:          128000 kB
Active:           356660 kB
Mem:          3.8G       3.7G       124M       5.7M        28M       3.2G

MemTotal:        4016004 kB
MemFree:          127812 kB
Active:           356648 kB
Mem:          3.8G       3.7G       124M       5.7M        28M       3.2G

MemTotal:        4016004 kB
MemFree:          113016 kB
Active:           356656 kB
Mem:          3.8G       3.7G       109M       5.7M        28M       3.3G

MemTotal:        4016004 kB
MemFree:          126676 kB
Active:           356704 kB
Mem:          3.8G       3.7G       123M       5.7M        28M       3.2G

MemTotal:        4016004 kB
MemFree:          118620 kB
Active:           356704 kB
Mem:          3.8G       3.7G       115M       5.7M        28M       3.2G

MemTotal:        4016004 kB
MemFree:          109224 kB
Active:           356704 kB
Mem:          3.8G       3.7G       106M       5.7M        28M       3.3G

MemTotal:        4016004 kB
MemFree:          110164 kB
Active:           356704 kB
Mem:          3.8G       3.7G       107M       5.7M        28M       3.3G

MemTotal:        4016004 kB
MemFree:          130076 kB
Active:           356704 kB
Mem:          3.8G       3.7G       126M       5.7M        28M       3.2G

MemTotal:        4016004 kB
MemFree:          137272 kB
Active:           356708 kB
Mem:          3.8G       3.7G       133M       5.7M        28M       3.2G

MemTotal:        4016004 kB
MemFree:          126860 kB
Active:           356708 kB
Mem:          3.8G       3.7G       123M       5.7M        28M       3.2G

MemTotal:        4016004 kB
MemFree:          106524 kB
Active:           356712 kB
Mem:          3.8G       3.7G       114M       5.7M        28M       3.2G

MemTotal:        4016004 kB
MemFree:          121932 kB
Active:           354812 kB
Mem:          3.8G       3.7G       119M       5.7M        28M       3.2G

MemTotal:        4016004 kB
MemFree:          117016 kB
Active:           354644 kB
Mem:          3.8G       3.7G       114M       5.7M        28M       3.2G

MemTotal:        4016004 kB
MemFree:          132416 kB
Active:           354704 kB
Mem:          3.8G       3.7G       129M       5.7M        28M       3.2G

MemTotal:        4016004 kB
MemFree:          128036 kB
Active:           354716 kB
Mem:          3.8G       3.7G       124M       5.7M        28M       3.2G

MemTotal:        4016004 kB
MemFree:          112384 kB
Active:           354732 kB
Mem:          3.8G       3.7G       109M       5.7M        28M       3.3G

MemTotal:        4016004 kB
MemFree:          126852 kB
Active:           354688 kB
Mem:          3.8G       3.7G       123M       5.7M        28M       3.2G

MemTotal:        4016004 kB
MemFree:          113180 kB
Active:           354692 kB
Mem:          3.8G       3.7G       109M       5.7M        28M       3.3G

MemTotal:        4016004 kB
MemFree:          127644 kB
Active:           354728 kB
Mem:          3.8G       3.7G       124M       5.7M        28M       3.2G

MemTotal:        4016004 kB
MemFree:          123456 kB
Active:           354708 kB
Mem:          3.8G       3.7G       120M       5.7M        28M       3.2G

MemTotal:        4016004 kB
MemFree:          125900 kB
Active:           354720 kB
Mem:          3.8G       3.7G       122M       5.7M        28M       3.2G

MemTotal:        4016004 kB
MemFree:          123336 kB
Active:           354720 kB
Mem:          3.8G       3.7G       119M       5.7M        28M       3.2G

MemTotal:        4016004 kB
MemFree:          116536 kB
Active:           354724 kB
Mem:          3.8G       3.7G       113M       5.7M        28M       3.2G

MemTotal:        4016004 kB
MemFree:          105644 kB
Active:           354748 kB
Mem:          3.8G       3.7G       102M       5.7M        28M       3.3G

MemTotal:        4016004 kB
MemFree:          129108 kB
Active:           352232 kB
Mem:          3.8G       3.7G       125M       5.7M        28M       3.2G

MemTotal:        4016004 kB
MemFree:          121212 kB
Active:           352176 kB
Mem:          3.8G       3.7G       118M       5.7M        28M       3.2G

MemTotal:        4016004 kB
MemFree:          110852 kB
Active:           352192 kB
Mem:          3.8G       3.7G       107M       5.7M        28M       3.3G

MemTotal:        4016004 kB
MemFree:          124592 kB
Active:           352224 kB
Mem:          3.8G       3.7G       121M       5.7M        28M       3.2G

MemTotal:        4016004 kB
MemFree:          141872 kB
Active:           352232 kB
Mem:          3.8G       3.7G       138M       5.7M        28M       3.2G

MemTotal:        4016004 kB
MemFree:          132452 kB
Active:           352240 kB
Mem:          3.8G       3.7G       128M       5.7M        28M       3.2G

MemTotal:        4016004 kB
MemFree:          136476 kB
Active:           352248 kB
Mem:          3.8G       3.7G       132M       5.7M        28M       3.2G

MemTotal:        4016004 kB
MemFree:          127264 kB
Active:           352252 kB
Mem:          3.8G       3.7G       124M       5.7M        28M       3.2G

MemTotal:        4016004 kB
MemFree:          117596 kB
Active:           352216 kB
Mem:          3.8G       3.7G       114M       5.7M        28M       3.2G

MemTotal:        4016004 kB
MemFree:          125756 kB
Active:           352268 kB
Mem:          3.8G       3.7G       122M       5.7M        28M       3.2G

MemTotal:        4016004 kB
MemFree:          116980 kB
Active:           352272 kB
Mem:          3.8G       3.7G       113M       5.7M        28M       3.2G

MemTotal:        4016004 kB
MemFree:          106732 kB
Active:           352272 kB
Mem:          3.8G       3.7G       104M       5.7M        28M       3.3G

MemTotal:        4016004 kB
MemFree:          110168 kB
Active:           352272 kB
Mem:          3.8G       3.7G       107M       5.7M        28M       3.3G

MemTotal:        4016004 kB
MemFree:          145848 kB
Active:           352272 kB
Mem:          3.8G       3.7G       141M       5.7M        28M       3.2G

MemTotal:        4016004 kB
MemFree:          141416 kB
Active:           352276 kB
Mem:          3.8G       3.7G       137M       5.7M        28M       3.2G

MemTotal:        4016004 kB
MemFree:          114916 kB
Active:           352248 kB
Mem:          3.8G       3.7G       111M       5.7M        28M       3.2G

MemTotal:        4016004 kB
MemFree:          129876 kB
Active:           352308 kB
Mem:          3.8G       3.7G       126M       5.7M        28M       3.2G

MemTotal:        4016004 kB
MemFree:          138332 kB
Active:           352308 kB
Mem:          3.8G       3.7G       134M       5.7M        28M       3.2G

MemTotal:        4016004 kB
MemFree:          117344 kB
Active:           352176 kB
Mem:          3.8G       3.7G       114M       5.7M        28M       3.2G

MemTotal:        4016004 kB
MemFree:          120208 kB
Active:           352188 kB
Mem:          3.8G       3.7G       116M       5.7M        28M       3.2G

MemTotal:        4016004 kB
MemFree:          134604 kB
Active:           352192 kB
Mem:          3.8G       3.7G       130M       5.7M        28M       3.2G

MemTotal:        4016004 kB
MemFree:          155092 kB
Active:           352192 kB
Mem:          3.8G       3.7G       150M       5.7M        28M       3.2G

MemTotal:        4016004 kB
MemFree:          109612 kB
Active:           352192 kB
Mem:          3.8G       3.7G       106M       5.7M        28M       3.3G

MemTotal:        4016004 kB
MemFree:          124900 kB
Active:           352192 kB
Mem:          3.8G       3.7G       120M       5.7M        28M       3.2G

MemTotal:        4016004 kB
MemFree:          127888 kB
Active:           352204 kB
Mem:          3.8G       3.7G       124M       5.7M        28M       3.2G

MemTotal:        4016004 kB
MemFree:          136288 kB
Active:           352208 kB
Mem:          3.8G       3.7G       132M       5.7M        28M       3.2G

MemTotal:        4016004 kB
MemFree:          123608 kB
Active:           352208 kB
Mem:          3.8G       3.7G       120M       5.7M        28M       3.2G

MemTotal:        4016004 kB
MemFree:          118060 kB
Active:           352004 kB
Mem:          3.8G       3.7G       115M       5.7M        28M       3.2G

MemTotal:        4016004 kB
MemFree:          117892 kB
Active:           351904 kB
Mem:          3.8G       3.7G       115M       5.7M        28M       3.2G

MemTotal:        4016004 kB
MemFree:          118148 kB
Active:           351884 kB
Mem:          3.8G       3.7G       115M       5.7M        28M       3.2G

MemTotal:        4016004 kB
MemFree:          118304 kB
Active:           351904 kB
Mem:          3.8G       3.7G       115M       5.7M        28M       3.2G

MemTotal:        4016004 kB
MemFree:          118400 kB
Active:           351900 kB
Mem:          3.8G       3.7G       115M       5.7M        28M       3.2G

MemTotal:        4016004 kB
MemFree:          118524 kB
Active:           351912 kB
Mem:          3.8G       3.7G       115M       5.7M        28M       3.2G

MemTotal:        4016004 kB
MemFree:          118152 kB
Active:           351908 kB
Mem:          3.8G       3.7G       115M       5.7M        28M       3.2G

MemTotal:        4016004 kB
MemFree:          118276 kB
Active:           351912 kB
Mem:          3.8G       3.7G       115M       5.7M        28M       3.2G

MemTotal:        4016004 kB
MemFree:          118276 kB
Active:           351916 kB
Mem:          3.8G       3.7G       115M       5.7M        28M       3.2G

MemTotal:        4016004 kB
MemFree:          118276 kB
Active:           351920 kB
Mem:          3.8G       3.7G       115M       5.7M        28M       3.2G

MemTotal:        4016004 kB
MemFree:          118276 kB
Active:           351900 kB
Mem:          3.8G       3.7G       115M       5.7M        28M       3.2G

MemTotal:        4016004 kB
MemFree:          118276 kB
Active:           351884 kB
Mem:          3.8G       3.7G       115M       5.7M        28M       3.2G

MemTotal:        4016004 kB
MemFree:          118152 kB
Active:           351880 kB
Mem:          3.8G       3.7G       115M       5.7M        28M       3.2G

MemTotal:        4016004 kB
MemFree:          118152 kB
Active:           351888 kB
Mem:          3.8G       3.7G       115M       5.7M        28M       3.2G

MemTotal:        4016004 kB
MemFree:          116228 kB
Active:           351892 kB
Mem:          3.8G       3.7G       113M       5.7M        28M       3.2G

MemTotal:        4016004 kB
MemFree:          116228 kB
Active:           353940 kB
Mem:          3.8G       3.7G       113M       5.7M        28M       3.2G

MemTotal:        4016004 kB
MemFree:          116104 kB
Active:           353960 kB
Mem:          3.8G       3.7G       113M       5.7M        28M       3.2G

MemTotal:        4016004 kB
MemFree:          116228 kB
Active:           353916 kB
Mem:          3.8G       3.7G       113M       5.7M        28M       3.2G

MemTotal:        4016004 kB
MemFree:          116228 kB
Active:           353924 kB
Mem:          3.8G       3.7G       113M       5.7M        28M       3.2G

MemTotal:        4016004 kB
MemFree:          116228 kB
Active:           353944 kB
Mem:          3.8G       3.7G       113M       5.7M        28M       3.2G

MemTotal:        4016004 kB
MemFree:          116228 kB
Active:           353960 kB
Mem:          3.8G       3.7G       113M       5.7M        28M       3.2G

MemTotal:        4016004 kB
MemFree:          116228 kB
Active:           353964 kB
Mem:          3.8G       3.7G       113M       5.7M        28M       3.2G

MemTotal:        4016004 kB
MemFree:          116228 kB
Active:           353920 kB
Mem:          3.8G       3.7G       113M       5.7M        28M       3.2G

MemTotal:        4016004 kB
MemFree:          116352 kB
Active:           353924 kB
Mem:          3.8G       3.7G       113M       5.7M        28M       3.2G

MemTotal:        4016004 kB
MemFree:          116228 kB
Active:           353936 kB
Mem:          3.8G       3.7G       113M       5.7M        28M       3.2G

MemTotal:        4016004 kB
MemFree:          116104 kB
Active:           353952 kB
Mem:          3.8G       3.7G       113M       5.7M        28M       3.2G

MemTotal:        4016004 kB
MemFree:          116228 kB
Active:           353960 kB
Mem:          3.8G       3.7G       113M       5.7M        28M       3.2G

MemTotal:        4016004 kB
MemFree:          116228 kB
Active:           353964 kB
Mem:          3.8G       3.7G       113M       5.7M        28M       3.2G

MemTotal:        4016004 kB
MemFree:          116104 kB
Active:           353964 kB
Mem:          3.8G       3.7G       113M       5.7M        28M       3.2G

MemTotal:        4016004 kB
MemFree:          116104 kB
Active:           353972 kB
Mem:          3.8G       3.7G       113M       5.7M        28M       3.2G

MemTotal:        4016004 kB
MemFree:          116104 kB
Active:           353972 kB
Mem:          3.8G       3.7G       113M       5.7M        28M       3.2G

MemTotal:        4016004 kB
MemFree:          116228 kB
Active:           353976 kB
Mem:          3.8G       3.7G       113M       5.7M        28M       3.2G

MemTotal:        4016004 kB
MemFree:          116104 kB
Active:           353932 kB
Mem:          3.8G       3.7G       113M       5.7M        28M       3.2G

MemTotal:        4016004 kB
MemFree:          116104 kB
Active:           353932 kB
Mem:          3.8G       3.7G       113M       5.7M        28M       3.2G

MemTotal:        4016004 kB
MemFree:          116104 kB
Active:           353940 kB
Mem:          3.8G       3.7G       113M       5.7M        28M       3.2G

MemTotal:        4016004 kB
MemFree:          116228 kB
Active:           353944 kB
Mem:          3.8G       3.7G       113M       5.7M        28M       3.2G

MemTotal:        4016004 kB
MemFree:          116104 kB
Active:           353956 kB
Mem:          3.8G       3.7G       113M       5.7M        28M       3.2G

MemTotal:        4016004 kB
MemFree:          116104 kB
Active:           353968 kB
Mem:          3.8G       3.7G       113M       5.7M        28M       3.2G

MemTotal:        4016004 kB
MemFree:          116228 kB
Active:           353944 kB
Mem:          3.8G       3.7G       113M       5.7M        28M       3.2G

MemTotal:        4016004 kB
MemFree:          116228 kB
Active:           353956 kB
Mem:          3.8G       3.7G       113M       5.7M        28M       3.2G

MemTotal:        4016004 kB
MemFree:          116104 kB
Active:           353976 kB
Mem:          3.8G       3.7G       113M       5.7M        28M       3.2G

MemTotal:        4016004 kB
MemFree:          116104 kB
Active:           353984 kB
Mem:          3.8G       3.7G       113M       5.7M        28M       3.2G

MemTotal:        4016004 kB
MemFree:          116104 kB
Active:           353972 kB
Mem:          3.8G       3.7G       113M       5.7M        28M       3.2G

MemTotal:        4016004 kB
MemFree:          116104 kB
Active:           353976 kB
Mem:          3.8G       3.7G       113M       5.7M        28M       3.2G

MemTotal:        4016004 kB
MemFree:          115980 kB
Active:           353968 kB
Mem:          3.8G       3.7G       113M       5.7M        28M       3.2G

MemTotal:        4016004 kB
MemFree:          116104 kB
Active:           354012 kB
Mem:          3.8G       3.7G       113M       5.7M        28M       3.2G

MemTotal:        4016004 kB
MemFree:          116104 kB
Active:           353960 kB
Mem:          3.8G       3.7G       113M       5.7M        28M       3.2G

MemTotal:        4016004 kB
MemFree:          116104 kB
Active:           353964 kB
Mem:          3.8G       3.7G       113M       5.7M        28M       3.2G

MemTotal:        4016004 kB
MemFree:          116104 kB
Active:           354020 kB
Mem:          3.8G       3.7G       113M       5.7M        28M       3.2G

MemTotal:        4016004 kB
MemFree:          116104 kB
Active:           353976 kB
Mem:          3.8G       3.7G       113M       5.7M        28M       3.2G

MemTotal:        4016004 kB
MemFree:          116104 kB
Active:           353980 kB
Mem:          3.8G       3.7G       113M       5.7M        28M       3.2G

MemTotal:        4016004 kB
MemFree:          116104 kB
Active:           353984 kB
Mem:          3.8G       3.7G       113M       5.7M        28M       3.2G

MemTotal:        4016004 kB
MemFree:          116104 kB
Active:           353988 kB
Mem:          3.8G       3.7G       113M       5.7M        28M       3.2G

MemTotal:        4016004 kB
MemFree:          115980 kB
Active:           353992 kB
Mem:          3.8G       3.7G       113M       5.7M        28M       3.2G

MemTotal:        4016004 kB
MemFree:          115980 kB
Active:           354000 kB
Mem:          3.8G       3.7G       113M       5.7M        28M       3.2G

MemTotal:        4016004 kB
MemFree:          115980 kB
Active:           354004 kB
Mem:          3.8G       3.7G       113M       5.7M        28M       3.2G

MemTotal:        4016004 kB
MemFree:          115980 kB
Active:           353984 kB
Mem:          3.8G       3.7G       113M       5.7M        28M       3.2G

MemTotal:        4016004 kB
MemFree:          115980 kB
Active:           354004 kB
Mem:          3.8G       3.7G       113M       5.7M        28M       3.2G

MemTotal:        4016004 kB
MemFree:          115980 kB
Active:           353996 kB
Mem:          3.8G       3.7G       113M       5.7M        28M       3.2G

MemTotal:        4016004 kB
MemFree:          115980 kB
Active:           353992 kB
Mem:          3.8G       3.7G       113M       5.7M        28M       3.2G

MemTotal:        4016004 kB
MemFree:          115980 kB
Active:           354000 kB
Mem:          3.8G       3.7G       113M       5.7M        28M       3.2G

MemTotal:        4016004 kB
MemFree:          115980 kB
Active:           354016 kB
Mem:          3.8G       3.7G       113M       5.7M        28M       3.2G

MemTotal:        4016004 kB
MemFree:          115980 kB
Active:           354032 kB
Mem:          3.8G       3.7G       113M       5.7M        28M       3.2G

MemTotal:        4016004 kB
MemFree:          116104 kB
Active:           353996 kB
Mem:          3.8G       3.7G       113M       5.7M        28M       3.2G

MemTotal:        4016004 kB
MemFree:          116104 kB
Active:           353996 kB
Mem:          3.8G       3.7G       113M       5.7M        28M       3.2G

MemTotal:        4016004 kB
MemFree:          115856 kB
Active:           354012 kB
Mem:          3.8G       3.7G       113M       5.7M        28M       3.2G

MemTotal:        4016004 kB
MemFree:          115856 kB
Active:           354012 kB
Mem:          3.8G       3.7G       113M       5.7M        28M       3.2G

MemTotal:        4016004 kB
MemFree:          115980 kB
Active:           354020 kB
Mem:          3.8G       3.7G       113M       5.7M        28M       3.2G

MemTotal:        4016004 kB
MemFree:          115980 kB
Active:           354028 kB
Mem:          3.8G       3.7G       113M       5.7M        28M       3.2G

MemTotal:        4016004 kB
MemFree:          115856 kB
Active:           354056 kB
Mem:          3.8G       3.7G       113M       5.7M        28M       3.2G

MemTotal:        4016004 kB
MemFree:          115856 kB
Active:           354044 kB
Mem:          3.8G       3.7G       113M       5.7M        28M       3.2G

MemTotal:        4016004 kB
MemFree:          115980 kB
Active:           354004 kB
Mem:          3.8G       3.7G       113M       5.7M        28M       3.2G

MemTotal:        4016004 kB
MemFree:          115856 kB
Active:           354040 kB
Mem:          3.8G       3.7G       113M       5.7M        28M       3.2G

MemTotal:        4016004 kB
MemFree:          115980 kB
Active:           354052 kB
Mem:          3.8G       3.7G       112M       5.7M        28M       3.2G

MemTotal:        4016004 kB
MemFree:          115980 kB
Active:           354004 kB
Mem:          3.8G       3.7G       113M       5.7M        28M       3.2G

MemTotal:        4016004 kB
MemFree:          115980 kB
Active:           354032 kB
Mem:          3.8G       3.7G       113M       5.7M        28M       3.2G

MemTotal:        4016004 kB
MemFree:          115980 kB
Active:           354056 kB
Mem:          3.8G       3.7G       113M       5.7M        28M       3.2G

MemTotal:        4016004 kB
MemFree:          115856 kB
Active:           354060 kB
Mem:          3.8G       3.7G       112M       5.7M        28M       3.2G

MemTotal:        4016004 kB
MemFree:          115732 kB
Active:           354080 kB
Mem:          3.8G       3.7G       112M       5.7M        28M       3.2G

MemTotal:        4016004 kB
MemFree:          115732 kB
Active:           354096 kB
Mem:          3.8G       3.7G       113M       5.7M        28M       3.2G

MemTotal:        4016004 kB
MemFree:          115484 kB
Active:           354264 kB
Mem:          3.8G       3.7G       112M       5.7M        28M       3.2G

MemTotal:        4016004 kB
MemFree:          115592 kB
Active:           354120 kB
Mem:          3.8G       3.7G       112M       5.7M        28M       3.2G

MemTotal:        4016004 kB
MemFree:          115592 kB
Active:           354144 kB
Mem:          3.8G       3.7G       112M       5.7M        28M       3.2G

MemTotal:        4016004 kB
MemFree:          115592 kB
Active:           354124 kB
Mem:          3.8G       3.7G       112M       5.7M        28M       3.2G

MemTotal:        4016004 kB
MemFree:          115592 kB
Active:           354140 kB
Mem:          3.8G       3.7G       112M       5.7M        28M       3.2G

MemTotal:        4016004 kB
MemFree:          115592 kB
Active:           354164 kB
Mem:          3.8G       3.7G       112M       5.7M        28M       3.2G

MemTotal:        4016004 kB
MemFree:          115468 kB
Active:           354136 kB
Mem:          3.8G       3.7G       112M       5.7M        28M       3.2G

MemTotal:        4016004 kB
MemFree:          115468 kB
Active:           354168 kB
Mem:          3.8G       3.7G       112M       5.7M        28M       3.2G

MemTotal:        4016004 kB
MemFree:          115592 kB
Active:           354184 kB
Mem:          3.8G       3.7G       112M       5.7M        28M       3.2G

MemTotal:        4016004 kB
MemFree:          115592 kB
Active:           354144 kB
Mem:          3.8G       3.7G       112M       5.7M        28M       3.2G

MemTotal:        4016004 kB
MemFree:          115468 kB
Active:           354148 kB
Mem:          3.8G       3.7G       112M       5.7M        28M       3.2G

MemTotal:        4016004 kB
MemFree:          115592 kB
Active:           354148 kB
Mem:          3.8G       3.7G       112M       5.7M        28M       3.2G

MemTotal:        4016004 kB
MemFree:          115592 kB
Active:           354164 kB
Mem:          3.8G       3.7G       112M       5.7M        28M       3.2G

MemTotal:        4016004 kB
MemFree:          115592 kB
Active:           354172 kB
Mem:          3.8G       3.7G       112M       5.7M        28M       3.2G

MemTotal:        4016004 kB
MemFree:          115592 kB
Active:           354180 kB
Mem:          3.8G       3.7G       112M       5.7M        28M       3.2G

MemTotal:        4016004 kB
MemFree:          115592 kB
Active:           354184 kB
Mem:          3.8G       3.7G       112M       5.7M        28M       3.2G

MemTotal:        4016004 kB
MemFree:          115592 kB
Active:           354192 kB
Mem:          3.8G       3.7G       112M       5.7M        28M       3.2G

MemTotal:        4016004 kB
MemFree:          115608 kB
Active:           354180 kB
Mem:          3.8G       3.7G       112M       5.7M        28M       3.2G

MemTotal:        4016004 kB
MemFree:          115484 kB
Active:           354188 kB
Mem:          3.8G       3.7G       112M       5.7M        28M       3.2G

MemTotal:        4016004 kB
MemFree:          115608 kB
Active:           354160 kB
Mem:          3.8G       3.7G       112M       5.7M        28M       3.2G

MemTotal:        4016004 kB
MemFree:          115608 kB
Active:           354172 kB
Mem:          3.8G       3.7G       112M       5.7M        28M       3.2G

MemTotal:        4016004 kB
MemFree:          115484 kB
Active:           354196 kB
Mem:          3.8G       3.7G       112M       5.7M        28M       3.2G

MemTotal:        4016004 kB
MemFree:          115484 kB
Active:           354200 kB
Mem:          3.8G       3.7G       112M       5.7M        28M       3.2G

MemTotal:        4016004 kB
MemFree:          115484 kB
Active:           354160 kB
Mem:          3.8G       3.7G       112M       5.7M        28M       3.2G

MemTotal:        4016004 kB
MemFree:          115732 kB
Active:           354212 kB
Mem:          3.8G       3.7G       112M       5.7M        28M       3.2G

MemTotal:        4016004 kB
MemFree:          115608 kB
Active:           354172 kB
Mem:          3.8G       3.7G       112M       5.7M        28M       3.2G

MemTotal:        4016004 kB
MemFree:          115608 kB
Active:           354172 kB
Mem:          3.8G       3.7G       112M       5.7M        28M       3.2G

MemTotal:        4016004 kB
MemFree:          115732 kB
Active:           354200 kB
Mem:          3.8G       3.7G       112M       5.7M        28M       3.2G

MemTotal:        4016004 kB
MemFree:          115732 kB
Active:           354200 kB
Mem:          3.8G       3.7G       112M       5.7M        28M       3.2G

MemTotal:        4016004 kB
MemFree:          115608 kB
Active:           354200 kB
Mem:          3.8G       3.7G       112M       5.7M        28M       3.2G

MemTotal:        4016004 kB
MemFree:          115608 kB
Active:           354192 kB
Mem:          3.8G       3.7G       112M       5.7M        28M       3.2G

MemTotal:        4016004 kB
MemFree:          115732 kB
Active:           354224 kB
Mem:          3.8G       3.7G       112M       5.7M        28M       3.2G

MemTotal:        4016004 kB
MemFree:          115732 kB
Active:           354220 kB
Mem:          3.8G       3.7G       112M       5.7M        28M       3.2G

MemTotal:        4016004 kB
MemFree:          115732 kB
Active:           354216 kB
Mem:          3.8G       3.7G       112M       5.7M        28M       3.2G

MemTotal:        4016004 kB
MemFree:          115732 kB
Active:           354192 kB
Mem:          3.8G       3.7G       112M       5.7M        28M       3.2G

MemTotal:        4016004 kB
MemFree:          115608 kB
Active:           354196 kB
Mem:          3.8G       3.7G       112M       5.7M        28M       3.2G

MemTotal:        4016004 kB
MemFree:          115608 kB
Active:           354224 kB
Mem:          3.8G       3.7G       112M       5.7M        28M       3.2G

MemTotal:        4016004 kB
MemFree:          115608 kB
Active:           354240 kB
Mem:          3.8G       3.7G       112M       5.7M        28M       3.2G

MemTotal:        4016004 kB
MemFree:          115608 kB
Active:           354184 kB
Mem:          3.8G       3.7G       112M       5.7M        28M       3.2G

MemTotal:        4016004 kB
MemFree:          115608 kB
Active:           354196 kB
Mem:          3.8G       3.7G       112M       5.7M        28M       3.2G

MemTotal:        4016004 kB
MemFree:          115484 kB
Active:           354200 kB
Mem:          3.8G       3.7G       112M       5.7M        28M       3.2G

MemTotal:        4016004 kB
MemFree:          115608 kB
Active:           354200 kB
Mem:          3.8G       3.7G       112M       5.7M        28M       3.2G

MemTotal:        4016004 kB
MemFree:          115608 kB
Active:           354204 kB
Mem:          3.8G       3.7G       112M       5.7M        28M       3.2G

MemTotal:        4016004 kB
MemFree:          115608 kB
Active:           354224 kB
Mem:          3.8G       3.7G       112M       5.7M        28M       3.2G

MemTotal:        4016004 kB
MemFree:          115608 kB
Active:           354244 kB
Mem:          3.8G       3.7G       112M       5.7M        28M       3.2G

MemTotal:        4016004 kB
MemFree:          115608 kB
Active:           354244 kB
Mem:          3.8G       3.7G       112M       5.7M        28M       3.2G

MemTotal:        4016004 kB
MemFree:          115484 kB
Active:           354236 kB
Mem:          3.8G       3.7G       112M       5.7M        28M       3.2G

MemTotal:        4016004 kB
MemFree:          115608 kB
Active:           354236 kB
Mem:          3.8G       3.7G       112M       5.7M        28M       3.2G

MemTotal:        4016004 kB
MemFree:          115608 kB
Active:           354236 kB
Mem:          3.8G       3.7G       112M       5.7M        28M       3.2G

MemTotal:        4016004 kB
MemFree:          115608 kB
Active:           354200 kB
Mem:          3.8G       3.7G       112M       5.7M        28M       3.2G

MemTotal:        4016004 kB
MemFree:          115608 kB
Active:           354212 kB
Mem:          3.8G       3.7G       112M       5.7M        28M       3.2G

MemTotal:        4016004 kB
MemFree:          115608 kB
Active:           354208 kB
Mem:          3.8G       3.7G       112M       5.7M        28M       3.2G

MemTotal:        4016004 kB
MemFree:          115608 kB
Active:           354220 kB
Mem:          3.8G       3.7G       112M       5.7M        28M       3.2G

MemTotal:        4016004 kB
MemFree:          115484 kB
Active:           354212 kB
Mem:          3.8G       3.7G       112M       5.7M        28M       3.2G

MemTotal:        4016004 kB
MemFree:          115484 kB
Active:           354220 kB
Mem:          3.8G       3.7G       112M       5.7M        28M       3.2G

MemTotal:        4016004 kB
MemFree:          115484 kB
Active:           354228 kB
Mem:          3.8G       3.7G       112M       5.7M        28M       3.2G

MemTotal:        4016004 kB
MemFree:          115484 kB
Active:           354224 kB
Mem:          3.8G       3.7G       112M       5.7M        28M       3.2G

MemTotal:        4016004 kB
MemFree:          115484 kB
Active:           354228 kB
Mem:          3.8G       3.7G       112M       5.7M        28M       3.2G

MemTotal:        4016004 kB
MemFree:          115484 kB
Active:           354236 kB
Mem:          3.8G       3.7G       112M       5.7M        28M       3.2G

MemTotal:        4016004 kB
MemFree:          115484 kB
Active:           354236 kB
Mem:          3.8G       3.7G       112M       5.7M        28M       3.2G

MemTotal:        4016004 kB
MemFree:          115484 kB
Active:           354244 kB
Mem:          3.8G       3.7G       112M       5.7M        28M       3.2G

MemTotal:        4016004 kB
MemFree:          115484 kB
Active:           354240 kB
Mem:          3.8G       3.7G       112M       5.7M        28M       3.2G

MemTotal:        4016004 kB
MemFree:          115484 kB
Active:           354264 kB
Mem:          3.8G       3.7G       112M       5.7M        28M       3.2G

MemTotal:        4016004 kB
MemFree:          115484 kB
Active:           354276 kB
Mem:          3.8G       3.7G       112M       5.7M        28M       3.2G

MemTotal:        4016004 kB
MemFree:          115484 kB
Active:           354228 kB
Mem:          3.8G       3.7G       112M       5.7M        28M       3.2G

MemTotal:        4016004 kB
MemFree:          115484 kB
Active:           354284 kB
Mem:          3.8G       3.7G       112M       5.7M        28M       3.2G

MemTotal:        4016004 kB
MemFree:          115484 kB
Active:           354236 kB
Mem:          3.8G       3.7G       112M       5.7M        28M       3.2G

MemTotal:        4016004 kB
MemFree:          115484 kB
Active:           354268 kB
Mem:          3.8G       3.7G       112M       5.7M        28M       3.2G

MemTotal:        4016004 kB
MemFree:          115484 kB
Active:           354284 kB
Mem:          3.8G       3.7G       112M       5.7M        28M       3.2G

MemTotal:        4016004 kB
MemFree:          115484 kB
Active:           354244 kB
Mem:          3.8G       3.7G       112M       5.7M        28M       3.2G

MemTotal:        4016004 kB
MemFree:          115608 kB
Active:           354252 kB
Mem:          3.8G       3.7G       112M       5.7M        28M       3.2G

MemTotal:        4016004 kB
MemFree:          115484 kB
Active:           354264 kB
Mem:          3.8G       3.7G       112M       5.7M        28M       3.2G

MemTotal:        4016004 kB
MemFree:          115360 kB
Active:           354276 kB
Mem:          3.8G       3.7G       112M       5.7M        28M       3.2G

MemTotal:        4016004 kB
MemFree:          115484 kB
Active:           354284 kB
Mem:          3.8G       3.7G       112M       5.7M        28M       3.2G

MemTotal:        4016004 kB
MemFree:          115360 kB
Active:           354296 kB
Mem:          3.8G       3.7G       112M       5.7M        28M       3.2G

MemTotal:        4016004 kB
MemFree:          115360 kB
Active:           354256 kB
Mem:          3.8G       3.7G       112M       5.7M        28M       3.2G

MemTotal:        4016004 kB
MemFree:          115484 kB
Active:           354264 kB
Mem:          3.8G       3.7G       112M       5.7M        28M       3.2G

MemTotal:        4016004 kB
MemFree:          115484 kB
Active:           354276 kB
Mem:          3.8G       3.7G       112M       5.7M        28M       3.2G

MemTotal:        4016004 kB
MemFree:          115360 kB
Active:           354276 kB
Mem:          3.8G       3.7G       112M       5.7M        28M       3.2G

MemTotal:        4016004 kB
MemFree:          115360 kB
Active:           354272 kB
Mem:          3.8G       3.7G       112M       5.7M        28M       3.2G

MemTotal:        4016004 kB
MemFree:          115360 kB
Active:           354264 kB
Mem:          3.8G       3.7G       112M       5.7M        28M       3.2G

MemTotal:        4016004 kB
MemFree:          115484 kB
Active:           354304 kB
Mem:          3.8G       3.7G       112M       5.7M        28M       3.2G

MemTotal:        4016004 kB
MemFree:          115484 kB
Active:           354292 kB
Mem:          3.8G       3.7G       112M       5.7M        28M       3.2G

MemTotal:        4016004 kB
MemFree:          115484 kB
Active:           354280 kB
Mem:          3.8G       3.7G       112M       5.7M        28M       3.2G

MemTotal:        4016004 kB
MemFree:          115484 kB
Active:           354280 kB
Mem:          3.8G       3.7G       112M       5.7M        28M       3.2G

MemTotal:        4016004 kB
MemFree:          115484 kB
Active:           354276 kB
Mem:          3.8G       3.7G       112M       5.7M        28M       3.2G

MemTotal:        4016004 kB
MemFree:          115484 kB
Active:           354268 kB
Mem:          3.8G       3.7G       112M       5.7M        28M       3.2G

MemTotal:        4016004 kB
MemFree:          115236 kB
Active:           354316 kB
Mem:          3.8G       3.7G       112M       5.7M        28M       3.2G

MemTotal:        4016004 kB
MemFree:          115112 kB
Active:           354292 kB
Mem:          3.8G       3.7G       112M       5.7M        28M       3.2G

MemTotal:        4016004 kB
MemFree:          115236 kB
Active:           354296 kB
Mem:          3.8G       3.7G       112M       5.7M        28M       3.2G

MemTotal:        4016004 kB
MemFree:          115236 kB
Active:           354292 kB
Mem:          3.8G       3.7G       112M       5.7M        28M       3.2G

MemTotal:        4016004 kB
MemFree:          115236 kB
Active:           354300 kB
Mem:          3.8G       3.7G       112M       5.7M        28M       3.2G

MemTotal:        4016004 kB
MemFree:          115236 kB
Active:           354300 kB
Mem:          3.8G       3.7G       112M       5.7M        28M       3.2G

MemTotal:        4016004 kB
MemFree:          115220 kB
Active:           354312 kB
Mem:          3.8G       3.7G       112M       5.7M        28M       3.2G

MemTotal:        4016004 kB
MemFree:          115220 kB
Active:           354320 kB
Mem:          3.8G       3.7G       112M       5.7M        28M       3.2G

MemTotal:        4016004 kB
MemFree:          115096 kB
Active:           354324 kB
Mem:          3.8G       3.7G       112M       5.7M        28M       3.2G

MemTotal:        4016004 kB
MemFree:          115344 kB
Active:           354300 kB
Mem:          3.8G       3.7G       112M       5.7M        28M       3.2G

MemTotal:        4016004 kB
MemFree:          115220 kB
Active:           354340 kB
Mem:          3.8G       3.7G       112M       5.7M        28M       3.2G

MemTotal:        4016004 kB
MemFree:          115220 kB
Active:           354332 kB
Mem:          3.8G       3.7G       112M       5.7M        28M       3.2G

MemTotal:        4016004 kB
MemFree:          115220 kB
Active:           354292 kB
Mem:          3.8G       3.7G       112M       5.7M        28M       3.2G

MemTotal:        4016004 kB
MemFree:          115220 kB
Active:           354476 kB
Mem:          3.8G       3.7G       112M       5.7M        28M       3.2G

MemTotal:        4016004 kB
MemFree:          115064 kB
Active:           354416 kB
Mem:          3.8G       3.7G       112M       5.7M        28M       3.2G

MemTotal:        4016004 kB
MemFree:          115064 kB
Active:           354360 kB
Mem:          3.8G       3.7G       112M       5.7M        28M       3.2G

MemTotal:        4016004 kB
MemFree:          114988 kB
Active:           354424 kB
Mem:          3.8G       3.7G       112M       5.7M        28M       3.2G

MemTotal:        4016004 kB
MemFree:          115128 kB
Active:           354440 kB
Mem:          3.8G       3.7G       112M       5.7M        28M       3.2G

MemTotal:        4016004 kB
MemFree:          115112 kB
Active:           354412 kB
Mem:          3.8G       3.7G       112M       5.7M        28M       3.2G

MemTotal:        4016004 kB
MemFree:          114988 kB
Active:           354452 kB
Mem:          3.8G       3.7G       112M       5.7M        28M       3.2G

MemTotal:        4016004 kB
MemFree:          115060 kB
Active:           354432 kB
Mem:          3.8G       3.7G       112M       5.7M        28M       3.2G

MemTotal:        4016004 kB
MemFree:          115060 kB
Active:           354420 kB
Mem:          3.8G       3.7G       112M       5.7M        28M       3.2G

MemTotal:        4016004 kB
MemFree:          115060 kB
Active:           354316 kB
Mem:          3.8G       3.7G       112M       5.7M        28M       3.2G

MemTotal:        4016004 kB
MemFree:          114984 kB
Active:           354412 kB
Mem:          3.8G       3.7G       112M       5.7M        28M       3.2G

MemTotal:        4016004 kB
MemFree:          115188 kB
Active:           354340 kB
Mem:          3.8G       3.7G       112M       5.7M        28M       3.2G

MemTotal:        4016004 kB
MemFree:          115064 kB
Active:           354356 kB
Mem:          3.8G       3.7G       112M       5.7M        28M       3.2G

MemTotal:        4016004 kB
MemFree:          115064 kB
Active:           354320 kB
Mem:          3.8G       3.7G       112M       5.7M        28M       3.2G

MemTotal:        4016004 kB
MemFree:          115312 kB
Active:           354340 kB
Mem:          3.8G       3.7G       112M       5.7M        28M       3.2G

MemTotal:        4016004 kB
MemFree:          115188 kB
Active:           354192 kB
Mem:          3.8G       3.7G       112M       5.7M        28M       3.2G

MemTotal:        4016004 kB
MemFree:          115188 kB
Active:           354200 kB
Mem:          3.8G       3.7G       112M       5.7M        28M       3.2G

MemTotal:        4016004 kB
MemFree:          115312 kB
Active:           354216 kB
Mem:          3.8G       3.7G       112M       5.7M        28M       3.2G

MemTotal:        4016004 kB
MemFree:          115312 kB
Active:           354232 kB
Mem:          3.8G       3.7G       112M       5.7M        28M       3.2G

MemTotal:        4016004 kB
MemFree:          115344 kB
Active:           354128 kB
Mem:          3.8G       3.7G       112M       5.7M        28M       3.2G

MemTotal:        4016004 kB
MemFree:          115616 kB
Active:           354008 kB
Mem:          3.8G       3.7G       112M       5.7M        28M       3.2G

MemTotal:        4016004 kB
MemFree:          115540 kB
Active:           354128 kB
Mem:          3.8G       3.7G       112M       5.7M        28M       3.2G

MemTotal:        4016004 kB
MemFree:          115664 kB
Active:           354124 kB
Mem:          3.8G       3.7G       112M       5.7M        28M       3.2G

MemTotal:        4016004 kB
MemFree:          115292 kB
Active:           354176 kB
Mem:          3.8G       3.7G       112M       5.7M        28M       3.2G

MemTotal:        4016004 kB
MemFree:          115540 kB
Active:           354128 kB
Mem:          3.8G       3.7G       112M       5.7M        28M       3.2G

MemTotal:        4016004 kB
MemFree:          115416 kB
Active:           354144 kB
Mem:          3.8G       3.7G       112M       5.7M        28M       3.2G

MemTotal:        4016004 kB
MemFree:          115572 kB
Active:           354148 kB
Mem:          3.8G       3.7G       112M       5.7M        28M       3.2G

MemTotal:        4016004 kB
MemFree:          115200 kB
Active:           354192 kB
Mem:          3.8G       3.7G       112M       5.7M        28M       3.2G

MemTotal:        4016004 kB
MemFree:          115448 kB
Active:           354184 kB
Mem:          3.8G       3.7G       112M       5.7M        28M       3.2G

MemTotal:        4016004 kB
MemFree:          115572 kB
Active:           354152 kB
Mem:          3.8G       3.7G       112M       5.7M        28M       3.2G

MemTotal:        4016004 kB
MemFree:          115448 kB
Active:           354168 kB
Mem:          3.8G       3.7G       112M       5.7M        28M       3.2G

MemTotal:        4016004 kB
MemFree:          115200 kB
Active:           354200 kB
Mem:          3.8G       3.7G       112M       5.7M        28M       3.2G

MemTotal:        4016004 kB
MemFree:          115572 kB
Active:           354192 kB
Mem:          3.8G       3.7G       112M       5.7M        28M       3.2G

MemTotal:        4016004 kB
MemFree:          115696 kB
Active:           354152 kB
Mem:          3.8G       3.7G       112M       5.7M        28M       3.2G

MemTotal:        4016004 kB
MemFree:          115572 kB
Active:           354152 kB
Mem:          3.8G       3.7G       112M       5.7M        28M       3.2G

MemTotal:        4016004 kB
MemFree:          115572 kB
Active:           354184 kB
Mem:          3.8G       3.7G       112M       5.7M        28M       3.2G

MemTotal:        4016004 kB
MemFree:          115572 kB
Active:           354200 kB
Mem:          3.8G       3.7G       112M       5.7M        28M       3.2G

MemTotal:        4016004 kB
MemFree:          115572 kB
Active:           354164 kB
Mem:          3.8G       3.7G       112M       5.7M        28M       3.2G

MemTotal:        4016004 kB
MemFree:          115076 kB
Active:           354204 kB
Mem:          3.8G       3.7G       112M       5.7M        28M       3.2G

MemTotal:        4016004 kB
MemFree:          115572 kB
Active:           354184 kB
Mem:          3.8G       3.7G       112M       5.7M        28M       3.2G

MemTotal:        4016004 kB
MemFree:          115572 kB
Active:           354188 kB
Mem:          3.8G       3.7G       112M       5.7M        28M       3.2G

MemTotal:        4016004 kB
MemFree:          115448 kB
Active:           354196 kB
Mem:          3.8G       3.7G       112M       5.7M        28M       3.2G

MemTotal:        4016004 kB
MemFree:          115076 kB
Active:           354220 kB
Mem:          3.8G       3.7G       112M       5.7M        28M       3.2G

MemTotal:        4016004 kB
MemFree:          115324 kB
Active:           354176 kB
Mem:          3.8G       3.7G       112M       5.7M        28M       3.2G

MemTotal:        4016004 kB
MemFree:          115572 kB
Active:           354172 kB
Mem:          3.8G       3.7G       112M       5.7M        28M       3.2G

MemTotal:        4016004 kB
MemFree:          115076 kB
Active:           354228 kB
Mem:          3.8G       3.7G       112M       5.7M        28M       3.2G

MemTotal:        4016004 kB
MemFree:          115448 kB
Active:           354172 kB
Mem:          3.8G       3.7G       112M       5.7M        28M       3.2G

MemTotal:        4016004 kB
MemFree:          115448 kB
Active:           354180 kB
