MemTotal:        4016004 kB
MemFree:         3238112 kB
Active:           423456 kB
Mem:          3.8G       759M       3.1G       5.7M        51M       321M

MemTotal:        4016004 kB
MemFree:         3238096 kB
Active:           423888 kB
Mem:          3.8G       760M       3.1G       5.7M        51M       321M

MemTotal:        4016004 kB
MemFree:         3237104 kB
Active:           423956 kB
Mem:          3.8G       760M       3.1G       5.7M        51M       321M

MemTotal:        4016004 kB
MemFree:         3234620 kB
Active:           424132 kB
Mem:          3.8G       762M       3.1G       5.7M        51M       321M

MemTotal:        4016004 kB
MemFree:         3234728 kB
Active:           426024 kB
Mem:          3.8G       763M       3.1G       5.7M        51M       321M

MemTotal:        4016004 kB
MemFree:         3234836 kB
Active:           425996 kB
Mem:          3.8G       763M       3.1G       5.7M        51M       321M

MemTotal:        4016004 kB
MemFree:         3234464 kB
Active:           426016 kB
Mem:          3.8G       762M       3.1G       5.7M        51M       321M

MemTotal:        4016004 kB
MemFree:         3235084 kB
Active:           426044 kB
Mem:          3.8G       762M       3.1G       5.7M        51M       321M

MemTotal:        4016004 kB
MemFree:         3235192 kB
Active:           426044 kB
Mem:          3.8G       762M       3.1G       5.7M        51M       321M

MemTotal:        4016004 kB
MemFree:         3234804 kB
Active:           426048 kB
Mem:          3.8G       762M       3.1G       5.7M        51M       321M

MemTotal:        4016004 kB
MemFree:         3234928 kB
Active:           426020 kB
Mem:          3.8G       762M       3.1G       5.7M        51M       321M

MemTotal:        4016004 kB
MemFree:         3234912 kB
Active:           426044 kB
Mem:          3.8G       762M       3.1G       5.7M        51M       321M

MemTotal:        4016004 kB
MemFree:         3235020 kB
Active:           425996 kB
Mem:          3.8G       762M       3.1G       5.7M        51M       321M

MemTotal:        4016004 kB
MemFree:         3235408 kB
Active:           426020 kB
Mem:          3.8G       762M       3.1G       5.7M        51M       321M

MemTotal:        4016004 kB
MemFree:         3234912 kB
Active:           426060 kB
Mem:          3.8G       762M       3.1G       5.7M        51M       321M

MemTotal:        4016004 kB
MemFree:         3234524 kB
Active:           426060 kB
Mem:          3.8G       762M       3.1G       5.7M        51M       321M

MemTotal:        4016004 kB
MemFree:         3234756 kB
Active:           426008 kB
Mem:          3.8G       763M       3.1G       5.7M        51M       321M

MemTotal:        4016004 kB
MemFree:         3234632 kB
Active:           426024 kB
Mem:          3.8G       763M       3.1G       5.7M        51M       321M

MemTotal:        4016004 kB
MemFree:         3234616 kB
Active:           426028 kB
Mem:          3.8G       763M       3.1G       5.7M        51M       321M

MemTotal:        4016004 kB
MemFree:         3234740 kB
Active:           426048 kB
Mem:          3.8G       763M       3.1G       5.7M        51M       321M

MemTotal:        4016004 kB
MemFree:         3234740 kB
Active:           426032 kB
Mem:          3.8G       763M       3.1G       5.7M        51M       321M

MemTotal:        4016004 kB
MemFree:         3234616 kB
Active:           426012 kB
Mem:          3.8G       763M       3.1G       5.7M        51M       321M

MemTotal:        4016004 kB
MemFree:         3234260 kB
Active:           426068 kB
Mem:          3.8G       763M       3.1G       5.7M        51M       321M

MemTotal:        4016004 kB
MemFree:         3233748 kB
Active:           424088 kB
Mem:          3.8G       763M       3.1G       5.7M        51M       321M

MemTotal:        4016004 kB
MemFree:         3234568 kB
Active:           426028 kB
Mem:          3.8G       763M       3.1G       5.7M        51M       321M

MemTotal:        4016004 kB
MemFree:         3234444 kB
Active:           426064 kB
Mem:          3.8G       763M       3.1G       5.7M        51M       321M

MemTotal:        4016004 kB
MemFree:         3234320 kB
Active:           426056 kB
Mem:          3.8G       763M       3.1G       5.7M        51M       321M

MemTotal:        4016004 kB
MemFree:         3234444 kB
Active:           426068 kB
Mem:          3.8G       763M       3.1G       5.7M        51M       321M

MemTotal:        4016004 kB
MemFree:         3234692 kB
Active:           426056 kB
Mem:          3.8G       762M       3.1G       5.7M        51M       321M

MemTotal:        4016004 kB
MemFree:         3234940 kB
Active:           426072 kB
Mem:          3.8G       763M       3.1G       5.7M        51M       321M

MemTotal:        4016004 kB
MemFree:         3234584 kB
Active:           426080 kB
Mem:          3.8G       762M       3.1G       5.7M        51M       321M

MemTotal:        4016004 kB
MemFree:         3235204 kB
Active:           426048 kB
Mem:          3.8G       762M       3.1G       5.7M        51M       321M

MemTotal:        4016004 kB
MemFree:         3234708 kB
Active:           426068 kB
Mem:          3.8G       762M       3.1G       5.7M        51M       321M

MemTotal:        4016004 kB
MemFree:         3233860 kB
Active:           424084 kB
Mem:          3.8G       763M       3.1G       5.7M        51M       321M

MemTotal:        4016004 kB
MemFree:         3234208 kB
Active:           426088 kB
Mem:          3.8G       763M       3.1G       5.7M        51M       321M

MemTotal:        4016004 kB
MemFree:         3233712 kB
Active:           426088 kB
Mem:          3.8G       763M       3.1G       5.7M        51M       321M

MemTotal:        4016004 kB
MemFree:         3234456 kB
Active:           426044 kB
Mem:          3.8G       763M       3.1G       5.7M        51M       321M

MemTotal:        4016004 kB
MemFree:         3234704 kB
Active:           426052 kB
Mem:          3.8G       762M       3.1G       5.7M        51M       321M

MemTotal:        4016004 kB
MemFree:         3234704 kB
Active:           426044 kB
Mem:          3.8G       762M       3.1G       5.7M        51M       321M

MemTotal:        4016004 kB
MemFree:         3234828 kB
Active:           426044 kB
Mem:          3.8G       762M       3.1G       5.7M        51M       321M

MemTotal:        4016004 kB
MemFree:         3234828 kB
Active:           426092 kB
Mem:          3.8G       762M       3.1G       5.7M        51M       321M

MemTotal:        4016004 kB
MemFree:         3234952 kB
Active:           426084 kB
Mem:          3.8G       762M       3.1G       5.7M        51M       321M

MemTotal:        4016004 kB
MemFree:         3234456 kB
Active:           426100 kB
Mem:          3.8G       762M       3.1G       5.7M        51M       321M

MemTotal:        4016004 kB
MemFree:         3235200 kB
Active:           424172 kB
Mem:          3.8G       762M       3.1G       5.7M        51M       321M

MemTotal:        4016004 kB
MemFree:         3235384 kB
Active:           426068 kB
Mem:          3.8G       762M       3.1G       5.7M        51M       321M

MemTotal:        4016004 kB
MemFree:         3235012 kB
Active:           426052 kB
Mem:          3.8G       762M       3.1G       5.7M        51M       321M

MemTotal:        4016004 kB
MemFree:         3235136 kB
Active:           426084 kB
Mem:          3.8G       762M       3.1G       5.7M        51M       321M

MemTotal:        4016004 kB
MemFree:         3235228 kB
Active:           426060 kB
Mem:          3.8G       762M       3.1G       5.7M        51M       321M

MemTotal:        4016004 kB
MemFree:         3235260 kB
Active:           426112 kB
Mem:          3.8G       762M       3.1G       5.7M        51M       321M

MemTotal:        4016004 kB
MemFree:         3235292 kB
Active:           426072 kB
Mem:          3.8G       762M       3.1G       5.7M        51M       321M

MemTotal:        4016004 kB
MemFree:         3234424 kB
Active:           426116 kB
Mem:          3.8G       763M       3.1G       5.7M        51M       321M

MemTotal:        4016004 kB
MemFree:         3233928 kB
Active:           426116 kB
Mem:          3.8G       763M       3.1G       5.7M        51M       321M

MemTotal:        4016004 kB
MemFree:         3234052 kB
Active:           426120 kB
Mem:          3.8G       763M       3.1G       5.7M        51M       321M

MemTotal:        4016004 kB
MemFree:         3234236 kB
Active:           424096 kB
Mem:          3.8G       763M       3.1G       5.7M        51M       321M

MemTotal:        4016004 kB
MemFree:         3234484 kB
Active:           426128 kB
Mem:          3.8G       763M       3.1G       5.7M        51M       321M

MemTotal:        4016004 kB
MemFree:         3234732 kB
Active:           426124 kB
Mem:          3.8G       762M       3.1G       5.7M        51M       321M

MemTotal:        4016004 kB
MemFree:         3234220 kB
Active:           426156 kB
Mem:          3.8G       763M       3.1G       5.7M        51M       321M

MemTotal:        4016004 kB
MemFree:         3234576 kB
Active:           426140 kB
Mem:          3.8G       762M       3.1G       5.7M        51M       321M

MemTotal:        4016004 kB
MemFree:         3235072 kB
Active:           426128 kB
Mem:          3.8G       762M       3.1G       5.7M        51M       322M

MemTotal:        4016004 kB
MemFree:         3234948 kB
Active:           426108 kB
Mem:          3.8G       763M       3.1G       5.7M        51M       322M

MemTotal:        4016004 kB
MemFree:         3234436 kB
Active:           426128 kB
Mem:          3.8G       763M       3.1G       5.7M        51M       322M

MemTotal:        4016004 kB
MemFree:         3234312 kB
Active:           426156 kB
Mem:          3.8G       763M       3.1G       5.7M        51M       321M

MemTotal:        4016004 kB
MemFree:         3234420 kB
Active:           426132 kB
Mem:          3.8G       763M       3.1G       5.7M        51M       322M

MemTotal:        4016004 kB
MemFree:         3234044 kB
Active:           424116 kB
Mem:          3.8G       763M       3.1G       5.7M        51M       322M

MemTotal:        4016004 kB
MemFree:         3234788 kB
Active:           426128 kB
Mem:          3.8G       762M       3.1G       5.7M        51M       322M

MemTotal:        4016004 kB
MemFree:         3234896 kB
Active:           426136 kB
Mem:          3.8G       762M       3.1G       5.7M        51M       322M

MemTotal:        4016004 kB
MemFree:         3235128 kB
Active:           426132 kB
Mem:          3.8G       763M       3.1G       5.7M        51M       322M

MemTotal:        4016004 kB
MemFree:         3234492 kB
Active:           426124 kB
Mem:          3.8G       763M       3.1G       5.7M        51M       322M

MemTotal:        4016004 kB
MemFree:         3234476 kB
Active:           426152 kB
Mem:          3.8G       763M       3.1G       5.7M        51M       322M

MemTotal:        4016004 kB
MemFree:         3234476 kB
Active:           426140 kB
Mem:          3.8G       763M       3.1G       5.7M        51M       322M

MemTotal:        4016004 kB
MemFree:         3234476 kB
Active:           426108 kB
Mem:          3.8G       763M       3.1G       5.7M        51M       322M

MemTotal:        4016004 kB
MemFree:         3234352 kB
Active:           426140 kB
Mem:          3.8G       763M       3.1G       5.7M        51M       322M

MemTotal:        4016004 kB
MemFree:         3234352 kB
Active:           426168 kB
Mem:          3.8G       763M       3.1G       5.7M        51M       322M

MemTotal:        4016004 kB
MemFree:         3234848 kB
Active:           426124 kB
Mem:          3.8G       763M       3.1G       5.7M        51M       322M

MemTotal:        4016004 kB
MemFree:         3234772 kB
Active:           426116 kB
Mem:          3.8G       763M       3.1G       5.7M        51M       322M

MemTotal:        4016004 kB
MemFree:         3234772 kB
Active:           426124 kB
Mem:          3.8G       762M       3.1G       5.7M        51M       322M

MemTotal:        4016004 kB
MemFree:         3234896 kB
Active:           426144 kB
Mem:          3.8G       762M       3.1G       5.7M        51M       322M

MemTotal:        4016004 kB
MemFree:         3234896 kB
Active:           426164 kB
Mem:          3.8G       762M       3.1G       5.7M        51M       322M

MemTotal:        4016004 kB
MemFree:         3234896 kB
Active:           426164 kB
Mem:          3.8G       762M       3.1G       5.7M        51M       322M

MemTotal:        4016004 kB
MemFree:         3235020 kB
Active:           426160 kB
Mem:          3.8G       762M       3.1G       5.7M        51M       322M

MemTotal:        4016004 kB
MemFree:         3234648 kB
Active:           426176 kB
Mem:          3.8G       763M       3.1G       5.7M        51M       322M

MemTotal:        4016004 kB
MemFree:         3234648 kB
Active:           426152 kB
Mem:          3.8G       763M       3.1G       5.7M        51M       322M

MemTotal:        4016004 kB
MemFree:         3234772 kB
Active:           426144 kB
Mem:          3.8G       763M       3.1G       5.7M        51M       322M

MemTotal:        4016004 kB
MemFree:         3235020 kB
Active:           426156 kB
Mem:          3.8G       762M       3.1G       5.7M        51M       322M

MemTotal:        4016004 kB
MemFree:         3235020 kB
Active:           426176 kB
Mem:          3.8G       762M       3.1G       5.7M        51M       322M

MemTotal:        4016004 kB
MemFree:         3235144 kB
Active:           426168 kB
Mem:          3.8G       762M       3.1G       5.7M        51M       322M

MemTotal:        4016004 kB
MemFree:         3235268 kB
Active:           426168 kB
Mem:          3.8G       762M       3.1G       5.7M        51M       322M

MemTotal:        4016004 kB
MemFree:         3235144 kB
Active:           426136 kB
Mem:          3.8G       762M       3.1G       5.7M        51M       322M

MemTotal:        4016004 kB
MemFree:         3235128 kB
Active:           426172 kB
Mem:          3.8G       762M       3.1G       5.7M        51M       322M

MemTotal:        4016004 kB
MemFree:         3235116 kB
Active:           426144 kB
Mem:          3.8G       762M       3.1G       5.7M        51M       322M

MemTotal:        4016004 kB
MemFree:         3235240 kB
Active:           426152 kB
Mem:          3.8G       762M       3.1G       5.7M        51M       322M

MemTotal:        4016004 kB
MemFree:         3235240 kB
Active:           426172 kB
Mem:          3.8G       762M       3.1G       5.7M        51M       322M

MemTotal:        4016004 kB
MemFree:         3235364 kB
Active:           426168 kB
Mem:          3.8G       762M       3.1G       5.7M        51M       322M

MemTotal:        4016004 kB
MemFree:         3235552 kB
Active:           426168 kB
Mem:          3.8G       762M       3.1G       5.7M        51M       322M

MemTotal:        4016004 kB
MemFree:         3235428 kB
Active:           426176 kB
Mem:          3.8G       762M       3.1G       5.7M        51M       322M

MemTotal:        4016004 kB
MemFree:         3234932 kB
Active:           426208 kB
Mem:          3.8G       762M       3.1G       5.7M        51M       322M

MemTotal:        4016004 kB
MemFree:         3234808 kB
Active:           426212 kB
Mem:          3.8G       762M       3.1G       5.7M        51M       322M

MemTotal:        4016004 kB
MemFree:         3235180 kB
Active:           426204 kB
Mem:          3.8G       762M       3.1G       5.7M        51M       322M

MemTotal:        4016004 kB
MemFree:         3235148 kB
Active:           426176 kB
Mem:          3.8G       762M       3.1G       5.7M        51M       322M

MemTotal:        4016004 kB
MemFree:         3235132 kB
Active:           426180 kB
Mem:          3.8G       762M       3.1G       5.7M        51M       322M

MemTotal:        4016004 kB
MemFree:         3234836 kB
Active:           426172 kB
Mem:          3.8G       763M       3.1G       5.7M        51M       322M

MemTotal:        4016004 kB
MemFree:         3193864 kB
Active:           426544 kB
Mem:          3.8G       803M       3.0G       5.7M        51M       361M

MemTotal:        4016004 kB
MemFree:         3151468 kB
Active:           426540 kB
Mem:          3.8G       844M       3.0G       5.7M        51M       403M

MemTotal:        4016004 kB
MemFree:         3107964 kB
Active:           426572 kB
Mem:          3.8G       887M       3.0G       5.7M        52M       445M

MemTotal:        4016004 kB
MemFree:         3063956 kB
Active:           426588 kB
Mem:          3.8G       929M       2.9G       5.7M        52M       486M

MemTotal:        4016004 kB
MemFree:         3020568 kB
Active:           426580 kB
Mem:          3.8G       972M       2.9G       5.7M        52M       528M

MemTotal:        4016004 kB
MemFree:         2977196 kB
Active:           426644 kB
Mem:          3.8G       1.0G       2.8G       5.7M        52M       569M

MemTotal:        4016004 kB
MemFree:         2934320 kB
Active:           426676 kB
Mem:          3.8G       1.0G       2.8G       5.7M        52M       611M

MemTotal:        4016004 kB
MemFree:         2890328 kB
Active:           426708 kB
Mem:          3.8G       1.1G       2.8G       5.7M        52M       653M

MemTotal:        4016004 kB
MemFree:         2878976 kB
Active:           426728 kB
Mem:          3.8G       1.1G       2.7G       5.7M        52M       663M

MemTotal:        4016004 kB
MemFree:         2836300 kB
Active:           426696 kB
Mem:          3.8G       1.1G       2.7G       5.7M        52M       704M

MemTotal:        4016004 kB
MemFree:         2793440 kB
Active:           426720 kB
Mem:          3.8G       1.2G       2.7G       5.7M        52M       746M

MemTotal:        4016004 kB
MemFree:         2761540 kB
Active:           426936 kB
Mem:          3.8G       1.2G       2.6G       5.7M        52M       775M

MemTotal:        4016004 kB
MemFree:         2718784 kB
Active:           426948 kB
Mem:          3.8G       1.2G       2.6G       5.7M        52M       816M

MemTotal:        4016004 kB
MemFree:         2680884 kB
Active:           426912 kB
Mem:          3.8G       1.3G       2.6G       5.7M        52M       853M

MemTotal:        4016004 kB
MemFree:         2678512 kB
Active:           426952 kB
Mem:          3.8G       1.3G       2.6G       5.7M        52M       856M

MemTotal:        4016004 kB
MemFree:         2677460 kB
Active:           427028 kB
Mem:          3.8G       1.3G       2.6G       5.7M        52M       857M

MemTotal:        4016004 kB
MemFree:         2641484 kB
Active:           427056 kB
Mem:          3.8G       1.3G       2.5G       5.7M        52M       892M

MemTotal:        4016004 kB
MemFree:         2599232 kB
Active:           427052 kB
Mem:          3.8G       1.4G       2.5G       5.7M        52M       933M

MemTotal:        4016004 kB
MemFree:         2556420 kB
Active:           427104 kB
Mem:          3.8G       1.4G       2.4G       5.7M        52M       974M

MemTotal:        4016004 kB
MemFree:         2512924 kB
Active:           427076 kB
Mem:          3.8G       1.4G       2.4G       5.7M        52M       1.0G

MemTotal:        4016004 kB
MemFree:         2469924 kB
Active:           427156 kB
Mem:          3.8G       1.5G       2.4G       5.7M        52M       1.0G

MemTotal:        4016004 kB
MemFree:         2425040 kB
Active:           427124 kB
Mem:          3.8G       1.5G       2.3G       5.7M        52M       1.1G

MemTotal:        4016004 kB
MemFree:         2381916 kB
Active:           427128 kB
Mem:          3.8G       1.6G       2.3G       5.7M        52M       1.1G

MemTotal:        4016004 kB
MemFree:         2339536 kB
Active:           429200 kB
Mem:          3.8G       1.6G       2.2G       5.7M        52M       1.2G

MemTotal:        4016004 kB
MemFree:         2296440 kB
Active:           429252 kB
Mem:          3.8G       1.6G       2.2G       5.7M        52M       1.2G

MemTotal:        4016004 kB
MemFree:         2253132 kB
Active:           429264 kB
Mem:          3.8G       1.7G       2.1G       5.7M        52M       1.2G

MemTotal:        4016004 kB
MemFree:         2221060 kB
Active:           429320 kB
Mem:          3.8G       1.7G       2.1G       5.7M        52M       1.3G

MemTotal:        4016004 kB
MemFree:         2219232 kB
Active:           429332 kB
Mem:          3.8G       1.7G       2.1G       5.7M        52M       1.3G

MemTotal:        4016004 kB
MemFree:         2179760 kB
Active:           429356 kB
Mem:          3.8G       1.8G       2.1G       5.7M        52M       1.3G

MemTotal:        4016004 kB
MemFree:         2136360 kB
Active:           429336 kB
Mem:          3.8G       1.8G       2.0G       5.7M        52M       1.3G

MemTotal:        4016004 kB
MemFree:         2093676 kB
Active:           429400 kB
Mem:          3.8G       1.8G       2.0G       5.7M        52M       1.4G

MemTotal:        4016004 kB
MemFree:         2048552 kB
Active:           431120 kB
Mem:          3.8G       1.9G       2.0G       5.7M        52M       1.4G

MemTotal:        4016004 kB
MemFree:         2006280 kB
Active:           431188 kB
Mem:          3.8G       1.9G       1.9G       5.7M        52M       1.5G

MemTotal:        4016004 kB
MemFree:         1963760 kB
Active:           431192 kB
Mem:          3.8G       2.0G       1.9G       5.7M        52M       1.5G

MemTotal:        4016004 kB
MemFree:         1921008 kB
Active:           431184 kB
Mem:          3.8G       2.0G       1.8G       5.7M        52M       1.5G

MemTotal:        4016004 kB
MemFree:         1877404 kB
Active:           431240 kB
Mem:          3.8G       2.0G       1.8G       5.7M        52M       1.6G

MemTotal:        4016004 kB
MemFree:         1865608 kB
Active:           431276 kB
Mem:          3.8G       2.1G       1.8G       5.7M        52M       1.6G

MemTotal:        4016004 kB
MemFree:         1824564 kB
Active:           431300 kB
Mem:          3.8G       2.1G       1.7G       5.7M        52M       1.6G

MemTotal:        4016004 kB
MemFree:         1780696 kB
Active:           431324 kB
Mem:          3.8G       2.1G       1.7G       5.7M        52M       1.7G

MemTotal:        4016004 kB
MemFree:         1764068 kB
Active:           431340 kB
Mem:          3.8G       2.1G       1.7G       5.7M        52M       1.7G

MemTotal:        4016004 kB
MemFree:         1723388 kB
Active:           431368 kB
Mem:          3.8G       2.2G       1.6G       5.7M        52M       1.7G

MemTotal:        4016004 kB
MemFree:         1680516 kB
Active:           431344 kB
Mem:          3.8G       2.2G       1.6G       5.7M        52M       1.8G

MemTotal:        4016004 kB
MemFree:         1637600 kB
Active:           431412 kB
Mem:          3.8G       2.3G       1.6G       5.7M        52M       1.8G

MemTotal:        4016004 kB
MemFree:         1595472 kB
Active:           431432 kB
Mem:          3.8G       2.3G       1.5G       5.7M        52M       1.9G

MemTotal:        4016004 kB
MemFree:         1552240 kB
Active:           431444 kB
Mem:          3.8G       2.3G       1.5G       5.7M        52M       1.9G

MemTotal:        4016004 kB
MemFree:         1508008 kB
Active:           431480 kB
Mem:          3.8G       2.4G       1.4G       5.7M        52M       1.9G

MemTotal:        4016004 kB
MemFree:         1463380 kB
Active:           431508 kB
Mem:          3.8G       2.4G       1.4G       5.7M        52M       2.0G

MemTotal:        4016004 kB
MemFree:         1421124 kB
Active:           431484 kB
Mem:          3.8G       2.5G       1.4G       5.7M        52M       2.0G

MemTotal:        4016004 kB
MemFree:         1377796 kB
Active:           431592 kB
Mem:          3.8G       2.5G       1.3G       5.7M        52M       2.1G

MemTotal:        4016004 kB
MemFree:         1333448 kB
Active:           433700 kB
Mem:          3.8G       2.6G       1.3G       5.7M        54M       2.1G

MemTotal:        4016004 kB
MemFree:         1308832 kB
Active:           436932 kB
Mem:          3.8G       2.6G       1.2G       5.7M        59M       2.1G

MemTotal:        4016004 kB
MemFree:         1286924 kB
Active:           438644 kB
Mem:          3.8G       2.6G       1.2G       5.7M        59M       2.1G

MemTotal:        4016004 kB
MemFree:         1241724 kB
Active:           438668 kB
Mem:          3.8G       2.6G       1.2G       5.7M        59M       2.2G

MemTotal:        4016004 kB
MemFree:         1196356 kB
Active:           438644 kB
Mem:          3.8G       2.7G       1.1G       5.7M        59M       2.2G

MemTotal:        4016004 kB
MemFree:         1151612 kB
Active:           438668 kB
Mem:          3.8G       2.7G       1.1G       5.7M        59M       2.3G

MemTotal:        4016004 kB
MemFree:         1106752 kB
Active:           438644 kB
Mem:          3.8G       2.8G       1.1G       5.7M        59M       2.3G

MemTotal:        4016004 kB
MemFree:         1062496 kB
Active:           438664 kB
Mem:          3.8G       2.8G       1.0G       5.7M        59M       2.3G

MemTotal:        4016004 kB
MemFree:         1018056 kB
Active:           438644 kB
Mem:          3.8G       2.9G       993M       5.7M        59M       2.4G

MemTotal:        4016004 kB
MemFree:          972252 kB
Active:           438696 kB
Mem:          3.8G       2.9G       949M       5.7M        59M       2.4G

MemTotal:        4016004 kB
MemFree:          929732 kB
Active:           438708 kB
Mem:          3.8G       2.9G       907M       5.7M        59M       2.5G

MemTotal:        4016004 kB
MemFree:          893212 kB
Active:           438732 kB
Mem:          3.8G       3.0G       871M       5.7M        59M       2.5G

MemTotal:        4016004 kB
MemFree:          847596 kB
Active:           438752 kB
Mem:          3.8G       3.0G       827M       5.7M        59M       2.5G

MemTotal:        4016004 kB
MemFree:          811144 kB
Active:           438756 kB
Mem:          3.8G       3.1G       792M       5.7M        59M       2.6G

MemTotal:        4016004 kB
MemFree:          792608 kB
Active:           438720 kB
Mem:          3.8G       3.1G       774M       5.7M        59M       2.6G

MemTotal:        4016004 kB
MemFree:          746932 kB
Active:           438776 kB
Mem:          3.8G       3.1G       729M       5.7M        59M       2.6G

MemTotal:        4016004 kB
MemFree:          742052 kB
Active:           438776 kB
Mem:          3.8G       3.1G       724M       5.7M        59M       2.6G

MemTotal:        4016004 kB
MemFree:          706792 kB
Active:           438840 kB
Mem:          3.8G       3.2G       689M       5.7M        59M       2.7G

MemTotal:        4016004 kB
MemFree:          661436 kB
Active:           438848 kB
Mem:          3.8G       3.2G       645M       5.7M        59M       2.7G

MemTotal:        4016004 kB
MemFree:          615832 kB
Active:           438804 kB
Mem:          3.8G       3.2G       600M       5.7M        59M       2.8G

MemTotal:        4016004 kB
MemFree:          570848 kB
Active:           438804 kB
Mem:          3.8G       3.3G       557M       5.7M        59M       2.8G

MemTotal:        4016004 kB
MemFree:          525272 kB
Active:           436956 kB
Mem:          3.8G       3.3G       512M       5.7M        59M       2.8G

MemTotal:        4016004 kB
MemFree:          479796 kB
Active:           438848 kB
Mem:          3.8G       3.4G       468M       5.7M        59M       2.9G

MemTotal:        4016004 kB
MemFree:          435928 kB
Active:           438856 kB
Mem:          3.8G       3.4G       425M       5.7M        59M       2.9G

MemTotal:        4016004 kB
MemFree:          389836 kB
Active:           438696 kB
Mem:          3.8G       3.5G       380M       5.7M        59M       3.0G

MemTotal:        4016004 kB
MemFree:          344472 kB
Active:           438688 kB
Mem:          3.8G       3.5G       336M       5.7M        59M       3.0G

MemTotal:        4016004 kB
MemFree:          300528 kB
Active:           438700 kB
Mem:          3.8G       3.5G       293M       5.7M        59M       3.1G

MemTotal:        4016004 kB
MemFree:          295036 kB
Active:           438712 kB
Mem:          3.8G       3.5G       287M       5.7M        59M       3.1G

MemTotal:        4016004 kB
MemFree:          292956 kB
Active:           438736 kB
Mem:          3.8G       3.6G       285M       5.7M        59M       3.1G

MemTotal:        4016004 kB
MemFree:          292896 kB
Active:           438732 kB
Mem:          3.8G       3.6G       286M       5.7M        59M       3.1G

MemTotal:        4016004 kB
MemFree:          259464 kB
Active:           438712 kB
Mem:          3.8G       3.6G       252M       5.7M        59M       3.1G

MemTotal:        4016004 kB
MemFree:          214032 kB
Active:           436740 kB
Mem:          3.8G       3.6G       208M       5.7M        59M       3.1G

MemTotal:        4016004 kB
MemFree:          169744 kB
Active:           438760 kB
Mem:          3.8G       3.7G       165M       5.7M        59M       3.2G

MemTotal:        4016004 kB
MemFree:          124436 kB
Active:           438792 kB
Mem:          3.8G       3.7G       121M       5.7M        59M       3.2G

MemTotal:        4016004 kB
MemFree:          113288 kB
Active:           437576 kB
Mem:          3.8G       3.7G       108M       5.7M        28M       3.3G

MemTotal:        4016004 kB
MemFree:          116540 kB
Active:           445272 kB
Mem:          3.8G       3.7G       113M       5.7M        26M       3.3G

MemTotal:        4016004 kB
MemFree:          139384 kB
Active:           494836 kB
Mem:          3.8G       3.7G       134M       5.7M        26M       3.2G

MemTotal:        4016004 kB
MemFree:          128732 kB
Active:           487500 kB
Mem:          3.8G       3.7G       125M       5.7M        26M       3.3G

MemTotal:        4016004 kB
MemFree:          120940 kB
Active:           484060 kB
Mem:          3.8G       3.7G       118M       5.7M        26M       3.3G

MemTotal:        4016004 kB
MemFree:          131152 kB
Active:           478312 kB
Mem:          3.8G       3.7G       127M       5.7M        26M       3.2G

MemTotal:        4016004 kB
MemFree:          137536 kB
Active:           473676 kB
Mem:          3.8G       3.7G       134M       5.7M        26M       3.2G

MemTotal:        4016004 kB
MemFree:          116876 kB
Active:           473692 kB
Mem:          3.8G       3.7G       114M       5.7M        26M       3.3G

MemTotal:        4016004 kB
MemFree:          132992 kB
Active:           472424 kB
Mem:          3.8G       3.7G       129M       5.7M        26M       3.2G

MemTotal:        4016004 kB
MemFree:          125624 kB
Active:           468856 kB
Mem:          3.8G       3.7G       122M       5.7M        26M       3.3G

MemTotal:        4016004 kB
MemFree:          124636 kB
Active:           463484 kB
Mem:          3.8G       3.7G       121M       5.7M        26M       3.3G

MemTotal:        4016004 kB
MemFree:          111148 kB
Active:           460368 kB
Mem:          3.8G       3.7G       108M       5.7M        26M       3.3G

MemTotal:        4016004 kB
MemFree:          126488 kB
Active:           455172 kB
Mem:          3.8G       3.7G       123M       5.7M        26M       3.3G

MemTotal:        4016004 kB
MemFree:          119884 kB
Active:           451076 kB
Mem:          3.8G       3.7G       116M       5.7M        26M       3.3G

MemTotal:        4016004 kB
MemFree:          111984 kB
Active:           449924 kB
Mem:          3.8G       3.7G       108M       5.7M        26M       3.3G

MemTotal:        4016004 kB
MemFree:          114616 kB
Active:           448004 kB
Mem:          3.8G       3.7G       111M       5.7M        26M       3.3G

MemTotal:        4016004 kB
MemFree:          127324 kB
Active:           444908 kB
Mem:          3.8G       3.7G       124M       5.7M        26M       3.3G

MemTotal:        4016004 kB
MemFree:          127804 kB
Active:           443892 kB
Mem:          3.8G       3.7G       124M       5.7M        26M       3.3G

MemTotal:        4016004 kB
MemFree:          131928 kB
Active:           442600 kB
Mem:          3.8G       3.7G       128M       5.7M        26M       3.2G

MemTotal:        4016004 kB
MemFree:          128408 kB
Active:           442600 kB
Mem:          3.8G       3.7G       125M       5.7M        26M       3.2G

MemTotal:        4016004 kB
MemFree:          133452 kB
Active:           440716 kB
Mem:          3.8G       3.7G       130M       5.7M        26M       3.2G

MemTotal:        4016004 kB
MemFree:          139736 kB
Active:           438752 kB
Mem:          3.8G       3.7G       135M       5.7M        26M       3.2G

MemTotal:        4016004 kB
MemFree:          137244 kB
Active:           437128 kB
Mem:          3.8G       3.7G       133M       5.7M        26M       3.2G

MemTotal:        4016004 kB
MemFree:          134860 kB
Active:           435736 kB
Mem:          3.8G       3.7G       131M       5.7M        26M       3.2G

MemTotal:        4016004 kB
MemFree:          127072 kB
Active:           434560 kB
Mem:          3.8G       3.7G       123M       5.7M        26M       3.3G

MemTotal:        4016004 kB
MemFree:          112112 kB
Active:           433404 kB
Mem:          3.8G       3.7G       109M       5.7M        26M       3.3G

MemTotal:        4016004 kB
MemFree:          127632 kB
Active:           431756 kB
Mem:          3.8G       3.7G       124M       5.7M        26M       3.3G

MemTotal:        4016004 kB
MemFree:          125036 kB
Active:           430212 kB
Mem:          3.8G       3.7G       121M       5.7M        26M       3.3G

MemTotal:        4016004 kB
MemFree:          105732 kB
Active:           429480 kB
Mem:          3.8G       3.7G       102M       5.7M        26M       3.3G

MemTotal:        4016004 kB
MemFree:          126252 kB
Active:           427304 kB
Mem:          3.8G       3.7G       123M       5.7M        26M       3.3G

MemTotal:        4016004 kB
MemFree:          118236 kB
Active:           426124 kB
Mem:          3.8G       3.7G       115M       5.7M        26M       3.3G

MemTotal:        4016004 kB
MemFree:          134932 kB
Active:           425132 kB
Mem:          3.8G       3.7G       131M       5.7M        26M       3.2G

MemTotal:        4016004 kB
MemFree:          119896 kB
Active:           423936 kB
Mem:          3.8G       3.7G       116M       5.7M        26M       3.3G

MemTotal:        4016004 kB
MemFree:          112036 kB
Active:           422836 kB
Mem:          3.8G       3.7G       109M       5.7M        26M       3.3G

MemTotal:        4016004 kB
MemFree:          115476 kB
Active:           421176 kB
Mem:          3.8G       3.7G       112M       5.7M        26M       3.3G

MemTotal:        4016004 kB
MemFree:          124488 kB
Active:           419220 kB
Mem:          3.8G       3.7G       120M       5.7M        26M       3.3G

MemTotal:        4016004 kB
MemFree:          113180 kB
Active:           418112 kB
Mem:          3.8G       3.7G       110M       5.7M        26M       3.3G

MemTotal:        4016004 kB
MemFree:          128396 kB
Active:           418360 kB
Mem:          3.8G       3.7G       125M       5.7M        26M       3.2G

MemTotal:        4016004 kB
MemFree:          106072 kB
Active:           416956 kB
Mem:          3.8G       3.7G       103M       5.7M        26M       3.3G

MemTotal:        4016004 kB
MemFree:          108856 kB
Active:           415036 kB
Mem:          3.8G       3.7G       106M       5.7M        26M       3.3G

MemTotal:        4016004 kB
MemFree:          126056 kB
Active:           413396 kB
Mem:          3.8G       3.7G       123M       5.7M        26M       3.2G

MemTotal:        4016004 kB
MemFree:          105752 kB
Active:           412612 kB
Mem:          3.8G       3.7G       103M       5.7M        26M       3.3G

MemTotal:        4016004 kB
MemFree:          131112 kB
Active:           411100 kB
Mem:          3.8G       3.7G       127M       5.7M        26M       3.2G

MemTotal:        4016004 kB
MemFree:          123804 kB
Active:           410068 kB
Mem:          3.8G       3.7G       120M       5.7M        26M       3.3G

MemTotal:        4016004 kB
MemFree:          125500 kB
Active:           406028 kB
Mem:          3.8G       3.7G       121M       5.7M        26M       3.2G

MemTotal:        4016004 kB
MemFree:          129824 kB
Active:           404240 kB
Mem:          3.8G       3.7G       126M       5.7M        26M       3.2G

MemTotal:        4016004 kB
MemFree:          128568 kB
Active:           402356 kB
Mem:          3.8G       3.7G       125M       5.7M        26M       3.2G

MemTotal:        4016004 kB
MemFree:          119660 kB
Active:           401340 kB
Mem:          3.8G       3.7G       116M       5.7M        26M       3.3G

MemTotal:        4016004 kB
MemFree:          122620 kB
Active:           399392 kB
Mem:          3.8G       3.7G       119M       5.7M        26M       3.3G

MemTotal:        4016004 kB
MemFree:          127580 kB
Active:           397504 kB
Mem:          3.8G       3.7G       124M       5.7M        26M       3.2G

MemTotal:        4016004 kB
MemFree:          136240 kB
Active:           395284 kB
Mem:          3.8G       3.7G       133M       5.7M        26M       3.2G

MemTotal:        4016004 kB
MemFree:          128332 kB
Active:           392312 kB
Mem:          3.8G       3.7G       124M       5.7M        26M       3.2G

MemTotal:        4016004 kB
MemFree:          129568 kB
Active:           391136 kB
Mem:          3.8G       3.7G       126M       5.7M        26M       3.2G

MemTotal:        4016004 kB
MemFree:          120900 kB
Active:           390176 kB
Mem:          3.8G       3.7G       118M       5.7M        26M       3.3G

MemTotal:        4016004 kB
MemFree:          115804 kB
Active:           390000 kB
Mem:          3.8G       3.7G       112M       5.7M        26M       3.3G

MemTotal:        4016004 kB
MemFree:          131668 kB
Active:           388216 kB
Mem:          3.8G       3.7G       128M       5.7M        26M       3.2G

MemTotal:        4016004 kB
MemFree:          128756 kB
Active:           386704 kB
Mem:          3.8G       3.7G       125M       5.7M        26M       3.2G

MemTotal:        4016004 kB
MemFree:          119776 kB
Active:           385648 kB
Mem:          3.8G       3.7G       117M       5.7M        26M       3.3G

MemTotal:        4016004 kB
MemFree:          122312 kB
Active:           383636 kB
Mem:          3.8G       3.7G       119M       5.7M        26M       3.3G

MemTotal:        4016004 kB
MemFree:          125636 kB
Active:           381848 kB
Mem:          3.8G       3.7G       122M       5.7M        26M       3.2G

MemTotal:        4016004 kB
MemFree:          117052 kB
Active:           380568 kB
Mem:          3.8G       3.7G       113M       5.7M        26M       3.3G

MemTotal:        4016004 kB
MemFree:          113112 kB
Active:           380572 kB
Mem:          3.8G       3.7G       110M       5.7M        26M       3.3G

MemTotal:        4016004 kB
MemFree:          106444 kB
Active:           380532 kB
Mem:          3.8G       3.7G       103M       5.7M        26M       3.3G

MemTotal:        4016004 kB
MemFree:          109108 kB
Active:           380580 kB
Mem:          3.8G       3.7G       106M       5.7M        26M       3.3G

MemTotal:        4016004 kB
MemFree:          114484 kB
Active:           380580 kB
Mem:          3.8G       3.7G       111M       5.7M        26M       3.3G

MemTotal:        4016004 kB
MemFree:          118876 kB
Active:           380596 kB
Mem:          3.8G       3.7G       116M       5.7M        26M       3.3G

MemTotal:        4016004 kB
MemFree:          117080 kB
Active:           382632 kB
Mem:          3.8G       3.7G       114M       5.7M        26M       3.3G

MemTotal:        4016004 kB
MemFree:          116588 kB
Active:           382600 kB
Mem:          3.8G       3.7G       113M       5.7M        26M       3.3G

MemTotal:        4016004 kB
MemFree:          105068 kB
Active:           382640 kB
Mem:          3.8G       3.7G       120M       5.7M        26M       3.2G

MemTotal:        4016004 kB
MemFree:          105144 kB
Active:           381744 kB
Mem:          3.8G       3.7G       102M       5.7M        26M       3.3G

MemTotal:        4016004 kB
MemFree:          126388 kB
Active:           381616 kB
Mem:          3.8G       3.7G       123M       5.7M        26M       3.2G

MemTotal:        4016004 kB
MemFree:          130620 kB
Active:           381448 kB
Mem:          3.8G       3.7G       127M       5.7M        26M       3.2G

MemTotal:        4016004 kB
MemFree:          130400 kB
Active:           381448 kB
Mem:          3.8G       3.7G       126M       5.7M        26M       3.2G

MemTotal:        4016004 kB
MemFree:          122532 kB
Active:           381404 kB
Mem:          3.8G       3.7G       118M       5.7M        26M       3.2G

MemTotal:        4016004 kB
MemFree:          113260 kB
Active:           381452 kB
Mem:          3.8G       3.7G       110M       5.7M        26M       3.3G

MemTotal:        4016004 kB
MemFree:          116620 kB
Active:           381460 kB
Mem:          3.8G       3.7G       114M       5.7M        26M       3.3G

MemTotal:        4016004 kB
MemFree:          120136 kB
Active:           381460 kB
Mem:          3.8G       3.7G       116M       5.7M        26M       3.3G

MemTotal:        4016004 kB
MemFree:          124908 kB
Active:           381416 kB
Mem:          3.8G       3.7G       121M       5.7M        26M       3.2G

MemTotal:        4016004 kB
MemFree:          115648 kB
Active:           381368 kB
Mem:          3.8G       3.7G       113M       5.7M        26M       3.3G

MemTotal:        4016004 kB
MemFree:          109696 kB
Active:           381360 kB
Mem:          3.8G       3.7G       106M       5.7M        26M       3.3G

MemTotal:        4016004 kB
MemFree:          131260 kB
Active:           381372 kB
Mem:          3.8G       3.7G       127M       5.7M        26M       3.2G

MemTotal:        4016004 kB
MemFree:          140148 kB
Active:           381384 kB
Mem:          3.8G       3.7G       136M       5.7M        26M       3.2G

MemTotal:        4016004 kB
MemFree:          130860 kB
Active:           381396 kB
Mem:          3.8G       3.7G       127M       5.7M        27M       3.2G

MemTotal:        4016004 kB
MemFree:          122568 kB
Active:           381396 kB
Mem:          3.8G       3.7G       119M       5.7M        27M       3.2G

MemTotal:        4016004 kB
MemFree:          132528 kB
Active:           381388 kB
Mem:          3.8G       3.7G       128M       5.7M        27M       3.2G

MemTotal:        4016004 kB
MemFree:          123616 kB
Active:           381360 kB
Mem:          3.8G       3.7G       120M       5.7M        27M       3.2G

MemTotal:        4016004 kB
MemFree:          109908 kB
Active:           381384 kB
Mem:          3.8G       3.7G       107M       5.7M        27M       3.3G

MemTotal:        4016004 kB
MemFree:          130260 kB
Active:           381392 kB
Mem:          3.8G       3.7G       126M       5.7M        27M       3.2G

MemTotal:        4016004 kB
MemFree:          120956 kB
Active:           381404 kB
Mem:          3.8G       3.7G       118M       5.7M        27M       3.2G

MemTotal:        4016004 kB
MemFree:          117748 kB
Active:           381420 kB
Mem:          3.8G       3.7G       114M       5.7M        27M       3.3G

MemTotal:        4016004 kB
MemFree:          128924 kB
Active:           381380 kB
Mem:          3.8G       3.7G       125M       5.7M        27M       3.2G

MemTotal:        4016004 kB
MemFree:          128576 kB
Active:           381368 kB
Mem:          3.8G       3.7G       125M       5.7M        27M       3.2G

MemTotal:        4016004 kB
MemFree:          110812 kB
Active:           381400 kB
Mem:          3.8G       3.7G       107M       5.7M        27M       3.3G

MemTotal:        4016004 kB
MemFree:          105800 kB
Active:           381452 kB
Mem:          3.8G       3.7G       103M       5.7M        27M       3.3G

MemTotal:        4016004 kB
MemFree:          128892 kB
Active:           381440 kB
Mem:          3.8G       3.7G       125M       5.7M        27M       3.2G

MemTotal:        4016004 kB
MemFree:          137092 kB
Active:           381412 kB
Mem:          3.8G       3.7G       133M       5.7M        27M       3.2G

MemTotal:        4016004 kB
MemFree:          116572 kB
Active:           381372 kB
Mem:          3.8G       3.7G       114M       5.7M        27M       3.3G

MemTotal:        4016004 kB
MemFree:          108200 kB
Active:           381320 kB
Mem:          3.8G       3.7G       105M       5.7M        27M       3.3G

MemTotal:        4016004 kB
MemFree:          122292 kB
Active:           381376 kB
Mem:          3.8G       3.7G       118M       5.7M        27M       3.2G

MemTotal:        4016004 kB
MemFree:          113972 kB
Active:           381360 kB
Mem:          3.8G       3.7G       111M       5.7M        27M       3.3G

MemTotal:        4016004 kB
MemFree:          129336 kB
Active:           381360 kB
Mem:          3.8G       3.7G       126M       5.7M        27M       3.2G

MemTotal:        4016004 kB
MemFree:          133012 kB
Active:           381368 kB
Mem:          3.8G       3.7G       129M       5.7M        27M       3.2G

MemTotal:        4016004 kB
MemFree:          125064 kB
Active:           381368 kB
Mem:          3.8G       3.7G       121M       5.7M        27M       3.2G

MemTotal:        4016004 kB
MemFree:          108152 kB
Active:           381348 kB
Mem:          3.8G       3.7G       105M       5.7M        27M       3.3G

MemTotal:        4016004 kB
MemFree:          121836 kB
Active:           376796 kB
Mem:          3.8G       3.7G       118M       5.7M        27M       3.2G

MemTotal:        4016004 kB
MemFree:          128524 kB
Active:           376848 kB
Mem:          3.8G       3.7G       125M       5.7M        27M       3.2G

MemTotal:        4016004 kB
MemFree:          127032 kB
Active:           377976 kB
Mem:          3.8G       3.7G       123M       5.7M        27M       3.2G

MemTotal:        4016004 kB
MemFree:          123540 kB
Active:           377732 kB
Mem:          3.8G       3.7G       120M       5.7M        27M       3.2G

MemTotal:        4016004 kB
MemFree:          114988 kB
Active:           377684 kB
Mem:          3.8G       3.7G       112M       5.7M        27M       3.3G

MemTotal:        4016004 kB
MemFree:          130624 kB
Active:           377696 kB
Mem:          3.8G       3.7G       133M       5.7M        27M       3.2G

MemTotal:        4016004 kB
MemFree:          127032 kB
Active:           377732 kB
Mem:          3.8G       3.7G       124M       5.7M        27M       3.2G

MemTotal:        4016004 kB
MemFree:          124868 kB
Active:           377696 kB
Mem:          3.8G       3.7G       121M       5.7M        27M       3.2G

MemTotal:        4016004 kB
MemFree:          111768 kB
Active:           375268 kB
Mem:          3.8G       3.7G       109M       5.7M        27M       3.3G

MemTotal:        4016004 kB
MemFree:          127388 kB
Active:           375164 kB
Mem:          3.8G       3.7G       124M       5.7M        27M       3.2G

MemTotal:        4016004 kB
MemFree:          136928 kB
Active:           375128 kB
Mem:          3.8G       3.7G       133M       5.7M        27M       3.2G

MemTotal:        4016004 kB
MemFree:          104480 kB
Active:           375144 kB
Mem:          3.8G       3.7G       110M       5.7M        27M       3.3G

MemTotal:        4016004 kB
MemFree:          133572 kB
Active:           375196 kB
Mem:          3.8G       3.7G       130M       5.7M        27M       3.2G

MemTotal:        4016004 kB
MemFree:          125128 kB
Active:           375196 kB
Mem:          3.8G       3.7G       122M       5.7M        27M       3.2G

MemTotal:        4016004 kB
MemFree:          127952 kB
Active:           375188 kB
Mem:          3.8G       3.7G       124M       5.7M        27M       3.2G

MemTotal:        4016004 kB
MemFree:          129964 kB
Active:           375200 kB
Mem:          3.8G       3.7G       126M       5.7M        27M       3.2G

MemTotal:        4016004 kB
MemFree:          132224 kB
Active:           375192 kB
Mem:          3.8G       3.7G       129M       5.7M        27M       3.2G

MemTotal:        4016004 kB
MemFree:          125680 kB
Active:           373316 kB
Mem:          3.8G       3.7G       122M       5.7M        27M       3.2G

MemTotal:        4016004 kB
MemFree:          117028 kB
Active:           373340 kB
Mem:          3.8G       3.7G       114M       5.7M        27M       3.2G

MemTotal:        4016004 kB
MemFree:          107724 kB
Active:           373364 kB
Mem:          3.8G       3.7G       105M       5.7M        27M       3.3G

MemTotal:        4016004 kB
MemFree:          115756 kB
Active:           373364 kB
Mem:          3.8G       3.7G       112M       5.7M        27M       3.2G

MemTotal:        4016004 kB
MemFree:          138112 kB
Active:           373364 kB
Mem:          3.8G       3.7G       134M       5.7M        27M       3.2G

MemTotal:        4016004 kB
MemFree:          118176 kB
Active:           373396 kB
Mem:          3.8G       3.7G       115M       5.7M        27M       3.2G

MemTotal:        4016004 kB
MemFree:          109572 kB
Active:           373400 kB
Mem:          3.8G       3.7G       106M       5.7M        27M       3.3G

MemTotal:        4016004 kB
MemFree:          118316 kB
Active:           373400 kB
Mem:          3.8G       3.7G       115M       5.7M        27M       3.2G

MemTotal:        4016004 kB
MemFree:          134672 kB
Active:           373360 kB
Mem:          3.8G       3.7G       130M       5.7M        27M       3.2G

MemTotal:        4016004 kB
MemFree:          127412 kB
Active:           373400 kB
Mem:          3.8G       3.7G       123M       5.7M        27M       3.2G

MemTotal:        4016004 kB
MemFree:          130588 kB
Active:           371952 kB
Mem:          3.8G       3.7G       127M       5.7M        27M       3.2G

MemTotal:        4016004 kB
MemFree:          133428 kB
Active:           371956 kB
Mem:          3.8G       3.7G       130M       5.7M        27M       3.2G

MemTotal:        4016004 kB
MemFree:          125916 kB
Active:           372000 kB
Mem:          3.8G       3.7G       122M       5.7M        27M       3.2G

MemTotal:        4016004 kB
MemFree:          128920 kB
Active:           371984 kB
Mem:          3.8G       3.7G       124M       5.7M        27M       3.2G

MemTotal:        4016004 kB
MemFree:          126200 kB
Active:           371996 kB
Mem:          3.8G       3.7G       123M       5.7M        27M       3.2G

MemTotal:        4016004 kB
MemFree:          124740 kB
Active:           372008 kB
Mem:          3.8G       3.7G       121M       5.7M        27M       3.2G

MemTotal:        4016004 kB
MemFree:          124200 kB
Active:           371972 kB
Mem:          3.8G       3.7G       121M       5.7M        27M       3.2G

MemTotal:        4016004 kB
MemFree:          120664 kB
Active:           371996 kB
Mem:          3.8G       3.7G       117M       5.7M        27M       3.2G

MemTotal:        4016004 kB
MemFree:          111116 kB
Active:           372044 kB
Mem:          3.8G       3.7G       108M       5.7M        27M       3.3G

MemTotal:        4016004 kB
MemFree:          133396 kB
Active:           372044 kB
Mem:          3.8G       3.7G       129M       5.7M        27M       3.2G

MemTotal:        4016004 kB
MemFree:          118428 kB
Active:           372052 kB
Mem:          3.8G       3.7G       115M       5.7M        27M       3.2G

MemTotal:        4016004 kB
MemFree:          109796 kB
Active:           372004 kB
Mem:          3.8G       3.7G       107M       5.7M        27M       3.3G

MemTotal:        4016004 kB
MemFree:          135452 kB
Active:           362396 kB
Mem:          3.8G       3.7G       132M       5.7M        27M       3.2G

MemTotal:        4016004 kB
MemFree:          126828 kB
Active:           362392 kB
Mem:          3.8G       3.7G       123M       5.7M        27M       3.2G

MemTotal:        4016004 kB
MemFree:          128344 kB
Active:           362396 kB
Mem:          3.8G       3.7G       124M       5.7M        27M       3.2G

MemTotal:        4016004 kB
MemFree:          105928 kB
Active:           362404 kB
Mem:          3.8G       3.7G       103M       5.7M        27M       3.3G

MemTotal:        4016004 kB
MemFree:          127232 kB
Active:           362416 kB
Mem:          3.8G       3.7G       124M       5.7M        27M       3.2G

MemTotal:        4016004 kB
MemFree:          108832 kB
Active:           362428 kB
Mem:          3.8G       3.7G       105M       5.7M        27M       3.3G

MemTotal:        4016004 kB
MemFree:          130320 kB
Active:           362420 kB
Mem:          3.8G       3.7G       127M       5.7M        27M       3.2G

MemTotal:        4016004 kB
MemFree:          126940 kB
Active:           362424 kB
Mem:          3.8G       3.7G       123M       5.7M        27M       3.2G

MemTotal:        4016004 kB
MemFree:          123884 kB
Active:           362436 kB
Mem:          3.8G       3.7G       120M       5.7M        27M       3.2G

MemTotal:        4016004 kB
MemFree:          127996 kB
Active:           362428 kB
Mem:          3.8G       3.7G       125M       5.7M        27M       3.2G

MemTotal:        4016004 kB
MemFree:          124200 kB
Active:           362436 kB
Mem:          3.8G       3.7G       121M       5.7M        27M       3.2G

MemTotal:        4016004 kB
MemFree:          106120 kB
Active:           362444 kB
Mem:          3.8G       3.7G       103M       5.7M        27M       3.3G

MemTotal:        4016004 kB
MemFree:          124636 kB
Active:           361624 kB
Mem:          3.8G       3.7G       121M       5.7M        27M       3.2G

MemTotal:        4016004 kB
MemFree:          105472 kB
Active:           361444 kB
Mem:          3.8G       3.7G       105M       5.7M        27M       3.3G

MemTotal:        4016004 kB
MemFree:          127932 kB
Active:           361436 kB
Mem:          3.8G       3.7G       125M       5.7M        27M       3.2G

MemTotal:        4016004 kB
MemFree:          114008 kB
Active:           361456 kB
Mem:          3.8G       3.7G       111M       5.7M        27M       3.2G

MemTotal:        4016004 kB
MemFree:          106760 kB
Active:           361468 kB
Mem:          3.8G       3.7G       104M       5.7M        27M       3.3G

MemTotal:        4016004 kB
MemFree:          125052 kB
Active:           361468 kB
Mem:          3.8G       3.7G       121M       5.7M        27M       3.2G

MemTotal:        4016004 kB
MemFree:          107132 kB
Active:           361500 kB
Mem:          3.8G       3.7G       103M       5.7M        27M       3.3G

MemTotal:        4016004 kB
MemFree:          135088 kB
Active:           361516 kB
Mem:          3.8G       3.7G       131M       5.7M        27M       3.2G

MemTotal:        4016004 kB
MemFree:          145452 kB
Active:           361484 kB
Mem:          3.8G       3.7G       142M       5.7M        27M       3.2G

MemTotal:        4016004 kB
MemFree:          126212 kB
Active:           361512 kB
Mem:          3.8G       3.7G       122M       5.7M        27M       3.2G

MemTotal:        4016004 kB
MemFree:          122904 kB
Active:           361484 kB
Mem:          3.8G       3.7G       119M       5.7M        27M       3.2G

MemTotal:        4016004 kB
MemFree:          105112 kB
Active:           361524 kB
Mem:          3.8G       3.7G       106M       5.7M        27M       3.3G

MemTotal:        4016004 kB
MemFree:          125400 kB
Active:           361396 kB
Mem:          3.8G       3.7G       122M       5.7M        27M       3.2G

MemTotal:        4016004 kB
MemFree:          112224 kB
Active:           359596 kB
Mem:          3.8G       3.7G       109M       5.7M        27M       3.2G

MemTotal:        4016004 kB
MemFree:          127368 kB
Active:           359508 kB
Mem:          3.8G       3.7G       124M       5.7M        27M       3.2G

MemTotal:        4016004 kB
MemFree:          119116 kB
Active:           359504 kB
Mem:          3.8G       3.7G       116M       5.7M        27M       3.2G

MemTotal:        4016004 kB
MemFree:          110304 kB
Active:           359560 kB
Mem:          3.8G       3.7G       107M       5.7M        27M       3.2G

MemTotal:        4016004 kB
MemFree:          109068 kB
Active:           359508 kB
Mem:          3.8G       3.7G       106M       5.7M        27M       3.3G

MemTotal:        4016004 kB
MemFree:          127360 kB
Active:           359520 kB
Mem:          3.8G       3.7G       124M       5.7M        27M       3.2G

MemTotal:        4016004 kB
MemFree:          122004 kB
Active:           359544 kB
Mem:          3.8G       3.7G       118M       5.7M        27M       3.2G

MemTotal:        4016004 kB
MemFree:          125760 kB
Active:           359584 kB
Mem:          3.8G       3.7G       122M       5.7M        27M       3.2G

MemTotal:        4016004 kB
MemFree:          123576 kB
Active:           359572 kB
Mem:          3.8G       3.7G       119M       5.7M        27M       3.2G

MemTotal:        4016004 kB
MemFree:          109220 kB
Active:           359588 kB
Mem:          3.8G       3.7G       106M       5.7M        27M       3.3G

MemTotal:        4016004 kB
MemFree:          130964 kB
Active:           359592 kB
Mem:          3.8G       3.7G       127M       5.7M        27M       3.2G

MemTotal:        4016004 kB
MemFree:          121800 kB
Active:           359592 kB
Mem:          3.8G       3.7G       119M       5.7M        27M       3.2G

MemTotal:        4016004 kB
MemFree:          125316 kB
Active:           359600 kB
Mem:          3.8G       3.7G       121M       5.7M        27M       3.2G

MemTotal:        4016004 kB
MemFree:          126428 kB
Active:           359600 kB
Mem:          3.8G       3.7G       123M       5.7M        27M       3.2G

MemTotal:        4016004 kB
MemFree:          111080 kB
Active:           359600 kB
Mem:          3.8G       3.7G       107M       5.7M        27M       3.2G

MemTotal:        4016004 kB
MemFree:          116500 kB
Active:           359600 kB
Mem:          3.8G       3.7G       114M       5.7M        27M       3.2G

MemTotal:        4016004 kB
MemFree:          138520 kB
Active:           356092 kB
Mem:          3.8G       3.7G       135M       5.7M        27M       3.2G

MemTotal:        4016004 kB
MemFree:          141824 kB
Active:           356040 kB
Mem:          3.8G       3.7G       138M       5.7M        27M       3.2G

MemTotal:        4016004 kB
MemFree:          135268 kB
Active:           356096 kB
Mem:          3.8G       3.7G       131M       5.7M        27M       3.2G

MemTotal:        4016004 kB
MemFree:          128756 kB
Active:           356100 kB
Mem:          3.8G       3.7G       124M       5.7M        27M       3.2G

MemTotal:        4016004 kB
MemFree:          133620 kB
Active:           356064 kB
Mem:          3.8G       3.7G       130M       5.7M        27M       3.2G

MemTotal:        4016004 kB
MemFree:          112924 kB
Active:           356096 kB
Mem:          3.8G       3.7G       110M       5.7M        27M       3.2G

MemTotal:        4016004 kB
MemFree:          128112 kB
Active:           356116 kB
Mem:          3.8G       3.7G       124M       5.7M        27M       3.2G

MemTotal:        4016004 kB
MemFree:          125784 kB
Active:           356068 kB
Mem:          3.8G       3.7G       122M       5.7M        27M       3.2G

MemTotal:        4016004 kB
MemFree:          126280 kB
Active:           356116 kB
Mem:          3.8G       3.7G       122M       5.7M        27M       3.2G

MemTotal:        4016004 kB
MemFree:          123196 kB
Active:           356120 kB
Mem:          3.8G       3.7G       120M       5.7M        27M       3.2G

MemTotal:        4016004 kB
MemFree:          106264 kB
Active:           356104 kB
Mem:          3.8G       3.7G       103M       5.7M        27M       3.3G

MemTotal:        4016004 kB
MemFree:          126536 kB
Active:           356128 kB
Mem:          3.8G       3.7G       123M       5.7M        27M       3.2G

MemTotal:        4016004 kB
MemFree:          126476 kB
Active:           356140 kB
Mem:          3.8G       3.7G       123M       5.7M        27M       3.2G

MemTotal:        4016004 kB
MemFree:          135452 kB
Active:           356148 kB
Mem:          3.8G       3.7G       132M       5.7M        27M       3.2G

MemTotal:        4016004 kB
MemFree:          127744 kB
Active:           356148 kB
Mem:          3.8G       3.7G       124M       5.7M        27M       3.2G

MemTotal:        4016004 kB
MemFree:          106868 kB
Active:           356148 kB
Mem:          3.8G       3.7G       104M       5.7M        27M       3.3G

MemTotal:        4016004 kB
MemFree:          134808 kB
Active:           356148 kB
Mem:          3.8G       3.7G       131M       5.7M        27M       3.2G

MemTotal:        4016004 kB
MemFree:          134152 kB
Active:           356104 kB
Mem:          3.8G       3.7G       131M       5.7M        27M       3.2G

MemTotal:        4016004 kB
MemFree:          126044 kB
Active:           356104 kB
Mem:          3.8G       3.7G       123M       5.7M        27M       3.2G

MemTotal:        4016004 kB
MemFree:          109544 kB
Active:           353256 kB
Mem:          3.8G       3.7G       106M       5.7M        27M       3.2G

MemTotal:        4016004 kB
MemFree:          126080 kB
Active:           353248 kB
Mem:          3.8G       3.7G       122M       5.7M        27M       3.2G

MemTotal:        4016004 kB
MemFree:          105120 kB
Active:           353260 kB
Mem:          3.8G       3.7G       102M       5.7M        27M       3.3G

MemTotal:        4016004 kB
MemFree:          106356 kB
Active:           353312 kB
Mem:          3.8G       3.7G       103M       5.7M        27M       3.3G

MemTotal:        4016004 kB
MemFree:          132972 kB
Active:           352832 kB
Mem:          3.8G       3.7G       129M       5.7M        27M       3.2G

MemTotal:        4016004 kB
MemFree:          132972 kB
Active:           352840 kB
Mem:          3.8G       3.7G       129M       5.7M        27M       3.2G

MemTotal:        4016004 kB
MemFree:          132228 kB
Active:           352888 kB
Mem:          3.8G       3.7G       129M       5.7M        27M       3.2G

MemTotal:        4016004 kB
MemFree:          132848 kB
Active:           352872 kB
Mem:          3.8G       3.7G       129M       5.7M        27M       3.2G

MemTotal:        4016004 kB
MemFree:          132032 kB
Active:           352892 kB
Mem:          3.8G       3.7G       128M       5.7M        27M       3.2G

MemTotal:        4016004 kB
MemFree:          132060 kB
Active:           352848 kB
Mem:          3.8G       3.7G       128M       5.7M        27M       3.2G

MemTotal:        4016004 kB
MemFree:          132092 kB
Active:           352876 kB
Mem:          3.8G       3.7G       128M       5.7M        27M       3.2G

MemTotal:        4016004 kB
MemFree:          132156 kB
Active:           352872 kB
Mem:          3.8G       3.7G       129M       5.7M        27M       3.2G

MemTotal:        4016004 kB
MemFree:          132444 kB
Active:           352884 kB
Mem:          3.8G       3.7G       129M       5.7M        27M       3.2G

MemTotal:        4016004 kB
MemFree:          132072 kB
Active:           352920 kB
Mem:          3.8G       3.7G       129M       5.7M        27M       3.2G

MemTotal:        4016004 kB
MemFree:          132692 kB
Active:           352872 kB
Mem:          3.8G       3.7G       129M       5.7M        27M       3.2G

MemTotal:        4016004 kB
MemFree:          132692 kB
Active:           352904 kB
Mem:          3.8G       3.7G       129M       5.7M        27M       3.2G

MemTotal:        4016004 kB
MemFree:          132320 kB
Active:           352936 kB
Mem:          3.8G       3.7G       129M       5.7M        27M       3.2G

MemTotal:        4016004 kB
MemFree:          132692 kB
Active:           352912 kB
Mem:          3.8G       3.7G       129M       5.7M        27M       3.2G

MemTotal:        4016004 kB
MemFree:          132692 kB
Active:           352880 kB
Mem:          3.8G       3.7G       129M       5.7M        27M       3.2G

MemTotal:        4016004 kB
MemFree:          132692 kB
Active:           352884 kB
Mem:          3.8G       3.7G       129M       5.7M        27M       3.2G

MemTotal:        4016004 kB
MemFree:          132196 kB
Active:           352940 kB
Mem:          3.8G       3.7G       129M       5.7M        27M       3.2G

MemTotal:        4016004 kB
MemFree:          132444 kB
Active:           352932 kB
Mem:          3.8G       3.7G       129M       5.7M        27M       3.2G

MemTotal:        4016004 kB
MemFree:          132196 kB
Active:           352948 kB
Mem:          3.8G       3.7G       129M       5.7M        27M       3.2G

MemTotal:        4016004 kB
MemFree:          132692 kB
Active:           352940 kB
Mem:          3.8G       3.7G       129M       5.7M        27M       3.2G

MemTotal:        4016004 kB
MemFree:          132692 kB
Active:           352932 kB
Mem:          3.8G       3.7G       129M       5.7M        27M       3.2G

MemTotal:        4016004 kB
MemFree:          132692 kB
Active:           352912 kB
Mem:          3.8G       3.7G       129M       5.7M        27M       3.2G

MemTotal:        4016004 kB
MemFree:          132816 kB
Active:           352900 kB
Mem:          3.8G       3.7G       129M       5.7M        27M       3.2G

MemTotal:        4016004 kB
MemFree:          132940 kB
Active:           352940 kB
Mem:          3.8G       3.7G       129M       5.7M        27M       3.2G

MemTotal:        4016004 kB
MemFree:          132692 kB
Active:           352948 kB
Mem:          3.8G       3.7G       129M       5.7M        27M       3.2G

MemTotal:        4016004 kB
MemFree:          132692 kB
Active:           352948 kB
Mem:          3.8G       3.7G       129M       5.7M        27M       3.2G

MemTotal:        4016004 kB
MemFree:          132816 kB
Active:           352952 kB
Mem:          3.8G       3.7G       129M       5.7M        27M       3.2G

MemTotal:        4016004 kB
MemFree:          133188 kB
Active:           352904 kB
Mem:          3.8G       3.7G       129M       5.7M        27M       3.2G

MemTotal:        4016004 kB
MemFree:          132816 kB
Active:           352944 kB
Mem:          3.8G       3.7G       129M       5.7M        27M       3.2G

MemTotal:        4016004 kB
MemFree:          132692 kB
Active:           352932 kB
Mem:          3.8G       3.7G       129M       5.7M        27M       3.2G

MemTotal:        4016004 kB
MemFree:          132816 kB
Active:           352960 kB
Mem:          3.8G       3.7G       129M       5.7M        27M       3.2G

MemTotal:        4016004 kB
MemFree:          132816 kB
Active:           352944 kB
Mem:          3.8G       3.7G       129M       5.7M        27M       3.2G

MemTotal:        4016004 kB
MemFree:          132692 kB
Active:           352924 kB
Mem:          3.8G       3.7G       129M       5.7M        27M       3.2G

MemTotal:        4016004 kB
MemFree:          132816 kB
Active:           352944 kB
Mem:          3.8G       3.7G       129M       5.7M        27M       3.2G

MemTotal:        4016004 kB
MemFree:          132768 kB
Active:           352952 kB
Mem:          3.8G       3.7G       129M       5.7M        27M       3.2G

MemTotal:        4016004 kB
MemFree:          132444 kB
Active:           352964 kB
Mem:          3.8G       3.7G       129M       5.7M        27M       3.2G

MemTotal:        4016004 kB
MemFree:          132816 kB
Active:           352908 kB
Mem:          3.8G       3.7G       129M       5.7M        27M       3.2G

MemTotal:        4016004 kB
MemFree:          132692 kB
Active:           352912 kB
Mem:          3.8G       3.7G       129M       5.7M        27M       3.2G

MemTotal:        4016004 kB
MemFree:          133188 kB
Active:           352920 kB
Mem:          3.8G       3.7G       129M       5.7M        27M       3.2G

MemTotal:        4016004 kB
MemFree:          132692 kB
Active:           352968 kB
Mem:          3.8G       3.7G       129M       5.7M        27M       3.2G

MemTotal:        4016004 kB
MemFree:          132940 kB
Active:           352948 kB
Mem:          3.8G       3.7G       129M       5.7M        27M       3.2G

MemTotal:        4016004 kB
MemFree:          133188 kB
Active:           352972 kB
Mem:          3.8G       3.7G       130M       5.7M        27M       3.2G

MemTotal:        4016004 kB
MemFree:          133188 kB
Active:           352928 kB
Mem:          3.8G       3.7G       129M       5.7M        27M       3.2G

MemTotal:        4016004 kB
MemFree:          132816 kB
Active:           352976 kB
Mem:          3.8G       3.7G       129M       5.7M        27M       3.2G

MemTotal:        4016004 kB
MemFree:          132816 kB
Active:           352944 kB
Mem:          3.8G       3.7G       129M       5.7M        27M       3.2G

MemTotal:        4016004 kB
MemFree:          132708 kB
Active:           352968 kB
Mem:          3.8G       3.7G       129M       5.7M        27M       3.2G

MemTotal:        4016004 kB
MemFree:          132584 kB
Active:           352952 kB
Mem:          3.8G       3.7G       129M       5.7M        27M       3.2G

MemTotal:        4016004 kB
MemFree:          132832 kB
Active:           352960 kB
Mem:          3.8G       3.7G       129M       5.7M        27M       3.2G

MemTotal:        4016004 kB
MemFree:          132832 kB
Active:           352936 kB
Mem:          3.8G       3.7G       129M       5.7M        27M       3.2G

MemTotal:        4016004 kB
MemFree:          132956 kB
Active:           352944 kB
Mem:          3.8G       3.7G       129M       5.7M        27M       3.2G

MemTotal:        4016004 kB
MemFree:          132956 kB
Active:           352968 kB
Mem:          3.8G       3.7G       129M       5.7M        27M       3.2G

MemTotal:        4016004 kB
MemFree:          132460 kB
Active:           353000 kB
Mem:          3.8G       3.7G       129M       5.7M        27M       3.2G

MemTotal:        4016004 kB
MemFree:          132956 kB
Active:           352948 kB
Mem:          3.8G       3.7G       129M       5.7M        27M       3.2G

MemTotal:        4016004 kB
MemFree:          132088 kB
Active:           353008 kB
Mem:          3.8G       3.7G       129M       5.7M        27M       3.2G

MemTotal:        4016004 kB
MemFree:          132708 kB
Active:           352976 kB
Mem:          3.8G       3.7G       129M       5.7M        27M       3.2G

MemTotal:        4016004 kB
MemFree:          133080 kB
Active:           352976 kB
Mem:          3.8G       3.7G       129M       5.7M        27M       3.2G

MemTotal:        4016004 kB
MemFree:          132832 kB
Active:           352992 kB
Mem:          3.8G       3.7G       129M       5.7M        27M       3.2G

MemTotal:        4016004 kB
MemFree:          132336 kB
Active:           353008 kB
Mem:          3.8G       3.7G       129M       5.7M        27M       3.2G

MemTotal:        4016004 kB
MemFree:          132584 kB
Active:           353012 kB
Mem:          3.8G       3.7G       129M       5.7M        27M       3.2G

MemTotal:        4016004 kB
MemFree:          133080 kB
Active:           353000 kB
Mem:          3.8G       3.7G       129M       5.7M        27M       3.2G

MemTotal:        4016004 kB
MemFree:          133080 kB
Active:           352976 kB
Mem:          3.8G       3.7G       129M       5.7M        27M       3.2G

MemTotal:        4016004 kB
MemFree:          133080 kB
Active:           352992 kB
Mem:          3.8G       3.7G       129M       5.7M        27M       3.2G

MemTotal:        4016004 kB
MemFree:          132584 kB
Active:           353024 kB
Mem:          3.8G       3.7G       129M       5.7M        27M       3.2G

MemTotal:        4016004 kB
MemFree:          132832 kB
Active:           353000 kB
Mem:          3.8G       3.7G       129M       5.7M        27M       3.2G

MemTotal:        4016004 kB
MemFree:          133080 kB
Active:           353028 kB
Mem:          3.8G       3.7G       129M       5.7M        27M       3.2G

MemTotal:        4016004 kB
MemFree:          133204 kB
Active:           352976 kB
Mem:          3.8G       3.7G       129M       5.7M        27M       3.2G

MemTotal:        4016004 kB
MemFree:          132832 kB
Active:           353040 kB
Mem:          3.8G       3.7G       129M       5.7M        27M       3.2G

MemTotal:        4016004 kB
MemFree:          132460 kB
Active:           353040 kB
Mem:          3.8G       3.7G       129M       5.7M        27M       3.2G

MemTotal:        4016004 kB
MemFree:          132708 kB
Active:           353032 kB
Mem:          3.8G       3.7G       129M       5.7M        27M       3.2G

MemTotal:        4016004 kB
MemFree:          132832 kB
Active:           352992 kB
Mem:          3.8G       3.7G       129M       5.7M        27M       3.2G

MemTotal:        4016004 kB
MemFree:          133080 kB
Active:           353020 kB
Mem:          3.8G       3.7G       129M       5.7M        27M       3.2G

MemTotal:        4016004 kB
MemFree:          132956 kB
Active:           353004 kB
Mem:          3.8G       3.7G       129M       5.7M        27M       3.2G

MemTotal:        4016004 kB
MemFree:          133204 kB
Active:           352996 kB
Mem:          3.8G       3.7G       130M       5.7M        27M       3.2G

MemTotal:        4016004 kB
MemFree:          132956 kB
Active:           353048 kB
Mem:          3.8G       3.7G       129M       5.7M        27M       3.2G

MemTotal:        4016004 kB
MemFree:          132956 kB
Active:           353012 kB
Mem:          3.8G       3.7G       129M       5.7M        27M       3.2G

MemTotal:        4016004 kB
MemFree:          132956 kB
Active:           353028 kB
Mem:          3.8G       3.7G       129M       5.7M        27M       3.2G

MemTotal:        4016004 kB
MemFree:          132832 kB
Active:           353012 kB
Mem:          3.8G       3.7G       129M       5.7M        27M       3.2G

MemTotal:        4016004 kB
MemFree:          132584 kB
Active:           353060 kB
Mem:          3.8G       3.7G       129M       5.7M        27M       3.2G

MemTotal:        4016004 kB
MemFree:          132088 kB
Active:           353060 kB
Mem:          3.8G       3.7G       129M       5.7M        27M       3.2G

MemTotal:        4016004 kB
MemFree:          132212 kB
Active:           353076 kB
Mem:          3.8G       3.7G       128M       5.7M        27M       3.2G

MemTotal:        4016004 kB
MemFree:          132336 kB
Active:           353076 kB
Mem:          3.8G       3.7G       129M       5.7M        27M       3.2G

MemTotal:        4016004 kB
MemFree:          132584 kB
Active:           353328 kB
Mem:          3.8G       3.7G       129M       5.7M        27M       3.2G

MemTotal:        4016004 kB
MemFree:          132196 kB
Active:           353112 kB
Mem:          3.8G       3.7G       129M       5.7M        27M       3.2G

MemTotal:        4016004 kB
MemFree:          132196 kB
Active:           353112 kB
Mem:          3.8G       3.7G       129M       5.7M        27M       3.2G

MemTotal:        4016004 kB
MemFree:          132568 kB
Active:           353100 kB
Mem:          3.8G       3.7G       129M       5.7M        27M       3.2G

MemTotal:        4016004 kB
MemFree:          132568 kB
Active:           353076 kB
Mem:          3.8G       3.7G       129M       5.7M        27M       3.2G

MemTotal:        4016004 kB
MemFree:          132568 kB
Active:           353092 kB
Mem:          3.8G       3.7G       129M       5.7M        27M       3.2G

MemTotal:        4016004 kB
MemFree:          132568 kB
Active:           353112 kB
Mem:          3.8G       3.7G       129M       5.7M        27M       3.2G

MemTotal:        4016004 kB
MemFree:          132568 kB
Active:           353092 kB
Mem:          3.8G       3.7G       129M       5.7M        27M       3.2G

MemTotal:        4016004 kB
MemFree:          132196 kB
Active:           353084 kB
Mem:          3.8G       3.7G       129M       5.7M        27M       3.2G

MemTotal:        4016004 kB
MemFree:          132320 kB
Active:           353116 kB
Mem:          3.8G       3.7G       129M       5.7M        27M       3.2G

MemTotal:        4016004 kB
MemFree:          132072 kB
Active:           353124 kB
Mem:          3.8G       3.7G       129M       5.7M        27M       3.2G

MemTotal:        4016004 kB
MemFree:          132444 kB
Active:           353116 kB
Mem:          3.8G       3.7G       129M       5.7M        27M       3.2G

MemTotal:        4016004 kB
MemFree:          132692 kB
Active:           353108 kB
Mem:          3.8G       3.7G       129M       5.7M        27M       3.2G

MemTotal:        4016004 kB
MemFree:          132444 kB
Active:           353132 kB
Mem:          3.8G       3.7G       129M       5.7M        27M       3.2G

MemTotal:        4016004 kB
MemFree:          132568 kB
Active:           353088 kB
Mem:          3.8G       3.7G       129M       5.7M        27M       3.2G

MemTotal:        4016004 kB
MemFree:          132568 kB
Active:           353136 kB
Mem:          3.8G       3.7G       129M       5.7M        27M       3.2G

MemTotal:        4016004 kB
MemFree:          132444 kB
Active:           353136 kB
Mem:          3.8G       3.7G       129M       5.7M        27M       3.2G

MemTotal:        4016004 kB
MemFree:          132584 kB
Active:           353072 kB
Mem:          3.8G       3.7G       129M       5.7M        27M       3.2G

MemTotal:        4016004 kB
MemFree:          132692 kB
Active:           353088 kB
Mem:          3.8G       3.7G       129M       5.7M        27M       3.2G

MemTotal:        4016004 kB
MemFree:          132196 kB
Active:           353136 kB
Mem:          3.8G       3.7G       129M       5.7M        27M       3.2G

MemTotal:        4016004 kB
MemFree:          132552 kB
Active:           353096 kB
Mem:          3.8G       3.7G       129M       5.7M        27M       3.2G

MemTotal:        4016004 kB
MemFree:          132956 kB
Active:           353124 kB
Mem:          3.8G       3.7G       129M       5.7M        27M       3.2G

MemTotal:        4016004 kB
MemFree:          132584 kB
Active:           353136 kB
Mem:          3.8G       3.7G       129M       5.7M        27M       3.2G

MemTotal:        4016004 kB
MemFree:          132956 kB
Active:           353136 kB
Mem:          3.8G       3.7G       129M       5.7M        27M       3.2G

MemTotal:        4016004 kB
MemFree:          132956 kB
Active:           353096 kB
Mem:          3.8G       3.7G       129M       5.7M        27M       3.2G

MemTotal:        4016004 kB
MemFree:          132956 kB
Active:           353132 kB
Mem:          3.8G       3.7G       129M       5.7M        27M       3.2G

MemTotal:        4016004 kB
MemFree:          133080 kB
Active:           353132 kB
Mem:          3.8G       3.7G       129M       5.7M        27M       3.2G

MemTotal:        4016004 kB
MemFree:          133080 kB
Active:           353140 kB
Mem:          3.8G       3.7G       129M       5.7M        27M       3.2G

MemTotal:        4016004 kB
MemFree:          133080 kB
Active:           353148 kB
Mem:          3.8G       3.7G       129M       5.7M        27M       3.2G

MemTotal:        4016004 kB
MemFree:          133204 kB
Active:           353120 kB
Mem:          3.8G       3.7G       129M       5.7M        27M       3.2G

MemTotal:        4016004 kB
MemFree:          133080 kB
Active:           353148 kB
Mem:          3.8G       3.7G       129M       5.7M        27M       3.2G

MemTotal:        4016004 kB
MemFree:          133204 kB
Active:           353116 kB
Mem:          3.8G       3.7G       130M       5.7M        27M       3.2G

MemTotal:        4016004 kB
MemFree:          133080 kB
Active:           353140 kB
Mem:          3.8G       3.7G       129M       5.7M        27M       3.2G

MemTotal:        4016004 kB
MemFree:          132832 kB
Active:           353136 kB
Mem:          3.8G       3.7G       129M       5.7M        27M       3.2G

MemTotal:        4016004 kB
MemFree:          132832 kB
Active:           353152 kB
Mem:          3.8G       3.7G       129M       5.7M        27M       3.2G

MemTotal:        4016004 kB
MemFree:          132956 kB
Active:           353108 kB
Mem:          3.8G       3.7G       129M       5.7M        27M       3.2G

MemTotal:        4016004 kB
MemFree:          132708 kB
Active:           353156 kB
Mem:          3.8G       3.7G       129M       5.7M        27M       3.2G

MemTotal:        4016004 kB
MemFree:          132584 kB
Active:           353120 kB
Mem:          3.8G       3.7G       129M       5.7M        27M       3.2G

MemTotal:        4016004 kB
MemFree:          132708 kB
Active:           353164 kB
Mem:          3.8G       3.7G       129M       5.7M        27M       3.2G

MemTotal:        4016004 kB
MemFree:          132956 kB
Active:           353132 kB
Mem:          3.8G       3.7G       129M       5.7M        27M       3.2G

MemTotal:        4016004 kB
MemFree:          132956 kB
Active:           353136 kB
Mem:          3.8G       3.7G       129M       5.7M        27M       3.2G

MemTotal:        4016004 kB
MemFree:          132832 kB
Active:           353160 kB
Mem:          3.8G       3.7G       129M       5.7M        27M       3.2G

MemTotal:        4016004 kB
MemFree:          133080 kB
Active:           353164 kB
Mem:          3.8G       3.7G       129M       5.7M        27M       3.2G

MemTotal:        4016004 kB
MemFree:          132956 kB
Active:           353176 kB
Mem:          3.8G       3.7G       129M       5.7M        27M       3.2G

MemTotal:        4016004 kB
MemFree:          132956 kB
Active:           353120 kB
Mem:          3.8G       3.7G       129M       5.7M        27M       3.2G

MemTotal:        4016004 kB
MemFree:          132956 kB
Active:           353176 kB
Mem:          3.8G       3.7G       129M       5.7M        27M       3.2G

MemTotal:        4016004 kB
MemFree:          132956 kB
Active:           353168 kB
Mem:          3.8G       3.7G       129M       5.7M        27M       3.2G

MemTotal:        4016004 kB
MemFree:          132832 kB
Active:           353160 kB
Mem:          3.8G       3.7G       129M       5.7M        27M       3.2G

MemTotal:        4016004 kB
MemFree:          133080 kB
Active:           353172 kB
Mem:          3.8G       3.7G       129M       5.7M        27M       3.2G

MemTotal:        4016004 kB
MemFree:          133080 kB
Active:           353132 kB
Mem:          3.8G       3.7G       129M       5.7M        27M       3.2G

MemTotal:        4016004 kB
MemFree:          132956 kB
Active:           353140 kB
Mem:          3.8G       3.7G       129M       5.7M        27M       3.2G

MemTotal:        4016004 kB
MemFree:          133080 kB
Active:           353180 kB
Mem:          3.8G       3.7G       129M       5.7M        27M       3.2G

MemTotal:        4016004 kB
MemFree:          132584 kB
Active:           353200 kB
Mem:          3.8G       3.7G       129M       5.7M        27M       3.2G

MemTotal:        4016004 kB
MemFree:          133080 kB
Active:           353164 kB
Mem:          3.8G       3.7G       129M       5.7M        27M       3.2G

MemTotal:        4016004 kB
MemFree:          132708 kB
Active:           353156 kB
Mem:          3.8G       3.7G       129M       5.7M        27M       3.2G

MemTotal:        4016004 kB
MemFree:          132832 kB
Active:           353188 kB
Mem:          3.8G       3.7G       129M       5.7M        27M       3.2G

MemTotal:        4016004 kB
MemFree:          132336 kB
Active:           353180 kB
Mem:          3.8G       3.7G       129M       5.7M        27M       3.2G

MemTotal:        4016004 kB
MemFree:          132708 kB
Active:           353192 kB
Mem:          3.8G       3.7G       129M       5.7M        27M       3.2G

MemTotal:        4016004 kB
MemFree:          132460 kB
Active:           353204 kB
Mem:          3.8G       3.7G       129M       5.7M        27M       3.2G

MemTotal:        4016004 kB
MemFree:          132584 kB
Active:           353156 kB
Mem:          3.8G       3.7G       129M       5.7M        27M       3.2G

MemTotal:        4016004 kB
MemFree:          132460 kB
Active:           353212 kB
Mem:          3.8G       3.7G       129M       5.7M        27M       3.2G

MemTotal:        4016004 kB
MemFree:          132460 kB
Active:           353176 kB
Mem:          3.8G       3.7G       129M       5.7M        27M       3.2G

MemTotal:        4016004 kB
MemFree:          132584 kB
Active:           353184 kB
Mem:          3.8G       3.7G       129M       5.7M        27M       3.2G

MemTotal:        4016004 kB
MemFree:          132336 kB
Active:           353164 kB
Mem:          3.8G       3.7G       129M       5.7M        27M       3.2G

MemTotal:        4016004 kB
MemFree:          132336 kB
Active:           353192 kB
Mem:          3.8G       3.7G       129M       5.7M        27M       3.2G

MemTotal:        4016004 kB
MemFree:          131840 kB
Active:           353188 kB
Mem:          3.8G       3.7G       128M       5.7M        27M       3.2G

MemTotal:        4016004 kB
MemFree:          132088 kB
Active:           353172 kB
Mem:          3.8G       3.7G       129M       5.7M        27M       3.2G

MemTotal:        4016004 kB
MemFree:          132460 kB
Active:           353208 kB
Mem:          3.8G       3.7G       129M       5.7M        27M       3.2G

MemTotal:        4016004 kB
MemFree:          131964 kB
Active:           353176 kB
Mem:          3.8G       3.7G       128M       5.7M        27M       3.2G

MemTotal:        4016004 kB
MemFree:          131840 kB
Active:           353172 kB
Mem:          3.8G       3.7G       128M       5.7M        27M       3.2G

MemTotal:        4016004 kB
MemFree:          131964 kB
Active:           353180 kB
Mem:          3.8G       3.7G       128M       5.7M        27M       3.2G

MemTotal:        4016004 kB
MemFree:          132460 kB
Active:           353188 kB
Mem:          3.8G       3.7G       129M       5.7M        27M       3.2G

MemTotal:        4016004 kB
MemFree:          131964 kB
Active:           353228 kB
Mem:          3.8G       3.7G       129M       5.7M        27M       3.2G

MemTotal:        4016004 kB
MemFree:          132460 kB
Active:           353224 kB
Mem:          3.8G       3.7G       129M       5.7M        27M       3.2G

MemTotal:        4016004 kB
MemFree:          132832 kB
Active:           353224 kB
Mem:          3.8G       3.7G       129M       5.7M        27M       3.2G

MemTotal:        4016004 kB
MemFree:          132460 kB
Active:           353232 kB
Mem:          3.8G       3.7G       129M       5.7M        27M       3.2G

MemTotal:        4016004 kB
MemFree:          132584 kB
Active:           353188 kB
Mem:          3.8G       3.7G       129M       5.7M        27M       3.2G

MemTotal:        4016004 kB
MemFree:          132212 kB
Active:           353236 kB
Mem:          3.8G       3.7G       129M       5.7M        27M       3.2G

MemTotal:        4016004 kB
MemFree:          132584 kB
Active:           353212 kB
Mem:          3.8G       3.7G       129M       5.7M        27M       3.2G

MemTotal:        4016004 kB
MemFree:          132584 kB
Active:           353184 kB
Mem:          3.8G       3.7G       129M       5.7M        27M       3.2G

MemTotal:        4016004 kB
MemFree:          132584 kB
Active:           353204 kB
Mem:          3.8G       3.7G       129M       5.7M        27M       3.2G

MemTotal:        4016004 kB
MemFree:          132708 kB
Active:           353216 kB
Mem:          3.8G       3.7G       129M       5.7M        27M       3.2G

MemTotal:        4016004 kB
MemFree:          132460 kB
Active:           353236 kB
Mem:          3.8G       3.7G       129M       5.7M        27M       3.2G

MemTotal:        4016004 kB
MemFree:          132212 kB
Active:           353252 kB
Mem:          3.8G       3.7G       129M       5.7M        27M       3.2G

MemTotal:        4016004 kB
MemFree:          132460 kB
Active:           353232 kB
Mem:          3.8G       3.7G       129M       5.7M        27M       3.2G

MemTotal:        4016004 kB
MemFree:          132444 kB
Active:           353212 kB
Mem:          3.8G       3.7G       129M       5.7M        27M       3.2G

MemTotal:        4016004 kB
MemFree:          132584 kB
Active:           353220 kB
Mem:          3.8G       3.7G       129M       5.7M        27M       3.2G

MemTotal:        4016004 kB
MemFree:          132584 kB
Active:           353228 kB
Mem:          3.8G       3.7G       129M       5.7M        27M       3.2G

MemTotal:        4016004 kB
MemFree:          132708 kB
Active:           353240 kB
Mem:          3.8G       3.7G       129M       5.7M        27M       3.2G

MemTotal:        4016004 kB
MemFree:          132584 kB
Active:           353260 kB
Mem:          3.8G       3.7G       129M       5.7M        27M       3.2G

MemTotal:        4016004 kB
MemFree:          132584 kB
Active:           353220 kB
Mem:          3.8G       3.7G       129M       5.7M        27M       3.2G

MemTotal:        4016004 kB
MemFree:          133080 kB
Active:           353260 kB
Mem:          3.8G       3.7G       129M       5.7M        27M       3.2G

MemTotal:        4016004 kB
MemFree:          132584 kB
Active:           353248 kB
Mem:          3.8G       3.7G       129M       5.7M        27M       3.2G

MemTotal:        4016004 kB
MemFree:          132584 kB
Active:           353240 kB
Mem:          3.8G       3.7G       129M       5.7M        27M       3.2G

MemTotal:        4016004 kB
MemFree:          132584 kB
Active:           353220 kB
Mem:          3.8G       3.7G       129M       5.7M        27M       3.2G

MemTotal:        4016004 kB
MemFree:          132460 kB
Active:           353268 kB
Mem:          3.8G       3.7G       129M       5.7M        27M       3.2G

MemTotal:        4016004 kB
MemFree:          132584 kB
Active:           353268 kB
Mem:          3.8G       3.7G       129M       5.7M        27M       3.2G

MemTotal:        4016004 kB
MemFree:          132584 kB
Active:           353252 kB
Mem:          3.8G       3.7G       129M       5.7M        27M       3.2G

MemTotal:        4016004 kB
MemFree:          132584 kB
Active:           353240 kB
Mem:          3.8G       3.7G       129M       5.7M        27M       3.2G

MemTotal:        4016004 kB
MemFree:          133080 kB
Active:           353264 kB
Mem:          3.8G       3.7G       129M       5.7M        27M       3.2G

MemTotal:        4016004 kB
MemFree:          132584 kB
Active:           353284 kB
Mem:          3.8G       3.7G       129M       5.7M        27M       3.2G

MemTotal:        4016004 kB
MemFree:          132212 kB
Active:           353284 kB
Mem:          3.8G       3.7G       129M       5.7M        27M       3.2G

MemTotal:        4016004 kB
MemFree:          132568 kB
Active:           353256 kB
Mem:          3.8G       3.7G       129M       5.7M        27M       3.2G

MemTotal:        4016004 kB
MemFree:          132568 kB
Active:           353280 kB
Mem:          3.8G       3.7G       129M       5.7M        27M       3.2G

MemTotal:        4016004 kB
MemFree:          132692 kB
Active:           353280 kB
Mem:          3.8G       3.7G       129M       5.7M        27M       3.2G

MemTotal:        4016004 kB
MemFree:          132568 kB
Active:           353288 kB
Mem:          3.8G       3.7G       129M       5.7M        27M       3.2G

MemTotal:        4016004 kB
MemFree:          132444 kB
Active:           353268 kB
Mem:          3.8G       3.7G       129M       5.7M        27M       3.2G

MemTotal:        4016004 kB
MemFree:          132196 kB
Active:           353296 kB
Mem:          3.8G       3.7G       128M       5.7M        27M       3.2G

MemTotal:        4016004 kB
MemFree:          131824 kB
Active:           353244 kB
Mem:          3.8G       3.7G       128M       5.7M        27M       3.2G

MemTotal:        4016004 kB
MemFree:          131700 kB
Active:           353304 kB
Mem:          3.8G       3.7G       128M       5.7M        27M       3.2G

MemTotal:        4016004 kB
MemFree:          132072 kB
Active:           353268 kB
Mem:          3.8G       3.7G       129M       5.7M        27M       3.2G

MemTotal:        4016004 kB
MemFree:          132072 kB
Active:           353280 kB
Mem:          3.8G       3.7G       129M       5.7M        27M       3.2G

MemTotal:        4016004 kB
MemFree:          132072 kB
Active:           353256 kB
Mem:          3.8G       3.7G       129M       5.7M        27M       3.2G

MemTotal:        4016004 kB
MemFree:          132568 kB
Active:           353280 kB
Mem:          3.8G       3.7G       129M       5.7M        27M       3.2G

MemTotal:        4016004 kB
MemFree:          132816 kB
Active:           353300 kB
Mem:          3.8G       3.7G       129M       5.7M        27M       3.2G

MemTotal:        4016004 kB
MemFree:          132568 kB
Active:           353288 kB
Mem:          3.8G       3.7G       129M       5.7M        27M       3.2G

MemTotal:        4016004 kB
MemFree:          132444 kB
Active:           353300 kB
Mem:          3.8G       3.7G       129M       5.7M        27M       3.2G

MemTotal:        4016004 kB
MemFree:          132692 kB
Active:           353272 kB
Mem:          3.8G       3.7G       129M       5.7M        27M       3.2G

MemTotal:        4016004 kB
MemFree:          132692 kB
Active:           353296 kB
Mem:          3.8G       3.7G       129M       5.7M        27M       3.2G

MemTotal:        4016004 kB
MemFree:          132816 kB
Active:           353260 kB
Mem:          3.8G       3.7G       129M       5.7M        27M       3.2G

MemTotal:        4016004 kB
MemFree:          132444 kB
Active:           353268 kB
Mem:          3.8G       3.7G       129M       5.7M        27M       3.2G

MemTotal:        4016004 kB
MemFree:          132320 kB
Active:           353300 kB
Mem:          3.8G       3.7G       129M       5.7M        27M       3.2G

MemTotal:        4016004 kB
MemFree:          132196 kB
Active:           353312 kB
Mem:          3.8G       3.7G       128M       5.7M        27M       3.2G

MemTotal:        4016004 kB
MemFree:          132444 kB
Active:           353276 kB
Mem:          3.8G       3.7G       129M       5.7M        27M       3.2G

MemTotal:        4016004 kB
MemFree:          132320 kB
Active:           353292 kB
Mem:          3.8G       3.7G       129M       5.7M        27M       3.2G

MemTotal:        4016004 kB
MemFree:          132196 kB
Active:           353268 kB
Mem:          3.8G       3.7G       129M       5.7M        27M       3.2G

MemTotal:        4016004 kB
MemFree:          132444 kB
Active:           353268 kB
Mem:          3.8G       3.7G       129M       5.7M        27M       3.2G

MemTotal:        4016004 kB
MemFree:          132444 kB
Active:           353300 kB
Mem:          3.8G       3.7G       129M       5.7M        27M       3.2G

MemTotal:        4016004 kB
MemFree:          132320 kB
Active:           353264 kB
Mem:          3.8G       3.7G       129M       5.7M        27M       3.2G

MemTotal:        4016004 kB
MemFree:          132196 kB
Active:           353316 kB
Mem:          3.8G       3.7G       129M       5.7M        27M       3.2G

MemTotal:        4016004 kB
MemFree:          132196 kB
Active:           353288 kB
Mem:          3.8G       3.7G       129M       5.7M        27M       3.2G

MemTotal:        4016004 kB
MemFree:          132444 kB
Active:           353316 kB
Mem:          3.8G       3.7G       129M       5.7M        27M       3.2G

MemTotal:        4016004 kB
MemFree:          132320 kB
Active:           353292 kB
Mem:          3.8G       3.7G       129M       5.7M        27M       3.2G

MemTotal:        4016004 kB
MemFree:          132940 kB
Active:           353324 kB
Mem:          3.8G       3.7G       129M       5.7M        27M       3.2G

MemTotal:        4016004 kB
MemFree:          132940 kB
Active:           353280 kB
Mem:          3.8G       3.7G       129M       5.7M        27M       3.2G

MemTotal:        4016004 kB
MemFree:          132816 kB
Active:           353320 kB
Mem:          3.8G       3.7G       129M       5.7M        27M       3.2G

MemTotal:        4016004 kB
MemFree:          132568 kB
Active:           353332 kB
Mem:          3.8G       3.7G       129M       5.7M        27M       3.2G

MemTotal:        4016004 kB
MemFree:          132444 kB
Active:           353336 kB
Mem:          3.8G       3.7G       129M       5.7M        27M       3.2G

MemTotal:        4016004 kB
MemFree:          132072 kB
Active:           353356 kB
Mem:          3.8G       3.7G       128M       5.7M        27M       3.2G

MemTotal:        4016004 kB
MemFree:          132072 kB
Active:           353312 kB
Mem:          3.8G       3.7G       128M       5.7M        27M       3.2G

MemTotal:        4016004 kB
MemFree:          131948 kB
Active:           353332 kB
Mem:          3.8G       3.7G       128M       5.7M        27M       3.2G

MemTotal:        4016004 kB
MemFree:          131700 kB
Active:           353356 kB
Mem:          3.8G       3.7G       129M       5.7M        27M       3.2G

MemTotal:        4016004 kB
MemFree:          132320 kB
Active:           353316 kB
Mem:          3.8G       3.7G       129M       5.7M        27M       3.2G

MemTotal:        4016004 kB
MemFree:          132320 kB
Active:           353336 kB
Mem:          3.8G       3.7G       129M       5.7M        27M       3.2G

MemTotal:        4016004 kB
MemFree:          132320 kB
Active:           353308 kB
Mem:          3.8G       3.7G       129M       5.7M        27M       3.2G

MemTotal:        4016004 kB
MemFree:          132320 kB
Active:           353340 kB
Mem:          3.8G       3.7G       129M       5.7M        27M       3.2G

MemTotal:        4016004 kB
MemFree:          132196 kB
Active:           353336 kB
Mem:          3.8G       3.7G       129M       5.7M        27M       3.2G

MemTotal:        4016004 kB
MemFree:          132692 kB
Active:           353352 kB
Mem:          3.8G       3.7G       129M       5.7M        27M       3.2G

MemTotal:        4016004 kB
MemFree:          132568 kB
Active:           353328 kB
Mem:          3.8G       3.7G       129M       5.7M        27M       3.2G

MemTotal:        4016004 kB
MemFree:          132196 kB
Active:           353368 kB
Mem:          3.8G       3.7G       129M       5.7M        27M       3.2G

MemTotal:        4016004 kB
MemFree:          132568 kB
Active:           353344 kB
Mem:          3.8G       3.7G       129M       5.7M        27M       3.2G

MemTotal:        4016004 kB
MemFree:          132444 kB
Active:           353372 kB
Mem:          3.8G       3.7G       129M       5.7M        27M       3.2G

MemTotal:        4016004 kB
MemFree:          131916 kB
Active:           353332 kB
Mem:          3.8G       3.7G       128M       5.7M        27M       3.2G

MemTotal:        4016004 kB
MemFree:          131576 kB
Active:           353380 kB
Mem:          3.8G       3.7G       128M       5.7M        27M       3.2G

MemTotal:        4016004 kB
MemFree:          132024 kB
Active:           353336 kB
Mem:          3.8G       3.7G       128M       5.7M        27M       3.2G

MemTotal:        4016004 kB
MemFree:          132320 kB
Active:           353336 kB
Mem:          3.8G       3.7G       129M       5.7M        27M       3.2G

MemTotal:        4016004 kB
MemFree:          131948 kB
Active:           353388 kB
