MemTotal:        4016004 kB
MemFree:         3215552 kB
Active:           444412 kB
Mem:          3.8G       781M       3.1G       5.7M        59M       322M

MemTotal:        4016004 kB
MemFree:         3215288 kB
Active:           444804 kB
Mem:          3.8G       782M       3.1G       5.7M        59M       322M

MemTotal:        4016004 kB
MemFree:         3215256 kB
Active:           444868 kB
Mem:          3.8G       782M       3.1G       5.7M        59M       322M

MemTotal:        4016004 kB
MemFree:         3215364 kB
Active:           444896 kB
Mem:          3.8G       781M       3.1G       5.7M        59M       322M

MemTotal:        4016004 kB
MemFree:         3215596 kB
Active:           444912 kB
Mem:          3.8G       781M       3.1G       5.7M        59M       322M

MemTotal:        4016004 kB
MemFree:         3215100 kB
Active:           444928 kB
Mem:          3.8G       781M       3.1G       5.7M        59M       322M

MemTotal:        4016004 kB
MemFree:         3215224 kB
Active:           444936 kB
Mem:          3.8G       782M       3.1G       5.7M        59M       322M

MemTotal:        4016004 kB
MemFree:         3215224 kB
Active:           444916 kB
Mem:          3.8G       781M       3.1G       5.7M        59M       322M

MemTotal:        4016004 kB
MemFree:         3215224 kB
Active:           444920 kB
Mem:          3.8G       782M       3.1G       5.7M        59M       322M

MemTotal:        4016004 kB
MemFree:         3215176 kB
Active:           444908 kB
Mem:          3.8G       782M       3.1G       5.7M        59M       322M

MemTotal:        4016004 kB
MemFree:         3215424 kB
Active:           444920 kB
Mem:          3.8G       781M       3.1G       5.7M        59M       322M

MemTotal:        4016004 kB
MemFree:         3215456 kB
Active:           444908 kB
Mem:          3.8G       781M       3.1G       5.7M        59M       322M

MemTotal:        4016004 kB
MemFree:         3215336 kB
Active:           442944 kB
Mem:          3.8G       781M       3.1G       5.7M        59M       322M

MemTotal:        4016004 kB
MemFree:         3215268 kB
Active:           444948 kB
Mem:          3.8G       781M       3.1G       5.7M        59M       322M

MemTotal:        4016004 kB
MemFree:         3215020 kB
Active:           444960 kB
Mem:          3.8G       781M       3.1G       5.7M        59M       322M

MemTotal:        4016004 kB
MemFree:         3215656 kB
Active:           444916 kB
Mem:          3.8G       781M       3.1G       5.7M        59M       322M

MemTotal:        4016004 kB
MemFree:         3215376 kB
Active:           444912 kB
Mem:          3.8G       781M       3.1G       5.7M        59M       322M

MemTotal:        4016004 kB
MemFree:         3215252 kB
Active:           444932 kB
Mem:          3.8G       782M       3.1G       5.7M        59M       322M

MemTotal:        4016004 kB
MemFree:         3215128 kB
Active:           444948 kB
Mem:          3.8G       782M       3.1G       5.7M        59M       322M

MemTotal:        4016004 kB
MemFree:         3214988 kB
Active:           444916 kB
Mem:          3.8G       782M       3.1G       5.7M        59M       322M

MemTotal:        4016004 kB
MemFree:         3215096 kB
Active:           444940 kB
Mem:          3.8G       782M       3.1G       5.7M        59M       322M

MemTotal:        4016004 kB
MemFree:         3214988 kB
Active:           444940 kB
Mem:          3.8G       782M       3.1G       5.7M        59M       322M

MemTotal:        4016004 kB
MemFree:         3214924 kB
Active:           442952 kB
Mem:          3.8G       782M       3.1G       5.7M        59M       322M

MemTotal:        4016004 kB
MemFree:         3215108 kB
Active:           444920 kB
Mem:          3.8G       782M       3.1G       5.7M        59M       322M

MemTotal:        4016004 kB
MemFree:         3215108 kB
Active:           444916 kB
Mem:          3.8G       782M       3.1G       5.7M        59M       322M

MemTotal:        4016004 kB
MemFree:         3215108 kB
Active:           444944 kB
Mem:          3.8G       782M       3.1G       5.7M        59M       322M

MemTotal:        4016004 kB
MemFree:         3214984 kB
Active:           444968 kB
Mem:          3.8G       782M       3.1G       5.7M        59M       322M

MemTotal:        4016004 kB
MemFree:         3215108 kB
Active:           444912 kB
Mem:          3.8G       782M       3.1G       5.7M        59M       322M

MemTotal:        4016004 kB
MemFree:         3215108 kB
Active:           444964 kB
Mem:          3.8G       782M       3.1G       5.7M        59M       322M

MemTotal:        4016004 kB
MemFree:         3215028 kB
Active:           444928 kB
Mem:          3.8G       782M       3.1G       5.7M        59M       322M

MemTotal:        4016004 kB
MemFree:         3215124 kB
Active:           444928 kB
Mem:          3.8G       782M       3.1G       5.7M        59M       322M

MemTotal:        4016004 kB
MemFree:         3215124 kB
Active:           444940 kB
Mem:          3.8G       782M       3.1G       5.7M        59M       322M

MemTotal:        4016004 kB
MemFree:         3214936 kB
Active:           442916 kB
Mem:          3.8G       782M       3.1G       5.7M        59M       322M

MemTotal:        4016004 kB
MemFree:         3215044 kB
Active:           444936 kB
Mem:          3.8G       782M       3.1G       5.7M        59M       322M

MemTotal:        4016004 kB
MemFree:         3215276 kB
Active:           444940 kB
Mem:          3.8G       781M       3.1G       5.7M        59M       322M

MemTotal:        4016004 kB
MemFree:         3214780 kB
Active:           444972 kB
Mem:          3.8G       782M       3.1G       5.7M        59M       322M

MemTotal:        4016004 kB
MemFree:         3214392 kB
Active:           444980 kB
Mem:          3.8G       782M       3.1G       5.7M        59M       322M

MemTotal:        4016004 kB
MemFree:         3214748 kB
Active:           444952 kB
Mem:          3.8G       782M       3.1G       5.7M        59M       322M

MemTotal:        4016004 kB
MemFree:         3214856 kB
Active:           444956 kB
Mem:          3.8G       782M       3.1G       5.7M        59M       322M

MemTotal:        4016004 kB
MemFree:         3215088 kB
Active:           444964 kB
Mem:          3.8G       782M       3.1G       5.7M        59M       322M

MemTotal:        4016004 kB
MemFree:         3214964 kB
Active:           444932 kB
Mem:          3.8G       782M       3.1G       5.7M        59M       322M

MemTotal:        4016004 kB
MemFree:         3214936 kB
Active:           444984 kB
Mem:          3.8G       782M       3.1G       5.7M        59M       322M

MemTotal:        4016004 kB
MemFree:         3214796 kB
Active:           442916 kB
Mem:          3.8G       782M       3.1G       5.7M        59M       322M

MemTotal:        4016004 kB
MemFree:         3214920 kB
Active:           444956 kB
Mem:          3.8G       782M       3.1G       5.7M        59M       322M

MemTotal:        4016004 kB
MemFree:         3214424 kB
Active:           445008 kB
Mem:          3.8G       782M       3.1G       5.7M        59M       322M

MemTotal:        4016004 kB
MemFree:         3214920 kB
Active:           444980 kB
Mem:          3.8G       782M       3.1G       5.7M        59M       322M

MemTotal:        4016004 kB
MemFree:         3214920 kB
Active:           444964 kB
Mem:          3.8G       782M       3.1G       5.7M        59M       322M

MemTotal:        4016004 kB
MemFree:         3214920 kB
Active:           444968 kB
Mem:          3.8G       782M       3.1G       5.7M        59M       322M

MemTotal:        4016004 kB
MemFree:         3214672 kB
Active:           445012 kB
Mem:          3.8G       782M       3.1G       5.7M        59M       322M

MemTotal:        4016004 kB
MemFree:         3214780 kB
Active:           444992 kB
Mem:          3.8G       782M       3.1G       5.7M        59M       322M

MemTotal:        4016004 kB
MemFree:         3214764 kB
Active:           444992 kB
Mem:          3.8G       782M       3.1G       5.7M        59M       322M

MemTotal:        4016004 kB
MemFree:         3214888 kB
Active:           444988 kB
Mem:          3.8G       782M       3.1G       5.7M        59M       322M

MemTotal:        4016004 kB
MemFree:         3214564 kB
Active:           442956 kB
Mem:          3.8G       782M       3.1G       5.7M        59M       322M

MemTotal:        4016004 kB
MemFree:         3214300 kB
Active:           445036 kB
Mem:          3.8G       782M       3.1G       5.7M        59M       322M

MemTotal:        4016004 kB
MemFree:         3214796 kB
Active:           445020 kB
Mem:          3.8G       782M       3.1G       5.7M        59M       322M

MemTotal:        4016004 kB
MemFree:         3214796 kB
Active:           445032 kB
Mem:          3.8G       782M       3.1G       5.7M        59M       322M

MemTotal:        4016004 kB
MemFree:         3214656 kB
Active:           445020 kB
Mem:          3.8G       782M       3.1G       5.7M        59M       322M

MemTotal:        4016004 kB
MemFree:         3214640 kB
Active:           445008 kB
Mem:          3.8G       782M       3.1G       5.7M        59M       322M

MemTotal:        4016004 kB
MemFree:         3214500 kB
Active:           445020 kB
Mem:          3.8G       782M       3.1G       5.7M        59M       322M

MemTotal:        4016004 kB
MemFree:         3214500 kB
Active:           445048 kB
Mem:          3.8G       782M       3.1G       5.7M        59M       322M

MemTotal:        4016004 kB
MemFree:         3214624 kB
Active:           445028 kB
Mem:          3.8G       782M       3.1G       5.7M        59M       322M

MemTotal:        4016004 kB
MemFree:         3214484 kB
Active:           445004 kB
Mem:          3.8G       782M       3.1G       5.7M        59M       322M

MemTotal:        4016004 kB
MemFree:         3214732 kB
Active:           444996 kB
Mem:          3.8G       782M       3.1G       5.7M        59M       322M

MemTotal:        4016004 kB
MemFree:         3214732 kB
Active:           445012 kB
Mem:          3.8G       782M       3.1G       5.7M        59M       322M

MemTotal:        4016004 kB
MemFree:         3214980 kB
Active:           445020 kB
Mem:          3.8G       782M       3.1G       5.7M        59M       322M

MemTotal:        4016004 kB
MemFree:         3214964 kB
Active:           445020 kB
Mem:          3.8G       782M       3.1G       5.7M        59M       322M

MemTotal:        4016004 kB
MemFree:         3214840 kB
Active:           445024 kB
Mem:          3.8G       782M       3.1G       5.7M        59M       322M

MemTotal:        4016004 kB
MemFree:         3215276 kB
Active:           445024 kB
Mem:          3.8G       782M       3.1G       5.7M        59M       322M

MemTotal:        4016004 kB
MemFree:         3214904 kB
Active:           445056 kB
Mem:          3.8G       782M       3.1G       5.7M        59M       322M

MemTotal:        4016004 kB
MemFree:         3214904 kB
Active:           445008 kB
Mem:          3.8G       782M       3.1G       5.7M        59M       322M

MemTotal:        4016004 kB
MemFree:         3214780 kB
Active:           445040 kB
Mem:          3.8G       782M       3.1G       5.7M        59M       322M

MemTotal:        4016004 kB
MemFree:         3214904 kB
Active:           445044 kB
Mem:          3.8G       782M       3.1G       5.7M        59M       322M

MemTotal:        4016004 kB
MemFree:         3214656 kB
Active:           445024 kB
Mem:          3.8G       782M       3.1G       5.7M        59M       322M

MemTotal:        4016004 kB
MemFree:         3214656 kB
Active:           445016 kB
Mem:          3.8G       782M       3.1G       5.7M        59M       322M

MemTotal:        4016004 kB
MemFree:         3214784 kB
Active:           445008 kB
Mem:          3.8G       782M       3.1G       5.7M        59M       322M

MemTotal:        4016004 kB
MemFree:         3214536 kB
Active:           445064 kB
Mem:          3.8G       782M       3.1G       5.7M        59M       322M

MemTotal:        4016004 kB
MemFree:         3215032 kB
Active:           445040 kB
Mem:          3.8G       782M       3.1G       5.7M        59M       322M

MemTotal:        4016004 kB
MemFree:         3214908 kB
Active:           445012 kB
Mem:          3.8G       782M       3.1G       5.7M        59M       322M

MemTotal:        4016004 kB
MemFree:         3215280 kB
Active:           445060 kB
Mem:          3.8G       782M       3.1G       5.7M        59M       322M

MemTotal:        4016004 kB
MemFree:         3215032 kB
Active:           445040 kB
Mem:          3.8G       782M       3.1G       5.7M        59M       322M

MemTotal:        4016004 kB
MemFree:         3215156 kB
Active:           445032 kB
Mem:          3.8G       782M       3.1G       5.7M        59M       322M

MemTotal:        4016004 kB
MemFree:         3215156 kB
Active:           445052 kB
Mem:          3.8G       782M       3.1G       5.7M        59M       322M

MemTotal:        4016004 kB
MemFree:         3214644 kB
Active:           445068 kB
Mem:          3.8G       782M       3.1G       5.7M        59M       322M

MemTotal:        4016004 kB
MemFree:         3215000 kB
Active:           445060 kB
Mem:          3.8G       782M       3.1G       5.7M        59M       322M

MemTotal:        4016004 kB
MemFree:         3214240 kB
Active:           445084 kB
Mem:          3.8G       782M       3.1G       5.7M        59M       322M

MemTotal:        4016004 kB
MemFree:         3214472 kB
Active:           445044 kB
Mem:          3.8G       782M       3.1G       5.7M        59M       322M

MemTotal:        4016004 kB
MemFree:         3214472 kB
Active:           445056 kB
Mem:          3.8G       782M       3.1G       5.7M        59M       322M

MemTotal:        4016004 kB
MemFree:         3214844 kB
Active:           445060 kB
Mem:          3.8G       782M       3.1G       5.7M        59M       322M

MemTotal:        4016004 kB
MemFree:         3214332 kB
Active:           445100 kB
Mem:          3.8G       783M       3.1G       5.7M        59M       322M

MemTotal:        4016004 kB
MemFree:         3214440 kB
Active:           445048 kB
Mem:          3.8G       782M       3.1G       5.7M        59M       322M

MemTotal:        4016004 kB
MemFree:         3214564 kB
Active:           445060 kB
Mem:          3.8G       782M       3.1G       5.7M        59M       322M

MemTotal:        4016004 kB
MemFree:         3214440 kB
Active:           445064 kB
Mem:          3.8G       782M       3.1G       5.7M        59M       322M

MemTotal:        4016004 kB
MemFree:         3214688 kB
Active:           445100 kB
Mem:          3.8G       782M       3.1G       5.7M        59M       322M

MemTotal:        4016004 kB
MemFree:         3214688 kB
Active:           445096 kB
Mem:          3.8G       782M       3.1G       5.7M        59M       322M

MemTotal:        4016004 kB
MemFree:         3214408 kB
Active:           445088 kB
Mem:          3.8G       783M       3.1G       5.7M        59M       322M

MemTotal:        4016004 kB
MemFree:         3214316 kB
Active:           445100 kB
Mem:          3.8G       782M       3.1G       5.7M        59M       322M

MemTotal:        4016004 kB
MemFree:         3214440 kB
Active:           445108 kB
Mem:          3.8G       782M       3.1G       5.7M        59M       322M

MemTotal:        4016004 kB
MemFree:         3214564 kB
Active:           445060 kB
Mem:          3.8G       782M       3.1G       5.7M        59M       322M

MemTotal:        4016004 kB
MemFree:         3214440 kB
Active:           445116 kB
Mem:          3.8G       782M       3.1G       5.7M        59M       322M

MemTotal:        4016004 kB
MemFree:         3214316 kB
Active:           445092 kB
Mem:          3.8G       782M       3.1G       5.7M        59M       322M

MemTotal:        4016004 kB
MemFree:         3213944 kB
Active:           445120 kB
Mem:          3.8G       783M       3.1G       5.7M        59M       322M

MemTotal:        4016004 kB
MemFree:         2801684 kB
Active:           455368 kB
Mem:          3.8G       1.2G       2.7G       5.7M        59M       708M

MemTotal:        4016004 kB
MemFree:         2761512 kB
Active:           455548 kB
Mem:          3.8G       1.2G       2.6G       5.7M        59M       746M

MemTotal:        4016004 kB
MemFree:         2707868 kB
Active:           455720 kB
Mem:          3.8G       1.3G       2.6G       5.7M        59M       800M

MemTotal:        4016004 kB
MemFree:         2665948 kB
Active:           455924 kB
Mem:          3.8G       1.3G       2.5G       5.7M        59M       835M

MemTotal:        4016004 kB
MemFree:         2607176 kB
Active:           456108 kB
Mem:          3.8G       1.3G       2.5G       5.7M        60M       892M

MemTotal:        4016004 kB
MemFree:         2578748 kB
Active:           456272 kB
Mem:          3.8G       1.4G       2.5G       5.7M        60M       918M

MemTotal:        4016004 kB
MemFree:         2578320 kB
Active:           456288 kB
Mem:          3.8G       1.4G       2.5G       5.7M        60M       918M

MemTotal:        4016004 kB
MemFree:         2578472 kB
Active:           456264 kB
Mem:          3.8G       1.4G       2.5G       5.7M        60M       918M

MemTotal:        4016004 kB
MemFree:         2437288 kB
Active:           456268 kB
Mem:          3.8G       1.5G       2.3G       5.7M        60M       1.0G

MemTotal:        4016004 kB
MemFree:         2388344 kB
Active:           456944 kB
Mem:          3.8G       1.6G       2.3G       5.7M        60M       1.1G

MemTotal:        4016004 kB
MemFree:         2343488 kB
Active:           457216 kB
Mem:          3.8G       1.6G       2.2G       5.7M        60M       1.1G

MemTotal:        4016004 kB
MemFree:         2326876 kB
Active:           457352 kB
Mem:          3.8G       1.6G       2.2G       5.7M        60M       1.1G

MemTotal:        4016004 kB
MemFree:         2326384 kB
Active:           457316 kB
Mem:          3.8G       1.6G       2.2G       5.7M        60M       1.1G

MemTotal:        4016004 kB
MemFree:         2279924 kB
Active:           457360 kB
Mem:          3.8G       1.7G       2.2G       5.7M        60M       1.2G

MemTotal:        4016004 kB
MemFree:         2170444 kB
Active:           457840 kB
Mem:          3.8G       1.8G       2.1G       5.7M        60M       1.3G

MemTotal:        4016004 kB
MemFree:         2132892 kB
Active:           458064 kB
Mem:          3.8G       1.8G       2.0G       5.7M        60M       1.3G

MemTotal:        4016004 kB
MemFree:         2095340 kB
Active:           458212 kB
Mem:          3.8G       1.8G       2.0G       5.7M        60M       1.3G

MemTotal:        4016004 kB
MemFree:         2051808 kB
Active:           458388 kB
Mem:          3.8G       1.9G       2.0G       5.7M        60M       1.4G

MemTotal:        4016004 kB
MemFree:         2013968 kB
Active:           458540 kB
Mem:          3.8G       1.9G       1.9G       5.7M        60M       1.4G

MemTotal:        4016004 kB
MemFree:         1990300 kB
Active:           458652 kB
Mem:          3.8G       1.9G       1.9G       5.7M        60M       1.4G

MemTotal:        4016004 kB
MemFree:         1964624 kB
Active:           458740 kB
Mem:          3.8G       2.0G       1.9G       5.7M        60M       1.5G

MemTotal:        4016004 kB
MemFree:         1918664 kB
Active:           458796 kB
Mem:          3.8G       2.0G       1.8G       5.7M        60M       1.5G

MemTotal:        4016004 kB
MemFree:         1844300 kB
Active:           459124 kB
Mem:          3.8G       2.1G       1.8G       5.7M        60M       1.6G

MemTotal:        4016004 kB
MemFree:         1790800 kB
Active:           459408 kB
Mem:          3.8G       2.1G       1.7G       5.7M        60M       1.6G

MemTotal:        4016004 kB
MemFree:         1629260 kB
Active:           459984 kB
Mem:          3.8G       2.3G       1.6G       5.7M        60M       1.8G

MemTotal:        4016004 kB
MemFree:         1580828 kB
Active:           460244 kB
Mem:          3.8G       2.3G       1.5G       5.7M        60M       1.8G

MemTotal:        4016004 kB
MemFree:         1555608 kB
Active:           460336 kB
Mem:          3.8G       2.3G       1.5G       5.7M        60M       1.8G

MemTotal:        4016004 kB
MemFree:         1525452 kB
Active:           460464 kB
Mem:          3.8G       2.4G       1.5G       5.7M        60M       1.9G

MemTotal:        4016004 kB
MemFree:         1480072 kB
Active:           462584 kB
Mem:          3.8G       2.4G       1.4G       5.7M        60M       1.9G

MemTotal:        4016004 kB
MemFree:         1407116 kB
Active:           462840 kB
Mem:          3.8G       2.5G       1.3G       5.7M        60M       2.0G

MemTotal:        4016004 kB
MemFree:         1364812 kB
Active:           463104 kB
Mem:          3.8G       2.5G       1.3G       5.7M        60M       2.0G

MemTotal:        4016004 kB
MemFree:         1337764 kB
Active:           463232 kB
Mem:          3.8G       2.6G       1.3G       5.7M        60M       2.0G

MemTotal:        4016004 kB
MemFree:         1309184 kB
Active:           463340 kB
Mem:          3.8G       2.6G       1.2G       5.7M        60M       2.1G

MemTotal:        4016004 kB
MemFree:         1243252 kB
Active:           463448 kB
Mem:          3.8G       2.6G       1.2G       5.7M        60M       2.1G

MemTotal:        4016004 kB
MemFree:         1177628 kB
Active:           463752 kB
Mem:          3.8G       2.7G       1.1G       5.7M        60M       2.2G

MemTotal:        4016004 kB
MemFree:         1135700 kB
Active:           464012 kB
Mem:          3.8G       2.7G       1.1G       5.7M        60M       2.2G

MemTotal:        4016004 kB
MemFree:         1117856 kB
Active:           464128 kB
Mem:          3.8G       2.8G       1.1G       5.7M        60M       2.3G

MemTotal:        4016004 kB
MemFree:         1097012 kB
Active:           464220 kB
Mem:          3.8G       2.8G       1.0G       5.7M        60M       2.3G

MemTotal:        4016004 kB
MemFree:         1061128 kB
Active:           464300 kB
Mem:          3.8G       2.8G       1.0G       5.7M        60M       2.3G

MemTotal:        4016004 kB
MemFree:          958324 kB
Active:           464512 kB
Mem:          3.8G       2.9G       935M       5.7M        60M       2.4G

MemTotal:        4016004 kB
MemFree:          902232 kB
Active:           464856 kB
Mem:          3.8G       3.0G       880M       5.7M        60M       2.5G

MemTotal:        4016004 kB
MemFree:          857740 kB
Active:           465084 kB
Mem:          3.8G       3.0G       837M       5.7M        60M       2.5G

MemTotal:        4016004 kB
MemFree:          813988 kB
Active:           465248 kB
Mem:          3.8G       3.1G       794M       5.7M        60M       2.5G

MemTotal:        4016004 kB
MemFree:          771632 kB
Active:           465412 kB
Mem:          3.8G       3.1G       753M       5.7M        60M       2.6G

MemTotal:        4016004 kB
MemFree:          723420 kB
Active:           465584 kB
Mem:          3.8G       3.1G       705M       5.7M        60M       2.6G

MemTotal:        4016004 kB
MemFree:          687940 kB
Active:           465764 kB
Mem:          3.8G       3.2G       671M       5.7M        60M       2.6G

MemTotal:        4016004 kB
MemFree:          660076 kB
Active:           463868 kB
Mem:          3.8G       3.2G       643M       5.7M        60M       2.7G

MemTotal:        4016004 kB
MemFree:          629412 kB
Active:           466020 kB
Mem:          3.8G       3.2G       614M       5.7M        60M       2.7G

MemTotal:        4016004 kB
MemFree:          578896 kB
Active:           466144 kB
Mem:          3.8G       3.3G       564M       5.7M        60M       2.8G

MemTotal:        4016004 kB
MemFree:          520520 kB
Active:           466424 kB
Mem:          3.8G       3.3G       508M       5.7M        60M       2.8G

MemTotal:        4016004 kB
MemFree:          492508 kB
Active:           466652 kB
Mem:          3.8G       3.4G       480M       5.7M        60M       2.8G

MemTotal:        4016004 kB
MemFree:          434052 kB
Active:           466868 kB
Mem:          3.8G       3.4G       423M       5.7M        60M       2.9G

MemTotal:        4016004 kB
MemFree:          394608 kB
Active:           467064 kB
Mem:          3.8G       3.5G       384M       5.7M        60M       2.9G

MemTotal:        4016004 kB
MemFree:          341920 kB
Active:           467268 kB
Mem:          3.8G       3.5G       333M       5.7M        60M       3.0G

MemTotal:        4016004 kB
MemFree:          285528 kB
Active:           467492 kB
Mem:          3.8G       3.6G       278M       5.7M        60M       3.0G

MemTotal:        4016004 kB
MemFree:          239828 kB
Active:           467680 kB
Mem:          3.8G       3.6G       233M       5.7M        60M       3.1G

MemTotal:        4016004 kB
MemFree:          239212 kB
Active:           467632 kB
Mem:          3.8G       3.6G       233M       5.7M        60M       3.1G

MemTotal:        4016004 kB
MemFree:          204668 kB
Active:           467800 kB
Mem:          3.8G       3.6G       199M       5.7M        60M       3.1G

MemTotal:        4016004 kB
MemFree:          140340 kB
Active:           468064 kB
Mem:          3.8G       3.7G       136M       5.7M        60M       3.2G

MemTotal:        4016004 kB
MemFree:          145480 kB
Active:           478404 kB
Mem:          3.8G       3.7G       127M       5.7M        27M       3.2G

MemTotal:        4016004 kB
MemFree:          118228 kB
Active:           506344 kB
Mem:          3.8G       3.7G       117M       5.7M        27M       3.2G

MemTotal:        4016004 kB
MemFree:          128812 kB
Active:           490108 kB
Mem:          3.8G       3.7G       125M       5.7M        27M       3.2G

MemTotal:        4016004 kB
MemFree:          126676 kB
Active:           488112 kB
Mem:          3.8G       3.7G       122M       5.7M        27M       3.2G

MemTotal:        4016004 kB
MemFree:          123512 kB
Active:           487292 kB
Mem:          3.8G       3.7G       119M       5.7M        27M       3.2G

MemTotal:        4016004 kB
MemFree:          126516 kB
Active:           486272 kB
Mem:          3.8G       3.7G       123M       5.7M        27M       3.2G

MemTotal:        4016004 kB
MemFree:          140328 kB
Active:           484740 kB
Mem:          3.8G       3.7G       136M       5.7M        27M       3.2G

MemTotal:        4016004 kB
MemFree:          138328 kB
Active:           483324 kB
Mem:          3.8G       3.7G       134M       5.7M        27M       3.2G

MemTotal:        4016004 kB
MemFree:          123628 kB
Active:           482272 kB
Mem:          3.8G       3.7G       120M       5.7M        27M       3.2G

MemTotal:        4016004 kB
MemFree:          120788 kB
Active:           480960 kB
Mem:          3.8G       3.7G       117M       5.7M        27M       3.2G

MemTotal:        4016004 kB
MemFree:          121628 kB
Active:           479968 kB
Mem:          3.8G       3.7G       118M       5.7M        27M       3.2G

MemTotal:        4016004 kB
MemFree:          106236 kB
Active:           479224 kB
Mem:          3.8G       3.7G       102M       5.7M        27M       3.2G

MemTotal:        4016004 kB
MemFree:          107716 kB
Active:           477712 kB
Mem:          3.8G       3.7G       104M       5.7M        27M       3.2G

MemTotal:        4016004 kB
MemFree:          119956 kB
Active:           473872 kB
Mem:          3.8G       3.7G       116M       5.7M        27M       3.2G

MemTotal:        4016004 kB
MemFree:          105116 kB
Active:           472912 kB
Mem:          3.8G       3.7G       102M       5.7M        27M       3.2G

MemTotal:        4016004 kB
MemFree:          112716 kB
Active:           472172 kB
Mem:          3.8G       3.7G       110M       5.7M        27M       3.2G

MemTotal:        4016004 kB
MemFree:          119416 kB
Active:           469804 kB
Mem:          3.8G       3.7G       116M       5.7M        27M       3.2G

MemTotal:        4016004 kB
MemFree:          105684 kB
Active:           469236 kB
Mem:          3.8G       3.7G       103M       5.7M        27M       3.2G

MemTotal:        4016004 kB
MemFree:          122640 kB
Active:           465596 kB
Mem:          3.8G       3.7G       119M       5.7M        27M       3.2G

MemTotal:        4016004 kB
MemFree:          107260 kB
Active:           462652 kB
Mem:          3.8G       3.7G       104M       5.7M        27M       3.2G

MemTotal:        4016004 kB
MemFree:          122704 kB
Active:           455292 kB
Mem:          3.8G       3.7G       119M       5.7M        27M       3.2G

MemTotal:        4016004 kB
MemFree:          106300 kB
Active:           454736 kB
Mem:          3.8G       3.7G       103M       5.7M        27M       3.2G

MemTotal:        4016004 kB
MemFree:          123980 kB
Active:           451128 kB
Mem:          3.8G       3.7G       120M       5.7M        27M       3.2G

MemTotal:        4016004 kB
MemFree:          124076 kB
Active:           449148 kB
Mem:          3.8G       3.7G       121M       5.7M        27M       3.2G

MemTotal:        4016004 kB
MemFree:          126620 kB
Active:           447692 kB
Mem:          3.8G       3.7G       123M       5.7M        27M       3.2G

MemTotal:        4016004 kB
MemFree:          129160 kB
Active:           446072 kB
Mem:          3.8G       3.7G       125M       5.7M        27M       3.2G

MemTotal:        4016004 kB
MemFree:          135208 kB
Active:           444448 kB
Mem:          3.8G       3.7G       131M       5.7M        27M       3.2G

MemTotal:        4016004 kB
MemFree:          128748 kB
Active:           441360 kB
Mem:          3.8G       3.7G       124M       5.7M        27M       3.2G

MemTotal:        4016004 kB
MemFree:          135696 kB
Active:           439988 kB
Mem:          3.8G       3.7G       132M       5.7M        27M       3.2G

MemTotal:        4016004 kB
MemFree:          116288 kB
Active:           439260 kB
Mem:          3.8G       3.7G       112M       5.7M        27M       3.2G

MemTotal:        4016004 kB
MemFree:          108132 kB
Active:           438268 kB
Mem:          3.8G       3.7G       105M       5.7M        27M       3.2G

MemTotal:        4016004 kB
MemFree:          128768 kB
Active:           437640 kB
Mem:          3.8G       3.7G       125M       5.7M        27M       3.2G

MemTotal:        4016004 kB
MemFree:          127112 kB
Active:           436984 kB
Mem:          3.8G       3.7G       123M       5.7M        27M       3.2G

MemTotal:        4016004 kB
MemFree:          120276 kB
Active:           433332 kB
Mem:          3.8G       3.7G       116M       5.7M        27M       3.2G

MemTotal:        4016004 kB
MemFree:          126148 kB
Active:           431908 kB
Mem:          3.8G       3.7G       122M       5.7M        27M       3.2G

MemTotal:        4016004 kB
MemFree:          128656 kB
Active:           429820 kB
Mem:          3.8G       3.7G       125M       5.7M        27M       3.2G

MemTotal:        4016004 kB
MemFree:          140852 kB
Active:           429108 kB
Mem:          3.8G       3.7G       137M       5.7M        27M       3.2G

MemTotal:        4016004 kB
MemFree:          111912 kB
Active:           429036 kB
Mem:          3.8G       3.7G       109M       5.7M        27M       3.2G

MemTotal:        4016004 kB
MemFree:          112088 kB
Active:           427904 kB
Mem:          3.8G       3.7G       109M       5.7M        27M       3.2G

MemTotal:        4016004 kB
MemFree:          122052 kB
Active:           426384 kB
Mem:          3.8G       3.7G       118M       5.7M        27M       3.2G

MemTotal:        4016004 kB
MemFree:          126092 kB
Active:           424828 kB
Mem:          3.8G       3.7G       121M       5.7M        27M       3.2G

MemTotal:        4016004 kB
MemFree:          124520 kB
Active:           422896 kB
Mem:          3.8G       3.7G       120M       5.7M        27M       3.2G

MemTotal:        4016004 kB
MemFree:          123396 kB
Active:           422040 kB
Mem:          3.8G       3.7G       120M       5.7M        27M       3.2G

MemTotal:        4016004 kB
MemFree:          121196 kB
Active:           421028 kB
Mem:          3.8G       3.7G       117M       5.7M        27M       3.2G

MemTotal:        4016004 kB
MemFree:          108568 kB
Active:           419988 kB
Mem:          3.8G       3.7G       105M       5.7M        27M       3.2G

MemTotal:        4016004 kB
MemFree:          135496 kB
Active:           417012 kB
Mem:          3.8G       3.7G       132M       5.7M        27M       3.2G

MemTotal:        4016004 kB
MemFree:          135700 kB
Active:           413856 kB
Mem:          3.8G       3.7G       129M       5.7M        27M       3.2G

MemTotal:        4016004 kB
MemFree:          117660 kB
Active:           413840 kB
Mem:          3.8G       3.7G       114M       5.7M        27M       3.2G

MemTotal:        4016004 kB
MemFree:          131144 kB
Active:           408520 kB
Mem:          3.8G       3.7G       128M       5.7M        27M       3.2G

MemTotal:        4016004 kB
MemFree:          141804 kB
Active:           408644 kB
Mem:          3.8G       3.7G       137M       5.7M        27M       3.2G

MemTotal:        4016004 kB
MemFree:          129904 kB
Active:           408804 kB
Mem:          3.8G       3.7G       126M       5.7M        27M       3.2G

MemTotal:        4016004 kB
MemFree:          122604 kB
Active:           409088 kB
Mem:          3.8G       3.7G       119M       5.7M        27M       3.2G

MemTotal:        4016004 kB
MemFree:          112020 kB
Active:           409216 kB
Mem:          3.8G       3.7G       109M       5.7M        27M       3.2G

MemTotal:        4016004 kB
MemFree:          122004 kB
Active:           409272 kB
Mem:          3.8G       3.7G       119M       5.7M        27M       3.2G

MemTotal:        4016004 kB
MemFree:          120068 kB
Active:           409308 kB
Mem:          3.8G       3.7G       117M       5.7M        27M       3.2G

MemTotal:        4016004 kB
MemFree:          110752 kB
Active:           409700 kB
Mem:          3.8G       3.7G       107M       5.7M        27M       3.2G

MemTotal:        4016004 kB
MemFree:          105288 kB
Active:           411952 kB
Mem:          3.8G       3.7G       102M       5.7M        27M       3.2G

MemTotal:        4016004 kB
MemFree:          109948 kB
Active:           411852 kB
Mem:          3.8G       3.7G       107M       5.7M        27M       3.2G

MemTotal:        4016004 kB
MemFree:          124752 kB
Active:           411976 kB
Mem:          3.8G       3.7G       121M       5.7M        27M       3.2G

MemTotal:        4016004 kB
MemFree:          131392 kB
Active:           412200 kB
Mem:          3.8G       3.7G       128M       5.7M        27M       3.2G

MemTotal:        4016004 kB
MemFree:          120300 kB
Active:           412428 kB
Mem:          3.8G       3.7G       116M       5.7M        27M       3.2G

MemTotal:        4016004 kB
MemFree:          120088 kB
Active:           412644 kB
Mem:          3.8G       3.7G       116M       5.7M        27M       3.2G

MemTotal:        4016004 kB
MemFree:          142212 kB
Active:           412984 kB
Mem:          3.8G       3.7G       138M       5.7M        27M       3.2G

MemTotal:        4016004 kB
MemFree:          131800 kB
Active:           413340 kB
Mem:          3.8G       3.7G       128M       5.7M        27M       3.2G

MemTotal:        4016004 kB
MemFree:          136060 kB
Active:           413612 kB
Mem:          3.8G       3.7G       132M       5.7M        27M       3.2G

MemTotal:        4016004 kB
MemFree:          134252 kB
Active:           413784 kB
Mem:          3.8G       3.7G       131M       5.7M        27M       3.2G

MemTotal:        4016004 kB
MemFree:          115340 kB
Active:           413944 kB
Mem:          3.8G       3.7G       112M       5.7M        27M       3.2G

MemTotal:        4016004 kB
MemFree:          116656 kB
Active:           414100 kB
Mem:          3.8G       3.7G       113M       5.7M        27M       3.2G

MemTotal:        4016004 kB
MemFree:          130736 kB
Active:           414192 kB
Mem:          3.8G       3.7G       127M       5.7M        27M       3.2G

MemTotal:        4016004 kB
MemFree:          126340 kB
Active:           414240 kB
Mem:          3.8G       3.7G       123M       5.7M        27M       3.2G

MemTotal:        4016004 kB
MemFree:          134184 kB
Active:           414344 kB
Mem:          3.8G       3.7G       130M       5.7M        27M       3.2G

MemTotal:        4016004 kB
MemFree:          122324 kB
Active:           414604 kB
Mem:          3.8G       3.7G       119M       5.7M        27M       3.2G

MemTotal:        4016004 kB
MemFree:          121488 kB
Active:           414736 kB
Mem:          3.8G       3.7G       118M       5.7M        27M       3.2G

MemTotal:        4016004 kB
MemFree:          134572 kB
Active:           414740 kB
Mem:          3.8G       3.7G       131M       5.7M        27M       3.2G

MemTotal:        4016004 kB
MemFree:          125504 kB
Active:           414904 kB
Mem:          3.8G       3.7G       121M       5.7M        27M       3.2G

MemTotal:        4016004 kB
MemFree:          124536 kB
Active:           415280 kB
Mem:          3.8G       3.7G       121M       5.7M        27M       3.2G

MemTotal:        4016004 kB
MemFree:          105392 kB
Active:           412716 kB
Mem:          3.8G       3.7G       102M       5.7M        27M       3.2G

MemTotal:        4016004 kB
MemFree:          127484 kB
Active:           412884 kB
Mem:          3.8G       3.7G       123M       5.7M        27M       3.2G

MemTotal:        4016004 kB
MemFree:          120636 kB
Active:           413056 kB
Mem:          3.8G       3.7G       117M       5.7M        27M       3.2G

MemTotal:        4016004 kB
MemFree:          127424 kB
Active:           413180 kB
Mem:          3.8G       3.7G       123M       5.7M        27M       3.2G

MemTotal:        4016004 kB
MemFree:          107808 kB
Active:           413240 kB
Mem:          3.8G       3.7G       104M       5.7M        27M       3.2G

MemTotal:        4016004 kB
MemFree:          116180 kB
Active:           413320 kB
Mem:          3.8G       3.7G       112M       5.7M        27M       3.2G

MemTotal:        4016004 kB
MemFree:          125448 kB
Active:           413640 kB
Mem:          3.8G       3.7G       122M       5.7M        27M       3.2G

MemTotal:        4016004 kB
MemFree:          111312 kB
Active:           413900 kB
Mem:          3.8G       3.7G       108M       5.7M        27M       3.2G

MemTotal:        4016004 kB
MemFree:          130404 kB
Active:           409876 kB
Mem:          3.8G       3.7G       127M       5.7M        27M       3.2G

MemTotal:        4016004 kB
MemFree:          125004 kB
Active:           409920 kB
Mem:          3.8G       3.7G       121M       5.7M        27M       3.2G

MemTotal:        4016004 kB
MemFree:          110508 kB
Active:           410092 kB
Mem:          3.8G       3.7G       107M       5.7M        27M       3.2G

MemTotal:        4016004 kB
MemFree:          139876 kB
Active:           410400 kB
Mem:          3.8G       3.7G       135M       5.7M        27M       3.2G

MemTotal:        4016004 kB
MemFree:          128448 kB
Active:           410636 kB
Mem:          3.8G       3.7G       125M       5.7M        27M       3.2G

MemTotal:        4016004 kB
MemFree:          106716 kB
Active:           410724 kB
Mem:          3.8G       3.7G       103M       5.7M        27M       3.2G

MemTotal:        4016004 kB
MemFree:          107048 kB
Active:           410820 kB
Mem:          3.8G       3.7G       103M       5.7M        27M       3.2G

MemTotal:        4016004 kB
MemFree:          110660 kB
Active:           410956 kB
Mem:          3.8G       3.7G       107M       5.7M        27M       3.2G

MemTotal:        4016004 kB
MemFree:          105344 kB
Active:           411228 kB
Mem:          3.8G       3.7G       102M       5.7M        27M       3.2G

MemTotal:        4016004 kB
MemFree:          124804 kB
Active:           410520 kB
Mem:          3.8G       3.7G       121M       5.7M        27M       3.2G

MemTotal:        4016004 kB
MemFree:          126104 kB
Active:           410664 kB
Mem:          3.8G       3.7G       122M       5.7M        27M       3.2G

MemTotal:        4016004 kB
MemFree:          135336 kB
Active:           410776 kB
Mem:          3.8G       3.7G       132M       5.7M        27M       3.2G

MemTotal:        4016004 kB
MemFree:          125652 kB
Active:           410904 kB
Mem:          3.8G       3.7G       122M       5.7M        27M       3.2G

MemTotal:        4016004 kB
MemFree:          109608 kB
Active:           411128 kB
Mem:          3.8G       3.7G       106M       5.7M        27M       3.2G

MemTotal:        4016004 kB
MemFree:          135564 kB
Active:           411348 kB
Mem:          3.8G       3.7G       132M       5.7M        27M       3.2G

MemTotal:        4016004 kB
MemFree:          110596 kB
Active:           411488 kB
Mem:          3.8G       3.7G       107M       5.7M        27M       3.2G

MemTotal:        4016004 kB
MemFree:          124348 kB
Active:           411500 kB
Mem:          3.8G       3.7G       121M       5.7M        27M       3.2G

MemTotal:        4016004 kB
MemFree:          122608 kB
Active:           411652 kB
Mem:          3.8G       3.7G       119M       5.7M        27M       3.2G

MemTotal:        4016004 kB
MemFree:          134076 kB
Active:           409992 kB
Mem:          3.8G       3.7G       129M       5.7M        27M       3.2G

MemTotal:        4016004 kB
MemFree:          125528 kB
Active:           411312 kB
Mem:          3.8G       3.7G       121M       5.7M        27M       3.2G

MemTotal:        4016004 kB
MemFree:          137772 kB
Active:           411460 kB
Mem:          3.8G       3.7G       133M       5.7M        27M       3.2G

MemTotal:        4016004 kB
MemFree:          125636 kB
Active:           411580 kB
Mem:          3.8G       3.7G       121M       5.7M        27M       3.2G

MemTotal:        4016004 kB
MemFree:          126888 kB
Active:           411732 kB
Mem:          3.8G       3.7G       123M       5.7M        27M       3.2G

MemTotal:        4016004 kB
MemFree:          137516 kB
Active:           411956 kB
Mem:          3.8G       3.7G       133M       5.7M        27M       3.2G

MemTotal:        4016004 kB
MemFree:          146484 kB
Active:           412164 kB
Mem:          3.8G       3.7G       142M       5.7M        27M       3.2G

MemTotal:        4016004 kB
MemFree:          115880 kB
Active:           412312 kB
Mem:          3.8G       3.7G       112M       5.7M        27M       3.2G

MemTotal:        4016004 kB
MemFree:          106672 kB
Active:           412320 kB
Mem:          3.8G       3.7G       103M       5.7M        27M       3.2G

MemTotal:        4016004 kB
MemFree:          108720 kB
Active:           412400 kB
Mem:          3.8G       3.7G       105M       5.7M        27M       3.2G

MemTotal:        4016004 kB
MemFree:          131164 kB
Active:           404076 kB
Mem:          3.8G       3.7G       126M       5.7M        27M       3.2G

MemTotal:        4016004 kB
MemFree:          124312 kB
Active:           404404 kB
Mem:          3.8G       3.7G       120M       5.7M        27M       3.2G

MemTotal:        4016004 kB
MemFree:          105032 kB
Active:           404564 kB
Mem:          3.8G       3.7G       106M       5.7M        27M       3.2G

MemTotal:        4016004 kB
MemFree:          118404 kB
Active:           404536 kB
Mem:          3.8G       3.7G       115M       5.7M        27M       3.2G

MemTotal:        4016004 kB
MemFree:          132328 kB
Active:           404744 kB
Mem:          3.8G       3.7G       128M       5.7M        27M       3.2G

MemTotal:        4016004 kB
MemFree:          124344 kB
Active:           404888 kB
Mem:          3.8G       3.7G       120M       5.7M        27M       3.2G

MemTotal:        4016004 kB
MemFree:          114828 kB
Active:           405128 kB
Mem:          3.8G       3.7G       111M       5.7M        27M       3.2G

MemTotal:        4016004 kB
MemFree:          121072 kB
Active:           405320 kB
Mem:          3.8G       3.7G       117M       5.7M        27M       3.2G

MemTotal:        4016004 kB
MemFree:          126588 kB
Active:           405472 kB
Mem:          3.8G       3.7G       122M       5.7M        27M       3.2G

MemTotal:        4016004 kB
MemFree:          136104 kB
Active:           403372 kB
Mem:          3.8G       3.7G       132M       5.7M        27M       3.2G

MemTotal:        4016004 kB
MemFree:          141920 kB
Active:           403508 kB
Mem:          3.8G       3.7G       137M       5.7M        27M       3.2G

MemTotal:        4016004 kB
MemFree:          124776 kB
Active:           403680 kB
Mem:          3.8G       3.7G       121M       5.7M        27M       3.2G

MemTotal:        4016004 kB
MemFree:          118008 kB
Active:           403836 kB
Mem:          3.8G       3.7G       114M       5.7M        27M       3.2G

MemTotal:        4016004 kB
MemFree:          125664 kB
Active:           403944 kB
Mem:          3.8G       3.7G       122M       5.7M        27M       3.2G

MemTotal:        4016004 kB
MemFree:          126420 kB
Active:           404004 kB
Mem:          3.8G       3.7G       123M       5.7M        27M       3.2G

MemTotal:        4016004 kB
MemFree:          123032 kB
Active:           404120 kB
Mem:          3.8G       3.7G       119M       5.7M        27M       3.2G

MemTotal:        4016004 kB
MemFree:          108748 kB
Active:           405072 kB
Mem:          3.8G       3.7G       105M       5.7M        27M       3.2G

MemTotal:        4016004 kB
MemFree:          126696 kB
Active:           403408 kB
Mem:          3.8G       3.7G       123M       5.7M        27M       3.2G

MemTotal:        4016004 kB
MemFree:          129304 kB
Active:           403608 kB
Mem:          3.8G       3.7G       125M       5.7M        27M       3.2G

MemTotal:        4016004 kB
MemFree:          124452 kB
Active:           403776 kB
Mem:          3.8G       3.7G       121M       5.7M        27M       3.2G

MemTotal:        4016004 kB
MemFree:          113468 kB
Active:           403964 kB
Mem:          3.8G       3.7G       109M       5.7M        27M       3.2G

MemTotal:        4016004 kB
MemFree:          120928 kB
Active:           404080 kB
Mem:          3.8G       3.7G       117M       5.7M        27M       3.2G

MemTotal:        4016004 kB
MemFree:          127416 kB
Active:           404128 kB
Mem:          3.8G       3.7G       124M       5.7M        27M       3.2G

MemTotal:        4016004 kB
MemFree:          123372 kB
Active:           404220 kB
Mem:          3.8G       3.7G       119M       5.7M        27M       3.2G

MemTotal:        4016004 kB
MemFree:          115428 kB
Active:           404516 kB
Mem:          3.8G       3.7G       111M       5.7M        27M       3.2G

MemTotal:        4016004 kB
MemFree:          126268 kB
Active:           404820 kB
Mem:          3.8G       3.7G       122M       5.7M        27M       3.2G

MemTotal:        4016004 kB
MemFree:          105460 kB
Active:           405004 kB
Mem:          3.8G       3.7G       102M       5.7M        27M       3.2G

MemTotal:        4016004 kB
MemFree:          130820 kB
Active:           405140 kB
Mem:          3.8G       3.7G       127M       5.7M        27M       3.2G

MemTotal:        4016004 kB
MemFree:          112612 kB
Active:           405292 kB
Mem:          3.8G       3.7G       109M       5.7M        27M       3.2G

MemTotal:        4016004 kB
MemFree:          114048 kB
Active:           402908 kB
Mem:          3.8G       3.7G       110M       5.7M        27M       3.2G

MemTotal:        4016004 kB
MemFree:          126652 kB
Active:           403048 kB
Mem:          3.8G       3.7G       123M       5.7M        27M       3.2G

MemTotal:        4016004 kB
MemFree:          130104 kB
Active:           403204 kB
Mem:          3.8G       3.7G       126M       5.7M        27M       3.2G

MemTotal:        4016004 kB
MemFree:          113552 kB
Active:           403228 kB
Mem:          3.8G       3.7G       110M       5.7M        27M       3.2G

MemTotal:        4016004 kB
MemFree:          118376 kB
Active:           403304 kB
Mem:          3.8G       3.7G       115M       5.7M        27M       3.2G

MemTotal:        4016004 kB
MemFree:          119648 kB
Active:           403460 kB
Mem:          3.8G       3.7G       116M       5.7M        27M       3.2G

MemTotal:        4016004 kB
MemFree:          130260 kB
Active:           403860 kB
Mem:          3.8G       3.7G       126M       5.7M        27M       3.2G

MemTotal:        4016004 kB
MemFree:          104232 kB
Active:           404048 kB
Mem:          3.8G       3.7G       101M       5.7M        27M       3.2G

MemTotal:        4016004 kB
MemFree:          103396 kB
Active:           406120 kB
Mem:          3.8G       3.7G       100M       5.7M        27M       3.2G

MemTotal:        4016004 kB
MemFree:          106508 kB
Active:           405540 kB
Mem:          3.8G       3.7G       103M       5.7M        27M       3.2G

MemTotal:        4016004 kB
MemFree:          105204 kB
Active:           405848 kB
Mem:          3.8G       3.7G       105M       5.7M        27M       3.2G

MemTotal:        4016004 kB
MemFree:          123164 kB
Active:           405920 kB
Mem:          3.8G       3.7G       120M       5.7M        27M       3.2G

MemTotal:        4016004 kB
MemFree:          105808 kB
Active:           406096 kB
Mem:          3.8G       3.7G       102M       5.7M        27M       3.2G

MemTotal:        4016004 kB
MemFree:          107016 kB
Active:           406328 kB
Mem:          3.8G       3.7G       104M       5.7M        27M       3.2G

MemTotal:        4016004 kB
MemFree:          121028 kB
Active:           406360 kB
Mem:          3.8G       3.7G       117M       5.7M        27M       3.2G

MemTotal:        4016004 kB
MemFree:          117260 kB
Active:           402232 kB
Mem:          3.8G       3.7G       114M       5.7M        27M       3.2G

MemTotal:        4016004 kB
MemFree:          147056 kB
Active:           402688 kB
Mem:          3.8G       3.7G       143M       5.7M        27M       3.2G

MemTotal:        4016004 kB
MemFree:          129108 kB
Active:           402908 kB
Mem:          3.8G       3.7G       125M       5.7M        27M       3.2G

MemTotal:        4016004 kB
MemFree:          117708 kB
Active:           403016 kB
Mem:          3.8G       3.7G       114M       5.7M        27M       3.2G

MemTotal:        4016004 kB
MemFree:          125456 kB
Active:           403176 kB
Mem:          3.8G       3.7G       122M       5.7M        27M       3.2G

MemTotal:        4016004 kB
MemFree:          127816 kB
Active:           403300 kB
Mem:          3.8G       3.7G       124M       5.7M        27M       3.2G

MemTotal:        4016004 kB
MemFree:          124576 kB
Active:           403432 kB
Mem:          3.8G       3.7G       121M       5.7M        27M       3.2G

MemTotal:        4016004 kB
MemFree:          130788 kB
Active:           403744 kB
Mem:          3.8G       3.7G       127M       5.7M        27M       3.2G

MemTotal:        4016004 kB
MemFree:          124808 kB
Active:           403936 kB
Mem:          3.8G       3.7G       121M       5.7M        27M       3.2G

MemTotal:        4016004 kB
MemFree:          140688 kB
Active:           403996 kB
Mem:          3.8G       3.7G       137M       5.7M        27M       3.2G

MemTotal:        4016004 kB
MemFree:          119464 kB
Active:           404268 kB
Mem:          3.8G       3.7G       116M       5.7M        27M       3.2G

MemTotal:        4016004 kB
MemFree:          108484 kB
Active:           404496 kB
Mem:          3.8G       3.7G       105M       5.7M        27M       3.2G

MemTotal:        4016004 kB
MemFree:          130524 kB
Active:           404668 kB
Mem:          3.8G       3.7G       127M       5.7M        27M       3.2G

MemTotal:        4016004 kB
MemFree:          123784 kB
Active:           404844 kB
Mem:          3.8G       3.7G       119M       5.7M        27M       3.2G

MemTotal:        4016004 kB
MemFree:          117008 kB
Active:           405004 kB
Mem:          3.8G       3.7G       113M       5.7M        27M       3.2G

MemTotal:        4016004 kB
MemFree:          129200 kB
Active:           404504 kB
Mem:          3.8G       3.7G       125M       5.7M        27M       3.2G

MemTotal:        4016004 kB
MemFree:          136520 kB
Active:           404952 kB
Mem:          3.8G       3.7G       132M       5.7M        27M       3.2G

MemTotal:        4016004 kB
MemFree:          142676 kB
Active:           405160 kB
Mem:          3.8G       3.7G       138M       5.7M        27M       3.2G

MemTotal:        4016004 kB
MemFree:          127732 kB
Active:           405360 kB
Mem:          3.8G       3.7G       124M       5.7M        27M       3.2G

MemTotal:        4016004 kB
MemFree:          126392 kB
Active:           405504 kB
Mem:          3.8G       3.7G       123M       5.7M        27M       3.2G

MemTotal:        4016004 kB
MemFree:          107964 kB
Active:           405664 kB
Mem:          3.8G       3.7G       104M       5.7M        27M       3.2G

MemTotal:        4016004 kB
MemFree:          124632 kB
Active:           405900 kB
Mem:          3.8G       3.7G       121M       5.7M        27M       3.2G

MemTotal:        4016004 kB
MemFree:          109384 kB
Active:           406100 kB
Mem:          3.8G       3.7G       106M       5.7M        27M       3.2G

MemTotal:        4016004 kB
MemFree:          109924 kB
Active:           406292 kB
Mem:          3.8G       3.7G       107M       5.7M        27M       3.2G

MemTotal:        4016004 kB
MemFree:          119768 kB
Active:           406420 kB
Mem:          3.8G       3.7G       116M       5.7M        28M       3.2G

MemTotal:        4016004 kB
MemFree:          125008 kB
Active:           406528 kB
Mem:          3.8G       3.7G       122M       5.7M        28M       3.2G

MemTotal:        4016004 kB
MemFree:          139880 kB
Active:           406664 kB
Mem:          3.8G       3.7G       136M       5.7M        28M       3.2G

MemTotal:        4016004 kB
MemFree:          134056 kB
Active:           406864 kB
Mem:          3.8G       3.7G       130M       5.7M        28M       3.2G

MemTotal:        4016004 kB
MemFree:          108568 kB
Active:           407120 kB
Mem:          3.8G       3.7G       105M       5.7M        28M       3.2G

MemTotal:        4016004 kB
MemFree:          115204 kB
Active:           407292 kB
Mem:          3.8G       3.7G       112M       5.7M        28M       3.2G

MemTotal:        4016004 kB
MemFree:          109788 kB
Active:           407876 kB
Mem:          3.8G       3.7G       106M       5.7M        28M       3.2G

MemTotal:        4016004 kB
MemFree:          107500 kB
Active:           408128 kB
Mem:          3.8G       3.7G       104M       5.7M        28M       3.2G

MemTotal:        4016004 kB
MemFree:          136728 kB
Active:           408256 kB
Mem:          3.8G       3.7G       133M       5.7M        28M       3.2G

MemTotal:        4016004 kB
MemFree:          141660 kB
Active:           408284 kB
Mem:          3.8G       3.7G       137M       5.7M        28M       3.2G

MemTotal:        4016004 kB
MemFree:          106800 kB
Active:           408600 kB
Mem:          3.8G       3.7G       102M       5.7M        28M       3.2G

MemTotal:        4016004 kB
MemFree:          131640 kB
Active:           408764 kB
Mem:          3.8G       3.7G       127M       5.7M        28M       3.2G

MemTotal:        4016004 kB
MemFree:          111864 kB
Active:           408964 kB
Mem:          3.8G       3.7G       108M       5.7M        28M       3.2G

MemTotal:        4016004 kB
MemFree:          107512 kB
Active:           409124 kB
Mem:          3.8G       3.7G       104M       5.7M        28M       3.2G

MemTotal:        4016004 kB
MemFree:          115896 kB
Active:           409272 kB
Mem:          3.8G       3.7G       112M       5.7M        28M       3.2G

MemTotal:        4016004 kB
MemFree:          123160 kB
Active:           409324 kB
Mem:          3.8G       3.7G       120M       5.7M        28M       3.2G

MemTotal:        4016004 kB
MemFree:          124572 kB
Active:           409400 kB
Mem:          3.8G       3.7G       121M       5.7M        28M       3.2G

MemTotal:        4016004 kB
MemFree:          133780 kB
Active:           409672 kB
Mem:          3.8G       3.7G       130M       5.7M        28M       3.2G

MemTotal:        4016004 kB
MemFree:          116912 kB
Active:           409976 kB
Mem:          3.8G       3.7G       113M       5.7M        28M       3.2G

MemTotal:        4016004 kB
MemFree:          119532 kB
Active:           410164 kB
Mem:          3.8G       3.7G       116M       5.7M        28M       3.2G

MemTotal:        4016004 kB
MemFree:          121068 kB
Active:           410220 kB
Mem:          3.8G       3.7G       117M       5.7M        28M       3.2G

MemTotal:        4016004 kB
MemFree:          134060 kB
Active:           410416 kB
Mem:          3.8G       3.7G       130M       5.7M        28M       3.2G

MemTotal:        4016004 kB
MemFree:          125076 kB
Active:           410560 kB
Mem:          3.8G       3.7G       121M       5.7M        28M       3.2G

MemTotal:        4016004 kB
MemFree:          112416 kB
Active:           410836 kB
Mem:          3.8G       3.7G       109M       5.7M        28M       3.2G

MemTotal:        4016004 kB
MemFree:          112348 kB
Active:           411048 kB
Mem:          3.8G       3.7G       109M       5.7M        28M       3.2G

MemTotal:        4016004 kB
MemFree:          141724 kB
Active:           411088 kB
Mem:          3.8G       3.7G       138M       5.7M        28M       3.2G

MemTotal:        4016004 kB
MemFree:          122080 kB
Active:           411372 kB
Mem:          3.8G       3.7G       118M       5.7M        28M       3.2G

MemTotal:        4016004 kB
MemFree:          114872 kB
Active:           411732 kB
Mem:          3.8G       3.7G       111M       5.7M        28M       3.2G

MemTotal:        4016004 kB
MemFree:          115784 kB
Active:           411884 kB
Mem:          3.8G       3.7G       112M       5.7M        28M       3.2G

MemTotal:        4016004 kB
MemFree:          141604 kB
Active:           411936 kB
Mem:          3.8G       3.7G       137M       5.7M        28M       3.2G

MemTotal:        4016004 kB
MemFree:          110884 kB
Active:           412120 kB
Mem:          3.8G       3.7G       108M       5.7M        28M       3.2G

MemTotal:        4016004 kB
MemFree:          113292 kB
Active:           412244 kB
Mem:          3.8G       3.7G       110M       5.7M        28M       3.2G

MemTotal:        4016004 kB
MemFree:          114168 kB
Active:           412372 kB
Mem:          3.8G       3.7G       110M       5.7M        28M       3.2G

MemTotal:        4016004 kB
MemFree:          124360 kB
Active:           412704 kB
Mem:          3.8G       3.7G       120M       5.7M        28M       3.2G

MemTotal:        4016004 kB
MemFree:          134648 kB
Active:           412924 kB
Mem:          3.8G       3.7G       131M       5.7M        28M       3.2G

MemTotal:        4016004 kB
MemFree:          128412 kB
Active:           412996 kB
Mem:          3.8G       3.7G       125M       5.7M        28M       3.2G

MemTotal:        4016004 kB
MemFree:          121532 kB
Active:           413152 kB
Mem:          3.8G       3.7G       116M       5.7M        28M       3.2G

MemTotal:        4016004 kB
MemFree:          121336 kB
Active:           413392 kB
Mem:          3.8G       3.7G       117M       5.7M        28M       3.2G

MemTotal:        4016004 kB
MemFree:          109880 kB
Active:           413612 kB
Mem:          3.8G       3.7G       106M       5.7M        28M       3.2G

MemTotal:        4016004 kB
MemFree:          113768 kB
Active:           413796 kB
Mem:          3.8G       3.7G       110M       5.7M        28M       3.2G

MemTotal:        4016004 kB
MemFree:          122800 kB
Active:           413848 kB
Mem:          3.8G       3.7G       119M       5.7M        28M       3.2G

MemTotal:        4016004 kB
MemFree:          140228 kB
Active:           413972 kB
Mem:          3.8G       3.7G       136M       5.7M        28M       3.2G

MemTotal:        4016004 kB
MemFree:          141024 kB
Active:           414108 kB
Mem:          3.8G       3.7G       137M       5.7M        28M       3.2G

MemTotal:        4016004 kB
MemFree:          121896 kB
Active:           414372 kB
Mem:          3.8G       3.7G       119M       5.7M        28M       3.2G

MemTotal:        4016004 kB
MemFree:          116140 kB
Active:           414612 kB
Mem:          3.8G       3.7G       112M       5.7M        28M       3.2G

MemTotal:        4016004 kB
MemFree:          118088 kB
Active:           414776 kB
Mem:          3.8G       3.7G       115M       5.7M        28M       3.2G

MemTotal:        4016004 kB
MemFree:          135560 kB
Active:           414904 kB
Mem:          3.8G       3.7G       132M       5.7M        28M       3.2G

MemTotal:        4016004 kB
MemFree:          138200 kB
Active:           415032 kB
Mem:          3.8G       3.7G       134M       5.7M        28M       3.2G

MemTotal:        4016004 kB
MemFree:          109736 kB
Active:           415236 kB
Mem:          3.8G       3.7G       106M       5.7M        28M       3.2G

MemTotal:        4016004 kB
MemFree:          134568 kB
Active:           415472 kB
Mem:          3.8G       3.7G       130M       5.7M        28M       3.2G

MemTotal:        4016004 kB
MemFree:          133836 kB
Active:           415628 kB
Mem:          3.8G       3.7G       130M       5.7M        28M       3.2G

MemTotal:        4016004 kB
MemFree:          133684 kB
Active:           415632 kB
Mem:          3.8G       3.7G       130M       5.7M        28M       3.2G

MemTotal:        4016004 kB
MemFree:          119908 kB
Active:           415588 kB
Mem:          3.8G       3.7G       116M       5.7M        28M       3.2G

MemTotal:        4016004 kB
MemFree:          129684 kB
Active:           416028 kB
Mem:          3.8G       3.7G       125M       5.7M        28M       3.2G

MemTotal:        4016004 kB
MemFree:          145212 kB
Active:           416348 kB
Mem:          3.8G       3.7G       141M       5.7M        28M       3.2G

MemTotal:        4016004 kB
MemFree:          136776 kB
Active:           416656 kB
Mem:          3.8G       3.7G       132M       5.7M        28M       3.2G

MemTotal:        4016004 kB
MemFree:          134636 kB
Active:           416872 kB
Mem:          3.8G       3.7G       131M       5.7M        28M       3.2G

MemTotal:        4016004 kB
MemFree:          124388 kB
Active:           417064 kB
Mem:          3.8G       3.7G       120M       5.7M        28M       3.2G

MemTotal:        4016004 kB
MemFree:          108864 kB
Active:           417236 kB
Mem:          3.8G       3.7G       105M       5.7M        28M       3.2G

MemTotal:        4016004 kB
MemFree:          123384 kB
Active:           417404 kB
Mem:          3.8G       3.7G       120M       5.7M        28M       3.2G

MemTotal:        4016004 kB
MemFree:          105840 kB
Active:           417532 kB
Mem:          3.8G       3.7G       103M       5.7M        28M       3.2G

MemTotal:        4016004 kB
MemFree:          108816 kB
Active:           417620 kB
Mem:          3.8G       3.7G       105M       5.7M        28M       3.2G

MemTotal:        4016004 kB
MemFree:          116292 kB
Active:           417972 kB
Mem:          3.8G       3.7G       113M       5.7M        28M       3.2G

MemTotal:        4016004 kB
MemFree:          128556 kB
Active:           418196 kB
Mem:          3.8G       3.7G       124M       5.7M        28M       3.2G

MemTotal:        4016004 kB
MemFree:          111848 kB
Active:           418276 kB
Mem:          3.8G       3.7G       108M       5.7M        28M       3.2G

MemTotal:        4016004 kB
MemFree:          119288 kB
Active:           418432 kB
Mem:          3.8G       3.7G       116M       5.7M        28M       3.2G

MemTotal:        4016004 kB
MemFree:          112296 kB
Active:           418560 kB
Mem:          3.8G       3.7G       109M       5.7M        28M       3.2G

MemTotal:        4016004 kB
MemFree:          125572 kB
Active:           418876 kB
Mem:          3.8G       3.7G       122M       5.7M        28M       3.2G

MemTotal:        4016004 kB
MemFree:          113932 kB
Active:           419132 kB
Mem:          3.8G       3.7G       110M       5.7M        28M       3.2G

MemTotal:        4016004 kB
MemFree:          106084 kB
Active:           419328 kB
Mem:          3.8G       3.7G       102M       5.7M        28M       3.2G

MemTotal:        4016004 kB
MemFree:          124964 kB
Active:           419432 kB
Mem:          3.8G       3.7G       121M       5.7M        28M       3.2G

MemTotal:        4016004 kB
MemFree:          134168 kB
Active:           419552 kB
Mem:          3.8G       3.7G       130M       5.7M        28M       3.2G

MemTotal:        4016004 kB
MemFree:          130804 kB
Active:           419568 kB
Mem:          3.8G       3.7G       127M       5.7M        28M       3.2G

MemTotal:        4016004 kB
MemFree:          133196 kB
Active:           419808 kB
Mem:          3.8G       3.7G       125M       5.7M        28M       3.2G

MemTotal:        4016004 kB
MemFree:          105496 kB
Active:           419996 kB
Mem:          3.8G       3.7G       102M       5.7M        28M       3.2G

MemTotal:        4016004 kB
MemFree:          114976 kB
Active:           420160 kB
Mem:          3.8G       3.7G       111M       5.7M        28M       3.2G

MemTotal:        4016004 kB
MemFree:          127548 kB
Active:           420248 kB
Mem:          3.8G       3.7G       124M       5.7M        28M       3.2G

MemTotal:        4016004 kB
MemFree:          126380 kB
Active:           420348 kB
Mem:          3.8G       3.7G       123M       5.7M        28M       3.2G

MemTotal:        4016004 kB
MemFree:          134848 kB
Active:           420556 kB
Mem:          3.8G       3.7G       131M       5.7M        28M       3.2G

MemTotal:        4016004 kB
MemFree:          122620 kB
Active:           420836 kB
Mem:          3.8G       3.7G       119M       5.7M        28M       3.2G

MemTotal:        4016004 kB
MemFree:          128476 kB
Active:           421028 kB
Mem:          3.8G       3.7G       124M       5.7M        28M       3.2G

MemTotal:        4016004 kB
MemFree:          127480 kB
Active:           421108 kB
Mem:          3.8G       3.7G       123M       5.7M        28M       3.2G

MemTotal:        4016004 kB
MemFree:          114344 kB
Active:           421164 kB
Mem:          3.8G       3.7G       111M       5.7M        28M       3.2G

MemTotal:        4016004 kB
MemFree:          146372 kB
Active:           421380 kB
Mem:          3.8G       3.7G       142M       5.7M        28M       3.2G

MemTotal:        4016004 kB
MemFree:          134676 kB
Active:           421756 kB
Mem:          3.8G       3.7G       130M       5.7M        28M       3.2G

MemTotal:        4016004 kB
MemFree:          137664 kB
Active:           421944 kB
Mem:          3.8G       3.7G       134M       5.7M        28M       3.2G

MemTotal:        4016004 kB
MemFree:          117544 kB
Active:           422028 kB
Mem:          3.8G       3.7G       114M       5.7M        28M       3.2G

MemTotal:        4016004 kB
MemFree:          131524 kB
Active:           422108 kB
Mem:          3.8G       3.7G       128M       5.7M        28M       3.2G

MemTotal:        4016004 kB
MemFree:          104856 kB
Active:           422236 kB
Mem:          3.8G       3.7G       108M       5.7M        28M       3.2G

MemTotal:        4016004 kB
MemFree:          128500 kB
Active:           422412 kB
Mem:          3.8G       3.7G       124M       5.7M        28M       3.2G

MemTotal:        4016004 kB
MemFree:          129544 kB
Active:           422792 kB
Mem:          3.8G       3.7G       125M       5.7M        28M       3.2G

MemTotal:        4016004 kB
MemFree:          126348 kB
Active:           422976 kB
Mem:          3.8G       3.7G       123M       5.7M        28M       3.2G

MemTotal:        4016004 kB
MemFree:          130128 kB
Active:           423128 kB
Mem:          3.8G       3.7G       126M       5.7M        28M       3.2G

MemTotal:        4016004 kB
MemFree:          120488 kB
Active:           423284 kB
Mem:          3.8G       3.7G       117M       5.7M        28M       3.2G

MemTotal:        4016004 kB
MemFree:          125960 kB
Active:           423472 kB
Mem:          3.8G       3.7G       122M       5.7M        28M       3.2G

MemTotal:        4016004 kB
MemFree:          124556 kB
Active:           423652 kB
Mem:          3.8G       3.7G       121M       5.7M        28M       3.2G

MemTotal:        4016004 kB
MemFree:          126512 kB
Active:           423808 kB
Mem:          3.8G       3.7G       123M       5.7M        28M       3.2G

MemTotal:        4016004 kB
MemFree:          133768 kB
Active:           423960 kB
Mem:          3.8G       3.7G       130M       5.7M        28M       3.2G

MemTotal:        4016004 kB
MemFree:          106380 kB
Active:           424060 kB
Mem:          3.8G       3.7G       103M       5.7M        28M       3.2G

MemTotal:        4016004 kB
MemFree:          121616 kB
Active:           424196 kB
Mem:          3.8G       3.7G       118M       5.7M        28M       3.2G

MemTotal:        4016004 kB
MemFree:          125608 kB
Active:           424420 kB
Mem:          3.8G       3.7G       122M       5.7M        28M       3.2G

MemTotal:        4016004 kB
MemFree:          124180 kB
Active:           424636 kB
Mem:          3.8G       3.7G       121M       5.7M        28M       3.2G

MemTotal:        4016004 kB
MemFree:          133600 kB
Active:           424836 kB
Mem:          3.8G       3.7G       130M       5.7M        28M       3.2G

MemTotal:        4016004 kB
MemFree:          119316 kB
Active:           425216 kB
Mem:          3.8G       3.7G       115M       5.7M        28M       3.2G

MemTotal:        4016004 kB
MemFree:          137620 kB
Active:           425380 kB
Mem:          3.8G       3.7G       134M       5.7M        28M       3.2G

MemTotal:        4016004 kB
MemFree:          131432 kB
Active:           425528 kB
Mem:          3.8G       3.7G       127M       5.7M        28M       3.2G

MemTotal:        4016004 kB
MemFree:          122332 kB
Active:           427228 kB
Mem:          3.8G       3.7G       118M       5.7M        28M       3.2G

MemTotal:        4016004 kB
MemFree:          124908 kB
Active:           427140 kB
Mem:          3.8G       3.7G       121M       5.7M        28M       3.2G

MemTotal:        4016004 kB
MemFree:          132004 kB
Active:           427380 kB
Mem:          3.8G       3.7G       128M       5.7M        28M       3.2G

MemTotal:        4016004 kB
MemFree:          129208 kB
Active:           427548 kB
Mem:          3.8G       3.7G       125M       5.7M        28M       3.2G

MemTotal:        4016004 kB
MemFree:          124964 kB
Active:           427688 kB
Mem:          3.8G       3.7G       121M       5.7M        28M       3.2G

MemTotal:        4016004 kB
MemFree:          130816 kB
Active:           427864 kB
Mem:          3.8G       3.7G       127M       5.7M        28M       3.2G

MemTotal:        4016004 kB
MemFree:          138732 kB
Active:           428060 kB
Mem:          3.8G       3.7G       134M       5.7M        28M       3.2G

MemTotal:        4016004 kB
MemFree:          143268 kB
Active:           428204 kB
Mem:          3.8G       3.7G       139M       5.7M        28M       3.1G

MemTotal:        4016004 kB
MemFree:          133064 kB
Active:           428368 kB
Mem:          3.8G       3.7G       129M       5.7M        28M       3.2G

MemTotal:        4016004 kB
MemFree:          123620 kB
Active:           429040 kB
Mem:          3.8G       3.7G       119M       5.7M        28M       3.2G

MemTotal:        4016004 kB
MemFree:          125940 kB
Active:           429336 kB
Mem:          3.8G       3.7G       122M       5.7M        28M       3.2G

MemTotal:        4016004 kB
MemFree:          143792 kB
Active:           429560 kB
Mem:          3.8G       3.7G       140M       5.7M        28M       3.1G

MemTotal:        4016004 kB
MemFree:          142864 kB
Active:           429548 kB
Mem:          3.8G       3.7G       139M       5.7M        28M       3.1G

MemTotal:        4016004 kB
MemFree:          142340 kB
Active:           429592 kB
Mem:          3.8G       3.7G       139M       5.7M        28M       3.1G

MemTotal:        4016004 kB
MemFree:          131512 kB
Active:           430000 kB
Mem:          3.8G       3.7G       127M       5.7M        28M       3.2G

MemTotal:        4016004 kB
MemFree:          122624 kB
Active:           430340 kB
Mem:          3.8G       3.7G       119M       5.7M        28M       3.2G

MemTotal:        4016004 kB
MemFree:          124496 kB
Active:           430540 kB
Mem:          3.8G       3.7G       120M       5.7M        28M       3.2G

MemTotal:        4016004 kB
MemFree:          149752 kB
Active:           430716 kB
Mem:          3.8G       3.7G       145M       5.7M        28M       3.1G

MemTotal:        4016004 kB
MemFree:          105308 kB
Active:           430892 kB
Mem:          3.8G       3.7G       102M       5.7M        28M       3.2G

MemTotal:        4016004 kB
MemFree:          108120 kB
Active:           430952 kB
Mem:          3.8G       3.7G       105M       5.7M        28M       3.2G

MemTotal:        4016004 kB
MemFree:          112072 kB
Active:           431004 kB
Mem:          3.8G       3.7G       108M       5.7M        28M       3.2G

MemTotal:        4016004 kB
MemFree:          113144 kB
Active:           431156 kB
Mem:          3.8G       3.7G       110M       5.7M        28M       3.2G

MemTotal:        4016004 kB
MemFree:          124792 kB
Active:           431268 kB
Mem:          3.8G       3.7G       121M       5.7M        28M       3.2G

MemTotal:        4016004 kB
MemFree:          122448 kB
Active:           429504 kB
Mem:          3.8G       3.7G       118M       5.7M        28M       3.2G

MemTotal:        4016004 kB
MemFree:          124020 kB
Active:           429876 kB
Mem:          3.8G       3.7G       121M       5.7M        28M       3.2G

MemTotal:        4016004 kB
MemFree:          118456 kB
Active:           430768 kB
Mem:          3.8G       3.7G       115M       5.7M        28M       3.2G

MemTotal:        4016004 kB
MemFree:          109380 kB
Active:           430956 kB
Mem:          3.8G       3.7G       106M       5.7M        28M       3.2G

MemTotal:        4016004 kB
MemFree:          105896 kB
Active:           430872 kB
Mem:          3.8G       3.7G       103M       5.7M        28M       3.2G

MemTotal:        4016004 kB
MemFree:          105532 kB
Active:           430892 kB
Mem:          3.8G       3.7G       103M       5.7M        28M       3.2G

MemTotal:        4016004 kB
MemFree:          140984 kB
Active:           431564 kB
Mem:          3.8G       3.7G       136M       5.7M        28M       3.2G

MemTotal:        4016004 kB
MemFree:          127904 kB
Active:           431880 kB
Mem:          3.8G       3.7G       124M       5.7M        28M       3.2G

MemTotal:        4016004 kB
MemFree:          112344 kB
Active:           430096 kB
Mem:          3.8G       3.7G       108M       5.7M        28M       3.2G

MemTotal:        4016004 kB
MemFree:          106504 kB
Active:           430284 kB
Mem:          3.8G       3.7G       103M       5.7M        28M       3.2G

MemTotal:        4016004 kB
MemFree:          131700 kB
Active:           430440 kB
Mem:          3.8G       3.7G       128M       5.7M        28M       3.2G

MemTotal:        4016004 kB
MemFree:          115572 kB
Active:           430548 kB
Mem:          3.8G       3.7G       112M       5.7M        28M       3.2G

MemTotal:        4016004 kB
MemFree:          134928 kB
Active:           430608 kB
Mem:          3.8G       3.7G       131M       5.7M        28M       3.2G

MemTotal:        4016004 kB
MemFree:          116836 kB
Active:           430704 kB
Mem:          3.8G       3.7G       123M       5.7M        28M       3.2G

MemTotal:        4016004 kB
MemFree:          120056 kB
Active:           431008 kB
Mem:          3.8G       3.7G       116M       5.7M        28M       3.2G

MemTotal:        4016004 kB
MemFree:          125960 kB
Active:           431304 kB
Mem:          3.8G       3.7G       122M       5.7M        28M       3.2G

MemTotal:        4016004 kB
MemFree:          106084 kB
Active:           431464 kB
Mem:          3.8G       3.7G       102M       5.7M        28M       3.2G

MemTotal:        4016004 kB
MemFree:          115744 kB
Active:           431544 kB
Mem:          3.8G       3.7G       112M       5.7M        28M       3.2G

MemTotal:        4016004 kB
MemFree:          126444 kB
Active:           431624 kB
Mem:          3.8G       3.7G       122M       5.7M        28M       3.2G

MemTotal:        4016004 kB
MemFree:          146256 kB
Active:           431824 kB
Mem:          3.8G       3.7G       142M       5.7M        28M       3.1G

MemTotal:        4016004 kB
MemFree:          128516 kB
Active:           432152 kB
Mem:          3.8G       3.7G       125M       5.7M        28M       3.2G

MemTotal:        4016004 kB
MemFree:          115092 kB
Active:           432336 kB
Mem:          3.8G       3.7G       112M       5.7M        28M       3.2G

MemTotal:        4016004 kB
MemFree:          131996 kB
Active:           432416 kB
Mem:          3.8G       3.7G       128M       5.7M        28M       3.2G

MemTotal:        4016004 kB
MemFree:          111392 kB
Active:           432496 kB
Mem:          3.8G       3.7G       108M       5.7M        28M       3.2G

MemTotal:        4016004 kB
MemFree:          122532 kB
Active:           432592 kB
Mem:          3.8G       3.7G       119M       5.7M        28M       3.2G

MemTotal:        4016004 kB
MemFree:          133004 kB
Active:           432892 kB
Mem:          3.8G       3.7G       128M       5.7M        28M       3.2G

MemTotal:        4016004 kB
MemFree:          123620 kB
Active:           433164 kB
Mem:          3.8G       3.7G       120M       5.7M        28M       3.2G

MemTotal:        4016004 kB
MemFree:          125032 kB
Active:           433312 kB
Mem:          3.8G       3.7G       122M       5.7M        28M       3.2G

MemTotal:        4016004 kB
MemFree:          121352 kB
Active:           433472 kB
Mem:          3.8G       3.7G       118M       5.7M        28M       3.2G

MemTotal:        4016004 kB
MemFree:          118864 kB
Active:           433660 kB
Mem:          3.8G       3.7G       115M       5.7M        28M       3.2G

MemTotal:        4016004 kB
MemFree:          112056 kB
Active:           433880 kB
Mem:          3.8G       3.7G       108M       5.7M        28M       3.2G

MemTotal:        4016004 kB
MemFree:          116824 kB
Active:           434032 kB
Mem:          3.8G       3.7G       113M       5.7M        28M       3.2G

MemTotal:        4016004 kB
MemFree:          122168 kB
Active:           434048 kB
Mem:          3.8G       3.7G       118M       5.7M        28M       3.2G

MemTotal:        4016004 kB
MemFree:          125352 kB
Active:           434280 kB
Mem:          3.8G       3.7G       121M       5.7M        28M       3.2G

MemTotal:        4016004 kB
MemFree:          113804 kB
Active:           434400 kB
Mem:          3.8G       3.7G       110M       5.7M        28M       3.2G

MemTotal:        4016004 kB
MemFree:          138492 kB
Active:           434532 kB
Mem:          3.8G       3.7G       134M       5.7M        28M       3.2G

MemTotal:        4016004 kB
MemFree:          132276 kB
Active:           434792 kB
Mem:          3.8G       3.7G       128M       5.7M        28M       3.2G

MemTotal:        4016004 kB
MemFree:          130224 kB
Active:           434996 kB
Mem:          3.8G       3.7G       126M       5.7M        28M       3.2G

MemTotal:        4016004 kB
MemFree:          114528 kB
Active:           435172 kB
Mem:          3.8G       3.7G       111M       5.7M        28M       3.2G

MemTotal:        4016004 kB
MemFree:          125576 kB
Active:           435356 kB
Mem:          3.8G       3.7G       122M       5.7M        28M       3.2G

MemTotal:        4016004 kB
MemFree:          124200 kB
Active:           435568 kB
Mem:          3.8G       3.7G       120M       5.7M        28M       3.2G

MemTotal:        4016004 kB
MemFree:          104808 kB
Active:           435744 kB
Mem:          3.8G       3.7G       123M       5.7M        28M       3.2G

MemTotal:        4016004 kB
MemFree:          124544 kB
Active:           435960 kB
Mem:          3.8G       3.7G       121M       5.7M        28M       3.2G

MemTotal:        4016004 kB
MemFree:          115984 kB
Active:           436160 kB
Mem:          3.8G       3.7G       113M       5.7M        28M       3.2G

MemTotal:        4016004 kB
MemFree:          124104 kB
Active:           436352 kB
Mem:          3.8G       3.7G       120M       5.7M        28M       3.2G

MemTotal:        4016004 kB
MemFree:          112808 kB
Active:           436556 kB
Mem:          3.8G       3.7G       109M       5.7M        28M       3.2G

MemTotal:        4016004 kB
MemFree:          124448 kB
Active:           436732 kB
Mem:          3.8G       3.7G       120M       5.7M        28M       3.2G

MemTotal:        4016004 kB
MemFree:          116020 kB
Active:           436864 kB
Mem:          3.8G       3.7G       117M       5.7M        28M       3.2G

MemTotal:        4016004 kB
MemFree:          126980 kB
Active:           437112 kB
Mem:          3.8G       3.7G       123M       5.7M        28M       3.2G

MemTotal:        4016004 kB
MemFree:          116676 kB
Active:           437344 kB
Mem:          3.8G       3.7G       113M       5.7M        28M       3.2G

MemTotal:        4016004 kB
MemFree:          120424 kB
Active:           437548 kB
Mem:          3.8G       3.7G       116M       5.7M        28M       3.2G

MemTotal:        4016004 kB
MemFree:          122880 kB
Active:           437668 kB
Mem:          3.8G       3.7G       119M       5.7M        28M       3.2G

MemTotal:        4016004 kB
MemFree:          124092 kB
Active:           437796 kB
Mem:          3.8G       3.7G       126M       5.7M        28M       3.2G

MemTotal:        4016004 kB
MemFree:          139876 kB
Active:           437908 kB
Mem:          3.8G       3.7G       136M       5.7M        28M       3.1G

MemTotal:        4016004 kB
MemFree:          107076 kB
Active:           438112 kB
Mem:          3.8G       3.7G       103M       5.7M        28M       3.2G

MemTotal:        4016004 kB
MemFree:          138356 kB
Active:           438444 kB
Mem:          3.8G       3.7G       134M       5.7M        28M       3.1G

MemTotal:        4016004 kB
MemFree:          108564 kB
Active:           438644 kB
Mem:          3.8G       3.7G       105M       5.7M        28M       3.2G

MemTotal:        4016004 kB
MemFree:          117632 kB
Active:           438752 kB
Mem:          3.8G       3.7G       114M       5.7M        28M       3.2G

MemTotal:        4016004 kB
MemFree:          138616 kB
Active:           438856 kB
Mem:          3.8G       3.7G       134M       5.7M        28M       3.1G

MemTotal:        4016004 kB
MemFree:          128876 kB
Active:           438960 kB
Mem:          3.8G       3.7G       124M       5.7M        28M       3.2G

MemTotal:        4016004 kB
MemFree:          122984 kB
Active:           439204 kB
Mem:          3.8G       3.7G       119M       5.7M        28M       3.2G

MemTotal:        4016004 kB
MemFree:          114980 kB
Active:           439496 kB
Mem:          3.8G       3.7G       112M       5.7M        28M       3.2G

MemTotal:        4016004 kB
MemFree:          131028 kB
Active:           439596 kB
Mem:          3.8G       3.7G       127M       5.7M        28M       3.2G

MemTotal:        4016004 kB
MemFree:          105004 kB
Active:           439692 kB
Mem:          3.8G       3.7G       106M       5.7M        28M       3.2G

MemTotal:        4016004 kB
MemFree:          131952 kB
Active:           439796 kB
Mem:          3.8G       3.7G       128M       5.7M        28M       3.2G

MemTotal:        4016004 kB
MemFree:          124656 kB
Active:           440084 kB
Mem:          3.8G       3.7G       121M       5.7M        28M       3.2G

MemTotal:        4016004 kB
MemFree:          122968 kB
Active:           440368 kB
Mem:          3.8G       3.7G       119M       5.7M        28M       3.2G

MemTotal:        4016004 kB
MemFree:          120864 kB
Active:           440528 kB
Mem:          3.8G       3.7G       117M       5.7M        28M       3.2G

MemTotal:        4016004 kB
MemFree:          110932 kB
Active:           440692 kB
Mem:          3.8G       3.7G       108M       5.7M        28M       3.2G

MemTotal:        4016004 kB
MemFree:          123840 kB
Active:           440996 kB
Mem:          3.8G       3.7G       119M       5.7M        28M       3.2G

MemTotal:        4016004 kB
MemFree:          144212 kB
Active:           441272 kB
Mem:          3.8G       3.7G       140M       5.7M        28M       3.1G

MemTotal:        4016004 kB
MemFree:          126532 kB
Active:           441688 kB
Mem:          3.8G       3.7G       123M       5.7M        28M       3.2G

MemTotal:        4016004 kB
MemFree:          137352 kB
Active:           442036 kB
Mem:          3.8G       3.7G       133M       5.7M        28M       3.1G

MemTotal:        4016004 kB
MemFree:          126052 kB
Active:           442276 kB
Mem:          3.8G       3.7G       122M       5.7M        28M       3.2G

MemTotal:        4016004 kB
MemFree:          132808 kB
Active:           442464 kB
Mem:          3.8G       3.7G       128M       5.7M        28M       3.2G

MemTotal:        4016004 kB
MemFree:          141392 kB
Active:           442632 kB
Mem:          3.8G       3.7G       137M       5.7M        28M       3.1G

MemTotal:        4016004 kB
MemFree:          123412 kB
Active:           442712 kB
Mem:          3.8G       3.7G       120M       5.7M        28M       3.2G

MemTotal:        4016004 kB
MemFree:          121900 kB
Active:           442796 kB
Mem:          3.8G       3.7G       118M       5.7M        28M       3.2G

MemTotal:        4016004 kB
MemFree:          138836 kB
Active:           442908 kB
Mem:          3.8G       3.7G       134M       5.7M        28M       3.1G

MemTotal:        4016004 kB
MemFree:          132792 kB
Active:           443308 kB
Mem:          3.8G       3.7G       129M       5.7M        28M       3.2G

MemTotal:        4016004 kB
MemFree:          109556 kB
Active:           443520 kB
Mem:          3.8G       3.7G       106M       5.7M        28M       3.2G

MemTotal:        4016004 kB
MemFree:          108664 kB
Active:           443564 kB
Mem:          3.8G       3.7G       106M       5.7M        28M       3.2G

MemTotal:        4016004 kB
MemFree:          116012 kB
Active:           443564 kB
Mem:          3.8G       3.7G       112M       5.7M        28M       3.2G

MemTotal:        4016004 kB
MemFree:          139676 kB
Active:           443980 kB
Mem:          3.8G       3.7G       135M       5.7M        28M       3.1G

MemTotal:        4016004 kB
MemFree:          132096 kB
Active:           444236 kB
Mem:          3.8G       3.7G       130M       5.7M        28M       3.2G

MemTotal:        4016004 kB
MemFree:         3268980 kB
Active:           353292 kB
Mem:          3.8G       729M       3.1G       5.7M        28M       287M

MemTotal:        4016004 kB
MemFree:         3317156 kB
Active:           352212 kB
Mem:          3.8G       682M       3.2G       5.7M        28M       243M

MemTotal:        4016004 kB
MemFree:         3365340 kB
Active:           352032 kB
Mem:          3.8G       634M       3.2G       5.7M        28M       197M

MemTotal:        4016004 kB
MemFree:         3382068 kB
Active:           351796 kB
Mem:          3.8G       618M       3.2G       5.7M        28M       183M

MemTotal:        4016004 kB
MemFree:         3382544 kB
Active:           351640 kB
Mem:          3.8G       618M       3.2G       5.7M        28M       182M

MemTotal:        4016004 kB
MemFree:         3382344 kB
Active:           351648 kB
Mem:          3.8G       618M       3.2G       5.7M        28M       182M

MemTotal:        4016004 kB
MemFree:         3382840 kB
Active:           351616 kB
Mem:          3.8G       618M       3.2G       5.7M        28M       182M

MemTotal:        4016004 kB
MemFree:         3382592 kB
Active:           351624 kB
Mem:          3.8G       618M       3.2G       5.7M        28M       182M

MemTotal:        4016004 kB
MemFree:         3382716 kB
Active:           351616 kB
Mem:          3.8G       618M       3.2G       5.7M        28M       182M

MemTotal:        4016004 kB
MemFree:         3382396 kB
Active:           352052 kB
Mem:          3.8G       618M       3.2G       5.7M        28M       183M

MemTotal:        4016004 kB
MemFree:         3382940 kB
Active:           351652 kB
Mem:          3.8G       618M       3.2G       5.7M        28M       183M

MemTotal:        4016004 kB
MemFree:         3383436 kB
Active:           351632 kB
Mem:          3.8G       617M       3.2G       5.7M        28M       183M

MemTotal:        4016004 kB
MemFree:         3383436 kB
Active:           351624 kB
Mem:          3.8G       617M       3.2G       5.7M        28M       183M

MemTotal:        4016004 kB
MemFree:         3383436 kB
Active:           351640 kB
Mem:          3.8G       617M       3.2G       5.7M        28M       183M

MemTotal:        4016004 kB
MemFree:         3383436 kB
Active:           351672 kB
Mem:          3.8G       617M       3.2G       5.7M        28M       183M

MemTotal:        4016004 kB
MemFree:         3383684 kB
Active:           351636 kB
Mem:          3.8G       617M       3.2G       5.7M        28M       183M

MemTotal:        4016004 kB
MemFree:         3383684 kB
Active:           351640 kB
Mem:          3.8G       617M       3.2G       5.7M        28M       183M

MemTotal:        4016004 kB
MemFree:         3383948 kB
Active:           351640 kB
Mem:          3.8G       617M       3.2G       5.7M        28M       183M

MemTotal:        4016004 kB
MemFree:         3383948 kB
Active:           351644 kB
Mem:          3.8G       617M       3.2G       5.7M        28M       183M

MemTotal:        4016004 kB
MemFree:         3383328 kB
Active:           351700 kB
Mem:          3.8G       617M       3.2G       5.7M        28M       183M

MemTotal:        4016004 kB
MemFree:         3383452 kB
Active:           351648 kB
Mem:          3.8G       617M       3.2G       5.7M        28M       183M

MemTotal:        4016004 kB
MemFree:         3383080 kB
Active:           351708 kB
Mem:          3.8G       617M       3.2G       5.7M        28M       183M

MemTotal:        4016004 kB
MemFree:         3383204 kB
Active:           351672 kB
Mem:          3.8G       617M       3.2G       5.7M        28M       183M

MemTotal:        4016004 kB
MemFree:         3383328 kB
Active:           351700 kB
Mem:          3.8G       617M       3.2G       5.7M        28M       183M

MemTotal:        4016004 kB
MemFree:         3382956 kB
Active:           351712 kB
Mem:          3.8G       618M       3.2G       5.7M        28M       183M

MemTotal:        4016004 kB
MemFree:         3382956 kB
Active:           351708 kB
Mem:          3.8G       618M       3.2G       5.7M        28M       183M

MemTotal:        4016004 kB
MemFree:         3383080 kB
Active:           351656 kB
Mem:          3.8G       618M       3.2G       5.7M        28M       183M

MemTotal:        4016004 kB
MemFree:         3383328 kB
Active:           351708 kB
Mem:          3.8G       617M       3.2G       5.7M        28M       183M

MemTotal:        4016004 kB
MemFree:         3383452 kB
Active:           351696 kB
Mem:          3.8G       617M       3.2G       5.7M        28M       183M

MemTotal:        4016004 kB
MemFree:         3383452 kB
Active:           351704 kB
Mem:          3.8G       617M       3.2G       5.7M        28M       183M

MemTotal:        4016004 kB
MemFree:         3383452 kB
Active:           351692 kB
Mem:          3.8G       617M       3.2G       5.7M        28M       183M

MemTotal:        4016004 kB
MemFree:         3383576 kB
Active:           351704 kB
Mem:          3.8G       617M       3.2G       5.7M        28M       183M

MemTotal:        4016004 kB
MemFree:         3383204 kB
Active:           351724 kB
Mem:          3.8G       618M       3.2G       5.7M        28M       183M

MemTotal:        4016004 kB
MemFree:         3383080 kB
Active:           351712 kB
Mem:          3.8G       618M       3.2G       5.7M        28M       183M

MemTotal:        4016004 kB
MemFree:         3383080 kB
Active:           351684 kB
Mem:          3.8G       618M       3.2G       5.7M        28M       183M

MemTotal:        4016004 kB
MemFree:         3382832 kB
Active:           351684 kB
Mem:          3.8G       618M       3.2G       5.7M        28M       183M

MemTotal:        4016004 kB
MemFree:         3382956 kB
Active:           351716 kB
Mem:          3.8G       618M       3.2G       5.7M        28M       183M

MemTotal:        4016004 kB
MemFree:         3382832 kB
Active:           351724 kB
Mem:          3.8G       618M       3.2G       5.7M        28M       183M

MemTotal:        4016004 kB
MemFree:         3382956 kB
Active:           351724 kB
Mem:          3.8G       618M       3.2G       5.7M        28M       183M

MemTotal:        4016004 kB
MemFree:         3382956 kB
Active:           351728 kB
Mem:          3.8G       618M       3.2G       5.7M        28M       183M

MemTotal:        4016004 kB
MemFree:         3382584 kB
Active:           351732 kB
Mem:          3.8G       618M       3.2G       5.7M        28M       183M

MemTotal:        4016004 kB
MemFree:         3382956 kB
Active:           351724 kB
Mem:          3.8G       618M       3.2G       5.7M        28M       183M

MemTotal:        4016004 kB
MemFree:         3383700 kB
Active:           351716 kB
Mem:          3.8G       617M       3.2G       5.7M        28M       183M

MemTotal:        4016004 kB
MemFree:         3383824 kB
Active:           351692 kB
Mem:          3.8G       617M       3.2G       5.7M        28M       183M

MemTotal:        4016004 kB
MemFree:         3383700 kB
Active:           351732 kB
Mem:          3.8G       617M       3.2G       5.7M        28M       183M

MemTotal:        4016004 kB
MemFree:         3383700 kB
Active:           351688 kB
Mem:          3.8G       617M       3.2G       5.7M        28M       183M

MemTotal:        4016004 kB
MemFree:         3383328 kB
Active:           351748 kB
Mem:          3.8G       617M       3.2G       5.7M        28M       183M

MemTotal:        4016004 kB
MemFree:         3383700 kB
Active:           351732 kB
Mem:          3.8G       617M       3.2G       5.7M        28M       183M

MemTotal:        4016004 kB
MemFree:         3383700 kB
Active:           351728 kB
Mem:          3.8G       617M       3.2G       5.7M        28M       183M

MemTotal:        4016004 kB
MemFree:         3383328 kB
Active:           351756 kB
Mem:          3.8G       617M       3.2G       5.7M        28M       183M

MemTotal:        4016004 kB
MemFree:         3383576 kB
Active:           351704 kB
Mem:          3.8G       617M       3.2G       5.7M        28M       183M

MemTotal:        4016004 kB
MemFree:         3383576 kB
Active:           351720 kB
Mem:          3.8G       617M       3.2G       5.7M        28M       183M

MemTotal:        4016004 kB
MemFree:         3383452 kB
Active:           351716 kB
Mem:          3.8G       617M       3.2G       5.7M        28M       183M

MemTotal:        4016004 kB
MemFree:         3383080 kB
Active:           351768 kB
Mem:          3.8G       617M       3.2G       5.7M        28M       183M

MemTotal:        4016004 kB
MemFree:         3383080 kB
Active:           351772 kB
Mem:          3.8G       618M       3.2G       5.7M        28M       183M

MemTotal:        4016004 kB
MemFree:         3383204 kB
Active:           351736 kB
Mem:          3.8G       617M       3.2G       5.7M        28M       183M

MemTotal:        4016004 kB
MemFree:         3383080 kB
Active:           351740 kB
Mem:          3.8G       618M       3.2G       5.7M        28M       183M

MemTotal:        4016004 kB
MemFree:         3382708 kB
Active:           351776 kB
Mem:          3.8G       618M       3.2G       5.7M        28M       183M

MemTotal:        4016004 kB
MemFree:         3382708 kB
Active:           351776 kB
Mem:          3.8G       618M       3.2G       5.7M        28M       183M

MemTotal:        4016004 kB
MemFree:         3383204 kB
Active:           351744 kB
Mem:          3.8G       617M       3.2G       5.7M        28M       183M

MemTotal:        4016004 kB
MemFree:         3383080 kB
Active:           351736 kB
Mem:          3.8G       618M       3.2G       5.7M        28M       183M

MemTotal:        4016004 kB
MemFree:         3383204 kB
Active:           351780 kB
Mem:          3.8G       617M       3.2G       5.7M        28M       183M

MemTotal:        4016004 kB
MemFree:         3383204 kB
Active:           351772 kB
Mem:          3.8G       617M       3.2G       5.7M        28M       183M

MemTotal:        4016004 kB
MemFree:         3383576 kB
Active:           351732 kB
Mem:          3.8G       618M       3.2G       5.7M        28M       183M

MemTotal:        4016004 kB
MemFree:         3382832 kB
Active:           351784 kB
Mem:          3.8G       618M       3.2G       5.7M        28M       183M

MemTotal:        4016004 kB
MemFree:         3382956 kB
Active:           351784 kB
Mem:          3.8G       617M       3.2G       5.7M        28M       183M

MemTotal:        4016004 kB
MemFree:         3382956 kB
Active:           351792 kB
Mem:          3.8G       617M       3.2G       5.7M        28M       183M

MemTotal:        4016004 kB
MemFree:         3383700 kB
Active:           351764 kB
Mem:          3.8G       617M       3.2G       5.7M        28M       183M

MemTotal:        4016004 kB
MemFree:         3382816 kB
Active:           351796 kB
Mem:          3.8G       618M       3.2G       5.7M        28M       183M

MemTotal:        4016004 kB
MemFree:         3383204 kB
Active:           351780 kB
Mem:          3.8G       617M       3.2G       5.7M        28M       183M

MemTotal:        4016004 kB
MemFree:         3383404 kB
Active:           351748 kB
Mem:          3.8G       617M       3.2G       5.7M        28M       183M

MemTotal:        4016004 kB
MemFree:         3383452 kB
Active:           351752 kB
Mem:          3.8G       617M       3.2G       5.7M        28M       183M

MemTotal:        4016004 kB
MemFree:         3383204 kB
Active:           351800 kB
Mem:          3.8G       617M       3.2G       5.7M        28M       183M

MemTotal:        4016004 kB
MemFree:         3382956 kB
Active:           351792 kB
Mem:          3.8G       618M       3.2G       5.7M        28M       183M

MemTotal:        4016004 kB
MemFree:         3382956 kB
Active:           351752 kB
