MemTotal:        4016004 kB
MemFree:         3248788 kB
Active:           414248 kB
Mem:          3.8G       749M       3.1G       5.7M        55M       314M

MemTotal:        4016004 kB
MemFree:         3249064 kB
Active:           414376 kB
Mem:          3.8G       748M       3.1G       5.7M        55M       314M

MemTotal:        4016004 kB
MemFree:         3249396 kB
Active:           414352 kB
Mem:          3.8G       748M       3.1G       5.7M        55M       314M

MemTotal:        4016004 kB
MemFree:         3249008 kB
Active:           414388 kB
Mem:          3.8G       748M       3.1G       5.7M        55M       314M

MemTotal:        4016004 kB
MemFree:         3248620 kB
Active:           414388 kB
Mem:          3.8G       748M       3.1G       5.7M        55M       314M

MemTotal:        4016004 kB
MemFree:         3249100 kB
Active:           414368 kB
Mem:          3.8G       749M       3.1G       5.7M        55M       314M

MemTotal:        4016004 kB
MemFree:         3246508 kB
Active:           414400 kB
Mem:          3.8G       751M       3.1G       5.7M        55M       314M

MemTotal:        4016004 kB
MemFree:         3246584 kB
Active:           416424 kB
Mem:          3.8G       751M       3.1G       5.7M        55M       314M

MemTotal:        4016004 kB
MemFree:         3246956 kB
Active:           416400 kB
Mem:          3.8G       750M       3.1G       5.7M        55M       314M

MemTotal:        4016004 kB
MemFree:         3247236 kB
Active:           416372 kB
Mem:          3.8G       751M       3.1G       5.7M        55M       314M

MemTotal:        4016004 kB
MemFree:         3246972 kB
Active:           416424 kB
Mem:          3.8G       751M       3.1G       5.7M        55M       314M

MemTotal:        4016004 kB
MemFree:         3247360 kB
Active:           416384 kB
Mem:          3.8G       750M       3.1G       5.7M        55M       314M

MemTotal:        4016004 kB
MemFree:         3247360 kB
Active:           416400 kB
Mem:          3.8G       750M       3.1G       5.7M        55M       314M

MemTotal:        4016004 kB
MemFree:         3247360 kB
Active:           416372 kB
Mem:          3.8G       750M       3.1G       5.7M        55M       314M

MemTotal:        4016004 kB
MemFree:         3246724 kB
Active:           416432 kB
Mem:          3.8G       751M       3.1G       5.7M        55M       314M

MemTotal:        4016004 kB
MemFree:         3246724 kB
Active:           416432 kB
Mem:          3.8G       750M       3.1G       5.7M        55M       314M

MemTotal:        4016004 kB
MemFree:         3247268 kB
Active:           416392 kB
Mem:          3.8G       750M       3.1G       5.7M        55M       314M

MemTotal:        4016004 kB
MemFree:         3247100 kB
Active:           416508 kB
Mem:          3.8G       750M       3.1G       5.7M        55M       314M

MemTotal:        4016004 kB
MemFree:         3247240 kB
Active:           416376 kB
Mem:          3.8G       750M       3.1G       5.7M        55M       314M

MemTotal:        4016004 kB
MemFree:         3247100 kB
Active:           416432 kB
Mem:          3.8G       751M       3.1G       5.7M        55M       314M

MemTotal:        4016004 kB
MemFree:         3247084 kB
Active:           416588 kB
Mem:          3.8G       750M       3.1G       5.7M        55M       314M

MemTotal:        4016004 kB
MemFree:         3247440 kB
Active:           416428 kB
Mem:          3.8G       750M       3.1G       5.7M        55M       314M

MemTotal:        4016004 kB
MemFree:         3247300 kB
Active:           416420 kB
Mem:          3.8G       750M       3.1G       5.7M        55M       314M

MemTotal:        4016004 kB
MemFree:         3247036 kB
Active:           416444 kB
Mem:          3.8G       751M       3.1G       5.7M        55M       314M

MemTotal:        4016004 kB
MemFree:         3246880 kB
Active:           416452 kB
Mem:          3.8G       750M       3.1G       5.7M        55M       314M

MemTotal:        4016004 kB
MemFree:         3247096 kB
Active:           416432 kB
Mem:          3.8G       750M       3.1G       5.7M        55M       314M

MemTotal:        4016004 kB
MemFree:         3247484 kB
Active:           416536 kB
Mem:          3.8G       750M       3.1G       5.7M        55M       314M

MemTotal:        4016004 kB
MemFree:         3247484 kB
Active:           416508 kB
Mem:          3.8G       750M       3.1G       5.7M        55M       314M

MemTotal:        4016004 kB
MemFree:         3246880 kB
Active:           416452 kB
Mem:          3.8G       751M       3.1G       5.7M        55M       314M

MemTotal:        4016004 kB
MemFree:         3247036 kB
Active:           416548 kB
Mem:          3.8G       750M       3.1G       5.7M        55M       314M

MemTotal:        4016004 kB
MemFree:         3246864 kB
Active:           416452 kB
Mem:          3.8G       750M       3.1G       5.7M        55M       314M

MemTotal:        4016004 kB
MemFree:         3247044 kB
Active:           416436 kB
Mem:          3.8G       750M       3.1G       5.7M        55M       314M

MemTotal:        4016004 kB
MemFree:         3246740 kB
Active:           416452 kB
Mem:          3.8G       750M       3.1G       5.7M        55M       314M

MemTotal:        4016004 kB
MemFree:         3247216 kB
Active:           416532 kB
Mem:          3.8G       750M       3.1G       5.7M        55M       314M

MemTotal:        4016004 kB
MemFree:         3247324 kB
Active:           416496 kB
Mem:          3.8G       750M       3.1G       5.7M        55M       314M

MemTotal:        4016004 kB
MemFree:         3247564 kB
Active:           416624 kB
Mem:          3.8G       750M       3.1G       5.7M        55M       314M

MemTotal:        4016004 kB
MemFree:         3247440 kB
Active:           416416 kB
Mem:          3.8G       750M       3.1G       5.7M        55M       314M

MemTotal:        4016004 kB
MemFree:         3247068 kB
Active:           416568 kB
Mem:          3.8G       750M       3.1G       5.7M        55M       314M

MemTotal:        4016004 kB
MemFree:         3247284 kB
Active:           416424 kB
Mem:          3.8G       750M       3.1G       5.7M        55M       314M

MemTotal:        4016004 kB
MemFree:         3247392 kB
Active:           416320 kB
Mem:          3.8G       750M       3.1G       5.7M        55M       314M

MemTotal:        4016004 kB
MemFree:         3247252 kB
Active:           416304 kB
Mem:          3.8G       750M       3.1G       5.7M        55M       314M

MemTotal:        4016004 kB
MemFree:         3247128 kB
Active:           416612 kB
Mem:          3.8G       750M       3.1G       5.7M        55M       314M

MemTotal:        4016004 kB
MemFree:         3247344 kB
Active:           416468 kB
Mem:          3.8G       750M       3.1G       5.7M        55M       314M

MemTotal:        4016004 kB
MemFree:         3247452 kB
Active:           416404 kB
Mem:          3.8G       750M       3.1G       5.7M        55M       314M

MemTotal:        4016004 kB
MemFree:         3247220 kB
Active:           416380 kB
Mem:          3.8G       750M       3.1G       5.7M        55M       314M

MemTotal:        4016004 kB
MemFree:         3246740 kB
Active:           416576 kB
Mem:          3.8G       751M       3.1G       5.7M        55M       314M

MemTotal:        4016004 kB
MemFree:         3246896 kB
Active:           416436 kB
Mem:          3.8G       751M       3.1G       5.7M        55M       314M

MemTotal:        4016004 kB
MemFree:         3246772 kB
Active:           416476 kB
Mem:          3.8G       751M       3.1G       5.7M        55M       314M

MemTotal:        4016004 kB
MemFree:         3246896 kB
Active:           416444 kB
Mem:          3.8G       751M       3.1G       5.7M        55M       314M

MemTotal:        4016004 kB
MemFree:         3246648 kB
Active:           416456 kB
Mem:          3.8G       751M       3.1G       5.7M        55M       314M

MemTotal:        4016004 kB
MemFree:         3246648 kB
Active:           416488 kB
Mem:          3.8G       751M       3.1G       5.7M        55M       314M

MemTotal:        4016004 kB
MemFree:         3246772 kB
Active:           416496 kB
Mem:          3.8G       751M       3.1G       5.7M        55M       314M

MemTotal:        4016004 kB
MemFree:         3246772 kB
Active:           416456 kB
Mem:          3.8G       751M       3.1G       5.7M        55M       314M

MemTotal:        4016004 kB
MemFree:         3247240 kB
Active:           416504 kB
Mem:          3.8G       750M       3.1G       5.7M        55M       314M

MemTotal:        4016004 kB
MemFree:         3247116 kB
Active:           416484 kB
Mem:          3.8G       750M       3.1G       5.7M        55M       314M

MemTotal:        4016004 kB
MemFree:         3246868 kB
Active:           416512 kB
Mem:          3.8G       750M       3.1G       5.7M        55M       314M

MemTotal:        4016004 kB
MemFree:         3247224 kB
Active:           416492 kB
Mem:          3.8G       750M       3.1G       5.7M        55M       314M

MemTotal:        4016004 kB
MemFree:         3247084 kB
Active:           416476 kB
Mem:          3.8G       750M       3.1G       5.7M        55M       314M

MemTotal:        4016004 kB
MemFree:         3247192 kB
Active:           416516 kB
Mem:          3.8G       751M       3.1G       5.7M        55M       314M

MemTotal:        4016004 kB
MemFree:         3246556 kB
Active:           416524 kB
Mem:          3.8G       751M       3.1G       5.7M        55M       314M

MemTotal:        4016004 kB
MemFree:         3246120 kB
Active:           416740 kB
Mem:          3.8G       751M       3.1G       5.7M        55M       314M

MemTotal:        4016004 kB
MemFree:         3132976 kB
Active:           417008 kB
Mem:          3.8G       862M       3.0G       5.7M        55M       424M

MemTotal:        4016004 kB
MemFree:         3020236 kB
Active:           417032 kB
Mem:          3.8G       972M       2.9G       5.7M        55M       532M

MemTotal:        4016004 kB
MemFree:         2902660 kB
Active:           417008 kB
Mem:          3.8G       1.1G       2.8G       5.7M        55M       646M

MemTotal:        4016004 kB
MemFree:         2891552 kB
Active:           417004 kB
Mem:          3.8G       1.1G       2.8G       5.7M        55M       656M

MemTotal:        4016004 kB
MemFree:         2890156 kB
Active:           417044 kB
Mem:          3.8G       1.1G       2.8G       5.7M        55M       657M

MemTotal:        4016004 kB
MemFree:         2846664 kB
Active:           417036 kB
Mem:          3.8G       1.1G       2.7G       5.7M        55M       698M

MemTotal:        4016004 kB
MemFree:         2733924 kB
Active:           419036 kB
Mem:          3.8G       1.2G       2.6G       5.7M        55M       806M

MemTotal:        4016004 kB
MemFree:         2691912 kB
Active:           419088 kB
Mem:          3.8G       1.3G       2.6G       5.7M        55M       846M

MemTotal:        4016004 kB
MemFree:         2690144 kB
Active:           419144 kB
Mem:          3.8G       1.3G       2.6G       5.7M        55M       847M

MemTotal:        4016004 kB
MemFree:         2688828 kB
Active:           419384 kB
Mem:          3.8G       1.3G       2.6G       5.7M        55M       848M

MemTotal:        4016004 kB
MemFree:         2679092 kB
Active:           426132 kB
Mem:          3.8G       1.3G       2.6G       5.7M        61M       849M

MemTotal:        4016004 kB
MemFree:         2676900 kB
Active:           426908 kB
Mem:          3.8G       1.3G       2.6G       5.7M        62M       851M

MemTotal:        4016004 kB
MemFree:         2590020 kB
Active:           426896 kB
Mem:          3.8G       1.4G       2.5G       5.7M        62M       935M

MemTotal:        4016004 kB
MemFree:         2453688 kB
Active:           426868 kB
Mem:          3.8G       1.5G       2.3G       5.7M        62M       1.0G

MemTotal:        4016004 kB
MemFree:         2330576 kB
Active:           426892 kB
Mem:          3.8G       1.6G       2.2G       5.7M        62M       1.2G

MemTotal:        4016004 kB
MemFree:         2329640 kB
Active:           426868 kB
Mem:          3.8G       1.6G       2.2G       5.7M        62M       1.2G

MemTotal:        4016004 kB
MemFree:         2242200 kB
Active:           426900 kB
Mem:          3.8G       1.7G       2.1G       5.7M        62M       1.2G

MemTotal:        4016004 kB
MemFree:         2229852 kB
Active:           426924 kB
Mem:          3.8G       1.7G       2.1G       5.7M        62M       1.3G

MemTotal:        4016004 kB
MemFree:         2155324 kB
Active:           426904 kB
Mem:          3.8G       1.8G       2.1G       5.7M        62M       1.3G

MemTotal:        4016004 kB
MemFree:         2129920 kB
Active:           426936 kB
Mem:          3.8G       1.8G       2.0G       5.7M        62M       1.3G

MemTotal:        4016004 kB
MemFree:         2127024 kB
Active:           426968 kB
Mem:          3.8G       1.8G       2.0G       5.7M        62M       1.3G

MemTotal:        4016004 kB
MemFree:         2125984 kB
Active:           426976 kB
Mem:          3.8G       1.8G       2.0G       5.7M        62M       1.3G

MemTotal:        4016004 kB
MemFree:         2125012 kB
Active:           426980 kB
Mem:          3.8G       1.8G       2.0G       5.7M        62M       1.3G

MemTotal:        4016004 kB
MemFree:         2057616 kB
Active:           426980 kB
Mem:          3.8G       1.9G       2.0G       5.7M        62M       1.4G

MemTotal:        4016004 kB
MemFree:         1936552 kB
Active:           426984 kB
Mem:          3.8G       2.0G       1.8G       5.7M        62M       1.5G

MemTotal:        4016004 kB
MemFree:         1803116 kB
Active:           426992 kB
Mem:          3.8G       2.1G       1.7G       5.7M        62M       1.7G

MemTotal:        4016004 kB
MemFree:         1775216 kB
Active:           427008 kB
Mem:          3.8G       2.1G       1.7G       5.7M        62M       1.7G

MemTotal:        4016004 kB
MemFree:         1770488 kB
Active:           427008 kB
Mem:          3.8G       2.1G       1.7G       5.7M        62M       1.7G

MemTotal:        4016004 kB
MemFree:         1674620 kB
Active:           427016 kB
Mem:          3.8G       2.2G       1.6G       5.7M        62M       1.8G

MemTotal:        4016004 kB
MemFree:         1671220 kB
Active:           427016 kB
Mem:          3.8G       2.2G       1.6G       5.7M        62M       1.8G

MemTotal:        4016004 kB
MemFree:         1575892 kB
Active:           427016 kB
Mem:          3.8G       2.3G       1.5G       5.7M        62M       1.9G

MemTotal:        4016004 kB
MemFree:         1574564 kB
Active:           427016 kB
Mem:          3.8G       2.3G       1.5G       5.7M        62M       1.9G

MemTotal:        4016004 kB
MemFree:         1476876 kB
Active:           427016 kB
Mem:          3.8G       2.4G       1.4G       5.7M        62M       2.0G

MemTotal:        4016004 kB
MemFree:         1476496 kB
Active:           427032 kB
Mem:          3.8G       2.4G       1.4G       5.7M        62M       2.0G

MemTotal:        4016004 kB
MemFree:         1476656 kB
Active:           427044 kB
Mem:          3.8G       2.4G       1.4G       5.7M        62M       2.0G

MemTotal:        4016004 kB
MemFree:         1476784 kB
Active:           427044 kB
Mem:          3.8G       2.4G       1.4G       5.7M        62M       2.0G

MemTotal:        4016004 kB
MemFree:         1475952 kB
Active:           427060 kB
Mem:          3.8G       2.4G       1.4G       5.7M        62M       2.0G

MemTotal:        4016004 kB
MemFree:         1405020 kB
Active:           427060 kB
Mem:          3.8G       2.5G       1.3G       5.7M        62M       2.0G

MemTotal:        4016004 kB
MemFree:         1270672 kB
Active:           427100 kB
Mem:          3.8G       2.6G       1.2G       5.7M        62M       2.2G

MemTotal:        4016004 kB
MemFree:         1150000 kB
Active:           427112 kB
Mem:          3.8G       2.7G       1.1G       5.7M        62M       2.3G

MemTotal:        4016004 kB
MemFree:         1124724 kB
Active:           427116 kB
Mem:          3.8G       2.8G       1.1G       5.7M        62M       2.3G

MemTotal:        4016004 kB
MemFree:         1059496 kB
Active:           427132 kB
Mem:          3.8G       2.8G       1.0G       5.7M        62M       2.4G

MemTotal:        4016004 kB
MemFree:         1029000 kB
Active:           427132 kB
Mem:          3.8G       2.8G       1.0G       5.7M        62M       2.4G

MemTotal:        4016004 kB
MemFree:          954568 kB
Active:           427084 kB
Mem:          3.8G       2.9G       931M       5.7M        62M       2.5G

MemTotal:        4016004 kB
MemFree:          854068 kB
Active:           427148 kB
Mem:          3.8G       3.0G       833M       5.7M        62M       2.5G

MemTotal:        4016004 kB
MemFree:          737064 kB
Active:           427164 kB
Mem:          3.8G       3.1G       719M       5.7M        62M       2.7G

MemTotal:        4016004 kB
MemFree:          602344 kB
Active:           427164 kB
Mem:          3.8G       3.3G       587M       5.7M        62M       2.8G

MemTotal:        4016004 kB
MemFree:          563436 kB
Active:           427172 kB
Mem:          3.8G       3.3G       549M       5.7M        62M       2.8G

MemTotal:        4016004 kB
MemFree:          561208 kB
Active:           427180 kB
Mem:          3.8G       3.3G       547M       5.7M        62M       2.8G

MemTotal:        4016004 kB
MemFree:          560788 kB
Active:           427196 kB
Mem:          3.8G       3.3G       547M       5.7M        62M       2.8G

MemTotal:        4016004 kB
MemFree:          559956 kB
Active:           427212 kB
Mem:          3.8G       3.3G       546M       5.7M        62M       2.8G

MemTotal:        4016004 kB
MemFree:          535908 kB
Active:           427224 kB
Mem:          3.8G       3.3G       523M       5.7M        62M       2.8G

MemTotal:        4016004 kB
MemFree:          533472 kB
Active:           427236 kB
Mem:          3.8G       3.3G       520M       5.7M        62M       2.8G

MemTotal:        4016004 kB
MemFree:          532648 kB
Active:           427236 kB
Mem:          3.8G       3.3G       519M       5.7M        62M       2.8G

MemTotal:        4016004 kB
MemFree:          532256 kB
Active:           427236 kB
Mem:          3.8G       3.3G       519M       5.7M        62M       2.8G

MemTotal:        4016004 kB
MemFree:          480176 kB
Active:           427248 kB
Mem:          3.8G       3.4G       468M       5.7M        62M       2.9G

MemTotal:        4016004 kB
MemFree:          350804 kB
Active:           427248 kB
Mem:          3.8G       3.5G       341M       5.7M        62M       3.0G

MemTotal:        4016004 kB
MemFree:          238824 kB
Active:           427248 kB
Mem:          3.8G       3.6G       232M       5.7M        62M       3.1G

MemTotal:        4016004 kB
MemFree:          135672 kB
Active:           427252 kB
Mem:          3.8G       3.7G       132M       5.7M        62M       3.2G

MemTotal:        4016004 kB
MemFree:          132076 kB
Active:           427252 kB
Mem:          3.8G       3.7G       128M       5.7M        62M       3.2G

MemTotal:        4016004 kB
MemFree:          136752 kB
Active:           428200 kB
Mem:          3.8G       3.7G       135M       5.7M        27M       3.2G

MemTotal:        4016004 kB
MemFree:          121636 kB
Active:           461192 kB
Mem:          3.8G       3.7G       179M       5.7M        27M       3.2G

MemTotal:        4016004 kB
MemFree:          167388 kB
Active:           484128 kB
Mem:          3.8G       3.7G       162M       5.7M        27M       3.2G

MemTotal:        4016004 kB
MemFree:          166300 kB
Active:           484136 kB
Mem:          3.8G       3.7G       162M       5.7M        27M       3.2G

MemTotal:        4016004 kB
MemFree:          165620 kB
Active:           484000 kB
Mem:          3.8G       3.7G       161M       5.7M        27M       3.2G

MemTotal:        4016004 kB
MemFree:          165404 kB
Active:           484000 kB
Mem:          3.8G       3.7G       161M       5.7M        27M       3.2G

MemTotal:        4016004 kB
MemFree:          165092 kB
Active:           484004 kB
Mem:          3.8G       3.7G       161M       5.7M        27M       3.2G

MemTotal:        4016004 kB
MemFree:          127140 kB
Active:           478640 kB
Mem:          3.8G       3.7G       123M       5.7M        27M       3.3G

MemTotal:        4016004 kB
MemFree:          113696 kB
Active:           448676 kB
Mem:          3.8G       3.7G       110M       5.7M        27M       3.3G

MemTotal:        4016004 kB
MemFree:          123348 kB
Active:           442840 kB
Mem:          3.8G       3.7G       119M       5.7M        27M       3.3G

MemTotal:        4016004 kB
MemFree:          150920 kB
Active:           441180 kB
Mem:          3.8G       3.7G       147M       5.7M        27M       3.2G

MemTotal:        4016004 kB
MemFree:          135060 kB
Active:           439784 kB
Mem:          3.8G       3.7G       131M       5.7M        27M       3.3G

MemTotal:        4016004 kB
MemFree:          125244 kB
Active:           439144 kB
Mem:          3.8G       3.7G       122M       5.7M        27M       3.3G

MemTotal:        4016004 kB
MemFree:          138796 kB
Active:           439144 kB
Mem:          3.8G       3.7G       135M       5.7M        27M       3.2G

MemTotal:        4016004 kB
MemFree:          139000 kB
Active:           439024 kB
Mem:          3.8G       3.7G       135M       5.7M        27M       3.2G

MemTotal:        4016004 kB
MemFree:          136172 kB
Active:           439044 kB
Mem:          3.8G       3.7G       132M       5.7M        27M       3.2G

MemTotal:        4016004 kB
MemFree:          135184 kB
Active:           439048 kB
Mem:          3.8G       3.7G       132M       5.7M        27M       3.3G

MemTotal:        4016004 kB
MemFree:          109796 kB
Active:           439048 kB
Mem:          3.8G       3.7G       107M       5.7M        27M       3.3G

MemTotal:        4016004 kB
MemFree:          116504 kB
Active:           434052 kB
Mem:          3.8G       3.7G       113M       5.7M        27M       3.3G

MemTotal:        4016004 kB
MemFree:          140956 kB
Active:           430852 kB
Mem:          3.8G       3.7G       137M       5.7M        27M       3.2G

MemTotal:        4016004 kB
MemFree:          134472 kB
Active:           426396 kB
Mem:          3.8G       3.7G       130M       5.7M        27M       3.3G

MemTotal:        4016004 kB
MemFree:          113148 kB
Active:           425504 kB
Mem:          3.8G       3.7G       109M       5.7M        27M       3.3G

MemTotal:        4016004 kB
MemFree:          139768 kB
Active:           422444 kB
Mem:          3.8G       3.7G       136M       5.7M        27M       3.2G

MemTotal:        4016004 kB
MemFree:          117592 kB
Active:           422632 kB
Mem:          3.8G       3.7G       114M       5.7M        27M       3.3G

MemTotal:        4016004 kB
MemFree:          132320 kB
Active:           419564 kB
Mem:          3.8G       3.7G       129M       5.7M        27M       3.3G

MemTotal:        4016004 kB
MemFree:          127240 kB
Active:           418028 kB
Mem:          3.8G       3.7G       123M       5.7M        27M       3.3G

MemTotal:        4016004 kB
MemFree:          138856 kB
Active:           414508 kB
Mem:          3.8G       3.7G       135M       5.7M        27M       3.2G

MemTotal:        4016004 kB
MemFree:          137732 kB
Active:           414404 kB
Mem:          3.8G       3.7G       134M       5.7M        27M       3.2G

MemTotal:        4016004 kB
MemFree:          136904 kB
Active:           414404 kB
Mem:          3.8G       3.7G       133M       5.7M        27M       3.2G

MemTotal:        4016004 kB
MemFree:          135196 kB
Active:           414408 kB
Mem:          3.8G       3.7G       131M       5.7M        27M       3.3G

MemTotal:        4016004 kB
MemFree:          134548 kB
Active:           414408 kB
Mem:          3.8G       3.7G       131M       5.7M        27M       3.3G

MemTotal:        4016004 kB
MemFree:          134500 kB
Active:           412112 kB
Mem:          3.8G       3.7G       131M       5.7M        27M       3.3G

MemTotal:        4016004 kB
MemFree:          121644 kB
Active:           409308 kB
Mem:          3.8G       3.7G       118M       5.7M        27M       3.3G

MemTotal:        4016004 kB
MemFree:          120776 kB
Active:           405284 kB
Mem:          3.8G       3.7G       117M       5.7M        27M       3.3G

MemTotal:        4016004 kB
MemFree:          137636 kB
Active:           403880 kB
Mem:          3.8G       3.7G       133M       5.7M        27M       3.2G

MemTotal:        4016004 kB
MemFree:          118948 kB
Active:           402088 kB
Mem:          3.8G       3.7G       115M       5.7M        27M       3.3G

MemTotal:        4016004 kB
MemFree:          117536 kB
Active:           401452 kB
Mem:          3.8G       3.7G       114M       5.7M        27M       3.3G

MemTotal:        4016004 kB
MemFree:          128800 kB
Active:           399420 kB
Mem:          3.8G       3.7G       125M       5.7M        27M       3.3G

MemTotal:        4016004 kB
MemFree:          139584 kB
Active:           398140 kB
Mem:          3.8G       3.7G       136M       5.7M        27M       3.2G

MemTotal:        4016004 kB
MemFree:          139792 kB
Active:           398144 kB
Mem:          3.8G       3.7G       136M       5.7M        27M       3.2G

MemTotal:        4016004 kB
MemFree:          139056 kB
Active:           398156 kB
Mem:          3.8G       3.7G       135M       5.7M        27M       3.2G

MemTotal:        4016004 kB
MemFree:          138840 kB
Active:           398164 kB
Mem:          3.8G       3.7G       135M       5.7M        27M       3.2G

MemTotal:        4016004 kB
MemFree:          139032 kB
Active:           398168 kB
Mem:          3.8G       3.7G       135M       5.7M        27M       3.2G

MemTotal:        4016004 kB
MemFree:          121528 kB
Active:           395872 kB
Mem:          3.8G       3.7G       118M       5.7M        27M       3.3G

MemTotal:        4016004 kB
MemFree:          132216 kB
Active:           392544 kB
Mem:          3.8G       3.7G       128M       5.7M        27M       3.3G

MemTotal:        4016004 kB
MemFree:          134772 kB
Active:           388196 kB
Mem:          3.8G       3.7G       131M       5.7M        27M       3.2G

MemTotal:        4016004 kB
MemFree:          131980 kB
Active:           387300 kB
Mem:          3.8G       3.7G       128M       5.7M        27M       3.3G

MemTotal:        4016004 kB
MemFree:          111556 kB
Active:           385900 kB
Mem:          3.8G       3.7G       108M       5.7M        27M       3.3G

MemTotal:        4016004 kB
MemFree:          122872 kB
Active:           384108 kB
Mem:          3.8G       3.7G       119M       5.7M        27M       3.3G

MemTotal:        4016004 kB
MemFree:          126016 kB
Active:           382956 kB
Mem:          3.8G       3.7G       122M       5.7M        27M       3.3G

MemTotal:        4016004 kB
MemFree:          122720 kB
Active:           381804 kB
Mem:          3.8G       3.7G       119M       5.7M        27M       3.3G

MemTotal:        4016004 kB
MemFree:          115300 kB
Active:           380280 kB
Mem:          3.8G       3.7G       112M       5.7M        27M       3.3G

MemTotal:        4016004 kB
MemFree:          114712 kB
Active:           380176 kB
Mem:          3.8G       3.7G       111M       5.7M        27M       3.3G

MemTotal:        4016004 kB
MemFree:          113444 kB
Active:           380180 kB
Mem:          3.8G       3.7G       110M       5.7M        27M       3.3G

MemTotal:        4016004 kB
MemFree:          137816 kB
Active:           375700 kB
Mem:          3.8G       3.7G       134M       5.7M        27M       3.2G

MemTotal:        4016004 kB
MemFree:          114860 kB
Active:           374384 kB
Mem:          3.8G       3.7G       111M       5.7M        27M       3.3G

MemTotal:        4016004 kB
MemFree:          124836 kB
Active:           370296 kB
Mem:          3.8G       3.7G       121M       5.7M        27M       3.3G

MemTotal:        4016004 kB
MemFree:          124336 kB
Active:           365008 kB
Mem:          3.8G       3.7G       121M       5.7M        27M       3.3G

MemTotal:        4016004 kB
MemFree:          112272 kB
Active:           364368 kB
Mem:          3.8G       3.7G       109M       5.7M        27M       3.3G

MemTotal:        4016004 kB
MemFree:          137256 kB
Active:           364244 kB
Mem:          3.8G       3.7G       133M       5.7M        27M       3.2G

MemTotal:        4016004 kB
MemFree:          129768 kB
Active:           364268 kB
Mem:          3.8G       3.7G       126M       5.7M        27M       3.3G

MemTotal:        4016004 kB
MemFree:          137952 kB
Active:           365568 kB
Mem:          3.8G       3.7G       134M       5.7M        27M       3.2G

MemTotal:        4016004 kB
MemFree:          129536 kB
Active:           365568 kB
Mem:          3.8G       3.7G       126M       5.7M        27M       3.3G

MemTotal:        4016004 kB
MemFree:          127716 kB
Active:           365568 kB
Mem:          3.8G       3.7G       124M       5.7M        27M       3.3G

MemTotal:        4016004 kB
MemFree:          126100 kB
Active:           365580 kB
Mem:          3.8G       3.7G       122M       5.7M        27M       3.3G

MemTotal:        4016004 kB
MemFree:          125576 kB
Active:           365580 kB
Mem:          3.8G       3.7G       122M       5.7M        27M       3.3G

MemTotal:        4016004 kB
MemFree:          125084 kB
Active:           365580 kB
Mem:          3.8G       3.7G       122M       5.7M        27M       3.3G

MemTotal:        4016004 kB
MemFree:          129364 kB
Active:           365588 kB
Mem:          3.8G       3.7G       125M       5.7M        27M       3.3G

MemTotal:        4016004 kB
MemFree:          134704 kB
Active:           365588 kB
Mem:          3.8G       3.7G       130M       5.7M        27M       3.2G

MemTotal:        4016004 kB
MemFree:          140756 kB
Active:           365588 kB
Mem:          3.8G       3.7G       136M       5.7M        27M       3.2G

MemTotal:        4016004 kB
MemFree:          127304 kB
Active:           365428 kB
Mem:          3.8G       3.7G       123M       5.7M        27M       3.3G

MemTotal:        4016004 kB
MemFree:          131340 kB
Active:           365432 kB
Mem:          3.8G       3.7G       128M       5.7M        27M       3.3G

MemTotal:        4016004 kB
MemFree:          127944 kB
Active:           365452 kB
Mem:          3.8G       3.7G       124M       5.7M        27M       3.3G

MemTotal:        4016004 kB
MemFree:          125380 kB
Active:           365456 kB
Mem:          3.8G       3.7G       121M       5.7M        27M       3.3G

MemTotal:        4016004 kB
MemFree:          125316 kB
Active:           365456 kB
Mem:          3.8G       3.7G       121M       5.7M        27M       3.3G

MemTotal:        4016004 kB
MemFree:          123880 kB
Active:           365472 kB
Mem:          3.8G       3.7G       120M       5.7M        27M       3.3G

MemTotal:        4016004 kB
MemFree:          123512 kB
Active:           365472 kB
Mem:          3.8G       3.7G       120M       5.7M        27M       3.3G

MemTotal:        4016004 kB
MemFree:          123620 kB
Active:           365476 kB
Mem:          3.8G       3.7G       120M       5.7M        27M       3.3G

MemTotal:        4016004 kB
MemFree:          123820 kB
Active:           365476 kB
Mem:          3.8G       3.7G       120M       5.7M        27M       3.3G

MemTotal:        4016004 kB
MemFree:          110160 kB
Active:           365480 kB
Mem:          3.8G       3.7G       107M       5.7M        27M       3.3G

MemTotal:        4016004 kB
MemFree:          131248 kB
Active:           364692 kB
Mem:          3.8G       3.7G       127M       5.7M        27M       3.3G

MemTotal:        4016004 kB
MemFree:          143728 kB
Active:           364996 kB
Mem:          3.8G       3.7G       140M       5.7M        27M       3.2G

MemTotal:        4016004 kB
MemFree:          114356 kB
Active:           364876 kB
Mem:          3.8G       3.7G       111M       5.7M        27M       3.3G

MemTotal:        4016004 kB
MemFree:          133776 kB
Active:           362316 kB
Mem:          3.8G       3.7G       129M       5.7M        27M       3.2G

MemTotal:        4016004 kB
MemFree:          131940 kB
Active:           362332 kB
Mem:          3.8G       3.7G       128M       5.7M        27M       3.3G

MemTotal:        4016004 kB
MemFree:          128040 kB
Active:           362336 kB
Mem:          3.8G       3.7G       124M       5.7M        27M       3.3G

MemTotal:        4016004 kB
MemFree:          126704 kB
Active:           362340 kB
Mem:          3.8G       3.7G       123M       5.7M        27M       3.3G

MemTotal:        4016004 kB
MemFree:          125192 kB
Active:           362504 kB
Mem:          3.8G       3.7G       122M       5.7M        27M       3.3G

MemTotal:        4016004 kB
MemFree:          124392 kB
Active:           362364 kB
Mem:          3.8G       3.7G       121M       5.7M        27M       3.3G

MemTotal:        4016004 kB
MemFree:          123372 kB
Active:           362364 kB
Mem:          3.8G       3.7G       120M       5.7M        27M       3.3G

MemTotal:        4016004 kB
MemFree:          122040 kB
Active:           362364 kB
Mem:          3.8G       3.7G       118M       5.7M        27M       3.3G

MemTotal:        4016004 kB
MemFree:          126180 kB
Active:           362364 kB
Mem:          3.8G       3.7G       122M       5.7M        27M       3.3G

MemTotal:        4016004 kB
MemFree:          121616 kB
Active:           362372 kB
Mem:          3.8G       3.7G       118M       5.7M        27M       3.3G

MemTotal:        4016004 kB
MemFree:          130244 kB
Active:           362228 kB
Mem:          3.8G       3.7G       126M       5.7M        27M       3.3G

MemTotal:        4016004 kB
MemFree:          135764 kB
Active:           362228 kB
Mem:          3.8G       3.7G       132M       5.7M        27M       3.2G

MemTotal:        4016004 kB
MemFree:          135732 kB
Active:           362240 kB
Mem:          3.8G       3.7G       132M       5.7M        27M       3.2G

MemTotal:        4016004 kB
MemFree:          126948 kB
Active:           362240 kB
Mem:          3.8G       3.7G       123M       5.7M        27M       3.3G

MemTotal:        4016004 kB
MemFree:          112680 kB
Active:           362248 kB
Mem:          3.8G       3.7G       109M       5.7M        27M       3.3G

MemTotal:        4016004 kB
MemFree:          128012 kB
Active:           362252 kB
Mem:          3.8G       3.7G       125M       5.7M        27M       3.3G

MemTotal:        4016004 kB
MemFree:          127328 kB
Active:           362256 kB
Mem:          3.8G       3.7G       124M       5.7M        27M       3.3G

MemTotal:        4016004 kB
MemFree:          125448 kB
Active:           362268 kB
Mem:          3.8G       3.7G       122M       5.7M        27M       3.3G

MemTotal:        4016004 kB
MemFree:          125328 kB
Active:           362272 kB
Mem:          3.8G       3.7G       122M       5.7M        27M       3.3G

MemTotal:        4016004 kB
MemFree:          124060 kB
Active:           359212 kB
Mem:          3.8G       3.7G       120M       5.7M        27M       3.3G

MemTotal:        4016004 kB
MemFree:          131616 kB
Active:           359172 kB
Mem:          3.8G       3.7G       127M       5.7M        27M       3.2G

MemTotal:        4016004 kB
MemFree:          135172 kB
Active:           359172 kB
Mem:          3.8G       3.7G       131M       5.7M        27M       3.2G

MemTotal:        4016004 kB
MemFree:          106632 kB
Active:           359172 kB
Mem:          3.8G       3.7G       103M       5.7M        27M       3.3G

MemTotal:        4016004 kB
MemFree:          136300 kB
Active:           357676 kB
Mem:          3.8G       3.7G       132M       5.7M        27M       3.2G

MemTotal:        4016004 kB
MemFree:          130900 kB
Active:           357532 kB
Mem:          3.8G       3.7G       127M       5.7M        27M       3.2G

MemTotal:        4016004 kB
MemFree:          110176 kB
Active:           357540 kB
Mem:          3.8G       3.7G       107M       5.7M        27M       3.3G

MemTotal:        4016004 kB
MemFree:          127996 kB
Active:           357540 kB
Mem:          3.8G       3.7G       124M       5.7M        27M       3.3G

MemTotal:        4016004 kB
MemFree:          145640 kB
Active:           357544 kB
Mem:          3.8G       3.7G       142M       5.7M        27M       3.2G

MemTotal:        4016004 kB
MemFree:          146092 kB
Active:           357556 kB
Mem:          3.8G       3.7G       142M       5.7M        27M       3.2G

MemTotal:        4016004 kB
MemFree:          146244 kB
Active:           357560 kB
Mem:          3.8G       3.7G       142M       5.7M        27M       3.2G

MemTotal:        4016004 kB
MemFree:          146312 kB
Active:           357572 kB
Mem:          3.8G       3.7G       142M       5.7M        27M       3.2G

MemTotal:        4016004 kB
MemFree:          129312 kB
Active:           357572 kB
Mem:          3.8G       3.7G       125M       5.7M        27M       3.3G

MemTotal:        4016004 kB
MemFree:          136620 kB
Active:           357580 kB
Mem:          3.8G       3.7G       133M       5.7M        27M       3.2G

MemTotal:        4016004 kB
MemFree:          125300 kB
Active:           354520 kB
Mem:          3.8G       3.7G       122M       5.7M        27M       3.3G

MemTotal:        4016004 kB
MemFree:          112620 kB
Active:           354400 kB
Mem:          3.8G       3.7G       109M       5.7M        27M       3.3G

MemTotal:        4016004 kB
MemFree:          146432 kB
Active:           354408 kB
Mem:          3.8G       3.7G       142M       5.7M        27M       3.2G

MemTotal:        4016004 kB
MemFree:          141216 kB
Active:           354408 kB
Mem:          3.8G       3.7G       137M       5.7M        27M       3.2G

MemTotal:        4016004 kB
MemFree:          149800 kB
Active:           353248 kB
Mem:          3.8G       3.7G       146M       5.7M        27M       3.2G

MemTotal:        4016004 kB
MemFree:          148148 kB
Active:           353200 kB
Mem:          3.8G       3.7G       144M       5.7M        27M       3.2G

MemTotal:        4016004 kB
MemFree:          145212 kB
Active:           353204 kB
Mem:          3.8G       3.7G       141M       5.7M        27M       3.2G

MemTotal:        4016004 kB
MemFree:          144968 kB
Active:           353220 kB
Mem:          3.8G       3.7G       141M       5.7M        27M       3.2G

MemTotal:        4016004 kB
MemFree:          145024 kB
Active:           353220 kB
Mem:          3.8G       3.7G       141M       5.7M        27M       3.2G

MemTotal:        4016004 kB
MemFree:          145120 kB
Active:           353220 kB
Mem:          3.8G       3.7G       141M       5.7M        27M       3.2G

MemTotal:        4016004 kB
MemFree:          121908 kB
Active:           353224 kB
Mem:          3.8G       3.7G       118M       5.7M        27M       3.3G

MemTotal:        4016004 kB
MemFree:          120224 kB
Active:           353232 kB
Mem:          3.8G       3.7G       117M       5.7M        27M       3.3G

MemTotal:        4016004 kB
MemFree:          119676 kB
Active:           353240 kB
Mem:          3.8G       3.7G       116M       5.7M        27M       3.3G

MemTotal:        4016004 kB
MemFree:          124536 kB
Active:           353252 kB
Mem:          3.8G       3.7G       120M       5.7M        27M       3.3G

MemTotal:        4016004 kB
MemFree:          135920 kB
Active:           353252 kB
Mem:          3.8G       3.7G       131M       5.7M        27M       3.2G

MemTotal:        4016004 kB
MemFree:          147244 kB
Active:           353260 kB
Mem:          3.8G       3.7G       143M       5.7M        27M       3.2G

MemTotal:        4016004 kB
MemFree:          135664 kB
Active:           350208 kB
Mem:          3.8G       3.7G       132M       5.7M        27M       3.2G

MemTotal:        4016004 kB
MemFree:          123824 kB
Active:           350096 kB
Mem:          3.8G       3.7G       119M       5.7M        27M       3.3G

MemTotal:        4016004 kB
MemFree:          120808 kB
Active:           350096 kB
Mem:          3.8G       3.7G       117M       5.7M        27M       3.3G

MemTotal:        4016004 kB
MemFree:          127408 kB
Active:           350100 kB
Mem:          3.8G       3.7G       124M       5.7M        27M       3.2G

MemTotal:        4016004 kB
MemFree:          127108 kB
Active:           350104 kB
Mem:          3.8G       3.7G       124M       5.7M        27M       3.2G

MemTotal:        4016004 kB
MemFree:          125296 kB
Active:           350128 kB
Mem:          3.8G       3.7G       121M       5.7M        27M       3.3G

MemTotal:        4016004 kB
MemFree:          124604 kB
Active:           350148 kB
Mem:          3.8G       3.7G       121M       5.7M        27M       3.3G

MemTotal:        4016004 kB
MemFree:          122156 kB
Active:           350148 kB
Mem:          3.8G       3.7G       119M       5.7M        27M       3.3G

MemTotal:        4016004 kB
MemFree:          115764 kB
Active:           350152 kB
Mem:          3.8G       3.7G       112M       5.7M        27M       3.3G

MemTotal:        4016004 kB
MemFree:          113416 kB
Active:           350152 kB
Mem:          3.8G       3.7G       109M       5.7M        27M       3.3G

MemTotal:        4016004 kB
MemFree:          125652 kB
Active:           350164 kB
Mem:          3.8G       3.7G       121M       5.7M        27M       3.3G

MemTotal:        4016004 kB
MemFree:          120132 kB
Active:           350164 kB
Mem:          3.8G       3.7G       116M       5.7M        27M       3.3G

MemTotal:        4016004 kB
MemFree:          120580 kB
Active:           350168 kB
Mem:          3.8G       3.7G       116M       5.7M        27M       3.3G

MemTotal:        4016004 kB
MemFree:          147564 kB
Active:           344268 kB
Mem:          3.8G       3.7G       144M       5.7M        27M       3.2G

MemTotal:        4016004 kB
MemFree:          110460 kB
Active:           344268 kB
Mem:          3.8G       3.7G       107M       5.7M        27M       3.3G

MemTotal:        4016004 kB
MemFree:          127596 kB
Active:           344288 kB
Mem:          3.8G       3.7G       124M       5.7M        27M       3.2G

MemTotal:        4016004 kB
MemFree:          130248 kB
Active:           344288 kB
Mem:          3.8G       3.7G       127M       5.7M        27M       3.2G

MemTotal:        4016004 kB
MemFree:          129920 kB
Active:           345572 kB
Mem:          3.8G       3.7G       126M       5.7M        27M       3.2G

MemTotal:        4016004 kB
MemFree:          128796 kB
Active:           345572 kB
Mem:          3.8G       3.7G       125M       5.7M        27M       3.2G

MemTotal:        4016004 kB
MemFree:          127792 kB
Active:           345572 kB
Mem:          3.8G       3.7G       124M       5.7M        27M       3.2G

MemTotal:        4016004 kB
MemFree:          127024 kB
Active:           345572 kB
Mem:          3.8G       3.7G       123M       5.7M        27M       3.2G

MemTotal:        4016004 kB
MemFree:          112976 kB
Active:           345580 kB
Mem:          3.8G       3.7G       109M       5.7M        27M       3.3G

MemTotal:        4016004 kB
MemFree:          120624 kB
Active:           345584 kB
Mem:          3.8G       3.7G       117M       5.7M        27M       3.3G

MemTotal:        4016004 kB
MemFree:          113872 kB
Active:           345584 kB
Mem:          3.8G       3.7G       110M       5.7M        27M       3.3G

MemTotal:        4016004 kB
MemFree:          128712 kB
Active:           345588 kB
Mem:          3.8G       3.7G       125M       5.7M        27M       3.2G

MemTotal:        4016004 kB
MemFree:          120300 kB
Active:           345592 kB
Mem:          3.8G       3.7G       116M       5.7M        27M       3.3G

MemTotal:        4016004 kB
MemFree:          129724 kB
Active:           345020 kB
Mem:          3.8G       3.7G       126M       5.7M        27M       3.2G

MemTotal:        4016004 kB
MemFree:          133296 kB
Active:           345032 kB
Mem:          3.8G       3.7G       129M       5.7M        27M       3.2G

MemTotal:        4016004 kB
MemFree:          107288 kB
Active:           345020 kB
Mem:          3.8G       3.7G       104M       5.7M        27M       3.3G

MemTotal:        4016004 kB
MemFree:          105636 kB
Active:           345024 kB
Mem:          3.8G       3.7G       102M       5.7M        27M       3.3G

MemTotal:        4016004 kB
MemFree:          105192 kB
Active:           345032 kB
Mem:          3.8G       3.7G       102M       5.7M        27M       3.3G

MemTotal:        4016004 kB
MemFree:          105312 kB
Active:           345036 kB
Mem:          3.8G       3.7G       102M       5.7M        27M       3.3G

MemTotal:        4016004 kB
MemFree:          105568 kB
Active:           345036 kB
Mem:          3.8G       3.7G       103M       5.7M        27M       3.3G

MemTotal:        4016004 kB
MemFree:          119064 kB
Active:           345036 kB
Mem:          3.8G       3.7G       115M       5.7M        27M       3.3G

MemTotal:        4016004 kB
MemFree:          104920 kB
Active:           345040 kB
Mem:          3.8G       3.7G       125M       5.7M        27M       3.2G

MemTotal:        4016004 kB
MemFree:          131032 kB
Active:           344892 kB
Mem:          3.8G       3.7G       127M       5.7M        27M       3.2G

MemTotal:        4016004 kB
MemFree:          130700 kB
Active:           344740 kB
Mem:          3.8G       3.7G       127M       5.7M        27M       3.2G

MemTotal:        4016004 kB
MemFree:          128636 kB
Active:           344716 kB
Mem:          3.8G       3.7G       125M       5.7M        27M       3.2G

MemTotal:        4016004 kB
MemFree:          128620 kB
Active:           346768 kB
Mem:          3.8G       3.7G       125M       5.7M        27M       3.2G

MemTotal:        4016004 kB
MemFree:          128480 kB
Active:           346768 kB
Mem:          3.8G       3.7G       125M       5.7M        27M       3.2G

MemTotal:        4016004 kB
MemFree:          128604 kB
Active:           346768 kB
Mem:          3.8G       3.7G       125M       5.7M        27M       3.2G

MemTotal:        4016004 kB
MemFree:          128512 kB
Active:           346768 kB
Mem:          3.8G       3.7G       125M       5.7M        27M       3.2G

MemTotal:        4016004 kB
MemFree:          128620 kB
Active:           346768 kB
Mem:          3.8G       3.7G       125M       5.7M        27M       3.2G

MemTotal:        4016004 kB
MemFree:          128480 kB
Active:           346768 kB
Mem:          3.8G       3.7G       125M       5.7M        27M       3.2G

MemTotal:        4016004 kB
MemFree:          128480 kB
Active:           346776 kB
Mem:          3.8G       3.7G       125M       5.7M        27M       3.2G

MemTotal:        4016004 kB
MemFree:          128480 kB
Active:           346776 kB
Mem:          3.8G       3.7G       125M       5.7M        27M       3.2G

MemTotal:        4016004 kB
MemFree:          128480 kB
Active:           346776 kB
Mem:          3.8G       3.7G       125M       5.7M        27M       3.2G

MemTotal:        4016004 kB
MemFree:          128480 kB
Active:           346776 kB
Mem:          3.8G       3.7G       125M       5.7M        27M       3.2G

MemTotal:        4016004 kB
MemFree:          128480 kB
Active:           346776 kB
Mem:          3.8G       3.7G       125M       5.7M        27M       3.2G

MemTotal:        4016004 kB
MemFree:          128604 kB
Active:           346780 kB
Mem:          3.8G       3.7G       125M       5.7M        27M       3.2G

MemTotal:        4016004 kB
MemFree:          128604 kB
Active:           346780 kB
Mem:          3.8G       3.7G       125M       5.7M        27M       3.2G

MemTotal:        4016004 kB
MemFree:          128604 kB
Active:           346780 kB
Mem:          3.8G       3.7G       125M       5.7M        27M       3.2G

MemTotal:        4016004 kB
MemFree:          128296 kB
Active:           346516 kB
Mem:          3.8G       3.7G       125M       5.7M        27M       3.2G

MemTotal:        4016004 kB
MemFree:          128312 kB
Active:           346576 kB
Mem:          3.8G       3.7G       125M       5.7M        27M       3.2G

MemTotal:        4016004 kB
MemFree:          128436 kB
Active:           346536 kB
Mem:          3.8G       3.7G       125M       5.7M        28M       3.2G

MemTotal:        4016004 kB
MemFree:          127940 kB
Active:           346568 kB
Mem:          3.8G       3.7G       124M       5.7M        28M       3.2G

MemTotal:        4016004 kB
MemFree:          126140 kB
Active:           346616 kB
Mem:          3.8G       3.7G       123M       5.7M        28M       3.2G

MemTotal:        4016004 kB
MemFree:          126140 kB
Active:           346552 kB
Mem:          3.8G       3.7G       123M       5.7M        28M       3.2G

MemTotal:        4016004 kB
MemFree:          126016 kB
Active:           348720 kB
Mem:          3.8G       3.7G       123M       5.7M        28M       3.2G

MemTotal:        4016004 kB
MemFree:          125736 kB
Active:           348668 kB
Mem:          3.8G       3.7G       122M       5.7M        28M       3.2G

MemTotal:        4016004 kB
MemFree:          125984 kB
Active:           348572 kB
Mem:          3.8G       3.7G       123M       5.7M        28M       3.2G

MemTotal:        4016004 kB
MemFree:          125908 kB
Active:           348708 kB
Mem:          3.8G       3.7G       123M       5.7M        28M       3.2G

MemTotal:        4016004 kB
MemFree:          125836 kB
Active:           348740 kB
Mem:          3.8G       3.7G       122M       5.7M        28M       3.2G

MemTotal:        4016004 kB
MemFree:          125628 kB
Active:           348644 kB
Mem:          3.8G       3.7G       122M       5.7M        28M       3.2G

MemTotal:        4016004 kB
MemFree:          125896 kB
Active:           348792 kB
Mem:          3.8G       3.7G       122M       5.7M        28M       3.2G

MemTotal:        4016004 kB
MemFree:          126024 kB
Active:           348672 kB
Mem:          3.8G       3.7G       122M       5.7M        28M       3.2G

MemTotal:        4016004 kB
MemFree:          126312 kB
Active:           348724 kB
Mem:          3.8G       3.7G       123M       5.7M        28M       3.2G

MemTotal:        4016004 kB
MemFree:          126432 kB
Active:           348744 kB
Mem:          3.8G       3.7G       123M       5.7M        28M       3.2G

MemTotal:        4016004 kB
MemFree:          126312 kB
Active:           348616 kB
Mem:          3.8G       3.7G       123M       5.7M        28M       3.2G

MemTotal:        4016004 kB
MemFree:          126436 kB
Active:           348648 kB
Mem:          3.8G       3.7G       123M       5.7M        28M       3.2G

MemTotal:        4016004 kB
MemFree:          126436 kB
Active:           348616 kB
Mem:          3.8G       3.7G       123M       5.7M        28M       3.2G

MemTotal:        4016004 kB
MemFree:          126080 kB
Active:           348780 kB
Mem:          3.8G       3.7G       123M       5.7M        28M       3.2G

MemTotal:        4016004 kB
MemFree:          126236 kB
Active:           348604 kB
Mem:          3.8G       3.7G       123M       5.7M        28M       3.2G

MemTotal:        4016004 kB
MemFree:          126112 kB
Active:           348516 kB
Mem:          3.8G       3.7G       123M       5.7M        28M       3.2G

MemTotal:        4016004 kB
MemFree:          126236 kB
Active:           348512 kB
Mem:          3.8G       3.7G       123M       5.7M        28M       3.2G

MemTotal:        4016004 kB
MemFree:          126360 kB
Active:           348516 kB
Mem:          3.8G       3.7G       123M       5.7M        28M       3.2G

MemTotal:        4016004 kB
MemFree:          124312 kB
Active:           348528 kB
Mem:          3.8G       3.7G       121M       5.7M        28M       3.2G

MemTotal:        4016004 kB
MemFree:          124204 kB
Active:           350804 kB
Mem:          3.8G       3.7G       121M       5.7M        28M       3.2G

MemTotal:        4016004 kB
MemFree:          124344 kB
Active:           350640 kB
Mem:          3.8G       3.7G       121M       5.7M        28M       3.2G

MemTotal:        4016004 kB
MemFree:          123864 kB
Active:           350704 kB
Mem:          3.8G       3.7G       120M       5.7M        28M       3.2G

MemTotal:        4016004 kB
MemFree:          124112 kB
Active:           350664 kB
Mem:          3.8G       3.7G       121M       5.7M        28M       3.2G

MemTotal:        4016004 kB
MemFree:          123616 kB
Active:           350704 kB
Mem:          3.8G       3.7G       120M       5.7M        28M       3.2G

MemTotal:        4016004 kB
MemFree:          124360 kB
Active:           350664 kB
Mem:          3.8G       3.7G       121M       5.7M        28M       3.2G

MemTotal:        4016004 kB
MemFree:          124484 kB
Active:           350704 kB
Mem:          3.8G       3.7G       121M       5.7M        28M       3.2G

MemTotal:        4016004 kB
MemFree:          124484 kB
Active:           350664 kB
Mem:          3.8G       3.7G       121M       5.7M        28M       3.2G

MemTotal:        4016004 kB
MemFree:          124360 kB
Active:           350696 kB
Mem:          3.8G       3.7G       121M       5.7M        28M       3.2G

MemTotal:        4016004 kB
MemFree:          124360 kB
Active:           350708 kB
Mem:          3.8G       3.7G       121M       5.7M        28M       3.2G

MemTotal:        4016004 kB
MemFree:          123988 kB
Active:           350712 kB
Mem:          3.8G       3.7G       120M       5.7M        28M       3.2G

MemTotal:        4016004 kB
MemFree:          124112 kB
Active:           350688 kB
Mem:          3.8G       3.7G       121M       5.7M        28M       3.2G

MemTotal:        4016004 kB
MemFree:          124112 kB
Active:           350668 kB
Mem:          3.8G       3.7G       121M       5.7M        28M       3.2G

MemTotal:        4016004 kB
MemFree:          124236 kB
Active:           350708 kB
Mem:          3.8G       3.7G       121M       5.7M        28M       3.2G

MemTotal:        4016004 kB
MemFree:          124268 kB
Active:           350720 kB
Mem:          3.8G       3.7G       121M       5.7M        28M       3.2G

MemTotal:        4016004 kB
MemFree:          124268 kB
Active:           350724 kB
Mem:          3.8G       3.7G       121M       5.7M        28M       3.2G

MemTotal:        4016004 kB
MemFree:          124516 kB
Active:           350696 kB
Mem:          3.8G       3.7G       121M       5.7M        28M       3.2G

MemTotal:        4016004 kB
MemFree:          124516 kB
Active:           350696 kB
Mem:          3.8G       3.7G       121M       5.7M        28M       3.2G

MemTotal:        4016004 kB
MemFree:          124144 kB
Active:           350740 kB
Mem:          3.8G       3.7G       121M       5.7M        28M       3.2G

MemTotal:        4016004 kB
MemFree:          124268 kB
Active:           350724 kB
Mem:          3.8G       3.7G       121M       5.7M        28M       3.2G

MemTotal:        4016004 kB
MemFree:          124020 kB
Active:           350740 kB
Mem:          3.8G       3.7G       121M       5.7M        28M       3.2G

MemTotal:        4016004 kB
MemFree:          124516 kB
Active:           350716 kB
Mem:          3.8G       3.7G       121M       5.7M        28M       3.2G

MemTotal:        4016004 kB
MemFree:          124268 kB
Active:           350712 kB
Mem:          3.8G       3.7G       121M       5.7M        28M       3.2G

MemTotal:        4016004 kB
MemFree:          124268 kB
Active:           350696 kB
Mem:          3.8G       3.7G       121M       5.7M        28M       3.2G

MemTotal:        4016004 kB
MemFree:          124392 kB
Active:           350712 kB
Mem:          3.8G       3.7G       121M       5.7M        28M       3.2G

MemTotal:        4016004 kB
MemFree:          124052 kB
Active:           350740 kB
Mem:          3.8G       3.7G       121M       5.7M        28M       3.2G

MemTotal:        4016004 kB
MemFree:          124300 kB
Active:           350708 kB
Mem:          3.8G       3.7G       121M       5.7M        28M       3.2G

MemTotal:        4016004 kB
MemFree:          124424 kB
Active:           350724 kB
Mem:          3.8G       3.7G       121M       5.7M        28M       3.2G

MemTotal:        4016004 kB
MemFree:          124548 kB
Active:           350700 kB
Mem:          3.8G       3.7G       121M       5.7M        28M       3.2G

MemTotal:        4016004 kB
MemFree:          124176 kB
Active:           350740 kB
Mem:          3.8G       3.7G       121M       5.7M        28M       3.2G

MemTotal:        4016004 kB
MemFree:          123804 kB
Active:           350744 kB
Mem:          3.8G       3.7G       120M       5.7M        28M       3.2G

MemTotal:        4016004 kB
MemFree:          123556 kB
Active:           350744 kB
Mem:          3.8G       3.7G       120M       5.7M        28M       3.2G

MemTotal:        4016004 kB
MemFree:          124052 kB
Active:           350732 kB
Mem:          3.8G       3.7G       121M       5.7M        28M       3.2G

MemTotal:        4016004 kB
MemFree:          124052 kB
Active:           350720 kB
Mem:          3.8G       3.7G       120M       5.7M        28M       3.2G

MemTotal:        4016004 kB
MemFree:          123680 kB
Active:           350752 kB
Mem:          3.8G       3.7G       120M       5.7M        28M       3.2G

MemTotal:        4016004 kB
MemFree:          124068 kB
Active:           350716 kB
Mem:          3.8G       3.7G       120M       5.7M        28M       3.2G

MemTotal:        4016004 kB
MemFree:          123820 kB
Active:           350720 kB
Mem:          3.8G       3.7G       121M       5.7M        28M       3.2G

MemTotal:        4016004 kB
MemFree:          124316 kB
Active:           350748 kB
Mem:          3.8G       3.7G       121M       5.7M        28M       3.2G

MemTotal:        4016004 kB
MemFree:          124316 kB
Active:           350724 kB
Mem:          3.8G       3.7G       121M       5.7M        28M       3.2G

MemTotal:        4016004 kB
MemFree:          122392 kB
Active:           350728 kB
Mem:          3.8G       3.7G       119M       5.7M        28M       3.2G

MemTotal:        4016004 kB
MemFree:          122392 kB
Active:           350732 kB
Mem:          3.8G       3.7G       119M       5.7M        28M       3.2G

MemTotal:        4016004 kB
MemFree:          122144 kB
Active:           352788 kB
Mem:          3.8G       3.7G       119M       5.7M        28M       3.2G

MemTotal:        4016004 kB
MemFree:          122144 kB
Active:           352796 kB
Mem:          3.8G       3.7G       119M       5.7M        28M       3.2G

MemTotal:        4016004 kB
MemFree:          122392 kB
Active:           352772 kB
Mem:          3.8G       3.7G       119M       5.7M        28M       3.2G

MemTotal:        4016004 kB
MemFree:          122268 kB
Active:           352780 kB
Mem:          3.8G       3.7G       119M       5.7M        28M       3.2G

MemTotal:        4016004 kB
MemFree:          122516 kB
Active:           352776 kB
Mem:          3.8G       3.7G       119M       5.7M        28M       3.2G

MemTotal:        4016004 kB
MemFree:          122516 kB
Active:           352748 kB
Mem:          3.8G       3.7G       119M       5.7M        28M       3.2G

MemTotal:        4016004 kB
MemFree:          122392 kB
Active:           352772 kB
Mem:          3.8G       3.7G       119M       5.7M        28M       3.2G

MemTotal:        4016004 kB
MemFree:          122020 kB
Active:           352800 kB
Mem:          3.8G       3.7G       119M       5.7M        28M       3.2G

MemTotal:        4016004 kB
MemFree:          122640 kB
Active:           352772 kB
Mem:          3.8G       3.7G       119M       5.7M        28M       3.2G

MemTotal:        4016004 kB
MemFree:          122144 kB
Active:           352808 kB
Mem:          3.8G       3.7G       119M       5.7M        28M       3.2G

MemTotal:        4016004 kB
MemFree:          122268 kB
Active:           352808 kB
Mem:          3.8G       3.7G       119M       5.7M        28M       3.2G

MemTotal:        4016004 kB
MemFree:          122268 kB
Active:           352760 kB
Mem:          3.8G       3.7G       119M       5.7M        28M       3.2G

MemTotal:        4016004 kB
MemFree:          122268 kB
Active:           352772 kB
Mem:          3.8G       3.7G       119M       5.7M        28M       3.2G

MemTotal:        4016004 kB
MemFree:          122392 kB
Active:           352800 kB
Mem:          3.8G       3.7G       119M       5.7M        28M       3.2G

MemTotal:        4016004 kB
MemFree:          122392 kB
Active:           352808 kB
Mem:          3.8G       3.7G       119M       5.7M        28M       3.2G

MemTotal:        4016004 kB
MemFree:          122764 kB
Active:           352768 kB
Mem:          3.8G       3.7G       119M       5.7M        28M       3.2G

MemTotal:        4016004 kB
MemFree:          122392 kB
Active:           352808 kB
Mem:          3.8G       3.7G       119M       5.7M        28M       3.2G

MemTotal:        4016004 kB
MemFree:          122888 kB
Active:           352764 kB
Mem:          3.8G       3.7G       120M       5.7M        28M       3.2G

MemTotal:        4016004 kB
MemFree:          122392 kB
Active:           352812 kB
Mem:          3.8G       3.7G       119M       5.7M        28M       3.2G

MemTotal:        4016004 kB
MemFree:          122144 kB
Active:           352812 kB
Mem:          3.8G       3.7G       119M       5.7M        28M       3.2G

MemTotal:        4016004 kB
MemFree:          122392 kB
Active:           352788 kB
Mem:          3.8G       3.7G       119M       5.7M        28M       3.2G

MemTotal:        4016004 kB
MemFree:          122020 kB
Active:           352812 kB
Mem:          3.8G       3.7G       119M       5.7M        28M       3.2G

MemTotal:        4016004 kB
MemFree:          122144 kB
Active:           352816 kB
Mem:          3.8G       3.7G       119M       5.7M        28M       3.2G

MemTotal:        4016004 kB
MemFree:          122020 kB
Active:           352828 kB
Mem:          3.8G       3.7G       119M       5.7M        28M       3.2G

MemTotal:        4016004 kB
MemFree:          122268 kB
Active:           352804 kB
Mem:          3.8G       3.7G       119M       5.7M        28M       3.2G

MemTotal:        4016004 kB
MemFree:          122020 kB
Active:           352828 kB
Mem:          3.8G       3.7G       119M       5.7M        28M       3.2G

MemTotal:        4016004 kB
MemFree:          122144 kB
Active:           352800 kB
Mem:          3.8G       3.7G       119M       5.7M        28M       3.2G

MemTotal:        4016004 kB
MemFree:          122020 kB
Active:           352816 kB
Mem:          3.8G       3.7G       119M       5.7M        28M       3.2G

MemTotal:        4016004 kB
MemFree:          122020 kB
Active:           352836 kB
Mem:          3.8G       3.7G       118M       5.7M        28M       3.2G

MemTotal:        4016004 kB
MemFree:          121772 kB
Active:           352836 kB
Mem:          3.8G       3.7G       118M       5.7M        28M       3.2G

MemTotal:        4016004 kB
MemFree:          121772 kB
Active:           352836 kB
Mem:          3.8G       3.7G       119M       5.7M        28M       3.2G

MemTotal:        4016004 kB
MemFree:          122020 kB
Active:           352808 kB
Mem:          3.8G       3.7G       119M       5.7M        28M       3.2G

MemTotal:        4016004 kB
MemFree:          121772 kB
Active:           352848 kB
Mem:          3.8G       3.7G       118M       5.7M        28M       3.2G

MemTotal:        4016004 kB
MemFree:          121896 kB
Active:           352796 kB
Mem:          3.8G       3.7G       119M       5.7M        28M       3.2G

MemTotal:        4016004 kB
MemFree:          122268 kB
Active:           352848 kB
Mem:          3.8G       3.7G       119M       5.7M        28M       3.2G

MemTotal:        4016004 kB
MemFree:          121896 kB
Active:           352852 kB
Mem:          3.8G       3.7G       119M       5.7M        28M       3.2G

MemTotal:        4016004 kB
MemFree:          122408 kB
Active:           352832 kB
Mem:          3.8G       3.7G       119M       5.7M        28M       3.2G

MemTotal:        4016004 kB
MemFree:          122656 kB
Active:           352852 kB
Mem:          3.8G       3.7G       119M       5.7M        28M       3.2G

MemTotal:        4016004 kB
MemFree:          122780 kB
Active:           352844 kB
Mem:          3.8G       3.7G       119M       5.7M        28M       3.2G

MemTotal:        4016004 kB
MemFree:          122284 kB
Active:           352860 kB
Mem:          3.8G       3.7G       119M       5.7M        28M       3.2G

MemTotal:        4016004 kB
MemFree:          122160 kB
Active:           352820 kB
Mem:          3.8G       3.7G       119M       5.7M        28M       3.2G

MemTotal:        4016004 kB
MemFree:          122160 kB
Active:           352852 kB
Mem:          3.8G       3.7G       119M       5.7M        28M       3.2G

MemTotal:        4016004 kB
MemFree:          122036 kB
Active:           352828 kB
Mem:          3.8G       3.7G       119M       5.7M        28M       3.2G

MemTotal:        4016004 kB
MemFree:          121664 kB
Active:           352864 kB
Mem:          3.8G       3.7G       118M       5.7M        28M       3.2G

MemTotal:        4016004 kB
MemFree:          122160 kB
Active:           352860 kB
Mem:          3.8G       3.7G       119M       5.7M        28M       3.2G

MemTotal:        4016004 kB
MemFree:          122036 kB
Active:           352868 kB
Mem:          3.8G       3.7G       119M       5.7M        28M       3.2G

MemTotal:        4016004 kB
MemFree:          122408 kB
Active:           352836 kB
Mem:          3.8G       3.7G       119M       5.7M        28M       3.2G

MemTotal:        4016004 kB
MemFree:          122408 kB
Active:           352840 kB
Mem:          3.8G       3.7G       119M       5.7M        28M       3.2G

MemTotal:        4016004 kB
MemFree:          122408 kB
Active:           352864 kB
Mem:          3.8G       3.7G       119M       5.7M        28M       3.2G

MemTotal:        4016004 kB
MemFree:          122160 kB
Active:           352876 kB
Mem:          3.8G       3.7G       119M       5.7M        28M       3.2G

MemTotal:        4016004 kB
MemFree:          122532 kB
Active:           352860 kB
Mem:          3.8G       3.7G       119M       5.7M        28M       3.2G

MemTotal:        4016004 kB
MemFree:          122532 kB
Active:           352852 kB
Mem:          3.8G       3.7G       119M       5.7M        28M       3.2G

MemTotal:        4016004 kB
MemFree:          122532 kB
Active:           352836 kB
Mem:          3.8G       3.7G       119M       5.7M        28M       3.2G

MemTotal:        4016004 kB
MemFree:          122408 kB
Active:           352844 kB
Mem:          3.8G       3.7G       119M       5.7M        28M       3.2G

MemTotal:        4016004 kB
MemFree:          122408 kB
Active:           352824 kB
Mem:          3.8G       3.7G       119M       5.7M        28M       3.2G

MemTotal:        4016004 kB
MemFree:          122408 kB
Active:           352852 kB
Mem:          3.8G       3.7G       119M       5.7M        28M       3.2G

MemTotal:        4016004 kB
MemFree:          121788 kB
Active:           352876 kB
Mem:          3.8G       3.7G       119M       5.7M        28M       3.2G

MemTotal:        4016004 kB
MemFree:          121664 kB
Active:           352880 kB
Mem:          3.8G       3.7G       119M       5.7M        28M       3.2G

MemTotal:        4016004 kB
MemFree:          122036 kB
Active:           352880 kB
Mem:          3.8G       3.7G       119M       5.7M        28M       3.2G

MemTotal:        4016004 kB
MemFree:          122160 kB
Active:           352844 kB
Mem:          3.8G       3.7G       119M       5.7M        28M       3.2G

MemTotal:        4016004 kB
MemFree:          121664 kB
Active:           352888 kB
Mem:          3.8G       3.7G       119M       5.7M        28M       3.2G

MemTotal:        4016004 kB
MemFree:          122036 kB
Active:           352880 kB
Mem:          3.8G       3.7G       118M       5.7M        28M       3.2G

MemTotal:        4016004 kB
MemFree:          122284 kB
Active:           352876 kB
Mem:          3.8G       3.7G       119M       5.7M        28M       3.2G

MemTotal:        4016004 kB
MemFree:          122532 kB
Active:           352848 kB
Mem:          3.8G       3.7G       119M       5.7M        28M       3.2G

MemTotal:        4016004 kB
MemFree:          121788 kB
Active:           352896 kB
Mem:          3.8G       3.7G       119M       5.7M        28M       3.2G

MemTotal:        4016004 kB
MemFree:          122284 kB
Active:           352856 kB
Mem:          3.8G       3.7G       119M       5.7M        28M       3.2G

MemTotal:        4016004 kB
MemFree:          122284 kB
Active:           352852 kB
Mem:          3.8G       3.7G       119M       5.7M        28M       3.2G

MemTotal:        4016004 kB
MemFree:          121912 kB
Active:           352896 kB
Mem:          3.8G       3.7G       118M       5.7M        28M       3.2G

MemTotal:        4016004 kB
MemFree:          121912 kB
Active:           352868 kB
Mem:          3.8G       3.7G       119M       5.7M        28M       3.2G

MemTotal:        4016004 kB
MemFree:          121912 kB
Active:           352860 kB
Mem:          3.8G       3.7G       119M       5.7M        28M       3.2G

MemTotal:        4016004 kB
MemFree:          121664 kB
Active:           352900 kB
Mem:          3.8G       3.7G       118M       5.7M        28M       3.2G

MemTotal:        4016004 kB
MemFree:          121912 kB
Active:           352880 kB
Mem:          3.8G       3.7G       118M       5.7M        28M       3.2G

MemTotal:        4016004 kB
MemFree:          122036 kB
Active:           352860 kB
Mem:          3.8G       3.7G       119M       5.7M        28M       3.2G

MemTotal:        4016004 kB
MemFree:          122284 kB
Active:           352880 kB
Mem:          3.8G       3.7G       119M       5.7M        28M       3.2G

MemTotal:        4016004 kB
MemFree:          122036 kB
Active:           352912 kB
Mem:          3.8G       3.7G       119M       5.7M        28M       3.2G

MemTotal:        4016004 kB
MemFree:          122284 kB
Active:           352888 kB
Mem:          3.8G       3.7G       119M       5.7M        28M       3.2G

MemTotal:        4016004 kB
MemFree:          122408 kB
Active:           352864 kB
Mem:          3.8G       3.7G       119M       5.7M        28M       3.2G

MemTotal:        4016004 kB
MemFree:          122160 kB
Active:           352916 kB
Mem:          3.8G       3.7G       119M       5.7M        28M       3.2G

MemTotal:        4016004 kB
MemFree:          122036 kB
Active:           352924 kB
Mem:          3.8G       3.7G       119M       5.7M        28M       3.2G

MemTotal:        4016004 kB
MemFree:          121912 kB
Active:           352872 kB
Mem:          3.8G       3.7G       119M       5.7M        28M       3.2G

MemTotal:        4016004 kB
MemFree:          121912 kB
Active:           352904 kB
Mem:          3.8G       3.7G       119M       5.7M        28M       3.2G

MemTotal:        4016004 kB
MemFree:          121540 kB
Active:           352928 kB
Mem:          3.8G       3.7G       118M       5.7M        28M       3.2G

MemTotal:        4016004 kB
MemFree:          121788 kB
Active:           352932 kB
Mem:          3.8G       3.7G       118M       5.7M        28M       3.2G

MemTotal:        4016004 kB
MemFree:          122036 kB
Active:           352892 kB
Mem:          3.8G       3.7G       119M       5.7M        28M       3.2G

MemTotal:        4016004 kB
MemFree:          122160 kB
Active:           352924 kB
Mem:          3.8G       3.7G       119M       5.7M        28M       3.2G

MemTotal:        4016004 kB
MemFree:          121664 kB
Active:           352940 kB
Mem:          3.8G       3.7G       118M       5.7M        28M       3.2G

MemTotal:        4016004 kB
MemFree:          121664 kB
Active:           352944 kB
Mem:          3.8G       3.7G       118M       5.7M        28M       3.2G

MemTotal:        4016004 kB
MemFree:          122408 kB
Active:           352896 kB
Mem:          3.8G       3.7G       119M       5.7M        28M       3.2G

MemTotal:        4016004 kB
MemFree:          122036 kB
Active:           352944 kB
Mem:          3.8G       3.7G       119M       5.7M        28M       3.2G

MemTotal:        4016004 kB
MemFree:          122408 kB
Active:           352944 kB
Mem:          3.8G       3.7G       119M       5.7M        28M       3.2G

MemTotal:        4016004 kB
MemFree:          122904 kB
Active:           352912 kB
Mem:          3.8G       3.7G       119M       5.7M        28M       3.2G

MemTotal:        4016004 kB
MemFree:          122780 kB
Active:           352904 kB
Mem:          3.8G       3.7G       120M       5.7M        28M       3.2G

MemTotal:        4016004 kB
MemFree:          122904 kB
Active:           352944 kB
Mem:          3.8G       3.7G       119M       5.7M        28M       3.2G

MemTotal:        4016004 kB
MemFree:          122780 kB
Active:           352924 kB
Mem:          3.8G       3.7G       119M       5.7M        28M       3.2G

MemTotal:        4016004 kB
MemFree:          122408 kB
Active:           352964 kB
Mem:          3.8G       3.7G       119M       5.7M        28M       3.2G

MemTotal:        4016004 kB
MemFree:          122408 kB
Active:           352964 kB
Mem:          3.8G       3.7G       119M       5.7M        28M       3.2G

MemTotal:        4016004 kB
MemFree:          121788 kB
Active:           352920 kB
Mem:          3.8G       3.7G       118M       5.7M        28M       3.2G

MemTotal:        4016004 kB
MemFree:          121912 kB
Active:           352908 kB
Mem:          3.8G       3.7G       119M       5.7M        28M       3.2G

MemTotal:        4016004 kB
MemFree:          122284 kB
Active:           352928 kB
Mem:          3.8G       3.7G       119M       5.7M        28M       3.2G

MemTotal:        4016004 kB
MemFree:          121912 kB
Active:           352964 kB
Mem:          3.8G       3.7G       119M       5.7M        28M       3.2G

MemTotal:        4016004 kB
MemFree:          122160 kB
Active:           352924 kB
Mem:          3.8G       3.7G       119M       5.7M        28M       3.2G

MemTotal:        4016004 kB
MemFree:          122268 kB
Active:           353128 kB
Mem:          3.8G       3.7G       119M       5.7M        28M       3.2G

MemTotal:        4016004 kB
MemFree:          121524 kB
Active:           353136 kB
Mem:          3.8G       3.7G       118M       5.7M        28M       3.2G

MemTotal:        4016004 kB
MemFree:          122004 kB
Active:           353140 kB
Mem:          3.8G       3.7G       118M       5.7M        28M       3.2G

MemTotal:        4016004 kB
MemFree:          122004 kB
Active:           353164 kB
Mem:          3.8G       3.7G       119M       5.7M        28M       3.2G

MemTotal:        4016004 kB
MemFree:          122004 kB
Active:           353184 kB
Mem:          3.8G       3.7G       119M       5.7M        28M       3.2G

MemTotal:        4016004 kB
MemFree:          121508 kB
Active:           353184 kB
Mem:          3.8G       3.7G       118M       5.7M        28M       3.2G

MemTotal:        4016004 kB
MemFree:          121508 kB
Active:           353192 kB
Mem:          3.8G       3.7G       118M       5.7M        28M       3.2G

MemTotal:        4016004 kB
MemFree:          122004 kB
Active:           353184 kB
Mem:          3.8G       3.7G       119M       5.7M        28M       3.2G

