MemTotal:        4016004 kB
MemFree:         3228200 kB
Active:           431100 kB
Mem:          3.8G       769M       3.1G       5.7M        55M       320M

MemTotal:        4016004 kB
MemFree:         3228648 kB
Active:           431528 kB
Mem:          3.8G       769M       3.1G       5.7M        55M       320M

MemTotal:        4016004 kB
MemFree:         3227640 kB
Active:           431628 kB
Mem:          3.8G       769M       3.1G       5.7M        55M       320M

MemTotal:        4016004 kB
MemFree:         3227872 kB
Active:           431600 kB
Mem:          3.8G       769M       3.1G       5.7M        55M       320M

MemTotal:        4016004 kB
MemFree:         3227732 kB
Active:           431604 kB
Mem:          3.8G       769M       3.1G       5.7M        55M       320M

MemTotal:        4016004 kB
MemFree:         3227856 kB
Active:           431616 kB
Mem:          3.8G       769M       3.1G       5.7M        55M       320M

MemTotal:        4016004 kB
MemFree:         3227468 kB
Active:           431640 kB
Mem:          3.8G       770M       3.1G       5.7M        55M       320M

MemTotal:        4016004 kB
MemFree:         3226956 kB
Active:           431640 kB
Mem:          3.8G       770M       3.1G       5.7M        55M       320M

MemTotal:        4016004 kB
MemFree:         3227188 kB
Active:           431612 kB
Mem:          3.8G       770M       3.1G       5.7M        55M       320M

MemTotal:        4016004 kB
MemFree:         3227048 kB
Active:           431632 kB
Mem:          3.8G       770M       3.1G       5.7M        55M       320M

MemTotal:        4016004 kB
MemFree:         3226700 kB
Active:           431648 kB
Mem:          3.8G       770M       3.1G       5.7M        55M       320M

MemTotal:        4016004 kB
MemFree:         3227196 kB
Active:           431640 kB
Mem:          3.8G       770M       3.1G       5.7M        55M       320M

MemTotal:        4016004 kB
MemFree:         3226824 kB
Active:           431652 kB
Mem:          3.8G       770M       3.1G       5.7M        55M       320M

MemTotal:        4016004 kB
MemFree:         3227072 kB
Active:           431652 kB
Mem:          3.8G       770M       3.1G       5.7M        55M       320M

MemTotal:        4016004 kB
MemFree:         3227196 kB
Active:           431604 kB
Mem:          3.8G       770M       3.1G       5.7M        55M       320M

MemTotal:        4016004 kB
MemFree:         3227196 kB
Active:           431648 kB
Mem:          3.8G       770M       3.1G       5.7M        55M       320M

MemTotal:        4016004 kB
MemFree:         3227600 kB
Active:           431640 kB
Mem:          3.8G       770M       3.1G       5.7M        55M       320M

MemTotal:        4016004 kB
MemFree:         3227476 kB
Active:           431644 kB
Mem:          3.8G       770M       3.1G       5.7M        55M       320M

MemTotal:        4016004 kB
MemFree:         3227600 kB
Active:           431640 kB
Mem:          3.8G       769M       3.1G       5.7M        55M       320M

MemTotal:        4016004 kB
MemFree:         3227600 kB
Active:           431636 kB
Mem:          3.8G       770M       3.1G       5.7M        55M       320M

MemTotal:        4016004 kB
MemFree:         3227600 kB
Active:           431640 kB
Mem:          3.8G       769M       3.1G       5.7M        55M       320M

MemTotal:        4016004 kB
MemFree:         3227600 kB
Active:           431648 kB
Mem:          3.8G       769M       3.1G       5.7M        55M       320M

MemTotal:        4016004 kB
MemFree:         3227832 kB
Active:           431648 kB
Mem:          3.8G       769M       3.1G       5.7M        55M       320M

MemTotal:        4016004 kB
MemFree:         3227692 kB
Active:           431652 kB
Mem:          3.8G       770M       3.1G       5.7M        55M       320M

MemTotal:        4016004 kB
MemFree:         3227444 kB
Active:           431608 kB
Mem:          3.8G       769M       3.1G       5.7M        55M       320M

MemTotal:        4016004 kB
MemFree:         3227676 kB
Active:           431656 kB
Mem:          3.8G       769M       3.1G       5.7M        55M       320M

MemTotal:        4016004 kB
MemFree:         3227908 kB
Active:           431644 kB
Mem:          3.8G       769M       3.1G       5.7M        55M       320M

MemTotal:        4016004 kB
MemFree:         3227412 kB
Active:           431664 kB
Mem:          3.8G       770M       3.1G       5.7M        55M       320M

MemTotal:        4016004 kB
MemFree:         3227396 kB
Active:           431628 kB
Mem:          3.8G       770M       3.1G       5.7M        55M       320M

MemTotal:        4016004 kB
MemFree:         3227256 kB
Active:           431660 kB
Mem:          3.8G       770M       3.1G       5.7M        55M       320M

MemTotal:        4016004 kB
MemFree:         3227380 kB
Active:           431636 kB
Mem:          3.8G       769M       3.1G       5.7M        55M       320M

MemTotal:        4016004 kB
MemFree:         3227460 kB
Active:           431640 kB
Mem:          3.8G       770M       3.1G       5.7M        55M       320M

MemTotal:        4016004 kB
MemFree:         3227336 kB
Active:           431620 kB
Mem:          3.8G       770M       3.1G       5.7M        55M       320M

MemTotal:        4016004 kB
MemFree:         3227088 kB
Active:           431672 kB
Mem:          3.8G       770M       3.1G       5.7M        55M       320M

MemTotal:        4016004 kB
MemFree:         3227460 kB
Active:           431624 kB
Mem:          3.8G       770M       3.1G       5.7M        55M       320M

MemTotal:        4016004 kB
MemFree:         3227708 kB
Active:           431640 kB
Mem:          3.8G       769M       3.1G       5.7M        55M       320M

MemTotal:        4016004 kB
MemFree:         3227584 kB
Active:           431636 kB
Mem:          3.8G       769M       3.1G       5.7M        55M       320M

MemTotal:        4016004 kB
MemFree:         3226948 kB
Active:           431684 kB
Mem:          3.8G       770M       3.1G       5.7M        55M       320M

MemTotal:        4016004 kB
MemFree:         3227320 kB
Active:           431668 kB
Mem:          3.8G       770M       3.1G       5.7M        55M       320M

MemTotal:        4016004 kB
MemFree:         3227384 kB
Active:           431652 kB
Mem:          3.8G       770M       3.1G       5.7M        55M       320M

MemTotal:        4016004 kB
MemFree:         3227012 kB
Active:           431688 kB
Mem:          3.8G       770M       3.1G       5.7M        55M       320M

MemTotal:        4016004 kB
MemFree:         3227384 kB
Active:           431636 kB
Mem:          3.8G       770M       3.1G       5.7M        55M       320M

MemTotal:        4016004 kB
MemFree:         3227880 kB
Active:           431652 kB
Mem:          3.8G       769M       3.1G       5.7M        55M       320M

MemTotal:        4016004 kB
MemFree:         3227632 kB
Active:           431688 kB
Mem:          3.8G       769M       3.1G       5.7M        55M       320M

MemTotal:        4016004 kB
MemFree:         3227384 kB
Active:           431700 kB
Mem:          3.8G       770M       3.1G       5.7M        55M       320M

MemTotal:        4016004 kB
MemFree:         3227384 kB
Active:           431692 kB
Mem:          3.8G       770M       3.1G       5.7M        55M       320M

MemTotal:        4016004 kB
MemFree:         3225212 kB
Active:           431676 kB
Mem:          3.8G       772M       3.1G       5.7M        55M       320M

MemTotal:        4016004 kB
MemFree:         3225584 kB
Active:           433692 kB
Mem:          3.8G       771M       3.1G       5.7M        55M       320M

MemTotal:        4016004 kB
MemFree:         3225336 kB
Active:           433688 kB
Mem:          3.8G       772M       3.1G       5.7M        55M       320M

MemTotal:        4016004 kB
MemFree:         3224948 kB
Active:           433736 kB
Mem:          3.8G       772M       3.1G       5.7M        55M       320M

MemTotal:        4016004 kB
MemFree:         3225056 kB
Active:           433700 kB
Mem:          3.8G       772M       3.1G       5.7M        55M       320M

MemTotal:        4016004 kB
MemFree:         3225040 kB
Active:           433692 kB
Mem:          3.8G       772M       3.1G       5.7M        55M       320M

MemTotal:        4016004 kB
MemFree:         3225040 kB
Active:           433708 kB
Mem:          3.8G       772M       3.1G       5.7M        55M       320M

MemTotal:        4016004 kB
MemFree:         3225024 kB
Active:           433700 kB
Mem:          3.8G       772M       3.1G       5.7M        55M       320M

MemTotal:        4016004 kB
MemFree:         3224760 kB
Active:           433752 kB
Mem:          3.8G       772M       3.1G       5.7M        55M       320M

MemTotal:        4016004 kB
MemFree:         3224868 kB
Active:           433712 kB
Mem:          3.8G       772M       3.1G       5.7M        55M       320M

MemTotal:        4016004 kB
MemFree:         3224600 kB
Active:           431656 kB
Mem:          3.8G       772M       3.1G       5.7M        55M       320M

MemTotal:        4016004 kB
MemFree:         3225220 kB
Active:           433696 kB
Mem:          3.8G       772M       3.1G       5.7M        55M       320M

MemTotal:        4016004 kB
MemFree:         3224848 kB
Active:           433764 kB
Mem:          3.8G       772M       3.1G       5.7M        55M       320M

MemTotal:        4016004 kB
MemFree:         3225344 kB
Active:           433760 kB
Mem:          3.8G       772M       3.1G       5.7M        55M       320M

MemTotal:        4016004 kB
MemFree:         3225328 kB
Active:           433740 kB
Mem:          3.8G       772M       3.1G       5.7M        55M       320M

MemTotal:        4016004 kB
MemFree:         3225392 kB
Active:           433744 kB
Mem:          3.8G       772M       3.1G       5.7M        55M       320M

MemTotal:        4016004 kB
MemFree:         3225144 kB
Active:           433728 kB
Mem:          3.8G       772M       3.1G       5.7M        55M       320M

MemTotal:        4016004 kB
MemFree:         3224648 kB
Active:           433764 kB
Mem:          3.8G       772M       3.1G       5.7M        55M       320M

MemTotal:        4016004 kB
MemFree:         3225268 kB
Active:           433756 kB
Mem:          3.8G       772M       3.1G       5.7M        55M       320M

MemTotal:        4016004 kB
MemFree:         3224896 kB
Active:           433768 kB
Mem:          3.8G       772M       3.1G       5.7M        55M       320M

MemTotal:        4016004 kB
MemFree:         3225020 kB
Active:           433724 kB
Mem:          3.8G       772M       3.1G       5.7M        55M       320M

MemTotal:        4016004 kB
MemFree:         3225144 kB
Active:           433752 kB
Mem:          3.8G       772M       3.1G       5.7M        55M       320M

MemTotal:        4016004 kB
MemFree:         3225268 kB
Active:           433724 kB
Mem:          3.8G       772M       3.1G       5.7M        55M       320M

MemTotal:        4016004 kB
MemFree:         3224836 kB
Active:           433772 kB
Mem:          3.8G       772M       3.1G       5.7M        55M       320M

MemTotal:        4016004 kB
MemFree:         3225208 kB
Active:           433764 kB
Mem:          3.8G       772M       3.1G       5.7M        55M       320M

MemTotal:        4016004 kB
MemFree:         3225704 kB
Active:           433748 kB
Mem:          3.8G       771M       3.1G       5.7M        55M       320M

MemTotal:        4016004 kB
MemFree:         3225704 kB
Active:           433736 kB
Mem:          3.8G       771M       3.1G       5.7M        55M       320M

MemTotal:        4016004 kB
MemFree:         3225704 kB
Active:           433720 kB
Mem:          3.8G       772M       3.1G       5.7M        55M       320M

MemTotal:        4016004 kB
MemFree:         3225580 kB
Active:           433740 kB
Mem:          3.8G       772M       3.1G       5.7M        55M       320M

MemTotal:        4016004 kB
MemFree:         3225580 kB
Active:           433724 kB
Mem:          3.8G       772M       3.1G       5.7M        55M       320M

MemTotal:        4016004 kB
MemFree:         3224524 kB
Active:           431736 kB
Mem:          3.8G       772M       3.1G       5.7M        55M       320M

MemTotal:        4016004 kB
MemFree:         3225020 kB
Active:           433768 kB
Mem:          3.8G       772M       3.1G       5.7M        55M       320M

MemTotal:        4016004 kB
MemFree:         3225128 kB
Active:           433760 kB
Mem:          3.8G       772M       3.1G       5.7M        55M       320M

MemTotal:        4016004 kB
MemFree:         3225608 kB
Active:           433740 kB
Mem:          3.8G       772M       3.1G       5.7M        55M       320M

MemTotal:        4016004 kB
MemFree:         3225360 kB
Active:           433732 kB
Mem:          3.8G       772M       3.1G       5.7M        55M       320M

MemTotal:        4016004 kB
MemFree:         3225344 kB
Active:           433772 kB
Mem:          3.8G       772M       3.1G       5.7M        55M       320M

MemTotal:        4016004 kB
MemFree:         3224972 kB
Active:           433788 kB
Mem:          3.8G       772M       3.1G       5.7M        55M       320M

MemTotal:        4016004 kB
MemFree:         3225344 kB
Active:           433792 kB
Mem:          3.8G       772M       3.1G       5.7M        55M       320M

MemTotal:        4016004 kB
MemFree:         3225468 kB
Active:           433784 kB
Mem:          3.8G       772M       3.1G       5.7M        55M       320M

MemTotal:        4016004 kB
MemFree:         3225452 kB
Active:           433780 kB
Mem:          3.8G       771M       3.1G       5.7M        55M       320M

MemTotal:        4016004 kB
MemFree:         3225500 kB
Active:           433760 kB
Mem:          3.8G       772M       3.1G       5.7M        55M       320M

MemTotal:        4016004 kB
MemFree:         3224880 kB
Active:           433804 kB
Mem:          3.8G       772M       3.1G       5.7M        55M       320M

MemTotal:        4016004 kB
MemFree:         3225004 kB
Active:           433796 kB
Mem:          3.8G       772M       3.1G       5.7M        55M       320M

MemTotal:        4016004 kB
MemFree:         3225252 kB
Active:           433784 kB
Mem:          3.8G       771M       3.1G       5.7M        55M       320M

MemTotal:        4016004 kB
MemFree:         3225500 kB
Active:           433780 kB
Mem:          3.8G       772M       3.1G       5.7M        55M       320M

MemTotal:        4016004 kB
MemFree:         3225376 kB
Active:           433812 kB
Mem:          3.8G       772M       3.1G       5.7M        55M       320M

MemTotal:        4016004 kB
MemFree:         3225484 kB
Active:           433812 kB
Mem:          3.8G       772M       3.1G       5.7M        55M       320M

MemTotal:        4016004 kB
MemFree:         3225360 kB
Active:           433804 kB
Mem:          3.8G       772M       3.1G       5.7M        55M       320M

MemTotal:        4016004 kB
MemFree:         3225096 kB
Active:           433776 kB
Mem:          3.8G       772M       3.1G       5.7M        55M       320M

MemTotal:        4016004 kB
MemFree:         3225220 kB
Active:           433756 kB
Mem:          3.8G       772M       3.1G       5.7M        55M       320M

MemTotal:        4016004 kB
MemFree:         3222924 kB
Active:           433788 kB
Mem:          3.8G       774M       3.1G       5.7M        55M       320M

MemTotal:        4016004 kB
MemFree:         3223140 kB
Active:           435816 kB
Mem:          3.8G       774M       3.1G       5.7M        55M       320M

MemTotal:        4016004 kB
MemFree:         3223016 kB
Active:           435792 kB
Mem:          3.8G       774M       3.1G       5.7M        55M       320M

MemTotal:        4016004 kB
MemFree:         3223140 kB
Active:           435824 kB
Mem:          3.8G       774M       3.1G       5.7M        55M       320M

MemTotal:        4016004 kB
MemFree:         3222728 kB
Active:           436144 kB
Mem:          3.8G       774M       3.1G       5.7M        55M       320M

MemTotal:        4016004 kB
MemFree:         3118420 kB
Active:           437160 kB
Mem:          3.8G       877M       3.0G       5.7M        55M       420M

MemTotal:        4016004 kB
MemFree:         3014392 kB
Active:           437240 kB
Mem:          3.8G       979M       2.9G       5.7M        55M       521M

MemTotal:        4016004 kB
MemFree:         2897188 kB
Active:           437244 kB
Mem:          3.8G       1.1G       2.8G       5.7M        55M       636M

MemTotal:        4016004 kB
MemFree:         2784340 kB
Active:           437236 kB
Mem:          3.8G       1.2G       2.7G       5.7M        55M       743M

MemTotal:        4016004 kB
MemFree:         2654844 kB
Active:           437232 kB
Mem:          3.8G       1.3G       2.5G       5.7M        55M       867M

MemTotal:        4016004 kB
MemFree:         2552196 kB
Active:           437240 kB
Mem:          3.8G       1.4G       2.4G       5.7M        55M       964M

MemTotal:        4016004 kB
MemFree:         2545348 kB
Active:           437268 kB
Mem:          3.8G       1.4G       2.4G       5.7M        55M       971M

MemTotal:        4016004 kB
MemFree:         2542028 kB
Active:           437316 kB
Mem:          3.8G       1.4G       2.4G       5.7M        55M       974M

MemTotal:        4016004 kB
MemFree:         2539844 kB
Active:           437332 kB
Mem:          3.8G       1.4G       2.4G       5.7M        55M       975M

MemTotal:        4016004 kB
MemFree:         2536188 kB
Active:           437332 kB
Mem:          3.8G       1.4G       2.4G       5.7M        55M       979M

MemTotal:        4016004 kB
MemFree:         2526568 kB
Active:           437336 kB
Mem:          3.8G       1.4G       2.4G       5.7M        55M       991M

MemTotal:        4016004 kB
MemFree:         2435060 kB
Active:           437320 kB
Mem:          3.8G       1.5G       2.3G       5.7M        55M       1.1G

MemTotal:        4016004 kB
MemFree:         2433292 kB
Active:           437388 kB
Mem:          3.8G       1.5G       2.3G       5.7M        55M       1.1G

MemTotal:        4016004 kB
MemFree:         2428908 kB
Active:           437364 kB
Mem:          3.8G       1.5G       2.3G       5.7M        55M       1.1G

MemTotal:        4016004 kB
MemFree:         2424316 kB
Active:           437344 kB
Mem:          3.8G       1.5G       2.3G       5.7M        55M       1.1G

MemTotal:        4016004 kB
MemFree:         2418532 kB
Active:           437340 kB
Mem:          3.8G       1.5G       2.3G       5.7M        55M       1.1G

MemTotal:        4016004 kB
MemFree:         2418436 kB
Active:           439412 kB
Mem:          3.8G       1.5G       2.3G       5.7M        55M       1.1G

MemTotal:        4016004 kB
MemFree:         2333572 kB
Active:           439376 kB
Mem:          3.8G       1.6G       2.2G       5.7M        55M       1.1G

MemTotal:        4016004 kB
MemFree:         2206060 kB
Active:           439400 kB
Mem:          3.8G       1.7G       2.1G       5.7M        55M       1.3G

MemTotal:        4016004 kB
MemFree:         2077432 kB
Active:           439420 kB
Mem:          3.8G       1.9G       2.0G       5.7M        55M       1.4G

MemTotal:        4016004 kB
MemFree:         2008184 kB
Active:           439408 kB
Mem:          3.8G       1.9G       1.9G       5.7M        55M       1.5G

MemTotal:        4016004 kB
MemFree:         1998480 kB
Active:           439440 kB
Mem:          3.8G       1.9G       1.9G       5.7M        55M       1.5G

MemTotal:        4016004 kB
MemFree:         1976092 kB
Active:           439468 kB
Mem:          3.8G       1.9G       1.9G       5.7M        55M       1.5G

MemTotal:        4016004 kB
MemFree:         1970052 kB
Active:           439472 kB
Mem:          3.8G       2.0G       1.9G       5.7M        55M       1.5G

MemTotal:        4016004 kB
MemFree:         1879808 kB
Active:           439428 kB
Mem:          3.8G       2.0G       1.8G       5.7M        55M       1.6G

MemTotal:        4016004 kB
MemFree:         1814764 kB
Active:           439484 kB
Mem:          3.8G       2.1G       1.7G       5.7M        55M       1.6G

MemTotal:        4016004 kB
MemFree:         1813772 kB
Active:           439472 kB
Mem:          3.8G       2.1G       1.7G       5.7M        55M       1.6G

MemTotal:        4016004 kB
MemFree:         1813776 kB
Active:           439500 kB
Mem:          3.8G       2.1G       1.7G       5.7M        55M       1.6G

MemTotal:        4016004 kB
MemFree:         1788768 kB
Active:           439464 kB
Mem:          3.8G       2.1G       1.7G       5.7M        55M       1.7G

MemTotal:        4016004 kB
MemFree:         1661860 kB
Active:           439452 kB
Mem:          3.8G       2.2G       1.6G       5.7M        55M       1.8G

MemTotal:        4016004 kB
MemFree:         1538936 kB
Active:           439468 kB
Mem:          3.8G       2.4G       1.5G       5.7M        55M       1.9G

MemTotal:        4016004 kB
MemFree:         1422476 kB
Active:           439512 kB
Mem:          3.8G       2.5G       1.4G       5.7M        55M       2.0G

MemTotal:        4016004 kB
MemFree:         1416424 kB
Active:           439504 kB
Mem:          3.8G       2.5G       1.4G       5.7M        55M       2.0G

MemTotal:        4016004 kB
MemFree:         1411604 kB
Active:           439528 kB
Mem:          3.8G       2.5G       1.3G       5.7M        55M       2.0G

MemTotal:        4016004 kB
MemFree:         1391360 kB
Active:           439496 kB
Mem:          3.8G       2.5G       1.3G       5.7M        55M       2.0G

MemTotal:        4016004 kB
MemFree:         1388428 kB
Active:           439516 kB
Mem:          3.8G       2.5G       1.3G       5.7M        55M       2.0G

MemTotal:        4016004 kB
MemFree:         1319220 kB
Active:           439524 kB
Mem:          3.8G       2.6G       1.3G       5.7M        55M       2.1G

MemTotal:        4016004 kB
MemFree:         1240696 kB
Active:           439560 kB
Mem:          3.8G       2.6G       1.2G       5.7M        55M       2.2G

MemTotal:        4016004 kB
MemFree:         1238772 kB
Active:           439568 kB
Mem:          3.8G       2.6G       1.2G       5.7M        55M       2.2G

MemTotal:        4016004 kB
MemFree:         1235812 kB
Active:           439568 kB
Mem:          3.8G       2.7G       1.2G       5.7M        55M       2.2G

MemTotal:        4016004 kB
MemFree:         1233224 kB
Active:           439588 kB
Mem:          3.8G       2.7G       1.2G       5.7M        55M       2.2G

MemTotal:        4016004 kB
MemFree:         1228096 kB
Active:           439588 kB
Mem:          3.8G       2.7G       1.2G       5.7M        55M       2.2G

MemTotal:        4016004 kB
MemFree:         1160984 kB
Active:           439560 kB
Mem:          3.8G       2.7G       1.1G       5.7M        55M       2.2G

MemTotal:        4016004 kB
MemFree:         1036340 kB
Active:           439596 kB
Mem:          3.8G       2.8G       1.0G       5.7M        55M       2.4G

MemTotal:        4016004 kB
MemFree:          904348 kB
Active:           439600 kB
Mem:          3.8G       3.0G       881M       5.7M        55M       2.5G

MemTotal:        4016004 kB
MemFree:          777472 kB
Active:           439588 kB
Mem:          3.8G       3.1G       755M       5.7M        55M       2.6G

MemTotal:        4016004 kB
MemFree:          647324 kB
Active:           439560 kB
Mem:          3.8G       3.2G       630M       5.7M        55M       2.7G

MemTotal:        4016004 kB
MemFree:          621164 kB
Active:           439604 kB
Mem:          3.8G       3.2G       606M       5.7M        55M       2.8G

MemTotal:        4016004 kB
MemFree:          618004 kB
Active:           439608 kB
Mem:          3.8G       3.2G       603M       5.7M        55M       2.8G

MemTotal:        4016004 kB
MemFree:          614856 kB
Active:           439636 kB
Mem:          3.8G       3.2G       600M       5.7M        55M       2.8G

MemTotal:        4016004 kB
MemFree:          610920 kB
Active:           439804 kB
Mem:          3.8G       3.2G       596M       5.7M        55M       2.8G

MemTotal:        4016004 kB
MemFree:          578896 kB
Active:           439676 kB
Mem:          3.8G       3.3G       565M       5.7M        55M       2.8G

MemTotal:        4016004 kB
MemFree:          578896 kB
Active:           439676 kB
Mem:          3.8G       3.3G       565M       5.7M        55M       2.8G

MemTotal:        4016004 kB
MemFree:          578780 kB
Active:           439816 kB
Mem:          3.8G       3.3G       565M       5.7M        55M       2.8G

MemTotal:        4016004 kB
MemFree:          571416 kB
Active:           439812 kB
Mem:          3.8G       3.3G       556M       5.7M        55M       2.8G

MemTotal:        4016004 kB
MemFree:          530400 kB
Active:           441772 kB
Mem:          3.8G       3.3G       515M       5.7M        55M       2.8G

MemTotal:        4016004 kB
MemFree:          408252 kB
Active:           441732 kB
Mem:          3.8G       3.4G       394M       5.7M        55M       3.0G

MemTotal:        4016004 kB
MemFree:          274880 kB
Active:           441848 kB
Mem:          3.8G       3.6G       265M       5.7M        55M       3.1G

MemTotal:        4016004 kB
MemFree:          238172 kB
Active:           441740 kB
Mem:          3.8G       3.6G       232M       5.7M        55M       3.1G

MemTotal:        4016004 kB
MemFree:          208848 kB
Active:           441772 kB
Mem:          3.8G       3.6G       203M       5.7M        55M       3.1G

MemTotal:        4016004 kB
MemFree:          160156 kB
Active:           441776 kB
Mem:          3.8G       3.7G       156M       5.7M        55M       3.2G

MemTotal:        4016004 kB
MemFree:          104956 kB
Active:           441756 kB
Mem:          3.8G       3.7G       102M       5.7M        55M       3.2G

MemTotal:        4016004 kB
MemFree:          170400 kB
Active:           505144 kB
Mem:          3.8G       3.7G       166M       5.7M        20M       3.2G

MemTotal:        4016004 kB
MemFree:          167484 kB
Active:           505288 kB
Mem:          3.8G       3.7G       163M       5.7M        20M       3.2G

MemTotal:        4016004 kB
MemFree:          164116 kB
Active:           505324 kB
Mem:          3.8G       3.7G       159M       5.7M        20M       3.2G

MemTotal:        4016004 kB
MemFree:          155176 kB
Active:           505344 kB
Mem:          3.8G       3.7G       151M       5.7M        20M       3.2G

MemTotal:        4016004 kB
MemFree:          129140 kB
Active:           499248 kB
Mem:          3.8G       3.7G       124M       5.7M        20M       3.2G

MemTotal:        4016004 kB
MemFree:          130832 kB
Active:           485864 kB
Mem:          3.8G       3.7G       138M       5.7M        20M       3.2G

MemTotal:        4016004 kB
MemFree:          130464 kB
Active:           474444 kB
Mem:          3.8G       3.7G       124M       5.7M        20M       3.2G

MemTotal:        4016004 kB
MemFree:          126192 kB
Active:           459208 kB
Mem:          3.8G       3.7G       120M       5.7M        20M       3.3G

MemTotal:        4016004 kB
MemFree:          126848 kB
Active:           446960 kB
Mem:          3.8G       3.7G       121M       5.7M        20M       3.3G

MemTotal:        4016004 kB
MemFree:          136604 kB
Active:           441456 kB
Mem:          3.8G       3.7G       133M       5.7M        20M       3.2G

MemTotal:        4016004 kB
MemFree:          133864 kB
Active:           439300 kB
Mem:          3.8G       3.7G       130M       5.7M        20M       3.2G

MemTotal:        4016004 kB
MemFree:          132232 kB
Active:           441340 kB
Mem:          3.8G       3.7G       128M       5.7M        20M       3.2G

MemTotal:        4016004 kB
MemFree:          130028 kB
Active:           441340 kB
Mem:          3.8G       3.7G       126M       5.7M        20M       3.2G

MemTotal:        4016004 kB
MemFree:          123540 kB
Active:           441368 kB
Mem:          3.8G       3.7G       119M       5.7M        20M       3.3G

MemTotal:        4016004 kB
MemFree:          130000 kB
Active:           440256 kB
Mem:          3.8G       3.7G       126M       5.7M        20M       3.2G

MemTotal:        4016004 kB
MemFree:          126780 kB
Active:           439936 kB
Mem:          3.8G       3.7G       123M       5.7M        20M       3.2G

MemTotal:        4016004 kB
MemFree:          124472 kB
Active:           439968 kB
Mem:          3.8G       3.7G       121M       5.7M        20M       3.3G

MemTotal:        4016004 kB
MemFree:          122008 kB
Active:           439960 kB
Mem:          3.8G       3.7G       118M       5.7M        20M       3.3G

MemTotal:        4016004 kB
MemFree:          127088 kB
Active:           437556 kB
Mem:          3.8G       3.7G       120M       5.7M        20M       3.3G

MemTotal:        4016004 kB
MemFree:          131052 kB
Active:           428188 kB
Mem:          3.8G       3.7G       150M       5.7M        20M       3.2G

MemTotal:        4016004 kB
MemFree:          154148 kB
Active:           429424 kB
Mem:          3.8G       3.7G       150M       5.7M        20M       3.2G

MemTotal:        4016004 kB
MemFree:          132424 kB
Active:           425804 kB
Mem:          3.8G       3.7G       129M       5.7M        20M       3.2G

MemTotal:        4016004 kB
MemFree:          127724 kB
Active:           425048 kB
Mem:          3.8G       3.7G       124M       5.7M        20M       3.2G

MemTotal:        4016004 kB
MemFree:          138712 kB
Active:           420980 kB
Mem:          3.8G       3.7G       134M       5.7M        20M       3.2G

MemTotal:        4016004 kB
MemFree:          137552 kB
Active:           421036 kB
Mem:          3.8G       3.7G       134M       5.7M        20M       3.2G

MemTotal:        4016004 kB
MemFree:          136032 kB
Active:           421056 kB
Mem:          3.8G       3.7G       132M       5.7M        20M       3.2G

MemTotal:        4016004 kB
MemFree:          135600 kB
Active:           421052 kB
Mem:          3.8G       3.7G       132M       5.7M        20M       3.2G

MemTotal:        4016004 kB
MemFree:          135268 kB
Active:           421068 kB
Mem:          3.8G       3.7G       132M       5.7M        20M       3.2G

MemTotal:        4016004 kB
MemFree:          125392 kB
Active:           418780 kB
Mem:          3.8G       3.7G       120M       5.7M        20M       3.3G

MemTotal:        4016004 kB
MemFree:          138232 kB
Active:           415124 kB
Mem:          3.8G       3.7G       132M       5.7M        20M       3.2G

MemTotal:        4016004 kB
MemFree:          138688 kB
Active:           411668 kB
Mem:          3.8G       3.7G       135M       5.7M        20M       3.2G

MemTotal:        4016004 kB
MemFree:          121880 kB
Active:           411556 kB
Mem:          3.8G       3.7G       118M       5.7M        20M       3.3G

MemTotal:        4016004 kB
MemFree:          117864 kB
Active:           409632 kB
Mem:          3.8G       3.7G       136M       5.7M        20M       3.2G

MemTotal:        4016004 kB
MemFree:          127344 kB
Active:           408416 kB
Mem:          3.8G       3.7G       124M       5.7M        20M       3.2G

MemTotal:        4016004 kB
MemFree:          118340 kB
Active:           407824 kB
Mem:          3.8G       3.7G       118M       5.7M        20M       3.2G

MemTotal:        4016004 kB
MemFree:          131792 kB
Active:           406980 kB
Mem:          3.8G       3.7G       128M       5.7M        20M       3.2G

MemTotal:        4016004 kB
MemFree:          128944 kB
Active:           406884 kB
Mem:          3.8G       3.7G       125M       5.7M        20M       3.2G

MemTotal:        4016004 kB
MemFree:          126448 kB
Active:           406924 kB
Mem:          3.8G       3.7G       123M       5.7M        20M       3.2G

MemTotal:        4016004 kB
MemFree:          125028 kB
Active:           406948 kB
Mem:          3.8G       3.7G       121M       5.7M        20M       3.2G

MemTotal:        4016004 kB
MemFree:          124888 kB
Active:           406032 kB
Mem:          3.8G       3.7G       121M       5.7M        20M       3.2G

MemTotal:        4016004 kB
MemFree:          131996 kB
Active:           402544 kB
Mem:          3.8G       3.7G       127M       5.7M        20M       3.2G

MemTotal:        4016004 kB
MemFree:          134592 kB
Active:           399196 kB
Mem:          3.8G       3.7G       129M       5.7M        20M       3.2G

MemTotal:        4016004 kB
MemFree:          140004 kB
Active:           396196 kB
Mem:          3.8G       3.7G       136M       5.7M        20M       3.2G

MemTotal:        4016004 kB
MemFree:          126880 kB
Active:           395420 kB
Mem:          3.8G       3.7G       123M       5.7M        20M       3.2G

MemTotal:        4016004 kB
MemFree:          137744 kB
Active:           393752 kB
Mem:          3.8G       3.7G       134M       5.7M        20M       3.2G

MemTotal:        4016004 kB
MemFree:          113148 kB
Active:           393648 kB
Mem:          3.8G       3.7G       108M       5.7M        20M       3.3G

MemTotal:        4016004 kB
MemFree:          142480 kB
Active:           390868 kB
Mem:          3.8G       3.7G       138M       5.7M        20M       3.2G

MemTotal:        4016004 kB
MemFree:          125788 kB
Active:           390368 kB
Mem:          3.8G       3.7G       121M       5.7M        20M       3.2G

MemTotal:        4016004 kB
MemFree:          132516 kB
Active:           388536 kB
Mem:          3.8G       3.7G       129M       5.7M        20M       3.2G

MemTotal:        4016004 kB
MemFree:          130712 kB
Active:           388568 kB
Mem:          3.8G       3.7G       127M       5.7M        20M       3.2G

MemTotal:        4016004 kB
MemFree:          130436 kB
Active:           388540 kB
Mem:          3.8G       3.7G       127M       5.7M        20M       3.2G

MemTotal:        4016004 kB
MemFree:          130532 kB
Active:           388576 kB
Mem:          3.8G       3.7G       127M       5.7M        20M       3.2G

MemTotal:        4016004 kB
MemFree:          120700 kB
Active:           388588 kB
Mem:          3.8G       3.7G       115M       5.7M        20M       3.3G

MemTotal:        4016004 kB
MemFree:          127092 kB
Active:           384460 kB
Mem:          3.8G       3.7G       122M       5.7M        20M       3.2G

MemTotal:        4016004 kB
MemFree:          133624 kB
Active:           380120 kB
Mem:          3.8G       3.7G       133M       5.7M        20M       3.2G

MemTotal:        4016004 kB
MemFree:          131400 kB
Active:           377544 kB
Mem:          3.8G       3.7G       127M       5.7M        20M       3.2G

MemTotal:        4016004 kB
MemFree:          115996 kB
Active:           377528 kB
Mem:          3.8G       3.7G       110M       5.7M        20M       3.3G

MemTotal:        4016004 kB
MemFree:          128264 kB
Active:           376932 kB
Mem:          3.8G       3.7G       123M       5.7M        20M       3.2G

MemTotal:        4016004 kB
MemFree:          118668 kB
Active:           374404 kB
Mem:          3.8G       3.7G       115M       5.7M        20M       3.3G

MemTotal:        4016004 kB
MemFree:          126916 kB
Active:           375892 kB
Mem:          3.8G       3.7G       123M       5.7M        20M       3.2G

MemTotal:        4016004 kB
MemFree:          132764 kB
Active:           373944 kB
Mem:          3.8G       3.7G       127M       5.7M        20M       3.2G

MemTotal:        4016004 kB
MemFree:          129012 kB
Active:           373584 kB
Mem:          3.8G       3.7G       125M       5.7M        20M       3.2G

MemTotal:        4016004 kB
MemFree:          126808 kB
Active:           373608 kB
Mem:          3.8G       3.7G       123M       5.7M        20M       3.2G

MemTotal:        4016004 kB
MemFree:          124408 kB
Active:           373608 kB
Mem:          3.8G       3.7G       121M       5.7M        20M       3.2G

MemTotal:        4016004 kB
MemFree:          111072 kB
Active:           373608 kB
Mem:          3.8G       3.7G       105M       5.7M        20M       3.3G

MemTotal:        4016004 kB
MemFree:          118172 kB
Active:           373608 kB
Mem:          3.8G       3.7G       112M       5.7M        20M       3.3G

MemTotal:        4016004 kB
MemFree:          137448 kB
Active:           373616 kB
Mem:          3.8G       3.7G       131M       5.7M        20M       3.2G

MemTotal:        4016004 kB
MemFree:          141656 kB
Active:           373620 kB
Mem:          3.8G       3.7G       138M       5.7M        20M       3.2G

MemTotal:        4016004 kB
MemFree:          111128 kB
Active:           371332 kB
Mem:          3.8G       3.7G       106M       5.7M        20M       3.3G

MemTotal:        4016004 kB
MemFree:          127768 kB
Active:           372740 kB
Mem:          3.8G       3.7G       121M       5.7M        20M       3.2G

MemTotal:        4016004 kB
MemFree:          134260 kB
Active:           372732 kB
Mem:          3.8G       3.7G       131M       5.7M        20M       3.2G

MemTotal:        4016004 kB
MemFree:          132168 kB
Active:           372748 kB
Mem:          3.8G       3.7G       129M       5.7M        20M       3.2G

MemTotal:        4016004 kB
MemFree:          130064 kB
Active:           372756 kB
Mem:          3.8G       3.7G       127M       5.7M        20M       3.2G

MemTotal:        4016004 kB
MemFree:          127692 kB
Active:           372736 kB
Mem:          3.8G       3.7G       124M       5.7M        20M       3.2G

MemTotal:        4016004 kB
MemFree:          130208 kB
Active:           372672 kB
Mem:          3.8G       3.7G       127M       5.7M        20M       3.2G

MemTotal:        4016004 kB
MemFree:          130396 kB
Active:           372644 kB
Mem:          3.8G       3.7G       126M       5.7M        20M       3.2G

MemTotal:        4016004 kB
MemFree:          129780 kB
Active:           372668 kB
Mem:          3.8G       3.7G       126M       5.7M        20M       3.2G

MemTotal:        4016004 kB
MemFree:          129508 kB
Active:           372644 kB
Mem:          3.8G       3.7G       126M       5.7M        20M       3.2G

MemTotal:        4016004 kB
MemFree:          147420 kB
Active:           370080 kB
Mem:          3.8G       3.7G       142M       5.7M        20M       3.2G

MemTotal:        4016004 kB
MemFree:          128724 kB
Active:           371700 kB
Mem:          3.8G       3.7G       135M       5.7M        20M       3.2G

MemTotal:        4016004 kB
MemFree:          130508 kB
Active:           371676 kB
Mem:          3.8G       3.7G       136M       5.7M        20M       3.2G

MemTotal:        4016004 kB
MemFree:          107388 kB
Active:           371684 kB
Mem:          3.8G       3.7G       107M       5.7M        20M       3.3G

MemTotal:        4016004 kB
MemFree:          110744 kB
Active:           371696 kB
Mem:          3.8G       3.7G       108M       5.7M        20M       3.3G

MemTotal:        4016004 kB
MemFree:          130344 kB
Active:           368616 kB
Mem:          3.8G       3.7G       127M       5.7M        20M       3.2G

MemTotal:        4016004 kB
MemFree:          127188 kB
Active:           368484 kB
Mem:          3.8G       3.7G       122M       5.7M        20M       3.2G

MemTotal:        4016004 kB
MemFree:          129076 kB
Active:           368472 kB
Mem:          3.8G       3.7G       126M       5.7M        20M       3.2G

MemTotal:        4016004 kB
MemFree:          137868 kB
Active:           368244 kB
Mem:          3.8G       3.7G       134M       5.7M        20M       3.2G

MemTotal:        4016004 kB
MemFree:          138056 kB
Active:           368080 kB
Mem:          3.8G       3.7G       134M       5.7M        20M       3.2G

MemTotal:        4016004 kB
MemFree:          135628 kB
Active:           368048 kB
Mem:          3.8G       3.7G       132M       5.7M        20M       3.2G

MemTotal:        4016004 kB
MemFree:          134748 kB
Active:           368056 kB
Mem:          3.8G       3.7G       131M       5.7M        20M       3.2G

MemTotal:        4016004 kB
MemFree:          133980 kB
Active:           368060 kB
Mem:          3.8G       3.7G       130M       5.7M        20M       3.2G

MemTotal:        4016004 kB
MemFree:          126800 kB
Active:           368068 kB
Mem:          3.8G       3.7G       121M       5.7M        20M       3.2G

MemTotal:        4016004 kB
MemFree:          137128 kB
Active:           367948 kB
Mem:          3.8G       3.7G       132M       5.7M        20M       3.2G

MemTotal:        4016004 kB
MemFree:          136952 kB
Active:           367988 kB
Mem:          3.8G       3.7G       133M       5.7M        20M       3.2G

MemTotal:        4016004 kB
MemFree:          121416 kB
Active:           367976 kB
Mem:          3.8G       3.7G       117M       5.7M        20M       3.2G

MemTotal:        4016004 kB
MemFree:          142772 kB
Active:           367960 kB
Mem:          3.8G       3.7G       138M       5.7M        20M       3.2G

MemTotal:        4016004 kB
MemFree:          106904 kB
Active:           368000 kB
Mem:          3.8G       3.7G       127M       5.7M        20M       3.2G

MemTotal:        4016004 kB
MemFree:          141464 kB
Active:           365268 kB
Mem:          3.8G       3.7G       137M       5.7M        20M       3.2G

MemTotal:        4016004 kB
MemFree:          127912 kB
Active:           365252 kB
Mem:          3.8G       3.7G       124M       5.7M        20M       3.2G

MemTotal:        4016004 kB
MemFree:          126088 kB
Active:           365288 kB
Mem:          3.8G       3.7G       123M       5.7M        20M       3.2G

MemTotal:        4016004 kB
MemFree:          124544 kB
Active:           365260 kB
Mem:          3.8G       3.7G       121M       5.7M        20M       3.2G

MemTotal:        4016004 kB
MemFree:          124608 kB
Active:           365276 kB
Mem:          3.8G       3.7G       121M       5.7M        20M       3.2G

MemTotal:        4016004 kB
MemFree:          116324 kB
Active:           365292 kB
Mem:          3.8G       3.7G       111M       5.7M        20M       3.3G

MemTotal:        4016004 kB
MemFree:          122756 kB
Active:           365300 kB
Mem:          3.8G       3.7G       118M       5.7M        20M       3.2G

MemTotal:        4016004 kB
MemFree:          137888 kB
Active:           364732 kB
Mem:          3.8G       3.7G       143M       5.7M        20M       3.2G

MemTotal:        4016004 kB
MemFree:          139932 kB
Active:           364560 kB
Mem:          3.8G       3.7G       136M       5.7M        20M       3.2G

MemTotal:        4016004 kB
MemFree:          131876 kB
Active:           364536 kB
Mem:          3.8G       3.7G       126M       5.7M        20M       3.2G

MemTotal:        4016004 kB
MemFree:          143636 kB
Active:           364572 kB
Mem:          3.8G       3.7G       138M       5.7M        20M       3.2G

MemTotal:        4016004 kB
MemFree:          130144 kB
Active:           364564 kB
Mem:          3.8G       3.7G       125M       5.7M        20M       3.2G

MemTotal:        4016004 kB
MemFree:          125600 kB
Active:           365696 kB
Mem:          3.8G       3.7G       120M       5.7M        20M       3.2G

MemTotal:        4016004 kB
MemFree:          131320 kB
Active:           365620 kB
Mem:          3.8G       3.7G       128M       5.7M        20M       3.2G

MemTotal:        4016004 kB
MemFree:          130944 kB
Active:           365628 kB
Mem:          3.8G       3.7G       127M       5.7M        20M       3.2G

MemTotal:        4016004 kB
MemFree:          131412 kB
Active:           365628 kB
Mem:          3.8G       3.7G       128M       5.7M        20M       3.2G

MemTotal:        4016004 kB
MemFree:          131604 kB
Active:           365616 kB
Mem:          3.8G       3.7G       128M       5.7M        20M       3.2G

MemTotal:        4016004 kB
MemFree:          117244 kB
Active:           358684 kB
Mem:          3.8G       3.7G       112M       5.7M        20M       3.3G

MemTotal:        4016004 kB
MemFree:          122832 kB
Active:           358540 kB
Mem:          3.8G       3.7G       118M       5.7M        20M       3.2G

MemTotal:        4016004 kB
MemFree:          131580 kB
Active:           358524 kB
Mem:          3.8G       3.7G       137M       5.7M        20M       3.2G

MemTotal:        4016004 kB
MemFree:          130540 kB
Active:           358552 kB
Mem:          3.8G       3.7G       125M       5.7M        21M       3.2G

MemTotal:        4016004 kB
MemFree:          142336 kB
Active:           355356 kB
Mem:          3.8G       3.7G       136M       5.7M        21M       3.2G

MemTotal:        4016004 kB
MemFree:          159268 kB
Active:           356216 kB
Mem:          3.8G       3.7G       155M       5.7M        21M       3.2G

MemTotal:        4016004 kB
MemFree:          141656 kB
Active:           356216 kB
Mem:          3.8G       3.7G       138M       5.7M        21M       3.2G

MemTotal:        4016004 kB
MemFree:          108016 kB
Active:           356216 kB
Mem:          3.8G       3.7G       104M       5.7M        21M       3.3G

MemTotal:        4016004 kB
MemFree:          106900 kB
Active:           356240 kB
Mem:          3.8G       3.7G       104M       5.7M        21M       3.3G

MemTotal:        4016004 kB
MemFree:          106712 kB
Active:           356248 kB
Mem:          3.8G       3.7G       104M       5.7M        21M       3.3G

MemTotal:        4016004 kB
MemFree:          105848 kB
Active:           356208 kB
Mem:          3.8G       3.7G       103M       5.7M        21M       3.3G

MemTotal:        4016004 kB
MemFree:          104736 kB
Active:           356220 kB
Mem:          3.8G       3.7G       144M       5.7M        21M       3.2G

MemTotal:        4016004 kB
MemFree:          131796 kB
Active:           356232 kB
Mem:          3.8G       3.7G       127M       5.7M        21M       3.2G

MemTotal:        4016004 kB
MemFree:          121976 kB
Active:           356144 kB
Mem:          3.8G       3.7G       115M       5.7M        21M       3.2G

MemTotal:        4016004 kB
MemFree:          132656 kB
Active:           353424 kB
Mem:          3.8G       3.7G       129M       5.7M        21M       3.2G

MemTotal:        4016004 kB
MemFree:          139720 kB
Active:           353744 kB
Mem:          3.8G       3.7G       136M       5.7M        21M       3.2G

MemTotal:        4016004 kB
MemFree:          127380 kB
Active:           353756 kB
Mem:          3.8G       3.7G       124M       5.7M        21M       3.2G

MemTotal:        4016004 kB
MemFree:          137728 kB
Active:           353756 kB
Mem:          3.8G       3.7G       134M       5.7M        21M       3.2G

MemTotal:        4016004 kB
MemFree:          126644 kB
Active:           353712 kB
Mem:          3.8G       3.7G       123M       5.7M        21M       3.2G

MemTotal:        4016004 kB
MemFree:          138196 kB
Active:           353768 kB
Mem:          3.8G       3.7G       134M       5.7M        21M       3.2G

MemTotal:        4016004 kB
MemFree:          137100 kB
Active:           353740 kB
Mem:          3.8G       3.7G       133M       5.7M        21M       3.2G

MemTotal:        4016004 kB
MemFree:          135988 kB
Active:           353756 kB
Mem:          3.8G       3.7G       132M       5.7M        21M       3.2G

MemTotal:        4016004 kB
MemFree:          134936 kB
Active:           353792 kB
Mem:          3.8G       3.7G       131M       5.7M        21M       3.2G

MemTotal:        4016004 kB
MemFree:          133668 kB
Active:           353792 kB
Mem:          3.8G       3.7G       130M       5.7M        21M       3.2G

MemTotal:        4016004 kB
MemFree:          134432 kB
Active:           353796 kB
Mem:          3.8G       3.7G       128M       5.7M        21M       3.2G

MemTotal:        4016004 kB
MemFree:          119224 kB
Active:           351008 kB
Mem:          3.8G       3.7G       119M       5.7M        21M       3.2G

MemTotal:        4016004 kB
MemFree:          138172 kB
Active:           350624 kB
Mem:          3.8G       3.7G       132M       5.7M        21M       3.2G

MemTotal:        4016004 kB
MemFree:          120948 kB
Active:           350684 kB
Mem:          3.8G       3.7G       115M       5.7M        21M       3.2G

MemTotal:        4016004 kB
MemFree:          140300 kB
Active:           350676 kB
Mem:          3.8G       3.7G       137M       5.7M        21M       3.2G

MemTotal:        4016004 kB
MemFree:          125420 kB
Active:           350676 kB
Mem:          3.8G       3.7G       119M       5.7M        21M       3.2G

MemTotal:        4016004 kB
MemFree:          144820 kB
Active:           350664 kB
Mem:          3.8G       3.7G       141M       5.7M        21M       3.2G

MemTotal:        4016004 kB
MemFree:          138256 kB
Active:           350668 kB
Mem:          3.8G       3.7G       134M       5.7M        21M       3.2G

MemTotal:        4016004 kB
MemFree:          137008 kB
Active:           350676 kB
Mem:          3.8G       3.7G       133M       5.7M        21M       3.2G

MemTotal:        4016004 kB
MemFree:          136044 kB
Active:           350696 kB
Mem:          3.8G       3.7G       132M       5.7M        21M       3.2G

MemTotal:        4016004 kB
MemFree:          136140 kB
Active:           350672 kB
Mem:          3.8G       3.7G       132M       5.7M        21M       3.2G

MemTotal:        4016004 kB
MemFree:          135960 kB
Active:           350700 kB
Mem:          3.8G       3.7G       132M       5.7M        21M       3.2G

MemTotal:        4016004 kB
MemFree:          137856 kB
Active:           347348 kB
Mem:          3.8G       3.7G       132M       5.7M        21M       3.2G

MemTotal:        4016004 kB
MemFree:          142964 kB
Active:           347208 kB
Mem:          3.8G       3.7G       137M       5.7M        21M       3.2G

MemTotal:        4016004 kB
MemFree:          135220 kB
Active:           347208 kB
Mem:          3.8G       3.7G       128M       5.7M        21M       3.2G

MemTotal:        4016004 kB
MemFree:          155204 kB
Active:           347212 kB
Mem:          3.8G       3.7G       151M       5.7M        21M       3.2G

MemTotal:        4016004 kB
MemFree:          137808 kB
Active:           347220 kB
Mem:          3.8G       3.7G       134M       5.7M        21M       3.2G

MemTotal:        4016004 kB
MemFree:          127128 kB
Active:           347220 kB
Mem:          3.8G       3.7G       123M       5.7M        21M       3.2G

MemTotal:        4016004 kB
MemFree:          148712 kB
Active:           347228 kB
Mem:          3.8G       3.7G       145M       5.7M        21M       3.2G

MemTotal:        4016004 kB
MemFree:          114432 kB
Active:           347184 kB
Mem:          3.8G       3.7G       111M       5.7M        21M       3.2G

MemTotal:        4016004 kB
MemFree:          110860 kB
Active:           347220 kB
Mem:          3.8G       3.7G       108M       5.7M        21M       3.2G

MemTotal:        4016004 kB
MemFree:          111356 kB
Active:           349232 kB
Mem:          3.8G       3.7G       108M       5.7M        21M       3.2G

MemTotal:        4016004 kB
MemFree:          111112 kB
Active:           349232 kB
Mem:          3.8G       3.7G       108M       5.7M        21M       3.2G

MemTotal:        4016004 kB
MemFree:          123632 kB
Active:           349240 kB
Mem:          3.8G       3.7G       119M       5.7M        21M       3.2G

MemTotal:        4016004 kB
MemFree:          136924 kB
Active:           349028 kB
Mem:          3.8G       3.7G       133M       5.7M        21M       3.2G

MemTotal:        4016004 kB
MemFree:          126716 kB
Active:           349080 kB
Mem:          3.8G       3.7G       122M       5.7M        21M       3.2G

MemTotal:        4016004 kB
MemFree:          142332 kB
Active:           349088 kB
Mem:          3.8G       3.7G       136M       5.7M        21M       3.2G

MemTotal:        4016004 kB
MemFree:          135556 kB
Active:           349084 kB
Mem:          3.8G       3.7G       129M       5.7M        21M       3.2G

MemTotal:        4016004 kB
MemFree:          138496 kB
Active:           349092 kB
Mem:          3.8G       3.7G       135M       5.7M        21M       3.2G

MemTotal:        4016004 kB
MemFree:          127940 kB
Active:           349108 kB
Mem:          3.8G       3.7G       124M       5.7M        21M       3.2G

MemTotal:        4016004 kB
MemFree:          105064 kB
Active:           348800 kB
Mem:          3.8G       3.7G       102M       5.7M        21M       3.3G

MemTotal:        4016004 kB
MemFree:          105188 kB
Active:           348796 kB
Mem:          3.8G       3.7G       102M       5.7M        21M       3.3G

MemTotal:        4016004 kB
MemFree:          105064 kB
Active:           348812 kB
Mem:          3.8G       3.7G       102M       5.7M        21M       3.3G

MemTotal:        4016004 kB
MemFree:          105064 kB
Active:           348776 kB
Mem:          3.8G       3.7G       102M       5.7M        21M       3.3G

MemTotal:        4016004 kB
MemFree:          129492 kB
Active:           348788 kB
Mem:          3.8G       3.7G       126M       5.7M        21M       3.2G

MemTotal:        4016004 kB
MemFree:          128952 kB
Active:           348812 kB
Mem:          3.8G       3.7G       125M       5.7M        21M       3.2G

MemTotal:        4016004 kB
MemFree:          129320 kB
Active:           348768 kB
Mem:          3.8G       3.7G       126M       5.7M        21M       3.2G

MemTotal:        4016004 kB
MemFree:          129140 kB
Active:           348808 kB
Mem:          3.8G       3.7G       126M       5.7M        21M       3.2G

MemTotal:        4016004 kB
MemFree:          129240 kB
Active:           348780 kB
Mem:          3.8G       3.7G       126M       5.7M        21M       3.2G

MemTotal:        4016004 kB
MemFree:          129520 kB
Active:           348792 kB
Mem:          3.8G       3.7G       126M       5.7M        21M       3.2G

MemTotal:        4016004 kB
MemFree:          127100 kB
Active:           348816 kB
Mem:          3.8G       3.7G       124M       5.7M        21M       3.2G

MemTotal:        4016004 kB
MemFree:          127596 kB
Active:           350860 kB
Mem:          3.8G       3.7G       124M       5.7M        21M       3.2G

MemTotal:        4016004 kB
MemFree:          127720 kB
Active:           350816 kB
Mem:          3.8G       3.7G       124M       5.7M        21M       3.2G

MemTotal:        4016004 kB
MemFree:          127844 kB
Active:           350824 kB
Mem:          3.8G       3.7G       124M       5.7M        21M       3.2G

MemTotal:        4016004 kB
MemFree:          127472 kB
Active:           350872 kB
Mem:          3.8G       3.7G       124M       5.7M        21M       3.2G

MemTotal:        4016004 kB
MemFree:          127224 kB
Active:           350828 kB
Mem:          3.8G       3.7G       124M       5.7M        21M       3.2G

MemTotal:        4016004 kB
MemFree:          127224 kB
Active:           350860 kB
Mem:          3.8G       3.7G       124M       5.7M        21M       3.2G

MemTotal:        4016004 kB
MemFree:          127472 kB
Active:           350868 kB
Mem:          3.8G       3.7G       124M       5.7M        21M       3.2G

MemTotal:        4016004 kB
MemFree:          127224 kB
Active:           350836 kB
Mem:          3.8G       3.7G       124M       5.7M        21M       3.2G

MemTotal:        4016004 kB
MemFree:          127100 kB
Active:           350852 kB
Mem:          3.8G       3.7G       124M       5.7M        21M       3.2G

MemTotal:        4016004 kB
MemFree:          127100 kB
Active:           350868 kB
Mem:          3.8G       3.7G       124M       5.7M        21M       3.2G

MemTotal:        4016004 kB
MemFree:          126976 kB
Active:           350828 kB
Mem:          3.8G       3.7G       123M       5.7M        21M       3.2G

MemTotal:        4016004 kB
MemFree:          127100 kB
Active:           350864 kB
Mem:          3.8G       3.7G       124M       5.7M        21M       3.2G

MemTotal:        4016004 kB
MemFree:          127224 kB
Active:           350856 kB
Mem:          3.8G       3.7G       124M       5.7M        21M       3.2G

MemTotal:        4016004 kB
MemFree:          127100 kB
Active:           350860 kB
Mem:          3.8G       3.7G       124M       5.7M        21M       3.2G

MemTotal:        4016004 kB
MemFree:          127224 kB
Active:           350856 kB
Mem:          3.8G       3.7G       124M       5.7M        21M       3.2G

MemTotal:        4016004 kB
MemFree:          127596 kB
Active:           350880 kB
Mem:          3.8G       3.7G       124M       5.7M        21M       3.2G

MemTotal:        4016004 kB
MemFree:          127720 kB
Active:           350840 kB
Mem:          3.8G       3.7G       124M       5.7M        21M       3.2G

MemTotal:        4016004 kB
MemFree:          128216 kB
Active:           350844 kB
Mem:          3.8G       3.7G       125M       5.7M        21M       3.2G

MemTotal:        4016004 kB
MemFree:          128216 kB
Active:           350840 kB
Mem:          3.8G       3.7G       125M       5.7M        21M       3.2G

MemTotal:        4016004 kB
MemFree:          128340 kB
Active:           350864 kB
Mem:          3.8G       3.7G       125M       5.7M        21M       3.2G

MemTotal:        4016004 kB
MemFree:          128092 kB
Active:           350896 kB
Mem:          3.8G       3.7G       124M       5.7M        21M       3.2G

MemTotal:        4016004 kB
MemFree:          128092 kB
Active:           350876 kB
Mem:          3.8G       3.7G       125M       5.7M        21M       3.2G

MemTotal:        4016004 kB
MemFree:          128092 kB
Active:           350896 kB
Mem:          3.8G       3.7G       124M       5.7M        21M       3.2G

MemTotal:        4016004 kB
MemFree:          127844 kB
Active:           350852 kB
Mem:          3.8G       3.7G       124M       5.7M        21M       3.2G

MemTotal:        4016004 kB
MemFree:          128092 kB
Active:           350868 kB
Mem:          3.8G       3.7G       124M       5.7M        21M       3.2G

MemTotal:        4016004 kB
MemFree:          126852 kB
Active:           350912 kB
Mem:          3.8G       3.7G       124M       5.7M        21M       3.2G

MemTotal:        4016004 kB
MemFree:          127100 kB
Active:           350876 kB
Mem:          3.8G       3.7G       124M       5.7M        21M       3.2G

MemTotal:        4016004 kB
MemFree:          126852 kB
Active:           350892 kB
Mem:          3.8G       3.7G       123M       5.7M        21M       3.2G

MemTotal:        4016004 kB
MemFree:          126728 kB
Active:           350880 kB
Mem:          3.8G       3.7G       123M       5.7M        21M       3.2G

MemTotal:        4016004 kB
MemFree:          126852 kB
Active:           350864 kB
Mem:          3.8G       3.7G       123M       5.7M        21M       3.2G

MemTotal:        4016004 kB
MemFree:          126852 kB
Active:           350908 kB
Mem:          3.8G       3.7G       123M       5.7M        21M       3.2G

MemTotal:        4016004 kB
MemFree:          127348 kB
Active:           350880 kB
Mem:          3.8G       3.7G       124M       5.7M        21M       3.2G

MemTotal:        4016004 kB
MemFree:          127968 kB
Active:           350860 kB
Mem:          3.8G       3.7G       124M       5.7M        21M       3.2G

MemTotal:        4016004 kB
MemFree:          127472 kB
Active:           350900 kB
Mem:          3.8G       3.7G       124M       5.7M        21M       3.2G

MemTotal:        4016004 kB
MemFree:          127348 kB
Active:           350876 kB
Mem:          3.8G       3.7G       124M       5.7M        21M       3.2G

MemTotal:        4016004 kB
MemFree:          127224 kB
Active:           350916 kB
Mem:          3.8G       3.7G       124M       5.7M        21M       3.2G

MemTotal:        4016004 kB
MemFree:          127348 kB
Active:           350884 kB
Mem:          3.8G       3.7G       124M       5.7M        21M       3.2G

MemTotal:        4016004 kB
MemFree:          127348 kB
Active:           350896 kB
Mem:          3.8G       3.7G       124M       5.7M        21M       3.2G

MemTotal:        4016004 kB
MemFree:          127348 kB
Active:           350892 kB
Mem:          3.8G       3.7G       124M       5.7M        21M       3.2G

MemTotal:        4016004 kB
MemFree:          127224 kB
Active:           350900 kB
Mem:          3.8G       3.7G       124M       5.7M        21M       3.2G

MemTotal:        4016004 kB
MemFree:          127348 kB
Active:           350912 kB
Mem:          3.8G       3.7G       123M       5.7M        21M       3.2G

MemTotal:        4016004 kB
MemFree:          126976 kB
Active:           350888 kB
Mem:          3.8G       3.7G       124M       5.7M        21M       3.2G

MemTotal:        4016004 kB
MemFree:          127224 kB
Active:           350896 kB
Mem:          3.8G       3.7G       124M       5.7M        21M       3.2G

MemTotal:        4016004 kB
MemFree:          127348 kB
Active:           350880 kB
Mem:          3.8G       3.7G       124M       5.7M        21M       3.2G

MemTotal:        4016004 kB
MemFree:          127472 kB
Active:           350864 kB
Mem:          3.8G       3.7G       124M       5.7M        21M       3.2G

MemTotal:        4016004 kB
MemFree:          127472 kB
Active:           350864 kB
Mem:          3.8G       3.7G       124M       5.7M        21M       3.2G

MemTotal:        4016004 kB
MemFree:          127720 kB
Active:           350848 kB
Mem:          3.8G       3.7G       124M       5.7M        21M       3.2G

MemTotal:        4016004 kB
MemFree:          127224 kB
Active:           350920 kB
Mem:          3.8G       3.7G       124M       5.7M        21M       3.2G

MemTotal:        4016004 kB
MemFree:          126976 kB
Active:           350884 kB
Mem:          3.8G       3.7G       123M       5.7M        21M       3.2G

MemTotal:        4016004 kB
MemFree:          127100 kB
Active:           350900 kB
Mem:          3.8G       3.7G       123M       5.7M        21M       3.2G

MemTotal:        4016004 kB
MemFree:          127100 kB
Active:           350928 kB
Mem:          3.8G       3.7G       123M       5.7M        21M       3.2G

MemTotal:        4016004 kB
MemFree:          127100 kB
Active:           350928 kB
Mem:          3.8G       3.7G       123M       5.7M        21M       3.2G

MemTotal:        4016004 kB
MemFree:          127224 kB
Active:           350872 kB
Mem:          3.8G       3.7G       124M       5.7M        21M       3.2G

MemTotal:        4016004 kB
MemFree:          127100 kB
Active:           350924 kB
Mem:          3.8G       3.7G       124M       5.7M        21M       3.2G

MemTotal:        4016004 kB
MemFree:          127596 kB
Active:           350932 kB
Mem:          3.8G       3.7G       124M       5.7M        21M       3.2G

MemTotal:        4016004 kB
MemFree:          127596 kB
Active:           350892 kB
Mem:          3.8G       3.7G       124M       5.7M        21M       3.2G

MemTotal:        4016004 kB
MemFree:          126976 kB
Active:           350924 kB
Mem:          3.8G       3.7G       124M       5.7M        21M       3.2G

MemTotal:        4016004 kB
MemFree:          127348 kB
Active:           350944 kB
Mem:          3.8G       3.7G       124M       5.7M        21M       3.2G

MemTotal:        4016004 kB
MemFree:          127224 kB
Active:           350932 kB
Mem:          3.8G       3.7G       124M       5.7M        21M       3.2G

MemTotal:        4016004 kB
MemFree:          126976 kB
Active:           350928 kB
Mem:          3.8G       3.7G       124M       5.7M        21M       3.2G

MemTotal:        4016004 kB
MemFree:          126976 kB
Active:           350948 kB
Mem:          3.8G       3.7G       124M       5.7M        21M       3.2G

MemTotal:        4016004 kB
MemFree:          126976 kB
Active:           350960 kB
Mem:          3.8G       3.7G       124M       5.7M        21M       3.2G

MemTotal:        4016004 kB
MemFree:          126976 kB
Active:           350920 kB
Mem:          3.8G       3.7G       123M       5.7M        21M       3.2G

MemTotal:        4016004 kB
MemFree:          126976 kB
Active:           350912 kB
Mem:          3.8G       3.7G       123M       5.7M        21M       3.2G

MemTotal:        4016004 kB
MemFree:          126852 kB
Active:           350948 kB
Mem:          3.8G       3.7G       123M       5.7M        21M       3.2G

MemTotal:        4016004 kB
MemFree:          126976 kB
Active:           350916 kB
Mem:          3.8G       3.7G       123M       5.7M        21M       3.2G

MemTotal:        4016004 kB
MemFree:          126976 kB
Active:           350936 kB
Mem:          3.8G       3.7G       123M       5.7M        21M       3.2G

MemTotal:        4016004 kB
MemFree:          127100 kB
Active:           350940 kB
Mem:          3.8G       3.7G       123M       5.7M        21M       3.2G

MemTotal:        4016004 kB
MemFree:          126976 kB
Active:           350924 kB
Mem:          3.8G       3.7G       124M       5.7M        21M       3.2G

MemTotal:        4016004 kB
MemFree:          127224 kB
Active:           350952 kB
Mem:          3.8G       3.7G       124M       5.7M        21M       3.2G

MemTotal:        4016004 kB
MemFree:          127100 kB
Active:           350952 kB
Mem:          3.8G       3.7G       124M       5.7M        21M       3.2G

MemTotal:        4016004 kB
MemFree:          127224 kB
Active:           350956 kB
Mem:          3.8G       3.7G       124M       5.7M        21M       3.2G

MemTotal:        4016004 kB
MemFree:          127348 kB
Active:           350932 kB
Mem:          3.8G       3.7G       124M       5.7M        21M       3.2G

MemTotal:        4016004 kB
MemFree:          127224 kB
Active:           350936 kB
Mem:          3.8G       3.7G       124M       5.7M        21M       3.2G

MemTotal:        4016004 kB
MemFree:          127224 kB
Active:           350964 kB
Mem:          3.8G       3.7G       124M       5.7M        21M       3.2G

MemTotal:        4016004 kB
MemFree:          127100 kB
Active:           350964 kB
Mem:          3.8G       3.7G       124M       5.7M        21M       3.2G

MemTotal:        4016004 kB
MemFree:          127100 kB
Active:           350952 kB
Mem:          3.8G       3.7G       124M       5.7M        21M       3.2G

MemTotal:        4016004 kB
MemFree:          126852 kB
Active:           350936 kB
Mem:          3.8G       3.7G       123M       5.7M        21M       3.2G

MemTotal:        4016004 kB
MemFree:          126852 kB
Active:           350948 kB
Mem:          3.8G       3.7G       123M       5.7M        21M       3.2G

MemTotal:        4016004 kB
MemFree:          126976 kB
Active:           350944 kB
Mem:          3.8G       3.7G       123M       5.7M        21M       3.2G

MemTotal:        4016004 kB
MemFree:          126852 kB
Active:           350960 kB
Mem:          3.8G       3.7G       123M       5.7M        21M       3.2G

MemTotal:        4016004 kB
MemFree:          127100 kB
Active:           350976 kB
Mem:          3.8G       3.7G       123M       5.7M        21M       3.2G

MemTotal:        4016004 kB
MemFree:          126852 kB
Active:           350932 kB
Mem:          3.8G       3.7G       123M       5.7M        21M       3.2G

MemTotal:        4016004 kB
MemFree:          126976 kB
Active:           350952 kB
Mem:          3.8G       3.7G       123M       5.7M        21M       3.2G

MemTotal:        4016004 kB
MemFree:          126852 kB
Active:           350944 kB
Mem:          3.8G       3.7G       123M       5.7M        21M       3.2G

MemTotal:        4016004 kB
MemFree:          126852 kB
Active:           350956 kB
Mem:          3.8G       3.7G       123M       5.7M        21M       3.2G

MemTotal:        4016004 kB
MemFree:          126852 kB
Active:           350972 kB
Mem:          3.8G       3.7G       123M       5.7M        21M       3.2G

MemTotal:        4016004 kB
MemFree:          126852 kB
Active:           350928 kB
Mem:          3.8G       3.7G       123M       5.7M        21M       3.2G

MemTotal:        4016004 kB
MemFree:          127224 kB
Active:           350936 kB
Mem:          3.8G       3.7G       124M       5.7M        21M       3.2G

MemTotal:        4016004 kB
MemFree:          126852 kB
Active:           351004 kB
Mem:          3.8G       3.7G       124M       5.7M        21M       3.2G

MemTotal:        4016004 kB
MemFree:          127224 kB
Active:           350980 kB
Mem:          3.8G       3.7G       123M       5.7M        21M       3.2G

MemTotal:        4016004 kB
MemFree:          127100 kB
Active:           350996 kB
Mem:          3.8G       3.7G       123M       5.7M        21M       3.2G

MemTotal:        4016004 kB
MemFree:          127224 kB
Active:           351004 kB
Mem:          3.8G       3.7G       124M       5.7M        21M       3.2G

MemTotal:        4016004 kB
MemFree:          127472 kB
Active:           350976 kB
Mem:          3.8G       3.7G       124M       5.7M        21M       3.2G

MemTotal:        4016004 kB
MemFree:          127596 kB
Active:           350972 kB
Mem:          3.8G       3.7G       124M       5.7M        21M       3.2G

MemTotal:        4016004 kB
MemFree:          127224 kB
Active:           351012 kB
Mem:          3.8G       3.7G       124M       5.7M        21M       3.2G

MemTotal:        4016004 kB
MemFree:          127100 kB
Active:           350992 kB
Mem:          3.8G       3.7G       124M       5.7M        21M       3.2G

MemTotal:        4016004 kB
MemFree:          127224 kB
Active:           351008 kB
Mem:          3.8G       3.7G       124M       5.7M        21M       3.2G

MemTotal:        4016004 kB
MemFree:          127100 kB
Active:           351012 kB
Mem:          3.8G       3.7G       124M       5.7M        21M       3.2G

MemTotal:        4016004 kB
MemFree:          127224 kB
Active:           351008 kB
Mem:          3.8G       3.7G       123M       5.7M        21M       3.2G

MemTotal:        4016004 kB
MemFree:          126976 kB
Active:           350976 kB
Mem:          3.8G       3.7G       123M       5.7M        21M       3.2G

MemTotal:        4016004 kB
MemFree:          127100 kB
Active:           351008 kB
Mem:          3.8G       3.7G       123M       5.7M        21M       3.2G

MemTotal:        4016004 kB
MemFree:          127100 kB
Active:           350972 kB
Mem:          3.8G       3.7G       123M       5.7M        21M       3.2G

MemTotal:        4016004 kB
MemFree:          126976 kB
Active:           351008 kB
Mem:          3.8G       3.7G       124M       5.7M        21M       3.2G

MemTotal:        4016004 kB
MemFree:          126976 kB
Active:           351020 kB
Mem:          3.8G       3.7G       123M       5.7M        21M       3.2G

MemTotal:        4016004 kB
MemFree:          126976 kB
Active:           351032 kB
Mem:          3.8G       3.7G       123M       5.7M        21M       3.2G

MemTotal:        4016004 kB
MemFree:          126976 kB
Active:           351008 kB
Mem:          3.8G       3.7G       123M       5.7M        21M       3.2G

MemTotal:        4016004 kB
MemFree:          126464 kB
Active:           351040 kB
Mem:          3.8G       3.7G       123M       5.7M        21M       3.2G

MemTotal:        4016004 kB
MemFree:          126960 kB
Active:           351004 kB
Mem:          3.8G       3.7G       123M       5.7M        21M       3.2G

MemTotal:        4016004 kB
MemFree:          126836 kB
Active:           351040 kB
Mem:          3.8G       3.7G       123M       5.7M        21M       3.2G

MemTotal:        4016004 kB
MemFree:          126960 kB
Active:           351044 kB
Mem:          3.8G       3.7G       123M       5.7M        21M       3.2G

MemTotal:        4016004 kB
MemFree:          127208 kB
Active:           351020 kB
Mem:          3.8G       3.7G       124M       5.7M        21M       3.2G

MemTotal:        4016004 kB
MemFree:          127332 kB
Active:           351032 kB
Mem:          3.8G       3.7G       124M       5.7M        21M       3.2G

MemTotal:        4016004 kB
MemFree:          127208 kB
Active:           351052 kB
Mem:          3.8G       3.7G       124M       5.7M        21M       3.2G

MemTotal:        4016004 kB
MemFree:          127084 kB
Active:           351004 kB
Mem:          3.8G       3.7G       124M       5.7M        21M       3.2G

MemTotal:        4016004 kB
MemFree:          127084 kB
Active:           351004 kB
Mem:          3.8G       3.7G       123M       5.7M        21M       3.2G

MemTotal:        4016004 kB
MemFree:          127208 kB
Active:           351032 kB
Mem:          3.8G       3.7G       123M       5.7M        21M       3.2G

MemTotal:        4016004 kB
MemFree:          126960 kB
Active:           351032 kB
Mem:          3.8G       3.7G       123M       5.7M        21M       3.2G

MemTotal:        4016004 kB
MemFree:          127084 kB
Active:           351052 kB
Mem:          3.8G       3.7G       123M       5.7M        21M       3.2G

MemTotal:        4016004 kB
MemFree:          127084 kB
Active:           351032 kB
Mem:          3.8G       3.7G       123M       5.7M        21M       3.2G

MemTotal:        4016004 kB
MemFree:          126836 kB
Active:           351016 kB
Mem:          3.8G       3.7G       123M       5.7M        21M       3.2G

MemTotal:        4016004 kB
MemFree:          126960 kB
Active:           351048 kB
Mem:          3.8G       3.7G       124M       5.7M        21M       3.2G

MemTotal:        4016004 kB
MemFree:          126836 kB
Active:           351004 kB
Mem:          3.8G       3.7G       123M       5.7M        21M       3.2G

MemTotal:        4016004 kB
MemFree:          127084 kB
Active:           351032 kB
Mem:          3.8G       3.7G       123M       5.7M        21M       3.2G

MemTotal:        4016004 kB
MemFree:          126960 kB
Active:           351060 kB
Mem:          3.8G       3.7G       123M       5.7M        21M       3.2G

MemTotal:        4016004 kB
MemFree:          126836 kB
Active:           351032 kB
Mem:          3.8G       3.7G       123M       5.7M        21M       3.2G

MemTotal:        4016004 kB
MemFree:          127208 kB
Active:           351044 kB
Mem:          3.8G       3.7G       124M       5.7M        21M       3.2G

MemTotal:        4016004 kB
MemFree:          127084 kB
Active:           351068 kB
Mem:          3.8G       3.7G       124M       5.7M        21M       3.2G

MemTotal:        4016004 kB
MemFree:          127084 kB
Active:           351020 kB
Mem:          3.8G       3.7G       123M       5.7M        21M       3.2G

MemTotal:        4016004 kB
MemFree:          127208 kB
Active:           351040 kB
Mem:          3.8G       3.7G       124M       5.7M        21M       3.2G

MemTotal:        4016004 kB
MemFree:          127208 kB
Active:           351016 kB
Mem:          3.8G       3.7G       124M       5.7M        21M       3.2G

MemTotal:        4016004 kB
MemFree:          127208 kB
Active:           351044 kB
Mem:          3.8G       3.7G       124M       5.7M        21M       3.2G

MemTotal:        4016004 kB
MemFree:          127208 kB
Active:           351020 kB
Mem:          3.8G       3.7G       124M       5.7M        21M       3.2G

MemTotal:        4016004 kB
MemFree:          126836 kB
Active:           351036 kB
Mem:          3.8G       3.7G       123M       5.7M        21M       3.2G

MemTotal:        4016004 kB
MemFree:          126588 kB
Active:           351080 kB
Mem:          3.8G       3.7G       123M       5.7M        21M       3.2G

MemTotal:        4016004 kB
MemFree:          126092 kB
Active:           351220 kB
Mem:          3.8G       3.7G       123M       5.7M        21M       3.2G

MemTotal:        4016004 kB
MemFree:          126448 kB
Active:           351128 kB
Mem:          3.8G       3.7G       123M       5.7M        21M       3.2G

MemTotal:        4016004 kB
MemFree:          127192 kB
Active:           351136 kB
Mem:          3.8G       3.7G       123M       5.7M        21M       3.2G

MemTotal:        4016004 kB
MemFree:          126944 kB
Active:           351116 kB
Mem:          3.8G       3.7G       123M       5.7M        21M       3.2G

MemTotal:        4016004 kB
MemFree:          127068 kB
Active:           351120 kB
Mem:          3.8G       3.7G       123M       5.7M        21M       3.2G

MemTotal:        4016004 kB
MemFree:          126696 kB
Active:           351104 kB
Mem:          3.8G       3.7G       123M       5.7M        21M       3.2G

MemTotal:        4016004 kB
MemFree:          127068 kB
Active:           351096 kB
Mem:          3.8G       3.7G       123M       5.7M        21M       3.2G

MemTotal:        4016004 kB
MemFree:          126696 kB
Active:           351136 kB
Mem:          3.8G       3.7G       123M       5.7M        21M       3.2G

MemTotal:        4016004 kB
MemFree:          126572 kB
Active:           351156 kB
Mem:          3.8G       3.7G       123M       5.7M        21M       3.2G

MemTotal:        4016004 kB
MemFree:          126200 kB
Active:           351160 kB
Mem:          3.8G       3.7G       123M       5.7M        21M       3.2G

MemTotal:        4016004 kB
MemFree:          126696 kB
Active:           351108 kB
Mem:          3.8G       3.7G       123M       5.7M        21M       3.2G

MemTotal:        4016004 kB
MemFree:          126944 kB
Active:           351152 kB
Mem:          3.8G       3.7G       123M       5.7M        21M       3.2G

MemTotal:        4016004 kB
MemFree:          126820 kB
Active:           351156 kB
Mem:          3.8G       3.7G       123M       5.7M        21M       3.2G

MemTotal:        4016004 kB
MemFree:          126696 kB
Active:           351160 kB
Mem:          3.8G       3.7G       123M       5.7M        21M       3.2G

MemTotal:        4016004 kB
MemFree:          124524 kB
Active:           351128 kB
Mem:          3.8G       3.7G       121M       5.7M        21M       3.2G

MemTotal:        4016004 kB
MemFree:          124648 kB
Active:           353160 kB
Mem:          3.8G       3.7G       121M       5.7M        21M       3.2G

MemTotal:        4016004 kB
MemFree:          125020 kB
Active:           353188 kB
Mem:          3.8G       3.7G       121M       5.7M        21M       3.2G

MemTotal:        4016004 kB
MemFree:          124912 kB
Active:           353172 kB
Mem:          3.8G       3.7G       121M       5.7M        21M       3.2G

MemTotal:        4016004 kB
MemFree:          125036 kB
Active:           353132 kB
Mem:          3.8G       3.7G       122M       5.7M        21M       3.2G

MemTotal:        4016004 kB
MemFree:          124928 kB
Active:           353136 kB
Mem:          3.8G       3.7G       121M       5.7M        21M       3.2G

MemTotal:        4016004 kB
MemFree:          125424 kB
Active:           353160 kB
Mem:          3.8G       3.7G       122M       5.7M        21M       3.2G

MemTotal:        4016004 kB
MemFree:          125300 kB
Active:           353140 kB
Mem:          3.8G       3.7G       122M       5.7M        21M       3.2G

MemTotal:        4016004 kB
MemFree:          124928 kB
Active:           353148 kB
Mem:          3.8G       3.7G       121M       5.7M        21M       3.2G

MemTotal:        4016004 kB
MemFree:          125052 kB
Active:           353132 kB
Mem:          3.8G       3.7G       121M       5.7M        21M       3.2G

MemTotal:        4016004 kB
MemFree:          125052 kB
Active:           353172 kB
Mem:          3.8G       3.7G       121M       5.7M        21M       3.2G

MemTotal:        4016004 kB
MemFree:          124804 kB
Active:           353188 kB
Mem:          3.8G       3.7G       121M       5.7M        21M       3.2G

MemTotal:        4016004 kB
MemFree:          124680 kB
Active:           353164 kB
Mem:          3.8G       3.7G       121M       5.7M        21M       3.2G

MemTotal:        4016004 kB
MemFree:          124804 kB
Active:           353168 kB
Mem:          3.8G       3.7G       121M       5.7M        21M       3.2G

MemTotal:        4016004 kB
MemFree:          124680 kB
Active:           353180 kB
Mem:          3.8G       3.7G       121M       5.7M        21M       3.2G

MemTotal:        4016004 kB
MemFree:          124680 kB
Active:           353184 kB
Mem:          3.8G       3.7G       121M       5.7M        21M       3.2G

MemTotal:        4016004 kB
MemFree:          124680 kB
Active:           353156 kB
Mem:          3.8G       3.7G       121M       5.7M        21M       3.2G

MemTotal:        4016004 kB
MemFree:          124680 kB
Active:           353172 kB
Mem:          3.8G       3.7G       121M       5.7M        21M       3.2G

MemTotal:        4016004 kB
MemFree:          124804 kB
Active:           353188 kB
Mem:          3.8G       3.7G       121M       5.7M        21M       3.2G

MemTotal:        4016004 kB
MemFree:          124804 kB
Active:           353180 kB
Mem:          3.8G       3.7G       121M       5.7M        21M       3.2G

MemTotal:        4016004 kB
MemFree:          124804 kB
Active:           353164 kB
Mem:          3.8G       3.7G       121M       5.7M        21M       3.2G

MemTotal:        4016004 kB
MemFree:          124804 kB
Active:           353164 kB
Mem:          3.8G       3.7G       121M       5.7M        21M       3.2G

MemTotal:        4016004 kB
MemFree:          124680 kB
Active:           353188 kB
Mem:          3.8G       3.7G       121M       5.7M        21M       3.2G

MemTotal:        4016004 kB
MemFree:          124680 kB
Active:           353184 kB
Mem:          3.8G       3.7G       121M       5.7M        21M       3.2G

MemTotal:        4016004 kB
MemFree:          124680 kB
Active:           353176 kB
Mem:          3.8G       3.7G       121M       5.7M        21M       3.2G

MemTotal:        4016004 kB
MemFree:          124308 kB
Active:           353224 kB
Mem:          3.8G       3.7G       121M       5.7M        21M       3.2G

MemTotal:        4016004 kB
MemFree:          124680 kB
Active:           353220 kB
Mem:          3.8G       3.7G       121M       5.7M        21M       3.2G

MemTotal:        4016004 kB
MemFree:          124804 kB
Active:           353216 kB
Mem:          3.8G       3.7G       121M       5.7M        21M       3.2G

MemTotal:        4016004 kB
MemFree:          124680 kB
Active:           353176 kB
Mem:          3.8G       3.7G       121M       5.7M        21M       3.2G

MemTotal:        4016004 kB
MemFree:          124804 kB
Active:           353200 kB
Mem:          3.8G       3.7G       121M       5.7M        21M       3.2G

MemTotal:        4016004 kB
MemFree:          124680 kB
Active:           353224 kB
Mem:          3.8G       3.7G       121M       5.7M        21M       3.2G

MemTotal:        4016004 kB
MemFree:          124680 kB
Active:           353212 kB
Mem:          3.8G       3.7G       121M       5.7M        21M       3.2G

MemTotal:        4016004 kB
MemFree:          124804 kB
Active:           353216 kB
Mem:          3.8G       3.7G       121M       5.7M        21M       3.2G

MemTotal:        4016004 kB
MemFree:          124804 kB
Active:           353188 kB
Mem:          3.8G       3.7G       121M       5.7M        21M       3.2G

MemTotal:        4016004 kB
MemFree:          124432 kB
Active:           353248 kB
Mem:          3.8G       3.7G       121M       5.7M        21M       3.2G

MemTotal:        4016004 kB
MemFree:          124556 kB
Active:           353208 kB
Mem:          3.8G       3.7G       121M       5.7M        21M       3.2G

MemTotal:        4016004 kB
MemFree:          124680 kB
Active:           353208 kB
Mem:          3.8G       3.7G       121M       5.7M        21M       3.2G

MemTotal:        4016004 kB
MemFree:          124804 kB
Active:           353220 kB
Mem:          3.8G       3.7G       121M       5.7M        21M       3.2G

MemTotal:        4016004 kB
MemFree:          124928 kB
Active:           353208 kB
Mem:          3.8G       3.7G       121M       5.7M        21M       3.2G

MemTotal:        4016004 kB
MemFree:          124804 kB
Active:           353208 kB
Mem:          3.8G       3.7G       121M       5.7M        21M       3.2G

MemTotal:        4016004 kB
MemFree:          124804 kB
Active:           353216 kB
Mem:          3.8G       3.7G       121M       5.7M        21M       3.2G

MemTotal:        4016004 kB
MemFree:          124804 kB
Active:           353236 kB
Mem:          3.8G       3.7G       121M       5.7M        21M       3.2G

MemTotal:        4016004 kB
MemFree:          124928 kB
Active:           353248 kB
Mem:          3.8G       3.7G       121M       5.7M        21M       3.2G

MemTotal:        4016004 kB
MemFree:          124804 kB
Active:           353244 kB
Mem:          3.8G       3.7G       121M       5.7M        21M       3.2G

MemTotal:        4016004 kB
MemFree:          124556 kB
Active:           353256 kB
Mem:          3.8G       3.7G       121M       5.7M        21M       3.2G

MemTotal:        4016004 kB
MemFree:          124680 kB
Active:           353204 kB
Mem:          3.8G       3.7G       121M       5.7M        21M       3.2G

MemTotal:        4016004 kB
MemFree:          124928 kB
Active:           353240 kB
Mem:          3.8G       3.7G       121M       5.7M        21M       3.2G

MemTotal:        4016004 kB
MemFree:          124804 kB
Active:           353216 kB
Mem:          3.8G       3.7G       121M       5.7M        21M       3.2G

MemTotal:        4016004 kB
MemFree:          124804 kB
Active:           353248 kB
Mem:          3.8G       3.7G       121M       5.7M        21M       3.2G

MemTotal:        4016004 kB
MemFree:          124680 kB
Active:           353236 kB
Mem:          3.8G       3.7G       121M       5.7M        21M       3.2G

MemTotal:        4016004 kB
MemFree:          124184 kB
Active:           353276 kB
Mem:          3.8G       3.7G       121M       5.7M        21M       3.2G

MemTotal:        4016004 kB
MemFree:          124308 kB
Active:           353276 kB
Mem:          3.8G       3.7G       121M       5.7M        21M       3.2G

MemTotal:        4016004 kB
MemFree:          124432 kB
Active:           353268 kB
Mem:          3.8G       3.7G       121M       5.7M        21M       3.2G

MemTotal:        4016004 kB
MemFree:          124680 kB
Active:           353276 kB
Mem:          3.8G       3.7G       121M       5.7M        21M       3.2G

MemTotal:        4016004 kB
MemFree:          124680 kB
Active:           353268 kB
Mem:          3.8G       3.7G       121M       5.7M        21M       3.2G

MemTotal:        4016004 kB
MemFree:          124804 kB
Active:           353268 kB
Mem:          3.8G       3.7G       121M       5.7M        21M       3.2G

MemTotal:        4016004 kB
MemFree:          124804 kB
Active:           353276 kB
Mem:          3.8G       3.7G       121M       5.7M        21M       3.2G

MemTotal:        4016004 kB
MemFree:          124680 kB
Active:           353252 kB
Mem:          3.8G       3.7G       121M       5.7M        21M       3.2G

MemTotal:        4016004 kB
MemFree:          124804 kB
Active:           353228 kB
Mem:          3.8G       3.7G       121M       5.7M        21M       3.2G

MemTotal:        4016004 kB
MemFree:          124804 kB
Active:           353244 kB
Mem:          3.8G       3.7G       121M       5.7M        21M       3.2G

MemTotal:        4016004 kB
MemFree:          124804 kB
Active:           353260 kB
Mem:          3.8G       3.7G       121M       5.7M        21M       3.2G

MemTotal:        4016004 kB
MemFree:          124680 kB
Active:           353260 kB
Mem:          3.8G       3.7G       121M       5.7M        21M       3.2G

MemTotal:        4016004 kB
MemFree:          124680 kB
Active:           353284 kB
Mem:          3.8G       3.7G       121M       5.7M        21M       3.2G

MemTotal:        4016004 kB
MemFree:          124680 kB
Active:           353252 kB
Mem:          3.8G       3.7G       121M       5.7M        21M       3.2G

MemTotal:        4016004 kB
MemFree:          124556 kB
Active:           353280 kB
Mem:          3.8G       3.7G       121M       5.7M        21M       3.2G

MemTotal:        4016004 kB
MemFree:          124556 kB
Active:           353256 kB
Mem:          3.8G       3.7G       121M       5.7M        21M       3.2G

MemTotal:        4016004 kB
MemFree:          125300 kB
Active:           353256 kB
Mem:          3.8G       3.7G       122M       5.7M        21M       3.2G

MemTotal:        4016004 kB
MemFree:          124432 kB
Active:           353296 kB
Mem:          3.8G       3.7G       121M       5.7M        21M       3.2G

MemTotal:        4016004 kB
MemFree:          125300 kB
Active:           353264 kB
Mem:          3.8G       3.7G       121M       5.7M        21M       3.2G

MemTotal:        4016004 kB
MemFree:          125052 kB
Active:           353252 kB
Mem:          3.8G       3.7G       121M       5.7M        21M       3.2G

MemTotal:        4016004 kB
MemFree:          125284 kB
Active:           353284 kB
Mem:          3.8G       3.7G       122M       5.7M        21M       3.2G

MemTotal:        4016004 kB
MemFree:          124804 kB
Active:           353296 kB
Mem:          3.8G       3.7G       121M       5.7M        21M       3.2G

MemTotal:        4016004 kB
MemFree:          124928 kB
Active:           353300 kB
Mem:          3.8G       3.7G       122M       5.7M        21M       3.2G

MemTotal:        4016004 kB
MemFree:          124912 kB
Active:           353264 kB
Mem:          3.8G       3.7G       121M       5.7M        21M       3.2G

MemTotal:        4016004 kB
MemFree:          124680 kB
Active:           353280 kB
Mem:          3.8G       3.7G       121M       5.7M        21M       3.2G

MemTotal:        4016004 kB
MemFree:          124804 kB
Active:           353304 kB
Mem:          3.8G       3.7G       121M       5.7M        21M       3.2G

MemTotal:        4016004 kB
MemFree:          124928 kB
Active:           353308 kB
Mem:          3.8G       3.7G       121M       5.7M        21M       3.2G

MemTotal:        4016004 kB
MemFree:          124788 kB
Active:           353296 kB
Mem:          3.8G       3.7G       121M       5.7M        21M       3.2G

MemTotal:        4016004 kB
MemFree:          124804 kB
Active:           353316 kB
Mem:          3.8G       3.7G       121M       5.7M        21M       3.2G

MemTotal:        4016004 kB
MemFree:          124680 kB
Active:           353316 kB
Mem:          3.8G       3.7G       121M       5.7M        21M       3.2G

MemTotal:        4016004 kB
MemFree:          124804 kB
Active:           353320 kB
Mem:          3.8G       3.7G       121M       5.7M        21M       3.2G

MemTotal:        4016004 kB
MemFree:          124804 kB
Active:           353316 kB
Mem:          3.8G       3.7G       121M       5.7M        21M       3.2G

MemTotal:        4016004 kB
MemFree:          124804 kB
Active:           353324 kB
Mem:          3.8G       3.7G       121M       5.7M        21M       3.2G

MemTotal:        4016004 kB
MemFree:          124540 kB
Active:           353324 kB
Mem:          3.8G       3.7G       121M       5.7M        21M       3.2G

MemTotal:        4016004 kB
MemFree:          124432 kB
Active:           353304 kB
Mem:          3.8G       3.7G       121M       5.7M        21M       3.2G

MemTotal:        4016004 kB
MemFree:          124664 kB
Active:           353324 kB
Mem:          3.8G       3.7G       121M       5.7M        21M       3.2G

MemTotal:        4016004 kB
MemFree:          124664 kB
Active:           353280 kB
Mem:          3.8G       3.7G       121M       5.7M        21M       3.2G

MemTotal:        4016004 kB
MemFree:          124556 kB
Active:           353296 kB
Mem:          3.8G       3.7G       121M       5.7M        21M       3.2G

MemTotal:        4016004 kB
MemFree:          124416 kB
Active:           353332 kB
Mem:          3.8G       3.7G       121M       5.7M        21M       3.2G

MemTotal:        4016004 kB
MemFree:          124556 kB
Active:           353336 kB
Mem:          3.8G       3.7G       121M       5.7M        21M       3.2G

MemTotal:        4016004 kB
MemFree:          124556 kB
Active:           353288 kB
Mem:          3.8G       3.7G       121M       5.7M        21M       3.2G

MemTotal:        4016004 kB
MemFree:          124556 kB
Active:           353324 kB
Mem:          3.8G       3.7G       121M       5.7M        21M       3.2G

MemTotal:        4016004 kB
MemFree:          124540 kB
Active:           353288 kB
Mem:          3.8G       3.7G       121M       5.7M        21M       3.2G

MemTotal:        4016004 kB
MemFree:          124664 kB
Active:           353320 kB
Mem:          3.8G       3.7G       121M       5.7M        21M       3.2G

MemTotal:        4016004 kB
MemFree:          124556 kB
Active:           353320 kB
Mem:          3.8G       3.7G       121M       5.7M        21M       3.2G

MemTotal:        4016004 kB
MemFree:          124540 kB
Active:           353348 kB
Mem:          3.8G       3.7G       121M       5.7M        21M       3.2G

MemTotal:        4016004 kB
MemFree:          124540 kB
Active:           353320 kB
Mem:          3.8G       3.7G       121M       5.7M        21M       3.2G

MemTotal:        4016004 kB
MemFree:          124540 kB
Active:           353320 kB
Mem:          3.8G       3.7G       121M       5.7M        21M       3.2G

MemTotal:        4016004 kB
MemFree:          124664 kB
Active:           353336 kB
Mem:          3.8G       3.7G       121M       5.7M        21M       3.2G

MemTotal:        4016004 kB
MemFree:          124540 kB
Active:           353300 kB
Mem:          3.8G       3.7G       121M       5.7M        21M       3.2G

MemTotal:        4016004 kB
MemFree:          124540 kB
Active:           353324 kB
Mem:          3.8G       3.7G       121M       5.7M        21M       3.2G

MemTotal:        4016004 kB
MemFree:          124416 kB
Active:           353348 kB
Mem:          3.8G       3.7G       121M       5.7M        21M       3.2G

MemTotal:        4016004 kB
MemFree:          124540 kB
Active:           353348 kB
Mem:          3.8G       3.7G       121M       5.7M        21M       3.2G

MemTotal:        4016004 kB
MemFree:          124664 kB
Active:           353308 kB
Mem:          3.8G       3.7G       121M       5.7M        21M       3.2G

MemTotal:        4016004 kB
MemFree:          124664 kB
Active:           353336 kB
Mem:          3.8G       3.7G       122M       5.7M        21M       3.2G

MemTotal:        4016004 kB
MemFree:          125832 kB
Active:           352900 kB
Mem:          3.8G       3.7G       122M       5.7M        21M       3.2G

MemTotal:        4016004 kB
MemFree:          125708 kB
Active:           352888 kB
Mem:          3.8G       3.7G       122M       5.7M        21M       3.2G

MemTotal:        4016004 kB
MemFree:          125336 kB
Active:           352920 kB
Mem:          3.8G       3.7G       122M       5.7M        21M       3.2G

MemTotal:        4016004 kB
MemFree:          125832 kB
Active:           352888 kB
Mem:          3.8G       3.7G       122M       5.7M        21M       3.2G

MemTotal:        4016004 kB
MemFree:          125832 kB
Active:           352916 kB
Mem:          3.8G       3.7G       123M       5.7M        21M       3.2G

MemTotal:        4016004 kB
MemFree:          126576 kB
Active:           352920 kB
Mem:          3.8G       3.7G       123M       5.7M        21M       3.2G

MemTotal:        4016004 kB
MemFree:          126328 kB
Active:           352936 kB
Mem:          3.8G       3.7G       123M       5.7M        21M       3.2G

MemTotal:        4016004 kB
MemFree:          126080 kB
Active:           352880 kB
Mem:          3.8G       3.7G       123M       5.7M        21M       3.2G

MemTotal:        4016004 kB
MemFree:          126080 kB
Active:           352912 kB
Mem:          3.8G       3.7G       123M       5.7M        21M       3.2G

MemTotal:        4016004 kB
MemFree:          125832 kB
Active:           352892 kB
Mem:          3.8G       3.7G       123M       5.7M        21M       3.2G

MemTotal:        4016004 kB
MemFree:          125584 kB
Active:           352944 kB
Mem:          3.8G       3.7G       122M       5.7M        21M       3.2G

MemTotal:        4016004 kB
MemFree:          125956 kB
Active:           352896 kB
Mem:          3.8G       3.7G       122M       5.7M        21M       3.2G

MemTotal:        4016004 kB
MemFree:          126080 kB
Active:           352896 kB
Mem:          3.8G       3.7G       122M       5.7M        21M       3.2G

MemTotal:        4016004 kB
MemFree:          125460 kB
Active:           352956 kB
Mem:          3.8G       3.7G       122M       5.7M        21M       3.2G

MemTotal:        4016004 kB
MemFree:          125956 kB
Active:           352916 kB
Mem:          3.8G       3.7G       122M       5.7M        21M       3.2G

MemTotal:        4016004 kB
MemFree:          126080 kB
Active:           352908 kB
Mem:          3.8G       3.7G       122M       5.7M        21M       3.2G

MemTotal:        4016004 kB
MemFree:          126204 kB
Active:           352904 kB
Mem:          3.8G       3.7G       123M       5.7M        21M       3.2G

MemTotal:        4016004 kB
MemFree:          125584 kB
Active:           352940 kB
Mem:          3.8G       3.7G       122M       5.7M        21M       3.2G

MemTotal:        4016004 kB
MemFree:          125832 kB
Active:           352932 kB
Mem:          3.8G       3.7G       122M       5.7M        21M       3.2G

MemTotal:        4016004 kB
MemFree:          125460 kB
Active:           352964 kB
Mem:          3.8G       3.7G       122M       5.7M        21M       3.2G

MemTotal:        4016004 kB
MemFree:          125832 kB
Active:           352956 kB
Mem:          3.8G       3.7G       122M       5.7M        21M       3.2G

MemTotal:        4016004 kB
MemFree:          125832 kB
Active:           352940 kB
Mem:          3.8G       3.7G       122M       5.7M        21M       3.2G

MemTotal:        4016004 kB
MemFree:          126204 kB
Active:           352912 kB
Mem:          3.8G       3.7G       123M       5.7M        21M       3.2G

MemTotal:        4016004 kB
MemFree:          125832 kB
Active:           352964 kB
Mem:          3.8G       3.7G       123M       5.7M        21M       3.2G

MemTotal:        4016004 kB
MemFree:          125708 kB
Active:           352972 kB
Mem:          3.8G       3.7G       122M       5.7M        21M       3.2G

MemTotal:        4016004 kB
MemFree:          125708 kB
Active:           352964 kB
Mem:          3.8G       3.7G       122M       5.7M        21M       3.2G

MemTotal:        4016004 kB
MemFree:          125832 kB
Active:           352968 kB
Mem:          3.8G       3.7G       122M       5.7M        21M       3.2G

MemTotal:        4016004 kB
MemFree:          125708 kB
Active:           352964 kB
Mem:          3.8G       3.7G       122M       5.7M        21M       3.2G

MemTotal:        4016004 kB
MemFree:          125088 kB
Active:           352988 kB
Mem:          3.8G       3.7G       122M       5.7M        21M       3.2G

MemTotal:        4016004 kB
MemFree:          125336 kB
Active:           352936 kB
Mem:          3.8G       3.7G       122M       5.7M        21M       3.2G

MemTotal:        4016004 kB
MemFree:          125460 kB
Active:           352952 kB
Mem:          3.8G       3.7G       122M       5.7M        21M       3.2G

MemTotal:        4016004 kB
MemFree:          125832 kB
Active:           352944 kB
Mem:          3.8G       3.7G       122M       5.7M        21M       3.2G

MemTotal:        4016004 kB
MemFree:          125956 kB
Active:           352976 kB
