MemTotal:        4016004 kB
MemFree:         3245068 kB
Active:           413856 kB
Mem:          3.8G       752M       3.1G       5.7M        54M       315M

MemTotal:        4016004 kB
MemFree:         3245184 kB
Active:           413956 kB
Mem:          3.8G       752M       3.1G       5.7M        54M       315M

MemTotal:        4016004 kB
MemFree:         3245324 kB
Active:           414028 kB
Mem:          3.8G       752M       3.1G       5.7M        54M       315M

MemTotal:        4016004 kB
MemFree:         3245448 kB
Active:           413980 kB
Mem:          3.8G       752M       3.1G       5.7M        54M       315M

MemTotal:        4016004 kB
MemFree:         3245448 kB
Active:           413988 kB
Mem:          3.8G       752M       3.1G       5.7M        54M       315M

MemTotal:        4016004 kB
MemFree:         3245448 kB
Active:           413988 kB
Mem:          3.8G       752M       3.1G       5.7M        54M       315M

MemTotal:        4016004 kB
MemFree:         3245116 kB
Active:           412172 kB
Mem:          3.8G       752M       3.1G       5.7M        54M       315M

MemTotal:        4016004 kB
MemFree:         3245660 kB
Active:           414032 kB
Mem:          3.8G       752M       3.1G       5.7M        54M       315M

MemTotal:        4016004 kB
MemFree:         3245892 kB
Active:           413992 kB
Mem:          3.8G       752M       3.1G       5.7M        54M       315M

MemTotal:        4016004 kB
MemFree:         3245256 kB
Active:           414044 kB
Mem:          3.8G       752M       3.1G       5.7M        54M       315M

MemTotal:        4016004 kB
MemFree:         3245488 kB
Active:           413992 kB
Mem:          3.8G       752M       3.1G       5.7M        54M       315M

MemTotal:        4016004 kB
MemFree:         3245348 kB
Active:           413992 kB
Mem:          3.8G       752M       3.1G       5.7M        54M       315M

MemTotal:        4016004 kB
MemFree:         3245456 kB
Active:           414044 kB
Mem:          3.8G       752M       3.1G       5.7M        54M       315M

MemTotal:        4016004 kB
MemFree:         3245440 kB
Active:           414004 kB
Mem:          3.8G       752M       3.1G       5.7M        54M       315M

MemTotal:        4016004 kB
MemFree:         3245424 kB
Active:           414012 kB
Mem:          3.8G       752M       3.1G       5.7M        54M       315M

MemTotal:        4016004 kB
MemFree:         3245224 kB
Active:           414048 kB
Mem:          3.8G       752M       3.1G       5.7M        54M       315M

MemTotal:        4016004 kB
MemFree:         3245504 kB
Active:           414016 kB
Mem:          3.8G       752M       3.1G       5.7M        54M       315M

MemTotal:        4016004 kB
MemFree:         3245504 kB
Active:           414016 kB
Mem:          3.8G       752M       3.1G       5.7M        54M       315M

MemTotal:        4016004 kB
MemFree:         3245380 kB
Active:           414052 kB
Mem:          3.8G       752M       3.1G       5.7M        54M       315M

MemTotal:        4016004 kB
MemFree:         3245628 kB
Active:           414036 kB
Mem:          3.8G       752M       3.1G       5.7M        54M       315M

MemTotal:        4016004 kB
MemFree:         3245132 kB
Active:           414060 kB
Mem:          3.8G       752M       3.1G       5.7M        54M       315M

MemTotal:        4016004 kB
MemFree:         3245628 kB
Active:           414032 kB
Mem:          3.8G       752M       3.1G       5.7M        54M       315M

MemTotal:        4016004 kB
MemFree:         3245380 kB
Active:           414060 kB
Mem:          3.8G       752M       3.1G       5.7M        54M       315M

MemTotal:        4016004 kB
MemFree:         3245504 kB
Active:           414060 kB
Mem:          3.8G       752M       3.1G       5.7M        54M       315M

MemTotal:        4016004 kB
MemFree:         3245752 kB
Active:           414020 kB
Mem:          3.8G       752M       3.1G       5.7M        54M       315M

MemTotal:        4016004 kB
MemFree:         3245504 kB
Active:           414060 kB
Mem:          3.8G       752M       3.1G       5.7M        54M       315M

MemTotal:        4016004 kB
MemFree:         3243332 kB
Active:           414008 kB
Mem:          3.8G       754M       3.1G       5.7M        54M       315M

MemTotal:        4016004 kB
MemFree:         3243332 kB
Active:           416084 kB
Mem:          3.8G       754M       3.1G       5.7M        54M       315M

MemTotal:        4016004 kB
MemFree:         3243688 kB
Active:           416068 kB
Mem:          3.8G       754M       3.1G       5.7M        54M       315M

MemTotal:        4016004 kB
MemFree:         3243440 kB
Active:           416104 kB
Mem:          3.8G       754M       3.1G       5.7M        54M       315M

MemTotal:        4016004 kB
MemFree:         3243688 kB
Active:           416052 kB
Mem:          3.8G       754M       3.1G       5.7M        54M       315M

MemTotal:        4016004 kB
MemFree:         3243796 kB
Active:           416064 kB
Mem:          3.8G       754M       3.1G       5.7M        54M       315M

MemTotal:        4016004 kB
MemFree:         3243656 kB
Active:           416080 kB
Mem:          3.8G       754M       3.1G       5.7M        54M       315M

MemTotal:        4016004 kB
MemFree:         3243736 kB
Active:           416088 kB
Mem:          3.8G       754M       3.1G       5.7M        54M       315M

MemTotal:        4016004 kB
MemFree:         3243736 kB
Active:           416072 kB
Mem:          3.8G       754M       3.1G       5.7M        54M       315M

MemTotal:        4016004 kB
MemFree:         3243736 kB
Active:           416108 kB
Mem:          3.8G       754M       3.1G       5.7M        54M       315M

MemTotal:        4016004 kB
MemFree:         3241688 kB
Active:           416112 kB
Mem:          3.8G       756M       3.1G       5.7M        54M       315M

MemTotal:        4016004 kB
MemFree:         3241192 kB
Active:           418140 kB
Mem:          3.8G       756M       3.1G       5.7M        54M       315M

MemTotal:        4016004 kB
MemFree:         3241564 kB
Active:           418084 kB
Mem:          3.8G       756M       3.1G       5.7M        54M       315M

MemTotal:        4016004 kB
MemFree:         3241564 kB
Active:           418084 kB
Mem:          3.8G       756M       3.1G       5.7M        54M       315M

MemTotal:        4016004 kB
MemFree:         3241192 kB
Active:           418152 kB
Mem:          3.8G       756M       3.1G       5.7M        54M       315M

MemTotal:        4016004 kB
MemFree:         3241176 kB
Active:           418108 kB
Mem:          3.8G       756M       3.1G       5.7M        54M       315M

MemTotal:        4016004 kB
MemFree:         3241160 kB
Active:           418100 kB
Mem:          3.8G       756M       3.1G       5.7M        54M       315M

MemTotal:        4016004 kB
MemFree:         3241392 kB
Active:           418144 kB
Mem:          3.8G       756M       3.1G       5.7M        54M       315M

MemTotal:        4016004 kB
MemFree:         3241376 kB
Active:           418128 kB
Mem:          3.8G       756M       3.1G       5.7M        54M       315M

MemTotal:        4016004 kB
MemFree:         3241360 kB
Active:           418104 kB
Mem:          3.8G       756M       3.1G       5.7M        54M       315M

MemTotal:        4016004 kB
MemFree:         3241176 kB
Active:           418160 kB
Mem:          3.8G       756M       3.1G       5.7M        54M       315M

MemTotal:        4016004 kB
MemFree:         3241548 kB
Active:           418108 kB
Mem:          3.8G       756M       3.1G       5.7M        54M       315M

MemTotal:        4016004 kB
MemFree:         3241548 kB
Active:           418164 kB
Mem:          3.8G       756M       3.1G       5.7M        54M       315M

MemTotal:        4016004 kB
MemFree:         3241548 kB
Active:           418164 kB
Mem:          3.8G       756M       3.1G       5.7M        54M       315M

MemTotal:        4016004 kB
MemFree:         3241548 kB
Active:           418156 kB
Mem:          3.8G       756M       3.1G       5.7M        54M       315M

MemTotal:        4016004 kB
MemFree:         3241548 kB
Active:           418144 kB
Mem:          3.8G       756M       3.1G       5.7M        54M       315M

MemTotal:        4016004 kB
MemFree:         3241424 kB
Active:           418176 kB
Mem:          3.8G       756M       3.1G       5.7M        54M       315M

MemTotal:        4016004 kB
MemFree:         3241036 kB
Active:           418192 kB
Mem:          3.8G       756M       3.1G       5.7M        54M       315M

MemTotal:        4016004 kB
MemFree:         3241020 kB
Active:           418192 kB
Mem:          3.8G       756M       3.1G       5.7M        54M       315M

MemTotal:        4016004 kB
MemFree:         3241376 kB
Active:           418136 kB
Mem:          3.8G       756M       3.1G       5.7M        54M       315M

MemTotal:        4016004 kB
MemFree:         3241236 kB
Active:           416236 kB
Mem:          3.8G       756M       3.1G       5.7M        54M       315M

MemTotal:        4016004 kB
MemFree:         3240864 kB
Active:           416160 kB
Mem:          3.8G       756M       3.1G       5.7M        54M       315M

MemTotal:        4016004 kB
MemFree:         3241236 kB
Active:           418172 kB
Mem:          3.8G       756M       3.1G       5.7M        54M       315M

MemTotal:        4016004 kB
MemFree:         3241236 kB
Active:           418212 kB
Mem:          3.8G       756M       3.1G       5.7M        54M       315M

MemTotal:        4016004 kB
MemFree:         3241328 kB
Active:           418348 kB
Mem:          3.8G       756M       3.1G       5.7M        54M       315M

MemTotal:        4016004 kB
MemFree:         3125548 kB
Active:           418744 kB
Mem:          3.8G       870M       3.0G       5.7M        54M       427M

MemTotal:        4016004 kB
MemFree:         3012716 kB
Active:           418744 kB
Mem:          3.8G       980M       2.9G       5.7M        54M       535M

MemTotal:        4016004 kB
MemFree:         2893404 kB
Active:           418752 kB
Mem:          3.8G       1.1G       2.8G       5.7M        54M       651M

MemTotal:        4016004 kB
MemFree:         2876888 kB
Active:           418752 kB
Mem:          3.8G       1.1G       2.7G       5.7M        54M       666M

MemTotal:        4016004 kB
MemFree:         2787436 kB
Active:           418752 kB
Mem:          3.8G       1.2G       2.7G       5.7M        54M       751M

MemTotal:        4016004 kB
MemFree:         2785824 kB
Active:           418752 kB
Mem:          3.8G       1.2G       2.7G       5.7M        54M       752M

MemTotal:        4016004 kB
MemFree:         2742576 kB
Active:           418756 kB
Mem:          3.8G       1.2G       2.6G       5.7M        54M       795M

MemTotal:        4016004 kB
MemFree:         2687764 kB
Active:           418764 kB
Mem:          3.8G       1.3G       2.6G       5.7M        54M       847M

MemTotal:        4016004 kB
MemFree:         2686524 kB
Active:           418780 kB
Mem:          3.8G       1.3G       2.6G       5.7M        54M       848M

MemTotal:        4016004 kB
MemFree:         2685276 kB
Active:           418800 kB
Mem:          3.8G       1.3G       2.6G       5.7M        54M       849M

MemTotal:        4016004 kB
MemFree:         2684268 kB
Active:           418808 kB
Mem:          3.8G       1.3G       2.6G       5.7M        54M       850M

MemTotal:        4016004 kB
MemFree:         2599388 kB
Active:           418808 kB
Mem:          3.8G       1.4G       2.5G       5.7M        54M       932M

MemTotal:        4016004 kB
MemFree:         2557784 kB
Active:           418812 kB
Mem:          3.8G       1.4G       2.4G       5.7M        54M       972M

MemTotal:        4016004 kB
MemFree:         2424368 kB
Active:           418816 kB
Mem:          3.8G       1.5G       2.3G       5.7M        54M       1.1G

MemTotal:        4016004 kB
MemFree:         2331772 kB
Active:           418860 kB
Mem:          3.8G       1.6G       2.2G       5.7M        54M       1.2G

MemTotal:        4016004 kB
MemFree:         2274160 kB
Active:           419032 kB
Mem:          3.8G       1.7G       2.2G       5.7M        54M       1.2G

MemTotal:        4016004 kB
MemFree:         2233988 kB
Active:           418868 kB
Mem:          3.8G       1.7G       2.1G       5.7M        54M       1.3G

MemTotal:        4016004 kB
MemFree:         2233328 kB
Active:           418872 kB
Mem:          3.8G       1.7G       2.1G       5.7M        54M       1.3G

MemTotal:        4016004 kB
MemFree:         2143296 kB
Active:           418888 kB
Mem:          3.8G       1.8G       2.0G       5.7M        54M       1.3G

MemTotal:        4016004 kB
MemFree:         2133288 kB
Active:           418888 kB
Mem:          3.8G       1.8G       2.0G       5.7M        54M       1.3G

MemTotal:        4016004 kB
MemFree:         2062480 kB
Active:           418892 kB
Mem:          3.8G       1.9G       2.0G       5.7M        54M       1.4G

MemTotal:        4016004 kB
MemFree:         2034476 kB
Active:           418900 kB
Mem:          3.8G       1.9G       1.9G       5.7M        54M       1.4G

MemTotal:        4016004 kB
MemFree:         2031728 kB
Active:           418920 kB
Mem:          3.8G       1.9G       1.9G       5.7M        55M       1.4G

MemTotal:        4016004 kB
MemFree:         2031464 kB
Active:           418924 kB
Mem:          3.8G       1.9G       1.9G       5.7M        55M       1.4G

MemTotal:        4016004 kB
MemFree:         2031592 kB
Active:           418924 kB
Mem:          3.8G       1.9G       1.9G       5.7M        55M       1.4G

MemTotal:        4016004 kB
MemFree:         1977096 kB
Active:           418924 kB
Mem:          3.8G       1.9G       1.9G       5.7M        55M       1.5G

MemTotal:        4016004 kB
MemFree:         1841448 kB
Active:           418928 kB
Mem:          3.8G       2.1G       1.8G       5.7M        55M       1.6G

MemTotal:        4016004 kB
MemFree:         1714060 kB
Active:           418928 kB
Mem:          3.8G       2.2G       1.6G       5.7M        55M       1.7G

MemTotal:        4016004 kB
MemFree:         1680328 kB
Active:           418928 kB
Mem:          3.8G       2.2G       1.6G       5.7M        55M       1.8G

MemTotal:        4016004 kB
MemFree:         1626688 kB
Active:           418940 kB
Mem:          3.8G       2.3G       1.6G       5.7M        55M       1.8G

MemTotal:        4016004 kB
MemFree:         1580500 kB
Active:           418948 kB
Mem:          3.8G       2.3G       1.5G       5.7M        55M       1.9G

MemTotal:        4016004 kB
MemFree:         1551792 kB
Active:           418948 kB
Mem:          3.8G       2.4G       1.5G       5.7M        55M       1.9G

MemTotal:        4016004 kB
MemFree:         1482272 kB
Active:           418948 kB
Mem:          3.8G       2.4G       1.4G       5.7M        55M       2.0G

MemTotal:        4016004 kB
MemFree:         1480992 kB
Active:           418952 kB
Mem:          3.8G       2.4G       1.4G       5.7M        55M       2.0G

MemTotal:        4016004 kB
MemFree:         1480572 kB
Active:           418960 kB
Mem:          3.8G       2.4G       1.4G       5.7M        55M       2.0G

MemTotal:        4016004 kB
MemFree:         1480604 kB
Active:           418964 kB
Mem:          3.8G       2.4G       1.4G       5.7M        55M       2.0G

MemTotal:        4016004 kB
MemFree:         1480764 kB
Active:           418968 kB
Mem:          3.8G       2.4G       1.4G       5.7M        55M       2.0G

MemTotal:        4016004 kB
MemFree:         1384164 kB
Active:           418972 kB
Mem:          3.8G       2.5G       1.3G       5.7M        55M       2.1G

MemTotal:        4016004 kB
MemFree:         1246716 kB
Active:           418972 kB
Mem:          3.8G       2.6G       1.2G       5.7M        55M       2.2G

MemTotal:        4016004 kB
MemFree:         1131512 kB
Active:           418972 kB
Mem:          3.8G       2.8G       1.1G       5.7M        55M       2.3G

MemTotal:        4016004 kB
MemFree:         1130288 kB
Active:           418984 kB
Mem:          3.8G       2.8G       1.1G       5.7M        55M       2.3G

MemTotal:        4016004 kB
MemFree:         1031440 kB
Active:           418992 kB
Mem:          3.8G       2.8G       1.0G       5.7M        55M       2.4G

MemTotal:        4016004 kB
MemFree:          997792 kB
Active:           418992 kB
Mem:          3.8G       2.9G       974M       5.7M        55M       2.4G

MemTotal:        4016004 kB
MemFree:          939360 kB
Active:           419000 kB
Mem:          3.8G       2.9G       917M       5.7M        55M       2.5G

MemTotal:        4016004 kB
MemFree:          938368 kB
Active:           419004 kB
Mem:          3.8G       2.9G       916M       5.7M        55M       2.5G

MemTotal:        4016004 kB
MemFree:          922728 kB
Active:           419024 kB
Mem:          3.8G       3.0G       900M       5.7M        55M       2.5G

MemTotal:        4016004 kB
MemFree:          818220 kB
Active:           419032 kB
Mem:          3.8G       3.1G       798M       5.7M        55M       2.6G

MemTotal:        4016004 kB
MemFree:          687848 kB
Active:           419032 kB
Mem:          3.8G       3.2G       670M       5.7M        55M       2.7G

MemTotal:        4016004 kB
MemFree:          556848 kB
Active:           419036 kB
Mem:          3.8G       3.3G       542M       5.7M        55M       2.8G

MemTotal:        4016004 kB
MemFree:          428840 kB
Active:           419036 kB
Mem:          3.8G       3.4G       418M       5.7M        55M       2.9G

MemTotal:        4016004 kB
MemFree:          399508 kB
Active:           419040 kB
Mem:          3.8G       3.4G       389M       5.7M        55M       3.0G

MemTotal:        4016004 kB
MemFree:          398868 kB
Active:           419052 kB
Mem:          3.8G       3.4G       389M       5.7M        55M       3.0G

MemTotal:        4016004 kB
MemFree:          398932 kB
Active:           419060 kB
Mem:          3.8G       3.4G       389M       5.7M        55M       3.0G

MemTotal:        4016004 kB
MemFree:          398160 kB
Active:           419060 kB
Mem:          3.8G       3.5G       388M       5.7M        55M       3.0G

MemTotal:        4016004 kB
MemFree:          397116 kB
Active:           419084 kB
Mem:          3.8G       3.5G       387M       5.7M        55M       3.0G

MemTotal:        4016004 kB
MemFree:          388096 kB
Active:           419088 kB
Mem:          3.8G       3.5G       378M       5.7M        55M       3.0G

MemTotal:        4016004 kB
MemFree:          386980 kB
Active:           419096 kB
Mem:          3.8G       3.5G       377M       5.7M        55M       3.0G

MemTotal:        4016004 kB
MemFree:          384836 kB
Active:           419104 kB
Mem:          3.8G       3.5G       375M       5.7M        55M       3.0G

MemTotal:        4016004 kB
MemFree:          384064 kB
Active:           419104 kB
Mem:          3.8G       3.5G       375M       5.7M        55M       3.0G

MemTotal:        4016004 kB
MemFree:          367124 kB
Active:           419108 kB
Mem:          3.8G       3.5G       358M       5.7M        55M       3.0G

MemTotal:        4016004 kB
MemFree:          253656 kB
Active:           419120 kB
Mem:          3.8G       3.6G       246M       5.7M        55M       3.1G

MemTotal:        4016004 kB
MemFree:          127880 kB
Active:           419120 kB
Mem:          3.8G       3.7G       124M       5.7M        55M       3.2G

MemTotal:        4016004 kB
MemFree:          116280 kB
Active:           432640 kB
Mem:          3.8G       3.7G       105M       5.7M        20M       3.3G

MemTotal:        4016004 kB
MemFree:          120184 kB
Active:           454308 kB
Mem:          3.8G       3.7G       116M       5.7M        19M       3.3G

MemTotal:        4016004 kB
MemFree:          147240 kB
Active:           482640 kB
Mem:          3.8G       3.7G       124M       5.7M        19M       3.3G

MemTotal:        4016004 kB
MemFree:          132040 kB
Active:           472484 kB
Mem:          3.8G       3.7G       128M       5.7M        19M       3.3G

MemTotal:        4016004 kB
MemFree:          115576 kB
Active:           468640 kB
Mem:          3.8G       3.7G       112M       5.7M        19M       3.3G

MemTotal:        4016004 kB
MemFree:          114260 kB
Active:           468644 kB
Mem:          3.8G       3.7G       111M       5.7M        19M       3.3G

MemTotal:        4016004 kB
MemFree:          113816 kB
Active:           468652 kB
Mem:          3.8G       3.7G       111M       5.7M        19M       3.3G

MemTotal:        4016004 kB
MemFree:          113788 kB
Active:           468656 kB
Mem:          3.8G       3.7G       111M       5.7M        19M       3.3G

MemTotal:        4016004 kB
MemFree:          135800 kB
Active:           464816 kB
Mem:          3.8G       3.7G       131M       5.7M        19M       3.3G

MemTotal:        4016004 kB
MemFree:          128408 kB
Active:           452916 kB
Mem:          3.8G       3.7G       124M       5.7M        19M       3.3G

MemTotal:        4016004 kB
MemFree:          136568 kB
Active:           438068 kB
Mem:          3.8G       3.7G       132M       5.7M        19M       3.3G

MemTotal:        4016004 kB
MemFree:          137292 kB
Active:           433852 kB
Mem:          3.8G       3.7G       133M       5.7M        19M       3.3G

MemTotal:        4016004 kB
MemFree:          132352 kB
Active:           430816 kB
Mem:          3.8G       3.7G       128M       5.7M        19M       3.3G

MemTotal:        4016004 kB
MemFree:          129016 kB
Active:           429464 kB
Mem:          3.8G       3.7G       125M       5.7M        19M       3.3G

MemTotal:        4016004 kB
MemFree:          132780 kB
Active:           427288 kB
Mem:          3.8G       3.7G       129M       5.7M        19M       3.3G

MemTotal:        4016004 kB
MemFree:          131484 kB
Active:           427288 kB
Mem:          3.8G       3.7G       128M       5.7M        19M       3.3G

MemTotal:        4016004 kB
MemFree:          129536 kB
Active:           425764 kB
Mem:          3.8G       3.7G       126M       5.7M        19M       3.3G

MemTotal:        4016004 kB
MemFree:          128300 kB
Active:           425640 kB
Mem:          3.8G       3.7G       124M       5.7M        19M       3.3G

MemTotal:        4016004 kB
MemFree:          126932 kB
Active:           425648 kB
Mem:          3.8G       3.7G       123M       5.7M        19M       3.3G

MemTotal:        4016004 kB
MemFree:          126176 kB
Active:           425648 kB
Mem:          3.8G       3.7G       122M       5.7M        19M       3.3G

MemTotal:        4016004 kB
MemFree:          125284 kB
Active:           425648 kB
Mem:          3.8G       3.7G       122M       5.7M        19M       3.3G

MemTotal:        4016004 kB
MemFree:          122396 kB
Active:           422832 kB
Mem:          3.8G       3.7G       118M       5.7M        19M       3.3G

MemTotal:        4016004 kB
MemFree:          118252 kB
Active:           418108 kB
Mem:          3.8G       3.7G       114M       5.7M        19M       3.3G

MemTotal:        4016004 kB
MemFree:          138828 kB
Active:           413884 kB
Mem:          3.8G       3.7G       135M       5.7M        19M       3.3G

MemTotal:        4016004 kB
MemFree:          139032 kB
Active:           412360 kB
Mem:          3.8G       3.7G       134M       5.7M        19M       3.3G

MemTotal:        4016004 kB
MemFree:          132400 kB
Active:           410568 kB
Mem:          3.8G       3.7G       128M       5.7M        19M       3.3G

MemTotal:        4016004 kB
MemFree:          131748 kB
Active:           410568 kB
Mem:          3.8G       3.7G       128M       5.7M        19M       3.3G

MemTotal:        4016004 kB
MemFree:          128696 kB
Active:           409044 kB
Mem:          3.8G       3.7G       125M       5.7M        19M       3.3G

MemTotal:        4016004 kB
MemFree:          125860 kB
Active:           408408 kB
Mem:          3.8G       3.7G       121M       5.7M        19M       3.3G

MemTotal:        4016004 kB
MemFree:          123264 kB
Active:           406108 kB
Mem:          3.8G       3.7G       119M       5.7M        19M       3.3G

MemTotal:        4016004 kB
MemFree:          121636 kB
Active:           406128 kB
Mem:          3.8G       3.7G       118M       5.7M        19M       3.3G

MemTotal:        4016004 kB
MemFree:          120780 kB
Active:           406136 kB
Mem:          3.8G       3.7G       117M       5.7M        19M       3.3G

MemTotal:        4016004 kB
MemFree:          119780 kB
Active:           406284 kB
Mem:          3.8G       3.7G       116M       5.7M        19M       3.3G

MemTotal:        4016004 kB
MemFree:          132916 kB
Active:           401796 kB
Mem:          3.8G       3.7G       128M       5.7M        19M       3.3G

MemTotal:        4016004 kB
MemFree:          138332 kB
Active:           397444 kB
Mem:          3.8G       3.7G       134M       5.7M        19M       3.3G

MemTotal:        4016004 kB
MemFree:          126224 kB
Active:           396804 kB
Mem:          3.8G       3.7G       122M       5.7M        19M       3.3G

MemTotal:        4016004 kB
MemFree:          136136 kB
Active:           393604 kB
Mem:          3.8G       3.7G       132M       5.7M        19M       3.3G

MemTotal:        4016004 kB
MemFree:          135516 kB
Active:           393476 kB
Mem:          3.8G       3.7G       132M       5.7M        19M       3.3G

MemTotal:        4016004 kB
MemFree:          133036 kB
Active:           391944 kB
Mem:          3.8G       3.7G       129M       5.7M        19M       3.3G

MemTotal:        4016004 kB
MemFree:          130920 kB
Active:           389516 kB
Mem:          3.8G       3.7G       127M       5.7M        19M       3.3G

MemTotal:        4016004 kB
MemFree:          112416 kB
Active:           389516 kB
Mem:          3.8G       3.7G       109M       5.7M        19M       3.3G

MemTotal:        4016004 kB
MemFree:          111368 kB
Active:           389536 kB
Mem:          3.8G       3.7G       108M       5.7M        19M       3.3G

MemTotal:        4016004 kB
MemFree:          110316 kB
Active:           389548 kB
Mem:          3.8G       3.7G       107M       5.7M        19M       3.3G

MemTotal:        4016004 kB
MemFree:          110124 kB
Active:           389556 kB
Mem:          3.8G       3.7G       107M       5.7M        19M       3.3G

MemTotal:        4016004 kB
MemFree:          110292 kB
Active:           389556 kB
Mem:          3.8G       3.7G       107M       5.7M        19M       3.3G

MemTotal:        4016004 kB
MemFree:          126580 kB
Active:           387252 kB
Mem:          3.8G       3.7G       122M       5.7M        19M       3.3G

MemTotal:        4016004 kB
MemFree:          108700 kB
Active:           381264 kB
Mem:          3.8G       3.7G       104M       5.7M        19M       3.3G

MemTotal:        4016004 kB
MemFree:          145264 kB
Active:           376528 kB
Mem:          3.8G       3.7G       141M       5.7M        20M       3.2G

MemTotal:        4016004 kB
MemFree:          126804 kB
Active:           375000 kB
Mem:          3.8G       3.7G       123M       5.7M        20M       3.3G

MemTotal:        4016004 kB
MemFree:          120448 kB
Active:           374872 kB
Mem:          3.8G       3.7G       116M       5.7M        20M       3.3G

MemTotal:        4016004 kB
MemFree:          124956 kB
Active:           373336 kB
Mem:          3.8G       3.7G       121M       5.7M        20M       3.3G

MemTotal:        4016004 kB
MemFree:          143044 kB
Active:           369536 kB
Mem:          3.8G       3.7G       139M       5.7M        20M       3.2G

MemTotal:        4016004 kB
MemFree:          143044 kB
Active:           368684 kB
Mem:          3.8G       3.7G       139M       5.7M        20M       3.2G

MemTotal:        4016004 kB
MemFree:          143372 kB
Active:           370648 kB
Mem:          3.8G       3.7G       140M       5.7M        20M       3.2G

MemTotal:        4016004 kB
MemFree:          143396 kB
Active:           370660 kB
Mem:          3.8G       3.7G       140M       5.7M        20M       3.2G

MemTotal:        4016004 kB
MemFree:          136684 kB
Active:           368996 kB
Mem:          3.8G       3.7G       133M       5.7M        20M       3.3G

MemTotal:        4016004 kB
MemFree:          123312 kB
Active:           365928 kB
Mem:          3.8G       3.7G       119M       5.7M        20M       3.3G

MemTotal:        4016004 kB
MemFree:          125272 kB
Active:           362184 kB
Mem:          3.8G       3.7G       120M       5.7M        20M       3.3G

MemTotal:        4016004 kB
MemFree:          124564 kB
Active:           362104 kB
Mem:          3.8G       3.7G       125M       5.7M        20M       3.3G

MemTotal:        4016004 kB
MemFree:          136732 kB
Active:           361856 kB
Mem:          3.8G       3.7G       133M       5.7M        20M       3.3G

MemTotal:        4016004 kB
MemFree:          112868 kB
Active:           359548 kB
Mem:          3.8G       3.7G       109M       5.7M        20M       3.3G

MemTotal:        4016004 kB
MemFree:          111256 kB
Active:           359348 kB
Mem:          3.8G       3.7G       108M       5.7M        20M       3.3G

MemTotal:        4016004 kB
MemFree:          127688 kB
Active:           359348 kB
Mem:          3.8G       3.7G       124M       5.7M        20M       3.3G

MemTotal:        4016004 kB
MemFree:          109856 kB
Active:           359348 kB
Mem:          3.8G       3.7G       106M       5.7M        20M       3.3G

MemTotal:        4016004 kB
MemFree:          136156 kB
Active:           359356 kB
Mem:          3.8G       3.7G       132M       5.7M        20M       3.3G

MemTotal:        4016004 kB
MemFree:          134936 kB
Active:           359372 kB
Mem:          3.8G       3.7G       131M       5.7M        20M       3.3G

MemTotal:        4016004 kB
MemFree:          134084 kB
Active:           359380 kB
Mem:          3.8G       3.7G       130M       5.7M        20M       3.3G

MemTotal:        4016004 kB
MemFree:          133224 kB
Active:           359380 kB
Mem:          3.8G       3.7G       129M       5.7M        20M       3.3G

MemTotal:        4016004 kB
MemFree:          121380 kB
Active:           359380 kB
Mem:          3.8G       3.7G       117M       5.7M        20M       3.3G

MemTotal:        4016004 kB
MemFree:          120880 kB
Active:           359532 kB
Mem:          3.8G       3.7G       117M       5.7M        20M       3.3G

MemTotal:        4016004 kB
MemFree:          112480 kB
Active:           359552 kB
Mem:          3.8G       3.7G       109M       5.7M        20M       3.3G

MemTotal:        4016004 kB
MemFree:          127964 kB
Active:           359588 kB
Mem:          3.8G       3.7G       124M       5.7M        20M       3.3G

MemTotal:        4016004 kB
MemFree:          144688 kB
Active:           359196 kB
Mem:          3.8G       3.7G       140M       5.7M        20M       3.2G

MemTotal:        4016004 kB
MemFree:          110996 kB
Active:           359484 kB
Mem:          3.8G       3.7G       107M       5.7M        20M       3.3G

MemTotal:        4016004 kB
MemFree:          127988 kB
Active:           359504 kB
Mem:          3.8G       3.7G       124M       5.7M        20M       3.3G

MemTotal:        4016004 kB
MemFree:          106448 kB
Active:           358948 kB
Mem:          3.8G       3.7G       102M       5.7M        20M       3.3G

MemTotal:        4016004 kB
MemFree:          138352 kB
Active:           365920 kB
Mem:          3.8G       3.7G       135M       5.7M        27M       3.2G

MemTotal:        4016004 kB
MemFree:          138016 kB
Active:           365888 kB
Mem:          3.8G       3.7G       134M       5.7M        27M       3.2G

MemTotal:        4016004 kB
MemFree:          136728 kB
Active:           365888 kB
Mem:          3.8G       3.7G       133M       5.7M        27M       3.2G

MemTotal:        4016004 kB
MemFree:          136736 kB
Active:           365892 kB
Mem:          3.8G       3.7G       133M       5.7M        27M       3.2G

MemTotal:        4016004 kB
MemFree:          109472 kB
Active:           365892 kB
Mem:          3.8G       3.7G       106M       5.7M        27M       3.3G

MemTotal:        4016004 kB
MemFree:          128500 kB
Active:           366012 kB
Mem:          3.8G       3.7G       125M       5.7M        27M       3.3G

MemTotal:        4016004 kB
MemFree:          146260 kB
Active:           363160 kB
Mem:          3.8G       3.7G       141M       5.7M        27M       3.2G

MemTotal:        4016004 kB
MemFree:          149632 kB
Active:           362888 kB
Mem:          3.8G       3.7G       145M       5.7M        27M       3.2G

MemTotal:        4016004 kB
MemFree:          123164 kB
Active:           363044 kB
Mem:          3.8G       3.7G       119M       5.7M        27M       3.3G

MemTotal:        4016004 kB
MemFree:          137228 kB
Active:           362908 kB
Mem:          3.8G       3.7G       133M       5.7M        27M       3.2G

MemTotal:        4016004 kB
MemFree:          130028 kB
Active:           362804 kB
Mem:          3.8G       3.7G       126M       5.7M        27M       3.2G

MemTotal:        4016004 kB
MemFree:          112228 kB
Active:           362908 kB
Mem:          3.8G       3.7G       108M       5.7M        27M       3.3G

MemTotal:        4016004 kB
MemFree:          137828 kB
Active:           362796 kB
Mem:          3.8G       3.7G       134M       5.7M        27M       3.2G

MemTotal:        4016004 kB
MemFree:          137308 kB
Active:           362852 kB
Mem:          3.8G       3.7G       134M       5.7M        27M       3.2G

MemTotal:        4016004 kB
MemFree:          137500 kB
Active:           362888 kB
Mem:          3.8G       3.7G       134M       5.7M        27M       3.2G

MemTotal:        4016004 kB
MemFree:          137676 kB
Active:           362960 kB
Mem:          3.8G       3.7G       134M       5.7M        27M       3.2G

MemTotal:        4016004 kB
MemFree:          124764 kB
Active:           362932 kB
Mem:          3.8G       3.7G       121M       5.7M        27M       3.3G

MemTotal:        4016004 kB
MemFree:          129608 kB
Active:           360776 kB
Mem:          3.8G       3.7G       126M       5.7M        27M       3.2G

MemTotal:        4016004 kB
MemFree:          129460 kB
Active:           360728 kB
Mem:          3.8G       3.7G       125M       5.7M        27M       3.3G

MemTotal:        4016004 kB
MemFree:          128248 kB
Active:           360528 kB
Mem:          3.8G       3.7G       125M       5.7M        27M       3.3G

MemTotal:        4016004 kB
MemFree:          139912 kB
Active:           359680 kB
Mem:          3.8G       3.7G       136M       5.7M        27M       3.2G

MemTotal:        4016004 kB
MemFree:          139016 kB
Active:           359680 kB
Mem:          3.8G       3.7G       133M       5.7M        27M       3.2G

MemTotal:        4016004 kB
MemFree:          131864 kB
Active:           359684 kB
Mem:          3.8G       3.7G       128M       5.7M        27M       3.2G

MemTotal:        4016004 kB
MemFree:          121772 kB
Active:           359696 kB
Mem:          3.8G       3.7G       118M       5.7M        27M       3.3G

MemTotal:        4016004 kB
MemFree:          122272 kB
Active:           359708 kB
Mem:          3.8G       3.7G       118M       5.7M        27M       3.3G

MemTotal:        4016004 kB
MemFree:          132416 kB
Active:           359720 kB
Mem:          3.8G       3.7G       129M       5.7M        27M       3.2G

MemTotal:        4016004 kB
MemFree:          131528 kB
Active:           359720 kB
Mem:          3.8G       3.7G       128M       5.7M        27M       3.2G

MemTotal:        4016004 kB
MemFree:          130572 kB
Active:           359720 kB
Mem:          3.8G       3.7G       127M       5.7M        27M       3.2G

MemTotal:        4016004 kB
MemFree:          130088 kB
Active:           359720 kB
Mem:          3.8G       3.7G       127M       5.7M        27M       3.2G

MemTotal:        4016004 kB
MemFree:          123172 kB
Active:           359728 kB
Mem:          3.8G       3.7G       119M       5.7M        27M       3.3G

MemTotal:        4016004 kB
MemFree:          137100 kB
Active:           357192 kB
Mem:          3.8G       3.7G       133M       5.7M        27M       3.2G

MemTotal:        4016004 kB
MemFree:          129744 kB
Active:           357196 kB
Mem:          3.8G       3.7G       125M       5.7M        27M       3.2G

MemTotal:        4016004 kB
MemFree:          148588 kB
Active:           357196 kB
Mem:          3.8G       3.7G       144M       5.7M        27M       3.2G

MemTotal:        4016004 kB
MemFree:          125012 kB
Active:           357204 kB
Mem:          3.8G       3.7G       121M       5.7M        27M       3.3G

MemTotal:        4016004 kB
MemFree:          128596 kB
Active:           357204 kB
Mem:          3.8G       3.7G       125M       5.7M        27M       3.2G

MemTotal:        4016004 kB
MemFree:          115588 kB
Active:           357216 kB
Mem:          3.8G       3.7G       111M       5.7M        27M       3.3G

MemTotal:        4016004 kB
MemFree:          134696 kB
Active:           357632 kB
Mem:          3.8G       3.7G       131M       5.7M        27M       3.2G

MemTotal:        4016004 kB
MemFree:          127164 kB
Active:           357576 kB
Mem:          3.8G       3.7G       124M       5.7M        27M       3.3G

MemTotal:        4016004 kB
MemFree:          125956 kB
Active:           357648 kB
Mem:          3.8G       3.7G       122M       5.7M        27M       3.3G

MemTotal:        4016004 kB
MemFree:          125212 kB
Active:           357652 kB
Mem:          3.8G       3.7G       122M       5.7M        27M       3.3G

MemTotal:        4016004 kB
MemFree:          125404 kB
Active:           357652 kB
Mem:          3.8G       3.7G       122M       5.7M        27M       3.3G

MemTotal:        4016004 kB
MemFree:          112480 kB
Active:           357656 kB
Mem:          3.8G       3.7G       109M       5.7M        27M       3.3G

MemTotal:        4016004 kB
MemFree:          130700 kB
Active:           357656 kB
Mem:          3.8G       3.7G       126M       5.7M        27M       3.2G

MemTotal:        4016004 kB
MemFree:          127916 kB
Active:           357656 kB
Mem:          3.8G       3.7G       123M       5.7M        27M       3.3G

MemTotal:        4016004 kB
MemFree:          134016 kB
Active:           354136 kB
Mem:          3.8G       3.7G       129M       5.7M        27M       3.2G

MemTotal:        4016004 kB
MemFree:          121704 kB
Active:           354140 kB
Mem:          3.8G       3.7G       117M       5.7M        27M       3.3G

MemTotal:        4016004 kB
MemFree:          125172 kB
Active:           354152 kB
Mem:          3.8G       3.7G       121M       5.7M        27M       3.3G

MemTotal:        4016004 kB
MemFree:          124868 kB
Active:           354152 kB
Mem:          3.8G       3.7G       121M       5.7M        27M       3.3G

MemTotal:        4016004 kB
MemFree:          141612 kB
Active:           354156 kB
Mem:          3.8G       3.7G       138M       5.7M        27M       3.2G

MemTotal:        4016004 kB
MemFree:          105568 kB
Active:           354164 kB
Mem:          3.8G       3.7G       102M       5.7M        27M       3.3G

MemTotal:        4016004 kB
MemFree:          128264 kB
Active:           354180 kB
Mem:          3.8G       3.7G       125M       5.7M        27M       3.2G

MemTotal:        4016004 kB
MemFree:          127304 kB
Active:           354180 kB
Mem:          3.8G       3.7G       123M       5.7M        27M       3.2G

MemTotal:        4016004 kB
MemFree:          126440 kB
Active:           354180 kB
Mem:          3.8G       3.7G       123M       5.7M        27M       3.2G

MemTotal:        4016004 kB
MemFree:          130192 kB
Active:           354180 kB
Mem:          3.8G       3.7G       126M       5.7M        27M       3.2G

MemTotal:        4016004 kB
MemFree:          128148 kB
Active:           354180 kB
Mem:          3.8G       3.7G       124M       5.7M        27M       3.2G

MemTotal:        4016004 kB
MemFree:          122172 kB
Active:           354188 kB
Mem:          3.8G       3.7G       118M       5.7M        27M       3.3G

MemTotal:        4016004 kB
MemFree:          136516 kB
Active:           352304 kB
Mem:          3.8G       3.7G       132M       5.7M        27M       3.2G

MemTotal:        4016004 kB
MemFree:          110644 kB
Active:           352332 kB
Mem:          3.8G       3.7G       107M       5.7M        27M       3.3G

MemTotal:        4016004 kB
MemFree:          135200 kB
Active:           352344 kB
Mem:          3.8G       3.7G       131M       5.7M        27M       3.2G

MemTotal:        4016004 kB
MemFree:          115344 kB
Active:           352352 kB
Mem:          3.8G       3.7G       111M       5.7M        27M       3.3G

MemTotal:        4016004 kB
MemFree:          145044 kB
Active:           352360 kB
Mem:          3.8G       3.7G       141M       5.7M        27M       3.2G

MemTotal:        4016004 kB
MemFree:          113800 kB
Active:           352360 kB
Mem:          3.8G       3.7G       111M       5.7M        27M       3.3G

MemTotal:        4016004 kB
MemFree:          112416 kB
Active:           352376 kB
Mem:          3.8G       3.7G       109M       5.7M        27M       3.3G

MemTotal:        4016004 kB
MemFree:          110272 kB
Active:           352376 kB
Mem:          3.8G       3.7G       107M       5.7M        27M       3.3G

MemTotal:        4016004 kB
MemFree:          109440 kB
Active:           352380 kB
Mem:          3.8G       3.7G       106M       5.7M        27M       3.3G

MemTotal:        4016004 kB
MemFree:          129776 kB
Active:           352388 kB
Mem:          3.8G       3.7G       125M       5.7M        27M       3.2G

MemTotal:        4016004 kB
MemFree:          136852 kB
Active:           352388 kB
Mem:          3.8G       3.7G       132M       5.7M        27M       3.2G

MemTotal:        4016004 kB
MemFree:          135932 kB
Active:           350732 kB
Mem:          3.8G       3.7G       132M       5.7M        27M       3.2G

MemTotal:        4016004 kB
MemFree:          114576 kB
Active:           350732 kB
Mem:          3.8G       3.7G       111M       5.7M        27M       3.3G

MemTotal:        4016004 kB
MemFree:          127924 kB
Active:           350732 kB
Mem:          3.8G       3.7G       123M       5.7M        27M       3.2G

MemTotal:        4016004 kB
MemFree:          128276 kB
Active:           350752 kB
Mem:          3.8G       3.7G       124M       5.7M        27M       3.2G

MemTotal:        4016004 kB
MemFree:          116784 kB
Active:           350752 kB
Mem:          3.8G       3.7G       113M       5.7M        27M       3.3G

MemTotal:        4016004 kB
MemFree:          118192 kB
Active:           350752 kB
Mem:          3.8G       3.7G       114M       5.7M        27M       3.3G

MemTotal:        4016004 kB
MemFree:          131988 kB
Active:           350752 kB
Mem:          3.8G       3.7G       128M       5.7M        27M       3.2G

MemTotal:        4016004 kB
MemFree:          129092 kB
Active:           350764 kB
Mem:          3.8G       3.7G       125M       5.7M        27M       3.2G

MemTotal:        4016004 kB
MemFree:          128484 kB
Active:           350764 kB
Mem:          3.8G       3.7G       125M       5.7M        27M       3.2G

MemTotal:        4016004 kB
MemFree:          128548 kB
Active:           350772 kB
Mem:          3.8G       3.7G       125M       5.7M        27M       3.2G

MemTotal:        4016004 kB
MemFree:          126888 kB
Active:           350776 kB
Mem:          3.8G       3.7G       133M       5.7M        27M       3.2G

MemTotal:        4016004 kB
MemFree:          134336 kB
Active:           350780 kB
Mem:          3.8G       3.7G       130M       5.7M        27M       3.2G

MemTotal:        4016004 kB
MemFree:          142720 kB
Active:           348616 kB
Mem:          3.8G       3.7G       138M       5.7M        27M       3.2G

MemTotal:        4016004 kB
MemFree:          148068 kB
Active:           348616 kB
Mem:          3.8G       3.7G       144M       5.7M        27M       3.2G

MemTotal:        4016004 kB
MemFree:          126836 kB
Active:           348636 kB
Mem:          3.8G       3.7G       123M       5.7M        27M       3.2G

MemTotal:        4016004 kB
MemFree:          130264 kB
Active:           348636 kB
Mem:          3.8G       3.7G       126M       5.7M        27M       3.2G

MemTotal:        4016004 kB
MemFree:          139256 kB
Active:           348636 kB
Mem:          3.8G       3.7G       134M       5.7M        27M       3.2G

MemTotal:        4016004 kB
MemFree:          137752 kB
Active:           348640 kB
Mem:          3.8G       3.7G       134M       5.7M        27M       3.2G

MemTotal:        4016004 kB
MemFree:          136124 kB
Active:           348648 kB
Mem:          3.8G       3.7G       130M       5.7M        27M       3.2G

MemTotal:        4016004 kB
MemFree:          132464 kB
Active:           350672 kB
Mem:          3.8G       3.7G       129M       5.7M        27M       3.2G

MemTotal:        4016004 kB
MemFree:          132408 kB
Active:           350676 kB
Mem:          3.8G       3.7G       129M       5.7M        27M       3.2G

MemTotal:        4016004 kB
MemFree:          132568 kB
Active:           350676 kB
Mem:          3.8G       3.7G       129M       5.7M        27M       3.2G

MemTotal:        4016004 kB
MemFree:          143568 kB
Active:           349788 kB
Mem:          3.8G       3.7G       139M       5.7M        27M       3.2G

MemTotal:        4016004 kB
MemFree:          134136 kB
Active:           349788 kB
Mem:          3.8G       3.7G       130M       5.7M        27M       3.2G

MemTotal:        4016004 kB
MemFree:          129540 kB
Active:           349788 kB
Mem:          3.8G       3.7G       125M       5.7M        27M       3.2G

MemTotal:        4016004 kB
MemFree:          139376 kB
Active:           349732 kB
Mem:          3.8G       3.7G       135M       5.7M        27M       3.2G

MemTotal:        4016004 kB
MemFree:          143968 kB
Active:           349612 kB
Mem:          3.8G       3.7G       140M       5.7M        27M       3.2G

MemTotal:        4016004 kB
MemFree:          135224 kB
Active:           349612 kB
Mem:          3.8G       3.7G       131M       5.7M        27M       3.2G

MemTotal:        4016004 kB
MemFree:          140660 kB
Active:           349612 kB
Mem:          3.8G       3.7G       137M       5.7M        27M       3.2G

MemTotal:        4016004 kB
MemFree:          116712 kB
Active:           349612 kB
Mem:          3.8G       3.7G       113M       5.7M        27M       3.3G

MemTotal:        4016004 kB
MemFree:          115192 kB
Active:           349624 kB
Mem:          3.8G       3.7G       111M       5.7M        27M       3.3G

MemTotal:        4016004 kB
MemFree:          114652 kB
Active:           349624 kB
Mem:          3.8G       3.7G       111M       5.7M        27M       3.3G

MemTotal:        4016004 kB
MemFree:          114780 kB
Active:           349628 kB
Mem:          3.8G       3.7G       111M       5.7M        27M       3.3G

MemTotal:        4016004 kB
MemFree:          114880 kB
Active:           349628 kB
Mem:          3.8G       3.7G       112M       5.7M        27M       3.3G

MemTotal:        4016004 kB
MemFree:          111968 kB
Active:           349328 kB
Mem:          3.8G       3.7G       109M       5.7M        27M       3.3G

MemTotal:        4016004 kB
MemFree:          111968 kB
Active:           349328 kB
Mem:          3.8G       3.7G       109M       5.7M        27M       3.3G

MemTotal:        4016004 kB
MemFree:          111968 kB
Active:           349328 kB
Mem:          3.8G       3.7G       109M       5.7M        27M       3.3G

MemTotal:        4016004 kB
MemFree:          112216 kB
Active:           349336 kB
Mem:          3.8G       3.7G       109M       5.7M        27M       3.3G

MemTotal:        4016004 kB
MemFree:          112216 kB
Active:           349336 kB
Mem:          3.8G       3.7G       109M       5.7M        27M       3.3G

MemTotal:        4016004 kB
MemFree:          112092 kB
Active:           349340 kB
Mem:          3.8G       3.7G       109M       5.7M        27M       3.3G

MemTotal:        4016004 kB
MemFree:          112092 kB
Active:           349340 kB
Mem:          3.8G       3.7G       109M       5.7M        27M       3.3G

MemTotal:        4016004 kB
MemFree:          112216 kB
Active:           349340 kB
Mem:          3.8G       3.7G       109M       5.7M        27M       3.3G

MemTotal:        4016004 kB
MemFree:          112216 kB
Active:           349340 kB
Mem:          3.8G       3.7G       109M       5.7M        27M       3.3G

MemTotal:        4016004 kB
MemFree:          112528 kB
Active:           349100 kB
Mem:          3.8G       3.7G       109M       5.7M        27M       3.3G

MemTotal:        4016004 kB
MemFree:          112652 kB
Active:           349092 kB
Mem:          3.8G       3.7G       109M       5.7M        27M       3.3G

MemTotal:        4016004 kB
MemFree:          112776 kB
Active:           349084 kB
Mem:          3.8G       3.7G       110M       5.7M        27M       3.3G

MemTotal:        4016004 kB
MemFree:          112900 kB
Active:           349096 kB
Mem:          3.8G       3.7G       110M       5.7M        27M       3.3G

MemTotal:        4016004 kB
MemFree:          112528 kB
Active:           349112 kB
Mem:          3.8G       3.7G       109M       5.7M        27M       3.3G

MemTotal:        4016004 kB
MemFree:          112900 kB
Active:           349068 kB
Mem:          3.8G       3.7G       110M       5.7M        27M       3.3G

MemTotal:        4016004 kB
MemFree:          113024 kB
Active:           349116 kB
Mem:          3.8G       3.7G       110M       5.7M        27M       3.3G

MemTotal:        4016004 kB
MemFree:          113148 kB
Active:           349108 kB
Mem:          3.8G       3.7G       110M       5.7M        27M       3.3G

MemTotal:        4016004 kB
MemFree:          112652 kB
Active:           349124 kB
Mem:          3.8G       3.7G       110M       5.7M        27M       3.3G

MemTotal:        4016004 kB
MemFree:          113024 kB
Active:           349092 kB
Mem:          3.8G       3.7G       110M       5.7M        27M       3.3G

MemTotal:        4016004 kB
MemFree:          112528 kB
Active:           349128 kB
Mem:          3.8G       3.7G       110M       5.7M        27M       3.3G

MemTotal:        4016004 kB
MemFree:          112672 kB
Active:           349128 kB
Mem:          3.8G       3.7G       110M       5.7M        27M       3.3G

MemTotal:        4016004 kB
MemFree:          112920 kB
Active:           349084 kB
Mem:          3.8G       3.7G       110M       5.7M        27M       3.3G

MemTotal:        4016004 kB
MemFree:          113168 kB
Active:           349084 kB
Mem:          3.8G       3.7G       110M       5.7M        27M       3.3G

MemTotal:        4016004 kB
MemFree:          112672 kB
Active:           349128 kB
Mem:          3.8G       3.7G       110M       5.7M        27M       3.3G

MemTotal:        4016004 kB
MemFree:          113168 kB
Active:           349076 kB
Mem:          3.8G       3.7G       110M       5.7M        27M       3.3G

MemTotal:        4016004 kB
MemFree:          113292 kB
Active:           349128 kB
Mem:          3.8G       3.7G       110M       5.7M        27M       3.3G

MemTotal:        4016004 kB
MemFree:          113168 kB
Active:           349120 kB
Mem:          3.8G       3.7G       110M       5.7M        27M       3.3G

MemTotal:        4016004 kB
MemFree:          112920 kB
Active:           349136 kB
Mem:          3.8G       3.7G       110M       5.7M        27M       3.3G

MemTotal:        4016004 kB
MemFree:          112920 kB
Active:           349112 kB
Mem:          3.8G       3.7G       110M       5.7M        27M       3.3G

MemTotal:        4016004 kB
MemFree:          112796 kB
Active:           349140 kB
Mem:          3.8G       3.7G       110M       5.7M        27M       3.3G

MemTotal:        4016004 kB
MemFree:          113044 kB
Active:           349088 kB
Mem:          3.8G       3.7G       110M       5.7M        27M       3.3G

MemTotal:        4016004 kB
MemFree:          112672 kB
Active:           349144 kB
Mem:          3.8G       3.7G       110M       5.7M        27M       3.3G

MemTotal:        4016004 kB
MemFree:          112300 kB
Active:           349152 kB
Mem:          3.8G       3.7G       109M       5.7M        27M       3.3G

MemTotal:        4016004 kB
MemFree:          112424 kB
Active:           349160 kB
Mem:          3.8G       3.7G       109M       5.7M        27M       3.3G

MemTotal:        4016004 kB
MemFree:          113168 kB
Active:           349148 kB
Mem:          3.8G       3.7G       110M       5.7M        27M       3.3G

MemTotal:        4016004 kB
MemFree:          113448 kB
Active:           349140 kB
Mem:          3.8G       3.7G       110M       5.7M        27M       3.3G

MemTotal:        4016004 kB
MemFree:          112828 kB
Active:           349160 kB
Mem:          3.8G       3.7G       110M       5.7M        27M       3.3G

MemTotal:        4016004 kB
MemFree:          113200 kB
Active:           349148 kB
Mem:          3.8G       3.7G       110M       5.7M        27M       3.3G

MemTotal:        4016004 kB
MemFree:          113200 kB
Active:           349148 kB
Mem:          3.8G       3.7G       110M       5.7M        27M       3.3G

MemTotal:        4016004 kB
MemFree:          113324 kB
Active:           349136 kB
Mem:          3.8G       3.7G       110M       5.7M        27M       3.3G

MemTotal:        4016004 kB
MemFree:          112704 kB
Active:           349160 kB
Mem:          3.8G       3.7G       110M       5.7M        27M       3.3G

MemTotal:        4016004 kB
MemFree:          112704 kB
Active:           349160 kB
Mem:          3.8G       3.7G       110M       5.7M        27M       3.3G

MemTotal:        4016004 kB
MemFree:          113200 kB
Active:           349160 kB
Mem:          3.8G       3.7G       110M       5.7M        27M       3.3G

MemTotal:        4016004 kB
MemFree:          112828 kB
Active:           349172 kB
Mem:          3.8G       3.7G       110M       5.7M        27M       3.3G

MemTotal:        4016004 kB
MemFree:          112984 kB
Active:           349176 kB
Mem:          3.8G       3.7G       110M       5.7M        27M       3.3G

MemTotal:        4016004 kB
MemFree:          112984 kB
Active:           349180 kB
Mem:          3.8G       3.7G       110M       5.7M        27M       3.3G

MemTotal:        4016004 kB
MemFree:          113356 kB
Active:           349164 kB
Mem:          3.8G       3.7G       110M       5.7M        27M       3.3G

MemTotal:        4016004 kB
MemFree:          112860 kB
Active:           349188 kB
Mem:          3.8G       3.7G       110M       5.7M        27M       3.3G

MemTotal:        4016004 kB
MemFree:          112736 kB
Active:           349136 kB
Mem:          3.8G       3.7G       109M       5.7M        27M       3.3G

MemTotal:        4016004 kB
MemFree:          112984 kB
Active:           349144 kB
Mem:          3.8G       3.7G       110M       5.7M        27M       3.3G

MemTotal:        4016004 kB
MemFree:          112488 kB
Active:           349188 kB
Mem:          3.8G       3.7G       109M       5.7M        27M       3.3G

MemTotal:        4016004 kB
MemFree:          112860 kB
Active:           349152 kB
Mem:          3.8G       3.7G       110M       5.7M        27M       3.3G

MemTotal:        4016004 kB
MemFree:          112984 kB
Active:           349160 kB
Mem:          3.8G       3.7G       110M       5.7M        27M       3.3G

MemTotal:        4016004 kB
MemFree:          113108 kB
Active:           349152 kB
Mem:          3.8G       3.7G       110M       5.7M        27M       3.3G

MemTotal:        4016004 kB
MemFree:          112712 kB
Active:           347236 kB
Mem:          3.8G       3.7G       109M       5.7M        27M       3.3G

MemTotal:        4016004 kB
MemFree:          112300 kB
Active:           349292 kB
Mem:          3.8G       3.7G       109M       5.7M        27M       3.3G

MemTotal:        4016004 kB
MemFree:          112548 kB
Active:           349256 kB
Mem:          3.8G       3.7G       109M       5.7M        27M       3.3G

MemTotal:        4016004 kB
MemFree:          112796 kB
Active:           349248 kB
Mem:          3.8G       3.7G       110M       5.7M        27M       3.3G

MemTotal:        4016004 kB
MemFree:          112564 kB
Active:           349292 kB
Mem:          3.8G       3.7G       109M       5.7M        27M       3.3G

MemTotal:        4016004 kB
MemFree:          112688 kB
Active:           349276 kB
Mem:          3.8G       3.7G       110M       5.7M        27M       3.3G

MemTotal:        4016004 kB
MemFree:          112812 kB
Active:           349264 kB
Mem:          3.8G       3.7G       110M       5.7M        27M       3.3G

MemTotal:        4016004 kB
MemFree:          112812 kB
Active:           349264 kB
Mem:          3.8G       3.7G       110M       5.7M        27M       3.3G

MemTotal:        4016004 kB
MemFree:          112440 kB
Active:           349300 kB
Mem:          3.8G       3.7G       109M       5.7M        27M       3.3G

MemTotal:        4016004 kB
MemFree:          112688 kB
Active:           349284 kB
Mem:          3.8G       3.7G       110M       5.7M        27M       3.3G

MemTotal:        4016004 kB
MemFree:          112564 kB
Active:           349300 kB
Mem:          3.8G       3.7G       110M       5.7M        27M       3.3G

MemTotal:        4016004 kB
MemFree:          112564 kB
Active:           349304 kB
Mem:          3.8G       3.7G       109M       5.7M        27M       3.3G

MemTotal:        4016004 kB
MemFree:          112812 kB
Active:           349312 kB
Mem:          3.8G       3.7G       110M       5.7M        27M       3.3G

MemTotal:        4016004 kB
MemFree:          113184 kB
Active:           349300 kB
Mem:          3.8G       3.7G       110M       5.7M        27M       3.3G

MemTotal:        4016004 kB
MemFree:          112952 kB
Active:           349312 kB
Mem:          3.8G       3.7G       110M       5.7M        27M       3.3G

MemTotal:        4016004 kB
MemFree:          112952 kB
Active:           349312 kB
Mem:          3.8G       3.7G       110M       5.7M        27M       3.3G

MemTotal:        4016004 kB
MemFree:          113324 kB
Active:           349300 kB
Mem:          3.8G       3.7G       110M       5.7M        27M       3.3G

MemTotal:        4016004 kB
MemFree:          113324 kB
Active:           349304 kB
Mem:          3.8G       3.7G       110M       5.7M        27M       3.3G

MemTotal:        4016004 kB
MemFree:          112828 kB
Active:           349316 kB
Mem:          3.8G       3.7G       110M       5.7M        27M       3.3G

MemTotal:        4016004 kB
MemFree:          112952 kB
Active:           349272 kB
Mem:          3.8G       3.7G       110M       5.7M        27M       3.3G

MemTotal:        4016004 kB
MemFree:          110904 kB
Active:           349272 kB
Mem:          3.8G       3.7G       108M       5.7M        27M       3.3G

MemTotal:        4016004 kB
MemFree:          111152 kB
Active:           351292 kB
Mem:          3.8G       3.7G       108M       5.7M        27M       3.3G

MemTotal:        4016004 kB
MemFree:          110532 kB
Active:           351344 kB
Mem:          3.8G       3.7G       108M       5.7M        27M       3.3G

MemTotal:        4016004 kB
MemFree:          110904 kB
Active:           351292 kB
Mem:          3.8G       3.7G       108M       5.7M        27M       3.3G

MemTotal:        4016004 kB
MemFree:          110780 kB
Active:           351344 kB
Mem:          3.8G       3.7G       108M       5.7M        27M       3.3G

MemTotal:        4016004 kB
MemFree:          110904 kB
Active:           351308 kB
Mem:          3.8G       3.7G       108M       5.7M        27M       3.3G

MemTotal:        4016004 kB
MemFree:          110904 kB
Active:           351332 kB
Mem:          3.8G       3.7G       108M       5.7M        27M       3.3G

MemTotal:        4016004 kB
MemFree:          110656 kB
Active:           351352 kB
Mem:          3.8G       3.7G       108M       5.7M        27M       3.3G

MemTotal:        4016004 kB
MemFree:          110904 kB
Active:           351344 kB
Mem:          3.8G       3.7G       108M       5.7M        27M       3.3G

MemTotal:        4016004 kB
MemFree:          110656 kB
Active:           351352 kB
Mem:          3.8G       3.7G       108M       5.7M        27M       3.3G

MemTotal:        4016004 kB
MemFree:          110656 kB
Active:           351324 kB
Mem:          3.8G       3.7G       107M       5.7M        27M       3.3G

MemTotal:        4016004 kB
MemFree:          110780 kB
Active:           351324 kB
Mem:          3.8G       3.7G       108M       5.7M        27M       3.3G

MemTotal:        4016004 kB
MemFree:          110408 kB
Active:           351352 kB
Mem:          3.8G       3.7G       107M       5.7M        27M       3.3G

MemTotal:        4016004 kB
MemFree:          110656 kB
Active:           351296 kB
Mem:          3.8G       3.7G       108M       5.7M        27M       3.3G

MemTotal:        4016004 kB
MemFree:          110656 kB
Active:           351336 kB
Mem:          3.8G       3.7G       108M       5.7M        27M       3.3G

MemTotal:        4016004 kB
MemFree:          110284 kB
Active:           351356 kB
Mem:          3.8G       3.7G       107M       5.7M        27M       3.3G

MemTotal:        4016004 kB
MemFree:          110284 kB
Active:           351356 kB
Mem:          3.8G       3.7G       107M       5.7M        27M       3.3G

MemTotal:        4016004 kB
MemFree:          110532 kB
Active:           351308 kB
Mem:          3.8G       3.7G       107M       5.7M        27M       3.3G

MemTotal:        4016004 kB
MemFree:          110656 kB
Active:           351352 kB
Mem:          3.8G       3.7G       108M       5.7M        27M       3.3G

MemTotal:        4016004 kB
MemFree:          110284 kB
Active:           351360 kB
Mem:          3.8G       3.7G       107M       5.7M        27M       3.3G

MemTotal:        4016004 kB
MemFree:          110532 kB
Active:           351324 kB
Mem:          3.8G       3.7G       107M       5.7M        27M       3.3G

MemTotal:        4016004 kB
MemFree:          110656 kB
Active:           351328 kB
Mem:          3.8G       3.7G       108M       5.7M        27M       3.3G

MemTotal:        4016004 kB
MemFree:          110780 kB
Active:           351328 kB
Mem:          3.8G       3.7G       108M       5.7M        27M       3.3G

MemTotal:        4016004 kB
MemFree:          110780 kB
Active:           351324 kB
Mem:          3.8G       3.7G       108M       5.7M        27M       3.3G

MemTotal:        4016004 kB
MemFree:          110780 kB
Active:           351320 kB
Mem:          3.8G       3.7G       107M       5.7M        27M       3.3G

MemTotal:        4016004 kB
MemFree:          110904 kB
Active:           351372 kB
Mem:          3.8G       3.7G       108M       5.7M        27M       3.3G

MemTotal:        4016004 kB
MemFree:          110532 kB
Active:           351380 kB
Mem:          3.8G       3.7G       108M       5.7M        27M       3.3G

MemTotal:        4016004 kB
MemFree:          110904 kB
Active:           351372 kB
Mem:          3.8G       3.7G       108M       5.7M        27M       3.3G

MemTotal:        4016004 kB
MemFree:          110408 kB
Active:           351384 kB
Mem:          3.8G       3.7G       107M       5.7M        27M       3.3G

MemTotal:        4016004 kB
MemFree:          110532 kB
Active:           351348 kB
Mem:          3.8G       3.7G       107M       5.7M        27M       3.3G

MemTotal:        4016004 kB
MemFree:          110656 kB
Active:           351388 kB
Mem:          3.8G       3.7G       108M       5.7M        27M       3.3G

MemTotal:        4016004 kB
MemFree:          110656 kB
Active:           351376 kB
Mem:          3.8G       3.7G       107M       5.7M        27M       3.3G

MemTotal:        4016004 kB
MemFree:          110408 kB
Active:           351384 kB
Mem:          3.8G       3.7G       107M       5.7M        27M       3.3G

MemTotal:        4016004 kB
MemFree:          110408 kB
Active:           351360 kB
Mem:          3.8G       3.7G       107M       5.7M        27M       3.3G

MemTotal:        4016004 kB
MemFree:          110284 kB
Active:           351360 kB
Mem:          3.8G       3.7G       107M       5.7M        27M       3.3G

MemTotal:        4016004 kB
MemFree:          110532 kB
Active:           351404 kB
Mem:          3.8G       3.7G       108M       5.7M        27M       3.3G

MemTotal:        4016004 kB
MemFree:          110408 kB
Active:           351404 kB
Mem:          3.8G       3.7G       107M       5.7M        27M       3.3G

MemTotal:        4016004 kB
MemFree:          110656 kB
Active:           351360 kB
Mem:          3.8G       3.7G       108M       5.7M        27M       3.3G

MemTotal:        4016004 kB
MemFree:          110904 kB
Active:           351360 kB
Mem:          3.8G       3.7G       108M       5.7M        27M       3.3G

MemTotal:        4016004 kB
MemFree:          110656 kB
Active:           351404 kB
Mem:          3.8G       3.7G       108M       5.7M        27M       3.3G

MemTotal:        4016004 kB
MemFree:          108484 kB
Active:           351408 kB
Mem:          3.8G       3.7G       105M       5.7M        27M       3.3G

MemTotal:        4016004 kB
MemFree:          108856 kB
Active:           353444 kB
Mem:          3.8G       3.7G       106M       5.7M        27M       3.3G

MemTotal:        4016004 kB
MemFree:          109104 kB
Active:           353404 kB
Mem:          3.8G       3.7G       106M       5.7M        27M       3.3G

MemTotal:        4016004 kB
MemFree:          108608 kB
Active:           353460 kB
Mem:          3.8G       3.7G       106M       5.7M        27M       3.3G

MemTotal:        4016004 kB
MemFree:          108980 kB
Active:           353412 kB
Mem:          3.8G       3.7G       106M       5.7M        27M       3.3G

MemTotal:        4016004 kB
MemFree:          109104 kB
Active:           353420 kB
Mem:          3.8G       3.7G       106M       5.7M        27M       3.3G

MemTotal:        4016004 kB
MemFree:          109104 kB
Active:           353424 kB
Mem:          3.8G       3.7G       106M       5.7M        27M       3.3G

MemTotal:        4016004 kB
MemFree:          109104 kB
Active:           353412 kB
Mem:          3.8G       3.7G       106M       5.7M        27M       3.3G

MemTotal:        4016004 kB
MemFree:          109228 kB
Active:           353412 kB
Mem:          3.8G       3.7G       106M       5.7M        27M       3.3G

MemTotal:        4016004 kB
MemFree:          109104 kB
Active:           353424 kB
Mem:          3.8G       3.7G       106M       5.7M        27M       3.3G

MemTotal:        4016004 kB
MemFree:          108980 kB
Active:           353436 kB
Mem:          3.8G       3.7G       106M       5.7M        27M       3.3G

MemTotal:        4016004 kB
MemFree:          109104 kB
Active:           353440 kB
Mem:          3.8G       3.7G       106M       5.7M        27M       3.3G

MemTotal:        4016004 kB
MemFree:          108360 kB
Active:           353468 kB
Mem:          3.8G       3.7G       105M       5.7M        27M       3.3G

MemTotal:        4016004 kB
MemFree:          108236 kB
Active:           353468 kB
Mem:          3.8G       3.7G       106M       5.7M        27M       3.3G

MemTotal:        4016004 kB
MemFree:          108608 kB
Active:           353472 kB
Mem:          3.8G       3.7G       106M       5.7M        27M       3.3G

MemTotal:        4016004 kB
MemFree:          108732 kB
Active:           353452 kB
Mem:          3.8G       3.7G       106M       5.7M        27M       3.3G

MemTotal:        4016004 kB
MemFree:          108856 kB
Active:           353488 kB
Mem:          3.8G       3.7G       106M       5.7M        27M       3.3G

MemTotal:        4016004 kB
MemFree:          108608 kB
Active:           353488 kB
Mem:          3.8G       3.7G       106M       5.7M        27M       3.3G

MemTotal:        4016004 kB
MemFree:          108608 kB
Active:           353432 kB
Mem:          3.8G       3.7G       105M       5.7M        27M       3.3G

MemTotal:        4016004 kB
MemFree:          108360 kB
Active:           353488 kB
Mem:          3.8G       3.7G       105M       5.7M        27M       3.3G

MemTotal:        4016004 kB
MemFree:          108484 kB
Active:           353448 kB
Mem:          3.8G       3.7G       105M       5.7M        27M       3.3G

MemTotal:        4016004 kB
MemFree:          108608 kB
Active:           353448 kB
Mem:          3.8G       3.7G       106M       5.7M        27M       3.3G

MemTotal:        4016004 kB
MemFree:          108732 kB
Active:           353464 kB
Mem:          3.8G       3.7G       106M       5.7M        27M       3.3G

MemTotal:        4016004 kB
MemFree:          108484 kB
Active:           353496 kB
Mem:          3.8G       3.7G       105M       5.7M        27M       3.3G

MemTotal:        4016004 kB
MemFree:          108856 kB
Active:           353452 kB
Mem:          3.8G       3.7G       106M       5.7M        27M       3.3G

MemTotal:        4016004 kB
MemFree:          108856 kB
Active:           353444 kB
Mem:          3.8G       3.7G       106M       5.7M        27M       3.3G

MemTotal:        4016004 kB
MemFree:          108484 kB
Active:           353496 kB
Mem:          3.8G       3.7G       105M       5.7M        27M       3.3G

MemTotal:        4016004 kB
MemFree:          108856 kB
Active:           353476 kB
Mem:          3.8G       3.7G       106M       5.7M        27M       3.3G

MemTotal:        4016004 kB
MemFree:          108608 kB
Active:           353484 kB
Mem:          3.8G       3.7G       106M       5.7M        27M       3.3G

MemTotal:        4016004 kB
MemFree:          108608 kB
Active:           353488 kB
Mem:          3.8G       3.7G       105M       5.7M        27M       3.3G

MemTotal:        4016004 kB
MemFree:          108236 kB
Active:           353512 kB
Mem:          3.8G       3.7G       105M       5.7M        27M       3.3G

MemTotal:        4016004 kB
MemFree:          108608 kB
Active:           353472 kB
Mem:          3.8G       3.7G       106M       5.7M        27M       3.3G

MemTotal:        4016004 kB
MemFree:          108608 kB
Active:           353488 kB
Mem:          3.8G       3.7G       105M       5.7M        27M       3.3G

MemTotal:        4016004 kB
MemFree:          108236 kB
Active:           353516 kB
Mem:          3.8G       3.7G       105M       5.7M        27M       3.3G

MemTotal:        4016004 kB
MemFree:          108484 kB
Active:           353484 kB
Mem:          3.8G       3.7G       105M       5.7M        27M       3.3G

MemTotal:        4016004 kB
MemFree:          108112 kB
Active:           353524 kB
Mem:          3.8G       3.7G       105M       5.7M        27M       3.3G

MemTotal:        4016004 kB
MemFree:          108360 kB
Active:           353472 kB
Mem:          3.8G       3.7G       105M       5.7M        27M       3.3G

MemTotal:        4016004 kB
MemFree:          108360 kB
Active:           353528 kB
Mem:          3.8G       3.7G       105M       5.7M        27M       3.3G

MemTotal:        4016004 kB
MemFree:          108608 kB
Active:           353528 kB
Mem:          3.8G       3.7G       106M       5.7M        27M       3.3G

MemTotal:        4016004 kB
MemFree:          108732 kB
Active:           353516 kB
Mem:          3.8G       3.7G       106M       5.7M        27M       3.3G

MemTotal:        4016004 kB
MemFree:          108732 kB
Active:           353480 kB
Mem:          3.8G       3.7G       106M       5.7M        27M       3.3G

MemTotal:        4016004 kB
MemFree:          108360 kB
Active:           353536 kB
Mem:          3.8G       3.7G       105M       5.7M        27M       3.3G

MemTotal:        4016004 kB
MemFree:          108608 kB
Active:           353508 kB
Mem:          3.8G       3.7G       105M       5.7M        27M       3.3G

MemTotal:        4016004 kB
MemFree:          108592 kB
Active:           353504 kB
Mem:          3.8G       3.7G       105M       5.7M        27M       3.3G

MemTotal:        4016004 kB
MemFree:          108096 kB
Active:           353544 kB
Mem:          3.8G       3.7G       105M       5.7M        27M       3.3G

MemTotal:        4016004 kB
MemFree:          108592 kB
Active:           353504 kB
Mem:          3.8G       3.7G       106M       5.7M        27M       3.3G

MemTotal:        4016004 kB
MemFree:          108592 kB
Active:           353516 kB
Mem:          3.8G       3.7G       105M       5.7M        27M       3.3G

MemTotal:        4016004 kB
MemFree:          108220 kB
Active:           353556 kB
Mem:          3.8G       3.7G       105M       5.7M        27M       3.3G

MemTotal:        4016004 kB
MemFree:          108716 kB
Active:           353512 kB
Mem:          3.8G       3.7G       106M       5.7M        27M       3.3G

MemTotal:        4016004 kB
MemFree:          108592 kB
Active:           353508 kB
Mem:          3.8G       3.7G       106M       5.7M        27M       3.3G

MemTotal:        4016004 kB
MemFree:          108716 kB
Active:           353500 kB
Mem:          3.8G       3.7G       106M       5.7M        27M       3.3G

MemTotal:        4016004 kB
MemFree:          108716 kB
Active:           353556 kB
Mem:          3.8G       3.7G       106M       5.7M        27M       3.3G

MemTotal:        4016004 kB
MemFree:          108716 kB
Active:           353508 kB
Mem:          3.8G       3.7G       106M       5.7M        27M       3.3G

MemTotal:        4016004 kB
MemFree:          108840 kB
Active:           353520 kB
Mem:          3.8G       3.7G       106M       5.7M        27M       3.3G

MemTotal:        4016004 kB
MemFree:          108344 kB
Active:           353572 kB
Mem:          3.8G       3.7G       105M       5.7M        27M       3.3G

MemTotal:        4016004 kB
MemFree:          108220 kB
Active:           353544 kB
Mem:          3.8G       3.7G       105M       5.7M        27M       3.3G

MemTotal:        4016004 kB
MemFree:          108220 kB
Active:           353556 kB
Mem:          3.8G       3.7G       105M       5.7M        27M       3.3G

MemTotal:        4016004 kB
MemFree:          107724 kB
Active:           353576 kB
Mem:          3.8G       3.7G       105M       5.7M        27M       3.3G

MemTotal:        4016004 kB
MemFree:          107972 kB
Active:           353576 kB
Mem:          3.8G       3.7G       105M       5.7M        27M       3.3G

MemTotal:        4016004 kB
MemFree:          108220 kB
Active:           353544 kB
Mem:          3.8G       3.7G       105M       5.7M        27M       3.3G

MemTotal:        4016004 kB
MemFree:          108344 kB
Active:           353552 kB
Mem:          3.8G       3.7G       105M       5.7M        27M       3.3G

MemTotal:        4016004 kB
MemFree:          108344 kB
Active:           353532 kB
Mem:          3.8G       3.7G       105M       5.7M        27M       3.3G

MemTotal:        4016004 kB
MemFree:          108344 kB
Active:           353524 kB
Mem:          3.8G       3.7G       105M       5.7M        28M       3.3G

MemTotal:        4016004 kB
MemFree:          108088 kB
Active:           353696 kB
Mem:          3.8G       3.7G       105M       5.7M        28M       3.3G

MemTotal:        4016004 kB
MemFree:          108212 kB
Active:           353696 kB
Mem:          3.8G       3.7G       105M       5.7M        28M       3.3G

MemTotal:        4016004 kB
MemFree:          108584 kB
Active:           353692 kB
Mem:          3.8G       3.7G       106M       5.7M        28M       3.3G

