MemTotal:        4016004 kB
MemFree:         3257176 kB
Active:           405224 kB
Mem:          3.8G       741M       3.1G       5.7M        55M       314M

MemTotal:        4016004 kB
MemFree:         3256864 kB
Active:           405804 kB
Mem:          3.8G       741M       3.1G       5.7M        55M       314M

MemTotal:        4016004 kB
MemFree:         3256600 kB
Active:           405900 kB
Mem:          3.8G       741M       3.1G       5.7M        55M       314M

MemTotal:        4016004 kB
MemFree:         3256088 kB
Active:           405892 kB
Mem:          3.8G       742M       3.1G       5.7M        55M       314M

MemTotal:        4016004 kB
MemFree:         3255576 kB
Active:           405904 kB
Mem:          3.8G       742M       3.1G       5.7M        55M       314M

MemTotal:        4016004 kB
MemFree:         3255188 kB
Active:           405904 kB
Mem:          3.8G       742M       3.1G       5.7M        55M       314M

MemTotal:        4016004 kB
MemFree:         3255296 kB
Active:           405904 kB
Mem:          3.8G       742M       3.1G       5.7M        55M       314M

MemTotal:        4016004 kB
MemFree:         3255280 kB
Active:           405880 kB
Mem:          3.8G       742M       3.1G       5.7M        55M       314M

MemTotal:        4016004 kB
MemFree:         3254892 kB
Active:           405912 kB
Mem:          3.8G       743M       3.1G       5.7M        55M       314M

MemTotal:        4016004 kB
MemFree:         3254752 kB
Active:           405888 kB
Mem:          3.8G       743M       3.1G       5.7M        55M       314M

MemTotal:        4016004 kB
MemFree:         3254860 kB
Active:           405876 kB
Mem:          3.8G       743M       3.1G       5.7M        55M       314M

MemTotal:        4016004 kB
MemFree:         3254844 kB
Active:           405860 kB
Mem:          3.8G       743M       3.1G       5.7M        55M       314M

MemTotal:        4016004 kB
MemFree:         3255324 kB
Active:           405868 kB
Mem:          3.8G       742M       3.1G       5.7M        55M       314M

MemTotal:        4016004 kB
MemFree:         3255184 kB
Active:           405872 kB
Mem:          3.8G       743M       3.1G       5.7M        55M       314M

MemTotal:        4016004 kB
MemFree:         3255292 kB
Active:           405908 kB
Mem:          3.8G       742M       3.1G       5.7M        55M       314M

MemTotal:        4016004 kB
MemFree:         3254780 kB
Active:           405916 kB
Mem:          3.8G       743M       3.1G       5.7M        55M       314M

MemTotal:        4016004 kB
MemFree:         3256656 kB
Active:           403892 kB
Mem:          3.8G       741M       3.1G       5.7M        55M       314M

MemTotal:        4016004 kB
MemFree:         3256240 kB
Active:           403892 kB
Mem:          3.8G       741M       3.1G       5.7M        55M       314M

MemTotal:        4016004 kB
MemFree:         3256736 kB
Active:           403876 kB
Mem:          3.8G       741M       3.1G       5.7M        55M       314M

MemTotal:        4016004 kB
MemFree:         3256488 kB
Active:           403892 kB
Mem:          3.8G       741M       3.1G       5.7M        55M       314M

MemTotal:        4016004 kB
MemFree:         3256240 kB
Active:           403900 kB
Mem:          3.8G       741M       3.1G       5.7M        55M       314M

MemTotal:        4016004 kB
MemFree:         3256860 kB
Active:           403888 kB
Mem:          3.8G       741M       3.1G       5.7M        55M       314M

MemTotal:        4016004 kB
MemFree:         3256860 kB
Active:           403896 kB
Mem:          3.8G       741M       3.1G       5.7M        55M       314M

MemTotal:        4016004 kB
MemFree:         3256984 kB
Active:           403844 kB
Mem:          3.8G       741M       3.1G       5.7M        55M       314M

MemTotal:        4016004 kB
MemFree:         3257108 kB
Active:           403888 kB
Mem:          3.8G       741M       3.1G       5.7M        55M       314M

MemTotal:        4016004 kB
MemFree:         3256952 kB
Active:           403888 kB
Mem:          3.8G       741M       3.1G       5.7M        55M       314M

MemTotal:        4016004 kB
MemFree:         3257060 kB
Active:           403852 kB
Mem:          3.8G       741M       3.1G       5.7M        55M       314M

MemTotal:        4016004 kB
MemFree:         3257072 kB
Active:           402044 kB
Mem:          3.8G       741M       3.1G       5.7M        55M       314M

MemTotal:        4016004 kB
MemFree:         3257460 kB
Active:           403864 kB
Mem:          3.8G       741M       3.1G       5.7M        55M       314M

MemTotal:        4016004 kB
MemFree:         3257212 kB
Active:           403884 kB
Mem:          3.8G       741M       3.1G       5.7M        55M       314M

MemTotal:        4016004 kB
MemFree:         3256964 kB
Active:           403924 kB
Mem:          3.8G       741M       3.1G       5.7M        55M       314M

MemTotal:        4016004 kB
MemFree:         3256796 kB
Active:           403924 kB
Mem:          3.8G       741M       3.1G       5.7M        55M       314M

MemTotal:        4016004 kB
MemFree:         3256920 kB
Active:           403916 kB
Mem:          3.8G       741M       3.1G       5.7M        55M       314M

MemTotal:        4016004 kB
MemFree:         3256920 kB
Active:           403876 kB
Mem:          3.8G       741M       3.1G       5.7M        55M       314M

MemTotal:        4016004 kB
MemFree:         3256920 kB
Active:           403876 kB
Mem:          3.8G       741M       3.1G       5.7M        55M       314M

MemTotal:        4016004 kB
MemFree:         3256796 kB
Active:           403892 kB
Mem:          3.8G       741M       3.1G       5.7M        55M       314M

MemTotal:        4016004 kB
MemFree:         3256424 kB
Active:           403936 kB
Mem:          3.8G       741M       3.1G       5.7M        55M       314M

MemTotal:        4016004 kB
MemFree:         3256672 kB
Active:           403892 kB
Mem:          3.8G       741M       3.1G       5.7M        55M       314M

MemTotal:        4016004 kB
MemFree:         3256532 kB
Active:           403908 kB
Mem:          3.8G       741M       3.1G       5.7M        55M       314M

MemTotal:        4016004 kB
MemFree:         3257012 kB
Active:           403904 kB
Mem:          3.8G       741M       3.1G       5.7M        55M       314M

MemTotal:        4016004 kB
MemFree:         3256624 kB
Active:           403940 kB
Mem:          3.8G       741M       3.1G       5.7M        55M       314M

MemTotal:        4016004 kB
MemFree:         3256608 kB
Active:           403940 kB
Mem:          3.8G       741M       3.1G       5.7M        55M       314M

MemTotal:        4016004 kB
MemFree:         3257104 kB
Active:           403900 kB
Mem:          3.8G       741M       3.1G       5.7M        55M       314M

MemTotal:        4016004 kB
MemFree:         3256732 kB
Active:           403952 kB
Mem:          3.8G       741M       3.1G       5.7M        55M       314M

MemTotal:        4016004 kB
MemFree:         3257252 kB
Active:           403908 kB
Mem:          3.8G       741M       3.1G       5.7M        55M       314M

MemTotal:        4016004 kB
MemFree:         3257112 kB
Active:           403932 kB
Mem:          3.8G       741M       3.1G       5.7M        55M       314M

MemTotal:        4016004 kB
MemFree:         3257096 kB
Active:           403900 kB
Mem:          3.8G       741M       3.1G       5.7M        55M       314M

MemTotal:        4016004 kB
MemFree:         3256452 kB
Active:           401972 kB
Mem:          3.8G       741M       3.1G       5.7M        55M       314M

MemTotal:        4016004 kB
MemFree:         3256948 kB
Active:           403960 kB
Mem:          3.8G       741M       3.1G       5.7M        55M       314M

MemTotal:        4016004 kB
MemFree:         3256452 kB
Active:           404004 kB
Mem:          3.8G       741M       3.1G       5.7M        55M       314M

MemTotal:        4016004 kB
MemFree:         3256932 kB
Active:           404004 kB
Mem:          3.8G       741M       3.1G       5.7M        55M       314M

MemTotal:        4016004 kB
MemFree:         3257196 kB
Active:           403976 kB
Mem:          3.8G       741M       3.1G       5.7M        55M       314M

MemTotal:        4016004 kB
MemFree:         3256824 kB
Active:           404008 kB
Mem:          3.8G       741M       3.1G       5.7M        55M       314M

MemTotal:        4016004 kB
MemFree:         3256824 kB
Active:           404020 kB
Mem:          3.8G       741M       3.1G       5.7M        55M       314M

MemTotal:        4016004 kB
MemFree:         3256916 kB
Active:           403976 kB
Mem:          3.8G       741M       3.1G       5.7M        55M       314M

MemTotal:        4016004 kB
MemFree:         3256528 kB
Active:           404012 kB
Mem:          3.8G       741M       3.1G       5.7M        55M       314M

MemTotal:        4016004 kB
MemFree:         3256900 kB
Active:           403992 kB
Mem:          3.8G       741M       3.1G       5.7M        55M       314M

MemTotal:        4016004 kB
MemFree:         3256760 kB
Active:           401964 kB
Mem:          3.8G       741M       3.1G       5.7M        55M       314M

MemTotal:        4016004 kB
MemFree:         3256492 kB
Active:           404032 kB
Mem:          3.8G       741M       3.1G       5.7M        55M       314M

MemTotal:        4016004 kB
MemFree:         3256460 kB
Active:           404032 kB
Mem:          3.8G       741M       3.1G       5.7M        55M       314M

MemTotal:        4016004 kB
MemFree:         3256972 kB
Active:           404024 kB
Mem:          3.8G       741M       3.1G       5.7M        55M       314M

MemTotal:        4016004 kB
MemFree:         3146312 kB
Active:           404264 kB
Mem:          3.8G       849M       3.0G       5.7M        55M       420M

MemTotal:        4016004 kB
MemFree:         3033944 kB
Active:           404336 kB
Mem:          3.8G       960M       2.9G       5.7M        55M       529M

MemTotal:        4016004 kB
MemFree:         3029024 kB
Active:           404356 kB
Mem:          3.8G       964M       2.9G       5.7M        55M       533M

MemTotal:        4016004 kB
MemFree:         3026740 kB
Active:           404304 kB
Mem:          3.8G       966M       2.9G       5.7M        55M       535M

MemTotal:        4016004 kB
MemFree:         2970432 kB
Active:           404336 kB
Mem:          3.8G       1.0G       2.8G       5.7M        55M       589M

MemTotal:        4016004 kB
MemFree:         2862932 kB
Active:           404368 kB
Mem:          3.8G       1.1G       2.7G       5.7M        55M       693M

MemTotal:        4016004 kB
MemFree:         2749624 kB
Active:           403124 kB
Mem:          3.8G       1.2G       2.6G       5.7M        55M       802M

MemTotal:        4016004 kB
MemFree:         2698908 kB
Active:           404948 kB
Mem:          3.8G       1.3G       2.6G       5.7M        55M       850M

MemTotal:        4016004 kB
MemFree:         2697876 kB
Active:           404948 kB
Mem:          3.8G       1.3G       2.6G       5.7M        55M       851M

MemTotal:        4016004 kB
MemFree:         2696884 kB
Active:           404964 kB
Mem:          3.8G       1.3G       2.6G       5.7M        55M       852M

MemTotal:        4016004 kB
MemFree:         2694812 kB
Active:           405112 kB
Mem:          3.8G       1.3G       2.6G       5.7M        55M       854M

MemTotal:        4016004 kB
MemFree:         2693884 kB
Active:           404980 kB
Mem:          3.8G       1.3G       2.6G       5.7M        55M       855M

MemTotal:        4016004 kB
MemFree:         2599600 kB
Active:           405060 kB
Mem:          3.8G       1.4G       2.5G       5.7M        55M       946M

MemTotal:        4016004 kB
MemFree:         2464400 kB
Active:           405176 kB
Mem:          3.8G       1.5G       2.3G       5.7M        55M       1.1G

MemTotal:        4016004 kB
MemFree:         2343740 kB
Active:           404988 kB
Mem:          3.8G       1.6G       2.2G       5.7M        55M       1.2G

MemTotal:        4016004 kB
MemFree:         2343256 kB
Active:           404968 kB
Mem:          3.8G       1.6G       2.2G       5.7M        55M       1.2G

MemTotal:        4016004 kB
MemFree:         2253648 kB
Active:           405012 kB
Mem:          3.8G       1.7G       2.1G       5.7M        55M       1.2G

MemTotal:        4016004 kB
MemFree:         2243332 kB
Active:           405024 kB
Mem:          3.8G       1.7G       2.1G       5.7M        55M       1.3G

MemTotal:        4016004 kB
MemFree:         2159724 kB
Active:           405004 kB
Mem:          3.8G       1.8G       2.1G       5.7M        55M       1.3G

MemTotal:        4016004 kB
MemFree:         2143032 kB
Active:           405028 kB
Mem:          3.8G       1.8G       2.0G       5.7M        55M       1.4G

MemTotal:        4016004 kB
MemFree:         2141972 kB
Active:           405048 kB
Mem:          3.8G       1.8G       2.0G       5.7M        55M       1.4G

MemTotal:        4016004 kB
MemFree:         2141312 kB
Active:           405096 kB
Mem:          3.8G       1.8G       2.0G       5.7M        55M       1.4G

MemTotal:        4016004 kB
MemFree:         2140508 kB
Active:           405200 kB
Mem:          3.8G       1.8G       2.0G       5.7M        55M       1.4G

MemTotal:        4016004 kB
MemFree:         2046188 kB
Active:           405072 kB
Mem:          3.8G       1.9G       2.0G       5.7M        55M       1.4G

MemTotal:        4016004 kB
MemFree:         1912832 kB
Active:           405072 kB
Mem:          3.8G       2.0G       1.8G       5.7M        55M       1.6G

MemTotal:        4016004 kB
MemFree:         1791396 kB
Active:           403148 kB
Mem:          3.8G       2.1G       1.7G       5.7M        55M       1.7G

MemTotal:        4016004 kB
MemFree:         1769868 kB
Active:           405088 kB
Mem:          3.8G       2.1G       1.7G       5.7M        55M       1.7G

MemTotal:        4016004 kB
MemFree:         1688736 kB
Active:           405100 kB
Mem:          3.8G       2.2G       1.6G       5.7M        55M       1.8G

MemTotal:        4016004 kB
MemFree:         1686996 kB
Active:           405100 kB
Mem:          3.8G       2.2G       1.6G       5.7M        55M       1.8G

MemTotal:        4016004 kB
MemFree:         1595032 kB
Active:           405100 kB
Mem:          3.8G       2.3G       1.5G       5.7M        55M       1.9G

MemTotal:        4016004 kB
MemFree:         1590860 kB
Active:           405100 kB
Mem:          3.8G       2.3G       1.5G       5.7M        55M       1.9G

MemTotal:        4016004 kB
MemFree:         1503816 kB
Active:           405080 kB
Mem:          3.8G       2.4G       1.4G       5.7M        55M       2.0G

MemTotal:        4016004 kB
MemFree:         1502900 kB
Active:           405104 kB
Mem:          3.8G       2.4G       1.4G       5.7M        55M       2.0G

MemTotal:        4016004 kB
MemFree:         1501864 kB
Active:           405116 kB
Mem:          3.8G       2.4G       1.4G       5.7M        55M       2.0G

MemTotal:        4016004 kB
MemFree:         1500708 kB
Active:           405132 kB
Mem:          3.8G       2.4G       1.4G       5.7M        55M       2.0G

MemTotal:        4016004 kB
MemFree:         1499660 kB
Active:           403096 kB
Mem:          3.8G       2.4G       1.4G       5.7M        55M       2.0G

MemTotal:        4016004 kB
MemFree:         1431392 kB
Active:           405100 kB
Mem:          3.8G       2.5G       1.4G       5.7M        55M       2.0G

MemTotal:        4016004 kB
MemFree:         1297928 kB
Active:           405136 kB
Mem:          3.8G       2.6G       1.2G       5.7M        55M       2.1G

MemTotal:        4016004 kB
MemFree:         1169176 kB
Active:           405100 kB
Mem:          3.8G       2.7G       1.1G       5.7M        55M       2.3G

MemTotal:        4016004 kB
MemFree:         1150324 kB
Active:           405104 kB
Mem:          3.8G       2.7G       1.1G       5.7M        55M       2.3G

MemTotal:        4016004 kB
MemFree:         1073488 kB
Active:           405140 kB
Mem:          3.8G       2.8G       1.0G       5.7M        55M       2.4G

MemTotal:        4016004 kB
MemFree:         1066976 kB
Active:           405156 kB
Mem:          3.8G       2.8G       1.0G       5.7M        55M       2.4G

MemTotal:        4016004 kB
MemFree:          983568 kB
Active:           405156 kB
Mem:          3.8G       2.9G       960M       5.7M        55M       2.4G

MemTotal:        4016004 kB
MemFree:          982144 kB
Active:           405124 kB
Mem:          3.8G       2.9G       958M       5.7M        55M       2.4G

MemTotal:        4016004 kB
MemFree:          980436 kB
Active:           405184 kB
Mem:          3.8G       2.9G       957M       5.7M        55M       2.4G

MemTotal:        4016004 kB
MemFree:          976396 kB
Active:           405184 kB
Mem:          3.8G       2.9G       953M       5.7M        55M       2.4G

MemTotal:        4016004 kB
MemFree:          966820 kB
Active:           407180 kB
Mem:          3.8G       2.9G       944M       5.7M        55M       2.5G

MemTotal:        4016004 kB
MemFree:          860452 kB
Active:           407216 kB
Mem:          3.8G       3.0G       839M       5.7M        55M       2.6G

MemTotal:        4016004 kB
MemFree:          739652 kB
Active:           407180 kB
Mem:          3.8G       3.1G       721M       5.7M        55M       2.7G

MemTotal:        4016004 kB
MemFree:          657124 kB
Active:           407216 kB
Mem:          3.8G       3.2G       641M       5.7M        55M       2.7G

MemTotal:        4016004 kB
MemFree:          627144 kB
Active:           407188 kB
Mem:          3.8G       3.2G       612M       5.7M        55M       2.8G

MemTotal:        4016004 kB
MemFree:          574428 kB
Active:           407192 kB
Mem:          3.8G       3.3G       560M       5.7M        55M       2.8G

MemTotal:        4016004 kB
MemFree:          523848 kB
Active:           407252 kB
Mem:          3.8G       3.3G       511M       5.7M        55M       2.9G

MemTotal:        4016004 kB
MemFree:          492284 kB
Active:           407272 kB
Mem:          3.8G       3.4G       480M       5.7M        55M       2.9G

MemTotal:        4016004 kB
MemFree:          408908 kB
Active:           407272 kB
Mem:          3.8G       3.4G       399M       5.7M        55M       3.0G

MemTotal:        4016004 kB
MemFree:          407448 kB
Active:           407280 kB
Mem:          3.8G       3.4G       397M       5.7M        55M       3.0G

MemTotal:        4016004 kB
MemFree:          405792 kB
Active:           407292 kB
Mem:          3.8G       3.4G       396M       5.7M        55M       3.0G

MemTotal:        4016004 kB
MemFree:          405112 kB
Active:           407248 kB
Mem:          3.8G       3.4G       395M       5.7M        55M       3.0G

MemTotal:        4016004 kB
MemFree:          404172 kB
Active:           407300 kB
Mem:          3.8G       3.4G       394M       5.7M        55M       3.0G

MemTotal:        4016004 kB
MemFree:          332624 kB
Active:           407276 kB
Mem:          3.8G       3.5G       324M       5.7M        55M       3.1G

MemTotal:        4016004 kB
MemFree:          220536 kB
Active:           407312 kB
Mem:          3.8G       3.6G       215M       5.7M        55M       3.2G

MemTotal:        4016004 kB
MemFree:          118160 kB
Active:           405492 kB
Mem:          3.8G       3.7G       140M       5.7M        20M       3.3G

MemTotal:        4016004 kB
MemFree:          143800 kB
Active:           420032 kB
Mem:          3.8G       3.7G       140M       5.7M        20M       3.3G

MemTotal:        4016004 kB
MemFree:          160192 kB
Active:           468024 kB
Mem:          3.8G       3.7G       140M       5.7M        20M       3.3G

MemTotal:        4016004 kB
MemFree:          131384 kB
Active:           459728 kB
Mem:          3.8G       3.7G       128M       5.7M        20M       3.3G

MemTotal:        4016004 kB
MemFree:          130172 kB
Active:           459800 kB
Mem:          3.8G       3.7G       127M       5.7M        20M       3.3G

MemTotal:        4016004 kB
MemFree:          128408 kB
Active:           459768 kB
Mem:          3.8G       3.7G       125M       5.7M        20M       3.3G

MemTotal:        4016004 kB
MemFree:          126800 kB
Active:           459804 kB
Mem:          3.8G       3.7G       124M       5.7M        20M       3.3G

MemTotal:        4016004 kB
MemFree:          126360 kB
Active:           459764 kB
Mem:          3.8G       3.7G       123M       5.7M        20M       3.3G

MemTotal:        4016004 kB
MemFree:          129308 kB
Active:           453228 kB
Mem:          3.8G       3.7G       125M       5.7M        20M       3.3G

MemTotal:        4016004 kB
MemFree:          121088 kB
Active:           439192 kB
Mem:          3.8G       3.7G       117M       5.7M        20M       3.3G

MemTotal:        4016004 kB
MemFree:          137744 kB
Active:           426776 kB
Mem:          3.8G       3.7G       134M       5.7M        20M       3.3G

MemTotal:        4016004 kB
MemFree:          137912 kB
Active:           424864 kB
Mem:          3.8G       3.7G       134M       5.7M        20M       3.3G

MemTotal:        4016004 kB
MemFree:          136284 kB
Active:           422176 kB
Mem:          3.8G       3.7G       132M       5.7M        20M       3.3G

MemTotal:        4016004 kB
MemFree:          114564 kB
Active:           422172 kB
Mem:          3.8G       3.7G       111M       5.7M        20M       3.3G

MemTotal:        4016004 kB
MemFree:          153348 kB
Active:           419384 kB
Mem:          3.8G       3.7G       149M       5.7M        20M       3.3G

MemTotal:        4016004 kB
MemFree:          113852 kB
Active:           419384 kB
Mem:          3.8G       3.7G       111M       5.7M        20M       3.3G

MemTotal:        4016004 kB
MemFree:          138956 kB
Active:           417344 kB
Mem:          3.8G       3.7G       135M       5.7M        20M       3.3G

MemTotal:        4016004 kB
MemFree:          136656 kB
Active:           417360 kB
Mem:          3.8G       3.7G       133M       5.7M        20M       3.3G

MemTotal:        4016004 kB
MemFree:          135824 kB
Active:           417360 kB
Mem:          3.8G       3.7G       132M       5.7M        20M       3.3G

MemTotal:        4016004 kB
MemFree:          135272 kB
Active:           417320 kB
Mem:          3.8G       3.7G       131M       5.7M        20M       3.3G

MemTotal:        4016004 kB
MemFree:          117528 kB
Active:           416848 kB
Mem:          3.8G       3.7G       114M       5.7M        20M       3.3G

MemTotal:        4016004 kB
MemFree:          141388 kB
Active:           412120 kB
Mem:          3.8G       3.7G       137M       5.7M        20M       3.3G

MemTotal:        4016004 kB
MemFree:          106392 kB
Active:           405148 kB
Mem:          3.8G       3.7G       103M       5.7M        20M       3.3G

MemTotal:        4016004 kB
MemFree:          137096 kB
Active:           403232 kB
Mem:          3.8G       3.7G       134M       5.7M        20M       3.3G

MemTotal:        4016004 kB
MemFree:          143260 kB
Active:           399004 kB
Mem:          3.8G       3.7G       139M       5.7M        20M       3.3G

MemTotal:        4016004 kB
MemFree:          136472 kB
Active:           398952 kB
Mem:          3.8G       3.7G       133M       5.7M        20M       3.3G

MemTotal:        4016004 kB
MemFree:          140756 kB
Active:           396724 kB
Mem:          3.8G       3.7G       137M       5.7M        20M       3.3G

MemTotal:        4016004 kB
MemFree:          133120 kB
Active:           394932 kB
Mem:          3.8G       3.7G       129M       5.7M        20M       3.3G

MemTotal:        4016004 kB
MemFree:          107084 kB
Active:           394552 kB
Mem:          3.8G       3.7G       104M       5.7M        20M       3.3G

MemTotal:        4016004 kB
MemFree:          105936 kB
Active:           394564 kB
Mem:          3.8G       3.7G       103M       5.7M        20M       3.3G

MemTotal:        4016004 kB
MemFree:          128796 kB
Active:           394000 kB
Mem:          3.8G       3.7G       125M       5.7M        20M       3.3G

MemTotal:        4016004 kB
MemFree:          127304 kB
Active:           393936 kB
Mem:          3.8G       3.7G       123M       5.7M        20M       3.3G

MemTotal:        4016004 kB
MemFree:          125760 kB
Active:           390484 kB
Mem:          3.8G       3.7G       122M       5.7M        20M       3.3G

MemTotal:        4016004 kB
MemFree:          138484 kB
Active:           383512 kB
Mem:          3.8G       3.7G       134M       5.7M        20M       3.3G

MemTotal:        4016004 kB
MemFree:          106980 kB
Active:           383508 kB
Mem:          3.8G       3.7G       103M       5.7M        20M       3.3G

MemTotal:        4016004 kB
MemFree:          137744 kB
Active:           381632 kB
Mem:          3.8G       3.7G       134M       5.7M        20M       3.3G

MemTotal:        4016004 kB
MemFree:          120848 kB
Active:           380052 kB
Mem:          3.8G       3.7G       117M       5.7M        20M       3.3G

MemTotal:        4016004 kB
MemFree:          147860 kB
Active:           377044 kB
Mem:          3.8G       3.7G       144M       5.7M        20M       3.3G

MemTotal:        4016004 kB
MemFree:          146676 kB
Active:           377044 kB
Mem:          3.8G       3.7G       142M       5.7M        20M       3.3G

MemTotal:        4016004 kB
MemFree:          125176 kB
Active:           376020 kB
Mem:          3.8G       3.7G       121M       5.7M        20M       3.3G

MemTotal:        4016004 kB
MemFree:          135976 kB
Active:           374996 kB
Mem:          3.8G       3.7G       132M       5.7M        20M       3.3G

MemTotal:        4016004 kB
MemFree:          135596 kB
Active:           375012 kB
Mem:          3.8G       3.7G       132M       5.7M        20M       3.3G

MemTotal:        4016004 kB
MemFree:          135940 kB
Active:           375008 kB
Mem:          3.8G       3.7G       132M       5.7M        20M       3.3G

MemTotal:        4016004 kB
MemFree:          135896 kB
Active:           375016 kB
Mem:          3.8G       3.7G       132M       5.7M        20M       3.3G

MemTotal:        4016004 kB
MemFree:          121980 kB
Active:           374508 kB
Mem:          3.8G       3.7G       118M       5.7M        20M       3.3G

MemTotal:        4016004 kB
MemFree:          128432 kB
Active:           370292 kB
Mem:          3.8G       3.7G       125M       5.7M        20M       3.3G

MemTotal:        4016004 kB
MemFree:          140808 kB
Active:           366068 kB
Mem:          3.8G       3.7G       137M       5.7M        20M       3.3G

MemTotal:        4016004 kB
MemFree:          138724 kB
Active:           364284 kB
Mem:          3.8G       3.7G       135M       5.7M        20M       3.3G

MemTotal:        4016004 kB
MemFree:          151000 kB
Active:           360196 kB
Mem:          3.8G       3.7G       147M       5.7M        20M       3.3G

MemTotal:        4016004 kB
MemFree:          109368 kB
Active:           360068 kB
Mem:          3.8G       3.7G       106M       5.7M        20M       3.3G

MemTotal:        4016004 kB
MemFree:          137236 kB
Active:           358532 kB
Mem:          3.8G       3.7G       133M       5.7M        20M       3.3G

MemTotal:        4016004 kB
MemFree:          132680 kB
Active:           357000 kB
Mem:          3.8G       3.7G       129M       5.7M        20M       3.3G

MemTotal:        4016004 kB
MemFree:          126992 kB
Active:           356996 kB
Mem:          3.8G       3.7G       123M       5.7M        20M       3.3G

MemTotal:        4016004 kB
MemFree:          116028 kB
Active:           357020 kB
Mem:          3.8G       3.7G       113M       5.7M        20M       3.3G

MemTotal:        4016004 kB
MemFree:          115628 kB
Active:           357024 kB
Mem:          3.8G       3.7G       112M       5.7M        20M       3.3G

MemTotal:        4016004 kB
MemFree:          114516 kB
Active:           357032 kB
Mem:          3.8G       3.7G       111M       5.7M        20M       3.3G

MemTotal:        4016004 kB
MemFree:          113776 kB
Active:           356992 kB
Mem:          3.8G       3.7G       111M       5.7M        20M       3.3G

MemTotal:        4016004 kB
MemFree:          121668 kB
Active:           356908 kB
Mem:          3.8G       3.7G       118M       5.7M        20M       3.3G

MemTotal:        4016004 kB
MemFree:          139320 kB
Active:           355924 kB
Mem:          3.8G       3.7G       136M       5.7M        20M       3.3G

MemTotal:        4016004 kB
MemFree:          127472 kB
Active:           355924 kB
Mem:          3.8G       3.7G       124M       5.7M        20M       3.3G

MemTotal:        4016004 kB
MemFree:          124688 kB
Active:           355928 kB
Mem:          3.8G       3.7G       121M       5.7M        20M       3.3G

MemTotal:        4016004 kB
MemFree:          105036 kB
Active:           353968 kB
Mem:          3.8G       3.7G       102M       5.7M        20M       3.3G

MemTotal:        4016004 kB
MemFree:          119048 kB
Active:           353208 kB
Mem:          3.8G       3.7G       116M       5.7M        20M       3.3G

MemTotal:        4016004 kB
MemFree:          135984 kB
Active:           353216 kB
Mem:          3.8G       3.7G       132M       5.7M        20M       3.3G

MemTotal:        4016004 kB
MemFree:          142444 kB
Active:           353220 kB
Mem:          3.8G       3.7G       139M       5.7M        20M       3.3G

MemTotal:        4016004 kB
MemFree:          136616 kB
Active:           353124 kB
Mem:          3.8G       3.7G       133M       5.7M        20M       3.3G

MemTotal:        4016004 kB
MemFree:          136072 kB
Active:           353116 kB
Mem:          3.8G       3.7G       133M       5.7M        20M       3.3G

MemTotal:        4016004 kB
MemFree:          135544 kB
Active:           353136 kB
Mem:          3.8G       3.7G       132M       5.7M        20M       3.3G

MemTotal:        4016004 kB
MemFree:          136044 kB
Active:           353096 kB
Mem:          3.8G       3.7G       132M       5.7M        20M       3.3G

MemTotal:        4016004 kB
MemFree:          134408 kB
Active:           353104 kB
Mem:          3.8G       3.7G       131M       5.7M        20M       3.3G

MemTotal:        4016004 kB
MemFree:          119336 kB
Active:           353096 kB
Mem:          3.8G       3.7G       116M       5.7M        20M       3.3G

MemTotal:        4016004 kB
MemFree:          133536 kB
Active:           350624 kB
Mem:          3.8G       3.7G       130M       5.7M        20M       3.3G

MemTotal:        4016004 kB
MemFree:          130672 kB
Active:           351744 kB
Mem:          3.8G       3.7G       127M       5.7M        20M       3.3G

MemTotal:        4016004 kB
MemFree:          135428 kB
Active:           351752 kB
Mem:          3.8G       3.7G       131M       5.7M        20M       3.3G

MemTotal:        4016004 kB
MemFree:          143808 kB
Active:           351208 kB
Mem:          3.8G       3.7G       140M       5.7M        20M       3.3G

MemTotal:        4016004 kB
MemFree:          138060 kB
Active:           351188 kB
Mem:          3.8G       3.7G       134M       5.7M        20M       3.3G

MemTotal:        4016004 kB
MemFree:          126340 kB
Active:           351224 kB
Mem:          3.8G       3.7G       122M       5.7M        20M       3.3G

MemTotal:        4016004 kB
MemFree:          140232 kB
Active:           351236 kB
Mem:          3.8G       3.7G       136M       5.7M        20M       3.3G

MemTotal:        4016004 kB
MemFree:          127968 kB
Active:           351236 kB
Mem:          3.8G       3.7G       125M       5.7M        20M       3.3G

MemTotal:        4016004 kB
MemFree:          127364 kB
Active:           351248 kB
Mem:          3.8G       3.7G       124M       5.7M        20M       3.3G

MemTotal:        4016004 kB
MemFree:          126560 kB
Active:           351212 kB
Mem:          3.8G       3.7G       123M       5.7M        20M       3.3G

MemTotal:        4016004 kB
MemFree:          125380 kB
Active:           349204 kB
Mem:          3.8G       3.7G       121M       5.7M        20M       3.3G

MemTotal:        4016004 kB
MemFree:          123524 kB
Active:           351220 kB
Mem:          3.8G       3.7G       120M       5.7M        20M       3.3G

MemTotal:        4016004 kB
MemFree:          110064 kB
Active:           351260 kB
Mem:          3.8G       3.7G       115M       5.7M        20M       3.3G

MemTotal:        4016004 kB
MemFree:          114076 kB
Active:           349128 kB
Mem:          3.8G       3.7G       110M       5.7M        20M       3.3G

MemTotal:        4016004 kB
MemFree:          111284 kB
Active:           349132 kB
Mem:          3.8G       3.7G       108M       5.7M        20M       3.3G

MemTotal:        4016004 kB
MemFree:          107248 kB
Active:           349136 kB
Mem:          3.8G       3.7G       104M       5.7M        20M       3.3G

MemTotal:        4016004 kB
MemFree:          130292 kB
Active:           349144 kB
Mem:          3.8G       3.7G       126M       5.7M        20M       3.3G

MemTotal:        4016004 kB
MemFree:          116356 kB
Active:           349140 kB
Mem:          3.8G       3.7G       112M       5.7M        20M       3.3G

MemTotal:        4016004 kB
MemFree:          116480 kB
Active:           347440 kB
Mem:          3.8G       3.7G       113M       5.7M        20M       3.3G

MemTotal:        4016004 kB
MemFree:          115964 kB
Active:           347404 kB
Mem:          3.8G       3.7G       113M       5.7M        20M       3.3G

MemTotal:        4016004 kB
MemFree:          115248 kB
Active:           347448 kB
Mem:          3.8G       3.7G       112M       5.7M        20M       3.3G

MemTotal:        4016004 kB
MemFree:          114228 kB
Active:           347400 kB
Mem:          3.8G       3.7G       111M       5.7M        20M       3.3G

MemTotal:        4016004 kB
MemFree:          112560 kB
Active:           347404 kB
Mem:          3.8G       3.7G       109M       5.7M        20M       3.3G

MemTotal:        4016004 kB
MemFree:          132304 kB
Active:           347452 kB
Mem:          3.8G       3.7G       135M       5.7M        20M       3.3G

MemTotal:        4016004 kB
MemFree:          125072 kB
Active:           347460 kB
Mem:          3.8G       3.7G       121M       5.7M        20M       3.3G

MemTotal:        4016004 kB
MemFree:          139800 kB
Active:           347460 kB
Mem:          3.8G       3.7G       136M       5.7M        20M       3.3G

MemTotal:        4016004 kB
MemFree:          125240 kB
Active:           346860 kB
Mem:          3.8G       3.7G       122M       5.7M        20M       3.3G

MemTotal:        4016004 kB
MemFree:          141032 kB
Active:           346744 kB
Mem:          3.8G       3.7G       137M       5.7M        20M       3.3G

MemTotal:        4016004 kB
MemFree:          140980 kB
Active:           346748 kB
Mem:          3.8G       3.7G       137M       5.7M        20M       3.3G

MemTotal:        4016004 kB
MemFree:          145980 kB
Active:           346752 kB
Mem:          3.8G       3.7G       142M       5.7M        20M       3.3G

MemTotal:        4016004 kB
MemFree:          125456 kB
Active:           346756 kB
Mem:          3.8G       3.7G       122M       5.7M        20M       3.3G

MemTotal:        4016004 kB
MemFree:          137560 kB
Active:           346732 kB
Mem:          3.8G       3.7G       134M       5.7M        20M       3.3G

MemTotal:        4016004 kB
MemFree:          137252 kB
Active:           346780 kB
Mem:          3.8G       3.7G       134M       5.7M        20M       3.3G

MemTotal:        4016004 kB
MemFree:          135936 kB
Active:           346728 kB
Mem:          3.8G       3.7G       132M       5.7M        20M       3.3G

MemTotal:        4016004 kB
MemFree:          134696 kB
Active:           346744 kB
Mem:          3.8G       3.7G       131M       5.7M        20M       3.3G

MemTotal:        4016004 kB
MemFree:          128904 kB
Active:           346784 kB
Mem:          3.8G       3.7G       126M       5.7M        20M       3.3G

MemTotal:        4016004 kB
MemFree:          134440 kB
Active:           344068 kB
Mem:          3.8G       3.7G       130M       5.7M        20M       3.3G

MemTotal:        4016004 kB
MemFree:          123004 kB
Active:           344112 kB
Mem:          3.8G       3.7G       119M       5.7M        20M       3.3G

MemTotal:        4016004 kB
MemFree:          110744 kB
Active:           344120 kB
Mem:          3.8G       3.7G       107M       5.7M        20M       3.3G

MemTotal:        4016004 kB
MemFree:          111316 kB
Active:           344132 kB
Mem:          3.8G       3.7G       108M       5.7M        20M       3.3G

MemTotal:        4016004 kB
MemFree:          130276 kB
Active:           344444 kB
Mem:          3.8G       3.7G       126M       5.7M        20M       3.3G

MemTotal:        4016004 kB
MemFree:          127596 kB
Active:           343904 kB
Mem:          3.8G       3.7G       124M       5.7M        20M       3.3G

MemTotal:        4016004 kB
MemFree:          129708 kB
Active:           342108 kB
Mem:          3.8G       3.7G       126M       5.7M        20M       3.3G

MemTotal:        4016004 kB
MemFree:          135512 kB
Active:           342096 kB
Mem:          3.8G       3.7G       131M       5.7M        20M       3.3G

MemTotal:        4016004 kB
MemFree:          132384 kB
Active:           342112 kB
Mem:          3.8G       3.7G       129M       5.7M        20M       3.3G

MemTotal:        4016004 kB
MemFree:          130868 kB
Active:           342092 kB
Mem:          3.8G       3.7G       127M       5.7M        20M       3.3G

MemTotal:        4016004 kB
MemFree:          129476 kB
Active:           342124 kB
Mem:          3.8G       3.7G       126M       5.7M        20M       3.3G

MemTotal:        4016004 kB
MemFree:          126588 kB
Active:           342092 kB
Mem:          3.8G       3.7G       122M       5.7M        20M       3.3G

MemTotal:        4016004 kB
MemFree:          123196 kB
Active:           342084 kB
Mem:          3.8G       3.7G       120M       5.7M        20M       3.3G

MemTotal:        4016004 kB
MemFree:          120940 kB
Active:           342128 kB
Mem:          3.8G       3.7G       117M       5.7M        20M       3.3G

MemTotal:        4016004 kB
MemFree:          139900 kB
Active:           340752 kB
Mem:          3.8G       3.7G       135M       5.7M        20M       3.3G

MemTotal:        4016004 kB
MemFree:          115484 kB
Active:           340156 kB
Mem:          3.8G       3.7G       113M       5.7M        20M       3.3G

MemTotal:        4016004 kB
MemFree:          150000 kB
Active:           340028 kB
Mem:          3.8G       3.7G       145M       5.7M        20M       3.2G

MemTotal:        4016004 kB
MemFree:          147324 kB
Active:           340028 kB
Mem:          3.8G       3.7G       143M       5.7M        20M       3.2G

MemTotal:        4016004 kB
MemFree:          146612 kB
Active:           340048 kB
Mem:          3.8G       3.7G       143M       5.7M        20M       3.2G

MemTotal:        4016004 kB
MemFree:          147296 kB
Active:           340004 kB
Mem:          3.8G       3.7G       143M       5.7M        20M       3.2G

MemTotal:        4016004 kB
MemFree:          146736 kB
Active:           340048 kB
Mem:          3.8G       3.7G       143M       5.7M        20M       3.2G

MemTotal:        4016004 kB
MemFree:          131260 kB
Active:           340060 kB
Mem:          3.8G       3.7G       128M       5.7M        20M       3.3G

MemTotal:        4016004 kB
MemFree:          129796 kB
Active:           340072 kB
Mem:          3.8G       3.7G       126M       5.7M        20M       3.3G

MemTotal:        4016004 kB
MemFree:          127348 kB
Active:           340072 kB
Mem:          3.8G       3.7G       124M       5.7M        20M       3.3G

MemTotal:        4016004 kB
MemFree:          126268 kB
Active:           340076 kB
Mem:          3.8G       3.7G       123M       5.7M        20M       3.3G

MemTotal:        4016004 kB
MemFree:          107844 kB
Active:           340064 kB
Mem:          3.8G       3.7G       105M       5.7M        20M       3.3G

MemTotal:        4016004 kB
MemFree:          131652 kB
Active:           338080 kB
Mem:          3.8G       3.7G       127M       5.7M        20M       3.3G

MemTotal:        4016004 kB
MemFree:          129936 kB
Active:           337984 kB
Mem:          3.8G       3.7G       126M       5.7M        20M       3.3G

MemTotal:        4016004 kB
MemFree:          124812 kB
Active:           338044 kB
Mem:          3.8G       3.7G       121M       5.7M        20M       3.3G

MemTotal:        4016004 kB
MemFree:          109780 kB
Active:           338044 kB
Mem:          3.8G       3.7G       107M       5.7M        20M       3.3G

MemTotal:        4016004 kB
MemFree:          124012 kB
Active:           338072 kB
Mem:          3.8G       3.7G       120M       5.7M        20M       3.3G

MemTotal:        4016004 kB
MemFree:          137968 kB
Active:           338076 kB
Mem:          3.8G       3.7G       134M       5.7M        20M       3.3G

MemTotal:        4016004 kB
MemFree:          136244 kB
Active:           338084 kB
Mem:          3.8G       3.7G       133M       5.7M        20M       3.3G

MemTotal:        4016004 kB
MemFree:          134824 kB
Active:           338096 kB
Mem:          3.8G       3.7G       131M       5.7M        20M       3.3G

MemTotal:        4016004 kB
MemFree:          132444 kB
Active:           337784 kB
Mem:          3.8G       3.7G       129M       5.7M        20M       3.3G

MemTotal:        4016004 kB
MemFree:          131488 kB
Active:           339832 kB
Mem:          3.8G       3.7G       128M       5.7M        20M       3.3G

MemTotal:        4016004 kB
MemFree:          117040 kB
Active:           339832 kB
Mem:          3.8G       3.7G       113M       5.7M        20M       3.3G

MemTotal:        4016004 kB
MemFree:          130020 kB
Active:           337892 kB
Mem:          3.8G       3.7G       126M       5.7M        20M       3.3G

MemTotal:        4016004 kB
MemFree:          119892 kB
Active:           337856 kB
Mem:          3.8G       3.7G       116M       5.7M        20M       3.3G

MemTotal:        4016004 kB
MemFree:          111672 kB
Active:           337848 kB
Mem:          3.8G       3.7G       108M       5.7M        20M       3.3G

MemTotal:        4016004 kB
MemFree:          127140 kB
Active:           337880 kB
Mem:          3.8G       3.7G       123M       5.7M        20M       3.3G

MemTotal:        4016004 kB
MemFree:          139672 kB
Active:           337836 kB
Mem:          3.8G       3.7G       136M       5.7M        20M       3.3G

MemTotal:        4016004 kB
MemFree:          139440 kB
Active:           337900 kB
Mem:          3.8G       3.7G       136M       5.7M        20M       3.3G

MemTotal:        4016004 kB
MemFree:          135508 kB
Active:           337928 kB
Mem:          3.8G       3.7G       132M       5.7M        20M       3.3G

MemTotal:        4016004 kB
MemFree:          134944 kB
Active:           337948 kB
Mem:          3.8G       3.7G       131M       5.7M        20M       3.3G

MemTotal:        4016004 kB
MemFree:          134292 kB
Active:           337944 kB
Mem:          3.8G       3.7G       131M       5.7M        20M       3.3G

MemTotal:        4016004 kB
MemFree:          133396 kB
Active:           337972 kB
Mem:          3.8G       3.7G       130M       5.7M        20M       3.3G

MemTotal:        4016004 kB
MemFree:          132312 kB
Active:           337976 kB
Mem:          3.8G       3.7G       129M       5.7M        20M       3.3G

MemTotal:        4016004 kB
MemFree:          132320 kB
Active:           337992 kB
Mem:          3.8G       3.7G       129M       5.7M        20M       3.3G

MemTotal:        4016004 kB
MemFree:          141876 kB
Active:           338064 kB
Mem:          3.8G       3.7G       138M       5.7M        20M       3.2G

MemTotal:        4016004 kB
MemFree:          140160 kB
Active:           337372 kB
Mem:          3.8G       3.7G       136M       5.7M        20M       3.3G

MemTotal:        4016004 kB
MemFree:          139760 kB
Active:           337208 kB
Mem:          3.8G       3.7G       136M       5.7M        20M       3.3G

MemTotal:        4016004 kB
MemFree:          130360 kB
Active:           337224 kB
Mem:          3.8G       3.7G       127M       5.7M        20M       3.3G

MemTotal:        4016004 kB
MemFree:          140652 kB
Active:           337232 kB
Mem:          3.8G       3.7G       137M       5.7M        20M       3.3G

MemTotal:        4016004 kB
MemFree:          137008 kB
Active:           337292 kB
Mem:          3.8G       3.7G       133M       5.7M        20M       3.3G

MemTotal:        4016004 kB
MemFree:          130028 kB
Active:           337196 kB
Mem:          3.8G       3.7G       127M       5.7M        20M       3.3G

MemTotal:        4016004 kB
MemFree:          137264 kB
Active:           337264 kB
Mem:          3.8G       3.7G       133M       5.7M        20M       3.3G

MemTotal:        4016004 kB
MemFree:          136100 kB
Active:           337340 kB
Mem:          3.8G       3.7G       132M       5.7M        20M       3.3G

MemTotal:        4016004 kB
MemFree:          134648 kB
Active:           337428 kB
Mem:          3.8G       3.7G       131M       5.7M        20M       3.3G

MemTotal:        4016004 kB
MemFree:          133472 kB
Active:           337432 kB
Mem:          3.8G       3.7G       130M       5.7M        20M       3.3G

MemTotal:        4016004 kB
MemFree:          133140 kB
Active:           337412 kB
Mem:          3.8G       3.7G       130M       5.7M        20M       3.3G

MemTotal:        4016004 kB
MemFree:          138092 kB
Active:           337440 kB
Mem:          3.8G       3.7G       134M       5.7M        20M       3.3G

MemTotal:        4016004 kB
MemFree:          142068 kB
Active:           337452 kB
Mem:          3.8G       3.7G       138M       5.7M        20M       3.2G

MemTotal:        4016004 kB
MemFree:          127864 kB
Active:           343368 kB
Mem:          3.8G       3.7G       124M       5.7M        26M       3.3G

MemTotal:        4016004 kB
MemFree:          126568 kB
Active:           344292 kB
Mem:          3.8G       3.7G       123M       5.7M        27M       3.3G

MemTotal:        4016004 kB
MemFree:          126940 kB
Active:           344284 kB
Mem:          3.8G       3.7G       123M       5.7M        27M       3.3G

MemTotal:        4016004 kB
MemFree:          126692 kB
Active:           344292 kB
Mem:          3.8G       3.7G       123M       5.7M        27M       3.3G

MemTotal:        4016004 kB
MemFree:          126692 kB
Active:           344292 kB
Mem:          3.8G       3.7G       124M       5.7M        27M       3.3G

MemTotal:        4016004 kB
MemFree:          127188 kB
Active:           344248 kB
Mem:          3.8G       3.7G       124M       5.7M        27M       3.3G

MemTotal:        4016004 kB
MemFree:          127188 kB
Active:           344292 kB
Mem:          3.8G       3.7G       124M       5.7M        27M       3.3G

MemTotal:        4016004 kB
MemFree:          127064 kB
Active:           344292 kB
Mem:          3.8G       3.7G       124M       5.7M        27M       3.3G

MemTotal:        4016004 kB
MemFree:          127436 kB
Active:           344292 kB
Mem:          3.8G       3.7G       124M       5.7M        27M       3.3G

MemTotal:        4016004 kB
MemFree:          127064 kB
Active:           344300 kB
Mem:          3.8G       3.7G       124M       5.7M        27M       3.3G

MemTotal:        4016004 kB
MemFree:          126940 kB
Active:           344300 kB
Mem:          3.8G       3.7G       123M       5.7M        27M       3.3G

MemTotal:        4016004 kB
MemFree:          127312 kB
Active:           344276 kB
Mem:          3.8G       3.7G       124M       5.7M        27M       3.3G

MemTotal:        4016004 kB
MemFree:          127436 kB
Active:           344276 kB
Mem:          3.8G       3.7G       124M       5.7M        27M       3.3G

MemTotal:        4016004 kB
MemFree:          127436 kB
Active:           344260 kB
Mem:          3.8G       3.7G       124M       5.7M        27M       3.3G

MemTotal:        4016004 kB
MemFree:          126940 kB
Active:           344304 kB
Mem:          3.8G       3.7G       123M       5.7M        27M       3.3G

MemTotal:        4016004 kB
MemFree:          127312 kB
Active:           344272 kB
Mem:          3.8G       3.7G       123M       5.7M        27M       3.3G

MemTotal:        4016004 kB
MemFree:          127188 kB
Active:           344268 kB
Mem:          3.8G       3.7G       124M       5.7M        27M       3.3G

MemTotal:        4016004 kB
MemFree:          126816 kB
Active:           344312 kB
Mem:          3.8G       3.7G       123M       5.7M        27M       3.3G

MemTotal:        4016004 kB
MemFree:          127064 kB
Active:           344284 kB
Mem:          3.8G       3.7G       124M       5.7M        27M       3.3G

MemTotal:        4016004 kB
MemFree:          127064 kB
Active:           344280 kB
Mem:          3.8G       3.7G       124M       5.7M        27M       3.3G

MemTotal:        4016004 kB
MemFree:          126816 kB
Active:           344316 kB
Mem:          3.8G       3.7G       123M       5.7M        27M       3.3G

MemTotal:        4016004 kB
MemFree:          127188 kB
Active:           344296 kB
Mem:          3.8G       3.7G       124M       5.7M        27M       3.3G

MemTotal:        4016004 kB
MemFree:          127188 kB
Active:           344276 kB
Mem:          3.8G       3.7G       124M       5.7M        27M       3.3G

MemTotal:        4016004 kB
MemFree:          127312 kB
Active:           344268 kB
Mem:          3.8G       3.7G       124M       5.7M        27M       3.3G

MemTotal:        4016004 kB
MemFree:          127436 kB
Active:           344280 kB
Mem:          3.8G       3.7G       124M       5.7M        27M       3.3G

MemTotal:        4016004 kB
MemFree:          127436 kB
Active:           344300 kB
Mem:          3.8G       3.7G       124M       5.7M        27M       3.3G

MemTotal:        4016004 kB
MemFree:          127560 kB
Active:           344296 kB
Mem:          3.8G       3.7G       124M       5.7M        27M       3.3G

MemTotal:        4016004 kB
MemFree:          127064 kB
Active:           344340 kB
Mem:          3.8G       3.7G       124M       5.7M        27M       3.3G

MemTotal:        4016004 kB
MemFree:          127312 kB
Active:           344320 kB
Mem:          3.8G       3.7G       124M       5.7M        27M       3.3G

MemTotal:        4016004 kB
MemFree:          127144 kB
Active:           344324 kB
Mem:          3.8G       3.7G       124M       5.7M        27M       3.3G

MemTotal:        4016004 kB
MemFree:          126424 kB
Active:           344360 kB
Mem:          3.8G       3.7G       123M       5.7M        27M       3.3G

MemTotal:        4016004 kB
MemFree:          126332 kB
Active:           344344 kB
Mem:          3.8G       3.7G       123M       5.7M        27M       3.3G

MemTotal:        4016004 kB
MemFree:          126688 kB
Active:           344328 kB
Mem:          3.8G       3.7G       123M       5.7M        27M       3.3G

MemTotal:        4016004 kB
MemFree:          126784 kB
Active:           344320 kB
Mem:          3.8G       3.7G       124M       5.7M        27M       3.3G

MemTotal:        4016004 kB
MemFree:          127280 kB
Active:           344332 kB
Mem:          3.8G       3.7G       124M       5.7M        27M       3.3G

MemTotal:        4016004 kB
MemFree:          126908 kB
Active:           344372 kB
Mem:          3.8G       3.7G       123M       5.7M        27M       3.3G

MemTotal:        4016004 kB
MemFree:          127404 kB
Active:           344344 kB
Mem:          3.8G       3.7G       124M       5.7M        27M       3.3G

MemTotal:        4016004 kB
MemFree:          126908 kB
Active:           344384 kB
Mem:          3.8G       3.7G       123M       5.7M        27M       3.3G

MemTotal:        4016004 kB
MemFree:          126908 kB
Active:           344388 kB
Mem:          3.8G       3.7G       124M       5.7M        27M       3.3G

MemTotal:        4016004 kB
MemFree:          127280 kB
Active:           344368 kB
Mem:          3.8G       3.7G       124M       5.7M        27M       3.3G

MemTotal:        4016004 kB
MemFree:          125084 kB
Active:           344432 kB
Mem:          3.8G       3.7G       121M       5.7M        27M       3.3G

MemTotal:        4016004 kB
MemFree:          124796 kB
Active:           346444 kB
Mem:          3.8G       3.7G       121M       5.7M        27M       3.3G

MemTotal:        4016004 kB
MemFree:          124920 kB
Active:           346412 kB
Mem:          3.8G       3.7G       122M       5.7M        27M       3.3G

MemTotal:        4016004 kB
MemFree:          124920 kB
Active:           346408 kB
Mem:          3.8G       3.7G       121M       5.7M        27M       3.3G

MemTotal:        4016004 kB
MemFree:          124920 kB
Active:           346420 kB
Mem:          3.8G       3.7G       122M       5.7M        27M       3.3G

MemTotal:        4016004 kB
MemFree:          125044 kB
Active:           346408 kB
Mem:          3.8G       3.7G       122M       5.7M        27M       3.3G

MemTotal:        4016004 kB
MemFree:          125168 kB
Active:           346404 kB
Mem:          3.8G       3.7G       122M       5.7M        27M       3.3G

MemTotal:        4016004 kB
MemFree:          125168 kB
Active:           346440 kB
Mem:          3.8G       3.7G       122M       5.7M        27M       3.3G

MemTotal:        4016004 kB
MemFree:          124548 kB
Active:           346452 kB
Mem:          3.8G       3.7G       121M       5.7M        27M       3.3G

MemTotal:        4016004 kB
MemFree:          124672 kB
Active:           346428 kB
Mem:          3.8G       3.7G       121M       5.7M        27M       3.3G

MemTotal:        4016004 kB
MemFree:          124176 kB
Active:           346456 kB
Mem:          3.8G       3.7G       121M       5.7M        27M       3.3G

MemTotal:        4016004 kB
MemFree:          124424 kB
Active:           346400 kB
Mem:          3.8G       3.7G       121M       5.7M        27M       3.3G

MemTotal:        4016004 kB
MemFree:          124176 kB
Active:           346460 kB
Mem:          3.8G       3.7G       121M       5.7M        27M       3.3G

MemTotal:        4016004 kB
MemFree:          124672 kB
Active:           346460 kB
Mem:          3.8G       3.7G       121M       5.7M        27M       3.3G

MemTotal:        4016004 kB
MemFree:          124920 kB
Active:           346440 kB
Mem:          3.8G       3.7G       121M       5.7M        27M       3.3G

MemTotal:        4016004 kB
MemFree:          124548 kB
Active:           346472 kB
Mem:          3.8G       3.7G       121M       5.7M        27M       3.3G

MemTotal:        4016004 kB
MemFree:          124548 kB
Active:           346472 kB
Mem:          3.8G       3.7G       121M       5.7M        27M       3.3G

MemTotal:        4016004 kB
MemFree:          124920 kB
Active:           346464 kB
Mem:          3.8G       3.7G       121M       5.7M        27M       3.3G

MemTotal:        4016004 kB
MemFree:          124796 kB
Active:           346464 kB
Mem:          3.8G       3.7G       121M       5.7M        27M       3.3G

MemTotal:        4016004 kB
MemFree:          124300 kB
Active:           346480 kB
Mem:          3.8G       3.7G       121M       5.7M        27M       3.3G

MemTotal:        4016004 kB
MemFree:          124796 kB
Active:           346444 kB
Mem:          3.8G       3.7G       121M       5.7M        27M       3.3G

MemTotal:        4016004 kB
MemFree:          124796 kB
Active:           346452 kB
Mem:          3.8G       3.7G       121M       5.7M        27M       3.3G

MemTotal:        4016004 kB
MemFree:          124796 kB
Active:           346456 kB
Mem:          3.8G       3.7G       121M       5.7M        27M       3.3G

MemTotal:        4016004 kB
MemFree:          125044 kB
Active:           346448 kB
Mem:          3.8G       3.7G       122M       5.7M        27M       3.3G

MemTotal:        4016004 kB
MemFree:          125168 kB
Active:           346444 kB
Mem:          3.8G       3.7G       122M       5.7M        27M       3.3G

MemTotal:        4016004 kB
MemFree:          124796 kB
Active:           346480 kB
Mem:          3.8G       3.7G       121M       5.7M        27M       3.3G

MemTotal:        4016004 kB
MemFree:          124176 kB
Active:           346480 kB
Mem:          3.8G       3.7G       121M       5.7M        27M       3.3G

MemTotal:        4016004 kB
MemFree:          124192 kB
Active:           346480 kB
Mem:          3.8G       3.7G       121M       5.7M        27M       3.3G

MemTotal:        4016004 kB
MemFree:          124688 kB
Active:           346452 kB
Mem:          3.8G       3.7G       121M       5.7M        27M       3.3G

MemTotal:        4016004 kB
MemFree:          124688 kB
Active:           346444 kB
Mem:          3.8G       3.7G       121M       5.7M        27M       3.3G

MemTotal:        4016004 kB
MemFree:          122392 kB
Active:           346440 kB
Mem:          3.8G       3.7G       119M       5.7M        27M       3.3G

MemTotal:        4016004 kB
MemFree:          122764 kB
Active:           348480 kB
Mem:          3.8G       3.7G       119M       5.7M        27M       3.3G

MemTotal:        4016004 kB
MemFree:          122888 kB
Active:           348500 kB
Mem:          3.8G       3.7G       119M       5.7M        27M       3.3G

MemTotal:        4016004 kB
MemFree:          122888 kB
Active:           348496 kB
Mem:          3.8G       3.7G       120M       5.7M        27M       3.3G

MemTotal:        4016004 kB
MemFree:          122516 kB
Active:           348524 kB
Mem:          3.8G       3.7G       119M       5.7M        27M       3.3G

MemTotal:        4016004 kB
MemFree:          122888 kB
Active:           348516 kB
Mem:          3.8G       3.7G       120M       5.7M        27M       3.3G

MemTotal:        4016004 kB
MemFree:          123012 kB
Active:           348500 kB
Mem:          3.8G       3.7G       120M       5.7M        27M       3.3G

MemTotal:        4016004 kB
MemFree:          123012 kB
Active:           348504 kB
Mem:          3.8G       3.7G       119M       5.7M        27M       3.3G

MemTotal:        4016004 kB
MemFree:          122764 kB
Active:           348500 kB
Mem:          3.8G       3.7G       119M       5.7M        27M       3.3G

MemTotal:        4016004 kB
MemFree:          122888 kB
Active:           348516 kB
Mem:          3.8G       3.7G       119M       5.7M        27M       3.3G

MemTotal:        4016004 kB
MemFree:          120468 kB
Active:           348524 kB
Mem:          3.8G       3.7G       117M       5.7M        27M       3.3G

MemTotal:        4016004 kB
MemFree:          120468 kB
Active:           350572 kB
Mem:          3.8G       3.7G       117M       5.7M        27M       3.3G

MemTotal:        4016004 kB
MemFree:          120840 kB
Active:           350516 kB
Mem:          3.8G       3.7G       118M       5.7M        27M       3.3G

MemTotal:        4016004 kB
MemFree:          121088 kB
Active:           350564 kB
Mem:          3.8G       3.7G       118M       5.7M        27M       3.3G

MemTotal:        4016004 kB
MemFree:          120468 kB
Active:           350576 kB
Mem:          3.8G       3.7G       117M       5.7M        27M       3.3G

MemTotal:        4016004 kB
MemFree:          120964 kB
Active:           350548 kB
Mem:          3.8G       3.7G       118M       5.7M        27M       3.3G

MemTotal:        4016004 kB
MemFree:          120964 kB
Active:           350524 kB
Mem:          3.8G       3.7G       118M       5.7M        27M       3.3G

MemTotal:        4016004 kB
MemFree:          121088 kB
Active:           350576 kB
Mem:          3.8G       3.7G       118M       5.7M        27M       3.3G

MemTotal:        4016004 kB
MemFree:          120964 kB
Active:           350560 kB
Mem:          3.8G       3.7G       117M       5.7M        27M       3.3G

MemTotal:        4016004 kB
MemFree:          121336 kB
Active:           350536 kB
Mem:          3.8G       3.7G       118M       5.7M        27M       3.3G

MemTotal:        4016004 kB
MemFree:          120964 kB
Active:           350588 kB
Mem:          3.8G       3.7G       118M       5.7M        27M       3.3G

MemTotal:        4016004 kB
MemFree:          121212 kB
Active:           350556 kB
Mem:          3.8G       3.7G       118M       5.7M        27M       3.3G

MemTotal:        4016004 kB
MemFree:          121212 kB
Active:           350560 kB
Mem:          3.8G       3.7G       118M       5.7M        27M       3.3G

MemTotal:        4016004 kB
MemFree:          121336 kB
Active:           350552 kB
Mem:          3.8G       3.7G       118M       5.7M        27M       3.3G

MemTotal:        4016004 kB
MemFree:          120964 kB
Active:           350588 kB
Mem:          3.8G       3.7G       118M       5.7M        27M       3.3G

MemTotal:        4016004 kB
MemFree:          120964 kB
Active:           350564 kB
Mem:          3.8G       3.7G       117M       5.7M        27M       3.3G

MemTotal:        4016004 kB
MemFree:          121088 kB
Active:           350540 kB
Mem:          3.8G       3.7G       118M       5.7M        27M       3.3G

MemTotal:        4016004 kB
MemFree:          121212 kB
Active:           350552 kB
Mem:          3.8G       3.7G       118M       5.7M        27M       3.3G

MemTotal:        4016004 kB
MemFree:          120716 kB
Active:           350600 kB
Mem:          3.8G       3.7G       118M       5.7M        27M       3.3G

MemTotal:        4016004 kB
MemFree:          120964 kB
Active:           350568 kB
Mem:          3.8G       3.7G       117M       5.7M        27M       3.3G

MemTotal:        4016004 kB
MemFree:          120964 kB
Active:           350552 kB
Mem:          3.8G       3.7G       118M       5.7M        27M       3.3G

MemTotal:        4016004 kB
MemFree:          120468 kB
Active:           350604 kB
Mem:          3.8G       3.7G       117M       5.7M        27M       3.3G

MemTotal:        4016004 kB
MemFree:          120468 kB
Active:           350608 kB
Mem:          3.8G       3.7G       117M       5.7M        27M       3.3G

MemTotal:        4016004 kB
MemFree:          120964 kB
Active:           350568 kB
Mem:          3.8G       3.7G       118M       5.7M        27M       3.3G

MemTotal:        4016004 kB
MemFree:          121336 kB
Active:           350564 kB
Mem:          3.8G       3.7G       118M       5.7M        27M       3.3G

MemTotal:        4016004 kB
MemFree:          121336 kB
Active:           350572 kB
Mem:          3.8G       3.7G       118M       5.7M        27M       3.3G

MemTotal:        4016004 kB
MemFree:          121460 kB
Active:           350572 kB
Mem:          3.8G       3.7G       118M       5.7M        27M       3.3G

MemTotal:        4016004 kB
MemFree:          121336 kB
Active:           350608 kB
Mem:          3.8G       3.7G       118M       5.7M        27M       3.3G

MemTotal:        4016004 kB
MemFree:          121460 kB
Active:           350612 kB
Mem:          3.8G       3.7G       118M       5.7M        27M       3.3G

MemTotal:        4016004 kB
MemFree:          121336 kB
Active:           350596 kB
Mem:          3.8G       3.7G       118M       5.7M        27M       3.3G

MemTotal:        4016004 kB
MemFree:          121460 kB
Active:           350604 kB
Mem:          3.8G       3.7G       118M       5.7M        27M       3.3G

MemTotal:        4016004 kB
MemFree:          121460 kB
Active:           350584 kB
Mem:          3.8G       3.7G       118M       5.7M        27M       3.3G

MemTotal:        4016004 kB
MemFree:          120592 kB
Active:           350624 kB
Mem:          3.8G       3.7G       117M       5.7M        27M       3.3G

MemTotal:        4016004 kB
MemFree:          120840 kB
Active:           350612 kB
Mem:          3.8G       3.7G       117M       5.7M        27M       3.3G

MemTotal:        4016004 kB
MemFree:          120716 kB
Active:           350568 kB
Mem:          3.8G       3.7G       117M       5.7M        27M       3.3G

MemTotal:        4016004 kB
MemFree:          120964 kB
Active:           350624 kB
Mem:          3.8G       3.7G       118M       5.7M        27M       3.3G

MemTotal:        4016004 kB
MemFree:          120840 kB
Active:           350632 kB
Mem:          3.8G       3.7G       118M       5.7M        27M       3.3G

MemTotal:        4016004 kB
MemFree:          121212 kB
Active:           350608 kB
Mem:          3.8G       3.7G       118M       5.7M        27M       3.3G

MemTotal:        4016004 kB
MemFree:          120840 kB
Active:           350632 kB
Mem:          3.8G       3.7G       118M       5.7M        27M       3.3G

MemTotal:        4016004 kB
MemFree:          121212 kB
Active:           350628 kB
Mem:          3.8G       3.7G       118M       5.7M        27M       3.3G

MemTotal:        4016004 kB
MemFree:          121336 kB
Active:           350616 kB
Mem:          3.8G       3.7G       118M       5.7M        27M       3.3G

MemTotal:        4016004 kB
MemFree:          121336 kB
Active:           350616 kB
Mem:          3.8G       3.7G       118M       5.7M        27M       3.3G

MemTotal:        4016004 kB
MemFree:          120964 kB
Active:           350636 kB
Mem:          3.8G       3.7G       118M       5.7M        27M       3.3G

MemTotal:        4016004 kB
MemFree:          121336 kB
Active:           350628 kB
Mem:          3.8G       3.7G       118M       5.7M        27M       3.3G

MemTotal:        4016004 kB
MemFree:          121088 kB
Active:           350640 kB
Mem:          3.8G       3.7G       118M       5.7M        27M       3.3G

MemTotal:        4016004 kB
MemFree:          121212 kB
Active:           350604 kB
Mem:          3.8G       3.7G       118M       5.7M        27M       3.3G

MemTotal:        4016004 kB
MemFree:          121336 kB
Active:           350640 kB
Mem:          3.8G       3.7G       118M       5.7M        27M       3.3G

MemTotal:        4016004 kB
MemFree:          121336 kB
Active:           350628 kB
Mem:          3.8G       3.7G       118M       5.7M        27M       3.3G

MemTotal:        4016004 kB
MemFree:          121212 kB
Active:           350640 kB
Mem:          3.8G       3.7G       118M       5.7M        27M       3.3G

MemTotal:        4016004 kB
MemFree:          120840 kB
Active:           350612 kB
Mem:          3.8G       3.7G       117M       5.7M        27M       3.3G

MemTotal:        4016004 kB
MemFree:          120592 kB
Active:           350644 kB
Mem:          3.8G       3.7G       117M       5.7M        27M       3.3G

MemTotal:        4016004 kB
MemFree:          120592 kB
Active:           350628 kB
Mem:          3.8G       3.7G       117M       5.7M        27M       3.3G

MemTotal:        4016004 kB
MemFree:          120592 kB
Active:           350648 kB
Mem:          3.8G       3.7G       117M       5.7M        27M       3.3G

MemTotal:        4016004 kB
MemFree:          120592 kB
Active:           350648 kB
Mem:          3.8G       3.7G       117M       5.7M        27M       3.3G

MemTotal:        4016004 kB
MemFree:          120964 kB
Active:           350616 kB
Mem:          3.8G       3.7G       118M       5.7M        27M       3.3G

MemTotal:        4016004 kB
MemFree:          120964 kB
Active:           350632 kB
Mem:          3.8G       3.7G       118M       5.7M        27M       3.3G

MemTotal:        4016004 kB
MemFree:          120964 kB
Active:           350604 kB
Mem:          3.8G       3.7G       118M       5.7M        27M       3.3G

MemTotal:        4016004 kB
MemFree:          120840 kB
Active:           350632 kB
Mem:          3.8G       3.7G       117M       5.7M        27M       3.3G

MemTotal:        4016004 kB
MemFree:          120840 kB
Active:           350600 kB
Mem:          3.8G       3.7G       117M       5.7M        27M       3.3G

MemTotal:        4016004 kB
MemFree:          120716 kB
Active:           350644 kB
Mem:          3.8G       3.7G       117M       5.7M        27M       3.3G

MemTotal:        4016004 kB
MemFree:          118048 kB
Active:           350660 kB
Mem:          3.8G       3.7G       115M       5.7M        27M       3.3G

MemTotal:        4016004 kB
MemFree:          118172 kB
Active:           352684 kB
Mem:          3.8G       3.7G       115M       5.7M        27M       3.3G

MemTotal:        4016004 kB
MemFree:          118420 kB
Active:           352636 kB
Mem:          3.8G       3.7G       115M       5.7M        27M       3.3G

MemTotal:        4016004 kB
MemFree:          117924 kB
Active:           352692 kB
Mem:          3.8G       3.7G       115M       5.7M        27M       3.3G

MemTotal:        4016004 kB
MemFree:          118420 kB
Active:           352648 kB
Mem:          3.8G       3.7G       115M       5.7M        27M       3.3G

MemTotal:        4016004 kB
MemFree:          118792 kB
Active:           352676 kB
Mem:          3.8G       3.7G       116M       5.7M        27M       3.3G

MemTotal:        4016004 kB
MemFree:          119040 kB
Active:           352684 kB
Mem:          3.8G       3.7G       116M       5.7M        27M       3.3G

MemTotal:        4016004 kB
MemFree:          118544 kB
Active:           352692 kB
Mem:          3.8G       3.7G       115M       5.7M        27M       3.3G

MemTotal:        4016004 kB
MemFree:          118420 kB
Active:           352692 kB
Mem:          3.8G       3.7G       115M       5.7M        27M       3.3G

MemTotal:        4016004 kB
MemFree:          118296 kB
Active:           352660 kB
Mem:          3.8G       3.7G       115M       5.7M        27M       3.3G

MemTotal:        4016004 kB
MemFree:          118172 kB
Active:           352696 kB
Mem:          3.8G       3.7G       115M       5.7M        27M       3.3G

MemTotal:        4016004 kB
MemFree:          118544 kB
Active:           352644 kB
Mem:          3.8G       3.7G       115M       5.7M        27M       3.3G

MemTotal:        4016004 kB
MemFree:          118172 kB
Active:           352700 kB
Mem:          3.8G       3.7G       115M       5.7M        27M       3.3G

MemTotal:        4016004 kB
MemFree:          118544 kB
Active:           352680 kB
Mem:          3.8G       3.7G       115M       5.7M        27M       3.3G

MemTotal:        4016004 kB
MemFree:          118544 kB
Active:           352700 kB
Mem:          3.8G       3.7G       115M       5.7M        27M       3.3G

MemTotal:        4016004 kB
MemFree:          118544 kB
Active:           352704 kB
Mem:          3.8G       3.7G       115M       5.7M        27M       3.3G

MemTotal:        4016004 kB
MemFree:          119048 kB
Active:           352704 kB
Mem:          3.8G       3.7G       116M       5.7M        27M       3.3G

MemTotal:        4016004 kB
MemFree:          118676 kB
Active:           352712 kB
Mem:          3.8G       3.7G       116M       5.7M        27M       3.3G

MemTotal:        4016004 kB
MemFree:          118924 kB
Active:           352708 kB
Mem:          3.8G       3.7G       116M       5.7M        27M       3.3G

MemTotal:        4016004 kB
MemFree:          118924 kB
Active:           352704 kB
Mem:          3.8G       3.7G       116M       5.7M        27M       3.3G

MemTotal:        4016004 kB
MemFree:          118676 kB
Active:           352716 kB
Mem:          3.8G       3.7G       115M       5.7M        27M       3.3G

MemTotal:        4016004 kB
MemFree:          118924 kB
Active:           352708 kB
Mem:          3.8G       3.7G       116M       5.7M        27M       3.3G

MemTotal:        4016004 kB
MemFree:          118676 kB
Active:           352720 kB
Mem:          3.8G       3.7G       115M       5.7M        27M       3.3G

MemTotal:        4016004 kB
MemFree:          118552 kB
Active:           352724 kB
Mem:          3.8G       3.7G       115M       5.7M        27M       3.3G

MemTotal:        4016004 kB
MemFree:          118552 kB
Active:           352688 kB
Mem:          3.8G       3.7G       115M       5.7M        27M       3.3G

MemTotal:        4016004 kB
MemFree:          118924 kB
Active:           352712 kB
Mem:          3.8G       3.7G       116M       5.7M        27M       3.3G

MemTotal:        4016004 kB
MemFree:          118924 kB
Active:           352700 kB
Mem:          3.8G       3.7G       115M       5.7M        27M       3.3G

MemTotal:        4016004 kB
MemFree:          118428 kB
Active:           352732 kB
Mem:          3.8G       3.7G       115M       5.7M        27M       3.3G

MemTotal:        4016004 kB
MemFree:          118552 kB
Active:           352732 kB
Mem:          3.8G       3.7G       115M       5.7M        27M       3.3G

MemTotal:        4016004 kB
MemFree:          118676 kB
Active:           352728 kB
Mem:          3.8G       3.7G       115M       5.7M        27M       3.3G

MemTotal:        4016004 kB
MemFree:          118800 kB
Active:           352740 kB
Mem:          3.8G       3.7G       115M       5.7M        27M       3.3G

MemTotal:        4016004 kB
MemFree:          118800 kB
Active:           352712 kB
Mem:          3.8G       3.7G       116M       5.7M        27M       3.3G

MemTotal:        4016004 kB
MemFree:          118552 kB
Active:           352744 kB
Mem:          3.8G       3.7G       116M       5.7M        27M       3.3G

MemTotal:        4016004 kB
MemFree:          118924 kB
Active:           352708 kB
Mem:          3.8G       3.7G       115M       5.7M        27M       3.3G

MemTotal:        4016004 kB
MemFree:          118800 kB
Active:           352720 kB
Mem:          3.8G       3.7G       116M       5.7M        27M       3.3G

MemTotal:        4016004 kB
MemFree:          118924 kB
Active:           352728 kB
Mem:          3.8G       3.7G       116M       5.7M        27M       3.3G

MemTotal:        4016004 kB
MemFree:          118924 kB
Active:           352732 kB
Mem:          3.8G       3.7G       116M       5.7M        27M       3.3G

MemTotal:        4016004 kB
MemFree:          118924 kB
Active:           352708 kB
Mem:          3.8G       3.7G       116M       5.7M        27M       3.3G

MemTotal:        4016004 kB
MemFree:          118924 kB
Active:           352700 kB
Mem:          3.8G       3.7G       116M       5.7M        27M       3.3G

MemTotal:        4016004 kB
MemFree:          118180 kB
Active:           352760 kB
Mem:          3.8G       3.7G       115M       5.7M        27M       3.3G

MemTotal:        4016004 kB
MemFree:          118304 kB
Active:           352760 kB
Mem:          3.8G       3.7G       115M       5.7M        27M       3.3G

MemTotal:        4016004 kB
MemFree:          118676 kB
Active:           352704 kB
Mem:          3.8G       3.7G       115M       5.7M        27M       3.3G

MemTotal:        4016004 kB
MemFree:          118660 kB
Active:           352752 kB
Mem:          3.8G       3.7G       115M       5.7M        28M       3.3G

MemTotal:        4016004 kB
MemFree:          118288 kB
Active:           352876 kB
Mem:          3.8G       3.7G       115M       5.7M        28M       3.3G

MemTotal:        4016004 kB
MemFree:          118784 kB
Active:           352836 kB
Mem:          3.8G       3.7G       116M       5.7M        28M       3.3G

MemTotal:        4016004 kB
MemFree:          118412 kB
Active:           353008 kB
Mem:          3.8G       3.7G       115M       5.7M        28M       3.3G

MemTotal:        4016004 kB
MemFree:          118520 kB
Active:           352896 kB
Mem:          3.8G       3.7G       116M       5.7M        28M       3.3G

MemTotal:        4016004 kB
MemFree:          118892 kB
Active:           352908 kB
Mem:          3.8G       3.7G       115M       5.7M        28M       3.3G

