MemTotal:        4016004 kB
MemFree:         3243252 kB
Active:           416064 kB
Mem:          3.8G       755M       3.1G       5.7M        55M       317M

MemTotal:        4016004 kB
MemFree:         3243348 kB
Active:           416316 kB
Mem:          3.8G       754M       3.1G       5.7M        55M       317M

MemTotal:        4016004 kB
MemFree:         3243100 kB
Active:           416420 kB
Mem:          3.8G       754M       3.1G       5.7M        55M       317M

MemTotal:        4016004 kB
MemFree:         3243348 kB
Active:           416444 kB
Mem:          3.8G       754M       3.1G       5.7M        55M       317M

MemTotal:        4016004 kB
MemFree:         3243728 kB
Active:           416416 kB
Mem:          3.8G       754M       3.1G       5.7M        55M       317M

MemTotal:        4016004 kB
MemFree:         3243572 kB
Active:           416396 kB
Mem:          3.8G       754M       3.1G       5.7M        55M       317M

MemTotal:        4016004 kB
MemFree:         3243308 kB
Active:           416452 kB
Mem:          3.8G       754M       3.1G       5.7M        55M       317M

MemTotal:        4016004 kB
MemFree:         3243184 kB
Active:           416452 kB
Mem:          3.8G       754M       3.1G       5.7M        55M       317M

MemTotal:        4016004 kB
MemFree:         3243184 kB
Active:           416416 kB
Mem:          3.8G       754M       3.1G       5.7M        55M       317M

MemTotal:        4016004 kB
MemFree:         3243432 kB
Active:           416432 kB
Mem:          3.8G       754M       3.1G       5.7M        55M       317M

MemTotal:        4016004 kB
MemFree:         3243184 kB
Active:           416444 kB
Mem:          3.8G       754M       3.1G       5.7M        55M       317M

MemTotal:        4016004 kB
MemFree:         3242812 kB
Active:           416460 kB
Mem:          3.8G       754M       3.1G       5.7M        55M       317M

MemTotal:        4016004 kB
MemFree:         3243308 kB
Active:           416456 kB
Mem:          3.8G       754M       3.1G       5.7M        55M       317M

MemTotal:        4016004 kB
MemFree:         3243332 kB
Active:           416452 kB
Mem:          3.8G       754M       3.1G       5.7M        55M       317M

MemTotal:        4016004 kB
MemFree:         3242960 kB
Active:           416460 kB
Mem:          3.8G       754M       3.1G       5.7M        55M       317M

MemTotal:        4016004 kB
MemFree:         3243316 kB
Active:           416408 kB
Mem:          3.8G       754M       3.1G       5.7M        55M       317M

MemTotal:        4016004 kB
MemFree:         3242660 kB
Active:           414544 kB
Mem:          3.8G       755M       3.1G       5.7M        55M       317M

MemTotal:        4016004 kB
MemFree:         3242696 kB
Active:           416516 kB
Mem:          3.8G       755M       3.1G       5.7M        55M       317M

MemTotal:        4016004 kB
MemFree:         3242556 kB
Active:           416548 kB
Mem:          3.8G       755M       3.1G       5.7M        55M       317M

MemTotal:        4016004 kB
MemFree:         3243160 kB
Active:           416524 kB
Mem:          3.8G       755M       3.1G       5.7M        55M       317M

MemTotal:        4016004 kB
MemFree:         3243036 kB
Active:           416544 kB
Mem:          3.8G       754M       3.1G       5.7M        55M       317M

MemTotal:        4016004 kB
MemFree:         3243640 kB
Active:           416568 kB
Mem:          3.8G       754M       3.1G       5.7M        55M       317M

MemTotal:        4016004 kB
MemFree:         3243624 kB
Active:           416520 kB
Mem:          3.8G       754M       3.1G       5.7M        55M       317M

MemTotal:        4016004 kB
MemFree:         3243376 kB
Active:           416576 kB
Mem:          3.8G       754M       3.1G       5.7M        55M       317M

MemTotal:        4016004 kB
MemFree:         3243360 kB
Active:           416552 kB
Mem:          3.8G       754M       3.1G       5.7M        55M       317M

MemTotal:        4016004 kB
MemFree:         3243160 kB
Active:           416576 kB
Mem:          3.8G       754M       3.1G       5.7M        55M       317M

MemTotal:        4016004 kB
MemFree:         3242692 kB
Active:           414632 kB
Mem:          3.8G       755M       3.1G       5.7M        55M       317M

MemTotal:        4016004 kB
MemFree:         3242972 kB
Active:           416540 kB
Mem:          3.8G       755M       3.1G       5.7M        55M       317M

MemTotal:        4016004 kB
MemFree:         3242476 kB
Active:           416588 kB
Mem:          3.8G       755M       3.1G       5.7M        55M       317M

MemTotal:        4016004 kB
MemFree:         3242972 kB
Active:           416564 kB
Mem:          3.8G       755M       3.1G       5.7M        55M       317M

MemTotal:        4016004 kB
MemFree:         3243096 kB
Active:           416556 kB
Mem:          3.8G       754M       3.1G       5.7M        55M       317M

MemTotal:        4016004 kB
MemFree:         3243344 kB
Active:           416576 kB
Mem:          3.8G       754M       3.1G       5.7M        55M       317M

MemTotal:        4016004 kB
MemFree:         3243220 kB
Active:           416540 kB
Mem:          3.8G       754M       3.1G       5.7M        55M       317M

MemTotal:        4016004 kB
MemFree:         3243204 kB
Active:           416576 kB
Mem:          3.8G       754M       3.1G       5.7M        55M       317M

MemTotal:        4016004 kB
MemFree:         3242568 kB
Active:           416592 kB
Mem:          3.8G       755M       3.1G       5.7M        55M       317M

MemTotal:        4016004 kB
MemFree:         3243436 kB
Active:           416580 kB
Mem:          3.8G       754M       3.1G       5.7M        55M       317M

MemTotal:        4016004 kB
MemFree:         3243328 kB
Active:           416572 kB
Mem:          3.8G       754M       3.1G       5.7M        55M       317M

MemTotal:        4016004 kB
MemFree:         3243328 kB
Active:           416596 kB
Mem:          3.8G       754M       3.1G       5.7M        55M       317M

MemTotal:        4016004 kB
MemFree:         3243328 kB
Active:           416600 kB
Mem:          3.8G       754M       3.1G       5.7M        55M       317M

MemTotal:        4016004 kB
MemFree:         3243328 kB
Active:           416548 kB
Mem:          3.8G       754M       3.1G       5.7M        55M       317M

MemTotal:        4016004 kB
MemFree:         3243452 kB
Active:           416560 kB
Mem:          3.8G       754M       3.1G       5.7M        55M       317M

MemTotal:        4016004 kB
MemFree:         3243328 kB
Active:           416588 kB
Mem:          3.8G       754M       3.1G       5.7M        55M       317M

MemTotal:        4016004 kB
MemFree:         3243328 kB
Active:           416592 kB
Mem:          3.8G       754M       3.1G       5.7M        55M       317M

MemTotal:        4016004 kB
MemFree:         3243452 kB
Active:           416556 kB
Mem:          3.8G       754M       3.1G       5.7M        55M       317M

MemTotal:        4016004 kB
MemFree:         3243576 kB
Active:           416564 kB
Mem:          3.8G       754M       3.1G       5.7M        55M       317M

MemTotal:        4016004 kB
MemFree:         3243204 kB
Active:           416604 kB
Mem:          3.8G       754M       3.1G       5.7M        55M       317M

MemTotal:        4016004 kB
MemFree:         3243576 kB
Active:           416600 kB
Mem:          3.8G       754M       3.1G       5.7M        55M       317M

MemTotal:        4016004 kB
MemFree:         3243452 kB
Active:           416596 kB
Mem:          3.8G       754M       3.1G       5.7M        55M       317M

MemTotal:        4016004 kB
MemFree:         3243204 kB
Active:           416600 kB
Mem:          3.8G       754M       3.1G       5.7M        55M       317M

MemTotal:        4016004 kB
MemFree:         3243204 kB
Active:           416608 kB
Mem:          3.8G       754M       3.1G       5.7M        55M       317M

MemTotal:        4016004 kB
MemFree:         3243328 kB
Active:           416612 kB
Mem:          3.8G       754M       3.1G       5.7M        55M       317M

MemTotal:        4016004 kB
MemFree:         3243204 kB
Active:           416624 kB
Mem:          3.8G       754M       3.1G       5.7M        55M       317M

MemTotal:        4016004 kB
MemFree:         3243328 kB
Active:           416636 kB
Mem:          3.8G       754M       3.1G       5.7M        55M       317M

MemTotal:        4016004 kB
MemFree:         3243284 kB
Active:           416600 kB
Mem:          3.8G       754M       3.1G       5.7M        55M       317M

MemTotal:        4016004 kB
MemFree:         3243284 kB
Active:           416632 kB
Mem:          3.8G       754M       3.1G       5.7M        55M       317M

MemTotal:        4016004 kB
MemFree:         3243532 kB
Active:           416608 kB
Mem:          3.8G       754M       3.1G       5.7M        55M       317M

MemTotal:        4016004 kB
MemFree:         3243408 kB
Active:           416632 kB
Mem:          3.8G       754M       3.1G       5.7M        55M       317M

MemTotal:        4016004 kB
MemFree:         3243656 kB
Active:           416608 kB
Mem:          3.8G       754M       3.1G       5.7M        55M       317M

MemTotal:        4016004 kB
MemFree:         3243516 kB
Active:           416628 kB
Mem:          3.8G       754M       3.1G       5.7M        55M       317M

MemTotal:        4016004 kB
MemFree:         3243392 kB
Active:           416652 kB
Mem:          3.8G       754M       3.1G       5.7M        55M       317M

MemTotal:        4016004 kB
MemFree:         3243144 kB
Active:           416656 kB
Mem:          3.8G       754M       3.1G       5.7M        55M       317M

MemTotal:        4016004 kB
MemFree:         3243268 kB
Active:           416640 kB
Mem:          3.8G       754M       3.1G       5.7M        55M       317M

MemTotal:        4016004 kB
MemFree:         3243268 kB
Active:           416640 kB
Mem:          3.8G       754M       3.1G       5.7M        55M       317M

MemTotal:        4016004 kB
MemFree:         3243144 kB
Active:           416664 kB
Mem:          3.8G       754M       3.1G       5.7M        55M       317M

MemTotal:        4016004 kB
MemFree:         3243252 kB
Active:           416636 kB
Mem:          3.8G       754M       3.1G       5.7M        55M       317M

MemTotal:        4016004 kB
MemFree:         3242988 kB
Active:           416664 kB
Mem:          3.8G       754M       3.1G       5.7M        55M       317M

MemTotal:        4016004 kB
MemFree:         3242348 kB
Active:           414660 kB
Mem:          3.8G       755M       3.1G       5.7M        55M       317M

MemTotal:        4016004 kB
MemFree:         3242784 kB
Active:           416656 kB
Mem:          3.8G       755M       3.1G       5.7M        55M       317M

MemTotal:        4016004 kB
MemFree:         3243016 kB
Active:           416668 kB
Mem:          3.8G       754M       3.1G       5.7M        55M       317M

MemTotal:        4016004 kB
MemFree:         3243264 kB
Active:           416656 kB
Mem:          3.8G       755M       3.1G       5.7M        55M       317M

MemTotal:        4016004 kB
MemFree:         3242644 kB
Active:           416680 kB
Mem:          3.8G       754M       3.1G       5.7M        55M       317M

MemTotal:        4016004 kB
MemFree:         3243124 kB
Active:           416676 kB
Mem:          3.8G       755M       3.1G       5.7M        55M       317M

MemTotal:        4016004 kB
MemFree:         3242860 kB
Active:           416644 kB
Mem:          3.8G       755M       3.1G       5.7M        55M       317M

MemTotal:        4016004 kB
MemFree:         3242860 kB
Active:           416676 kB
Mem:          3.8G       754M       3.1G       5.7M        55M       317M

MemTotal:        4016004 kB
MemFree:         3242612 kB
Active:           416680 kB
Mem:          3.8G       755M       3.1G       5.7M        55M       317M

MemTotal:        4016004 kB
MemFree:         3242752 kB
Active:           416636 kB
Mem:          3.8G       755M       3.1G       5.7M        55M       317M

MemTotal:        4016004 kB
MemFree:         3242188 kB
Active:           414708 kB
Mem:          3.8G       755M       3.1G       5.7M        55M       317M

MemTotal:        4016004 kB
MemFree:         3242192 kB
Active:           416668 kB
Mem:          3.8G       755M       3.1G       5.7M        55M       317M

MemTotal:        4016004 kB
MemFree:         3242688 kB
Active:           416668 kB
Mem:          3.8G       754M       3.1G       5.7M        55M       317M

MemTotal:        4016004 kB
MemFree:         3243184 kB
Active:           416688 kB
Mem:          3.8G       754M       3.1G       5.7M        55M       317M

MemTotal:        4016004 kB
MemFree:         3243556 kB
Active:           416692 kB
Mem:          3.8G       754M       3.1G       5.7M        55M       317M

MemTotal:        4016004 kB
MemFree:         3243060 kB
Active:           416700 kB
Mem:          3.8G       754M       3.1G       5.7M        55M       317M

MemTotal:        4016004 kB
MemFree:         3243308 kB
Active:           416700 kB
Mem:          3.8G       754M       3.1G       5.7M        55M       317M

MemTotal:        4016004 kB
MemFree:         3242936 kB
Active:           416712 kB
Mem:          3.8G       754M       3.1G       5.7M        55M       317M

MemTotal:        4016004 kB
MemFree:         3243308 kB
Active:           416712 kB
Mem:          3.8G       754M       3.1G       5.7M        55M       317M

MemTotal:        4016004 kB
MemFree:         3243680 kB
Active:           416676 kB
Mem:          3.8G       754M       3.1G       5.7M        55M       317M

MemTotal:        4016004 kB
MemFree:         3242868 kB
Active:           414804 kB
Mem:          3.8G       754M       3.1G       5.7M        55M       317M

MemTotal:        4016004 kB
MemFree:         3243120 kB
Active:           416656 kB
Mem:          3.8G       754M       3.1G       5.7M        55M       317M

MemTotal:        4016004 kB
MemFree:         3243244 kB
Active:           416676 kB
Mem:          3.8G       754M       3.1G       5.7M        55M       317M

MemTotal:        4016004 kB
MemFree:         3243244 kB
Active:           416704 kB
Mem:          3.8G       754M       3.1G       5.7M        55M       317M

MemTotal:        4016004 kB
MemFree:         3242996 kB
Active:           416724 kB
Mem:          3.8G       755M       3.1G       5.7M        55M       317M

MemTotal:        4016004 kB
MemFree:         3242996 kB
Active:           416720 kB
Mem:          3.8G       755M       3.1G       5.7M        55M       317M

MemTotal:        4016004 kB
MemFree:         3243120 kB
Active:           416716 kB
Mem:          3.8G       754M       3.1G       5.7M        55M       317M

MemTotal:        4016004 kB
MemFree:         3243616 kB
Active:           416668 kB
Mem:          3.8G       754M       3.1G       5.7M        55M       317M

MemTotal:        4016004 kB
MemFree:         3243492 kB
Active:           416704 kB
Mem:          3.8G       754M       3.1G       5.7M        55M       317M

MemTotal:        4016004 kB
MemFree:         3243492 kB
Active:           416680 kB
Mem:          3.8G       754M       3.1G       5.7M        55M       317M

MemTotal:        4016004 kB
MemFree:         3243492 kB
Active:           416692 kB
Mem:          3.8G       754M       3.1G       5.7M        55M       317M

MemTotal:        4016004 kB
MemFree:         3243244 kB
Active:           416732 kB
Mem:          3.8G       754M       3.1G       5.7M        55M       317M

MemTotal:        4016004 kB
MemFree:         3243244 kB
Active:           416724 kB
Mem:          3.8G       754M       3.1G       5.7M        55M       317M

MemTotal:        4016004 kB
MemFree:         3243476 kB
Active:           416724 kB
Mem:          3.8G       754M       3.1G       5.7M        55M       317M

MemTotal:        4016004 kB
MemFree:         3243320 kB
Active:           416848 kB
Mem:          3.8G       755M       3.1G       5.7M        55M       317M

MemTotal:        4016004 kB
MemFree:         3200252 kB
Active:           417928 kB
Mem:          3.8G       797M       3.1G       5.7M        55M       358M

MemTotal:        4016004 kB
MemFree:         3155004 kB
Active:           417956 kB
Mem:          3.8G       841M       3.0G       5.7M        55M       401M

MemTotal:        4016004 kB
MemFree:         3109260 kB
Active:           417980 kB
Mem:          3.8G       885M       3.0G       5.7M        55M       445M

MemTotal:        4016004 kB
MemFree:         3064400 kB
Active:           418012 kB
Mem:          3.8G       929M       2.9G       5.7M        55M       488M

MemTotal:        4016004 kB
MemFree:         3018656 kB
Active:           418032 kB
Mem:          3.8G       974M       2.9G       5.7M        55M       533M

MemTotal:        4016004 kB
MemFree:         2974028 kB
Active:           418052 kB
Mem:          3.8G       1.0G       2.8G       5.7M        55M       576M

MemTotal:        4016004 kB
MemFree:         2928424 kB
Active:           418080 kB
Mem:          3.8G       1.0G       2.8G       5.7M        55M       620M

MemTotal:        4016004 kB
MemFree:         2883768 kB
Active:           418104 kB
Mem:          3.8G       1.1G       2.7G       5.7M        55M       663M

MemTotal:        4016004 kB
MemFree:         2838076 kB
Active:           418128 kB
Mem:          3.8G       1.1G       2.7G       5.7M        55M       706M

MemTotal:        4016004 kB
MemFree:         2791820 kB
Active:           418160 kB
Mem:          3.8G       1.2G       2.7G       5.7M        55M       750M

MemTotal:        4016004 kB
MemFree:         2746284 kB
Active:           418180 kB
Mem:          3.8G       1.2G       2.6G       5.7M        55M       794M

MemTotal:        4016004 kB
MemFree:         2727104 kB
Active:           418168 kB
Mem:          3.8G       1.2G       2.6G       5.7M        55M       813M

MemTotal:        4016004 kB
MemFree:         2683140 kB
Active:           418224 kB
Mem:          3.8G       1.3G       2.6G       5.7M        55M       855M

MemTotal:        4016004 kB
MemFree:         2636684 kB
Active:           418244 kB
Mem:          3.8G       1.3G       2.5G       5.7M        55M       899M

MemTotal:        4016004 kB
MemFree:         2593132 kB
Active:           418268 kB
Mem:          3.8G       1.4G       2.5G       5.7M        55M       941M

MemTotal:        4016004 kB
MemFree:         2545388 kB
Active:           420344 kB
Mem:          3.8G       1.4G       2.4G       5.7M        55M       985M

MemTotal:        4016004 kB
MemFree:         2525692 kB
Active:           420312 kB
Mem:          3.8G       1.4G       2.4G       5.7M        55M       1.0G

MemTotal:        4016004 kB
MemFree:         2479780 kB
Active:           420388 kB
Mem:          3.8G       1.5G       2.4G       5.7M        56M       1.0G

MemTotal:        4016004 kB
MemFree:         2435248 kB
Active:           420404 kB
Mem:          3.8G       1.5G       2.3G       5.7M        56M       1.1G

MemTotal:        4016004 kB
MemFree:         2389928 kB
Active:           420428 kB
Mem:          3.8G       1.6G       2.3G       5.7M        56M       1.1G

MemTotal:        4016004 kB
MemFree:         2345068 kB
Active:           420452 kB
Mem:          3.8G       1.6G       2.2G       5.7M        56M       1.2G

MemTotal:        4016004 kB
MemFree:         2299216 kB
Active:           420496 kB
Mem:          3.8G       1.6G       2.2G       5.7M        56M       1.2G

MemTotal:        4016004 kB
MemFree:         2254604 kB
Active:           420520 kB
Mem:          3.8G       1.7G       2.1G       5.7M        56M       1.2G

MemTotal:        4016004 kB
MemFree:         2209108 kB
Active:           420536 kB
Mem:          3.8G       1.7G       2.1G       5.7M        56M       1.3G

MemTotal:        4016004 kB
MemFree:         2164232 kB
Active:           420560 kB
Mem:          3.8G       1.8G       2.1G       5.7M        56M       1.3G

MemTotal:        4016004 kB
MemFree:         2116220 kB
Active:           422648 kB
Mem:          3.8G       1.8G       2.0G       5.7M        56M       1.4G

MemTotal:        4016004 kB
MemFree:         2072228 kB
Active:           422652 kB
Mem:          3.8G       1.9G       2.0G       5.7M        56M       1.4G

MemTotal:        4016004 kB
MemFree:         2025384 kB
Active:           422684 kB
Mem:          3.8G       1.9G       1.9G       5.7M        56M       1.4G

MemTotal:        4016004 kB
MemFree:         1980824 kB
Active:           422716 kB
Mem:          3.8G       1.9G       1.9G       5.7M        56M       1.5G

MemTotal:        4016004 kB
MemFree:         1935252 kB
Active:           422736 kB
Mem:          3.8G       2.0G       1.8G       5.7M        56M       1.5G

MemTotal:        4016004 kB
MemFree:         1890640 kB
Active:           422756 kB
Mem:          3.8G       2.0G       1.8G       5.7M        56M       1.6G

MemTotal:        4016004 kB
MemFree:         1883696 kB
Active:           422780 kB
Mem:          3.8G       2.0G       1.8G       5.7M        56M       1.6G

MemTotal:        4016004 kB
MemFree:         1883384 kB
Active:           422792 kB
Mem:          3.8G       2.0G       1.8G       5.7M        56M       1.6G

MemTotal:        4016004 kB
MemFree:         1883548 kB
Active:           422748 kB
Mem:          3.8G       2.0G       1.8G       5.7M        56M       1.6G

MemTotal:        4016004 kB
MemFree:         1844980 kB
Active:           422808 kB
Mem:          3.8G       2.1G       1.8G       5.7M        56M       1.6G

MemTotal:        4016004 kB
MemFree:         1800432 kB
Active:           422836 kB
Mem:          3.8G       2.1G       1.7G       5.7M        56M       1.7G

MemTotal:        4016004 kB
MemFree:         1754828 kB
Active:           422856 kB
Mem:          3.8G       2.2G       1.7G       5.7M        56M       1.7G

MemTotal:        4016004 kB
MemFree:         1710076 kB
Active:           422884 kB
Mem:          3.8G       2.2G       1.6G       5.7M        56M       1.7G

MemTotal:        4016004 kB
MemFree:         1664100 kB
Active:           422904 kB
Mem:          3.8G       2.2G       1.6G       5.7M        56M       1.8G

MemTotal:        4016004 kB
MemFree:         1619612 kB
Active:           422932 kB
Mem:          3.8G       2.3G       1.5G       5.7M        56M       1.8G

MemTotal:        4016004 kB
MemFree:         1573620 kB
Active:           422956 kB
Mem:          3.8G       2.3G       1.5G       5.7M        56M       1.9G

MemTotal:        4016004 kB
MemFree:         1529304 kB
Active:           422980 kB
Mem:          3.8G       2.4G       1.5G       5.7M        56M       1.9G

MemTotal:        4016004 kB
MemFree:         1514476 kB
Active:           422968 kB
Mem:          3.8G       2.4G       1.4G       5.7M        56M       1.9G

MemTotal:        4016004 kB
MemFree:         1469176 kB
Active:           423024 kB
Mem:          3.8G       2.4G       1.4G       5.7M        56M       2.0G

MemTotal:        4016004 kB
MemFree:         1423536 kB
Active:           423052 kB
Mem:          3.8G       2.5G       1.4G       5.7M        56M       2.0G

MemTotal:        4016004 kB
MemFree:         1377872 kB
Active:           423072 kB
Mem:          3.8G       2.5G       1.3G       5.7M        56M       2.1G

MemTotal:        4016004 kB
MemFree:         1333260 kB
Active:           423092 kB
Mem:          3.8G       2.6G       1.3G       5.7M        56M       2.1G

MemTotal:        4016004 kB
MemFree:         1291688 kB
Active:           423120 kB
Mem:          3.8G       2.6G       1.2G       5.7M        56M       2.1G

MemTotal:        4016004 kB
MemFree:         1291156 kB
Active:           423144 kB
Mem:          3.8G       2.6G       1.2G       5.7M        56M       2.1G

MemTotal:        4016004 kB
MemFree:         1281576 kB
Active:           423100 kB
Mem:          3.8G       2.6G       1.2G       5.7M        56M       2.1G

MemTotal:        4016004 kB
MemFree:         1238164 kB
Active:           423164 kB
Mem:          3.8G       2.6G       1.2G       5.7M        56M       2.2G

MemTotal:        4016004 kB
MemFree:         1192036 kB
Active:           423188 kB
Mem:          3.8G       2.7G       1.1G       5.7M        56M       2.2G

MemTotal:        4016004 kB
MemFree:         1148168 kB
Active:           423208 kB
Mem:          3.8G       2.7G       1.1G       5.7M        56M       2.3G

MemTotal:        4016004 kB
MemFree:         1101928 kB
Active:           423240 kB
Mem:          3.8G       2.8G       1.1G       5.7M        56M       2.3G

MemTotal:        4016004 kB
MemFree:         1057316 kB
Active:           423272 kB
Mem:          3.8G       2.8G       1.0G       5.7M        56M       2.4G

MemTotal:        4016004 kB
MemFree:         1011264 kB
Active:           423300 kB
Mem:          3.8G       2.9G       987M       5.7M        56M       2.4G

MemTotal:        4016004 kB
MemFree:          967148 kB
Active:           423320 kB
Mem:          3.8G       2.9G       943M       5.7M        56M       2.4G

MemTotal:        4016004 kB
MemFree:          922272 kB
Active:           423344 kB
Mem:          3.8G       3.0G       900M       5.7M        56M       2.5G

MemTotal:        4016004 kB
MemFree:          890836 kB
Active:           423340 kB
Mem:          3.8G       3.0G       869M       5.7M        56M       2.5G

MemTotal:        4016004 kB
MemFree:          846320 kB
Active:           423400 kB
Mem:          3.8G       3.0G       825M       5.7M        56M       2.6G

MemTotal:        4016004 kB
MemFree:          800576 kB
Active:           423424 kB
Mem:          3.8G       3.1G       780M       5.7M        56M       2.6G

MemTotal:        4016004 kB
MemFree:          755908 kB
Active:           423444 kB
Mem:          3.8G       3.1G       737M       5.7M        56M       2.6G

MemTotal:        4016004 kB
MemFree:          710076 kB
Active:           423492 kB
Mem:          3.8G       3.2G       693M       5.7M        56M       2.7G

MemTotal:        4016004 kB
MemFree:          665084 kB
Active:           423520 kB
Mem:          3.8G       3.2G       648M       5.7M        56M       2.7G

MemTotal:        4016004 kB
MemFree:          619740 kB
Active:           423548 kB
Mem:          3.8G       3.2G       604M       5.7M        56M       2.8G

MemTotal:        4016004 kB
MemFree:          542440 kB
Active:           423744 kB
Mem:          3.8G       3.3G       529M       5.7M        57M       2.8G

MemTotal:        4016004 kB
MemFree:          497880 kB
Active:           423620 kB
Mem:          3.8G       3.4G       485M       5.7M        57M       2.9G

MemTotal:        4016004 kB
MemFree:          442032 kB
Active:           432408 kB
Mem:          3.8G       3.4G       431M       5.7M        57M       2.9G

MemTotal:        4016004 kB
MemFree:          395064 kB
Active:           434292 kB
Mem:          3.8G       3.5G       384M       5.7M        57M       3.0G

MemTotal:        4016004 kB
MemFree:          360824 kB
Active:           424576 kB
Mem:          3.8G       3.5G       350M       5.7M        57M       3.0G

MemTotal:        4016004 kB
MemFree:          316008 kB
Active:           424600 kB
Mem:          3.8G       3.5G       308M       5.7M        57M       3.1G

MemTotal:        4016004 kB
MemFree:          269460 kB
Active:           424632 kB
Mem:          3.8G       3.6G       262M       5.7M        57M       3.1G

MemTotal:        4016004 kB
MemFree:          225132 kB
Active:           424652 kB
Mem:          3.8G       3.6G       219M       5.7M        57M       3.1G

MemTotal:        4016004 kB
MemFree:          180396 kB
Active:           424684 kB
Mem:          3.8G       3.7G       175M       5.7M        57M       3.2G

MemTotal:        4016004 kB
MemFree:          136268 kB
Active:           424756 kB
Mem:          3.8G       3.7G       132M       5.7M        57M       3.2G

MemTotal:        4016004 kB
MemFree:          125340 kB
Active:           421412 kB
Mem:          3.8G       3.7G       106M       5.7M        22M       3.3G

MemTotal:        4016004 kB
MemFree:          107124 kB
Active:           451772 kB
Mem:          3.8G       3.7G       104M       5.7M        22M       3.3G

MemTotal:        4016004 kB
MemFree:          106916 kB
Active:           451736 kB
Mem:          3.8G       3.7G       103M       5.7M        22M       3.3G

MemTotal:        4016004 kB
MemFree:          136216 kB
Active:           488712 kB
Mem:          3.8G       3.7G       129M       5.7M        22M       3.3G

MemTotal:        4016004 kB
MemFree:          131532 kB
Active:           484140 kB
Mem:          3.8G       3.7G       128M       5.7M        22M       3.3G

MemTotal:        4016004 kB
MemFree:          135280 kB
Active:           478404 kB
Mem:          3.8G       3.7G       131M       5.7M        22M       3.3G

MemTotal:        4016004 kB
MemFree:          113964 kB
Active:           474276 kB
Mem:          3.8G       3.7G       111M       5.7M        22M       3.3G

MemTotal:        4016004 kB
MemFree:          106304 kB
Active:           470844 kB
Mem:          3.8G       3.7G       102M       5.7M        22M       3.3G

MemTotal:        4016004 kB
MemFree:          133912 kB
Active:           464092 kB
Mem:          3.8G       3.7G       130M       5.7M        22M       3.3G

MemTotal:        4016004 kB
MemFree:          126672 kB
Active:           457948 kB
Mem:          3.8G       3.7G       123M       5.7M        22M       3.3G

MemTotal:        4016004 kB
MemFree:          106220 kB
Active:           454768 kB
Mem:          3.8G       3.7G       103M       5.7M        22M       3.3G

MemTotal:        4016004 kB
MemFree:          109452 kB
Active:           449812 kB
Mem:          3.8G       3.7G       106M       5.7M        22M       3.3G

MemTotal:        4016004 kB
MemFree:          108416 kB
Active:           449824 kB
Mem:          3.8G       3.7G       105M       5.7M        22M       3.3G

MemTotal:        4016004 kB
MemFree:          108296 kB
Active:           449788 kB
Mem:          3.8G       3.7G       105M       5.7M        22M       3.3G

MemTotal:        4016004 kB
MemFree:          130932 kB
Active:           446440 kB
Mem:          3.8G       3.7G       127M       5.7M        22M       3.3G

MemTotal:        4016004 kB
MemFree:          140416 kB
Active:           441720 kB
Mem:          3.8G       3.7G       136M       5.7M        22M       3.3G

MemTotal:        4016004 kB
MemFree:          131748 kB
Active:           440592 kB
Mem:          3.8G       3.7G       127M       5.7M        22M       3.3G

MemTotal:        4016004 kB
MemFree:          122352 kB
Active:           439340 kB
Mem:          3.8G       3.7G       118M       5.7M        22M       3.3G

MemTotal:        4016004 kB
MemFree:          128084 kB
Active:           437444 kB
Mem:          3.8G       3.7G       124M       5.7M        22M       3.3G

MemTotal:        4016004 kB
MemFree:          130452 kB
Active:           435804 kB
Mem:          3.8G       3.7G       127M       5.7M        22M       3.3G

MemTotal:        4016004 kB
MemFree:          133192 kB
Active:           433908 kB
Mem:          3.8G       3.7G       129M       5.7M        22M       3.3G

MemTotal:        4016004 kB
MemFree:          142684 kB
Active:           432012 kB
Mem:          3.8G       3.7G       138M       5.7M        22M       3.2G

MemTotal:        4016004 kB
MemFree:          133456 kB
Active:           430896 kB
Mem:          3.8G       3.7G       129M       5.7M        22M       3.3G

MemTotal:        4016004 kB
MemFree:          126952 kB
Active:           429656 kB
Mem:          3.8G       3.7G       121M       5.7M        22M       3.3G

MemTotal:        4016004 kB
MemFree:          128932 kB
Active:           428012 kB
Mem:          3.8G       3.7G       124M       5.7M        22M       3.3G

MemTotal:        4016004 kB
MemFree:          137284 kB
Active:           425984 kB
Mem:          3.8G       3.7G       132M       5.7M        22M       3.3G

MemTotal:        4016004 kB
MemFree:          128372 kB
Active:           424984 kB
Mem:          3.8G       3.7G       124M       5.7M        22M       3.3G

MemTotal:        4016004 kB
MemFree:          142428 kB
Active:           422708 kB
Mem:          3.8G       3.7G       137M       5.7M        22M       3.2G

MemTotal:        4016004 kB
MemFree:          130712 kB
Active:           421964 kB
Mem:          3.8G       3.7G       127M       5.7M        22M       3.3G

MemTotal:        4016004 kB
MemFree:          130312 kB
Active:           421924 kB
Mem:          3.8G       3.7G       126M       5.7M        22M       3.3G

MemTotal:        4016004 kB
MemFree:          130408 kB
Active:           421944 kB
Mem:          3.8G       3.7G       124M       5.7M        22M       3.3G

MemTotal:        4016004 kB
MemFree:          123600 kB
Active:           421480 kB
Mem:          3.8G       3.7G       120M       5.7M        22M       3.3G

MemTotal:        4016004 kB
MemFree:          129348 kB
Active:           419836 kB
Mem:          3.8G       3.7G       125M       5.7M        22M       3.3G

MemTotal:        4016004 kB
MemFree:          107536 kB
Active:           419104 kB
Mem:          3.8G       3.7G       104M       5.7M        22M       3.3G

MemTotal:        4016004 kB
MemFree:          129520 kB
Active:           417076 kB
Mem:          3.8G       3.7G       125M       5.7M        22M       3.3G

MemTotal:        4016004 kB
MemFree:          108468 kB
Active:           416204 kB
Mem:          3.8G       3.7G       105M       5.7M        23M       3.3G

MemTotal:        4016004 kB
MemFree:          106744 kB
Active:           414688 kB
Mem:          3.8G       3.7G       103M       5.7M        23M       3.3G

MemTotal:        4016004 kB
MemFree:          132728 kB
Active:           412532 kB
Mem:          3.8G       3.7G       129M       5.7M        23M       3.3G

MemTotal:        4016004 kB
MemFree:          119264 kB
Active:           411988 kB
Mem:          3.8G       3.7G       116M       5.7M        23M       3.3G

MemTotal:        4016004 kB
MemFree:          119080 kB
Active:           413884 kB
Mem:          3.8G       3.7G       115M       5.7M        23M       3.3G

MemTotal:        4016004 kB
MemFree:          109268 kB
Active:           412792 kB
Mem:          3.8G       3.7G       106M       5.7M        23M       3.3G

MemTotal:        4016004 kB
MemFree:          129756 kB
Active:           410768 kB
Mem:          3.8G       3.7G       126M       5.7M        23M       3.3G

MemTotal:        4016004 kB
MemFree:          121848 kB
Active:           409508 kB
Mem:          3.8G       3.7G       118M       5.7M        23M       3.3G

MemTotal:        4016004 kB
MemFree:          129776 kB
Active:           407492 kB
Mem:          3.8G       3.7G       126M       5.7M        23M       3.3G

MemTotal:        4016004 kB
MemFree:          122188 kB
Active:           406364 kB
Mem:          3.8G       3.7G       118M       5.7M        23M       3.3G

MemTotal:        4016004 kB
MemFree:          112976 kB
Active:           403296 kB
Mem:          3.8G       3.7G       108M       5.7M        23M       3.3G

MemTotal:        4016004 kB
MemFree:          133460 kB
Active:           401280 kB
Mem:          3.8G       3.7G       130M       5.7M        23M       3.3G

MemTotal:        4016004 kB
MemFree:          128148 kB
Active:           399888 kB
Mem:          3.8G       3.7G       124M       5.7M        23M       3.3G

MemTotal:        4016004 kB
MemFree:          126344 kB
Active:           396148 kB
Mem:          3.8G       3.7G       122M       5.7M        23M       3.3G

MemTotal:        4016004 kB
MemFree:          125940 kB
Active:           394636 kB
Mem:          3.8G       3.7G       121M       5.7M        23M       3.3G

MemTotal:        4016004 kB
MemFree:          127896 kB
Active:           393376 kB
Mem:          3.8G       3.7G       124M       5.7M        23M       3.3G

MemTotal:        4016004 kB
MemFree:          126400 kB
Active:           389904 kB
Mem:          3.8G       3.7G       122M       5.7M        23M       3.3G

MemTotal:        4016004 kB
MemFree:          112548 kB
Active:           388772 kB
Mem:          3.8G       3.7G       119M       5.7M        23M       3.3G

MemTotal:        4016004 kB
MemFree:          106344 kB
Active:           388412 kB
Mem:          3.8G       3.7G       103M       5.7M        23M       3.3G

MemTotal:        4016004 kB
MemFree:          109064 kB
Active:           388116 kB
Mem:          3.8G       3.7G       115M       5.7M        23M       3.3G

MemTotal:        4016004 kB
MemFree:          120524 kB
Active:           386764 kB
Mem:          3.8G       3.7G       116M       5.7M        23M       3.3G

MemTotal:        4016004 kB
MemFree:          105920 kB
Active:           385764 kB
Mem:          3.8G       3.7G       102M       5.7M        23M       3.3G

MemTotal:        4016004 kB
MemFree:          131940 kB
Active:           383484 kB
Mem:          3.8G       3.7G       128M       5.7M        23M       3.3G

MemTotal:        4016004 kB
MemFree:          119348 kB
Active:           383384 kB
Mem:          3.8G       3.7G       116M       5.7M        23M       3.3G

MemTotal:        4016004 kB
MemFree:          118792 kB
Active:           383360 kB
Mem:          3.8G       3.7G       115M       5.7M        23M       3.3G

MemTotal:        4016004 kB
MemFree:          133684 kB
Active:           382288 kB
Mem:          3.8G       3.7G       130M       5.7M        23M       3.3G

MemTotal:        4016004 kB
MemFree:          126540 kB
Active:           381240 kB
Mem:          3.8G       3.7G       123M       5.7M        23M       3.3G

MemTotal:        4016004 kB
MemFree:          127980 kB
Active:           379344 kB
Mem:          3.8G       3.7G       124M       5.7M        23M       3.3G

MemTotal:        4016004 kB
MemFree:          127760 kB
Active:           377704 kB
Mem:          3.8G       3.7G       124M       5.7M        23M       3.3G

MemTotal:        4016004 kB
MemFree:          118984 kB
Active:           374396 kB
Mem:          3.8G       3.7G       115M       5.7M        23M       3.3G

MemTotal:        4016004 kB
MemFree:          110688 kB
Active:           373264 kB
Mem:          3.8G       3.7G       107M       5.7M        23M       3.3G

MemTotal:        4016004 kB
MemFree:          113196 kB
Active:           371624 kB
Mem:          3.8G       3.7G       109M       5.7M        23M       3.3G

MemTotal:        4016004 kB
MemFree:          129140 kB
Active:           369984 kB
Mem:          3.8G       3.7G       125M       5.7M        23M       3.3G

MemTotal:        4016004 kB
MemFree:          114940 kB
Active:           369768 kB
Mem:          3.8G       3.7G       111M       5.7M        23M       3.3G

MemTotal:        4016004 kB
MemFree:          115016 kB
Active:           371672 kB
Mem:          3.8G       3.7G       112M       5.7M        23M       3.3G

MemTotal:        4016004 kB
MemFree:          124888 kB
Active:           370184 kB
Mem:          3.8G       3.7G       121M       5.7M        23M       3.3G

MemTotal:        4016004 kB
MemFree:          115376 kB
Active:           369572 kB
Mem:          3.8G       3.7G       112M       5.7M        23M       3.3G

MemTotal:        4016004 kB
MemFree:          107964 kB
Active:           369468 kB
Mem:          3.8G       3.7G       103M       5.7M        23M       3.3G

MemTotal:        4016004 kB
MemFree:          138216 kB
Active:           369516 kB
Mem:          3.8G       3.7G       134M       5.7M        23M       3.2G

MemTotal:        4016004 kB
MemFree:          145196 kB
Active:           366592 kB
Mem:          3.8G       3.7G       140M       5.7M        23M       3.2G

MemTotal:        4016004 kB
MemFree:          124512 kB
Active:           366444 kB
Mem:          3.8G       3.7G       120M       5.7M        23M       3.3G

MemTotal:        4016004 kB
MemFree:          128724 kB
Active:           366332 kB
Mem:          3.8G       3.7G       124M       5.7M        23M       3.3G

MemTotal:        4016004 kB
MemFree:          133680 kB
Active:           366356 kB
Mem:          3.8G       3.7G       130M       5.7M        23M       3.3G

MemTotal:        4016004 kB
MemFree:          138080 kB
Active:           366376 kB
Mem:          3.8G       3.7G       134M       5.7M        23M       3.2G

MemTotal:        4016004 kB
MemFree:          135084 kB
Active:           366408 kB
Mem:          3.8G       3.7G       131M       5.7M        23M       3.2G

MemTotal:        4016004 kB
MemFree:          129080 kB
Active:           366440 kB
Mem:          3.8G       3.7G       125M       5.7M        23M       3.3G

MemTotal:        4016004 kB
MemFree:          108544 kB
Active:           366244 kB
Mem:          3.8G       3.7G       105M       5.7M        23M       3.3G

MemTotal:        4016004 kB
MemFree:          117876 kB
Active:           366264 kB
Mem:          3.8G       3.7G       114M       5.7M        23M       3.3G

MemTotal:        4016004 kB
MemFree:          129808 kB
Active:           366292 kB
Mem:          3.8G       3.7G       126M       5.7M        23M       3.3G

MemTotal:        4016004 kB
MemFree:          131940 kB
Active:           366320 kB
Mem:          3.8G       3.7G       128M       5.7M        23M       3.3G

MemTotal:        4016004 kB
MemFree:          135148 kB
Active:           366348 kB
Mem:          3.8G       3.7G       131M       5.7M        24M       3.2G

MemTotal:        4016004 kB
MemFree:          137972 kB
Active:           366372 kB
Mem:          3.8G       3.7G       134M       5.7M        24M       3.2G

MemTotal:        4016004 kB
MemFree:          140652 kB
Active:           366412 kB
Mem:          3.8G       3.7G       136M       5.7M        24M       3.2G

MemTotal:        4016004 kB
MemFree:          135576 kB
Active:           367652 kB
Mem:          3.8G       3.7G       131M       5.7M        24M       3.2G

MemTotal:        4016004 kB
MemFree:          124520 kB
Active:           367668 kB
Mem:          3.8G       3.7G       121M       5.7M        24M       3.3G

MemTotal:        4016004 kB
MemFree:          116156 kB
Active:           367624 kB
Mem:          3.8G       3.7G       112M       5.7M        24M       3.3G

MemTotal:        4016004 kB
MemFree:          131688 kB
Active:           367688 kB
Mem:          3.8G       3.7G       128M       5.7M        24M       3.3G

MemTotal:        4016004 kB
MemFree:          122912 kB
Active:           367588 kB
Mem:          3.8G       3.7G       119M       5.7M        24M       3.3G

MemTotal:        4016004 kB
MemFree:          132240 kB
Active:           367428 kB
Mem:          3.8G       3.7G       128M       5.7M        24M       3.2G

MemTotal:        4016004 kB
MemFree:          122072 kB
Active:           367332 kB
Mem:          3.8G       3.7G       118M       5.7M        24M       3.3G

MemTotal:        4016004 kB
MemFree:          107400 kB
Active:           367128 kB
Mem:          3.8G       3.7G       105M       5.7M        24M       3.3G

MemTotal:        4016004 kB
MemFree:          110460 kB
Active:           366276 kB
Mem:          3.8G       3.7G       107M       5.7M        24M       3.3G

MemTotal:        4016004 kB
MemFree:          130816 kB
Active:           366244 kB
Mem:          3.8G       3.7G       127M       5.7M        24M       3.2G

MemTotal:        4016004 kB
MemFree:          117380 kB
Active:           366320 kB
Mem:          3.8G       3.7G       114M       5.7M        24M       3.3G

MemTotal:        4016004 kB
MemFree:          109092 kB
Active:           366348 kB
Mem:          3.8G       3.7G       106M       5.7M        24M       3.3G

MemTotal:        4016004 kB
MemFree:          139652 kB
Active:           366368 kB
Mem:          3.8G       3.7G       135M       5.7M        24M       3.2G

MemTotal:        4016004 kB
MemFree:          123072 kB
Active:           366368 kB
Mem:          3.8G       3.7G       119M       5.7M        24M       3.3G

MemTotal:        4016004 kB
MemFree:          114584 kB
Active:           366360 kB
Mem:          3.8G       3.7G       111M       5.7M        24M       3.3G

MemTotal:        4016004 kB
MemFree:          107080 kB
Active:           366424 kB
Mem:          3.8G       3.7G       104M       5.7M        24M       3.3G

MemTotal:        4016004 kB
MemFree:          151752 kB
Active:           366440 kB
Mem:          3.8G       3.7G       147M       5.7M        24M       3.2G

MemTotal:        4016004 kB
MemFree:          107048 kB
Active:           366420 kB
Mem:          3.8G       3.7G       104M       5.7M        24M       3.3G

MemTotal:        4016004 kB
MemFree:          117132 kB
Active:           364372 kB
Mem:          3.8G       3.7G       114M       5.7M        24M       3.3G

MemTotal:        4016004 kB
MemFree:          109084 kB
Active:           364396 kB
Mem:          3.8G       3.7G       106M       5.7M        24M       3.3G

MemTotal:        4016004 kB
MemFree:          113052 kB
Active:           366464 kB
Mem:          3.8G       3.7G       110M       5.7M        24M       3.3G

MemTotal:        4016004 kB
MemFree:          120960 kB
Active:           365448 kB
Mem:          3.8G       3.7G       117M       5.7M        24M       3.3G

MemTotal:        4016004 kB
MemFree:          112916 kB
Active:           365472 kB
Mem:          3.8G       3.7G       109M       5.7M        24M       3.3G

MemTotal:        4016004 kB
MemFree:          105036 kB
Active:           365492 kB
Mem:          3.8G       3.7G       117M       5.7M        24M       3.3G

MemTotal:        4016004 kB
MemFree:          111388 kB
Active:           365512 kB
Mem:          3.8G       3.7G       107M       5.7M        24M       3.3G

MemTotal:        4016004 kB
MemFree:          126544 kB
Active:           365140 kB
Mem:          3.8G       3.7G       123M       5.7M        24M       3.3G

MemTotal:        4016004 kB
MemFree:          125612 kB
Active:           365032 kB
Mem:          3.8G       3.7G       122M       5.7M        24M       3.3G

MemTotal:        4016004 kB
MemFree:          124412 kB
Active:           365160 kB
Mem:          3.8G       3.7G       121M       5.7M        24M       3.3G

MemTotal:        4016004 kB
MemFree:          105528 kB
Active:           365108 kB
Mem:          3.8G       3.7G       102M       5.7M        24M       3.3G

MemTotal:        4016004 kB
MemFree:          123972 kB
Active:           365128 kB
Mem:          3.8G       3.7G       120M       5.7M        24M       3.3G

MemTotal:        4016004 kB
MemFree:          106808 kB
Active:           365148 kB
Mem:          3.8G       3.7G       104M       5.7M        24M       3.3G

MemTotal:        4016004 kB
MemFree:          134916 kB
Active:           365180 kB
Mem:          3.8G       3.7G       131M       5.7M        24M       3.2G

MemTotal:        4016004 kB
MemFree:          120816 kB
Active:           365148 kB
Mem:          3.8G       3.7G       117M       5.7M        24M       3.3G

MemTotal:        4016004 kB
MemFree:          111976 kB
Active:           365220 kB
Mem:          3.8G       3.7G       109M       5.7M        24M       3.3G

MemTotal:        4016004 kB
MemFree:          111260 kB
Active:           365244 kB
Mem:          3.8G       3.7G       108M       5.7M        24M       3.3G

MemTotal:        4016004 kB
MemFree:          107324 kB
Active:           363536 kB
Mem:          3.8G       3.7G       104M       5.7M        24M       3.3G

MemTotal:        4016004 kB
MemFree:          111444 kB
Active:           363564 kB
Mem:          3.8G       3.7G       108M       5.7M        24M       3.3G

MemTotal:        4016004 kB
MemFree:          114716 kB
Active:           363588 kB
Mem:          3.8G       3.7G       111M       5.7M        24M       3.3G

MemTotal:        4016004 kB
MemFree:          139908 kB
Active:           363612 kB
Mem:          3.8G       3.7G       136M       5.7M        24M       3.2G

MemTotal:        4016004 kB
MemFree:          135844 kB
Active:           363628 kB
Mem:          3.8G       3.7G       132M       5.7M        24M       3.2G

MemTotal:        4016004 kB
MemFree:          123320 kB
Active:           363600 kB
Mem:          3.8G       3.7G       119M       5.7M        24M       3.3G

MemTotal:        4016004 kB
MemFree:          109496 kB
Active:           363828 kB
Mem:          3.8G       3.7G       106M       5.7M        24M       3.3G

MemTotal:        4016004 kB
MemFree:          128316 kB
Active:           363708 kB
Mem:          3.8G       3.7G       124M       5.7M        24M       3.2G

MemTotal:        4016004 kB
MemFree:          120312 kB
Active:           363728 kB
Mem:          3.8G       3.7G       117M       5.7M        24M       3.3G

MemTotal:        4016004 kB
MemFree:          135980 kB
Active:           362088 kB
Mem:          3.8G       3.7G       132M       5.7M        24M       3.2G

MemTotal:        4016004 kB
MemFree:          126648 kB
Active:           362116 kB
Mem:          3.8G       3.7G       123M       5.7M        24M       3.3G

MemTotal:        4016004 kB
MemFree:          112600 kB
Active:           362140 kB
Mem:          3.8G       3.7G       109M       5.7M        24M       3.3G

MemTotal:        4016004 kB
MemFree:          134888 kB
Active:           362164 kB
Mem:          3.8G       3.7G       131M       5.7M        25M       3.2G

MemTotal:        4016004 kB
MemFree:          126788 kB
Active:           362200 kB
Mem:          3.8G       3.7G       123M       5.7M        25M       3.2G

MemTotal:        4016004 kB
MemFree:          134492 kB
Active:           362228 kB
Mem:          3.8G       3.7G       130M       5.7M        25M       3.2G

MemTotal:        4016004 kB
MemFree:          104944 kB
Active:           362264 kB
Mem:          3.8G       3.7G       108M       5.7M        25M       3.3G

MemTotal:        4016004 kB
MemFree:          127148 kB
Active:           362280 kB
Mem:          3.8G       3.7G       123M       5.7M        25M       3.2G

MemTotal:        4016004 kB
MemFree:          119584 kB
Active:           362308 kB
Mem:          3.8G       3.7G       116M       5.7M        25M       3.3G

MemTotal:        4016004 kB
MemFree:          105000 kB
Active:           357628 kB
Mem:          3.8G       3.7G       108M       5.7M        25M       3.3G

MemTotal:        4016004 kB
MemFree:          133448 kB
Active:           357520 kB
Mem:          3.8G       3.7G       129M       5.7M        25M       3.2G

MemTotal:        4016004 kB
MemFree:          126932 kB
Active:           357548 kB
Mem:          3.8G       3.7G       123M       5.7M        25M       3.2G

MemTotal:        4016004 kB
MemFree:          106916 kB
Active:           357568 kB
Mem:          3.8G       3.7G       104M       5.7M        25M       3.3G

MemTotal:        4016004 kB
MemFree:          129572 kB
Active:           357592 kB
Mem:          3.8G       3.7G       125M       5.7M        25M       3.2G

MemTotal:        4016004 kB
MemFree:          121336 kB
Active:           357612 kB
Mem:          3.8G       3.7G       117M       5.7M        25M       3.3G

MemTotal:        4016004 kB
MemFree:          115440 kB
Active:           357648 kB
Mem:          3.8G       3.7G       112M       5.7M        25M       3.3G

MemTotal:        4016004 kB
MemFree:          115596 kB
Active:           357672 kB
Mem:          3.8G       3.7G       112M       5.7M        25M       3.3G

MemTotal:        4016004 kB
MemFree:          124688 kB
Active:           357692 kB
Mem:          3.8G       3.7G       121M       5.7M        25M       3.3G

MemTotal:        4016004 kB
MemFree:          129960 kB
Active:           354868 kB
Mem:          3.8G       3.7G       126M       5.7M        25M       3.2G

MemTotal:        4016004 kB
MemFree:          113228 kB
Active:           354880 kB
Mem:          3.8G       3.7G       110M       5.7M        25M       3.3G

MemTotal:        4016004 kB
MemFree:          104980 kB
Active:           354904 kB
Mem:          3.8G       3.7G       105M       5.7M        25M       3.3G

MemTotal:        4016004 kB
MemFree:          122048 kB
Active:           354932 kB
Mem:          3.8G       3.7G       118M       5.7M        25M       3.3G

MemTotal:        4016004 kB
MemFree:          127508 kB
Active:           354960 kB
Mem:          3.8G       3.7G       124M       5.7M        25M       3.2G

MemTotal:        4016004 kB
MemFree:          126140 kB
Active:           354984 kB
Mem:          3.8G       3.7G       122M       5.7M        25M       3.2G

MemTotal:        4016004 kB
MemFree:          106452 kB
Active:           355004 kB
Mem:          3.8G       3.7G       103M       5.7M        25M       3.3G

MemTotal:        4016004 kB
MemFree:          128200 kB
Active:           355032 kB
Mem:          3.8G       3.7G       124M       5.7M        25M       3.2G

MemTotal:        4016004 kB
MemFree:          120256 kB
Active:           355060 kB
Mem:          3.8G       3.7G       117M       5.7M        25M       3.3G

MemTotal:        4016004 kB
MemFree:          112164 kB
Active:           355080 kB
Mem:          3.8G       3.7G       109M       5.7M        25M       3.3G

MemTotal:        4016004 kB
MemFree:          125368 kB
Active:           355104 kB
Mem:          3.8G       3.7G       121M       5.7M        25M       3.2G

MemTotal:        4016004 kB
MemFree:          119664 kB
Active:           352788 kB
Mem:          3.8G       3.7G       116M       5.7M        25M       3.3G

MemTotal:        4016004 kB
MemFree:          107584 kB
Active:           352800 kB
Mem:          3.8G       3.7G       104M       5.7M        25M       3.3G

MemTotal:        4016004 kB
MemFree:          107712 kB
Active:           352764 kB
Mem:          3.8G       3.7G       104M       5.7M        25M       3.3G

MemTotal:        4016004 kB
MemFree:          107740 kB
Active:           352828 kB
Mem:          3.8G       3.7G       105M       5.7M        25M       3.3G

MemTotal:        4016004 kB
MemFree:          108412 kB
Active:           352856 kB
Mem:          3.8G       3.7G       105M       5.7M        25M       3.3G

MemTotal:        4016004 kB
MemFree:          135300 kB
Active:           354164 kB
Mem:          3.8G       3.7G       131M       5.7M        25M       3.2G

MemTotal:        4016004 kB
MemFree:          126916 kB
Active:           354032 kB
Mem:          3.8G       3.7G       123M       5.7M        25M       3.2G

MemTotal:        4016004 kB
MemFree:          126624 kB
Active:           354004 kB
Mem:          3.8G       3.7G       123M       5.7M        25M       3.2G

MemTotal:        4016004 kB
MemFree:          125200 kB
Active:           354092 kB
Mem:          3.8G       3.7G       121M       5.7M        25M       3.2G

MemTotal:        4016004 kB
MemFree:          104788 kB
Active:           354112 kB
Mem:          3.8G       3.7G       111M       5.7M        25M       3.3G

MemTotal:        4016004 kB
MemFree:          127000 kB
Active:           354144 kB
Mem:          3.8G       3.7G       123M       5.7M        25M       3.2G

MemTotal:        4016004 kB
MemFree:          112284 kB
Active:           354164 kB
Mem:          3.8G       3.7G       109M       5.7M        25M       3.3G

MemTotal:        4016004 kB
MemFree:          128616 kB
Active:           354188 kB
Mem:          3.8G       3.7G       125M       5.7M        25M       3.2G

MemTotal:        4016004 kB
MemFree:          123404 kB
Active:           352216 kB
Mem:          3.8G       3.7G       119M       5.7M        25M       3.2G

MemTotal:        4016004 kB
MemFree:          113652 kB
Active:           355728 kB
Mem:          3.8G       3.7G       110M       5.7M        28M       3.3G

MemTotal:        4016004 kB
MemFree:          124416 kB
Active:           355008 kB
Mem:          3.8G       3.7G       121M       5.7M        28M       3.2G

MemTotal:        4016004 kB
MemFree:          128056 kB
Active:           354908 kB
Mem:          3.8G       3.7G       124M       5.7M        28M       3.2G

MemTotal:        4016004 kB
MemFree:          106964 kB
Active:           354908 kB
Mem:          3.8G       3.7G       103M       5.7M        28M       3.3G

MemTotal:        4016004 kB
MemFree:          119244 kB
Active:           354908 kB
Mem:          3.8G       3.7G       116M       5.7M        28M       3.2G

MemTotal:        4016004 kB
MemFree:          109060 kB
Active:           354916 kB
Mem:          3.8G       3.7G       106M       5.7M        28M       3.3G

MemTotal:        4016004 kB
MemFree:          111196 kB
Active:           354916 kB
Mem:          3.8G       3.7G       108M       5.7M        28M       3.3G

MemTotal:        4016004 kB
MemFree:          131596 kB
Active:           354916 kB
Mem:          3.8G       3.7G       128M       5.7M        28M       3.2G

MemTotal:        4016004 kB
MemFree:          121592 kB
Active:           354916 kB
Mem:          3.8G       3.7G       118M       5.7M        28M       3.2G

MemTotal:        4016004 kB
MemFree:          130824 kB
Active:           354928 kB
Mem:          3.8G       3.7G       127M       5.7M        28M       3.2G

MemTotal:        4016004 kB
MemFree:          120280 kB
Active:           354940 kB
Mem:          3.8G       3.7G       116M       5.7M        28M       3.2G

MemTotal:        4016004 kB
MemFree:          111260 kB
Active:           354944 kB
Mem:          3.8G       3.7G       108M       5.7M        28M       3.3G

MemTotal:        4016004 kB
MemFree:          130892 kB
Active:           350132 kB
Mem:          3.8G       3.7G       127M       5.7M        28M       3.2G

MemTotal:        4016004 kB
MemFree:          143068 kB
Active:           350148 kB
Mem:          3.8G       3.7G       139M       5.7M        28M       3.2G

MemTotal:        4016004 kB
MemFree:          136388 kB
Active:           350148 kB
Mem:          3.8G       3.7G       132M       5.7M        28M       3.2G

MemTotal:        4016004 kB
MemFree:          135464 kB
Active:           350120 kB
Mem:          3.8G       3.7G       132M       5.7M        28M       3.2G

MemTotal:        4016004 kB
MemFree:          112636 kB
Active:           350156 kB
Mem:          3.8G       3.7G       109M       5.7M        28M       3.3G

MemTotal:        4016004 kB
MemFree:          126980 kB
Active:           350156 kB
Mem:          3.8G       3.7G       124M       5.7M        28M       3.2G

MemTotal:        4016004 kB
MemFree:          128084 kB
Active:           350156 kB
Mem:          3.8G       3.7G       124M       5.7M        28M       3.2G

MemTotal:        4016004 kB
MemFree:          118036 kB
Active:           350164 kB
Mem:          3.8G       3.7G       115M       5.7M        28M       3.2G

MemTotal:        4016004 kB
MemFree:          108128 kB
Active:           350164 kB
Mem:          3.8G       3.7G       105M       5.7M        28M       3.3G

MemTotal:        4016004 kB
MemFree:          134360 kB
Active:           350164 kB
Mem:          3.8G       3.7G       131M       5.7M        28M       3.2G

MemTotal:        4016004 kB
MemFree:          129772 kB
Active:           350164 kB
Mem:          3.8G       3.7G       126M       5.7M        28M       3.2G

MemTotal:        4016004 kB
MemFree:          131240 kB
Active:           350168 kB
Mem:          3.8G       3.7G       127M       5.7M        28M       3.2G

MemTotal:        4016004 kB
MemFree:          117644 kB
Active:           350188 kB
Mem:          3.8G       3.7G       114M       5.7M        28M       3.2G

MemTotal:        4016004 kB
MemFree:          127716 kB
Active:           350200 kB
Mem:          3.8G       3.7G       123M       5.7M        28M       3.2G

MemTotal:        4016004 kB
MemFree:          127816 kB
Active:           350200 kB
Mem:          3.8G       3.7G       124M       5.7M        28M       3.2G

MemTotal:        4016004 kB
MemFree:          138952 kB
Active:           349632 kB
Mem:          3.8G       3.7G       135M       5.7M        28M       3.2G

MemTotal:        4016004 kB
MemFree:          117116 kB
Active:           349532 kB
Mem:          3.8G       3.7G       114M       5.7M        28M       3.2G

MemTotal:        4016004 kB
MemFree:          122252 kB
Active:           349588 kB
Mem:          3.8G       3.7G       118M       5.7M        28M       3.2G

MemTotal:        4016004 kB
MemFree:          124016 kB
Active:           349588 kB
Mem:          3.8G       3.7G       120M       5.7M        28M       3.2G

MemTotal:        4016004 kB
MemFree:          113860 kB
Active:           349588 kB
Mem:          3.8G       3.7G       110M       5.7M        28M       3.3G

MemTotal:        4016004 kB
MemFree:          104548 kB
Active:           349588 kB
Mem:          3.8G       3.7G       114M       5.7M        28M       3.2G

MemTotal:        4016004 kB
MemFree:          125944 kB
Active:           349588 kB
Mem:          3.8G       3.7G       122M       5.7M        28M       3.2G

MemTotal:        4016004 kB
MemFree:          105400 kB
Active:           349548 kB
Mem:          3.8G       3.7G       102M       5.7M        28M       3.3G

MemTotal:        4016004 kB
MemFree:          105568 kB
Active:           349596 kB
Mem:          3.8G       3.7G       102M       5.7M        28M       3.3G

MemTotal:        4016004 kB
MemFree:          126432 kB
Active:           349608 kB
Mem:          3.8G       3.7G       123M       5.7M        28M       3.2G

MemTotal:        4016004 kB
MemFree:          127848 kB
Active:           349624 kB
Mem:          3.8G       3.7G       124M       5.7M        28M       3.2G

MemTotal:        4016004 kB
MemFree:          130644 kB
Active:           349624 kB
Mem:          3.8G       3.7G       127M       5.7M        28M       3.2G

MemTotal:        4016004 kB
MemFree:          115928 kB
Active:           349628 kB
Mem:          3.8G       3.7G       112M       5.7M        28M       3.2G

MemTotal:        4016004 kB
MemFree:          114448 kB
Active:           349632 kB
Mem:          3.8G       3.7G       115M       5.7M        28M       3.2G

MemTotal:        4016004 kB
MemFree:          118668 kB
Active:           349632 kB
Mem:          3.8G       3.7G       115M       5.7M        28M       3.2G

MemTotal:        4016004 kB
MemFree:          109536 kB
Active:           349284 kB
Mem:          3.8G       3.7G       106M       5.7M        28M       3.3G

MemTotal:        4016004 kB
MemFree:          109412 kB
Active:           349308 kB
Mem:          3.8G       3.7G       106M       5.7M        28M       3.3G

MemTotal:        4016004 kB
MemFree:          109412 kB
Active:           349292 kB
Mem:          3.8G       3.7G       106M       5.7M        28M       3.3G

MemTotal:        4016004 kB
MemFree:          109412 kB
Active:           349300 kB
Mem:          3.8G       3.7G       106M       5.7M        28M       3.3G

MemTotal:        4016004 kB
MemFree:          109660 kB
Active:           349348 kB
Mem:          3.8G       3.7G       106M       5.7M        28M       3.3G

MemTotal:        4016004 kB
MemFree:          109536 kB
Active:           349312 kB
Mem:          3.8G       3.7G       106M       5.7M        28M       3.3G

MemTotal:        4016004 kB
MemFree:          109536 kB
Active:           349312 kB
Mem:          3.8G       3.7G       106M       5.7M        28M       3.3G

MemTotal:        4016004 kB
MemFree:          109536 kB
Active:           349348 kB
Mem:          3.8G       3.7G       106M       5.7M        28M       3.3G

MemTotal:        4016004 kB
MemFree:          109536 kB
Active:           349312 kB
Mem:          3.8G       3.7G       106M       5.7M        28M       3.3G

MemTotal:        4016004 kB
MemFree:          109784 kB
Active:           349336 kB
Mem:          3.8G       3.7G       107M       5.7M        28M       3.3G

MemTotal:        4016004 kB
MemFree:          109536 kB
Active:           349360 kB
Mem:          3.8G       3.7G       106M       5.7M        28M       3.3G

MemTotal:        4016004 kB
MemFree:          109660 kB
Active:           349356 kB
Mem:          3.8G       3.7G       106M       5.7M        28M       3.3G

MemTotal:        4016004 kB
MemFree:          109288 kB
Active:           349316 kB
Mem:          3.8G       3.7G       106M       5.7M        28M       3.3G

MemTotal:        4016004 kB
MemFree:          109164 kB
Active:           349332 kB
Mem:          3.8G       3.7G       106M       5.7M        28M       3.3G

MemTotal:        4016004 kB
MemFree:          109040 kB
Active:           349368 kB
Mem:          3.8G       3.7G       106M       5.7M        28M       3.3G

MemTotal:        4016004 kB
MemFree:          109164 kB
Active:           349372 kB
Mem:          3.8G       3.7G       106M       5.7M        28M       3.3G

MemTotal:        4016004 kB
MemFree:          109164 kB
Active:           349372 kB
Mem:          3.8G       3.7G       106M       5.7M        28M       3.3G

MemTotal:        4016004 kB
MemFree:          109164 kB
Active:           349372 kB
Mem:          3.8G       3.7G       106M       5.7M        28M       3.3G

MemTotal:        4016004 kB
MemFree:          109288 kB
Active:           349324 kB
Mem:          3.8G       3.7G       106M       5.7M        28M       3.3G

MemTotal:        4016004 kB
MemFree:          109536 kB
Active:           349320 kB
Mem:          3.8G       3.7G       106M       5.7M        28M       3.3G

MemTotal:        4016004 kB
MemFree:          109660 kB
Active:           349344 kB
Mem:          3.8G       3.7G       106M       5.7M        28M       3.3G

MemTotal:        4016004 kB
MemFree:          109800 kB
Active:           349344 kB
Mem:          3.8G       3.7G       106M       5.7M        28M       3.3G

MemTotal:        4016004 kB
MemFree:          109552 kB
Active:           349372 kB
Mem:          3.8G       3.7G       106M       5.7M        28M       3.3G

MemTotal:        4016004 kB
MemFree:          109676 kB
Active:           349328 kB
Mem:          3.8G       3.7G       106M       5.7M        28M       3.3G

MemTotal:        4016004 kB
MemFree:          109552 kB
Active:           349344 kB
Mem:          3.8G       3.7G       106M       5.7M        28M       3.3G

MemTotal:        4016004 kB
MemFree:          109280 kB
Active:           349344 kB
Mem:          3.8G       3.7G       106M       5.7M        28M       3.3G

MemTotal:        4016004 kB
MemFree:          109108 kB
Active:           349348 kB
Mem:          3.8G       3.7G       106M       5.7M        28M       3.3G

MemTotal:        4016004 kB
MemFree:          109236 kB
Active:           349348 kB
Mem:          3.8G       3.7G       106M       5.7M        28M       3.3G

MemTotal:        4016004 kB
MemFree:          109240 kB
Active:           349348 kB
Mem:          3.8G       3.7G       106M       5.7M        28M       3.3G

MemTotal:        4016004 kB
MemFree:          109612 kB
Active:           349344 kB
Mem:          3.8G       3.7G       106M       5.7M        28M       3.3G

MemTotal:        4016004 kB
MemFree:          109736 kB
Active:           349348 kB
Mem:          3.8G       3.7G       106M       5.7M        28M       3.3G

MemTotal:        4016004 kB
MemFree:          109612 kB
Active:           349380 kB
Mem:          3.8G       3.7G       106M       5.7M        28M       3.3G

MemTotal:        4016004 kB
MemFree:          109612 kB
Active:           349348 kB
Mem:          3.8G       3.7G       107M       5.7M        28M       3.3G

MemTotal:        4016004 kB
MemFree:          109364 kB
Active:           349344 kB
Mem:          3.8G       3.7G       106M       5.7M        28M       3.3G

MemTotal:        4016004 kB
MemFree:          109612 kB
Active:           349344 kB
Mem:          3.8G       3.7G       106M       5.7M        28M       3.3G

MemTotal:        4016004 kB
MemFree:          109612 kB
Active:           349352 kB
Mem:          3.8G       3.7G       106M       5.7M        28M       3.3G

MemTotal:        4016004 kB
MemFree:          109488 kB
Active:           349400 kB
Mem:          3.8G       3.7G       106M       5.7M        28M       3.3G

MemTotal:        4016004 kB
MemFree:          109240 kB
Active:           349368 kB
Mem:          3.8G       3.7G       106M       5.7M        28M       3.3G

MemTotal:        4016004 kB
MemFree:          109240 kB
Active:           349404 kB
Mem:          3.8G       3.7G       106M       5.7M        28M       3.3G

MemTotal:        4016004 kB
MemFree:          109240 kB
Active:           349364 kB
Mem:          3.8G       3.7G       106M       5.7M        28M       3.3G

MemTotal:        4016004 kB
MemFree:          109240 kB
Active:           349372 kB
Mem:          3.8G       3.7G       106M       5.7M        28M       3.3G

MemTotal:        4016004 kB
MemFree:          109240 kB
Active:           349360 kB
Mem:          3.8G       3.7G       106M       5.7M        28M       3.3G

MemTotal:        4016004 kB
MemFree:          109364 kB
Active:           349372 kB
Mem:          3.8G       3.7G       106M       5.7M        28M       3.3G

MemTotal:        4016004 kB
MemFree:          109488 kB
Active:           349368 kB
Mem:          3.8G       3.7G       106M       5.7M        28M       3.3G

MemTotal:        4016004 kB
MemFree:          109488 kB
Active:           349364 kB
Mem:          3.8G       3.7G       106M       5.7M        28M       3.3G

MemTotal:        4016004 kB
MemFree:          109736 kB
Active:           349360 kB
Mem:          3.8G       3.7G       106M       5.7M        28M       3.3G

MemTotal:        4016004 kB
MemFree:          109612 kB
Active:           349380 kB
Mem:          3.8G       3.7G       106M       5.7M        28M       3.3G

MemTotal:        4016004 kB
MemFree:          109612 kB
Active:           349372 kB
Mem:          3.8G       3.7G       106M       5.7M        28M       3.3G

MemTotal:        4016004 kB
MemFree:          109488 kB
Active:           349368 kB
Mem:          3.8G       3.7G       106M       5.7M        28M       3.3G

MemTotal:        4016004 kB
MemFree:          109612 kB
Active:           349388 kB
Mem:          3.8G       3.7G       106M       5.7M        28M       3.3G

MemTotal:        4016004 kB
MemFree:          109488 kB
Active:           349380 kB
Mem:          3.8G       3.7G       106M       5.7M        28M       3.3G

MemTotal:        4016004 kB
MemFree:          109364 kB
Active:           349376 kB
Mem:          3.8G       3.7G       106M       5.7M        28M       3.3G

MemTotal:        4016004 kB
MemFree:          109240 kB
Active:           349380 kB
Mem:          3.8G       3.7G       106M       5.7M        28M       3.3G

MemTotal:        4016004 kB
MemFree:          109364 kB
Active:           349376 kB
Mem:          3.8G       3.7G       106M       5.7M        28M       3.3G

MemTotal:        4016004 kB
MemFree:          109364 kB
Active:           349392 kB
Mem:          3.8G       3.7G       106M       5.7M        28M       3.3G

MemTotal:        4016004 kB
MemFree:          109240 kB
Active:           349388 kB
Mem:          3.8G       3.7G       106M       5.7M        28M       3.3G

MemTotal:        4016004 kB
MemFree:          109488 kB
Active:           349404 kB
Mem:          3.8G       3.7G       106M       5.7M        28M       3.3G

MemTotal:        4016004 kB
MemFree:          109612 kB
Active:           349384 kB
Mem:          3.8G       3.7G       106M       5.7M        28M       3.3G

MemTotal:        4016004 kB
MemFree:          109364 kB
Active:           349396 kB
Mem:          3.8G       3.7G       106M       5.7M        28M       3.3G

MemTotal:        4016004 kB
MemFree:          109488 kB
Active:           349400 kB
Mem:          3.8G       3.7G       106M       5.7M        28M       3.3G

MemTotal:        4016004 kB
MemFree:          109364 kB
Active:           349404 kB
Mem:          3.8G       3.7G       106M       5.7M        28M       3.3G

MemTotal:        4016004 kB
MemFree:          109364 kB
Active:           349404 kB
Mem:          3.8G       3.7G       106M       5.7M        28M       3.3G

MemTotal:        4016004 kB
MemFree:          109364 kB
Active:           349420 kB
Mem:          3.8G       3.7G       106M       5.7M        28M       3.3G

MemTotal:        4016004 kB
MemFree:          109488 kB
Active:           349408 kB
Mem:          3.8G       3.7G       106M       5.7M        28M       3.3G

MemTotal:        4016004 kB
MemFree:          109488 kB
Active:           349452 kB
Mem:          3.8G       3.7G       106M       5.7M        28M       3.3G

MemTotal:        4016004 kB
MemFree:          109488 kB
Active:           349432 kB
Mem:          3.8G       3.7G       106M       5.7M        28M       3.3G

MemTotal:        4016004 kB
MemFree:          109364 kB
Active:           349412 kB
Mem:          3.8G       3.7G       106M       5.7M        28M       3.3G

MemTotal:        4016004 kB
MemFree:          109380 kB
Active:           349468 kB
Mem:          3.8G       3.7G       106M       5.7M        28M       3.3G

MemTotal:        4016004 kB
MemFree:          109380 kB
Active:           349432 kB
Mem:          3.8G       3.7G       106M       5.7M        28M       3.3G

MemTotal:        4016004 kB
MemFree:          109132 kB
Active:           349440 kB
Mem:          3.8G       3.7G       106M       5.7M        28M       3.3G

MemTotal:        4016004 kB
MemFree:          109380 kB
Active:           349432 kB
Mem:          3.8G       3.7G       106M       5.7M        28M       3.3G

MemTotal:        4016004 kB
MemFree:          109504 kB
Active:           349436 kB
Mem:          3.8G       3.7G       106M       5.7M        28M       3.3G

MemTotal:        4016004 kB
MemFree:          109504 kB
Active:           349476 kB
Mem:          3.8G       3.7G       106M       5.7M        28M       3.3G

MemTotal:        4016004 kB
MemFree:          109504 kB
Active:           349484 kB
Mem:          3.8G       3.7G       106M       5.7M        28M       3.3G

MemTotal:        4016004 kB
MemFree:          109380 kB
Active:           349456 kB
Mem:          3.8G       3.7G       106M       5.7M        28M       3.3G

MemTotal:        4016004 kB
MemFree:          109380 kB
Active:           349456 kB
Mem:          3.8G       3.7G       106M       5.7M        28M       3.3G

MemTotal:        4016004 kB
MemFree:          109504 kB
Active:           349492 kB
Mem:          3.8G       3.7G       106M       5.7M        28M       3.3G

MemTotal:        4016004 kB
MemFree:          109348 kB
Active:           349460 kB
Mem:          3.8G       3.7G       106M       5.7M        28M       3.3G

MemTotal:        4016004 kB
MemFree:          109256 kB
Active:           349492 kB
Mem:          3.8G       3.7G       106M       5.7M        28M       3.3G

MemTotal:        4016004 kB
MemFree:          109256 kB
Active:           349504 kB
Mem:          3.8G       3.7G       106M       5.7M        28M       3.3G

MemTotal:        4016004 kB
MemFree:          109256 kB
Active:           349512 kB
Mem:          3.8G       3.7G       106M       5.7M        28M       3.3G

MemTotal:        4016004 kB
MemFree:          109132 kB
Active:           349512 kB
Mem:          3.8G       3.7G       106M       5.7M        28M       3.3G

MemTotal:        4016004 kB
MemFree:          109132 kB
Active:           349496 kB
Mem:          3.8G       3.7G       106M       5.7M        28M       3.3G

MemTotal:        4016004 kB
MemFree:          108760 kB
Active:           349576 kB
Mem:          3.8G       3.7G       106M       5.7M        28M       3.3G

MemTotal:        4016004 kB
MemFree:          108884 kB
Active:           349544 kB
Mem:          3.8G       3.7G       105M       5.7M        28M       3.3G

MemTotal:        4016004 kB
MemFree:          108760 kB
Active:           349560 kB
Mem:          3.8G       3.7G       105M       5.7M        28M       3.3G

MemTotal:        4016004 kB
MemFree:          108124 kB
Active:           349660 kB
Mem:          3.8G       3.7G       105M       5.7M        28M       3.3G

MemTotal:        4016004 kB
MemFree:          108124 kB
Active:           349620 kB
Mem:          3.8G       3.7G       105M       5.7M        28M       3.3G

MemTotal:        4016004 kB
MemFree:          108248 kB
Active:           349628 kB
Mem:          3.8G       3.7G       105M       5.7M        28M       3.3G

MemTotal:        4016004 kB
MemFree:          108248 kB
Active:           349644 kB
Mem:          3.8G       3.7G       105M       5.7M        28M       3.3G

MemTotal:        4016004 kB
MemFree:          108248 kB
Active:           349660 kB
Mem:          3.8G       3.7G       105M       5.7M        28M       3.3G

MemTotal:        4016004 kB
MemFree:          108124 kB
Active:           349632 kB
Mem:          3.8G       3.7G       105M       5.7M        28M       3.3G

MemTotal:        4016004 kB
MemFree:          108248 kB
Active:           349624 kB
Mem:          3.8G       3.7G       105M       5.7M        28M       3.3G

MemTotal:        4016004 kB
MemFree:          108124 kB
Active:           349648 kB
Mem:          3.8G       3.7G       105M       5.7M        28M       3.3G

MemTotal:        4016004 kB
MemFree:          108496 kB
Active:           349644 kB
Mem:          3.8G       3.7G       105M       5.7M        28M       3.3G

MemTotal:        4016004 kB
MemFree:          108372 kB
Active:           349644 kB
Mem:          3.8G       3.7G       105M       5.7M        28M       3.3G

MemTotal:        4016004 kB
MemFree:          108248 kB
Active:           349656 kB
Mem:          3.8G       3.7G       105M       5.7M        28M       3.3G

MemTotal:        4016004 kB
MemFree:          108372 kB
Active:           349628 kB
Mem:          3.8G       3.7G       105M       5.7M        28M       3.3G

MemTotal:        4016004 kB
MemFree:          108248 kB
Active:           349632 kB
Mem:          3.8G       3.7G       105M       5.7M        28M       3.3G

MemTotal:        4016004 kB
MemFree:          108496 kB
Active:           349644 kB
Mem:          3.8G       3.7G       105M       5.7M        28M       3.3G

MemTotal:        4016004 kB
MemFree:          108496 kB
Active:           349656 kB
Mem:          3.8G       3.7G       105M       5.7M        28M       3.3G

MemTotal:        4016004 kB
MemFree:          108496 kB
Active:           349644 kB
Mem:          3.8G       3.7G       105M       5.7M        28M       3.3G

MemTotal:        4016004 kB
MemFree:          108140 kB
Active:           349636 kB
Mem:          3.8G       3.7G       105M       5.7M        28M       3.3G

MemTotal:        4016004 kB
MemFree:          108140 kB
Active:           349628 kB
Mem:          3.8G       3.7G       105M       5.7M        28M       3.3G

MemTotal:        4016004 kB
MemFree:          108016 kB
Active:           349644 kB
Mem:          3.8G       3.7G       104M       5.7M        28M       3.3G

MemTotal:        4016004 kB
MemFree:          108016 kB
Active:           349644 kB
Mem:          3.8G       3.7G       105M       5.7M        28M       3.3G

MemTotal:        4016004 kB
MemFree:          108016 kB
Active:           349664 kB
Mem:          3.8G       3.7G       105M       5.7M        28M       3.3G

MemTotal:        4016004 kB
MemFree:          108016 kB
Active:           349652 kB
Mem:          3.8G       3.7G       105M       5.7M        28M       3.3G

MemTotal:        4016004 kB
MemFree:          108140 kB
Active:           349664 kB
Mem:          3.8G       3.7G       105M       5.7M        28M       3.3G

MemTotal:        4016004 kB
MemFree:          108264 kB
Active:           349656 kB
Mem:          3.8G       3.7G       105M       5.7M        28M       3.3G

MemTotal:        4016004 kB
MemFree:          108512 kB
Active:           349660 kB
Mem:          3.8G       3.7G       105M       5.7M        28M       3.3G

MemTotal:        4016004 kB
MemFree:          108512 kB
Active:           349664 kB
Mem:          3.8G       3.7G       106M       5.7M        28M       3.3G

MemTotal:        4016004 kB
MemFree:          108512 kB
Active:           349652 kB
Mem:          3.8G       3.7G       105M       5.7M        28M       3.3G

MemTotal:        4016004 kB
MemFree:          108388 kB
Active:           349676 kB
Mem:          3.8G       3.7G       105M       5.7M        28M       3.3G

MemTotal:        4016004 kB
MemFree:          108512 kB
Active:           349672 kB
Mem:          3.8G       3.7G       105M       5.7M        28M       3.3G

MemTotal:        4016004 kB
MemFree:          108512 kB
Active:           349680 kB
Mem:          3.8G       3.7G       105M       5.7M        28M       3.3G

MemTotal:        4016004 kB
MemFree:          108264 kB
Active:           349668 kB
Mem:          3.8G       3.7G       105M       5.7M        28M       3.3G

MemTotal:        4016004 kB
MemFree:          108264 kB
Active:           349680 kB
Mem:          3.8G       3.7G       105M       5.7M        28M       3.3G

MemTotal:        4016004 kB
MemFree:          108264 kB
Active:           349684 kB
Mem:          3.8G       3.7G       105M       5.7M        28M       3.3G

MemTotal:        4016004 kB
MemFree:          108140 kB
Active:           349672 kB
Mem:          3.8G       3.7G       105M       5.7M        28M       3.3G

MemTotal:        4016004 kB
MemFree:          108264 kB
Active:           349680 kB
Mem:          3.8G       3.7G       105M       5.7M        28M       3.3G

MemTotal:        4016004 kB
MemFree:          108016 kB
Active:           349692 kB
Mem:          3.8G       3.7G       105M       5.7M        28M       3.3G

MemTotal:        4016004 kB
MemFree:          108140 kB
Active:           349688 kB
Mem:          3.8G       3.7G       105M       5.7M        28M       3.3G

MemTotal:        4016004 kB
MemFree:          108140 kB
Active:           349676 kB
Mem:          3.8G       3.7G       105M       5.7M        28M       3.3G

MemTotal:        4016004 kB
MemFree:          108388 kB
Active:           349724 kB
Mem:          3.8G       3.7G       105M       5.7M        28M       3.3G

MemTotal:        4016004 kB
MemFree:          108512 kB
Active:           349716 kB
Mem:          3.8G       3.7G       105M       5.7M        28M       3.3G

MemTotal:        4016004 kB
MemFree:          108264 kB
Active:           349712 kB
Mem:          3.8G       3.7G       105M       5.7M        28M       3.3G

MemTotal:        4016004 kB
MemFree:          108140 kB
Active:           349692 kB
Mem:          3.8G       3.7G       105M       5.7M        28M       3.3G

MemTotal:        4016004 kB
MemFree:          108140 kB
Active:           349712 kB
Mem:          3.8G       3.7G       105M       5.7M        28M       3.3G

MemTotal:        4016004 kB
MemFree:          108016 kB
Active:           349712 kB
Mem:          3.8G       3.7G       105M       5.7M        28M       3.3G

MemTotal:        4016004 kB
MemFree:          108140 kB
Active:           349720 kB
Mem:          3.8G       3.7G       105M       5.7M        28M       3.3G

MemTotal:        4016004 kB
MemFree:          108140 kB
Active:           349704 kB
Mem:          3.8G       3.7G       105M       5.7M        28M       3.3G

MemTotal:        4016004 kB
MemFree:          108264 kB
Active:           349708 kB
Mem:          3.8G       3.7G       105M       5.7M        28M       3.3G

MemTotal:        4016004 kB
MemFree:          108264 kB
Active:           349740 kB
Mem:          3.8G       3.7G       105M       5.7M        28M       3.3G

MemTotal:        4016004 kB
MemFree:          108264 kB
Active:           349708 kB
Mem:          3.8G       3.7G       105M       5.7M        28M       3.3G

MemTotal:        4016004 kB
MemFree:          108264 kB
Active:           349700 kB
Mem:          3.8G       3.7G       105M       5.7M        28M       3.3G

MemTotal:        4016004 kB
MemFree:          108388 kB
Active:           349728 kB
Mem:          3.8G       3.7G       105M       5.7M        28M       3.3G

MemTotal:        4016004 kB
MemFree:          108388 kB
Active:           349708 kB
Mem:          3.8G       3.7G       105M       5.7M        28M       3.3G

MemTotal:        4016004 kB
MemFree:          108388 kB
Active:           349704 kB
Mem:          3.8G       3.7G       105M       5.7M        28M       3.3G

MemTotal:        4016004 kB
MemFree:          108388 kB
Active:           349720 kB
Mem:          3.8G       3.7G       105M       5.7M        28M       3.3G

MemTotal:        4016004 kB
MemFree:          108388 kB
Active:           349720 kB
Mem:          3.8G       3.7G       105M       5.7M        28M       3.3G

MemTotal:        4016004 kB
MemFree:          108388 kB
Active:           349716 kB
Mem:          3.8G       3.7G       105M       5.7M        28M       3.3G

MemTotal:        4016004 kB
MemFree:          108264 kB
Active:           349712 kB
Mem:          3.8G       3.7G       105M       5.7M        28M       3.3G

MemTotal:        4016004 kB
MemFree:          108512 kB
Active:           349704 kB
Mem:          3.8G       3.7G       105M       5.7M        28M       3.3G

MemTotal:        4016004 kB
MemFree:          108140 kB
Active:           349708 kB
Mem:          3.8G       3.7G       105M       5.7M        28M       3.3G

MemTotal:        4016004 kB
MemFree:          108140 kB
Active:           349752 kB
Mem:          3.8G       3.7G       105M       5.7M        28M       3.3G

MemTotal:        4016004 kB
MemFree:          108016 kB
Active:           349764 kB
Mem:          3.8G       3.7G       105M       5.7M        28M       3.3G

MemTotal:        4016004 kB
MemFree:          108140 kB
Active:           349764 kB
Mem:          3.8G       3.7G       105M       5.7M        28M       3.3G

MemTotal:        4016004 kB
MemFree:          108016 kB
Active:           349772 kB
Mem:          3.8G       3.7G       105M       5.7M        28M       3.3G

MemTotal:        4016004 kB
MemFree:          108016 kB
Active:           349724 kB
Mem:          3.8G       3.7G       105M       5.7M        28M       3.3G

MemTotal:        4016004 kB
MemFree:          108140 kB
Active:           349724 kB
Mem:          3.8G       3.7G       105M       5.7M        28M       3.3G

MemTotal:        4016004 kB
MemFree:          108264 kB
Active:           349720 kB
Mem:          3.8G       3.7G       105M       5.7M        28M       3.3G

MemTotal:        4016004 kB
MemFree:          108512 kB
Active:           349724 kB
Mem:          3.8G       3.7G       105M       5.7M        28M       3.3G

MemTotal:        4016004 kB
MemFree:          108512 kB
Active:           349744 kB
Mem:          3.8G       3.7G       105M       5.7M        28M       3.3G

MemTotal:        4016004 kB
MemFree:          108512 kB
Active:           349744 kB
Mem:          3.8G       3.7G       105M       5.7M        28M       3.3G

MemTotal:        4016004 kB
MemFree:          108388 kB
Active:           349780 kB
Mem:          3.8G       3.7G       105M       5.7M        28M       3.3G

MemTotal:        4016004 kB
MemFree:          108388 kB
Active:           349764 kB
Mem:          3.8G       3.7G       105M       5.7M        28M       3.3G

MemTotal:        4016004 kB
MemFree:          108388 kB
Active:           349760 kB
Mem:          3.8G       3.7G       105M       5.7M        28M       3.3G

MemTotal:        4016004 kB
MemFree:          108016 kB
Active:           349756 kB
Mem:          3.8G       3.7G       104M       5.7M        28M       3.3G

MemTotal:        4016004 kB
MemFree:          108140 kB
Active:           349768 kB
Mem:          3.8G       3.7G       105M       5.7M        28M       3.3G

MemTotal:        4016004 kB
MemFree:          108140 kB
Active:           349756 kB
Mem:          3.8G       3.7G       105M       5.7M        28M       3.3G

MemTotal:        4016004 kB
MemFree:          108512 kB
Active:           349748 kB
Mem:          3.8G       3.7G       105M       5.7M        28M       3.3G

MemTotal:        4016004 kB
MemFree:          108760 kB
Active:           349776 kB
Mem:          3.8G       3.7G       105M       5.7M        28M       3.3G

MemTotal:        4016004 kB
MemFree:          108636 kB
Active:           349764 kB
Mem:          3.8G       3.7G       105M       5.7M        28M       3.3G

MemTotal:        4016004 kB
MemFree:          108636 kB
Active:           349764 kB
Mem:          3.8G       3.7G       106M       5.7M        28M       3.3G

MemTotal:        4016004 kB
MemFree:          108388 kB
Active:           349756 kB
Mem:          3.8G       3.7G       105M       5.7M        28M       3.3G

MemTotal:        4016004 kB
MemFree:          108512 kB
Active:           349800 kB
Mem:          3.8G       3.7G       105M       5.7M        28M       3.3G

MemTotal:        4016004 kB
MemFree:          108512 kB
Active:           349776 kB
Mem:          3.8G       3.7G       105M       5.7M        28M       3.3G

MemTotal:        4016004 kB
MemFree:          108512 kB
Active:           349780 kB
Mem:          3.8G       3.7G       105M       5.7M        28M       3.3G

MemTotal:        4016004 kB
MemFree:          108140 kB
Active:           349764 kB
Mem:          3.8G       3.7G       105M       5.7M        28M       3.3G

MemTotal:        4016004 kB
MemFree:          108264 kB
Active:           349812 kB
Mem:          3.8G       3.7G       105M       5.7M        28M       3.3G

MemTotal:        4016004 kB
MemFree:          108016 kB
Active:           349768 kB
Mem:          3.8G       3.7G       105M       5.7M        28M       3.3G

MemTotal:        4016004 kB
MemFree:          108140 kB
Active:           349772 kB
Mem:          3.8G       3.7G       105M       5.7M        28M       3.3G

MemTotal:        4016004 kB
MemFree:          108016 kB
Active:           349776 kB
Mem:          3.8G       3.7G       105M       5.7M        28M       3.3G

MemTotal:        4016004 kB
MemFree:          108140 kB
Active:           349772 kB
Mem:          3.8G       3.7G       105M       5.7M        28M       3.3G

MemTotal:        4016004 kB
MemFree:          108140 kB
Active:           349804 kB
Mem:          3.8G       3.7G       105M       5.7M        28M       3.3G

MemTotal:        4016004 kB
MemFree:          108140 kB
Active:           349780 kB
Mem:          3.8G       3.7G       105M       5.7M        28M       3.3G

MemTotal:        4016004 kB
MemFree:          108388 kB
Active:           349772 kB
Mem:          3.8G       3.7G       105M       5.7M        28M       3.3G

MemTotal:        4016004 kB
MemFree:          108264 kB
Active:           349776 kB
Mem:          3.8G       3.7G       105M       5.7M        28M       3.3G

MemTotal:        4016004 kB
MemFree:          108264 kB
Active:           349772 kB
Mem:          3.8G       3.7G       105M       5.7M        28M       3.3G

MemTotal:        4016004 kB
MemFree:          108140 kB
Active:           349776 kB
Mem:          3.8G       3.7G       105M       5.7M        28M       3.3G

MemTotal:        4016004 kB
MemFree:          108264 kB
Active:           349780 kB
Mem:          3.8G       3.7G       105M       5.7M        28M       3.3G

MemTotal:        4016004 kB
MemFree:          108264 kB
Active:           349836 kB
Mem:          3.8G       3.7G       105M       5.7M        28M       3.3G

MemTotal:        4016004 kB
MemFree:          108140 kB
Active:           349800 kB
Mem:          3.8G       3.7G       105M       5.7M        28M       3.3G

MemTotal:        4016004 kB
MemFree:          108140 kB
Active:           349792 kB
Mem:          3.8G       3.7G       105M       5.7M        28M       3.3G

MemTotal:        4016004 kB
MemFree:          108264 kB
Active:           349804 kB
Mem:          3.8G       3.7G       105M       5.7M        28M       3.3G

MemTotal:        4016004 kB
MemFree:          108016 kB
Active:           349784 kB
Mem:          3.8G       3.7G       105M       5.7M        28M       3.3G

MemTotal:        4016004 kB
MemFree:          108016 kB
Active:           349792 kB
Mem:          3.8G       3.7G       105M       5.7M        28M       3.3G

MemTotal:        4016004 kB
MemFree:          108016 kB
Active:           349844 kB
Mem:          3.8G       3.7G       104M       5.7M        28M       3.3G

MemTotal:        4016004 kB
MemFree:          108016 kB
Active:           349812 kB
Mem:          3.8G       3.7G       104M       5.7M        28M       3.3G

MemTotal:        4016004 kB
MemFree:          108016 kB
Active:           349800 kB
Mem:          3.8G       3.7G       105M       5.7M        28M       3.3G

MemTotal:        4016004 kB
MemFree:          108016 kB
Active:           349832 kB
Mem:          3.8G       3.7G       105M       5.7M        28M       3.3G

MemTotal:        4016004 kB
MemFree:          108016 kB
Active:           349844 kB
Mem:          3.8G       3.7G       105M       5.7M        28M       3.3G

MemTotal:        4016004 kB
MemFree:          108016 kB
Active:           349824 kB
Mem:          3.8G       3.7G       104M       5.7M        28M       3.3G

MemTotal:        4016004 kB
MemFree:          108140 kB
Active:           349824 kB
Mem:          3.8G       3.7G       105M       5.7M        28M       3.3G

MemTotal:        4016004 kB
MemFree:          107892 kB
Active:           349812 kB
Mem:          3.8G       3.7G       105M       5.7M        28M       3.3G

MemTotal:        4016004 kB
MemFree:          108140 kB
Active:           349832 kB
Mem:          3.8G       3.7G       105M       5.7M        28M       3.3G

MemTotal:        4016004 kB
MemFree:          108264 kB
Active:           349832 kB
Mem:          3.8G       3.7G       105M       5.7M        28M       3.3G

MemTotal:        4016004 kB
MemFree:          108140 kB
Active:           349824 kB
Mem:          3.8G       3.7G       105M       5.7M        28M       3.3G

MemTotal:        4016004 kB
MemFree:          108140 kB
Active:           349816 kB
Mem:          3.8G       3.7G       105M       5.7M        28M       3.3G

MemTotal:        4016004 kB
MemFree:          108016 kB
Active:           349824 kB
Mem:          3.8G       3.7G       104M       5.7M        28M       3.3G

MemTotal:        4016004 kB
MemFree:          107892 kB
Active:           349828 kB
Mem:          3.8G       3.7G       104M       5.7M        28M       3.3G

MemTotal:        4016004 kB
MemFree:          107892 kB
Active:           349820 kB
Mem:          3.8G       3.7G       105M       5.7M        28M       3.3G

MemTotal:        4016004 kB
MemFree:          108264 kB
Active:           349824 kB
Mem:          3.8G       3.7G       105M       5.7M        28M       3.3G

MemTotal:        4016004 kB
MemFree:          108824 kB
Active:           349624 kB
Mem:          3.8G       3.7G       106M       5.7M        28M       3.3G

MemTotal:        4016004 kB
MemFree:          108204 kB
Active:           349628 kB
Mem:          3.8G       3.7G       105M       5.7M        28M       3.3G

MemTotal:        4016004 kB
MemFree:          108328 kB
Active:           349628 kB
Mem:          3.8G       3.7G       106M       5.7M        28M       3.3G

MemTotal:        4016004 kB
MemFree:          108876 kB
Active:           349600 kB
Mem:          3.8G       3.7G       106M       5.7M        28M       3.3G

MemTotal:        4016004 kB
MemFree:          108876 kB
Active:           349600 kB
Mem:          3.8G       3.7G       106M       5.7M        28M       3.3G

MemTotal:        4016004 kB
MemFree:          108752 kB
Active:           349620 kB
Mem:          3.8G       3.7G       106M       5.7M        28M       3.3G

MemTotal:        4016004 kB
MemFree:          108752 kB
Active:           349588 kB
Mem:          3.8G       3.7G       106M       5.7M        28M       3.3G

MemTotal:        4016004 kB
MemFree:          108132 kB
Active:           349644 kB
Mem:          3.8G       3.7G       105M       5.7M        28M       3.3G

MemTotal:        4016004 kB
MemFree:          108380 kB
Active:           349644 kB
Mem:          3.8G       3.7G       106M       5.7M        28M       3.3G

MemTotal:        4016004 kB
MemFree:          108752 kB
Active:           349636 kB
Mem:          3.8G       3.7G       106M       5.7M        28M       3.3G

MemTotal:        4016004 kB
MemFree:          108752 kB
Active:           349644 kB
Mem:          3.8G       3.7G       106M       5.7M        29M       3.3G

MemTotal:        4016004 kB
MemFree:          108752 kB
Active:           349604 kB
Mem:          3.8G       3.7G       105M       5.7M        29M       3.3G

MemTotal:        4016004 kB
MemFree:          108752 kB
Active:           349608 kB
Mem:          3.8G       3.7G       106M       5.7M        29M       3.3G

MemTotal:        4016004 kB
MemFree:          109248 kB
Active:           349632 kB
Mem:          3.8G       3.7G       106M       5.7M        29M       3.3G

MemTotal:        4016004 kB
MemFree:          109372 kB
Active:           349652 kB
Mem:          3.8G       3.7G       106M       5.7M        29M       3.3G

MemTotal:        4016004 kB
MemFree:          109372 kB
Active:           349612 kB
Mem:          3.8G       3.7G       106M       5.7M        29M       3.3G

MemTotal:        4016004 kB
MemFree:          109000 kB
Active:           349648 kB
Mem:          3.8G       3.7G       106M       5.7M        29M       3.3G

MemTotal:        4016004 kB
MemFree:          109248 kB
Active:           349648 kB
Mem:          3.8G       3.7G       106M       5.7M        29M       3.3G

MemTotal:        4016004 kB
MemFree:          109124 kB
Active:           349632 kB
Mem:          3.8G       3.7G       106M       5.7M        29M       3.3G

MemTotal:        4016004 kB
MemFree:          108876 kB
Active:           349652 kB
Mem:          3.8G       3.7G       106M       5.7M        29M       3.3G

MemTotal:        4016004 kB
MemFree:          109248 kB
Active:           349664 kB
Mem:          3.8G       3.7G       106M       5.7M        29M       3.3G

MemTotal:        4016004 kB
MemFree:          108628 kB
Active:           349672 kB
Mem:          3.8G       3.7G       105M       5.7M        29M       3.3G

MemTotal:        4016004 kB
MemFree:          108752 kB
Active:           349644 kB
Mem:          3.8G       3.7G       105M       5.7M        29M       3.3G

MemTotal:        4016004 kB
MemFree:          108752 kB
Active:           349636 kB
Mem:          3.8G       3.7G       106M       5.7M        29M       3.3G

MemTotal:        4016004 kB
MemFree:          109124 kB
Active:           349672 kB
Mem:          3.8G       3.7G       106M       5.7M        29M       3.3G

MemTotal:        4016004 kB
MemFree:          108752 kB
Active:           349684 kB
Mem:          3.8G       3.7G       106M       5.7M        29M       3.3G

MemTotal:        4016004 kB
MemFree:          109124 kB
Active:           349676 kB
Mem:          3.8G       3.7G       106M       5.7M        29M       3.3G

MemTotal:        4016004 kB
MemFree:          109372 kB
Active:           349684 kB
Mem:          3.8G       3.7G       106M       5.7M        29M       3.3G

MemTotal:        4016004 kB
MemFree:          109372 kB
Active:           349660 kB
Mem:          3.8G       3.7G       106M       5.7M        29M       3.3G

MemTotal:        4016004 kB
MemFree:          109000 kB
Active:           349696 kB
Mem:          3.8G       3.7G       106M       5.7M        29M       3.3G

MemTotal:        4016004 kB
MemFree:          108876 kB
Active:           349644 kB
Mem:          3.8G       3.7G       106M       5.7M        29M       3.3G

MemTotal:        4016004 kB
MemFree:          108876 kB
Active:           349664 kB
