MemTotal:        4016004 kB
MemFree:         3233972 kB
Active:           429424 kB
Mem:          3.8G       763M       3.1G       5.7M        52M       323M

MemTotal:        4016004 kB
MemFree:         3234564 kB
Active:           429344 kB
Mem:          3.8G       763M       3.1G       5.7M        52M       323M

MemTotal:        4016004 kB
MemFree:         3234160 kB
Active:           429424 kB
Mem:          3.8G       763M       3.1G       5.7M        52M       323M

MemTotal:        4016004 kB
MemFree:         3234160 kB
Active:           429468 kB
Mem:          3.8G       763M       3.1G       5.7M        52M       323M

MemTotal:        4016004 kB
MemFree:         3234080 kB
Active:           427408 kB
Mem:          3.8G       763M       3.1G       5.7M        52M       323M

MemTotal:        4016004 kB
MemFree:         3233864 kB
Active:           429476 kB
Mem:          3.8G       763M       3.1G       5.7M        52M       323M

MemTotal:        4016004 kB
MemFree:         3233864 kB
Active:           429440 kB
Mem:          3.8G       763M       3.1G       5.7M        52M       323M

MemTotal:        4016004 kB
MemFree:         3233740 kB
Active:           429424 kB
Mem:          3.8G       763M       3.1G       5.7M        52M       323M

MemTotal:        4016004 kB
MemFree:         3233740 kB
Active:           429464 kB
Mem:          3.8G       763M       3.1G       5.7M        52M       323M

MemTotal:        4016004 kB
MemFree:         3233740 kB
Active:           429420 kB
Mem:          3.8G       763M       3.1G       5.7M        52M       323M

MemTotal:        4016004 kB
MemFree:         3233616 kB
Active:           429476 kB
Mem:          3.8G       763M       3.1G       5.7M        52M       323M

MemTotal:        4016004 kB
MemFree:         3234112 kB
Active:           429444 kB
Mem:          3.8G       763M       3.1G       5.7M        52M       323M

MemTotal:        4016004 kB
MemFree:         3233988 kB
Active:           429432 kB
Mem:          3.8G       763M       3.1G       5.7M        52M       323M

MemTotal:        4016004 kB
MemFree:         3233556 kB
Active:           429480 kB
Mem:          3.8G       763M       3.1G       5.7M        52M       323M

MemTotal:        4016004 kB
MemFree:         3234108 kB
Active:           427396 kB
Mem:          3.8G       763M       3.1G       5.7M        52M       323M

MemTotal:        4016004 kB
MemFree:         3234140 kB
Active:           429484 kB
Mem:          3.8G       763M       3.1G       5.7M        52M       323M

MemTotal:        4016004 kB
MemFree:         3234264 kB
Active:           429452 kB
Mem:          3.8G       763M       3.1G       5.7M        52M       323M

MemTotal:        4016004 kB
MemFree:         3233876 kB
Active:           429484 kB
Mem:          3.8G       763M       3.1G       5.7M        52M       323M

MemTotal:        4016004 kB
MemFree:         3234108 kB
Active:           429448 kB
Mem:          3.8G       763M       3.1G       5.7M        52M       323M

MemTotal:        4016004 kB
MemFree:         3234340 kB
Active:           429428 kB
Mem:          3.8G       763M       3.1G       5.7M        52M       323M

MemTotal:        4016004 kB
MemFree:         3234588 kB
Active:           429468 kB
Mem:          3.8G       763M       3.1G       5.7M        52M       323M

MemTotal:        4016004 kB
MemFree:         3234448 kB
Active:           429468 kB
Mem:          3.8G       763M       3.1G       5.7M        52M       323M

MemTotal:        4016004 kB
MemFree:         3234308 kB
Active:           429452 kB
Mem:          3.8G       763M       3.1G       5.7M        52M       323M

MemTotal:        4016004 kB
MemFree:         3234308 kB
Active:           429492 kB
Mem:          3.8G       763M       3.1G       5.7M        52M       323M

MemTotal:        4016004 kB
MemFree:         3234572 kB
Active:           427420 kB
Mem:          3.8G       763M       3.1G       5.7M        52M       323M

MemTotal:        4016004 kB
MemFree:         3233952 kB
Active:           427452 kB
Mem:          3.8G       763M       3.1G       5.7M        52M       323M

MemTotal:        4016004 kB
MemFree:         3234200 kB
Active:           427424 kB
Mem:          3.8G       763M       3.1G       5.7M        52M       323M

MemTotal:        4016004 kB
MemFree:         3234448 kB
Active:           429496 kB
Mem:          3.8G       763M       3.1G       5.7M        52M       323M

MemTotal:        4016004 kB
MemFree:         3234572 kB
Active:           429484 kB
Mem:          3.8G       763M       3.1G       5.7M        52M       323M

MemTotal:        4016004 kB
MemFree:         3234572 kB
Active:           429460 kB
Mem:          3.8G       763M       3.1G       5.7M        52M       323M

MemTotal:        4016004 kB
MemFree:         3234680 kB
Active:           429472 kB
Mem:          3.8G       763M       3.1G       5.7M        52M       323M

MemTotal:        4016004 kB
MemFree:         3234168 kB
Active:           429476 kB
Mem:          3.8G       763M       3.1G       5.7M        52M       323M

MemTotal:        4016004 kB
MemFree:         3234152 kB
Active:           429484 kB
Mem:          3.8G       763M       3.1G       5.7M        52M       323M

MemTotal:        4016004 kB
MemFree:         3234152 kB
Active:           429512 kB
Mem:          3.8G       763M       3.1G       5.7M        52M       323M

MemTotal:        4016004 kB
MemFree:         3233964 kB
Active:           429532 kB
Mem:          3.8G       763M       3.1G       5.7M        52M       323M

MemTotal:        4016004 kB
MemFree:         3234444 kB
Active:           429484 kB
Mem:          3.8G       763M       3.1G       5.7M        52M       323M

MemTotal:        4016004 kB
MemFree:         3234352 kB
Active:           429488 kB
Mem:          3.8G       763M       3.1G       5.7M        52M       323M

MemTotal:        4016004 kB
MemFree:         3233856 kB
Active:           429540 kB
Mem:          3.8G       763M       3.1G       5.7M        52M       323M

MemTotal:        4016004 kB
MemFree:         3233484 kB
Active:           429540 kB
Mem:          3.8G       763M       3.1G       5.7M        52M       323M

MemTotal:        4016004 kB
MemFree:         3233856 kB
Active:           429488 kB
Mem:          3.8G       763M       3.1G       5.7M        52M       323M

MemTotal:        4016004 kB
MemFree:         3233856 kB
Active:           429500 kB
Mem:          3.8G       764M       3.1G       5.7M        52M       323M

MemTotal:        4016004 kB
MemFree:         3234104 kB
Active:           429508 kB
Mem:          3.8G       763M       3.1G       5.7M        52M       323M

MemTotal:        4016004 kB
MemFree:         3233980 kB
Active:           429508 kB
Mem:          3.8G       763M       3.1G       5.7M        52M       323M

MemTotal:        4016004 kB
MemFree:         3234228 kB
Active:           429536 kB
Mem:          3.8G       763M       3.1G       5.7M        52M       323M

MemTotal:        4016004 kB
MemFree:         3232300 kB
Active:           431568 kB
Mem:          3.8G       765M       3.1G       5.7M        52M       323M

MemTotal:        4016004 kB
MemFree:         3232052 kB
Active:           431540 kB
Mem:          3.8G       765M       3.1G       5.7M        52M       323M

MemTotal:        4016004 kB
MemFree:         3232160 kB
Active:           431548 kB
Mem:          3.8G       765M       3.1G       5.7M        52M       323M

MemTotal:        4016004 kB
MemFree:         3232144 kB
Active:           431572 kB
Mem:          3.8G       765M       3.1G       5.7M        52M       323M

MemTotal:        4016004 kB
MemFree:         3231524 kB
Active:           431588 kB
Mem:          3.8G       766M       3.1G       5.7M        52M       323M

MemTotal:        4016004 kB
MemFree:         3231012 kB
Active:           431556 kB
Mem:          3.8G       766M       3.1G       5.7M        52M       323M

MemTotal:        4016004 kB
MemFree:         3231120 kB
Active:           431572 kB
Mem:          3.8G       766M       3.1G       5.7M        52M       323M

MemTotal:        4016004 kB
MemFree:         3231244 kB
Active:           431592 kB
Mem:          3.8G       766M       3.1G       5.7M        52M       323M

MemTotal:        4016004 kB
MemFree:         3231492 kB
Active:           431608 kB
Mem:          3.8G       766M       3.1G       5.7M        52M       323M

MemTotal:        4016004 kB
MemFree:         3231492 kB
Active:           431592 kB
Mem:          3.8G       766M       3.1G       5.7M        52M       323M

MemTotal:        4016004 kB
MemFree:         3231368 kB
Active:           431612 kB
Mem:          3.8G       766M       3.1G       5.7M        52M       323M

MemTotal:        4016004 kB
MemFree:         3231244 kB
Active:           431612 kB
Mem:          3.8G       766M       3.1G       5.7M        52M       323M

MemTotal:        4016004 kB
MemFree:         3231492 kB
Active:           431572 kB
Mem:          3.8G       766M       3.1G       5.7M        52M       323M

MemTotal:        4016004 kB
MemFree:         3231988 kB
Active:           431584 kB
Mem:          3.8G       765M       3.1G       5.7M        52M       323M

MemTotal:        4016004 kB
MemFree:         3231988 kB
Active:           431616 kB
Mem:          3.8G       765M       3.1G       5.7M        52M       323M

MemTotal:        4016004 kB
MemFree:         3231788 kB
Active:           431624 kB
Mem:          3.8G       765M       3.1G       5.7M        52M       323M

MemTotal:        4016004 kB
MemFree:         3231912 kB
Active:           431608 kB
Mem:          3.8G       765M       3.1G       5.7M        52M       323M

MemTotal:        4016004 kB
MemFree:         3231664 kB
Active:           431624 kB
Mem:          3.8G       765M       3.1G       5.7M        52M       323M

MemTotal:        4016004 kB
MemFree:         3232036 kB
Active:           431608 kB
Mem:          3.8G       765M       3.1G       5.7M        52M       323M

MemTotal:        4016004 kB
MemFree:         3231788 kB
Active:           431624 kB
Mem:          3.8G       765M       3.1G       5.7M        52M       323M

MemTotal:        4016004 kB
MemFree:         3229492 kB
Active:           431568 kB
Mem:          3.8G       767M       3.1G       5.7M        52M       323M

MemTotal:        4016004 kB
MemFree:         3229492 kB
Active:           433656 kB
Mem:          3.8G       767M       3.1G       5.7M        52M       323M

MemTotal:        4016004 kB
MemFree:         3229368 kB
Active:           433656 kB
Mem:          3.8G       767M       3.1G       5.7M        52M       323M

MemTotal:        4016004 kB
MemFree:         3229600 kB
Active:           433640 kB
Mem:          3.8G       767M       3.1G       5.7M        52M       323M

MemTotal:        4016004 kB
MemFree:         3229724 kB
Active:           433608 kB
Mem:          3.8G       767M       3.1G       5.7M        52M       323M

MemTotal:        4016004 kB
MemFree:         3229724 kB
Active:           433632 kB
Mem:          3.8G       768M       3.1G       5.7M        52M       323M

MemTotal:        4016004 kB
MemFree:         3227128 kB
Active:           436016 kB
Mem:          3.8G       770M       3.1G       5.7M        54M       323M

MemTotal:        4016004 kB
MemFree:         3220328 kB
Active:           441420 kB
Mem:          3.8G       777M       3.1G       5.7M        60M       323M

MemTotal:        4016004 kB
MemFree:         3219444 kB
Active:           441460 kB
Mem:          3.8G       777M       3.1G       5.7M        60M       323M

MemTotal:        4016004 kB
MemFree:         3219692 kB
Active:           441460 kB
Mem:          3.8G       777M       3.1G       5.7M        60M       323M

MemTotal:        4016004 kB
MemFree:         3219924 kB
Active:           441428 kB
Mem:          3.8G       777M       3.1G       5.7M        60M       323M

MemTotal:        4016004 kB
MemFree:         3220280 kB
Active:           441440 kB
Mem:          3.8G       777M       3.1G       5.7M        60M       323M

MemTotal:        4016004 kB
MemFree:         3219892 kB
Active:           441464 kB
Mem:          3.8G       777M       3.1G       5.7M        60M       323M

MemTotal:        4016004 kB
MemFree:         3220372 kB
Active:           441452 kB
Mem:          3.8G       777M       3.1G       5.7M        60M       323M

MemTotal:        4016004 kB
MemFree:         3220124 kB
Active:           441464 kB
Mem:          3.8G       777M       3.1G       5.7M        60M       323M

MemTotal:        4016004 kB
MemFree:         3220124 kB
Active:           441432 kB
Mem:          3.8G       777M       3.1G       5.7M        60M       323M

MemTotal:        4016004 kB
MemFree:         3220372 kB
Active:           441452 kB
Mem:          3.8G       777M       3.1G       5.7M        60M       323M

MemTotal:        4016004 kB
MemFree:         3220744 kB
Active:           441424 kB
Mem:          3.8G       776M       3.1G       5.7M        60M       323M

MemTotal:        4016004 kB
MemFree:         3220372 kB
Active:           441460 kB
Mem:          3.8G       777M       3.1G       5.7M        60M       323M

MemTotal:        4016004 kB
MemFree:         3220372 kB
Active:           441436 kB
Mem:          3.8G       776M       3.1G       5.7M        60M       323M

MemTotal:        4016004 kB
MemFree:         3220620 kB
Active:           441468 kB
Mem:          3.8G       776M       3.1G       5.7M        60M       323M

MemTotal:        4016004 kB
MemFree:         3220620 kB
Active:           441452 kB
Mem:          3.8G       776M       3.1G       5.7M        60M       323M

MemTotal:        4016004 kB
MemFree:         3220496 kB
Active:           441460 kB
Mem:          3.8G       776M       3.1G       5.7M        60M       323M

MemTotal:        4016004 kB
MemFree:         3220124 kB
Active:           441480 kB
Mem:          3.8G       776M       3.1G       5.7M        60M       323M

MemTotal:        4016004 kB
MemFree:         3220480 kB
Active:           441468 kB
Mem:          3.8G       776M       3.1G       5.7M        60M       323M

MemTotal:        4016004 kB
MemFree:         3220356 kB
Active:           441484 kB
Mem:          3.8G       777M       3.1G       5.7M        60M       323M

MemTotal:        4016004 kB
MemFree:         3220092 kB
Active:           441488 kB
Mem:          3.8G       777M       3.1G       5.7M        60M       323M

MemTotal:        4016004 kB
MemFree:         3220328 kB
Active:           441472 kB
Mem:          3.8G       777M       3.1G       5.7M        60M       323M

MemTotal:        4016004 kB
MemFree:         3220328 kB
Active:           441440 kB
Mem:          3.8G       776M       3.1G       5.7M        60M       323M

MemTotal:        4016004 kB
MemFree:         3219956 kB
Active:           441480 kB
Mem:          3.8G       777M       3.1G       5.7M        60M       323M

MemTotal:        4016004 kB
MemFree:         3218032 kB
Active:           441416 kB
Mem:          3.8G       779M       3.1G       5.7M        60M       323M

MemTotal:        4016004 kB
MemFree:         3218156 kB
Active:           441456 kB
Mem:          3.8G       779M       3.1G       5.7M        60M       323M

MemTotal:        4016004 kB
MemFree:         3217660 kB
Active:           443524 kB
Mem:          3.8G       779M       3.1G       5.7M        60M       323M

MemTotal:        4016004 kB
MemFree:         3218280 kB
Active:           443520 kB
Mem:          3.8G       779M       3.1G       5.7M        60M       323M

MemTotal:        4016004 kB
MemFree:         3218280 kB
Active:           443496 kB
Mem:          3.8G       779M       3.1G       5.7M        60M       323M

MemTotal:        4016004 kB
MemFree:         3218404 kB
Active:           443516 kB
Mem:          3.8G       778M       3.1G       5.7M        60M       323M

MemTotal:        4016004 kB
MemFree:         3218060 kB
Active:           443800 kB
Mem:          3.8G       779M       3.1G       5.7M        60M       323M

MemTotal:        4016004 kB
MemFree:         3171888 kB
Active:           445112 kB
Mem:          3.8G       825M       3.0G       5.7M        60M       367M

MemTotal:        4016004 kB
MemFree:         3125508 kB
Active:           445200 kB
Mem:          3.8G       870M       3.0G       5.7M        60M       411M

MemTotal:        4016004 kB
MemFree:         3078400 kB
Active:           445260 kB
Mem:          3.8G       916M       2.9G       5.7M        60M       456M

MemTotal:        4016004 kB
MemFree:         3032036 kB
Active:           445204 kB
Mem:          3.8G       961M       2.9G       5.7M        60M       501M

MemTotal:        4016004 kB
MemFree:         2985424 kB
Active:           445216 kB
Mem:          3.8G       1.0G       2.8G       5.7M        60M       546M

MemTotal:        4016004 kB
MemFree:         2939076 kB
Active:           445244 kB
Mem:          3.8G       1.0G       2.8G       5.7M        60M       591M

MemTotal:        4016004 kB
MemFree:         2890728 kB
Active:           445268 kB
Mem:          3.8G       1.1G       2.8G       5.7M        60M       637M

MemTotal:        4016004 kB
MemFree:         2844552 kB
Active:           445264 kB
Mem:          3.8G       1.1G       2.7G       5.7M        60M       681M

MemTotal:        4016004 kB
MemFree:         2797632 kB
Active:           445244 kB
Mem:          3.8G       1.2G       2.7G       5.7M        60M       726M

MemTotal:        4016004 kB
MemFree:         2751660 kB
Active:           445220 kB
Mem:          3.8G       1.2G       2.6G       5.7M        60M       770M

MemTotal:        4016004 kB
MemFree:         2705148 kB
Active:           445276 kB
Mem:          3.8G       1.3G       2.6G       5.7M        60M       815M

MemTotal:        4016004 kB
MemFree:         2658924 kB
Active:           445292 kB
Mem:          3.8G       1.3G       2.5G       5.7M        60M       860M

MemTotal:        4016004 kB
MemFree:         2612188 kB
Active:           445264 kB
Mem:          3.8G       1.3G       2.5G       5.7M        60M       906M

MemTotal:        4016004 kB
MemFree:         2563896 kB
Active:           445280 kB
Mem:          3.8G       1.4G       2.4G       5.7M        60M       949M

MemTotal:        4016004 kB
MemFree:         2516728 kB
Active:           445292 kB
Mem:          3.8G       1.4G       2.4G       5.7M        60M       995M

MemTotal:        4016004 kB
MemFree:         2470940 kB
Active:           447340 kB
Mem:          3.8G       1.5G       2.4G       5.7M        60M       1.0G

MemTotal:        4016004 kB
MemFree:         2423244 kB
Active:           447348 kB
Mem:          3.8G       1.5G       2.3G       5.7M        60M       1.1G

MemTotal:        4016004 kB
MemFree:         2377640 kB
Active:           447324 kB
Mem:          3.8G       1.6G       2.3G       5.7M        60M       1.1G

MemTotal:        4016004 kB
MemFree:         2330932 kB
Active:           447352 kB
Mem:          3.8G       1.6G       2.2G       5.7M        60M       1.1G

MemTotal:        4016004 kB
MemFree:         2284352 kB
Active:           447312 kB
Mem:          3.8G       1.7G       2.2G       5.7M        60M       1.2G

MemTotal:        4016004 kB
MemFree:         2237248 kB
Active:           447380 kB
Mem:          3.8G       1.7G       2.1G       5.7M        60M       1.2G

MemTotal:        4016004 kB
MemFree:         2211072 kB
Active:           447380 kB
Mem:          3.8G       1.7G       2.1G       5.7M        60M       1.3G

MemTotal:        4016004 kB
MemFree:         2165576 kB
Active:           447388 kB
Mem:          3.8G       1.8G       2.1G       5.7M        60M       1.3G

MemTotal:        4016004 kB
MemFree:         2117544 kB
Active:           445284 kB
Mem:          3.8G       1.8G       2.0G       5.7M        60M       1.3G

MemTotal:        4016004 kB
MemFree:         2072000 kB
Active:           447388 kB
Mem:          3.8G       1.9G       2.0G       5.7M        60M       1.4G

MemTotal:        4016004 kB
MemFree:         2027356 kB
Active:           447392 kB
Mem:          3.8G       1.9G       1.9G       5.7M        60M       1.4G

MemTotal:        4016004 kB
MemFree:         2027508 kB
Active:           447392 kB
Mem:          3.8G       1.9G       1.9G       5.7M        60M       1.4G

MemTotal:        4016004 kB
MemFree:         2011064 kB
Active:           447440 kB
Mem:          3.8G       1.9G       1.9G       5.7M        60M       1.4G

MemTotal:        4016004 kB
MemFree:         1966084 kB
Active:           447468 kB
Mem:          3.8G       2.0G       1.9G       5.7M        60M       1.5G

MemTotal:        4016004 kB
MemFree:         1919348 kB
Active:           447428 kB
Mem:          3.8G       2.0G       1.8G       5.7M        60M       1.5G

MemTotal:        4016004 kB
MemFree:         1873248 kB
Active:           447456 kB
Mem:          3.8G       2.0G       1.8G       5.7M        60M       1.6G

MemTotal:        4016004 kB
MemFree:         1827024 kB
Active:           447468 kB
Mem:          3.8G       2.1G       1.7G       5.7M        60M       1.6G

MemTotal:        4016004 kB
MemFree:         1779264 kB
Active:           447472 kB
Mem:          3.8G       2.1G       1.7G       5.7M        60M       1.7G

MemTotal:        4016004 kB
MemFree:         1732716 kB
Active:           443528 kB
Mem:          3.8G       2.2G       1.7G       5.7M        60M       1.7G

MemTotal:        4016004 kB
MemFree:         1687000 kB
Active:           445440 kB
Mem:          3.8G       2.2G       1.6G       5.7M        60M       1.8G

MemTotal:        4016004 kB
MemFree:         1640800 kB
Active:           447484 kB
Mem:          3.8G       2.3G       1.6G       5.7M        60M       1.8G

MemTotal:        4016004 kB
MemFree:         1640924 kB
Active:           447500 kB
Mem:          3.8G       2.3G       1.6G       5.7M        60M       1.8G

MemTotal:        4016004 kB
MemFree:         1625288 kB
Active:           447452 kB
Mem:          3.8G       2.3G       1.5G       5.7M        60M       1.8G

MemTotal:        4016004 kB
MemFree:         1579560 kB
Active:           447540 kB
Mem:          3.8G       2.3G       1.5G       5.7M        60M       1.9G

MemTotal:        4016004 kB
MemFree:         1532576 kB
Active:           447528 kB
Mem:          3.8G       2.4G       1.5G       5.7M        60M       1.9G

MemTotal:        4016004 kB
MemFree:         1485980 kB
Active:           447540 kB
Mem:          3.8G       2.4G       1.4G       5.7M        60M       1.9G

MemTotal:        4016004 kB
MemFree:         1440624 kB
Active:           447548 kB
Mem:          3.8G       2.5G       1.4G       5.7M        60M       2.0G

MemTotal:        4016004 kB
MemFree:         1414084 kB
Active:           447568 kB
Mem:          3.8G       2.5G       1.3G       5.7M        60M       2.0G

MemTotal:        4016004 kB
MemFree:         1388296 kB
Active:           445544 kB
Mem:          3.8G       2.5G       1.3G       5.7M        60M       2.0G

MemTotal:        4016004 kB
MemFree:         1344388 kB
Active:           449628 kB
Mem:          3.8G       2.5G       1.3G       5.7M        60M       2.1G

MemTotal:        4016004 kB
MemFree:         1297032 kB
Active:           449616 kB
Mem:          3.8G       2.6G       1.2G       5.7M        60M       2.1G

MemTotal:        4016004 kB
MemFree:         1250948 kB
Active:           449584 kB
Mem:          3.8G       2.6G       1.2G       5.7M        60M       2.2G

MemTotal:        4016004 kB
MemFree:         1203500 kB
Active:           449636 kB
Mem:          3.8G       2.7G       1.1G       5.7M        60M       2.2G

MemTotal:        4016004 kB
MemFree:         1196492 kB
Active:           449588 kB
Mem:          3.8G       2.7G       1.1G       5.7M        60M       2.2G

MemTotal:        4016004 kB
MemFree:         1170044 kB
Active:           449628 kB
Mem:          3.8G       2.7G       1.1G       5.7M        60M       2.2G

MemTotal:        4016004 kB
MemFree:         1124704 kB
Active:           449652 kB
Mem:          3.8G       2.8G       1.1G       5.7M        60M       2.3G

MemTotal:        4016004 kB
MemFree:         1076976 kB
Active:           449668 kB
Mem:          3.8G       2.8G       1.0G       5.7M        60M       2.3G

MemTotal:        4016004 kB
MemFree:         1031140 kB
Active:           449680 kB
Mem:          3.8G       2.8G       1.0G       5.7M        60M       2.4G

MemTotal:        4016004 kB
MemFree:          984600 kB
Active:           449688 kB
Mem:          3.8G       2.9G       960M       5.7M        60M       2.4G

MemTotal:        4016004 kB
MemFree:          962604 kB
Active:           449676 kB
Mem:          3.8G       2.9G       935M       5.7M        60M       2.4G

MemTotal:        4016004 kB
MemFree:          913108 kB
Active:           449708 kB
Mem:          3.8G       3.0G       889M       5.7M        60M       2.5G

MemTotal:        4016004 kB
MemFree:          868448 kB
Active:           449752 kB
Mem:          3.8G       3.0G       846M       5.7M        60M       2.5G

MemTotal:        4016004 kB
MemFree:          821544 kB
Active:           449740 kB
Mem:          3.8G       3.0G       800M       5.7M        60M       2.6G

MemTotal:        4016004 kB
MemFree:          775308 kB
Active:           449772 kB
Mem:          3.8G       3.1G       755M       5.7M        60M       2.6G

MemTotal:        4016004 kB
MemFree:          728712 kB
Active:           449784 kB
Mem:          3.8G       3.1G       711M       5.7M        60M       2.6G

MemTotal:        4016004 kB
MemFree:          682472 kB
Active:           449744 kB
Mem:          3.8G       3.2G       666M       5.7M        60M       2.7G

MemTotal:        4016004 kB
MemFree:          634760 kB
Active:           449792 kB
Mem:          3.8G       3.2G       618M       5.7M        60M       2.7G

MemTotal:        4016004 kB
MemFree:          588644 kB
Active:           449792 kB
Mem:          3.8G       3.3G       574M       5.7M        60M       2.8G

MemTotal:        4016004 kB
MemFree:          543256 kB
Active:           449740 kB
Mem:          3.8G       3.3G       529M       5.7M        60M       2.8G

MemTotal:        4016004 kB
MemFree:          504100 kB
Active:           449796 kB
Mem:          3.8G       3.3G       492M       5.7M        60M       2.9G

MemTotal:        4016004 kB
MemFree:          478256 kB
Active:           449932 kB
Mem:          3.8G       3.4G       466M       5.7M        60M       2.9G

MemTotal:        4016004 kB
MemFree:          432612 kB
Active:           449808 kB
Mem:          3.8G       3.4G       420M       5.7M        60M       2.9G

MemTotal:        4016004 kB
MemFree:          385728 kB
Active:           449808 kB
Mem:          3.8G       3.5G       375M       5.7M        60M       3.0G

MemTotal:        4016004 kB
MemFree:          338232 kB
Active:           449824 kB
Mem:          3.8G       3.5G       329M       5.7M        60M       3.0G

MemTotal:        4016004 kB
MemFree:          300628 kB
Active:           449832 kB
Mem:          3.8G       3.5G       293M       5.7M        60M       3.1G

MemTotal:        4016004 kB
MemFree:          300600 kB
Active:           449776 kB
Mem:          3.8G       3.5G       293M       5.7M        60M       3.1G

MemTotal:        4016004 kB
MemFree:          290628 kB
Active:           449832 kB
Mem:          3.8G       3.6G       282M       5.7M        60M       3.1G

MemTotal:        4016004 kB
MemFree:          245272 kB
Active:           449840 kB
Mem:          3.8G       3.6G       238M       5.7M        60M       3.1G

MemTotal:        4016004 kB
MemFree:          198148 kB
Active:           447940 kB
Mem:          3.8G       3.6G       192M       5.7M        60M       3.1G

MemTotal:        4016004 kB
MemFree:          150820 kB
Active:           447808 kB
Mem:          3.8G       3.7G       146M       5.7M        60M       3.2G

MemTotal:        4016004 kB
MemFree:          105588 kB
Active:           449864 kB
Mem:          3.8G       3.7G       124M       5.7M        37M       3.2G

MemTotal:        4016004 kB
MemFree:          128740 kB
Active:           460348 kB
Mem:          3.8G       3.7G       124M       5.7M        27M       3.2G

MemTotal:        4016004 kB
MemFree:          132204 kB
Active:           504564 kB
Mem:          3.8G       3.7G       126M       5.7M        27M       3.2G

MemTotal:        4016004 kB
MemFree:          119828 kB
Active:           503052 kB
Mem:          3.8G       3.7G       113M       5.7M        27M       3.3G

MemTotal:        4016004 kB
MemFree:          127764 kB
Active:           498272 kB
Mem:          3.8G       3.7G       124M       5.7M        27M       3.2G

MemTotal:        4016004 kB
MemFree:          123712 kB
Active:           493356 kB
Mem:          3.8G       3.7G       119M       5.7M        27M       3.2G

MemTotal:        4016004 kB
MemFree:          107564 kB
Active:           490228 kB
Mem:          3.8G       3.7G       103M       5.7M        27M       3.3G

MemTotal:        4016004 kB
MemFree:          126548 kB
Active:           483876 kB
Mem:          3.8G       3.7G       122M       5.7M        27M       3.2G

MemTotal:        4016004 kB
MemFree:          106568 kB
Active:           483756 kB
Mem:          3.8G       3.7G       104M       5.7M        27M       3.3G

MemTotal:        4016004 kB
MemFree:          115300 kB
Active:           481844 kB
Mem:          3.8G       3.7G       110M       5.7M        27M       3.3G

MemTotal:        4016004 kB
MemFree:          105780 kB
Active:           478400 kB
Mem:          3.8G       3.7G       102M       5.7M        27M       3.3G

MemTotal:        4016004 kB
MemFree:          125384 kB
Active:           472120 kB
Mem:          3.8G       3.7G       120M       5.7M        27M       3.2G

MemTotal:        4016004 kB
MemFree:          105616 kB
Active:           469428 kB
Mem:          3.8G       3.7G       124M       5.7M        27M       3.2G

MemTotal:        4016004 kB
MemFree:          124928 kB
Active:           463512 kB
Mem:          3.8G       3.7G       121M       5.7M        27M       3.2G

MemTotal:        4016004 kB
MemFree:          108200 kB
Active:           460388 kB
Mem:          3.8G       3.7G       104M       5.7M        27M       3.3G

MemTotal:        4016004 kB
MemFree:          128064 kB
Active:           456972 kB
Mem:          3.8G       3.7G       124M       5.7M        27M       3.2G

MemTotal:        4016004 kB
MemFree:          111724 kB
Active:           456096 kB
Mem:          3.8G       3.7G       108M       5.7M        27M       3.3G

MemTotal:        4016004 kB
MemFree:          126264 kB
Active:           454228 kB
Mem:          3.8G       3.7G       122M       5.7M        27M       3.2G

MemTotal:        4016004 kB
MemFree:          132788 kB
Active:           452052 kB
Mem:          3.8G       3.7G       128M       5.7M        27M       3.2G

MemTotal:        4016004 kB
MemFree:          128880 kB
Active:           450628 kB
Mem:          3.8G       3.7G       124M       5.7M        27M       3.2G

MemTotal:        4016004 kB
MemFree:          129960 kB
Active:           448872 kB
Mem:          3.8G       3.7G       126M       5.7M        27M       3.2G

MemTotal:        4016004 kB
MemFree:          138280 kB
Active:           447164 kB
Mem:          3.8G       3.7G       134M       5.7M        27M       3.2G

MemTotal:        4016004 kB
MemFree:          140792 kB
Active:           445932 kB
Mem:          3.8G       3.7G       136M       5.7M        27M       3.2G

MemTotal:        4016004 kB
MemFree:          121280 kB
Active:           445800 kB
Mem:          3.8G       3.7G       118M       5.7M        27M       3.3G

MemTotal:        4016004 kB
MemFree:          120308 kB
Active:           444908 kB
Mem:          3.8G       3.7G       116M       5.7M        27M       3.3G

MemTotal:        4016004 kB
MemFree:          106192 kB
Active:           441644 kB
Mem:          3.8G       3.7G       123M       5.7M        27M       3.2G

MemTotal:        4016004 kB
MemFree:          123448 kB
Active:           439668 kB
Mem:          3.8G       3.7G       119M       5.7M        27M       3.2G

MemTotal:        4016004 kB
MemFree:          107044 kB
Active:           436536 kB
Mem:          3.8G       3.7G       103M       5.7M        27M       3.3G

MemTotal:        4016004 kB
MemFree:          126524 kB
Active:           436536 kB
Mem:          3.8G       3.7G       122M       5.7M        27M       3.2G

MemTotal:        4016004 kB
MemFree:          110308 kB
Active:           435548 kB
Mem:          3.8G       3.7G       107M       5.7M        27M       3.3G

MemTotal:        4016004 kB
MemFree:          125452 kB
Active:           431612 kB
Mem:          3.8G       3.7G       121M       5.7M        27M       3.2G

MemTotal:        4016004 kB
MemFree:          126720 kB
Active:           429892 kB
Mem:          3.8G       3.7G       122M       5.7M        27M       3.2G

MemTotal:        4016004 kB
MemFree:          123548 kB
Active:           428216 kB
Mem:          3.8G       3.7G       119M       5.7M        27M       3.2G

MemTotal:        4016004 kB
MemFree:          112744 kB
Active:           427072 kB
Mem:          3.8G       3.7G       108M       5.7M        27M       3.3G

MemTotal:        4016004 kB
MemFree:          120508 kB
Active:           425412 kB
Mem:          3.8G       3.7G       117M       5.7M        27M       3.3G

MemTotal:        4016004 kB
MemFree:          112104 kB
Active:           424236 kB
Mem:          3.8G       3.7G       108M       5.7M        27M       3.3G

MemTotal:        4016004 kB
MemFree:          124588 kB
Active:           422472 kB
Mem:          3.8G       3.7G       119M       5.7M        27M       3.2G

MemTotal:        4016004 kB
MemFree:          127328 kB
Active:           421216 kB
Mem:          3.8G       3.7G       123M       5.7M        27M       3.2G

MemTotal:        4016004 kB
MemFree:          137176 kB
Active:           420204 kB
Mem:          3.8G       3.7G       133M       5.7M        27M       3.2G

MemTotal:        4016004 kB
MemFree:          112612 kB
Active:           420164 kB
Mem:          3.8G       3.7G       109M       5.7M        27M       3.3G

MemTotal:        4016004 kB
MemFree:          127008 kB
Active:           418416 kB
Mem:          3.8G       3.7G       122M       5.7M        27M       3.2G

MemTotal:        4016004 kB
MemFree:          122696 kB
Active:           416884 kB
Mem:          3.8G       3.7G       118M       5.7M        27M       3.3G

MemTotal:        4016004 kB
MemFree:          112168 kB
Active:           415732 kB
Mem:          3.8G       3.7G       108M       5.7M        27M       3.3G

MemTotal:        4016004 kB
MemFree:          114428 kB
Active:           414076 kB
Mem:          3.8G       3.7G       110M       5.7M        27M       3.3G

MemTotal:        4016004 kB
MemFree:          117612 kB
Active:           412364 kB
Mem:          3.8G       3.7G       113M       5.7M        27M       3.3G

MemTotal:        4016004 kB
MemFree:          124196 kB
Active:           410340 kB
Mem:          3.8G       3.7G       119M       5.7M        27M       3.2G

MemTotal:        4016004 kB
MemFree:          114872 kB
Active:           409220 kB
Mem:          3.8G       3.7G       111M       5.7M        27M       3.3G

MemTotal:        4016004 kB
MemFree:          116576 kB
Active:           405796 kB
Mem:          3.8G       3.7G       113M       5.7M        27M       3.3G

MemTotal:        4016004 kB
MemFree:          106436 kB
Active:           406576 kB
Mem:          3.8G       3.7G       103M       5.7M        27M       3.3G

MemTotal:        4016004 kB
MemFree:          108872 kB
Active:           404532 kB
Mem:          3.8G       3.7G       105M       5.7M        27M       3.3G

MemTotal:        4016004 kB
MemFree:          133444 kB
Active:           400192 kB
Mem:          3.8G       3.7G       129M       5.7M        27M       3.2G

MemTotal:        4016004 kB
MemFree:          124500 kB
Active:           398888 kB
Mem:          3.8G       3.7G       122M       5.7M        27M       3.2G

MemTotal:        4016004 kB
MemFree:          107948 kB
Active:           397876 kB
Mem:          3.8G       3.7G       104M       5.7M        27M       3.3G

MemTotal:        4016004 kB
MemFree:          124632 kB
Active:           394520 kB
Mem:          3.8G       3.7G       121M       5.7M        27M       3.2G

MemTotal:        4016004 kB
MemFree:          115236 kB
Active:           393420 kB
Mem:          3.8G       3.7G       111M       5.7M        27M       3.3G

MemTotal:        4016004 kB
MemFree:          105328 kB
Active:           392272 kB
Mem:          3.8G       3.7G       102M       5.7M        27M       3.3G

MemTotal:        4016004 kB
MemFree:          113788 kB
Active:           390608 kB
Mem:          3.8G       3.7G       110M       5.7M        27M       3.3G

MemTotal:        4016004 kB
MemFree:          125408 kB
Active:           388944 kB
Mem:          3.8G       3.7G       123M       5.7M        27M       3.2G

MemTotal:        4016004 kB
MemFree:          110000 kB
Active:           388340 kB
Mem:          3.8G       3.7G       106M       5.7M        27M       3.3G

MemTotal:        4016004 kB
MemFree:          111392 kB
Active:           386420 kB
Mem:          3.8G       3.7G       107M       5.7M        27M       3.3G

MemTotal:        4016004 kB
MemFree:          124956 kB
Active:           385656 kB
Mem:          3.8G       3.7G       121M       5.7M        27M       3.2G

MemTotal:        4016004 kB
MemFree:          126856 kB
Active:           385656 kB
Mem:          3.8G       3.7G       123M       5.7M        27M       3.2G

MemTotal:        4016004 kB
MemFree:          105080 kB
Active:           385608 kB
Mem:          3.8G       3.7G       122M       5.7M        27M       3.2G

MemTotal:        4016004 kB
MemFree:          106908 kB
Active:           385456 kB
Mem:          3.8G       3.7G       103M       5.7M        27M       3.3G

MemTotal:        4016004 kB
MemFree:          126016 kB
Active:           385352 kB
Mem:          3.8G       3.7G       122M       5.7M        27M       3.2G

MemTotal:        4016004 kB
MemFree:          128608 kB
Active:           385388 kB
Mem:          3.8G       3.7G       124M       5.7M        27M       3.2G

MemTotal:        4016004 kB
MemFree:          129336 kB
Active:           385388 kB
Mem:          3.8G       3.7G       125M       5.7M        27M       3.2G

MemTotal:        4016004 kB
MemFree:          120408 kB
Active:           385392 kB
Mem:          3.8G       3.7G       117M       5.7M        27M       3.2G

MemTotal:        4016004 kB
MemFree:          122888 kB
Active:           385404 kB
Mem:          3.8G       3.7G       119M       5.7M        27M       3.2G

MemTotal:        4016004 kB
MemFree:          131384 kB
Active:           385324 kB
Mem:          3.8G       3.7G       126M       5.7M        27M       3.2G

MemTotal:        4016004 kB
MemFree:          121120 kB
Active:           385328 kB
Mem:          3.8G       3.7G       116M       5.7M        27M       3.2G

MemTotal:        4016004 kB
MemFree:          109972 kB
Active:           385332 kB
Mem:          3.8G       3.7G       106M       5.7M        27M       3.3G

MemTotal:        4016004 kB
MemFree:          130448 kB
Active:           385336 kB
Mem:          3.8G       3.7G       126M       5.7M        27M       3.2G

MemTotal:        4016004 kB
MemFree:          127332 kB
Active:           385320 kB
Mem:          3.8G       3.7G       123M       5.7M        27M       3.2G

MemTotal:        4016004 kB
MemFree:          127180 kB
Active:           385336 kB
Mem:          3.8G       3.7G       124M       5.7M        27M       3.2G

MemTotal:        4016004 kB
MemFree:          123408 kB
Active:           385336 kB
Mem:          3.8G       3.7G       119M       5.7M        27M       3.2G

MemTotal:        4016004 kB
MemFree:          106928 kB
Active:           385304 kB
Mem:          3.8G       3.7G       103M       5.7M        27M       3.3G

MemTotal:        4016004 kB
MemFree:          126052 kB
Active:           385224 kB
Mem:          3.8G       3.7G       121M       5.7M        27M       3.2G

MemTotal:        4016004 kB
MemFree:          124160 kB
Active:           385236 kB
Mem:          3.8G       3.7G       121M       5.7M        27M       3.2G

MemTotal:        4016004 kB
MemFree:          124100 kB
Active:           385268 kB
Mem:          3.8G       3.7G       120M       5.7M        27M       3.2G

MemTotal:        4016004 kB
MemFree:          123324 kB
Active:           385244 kB
Mem:          3.8G       3.7G       119M       5.7M        27M       3.2G

MemTotal:        4016004 kB
MemFree:          108940 kB
Active:           385288 kB
Mem:          3.8G       3.7G       105M       5.7M        27M       3.3G

MemTotal:        4016004 kB
MemFree:          127400 kB
Active:           385252 kB
Mem:          3.8G       3.7G       123M       5.7M        27M       3.2G

MemTotal:        4016004 kB
MemFree:          117136 kB
Active:           385304 kB
Mem:          3.8G       3.7G       113M       5.7M        27M       3.3G

MemTotal:        4016004 kB
MemFree:          107600 kB
Active:           385292 kB
Mem:          3.8G       3.7G       104M       5.7M        27M       3.3G

MemTotal:        4016004 kB
MemFree:          114944 kB
Active:           385300 kB
Mem:          3.8G       3.7G       111M       5.7M        27M       3.3G

MemTotal:        4016004 kB
MemFree:          105564 kB
Active:           384616 kB
Mem:          3.8G       3.7G       102M       5.7M        27M       3.3G

MemTotal:        4016004 kB
MemFree:          131492 kB
Active:           384596 kB
Mem:          3.8G       3.7G       127M       5.7M        27M       3.2G

MemTotal:        4016004 kB
MemFree:          125096 kB
Active:           384680 kB
Mem:          3.8G       3.7G       122M       5.7M        27M       3.2G

MemTotal:        4016004 kB
MemFree:          124884 kB
Active:           384684 kB
Mem:          3.8G       3.7G       121M       5.7M        27M       3.2G

MemTotal:        4016004 kB
MemFree:          106252 kB
Active:           384672 kB
Mem:          3.8G       3.7G       103M       5.7M        27M       3.3G

MemTotal:        4016004 kB
MemFree:          122136 kB
Active:           384636 kB
Mem:          3.8G       3.7G       117M       5.7M        27M       3.2G

MemTotal:        4016004 kB
MemFree:          127556 kB
Active:           384680 kB
Mem:          3.8G       3.7G       124M       5.7M        27M       3.2G

MemTotal:        4016004 kB
MemFree:          128652 kB
Active:           384644 kB
Mem:          3.8G       3.7G       125M       5.7M        27M       3.2G

MemTotal:        4016004 kB
MemFree:          128404 kB
Active:           384704 kB
Mem:          3.8G       3.7G       125M       5.7M        27M       3.2G

MemTotal:        4016004 kB
MemFree:          129092 kB
Active:           384688 kB
Mem:          3.8G       3.7G       126M       5.7M        27M       3.2G

MemTotal:        4016004 kB
MemFree:          126736 kB
Active:           384708 kB
Mem:          3.8G       3.7G       123M       5.7M        27M       3.2G

MemTotal:        4016004 kB
MemFree:          128332 kB
Active:           382696 kB
Mem:          3.8G       3.7G       124M       5.7M        27M       3.2G

MemTotal:        4016004 kB
MemFree:          109164 kB
Active:           383816 kB
Mem:          3.8G       3.7G       105M       5.7M        27M       3.3G

MemTotal:        4016004 kB
MemFree:          134348 kB
Active:           383840 kB
Mem:          3.8G       3.7G       130M       5.7M        27M       3.2G

MemTotal:        4016004 kB
MemFree:          126068 kB
Active:           383856 kB
Mem:          3.8G       3.7G       121M       5.7M        27M       3.2G

MemTotal:        4016004 kB
MemFree:          126700 kB
Active:           383860 kB
Mem:          3.8G       3.7G       122M       5.7M        27M       3.2G

MemTotal:        4016004 kB
MemFree:          133548 kB
Active:           383868 kB
Mem:          3.8G       3.7G       129M       5.7M        27M       3.2G

MemTotal:        4016004 kB
MemFree:          135312 kB
Active:           383868 kB
Mem:          3.8G       3.7G       131M       5.7M        27M       3.2G

MemTotal:        4016004 kB
MemFree:          126180 kB
Active:           383836 kB
Mem:          3.8G       3.7G       122M       5.7M        27M       3.2G

MemTotal:        4016004 kB
MemFree:          111084 kB
Active:           377556 kB
Mem:          3.8G       3.7G       107M       5.7M        27M       3.3G

MemTotal:        4016004 kB
MemFree:          131336 kB
Active:           377560 kB
Mem:          3.8G       3.7G       127M       5.7M        27M       3.2G

MemTotal:        4016004 kB
MemFree:          120932 kB
Active:           377560 kB
Mem:          3.8G       3.7G       116M       5.7M        27M       3.2G

MemTotal:        4016004 kB
MemFree:          111912 kB
Active:           377564 kB
Mem:          3.8G       3.7G       108M       5.7M        27M       3.3G

MemTotal:        4016004 kB
MemFree:          121136 kB
Active:           377568 kB
Mem:          3.8G       3.7G       118M       5.7M        27M       3.2G

MemTotal:        4016004 kB
MemFree:          121396 kB
Active:           377576 kB
Mem:          3.8G       3.7G       118M       5.7M        27M       3.2G

MemTotal:        4016004 kB
MemFree:          115020 kB
Active:           377580 kB
Mem:          3.8G       3.7G       111M       5.7M        27M       3.3G

MemTotal:        4016004 kB
MemFree:          105888 kB
Active:           377588 kB
Mem:          3.8G       3.7G       123M       5.7M        27M       3.2G

MemTotal:        4016004 kB
MemFree:          106164 kB
Active:           377596 kB
Mem:          3.8G       3.7G       105M       5.7M        27M       3.3G

MemTotal:        4016004 kB
MemFree:          109432 kB
Active:           374264 kB
Mem:          3.8G       3.7G       105M       5.7M        27M       3.3G

MemTotal:        4016004 kB
MemFree:          111320 kB
Active:           374272 kB
Mem:          3.8G       3.7G       107M       5.7M        27M       3.3G

MemTotal:        4016004 kB
MemFree:          118028 kB
Active:           374276 kB
Mem:          3.8G       3.7G       114M       5.7M        27M       3.2G

MemTotal:        4016004 kB
MemFree:          108988 kB
Active:           374264 kB
Mem:          3.8G       3.7G       104M       5.7M        27M       3.3G

MemTotal:        4016004 kB
MemFree:          127616 kB
Active:           374288 kB
Mem:          3.8G       3.7G       124M       5.7M        27M       3.2G

MemTotal:        4016004 kB
MemFree:          134544 kB
Active:           374288 kB
Mem:          3.8G       3.7G       130M       5.7M        27M       3.2G

MemTotal:        4016004 kB
MemFree:          136364 kB
Active:           374300 kB
Mem:          3.8G       3.7G       132M       5.7M        27M       3.2G

MemTotal:        4016004 kB
MemFree:          139648 kB
Active:           374296 kB
Mem:          3.8G       3.7G       135M       5.7M        27M       3.2G

MemTotal:        4016004 kB
MemFree:          132884 kB
Active:           372492 kB
Mem:          3.8G       3.7G       129M       5.7M        27M       3.2G

MemTotal:        4016004 kB
MemFree:          124144 kB
Active:           372188 kB
Mem:          3.8G       3.7G       120M       5.7M        27M       3.2G

MemTotal:        4016004 kB
MemFree:          126192 kB
Active:           372200 kB
Mem:          3.8G       3.7G       122M       5.7M        27M       3.2G

MemTotal:        4016004 kB
MemFree:          139812 kB
Active:           372224 kB
Mem:          3.8G       3.7G       136M       5.7M        27M       3.2G

MemTotal:        4016004 kB
MemFree:          139040 kB
Active:           372212 kB
Mem:          3.8G       3.7G       135M       5.7M        27M       3.2G

MemTotal:        4016004 kB
MemFree:          127680 kB
Active:           372232 kB
Mem:          3.8G       3.7G       123M       5.7M        27M       3.2G

MemTotal:        4016004 kB
MemFree:          130172 kB
Active:           372236 kB
Mem:          3.8G       3.7G       125M       5.7M        27M       3.2G

MemTotal:        4016004 kB
MemFree:          117924 kB
Active:           372236 kB
Mem:          3.8G       3.7G       114M       5.7M        27M       3.2G

MemTotal:        4016004 kB
MemFree:          126244 kB
Active:           372220 kB
Mem:          3.8G       3.7G       122M       5.7M        27M       3.2G

MemTotal:        4016004 kB
MemFree:          116724 kB
Active:           372236 kB
Mem:          3.8G       3.7G       113M       5.7M        27M       3.2G

MemTotal:        4016004 kB
MemFree:          106444 kB
Active:           372248 kB
Mem:          3.8G       3.7G       103M       5.7M        27M       3.3G

MemTotal:        4016004 kB
MemFree:          113912 kB
Active:           372240 kB
Mem:          3.8G       3.7G       109M       5.7M        27M       3.2G

MemTotal:        4016004 kB
MemFree:          127836 kB
Active:           372256 kB
Mem:          3.8G       3.7G       124M       5.7M        27M       3.2G

MemTotal:        4016004 kB
MemFree:          123456 kB
Active:           363536 kB
Mem:          3.8G       3.7G       119M       5.7M        27M       3.2G

MemTotal:        4016004 kB
MemFree:          113724 kB
Active:           363440 kB
Mem:          3.8G       3.7G       110M       5.7M        27M       3.2G

MemTotal:        4016004 kB
MemFree:          110268 kB
Active:           363436 kB
Mem:          3.8G       3.7G       106M       5.7M        27M       3.3G

MemTotal:        4016004 kB
MemFree:          124680 kB
Active:           363420 kB
Mem:          3.8G       3.7G       131M       5.7M        27M       3.2G

MemTotal:        4016004 kB
MemFree:          135488 kB
Active:           363444 kB
Mem:          3.8G       3.7G       132M       5.7M        27M       3.2G

MemTotal:        4016004 kB
MemFree:          123168 kB
Active:           363448 kB
Mem:          3.8G       3.7G       119M       5.7M        27M       3.2G

MemTotal:        4016004 kB
MemFree:          123296 kB
Active:           363428 kB
Mem:          3.8G       3.7G       119M       5.7M        27M       3.2G

MemTotal:        4016004 kB
MemFree:          123364 kB
Active:           363456 kB
Mem:          3.8G       3.7G       120M       5.7M        27M       3.2G

MemTotal:        4016004 kB
MemFree:          119432 kB
Active:           363468 kB
Mem:          3.8G       3.7G       115M       5.7M        27M       3.2G

MemTotal:        4016004 kB
MemFree:          110272 kB
Active:           363172 kB
Mem:          3.8G       3.7G       106M       5.7M        27M       3.3G

MemTotal:        4016004 kB
MemFree:          112656 kB
Active:           363128 kB
Mem:          3.8G       3.7G       109M       5.7M        27M       3.2G

MemTotal:        4016004 kB
MemFree:          119860 kB
Active:           363180 kB
Mem:          3.8G       3.7G       115M       5.7M        27M       3.2G

MemTotal:        4016004 kB
MemFree:          109348 kB
Active:           363180 kB
Mem:          3.8G       3.7G       106M       5.7M        27M       3.3G

MemTotal:        4016004 kB
MemFree:          130816 kB
Active:           361648 kB
Mem:          3.8G       3.7G       132M       5.7M        27M       3.2G

MemTotal:        4016004 kB
MemFree:          126500 kB
Active:           361468 kB
Mem:          3.8G       3.7G       122M       5.7M        27M       3.2G

MemTotal:        4016004 kB
MemFree:          105660 kB
Active:           361168 kB
Mem:          3.8G       3.7G       125M       5.7M        27M       3.2G

MemTotal:        4016004 kB
MemFree:          142596 kB
Active:           361164 kB
Mem:          3.8G       3.7G       138M       5.7M        27M       3.2G

MemTotal:        4016004 kB
MemFree:          114204 kB
Active:           361180 kB
Mem:          3.8G       3.7G       110M       5.7M        27M       3.2G

MemTotal:        4016004 kB
MemFree:          127980 kB
Active:           361148 kB
Mem:          3.8G       3.7G       124M       5.7M        27M       3.2G

MemTotal:        4016004 kB
MemFree:          147932 kB
Active:           361136 kB
Mem:          3.8G       3.7G       144M       5.7M        27M       3.2G

MemTotal:        4016004 kB
MemFree:          134664 kB
Active:           361196 kB
Mem:          3.8G       3.7G       130M       5.7M        27M       3.2G

MemTotal:        4016004 kB
MemFree:          116404 kB
Active:           361152 kB
Mem:          3.8G       3.7G       113M       5.7M        27M       3.2G

MemTotal:        4016004 kB
MemFree:          116200 kB
Active:           361172 kB
Mem:          3.8G       3.7G       113M       5.7M        27M       3.2G

MemTotal:        4016004 kB
MemFree:          127616 kB
Active:           361172 kB
Mem:          3.8G       3.7G       123M       5.7M        27M       3.2G

MemTotal:        4016004 kB
MemFree:          105240 kB
Active:           361224 kB
Mem:          3.8G       3.7G       125M       5.7M        27M       3.2G

MemTotal:        4016004 kB
MemFree:          131300 kB
Active:           361224 kB
Mem:          3.8G       3.7G       126M       5.7M        27M       3.2G

MemTotal:        4016004 kB
MemFree:          133552 kB
Active:           361232 kB
Mem:          3.8G       3.7G       129M       5.7M        27M       3.2G

MemTotal:        4016004 kB
MemFree:          134912 kB
Active:           361196 kB
Mem:          3.8G       3.7G       131M       5.7M        27M       3.2G

MemTotal:        4016004 kB
MemFree:          127104 kB
Active:           359904 kB
Mem:          3.8G       3.7G       122M       5.7M        27M       3.2G

MemTotal:        4016004 kB
MemFree:          134644 kB
Active:           359804 kB
Mem:          3.8G       3.7G       130M       5.7M        27M       3.2G

MemTotal:        4016004 kB
MemFree:          142924 kB
Active:           359804 kB
Mem:          3.8G       3.7G       138M       5.7M        27M       3.2G

MemTotal:        4016004 kB
MemFree:          128208 kB
Active:           359808 kB
Mem:          3.8G       3.7G       124M       5.7M        27M       3.2G

MemTotal:        4016004 kB
MemFree:          113076 kB
Active:           359824 kB
Mem:          3.8G       3.7G       109M       5.7M        27M       3.2G

MemTotal:        4016004 kB
MemFree:          127024 kB
Active:           359828 kB
Mem:          3.8G       3.7G       122M       5.7M        27M       3.2G

MemTotal:        4016004 kB
MemFree:          122212 kB
Active:           359836 kB
Mem:          3.8G       3.7G       117M       5.7M        27M       3.2G

MemTotal:        4016004 kB
MemFree:          106136 kB
Active:           359840 kB
Mem:          3.8G       3.7G       103M       5.7M        27M       3.3G

MemTotal:        4016004 kB
MemFree:          126516 kB
Active:           359800 kB
Mem:          3.8G       3.7G       123M       5.7M        27M       3.2G

MemTotal:        4016004 kB
MemFree:          111312 kB
Active:           359828 kB
Mem:          3.8G       3.7G       106M       5.7M        27M       3.3G

MemTotal:        4016004 kB
MemFree:          124940 kB
Active:           359812 kB
Mem:          3.8G       3.7G       121M       5.7M        27M       3.2G

MemTotal:        4016004 kB
MemFree:          125768 kB
Active:           359808 kB
Mem:          3.8G       3.7G       122M       5.7M        27M       3.2G

MemTotal:        4016004 kB
MemFree:          111460 kB
Active:           359816 kB
Mem:          3.8G       3.7G       108M       5.7M        27M       3.2G

MemTotal:        4016004 kB
MemFree:          112028 kB
Active:           359868 kB
Mem:          3.8G       3.7G       108M       5.7M        27M       3.2G

MemTotal:        4016004 kB
MemFree:          120272 kB
Active:           359860 kB
Mem:          3.8G       3.7G       116M       5.7M        27M       3.2G

MemTotal:        4016004 kB
MemFree:          111148 kB
Active:           359856 kB
Mem:          3.8G       3.7G       108M       5.7M        27M       3.2G

MemTotal:        4016004 kB
MemFree:          116052 kB
Active:           357024 kB
Mem:          3.8G       3.7G       112M       5.7M        27M       3.2G

MemTotal:        4016004 kB
MemFree:          122940 kB
Active:           357040 kB
Mem:          3.8G       3.7G       119M       5.7M        27M       3.2G

MemTotal:        4016004 kB
MemFree:          105340 kB
Active:           357020 kB
Mem:          3.8G       3.7G       102M       5.7M        27M       3.3G

MemTotal:        4016004 kB
MemFree:          125924 kB
Active:           357048 kB
Mem:          3.8G       3.7G       122M       5.7M        27M       3.2G

MemTotal:        4016004 kB
MemFree:          127348 kB
Active:           357048 kB
Mem:          3.8G       3.7G       123M       5.7M        27M       3.2G

MemTotal:        4016004 kB
MemFree:          135240 kB
Active:           357052 kB
Mem:          3.8G       3.7G       131M       5.7M        27M       3.2G

MemTotal:        4016004 kB
MemFree:          131400 kB
Active:           357048 kB
Mem:          3.8G       3.7G       127M       5.7M        27M       3.2G

MemTotal:        4016004 kB
MemFree:          131800 kB
Active:           357064 kB
Mem:          3.8G       3.7G       127M       5.7M        27M       3.2G

MemTotal:        4016004 kB
MemFree:          138540 kB
Active:           357064 kB
Mem:          3.8G       3.7G       134M       5.7M        27M       3.2G

MemTotal:        4016004 kB
MemFree:          130752 kB
Active:           357052 kB
Mem:          3.8G       3.7G       127M       5.7M        27M       3.2G

MemTotal:        4016004 kB
MemFree:          145844 kB
Active:           357076 kB
Mem:          3.8G       3.7G       141M       5.7M        27M       3.2G

MemTotal:        4016004 kB
MemFree:          125632 kB
Active:           357076 kB
Mem:          3.8G       3.7G       122M       5.7M        27M       3.2G

MemTotal:        4016004 kB
MemFree:          125728 kB
Active:           357080 kB
Mem:          3.8G       3.7G       122M       5.7M        27M       3.2G

MemTotal:        4016004 kB
MemFree:          125856 kB
Active:           357036 kB
Mem:          3.8G       3.7G       122M       5.7M        27M       3.2G

MemTotal:        4016004 kB
MemFree:          126524 kB
Active:           357088 kB
Mem:          3.8G       3.7G       121M       5.7M        27M       3.2G

MemTotal:        4016004 kB
MemFree:          146596 kB
Active:           357092 kB
Mem:          3.8G       3.7G       141M       5.7M        27M       3.2G

MemTotal:        4016004 kB
MemFree:          123576 kB
Active:           357096 kB
Mem:          3.8G       3.7G       120M       5.7M        27M       3.2G

MemTotal:        4016004 kB
MemFree:          126828 kB
Active:           357072 kB
Mem:          3.8G       3.7G       122M       5.7M        27M       3.2G

MemTotal:        4016004 kB
MemFree:          132192 kB
Active:           353844 kB
Mem:          3.8G       3.7G       128M       5.7M        27M       3.2G

MemTotal:        4016004 kB
MemFree:          133956 kB
Active:           353864 kB
Mem:          3.8G       3.7G       130M       5.7M        27M       3.2G

MemTotal:        4016004 kB
MemFree:          129236 kB
Active:           353864 kB
Mem:          3.8G       3.7G       125M       5.7M        27M       3.2G

MemTotal:        4016004 kB
MemFree:          119704 kB
Active:           353844 kB
Mem:          3.8G       3.7G       116M       5.7M        27M       3.2G

MemTotal:        4016004 kB
MemFree:          117424 kB
Active:           353836 kB
Mem:          3.8G       3.7G       114M       5.7M        27M       3.2G

MemTotal:        4016004 kB
MemFree:          107576 kB
Active:           353860 kB
Mem:          3.8G       3.7G       104M       5.7M        27M       3.3G

MemTotal:        4016004 kB
MemFree:          114232 kB
Active:           353828 kB
Mem:          3.8G       3.7G       111M       5.7M        27M       3.2G

MemTotal:        4016004 kB
MemFree:          111168 kB
Active:           353884 kB
Mem:          3.8G       3.7G       108M       5.7M        28M       3.2G

MemTotal:        4016004 kB
MemFree:          117116 kB
Active:           353876 kB
Mem:          3.8G       3.7G       113M       5.7M        28M       3.2G

MemTotal:        4016004 kB
MemFree:          119364 kB
Active:           353900 kB
Mem:          3.8G       3.7G       115M       5.7M        28M       3.2G

MemTotal:        4016004 kB
MemFree:          121348 kB
Active:           353876 kB
Mem:          3.8G       3.7G       116M       5.7M        28M       3.2G

MemTotal:        4016004 kB
MemFree:          109828 kB
Active:           355164 kB
Mem:          3.8G       3.7G       106M       5.7M        28M       3.2G

MemTotal:        4016004 kB
MemFree:          125092 kB
Active:           355116 kB
Mem:          3.8G       3.7G       131M       5.7M        28M       3.2G

MemTotal:        4016004 kB
MemFree:          145332 kB
Active:           355164 kB
Mem:          3.8G       3.7G       140M       5.7M        28M       3.2G

MemTotal:        4016004 kB
MemFree:          134448 kB
Active:           355152 kB
Mem:          3.8G       3.7G       130M       5.7M        28M       3.2G

MemTotal:        4016004 kB
MemFree:          124480 kB
Active:           355176 kB
Mem:          3.8G       3.7G       120M       5.7M        28M       3.2G

MemTotal:        4016004 kB
MemFree:          128756 kB
Active:           355176 kB
Mem:          3.8G       3.7G       125M       5.7M        28M       3.2G

MemTotal:        4016004 kB
MemFree:          131404 kB
Active:           355168 kB
Mem:          3.8G       3.7G       127M       5.7M        28M       3.2G

MemTotal:        4016004 kB
MemFree:          133604 kB
Active:           355040 kB
Mem:          3.8G       3.7G       129M       5.7M        28M       3.2G

MemTotal:        4016004 kB
MemFree:          115468 kB
Active:           355072 kB
Mem:          3.8G       3.7G       112M       5.7M        28M       3.2G

MemTotal:        4016004 kB
MemFree:          115688 kB
Active:           355072 kB
Mem:          3.8G       3.7G       112M       5.7M        28M       3.2G

MemTotal:        4016004 kB
MemFree:          115388 kB
Active:           355068 kB
Mem:          3.8G       3.7G       112M       5.7M        28M       3.2G

MemTotal:        4016004 kB
MemFree:          107288 kB
Active:           355080 kB
Mem:          3.8G       3.7G       104M       5.7M        28M       3.2G

MemTotal:        4016004 kB
MemFree:          128376 kB
Active:           353648 kB
Mem:          3.8G       3.7G       124M       5.7M        28M       3.2G

MemTotal:        4016004 kB
MemFree:          132492 kB
Active:           353652 kB
Mem:          3.8G       3.7G       128M       5.7M        28M       3.2G

MemTotal:        4016004 kB
MemFree:          122924 kB
Active:           353664 kB
Mem:          3.8G       3.7G       118M       5.7M        28M       3.2G

MemTotal:        4016004 kB
MemFree:          130144 kB
Active:           353672 kB
Mem:          3.8G       3.7G       126M       5.7M        28M       3.2G

MemTotal:        4016004 kB
MemFree:          119880 kB
Active:           353676 kB
Mem:          3.8G       3.7G       116M       5.7M        28M       3.2G

MemTotal:        4016004 kB
MemFree:          109972 kB
Active:           353676 kB
Mem:          3.8G       3.7G       106M       5.7M        28M       3.2G

MemTotal:        4016004 kB
MemFree:          117564 kB
Active:           353668 kB
Mem:          3.8G       3.7G       114M       5.7M        28M       3.2G

MemTotal:        4016004 kB
MemFree:          130156 kB
Active:           353684 kB
Mem:          3.8G       3.7G       126M       5.7M        28M       3.2G

MemTotal:        4016004 kB
MemFree:          121024 kB
Active:           353692 kB
Mem:          3.8G       3.7G       116M       5.7M        28M       3.2G

MemTotal:        4016004 kB
MemFree:          110388 kB
Active:           353692 kB
Mem:          3.8G       3.7G       107M       5.7M        28M       3.2G

MemTotal:        4016004 kB
MemFree:          143664 kB
Active:           353640 kB
Mem:          3.8G       3.7G       140M       5.7M        28M       3.2G

MemTotal:        4016004 kB
MemFree:          141420 kB
Active:           353704 kB
Mem:          3.8G       3.7G       137M       5.7M        28M       3.2G

MemTotal:        4016004 kB
MemFree:          134788 kB
Active:           353704 kB
Mem:          3.8G       3.7G       131M       5.7M        28M       3.2G

MemTotal:        4016004 kB
MemFree:          135132 kB
Active:           353712 kB
Mem:          3.8G       3.7G       131M       5.7M        28M       3.2G

MemTotal:        4016004 kB
MemFree:          126764 kB
Active:           353724 kB
Mem:          3.8G       3.7G       121M       5.7M        28M       3.2G

MemTotal:        4016004 kB
MemFree:          127388 kB
Active:           353724 kB
Mem:          3.8G       3.7G       123M       5.7M        28M       3.2G

MemTotal:        4016004 kB
MemFree:          105508 kB
Active:           353724 kB
Mem:          3.8G       3.7G       102M       5.7M        28M       3.2G

MemTotal:        4016004 kB
MemFree:          113952 kB
Active:           353724 kB
Mem:          3.8G       3.7G       110M       5.7M        28M       3.2G

MemTotal:        4016004 kB
MemFree:          128060 kB
Active:           353736 kB
Mem:          3.8G       3.7G       124M       5.7M        28M       3.2G

MemTotal:        4016004 kB
MemFree:          124160 kB
Active:           353740 kB
Mem:          3.8G       3.7G       120M       5.7M        28M       3.2G

MemTotal:        4016004 kB
MemFree:          107556 kB
Active:           353740 kB
Mem:          3.8G       3.7G       104M       5.7M        28M       3.2G

MemTotal:        4016004 kB
MemFree:          127880 kB
Active:           353712 kB
Mem:          3.8G       3.7G       123M       5.7M        28M       3.2G

MemTotal:        4016004 kB
MemFree:          118672 kB
Active:           353736 kB
Mem:          3.8G       3.7G       115M       5.7M        28M       3.2G

MemTotal:        4016004 kB
MemFree:          126648 kB
Active:           353728 kB
Mem:          3.8G       3.7G       123M       5.7M        28M       3.2G

MemTotal:        4016004 kB
MemFree:          124636 kB
Active:           353720 kB
Mem:          3.8G       3.7G       120M       5.7M        28M       3.2G

MemTotal:        4016004 kB
MemFree:          108268 kB
Active:           353748 kB
Mem:          3.8G       3.7G       104M       5.7M        28M       3.2G

MemTotal:        4016004 kB
MemFree:          133676 kB
Active:           353760 kB
Mem:          3.8G       3.7G       129M       5.7M        28M       3.2G

MemTotal:        4016004 kB
MemFree:          142480 kB
Active:           353760 kB
Mem:          3.8G       3.7G       138M       5.7M        28M       3.2G

MemTotal:        4016004 kB
MemFree:          132572 kB
Active:           353732 kB
Mem:          3.8G       3.7G       128M       5.7M        28M       3.2G

MemTotal:        4016004 kB
MemFree:          122184 kB
Active:           353768 kB
Mem:          3.8G       3.7G       118M       5.7M        28M       3.2G

MemTotal:        4016004 kB
MemFree:          126164 kB
Active:           353768 kB
Mem:          3.8G       3.7G       122M       5.7M        28M       3.2G

MemTotal:        4016004 kB
MemFree:          118008 kB
Active:           353744 kB
Mem:          3.8G       3.7G       113M       5.7M        28M       3.2G

MemTotal:        4016004 kB
MemFree:          108208 kB
Active:           353772 kB
Mem:          3.8G       3.7G       105M       5.7M        28M       3.2G

MemTotal:        4016004 kB
MemFree:          141300 kB
Active:           353796 kB
Mem:          3.8G       3.7G       136M       5.7M        28M       3.2G

MemTotal:        4016004 kB
MemFree:          128300 kB
Active:           353796 kB
Mem:          3.8G       3.7G       125M       5.7M        28M       3.2G

MemTotal:        4016004 kB
MemFree:          124160 kB
Active:           353788 kB
Mem:          3.8G       3.7G       121M       5.7M        28M       3.2G

MemTotal:        4016004 kB
MemFree:          114364 kB
Active:           353752 kB
Mem:          3.8G       3.7G       110M       5.7M        28M       3.2G

MemTotal:        4016004 kB
MemFree:          105656 kB
Active:           353768 kB
Mem:          3.8G       3.7G       102M       5.7M        28M       3.2G

MemTotal:        4016004 kB
MemFree:          135428 kB
Active:           353800 kB
Mem:          3.8G       3.7G       131M       5.7M        28M       3.2G

MemTotal:        4016004 kB
MemFree:          131760 kB
Active:           353772 kB
Mem:          3.8G       3.7G       131M       5.7M        28M       3.2G

MemTotal:        4016004 kB
MemFree:          125920 kB
Active:           353820 kB
Mem:          3.8G       3.7G       122M       5.7M        28M       3.2G

MemTotal:        4016004 kB
MemFree:          134280 kB
Active:           353684 kB
Mem:          3.8G       3.7G       131M       5.7M        28M       3.2G

MemTotal:        4016004 kB
MemFree:          135316 kB
Active:           353680 kB
Mem:          3.8G       3.7G       131M       5.7M        28M       3.2G

MemTotal:        4016004 kB
MemFree:          142504 kB
Active:           353700 kB
Mem:          3.8G       3.7G       138M       5.7M        28M       3.2G

MemTotal:        4016004 kB
MemFree:          132996 kB
Active:           353700 kB
Mem:          3.8G       3.7G       128M       5.7M        28M       3.2G

MemTotal:        4016004 kB
MemFree:          142700 kB
Active:           353420 kB
Mem:          3.8G       3.7G       139M       5.7M        28M       3.2G

MemTotal:        4016004 kB
MemFree:          143260 kB
Active:           353392 kB
Mem:          3.8G       3.7G       139M       5.7M        28M       3.2G

MemTotal:        4016004 kB
MemFree:          143136 kB
Active:           353400 kB
Mem:          3.8G       3.7G       139M       5.7M        28M       3.2G

MemTotal:        4016004 kB
MemFree:          143012 kB
Active:           353412 kB
Mem:          3.8G       3.7G       139M       5.7M        28M       3.2G

MemTotal:        4016004 kB
MemFree:          143384 kB
Active:           353364 kB
Mem:          3.8G       3.7G       139M       5.7M        28M       3.2G

MemTotal:        4016004 kB
MemFree:          143000 kB
Active:           353364 kB
Mem:          3.8G       3.7G       139M       5.7M        28M       3.2G

MemTotal:        4016004 kB
MemFree:          143032 kB
Active:           353432 kB
Mem:          3.8G       3.7G       139M       5.7M        28M       3.2G

MemTotal:        4016004 kB
MemFree:          143036 kB
Active:           353424 kB
Mem:          3.8G       3.7G       139M       5.7M        28M       3.2G

MemTotal:        4016004 kB
MemFree:          143196 kB
Active:           353420 kB
Mem:          3.8G       3.7G       139M       5.7M        28M       3.2G

MemTotal:        4016004 kB
MemFree:          143228 kB
Active:           353392 kB
Mem:          3.8G       3.7G       139M       5.7M        28M       3.2G

MemTotal:        4016004 kB
MemFree:          143848 kB
Active:           353388 kB
Mem:          3.8G       3.7G       140M       5.7M        28M       3.2G

MemTotal:        4016004 kB
MemFree:          143848 kB
Active:           353404 kB
Mem:          3.8G       3.7G       140M       5.7M        28M       3.2G

MemTotal:        4016004 kB
MemFree:          143724 kB
Active:           353428 kB
Mem:          3.8G       3.7G       140M       5.7M        28M       3.2G

MemTotal:        4016004 kB
MemFree:          143600 kB
Active:           353444 kB
Mem:          3.8G       3.7G       140M       5.7M        28M       3.2G

MemTotal:        4016004 kB
MemFree:          143848 kB
Active:           353436 kB
Mem:          3.8G       3.7G       140M       5.7M        28M       3.2G

MemTotal:        4016004 kB
MemFree:          143724 kB
Active:           353416 kB
Mem:          3.8G       3.7G       140M       5.7M        28M       3.2G

MemTotal:        4016004 kB
MemFree:          143352 kB
Active:           353440 kB
Mem:          3.8G       3.7G       140M       5.7M        28M       3.2G

MemTotal:        4016004 kB
MemFree:          144344 kB
Active:           353396 kB
Mem:          3.8G       3.7G       140M       5.7M        28M       3.2G

MemTotal:        4016004 kB
MemFree:          143848 kB
Active:           353416 kB
Mem:          3.8G       3.7G       140M       5.7M        28M       3.2G

MemTotal:        4016004 kB
MemFree:          143724 kB
Active:           353448 kB
Mem:          3.8G       3.7G       140M       5.7M        28M       3.2G

MemTotal:        4016004 kB
MemFree:          143724 kB
Active:           353468 kB
Mem:          3.8G       3.7G       140M       5.7M        28M       3.2G

MemTotal:        4016004 kB
MemFree:          144096 kB
Active:           353408 kB
Mem:          3.8G       3.7G       140M       5.7M        28M       3.2G

MemTotal:        4016004 kB
MemFree:          144344 kB
Active:           353468 kB
Mem:          3.8G       3.7G       140M       5.7M        28M       3.2G

MemTotal:        4016004 kB
MemFree:          143972 kB
Active:           353436 kB
Mem:          3.8G       3.7G       140M       5.7M        28M       3.2G

MemTotal:        4016004 kB
MemFree:          144096 kB
Active:           353432 kB
Mem:          3.8G       3.7G       140M       5.7M        28M       3.2G

MemTotal:        4016004 kB
MemFree:          144468 kB
Active:           353416 kB
Mem:          3.8G       3.7G       140M       5.7M        28M       3.2G

MemTotal:        4016004 kB
MemFree:          144096 kB
Active:           353440 kB
Mem:          3.8G       3.7G       140M       5.7M        28M       3.2G

MemTotal:        4016004 kB
MemFree:          143848 kB
Active:           353484 kB
Mem:          3.8G       3.7G       140M       5.7M        28M       3.2G

MemTotal:        4016004 kB
MemFree:          143724 kB
Active:           353488 kB
Mem:          3.8G       3.7G       140M       5.7M        28M       3.2G

MemTotal:        4016004 kB
MemFree:          143476 kB
Active:           353472 kB
Mem:          3.8G       3.7G       139M       5.7M        28M       3.2G

MemTotal:        4016004 kB
MemFree:          143600 kB
Active:           353460 kB
Mem:          3.8G       3.7G       140M       5.7M        28M       3.2G

MemTotal:        4016004 kB
MemFree:          143352 kB
Active:           353472 kB
Mem:          3.8G       3.7G       140M       5.7M        28M       3.2G

MemTotal:        4016004 kB
MemFree:          143848 kB
Active:           353476 kB
Mem:          3.8G       3.7G       140M       5.7M        28M       3.2G

MemTotal:        4016004 kB
MemFree:          144220 kB
Active:           353468 kB
Mem:          3.8G       3.7G       140M       5.7M        28M       3.2G

MemTotal:        4016004 kB
MemFree:          143972 kB
Active:           353444 kB
Mem:          3.8G       3.7G       140M       5.7M        28M       3.2G

MemTotal:        4016004 kB
MemFree:          143832 kB
Active:           353512 kB
Mem:          3.8G       3.7G       140M       5.7M        28M       3.2G

MemTotal:        4016004 kB
MemFree:          144204 kB
Active:           353520 kB
Mem:          3.8G       3.7G       140M       5.7M        28M       3.2G

MemTotal:        4016004 kB
MemFree:          143956 kB
Active:           353512 kB
Mem:          3.8G       3.7G       140M       5.7M        28M       3.2G

MemTotal:        4016004 kB
MemFree:          143692 kB
Active:           353532 kB
Mem:          3.8G       3.7G       140M       5.7M        28M       3.2G

MemTotal:        4016004 kB
MemFree:          143444 kB
Active:           353516 kB
Mem:          3.8G       3.7G       140M       5.7M        28M       3.2G

MemTotal:        4016004 kB
MemFree:          143444 kB
Active:           353532 kB
Mem:          3.8G       3.7G       140M       5.7M        28M       3.2G

MemTotal:        4016004 kB
MemFree:          143824 kB
Active:           353516 kB
Mem:          3.8G       3.7G       140M       5.7M        28M       3.2G

MemTotal:        4016004 kB
MemFree:          143700 kB
Active:           353532 kB
Mem:          3.8G       3.7G       140M       5.7M        28M       3.2G

MemTotal:        4016004 kB
MemFree:          143824 kB
Active:           353516 kB
Mem:          3.8G       3.7G       140M       5.7M        28M       3.2G

MemTotal:        4016004 kB
MemFree:          143948 kB
Active:           353496 kB
Mem:          3.8G       3.7G       140M       5.7M        28M       3.2G

MemTotal:        4016004 kB
MemFree:          143824 kB
Active:           353508 kB
Mem:          3.8G       3.7G       140M       5.7M        28M       3.2G

MemTotal:        4016004 kB
MemFree:          143204 kB
Active:           353548 kB
Mem:          3.8G       3.7G       139M       5.7M        28M       3.2G

MemTotal:        4016004 kB
MemFree:          143824 kB
Active:           353528 kB
Mem:          3.8G       3.7G       140M       5.7M        28M       3.2G

MemTotal:        4016004 kB
MemFree:          143824 kB
Active:           353528 kB
Mem:          3.8G       3.7G       140M       5.7M        28M       3.2G

MemTotal:        4016004 kB
MemFree:          143700 kB
Active:           353496 kB
Mem:          3.8G       3.7G       140M       5.7M        28M       3.2G

MemTotal:        4016004 kB
MemFree:          143700 kB
Active:           353520 kB
Mem:          3.8G       3.7G       140M       5.7M        28M       3.2G

MemTotal:        4016004 kB
MemFree:          143080 kB
Active:           353528 kB
Mem:          3.8G       3.7G       139M       5.7M        28M       3.2G

MemTotal:        4016004 kB
MemFree:          142708 kB
Active:           353556 kB
Mem:          3.8G       3.7G       139M       5.7M        28M       3.2G

MemTotal:        4016004 kB
MemFree:          143204 kB
Active:           353524 kB
Mem:          3.8G       3.7G       139M       5.7M        28M       3.2G

MemTotal:        4016004 kB
MemFree:          144584 kB
Active:           351532 kB
Mem:          3.8G       3.7G       141M       5.7M        28M       3.2G

MemTotal:        4016004 kB
MemFree:          144956 kB
Active:           351528 kB
Mem:          3.8G       3.7G       141M       5.7M        28M       3.2G

MemTotal:        4016004 kB
MemFree:          145452 kB
Active:           351536 kB
Mem:          3.8G       3.7G       142M       5.7M        28M       3.2G

MemTotal:        4016004 kB
MemFree:          145824 kB
Active:           351532 kB
Mem:          3.8G       3.7G       142M       5.7M        28M       3.2G

MemTotal:        4016004 kB
MemFree:          145576 kB
Active:           351520 kB
Mem:          3.8G       3.7G       142M       5.7M        28M       3.2G

MemTotal:        4016004 kB
MemFree:          145204 kB
Active:           351540 kB
Mem:          3.8G       3.7G       141M       5.7M        28M       3.2G

MemTotal:        4016004 kB
MemFree:          144956 kB
Active:           351540 kB
Mem:          3.8G       3.7G       141M       5.7M        28M       3.2G

MemTotal:        4016004 kB
MemFree:          145080 kB
Active:           351548 kB
Mem:          3.8G       3.7G       141M       5.7M        28M       3.2G

MemTotal:        4016004 kB
MemFree:          144956 kB
Active:           351520 kB
Mem:          3.8G       3.7G       141M       5.7M        28M       3.2G

MemTotal:        4016004 kB
MemFree:          145204 kB
Active:           351528 kB
Mem:          3.8G       3.7G       142M       5.7M        28M       3.2G

MemTotal:        4016004 kB
MemFree:          145452 kB
Active:           351536 kB
Mem:          3.8G       3.7G       141M       5.7M        28M       3.2G

MemTotal:        4016004 kB
MemFree:          145328 kB
Active:           351564 kB
Mem:          3.8G       3.7G       141M       5.7M        28M       3.2G

MemTotal:        4016004 kB
MemFree:          145576 kB
Active:           351548 kB
Mem:          3.8G       3.7G       142M       5.7M        28M       3.2G

MemTotal:        4016004 kB
MemFree:          145700 kB
Active:           351552 kB
Mem:          3.8G       3.7G       142M       5.7M        28M       3.2G

MemTotal:        4016004 kB
MemFree:          145328 kB
Active:           351544 kB
Mem:          3.8G       3.7G       142M       5.7M        28M       3.2G

MemTotal:        4016004 kB
MemFree:          145452 kB
Active:           351552 kB
Mem:          3.8G       3.7G       142M       5.7M        28M       3.2G

MemTotal:        4016004 kB
MemFree:          145700 kB
Active:           351564 kB
Mem:          3.8G       3.7G       142M       5.7M        28M       3.2G

MemTotal:        4016004 kB
MemFree:          145700 kB
Active:           351532 kB
Mem:          3.8G       3.7G       142M       5.7M        28M       3.2G

MemTotal:        4016004 kB
MemFree:          145576 kB
Active:           351572 kB
Mem:          3.8G       3.7G       142M       5.7M        28M       3.2G

MemTotal:        4016004 kB
MemFree:          145328 kB
Active:           351536 kB
Mem:          3.8G       3.7G       141M       5.7M        28M       3.2G

MemTotal:        4016004 kB
MemFree:          144832 kB
Active:           351572 kB
Mem:          3.8G       3.7G       141M       5.7M        28M       3.2G

MemTotal:        4016004 kB
MemFree:          145080 kB
Active:           351564 kB
Mem:          3.8G       3.7G       141M       5.7M        28M       3.2G

MemTotal:        4016004 kB
MemFree:          145452 kB
Active:           351568 kB
Mem:          3.8G       3.7G       142M       5.7M        28M       3.2G

MemTotal:        4016004 kB
MemFree:          145576 kB
Active:           351560 kB
Mem:          3.8G       3.7G       142M       5.7M        28M       3.2G

MemTotal:        4016004 kB
MemFree:          146072 kB
Active:           351528 kB
Mem:          3.8G       3.7G       142M       5.7M        28M       3.2G

MemTotal:        4016004 kB
MemFree:          146320 kB
Active:           351532 kB
Mem:          3.8G       3.7G       142M       5.7M        28M       3.2G

MemTotal:        4016004 kB
MemFree:          145700 kB
Active:           351584 kB
Mem:          3.8G       3.7G       142M       5.7M        28M       3.2G

MemTotal:        4016004 kB
MemFree:          145452 kB
Active:           351580 kB
Mem:          3.8G       3.7G       142M       5.7M        28M       3.2G

MemTotal:        4016004 kB
MemFree:          145824 kB
Active:           351584 kB
Mem:          3.8G       3.7G       142M       5.7M        28M       3.2G

MemTotal:        4016004 kB
MemFree:          145824 kB
Active:           351580 kB
Mem:          3.8G       3.7G       142M       5.7M        28M       3.2G

MemTotal:        4016004 kB
MemFree:          145824 kB
Active:           351572 kB
Mem:          3.8G       3.7G       142M       5.7M        28M       3.2G

MemTotal:        4016004 kB
MemFree:          145824 kB
Active:           351548 kB
Mem:          3.8G       3.7G       142M       5.7M        28M       3.2G

MemTotal:        4016004 kB
MemFree:          145824 kB
Active:           351576 kB
Mem:          3.8G       3.7G       142M       5.7M        28M       3.2G

MemTotal:        4016004 kB
MemFree:          145204 kB
Active:           351600 kB
Mem:          3.8G       3.7G       142M       5.7M        28M       3.2G

MemTotal:        4016004 kB
MemFree:          145824 kB
Active:           351540 kB
Mem:          3.8G       3.7G       142M       5.7M        28M       3.2G

MemTotal:        4016004 kB
MemFree:          145948 kB
Active:           351584 kB
Mem:          3.8G       3.7G       142M       5.7M        28M       3.2G

MemTotal:        4016004 kB
MemFree:          145948 kB
Active:           351580 kB
Mem:          3.8G       3.7G       142M       5.7M        28M       3.2G

MemTotal:        4016004 kB
MemFree:          146072 kB
Active:           351596 kB
Mem:          3.8G       3.7G       142M       5.7M        28M       3.2G

MemTotal:        4016004 kB
MemFree:          146072 kB
Active:           351552 kB
Mem:          3.8G       3.7G       142M       5.7M        28M       3.2G

MemTotal:        4016004 kB
MemFree:          145700 kB
Active:           351568 kB
Mem:          3.8G       3.7G       142M       5.7M        28M       3.2G

MemTotal:        4016004 kB
MemFree:          145080 kB
Active:           351608 kB
Mem:          3.8G       3.7G       141M       5.7M        28M       3.2G

MemTotal:        4016004 kB
MemFree:          145204 kB
Active:           351608 kB
Mem:          3.8G       3.7G       141M       5.7M        28M       3.2G

MemTotal:        4016004 kB
MemFree:          145452 kB
Active:           351560 kB
Mem:          3.8G       3.7G       142M       5.7M        28M       3.2G

MemTotal:        4016004 kB
MemFree:          145328 kB
Active:           351576 kB
Mem:          3.8G       3.7G       141M       5.7M        28M       3.2G

MemTotal:        4016004 kB
MemFree:          145576 kB
Active:           351600 kB
Mem:          3.8G       3.7G       142M       5.7M        28M       3.2G

MemTotal:        4016004 kB
MemFree:          145948 kB
Active:           351548 kB
Mem:          3.8G       3.7G       142M       5.7M        28M       3.2G

MemTotal:        4016004 kB
MemFree:          145576 kB
Active:           351612 kB
Mem:          3.8G       3.7G       142M       5.7M        28M       3.2G

MemTotal:        4016004 kB
MemFree:          146072 kB
Active:           351580 kB
Mem:          3.8G       3.7G       142M       5.7M        28M       3.2G

MemTotal:        4016004 kB
MemFree:          145452 kB
Active:           351568 kB
Mem:          3.8G       3.7G       141M       5.7M        28M       3.2G

MemTotal:        4016004 kB
MemFree:          145576 kB
Active:           351572 kB
Mem:          3.8G       3.7G       141M       5.7M        28M       3.2G

MemTotal:        4016004 kB
MemFree:          145452 kB
Active:           351612 kB
Mem:          3.8G       3.7G       141M       5.7M        28M       3.2G

MemTotal:        4016004 kB
MemFree:          145328 kB
Active:           351616 kB
Mem:          3.8G       3.7G       141M       5.7M        28M       3.2G

MemTotal:        4016004 kB
MemFree:          145700 kB
Active:           351616 kB
Mem:          3.8G       3.7G       142M       5.7M        28M       3.2G

MemTotal:        4016004 kB
MemFree:          145824 kB
Active:           351612 kB
Mem:          3.8G       3.7G       142M       5.7M        28M       3.2G

MemTotal:        4016004 kB
MemFree:          145948 kB
Active:           351636 kB
Mem:          3.8G       3.7G       142M       5.7M        28M       3.2G

MemTotal:        4016004 kB
MemFree:          145948 kB
Active:           351616 kB
Mem:          3.8G       3.7G       142M       5.7M        28M       3.2G

MemTotal:        4016004 kB
MemFree:          145576 kB
Active:           351632 kB
Mem:          3.8G       3.7G       142M       5.7M        28M       3.2G

MemTotal:        4016004 kB
MemFree:          145948 kB
Active:           351640 kB
Mem:          3.8G       3.7G       142M       5.7M        28M       3.2G

MemTotal:        4016004 kB
MemFree:          146196 kB
Active:           351600 kB
Mem:          3.8G       3.7G       142M       5.7M        28M       3.2G

MemTotal:        4016004 kB
MemFree:          145824 kB
Active:           351600 kB
Mem:          3.8G       3.7G       142M       5.7M        28M       3.2G

MemTotal:        4016004 kB
MemFree:          145948 kB
Active:           351588 kB
Mem:          3.8G       3.7G       142M       5.7M        28M       3.2G

MemTotal:        4016004 kB
MemFree:          145700 kB
Active:           351640 kB
Mem:          3.8G       3.7G       142M       5.7M        28M       3.2G

MemTotal:        4016004 kB
MemFree:          144956 kB
Active:           351656 kB
Mem:          3.8G       3.7G       141M       5.7M        28M       3.2G

MemTotal:        4016004 kB
MemFree:          145080 kB
Active:           351656 kB
Mem:          3.8G       3.7G       141M       5.7M        28M       3.2G

MemTotal:        4016004 kB
MemFree:          145824 kB
Active:           351648 kB
Mem:          3.8G       3.7G       142M       5.7M        28M       3.2G

MemTotal:        4016004 kB
MemFree:          146320 kB
Active:           351604 kB
Mem:          3.8G       3.7G       142M       5.7M        28M       3.2G

MemTotal:        4016004 kB
MemFree:          146072 kB
Active:           351660 kB
Mem:          3.8G       3.7G       142M       5.7M        28M       3.2G

MemTotal:        4016004 kB
MemFree:          145948 kB
Active:           351664 kB
Mem:          3.8G       3.7G       142M       5.7M        28M       3.2G

MemTotal:        4016004 kB
MemFree:          146196 kB
Active:           351648 kB
Mem:          3.8G       3.7G       142M       5.7M        28M       3.2G

MemTotal:        4016004 kB
MemFree:          145948 kB
Active:           351652 kB
Mem:          3.8G       3.7G       142M       5.7M        28M       3.2G

MemTotal:        4016004 kB
MemFree:          145576 kB
Active:           351668 kB
Mem:          3.8G       3.7G       141M       5.7M        28M       3.2G

MemTotal:        4016004 kB
MemFree:          145080 kB
Active:           351668 kB
Mem:          3.8G       3.7G       141M       5.7M        28M       3.2G

MemTotal:        4016004 kB
MemFree:          145576 kB
Active:           351616 kB
Mem:          3.8G       3.7G       141M       5.7M        28M       3.2G

MemTotal:        4016004 kB
MemFree:          145576 kB
Active:           351668 kB
Mem:          3.8G       3.7G       141M       5.7M        28M       3.2G

MemTotal:        4016004 kB
MemFree:          145576 kB
Active:           351616 kB
Mem:          3.8G       3.7G       142M       5.7M        28M       3.2G

MemTotal:        4016004 kB
MemFree:          145700 kB
Active:           351664 kB
Mem:          3.8G       3.7G       141M       5.7M        28M       3.2G

MemTotal:        4016004 kB
MemFree:          145204 kB
Active:           351652 kB
Mem:          3.8G       3.7G       141M       5.7M        28M       3.2G

MemTotal:        4016004 kB
MemFree:          145328 kB
Active:           351660 kB
Mem:          3.8G       3.7G       142M       5.7M        28M       3.2G

MemTotal:        4016004 kB
MemFree:          145576 kB
Active:           351676 kB
Mem:          3.8G       3.7G       142M       5.7M        28M       3.2G

MemTotal:        4016004 kB
MemFree:          146072 kB
Active:           351636 kB
Mem:          3.8G       3.7G       142M       5.7M        28M       3.2G

MemTotal:        4016004 kB
MemFree:          145576 kB
Active:           351688 kB
Mem:          3.8G       3.7G       142M       5.7M        28M       3.2G

MemTotal:        4016004 kB
MemFree:          146196 kB
Active:           351680 kB
Mem:          3.8G       3.7G       142M       5.7M        28M       3.2G

MemTotal:        4016004 kB
MemFree:          146444 kB
Active:           351664 kB
Mem:          3.8G       3.7G       142M       5.7M        28M       3.2G

MemTotal:        4016004 kB
MemFree:          145824 kB
Active:           351688 kB
Mem:          3.8G       3.7G       142M       5.7M        28M       3.2G

MemTotal:        4016004 kB
MemFree:          145948 kB
Active:           351660 kB
Mem:          3.8G       3.7G       142M       5.7M        28M       3.2G

MemTotal:        4016004 kB
MemFree:          146196 kB
Active:           351648 kB
Mem:          3.8G       3.7G       142M       5.7M        28M       3.2G

MemTotal:        4016004 kB
MemFree:          145824 kB
Active:           351692 kB
Mem:          3.8G       3.7G       142M       5.7M        28M       3.2G

MemTotal:        4016004 kB
MemFree:          145948 kB
Active:           351672 kB
Mem:          3.8G       3.7G       142M       5.7M        28M       3.2G

MemTotal:        4016004 kB
MemFree:          143776 kB
Active:           351672 kB
Mem:          3.8G       3.7G       140M       5.7M        28M       3.2G

MemTotal:        4016004 kB
MemFree:          143776 kB
Active:           353724 kB
Mem:          3.8G       3.7G       140M       5.7M        28M       3.2G

MemTotal:        4016004 kB
MemFree:          144148 kB
Active:           353680 kB
Mem:          3.8G       3.7G       140M       5.7M        28M       3.2G

MemTotal:        4016004 kB
MemFree:          143528 kB
Active:           353676 kB
Mem:          3.8G       3.7G       139M       5.7M        28M       3.2G

MemTotal:        4016004 kB
MemFree:          143528 kB
Active:           353712 kB
Mem:          3.8G       3.7G       140M       5.7M        28M       3.2G

MemTotal:        4016004 kB
MemFree:          143528 kB
Active:           353728 kB
Mem:          3.8G       3.7G       140M       5.7M        28M       3.2G

MemTotal:        4016004 kB
MemFree:          143528 kB
Active:           353720 kB
Mem:          3.8G       3.7G       139M       5.7M        28M       3.2G

MemTotal:        4016004 kB
MemFree:          143156 kB
Active:           353732 kB
Mem:          3.8G       3.7G       139M       5.7M        28M       3.2G

MemTotal:        4016004 kB
MemFree:          143404 kB
Active:           353696 kB
Mem:          3.8G       3.7G       139M       5.7M        28M       3.2G

MemTotal:        4016004 kB
MemFree:          143280 kB
Active:           353724 kB
Mem:          3.8G       3.7G       139M       5.7M        28M       3.2G

MemTotal:        4016004 kB
MemFree:          143156 kB
Active:           353728 kB
Mem:          3.8G       3.7G       139M       5.7M        28M       3.2G

MemTotal:        4016004 kB
MemFree:          143156 kB
Active:           353732 kB
Mem:          3.8G       3.7G       139M       5.7M        28M       3.2G

MemTotal:        4016004 kB
MemFree:          143528 kB
Active:           353672 kB
Mem:          3.8G       3.7G       139M       5.7M        28M       3.2G

MemTotal:        4016004 kB
MemFree:          143528 kB
Active:           353728 kB
Mem:          3.8G       3.7G       139M       5.7M        28M       3.2G

MemTotal:        4016004 kB
MemFree:          143652 kB
Active:           353688 kB
Mem:          3.8G       3.7G       140M       5.7M        28M       3.2G

MemTotal:        4016004 kB
MemFree:          143900 kB
Active:           353692 kB
Mem:          3.8G       3.7G       140M       5.7M        28M       3.2G

MemTotal:        4016004 kB
MemFree:          143900 kB
Active:           353712 kB
Mem:          3.8G       3.7G       140M       5.7M        28M       3.2G

MemTotal:        4016004 kB
MemFree:          144024 kB
Active:           353696 kB
Mem:          3.8G       3.7G       140M       5.7M        28M       3.2G

MemTotal:        4016004 kB
MemFree:          143528 kB
Active:           353712 kB
Mem:          3.8G       3.7G       140M       5.7M        28M       3.2G

MemTotal:        4016004 kB
MemFree:          143528 kB
Active:           353712 kB
Mem:          3.8G       3.7G       139M       5.7M        28M       3.2G

MemTotal:        4016004 kB
MemFree:          143280 kB
Active:           353744 kB
Mem:          3.8G       3.7G       139M       5.7M        28M       3.2G

MemTotal:        4016004 kB
MemFree:          143652 kB
Active:           353748 kB
Mem:          3.8G       3.7G       140M       5.7M        28M       3.2G

MemTotal:        4016004 kB
MemFree:          143528 kB
Active:           353704 kB
Mem:          3.8G       3.7G       140M       5.7M        28M       3.2G

MemTotal:        4016004 kB
MemFree:          143404 kB
Active:           353720 kB
Mem:          3.8G       3.7G       140M       5.7M        28M       3.2G

MemTotal:        4016004 kB
MemFree:          143528 kB
Active:           353752 kB
Mem:          3.8G       3.7G       140M       5.7M        28M       3.2G

MemTotal:        4016004 kB
MemFree:          143528 kB
Active:           353768 kB
Mem:          3.8G       3.7G       140M       5.7M        28M       3.2G

MemTotal:        4016004 kB
MemFree:          143900 kB
Active:           353776 kB
Mem:          3.8G       3.7G       140M       5.7M        28M       3.2G

MemTotal:        4016004 kB
MemFree:          144024 kB
Active:           353728 kB
Mem:          3.8G       3.7G       140M       5.7M        28M       3.2G

MemTotal:        4016004 kB
MemFree:          143900 kB
Active:           353768 kB
Mem:          3.8G       3.7G       140M       5.7M        28M       3.2G

MemTotal:        4016004 kB
MemFree:          144040 kB
Active:           353764 kB
Mem:          3.8G       3.7G       140M       5.7M        28M       3.2G

MemTotal:        4016004 kB
MemFree:          144040 kB
Active:           353760 kB
Mem:          3.8G       3.7G       140M       5.7M        28M       3.2G

MemTotal:        4016004 kB
MemFree:          143792 kB
Active:           353760 kB
Mem:          3.8G       3.7G       140M       5.7M        28M       3.2G

MemTotal:        4016004 kB
MemFree:          144040 kB
Active:           353764 kB
Mem:          3.8G       3.7G       140M       5.7M        28M       3.2G

MemTotal:        4016004 kB
MemFree:          144040 kB
Active:           353760 kB
Mem:          3.8G       3.7G       140M       5.7M        28M       3.2G

MemTotal:        4016004 kB
MemFree:          144412 kB
Active:           353732 kB
Mem:          3.8G       3.7G       140M       5.7M        28M       3.2G

MemTotal:        4016004 kB
MemFree:          143916 kB
Active:           353768 kB
Mem:          3.8G       3.7G       140M       5.7M        28M       3.2G

MemTotal:        4016004 kB
MemFree:          144040 kB
Active:           353724 kB
Mem:          3.8G       3.7G       140M       5.7M        28M       3.2G

MemTotal:        4016004 kB
MemFree:          144164 kB
Active:           353760 kB
Mem:          3.8G       3.7G       140M       5.7M        28M       3.2G

MemTotal:        4016004 kB
MemFree:          143792 kB
Active:           353732 kB
Mem:          3.8G       3.7G       140M       5.7M        28M       3.2G

MemTotal:        4016004 kB
MemFree:          143792 kB
Active:           353788 kB
Mem:          3.8G       3.7G       140M       5.7M        28M       3.2G

MemTotal:        4016004 kB
MemFree:          143916 kB
Active:           353784 kB
Mem:          3.8G       3.7G       140M       5.7M        28M       3.2G

MemTotal:        4016004 kB
MemFree:          143544 kB
Active:           353800 kB
Mem:          3.8G       3.7G       139M       5.7M        28M       3.2G

MemTotal:        4016004 kB
MemFree:          143420 kB
Active:           353800 kB
Mem:          3.8G       3.7G       140M       5.7M        28M       3.2G

MemTotal:        4016004 kB
MemFree:          143420 kB
Active:           353796 kB
Mem:          3.8G       3.7G       140M       5.7M        28M       3.2G

MemTotal:        4016004 kB
MemFree:          143296 kB
Active:           353800 kB
Mem:          3.8G       3.7G       139M       5.7M        28M       3.2G

MemTotal:        4016004 kB
MemFree:          143668 kB
Active:           353788 kB
