MemTotal:        4016004 kB
MemFree:         3247992 kB
Active:           412484 kB
Mem:          3.8G       749M       3.1G       5.7M        55M       313M

MemTotal:        4016004 kB
MemFree:         3248484 kB
Active:           412644 kB
Mem:          3.8G       749M       3.1G       5.7M        55M       314M

MemTotal:        4016004 kB
MemFree:         3249088 kB
Active:           412712 kB
Mem:          3.8G       748M       3.1G       5.7M        55M       314M

MemTotal:        4016004 kB
MemFree:         3249072 kB
Active:           412748 kB
Mem:          3.8G       749M       3.1G       5.7M        55M       314M

MemTotal:        4016004 kB
MemFree:         3249056 kB
Active:           412736 kB
Mem:          3.8G       748M       3.1G       5.7M        55M       314M

MemTotal:        4016004 kB
MemFree:         3248792 kB
Active:           412764 kB
Mem:          3.8G       749M       3.1G       5.7M        55M       314M

MemTotal:        4016004 kB
MemFree:         3248960 kB
Active:           412744 kB
Mem:          3.8G       749M       3.1G       5.7M        55M       314M

MemTotal:        4016004 kB
MemFree:         3248820 kB
Active:           412728 kB
Mem:          3.8G       749M       3.1G       5.7M        55M       314M

MemTotal:        4016004 kB
MemFree:         3248928 kB
Active:           412724 kB
Mem:          3.8G       749M       3.1G       5.7M        55M       314M

MemTotal:        4016004 kB
MemFree:         3248416 kB
Active:           412776 kB
Mem:          3.8G       749M       3.1G       5.7M        55M       314M

MemTotal:        4016004 kB
MemFree:         3248896 kB
Active:           412764 kB
Mem:          3.8G       749M       3.1G       5.7M        55M       314M

MemTotal:        4016004 kB
MemFree:         3248276 kB
Active:           412776 kB
Mem:          3.8G       750M       3.1G       5.7M        55M       314M

MemTotal:        4016004 kB
MemFree:         3248012 kB
Active:           412776 kB
Mem:          3.8G       749M       3.1G       5.7M        55M       314M

MemTotal:        4016004 kB
MemFree:         3247984 kB
Active:           412776 kB
Mem:          3.8G       749M       3.1G       5.7M        55M       314M

MemTotal:        4016004 kB
MemFree:         3247860 kB
Active:           412780 kB
Mem:          3.8G       749M       3.1G       5.7M        55M       314M

MemTotal:        4016004 kB
MemFree:         3248356 kB
Active:           412752 kB
Mem:          3.8G       749M       3.1G       5.7M        55M       314M

MemTotal:        4016004 kB
MemFree:         3248016 kB
Active:           412780 kB
Mem:          3.8G       749M       3.1G       5.7M        55M       314M

MemTotal:        4016004 kB
MemFree:         3248264 kB
Active:           412752 kB
Mem:          3.8G       749M       3.1G       5.7M        55M       314M

MemTotal:        4016004 kB
MemFree:         3248264 kB
Active:           412724 kB
Mem:          3.8G       749M       3.1G       5.7M        55M       314M

MemTotal:        4016004 kB
MemFree:         3248140 kB
Active:           412780 kB
Mem:          3.8G       749M       3.1G       5.7M        55M       314M

MemTotal:        4016004 kB
MemFree:         3248016 kB
Active:           412788 kB
Mem:          3.8G       749M       3.1G       5.7M        55M       314M

MemTotal:        4016004 kB
MemFree:         3248140 kB
Active:           412788 kB
Mem:          3.8G       749M       3.1G       5.7M        55M       314M

MemTotal:        4016004 kB
MemFree:         3248760 kB
Active:           412768 kB
Mem:          3.8G       749M       3.1G       5.7M        55M       314M

MemTotal:        4016004 kB
MemFree:         3248760 kB
Active:           412752 kB
Mem:          3.8G       749M       3.1G       5.7M        55M       314M

MemTotal:        4016004 kB
MemFree:         3248372 kB
Active:           412788 kB
Mem:          3.8G       749M       3.1G       5.7M        55M       314M

MemTotal:        4016004 kB
MemFree:         3248604 kB
Active:           412736 kB
Mem:          3.8G       749M       3.1G       5.7M        55M       314M

MemTotal:        4016004 kB
MemFree:         3248340 kB
Active:           412788 kB
Mem:          3.8G       749M       3.1G       5.7M        55M       314M

MemTotal:        4016004 kB
MemFree:         3248312 kB
Active:           412788 kB
Mem:          3.8G       750M       3.1G       5.7M        55M       314M

MemTotal:        4016004 kB
MemFree:         3248064 kB
Active:           412748 kB
Mem:          3.8G       749M       3.1G       5.7M        55M       314M

MemTotal:        4016004 kB
MemFree:         3248188 kB
Active:           412752 kB
Mem:          3.8G       749M       3.1G       5.7M        55M       314M

MemTotal:        4016004 kB
MemFree:         3248312 kB
Active:           412792 kB
Mem:          3.8G       749M       3.1G       5.7M        55M       314M

MemTotal:        4016004 kB
MemFree:         3248560 kB
Active:           412800 kB
Mem:          3.8G       749M       3.1G       5.7M        55M       314M

MemTotal:        4016004 kB
MemFree:         3248940 kB
Active:           412776 kB
Mem:          3.8G       749M       3.1G       5.7M        55M       314M

MemTotal:        4016004 kB
MemFree:         3248428 kB
Active:           412800 kB
Mem:          3.8G       749M       3.1G       5.7M        55M       314M

MemTotal:        4016004 kB
MemFree:         3248908 kB
Active:           412776 kB
Mem:          3.8G       749M       3.1G       5.7M        55M       314M

MemTotal:        4016004 kB
MemFree:         3248768 kB
Active:           412760 kB
Mem:          3.8G       749M       3.1G       5.7M        55M       314M

MemTotal:        4016004 kB
MemFree:         3248504 kB
Active:           412812 kB
Mem:          3.8G       749M       3.1G       5.7M        55M       314M

MemTotal:        4016004 kB
MemFree:         3247992 kB
Active:           412812 kB
Mem:          3.8G       750M       3.1G       5.7M        55M       314M

MemTotal:        4016004 kB
MemFree:         3247852 kB
Active:           412812 kB
Mem:          3.8G       750M       3.1G       5.7M        55M       314M

MemTotal:        4016004 kB
MemFree:         3248472 kB
Active:           412784 kB
Mem:          3.8G       749M       3.1G       5.7M        55M       314M

MemTotal:        4016004 kB
MemFree:         3248148 kB
Active:           412816 kB
Mem:          3.8G       749M       3.1G       5.7M        55M       314M

MemTotal:        4016004 kB
MemFree:         3248272 kB
Active:           412820 kB
Mem:          3.8G       749M       3.1G       5.7M        55M       314M

MemTotal:        4016004 kB
MemFree:         3248520 kB
Active:           412792 kB
Mem:          3.8G       749M       3.1G       5.7M        55M       314M

MemTotal:        4016004 kB
MemFree:         3248148 kB
Active:           412828 kB
Mem:          3.8G       749M       3.1G       5.7M        55M       314M

MemTotal:        4016004 kB
MemFree:         3248644 kB
Active:           412808 kB
Mem:          3.8G       749M       3.1G       5.7M        55M       314M

MemTotal:        4016004 kB
MemFree:         3248768 kB
Active:           412776 kB
Mem:          3.8G       749M       3.1G       5.7M        55M       314M

MemTotal:        4016004 kB
MemFree:         3248704 kB
Active:           410752 kB
Mem:          3.8G       749M       3.1G       5.7M        55M       314M

MemTotal:        4016004 kB
MemFree:         3239176 kB
Active:           420632 kB
Mem:          3.8G       758M       3.1G       5.7M        62M       314M

MemTotal:        4016004 kB
MemFree:         3238620 kB
Active:           420644 kB
Mem:          3.8G       759M       3.1G       5.7M        62M       314M

MemTotal:        4016004 kB
MemFree:         3238976 kB
Active:           420644 kB
Mem:          3.8G       758M       3.1G       5.7M        62M       314M

MemTotal:        4016004 kB
MemFree:         3238588 kB
Active:           420648 kB
Mem:          3.8G       759M       3.1G       5.7M        62M       314M

MemTotal:        4016004 kB
MemFree:         3238696 kB
Active:           420604 kB
Mem:          3.8G       759M       3.1G       5.7M        62M       314M

MemTotal:        4016004 kB
MemFree:         3238916 kB
Active:           420616 kB
Mem:          3.8G       758M       3.1G       5.7M        62M       314M

MemTotal:        4016004 kB
MemFree:         3238916 kB
Active:           420656 kB
Mem:          3.8G       758M       3.1G       5.7M        62M       314M

MemTotal:        4016004 kB
MemFree:         3239412 kB
Active:           420624 kB
Mem:          3.8G       758M       3.1G       5.7M        62M       314M

MemTotal:        4016004 kB
MemFree:         3239040 kB
Active:           420672 kB
Mem:          3.8G       758M       3.1G       5.7M        62M       314M

MemTotal:        4016004 kB
MemFree:         3239420 kB
Active:           420620 kB
Mem:          3.8G       758M       3.1G       5.7M        62M       314M

MemTotal:        4016004 kB
MemFree:         3239048 kB
Active:           420676 kB
Mem:          3.8G       758M       3.1G       5.7M        62M       314M

MemTotal:        4016004 kB
MemFree:         3239420 kB
Active:           420632 kB
Mem:          3.8G       758M       3.1G       5.7M        62M       314M

MemTotal:        4016004 kB
MemFree:         3239372 kB
Active:           420656 kB
Mem:          3.8G       758M       3.1G       5.7M        62M       314M

MemTotal:        4016004 kB
MemFree:         3239356 kB
Active:           420648 kB
Mem:          3.8G       758M       3.1G       5.7M        62M       314M

MemTotal:        4016004 kB
MemFree:         3239092 kB
Active:           420676 kB
Mem:          3.8G       758M       3.1G       5.7M        62M       314M

MemTotal:        4016004 kB
MemFree:         3239172 kB
Active:           420644 kB
Mem:          3.8G       758M       3.1G       5.7M        62M       314M

MemTotal:        4016004 kB
MemFree:         3239296 kB
Active:           420652 kB
Mem:          3.8G       758M       3.1G       5.7M        62M       314M

MemTotal:        4016004 kB
MemFree:         3239420 kB
Active:           420672 kB
Mem:          3.8G       758M       3.1G       5.7M        62M       314M

MemTotal:        4016004 kB
MemFree:         3238924 kB
Active:           420640 kB
Mem:          3.8G       758M       3.1G       5.7M        62M       314M

MemTotal:        4016004 kB
MemFree:         3238924 kB
Active:           420640 kB
Mem:          3.8G       758M       3.1G       5.7M        62M       314M

MemTotal:        4016004 kB
MemFree:         3239048 kB
Active:           420672 kB
Mem:          3.8G       758M       3.1G       5.7M        62M       314M

MemTotal:        4016004 kB
MemFree:         3238908 kB
Active:           420656 kB
Mem:          3.8G       758M       3.1G       5.7M        62M       314M

MemTotal:        4016004 kB
MemFree:         3238644 kB
Active:           420684 kB
Mem:          3.8G       758M       3.1G       5.7M        62M       314M

MemTotal:        4016004 kB
MemFree:         3239000 kB
Active:           420644 kB
Mem:          3.8G       758M       3.1G       5.7M        62M       314M

MemTotal:        4016004 kB
MemFree:         3239356 kB
Active:           420660 kB
Mem:          3.8G       758M       3.1G       5.7M        62M       314M

MemTotal:        4016004 kB
MemFree:         3239092 kB
Active:           420688 kB
Mem:          3.8G       758M       3.1G       5.7M        62M       314M

MemTotal:        4016004 kB
MemFree:         3239464 kB
Active:           420672 kB
Mem:          3.8G       758M       3.1G       5.7M        62M       314M

MemTotal:        4016004 kB
MemFree:         3239092 kB
Active:           420688 kB
Mem:          3.8G       758M       3.1G       5.7M        62M       314M

MemTotal:        4016004 kB
MemFree:         3239264 kB
Active:           420668 kB
Mem:          3.8G       758M       3.1G       5.7M        62M       314M

MemTotal:        4016004 kB
MemFree:         3238952 kB
Active:           418660 kB
Mem:          3.8G       758M       3.1G       5.7M        62M       314M

MemTotal:        4016004 kB
MemFree:         3239324 kB
Active:           420660 kB
Mem:          3.8G       758M       3.1G       5.7M        62M       314M

MemTotal:        4016004 kB
MemFree:         3239572 kB
Active:           420696 kB
Mem:          3.8G       757M       3.1G       5.7M        62M       314M

MemTotal:        4016004 kB
MemFree:         3239820 kB
Active:           420656 kB
Mem:          3.8G       758M       3.1G       5.7M        62M       314M

MemTotal:        4016004 kB
MemFree:         3239696 kB
Active:           420696 kB
Mem:          3.8G       758M       3.1G       5.7M        62M       314M

MemTotal:        4016004 kB
MemFree:         3239324 kB
Active:           420664 kB
Mem:          3.8G       758M       3.1G       5.7M        62M       314M

MemTotal:        4016004 kB
MemFree:         3239448 kB
Active:           420696 kB
Mem:          3.8G       758M       3.1G       5.7M        62M       314M

MemTotal:        4016004 kB
MemFree:         3238936 kB
Active:           420728 kB
Mem:          3.8G       759M       3.1G       5.7M        62M       314M

MemTotal:        4016004 kB
MemFree:         3239168 kB
Active:           420692 kB
Mem:          3.8G       758M       3.1G       5.7M        62M       314M

MemTotal:        4016004 kB
MemFree:         3239028 kB
Active:           420720 kB
Mem:          3.8G       758M       3.1G       5.7M        62M       314M

MemTotal:        4016004 kB
MemFree:         3238844 kB
Active:           420728 kB
Mem:          3.8G       758M       3.1G       5.7M        62M       314M

MemTotal:        4016004 kB
MemFree:         3238720 kB
Active:           420736 kB
Mem:          3.8G       759M       3.1G       5.7M        62M       314M

MemTotal:        4016004 kB
MemFree:         3238844 kB
Active:           420696 kB
Mem:          3.8G       759M       3.1G       5.7M        62M       314M

MemTotal:        4016004 kB
MemFree:         3238844 kB
Active:           420728 kB
Mem:          3.8G       759M       3.1G       5.7M        62M       314M

MemTotal:        4016004 kB
MemFree:         3238844 kB
Active:           420736 kB
Mem:          3.8G       758M       3.1G       5.7M        62M       314M

MemTotal:        4016004 kB
MemFree:         3239092 kB
Active:           420736 kB
Mem:          3.8G       758M       3.1G       5.7M        62M       314M

MemTotal:        4016004 kB
MemFree:         3239076 kB
Active:           420736 kB
Mem:          3.8G       758M       3.1G       5.7M        62M       314M

MemTotal:        4016004 kB
MemFree:         3238688 kB
Active:           420744 kB
Mem:          3.8G       758M       3.1G       5.7M        62M       314M

MemTotal:        4016004 kB
MemFree:         3239044 kB
Active:           420700 kB
Mem:          3.8G       758M       3.1G       5.7M        62M       314M

MemTotal:        4016004 kB
MemFree:         3239292 kB
Active:           420716 kB
Mem:          3.8G       758M       3.1G       5.7M        62M       314M

MemTotal:        4016004 kB
MemFree:         3239016 kB
Active:           418788 kB
Mem:          3.8G       758M       3.1G       5.7M        62M       314M

MemTotal:        4016004 kB
MemFree:         3238940 kB
Active:           420812 kB
Mem:          3.8G       758M       3.1G       5.7M        62M       314M

MemTotal:        4016004 kB
MemFree:         3238940 kB
Active:           420820 kB
Mem:          3.8G       759M       3.1G       5.7M        62M       314M

MemTotal:        4016004 kB
MemFree:         3238940 kB
Active:           420836 kB
Mem:          3.8G       759M       3.1G       5.7M        62M       314M

MemTotal:        4016004 kB
MemFree:         3238628 kB
Active:           420940 kB
Mem:          3.8G       759M       3.1G       5.7M        62M       314M

MemTotal:        4016004 kB
MemFree:         3196340 kB
Active:           421336 kB
Mem:          3.8G       800M       3.0G       5.7M        62M       355M

MemTotal:        4016004 kB
MemFree:         3151200 kB
Active:           421376 kB
Mem:          3.8G       845M       3.0G       5.7M        62M       400M

MemTotal:        4016004 kB
MemFree:         3105224 kB
Active:           421376 kB
Mem:          3.8G       890M       3.0G       5.7M        62M       444M

MemTotal:        4016004 kB
MemFree:         3058868 kB
Active:           421384 kB
Mem:          3.8G       934M       2.9G       5.7M        62M       488M

MemTotal:        4016004 kB
MemFree:         3013248 kB
Active:           421384 kB
Mem:          3.8G       980M       2.9G       5.7M        62M       532M

MemTotal:        4016004 kB
MemFree:         2966276 kB
Active:           419336 kB
Mem:          3.8G       1.0G       2.8G       5.7M        62M       576M

MemTotal:        4016004 kB
MemFree:         2920664 kB
Active:           421392 kB
Mem:          3.8G       1.0G       2.8G       5.7M        62M       620M

MemTotal:        4016004 kB
MemFree:         2876008 kB
Active:           421392 kB
Mem:          3.8G       1.1G       2.7G       5.7M        62M       663M

MemTotal:        4016004 kB
MemFree:         2830044 kB
Active:           421392 kB
Mem:          3.8G       1.1G       2.7G       5.7M        62M       707M

MemTotal:        4016004 kB
MemFree:         2784828 kB
Active:           421432 kB
Mem:          3.8G       1.2G       2.7G       5.7M        62M       751M

MemTotal:        4016004 kB
MemFree:         2740768 kB
Active:           421436 kB
Mem:          3.8G       1.2G       2.6G       5.7M        62M       793M

MemTotal:        4016004 kB
MemFree:         2696528 kB
Active:           421440 kB
Mem:          3.8G       1.3G       2.6G       5.7M        62M       836M

MemTotal:        4016004 kB
MemFree:         2682668 kB
Active:           421456 kB
Mem:          3.8G       1.3G       2.6G       5.7M        62M       849M

MemTotal:        4016004 kB
MemFree:         2681724 kB
Active:           421468 kB
Mem:          3.8G       1.3G       2.6G       5.7M        62M       850M

MemTotal:        4016004 kB
MemFree:         2680596 kB
Active:           421472 kB
Mem:          3.8G       1.3G       2.6G       5.7M        62M       851M

MemTotal:        4016004 kB
MemFree:         2680580 kB
Active:           421504 kB
Mem:          3.8G       1.3G       2.6G       5.7M        62M       851M

MemTotal:        4016004 kB
MemFree:         2641800 kB
Active:           421524 kB
Mem:          3.8G       1.3G       2.5G       5.7M        62M       889M

MemTotal:        4016004 kB
MemFree:         2595980 kB
Active:           421524 kB
Mem:          3.8G       1.4G       2.5G       5.7M        62M       933M

MemTotal:        4016004 kB
MemFree:         2549756 kB
Active:           421524 kB
Mem:          3.8G       1.4G       2.4G       5.7M        62M       977M

MemTotal:        4016004 kB
MemFree:         2504020 kB
Active:           421524 kB
Mem:          3.8G       1.4G       2.4G       5.7M        62M       1.0G

MemTotal:        4016004 kB
MemFree:         2457796 kB
Active:           421524 kB
Mem:          3.8G       1.5G       2.3G       5.7M        62M       1.0G

MemTotal:        4016004 kB
MemFree:         2411680 kB
Active:           421532 kB
Mem:          3.8G       1.5G       2.3G       5.7M        62M       1.1G

MemTotal:        4016004 kB
MemFree:         2365828 kB
Active:           421532 kB
Mem:          3.8G       1.6G       2.3G       5.7M        62M       1.1G

MemTotal:        4016004 kB
MemFree:         2328052 kB
Active:           421532 kB
Mem:          3.8G       1.6G       2.2G       5.7M        62M       1.2G

MemTotal:        4016004 kB
MemFree:         2292460 kB
Active:           421548 kB
Mem:          3.8G       1.6G       2.2G       5.7M        62M       1.2G

MemTotal:        4016004 kB
MemFree:         2246648 kB
Active:           421548 kB
Mem:          3.8G       1.7G       2.1G       5.7M        62M       1.2G

MemTotal:        4016004 kB
MemFree:         2226608 kB
Active:           421556 kB
Mem:          3.8G       1.7G       2.1G       5.7M        62M       1.3G

MemTotal:        4016004 kB
MemFree:         2217236 kB
Active:           421568 kB
Mem:          3.8G       1.7G       2.1G       5.7M        62M       1.3G

MemTotal:        4016004 kB
MemFree:         2171524 kB
Active:           421580 kB
Mem:          3.8G       1.8G       2.1G       5.7M        62M       1.3G

MemTotal:        4016004 kB
MemFree:         2125668 kB
Active:           421580 kB
Mem:          3.8G       1.8G       2.0G       5.7M        62M       1.4G

MemTotal:        4016004 kB
MemFree:         2079984 kB
Active:           421580 kB
Mem:          3.8G       1.8G       2.0G       5.7M        62M       1.4G

MemTotal:        4016004 kB
MemFree:         2034132 kB
Active:           421588 kB
Mem:          3.8G       1.9G       1.9G       5.7M        62M       1.4G

MemTotal:        4016004 kB
MemFree:         1988016 kB
Active:           421588 kB
Mem:          3.8G       1.9G       1.9G       5.7M        62M       1.5G

MemTotal:        4016004 kB
MemFree:         1941544 kB
Active:           421588 kB
Mem:          3.8G       2.0G       1.9G       5.7M        62M       1.5G

MemTotal:        4016004 kB
MemFree:         1895924 kB
Active:           421592 kB
Mem:          3.8G       2.0G       1.8G       5.7M        62M       1.6G

MemTotal:        4016004 kB
MemFree:         1848208 kB
Active:           423624 kB
Mem:          3.8G       2.1G       1.8G       5.7M        62M       1.6G

MemTotal:        4016004 kB
MemFree:         1822200 kB
Active:           423632 kB
Mem:          3.8G       2.1G       1.7G       5.7M        62M       1.6G

MemTotal:        4016004 kB
MemFree:         1777304 kB
Active:           423632 kB
Mem:          3.8G       2.1G       1.7G       5.7M        62M       1.7G

MemTotal:        4016004 kB
MemFree:         1763020 kB
Active:           423648 kB
Mem:          3.8G       2.1G       1.7G       5.7M        62M       1.7G

MemTotal:        4016004 kB
MemFree:         1717292 kB
Active:           423648 kB
Mem:          3.8G       2.2G       1.6G       5.7M        62M       1.7G

MemTotal:        4016004 kB
MemFree:         1671832 kB
Active:           423648 kB
Mem:          3.8G       2.2G       1.6G       5.7M        62M       1.8G

MemTotal:        4016004 kB
MemFree:         1656556 kB
Active:           423648 kB
Mem:          3.8G       2.3G       1.6G       5.7M        62M       1.8G

MemTotal:        4016004 kB
MemFree:         1610208 kB
Active:           423656 kB
Mem:          3.8G       2.3G       1.5G       5.7M        62M       1.8G

MemTotal:        4016004 kB
MemFree:         1563968 kB
Active:           423656 kB
Mem:          3.8G       2.3G       1.5G       5.7M        62M       1.9G

MemTotal:        4016004 kB
MemFree:         1518240 kB
Active:           423660 kB
Mem:          3.8G       2.4G       1.4G       5.7M        62M       1.9G

MemTotal:        4016004 kB
MemFree:         1471876 kB
Active:           423660 kB
Mem:          3.8G       2.4G       1.4G       5.7M        62M       2.0G

MemTotal:        4016004 kB
MemFree:         1426148 kB
Active:           423672 kB
Mem:          3.8G       2.5G       1.4G       5.7M        62M       2.0G

MemTotal:        4016004 kB
MemFree:         1381192 kB
Active:           423684 kB
Mem:          3.8G       2.5G       1.3G       5.7M        62M       2.1G

MemTotal:        4016004 kB
MemFree:         1335296 kB
Active:           423684 kB
Mem:          3.8G       2.6G       1.3G       5.7M        62M       2.1G

MemTotal:        4016004 kB
MemFree:         1325732 kB
Active:           423688 kB
Mem:          3.8G       2.6G       1.3G       5.7M        62M       2.1G

MemTotal:        4016004 kB
MemFree:         1280184 kB
Active:           423700 kB
Mem:          3.8G       2.6G       1.2G       5.7M        62M       2.1G

MemTotal:        4016004 kB
MemFree:         1274092 kB
Active:           423704 kB
Mem:          3.8G       2.6G       1.2G       5.7M        62M       2.2G

MemTotal:        4016004 kB
MemFree:         1272604 kB
Active:           423832 kB
Mem:          3.8G       2.6G       1.2G       5.7M        62M       2.2G

MemTotal:        4016004 kB
MemFree:         1227344 kB
Active:           423716 kB
Mem:          3.8G       2.7G       1.2G       5.7M        62M       2.2G

MemTotal:        4016004 kB
MemFree:         1181616 kB
Active:           423720 kB
Mem:          3.8G       2.7G       1.1G       5.7M        62M       2.2G

MemTotal:        4016004 kB
MemFree:         1135128 kB
Active:           423720 kB
Mem:          3.8G       2.7G       1.1G       5.7M        62M       2.3G

MemTotal:        4016004 kB
MemFree:         1089028 kB
Active:           423728 kB
Mem:          3.8G       2.8G       1.0G       5.7M        62M       2.3G

MemTotal:        4016004 kB
MemFree:         1043284 kB
Active:           423728 kB
Mem:          3.8G       2.8G       1.0G       5.7M        62M       2.4G

MemTotal:        4016004 kB
MemFree:          996812 kB
Active:           423728 kB
Mem:          3.8G       2.9G       973M       5.7M        62M       2.4G

MemTotal:        4016004 kB
MemFree:          977448 kB
Active:           423728 kB
Mem:          3.8G       2.9G       954M       5.7M        62M       2.4G

MemTotal:        4016004 kB
MemFree:          937856 kB
Active:           423740 kB
Mem:          3.8G       2.9G       915M       5.7M        62M       2.5G

MemTotal:        4016004 kB
MemFree:          891712 kB
Active:           423748 kB
Mem:          3.8G       3.0G       870M       5.7M        62M       2.5G

MemTotal:        4016004 kB
MemFree:          845768 kB
Active:           423752 kB
Mem:          3.8G       3.0G       825M       5.7M        62M       2.6G

MemTotal:        4016004 kB
MemFree:          799648 kB
Active:           423800 kB
Mem:          3.8G       3.1G       780M       5.7M        62M       2.6G

MemTotal:        4016004 kB
MemFree:          753860 kB
Active:           423800 kB
Mem:          3.8G       3.1G       735M       5.7M        62M       2.6G

MemTotal:        4016004 kB
MemFree:          707768 kB
Active:           421756 kB
Mem:          3.8G       3.2G       691M       5.7M        62M       2.7G

MemTotal:        4016004 kB
MemFree:          663544 kB
Active:           423812 kB
Mem:          3.8G       3.2G       648M       5.7M        62M       2.7G

MemTotal:        4016004 kB
MemFree:          626248 kB
Active:           423812 kB
Mem:          3.8G       3.2G       611M       5.7M        62M       2.8G

MemTotal:        4016004 kB
MemFree:          590348 kB
Active:           423828 kB
Mem:          3.8G       3.3G       576M       5.7M        62M       2.8G

MemTotal:        4016004 kB
MemFree:          544620 kB
Active:           423828 kB
Mem:          3.8G       3.3G       531M       5.7M        62M       2.8G

MemTotal:        4016004 kB
MemFree:          499664 kB
Active:           423840 kB
Mem:          3.8G       3.4G       487M       5.7M        62M       2.9G

MemTotal:        4016004 kB
MemFree:          454836 kB
Active:           423848 kB
Mem:          3.8G       3.4G       443M       5.7M        62M       2.9G

MemTotal:        4016004 kB
MemFree:          409512 kB
Active:           423848 kB
Mem:          3.8G       3.4G       400M       5.7M        62M       3.0G

MemTotal:        4016004 kB
MemFree:          392336 kB
Active:           423852 kB
Mem:          3.8G       3.5G       383M       5.7M        62M       3.0G

MemTotal:        4016004 kB
MemFree:          391488 kB
Active:           423856 kB
Mem:          3.8G       3.5G       382M       5.7M        62M       3.0G

MemTotal:        4016004 kB
MemFree:          389328 kB
Active:           421844 kB
Mem:          3.8G       3.5G       380M       5.7M        62M       3.0G

MemTotal:        4016004 kB
MemFree:          357712 kB
Active:           423924 kB
Mem:          3.8G       3.5G       349M       5.7M        63M       3.0G

MemTotal:        4016004 kB
MemFree:          312592 kB
Active:           423924 kB
Mem:          3.8G       3.5G       305M       5.7M        63M       3.1G

MemTotal:        4016004 kB
MemFree:          267236 kB
Active:           423752 kB
Mem:          3.8G       3.6G       261M       5.7M        63M       3.1G

MemTotal:        4016004 kB
MemFree:          221020 kB
Active:           423756 kB
Mem:          3.8G       3.6G       215M       5.7M        63M       3.1G

MemTotal:        4016004 kB
MemFree:          175416 kB
Active:           423756 kB
Mem:          3.8G       3.7G       171M       5.7M        63M       3.2G

MemTotal:        4016004 kB
MemFree:          129796 kB
Active:           423760 kB
Mem:          3.8G       3.7G       126M       5.7M        63M       3.2G

MemTotal:        4016004 kB
MemFree:          108496 kB
Active:           419724 kB
Mem:          3.8G       3.7G       104M       5.7M        40M       3.3G

MemTotal:        4016004 kB
MemFree:          119048 kB
Active:           433964 kB
Mem:          3.8G       3.7G       115M       5.7M        27M       3.3G

MemTotal:        4016004 kB
MemFree:          105472 kB
Active:           473072 kB
Mem:          3.8G       3.7G       103M       5.7M        27M       3.3G

MemTotal:        4016004 kB
MemFree:          146116 kB
Active:           477084 kB
Mem:          3.8G       3.7G       137M       5.7M        27M       3.2G

MemTotal:        4016004 kB
MemFree:          106528 kB
Active:           477116 kB
Mem:          3.8G       3.7G       103M       5.7M        27M       3.3G

MemTotal:        4016004 kB
MemFree:          139088 kB
Active:           470984 kB
Mem:          3.8G       3.7G       135M       5.7M        27M       3.3G

MemTotal:        4016004 kB
MemFree:          138656 kB
Active:           470988 kB
Mem:          3.8G       3.7G       135M       5.7M        27M       3.3G

MemTotal:        4016004 kB
MemFree:          138432 kB
Active:           470992 kB
Mem:          3.8G       3.7G       134M       5.7M        27M       3.3G

MemTotal:        4016004 kB
MemFree:          114004 kB
Active:           471020 kB
Mem:          3.8G       3.7G       110M       5.7M        27M       3.3G

MemTotal:        4016004 kB
MemFree:          123956 kB
Active:           467704 kB
Mem:          3.8G       3.7G       120M       5.7M        27M       3.3G

MemTotal:        4016004 kB
MemFree:          131548 kB
Active:           461560 kB
Mem:          3.8G       3.7G       127M       5.7M        27M       3.3G

MemTotal:        4016004 kB
MemFree:          122508 kB
Active:           458108 kB
Mem:          3.8G       3.7G       119M       5.7M        27M       3.3G

MemTotal:        4016004 kB
MemFree:          130100 kB
Active:           451964 kB
Mem:          3.8G       3.7G       125M       5.7M        27M       3.3G

MemTotal:        4016004 kB
MemFree:          117896 kB
Active:           448356 kB
Mem:          3.8G       3.7G       114M       5.7M        27M       3.3G

MemTotal:        4016004 kB
MemFree:          108128 kB
Active:           444908 kB
Mem:          3.8G       3.7G       105M       5.7M        27M       3.3G

MemTotal:        4016004 kB
MemFree:          116316 kB
Active:           437104 kB
Mem:          3.8G       3.7G       112M       5.7M        27M       3.3G

MemTotal:        4016004 kB
MemFree:          129644 kB
Active:           433996 kB
Mem:          3.8G       3.7G       125M       5.7M        27M       3.3G

MemTotal:        4016004 kB
MemFree:          120156 kB
Active:           432856 kB
Mem:          3.8G       3.7G       117M       5.7M        27M       3.3G

MemTotal:        4016004 kB
MemFree:          111764 kB
Active:           429724 kB
Mem:          3.8G       3.7G       108M       5.7M        27M       3.3G

MemTotal:        4016004 kB
MemFree:          108804 kB
Active:           428572 kB
Mem:          3.8G       3.7G       105M       5.7M        27M       3.3G

MemTotal:        4016004 kB
MemFree:          106568 kB
Active:           428584 kB
Mem:          3.8G       3.7G       103M       5.7M        27M       3.3G

MemTotal:        4016004 kB
MemFree:          105340 kB
Active:           428600 kB
Mem:          3.8G       3.7G       102M       5.7M        27M       3.3G

MemTotal:        4016004 kB
MemFree:          135912 kB
Active:           427592 kB
Mem:          3.8G       3.7G       132M       5.7M        27M       3.3G

MemTotal:        4016004 kB
MemFree:          126844 kB
Active:           427480 kB
Mem:          3.8G       3.7G       123M       5.7M        27M       3.3G

MemTotal:        4016004 kB
MemFree:          117636 kB
Active:           426336 kB
Mem:          3.8G       3.7G       114M       5.7M        27M       3.3G

MemTotal:        4016004 kB
MemFree:          107976 kB
Active:           425188 kB
Mem:          3.8G       3.7G       104M       5.7M        27M       3.3G

MemTotal:        4016004 kB
MemFree:          134788 kB
Active:           423012 kB
Mem:          3.8G       3.7G       131M       5.7M        27M       3.3G

MemTotal:        4016004 kB
MemFree:          126012 kB
Active:           421860 kB
Mem:          3.8G       3.7G       122M       5.7M        27M       3.3G

MemTotal:        4016004 kB
MemFree:          128380 kB
Active:           420076 kB
Mem:          3.8G       3.7G       124M       5.7M        27M       3.3G

MemTotal:        4016004 kB
MemFree:          130516 kB
Active:           416576 kB
Mem:          3.8G       3.7G       126M       5.7M        27M       3.3G

MemTotal:        4016004 kB
MemFree:          138092 kB
Active:           414272 kB
Mem:          3.8G       3.7G       134M       5.7M        27M       3.2G

MemTotal:        4016004 kB
MemFree:          109384 kB
Active:           414272 kB
Mem:          3.8G       3.7G       106M       5.7M        27M       3.3G

MemTotal:        4016004 kB
MemFree:          125844 kB
Active:           410648 kB
Mem:          3.8G       3.7G       122M       5.7M        27M       3.3G

MemTotal:        4016004 kB
MemFree:          137128 kB
Active:           409892 kB
Mem:          3.8G       3.7G       134M       5.7M        27M       3.2G

MemTotal:        4016004 kB
MemFree:          125872 kB
Active:           408876 kB
Mem:          3.8G       3.7G       122M       5.7M        27M       3.3G

MemTotal:        4016004 kB
MemFree:          128988 kB
Active:           407340 kB
Mem:          3.8G       3.7G       125M       5.7M        27M       3.3G

MemTotal:        4016004 kB
MemFree:          130304 kB
Active:           405296 kB
Mem:          3.8G       3.7G       126M       5.7M        27M       3.3G

MemTotal:        4016004 kB
MemFree:          121004 kB
Active:           404272 kB
Mem:          3.8G       3.7G       117M       5.7M        27M       3.3G

MemTotal:        4016004 kB
MemFree:          123248 kB
Active:           402492 kB
Mem:          3.8G       3.7G       119M       5.7M        27M       3.3G

MemTotal:        4016004 kB
MemFree:          113364 kB
Active:           399332 kB
Mem:          3.8G       3.7G       109M       5.7M        27M       3.3G

MemTotal:        4016004 kB
MemFree:          127596 kB
Active:           397668 kB
Mem:          3.8G       3.7G       123M       5.7M        27M       3.3G

MemTotal:        4016004 kB
MemFree:          104972 kB
Active:           396260 kB
Mem:          3.8G       3.7G       124M       5.7M        27M       3.3G

MemTotal:        4016004 kB
MemFree:          125632 kB
Active:           394228 kB
Mem:          3.8G       3.7G       122M       5.7M        27M       3.3G

MemTotal:        4016004 kB
MemFree:          128156 kB
Active:           390848 kB
Mem:          3.8G       3.7G       124M       5.7M        27M       3.3G

MemTotal:        4016004 kB
MemFree:          124504 kB
Active:           389456 kB
Mem:          3.8G       3.7G       121M       5.7M        27M       3.3G

MemTotal:        4016004 kB
MemFree:          128156 kB
Active:           388188 kB
Mem:          3.8G       3.7G       124M       5.7M        27M       3.3G

MemTotal:        4016004 kB
MemFree:          124904 kB
Active:           386652 kB
Mem:          3.8G       3.7G       121M       5.7M        27M       3.3G

MemTotal:        4016004 kB
MemFree:          116480 kB
Active:           385632 kB
Mem:          3.8G       3.7G       113M       5.7M        27M       3.3G

MemTotal:        4016004 kB
MemFree:          128420 kB
Active:           384488 kB
Mem:          3.8G       3.7G       124M       5.7M        27M       3.3G

MemTotal:        4016004 kB
MemFree:          107600 kB
Active:           383720 kB
Mem:          3.8G       3.7G       104M       5.7M        27M       3.3G

MemTotal:        4016004 kB
MemFree:          133668 kB
Active:           381544 kB
Mem:          3.8G       3.7G       130M       5.7M        27M       3.3G

MemTotal:        4016004 kB
MemFree:          124504 kB
Active:           380392 kB
Mem:          3.8G       3.7G       121M       5.7M        27M       3.3G

MemTotal:        4016004 kB
MemFree:          126764 kB
Active:           378600 kB
Mem:          3.8G       3.7G       123M       5.7M        27M       3.3G

MemTotal:        4016004 kB
MemFree:          130216 kB
Active:           380736 kB
Mem:          3.8G       3.7G       126M       5.7M        27M       3.3G

MemTotal:        4016004 kB
MemFree:          121172 kB
Active:           379584 kB
Mem:          3.8G       3.7G       117M       5.7M        27M       3.3G

MemTotal:        4016004 kB
MemFree:          120628 kB
Active:           376264 kB
Mem:          3.8G       3.7G       117M       5.7M        27M       3.3G

MemTotal:        4016004 kB
MemFree:          118172 kB
Active:           376288 kB
Mem:          3.8G       3.7G       115M       5.7M        27M       3.3G

MemTotal:        4016004 kB
MemFree:          148304 kB
Active:           374636 kB
Mem:          3.8G       3.7G       144M       5.7M        27M       3.2G

MemTotal:        4016004 kB
MemFree:          147864 kB
Active:           374512 kB
Mem:          3.8G       3.7G       144M       5.7M        27M       3.2G

MemTotal:        4016004 kB
MemFree:          136880 kB
Active:           374512 kB
Mem:          3.8G       3.7G       133M       5.7M        27M       3.2G

MemTotal:        4016004 kB
MemFree:          139652 kB
Active:           373236 kB
Mem:          3.8G       3.7G       135M       5.7M        27M       3.2G

MemTotal:        4016004 kB
MemFree:          129900 kB
Active:           372088 kB
Mem:          3.8G       3.7G       126M       5.7M        27M       3.3G

MemTotal:        4016004 kB
MemFree:          120596 kB
Active:           370936 kB
Mem:          3.8G       3.7G       117M       5.7M        27M       3.3G

MemTotal:        4016004 kB
MemFree:          111196 kB
Active:           368776 kB
Mem:          3.8G       3.7G       107M       5.7M        27M       3.3G

MemTotal:        4016004 kB
MemFree:          125428 kB
Active:           367884 kB
Mem:          3.8G       3.7G       121M       5.7M        27M       3.3G

MemTotal:        4016004 kB
MemFree:          127564 kB
Active:           367884 kB
Mem:          3.8G       3.7G       123M       5.7M        27M       3.3G

MemTotal:        4016004 kB
MemFree:          104792 kB
Active:           367888 kB
Mem:          3.8G       3.7G       124M       5.7M        27M       3.3G

MemTotal:        4016004 kB
MemFree:          119572 kB
Active:           367888 kB
Mem:          3.8G       3.7G       116M       5.7M        27M       3.3G

MemTotal:        4016004 kB
MemFree:          125800 kB
Active:           367900 kB
Mem:          3.8G       3.7G       122M       5.7M        27M       3.3G

MemTotal:        4016004 kB
MemFree:          122628 kB
Active:           367908 kB
Mem:          3.8G       3.7G       118M       5.7M        27M       3.3G

MemTotal:        4016004 kB
MemFree:          106960 kB
Active:           367908 kB
Mem:          3.8G       3.7G       103M       5.7M        27M       3.3G

MemTotal:        4016004 kB
MemFree:          122368 kB
Active:           367908 kB
Mem:          3.8G       3.7G       119M       5.7M        27M       3.3G

MemTotal:        4016004 kB
MemFree:          106900 kB
Active:           367908 kB
Mem:          3.8G       3.7G       103M       5.7M        27M       3.3G

MemTotal:        4016004 kB
MemFree:          127000 kB
Active:           367920 kB
Mem:          3.8G       3.7G       123M       5.7M        27M       3.3G

MemTotal:        4016004 kB
MemFree:          112996 kB
Active:           366752 kB
Mem:          3.8G       3.7G       109M       5.7M        27M       3.3G

MemTotal:        4016004 kB
MemFree:          127244 kB
Active:           366752 kB
Mem:          3.8G       3.7G       123M       5.7M        27M       3.3G

MemTotal:        4016004 kB
MemFree:          116588 kB
Active:           366756 kB
Mem:          3.8G       3.7G       113M       5.7M        27M       3.3G

MemTotal:        4016004 kB
MemFree:          107380 kB
Active:           366768 kB
Mem:          3.8G       3.7G       103M       5.7M        27M       3.3G

MemTotal:        4016004 kB
MemFree:          127760 kB
Active:           366784 kB
Mem:          3.8G       3.7G       124M       5.7M        27M       3.3G

MemTotal:        4016004 kB
MemFree:          116684 kB
Active:           366784 kB
Mem:          3.8G       3.7G       113M       5.7M        27M       3.3G

MemTotal:        4016004 kB
MemFree:          112936 kB
Active:           366800 kB
Mem:          3.8G       3.7G       109M       5.7M        27M       3.3G

MemTotal:        4016004 kB
MemFree:          129308 kB
Active:           365092 kB
Mem:          3.8G       3.7G       126M       5.7M        27M       3.3G

MemTotal:        4016004 kB
MemFree:          112040 kB
Active:           364880 kB
Mem:          3.8G       3.7G       109M       5.7M        27M       3.3G

MemTotal:        4016004 kB
MemFree:          128656 kB
Active:           364888 kB
Mem:          3.8G       3.7G       125M       5.7M        27M       3.3G

MemTotal:        4016004 kB
MemFree:          119012 kB
Active:           364888 kB
Mem:          3.8G       3.7G       115M       5.7M        27M       3.3G

MemTotal:        4016004 kB
MemFree:          109476 kB
Active:           364888 kB
Mem:          3.8G       3.7G       106M       5.7M        27M       3.3G

MemTotal:        4016004 kB
MemFree:          116944 kB
Active:           364888 kB
Mem:          3.8G       3.7G       113M       5.7M        27M       3.3G

MemTotal:        4016004 kB
MemFree:          107904 kB
Active:           364888 kB
Mem:          3.8G       3.7G       104M       5.7M        27M       3.3G

MemTotal:        4016004 kB
MemFree:          134252 kB
Active:           364896 kB
Mem:          3.8G       3.7G       130M       5.7M        27M       3.2G

MemTotal:        4016004 kB
MemFree:          124068 kB
Active:           364896 kB
Mem:          3.8G       3.7G       120M       5.7M        27M       3.3G

MemTotal:        4016004 kB
MemFree:          119560 kB
Active:           366968 kB
Mem:          3.8G       3.7G       116M       5.7M        27M       3.3G

MemTotal:        4016004 kB
MemFree:          106080 kB
Active:           366964 kB
Mem:          3.8G       3.7G       103M       5.7M        27M       3.3G

MemTotal:        4016004 kB
MemFree:          128932 kB
Active:           365952 kB
Mem:          3.8G       3.7G       126M       5.7M        27M       3.3G

MemTotal:        4016004 kB
MemFree:          129408 kB
Active:           365956 kB
Mem:          3.8G       3.7G       126M       5.7M        27M       3.3G

MemTotal:        4016004 kB
MemFree:          123176 kB
Active:           365956 kB
Mem:          3.8G       3.7G       120M       5.7M        27M       3.3G

MemTotal:        4016004 kB
MemFree:          108032 kB
Active:           365964 kB
Mem:          3.8G       3.7G       105M       5.7M        27M       3.3G

MemTotal:        4016004 kB
MemFree:          134472 kB
Active:           365964 kB
Mem:          3.8G       3.7G       130M       5.7M        27M       3.2G

MemTotal:        4016004 kB
MemFree:          135724 kB
Active:           365964 kB
Mem:          3.8G       3.7G       132M       5.7M        27M       3.2G

MemTotal:        4016004 kB
MemFree:          126948 kB
Active:           365824 kB
Mem:          3.8G       3.7G       123M       5.7M        27M       3.3G

MemTotal:        4016004 kB
MemFree:          128960 kB
Active:           365692 kB
Mem:          3.8G       3.7G       125M       5.7M        27M       3.3G

MemTotal:        4016004 kB
MemFree:          137776 kB
Active:           365692 kB
Mem:          3.8G       3.7G       133M       5.7M        27M       3.2G

MemTotal:        4016004 kB
MemFree:          127728 kB
Active:           365692 kB
Mem:          3.8G       3.7G       124M       5.7M        27M       3.3G

MemTotal:        4016004 kB
MemFree:          134736 kB
Active:           365692 kB
Mem:          3.8G       3.7G       131M       5.7M        27M       3.2G

MemTotal:        4016004 kB
MemFree:          134884 kB
Active:           365708 kB
Mem:          3.8G       3.7G       131M       5.7M        27M       3.2G

MemTotal:        4016004 kB
MemFree:          115808 kB
Active:           365708 kB
Mem:          3.8G       3.7G       112M       5.7M        27M       3.3G

MemTotal:        4016004 kB
MemFree:          105976 kB
Active:           365716 kB
Mem:          3.8G       3.7G       103M       5.7M        27M       3.3G

MemTotal:        4016004 kB
MemFree:          132940 kB
Active:           365716 kB
Mem:          3.8G       3.7G       129M       5.7M        27M       3.3G

MemTotal:        4016004 kB
MemFree:          136152 kB
Active:           364384 kB
Mem:          3.8G       3.7G       132M       5.7M        27M       3.2G

MemTotal:        4016004 kB
MemFree:          108492 kB
Active:           364256 kB
Mem:          3.8G       3.7G       105M       5.7M        27M       3.3G

MemTotal:        4016004 kB
MemFree:          134916 kB
Active:           364256 kB
Mem:          3.8G       3.7G       131M       5.7M        27M       3.2G

MemTotal:        4016004 kB
MemFree:          142756 kB
Active:           364256 kB
Mem:          3.8G       3.7G       138M       5.7M        27M       3.2G

MemTotal:        4016004 kB
MemFree:          133484 kB
Active:           364256 kB
Mem:          3.8G       3.7G       130M       5.7M        27M       3.2G

MemTotal:        4016004 kB
MemFree:          128196 kB
Active:           364256 kB
Mem:          3.8G       3.7G       124M       5.7M        27M       3.3G

MemTotal:        4016004 kB
MemFree:          125792 kB
Active:           364276 kB
Mem:          3.8G       3.7G       121M       5.7M        27M       3.3G

MemTotal:        4016004 kB
MemFree:          106584 kB
Active:           364280 kB
Mem:          3.8G       3.7G       103M       5.7M        27M       3.3G

MemTotal:        4016004 kB
MemFree:          132492 kB
Active:           364284 kB
Mem:          3.8G       3.7G       129M       5.7M        27M       3.2G

MemTotal:        4016004 kB
MemFree:          116952 kB
Active:           359820 kB
Mem:          3.8G       3.7G       113M       5.7M        27M       3.3G

MemTotal:        4016004 kB
MemFree:          107436 kB
Active:           359616 kB
Mem:          3.8G       3.7G       104M       5.7M        27M       3.3G

MemTotal:        4016004 kB
MemFree:          144708 kB
Active:           359620 kB
Mem:          3.8G       3.7G       141M       5.7M        27M       3.2G

MemTotal:        4016004 kB
MemFree:          106952 kB
Active:           359624 kB
Mem:          3.8G       3.7G       104M       5.7M        27M       3.3G

MemTotal:        4016004 kB
MemFree:          133516 kB
Active:           359624 kB
Mem:          3.8G       3.7G       129M       5.7M        27M       3.2G

MemTotal:        4016004 kB
MemFree:          105644 kB
Active:           359624 kB
Mem:          3.8G       3.7G       102M       5.7M        27M       3.3G

MemTotal:        4016004 kB
MemFree:          132068 kB
Active:           359628 kB
Mem:          3.8G       3.7G       128M       5.7M        27M       3.2G

MemTotal:        4016004 kB
MemFree:          123044 kB
Active:           359636 kB
Mem:          3.8G       3.7G       119M       5.7M        27M       3.3G

MemTotal:        4016004 kB
MemFree:          138496 kB
Active:           359636 kB
Mem:          3.8G       3.7G       134M       5.7M        27M       3.2G

MemTotal:        4016004 kB
MemFree:          108852 kB
Active:           359636 kB
Mem:          3.8G       3.7G       105M       5.7M        27M       3.3G

MemTotal:        4016004 kB
MemFree:          118292 kB
Active:           357912 kB
Mem:          3.8G       3.7G       115M       5.7M        27M       3.3G

MemTotal:        4016004 kB
MemFree:          127424 kB
Active:           357916 kB
Mem:          3.8G       3.7G       124M       5.7M        27M       3.3G

MemTotal:        4016004 kB
MemFree:          127364 kB
Active:           357928 kB
Mem:          3.8G       3.7G       124M       5.7M        27M       3.3G

MemTotal:        4016004 kB
MemFree:          127272 kB
Active:           357928 kB
Mem:          3.8G       3.7G       124M       5.7M        27M       3.3G

MemTotal:        4016004 kB
MemFree:          117232 kB
Active:           357928 kB
Mem:          3.8G       3.7G       114M       5.7M        27M       3.3G

MemTotal:        4016004 kB
MemFree:          108824 kB
Active:           357944 kB
Mem:          3.8G       3.7G       105M       5.7M        27M       3.3G

MemTotal:        4016004 kB
MemFree:          128924 kB
Active:           357944 kB
Mem:          3.8G       3.7G       125M       5.7M        27M       3.3G

MemTotal:        4016004 kB
MemFree:          107872 kB
Active:           357956 kB
Mem:          3.8G       3.7G       105M       5.7M        27M       3.3G

MemTotal:        4016004 kB
MemFree:          134752 kB
Active:           357956 kB
Mem:          3.8G       3.7G       130M       5.7M        27M       3.2G

MemTotal:        4016004 kB
MemFree:          137920 kB
Active:           357956 kB
Mem:          3.8G       3.7G       133M       5.7M        27M       3.2G

MemTotal:        4016004 kB
MemFree:          140180 kB
Active:           357960 kB
Mem:          3.8G       3.7G       136M       5.7M        27M       3.2G

MemTotal:        4016004 kB
MemFree:          127220 kB
Active:           354168 kB
Mem:          3.8G       3.7G       123M       5.7M        27M       3.3G

MemTotal:        4016004 kB
MemFree:          122048 kB
Active:           354168 kB
Mem:          3.8G       3.7G       118M       5.7M        27M       3.3G

MemTotal:        4016004 kB
MemFree:          136556 kB
Active:           354176 kB
Mem:          3.8G       3.7G       132M       5.7M        27M       3.2G

MemTotal:        4016004 kB
MemFree:          127492 kB
Active:           354176 kB
Mem:          3.8G       3.7G       123M       5.7M        27M       3.3G

MemTotal:        4016004 kB
MemFree:          126808 kB
Active:           354176 kB
Mem:          3.8G       3.7G       123M       5.7M        27M       3.3G

MemTotal:        4016004 kB
MemFree:          123792 kB
Active:           354188 kB
Mem:          3.8G       3.7G       120M       5.7M        27M       3.3G

MemTotal:        4016004 kB
MemFree:          104392 kB
Active:           354200 kB
Mem:          3.8G       3.7G       111M       5.7M        27M       3.3G

MemTotal:        4016004 kB
MemFree:          129128 kB
Active:           354204 kB
Mem:          3.8G       3.7G       126M       5.7M        27M       3.3G

MemTotal:        4016004 kB
MemFree:          105852 kB
Active:           354204 kB
Mem:          3.8G       3.7G       102M       5.7M        27M       3.3G

MemTotal:        4016004 kB
MemFree:          123400 kB
Active:           354212 kB
Mem:          3.8G       3.7G       120M       5.7M        27M       3.3G

MemTotal:        4016004 kB
MemFree:          127716 kB
Active:           354216 kB
Mem:          3.8G       3.7G       123M       5.7M        27M       3.3G

MemTotal:        4016004 kB
MemFree:          124288 kB
Active:           354216 kB
Mem:          3.8G       3.7G       120M       5.7M        27M       3.3G

MemTotal:        4016004 kB
MemFree:          104900 kB
Active:           352848 kB
Mem:          3.8G       3.7G       124M       5.7M        27M       3.3G

MemTotal:        4016004 kB
MemFree:          121216 kB
Active:           352776 kB
Mem:          3.8G       3.7G       118M       5.7M        27M       3.3G

MemTotal:        4016004 kB
MemFree:          128224 kB
Active:           352776 kB
Mem:          3.8G       3.7G       124M       5.7M        27M       3.3G

MemTotal:        4016004 kB
MemFree:          124968 kB
Active:           352776 kB
Mem:          3.8G       3.7G       121M       5.7M        27M       3.3G

MemTotal:        4016004 kB
MemFree:          110540 kB
Active:           352776 kB
Mem:          3.8G       3.7G       108M       5.7M        27M       3.3G

MemTotal:        4016004 kB
MemFree:          105580 kB
Active:           352788 kB
Mem:          3.8G       3.7G       103M       5.7M        27M       3.3G

MemTotal:        4016004 kB
MemFree:          105852 kB
Active:           352788 kB
Mem:          3.8G       3.7G       103M       5.7M        27M       3.3G

MemTotal:        4016004 kB
MemFree:          106044 kB
Active:           352788 kB
Mem:          3.8G       3.7G       103M       5.7M        27M       3.3G

MemTotal:        4016004 kB
MemFree:          114608 kB
Active:           352788 kB
Mem:          3.8G       3.7G       111M       5.7M        28M       3.3G

MemTotal:        4016004 kB
MemFree:          105540 kB
Active:           352796 kB
Mem:          3.8G       3.7G       103M       5.7M        28M       3.3G

MemTotal:        4016004 kB
MemFree:          107800 kB
Active:           352808 kB
Mem:          3.8G       3.7G       105M       5.7M        28M       3.3G

MemTotal:        4016004 kB
MemFree:          112276 kB
Active:           352808 kB
Mem:          3.8G       3.7G       109M       5.7M        28M       3.3G

MemTotal:        4016004 kB
MemFree:          120736 kB
Active:           352812 kB
Mem:          3.8G       3.7G       117M       5.7M        28M       3.3G

MemTotal:        4016004 kB
MemFree:          112192 kB
Active:           352816 kB
Mem:          3.8G       3.7G       109M       5.7M        28M       3.3G

MemTotal:        4016004 kB
MemFree:          115184 kB
Active:           351232 kB
Mem:          3.8G       3.7G       111M       5.7M        28M       3.3G

MemTotal:        4016004 kB
MemFree:          106180 kB
Active:           351240 kB
Mem:          3.8G       3.7G       102M       5.7M        28M       3.3G

MemTotal:        4016004 kB
MemFree:          133372 kB
Active:           351240 kB
Mem:          3.8G       3.7G       129M       5.7M        28M       3.2G

MemTotal:        4016004 kB
MemFree:          127168 kB
Active:           351264 kB
Mem:          3.8G       3.7G       123M       5.7M        28M       3.3G

MemTotal:        4016004 kB
MemFree:          118184 kB
Active:           351264 kB
Mem:          3.8G       3.7G       114M       5.7M        28M       3.3G

MemTotal:        4016004 kB
MemFree:          108648 kB
Active:           351264 kB
Mem:          3.8G       3.7G       105M       5.7M        28M       3.3G

MemTotal:        4016004 kB
MemFree:          127484 kB
Active:           351272 kB
Mem:          3.8G       3.7G       124M       5.7M        28M       3.3G

MemTotal:        4016004 kB
MemFree:          134700 kB
Active:           351284 kB
Mem:          3.8G       3.7G       132M       5.7M        28M       3.2G

MemTotal:        4016004 kB
MemFree:          127280 kB
Active:           351284 kB
Mem:          3.8G       3.7G       124M       5.7M        28M       3.2G

MemTotal:        4016004 kB
MemFree:          109088 kB
Active:           351284 kB
Mem:          3.8G       3.7G       106M       5.7M        28M       3.3G

MemTotal:        4016004 kB
MemFree:          130220 kB
Active:           351284 kB
Mem:          3.8G       3.7G       126M       5.7M        28M       3.2G

MemTotal:        4016004 kB
MemFree:          122056 kB
Active:           350108 kB
Mem:          3.8G       3.7G       118M       5.7M        28M       3.3G

MemTotal:        4016004 kB
MemFree:          129820 kB
Active:           349976 kB
Mem:          3.8G       3.7G       126M       5.7M        28M       3.2G

MemTotal:        4016004 kB
MemFree:          120380 kB
Active:           349976 kB
Mem:          3.8G       3.7G       116M       5.7M        28M       3.3G

MemTotal:        4016004 kB
MemFree:          110656 kB
Active:           349980 kB
Mem:          3.8G       3.7G       107M       5.7M        28M       3.3G

MemTotal:        4016004 kB
MemFree:          113340 kB
Active:           349980 kB
Mem:          3.8G       3.7G       110M       5.7M        28M       3.3G

MemTotal:        4016004 kB
MemFree:          147968 kB
Active:           349996 kB
Mem:          3.8G       3.7G       144M       5.7M        28M       3.2G

MemTotal:        4016004 kB
MemFree:          123528 kB
Active:           350004 kB
Mem:          3.8G       3.7G       120M       5.7M        28M       3.3G

MemTotal:        4016004 kB
MemFree:          147660 kB
Active:           350020 kB
Mem:          3.8G       3.7G       143M       5.7M        28M       3.2G

MemTotal:        4016004 kB
MemFree:          126072 kB
Active:           350020 kB
Mem:          3.8G       3.7G       122M       5.7M        28M       3.2G

MemTotal:        4016004 kB
MemFree:          128992 kB
Active:           350020 kB
Mem:          3.8G       3.7G       125M       5.7M        28M       3.2G

MemTotal:        4016004 kB
MemFree:          124580 kB
Active:           350020 kB
Mem:          3.8G       3.7G       122M       5.7M        28M       3.3G

MemTotal:        4016004 kB
MemFree:          118232 kB
Active:           350028 kB
Mem:          3.8G       3.7G       123M       5.7M        28M       3.2G

MemTotal:        4016004 kB
MemFree:          127472 kB
Active:           350028 kB
Mem:          3.8G       3.7G       124M       5.7M        28M       3.2G

MemTotal:        4016004 kB
MemFree:          125700 kB
Active:           348028 kB
Mem:          3.8G       3.7G       122M       5.7M        28M       3.3G

MemTotal:        4016004 kB
MemFree:          131440 kB
Active:           347896 kB
Mem:          3.8G       3.7G       127M       5.7M        28M       3.2G

MemTotal:        4016004 kB
MemFree:          109664 kB
Active:           347896 kB
Mem:          3.8G       3.7G       106M       5.7M        28M       3.3G

MemTotal:        4016004 kB
MemFree:          125468 kB
Active:           347904 kB
Mem:          3.8G       3.7G       121M       5.7M        28M       3.3G

MemTotal:        4016004 kB
MemFree:          128744 kB
Active:           347908 kB
Mem:          3.8G       3.7G       125M       5.7M        28M       3.2G

MemTotal:        4016004 kB
MemFree:          125936 kB
Active:           347920 kB
Mem:          3.8G       3.7G       122M       5.7M        28M       3.2G

MemTotal:        4016004 kB
MemFree:          118352 kB
Active:           347932 kB
Mem:          3.8G       3.7G       115M       5.7M        28M       3.3G

MemTotal:        4016004 kB
MemFree:          113384 kB
Active:           347932 kB
Mem:          3.8G       3.7G       110M       5.7M        28M       3.3G

MemTotal:        4016004 kB
MemFree:          110000 kB
Active:           347936 kB
Mem:          3.8G       3.7G       106M       5.7M        28M       3.3G

MemTotal:        4016004 kB
MemFree:          116504 kB
Active:           347940 kB
Mem:          3.8G       3.7G       113M       5.7M        28M       3.3G

MemTotal:        4016004 kB
MemFree:          112272 kB
Active:           347940 kB
Mem:          3.8G       3.7G       109M       5.7M        28M       3.3G

MemTotal:        4016004 kB
MemFree:          133964 kB
Active:           347940 kB
Mem:          3.8G       3.7G       130M       5.7M        28M       3.2G

MemTotal:        4016004 kB
MemFree:          127024 kB
Active:           347944 kB
Mem:          3.8G       3.7G       124M       5.7M        28M       3.2G

MemTotal:        4016004 kB
MemFree:          119188 kB
Active:           347948 kB
Mem:          3.8G       3.7G       115M       5.7M        28M       3.3G

MemTotal:        4016004 kB
MemFree:          109916 kB
Active:           347948 kB
Mem:          3.8G       3.7G       106M       5.7M        28M       3.3G

MemTotal:        4016004 kB
MemFree:          116620 kB
Active:           347948 kB
Mem:          3.8G       3.7G       114M       5.7M        28M       3.3G

MemTotal:        4016004 kB
MemFree:          126228 kB
Active:           347948 kB
Mem:          3.8G       3.7G       123M       5.7M        28M       3.2G

MemTotal:        4016004 kB
MemFree:          125352 kB
Active:           347960 kB
Mem:          3.8G       3.7G       122M       5.7M        28M       3.2G

MemTotal:        4016004 kB
MemFree:          111096 kB
Active:           348084 kB
Mem:          3.8G       3.7G       108M       5.7M        28M       3.3G

MemTotal:        4016004 kB
MemFree:          122328 kB
Active:           346464 kB
Mem:          3.8G       3.7G       119M       5.7M        28M       3.3G

MemTotal:        4016004 kB
MemFree:          108624 kB
Active:           346344 kB
Mem:          3.8G       3.7G       105M       5.7M        28M       3.3G

MemTotal:        4016004 kB
MemFree:          128412 kB
Active:           346344 kB
Mem:          3.8G       3.7G       125M       5.7M        28M       3.2G

MemTotal:        4016004 kB
MemFree:          120976 kB
Active:           346348 kB
Mem:          3.8G       3.7G       118M       5.7M        28M       3.3G

MemTotal:        4016004 kB
MemFree:          111976 kB
Active:           346356 kB
Mem:          3.8G       3.7G       109M       5.7M        28M       3.3G

MemTotal:        4016004 kB
MemFree:          116144 kB
Active:           346360 kB
Mem:          3.8G       3.7G       112M       5.7M        28M       3.3G

MemTotal:        4016004 kB
MemFree:          131672 kB
Active:           346360 kB
Mem:          3.8G       3.7G       128M       5.7M        28M       3.2G

MemTotal:        4016004 kB
MemFree:          152012 kB
Active:           346360 kB
Mem:          3.8G       3.7G       147M       5.7M        28M       3.2G

MemTotal:        4016004 kB
MemFree:          124732 kB
Active:           346368 kB
Mem:          3.8G       3.7G       121M       5.7M        28M       3.3G

MemTotal:        4016004 kB
MemFree:          115136 kB
Active:           346384 kB
Mem:          3.8G       3.7G       111M       5.7M        28M       3.3G

MemTotal:        4016004 kB
MemFree:          105000 kB
Active:           346392 kB
Mem:          3.8G       3.7G       102M       5.7M        28M       3.3G

MemTotal:        4016004 kB
MemFree:          133184 kB
Active:           346276 kB
Mem:          3.8G       3.7G       129M       5.7M        28M       3.2G

MemTotal:        4016004 kB
MemFree:          135004 kB
Active:           346276 kB
Mem:          3.8G       3.7G       131M       5.7M        28M       3.2G

MemTotal:        4016004 kB
MemFree:          134336 kB
Active:           346280 kB
Mem:          3.8G       3.7G       130M       5.7M        28M       3.2G

MemTotal:        4016004 kB
MemFree:          132360 kB
Active:           346288 kB
Mem:          3.8G       3.7G       128M       5.7M        28M       3.2G

MemTotal:        4016004 kB
MemFree:          128792 kB
Active:           346292 kB
Mem:          3.8G       3.7G       125M       5.7M        28M       3.2G

MemTotal:        4016004 kB
MemFree:          131052 kB
Active:           346292 kB
Mem:          3.8G       3.7G       126M       5.7M        28M       3.2G

MemTotal:        4016004 kB
MemFree:          114404 kB
Active:           346000 kB
Mem:          3.8G       3.7G       111M       5.7M        28M       3.3G

MemTotal:        4016004 kB
MemFree:          114188 kB
Active:           345988 kB
Mem:          3.8G       3.7G       111M       5.7M        28M       3.3G

MemTotal:        4016004 kB
MemFree:          114188 kB
Active:           345996 kB
Mem:          3.8G       3.7G       111M       5.7M        28M       3.3G

MemTotal:        4016004 kB
MemFree:          114188 kB
Active:           345996 kB
Mem:          3.8G       3.7G       111M       5.7M        28M       3.3G

MemTotal:        4016004 kB
MemFree:          114188 kB
Active:           345996 kB
Mem:          3.8G       3.7G       111M       5.7M        28M       3.3G

MemTotal:        4016004 kB
MemFree:          114312 kB
Active:           345996 kB
Mem:          3.8G       3.7G       111M       5.7M        28M       3.3G

MemTotal:        4016004 kB
MemFree:          114312 kB
Active:           345996 kB
Mem:          3.8G       3.7G       111M       5.7M        28M       3.3G

MemTotal:        4016004 kB
MemFree:          114188 kB
Active:           345996 kB
Mem:          3.8G       3.7G       111M       5.7M        28M       3.3G

MemTotal:        4016004 kB
MemFree:          114188 kB
Active:           346000 kB
Mem:          3.8G       3.7G       111M       5.7M        28M       3.3G

MemTotal:        4016004 kB
MemFree:          114188 kB
Active:           346004 kB
Mem:          3.8G       3.7G       111M       5.7M        28M       3.3G

MemTotal:        4016004 kB
MemFree:          114188 kB
Active:           346004 kB
Mem:          3.8G       3.7G       111M       5.7M        28M       3.3G

MemTotal:        4016004 kB
MemFree:          114064 kB
Active:           346004 kB
Mem:          3.8G       3.7G       111M       5.7M        28M       3.3G

MemTotal:        4016004 kB
MemFree:          114064 kB
Active:           346004 kB
Mem:          3.8G       3.7G       111M       5.7M        28M       3.3G

MemTotal:        4016004 kB
MemFree:          114188 kB
Active:           346004 kB
Mem:          3.8G       3.7G       111M       5.7M        28M       3.3G

MemTotal:        4016004 kB
MemFree:          114188 kB
Active:           346012 kB
Mem:          3.8G       3.7G       111M       5.7M        28M       3.3G

MemTotal:        4016004 kB
MemFree:          114188 kB
Active:           346012 kB
Mem:          3.8G       3.7G       111M       5.7M        28M       3.3G

MemTotal:        4016004 kB
MemFree:          114188 kB
Active:           346012 kB
Mem:          3.8G       3.7G       111M       5.7M        28M       3.3G

MemTotal:        4016004 kB
MemFree:          114188 kB
Active:           346012 kB
Mem:          3.8G       3.7G       111M       5.7M        28M       3.3G

MemTotal:        4016004 kB
MemFree:          114188 kB
Active:           346012 kB
Mem:          3.8G       3.7G       111M       5.7M        28M       3.3G

MemTotal:        4016004 kB
MemFree:          114064 kB
Active:           346012 kB
Mem:          3.8G       3.7G       111M       5.7M        28M       3.3G

MemTotal:        4016004 kB
MemFree:          114064 kB
Active:           346012 kB
Mem:          3.8G       3.7G       111M       5.7M        28M       3.3G

MemTotal:        4016004 kB
MemFree:          114188 kB
Active:           346012 kB
Mem:          3.8G       3.7G       111M       5.7M        28M       3.3G

MemTotal:        4016004 kB
MemFree:          114188 kB
Active:           346016 kB
Mem:          3.8G       3.7G       111M       5.7M        28M       3.3G

MemTotal:        4016004 kB
MemFree:          114028 kB
Active:           346024 kB
Mem:          3.8G       3.7G       111M       5.7M        28M       3.3G

MemTotal:        4016004 kB
MemFree:          113968 kB
Active:           346028 kB
Mem:          3.8G       3.7G       111M       5.7M        28M       3.3G

MemTotal:        4016004 kB
MemFree:          113960 kB
Active:           346036 kB
Mem:          3.8G       3.7G       111M       5.7M        28M       3.3G

MemTotal:        4016004 kB
MemFree:          114096 kB
Active:           346036 kB
Mem:          3.8G       3.7G       111M       5.7M        28M       3.3G

MemTotal:        4016004 kB
MemFree:          114316 kB
Active:           346036 kB
Mem:          3.8G       3.7G       111M       5.7M        28M       3.3G

MemTotal:        4016004 kB
MemFree:          114316 kB
Active:           346036 kB
Mem:          3.8G       3.7G       111M       5.7M        28M       3.3G

MemTotal:        4016004 kB
MemFree:          114192 kB
Active:           346044 kB
Mem:          3.8G       3.7G       111M       5.7M        28M       3.3G

MemTotal:        4016004 kB
MemFree:          114068 kB
Active:           346044 kB
Mem:          3.8G       3.7G       111M       5.7M        28M       3.3G

MemTotal:        4016004 kB
MemFree:          114068 kB
Active:           346044 kB
Mem:          3.8G       3.7G       111M       5.7M        28M       3.3G

MemTotal:        4016004 kB
MemFree:          114192 kB
Active:           346044 kB
Mem:          3.8G       3.7G       111M       5.7M        28M       3.3G

MemTotal:        4016004 kB
MemFree:          114192 kB
Active:           346044 kB
Mem:          3.8G       3.7G       111M       5.7M        28M       3.3G

MemTotal:        4016004 kB
MemFree:          114192 kB
Active:           346044 kB
Mem:          3.8G       3.7G       111M       5.7M        28M       3.3G

MemTotal:        4016004 kB
MemFree:          114192 kB
Active:           346056 kB
Mem:          3.8G       3.7G       111M       5.7M        28M       3.3G

MemTotal:        4016004 kB
MemFree:          114192 kB
Active:           346056 kB
Mem:          3.8G       3.7G       111M       5.7M        28M       3.3G

MemTotal:        4016004 kB
MemFree:          114192 kB
Active:           346060 kB
Mem:          3.8G       3.7G       111M       5.7M        28M       3.3G

MemTotal:        4016004 kB
MemFree:          114192 kB
Active:           346060 kB
Mem:          3.8G       3.7G       111M       5.7M        28M       3.3G

MemTotal:        4016004 kB
MemFree:          114068 kB
Active:           346060 kB
Mem:          3.8G       3.7G       111M       5.7M        28M       3.3G

MemTotal:        4016004 kB
MemFree:          114068 kB
Active:           346060 kB
Mem:          3.8G       3.7G       111M       5.7M        28M       3.3G

MemTotal:        4016004 kB
MemFree:          114068 kB
Active:           346064 kB
Mem:          3.8G       3.7G       111M       5.7M        28M       3.3G

MemTotal:        4016004 kB
MemFree:          114068 kB
Active:           346064 kB
Mem:          3.8G       3.7G       111M       5.7M        28M       3.3G

MemTotal:        4016004 kB
MemFree:          114052 kB
Active:           346072 kB
Mem:          3.8G       3.7G       111M       5.7M        28M       3.3G

MemTotal:        4016004 kB
MemFree:          114176 kB
Active:           346076 kB
Mem:          3.8G       3.7G       111M       5.7M        28M       3.3G

MemTotal:        4016004 kB
MemFree:          114176 kB
Active:           346076 kB
Mem:          3.8G       3.7G       111M       5.7M        28M       3.3G

MemTotal:        4016004 kB
MemFree:          114052 kB
Active:           346076 kB
Mem:          3.8G       3.7G       111M       5.7M        28M       3.3G

MemTotal:        4016004 kB
MemFree:          114052 kB
Active:           346080 kB
Mem:          3.8G       3.7G       111M       5.7M        28M       3.3G

MemTotal:        4016004 kB
MemFree:          114052 kB
Active:           346080 kB
Mem:          3.8G       3.7G       111M       5.7M        28M       3.3G

MemTotal:        4016004 kB
MemFree:          114052 kB
Active:           346084 kB
Mem:          3.8G       3.7G       111M       5.7M        28M       3.3G

MemTotal:        4016004 kB
MemFree:          114176 kB
Active:           346088 kB
Mem:          3.8G       3.7G       111M       5.7M        28M       3.3G

MemTotal:        4016004 kB
MemFree:          114052 kB
Active:           346092 kB
Mem:          3.8G       3.7G       111M       5.7M        28M       3.3G

MemTotal:        4016004 kB
MemFree:          114052 kB
Active:           346092 kB
Mem:          3.8G       3.7G       111M       5.7M        28M       3.3G

MemTotal:        4016004 kB
MemFree:          114176 kB
Active:           346092 kB
Mem:          3.8G       3.7G       111M       5.7M        28M       3.3G

MemTotal:        4016004 kB
MemFree:          113928 kB
Active:           346092 kB
Mem:          3.8G       3.7G       111M       5.7M        28M       3.3G

MemTotal:        4016004 kB
MemFree:          114052 kB
Active:           346104 kB
Mem:          3.8G       3.7G       111M       5.7M        28M       3.3G

MemTotal:        4016004 kB
MemFree:          114068 kB
Active:           346104 kB
Mem:          3.8G       3.7G       111M       5.7M        28M       3.3G

MemTotal:        4016004 kB
MemFree:          114068 kB
Active:           346104 kB
Mem:          3.8G       3.7G       111M       5.7M        28M       3.3G

MemTotal:        4016004 kB
MemFree:          114068 kB
Active:           346104 kB
Mem:          3.8G       3.7G       111M       5.7M        28M       3.3G

MemTotal:        4016004 kB
MemFree:          114068 kB
Active:           346108 kB
Mem:          3.8G       3.7G       111M       5.7M        28M       3.3G

MemTotal:        4016004 kB
MemFree:          114068 kB
Active:           346116 kB
Mem:          3.8G       3.7G       111M       5.7M        28M       3.3G

MemTotal:        4016004 kB
MemFree:          113944 kB
Active:           346116 kB
Mem:          3.8G       3.7G       111M       5.7M        28M       3.3G

MemTotal:        4016004 kB
MemFree:          114068 kB
Active:           346116 kB
Mem:          3.8G       3.7G       111M       5.7M        28M       3.3G

MemTotal:        4016004 kB
MemFree:          114068 kB
Active:           346116 kB
Mem:          3.8G       3.7G       111M       5.7M        28M       3.3G

MemTotal:        4016004 kB
MemFree:          114068 kB
Active:           346116 kB
Mem:          3.8G       3.7G       111M       5.7M        28M       3.3G

MemTotal:        4016004 kB
MemFree:          113944 kB
Active:           346120 kB
Mem:          3.8G       3.7G       111M       5.7M        28M       3.3G

MemTotal:        4016004 kB
MemFree:          113944 kB
Active:           346120 kB
Mem:          3.8G       3.7G       111M       5.7M        28M       3.3G

MemTotal:        4016004 kB
MemFree:          113944 kB
Active:           346120 kB
Mem:          3.8G       3.7G       111M       5.7M        28M       3.3G

MemTotal:        4016004 kB
MemFree:          113944 kB
Active:           346120 kB
Mem:          3.8G       3.7G       111M       5.7M        28M       3.3G

MemTotal:        4016004 kB
MemFree:          113944 kB
Active:           346120 kB
Mem:          3.8G       3.7G       111M       5.7M        28M       3.3G

MemTotal:        4016004 kB
MemFree:          114192 kB
Active:           346120 kB
Mem:          3.8G       3.7G       111M       5.7M        28M       3.3G

MemTotal:        4016004 kB
MemFree:          114068 kB
Active:           346128 kB
Mem:          3.8G       3.7G       111M       5.7M        28M       3.3G

MemTotal:        4016004 kB
MemFree:          114068 kB
Active:           346128 kB
Mem:          3.8G       3.7G       111M       5.7M        28M       3.3G

MemTotal:        4016004 kB
MemFree:          113944 kB
Active:           346160 kB
Mem:          3.8G       3.7G       111M       5.7M        28M       3.3G

MemTotal:        4016004 kB
MemFree:          113944 kB
Active:           346160 kB
Mem:          3.8G       3.7G       111M       5.7M        28M       3.3G

MemTotal:        4016004 kB
MemFree:          113944 kB
Active:           346432 kB
Mem:          3.8G       3.7G       111M       5.7M        28M       3.3G

MemTotal:        4016004 kB
MemFree:          113928 kB
Active:           346208 kB
Mem:          3.8G       3.7G       111M       5.7M        28M       3.3G

MemTotal:        4016004 kB
MemFree:          114052 kB
Active:           346172 kB
Mem:          3.8G       3.7G       111M       5.7M        28M       3.3G

MemTotal:        4016004 kB
MemFree:          113928 kB
Active:           346152 kB
Mem:          3.8G       3.7G       111M       5.7M        28M       3.3G

MemTotal:        4016004 kB
MemFree:          114320 kB
Active:           346180 kB
Mem:          3.8G       3.7G       111M       5.7M        28M       3.3G

MemTotal:        4016004 kB
MemFree:          114444 kB
Active:           346212 kB
Mem:          3.8G       3.7G       111M       5.7M        28M       3.3G

MemTotal:        4016004 kB
MemFree:          114320 kB
Active:           346192 kB
Mem:          3.8G       3.7G       111M       5.7M        28M       3.3G

MemTotal:        4016004 kB
MemFree:          114196 kB
Active:           346216 kB
Mem:          3.8G       3.7G       111M       5.7M        28M       3.3G

MemTotal:        4016004 kB
MemFree:          114320 kB
Active:           346172 kB
Mem:          3.8G       3.7G       111M       5.7M        28M       3.3G

MemTotal:        4016004 kB
MemFree:          114320 kB
Active:           346176 kB
Mem:          3.8G       3.7G       111M       5.7M        28M       3.3G

MemTotal:        4016004 kB
MemFree:          114320 kB
Active:           346200 kB
Mem:          3.8G       3.7G       111M       5.7M        28M       3.3G

MemTotal:        4016004 kB
MemFree:          114196 kB
Active:           346220 kB
Mem:          3.8G       3.7G       111M       5.7M        28M       3.3G

MemTotal:        4016004 kB
MemFree:          114444 kB
Active:           346196 kB
Mem:          3.8G       3.7G       111M       5.7M        28M       3.3G

MemTotal:        4016004 kB
MemFree:          114444 kB
Active:           346220 kB
Mem:          3.8G       3.7G       111M       5.7M        28M       3.3G

MemTotal:        4016004 kB
MemFree:          114320 kB
Active:           346188 kB
Mem:          3.8G       3.7G       111M       5.7M        28M       3.3G

MemTotal:        4016004 kB
MemFree:          114444 kB
Active:           346212 kB
Mem:          3.8G       3.7G       111M       5.7M        28M       3.3G

MemTotal:        4016004 kB
MemFree:          114444 kB
Active:           346188 kB
Mem:          3.8G       3.7G       111M       5.7M        28M       3.3G

MemTotal:        4016004 kB
MemFree:          114336 kB
Active:           346192 kB
Mem:          3.8G       3.7G       111M       5.7M        28M       3.3G

MemTotal:        4016004 kB
MemFree:          114336 kB
Active:           346224 kB
Mem:          3.8G       3.7G       111M       5.7M        28M       3.3G

MemTotal:        4016004 kB
MemFree:          114460 kB
Active:           346196 kB
Mem:          3.8G       3.7G       111M       5.7M        28M       3.3G

MemTotal:        4016004 kB
MemFree:          114336 kB
Active:           346184 kB
Mem:          3.8G       3.7G       111M       5.7M        28M       3.3G

MemTotal:        4016004 kB
MemFree:          114460 kB
Active:           346208 kB
Mem:          3.8G       3.7G       111M       5.7M        28M       3.3G

MemTotal:        4016004 kB
MemFree:          114460 kB
Active:           346188 kB
Mem:          3.8G       3.7G       111M       5.7M        28M       3.3G

MemTotal:        4016004 kB
MemFree:          114336 kB
Active:           346236 kB
Mem:          3.8G       3.7G       111M       5.7M        28M       3.3G

MemTotal:        4016004 kB
MemFree:          114336 kB
Active:           346224 kB
Mem:          3.8G       3.7G       111M       5.7M        28M       3.3G

MemTotal:        4016004 kB
MemFree:          114460 kB
Active:           346212 kB
Mem:          3.8G       3.7G       111M       5.7M        28M       3.3G

MemTotal:        4016004 kB
MemFree:          114460 kB
Active:           346204 kB
Mem:          3.8G       3.7G       111M       5.7M        28M       3.3G

MemTotal:        4016004 kB
MemFree:          114584 kB
Active:           346236 kB
Mem:          3.8G       3.7G       111M       5.7M        28M       3.3G

MemTotal:        4016004 kB
MemFree:          114460 kB
Active:           346208 kB
Mem:          3.8G       3.7G       111M       5.7M        28M       3.3G

MemTotal:        4016004 kB
MemFree:          114336 kB
Active:           346240 kB
Mem:          3.8G       3.7G       111M       5.7M        28M       3.3G

MemTotal:        4016004 kB
MemFree:          114460 kB
Active:           346224 kB
Mem:          3.8G       3.7G       111M       5.7M        28M       3.3G

MemTotal:        4016004 kB
MemFree:          114460 kB
Active:           346236 kB
Mem:          3.8G       3.7G       111M       5.7M        28M       3.3G

MemTotal:        4016004 kB
MemFree:          114336 kB
Active:           346212 kB
Mem:          3.8G       3.7G       111M       5.7M        28M       3.3G

MemTotal:        4016004 kB
MemFree:          114336 kB
Active:           346252 kB
Mem:          3.8G       3.7G       111M       5.7M        28M       3.3G

MemTotal:        4016004 kB
MemFree:          114336 kB
Active:           346216 kB
Mem:          3.8G       3.7G       111M       5.7M        28M       3.3G

MemTotal:        4016004 kB
MemFree:          114460 kB
Active:           346248 kB
Mem:          3.8G       3.7G       111M       5.7M        28M       3.3G

MemTotal:        4016004 kB
MemFree:          114460 kB
Active:           346232 kB
Mem:          3.8G       3.7G       111M       5.7M        28M       3.3G

MemTotal:        4016004 kB
MemFree:          114336 kB
Active:           346224 kB
Mem:          3.8G       3.7G       111M       5.7M        28M       3.3G

MemTotal:        4016004 kB
MemFree:          114460 kB
Active:           346264 kB
Mem:          3.8G       3.7G       111M       5.7M        28M       3.3G

MemTotal:        4016004 kB
MemFree:          114336 kB
Active:           346264 kB
Mem:          3.8G       3.7G       111M       5.7M        28M       3.3G

MemTotal:        4016004 kB
MemFree:          114336 kB
Active:           346260 kB
Mem:          3.8G       3.7G       111M       5.7M        28M       3.3G

MemTotal:        4016004 kB
MemFree:          114460 kB
Active:           346240 kB
Mem:          3.8G       3.7G       111M       5.7M        28M       3.3G

MemTotal:        4016004 kB
MemFree:          114336 kB
Active:           346224 kB
Mem:          3.8G       3.7G       111M       5.7M        28M       3.3G

MemTotal:        4016004 kB
MemFree:          114336 kB
Active:           346268 kB
Mem:          3.8G       3.7G       111M       5.7M        28M       3.3G

MemTotal:        4016004 kB
MemFree:          114336 kB
Active:           346264 kB
Mem:          3.8G       3.7G       111M       5.7M        28M       3.3G

MemTotal:        4016004 kB
MemFree:          114460 kB
Active:           346236 kB
Mem:          3.8G       3.7G       111M       5.7M        28M       3.3G

MemTotal:        4016004 kB
MemFree:          114336 kB
Active:           346256 kB
Mem:          3.8G       3.7G       111M       5.7M        28M       3.3G

MemTotal:        4016004 kB
MemFree:          114212 kB
Active:           346236 kB
Mem:          3.8G       3.7G       111M       5.7M        28M       3.3G

MemTotal:        4016004 kB
MemFree:          114336 kB
Active:           346244 kB
Mem:          3.8G       3.7G       111M       5.7M        28M       3.3G

MemTotal:        4016004 kB
MemFree:          114460 kB
Active:           346276 kB
Mem:          3.8G       3.7G       111M       5.7M        28M       3.3G

MemTotal:        4016004 kB
MemFree:          114336 kB
Active:           346260 kB
Mem:          3.8G       3.7G       111M       5.7M        28M       3.3G

MemTotal:        4016004 kB
MemFree:          114336 kB
Active:           346280 kB
Mem:          3.8G       3.7G       111M       5.7M        28M       3.3G

MemTotal:        4016004 kB
MemFree:          114336 kB
Active:           346248 kB
Mem:          3.8G       3.7G       111M       5.7M        28M       3.3G

MemTotal:        4016004 kB
MemFree:          114212 kB
Active:           346276 kB
Mem:          3.8G       3.7G       111M       5.7M        28M       3.3G

MemTotal:        4016004 kB
MemFree:          114212 kB
Active:           346248 kB
Mem:          3.8G       3.7G       111M       5.7M        28M       3.3G

MemTotal:        4016004 kB
MemFree:          114336 kB
Active:           346284 kB
Mem:          3.8G       3.7G       111M       5.7M        28M       3.3G

MemTotal:        4016004 kB
MemFree:          114336 kB
Active:           346276 kB
Mem:          3.8G       3.7G       111M       5.7M        28M       3.3G

MemTotal:        4016004 kB
MemFree:          114212 kB
Active:           346280 kB
Mem:          3.8G       3.7G       111M       5.7M        28M       3.3G

MemTotal:        4016004 kB
MemFree:          114212 kB
Active:           346272 kB
Mem:          3.8G       3.7G       111M       5.7M        28M       3.3G

MemTotal:        4016004 kB
MemFree:          114212 kB
Active:           346236 kB
Mem:          3.8G       3.7G       111M       5.7M        28M       3.3G

MemTotal:        4016004 kB
MemFree:          114212 kB
Active:           346280 kB
Mem:          3.8G       3.7G       111M       5.7M        28M       3.3G

MemTotal:        4016004 kB
MemFree:          114460 kB
Active:           346268 kB
Mem:          3.8G       3.7G       111M       5.7M        28M       3.3G

MemTotal:        4016004 kB
MemFree:          114460 kB
Active:           346288 kB
Mem:          3.8G       3.7G       111M       5.7M        28M       3.3G

MemTotal:        4016004 kB
MemFree:          114336 kB
Active:           346248 kB
Mem:          3.8G       3.7G       111M       5.7M        28M       3.3G

MemTotal:        4016004 kB
MemFree:          114336 kB
Active:           346288 kB
Mem:          3.8G       3.7G       111M       5.7M        28M       3.3G

MemTotal:        4016004 kB
MemFree:          114336 kB
Active:           346300 kB
Mem:          3.8G       3.7G       111M       5.7M        28M       3.3G

MemTotal:        4016004 kB
MemFree:          114336 kB
Active:           346276 kB
Mem:          3.8G       3.7G       111M       5.7M        28M       3.3G

MemTotal:        4016004 kB
MemFree:          114460 kB
Active:           346300 kB
Mem:          3.8G       3.7G       111M       5.7M        28M       3.3G

MemTotal:        4016004 kB
MemFree:          114336 kB
Active:           346276 kB
Mem:          3.8G       3.7G       111M       5.7M        28M       3.3G

MemTotal:        4016004 kB
MemFree:          114460 kB
Active:           346256 kB
Mem:          3.8G       3.7G       111M       5.7M        28M       3.3G

MemTotal:        4016004 kB
MemFree:          114212 kB
Active:           346284 kB
Mem:          3.8G       3.7G       111M       5.7M        28M       3.3G

MemTotal:        4016004 kB
MemFree:          114336 kB
Active:           346288 kB
Mem:          3.8G       3.7G       111M       5.7M        28M       3.3G

MemTotal:        4016004 kB
MemFree:          114460 kB
Active:           346276 kB
Mem:          3.8G       3.7G       111M       5.7M        28M       3.3G

MemTotal:        4016004 kB
MemFree:          114212 kB
Active:           346260 kB
Mem:          3.8G       3.7G       111M       5.7M        28M       3.3G

MemTotal:        4016004 kB
MemFree:          114336 kB
Active:           346312 kB
Mem:          3.8G       3.7G       111M       5.7M        28M       3.3G

MemTotal:        4016004 kB
MemFree:          114212 kB
Active:           346300 kB
Mem:          3.8G       3.7G       111M       5.7M        28M       3.3G

MemTotal:        4016004 kB
MemFree:          114336 kB
Active:           346280 kB
Mem:          3.8G       3.7G       111M       5.7M        28M       3.3G

MemTotal:        4016004 kB
MemFree:          114212 kB
Active:           346260 kB
Mem:          3.8G       3.7G       111M       5.7M        28M       3.3G

MemTotal:        4016004 kB
MemFree:          114212 kB
Active:           346300 kB
Mem:          3.8G       3.7G       111M       5.7M        28M       3.3G

MemTotal:        4016004 kB
MemFree:          114212 kB
Active:           346272 kB
Mem:          3.8G       3.7G       111M       5.7M        28M       3.3G

MemTotal:        4016004 kB
MemFree:          114212 kB
Active:           346308 kB
Mem:          3.8G       3.7G       111M       5.7M        28M       3.3G

MemTotal:        4016004 kB
MemFree:          114212 kB
Active:           346280 kB
Mem:          3.8G       3.7G       111M       5.7M        28M       3.3G

MemTotal:        4016004 kB
MemFree:          114088 kB
Active:           346320 kB
Mem:          3.8G       3.7G       111M       5.7M        28M       3.3G

MemTotal:        4016004 kB
MemFree:          114212 kB
Active:           346300 kB
Mem:          3.8G       3.7G       111M       5.7M        28M       3.3G

MemTotal:        4016004 kB
MemFree:          114088 kB
Active:           346276 kB
Mem:          3.8G       3.7G       111M       5.7M        28M       3.3G

MemTotal:        4016004 kB
MemFree:          114212 kB
Active:           346300 kB
Mem:          3.8G       3.7G       111M       5.7M        28M       3.3G

MemTotal:        4016004 kB
MemFree:          114088 kB
Active:           346332 kB
Mem:          3.8G       3.7G       111M       5.7M        28M       3.3G

MemTotal:        4016004 kB
MemFree:          114212 kB
Active:           346296 kB
Mem:          3.8G       3.7G       111M       5.7M        28M       3.3G

MemTotal:        4016004 kB
MemFree:          114088 kB
Active:           346320 kB
Mem:          3.8G       3.7G       111M       5.7M        28M       3.3G

MemTotal:        4016004 kB
MemFree:          114088 kB
Active:           346300 kB
Mem:          3.8G       3.7G       111M       5.7M        28M       3.3G

MemTotal:        4016004 kB
MemFree:          114088 kB
Active:           346288 kB
Mem:          3.8G       3.7G       111M       5.7M        28M       3.3G

MemTotal:        4016004 kB
MemFree:          114088 kB
Active:           346300 kB
Mem:          3.8G       3.7G       111M       5.7M        28M       3.3G

MemTotal:        4016004 kB
MemFree:          114212 kB
Active:           346288 kB
Mem:          3.8G       3.7G       111M       5.7M        28M       3.3G

MemTotal:        4016004 kB
MemFree:          114088 kB
Active:           346308 kB
Mem:          3.8G       3.7G       111M       5.7M        28M       3.3G

MemTotal:        4016004 kB
MemFree:          114088 kB
Active:           346328 kB
Mem:          3.8G       3.7G       111M       5.7M        28M       3.3G

MemTotal:        4016004 kB
MemFree:          114088 kB
Active:           346308 kB
Mem:          3.8G       3.7G       111M       5.7M        28M       3.3G

MemTotal:        4016004 kB
MemFree:          114212 kB
Active:           346340 kB
Mem:          3.8G       3.7G       111M       5.7M        28M       3.3G

MemTotal:        4016004 kB
MemFree:          114212 kB
Active:           346320 kB
Mem:          3.8G       3.7G       111M       5.7M        28M       3.3G

MemTotal:        4016004 kB
MemFree:          114088 kB
Active:           346316 kB
Mem:          3.8G       3.7G       111M       5.7M        28M       3.3G

MemTotal:        4016004 kB
MemFree:          114088 kB
Active:           346296 kB
Mem:          3.8G       3.7G       111M       5.7M        28M       3.3G

MemTotal:        4016004 kB
MemFree:          113964 kB
Active:           346340 kB
Mem:          3.8G       3.7G       111M       5.7M        28M       3.3G

MemTotal:        4016004 kB
MemFree:          114088 kB
Active:           346340 kB
Mem:          3.8G       3.7G       111M       5.7M        28M       3.3G

MemTotal:        4016004 kB
MemFree:          114088 kB
Active:           346332 kB
Mem:          3.8G       3.7G       111M       5.7M        28M       3.3G

MemTotal:        4016004 kB
MemFree:          113964 kB
Active:           346332 kB
Mem:          3.8G       3.7G       111M       5.7M        28M       3.3G

MemTotal:        4016004 kB
MemFree:          114088 kB
Active:           346324 kB
Mem:          3.8G       3.7G       111M       5.7M        28M       3.3G

MemTotal:        4016004 kB
MemFree:          114088 kB
Active:           346304 kB
Mem:          3.8G       3.7G       111M       5.7M        28M       3.3G

MemTotal:        4016004 kB
MemFree:          114088 kB
Active:           346336 kB
Mem:          3.8G       3.7G       111M       5.7M        28M       3.3G

MemTotal:        4016004 kB
MemFree:          114212 kB
Active:           346320 kB
Mem:          3.8G       3.7G       111M       5.7M        28M       3.3G

MemTotal:        4016004 kB
MemFree:          114088 kB
Active:           346336 kB
Mem:          3.8G       3.7G       111M       5.7M        28M       3.3G

MemTotal:        4016004 kB
MemFree:          114088 kB
Active:           346328 kB
Mem:          3.8G       3.7G       111M       5.7M        28M       3.3G

MemTotal:        4016004 kB
MemFree:          113964 kB
Active:           346348 kB
Mem:          3.8G       3.7G       111M       5.7M        28M       3.3G

MemTotal:        4016004 kB
MemFree:          114088 kB
Active:           346336 kB
Mem:          3.8G       3.7G       111M       5.7M        28M       3.3G

MemTotal:        4016004 kB
MemFree:          114088 kB
Active:           346320 kB
Mem:          3.8G       3.7G       111M       5.7M        28M       3.3G

MemTotal:        4016004 kB
MemFree:          114088 kB
Active:           346360 kB
Mem:          3.8G       3.7G       111M       5.7M        28M       3.3G

MemTotal:        4016004 kB
MemFree:          113964 kB
Active:           346348 kB
Mem:          3.8G       3.7G       111M       5.7M        28M       3.3G

MemTotal:        4016004 kB
MemFree:          114088 kB
Active:           346344 kB
Mem:          3.8G       3.7G       111M       5.7M        28M       3.3G

MemTotal:        4016004 kB
MemFree:          114088 kB
Active:           346320 kB
Mem:          3.8G       3.7G       111M       5.7M        28M       3.3G

MemTotal:        4016004 kB
MemFree:          114088 kB
Active:           346312 kB
Mem:          3.8G       3.7G       111M       5.7M        28M       3.3G

MemTotal:        4016004 kB
MemFree:          114212 kB
Active:           346344 kB
Mem:          3.8G       3.7G       111M       5.7M        28M       3.3G

MemTotal:        4016004 kB
MemFree:          114212 kB
Active:           346344 kB
Mem:          3.8G       3.7G       111M       5.7M        28M       3.3G

MemTotal:        4016004 kB
MemFree:          114012 kB
Active:           346220 kB
Mem:          3.8G       3.7G       111M       5.7M        28M       3.3G

MemTotal:        4016004 kB
MemFree:          113392 kB
Active:           346224 kB
Mem:          3.8G       3.7G       110M       5.7M        28M       3.3G

MemTotal:        4016004 kB
MemFree:          113268 kB
Active:           346224 kB
Mem:          3.8G       3.7G       110M       5.7M        28M       3.3G

MemTotal:        4016004 kB
MemFree:          112896 kB
Active:           346224 kB
Mem:          3.8G       3.7G       110M       5.7M        28M       3.3G

MemTotal:        4016004 kB
MemFree:          113020 kB
Active:           346224 kB
Mem:          3.8G       3.7G       110M       5.7M        28M       3.3G

MemTotal:        4016004 kB
MemFree:          113268 kB
Active:           346192 kB
Mem:          3.8G       3.7G       110M       5.7M        28M       3.3G

MemTotal:        4016004 kB
MemFree:          112772 kB
Active:           346240 kB
Mem:          3.8G       3.7G       110M       5.7M        28M       3.3G

MemTotal:        4016004 kB
MemFree:          112772 kB
Active:           346240 kB
Mem:          3.8G       3.7G       110M       5.7M        28M       3.3G

MemTotal:        4016004 kB
MemFree:          112772 kB
Active:           346244 kB
Mem:          3.8G       3.7G       110M       5.7M        28M       3.3G

MemTotal:        4016004 kB
MemFree:          113268 kB
Active:           346236 kB
Mem:          3.8G       3.7G       110M       5.7M        28M       3.3G

MemTotal:        4016004 kB
MemFree:          113020 kB
Active:           346244 kB
Mem:          3.8G       3.7G       110M       5.7M        28M       3.3G

MemTotal:        4016004 kB
MemFree:          113516 kB
Active:           346188 kB
Mem:          3.8G       3.7G       110M       5.7M        28M       3.3G

MemTotal:        4016004 kB
MemFree:          113764 kB
Active:           346216 kB
Mem:          3.8G       3.7G       110M       5.7M        28M       3.3G

MemTotal:        4016004 kB
MemFree:          113516 kB
Active:           346244 kB
Mem:          3.8G       3.7G       110M       5.7M        28M       3.3G

MemTotal:        4016004 kB
MemFree:          113516 kB
Active:           346252 kB
Mem:          3.8G       3.7G       110M       5.7M        28M       3.3G

MemTotal:        4016004 kB
MemFree:          113408 kB
Active:           346232 kB
Mem:          3.8G       3.7G       110M       5.7M        28M       3.3G

MemTotal:        4016004 kB
MemFree:          113408 kB
Active:           346200 kB
Mem:          3.8G       3.7G       110M       5.7M        28M       3.3G

MemTotal:        4016004 kB
MemFree:          113036 kB
Active:           346252 kB
Mem:          3.8G       3.7G       110M       5.7M        28M       3.3G

MemTotal:        4016004 kB
MemFree:          113532 kB
Active:           346224 kB
Mem:          3.8G       3.7G       110M       5.7M        28M       3.3G

MemTotal:        4016004 kB
MemFree:          113532 kB
Active:           346204 kB
Mem:          3.8G       3.7G       110M       5.7M        28M       3.3G

MemTotal:        4016004 kB
MemFree:          113532 kB
Active:           346248 kB
Mem:          3.8G       3.7G       110M       5.7M        28M       3.3G

MemTotal:        4016004 kB
MemFree:          113160 kB
Active:           346256 kB
Mem:          3.8G       3.7G       110M       5.7M        28M       3.3G

MemTotal:        4016004 kB
MemFree:          113408 kB
Active:           346228 kB
Mem:          3.8G       3.7G       110M       5.7M        28M       3.3G

MemTotal:        4016004 kB
MemFree:          113408 kB
Active:           346232 kB
Mem:          3.8G       3.7G       110M       5.7M        28M       3.3G

MemTotal:        4016004 kB
MemFree:          113036 kB
Active:           346268 kB
Mem:          3.8G       3.7G       110M       5.7M        28M       3.3G

MemTotal:        4016004 kB
MemFree:          113284 kB
Active:           346240 kB
Mem:          3.8G       3.7G       110M       5.7M        28M       3.3G

MemTotal:        4016004 kB
MemFree:          113532 kB
Active:           346224 kB
Mem:          3.8G       3.7G       110M       5.7M        28M       3.3G

MemTotal:        4016004 kB
MemFree:          113284 kB
Active:           346248 kB
