MemTotal:        4016004 kB
MemFree:         3219900 kB
Active:           441244 kB
Mem:          3.8G       777M       3.1G       5.7M        55M       319M

MemTotal:        4016004 kB
MemFree:         3220340 kB
Active:           440984 kB
Mem:          3.8G       777M       3.1G       5.7M        55M       319M

MemTotal:        4016004 kB
MemFree:         3220556 kB
Active:           441044 kB
Mem:          3.8G       776M       3.1G       5.7M        55M       319M

MemTotal:        4016004 kB
MemFree:         3220060 kB
Active:           441096 kB
Mem:          3.8G       776M       3.1G       5.7M        55M       319M

MemTotal:        4016004 kB
MemFree:         3220400 kB
Active:           441048 kB
Mem:          3.8G       776M       3.1G       5.7M        55M       319M

MemTotal:        4016004 kB
MemFree:         3220632 kB
Active:           440948 kB
Mem:          3.8G       776M       3.1G       5.7M        55M       319M

MemTotal:        4016004 kB
MemFree:         3220244 kB
Active:           441208 kB
Mem:          3.8G       777M       3.1G       5.7M        55M       319M

MemTotal:        4016004 kB
MemFree:         3220428 kB
Active:           440992 kB
Mem:          3.8G       776M       3.1G       5.7M        55M       319M

MemTotal:        4016004 kB
MemFree:         3220056 kB
Active:           441184 kB
Mem:          3.8G       777M       3.1G       5.7M        55M       319M

MemTotal:        4016004 kB
MemFree:         3220520 kB
Active:           441088 kB
Mem:          3.8G       777M       3.1G       5.7M        55M       319M

MemTotal:        4016004 kB
MemFree:         3220148 kB
Active:           441180 kB
Mem:          3.8G       777M       3.1G       5.7M        55M       319M

MemTotal:        4016004 kB
MemFree:         3220428 kB
Active:           441024 kB
Mem:          3.8G       777M       3.1G       5.7M        55M       319M

MemTotal:        4016004 kB
MemFree:         3220104 kB
Active:           441048 kB
Mem:          3.8G       777M       3.1G       5.7M        55M       319M

MemTotal:        4016004 kB
MemFree:         3219856 kB
Active:           441104 kB
Mem:          3.8G       777M       3.1G       5.7M        55M       319M

MemTotal:        4016004 kB
MemFree:         3219856 kB
Active:           441108 kB
Mem:          3.8G       777M       3.1G       5.7M        55M       319M

MemTotal:        4016004 kB
MemFree:         3220352 kB
Active:           441080 kB
Mem:          3.8G       777M       3.1G       5.7M        55M       319M

MemTotal:        4016004 kB
MemFree:         3220120 kB
Active:           441108 kB
Mem:          3.8G       777M       3.1G       5.7M        55M       319M

MemTotal:        4016004 kB
MemFree:         3220352 kB
Active:           441104 kB
Mem:          3.8G       777M       3.1G       5.7M        55M       319M

MemTotal:        4016004 kB
MemFree:         3220184 kB
Active:           441108 kB
Mem:          3.8G       777M       3.1G       5.7M        55M       319M

MemTotal:        4016004 kB
MemFree:         3220432 kB
Active:           441096 kB
Mem:          3.8G       776M       3.1G       5.7M        55M       319M

MemTotal:        4016004 kB
MemFree:         3220432 kB
Active:           441108 kB
Mem:          3.8G       776M       3.1G       5.7M        55M       319M

MemTotal:        4016004 kB
MemFree:         3220168 kB
Active:           441116 kB
Mem:          3.8G       777M       3.1G       5.7M        55M       319M

MemTotal:        4016004 kB
MemFree:         3220028 kB
Active:           441116 kB
Mem:          3.8G       777M       3.1G       5.7M        55M       319M

MemTotal:        4016004 kB
MemFree:         3220384 kB
Active:           441108 kB
Mem:          3.8G       777M       3.1G       5.7M        55M       319M

MemTotal:        4016004 kB
MemFree:         3219996 kB
Active:           441120 kB
Mem:          3.8G       777M       3.1G       5.7M        55M       319M

MemTotal:        4016004 kB
MemFree:         3219624 kB
Active:           441120 kB
Mem:          3.8G       777M       3.1G       5.7M        55M       319M

MemTotal:        4016004 kB
MemFree:         3219856 kB
Active:           441112 kB
Mem:          3.8G       777M       3.1G       5.7M        55M       319M

MemTotal:        4016004 kB
MemFree:         3219620 kB
Active:           439072 kB
Mem:          3.8G       777M       3.1G       5.7M        55M       319M

MemTotal:        4016004 kB
MemFree:         3219868 kB
Active:           441116 kB
Mem:          3.8G       777M       3.1G       5.7M        55M       319M

MemTotal:        4016004 kB
MemFree:         3219620 kB
Active:           441128 kB
Mem:          3.8G       777M       3.1G       5.7M        55M       319M

MemTotal:        4016004 kB
MemFree:         3219868 kB
Active:           441108 kB
Mem:          3.8G       777M       3.1G       5.7M        55M       319M

MemTotal:        4016004 kB
MemFree:         3219868 kB
Active:           441124 kB
Mem:          3.8G       777M       3.1G       5.7M        55M       319M

MemTotal:        4016004 kB
MemFree:         3219868 kB
Active:           441128 kB
Mem:          3.8G       777M       3.1G       5.7M        55M       319M

MemTotal:        4016004 kB
MemFree:         3220224 kB
Active:           441128 kB
Mem:          3.8G       777M       3.1G       5.7M        55M       319M

MemTotal:        4016004 kB
MemFree:         3220040 kB
Active:           441148 kB
Mem:          3.8G       777M       3.1G       5.7M        55M       319M

MemTotal:        4016004 kB
MemFree:         3220040 kB
Active:           441148 kB
Mem:          3.8G       777M       3.1G       5.7M        55M       319M

MemTotal:        4016004 kB
MemFree:         3219668 kB
Active:           441152 kB
Mem:          3.8G       777M       3.1G       5.7M        55M       319M

MemTotal:        4016004 kB
MemFree:         3220100 kB
Active:           439104 kB
Mem:          3.8G       777M       3.1G       5.7M        55M       319M

MemTotal:        4016004 kB
MemFree:         3220100 kB
Active:           441160 kB
Mem:          3.8G       777M       3.1G       5.7M        55M       319M

MemTotal:        4016004 kB
MemFree:         3219852 kB
Active:           441164 kB
Mem:          3.8G       777M       3.1G       5.7M        55M       319M

MemTotal:        4016004 kB
MemFree:         3220332 kB
Active:           441164 kB
Mem:          3.8G       777M       3.1G       5.7M        55M       319M

MemTotal:        4016004 kB
MemFree:         3220192 kB
Active:           441164 kB
Mem:          3.8G       777M       3.1G       5.7M        55M       319M

MemTotal:        4016004 kB
MemFree:         3219928 kB
Active:           441180 kB
Mem:          3.8G       777M       3.1G       5.7M        55M       319M

MemTotal:        4016004 kB
MemFree:         3219960 kB
Active:           441152 kB
Mem:          3.8G       777M       3.1G       5.7M        55M       319M

MemTotal:        4016004 kB
MemFree:         3219960 kB
Active:           441124 kB
Mem:          3.8G       777M       3.1G       5.7M        55M       319M

MemTotal:        4016004 kB
MemFree:         3219712 kB
Active:           441132 kB
Mem:          3.8G       777M       3.1G       5.7M        55M       319M

MemTotal:        4016004 kB
MemFree:         3219464 kB
Active:           441180 kB
Mem:          3.8G       777M       3.1G       5.7M        55M       319M

MemTotal:        4016004 kB
MemFree:         3220084 kB
Active:           441172 kB
Mem:          3.8G       777M       3.1G       5.7M        55M       319M

MemTotal:        4016004 kB
MemFree:         3219588 kB
Active:           441188 kB
Mem:          3.8G       777M       3.1G       5.7M        55M       319M

MemTotal:        4016004 kB
MemFree:         3220084 kB
Active:           441180 kB
Mem:          3.8G       777M       3.1G       5.7M        55M       319M

MemTotal:        4016004 kB
MemFree:         3219944 kB
Active:           441176 kB
Mem:          3.8G       777M       3.1G       5.7M        55M       319M

MemTotal:        4016004 kB
MemFree:         3219928 kB
Active:           441192 kB
Mem:          3.8G       777M       3.1G       5.7M        55M       319M

MemTotal:        4016004 kB
MemFree:         3220224 kB
Active:           441184 kB
Mem:          3.8G       777M       3.1G       5.7M        55M       319M

MemTotal:        4016004 kB
MemFree:         3220100 kB
Active:           441200 kB
Mem:          3.8G       777M       3.1G       5.7M        55M       319M

MemTotal:        4016004 kB
MemFree:         3220224 kB
Active:           441188 kB
Mem:          3.8G       777M       3.1G       5.7M        55M       319M

MemTotal:        4016004 kB
MemFree:         3220100 kB
Active:           441152 kB
Mem:          3.8G       777M       3.1G       5.7M        55M       319M

MemTotal:        4016004 kB
MemFree:         3219852 kB
Active:           441212 kB
Mem:          3.8G       777M       3.1G       5.7M        55M       319M

MemTotal:        4016004 kB
MemFree:         3220456 kB
Active:           441156 kB
Mem:          3.8G       777M       3.1G       5.7M        55M       319M

MemTotal:        4016004 kB
MemFree:         3220564 kB
Active:           441176 kB
Mem:          3.8G       776M       3.1G       5.7M        55M       319M

MemTotal:        4016004 kB
MemFree:         3220424 kB
Active:           441180 kB
Mem:          3.8G       776M       3.1G       5.7M        55M       319M

MemTotal:        4016004 kB
MemFree:         3219788 kB
Active:           441220 kB
Mem:          3.8G       777M       3.1G       5.7M        55M       319M

MemTotal:        4016004 kB
MemFree:         3220208 kB
Active:           441184 kB
Mem:          3.8G       776M       3.1G       5.7M        55M       319M

MemTotal:        4016004 kB
MemFree:         3220208 kB
Active:           441180 kB
Mem:          3.8G       777M       3.1G       5.7M        55M       319M

MemTotal:        4016004 kB
MemFree:         3220084 kB
Active:           441188 kB
Mem:          3.8G       777M       3.1G       5.7M        55M       319M

MemTotal:        4016004 kB
MemFree:         3220084 kB
Active:           441196 kB
Mem:          3.8G       777M       3.1G       5.7M        55M       319M

MemTotal:        4016004 kB
MemFree:         3219712 kB
Active:           441228 kB
Mem:          3.8G       777M       3.1G       5.7M        55M       319M

MemTotal:        4016004 kB
MemFree:         3219572 kB
Active:           441228 kB
Mem:          3.8G       777M       3.1G       5.7M        55M       319M

MemTotal:        4016004 kB
MemFree:         3220068 kB
Active:           441216 kB
Mem:          3.8G       777M       3.1G       5.7M        55M       319M

MemTotal:        4016004 kB
MemFree:         3220300 kB
Active:           441200 kB
Mem:          3.8G       777M       3.1G       5.7M        55M       319M

MemTotal:        4016004 kB
MemFree:         3220116 kB
Active:           441228 kB
Mem:          3.8G       777M       3.1G       5.7M        55M       319M

MemTotal:        4016004 kB
MemFree:         3220488 kB
Active:           441208 kB
Mem:          3.8G       776M       3.1G       5.7M        55M       319M

MemTotal:        4016004 kB
MemFree:         3220612 kB
Active:           441208 kB
Mem:          3.8G       776M       3.1G       5.7M        55M       319M

MemTotal:        4016004 kB
MemFree:         3220116 kB
Active:           441232 kB
Mem:          3.8G       777M       3.1G       5.7M        55M       319M

MemTotal:        4016004 kB
MemFree:         3220100 kB
Active:           441232 kB
Mem:          3.8G       777M       3.1G       5.7M        55M       319M

MemTotal:        4016004 kB
MemFree:         3219604 kB
Active:           441232 kB
Mem:          3.8G       777M       3.1G       5.7M        55M       319M

MemTotal:        4016004 kB
MemFree:         3219588 kB
Active:           441200 kB
Mem:          3.8G       777M       3.1G       5.7M        55M       319M

MemTotal:        4016004 kB
MemFree:         3219464 kB
Active:           441240 kB
Mem:          3.8G       777M       3.1G       5.7M        55M       319M

MemTotal:        4016004 kB
MemFree:         3219696 kB
Active:           441240 kB
Mem:          3.8G       777M       3.1G       5.7M        55M       319M

MemTotal:        4016004 kB
MemFree:         3220068 kB
Active:           441216 kB
Mem:          3.8G       777M       3.1G       5.7M        55M       319M

MemTotal:        4016004 kB
MemFree:         3219680 kB
Active:           441240 kB
Mem:          3.8G       777M       3.1G       5.7M        55M       319M

MemTotal:        4016004 kB
MemFree:         3219960 kB
Active:           441228 kB
Mem:          3.8G       777M       3.1G       5.7M        55M       319M

MemTotal:        4016004 kB
MemFree:         3219588 kB
Active:           441244 kB
Mem:          3.8G       777M       3.1G       5.7M        55M       319M

MemTotal:        4016004 kB
MemFree:         3219960 kB
Active:           441232 kB
Mem:          3.8G       777M       3.1G       5.7M        55M       319M

MemTotal:        4016004 kB
MemFree:         3219712 kB
Active:           441256 kB
Mem:          3.8G       777M       3.1G       5.7M        55M       319M

MemTotal:        4016004 kB
MemFree:         3220084 kB
Active:           441252 kB
Mem:          3.8G       777M       3.1G       5.7M        55M       319M

MemTotal:        4016004 kB
MemFree:         3220332 kB
Active:           441252 kB
Mem:          3.8G       777M       3.1G       5.7M        55M       319M

MemTotal:        4016004 kB
MemFree:         3219820 kB
Active:           441256 kB
Mem:          3.8G       777M       3.1G       5.7M        55M       319M

MemTotal:        4016004 kB
MemFree:         3218004 kB
Active:           441224 kB
Mem:          3.8G       779M       3.1G       5.7M        55M       319M

MemTotal:        4016004 kB
MemFree:         3218176 kB
Active:           443236 kB
Mem:          3.8G       779M       3.1G       5.7M        55M       319M

MemTotal:        4016004 kB
MemFree:         3218176 kB
Active:           443240 kB
Mem:          3.8G       778M       3.1G       5.7M        55M       319M

MemTotal:        4016004 kB
MemFree:         3217804 kB
Active:           443292 kB
Mem:          3.8G       779M       3.1G       5.7M        55M       319M

MemTotal:        4016004 kB
MemFree:         3218036 kB
Active:           443292 kB
Mem:          3.8G       779M       3.1G       5.7M        55M       319M

MemTotal:        4016004 kB
MemFree:         3218036 kB
Active:           443244 kB
Mem:          3.8G       779M       3.1G       5.7M        55M       319M

MemTotal:        4016004 kB
MemFree:         3217756 kB
Active:           443292 kB
Mem:          3.8G       779M       3.1G       5.7M        55M       319M

MemTotal:        4016004 kB
MemFree:         3218236 kB
Active:           443252 kB
Mem:          3.8G       779M       3.1G       5.7M        55M       319M

MemTotal:        4016004 kB
MemFree:         3218144 kB
Active:           443240 kB
Mem:          3.8G       779M       3.1G       5.7M        55M       319M

MemTotal:        4016004 kB
MemFree:         3217648 kB
Active:           443292 kB
Mem:          3.8G       779M       3.1G       5.7M        55M       319M

MemTotal:        4016004 kB
MemFree:         3218020 kB
Active:           443268 kB
Mem:          3.8G       779M       3.1G       5.7M        55M       319M

MemTotal:        4016004 kB
MemFree:         3218144 kB
Active:           443248 kB
Mem:          3.8G       779M       3.1G       5.7M        55M       319M

MemTotal:        4016004 kB
MemFree:         3218516 kB
Active:           443280 kB
Mem:          3.8G       778M       3.1G       5.7M        55M       319M

MemTotal:        4016004 kB
MemFree:         3217676 kB
Active:           443552 kB
Mem:          3.8G       780M       3.1G       5.7M        55M       319M

MemTotal:        4016004 kB
MemFree:         3174172 kB
Active:           444652 kB
Mem:          3.8G       822M       3.0G       5.7M        55M       360M

MemTotal:        4016004 kB
MemFree:         3128040 kB
Active:           444684 kB
Mem:          3.8G       868M       3.0G       5.7M        55M       404M

MemTotal:        4016004 kB
MemFree:         3081304 kB
Active:           444740 kB
Mem:          3.8G       913M       2.9G       5.7M        55M       449M

MemTotal:        4016004 kB
MemFree:         3036428 kB
Active:           444768 kB
Mem:          3.8G       957M       2.9G       5.7M        55M       492M

MemTotal:        4016004 kB
MemFree:         2990188 kB
Active:           444800 kB
Mem:          3.8G       1.0G       2.9G       5.7M        55M       536M

MemTotal:        4016004 kB
MemFree:         2943840 kB
Active:           444816 kB
Mem:          3.8G       1.0G       2.8G       5.7M        55M       581M

MemTotal:        4016004 kB
MemFree:         2896932 kB
Active:           446872 kB
Mem:          3.8G       1.1G       2.8G       5.7M        55M       623M

MemTotal:        4016004 kB
MemFree:         2851328 kB
Active:           446892 kB
Mem:          3.8G       1.1G       2.7G       5.7M        55M       667M

MemTotal:        4016004 kB
MemFree:         2805788 kB
Active:           446924 kB
Mem:          3.8G       1.2G       2.7G       5.7M        55M       711M

MemTotal:        4016004 kB
MemFree:         2759716 kB
Active:           446952 kB
Mem:          3.8G       1.2G       2.6G       5.7M        55M       756M

MemTotal:        4016004 kB
MemFree:         2715696 kB
Active:           446976 kB
Mem:          3.8G       1.2G       2.6G       5.7M        56M       798M

MemTotal:        4016004 kB
MemFree:         2693612 kB
Active:           446996 kB
Mem:          3.8G       1.3G       2.6G       5.7M        56M       819M

MemTotal:        4016004 kB
MemFree:         2647248 kB
Active:           447016 kB
Mem:          3.8G       1.3G       2.5G       5.7M        56M       864M

MemTotal:        4016004 kB
MemFree:         2602760 kB
Active:           447040 kB
Mem:          3.8G       1.3G       2.5G       5.7M        56M       908M

MemTotal:        4016004 kB
MemFree:         2556884 kB
Active:           447064 kB
Mem:          3.8G       1.4G       2.4G       5.7M        56M       951M

MemTotal:        4016004 kB
MemFree:         2512392 kB
Active:           447092 kB
Mem:          3.8G       1.4G       2.4G       5.7M        56M       993M

MemTotal:        4016004 kB
MemFree:         2499084 kB
Active:           445116 kB
Mem:          3.8G       1.4G       2.4G       5.7M        56M       1.0G

MemTotal:        4016004 kB
MemFree:         2453884 kB
Active:           447152 kB
Mem:          3.8G       1.5G       2.3G       5.7M        56M       1.0G

MemTotal:        4016004 kB
MemFree:         2408068 kB
Active:           447164 kB
Mem:          3.8G       1.5G       2.3G       5.7M        56M       1.1G

MemTotal:        4016004 kB
MemFree:         2363256 kB
Active:           447184 kB
Mem:          3.8G       1.6G       2.3G       5.7M        56M       1.1G

MemTotal:        4016004 kB
MemFree:         2317032 kB
Active:           447224 kB
Mem:          3.8G       1.6G       2.2G       5.7M        56M       1.2G

MemTotal:        4016004 kB
MemFree:         2272668 kB
Active:           447244 kB
Mem:          3.8G       1.7G       2.2G       5.7M        56M       1.2G

MemTotal:        4016004 kB
MemFree:         2226072 kB
Active:           447308 kB
Mem:          3.8G       1.7G       2.1G       5.7M        56M       1.2G

MemTotal:        4016004 kB
MemFree:         2180096 kB
Active:           447344 kB
Mem:          3.8G       1.8G       2.1G       5.7M        56M       1.3G

MemTotal:        4016004 kB
MemFree:         2135040 kB
Active:           447340 kB
Mem:          3.8G       1.8G       2.0G       5.7M        56M       1.3G

MemTotal:        4016004 kB
MemFree:         2089588 kB
Active:           447384 kB
Mem:          3.8G       1.8G       2.0G       5.7M        56M       1.4G

MemTotal:        4016004 kB
MemFree:         2079872 kB
Active:           445388 kB
Mem:          3.8G       1.8G       2.0G       5.7M        56M       1.4G

MemTotal:        4016004 kB
MemFree:         2080684 kB
Active:           447400 kB
Mem:          3.8G       1.8G       2.0G       5.7M        56M       1.4G

MemTotal:        4016004 kB
MemFree:         2037592 kB
Active:           447448 kB
Mem:          3.8G       1.9G       1.9G       5.7M        56M       1.4G

MemTotal:        4016004 kB
MemFree:         1993476 kB
Active:           447448 kB
Mem:          3.8G       1.9G       1.9G       5.7M        56M       1.5G

MemTotal:        4016004 kB
MemFree:         1947160 kB
Active:           447484 kB
Mem:          3.8G       2.0G       1.9G       5.7M        56M       1.5G

MemTotal:        4016004 kB
MemFree:         1940412 kB
Active:           447512 kB
Mem:          3.8G       2.0G       1.9G       5.7M        56M       1.5G

MemTotal:        4016004 kB
MemFree:         1940208 kB
Active:           447480 kB
Mem:          3.8G       2.0G       1.9G       5.7M        56M       1.5G

MemTotal:        4016004 kB
MemFree:         1919828 kB
Active:           447540 kB
Mem:          3.8G       2.0G       1.8G       5.7M        56M       1.5G

MemTotal:        4016004 kB
MemFree:         1875092 kB
Active:           447560 kB
Mem:          3.8G       2.0G       1.8G       5.7M        56M       1.6G

MemTotal:        4016004 kB
MemFree:         1828868 kB
Active:           447540 kB
Mem:          3.8G       2.1G       1.7G       5.7M        56M       1.6G

MemTotal:        4016004 kB
MemFree:         1782440 kB
Active:           445572 kB
Mem:          3.8G       2.1G       1.7G       5.7M        56M       1.7G

MemTotal:        4016004 kB
MemFree:         1738016 kB
Active:           447620 kB
Mem:          3.8G       2.2G       1.7G       5.7M        56M       1.7G

MemTotal:        4016004 kB
MemFree:         1692040 kB
Active:           447648 kB
Mem:          3.8G       2.2G       1.6G       5.7M        56M       1.7G

MemTotal:        4016004 kB
MemFree:         1645568 kB
Active:           447688 kB
Mem:          3.8G       2.3G       1.6G       5.7M        56M       1.8G

MemTotal:        4016004 kB
MemFree:         1601292 kB
Active:           447720 kB
Mem:          3.8G       2.3G       1.5G       5.7M        56M       1.8G

MemTotal:        4016004 kB
MemFree:         1580040 kB
Active:           447744 kB
Mem:          3.8G       2.3G       1.5G       5.7M        56M       1.8G

MemTotal:        4016004 kB
MemFree:         1580168 kB
Active:           447716 kB
Mem:          3.8G       2.3G       1.5G       5.7M        56M       1.8G

MemTotal:        4016004 kB
MemFree:         1580016 kB
Active:           447740 kB
Mem:          3.8G       2.3G       1.5G       5.7M        56M       1.8G

MemTotal:        4016004 kB
MemFree:         1538260 kB
Active:           447772 kB
Mem:          3.8G       2.4G       1.5G       5.7M        56M       1.9G

MemTotal:        4016004 kB
MemFree:         1493400 kB
Active:           447776 kB
Mem:          3.8G       2.4G       1.4G       5.7M        56M       1.9G

MemTotal:        4016004 kB
MemFree:         1446680 kB
Active:           447808 kB
Mem:          3.8G       2.5G       1.4G       5.7M        56M       2.0G

MemTotal:        4016004 kB
MemFree:         1401184 kB
Active:           447832 kB
Mem:          3.8G       2.5G       1.3G       5.7M        56M       2.0G

MemTotal:        4016004 kB
MemFree:         1356324 kB
Active:           447868 kB
Mem:          3.8G       2.5G       1.3G       5.7M        56M       2.1G

MemTotal:        4016004 kB
MemFree:         1310348 kB
Active:           447844 kB
Mem:          3.8G       2.6G       1.2G       5.7M        56M       2.1G

MemTotal:        4016004 kB
MemFree:         1263904 kB
Active:           447932 kB
Mem:          3.8G       2.6G       1.2G       5.7M        56M       2.1G

MemTotal:        4016004 kB
MemFree:         1238444 kB
Active:           447908 kB
Mem:          3.8G       2.6G       1.2G       5.7M        56M       2.2G

MemTotal:        4016004 kB
MemFree:         1236188 kB
Active:           448016 kB
Mem:          3.8G       2.7G       1.2G       5.7M        56M       2.2G

MemTotal:        4016004 kB
MemFree:         1190944 kB
Active:           447940 kB
Mem:          3.8G       2.7G       1.1G       5.7M        56M       2.2G

MemTotal:        4016004 kB
MemFree:         1144456 kB
Active:           447980 kB
Mem:          3.8G       2.7G       1.1G       5.7M        56M       2.3G

MemTotal:        4016004 kB
MemFree:         1099720 kB
Active:           448000 kB
Mem:          3.8G       2.8G       1.0G       5.7M        56M       2.3G

MemTotal:        4016004 kB
MemFree:         1053356 kB
Active:           448012 kB
Mem:          3.8G       2.8G       1.0G       5.7M        56M       2.3G

MemTotal:        4016004 kB
MemFree:         1008496 kB
Active:           448032 kB
Mem:          3.8G       2.9G       984M       5.7M        56M       2.4G

MemTotal:        4016004 kB
MemFree:          962272 kB
Active:           448072 kB
Mem:          3.8G       2.9G       939M       5.7M        56M       2.4G

MemTotal:        4016004 kB
MemFree:          917632 kB
Active:           448128 kB
Mem:          3.8G       3.0G       896M       5.7M        56M       2.5G

MemTotal:        4016004 kB
MemFree:          870664 kB
Active:           448136 kB
Mem:          3.8G       3.0G       850M       5.7M        57M       2.5G

MemTotal:        4016004 kB
MemFree:          846292 kB
Active:           448168 kB
Mem:          3.8G       3.0G       826M       5.7M        57M       2.5G

MemTotal:        4016004 kB
MemFree:          800084 kB
Active:           448168 kB
Mem:          3.8G       3.1G       780M       5.7M        57M       2.6G

MemTotal:        4016004 kB
MemFree:          755100 kB
Active:           448236 kB
Mem:          3.8G       3.1G       736M       5.7M        57M       2.6G

MemTotal:        4016004 kB
MemFree:          709472 kB
Active:           448256 kB
Mem:          3.8G       3.2G       692M       5.7M        57M       2.7G

MemTotal:        4016004 kB
MemFree:          663788 kB
Active:           448304 kB
Mem:          3.8G       3.2G       647M       5.7M        57M       2.7G

MemTotal:        4016004 kB
MemFree:          651700 kB
Active:           448328 kB
Mem:          3.8G       3.2G       636M       5.7M        57M       2.7G

MemTotal:        4016004 kB
MemFree:          651672 kB
Active:           448328 kB
Mem:          3.8G       3.2G       636M       5.7M        57M       2.7G

MemTotal:        4016004 kB
MemFree:          625620 kB
Active:           450412 kB
Mem:          3.8G       3.2G       610M       5.7M        58M       2.7G

MemTotal:        4016004 kB
MemFree:          581364 kB
Active:           452044 kB
Mem:          3.8G       3.3G       567M       5.7M        59M       2.8G

MemTotal:        4016004 kB
MemFree:          534488 kB
Active:           452324 kB
Mem:          3.8G       3.3G       521M       5.7M        60M       2.8G

MemTotal:        4016004 kB
MemFree:          488660 kB
Active:           452788 kB
Mem:          3.8G       3.4G       476M       5.7M        60M       2.9G

MemTotal:        4016004 kB
MemFree:          442676 kB
Active:           453020 kB
Mem:          3.8G       3.4G       431M       5.7M        60M       2.9G

MemTotal:        4016004 kB
MemFree:          395988 kB
Active:           453152 kB
Mem:          3.8G       3.5G       386M       5.7M        61M       3.0G

MemTotal:        4016004 kB
MemFree:          348828 kB
Active:           453496 kB
Mem:          3.8G       3.5G       339M       5.7M        61M       3.0G

MemTotal:        4016004 kB
MemFree:          303040 kB
Active:           453792 kB
Mem:          3.8G       3.5G       294M       5.7M        61M       3.0G

MemTotal:        4016004 kB
MemFree:          283960 kB
Active:           454928 kB
Mem:          3.8G       3.6G       277M       5.7M        63M       3.1G

MemTotal:        4016004 kB
MemFree:          237676 kB
Active:           454900 kB
Mem:          3.8G       3.6G       231M       5.7M        63M       3.1G

MemTotal:        4016004 kB
MemFree:          190816 kB
Active:           454904 kB
Mem:          3.8G       3.6G       186M       5.7M        63M       3.1G

MemTotal:        4016004 kB
MemFree:          143316 kB
Active:           454752 kB
Mem:          3.8G       3.7G       139M       5.7M        63M       3.2G

MemTotal:        4016004 kB
MemFree:          132852 kB
Active:           451704 kB
Mem:          3.8G       3.7G       113M       5.7M        31M       3.2G

MemTotal:        4016004 kB
MemFree:          115996 kB
Active:           451584 kB
Mem:          3.8G       3.7G       112M       5.7M        31M       3.2G

MemTotal:        4016004 kB
MemFree:          107904 kB
Active:           465080 kB
Mem:          3.8G       3.7G       104M       5.7M        28M       3.3G

MemTotal:        4016004 kB
MemFree:          108800 kB
Active:           511560 kB
Mem:          3.8G       3.7G       105M       5.7M        28M       3.3G

MemTotal:        4016004 kB
MemFree:          122344 kB
Active:           506576 kB
Mem:          3.8G       3.7G       123M       5.7M        28M       3.2G

MemTotal:        4016004 kB
MemFree:          122052 kB
Active:           501172 kB
Mem:          3.8G       3.7G       118M       5.7M        28M       3.2G

MemTotal:        4016004 kB
MemFree:          112768 kB
Active:           495776 kB
Mem:          3.8G       3.7G       110M       5.7M        28M       3.3G

MemTotal:        4016004 kB
MemFree:          132620 kB
Active:           487336 kB
Mem:          3.8G       3.7G       128M       5.7M        28M       3.2G

MemTotal:        4016004 kB
MemFree:          122480 kB
Active:           483880 kB
Mem:          3.8G       3.7G       118M       5.7M        28M       3.2G

MemTotal:        4016004 kB
MemFree:          111784 kB
Active:           480340 kB
Mem:          3.8G       3.7G       108M       5.7M        28M       3.3G

MemTotal:        4016004 kB
MemFree:          125520 kB
Active:           475076 kB
Mem:          3.8G       3.7G       127M       5.7M        28M       3.2G

MemTotal:        4016004 kB
MemFree:          136492 kB
Active:           473416 kB
Mem:          3.8G       3.7G       133M       5.7M        28M       3.2G

MemTotal:        4016004 kB
MemFree:          136992 kB
Active:           473456 kB
Mem:          3.8G       3.7G       133M       5.7M        28M       3.2G

MemTotal:        4016004 kB
MemFree:          107764 kB
Active:           473460 kB
Mem:          3.8G       3.7G       104M       5.7M        28M       3.3G

MemTotal:        4016004 kB
MemFree:          109044 kB
Active:           468468 kB
Mem:          3.8G       3.7G       105M       5.7M        28M       3.3G

MemTotal:        4016004 kB
MemFree:          133988 kB
Active:           459572 kB
Mem:          3.8G       3.7G       130M       5.7M        28M       3.2G

MemTotal:        4016004 kB
MemFree:          140696 kB
Active:           455580 kB
Mem:          3.8G       3.7G       136M       5.7M        28M       3.2G

MemTotal:        4016004 kB
MemFree:          130788 kB
Active:           454568 kB
Mem:          3.8G       3.7G       126M       5.7M        28M       3.2G

MemTotal:        4016004 kB
MemFree:          119656 kB
Active:           453292 kB
Mem:          3.8G       3.7G       116M       5.7M        28M       3.2G

MemTotal:        4016004 kB
MemFree:          108876 kB
Active:           452144 kB
Mem:          3.8G       3.7G       105M       5.7M        28M       3.3G

MemTotal:        4016004 kB
MemFree:          109628 kB
Active:           450512 kB
Mem:          3.8G       3.7G       106M       5.7M        28M       3.3G

MemTotal:        4016004 kB
MemFree:          116216 kB
Active:           448464 kB
Mem:          3.8G       3.7G       113M       5.7M        28M       3.2G

MemTotal:        4016004 kB
MemFree:          105928 kB
Active:           447312 kB
Mem:          3.8G       3.7G       102M       5.7M        28M       3.3G

MemTotal:        4016004 kB
MemFree:          135436 kB
Active:           444376 kB
Mem:          3.8G       3.7G       131M       5.7M        28M       3.2G

MemTotal:        4016004 kB
MemFree:          131860 kB
Active:           442568 kB
Mem:          3.8G       3.7G       128M       5.7M        28M       3.2G

MemTotal:        4016004 kB
MemFree:          131676 kB
Active:           440784 kB
Mem:          3.8G       3.7G       127M       5.7M        28M       3.2G

MemTotal:        4016004 kB
MemFree:          131852 kB
Active:           439008 kB
Mem:          3.8G       3.7G       127M       5.7M        28M       3.2G

MemTotal:        4016004 kB
MemFree:          131544 kB
Active:           437092 kB
Mem:          3.8G       3.7G       127M       5.7M        28M       3.2G

MemTotal:        4016004 kB
MemFree:          130820 kB
Active:           436920 kB
Mem:          3.8G       3.7G       127M       5.7M        28M       3.2G

MemTotal:        4016004 kB
MemFree:          112468 kB
Active:           436460 kB
Mem:          3.8G       3.7G       109M       5.7M        28M       3.2G

MemTotal:        4016004 kB
MemFree:          130832 kB
Active:           430308 kB
Mem:          3.8G       3.7G       127M       5.7M        28M       3.2G

MemTotal:        4016004 kB
MemFree:          121188 kB
Active:           429156 kB
Mem:          3.8G       3.7G       117M       5.7M        28M       3.2G

MemTotal:        4016004 kB
MemFree:          110164 kB
Active:           427876 kB
Mem:          3.8G       3.7G       106M       5.7M        28M       3.3G

MemTotal:        4016004 kB
MemFree:          124576 kB
Active:           424248 kB
Mem:          3.8G       3.7G       132M       5.7M        28M       3.2G

MemTotal:        4016004 kB
MemFree:          126240 kB
Active:           422588 kB
Mem:          3.8G       3.7G       122M       5.7M        28M       3.2G

MemTotal:        4016004 kB
MemFree:          134608 kB
Active:           420804 kB
Mem:          3.8G       3.7G       130M       5.7M        28M       3.2G

MemTotal:        4016004 kB
MemFree:          123196 kB
Active:           417632 kB
Mem:          3.8G       3.7G       119M       5.7M        28M       3.2G

MemTotal:        4016004 kB
MemFree:          106740 kB
Active:           416608 kB
Mem:          3.8G       3.7G       103M       5.7M        28M       3.3G

MemTotal:        4016004 kB
MemFree:          124528 kB
Active:           412628 kB
Mem:          3.8G       3.7G       121M       5.7M        28M       3.2G

MemTotal:        4016004 kB
MemFree:          114916 kB
Active:           411360 kB
Mem:          3.8G       3.7G       111M       5.7M        28M       3.2G

MemTotal:        4016004 kB
MemFree:          127668 kB
Active:           407728 kB
Mem:          3.8G       3.7G       123M       5.7M        28M       3.2G

MemTotal:        4016004 kB
MemFree:          108808 kB
Active:           406708 kB
Mem:          3.8G       3.7G       105M       5.7M        28M       3.3G

MemTotal:        4016004 kB
MemFree:          109120 kB
Active:           405044 kB
Mem:          3.8G       3.7G       105M       5.7M        28M       3.3G

MemTotal:        4016004 kB
MemFree:          118544 kB
Active:           403388 kB
Mem:          3.8G       3.7G       114M       5.7M        28M       3.2G

MemTotal:        4016004 kB
MemFree:          119128 kB
Active:           403600 kB
Mem:          3.8G       3.7G       115M       5.7M        28M       3.2G

MemTotal:        4016004 kB
MemFree:          126332 kB
Active:           401040 kB
Mem:          3.8G       3.7G       122M       5.7M        28M       3.2G

MemTotal:        4016004 kB
MemFree:          115820 kB
Active:           400784 kB
Mem:          3.8G       3.7G       112M       5.7M        28M       3.2G

MemTotal:        4016004 kB
MemFree:          127924 kB
Active:           399132 kB
Mem:          3.8G       3.7G       124M       5.7M        28M       3.2G

MemTotal:        4016004 kB
MemFree:          112456 kB
Active:           397860 kB
Mem:          3.8G       3.7G       108M       5.7M        28M       3.2G

MemTotal:        4016004 kB
MemFree:          125032 kB
Active:           396200 kB
Mem:          3.8G       3.7G       121M       5.7M        28M       3.2G

MemTotal:        4016004 kB
MemFree:          127260 kB
Active:           394536 kB
Mem:          3.8G       3.7G       123M       5.7M        28M       3.2G

MemTotal:        4016004 kB
MemFree:          134916 kB
Active:           392744 kB
Mem:          3.8G       3.7G       130M       5.7M        28M       3.2G

MemTotal:        4016004 kB
MemFree:          124748 kB
Active:           391736 kB
Mem:          3.8G       3.7G       120M       5.7M        28M       3.2G

MemTotal:        4016004 kB
MemFree:          123852 kB
Active:           391576 kB
Mem:          3.8G       3.7G       120M       5.7M        28M       3.2G

MemTotal:        4016004 kB
MemFree:          123520 kB
Active:           391568 kB
Mem:          3.8G       3.7G       120M       5.7M        28M       3.2G

MemTotal:        4016004 kB
MemFree:          120228 kB
Active:           391624 kB
Mem:          3.8G       3.7G       116M       5.7M        28M       3.2G

MemTotal:        4016004 kB
MemFree:          109716 kB
Active:           388448 kB
Mem:          3.8G       3.7G       106M       5.7M        28M       3.3G

MemTotal:        4016004 kB
MemFree:          134760 kB
Active:           385732 kB
Mem:          3.8G       3.7G       131M       5.7M        28M       3.2G

MemTotal:        4016004 kB
MemFree:          135672 kB
Active:           385732 kB
Mem:          3.8G       3.7G       131M       5.7M        28M       3.2G

MemTotal:        4016004 kB
MemFree:          124896 kB
Active:           385740 kB
Mem:          3.8G       3.7G       121M       5.7M        28M       3.2G

MemTotal:        4016004 kB
MemFree:          138564 kB
Active:           385740 kB
Mem:          3.8G       3.7G       134M       5.7M        28M       3.2G

MemTotal:        4016004 kB
MemFree:          133476 kB
Active:           387020 kB
Mem:          3.8G       3.7G       129M       5.7M        28M       3.2G

MemTotal:        4016004 kB
MemFree:          110364 kB
Active:           387020 kB
Mem:          3.8G       3.7G       107M       5.7M        28M       3.2G

MemTotal:        4016004 kB
MemFree:          150948 kB
Active:           387024 kB
Mem:          3.8G       3.7G       147M       5.7M        28M       3.2G

MemTotal:        4016004 kB
MemFree:          151004 kB
Active:           386952 kB
Mem:          3.8G       3.7G       147M       5.7M        28M       3.2G

MemTotal:        4016004 kB
MemFree:          120892 kB
Active:           386936 kB
Mem:          3.8G       3.7G       117M       5.7M        28M       3.2G

MemTotal:        4016004 kB
MemFree:          137288 kB
Active:           383668 kB
Mem:          3.8G       3.7G       132M       5.7M        28M       3.2G

MemTotal:        4016004 kB
MemFree:          126592 kB
Active:           383632 kB
Mem:          3.8G       3.7G       122M       5.7M        28M       3.2G

MemTotal:        4016004 kB
MemFree:          106240 kB
Active:           383668 kB
Mem:          3.8G       3.7G       103M       5.7M        28M       3.3G

MemTotal:        4016004 kB
MemFree:          118780 kB
Active:           383676 kB
Mem:          3.8G       3.7G       115M       5.7M        28M       3.2G

MemTotal:        4016004 kB
MemFree:          108240 kB
Active:           383712 kB
Mem:          3.8G       3.7G       104M       5.7M        28M       3.3G

MemTotal:        4016004 kB
MemFree:          125000 kB
Active:           380428 kB
Mem:          3.8G       3.7G       121M       5.7M        28M       3.2G

MemTotal:        4016004 kB
MemFree:          114116 kB
Active:           380440 kB
Mem:          3.8G       3.7G       110M       5.7M        28M       3.2G

MemTotal:        4016004 kB
MemFree:          133224 kB
Active:           380440 kB
Mem:          3.8G       3.7G       129M       5.7M        28M       3.2G

MemTotal:        4016004 kB
MemFree:          111088 kB
Active:           380496 kB
Mem:          3.8G       3.7G       107M       5.7M        28M       3.2G

MemTotal:        4016004 kB
MemFree:          124628 kB
Active:           380420 kB
Mem:          3.8G       3.7G       121M       5.7M        28M       3.2G

MemTotal:        4016004 kB
MemFree:          127856 kB
Active:           380280 kB
Mem:          3.8G       3.7G       123M       5.7M        28M       3.2G

MemTotal:        4016004 kB
MemFree:          134176 kB
Active:           380216 kB
Mem:          3.8G       3.7G       129M       5.7M        28M       3.2G

MemTotal:        4016004 kB
MemFree:          126808 kB
Active:           380224 kB
Mem:          3.8G       3.7G       123M       5.7M        28M       3.2G

MemTotal:        4016004 kB
MemFree:          117480 kB
Active:           380244 kB
Mem:          3.8G       3.7G       113M       5.7M        28M       3.2G

MemTotal:        4016004 kB
MemFree:          115576 kB
Active:           380224 kB
Mem:          3.8G       3.7G       111M       5.7M        28M       3.2G

MemTotal:        4016004 kB
MemFree:          105444 kB
Active:           380260 kB
Mem:          3.8G       3.7G       102M       5.7M        28M       3.3G

MemTotal:        4016004 kB
MemFree:          112948 kB
Active:           380256 kB
Mem:          3.8G       3.7G       109M       5.7M        28M       3.2G

MemTotal:        4016004 kB
MemFree:          123196 kB
Active:           380068 kB
Mem:          3.8G       3.7G       119M       5.7M        28M       3.2G

MemTotal:        4016004 kB
MemFree:          125176 kB
Active:           380064 kB
Mem:          3.8G       3.7G       121M       5.7M        28M       3.2G

MemTotal:        4016004 kB
MemFree:          126936 kB
Active:           379988 kB
Mem:          3.8G       3.7G       123M       5.7M        28M       3.2G

MemTotal:        4016004 kB
MemFree:          128120 kB
Active:           379988 kB
Mem:          3.8G       3.7G       123M       5.7M        28M       3.2G

MemTotal:        4016004 kB
MemFree:          105812 kB
Active:           379984 kB
Mem:          3.8G       3.7G       114M       5.7M        28M       3.2G

MemTotal:        4016004 kB
MemFree:          124204 kB
Active:           379932 kB
Mem:          3.8G       3.7G       120M       5.7M        28M       3.2G

MemTotal:        4016004 kB
MemFree:          119740 kB
Active:           379980 kB
Mem:          3.8G       3.7G       116M       5.7M        28M       3.2G

MemTotal:        4016004 kB
MemFree:          106908 kB
Active:           380024 kB
Mem:          3.8G       3.7G       103M       5.7M        28M       3.3G

MemTotal:        4016004 kB
MemFree:          131488 kB
Active:           378872 kB
Mem:          3.8G       3.7G       127M       5.7M        28M       3.2G

MemTotal:        4016004 kB
MemFree:          114804 kB
Active:           378872 kB
Mem:          3.8G       3.7G       111M       5.7M        28M       3.2G

MemTotal:        4016004 kB
MemFree:          104788 kB
Active:           378740 kB
Mem:          3.8G       3.7G       124M       5.7M        28M       3.2G

MemTotal:        4016004 kB
MemFree:          117992 kB
Active:           378588 kB
Mem:          3.8G       3.7G       114M       5.7M        28M       3.2G

MemTotal:        4016004 kB
MemFree:          107856 kB
Active:           378588 kB
Mem:          3.8G       3.7G       104M       5.7M        28M       3.3G

MemTotal:        4016004 kB
MemFree:          130308 kB
Active:           378588 kB
Mem:          3.8G       3.7G       126M       5.7M        28M       3.2G

MemTotal:        4016004 kB
MemFree:          109912 kB
Active:           376644 kB
Mem:          3.8G       3.7G       106M       5.7M        28M       3.2G

MemTotal:        4016004 kB
MemFree:          134864 kB
Active:           376476 kB
Mem:          3.8G       3.7G       131M       5.7M        28M       3.2G

MemTotal:        4016004 kB
MemFree:          125088 kB
Active:           376472 kB
Mem:          3.8G       3.7G       121M       5.7M        28M       3.2G

MemTotal:        4016004 kB
MemFree:          108144 kB
Active:           376512 kB
Mem:          3.8G       3.7G       104M       5.7M        28M       3.3G

MemTotal:        4016004 kB
MemFree:          134700 kB
Active:           376512 kB
Mem:          3.8G       3.7G       131M       5.7M        28M       3.2G

MemTotal:        4016004 kB
MemFree:          107520 kB
Active:           376524 kB
Mem:          3.8G       3.7G       103M       5.7M        28M       3.3G

MemTotal:        4016004 kB
MemFree:          119868 kB
Active:           376532 kB
Mem:          3.8G       3.7G       116M       5.7M        28M       3.2G

MemTotal:        4016004 kB
MemFree:          119496 kB
Active:           378600 kB
Mem:          3.8G       3.7G       116M       5.7M        28M       3.2G

MemTotal:        4016004 kB
MemFree:          118704 kB
Active:           378600 kB
Mem:          3.8G       3.7G       115M       5.7M        28M       3.2G

MemTotal:        4016004 kB
MemFree:          118924 kB
Active:           378572 kB
Mem:          3.8G       3.7G       116M       5.7M        28M       3.2G

MemTotal:        4016004 kB
MemFree:          117132 kB
Active:           378604 kB
Mem:          3.8G       3.7G       114M       5.7M        28M       3.2G

MemTotal:        4016004 kB
MemFree:          106964 kB
Active:           378612 kB
Mem:          3.8G       3.7G       103M       5.7M        28M       3.3G

MemTotal:        4016004 kB
MemFree:          107844 kB
Active:           378048 kB
Mem:          3.8G       3.7G       104M       5.7M        28M       3.3G

MemTotal:        4016004 kB
MemFree:          133292 kB
Active:           378016 kB
Mem:          3.8G       3.7G       129M       5.7M        28M       3.2G

MemTotal:        4016004 kB
MemFree:          127848 kB
Active:           378020 kB
Mem:          3.8G       3.7G       124M       5.7M        28M       3.2G

MemTotal:        4016004 kB
MemFree:          129116 kB
Active:           378032 kB
Mem:          3.8G       3.7G       125M       5.7M        28M       3.2G

MemTotal:        4016004 kB
MemFree:          118836 kB
Active:           378036 kB
Mem:          3.8G       3.7G       115M       5.7M        28M       3.2G

MemTotal:        4016004 kB
MemFree:          118988 kB
Active:           378020 kB
Mem:          3.8G       3.7G       115M       5.7M        28M       3.2G

MemTotal:        4016004 kB
MemFree:          125648 kB
Active:           378060 kB
Mem:          3.8G       3.7G       121M       5.7M        28M       3.2G

MemTotal:        4016004 kB
MemFree:          117300 kB
Active:           375624 kB
Mem:          3.8G       3.7G       113M       5.7M        28M       3.2G

MemTotal:        4016004 kB
MemFree:          106432 kB
Active:           375400 kB
Mem:          3.8G       3.7G       103M       5.7M        28M       3.3G

MemTotal:        4016004 kB
MemFree:          136600 kB
Active:           375360 kB
Mem:          3.8G       3.7G       133M       5.7M        28M       3.2G

MemTotal:        4016004 kB
MemFree:          107952 kB
Active:           375416 kB
Mem:          3.8G       3.7G       105M       5.7M        28M       3.2G

MemTotal:        4016004 kB
MemFree:          107928 kB
Active:           375424 kB
Mem:          3.8G       3.7G       105M       5.7M        28M       3.2G

MemTotal:        4016004 kB
MemFree:          107840 kB
Active:           375416 kB
Mem:          3.8G       3.7G       105M       5.7M        28M       3.2G

MemTotal:        4016004 kB
MemFree:          120288 kB
Active:           375428 kB
Mem:          3.8G       3.7G       116M       5.7M        28M       3.2G

MemTotal:        4016004 kB
MemFree:          110024 kB
Active:           375432 kB
Mem:          3.8G       3.7G       106M       5.7M        28M       3.2G

MemTotal:        4016004 kB
MemFree:          123428 kB
Active:           375432 kB
Mem:          3.8G       3.7G       120M       5.7M        28M       3.2G

MemTotal:        4016004 kB
MemFree:          113024 kB
Active:           375420 kB
Mem:          3.8G       3.7G       109M       5.7M        28M       3.2G

MemTotal:        4016004 kB
MemFree:          126196 kB
Active:           375444 kB
Mem:          3.8G       3.7G       122M       5.7M        28M       3.2G

MemTotal:        4016004 kB
MemFree:          116600 kB
Active:           374420 kB
Mem:          3.8G       3.7G       112M       5.7M        28M       3.2G

MemTotal:        4016004 kB
MemFree:          117500 kB
Active:           374344 kB
Mem:          3.8G       3.7G       113M       5.7M        28M       3.2G

MemTotal:        4016004 kB
MemFree:          135304 kB
Active:           374344 kB
Mem:          3.8G       3.7G       131M       5.7M        28M       3.2G

MemTotal:        4016004 kB
MemFree:          127332 kB
Active:           374356 kB
Mem:          3.8G       3.7G       124M       5.7M        28M       3.2G

MemTotal:        4016004 kB
MemFree:          127784 kB
Active:           374360 kB
Mem:          3.8G       3.7G       124M       5.7M        28M       3.2G

MemTotal:        4016004 kB
MemFree:          117376 kB
Active:           374376 kB
Mem:          3.8G       3.7G       113M       5.7M        28M       3.2G

MemTotal:        4016004 kB
MemFree:          117268 kB
Active:           374380 kB
Mem:          3.8G       3.7G       113M       5.7M        28M       3.2G

MemTotal:        4016004 kB
MemFree:          118192 kB
Active:           373788 kB
Mem:          3.8G       3.7G       115M       5.7M        28M       3.2G

MemTotal:        4016004 kB
MemFree:          121500 kB
Active:           373580 kB
Mem:          3.8G       3.7G       118M       5.7M        28M       3.2G

MemTotal:        4016004 kB
MemFree:          129436 kB
Active:           367144 kB
Mem:          3.8G       3.7G       125M       5.7M        28M       3.2G

MemTotal:        4016004 kB
MemFree:          118784 kB
Active:           367024 kB
Mem:          3.8G       3.7G       115M       5.7M        28M       3.2G

MemTotal:        4016004 kB
MemFree:          125384 kB
Active:           367024 kB
Mem:          3.8G       3.7G       121M       5.7M        28M       3.2G

MemTotal:        4016004 kB
MemFree:          120568 kB
Active:           367028 kB
Mem:          3.8G       3.7G       116M       5.7M        28M       3.2G

MemTotal:        4016004 kB
MemFree:          110616 kB
Active:           367036 kB
Mem:          3.8G       3.7G       106M       5.7M        28M       3.2G

MemTotal:        4016004 kB
MemFree:          126384 kB
Active:           367048 kB
Mem:          3.8G       3.7G       123M       5.7M        28M       3.2G

MemTotal:        4016004 kB
MemFree:          106192 kB
Active:           367048 kB
Mem:          3.8G       3.7G       102M       5.7M        28M       3.2G

MemTotal:        4016004 kB
MemFree:          131904 kB
Active:           366932 kB
Mem:          3.8G       3.7G       128M       5.7M        28M       3.2G

MemTotal:        4016004 kB
MemFree:          138040 kB
Active:           367092 kB
Mem:          3.8G       3.7G       134M       5.7M        28M       3.2G

MemTotal:        4016004 kB
MemFree:          130916 kB
Active:           366884 kB
Mem:          3.8G       3.7G       126M       5.7M        28M       3.2G

MemTotal:        4016004 kB
MemFree:          120824 kB
Active:           366900 kB
Mem:          3.8G       3.7G       116M       5.7M        28M       3.2G

MemTotal:        4016004 kB
MemFree:          130868 kB
Active:           364552 kB
Mem:          3.8G       3.7G       126M       5.7M        28M       3.2G

MemTotal:        4016004 kB
MemFree:          119984 kB
Active:           364504 kB
Mem:          3.8G       3.7G       116M       5.7M        28M       3.2G

MemTotal:        4016004 kB
MemFree:          126816 kB
Active:           364508 kB
Mem:          3.8G       3.7G       122M       5.7M        28M       3.2G

MemTotal:        4016004 kB
MemFree:          115916 kB
Active:           364516 kB
Mem:          3.8G       3.7G       112M       5.7M        28M       3.2G

MemTotal:        4016004 kB
MemFree:          105148 kB
Active:           364516 kB
Mem:          3.8G       3.7G       125M       5.7M        28M       3.2G

MemTotal:        4016004 kB
MemFree:          105584 kB
Active:           364392 kB
Mem:          3.8G       3.7G       124M       5.7M        28M       3.2G

MemTotal:        4016004 kB
MemFree:          110044 kB
Active:           364512 kB
Mem:          3.8G       3.7G       107M       5.7M        28M       3.2G

MemTotal:        4016004 kB
MemFree:          109956 kB
Active:           364400 kB
Mem:          3.8G       3.7G       107M       5.7M        28M       3.2G

MemTotal:        4016004 kB
MemFree:          110320 kB
Active:           364420 kB
Mem:          3.8G       3.7G       107M       5.7M        28M       3.2G

MemTotal:        4016004 kB
MemFree:          110116 kB
Active:           364532 kB
Mem:          3.8G       3.7G       107M       5.7M        28M       3.2G

MemTotal:        4016004 kB
MemFree:          127800 kB
Active:           364308 kB
Mem:          3.8G       3.7G       123M       5.7M        28M       3.2G

MemTotal:        4016004 kB
MemFree:          123184 kB
Active:           364384 kB
Mem:          3.8G       3.7G       119M       5.7M        28M       3.2G

MemTotal:        4016004 kB
MemFree:          124744 kB
Active:           364424 kB
Mem:          3.8G       3.7G       121M       5.7M        28M       3.2G

MemTotal:        4016004 kB
MemFree:          123164 kB
Active:           361968 kB
Mem:          3.8G       3.7G       119M       5.7M        28M       3.2G

MemTotal:        4016004 kB
MemFree:          106032 kB
Active:           361684 kB
Mem:          3.8G       3.7G       111M       5.7M        28M       3.2G

MemTotal:        4016004 kB
MemFree:          125156 kB
Active:           361692 kB
Mem:          3.8G       3.7G       121M       5.7M        28M       3.2G

MemTotal:        4016004 kB
MemFree:          127336 kB
Active:           361680 kB
Mem:          3.8G       3.7G       123M       5.7M        28M       3.2G

MemTotal:        4016004 kB
MemFree:          122712 kB
Active:           361768 kB
Mem:          3.8G       3.7G       118M       5.7M        28M       3.2G

MemTotal:        4016004 kB
MemFree:          105920 kB
Active:           363672 kB
Mem:          3.8G       3.7G       125M       5.7M        28M       3.2G

MemTotal:        4016004 kB
MemFree:          124704 kB
Active:           363140 kB
Mem:          3.8G       3.7G       121M       5.7M        28M       3.2G

MemTotal:        4016004 kB
MemFree:          126940 kB
Active:           363136 kB
Mem:          3.8G       3.7G       123M       5.7M        28M       3.2G

MemTotal:        4016004 kB
MemFree:          127840 kB
Active:           363096 kB
Mem:          3.8G       3.7G       124M       5.7M        28M       3.2G

MemTotal:        4016004 kB
MemFree:          106448 kB
Active:           363108 kB
Mem:          3.8G       3.7G       126M       5.7M        28M       3.2G

MemTotal:        4016004 kB
MemFree:          113728 kB
Active:           362892 kB
Mem:          3.8G       3.7G       111M       5.7M        28M       3.2G

MemTotal:        4016004 kB
MemFree:          113912 kB
Active:           362844 kB
Mem:          3.8G       3.7G       111M       5.7M        28M       3.2G

MemTotal:        4016004 kB
MemFree:          113232 kB
Active:           363004 kB
Mem:          3.8G       3.7G       110M       5.7M        28M       3.2G

MemTotal:        4016004 kB
MemFree:          129224 kB
Active:           360476 kB
Mem:          3.8G       3.7G       125M       5.7M        28M       3.2G

MemTotal:        4016004 kB
MemFree:          117368 kB
Active:           360360 kB
Mem:          3.8G       3.7G       114M       5.7M        28M       3.2G

MemTotal:        4016004 kB
MemFree:          106444 kB
Active:           360312 kB
Mem:          3.8G       3.7G       103M       5.7M        28M       3.2G

MemTotal:        4016004 kB
MemFree:          107596 kB
Active:           360320 kB
Mem:          3.8G       3.7G       104M       5.7M        28M       3.2G

MemTotal:        4016004 kB
MemFree:          108936 kB
Active:           360180 kB
Mem:          3.8G       3.7G       105M       5.7M        28M       3.2G

MemTotal:        4016004 kB
MemFree:          115860 kB
Active:           360216 kB
Mem:          3.8G       3.7G       112M       5.7M        28M       3.2G

MemTotal:        4016004 kB
MemFree:          135152 kB
Active:           360500 kB
Mem:          3.8G       3.7G       131M       5.7M        28M       3.2G

MemTotal:        4016004 kB
MemFree:          122940 kB
Active:           362424 kB
Mem:          3.8G       3.7G       119M       5.7M        28M       3.2G

MemTotal:        4016004 kB
MemFree:          121164 kB
Active:           362292 kB
Mem:          3.8G       3.7G       117M       5.7M        28M       3.2G

MemTotal:        4016004 kB
MemFree:          135188 kB
Active:           361408 kB
Mem:          3.8G       3.7G       131M       5.7M        28M       3.2G

MemTotal:        4016004 kB
MemFree:          125296 kB
Active:           361412 kB
Mem:          3.8G       3.7G       121M       5.7M        28M       3.2G

MemTotal:        4016004 kB
MemFree:          114892 kB
Active:           361420 kB
Mem:          3.8G       3.7G       111M       5.7M        28M       3.2G

MemTotal:        4016004 kB
MemFree:          127628 kB
Active:           361420 kB
Mem:          3.8G       3.7G       123M       5.7M        28M       3.2G

MemTotal:        4016004 kB
MemFree:          128036 kB
Active:           361420 kB
Mem:          3.8G       3.7G       124M       5.7M        28M       3.2G

MemTotal:        4016004 kB
MemFree:          118188 kB
Active:           357564 kB
Mem:          3.8G       3.7G       114M       5.7M        28M       3.2G

MemTotal:        4016004 kB
MemFree:          107676 kB
Active:           357352 kB
Mem:          3.8G       3.7G       104M       5.7M        28M       3.2G

MemTotal:        4016004 kB
MemFree:          126948 kB
Active:           357360 kB
Mem:          3.8G       3.7G       122M       5.7M        28M       3.2G

MemTotal:        4016004 kB
MemFree:          107080 kB
Active:           357360 kB
Mem:          3.8G       3.7G       103M       5.7M        28M       3.2G

MemTotal:        4016004 kB
MemFree:          125988 kB
Active:           357360 kB
Mem:          3.8G       3.7G       122M       5.7M        28M       3.2G

MemTotal:        4016004 kB
MemFree:          114208 kB
Active:           357372 kB
Mem:          3.8G       3.7G       111M       5.7M        28M       3.2G

MemTotal:        4016004 kB
MemFree:          132728 kB
Active:           357352 kB
Mem:          3.8G       3.7G       128M       5.7M        28M       3.2G

MemTotal:        4016004 kB
MemFree:          123848 kB
Active:           357360 kB
Mem:          3.8G       3.7G       120M       5.7M        28M       3.2G

MemTotal:        4016004 kB
MemFree:          130380 kB
Active:           357372 kB
Mem:          3.8G       3.7G       126M       5.7M        28M       3.2G

MemTotal:        4016004 kB
MemFree:          120072 kB
Active:           357372 kB
Mem:          3.8G       3.7G       116M       5.7M        28M       3.2G

MemTotal:        4016004 kB
MemFree:          109624 kB
Active:           357372 kB
Mem:          3.8G       3.7G       106M       5.7M        28M       3.2G

MemTotal:        4016004 kB
MemFree:          128380 kB
Active:           357372 kB
Mem:          3.8G       3.7G       124M       5.7M        28M       3.2G

MemTotal:        4016004 kB
MemFree:          106460 kB
Active:           357380 kB
Mem:          3.8G       3.7G       102M       5.7M        28M       3.2G

MemTotal:        4016004 kB
MemFree:          131784 kB
Active:           357380 kB
Mem:          3.8G       3.7G       128M       5.7M        28M       3.2G

MemTotal:        4016004 kB
MemFree:          132312 kB
Active:           357380 kB
Mem:          3.8G       3.7G       128M       5.7M        28M       3.2G

MemTotal:        4016004 kB
MemFree:          122312 kB
Active:           357256 kB
Mem:          3.8G       3.7G       118M       5.7M        28M       3.2G

MemTotal:        4016004 kB
MemFree:          131340 kB
Active:           357256 kB
Mem:          3.8G       3.7G       128M       5.7M        28M       3.2G

MemTotal:        4016004 kB
MemFree:          144576 kB
Active:           357276 kB
Mem:          3.8G       3.7G       140M       5.7M        28M       3.2G

MemTotal:        4016004 kB
MemFree:          133152 kB
Active:           359296 kB
Mem:          3.8G       3.7G       129M       5.7M        28M       3.2G

MemTotal:        4016004 kB
MemFree:          121844 kB
Active:           359300 kB
Mem:          3.8G       3.7G       119M       5.7M        28M       3.2G

MemTotal:        4016004 kB
MemFree:          138308 kB
Active:           359296 kB
Mem:          3.8G       3.7G       135M       5.7M        28M       3.2G

MemTotal:        4016004 kB
MemFree:          135968 kB
Active:           359336 kB
Mem:          3.8G       3.7G       132M       5.7M        28M       3.2G

MemTotal:        4016004 kB
MemFree:          132528 kB
Active:           359288 kB
Mem:          3.8G       3.7G       129M       5.7M        28M       3.2G

MemTotal:        4016004 kB
MemFree:          130824 kB
Active:           359024 kB
Mem:          3.8G       3.7G       127M       5.7M        28M       3.2G

MemTotal:        4016004 kB
MemFree:          130576 kB
Active:           359044 kB
Mem:          3.8G       3.7G       127M       5.7M        28M       3.2G

MemTotal:        4016004 kB
MemFree:          129956 kB
Active:           359020 kB
Mem:          3.8G       3.7G       126M       5.7M        28M       3.2G

MemTotal:        4016004 kB
MemFree:          129956 kB
Active:           359052 kB
Mem:          3.8G       3.7G       126M       5.7M        28M       3.2G

MemTotal:        4016004 kB
MemFree:          129832 kB
Active:           359020 kB
Mem:          3.8G       3.7G       126M       5.7M        28M       3.2G

MemTotal:        4016004 kB
MemFree:          129832 kB
Active:           359032 kB
Mem:          3.8G       3.7G       126M       5.7M        28M       3.2G

MemTotal:        4016004 kB
MemFree:          129708 kB
Active:           359060 kB
Mem:          3.8G       3.7G       126M       5.7M        28M       3.2G

MemTotal:        4016004 kB
MemFree:          129832 kB
Active:           359048 kB
Mem:          3.8G       3.7G       126M       5.7M        28M       3.2G

MemTotal:        4016004 kB
MemFree:          129956 kB
Active:           359024 kB
Mem:          3.8G       3.7G       127M       5.7M        28M       3.2G

MemTotal:        4016004 kB
MemFree:          129956 kB
Active:           359052 kB
Mem:          3.8G       3.7G       126M       5.7M        28M       3.2G

MemTotal:        4016004 kB
MemFree:          130080 kB
Active:           359068 kB
Mem:          3.8G       3.7G       126M       5.7M        28M       3.2G

MemTotal:        4016004 kB
MemFree:          129956 kB
Active:           359068 kB
Mem:          3.8G       3.7G       126M       5.7M        28M       3.2G

MemTotal:        4016004 kB
MemFree:          130080 kB
Active:           359068 kB
Mem:          3.8G       3.7G       126M       5.7M        28M       3.2G

MemTotal:        4016004 kB
MemFree:          130080 kB
Active:           359036 kB
Mem:          3.8G       3.7G       126M       5.7M        28M       3.2G

MemTotal:        4016004 kB
MemFree:          129956 kB
Active:           359048 kB
Mem:          3.8G       3.7G       126M       5.7M        28M       3.2G

MemTotal:        4016004 kB
MemFree:          130080 kB
Active:           359084 kB
Mem:          3.8G       3.7G       127M       5.7M        28M       3.2G

MemTotal:        4016004 kB
MemFree:          129832 kB
Active:           359076 kB
Mem:          3.8G       3.7G       126M       5.7M        28M       3.2G

MemTotal:        4016004 kB
MemFree:          129832 kB
Active:           359092 kB
Mem:          3.8G       3.7G       126M       5.7M        28M       3.2G

MemTotal:        4016004 kB
MemFree:          130080 kB
Active:           359056 kB
Mem:          3.8G       3.7G       126M       5.7M        28M       3.2G

MemTotal:        4016004 kB
MemFree:          129956 kB
Active:           359100 kB
Mem:          3.8G       3.7G       127M       5.7M        28M       3.2G

MemTotal:        4016004 kB
MemFree:          130204 kB
Active:           359100 kB
Mem:          3.8G       3.7G       126M       5.7M        28M       3.2G

MemTotal:        4016004 kB
MemFree:          130080 kB
Active:           359060 kB
Mem:          3.8G       3.7G       127M       5.7M        28M       3.2G

MemTotal:        4016004 kB
MemFree:          130080 kB
Active:           359092 kB
Mem:          3.8G       3.7G       126M       5.7M        28M       3.2G

MemTotal:        4016004 kB
MemFree:          129956 kB
Active:           359048 kB
Mem:          3.8G       3.7G       126M       5.7M        28M       3.2G

MemTotal:        4016004 kB
MemFree:          129956 kB
Active:           359060 kB
Mem:          3.8G       3.7G       126M       5.7M        28M       3.2G

MemTotal:        4016004 kB
MemFree:          129828 kB
Active:           359112 kB
Mem:          3.8G       3.7G       126M       5.7M        28M       3.2G

MemTotal:        4016004 kB
MemFree:          129796 kB
Active:           359092 kB
Mem:          3.8G       3.7G       126M       5.7M        28M       3.2G

MemTotal:        4016004 kB
MemFree:          130572 kB
Active:           359072 kB
Mem:          3.8G       3.7G       127M       5.7M        28M       3.2G

MemTotal:        4016004 kB
MemFree:          131104 kB
Active:           359096 kB
Mem:          3.8G       3.7G       127M       5.7M        28M       3.2G

MemTotal:        4016004 kB
MemFree:          131136 kB
Active:           359088 kB
Mem:          3.8G       3.7G       127M       5.7M        28M       3.2G

MemTotal:        4016004 kB
MemFree:          131012 kB
Active:           359112 kB
Mem:          3.8G       3.7G       127M       5.7M        28M       3.2G

MemTotal:        4016004 kB
MemFree:          130764 kB
Active:           359140 kB
Mem:          3.8G       3.7G       127M       5.7M        28M       3.2G

MemTotal:        4016004 kB
MemFree:          131136 kB
Active:           359140 kB
Mem:          3.8G       3.7G       127M       5.7M        28M       3.2G

MemTotal:        4016004 kB
MemFree:          130764 kB
Active:           359140 kB
Mem:          3.8G       3.7G       127M       5.7M        28M       3.2G

MemTotal:        4016004 kB
MemFree:          130764 kB
Active:           359100 kB
Mem:          3.8G       3.7G       127M       5.7M        28M       3.2G

MemTotal:        4016004 kB
MemFree:          130764 kB
Active:           359116 kB
Mem:          3.8G       3.7G       127M       5.7M        28M       3.2G

MemTotal:        4016004 kB
MemFree:          131260 kB
Active:           359128 kB
Mem:          3.8G       3.7G       128M       5.7M        28M       3.2G

MemTotal:        4016004 kB
MemFree:          131136 kB
Active:           359148 kB
Mem:          3.8G       3.7G       128M       5.7M        28M       3.2G

MemTotal:        4016004 kB
MemFree:          131136 kB
Active:           359156 kB
Mem:          3.8G       3.7G       128M       5.7M        28M       3.2G

MemTotal:        4016004 kB
MemFree:          131136 kB
Active:           359148 kB
Mem:          3.8G       3.7G       127M       5.7M        28M       3.2G

MemTotal:        4016004 kB
MemFree:          131136 kB
Active:           359140 kB
Mem:          3.8G       3.7G       128M       5.7M        28M       3.2G

MemTotal:        4016004 kB
MemFree:          131012 kB
Active:           359156 kB
Mem:          3.8G       3.7G       127M       5.7M        28M       3.2G

MemTotal:        4016004 kB
MemFree:          130888 kB
Active:           359120 kB
Mem:          3.8G       3.7G       127M       5.7M        28M       3.2G

MemTotal:        4016004 kB
MemFree:          130888 kB
Active:           359148 kB
Mem:          3.8G       3.7G       127M       5.7M        28M       3.2G

MemTotal:        4016004 kB
MemFree:          130764 kB
Active:           359128 kB
Mem:          3.8G       3.7G       127M       5.7M        28M       3.2G

MemTotal:        4016004 kB
MemFree:          130888 kB
Active:           359168 kB
Mem:          3.8G       3.7G       127M       5.7M        28M       3.2G

MemTotal:        4016004 kB
MemFree:          130888 kB
Active:           359144 kB
Mem:          3.8G       3.7G       127M       5.7M        28M       3.2G

MemTotal:        4016004 kB
MemFree:          130888 kB
Active:           359152 kB
Mem:          3.8G       3.7G       127M       5.7M        28M       3.2G

MemTotal:        4016004 kB
MemFree:          130764 kB
Active:           359128 kB
Mem:          3.8G       3.7G       127M       5.7M        28M       3.2G

MemTotal:        4016004 kB
MemFree:          130392 kB
Active:           359168 kB
Mem:          3.8G       3.7G       127M       5.7M        28M       3.2G

MemTotal:        4016004 kB
MemFree:          130888 kB
Active:           359172 kB
Mem:          3.8G       3.7G       127M       5.7M        28M       3.2G

MemTotal:        4016004 kB
MemFree:          130888 kB
Active:           359140 kB
Mem:          3.8G       3.7G       127M       5.7M        28M       3.2G

MemTotal:        4016004 kB
MemFree:          131012 kB
Active:           359180 kB
Mem:          3.8G       3.7G       127M       5.7M        28M       3.2G

MemTotal:        4016004 kB
MemFree:          130888 kB
Active:           359176 kB
Mem:          3.8G       3.7G       127M       5.7M        28M       3.2G

MemTotal:        4016004 kB
MemFree:          131012 kB
Active:           359184 kB
Mem:          3.8G       3.7G       127M       5.7M        28M       3.2G

MemTotal:        4016004 kB
MemFree:          130764 kB
Active:           359148 kB
Mem:          3.8G       3.7G       127M       5.7M        28M       3.2G

MemTotal:        4016004 kB
MemFree:          131012 kB
Active:           359184 kB
Mem:          3.8G       3.7G       127M       5.7M        28M       3.2G

MemTotal:        4016004 kB
MemFree:          131012 kB
Active:           359176 kB
Mem:          3.8G       3.7G       127M       5.7M        28M       3.2G

MemTotal:        4016004 kB
MemFree:          130888 kB
Active:           359196 kB
Mem:          3.8G       3.7G       127M       5.7M        28M       3.2G

MemTotal:        4016004 kB
MemFree:          130888 kB
Active:           359188 kB
Mem:          3.8G       3.7G       127M       5.7M        28M       3.2G

MemTotal:        4016004 kB
MemFree:          131012 kB
Active:           359144 kB
Mem:          3.8G       3.7G       127M       5.7M        28M       3.2G

MemTotal:        4016004 kB
MemFree:          130392 kB
Active:           359200 kB
Mem:          3.8G       3.7G       127M       5.7M        28M       3.2G

MemTotal:        4016004 kB
MemFree:          130640 kB
Active:           359164 kB
Mem:          3.8G       3.7G       127M       5.7M        28M       3.2G

MemTotal:        4016004 kB
MemFree:          130516 kB
Active:           359204 kB
Mem:          3.8G       3.7G       127M       5.7M        28M       3.2G

MemTotal:        4016004 kB
MemFree:          130764 kB
Active:           359208 kB
Mem:          3.8G       3.7G       127M       5.7M        28M       3.2G

MemTotal:        4016004 kB
MemFree:          130516 kB
Active:           359180 kB
Mem:          3.8G       3.7G       127M       5.7M        28M       3.2G

MemTotal:        4016004 kB
MemFree:          130268 kB
Active:           359224 kB
Mem:          3.8G       3.7G       127M       5.7M        28M       3.2G

MemTotal:        4016004 kB
MemFree:          130764 kB
Active:           359224 kB
Mem:          3.8G       3.7G       127M       5.7M        28M       3.2G

MemTotal:        4016004 kB
MemFree:          130764 kB
Active:           359204 kB
Mem:          3.8G       3.7G       127M       5.7M        28M       3.2G

MemTotal:        4016004 kB
MemFree:          130888 kB
Active:           359224 kB
Mem:          3.8G       3.7G       127M       5.7M        28M       3.2G

MemTotal:        4016004 kB
MemFree:          130764 kB
Active:           359212 kB
Mem:          3.8G       3.7G       127M       5.7M        28M       3.2G

MemTotal:        4016004 kB
MemFree:          130764 kB
Active:           359208 kB
Mem:          3.8G       3.7G       127M       5.7M        28M       3.2G

MemTotal:        4016004 kB
MemFree:          130888 kB
Active:           359200 kB
Mem:          3.8G       3.7G       127M       5.7M        28M       3.2G

MemTotal:        4016004 kB
MemFree:          130764 kB
Active:           359236 kB
Mem:          3.8G       3.7G       127M       5.7M        28M       3.2G

MemTotal:        4016004 kB
MemFree:          130516 kB
Active:           359244 kB
Mem:          3.8G       3.7G       127M       5.7M        28M       3.2G

MemTotal:        4016004 kB
MemFree:          130764 kB
Active:           359252 kB
Mem:          3.8G       3.7G       127M       5.7M        28M       3.2G

MemTotal:        4016004 kB
MemFree:          130764 kB
Active:           359212 kB
Mem:          3.8G       3.7G       127M       5.7M        28M       3.2G

MemTotal:        4016004 kB
MemFree:          130764 kB
Active:           359240 kB
Mem:          3.8G       3.7G       127M       5.7M        28M       3.2G

MemTotal:        4016004 kB
MemFree:          130888 kB
Active:           359252 kB
Mem:          3.8G       3.7G       127M       5.7M        28M       3.2G

MemTotal:        4016004 kB
MemFree:          130764 kB
Active:           359228 kB
Mem:          3.8G       3.7G       127M       5.7M        28M       3.2G

MemTotal:        4016004 kB
MemFree:          130888 kB
Active:           359252 kB
Mem:          3.8G       3.7G       127M       5.7M        28M       3.2G

MemTotal:        4016004 kB
MemFree:          130888 kB
Active:           359256 kB
Mem:          3.8G       3.7G       127M       5.7M        28M       3.2G

MemTotal:        4016004 kB
MemFree:          130888 kB
Active:           359260 kB
Mem:          3.8G       3.7G       127M       5.7M        28M       3.2G

MemTotal:        4016004 kB
MemFree:          130764 kB
Active:           359264 kB
Mem:          3.8G       3.7G       127M       5.7M        28M       3.2G

MemTotal:        4016004 kB
MemFree:          130888 kB
Active:           359304 kB
Mem:          3.8G       3.7G       127M       5.7M        28M       3.2G

MemTotal:        4016004 kB
MemFree:          130268 kB
Active:           359304 kB
Mem:          3.8G       3.7G       127M       5.7M        28M       3.2G

MemTotal:        4016004 kB
MemFree:          130144 kB
Active:           359536 kB
Mem:          3.8G       3.7G       126M       5.7M        28M       3.2G

MemTotal:        4016004 kB
MemFree:          130004 kB
Active:           359356 kB
Mem:          3.8G       3.7G       126M       5.7M        28M       3.2G

MemTotal:        4016004 kB
MemFree:          130128 kB
Active:           359320 kB
Mem:          3.8G       3.7G       126M       5.7M        28M       3.2G

MemTotal:        4016004 kB
MemFree:          130004 kB
Active:           359356 kB
Mem:          3.8G       3.7G       126M       5.7M        28M       3.2G

MemTotal:        4016004 kB
MemFree:          130004 kB
Active:           359324 kB
Mem:          3.8G       3.7G       126M       5.7M        28M       3.2G

MemTotal:        4016004 kB
MemFree:          130004 kB
Active:           359324 kB
Mem:          3.8G       3.7G       126M       5.7M        28M       3.2G

MemTotal:        4016004 kB
MemFree:          130252 kB
Active:           359364 kB
Mem:          3.8G       3.7G       127M       5.7M        28M       3.2G

MemTotal:        4016004 kB
MemFree:          130252 kB
Active:           359320 kB
Mem:          3.8G       3.7G       126M       5.7M        28M       3.2G

MemTotal:        4016004 kB
MemFree:          130376 kB
Active:           359328 kB
Mem:          3.8G       3.7G       127M       5.7M        28M       3.2G

MemTotal:        4016004 kB
MemFree:          130376 kB
Active:           359328 kB
Mem:          3.8G       3.7G       127M       5.7M        28M       3.2G

MemTotal:        4016004 kB
MemFree:          130500 kB
Active:           359364 kB
Mem:          3.8G       3.7G       127M       5.7M        28M       3.2G

MemTotal:        4016004 kB
MemFree:          130500 kB
Active:           359376 kB
Mem:          3.8G       3.7G       127M       5.7M        28M       3.2G

MemTotal:        4016004 kB
MemFree:          130376 kB
Active:           359372 kB
Mem:          3.8G       3.7G       127M       5.7M        28M       3.2G

MemTotal:        4016004 kB
MemFree:          130500 kB
Active:           359372 kB
Mem:          3.8G       3.7G       127M       5.7M        28M       3.2G

MemTotal:        4016004 kB
MemFree:          130500 kB
Active:           359376 kB
Mem:          3.8G       3.7G       127M       5.7M        28M       3.2G

MemTotal:        4016004 kB
MemFree:          130500 kB
Active:           359380 kB
Mem:          3.8G       3.7G       127M       5.7M        28M       3.2G

MemTotal:        4016004 kB
MemFree:          130500 kB
Active:           359388 kB
Mem:          3.8G       3.7G       127M       5.7M        28M       3.2G

MemTotal:        4016004 kB
MemFree:          130516 kB
Active:           359340 kB
Mem:          3.8G       3.7G       127M       5.7M        28M       3.2G

MemTotal:        4016004 kB
MemFree:          130640 kB
Active:           359356 kB
Mem:          3.8G       3.7G       127M       5.7M        28M       3.2G

MemTotal:        4016004 kB
MemFree:          130640 kB
Active:           359352 kB
Mem:          3.8G       3.7G       127M       5.7M        28M       3.2G

MemTotal:        4016004 kB
MemFree:          130516 kB
Active:           359340 kB
Mem:          3.8G       3.7G       127M       5.7M        28M       3.2G

MemTotal:        4016004 kB
MemFree:          130640 kB
Active:           359332 kB
Mem:          3.8G       3.7G       127M       5.7M        28M       3.2G

MemTotal:        4016004 kB
MemFree:          130020 kB
Active:           359388 kB
Mem:          3.8G       3.7G       126M       5.7M        28M       3.2G

MemTotal:        4016004 kB
MemFree:          130144 kB
Active:           359364 kB
Mem:          3.8G       3.7G       126M       5.7M        28M       3.2G

MemTotal:        4016004 kB
MemFree:          130144 kB
Active:           359396 kB
Mem:          3.8G       3.7G       127M       5.7M        28M       3.2G

MemTotal:        4016004 kB
MemFree:          130392 kB
Active:           359380 kB
Mem:          3.8G       3.7G       127M       5.7M        28M       3.2G

MemTotal:        4016004 kB
MemFree:          130516 kB
Active:           359396 kB
Mem:          3.8G       3.7G       127M       5.7M        28M       3.2G

MemTotal:        4016004 kB
MemFree:          130516 kB
Active:           359384 kB
Mem:          3.8G       3.7G       127M       5.7M        28M       3.2G

MemTotal:        4016004 kB
MemFree:          130392 kB
Active:           359368 kB
Mem:          3.8G       3.7G       127M       5.7M        28M       3.2G

MemTotal:        4016004 kB
MemFree:          130392 kB
Active:           359392 kB
Mem:          3.8G       3.7G       127M       5.7M        28M       3.2G

MemTotal:        4016004 kB
MemFree:          130392 kB
Active:           359384 kB
Mem:          3.8G       3.7G       127M       5.7M        28M       3.2G

MemTotal:        4016004 kB
MemFree:          130392 kB
Active:           359404 kB
Mem:          3.8G       3.7G       127M       5.7M        28M       3.2G

MemTotal:        4016004 kB
MemFree:          130392 kB
Active:           359400 kB
Mem:          3.8G       3.7G       127M       5.7M        28M       3.2G

MemTotal:        4016004 kB
MemFree:          130640 kB
Active:           359412 kB
Mem:          3.8G       3.7G       127M       5.7M        28M       3.2G

MemTotal:        4016004 kB
MemFree:          130516 kB
Active:           359412 kB
Mem:          3.8G       3.7G       127M       5.7M        28M       3.2G

MemTotal:        4016004 kB
MemFree:          130516 kB
Active:           359408 kB
Mem:          3.8G       3.7G       127M       5.7M        28M       3.2G

MemTotal:        4016004 kB
MemFree:          130640 kB
Active:           359400 kB
Mem:          3.8G       3.7G       127M       5.7M        28M       3.2G

MemTotal:        4016004 kB
MemFree:          130516 kB
Active:           359420 kB
Mem:          3.8G       3.7G       127M       5.7M        28M       3.2G

MemTotal:        4016004 kB
MemFree:          130516 kB
Active:           359412 kB
Mem:          3.8G       3.7G       127M       5.7M        28M       3.2G

MemTotal:        4016004 kB
MemFree:          130020 kB
Active:           359428 kB
Mem:          3.8G       3.7G       126M       5.7M        28M       3.2G

MemTotal:        4016004 kB
MemFree:          130268 kB
Active:           359412 kB
Mem:          3.8G       3.7G       127M       5.7M        28M       3.2G

MemTotal:        4016004 kB
MemFree:          130268 kB
Active:           359412 kB
Mem:          3.8G       3.7G       127M       5.7M        28M       3.2G

MemTotal:        4016004 kB
MemFree:          130020 kB
Active:           359436 kB
Mem:          3.8G       3.7G       127M       5.7M        28M       3.2G

MemTotal:        4016004 kB
MemFree:          130268 kB
Active:           359400 kB
Mem:          3.8G       3.7G       127M       5.7M        28M       3.2G

MemTotal:        4016004 kB
MemFree:          130516 kB
Active:           359404 kB
Mem:          3.8G       3.7G       127M       5.7M        28M       3.2G

MemTotal:        4016004 kB
MemFree:          130392 kB
Active:           359408 kB
Mem:          3.8G       3.7G       127M       5.7M        28M       3.2G

MemTotal:        4016004 kB
MemFree:          130392 kB
Active:           359424 kB
Mem:          3.8G       3.7G       127M       5.7M        28M       3.2G

MemTotal:        4016004 kB
MemFree:          130392 kB
Active:           359444 kB
Mem:          3.8G       3.7G       127M       5.7M        28M       3.2G

MemTotal:        4016004 kB
MemFree:          130392 kB
Active:           359412 kB
Mem:          3.8G       3.7G       127M       5.7M        28M       3.2G

MemTotal:        4016004 kB
MemFree:          130268 kB
Active:           359420 kB
Mem:          3.8G       3.7G       127M       5.7M        28M       3.2G

MemTotal:        4016004 kB
MemFree:          130268 kB
Active:           359432 kB
Mem:          3.8G       3.7G       127M       5.7M        28M       3.2G

MemTotal:        4016004 kB
MemFree:          130516 kB
Active:           359416 kB
Mem:          3.8G       3.7G       127M       5.7M        29M       3.2G

MemTotal:        4016004 kB
MemFree:          130392 kB
Active:           359456 kB
Mem:          3.8G       3.7G       127M       5.7M        29M       3.2G

MemTotal:        4016004 kB
MemFree:          130392 kB
Active:           359444 kB
Mem:          3.8G       3.7G       127M       5.7M        29M       3.2G

MemTotal:        4016004 kB
MemFree:          130392 kB
Active:           359456 kB
Mem:          3.8G       3.7G       127M       5.7M        29M       3.2G

MemTotal:        4016004 kB
MemFree:          130268 kB
Active:           359460 kB
Mem:          3.8G       3.7G       127M       5.7M        29M       3.2G

MemTotal:        4016004 kB
MemFree:          129896 kB
Active:           359460 kB
Mem:          3.8G       3.7G       126M       5.7M        29M       3.2G

MemTotal:        4016004 kB
MemFree:          130144 kB
Active:           359456 kB
Mem:          3.8G       3.7G       126M       5.7M        29M       3.2G

MemTotal:        4016004 kB
MemFree:          130020 kB
Active:           359460 kB
Mem:          3.8G       3.7G       127M       5.7M        29M       3.2G

MemTotal:        4016004 kB
MemFree:          130144 kB
Active:           359468 kB
Mem:          3.8G       3.7G       127M       5.7M        29M       3.2G

MemTotal:        4016004 kB
MemFree:          130144 kB
Active:           359464 kB
Mem:          3.8G       3.7G       126M       5.7M        29M       3.2G

MemTotal:        4016004 kB
MemFree:          130144 kB
Active:           359448 kB
Mem:          3.8G       3.7G       127M       5.7M        29M       3.2G

MemTotal:        4016004 kB
MemFree:          130020 kB
Active:           359464 kB
Mem:          3.8G       3.7G       127M       5.7M        29M       3.2G

MemTotal:        4016004 kB
MemFree:          130144 kB
Active:           359468 kB
Mem:          3.8G       3.7G       127M       5.7M        29M       3.2G

MemTotal:        4016004 kB
MemFree:          130020 kB
Active:           359460 kB
Mem:          3.8G       3.7G       127M       5.7M        29M       3.2G

MemTotal:        4016004 kB
MemFree:          130268 kB
Active:           359440 kB
Mem:          3.8G       3.7G       127M       5.7M        29M       3.2G

MemTotal:        4016004 kB
MemFree:          130020 kB
Active:           359464 kB
Mem:          3.8G       3.7G       127M       5.7M        29M       3.2G

MemTotal:        4016004 kB
MemFree:          130392 kB
Active:           359448 kB
Mem:          3.8G       3.7G       127M       5.7M        29M       3.2G

MemTotal:        4016004 kB
MemFree:          130392 kB
Active:           359460 kB
Mem:          3.8G       3.7G       127M       5.7M        29M       3.2G

MemTotal:        4016004 kB
MemFree:          130144 kB
Active:           359476 kB
Mem:          3.8G       3.7G       127M       5.7M        29M       3.2G

MemTotal:        4016004 kB
MemFree:          130268 kB
Active:           359488 kB
Mem:          3.8G       3.7G       127M       5.7M        29M       3.2G

MemTotal:        4016004 kB
MemFree:          130392 kB
Active:           359436 kB
Mem:          3.8G       3.7G       127M       5.7M        29M       3.2G

MemTotal:        4016004 kB
MemFree:          130392 kB
Active:           359492 kB
Mem:          3.8G       3.7G       127M       5.7M        29M       3.2G

MemTotal:        4016004 kB
MemFree:          130268 kB
Active:           359480 kB
Mem:          3.8G       3.7G       127M       5.7M        29M       3.2G

MemTotal:        4016004 kB
MemFree:          130392 kB
Active:           359468 kB
Mem:          3.8G       3.7G       127M       5.7M        29M       3.2G

MemTotal:        4016004 kB
MemFree:          130516 kB
Active:           359476 kB
Mem:          3.8G       3.7G       127M       5.7M        29M       3.2G

MemTotal:        4016004 kB
MemFree:          130392 kB
Active:           359504 kB
Mem:          3.8G       3.7G       127M       5.7M        29M       3.2G

MemTotal:        4016004 kB
MemFree:          130516 kB
Active:           359472 kB
Mem:          3.8G       3.7G       127M       5.7M        29M       3.2G

MemTotal:        4016004 kB
MemFree:          130516 kB
Active:           359456 kB
Mem:          3.8G       3.7G       127M       5.7M        29M       3.2G

MemTotal:        4016004 kB
MemFree:          130392 kB
Active:           359508 kB
Mem:          3.8G       3.7G       127M       5.7M        29M       3.2G

MemTotal:        4016004 kB
MemFree:          130516 kB
Active:           359460 kB
Mem:          3.8G       3.7G       127M       5.7M        29M       3.2G

MemTotal:        4016004 kB
MemFree:          130516 kB
Active:           359476 kB
Mem:          3.8G       3.7G       127M       5.7M        29M       3.2G

MemTotal:        4016004 kB
MemFree:          130392 kB
Active:           359480 kB
Mem:          3.8G       3.7G       127M       5.7M        29M       3.2G

MemTotal:        4016004 kB
MemFree:          130392 kB
Active:           359484 kB
Mem:          3.8G       3.7G       127M       5.7M        29M       3.2G

MemTotal:        4016004 kB
MemFree:          129896 kB
Active:           359516 kB
Mem:          3.8G       3.7G       126M       5.7M        29M       3.2G

MemTotal:        4016004 kB
MemFree:          129896 kB
Active:           359516 kB
Mem:          3.8G       3.7G       126M       5.7M        29M       3.2G

MemTotal:        4016004 kB
MemFree:          130020 kB
Active:           359512 kB
Mem:          3.8G       3.7G       126M       5.7M        29M       3.2G

MemTotal:        4016004 kB
MemFree:          130144 kB
Active:           359508 kB
Mem:          3.8G       3.7G       126M       5.7M        29M       3.2G

MemTotal:        4016004 kB
MemFree:          130020 kB
Active:           359504 kB
Mem:          3.8G       3.7G       127M       5.7M        29M       3.2G

MemTotal:        4016004 kB
MemFree:          130144 kB
Active:           359488 kB
Mem:          3.8G       3.7G       126M       5.7M        29M       3.2G

MemTotal:        4016004 kB
MemFree:          130144 kB
Active:           359528 kB
Mem:          3.8G       3.7G       127M       5.7M        29M       3.2G

MemTotal:        4016004 kB
MemFree:          130268 kB
Active:           359532 kB
Mem:          3.8G       3.7G       127M       5.7M        29M       3.2G

MemTotal:        4016004 kB
MemFree:          130268 kB
Active:           359540 kB
Mem:          3.8G       3.7G       127M       5.7M        29M       3.2G

MemTotal:        4016004 kB
MemFree:          130392 kB
Active:           359508 kB
Mem:          3.8G       3.7G       127M       5.7M        29M       3.2G

MemTotal:        4016004 kB
MemFree:          130516 kB
Active:           359516 kB
Mem:          3.8G       3.7G       127M       5.7M        29M       3.2G

MemTotal:        4016004 kB
MemFree:          130516 kB
Active:           359512 kB
Mem:          3.8G       3.7G       127M       5.7M        29M       3.2G

MemTotal:        4016004 kB
MemFree:          130392 kB
Active:           359512 kB
Mem:          3.8G       3.7G       127M       5.7M        29M       3.2G

MemTotal:        4016004 kB
MemFree:          130392 kB
Active:           359528 kB
Mem:          3.8G       3.7G       127M       5.7M        29M       3.2G

MemTotal:        4016004 kB
MemFree:          130268 kB
Active:           359520 kB
Mem:          3.8G       3.7G       127M       5.7M        29M       3.2G

MemTotal:        4016004 kB
MemFree:          130392 kB
Active:           359528 kB
Mem:          3.8G       3.7G       127M       5.7M        29M       3.2G

MemTotal:        4016004 kB
MemFree:          130392 kB
Active:           359532 kB
Mem:          3.8G       3.7G       127M       5.7M        29M       3.2G

MemTotal:        4016004 kB
MemFree:          129896 kB
Active:           359552 kB
Mem:          3.8G       3.7G       127M       5.7M        29M       3.2G

MemTotal:        4016004 kB
MemFree:          130144 kB
Active:           359552 kB
Mem:          3.8G       3.7G       126M       5.7M        29M       3.2G

MemTotal:        4016004 kB
MemFree:          130144 kB
Active:           359504 kB
Mem:          3.8G       3.7G       127M       5.7M        29M       3.2G

MemTotal:        4016004 kB
MemFree:          129648 kB
Active:           359564 kB
Mem:          3.8G       3.7G       126M       5.7M        29M       3.2G

MemTotal:        4016004 kB
MemFree:          130020 kB
Active:           359544 kB
Mem:          3.8G       3.7G       127M       5.7M        29M       3.2G

MemTotal:        4016004 kB
MemFree:          130144 kB
Active:           359540 kB
Mem:          3.8G       3.7G       126M       5.7M        29M       3.2G

MemTotal:        4016004 kB
MemFree:          130144 kB
Active:           359524 kB
Mem:          3.8G       3.7G       126M       5.7M        29M       3.2G

MemTotal:        4016004 kB
MemFree:          130144 kB
Active:           359512 kB
Mem:          3.8G       3.7G       126M       5.7M        29M       3.2G

MemTotal:        4016004 kB
MemFree:          130144 kB
Active:           359560 kB
Mem:          3.8G       3.7G       127M       5.7M        29M       3.2G

MemTotal:        4016004 kB
MemFree:          130392 kB
Active:           359528 kB
Mem:          3.8G       3.7G       127M       5.7M        29M       3.2G

MemTotal:        4016004 kB
MemFree:          130392 kB
Active:           359572 kB
Mem:          3.8G       3.7G       127M       5.7M        29M       3.2G

MemTotal:        4016004 kB
MemFree:          130392 kB
Active:           359544 kB
Mem:          3.8G       3.7G       127M       5.7M        29M       3.2G

MemTotal:        4016004 kB
MemFree:          130392 kB
Active:           359548 kB
Mem:          3.8G       3.7G       127M       5.7M        29M       3.2G

MemTotal:        4016004 kB
MemFree:          130144 kB
Active:           359572 kB
Mem:          3.8G       3.7G       127M       5.7M        29M       3.2G

MemTotal:        4016004 kB
MemFree:          129772 kB
Active:           359572 kB
Mem:          3.8G       3.7G       126M       5.7M        29M       3.2G

MemTotal:        4016004 kB
MemFree:          129896 kB
Active:           359552 kB
Mem:          3.8G       3.7G       126M       5.7M        29M       3.2G

MemTotal:        4016004 kB
MemFree:          129400 kB
Active:           359580 kB
Mem:          3.8G       3.7G       126M       5.7M        29M       3.2G

MemTotal:        4016004 kB
MemFree:          130144 kB
Active:           359568 kB
Mem:          3.8G       3.7G       127M       5.7M        29M       3.2G

MemTotal:        4016004 kB
MemFree:          130416 kB
Active:           359408 kB
Mem:          3.8G       3.7G       127M       5.7M        29M       3.2G

MemTotal:        4016004 kB
MemFree:          131048 kB
Active:           359120 kB
Mem:          3.8G       3.7G       127M       5.7M        29M       3.2G

MemTotal:        4016004 kB
MemFree:          130552 kB
Active:           359152 kB
Mem:          3.8G       3.7G       127M       5.7M        29M       3.2G

MemTotal:        4016004 kB
MemFree:          130800 kB
Active:           359152 kB
Mem:          3.8G       3.7G       127M       5.7M        29M       3.2G

MemTotal:        4016004 kB
MemFree:          130800 kB
Active:           359152 kB
Mem:          3.8G       3.7G       127M       5.7M        29M       3.2G

MemTotal:        4016004 kB
MemFree:          130180 kB
Active:           359188 kB
Mem:          3.8G       3.7G       127M       5.7M        29M       3.2G

MemTotal:        4016004 kB
MemFree:          130056 kB
Active:           359192 kB
Mem:          3.8G       3.7G       127M       5.7M        29M       3.2G

MemTotal:        4016004 kB
MemFree:          130304 kB
Active:           359180 kB
Mem:          3.8G       3.7G       127M       5.7M        29M       3.2G

MemTotal:        4016004 kB
MemFree:          130692 kB
Active:           359152 kB
Mem:          3.8G       3.7G       127M       5.7M        29M       3.2G

MemTotal:        4016004 kB
MemFree:          130816 kB
Active:           359160 kB
Mem:          3.8G       3.7G       127M       5.7M        29M       3.2G

MemTotal:        4016004 kB
MemFree:          130692 kB
Active:           359152 kB
Mem:          3.8G       3.7G       127M       5.7M        29M       3.2G

MemTotal:        4016004 kB
MemFree:          130444 kB
Active:           359200 kB
Mem:          3.8G       3.7G       127M       5.7M        29M       3.2G

MemTotal:        4016004 kB
MemFree:          130816 kB
Active:           359200 kB
Mem:          3.8G       3.7G       127M       5.7M        29M       3.2G

MemTotal:        4016004 kB
MemFree:          130568 kB
Active:           359188 kB
Mem:          3.8G       3.7G       127M       5.7M        29M       3.2G

MemTotal:        4016004 kB
MemFree:          130444 kB
Active:           359180 kB
Mem:          3.8G       3.7G       127M       5.7M        29M       3.2G

MemTotal:        4016004 kB
MemFree:          130072 kB
Active:           359212 kB
Mem:          3.8G       3.7G       126M       5.7M        29M       3.2G

MemTotal:        4016004 kB
MemFree:          129948 kB
Active:           359212 kB
Mem:          3.8G       3.7G       127M       5.7M        29M       3.2G

MemTotal:        4016004 kB
MemFree:          130196 kB
Active:           359208 kB
Mem:          3.8G       3.7G       127M       5.7M        29M       3.2G

MemTotal:        4016004 kB
MemFree:          129700 kB
Active:           359220 kB
Mem:          3.8G       3.7G       126M       5.7M        29M       3.2G

MemTotal:        4016004 kB
MemFree:          129948 kB
Active:           359184 kB
Mem:          3.8G       3.7G       126M       5.7M        29M       3.2G

MemTotal:        4016004 kB
MemFree:          129700 kB
Active:           359220 kB
Mem:          3.8G       3.7G       126M       5.7M        29M       3.2G

MemTotal:        4016004 kB
MemFree:          129948 kB
Active:           359204 kB
Mem:          3.8G       3.7G       126M       5.7M        29M       3.2G

MemTotal:        4016004 kB
MemFree:          130044 kB
Active:           359220 kB
Mem:          3.8G       3.7G       126M       5.7M        29M       3.2G

MemTotal:        4016004 kB
MemFree:          129796 kB
Active:           359220 kB
Mem:          3.8G       3.7G       126M       5.7M        29M       3.2G

MemTotal:        4016004 kB
MemFree:          130168 kB
Active:           359228 kB
Mem:          3.8G       3.7G       126M       5.7M        29M       3.2G

MemTotal:        4016004 kB
MemFree:          130168 kB
Active:           359232 kB
Mem:          3.8G       3.7G       127M       5.7M        29M       3.2G

MemTotal:        4016004 kB
MemFree:          130292 kB
Active:           359220 kB
Mem:          3.8G       3.7G       126M       5.7M        29M       3.2G

MemTotal:        4016004 kB
MemFree:          129672 kB
Active:           359244 kB
Mem:          3.8G       3.7G       126M       5.7M        29M       3.2G

MemTotal:        4016004 kB
MemFree:          130044 kB
Active:           359212 kB
Mem:          3.8G       3.7G       127M       5.7M        29M       3.2G

MemTotal:        4016004 kB
MemFree:          130168 kB
Active:           359216 kB
Mem:          3.8G       3.7G       127M       5.7M        29M       3.2G

MemTotal:        4016004 kB
MemFree:          130044 kB
Active:           359204 kB
Mem:          3.8G       3.7G       127M       5.7M        29M       3.2G

MemTotal:        4016004 kB
MemFree:          130292 kB
Active:           359240 kB
Mem:          3.8G       3.7G       127M       5.7M        29M       3.2G

MemTotal:        4016004 kB
MemFree:          130044 kB
Active:           359252 kB
