MemTotal:        4016004 kB
MemFree:         3208888 kB
Active:           451196 kB
Mem:          3.8G       788M       3.1G       5.7M        60M       323M

MemTotal:        4016004 kB
MemFree:         3209060 kB
Active:           451312 kB
Mem:          3.8G       788M       3.1G       5.7M        60M       323M

MemTotal:        4016004 kB
MemFree:         3208904 kB
Active:           451352 kB
Mem:          3.8G       788M       3.1G       5.7M        60M       323M

MemTotal:        4016004 kB
MemFree:         3209384 kB
Active:           451356 kB
Mem:          3.8G       787M       3.1G       5.7M        60M       323M

MemTotal:        4016004 kB
MemFree:         3209384 kB
Active:           451396 kB
Mem:          3.8G       787M       3.1G       5.7M        60M       323M

MemTotal:        4016004 kB
MemFree:         3209384 kB
Active:           451368 kB
Mem:          3.8G       787M       3.1G       5.7M        60M       323M

MemTotal:        4016004 kB
MemFree:         3209300 kB
Active:           451396 kB
Mem:          3.8G       787M       3.1G       5.7M        60M       323M

MemTotal:        4016004 kB
MemFree:         3209384 kB
Active:           451432 kB
Mem:          3.8G       787M       3.1G       5.7M        60M       323M

MemTotal:        4016004 kB
MemFree:         3209416 kB
Active:           451444 kB
Mem:          3.8G       787M       3.1G       5.7M        60M       323M

MemTotal:        4016004 kB
MemFree:         3209168 kB
Active:           451412 kB
Mem:          3.8G       787M       3.1G       5.7M        60M       323M

MemTotal:        4016004 kB
MemFree:         3209540 kB
Active:           451428 kB
Mem:          3.8G       787M       3.1G       5.7M        60M       323M

MemTotal:        4016004 kB
MemFree:         3209912 kB
Active:           451400 kB
Mem:          3.8G       787M       3.1G       5.7M        60M       323M

MemTotal:        4016004 kB
MemFree:         3209540 kB
Active:           451452 kB
Mem:          3.8G       787M       3.1G       5.7M        60M       323M

MemTotal:        4016004 kB
MemFree:         3209028 kB
Active:           451460 kB
Mem:          3.8G       787M       3.1G       5.7M        60M       323M

MemTotal:        4016004 kB
MemFree:         3209648 kB
Active:           451424 kB
Mem:          3.8G       787M       3.1G       5.7M        60M       323M

MemTotal:        4016004 kB
MemFree:         3209416 kB
Active:           451464 kB
Mem:          3.8G       787M       3.1G       5.7M        60M       323M

MemTotal:        4016004 kB
MemFree:         3209788 kB
Active:           451424 kB
Mem:          3.8G       787M       3.1G       5.7M        60M       323M

MemTotal:        4016004 kB
MemFree:         3209772 kB
Active:           451452 kB
Mem:          3.8G       787M       3.1G       5.7M        60M       323M

MemTotal:        4016004 kB
MemFree:         3209756 kB
Active:           451436 kB
Mem:          3.8G       787M       3.1G       5.7M        60M       323M

MemTotal:        4016004 kB
MemFree:         3209632 kB
Active:           451460 kB
Mem:          3.8G       787M       3.1G       5.7M        60M       323M

MemTotal:        4016004 kB
MemFree:         3209244 kB
Active:           451416 kB
Mem:          3.8G       787M       3.1G       5.7M        60M       323M

MemTotal:        4016004 kB
MemFree:         3209476 kB
Active:           451432 kB
Mem:          3.8G       787M       3.1G       5.7M        60M       323M

MemTotal:        4016004 kB
MemFree:         3209476 kB
Active:           451416 kB
Mem:          3.8G       787M       3.1G       5.7M        60M       323M

MemTotal:        4016004 kB
MemFree:         3209352 kB
Active:           451416 kB
Mem:          3.8G       787M       3.1G       5.7M        60M       323M

MemTotal:        4016004 kB
MemFree:         3209104 kB
Active:           451436 kB
Mem:          3.8G       788M       3.1G       5.7M        60M       323M

MemTotal:        4016004 kB
MemFree:         3207180 kB
Active:           451396 kB
Mem:          3.8G       790M       3.1G       5.7M        60M       323M

MemTotal:        4016004 kB
MemFree:         3206932 kB
Active:           453496 kB
Mem:          3.8G       789M       3.1G       5.7M        60M       323M

MemTotal:        4016004 kB
MemFree:         3207056 kB
Active:           453444 kB
Mem:          3.8G       789M       3.1G       5.7M        60M       323M

MemTotal:        4016004 kB
MemFree:         3207056 kB
Active:           453488 kB
Mem:          3.8G       789M       3.1G       5.7M        60M       323M

MemTotal:        4016004 kB
MemFree:         3207056 kB
Active:           453448 kB
Mem:          3.8G       790M       3.1G       5.7M        60M       323M

MemTotal:        4016004 kB
MemFree:         3207056 kB
Active:           453456 kB
Mem:          3.8G       789M       3.1G       5.7M        60M       323M

MemTotal:        4016004 kB
MemFree:         3207180 kB
Active:           453456 kB
Mem:          3.8G       789M       3.1G       5.7M        60M       323M

MemTotal:        4016004 kB
MemFree:         3207056 kB
Active:           453468 kB
Mem:          3.8G       789M       3.1G       5.7M        60M       323M

MemTotal:        4016004 kB
MemFree:         3207304 kB
Active:           453504 kB
Mem:          3.8G       790M       3.1G       5.7M        60M       323M

MemTotal:        4016004 kB
MemFree:         3207180 kB
Active:           453456 kB
Mem:          3.8G       790M       3.1G       5.7M        60M       323M

MemTotal:        4016004 kB
MemFree:         3207164 kB
Active:           453488 kB
Mem:          3.8G       789M       3.1G       5.7M        60M       323M

MemTotal:        4016004 kB
MemFree:         3207412 kB
Active:           453472 kB
Mem:          3.8G       789M       3.1G       5.7M        60M       323M

MemTotal:        4016004 kB
MemFree:         3207164 kB
Active:           453528 kB
Mem:          3.8G       789M       3.1G       5.7M        60M       323M

MemTotal:        4016004 kB
MemFree:         3207584 kB
Active:           453520 kB
Mem:          3.8G       789M       3.1G       5.7M        60M       323M

MemTotal:        4016004 kB
MemFree:         3207584 kB
Active:           453484 kB
Mem:          3.8G       789M       3.1G       5.7M        60M       323M

MemTotal:        4016004 kB
MemFree:         3207584 kB
Active:           453504 kB
Mem:          3.8G       789M       3.1G       5.7M        60M       323M

MemTotal:        4016004 kB
MemFree:         3207336 kB
Active:           453480 kB
Mem:          3.8G       789M       3.1G       5.7M        60M       323M

MemTotal:        4016004 kB
MemFree:         3207460 kB
Active:           453540 kB
Mem:          3.8G       789M       3.1G       5.7M        60M       323M

MemTotal:        4016004 kB
MemFree:         3207584 kB
Active:           453540 kB
Mem:          3.8G       789M       3.1G       5.7M        60M       323M

MemTotal:        4016004 kB
MemFree:         3207460 kB
Active:           453512 kB
Mem:          3.8G       789M       3.1G       5.7M        60M       323M

MemTotal:        4016004 kB
MemFree:         3205428 kB
Active:           453520 kB
Mem:          3.8G       791M       3.1G       5.7M        60M       323M

MemTotal:        4016004 kB
MemFree:         3205056 kB
Active:           455572 kB
Mem:          3.8G       791M       3.1G       5.7M        60M       323M

MemTotal:        4016004 kB
MemFree:         3205056 kB
Active:           455536 kB
Mem:          3.8G       791M       3.1G       5.7M        60M       323M

MemTotal:        4016004 kB
MemFree:         3205056 kB
Active:           455552 kB
Mem:          3.8G       791M       3.1G       5.7M        60M       323M

MemTotal:        4016004 kB
MemFree:         3204684 kB
Active:           455540 kB
Mem:          3.8G       792M       3.1G       5.7M        60M       323M

MemTotal:        4016004 kB
MemFree:         3204684 kB
Active:           455540 kB
Mem:          3.8G       792M       3.1G       5.7M        60M       323M

MemTotal:        4016004 kB
MemFree:         3204684 kB
Active:           455532 kB
Mem:          3.8G       792M       3.1G       5.7M        60M       323M

MemTotal:        4016004 kB
MemFree:         3205288 kB
Active:           455600 kB
Mem:          3.8G       791M       3.1G       5.7M        60M       323M

MemTotal:        4016004 kB
MemFree:         3205148 kB
Active:           455560 kB
Mem:          3.8G       791M       3.1G       5.7M        60M       323M

MemTotal:        4016004 kB
MemFree:         3205256 kB
Active:           455588 kB
Mem:          3.8G       791M       3.1G       5.7M        60M       323M

MemTotal:        4016004 kB
MemFree:         3205364 kB
Active:           455560 kB
Mem:          3.8G       791M       3.1G       5.7M        60M       323M

MemTotal:        4016004 kB
MemFree:         3205224 kB
Active:           455596 kB
Mem:          3.8G       791M       3.1G       5.7M        60M       323M

MemTotal:        4016004 kB
MemFree:         3204852 kB
Active:           455608 kB
Mem:          3.8G       792M       3.1G       5.7M        60M       323M

MemTotal:        4016004 kB
MemFree:         3205100 kB
Active:           455608 kB
Mem:          3.8G       792M       3.1G       5.7M        60M       323M

MemTotal:        4016004 kB
MemFree:         3205084 kB
Active:           455604 kB
Mem:          3.8G       791M       3.1G       5.7M        60M       323M

MemTotal:        4016004 kB
MemFree:         3205208 kB
Active:           455588 kB
Mem:          3.8G       791M       3.1G       5.7M        60M       323M

MemTotal:        4016004 kB
MemFree:         3205240 kB
Active:           455616 kB
Mem:          3.8G       791M       3.1G       5.7M        60M       323M

MemTotal:        4016004 kB
MemFree:         3205488 kB
Active:           455568 kB
Mem:          3.8G       791M       3.1G       5.7M        60M       323M

MemTotal:        4016004 kB
MemFree:         3204992 kB
Active:           455616 kB
Mem:          3.8G       791M       3.1G       5.7M        60M       323M

MemTotal:        4016004 kB
MemFree:         3204992 kB
Active:           455624 kB
Mem:          3.8G       791M       3.1G       5.7M        60M       323M

MemTotal:        4016004 kB
MemFree:         3204364 kB
Active:           455624 kB
Mem:          3.8G       792M       3.1G       5.7M        60M       323M

MemTotal:        4016004 kB
MemFree:         3204488 kB
Active:           455624 kB
Mem:          3.8G       792M       3.1G       5.7M        60M       323M

MemTotal:        4016004 kB
MemFree:         3204860 kB
Active:           455596 kB
Mem:          3.8G       792M       3.1G       5.7M        60M       323M

MemTotal:        4016004 kB
MemFree:         3204860 kB
Active:           455604 kB
Mem:          3.8G       792M       3.1G       5.7M        60M       323M

MemTotal:        4016004 kB
MemFree:         3204768 kB
Active:           455608 kB
Mem:          3.8G       792M       3.1G       5.7M        60M       323M

MemTotal:        4016004 kB
MemFree:         3204768 kB
Active:           455572 kB
Mem:          3.8G       792M       3.1G       5.7M        60M       323M

MemTotal:        4016004 kB
MemFree:         3204768 kB
Active:           455580 kB
Mem:          3.8G       792M       3.1G       5.7M        60M       323M

MemTotal:        4016004 kB
MemFree:         3205016 kB
Active:           455600 kB
Mem:          3.8G       792M       3.1G       5.7M        60M       323M

MemTotal:        4016004 kB
MemFree:         3205016 kB
Active:           455572 kB
Mem:          3.8G       792M       3.1G       5.7M        60M       323M

MemTotal:        4016004 kB
MemFree:         3204644 kB
Active:           455612 kB
Mem:          3.8G       791M       3.1G       5.7M        60M       323M

MemTotal:        4016004 kB
MemFree:         3204208 kB
Active:           453592 kB
Mem:          3.8G       792M       3.1G       5.7M        60M       323M

MemTotal:        4016004 kB
MemFree:         3204580 kB
Active:           453576 kB
Mem:          3.8G       792M       3.1G       5.7M        60M       323M

MemTotal:        4016004 kB
MemFree:         3204628 kB
Active:           455628 kB
Mem:          3.8G       792M       3.1G       5.7M        60M       323M

MemTotal:        4016004 kB
MemFree:         3204380 kB
Active:           455636 kB
Mem:          3.8G       792M       3.1G       5.7M        60M       323M

MemTotal:        4016004 kB
MemFree:         3204876 kB
Active:           455616 kB
Mem:          3.8G       792M       3.1G       5.7M        60M       323M

MemTotal:        4016004 kB
MemFree:         3205248 kB
Active:           455604 kB
Mem:          3.8G       792M       3.1G       5.7M        60M       323M

MemTotal:        4016004 kB
MemFree:         3205124 kB
Active:           455608 kB
Mem:          3.8G       792M       3.1G       5.7M        60M       323M

MemTotal:        4016004 kB
MemFree:         3205248 kB
Active:           455664 kB
Mem:          3.8G       791M       3.1G       5.7M        60M       323M

MemTotal:        4016004 kB
MemFree:         3205016 kB
Active:           455628 kB
Mem:          3.8G       792M       3.1G       5.7M        60M       323M

MemTotal:        4016004 kB
MemFree:         3205016 kB
Active:           455660 kB
Mem:          3.8G       792M       3.1G       5.7M        60M       323M

MemTotal:        4016004 kB
MemFree:         3205016 kB
Active:           455612 kB
Mem:          3.8G       792M       3.1G       5.7M        60M       323M

MemTotal:        4016004 kB
MemFree:         3205016 kB
Active:           455636 kB
Mem:          3.8G       792M       3.1G       5.7M        60M       323M

MemTotal:        4016004 kB
MemFree:         3204752 kB
Active:           455672 kB
Mem:          3.8G       791M       3.1G       5.7M        60M       323M

MemTotal:        4016004 kB
MemFree:         3204752 kB
Active:           455624 kB
Mem:          3.8G       792M       3.1G       5.7M        60M       323M

MemTotal:        4016004 kB
MemFree:         3204876 kB
Active:           455636 kB
Mem:          3.8G       792M       3.1G       5.7M        60M       323M

MemTotal:        4016004 kB
MemFree:         3204860 kB
Active:           455656 kB
Mem:          3.8G       791M       3.1G       5.7M        60M       323M

MemTotal:        4016004 kB
MemFree:         3204968 kB
Active:           455684 kB
Mem:          3.8G       791M       3.1G       5.7M        60M       323M

MemTotal:        4016004 kB
MemFree:         3205416 kB
Active:           455632 kB
Mem:          3.8G       791M       3.1G       5.7M        60M       323M

MemTotal:        4016004 kB
MemFree:         3205340 kB
Active:           455760 kB
Mem:          3.8G       791M       3.1G       5.7M        60M       323M

MemTotal:        4016004 kB
MemFree:         3204936 kB
Active:           455788 kB
Mem:          3.8G       791M       3.1G       5.7M        60M       323M

MemTotal:        4016004 kB
MemFree:         3205216 kB
Active:           455676 kB
Mem:          3.8G       791M       3.1G       5.7M        60M       323M

MemTotal:        4016004 kB
MemFree:         3205340 kB
Active:           455656 kB
Mem:          3.8G       791M       3.1G       5.7M        60M       323M

MemTotal:        4016004 kB
MemFree:         3205200 kB
Active:           455696 kB
Mem:          3.8G       791M       3.1G       5.7M        60M       323M

MemTotal:        4016004 kB
MemFree:         3205168 kB
Active:           455744 kB
Mem:          3.8G       791M       3.1G       5.7M        60M       323M

MemTotal:        4016004 kB
MemFree:         3205136 kB
Active:           455688 kB
Mem:          3.8G       791M       3.1G       5.7M        60M       323M

MemTotal:        4016004 kB
MemFree:         3204964 kB
Active:           455972 kB
Mem:          3.8G       792M       3.1G       5.7M        60M       323M

MemTotal:        4016004 kB
MemFree:         3160468 kB
Active:           456668 kB
Mem:          3.8G       836M       3.0G       5.7M        60M       366M

MemTotal:        4016004 kB
MemFree:         3112880 kB
Active:           457128 kB
Mem:          3.8G       882M       3.0G       5.7M        60M       411M

MemTotal:        4016004 kB
MemFree:         3067756 kB
Active:           457176 kB
Mem:          3.8G       927M       2.9G       5.7M        60M       456M

MemTotal:        4016004 kB
MemFree:         3020276 kB
Active:           456880 kB
Mem:          3.8G       973M       2.9G       5.7M        60M       502M

MemTotal:        4016004 kB
MemFree:         2972408 kB
Active:           457132 kB
Mem:          3.8G       1.0G       2.8G       5.7M        60M       546M

MemTotal:        4016004 kB
MemFree:         2926324 kB
Active:           457240 kB
Mem:          3.8G       1.0G       2.8G       5.7M        60M       591M

MemTotal:        4016004 kB
MemFree:         2878828 kB
Active:           457284 kB
Mem:          3.8G       1.1G       2.7G       5.7M        60M       636M

MemTotal:        4016004 kB
MemFree:         2832448 kB
Active:           457000 kB
Mem:          3.8G       1.1G       2.7G       5.7M        60M       681M

MemTotal:        4016004 kB
MemFree:         2785728 kB
Active:           457056 kB
Mem:          3.8G       1.2G       2.7G       5.7M        60M       724M

MemTotal:        4016004 kB
MemFree:         2740020 kB
Active:           457220 kB
Mem:          3.8G       1.2G       2.6G       5.7M        60M       769M

MemTotal:        4016004 kB
MemFree:         2693444 kB
Active:           457036 kB
Mem:          3.8G       1.3G       2.6G       5.7M        60M       814M

MemTotal:        4016004 kB
MemFree:         2646304 kB
Active:           457196 kB
Mem:          3.8G       1.3G       2.5G       5.7M        60M       859M

MemTotal:        4016004 kB
MemFree:         2599028 kB
Active:           457140 kB
Mem:          3.8G       1.4G       2.5G       5.7M        60M       904M

MemTotal:        4016004 kB
MemFree:         2551888 kB
Active:           457204 kB
Mem:          3.8G       1.4G       2.4G       5.7M        60M       949M

MemTotal:        4016004 kB
MemFree:         2505032 kB
Active:           457144 kB
Mem:          3.8G       1.4G       2.4G       5.7M        60M       993M

MemTotal:        4016004 kB
MemFree:         2458060 kB
Active:           459268 kB
Mem:          3.8G       1.5G       2.3G       5.7M        60M       1.0G

MemTotal:        4016004 kB
MemFree:         2452932 kB
Active:           459376 kB
Mem:          3.8G       1.5G       2.3G       5.7M        60M       1.0G

MemTotal:        4016004 kB
MemFree:         2406856 kB
Active:           459224 kB
Mem:          3.8G       1.5G       2.3G       5.7M        60M       1.1G

MemTotal:        4016004 kB
MemFree:         2360260 kB
Active:           459328 kB
Mem:          3.8G       1.6G       2.2G       5.7M        60M       1.1G

MemTotal:        4016004 kB
MemFree:         2314284 kB
Active:           459268 kB
Mem:          3.8G       1.6G       2.2G       5.7M        60M       1.1G

MemTotal:        4016004 kB
MemFree:         2267208 kB
Active:           459376 kB
Mem:          3.8G       1.7G       2.2G       5.7M        60M       1.2G

MemTotal:        4016004 kB
MemFree:         2219960 kB
Active:           459216 kB
Mem:          3.8G       1.7G       2.1G       5.7M        60M       1.2G

MemTotal:        4016004 kB
MemFree:         2175392 kB
Active:           459200 kB
Mem:          3.8G       1.8G       2.1G       5.7M        60M       1.3G

MemTotal:        4016004 kB
MemFree:         2127088 kB
Active:           457200 kB
Mem:          3.8G       1.8G       2.0G       5.7M        60M       1.3G

MemTotal:        4016004 kB
MemFree:         2080728 kB
Active:           459272 kB
Mem:          3.8G       1.8G       2.0G       5.7M        60M       1.4G

MemTotal:        4016004 kB
MemFree:         2035372 kB
Active:           459248 kB
Mem:          3.8G       1.9G       1.9G       5.7M        60M       1.4G

MemTotal:        4016004 kB
MemFree:         1988876 kB
Active:           459324 kB
Mem:          3.8G       1.9G       1.9G       5.7M        60M       1.5G

MemTotal:        4016004 kB
MemFree:         1941732 kB
Active:           459300 kB
Mem:          3.8G       2.0G       1.9G       5.7M        60M       1.5G

MemTotal:        4016004 kB
MemFree:         1893988 kB
Active:           459332 kB
Mem:          3.8G       2.0G       1.8G       5.7M        60M       1.5G

MemTotal:        4016004 kB
MemFree:         1847488 kB
Active:           459312 kB
Mem:          3.8G       2.1G       1.8G       5.7M        60M       1.6G

MemTotal:        4016004 kB
MemFree:         1801392 kB
Active:           459352 kB
Mem:          3.8G       2.1G       1.7G       5.7M        60M       1.6G

MemTotal:        4016004 kB
MemFree:         1785384 kB
Active:           459332 kB
Mem:          3.8G       2.1G       1.7G       5.7M        60M       1.6G

MemTotal:        4016004 kB
MemFree:         1739160 kB
Active:           459360 kB
Mem:          3.8G       2.2G       1.7G       5.7M        60M       1.7G

MemTotal:        4016004 kB
MemFree:         1692852 kB
Active:           457308 kB
Mem:          3.8G       2.2G       1.6G       5.7M        60M       1.7G

MemTotal:        4016004 kB
MemFree:         1646192 kB
Active:           457344 kB
Mem:          3.8G       2.3G       1.6G       5.7M        60M       1.8G

MemTotal:        4016004 kB
MemFree:         1599580 kB
Active:           457364 kB
Mem:          3.8G       2.3G       1.5G       5.7M        60M       1.8G

MemTotal:        4016004 kB
MemFree:         1552828 kB
Active:           459400 kB
Mem:          3.8G       2.4G       1.5G       5.7M        60M       1.9G

MemTotal:        4016004 kB
MemFree:         1508356 kB
Active:           459440 kB
Mem:          3.8G       2.4G       1.4G       5.7M        60M       1.9G

MemTotal:        4016004 kB
MemFree:         1461420 kB
Active:           459408 kB
Mem:          3.8G       2.4G       1.4G       5.7M        60M       2.0G

MemTotal:        4016004 kB
MemFree:         1414684 kB
Active:           459444 kB
Mem:          3.8G       2.5G       1.3G       5.7M        60M       2.0G

MemTotal:        4016004 kB
MemFree:         1369388 kB
Active:           459468 kB
Mem:          3.8G       2.5G       1.3G       5.7M        60M       2.0G

MemTotal:        4016004 kB
MemFree:         1352044 kB
Active:           459500 kB
Mem:          3.8G       2.5G       1.3G       5.7M        60M       2.1G

MemTotal:        4016004 kB
MemFree:         1305384 kB
Active:           459540 kB
Mem:          3.8G       2.6G       1.2G       5.7M        60M       2.1G

MemTotal:        4016004 kB
MemFree:         1258680 kB
Active:           459524 kB
Mem:          3.8G       2.6G       1.2G       5.7M        60M       2.1G

MemTotal:        4016004 kB
MemFree:         1211072 kB
Active:           455492 kB
Mem:          3.8G       2.7G       1.2G       5.7M        60M       2.2G

MemTotal:        4016004 kB
MemFree:         1165704 kB
Active:           459584 kB
Mem:          3.8G       2.7G       1.1G       5.7M        60M       2.2G

MemTotal:        4016004 kB
MemFree:         1118504 kB
Active:           459596 kB
Mem:          3.8G       2.8G       1.1G       5.7M        60M       2.3G

MemTotal:        4016004 kB
MemFree:         1072736 kB
Active:           459596 kB
Mem:          3.8G       2.8G       1.0G       5.7M        60M       2.3G

MemTotal:        4016004 kB
MemFree:         1025768 kB
Active:           459600 kB
Mem:          3.8G       2.9G       1.0G       5.7M        60M       2.4G

MemTotal:        4016004 kB
MemFree:          978288 kB
Active:           459600 kB
Mem:          3.8G       2.9G       955M       5.7M        60M       2.4G

MemTotal:        4016004 kB
MemFree:          932560 kB
Active:           459596 kB
Mem:          3.8G       2.9G       910M       5.7M        60M       2.4G

MemTotal:        4016004 kB
MemFree:          902796 kB
Active:           459584 kB
Mem:          3.8G       3.0G       881M       5.7M        60M       2.5G

MemTotal:        4016004 kB
MemFree:          870848 kB
Active:           459632 kB
Mem:          3.8G       3.0G       849M       5.7M        60M       2.5G

MemTotal:        4016004 kB
MemFree:          824936 kB
Active:           459644 kB
Mem:          3.8G       3.0G       805M       5.7M        60M       2.5G

MemTotal:        4016004 kB
MemFree:          774904 kB
Active:           455524 kB
Mem:          3.8G       3.1G       756M       5.7M        60M       2.6G

MemTotal:        4016004 kB
MemFree:          730752 kB
Active:           461668 kB
Mem:          3.8G       3.1G       712M       5.7M        60M       2.6G

MemTotal:        4016004 kB
MemFree:          682704 kB
Active:           461680 kB
Mem:          3.8G       3.2G       665M       5.7M        60M       2.7G

MemTotal:        4016004 kB
MemFree:          666400 kB
Active:           461660 kB
Mem:          3.8G       3.2G       650M       5.7M        60M       2.7G

MemTotal:        4016004 kB
MemFree:          666280 kB
Active:           461680 kB
Mem:          3.8G       3.2G       650M       5.7M        60M       2.7G

MemTotal:        4016004 kB
MemFree:          643548 kB
Active:           461652 kB
Mem:          3.8G       3.2G       626M       5.7M        60M       2.7G

MemTotal:        4016004 kB
MemFree:          596844 kB
Active:           461672 kB
Mem:          3.8G       3.3G       582M       5.7M        60M       2.8G

MemTotal:        4016004 kB
MemFree:          550312 kB
Active:           461688 kB
Mem:          3.8G       3.3G       536M       5.7M        60M       2.8G

MemTotal:        4016004 kB
MemFree:          503328 kB
Active:           461700 kB
Mem:          3.8G       3.4G       490M       5.7M        60M       2.8G

MemTotal:        4016004 kB
MemFree:          457352 kB
Active:           461704 kB
Mem:          3.8G       3.4G       446M       5.7M        60M       2.9G

MemTotal:        4016004 kB
MemFree:          411004 kB
Active:           461680 kB
Mem:          3.8G       3.4G       400M       5.7M        60M       2.9G

MemTotal:        4016004 kB
MemFree:          365152 kB
Active:           461680 kB
Mem:          3.8G       3.5G       355M       5.7M        60M       3.0G

MemTotal:        4016004 kB
MemFree:          317844 kB
Active:           461680 kB
Mem:          3.8G       3.5G       309M       5.7M        60M       3.0G

MemTotal:        4016004 kB
MemFree:          270460 kB
Active:           461732 kB
Mem:          3.8G       3.6G       262M       5.7M        60M       3.1G

MemTotal:        4016004 kB
MemFree:          224092 kB
Active:           461740 kB
Mem:          3.8G       3.6G       217M       5.7M        60M       3.1G

MemTotal:        4016004 kB
MemFree:          178520 kB
Active:           461740 kB
Mem:          3.8G       3.7G       172M       5.7M        60M       3.2G

MemTotal:        4016004 kB
MemFree:          131448 kB
Active:           461740 kB
Mem:          3.8G       3.7G       127M       5.7M        60M       3.2G

MemTotal:        4016004 kB
MemFree:          120296 kB
Active:           458692 kB
Mem:          3.8G       3.7G       108M       5.7M        28M       3.2G

MemTotal:        4016004 kB
MemFree:          126788 kB
Active:           474532 kB
Mem:          3.8G       3.7G       121M       5.7M        27M       3.2G

MemTotal:        4016004 kB
MemFree:          174412 kB
Active:           522104 kB
Mem:          3.8G       3.7G       167M       5.7M        27M       3.2G

MemTotal:        4016004 kB
MemFree:          129308 kB
Active:           522032 kB
Mem:          3.8G       3.7G       125M       5.7M        27M       3.2G

MemTotal:        4016004 kB
MemFree:          143100 kB
Active:           513452 kB
Mem:          3.8G       3.7G       138M       5.7M        27M       3.2G

MemTotal:        4016004 kB
MemFree:          132288 kB
Active:           510008 kB
Mem:          3.8G       3.7G       128M       5.7M        27M       3.2G

MemTotal:        4016004 kB
MemFree:          112404 kB
Active:           507356 kB
Mem:          3.8G       3.7G       109M       5.7M        27M       3.2G

MemTotal:        4016004 kB
MemFree:          127808 kB
Active:           497776 kB
Mem:          3.8G       3.7G       124M       5.7M        27M       3.2G

MemTotal:        4016004 kB
MemFree:          119532 kB
Active:           492308 kB
Mem:          3.8G       3.7G       115M       5.7M        27M       3.2G

MemTotal:        4016004 kB
MemFree:          132592 kB
Active:           486944 kB
Mem:          3.8G       3.7G       128M       5.7M        27M       3.2G

MemTotal:        4016004 kB
MemFree:          139720 kB
Active:           480804 kB
Mem:          3.8G       3.7G       135M       5.7M        27M       3.2G

MemTotal:        4016004 kB
MemFree:          122596 kB
Active:           480804 kB
Mem:          3.8G       3.7G       119M       5.7M        27M       3.2G

MemTotal:        4016004 kB
MemFree:          112280 kB
Active:           480816 kB
Mem:          3.8G       3.7G       107M       5.7M        27M       3.2G

MemTotal:        4016004 kB
MemFree:          126396 kB
Active:           476088 kB
Mem:          3.8G       3.7G       122M       5.7M        27M       3.2G

MemTotal:        4016004 kB
MemFree:          124772 kB
Active:           468468 kB
Mem:          3.8G       3.7G       123M       5.7M        27M       3.2G

MemTotal:        4016004 kB
MemFree:          110704 kB
Active:           464372 kB
Mem:          3.8G       3.7G       106M       5.7M        27M       3.2G

MemTotal:        4016004 kB
MemFree:          112328 kB
Active:           460716 kB
Mem:          3.8G       3.7G       108M       5.7M        27M       3.2G

MemTotal:        4016004 kB
MemFree:          126616 kB
Active:           456976 kB
Mem:          3.8G       3.7G       123M       5.7M        27M       3.2G

MemTotal:        4016004 kB
MemFree:          145784 kB
Active:           454784 kB
Mem:          3.8G       3.7G       141M       5.7M        27M       3.2G

MemTotal:        4016004 kB
MemFree:          123648 kB
Active:           454044 kB
Mem:          3.8G       3.7G       130M       5.7M        27M       3.2G

MemTotal:        4016004 kB
MemFree:          106500 kB
Active:           452652 kB
Mem:          3.8G       3.7G       103M       5.7M        27M       3.3G

MemTotal:        4016004 kB
MemFree:          125604 kB
Active:           449460 kB
Mem:          3.8G       3.7G       122M       5.7M        27M       3.2G

MemTotal:        4016004 kB
MemFree:          121988 kB
Active:           447992 kB
Mem:          3.8G       3.7G       118M       5.7M        27M       3.2G

MemTotal:        4016004 kB
MemFree:          124372 kB
Active:           446764 kB
Mem:          3.8G       3.7G       120M       5.7M        27M       3.2G

MemTotal:        4016004 kB
MemFree:          125208 kB
Active:           444940 kB
Mem:          3.8G       3.7G       121M       5.7M        27M       3.2G

MemTotal:        4016004 kB
MemFree:          123360 kB
Active:           441156 kB
Mem:          3.8G       3.7G       119M       5.7M        27M       3.2G

MemTotal:        4016004 kB
MemFree:          114196 kB
Active:           439920 kB
Mem:          3.8G       3.7G       111M       5.7M        27M       3.2G

MemTotal:        4016004 kB
MemFree:          128360 kB
Active:           438120 kB
Mem:          3.8G       3.7G       123M       5.7M        27M       3.2G

MemTotal:        4016004 kB
MemFree:          117088 kB
Active:           436984 kB
Mem:          3.8G       3.7G       113M       5.7M        27M       3.2G

MemTotal:        4016004 kB
MemFree:          106912 kB
Active:           435704 kB
Mem:          3.8G       3.7G       103M       5.7M        27M       3.3G

MemTotal:        4016004 kB
MemFree:          143832 kB
Active:           433660 kB
Mem:          3.8G       3.7G       140M       5.7M        27M       3.2G

MemTotal:        4016004 kB
MemFree:          127172 kB
Active:           433668 kB
Mem:          3.8G       3.7G       123M       5.7M        27M       3.2G

MemTotal:        4016004 kB
MemFree:          129124 kB
Active:           432364 kB
Mem:          3.8G       3.7G       125M       5.7M        27M       3.2G

MemTotal:        4016004 kB
MemFree:          131864 kB
Active:           431116 kB
Mem:          3.8G       3.7G       127M       5.7M        27M       3.2G

MemTotal:        4016004 kB
MemFree:          121972 kB
Active:           430096 kB
Mem:          3.8G       3.7G       118M       5.7M        27M       3.2G

MemTotal:        4016004 kB
MemFree:          139428 kB
Active:           428044 kB
Mem:          3.8G       3.7G       135M       5.7M        27M       3.2G

MemTotal:        4016004 kB
MemFree:          134568 kB
Active:           427912 kB
Mem:          3.8G       3.7G       130M       5.7M        27M       3.2G

MemTotal:        4016004 kB
MemFree:          124700 kB
Active:           426896 kB
Mem:          3.8G       3.7G       120M       5.7M        27M       3.2G

MemTotal:        4016004 kB
MemFree:          108872 kB
Active:           425748 kB
Mem:          3.8G       3.7G       104M       5.7M        27M       3.3G

MemTotal:        4016004 kB
MemFree:          134568 kB
Active:           421572 kB
Mem:          3.8G       3.7G       129M       5.7M        27M       3.2G

MemTotal:        4016004 kB
MemFree:          134824 kB
Active:           420296 kB
Mem:          3.8G       3.7G       131M       5.7M        27M       3.2G

MemTotal:        4016004 kB
MemFree:          138200 kB
Active:           418400 kB
Mem:          3.8G       3.7G       133M       5.7M        27M       3.2G

MemTotal:        4016004 kB
MemFree:          128060 kB
Active:           417264 kB
Mem:          3.8G       3.7G       123M       5.7M        27M       3.2G

MemTotal:        4016004 kB
MemFree:          116432 kB
Active:           416116 kB
Mem:          3.8G       3.7G       112M       5.7M        27M       3.2G

MemTotal:        4016004 kB
MemFree:          123888 kB
Active:           413916 kB
Mem:          3.8G       3.7G       120M       5.7M        27M       3.2G

MemTotal:        4016004 kB
MemFree:          107500 kB
Active:           413948 kB
Mem:          3.8G       3.7G       104M       5.7M        27M       3.2G

MemTotal:        4016004 kB
MemFree:          134188 kB
Active:           411788 kB
Mem:          3.8G       3.7G       129M       5.7M        27M       3.2G

MemTotal:        4016004 kB
MemFree:          123908 kB
Active:           410636 kB
Mem:          3.8G       3.7G       120M       5.7M        27M       3.2G

MemTotal:        4016004 kB
MemFree:          139244 kB
Active:           408716 kB
Mem:          3.8G       3.7G       134M       5.7M        27M       3.2G

MemTotal:        4016004 kB
MemFree:          139264 kB
Active:           407444 kB
Mem:          3.8G       3.7G       134M       5.7M        27M       3.2G

MemTotal:        4016004 kB
MemFree:          117440 kB
Active:           407452 kB
Mem:          3.8G       3.7G       114M       5.7M        27M       3.2G

MemTotal:        4016004 kB
MemFree:          117412 kB
Active:           407424 kB
Mem:          3.8G       3.7G       114M       5.7M        27M       3.2G

MemTotal:        4016004 kB
MemFree:          107548 kB
Active:           407420 kB
Mem:          3.8G       3.7G       103M       5.7M        27M       3.2G

MemTotal:        4016004 kB
MemFree:          133244 kB
Active:           405280 kB
Mem:          3.8G       3.7G       128M       5.7M        27M       3.2G

MemTotal:        4016004 kB
MemFree:          123600 kB
Active:           404136 kB
Mem:          3.8G       3.7G       119M       5.7M        27M       3.2G

MemTotal:        4016004 kB
MemFree:          124744 kB
Active:           402460 kB
Mem:          3.8G       3.7G       120M       5.7M        27M       3.2G

MemTotal:        4016004 kB
MemFree:          132940 kB
Active:           400792 kB
Mem:          3.8G       3.7G       128M       5.7M        27M       3.2G

MemTotal:        4016004 kB
MemFree:          135572 kB
Active:           399396 kB
Mem:          3.8G       3.7G       131M       5.7M        27M       3.2G

MemTotal:        4016004 kB
MemFree:          138560 kB
Active:           398104 kB
Mem:          3.8G       3.7G       134M       5.7M        27M       3.2G

MemTotal:        4016004 kB
MemFree:          127860 kB
Active:           397100 kB
Mem:          3.8G       3.7G       124M       5.7M        27M       3.2G

MemTotal:        4016004 kB
MemFree:          126000 kB
Active:           395960 kB
Mem:          3.8G       3.7G       120M       5.7M        27M       3.2G

MemTotal:        4016004 kB
MemFree:          126772 kB
Active:           394312 kB
Mem:          3.8G       3.7G       122M       5.7M        27M       3.2G

MemTotal:        4016004 kB
MemFree:          133820 kB
Active:           392652 kB
Mem:          3.8G       3.7G       130M       5.7M        27M       3.2G

MemTotal:        4016004 kB
MemFree:          133932 kB
Active:           392504 kB
Mem:          3.8G       3.7G       129M       5.7M        27M       3.2G

MemTotal:        4016004 kB
MemFree:          143108 kB
Active:           392512 kB
Mem:          3.8G       3.7G       139M       5.7M        27M       3.2G

MemTotal:        4016004 kB
MemFree:          119884 kB
Active:           392508 kB
Mem:          3.8G       3.7G       116M       5.7M        27M       3.2G

MemTotal:        4016004 kB
MemFree:          110484 kB
Active:           392516 kB
Mem:          3.8G       3.7G       106M       5.7M        27M       3.2G

MemTotal:        4016004 kB
MemFree:          135780 kB
Active:           392552 kB
Mem:          3.8G       3.7G       131M       5.7M        27M       3.2G

MemTotal:        4016004 kB
MemFree:          137224 kB
Active:           392556 kB
Mem:          3.8G       3.7G       133M       5.7M        27M       3.2G

MemTotal:        4016004 kB
MemFree:          152608 kB
Active:           392552 kB
Mem:          3.8G       3.7G       147M       5.7M        27M       3.2G

MemTotal:        4016004 kB
MemFree:          105216 kB
Active:           392412 kB
Mem:          3.8G       3.7G       125M       5.7M        27M       3.2G

MemTotal:        4016004 kB
MemFree:          112336 kB
Active:           392292 kB
Mem:          3.8G       3.7G       108M       5.7M        27M       3.2G

MemTotal:        4016004 kB
MemFree:          126264 kB
Active:           392260 kB
Mem:          3.8G       3.7G       122M       5.7M        27M       3.2G

MemTotal:        4016004 kB
MemFree:          128424 kB
Active:           392288 kB
Mem:          3.8G       3.7G       123M       5.7M        27M       3.2G

MemTotal:        4016004 kB
MemFree:          129248 kB
Active:           392304 kB
Mem:          3.8G       3.7G       125M       5.7M        27M       3.2G

MemTotal:        4016004 kB
MemFree:          107376 kB
Active:           392316 kB
Mem:          3.8G       3.7G       104M       5.7M        27M       3.2G

MemTotal:        4016004 kB
MemFree:          107256 kB
Active:           392328 kB
Mem:          3.8G       3.7G       104M       5.7M        27M       3.2G

MemTotal:        4016004 kB
MemFree:          113268 kB
Active:           392336 kB
Mem:          3.8G       3.7G       109M       5.7M        27M       3.2G

MemTotal:        4016004 kB
MemFree:          115584 kB
Active:           392256 kB
Mem:          3.8G       3.7G       111M       5.7M        27M       3.2G

MemTotal:        4016004 kB
MemFree:          106112 kB
Active:           392256 kB
Mem:          3.8G       3.7G       103M       5.7M        27M       3.2G

MemTotal:        4016004 kB
MemFree:          130928 kB
Active:           392256 kB
Mem:          3.8G       3.7G       132M       5.7M        27M       3.2G

MemTotal:        4016004 kB
MemFree:          131932 kB
Active:           392136 kB
Mem:          3.8G       3.7G       128M       5.7M        27M       3.2G

MemTotal:        4016004 kB
MemFree:          131228 kB
Active:           392136 kB
Mem:          3.8G       3.7G       127M       5.7M        27M       3.2G

MemTotal:        4016004 kB
MemFree:          138184 kB
Active:           392104 kB
Mem:          3.8G       3.7G       134M       5.7M        27M       3.2G

MemTotal:        4016004 kB
MemFree:          141684 kB
Active:           392104 kB
Mem:          3.8G       3.7G       137M       5.7M        27M       3.2G

MemTotal:        4016004 kB
MemFree:          125552 kB
Active:           392116 kB
Mem:          3.8G       3.7G       121M       5.7M        27M       3.2G

MemTotal:        4016004 kB
MemFree:          126528 kB
Active:           392152 kB
Mem:          3.8G       3.7G       122M       5.7M        27M       3.2G

MemTotal:        4016004 kB
MemFree:          108692 kB
Active:           392152 kB
Mem:          3.8G       3.7G       103M       5.7M        27M       3.2G

MemTotal:        4016004 kB
MemFree:          131636 kB
Active:           392164 kB
Mem:          3.8G       3.7G       127M       5.7M        27M       3.2G

MemTotal:        4016004 kB
MemFree:          133344 kB
Active:           392132 kB
Mem:          3.8G       3.7G       129M       5.7M        27M       3.2G

MemTotal:        4016004 kB
MemFree:          149464 kB
Active:           392172 kB
Mem:          3.8G       3.7G       145M       5.7M        27M       3.2G

MemTotal:        4016004 kB
MemFree:          145576 kB
Active:           392276 kB
Mem:          3.8G       3.7G       141M       5.7M        27M       3.2G

MemTotal:        4016004 kB
MemFree:          125068 kB
Active:           393012 kB
Mem:          3.8G       3.7G       121M       5.7M        27M       3.2G

MemTotal:        4016004 kB
MemFree:          109720 kB
Active:           392868 kB
Mem:          3.8G       3.7G       105M       5.7M        27M       3.2G

MemTotal:        4016004 kB
MemFree:          133664 kB
Active:           392884 kB
Mem:          3.8G       3.7G       129M       5.7M        27M       3.2G

MemTotal:        4016004 kB
MemFree:          140248 kB
Active:           392872 kB
Mem:          3.8G       3.7G       136M       5.7M        27M       3.2G

MemTotal:        4016004 kB
MemFree:          153892 kB
Active:           392880 kB
Mem:          3.8G       3.7G       149M       5.7M        27M       3.2G

MemTotal:        4016004 kB
MemFree:          108716 kB
Active:           392596 kB
Mem:          3.8G       3.7G       104M       5.7M        27M       3.2G

MemTotal:        4016004 kB
MemFree:          121500 kB
Active:           392612 kB
Mem:          3.8G       3.7G       117M       5.7M        27M       3.2G

MemTotal:        4016004 kB
MemFree:          111144 kB
Active:           392584 kB
Mem:          3.8G       3.7G       108M       5.7M        27M       3.2G

MemTotal:        4016004 kB
MemFree:          106472 kB
Active:           392588 kB
Mem:          3.8G       3.7G       103M       5.7M        27M       3.2G

MemTotal:        4016004 kB
MemFree:          129540 kB
Active:           389412 kB
Mem:          3.8G       3.7G       126M       5.7M        27M       3.2G

MemTotal:        4016004 kB
MemFree:          124968 kB
Active:           389280 kB
Mem:          3.8G       3.7G       120M       5.7M        27M       3.2G

MemTotal:        4016004 kB
MemFree:          108492 kB
Active:           389248 kB
Mem:          3.8G       3.7G       105M       5.7M        27M       3.2G

MemTotal:        4016004 kB
MemFree:          127400 kB
Active:           389268 kB
Mem:          3.8G       3.7G       123M       5.7M        27M       3.2G

MemTotal:        4016004 kB
MemFree:          122736 kB
Active:           389280 kB
Mem:          3.8G       3.7G       130M       5.7M        27M       3.2G

MemTotal:        4016004 kB
MemFree:          141452 kB
Active:           389292 kB
Mem:          3.8G       3.7G       136M       5.7M        27M       3.2G

MemTotal:        4016004 kB
MemFree:          131312 kB
Active:           389304 kB
Mem:          3.8G       3.7G       149M       5.7M        27M       3.2G

MemTotal:        4016004 kB
MemFree:          108880 kB
Active:           389308 kB
Mem:          3.8G       3.7G       105M       5.7M        27M       3.2G

MemTotal:        4016004 kB
MemFree:          125760 kB
Active:           386024 kB
Mem:          3.8G       3.7G       121M       5.7M        27M       3.2G

MemTotal:        4016004 kB
MemFree:          118908 kB
Active:           386020 kB
Mem:          3.8G       3.7G       114M       5.7M        27M       3.2G

MemTotal:        4016004 kB
MemFree:          132452 kB
Active:           386020 kB
Mem:          3.8G       3.7G       129M       5.7M        27M       3.2G

MemTotal:        4016004 kB
MemFree:          127244 kB
Active:           386028 kB
Mem:          3.8G       3.7G       124M       5.7M        27M       3.2G

MemTotal:        4016004 kB
MemFree:          112056 kB
Active:           386020 kB
Mem:          3.8G       3.7G       108M       5.7M        27M       3.2G

MemTotal:        4016004 kB
MemFree:          114056 kB
Active:           386048 kB
Mem:          3.8G       3.7G       110M       5.7M        27M       3.2G

MemTotal:        4016004 kB
MemFree:          145056 kB
Active:           386064 kB
Mem:          3.8G       3.7G       150M       5.7M        27M       3.2G

MemTotal:        4016004 kB
MemFree:          108556 kB
Active:           386044 kB
Mem:          3.8G       3.7G       104M       5.7M        27M       3.2G

MemTotal:        4016004 kB
MemFree:          122100 kB
Active:           386072 kB
Mem:          3.8G       3.7G       117M       5.7M        27M       3.2G

MemTotal:        4016004 kB
MemFree:          110208 kB
Active:           386080 kB
Mem:          3.8G       3.7G       107M       5.7M        27M       3.2G

MemTotal:        4016004 kB
MemFree:          117412 kB
Active:           386080 kB
Mem:          3.8G       3.7G       113M       5.7M        27M       3.2G

MemTotal:        4016004 kB
MemFree:          109800 kB
Active:           384308 kB
Mem:          3.8G       3.7G       106M       5.7M        27M       3.2G

MemTotal:        4016004 kB
MemFree:          128180 kB
Active:           384312 kB
Mem:          3.8G       3.7G       124M       5.7M        27M       3.2G

MemTotal:        4016004 kB
MemFree:          118924 kB
Active:           384288 kB
Mem:          3.8G       3.7G       114M       5.7M        27M       3.2G

MemTotal:        4016004 kB
MemFree:          119200 kB
Active:           384312 kB
Mem:          3.8G       3.7G       115M       5.7M        27M       3.2G

MemTotal:        4016004 kB
MemFree:          109556 kB
Active:           384324 kB
Mem:          3.8G       3.7G       106M       5.7M        27M       3.2G

MemTotal:        4016004 kB
MemFree:          123180 kB
Active:           384308 kB
Mem:          3.8G       3.7G       118M       5.7M        27M       3.2G

MemTotal:        4016004 kB
MemFree:          137520 kB
Active:           384340 kB
Mem:          3.8G       3.7G       133M       5.7M        27M       3.2G

MemTotal:        4016004 kB
MemFree:          128456 kB
Active:           384340 kB
Mem:          3.8G       3.7G       124M       5.7M        27M       3.2G

MemTotal:        4016004 kB
MemFree:          128964 kB
Active:           384320 kB
Mem:          3.8G       3.7G       124M       5.7M        27M       3.2G

MemTotal:        4016004 kB
MemFree:          114192 kB
Active:           383056 kB
Mem:          3.8G       3.7G       110M       5.7M        27M       3.2G

MemTotal:        4016004 kB
MemFree:          127408 kB
Active:           383060 kB
Mem:          3.8G       3.7G       123M       5.7M        27M       3.2G

MemTotal:        4016004 kB
MemFree:          110760 kB
Active:           383020 kB
Mem:          3.8G       3.7G       107M       5.7M        27M       3.2G

MemTotal:        4016004 kB
MemFree:          129980 kB
Active:           383060 kB
Mem:          3.8G       3.7G       126M       5.7M        27M       3.2G

MemTotal:        4016004 kB
MemFree:          131108 kB
Active:           383092 kB
Mem:          3.8G       3.7G       127M       5.7M        27M       3.2G

MemTotal:        4016004 kB
MemFree:          140188 kB
Active:           383092 kB
Mem:          3.8G       3.7G       135M       5.7M        27M       3.2G

MemTotal:        4016004 kB
MemFree:          110528 kB
Active:           383104 kB
Mem:          3.8G       3.7G       124M       5.7M        27M       3.2G

MemTotal:        4016004 kB
MemFree:          121280 kB
Active:           382940 kB
Mem:          3.8G       3.7G       116M       5.7M        27M       3.2G

MemTotal:        4016004 kB
MemFree:          110500 kB
Active:           382944 kB
Mem:          3.8G       3.7G       106M       5.7M        27M       3.2G

MemTotal:        4016004 kB
MemFree:          129256 kB
Active:           382968 kB
Mem:          3.8G       3.7G       125M       5.7M        27M       3.2G

MemTotal:        4016004 kB
MemFree:          119836 kB
Active:           382988 kB
Mem:          3.8G       3.7G       116M       5.7M        27M       3.2G

MemTotal:        4016004 kB
MemFree:          105180 kB
Active:           372448 kB
Mem:          3.8G       3.7G       122M       5.7M        27M       3.2G

MemTotal:        4016004 kB
MemFree:          124304 kB
Active:           372448 kB
Mem:          3.8G       3.7G       121M       5.7M        27M       3.2G

MemTotal:        4016004 kB
MemFree:          127492 kB
Active:           373840 kB
Mem:          3.8G       3.7G       123M       5.7M        27M       3.2G

MemTotal:        4016004 kB
MemFree:          123228 kB
Active:           373708 kB
Mem:          3.8G       3.7G       119M       5.7M        27M       3.2G

MemTotal:        4016004 kB
MemFree:          106484 kB
Active:           373728 kB
Mem:          3.8G       3.7G       103M       5.7M        27M       3.2G

MemTotal:        4016004 kB
MemFree:          128584 kB
Active:           373616 kB
Mem:          3.8G       3.7G       124M       5.7M        27M       3.2G

MemTotal:        4016004 kB
MemFree:          111372 kB
Active:           373632 kB
Mem:          3.8G       3.7G       108M       5.7M        27M       3.2G

MemTotal:        4016004 kB
MemFree:          105644 kB
Active:           373588 kB
Mem:          3.8G       3.7G       103M       5.7M        27M       3.2G

MemTotal:        4016004 kB
MemFree:          123928 kB
Active:           373624 kB
Mem:          3.8G       3.7G       120M       5.7M        27M       3.2G

MemTotal:        4016004 kB
MemFree:          125428 kB
Active:           373496 kB
Mem:          3.8G       3.7G       122M       5.7M        27M       3.2G

MemTotal:        4016004 kB
MemFree:          127656 kB
Active:           371460 kB
Mem:          3.8G       3.7G       123M       5.7M        27M       3.2G

MemTotal:        4016004 kB
MemFree:          113576 kB
Active:           371556 kB
Mem:          3.8G       3.7G       110M       5.7M        27M       3.2G

MemTotal:        4016004 kB
MemFree:          127212 kB
Active:           371564 kB
Mem:          3.8G       3.7G       123M       5.7M        27M       3.2G

MemTotal:        4016004 kB
MemFree:          119560 kB
Active:           371560 kB
Mem:          3.8G       3.7G       124M       5.7M        27M       3.2G

MemTotal:        4016004 kB
MemFree:          128912 kB
Active:           371520 kB
Mem:          3.8G       3.7G       125M       5.7M        27M       3.2G

MemTotal:        4016004 kB
MemFree:          127468 kB
Active:           371524 kB
Mem:          3.8G       3.7G       123M       5.7M        27M       3.2G

MemTotal:        4016004 kB
MemFree:          117560 kB
Active:           371572 kB
Mem:          3.8G       3.7G       114M       5.7M        27M       3.2G

MemTotal:        4016004 kB
MemFree:          117928 kB
Active:           371548 kB
Mem:          3.8G       3.7G       114M       5.7M        27M       3.2G

MemTotal:        4016004 kB
MemFree:          109268 kB
Active:           371568 kB
Mem:          3.8G       3.7G       105M       5.7M        27M       3.2G

MemTotal:        4016004 kB
MemFree:          147292 kB
Active:           371568 kB
Mem:          3.8G       3.7G       143M       5.7M        27M       3.2G

MemTotal:        4016004 kB
MemFree:          144532 kB
Active:           371540 kB
Mem:          3.8G       3.7G       141M       5.7M        27M       3.2G

MemTotal:        4016004 kB
MemFree:          144912 kB
Active:           373608 kB
Mem:          3.8G       3.7G       141M       5.7M        27M       3.2G

MemTotal:        4016004 kB
MemFree:          117244 kB
Active:           373644 kB
Mem:          3.8G       3.7G       113M       5.7M        27M       3.2G

MemTotal:        4016004 kB
MemFree:          120080 kB
Active:           372724 kB
Mem:          3.8G       3.7G       116M       5.7M        27M       3.2G

MemTotal:        4016004 kB
MemFree:          121332 kB
Active:           372716 kB
Mem:          3.8G       3.7G       118M       5.7M        27M       3.2G

MemTotal:        4016004 kB
MemFree:          123840 kB
Active:           372600 kB
Mem:          3.8G       3.7G       119M       5.7M        27M       3.2G

MemTotal:        4016004 kB
MemFree:          133308 kB
Active:           370188 kB
Mem:          3.8G       3.7G       129M       5.7M        27M       3.2G

MemTotal:        4016004 kB
MemFree:          121720 kB
Active:           370212 kB
Mem:          3.8G       3.7G       118M       5.7M        27M       3.2G

MemTotal:        4016004 kB
MemFree:          112904 kB
Active:           370188 kB
Mem:          3.8G       3.7G       109M       5.7M        27M       3.2G

MemTotal:        4016004 kB
MemFree:          126368 kB
Active:           370224 kB
Mem:          3.8G       3.7G       122M       5.7M        27M       3.2G

MemTotal:        4016004 kB
MemFree:          128692 kB
Active:           370204 kB
Mem:          3.8G       3.7G       125M       5.7M        27M       3.2G

MemTotal:        4016004 kB
MemFree:          106912 kB
Active:           370224 kB
Mem:          3.8G       3.7G       102M       5.7M        27M       3.2G

MemTotal:        4016004 kB
MemFree:          122720 kB
Active:           370256 kB
Mem:          3.8G       3.7G       118M       5.7M        27M       3.2G

MemTotal:        4016004 kB
MemFree:          129764 kB
Active:           370260 kB
Mem:          3.8G       3.7G       126M       5.7M        27M       3.2G

MemTotal:        4016004 kB
MemFree:          108652 kB
Active:           370244 kB
Mem:          3.8G       3.7G       105M       5.7M        27M       3.2G

MemTotal:        4016004 kB
MemFree:          133604 kB
Active:           370276 kB
Mem:          3.8G       3.7G       129M       5.7M        27M       3.2G

MemTotal:        4016004 kB
MemFree:          141216 kB
Active:           370252 kB
Mem:          3.8G       3.7G       136M       5.7M        27M       3.2G

MemTotal:        4016004 kB
MemFree:          131376 kB
Active:           370248 kB
Mem:          3.8G       3.7G       127M       5.7M        27M       3.2G

MemTotal:        4016004 kB
MemFree:          120956 kB
Active:           370248 kB
Mem:          3.8G       3.7G       117M       5.7M        27M       3.2G

MemTotal:        4016004 kB
MemFree:          139000 kB
Active:           365884 kB
Mem:          3.8G       3.7G       134M       5.7M        27M       3.2G

MemTotal:        4016004 kB
MemFree:          140884 kB
Active:           364524 kB
Mem:          3.8G       3.7G       136M       5.7M        27M       3.2G

MemTotal:        4016004 kB
MemFree:          131852 kB
Active:           366324 kB
Mem:          3.8G       3.7G       138M       5.7M        27M       3.2G

MemTotal:        4016004 kB
MemFree:          125844 kB
Active:           366196 kB
Mem:          3.8G       3.7G       122M       5.7M        27M       3.2G

MemTotal:        4016004 kB
MemFree:          129064 kB
Active:           366160 kB
Mem:          3.8G       3.7G       125M       5.7M        27M       3.2G

MemTotal:        4016004 kB
MemFree:          108120 kB
Active:           366188 kB
Mem:          3.8G       3.7G       104M       5.7M        27M       3.2G

MemTotal:        4016004 kB
MemFree:          130316 kB
Active:           366080 kB
Mem:          3.8G       3.7G       127M       5.7M        27M       3.2G

MemTotal:        4016004 kB
MemFree:          129884 kB
Active:           366072 kB
Mem:          3.8G       3.7G       126M       5.7M        27M       3.2G

MemTotal:        4016004 kB
MemFree:          130136 kB
Active:           366080 kB
Mem:          3.8G       3.7G       126M       5.7M        27M       3.2G

MemTotal:        4016004 kB
MemFree:          108116 kB
Active:           366092 kB
Mem:          3.8G       3.7G       104M       5.7M        27M       3.2G

MemTotal:        4016004 kB
MemFree:          130708 kB
Active:           366088 kB
Mem:          3.8G       3.7G       130M       5.7M        27M       3.2G

MemTotal:        4016004 kB
MemFree:          124740 kB
Active:           365916 kB
Mem:          3.8G       3.7G       120M       5.7M        27M       3.2G

MemTotal:        4016004 kB
MemFree:          108384 kB
Active:           365932 kB
Mem:          3.8G       3.7G       104M       5.7M        27M       3.2G

MemTotal:        4016004 kB
MemFree:          134452 kB
Active:           365920 kB
Mem:          3.8G       3.7G       130M       5.7M        27M       3.2G

MemTotal:        4016004 kB
MemFree:          142648 kB
Active:           365884 kB
Mem:          3.8G       3.7G       138M       5.7M        27M       3.2G

MemTotal:        4016004 kB
MemFree:          131664 kB
Active:           365892 kB
Mem:          3.8G       3.7G       128M       5.7M        27M       3.2G

MemTotal:        4016004 kB
MemFree:          121836 kB
Active:           365896 kB
Mem:          3.8G       3.7G       118M       5.7M        28M       3.2G

MemTotal:        4016004 kB
MemFree:          125496 kB
Active:           364916 kB
Mem:          3.8G       3.7G       121M       5.7M        28M       3.2G

MemTotal:        4016004 kB
MemFree:          127168 kB
Active:           364764 kB
Mem:          3.8G       3.7G       123M       5.7M        28M       3.2G

MemTotal:        4016004 kB
MemFree:          128524 kB
Active:           364804 kB
Mem:          3.8G       3.7G       124M       5.7M        28M       3.2G

MemTotal:        4016004 kB
MemFree:          115220 kB
Active:           364816 kB
Mem:          3.8G       3.7G       112M       5.7M        28M       3.2G

MemTotal:        4016004 kB
MemFree:          132048 kB
Active:           364804 kB
Mem:          3.8G       3.7G       128M       5.7M        28M       3.2G

MemTotal:        4016004 kB
MemFree:          132124 kB
Active:           364820 kB
Mem:          3.8G       3.7G       129M       5.7M        28M       3.2G

MemTotal:        4016004 kB
MemFree:          130120 kB
Active:           364968 kB
Mem:          3.8G       3.7G       126M       5.7M        28M       3.2G

MemTotal:        4016004 kB
MemFree:          119996 kB
Active:           364840 kB
Mem:          3.8G       3.7G       117M       5.7M        28M       3.2G

MemTotal:        4016004 kB
MemFree:          121760 kB
Active:           364832 kB
Mem:          3.8G       3.7G       117M       5.7M        28M       3.2G

MemTotal:        4016004 kB
MemFree:          135784 kB
Active:           364840 kB
Mem:          3.8G       3.7G       131M       5.7M        28M       3.2G

MemTotal:        4016004 kB
MemFree:          154860 kB
Active:           364848 kB
Mem:          3.8G       3.7G       151M       5.7M        28M       3.2G

MemTotal:        4016004 kB
MemFree:          109040 kB
Active:           364820 kB
Mem:          3.8G       3.7G       105M       5.7M        28M       3.2G

MemTotal:        4016004 kB
MemFree:          122828 kB
Active:           364832 kB
Mem:          3.8G       3.7G       118M       5.7M        28M       3.2G

MemTotal:        4016004 kB
MemFree:          128604 kB
Active:           364696 kB
Mem:          3.8G       3.7G       125M       5.7M        28M       3.2G

MemTotal:        4016004 kB
MemFree:          128860 kB
Active:           364496 kB
Mem:          3.8G       3.7G       125M       5.7M        28M       3.2G

MemTotal:        4016004 kB
MemFree:          128736 kB
Active:           364536 kB
Mem:          3.8G       3.7G       125M       5.7M        28M       3.2G

MemTotal:        4016004 kB
MemFree:          128860 kB
Active:           364508 kB
Mem:          3.8G       3.7G       125M       5.7M        28M       3.2G

MemTotal:        4016004 kB
MemFree:          128860 kB
Active:           364532 kB
Mem:          3.8G       3.7G       125M       5.7M        28M       3.2G

MemTotal:        4016004 kB
MemFree:          129000 kB
Active:           364532 kB
Mem:          3.8G       3.7G       125M       5.7M        28M       3.2G

MemTotal:        4016004 kB
MemFree:          129248 kB
Active:           364504 kB
Mem:          3.8G       3.7G       126M       5.7M        28M       3.2G

MemTotal:        4016004 kB
MemFree:          128876 kB
Active:           364532 kB
Mem:          3.8G       3.7G       125M       5.7M        28M       3.2G

MemTotal:        4016004 kB
MemFree:          129356 kB
Active:           364544 kB
Mem:          3.8G       3.7G       126M       5.7M        28M       3.2G

MemTotal:        4016004 kB
MemFree:          129372 kB
Active:           364520 kB
Mem:          3.8G       3.7G       126M       5.7M        28M       3.2G

MemTotal:        4016004 kB
MemFree:          127324 kB
Active:           364500 kB
Mem:          3.8G       3.7G       124M       5.7M        28M       3.2G

MemTotal:        4016004 kB
MemFree:          126828 kB
Active:           366564 kB
Mem:          3.8G       3.7G       123M       5.7M        28M       3.2G

MemTotal:        4016004 kB
MemFree:          126812 kB
Active:           366560 kB
Mem:          3.8G       3.7G       123M       5.7M        28M       3.2G

MemTotal:        4016004 kB
MemFree:          126936 kB
Active:           366576 kB
Mem:          3.8G       3.7G       123M       5.7M        28M       3.2G

MemTotal:        4016004 kB
MemFree:          126828 kB
Active:           366564 kB
Mem:          3.8G       3.7G       123M       5.7M        28M       3.2G

MemTotal:        4016004 kB
MemFree:          127184 kB
Active:           366680 kB
Mem:          3.8G       3.7G       124M       5.7M        28M       3.2G

MemTotal:        4016004 kB
MemFree:          127060 kB
Active:           366576 kB
Mem:          3.8G       3.7G       124M       5.7M        28M       3.2G

MemTotal:        4016004 kB
MemFree:          126812 kB
Active:           366568 kB
Mem:          3.8G       3.7G       123M       5.7M        28M       3.2G

MemTotal:        4016004 kB
MemFree:          126796 kB
Active:           366700 kB
Mem:          3.8G       3.7G       123M       5.7M        28M       3.2G

MemTotal:        4016004 kB
MemFree:          126796 kB
Active:           366600 kB
Mem:          3.8G       3.7G       123M       5.7M        28M       3.2G

MemTotal:        4016004 kB
MemFree:          126952 kB
Active:           366560 kB
Mem:          3.8G       3.7G       124M       5.7M        28M       3.2G

MemTotal:        4016004 kB
MemFree:          126912 kB
Active:           366580 kB
Mem:          3.8G       3.7G       123M       5.7M        28M       3.2G

MemTotal:        4016004 kB
MemFree:          127304 kB
Active:           366560 kB
Mem:          3.8G       3.7G       124M       5.7M        28M       3.2G

MemTotal:        4016004 kB
MemFree:          126884 kB
Active:           366620 kB
Mem:          3.8G       3.7G       123M       5.7M        28M       3.2G

MemTotal:        4016004 kB
MemFree:          127028 kB
Active:           366608 kB
Mem:          3.8G       3.7G       124M       5.7M        28M       3.2G

MemTotal:        4016004 kB
MemFree:          127480 kB
Active:           366604 kB
Mem:          3.8G       3.7G       124M       5.7M        28M       3.2G

MemTotal:        4016004 kB
MemFree:          126984 kB
Active:           366612 kB
Mem:          3.8G       3.7G       123M       5.7M        28M       3.2G

MemTotal:        4016004 kB
MemFree:          127216 kB
Active:           366768 kB
Mem:          3.8G       3.7G       124M       5.7M        28M       3.2G

MemTotal:        4016004 kB
MemFree:          127076 kB
Active:           366624 kB
Mem:          3.8G       3.7G       124M       5.7M        28M       3.2G

MemTotal:        4016004 kB
MemFree:          127092 kB
Active:           366628 kB
Mem:          3.8G       3.7G       124M       5.7M        28M       3.2G

MemTotal:        4016004 kB
MemFree:          127324 kB
Active:           366696 kB
Mem:          3.8G       3.7G       124M       5.7M        28M       3.2G

MemTotal:        4016004 kB
MemFree:          127200 kB
Active:           366608 kB
Mem:          3.8G       3.7G       123M       5.7M        28M       3.2G

MemTotal:        4016004 kB
MemFree:          126952 kB
Active:           366600 kB
Mem:          3.8G       3.7G       123M       5.7M        28M       3.2G

MemTotal:        4016004 kB
MemFree:          126332 kB
Active:           366748 kB
Mem:          3.8G       3.7G       123M       5.7M        28M       3.2G

MemTotal:        4016004 kB
MemFree:          126580 kB
Active:           366620 kB
Mem:          3.8G       3.7G       123M       5.7M        28M       3.2G

MemTotal:        4016004 kB
MemFree:          126316 kB
Active:           366600 kB
Mem:          3.8G       3.7G       123M       5.7M        28M       3.2G

MemTotal:        4016004 kB
MemFree:          126844 kB
Active:           366644 kB
Mem:          3.8G       3.7G       123M       5.7M        28M       3.2G

MemTotal:        4016004 kB
MemFree:          126372 kB
Active:           366748 kB
Mem:          3.8G       3.7G       123M       5.7M        28M       3.2G

MemTotal:        4016004 kB
MemFree:          126596 kB
Active:           366648 kB
Mem:          3.8G       3.7G       123M       5.7M        28M       3.2G

MemTotal:        4016004 kB
MemFree:          127340 kB
Active:           366756 kB
Mem:          3.8G       3.7G       123M       5.7M        28M       3.2G

MemTotal:        4016004 kB
MemFree:          126844 kB
Active:           366648 kB
Mem:          3.8G       3.7G       123M       5.7M        28M       3.2G

MemTotal:        4016004 kB
MemFree:          126596 kB
Active:           366660 kB
Mem:          3.8G       3.7G       123M       5.7M        28M       3.2G

MemTotal:        4016004 kB
MemFree:          126596 kB
Active:           366740 kB
Mem:          3.8G       3.7G       123M       5.7M        28M       3.2G

MemTotal:        4016004 kB
MemFree:          126744 kB
Active:           366736 kB
Mem:          3.8G       3.7G       123M       5.7M        28M       3.2G

MemTotal:        4016004 kB
MemFree:          126828 kB
Active:           366712 kB
Mem:          3.8G       3.7G       123M       5.7M        28M       3.2G

MemTotal:        4016004 kB
MemFree:          127076 kB
Active:           366692 kB
Mem:          3.8G       3.7G       124M       5.7M        28M       3.2G

MemTotal:        4016004 kB
MemFree:          126968 kB
Active:           366760 kB
Mem:          3.8G       3.7G       123M       5.7M        28M       3.2G

MemTotal:        4016004 kB
MemFree:          126720 kB
Active:           366652 kB
Mem:          3.8G       3.7G       123M       5.7M        28M       3.2G

MemTotal:        4016004 kB
MemFree:          126704 kB
Active:           366640 kB
Mem:          3.8G       3.7G       123M       5.7M        28M       3.2G

MemTotal:        4016004 kB
MemFree:          126348 kB
Active:           366680 kB
Mem:          3.8G       3.7G       123M       5.7M        28M       3.2G

MemTotal:        4016004 kB
MemFree:          126720 kB
Active:           366664 kB
Mem:          3.8G       3.7G       123M       5.7M        28M       3.2G

MemTotal:        4016004 kB
MemFree:          126564 kB
Active:           366788 kB
Mem:          3.8G       3.7G       123M       5.7M        28M       3.2G

MemTotal:        4016004 kB
MemFree:          126564 kB
Active:           366804 kB
Mem:          3.8G       3.7G       123M       5.7M        28M       3.2G

MemTotal:        4016004 kB
MemFree:          126332 kB
Active:           366680 kB
Mem:          3.8G       3.7G       123M       5.7M        28M       3.2G

MemTotal:        4016004 kB
MemFree:          126596 kB
Active:           366780 kB
Mem:          3.8G       3.7G       123M       5.7M        28M       3.2G

MemTotal:        4016004 kB
MemFree:          126456 kB
Active:           366724 kB
Mem:          3.8G       3.7G       123M       5.7M        28M       3.2G

MemTotal:        4016004 kB
MemFree:          126952 kB
Active:           366676 kB
Mem:          3.8G       3.7G       123M       5.7M        28M       3.2G

MemTotal:        4016004 kB
MemFree:          126952 kB
Active:           366748 kB
Mem:          3.8G       3.7G       123M       5.7M        28M       3.2G

MemTotal:        4016004 kB
MemFree:          127200 kB
Active:           366676 kB
Mem:          3.8G       3.7G       123M       5.7M        28M       3.2G

MemTotal:        4016004 kB
MemFree:          126704 kB
Active:           366800 kB
Mem:          3.8G       3.7G       124M       5.7M        28M       3.2G

MemTotal:        4016004 kB
MemFree:          127324 kB
Active:           366656 kB
Mem:          3.8G       3.7G       124M       5.7M        28M       3.2G

MemTotal:        4016004 kB
MemFree:          126852 kB
Active:           366912 kB
Mem:          3.8G       3.7G       123M       5.7M        28M       3.2G

MemTotal:        4016004 kB
MemFree:          127076 kB
Active:           366688 kB
Mem:          3.8G       3.7G       123M       5.7M        28M       3.2G

MemTotal:        4016004 kB
MemFree:          127184 kB
Active:           366808 kB
Mem:          3.8G       3.7G       124M       5.7M        28M       3.2G

MemTotal:        4016004 kB
MemFree:          127340 kB
Active:           366668 kB
Mem:          3.8G       3.7G       123M       5.7M        28M       3.2G

MemTotal:        4016004 kB
MemFree:          127356 kB
Active:           366796 kB
Mem:          3.8G       3.7G       124M       5.7M        28M       3.2G

MemTotal:        4016004 kB
MemFree:          127464 kB
Active:           366680 kB
Mem:          3.8G       3.7G       124M       5.7M        28M       3.2G

MemTotal:        4016004 kB
MemFree:          127216 kB
Active:           366840 kB
Mem:          3.8G       3.7G       124M       5.7M        28M       3.2G

MemTotal:        4016004 kB
MemFree:          127636 kB
Active:           366780 kB
Mem:          3.8G       3.7G       124M       5.7M        28M       3.2G

MemTotal:        4016004 kB
MemFree:          127556 kB
Active:           366744 kB
Mem:          3.8G       3.7G       124M       5.7M        28M       3.2G

MemTotal:        4016004 kB
MemFree:          127572 kB
Active:           366804 kB
Mem:          3.8G       3.7G       124M       5.7M        28M       3.2G

MemTotal:        4016004 kB
MemFree:          127448 kB
Active:           366680 kB
Mem:          3.8G       3.7G       124M       5.7M        28M       3.2G

MemTotal:        4016004 kB
MemFree:          127076 kB
Active:           366648 kB
Mem:          3.8G       3.7G       123M       5.7M        28M       3.2G

MemTotal:        4016004 kB
MemFree:          126752 kB
Active:           366816 kB
Mem:          3.8G       3.7G       123M       5.7M        28M       3.2G

MemTotal:        4016004 kB
MemFree:          126844 kB
Active:           366800 kB
Mem:          3.8G       3.7G       123M       5.7M        28M       3.2G

MemTotal:        4016004 kB
MemFree:          126580 kB
Active:           366944 kB
Mem:          3.8G       3.7G       123M       5.7M        28M       3.2G

MemTotal:        4016004 kB
MemFree:          126464 kB
Active:           366920 kB
Mem:          3.8G       3.7G       123M       5.7M        28M       3.2G

MemTotal:        4016004 kB
MemFree:          126332 kB
Active:           366820 kB
Mem:          3.8G       3.7G       123M       5.7M        28M       3.2G

MemTotal:        4016004 kB
MemFree:          126232 kB
Active:           366808 kB
Mem:          3.8G       3.7G       123M       5.7M        28M       3.2G

MemTotal:        4016004 kB
MemFree:          126844 kB
Active:           366804 kB
Mem:          3.8G       3.7G       123M       5.7M        28M       3.2G

MemTotal:        4016004 kB
MemFree:          126876 kB
Active:           366868 kB
Mem:          3.8G       3.7G       123M       5.7M        28M       3.2G

MemTotal:        4016004 kB
MemFree:          126332 kB
Active:           366796 kB
Mem:          3.8G       3.7G       123M       5.7M        28M       3.2G

MemTotal:        4016004 kB
MemFree:          126192 kB
Active:           366812 kB
Mem:          3.8G       3.7G       122M       5.7M        28M       3.2G

MemTotal:        4016004 kB
MemFree:          125728 kB
Active:           366844 kB
Mem:          3.8G       3.7G       122M       5.7M        28M       3.2G

MemTotal:        4016004 kB
MemFree:          126456 kB
Active:           366712 kB
Mem:          3.8G       3.7G       123M       5.7M        28M       3.2G

MemTotal:        4016004 kB
MemFree:          126844 kB
Active:           366796 kB
Mem:          3.8G       3.7G       123M       5.7M        28M       3.2G

MemTotal:        4016004 kB
MemFree:          126612 kB
Active:           366816 kB
Mem:          3.8G       3.7G       123M       5.7M        28M       3.2G

MemTotal:        4016004 kB
MemFree:          126852 kB
Active:           366848 kB
Mem:          3.8G       3.7G       123M       5.7M        28M       3.2G

MemTotal:        4016004 kB
MemFree:          126800 kB
Active:           366676 kB
Mem:          3.8G       3.7G       123M       5.7M        28M       3.2G

MemTotal:        4016004 kB
MemFree:          126644 kB
Active:           366828 kB
Mem:          3.8G       3.7G       124M       5.7M        28M       3.2G

MemTotal:        4016004 kB
MemFree:          127216 kB
Active:           366804 kB
Mem:          3.8G       3.7G       123M       5.7M        28M       3.2G

MemTotal:        4016004 kB
MemFree:          127076 kB
Active:           366844 kB
Mem:          3.8G       3.7G       124M       5.7M        28M       3.2G

MemTotal:        4016004 kB
MemFree:          127372 kB
Active:           366852 kB
Mem:          3.8G       3.7G       124M       5.7M        28M       3.2G

MemTotal:        4016004 kB
MemFree:          127852 kB
Active:           366920 kB
Mem:          3.8G       3.7G       124M       5.7M        28M       3.2G

MemTotal:        4016004 kB
MemFree:          127728 kB
Active:           366936 kB
Mem:          3.8G       3.7G       124M       5.7M        28M       3.2G

MemTotal:        4016004 kB
MemFree:          127852 kB
Active:           366772 kB
Mem:          3.8G       3.7G       124M       5.7M        28M       3.2G

MemTotal:        4016004 kB
MemFree:          127092 kB
Active:           366976 kB
Mem:          3.8G       3.7G       123M       5.7M        28M       3.2G

MemTotal:        4016004 kB
MemFree:          127148 kB
Active:           366948 kB
Mem:          3.8G       3.7G       124M       5.7M        28M       3.2G

MemTotal:        4016004 kB
MemFree:          126952 kB
Active:           366944 kB
Mem:          3.8G       3.7G       123M       5.7M        28M       3.2G

MemTotal:        4016004 kB
MemFree:          126704 kB
Active:           366824 kB
Mem:          3.8G       3.7G       123M       5.7M        28M       3.2G

MemTotal:        4016004 kB
MemFree:          126720 kB
Active:           366796 kB
Mem:          3.8G       3.7G       123M       5.7M        28M       3.2G

MemTotal:        4016004 kB
MemFree:          126240 kB
Active:           367072 kB
Mem:          3.8G       3.7G       122M       5.7M        28M       3.2G

MemTotal:        4016004 kB
MemFree:          125452 kB
Active:           367048 kB
Mem:          3.8G       3.7G       122M       5.7M        28M       3.2G

MemTotal:        4016004 kB
MemFree:          125776 kB
Active:           367040 kB
Mem:          3.8G       3.7G       122M       5.7M        28M       3.2G

MemTotal:        4016004 kB
MemFree:          125520 kB
Active:           367060 kB
Mem:          3.8G       3.7G       122M       5.7M        28M       3.2G

MemTotal:        4016004 kB
MemFree:          125712 kB
Active:           367064 kB
Mem:          3.8G       3.7G       122M       5.7M        28M       3.2G

MemTotal:        4016004 kB
MemFree:          126224 kB
Active:           367028 kB
Mem:          3.8G       3.7G       123M       5.7M        28M       3.2G

MemTotal:        4016004 kB
MemFree:          126288 kB
Active:           367028 kB
Mem:          3.8G       3.7G       123M       5.7M        28M       3.2G

MemTotal:        4016004 kB
MemFree:          126124 kB
Active:           367044 kB
Mem:          3.8G       3.7G       123M       5.7M        28M       3.2G

MemTotal:        4016004 kB
MemFree:          126372 kB
Active:           366936 kB
Mem:          3.8G       3.7G       123M       5.7M        28M       3.2G

MemTotal:        4016004 kB
MemFree:          126720 kB
Active:           367020 kB
Mem:          3.8G       3.7G       123M       5.7M        28M       3.2G

MemTotal:        4016004 kB
MemFree:          126364 kB
Active:           367064 kB
Mem:          3.8G       3.7G       123M       5.7M        28M       3.2G

MemTotal:        4016004 kB
MemFree:          126116 kB
Active:           367168 kB
Mem:          3.8G       3.7G       123M       5.7M        28M       3.2G

MemTotal:        4016004 kB
MemFree:          126008 kB
Active:           367060 kB
Mem:          3.8G       3.7G       122M       5.7M        28M       3.2G

MemTotal:        4016004 kB
MemFree:          125992 kB
Active:           366948 kB
Mem:          3.8G       3.7G       123M       5.7M        28M       3.2G

MemTotal:        4016004 kB
MemFree:          125884 kB
Active:           367044 kB
Mem:          3.8G       3.7G       122M       5.7M        28M       3.2G

MemTotal:        4016004 kB
MemFree:          126016 kB
Active:           367020 kB
Mem:          3.8G       3.7G       123M       5.7M        28M       3.2G

MemTotal:        4016004 kB
MemFree:          126000 kB
Active:           367000 kB
Mem:          3.8G       3.7G       122M       5.7M        28M       3.2G

MemTotal:        4016004 kB
MemFree:          125868 kB
Active:           367000 kB
Mem:          3.8G       3.7G       122M       5.7M        28M       3.2G

MemTotal:        4016004 kB
MemFree:          126380 kB
Active:           367056 kB
Mem:          3.8G       3.7G       123M       5.7M        28M       3.2G

MemTotal:        4016004 kB
MemFree:          126504 kB
Active:           366964 kB
Mem:          3.8G       3.7G       123M       5.7M        28M       3.2G

MemTotal:        4016004 kB
MemFree:          126380 kB
Active:           367084 kB
Mem:          3.8G       3.7G       123M       5.7M        28M       3.2G

MemTotal:        4016004 kB
MemFree:          126504 kB
Active:           366984 kB
Mem:          3.8G       3.7G       123M       5.7M        28M       3.2G

MemTotal:        4016004 kB
MemFree:          126504 kB
Active:           366992 kB
Mem:          3.8G       3.7G       123M       5.7M        28M       3.2G

MemTotal:        4016004 kB
MemFree:          126720 kB
Active:           366988 kB
Mem:          3.8G       3.7G       123M       5.7M        28M       3.2G

MemTotal:        4016004 kB
MemFree:          126752 kB
Active:           366964 kB
Mem:          3.8G       3.7G       123M       5.7M        28M       3.2G

MemTotal:        4016004 kB
MemFree:          126428 kB
Active:           367176 kB
Mem:          3.8G       3.7G       123M       5.7M        28M       3.2G

MemTotal:        4016004 kB
MemFree:          126132 kB
Active:           366968 kB
Mem:          3.8G       3.7G       122M       5.7M        28M       3.2G

MemTotal:        4016004 kB
MemFree:          126008 kB
Active:           366996 kB
Mem:          3.8G       3.7G       123M       5.7M        28M       3.2G

MemTotal:        4016004 kB
MemFree:          126256 kB
Active:           367004 kB
Mem:          3.8G       3.7G       123M       5.7M        28M       3.2G

MemTotal:        4016004 kB
MemFree:          126008 kB
Active:           366968 kB
Mem:          3.8G       3.7G       122M       5.7M        28M       3.2G

MemTotal:        4016004 kB
MemFree:          126256 kB
Active:           366968 kB
Mem:          3.8G       3.7G       122M       5.7M        28M       3.2G

MemTotal:        4016004 kB
MemFree:          126132 kB
Active:           366996 kB
Mem:          3.8G       3.7G       123M       5.7M        28M       3.2G

MemTotal:        4016004 kB
MemFree:          126256 kB
Active:           367008 kB
Mem:          3.8G       3.7G       123M       5.7M        28M       3.2G

MemTotal:        4016004 kB
MemFree:          126256 kB
Active:           367012 kB
Mem:          3.8G       3.7G       123M       5.7M        28M       3.2G

MemTotal:        4016004 kB
MemFree:          126008 kB
Active:           366984 kB
Mem:          3.8G       3.7G       123M       5.7M        28M       3.2G

MemTotal:        4016004 kB
MemFree:          126132 kB
Active:           366972 kB
Mem:          3.8G       3.7G       122M       5.7M        28M       3.2G

MemTotal:        4016004 kB
MemFree:          126008 kB
Active:           367016 kB
Mem:          3.8G       3.7G       122M       5.7M        28M       3.2G

MemTotal:        4016004 kB
MemFree:          126504 kB
Active:           366988 kB
Mem:          3.8G       3.7G       123M       5.7M        28M       3.2G

MemTotal:        4016004 kB
MemFree:          126256 kB
Active:           367012 kB
Mem:          3.8G       3.7G       123M       5.7M        28M       3.2G

MemTotal:        4016004 kB
MemFree:          126256 kB
Active:           367012 kB
Mem:          3.8G       3.7G       123M       5.7M        28M       3.2G

MemTotal:        4016004 kB
MemFree:          126380 kB
Active:           367028 kB
Mem:          3.8G       3.7G       123M       5.7M        28M       3.2G

MemTotal:        4016004 kB
MemFree:          126380 kB
Active:           367016 kB
Mem:          3.8G       3.7G       123M       5.7M        28M       3.2G

MemTotal:        4016004 kB
MemFree:          126132 kB
Active:           367020 kB
Mem:          3.8G       3.7G       122M       5.7M        28M       3.2G

MemTotal:        4016004 kB
MemFree:          125884 kB
Active:           367020 kB
Mem:          3.8G       3.7G       122M       5.7M        28M       3.2G

MemTotal:        4016004 kB
MemFree:          126256 kB
Active:           366988 kB
Mem:          3.8G       3.7G       123M       5.7M        28M       3.2G

MemTotal:        4016004 kB
MemFree:          126380 kB
Active:           367008 kB
Mem:          3.8G       3.7G       123M       5.7M        28M       3.2G

MemTotal:        4016004 kB
MemFree:          126628 kB
Active:           367036 kB
Mem:          3.8G       3.7G       123M       5.7M        28M       3.2G

MemTotal:        4016004 kB
MemFree:          126752 kB
Active:           367040 kB
Mem:          3.8G       3.7G       123M       5.7M        28M       3.2G

MemTotal:        4016004 kB
MemFree:          127124 kB
Active:           367012 kB
Mem:          3.8G       3.7G       124M       5.7M        28M       3.2G

MemTotal:        4016004 kB
MemFree:          127000 kB
Active:           366996 kB
Mem:          3.8G       3.7G       124M       5.7M        28M       3.2G

MemTotal:        4016004 kB
MemFree:          127124 kB
Active:           367032 kB
Mem:          3.8G       3.7G       123M       5.7M        28M       3.2G

MemTotal:        4016004 kB
MemFree:          126504 kB
Active:           367004 kB
Mem:          3.8G       3.7G       123M       5.7M        28M       3.2G

MemTotal:        4016004 kB
MemFree:          126628 kB
Active:           367020 kB
Mem:          3.8G       3.7G       123M       5.7M        28M       3.2G

MemTotal:        4016004 kB
MemFree:          126876 kB
Active:           367036 kB
Mem:          3.8G       3.7G       123M       5.7M        28M       3.2G

MemTotal:        4016004 kB
MemFree:          126504 kB
Active:           367036 kB
Mem:          3.8G       3.7G       123M       5.7M        28M       3.2G

MemTotal:        4016004 kB
MemFree:          126380 kB
Active:           367016 kB
Mem:          3.8G       3.7G       122M       5.7M        28M       3.2G

MemTotal:        4016004 kB
MemFree:          126132 kB
Active:           367040 kB
Mem:          3.8G       3.7G       123M       5.7M        28M       3.2G

MemTotal:        4016004 kB
MemFree:          126380 kB
Active:           367016 kB
Mem:          3.8G       3.7G       123M       5.7M        28M       3.2G

MemTotal:        4016004 kB
MemFree:          126380 kB
Active:           367044 kB
Mem:          3.8G       3.7G       123M       5.7M        28M       3.2G

MemTotal:        4016004 kB
MemFree:          126380 kB
Active:           367060 kB
Mem:          3.8G       3.7G       123M       5.7M        28M       3.2G

MemTotal:        4016004 kB
MemFree:          126256 kB
Active:           367060 kB
Mem:          3.8G       3.7G       123M       5.7M        28M       3.2G

MemTotal:        4016004 kB
MemFree:          126132 kB
Active:           367024 kB
Mem:          3.8G       3.7G       122M       5.7M        28M       3.2G

MemTotal:        4016004 kB
MemFree:          126008 kB
Active:           367052 kB
Mem:          3.8G       3.7G       123M       5.7M        28M       3.2G

MemTotal:        4016004 kB
MemFree:          126132 kB
Active:           367036 kB
Mem:          3.8G       3.7G       123M       5.7M        28M       3.2G

MemTotal:        4016004 kB
MemFree:          125884 kB
Active:           367060 kB
Mem:          3.8G       3.7G       122M       5.7M        28M       3.2G

MemTotal:        4016004 kB
MemFree:          126132 kB
Active:           367064 kB
Mem:          3.8G       3.7G       123M       5.7M        28M       3.2G

MemTotal:        4016004 kB
MemFree:          126132 kB
Active:           367064 kB
Mem:          3.8G       3.7G       123M       5.7M        28M       3.2G

MemTotal:        4016004 kB
MemFree:          126256 kB
Active:           367060 kB
Mem:          3.8G       3.7G       123M       5.7M        28M       3.2G

MemTotal:        4016004 kB
MemFree:          126380 kB
Active:           367068 kB
Mem:          3.8G       3.7G       123M       5.7M        28M       3.2G

MemTotal:        4016004 kB
MemFree:          126008 kB
Active:           367080 kB
Mem:          3.8G       3.7G       123M       5.7M        28M       3.2G

MemTotal:        4016004 kB
MemFree:          126876 kB
Active:           367044 kB
Mem:          3.8G       3.7G       123M       5.7M        28M       3.2G

MemTotal:        4016004 kB
MemFree:          126504 kB
Active:           367072 kB
Mem:          3.8G       3.7G       123M       5.7M        28M       3.2G

MemTotal:        4016004 kB
MemFree:          126628 kB
Active:           367048 kB
Mem:          3.8G       3.7G       123M       5.7M        28M       3.2G

MemTotal:        4016004 kB
MemFree:          126380 kB
Active:           367052 kB
Mem:          3.8G       3.7G       123M       5.7M        28M       3.2G

MemTotal:        4016004 kB
MemFree:          126380 kB
Active:           367084 kB
Mem:          3.8G       3.7G       123M       5.7M        28M       3.2G

MemTotal:        4016004 kB
MemFree:          125636 kB
Active:           367092 kB
Mem:          3.8G       3.7G       122M       5.7M        28M       3.2G

MemTotal:        4016004 kB
MemFree:          125636 kB
Active:           367056 kB
Mem:          3.8G       3.7G       122M       5.7M        28M       3.2G

MemTotal:        4016004 kB
MemFree:          125512 kB
Active:           367060 kB
Mem:          3.8G       3.7G       122M       5.7M        28M       3.2G

MemTotal:        4016004 kB
MemFree:          125512 kB
Active:           367064 kB
Mem:          3.8G       3.7G       122M       5.7M        28M       3.2G

MemTotal:        4016004 kB
MemFree:          125264 kB
Active:           367100 kB
Mem:          3.8G       3.7G       122M       5.7M        28M       3.2G

MemTotal:        4016004 kB
MemFree:          126008 kB
Active:           367076 kB
Mem:          3.8G       3.7G       123M       5.7M        28M       3.2G

MemTotal:        4016004 kB
MemFree:          125760 kB
Active:           367096 kB
Mem:          3.8G       3.7G       123M       5.7M        28M       3.2G

MemTotal:        4016004 kB
MemFree:          126008 kB
Active:           367096 kB
Mem:          3.8G       3.7G       123M       5.7M        28M       3.2G

MemTotal:        4016004 kB
MemFree:          126256 kB
Active:           367072 kB
Mem:          3.8G       3.7G       123M       5.7M        28M       3.2G

MemTotal:        4016004 kB
MemFree:          126504 kB
Active:           367068 kB
Mem:          3.8G       3.7G       123M       5.7M        28M       3.2G

MemTotal:        4016004 kB
MemFree:          126256 kB
Active:           367092 kB
Mem:          3.8G       3.7G       123M       5.7M        28M       3.2G

MemTotal:        4016004 kB
MemFree:          126628 kB
Active:           367088 kB
Mem:          3.8G       3.7G       123M       5.7M        28M       3.2G

MemTotal:        4016004 kB
MemFree:          126628 kB
Active:           367096 kB
Mem:          3.8G       3.7G       123M       5.7M        28M       3.2G

MemTotal:        4016004 kB
MemFree:          126628 kB
Active:           367096 kB
Mem:          3.8G       3.7G       123M       5.7M        28M       3.2G

MemTotal:        4016004 kB
MemFree:          126008 kB
Active:           367116 kB
Mem:          3.8G       3.7G       122M       5.7M        28M       3.2G

MemTotal:        4016004 kB
MemFree:          126008 kB
Active:           367116 kB
Mem:          3.8G       3.7G       123M       5.7M        28M       3.2G

MemTotal:        4016004 kB
MemFree:          126256 kB
Active:           367108 kB
Mem:          3.8G       3.7G       122M       5.7M        28M       3.2G

MemTotal:        4016004 kB
MemFree:          125884 kB
Active:           367120 kB
Mem:          3.8G       3.7G       122M       5.7M        28M       3.2G

MemTotal:        4016004 kB
MemFree:          125884 kB
Active:           367108 kB
Mem:          3.8G       3.7G       122M       5.7M        28M       3.2G

MemTotal:        4016004 kB
MemFree:          126504 kB
Active:           367124 kB
Mem:          3.8G       3.7G       123M       5.7M        28M       3.2G

MemTotal:        4016004 kB
MemFree:          126504 kB
Active:           367124 kB
Mem:          3.8G       3.7G       123M       5.7M        28M       3.2G

MemTotal:        4016004 kB
MemFree:          126380 kB
Active:           367100 kB
Mem:          3.8G       3.7G       123M       5.7M        28M       3.2G

MemTotal:        4016004 kB
MemFree:          126504 kB
Active:           367124 kB
Mem:          3.8G       3.7G       123M       5.7M        28M       3.2G

MemTotal:        4016004 kB
MemFree:          126132 kB
Active:           367136 kB
Mem:          3.8G       3.7G       122M       5.7M        28M       3.2G

MemTotal:        4016004 kB
MemFree:          126504 kB
Active:           367092 kB
Mem:          3.8G       3.7G       123M       5.7M        28M       3.2G

MemTotal:        4016004 kB
MemFree:          126256 kB
Active:           367120 kB
Mem:          3.8G       3.7G       122M       5.7M        28M       3.2G

MemTotal:        4016004 kB
MemFree:          125884 kB
Active:           367124 kB
Mem:          3.8G       3.7G       122M       5.7M        28M       3.2G

MemTotal:        4016004 kB
MemFree:          126380 kB
Active:           367136 kB
Mem:          3.8G       3.7G       123M       5.7M        28M       3.2G

MemTotal:        4016004 kB
MemFree:          126504 kB
Active:           367116 kB
Mem:          3.8G       3.7G       123M       5.7M        28M       3.2G

MemTotal:        4016004 kB
MemFree:          125760 kB
Active:           367124 kB
Mem:          3.8G       3.7G       123M       5.7M        28M       3.2G

MemTotal:        4016004 kB
MemFree:          126132 kB
Active:           367092 kB
Mem:          3.8G       3.7G       122M       5.7M        28M       3.2G

MemTotal:        4016004 kB
MemFree:          125760 kB
Active:           367132 kB
Mem:          3.8G       3.7G       122M       5.7M        28M       3.2G

MemTotal:        4016004 kB
MemFree:          125636 kB
Active:           367136 kB
Mem:          3.8G       3.7G       122M       5.7M        28M       3.2G

MemTotal:        4016004 kB
MemFree:          126008 kB
Active:           367128 kB
Mem:          3.8G       3.7G       122M       5.7M        28M       3.2G

MemTotal:        4016004 kB
MemFree:          126008 kB
Active:           367112 kB
Mem:          3.8G       3.7G       123M       5.7M        28M       3.2G

MemTotal:        4016004 kB
MemFree:          125884 kB
Active:           367136 kB
Mem:          3.8G       3.7G       122M       5.7M        28M       3.2G

MemTotal:        4016004 kB
MemFree:          125884 kB
Active:           367136 kB
Mem:          3.8G       3.7G       122M       5.7M        28M       3.2G

MemTotal:        4016004 kB
MemFree:          126256 kB
Active:           367128 kB
Mem:          3.8G       3.7G       122M       5.7M        28M       3.2G

MemTotal:        4016004 kB
MemFree:          125760 kB
Active:           367144 kB
Mem:          3.8G       3.7G       122M       5.7M        28M       3.2G

MemTotal:        4016004 kB
MemFree:          126008 kB
Active:           367140 kB
Mem:          3.8G       3.7G       123M       5.7M        28M       3.2G

MemTotal:        4016004 kB
MemFree:          125884 kB
Active:           367144 kB
Mem:          3.8G       3.7G       122M       5.7M        28M       3.2G

MemTotal:        4016004 kB
MemFree:          125636 kB
Active:           367128 kB
Mem:          3.8G       3.7G       122M       5.7M        28M       3.2G

MemTotal:        4016004 kB
MemFree:          125884 kB
Active:           367104 kB
Mem:          3.8G       3.7G       122M       5.7M        28M       3.2G

MemTotal:        4016004 kB
MemFree:          126132 kB
Active:           367140 kB
Mem:          3.8G       3.7G       123M       5.7M        28M       3.2G

MemTotal:        4016004 kB
MemFree:          126380 kB
Active:           367148 kB
Mem:          3.8G       3.7G       123M       5.7M        28M       3.2G

MemTotal:        4016004 kB
MemFree:          126380 kB
Active:           367164 kB
Mem:          3.8G       3.7G       123M       5.7M        28M       3.2G

MemTotal:        4016004 kB
MemFree:          126380 kB
Active:           367156 kB
Mem:          3.8G       3.7G       123M       5.7M        28M       3.2G

MemTotal:        4016004 kB
MemFree:          126628 kB
Active:           367160 kB
Mem:          3.8G       3.7G       123M       5.7M        28M       3.2G

MemTotal:        4016004 kB
MemFree:          126380 kB
Active:           367144 kB
Mem:          3.8G       3.7G       123M       5.7M        28M       3.2G

MemTotal:        4016004 kB
MemFree:          126008 kB
Active:           367152 kB
Mem:          3.8G       3.7G       123M       5.7M        28M       3.2G

MemTotal:        4016004 kB
MemFree:          126380 kB
Active:           367144 kB
Mem:          3.8G       3.7G       122M       5.7M        28M       3.2G

MemTotal:        4016004 kB
MemFree:          126008 kB
Active:           367172 kB
Mem:          3.8G       3.7G       123M       5.7M        28M       3.2G

MemTotal:        4016004 kB
MemFree:          126132 kB
Active:           367184 kB
Mem:          3.8G       3.7G       123M       5.7M        28M       3.2G

MemTotal:        4016004 kB
MemFree:          126256 kB
Active:           367144 kB
Mem:          3.8G       3.7G       123M       5.7M        28M       3.2G

MemTotal:        4016004 kB
MemFree:          126008 kB
Active:           367152 kB
Mem:          3.8G       3.7G       123M       5.7M        28M       3.2G

MemTotal:        4016004 kB
MemFree:          126132 kB
Active:           367152 kB
Mem:          3.8G       3.7G       122M       5.7M        28M       3.2G

MemTotal:        4016004 kB
MemFree:          125636 kB
Active:           367156 kB
Mem:          3.8G       3.7G       122M       5.7M        28M       3.2G

MemTotal:        4016004 kB
MemFree:          125388 kB
Active:           367188 kB
Mem:          3.8G       3.7G       122M       5.7M        28M       3.2G

MemTotal:        4016004 kB
MemFree:          125140 kB
Active:           367168 kB
Mem:          3.8G       3.7G       122M       5.7M        28M       3.2G

MemTotal:        4016004 kB
MemFree:          125016 kB
Active:           367164 kB
Mem:          3.8G       3.7G       121M       5.7M        28M       3.2G

MemTotal:        4016004 kB
MemFree:          125140 kB
Active:           367152 kB
Mem:          3.8G       3.7G       122M       5.7M        28M       3.2G

MemTotal:        4016004 kB
MemFree:          125388 kB
Active:           367188 kB
Mem:          3.8G       3.7G       122M       5.7M        28M       3.2G

MemTotal:        4016004 kB
MemFree:          125264 kB
Active:           367168 kB
Mem:          3.8G       3.7G       122M       5.7M        28M       3.2G

MemTotal:        4016004 kB
MemFree:          125264 kB
Active:           367200 kB
Mem:          3.8G       3.7G       122M       5.7M        28M       3.2G

MemTotal:        4016004 kB
MemFree:          125760 kB
Active:           367180 kB
Mem:          3.8G       3.7G       122M       5.7M        28M       3.2G

MemTotal:        4016004 kB
MemFree:          125264 kB
Active:           367196 kB
Mem:          3.8G       3.7G       122M       5.7M        28M       3.2G

MemTotal:        4016004 kB
MemFree:          125388 kB
Active:           367196 kB
Mem:          3.8G       3.7G       122M       5.7M        28M       3.2G

MemTotal:        4016004 kB
MemFree:          125760 kB
Active:           367208 kB
Mem:          3.8G       3.7G       122M       5.7M        28M       3.2G

MemTotal:        4016004 kB
MemFree:          126256 kB
Active:           367188 kB
Mem:          3.8G       3.7G       122M       5.7M        28M       3.2G

MemTotal:        4016004 kB
MemFree:          125636 kB
Active:           367196 kB
Mem:          3.8G       3.7G       122M       5.7M        28M       3.2G

MemTotal:        4016004 kB
MemFree:          125512 kB
Active:           367212 kB
Mem:          3.8G       3.7G       122M       5.7M        28M       3.2G

MemTotal:        4016004 kB
MemFree:          125636 kB
Active:           367212 kB
