MemTotal:        4016004 kB
MemFree:         3236404 kB
Active:           425916 kB
Mem:          3.8G       761M       3.1G       5.7M        52M       322M

MemTotal:        4016004 kB
MemFree:         3236060 kB
Active:           426108 kB
Mem:          3.8G       761M       3.1G       5.7M        52M       322M

MemTotal:        4016004 kB
MemFree:         3235672 kB
Active:           426156 kB
Mem:          3.8G       762M       3.1G       5.7M        52M       322M

MemTotal:        4016004 kB
MemFree:         3235656 kB
Active:           426168 kB
Mem:          3.8G       762M       3.1G       5.7M        52M       322M

MemTotal:        4016004 kB
MemFree:         3234352 kB
Active:           424152 kB
Mem:          3.8G       763M       3.1G       5.7M        52M       322M

MemTotal:        4016004 kB
MemFree:         3233856 kB
Active:           426212 kB
Mem:          3.8G       763M       3.1G       5.7M        52M       322M

MemTotal:        4016004 kB
MemFree:         3234104 kB
Active:           426212 kB
Mem:          3.8G       763M       3.1G       5.7M        52M       322M

MemTotal:        4016004 kB
MemFree:         3233980 kB
Active:           426220 kB
Mem:          3.8G       763M       3.1G       5.7M        52M       322M

MemTotal:        4016004 kB
MemFree:         3234352 kB
Active:           426208 kB
Mem:          3.8G       763M       3.1G       5.7M        52M       322M

MemTotal:        4016004 kB
MemFree:         3234212 kB
Active:           426188 kB
Mem:          3.8G       763M       3.1G       5.7M        52M       322M

MemTotal:        4016004 kB
MemFree:         3234460 kB
Active:           426200 kB
Mem:          3.8G       763M       3.1G       5.7M        52M       322M

MemTotal:        4016004 kB
MemFree:         3234444 kB
Active:           426212 kB
Mem:          3.8G       763M       3.1G       5.7M        52M       322M

MemTotal:        4016004 kB
MemFree:         3234444 kB
Active:           426200 kB
Mem:          3.8G       763M       3.1G       5.7M        52M       322M

MemTotal:        4016004 kB
MemFree:         3234568 kB
Active:           426216 kB
Mem:          3.8G       763M       3.1G       5.7M        52M       322M

MemTotal:        4016004 kB
MemFree:         3234088 kB
Active:           426216 kB
Mem:          3.8G       763M       3.1G       5.7M        52M       322M

MemTotal:        4016004 kB
MemFree:         3234584 kB
Active:           426212 kB
Mem:          3.8G       763M       3.1G       5.7M        52M       322M

MemTotal:        4016004 kB
MemFree:         3234584 kB
Active:           426208 kB
Mem:          3.8G       763M       3.1G       5.7M        52M       322M

MemTotal:        4016004 kB
MemFree:         3234568 kB
Active:           426204 kB
Mem:          3.8G       763M       3.1G       5.7M        52M       322M

MemTotal:        4016004 kB
MemFree:         3234180 kB
Active:           426192 kB
Mem:          3.8G       763M       3.1G       5.7M        52M       322M

MemTotal:        4016004 kB
MemFree:         3234304 kB
Active:           426224 kB
Mem:          3.8G       763M       3.1G       5.7M        52M       322M

MemTotal:        4016004 kB
MemFree:         3234288 kB
Active:           426212 kB
Mem:          3.8G       763M       3.1G       5.7M        52M       322M

MemTotal:        4016004 kB
MemFree:         3234768 kB
Active:           426212 kB
Mem:          3.8G       763M       3.1G       5.7M        52M       322M

MemTotal:        4016004 kB
MemFree:         3234272 kB
Active:           426204 kB
Mem:          3.8G       763M       3.1G       5.7M        52M       322M

MemTotal:        4016004 kB
MemFree:         3234024 kB
Active:           426184 kB
Mem:          3.8G       763M       3.1G       5.7M        52M       322M

MemTotal:        4016004 kB
MemFree:         3234008 kB
Active:           426208 kB
Mem:          3.8G       763M       3.1G       5.7M        52M       322M

MemTotal:        4016004 kB
MemFree:         3234116 kB
Active:           426208 kB
Mem:          3.8G       763M       3.1G       5.7M        52M       322M

MemTotal:        4016004 kB
MemFree:         3233884 kB
Active:           426180 kB
Mem:          3.8G       763M       3.1G       5.7M        52M       322M

MemTotal:        4016004 kB
MemFree:         3233744 kB
Active:           426232 kB
Mem:          3.8G       763M       3.1G       5.7M        52M       322M

MemTotal:        4016004 kB
MemFree:         3233404 kB
Active:           426240 kB
Mem:          3.8G       763M       3.1G       5.7M        52M       322M

MemTotal:        4016004 kB
MemFree:         3233776 kB
Active:           426192 kB
Mem:          3.8G       763M       3.1G       5.7M        52M       322M

MemTotal:        4016004 kB
MemFree:         3233776 kB
Active:           426224 kB
Mem:          3.8G       763M       3.1G       5.7M        52M       322M

MemTotal:        4016004 kB
MemFree:         3233776 kB
Active:           426200 kB
Mem:          3.8G       764M       3.1G       5.7M        52M       322M

MemTotal:        4016004 kB
MemFree:         3234272 kB
Active:           426228 kB
Mem:          3.8G       763M       3.1G       5.7M        52M       322M

MemTotal:        4016004 kB
MemFree:         3234272 kB
Active:           426240 kB
Mem:          3.8G       763M       3.1G       5.7M        52M       322M

MemTotal:        4016004 kB
MemFree:         3234244 kB
Active:           426216 kB
Mem:          3.8G       763M       3.1G       5.7M        52M       322M

MemTotal:        4016004 kB
MemFree:         3234368 kB
Active:           426240 kB
Mem:          3.8G       763M       3.1G       5.7M        52M       322M

MemTotal:        4016004 kB
MemFree:         3234368 kB
Active:           426220 kB
Mem:          3.8G       763M       3.1G       5.7M        52M       322M

MemTotal:        4016004 kB
MemFree:         3234244 kB
Active:           426248 kB
Mem:          3.8G       763M       3.1G       5.7M        52M       322M

MemTotal:        4016004 kB
MemFree:         3233872 kB
Active:           426252 kB
Mem:          3.8G       763M       3.1G       5.7M        52M       322M

MemTotal:        4016004 kB
MemFree:         3234368 kB
Active:           426208 kB
Mem:          3.8G       763M       3.1G       5.7M        52M       322M

MemTotal:        4016004 kB
MemFree:         3234244 kB
Active:           426236 kB
Mem:          3.8G       763M       3.1G       5.7M        52M       322M

MemTotal:        4016004 kB
MemFree:         3234368 kB
Active:           426252 kB
Mem:          3.8G       763M       3.1G       5.7M        52M       322M

MemTotal:        4016004 kB
MemFree:         3234368 kB
Active:           426220 kB
Mem:          3.8G       763M       3.1G       5.7M        52M       322M

MemTotal:        4016004 kB
MemFree:         3233872 kB
Active:           426264 kB
Mem:          3.8G       763M       3.1G       5.7M        52M       322M

MemTotal:        4016004 kB
MemFree:         3233996 kB
Active:           426264 kB
Mem:          3.8G       763M       3.1G       5.7M        52M       322M

MemTotal:        4016004 kB
MemFree:         3234616 kB
Active:           426228 kB
Mem:          3.8G       763M       3.1G       5.7M        52M       322M

MemTotal:        4016004 kB
MemFree:         3234336 kB
Active:           426220 kB
Mem:          3.8G       763M       3.1G       5.7M        52M       322M

MemTotal:        4016004 kB
MemFree:         3234460 kB
Active:           426252 kB
Mem:          3.8G       763M       3.1G       5.7M        52M       322M

MemTotal:        4016004 kB
MemFree:         3234336 kB
Active:           426224 kB
Mem:          3.8G       763M       3.1G       5.7M        52M       322M

MemTotal:        4016004 kB
MemFree:         3234568 kB
Active:           426252 kB
Mem:          3.8G       763M       3.1G       5.7M        52M       322M

MemTotal:        4016004 kB
MemFree:         3234568 kB
Active:           426220 kB
Mem:          3.8G       763M       3.1G       5.7M        52M       322M

MemTotal:        4016004 kB
MemFree:         3234072 kB
Active:           426276 kB
Mem:          3.8G       763M       3.1G       5.7M        52M       322M

MemTotal:        4016004 kB
MemFree:         3234180 kB
Active:           426284 kB
Mem:          3.8G       763M       3.1G       5.7M        52M       322M

MemTotal:        4016004 kB
MemFree:         3234364 kB
Active:           424248 kB
Mem:          3.8G       763M       3.1G       5.7M        52M       322M

MemTotal:        4016004 kB
MemFree:         3233992 kB
Active:           424260 kB
Mem:          3.8G       763M       3.1G       5.7M        52M       322M

MemTotal:        4016004 kB
MemFree:         3233620 kB
Active:           424264 kB
Mem:          3.8G       764M       3.1G       5.7M        52M       322M

MemTotal:        4016004 kB
MemFree:         3233728 kB
Active:           426272 kB
Mem:          3.8G       763M       3.1G       5.7M        52M       322M

MemTotal:        4016004 kB
MemFree:         3233960 kB
Active:           426292 kB
Mem:          3.8G       763M       3.1G       5.7M        52M       322M

MemTotal:        4016004 kB
MemFree:         3233836 kB
Active:           426312 kB
Mem:          3.8G       763M       3.1G       5.7M        52M       322M

MemTotal:        4016004 kB
MemFree:         3233588 kB
Active:           426316 kB
Mem:          3.8G       764M       3.1G       5.7M        52M       322M

MemTotal:        4016004 kB
MemFree:         3234068 kB
Active:           426284 kB
Mem:          3.8G       763M       3.1G       5.7M        52M       322M

MemTotal:        4016004 kB
MemFree:         3233928 kB
Active:           426316 kB
Mem:          3.8G       763M       3.1G       5.7M        52M       322M

MemTotal:        4016004 kB
MemFree:         3233912 kB
Active:           426288 kB
Mem:          3.8G       763M       3.1G       5.7M        52M       322M

MemTotal:        4016004 kB
MemFree:         3234016 kB
Active:           424248 kB
Mem:          3.8G       763M       3.1G       5.7M        52M       322M

MemTotal:        4016004 kB
MemFree:         3234124 kB
Active:           426264 kB
Mem:          3.8G       763M       3.1G       5.7M        52M       322M

MemTotal:        4016004 kB
MemFree:         3234248 kB
Active:           426316 kB
Mem:          3.8G       763M       3.1G       5.7M        52M       322M

MemTotal:        4016004 kB
MemFree:         3234404 kB
Active:           426292 kB
Mem:          3.8G       763M       3.1G       5.7M        52M       322M

MemTotal:        4016004 kB
MemFree:         3234156 kB
Active:           426272 kB
Mem:          3.8G       763M       3.1G       5.7M        52M       322M

MemTotal:        4016004 kB
MemFree:         3234156 kB
Active:           426296 kB
Mem:          3.8G       763M       3.1G       5.7M        52M       322M

MemTotal:        4016004 kB
MemFree:         3234284 kB
Active:           426292 kB
Mem:          3.8G       763M       3.1G       5.7M        52M       322M

MemTotal:        4016004 kB
MemFree:         3233912 kB
Active:           426288 kB
Mem:          3.8G       763M       3.1G       5.7M        52M       322M

MemTotal:        4016004 kB
MemFree:         3233788 kB
Active:           426272 kB
Mem:          3.8G       764M       3.1G       5.7M        52M       322M

MemTotal:        4016004 kB
MemFree:         3234160 kB
Active:           426296 kB
Mem:          3.8G       763M       3.1G       5.7M        52M       322M

MemTotal:        4016004 kB
MemFree:         3233968 kB
Active:           424332 kB
Mem:          3.8G       763M       3.1G       5.7M        52M       322M

MemTotal:        4016004 kB
MemFree:         3233844 kB
Active:           424364 kB
Mem:          3.8G       763M       3.1G       5.7M        52M       322M

MemTotal:        4016004 kB
MemFree:         3234340 kB
Active:           424352 kB
Mem:          3.8G       763M       3.1G       5.7M        52M       322M

MemTotal:        4016004 kB
MemFree:         3234216 kB
Active:           424328 kB
Mem:          3.8G       763M       3.1G       5.7M        52M       322M

MemTotal:        4016004 kB
MemFree:         3234216 kB
Active:           426416 kB
Mem:          3.8G       763M       3.1G       5.7M        52M       322M

MemTotal:        4016004 kB
MemFree:         3234216 kB
Active:           426388 kB
Mem:          3.8G       763M       3.1G       5.7M        52M       322M

MemTotal:        4016004 kB
MemFree:         3234420 kB
Active:           426420 kB
Mem:          3.8G       763M       3.1G       5.7M        52M       322M

MemTotal:        4016004 kB
MemFree:         3234420 kB
Active:           426376 kB
Mem:          3.8G       763M       3.1G       5.7M        52M       322M

MemTotal:        4016004 kB
MemFree:         3233908 kB
Active:           426428 kB
Mem:          3.8G       763M       3.1G       5.7M        52M       322M

MemTotal:        4016004 kB
MemFree:         3233836 kB
Active:           424388 kB
Mem:          3.8G       763M       3.1G       5.7M        52M       322M

MemTotal:        4016004 kB
MemFree:         3234128 kB
Active:           426436 kB
Mem:          3.8G       763M       3.1G       5.7M        52M       322M

MemTotal:        4016004 kB
MemFree:         3234236 kB
Active:           426400 kB
Mem:          3.8G       763M       3.1G       5.7M        52M       322M

MemTotal:        4016004 kB
MemFree:         3234096 kB
Active:           426388 kB
Mem:          3.8G       763M       3.1G       5.7M        52M       322M

MemTotal:        4016004 kB
MemFree:         3234220 kB
Active:           426404 kB
Mem:          3.8G       763M       3.1G       5.7M        52M       322M

MemTotal:        4016004 kB
MemFree:         3234328 kB
Active:           426392 kB
Mem:          3.8G       763M       3.1G       5.7M        52M       322M

MemTotal:        4016004 kB
MemFree:         3234312 kB
Active:           426404 kB
Mem:          3.8G       763M       3.1G       5.7M        52M       322M

MemTotal:        4016004 kB
MemFree:         3234312 kB
Active:           426396 kB
Mem:          3.8G       763M       3.1G       5.7M        52M       322M

MemTotal:        4016004 kB
MemFree:         3234064 kB
Active:           426428 kB
Mem:          3.8G       763M       3.1G       5.7M        52M       322M

MemTotal:        4016004 kB
MemFree:         3234296 kB
Active:           426408 kB
Mem:          3.8G       763M       3.1G       5.7M        52M       322M

MemTotal:        4016004 kB
MemFree:         3234280 kB
Active:           426412 kB
Mem:          3.8G       763M       3.1G       5.7M        52M       322M

MemTotal:        4016004 kB
MemFree:         3234388 kB
Active:           426448 kB
Mem:          3.8G       763M       3.1G       5.7M        52M       322M

MemTotal:        4016004 kB
MemFree:         3234232 kB
Active:           426420 kB
Mem:          3.8G       763M       3.1G       5.7M        52M       322M

MemTotal:        4016004 kB
MemFree:         3234108 kB
Active:           426404 kB
Mem:          3.8G       763M       3.1G       5.7M        52M       322M

MemTotal:        4016004 kB
MemFree:         3234092 kB
Active:           426456 kB
Mem:          3.8G       763M       3.1G       5.7M        52M       322M

MemTotal:        4016004 kB
MemFree:         3233596 kB
Active:           426464 kB
Mem:          3.8G       763M       3.1G       5.7M        52M       322M

MemTotal:        4016004 kB
MemFree:         3233828 kB
Active:           426440 kB
Mem:          3.8G       763M       3.1G       5.7M        52M       322M

MemTotal:        4016004 kB
MemFree:         3233812 kB
Active:           426424 kB
Mem:          3.8G       763M       3.1G       5.7M        52M       322M

MemTotal:        4016004 kB
MemFree:         3233812 kB
Active:           426452 kB
Mem:          3.8G       763M       3.1G       5.7M        52M       322M

MemTotal:        4016004 kB
MemFree:         2822012 kB
Active:           436696 kB
Mem:          3.8G       1.1G       2.7G       5.7M        52M       706M

MemTotal:        4016004 kB
MemFree:         2776344 kB
Active:           436832 kB
Mem:          3.8G       1.2G       2.6G       5.7M        52M       749M

MemTotal:        4016004 kB
MemFree:         2729600 kB
Active:           437052 kB
Mem:          3.8G       1.2G       2.6G       5.7M        52M       799M

MemTotal:        4016004 kB
MemFree:         2681452 kB
Active:           437268 kB
Mem:          3.8G       1.3G       2.6G       5.7M        52M       839M

MemTotal:        4016004 kB
MemFree:         2632032 kB
Active:           437448 kB
Mem:          3.8G       1.3G       2.5G       5.7M        52M       886M

MemTotal:        4016004 kB
MemFree:         2587568 kB
Active:           437612 kB
Mem:          3.8G       1.4G       2.5G       5.7M        52M       928M

MemTotal:        4016004 kB
MemFree:         2558612 kB
Active:           437764 kB
Mem:          3.8G       1.4G       2.4G       5.7M        52M       956M

MemTotal:        4016004 kB
MemFree:         2540772 kB
Active:           437788 kB
Mem:          3.8G       1.4G       2.4G       5.7M        52M       972M

MemTotal:        4016004 kB
MemFree:         2516316 kB
Active:           437912 kB
Mem:          3.8G       1.4G       2.4G       5.7M        52M       995M

MemTotal:        4016004 kB
MemFree:         2456092 kB
Active:           437964 kB
Mem:          3.8G       1.5G       2.3G       5.7M        52M       1.0G

MemTotal:        4016004 kB
MemFree:         2376052 kB
Active:           438440 kB
Mem:          3.8G       1.6G       2.3G       5.7M        52M       1.1G

MemTotal:        4016004 kB
MemFree:         2349324 kB
Active:           438616 kB
Mem:          3.8G       1.6G       2.2G       5.7M        52M       1.1G

MemTotal:        4016004 kB
MemFree:         2298376 kB
Active:           438772 kB
Mem:          3.8G       1.6G       2.2G       5.7M        52M       1.2G

MemTotal:        4016004 kB
MemFree:         2253808 kB
Active:           438928 kB
Mem:          3.8G       1.7G       2.1G       5.7M        52M       1.2G

MemTotal:        4016004 kB
MemFree:         2199852 kB
Active:           439132 kB
Mem:          3.8G       1.7G       2.1G       5.7M        52M       1.3G

MemTotal:        4016004 kB
MemFree:         2160052 kB
Active:           439280 kB
Mem:          3.8G       1.8G       2.1G       5.7M        52M       1.3G

MemTotal:        4016004 kB
MemFree:         2131284 kB
Active:           439416 kB
Mem:          3.8G       1.8G       2.0G       5.7M        52M       1.3G

MemTotal:        4016004 kB
MemFree:         2083996 kB
Active:           439588 kB
Mem:          3.8G       1.8G       2.0G       5.7M        52M       1.4G

MemTotal:        4016004 kB
MemFree:         2043836 kB
Active:           439732 kB
Mem:          3.8G       1.9G       1.9G       5.7M        52M       1.4G

MemTotal:        4016004 kB
MemFree:         2003828 kB
Active:           439888 kB
Mem:          3.8G       1.9G       1.9G       5.7M        52M       1.4G

MemTotal:        4016004 kB
MemFree:         1943776 kB
Active:           440088 kB
Mem:          3.8G       2.0G       1.9G       5.7M        52M       1.5G

MemTotal:        4016004 kB
MemFree:         1894520 kB
Active:           440288 kB
Mem:          3.8G       2.0G       1.8G       5.7M        52M       1.5G

MemTotal:        4016004 kB
MemFree:         1857132 kB
Active:           440464 kB
Mem:          3.8G       2.1G       1.8G       5.7M        52M       1.6G

MemTotal:        4016004 kB
MemFree:         1820864 kB
Active:           440600 kB
Mem:          3.8G       2.1G       1.7G       5.7M        52M       1.6G

MemTotal:        4016004 kB
MemFree:         1728736 kB
Active:           440908 kB
Mem:          3.8G       2.2G       1.6G       5.7M        52M       1.7G

MemTotal:        4016004 kB
MemFree:         1680272 kB
Active:           441156 kB
Mem:          3.8G       2.2G       1.6G       5.7M        52M       1.7G

MemTotal:        4016004 kB
MemFree:         1660508 kB
Active:           441316 kB
Mem:          3.8G       2.2G       1.6G       5.7M        52M       1.8G

MemTotal:        4016004 kB
MemFree:         1643664 kB
Active:           441384 kB
Mem:          3.8G       2.3G       1.6G       5.7M        52M       1.8G

MemTotal:        4016004 kB
MemFree:         1608248 kB
Active:           441396 kB
Mem:          3.8G       2.3G       1.5G       5.7M        52M       1.8G

MemTotal:        4016004 kB
MemFree:         1514228 kB
Active:           443636 kB
Mem:          3.8G       2.4G       1.4G       5.7M        52M       1.9G

MemTotal:        4016004 kB
MemFree:         1451960 kB
Active:           443984 kB
Mem:          3.8G       2.4G       1.4G       5.7M        52M       2.0G

MemTotal:        4016004 kB
MemFree:         1427236 kB
Active:           444176 kB
Mem:          3.8G       2.5G       1.4G       5.7M        52M       2.0G

MemTotal:        4016004 kB
MemFree:         1415100 kB
Active:           444304 kB
Mem:          3.8G       2.5G       1.3G       5.7M        52M       2.0G

MemTotal:        4016004 kB
MemFree:         1391052 kB
Active:           444320 kB
Mem:          3.8G       2.5G       1.3G       5.7M        52M       2.0G

MemTotal:        4016004 kB
MemFree:         1273112 kB
Active:           444460 kB
Mem:          3.8G       2.6G       1.2G       5.7M        52M       2.1G

MemTotal:        4016004 kB
MemFree:         1227368 kB
Active:           444928 kB
Mem:          3.8G       2.7G       1.2G       5.7M        52M       2.2G

MemTotal:        4016004 kB
MemFree:         1190384 kB
Active:           445148 kB
Mem:          3.8G       2.7G       1.1G       5.7M        52M       2.2G

MemTotal:        4016004 kB
MemFree:         1179688 kB
Active:           445252 kB
Mem:          3.8G       2.7G       1.1G       5.7M        52M       2.2G

MemTotal:        4016004 kB
MemFree:         1165256 kB
Active:           445356 kB
Mem:          3.8G       2.7G       1.1G       5.7M        52M       2.2G

MemTotal:        4016004 kB
MemFree:         1127344 kB
Active:           443444 kB
Mem:          3.8G       2.8G       1.1G       5.7M        52M       2.3G

MemTotal:        4016004 kB
MemFree:         1009056 kB
Active:           445992 kB
Mem:          3.8G       2.9G       985M       5.7M        52M       2.4G

MemTotal:        4016004 kB
MemFree:          976108 kB
Active:           446128 kB
Mem:          3.8G       2.9G       952M       5.7M        52M       2.4G

MemTotal:        4016004 kB
MemFree:          975708 kB
Active:           446108 kB
Mem:          3.8G       2.9G       952M       5.7M        52M       2.4G

MemTotal:        4016004 kB
MemFree:          975592 kB
Active:           446120 kB
Mem:          3.8G       2.9G       952M       5.7M        52M       2.4G

MemTotal:        4016004 kB
MemFree:          902048 kB
Active:           446128 kB
Mem:          3.8G       3.0G       880M       5.7M        52M       2.5G

MemTotal:        4016004 kB
MemFree:          795204 kB
Active:           446816 kB
Mem:          3.8G       3.1G       776M       5.7M        52M       2.6G

MemTotal:        4016004 kB
MemFree:          741188 kB
Active:           447028 kB
Mem:          3.8G       3.1G       723M       5.7M        52M       2.6G

MemTotal:        4016004 kB
MemFree:          700988 kB
Active:           447180 kB
Mem:          3.8G       3.2G       684M       5.7M        52M       2.7G

MemTotal:        4016004 kB
MemFree:          663072 kB
Active:           447320 kB
Mem:          3.8G       3.2G       646M       5.7M        52M       2.7G

MemTotal:        4016004 kB
MemFree:          624536 kB
Active:           447480 kB
Mem:          3.8G       3.2G       609M       5.7M        52M       2.7G

MemTotal:        4016004 kB
MemFree:          582836 kB
Active:           447636 kB
Mem:          3.8G       3.3G       567M       5.7M        52M       2.8G

MemTotal:        4016004 kB
MemFree:          536928 kB
Active:           447788 kB
Mem:          3.8G       3.3G       523M       5.7M        52M       2.8G

MemTotal:        4016004 kB
MemFree:          479992 kB
Active:           448032 kB
Mem:          3.8G       3.4G       468M       5.7M        52M       2.9G

MemTotal:        4016004 kB
MemFree:          435000 kB
Active:           448204 kB
Mem:          3.8G       3.4G       424M       5.7M        52M       2.9G

MemTotal:        4016004 kB
MemFree:          406292 kB
Active:           448356 kB
Mem:          3.8G       3.4G       396M       5.7M        52M       2.9G

MemTotal:        4016004 kB
MemFree:          383404 kB
Active:           448436 kB
Mem:          3.8G       3.5G       374M       5.7M        52M       2.9G

MemTotal:        4016004 kB
MemFree:          354560 kB
Active:           448536 kB
Mem:          3.8G       3.5G       346M       5.7M        52M       3.0G

MemTotal:        4016004 kB
MemFree:          297404 kB
Active:           448732 kB
Mem:          3.8G       3.5G       289M       5.7M        52M       3.0G

MemTotal:        4016004 kB
MemFree:          233736 kB
Active:           448984 kB
Mem:          3.8G       3.6G       228M       5.7M        52M       3.1G

MemTotal:        4016004 kB
MemFree:          216540 kB
Active:           447076 kB
Mem:          3.8G       3.6G       211M       5.7M        52M       3.1G

MemTotal:        4016004 kB
MemFree:          216996 kB
Active:           449092 kB
Mem:          3.8G       3.6G       212M       5.7M        52M       3.1G

MemTotal:        4016004 kB
MemFree:          120900 kB
Active:           449400 kB
Mem:          3.8G       3.7G       117M       5.7M        52M       3.2G

MemTotal:        4016004 kB
MemFree:          151932 kB
Active:           456440 kB
Mem:          3.8G       3.7G       129M       5.7M        19M       3.2G

MemTotal:        4016004 kB
MemFree:          105764 kB
Active:           472228 kB
Mem:          3.8G       3.7G       114M       5.7M        19M       3.2G

MemTotal:        4016004 kB
MemFree:          111752 kB
Active:           470324 kB
Mem:          3.8G       3.7G       108M       5.7M        19M       3.2G

MemTotal:        4016004 kB
MemFree:          127756 kB
Active:           468496 kB
Mem:          3.8G       3.7G       124M       5.7M        19M       3.2G

MemTotal:        4016004 kB
MemFree:          106128 kB
Active:           467908 kB
Mem:          3.8G       3.7G       103M       5.7M        19M       3.2G

MemTotal:        4016004 kB
MemFree:          105740 kB
Active:           466864 kB
Mem:          3.8G       3.7G       102M       5.7M        19M       3.2G

MemTotal:        4016004 kB
MemFree:          108344 kB
Active:           465560 kB
Mem:          3.8G       3.7G       105M       5.7M        19M       3.2G

MemTotal:        4016004 kB
MemFree:          134740 kB
Active:           463296 kB
Mem:          3.8G       3.7G       131M       5.7M        19M       3.2G

MemTotal:        4016004 kB
MemFree:          120360 kB
Active:           462280 kB
Mem:          3.8G       3.7G       117M       5.7M        19M       3.2G

MemTotal:        4016004 kB
MemFree:          117996 kB
Active:           461344 kB
Mem:          3.8G       3.7G       114M       5.7M        19M       3.2G

MemTotal:        4016004 kB
MemFree:          131400 kB
Active:           458188 kB
Mem:          3.8G       3.7G       128M       5.7M        19M       3.2G

MemTotal:        4016004 kB
MemFree:          125436 kB
Active:           457148 kB
Mem:          3.8G       3.7G       121M       5.7M        19M       3.2G

MemTotal:        4016004 kB
MemFree:          130472 kB
Active:           454004 kB
Mem:          3.8G       3.7G       127M       5.7M        19M       3.2G

MemTotal:        4016004 kB
MemFree:          108076 kB
Active:           452272 kB
Mem:          3.8G       3.7G       104M       5.7M        19M       3.2G

MemTotal:        4016004 kB
MemFree:          105648 kB
Active:           451344 kB
Mem:          3.8G       3.7G       102M       5.7M        19M       3.2G

MemTotal:        4016004 kB
MemFree:          107140 kB
Active:           450192 kB
Mem:          3.8G       3.7G       104M       5.7M        19M       3.2G

MemTotal:        4016004 kB
MemFree:          123244 kB
Active:           448136 kB
Mem:          3.8G       3.7G       120M       5.7M        19M       3.2G

MemTotal:        4016004 kB
MemFree:          106096 kB
Active:           447148 kB
Mem:          3.8G       3.7G       103M       5.7M        19M       3.2G

MemTotal:        4016004 kB
MemFree:          112656 kB
Active:           445360 kB
Mem:          3.8G       3.7G       109M       5.7M        19M       3.2G

MemTotal:        4016004 kB
MemFree:          127328 kB
Active:           443976 kB
Mem:          3.8G       3.7G       124M       5.7M        19M       3.2G

MemTotal:        4016004 kB
MemFree:          125836 kB
Active:           443400 kB
Mem:          3.8G       3.7G       122M       5.7M        19M       3.2G

MemTotal:        4016004 kB
MemFree:          121880 kB
Active:           438964 kB
Mem:          3.8G       3.7G       118M       5.7M        19M       3.2G

MemTotal:        4016004 kB
MemFree:          106788 kB
Active:           437556 kB
Mem:          3.8G       3.7G       104M       5.7M        19M       3.2G

MemTotal:        4016004 kB
MemFree:          120184 kB
Active:           435848 kB
Mem:          3.8G       3.7G       116M       5.7M        19M       3.2G

MemTotal:        4016004 kB
MemFree:          109472 kB
Active:           435864 kB
Mem:          3.8G       3.7G       106M       5.7M        19M       3.2G

MemTotal:        4016004 kB
MemFree:          119224 kB
Active:           435388 kB
Mem:          3.8G       3.7G       116M       5.7M        19M       3.2G

MemTotal:        4016004 kB
MemFree:          130272 kB
Active:           433784 kB
Mem:          3.8G       3.7G       127M       5.7M        19M       3.2G

MemTotal:        4016004 kB
MemFree:          114168 kB
Active:           431524 kB
Mem:          3.8G       3.7G       110M       5.7M        19M       3.2G

MemTotal:        4016004 kB
MemFree:          127340 kB
Active:           431212 kB
Mem:          3.8G       3.7G       123M       5.7M        19M       3.2G

MemTotal:        4016004 kB
MemFree:          126320 kB
Active:           431052 kB
Mem:          3.8G       3.7G       123M       5.7M        19M       3.2G

MemTotal:        4016004 kB
MemFree:          111692 kB
Active:           430540 kB
Mem:          3.8G       3.7G       112M       5.7M        19M       3.2G

MemTotal:        4016004 kB
MemFree:          124868 kB
Active:           427460 kB
Mem:          3.8G       3.7G       121M       5.7M        19M       3.2G

MemTotal:        4016004 kB
MemFree:          122044 kB
Active:           424208 kB
Mem:          3.8G       3.7G       118M       5.7M        19M       3.2G

MemTotal:        4016004 kB
MemFree:          125156 kB
Active:           423160 kB
Mem:          3.8G       3.7G       121M       5.7M        19M       3.2G

MemTotal:        4016004 kB
MemFree:          121328 kB
Active:           422052 kB
Mem:          3.8G       3.7G       117M       5.7M        19M       3.2G

MemTotal:        4016004 kB
MemFree:          110952 kB
Active:           420352 kB
Mem:          3.8G       3.7G       108M       5.7M        19M       3.2G

MemTotal:        4016004 kB
MemFree:          128576 kB
Active:           418536 kB
Mem:          3.8G       3.7G       131M       5.7M        19M       3.2G

MemTotal:        4016004 kB
MemFree:          127204 kB
Active:           417300 kB
Mem:          3.8G       3.7G       123M       5.7M        19M       3.2G

MemTotal:        4016004 kB
MemFree:          123044 kB
Active:           416308 kB
Mem:          3.8G       3.7G       119M       5.7M        19M       3.2G

MemTotal:        4016004 kB
MemFree:          127944 kB
Active:           414668 kB
Mem:          3.8G       3.7G       124M       5.7M        19M       3.2G

MemTotal:        4016004 kB
MemFree:          120944 kB
Active:           414096 kB
Mem:          3.8G       3.7G       117M       5.7M        19M       3.2G

MemTotal:        4016004 kB
MemFree:          130168 kB
Active:           412248 kB
Mem:          3.8G       3.7G       126M       5.7M        19M       3.2G

MemTotal:        4016004 kB
MemFree:          138528 kB
Active:           410724 kB
Mem:          3.8G       3.7G       134M       5.7M        19M       3.2G

MemTotal:        4016004 kB
MemFree:          109768 kB
Active:           410828 kB
Mem:          3.8G       3.7G       106M       5.7M        19M       3.2G

MemTotal:        4016004 kB
MemFree:          110544 kB
Active:           410296 kB
Mem:          3.8G       3.7G       107M       5.7M        19M       3.2G

MemTotal:        4016004 kB
MemFree:          110220 kB
Active:           409360 kB
Mem:          3.8G       3.7G       107M       5.7M        19M       3.2G

MemTotal:        4016004 kB
MemFree:          127952 kB
Active:           407212 kB
Mem:          3.8G       3.7G       123M       5.7M        19M       3.2G

MemTotal:        4016004 kB
MemFree:          119560 kB
Active:           405560 kB
Mem:          3.8G       3.7G       116M       5.7M        19M       3.2G

MemTotal:        4016004 kB
MemFree:          135972 kB
Active:           403724 kB
Mem:          3.8G       3.7G       132M       5.7M        19M       3.2G

MemTotal:        4016004 kB
MemFree:          136132 kB
Active:           403692 kB
Mem:          3.8G       3.7G       132M       5.7M        19M       3.2G

MemTotal:        4016004 kB
MemFree:          136080 kB
Active:           403680 kB
Mem:          3.8G       3.7G       132M       5.7M        19M       3.2G

MemTotal:        4016004 kB
MemFree:          110020 kB
Active:           404244 kB
Mem:          3.8G       3.7G       106M       5.7M        19M       3.2G

MemTotal:        4016004 kB
MemFree:          137604 kB
Active:           402096 kB
Mem:          3.8G       3.7G       133M       5.7M        19M       3.2G

MemTotal:        4016004 kB
MemFree:          124756 kB
Active:           400740 kB
Mem:          3.8G       3.7G       121M       5.7M        19M       3.2G

MemTotal:        4016004 kB
MemFree:          107596 kB
Active:           398232 kB
Mem:          3.8G       3.7G       104M       5.7M        19M       3.2G

MemTotal:        4016004 kB
MemFree:          127408 kB
Active:           398400 kB
Mem:          3.8G       3.7G       123M       5.7M        19M       3.2G

MemTotal:        4016004 kB
MemFree:          129656 kB
Active:           398416 kB
Mem:          3.8G       3.7G       126M       5.7M        19M       3.2G

MemTotal:        4016004 kB
MemFree:          130220 kB
Active:           398556 kB
Mem:          3.8G       3.7G       126M       5.7M        19M       3.2G

MemTotal:        4016004 kB
MemFree:          125068 kB
Active:           398696 kB
Mem:          3.8G       3.7G       126M       5.7M        19M       3.2G

MemTotal:        4016004 kB
MemFree:          129304 kB
Active:           398780 kB
Mem:          3.8G       3.7G       126M       5.7M        19M       3.2G

MemTotal:        4016004 kB
MemFree:          114284 kB
Active:           398972 kB
Mem:          3.8G       3.7G       111M       5.7M        19M       3.2G

MemTotal:        4016004 kB
MemFree:          127736 kB
Active:           399024 kB
Mem:          3.8G       3.7G       124M       5.7M        19M       3.2G

MemTotal:        4016004 kB
MemFree:          126304 kB
Active:           399196 kB
Mem:          3.8G       3.7G       123M       5.7M        19M       3.2G

MemTotal:        4016004 kB
MemFree:          124068 kB
Active:           399340 kB
Mem:          3.8G       3.7G       121M       5.7M        19M       3.2G

MemTotal:        4016004 kB
MemFree:          127284 kB
Active:           399516 kB
Mem:          3.8G       3.7G       123M       5.7M        19M       3.2G

MemTotal:        4016004 kB
MemFree:          116556 kB
Active:           399768 kB
Mem:          3.8G       3.7G       113M       5.7M        19M       3.2G

MemTotal:        4016004 kB
MemFree:          115608 kB
Active:           399948 kB
Mem:          3.8G       3.7G       112M       5.7M        19M       3.2G

MemTotal:        4016004 kB
MemFree:          124636 kB
Active:           402024 kB
Mem:          3.8G       3.7G       121M       5.7M        19M       3.2G

MemTotal:        4016004 kB
MemFree:          127540 kB
Active:           401752 kB
Mem:          3.8G       3.7G       123M       5.7M        19M       3.2G

MemTotal:        4016004 kB
MemFree:          126884 kB
Active:           401904 kB
Mem:          3.8G       3.7G       123M       5.7M        19M       3.2G

MemTotal:        4016004 kB
MemFree:          126216 kB
Active:           401988 kB
Mem:          3.8G       3.7G       123M       5.7M        19M       3.2G

MemTotal:        4016004 kB
MemFree:          130632 kB
Active:           402096 kB
Mem:          3.8G       3.7G       127M       5.7M        19M       3.2G

MemTotal:        4016004 kB
MemFree:          105696 kB
Active:           402224 kB
Mem:          3.8G       3.7G       102M       5.7M        19M       3.2G

MemTotal:        4016004 kB
MemFree:          123452 kB
Active:           402360 kB
Mem:          3.8G       3.7G       120M       5.7M        19M       3.2G

MemTotal:        4016004 kB
MemFree:          126928 kB
Active:           402520 kB
Mem:          3.8G       3.7G       123M       5.7M        19M       3.2G

MemTotal:        4016004 kB
MemFree:          107964 kB
Active:           402560 kB
Mem:          3.8G       3.7G       105M       5.7M        19M       3.2G

MemTotal:        4016004 kB
MemFree:          130836 kB
Active:           402688 kB
Mem:          3.8G       3.7G       127M       5.7M        19M       3.2G

MemTotal:        4016004 kB
MemFree:          107264 kB
Active:           402120 kB
Mem:          3.8G       3.7G       104M       5.7M        19M       3.2G

MemTotal:        4016004 kB
MemFree:          130192 kB
Active:           402428 kB
Mem:          3.8G       3.7G       126M       5.7M        19M       3.2G

MemTotal:        4016004 kB
MemFree:          135396 kB
Active:           398060 kB
Mem:          3.8G       3.7G       131M       5.7M        19M       3.2G

MemTotal:        4016004 kB
MemFree:          117384 kB
Active:           398096 kB
Mem:          3.8G       3.7G       113M       5.7M        19M       3.2G

MemTotal:        4016004 kB
MemFree:          129732 kB
Active:           398444 kB
Mem:          3.8G       3.7G       126M       5.7M        19M       3.2G

MemTotal:        4016004 kB
MemFree:          124248 kB
Active:           398616 kB
Mem:          3.8G       3.7G       120M       5.7M        19M       3.2G

MemTotal:        4016004 kB
MemFree:          119784 kB
Active:           398776 kB
Mem:          3.8G       3.7G       116M       5.7M        19M       3.2G

MemTotal:        4016004 kB
MemFree:          127552 kB
Active:           398880 kB
Mem:          3.8G       3.7G       124M       5.7M        19M       3.2G

MemTotal:        4016004 kB
MemFree:          133140 kB
Active:           399116 kB
Mem:          3.8G       3.7G       129M       5.7M        19M       3.2G

MemTotal:        4016004 kB
MemFree:          124112 kB
Active:           397564 kB
Mem:          3.8G       3.7G       120M       5.7M        20M       3.2G

MemTotal:        4016004 kB
MemFree:          123956 kB
Active:           397792 kB
Mem:          3.8G       3.7G       120M       5.7M        20M       3.2G

MemTotal:        4016004 kB
MemFree:          137140 kB
Active:           397888 kB
Mem:          3.8G       3.7G       133M       5.7M        20M       3.2G

MemTotal:        4016004 kB
MemFree:          127400 kB
Active:           398084 kB
Mem:          3.8G       3.7G       123M       5.7M        20M       3.2G

MemTotal:        4016004 kB
MemFree:          107316 kB
Active:           398212 kB
Mem:          3.8G       3.7G       104M       5.7M        20M       3.2G

MemTotal:        4016004 kB
MemFree:          128860 kB
Active:           398368 kB
Mem:          3.8G       3.7G       125M       5.7M        20M       3.2G

MemTotal:        4016004 kB
MemFree:          124620 kB
Active:           398612 kB
Mem:          3.8G       3.7G       121M       5.7M        20M       3.2G

MemTotal:        4016004 kB
MemFree:          137668 kB
Active:           397172 kB
Mem:          3.8G       3.7G       134M       5.7M        20M       3.2G

MemTotal:        4016004 kB
MemFree:          136896 kB
Active:           397084 kB
Mem:          3.8G       3.7G       133M       5.7M        20M       3.2G

MemTotal:        4016004 kB
MemFree:          138100 kB
Active:           397136 kB
Mem:          3.8G       3.7G       133M       5.7M        20M       3.2G

MemTotal:        4016004 kB
MemFree:          120404 kB
Active:           397432 kB
Mem:          3.8G       3.7G       116M       5.7M        20M       3.2G

MemTotal:        4016004 kB
MemFree:          123408 kB
Active:           397660 kB
Mem:          3.8G       3.7G       128M       5.7M        20M       3.2G

MemTotal:        4016004 kB
MemFree:          120276 kB
Active:           397880 kB
Mem:          3.8G       3.7G       116M       5.7M        20M       3.2G

MemTotal:        4016004 kB
MemFree:          130040 kB
Active:           398056 kB
Mem:          3.8G       3.7G       126M       5.7M        20M       3.2G

MemTotal:        4016004 kB
MemFree:          113376 kB
Active:           398236 kB
Mem:          3.8G       3.7G       110M       5.7M        20M       3.2G

MemTotal:        4016004 kB
MemFree:          126336 kB
Active:           398228 kB
Mem:          3.8G       3.7G       122M       5.7M        20M       3.2G

MemTotal:        4016004 kB
MemFree:          133544 kB
Active:           398324 kB
Mem:          3.8G       3.7G       130M       5.7M        20M       3.2G

MemTotal:        4016004 kB
MemFree:          135576 kB
Active:           397188 kB
Mem:          3.8G       3.7G       132M       5.7M        20M       3.2G

MemTotal:        4016004 kB
MemFree:          127600 kB
Active:           398624 kB
Mem:          3.8G       3.7G       124M       5.7M        20M       3.2G

MemTotal:        4016004 kB
MemFree:          127128 kB
Active:           398660 kB
Mem:          3.8G       3.7G       123M       5.7M        20M       3.2G

MemTotal:        4016004 kB
MemFree:          124608 kB
Active:           398836 kB
Mem:          3.8G       3.7G       121M       5.7M        20M       3.2G

MemTotal:        4016004 kB
MemFree:          110448 kB
Active:           398952 kB
Mem:          3.8G       3.7G       107M       5.7M        20M       3.2G

MemTotal:        4016004 kB
MemFree:          124936 kB
Active:           399188 kB
Mem:          3.8G       3.7G       121M       5.7M        20M       3.2G

MemTotal:        4016004 kB
MemFree:          107136 kB
Active:           399348 kB
Mem:          3.8G       3.7G       104M       5.7M        20M       3.2G

MemTotal:        4016004 kB
MemFree:          132420 kB
Active:           399652 kB
Mem:          3.8G       3.7G       129M       5.7M        20M       3.2G

MemTotal:        4016004 kB
MemFree:          112412 kB
Active:           399812 kB
Mem:          3.8G       3.7G       109M       5.7M        20M       3.2G

MemTotal:        4016004 kB
MemFree:          137104 kB
Active:           391436 kB
Mem:          3.8G       3.7G       133M       5.7M        20M       3.2G

MemTotal:        4016004 kB
MemFree:          131220 kB
Active:           391580 kB
Mem:          3.8G       3.7G       127M       5.7M        20M       3.2G

MemTotal:        4016004 kB
MemFree:          122264 kB
Active:           391804 kB
Mem:          3.8G       3.7G       118M       5.7M        20M       3.2G

MemTotal:        4016004 kB
MemFree:          118088 kB
Active:           392004 kB
Mem:          3.8G       3.7G       114M       5.7M        20M       3.2G

MemTotal:        4016004 kB
MemFree:          121092 kB
Active:           392156 kB
Mem:          3.8G       3.7G       117M       5.7M        20M       3.2G

MemTotal:        4016004 kB
MemFree:          116148 kB
Active:           392292 kB
Mem:          3.8G       3.7G       112M       5.7M        20M       3.2G

MemTotal:        4016004 kB
MemFree:          130572 kB
Active:           392476 kB
Mem:          3.8G       3.7G       126M       5.7M        20M       3.2G

MemTotal:        4016004 kB
MemFree:          124544 kB
Active:           392692 kB
Mem:          3.8G       3.7G       121M       5.7M        20M       3.2G

MemTotal:        4016004 kB
MemFree:          129864 kB
Active:           392888 kB
Mem:          3.8G       3.7G       125M       5.7M        20M       3.2G

MemTotal:        4016004 kB
MemFree:          128708 kB
Active:           392984 kB
Mem:          3.8G       3.7G       125M       5.7M        20M       3.2G

MemTotal:        4016004 kB
MemFree:          111456 kB
Active:           393132 kB
Mem:          3.8G       3.7G       108M       5.7M        20M       3.2G

MemTotal:        4016004 kB
MemFree:          126132 kB
Active:           390272 kB
Mem:          3.8G       3.7G       122M       5.7M        20M       3.2G

MemTotal:        4016004 kB
MemFree:          114608 kB
Active:           390284 kB
Mem:          3.8G       3.7G       111M       5.7M        20M       3.2G

MemTotal:        4016004 kB
MemFree:          105632 kB
Active:           390556 kB
Mem:          3.8G       3.7G       102M       5.7M        20M       3.2G

MemTotal:        4016004 kB
MemFree:          115688 kB
Active:           390752 kB
Mem:          3.8G       3.7G       112M       5.7M        20M       3.2G

MemTotal:        4016004 kB
MemFree:          128824 kB
Active:           390872 kB
Mem:          3.8G       3.7G       125M       5.7M        20M       3.2G

MemTotal:        4016004 kB
MemFree:          112392 kB
Active:           391380 kB
Mem:          3.8G       3.7G       109M       5.7M        20M       3.2G

MemTotal:        4016004 kB
MemFree:          124600 kB
Active:           391604 kB
Mem:          3.8G       3.7G       121M       5.7M        20M       3.2G

MemTotal:        4016004 kB
MemFree:          107860 kB
Active:           391692 kB
Mem:          3.8G       3.7G       105M       5.7M        20M       3.2G

MemTotal:        4016004 kB
MemFree:          114060 kB
Active:           391968 kB
Mem:          3.8G       3.7G       110M       5.7M        20M       3.2G

MemTotal:        4016004 kB
MemFree:          133068 kB
Active:           392120 kB
Mem:          3.8G       3.7G       129M       5.7M        20M       3.2G

MemTotal:        4016004 kB
MemFree:          107404 kB
Active:           392360 kB
Mem:          3.8G       3.7G       104M       5.7M        20M       3.2G

MemTotal:        4016004 kB
MemFree:          125504 kB
Active:           390500 kB
Mem:          3.8G       3.7G       121M       5.7M        20M       3.2G

MemTotal:        4016004 kB
MemFree:          107748 kB
Active:           390668 kB
Mem:          3.8G       3.7G       104M       5.7M        20M       3.2G

MemTotal:        4016004 kB
MemFree:          128520 kB
Active:           390740 kB
Mem:          3.8G       3.7G       125M       5.7M        20M       3.2G

MemTotal:        4016004 kB
MemFree:          131984 kB
Active:           390824 kB
Mem:          3.8G       3.7G       128M       5.7M        20M       3.2G

MemTotal:        4016004 kB
MemFree:          129172 kB
Active:           391088 kB
Mem:          3.8G       3.7G       125M       5.7M        20M       3.2G

MemTotal:        4016004 kB
MemFree:          121652 kB
Active:           391288 kB
Mem:          3.8G       3.7G       118M       5.7M        20M       3.2G

MemTotal:        4016004 kB
MemFree:          132628 kB
Active:           391512 kB
Mem:          3.8G       3.7G       128M       5.7M        20M       3.2G

MemTotal:        4016004 kB
MemFree:          131276 kB
Active:           391704 kB
Mem:          3.8G       3.7G       128M       5.7M        20M       3.2G

MemTotal:        4016004 kB
MemFree:          131940 kB
Active:           391848 kB
Mem:          3.8G       3.7G       128M       5.7M        20M       3.2G

MemTotal:        4016004 kB
MemFree:          119772 kB
Active:           391980 kB
Mem:          3.8G       3.7G       116M       5.7M        20M       3.2G

MemTotal:        4016004 kB
MemFree:          141492 kB
Active:           392064 kB
Mem:          3.8G       3.7G       137M       5.7M        20M       3.2G

MemTotal:        4016004 kB
MemFree:          136612 kB
Active:           392288 kB
Mem:          3.8G       3.7G       132M       5.7M        20M       3.2G

MemTotal:        4016004 kB
MemFree:          118272 kB
Active:           392516 kB
Mem:          3.8G       3.7G       114M       5.7M        20M       3.2G

MemTotal:        4016004 kB
MemFree:          129692 kB
Active:           390044 kB
Mem:          3.8G       3.7G       126M       5.7M        20M       3.2G

MemTotal:        4016004 kB
MemFree:          116568 kB
Active:           390272 kB
Mem:          3.8G       3.7G       113M       5.7M        20M       3.2G

MemTotal:        4016004 kB
MemFree:          105312 kB
Active:           390488 kB
Mem:          3.8G       3.7G       118M       5.7M        20M       3.2G

MemTotal:        4016004 kB
MemFree:          121232 kB
Active:           390720 kB
Mem:          3.8G       3.7G       118M       5.7M        20M       3.2G

MemTotal:        4016004 kB
MemFree:          124212 kB
Active:           390900 kB
Mem:          3.8G       3.7G       120M       5.7M        20M       3.2G

MemTotal:        4016004 kB
MemFree:          127140 kB
Active:           391016 kB
Mem:          3.8G       3.7G       123M       5.7M        20M       3.2G

MemTotal:        4016004 kB
MemFree:          132440 kB
Active:           391128 kB
Mem:          3.8G       3.7G       129M       5.7M        20M       3.2G

MemTotal:        4016004 kB
MemFree:          125348 kB
Active:           391240 kB
Mem:          3.8G       3.7G       122M       5.7M        20M       3.2G

MemTotal:        4016004 kB
MemFree:          127040 kB
Active:           391524 kB
Mem:          3.8G       3.7G       123M       5.7M        20M       3.2G

MemTotal:        4016004 kB
MemFree:          127564 kB
Active:           391808 kB
Mem:          3.8G       3.7G       124M       5.7M        20M       3.2G

MemTotal:        4016004 kB
MemFree:          110964 kB
Active:           391912 kB
Mem:          3.8G       3.7G       108M       5.7M        20M       3.2G

MemTotal:        4016004 kB
MemFree:          108160 kB
Active:           392004 kB
Mem:          3.8G       3.7G       104M       5.7M        20M       3.2G

MemTotal:        4016004 kB
MemFree:          130392 kB
Active:           392184 kB
Mem:          3.8G       3.7G       127M       5.7M        20M       3.2G

MemTotal:        4016004 kB
MemFree:          151432 kB
Active:           392516 kB
Mem:          3.8G       3.7G       147M       5.7M        20M       3.2G

MemTotal:        4016004 kB
MemFree:          125272 kB
Active:           392816 kB
Mem:          3.8G       3.7G       121M       5.7M        20M       3.2G

MemTotal:        4016004 kB
MemFree:          129848 kB
Active:           389612 kB
Mem:          3.8G       3.7G       126M       5.7M        20M       3.2G

MemTotal:        4016004 kB
MemFree:          107024 kB
Active:           389644 kB
Mem:          3.8G       3.7G       104M       5.7M        20M       3.2G

MemTotal:        4016004 kB
MemFree:          113692 kB
Active:           389732 kB
Mem:          3.8G       3.7G       110M       5.7M        20M       3.2G

MemTotal:        4016004 kB
MemFree:          122512 kB
Active:           389896 kB
Mem:          3.8G       3.7G       118M       5.7M        20M       3.2G

MemTotal:        4016004 kB
MemFree:          127468 kB
Active:           390272 kB
Mem:          3.8G       3.7G       123M       5.7M        20M       3.2G

MemTotal:        4016004 kB
MemFree:          146864 kB
Active:           390412 kB
Mem:          3.8G       3.7G       143M       5.7M        20M       3.2G

MemTotal:        4016004 kB
MemFree:          125172 kB
Active:           390532 kB
Mem:          3.8G       3.7G       121M       5.7M        20M       3.2G

MemTotal:        4016004 kB
MemFree:          123140 kB
Active:           391172 kB
Mem:          3.8G       3.7G       119M       5.7M        20M       3.2G

MemTotal:        4016004 kB
MemFree:          126448 kB
Active:           391384 kB
Mem:          3.8G       3.7G       123M       5.7M        20M       3.2G

MemTotal:        4016004 kB
MemFree:          130112 kB
Active:           391532 kB
Mem:          3.8G       3.7G       127M       5.7M        20M       3.2G

MemTotal:        4016004 kB
MemFree:          130544 kB
Active:           391464 kB
Mem:          3.8G       3.7G       127M       5.7M        20M       3.2G

MemTotal:        4016004 kB
MemFree:          130732 kB
Active:           391536 kB
Mem:          3.8G       3.7G       127M       5.7M        20M       3.2G

MemTotal:        4016004 kB
MemFree:          118208 kB
Active:           392120 kB
Mem:          3.8G       3.7G       114M       5.7M        20M       3.2G

MemTotal:        4016004 kB
MemFree:          126144 kB
Active:           392440 kB
Mem:          3.8G       3.7G       122M       5.7M        20M       3.2G

MemTotal:        4016004 kB
MemFree:          133360 kB
Active:           392720 kB
Mem:          3.8G       3.7G       129M       5.7M        20M       3.2G

MemTotal:        4016004 kB
MemFree:          132308 kB
Active:           392720 kB
Mem:          3.8G       3.7G       129M       5.7M        20M       3.2G

MemTotal:        4016004 kB
MemFree:          132468 kB
Active:           392632 kB
Mem:          3.8G       3.7G       129M       5.7M        20M       3.2G

MemTotal:        4016004 kB
MemFree:          112960 kB
Active:           392836 kB
Mem:          3.8G       3.7G       131M       5.7M        20M       3.2G

MemTotal:        4016004 kB
MemFree:          142016 kB
Active:           397436 kB
Mem:          3.8G       3.7G       137M       5.7M        24M       3.2G

MemTotal:        4016004 kB
MemFree:          128172 kB
Active:           401160 kB
Mem:          3.8G       3.7G       124M       5.7M        27M       3.2G

MemTotal:        4016004 kB
MemFree:          121728 kB
Active:           400528 kB
Mem:          3.8G       3.7G       118M       5.7M        27M       3.2G

MemTotal:        4016004 kB
MemFree:          119748 kB
Active:           400628 kB
Mem:          3.8G       3.7G       116M       5.7M        27M       3.2G

MemTotal:        4016004 kB
MemFree:          124752 kB
Active:           400808 kB
Mem:          3.8G       3.7G       121M       5.7M        27M       3.2G

MemTotal:        4016004 kB
MemFree:          111612 kB
Active:           401056 kB
Mem:          3.8G       3.7G       108M       5.7M        27M       3.2G

MemTotal:        4016004 kB
MemFree:          122180 kB
Active:           401220 kB
Mem:          3.8G       3.7G       118M       5.7M        27M       3.2G

MemTotal:        4016004 kB
MemFree:          125184 kB
Active:           401368 kB
Mem:          3.8G       3.7G       121M       5.7M        27M       3.2G

MemTotal:        4016004 kB
MemFree:          134424 kB
Active:           401504 kB
Mem:          3.8G       3.7G       131M       5.7M        27M       3.2G

MemTotal:        4016004 kB
MemFree:          134304 kB
Active:           401656 kB
Mem:          3.8G       3.7G       130M       5.7M        27M       3.2G

MemTotal:        4016004 kB
MemFree:          139796 kB
Active:           401884 kB
Mem:          3.8G       3.7G       135M       5.7M        27M       3.2G

MemTotal:        4016004 kB
MemFree:          125896 kB
Active:           402068 kB
Mem:          3.8G       3.7G       122M       5.7M        27M       3.2G

MemTotal:        4016004 kB
MemFree:          110860 kB
Active:           402228 kB
Mem:          3.8G       3.7G       107M       5.7M        27M       3.2G

MemTotal:        4016004 kB
MemFree:          132160 kB
Active:           402328 kB
Mem:          3.8G       3.7G       128M       5.7M        27M       3.2G

MemTotal:        4016004 kB
MemFree:          130268 kB
Active:           402440 kB
Mem:          3.8G       3.7G       126M       5.7M        27M       3.2G

MemTotal:        4016004 kB
MemFree:          128488 kB
Active:           402588 kB
Mem:          3.8G       3.7G       124M       5.7M        27M       3.2G

MemTotal:        4016004 kB
MemFree:          104880 kB
Active:           402828 kB
Mem:          3.8G       3.7G       105M       5.7M        27M       3.2G

MemTotal:        4016004 kB
MemFree:          118352 kB
Active:           403116 kB
Mem:          3.8G       3.7G       114M       5.7M        27M       3.2G

MemTotal:        4016004 kB
MemFree:          116324 kB
Active:           403232 kB
Mem:          3.8G       3.7G       113M       5.7M        27M       3.2G

MemTotal:        4016004 kB
MemFree:          132376 kB
Active:           403444 kB
Mem:          3.8G       3.7G       128M       5.7M        27M       3.2G

MemTotal:        4016004 kB
MemFree:          107384 kB
Active:           403756 kB
Mem:          3.8G       3.7G       103M       5.7M        27M       3.2G

MemTotal:        4016004 kB
MemFree:          132400 kB
Active:           404064 kB
Mem:          3.8G       3.7G       128M       5.7M        27M       3.2G

MemTotal:        4016004 kB
MemFree:          125004 kB
Active:           404260 kB
Mem:          3.8G       3.7G       121M       5.7M        27M       3.2G

MemTotal:        4016004 kB
MemFree:          125728 kB
Active:           404388 kB
Mem:          3.8G       3.7G       122M       5.7M        27M       3.2G

MemTotal:        4016004 kB
MemFree:          125632 kB
Active:           404520 kB
Mem:          3.8G       3.7G       122M       5.7M        27M       3.2G

MemTotal:        4016004 kB
MemFree:          114284 kB
Active:           404772 kB
Mem:          3.8G       3.7G       111M       5.7M        27M       3.2G

MemTotal:        4016004 kB
MemFree:          113508 kB
Active:           404964 kB
Mem:          3.8G       3.7G       110M       5.7M        27M       3.2G

MemTotal:        4016004 kB
MemFree:          113016 kB
Active:           404952 kB
Mem:          3.8G       3.7G       110M       5.7M        27M       3.2G

MemTotal:        4016004 kB
MemFree:          123372 kB
Active:           405184 kB
Mem:          3.8G       3.7G       120M       5.7M        27M       3.2G

MemTotal:        4016004 kB
MemFree:          115816 kB
Active:           405468 kB
Mem:          3.8G       3.7G       112M       5.7M        27M       3.2G

MemTotal:        4016004 kB
MemFree:          114340 kB
Active:           405688 kB
Mem:          3.8G       3.7G       111M       5.7M        27M       3.2G

MemTotal:        4016004 kB
MemFree:          105392 kB
Active:           405852 kB
Mem:          3.8G       3.7G       102M       5.7M        27M       3.2G

MemTotal:        4016004 kB
MemFree:          111884 kB
Active:           406024 kB
Mem:          3.8G       3.7G       108M       5.7M        27M       3.2G

MemTotal:        4016004 kB
MemFree:          130604 kB
Active:           406160 kB
Mem:          3.8G       3.7G       127M       5.7M        27M       3.2G

MemTotal:        4016004 kB
MemFree:          127528 kB
Active:           406328 kB
Mem:          3.8G       3.7G       124M       5.7M        27M       3.2G

MemTotal:        4016004 kB
MemFree:          111816 kB
Active:           406532 kB
Mem:          3.8G       3.7G       108M       5.7M        27M       3.2G

MemTotal:        4016004 kB
MemFree:          124852 kB
Active:           406696 kB
Mem:          3.8G       3.7G       121M       5.7M        27M       3.2G

MemTotal:        4016004 kB
MemFree:          124556 kB
Active:           406872 kB
Mem:          3.8G       3.7G       121M       5.7M        27M       3.2G

MemTotal:        4016004 kB
MemFree:          129028 kB
Active:           407032 kB
Mem:          3.8G       3.7G       125M       5.7M        27M       3.2G

MemTotal:        4016004 kB
MemFree:          127848 kB
Active:           407164 kB
Mem:          3.8G       3.7G       123M       5.7M        27M       3.2G

MemTotal:        4016004 kB
MemFree:          136812 kB
Active:           407372 kB
Mem:          3.8G       3.7G       133M       5.7M        27M       3.2G

MemTotal:        4016004 kB
MemFree:          143408 kB
Active:           407560 kB
Mem:          3.8G       3.7G       139M       5.7M        27M       3.2G

MemTotal:        4016004 kB
MemFree:          130056 kB
Active:           407752 kB
Mem:          3.8G       3.7G       126M       5.7M        27M       3.2G

MemTotal:        4016004 kB
MemFree:          136996 kB
Active:           407912 kB
Mem:          3.8G       3.7G       133M       5.7M        27M       3.2G

MemTotal:        4016004 kB
MemFree:          118036 kB
Active:           408072 kB
Mem:          3.8G       3.7G       123M       5.7M        27M       3.2G

MemTotal:        4016004 kB
MemFree:          118400 kB
Active:           408420 kB
Mem:          3.8G       3.7G       115M       5.7M        27M       3.2G

MemTotal:        4016004 kB
MemFree:          126972 kB
Active:           408612 kB
Mem:          3.8G       3.7G       123M       5.7M        27M       3.2G

MemTotal:        4016004 kB
MemFree:          106256 kB
Active:           408788 kB
Mem:          3.8G       3.7G       103M       5.7M        27M       3.2G

MemTotal:        4016004 kB
MemFree:          120532 kB
Active:           408892 kB
Mem:          3.8G       3.7G       117M       5.7M        27M       3.2G

MemTotal:        4016004 kB
MemFree:          135564 kB
Active:           408984 kB
Mem:          3.8G       3.7G       132M       5.7M        27M       3.2G

MemTotal:        4016004 kB
MemFree:          123696 kB
Active:           409084 kB
Mem:          3.8G       3.7G       120M       5.7M        27M       3.2G

MemTotal:        4016004 kB
MemFree:          105744 kB
Active:           409380 kB
Mem:          3.8G       3.7G       102M       5.7M        27M       3.2G

MemTotal:        4016004 kB
MemFree:          115160 kB
Active:           409644 kB
Mem:          3.8G       3.7G       112M       5.7M        27M       3.2G

MemTotal:        4016004 kB
MemFree:          107204 kB
Active:           409776 kB
Mem:          3.8G       3.7G       104M       5.7M        27M       3.2G

MemTotal:        4016004 kB
MemFree:          126208 kB
Active:           409816 kB
Mem:          3.8G       3.7G       122M       5.7M        27M       3.2G

MemTotal:        4016004 kB
MemFree:          120616 kB
Active:           410112 kB
Mem:          3.8G       3.7G       117M       5.7M        27M       3.2G

MemTotal:        4016004 kB
MemFree:          123676 kB
Active:           410368 kB
Mem:          3.8G       3.7G       120M       5.7M        27M       3.2G

MemTotal:        4016004 kB
MemFree:          134616 kB
Active:           410564 kB
Mem:          3.8G       3.7G       131M       5.7M        27M       3.2G

MemTotal:        4016004 kB
MemFree:          127176 kB
Active:           410708 kB
Mem:          3.8G       3.7G       123M       5.7M        27M       3.2G

MemTotal:        4016004 kB
MemFree:          126116 kB
Active:           410876 kB
Mem:          3.8G       3.7G       122M       5.7M        27M       3.2G

MemTotal:        4016004 kB
MemFree:          115100 kB
Active:           411280 kB
Mem:          3.8G       3.7G       111M       5.7M        27M       3.2G

MemTotal:        4016004 kB
MemFree:          123880 kB
Active:           411660 kB
Mem:          3.8G       3.7G       120M       5.7M        27M       3.2G

MemTotal:        4016004 kB
MemFree:          125572 kB
Active:           411816 kB
Mem:          3.8G       3.7G       122M       5.7M        27M       3.2G

MemTotal:        4016004 kB
MemFree:          113772 kB
Active:           411956 kB
Mem:          3.8G       3.7G       110M       5.7M        27M       3.2G

MemTotal:        4016004 kB
MemFree:          133212 kB
Active:           412132 kB
Mem:          3.8G       3.7G       130M       5.7M        27M       3.2G

MemTotal:        4016004 kB
MemFree:          128996 kB
Active:           412328 kB
Mem:          3.8G       3.7G       125M       5.7M        27M       3.2G

MemTotal:        4016004 kB
MemFree:          138544 kB
Active:           412472 kB
Mem:          3.8G       3.7G       134M       5.7M        27M       3.2G

MemTotal:        4016004 kB
MemFree:          135712 kB
Active:           412628 kB
Mem:          3.8G       3.7G       132M       5.7M        27M       3.2G

MemTotal:        4016004 kB
MemFree:          133156 kB
Active:           412608 kB
Mem:          3.8G       3.7G       129M       5.7M        27M       3.2G

MemTotal:        4016004 kB
MemFree:          119684 kB
Active:           412864 kB
Mem:          3.8G       3.7G       116M       5.7M        27M       3.2G

MemTotal:        4016004 kB
MemFree:          112188 kB
Active:           413124 kB
Mem:          3.8G       3.7G       118M       5.7M        27M       3.2G

MemTotal:        4016004 kB
MemFree:          128424 kB
Active:           413344 kB
Mem:          3.8G       3.7G       125M       5.7M        27M       3.2G

MemTotal:        4016004 kB
MemFree:          124640 kB
Active:           413528 kB
Mem:          3.8G       3.7G       121M       5.7M        27M       3.2G

MemTotal:        4016004 kB
MemFree:          114240 kB
Active:           413688 kB
Mem:          3.8G       3.7G       111M       5.7M        27M       3.2G

MemTotal:        4016004 kB
MemFree:          113280 kB
Active:           413680 kB
Mem:          3.8G       3.7G       110M       5.7M        27M       3.2G

MemTotal:        4016004 kB
MemFree:          119536 kB
Active:           413692 kB
Mem:          3.8G       3.7G       116M       5.7M        27M       3.2G

MemTotal:        4016004 kB
MemFree:          105632 kB
Active:           414140 kB
Mem:          3.8G       3.7G       102M       5.7M        27M       3.2G

MemTotal:        4016004 kB
MemFree:          142576 kB
Active:           414376 kB
Mem:          3.8G       3.7G       138M       5.7M        27M       3.2G

MemTotal:        4016004 kB
MemFree:          132296 kB
Active:           414628 kB
Mem:          3.8G       3.7G       128M       5.7M        27M       3.2G

MemTotal:        4016004 kB
MemFree:          131276 kB
Active:           414816 kB
Mem:          3.8G       3.7G       127M       5.7M        27M       3.2G

MemTotal:        4016004 kB
MemFree:          105192 kB
Active:           414968 kB
Mem:          3.8G       3.7G       102M       5.7M        27M       3.2G

MemTotal:        4016004 kB
MemFree:          106184 kB
Active:           415136 kB
Mem:          3.8G       3.7G       103M       5.7M        27M       3.2G

MemTotal:        4016004 kB
MemFree:          122688 kB
Active:           415376 kB
Mem:          3.8G       3.7G       119M       5.7M        27M       3.2G

MemTotal:        4016004 kB
MemFree:          141844 kB
Active:           415504 kB
Mem:          3.8G       3.7G       137M       5.7M        27M       3.2G

MemTotal:        4016004 kB
MemFree:          128460 kB
Active:           415676 kB
Mem:          3.8G       3.7G       124M       5.7M        27M       3.2G

MemTotal:        4016004 kB
MemFree:          143200 kB
Active:           415816 kB
Mem:          3.8G       3.7G       138M       5.7M        27M       3.2G

MemTotal:        4016004 kB
MemFree:          112136 kB
Active:           415980 kB
Mem:          3.8G       3.7G       108M       5.7M        27M       3.2G

MemTotal:        4016004 kB
MemFree:          111716 kB
Active:           416224 kB
Mem:          3.8G       3.7G       108M       5.7M        28M       3.2G

MemTotal:        4016004 kB
MemFree:          108908 kB
Active:           416420 kB
Mem:          3.8G       3.7G       105M       5.7M        28M       3.2G

MemTotal:        4016004 kB
MemFree:          114724 kB
Active:           416540 kB
Mem:          3.8G       3.7G       111M       5.7M        28M       3.2G

MemTotal:        4016004 kB
MemFree:          119004 kB
Active:           416648 kB
Mem:          3.8G       3.7G       115M       5.7M        28M       3.2G

MemTotal:        4016004 kB
MemFree:          114696 kB
Active:           416792 kB
Mem:          3.8G       3.7G       110M       5.7M        28M       3.2G

MemTotal:        4016004 kB
MemFree:          125816 kB
Active:           417032 kB
Mem:          3.8G       3.7G       122M       5.7M        28M       3.2G

MemTotal:        4016004 kB
MemFree:          107312 kB
Active:           417244 kB
Mem:          3.8G       3.7G       104M       5.7M        28M       3.2G

MemTotal:        4016004 kB
MemFree:          107948 kB
Active:           417392 kB
Mem:          3.8G       3.7G       104M       5.7M        28M       3.2G

MemTotal:        4016004 kB
MemFree:          110040 kB
Active:           417508 kB
Mem:          3.8G       3.7G       106M       5.7M        28M       3.2G

MemTotal:        4016004 kB
MemFree:          126704 kB
Active:           417656 kB
Mem:          3.8G       3.7G       123M       5.7M        28M       3.2G

MemTotal:        4016004 kB
MemFree:          143504 kB
Active:           417900 kB
Mem:          3.8G       3.7G       139M       5.7M        28M       3.2G

MemTotal:        4016004 kB
MemFree:          108828 kB
Active:           418088 kB
Mem:          3.8G       3.7G       106M       5.7M        28M       3.2G

MemTotal:        4016004 kB
MemFree:          107904 kB
Active:           418164 kB
Mem:          3.8G       3.7G       105M       5.7M        28M       3.2G

MemTotal:        4016004 kB
MemFree:          112936 kB
Active:           418712 kB
Mem:          3.8G       3.7G       109M       5.7M        28M       3.2G

MemTotal:        4016004 kB
MemFree:          118476 kB
Active:           418916 kB
Mem:          3.8G       3.7G       115M       5.7M        28M       3.2G

MemTotal:        4016004 kB
MemFree:          105448 kB
Active:           419172 kB
Mem:          3.8G       3.7G       102M       5.7M        28M       3.2G

MemTotal:        4016004 kB
MemFree:          125944 kB
Active:           419364 kB
Mem:          3.8G       3.7G       122M       5.7M        28M       3.2G

MemTotal:        4016004 kB
MemFree:          117688 kB
Active:           419560 kB
Mem:          3.8G       3.7G       114M       5.7M        28M       3.2G

MemTotal:        4016004 kB
MemFree:          117084 kB
Active:           419516 kB
Mem:          3.8G       3.7G       114M       5.7M        28M       3.2G

MemTotal:        4016004 kB
MemFree:          116756 kB
Active:           419584 kB
Mem:          3.8G       3.7G       113M       5.7M        28M       3.2G

MemTotal:        4016004 kB
MemFree:          131608 kB
Active:           419552 kB
Mem:          3.8G       3.7G       128M       5.7M        28M       3.2G

MemTotal:        4016004 kB
MemFree:          125152 kB
Active:           420076 kB
Mem:          3.8G       3.7G       121M       5.7M        28M       3.2G

MemTotal:        4016004 kB
MemFree:          115728 kB
Active:           420296 kB
Mem:          3.8G       3.7G       112M       5.7M        28M       3.2G

MemTotal:        4016004 kB
MemFree:          130396 kB
Active:           420508 kB
Mem:          3.8G       3.7G       126M       5.7M        28M       3.2G

MemTotal:        4016004 kB
MemFree:          120588 kB
Active:           420684 kB
Mem:          3.8G       3.7G       117M       5.7M        28M       3.2G

MemTotal:        4016004 kB
MemFree:          132760 kB
Active:           421036 kB
Mem:          3.8G       3.7G       129M       5.7M        28M       3.2G

MemTotal:        4016004 kB
MemFree:          132604 kB
Active:           421264 kB
Mem:          3.8G       3.7G       129M       5.7M        28M       3.2G

MemTotal:        4016004 kB
MemFree:          117676 kB
Active:           421568 kB
Mem:          3.8G       3.7G       114M       5.7M        28M       3.2G

MemTotal:        4016004 kB
MemFree:          125260 kB
Active:           421768 kB
Mem:          3.8G       3.7G       121M       5.7M        28M       3.2G

MemTotal:        4016004 kB
MemFree:          145104 kB
Active:           421944 kB
Mem:          3.8G       3.7G       141M       5.7M        28M       3.2G

MemTotal:        4016004 kB
MemFree:          123856 kB
Active:           422268 kB
Mem:          3.8G       3.7G       120M       5.7M        28M       3.2G

MemTotal:        4016004 kB
MemFree:          122820 kB
Active:           422532 kB
Mem:          3.8G       3.7G       119M       5.7M        28M       3.2G

MemTotal:        4016004 kB
MemFree:          119560 kB
Active:           422732 kB
Mem:          3.8G       3.7G       116M       5.7M        28M       3.2G

MemTotal:        4016004 kB
MemFree:          135552 kB
Active:           422928 kB
Mem:          3.8G       3.7G       131M       5.7M        28M       3.2G

MemTotal:        4016004 kB
MemFree:          124916 kB
Active:           423128 kB
Mem:          3.8G       3.7G       121M       5.7M        28M       3.2G

MemTotal:        4016004 kB
MemFree:          108880 kB
Active:           423760 kB
Mem:          3.8G       3.7G       105M       5.7M        28M       3.2G

MemTotal:        4016004 kB
MemFree:          126344 kB
Active:           423960 kB
Mem:          3.8G       3.7G       122M       5.7M        28M       3.2G

MemTotal:        4016004 kB
MemFree:          141172 kB
Active:           424116 kB
Mem:          3.8G       3.7G       137M       5.7M        28M       3.2G

MemTotal:        4016004 kB
MemFree:          120828 kB
Active:           424208 kB
Mem:          3.8G       3.7G       117M       5.7M        28M       3.2G

MemTotal:        4016004 kB
MemFree:          113648 kB
Active:           424312 kB
Mem:          3.8G       3.7G       110M       5.7M        28M       3.2G

MemTotal:        4016004 kB
MemFree:          122840 kB
Active:           424532 kB
Mem:          3.8G       3.7G       119M       5.7M        28M       3.2G

MemTotal:        4016004 kB
MemFree:          141116 kB
Active:           424816 kB
Mem:          3.8G       3.7G       137M       5.7M        28M       3.2G

MemTotal:        4016004 kB
MemFree:          137280 kB
Active:           425048 kB
Mem:          3.8G       3.7G       134M       5.7M        28M       3.2G

MemTotal:        4016004 kB
MemFree:          120980 kB
Active:           425148 kB
Mem:          3.8G       3.7G       117M       5.7M        28M       3.2G

MemTotal:        4016004 kB
MemFree:          137840 kB
Active:           425220 kB
Mem:          3.8G       3.7G       134M       5.7M        28M       3.2G

MemTotal:        4016004 kB
MemFree:          115296 kB
Active:           425364 kB
Mem:          3.8G       3.7G       111M       5.7M        28M       3.2G

MemTotal:        4016004 kB
MemFree:          109248 kB
Active:           425684 kB
Mem:          3.8G       3.7G       105M       5.7M        28M       3.2G

MemTotal:        4016004 kB
MemFree:          121416 kB
Active:           425892 kB
Mem:          3.8G       3.7G       118M       5.7M        28M       3.2G

MemTotal:        4016004 kB
MemFree:          120424 kB
Active:           425952 kB
Mem:          3.8G       3.7G       117M       5.7M        28M       3.2G

MemTotal:        4016004 kB
MemFree:          119932 kB
Active:           425936 kB
Mem:          3.8G       3.7G       116M       5.7M        28M       3.2G

MemTotal:        4016004 kB
MemFree:          131472 kB
Active:           425956 kB
Mem:          3.8G       3.7G       128M       5.7M        28M       3.2G

MemTotal:        4016004 kB
MemFree:          131024 kB
Active:           426468 kB
Mem:          3.8G       3.7G       127M       5.7M        28M       3.2G

MemTotal:        4016004 kB
MemFree:          120288 kB
Active:           426760 kB
Mem:          3.8G       3.7G       116M       5.7M        28M       3.2G

MemTotal:        4016004 kB
MemFree:          121932 kB
Active:           426936 kB
Mem:          3.8G       3.7G       118M       5.7M        28M       3.2G

MemTotal:        4016004 kB
MemFree:          129812 kB
Active:           427000 kB
Mem:          3.8G       3.7G       126M       5.7M        28M       3.2G

MemTotal:        4016004 kB
MemFree:          127860 kB
Active:           427076 kB
Mem:          3.8G       3.7G       124M       5.7M        28M       3.2G

MemTotal:        4016004 kB
MemFree:          109768 kB
Active:           427304 kB
Mem:          3.8G       3.7G       106M       5.7M        28M       3.2G

MemTotal:        4016004 kB
MemFree:          125468 kB
Active:           427600 kB
Mem:          3.8G       3.7G       121M       5.7M        28M       3.2G

MemTotal:        4016004 kB
MemFree:          119256 kB
Active:           427792 kB
Mem:          3.8G       3.7G       115M       5.7M        28M       3.2G

MemTotal:        4016004 kB
MemFree:          120988 kB
Active:           427856 kB
Mem:          3.8G       3.7G       117M       5.7M        28M       3.2G

MemTotal:        4016004 kB
MemFree:          127652 kB
Active:           427944 kB
Mem:          3.8G       3.7G       124M       5.7M        28M       3.2G

MemTotal:        4016004 kB
MemFree:          115060 kB
Active:           428112 kB
Mem:          3.8G       3.7G       111M       5.7M        28M       3.2G

MemTotal:        4016004 kB
MemFree:          116112 kB
Active:           428432 kB
Mem:          3.8G       3.7G       112M       5.7M        28M       3.2G

MemTotal:        4016004 kB
MemFree:          109396 kB
Active:           428640 kB
Mem:          3.8G       3.7G       106M       5.7M        28M       3.2G

MemTotal:        4016004 kB
MemFree:          124092 kB
Active:           428740 kB
Mem:          3.8G       3.7G       120M       5.7M        28M       3.2G

MemTotal:        4016004 kB
MemFree:          105240 kB
Active:           428840 kB
Mem:          3.8G       3.7G       102M       5.7M        28M       3.2G

MemTotal:        4016004 kB
MemFree:          132944 kB
Active:           428924 kB
Mem:          3.8G       3.7G       129M       5.7M        28M       3.2G

MemTotal:        4016004 kB
MemFree:          113988 kB
Active:           429152 kB
Mem:          3.8G       3.7G       110M       5.7M        28M       3.2G

MemTotal:        4016004 kB
MemFree:          122852 kB
Active:           429520 kB
Mem:          3.8G       3.7G       119M       5.7M        28M       3.2G

MemTotal:        4016004 kB
MemFree:          124124 kB
Active:           429584 kB
Mem:          3.8G       3.7G       120M       5.7M        28M       3.2G

MemTotal:        4016004 kB
MemFree:          122256 kB
Active:           429840 kB
Mem:          3.8G       3.7G       118M       5.7M        28M       3.2G

MemTotal:        4016004 kB
MemFree:          112212 kB
Active:           429944 kB
Mem:          3.8G       3.7G       108M       5.7M        28M       3.2G

MemTotal:        4016004 kB
MemFree:          122452 kB
Active:           430120 kB
Mem:          3.8G       3.7G       118M       5.7M        28M       3.2G

MemTotal:        4016004 kB
MemFree:          111228 kB
Active:           430384 kB
Mem:          3.8G       3.7G       108M       5.7M        28M       3.2G

MemTotal:        4016004 kB
MemFree:          128340 kB
Active:           430540 kB
Mem:          3.8G       3.7G       124M       5.7M        28M       3.2G

MemTotal:        4016004 kB
MemFree:          127304 kB
Active:           430540 kB
Mem:          3.8G       3.7G       124M       5.7M        28M       3.2G

MemTotal:        4016004 kB
MemFree:          120716 kB
Active:           430596 kB
Mem:          3.8G       3.7G       117M       5.7M        28M       3.2G

MemTotal:        4016004 kB
MemFree:          122308 kB
Active:           430864 kB
Mem:          3.8G       3.7G       118M       5.7M        28M       3.2G

MemTotal:        4016004 kB
MemFree:          136864 kB
Active:           431172 kB
Mem:          3.8G       3.7G       133M       5.7M        28M       3.2G

MemTotal:        4016004 kB
MemFree:          132872 kB
Active:           431400 kB
Mem:          3.8G       3.7G       129M       5.7M        28M       3.2G

MemTotal:        4016004 kB
MemFree:          120328 kB
Active:           431560 kB
Mem:          3.8G       3.7G       117M       5.7M        28M       3.2G

MemTotal:        4016004 kB
MemFree:          133028 kB
Active:           431716 kB
Mem:          3.8G       3.7G       129M       5.7M        28M       3.2G

MemTotal:        4016004 kB
MemFree:          131904 kB
Active:           431844 kB
Mem:          3.8G       3.7G       128M       5.7M        28M       3.2G

MemTotal:        4016004 kB
MemFree:          131928 kB
Active:           431828 kB
Mem:          3.8G       3.7G       129M       5.7M        28M       3.2G

MemTotal:        4016004 kB
MemFree:          153840 kB
Active:           431932 kB
Mem:          3.8G       3.7G       149M       5.7M        28M       3.1G

MemTotal:        4016004 kB
MemFree:          125220 kB
Active:           432276 kB
Mem:          3.8G       3.7G       122M       5.7M        28M       3.2G

MemTotal:        4016004 kB
MemFree:          146204 kB
Active:           432584 kB
Mem:          3.8G       3.7G       140M       5.7M        28M       3.2G

MemTotal:        4016004 kB
MemFree:          128016 kB
Active:           432624 kB
Mem:          3.8G       3.7G       124M       5.7M        28M       3.2G

MemTotal:        4016004 kB
MemFree:          122412 kB
Active:           433036 kB
Mem:          3.8G       3.7G       118M       5.7M        28M       3.2G

MemTotal:        4016004 kB
MemFree:          114976 kB
Active:           433256 kB
Mem:          3.8G       3.7G       112M       5.7M        28M       3.2G

MemTotal:        4016004 kB
MemFree:          110060 kB
Active:           433416 kB
Mem:          3.8G       3.7G       106M       5.7M        28M       3.2G

MemTotal:        4016004 kB
MemFree:          112136 kB
Active:           433600 kB
Mem:          3.8G       3.7G       109M       5.7M        28M       3.2G

MemTotal:        4016004 kB
MemFree:          111080 kB
Active:           433728 kB
Mem:          3.8G       3.7G       107M       5.7M        28M       3.2G

MemTotal:        4016004 kB
MemFree:          109784 kB
Active:           433884 kB
Mem:          3.8G       3.7G       106M       5.7M        28M       3.2G

MemTotal:        4016004 kB
MemFree:          120036 kB
Active:           434032 kB
Mem:          3.8G       3.7G       117M       5.7M        28M       3.2G

MemTotal:        4016004 kB
MemFree:          110008 kB
Active:           434248 kB
Mem:          3.8G       3.7G       115M       5.7M        28M       3.2G

MemTotal:        4016004 kB
MemFree:          127832 kB
Active:           434452 kB
Mem:          3.8G       3.7G       124M       5.7M        28M       3.2G

MemTotal:        4016004 kB
MemFree:          131488 kB
Active:           434616 kB
Mem:          3.8G       3.7G       127M       5.7M        28M       3.2G

MemTotal:        4016004 kB
MemFree:          124776 kB
Active:           434720 kB
Mem:          3.8G       3.7G       121M       5.7M        28M       3.2G

MemTotal:        4016004 kB
MemFree:          122888 kB
Active:           434952 kB
Mem:          3.8G       3.7G       118M       5.7M        28M       3.2G

MemTotal:        4016004 kB
MemFree:          111812 kB
Active:           435128 kB
Mem:          3.8G       3.7G       108M       5.7M        28M       3.2G

MemTotal:        4016004 kB
MemFree:          115240 kB
Active:           435296 kB
Mem:          3.8G       3.7G       112M       5.7M        28M       3.2G

MemTotal:        4016004 kB
MemFree:          120048 kB
Active:           435440 kB
Mem:          3.8G       3.7G       116M       5.7M        28M       3.2G

MemTotal:        4016004 kB
MemFree:          109632 kB
Active:           435652 kB
Mem:          3.8G       3.7G       106M       5.7M        28M       3.2G

MemTotal:        4016004 kB
MemFree:          125372 kB
Active:           435804 kB
Mem:          3.8G       3.7G       121M       5.7M        28M       3.2G

MemTotal:        4016004 kB
MemFree:          115368 kB
Active:           435972 kB
Mem:          3.8G       3.7G       111M       5.7M        28M       3.2G

MemTotal:        4016004 kB
MemFree:          125904 kB
Active:           436152 kB
Mem:          3.8G       3.7G       122M       5.7M        28M       3.2G

MemTotal:        4016004 kB
MemFree:          107488 kB
Active:           436316 kB
Mem:          3.8G       3.7G       104M       5.7M        28M       3.2G

MemTotal:        4016004 kB
MemFree:          104620 kB
Active:           436372 kB
Mem:          3.8G       3.7G       108M       5.7M        28M       3.2G

MemTotal:        4016004 kB
MemFree:          126764 kB
Active:           436384 kB
Mem:          3.8G       3.7G       123M       5.7M        28M       3.2G

MemTotal:        4016004 kB
MemFree:          126768 kB
Active:           436348 kB
Mem:          3.8G       3.7G       123M       5.7M        28M       3.2G

MemTotal:        4016004 kB
MemFree:          123024 kB
Active:           436616 kB
Mem:          3.8G       3.7G       119M       5.7M        28M       3.2G

MemTotal:        4016004 kB
MemFree:          122340 kB
Active:           437040 kB
Mem:          3.8G       3.7G       118M       5.7M        28M       3.2G

MemTotal:        4016004 kB
MemFree:          132064 kB
Active:           437240 kB
Mem:          3.8G       3.7G       123M       5.7M        28M       3.2G

MemTotal:        4016004 kB
MemFree:          118800 kB
Active:           437384 kB
Mem:          3.8G       3.7G       115M       5.7M        28M       3.2G

MemTotal:        4016004 kB
MemFree:          112444 kB
Active:           437540 kB
Mem:          3.8G       3.7G       109M       5.7M        28M       3.2G

MemTotal:        4016004 kB
MemFree:          108756 kB
Active:           437944 kB
Mem:          3.8G       3.7G       105M       5.7M        28M       3.2G

MemTotal:        4016004 kB
MemFree:          111056 kB
Active:           438144 kB
Mem:          3.8G       3.7G       107M       5.7M        28M       3.2G

MemTotal:        4016004 kB
MemFree:          126404 kB
Active:           438204 kB
Mem:          3.8G       3.7G       122M       5.7M        28M       3.2G

MemTotal:        4016004 kB
MemFree:          135152 kB
Active:           438300 kB
Mem:          3.8G       3.7G       131M       5.7M        28M       3.2G

MemTotal:        4016004 kB
MemFree:          123444 kB
Active:           438556 kB
Mem:          3.8G       3.7G       119M       5.7M        28M       3.2G

MemTotal:        4016004 kB
MemFree:          129600 kB
Active:           438804 kB
Mem:          3.8G       3.7G       126M       5.7M        28M       3.2G

MemTotal:        4016004 kB
MemFree:          151988 kB
Active:           439016 kB
Mem:          3.8G       3.7G       147M       5.7M        28M       3.1G

MemTotal:        4016004 kB
MemFree:          123784 kB
Active:           439220 kB
Mem:          3.8G       3.7G       119M       5.7M        28M       3.2G

MemTotal:        4016004 kB
MemFree:          130888 kB
Active:           439384 kB
Mem:          3.8G       3.7G       127M       5.7M        28M       3.2G

MemTotal:        4016004 kB
MemFree:          126220 kB
Active:           439496 kB
Mem:          3.8G       3.7G       122M       5.7M        28M       3.2G

MemTotal:        4016004 kB
MemFree:          105828 kB
Active:           439612 kB
Mem:          3.8G       3.7G       103M       5.7M        28M       3.2G

MemTotal:        4016004 kB
MemFree:          109020 kB
Active:           439840 kB
Mem:          3.8G       3.7G       105M       5.7M        28M       3.2G

MemTotal:        4016004 kB
MemFree:          122744 kB
Active:           440048 kB
Mem:          3.8G       3.7G       119M       5.7M        28M       3.2G

MemTotal:        4016004 kB
MemFree:          107292 kB
Active:           440248 kB
Mem:          3.8G       3.7G       104M       5.7M        28M       3.2G

MemTotal:        4016004 kB
MemFree:          123492 kB
Active:           440412 kB
Mem:          3.8G       3.7G       120M       5.7M        28M       3.2G

MemTotal:        4016004 kB
MemFree:         2485992 kB
Active:           352772 kB
Mem:          3.8G       1.4G       2.4G       5.7M        28M       1.0G

MemTotal:        4016004 kB
MemFree:         3391036 kB
Active:           348016 kB
Mem:          3.8G       610M       3.2G       5.7M        28M       184M

MemTotal:        4016004 kB
MemFree:         3391532 kB
Active:           348008 kB
Mem:          3.8G       609M       3.2G       5.7M        28M       184M

MemTotal:        4016004 kB
MemFree:         3391780 kB
Active:           347984 kB
Mem:          3.8G       609M       3.2G       5.7M        28M       184M

MemTotal:        4016004 kB
MemFree:         3391904 kB
Active:           348008 kB
Mem:          3.8G       609M       3.2G       5.7M        28M       184M

MemTotal:        4016004 kB
MemFree:         3392284 kB
Active:           348024 kB
Mem:          3.8G       608M       3.2G       5.7M        28M       184M

MemTotal:        4016004 kB
MemFree:         3392036 kB
Active:           348032 kB
Mem:          3.8G       609M       3.2G       5.7M        28M       184M

MemTotal:        4016004 kB
MemFree:         3392284 kB
Active:           348040 kB
Mem:          3.8G       608M       3.2G       5.7M        28M       184M

MemTotal:        4016004 kB
MemFree:         3392284 kB
Active:           348044 kB
Mem:          3.8G       608M       3.2G       5.7M        28M       184M

MemTotal:        4016004 kB
MemFree:         3392780 kB
Active:           348028 kB
Mem:          3.8G       608M       3.2G       5.7M        28M       184M

MemTotal:        4016004 kB
MemFree:         3392780 kB
Active:           348004 kB
Mem:          3.8G       608M       3.2G       5.7M        28M       184M

MemTotal:        4016004 kB
MemFree:         3392656 kB
Active:           348000 kB
Mem:          3.8G       608M       3.2G       5.7M        28M       184M

MemTotal:        4016004 kB
MemFree:         3392532 kB
Active:           347992 kB
Mem:          3.8G       608M       3.2G       5.7M        28M       184M

MemTotal:        4016004 kB
MemFree:         3393028 kB
Active:           348004 kB
Mem:          3.8G       608M       3.2G       5.7M        28M       184M

MemTotal:        4016004 kB
MemFree:         3392532 kB
Active:           348028 kB
Mem:          3.8G       608M       3.2G       5.7M        28M       184M

MemTotal:        4016004 kB
MemFree:         3392656 kB
Active:           348004 kB
Mem:          3.8G       608M       3.2G       5.7M        28M       184M

MemTotal:        4016004 kB
MemFree:         3392532 kB
Active:           348020 kB
Mem:          3.8G       608M       3.2G       5.7M        28M       184M

MemTotal:        4016004 kB
MemFree:         3392656 kB
Active:           348000 kB
Mem:          3.8G       608M       3.2G       5.7M        28M       184M

MemTotal:        4016004 kB
MemFree:         3392284 kB
Active:           348056 kB
Mem:          3.8G       609M       3.2G       5.7M        28M       184M

MemTotal:        4016004 kB
MemFree:         3392408 kB
Active:           348024 kB
Mem:          3.8G       608M       3.2G       5.7M        28M       184M

MemTotal:        4016004 kB
MemFree:         3392408 kB
Active:           348016 kB
Mem:          3.8G       609M       3.2G       5.7M        28M       184M

MemTotal:        4016004 kB
MemFree:         3392780 kB
Active:           348048 kB
Mem:          3.8G       608M       3.2G       5.7M        28M       184M

MemTotal:        4016004 kB
MemFree:         3392656 kB
Active:           348052 kB
Mem:          3.8G       608M       3.2G       5.7M        28M       184M

MemTotal:        4016004 kB
MemFree:         3392780 kB
Active:           348028 kB
Mem:          3.8G       608M       3.2G       5.7M        28M       184M

MemTotal:        4016004 kB
MemFree:         3392904 kB
Active:           348032 kB
Mem:          3.8G       608M       3.2G       5.7M        28M       184M

MemTotal:        4016004 kB
MemFree:         3392780 kB
Active:           348052 kB
Mem:          3.8G       608M       3.2G       5.7M        28M       184M

MemTotal:        4016004 kB
MemFree:         3392408 kB
Active:           348076 kB
Mem:          3.8G       608M       3.2G       5.7M        28M       184M

MemTotal:        4016004 kB
MemFree:         3392284 kB
Active:           348076 kB
Mem:          3.8G       609M       3.2G       5.7M        28M       184M

MemTotal:        4016004 kB
MemFree:         3392284 kB
Active:           348048 kB
Mem:          3.8G       608M       3.2G       5.7M        28M       184M

MemTotal:        4016004 kB
MemFree:         3392284 kB
Active:           348060 kB
Mem:          3.8G       609M       3.2G       5.7M        28M       184M

MemTotal:        4016004 kB
MemFree:         3392284 kB
Active:           348076 kB
Mem:          3.8G       608M       3.2G       5.7M        28M       184M

MemTotal:        4016004 kB
MemFree:         3392524 kB
Active:           348064 kB
Mem:          3.8G       609M       3.2G       5.7M        28M       184M

MemTotal:        4016004 kB
MemFree:         3392400 kB
Active:           348028 kB
Mem:          3.8G       608M       3.2G       5.7M        28M       184M

MemTotal:        4016004 kB
MemFree:         3392772 kB
Active:           348044 kB
Mem:          3.8G       608M       3.2G       5.7M        28M       184M

MemTotal:        4016004 kB
MemFree:         3392772 kB
Active:           348028 kB
Mem:          3.8G       608M       3.2G       5.7M        28M       184M

MemTotal:        4016004 kB
MemFree:         3392276 kB
Active:           348080 kB
Mem:          3.8G       609M       3.2G       5.7M        28M       184M

MemTotal:        4016004 kB
MemFree:         3392508 kB
Active:           348028 kB
Mem:          3.8G       608M       3.2G       5.7M        28M       184M

MemTotal:        4016004 kB
MemFree:         3392136 kB
Active:           348072 kB
Mem:          3.8G       609M       3.2G       5.7M        28M       184M

MemTotal:        4016004 kB
MemFree:         3392136 kB
Active:           348044 kB
Mem:          3.8G       609M       3.2G       5.7M        28M       184M

MemTotal:        4016004 kB
MemFree:         3392136 kB
Active:           348088 kB
Mem:          3.8G       609M       3.2G       5.7M        28M       184M

MemTotal:        4016004 kB
MemFree:         3392368 kB
Active:           348088 kB
Mem:          3.8G       609M       3.2G       5.7M        28M       184M

MemTotal:        4016004 kB
MemFree:         3392244 kB
Active:           348056 kB
Mem:          3.8G       609M       3.2G       5.7M        28M       184M

MemTotal:        4016004 kB
MemFree:         3392632 kB
Active:           348092 kB
Mem:          3.8G       608M       3.2G       5.7M        28M       184M

MemTotal:        4016004 kB
MemFree:         3393020 kB
Active:           348076 kB
Mem:          3.8G       608M       3.2G       5.7M        28M       184M

MemTotal:        4016004 kB
MemFree:         3392524 kB
Active:           348096 kB
Mem:          3.8G       608M       3.2G       5.7M        28M       184M

MemTotal:        4016004 kB
MemFree:         3392896 kB
Active:           348060 kB
Mem:          3.8G       608M       3.2G       5.7M        28M       184M

MemTotal:        4016004 kB
MemFree:         3392896 kB
Active:           348052 kB
Mem:          3.8G       608M       3.2G       5.7M        28M       184M

MemTotal:        4016004 kB
MemFree:         3392772 kB
Active:           348084 kB
Mem:          3.8G       608M       3.2G       5.7M        28M       184M

MemTotal:        4016004 kB
MemFree:         3392648 kB
Active:           348056 kB
Mem:          3.8G       608M       3.2G       5.7M        28M       184M

MemTotal:        4016004 kB
MemFree:         3392648 kB
Active:           348076 kB
Mem:          3.8G       608M       3.2G       5.7M        28M       184M

MemTotal:        4016004 kB
MemFree:         3392772 kB
Active:           348060 kB
Mem:          3.8G       608M       3.2G       5.7M        28M       184M

MemTotal:        4016004 kB
MemFree:         3392648 kB
Active:           348072 kB
Mem:          3.8G       608M       3.2G       5.7M        28M       184M

MemTotal:        4016004 kB
MemFree:         3392772 kB
Active:           348072 kB
Mem:          3.8G       608M       3.2G       5.7M        28M       184M

MemTotal:        4016004 kB
MemFree:         3392524 kB
Active:           348104 kB
Mem:          3.8G       609M       3.2G       5.7M        28M       184M

MemTotal:        4016004 kB
MemFree:         3392648 kB
Active:           348100 kB
Mem:          3.8G       608M       3.2G       5.7M        28M       184M

MemTotal:        4016004 kB
MemFree:         3392524 kB
Active:           348120 kB
Mem:          3.8G       608M       3.2G       5.7M        28M       184M

MemTotal:        4016004 kB
MemFree:         3392524 kB
Active:           348104 kB
Mem:          3.8G       608M       3.2G       5.7M        28M       184M

MemTotal:        4016004 kB
MemFree:         3392524 kB
Active:           348108 kB
Mem:          3.8G       608M       3.2G       5.7M        28M       184M

MemTotal:        4016004 kB
MemFree:         3392648 kB
Active:           348088 kB
Mem:          3.8G       608M       3.2G       5.7M        28M       184M

MemTotal:        4016004 kB
MemFree:         3392772 kB
Active:           348096 kB
Mem:          3.8G       608M       3.2G       5.7M        28M       184M

MemTotal:        4016004 kB
MemFree:         3392400 kB
Active:           348116 kB
Mem:          3.8G       608M       3.2G       5.7M        28M       184M

MemTotal:        4016004 kB
MemFree:         3392524 kB
Active:           348128 kB
Mem:          3.8G       609M       3.2G       5.7M        28M       184M

MemTotal:        4016004 kB
MemFree:         3392524 kB
Active:           348104 kB
Mem:          3.8G       609M       3.2G       5.7M        28M       184M

MemTotal:        4016004 kB
MemFree:         3392400 kB
Active:           348108 kB
Mem:          3.8G       609M       3.2G       5.7M        28M       184M

MemTotal:        4016004 kB
MemFree:         3392772 kB
Active:           348128 kB
Mem:          3.8G       608M       3.2G       5.7M        28M       184M

MemTotal:        4016004 kB
MemFree:         3392896 kB
Active:           348100 kB
Mem:          3.8G       608M       3.2G       5.7M        28M       184M

MemTotal:        4016004 kB
MemFree:         3392896 kB
Active:           348136 kB
Mem:          3.8G       608M       3.2G       5.7M        28M       184M

MemTotal:        4016004 kB
MemFree:         3392896 kB
Active:           348104 kB
