MemTotal:        4016004 kB
MemFree:         3241928 kB
Active:           416384 kB
Mem:          3.8G       756M       3.1G       5.7M        54M       315M

MemTotal:        4016004 kB
MemFree:         3241448 kB
Active:           416456 kB
Mem:          3.8G       756M       3.1G       5.7M        54M       315M

MemTotal:        4016004 kB
MemFree:         3240564 kB
Active:           416588 kB
Mem:          3.8G       757M       3.1G       5.7M        54M       315M

MemTotal:        4016004 kB
MemFree:         3240796 kB
Active:           416536 kB
Mem:          3.8G       756M       3.1G       5.7M        54M       315M

MemTotal:        4016004 kB
MemFree:         3240656 kB
Active:           416536 kB
Mem:          3.8G       757M       3.1G       5.7M        54M       315M

MemTotal:        4016004 kB
MemFree:         3240656 kB
Active:           416584 kB
Mem:          3.8G       757M       3.1G       5.7M        54M       315M

MemTotal:        4016004 kB
MemFree:         3240144 kB
Active:           416596 kB
Mem:          3.8G       757M       3.1G       5.7M        54M       315M

MemTotal:        4016004 kB
MemFree:         3240500 kB
Active:           416540 kB
Mem:          3.8G       757M       3.1G       5.7M        54M       315M

MemTotal:        4016004 kB
MemFree:         3240484 kB
Active:           416596 kB
Mem:          3.8G       757M       3.1G       5.7M        54M       315M

MemTotal:        4016004 kB
MemFree:         3241228 kB
Active:           416568 kB
Mem:          3.8G       756M       3.1G       5.7M        54M       315M

MemTotal:        4016004 kB
MemFree:         3240856 kB
Active:           416596 kB
Mem:          3.8G       756M       3.1G       5.7M        54M       315M

MemTotal:        4016004 kB
MemFree:         3241584 kB
Active:           416540 kB
Mem:          3.8G       756M       3.1G       5.7M        54M       315M

MemTotal:        4016004 kB
MemFree:         3241088 kB
Active:           416596 kB
Mem:          3.8G       756M       3.1G       5.7M        54M       315M

MemTotal:        4016004 kB
MemFree:         3241212 kB
Active:           416596 kB
Mem:          3.8G       756M       3.1G       5.7M        54M       315M

MemTotal:        4016004 kB
MemFree:         3241320 kB
Active:           416580 kB
Mem:          3.8G       756M       3.1G       5.7M        54M       315M

MemTotal:        4016004 kB
MemFree:         3243412 kB
Active:           414564 kB
Mem:          3.8G       754M       3.1G       5.7M        54M       315M

MemTotal:        4016004 kB
MemFree:         3241272 kB
Active:           414576 kB
Mem:          3.8G       756M       3.1G       5.7M        54M       315M

MemTotal:        4016004 kB
MemFree:         3241024 kB
Active:           416604 kB
Mem:          3.8G       756M       3.1G       5.7M        54M       315M

MemTotal:        4016004 kB
MemFree:         3241024 kB
Active:           416576 kB
Mem:          3.8G       756M       3.1G       5.7M        54M       315M

MemTotal:        4016004 kB
MemFree:         3241024 kB
Active:           416604 kB
Mem:          3.8G       756M       3.1G       5.7M        54M       315M

MemTotal:        4016004 kB
MemFree:         3241024 kB
Active:           416596 kB
Mem:          3.8G       756M       3.1G       5.7M        54M       315M

MemTotal:        4016004 kB
MemFree:         3241024 kB
Active:           416600 kB
Mem:          3.8G       757M       3.1G       5.7M        54M       315M

MemTotal:        4016004 kB
MemFree:         3240528 kB
Active:           416612 kB
Mem:          3.8G       757M       3.1G       5.7M        54M       315M

MemTotal:        4016004 kB
MemFree:         3241048 kB
Active:           416608 kB
Mem:          3.8G       757M       3.1G       5.7M        54M       315M

MemTotal:        4016004 kB
MemFree:         3241032 kB
Active:           416576 kB
Mem:          3.8G       756M       3.1G       5.7M        54M       315M

MemTotal:        4016004 kB
MemFree:         3241388 kB
Active:           416572 kB
Mem:          3.8G       756M       3.1G       5.7M        54M       315M

MemTotal:        4016004 kB
MemFree:         3240892 kB
Active:           416612 kB
Mem:          3.8G       756M       3.1G       5.7M        54M       315M

MemTotal:        4016004 kB
MemFree:         3241248 kB
Active:           416556 kB
Mem:          3.8G       756M       3.1G       5.7M        54M       315M

MemTotal:        4016004 kB
MemFree:         3241356 kB
Active:           416616 kB
Mem:          3.8G       756M       3.1G       5.7M        54M       316M

MemTotal:        4016004 kB
MemFree:         3241232 kB
Active:           416608 kB
Mem:          3.8G       756M       3.1G       5.7M        54M       316M

MemTotal:        4016004 kB
MemFree:         3240984 kB
Active:           416624 kB
Mem:          3.8G       756M       3.1G       5.7M        54M       316M

MemTotal:        4016004 kB
MemFree:         3241092 kB
Active:           416612 kB
Mem:          3.8G       756M       3.1G       5.7M        54M       316M

MemTotal:        4016004 kB
MemFree:         3240704 kB
Active:           416624 kB
Mem:          3.8G       756M       3.1G       5.7M        54M       316M

MemTotal:        4016004 kB
MemFree:         3241200 kB
Active:           416580 kB
Mem:          3.8G       756M       3.1G       5.7M        54M       315M

MemTotal:        4016004 kB
MemFree:         3241200 kB
Active:           416592 kB
Mem:          3.8G       756M       3.1G       5.7M        54M       316M

MemTotal:        4016004 kB
MemFree:         3241200 kB
Active:           416596 kB
Mem:          3.8G       756M       3.1G       5.7M        54M       316M

MemTotal:        4016004 kB
MemFree:         3240828 kB
Active:           416604 kB
Mem:          3.8G       757M       3.1G       5.7M        54M       316M

MemTotal:        4016004 kB
MemFree:         3240704 kB
Active:           416632 kB
Mem:          3.8G       757M       3.1G       5.7M        54M       316M

MemTotal:        4016004 kB
MemFree:         3240768 kB
Active:           416592 kB
Mem:          3.8G       757M       3.1G       5.7M        54M       316M

MemTotal:        4016004 kB
MemFree:         3240892 kB
Active:           416584 kB
Mem:          3.8G       756M       3.1G       5.7M        54M       316M

MemTotal:        4016004 kB
MemFree:         3240892 kB
Active:           416620 kB
Mem:          3.8G       756M       3.1G       5.7M        54M       316M

MemTotal:        4016004 kB
MemFree:         3240768 kB
Active:           416640 kB
Mem:          3.8G       756M       3.1G       5.7M        54M       316M

MemTotal:        4016004 kB
MemFree:         3241140 kB
Active:           416624 kB
Mem:          3.8G       756M       3.1G       5.7M        54M       316M

MemTotal:        4016004 kB
MemFree:         3241016 kB
Active:           416640 kB
Mem:          3.8G       756M       3.1G       5.7M        54M       316M

MemTotal:        4016004 kB
MemFree:         3241140 kB
Active:           416596 kB
Mem:          3.8G       756M       3.1G       5.7M        54M       316M

MemTotal:        4016004 kB
MemFree:         3241264 kB
Active:           416596 kB
Mem:          3.8G       756M       3.1G       5.7M        54M       316M

MemTotal:        4016004 kB
MemFree:         3241512 kB
Active:           416616 kB
Mem:          3.8G       756M       3.1G       5.7M        54M       316M

MemTotal:        4016004 kB
MemFree:         3241016 kB
Active:           416648 kB
Mem:          3.8G       756M       3.1G       5.7M        54M       316M

MemTotal:        4016004 kB
MemFree:         3241264 kB
Active:           416640 kB
Mem:          3.8G       756M       3.1G       5.7M        54M       316M

MemTotal:        4016004 kB
MemFree:         3241264 kB
Active:           416656 kB
Mem:          3.8G       756M       3.1G       5.7M        54M       316M

MemTotal:        4016004 kB
MemFree:         3240876 kB
Active:           416660 kB
Mem:          3.8G       757M       3.1G       5.7M        54M       316M

MemTotal:        4016004 kB
MemFree:         3240752 kB
Active:           416612 kB
Mem:          3.8G       757M       3.1G       5.7M        54M       316M

MemTotal:        4016004 kB
MemFree:         3240612 kB
Active:           416680 kB
Mem:          3.8G       757M       3.1G       5.7M        54M       316M

MemTotal:        4016004 kB
MemFree:         3240924 kB
Active:           416644 kB
Mem:          3.8G       756M       3.1G       5.7M        54M       316M

MemTotal:        4016004 kB
MemFree:         3241172 kB
Active:           416664 kB
Mem:          3.8G       756M       3.1G       5.7M        54M       316M

MemTotal:        4016004 kB
MemFree:         3241048 kB
Active:           416656 kB
Mem:          3.8G       756M       3.1G       5.7M        54M       316M

MemTotal:        4016004 kB
MemFree:         3239000 kB
Active:           416664 kB
Mem:          3.8G       759M       3.1G       5.7M        54M       316M

MemTotal:        4016004 kB
MemFree:         3239000 kB
Active:           418664 kB
Mem:          3.8G       758M       3.1G       5.7M        54M       316M

MemTotal:        4016004 kB
MemFree:         3239124 kB
Active:           418696 kB
Mem:          3.8G       758M       3.1G       5.7M        54M       316M

MemTotal:        4016004 kB
MemFree:         3239372 kB
Active:           418676 kB
Mem:          3.8G       758M       3.1G       5.7M        54M       316M

MemTotal:        4016004 kB
MemFree:         3238876 kB
Active:           418816 kB
Mem:          3.8G       758M       3.1G       5.7M        54M       316M

MemTotal:        4016004 kB
MemFree:         3124644 kB
Active:           419560 kB
Mem:          3.8G       873M       3.0G       5.7M        54M       427M

MemTotal:        4016004 kB
MemFree:         3011176 kB
Active:           419588 kB
Mem:          3.8G       982M       2.9G       5.7M        54M       535M

MemTotal:        4016004 kB
MemFree:         2893616 kB
Active:           419588 kB
Mem:          3.8G       1.1G       2.8G       5.7M        54M       650M

MemTotal:        4016004 kB
MemFree:         2882388 kB
Active:           419628 kB
Mem:          3.8G       1.1G       2.7G       5.7M        54M       657M

MemTotal:        4016004 kB
MemFree:         2830540 kB
Active:           419640 kB
Mem:          3.8G       1.1G       2.7G       5.7M        54M       710M

MemTotal:        4016004 kB
MemFree:         2781784 kB
Active:           417644 kB
Mem:          3.8G       1.2G       2.7G       5.7M        54M       754M

MemTotal:        4016004 kB
MemFree:         2745004 kB
Active:           419628 kB
Mem:          3.8G       1.2G       2.6G       5.7M        54M       790M

MemTotal:        4016004 kB
MemFree:         2684612 kB
Active:           419640 kB
Mem:          3.8G       1.3G       2.6G       5.7M        54M       848M

MemTotal:        4016004 kB
MemFree:         2682820 kB
Active:           419660 kB
Mem:          3.8G       1.3G       2.6G       5.7M        54M       849M

MemTotal:        4016004 kB
MemFree:         2681764 kB
Active:           419624 kB
Mem:          3.8G       1.3G       2.6G       5.7M        54M       849M

MemTotal:        4016004 kB
MemFree:         2680588 kB
Active:           419672 kB
Mem:          3.8G       1.3G       2.6G       5.7M        54M       850M

MemTotal:        4016004 kB
MemFree:         2604776 kB
Active:           419692 kB
Mem:          3.8G       1.3G       2.5G       5.7M        54M       924M

MemTotal:        4016004 kB
MemFree:         2566352 kB
Active:           419672 kB
Mem:          3.8G       1.4G       2.4G       5.7M        54M       963M

MemTotal:        4016004 kB
MemFree:         2432004 kB
Active:           419648 kB
Mem:          3.8G       1.5G       2.3G       5.7M        54M       1.1G

MemTotal:        4016004 kB
MemFree:         2329728 kB
Active:           419704 kB
Mem:          3.8G       1.6G       2.2G       5.7M        54M       1.2G

MemTotal:        4016004 kB
MemFree:         2328176 kB
Active:           419692 kB
Mem:          3.8G       1.6G       2.2G       5.7M        54M       1.2G

MemTotal:        4016004 kB
MemFree:         2230272 kB
Active:           419712 kB
Mem:          3.8G       1.7G       2.1G       5.7M        54M       1.3G

MemTotal:        4016004 kB
MemFree:         2229372 kB
Active:           419712 kB
Mem:          3.8G       1.7G       2.1G       5.7M        54M       1.3G

MemTotal:        4016004 kB
MemFree:         2157356 kB
Active:           419732 kB
Mem:          3.8G       1.8G       2.1G       5.7M        54M       1.3G

MemTotal:        4016004 kB
MemFree:         2128536 kB
Active:           419680 kB
Mem:          3.8G       1.8G       2.0G       5.7M        54M       1.4G

MemTotal:        4016004 kB
MemFree:         2081756 kB
Active:           419700 kB
Mem:          3.8G       1.8G       2.0G       5.7M        54M       1.4G

MemTotal:        4016004 kB
MemFree:         2029792 kB
Active:           419732 kB
Mem:          3.8G       1.9G       1.9G       5.7M        55M       1.4G

MemTotal:        4016004 kB
MemFree:         2028372 kB
Active:           419724 kB
Mem:          3.8G       1.9G       1.9G       5.7M        55M       1.4G

MemTotal:        4016004 kB
MemFree:         2028156 kB
Active:           419748 kB
Mem:          3.8G       1.9G       1.9G       5.7M        55M       1.4G

MemTotal:        4016004 kB
MemFree:         2028160 kB
Active:           419732 kB
Mem:          3.8G       1.9G       1.9G       5.7M        55M       1.4G

MemTotal:        4016004 kB
MemFree:         2002124 kB
Active:           417860 kB
Mem:          3.8G       1.9G       1.9G       5.7M        55M       1.5G

MemTotal:        4016004 kB
MemFree:         1865204 kB
Active:           419752 kB
Mem:          3.8G       2.1G       1.8G       5.7M        55M       1.6G

MemTotal:        4016004 kB
MemFree:         1737444 kB
Active:           419776 kB
Mem:          3.8G       2.2G       1.7G       5.7M        55M       1.7G

MemTotal:        4016004 kB
MemFree:         1676432 kB
Active:           419768 kB
Mem:          3.8G       2.2G       1.6G       5.7M        55M       1.8G

MemTotal:        4016004 kB
MemFree:         1647508 kB
Active:           419780 kB
Mem:          3.8G       2.3G       1.6G       5.7M        55M       1.8G

MemTotal:        4016004 kB
MemFree:         1577160 kB
Active:           419800 kB
Mem:          3.8G       2.3G       1.5G       5.7M        55M       1.9G

MemTotal:        4016004 kB
MemFree:         1554888 kB
Active:           419780 kB
Mem:          3.8G       2.3G       1.5G       5.7M        55M       1.9G

MemTotal:        4016004 kB
MemFree:         1476684 kB
Active:           419800 kB
Mem:          3.8G       2.4G       1.4G       5.7M        55M       2.0G

MemTotal:        4016004 kB
MemFree:         1476216 kB
Active:           419796 kB
Mem:          3.8G       2.4G       1.4G       5.7M        55M       2.0G

MemTotal:        4016004 kB
MemFree:         1475068 kB
Active:           419780 kB
Mem:          3.8G       2.4G       1.4G       5.7M        55M       2.0G

MemTotal:        4016004 kB
MemFree:         1472648 kB
Active:           419788 kB
Mem:          3.8G       2.4G       1.4G       5.7M        55M       2.0G

MemTotal:        4016004 kB
MemFree:         1471876 kB
Active:           419800 kB
Mem:          3.8G       2.4G       1.4G       5.7M        55M       2.0G

MemTotal:        4016004 kB
MemFree:         1380292 kB
Active:           419816 kB
Mem:          3.8G       2.5G       1.3G       5.7M        55M       2.1G

MemTotal:        4016004 kB
MemFree:         1256376 kB
Active:           419780 kB
Mem:          3.8G       2.6G       1.2G       5.7M        55M       2.2G

MemTotal:        4016004 kB
MemFree:         1129376 kB
Active:           419816 kB
Mem:          3.8G       2.8G       1.1G       5.7M        55M       2.3G

MemTotal:        4016004 kB
MemFree:         1123624 kB
Active:           419824 kB
Mem:          3.8G       2.8G       1.1G       5.7M        55M       2.3G

MemTotal:        4016004 kB
MemFree:         1031936 kB
Active:           419804 kB
Mem:          3.8G       2.8G       1.0G       5.7M        55M       2.4G

MemTotal:        4016004 kB
MemFree:         1006512 kB
Active:           419816 kB
Mem:          3.8G       2.9G       981M       5.7M        55M       2.4G

MemTotal:        4016004 kB
MemFree:          958708 kB
Active:           419852 kB
Mem:          3.8G       2.9G       934M       5.7M        55M       2.5G

MemTotal:        4016004 kB
MemFree:          922408 kB
Active:           419860 kB
Mem:          3.8G       3.0G       900M       5.7M        55M       2.5G

MemTotal:        4016004 kB
MemFree:          921576 kB
Active:           419856 kB
Mem:          3.8G       3.0G       899M       5.7M        55M       2.5G

MemTotal:        4016004 kB
MemFree:          829704 kB
Active:           419848 kB
Mem:          3.8G       3.0G       808M       5.7M        55M       2.6G

MemTotal:        4016004 kB
MemFree:          751120 kB
Active:           419868 kB
Mem:          3.8G       3.1G       733M       5.7M        55M       2.6G

MemTotal:        4016004 kB
MemFree:          750640 kB
Active:           419892 kB
Mem:          3.8G       3.1G       732M       5.7M        55M       2.6G

MemTotal:        4016004 kB
MemFree:          749928 kB
Active:           419872 kB
Mem:          3.8G       3.1G       732M       5.7M        55M       2.6G

MemTotal:        4016004 kB
MemFree:          690008 kB
Active:           419876 kB
Mem:          3.8G       3.2G       671M       5.7M        55M       2.7G

MemTotal:        4016004 kB
MemFree:          570724 kB
Active:           419896 kB
Mem:          3.8G       3.3G       557M       5.7M        55M       2.8G

MemTotal:        4016004 kB
MemFree:          569484 kB
Active:           419896 kB
Mem:          3.8G       3.3G       556M       5.7M        55M       2.8G

MemTotal:        4016004 kB
MemFree:          471608 kB
Active:           419916 kB
Mem:          3.8G       3.4G       460M       5.7M        55M       2.9G

MemTotal:        4016004 kB
MemFree:          470344 kB
Active:           419936 kB
Mem:          3.8G       3.4G       458M       5.7M        55M       2.9G

MemTotal:        4016004 kB
MemFree:          470532 kB
Active:           419936 kB
Mem:          3.8G       3.4G       459M       5.7M        55M       2.9G

MemTotal:        4016004 kB
MemFree:          470444 kB
Active:           419956 kB
Mem:          3.8G       3.4G       459M       5.7M        55M       2.9G

MemTotal:        4016004 kB
MemFree:          468652 kB
Active:           419936 kB
Mem:          3.8G       3.4G       457M       5.7M        55M       2.9G

MemTotal:        4016004 kB
MemFree:          367772 kB
Active:           419960 kB
Mem:          3.8G       3.5G       358M       5.7M        55M       3.0G

MemTotal:        4016004 kB
MemFree:          253312 kB
Active:           419944 kB
Mem:          3.8G       3.6G       245M       5.7M        55M       3.1G

MemTotal:        4016004 kB
MemFree:          136372 kB
Active:           419916 kB
Mem:          3.8G       3.7G       130M       5.7M        55M       3.2G

MemTotal:        4016004 kB
MemFree:          117876 kB
Active:           419972 kB
Mem:          3.8G       3.7G       115M       5.7M        55M       3.2G

MemTotal:        4016004 kB
MemFree:          131192 kB
Active:           430900 kB
Mem:          3.8G       3.7G       108M       5.7M        19M       3.3G

MemTotal:        4016004 kB
MemFree:          110456 kB
Active:           476796 kB
Mem:          3.8G       3.7G       106M       5.7M        19M       3.3G

MemTotal:        4016004 kB
MemFree:          134996 kB
Active:           469088 kB
Mem:          3.8G       3.7G       130M       5.7M        19M       3.3G

MemTotal:        4016004 kB
MemFree:          117788 kB
Active:           465108 kB
Mem:          3.8G       3.7G       115M       5.7M        19M       3.3G

MemTotal:        4016004 kB
MemFree:          116688 kB
Active:           465116 kB
Mem:          3.8G       3.7G       113M       5.7M        19M       3.3G

MemTotal:        4016004 kB
MemFree:          114100 kB
Active:           465136 kB
Mem:          3.8G       3.7G       111M       5.7M        19M       3.3G

MemTotal:        4016004 kB
MemFree:          113740 kB
Active:           465136 kB
Mem:          3.8G       3.7G       110M       5.7M        19M       3.3G

MemTotal:        4016004 kB
MemFree:          108532 kB
Active:           465140 kB
Mem:          3.8G       3.7G       103M       5.7M        19M       3.3G

MemTotal:        4016004 kB
MemFree:          131560 kB
Active:           450600 kB
Mem:          3.8G       3.7G       126M       5.7M        19M       3.3G

MemTotal:        4016004 kB
MemFree:          132400 kB
Active:           435624 kB
Mem:          3.8G       3.7G       125M       5.7M        19M       3.3G

MemTotal:        4016004 kB
MemFree:          148156 kB
Active:           426280 kB
Mem:          3.8G       3.7G       144M       5.7M        19M       3.2G

MemTotal:        4016004 kB
MemFree:          136528 kB
Active:           421672 kB
Mem:          3.8G       3.7G       132M       5.7M        19M       3.3G

MemTotal:        4016004 kB
MemFree:          132788 kB
Active:           420852 kB
Mem:          3.8G       3.7G       129M       5.7M        19M       3.3G

MemTotal:        4016004 kB
MemFree:          114184 kB
Active:           417416 kB
Mem:          3.8G       3.7G       109M       5.7M        19M       3.3G

MemTotal:        4016004 kB
MemFree:          134208 kB
Active:           416136 kB
Mem:          3.8G       3.7G       130M       5.7M        19M       3.3G

MemTotal:        4016004 kB
MemFree:          144512 kB
Active:           415496 kB
Mem:          3.8G       3.7G       140M       5.7M        19M       3.2G

MemTotal:        4016004 kB
MemFree:          143872 kB
Active:           415344 kB
Mem:          3.8G       3.7G       140M       5.7M        19M       3.2G

MemTotal:        4016004 kB
MemFree:          143020 kB
Active:           415364 kB
Mem:          3.8G       3.7G       139M       5.7M        19M       3.2G

MemTotal:        4016004 kB
MemFree:          141556 kB
Active:           415380 kB
Mem:          3.8G       3.7G       138M       5.7M        19M       3.3G

MemTotal:        4016004 kB
MemFree:          140320 kB
Active:           415392 kB
Mem:          3.8G       3.7G       137M       5.7M        19M       3.3G

MemTotal:        4016004 kB
MemFree:          121516 kB
Active:           413192 kB
Mem:          3.8G       3.7G       118M       5.7M        19M       3.3G

MemTotal:        4016004 kB
MemFree:          129308 kB
Active:           408864 kB
Mem:          3.8G       3.7G       126M       5.7M        19M       3.3G

MemTotal:        4016004 kB
MemFree:          130000 kB
Active:           407536 kB
Mem:          3.8G       3.7G       128M       5.7M        19M       3.3G

MemTotal:        4016004 kB
MemFree:          129128 kB
Active:           404492 kB
Mem:          3.8G       3.7G       126M       5.7M        19M       3.3G

MemTotal:        4016004 kB
MemFree:          142344 kB
Active:           401640 kB
Mem:          3.8G       3.7G       138M       5.7M        19M       3.2G

MemTotal:        4016004 kB
MemFree:          126876 kB
Active:           401508 kB
Mem:          3.8G       3.7G       122M       5.7M        19M       3.3G

MemTotal:        4016004 kB
MemFree:          150088 kB
Active:           398932 kB
Mem:          3.8G       3.7G       146M       5.7M        19M       3.2G

MemTotal:        4016004 kB
MemFree:          117388 kB
Active:           398972 kB
Mem:          3.8G       3.7G       112M       5.7M        19M       3.3G

MemTotal:        4016004 kB
MemFree:          149596 kB
Active:           393464 kB
Mem:          3.8G       3.7G       146M       5.7M        19M       3.2G

MemTotal:        4016004 kB
MemFree:          148836 kB
Active:           393340 kB
Mem:          3.8G       3.7G       145M       5.7M        19M       3.2G

MemTotal:        4016004 kB
MemFree:          147816 kB
Active:           393336 kB
Mem:          3.8G       3.7G       144M       5.7M        19M       3.2G

MemTotal:        4016004 kB
MemFree:          147760 kB
Active:           393324 kB
Mem:          3.8G       3.7G       144M       5.7M        19M       3.2G

MemTotal:        4016004 kB
MemFree:          126012 kB
Active:           391180 kB
Mem:          3.8G       3.7G       120M       5.7M        19M       3.3G

MemTotal:        4016004 kB
MemFree:          117432 kB
Active:           387616 kB
Mem:          3.8G       3.7G       124M       5.7M        19M       3.3G

MemTotal:        4016004 kB
MemFree:          127132 kB
Active:           386464 kB
Mem:          3.8G       3.7G       121M       5.7M        19M       3.3G

MemTotal:        4016004 kB
MemFree:          107008 kB
Active:           385184 kB
Mem:          3.8G       3.7G       104M       5.7M        19M       3.3G

MemTotal:        4016004 kB
MemFree:          134316 kB
Active:           382496 kB
Mem:          3.8G       3.7G       130M       5.7M        19M       3.3G

MemTotal:        4016004 kB
MemFree:          120456 kB
Active:           382364 kB
Mem:          3.8G       3.7G       117M       5.7M        19M       3.3G

MemTotal:        4016004 kB
MemFree:          142616 kB
Active:           379432 kB
Mem:          3.8G       3.7G       139M       5.7M        19M       3.2G

MemTotal:        4016004 kB
MemFree:          107928 kB
Active:           379384 kB
Mem:          3.8G       3.7G       102M       5.7M        19M       3.3G

MemTotal:        4016004 kB
MemFree:          117204 kB
Active:           378164 kB
Mem:          3.8G       3.7G       114M       5.7M        19M       3.3G

MemTotal:        4016004 kB
MemFree:          115924 kB
Active:           378184 kB
Mem:          3.8G       3.7G       113M       5.7M        19M       3.3G

MemTotal:        4016004 kB
MemFree:          115928 kB
Active:           378156 kB
Mem:          3.8G       3.7G       113M       5.7M        19M       3.3G

MemTotal:        4016004 kB
MemFree:          115700 kB
Active:           378188 kB
Mem:          3.8G       3.7G       113M       5.7M        19M       3.3G

MemTotal:        4016004 kB
MemFree:          124920 kB
Active:           377676 kB
Mem:          3.8G       3.7G       120M       5.7M        19M       3.3G

MemTotal:        4016004 kB
MemFree:          130988 kB
Active:           373716 kB
Mem:          3.8G       3.7G       125M       5.7M        19M       3.3G

MemTotal:        4016004 kB
MemFree:          135288 kB
Active:           368724 kB
Mem:          3.8G       3.7G       140M       5.7M        19M       3.2G

MemTotal:        4016004 kB
MemFree:          137768 kB
Active:           366428 kB
Mem:          3.8G       3.7G       134M       5.7M        19M       3.3G

MemTotal:        4016004 kB
MemFree:          122264 kB
Active:           365752 kB
Mem:          3.8G       3.7G       123M       5.7M        19M       3.3G

MemTotal:        4016004 kB
MemFree:          130332 kB
Active:           364120 kB
Mem:          3.8G       3.7G       127M       5.7M        19M       3.3G

MemTotal:        4016004 kB
MemFree:          129040 kB
Active:           363692 kB
Mem:          3.8G       3.7G       126M       5.7M        19M       3.3G

MemTotal:        4016004 kB
MemFree:          107200 kB
Active:           363712 kB
Mem:          3.8G       3.7G       112M       5.7M        19M       3.3G

MemTotal:        4016004 kB
MemFree:          127744 kB
Active:           363484 kB
Mem:          3.8G       3.7G       124M       5.7M        19M       3.3G

MemTotal:        4016004 kB
MemFree:          127528 kB
Active:           363468 kB
Mem:          3.8G       3.7G       124M       5.7M        20M       3.3G

MemTotal:        4016004 kB
MemFree:          125808 kB
Active:           363476 kB
Mem:          3.8G       3.7G       123M       5.7M        20M       3.3G

MemTotal:        4016004 kB
MemFree:          125088 kB
Active:           363536 kB
Mem:          3.8G       3.7G       121M       5.7M        20M       3.3G

MemTotal:        4016004 kB
MemFree:          134640 kB
Active:           363520 kB
Mem:          3.8G       3.7G       129M       5.7M        20M       3.3G

MemTotal:        4016004 kB
MemFree:          129196 kB
Active:           362804 kB
Mem:          3.8G       3.7G       124M       5.7M        20M       3.3G

MemTotal:        4016004 kB
MemFree:          129760 kB
Active:           362768 kB
Mem:          3.8G       3.7G       122M       5.7M        20M       3.3G

MemTotal:        4016004 kB
MemFree:          137516 kB
Active:           362772 kB
Mem:          3.8G       3.7G       133M       5.7M        20M       3.3G

MemTotal:        4016004 kB
MemFree:          123628 kB
Active:           362772 kB
Mem:          3.8G       3.7G       119M       5.7M        20M       3.3G

MemTotal:        4016004 kB
MemFree:          134432 kB
Active:           360492 kB
Mem:          3.8G       3.7G       131M       5.7M        20M       3.3G

MemTotal:        4016004 kB
MemFree:          128660 kB
Active:           359684 kB
Mem:          3.8G       3.7G       124M       5.7M        20M       3.3G

MemTotal:        4016004 kB
MemFree:          134580 kB
Active:           359556 kB
Mem:          3.8G       3.7G       131M       5.7M        20M       3.2G

MemTotal:        4016004 kB
MemFree:          139580 kB
Active:           361720 kB
Mem:          3.8G       3.7G       136M       5.7M        20M       3.2G

MemTotal:        4016004 kB
MemFree:          118516 kB
Active:           361592 kB
Mem:          3.8G       3.7G       113M       5.7M        20M       3.3G

MemTotal:        4016004 kB
MemFree:          135444 kB
Active:           361612 kB
Mem:          3.8G       3.7G       132M       5.7M        20M       3.2G

MemTotal:        4016004 kB
MemFree:          135136 kB
Active:           361632 kB
Mem:          3.8G       3.7G       132M       5.7M        20M       3.2G

MemTotal:        4016004 kB
MemFree:          135232 kB
Active:           361600 kB
Mem:          3.8G       3.7G       132M       5.7M        20M       3.2G

MemTotal:        4016004 kB
MemFree:          133776 kB
Active:           361624 kB
Mem:          3.8G       3.7G       130M       5.7M        20M       3.3G

MemTotal:        4016004 kB
MemFree:          132084 kB
Active:           361616 kB
Mem:          3.8G       3.7G       126M       5.7M        20M       3.3G

MemTotal:        4016004 kB
MemFree:          138848 kB
Active:           361592 kB
Mem:          3.8G       3.7G       134M       5.7M        20M       3.2G

MemTotal:        4016004 kB
MemFree:          130820 kB
Active:           361032 kB
Mem:          3.8G       3.7G       127M       5.7M        20M       3.3G

MemTotal:        4016004 kB
MemFree:          144088 kB
Active:           360580 kB
Mem:          3.8G       3.7G       140M       5.7M        20M       3.2G

MemTotal:        4016004 kB
MemFree:          138440 kB
Active:           360564 kB
Mem:          3.8G       3.7G       132M       5.7M        20M       3.2G

MemTotal:        4016004 kB
MemFree:          129980 kB
Active:           360568 kB
Mem:          3.8G       3.7G       127M       5.7M        20M       3.3G

MemTotal:        4016004 kB
MemFree:          137336 kB
Active:           360552 kB
Mem:          3.8G       3.7G       134M       5.7M        20M       3.2G

MemTotal:        4016004 kB
MemFree:          127748 kB
Active:           360592 kB
Mem:          3.8G       3.7G       122M       5.7M        20M       3.3G

MemTotal:        4016004 kB
MemFree:          134852 kB
Active:           360480 kB
Mem:          3.8G       3.7G       130M       5.7M        20M       3.3G

MemTotal:        4016004 kB
MemFree:          150112 kB
Active:           360468 kB
Mem:          3.8G       3.7G       146M       5.7M        20M       3.2G

MemTotal:        4016004 kB
MemFree:          148660 kB
Active:           360492 kB
Mem:          3.8G       3.7G       145M       5.7M        20M       3.2G

MemTotal:        4016004 kB
MemFree:          148784 kB
Active:           360492 kB
Mem:          3.8G       3.7G       145M       5.7M        20M       3.2G

MemTotal:        4016004 kB
MemFree:          149596 kB
Active:           360452 kB
Mem:          3.8G       3.7G       145M       5.7M        20M       3.2G

MemTotal:        4016004 kB
MemFree:          140108 kB
Active:           360448 kB
Mem:          3.8G       3.7G       134M       5.7M        20M       3.2G

MemTotal:        4016004 kB
MemFree:          110944 kB
Active:           359404 kB
Mem:          3.8G       3.7G       106M       5.7M        20M       3.3G

MemTotal:        4016004 kB
MemFree:          128636 kB
Active:           359416 kB
Mem:          3.8G       3.7G       123M       5.7M        20M       3.3G

MemTotal:        4016004 kB
MemFree:          132800 kB
Active:           359464 kB
Mem:          3.8G       3.7G       129M       5.7M        20M       3.3G

MemTotal:        4016004 kB
MemFree:          108156 kB
Active:           359468 kB
Mem:          3.8G       3.7G       102M       5.7M        20M       3.3G

MemTotal:        4016004 kB
MemFree:          133772 kB
Active:           357492 kB
Mem:          3.8G       3.7G       130M       5.7M        20M       3.2G

MemTotal:        4016004 kB
MemFree:          144372 kB
Active:           357456 kB
Mem:          3.8G       3.7G       140M       5.7M        20M       3.2G

MemTotal:        4016004 kB
MemFree:          131952 kB
Active:           357436 kB
Mem:          3.8G       3.7G       126M       5.7M        20M       3.3G

MemTotal:        4016004 kB
MemFree:          132848 kB
Active:           357472 kB
Mem:          3.8G       3.7G       129M       5.7M        20M       3.2G

MemTotal:        4016004 kB
MemFree:          131304 kB
Active:           357468 kB
Mem:          3.8G       3.7G       127M       5.7M        20M       3.3G

MemTotal:        4016004 kB
MemFree:          130192 kB
Active:           357460 kB
Mem:          3.8G       3.7G       126M       5.7M        20M       3.3G

MemTotal:        4016004 kB
MemFree:          128644 kB
Active:           357500 kB
Mem:          3.8G       3.7G       125M       5.7M        20M       3.3G

MemTotal:        4016004 kB
MemFree:          125796 kB
Active:           357480 kB
Mem:          3.8G       3.7G       120M       5.7M        20M       3.3G

MemTotal:        4016004 kB
MemFree:          131508 kB
Active:           357488 kB
Mem:          3.8G       3.7G       126M       5.7M        20M       3.3G

MemTotal:        4016004 kB
MemFree:          126820 kB
Active:           356796 kB
Mem:          3.8G       3.7G       126M       5.7M        20M       3.3G

MemTotal:        4016004 kB
MemFree:          132920 kB
Active:           356812 kB
Mem:          3.8G       3.7G       129M       5.7M        20M       3.2G

MemTotal:        4016004 kB
MemFree:          135552 kB
Active:           356812 kB
Mem:          3.8G       3.7G       131M       5.7M        20M       3.2G

MemTotal:        4016004 kB
MemFree:          122888 kB
Active:           356780 kB
Mem:          3.8G       3.7G       117M       5.7M        20M       3.3G

MemTotal:        4016004 kB
MemFree:          142280 kB
Active:           357580 kB
Mem:          3.8G       3.7G       138M       5.7M        20M       3.2G

MemTotal:        4016004 kB
MemFree:          130408 kB
Active:           356068 kB
Mem:          3.8G       3.7G       127M       5.7M        20M       3.3G

MemTotal:        4016004 kB
MemFree:          118784 kB
Active:           355356 kB
Mem:          3.8G       3.7G       113M       5.7M        20M       3.3G

MemTotal:        4016004 kB
MemFree:          137584 kB
Active:           353924 kB
Mem:          3.8G       3.7G       134M       5.7M        20M       3.2G

MemTotal:        4016004 kB
MemFree:          137072 kB
Active:           353952 kB
Mem:          3.8G       3.7G       133M       5.7M        20M       3.2G

MemTotal:        4016004 kB
MemFree:          134564 kB
Active:           353972 kB
Mem:          3.8G       3.7G       131M       5.7M        20M       3.2G

MemTotal:        4016004 kB
MemFree:          134816 kB
Active:           353972 kB
Mem:          3.8G       3.7G       131M       5.7M        20M       3.2G

MemTotal:        4016004 kB
MemFree:          109820 kB
Active:           353952 kB
Mem:          3.8G       3.7G       104M       5.7M        20M       3.3G

MemTotal:        4016004 kB
MemFree:          129356 kB
Active:           353692 kB
Mem:          3.8G       3.7G       124M       5.7M        20M       3.3G

MemTotal:        4016004 kB
MemFree:          122264 kB
Active:           353704 kB
Mem:          3.8G       3.7G       117M       5.7M        20M       3.3G

MemTotal:        4016004 kB
MemFree:          122600 kB
Active:           349336 kB
Mem:          3.8G       3.7G       118M       5.7M        20M       3.3G

MemTotal:        4016004 kB
MemFree:          108616 kB
Active:           348420 kB
Mem:          3.8G       3.7G       105M       5.7M        20M       3.3G

MemTotal:        4016004 kB
MemFree:          122912 kB
Active:           350476 kB
Mem:          3.8G       3.7G       116M       5.7M        20M       3.3G

MemTotal:        4016004 kB
MemFree:          122268 kB
Active:           350516 kB
Mem:          3.8G       3.7G       114M       5.7M        20M       3.3G

MemTotal:        4016004 kB
MemFree:          138308 kB
Active:           350528 kB
Mem:          3.8G       3.7G       135M       5.7M        20M       3.2G

MemTotal:        4016004 kB
MemFree:          138928 kB
Active:           350484 kB
Mem:          3.8G       3.7G       135M       5.7M        20M       3.2G

MemTotal:        4016004 kB
MemFree:          137412 kB
Active:           350532 kB
Mem:          3.8G       3.7G       133M       5.7M        20M       3.2G

MemTotal:        4016004 kB
MemFree:          137136 kB
Active:           350536 kB
Mem:          3.8G       3.7G       133M       5.7M        20M       3.2G

MemTotal:        4016004 kB
MemFree:          137236 kB
Active:           350504 kB
Mem:          3.8G       3.7G       132M       5.7M        20M       3.2G

MemTotal:        4016004 kB
MemFree:          127464 kB
Active:           350520 kB
Mem:          3.8G       3.7G       122M       5.7M        20M       3.3G

MemTotal:        4016004 kB
MemFree:          130776 kB
Active:           347156 kB
Mem:          3.8G       3.7G       125M       5.7M        20M       3.3G

MemTotal:        4016004 kB
MemFree:          148412 kB
Active:           345088 kB
Mem:          3.8G       3.7G       145M       5.7M        20M       3.2G

MemTotal:        4016004 kB
MemFree:          140628 kB
Active:           347132 kB
Mem:          3.8G       3.7G       136M       5.7M        20M       3.2G

MemTotal:        4016004 kB
MemFree:          117672 kB
Active:           347148 kB
Mem:          3.8G       3.7G       113M       5.7M        20M       3.3G

MemTotal:        4016004 kB
MemFree:          134352 kB
Active:           347144 kB
Mem:          3.8G       3.7G       130M       5.7M        20M       3.2G

MemTotal:        4016004 kB
MemFree:          133980 kB
Active:           347168 kB
Mem:          3.8G       3.7G       130M       5.7M        20M       3.2G

MemTotal:        4016004 kB
MemFree:          127132 kB
Active:           347184 kB
Mem:          3.8G       3.7G       128M       5.7M        20M       3.2G

MemTotal:        4016004 kB
MemFree:          130560 kB
Active:           347020 kB
Mem:          3.8G       3.7G       127M       5.7M        20M       3.2G

MemTotal:        4016004 kB
MemFree:          130564 kB
Active:           347056 kB
Mem:          3.8G       3.7G       127M       5.7M        20M       3.2G

MemTotal:        4016004 kB
MemFree:          129140 kB
Active:           347052 kB
Mem:          3.8G       3.7G       125M       5.7M        20M       3.3G

MemTotal:        4016004 kB
MemFree:          127872 kB
Active:           347100 kB
Mem:          3.8G       3.7G       124M       5.7M        20M       3.3G

MemTotal:        4016004 kB
MemFree:          137604 kB
Active:           344880 kB
Mem:          3.8G       3.7G       132M       5.7M        20M       3.2G

MemTotal:        4016004 kB
MemFree:          134484 kB
Active:           344744 kB
Mem:          3.8G       3.7G       129M       5.7M        20M       3.2G

MemTotal:        4016004 kB
MemFree:          121808 kB
Active:           344744 kB
Mem:          3.8G       3.7G       113M       5.7M        20M       3.3G

MemTotal:        4016004 kB
MemFree:          144972 kB
Active:           344752 kB
Mem:          3.8G       3.7G       141M       5.7M        20M       3.2G

MemTotal:        4016004 kB
MemFree:          125504 kB
Active:           344752 kB
Mem:          3.8G       3.7G       119M       5.7M        20M       3.3G

MemTotal:        4016004 kB
MemFree:          128628 kB
Active:           344760 kB
Mem:          3.8G       3.7G       125M       5.7M        20M       3.2G

MemTotal:        4016004 kB
MemFree:          123144 kB
Active:           344756 kB
Mem:          3.8G       3.7G       118M       5.7M        20M       3.3G

MemTotal:        4016004 kB
MemFree:          129124 kB
Active:           344720 kB
Mem:          3.8G       3.7G       123M       5.7M        20M       3.3G

MemTotal:        4016004 kB
MemFree:          140644 kB
Active:           342284 kB
Mem:          3.8G       3.7G       137M       5.7M        20M       3.2G

MemTotal:        4016004 kB
MemFree:          139020 kB
Active:           342308 kB
Mem:          3.8G       3.7G       135M       5.7M        20M       3.2G

MemTotal:        4016004 kB
MemFree:          137812 kB
Active:           342308 kB
Mem:          3.8G       3.7G       134M       5.7M        20M       3.2G

MemTotal:        4016004 kB
MemFree:          136916 kB
Active:           342284 kB
Mem:          3.8G       3.7G       133M       5.7M        20M       3.2G

MemTotal:        4016004 kB
MemFree:          141212 kB
Active:           342308 kB
Mem:          3.8G       3.7G       137M       5.7M        20M       3.2G

MemTotal:        4016004 kB
MemFree:          139960 kB
Active:           342284 kB
Mem:          3.8G       3.7G       134M       5.7M        20M       3.2G

MemTotal:        4016004 kB
MemFree:          105340 kB
Active:           342316 kB
Mem:          3.8G       3.7G       122M       5.7M        20M       3.3G

MemTotal:        4016004 kB
MemFree:          135080 kB
Active:           342308 kB
Mem:          3.8G       3.7G       130M       5.7M        20M       3.2G

MemTotal:        4016004 kB
MemFree:          138084 kB
Active:           342316 kB
Mem:          3.8G       3.7G       134M       5.7M        20M       3.2G

MemTotal:        4016004 kB
MemFree:          126132 kB
Active:           342280 kB
Mem:          3.8G       3.7G       123M       5.7M        20M       3.3G

MemTotal:        4016004 kB
MemFree:          137180 kB
Active:           342328 kB
Mem:          3.8G       3.7G       133M       5.7M        20M       3.2G

MemTotal:        4016004 kB
MemFree:          122620 kB
Active:           341600 kB
Mem:          3.8G       3.7G       130M       5.7M        20M       3.2G

MemTotal:        4016004 kB
MemFree:          132896 kB
Active:           342996 kB
Mem:          3.8G       3.7G       129M       5.7M        20M       3.2G

MemTotal:        4016004 kB
MemFree:          131836 kB
Active:           343004 kB
Mem:          3.8G       3.7G       128M       5.7M        20M       3.2G

MemTotal:        4016004 kB
MemFree:          130288 kB
Active:           343004 kB
Mem:          3.8G       3.7G       127M       5.7M        20M       3.2G

MemTotal:        4016004 kB
MemFree:          130544 kB
Active:           342976 kB
Mem:          3.8G       3.7G       127M       5.7M        20M       3.2G

MemTotal:        4016004 kB
MemFree:          133388 kB
Active:           342500 kB
Mem:          3.8G       3.7G       128M       5.7M        20M       3.2G

MemTotal:        4016004 kB
MemFree:          142648 kB
Active:           342248 kB
Mem:          3.8G       3.7G       137M       5.7M        20M       3.2G

MemTotal:        4016004 kB
MemFree:          138888 kB
Active:           342248 kB
Mem:          3.8G       3.7G       134M       5.7M        20M       3.2G

MemTotal:        4016004 kB
MemFree:          116996 kB
Active:           342248 kB
Mem:          3.8G       3.7G       114M       5.7M        20M       3.3G

MemTotal:        4016004 kB
MemFree:          122544 kB
Active:           342248 kB
Mem:          3.8G       3.7G       122M       5.7M        20M       3.3G

MemTotal:        4016004 kB
MemFree:          108440 kB
Active:           342268 kB
Mem:          3.8G       3.7G       104M       5.7M        20M       3.3G

MemTotal:        4016004 kB
MemFree:          109872 kB
Active:           342220 kB
Mem:          3.8G       3.7G       107M       5.7M        20M       3.3G

MemTotal:        4016004 kB
MemFree:          135152 kB
Active:           342240 kB
Mem:          3.8G       3.7G       128M       5.7M        20M       3.2G

MemTotal:        4016004 kB
MemFree:          129412 kB
Active:           342268 kB
Mem:          3.8G       3.7G       125M       5.7M        20M       3.2G

MemTotal:        4016004 kB
MemFree:          128164 kB
Active:           342264 kB
Mem:          3.8G       3.7G       124M       5.7M        20M       3.2G

MemTotal:        4016004 kB
MemFree:          127732 kB
Active:           342252 kB
Mem:          3.8G       3.7G       124M       5.7M        20M       3.2G

MemTotal:        4016004 kB
MemFree:          127984 kB
Active:           342264 kB
Mem:          3.8G       3.7G       124M       5.7M        20M       3.2G

MemTotal:        4016004 kB
MemFree:          126012 kB
Active:           342296 kB
Mem:          3.8G       3.7G       120M       5.7M        20M       3.3G

MemTotal:        4016004 kB
MemFree:          130552 kB
Active:           342200 kB
Mem:          3.8G       3.7G       125M       5.7M        20M       3.2G

MemTotal:        4016004 kB
MemFree:          132684 kB
Active:           342200 kB
Mem:          3.8G       3.7G       127M       5.7M        20M       3.2G

MemTotal:        4016004 kB
MemFree:          130120 kB
Active:           341928 kB
Mem:          3.8G       3.7G       126M       5.7M        20M       3.2G

MemTotal:        4016004 kB
MemFree:          128008 kB
Active:           343452 kB
Mem:          3.8G       3.7G       124M       5.7M        20M       3.2G

MemTotal:        4016004 kB
MemFree:          128008 kB
Active:           345548 kB
Mem:          3.8G       3.7G       125M       5.7M        20M       3.2G

MemTotal:        4016004 kB
MemFree:          127760 kB
Active:           345556 kB
Mem:          3.8G       3.7G       125M       5.7M        20M       3.2G

MemTotal:        4016004 kB
MemFree:          128256 kB
Active:           345540 kB
Mem:          3.8G       3.7G       125M       5.7M        20M       3.2G

MemTotal:        4016004 kB
MemFree:          128008 kB
Active:           345524 kB
Mem:          3.8G       3.7G       125M       5.7M        20M       3.2G

MemTotal:        4016004 kB
MemFree:          128132 kB
Active:           345512 kB
Mem:          3.8G       3.7G       125M       5.7M        20M       3.2G

MemTotal:        4016004 kB
MemFree:          128132 kB
Active:           345548 kB
Mem:          3.8G       3.7G       124M       5.7M        20M       3.2G

MemTotal:        4016004 kB
MemFree:          127760 kB
Active:           345552 kB
Mem:          3.8G       3.7G       124M       5.7M        20M       3.2G

MemTotal:        4016004 kB
MemFree:          127884 kB
Active:           345564 kB
Mem:          3.8G       3.7G       124M       5.7M        20M       3.2G

MemTotal:        4016004 kB
MemFree:          127884 kB
Active:           345564 kB
Mem:          3.8G       3.7G       124M       5.7M        20M       3.2G

MemTotal:        4016004 kB
MemFree:          127932 kB
Active:           343528 kB
Mem:          3.8G       3.7G       124M       5.7M        20M       3.2G

MemTotal:        4016004 kB
MemFree:          127932 kB
Active:           343528 kB
Mem:          3.8G       3.7G       124M       5.7M        20M       3.2G

MemTotal:        4016004 kB
MemFree:          128056 kB
Active:           345576 kB
Mem:          3.8G       3.7G       125M       5.7M        20M       3.2G

MemTotal:        4016004 kB
MemFree:          128056 kB
Active:           345552 kB
Mem:          3.8G       3.7G       124M       5.7M        20M       3.2G

MemTotal:        4016004 kB
MemFree:          128836 kB
Active:           345144 kB
Mem:          3.8G       3.7G       126M       5.7M        20M       3.2G

MemTotal:        4016004 kB
MemFree:          128960 kB
Active:           345148 kB
Mem:          3.8G       3.7G       126M       5.7M        20M       3.2G

MemTotal:        4016004 kB
MemFree:          129580 kB
Active:           345116 kB
Mem:          3.8G       3.7G       126M       5.7M        20M       3.2G

MemTotal:        4016004 kB
MemFree:          129952 kB
Active:           345116 kB
Mem:          3.8G       3.7G       126M       5.7M        20M       3.2G

MemTotal:        4016004 kB
MemFree:          130076 kB
Active:           345148 kB
Mem:          3.8G       3.7G       127M       5.7M        20M       3.2G

MemTotal:        4016004 kB
MemFree:          129828 kB
Active:           345148 kB
Mem:          3.8G       3.7G       126M       5.7M        20M       3.2G

MemTotal:        4016004 kB
MemFree:          128712 kB
Active:           345152 kB
Mem:          3.8G       3.7G       125M       5.7M        20M       3.2G

MemTotal:        4016004 kB
MemFree:          129084 kB
Active:           345128 kB
Mem:          3.8G       3.7G       126M       5.7M        20M       3.2G

MemTotal:        4016004 kB
MemFree:          129208 kB
Active:           345148 kB
Mem:          3.8G       3.7G       126M       5.7M        20M       3.2G

MemTotal:        4016004 kB
MemFree:          129208 kB
Active:           345172 kB
Mem:          3.8G       3.7G       126M       5.7M        20M       3.2G

MemTotal:        4016004 kB
MemFree:          129084 kB
Active:           345156 kB
Mem:          3.8G       3.7G       126M       5.7M        20M       3.2G

MemTotal:        4016004 kB
MemFree:          129208 kB
Active:           345152 kB
Mem:          3.8G       3.7G       126M       5.7M        20M       3.2G

MemTotal:        4016004 kB
MemFree:          129336 kB
Active:           345176 kB
Mem:          3.8G       3.7G       126M       5.7M        20M       3.2G

MemTotal:        4016004 kB
MemFree:          129460 kB
Active:           345132 kB
Mem:          3.8G       3.7G       126M       5.7M        20M       3.2G

MemTotal:        4016004 kB
MemFree:          129336 kB
Active:           345188 kB
Mem:          3.8G       3.7G       126M       5.7M        20M       3.2G

MemTotal:        4016004 kB
MemFree:          129368 kB
Active:           345196 kB
Mem:          3.8G       3.7G       126M       5.7M        20M       3.2G

MemTotal:        4016004 kB
MemFree:          129404 kB
Active:           345192 kB
Mem:          3.8G       3.7G       126M       5.7M        20M       3.2G

MemTotal:        4016004 kB
MemFree:          129344 kB
Active:           345196 kB
Mem:          3.8G       3.7G       126M       5.7M        20M       3.2G

MemTotal:        4016004 kB
MemFree:          129600 kB
Active:           345140 kB
Mem:          3.8G       3.7G       126M       5.7M        20M       3.2G

MemTotal:        4016004 kB
MemFree:          129476 kB
Active:           345192 kB
Mem:          3.8G       3.7G       126M       5.7M        20M       3.2G

MemTotal:        4016004 kB
MemFree:          129476 kB
Active:           345204 kB
Mem:          3.8G       3.7G       126M       5.7M        20M       3.2G

MemTotal:        4016004 kB
MemFree:          129600 kB
Active:           345208 kB
Mem:          3.8G       3.7G       126M       5.7M        20M       3.2G

MemTotal:        4016004 kB
MemFree:          129972 kB
Active:           345196 kB
Mem:          3.8G       3.7G       126M       5.7M        20M       3.2G

MemTotal:        4016004 kB
MemFree:          130220 kB
Active:           345168 kB
Mem:          3.8G       3.7G       127M       5.7M        20M       3.2G

MemTotal:        4016004 kB
MemFree:          130096 kB
Active:           345176 kB
Mem:          3.8G       3.7G       126M       5.7M        20M       3.2G

MemTotal:        4016004 kB
MemFree:          130096 kB
Active:           345220 kB
Mem:          3.8G       3.7G       127M       5.7M        20M       3.2G

MemTotal:        4016004 kB
MemFree:          130096 kB
Active:           345208 kB
Mem:          3.8G       3.7G       127M       5.7M        20M       3.2G

MemTotal:        4016004 kB
MemFree:          129848 kB
Active:           345196 kB
Mem:          3.8G       3.7G       126M       5.7M        20M       3.2G

MemTotal:        4016004 kB
MemFree:          129972 kB
Active:           345196 kB
Mem:          3.8G       3.7G       127M       5.7M        20M       3.2G

MemTotal:        4016004 kB
MemFree:          129724 kB
Active:           345220 kB
Mem:          3.8G       3.7G       126M       5.7M        20M       3.2G

MemTotal:        4016004 kB
MemFree:          129352 kB
Active:           345228 kB
Mem:          3.8G       3.7G       126M       5.7M        20M       3.2G

MemTotal:        4016004 kB
MemFree:          129600 kB
Active:           345192 kB
Mem:          3.8G       3.7G       126M       5.7M        20M       3.2G

MemTotal:        4016004 kB
MemFree:          129848 kB
Active:           345200 kB
Mem:          3.8G       3.7G       126M       5.7M        20M       3.2G

MemTotal:        4016004 kB
MemFree:          129972 kB
Active:           345192 kB
Mem:          3.8G       3.7G       126M       5.7M        20M       3.2G

MemTotal:        4016004 kB
MemFree:          129972 kB
Active:           345192 kB
Mem:          3.8G       3.7G       126M       5.7M        20M       3.2G

MemTotal:        4016004 kB
MemFree:          129972 kB
Active:           345236 kB
Mem:          3.8G       3.7G       126M       5.7M        20M       3.2G

MemTotal:        4016004 kB
MemFree:          127676 kB
Active:           345176 kB
Mem:          3.8G       3.7G       124M       5.7M        20M       3.2G

MemTotal:        4016004 kB
MemFree:          127428 kB
Active:           347276 kB
Mem:          3.8G       3.7G       124M       5.7M        20M       3.2G

MemTotal:        4016004 kB
MemFree:          127800 kB
Active:           347252 kB
Mem:          3.8G       3.7G       124M       5.7M        20M       3.2G

MemTotal:        4016004 kB
MemFree:          127428 kB
Active:           347276 kB
Mem:          3.8G       3.7G       124M       5.7M        20M       3.2G

MemTotal:        4016004 kB
MemFree:          127800 kB
Active:           347264 kB
Mem:          3.8G       3.7G       124M       5.7M        20M       3.2G

MemTotal:        4016004 kB
MemFree:          127304 kB
Active:           347284 kB
Mem:          3.8G       3.7G       124M       5.7M        20M       3.2G

MemTotal:        4016004 kB
MemFree:          127428 kB
Active:           347280 kB
Mem:          3.8G       3.7G       124M       5.7M        20M       3.2G

MemTotal:        4016004 kB
MemFree:          127180 kB
Active:           347284 kB
Mem:          3.8G       3.7G       124M       5.7M        20M       3.2G

MemTotal:        4016004 kB
MemFree:          127180 kB
Active:           347284 kB
Mem:          3.8G       3.7G       124M       5.7M        20M       3.2G

MemTotal:        4016004 kB
MemFree:          127800 kB
Active:           347284 kB
Mem:          3.8G       3.7G       124M       5.7M        20M       3.2G

MemTotal:        4016004 kB
MemFree:          125504 kB
Active:           347244 kB
Mem:          3.8G       3.7G       122M       5.7M        20M       3.2G

MemTotal:        4016004 kB
MemFree:          125752 kB
Active:           349264 kB
Mem:          3.8G       3.7G       122M       5.7M        20M       3.2G

MemTotal:        4016004 kB
MemFree:          125940 kB
Active:           349268 kB
Mem:          3.8G       3.7G       123M       5.7M        20M       3.2G

MemTotal:        4016004 kB
MemFree:          125940 kB
Active:           349268 kB
Mem:          3.8G       3.7G       123M       5.7M        20M       3.2G

MemTotal:        4016004 kB
MemFree:          126064 kB
Active:           349304 kB
Mem:          3.8G       3.7G       123M       5.7M        20M       3.2G

MemTotal:        4016004 kB
MemFree:          125568 kB
Active:           349312 kB
Mem:          3.8G       3.7G       122M       5.7M        20M       3.2G

MemTotal:        4016004 kB
MemFree:          125568 kB
Active:           349304 kB
Mem:          3.8G       3.7G       122M       5.7M        20M       3.2G

MemTotal:        4016004 kB
MemFree:          125320 kB
Active:           349316 kB
Mem:          3.8G       3.7G       122M       5.7M        20M       3.2G

MemTotal:        4016004 kB
MemFree:          125444 kB
Active:           349288 kB
Mem:          3.8G       3.7G       122M       5.7M        20M       3.2G

MemTotal:        4016004 kB
MemFree:          125724 kB
Active:           349316 kB
Mem:          3.8G       3.7G       122M       5.7M        20M       3.2G

MemTotal:        4016004 kB
MemFree:          125848 kB
Active:           349296 kB
Mem:          3.8G       3.7G       122M       5.7M        20M       3.2G

MemTotal:        4016004 kB
MemFree:          125352 kB
Active:           349328 kB
Mem:          3.8G       3.7G       122M       5.7M        20M       3.2G

MemTotal:        4016004 kB
MemFree:          125228 kB
Active:           349328 kB
Mem:          3.8G       3.7G       122M       5.7M        20M       3.2G

MemTotal:        4016004 kB
MemFree:          125600 kB
Active:           349284 kB
Mem:          3.8G       3.7G       122M       5.7M        20M       3.2G

MemTotal:        4016004 kB
MemFree:          125724 kB
Active:           349312 kB
Mem:          3.8G       3.7G       122M       5.7M        20M       3.2G

MemTotal:        4016004 kB
MemFree:          125476 kB
Active:           349296 kB
Mem:          3.8G       3.7G       122M       5.7M        20M       3.2G

MemTotal:        4016004 kB
MemFree:          125476 kB
Active:           349300 kB
Mem:          3.8G       3.7G       122M       5.7M        20M       3.2G

MemTotal:        4016004 kB
MemFree:          125476 kB
Active:           349284 kB
Mem:          3.8G       3.7G       122M       5.7M        20M       3.2G

MemTotal:        4016004 kB
MemFree:          125228 kB
Active:           349288 kB
Mem:          3.8G       3.7G       122M       5.7M        20M       3.2G

MemTotal:        4016004 kB
MemFree:          125476 kB
Active:           349296 kB
Mem:          3.8G       3.7G       122M       5.7M        20M       3.2G

MemTotal:        4016004 kB
MemFree:          125476 kB
Active:           349320 kB
Mem:          3.8G       3.7G       122M       5.7M        20M       3.2G

MemTotal:        4016004 kB
MemFree:          125476 kB
Active:           349304 kB
Mem:          3.8G       3.7G       122M       5.7M        20M       3.2G

MemTotal:        4016004 kB
MemFree:          125352 kB
Active:           349292 kB
Mem:          3.8G       3.7G       122M       5.7M        20M       3.2G

MemTotal:        4016004 kB
MemFree:          125352 kB
Active:           349284 kB
Mem:          3.8G       3.7G       122M       5.7M        20M       3.2G

MemTotal:        4016004 kB
MemFree:          125476 kB
Active:           349332 kB
Mem:          3.8G       3.7G       122M       5.7M        20M       3.2G

MemTotal:        4016004 kB
MemFree:          125104 kB
Active:           349340 kB
Mem:          3.8G       3.7G       122M       5.7M        20M       3.2G

MemTotal:        4016004 kB
MemFree:          125352 kB
Active:           349284 kB
Mem:          3.8G       3.7G       122M       5.7M        20M       3.2G

MemTotal:        4016004 kB
MemFree:          125476 kB
Active:           349304 kB
Mem:          3.8G       3.7G       122M       5.7M        20M       3.2G

MemTotal:        4016004 kB
MemFree:          125352 kB
Active:           349312 kB
Mem:          3.8G       3.7G       122M       5.7M        20M       3.2G

MemTotal:        4016004 kB
MemFree:          124980 kB
Active:           349340 kB
Mem:          3.8G       3.7G       122M       5.7M        20M       3.2G

MemTotal:        4016004 kB
MemFree:          125352 kB
Active:           349332 kB
Mem:          3.8G       3.7G       122M       5.7M        20M       3.2G

MemTotal:        4016004 kB
MemFree:          125476 kB
Active:           349304 kB
Mem:          3.8G       3.7G       122M       5.7M        20M       3.2G

MemTotal:        4016004 kB
MemFree:          125104 kB
Active:           349288 kB
Mem:          3.8G       3.7G       122M       5.7M        20M       3.2G

MemTotal:        4016004 kB
MemFree:          125104 kB
Active:           349344 kB
Mem:          3.8G       3.7G       122M       5.7M        20M       3.2G

MemTotal:        4016004 kB
MemFree:          125352 kB
Active:           349340 kB
Mem:          3.8G       3.7G       122M       5.7M        20M       3.2G

MemTotal:        4016004 kB
MemFree:          125724 kB
Active:           349340 kB
Mem:          3.8G       3.7G       122M       5.7M        20M       3.2G

MemTotal:        4016004 kB
MemFree:          125724 kB
Active:           349340 kB
Mem:          3.8G       3.7G       122M       5.7M        20M       3.2G

MemTotal:        4016004 kB
MemFree:          125724 kB
Active:           349340 kB
Mem:          3.8G       3.7G       122M       5.7M        20M       3.2G

MemTotal:        4016004 kB
MemFree:          125352 kB
Active:           349348 kB
Mem:          3.8G       3.7G       122M       5.7M        20M       3.2G

MemTotal:        4016004 kB
MemFree:          125352 kB
Active:           349360 kB
Mem:          3.8G       3.7G       122M       5.7M        20M       3.2G

MemTotal:        4016004 kB
MemFree:          125724 kB
Active:           349356 kB
Mem:          3.8G       3.7G       123M       5.7M        20M       3.2G

MemTotal:        4016004 kB
MemFree:          126096 kB
Active:           349348 kB
Mem:          3.8G       3.7G       123M       5.7M        20M       3.2G

MemTotal:        4016004 kB
MemFree:          126096 kB
Active:           349340 kB
Mem:          3.8G       3.7G       123M       5.7M        20M       3.2G

MemTotal:        4016004 kB
MemFree:          125476 kB
Active:           349364 kB
Mem:          3.8G       3.7G       122M       5.7M        20M       3.2G

MemTotal:        4016004 kB
MemFree:          125848 kB
Active:           349344 kB
Mem:          3.8G       3.7G       122M       5.7M        20M       3.2G

MemTotal:        4016004 kB
MemFree:          125352 kB
Active:           349376 kB
Mem:          3.8G       3.7G       122M       5.7M        20M       3.2G

MemTotal:        4016004 kB
MemFree:          125724 kB
Active:           349328 kB
Mem:          3.8G       3.7G       122M       5.7M        20M       3.2G

MemTotal:        4016004 kB
MemFree:          125600 kB
Active:           349328 kB
Mem:          3.8G       3.7G       122M       5.7M        20M       3.2G

MemTotal:        4016004 kB
MemFree:          125724 kB
Active:           349372 kB
Mem:          3.8G       3.7G       122M       5.7M        20M       3.2G

MemTotal:        4016004 kB
MemFree:          126096 kB
Active:           349384 kB
Mem:          3.8G       3.7G       123M       5.7M        20M       3.2G

MemTotal:        4016004 kB
MemFree:          126096 kB
Active:           349340 kB
Mem:          3.8G       3.7G       123M       5.7M        20M       3.2G

MemTotal:        4016004 kB
MemFree:          126096 kB
Active:           349340 kB
Mem:          3.8G       3.7G       123M       5.7M        20M       3.2G

MemTotal:        4016004 kB
MemFree:          126096 kB
Active:           349332 kB
Mem:          3.8G       3.7G       123M       5.7M        20M       3.2G

MemTotal:        4016004 kB
MemFree:          125848 kB
Active:           349380 kB
Mem:          3.8G       3.7G       122M       5.7M        20M       3.2G

MemTotal:        4016004 kB
MemFree:          125848 kB
Active:           349336 kB
Mem:          3.8G       3.7G       122M       5.7M        20M       3.2G

MemTotal:        4016004 kB
MemFree:          126096 kB
Active:           349364 kB
Mem:          3.8G       3.7G       122M       5.7M        20M       3.2G

MemTotal:        4016004 kB
MemFree:          126220 kB
Active:           349340 kB
Mem:          3.8G       3.7G       123M       5.7M        20M       3.2G

MemTotal:        4016004 kB
MemFree:          126344 kB
Active:           349388 kB
Mem:          3.8G       3.7G       122M       5.7M        20M       3.2G

MemTotal:        4016004 kB
MemFree:          125972 kB
Active:           349388 kB
Mem:          3.8G       3.7G       123M       5.7M        20M       3.2G

MemTotal:        4016004 kB
MemFree:          125724 kB
Active:           349396 kB
Mem:          3.8G       3.7G       122M       5.7M        20M       3.2G

MemTotal:        4016004 kB
MemFree:          125848 kB
Active:           349348 kB
Mem:          3.8G       3.7G       122M       5.7M        20M       3.2G

MemTotal:        4016004 kB
MemFree:          125848 kB
Active:           349352 kB
Mem:          3.8G       3.7G       122M       5.7M        20M       3.2G

MemTotal:        4016004 kB
MemFree:          125352 kB
Active:           349400 kB
Mem:          3.8G       3.7G       122M       5.7M        20M       3.2G

MemTotal:        4016004 kB
MemFree:          125104 kB
Active:           349400 kB
Mem:          3.8G       3.7G       122M       5.7M        20M       3.2G

MemTotal:        4016004 kB
MemFree:          125600 kB
Active:           349376 kB
Mem:          3.8G       3.7G       122M       5.7M        20M       3.2G

MemTotal:        4016004 kB
MemFree:          125600 kB
Active:           349392 kB
Mem:          3.8G       3.7G       122M       5.7M        20M       3.2G

MemTotal:        4016004 kB
MemFree:          125104 kB
Active:           349408 kB
Mem:          3.8G       3.7G       122M       5.7M        20M       3.2G

MemTotal:        4016004 kB
MemFree:          125476 kB
Active:           349352 kB
Mem:          3.8G       3.7G       122M       5.7M        20M       3.2G

MemTotal:        4016004 kB
MemFree:          125352 kB
Active:           349364 kB
Mem:          3.8G       3.7G       122M       5.7M        20M       3.2G

MemTotal:        4016004 kB
MemFree:          125848 kB
Active:           349376 kB
Mem:          3.8G       3.7G       122M       5.7M        20M       3.2G

MemTotal:        4016004 kB
MemFree:          125848 kB
Active:           349384 kB
Mem:          3.8G       3.7G       122M       5.7M        20M       3.2G

MemTotal:        4016004 kB
MemFree:          125848 kB
Active:           349384 kB
Mem:          3.8G       3.7G       122M       5.7M        20M       3.2G

MemTotal:        4016004 kB
MemFree:          125848 kB
Active:           349384 kB
Mem:          3.8G       3.7G       122M       5.7M        20M       3.2G

MemTotal:        4016004 kB
MemFree:          125724 kB
Active:           349400 kB
Mem:          3.8G       3.7G       122M       5.7M        20M       3.2G

MemTotal:        4016004 kB
MemFree:          125848 kB
Active:           349404 kB
Mem:          3.8G       3.7G       122M       5.7M        20M       3.2G

MemTotal:        4016004 kB
MemFree:          125600 kB
Active:           349412 kB
Mem:          3.8G       3.7G       122M       5.7M        20M       3.2G

MemTotal:        4016004 kB
MemFree:          125724 kB
Active:           349412 kB
Mem:          3.8G       3.7G       122M       5.7M        20M       3.2G

MemTotal:        4016004 kB
MemFree:          125724 kB
Active:           349412 kB
Mem:          3.8G       3.7G       122M       5.7M        20M       3.2G

MemTotal:        4016004 kB
MemFree:          125724 kB
Active:           349380 kB
Mem:          3.8G       3.7G       122M       5.7M        20M       3.2G

MemTotal:        4016004 kB
MemFree:          125724 kB
Active:           349420 kB
Mem:          3.8G       3.7G       122M       5.7M        20M       3.2G

MemTotal:        4016004 kB
MemFree:          125352 kB
Active:           349420 kB
Mem:          3.8G       3.7G       122M       5.7M        20M       3.2G

MemTotal:        4016004 kB
MemFree:          125476 kB
Active:           349428 kB
Mem:          3.8G       3.7G       122M       5.7M        20M       3.2G

MemTotal:        4016004 kB
MemFree:          125600 kB
Active:           349424 kB
Mem:          3.8G       3.7G       122M       5.7M        20M       3.2G

MemTotal:        4016004 kB
MemFree:          124980 kB
Active:           349428 kB
Mem:          3.8G       3.7G       122M       5.7M        20M       3.2G

MemTotal:        4016004 kB
MemFree:          124856 kB
Active:           349428 kB
Mem:          3.8G       3.7G       122M       5.7M        20M       3.2G

MemTotal:        4016004 kB
MemFree:          124856 kB
Active:           349428 kB
Mem:          3.8G       3.7G       122M       5.7M        20M       3.2G

MemTotal:        4016004 kB
MemFree:          125476 kB
Active:           349388 kB
Mem:          3.8G       3.7G       122M       5.7M        20M       3.2G

MemTotal:        4016004 kB
MemFree:          125600 kB
Active:           349400 kB
Mem:          3.8G       3.7G       122M       5.7M        20M       3.2G

MemTotal:        4016004 kB
MemFree:          125476 kB
Active:           349388 kB
Mem:          3.8G       3.7G       122M       5.7M        20M       3.2G

MemTotal:        4016004 kB
MemFree:          125600 kB
Active:           349440 kB
Mem:          3.8G       3.7G       122M       5.7M        20M       3.2G

MemTotal:        4016004 kB
MemFree:          125724 kB
Active:           349436 kB
Mem:          3.8G       3.7G       122M       5.7M        20M       3.2G

MemTotal:        4016004 kB
MemFree:          125848 kB
Active:           349440 kB
Mem:          3.8G       3.7G       122M       5.7M        20M       3.2G

MemTotal:        4016004 kB
MemFree:          125072 kB
Active:           349660 kB
Mem:          3.8G       3.7G       121M       5.7M        20M       3.2G

MemTotal:        4016004 kB
MemFree:          115188 kB
Active:           357292 kB
Mem:          3.8G       3.7G       112M       5.7M        27M       3.2G

MemTotal:        4016004 kB
MemFree:          115252 kB
Active:           357192 kB
Mem:          3.8G       3.7G       112M       5.7M        27M       3.2G

MemTotal:        4016004 kB
MemFree:          115004 kB
Active:           357204 kB
Mem:          3.8G       3.7G       112M       5.7M        27M       3.2G

MemTotal:        4016004 kB
MemFree:          115872 kB
Active:           357152 kB
Mem:          3.8G       3.7G       113M       5.7M        27M       3.2G

MemTotal:        4016004 kB
MemFree:          115996 kB
Active:           357160 kB
Mem:          3.8G       3.7G       113M       5.7M        27M       3.2G

MemTotal:        4016004 kB
MemFree:          115500 kB
Active:           357188 kB
Mem:          3.8G       3.7G       112M       5.7M        27M       3.2G

MemTotal:        4016004 kB
MemFree:          115500 kB
Active:           357168 kB
Mem:          3.8G       3.7G       112M       5.7M        27M       3.2G

MemTotal:        4016004 kB
MemFree:          115624 kB
Active:           357180 kB
Mem:          3.8G       3.7G       112M       5.7M        27M       3.2G

MemTotal:        4016004 kB
MemFree:          115128 kB
Active:           357224 kB
Mem:          3.8G       3.7G       112M       5.7M        27M       3.2G

MemTotal:        4016004 kB
MemFree:          114756 kB
Active:           357228 kB
Mem:          3.8G       3.7G       112M       5.7M        27M       3.2G

MemTotal:        4016004 kB
MemFree:          115004 kB
Active:           357172 kB
Mem:          3.8G       3.7G       112M       5.7M        27M       3.2G

MemTotal:        4016004 kB
MemFree:          115252 kB
Active:           357172 kB
Mem:          3.8G       3.7G       112M       5.7M        27M       3.2G

MemTotal:        4016004 kB
MemFree:          115252 kB
Active:           357228 kB
Mem:          3.8G       3.7G       112M       5.7M        27M       3.2G

MemTotal:        4016004 kB
MemFree:          115748 kB
Active:           357232 kB
Mem:          3.8G       3.7G       113M       5.7M        27M       3.2G

MemTotal:        4016004 kB
MemFree:          115872 kB
Active:           357184 kB
Mem:          3.8G       3.7G       113M       5.7M        27M       3.2G

MemTotal:        4016004 kB
MemFree:          115872 kB
Active:           357184 kB
Mem:          3.8G       3.7G       112M       5.7M        27M       3.2G

MemTotal:        4016004 kB
MemFree:          115872 kB
Active:           357184 kB
Mem:          3.8G       3.7G       113M       5.7M        27M       3.2G

MemTotal:        4016004 kB
MemFree:          115872 kB
Active:           357236 kB
Mem:          3.8G       3.7G       112M       5.7M        27M       3.2G

MemTotal:        4016004 kB
MemFree:          115872 kB
Active:           357216 kB
Mem:          3.8G       3.7G       113M       5.7M        27M       3.2G

MemTotal:        4016004 kB
MemFree:          115872 kB
Active:           357212 kB
Mem:          3.8G       3.7G       113M       5.7M        27M       3.2G

MemTotal:        4016004 kB
MemFree:          115872 kB
Active:           357212 kB
Mem:          3.8G       3.7G       113M       5.7M        27M       3.2G

MemTotal:        4016004 kB
MemFree:          115748 kB
Active:           357256 kB
Mem:          3.8G       3.7G       113M       5.7M        27M       3.2G

MemTotal:        4016004 kB
MemFree:          115748 kB
Active:           357200 kB
Mem:          3.8G       3.7G       112M       5.7M        27M       3.2G

MemTotal:        4016004 kB
MemFree:          115376 kB
Active:           357260 kB
Mem:          3.8G       3.7G       112M       5.7M        27M       3.2G

MemTotal:        4016004 kB
MemFree:          115748 kB
Active:           357208 kB
Mem:          3.8G       3.7G       113M       5.7M        27M       3.2G

MemTotal:        4016004 kB
MemFree:          115748 kB
Active:           357240 kB
Mem:          3.8G       3.7G       113M       5.7M        27M       3.2G

MemTotal:        4016004 kB
MemFree:          115996 kB
Active:           357256 kB
Mem:          3.8G       3.7G       113M       5.7M        27M       3.2G

MemTotal:        4016004 kB
MemFree:          115872 kB
Active:           357212 kB
Mem:          3.8G       3.7G       113M       5.7M        27M       3.2G

MemTotal:        4016004 kB
MemFree:          115632 kB
Active:           357260 kB
Mem:          3.8G       3.7G       113M       5.7M        27M       3.2G

MemTotal:        4016004 kB
MemFree:          115384 kB
Active:           357268 kB
Mem:          3.8G       3.7G       112M       5.7M        27M       3.2G

MemTotal:        4016004 kB
MemFree:          115880 kB
Active:           357292 kB
Mem:          3.8G       3.7G       113M       5.7M        27M       3.2G

MemTotal:        4016004 kB
MemFree:          115896 kB
Active:           357304 kB
Mem:          3.8G       3.7G       113M       5.7M        27M       3.2G

