MemTotal:        4016004 kB
MemFree:         3259376 kB
Active:           400828 kB
Mem:          3.8G       738M       3.1G       5.7M        55M       314M

MemTotal:        4016004 kB
MemFree:         3256628 kB
Active:           403936 kB
Mem:          3.8G       741M       3.1G       5.7M        55M       314M

MemTotal:        4016004 kB
MemFree:         3255900 kB
Active:           404196 kB
Mem:          3.8G       742M       3.1G       5.7M        55M       314M

MemTotal:        4016004 kB
MemFree:         3255776 kB
Active:           404212 kB
Mem:          3.8G       742M       3.1G       5.7M        55M       314M

MemTotal:        4016004 kB
MemFree:         3256008 kB
Active:           404176 kB
Mem:          3.8G       742M       3.1G       5.7M        55M       314M

MemTotal:        4016004 kB
MemFree:         3255636 kB
Active:           404160 kB
Mem:          3.8G       742M       3.1G       5.7M        55M       314M

MemTotal:        4016004 kB
MemFree:         3255636 kB
Active:           404208 kB
Mem:          3.8G       742M       3.1G       5.7M        55M       314M

MemTotal:        4016004 kB
MemFree:         3253136 kB
Active:           402340 kB
Mem:          3.8G       744M       3.1G       5.7M        55M       314M

MemTotal:        4016004 kB
MemFree:         3253508 kB
Active:           402140 kB
Mem:          3.8G       744M       3.1G       5.7M        55M       314M

MemTotal:        4016004 kB
MemFree:         3253508 kB
Active:           406224 kB
Mem:          3.8G       744M       3.1G       5.7M        55M       314M

MemTotal:        4016004 kB
MemFree:         3253260 kB
Active:           406244 kB
Mem:          3.8G       744M       3.1G       5.7M        55M       314M

MemTotal:        4016004 kB
MemFree:         3253260 kB
Active:           406216 kB
Mem:          3.8G       744M       3.1G       5.7M        55M       314M

MemTotal:        4016004 kB
MemFree:         3253508 kB
Active:           406244 kB
Mem:          3.8G       745M       3.1G       5.7M        55M       314M

MemTotal:        4016004 kB
MemFree:         3253632 kB
Active:           406200 kB
Mem:          3.8G       744M       3.1G       5.7M        55M       314M

MemTotal:        4016004 kB
MemFree:         3253384 kB
Active:           406204 kB
Mem:          3.8G       744M       3.1G       5.7M        55M       314M

MemTotal:        4016004 kB
MemFree:         3253384 kB
Active:           406212 kB
Mem:          3.8G       744M       3.1G       5.7M        55M       314M

MemTotal:        4016004 kB
MemFree:         3253508 kB
Active:           406232 kB
Mem:          3.8G       744M       3.1G       5.7M        55M       314M

MemTotal:        4016004 kB
MemFree:         3252940 kB
Active:           404456 kB
Mem:          3.8G       744M       3.1G       5.7M        55M       314M

MemTotal:        4016004 kB
MemFree:         3253368 kB
Active:           406248 kB
Mem:          3.8G       744M       3.1G       5.7M        55M       314M

MemTotal:        4016004 kB
MemFree:         3253244 kB
Active:           406228 kB
Mem:          3.8G       744M       3.1G       5.7M        55M       314M

MemTotal:        4016004 kB
MemFree:         3253600 kB
Active:           406268 kB
Mem:          3.8G       744M       3.1G       5.7M        55M       314M

MemTotal:        4016004 kB
MemFree:         3253336 kB
Active:           406280 kB
Mem:          3.8G       744M       3.1G       5.7M        55M       314M

MemTotal:        4016004 kB
MemFree:         3253336 kB
Active:           406252 kB
Mem:          3.8G       744M       3.1G       5.7M        55M       314M

MemTotal:        4016004 kB
MemFree:         3253088 kB
Active:           406280 kB
Mem:          3.8G       745M       3.1G       5.7M        55M       314M

MemTotal:        4016004 kB
MemFree:         3253460 kB
Active:           406232 kB
Mem:          3.8G       745M       3.1G       5.7M        55M       314M

MemTotal:        4016004 kB
MemFree:         3253320 kB
Active:           406272 kB
Mem:          3.8G       744M       3.1G       5.7M        55M       314M

MemTotal:        4016004 kB
MemFree:         3253444 kB
Active:           406248 kB
Mem:          3.8G       744M       3.1G       5.7M        55M       314M

MemTotal:        4016004 kB
MemFree:         3253972 kB
Active:           406260 kB
Mem:          3.8G       744M       3.1G       5.7M        55M       314M

MemTotal:        4016004 kB
MemFree:         3253848 kB
Active:           406232 kB
Mem:          3.8G       744M       3.1G       5.7M        55M       314M

MemTotal:        4016004 kB
MemFree:         3253848 kB
Active:           406244 kB
Mem:          3.8G       744M       3.1G       5.7M        55M       314M

MemTotal:        4016004 kB
MemFree:         3253476 kB
Active:           406288 kB
Mem:          3.8G       744M       3.1G       5.7M        55M       314M

MemTotal:        4016004 kB
MemFree:         3253352 kB
Active:           406288 kB
Mem:          3.8G       744M       3.1G       5.7M        55M       314M

MemTotal:        4016004 kB
MemFree:         3253816 kB
Active:           406236 kB
Mem:          3.8G       744M       3.1G       5.7M        55M       314M

MemTotal:        4016004 kB
MemFree:         3253708 kB
Active:           406276 kB
Mem:          3.8G       744M       3.1G       5.7M        55M       314M

MemTotal:        4016004 kB
MemFree:         3253584 kB
Active:           406280 kB
Mem:          3.8G       744M       3.1G       5.7M        55M       314M

MemTotal:        4016004 kB
MemFree:         3253584 kB
Active:           406260 kB
Mem:          3.8G       744M       3.1G       5.7M        55M       314M

MemTotal:        4016004 kB
MemFree:         3253832 kB
Active:           406300 kB
Mem:          3.8G       744M       3.1G       5.7M        55M       314M

MemTotal:        4016004 kB
MemFree:         3253832 kB
Active:           406260 kB
Mem:          3.8G       744M       3.1G       5.7M        55M       314M

MemTotal:        4016004 kB
MemFree:         3253708 kB
Active:           406272 kB
Mem:          3.8G       744M       3.1G       5.7M        55M       314M

MemTotal:        4016004 kB
MemFree:         3253708 kB
Active:           406260 kB
Mem:          3.8G       744M       3.1G       5.7M        55M       314M

MemTotal:        4016004 kB
MemFree:         3253336 kB
Active:           406308 kB
Mem:          3.8G       744M       3.1G       5.7M        55M       314M

MemTotal:        4016004 kB
MemFree:         3253460 kB
Active:           406260 kB
Mem:          3.8G       744M       3.1G       5.7M        55M       314M

MemTotal:        4016004 kB
MemFree:         3253460 kB
Active:           406292 kB
Mem:          3.8G       744M       3.1G       5.7M        55M       314M

MemTotal:        4016004 kB
MemFree:         3253460 kB
Active:           406316 kB
Mem:          3.8G       744M       3.1G       5.7M        55M       314M

MemTotal:        4016004 kB
MemFree:         3253460 kB
Active:           406320 kB
Mem:          3.8G       744M       3.1G       5.7M        55M       314M

MemTotal:        4016004 kB
MemFree:         3253460 kB
Active:           406324 kB
Mem:          3.8G       744M       3.1G       5.7M        55M       314M

MemTotal:        4016004 kB
MemFree:         3253460 kB
Active:           406272 kB
Mem:          3.8G       744M       3.1G       5.7M        55M       314M

MemTotal:        4016004 kB
MemFree:         3253708 kB
Active:           406288 kB
Mem:          3.8G       744M       3.1G       5.7M        55M       314M

MemTotal:        4016004 kB
MemFree:         3253584 kB
Active:           406292 kB
Mem:          3.8G       744M       3.1G       5.7M        55M       314M

MemTotal:        4016004 kB
MemFree:         3253196 kB
Active:           406336 kB
Mem:          3.8G       744M       3.1G       5.7M        55M       314M

MemTotal:        4016004 kB
MemFree:         3253428 kB
Active:           406308 kB
Mem:          3.8G       744M       3.1G       5.7M        55M       314M

MemTotal:        4016004 kB
MemFree:         3253460 kB
Active:           406316 kB
Mem:          3.8G       744M       3.1G       5.7M        55M       314M

MemTotal:        4016004 kB
MemFree:         3253460 kB
Active:           406352 kB
Mem:          3.8G       744M       3.1G       5.7M        55M       314M

MemTotal:        4016004 kB
MemFree:         3253212 kB
Active:           406328 kB
Mem:          3.8G       744M       3.1G       5.7M        55M       314M

MemTotal:        4016004 kB
MemFree:         3253584 kB
Active:           406296 kB
Mem:          3.8G       744M       3.1G       5.7M        55M       314M

MemTotal:        4016004 kB
MemFree:         3253584 kB
Active:           406336 kB
Mem:          3.8G       744M       3.1G       5.7M        55M       314M

MemTotal:        4016004 kB
MemFree:         3253632 kB
Active:           406316 kB
Mem:          3.8G       744M       3.1G       5.7M        55M       314M

MemTotal:        4016004 kB
MemFree:         3253508 kB
Active:           406300 kB
Mem:          3.8G       744M       3.1G       5.7M        55M       314M

MemTotal:        4016004 kB
MemFree:         3253756 kB
Active:           406348 kB
Mem:          3.8G       744M       3.1G       5.7M        55M       314M

MemTotal:        4016004 kB
MemFree:         3253756 kB
Active:           406316 kB
Mem:          3.8G       744M       3.1G       5.7M        55M       314M

MemTotal:        4016004 kB
MemFree:         3253880 kB
Active:           406348 kB
Mem:          3.8G       744M       3.1G       5.7M        55M       314M

MemTotal:        4016004 kB
MemFree:         3254004 kB
Active:           406332 kB
Mem:          3.8G       744M       3.1G       5.7M        55M       314M

MemTotal:        4016004 kB
MemFree:         3253632 kB
Active:           406316 kB
Mem:          3.8G       744M       3.1G       5.7M        55M       314M

MemTotal:        4016004 kB
MemFree:         3253508 kB
Active:           406356 kB
Mem:          3.8G       744M       3.1G       5.7M        55M       314M

MemTotal:        4016004 kB
MemFree:         3253756 kB
Active:           406320 kB
Mem:          3.8G       744M       3.1G       5.7M        55M       314M

MemTotal:        4016004 kB
MemFree:         3253756 kB
Active:           406324 kB
Mem:          3.8G       744M       3.1G       5.7M        55M       314M

MemTotal:        4016004 kB
MemFree:         3253260 kB
Active:           406336 kB
Mem:          3.8G       745M       3.1G       5.7M        55M       314M

MemTotal:        4016004 kB
MemFree:         3253508 kB
Active:           406344 kB
Mem:          3.8G       745M       3.1G       5.7M        55M       314M

MemTotal:        4016004 kB
MemFree:         3253384 kB
Active:           406344 kB
Mem:          3.8G       744M       3.1G       5.7M        55M       314M

MemTotal:        4016004 kB
MemFree:         3253384 kB
Active:           406360 kB
Mem:          3.8G       744M       3.1G       5.7M        55M       314M

MemTotal:        4016004 kB
MemFree:         3253384 kB
Active:           406316 kB
Mem:          3.8G       744M       3.1G       5.7M        55M       314M

MemTotal:        4016004 kB
MemFree:         3253508 kB
Active:           406352 kB
Mem:          3.8G       744M       3.1G       5.7M        55M       314M

MemTotal:        4016004 kB
MemFree:         3253524 kB
Active:           406320 kB
Mem:          3.8G       744M       3.1G       5.7M        55M       314M

MemTotal:        4016004 kB
MemFree:         3253524 kB
Active:           406368 kB
Mem:          3.8G       744M       3.1G       5.7M        55M       314M

MemTotal:        4016004 kB
MemFree:         3253524 kB
Active:           406352 kB
Mem:          3.8G       744M       3.1G       5.7M        55M       314M

MemTotal:        4016004 kB
MemFree:         3253772 kB
Active:           406372 kB
Mem:          3.8G       744M       3.1G       5.7M        55M       314M

MemTotal:        4016004 kB
MemFree:         3253400 kB
Active:           406380 kB
Mem:          3.8G       744M       3.1G       5.7M        55M       314M

MemTotal:        4016004 kB
MemFree:         3252156 kB
Active:           404532 kB
Mem:          3.8G       745M       3.1G       5.7M        55M       314M

MemTotal:        4016004 kB
MemFree:         3252712 kB
Active:           406448 kB
Mem:          3.8G       745M       3.1G       5.7M        55M       314M

MemTotal:        4016004 kB
MemFree:         3252588 kB
Active:           406484 kB
Mem:          3.8G       745M       3.1G       5.7M        55M       314M

MemTotal:        4016004 kB
MemFree:         3252712 kB
Active:           406436 kB
Mem:          3.8G       745M       3.1G       5.7M        55M       314M

MemTotal:        4016004 kB
MemFree:         3252712 kB
Active:           406484 kB
Mem:          3.8G       745M       3.1G       5.7M        55M       314M

MemTotal:        4016004 kB
MemFree:         3253208 kB
Active:           406520 kB
Mem:          3.8G       745M       3.1G       5.7M        55M       314M

MemTotal:        4016004 kB
MemFree:         3253208 kB
Active:           406472 kB
Mem:          3.8G       745M       3.1G       5.7M        55M       314M

MemTotal:        4016004 kB
MemFree:         3253084 kB
Active:           406488 kB
Mem:          3.8G       745M       3.1G       5.7M        55M       314M

MemTotal:        4016004 kB
MemFree:         3253208 kB
Active:           406516 kB
Mem:          3.8G       744M       3.1G       5.7M        55M       314M

MemTotal:        4016004 kB
MemFree:         3252836 kB
Active:           406528 kB
Mem:          3.8G       745M       3.1G       5.7M        55M       314M

MemTotal:        4016004 kB
MemFree:         3252424 kB
Active:           404492 kB
Mem:          3.8G       745M       3.1G       5.7M        55M       314M

MemTotal:        4016004 kB
MemFree:         3252420 kB
Active:           406504 kB
Mem:          3.8G       745M       3.1G       5.7M        55M       314M

MemTotal:        4016004 kB
MemFree:         3252528 kB
Active:           406480 kB
Mem:          3.8G       745M       3.1G       5.7M        55M       314M

MemTotal:        4016004 kB
MemFree:         3252404 kB
Active:           406516 kB
Mem:          3.8G       745M       3.1G       5.7M        55M       314M

MemTotal:        4016004 kB
MemFree:         3252776 kB
Active:           406532 kB
Mem:          3.8G       745M       3.1G       5.7M        55M       314M

MemTotal:        4016004 kB
MemFree:         3252760 kB
Active:           406536 kB
Mem:          3.8G       745M       3.1G       5.7M        55M       314M

MemTotal:        4016004 kB
MemFree:         3252760 kB
Active:           406532 kB
Mem:          3.8G       745M       3.1G       5.7M        55M       314M

MemTotal:        4016004 kB
MemFree:         3253132 kB
Active:           406484 kB
Mem:          3.8G       744M       3.1G       5.7M        55M       314M

MemTotal:        4016004 kB
MemFree:         3253380 kB
Active:           406492 kB
Mem:          3.8G       744M       3.1G       5.7M        55M       314M

MemTotal:        4016004 kB
MemFree:         3253380 kB
Active:           406504 kB
Mem:          3.8G       744M       3.1G       5.7M        55M       314M

MemTotal:        4016004 kB
MemFree:         3253520 kB
Active:           406508 kB
Mem:          3.8G       744M       3.1G       5.7M        55M       314M

MemTotal:        4016004 kB
MemFree:         3253272 kB
Active:           406548 kB
Mem:          3.8G       744M       3.1G       5.7M        55M       314M

MemTotal:        4016004 kB
MemFree:         3253396 kB
Active:           406540 kB
Mem:          3.8G       744M       3.1G       5.7M        55M       314M

MemTotal:        4016004 kB
MemFree:         3253116 kB
Active:           406668 kB
Mem:          3.8G       745M       3.1G       5.7M        55M       314M

MemTotal:        4016004 kB
MemFree:         3212952 kB
Active:           407068 kB
Mem:          3.8G       784M       3.1G       5.7M        55M       353M

MemTotal:        4016004 kB
MemFree:         3168836 kB
Active:           407100 kB
Mem:          3.8G       827M       3.0G       5.7M        55M       396M

MemTotal:        4016004 kB
MemFree:         3124472 kB
Active:           407172 kB
Mem:          3.8G       871M       3.0G       5.7M        55M       439M

MemTotal:        4016004 kB
MemFree:         3079332 kB
Active:           407200 kB
Mem:          3.8G       914M       2.9G       5.7M        55M       481M

MemTotal:        4016004 kB
MemFree:         3036256 kB
Active:           407224 kB
Mem:          3.8G       957M       2.9G       5.7M        55M       525M

MemTotal:        4016004 kB
MemFree:         2990900 kB
Active:           407244 kB
Mem:          3.8G       1.0G       2.9G       5.7M        55M       567M

MemTotal:        4016004 kB
MemFree:         2946412 kB
Active:           407272 kB
Mem:          3.8G       1.0G       2.8G       5.7M        55M       610M

MemTotal:        4016004 kB
MemFree:         2902296 kB
Active:           407296 kB
Mem:          3.8G       1.1G       2.8G       5.7M        55M       653M

MemTotal:        4016004 kB
MemFree:         2857972 kB
Active:           407316 kB
Mem:          3.8G       1.1G       2.7G       5.7M        55M       695M

MemTotal:        4016004 kB
MemFree:         2813672 kB
Active:           407300 kB
Mem:          3.8G       1.1G       2.7G       5.7M        55M       738M

MemTotal:        4016004 kB
MemFree:         2770300 kB
Active:           407364 kB
Mem:          3.8G       1.2G       2.6G       5.7M        55M       779M

MemTotal:        4016004 kB
MemFree:         2745744 kB
Active:           407352 kB
Mem:          3.8G       1.2G       2.6G       5.7M        55M       802M

MemTotal:        4016004 kB
MemFree:         2701972 kB
Active:           407372 kB
Mem:          3.8G       1.3G       2.6G       5.7M        55M       845M

MemTotal:        4016004 kB
MemFree:         2694976 kB
Active:           407436 kB
Mem:          3.8G       1.3G       2.6G       5.7M        55M       851M

MemTotal:        4016004 kB
MemFree:         2649980 kB
Active:           407448 kB
Mem:          3.8G       1.3G       2.5G       5.7M        55M       894M

MemTotal:        4016004 kB
MemFree:         2606520 kB
Active:           407468 kB
Mem:          3.8G       1.3G       2.5G       5.7M        55M       935M

MemTotal:        4016004 kB
MemFree:         2606148 kB
Active:           407448 kB
Mem:          3.8G       1.3G       2.5G       5.7M        55M       935M

MemTotal:        4016004 kB
MemFree:         2579876 kB
Active:           407444 kB
Mem:          3.8G       1.4G       2.5G       5.7M        55M       962M

MemTotal:        4016004 kB
MemFree:         2536364 kB
Active:           407512 kB
Mem:          3.8G       1.4G       2.4G       5.7M        55M       1.0G

MemTotal:        4016004 kB
MemFree:         2491380 kB
Active:           407536 kB
Mem:          3.8G       1.5G       2.4G       5.7M        55M       1.0G

MemTotal:        4016004 kB
MemFree:         2447264 kB
Active:           407556 kB
Mem:          3.8G       1.5G       2.3G       5.7M        55M       1.1G

MemTotal:        4016004 kB
MemFree:         2402420 kB
Active:           407588 kB
Mem:          3.8G       1.5G       2.3G       5.7M        55M       1.1G

MemTotal:        4016004 kB
MemFree:         2357808 kB
Active:           407612 kB
Mem:          3.8G       1.6G       2.2G       5.7M        55M       1.1G

MemTotal:        4016004 kB
MemFree:         2341284 kB
Active:           407632 kB
Mem:          3.8G       1.6G       2.2G       5.7M        55M       1.2G

MemTotal:        4016004 kB
MemFree:         2304864 kB
Active:           407604 kB
Mem:          3.8G       1.6G       2.2G       5.7M        55M       1.2G

MemTotal:        4016004 kB
MemFree:         2260624 kB
Active:           407668 kB
Mem:          3.8G       1.7G       2.2G       5.7M        55M       1.2G

MemTotal:        4016004 kB
MemFree:         2237608 kB
Active:           409752 kB
Mem:          3.8G       1.7G       2.1G       5.7M        55M       1.3G

MemTotal:        4016004 kB
MemFree:         2235904 kB
Active:           409720 kB
Mem:          3.8G       1.7G       2.1G       5.7M        55M       1.3G

MemTotal:        4016004 kB
MemFree:         2208288 kB
Active:           409720 kB
Mem:          3.8G       1.7G       2.1G       5.7M        55M       1.3G

MemTotal:        4016004 kB
MemFree:         2163096 kB
Active:           409784 kB
Mem:          3.8G       1.8G       2.1G       5.7M        55M       1.3G

MemTotal:        4016004 kB
MemFree:         2118788 kB
Active:           409804 kB
Mem:          3.8G       1.8G       2.0G       5.7M        55M       1.4G

MemTotal:        4016004 kB
MemFree:         2074116 kB
Active:           409832 kB
Mem:          3.8G       1.9G       2.0G       5.7M        55M       1.4G

MemTotal:        4016004 kB
MemFree:         2029892 kB
Active:           409856 kB
Mem:          3.8G       1.9G       1.9G       5.7M        55M       1.5G

MemTotal:        4016004 kB
MemFree:         1986116 kB
Active:           409876 kB
Mem:          3.8G       1.9G       1.9G       5.7M        55M       1.5G

MemTotal:        4016004 kB
MemFree:         1941752 kB
Active:           409900 kB
Mem:          3.8G       2.0G       1.9G       5.7M        55M       1.5G

MemTotal:        4016004 kB
MemFree:         1897140 kB
Active:           409932 kB
Mem:          3.8G       2.0G       1.8G       5.7M        55M       1.6G

MemTotal:        4016004 kB
MemFree:         1853268 kB
Active:           410068 kB
Mem:          3.8G       2.1G       1.8G       5.7M        55M       1.6G

MemTotal:        4016004 kB
MemFree:         1808876 kB
Active:           410012 kB
Mem:          3.8G       2.1G       1.7G       5.7M        55M       1.7G

MemTotal:        4016004 kB
MemFree:         1779116 kB
Active:           410040 kB
Mem:          3.8G       2.1G       1.7G       5.7M        55M       1.7G

MemTotal:        4016004 kB
MemFree:         1773868 kB
Active:           410064 kB
Mem:          3.8G       2.1G       1.7G       5.7M        55M       1.7G

MemTotal:        4016004 kB
MemFree:         1730544 kB
Active:           410068 kB
Mem:          3.8G       2.2G       1.7G       5.7M        55M       1.7G

MemTotal:        4016004 kB
MemFree:         1730328 kB
Active:           410036 kB
Mem:          3.8G       2.2G       1.7G       5.7M        55M       1.7G

MemTotal:        4016004 kB
MemFree:         1718148 kB
Active:           410040 kB
Mem:          3.8G       2.2G       1.6G       5.7M        55M       1.7G

MemTotal:        4016004 kB
MemFree:         1674960 kB
Active:           410072 kB
Mem:          3.8G       2.2G       1.6G       5.7M        56M       1.8G

MemTotal:        4016004 kB
MemFree:         1629728 kB
Active:           410128 kB
Mem:          3.8G       2.3G       1.6G       5.7M        56M       1.8G

MemTotal:        4016004 kB
MemFree:         1585240 kB
Active:           410148 kB
Mem:          3.8G       2.3G       1.5G       5.7M        56M       1.9G

MemTotal:        4016004 kB
MemFree:         1541480 kB
Active:           410144 kB
Mem:          3.8G       2.4G       1.5G       5.7M        56M       1.9G

MemTotal:        4016004 kB
MemFree:         1497132 kB
Active:           410188 kB
Mem:          3.8G       2.4G       1.4G       5.7M        56M       2.0G

MemTotal:        4016004 kB
MemFree:         1452380 kB
Active:           410216 kB
Mem:          3.8G       2.4G       1.4G       5.7M        56M       2.0G

MemTotal:        4016004 kB
MemFree:         1408216 kB
Active:           410212 kB
Mem:          3.8G       2.5G       1.3G       5.7M        56M       2.0G

MemTotal:        4016004 kB
MemFree:         1363752 kB
Active:           410268 kB
Mem:          3.8G       2.5G       1.3G       5.7M        56M       2.1G

MemTotal:        4016004 kB
MemFree:         1323728 kB
Active:           410244 kB
Mem:          3.8G       2.6G       1.3G       5.7M        56M       2.1G

MemTotal:        4016004 kB
MemFree:         1309292 kB
Active:           410288 kB
Mem:          3.8G       2.6G       1.2G       5.7M        56M       2.1G

MemTotal:        4016004 kB
MemFree:         1264920 kB
Active:           410344 kB
Mem:          3.8G       2.6G       1.2G       5.7M        56M       2.2G

MemTotal:        4016004 kB
MemFree:         1220628 kB
Active:           410368 kB
Mem:          3.8G       2.7G       1.2G       5.7M        56M       2.2G

MemTotal:        4016004 kB
MemFree:         1177796 kB
Active:           410388 kB
Mem:          3.8G       2.7G       1.1G       5.7M        56M       2.3G

MemTotal:        4016004 kB
MemFree:         1144356 kB
Active:           410372 kB
Mem:          3.8G       2.7G       1.1G       5.7M        56M       2.3G

MemTotal:        4016004 kB
MemFree:         1099572 kB
Active:           412404 kB
Mem:          3.8G       2.8G       1.0G       5.7M        56M       2.3G

MemTotal:        4016004 kB
MemFree:         1055704 kB
Active:           412440 kB
Mem:          3.8G       2.8G       1.0G       5.7M        56M       2.4G

MemTotal:        4016004 kB
MemFree:         1011000 kB
Active:           412496 kB
Mem:          3.8G       2.9G       986M       5.7M        56M       2.4G

MemTotal:        4016004 kB
MemFree:          966140 kB
Active:           412524 kB
Mem:          3.8G       2.9G       943M       5.7M        56M       2.5G

MemTotal:        4016004 kB
MemFree:          921324 kB
Active:           412564 kB
Mem:          3.8G       3.0G       899M       5.7M        56M       2.5G

MemTotal:        4016004 kB
MemFree:          877828 kB
Active:           412536 kB
Mem:          3.8G       3.0G       856M       5.7M        56M       2.5G

MemTotal:        4016004 kB
MemFree:          833416 kB
Active:           412596 kB
Mem:          3.8G       3.0G       813M       5.7M        56M       2.6G

MemTotal:        4016004 kB
MemFree:          788232 kB
Active:           412624 kB
Mem:          3.8G       3.1G       769M       5.7M        56M       2.6G

MemTotal:        4016004 kB
MemFree:          745884 kB
Active:           412684 kB
Mem:          3.8G       3.1G       728M       5.7M        56M       2.7G

MemTotal:        4016004 kB
MemFree:          725748 kB
Active:           410768 kB
Mem:          3.8G       3.1G       708M       5.7M        56M       2.7G

MemTotal:        4016004 kB
MemFree:          682572 kB
Active:           412712 kB
Mem:          3.8G       3.2G       665M       5.7M        56M       2.7G

MemTotal:        4016004 kB
MemFree:          637664 kB
Active:           412860 kB
Mem:          3.8G       3.2G       622M       5.7M        56M       2.8G

MemTotal:        4016004 kB
MemFree:          593516 kB
Active:           412760 kB
Mem:          3.8G       3.3G       578M       5.7M        56M       2.8G

MemTotal:        4016004 kB
MemFree:          548556 kB
Active:           412912 kB
Mem:          3.8G       3.3G       535M       5.7M        56M       2.8G

MemTotal:        4016004 kB
MemFree:          504944 kB
Active:           412816 kB
Mem:          3.8G       3.3G       492M       5.7M        56M       2.9G

MemTotal:        4016004 kB
MemFree:          459868 kB
Active:           412996 kB
Mem:          3.8G       3.4G       448M       5.7M        56M       2.9G

MemTotal:        4016004 kB
MemFree:          415256 kB
Active:           412736 kB
Mem:          3.8G       3.4G       405M       5.7M        56M       3.0G

MemTotal:        4016004 kB
MemFree:          370672 kB
Active:           412844 kB
Mem:          3.8G       3.5G       361M       5.7M        56M       3.0G

MemTotal:        4016004 kB
MemFree:          359912 kB
Active:           412796 kB
Mem:          3.8G       3.5G       351M       5.7M        56M       3.0G

MemTotal:        4016004 kB
MemFree:          358528 kB
Active:           412932 kB
Mem:          3.8G       3.5G       349M       5.7M        56M       3.0G

MemTotal:        4016004 kB
MemFree:          358252 kB
Active:           413024 kB
Mem:          3.8G       3.5G       349M       5.7M        56M       3.0G

MemTotal:        4016004 kB
MemFree:          358084 kB
Active:           412956 kB
Mem:          3.8G       3.5G       349M       5.7M        56M       3.0G

MemTotal:        4016004 kB
MemFree:          320204 kB
Active:           412800 kB
Mem:          3.8G       3.5G       312M       5.7M        56M       3.1G

MemTotal:        4016004 kB
MemFree:          275748 kB
Active:           413008 kB
Mem:          3.8G       3.6G       269M       5.7M        56M       3.1G

MemTotal:        4016004 kB
MemFree:          231632 kB
Active:           412752 kB
Mem:          3.8G       3.6G       225M       5.7M        56M       3.1G

MemTotal:        4016004 kB
MemFree:          187052 kB
Active:           412876 kB
Mem:          3.8G       3.7G       182M       5.7M        56M       3.2G

MemTotal:        4016004 kB
MemFree:          142920 kB
Active:           412788 kB
Mem:          3.8G       3.7G       138M       5.7M        56M       3.2G

MemTotal:        4016004 kB
MemFree:          134160 kB
Active:           410028 kB
Mem:          3.8G       3.7G       129M       5.7M        22M       3.3G

MemTotal:        4016004 kB
MemFree:          144712 kB
Active:           429256 kB
Mem:          3.8G       3.7G       140M       5.7M        21M       3.3G

MemTotal:        4016004 kB
MemFree:          117320 kB
Active:           453208 kB
Mem:          3.8G       3.7G       114M       5.7M        21M       3.3G

MemTotal:        4016004 kB
MemFree:          149948 kB
Active:           473816 kB
Mem:          3.8G       3.7G       142M       5.7M        21M       3.3G

MemTotal:        4016004 kB
MemFree:          106260 kB
Active:           473900 kB
Mem:          3.8G       3.7G       102M       5.7M        21M       3.3G

MemTotal:        4016004 kB
MemFree:          115164 kB
Active:           467752 kB
Mem:          3.8G       3.7G       112M       5.7M        21M       3.3G

MemTotal:        4016004 kB
MemFree:          117836 kB
Active:           464308 kB
Mem:          3.8G       3.7G       114M       5.7M        21M       3.3G

MemTotal:        4016004 kB
MemFree:          113156 kB
Active:           464212 kB
Mem:          3.8G       3.7G       110M       5.7M        21M       3.3G

MemTotal:        4016004 kB
MemFree:          113016 kB
Active:           464312 kB
Mem:          3.8G       3.7G       109M       5.7M        21M       3.3G

MemTotal:        4016004 kB
MemFree:          112332 kB
Active:           464452 kB
Mem:          3.8G       3.7G       109M       5.7M        21M       3.3G

MemTotal:        4016004 kB
MemFree:          110280 kB
Active:           459880 kB
Mem:          3.8G       3.7G       107M       5.7M        21M       3.3G

MemTotal:        4016004 kB
MemFree:          127548 kB
Active:           452540 kB
Mem:          3.8G       3.7G       124M       5.7M        21M       3.3G

MemTotal:        4016004 kB
MemFree:          105880 kB
Active:           448592 kB
Mem:          3.8G       3.7G       102M       5.7M        21M       3.3G

MemTotal:        4016004 kB
MemFree:          127924 kB
Active:           442092 kB
Mem:          3.8G       3.7G       124M       5.7M        21M       3.3G

MemTotal:        4016004 kB
MemFree:          131648 kB
Active:           437248 kB
Mem:          3.8G       3.7G       127M       5.7M        21M       3.3G

MemTotal:        4016004 kB
MemFree:          129000 kB
Active:           432544 kB
Mem:          3.8G       3.7G       125M       5.7M        21M       3.3G

MemTotal:        4016004 kB
MemFree:          121228 kB
Active:           431412 kB
Mem:          3.8G       3.7G       118M       5.7M        21M       3.3G

MemTotal:        4016004 kB
MemFree:          123720 kB
Active:           429516 kB
Mem:          3.8G       3.7G       120M       5.7M        21M       3.3G

MemTotal:        4016004 kB
MemFree:          131420 kB
Active:           427360 kB
Mem:          3.8G       3.7G       127M       5.7M        21M       3.3G

MemTotal:        4016004 kB
MemFree:          137140 kB
Active:           425796 kB
Mem:          3.8G       3.7G       133M       5.7M        21M       3.3G

MemTotal:        4016004 kB
MemFree:          124624 kB
Active:           425684 kB
Mem:          3.8G       3.7G       121M       5.7M        21M       3.3G

MemTotal:        4016004 kB
MemFree:          115604 kB
Active:           424736 kB
Mem:          3.8G       3.7G       112M       5.7M        21M       3.3G

MemTotal:        4016004 kB
MemFree:          124932 kB
Active:           422048 kB
Mem:          3.8G       3.7G       121M       5.7M        21M       3.3G

MemTotal:        4016004 kB
MemFree:          108820 kB
Active:           422012 kB
Mem:          3.8G       3.7G       106M       5.7M        21M       3.3G

MemTotal:        4016004 kB
MemFree:          125764 kB
Active:           420428 kB
Mem:          3.8G       3.7G       122M       5.7M        21M       3.3G

MemTotal:        4016004 kB
MemFree:          104908 kB
Active:           419048 kB
Mem:          3.8G       3.7G       108M       5.7M        21M       3.3G

MemTotal:        4016004 kB
MemFree:          106756 kB
Active:           417148 kB
Mem:          3.8G       3.7G       103M       5.7M        21M       3.3G

MemTotal:        4016004 kB
MemFree:          127652 kB
Active:           415128 kB
Mem:          3.8G       3.7G       124M       5.7M        21M       3.3G

MemTotal:        4016004 kB
MemFree:          108920 kB
Active:           414252 kB
Mem:          3.8G       3.7G       106M       5.7M        21M       3.3G

MemTotal:        4016004 kB
MemFree:          135892 kB
Active:           412100 kB
Mem:          3.8G       3.7G       132M       5.7M        22M       3.3G

MemTotal:        4016004 kB
MemFree:          133108 kB
Active:           410464 kB
Mem:          3.8G       3.7G       129M       5.7M        22M       3.3G

MemTotal:        4016004 kB
MemFree:          135016 kB
Active:           408564 kB
Mem:          3.8G       3.7G       131M       5.7M        22M       3.3G

MemTotal:        4016004 kB
MemFree:          132100 kB
Active:           407180 kB
Mem:          3.8G       3.7G       128M       5.7M        22M       3.3G

MemTotal:        4016004 kB
MemFree:          136916 kB
Active:           405792 kB
Mem:          3.8G       3.7G       133M       5.7M        22M       3.3G

MemTotal:        4016004 kB
MemFree:          105784 kB
Active:           405660 kB
Mem:          3.8G       3.7G       103M       5.7M        22M       3.3G

MemTotal:        4016004 kB
MemFree:          131100 kB
Active:           404680 kB
Mem:          3.8G       3.7G       128M       5.7M        22M       3.3G

MemTotal:        4016004 kB
MemFree:          126128 kB
Active:           404156 kB
Mem:          3.8G       3.7G       122M       5.7M        22M       3.3G

MemTotal:        4016004 kB
MemFree:          123264 kB
Active:           402692 kB
Mem:          3.8G       3.7G       119M       5.7M        22M       3.3G

MemTotal:        4016004 kB
MemFree:          128608 kB
Active:           401252 kB
Mem:          3.8G       3.7G       125M       5.7M        22M       3.3G

MemTotal:        4016004 kB
MemFree:          123204 kB
Active:           400044 kB
Mem:          3.8G       3.7G       120M       5.7M        22M       3.3G

MemTotal:        4016004 kB
MemFree:          107568 kB
Active:           399120 kB
Mem:          3.8G       3.7G       104M       5.7M        22M       3.3G

MemTotal:        4016004 kB
MemFree:          129716 kB
Active:           396896 kB
Mem:          3.8G       3.7G       126M       5.7M        22M       3.3G

MemTotal:        4016004 kB
MemFree:          122748 kB
Active:           395892 kB
Mem:          3.8G       3.7G       119M       5.7M        22M       3.3G

MemTotal:        4016004 kB
MemFree:          114540 kB
Active:           394764 kB
Mem:          3.8G       3.7G       111M       5.7M        22M       3.3G

MemTotal:        4016004 kB
MemFree:          131664 kB
Active:           391032 kB
Mem:          3.8G       3.7G       128M       5.7M        22M       3.3G

MemTotal:        4016004 kB
MemFree:          129340 kB
Active:           387940 kB
Mem:          3.8G       3.7G       126M       5.7M        22M       3.3G

MemTotal:        4016004 kB
MemFree:          127676 kB
Active:           386596 kB
Mem:          3.8G       3.7G       124M       5.7M        22M       3.3G

MemTotal:        4016004 kB
MemFree:          136616 kB
Active:           385344 kB
Mem:          3.8G       3.7G       132M       5.7M        22M       3.3G

MemTotal:        4016004 kB
MemFree:          127260 kB
Active:           384336 kB
Mem:          3.8G       3.7G       124M       5.7M        22M       3.3G

MemTotal:        4016004 kB
MemFree:          107960 kB
Active:           383716 kB
Mem:          3.8G       3.7G       105M       5.7M        22M       3.3G

MemTotal:        4016004 kB
MemFree:          125224 kB
Active:           381948 kB
Mem:          3.8G       3.7G       122M       5.7M        22M       3.3G

MemTotal:        4016004 kB
MemFree:          132904 kB
Active:           381844 kB
Mem:          3.8G       3.7G       129M       5.7M        22M       3.3G

MemTotal:        4016004 kB
MemFree:          130832 kB
Active:           380440 kB
Mem:          3.8G       3.7G       127M       5.7M        22M       3.3G

MemTotal:        4016004 kB
MemFree:          129280 kB
Active:           378796 kB
Mem:          3.8G       3.7G       125M       5.7M        22M       3.3G

MemTotal:        4016004 kB
MemFree:          122172 kB
Active:           377756 kB
Mem:          3.8G       3.7G       119M       5.7M        22M       3.3G

MemTotal:        4016004 kB
MemFree:          128484 kB
Active:           376124 kB
Mem:          3.8G       3.7G       124M       5.7M        22M       3.3G

MemTotal:        4016004 kB
MemFree:          125208 kB
Active:           375232 kB
Mem:          3.8G       3.7G       122M       5.7M        22M       3.3G

MemTotal:        4016004 kB
MemFree:          130088 kB
Active:           373648 kB
Mem:          3.8G       3.7G       126M       5.7M        22M       3.3G

MemTotal:        4016004 kB
MemFree:          115416 kB
Active:           372516 kB
Mem:          3.8G       3.7G       112M       5.7M        22M       3.3G

MemTotal:        4016004 kB
MemFree:          119152 kB
Active:           371388 kB
Mem:          3.8G       3.7G       116M       5.7M        22M       3.3G

MemTotal:        4016004 kB
MemFree:          118840 kB
Active:           371372 kB
Mem:          3.8G       3.7G       116M       5.7M        22M       3.3G

MemTotal:        4016004 kB
MemFree:          109396 kB
Active:           371372 kB
Mem:          3.8G       3.7G       105M       5.7M        22M       3.3G

MemTotal:        4016004 kB
MemFree:          125432 kB
Active:           369772 kB
Mem:          3.8G       3.7G       122M       5.7M        22M       3.3G

MemTotal:        4016004 kB
MemFree:          124284 kB
Active:           368124 kB
Mem:          3.8G       3.7G       120M       5.7M        22M       3.3G

MemTotal:        4016004 kB
MemFree:          128380 kB
Active:           366492 kB
Mem:          3.8G       3.7G       125M       5.7M        22M       3.3G

MemTotal:        4016004 kB
MemFree:          113980 kB
Active:           365364 kB
Mem:          3.8G       3.7G       110M       5.7M        22M       3.3G

MemTotal:        4016004 kB
MemFree:          106016 kB
Active:           362244 kB
Mem:          3.8G       3.7G       103M       5.7M        22M       3.3G

MemTotal:        4016004 kB
MemFree:          108896 kB
Active:           362264 kB
Mem:          3.8G       3.7G       106M       5.7M        22M       3.3G

MemTotal:        4016004 kB
MemFree:          115952 kB
Active:           362160 kB
Mem:          3.8G       3.7G       112M       5.7M        22M       3.3G

MemTotal:        4016004 kB
MemFree:          136212 kB
Active:           362196 kB
Mem:          3.8G       3.7G       132M       5.7M        22M       3.3G

MemTotal:        4016004 kB
MemFree:          111844 kB
Active:           362168 kB
Mem:          3.8G       3.7G       108M       5.7M        22M       3.3G

MemTotal:        4016004 kB
MemFree:          127272 kB
Active:           363004 kB
Mem:          3.8G       3.7G       123M       5.7M        22M       3.3G

MemTotal:        4016004 kB
MemFree:          132232 kB
Active:           362456 kB
Mem:          3.8G       3.7G       129M       5.7M        22M       3.3G

MemTotal:        4016004 kB
MemFree:          131120 kB
Active:           362216 kB
Mem:          3.8G       3.7G       128M       5.7M        22M       3.3G

MemTotal:        4016004 kB
MemFree:          138748 kB
Active:           362240 kB
Mem:          3.8G       3.7G       134M       5.7M        22M       3.3G

MemTotal:        4016004 kB
MemFree:          111660 kB
Active:           362264 kB
Mem:          3.8G       3.7G       109M       5.7M        22M       3.3G

MemTotal:        4016004 kB
MemFree:          121440 kB
Active:           362236 kB
Mem:          3.8G       3.7G       118M       5.7M        22M       3.3G

MemTotal:        4016004 kB
MemFree:          113508 kB
Active:           362300 kB
Mem:          3.8G       3.7G       110M       5.7M        22M       3.3G

MemTotal:        4016004 kB
MemFree:          121568 kB
Active:           362196 kB
Mem:          3.8G       3.7G       118M       5.7M        22M       3.3G

MemTotal:        4016004 kB
MemFree:          127576 kB
Active:           360172 kB
Mem:          3.8G       3.7G       124M       5.7M        23M       3.3G

MemTotal:        4016004 kB
MemFree:          119676 kB
Active:           359968 kB
Mem:          3.8G       3.7G       116M       5.7M        23M       3.3G

MemTotal:        4016004 kB
MemFree:          110772 kB
Active:           362104 kB
Mem:          3.8G       3.7G       107M       5.7M        23M       3.3G

MemTotal:        4016004 kB
MemFree:          114804 kB
Active:           361204 kB
Mem:          3.8G       3.7G       111M       5.7M        23M       3.3G

MemTotal:        4016004 kB
MemFree:          136420 kB
Active:           361224 kB
Mem:          3.8G       3.7G       132M       5.7M        23M       3.3G

MemTotal:        4016004 kB
MemFree:          136108 kB
Active:           361252 kB
Mem:          3.8G       3.7G       132M       5.7M        23M       3.3G

MemTotal:        4016004 kB
MemFree:          110744 kB
Active:           361268 kB
Mem:          3.8G       3.7G       107M       5.7M        23M       3.3G

MemTotal:        4016004 kB
MemFree:          110188 kB
Active:           361232 kB
Mem:          3.8G       3.7G       107M       5.7M        23M       3.3G

MemTotal:        4016004 kB
MemFree:          129120 kB
Active:           361228 kB
Mem:          3.8G       3.7G       125M       5.7M        23M       3.3G

MemTotal:        4016004 kB
MemFree:          130108 kB
Active:           361292 kB
Mem:          3.8G       3.7G       126M       5.7M        23M       3.3G

MemTotal:        4016004 kB
MemFree:          121148 kB
Active:           361288 kB
Mem:          3.8G       3.7G       118M       5.7M        23M       3.3G

MemTotal:        4016004 kB
MemFree:          125472 kB
Active:           361320 kB
Mem:          3.8G       3.7G       122M       5.7M        23M       3.3G

MemTotal:        4016004 kB
MemFree:          131680 kB
Active:           361376 kB
Mem:          3.8G       3.7G       127M       5.7M        23M       3.3G

MemTotal:        4016004 kB
MemFree:          140492 kB
Active:           361400 kB
Mem:          3.8G       3.7G       136M       5.7M        23M       3.2G

MemTotal:        4016004 kB
MemFree:          132800 kB
Active:           361380 kB
Mem:          3.8G       3.7G       129M       5.7M        23M       3.3G

MemTotal:        4016004 kB
MemFree:          126108 kB
Active:           361400 kB
Mem:          3.8G       3.7G       123M       5.7M        23M       3.3G

MemTotal:        4016004 kB
MemFree:          121376 kB
Active:           361428 kB
Mem:          3.8G       3.7G       117M       5.7M        23M       3.3G

MemTotal:        4016004 kB
MemFree:          118248 kB
Active:           361452 kB
Mem:          3.8G       3.7G       115M       5.7M        23M       3.3G

MemTotal:        4016004 kB
MemFree:          118236 kB
Active:           361504 kB
Mem:          3.8G       3.7G       115M       5.7M        23M       3.3G

MemTotal:        4016004 kB
MemFree:          126216 kB
Active:           361516 kB
Mem:          3.8G       3.7G       122M       5.7M        23M       3.3G

MemTotal:        4016004 kB
MemFree:          128228 kB
Active:           361392 kB
Mem:          3.8G       3.7G       124M       5.7M        23M       3.3G

MemTotal:        4016004 kB
MemFree:          126552 kB
Active:           361344 kB
Mem:          3.8G       3.7G       123M       5.7M        23M       3.3G

MemTotal:        4016004 kB
MemFree:          119320 kB
Active:           361364 kB
Mem:          3.8G       3.7G       116M       5.7M        23M       3.3G

MemTotal:        4016004 kB
MemFree:          111660 kB
Active:           361388 kB
Mem:          3.8G       3.7G       108M       5.7M        23M       3.3G

MemTotal:        4016004 kB
MemFree:          114492 kB
Active:           361412 kB
Mem:          3.8G       3.7G       111M       5.7M        23M       3.3G

MemTotal:        4016004 kB
MemFree:          118912 kB
Active:           361432 kB
Mem:          3.8G       3.7G       116M       5.7M        23M       3.3G

MemTotal:        4016004 kB
MemFree:          129040 kB
Active:           361432 kB
Mem:          3.8G       3.7G       125M       5.7M        23M       3.3G

MemTotal:        4016004 kB
MemFree:          121304 kB
Active:           361484 kB
Mem:          3.8G       3.7G       117M       5.7M        23M       3.3G

MemTotal:        4016004 kB
MemFree:          115168 kB
Active:           359960 kB
Mem:          3.8G       3.7G       112M       5.7M        23M       3.3G

MemTotal:        4016004 kB
MemFree:          112816 kB
Active:           359788 kB
Mem:          3.8G       3.7G       110M       5.7M        23M       3.3G

MemTotal:        4016004 kB
MemFree:          123816 kB
Active:           359812 kB
Mem:          3.8G       3.7G       120M       5.7M        23M       3.3G

MemTotal:        4016004 kB
MemFree:          123940 kB
Active:           359780 kB
Mem:          3.8G       3.7G       120M       5.7M        23M       3.3G

MemTotal:        4016004 kB
MemFree:          124128 kB
Active:           359832 kB
Mem:          3.8G       3.7G       120M       5.7M        23M       3.3G

MemTotal:        4016004 kB
MemFree:          124104 kB
Active:           359804 kB
Mem:          3.8G       3.7G       120M       5.7M        23M       3.3G

MemTotal:        4016004 kB
MemFree:          125156 kB
Active:           359844 kB
Mem:          3.8G       3.7G       122M       5.7M        23M       3.3G

MemTotal:        4016004 kB
MemFree:          128852 kB
Active:           359868 kB
Mem:          3.8G       3.7G       125M       5.7M        23M       3.3G

MemTotal:        4016004 kB
MemFree:          131952 kB
Active:           360000 kB
Mem:          3.8G       3.7G       128M       5.7M        23M       3.3G

MemTotal:        4016004 kB
MemFree:          114076 kB
Active:           362800 kB
Mem:          3.8G       3.7G       111M       5.7M        25M       3.3G

MemTotal:        4016004 kB
MemFree:          105632 kB
Active:           363028 kB
Mem:          3.8G       3.7G       115M       5.7M        26M       3.3G

MemTotal:        4016004 kB
MemFree:          107008 kB
Active:           363148 kB
Mem:          3.8G       3.7G       103M       5.7M        26M       3.3G

MemTotal:        4016004 kB
MemFree:          127936 kB
Active:           361740 kB
Mem:          3.8G       3.7G       124M       5.7M        26M       3.3G

MemTotal:        4016004 kB
MemFree:          130836 kB
Active:           362120 kB
Mem:          3.8G       3.7G       127M       5.7M        26M       3.3G

MemTotal:        4016004 kB
MemFree:          132872 kB
Active:           362412 kB
Mem:          3.8G       3.7G       129M       5.7M        27M       3.2G

MemTotal:        4016004 kB
MemFree:          140520 kB
Active:           362640 kB
Mem:          3.8G       3.7G       137M       5.7M        27M       3.2G

MemTotal:        4016004 kB
MemFree:          111080 kB
Active:           362844 kB
Mem:          3.8G       3.7G       108M       5.7M        27M       3.3G

MemTotal:        4016004 kB
MemFree:          106468 kB
Active:           362972 kB
Mem:          3.8G       3.7G       103M       5.7M        27M       3.3G

MemTotal:        4016004 kB
MemFree:          114932 kB
Active:           362156 kB
Mem:          3.8G       3.7G       112M       5.7M        27M       3.3G

MemTotal:        4016004 kB
MemFree:          115152 kB
Active:           362136 kB
Mem:          3.8G       3.7G       112M       5.7M        27M       3.3G

MemTotal:        4016004 kB
MemFree:          115404 kB
Active:           362120 kB
Mem:          3.8G       3.7G       112M       5.7M        27M       3.3G

MemTotal:        4016004 kB
MemFree:          118044 kB
Active:           362128 kB
Mem:          3.8G       3.7G       115M       5.7M        27M       3.3G

MemTotal:        4016004 kB
MemFree:          108212 kB
Active:           362132 kB
Mem:          3.8G       3.7G       105M       5.7M        27M       3.3G

MemTotal:        4016004 kB
MemFree:          113416 kB
Active:           360408 kB
Mem:          3.8G       3.7G       110M       5.7M        27M       3.3G

MemTotal:        4016004 kB
MemFree:          116436 kB
Active:           360420 kB
Mem:          3.8G       3.7G       112M       5.7M        27M       3.3G

MemTotal:        4016004 kB
MemFree:          105600 kB
Active:           360420 kB
Mem:          3.8G       3.7G       102M       5.7M        27M       3.3G

MemTotal:        4016004 kB
MemFree:          126520 kB
Active:           360420 kB
Mem:          3.8G       3.7G       123M       5.7M        27M       3.3G

MemTotal:        4016004 kB
MemFree:          105452 kB
Active:           360372 kB
Mem:          3.8G       3.7G       101M       5.7M        27M       3.3G

MemTotal:        4016004 kB
MemFree:          124188 kB
Active:           360440 kB
Mem:          3.8G       3.7G       121M       5.7M        27M       3.3G

MemTotal:        4016004 kB
MemFree:          128224 kB
Active:           360448 kB
Mem:          3.8G       3.7G       125M       5.7M        27M       3.3G

MemTotal:        4016004 kB
MemFree:          126344 kB
Active:           360416 kB
Mem:          3.8G       3.7G       123M       5.7M        27M       3.3G

MemTotal:        4016004 kB
MemFree:          115688 kB
Active:           360436 kB
Mem:          3.8G       3.7G       112M       5.7M        27M       3.3G

MemTotal:        4016004 kB
MemFree:          105544 kB
Active:           360472 kB
Mem:          3.8G       3.7G       102M       5.7M        27M       3.3G

MemTotal:        4016004 kB
MemFree:          134472 kB
Active:           358268 kB
Mem:          3.8G       3.7G       130M       5.7M        27M       3.2G

MemTotal:        4016004 kB
MemFree:          105400 kB
Active:           358276 kB
Mem:          3.8G       3.7G       102M       5.7M        27M       3.3G

MemTotal:        4016004 kB
MemFree:          131952 kB
Active:           358276 kB
Mem:          3.8G       3.7G       128M       5.7M        27M       3.2G

MemTotal:        4016004 kB
MemFree:          130024 kB
Active:           358276 kB
Mem:          3.8G       3.7G       126M       5.7M        27M       3.3G

MemTotal:        4016004 kB
MemFree:          119716 kB
Active:           358280 kB
Mem:          3.8G       3.7G       116M       5.7M        27M       3.3G

MemTotal:        4016004 kB
MemFree:          143008 kB
Active:           358284 kB
Mem:          3.8G       3.7G       139M       5.7M        27M       3.2G

MemTotal:        4016004 kB
MemFree:          111720 kB
Active:           358236 kB
Mem:          3.8G       3.7G       108M       5.7M        27M       3.3G

MemTotal:        4016004 kB
MemFree:          125516 kB
Active:           358300 kB
Mem:          3.8G       3.7G       122M       5.7M        27M       3.3G

MemTotal:        4016004 kB
MemFree:          128936 kB
Active:           356520 kB
Mem:          3.8G       3.7G       125M       5.7M        27M       3.3G

MemTotal:        4016004 kB
MemFree:          113180 kB
Active:           356320 kB
Mem:          3.8G       3.7G       109M       5.7M        27M       3.3G

MemTotal:        4016004 kB
MemFree:          120308 kB
Active:           356364 kB
Mem:          3.8G       3.7G       117M       5.7M        27M       3.3G

MemTotal:        4016004 kB
MemFree:          111504 kB
Active:           356368 kB
Mem:          3.8G       3.7G       108M       5.7M        27M       3.3G

MemTotal:        4016004 kB
MemFree:          124832 kB
Active:           356324 kB
Mem:          3.8G       3.7G       122M       5.7M        27M       3.3G

MemTotal:        4016004 kB
MemFree:          126260 kB
Active:           356364 kB
Mem:          3.8G       3.7G       122M       5.7M        27M       3.3G

MemTotal:        4016004 kB
MemFree:          128140 kB
Active:           356364 kB
Mem:          3.8G       3.7G       124M       5.7M        27M       3.3G

MemTotal:        4016004 kB
MemFree:          107004 kB
Active:           356372 kB
Mem:          3.8G       3.7G       103M       5.7M        27M       3.3G

MemTotal:        4016004 kB
MemFree:          126696 kB
Active:           356380 kB
Mem:          3.8G       3.7G       123M       5.7M        27M       3.3G

MemTotal:        4016004 kB
MemFree:          128128 kB
Active:           356384 kB
Mem:          3.8G       3.7G       125M       5.7M        27M       3.3G

MemTotal:        4016004 kB
MemFree:          109332 kB
Active:           353796 kB
Mem:          3.8G       3.7G       106M       5.7M        27M       3.3G

MemTotal:        4016004 kB
MemFree:          111420 kB
Active:           353624 kB
Mem:          3.8G       3.7G       108M       5.7M        27M       3.3G

MemTotal:        4016004 kB
MemFree:          109384 kB
Active:           353628 kB
Mem:          3.8G       3.7G       106M       5.7M        27M       3.3G

MemTotal:        4016004 kB
MemFree:          107084 kB
Active:           353600 kB
Mem:          3.8G       3.7G       104M       5.7M        27M       3.3G

MemTotal:        4016004 kB
MemFree:          138880 kB
Active:           354932 kB
Mem:          3.8G       3.7G       134M       5.7M        27M       3.2G

MemTotal:        4016004 kB
MemFree:          128644 kB
Active:           354908 kB
Mem:          3.8G       3.7G       125M       5.7M        27M       3.2G

MemTotal:        4016004 kB
MemFree:          120316 kB
Active:           354912 kB
Mem:          3.8G       3.7G       116M       5.7M        27M       3.3G

MemTotal:        4016004 kB
MemFree:          121720 kB
Active:           354948 kB
Mem:          3.8G       3.7G       118M       5.7M        27M       3.3G

MemTotal:        4016004 kB
MemFree:          130912 kB
Active:           354912 kB
Mem:          3.8G       3.7G       126M       5.7M        27M       3.2G

MemTotal:        4016004 kB
MemFree:          119504 kB
Active:           354956 kB
Mem:          3.8G       3.7G       116M       5.7M        27M       3.3G

MemTotal:        4016004 kB
MemFree:          109672 kB
Active:           354900 kB
Mem:          3.8G       3.7G       106M       5.7M        27M       3.3G

MemTotal:        4016004 kB
MemFree:          124008 kB
Active:           354956 kB
Mem:          3.8G       3.7G       120M       5.7M        27M       3.3G

MemTotal:        4016004 kB
MemFree:          121400 kB
Active:           354960 kB
Mem:          3.8G       3.7G       117M       5.7M        27M       3.3G

MemTotal:        4016004 kB
MemFree:          125616 kB
Active:           352624 kB
Mem:          3.8G       3.7G       122M       5.7M        27M       3.3G

MemTotal:        4016004 kB
MemFree:          127840 kB
Active:           352464 kB
Mem:          3.8G       3.7G       124M       5.7M        27M       3.2G

MemTotal:        4016004 kB
MemFree:          120856 kB
Active:           352424 kB
Mem:          3.8G       3.7G       117M       5.7M        27M       3.3G

MemTotal:        4016004 kB
MemFree:          137996 kB
Active:           352428 kB
Mem:          3.8G       3.7G       134M       5.7M        27M       3.2G

MemTotal:        4016004 kB
MemFree:          108312 kB
Active:           352476 kB
Mem:          3.8G       3.7G       105M       5.7M        27M       3.3G

MemTotal:        4016004 kB
MemFree:          106956 kB
Active:           352444 kB
Mem:          3.8G       3.7G       104M       5.7M        27M       3.3G

MemTotal:        4016004 kB
MemFree:          115976 kB
Active:           352488 kB
Mem:          3.8G       3.7G       112M       5.7M        27M       3.3G

MemTotal:        4016004 kB
MemFree:          104816 kB
Active:           352448 kB
Mem:          3.8G       3.7G       112M       5.7M        27M       3.3G

MemTotal:        4016004 kB
MemFree:          114684 kB
Active:           352492 kB
Mem:          3.8G       3.7G       111M       5.7M        27M       3.3G

MemTotal:        4016004 kB
MemFree:          105984 kB
Active:           352492 kB
Mem:          3.8G       3.7G       103M       5.7M        27M       3.3G

MemTotal:        4016004 kB
MemFree:          125400 kB
Active:           352500 kB
Mem:          3.8G       3.7G       124M       5.7M        27M       3.2G

MemTotal:        4016004 kB
MemFree:          128592 kB
Active:           352500 kB
Mem:          3.8G       3.7G       125M       5.7M        27M       3.2G

MemTotal:        4016004 kB
MemFree:          105560 kB
Active:           352476 kB
Mem:          3.8G       3.7G       108M       5.7M        27M       3.3G

MemTotal:        4016004 kB
MemFree:          131056 kB
Active:           352524 kB
Mem:          3.8G       3.7G       127M       5.7M        27M       3.2G

MemTotal:        4016004 kB
MemFree:          131296 kB
Active:           352496 kB
Mem:          3.8G       3.7G       127M       5.7M        27M       3.2G

MemTotal:        4016004 kB
MemFree:          131236 kB
Active:           352536 kB
Mem:          3.8G       3.7G       127M       5.7M        27M       3.2G

MemTotal:        4016004 kB
MemFree:          134764 kB
Active:           352500 kB
Mem:          3.8G       3.7G       131M       5.7M        27M       3.2G

MemTotal:        4016004 kB
MemFree:          142608 kB
Active:           350420 kB
Mem:          3.8G       3.7G       139M       5.7M        27M       3.2G

MemTotal:        4016004 kB
MemFree:          127532 kB
Active:           350304 kB
Mem:          3.8G       3.7G       123M       5.7M        27M       3.2G

MemTotal:        4016004 kB
MemFree:          112684 kB
Active:           350308 kB
Mem:          3.8G       3.7G       119M       5.7M        27M       3.3G

MemTotal:        4016004 kB
MemFree:          125344 kB
Active:           350312 kB
Mem:          3.8G       3.7G       122M       5.7M        27M       3.2G

MemTotal:        4016004 kB
MemFree:          104748 kB
Active:           350316 kB
Mem:          3.8G       3.7G       108M       5.7M        27M       3.3G

MemTotal:        4016004 kB
MemFree:          124988 kB
Active:           350316 kB
Mem:          3.8G       3.7G       121M       5.7M        27M       3.3G

MemTotal:        4016004 kB
MemFree:          126572 kB
Active:           350316 kB
Mem:          3.8G       3.7G       122M       5.7M        27M       3.2G

MemTotal:        4016004 kB
MemFree:          122212 kB
Active:           350316 kB
Mem:          3.8G       3.7G       119M       5.7M        27M       3.3G

MemTotal:        4016004 kB
MemFree:          126348 kB
Active:           350336 kB
Mem:          3.8G       3.7G       122M       5.7M        27M       3.2G

MemTotal:        4016004 kB
MemFree:          114176 kB
Active:           350336 kB
Mem:          3.8G       3.7G       111M       5.7M        27M       3.3G

MemTotal:        4016004 kB
MemFree:          108544 kB
Active:           350348 kB
Mem:          3.8G       3.7G       106M       5.7M        27M       3.3G

MemTotal:        4016004 kB
MemFree:          124416 kB
Active:           350348 kB
Mem:          3.8G       3.7G       121M       5.7M        27M       3.2G

MemTotal:        4016004 kB
MemFree:          128040 kB
Active:           350316 kB
Mem:          3.8G       3.7G       124M       5.7M        27M       3.2G

MemTotal:        4016004 kB
MemFree:          113412 kB
Active:           350304 kB
Mem:          3.8G       3.7G       110M       5.7M        27M       3.3G

MemTotal:        4016004 kB
MemFree:          134236 kB
Active:           349780 kB
Mem:          3.8G       3.7G       130M       5.7M        27M       3.2G

MemTotal:        4016004 kB
MemFree:          125212 kB
Active:           349744 kB
Mem:          3.8G       3.7G       121M       5.7M        27M       3.2G

MemTotal:        4016004 kB
MemFree:          123200 kB
Active:           349748 kB
Mem:          3.8G       3.7G       120M       5.7M        27M       3.3G

MemTotal:        4016004 kB
MemFree:          108400 kB
Active:           349716 kB
Mem:          3.8G       3.7G       104M       5.7M        27M       3.3G

MemTotal:        4016004 kB
MemFree:          124364 kB
Active:           349748 kB
Mem:          3.8G       3.7G       121M       5.7M        27M       3.2G

MemTotal:        4016004 kB
MemFree:          109296 kB
Active:           349760 kB
Mem:          3.8G       3.7G       106M       5.7M        27M       3.3G

MemTotal:        4016004 kB
MemFree:          116300 kB
Active:           349764 kB
Mem:          3.8G       3.7G       113M       5.7M        27M       3.3G

MemTotal:        4016004 kB
MemFree:          126568 kB
Active:           349784 kB
Mem:          3.8G       3.7G       123M       5.7M        27M       3.2G

MemTotal:        4016004 kB
MemFree:          123140 kB
Active:           349792 kB
Mem:          3.8G       3.7G       119M       5.7M        27M       3.2G

MemTotal:        4016004 kB
MemFree:          122096 kB
Active:           349792 kB
Mem:          3.8G       3.7G       118M       5.7M        27M       3.2G

MemTotal:        4016004 kB
MemFree:          126260 kB
Active:           349756 kB
Mem:          3.8G       3.7G       123M       5.7M        27M       3.2G

MemTotal:        4016004 kB
MemFree:          105452 kB
Active:           349804 kB
Mem:          3.8G       3.7G       102M       5.7M        27M       3.3G

MemTotal:        4016004 kB
MemFree:          106348 kB
Active:           349680 kB
Mem:          3.8G       3.7G       103M       5.7M        27M       3.3G

MemTotal:        4016004 kB
MemFree:          108048 kB
Active:           349680 kB
Mem:          3.8G       3.7G       104M       5.7M        27M       3.3G

MemTotal:        4016004 kB
MemFree:          123748 kB
Active:           349688 kB
Mem:          3.8G       3.7G       120M       5.7M        27M       3.2G

MemTotal:        4016004 kB
MemFree:          131944 kB
Active:           349688 kB
Mem:          3.8G       3.7G       128M       5.7M        27M       3.2G

MemTotal:        4016004 kB
MemFree:          122380 kB
Active:           349648 kB
Mem:          3.8G       3.7G       119M       5.7M        27M       3.3G

MemTotal:        4016004 kB
MemFree:          112336 kB
Active:           349612 kB
Mem:          3.8G       3.7G       109M       5.7M        27M       3.3G

MemTotal:        4016004 kB
MemFree:          112664 kB
Active:           349612 kB
Mem:          3.8G       3.7G       109M       5.7M        27M       3.3G

MemTotal:        4016004 kB
MemFree:          112040 kB
Active:           349572 kB
Mem:          3.8G       3.7G       109M       5.7M        27M       3.3G

MemTotal:        4016004 kB
MemFree:          112136 kB
Active:           349568 kB
Mem:          3.8G       3.7G       109M       5.7M        27M       3.3G

MemTotal:        4016004 kB
MemFree:          112388 kB
Active:           349564 kB
Mem:          3.8G       3.7G       109M       5.7M        27M       3.3G

MemTotal:        4016004 kB
MemFree:          133204 kB
Active:           349560 kB
Mem:          3.8G       3.7G       130M       5.7M        27M       3.2G

MemTotal:        4016004 kB
MemFree:          140236 kB
Active:           349580 kB
Mem:          3.8G       3.7G       136M       5.7M        27M       3.2G

MemTotal:        4016004 kB
MemFree:          134112 kB
Active:           349320 kB
Mem:          3.8G       3.7G       130M       5.7M        27M       3.2G

MemTotal:        4016004 kB
MemFree:          134460 kB
Active:           349272 kB
Mem:          3.8G       3.7G       131M       5.7M        27M       3.2G

MemTotal:        4016004 kB
MemFree:          134460 kB
Active:           349268 kB
Mem:          3.8G       3.7G       130M       5.7M        27M       3.2G

MemTotal:        4016004 kB
MemFree:          134460 kB
Active:           349292 kB
Mem:          3.8G       3.7G       131M       5.7M        27M       3.2G

MemTotal:        4016004 kB
MemFree:          134336 kB
Active:           349288 kB
Mem:          3.8G       3.7G       130M       5.7M        27M       3.2G

MemTotal:        4016004 kB
MemFree:          134584 kB
Active:           349296 kB
Mem:          3.8G       3.7G       131M       5.7M        27M       3.2G

MemTotal:        4016004 kB
MemFree:          134708 kB
Active:           349288 kB
Mem:          3.8G       3.7G       131M       5.7M        27M       3.2G

MemTotal:        4016004 kB
MemFree:          134708 kB
Active:           349312 kB
Mem:          3.8G       3.7G       131M       5.7M        27M       3.2G

MemTotal:        4016004 kB
MemFree:          134832 kB
Active:           349312 kB
Mem:          3.8G       3.7G       131M       5.7M        27M       3.2G

MemTotal:        4016004 kB
MemFree:          134708 kB
Active:           349308 kB
Mem:          3.8G       3.7G       131M       5.7M        27M       3.2G

MemTotal:        4016004 kB
MemFree:          134708 kB
Active:           349296 kB
Mem:          3.8G       3.7G       131M       5.7M        27M       3.2G

MemTotal:        4016004 kB
MemFree:          134584 kB
Active:           349296 kB
Mem:          3.8G       3.7G       131M       5.7M        27M       3.2G

MemTotal:        4016004 kB
MemFree:          134708 kB
Active:           349292 kB
Mem:          3.8G       3.7G       131M       5.7M        27M       3.2G

MemTotal:        4016004 kB
MemFree:          134708 kB
Active:           349296 kB
Mem:          3.8G       3.7G       131M       5.7M        27M       3.2G

MemTotal:        4016004 kB
MemFree:          134832 kB
Active:           349308 kB
Mem:          3.8G       3.7G       131M       5.7M        27M       3.2G

MemTotal:        4016004 kB
MemFree:          134708 kB
Active:           349288 kB
Mem:          3.8G       3.7G       131M       5.7M        27M       3.2G

MemTotal:        4016004 kB
MemFree:          134708 kB
Active:           349284 kB
Mem:          3.8G       3.7G       131M       5.7M        27M       3.2G

MemTotal:        4016004 kB
MemFree:          134832 kB
Active:           349308 kB
Mem:          3.8G       3.7G       131M       5.7M        27M       3.2G

MemTotal:        4016004 kB
MemFree:          134832 kB
Active:           349300 kB
Mem:          3.8G       3.7G       131M       5.7M        27M       3.2G

MemTotal:        4016004 kB
MemFree:          134584 kB
Active:           349300 kB
Mem:          3.8G       3.7G       131M       5.7M        27M       3.2G

MemTotal:        4016004 kB
MemFree:          134708 kB
Active:           349296 kB
Mem:          3.8G       3.7G       131M       5.7M        27M       3.2G

MemTotal:        4016004 kB
MemFree:          134708 kB
Active:           349340 kB
Mem:          3.8G       3.7G       131M       5.7M        27M       3.2G

MemTotal:        4016004 kB
MemFree:          134584 kB
Active:           349316 kB
Mem:          3.8G       3.7G       131M       5.7M        27M       3.2G

MemTotal:        4016004 kB
MemFree:          134584 kB
Active:           349300 kB
Mem:          3.8G       3.7G       131M       5.7M        27M       3.2G

MemTotal:        4016004 kB
MemFree:          134708 kB
Active:           349328 kB
Mem:          3.8G       3.7G       131M       5.7M        27M       3.2G

MemTotal:        4016004 kB
MemFree:          134336 kB
Active:           349312 kB
Mem:          3.8G       3.7G       130M       5.7M        27M       3.2G

MemTotal:        4016004 kB
MemFree:          134460 kB
Active:           349316 kB
Mem:          3.8G       3.7G       130M       5.7M        27M       3.2G

MemTotal:        4016004 kB
MemFree:          134336 kB
Active:           349308 kB
Mem:          3.8G       3.7G       130M       5.7M        27M       3.2G

MemTotal:        4016004 kB
MemFree:          134460 kB
Active:           349320 kB
Mem:          3.8G       3.7G       130M       5.7M        27M       3.2G

MemTotal:        4016004 kB
MemFree:          134240 kB
Active:           349332 kB
Mem:          3.8G       3.7G       131M       5.7M        27M       3.2G

MemTotal:        4016004 kB
MemFree:          134336 kB
Active:           349320 kB
Mem:          3.8G       3.7G       131M       5.7M        27M       3.2G

MemTotal:        4016004 kB
MemFree:          134460 kB
Active:           349344 kB
Mem:          3.8G       3.7G       130M       5.7M        27M       3.2G

MemTotal:        4016004 kB
MemFree:          134460 kB
Active:           349364 kB
Mem:          3.8G       3.7G       130M       5.7M        27M       3.2G

MemTotal:        4016004 kB
MemFree:          134708 kB
Active:           349332 kB
Mem:          3.8G       3.7G       131M       5.7M        27M       3.2G

MemTotal:        4016004 kB
MemFree:          134584 kB
Active:           349344 kB
Mem:          3.8G       3.7G       131M       5.7M        27M       3.2G

MemTotal:        4016004 kB
MemFree:          134584 kB
Active:           349352 kB
Mem:          3.8G       3.7G       131M       5.7M        27M       3.2G

MemTotal:        4016004 kB
MemFree:          134584 kB
Active:           349352 kB
Mem:          3.8G       3.7G       131M       5.7M        27M       3.2G

MemTotal:        4016004 kB
MemFree:          134708 kB
Active:           349344 kB
Mem:          3.8G       3.7G       131M       5.7M        27M       3.2G

MemTotal:        4016004 kB
MemFree:          134584 kB
Active:           349344 kB
Mem:          3.8G       3.7G       131M       5.7M        27M       3.2G

MemTotal:        4016004 kB
MemFree:          134584 kB
Active:           349352 kB
Mem:          3.8G       3.7G       131M       5.7M        27M       3.2G

MemTotal:        4016004 kB
MemFree:          134584 kB
Active:           349364 kB
Mem:          3.8G       3.7G       130M       5.7M        27M       3.2G

MemTotal:        4016004 kB
MemFree:          134584 kB
Active:           349360 kB
Mem:          3.8G       3.7G       131M       5.7M        27M       3.2G

MemTotal:        4016004 kB
MemFree:          134460 kB
Active:           349360 kB
Mem:          3.8G       3.7G       131M       5.7M        27M       3.2G

MemTotal:        4016004 kB
MemFree:          134584 kB
Active:           349376 kB
Mem:          3.8G       3.7G       130M       5.7M        27M       3.2G

MemTotal:        4016004 kB
MemFree:          134460 kB
Active:           349372 kB
Mem:          3.8G       3.7G       131M       5.7M        27M       3.2G

MemTotal:        4016004 kB
MemFree:          134460 kB
Active:           349368 kB
Mem:          3.8G       3.7G       131M       5.7M        27M       3.2G

MemTotal:        4016004 kB
MemFree:          134460 kB
Active:           349364 kB
Mem:          3.8G       3.7G       131M       5.7M        27M       3.2G

MemTotal:        4016004 kB
MemFree:          134460 kB
Active:           349384 kB
Mem:          3.8G       3.7G       131M       5.7M        27M       3.2G

MemTotal:        4016004 kB
MemFree:          134584 kB
Active:           349372 kB
Mem:          3.8G       3.7G       131M       5.7M        27M       3.2G

MemTotal:        4016004 kB
MemFree:          134336 kB
Active:           349420 kB
Mem:          3.8G       3.7G       130M       5.7M        27M       3.2G

MemTotal:        4016004 kB
MemFree:          134832 kB
Active:           349388 kB
Mem:          3.8G       3.7G       131M       5.7M        27M       3.2G

MemTotal:        4016004 kB
MemFree:          134708 kB
Active:           349408 kB
Mem:          3.8G       3.7G       131M       5.7M        27M       3.2G

MemTotal:        4016004 kB
MemFree:          134708 kB
Active:           349396 kB
Mem:          3.8G       3.7G       131M       5.7M        27M       3.2G

MemTotal:        4016004 kB
MemFree:          134584 kB
Active:           349380 kB
Mem:          3.8G       3.7G       131M       5.7M        27M       3.2G

MemTotal:        4016004 kB
MemFree:          134708 kB
Active:           349380 kB
Mem:          3.8G       3.7G       131M       5.7M        27M       3.2G

MemTotal:        4016004 kB
MemFree:          134708 kB
Active:           349428 kB
Mem:          3.8G       3.7G       131M       5.7M        27M       3.2G

MemTotal:        4016004 kB
MemFree:          134584 kB
Active:           349416 kB
Mem:          3.8G       3.7G       130M       5.7M        27M       3.2G

MemTotal:        4016004 kB
MemFree:          134460 kB
Active:           349404 kB
Mem:          3.8G       3.7G       130M       5.7M        27M       3.2G

MemTotal:        4016004 kB
MemFree:          134584 kB
Active:           349412 kB
Mem:          3.8G       3.7G       131M       5.7M        27M       3.2G

MemTotal:        4016004 kB
MemFree:          134584 kB
Active:           349416 kB
Mem:          3.8G       3.7G       131M       5.7M        27M       3.2G

MemTotal:        4016004 kB
MemFree:          134584 kB
Active:           349388 kB
Mem:          3.8G       3.7G       130M       5.7M        27M       3.2G

MemTotal:        4016004 kB
MemFree:          134584 kB
Active:           349436 kB
Mem:          3.8G       3.7G       131M       5.7M        27M       3.2G

MemTotal:        4016004 kB
MemFree:          134584 kB
Active:           349432 kB
Mem:          3.8G       3.7G       131M       5.7M        27M       3.2G

MemTotal:        4016004 kB
MemFree:          134584 kB
Active:           349416 kB
Mem:          3.8G       3.7G       130M       5.7M        27M       3.2G

MemTotal:        4016004 kB
MemFree:          134460 kB
Active:           349420 kB
Mem:          3.8G       3.7G       131M       5.7M        27M       3.2G

MemTotal:        4016004 kB
MemFree:          134460 kB
Active:           349408 kB
Mem:          3.8G       3.7G       130M       5.7M        27M       3.2G

MemTotal:        4016004 kB
MemFree:          134460 kB
Active:           349400 kB
Mem:          3.8G       3.7G       131M       5.7M        27M       3.2G

MemTotal:        4016004 kB
MemFree:          134832 kB
Active:           349424 kB
Mem:          3.8G       3.7G       131M       5.7M        27M       3.2G

MemTotal:        4016004 kB
MemFree:          134832 kB
Active:           349440 kB
Mem:          3.8G       3.7G       131M       5.7M        27M       3.2G

MemTotal:        4016004 kB
MemFree:          134072 kB
Active:           349592 kB
Mem:          3.8G       3.7G       130M       5.7M        27M       3.2G

MemTotal:        4016004 kB
MemFree:          133824 kB
Active:           349544 kB
Mem:          3.8G       3.7G       130M       5.7M        27M       3.2G

MemTotal:        4016004 kB
MemFree:          134072 kB
Active:           349508 kB
Mem:          3.8G       3.7G       130M       5.7M        27M       3.2G

MemTotal:        4016004 kB
MemFree:          134072 kB
Active:           349496 kB
Mem:          3.8G       3.7G       130M       5.7M        27M       3.2G

MemTotal:        4016004 kB
MemFree:          134196 kB
Active:           349492 kB
Mem:          3.8G       3.7G       130M       5.7M        28M       3.2G

MemTotal:        4016004 kB
MemFree:          133700 kB
Active:           349516 kB
Mem:          3.8G       3.7G       130M       5.7M        28M       3.2G

MemTotal:        4016004 kB
MemFree:          133576 kB
Active:           349536 kB
Mem:          3.8G       3.7G       130M       5.7M        28M       3.2G

MemTotal:        4016004 kB
MemFree:          133700 kB
Active:           349532 kB
Mem:          3.8G       3.7G       130M       5.7M        28M       3.2G

MemTotal:        4016004 kB
MemFree:          133700 kB
Active:           349508 kB
Mem:          3.8G       3.7G       130M       5.7M        28M       3.2G

MemTotal:        4016004 kB
MemFree:          133576 kB
Active:           349520 kB
Mem:          3.8G       3.7G       130M       5.7M        28M       3.2G

MemTotal:        4016004 kB
MemFree:          133824 kB
Active:           349528 kB
Mem:          3.8G       3.7G       130M       5.7M        28M       3.2G

MemTotal:        4016004 kB
MemFree:          133576 kB
Active:           349528 kB
Mem:          3.8G       3.7G       130M       5.7M        28M       3.2G

MemTotal:        4016004 kB
MemFree:          133700 kB
Active:           349536 kB
Mem:          3.8G       3.7G       130M       5.7M        28M       3.2G

MemTotal:        4016004 kB
MemFree:          133824 kB
Active:           349524 kB
Mem:          3.8G       3.7G       130M       5.7M        28M       3.2G

MemTotal:        4016004 kB
MemFree:          134072 kB
Active:           349528 kB
Mem:          3.8G       3.7G       130M       5.7M        28M       3.2G

MemTotal:        4016004 kB
MemFree:          134072 kB
Active:           349516 kB
Mem:          3.8G       3.7G       130M       5.7M        28M       3.2G

MemTotal:        4016004 kB
MemFree:          134072 kB
Active:           349532 kB
Mem:          3.8G       3.7G       130M       5.7M        28M       3.2G

MemTotal:        4016004 kB
MemFree:          134088 kB
Active:           349548 kB
Mem:          3.8G       3.7G       130M       5.7M        28M       3.2G

MemTotal:        4016004 kB
MemFree:          134088 kB
Active:           349508 kB
Mem:          3.8G       3.7G       130M       5.7M        28M       3.2G

MemTotal:        4016004 kB
MemFree:          134212 kB
Active:           349528 kB
Mem:          3.8G       3.7G       130M       5.7M        28M       3.2G

MemTotal:        4016004 kB
MemFree:          134088 kB
Active:           349528 kB
Mem:          3.8G       3.7G       130M       5.7M        28M       3.2G

MemTotal:        4016004 kB
MemFree:          133840 kB
Active:           349544 kB
Mem:          3.8G       3.7G       130M       5.7M        28M       3.2G

MemTotal:        4016004 kB
MemFree:          133716 kB
Active:           349548 kB
Mem:          3.8G       3.7G       130M       5.7M        28M       3.2G

MemTotal:        4016004 kB
MemFree:          133592 kB
Active:           349532 kB
Mem:          3.8G       3.7G       130M       5.7M        28M       3.2G

MemTotal:        4016004 kB
MemFree:          133840 kB
Active:           349528 kB
Mem:          3.8G       3.7G       130M       5.7M        28M       3.2G

MemTotal:        4016004 kB
MemFree:          133716 kB
Active:           349532 kB
Mem:          3.8G       3.7G       130M       5.7M        28M       3.2G

MemTotal:        4016004 kB
MemFree:          133840 kB
Active:           349532 kB
Mem:          3.8G       3.7G       130M       5.7M        28M       3.2G

MemTotal:        4016004 kB
MemFree:          133592 kB
Active:           349704 kB
Mem:          3.8G       3.7G       130M       5.7M        28M       3.2G

MemTotal:        4016004 kB
MemFree:          133840 kB
Active:           349676 kB
Mem:          3.8G       3.7G       130M       5.7M        28M       3.2G

MemTotal:        4016004 kB
MemFree:          133716 kB
Active:           349636 kB
Mem:          3.8G       3.7G       130M       5.7M        28M       3.2G

MemTotal:        4016004 kB
MemFree:          133700 kB
Active:           349568 kB
Mem:          3.8G       3.7G       130M       5.7M        28M       3.2G

MemTotal:        4016004 kB
MemFree:          133600 kB
Active:           349680 kB
Mem:          3.8G       3.7G       129M       5.7M        28M       3.2G

MemTotal:        4016004 kB
MemFree:          133764 kB
Active:           349728 kB
Mem:          3.8G       3.7G       130M       5.7M        28M       3.2G

MemTotal:        4016004 kB
MemFree:          133912 kB
Active:           349628 kB
Mem:          3.8G       3.7G       130M       5.7M        28M       3.2G

MemTotal:        4016004 kB
MemFree:          133740 kB
Active:           349680 kB
Mem:          3.8G       3.7G       130M       5.7M        28M       3.2G

MemTotal:        4016004 kB
MemFree:          133804 kB
Active:           349680 kB
Mem:          3.8G       3.7G       130M       5.7M        28M       3.2G

MemTotal:        4016004 kB
MemFree:          133944 kB
Active:           349640 kB
Mem:          3.8G       3.7G       130M       5.7M        28M       3.2G

MemTotal:        4016004 kB
MemFree:          133972 kB
Active:           349644 kB
Mem:          3.8G       3.7G       130M       5.7M        28M       3.2G

MemTotal:        4016004 kB
MemFree:          134096 kB
Active:           349732 kB
Mem:          3.8G       3.7G       130M       5.7M        28M       3.2G

MemTotal:        4016004 kB
MemFree:          133880 kB
Active:           349720 kB
Mem:          3.8G       3.7G       130M       5.7M        28M       3.2G

MemTotal:        4016004 kB
MemFree:          134048 kB
Active:           349452 kB
Mem:          3.8G       3.7G       130M       5.7M        28M       3.2G

MemTotal:        4016004 kB
MemFree:          133972 kB
Active:           349584 kB
Mem:          3.8G       3.7G       130M       5.7M        28M       3.2G

MemTotal:        4016004 kB
MemFree:          134096 kB
Active:           349584 kB
Mem:          3.8G       3.7G       130M       5.7M        28M       3.2G

MemTotal:        4016004 kB
MemFree:          133972 kB
Active:           349576 kB
Mem:          3.8G       3.7G       130M       5.7M        28M       3.2G

MemTotal:        4016004 kB
MemFree:          133972 kB
Active:           349584 kB
Mem:          3.8G       3.7G       130M       5.7M        28M       3.2G

MemTotal:        4016004 kB
MemFree:          134096 kB
Active:           349588 kB
Mem:          3.8G       3.7G       130M       5.7M        28M       3.2G

MemTotal:        4016004 kB
MemFree:          134096 kB
Active:           349576 kB
Mem:          3.8G       3.7G       130M       5.7M        28M       3.2G

MemTotal:        4016004 kB
MemFree:          134096 kB
Active:           349588 kB
Mem:          3.8G       3.7G       131M       5.7M        28M       3.2G

MemTotal:        4016004 kB
MemFree:          134220 kB
Active:           349580 kB
Mem:          3.8G       3.7G       130M       5.7M        28M       3.2G

MemTotal:        4016004 kB
MemFree:          134344 kB
Active:           349620 kB
Mem:          3.8G       3.7G       130M       5.7M        28M       3.2G

MemTotal:        4016004 kB
MemFree:          134096 kB
Active:           349716 kB
Mem:          3.8G       3.7G       130M       5.7M        28M       3.2G

MemTotal:        4016004 kB
MemFree:          134220 kB
Active:           349708 kB
Mem:          3.8G       3.7G       131M       5.7M        28M       3.2G

MemTotal:        4016004 kB
MemFree:          134096 kB
Active:           349712 kB
Mem:          3.8G       3.7G       130M       5.7M        28M       3.2G

MemTotal:        4016004 kB
MemFree:          133996 kB
Active:           349728 kB
Mem:          3.8G       3.7G       130M       5.7M        28M       3.2G

MemTotal:        4016004 kB
MemFree:          134096 kB
Active:           349624 kB
Mem:          3.8G       3.7G       130M       5.7M        28M       3.2G

MemTotal:        4016004 kB
MemFree:          134220 kB
Active:           349620 kB
Mem:          3.8G       3.7G       130M       5.7M        28M       3.2G

MemTotal:        4016004 kB
MemFree:          133896 kB
Active:           349692 kB
Mem:          3.8G       3.7G       130M       5.7M        28M       3.2G

MemTotal:        4016004 kB
MemFree:          133476 kB
Active:           349596 kB
Mem:          3.8G       3.7G       130M       5.7M        28M       3.2G

MemTotal:        4016004 kB
MemFree:          133352 kB
Active:           349600 kB
Mem:          3.8G       3.7G       129M       5.7M        28M       3.2G

MemTotal:        4016004 kB
MemFree:          133352 kB
Active:           349608 kB
Mem:          3.8G       3.7G       129M       5.7M        28M       3.2G

MemTotal:        4016004 kB
MemFree:          133336 kB
Active:           349764 kB
Mem:          3.8G       3.7G       130M       5.7M        28M       3.2G

MemTotal:        4016004 kB
MemFree:          133304 kB
Active:           349644 kB
Mem:          3.8G       3.7G       130M       5.7M        28M       3.2G

MemTotal:        4016004 kB
MemFree:          133180 kB
Active:           349612 kB
Mem:          3.8G       3.7G       129M       5.7M        28M       3.2G

MemTotal:        4016004 kB
MemFree:          133056 kB
Active:           349620 kB
Mem:          3.8G       3.7G       129M       5.7M        28M       3.2G

MemTotal:        4016004 kB
MemFree:          133428 kB
Active:           349604 kB
Mem:          3.8G       3.7G       130M       5.7M        28M       3.2G

MemTotal:        4016004 kB
MemFree:          133428 kB
Active:           349516 kB
Mem:          3.8G       3.7G       129M       5.7M        28M       3.2G

MemTotal:        4016004 kB
MemFree:          133428 kB
Active:           349488 kB
Mem:          3.8G       3.7G       130M       5.7M        28M       3.2G

MemTotal:        4016004 kB
MemFree:          133444 kB
Active:           349524 kB
Mem:          3.8G       3.7G       129M       5.7M        28M       3.2G

MemTotal:        4016004 kB
MemFree:          133552 kB
Active:           349492 kB
Mem:          3.8G       3.7G       130M       5.7M        28M       3.2G

MemTotal:        4016004 kB
MemFree:          133552 kB
Active:           349648 kB
Mem:          3.8G       3.7G       130M       5.7M        28M       3.2G

MemTotal:        4016004 kB
MemFree:          133552 kB
Active:           349540 kB
Mem:          3.8G       3.7G       129M       5.7M        28M       3.2G

MemTotal:        4016004 kB
MemFree:          133552 kB
Active:           349628 kB
Mem:          3.8G       3.7G       130M       5.7M        28M       3.2G

MemTotal:        4016004 kB
MemFree:          133552 kB
Active:           349584 kB
Mem:          3.8G       3.7G       129M       5.7M        28M       3.2G

MemTotal:        4016004 kB
MemFree:          133304 kB
Active:           349588 kB
Mem:          3.8G       3.7G       129M       5.7M        28M       3.2G

MemTotal:        4016004 kB
MemFree:          133304 kB
Active:           349536 kB
Mem:          3.8G       3.7G       129M       5.7M        28M       3.2G

MemTotal:        4016004 kB
MemFree:          133228 kB
Active:           349652 kB
Mem:          3.8G       3.7G       129M       5.7M        28M       3.2G

MemTotal:        4016004 kB
MemFree:          133228 kB
Active:           349632 kB
Mem:          3.8G       3.7G       129M       5.7M        28M       3.2G

MemTotal:        4016004 kB
MemFree:          133228 kB
Active:           349644 kB
Mem:          3.8G       3.7G       129M       5.7M        28M       3.2G

MemTotal:        4016004 kB
MemFree:          133228 kB
Active:           349644 kB
Mem:          3.8G       3.7G       129M       5.7M        28M       3.2G

MemTotal:        4016004 kB
MemFree:          133352 kB
Active:           349656 kB
Mem:          3.8G       3.7G       129M       5.7M        28M       3.2G

MemTotal:        4016004 kB
MemFree:          133352 kB
Active:           349660 kB
Mem:          3.8G       3.7G       129M       5.7M        28M       3.2G

MemTotal:        4016004 kB
MemFree:          133476 kB
Active:           349648 kB
Mem:          3.8G       3.7G       130M       5.7M        28M       3.2G

MemTotal:        4016004 kB
MemFree:          133476 kB
Active:           349640 kB
Mem:          3.8G       3.7G       130M       5.7M        28M       3.2G

MemTotal:        4016004 kB
MemFree:          133476 kB
Active:           349684 kB
Mem:          3.8G       3.7G       129M       5.7M        28M       3.2G

MemTotal:        4016004 kB
MemFree:          133352 kB
Active:           349648 kB
Mem:          3.8G       3.7G       129M       5.7M        28M       3.2G

MemTotal:        4016004 kB
MemFree:          133476 kB
Active:           349664 kB
Mem:          3.8G       3.7G       130M       5.7M        28M       3.2G

MemTotal:        4016004 kB
MemFree:          133352 kB
Active:           349648 kB
Mem:          3.8G       3.7G       129M       5.7M        28M       3.2G

MemTotal:        4016004 kB
MemFree:          133352 kB
Active:           349692 kB
Mem:          3.8G       3.7G       129M       5.7M        28M       3.2G

MemTotal:        4016004 kB
MemFree:          133228 kB
Active:           349696 kB
Mem:          3.8G       3.7G       129M       5.7M        28M       3.2G

MemTotal:        4016004 kB
MemFree:          133260 kB
Active:           349664 kB
Mem:          3.8G       3.7G       130M       5.7M        28M       3.2G

MemTotal:        4016004 kB
MemFree:          133508 kB
Active:           349672 kB
Mem:          3.8G       3.7G       130M       5.7M        28M       3.2G

MemTotal:        4016004 kB
MemFree:          133880 kB
Active:           349672 kB
Mem:          3.8G       3.7G       130M       5.7M        28M       3.2G

MemTotal:        4016004 kB
MemFree:          133880 kB
Active:           349660 kB
Mem:          3.8G       3.7G       130M       5.7M        28M       3.2G

MemTotal:        4016004 kB
MemFree:          133880 kB
Active:           349692 kB
Mem:          3.8G       3.7G       130M       5.7M        28M       3.2G

MemTotal:        4016004 kB
MemFree:          133880 kB
Active:           349668 kB
Mem:          3.8G       3.7G       130M       5.7M        28M       3.2G

MemTotal:        4016004 kB
MemFree:          133880 kB
Active:           349712 kB
Mem:          3.8G       3.7G       130M       5.7M        28M       3.2G

MemTotal:        4016004 kB
MemFree:          133632 kB
Active:           349668 kB
Mem:          3.8G       3.7G       130M       5.7M        28M       3.2G

MemTotal:        4016004 kB
MemFree:          133632 kB
Active:           349696 kB
Mem:          3.8G       3.7G       130M       5.7M        28M       3.2G

MemTotal:        4016004 kB
MemFree:          133880 kB
Active:           349684 kB
Mem:          3.8G       3.7G       130M       5.7M        28M       3.2G

MemTotal:        4016004 kB
MemFree:          133880 kB
Active:           349692 kB
Mem:          3.8G       3.7G       130M       5.7M        28M       3.2G

MemTotal:        4016004 kB
MemFree:          134004 kB
Active:           349680 kB
Mem:          3.8G       3.7G       130M       5.7M        28M       3.2G

MemTotal:        4016004 kB
MemFree:          133880 kB
Active:           349668 kB
Mem:          3.8G       3.7G       130M       5.7M        28M       3.2G

MemTotal:        4016004 kB
MemFree:          134004 kB
Active:           349704 kB
Mem:          3.8G       3.7G       130M       5.7M        28M       3.2G

MemTotal:        4016004 kB
MemFree:          133880 kB
Active:           349688 kB
Mem:          3.8G       3.7G       130M       5.7M        28M       3.2G

MemTotal:        4016004 kB
MemFree:          134128 kB
Active:           349692 kB
Mem:          3.8G       3.7G       131M       5.7M        28M       3.2G

MemTotal:        4016004 kB
MemFree:          134252 kB
Active:           349688 kB
Mem:          3.8G       3.7G       130M       5.7M        28M       3.2G

MemTotal:        4016004 kB
MemFree:          134252 kB
Active:           349696 kB
Mem:          3.8G       3.7G       130M       5.7M        28M       3.2G

MemTotal:        4016004 kB
MemFree:          134128 kB
Active:           349700 kB
Mem:          3.8G       3.7G       130M       5.7M        28M       3.2G

MemTotal:        4016004 kB
MemFree:          134004 kB
Active:           349692 kB
Mem:          3.8G       3.7G       130M       5.7M        28M       3.2G

MemTotal:        4016004 kB
MemFree:          134128 kB
Active:           349736 kB
Mem:          3.8G       3.7G       130M       5.7M        28M       3.2G

MemTotal:        4016004 kB
MemFree:          134252 kB
Active:           349708 kB
Mem:          3.8G       3.7G       130M       5.7M        28M       3.2G

MemTotal:        4016004 kB
MemFree:          134128 kB
Active:           349692 kB
Mem:          3.8G       3.7G       130M       5.7M        28M       3.2G

MemTotal:        4016004 kB
MemFree:          134128 kB
Active:           349700 kB
Mem:          3.8G       3.7G       130M       5.7M        28M       3.2G

MemTotal:        4016004 kB
MemFree:          134128 kB
Active:           349704 kB
Mem:          3.8G       3.7G       130M       5.7M        28M       3.2G

MemTotal:        4016004 kB
MemFree:          134128 kB
Active:           349720 kB
Mem:          3.8G       3.7G       130M       5.7M        28M       3.2G

MemTotal:        4016004 kB
MemFree:          134624 kB
Active:           349736 kB
Mem:          3.8G       3.7G       131M       5.7M        28M       3.2G

MemTotal:        4016004 kB
MemFree:          134376 kB
Active:           349696 kB
Mem:          3.8G       3.7G       130M       5.7M        28M       3.2G

MemTotal:        4016004 kB
MemFree:          134500 kB
Active:           349692 kB
Mem:          3.8G       3.7G       131M       5.7M        28M       3.2G

MemTotal:        4016004 kB
MemFree:          134384 kB
Active:           349716 kB
Mem:          3.8G       3.7G       130M       5.7M        28M       3.2G

MemTotal:        4016004 kB
MemFree:          134696 kB
Active:           349504 kB
Mem:          3.8G       3.7G       131M       5.7M        28M       3.2G

MemTotal:        4016004 kB
MemFree:          134572 kB
Active:           349496 kB
Mem:          3.8G       3.7G       131M       5.7M        28M       3.2G

MemTotal:        4016004 kB
MemFree:          134820 kB
Active:           349476 kB
Mem:          3.8G       3.7G       131M       5.7M        28M       3.2G

MemTotal:        4016004 kB
MemFree:          134448 kB
Active:           349516 kB
Mem:          3.8G       3.7G       131M       5.7M        28M       3.2G

MemTotal:        4016004 kB
MemFree:          133704 kB
Active:           349520 kB
Mem:          3.8G       3.7G       130M       5.7M        28M       3.2G

MemTotal:        4016004 kB
MemFree:          133440 kB
Active:           349512 kB
Mem:          3.8G       3.7G       130M       5.7M        28M       3.2G

MemTotal:        4016004 kB
MemFree:          133440 kB
Active:           349488 kB
Mem:          3.8G       3.7G       130M       5.7M        28M       3.2G

MemTotal:        4016004 kB
MemFree:          133316 kB
Active:           349468 kB
Mem:          3.8G       3.7G       130M       5.7M        28M       3.2G

MemTotal:        4016004 kB
MemFree:          133564 kB
Active:           349492 kB
Mem:          3.8G       3.7G       130M       5.7M        28M       3.2G

MemTotal:        4016004 kB
MemFree:          133192 kB
Active:           349488 kB
Mem:          3.8G       3.7G       129M       5.7M        28M       3.2G

MemTotal:        4016004 kB
MemFree:          133316 kB
Active:           349524 kB
Mem:          3.8G       3.7G       130M       5.7M        28M       3.2G

MemTotal:        4016004 kB
MemFree:          133068 kB
Active:           349540 kB
Mem:          3.8G       3.7G       130M       5.7M        28M       3.2G

MemTotal:        4016004 kB
MemFree:          133440 kB
Active:           349512 kB
Mem:          3.8G       3.7G       130M       5.7M        28M       3.2G

MemTotal:        4016004 kB
MemFree:          133068 kB
Active:           349540 kB
Mem:          3.8G       3.7G       130M       5.7M        28M       3.2G

MemTotal:        4016004 kB
MemFree:          133688 kB
Active:           349524 kB
Mem:          3.8G       3.7G       130M       5.7M        28M       3.2G

MemTotal:        4016004 kB
MemFree:          133564 kB
Active:           349496 kB
Mem:          3.8G       3.7G       130M       5.7M        28M       3.2G

MemTotal:        4016004 kB
MemFree:          133440 kB
Active:           349540 kB
Mem:          3.8G       3.7G       130M       5.7M        28M       3.2G

MemTotal:        4016004 kB
MemFree:          133068 kB
Active:           349548 kB
Mem:          3.8G       3.7G       130M       5.7M        28M       3.2G

MemTotal:        4016004 kB
MemFree:          133316 kB
Active:           349508 kB
Mem:          3.8G       3.7G       130M       5.7M        28M       3.2G

MemTotal:        4016004 kB
MemFree:          133688 kB
Active:           349536 kB
Mem:          3.8G       3.7G       130M       5.7M        28M       3.2G

MemTotal:        4016004 kB
MemFree:          133936 kB
Active:           349508 kB
Mem:          3.8G       3.7G       130M       5.7M        28M       3.2G

MemTotal:        4016004 kB
MemFree:          133936 kB
Active:           349520 kB
Mem:          3.8G       3.7G       130M       5.7M        28M       3.2G

MemTotal:        4016004 kB
MemFree:          133564 kB
Active:           349500 kB
Mem:          3.8G       3.7G       130M       5.7M        28M       3.2G

MemTotal:        4016004 kB
MemFree:          133440 kB
Active:           349512 kB
Mem:          3.8G       3.7G       130M       5.7M        28M       3.2G

MemTotal:        4016004 kB
MemFree:          133564 kB
Active:           349512 kB
Mem:          3.8G       3.7G       130M       5.7M        28M       3.2G

MemTotal:        4016004 kB
MemFree:          133688 kB
Active:           349536 kB
Mem:          3.8G       3.7G       130M       5.7M        28M       3.2G

MemTotal:        4016004 kB
MemFree:          133688 kB
Active:           349556 kB
Mem:          3.8G       3.7G       130M       5.7M        28M       3.2G

MemTotal:        4016004 kB
MemFree:          133440 kB
Active:           349544 kB
Mem:          3.8G       3.7G       130M       5.7M        28M       3.2G

MemTotal:        4016004 kB
MemFree:          133440 kB
Active:           349556 kB
Mem:          3.8G       3.7G       130M       5.7M        28M       3.2G

MemTotal:        4016004 kB
MemFree:          133564 kB
Active:           349520 kB
