MemTotal:        4016004 kB
MemFree:         3198252 kB
Active:           466568 kB
Mem:          3.8G       799M       3.0G       5.7M        55M       327M

MemTotal:        4016004 kB
MemFree:         3197368 kB
Active:           466996 kB
Mem:          3.8G       799M       3.0G       5.7M        55M       327M

MemTotal:        4016004 kB
MemFree:         3197352 kB
Active:           467028 kB
Mem:          3.8G       799M       3.0G       5.7M        55M       327M

MemTotal:        4016004 kB
MemFree:         3197088 kB
Active:           467100 kB
Mem:          3.8G       799M       3.0G       5.7M        55M       327M

MemTotal:        4016004 kB
MemFree:         3197072 kB
Active:           467048 kB
Mem:          3.8G       799M       3.0G       5.7M        55M       327M

MemTotal:        4016004 kB
MemFree:         3197304 kB
Active:           467060 kB
Mem:          3.8G       799M       3.0G       5.7M        55M       327M

MemTotal:        4016004 kB
MemFree:         3196808 kB
Active:           467088 kB
Mem:          3.8G       799M       3.0G       5.7M        55M       327M

MemTotal:        4016004 kB
MemFree:         3196932 kB
Active:           467056 kB
Mem:          3.8G       799M       3.0G       5.7M        55M       327M

MemTotal:        4016004 kB
MemFree:         3196932 kB
Active:           467096 kB
Mem:          3.8G       799M       3.0G       5.7M        55M       327M

MemTotal:        4016004 kB
MemFree:         3196544 kB
Active:           467112 kB
Mem:          3.8G       799M       3.0G       5.7M        55M       327M

MemTotal:        4016004 kB
MemFree:         3196652 kB
Active:           467124 kB
Mem:          3.8G       800M       3.0G       5.7M        55M       327M

MemTotal:        4016004 kB
MemFree:         3196264 kB
Active:           467080 kB
Mem:          3.8G       800M       3.0G       5.7M        55M       327M

MemTotal:        4016004 kB
MemFree:         3196636 kB
Active:           467108 kB
Mem:          3.8G       799M       3.0G       5.7M        55M       327M

MemTotal:        4016004 kB
MemFree:         3196696 kB
Active:           465088 kB
Mem:          3.8G       800M       3.0G       5.7M        55M       327M

MemTotal:        4016004 kB
MemFree:         3196696 kB
Active:           465080 kB
Mem:          3.8G       800M       3.0G       5.7M        55M       327M

MemTotal:        4016004 kB
MemFree:         3196480 kB
Active:           467144 kB
Mem:          3.8G       800M       3.0G       5.7M        55M       327M

MemTotal:        4016004 kB
MemFree:         3196852 kB
Active:           467140 kB
Mem:          3.8G       800M       3.0G       5.7M        55M       327M

MemTotal:        4016004 kB
MemFree:         3196976 kB
Active:           467100 kB
Mem:          3.8G       799M       3.0G       5.7M        55M       327M

MemTotal:        4016004 kB
MemFree:         3196976 kB
Active:           467140 kB
Mem:          3.8G       800M       3.0G       5.7M        55M       327M

MemTotal:        4016004 kB
MemFree:         3196960 kB
Active:           467148 kB
Mem:          3.8G       800M       3.0G       5.7M        55M       327M

MemTotal:        4016004 kB
MemFree:         3196712 kB
Active:           467120 kB
Mem:          3.8G       799M       3.0G       5.7M        55M       327M

MemTotal:        4016004 kB
MemFree:         3196836 kB
Active:           467112 kB
Mem:          3.8G       799M       3.0G       5.7M        55M       327M

MemTotal:        4016004 kB
MemFree:         3196712 kB
Active:           467116 kB
Mem:          3.8G       800M       3.0G       5.7M        55M       327M

MemTotal:        4016004 kB
MemFree:         3194212 kB
Active:           465192 kB
Mem:          3.8G       802M       3.0G       5.7M        55M       327M

MemTotal:        4016004 kB
MemFree:         3194336 kB
Active:           465184 kB
Mem:          3.8G       802M       3.0G       5.7M        55M       327M

MemTotal:        4016004 kB
MemFree:         3194336 kB
Active:           465160 kB
Mem:          3.8G       802M       3.0G       5.7M        55M       327M

MemTotal:        4016004 kB
MemFree:         3194460 kB
Active:           469264 kB
Mem:          3.8G       802M       3.0G       5.7M        55M       327M

MemTotal:        4016004 kB
MemFree:         3194568 kB
Active:           469308 kB
Mem:          3.8G       802M       3.0G       5.7M        55M       327M

MemTotal:        4016004 kB
MemFree:         3194568 kB
Active:           469304 kB
Mem:          3.8G       802M       3.0G       5.7M        55M       327M

MemTotal:        4016004 kB
MemFree:         3194568 kB
Active:           469268 kB
Mem:          3.8G       802M       3.0G       5.7M        55M       327M

MemTotal:        4016004 kB
MemFree:         3194444 kB
Active:           469288 kB
Mem:          3.8G       802M       3.0G       5.7M        55M       327M

MemTotal:        4016004 kB
MemFree:         3194568 kB
Active:           469288 kB
Mem:          3.8G       802M       3.0G       5.7M        55M       327M

MemTotal:        4016004 kB
MemFree:         3194320 kB
Active:           469308 kB
Mem:          3.8G       802M       3.0G       5.7M        55M       327M

MemTotal:        4016004 kB
MemFree:         3194568 kB
Active:           469280 kB
Mem:          3.8G       802M       3.0G       5.7M        55M       327M

MemTotal:        4016004 kB
MemFree:         3194568 kB
Active:           469296 kB
Mem:          3.8G       802M       3.0G       5.7M        55M       327M

MemTotal:        4016004 kB
MemFree:         3194444 kB
Active:           469304 kB
Mem:          3.8G       802M       3.0G       5.7M        55M       327M

MemTotal:        4016004 kB
MemFree:         3194692 kB
Active:           469320 kB
Mem:          3.8G       802M       3.0G       5.7M        55M       327M

MemTotal:        4016004 kB
MemFree:         3194320 kB
Active:           469332 kB
Mem:          3.8G       802M       3.0G       5.7M        55M       327M

MemTotal:        4016004 kB
MemFree:         3194692 kB
Active:           469288 kB
Mem:          3.8G       802M       3.0G       5.7M        55M       327M

MemTotal:        4016004 kB
MemFree:         3194692 kB
Active:           469300 kB
Mem:          3.8G       802M       3.0G       5.7M        55M       327M

MemTotal:        4016004 kB
MemFree:         3194320 kB
Active:           469344 kB
Mem:          3.8G       802M       3.0G       5.7M        55M       327M

MemTotal:        4016004 kB
MemFree:         3194072 kB
Active:           469344 kB
Mem:          3.8G       802M       3.0G       5.7M        55M       327M

MemTotal:        4016004 kB
MemFree:         3194072 kB
Active:           469340 kB
Mem:          3.8G       802M       3.0G       5.7M        55M       327M

MemTotal:        4016004 kB
MemFree:         3193808 kB
Active:           469348 kB
Mem:          3.8G       802M       3.0G       5.7M        55M       327M

MemTotal:        4016004 kB
MemFree:         3193916 kB
Active:           469300 kB
Mem:          3.8G       802M       3.0G       5.7M        55M       327M

MemTotal:        4016004 kB
MemFree:         3194272 kB
Active:           469300 kB
Mem:          3.8G       802M       3.0G       5.7M        55M       327M

MemTotal:        4016004 kB
MemFree:         3193884 kB
Active:           469352 kB
Mem:          3.8G       802M       3.0G       5.7M        55M       327M

MemTotal:        4016004 kB
MemFree:         3193884 kB
Active:           469340 kB
Mem:          3.8G       802M       3.0G       5.7M        55M       327M

MemTotal:        4016004 kB
MemFree:         3193496 kB
Active:           469352 kB
Mem:          3.8G       802M       3.0G       5.7M        55M       327M

MemTotal:        4016004 kB
MemFree:         3194224 kB
Active:           469332 kB
Mem:          3.8G       802M       3.0G       5.7M        55M       327M

MemTotal:        4016004 kB
MemFree:         3194364 kB
Active:           469340 kB
Mem:          3.8G       802M       3.0G       5.7M        55M       327M

MemTotal:        4016004 kB
MemFree:         3194364 kB
Active:           469348 kB
Mem:          3.8G       802M       3.0G       5.7M        55M       327M

MemTotal:        4016004 kB
MemFree:         3194240 kB
Active:           469336 kB
Mem:          3.8G       802M       3.0G       5.7M        55M       327M

MemTotal:        4016004 kB
MemFree:         3194488 kB
Active:           469356 kB
Mem:          3.8G       802M       3.0G       5.7M        55M       327M

MemTotal:        4016004 kB
MemFree:         3194364 kB
Active:           469344 kB
Mem:          3.8G       802M       3.0G       5.7M        55M       327M

MemTotal:        4016004 kB
MemFree:         3194364 kB
Active:           469372 kB
Mem:          3.8G       802M       3.0G       5.7M        55M       327M

MemTotal:        4016004 kB
MemFree:         3194364 kB
Active:           469396 kB
Mem:          3.8G       802M       3.0G       5.7M        55M       327M

MemTotal:        4016004 kB
MemFree:         3194240 kB
Active:           469348 kB
Mem:          3.8G       802M       3.0G       5.7M        55M       327M

MemTotal:        4016004 kB
MemFree:         3194488 kB
Active:           469372 kB
Mem:          3.8G       802M       3.0G       5.7M        55M       327M

MemTotal:        4016004 kB
MemFree:         3194116 kB
Active:           469372 kB
Mem:          3.8G       802M       3.0G       5.7M        55M       327M

MemTotal:        4016004 kB
MemFree:         3194488 kB
Active:           469364 kB
Mem:          3.8G       802M       3.0G       5.7M        55M       327M

MemTotal:        4016004 kB
MemFree:         3082744 kB
Active:           469676 kB
Mem:          3.8G       912M       2.9G       5.7M        55M       435M

MemTotal:        4016004 kB
MemFree:         2968780 kB
Active:           469724 kB
Mem:          3.8G       1.0G       2.8G       5.7M        55M       544M

MemTotal:        4016004 kB
MemFree:         2840956 kB
Active:           471772 kB
Mem:          3.8G       1.1G       2.7G       5.7M        55M       666M

MemTotal:        4016004 kB
MemFree:         2829060 kB
Active:           471744 kB
Mem:          3.8G       1.1G       2.7G       5.7M        55M       676M

MemTotal:        4016004 kB
MemFree:         2749772 kB
Active:           471700 kB
Mem:          3.8G       1.2G       2.6G       5.7M        55M       752M

MemTotal:        4016004 kB
MemFree:         2748608 kB
Active:           471744 kB
Mem:          3.8G       1.2G       2.6G       5.7M        55M       753M

MemTotal:        4016004 kB
MemFree:         2663136 kB
Active:           471756 kB
Mem:          3.8G       1.3G       2.5G       5.7M        55M       836M

MemTotal:        4016004 kB
MemFree:         2656408 kB
Active:           471772 kB
Mem:          3.8G       1.3G       2.5G       5.7M        55M       842M

MemTotal:        4016004 kB
MemFree:         2588036 kB
Active:           471728 kB
Mem:          3.8G       1.4G       2.5G       5.7M        55M       908M

MemTotal:        4016004 kB
MemFree:         2565152 kB
Active:           471772 kB
Mem:          3.8G       1.4G       2.4G       5.7M        55M       930M

MemTotal:        4016004 kB
MemFree:         2562708 kB
Active:           471788 kB
Mem:          3.8G       1.4G       2.4G       5.7M        55M       932M

MemTotal:        4016004 kB
MemFree:         2562524 kB
Active:           471792 kB
Mem:          3.8G       1.4G       2.4G       5.7M        55M       932M

MemTotal:        4016004 kB
MemFree:         2562340 kB
Active:           469688 kB
Mem:          3.8G       1.4G       2.4G       5.7M        55M       932M

MemTotal:        4016004 kB
MemFree:         2503908 kB
Active:           471792 kB
Mem:          3.8G       1.4G       2.4G       5.7M        55M       989M

MemTotal:        4016004 kB
MemFree:         2371420 kB
Active:           471796 kB
Mem:          3.8G       1.6G       2.3G       5.7M        55M       1.1G

MemTotal:        4016004 kB
MemFree:         2244172 kB
Active:           471784 kB
Mem:          3.8G       1.7G       2.1G       5.7M        55M       1.2G

MemTotal:        4016004 kB
MemFree:         2211632 kB
Active:           471816 kB
Mem:          3.8G       1.7G       2.1G       5.7M        55M       1.2G

MemTotal:        4016004 kB
MemFree:         2151848 kB
Active:           471776 kB
Mem:          3.8G       1.8G       2.1G       5.7M        55M       1.3G

MemTotal:        4016004 kB
MemFree:         2120780 kB
Active:           471816 kB
Mem:          3.8G       1.8G       2.0G       5.7M        55M       1.3G

MemTotal:        4016004 kB
MemFree:         2050084 kB
Active:           471816 kB
Mem:          3.8G       1.9G       2.0G       5.7M        55M       1.4G

MemTotal:        4016004 kB
MemFree:         2029788 kB
Active:           471820 kB
Mem:          3.8G       1.9G       1.9G       5.7M        55M       1.4G

MemTotal:        4016004 kB
MemFree:         2027740 kB
Active:           471840 kB
Mem:          3.8G       1.9G       1.9G       5.7M        55M       1.4G

MemTotal:        4016004 kB
MemFree:         2026360 kB
Active:           471976 kB
Mem:          3.8G       1.9G       1.9G       5.7M        55M       1.4G

MemTotal:        4016004 kB
MemFree:         2024328 kB
Active:           471876 kB
Mem:          3.8G       1.9G       1.9G       5.7M        55M       1.4G

MemTotal:        4016004 kB
MemFree:         1961580 kB
Active:           471884 kB
Mem:          3.8G       2.0G       1.9G       5.7M        55M       1.5G

MemTotal:        4016004 kB
MemFree:         1824132 kB
Active:           471884 kB
Mem:          3.8G       2.1G       1.7G       5.7M        55M       1.6G

MemTotal:        4016004 kB
MemFree:         1697100 kB
Active:           471888 kB
Mem:          3.8G       2.2G       1.6G       5.7M        55M       1.7G

MemTotal:        4016004 kB
MemFree:         1568828 kB
Active:           471888 kB
Mem:          3.8G       2.3G       1.5G       5.7M        55M       1.8G

MemTotal:        4016004 kB
MemFree:         1449128 kB
Active:           471856 kB
Mem:          3.8G       2.4G       1.4G       5.7M        55M       2.0G

MemTotal:        4016004 kB
MemFree:         1341180 kB
Active:           471860 kB
Mem:          3.8G       2.6G       1.3G       5.7M        55M       2.1G

MemTotal:        4016004 kB
MemFree:         1336616 kB
Active:           471900 kB
Mem:          3.8G       2.6G       1.3G       5.7M        55M       2.1G

MemTotal:        4016004 kB
MemFree:         1336556 kB
Active:           471916 kB
Mem:          3.8G       2.6G       1.3G       5.7M        55M       2.1G

MemTotal:        4016004 kB
MemFree:         1334324 kB
Active:           471844 kB
Mem:          3.8G       2.6G       1.3G       5.7M        55M       2.1G

MemTotal:        4016004 kB
MemFree:         1334288 kB
Active:           473944 kB
Mem:          3.8G       2.6G       1.3G       5.7M        55M       2.1G

MemTotal:        4016004 kB
MemFree:         1332840 kB
Active:           473944 kB
Mem:          3.8G       2.6G       1.3G       5.7M        55M       2.1G

MemTotal:        4016004 kB
MemFree:         1281432 kB
Active:           473948 kB
Mem:          3.8G       2.6G       1.2G       5.7M        55M       2.1G

MemTotal:        4016004 kB
MemFree:         1282052 kB
Active:           473940 kB
Mem:          3.8G       2.6G       1.2G       5.7M        55M       2.1G

MemTotal:        4016004 kB
MemFree:         1279788 kB
Active:           473952 kB
Mem:          3.8G       2.6G       1.2G       5.7M        55M       2.1G

MemTotal:        4016004 kB
MemFree:         1279036 kB
Active:           473920 kB
Mem:          3.8G       2.6G       1.2G       5.7M        55M       2.1G

MemTotal:        4016004 kB
MemFree:         1227528 kB
Active:           473928 kB
Mem:          3.8G       2.7G       1.2G       5.7M        55M       2.2G

MemTotal:        4016004 kB
MemFree:         1099008 kB
Active:           473972 kB
Mem:          3.8G       2.8G       1.0G       5.7M        55M       2.3G

MemTotal:        4016004 kB
MemFree:          970628 kB
Active:           473944 kB
Mem:          3.8G       2.9G       947M       5.7M        55M       2.4G

MemTotal:        4016004 kB
MemFree:          933920 kB
Active:           471924 kB
Mem:          3.8G       2.9G       911M       5.7M        56M       2.4G

MemTotal:        4016004 kB
MemFree:          899820 kB
Active:           473968 kB
Mem:          3.8G       3.0G       878M       5.7M        56M       2.5G

MemTotal:        4016004 kB
MemFree:          859144 kB
Active:           474012 kB
Mem:          3.8G       3.0G       838M       5.7M        56M       2.5G

MemTotal:        4016004 kB
MemFree:          851552 kB
Active:           474000 kB
Mem:          3.8G       3.0G       831M       5.7M        56M       2.5G

MemTotal:        4016004 kB
MemFree:          755956 kB
Active:           473988 kB
Mem:          3.8G       3.1G       738M       5.7M        56M       2.6G

MemTotal:        4016004 kB
MemFree:          742304 kB
Active:           474020 kB
Mem:          3.8G       3.1G       724M       5.7M        56M       2.6G

MemTotal:        4016004 kB
MemFree:          687216 kB
Active:           473996 kB
Mem:          3.8G       3.2G       669M       5.7M        56M       2.7G

MemTotal:        4016004 kB
MemFree:          552124 kB
Active:           474024 kB
Mem:          3.8G       3.3G       538M       5.7M        56M       2.8G

MemTotal:        4016004 kB
MemFree:          425216 kB
Active:           474016 kB
Mem:          3.8G       3.4G       415M       5.7M        56M       2.9G

MemTotal:        4016004 kB
MemFree:          335108 kB
Active:           474024 kB
Mem:          3.8G       3.5G       327M       5.7M        56M       3.0G

MemTotal:        4016004 kB
MemFree:          330752 kB
Active:           474044 kB
Mem:          3.8G       3.5G       323M       5.7M        56M       3.0G

MemTotal:        4016004 kB
MemFree:          329124 kB
Active:           476096 kB
Mem:          3.8G       3.5G       321M       5.7M        56M       3.0G

MemTotal:        4016004 kB
MemFree:          327868 kB
Active:           476084 kB
Mem:          3.8G       3.5G       320M       5.7M        56M       3.0G

MemTotal:        4016004 kB
MemFree:          326660 kB
Active:           476092 kB
Mem:          3.8G       3.5G       318M       5.7M        56M       3.0G

MemTotal:        4016004 kB
MemFree:          325952 kB
Active:           476072 kB
Mem:          3.8G       3.5G       318M       5.7M        56M       3.0G

MemTotal:        4016004 kB
MemFree:          313000 kB
Active:           476092 kB
Mem:          3.8G       3.5G       305M       5.7M        56M       3.0G

MemTotal:        4016004 kB
MemFree:          199020 kB
Active:           476108 kB
Mem:          3.8G       3.6G       194M       5.7M        56M       3.1G

MemTotal:        4016004 kB
MemFree:          126140 kB
Active:           474324 kB
Mem:          3.8G       3.7G       121M       5.7M        33M       3.2G

MemTotal:        4016004 kB
MemFree:          123124 kB
Active:           474448 kB
Mem:          3.8G       3.7G       120M       5.7M        33M       3.2G

MemTotal:        4016004 kB
MemFree:          122476 kB
Active:           474392 kB
Mem:          3.8G       3.7G       119M       5.7M        33M       3.2G

MemTotal:        4016004 kB
MemFree:          122292 kB
Active:           472340 kB
Mem:          3.8G       3.7G       119M       5.7M        33M       3.2G

MemTotal:        4016004 kB
MemFree:          122480 kB
Active:           474372 kB
Mem:          3.8G       3.7G       119M       5.7M        33M       3.2G

MemTotal:        4016004 kB
MemFree:          129684 kB
Active:           490308 kB
Mem:          3.8G       3.7G       104M       5.7M        22M       3.2G

MemTotal:        4016004 kB
MemFree:          106064 kB
Active:           507048 kB
Mem:          3.8G       3.7G       124M       5.7M        22M       3.2G

MemTotal:        4016004 kB
MemFree:          127476 kB
Active:           505240 kB
Mem:          3.8G       3.7G       124M       5.7M        22M       3.2G

MemTotal:        4016004 kB
MemFree:          138952 kB
Active:           499908 kB
Mem:          3.8G       3.7G       135M       5.7M        22M       3.2G

MemTotal:        4016004 kB
MemFree:          116496 kB
Active:           492532 kB
Mem:          3.8G       3.7G       113M       5.7M        22M       3.2G

MemTotal:        4016004 kB
MemFree:          138420 kB
Active:           488656 kB
Mem:          3.8G       3.7G       133M       5.7M        22M       3.2G

MemTotal:        4016004 kB
MemFree:          139000 kB
Active:           486016 kB
Mem:          3.8G       3.7G       135M       5.7M        22M       3.2G

MemTotal:        4016004 kB
MemFree:          138536 kB
Active:           485972 kB
Mem:          3.8G       3.7G       135M       5.7M        22M       3.2G

MemTotal:        4016004 kB
MemFree:          139008 kB
Active:           485992 kB
Mem:          3.8G       3.7G       135M       5.7M        22M       3.2G

MemTotal:        4016004 kB
MemFree:          139104 kB
Active:           485992 kB
Mem:          3.8G       3.7G       135M       5.7M        22M       3.2G

MemTotal:        4016004 kB
MemFree:          123120 kB
Active:           483864 kB
Mem:          3.8G       3.7G       119M       5.7M        22M       3.2G

MemTotal:        4016004 kB
MemFree:          134360 kB
Active:           477696 kB
Mem:          3.8G       3.7G       130M       5.7M        22M       3.2G

MemTotal:        4016004 kB
MemFree:          118684 kB
Active:           475144 kB
Mem:          3.8G       3.7G       116M       5.7M        22M       3.2G

MemTotal:        4016004 kB
MemFree:          141392 kB
Active:           471176 kB
Mem:          3.8G       3.7G       137M       5.7M        22M       3.2G

MemTotal:        4016004 kB
MemFree:          133152 kB
Active:           471048 kB
Mem:          3.8G       3.7G       129M       5.7M        22M       3.2G

MemTotal:        4016004 kB
MemFree:          126052 kB
Active:           466772 kB
Mem:          3.8G       3.7G       123M       5.7M        22M       3.2G

MemTotal:        4016004 kB
MemFree:          119372 kB
Active:           465064 kB
Mem:          3.8G       3.7G       116M       5.7M        22M       3.2G

MemTotal:        4016004 kB
MemFree:          135396 kB
Active:           463932 kB
Mem:          3.8G       3.7G       131M       5.7M        22M       3.2G

MemTotal:        4016004 kB
MemFree:          126528 kB
Active:           459420 kB
Mem:          3.8G       3.7G       123M       5.7M        22M       3.2G

MemTotal:        4016004 kB
MemFree:          125944 kB
Active:           459312 kB
Mem:          3.8G       3.7G       122M       5.7M        22M       3.2G

MemTotal:        4016004 kB
MemFree:          125760 kB
Active:           459328 kB
Mem:          3.8G       3.7G       122M       5.7M        22M       3.2G

MemTotal:        4016004 kB
MemFree:          124880 kB
Active:           459328 kB
Mem:          3.8G       3.7G       121M       5.7M        22M       3.2G

MemTotal:        4016004 kB
MemFree:          123924 kB
Active:           459328 kB
Mem:          3.8G       3.7G       121M       5.7M        22M       3.2G

MemTotal:        4016004 kB
MemFree:          124920 kB
Active:           456768 kB
Mem:          3.8G       3.7G       121M       5.7M        22M       3.2G

MemTotal:        4016004 kB
MemFree:          120316 kB
Active:           453216 kB
Mem:          3.8G       3.7G       117M       5.7M        22M       3.2G

MemTotal:        4016004 kB
MemFree:          139036 kB
Active:           449128 kB
Mem:          3.8G       3.7G       136M       5.7M        22M       3.2G

MemTotal:        4016004 kB
MemFree:          123676 kB
Active:           445880 kB
Mem:          3.8G       3.7G       120M       5.7M        22M       3.2G

MemTotal:        4016004 kB
MemFree:          121464 kB
Active:           445704 kB
Mem:          3.8G       3.7G       118M       5.7M        22M       3.2G

MemTotal:        4016004 kB
MemFree:          134340 kB
Active:           441156 kB
Mem:          3.8G       3.7G       130M       5.7M        22M       3.2G

MemTotal:        4016004 kB
MemFree:          135796 kB
Active:           436808 kB
Mem:          3.8G       3.7G       132M       5.7M        22M       3.2G

MemTotal:        4016004 kB
MemFree:          127176 kB
Active:           433100 kB
Mem:          3.8G       3.7G       124M       5.7M        22M       3.2G

MemTotal:        4016004 kB
MemFree:          150300 kB
Active:           428236 kB
Mem:          3.8G       3.7G       146M       5.7M        22M       3.2G

MemTotal:        4016004 kB
MemFree:          150332 kB
Active:           428240 kB
Mem:          3.8G       3.7G       146M       5.7M        22M       3.2G

MemTotal:        4016004 kB
MemFree:          149824 kB
Active:           428252 kB
Mem:          3.8G       3.7G       146M       5.7M        22M       3.2G

MemTotal:        4016004 kB
MemFree:          150108 kB
Active:           428252 kB
Mem:          3.8G       3.7G       146M       5.7M        22M       3.2G

MemTotal:        4016004 kB
MemFree:          148288 kB
Active:           428256 kB
Mem:          3.8G       3.7G       144M       5.7M        22M       3.2G

MemTotal:        4016004 kB
MemFree:          139032 kB
Active:           428260 kB
Mem:          3.8G       3.7G       135M       5.7M        22M       3.2G

MemTotal:        4016004 kB
MemFree:          136872 kB
Active:           428272 kB
Mem:          3.8G       3.7G       133M       5.7M        22M       3.2G

MemTotal:        4016004 kB
MemFree:          136024 kB
Active:           428224 kB
Mem:          3.8G       3.7G       132M       5.7M        22M       3.2G

MemTotal:        4016004 kB
MemFree:          134724 kB
Active:           428280 kB
Mem:          3.8G       3.7G       131M       5.7M        22M       3.2G

MemTotal:        4016004 kB
MemFree:          125908 kB
Active:           427768 kB
Mem:          3.8G       3.7G       122M       5.7M        22M       3.2G

MemTotal:        4016004 kB
MemFree:          118188 kB
Active:           424700 kB
Mem:          3.8G       3.7G       115M       5.7M        22M       3.2G

MemTotal:        4016004 kB
MemFree:          120836 kB
Active:           420092 kB
Mem:          3.8G       3.7G       117M       5.7M        22M       3.2G

MemTotal:        4016004 kB
MemFree:          138992 kB
Active:           416640 kB
Mem:          3.8G       3.7G       135M       5.7M        22M       3.2G

MemTotal:        4016004 kB
MemFree:          107908 kB
Active:           416516 kB
Mem:          3.8G       3.7G       104M       5.7M        22M       3.2G

MemTotal:        4016004 kB
MemFree:          120512 kB
Active:           414612 kB
Mem:          3.8G       3.7G       117M       5.7M        22M       3.2G

MemTotal:        4016004 kB
MemFree:          131192 kB
Active:           412948 kB
Mem:          3.8G       3.7G       128M       5.7M        22M       3.2G

MemTotal:        4016004 kB
MemFree:          133016 kB
Active:           411924 kB
Mem:          3.8G       3.7G       130M       5.7M        22M       3.2G

MemTotal:        4016004 kB
MemFree:          131836 kB
Active:           411812 kB
Mem:          3.8G       3.7G       128M       5.7M        22M       3.2G

MemTotal:        4016004 kB
MemFree:          130444 kB
Active:           411812 kB
Mem:          3.8G       3.7G       127M       5.7M        22M       3.2G

MemTotal:        4016004 kB
MemFree:          128712 kB
Active:           411816 kB
Mem:          3.8G       3.7G       125M       5.7M        22M       3.2G

MemTotal:        4016004 kB
MemFree:          126672 kB
Active:           411784 kB
Mem:          3.8G       3.7G       123M       5.7M        22M       3.2G

MemTotal:        4016004 kB
MemFree:          127000 kB
Active:           408616 kB
Mem:          3.8G       3.7G       124M       5.7M        22M       3.2G

MemTotal:        4016004 kB
MemFree:          145424 kB
Active:           404832 kB
Mem:          3.8G       3.7G       141M       5.7M        22M       3.2G

MemTotal:        4016004 kB
MemFree:          129640 kB
Active:           400280 kB
Mem:          3.8G       3.7G       126M       5.7M        22M       3.2G

MemTotal:        4016004 kB
MemFree:          151360 kB
Active:           399468 kB
Mem:          3.8G       3.7G       147M       5.7M        22M       3.2G

MemTotal:        4016004 kB
MemFree:          131356 kB
Active:           399172 kB
Mem:          3.8G       3.7G       128M       5.7M        22M       3.2G

MemTotal:        4016004 kB
MemFree:          128984 kB
Active:           399180 kB
Mem:          3.8G       3.7G       125M       5.7M        22M       3.2G

MemTotal:        4016004 kB
MemFree:          130952 kB
Active:           399052 kB
Mem:          3.8G       3.7G       127M       5.7M        22M       3.2G

MemTotal:        4016004 kB
MemFree:          130780 kB
Active:           399048 kB
Mem:          3.8G       3.7G       128M       5.7M        22M       3.2G

MemTotal:        4016004 kB
MemFree:          131156 kB
Active:           399076 kB
Mem:          3.8G       3.7G       127M       5.7M        22M       3.2G

MemTotal:        4016004 kB
MemFree:          128164 kB
Active:           399092 kB
Mem:          3.8G       3.7G       125M       5.7M        22M       3.2G

MemTotal:        4016004 kB
MemFree:          130560 kB
Active:           399060 kB
Mem:          3.8G       3.7G       127M       5.7M        22M       3.2G

MemTotal:        4016004 kB
MemFree:          122020 kB
Active:           399032 kB
Mem:          3.8G       3.7G       118M       5.7M        22M       3.2G

MemTotal:        4016004 kB
MemFree:          119680 kB
Active:           398996 kB
Mem:          3.8G       3.7G       116M       5.7M        22M       3.2G

MemTotal:        4016004 kB
MemFree:          134860 kB
Active:           399016 kB
Mem:          3.8G       3.7G       131M       5.7M        22M       3.2G

MemTotal:        4016004 kB
MemFree:          120672 kB
Active:           398984 kB
Mem:          3.8G       3.7G       117M       5.7M        22M       3.2G

MemTotal:        4016004 kB
MemFree:          108028 kB
Active:           399044 kB
Mem:          3.8G       3.7G       105M       5.7M        22M       3.2G

MemTotal:        4016004 kB
MemFree:          115164 kB
Active:           398856 kB
Mem:          3.8G       3.7G       111M       5.7M        22M       3.2G

MemTotal:        4016004 kB
MemFree:          122144 kB
Active:           398860 kB
Mem:          3.8G       3.7G       132M       5.7M        22M       3.2G

MemTotal:        4016004 kB
MemFree:          134028 kB
Active:           398964 kB
Mem:          3.8G       3.7G       130M       5.7M        22M       3.2G

MemTotal:        4016004 kB
MemFree:          132888 kB
Active:           398876 kB
Mem:          3.8G       3.7G       129M       5.7M        22M       3.2G

MemTotal:        4016004 kB
MemFree:          132224 kB
Active:           398860 kB
Mem:          3.8G       3.7G       128M       5.7M        22M       3.2G

MemTotal:        4016004 kB
MemFree:          129968 kB
Active:           398896 kB
Mem:          3.8G       3.7G       126M       5.7M        22M       3.2G

MemTotal:        4016004 kB
MemFree:          128176 kB
Active:           398884 kB
Mem:          3.8G       3.7G       124M       5.7M        22M       3.2G

MemTotal:        4016004 kB
MemFree:          135868 kB
Active:           398904 kB
Mem:          3.8G       3.7G       132M       5.7M        22M       3.2G

MemTotal:        4016004 kB
MemFree:          127824 kB
Active:           394532 kB
Mem:          3.8G       3.7G       124M       5.7M        22M       3.2G

MemTotal:        4016004 kB
MemFree:          116944 kB
Active:           394284 kB
Mem:          3.8G       3.7G       118M       5.7M        22M       3.2G

MemTotal:        4016004 kB
MemFree:          133268 kB
Active:           394156 kB
Mem:          3.8G       3.7G       130M       5.7M        22M       3.2G

MemTotal:        4016004 kB
MemFree:          116356 kB
Active:           394100 kB
Mem:          3.8G       3.7G       113M       5.7M        22M       3.2G

MemTotal:        4016004 kB
MemFree:          131464 kB
Active:           394180 kB
Mem:          3.8G       3.7G       128M       5.7M        22M       3.2G

MemTotal:        4016004 kB
MemFree:          132840 kB
Active:           391772 kB
Mem:          3.8G       3.7G       129M       5.7M        22M       3.2G

MemTotal:        4016004 kB
MemFree:          132404 kB
Active:           391636 kB
Mem:          3.8G       3.7G       129M       5.7M        22M       3.2G

MemTotal:        4016004 kB
MemFree:          130484 kB
Active:           391668 kB
Mem:          3.8G       3.7G       127M       5.7M        22M       3.2G

MemTotal:        4016004 kB
MemFree:          129340 kB
Active:           391708 kB
Mem:          3.8G       3.7G       126M       5.7M        22M       3.2G

MemTotal:        4016004 kB
MemFree:          110484 kB
Active:           391672 kB
Mem:          3.8G       3.7G       106M       5.7M        22M       3.2G

MemTotal:        4016004 kB
MemFree:          113660 kB
Active:           391716 kB
Mem:          3.8G       3.7G       110M       5.7M        22M       3.2G

MemTotal:        4016004 kB
MemFree:          116044 kB
Active:           391716 kB
Mem:          3.8G       3.7G       116M       5.7M        22M       3.2G

MemTotal:        4016004 kB
MemFree:          137356 kB
Active:           391112 kB
Mem:          3.8G       3.7G       134M       5.7M        22M       3.2G

MemTotal:        4016004 kB
MemFree:          109040 kB
Active:           391000 kB
Mem:          3.8G       3.7G       106M       5.7M        22M       3.2G

MemTotal:        4016004 kB
MemFree:          125776 kB
Active:           391008 kB
Mem:          3.8G       3.7G       122M       5.7M        22M       3.2G

MemTotal:        4016004 kB
MemFree:          114980 kB
Active:           390960 kB
Mem:          3.8G       3.7G       111M       5.7M        22M       3.2G

MemTotal:        4016004 kB
MemFree:          131764 kB
Active:           390988 kB
Mem:          3.8G       3.7G       128M       5.7M        22M       3.2G

MemTotal:        4016004 kB
MemFree:          130188 kB
Active:           391020 kB
Mem:          3.8G       3.7G       126M       5.7M        22M       3.2G

MemTotal:        4016004 kB
MemFree:          128524 kB
Active:           390996 kB
Mem:          3.8G       3.7G       125M       5.7M        22M       3.2G

MemTotal:        4016004 kB
MemFree:          128552 kB
Active:           391004 kB
Mem:          3.8G       3.7G       125M       5.7M        22M       3.2G

MemTotal:        4016004 kB
MemFree:          126404 kB
Active:           391736 kB
Mem:          3.8G       3.7G       123M       5.7M        22M       3.2G

MemTotal:        4016004 kB
MemFree:          124676 kB
Active:           393788 kB
Mem:          3.8G       3.7G       121M       5.7M        22M       3.2G

MemTotal:        4016004 kB
MemFree:          124668 kB
Active:           391364 kB
Mem:          3.8G       3.7G       121M       5.7M        22M       3.2G

MemTotal:        4016004 kB
MemFree:          138092 kB
Active:           389344 kB
Mem:          3.8G       3.7G       134M       5.7M        22M       3.2G

MemTotal:        4016004 kB
MemFree:          123332 kB
Active:           389344 kB
Mem:          3.8G       3.7G       120M       5.7M        22M       3.2G

MemTotal:        4016004 kB
MemFree:          132488 kB
Active:           389344 kB
Mem:          3.8G       3.7G       129M       5.7M        22M       3.2G

MemTotal:        4016004 kB
MemFree:          139080 kB
Active:           389364 kB
Mem:          3.8G       3.7G       135M       5.7M        22M       3.2G

MemTotal:        4016004 kB
MemFree:          118540 kB
Active:           389340 kB
Mem:          3.8G       3.7G       115M       5.7M        22M       3.2G

MemTotal:        4016004 kB
MemFree:          134632 kB
Active:           377732 kB
Mem:          3.8G       3.7G       131M       5.7M        22M       3.2G

MemTotal:        4016004 kB
MemFree:          129824 kB
Active:           377756 kB
Mem:          3.8G       3.7G       126M       5.7M        22M       3.2G

MemTotal:        4016004 kB
MemFree:          130524 kB
Active:           377732 kB
Mem:          3.8G       3.7G       126M       5.7M        23M       3.2G

MemTotal:        4016004 kB
MemFree:          129284 kB
Active:           377712 kB
Mem:          3.8G       3.7G       126M       5.7M        23M       3.2G

MemTotal:        4016004 kB
MemFree:          128228 kB
Active:           377744 kB
Mem:          3.8G       3.7G       125M       5.7M        23M       3.2G

MemTotal:        4016004 kB
MemFree:          126944 kB
Active:           377788 kB
Mem:          3.8G       3.7G       124M       5.7M        23M       3.2G

MemTotal:        4016004 kB
MemFree:          124796 kB
Active:           377792 kB
Mem:          3.8G       3.7G       122M       5.7M        23M       3.2G

MemTotal:        4016004 kB
MemFree:          139052 kB
Active:           377792 kB
Mem:          3.8G       3.7G       135M       5.7M        23M       3.2G

MemTotal:        4016004 kB
MemFree:          136748 kB
Active:           377804 kB
Mem:          3.8G       3.7G       132M       5.7M        23M       3.2G

MemTotal:        4016004 kB
MemFree:          123452 kB
Active:           374612 kB
Mem:          3.8G       3.7G       120M       5.7M        23M       3.2G

MemTotal:        4016004 kB
MemFree:          144432 kB
Active:           374364 kB
Mem:          3.8G       3.7G       140M       5.7M        23M       3.2G

MemTotal:        4016004 kB
MemFree:          142088 kB
Active:           374352 kB
Mem:          3.8G       3.7G       138M       5.7M        23M       3.2G

MemTotal:        4016004 kB
MemFree:          119924 kB
Active:           375496 kB
Mem:          3.8G       3.7G       117M       5.7M        23M       3.2G

MemTotal:        4016004 kB
MemFree:          128496 kB
Active:           375504 kB
Mem:          3.8G       3.7G       125M       5.7M        23M       3.2G

MemTotal:        4016004 kB
MemFree:          130060 kB
Active:           375488 kB
Mem:          3.8G       3.7G       126M       5.7M        23M       3.2G

MemTotal:        4016004 kB
MemFree:          127468 kB
Active:           375532 kB
Mem:          3.8G       3.7G       124M       5.7M        23M       3.2G

MemTotal:        4016004 kB
MemFree:          126540 kB
Active:           375496 kB
Mem:          3.8G       3.7G       123M       5.7M        23M       3.2G

MemTotal:        4016004 kB
MemFree:          125584 kB
Active:           375504 kB
Mem:          3.8G       3.7G       122M       5.7M        23M       3.2G

MemTotal:        4016004 kB
MemFree:          125296 kB
Active:           375536 kB
Mem:          3.8G       3.7G       122M       5.7M        23M       3.2G

MemTotal:        4016004 kB
MemFree:          115956 kB
Active:           375520 kB
Mem:          3.8G       3.7G       112M       5.7M        23M       3.2G

MemTotal:        4016004 kB
MemFree:          132044 kB
Active:           374164 kB
Mem:          3.8G       3.7G       128M       5.7M        23M       3.2G

MemTotal:        4016004 kB
MemFree:          120308 kB
Active:           374012 kB
Mem:          3.8G       3.7G       117M       5.7M        23M       3.2G

MemTotal:        4016004 kB
MemFree:          125936 kB
Active:           374012 kB
Mem:          3.8G       3.7G       123M       5.7M        23M       3.2G

MemTotal:        4016004 kB
MemFree:          131544 kB
Active:           374012 kB
Mem:          3.8G       3.7G       127M       5.7M        23M       3.2G

MemTotal:        4016004 kB
MemFree:          131288 kB
Active:           374020 kB
Mem:          3.8G       3.7G       128M       5.7M        23M       3.2G

MemTotal:        4016004 kB
MemFree:          129432 kB
Active:           374020 kB
Mem:          3.8G       3.7G       125M       5.7M        23M       3.2G

MemTotal:        4016004 kB
MemFree:          130664 kB
Active:           374020 kB
Mem:          3.8G       3.7G       127M       5.7M        23M       3.2G

MemTotal:        4016004 kB
MemFree:          129964 kB
Active:           374008 kB
Mem:          3.8G       3.7G       126M       5.7M        23M       3.2G

MemTotal:        4016004 kB
MemFree:          129156 kB
Active:           374008 kB
Mem:          3.8G       3.7G       125M       5.7M        23M       3.2G

MemTotal:        4016004 kB
MemFree:          127256 kB
Active:           374008 kB
Mem:          3.8G       3.7G       124M       5.7M        23M       3.2G

MemTotal:        4016004 kB
MemFree:          125432 kB
Active:           374008 kB
Mem:          3.8G       3.7G       122M       5.7M        23M       3.2G

MemTotal:        4016004 kB
MemFree:          123500 kB
Active:           370440 kB
Mem:          3.8G       3.7G       120M       5.7M        23M       3.2G

MemTotal:        4016004 kB
MemFree:          114896 kB
Active:           370356 kB
Mem:          3.8G       3.7G       112M       5.7M        23M       3.2G

MemTotal:        4016004 kB
MemFree:          118560 kB
Active:           370320 kB
Mem:          3.8G       3.7G       115M       5.7M        23M       3.2G

MemTotal:        4016004 kB
MemFree:          125396 kB
Active:           370368 kB
Mem:          3.8G       3.7G       122M       5.7M        23M       3.2G

MemTotal:        4016004 kB
MemFree:          127892 kB
Active:           370376 kB
Mem:          3.8G       3.7G       124M       5.7M        23M       3.2G

MemTotal:        4016004 kB
MemFree:          131784 kB
Active:           370356 kB
Mem:          3.8G       3.7G       128M       5.7M        23M       3.2G

MemTotal:        4016004 kB
MemFree:          130924 kB
Active:           370376 kB
Mem:          3.8G       3.7G       127M       5.7M        23M       3.2G

MemTotal:        4016004 kB
MemFree:          128304 kB
Active:           370396 kB
Mem:          3.8G       3.7G       125M       5.7M        23M       3.2G

MemTotal:        4016004 kB
MemFree:          172592 kB
Active:           323172 kB
Mem:          3.8G       3.7G       168M       5.7M        23M       3.2G

MemTotal:        4016004 kB
MemFree:          171892 kB
Active:           323072 kB
Mem:          3.8G       3.7G       167M       5.7M        23M       3.2G

MemTotal:        4016004 kB
MemFree:          170744 kB
Active:           323060 kB
Mem:          3.8G       3.7G       166M       5.7M        23M       3.2G

MemTotal:        4016004 kB
MemFree:          168876 kB
Active:           321536 kB
Mem:          3.8G       3.7G       165M       5.7M        23M       3.2G

MemTotal:        4016004 kB
MemFree:          134220 kB
Active:           322652 kB
Mem:          3.8G       3.7G       130M       5.7M        23M       3.2G

MemTotal:        4016004 kB
MemFree:          127336 kB
Active:           322688 kB
Mem:          3.8G       3.7G       123M       5.7M        23M       3.2G

MemTotal:        4016004 kB
MemFree:          136692 kB
Active:           322636 kB
Mem:          3.8G       3.7G       132M       5.7M        23M       3.2G

MemTotal:        4016004 kB
MemFree:          121508 kB
Active:           322700 kB
Mem:          3.8G       3.7G       118M       5.7M        23M       3.2G

MemTotal:        4016004 kB
MemFree:          131448 kB
Active:           322712 kB
Mem:          3.8G       3.7G       128M       5.7M        23M       3.2G

MemTotal:        4016004 kB
MemFree:          135580 kB
Active:           322668 kB
Mem:          3.8G       3.7G       132M       5.7M        23M       3.2G

MemTotal:        4016004 kB
MemFree:          104964 kB
Active:           322544 kB
Mem:          3.8G       3.7G       116M       5.7M        23M       3.2G

MemTotal:        4016004 kB
MemFree:          130476 kB
Active:           322596 kB
Mem:          3.8G       3.7G       127M       5.7M        23M       3.2G

MemTotal:        4016004 kB
MemFree:          106532 kB
Active:           322564 kB
Mem:          3.8G       3.7G       103M       5.7M        23M       3.2G

MemTotal:        4016004 kB
MemFree:          105084 kB
Active:           320552 kB
Mem:          3.8G       3.7G       102M       5.7M        23M       3.2G

MemTotal:        4016004 kB
MemFree:          104000 kB
Active:           322564 kB
Mem:          3.8G       3.7G       106M       5.7M        23M       3.2G

MemTotal:        4016004 kB
MemFree:          126540 kB
Active:           322180 kB
Mem:          3.8G       3.7G       123M       5.7M        23M       3.2G

MemTotal:        4016004 kB
MemFree:          125352 kB
Active:           322240 kB
Mem:          3.8G       3.7G       122M       5.7M        23M       3.2G

MemTotal:        4016004 kB
MemFree:          125024 kB
Active:           319288 kB
Mem:          3.8G       3.7G       121M       5.7M        23M       3.2G

MemTotal:        4016004 kB
MemFree:          121636 kB
Active:           319184 kB
Mem:          3.8G       3.7G       118M       5.7M        23M       3.2G

MemTotal:        4016004 kB
MemFree:          123600 kB
Active:           319184 kB
Mem:          3.8G       3.7G       120M       5.7M        23M       3.2G

MemTotal:        4016004 kB
MemFree:          132832 kB
Active:           319188 kB
Mem:          3.8G       3.7G       129M       5.7M        23M       3.2G

MemTotal:        4016004 kB
MemFree:          132208 kB
Active:           319148 kB
Mem:          3.8G       3.7G       129M       5.7M        23M       3.2G

MemTotal:        4016004 kB
MemFree:          126376 kB
Active:           319160 kB
Mem:          3.8G       3.7G       122M       5.7M        23M       3.2G

MemTotal:        4016004 kB
MemFree:          128964 kB
Active:           319200 kB
Mem:          3.8G       3.7G       125M       5.7M        23M       3.2G

MemTotal:        4016004 kB
MemFree:          111008 kB
Active:           318860 kB
Mem:          3.8G       3.7G       108M       5.7M        23M       3.2G

MemTotal:        4016004 kB
MemFree:          111040 kB
Active:           318848 kB
Mem:          3.8G       3.7G       108M       5.7M        23M       3.2G

MemTotal:        4016004 kB
MemFree:          111164 kB
Active:           318876 kB
Mem:          3.8G       3.7G       108M       5.7M        23M       3.2G

MemTotal:        4016004 kB
MemFree:          111040 kB
Active:           318844 kB
Mem:          3.8G       3.7G       108M       5.7M        23M       3.2G

MemTotal:        4016004 kB
MemFree:          110780 kB
Active:           318860 kB
Mem:          3.8G       3.7G       107M       5.7M        23M       3.2G

MemTotal:        4016004 kB
MemFree:          110716 kB
Active:           318884 kB
Mem:          3.8G       3.7G       108M       5.7M        23M       3.2G

MemTotal:        4016004 kB
MemFree:          110780 kB
Active:           318904 kB
Mem:          3.8G       3.7G       108M       5.7M        23M       3.2G

MemTotal:        4016004 kB
MemFree:          110784 kB
Active:           318868 kB
Mem:          3.8G       3.7G       108M       5.7M        23M       3.2G

MemTotal:        4016004 kB
MemFree:          110944 kB
Active:           318896 kB
Mem:          3.8G       3.7G       108M       5.7M        23M       3.2G

MemTotal:        4016004 kB
MemFree:          110740 kB
Active:           318916 kB
Mem:          3.8G       3.7G       108M       5.7M        23M       3.2G

MemTotal:        4016004 kB
MemFree:          111236 kB
Active:           318876 kB
Mem:          3.8G       3.7G       108M       5.7M        23M       3.2G

MemTotal:        4016004 kB
MemFree:          111112 kB
Active:           318892 kB
Mem:          3.8G       3.7G       108M       5.7M        23M       3.2G

MemTotal:        4016004 kB
MemFree:          111112 kB
Active:           318868 kB
Mem:          3.8G       3.7G       108M       5.7M        23M       3.2G

MemTotal:        4016004 kB
MemFree:          110492 kB
Active:           318904 kB
Mem:          3.8G       3.7G       107M       5.7M        23M       3.2G

MemTotal:        4016004 kB
MemFree:          110988 kB
Active:           318908 kB
Mem:          3.8G       3.7G       108M       5.7M        23M       3.2G

MemTotal:        4016004 kB
MemFree:          110988 kB
Active:           318904 kB
Mem:          3.8G       3.7G       108M       5.7M        23M       3.2G

MemTotal:        4016004 kB
MemFree:          110740 kB
Active:           318872 kB
Mem:          3.8G       3.7G       108M       5.7M        23M       3.2G

MemTotal:        4016004 kB
MemFree:          110740 kB
Active:           318888 kB
Mem:          3.8G       3.7G       108M       5.7M        23M       3.2G

MemTotal:        4016004 kB
MemFree:          110740 kB
Active:           318916 kB
Mem:          3.8G       3.7G       107M       5.7M        23M       3.2G

MemTotal:        4016004 kB
MemFree:          109560 kB
Active:           318592 kB
Mem:          3.8G       3.7G       107M       5.7M        23M       3.2G

MemTotal:        4016004 kB
MemFree:          109684 kB
Active:           320640 kB
Mem:          3.8G       3.7G       107M       5.7M        23M       3.2G

MemTotal:        4016004 kB
MemFree:          110180 kB
Active:           320604 kB
Mem:          3.8G       3.7G       107M       5.7M        23M       3.2G

MemTotal:        4016004 kB
MemFree:          110304 kB
Active:           320596 kB
Mem:          3.8G       3.7G       107M       5.7M        23M       3.2G

MemTotal:        4016004 kB
MemFree:          110552 kB
Active:           320644 kB
Mem:          3.8G       3.7G       107M       5.7M        23M       3.2G

MemTotal:        4016004 kB
MemFree:          110072 kB
Active:           320652 kB
Mem:          3.8G       3.7G       107M       5.7M        23M       3.2G

MemTotal:        4016004 kB
MemFree:          110692 kB
Active:           320632 kB
Mem:          3.8G       3.7G       108M       5.7M        23M       3.2G

MemTotal:        4016004 kB
MemFree:          110444 kB
Active:           320652 kB
Mem:          3.8G       3.7G       108M       5.7M        23M       3.2G

MemTotal:        4016004 kB
MemFree:          110816 kB
Active:           320648 kB
Mem:          3.8G       3.7G       108M       5.7M        23M       3.2G

MemTotal:        4016004 kB
MemFree:          110692 kB
Active:           320600 kB
Mem:          3.8G       3.7G       108M       5.7M        23M       3.2G

MemTotal:        4016004 kB
MemFree:          110940 kB
Active:           320600 kB
Mem:          3.8G       3.7G       108M       5.7M        23M       3.2G

MemTotal:        4016004 kB
MemFree:          110444 kB
Active:           320656 kB
Mem:          3.8G       3.7G       108M       5.7M        23M       3.2G

MemTotal:        4016004 kB
MemFree:          110568 kB
Active:           320600 kB
Mem:          3.8G       3.7G       107M       5.7M        23M       3.2G

MemTotal:        4016004 kB
MemFree:          110444 kB
Active:           320608 kB
Mem:          3.8G       3.7G       107M       5.7M        23M       3.2G

MemTotal:        4016004 kB
MemFree:          110320 kB
Active:           320648 kB
Mem:          3.8G       3.7G       107M       5.7M        23M       3.2G

MemTotal:        4016004 kB
MemFree:          110320 kB
Active:           320660 kB
Mem:          3.8G       3.7G       107M       5.7M        23M       3.2G

MemTotal:        4016004 kB
MemFree:          110196 kB
Active:           320612 kB
Mem:          3.8G       3.7G       107M       5.7M        23M       3.2G

MemTotal:        4016004 kB
MemFree:          110196 kB
Active:           320620 kB
Mem:          3.8G       3.7G       107M       5.7M        23M       3.2G

MemTotal:        4016004 kB
MemFree:          110196 kB
Active:           320668 kB
Mem:          3.8G       3.7G       107M       5.7M        23M       3.2G

MemTotal:        4016004 kB
MemFree:          110444 kB
Active:           320620 kB
Mem:          3.8G       3.7G       107M       5.7M        23M       3.2G

MemTotal:        4016004 kB
MemFree:          110692 kB
Active:           320624 kB
Mem:          3.8G       3.7G       107M       5.7M        23M       3.2G

MemTotal:        4016004 kB
MemFree:          110568 kB
Active:           320636 kB
Mem:          3.8G       3.7G       107M       5.7M        23M       3.2G

MemTotal:        4016004 kB
MemFree:          109948 kB
Active:           320684 kB
Mem:          3.8G       3.7G       107M       5.7M        23M       3.2G

MemTotal:        4016004 kB
MemFree:          109948 kB
Active:           320688 kB
Mem:          3.8G       3.7G       107M       5.7M        23M       3.2G

MemTotal:        4016004 kB
MemFree:          110444 kB
Active:           320676 kB
Mem:          3.8G       3.7G       107M       5.7M        23M       3.2G

MemTotal:        4016004 kB
MemFree:          110444 kB
Active:           320680 kB
Mem:          3.8G       3.7G       107M       5.7M        23M       3.2G

MemTotal:        4016004 kB
MemFree:          110584 kB
Active:           320676 kB
Mem:          3.8G       3.7G       107M       5.7M        23M       3.2G

MemTotal:        4016004 kB
MemFree:          110708 kB
Active:           320680 kB
Mem:          3.8G       3.7G       108M       5.7M        23M       3.2G

MemTotal:        4016004 kB
MemFree:          110212 kB
Active:           320688 kB
Mem:          3.8G       3.7G       107M       5.7M        23M       3.2G

MemTotal:        4016004 kB
MemFree:          110460 kB
Active:           320688 kB
Mem:          3.8G       3.7G       107M       5.7M        23M       3.2G

MemTotal:        4016004 kB
MemFree:          110584 kB
Active:           320664 kB
Mem:          3.8G       3.7G       108M       5.7M        23M       3.2G

MemTotal:        4016004 kB
MemFree:          110708 kB
Active:           320668 kB
Mem:          3.8G       3.7G       107M       5.7M        23M       3.2G

MemTotal:        4016004 kB
MemFree:          110460 kB
Active:           320696 kB
Mem:          3.8G       3.7G       108M       5.7M        23M       3.2G

MemTotal:        4016004 kB
MemFree:          110832 kB
Active:           320656 kB
Mem:          3.8G       3.7G       108M       5.7M        23M       3.2G

MemTotal:        4016004 kB
MemFree:          110956 kB
Active:           320708 kB
Mem:          3.8G       3.7G       108M       5.7M        23M       3.2G

MemTotal:        4016004 kB
MemFree:          111204 kB
Active:           320696 kB
Mem:          3.8G       3.7G       108M       5.7M        23M       3.2G

MemTotal:        4016004 kB
MemFree:          111080 kB
Active:           320664 kB
Mem:          3.8G       3.7G       108M       5.7M        23M       3.2G

MemTotal:        4016004 kB
MemFree:          111204 kB
Active:           320664 kB
Mem:          3.8G       3.7G       108M       5.7M        23M       3.2G

MemTotal:        4016004 kB
MemFree:          110832 kB
Active:           320716 kB
Mem:          3.8G       3.7G       108M       5.7M        23M       3.2G

MemTotal:        4016004 kB
MemFree:          110956 kB
Active:           320712 kB
Mem:          3.8G       3.7G       108M       5.7M        23M       3.2G

MemTotal:        4016004 kB
MemFree:          110584 kB
Active:           320700 kB
Mem:          3.8G       3.7G       108M       5.7M        23M       3.2G

MemTotal:        4016004 kB
MemFree:          110708 kB
Active:           320692 kB
Mem:          3.8G       3.7G       107M       5.7M        23M       3.2G

MemTotal:        4016004 kB
MemFree:          110584 kB
Active:           320716 kB
Mem:          3.8G       3.7G       108M       5.7M        23M       3.2G

MemTotal:        4016004 kB
MemFree:          110708 kB
Active:           320688 kB
Mem:          3.8G       3.7G       107M       5.7M        23M       3.2G

MemTotal:        4016004 kB
MemFree:          110584 kB
Active:           320696 kB
Mem:          3.8G       3.7G       107M       5.7M        23M       3.2G

MemTotal:        4016004 kB
MemFree:          110212 kB
Active:           320724 kB
Mem:          3.8G       3.7G       107M       5.7M        23M       3.2G

MemTotal:        4016004 kB
MemFree:          110708 kB
Active:           320704 kB
Mem:          3.8G       3.7G       108M       5.7M        23M       3.2G

MemTotal:        4016004 kB
MemFree:          110584 kB
Active:           320712 kB
Mem:          3.8G       3.7G       108M       5.7M        23M       3.2G

MemTotal:        4016004 kB
MemFree:          110708 kB
Active:           320704 kB
Mem:          3.8G       3.7G       108M       5.7M        23M       3.2G

MemTotal:        4016004 kB
MemFree:          110212 kB
Active:           320728 kB
Mem:          3.8G       3.7G       107M       5.7M        23M       3.2G

MemTotal:        4016004 kB
MemFree:          109464 kB
Active:           319508 kB
Mem:          3.8G       3.7G       107M       5.7M        23M       3.2G

MemTotal:        4016004 kB
MemFree:          110208 kB
Active:           321504 kB
Mem:          3.8G       3.7G       107M       5.7M        23M       3.2G

MemTotal:        4016004 kB
MemFree:          109960 kB
Active:           321516 kB
Mem:          3.8G       3.7G       107M       5.7M        23M       3.2G

MemTotal:        4016004 kB
MemFree:          109960 kB
Active:           321560 kB
Mem:          3.8G       3.7G       107M       5.7M        23M       3.2G

MemTotal:        4016004 kB
MemFree:          110332 kB
Active:           321504 kB
Mem:          3.8G       3.7G       107M       5.7M        23M       3.2G

MemTotal:        4016004 kB
MemFree:          110332 kB
Active:           321520 kB
Mem:          3.8G       3.7G       107M       5.7M        23M       3.2G

MemTotal:        4016004 kB
MemFree:          110084 kB
Active:           321564 kB
Mem:          3.8G       3.7G       107M       5.7M        23M       3.2G

MemTotal:        4016004 kB
MemFree:          110456 kB
Active:           321556 kB
Mem:          3.8G       3.7G       107M       5.7M        23M       3.2G

MemTotal:        4016004 kB
MemFree:          110704 kB
Active:           321524 kB
Mem:          3.8G       3.7G       108M       5.7M        23M       3.2G

MemTotal:        4016004 kB
MemFree:          110704 kB
Active:           321556 kB
Mem:          3.8G       3.7G       107M       5.7M        23M       3.2G

MemTotal:        4016004 kB
MemFree:          108284 kB
Active:           321548 kB
Mem:          3.8G       3.7G       106M       5.7M        23M       3.2G

MemTotal:        4016004 kB
MemFree:          109276 kB
Active:           321496 kB
Mem:          3.8G       3.7G       106M       5.7M        23M       3.2G

MemTotal:        4016004 kB
MemFree:          109152 kB
Active:           321516 kB
Mem:          3.8G       3.7G       106M       5.7M        23M       3.2G

MemTotal:        4016004 kB
MemFree:          108532 kB
Active:           321552 kB
Mem:          3.8G       3.7G       106M       5.7M        23M       3.2G

MemTotal:        4016004 kB
MemFree:          108284 kB
Active:           323600 kB
Mem:          3.8G       3.7G       105M       5.7M        23M       3.2G

MemTotal:        4016004 kB
MemFree:          108656 kB
Active:           323568 kB
Mem:          3.8G       3.7G       105M       5.7M        23M       3.2G

MemTotal:        4016004 kB
MemFree:          108656 kB
Active:           323544 kB
Mem:          3.8G       3.7G       105M       5.7M        23M       3.2G

MemTotal:        4016004 kB
MemFree:          108408 kB
Active:           323600 kB
Mem:          3.8G       3.7G       106M       5.7M        23M       3.2G

MemTotal:        4016004 kB
MemFree:          108904 kB
Active:           323564 kB
Mem:          3.8G       3.7G       106M       5.7M        23M       3.2G

MemTotal:        4016004 kB
MemFree:          108904 kB
Active:           323576 kB
Mem:          3.8G       3.7G       106M       5.7M        23M       3.2G

MemTotal:        4016004 kB
MemFree:          108904 kB
Active:           323596 kB
Mem:          3.8G       3.7G       106M       5.7M        23M       3.2G

MemTotal:        4016004 kB
MemFree:          108532 kB
Active:           323608 kB
Mem:          3.8G       3.7G       106M       5.7M        23M       3.2G

MemTotal:        4016004 kB
MemFree:          108780 kB
Active:           323572 kB
Mem:          3.8G       3.7G       105M       5.7M        23M       3.2G

MemTotal:        4016004 kB
MemFree:          108656 kB
Active:           323592 kB
Mem:          3.8G       3.7G       106M       5.7M        23M       3.2G

MemTotal:        4016004 kB
MemFree:          108284 kB
Active:           323608 kB
Mem:          3.8G       3.7G       105M       5.7M        23M       3.2G

MemTotal:        4016004 kB
MemFree:          108160 kB
Active:           323552 kB
Mem:          3.8G       3.7G       105M       5.7M        23M       3.2G

MemTotal:        4016004 kB
MemFree:          107788 kB
Active:           323608 kB
Mem:          3.8G       3.7G       105M       5.7M        23M       3.2G

MemTotal:        4016004 kB
MemFree:          107912 kB
Active:           323612 kB
Mem:          3.8G       3.7G       105M       5.7M        23M       3.2G

MemTotal:        4016004 kB
MemFree:          107788 kB
Active:           323612 kB
Mem:          3.8G       3.7G       105M       5.7M        23M       3.2G

MemTotal:        4016004 kB
MemFree:          108284 kB
Active:           323608 kB
Mem:          3.8G       3.7G       105M       5.7M        23M       3.2G

MemTotal:        4016004 kB
MemFree:          107912 kB
Active:           323612 kB
Mem:          3.8G       3.7G       105M       5.7M        23M       3.2G

MemTotal:        4016004 kB
MemFree:          108284 kB
Active:           323596 kB
Mem:          3.8G       3.7G       105M       5.7M        23M       3.2G

MemTotal:        4016004 kB
MemFree:          108160 kB
Active:           323592 kB
Mem:          3.8G       3.7G       105M       5.7M        23M       3.2G

MemTotal:        4016004 kB
MemFree:          108284 kB
Active:           323624 kB
Mem:          3.8G       3.7G       105M       5.7M        23M       3.2G

MemTotal:        4016004 kB
MemFree:          108036 kB
Active:           323628 kB
Mem:          3.8G       3.7G       105M       5.7M        23M       3.2G

MemTotal:        4016004 kB
MemFree:          108532 kB
Active:           323620 kB
Mem:          3.8G       3.7G       106M       5.7M        23M       3.2G

MemTotal:        4016004 kB
MemFree:          108656 kB
Active:           323616 kB
Mem:          3.8G       3.7G       105M       5.7M        23M       3.2G

MemTotal:        4016004 kB
MemFree:          108656 kB
Active:           323580 kB
Mem:          3.8G       3.7G       106M       5.7M        23M       3.2G

MemTotal:        4016004 kB
MemFree:          108780 kB
Active:           323632 kB
Mem:          3.8G       3.7G       106M       5.7M        23M       3.2G

MemTotal:        4016004 kB
MemFree:          106608 kB
Active:           323584 kB
Mem:          3.8G       3.7G       103M       5.7M        23M       3.2G

MemTotal:        4016004 kB
MemFree:          106732 kB
Active:           325608 kB
Mem:          3.8G       3.7G       104M       5.7M        23M       3.2G

MemTotal:        4016004 kB
MemFree:          106112 kB
Active:           325664 kB
Mem:          3.8G       3.7G       103M       5.7M        23M       3.2G

MemTotal:        4016004 kB
MemFree:          106484 kB
Active:           325664 kB
Mem:          3.8G       3.7G       103M       5.7M        23M       3.2G

MemTotal:        4016004 kB
MemFree:          106732 kB
Active:           325628 kB
Mem:          3.8G       3.7G       104M       5.7M        23M       3.2G

MemTotal:        4016004 kB
MemFree:          106236 kB
Active:           325672 kB
Mem:          3.8G       3.7G       103M       5.7M        23M       3.2G

MemTotal:        4016004 kB
MemFree:          106360 kB
Active:           325628 kB
Mem:          3.8G       3.7G       103M       5.7M        23M       3.2G

MemTotal:        4016004 kB
MemFree:          106236 kB
Active:           325632 kB
Mem:          3.8G       3.7G       103M       5.7M        23M       3.2G

MemTotal:        4016004 kB
MemFree:          105988 kB
Active:           325676 kB
Mem:          3.8G       3.7G       103M       5.7M        23M       3.2G

MemTotal:        4016004 kB
MemFree:          106360 kB
Active:           325676 kB
Mem:          3.8G       3.7G       103M       5.7M        23M       3.2G

MemTotal:        4016004 kB
MemFree:          106608 kB
Active:           325648 kB
Mem:          3.8G       3.7G       103M       5.7M        23M       3.2G

MemTotal:        4016004 kB
MemFree:          106484 kB
Active:           325648 kB
Mem:          3.8G       3.7G       104M       5.7M        23M       3.2G

MemTotal:        4016004 kB
MemFree:          106112 kB
Active:           325676 kB
Mem:          3.8G       3.7G       103M       5.7M        23M       3.2G

MemTotal:        4016004 kB
MemFree:          106360 kB
Active:           325660 kB
Mem:          3.8G       3.7G       103M       5.7M        23M       3.2G

MemTotal:        4016004 kB
MemFree:          106608 kB
Active:           325672 kB
Mem:          3.8G       3.7G       104M       5.7M        23M       3.2G

MemTotal:        4016004 kB
MemFree:          106732 kB
Active:           325620 kB
Mem:          3.8G       3.7G       104M       5.7M        23M       3.2G

MemTotal:        4016004 kB
MemFree:          106732 kB
Active:           325668 kB
Mem:          3.8G       3.7G       103M       5.7M        23M       3.2G

MemTotal:        4016004 kB
MemFree:          106732 kB
Active:           325628 kB
Mem:          3.8G       3.7G       104M       5.7M        23M       3.2G

MemTotal:        4016004 kB
MemFree:          106980 kB
Active:           325636 kB
Mem:          3.8G       3.7G       104M       5.7M        23M       3.2G

MemTotal:        4016004 kB
MemFree:          106484 kB
Active:           325684 kB
Mem:          3.8G       3.7G       103M       5.7M        23M       3.2G

MemTotal:        4016004 kB
MemFree:          106608 kB
Active:           325640 kB
Mem:          3.8G       3.7G       104M       5.7M        23M       3.2G

MemTotal:        4016004 kB
MemFree:          106732 kB
Active:           325632 kB
Mem:          3.8G       3.7G       104M       5.7M        23M       3.2G

MemTotal:        4016004 kB
MemFree:          106360 kB
Active:           325644 kB
Mem:          3.8G       3.7G       103M       5.7M        23M       3.2G

MemTotal:        4016004 kB
MemFree:          106360 kB
Active:           325660 kB
Mem:          3.8G       3.7G       103M       5.7M        23M       3.2G

MemTotal:        4016004 kB
MemFree:          106484 kB
Active:           325656 kB
Mem:          3.8G       3.7G       103M       5.7M        23M       3.2G

MemTotal:        4016004 kB
MemFree:          106484 kB
Active:           325676 kB
Mem:          3.8G       3.7G       103M       5.7M        23M       3.2G

MemTotal:        4016004 kB
MemFree:          105988 kB
Active:           325692 kB
Mem:          3.8G       3.7G       103M       5.7M        23M       3.2G

MemTotal:        4016004 kB
MemFree:          105864 kB
Active:           325692 kB
Mem:          3.8G       3.7G       103M       5.7M        23M       3.2G

MemTotal:        4016004 kB
MemFree:          106360 kB
Active:           325660 kB
Mem:          3.8G       3.7G       104M       5.7M        23M       3.2G

MemTotal:        4016004 kB
MemFree:          106732 kB
Active:           325660 kB
Mem:          3.8G       3.7G       104M       5.7M        23M       3.2G

MemTotal:        4016004 kB
MemFree:          106608 kB
Active:           325696 kB
Mem:          3.8G       3.7G       103M       5.7M        23M       3.2G

MemTotal:        4016004 kB
MemFree:          105988 kB
Active:           325696 kB
Mem:          3.8G       3.7G       103M       5.7M        23M       3.2G

MemTotal:        4016004 kB
MemFree:          106236 kB
Active:           325704 kB
Mem:          3.8G       3.7G       103M       5.7M        23M       3.2G

MemTotal:        4016004 kB
MemFree:          105740 kB
Active:           325712 kB
Mem:          3.8G       3.7G       103M       5.7M        23M       3.2G

MemTotal:        4016004 kB
MemFree:          105616 kB
Active:           325712 kB
Mem:          3.8G       3.7G       103M       5.7M        23M       3.2G

MemTotal:        4016004 kB
MemFree:          106112 kB
Active:           325708 kB
Mem:          3.8G       3.7G       103M       5.7M        23M       3.2G

MemTotal:        4016004 kB
MemFree:          106112 kB
Active:           325668 kB
Mem:          3.8G       3.7G       103M       5.7M        23M       3.2G

MemTotal:        4016004 kB
MemFree:          106112 kB
Active:           325720 kB
Mem:          3.8G       3.7G       103M       5.7M        23M       3.2G

MemTotal:        4016004 kB
MemFree:          106484 kB
Active:           325676 kB
Mem:          3.8G       3.7G       104M       5.7M        23M       3.2G

MemTotal:        4016004 kB
MemFree:          106608 kB
Active:           325684 kB
Mem:          3.8G       3.7G       104M       5.7M        23M       3.2G

MemTotal:        4016004 kB
MemFree:          106360 kB
Active:           325716 kB
Mem:          3.8G       3.7G       103M       5.7M        23M       3.2G

MemTotal:        4016004 kB
MemFree:          106360 kB
Active:           325712 kB
Mem:          3.8G       3.7G       103M       5.7M        23M       3.2G

MemTotal:        4016004 kB
MemFree:          106360 kB
Active:           325720 kB
Mem:          3.8G       3.7G       103M       5.7M        23M       3.2G

MemTotal:        4016004 kB
MemFree:          106236 kB
Active:           325684 kB
Mem:          3.8G       3.7G       103M       5.7M        23M       3.2G

MemTotal:        4016004 kB
MemFree:          106236 kB
Active:           325720 kB
Mem:          3.8G       3.7G       103M       5.7M        23M       3.2G

MemTotal:        4016004 kB
MemFree:          106608 kB
Active:           325704 kB
Mem:          3.8G       3.7G       104M       5.7M        23M       3.2G

MemTotal:        4016004 kB
MemFree:          106112 kB
Active:           325740 kB
Mem:          3.8G       3.7G       103M       5.7M        23M       3.2G

MemTotal:        4016004 kB
MemFree:          105864 kB
Active:           325744 kB
Mem:          3.8G       3.7G       103M       5.7M        23M       3.2G

MemTotal:        4016004 kB
MemFree:          106484 kB
Active:           325728 kB
Mem:          3.8G       3.7G       103M       5.7M        23M       3.2G

MemTotal:        4016004 kB
MemFree:          106608 kB
Active:           325728 kB
Mem:          3.8G       3.7G       104M       5.7M        23M       3.2G

MemTotal:        4016004 kB
MemFree:          106484 kB
Active:           325708 kB
Mem:          3.8G       3.7G       104M       5.7M        23M       3.2G

MemTotal:        4016004 kB
MemFree:          106360 kB
Active:           325720 kB
Mem:          3.8G       3.7G       103M       5.7M        23M       3.2G

MemTotal:        4016004 kB
MemFree:          106112 kB
Active:           325748 kB
Mem:          3.8G       3.7G       103M       5.7M        23M       3.2G

MemTotal:        4016004 kB
MemFree:          105708 kB
Active:           325748 kB
Mem:          3.8G       3.7G       103M       5.7M        23M       3.2G

MemTotal:        4016004 kB
MemFree:          105956 kB
Active:           325752 kB
Mem:          3.8G       3.7G       103M       5.7M        23M       3.2G

MemTotal:        4016004 kB
MemFree:          105740 kB
Active:           325760 kB
Mem:          3.8G       3.7G       103M       5.7M        23M       3.2G

MemTotal:        4016004 kB
MemFree:          106112 kB
Active:           325740 kB
Mem:          3.8G       3.7G       103M       5.7M        23M       3.2G

MemTotal:        4016004 kB
MemFree:          106360 kB
Active:           325748 kB
Mem:          3.8G       3.7G       103M       5.7M        23M       3.2G

MemTotal:        4016004 kB
MemFree:          106236 kB
Active:           325760 kB
Mem:          3.8G       3.7G       103M       5.7M        23M       3.2G

MemTotal:        4016004 kB
MemFree:          106236 kB
Active:           325736 kB
Mem:          3.8G       3.7G       103M       5.7M        23M       3.2G

MemTotal:        4016004 kB
MemFree:          106096 kB
Active:           325764 kB
Mem:          3.8G       3.7G       103M       5.7M        23M       3.2G

MemTotal:        4016004 kB
MemFree:          105880 kB
Active:           325780 kB
Mem:          3.8G       3.7G       103M       5.7M        23M       3.2G

MemTotal:        4016004 kB
MemFree:          106376 kB
Active:           325768 kB
Mem:          3.8G       3.7G       103M       5.7M        23M       3.2G

MemTotal:        4016004 kB
MemFree:          106748 kB
Active:           325732 kB
Mem:          3.8G       3.7G       104M       5.7M        23M       3.2G

MemTotal:        4016004 kB
MemFree:          106220 kB
Active:           325844 kB
Mem:          3.8G       3.7G       103M       5.7M        23M       3.2G

MemTotal:        4016004 kB
MemFree:          106344 kB
Active:           325792 kB
Mem:          3.8G       3.7G       103M       5.7M        23M       3.2G

MemTotal:        4016004 kB
MemFree:          106228 kB
Active:           325884 kB
Mem:          3.8G       3.7G       103M       5.7M        23M       3.2G

MemTotal:        4016004 kB
MemFree:          106112 kB
Active:           325736 kB
Mem:          3.8G       3.7G       103M       5.7M        23M       3.2G

MemTotal:        4016004 kB
MemFree:          105988 kB
Active:           325792 kB
Mem:          3.8G       3.7G       103M       5.7M        23M       3.2G

MemTotal:        4016004 kB
MemFree:          106624 kB
Active:           325916 kB
Mem:          3.8G       3.7G       104M       5.7M        23M       3.2G

MemTotal:        4016004 kB
MemFree:          106700 kB
Active:           325804 kB
Mem:          3.8G       3.7G       104M       5.7M        23M       3.2G

MemTotal:        4016004 kB
MemFree:          106700 kB
Active:           325916 kB
Mem:          3.8G       3.7G       104M       5.7M        23M       3.2G

MemTotal:        4016004 kB
MemFree:          106944 kB
Active:           325916 kB
Mem:          3.8G       3.7G       104M       5.7M        23M       3.2G

MemTotal:        4016004 kB
MemFree:          106824 kB
Active:           325748 kB
Mem:          3.8G       3.7G       104M       5.7M        23M       3.2G

MemTotal:        4016004 kB
MemFree:          106624 kB
Active:           325772 kB
Mem:          3.8G       3.7G       104M       5.7M        23M       3.2G

MemTotal:        4016004 kB
MemFree:          106748 kB
Active:           325800 kB
Mem:          3.8G       3.7G       104M       5.7M        23M       3.2G

MemTotal:        4016004 kB
MemFree:          106748 kB
Active:           325792 kB
Mem:          3.8G       3.7G       103M       5.7M        23M       3.2G

MemTotal:        4016004 kB
MemFree:          106872 kB
Active:           325788 kB
Mem:          3.8G       3.7G       104M       5.7M        23M       3.2G

MemTotal:        4016004 kB
MemFree:          106840 kB
Active:           326072 kB
Mem:          3.8G       3.7G       104M       5.7M        23M       3.2G

MemTotal:        4016004 kB
MemFree:          106220 kB
Active:           325868 kB
Mem:          3.8G       3.7G       104M       5.7M        23M       3.2G

