MemTotal:        4016004 kB
MemFree:         3248640 kB
Active:           412420 kB
Mem:          3.8G       749M       3.1G       5.7M        55M       314M

MemTotal:        4016004 kB
MemFree:         3248560 kB
Active:           412828 kB
Mem:          3.8G       749M       3.1G       5.7M        55M       314M

MemTotal:        4016004 kB
MemFree:         3248948 kB
Active:           412892 kB
Mem:          3.8G       749M       3.1G       5.7M        55M       314M

MemTotal:        4016004 kB
MemFree:         3249056 kB
Active:           412844 kB
Mem:          3.8G       748M       3.1G       5.7M        55M       314M

MemTotal:        4016004 kB
MemFree:         3248808 kB
Active:           412904 kB
Mem:          3.8G       748M       3.1G       5.7M        55M       314M

MemTotal:        4016004 kB
MemFree:         3249164 kB
Active:           412896 kB
Mem:          3.8G       749M       3.1G       5.7M        55M       314M

MemTotal:        4016004 kB
MemFree:         3249148 kB
Active:           412884 kB
Mem:          3.8G       748M       3.1G       5.7M        55M       314M

MemTotal:        4016004 kB
MemFree:         3249084 kB
Active:           412864 kB
Mem:          3.8G       748M       3.1G       5.7M        55M       314M

MemTotal:        4016004 kB
MemFree:         3248556 kB
Active:           412868 kB
Mem:          3.8G       749M       3.1G       5.7M        55M       314M

MemTotal:        4016004 kB
MemFree:         3248912 kB
Active:           412868 kB
Mem:          3.8G       749M       3.1G       5.7M        55M       314M

MemTotal:        4016004 kB
MemFree:         3248928 kB
Active:           412908 kB
Mem:          3.8G       749M       3.1G       5.7M        55M       314M

MemTotal:        4016004 kB
MemFree:         3248804 kB
Active:           412912 kB
Mem:          3.8G       749M       3.1G       5.7M        55M       314M

MemTotal:        4016004 kB
MemFree:         3248556 kB
Active:           412912 kB
Mem:          3.8G       749M       3.1G       5.7M        55M       314M

MemTotal:        4016004 kB
MemFree:         3249052 kB
Active:           412880 kB
Mem:          3.8G       749M       3.1G       5.7M        55M       314M

MemTotal:        4016004 kB
MemFree:         3249052 kB
Active:           412912 kB
Mem:          3.8G       748M       3.1G       5.7M        55M       314M

MemTotal:        4016004 kB
MemFree:         3248688 kB
Active:           412916 kB
Mem:          3.8G       749M       3.1G       5.7M        55M       314M

MemTotal:        4016004 kB
MemFree:         3248564 kB
Active:           412916 kB
Mem:          3.8G       749M       3.1G       5.7M        55M       314M

MemTotal:        4016004 kB
MemFree:         3248828 kB
Active:           412916 kB
Mem:          3.8G       749M       3.1G       5.7M        55M       314M

MemTotal:        4016004 kB
MemFree:         3249092 kB
Active:           412864 kB
Mem:          3.8G       749M       3.1G       5.7M        55M       314M

MemTotal:        4016004 kB
MemFree:         3248952 kB
Active:           412896 kB
Mem:          3.8G       748M       3.1G       5.7M        55M       314M

MemTotal:        4016004 kB
MemFree:         3248924 kB
Active:           412924 kB
Mem:          3.8G       749M       3.1G       5.7M        55M       314M

MemTotal:        4016004 kB
MemFree:         3249188 kB
Active:           412888 kB
Mem:          3.8G       748M       3.1G       5.7M        55M       314M

MemTotal:        4016004 kB
MemFree:         3249312 kB
Active:           412868 kB
Mem:          3.8G       748M       3.1G       5.7M        55M       314M

MemTotal:        4016004 kB
MemFree:         3249172 kB
Active:           412892 kB
Mem:          3.8G       748M       3.1G       5.7M        55M       314M

MemTotal:        4016004 kB
MemFree:         3248752 kB
Active:           412924 kB
Mem:          3.8G       748M       3.1G       5.7M        55M       314M

MemTotal:        4016004 kB
MemFree:         3249264 kB
Active:           412900 kB
Mem:          3.8G       749M       3.1G       5.7M        55M       314M

MemTotal:        4016004 kB
MemFree:         3249248 kB
Active:           412876 kB
Mem:          3.8G       749M       3.1G       5.7M        55M       314M

MemTotal:        4016004 kB
MemFree:         3248720 kB
Active:           412928 kB
Mem:          3.8G       749M       3.1G       5.7M        55M       314M

MemTotal:        4016004 kB
MemFree:         3248720 kB
Active:           412876 kB
Mem:          3.8G       749M       3.1G       5.7M        55M       314M

MemTotal:        4016004 kB
MemFree:         3248828 kB
Active:           412900 kB
Mem:          3.8G       749M       3.1G       5.7M        55M       314M

MemTotal:        4016004 kB
MemFree:         3248704 kB
Active:           412880 kB
Mem:          3.8G       749M       3.1G       5.7M        55M       314M

MemTotal:        4016004 kB
MemFree:         3248224 kB
Active:           413084 kB
Mem:          3.8G       749M       3.1G       5.7M        55M       314M

MemTotal:        4016004 kB
MemFree:         3248348 kB
Active:           412936 kB
Mem:          3.8G       749M       3.1G       5.7M        55M       314M

MemTotal:        4016004 kB
MemFree:         3248720 kB
Active:           412916 kB
Mem:          3.8G       749M       3.1G       5.7M        55M       314M

MemTotal:        4016004 kB
MemFree:         3249044 kB
Active:           412904 kB
Mem:          3.8G       749M       3.1G       5.7M        55M       314M

MemTotal:        4016004 kB
MemFree:         3249168 kB
Active:           412944 kB
Mem:          3.8G       748M       3.1G       5.7M        55M       314M

MemTotal:        4016004 kB
MemFree:         3249076 kB
Active:           412924 kB
Mem:          3.8G       748M       3.1G       5.7M        55M       314M

MemTotal:        4016004 kB
MemFree:         3248952 kB
Active:           413028 kB
Mem:          3.8G       749M       3.1G       5.7M        55M       314M

MemTotal:        4016004 kB
MemFree:         3248656 kB
Active:           412960 kB
Mem:          3.8G       749M       3.1G       5.7M        55M       314M

MemTotal:        4016004 kB
MemFree:         3248904 kB
Active:           412932 kB
Mem:          3.8G       748M       3.1G       5.7M        55M       314M

MemTotal:        4016004 kB
MemFree:         3248832 kB
Active:           413048 kB
Mem:          3.8G       749M       3.1G       5.7M        55M       314M

MemTotal:        4016004 kB
MemFree:         3248520 kB
Active:           413088 kB
Mem:          3.8G       749M       3.1G       5.7M        55M       314M

MemTotal:        4016004 kB
MemFree:         3248784 kB
Active:           412972 kB
Mem:          3.8G       749M       3.1G       5.7M        55M       314M

MemTotal:        4016004 kB
MemFree:         3248736 kB
Active:           412976 kB
Mem:          3.8G       749M       3.1G       5.7M        55M       314M

MemTotal:        4016004 kB
MemFree:         3249092 kB
Active:           412988 kB
Mem:          3.8G       749M       3.1G       5.7M        55M       314M

MemTotal:        4016004 kB
MemFree:         3248596 kB
Active:           413092 kB
Mem:          3.8G       749M       3.1G       5.7M        55M       314M

MemTotal:        4016004 kB
MemFree:         3249024 kB
Active:           413052 kB
Mem:          3.8G       749M       3.1G       5.7M        55M       314M

MemTotal:        4016004 kB
MemFree:         3248856 kB
Active:           410912 kB
Mem:          3.8G       749M       3.1G       5.7M        55M       314M

MemTotal:        4016004 kB
MemFree:         3248964 kB
Active:           412952 kB
Mem:          3.8G       749M       3.1G       5.7M        55M       314M

MemTotal:        4016004 kB
MemFree:         3248344 kB
Active:           412996 kB
Mem:          3.8G       749M       3.1G       5.7M        55M       314M

MemTotal:        4016004 kB
MemFree:         3248484 kB
Active:           412860 kB
Mem:          3.8G       749M       3.1G       5.7M        55M       314M

MemTotal:        4016004 kB
MemFree:         3248484 kB
Active:           412956 kB
Mem:          3.8G       749M       3.1G       5.7M        55M       314M

MemTotal:        4016004 kB
MemFree:         3248872 kB
Active:           412884 kB
Mem:          3.8G       749M       3.1G       5.7M        55M       314M

MemTotal:        4016004 kB
MemFree:         3249104 kB
Active:           412848 kB
Mem:          3.8G       748M       3.1G       5.7M        55M       314M

MemTotal:        4016004 kB
MemFree:         3249104 kB
Active:           412900 kB
Mem:          3.8G       748M       3.1G       5.7M        55M       314M

MemTotal:        4016004 kB
MemFree:         3248748 kB
Active:           413144 kB
Mem:          3.8G       749M       3.1G       5.7M        55M       314M

MemTotal:        4016004 kB
MemFree:         3248624 kB
Active:           413156 kB
Mem:          3.8G       749M       3.1G       5.7M        55M       314M

MemTotal:        4016004 kB
MemFree:         3249088 kB
Active:           412936 kB
Mem:          3.8G       748M       3.1G       5.7M        55M       314M

MemTotal:        4016004 kB
MemFree:         3248984 kB
Active:           413020 kB
Mem:          3.8G       749M       3.1G       5.7M        55M       314M

MemTotal:        4016004 kB
MemFree:         3248488 kB
Active:           413024 kB
Mem:          3.8G       749M       3.1G       5.7M        55M       314M

MemTotal:        4016004 kB
MemFree:         3248968 kB
Active:           413004 kB
Mem:          3.8G       749M       3.1G       5.7M        55M       314M

MemTotal:        4016004 kB
MemFree:         3138256 kB
Active:           413540 kB
Mem:          3.8G       857M       3.0G       5.7M        55M       420M

MemTotal:        4016004 kB
MemFree:         3025952 kB
Active:           413564 kB
Mem:          3.8G       967M       2.9G       5.7M        55M       529M

MemTotal:        4016004 kB
MemFree:         2899416 kB
Active:           413564 kB
Mem:          3.8G       1.1G       2.8G       5.7M        55M       650M

MemTotal:        4016004 kB
MemFree:         2893456 kB
Active:           413564 kB
Mem:          3.8G       1.1G       2.8G       5.7M        55M       655M

MemTotal:        4016004 kB
MemFree:         2817516 kB
Active:           413616 kB
Mem:          3.8G       1.1G       2.7G       5.7M        55M       729M

MemTotal:        4016004 kB
MemFree:         2793292 kB
Active:           413636 kB
Mem:          3.8G       1.2G       2.7G       5.7M        55M       752M

MemTotal:        4016004 kB
MemFree:         2731772 kB
Active:           413640 kB
Mem:          3.8G       1.2G       2.6G       5.7M        55M       812M

MemTotal:        4016004 kB
MemFree:         2693336 kB
Active:           413640 kB
Mem:          3.8G       1.3G       2.6G       5.7M        55M       848M

MemTotal:        4016004 kB
MemFree:         2691752 kB
Active:           413652 kB
Mem:          3.8G       1.3G       2.6G       5.7M        55M       849M

MemTotal:        4016004 kB
MemFree:         2690784 kB
Active:           413656 kB
Mem:          3.8G       1.3G       2.6G       5.7M        55M       850M

MemTotal:        4016004 kB
MemFree:         2690632 kB
Active:           413656 kB
Mem:          3.8G       1.3G       2.6G       5.7M        55M       850M

MemTotal:        4016004 kB
MemFree:         2689024 kB
Active:           413664 kB
Mem:          3.8G       1.3G       2.6G       5.7M        55M       852M

MemTotal:        4016004 kB
MemFree:         2572704 kB
Active:           413672 kB
Mem:          3.8G       1.4G       2.5G       5.7M        55M       964M

MemTotal:        4016004 kB
MemFree:         2438464 kB
Active:           413676 kB
Mem:          3.8G       1.5G       2.3G       5.7M        55M       1.1G

MemTotal:        4016004 kB
MemFree:         2340000 kB
Active:           413680 kB
Mem:          3.8G       1.6G       2.2G       5.7M        55M       1.2G

MemTotal:        4016004 kB
MemFree:         2339224 kB
Active:           413688 kB
Mem:          3.8G       1.6G       2.2G       5.7M        55M       1.2G

MemTotal:        4016004 kB
MemFree:         2239364 kB
Active:           413696 kB
Mem:          3.8G       1.7G       2.1G       5.7M        55M       1.3G

MemTotal:        4016004 kB
MemFree:         2208812 kB
Active:           413696 kB
Mem:          3.8G       1.7G       2.1G       5.7M        55M       1.3G

MemTotal:        4016004 kB
MemFree:         2141020 kB
Active:           413688 kB
Mem:          3.8G       1.8G       2.0G       5.7M        55M       1.3G

MemTotal:        4016004 kB
MemFree:         2139528 kB
Active:           413704 kB
Mem:          3.8G       1.8G       2.0G       5.7M        55M       1.3G

MemTotal:        4016004 kB
MemFree:         2138528 kB
Active:           413724 kB
Mem:          3.8G       1.8G       2.0G       5.7M        55M       1.3G

MemTotal:        4016004 kB
MemFree:         2138220 kB
Active:           413732 kB
Mem:          3.8G       1.8G       2.0G       5.7M        55M       1.3G

MemTotal:        4016004 kB
MemFree:         2137276 kB
Active:           413892 kB
Mem:          3.8G       1.8G       2.0G       5.7M        55M       1.4G

MemTotal:        4016004 kB
MemFree:         2043560 kB
Active:           413752 kB
Mem:          3.8G       1.9G       1.9G       5.7M        55M       1.4G

MemTotal:        4016004 kB
MemFree:         1911940 kB
Active:           413752 kB
Mem:          3.8G       2.0G       1.8G       5.7M        55M       1.6G

MemTotal:        4016004 kB
MemFree:         1790024 kB
Active:           413752 kB
Mem:          3.8G       2.1G       1.7G       5.7M        55M       1.7G

MemTotal:        4016004 kB
MemFree:         1784948 kB
Active:           415804 kB
Mem:          3.8G       2.1G       1.7G       5.7M        55M       1.7G

MemTotal:        4016004 kB
MemFree:         1687648 kB
Active:           415796 kB
Mem:          3.8G       2.2G       1.6G       5.7M        55M       1.8G

MemTotal:        4016004 kB
MemFree:         1685304 kB
Active:           415796 kB
Mem:          3.8G       2.2G       1.6G       5.7M        55M       1.8G

MemTotal:        4016004 kB
MemFree:         1588052 kB
Active:           415796 kB
Mem:          3.8G       2.3G       1.5G       5.7M        55M       1.9G

MemTotal:        4016004 kB
MemFree:         1584304 kB
Active:           415796 kB
Mem:          3.8G       2.3G       1.5G       5.7M        55M       1.9G

MemTotal:        4016004 kB
MemFree:         1503300 kB
Active:           415804 kB
Mem:          3.8G       2.4G       1.4G       5.7M        55M       1.9G

MemTotal:        4016004 kB
MemFree:         1485056 kB
Active:           415816 kB
Mem:          3.8G       2.4G       1.4G       5.7M        55M       2.0G

MemTotal:        4016004 kB
MemFree:         1484088 kB
Active:           415828 kB
Mem:          3.8G       2.4G       1.4G       5.7M        55M       2.0G

MemTotal:        4016004 kB
MemFree:         1481688 kB
Active:           415828 kB
Mem:          3.8G       2.4G       1.4G       5.7M        55M       2.0G

MemTotal:        4016004 kB
MemFree:         1481136 kB
Active:           415828 kB
Mem:          3.8G       2.4G       1.4G       5.7M        55M       2.0G

MemTotal:        4016004 kB
MemFree:         1441612 kB
Active:           417888 kB
Mem:          3.8G       2.5G       1.4G       5.7M        55M       2.0G

MemTotal:        4016004 kB
MemFree:         1314860 kB
Active:           417864 kB
Mem:          3.8G       2.6G       1.3G       5.7M        55M       2.1G

MemTotal:        4016004 kB
MemFree:         1183768 kB
Active:           417864 kB
Mem:          3.8G       2.7G       1.1G       5.7M        55M       2.2G

MemTotal:        4016004 kB
MemFree:         1130896 kB
Active:           417864 kB
Mem:          3.8G       2.8G       1.1G       5.7M        55M       2.3G

MemTotal:        4016004 kB
MemFree:         1116172 kB
Active:           417864 kB
Mem:          3.8G       2.8G       1.1G       5.7M        55M       2.3G

MemTotal:        4016004 kB
MemFree:         1032828 kB
Active:           417872 kB
Mem:          3.8G       2.8G       1.0G       5.7M        55M       2.4G

MemTotal:        4016004 kB
MemFree:         1025000 kB
Active:           417872 kB
Mem:          3.8G       2.9G       1.0G       5.7M        55M       2.4G

MemTotal:        4016004 kB
MemFree:          909536 kB
Active:           417880 kB
Mem:          3.8G       3.0G       887M       5.7M        55M       2.5G

MemTotal:        4016004 kB
MemFree:          804904 kB
Active:           417884 kB
Mem:          3.8G       3.1G       785M       5.7M        55M       2.6G

MemTotal:        4016004 kB
MemFree:          668944 kB
Active:           417884 kB
Mem:          3.8G       3.2G       653M       5.7M        55M       2.7G

MemTotal:        4016004 kB
MemFree:          598104 kB
Active:           417896 kB
Mem:          3.8G       3.3G       583M       5.7M        55M       2.8G

MemTotal:        4016004 kB
MemFree:          596464 kB
Active:           417900 kB
Mem:          3.8G       3.3G       581M       5.7M        55M       2.8G

MemTotal:        4016004 kB
MemFree:          595352 kB
Active:           417908 kB
Mem:          3.8G       3.3G       581M       5.7M        55M       2.8G

MemTotal:        4016004 kB
MemFree:          594096 kB
Active:           417916 kB
Mem:          3.8G       3.3G       580M       5.7M        55M       2.8G

MemTotal:        4016004 kB
MemFree:          575688 kB
Active:           417932 kB
Mem:          3.8G       3.3G       561M       5.7M        55M       2.8G

MemTotal:        4016004 kB
MemFree:          575560 kB
Active:           417932 kB
Mem:          3.8G       3.3G       562M       5.7M        55M       2.8G

MemTotal:        4016004 kB
MemFree:          575624 kB
Active:           417948 kB
Mem:          3.8G       3.3G       562M       5.7M        55M       2.8G

MemTotal:        4016004 kB
MemFree:          575348 kB
Active:           417948 kB
Mem:          3.8G       3.3G       561M       5.7M        55M       2.8G

MemTotal:        4016004 kB
MemFree:          573744 kB
Active:           417952 kB
Mem:          3.8G       3.3G       560M       5.7M        55M       2.8G

MemTotal:        4016004 kB
MemFree:          489296 kB
Active:           417956 kB
Mem:          3.8G       3.4G       477M       5.7M        55M       2.9G

MemTotal:        4016004 kB
MemFree:          358556 kB
Active:           419980 kB
Mem:          3.8G       3.5G       349M       5.7M        55M       3.0G

MemTotal:        4016004 kB
MemFree:          253784 kB
Active:           419996 kB
Mem:          3.8G       3.6G       247M       5.7M        55M       3.1G

MemTotal:        4016004 kB
MemFree:          174200 kB
Active:           420012 kB
Mem:          3.8G       3.7G       169M       5.7M        55M       3.2G

MemTotal:        4016004 kB
MemFree:          170464 kB
Active:           420020 kB
Mem:          3.8G       3.7G       166M       5.7M        55M       3.2G

MemTotal:        4016004 kB
MemFree:          156088 kB
Active:           429368 kB
Mem:          3.8G       3.7G       149M       5.7M        20M       3.2G

MemTotal:        4016004 kB
MemFree:          153064 kB
Active:           429376 kB
Mem:          3.8G       3.7G       149M       5.7M        20M       3.2G

MemTotal:        4016004 kB
MemFree:          104944 kB
Active:           429424 kB
Mem:          3.8G       3.7G       125M       5.7M        20M       3.3G

MemTotal:        4016004 kB
MemFree:          126028 kB
Active:           473688 kB
Mem:          3.8G       3.7G       120M       5.7M        20M       3.3G

MemTotal:        4016004 kB
MemFree:          122072 kB
Active:           473832 kB
Mem:          3.8G       3.7G       119M       5.7M        20M       3.3G

MemTotal:        4016004 kB
MemFree:          121240 kB
Active:           473832 kB
Mem:          3.8G       3.7G       118M       5.7M        20M       3.3G

MemTotal:        4016004 kB
MemFree:          134240 kB
Active:           470000 kB
Mem:          3.8G       3.7G       130M       5.7M        20M       3.3G

MemTotal:        4016004 kB
MemFree:          130032 kB
Active:           455268 kB
Mem:          3.8G       3.7G       126M       5.7M        20M       3.3G

MemTotal:        4016004 kB
MemFree:          143492 kB
Active:           433276 kB
Mem:          3.8G       3.7G       139M       5.7M        20M       3.3G

MemTotal:        4016004 kB
MemFree:          116512 kB
Active:           428672 kB
Mem:          3.8G       3.7G       113M       5.7M        20M       3.3G

MemTotal:        4016004 kB
MemFree:          115272 kB
Active:           428672 kB
Mem:          3.8G       3.7G       112M       5.7M        20M       3.3G

MemTotal:        4016004 kB
MemFree:          145016 kB
Active:           426388 kB
Mem:          3.8G       3.7G       141M       5.7M        20M       3.3G

MemTotal:        4016004 kB
MemFree:          142372 kB
Active:           422164 kB
Mem:          3.8G       3.7G       138M       5.7M        20M       3.3G

MemTotal:        4016004 kB
MemFree:          118364 kB
Active:           422164 kB
Mem:          3.8G       3.7G       115M       5.7M        20M       3.3G

MemTotal:        4016004 kB
MemFree:          136640 kB
Active:           421024 kB
Mem:          3.8G       3.7G       132M       5.7M        20M       3.3G

MemTotal:        4016004 kB
MemFree:          133896 kB
Active:           421036 kB
Mem:          3.8G       3.7G       130M       5.7M        20M       3.3G

MemTotal:        4016004 kB
MemFree:          133588 kB
Active:           421036 kB
Mem:          3.8G       3.7G       130M       5.7M        20M       3.3G

MemTotal:        4016004 kB
MemFree:          133652 kB
Active:           421040 kB
Mem:          3.8G       3.7G       130M       5.7M        20M       3.3G

MemTotal:        4016004 kB
MemFree:          129440 kB
Active:           419768 kB
Mem:          3.8G       3.7G       126M       5.7M        20M       3.3G

MemTotal:        4016004 kB
MemFree:          128828 kB
Active:           416440 kB
Mem:          3.8G       3.7G       125M       5.7M        20M       3.3G

MemTotal:        4016004 kB
MemFree:          125440 kB
Active:           410144 kB
Mem:          3.8G       3.7G       121M       5.7M        20M       3.3G

MemTotal:        4016004 kB
MemFree:          111796 kB
Active:           405444 kB
Mem:          3.8G       3.7G       108M       5.7M        20M       3.3G

MemTotal:        4016004 kB
MemFree:          125452 kB
Active:           404312 kB
Mem:          3.8G       3.7G       122M       5.7M        20M       3.3G

MemTotal:        4016004 kB
MemFree:          129472 kB
Active:           401496 kB
Mem:          3.8G       3.7G       126M       5.7M        20M       3.3G

MemTotal:        4016004 kB
MemFree:          119428 kB
Active:           400988 kB
Mem:          3.8G       3.7G       116M       5.7M        20M       3.3G

MemTotal:        4016004 kB
MemFree:          125940 kB
Active:           399196 kB
Mem:          3.8G       3.7G       123M       5.7M        20M       3.3G

MemTotal:        4016004 kB
MemFree:          114372 kB
Active:           398180 kB
Mem:          3.8G       3.7G       111M       5.7M        20M       3.3G

MemTotal:        4016004 kB
MemFree:          113516 kB
Active:           398196 kB
Mem:          3.8G       3.7G       110M       5.7M        20M       3.3G

MemTotal:        4016004 kB
MemFree:          111836 kB
Active:           398204 kB
Mem:          3.8G       3.7G       108M       5.7M        20M       3.3G

MemTotal:        4016004 kB
MemFree:          110616 kB
Active:           398208 kB
Mem:          3.8G       3.7G       107M       5.7M        20M       3.3G

MemTotal:        4016004 kB
MemFree:          110220 kB
Active:           398208 kB
Mem:          3.8G       3.7G       107M       5.7M        20M       3.3G

MemTotal:        4016004 kB
MemFree:          122792 kB
Active:           396940 kB
Mem:          3.8G       3.7G       119M       5.7M        20M       3.3G

MemTotal:        4016004 kB
MemFree:          106648 kB
Active:           393620 kB
Mem:          3.8G       3.7G       103M       5.7M        20M       3.3G

MemTotal:        4016004 kB
MemFree:          122496 kB
Active:           389268 kB
Mem:          3.8G       3.7G       119M       5.7M        20M       3.3G

MemTotal:        4016004 kB
MemFree:          147072 kB
Active:           386048 kB
Mem:          3.8G       3.7G       143M       5.7M        20M       3.2G

MemTotal:        4016004 kB
MemFree:          141612 kB
Active:           385920 kB
Mem:          3.8G       3.7G       137M       5.7M        20M       3.3G

MemTotal:        4016004 kB
MemFree:          137560 kB
Active:           384896 kB
Mem:          3.8G       3.7G       134M       5.7M        20M       3.3G

MemTotal:        4016004 kB
MemFree:          116276 kB
Active:           384276 kB
Mem:          3.8G       3.7G       113M       5.7M        20M       3.3G

MemTotal:        4016004 kB
MemFree:          144644 kB
Active:           383000 kB
Mem:          3.8G       3.7G       141M       5.7M        20M       3.2G

MemTotal:        4016004 kB
MemFree:          142880 kB
Active:           383008 kB
Mem:          3.8G       3.7G       139M       5.7M        20M       3.2G

MemTotal:        4016004 kB
MemFree:          142016 kB
Active:           383008 kB
Mem:          3.8G       3.7G       138M       5.7M        20M       3.2G

MemTotal:        4016004 kB
MemFree:          141044 kB
Active:           383008 kB
Mem:          3.8G       3.7G       137M       5.7M        20M       3.3G

MemTotal:        4016004 kB
MemFree:          133232 kB
Active:           381864 kB
Mem:          3.8G       3.7G       129M       5.7M        20M       3.3G

MemTotal:        4016004 kB
MemFree:          127108 kB
Active:           377900 kB
Mem:          3.8G       3.7G       123M       5.7M        20M       3.3G

MemTotal:        4016004 kB
MemFree:          138708 kB
Active:           375600 kB
Mem:          3.8G       3.7G       135M       5.7M        20M       3.3G

MemTotal:        4016004 kB
MemFree:          112720 kB
Active:           373568 kB
Mem:          3.8G       3.7G       109M       5.7M        20M       3.3G

MemTotal:        4016004 kB
MemFree:          141324 kB
Active:           371648 kB
Mem:          3.8G       3.7G       137M       5.7M        20M       3.3G

MemTotal:        4016004 kB
MemFree:          123264 kB
Active:           371016 kB
Mem:          3.8G       3.7G       119M       5.7M        20M       3.3G

MemTotal:        4016004 kB
MemFree:          138772 kB
Active:           368712 kB
Mem:          3.8G       3.7G       135M       5.7M        20M       3.3G

MemTotal:        4016004 kB
MemFree:          106256 kB
Active:           368712 kB
Mem:          3.8G       3.7G       103M       5.7M        20M       3.3G

MemTotal:        4016004 kB
MemFree:          104984 kB
Active:           368728 kB
Mem:          3.8G       3.7G       125M       5.7M        20M       3.3G

MemTotal:        4016004 kB
MemFree:          127804 kB
Active:           368088 kB
Mem:          3.8G       3.7G       124M       5.7M        20M       3.3G

MemTotal:        4016004 kB
MemFree:          127312 kB
Active:           368088 kB
Mem:          3.8G       3.7G       124M       5.7M        20M       3.3G

MemTotal:        4016004 kB
MemFree:          118096 kB
Active:           368100 kB
Mem:          3.8G       3.7G       115M       5.7M        20M       3.3G

MemTotal:        4016004 kB
MemFree:          130100 kB
Active:           364516 kB
Mem:          3.8G       3.7G       126M       5.7M        20M       3.3G

MemTotal:        4016004 kB
MemFree:          124864 kB
Active:           362468 kB
Mem:          3.8G       3.7G       121M       5.7M        20M       3.3G

MemTotal:        4016004 kB
MemFree:          124384 kB
Active:           362440 kB
Mem:          3.8G       3.7G       120M       5.7M        20M       3.3G

MemTotal:        4016004 kB
MemFree:          105440 kB
Active:           362460 kB
Mem:          3.8G       3.7G       102M       5.7M        20M       3.3G

MemTotal:        4016004 kB
MemFree:          127068 kB
Active:           362332 kB
Mem:          3.8G       3.7G       124M       5.7M        20M       3.3G

MemTotal:        4016004 kB
MemFree:          135524 kB
Active:           362340 kB
Mem:          3.8G       3.7G       132M       5.7M        20M       3.3G

MemTotal:        4016004 kB
MemFree:          130488 kB
Active:           359368 kB
Mem:          3.8G       3.7G       126M       5.7M        20M       3.3G

MemTotal:        4016004 kB
MemFree:          111932 kB
Active:           359376 kB
Mem:          3.8G       3.7G       108M       5.7M        20M       3.3G

MemTotal:        4016004 kB
MemFree:          131392 kB
Active:           359420 kB
Mem:          3.8G       3.7G       128M       5.7M        20M       3.3G

MemTotal:        4016004 kB
MemFree:          130324 kB
Active:           359432 kB
Mem:          3.8G       3.7G       127M       5.7M        20M       3.3G

MemTotal:        4016004 kB
MemFree:          128468 kB
Active:           359432 kB
Mem:          3.8G       3.7G       125M       5.7M        20M       3.3G

MemTotal:        4016004 kB
MemFree:          127572 kB
Active:           359432 kB
Mem:          3.8G       3.7G       124M       5.7M        20M       3.3G

MemTotal:        4016004 kB
MemFree:          105388 kB
Active:           359432 kB
Mem:          3.8G       3.7G       125M       5.7M        20M       3.3G

MemTotal:        4016004 kB
MemFree:          116328 kB
Active:           359432 kB
Mem:          3.8G       3.7G       113M       5.7M        20M       3.3G

MemTotal:        4016004 kB
MemFree:          115220 kB
Active:           359440 kB
Mem:          3.8G       3.7G       112M       5.7M        20M       3.3G

MemTotal:        4016004 kB
MemFree:          135036 kB
Active:           359440 kB
Mem:          3.8G       3.7G       131M       5.7M        20M       3.3G

MemTotal:        4016004 kB
MemFree:          126588 kB
Active:           359440 kB
Mem:          3.8G       3.7G       123M       5.7M        20M       3.3G

MemTotal:        4016004 kB
MemFree:          128984 kB
Active:           359444 kB
Mem:          3.8G       3.7G       125M       5.7M        20M       3.3G

MemTotal:        4016004 kB
MemFree:          138172 kB
Active:           359452 kB
Mem:          3.8G       3.7G       133M       5.7M        20M       3.3G

MemTotal:        4016004 kB
MemFree:          129136 kB
Active:           359320 kB
Mem:          3.8G       3.7G       125M       5.7M        20M       3.3G

MemTotal:        4016004 kB
MemFree:          106160 kB
Active:           359332 kB
Mem:          3.8G       3.7G       103M       5.7M        20M       3.3G

MemTotal:        4016004 kB
MemFree:          128288 kB
Active:           359344 kB
Mem:          3.8G       3.7G       125M       5.7M        20M       3.3G

MemTotal:        4016004 kB
MemFree:          127636 kB
Active:           359344 kB
Mem:          3.8G       3.7G       124M       5.7M        20M       3.3G

MemTotal:        4016004 kB
MemFree:          127240 kB
Active:           359344 kB
Mem:          3.8G       3.7G       123M       5.7M        20M       3.3G

MemTotal:        4016004 kB
MemFree:          123896 kB
Active:           359356 kB
Mem:          3.8G       3.7G       120M       5.7M        20M       3.3G

MemTotal:        4016004 kB
MemFree:          131312 kB
Active:           359364 kB
Mem:          3.8G       3.7G       127M       5.7M        20M       3.3G

MemTotal:        4016004 kB
MemFree:          131396 kB
Active:           359364 kB
Mem:          3.8G       3.7G       127M       5.7M        20M       3.3G

MemTotal:        4016004 kB
MemFree:          127940 kB
Active:           358576 kB
Mem:          3.8G       3.7G       124M       5.7M        20M       3.3G

MemTotal:        4016004 kB
MemFree:          128100 kB
Active:           358576 kB
Mem:          3.8G       3.7G       124M       5.7M        20M       3.3G

MemTotal:        4016004 kB
MemFree:          109112 kB
Active:           358576 kB
Mem:          3.8G       3.7G       106M       5.7M        20M       3.3G

MemTotal:        4016004 kB
MemFree:          128600 kB
Active:           359716 kB
Mem:          3.8G       3.7G       125M       5.7M        20M       3.3G

MemTotal:        4016004 kB
MemFree:          112092 kB
Active:           359592 kB
Mem:          3.8G       3.7G       109M       5.7M        20M       3.3G

MemTotal:        4016004 kB
MemFree:          127768 kB
Active:           359608 kB
Mem:          3.8G       3.7G       124M       5.7M        20M       3.3G

MemTotal:        4016004 kB
MemFree:          125500 kB
Active:           359624 kB
Mem:          3.8G       3.7G       122M       5.7M        20M       3.3G

MemTotal:        4016004 kB
MemFree:          124652 kB
Active:           359624 kB
Mem:          3.8G       3.7G       121M       5.7M        20M       3.3G

MemTotal:        4016004 kB
MemFree:          124440 kB
Active:           359624 kB
Mem:          3.8G       3.7G       121M       5.7M        20M       3.3G

MemTotal:        4016004 kB
MemFree:          125944 kB
Active:           357236 kB
Mem:          3.8G       3.7G       122M       5.7M        20M       3.3G

MemTotal:        4016004 kB
MemFree:          119504 kB
Active:           357184 kB
Mem:          3.8G       3.7G       116M       5.7M        20M       3.3G

MemTotal:        4016004 kB
MemFree:          126656 kB
Active:           357184 kB
Mem:          3.8G       3.7G       122M       5.7M        20M       3.3G

MemTotal:        4016004 kB
MemFree:          142972 kB
Active:           356568 kB
Mem:          3.8G       3.7G       139M       5.7M        20M       3.2G

MemTotal:        4016004 kB
MemFree:          136788 kB
Active:           358440 kB
Mem:          3.8G       3.7G       133M       5.7M        20M       3.2G

MemTotal:        4016004 kB
MemFree:          138736 kB
Active:           356784 kB
Mem:          3.8G       3.7G       135M       5.7M        20M       3.2G

MemTotal:        4016004 kB
MemFree:          123560 kB
Active:           356784 kB
Mem:          3.8G       3.7G       119M       5.7M        20M       3.3G

MemTotal:        4016004 kB
MemFree:          140604 kB
Active:           356668 kB
Mem:          3.8G       3.7G       136M       5.7M        20M       3.2G

MemTotal:        4016004 kB
MemFree:          138992 kB
Active:           356684 kB
Mem:          3.8G       3.7G       135M       5.7M        20M       3.2G

MemTotal:        4016004 kB
MemFree:          138252 kB
Active:           356684 kB
Mem:          3.8G       3.7G       134M       5.7M        20M       3.2G

MemTotal:        4016004 kB
MemFree:          138040 kB
Active:           356692 kB
Mem:          3.8G       3.7G       134M       5.7M        20M       3.2G

MemTotal:        4016004 kB
MemFree:          138200 kB
Active:           356696 kB
Mem:          3.8G       3.7G       134M       5.7M        20M       3.2G

MemTotal:        4016004 kB
MemFree:          130180 kB
Active:           356700 kB
Mem:          3.8G       3.7G       126M       5.7M        20M       3.3G

MemTotal:        4016004 kB
MemFree:          130952 kB
Active:           353412 kB
Mem:          3.8G       3.7G       127M       5.7M        20M       3.3G

MemTotal:        4016004 kB
MemFree:          134580 kB
Active:           354760 kB
Mem:          3.8G       3.7G       131M       5.7M        20M       3.2G

MemTotal:        4016004 kB
MemFree:          132964 kB
Active:           354768 kB
Mem:          3.8G       3.7G       129M       5.7M        20M       3.2G

MemTotal:        4016004 kB
MemFree:          123092 kB
Active:           354768 kB
Mem:          3.8G       3.7G       119M       5.7M        20M       3.3G

MemTotal:        4016004 kB
MemFree:          125096 kB
Active:           354768 kB
Mem:          3.8G       3.7G       121M       5.7M        20M       3.3G

MemTotal:        4016004 kB
MemFree:          126764 kB
Active:           354780 kB
Mem:          3.8G       3.7G       123M       5.7M        20M       3.3G

MemTotal:        4016004 kB
MemFree:          125456 kB
Active:           354784 kB
Mem:          3.8G       3.7G       122M       5.7M        20M       3.3G

MemTotal:        4016004 kB
MemFree:          125148 kB
Active:           354796 kB
Mem:          3.8G       3.7G       122M       5.7M        20M       3.3G

MemTotal:        4016004 kB
MemFree:          125276 kB
Active:           354800 kB
Mem:          3.8G       3.7G       122M       5.7M        20M       3.3G

MemTotal:        4016004 kB
MemFree:          125656 kB
Active:           354800 kB
Mem:          3.8G       3.7G       122M       5.7M        20M       3.3G

MemTotal:        4016004 kB
MemFree:          126808 kB
Active:           353652 kB
Mem:          3.8G       3.7G       123M       5.7M        20M       3.3G

MemTotal:        4016004 kB
MemFree:          127652 kB
Active:           353652 kB
Mem:          3.8G       3.7G       124M       5.7M        20M       3.3G

MemTotal:        4016004 kB
MemFree:          115936 kB
Active:           353656 kB
Mem:          3.8G       3.7G       112M       5.7M        20M       3.3G

MemTotal:        4016004 kB
MemFree:          138944 kB
Active:           350352 kB
Mem:          3.8G       3.7G       134M       5.7M        20M       3.2G

MemTotal:        4016004 kB
MemFree:          127296 kB
Active:           350140 kB
Mem:          3.8G       3.7G       123M       5.7M        20M       3.3G

MemTotal:        4016004 kB
MemFree:          149632 kB
Active:           350140 kB
Mem:          3.8G       3.7G       145M       5.7M        20M       3.2G

MemTotal:        4016004 kB
MemFree:          148980 kB
Active:           350140 kB
Mem:          3.8G       3.7G       145M       5.7M        20M       3.2G

MemTotal:        4016004 kB
MemFree:          146104 kB
Active:           350152 kB
Mem:          3.8G       3.7G       142M       5.7M        20M       3.2G

MemTotal:        4016004 kB
MemFree:          145640 kB
Active:           350156 kB
Mem:          3.8G       3.7G       142M       5.7M        20M       3.2G

MemTotal:        4016004 kB
MemFree:          145800 kB
Active:           350156 kB
Mem:          3.8G       3.7G       142M       5.7M        20M       3.2G

MemTotal:        4016004 kB
MemFree:          144848 kB
Active:           350160 kB
Mem:          3.8G       3.7G       141M       5.7M        20M       3.2G

MemTotal:        4016004 kB
MemFree:          143980 kB
Active:           350176 kB
Mem:          3.8G       3.7G       140M       5.7M        20M       3.2G

MemTotal:        4016004 kB
MemFree:          142960 kB
Active:           350188 kB
Mem:          3.8G       3.7G       139M       5.7M        20M       3.2G

MemTotal:        4016004 kB
MemFree:          142656 kB
Active:           350192 kB
Mem:          3.8G       3.7G       139M       5.7M        20M       3.2G

MemTotal:        4016004 kB
MemFree:          142972 kB
Active:           350196 kB
Mem:          3.8G       3.7G       139M       5.7M        20M       3.2G

MemTotal:        4016004 kB
MemFree:          119532 kB
Active:           350204 kB
Mem:          3.8G       3.7G       116M       5.7M        20M       3.3G

MemTotal:        4016004 kB
MemFree:          137520 kB
Active:           349168 kB
Mem:          3.8G       3.7G       133M       5.7M        20M       3.2G

MemTotal:        4016004 kB
MemFree:          134984 kB
Active:           348980 kB
Mem:          3.8G       3.7G       131M       5.7M        20M       3.2G

MemTotal:        4016004 kB
MemFree:          139040 kB
Active:           348988 kB
Mem:          3.8G       3.7G       135M       5.7M        20M       3.2G

MemTotal:        4016004 kB
MemFree:          132680 kB
Active:           348988 kB
Mem:          3.8G       3.7G       129M       5.7M        20M       3.2G

MemTotal:        4016004 kB
MemFree:          131616 kB
Active:           348988 kB
Mem:          3.8G       3.7G       128M       5.7M        20M       3.2G

MemTotal:        4016004 kB
MemFree:          133044 kB
Active:           348508 kB
Mem:          3.8G       3.7G       128M       5.7M        20M       3.2G

MemTotal:        4016004 kB
MemFree:          114736 kB
Active:           348384 kB
Mem:          3.8G       3.7G       111M       5.7M        20M       3.3G

MemTotal:        4016004 kB
MemFree:          122552 kB
Active:           348396 kB
Mem:          3.8G       3.7G       119M       5.7M        20M       3.3G

MemTotal:        4016004 kB
MemFree:          122528 kB
Active:           348400 kB
Mem:          3.8G       3.7G       119M       5.7M        20M       3.3G

MemTotal:        4016004 kB
MemFree:          122656 kB
Active:           348428 kB
Mem:          3.8G       3.7G       119M       5.7M        20M       3.3G

MemTotal:        4016004 kB
MemFree:          122104 kB
Active:           348432 kB
Mem:          3.8G       3.7G       118M       5.7M        20M       3.3G

MemTotal:        4016004 kB
MemFree:          104976 kB
Active:           348436 kB
Mem:          3.8G       3.7G       125M       5.7M        20M       3.3G

MemTotal:        4016004 kB
MemFree:          129692 kB
Active:           345364 kB
Mem:          3.8G       3.7G       126M       5.7M        20M       3.2G

MemTotal:        4016004 kB
MemFree:          107768 kB
Active:           345368 kB
Mem:          3.8G       3.7G       104M       5.7M        20M       3.3G

MemTotal:        4016004 kB
MemFree:          138596 kB
Active:           345376 kB
Mem:          3.8G       3.7G       134M       5.7M        20M       3.2G

MemTotal:        4016004 kB
MemFree:          140200 kB
Active:           343572 kB
Mem:          3.8G       3.7G       137M       5.7M        20M       3.2G

MemTotal:        4016004 kB
MemFree:          130704 kB
Active:           345120 kB
Mem:          3.8G       3.7G       127M       5.7M        20M       3.2G

MemTotal:        4016004 kB
MemFree:          128316 kB
Active:           345120 kB
Mem:          3.8G       3.7G       124M       5.7M        20M       3.2G

MemTotal:        4016004 kB
MemFree:          117808 kB
Active:           345120 kB
Mem:          3.8G       3.7G       114M       5.7M        20M       3.3G

MemTotal:        4016004 kB
MemFree:          141904 kB
Active:           345128 kB
Mem:          3.8G       3.7G       138M       5.7M        20M       3.2G

MemTotal:        4016004 kB
MemFree:          141172 kB
Active:           345140 kB
Mem:          3.8G       3.7G       137M       5.7M        20M       3.2G

MemTotal:        4016004 kB
MemFree:          139684 kB
Active:           345140 kB
Mem:          3.8G       3.7G       136M       5.7M        20M       3.2G

MemTotal:        4016004 kB
MemFree:          138776 kB
Active:           345140 kB
Mem:          3.8G       3.7G       135M       5.7M        20M       3.2G

MemTotal:        4016004 kB
MemFree:          129756 kB
Active:           342888 kB
Mem:          3.8G       3.7G       125M       5.7M        20M       3.2G

MemTotal:        4016004 kB
MemFree:          119212 kB
Active:           342900 kB
Mem:          3.8G       3.7G       115M       5.7M        20M       3.3G

MemTotal:        4016004 kB
MemFree:          140200 kB
Active:           342900 kB
Mem:          3.8G       3.7G       136M       5.7M        20M       3.2G

MemTotal:        4016004 kB
MemFree:          137120 kB
Active:           342912 kB
Mem:          3.8G       3.7G       133M       5.7M        20M       3.2G

MemTotal:        4016004 kB
MemFree:          127972 kB
Active:           342916 kB
Mem:          3.8G       3.7G       124M       5.7M        20M       3.2G

MemTotal:        4016004 kB
MemFree:          124128 kB
Active:           342916 kB
Mem:          3.8G       3.7G       121M       5.7M        20M       3.3G

MemTotal:        4016004 kB
MemFree:          121992 kB
Active:           342928 kB
Mem:          3.8G       3.7G       119M       5.7M        20M       3.3G

MemTotal:        4016004 kB
MemFree:          121496 kB
Active:           342932 kB
Mem:          3.8G       3.7G       118M       5.7M        20M       3.3G

MemTotal:        4016004 kB
MemFree:          120532 kB
Active:           342940 kB
Mem:          3.8G       3.7G       117M       5.7M        20M       3.3G

MemTotal:        4016004 kB
MemFree:          118520 kB
Active:           342940 kB
Mem:          3.8G       3.7G       115M       5.7M        20M       3.3G

MemTotal:        4016004 kB
MemFree:          105348 kB
Active:           342940 kB
Mem:          3.8G       3.7G       125M       5.7M        20M       3.2G

MemTotal:        4016004 kB
MemFree:          125620 kB
Active:           340756 kB
Mem:          3.8G       3.7G       121M       5.7M        20M       3.2G

MemTotal:        4016004 kB
MemFree:          130572 kB
Active:           340644 kB
Mem:          3.8G       3.7G       126M       5.7M        20M       3.2G

MemTotal:        4016004 kB
MemFree:          131252 kB
Active:           340684 kB
Mem:          3.8G       3.7G       127M       5.7M        20M       3.2G

MemTotal:        4016004 kB
MemFree:          130508 kB
Active:           340696 kB
Mem:          3.8G       3.7G       127M       5.7M        20M       3.2G

MemTotal:        4016004 kB
MemFree:          143408 kB
Active:           340696 kB
Mem:          3.8G       3.7G       139M       5.7M        20M       3.2G

MemTotal:        4016004 kB
MemFree:          130836 kB
Active:           340712 kB
Mem:          3.8G       3.7G       127M       5.7M        20M       3.2G

MemTotal:        4016004 kB
MemFree:          128016 kB
Active:           340712 kB
Mem:          3.8G       3.7G       125M       5.7M        20M       3.2G

MemTotal:        4016004 kB
MemFree:          127336 kB
Active:           340720 kB
Mem:          3.8G       3.7G       123M       5.7M        20M       3.2G

MemTotal:        4016004 kB
MemFree:          126116 kB
Active:           340728 kB
Mem:          3.8G       3.7G       122M       5.7M        20M       3.2G

MemTotal:        4016004 kB
MemFree:          125344 kB
Active:           340728 kB
Mem:          3.8G       3.7G       122M       5.7M        20M       3.2G

MemTotal:        4016004 kB
MemFree:          125032 kB
Active:           340592 kB
Mem:          3.8G       3.7G       122M       5.7M        20M       3.2G

MemTotal:        4016004 kB
MemFree:          129016 kB
Active:           340708 kB
Mem:          3.8G       3.7G       125M       5.7M        20M       3.2G

MemTotal:        4016004 kB
MemFree:          129064 kB
Active:           340548 kB
Mem:          3.8G       3.7G       126M       5.7M        20M       3.2G

MemTotal:        4016004 kB
MemFree:          129064 kB
Active:           340548 kB
Mem:          3.8G       3.7G       126M       5.7M        20M       3.2G

MemTotal:        4016004 kB
MemFree:          129312 kB
Active:           340548 kB
Mem:          3.8G       3.7G       126M       5.7M        20M       3.2G

MemTotal:        4016004 kB
MemFree:          129188 kB
Active:           340548 kB
Mem:          3.8G       3.7G       126M       5.7M        20M       3.2G

MemTotal:        4016004 kB
MemFree:          129188 kB
Active:           340548 kB
Mem:          3.8G       3.7G       126M       5.7M        20M       3.2G

MemTotal:        4016004 kB
MemFree:          129188 kB
Active:           340556 kB
Mem:          3.8G       3.7G       126M       5.7M        20M       3.2G

MemTotal:        4016004 kB
MemFree:          129188 kB
Active:           340556 kB
Mem:          3.8G       3.7G       126M       5.7M        20M       3.2G

MemTotal:        4016004 kB
MemFree:          129188 kB
Active:           340556 kB
Mem:          3.8G       3.7G       126M       5.7M        20M       3.2G

MemTotal:        4016004 kB
MemFree:          129048 kB
Active:           340036 kB
Mem:          3.8G       3.7G       126M       5.7M        20M       3.2G

MemTotal:        4016004 kB
MemFree:          129048 kB
Active:           342088 kB
Mem:          3.8G       3.7G       126M       5.7M        20M       3.2G

MemTotal:        4016004 kB
MemFree:          129048 kB
Active:           342088 kB
Mem:          3.8G       3.7G       126M       5.7M        20M       3.2G

MemTotal:        4016004 kB
MemFree:          129048 kB
Active:           342088 kB
Mem:          3.8G       3.7G       126M       5.7M        20M       3.2G

MemTotal:        4016004 kB
MemFree:          128976 kB
Active:           341856 kB
Mem:          3.8G       3.7G       125M       5.7M        20M       3.2G

MemTotal:        4016004 kB
MemFree:          129224 kB
Active:           341812 kB
Mem:          3.8G       3.7G       126M       5.7M        20M       3.2G

MemTotal:        4016004 kB
MemFree:          129596 kB
Active:           341840 kB
Mem:          3.8G       3.7G       126M       5.7M        20M       3.2G

MemTotal:        4016004 kB
MemFree:          129472 kB
Active:           341864 kB
Mem:          3.8G       3.7G       126M       5.7M        20M       3.2G

MemTotal:        4016004 kB
MemFree:          129596 kB
Active:           341836 kB
Mem:          3.8G       3.7G       126M       5.7M        20M       3.2G

MemTotal:        4016004 kB
MemFree:          129596 kB
Active:           341828 kB
Mem:          3.8G       3.7G       126M       5.7M        20M       3.2G

MemTotal:        4016004 kB
MemFree:          128596 kB
Active:           339828 kB
Mem:          3.8G       3.7G       125M       5.7M        20M       3.2G

MemTotal:        4016004 kB
MemFree:          128720 kB
Active:           341872 kB
Mem:          3.8G       3.7G       125M       5.7M        20M       3.2G

MemTotal:        4016004 kB
MemFree:          128596 kB
Active:           341884 kB
Mem:          3.8G       3.7G       126M       5.7M        20M       3.2G

MemTotal:        4016004 kB
MemFree:          129216 kB
Active:           341860 kB
Mem:          3.8G       3.7G       126M       5.7M        20M       3.2G

MemTotal:        4016004 kB
MemFree:          128968 kB
Active:           341884 kB
Mem:          3.8G       3.7G       125M       5.7M        20M       3.2G

MemTotal:        4016004 kB
MemFree:          128968 kB
Active:           341840 kB
Mem:          3.8G       3.7G       125M       5.7M        20M       3.2G

MemTotal:        4016004 kB
MemFree:          128968 kB
Active:           341868 kB
Mem:          3.8G       3.7G       125M       5.7M        20M       3.2G

MemTotal:        4016004 kB
MemFree:          129376 kB
Active:           341896 kB
Mem:          3.8G       3.7G       126M       5.7M        20M       3.2G

MemTotal:        4016004 kB
MemFree:          129748 kB
Active:           341864 kB
Mem:          3.8G       3.7G       126M       5.7M        20M       3.2G

MemTotal:        4016004 kB
MemFree:          129500 kB
Active:           341852 kB
Mem:          3.8G       3.7G       126M       5.7M        20M       3.2G

MemTotal:        4016004 kB
MemFree:          129500 kB
Active:           341892 kB
Mem:          3.8G       3.7G       126M       5.7M        20M       3.2G

MemTotal:        4016004 kB
MemFree:          129748 kB
Active:           341868 kB
Mem:          3.8G       3.7G       126M       5.7M        20M       3.2G

MemTotal:        4016004 kB
MemFree:          129128 kB
Active:           341896 kB
Mem:          3.8G       3.7G       126M       5.7M        20M       3.2G

MemTotal:        4016004 kB
MemFree:          129276 kB
Active:           341904 kB
Mem:          3.8G       3.7G       126M       5.7M        20M       3.2G

MemTotal:        4016004 kB
MemFree:          129680 kB
Active:           341868 kB
Mem:          3.8G       3.7G       126M       5.7M        20M       3.2G

MemTotal:        4016004 kB
MemFree:          130052 kB
Active:           341904 kB
Mem:          3.8G       3.7G       126M       5.7M        20M       3.2G

MemTotal:        4016004 kB
MemFree:          130052 kB
Active:           341880 kB
Mem:          3.8G       3.7G       126M       5.7M        20M       3.2G

MemTotal:        4016004 kB
MemFree:          129680 kB
Active:           341912 kB
Mem:          3.8G       3.7G       126M       5.7M        20M       3.2G

MemTotal:        4016004 kB
MemFree:          129432 kB
Active:           341920 kB
Mem:          3.8G       3.7G       126M       5.7M        20M       3.2G

MemTotal:        4016004 kB
MemFree:          129184 kB
Active:           341928 kB
Mem:          3.8G       3.7G       126M       5.7M        20M       3.2G

MemTotal:        4016004 kB
MemFree:          129556 kB
Active:           341892 kB
Mem:          3.8G       3.7G       126M       5.7M        20M       3.2G

MemTotal:        4016004 kB
MemFree:          129108 kB
Active:           341928 kB
Mem:          3.8G       3.7G       126M       5.7M        20M       3.2G

MemTotal:        4016004 kB
MemFree:          129480 kB
Active:           341884 kB
Mem:          3.8G       3.7G       126M       5.7M        20M       3.2G

MemTotal:        4016004 kB
MemFree:          129604 kB
Active:           341880 kB
Mem:          3.8G       3.7G       126M       5.7M        20M       3.2G

MemTotal:        4016004 kB
MemFree:          130100 kB
Active:           341900 kB
Mem:          3.8G       3.7G       126M       5.7M        20M       3.2G

MemTotal:        4016004 kB
MemFree:          129976 kB
Active:           341924 kB
Mem:          3.8G       3.7G       126M       5.7M        20M       3.2G

MemTotal:        4016004 kB
MemFree:          130100 kB
Active:           341900 kB
Mem:          3.8G       3.7G       127M       5.7M        20M       3.2G

MemTotal:        4016004 kB
MemFree:          129976 kB
Active:           341880 kB
Mem:          3.8G       3.7G       126M       5.7M        20M       3.2G

MemTotal:        4016004 kB
MemFree:          129728 kB
Active:           341944 kB
Mem:          3.8G       3.7G       126M       5.7M        20M       3.2G

MemTotal:        4016004 kB
MemFree:          130100 kB
Active:           341900 kB
Mem:          3.8G       3.7G       126M       5.7M        20M       3.2G

MemTotal:        4016004 kB
MemFree:          128920 kB
Active:           341032 kB
Mem:          3.8G       3.7G       126M       5.7M        20M       3.2G

MemTotal:        4016004 kB
MemFree:          129540 kB
Active:           343084 kB
Mem:          3.8G       3.7G       126M       5.7M        20M       3.2G

MemTotal:        4016004 kB
MemFree:          130052 kB
Active:           343064 kB
Mem:          3.8G       3.7G       126M       5.7M        20M       3.2G

MemTotal:        4016004 kB
MemFree:          129556 kB
Active:           343092 kB
Mem:          3.8G       3.7G       126M       5.7M        20M       3.2G

MemTotal:        4016004 kB
MemFree:          129928 kB
Active:           343056 kB
Mem:          3.8G       3.7G       126M       5.7M        20M       3.2G

MemTotal:        4016004 kB
MemFree:          129556 kB
Active:           343100 kB
Mem:          3.8G       3.7G       126M       5.7M        20M       3.2G

MemTotal:        4016004 kB
MemFree:          129680 kB
Active:           343084 kB
Mem:          3.8G       3.7G       126M       5.7M        20M       3.2G

MemTotal:        4016004 kB
MemFree:          129804 kB
Active:           343072 kB
Mem:          3.8G       3.7G       126M       5.7M        20M       3.2G

MemTotal:        4016004 kB
MemFree:          129804 kB
Active:           343056 kB
Mem:          3.8G       3.7G       126M       5.7M        20M       3.2G

MemTotal:        4016004 kB
MemFree:          129804 kB
Active:           343092 kB
Mem:          3.8G       3.7G       126M       5.7M        20M       3.2G

MemTotal:        4016004 kB
MemFree:          127276 kB
Active:           343076 kB
Mem:          3.8G       3.7G       124M       5.7M        20M       3.2G

MemTotal:        4016004 kB
MemFree:          127648 kB
Active:           345068 kB
Mem:          3.8G       3.7G       124M       5.7M        20M       3.2G

MemTotal:        4016004 kB
MemFree:          127152 kB
Active:           345124 kB
Mem:          3.8G       3.7G       124M       5.7M        20M       3.2G

MemTotal:        4016004 kB
MemFree:          127276 kB
Active:           345120 kB
Mem:          3.8G       3.7G       124M       5.7M        20M       3.2G

MemTotal:        4016004 kB
MemFree:          127152 kB
Active:           345092 kB
Mem:          3.8G       3.7G       124M       5.7M        20M       3.2G

MemTotal:        4016004 kB
MemFree:          126780 kB
Active:           345132 kB
Mem:          3.8G       3.7G       123M       5.7M        20M       3.2G

MemTotal:        4016004 kB
MemFree:          127152 kB
Active:           345080 kB
Mem:          3.8G       3.7G       124M       5.7M        20M       3.2G

MemTotal:        4016004 kB
MemFree:          126780 kB
Active:           345136 kB
Mem:          3.8G       3.7G       124M       5.7M        20M       3.2G

MemTotal:        4016004 kB
MemFree:          127276 kB
Active:           345112 kB
Mem:          3.8G       3.7G       124M       5.7M        20M       3.2G

MemTotal:        4016004 kB
MemFree:          126904 kB
Active:           345148 kB
Mem:          3.8G       3.7G       123M       5.7M        20M       3.2G

MemTotal:        4016004 kB
MemFree:          127648 kB
Active:           345092 kB
Mem:          3.8G       3.7G       124M       5.7M        20M       3.2G

MemTotal:        4016004 kB
MemFree:          127772 kB
Active:           345132 kB
Mem:          3.8G       3.7G       124M       5.7M        20M       3.2G

MemTotal:        4016004 kB
MemFree:          127772 kB
Active:           345116 kB
Mem:          3.8G       3.7G       124M       5.7M        20M       3.2G

MemTotal:        4016004 kB
MemFree:          127152 kB
Active:           345152 kB
Mem:          3.8G       3.7G       124M       5.7M        20M       3.2G

MemTotal:        4016004 kB
MemFree:          127152 kB
Active:           345160 kB
Mem:          3.8G       3.7G       124M       5.7M        20M       3.2G

MemTotal:        4016004 kB
MemFree:          127524 kB
Active:           345140 kB
Mem:          3.8G       3.7G       124M       5.7M        20M       3.2G

MemTotal:        4016004 kB
MemFree:          127276 kB
Active:           345160 kB
Mem:          3.8G       3.7G       124M       5.7M        20M       3.2G

MemTotal:        4016004 kB
MemFree:          127524 kB
Active:           345136 kB
Mem:          3.8G       3.7G       124M       5.7M        20M       3.2G

MemTotal:        4016004 kB
MemFree:          127524 kB
Active:           345104 kB
Mem:          3.8G       3.7G       124M       5.7M        20M       3.2G

MemTotal:        4016004 kB
MemFree:          127276 kB
Active:           345160 kB
Mem:          3.8G       3.7G       124M       5.7M        20M       3.2G

MemTotal:        4016004 kB
MemFree:          127772 kB
Active:           345120 kB
Mem:          3.8G       3.7G       124M       5.7M        20M       3.2G

MemTotal:        4016004 kB
MemFree:          127772 kB
Active:           345156 kB
Mem:          3.8G       3.7G       124M       5.7M        20M       3.2G

MemTotal:        4016004 kB
MemFree:          127896 kB
Active:           345124 kB
Mem:          3.8G       3.7G       124M       5.7M        20M       3.2G

MemTotal:        4016004 kB
MemFree:          127896 kB
Active:           345164 kB
Mem:          3.8G       3.7G       124M       5.7M        20M       3.2G

MemTotal:        4016004 kB
MemFree:          128020 kB
Active:           345140 kB
Mem:          3.8G       3.7G       124M       5.7M        20M       3.2G

MemTotal:        4016004 kB
MemFree:          127896 kB
Active:           345116 kB
Mem:          3.8G       3.7G       124M       5.7M        20M       3.2G

MemTotal:        4016004 kB
MemFree:          127896 kB
Active:           345148 kB
Mem:          3.8G       3.7G       124M       5.7M        20M       3.2G

MemTotal:        4016004 kB
MemFree:          127524 kB
Active:           345172 kB
Mem:          3.8G       3.7G       124M       5.7M        20M       3.2G

MemTotal:        4016004 kB
MemFree:          127896 kB
Active:           345144 kB
Mem:          3.8G       3.7G       124M       5.7M        20M       3.2G

MemTotal:        4016004 kB
MemFree:          127772 kB
Active:           345160 kB
Mem:          3.8G       3.7G       124M       5.7M        20M       3.2G

MemTotal:        4016004 kB
MemFree:          127284 kB
Active:           345180 kB
Mem:          3.8G       3.7G       124M       5.7M        20M       3.2G

MemTotal:        4016004 kB
MemFree:          127284 kB
Active:           345180 kB
Mem:          3.8G       3.7G       124M       5.7M        20M       3.2G

MemTotal:        4016004 kB
MemFree:          127780 kB
Active:           345136 kB
Mem:          3.8G       3.7G       124M       5.7M        20M       3.2G

MemTotal:        4016004 kB
MemFree:          127780 kB
Active:           345160 kB
Mem:          3.8G       3.7G       124M       5.7M        20M       3.2G

MemTotal:        4016004 kB
MemFree:          127284 kB
Active:           345184 kB
Mem:          3.8G       3.7G       124M       5.7M        20M       3.2G

MemTotal:        4016004 kB
MemFree:          127780 kB
Active:           345144 kB
Mem:          3.8G       3.7G       124M       5.7M        20M       3.2G

MemTotal:        4016004 kB
MemFree:          127780 kB
Active:           345176 kB
Mem:          3.8G       3.7G       124M       5.7M        20M       3.2G

MemTotal:        4016004 kB
MemFree:          127780 kB
Active:           345184 kB
Mem:          3.8G       3.7G       124M       5.7M        20M       3.2G

MemTotal:        4016004 kB
MemFree:          127780 kB
Active:           345164 kB
Mem:          3.8G       3.7G       124M       5.7M        20M       3.2G

MemTotal:        4016004 kB
MemFree:          127780 kB
Active:           345192 kB
Mem:          3.8G       3.7G       124M       5.7M        20M       3.2G

MemTotal:        4016004 kB
MemFree:          125732 kB
Active:           345176 kB
Mem:          3.8G       3.7G       122M       5.7M        20M       3.2G

MemTotal:        4016004 kB
MemFree:          125608 kB
Active:           347224 kB
Mem:          3.8G       3.7G       122M       5.7M        20M       3.2G

MemTotal:        4016004 kB
MemFree:          125608 kB
Active:           347180 kB
Mem:          3.8G       3.7G       122M       5.7M        20M       3.2G

MemTotal:        4016004 kB
MemFree:          125732 kB
Active:           347196 kB
Mem:          3.8G       3.7G       122M       5.7M        20M       3.2G

MemTotal:        4016004 kB
MemFree:          125732 kB
Active:           347188 kB
Mem:          3.8G       3.7G       122M       5.7M        20M       3.2G

MemTotal:        4016004 kB
MemFree:          125608 kB
Active:           347224 kB
Mem:          3.8G       3.7G       122M       5.7M        20M       3.2G

MemTotal:        4016004 kB
MemFree:          125608 kB
Active:           347188 kB
Mem:          3.8G       3.7G       122M       5.7M        20M       3.2G

MemTotal:        4016004 kB
MemFree:          125732 kB
Active:           347204 kB
Mem:          3.8G       3.7G       122M       5.7M        20M       3.2G

MemTotal:        4016004 kB
MemFree:          125360 kB
Active:           347256 kB
Mem:          3.8G       3.7G       122M       5.7M        20M       3.2G

MemTotal:        4016004 kB
MemFree:          125360 kB
Active:           347216 kB
Mem:          3.8G       3.7G       122M       5.7M        20M       3.2G

MemTotal:        4016004 kB
MemFree:          124864 kB
Active:           347260 kB
Mem:          3.8G       3.7G       121M       5.7M        20M       3.2G

MemTotal:        4016004 kB
MemFree:          125360 kB
Active:           347220 kB
Mem:          3.8G       3.7G       122M       5.7M        20M       3.2G

MemTotal:        4016004 kB
MemFree:          125112 kB
Active:           347260 kB
Mem:          3.8G       3.7G       122M       5.7M        20M       3.2G

MemTotal:        4016004 kB
MemFree:          125112 kB
Active:           347260 kB
Mem:          3.8G       3.7G       122M       5.7M        20M       3.2G

MemTotal:        4016004 kB
MemFree:          125608 kB
Active:           347212 kB
Mem:          3.8G       3.7G       122M       5.7M        20M       3.2G

MemTotal:        4016004 kB
MemFree:          125360 kB
Active:           347228 kB
Mem:          3.8G       3.7G       122M       5.7M        20M       3.2G

MemTotal:        4016004 kB
MemFree:          125484 kB
Active:           347248 kB
Mem:          3.8G       3.7G       122M       5.7M        20M       3.2G

MemTotal:        4016004 kB
MemFree:          124988 kB
Active:           347268 kB
Mem:          3.8G       3.7G       122M       5.7M        20M       3.2G

MemTotal:        4016004 kB
MemFree:          125360 kB
Active:           347212 kB
Mem:          3.8G       3.7G       122M       5.7M        20M       3.2G

MemTotal:        4016004 kB
MemFree:          125484 kB
Active:           347252 kB
Mem:          3.8G       3.7G       122M       5.7M        20M       3.2G

MemTotal:        4016004 kB
MemFree:          125608 kB
Active:           347220 kB
Mem:          3.8G       3.7G       122M       5.7M        20M       3.2G

MemTotal:        4016004 kB
MemFree:          125360 kB
Active:           347276 kB
Mem:          3.8G       3.7G       122M       5.7M        20M       3.2G

MemTotal:        4016004 kB
MemFree:          125484 kB
Active:           347276 kB
Mem:          3.8G       3.7G       122M       5.7M        20M       3.2G

MemTotal:        4016004 kB
MemFree:          125732 kB
Active:           347268 kB
Mem:          3.8G       3.7G       122M       5.7M        20M       3.2G

MemTotal:        4016004 kB
MemFree:          125484 kB
Active:           347284 kB
Mem:          3.8G       3.7G       122M       5.7M        20M       3.2G

MemTotal:        4016004 kB
MemFree:          125856 kB
Active:           347256 kB
Mem:          3.8G       3.7G       122M       5.7M        20M       3.2G

MemTotal:        4016004 kB
MemFree:          125980 kB
Active:           347232 kB
Mem:          3.8G       3.7G       123M       5.7M        20M       3.2G

MemTotal:        4016004 kB
MemFree:          126228 kB
Active:           347264 kB
Mem:          3.8G       3.7G       123M       5.7M        20M       3.2G

MemTotal:        4016004 kB
MemFree:          125484 kB
Active:           347284 kB
Mem:          3.8G       3.7G       122M       5.7M        20M       3.2G

MemTotal:        4016004 kB
MemFree:          125484 kB
Active:           347260 kB
Mem:          3.8G       3.7G       122M       5.7M        20M       3.2G

MemTotal:        4016004 kB
MemFree:          125360 kB
Active:           347232 kB
Mem:          3.8G       3.7G       122M       5.7M        20M       3.2G

MemTotal:        4016004 kB
MemFree:          124988 kB
Active:           347292 kB
Mem:          3.8G       3.7G       122M       5.7M        20M       3.2G

MemTotal:        4016004 kB
MemFree:          125360 kB
Active:           347264 kB
Mem:          3.8G       3.7G       122M       5.7M        20M       3.2G

MemTotal:        4016004 kB
MemFree:          124864 kB
Active:           347292 kB
Mem:          3.8G       3.7G       122M       5.7M        20M       3.2G

MemTotal:        4016004 kB
MemFree:          125484 kB
Active:           347264 kB
Mem:          3.8G       3.7G       122M       5.7M        20M       3.2G

MemTotal:        4016004 kB
MemFree:          125360 kB
Active:           347552 kB
Mem:          3.8G       3.7G       122M       5.7M        20M       3.2G

MemTotal:        4016004 kB
MemFree:          115852 kB
Active:           355136 kB
Mem:          3.8G       3.7G       113M       5.7M        28M       3.2G

MemTotal:        4016004 kB
MemFree:          115912 kB
Active:           355048 kB
Mem:          3.8G       3.7G       113M       5.7M        28M       3.2G

MemTotal:        4016004 kB
MemFree:          115416 kB
Active:           355056 kB
Mem:          3.8G       3.7G       112M       5.7M        28M       3.2G

MemTotal:        4016004 kB
MemFree:          115416 kB
Active:           355040 kB
Mem:          3.8G       3.7G       112M       5.7M        28M       3.2G

MemTotal:        4016004 kB
MemFree:          115540 kB
Active:           355020 kB
Mem:          3.8G       3.7G       112M       5.7M        28M       3.2G

MemTotal:        4016004 kB
MemFree:          115540 kB
Active:           355052 kB
Mem:          3.8G       3.7G       112M       5.7M        28M       3.2G

MemTotal:        4016004 kB
MemFree:          115168 kB
Active:           355064 kB
Mem:          3.8G       3.7G       112M       5.7M        28M       3.2G

MemTotal:        4016004 kB
MemFree:          115168 kB
Active:           355064 kB
Mem:          3.8G       3.7G       112M       5.7M        28M       3.2G

MemTotal:        4016004 kB
MemFree:          115540 kB
Active:           355044 kB
Mem:          3.8G       3.7G       112M       5.7M        28M       3.2G

MemTotal:        4016004 kB
MemFree:          115416 kB
Active:           355064 kB
Mem:          3.8G       3.7G       112M       5.7M        28M       3.2G

MemTotal:        4016004 kB
MemFree:          115416 kB
Active:           355064 kB
Mem:          3.8G       3.7G       112M       5.7M        28M       3.2G

MemTotal:        4016004 kB
MemFree:          115664 kB
Active:           355048 kB
Mem:          3.8G       3.7G       112M       5.7M        28M       3.2G

MemTotal:        4016004 kB
MemFree:          115664 kB
Active:           355040 kB
Mem:          3.8G       3.7G       112M       5.7M        28M       3.2G

MemTotal:        4016004 kB
MemFree:          115416 kB
Active:           355080 kB
Mem:          3.8G       3.7G       112M       5.7M        28M       3.2G

MemTotal:        4016004 kB
MemFree:          115788 kB
Active:           355056 kB
Mem:          3.8G       3.7G       112M       5.7M        28M       3.2G

MemTotal:        4016004 kB
MemFree:          115664 kB
Active:           355028 kB
Mem:          3.8G       3.7G       112M       5.7M        28M       3.2G

MemTotal:        4016004 kB
MemFree:          115292 kB
Active:           355080 kB
Mem:          3.8G       3.7G       112M       5.7M        28M       3.2G

MemTotal:        4016004 kB
MemFree:          115044 kB
Active:           355084 kB
Mem:          3.8G       3.7G       112M       5.7M        28M       3.2G

MemTotal:        4016004 kB
MemFree:          115416 kB
Active:           355084 kB
Mem:          3.8G       3.7G       112M       5.7M        28M       3.2G

MemTotal:        4016004 kB
MemFree:          115416 kB
Active:           355076 kB
Mem:          3.8G       3.7G       112M       5.7M        28M       3.2G

MemTotal:        4016004 kB
MemFree:          115540 kB
Active:           355096 kB
Mem:          3.8G       3.7G       112M       5.7M        28M       3.2G

MemTotal:        4016004 kB
MemFree:          115912 kB
Active:           355076 kB
Mem:          3.8G       3.7G       113M       5.7M        28M       3.2G

MemTotal:        4016004 kB
MemFree:          115912 kB
Active:           355044 kB
Mem:          3.8G       3.7G       113M       5.7M        28M       3.2G

MemTotal:        4016004 kB
MemFree:          115788 kB
Active:           355080 kB
Mem:          3.8G       3.7G       112M       5.7M        28M       3.2G

MemTotal:        4016004 kB
MemFree:          115788 kB
Active:           355052 kB
Mem:          3.8G       3.7G       113M       5.7M        28M       3.2G

MemTotal:        4016004 kB
MemFree:          115788 kB
Active:           355088 kB
Mem:          3.8G       3.7G       112M       5.7M        28M       3.2G

MemTotal:        4016004 kB
MemFree:          115912 kB
Active:           355056 kB
Mem:          3.8G       3.7G       112M       5.7M        28M       3.2G

MemTotal:        4016004 kB
MemFree:          115292 kB
Active:           355124 kB
Mem:          3.8G       3.7G       112M       5.7M        28M       3.2G

MemTotal:        4016004 kB
MemFree:          115044 kB
Active:           355124 kB
Mem:          3.8G       3.7G       112M       5.7M        28M       3.2G

MemTotal:        4016004 kB
MemFree:          115292 kB
Active:           355092 kB
Mem:          3.8G       3.7G       112M       5.7M        28M       3.2G

MemTotal:        4016004 kB
MemFree:          114920 kB
Active:           355124 kB
Mem:          3.8G       3.7G       112M       5.7M        28M       3.2G

MemTotal:        4016004 kB
MemFree:          115292 kB
Active:           355108 kB
Mem:          3.8G       3.7G       112M       5.7M        28M       3.2G

MemTotal:        4016004 kB
MemFree:          115044 kB
Active:           355096 kB
Mem:          3.8G       3.7G       112M       5.7M        28M       3.2G

MemTotal:        4016004 kB
MemFree:          114920 kB
Active:           355148 kB
Mem:          3.8G       3.7G       112M       5.7M        28M       3.2G

MemTotal:        4016004 kB
MemFree:          115292 kB
Active:           355092 kB
Mem:          3.8G       3.7G       112M       5.7M        28M       3.2G

MemTotal:        4016004 kB
MemFree:          115168 kB
Active:           355116 kB
Mem:          3.8G       3.7G       112M       5.7M        28M       3.2G

MemTotal:        4016004 kB
MemFree:          115168 kB
Active:           355108 kB
Mem:          3.8G       3.7G       112M       5.7M        28M       3.2G

MemTotal:        4016004 kB
MemFree:          115664 kB
Active:           355140 kB
Mem:          3.8G       3.7G       112M       5.7M        28M       3.2G

MemTotal:        4016004 kB
MemFree:          115664 kB
Active:           355112 kB
Mem:          3.8G       3.7G       112M       5.7M        28M       3.2G

MemTotal:        4016004 kB
MemFree:          115664 kB
Active:           355104 kB
Mem:          3.8G       3.7G       112M       5.7M        28M       3.2G

MemTotal:        4016004 kB
MemFree:          115664 kB
Active:           355112 kB
Mem:          3.8G       3.7G       112M       5.7M        28M       3.2G

MemTotal:        4016004 kB
MemFree:          115416 kB
Active:           355112 kB
Mem:          3.8G       3.7G       112M       5.7M        28M       3.2G

MemTotal:        4016004 kB
MemFree:          115044 kB
Active:           355164 kB
Mem:          3.8G       3.7G       112M       5.7M        28M       3.2G

MemTotal:        4016004 kB
MemFree:          115168 kB
Active:           355124 kB
Mem:          3.8G       3.7G       112M       5.7M        28M       3.2G

MemTotal:        4016004 kB
MemFree:          115168 kB
Active:           355152 kB
Mem:          3.8G       3.7G       112M       5.7M        28M       3.2G

MemTotal:        4016004 kB
MemFree:          114912 kB
Active:           355120 kB
Mem:          3.8G       3.7G       112M       5.7M        28M       3.2G

MemTotal:        4016004 kB
MemFree:          114912 kB
Active:           355292 kB
Mem:          3.8G       3.7G       112M       5.7M        28M       3.2G

MemTotal:        4016004 kB
MemFree:          114664 kB
Active:           355580 kB
Mem:          3.8G       3.7G       112M       5.7M        28M       3.2G

MemTotal:        4016004 kB
MemFree:          114276 kB
Active:           355376 kB
Mem:          3.8G       3.7G       111M       5.7M        28M       3.2G

MemTotal:        4016004 kB
MemFree:          114772 kB
Active:           355364 kB
Mem:          3.8G       3.7G       112M       5.7M        28M       3.2G

