MemTotal:        4016008 kB
MemFree:         3240316 kB
Active:           419712 kB
Mem:          3.8G       758M       3.1G       5.7M        51M       318M

MemTotal:        4016008 kB
MemFree:         3239416 kB
Active:           420092 kB
Mem:          3.8G       758M       3.1G       5.7M        51M       318M

MemTotal:        4016008 kB
MemFree:         3239524 kB
Active:           420204 kB
Mem:          3.8G       758M       3.1G       5.7M        51M       318M

MemTotal:        4016008 kB
MemFree:         3239276 kB
Active:           420164 kB
Mem:          3.8G       758M       3.1G       5.7M        51M       318M

MemTotal:        4016008 kB
MemFree:         3239260 kB
Active:           420172 kB
Mem:          3.8G       758M       3.1G       5.7M        51M       318M

MemTotal:        4016008 kB
MemFree:         3239384 kB
Active:           420196 kB
Mem:          3.8G       758M       3.1G       5.7M        51M       318M

MemTotal:        4016008 kB
MemFree:         3239368 kB
Active:           420172 kB
Mem:          3.8G       758M       3.1G       5.7M        51M       318M

MemTotal:        4016008 kB
MemFree:         3238980 kB
Active:           420216 kB
Mem:          3.8G       758M       3.1G       5.7M        51M       318M

MemTotal:        4016008 kB
MemFree:         3239476 kB
Active:           420196 kB
Mem:          3.8G       758M       3.1G       5.7M        51M       318M

MemTotal:        4016008 kB
MemFree:         3239476 kB
Active:           420176 kB
Mem:          3.8G       758M       3.1G       5.7M        51M       318M

MemTotal:        4016008 kB
MemFree:         3239460 kB
Active:           420200 kB
Mem:          3.8G       758M       3.1G       5.7M        51M       318M

MemTotal:        4016008 kB
MemFree:         3239460 kB
Active:           420160 kB
Mem:          3.8G       758M       3.1G       5.7M        51M       318M

MemTotal:        4016008 kB
MemFree:         3239212 kB
Active:           420216 kB
Mem:          3.8G       758M       3.1G       5.7M        51M       318M

MemTotal:        4016008 kB
MemFree:         3239212 kB
Active:           420196 kB
Mem:          3.8G       758M       3.1G       5.7M        51M       318M

MemTotal:        4016008 kB
MemFree:         3239212 kB
Active:           420200 kB
Mem:          3.8G       758M       3.1G       5.7M        51M       318M

MemTotal:        4016008 kB
MemFree:         3239228 kB
Active:           420216 kB
Mem:          3.8G       758M       3.1G       5.7M        51M       318M

MemTotal:        4016008 kB
MemFree:         3238856 kB
Active:           420220 kB
Mem:          3.8G       758M       3.1G       5.7M        51M       318M

MemTotal:        4016008 kB
MemFree:         3239104 kB
Active:           420196 kB
Mem:          3.8G       758M       3.1G       5.7M        51M       318M

MemTotal:        4016008 kB
MemFree:         3239104 kB
Active:           420216 kB
Mem:          3.8G       758M       3.1G       5.7M        51M       318M

MemTotal:        4016008 kB
MemFree:         3239104 kB
Active:           420188 kB
Mem:          3.8G       758M       3.1G       5.7M        51M       318M

MemTotal:        4016008 kB
MemFree:         3238980 kB
Active:           420180 kB
Mem:          3.8G       758M       3.1G       5.7M        51M       318M

MemTotal:        4016008 kB
MemFree:         3238980 kB
Active:           420196 kB
Mem:          3.8G       758M       3.1G       5.7M        51M       318M

MemTotal:        4016008 kB
MemFree:         3238484 kB
Active:           420228 kB
Mem:          3.8G       758M       3.1G       5.7M        51M       318M

MemTotal:        4016008 kB
MemFree:         3238856 kB
Active:           420204 kB
Mem:          3.8G       759M       3.1G       5.7M        51M       318M

MemTotal:        4016008 kB
MemFree:         3238344 kB
Active:           420228 kB
Mem:          3.8G       759M       3.1G       5.7M        51M       318M

MemTotal:        4016008 kB
MemFree:         3238608 kB
Active:           420180 kB
Mem:          3.8G       759M       3.1G       5.7M        51M       318M

MemTotal:        4016008 kB
MemFree:         3238608 kB
Active:           420188 kB
Mem:          3.8G       759M       3.1G       5.7M        51M       318M

MemTotal:        4016008 kB
MemFree:         3238516 kB
Active:           420212 kB
Mem:          3.8G       759M       3.1G       5.7M        51M       318M

MemTotal:        4016008 kB
MemFree:         3238640 kB
Active:           420220 kB
Mem:          3.8G       759M       3.1G       5.7M        51M       318M

MemTotal:        4016008 kB
MemFree:         3239012 kB
Active:           420228 kB
Mem:          3.8G       758M       3.1G       5.7M        51M       318M

MemTotal:        4016008 kB
MemFree:         3238392 kB
Active:           420236 kB
Mem:          3.8G       759M       3.1G       5.7M        51M       318M

MemTotal:        4016008 kB
MemFree:         3239012 kB
Active:           420216 kB
Mem:          3.8G       758M       3.1G       5.7M        51M       318M

MemTotal:        4016008 kB
MemFree:         3239012 kB
Active:           420224 kB
Mem:          3.8G       758M       3.1G       5.7M        51M       318M

MemTotal:        4016008 kB
MemFree:         3239012 kB
Active:           420228 kB
Mem:          3.8G       758M       3.1G       5.7M        51M       318M

MemTotal:        4016008 kB
MemFree:         3238236 kB
Active:           418328 kB
Mem:          3.8G       759M       3.1G       5.7M        51M       318M

MemTotal:        4016008 kB
MemFree:         3238732 kB
Active:           420336 kB
Mem:          3.8G       759M       3.1G       5.7M        51M       318M

MemTotal:        4016008 kB
MemFree:         3238980 kB
Active:           420376 kB
Mem:          3.8G       758M       3.1G       5.7M        51M       318M

MemTotal:        4016008 kB
MemFree:         3239228 kB
Active:           420368 kB
Mem:          3.8G       758M       3.1G       5.7M        51M       318M

MemTotal:        4016008 kB
MemFree:         3239460 kB
Active:           420376 kB
Mem:          3.8G       758M       3.1G       5.7M        51M       318M

MemTotal:        4016008 kB
MemFree:         3239568 kB
Active:           420332 kB
Mem:          3.8G       758M       3.1G       5.7M        51M       318M

MemTotal:        4016008 kB
MemFree:         3239148 kB
Active:           420384 kB
Mem:          3.8G       758M       3.1G       5.7M        51M       318M

MemTotal:        4016008 kB
MemFree:         3238900 kB
Active:           420388 kB
Mem:          3.8G       758M       3.1G       5.7M        51M       318M

MemTotal:        4016008 kB
MemFree:         3239148 kB
Active:           420388 kB
Mem:          3.8G       758M       3.1G       5.7M        51M       318M

MemTotal:        4016008 kB
MemFree:         3239008 kB
Active:           420408 kB
Mem:          3.8G       758M       3.1G       5.7M        51M       318M

MemTotal:        4016008 kB
MemFree:         3239380 kB
Active:           420396 kB
Mem:          3.8G       758M       3.1G       5.7M        51M       318M

MemTotal:        4016008 kB
MemFree:         3239256 kB
Active:           420404 kB
Mem:          3.8G       758M       3.1G       5.7M        51M       318M

MemTotal:        4016008 kB
MemFree:         3238784 kB
Active:           420396 kB
Mem:          3.8G       759M       3.1G       5.7M        51M       318M

MemTotal:        4016008 kB
MemFree:         3238768 kB
Active:           420408 kB
Mem:          3.8G       759M       3.1G       5.7M        51M       318M

MemTotal:        4016008 kB
MemFree:         3238892 kB
Active:           420408 kB
Mem:          3.8G       759M       3.1G       5.7M        51M       318M

MemTotal:        4016008 kB
MemFree:         3238892 kB
Active:           420408 kB
Mem:          3.8G       758M       3.1G       5.7M        51M       318M

MemTotal:        4016008 kB
MemFree:         3238876 kB
Active:           420404 kB
Mem:          3.8G       758M       3.1G       5.7M        51M       318M

MemTotal:        4016008 kB
MemFree:         3238860 kB
Active:           420400 kB
Mem:          3.8G       758M       3.1G       5.7M        51M       318M

MemTotal:        4016008 kB
MemFree:         3239092 kB
Active:           420428 kB
Mem:          3.8G       758M       3.1G       5.7M        51M       318M

MemTotal:        4016008 kB
MemFree:         3238828 kB
Active:           420436 kB
Mem:          3.8G       758M       3.1G       5.7M        51M       318M

MemTotal:        4016008 kB
MemFree:         3239200 kB
Active:           420404 kB
Mem:          3.8G       758M       3.1G       5.7M        51M       318M

MemTotal:        4016008 kB
MemFree:         3239448 kB
Active:           420400 kB
Mem:          3.8G       758M       3.1G       5.7M        51M       318M

MemTotal:        4016008 kB
MemFree:         3239324 kB
Active:           420392 kB
Mem:          3.8G       758M       3.1G       5.7M        51M       318M

MemTotal:        4016008 kB
MemFree:         3238952 kB
Active:           420400 kB
Mem:          3.8G       758M       3.1G       5.7M        51M       318M

MemTotal:        4016008 kB
MemFree:         3239060 kB
Active:           420396 kB
Mem:          3.8G       758M       3.1G       5.7M        51M       318M

MemTotal:        4016008 kB
MemFree:         3239092 kB
Active:           420392 kB
Mem:          3.8G       758M       3.1G       5.7M        51M       318M

MemTotal:        4016008 kB
MemFree:         3238968 kB
Active:           420400 kB
Mem:          3.8G       759M       3.1G       5.7M        51M       318M

MemTotal:        4016008 kB
MemFree:         3238968 kB
Active:           420448 kB
Mem:          3.8G       759M       3.1G       5.7M        51M       318M

MemTotal:        4016008 kB
MemFree:         3238844 kB
Active:           420396 kB
Mem:          3.8G       759M       3.1G       5.7M        51M       318M

MemTotal:        4016008 kB
MemFree:         3238828 kB
Active:           420436 kB
Mem:          3.8G       758M       3.1G       5.7M        51M       318M

MemTotal:        4016008 kB
MemFree:         3237076 kB
Active:           420388 kB
Mem:          3.8G       760M       3.1G       5.7M        51M       318M

MemTotal:        4016008 kB
MemFree:         3236828 kB
Active:           422480 kB
Mem:          3.8G       760M       3.1G       5.7M        51M       318M

MemTotal:        4016008 kB
MemFree:         3237084 kB
Active:           422476 kB
Mem:          3.8G       760M       3.1G       5.7M        51M       318M

MemTotal:        4016008 kB
MemFree:         3237084 kB
Active:           422460 kB
Mem:          3.8G       760M       3.1G       5.7M        51M       318M

MemTotal:        4016008 kB
MemFree:         3237068 kB
Active:           422456 kB
Mem:          3.8G       760M       3.1G       5.7M        51M       318M

MemTotal:        4016008 kB
MemFree:         3236944 kB
Active:           422460 kB
Mem:          3.8G       761M       3.1G       5.7M        51M       318M

MemTotal:        4016008 kB
MemFree:         3236556 kB
Active:           422468 kB
Mem:          3.8G       760M       3.1G       5.7M        51M       319M

MemTotal:        4016008 kB
MemFree:         3237132 kB
Active:           422424 kB
Mem:          3.8G       760M       3.1G       5.7M        51M       319M

MemTotal:        4016008 kB
MemFree:         3236636 kB
Active:           422444 kB
Mem:          3.8G       761M       3.1G       5.7M        51M       319M

MemTotal:        4016008 kB
MemFree:         3236512 kB
Active:           422460 kB
Mem:          3.8G       761M       3.1G       5.7M        51M       319M

MemTotal:        4016008 kB
MemFree:         3235688 kB
Active:           420448 kB
Mem:          3.8G       761M       3.1G       5.7M        51M       319M

MemTotal:        4016008 kB
MemFree:         3235920 kB
Active:           422448 kB
Mem:          3.8G       761M       3.1G       5.7M        51M       318M

MemTotal:        4016008 kB
MemFree:         3236276 kB
Active:           422484 kB
Mem:          3.8G       761M       3.1G       5.7M        51M       319M

MemTotal:        4016008 kB
MemFree:         3236384 kB
Active:           422488 kB
Mem:          3.8G       761M       3.1G       5.7M        51M       319M

MemTotal:        4016008 kB
MemFree:         3236556 kB
Active:           422476 kB
Mem:          3.8G       761M       3.1G       5.7M        51M       319M

MemTotal:        4016008 kB
MemFree:         3236556 kB
Active:           422460 kB
Mem:          3.8G       761M       3.1G       5.7M        51M       319M

MemTotal:        4016008 kB
MemFree:         3236556 kB
Active:           422464 kB
Mem:          3.8G       761M       3.1G       5.7M        51M       319M

MemTotal:        4016008 kB
MemFree:         3236680 kB
Active:           422452 kB
Mem:          3.8G       761M       3.1G       5.7M        51M       319M

MemTotal:        4016008 kB
MemFree:         3236184 kB
Active:           422508 kB
Mem:          3.8G       761M       3.1G       5.7M        51M       319M

MemTotal:        4016008 kB
MemFree:         3236556 kB
Active:           422496 kB
Mem:          3.8G       761M       3.1G       5.7M        51M       319M

MemTotal:        4016008 kB
MemFree:         3237208 kB
Active:           422488 kB
Mem:          3.8G       760M       3.1G       5.7M        51M       319M

MemTotal:        4016008 kB
MemFree:         3237208 kB
Active:           422484 kB
Mem:          3.8G       760M       3.1G       5.7M        51M       319M

MemTotal:        4016008 kB
MemFree:         3237332 kB
Active:           422484 kB
Mem:          3.8G       760M       3.1G       5.7M        51M       319M

MemTotal:        4016008 kB
MemFree:         3227072 kB
Active:           430628 kB
Mem:          3.8G       770M       3.1G       5.7M        58M       318M

MemTotal:        4016008 kB
MemFree:         3227512 kB
Active:           430464 kB
Mem:          3.8G       769M       3.1G       5.7M        58M       319M

MemTotal:        4016008 kB
MemFree:         3227852 kB
Active:           430476 kB
Mem:          3.8G       769M       3.1G       5.7M        58M       319M

MemTotal:        4016008 kB
MemFree:         3227852 kB
Active:           430452 kB
Mem:          3.8G       769M       3.1G       5.7M        58M       319M

MemTotal:        4016008 kB
MemFree:         3227900 kB
Active:           430460 kB
Mem:          3.8G       769M       3.1G       5.7M        58M       319M

MemTotal:        4016008 kB
MemFree:         3227900 kB
Active:           430444 kB
Mem:          3.8G       769M       3.1G       5.7M        58M       319M

MemTotal:        4016008 kB
MemFree:         3227900 kB
Active:           430448 kB
Mem:          3.8G       769M       3.1G       5.7M        58M       319M

MemTotal:        4016008 kB
MemFree:         3227652 kB
Active:           430492 kB
Mem:          3.8G       770M       3.1G       5.7M        58M       319M

MemTotal:        4016008 kB
MemFree:         3227636 kB
Active:           430480 kB
Mem:          3.8G       770M       3.1G       5.7M        58M       319M

MemTotal:        4016008 kB
MemFree:         3227760 kB
Active:           430488 kB
Mem:          3.8G       769M       3.1G       5.7M        58M       319M

MemTotal:        4016008 kB
MemFree:         3227644 kB
Active:           430488 kB
Mem:          3.8G       769M       3.1G       5.7M        58M       319M

MemTotal:        4016008 kB
MemFree:         3227488 kB
Active:           430464 kB
Mem:          3.8G       769M       3.1G       5.7M        58M       319M

MemTotal:        4016008 kB
MemFree:         3227224 kB
Active:           430464 kB
Mem:          3.8G       770M       3.1G       5.7M        58M       319M

MemTotal:        4016008 kB
MemFree:         3226852 kB
Active:           430496 kB
Mem:          3.8G       770M       3.1G       5.7M        58M       319M

MemTotal:        4016008 kB
MemFree:         3227100 kB
Active:           430496 kB
Mem:          3.8G       770M       3.1G       5.7M        58M       319M

MemTotal:        4016008 kB
MemFree:         3227332 kB
Active:           430448 kB
Mem:          3.8G       770M       3.1G       5.7M        58M       319M

MemTotal:        4016008 kB
MemFree:         3225640 kB
Active:           430468 kB
Mem:          3.8G       771M       3.1G       5.7M        58M       319M

MemTotal:        4016008 kB
MemFree:         3225300 kB
Active:           432532 kB
Mem:          3.8G       771M       3.1G       5.7M        58M       319M

MemTotal:        4016008 kB
MemFree:         3225796 kB
Active:           432476 kB
Mem:          3.8G       771M       3.1G       5.7M        58M       319M

MemTotal:        4016008 kB
MemFree:         3225796 kB
Active:           432496 kB
Mem:          3.8G       771M       3.1G       5.7M        58M       319M

MemTotal:        4016008 kB
MemFree:         3225796 kB
Active:           432500 kB
Mem:          3.8G       771M       3.1G       5.7M        58M       319M

MemTotal:        4016008 kB
MemFree:         3225672 kB
Active:           432496 kB
Mem:          3.8G       771M       3.1G       5.7M        58M       319M

MemTotal:        4016008 kB
MemFree:         3225424 kB
Active:           432492 kB
Mem:          3.8G       772M       3.1G       5.7M        58M       319M

MemTotal:        4016008 kB
MemFree:         3225672 kB
Active:           432488 kB
Mem:          3.8G       772M       3.1G       5.7M        58M       319M

MemTotal:        4016008 kB
MemFree:         3225176 kB
Active:           432524 kB
Mem:          3.8G       772M       3.1G       5.7M        58M       319M

MemTotal:        4016008 kB
MemFree:         3225176 kB
Active:           432544 kB
Mem:          3.8G       772M       3.1G       5.7M        58M       319M

MemTotal:        4016008 kB
MemFree:         3225424 kB
Active:           432516 kB
Mem:          3.8G       772M       3.1G       5.7M        58M       319M

MemTotal:        4016008 kB
MemFree:         3225300 kB
Active:           432536 kB
Mem:          3.8G       772M       3.1G       5.7M        58M       319M

MemTotal:        4016008 kB
MemFree:         3225176 kB
Active:           432504 kB
Mem:          3.8G       772M       3.1G       5.7M        58M       319M

MemTotal:        4016008 kB
MemFree:         3225176 kB
Active:           432492 kB
Mem:          3.8G       772M       3.1G       5.7M        58M       319M

MemTotal:        4016008 kB
MemFree:         3225052 kB
Active:           432544 kB
Mem:          3.8G       772M       3.1G       5.7M        58M       319M

MemTotal:        4016008 kB
MemFree:         3225424 kB
Active:           432552 kB
Mem:          3.8G       772M       3.1G       5.7M        58M       319M

MemTotal:        4016008 kB
MemFree:         3224928 kB
Active:           432560 kB
Mem:          3.8G       772M       3.1G       5.7M        58M       319M

MemTotal:        4016008 kB
MemFree:         3225176 kB
Active:           432560 kB
Mem:          3.8G       772M       3.1G       5.7M        58M       319M

MemTotal:        4016008 kB
MemFree:         3225160 kB
Active:           432520 kB
Mem:          3.8G       772M       3.1G       5.7M        58M       319M

MemTotal:        4016008 kB
MemFree:         3225176 kB
Active:           432532 kB
Mem:          3.8G       772M       3.1G       5.7M        58M       319M

MemTotal:        4016008 kB
MemFree:         3225052 kB
Active:           432536 kB
Mem:          3.8G       772M       3.1G       5.7M        58M       319M

MemTotal:        4016008 kB
MemFree:         3225052 kB
Active:           432532 kB
Mem:          3.8G       772M       3.1G       5.7M        58M       319M

MemTotal:        4016008 kB
MemFree:         3225052 kB
Active:           432536 kB
Mem:          3.8G       772M       3.1G       5.7M        58M       319M

MemTotal:        4016008 kB
MemFree:         3225176 kB
Active:           432564 kB
Mem:          3.8G       772M       3.1G       5.7M        58M       319M

MemTotal:        4016008 kB
MemFree:         3225176 kB
Active:           432548 kB
Mem:          3.8G       772M       3.1G       5.7M        58M       319M

MemTotal:        4016008 kB
MemFree:         3225176 kB
Active:           432544 kB
Mem:          3.8G       772M       3.1G       5.7M        58M       319M

MemTotal:        4016008 kB
MemFree:         3225424 kB
Active:           432532 kB
Mem:          3.8G       772M       3.1G       5.7M        58M       319M

MemTotal:        4016008 kB
MemFree:         3224912 kB
Active:           432572 kB
Mem:          3.8G       772M       3.1G       5.7M        58M       319M

MemTotal:        4016008 kB
MemFree:         3225160 kB
Active:           432520 kB
Mem:          3.8G       772M       3.1G       5.7M        58M       319M

MemTotal:        4016008 kB
MemFree:         3225144 kB
Active:           432516 kB
Mem:          3.8G       772M       3.1G       5.7M        58M       319M

MemTotal:        4016008 kB
MemFree:         3225144 kB
Active:           432556 kB
Mem:          3.8G       772M       3.1G       5.7M        58M       319M

MemTotal:        4016008 kB
MemFree:         3225268 kB
Active:           432548 kB
Mem:          3.8G       772M       3.1G       5.7M        58M       319M

MemTotal:        4016008 kB
MemFree:         3225392 kB
Active:           432544 kB
Mem:          3.8G       772M       3.1G       5.7M        58M       319M

MemTotal:        4016008 kB
MemFree:         3225392 kB
Active:           432580 kB
Mem:          3.8G       772M       3.1G       5.7M        58M       319M

MemTotal:        4016008 kB
MemFree:         3225392 kB
Active:           432556 kB
Mem:          3.8G       772M       3.1G       5.7M        58M       319M

MemTotal:        4016008 kB
MemFree:         3225392 kB
Active:           432580 kB
Mem:          3.8G       772M       3.1G       5.7M        58M       319M

MemTotal:        4016008 kB
MemFree:         3225392 kB
Active:           432560 kB
Mem:          3.8G       772M       3.1G       5.7M        58M       319M

MemTotal:        4016008 kB
MemFree:         3225144 kB
Active:           432596 kB
Mem:          3.8G       772M       3.1G       5.7M        58M       319M

MemTotal:        4016008 kB
MemFree:         3224896 kB
Active:           432596 kB
Mem:          3.8G       772M       3.1G       5.7M        58M       319M

MemTotal:        4016008 kB
MemFree:         3225144 kB
Active:           432560 kB
Mem:          3.8G       772M       3.1G       5.7M        58M       319M

MemTotal:        4016008 kB
MemFree:         3225020 kB
Active:           432568 kB
Mem:          3.8G       772M       3.1G       5.7M        58M       319M

MemTotal:        4016008 kB
MemFree:         3225144 kB
Active:           432564 kB
Mem:          3.8G       772M       3.1G       5.7M        58M       319M

MemTotal:        4016008 kB
MemFree:         3225332 kB
Active:           432576 kB
Mem:          3.8G       772M       3.1G       5.7M        58M       319M

MemTotal:        4016008 kB
MemFree:         3225332 kB
Active:           432580 kB
Mem:          3.8G       772M       3.1G       5.7M        58M       319M

MemTotal:        4016008 kB
MemFree:         3225368 kB
Active:           432580 kB
Mem:          3.8G       772M       3.1G       5.7M        58M       319M

MemTotal:        4016008 kB
MemFree:         3225508 kB
Active:           432556 kB
Mem:          3.8G       772M       3.1G       5.7M        58M       319M

MemTotal:        4016008 kB
MemFree:         3225508 kB
Active:           432596 kB
Mem:          3.8G       772M       3.1G       5.7M        58M       319M

MemTotal:        4016008 kB
MemFree:         3225384 kB
Active:           432564 kB
Mem:          3.8G       772M       3.1G       5.7M        58M       319M

MemTotal:        4016008 kB
MemFree:         3224888 kB
Active:           432612 kB
Mem:          3.8G       772M       3.1G       5.7M        58M       319M

MemTotal:        4016008 kB
MemFree:         3224888 kB
Active:           432564 kB
Mem:          3.8G       772M       3.1G       5.7M        58M       319M

MemTotal:        4016008 kB
MemFree:         3224520 kB
Active:           430576 kB
Mem:          3.8G       772M       3.1G       5.7M        58M       319M

MemTotal:        4016008 kB
MemFree:         3225512 kB
Active:           432608 kB
Mem:          3.8G       772M       3.1G       5.7M        58M       319M

MemTotal:        4016008 kB
MemFree:         3225636 kB
Active:           432600 kB
Mem:          3.8G       771M       3.1G       5.7M        58M       319M

MemTotal:        4016008 kB
MemFree:         3225760 kB
Active:           432616 kB
Mem:          3.8G       771M       3.1G       5.7M        58M       319M

MemTotal:        4016008 kB
MemFree:         3225604 kB
Active:           432588 kB
Mem:          3.8G       771M       3.1G       5.7M        58M       319M

MemTotal:        4016008 kB
MemFree:         3225388 kB
Active:           432632 kB
Mem:          3.8G       771M       3.1G       5.7M        58M       319M

MemTotal:        4016008 kB
MemFree:         3225852 kB
Active:           432616 kB
Mem:          3.8G       771M       3.1G       5.7M        58M       319M

MemTotal:        4016008 kB
MemFree:         3225948 kB
Active:           432640 kB
Mem:          3.8G       771M       3.1G       5.7M        58M       319M

MemTotal:        4016008 kB
MemFree:         3226088 kB
Active:           432584 kB
Mem:          3.8G       771M       3.1G       5.7M        58M       319M

MemTotal:        4016008 kB
MemFree:         3225204 kB
Active:           430544 kB
Mem:          3.8G       772M       3.1G       5.7M        58M       319M

MemTotal:        4016008 kB
MemFree:         3224848 kB
Active:           432644 kB
Mem:          3.8G       772M       3.1G       5.7M        58M       319M

MemTotal:        4016008 kB
MemFree:         3224864 kB
Active:           432644 kB
Mem:          3.8G       772M       3.1G       5.7M        58M       319M

MemTotal:        4016008 kB
MemFree:         3225360 kB
Active:           432604 kB
Mem:          3.8G       772M       3.1G       5.7M        58M       319M

MemTotal:        4016008 kB
MemFree:         3225484 kB
Active:           432640 kB
Mem:          3.8G       772M       3.1G       5.7M        58M       319M

MemTotal:        4016008 kB
MemFree:         3226104 kB
Active:           432588 kB
Mem:          3.8G       771M       3.1G       5.7M        58M       319M

MemTotal:        4016008 kB
MemFree:         3226104 kB
Active:           432640 kB
Mem:          3.8G       771M       3.1G       5.7M        58M       319M

MemTotal:        4016008 kB
MemFree:         3226228 kB
Active:           432620 kB
Mem:          3.8G       771M       3.1G       5.7M        58M       319M

MemTotal:        4016008 kB
MemFree:         3226104 kB
Active:           432624 kB
Mem:          3.8G       771M       3.1G       5.7M        58M       319M

MemTotal:        4016008 kB
MemFree:         3226228 kB
Active:           432632 kB
Mem:          3.8G       771M       3.1G       5.7M        58M       319M

MemTotal:        4016008 kB
MemFree:         3224984 kB
Active:           430600 kB
Mem:          3.8G       772M       3.1G       5.7M        58M       319M

MemTotal:        4016008 kB
MemFree:         3225728 kB
Active:           432648 kB
Mem:          3.8G       771M       3.1G       5.7M        58M       319M

MemTotal:        4016008 kB
MemFree:         3225480 kB
Active:           432660 kB
Mem:          3.8G       771M       3.1G       5.7M        58M       319M

MemTotal:        4016008 kB
MemFree:         3225976 kB
Active:           432488 kB
Mem:          3.8G       771M       3.1G       5.7M        58M       319M

MemTotal:        4016008 kB
MemFree:         3226240 kB
Active:           432440 kB
Mem:          3.8G       771M       3.1G       5.7M        58M       319M

MemTotal:        4016008 kB
MemFree:         3226364 kB
Active:           432444 kB
Mem:          3.8G       771M       3.1G       5.7M        58M       319M

MemTotal:        4016008 kB
MemFree:         3225868 kB
Active:           432480 kB
Mem:          3.8G       771M       3.1G       5.7M        58M       319M

MemTotal:        4016008 kB
MemFree:         3225992 kB
Active:           432492 kB
Mem:          3.8G       771M       3.1G       5.7M        58M       319M

MemTotal:        4016008 kB
MemFree:         3226240 kB
Active:           432460 kB
Mem:          3.8G       771M       3.1G       5.7M        58M       319M

MemTotal:        4016008 kB
MemFree:         3226240 kB
Active:           432448 kB
Mem:          3.8G       771M       3.1G       5.7M        58M       319M

MemTotal:        4016008 kB
MemFree:         3224456 kB
Active:           432436 kB
Mem:          3.8G       772M       3.1G       5.7M        58M       319M

MemTotal:        4016008 kB
MemFree:         3224332 kB
Active:           434512 kB
Mem:          3.8G       773M       3.1G       5.7M        58M       319M

MemTotal:        4016008 kB
MemFree:         3223820 kB
Active:           434504 kB
Mem:          3.8G       773M       3.1G       5.7M        58M       319M

MemTotal:        4016008 kB
MemFree:         3223572 kB
Active:           434528 kB
Mem:          3.8G       773M       3.1G       5.7M        58M       319M

MemTotal:        4016008 kB
MemFree:         3223944 kB
Active:           434524 kB
Mem:          3.8G       773M       3.1G       5.7M        58M       319M

MemTotal:        4016008 kB
MemFree:         3223820 kB
Active:           434532 kB
Mem:          3.8G       773M       3.1G       5.7M        58M       319M

MemTotal:        4016008 kB
MemFree:         3223820 kB
Active:           434528 kB
Mem:          3.8G       773M       3.1G       5.7M        58M       319M

MemTotal:        4016008 kB
MemFree:         3224192 kB
Active:           434484 kB
Mem:          3.8G       773M       3.1G       5.7M        58M       319M

MemTotal:        4016008 kB
MemFree:         3224192 kB
Active:           434484 kB
Mem:          3.8G       773M       3.1G       5.7M        58M       319M

MemTotal:        4016008 kB
MemFree:         3224192 kB
Active:           434484 kB
Mem:          3.8G       773M       3.1G       5.7M        58M       319M

MemTotal:        4016008 kB
MemFree:         3223556 kB
Active:           434600 kB
Mem:          3.8G       773M       3.1G       5.7M        58M       319M

MemTotal:        4016008 kB
MemFree:         3223556 kB
Active:           434600 kB
Mem:          3.8G       773M       3.1G       5.7M        58M       319M

MemTotal:        4016008 kB
MemFree:         3223540 kB
Active:           434604 kB
Mem:          3.8G       773M       3.1G       5.7M        58M       319M

MemTotal:        4016008 kB
MemFree:         3223540 kB
Active:           434552 kB
Mem:          3.8G       774M       3.1G       5.7M        58M       319M

MemTotal:        4016008 kB
MemFree:         3223168 kB
Active:           434612 kB
Mem:          3.8G       773M       3.1G       5.7M        58M       319M

MemTotal:        4016008 kB
MemFree:         3223168 kB
Active:           434616 kB
Mem:          3.8G       773M       3.1G       5.7M        58M       319M

MemTotal:        4016008 kB
MemFree:         3223788 kB
Active:           434604 kB
Mem:          3.8G       773M       3.1G       5.7M        58M       319M

MemTotal:        4016008 kB
MemFree:         3223788 kB
Active:           434588 kB
Mem:          3.8G       773M       3.1G       5.7M        58M       319M

MemTotal:        4016008 kB
MemFree:         3223912 kB
Active:           434608 kB
Mem:          3.8G       773M       3.1G       5.7M        58M       319M

MemTotal:        4016008 kB
MemFree:         3224300 kB
Active:           434612 kB
Mem:          3.8G       773M       3.1G       5.7M        58M       319M

MemTotal:        4016008 kB
MemFree:         3223616 kB
Active:           432552 kB
Mem:          3.8G       774M       3.1G       5.7M        58M       319M

MemTotal:        4016008 kB
MemFree:         3223616 kB
Active:           434584 kB
Mem:          3.8G       773M       3.1G       5.7M        58M       319M

MemTotal:        4016008 kB
MemFree:         3223492 kB
Active:           434632 kB
Mem:          3.8G       773M       3.1G       5.7M        58M       319M

MemTotal:        4016008 kB
MemFree:         3224236 kB
Active:           434620 kB
Mem:          3.8G       773M       3.1G       5.7M        58M       319M

MemTotal:        4016008 kB
MemFree:         3223988 kB
Active:           434636 kB
Mem:          3.8G       773M       3.1G       5.7M        58M       319M

MemTotal:        4016008 kB
MemFree:         3223740 kB
Active:           434632 kB
Mem:          3.8G       773M       3.1G       5.7M        58M       319M

MemTotal:        4016008 kB
MemFree:         3223492 kB
Active:           434652 kB
Mem:          3.8G       773M       3.1G       5.7M        58M       319M

MemTotal:        4016008 kB
MemFree:         3223616 kB
Active:           434628 kB
Mem:          3.8G       773M       3.1G       5.7M        58M       319M

MemTotal:        4016008 kB
MemFree:         3223740 kB
Active:           434612 kB
Mem:          3.8G       773M       3.1G       5.7M        58M       319M

MemTotal:        4016008 kB
MemFree:         3223368 kB
Active:           434652 kB
Mem:          3.8G       773M       3.1G       5.7M        58M       319M

MemTotal:        4016008 kB
MemFree:         3223740 kB
Active:           434600 kB
Mem:          3.8G       773M       3.1G       5.7M        58M       319M

MemTotal:        4016008 kB
MemFree:         3223864 kB
Active:           434612 kB
Mem:          3.8G       773M       3.1G       5.7M        58M       319M

MemTotal:        4016008 kB
MemFree:         3223740 kB
Active:           434624 kB
Mem:          3.8G       773M       3.1G       5.7M        58M       319M

MemTotal:        4016008 kB
MemFree:         3223864 kB
Active:           434652 kB
Mem:          3.8G       773M       3.1G       5.7M        58M       319M

MemTotal:        4016008 kB
MemFree:         3223864 kB
Active:           434608 kB
Mem:          3.8G       773M       3.1G       5.7M        58M       319M

MemTotal:        4016008 kB
MemFree:         3223864 kB
Active:           434624 kB
Mem:          3.8G       773M       3.1G       5.7M        58M       319M

MemTotal:        4016008 kB
MemFree:         3223492 kB
Active:           434664 kB
Mem:          3.8G       773M       3.1G       5.7M        58M       319M

MemTotal:        4016008 kB
MemFree:         3223864 kB
Active:           434652 kB
Mem:          3.8G       773M       3.1G       5.7M        58M       319M

MemTotal:        4016008 kB
MemFree:         3223740 kB
Active:           434652 kB
Mem:          3.8G       773M       3.1G       5.7M        58M       319M

MemTotal:        4016008 kB
MemFree:         3223864 kB
Active:           434628 kB
Mem:          3.8G       773M       3.1G       5.7M        58M       319M

MemTotal:        4016008 kB
MemFree:         3223864 kB
Active:           434636 kB
Mem:          3.8G       773M       3.1G       5.7M        58M       319M

MemTotal:        4016008 kB
MemFree:         3224112 kB
Active:           434636 kB
Mem:          3.8G       773M       3.1G       5.7M        58M       319M

MemTotal:        4016008 kB
MemFree:         3223492 kB
Active:           434624 kB
Mem:          3.8G       773M       3.1G       5.7M        58M       319M

MemTotal:        4016008 kB
MemFree:         3223940 kB
Active:           434676 kB
Mem:          3.8G       773M       3.1G       5.7M        58M       319M

MemTotal:        4016008 kB
MemFree:         3223864 kB
Active:           434660 kB
Mem:          3.8G       773M       3.1G       5.7M        58M       319M

MemTotal:        4016008 kB
MemFree:         3223988 kB
Active:           434632 kB
Mem:          3.8G       773M       3.1G       5.7M        58M       319M

MemTotal:        4016008 kB
MemFree:         3223616 kB
Active:           434688 kB
Mem:          3.8G       773M       3.1G       5.7M        58M       319M

MemTotal:        4016008 kB
MemFree:         3223988 kB
Active:           434688 kB
Mem:          3.8G       773M       3.1G       5.7M        58M       319M

MemTotal:        4016008 kB
MemFree:         3223864 kB
Active:           434656 kB
Mem:          3.8G       773M       3.1G       5.7M        58M       319M

MemTotal:        4016008 kB
MemFree:         3222608 kB
Active:           432744 kB
Mem:          3.8G       774M       3.1G       5.7M        58M       319M

MemTotal:        4016008 kB
MemFree:         3223104 kB
Active:           432716 kB
Mem:          3.8G       774M       3.1G       5.7M        58M       319M

MemTotal:        4016008 kB
MemFree:         3222980 kB
Active:           432724 kB
Mem:          3.8G       774M       3.1G       5.7M        58M       319M

MemTotal:        4016008 kB
MemFree:         3222980 kB
Active:           432744 kB
Mem:          3.8G       774M       3.1G       5.7M        58M       319M

MemTotal:        4016008 kB
MemFree:         3223104 kB
Active:           434792 kB
Mem:          3.8G       774M       3.1G       5.7M        58M       319M

MemTotal:        4016008 kB
MemFree:         3223228 kB
Active:           434748 kB
Mem:          3.8G       774M       3.1G       5.7M        58M       319M

MemTotal:        4016008 kB
MemFree:         3223352 kB
Active:           434760 kB
Mem:          3.8G       774M       3.1G       5.7M        58M       319M

MemTotal:        4016008 kB
MemFree:         3222980 kB
Active:           434804 kB
Mem:          3.8G       774M       3.1G       5.7M        58M       319M

MemTotal:        4016008 kB
MemFree:         3223476 kB
Active:           434804 kB
Mem:          3.8G       774M       3.1G       5.7M        58M       319M

MemTotal:        4016008 kB
MemFree:         3223724 kB
Active:           434748 kB
Mem:          3.8G       773M       3.1G       5.7M        58M       319M

MemTotal:        4016008 kB
MemFree:         3223412 kB
Active:           432748 kB
Mem:          3.8G       774M       3.1G       5.7M        58M       319M

MemTotal:        4016008 kB
MemFree:         3223412 kB
Active:           434792 kB
Mem:          3.8G       774M       3.1G       5.7M        58M       319M

MemTotal:        4016008 kB
MemFree:         3223412 kB
Active:           434796 kB
Mem:          3.8G       773M       3.1G       5.7M        58M       319M

MemTotal:        4016008 kB
MemFree:         3223412 kB
Active:           434780 kB
Mem:          3.8G       773M       3.1G       5.7M        58M       319M

MemTotal:        4016008 kB
MemFree:         3223412 kB
Active:           434788 kB
Mem:          3.8G       774M       3.1G       5.7M        58M       319M

MemTotal:        4016008 kB
MemFree:         3223536 kB
Active:           434804 kB
Mem:          3.8G       773M       3.1G       5.7M        58M       319M

MemTotal:        4016008 kB
MemFree:         3223660 kB
Active:           434804 kB
Mem:          3.8G       773M       3.1G       5.7M        58M       319M

MemTotal:        4016008 kB
MemFree:         3223536 kB
Active:           434788 kB
Mem:          3.8G       773M       3.1G       5.7M        58M       319M

MemTotal:        4016008 kB
MemFree:         3223164 kB
Active:           434824 kB
Mem:          3.8G       774M       3.1G       5.7M        58M       319M

MemTotal:        4016008 kB
MemFree:         3223288 kB
Active:           434824 kB
Mem:          3.8G       773M       3.1G       5.7M        58M       319M

MemTotal:        4016008 kB
MemFree:         3223784 kB
Active:           434788 kB
Mem:          3.8G       773M       3.1G       5.7M        58M       319M

MemTotal:        4016008 kB
MemFree:         3223660 kB
Active:           434788 kB
Mem:          3.8G       773M       3.1G       5.7M        58M       319M

MemTotal:        4016008 kB
MemFree:         3223660 kB
Active:           434772 kB
Mem:          3.8G       773M       3.1G       5.7M        58M       319M

MemTotal:        4016008 kB
MemFree:         3223660 kB
Active:           434824 kB
Mem:          3.8G       774M       3.1G       5.7M        58M       319M

MemTotal:        4016008 kB
MemFree:         3223660 kB
Active:           434788 kB
Mem:          3.8G       773M       3.1G       5.7M        58M       319M

MemTotal:        4016008 kB
MemFree:         3223412 kB
Active:           434804 kB
Mem:          3.8G       774M       3.1G       5.7M        58M       319M

MemTotal:        4016008 kB
MemFree:         3223288 kB
Active:           434828 kB
Mem:          3.8G       774M       3.1G       5.7M        58M       319M

MemTotal:        4016008 kB
MemFree:         3223412 kB
Active:           434784 kB
Mem:          3.8G       774M       3.1G       5.7M        58M       319M

MemTotal:        4016008 kB
MemFree:         3223412 kB
Active:           434824 kB
Mem:          3.8G       773M       3.1G       5.7M        58M       319M

MemTotal:        4016008 kB
MemFree:         3223536 kB
Active:           434828 kB
Mem:          3.8G       773M       3.1G       5.7M        58M       319M

MemTotal:        4016008 kB
MemFree:         3223536 kB
Active:           434836 kB
Mem:          3.8G       774M       3.1G       5.7M        58M       319M

MemTotal:        4016008 kB
MemFree:         3223536 kB
Active:           434824 kB
Mem:          3.8G       774M       3.1G       5.7M        58M       319M

MemTotal:        4016008 kB
MemFree:         3223536 kB
Active:           434820 kB
Mem:          3.8G       773M       3.1G       5.7M        58M       319M

MemTotal:        4016008 kB
MemFree:         3223164 kB
Active:           434856 kB
Mem:          3.8G       774M       3.1G       5.7M        58M       319M

MemTotal:        4016008 kB
MemFree:         3223040 kB
Active:           434836 kB
Mem:          3.8G       774M       3.1G       5.7M        58M       319M

MemTotal:        4016008 kB
MemFree:         3223164 kB
Active:           434824 kB
Mem:          3.8G       774M       3.1G       5.7M        58M       319M

MemTotal:        4016008 kB
MemFree:         3223536 kB
Active:           434828 kB
Mem:          3.8G       774M       3.1G       5.7M        58M       319M

MemTotal:        4016008 kB
MemFree:         3223536 kB
Active:           434808 kB
Mem:          3.8G       773M       3.1G       5.7M        58M       319M

MemTotal:        4016008 kB
MemFree:         3223536 kB
Active:           434820 kB
Mem:          3.8G       773M       3.1G       5.7M        58M       319M

MemTotal:        4016008 kB
MemFree:         3223784 kB
Active:           434824 kB
Mem:          3.8G       773M       3.1G       5.7M        58M       319M

MemTotal:        4016008 kB
MemFree:         3222976 kB
Active:           432796 kB
Mem:          3.8G       774M       3.1G       5.7M        58M       319M

MemTotal:        4016008 kB
MemFree:         3223224 kB
Active:           434832 kB
Mem:          3.8G       774M       3.1G       5.7M        58M       319M

MemTotal:        4016008 kB
MemFree:         3223224 kB
Active:           434840 kB
Mem:          3.8G       774M       3.1G       5.7M        58M       319M

MemTotal:        4016008 kB
MemFree:         3223472 kB
Active:           434872 kB
Mem:          3.8G       774M       3.1G       5.7M        58M       319M

MemTotal:        4016008 kB
MemFree:         3223348 kB
Active:           434820 kB
Mem:          3.8G       774M       3.1G       5.7M        58M       319M

MemTotal:        4016008 kB
MemFree:         3223100 kB
Active:           434876 kB
Mem:          3.8G       774M       3.1G       5.7M        58M       319M

MemTotal:        4016008 kB
MemFree:         3223720 kB
Active:           434828 kB
Mem:          3.8G       773M       3.1G       5.7M        58M       319M

MemTotal:        4016008 kB
MemFree:         3223596 kB
Active:           434840 kB
Mem:          3.8G       773M       3.1G       5.7M        58M       319M

MemTotal:        4016008 kB
MemFree:         3223348 kB
Active:           434840 kB
Mem:          3.8G       774M       3.1G       5.7M        58M       319M

MemTotal:        4016008 kB
MemFree:         3223472 kB
Active:           434888 kB
Mem:          3.8G       773M       3.1G       5.7M        58M       319M

MemTotal:        4016008 kB
MemFree:         3223468 kB
Active:           432828 kB
Mem:          3.8G       773M       3.1G       5.7M        58M       319M

MemTotal:        4016008 kB
MemFree:         3224088 kB
Active:           434872 kB
Mem:          3.8G       773M       3.1G       5.7M        58M       319M

MemTotal:        4016008 kB
MemFree:         3223592 kB
Active:           434888 kB
Mem:          3.8G       773M       3.1G       5.7M        58M       319M

MemTotal:        4016008 kB
MemFree:         3223592 kB
Active:           434888 kB
Mem:          3.8G       773M       3.1G       5.7M        58M       319M

MemTotal:        4016008 kB
MemFree:         3224088 kB
Active:           434848 kB
Mem:          3.8G       773M       3.1G       5.7M        58M       319M

MemTotal:        4016008 kB
MemFree:         3223716 kB
Active:           434888 kB
Mem:          3.8G       773M       3.1G       5.7M        58M       319M

MemTotal:        4016008 kB
MemFree:         3223964 kB
Active:           434876 kB
Mem:          3.8G       773M       3.1G       5.7M        58M       319M

MemTotal:        4016008 kB
MemFree:         3224088 kB
Active:           434876 kB
Mem:          3.8G       773M       3.1G       5.7M        58M       319M

MemTotal:        4016008 kB
MemFree:         3224212 kB
Active:           434888 kB
Mem:          3.8G       773M       3.1G       5.7M        58M       319M

MemTotal:        4016008 kB
MemFree:         3223592 kB
Active:           434896 kB
Mem:          3.8G       773M       3.1G       5.7M        58M       319M

MemTotal:        4016008 kB
MemFree:         3223716 kB
Active:           434892 kB
Mem:          3.8G       773M       3.1G       5.7M        58M       319M

MemTotal:        4016008 kB
MemFree:         3223948 kB
Active:           434872 kB
Mem:          3.8G       773M       3.1G       5.7M        58M       319M

MemTotal:        4016008 kB
MemFree:         3224212 kB
Active:           434876 kB
Mem:          3.8G       773M       3.1G       5.7M        58M       319M

MemTotal:        4016008 kB
MemFree:         3224212 kB
Active:           434872 kB
Mem:          3.8G       773M       3.1G       5.7M        58M       319M

MemTotal:        4016008 kB
MemFree:         3224212 kB
Active:           434880 kB
Mem:          3.8G       773M       3.1G       5.7M        58M       319M

MemTotal:        4016008 kB
MemFree:         3224460 kB
Active:           434884 kB
Mem:          3.8G       773M       3.1G       5.7M        58M       319M

MemTotal:        4016008 kB
MemFree:         3223964 kB
Active:           434912 kB
Mem:          3.8G       773M       3.1G       5.7M        58M       319M

MemTotal:        4016008 kB
MemFree:         3223468 kB
Active:           434912 kB
Mem:          3.8G       773M       3.1G       5.7M        58M       319M

MemTotal:        4016008 kB
MemFree:         3223468 kB
Active:           434872 kB
Mem:          3.8G       773M       3.1G       5.7M        58M       319M

MemTotal:        4016008 kB
MemFree:         3223468 kB
Active:           434864 kB
Mem:          3.8G       774M       3.1G       5.7M        58M       319M

MemTotal:        4016008 kB
MemFree:         3178824 kB
Active:           435144 kB
Mem:          3.8G       817M       3.0G       5.7M        58M       362M

MemTotal:        4016008 kB
MemFree:         3133452 kB
Active:           435088 kB
Mem:          3.8G       862M       3.0G       5.7M        58M       407M

MemTotal:        4016008 kB
MemFree:         3087228 kB
Active:           435144 kB
Mem:          3.8G       907M       2.9G       5.7M        58M       450M

MemTotal:        4016008 kB
MemFree:         3041236 kB
Active:           435144 kB
Mem:          3.8G       951M       2.9G       5.7M        58M       495M

MemTotal:        4016008 kB
MemFree:         2997616 kB
Active:           435128 kB
Mem:          3.8G       994M       2.9G       5.7M        58M       537M

MemTotal:        4016008 kB
MemFree:         2953004 kB
Active:           435144 kB
Mem:          3.8G       1.0G       2.8G       5.7M        58M       580M

MemTotal:        4016008 kB
MemFree:         2908888 kB
Active:           435128 kB
Mem:          3.8G       1.1G       2.8G       5.7M        58M       623M

MemTotal:        4016008 kB
MemFree:         2863232 kB
Active:           435124 kB
Mem:          3.8G       1.1G       2.7G       5.7M        58M       667M

MemTotal:        4016008 kB
MemFree:         2816356 kB
Active:           435184 kB
Mem:          3.8G       1.1G       2.7G       5.7M        58M       711M

MemTotal:        4016008 kB
MemFree:         2770784 kB
Active:           433144 kB
Mem:          3.8G       1.2G       2.6G       5.7M        58M       755M

MemTotal:        4016008 kB
MemFree:         2756584 kB
Active:           435188 kB
Mem:          3.8G       1.2G       2.6G       5.7M        58M       769M

MemTotal:        4016008 kB
MemFree:         2711244 kB
Active:           435196 kB
Mem:          3.8G       1.2G       2.6G       5.7M        58M       811M

MemTotal:        4016008 kB
MemFree:         2671236 kB
Active:           435204 kB
Mem:          3.8G       1.3G       2.5G       5.7M        58M       850M

MemTotal:        4016008 kB
MemFree:         2670072 kB
Active:           435252 kB
Mem:          3.8G       1.3G       2.5G       5.7M        58M       851M

MemTotal:        4016008 kB
MemFree:         2656388 kB
Active:           435256 kB
Mem:          3.8G       1.3G       2.5G       5.7M        58M       864M

MemTotal:        4016008 kB
MemFree:         2611360 kB
Active:           435252 kB
Mem:          3.8G       1.3G       2.5G       5.7M        58M       908M

MemTotal:        4016008 kB
MemFree:         2566260 kB
Active:           435228 kB
Mem:          3.8G       1.4G       2.4G       5.7M        59M       952M

MemTotal:        4016008 kB
MemFree:         2521340 kB
Active:           435228 kB
Mem:          3.8G       1.4G       2.4G       5.7M        59M       995M

MemTotal:        4016008 kB
MemFree:         2475488 kB
Active:           435272 kB
Mem:          3.8G       1.5G       2.4G       5.7M        59M       1.0G

MemTotal:        4016008 kB
MemFree:         2428192 kB
Active:           435260 kB
Mem:          3.8G       1.5G       2.3G       5.7M        59M       1.1G

MemTotal:        4016008 kB
MemFree:         2382216 kB
Active:           437288 kB
Mem:          3.8G       1.6G       2.3G       5.7M        59M       1.1G

MemTotal:        4016008 kB
MemFree:         2336348 kB
Active:           437292 kB
Mem:          3.8G       1.6G       2.2G       5.7M        59M       1.1G

MemTotal:        4016008 kB
MemFree:         2291484 kB
Active:           437316 kB
Mem:          3.8G       1.6G       2.2G       5.7M        59M       1.2G

MemTotal:        4016008 kB
MemFree:         2246316 kB
Active:           437260 kB
Mem:          3.8G       1.7G       2.1G       5.7M        59M       1.2G

MemTotal:        4016008 kB
MemFree:         2214772 kB
Active:           437304 kB
Mem:          3.8G       1.7G       2.1G       5.7M        59M       1.3G

MemTotal:        4016008 kB
MemFree:         2210860 kB
Active:           437308 kB
Mem:          3.8G       1.7G       2.1G       5.7M        59M       1.3G

MemTotal:        4016008 kB
MemFree:         2209588 kB
Active:           437376 kB
Mem:          3.8G       1.7G       2.1G       5.7M        59M       1.3G

MemTotal:        4016008 kB
MemFree:         2170928 kB
Active:           437392 kB
Mem:          3.8G       1.8G       2.1G       5.7M        59M       1.3G

MemTotal:        4016008 kB
MemFree:         2125004 kB
Active:           437388 kB
Mem:          3.8G       1.8G       2.0G       5.7M        59M       1.3G

MemTotal:        4016008 kB
MemFree:         2078004 kB
Active:           435436 kB
Mem:          3.8G       1.8G       2.0G       5.7M        59M       1.4G

MemTotal:        4016008 kB
MemFree:         2032896 kB
Active:           437492 kB
Mem:          3.8G       1.9G       1.9G       5.7M        59M       1.4G

MemTotal:        4016008 kB
MemFree:         1987788 kB
Active:           437480 kB
Mem:          3.8G       1.9G       1.9G       5.7M        59M       1.5G

MemTotal:        4016008 kB
MemFree:         1942168 kB
Active:           437464 kB
Mem:          3.8G       2.0G       1.9G       5.7M        59M       1.5G

MemTotal:        4016008 kB
MemFree:         1896936 kB
Active:           437468 kB
Mem:          3.8G       2.0G       1.8G       5.7M        59M       1.6G

MemTotal:        4016008 kB
MemFree:         1858664 kB
Active:           437488 kB
Mem:          3.8G       2.1G       1.8G       5.7M        59M       1.6G

MemTotal:        4016008 kB
MemFree:         1823640 kB
Active:           437528 kB
Mem:          3.8G       2.1G       1.7G       5.7M        59M       1.6G

MemTotal:        4016008 kB
MemFree:         1777912 kB
Active:           437512 kB
Mem:          3.8G       2.1G       1.7G       5.7M        59M       1.7G

MemTotal:        4016008 kB
MemFree:         1766040 kB
Active:           437516 kB
Mem:          3.8G       2.1G       1.7G       5.7M        59M       1.7G

MemTotal:        4016008 kB
MemFree:         1764772 kB
Active:           437548 kB
Mem:          3.8G       2.1G       1.7G       5.7M        59M       1.7G

MemTotal:        4016008 kB
MemFree:         1735160 kB
Active:           437560 kB
Mem:          3.8G       2.2G       1.7G       5.7M        59M       1.7G

MemTotal:        4016008 kB
MemFree:         1689524 kB
Active:           437572 kB
Mem:          3.8G       2.2G       1.6G       5.7M        59M       1.8G

MemTotal:        4016008 kB
MemFree:         1642948 kB
Active:           437572 kB
Mem:          3.8G       2.3G       1.6G       5.7M        59M       1.8G

MemTotal:        4016008 kB
MemFree:         1597732 kB
Active:           437580 kB
Mem:          3.8G       2.3G       1.5G       5.7M        59M       1.8G

MemTotal:        4016008 kB
MemFree:         1552624 kB
Active:           437580 kB
Mem:          3.8G       2.3G       1.5G       5.7M        59M       1.9G

MemTotal:        4016008 kB
MemFree:         1507128 kB
Active:           437580 kB
Mem:          3.8G       2.4G       1.4G       5.7M        59M       1.9G

MemTotal:        4016008 kB
MemFree:         1461400 kB
Active:           437556 kB
Mem:          3.8G       2.4G       1.4G       5.7M        59M       2.0G

MemTotal:        4016008 kB
MemFree:         1415548 kB
Active:           437572 kB
Mem:          3.8G       2.5G       1.4G       5.7M        59M       2.0G

MemTotal:        4016008 kB
MemFree:         1369716 kB
Active:           437572 kB
Mem:          3.8G       2.5G       1.3G       5.7M        59M       2.1G

MemTotal:        4016008 kB
MemFree:         1324316 kB
Active:           437572 kB
Mem:          3.8G       2.6G       1.3G       5.7M        59M       2.1G

MemTotal:        4016008 kB
MemFree:         1306504 kB
Active:           439644 kB
Mem:          3.8G       2.6G       1.2G       5.7M        59M       2.1G

MemTotal:        4016008 kB
MemFree:         1260452 kB
Active:           439636 kB
Mem:          3.8G       2.6G       1.2G       5.7M        59M       2.2G

MemTotal:        4016008 kB
MemFree:         1226408 kB
Active:           439672 kB
Mem:          3.8G       2.7G       1.2G       5.7M        59M       2.2G

MemTotal:        4016008 kB
MemFree:         1224724 kB
Active:           439684 kB
Mem:          3.8G       2.7G       1.2G       5.7M        59M       2.2G

MemTotal:        4016008 kB
MemFree:         1220820 kB
Active:           439704 kB
Mem:          3.8G       2.7G       1.2G       5.7M        59M       2.2G

MemTotal:        4016008 kB
MemFree:         1211784 kB
Active:           439700 kB
Mem:          3.8G       2.7G       1.2G       5.7M        59M       2.2G

MemTotal:        4016008 kB
MemFree:         1166760 kB
Active:           439784 kB
Mem:          3.8G       2.7G       1.1G       5.7M        59M       2.2G

MemTotal:        4016008 kB
MemFree:         1121156 kB
Active:           439784 kB
Mem:          3.8G       2.8G       1.1G       5.7M        59M       2.3G

MemTotal:        4016008 kB
MemFree:         1077272 kB
Active:           439728 kB
Mem:          3.8G       2.8G       1.0G       5.7M        59M       2.3G

MemTotal:        4016008 kB
MemFree:         1033264 kB
Active:           439784 kB
Mem:          3.8G       2.8G       1.0G       5.7M        59M       2.4G

MemTotal:        4016008 kB
MemFree:          986528 kB
Active:           439756 kB
Mem:          3.8G       2.9G       962M       5.7M        59M       2.4G

MemTotal:        4016008 kB
MemFree:          939652 kB
Active:           439804 kB
Mem:          3.8G       2.9G       917M       5.7M        59M       2.5G

MemTotal:        4016008 kB
MemFree:          893056 kB
Active:           439804 kB
Mem:          3.8G       3.0G       871M       5.7M        59M       2.5G

MemTotal:        4016008 kB
MemFree:          848180 kB
Active:           439788 kB
Mem:          3.8G       3.0G       827M       5.7M        59M       2.5G

MemTotal:        4016008 kB
MemFree:          801384 kB
Active:           439836 kB
Mem:          3.8G       3.1G       782M       5.7M        59M       2.6G

MemTotal:        4016008 kB
MemFree:          787356 kB
Active:           439848 kB
Mem:          3.8G       3.1G       768M       5.7M        59M       2.6G

MemTotal:        4016008 kB
MemFree:          743720 kB
Active:           439856 kB
Mem:          3.8G       3.1G       725M       5.7M        59M       2.6G

MemTotal:        4016008 kB
MemFree:          697588 kB
Active:           439804 kB
Mem:          3.8G       3.2G       680M       5.7M        59M       2.7G

MemTotal:        4016008 kB
MemFree:          669244 kB
Active:           439832 kB
Mem:          3.8G       3.2G       653M       5.7M        59M       2.7G

MemTotal:        4016008 kB
MemFree:          636920 kB
Active:           439856 kB
Mem:          3.8G       3.2G       621M       5.7M        59M       2.7G

MemTotal:        4016008 kB
MemFree:          591380 kB
Active:           439828 kB
Mem:          3.8G       3.3G       576M       5.7M        59M       2.8G

MemTotal:        4016008 kB
MemFree:          545272 kB
Active:           439832 kB
Mem:          3.8G       3.3G       532M       5.7M        59M       2.8G

MemTotal:        4016008 kB
MemFree:          499484 kB
Active:           439844 kB
Mem:          3.8G       3.4G       487M       5.7M        59M       2.9G

MemTotal:        4016008 kB
MemFree:          453756 kB
Active:           439860 kB
Mem:          3.8G       3.4G       442M       5.7M        59M       2.9G

MemTotal:        4016008 kB
MemFree:          407144 kB
Active:           439892 kB
Mem:          3.8G       3.4G       397M       5.7M        59M       3.0G

MemTotal:        4016008 kB
MemFree:          361292 kB
Active:           439896 kB
Mem:          3.8G       3.5G       353M       5.7M        59M       3.0G

MemTotal:        4016008 kB
MemFree:          315424 kB
Active:           439892 kB
Mem:          3.8G       3.5G       307M       5.7M        59M       3.0G

MemTotal:        4016008 kB
MemFree:          269664 kB
Active:           439864 kB
Mem:          3.8G       3.6G       263M       5.7M        59M       3.1G

MemTotal:        4016008 kB
MemFree:          239840 kB
Active:           439904 kB
Mem:          3.8G       3.6G       233M       5.7M        59M       3.1G

MemTotal:        4016008 kB
MemFree:          192080 kB
Active:           439888 kB
Mem:          3.8G       3.6G       186M       5.7M        59M       3.2G

MemTotal:        4016008 kB
MemFree:          163776 kB
Active:           441948 kB
Mem:          3.8G       3.7G       159M       5.7M        59M       3.2G

MemTotal:        4016008 kB
MemFree:          116876 kB
Active:           441956 kB
Mem:          3.8G       3.7G       114M       5.7M        59M       3.2G

MemTotal:        4016008 kB
MemFree:          106924 kB
Active:           438660 kB
Mem:          3.8G       3.7G       143M       5.7M        26M       3.2G

MemTotal:        4016008 kB
MemFree:          111332 kB
Active:           504356 kB
Mem:          3.8G       3.7G       107M       5.7M        26M       3.3G

MemTotal:        4016008 kB
MemFree:          126224 kB
Active:           495092 kB
Mem:          3.8G       3.7G       122M       5.7M        26M       3.2G

MemTotal:        4016008 kB
MemFree:          127756 kB
Active:           488200 kB
Mem:          3.8G       3.7G       124M       5.7M        26M       3.2G

MemTotal:        4016008 kB
MemFree:          105724 kB
Active:           485000 kB
Mem:          3.8G       3.7G       103M       5.7M        26M       3.3G

MemTotal:        4016008 kB
MemFree:          114960 kB
Active:           477920 kB
Mem:          3.8G       3.7G       111M       5.7M        26M       3.3G

MemTotal:        4016008 kB
MemFree:          104920 kB
Active:           470604 kB
Mem:          3.8G       3.7G       105M       5.7M        26M       3.3G

MemTotal:        4016008 kB
MemFree:          114592 kB
Active:           464848 kB
Mem:          3.8G       3.7G       111M       5.7M        26M       3.3G

MemTotal:        4016008 kB
MemFree:          129272 kB
Active:           462944 kB
Mem:          3.8G       3.7G       126M       5.7M        26M       3.2G

MemTotal:        4016008 kB
MemFree:          109868 kB
Active:           462968 kB
Mem:          3.8G       3.7G       106M       5.7M        26M       3.3G

MemTotal:        4016008 kB
MemFree:          118020 kB
Active:           457920 kB
Mem:          3.8G       3.7G       114M       5.7M        26M       3.3G

MemTotal:        4016008 kB
MemFree:          109280 kB
Active:           454652 kB
Mem:          3.8G       3.7G       106M       5.7M        26M       3.3G

MemTotal:        4016008 kB
MemFree:          124408 kB
Active:           452864 kB
Mem:          3.8G       3.7G       121M       5.7M        26M       3.2G

MemTotal:        4016008 kB
MemFree:          107928 kB
Active:           451848 kB
Mem:          3.8G       3.7G       105M       5.7M        26M       3.3G

MemTotal:        4016008 kB
MemFree:          135000 kB
Active:           449652 kB
Mem:          3.8G       3.7G       131M       5.7M        26M       3.2G

MemTotal:        4016008 kB
MemFree:          136216 kB
Active:           447752 kB
Mem:          3.8G       3.7G       133M       5.7M        26M       3.2G

MemTotal:        4016008 kB
MemFree:          126800 kB
Active:           446484 kB
Mem:          3.8G       3.7G       123M       5.7M        26M       3.2G

MemTotal:        4016008 kB
MemFree:          117508 kB
Active:           445336 kB
Mem:          3.8G       3.7G       115M       5.7M        26M       3.3G

MemTotal:        4016008 kB
MemFree:          110252 kB
Active:           444184 kB
Mem:          3.8G       3.7G       107M       5.7M        26M       3.3G

MemTotal:        4016008 kB
MemFree:          110108 kB
Active:           442264 kB
Mem:          3.8G       3.7G       107M       5.7M        26M       3.3G

MemTotal:        4016008 kB
MemFree:          150764 kB
Active:           438272 kB
Mem:          3.8G       3.7G       146M       5.7M        26M       3.2G

MemTotal:        4016008 kB
MemFree:          121460 kB
Active:           438288 kB
Mem:          3.8G       3.7G       118M       5.7M        26M       3.3G

MemTotal:        4016008 kB
MemFree:          129056 kB
Active:           434276 kB
Mem:          3.8G       3.7G       126M       5.7M        26M       3.2G

MemTotal:        4016008 kB
MemFree:          120516 kB
Active:           433124 kB
Mem:          3.8G       3.7G       116M       5.7M        26M       3.3G

MemTotal:        4016008 kB
MemFree:          111092 kB
Active:           431976 kB
Mem:          3.8G       3.7G       108M       5.7M        26M       3.3G

MemTotal:        4016008 kB
MemFree:          116576 kB
Active:           428084 kB
Mem:          3.8G       3.7G       113M       5.7M        26M       3.3G

MemTotal:        4016008 kB
MemFree:          119068 kB
Active:           424344 kB
Mem:          3.8G       3.7G       116M       5.7M        26M       3.3G

MemTotal:        4016008 kB
MemFree:          108804 kB
Active:           423196 kB
Mem:          3.8G       3.7G       106M       5.7M        26M       3.3G

MemTotal:        4016008 kB
MemFree:          136328 kB
Active:           421020 kB
Mem:          3.8G       3.7G       133M       5.7M        26M       3.2G

MemTotal:        4016008 kB
MemFree:          105380 kB
Active:           418100 kB
Mem:          3.8G       3.7G       102M       5.7M        26M       3.3G

MemTotal:        4016008 kB
MemFree:          132212 kB
Active:           415924 kB
Mem:          3.8G       3.7G       129M       5.7M        26M       3.2G

MemTotal:        4016008 kB
MemFree:          123224 kB
Active:           414772 kB
Mem:          3.8G       3.7G       119M       5.7M        26M       3.2G

MemTotal:        4016008 kB
MemFree:          126444 kB
Active:           413004 kB
Mem:          3.8G       3.7G       122M       5.7M        26M       3.2G

MemTotal:        4016008 kB
MemFree:          133576 kB
Active:           410960 kB
Mem:          3.8G       3.7G       130M       5.7M        26M       3.2G

MemTotal:        4016008 kB
MemFree:          125684 kB
Active:           409544 kB
Mem:          3.8G       3.7G       122M       5.7M        26M       3.2G

MemTotal:        4016008 kB
MemFree:          136964 kB
Active:           407736 kB
Mem:          3.8G       3.7G       133M       5.7M        26M       3.2G

MemTotal:        4016008 kB
MemFree:          133304 kB
Active:           406224 kB
Mem:          3.8G       3.7G       129M       5.7M        26M       3.2G

MemTotal:        4016008 kB
MemFree:          112300 kB
Active:           405464 kB
Mem:          3.8G       3.7G       109M       5.7M        26M       3.3G

MemTotal:        4016008 kB
MemFree:          128396 kB
Active:           403800 kB
Mem:          3.8G       3.7G       125M       5.7M        26M       3.2G

MemTotal:        4016008 kB
MemFree:          124800 kB
Active:           402276 kB
Mem:          3.8G       3.7G       121M       5.7M        26M       3.2G

MemTotal:        4016008 kB
MemFree:          104784 kB
Active:           401588 kB
Mem:          3.8G       3.7G       102M       5.7M        26M       3.3G

MemTotal:        4016008 kB
MemFree:          128084 kB
Active:           397304 kB
Mem:          3.8G       3.7G       125M       5.7M        26M       3.2G

MemTotal:        4016008 kB
MemFree:          122364 kB
Active:           396288 kB
Mem:          3.8G       3.7G       119M       5.7M        26M       3.2G

MemTotal:        4016008 kB
MemFree:          119048 kB
Active:           396196 kB
Mem:          3.8G       3.7G       116M       5.7M        26M       3.3G

MemTotal:        4016008 kB
MemFree:          122436 kB
Active:           395188 kB
Mem:          3.8G       3.7G       118M       5.7M        26M       3.2G

MemTotal:        4016008 kB
MemFree:          112932 kB
Active:           393768 kB
Mem:          3.8G       3.7G       110M       5.7M        26M       3.3G

MemTotal:        4016008 kB
MemFree:          128232 kB
Active:           389944 kB
Mem:          3.8G       3.7G       125M       5.7M        26M       3.2G

MemTotal:        4016008 kB
MemFree:          112312 kB
Active:           388936 kB
Mem:          3.8G       3.7G       110M       5.7M        26M       3.3G

MemTotal:        4016008 kB
MemFree:          127940 kB
Active:           387280 kB
Mem:          3.8G       3.7G       124M       5.7M        26M       3.2G

MemTotal:        4016008 kB
MemFree:          124576 kB
Active:           385748 kB
Mem:          3.8G       3.7G       121M       5.7M        26M       3.2G

MemTotal:        4016008 kB
MemFree:          125176 kB
Active:           384552 kB
Mem:          3.8G       3.7G       126M       5.7M        26M       3.2G

MemTotal:        4016008 kB
MemFree:          125956 kB
Active:           382756 kB
Mem:          3.8G       3.7G       123M       5.7M        26M       3.2G

MemTotal:        4016008 kB
MemFree:          112756 kB
Active:           381660 kB
Mem:          3.8G       3.7G       109M       5.7M        26M       3.3G

MemTotal:        4016008 kB
MemFree:          127712 kB
Active:           379980 kB
Mem:          3.8G       3.7G       124M       5.7M        26M       3.2G

MemTotal:        4016008 kB
MemFree:          123660 kB
Active:           378660 kB
Mem:          3.8G       3.7G       120M       5.7M        26M       3.2G

MemTotal:        4016008 kB
MemFree:          110388 kB
Active:           378576 kB
Mem:          3.8G       3.7G       107M       5.7M        26M       3.3G

MemTotal:        4016008 kB
MemFree:          113052 kB
Active:           378476 kB
Mem:          3.8G       3.7G       109M       5.7M        26M       3.3G

MemTotal:        4016008 kB
MemFree:          115568 kB
Active:           378488 kB
Mem:          3.8G       3.7G       112M       5.7M        26M       3.3G

MemTotal:        4016008 kB
MemFree:          123744 kB
Active:           378488 kB
Mem:          3.8G       3.7G       120M       5.7M        26M       3.2G

MemTotal:        4016008 kB
MemFree:          114056 kB
Active:           378356 kB
Mem:          3.8G       3.7G       111M       5.7M        26M       3.3G

MemTotal:        4016008 kB
MemFree:          129128 kB
Active:           378360 kB
Mem:          3.8G       3.7G       125M       5.7M        26M       3.2G

MemTotal:        4016008 kB
MemFree:          112504 kB
Active:           378376 kB
Mem:          3.8G       3.7G       109M       5.7M        26M       3.3G

MemTotal:        4016008 kB
MemFree:          128660 kB
Active:           378372 kB
Mem:          3.8G       3.7G       125M       5.7M        26M       3.2G

MemTotal:        4016008 kB
MemFree:          124860 kB
Active:           378364 kB
Mem:          3.8G       3.7G       121M       5.7M        26M       3.2G

MemTotal:        4016008 kB
MemFree:          107308 kB
Active:           378384 kB
Mem:          3.8G       3.7G       104M       5.7M        26M       3.3G

MemTotal:        4016008 kB
MemFree:          128824 kB
Active:           378248 kB
Mem:          3.8G       3.7G       125M       5.7M        26M       3.2G

MemTotal:        4016008 kB
MemFree:          110544 kB
Active:           378220 kB
Mem:          3.8G       3.7G       107M       5.7M        26M       3.3G

MemTotal:        4016008 kB
MemFree:          107520 kB
Active:           378228 kB
Mem:          3.8G       3.7G       104M       5.7M        26M       3.3G

MemTotal:        4016008 kB
MemFree:          108368 kB
Active:           378188 kB
Mem:          3.8G       3.7G       105M       5.7M        26M       3.3G

MemTotal:        4016008 kB
MemFree:          126168 kB
Active:           378232 kB
Mem:          3.8G       3.7G       123M       5.7M        26M       3.2G

MemTotal:        4016008 kB
MemFree:          117456 kB
Active:           378236 kB
Mem:          3.8G       3.7G       114M       5.7M        26M       3.3G

MemTotal:        4016008 kB
MemFree:          125032 kB
Active:           378252 kB
Mem:          3.8G       3.7G       122M       5.7M        26M       3.2G

MemTotal:        4016008 kB
MemFree:          115188 kB
Active:           378156 kB
Mem:          3.8G       3.7G       112M       5.7M        26M       3.3G

MemTotal:        4016008 kB
MemFree:          104800 kB
Active:           378156 kB
Mem:          3.8G       3.7G       102M       5.7M        26M       3.3G

MemTotal:        4016008 kB
MemFree:          119352 kB
Active:           378136 kB
Mem:          3.8G       3.7G       116M       5.7M        26M       3.2G

MemTotal:        4016008 kB
MemFree:          120856 kB
Active:           378124 kB
Mem:          3.8G       3.7G       117M       5.7M        26M       3.2G

MemTotal:        4016008 kB
MemFree:          112420 kB
Active:           378188 kB
Mem:          3.8G       3.7G       109M       5.7M        26M       3.3G

MemTotal:        4016008 kB
MemFree:          121640 kB
Active:           378188 kB
Mem:          3.8G       3.7G       118M       5.7M        26M       3.2G

MemTotal:        4016008 kB
MemFree:          107288 kB
Active:           378156 kB
Mem:          3.8G       3.7G       104M       5.7M        26M       3.3G

MemTotal:        4016008 kB
MemFree:          134412 kB
Active:           378208 kB
Mem:          3.8G       3.7G       131M       5.7M        26M       3.2G

MemTotal:        4016008 kB
MemFree:          143352 kB
Active:           378148 kB
Mem:          3.8G       3.7G       140M       5.7M        26M       3.2G

MemTotal:        4016008 kB
MemFree:          133416 kB
Active:           378148 kB
Mem:          3.8G       3.7G       130M       5.7M        26M       3.2G

MemTotal:        4016008 kB
MemFree:          147232 kB
Active:           378148 kB
Mem:          3.8G       3.7G       143M       5.7M        26M       3.2G

MemTotal:        4016008 kB
MemFree:          125648 kB
Active:           378152 kB
Mem:          3.8G       3.7G       122M       5.7M        26M       3.2G

MemTotal:        4016008 kB
MemFree:          128056 kB
Active:           378160 kB
Mem:          3.8G       3.7G       125M       5.7M        26M       3.2G

MemTotal:        4016008 kB
MemFree:          130320 kB
Active:           378160 kB
Mem:          3.8G       3.7G       127M       5.7M        26M       3.2G

MemTotal:        4016008 kB
MemFree:          135832 kB
Active:           378168 kB
Mem:          3.8G       3.7G       132M       5.7M        26M       3.2G

MemTotal:        4016008 kB
MemFree:          132808 kB
Active:           378272 kB
Mem:          3.8G       3.7G       129M       5.7M        26M       3.2G

MemTotal:        4016008 kB
MemFree:          124260 kB
Active:           378268 kB
Mem:          3.8G       3.7G       121M       5.7M        26M       3.2G

MemTotal:        4016008 kB
MemFree:          129692 kB
Active:           378288 kB
Mem:          3.8G       3.7G       126M       5.7M        26M       3.2G

MemTotal:        4016008 kB
MemFree:          132448 kB
Active:           378312 kB
Mem:          3.8G       3.7G       128M       5.7M        26M       3.2G

MemTotal:        4016008 kB
MemFree:          130148 kB
Active:           378312 kB
Mem:          3.8G       3.7G       127M       5.7M        26M       3.2G

MemTotal:        4016008 kB
MemFree:          120824 kB
Active:           378264 kB
Mem:          3.8G       3.7G       117M       5.7M        26M       3.2G

MemTotal:        4016008 kB
MemFree:          122776 kB
Active:           378320 kB
Mem:          3.8G       3.7G       119M       5.7M        26M       3.2G

MemTotal:        4016008 kB
MemFree:          113256 kB
Active:           378304 kB
Mem:          3.8G       3.7G       110M       5.7M        26M       3.3G

MemTotal:        4016008 kB
MemFree:          105688 kB
Active:           378300 kB
Mem:          3.8G       3.7G       103M       5.7M        26M       3.3G

MemTotal:        4016008 kB
MemFree:          113020 kB
Active:           373692 kB
Mem:          3.8G       3.7G       109M       5.7M        26M       3.3G

MemTotal:        4016008 kB
MemFree:          126232 kB
Active:           373692 kB
Mem:          3.8G       3.7G       123M       5.7M        26M       3.2G

MemTotal:        4016008 kB
MemFree:          127784 kB
Active:           373700 kB
Mem:          3.8G       3.7G       124M       5.7M        26M       3.2G

MemTotal:        4016008 kB
MemFree:          107380 kB
Active:           373684 kB
Mem:          3.8G       3.7G       105M       5.7M        26M       3.3G

MemTotal:        4016008 kB
MemFree:          111964 kB
Active:           373712 kB
Mem:          3.8G       3.7G       109M       5.7M        26M       3.3G

MemTotal:        4016008 kB
MemFree:          111696 kB
Active:           373700 kB
Mem:          3.8G       3.7G       109M       5.7M        26M       3.3G

MemTotal:        4016008 kB
MemFree:          117100 kB
Active:           373708 kB
Mem:          3.8G       3.7G       114M       5.7M        26M       3.2G

MemTotal:        4016008 kB
MemFree:          119328 kB
Active:           373716 kB
Mem:          3.8G       3.7G       116M       5.7M        26M       3.2G

MemTotal:        4016008 kB
MemFree:          123432 kB
Active:           371284 kB
Mem:          3.8G       3.7G       120M       5.7M        26M       3.2G

MemTotal:        4016008 kB
MemFree:          114160 kB
Active:           371228 kB
Mem:          3.8G       3.7G       111M       5.7M        26M       3.3G

MemTotal:        4016008 kB
MemFree:          105880 kB
Active:           371244 kB
Mem:          3.8G       3.7G       103M       5.7M        26M       3.3G

MemTotal:        4016008 kB
MemFree:          110280 kB
Active:           371236 kB
Mem:          3.8G       3.7G       106M       5.7M        26M       3.3G

MemTotal:        4016008 kB
MemFree:          126520 kB
Active:           371268 kB
Mem:          3.8G       3.7G       123M       5.7M        26M       3.2G

MemTotal:        4016008 kB
MemFree:          123672 kB
Active:           371264 kB
Mem:          3.8G       3.7G       120M       5.7M        26M       3.2G

MemTotal:        4016008 kB
MemFree:          111612 kB
Active:           371284 kB
Mem:          3.8G       3.7G       108M       5.7M        26M       3.3G

MemTotal:        4016008 kB
MemFree:          127440 kB
Active:           371304 kB
Mem:          3.8G       3.7G       123M       5.7M        26M       3.2G

MemTotal:        4016008 kB
MemFree:          138604 kB
Active:           371292 kB
Mem:          3.8G       3.7G       135M       5.7M        26M       3.2G

MemTotal:        4016008 kB
MemFree:          132604 kB
Active:           369172 kB
Mem:          3.8G       3.7G       129M       5.7M        26M       3.2G

MemTotal:        4016008 kB
MemFree:          122964 kB
Active:           369076 kB
Mem:          3.8G       3.7G       120M       5.7M        26M       3.2G

MemTotal:        4016008 kB
MemFree:          125892 kB
Active:           369076 kB
Mem:          3.8G       3.7G       122M       5.7M        26M       3.2G

MemTotal:        4016008 kB
MemFree:          117348 kB
Active:           369088 kB
Mem:          3.8G       3.7G       113M       5.7M        26M       3.2G

MemTotal:        4016008 kB
MemFree:          108448 kB
Active:           369048 kB
Mem:          3.8G       3.7G       105M       5.7M        26M       3.3G

MemTotal:        4016008 kB
MemFree:          129096 kB
Active:           369088 kB
Mem:          3.8G       3.7G       125M       5.7M        26M       3.2G

MemTotal:        4016008 kB
MemFree:          107744 kB
Active:           369100 kB
Mem:          3.8G       3.7G       105M       5.7M        26M       3.3G

MemTotal:        4016008 kB
MemFree:          134848 kB
Active:           369100 kB
Mem:          3.8G       3.7G       131M       5.7M        26M       3.2G

MemTotal:        4016008 kB
MemFree:          137608 kB
Active:           369056 kB
Mem:          3.8G       3.7G       134M       5.7M        26M       3.2G

MemTotal:        4016008 kB
MemFree:          115552 kB
Active:           369112 kB
Mem:          3.8G       3.7G       112M       5.7M        26M       3.2G

MemTotal:        4016008 kB
MemFree:          107488 kB
Active:           368156 kB
Mem:          3.8G       3.7G       105M       5.7M        26M       3.3G

MemTotal:        4016008 kB
MemFree:          115796 kB
Active:           368156 kB
Mem:          3.8G       3.7G       112M       5.7M        26M       3.2G

MemTotal:        4016008 kB
MemFree:          106204 kB
Active:           368172 kB
Mem:          3.8G       3.7G       103M       5.7M        26M       3.3G

MemTotal:        4016008 kB
MemFree:          134300 kB
Active:           368132 kB
Mem:          3.8G       3.7G       131M       5.7M        26M       3.2G

MemTotal:        4016008 kB
MemFree:          124824 kB
Active:           368144 kB
Mem:          3.8G       3.7G       122M       5.7M        26M       3.2G

MemTotal:        4016008 kB
MemFree:          108676 kB
Active:           368184 kB
Mem:          3.8G       3.7G       106M       5.7M        26M       3.3G

MemTotal:        4016008 kB
MemFree:          124236 kB
Active:           368160 kB
Mem:          3.8G       3.7G       125M       5.7M        26M       3.2G

MemTotal:        4016008 kB
MemFree:          142576 kB
Active:           368192 kB
Mem:          3.8G       3.7G       139M       5.7M        26M       3.2G

MemTotal:        4016008 kB
MemFree:          134140 kB
Active:           368180 kB
Mem:          3.8G       3.7G       130M       5.7M        26M       3.2G

MemTotal:        4016008 kB
MemFree:          132884 kB
Active:           362976 kB
Mem:          3.8G       3.7G       130M       5.7M        26M       3.2G

MemTotal:        4016008 kB
MemFree:          113836 kB
Active:           362716 kB
Mem:          3.8G       3.7G       110M       5.7M        26M       3.2G

MemTotal:        4016008 kB
MemFree:          118728 kB
Active:           362780 kB
Mem:          3.8G       3.7G       115M       5.7M        26M       3.2G

MemTotal:        4016008 kB
MemFree:          110464 kB
Active:           362764 kB
Mem:          3.8G       3.7G       107M       5.7M        26M       3.3G

MemTotal:        4016008 kB
MemFree:          125560 kB
Active:           362792 kB
Mem:          3.8G       3.7G       121M       5.7M        26M       3.2G

MemTotal:        4016008 kB
MemFree:          108344 kB
Active:           362756 kB
Mem:          3.8G       3.7G       105M       5.7M        26M       3.3G

MemTotal:        4016008 kB
MemFree:          125488 kB
Active:           362796 kB
Mem:          3.8G       3.7G       132M       5.7M        26M       3.2G

MemTotal:        4016008 kB
MemFree:          126480 kB
Active:           362752 kB
Mem:          3.8G       3.7G       123M       5.7M        26M       3.2G

MemTotal:        4016008 kB
MemFree:          105312 kB
Active:           362668 kB
Mem:          3.8G       3.7G       102M       5.7M        26M       3.3G

MemTotal:        4016008 kB
MemFree:          132036 kB
Active:           362676 kB
Mem:          3.8G       3.7G       129M       5.7M        26M       3.2G

MemTotal:        4016008 kB
MemFree:          124788 kB
Active:           362676 kB
Mem:          3.8G       3.7G       121M       5.7M        26M       3.2G

MemTotal:        4016008 kB
MemFree:          110192 kB
Active:           362676 kB
Mem:          3.8G       3.7G       107M       5.7M        26M       3.3G

MemTotal:        4016008 kB
MemFree:          135520 kB
Active:           359724 kB
Mem:          3.8G       3.7G       132M       5.7M        26M       3.2G

MemTotal:        4016008 kB
MemFree:          126384 kB
Active:           359592 kB
Mem:          3.8G       3.7G       122M       5.7M        26M       3.2G

MemTotal:        4016008 kB
MemFree:          131012 kB
Active:           359600 kB
Mem:          3.8G       3.7G       128M       5.7M        26M       3.2G

MemTotal:        4016008 kB
MemFree:          122532 kB
Active:           359596 kB
Mem:          3.8G       3.7G       119M       5.7M        26M       3.2G

MemTotal:        4016008 kB
MemFree:          106520 kB
Active:           359580 kB
Mem:          3.8G       3.7G       104M       5.7M        26M       3.3G

MemTotal:        4016008 kB
MemFree:          127692 kB
Active:           359628 kB
Mem:          3.8G       3.7G       124M       5.7M        26M       3.2G

MemTotal:        4016008 kB
MemFree:          112140 kB
Active:           359620 kB
Mem:          3.8G       3.7G       109M       5.7M        26M       3.3G

MemTotal:        4016008 kB
MemFree:          127104 kB
Active:           359616 kB
Mem:          3.8G       3.7G       123M       5.7M        26M       3.2G

MemTotal:        4016008 kB
MemFree:          124104 kB
Active:           359580 kB
Mem:          3.8G       3.7G       120M       5.7M        26M       3.2G

MemTotal:        4016008 kB
MemFree:          125472 kB
Active:           359624 kB
Mem:          3.8G       3.7G       122M       5.7M        26M       3.2G

MemTotal:        4016008 kB
MemFree:          116892 kB
Active:           359628 kB
Mem:          3.8G       3.7G       114M       5.7M        26M       3.2G

MemTotal:        4016008 kB
MemFree:          114596 kB
Active:           359640 kB
Mem:          3.8G       3.7G       111M       5.7M        26M       3.2G

MemTotal:        4016008 kB
MemFree:          134276 kB
Active:           359616 kB
Mem:          3.8G       3.7G       130M       5.7M        26M       3.2G

MemTotal:        4016008 kB
MemFree:          104944 kB
Active:           359672 kB
Mem:          3.8G       3.7G       102M       5.7M        26M       3.3G

MemTotal:        4016008 kB
MemFree:          126056 kB
Active:           357836 kB
Mem:          3.8G       3.7G       122M       5.7M        26M       3.2G

MemTotal:        4016008 kB
MemFree:          128884 kB
Active:           357836 kB
Mem:          3.8G       3.7G       125M       5.7M        26M       3.2G

MemTotal:        4016008 kB
MemFree:          120532 kB
Active:           357836 kB
Mem:          3.8G       3.7G       117M       5.7M        26M       3.2G

MemTotal:        4016008 kB
MemFree:          105432 kB
Active:           357844 kB
Mem:          3.8G       3.7G       102M       5.7M        26M       3.3G

MemTotal:        4016008 kB
MemFree:          131484 kB
Active:           357844 kB
Mem:          3.8G       3.7G       127M       5.7M        26M       3.2G

MemTotal:        4016008 kB
MemFree:          128644 kB
Active:           357792 kB
Mem:          3.8G       3.7G       125M       5.7M        26M       3.2G

MemTotal:        4016008 kB
MemFree:          112088 kB
Active:           357840 kB
Mem:          3.8G       3.7G       109M       5.7M        26M       3.3G

MemTotal:        4016008 kB
MemFree:          127548 kB
Active:           357852 kB
Mem:          3.8G       3.7G       123M       5.7M        26M       3.2G

MemTotal:        4016008 kB
MemFree:          110620 kB
Active:           357848 kB
Mem:          3.8G       3.7G       108M       5.7M        26M       3.3G

MemTotal:        4016008 kB
MemFree:          122808 kB
Active:           357824 kB
Mem:          3.8G       3.7G       119M       5.7M        26M       3.2G

MemTotal:        4016008 kB
MemFree:          127644 kB
Active:           357868 kB
Mem:          3.8G       3.7G       124M       5.7M        26M       3.2G

MemTotal:        4016008 kB
MemFree:          135328 kB
Active:           357868 kB
Mem:          3.8G       3.7G       131M       5.7M        26M       3.2G

MemTotal:        4016008 kB
MemFree:          126052 kB
Active:           357872 kB
Mem:          3.8G       3.7G       122M       5.7M        26M       3.2G

MemTotal:        4016008 kB
MemFree:          110488 kB
Active:           357880 kB
Mem:          3.8G       3.7G       107M       5.7M        26M       3.2G

MemTotal:        4016008 kB
MemFree:          128904 kB
Active:           356196 kB
Mem:          3.8G       3.7G       125M       5.7M        26M       3.2G

MemTotal:        4016008 kB
MemFree:          126892 kB
Active:           356136 kB
Mem:          3.8G       3.7G       123M       5.7M        26M       3.2G

MemTotal:        4016008 kB
MemFree:          127944 kB
Active:           356136 kB
Mem:          3.8G       3.7G       124M       5.7M        26M       3.2G

MemTotal:        4016008 kB
MemFree:          126328 kB
Active:           356136 kB
Mem:          3.8G       3.7G       122M       5.7M        26M       3.2G

MemTotal:        4016008 kB
MemFree:          127280 kB
Active:           356156 kB
Mem:          3.8G       3.7G       123M       5.7M        26M       3.2G

MemTotal:        4016008 kB
MemFree:          131304 kB
Active:           356156 kB
Mem:          3.8G       3.7G       128M       5.7M        26M       3.2G

MemTotal:        4016008 kB
MemFree:          127912 kB
Active:           356168 kB
Mem:          3.8G       3.7G       124M       5.7M        26M       3.2G

MemTotal:        4016008 kB
MemFree:          119112 kB
Active:           356168 kB
Mem:          3.8G       3.7G       116M       5.7M        26M       3.2G

MemTotal:        4016008 kB
MemFree:          110528 kB
Active:           356124 kB
Mem:          3.8G       3.7G       107M       5.7M        26M       3.2G

MemTotal:        4016008 kB
MemFree:          114004 kB
Active:           356136 kB
Mem:          3.8G       3.7G       111M       5.7M        26M       3.2G

MemTotal:        4016008 kB
MemFree:          104840 kB
Active:           356172 kB
Mem:          3.8G       3.7G       102M       5.7M        26M       3.3G

MemTotal:        4016008 kB
MemFree:          125288 kB
Active:           356148 kB
Mem:          3.8G       3.7G       121M       5.7M        26M       3.2G

MemTotal:        4016008 kB
MemFree:          110228 kB
Active:           356136 kB
Mem:          3.8G       3.7G       107M       5.7M        26M       3.3G

MemTotal:        4016008 kB
MemFree:          125920 kB
Active:           356156 kB
Mem:          3.8G       3.7G       122M       5.7M        26M       3.2G

MemTotal:        4016008 kB
MemFree:          133024 kB
Active:           356168 kB
Mem:          3.8G       3.7G       129M       5.7M        26M       3.2G

MemTotal:        4016008 kB
MemFree:          134348 kB
Active:           356192 kB
Mem:          3.8G       3.7G       131M       5.7M        26M       3.2G

MemTotal:        4016008 kB
MemFree:          107844 kB
Active:           356160 kB
Mem:          3.8G       3.7G       104M       5.7M        26M       3.3G

MemTotal:        4016008 kB
MemFree:          118868 kB
Active:           356212 kB
Mem:          3.8G       3.7G       115M       5.7M        26M       3.2G

MemTotal:        4016008 kB
MemFree:          123272 kB
Active:           355876 kB
Mem:          3.8G       3.7G       119M       5.7M        26M       3.2G

MemTotal:        4016008 kB
MemFree:          113704 kB
Active:           355892 kB
Mem:          3.8G       3.7G       110M       5.7M        26M       3.2G

MemTotal:        4016008 kB
MemFree:          129060 kB
Active:           355892 kB
Mem:          3.8G       3.7G       125M       5.7M        26M       3.2G

MemTotal:        4016008 kB
MemFree:          137284 kB
Active:           355680 kB
Mem:          3.8G       3.7G       134M       5.7M        26M       3.2G

MemTotal:        4016008 kB
MemFree:          136912 kB
Active:           355680 kB
Mem:          3.8G       3.7G       134M       5.7M        26M       3.2G

MemTotal:        4016008 kB
MemFree:          137780 kB
Active:           355644 kB
Mem:          3.8G       3.7G       134M       5.7M        26M       3.2G

MemTotal:        4016008 kB
MemFree:          137780 kB
Active:           355660 kB
Mem:          3.8G       3.7G       134M       5.7M        26M       3.2G

MemTotal:        4016008 kB
MemFree:          137904 kB
Active:           355664 kB
Mem:          3.8G       3.7G       134M       5.7M        26M       3.2G

MemTotal:        4016008 kB
MemFree:          137904 kB
Active:           355664 kB
Mem:          3.8G       3.7G       134M       5.7M        26M       3.2G

MemTotal:        4016008 kB
MemFree:          137532 kB
Active:           355692 kB
Mem:          3.8G       3.7G       134M       5.7M        26M       3.2G

MemTotal:        4016008 kB
MemFree:          137656 kB
Active:           355644 kB
Mem:          3.8G       3.7G       134M       5.7M        26M       3.2G

MemTotal:        4016008 kB
MemFree:          138028 kB
Active:           355652 kB
Mem:          3.8G       3.7G       134M       5.7M        26M       3.2G

MemTotal:        4016008 kB
MemFree:          137656 kB
Active:           355652 kB
Mem:          3.8G       3.7G       134M       5.7M        26M       3.2G

MemTotal:        4016008 kB
MemFree:          137904 kB
Active:           355652 kB
Mem:          3.8G       3.7G       134M       5.7M        26M       3.2G

MemTotal:        4016008 kB
MemFree:          138276 kB
Active:           355636 kB
Mem:          3.8G       3.7G       134M       5.7M        26M       3.2G

MemTotal:        4016008 kB
MemFree:          138276 kB
Active:           355688 kB
Mem:          3.8G       3.7G       134M       5.7M        26M       3.2G

MemTotal:        4016008 kB
MemFree:          138276 kB
Active:           355676 kB
Mem:          3.8G       3.7G       134M       5.7M        26M       3.2G

MemTotal:        4016008 kB
MemFree:          138276 kB
Active:           355664 kB
Mem:          3.8G       3.7G       135M       5.7M        26M       3.2G

MemTotal:        4016008 kB
MemFree:          138152 kB
Active:           355656 kB
Mem:          3.8G       3.7G       134M       5.7M        26M       3.2G

MemTotal:        4016008 kB
MemFree:          138152 kB
Active:           355688 kB
Mem:          3.8G       3.7G       134M       5.7M        26M       3.2G

MemTotal:        4016008 kB
MemFree:          138028 kB
Active:           355676 kB
Mem:          3.8G       3.7G       134M       5.7M        26M       3.2G

MemTotal:        4016008 kB
MemFree:          138028 kB
Active:           355660 kB
Mem:          3.8G       3.7G       135M       5.7M        26M       3.2G

MemTotal:        4016008 kB
MemFree:          138152 kB
Active:           355664 kB
Mem:          3.8G       3.7G       135M       5.7M        26M       3.2G

MemTotal:        4016008 kB
MemFree:          137904 kB
Active:           355704 kB
Mem:          3.8G       3.7G       134M       5.7M        26M       3.2G

MemTotal:        4016008 kB
MemFree:          138028 kB
Active:           355684 kB
Mem:          3.8G       3.7G       134M       5.7M        26M       3.2G

MemTotal:        4016008 kB
MemFree:          137904 kB
Active:           355676 kB
Mem:          3.8G       3.7G       134M       5.7M        26M       3.2G

MemTotal:        4016008 kB
MemFree:          137904 kB
Active:           355656 kB
Mem:          3.8G       3.7G       134M       5.7M        26M       3.2G

MemTotal:        4016008 kB
MemFree:          137656 kB
Active:           355704 kB
Mem:          3.8G       3.7G       134M       5.7M        26M       3.2G

MemTotal:        4016008 kB
MemFree:          137532 kB
Active:           355680 kB
Mem:          3.8G       3.7G       134M       5.7M        26M       3.2G

MemTotal:        4016008 kB
MemFree:          137404 kB
Active:           355692 kB
Mem:          3.8G       3.7G       134M       5.7M        26M       3.2G

MemTotal:        4016008 kB
MemFree:          137624 kB
Active:           355692 kB
Mem:          3.8G       3.7G       134M       5.7M        26M       3.2G

MemTotal:        4016008 kB
MemFree:          137780 kB
Active:           355684 kB
Mem:          3.8G       3.7G       134M       5.7M        26M       3.2G

MemTotal:        4016008 kB
MemFree:          137764 kB
Active:           355716 kB
Mem:          3.8G       3.7G       134M       5.7M        26M       3.2G

MemTotal:        4016008 kB
MemFree:          137936 kB
Active:           355708 kB
Mem:          3.8G       3.7G       134M       5.7M        26M       3.2G

MemTotal:        4016008 kB
MemFree:          137564 kB
Active:           355732 kB
Mem:          3.8G       3.7G       134M       5.7M        26M       3.2G

MemTotal:        4016008 kB
MemFree:          137564 kB
Active:           355732 kB
Mem:          3.8G       3.7G       134M       5.7M        26M       3.2G

MemTotal:        4016008 kB
MemFree:          137564 kB
Active:           355740 kB
Mem:          3.8G       3.7G       134M       5.7M        26M       3.2G

MemTotal:        4016008 kB
MemFree:          137440 kB
Active:           355748 kB
Mem:          3.8G       3.7G       134M       5.7M        26M       3.2G

MemTotal:        4016008 kB
MemFree:          138060 kB
Active:           355720 kB
Mem:          3.8G       3.7G       134M       5.7M        26M       3.2G

MemTotal:        4016008 kB
MemFree:          137564 kB
Active:           355712 kB
Mem:          3.8G       3.7G       134M       5.7M        26M       3.2G

MemTotal:        4016008 kB
MemFree:          137564 kB
Active:           355704 kB
Mem:          3.8G       3.7G       134M       5.7M        26M       3.2G

MemTotal:        4016008 kB
MemFree:          137440 kB
Active:           355692 kB
Mem:          3.8G       3.7G       134M       5.7M        26M       3.2G

MemTotal:        4016008 kB
MemFree:          137564 kB
Active:           355724 kB
Mem:          3.8G       3.7G       134M       5.7M        26M       3.2G

MemTotal:        4016008 kB
MemFree:          137316 kB
Active:           355756 kB
Mem:          3.8G       3.7G       134M       5.7M        26M       3.2G

MemTotal:        4016008 kB
MemFree:          137316 kB
Active:           355736 kB
Mem:          3.8G       3.7G       133M       5.7M        26M       3.2G

MemTotal:        4016008 kB
MemFree:          137440 kB
Active:           355732 kB
Mem:          3.8G       3.7G       133M       5.7M        26M       3.2G

MemTotal:        4016008 kB
MemFree:          137564 kB
Active:           355736 kB
Mem:          3.8G       3.7G       134M       5.7M        26M       3.2G

MemTotal:        4016008 kB
MemFree:          137812 kB
Active:           355720 kB
Mem:          3.8G       3.7G       134M       5.7M        26M       3.2G

MemTotal:        4016008 kB
MemFree:          137812 kB
Active:           355752 kB
Mem:          3.8G       3.7G       134M       5.7M        26M       3.2G

MemTotal:        4016008 kB
MemFree:          137812 kB
Active:           355752 kB
Mem:          3.8G       3.7G       134M       5.7M        26M       3.2G

MemTotal:        4016008 kB
MemFree:          137812 kB
Active:           355736 kB
Mem:          3.8G       3.7G       134M       5.7M        26M       3.2G

MemTotal:        4016008 kB
MemFree:          137688 kB
Active:           355752 kB
Mem:          3.8G       3.7G       134M       5.7M        26M       3.2G

MemTotal:        4016008 kB
MemFree:          138184 kB
Active:           355760 kB
Mem:          3.8G       3.7G       134M       5.7M        26M       3.2G

MemTotal:        4016008 kB
MemFree:          138308 kB
Active:           355756 kB
Mem:          3.8G       3.7G       134M       5.7M        26M       3.2G

MemTotal:        4016008 kB
MemFree:          137812 kB
Active:           355772 kB
Mem:          3.8G       3.7G       134M       5.7M        26M       3.2G

MemTotal:        4016008 kB
MemFree:          137688 kB
Active:           355768 kB
Mem:          3.8G       3.7G       134M       5.7M        26M       3.2G

MemTotal:        4016008 kB
MemFree:          137812 kB
Active:           355768 kB
