MemTotal:        4016008 kB
MemFree:         3233564 kB
Active:           425964 kB
Mem:          3.8G       764M       3.1G       5.7M        58M       318M

MemTotal:        4016008 kB
MemFree:         3233152 kB
Active:           426220 kB
Mem:          3.8G       764M       3.1G       5.7M        58M       319M

MemTotal:        4016008 kB
MemFree:         3232764 kB
Active:           426356 kB
Mem:          3.8G       764M       3.1G       5.7M        58M       319M

MemTotal:        4016008 kB
MemFree:         3233384 kB
Active:           426348 kB
Mem:          3.8G       764M       3.1G       5.7M        58M       319M

MemTotal:        4016008 kB
MemFree:         3232872 kB
Active:           426360 kB
Mem:          3.8G       764M       3.1G       5.7M        58M       319M

MemTotal:        4016008 kB
MemFree:         3232288 kB
Active:           424436 kB
Mem:          3.8G       765M       3.1G       5.7M        58M       319M

MemTotal:        4016008 kB
MemFree:         3232776 kB
Active:           424316 kB
Mem:          3.8G       764M       3.1G       5.7M        58M       319M

MemTotal:        4016008 kB
MemFree:         3232884 kB
Active:           426340 kB
Mem:          3.8G       764M       3.1G       5.7M        58M       319M

MemTotal:        4016008 kB
MemFree:         3232884 kB
Active:           426368 kB
Mem:          3.8G       764M       3.1G       5.7M        58M       319M

MemTotal:        4016008 kB
MemFree:         3233132 kB
Active:           426352 kB
Mem:          3.8G       764M       3.1G       5.7M        58M       319M

MemTotal:        4016008 kB
MemFree:         3233504 kB
Active:           426328 kB
Mem:          3.8G       764M       3.1G       5.7M        58M       319M

MemTotal:        4016008 kB
MemFree:         3233380 kB
Active:           426340 kB
Mem:          3.8G       764M       3.1G       5.7M        58M       319M

MemTotal:        4016008 kB
MemFree:         3232760 kB
Active:           426380 kB
Mem:          3.8G       764M       3.1G       5.7M        58M       319M

MemTotal:        4016008 kB
MemFree:         3232760 kB
Active:           426344 kB
Mem:          3.8G       765M       3.1G       5.7M        58M       319M

MemTotal:        4016008 kB
MemFree:         3232420 kB
Active:           426380 kB
Mem:          3.8G       765M       3.1G       5.7M        58M       319M

MemTotal:        4016008 kB
MemFree:         3232792 kB
Active:           426380 kB
Mem:          3.8G       764M       3.1G       5.7M        58M       319M

MemTotal:        4016008 kB
MemFree:         3232352 kB
Active:           426340 kB
Mem:          3.8G       765M       3.1G       5.7M        58M       319M

MemTotal:        4016008 kB
MemFree:         3231800 kB
Active:           426408 kB
Mem:          3.8G       765M       3.1G       5.7M        58M       319M

MemTotal:        4016008 kB
MemFree:         3232544 kB
Active:           426392 kB
Mem:          3.8G       765M       3.1G       5.7M        58M       319M

MemTotal:        4016008 kB
MemFree:         3232420 kB
Active:           426364 kB
Mem:          3.8G       765M       3.1G       5.7M        58M       319M

MemTotal:        4016008 kB
MemFree:         3232700 kB
Active:           426372 kB
Mem:          3.8G       765M       3.1G       5.7M        58M       319M

MemTotal:        4016008 kB
MemFree:         3232576 kB
Active:           426416 kB
Mem:          3.8G       765M       3.1G       5.7M        58M       319M

MemTotal:        4016008 kB
MemFree:         3232452 kB
Active:           426384 kB
Mem:          3.8G       765M       3.1G       5.7M        58M       319M

MemTotal:        4016008 kB
MemFree:         3232824 kB
Active:           426372 kB
Mem:          3.8G       764M       3.1G       5.7M        58M       319M

MemTotal:        4016008 kB
MemFree:         3232576 kB
Active:           426376 kB
Mem:          3.8G       765M       3.1G       5.7M        58M       319M

MemTotal:        4016008 kB
MemFree:         3231748 kB
Active:           424464 kB
Mem:          3.8G       765M       3.1G       5.7M        58M       319M

MemTotal:        4016008 kB
MemFree:         3232480 kB
Active:           426392 kB
Mem:          3.8G       765M       3.1G       5.7M        58M       319M

MemTotal:        4016008 kB
MemFree:         3232480 kB
Active:           426372 kB
Mem:          3.8G       765M       3.1G       5.7M        58M       319M

MemTotal:        4016008 kB
MemFree:         3232976 kB
Active:           426368 kB
Mem:          3.8G       764M       3.1G       5.7M        58M       319M

MemTotal:        4016008 kB
MemFree:         3233100 kB
Active:           426384 kB
Mem:          3.8G       764M       3.1G       5.7M        58M       319M

MemTotal:        4016008 kB
MemFree:         3232976 kB
Active:           426408 kB
Mem:          3.8G       764M       3.1G       5.7M        58M       319M

MemTotal:        4016008 kB
MemFree:         3232976 kB
Active:           426412 kB
Mem:          3.8G       764M       3.1G       5.7M        58M       319M

MemTotal:        4016008 kB
MemFree:         3232604 kB
Active:           426424 kB
Mem:          3.8G       764M       3.1G       5.7M        58M       319M

MemTotal:        4016008 kB
MemFree:         3232852 kB
Active:           426416 kB
Mem:          3.8G       764M       3.1G       5.7M        58M       319M

MemTotal:        4016008 kB
MemFree:         3232852 kB
Active:           426416 kB
Mem:          3.8G       764M       3.1G       5.7M        58M       319M

MemTotal:        4016008 kB
MemFree:         3232976 kB
Active:           426404 kB
Mem:          3.8G       764M       3.1G       5.7M        58M       319M

MemTotal:        4016008 kB
MemFree:         3233052 kB
Active:           426416 kB
Mem:          3.8G       764M       3.1G       5.7M        58M       319M

MemTotal:        4016008 kB
MemFree:         3232868 kB
Active:           426420 kB
Mem:          3.8G       765M       3.1G       5.7M        58M       319M

MemTotal:        4016008 kB
MemFree:         3232868 kB
Active:           426424 kB
Mem:          3.8G       764M       3.1G       5.7M        58M       319M

MemTotal:        4016008 kB
MemFree:         3232744 kB
Active:           426432 kB
Mem:          3.8G       764M       3.1G       5.7M        58M       319M

MemTotal:        4016008 kB
MemFree:         3232868 kB
Active:           426428 kB
Mem:          3.8G       764M       3.1G       5.7M        58M       319M

MemTotal:        4016008 kB
MemFree:         3232620 kB
Active:           426444 kB
Mem:          3.8G       764M       3.1G       5.7M        58M       319M

MemTotal:        4016008 kB
MemFree:         3232356 kB
Active:           426456 kB
Mem:          3.8G       765M       3.1G       5.7M        58M       319M

MemTotal:        4016008 kB
MemFree:         3232356 kB
Active:           426440 kB
Mem:          3.8G       765M       3.1G       5.7M        58M       319M

MemTotal:        4016008 kB
MemFree:         3232572 kB
Active:           426456 kB
Mem:          3.8G       765M       3.1G       5.7M        58M       319M

MemTotal:        4016008 kB
MemFree:         3232448 kB
Active:           426456 kB
Mem:          3.8G       765M       3.1G       5.7M        58M       319M

MemTotal:        4016008 kB
MemFree:         3232556 kB
Active:           426416 kB
Mem:          3.8G       765M       3.1G       5.7M        58M       319M

MemTotal:        4016008 kB
MemFree:         3232044 kB
Active:           426468 kB
Mem:          3.8G       765M       3.1G       5.7M        58M       319M

MemTotal:        4016008 kB
MemFree:         3232276 kB
Active:           426444 kB
Mem:          3.8G       765M       3.1G       5.7M        58M       319M

MemTotal:        4016008 kB
MemFree:         3232152 kB
Active:           426428 kB
Mem:          3.8G       765M       3.1G       5.7M        58M       319M

MemTotal:        4016008 kB
MemFree:         3232276 kB
Active:           426432 kB
Mem:          3.8G       765M       3.1G       5.7M        58M       319M

MemTotal:        4016008 kB
MemFree:         3232340 kB
Active:           426424 kB
Mem:          3.8G       765M       3.1G       5.7M        58M       319M

MemTotal:        4016008 kB
MemFree:         3232340 kB
Active:           426468 kB
Mem:          3.8G       765M       3.1G       5.7M        58M       319M

MemTotal:        4016008 kB
MemFree:         3231844 kB
Active:           426492 kB
Mem:          3.8G       765M       3.1G       5.7M        58M       319M

MemTotal:        4016008 kB
MemFree:         3231968 kB
Active:           426484 kB
Mem:          3.8G       765M       3.1G       5.7M        58M       319M

MemTotal:        4016008 kB
MemFree:         3232092 kB
Active:           426476 kB
Mem:          3.8G       765M       3.1G       5.7M        58M       319M

MemTotal:        4016008 kB
MemFree:         3232340 kB
Active:           426436 kB
Mem:          3.8G       765M       3.1G       5.7M        58M       319M

MemTotal:        4016008 kB
MemFree:         3232092 kB
Active:           426496 kB
Mem:          3.8G       765M       3.1G       5.7M        58M       319M

MemTotal:        4016008 kB
MemFree:         3232340 kB
Active:           426504 kB
Mem:          3.8G       765M       3.1G       5.7M        58M       319M

MemTotal:        4016008 kB
MemFree:         3232464 kB
Active:           426500 kB
Mem:          3.8G       765M       3.1G       5.7M        58M       319M

MemTotal:        4016008 kB
MemFree:         3232464 kB
Active:           426448 kB
Mem:          3.8G       765M       3.1G       5.7M        58M       319M

MemTotal:        4016008 kB
MemFree:         3232324 kB
Active:           426484 kB
Mem:          3.8G       765M       3.1G       5.7M        58M       319M

MemTotal:        4016008 kB
MemFree:         3232060 kB
Active:           426464 kB
Mem:          3.8G       765M       3.1G       5.7M        58M       319M

MemTotal:        4016008 kB
MemFree:         3232044 kB
Active:           426484 kB
Mem:          3.8G       765M       3.1G       5.7M        58M       319M

MemTotal:        4016008 kB
MemFree:         3232400 kB
Active:           426480 kB
Mem:          3.8G       765M       3.1G       5.7M        58M       319M

MemTotal:        4016008 kB
MemFree:         3232508 kB
Active:           426492 kB
Mem:          3.8G       765M       3.1G       5.7M        58M       319M

MemTotal:        4016008 kB
MemFree:         3232492 kB
Active:           426508 kB
Mem:          3.8G       765M       3.1G       5.7M        58M       319M

MemTotal:        4016008 kB
MemFree:         3232228 kB
Active:           426508 kB
Mem:          3.8G       765M       3.1G       5.7M        58M       319M

MemTotal:        4016008 kB
MemFree:         3232416 kB
Active:           426500 kB
Mem:          3.8G       765M       3.1G       5.7M        58M       319M

MemTotal:        4016008 kB
MemFree:         3232540 kB
Active:           426500 kB
Mem:          3.8G       764M       3.1G       5.7M        58M       319M

MemTotal:        4016008 kB
MemFree:         3232788 kB
Active:           426480 kB
Mem:          3.8G       764M       3.1G       5.7M        58M       319M

MemTotal:        4016008 kB
MemFree:         3232912 kB
Active:           426472 kB
Mem:          3.8G       764M       3.1G       5.7M        58M       319M

MemTotal:        4016008 kB
MemFree:         3232604 kB
Active:           426468 kB
Mem:          3.8G       765M       3.1G       5.7M        58M       319M

MemTotal:        4016008 kB
MemFree:         3232604 kB
Active:           426472 kB
Mem:          3.8G       765M       3.1G       5.7M        58M       319M

MemTotal:        4016008 kB
MemFree:         3230432 kB
Active:           426516 kB
Mem:          3.8G       767M       3.1G       5.7M        58M       319M

MemTotal:        4016008 kB
MemFree:         3230432 kB
Active:           426476 kB
Mem:          3.8G       767M       3.1G       5.7M        58M       319M

MemTotal:        4016008 kB
MemFree:         3230060 kB
Active:           426500 kB
Mem:          3.8G       767M       3.1G       5.7M        58M       319M

MemTotal:        4016008 kB
MemFree:         3230432 kB
Active:           428512 kB
Mem:          3.8G       767M       3.1G       5.7M        58M       319M

MemTotal:        4016008 kB
MemFree:         3230680 kB
Active:           428536 kB
Mem:          3.8G       767M       3.1G       5.7M        58M       319M

MemTotal:        4016008 kB
MemFree:         3230556 kB
Active:           428528 kB
Mem:          3.8G       767M       3.1G       5.7M        58M       319M

MemTotal:        4016008 kB
MemFree:         3230308 kB
Active:           428512 kB
Mem:          3.8G       767M       3.1G       5.7M        58M       319M

MemTotal:        4016008 kB
MemFree:         3229936 kB
Active:           428552 kB
Mem:          3.8G       767M       3.1G       5.7M        58M       319M

MemTotal:        4016008 kB
MemFree:         3230432 kB
Active:           428548 kB
Mem:          3.8G       767M       3.1G       5.7M        58M       319M

MemTotal:        4016008 kB
MemFree:         3230432 kB
Active:           428528 kB
Mem:          3.8G       767M       3.1G       5.7M        58M       319M

MemTotal:        4016008 kB
MemFree:         3230044 kB
Active:           428560 kB
Mem:          3.8G       767M       3.1G       5.7M        58M       319M

MemTotal:        4016008 kB
MemFree:         3230076 kB
Active:           428560 kB
Mem:          3.8G       767M       3.1G       5.7M        58M       319M

MemTotal:        4016008 kB
MemFree:         3230076 kB
Active:           428516 kB
Mem:          3.8G       767M       3.1G       5.7M        58M       319M

MemTotal:        4016008 kB
MemFree:         3229704 kB
Active:           428512 kB
Mem:          3.8G       767M       3.1G       5.7M        58M       319M

MemTotal:        4016008 kB
MemFree:         3229704 kB
Active:           428568 kB
Mem:          3.8G       767M       3.1G       5.7M        58M       319M

MemTotal:        4016008 kB
MemFree:         3230076 kB
Active:           428556 kB
Mem:          3.8G       767M       3.1G       5.7M        58M       319M

MemTotal:        4016008 kB
MemFree:         3229952 kB
Active:           428532 kB
Mem:          3.8G       767M       3.1G       5.7M        58M       319M

MemTotal:        4016008 kB
MemFree:         3229580 kB
Active:           428576 kB
Mem:          3.8G       767M       3.1G       5.7M        58M       319M

MemTotal:        4016008 kB
MemFree:         3229936 kB
Active:           428564 kB
Mem:          3.8G       767M       3.1G       5.7M        58M       319M

MemTotal:        4016008 kB
MemFree:         3230060 kB
Active:           428560 kB
Mem:          3.8G       767M       3.1G       5.7M        58M       319M

MemTotal:        4016008 kB
MemFree:         3230540 kB
Active:           428552 kB
Mem:          3.8G       767M       3.1G       5.7M        58M       319M

MemTotal:        4016008 kB
MemFree:         3230292 kB
Active:           428576 kB
Mem:          3.8G       767M       3.1G       5.7M        58M       319M

MemTotal:        4016008 kB
MemFree:         3230540 kB
Active:           428524 kB
Mem:          3.8G       767M       3.1G       5.7M        58M       319M

MemTotal:        4016008 kB
MemFree:         3230540 kB
Active:           428576 kB
Mem:          3.8G       767M       3.1G       5.7M        58M       319M

MemTotal:        4016008 kB
MemFree:         3230044 kB
Active:           428552 kB
Mem:          3.8G       767M       3.1G       5.7M        58M       319M

MemTotal:        4016008 kB
MemFree:         3230044 kB
Active:           428560 kB
Mem:          3.8G       767M       3.1G       5.7M        58M       319M

MemTotal:        4016008 kB
MemFree:         3229796 kB
Active:           428588 kB
Mem:          3.8G       767M       3.1G       5.7M        58M       319M

MemTotal:        4016008 kB
MemFree:         3230044 kB
Active:           428544 kB
Mem:          3.8G       767M       3.1G       5.7M        58M       319M

MemTotal:        4016008 kB
MemFree:         3230168 kB
Active:           428548 kB
Mem:          3.8G       767M       3.1G       5.7M        58M       319M

MemTotal:        4016008 kB
MemFree:         3230028 kB
Active:           428588 kB
Mem:          3.8G       767M       3.1G       5.7M        58M       319M

MemTotal:        4016008 kB
MemFree:         3227188 kB
Active:           426592 kB
Mem:          3.8G       769M       3.1G       5.7M        58M       319M

MemTotal:        4016008 kB
MemFree:         3227792 kB
Active:           430648 kB
Mem:          3.8G       769M       3.1G       5.7M        58M       319M

MemTotal:        4016008 kB
MemFree:         3227280 kB
Active:           430668 kB
Mem:          3.8G       770M       3.1G       5.7M        58M       319M

MemTotal:        4016008 kB
MemFree:         3227528 kB
Active:           430668 kB
Mem:          3.8G       769M       3.1G       5.7M        58M       319M

MemTotal:        4016008 kB
MemFree:         3227512 kB
Active:           430676 kB
Mem:          3.8G       770M       3.1G       5.7M        58M       319M

MemTotal:        4016008 kB
MemFree:         3227372 kB
Active:           430664 kB
Mem:          3.8G       770M       3.1G       5.7M        58M       319M

MemTotal:        4016008 kB
MemFree:         3227480 kB
Active:           430696 kB
Mem:          3.8G       769M       3.1G       5.7M        58M       319M

MemTotal:        4016008 kB
MemFree:         3228208 kB
Active:           430652 kB
Mem:          3.8G       769M       3.1G       5.7M        58M       319M

MemTotal:        4016008 kB
MemFree:         3228348 kB
Active:           430644 kB
Mem:          3.8G       769M       3.1G       5.7M        58M       319M

MemTotal:        4016008 kB
MemFree:         3227852 kB
Active:           430704 kB
Mem:          3.8G       769M       3.1G       5.7M        58M       319M

MemTotal:        4016008 kB
MemFree:         3226980 kB
Active:           428656 kB
Mem:          3.8G       770M       3.1G       5.7M        58M       319M

MemTotal:        4016008 kB
MemFree:         3227724 kB
Active:           430660 kB
Mem:          3.8G       769M       3.1G       5.7M        58M       319M

MemTotal:        4016008 kB
MemFree:         3228220 kB
Active:           430692 kB
Mem:          3.8G       769M       3.1G       5.7M        58M       319M

MemTotal:        4016008 kB
MemFree:         3227972 kB
Active:           430684 kB
Mem:          3.8G       769M       3.1G       5.7M        58M       319M

MemTotal:        4016008 kB
MemFree:         3227724 kB
Active:           430724 kB
Mem:          3.8G       769M       3.1G       5.7M        58M       319M

MemTotal:        4016008 kB
MemFree:         3227972 kB
Active:           430704 kB
Mem:          3.8G       769M       3.1G       5.7M        58M       319M

MemTotal:        4016008 kB
MemFree:         3228020 kB
Active:           430676 kB
Mem:          3.8G       769M       3.1G       5.7M        58M       319M

MemTotal:        4016008 kB
MemFree:         3228144 kB
Active:           430724 kB
Mem:          3.8G       769M       3.1G       5.7M        58M       319M

MemTotal:        4016008 kB
MemFree:         3228020 kB
Active:           430684 kB
Mem:          3.8G       769M       3.1G       5.7M        58M       319M

MemTotal:        4016008 kB
MemFree:         3228020 kB
Active:           430708 kB
Mem:          3.8G       769M       3.1G       5.7M        58M       319M

MemTotal:        4016008 kB
MemFree:         3227384 kB
Active:           428676 kB
Mem:          3.8G       769M       3.1G       5.7M        58M       319M

MemTotal:        4016008 kB
MemFree:         3227508 kB
Active:           430684 kB
Mem:          3.8G       770M       3.1G       5.7M        58M       319M

MemTotal:        4016008 kB
MemFree:         3227508 kB
Active:           430680 kB
Mem:          3.8G       769M       3.1G       5.7M        58M       319M

MemTotal:        4016008 kB
MemFree:         3227880 kB
Active:           430720 kB
Mem:          3.8G       769M       3.1G       5.7M        58M       319M

MemTotal:        4016008 kB
MemFree:         3227632 kB
Active:           430684 kB
Mem:          3.8G       769M       3.1G       5.7M        58M       319M

MemTotal:        4016008 kB
MemFree:         3227756 kB
Active:           430712 kB
Mem:          3.8G       769M       3.1G       5.7M        58M       319M

MemTotal:        4016008 kB
MemFree:         3227880 kB
Active:           430716 kB
Mem:          3.8G       769M       3.1G       5.7M        58M       319M

MemTotal:        4016008 kB
MemFree:         3227756 kB
Active:           430688 kB
Mem:          3.8G       769M       3.1G       5.7M        58M       319M

MemTotal:        4016008 kB
MemFree:         3227820 kB
Active:           430728 kB
Mem:          3.8G       769M       3.1G       5.7M        58M       319M

MemTotal:        4016008 kB
MemFree:         3227384 kB
Active:           428760 kB
Mem:          3.8G       770M       3.1G       5.7M        58M       319M

MemTotal:        4016008 kB
MemFree:         3227436 kB
Active:           430704 kB
Mem:          3.8G       770M       3.1G       5.7M        58M       319M

MemTotal:        4016008 kB
MemFree:         3227436 kB
Active:           430704 kB
Mem:          3.8G       770M       3.1G       5.7M        58M       319M

MemTotal:        4016008 kB
MemFree:         3227436 kB
Active:           430704 kB
Mem:          3.8G       769M       3.1G       5.7M        58M       319M

MemTotal:        4016008 kB
MemFree:         3227436 kB
Active:           430752 kB
Mem:          3.8G       769M       3.1G       5.7M        58M       319M

MemTotal:        4016008 kB
MemFree:         3227420 kB
Active:           430724 kB
Mem:          3.8G       770M       3.1G       5.7M        58M       319M

MemTotal:        4016008 kB
MemFree:         3227916 kB
Active:           430752 kB
Mem:          3.8G       769M       3.1G       5.7M        58M       319M

MemTotal:        4016008 kB
MemFree:         3227808 kB
Active:           430700 kB
Mem:          3.8G       769M       3.1G       5.7M        58M       319M

MemTotal:        4016008 kB
MemFree:         3227684 kB
Active:           430720 kB
Mem:          3.8G       769M       3.1G       5.7M        58M       319M

MemTotal:        4016008 kB
MemFree:         3227808 kB
Active:           430712 kB
Mem:          3.8G       769M       3.1G       5.7M        58M       319M

MemTotal:        4016008 kB
MemFree:         3227920 kB
Active:           430708 kB
Mem:          3.8G       769M       3.1G       5.7M        58M       319M

MemTotal:        4016008 kB
MemFree:         3227548 kB
Active:           430768 kB
Mem:          3.8G       770M       3.1G       5.7M        58M       319M

MemTotal:        4016008 kB
MemFree:         3227548 kB
Active:           430748 kB
Mem:          3.8G       769M       3.1G       5.7M        58M       319M

MemTotal:        4016008 kB
MemFree:         3227796 kB
Active:           430716 kB
Mem:          3.8G       769M       3.1G       5.7M        58M       319M

MemTotal:        4016008 kB
MemFree:         3227672 kB
Active:           430772 kB
Mem:          3.8G       769M       3.1G       5.7M        58M       319M

MemTotal:        4016008 kB
MemFree:         3227548 kB
Active:           430772 kB
Mem:          3.8G       769M       3.1G       5.7M        58M       319M

MemTotal:        4016008 kB
MemFree:         3227796 kB
Active:           430756 kB
Mem:          3.8G       769M       3.1G       5.7M        58M       319M

MemTotal:        4016008 kB
MemFree:         3227672 kB
Active:           430724 kB
Mem:          3.8G       769M       3.1G       5.7M        58M       319M

MemTotal:        4016008 kB
MemFree:         3227672 kB
Active:           430772 kB
Mem:          3.8G       769M       3.1G       5.7M        58M       319M

MemTotal:        4016008 kB
MemFree:         3227656 kB
Active:           430780 kB
Mem:          3.8G       769M       3.1G       5.7M        58M       319M

MemTotal:        4016008 kB
MemFree:         3227904 kB
Active:           430776 kB
Mem:          3.8G       769M       3.1G       5.7M        58M       319M

MemTotal:        4016008 kB
MemFree:         3227904 kB
Active:           430768 kB
Mem:          3.8G       769M       3.1G       5.7M        58M       319M

MemTotal:        4016008 kB
MemFree:         3227904 kB
Active:           430760 kB
Mem:          3.8G       769M       3.1G       5.7M        58M       319M

MemTotal:        4016008 kB
MemFree:         3227904 kB
Active:           430760 kB
Mem:          3.8G       769M       3.1G       5.7M        58M       319M

MemTotal:        4016008 kB
MemFree:         3227780 kB
Active:           430740 kB
Mem:          3.8G       769M       3.1G       5.7M        58M       319M

MemTotal:        4016008 kB
MemFree:         3227904 kB
Active:           430744 kB
Mem:          3.8G       769M       3.1G       5.7M        58M       319M

MemTotal:        4016008 kB
MemFree:         3227904 kB
Active:           430756 kB
Mem:          3.8G       769M       3.1G       5.7M        58M       319M

MemTotal:        4016008 kB
MemFree:         3227904 kB
Active:           430748 kB
Mem:          3.8G       769M       3.1G       5.7M        58M       319M

MemTotal:        4016008 kB
MemFree:         3227860 kB
Active:           430752 kB
Mem:          3.8G       769M       3.1G       5.7M        58M       319M

MemTotal:        4016008 kB
MemFree:         3228108 kB
Active:           430804 kB
Mem:          3.8G       769M       3.1G       5.7M        58M       319M

MemTotal:        4016008 kB
MemFree:         3227984 kB
Active:           430788 kB
Mem:          3.8G       769M       3.1G       5.7M        58M       319M

MemTotal:        4016008 kB
MemFree:         3228124 kB
Active:           430800 kB
Mem:          3.8G       769M       3.1G       5.7M        58M       319M

MemTotal:        4016008 kB
MemFree:         3228188 kB
Active:           430752 kB
Mem:          3.8G       769M       3.1G       5.7M        58M       319M

MemTotal:        4016008 kB
MemFree:         3228064 kB
Active:           430796 kB
Mem:          3.8G       769M       3.1G       5.7M        58M       319M

MemTotal:        4016008 kB
MemFree:         3227940 kB
Active:           430800 kB
Mem:          3.8G       769M       3.1G       5.7M        58M       319M

MemTotal:        4016008 kB
MemFree:         3228032 kB
Active:           430804 kB
Mem:          3.8G       769M       3.1G       5.7M        58M       319M

MemTotal:        4016008 kB
MemFree:         3228080 kB
Active:           430792 kB
Mem:          3.8G       769M       3.1G       5.7M        58M       319M

MemTotal:        4016008 kB
MemFree:         3227924 kB
Active:           430792 kB
Mem:          3.8G       769M       3.1G       5.7M        58M       319M

MemTotal:        4016008 kB
MemFree:         3227956 kB
Active:           430764 kB
Mem:          3.8G       769M       3.1G       5.7M        58M       319M

MemTotal:        4016008 kB
MemFree:         3227832 kB
Active:           430768 kB
Mem:          3.8G       769M       3.1G       5.7M        58M       319M

MemTotal:        4016008 kB
MemFree:         3227708 kB
Active:           430776 kB
Mem:          3.8G       769M       3.1G       5.7M        58M       319M

MemTotal:        4016008 kB
MemFree:         3228220 kB
Active:           430792 kB
Mem:          3.8G       769M       3.1G       5.7M        58M       319M

MemTotal:        4016008 kB
MemFree:         3228236 kB
Active:           430616 kB
Mem:          3.8G       769M       3.1G       5.7M        58M       319M

MemTotal:        4016008 kB
MemFree:         3228376 kB
Active:           430620 kB
Mem:          3.8G       769M       3.1G       5.7M        58M       319M

MemTotal:        4016008 kB
MemFree:         3228376 kB
Active:           430612 kB
Mem:          3.8G       769M       3.1G       5.7M        58M       319M

MemTotal:        4016008 kB
MemFree:         3228748 kB
Active:           430628 kB
Mem:          3.8G       769M       3.1G       5.7M        58M       319M

MemTotal:        4016008 kB
MemFree:         3228376 kB
Active:           430660 kB
Mem:          3.8G       769M       3.1G       5.7M        58M       319M

MemTotal:        4016008 kB
MemFree:         3228624 kB
Active:           430616 kB
Mem:          3.8G       768M       3.1G       5.7M        58M       319M

MemTotal:        4016008 kB
MemFree:         3229120 kB
Active:           430664 kB
Mem:          3.8G       768M       3.1G       5.7M        58M       319M

MemTotal:        4016008 kB
MemFree:         3228608 kB
Active:           430648 kB
Mem:          3.8G       768M       3.1G       5.7M        58M       319M

MemTotal:        4016008 kB
MemFree:         3228980 kB
Active:           430640 kB
Mem:          3.8G       768M       3.1G       5.7M        58M       319M

MemTotal:        4016008 kB
MemFree:         3229104 kB
Active:           430644 kB
Mem:          3.8G       768M       3.1G       5.7M        58M       319M

MemTotal:        4016008 kB
MemFree:         3228856 kB
Active:           430660 kB
Mem:          3.8G       768M       3.1G       5.7M        58M       319M

MemTotal:        4016008 kB
MemFree:         3228360 kB
Active:           430676 kB
Mem:          3.8G       768M       3.1G       5.7M        58M       319M

MemTotal:        4016008 kB
MemFree:         3228732 kB
Active:           430620 kB
Mem:          3.8G       768M       3.1G       5.7M        58M       319M

MemTotal:        4016008 kB
MemFree:         3228732 kB
Active:           430636 kB
Mem:          3.8G       768M       3.1G       5.7M        58M       319M

MemTotal:        4016008 kB
MemFree:         3228732 kB
Active:           430636 kB
Mem:          3.8G       768M       3.1G       5.7M        58M       319M

MemTotal:        4016008 kB
MemFree:         3228732 kB
Active:           430628 kB
Mem:          3.8G       768M       3.1G       5.7M        58M       319M

MemTotal:        4016008 kB
MemFree:         3228484 kB
Active:           430680 kB
Mem:          3.8G       769M       3.1G       5.7M        58M       319M

MemTotal:        4016008 kB
MemFree:         3228608 kB
Active:           430664 kB
Mem:          3.8G       768M       3.1G       5.7M        58M       319M

MemTotal:        4016008 kB
MemFree:         3229352 kB
Active:           430732 kB
Mem:          3.8G       768M       3.1G       5.7M        58M       319M

MemTotal:        4016008 kB
MemFree:         3228608 kB
Active:           430752 kB
Mem:          3.8G       768M       3.1G       5.7M        58M       319M

MemTotal:        4016008 kB
MemFree:         3228732 kB
Active:           430704 kB
Mem:          3.8G       769M       3.1G       5.7M        58M       319M

MemTotal:        4016008 kB
MemFree:         3228732 kB
Active:           430756 kB
Mem:          3.8G       768M       3.1G       5.7M        58M       319M

MemTotal:        4016008 kB
MemFree:         3228608 kB
Active:           430712 kB
Mem:          3.8G       768M       3.1G       5.7M        58M       319M

MemTotal:        4016008 kB
MemFree:         3228856 kB
Active:           430716 kB
Mem:          3.8G       768M       3.1G       5.7M        58M       319M

MemTotal:        4016008 kB
MemFree:         3228856 kB
Active:           430720 kB
Mem:          3.8G       768M       3.1G       5.7M        58M       319M

MemTotal:        4016008 kB
MemFree:         3228484 kB
Active:           430764 kB
Mem:          3.8G       768M       3.1G       5.7M        58M       319M

MemTotal:        4016008 kB
MemFree:         3228856 kB
Active:           430732 kB
Mem:          3.8G       768M       3.1G       5.7M        58M       319M

MemTotal:        4016008 kB
MemFree:         3226684 kB
Active:           430720 kB
Mem:          3.8G       771M       3.1G       5.7M        58M       319M

MemTotal:        4016008 kB
MemFree:         3226684 kB
Active:           432792 kB
Mem:          3.8G       770M       3.1G       5.7M        58M       319M

MemTotal:        4016008 kB
MemFree:         3226188 kB
Active:           432744 kB
Mem:          3.8G       771M       3.1G       5.7M        58M       319M

MemTotal:        4016008 kB
MemFree:         3226436 kB
Active:           432760 kB
Mem:          3.8G       771M       3.1G       5.7M        58M       319M

MemTotal:        4016008 kB
MemFree:         3226808 kB
Active:           432764 kB
Mem:          3.8G       770M       3.1G       5.7M        58M       319M

MemTotal:        4016008 kB
MemFree:         3226808 kB
Active:           432800 kB
Mem:          3.8G       770M       3.1G       5.7M        58M       319M

MemTotal:        4016008 kB
MemFree:         3226064 kB
Active:           432812 kB
Mem:          3.8G       771M       3.1G       5.7M        58M       319M

MemTotal:        4016008 kB
MemFree:         3226312 kB
Active:           432764 kB
Mem:          3.8G       771M       3.1G       5.7M        58M       319M

MemTotal:        4016008 kB
MemFree:         3226312 kB
Active:           432788 kB
Mem:          3.8G       771M       3.1G       5.7M        58M       319M

MemTotal:        4016008 kB
MemFree:         3226436 kB
Active:           432784 kB
Mem:          3.8G       771M       3.1G       5.7M        58M       319M

MemTotal:        4016008 kB
MemFree:         3225484 kB
Active:           430812 kB
Mem:          3.8G       771M       3.1G       5.7M        58M       319M

MemTotal:        4016008 kB
MemFree:         3226060 kB
Active:           432812 kB
Mem:          3.8G       771M       3.1G       5.7M        58M       319M

MemTotal:        4016008 kB
MemFree:         3226184 kB
Active:           432828 kB
Mem:          3.8G       771M       3.1G       5.7M        58M       319M

MemTotal:        4016008 kB
MemFree:         3226556 kB
Active:           432800 kB
Mem:          3.8G       770M       3.1G       5.7M        58M       319M

MemTotal:        4016008 kB
MemFree:         3226928 kB
Active:           432808 kB
Mem:          3.8G       770M       3.1G       5.7M        58M       319M

MemTotal:        4016008 kB
MemFree:         3226804 kB
Active:           432808 kB
Mem:          3.8G       770M       3.1G       5.7M        58M       319M

MemTotal:        4016008 kB
MemFree:         3226804 kB
Active:           432828 kB
Mem:          3.8G       770M       3.1G       5.7M        58M       319M

MemTotal:        4016008 kB
MemFree:         3226432 kB
Active:           432844 kB
Mem:          3.8G       770M       3.1G       5.7M        58M       319M

MemTotal:        4016008 kB
MemFree:         3226184 kB
Active:           432844 kB
Mem:          3.8G       771M       3.1G       5.7M        58M       319M

MemTotal:        4016008 kB
MemFree:         3226060 kB
Active:           432804 kB
Mem:          3.8G       771M       3.1G       5.7M        58M       319M

MemTotal:        4016008 kB
MemFree:         3226060 kB
Active:           432804 kB
Mem:          3.8G       771M       3.1G       5.7M        58M       319M

MemTotal:        4016008 kB
MemFree:         3226184 kB
Active:           432852 kB
Mem:          3.8G       771M       3.1G       5.7M        58M       319M

MemTotal:        4016008 kB
MemFree:         3226060 kB
Active:           432860 kB
Mem:          3.8G       771M       3.1G       5.7M        58M       319M

MemTotal:        4016008 kB
MemFree:         3226432 kB
Active:           432840 kB
Mem:          3.8G       771M       3.1G       5.7M        58M       319M

MemTotal:        4016008 kB
MemFree:         3226060 kB
Active:           432860 kB
Mem:          3.8G       771M       3.1G       5.7M        58M       319M

MemTotal:        4016008 kB
MemFree:         3226556 kB
Active:           432812 kB
Mem:          3.8G       771M       3.1G       5.7M        58M       319M

MemTotal:        4016008 kB
MemFree:         3226556 kB
Active:           432812 kB
Mem:          3.8G       770M       3.1G       5.7M        58M       319M

MemTotal:        4016008 kB
MemFree:         3226556 kB
Active:           432808 kB
Mem:          3.8G       771M       3.1G       5.7M        58M       319M

MemTotal:        4016008 kB
MemFree:         3226680 kB
Active:           432848 kB
Mem:          3.8G       771M       3.1G       5.7M        58M       319M

MemTotal:        4016008 kB
MemFree:         3226432 kB
Active:           432824 kB
Mem:          3.8G       771M       3.1G       5.7M        58M       319M

MemTotal:        4016008 kB
MemFree:         3226928 kB
Active:           432844 kB
Mem:          3.8G       770M       3.1G       5.7M        58M       319M

MemTotal:        4016008 kB
MemFree:         3226804 kB
Active:           432856 kB
Mem:          3.8G       770M       3.1G       5.7M        58M       319M

MemTotal:        4016008 kB
MemFree:         3226928 kB
Active:           432836 kB
Mem:          3.8G       770M       3.1G       5.7M        58M       319M

MemTotal:        4016008 kB
MemFree:         3227052 kB
Active:           432840 kB
Mem:          3.8G       770M       3.1G       5.7M        58M       319M

MemTotal:        4016008 kB
MemFree:         3226804 kB
Active:           432856 kB
Mem:          3.8G       770M       3.1G       5.7M        58M       319M

MemTotal:        4016008 kB
MemFree:         3226432 kB
Active:           432832 kB
Mem:          3.8G       770M       3.1G       5.7M        58M       319M

MemTotal:        4016008 kB
MemFree:         3226928 kB
Active:           432840 kB
Mem:          3.8G       770M       3.1G       5.7M        58M       319M

MemTotal:        4016008 kB
MemFree:         3226928 kB
Active:           432860 kB
Mem:          3.8G       770M       3.1G       5.7M        58M       319M

MemTotal:        4016008 kB
MemFree:         3226928 kB
Active:           432884 kB
Mem:          3.8G       770M       3.1G       5.7M        58M       319M

MemTotal:        4016008 kB
MemFree:         3226804 kB
Active:           432848 kB
Mem:          3.8G       770M       3.1G       5.7M        58M       319M

MemTotal:        4016008 kB
MemFree:         3225924 kB
Active:           430868 kB
Mem:          3.8G       771M       3.1G       5.7M        58M       319M

MemTotal:        4016008 kB
MemFree:         3226172 kB
Active:           430868 kB
Mem:          3.8G       771M       3.1G       5.7M        58M       319M

MemTotal:        4016008 kB
MemFree:         3225800 kB
Active:           432948 kB
Mem:          3.8G       771M       3.1G       5.7M        58M       319M

MemTotal:        4016008 kB
MemFree:         3226172 kB
Active:           432920 kB
Mem:          3.8G       771M       3.1G       5.7M        58M       319M

MemTotal:        4016008 kB
MemFree:         3226172 kB
Active:           432948 kB
Mem:          3.8G       771M       3.1G       5.7M        58M       319M

MemTotal:        4016008 kB
MemFree:         3225800 kB
Active:           432956 kB
Mem:          3.8G       771M       3.1G       5.7M        58M       319M

MemTotal:        4016008 kB
MemFree:         3226296 kB
Active:           432932 kB
Mem:          3.8G       771M       3.1G       5.7M        58M       319M

MemTotal:        4016008 kB
MemFree:         3226792 kB
Active:           432924 kB
Mem:          3.8G       770M       3.1G       5.7M        58M       319M

MemTotal:        4016008 kB
MemFree:         3226916 kB
Active:           432904 kB
Mem:          3.8G       770M       3.1G       5.7M        58M       319M

MemTotal:        4016008 kB
MemFree:         3226544 kB
Active:           432912 kB
Mem:          3.8G       770M       3.1G       5.7M        58M       319M

MemTotal:        4016008 kB
MemFree:         3223996 kB
Active:           430852 kB
Mem:          3.8G       773M       3.1G       5.7M        58M       319M

MemTotal:        4016008 kB
MemFree:         3224244 kB
Active:           434932 kB
Mem:          3.8G       773M       3.1G       5.7M        58M       319M

MemTotal:        4016008 kB
MemFree:         3223996 kB
Active:           434996 kB
Mem:          3.8G       773M       3.1G       5.7M        58M       319M

MemTotal:        4016008 kB
MemFree:         3223624 kB
Active:           435000 kB
Mem:          3.8G       773M       3.1G       5.7M        58M       319M

MemTotal:        4016008 kB
MemFree:         3224120 kB
Active:           434980 kB
Mem:          3.8G       773M       3.1G       5.7M        58M       319M

MemTotal:        4016008 kB
MemFree:         3224244 kB
Active:           435000 kB
Mem:          3.8G       773M       3.1G       5.7M        58M       319M

MemTotal:        4016008 kB
MemFree:         3224244 kB
Active:           434952 kB
Mem:          3.8G       773M       3.1G       5.7M        58M       319M

MemTotal:        4016008 kB
MemFree:         3223856 kB
Active:           435012 kB
Mem:          3.8G       773M       3.1G       5.7M        58M       319M

MemTotal:        4016008 kB
MemFree:         3224104 kB
Active:           434972 kB
Mem:          3.8G       773M       3.1G       5.7M        58M       319M

MemTotal:        4016008 kB
MemFree:         3223732 kB
Active:           435024 kB
Mem:          3.8G       773M       3.1G       5.7M        58M       319M

MemTotal:        4016008 kB
MemFree:         3224228 kB
Active:           435004 kB
Mem:          3.8G       773M       3.1G       5.7M        58M       319M

MemTotal:        4016008 kB
MemFree:         3224476 kB
Active:           435004 kB
Mem:          3.8G       773M       3.1G       5.7M        58M       319M

MemTotal:        4016008 kB
MemFree:         3224476 kB
Active:           434968 kB
Mem:          3.8G       773M       3.1G       5.7M        58M       319M

MemTotal:        4016008 kB
MemFree:         3223732 kB
Active:           435028 kB
Mem:          3.8G       773M       3.1G       5.7M        58M       319M

MemTotal:        4016008 kB
MemFree:         3223980 kB
Active:           435004 kB
Mem:          3.8G       773M       3.1G       5.7M        58M       319M

MemTotal:        4016008 kB
MemFree:         3223980 kB
Active:           435024 kB
Mem:          3.8G       773M       3.1G       5.7M        58M       319M

MemTotal:        4016008 kB
MemFree:         3223732 kB
Active:           434980 kB
Mem:          3.8G       773M       3.1G       5.7M        58M       319M

MemTotal:        4016008 kB
MemFree:         3223608 kB
Active:           434992 kB
Mem:          3.8G       773M       3.1G       5.7M        58M       319M

MemTotal:        4016008 kB
MemFree:         3223484 kB
Active:           434984 kB
Mem:          3.8G       773M       3.1G       5.7M        58M       319M

MemTotal:        4016008 kB
MemFree:         3223980 kB
Active:           435020 kB
Mem:          3.8G       773M       3.1G       5.7M        58M       319M

MemTotal:        4016008 kB
MemFree:         3224352 kB
Active:           435016 kB
Mem:          3.8G       773M       3.1G       5.7M        58M       319M

MemTotal:        4016008 kB
MemFree:         3224104 kB
Active:           435012 kB
Mem:          3.8G       773M       3.1G       5.7M        58M       319M

MemTotal:        4016008 kB
MemFree:         3223732 kB
Active:           435040 kB
Mem:          3.8G       773M       3.1G       5.7M        58M       319M

MemTotal:        4016008 kB
MemFree:         3223856 kB
Active:           434988 kB
Mem:          3.8G       773M       3.1G       5.7M        58M       319M

MemTotal:        4016008 kB
MemFree:         3223732 kB
Active:           435000 kB
Mem:          3.8G       773M       3.1G       5.7M        58M       319M

MemTotal:        4016008 kB
MemFree:         3223872 kB
Active:           435012 kB
Mem:          3.8G       773M       3.1G       5.7M        58M       319M

MemTotal:        4016008 kB
MemFree:         3223748 kB
Active:           435020 kB
Mem:          3.8G       773M       3.1G       5.7M        58M       319M

MemTotal:        4016008 kB
MemFree:         3223500 kB
Active:           435056 kB
Mem:          3.8G       773M       3.1G       5.7M        58M       319M

MemTotal:        4016008 kB
MemFree:         3223996 kB
Active:           435044 kB
Mem:          3.8G       773M       3.1G       5.7M        58M       319M

MemTotal:        4016008 kB
MemFree:         3223872 kB
Active:           435048 kB
Mem:          3.8G       773M       3.1G       5.7M        58M       319M

MemTotal:        4016008 kB
MemFree:         3224244 kB
Active:           435012 kB
Mem:          3.8G       773M       3.1G       5.7M        58M       319M

MemTotal:        4016008 kB
MemFree:         3223996 kB
Active:           435004 kB
Mem:          3.8G       773M       3.1G       5.7M        58M       319M

MemTotal:        4016008 kB
MemFree:         3224368 kB
Active:           435004 kB
Mem:          3.8G       773M       3.1G       5.7M        58M       319M

MemTotal:        4016008 kB
MemFree:         3224492 kB
Active:           435052 kB
Mem:          3.8G       772M       3.1G       5.7M        58M       319M

MemTotal:        4016008 kB
MemFree:         3224492 kB
Active:           435040 kB
Mem:          3.8G       773M       3.1G       5.7M        58M       319M

MemTotal:        4016008 kB
MemFree:         3224368 kB
Active:           435020 kB
Mem:          3.8G       773M       3.1G       5.7M        58M       319M

MemTotal:        4016008 kB
MemFree:         3223872 kB
Active:           435060 kB
Mem:          3.8G       773M       3.1G       5.7M        58M       319M

MemTotal:        4016008 kB
MemFree:         3224120 kB
Active:           435048 kB
Mem:          3.8G       773M       3.1G       5.7M        58M       319M

MemTotal:        4016008 kB
MemFree:         3224120 kB
Active:           435020 kB
Mem:          3.8G       773M       3.1G       5.7M        58M       319M

MemTotal:        4016008 kB
MemFree:         3222072 kB
Active:           435068 kB
Mem:          3.8G       775M       3.1G       5.7M        58M       319M

MemTotal:        4016008 kB
MemFree:         3222196 kB
Active:           437056 kB
Mem:          3.8G       775M       3.1G       5.7M        58M       319M

MemTotal:        4016008 kB
MemFree:         3222320 kB
Active:           437036 kB
Mem:          3.8G       775M       3.1G       5.7M        58M       319M

MemTotal:        4016008 kB
MemFree:         3222320 kB
Active:           437060 kB
Mem:          3.8G       775M       3.1G       5.7M        58M       319M

MemTotal:        4016008 kB
MemFree:         3222196 kB
Active:           437056 kB
Mem:          3.8G       775M       3.1G       5.7M        58M       319M

MemTotal:        4016008 kB
MemFree:         3221576 kB
Active:           437100 kB
Mem:          3.8G       775M       3.1G       5.7M        58M       319M

MemTotal:        4016008 kB
MemFree:         3222072 kB
Active:           437044 kB
Mem:          3.8G       775M       3.1G       5.7M        58M       319M

MemTotal:        4016008 kB
MemFree:         3221948 kB
Active:           437100 kB
Mem:          3.8G       775M       3.1G       5.7M        58M       319M

MemTotal:        4016008 kB
MemFree:         3221948 kB
Active:           437092 kB
Mem:          3.8G       775M       3.1G       5.7M        58M       319M

MemTotal:        4016008 kB
MemFree:         3221948 kB
Active:           437088 kB
Mem:          3.8G       775M       3.1G       5.7M        58M       319M

MemTotal:        4016008 kB
MemFree:         3177056 kB
Active:           437328 kB
Mem:          3.8G       819M       3.0G       5.7M        58M       362M

MemTotal:        4016008 kB
MemFree:         3132196 kB
Active:           437300 kB
Mem:          3.8G       863M       3.0G       5.7M        58M       406M

MemTotal:        4016008 kB
MemFree:         3087128 kB
Active:           437324 kB
Mem:          3.8G       907M       2.9G       5.7M        58M       450M

MemTotal:        4016008 kB
MemFree:         3040468 kB
Active:           437320 kB
Mem:          3.8G       952M       2.9G       5.7M        58M       494M

MemTotal:        4016008 kB
MemFree:         2994744 kB
Active:           437364 kB
Mem:          3.8G       997M       2.9G       5.7M        58M       538M

MemTotal:        4016008 kB
MemFree:         2948768 kB
Active:           437368 kB
Mem:          3.8G       1.0G       2.8G       5.7M        58M       582M

MemTotal:        4016008 kB
MemFree:         2902280 kB
Active:           437316 kB
Mem:          3.8G       1.1G       2.8G       5.7M        58M       626M

MemTotal:        4016008 kB
MemFree:         2870968 kB
Active:           437372 kB
Mem:          3.8G       1.1G       2.7G       5.7M        58M       657M

MemTotal:        4016008 kB
MemFree:         2868208 kB
Active:           437360 kB
Mem:          3.8G       1.1G       2.7G       5.7M        58M       660M

MemTotal:        4016008 kB
MemFree:         2867092 kB
Active:           437428 kB
Mem:          3.8G       1.1G       2.7G       5.7M        58M       660M

MemTotal:        4016008 kB
MemFree:         2824216 kB
Active:           437432 kB
Mem:          3.8G       1.1G       2.7G       5.7M        58M       702M

MemTotal:        4016008 kB
MemFree:         2778628 kB
Active:           437420 kB
Mem:          3.8G       1.2G       2.6G       5.7M        58M       746M

MemTotal:        4016008 kB
MemFree:         2733024 kB
Active:           437412 kB
Mem:          3.8G       1.2G       2.6G       5.7M        58M       790M

MemTotal:        4016008 kB
MemFree:         2687172 kB
Active:           437440 kB
Mem:          3.8G       1.3G       2.6G       5.7M        58M       834M

MemTotal:        4016008 kB
MemFree:         2641676 kB
Active:           437444 kB
Mem:          3.8G       1.3G       2.5G       5.7M        58M       878M

MemTotal:        4016008 kB
MemFree:         2595436 kB
Active:           437452 kB
Mem:          3.8G       1.4G       2.5G       5.7M        58M       922M

MemTotal:        4016008 kB
MemFree:         2549940 kB
Active:           437412 kB
Mem:          3.8G       1.4G       2.4G       5.7M        58M       966M

MemTotal:        4016008 kB
MemFree:         2504844 kB
Active:           437464 kB
Mem:          3.8G       1.4G       2.4G       5.7M        58M       1.0G

MemTotal:        4016008 kB
MemFree:         2458544 kB
Active:           437452 kB
Mem:          3.8G       1.5G       2.3G       5.7M        58M       1.0G

MemTotal:        4016008 kB
MemFree:         2415452 kB
Active:           437420 kB
Mem:          3.8G       1.5G       2.3G       5.7M        58M       1.1G

MemTotal:        4016008 kB
MemFree:         2399392 kB
Active:           437464 kB
Mem:          3.8G       1.5G       2.3G       5.7M        58M       1.1G

MemTotal:        4016008 kB
MemFree:         2352892 kB
Active:           437448 kB
Mem:          3.8G       1.6G       2.2G       5.7M        58M       1.1G

MemTotal:        4016008 kB
MemFree:         2315712 kB
Active:           437480 kB
Mem:          3.8G       1.6G       2.2G       5.7M        58M       1.2G

MemTotal:        4016008 kB
MemFree:         2314568 kB
Active:           437480 kB
Mem:          3.8G       1.6G       2.2G       5.7M        58M       1.2G

MemTotal:        4016008 kB
MemFree:         2314104 kB
Active:           437476 kB
Mem:          3.8G       1.6G       2.2G       5.7M        58M       1.2G

MemTotal:        4016008 kB
MemFree:         2273416 kB
Active:           437524 kB
Mem:          3.8G       1.7G       2.2G       5.7M        58M       1.2G

MemTotal:        4016008 kB
MemFree:         2229204 kB
Active:           437520 kB
Mem:          3.8G       1.7G       2.1G       5.7M        58M       1.2G

MemTotal:        4016008 kB
MemFree:         2183104 kB
Active:           437512 kB
Mem:          3.8G       1.7G       2.1G       5.7M        58M       1.3G

MemTotal:        4016008 kB
MemFree:         2137376 kB
Active:           437552 kB
Mem:          3.8G       1.8G       2.0G       5.7M        58M       1.3G

MemTotal:        4016008 kB
MemFree:         2089704 kB
Active:           435500 kB
Mem:          3.8G       1.8G       2.0G       5.7M        58M       1.4G

MemTotal:        4016008 kB
MemFree:         2045220 kB
Active:           435468 kB
Mem:          3.8G       1.9G       1.9G       5.7M        58M       1.4G

MemTotal:        4016008 kB
MemFree:         1998980 kB
Active:           437564 kB
Mem:          3.8G       1.9G       1.9G       5.7M        58M       1.5G

MemTotal:        4016008 kB
MemFree:         1959576 kB
Active:           437532 kB
Mem:          3.8G       2.0G       1.9G       5.7M        58M       1.5G

MemTotal:        4016008 kB
MemFree:         1949012 kB
Active:           437548 kB
Mem:          3.8G       2.0G       1.9G       5.7M        58M       1.5G

MemTotal:        4016008 kB
MemFree:         1903532 kB
Active:           437568 kB
Mem:          3.8G       2.0G       1.8G       5.7M        58M       1.6G

MemTotal:        4016008 kB
MemFree:         1860532 kB
Active:           437568 kB
Mem:          3.8G       2.1G       1.8G       5.7M        58M       1.6G

MemTotal:        4016008 kB
MemFree:         1857844 kB
Active:           437624 kB
Mem:          3.8G       2.1G       1.8G       5.7M        58M       1.6G

MemTotal:        4016008 kB
MemFree:         1856728 kB
Active:           437632 kB
Mem:          3.8G       2.1G       1.8G       5.7M        58M       1.6G

MemTotal:        4016008 kB
MemFree:         1823136 kB
Active:           437640 kB
Mem:          3.8G       2.1G       1.7G       5.7M        58M       1.6G

MemTotal:        4016008 kB
MemFree:         1775740 kB
Active:           437624 kB
Mem:          3.8G       2.1G       1.7G       5.7M        59M       1.7G

MemTotal:        4016008 kB
MemFree:         1731020 kB
Active:           439672 kB
Mem:          3.8G       2.2G       1.7G       5.7M        59M       1.7G

MemTotal:        4016008 kB
MemFree:         1684672 kB
Active:           439692 kB
Mem:          3.8G       2.2G       1.6G       5.7M        59M       1.8G

MemTotal:        4016008 kB
MemFree:         1639316 kB
Active:           439696 kB
Mem:          3.8G       2.3G       1.6G       5.7M        59M       1.8G

MemTotal:        4016008 kB
MemFree:         1593836 kB
Active:           439696 kB
Mem:          3.8G       2.3G       1.5G       5.7M        59M       1.8G

MemTotal:        4016008 kB
MemFree:         1548464 kB
Active:           439696 kB
Mem:          3.8G       2.4G       1.5G       5.7M        59M       1.9G

MemTotal:        4016008 kB
MemFree:         1501496 kB
Active:           439712 kB
Mem:          3.8G       2.4G       1.4G       5.7M        59M       1.9G

MemTotal:        4016008 kB
MemFree:         1456260 kB
Active:           439712 kB
Mem:          3.8G       2.4G       1.4G       5.7M        59M       2.0G

MemTotal:        4016008 kB
MemFree:         1410364 kB
Active:           439700 kB
Mem:          3.8G       2.5G       1.3G       5.7M        59M       2.0G

MemTotal:        4016008 kB
MemFree:         1365236 kB
Active:           439680 kB
Mem:          3.8G       2.5G       1.3G       5.7M        59M       2.1G

MemTotal:        4016008 kB
MemFree:         1321836 kB
Active:           439696 kB
Mem:          3.8G       2.6G       1.3G       5.7M        59M       2.1G

MemTotal:        4016008 kB
MemFree:         1319496 kB
Active:           439736 kB
Mem:          3.8G       2.6G       1.3G       5.7M        59M       2.1G

MemTotal:        4016008 kB
MemFree:         1317384 kB
Active:           439772 kB
Mem:          3.8G       2.6G       1.3G       5.7M        59M       2.1G

MemTotal:        4016008 kB
MemFree:         1313944 kB
Active:           439784 kB
Mem:          3.8G       2.6G       1.3G       5.7M        59M       2.1G

MemTotal:        4016008 kB
MemFree:         1273392 kB
Active:           439832 kB
Mem:          3.8G       2.6G       1.2G       5.7M        59M       2.1G

MemTotal:        4016008 kB
MemFree:         1228504 kB
Active:           439816 kB
Mem:          3.8G       2.7G       1.2G       5.7M        59M       2.2G

MemTotal:        4016008 kB
MemFree:         1184000 kB
Active:           439824 kB
Mem:          3.8G       2.7G       1.1G       5.7M        59M       2.2G

MemTotal:        4016008 kB
MemFree:         1138148 kB
Active:           439840 kB
Mem:          3.8G       2.7G       1.1G       5.7M        59M       2.3G

MemTotal:        4016008 kB
MemFree:         1092032 kB
Active:           439832 kB
Mem:          3.8G       2.8G       1.0G       5.7M        59M       2.3G

MemTotal:        4016008 kB
MemFree:         1045312 kB
Active:           439848 kB
Mem:          3.8G       2.8G       1.0G       5.7M        59M       2.4G

MemTotal:        4016008 kB
MemFree:          999708 kB
Active:           439824 kB
Mem:          3.8G       2.9G       976M       5.7M        59M       2.4G

MemTotal:        4016008 kB
MemFree:          954056 kB
Active:           439820 kB
Mem:          3.8G       2.9G       931M       5.7M        59M       2.4G

MemTotal:        4016008 kB
MemFree:          908760 kB
Active:           439876 kB
Mem:          3.8G       3.0G       886M       5.7M        59M       2.5G

MemTotal:        4016008 kB
MemFree:          862180 kB
Active:           439868 kB
Mem:          3.8G       3.0G       842M       5.7M        59M       2.5G

MemTotal:        4016008 kB
MemFree:          816164 kB
Active:           439876 kB
Mem:          3.8G       3.1G       796M       5.7M        59M       2.6G

MemTotal:        4016008 kB
MemFree:          781460 kB
Active:           439864 kB
Mem:          3.8G       3.1G       762M       5.7M        59M       2.6G

MemTotal:        4016008 kB
MemFree:          739896 kB
Active:           439916 kB
Mem:          3.8G       3.1G       722M       5.7M        59M       2.6G

MemTotal:        4016008 kB
MemFree:          737468 kB
Active:           439908 kB
Mem:          3.8G       3.1G       720M       5.7M        59M       2.6G

MemTotal:        4016008 kB
MemFree:          692144 kB
Active:           439924 kB
Mem:          3.8G       3.2G       675M       5.7M        59M       2.7G

MemTotal:        4016008 kB
MemFree:          647740 kB
Active:           439908 kB
Mem:          3.8G       3.2G       631M       5.7M        59M       2.7G

MemTotal:        4016008 kB
MemFree:          600936 kB
Active:           439956 kB
Mem:          3.8G       3.3G       586M       5.7M        59M       2.8G

MemTotal:        4016008 kB
MemFree:          554480 kB
Active:           439908 kB
Mem:          3.8G       3.3G       541M       5.7M        59M       2.8G

MemTotal:        4016008 kB
MemFree:          508504 kB
Active:           439912 kB
Mem:          3.8G       3.3G       496M       5.7M        59M       2.9G

MemTotal:        4016008 kB
MemFree:          462528 kB
Active:           439952 kB
Mem:          3.8G       3.4G       451M       5.7M        59M       2.9G

MemTotal:        4016008 kB
MemFree:          416304 kB
Active:           439944 kB
Mem:          3.8G       3.4G       406M       5.7M        59M       2.9G

MemTotal:        4016008 kB
MemFree:          370404 kB
Active:           439976 kB
Mem:          3.8G       3.5G       361M       5.7M        59M       3.0G

MemTotal:        4016008 kB
MemFree:          325592 kB
Active:           439920 kB
Mem:          3.8G       3.5G       317M       5.7M        59M       3.0G

MemTotal:        4016008 kB
MemFree:          278776 kB
Active:           439948 kB
Mem:          3.8G       3.6G       272M       5.7M        59M       3.1G

MemTotal:        4016008 kB
MemFree:          238908 kB
Active:           439976 kB
Mem:          3.8G       3.6G       233M       5.7M        59M       3.1G

MemTotal:        4016008 kB
MemFree:          235856 kB
Active:           439976 kB
Mem:          3.8G       3.6G       230M       5.7M        59M       3.1G

MemTotal:        4016008 kB
MemFree:          235548 kB
Active:           439992 kB
Mem:          3.8G       3.6G       230M       5.7M        59M       3.1G

MemTotal:        4016008 kB
MemFree:          235644 kB
Active:           439992 kB
Mem:          3.8G       3.6G       230M       5.7M        59M       3.1G

MemTotal:        4016008 kB
MemFree:          230400 kB
Active:           439996 kB
Mem:          3.8G       3.6G       224M       5.7M        59M       3.1G

MemTotal:        4016008 kB
MemFree:          183820 kB
Active:           440000 kB
Mem:          3.8G       3.7G       179M       5.7M        59M       3.2G

MemTotal:        4016008 kB
MemFree:          137348 kB
Active:           439968 kB
Mem:          3.8G       3.7G       133M       5.7M        59M       3.2G

MemTotal:        4016008 kB
MemFree:          126924 kB
Active:           436768 kB
Mem:          3.8G       3.7G       122M       5.7M        26M       3.2G

MemTotal:        4016008 kB
MemFree:          114308 kB
Active:           450696 kB
Mem:          3.8G       3.7G       111M       5.7M        26M       3.3G

MemTotal:        4016008 kB
MemFree:          109252 kB
Active:           480648 kB
Mem:          3.8G       3.7G       105M       5.7M        26M       3.3G

MemTotal:        4016008 kB
MemFree:          108768 kB
Active:           499168 kB
Mem:          3.8G       3.7G       105M       5.7M        26M       3.3G

MemTotal:        4016008 kB
MemFree:          123060 kB
Active:           493532 kB
Mem:          3.8G       3.7G       119M       5.7M        26M       3.3G

MemTotal:        4016008 kB
MemFree:          113672 kB
Active:           490100 kB
Mem:          3.8G       3.7G       110M       5.7M        26M       3.3G

MemTotal:        4016008 kB
MemFree:          116756 kB
Active:           484340 kB
Mem:          3.8G       3.7G       114M       5.7M        26M       3.3G

MemTotal:        4016008 kB
MemFree:          125136 kB
Active:           478172 kB
Mem:          3.8G       3.7G       121M       5.7M        26M       3.3G

MemTotal:        4016008 kB
MemFree:          133836 kB
Active:           474744 kB
Mem:          3.8G       3.7G       130M       5.7M        26M       3.2G

MemTotal:        4016008 kB
MemFree:          123560 kB
Active:           472580 kB
Mem:          3.8G       3.7G       120M       5.7M        26M       3.3G

MemTotal:        4016008 kB
MemFree:          113044 kB
Active:           468876 kB
Mem:          3.8G       3.7G       110M       5.7M        26M       3.3G

MemTotal:        4016008 kB
MemFree:          128196 kB
Active:           461568 kB
Mem:          3.8G       3.7G       124M       5.7M        26M       3.2G

MemTotal:        4016008 kB
MemFree:          127928 kB
Active:           456196 kB
Mem:          3.8G       3.7G       124M       5.7M        26M       3.2G

MemTotal:        4016008 kB
MemFree:          125404 kB
Active:           450752 kB
Mem:          3.8G       3.7G       121M       5.7M        26M       3.3G

MemTotal:        4016008 kB
MemFree:          112984 kB
Active:           449764 kB
Mem:          3.8G       3.7G       120M       5.7M        26M       3.3G

MemTotal:        4016008 kB
MemFree:          123244 kB
Active:           447852 kB
Mem:          3.8G       3.7G       120M       5.7M        26M       3.3G

MemTotal:        4016008 kB
MemFree:          115044 kB
Active:           444736 kB
Mem:          3.8G       3.7G       112M       5.7M        26M       3.3G

MemTotal:        4016008 kB
MemFree:          124420 kB
Active:           442196 kB
Mem:          3.8G       3.7G       125M       5.7M        26M       3.2G

MemTotal:        4016008 kB
MemFree:          124088 kB
Active:           440532 kB
Mem:          3.8G       3.7G       121M       5.7M        26M       3.3G

MemTotal:        4016008 kB
MemFree:          115356 kB
Active:           440536 kB
Mem:          3.8G       3.7G       112M       5.7M        26M       3.3G

MemTotal:        4016008 kB
MemFree:          124268 kB
Active:           439788 kB
Mem:          3.8G       3.7G       121M       5.7M        26M       3.3G

MemTotal:        4016008 kB
MemFree:          132936 kB
Active:           435844 kB
Mem:          3.8G       3.7G       130M       5.7M        26M       3.2G

MemTotal:        4016008 kB
MemFree:          126276 kB
Active:           434564 kB
Mem:          3.8G       3.7G       122M       5.7M        26M       3.3G

MemTotal:        4016008 kB
MemFree:          134860 kB
Active:           432900 kB
Mem:          3.8G       3.7G       130M       5.7M        26M       3.2G

MemTotal:        4016008 kB
MemFree:          125420 kB
Active:           431748 kB
Mem:          3.8G       3.7G       122M       5.7M        26M       3.2G

MemTotal:        4016008 kB
MemFree:          117184 kB
Active:           428584 kB
Mem:          3.8G       3.7G       114M       5.7M        26M       3.3G

MemTotal:        4016008 kB
MemFree:          119800 kB
Active:           424696 kB
Mem:          3.8G       3.7G       116M       5.7M        26M       3.3G

MemTotal:        4016008 kB
MemFree:          110776 kB
Active:           421552 kB
Mem:          3.8G       3.7G       108M       5.7M        26M       3.3G

MemTotal:        4016008 kB
MemFree:          129468 kB
Active:           419764 kB
Mem:          3.8G       3.7G       126M       5.7M        26M       3.2G

MemTotal:        4016008 kB
MemFree:          133268 kB
Active:           418092 kB
Mem:          3.8G       3.7G       130M       5.7M        26M       3.2G

MemTotal:        4016008 kB
MemFree:          137768 kB
Active:           416204 kB
Mem:          3.8G       3.7G       134M       5.7M        26M       3.2G

MemTotal:        4016008 kB
MemFree:          128552 kB
Active:           415672 kB
Mem:          3.8G       3.7G       125M       5.7M        26M       3.2G

MemTotal:        4016008 kB
MemFree:          108240 kB
Active:           415576 kB
Mem:          3.8G       3.7G       105M       5.7M        26M       3.3G

MemTotal:        4016008 kB
MemFree:          135516 kB
Active:           413360 kB
Mem:          3.8G       3.7G       132M       5.7M        26M       3.2G

MemTotal:        4016008 kB
MemFree:          126340 kB
Active:           412216 kB
Mem:          3.8G       3.7G       123M       5.7M        26M       3.2G

MemTotal:        4016008 kB
MemFree:          135328 kB
Active:           410460 kB
Mem:          3.8G       3.7G       131M       5.7M        26M       3.2G

MemTotal:        4016008 kB
MemFree:          126324 kB
Active:           409440 kB
Mem:          3.8G       3.7G       122M       5.7M        26M       3.2G

MemTotal:        4016008 kB
MemFree:          111464 kB
Active:           408416 kB
Mem:          3.8G       3.7G       108M       5.7M        26M       3.3G

MemTotal:        4016008 kB
MemFree:          126728 kB
Active:           406624 kB
Mem:          3.8G       3.7G       123M       5.7M        26M       3.2G

MemTotal:        4016008 kB
MemFree:          104916 kB
Active:           403196 kB
Mem:          3.8G       3.7G       110M       5.7M        26M       3.3G

MemTotal:        4016008 kB
MemFree:          115484 kB
Active:           402420 kB
Mem:          3.8G       3.7G       112M       5.7M        26M       3.3G

MemTotal:        4016008 kB
MemFree:          104820 kB
Active:           401296 kB
Mem:          3.8G       3.7G       102M       5.7M        26M       3.3G

MemTotal:        4016008 kB
MemFree:          125372 kB
Active:           399248 kB
Mem:          3.8G       3.7G       122M       5.7M        26M       3.2G

MemTotal:        4016008 kB
MemFree:          122636 kB
Active:           399128 kB
Mem:          3.8G       3.7G       119M       5.7M        26M       3.3G

MemTotal:        4016008 kB
MemFree:          125848 kB
Active:           397948 kB
Mem:          3.8G       3.7G       121M       5.7M        26M       3.2G

MemTotal:        4016008 kB
MemFree:          121772 kB
Active:           396284 kB
Mem:          3.8G       3.7G       118M       5.7M        26M       3.3G

MemTotal:        4016008 kB
MemFree:          106108 kB
Active:           395432 kB
Mem:          3.8G       3.7G       103M       5.7M        26M       3.3G

MemTotal:        4016008 kB
MemFree:          126600 kB
Active:           393224 kB
Mem:          3.8G       3.7G       123M       5.7M        26M       3.2G

MemTotal:        4016008 kB
MemFree:          111408 kB
Active:           392108 kB
Mem:          3.8G       3.7G       108M       5.7M        26M       3.3G

MemTotal:        4016008 kB
MemFree:          126716 kB
Active:           390444 kB
Mem:          3.8G       3.7G       123M       5.7M        26M       3.2G

MemTotal:        4016008 kB
MemFree:          123728 kB
Active:           388916 kB
Mem:          3.8G       3.7G       120M       5.7M        26M       3.2G

MemTotal:        4016008 kB
MemFree:          128568 kB
Active:           387508 kB
Mem:          3.8G       3.7G       125M       5.7M        26M       3.2G

MemTotal:        4016008 kB
MemFree:          130192 kB
Active:           383836 kB
Mem:          3.8G       3.7G       127M       5.7M        26M       3.2G

MemTotal:        4016008 kB
MemFree:          115256 kB
Active:           382684 kB
Mem:          3.8G       3.7G       112M       5.7M        26M       3.3G

MemTotal:        4016008 kB
MemFree:          122956 kB
Active:           381532 kB
Mem:          3.8G       3.7G       119M       5.7M        26M       3.3G

MemTotal:        4016008 kB
MemFree:          128376 kB
Active:           378492 kB
Mem:          3.8G       3.7G       124M       5.7M        26M       3.2G

MemTotal:        4016008 kB
MemFree:          129728 kB
Active:           377496 kB
Mem:          3.8G       3.7G       126M       5.7M        26M       3.2G

MemTotal:        4016008 kB
MemFree:          120716 kB
Active:           377388 kB
Mem:          3.8G       3.7G       118M       5.7M        26M       3.3G

MemTotal:        4016008 kB
MemFree:          112036 kB
Active:           377260 kB
Mem:          3.8G       3.7G       109M       5.7M        26M       3.3G

MemTotal:        4016008 kB
MemFree:          128472 kB
Active:           377276 kB
Mem:          3.8G       3.7G       125M       5.7M        26M       3.2G

MemTotal:        4016008 kB
MemFree:          107316 kB
Active:           377268 kB
Mem:          3.8G       3.7G       104M       5.7M        26M       3.3G

MemTotal:        4016008 kB
MemFree:          105312 kB
Active:           377276 kB
Mem:          3.8G       3.7G       102M       5.7M        26M       3.3G

MemTotal:        4016008 kB
MemFree:          125380 kB
Active:           377288 kB
Mem:          3.8G       3.7G       122M       5.7M        26M       3.2G

MemTotal:        4016008 kB
MemFree:          110436 kB
Active:           377292 kB
Mem:          3.8G       3.7G       107M       5.7M        26M       3.3G

MemTotal:        4016008 kB
MemFree:          125760 kB
Active:           377272 kB
Mem:          3.8G       3.7G       122M       5.7M        26M       3.2G

MemTotal:        4016008 kB
MemFree:          112400 kB
Active:           377276 kB
Mem:          3.8G       3.7G       109M       5.7M        26M       3.3G

MemTotal:        4016008 kB
MemFree:          106292 kB
Active:           377308 kB
Mem:          3.8G       3.7G       103M       5.7M        26M       3.3G

MemTotal:        4016008 kB
MemFree:          115844 kB
Active:           377188 kB
Mem:          3.8G       3.7G       113M       5.7M        26M       3.3G

MemTotal:        4016008 kB
MemFree:          131720 kB
Active:           377152 kB
Mem:          3.8G       3.7G       128M       5.7M        26M       3.2G

MemTotal:        4016008 kB
MemFree:          123684 kB
Active:           377164 kB
Mem:          3.8G       3.7G       121M       5.7M        26M       3.2G

MemTotal:        4016008 kB
MemFree:          107236 kB
Active:           377156 kB
Mem:          3.8G       3.7G       104M       5.7M        26M       3.3G

MemTotal:        4016008 kB
MemFree:          127992 kB
Active:           377132 kB
Mem:          3.8G       3.7G       124M       5.7M        26M       3.2G

MemTotal:        4016008 kB
MemFree:          109012 kB
Active:           377136 kB
Mem:          3.8G       3.7G       106M       5.7M        26M       3.3G

MemTotal:        4016008 kB
MemFree:          135612 kB
Active:           377160 kB
Mem:          3.8G       3.7G       131M       5.7M        26M       3.2G

MemTotal:        4016008 kB
MemFree:          126044 kB
Active:           377040 kB
Mem:          3.8G       3.7G       122M       5.7M        26M       3.2G

MemTotal:        4016008 kB
MemFree:          130124 kB
Active:           377040 kB
Mem:          3.8G       3.7G       126M       5.7M        26M       3.2G

MemTotal:        4016008 kB
MemFree:          131956 kB
Active:           377084 kB
Mem:          3.8G       3.7G       129M       5.7M        26M       3.2G

MemTotal:        4016008 kB
MemFree:          138056 kB
Active:           377040 kB
Mem:          3.8G       3.7G       135M       5.7M        26M       3.2G

MemTotal:        4016008 kB
MemFree:          135236 kB
Active:           377096 kB
Mem:          3.8G       3.7G       132M       5.7M        26M       3.2G

MemTotal:        4016008 kB
MemFree:          105384 kB
Active:           377108 kB
Mem:          3.8G       3.7G       102M       5.7M        26M       3.3G

MemTotal:        4016008 kB
MemFree:          121196 kB
Active:           377088 kB
Mem:          3.8G       3.7G       117M       5.7M        26M       3.3G

MemTotal:        4016008 kB
MemFree:          112212 kB
Active:           377096 kB
Mem:          3.8G       3.7G       109M       5.7M        26M       3.3G

MemTotal:        4016008 kB
MemFree:          121060 kB
Active:           377088 kB
Mem:          3.8G       3.7G       117M       5.7M        26M       3.3G

MemTotal:        4016008 kB
MemFree:          111788 kB
Active:           377092 kB
Mem:          3.8G       3.7G       108M       5.7M        26M       3.3G

MemTotal:        4016008 kB
MemFree:          126976 kB
Active:           377088 kB
Mem:          3.8G       3.7G       123M       5.7M        26M       3.2G

MemTotal:        4016008 kB
MemFree:          107860 kB
Active:           377116 kB
Mem:          3.8G       3.7G       104M       5.7M        26M       3.3G

MemTotal:        4016008 kB
MemFree:          109500 kB
Active:           377140 kB
Mem:          3.8G       3.7G       106M       5.7M        26M       3.3G

MemTotal:        4016008 kB
MemFree:          112308 kB
Active:           377140 kB
Mem:          3.8G       3.7G       109M       5.7M        26M       3.3G

MemTotal:        4016008 kB
MemFree:          114652 kB
Active:           377168 kB
Mem:          3.8G       3.7G       112M       5.7M        26M       3.3G

MemTotal:        4016008 kB
MemFree:          127792 kB
Active:           377168 kB
Mem:          3.8G       3.7G       125M       5.7M        26M       3.2G

MemTotal:        4016008 kB
MemFree:          128036 kB
Active:           377128 kB
Mem:          3.8G       3.7G       125M       5.7M        26M       3.2G

MemTotal:        4016008 kB
MemFree:          126480 kB
Active:           377112 kB
Mem:          3.8G       3.7G       123M       5.7M        26M       3.2G

MemTotal:        4016008 kB
MemFree:          122336 kB
Active:           377124 kB
Mem:          3.8G       3.7G       119M       5.7M        26M       3.2G

MemTotal:        4016008 kB
MemFree:          128232 kB
Active:           377148 kB
Mem:          3.8G       3.7G       125M       5.7M        26M       3.2G

MemTotal:        4016008 kB
MemFree:          124468 kB
Active:           377168 kB
Mem:          3.8G       3.7G       121M       5.7M        26M       3.2G

MemTotal:        4016008 kB
MemFree:          127368 kB
Active:           377168 kB
Mem:          3.8G       3.7G       124M       5.7M        26M       3.2G

MemTotal:        4016008 kB
MemFree:          124012 kB
Active:           377124 kB
Mem:          3.8G       3.7G       120M       5.7M        26M       3.2G

MemTotal:        4016008 kB
MemFree:          104940 kB
Active:           377176 kB
Mem:          3.8G       3.7G       119M       5.7M        26M       3.2G

MemTotal:        4016008 kB
MemFree:          127788 kB
Active:           373872 kB
Mem:          3.8G       3.7G       124M       5.7M        26M       3.2G

MemTotal:        4016008 kB
MemFree:          121624 kB
Active:           373772 kB
Mem:          3.8G       3.7G       118M       5.7M        26M       3.2G

MemTotal:        4016008 kB
MemFree:          106200 kB
Active:           373768 kB
Mem:          3.8G       3.7G       103M       5.7M        26M       3.3G

MemTotal:        4016008 kB
MemFree:          126400 kB
Active:           373784 kB
Mem:          3.8G       3.7G       123M       5.7M        26M       3.2G

MemTotal:        4016008 kB
MemFree:          108972 kB
Active:           373772 kB
Mem:          3.8G       3.7G       106M       5.7M        26M       3.3G

MemTotal:        4016008 kB
MemFree:          132120 kB
Active:           373796 kB
Mem:          3.8G       3.7G       128M       5.7M        26M       3.2G

MemTotal:        4016008 kB
MemFree:          122132 kB
Active:           373856 kB
Mem:          3.8G       3.7G       118M       5.7M        26M       3.2G

MemTotal:        4016008 kB
MemFree:          129776 kB
Active:           373896 kB
Mem:          3.8G       3.7G       126M       5.7M        26M       3.2G

MemTotal:        4016008 kB
MemFree:          120424 kB
Active:           374080 kB
Mem:          3.8G       3.7G       117M       5.7M        26M       3.2G

MemTotal:        4016008 kB
MemFree:          128416 kB
Active:           370168 kB
Mem:          3.8G       3.7G       125M       5.7M        26M       3.2G

MemTotal:        4016008 kB
MemFree:          125212 kB
Active:           370092 kB
Mem:          3.8G       3.7G       122M       5.7M        26M       3.2G

MemTotal:        4016008 kB
MemFree:          105776 kB
Active:           370092 kB
Mem:          3.8G       3.7G       102M       5.7M        26M       3.3G

MemTotal:        4016008 kB
MemFree:          128600 kB
Active:           370068 kB
Mem:          3.8G       3.7G       125M       5.7M        26M       3.2G

MemTotal:        4016008 kB
MemFree:          123792 kB
Active:           370084 kB
Mem:          3.8G       3.7G       120M       5.7M        26M       3.2G

MemTotal:        4016008 kB
MemFree:          127148 kB
Active:           370064 kB
Mem:          3.8G       3.7G       124M       5.7M        26M       3.2G

MemTotal:        4016008 kB
MemFree:          118736 kB
Active:           370096 kB
Mem:          3.8G       3.7G       116M       5.7M        26M       3.3G

MemTotal:        4016008 kB
MemFree:          126792 kB
Active:           370080 kB
Mem:          3.8G       3.7G       123M       5.7M        26M       3.2G

MemTotal:        4016008 kB
MemFree:          119820 kB
Active:           370140 kB
Mem:          3.8G       3.7G       116M       5.7M        26M       3.2G

MemTotal:        4016008 kB
MemFree:          109904 kB
Active:           370112 kB
Mem:          3.8G       3.7G       106M       5.7M        26M       3.3G

MemTotal:        4016008 kB
MemFree:          127212 kB
Active:           368480 kB
Mem:          3.8G       3.7G       123M       5.7M        26M       3.2G

MemTotal:        4016008 kB
MemFree:          117436 kB
Active:           368428 kB
Mem:          3.8G       3.7G       114M       5.7M        26M       3.3G

MemTotal:        4016008 kB
MemFree:          107980 kB
Active:           368440 kB
Mem:          3.8G       3.7G       105M       5.7M        26M       3.3G

MemTotal:        4016008 kB
MemFree:          135120 kB
Active:           368440 kB
Mem:          3.8G       3.7G       131M       5.7M        26M       3.2G

MemTotal:        4016008 kB
MemFree:          125744 kB
Active:           368472 kB
Mem:          3.8G       3.7G       122M       5.7M        26M       3.2G

MemTotal:        4016008 kB
MemFree:          128220 kB
Active:           368488 kB
Mem:          3.8G       3.7G       124M       5.7M        26M       3.2G

MemTotal:        4016008 kB
MemFree:          137272 kB
Active:           368488 kB
Mem:          3.8G       3.7G       134M       5.7M        26M       3.2G

MemTotal:        4016008 kB
MemFree:          123820 kB
Active:           368508 kB
Mem:          3.8G       3.7G       120M       5.7M        26M       3.2G

MemTotal:        4016008 kB
MemFree:          114188 kB
Active:           368468 kB
Mem:          3.8G       3.7G       110M       5.7M        26M       3.3G

MemTotal:        4016008 kB
MemFree:          130052 kB
Active:           367260 kB
Mem:          3.8G       3.7G       126M       5.7M        26M       3.2G

MemTotal:        4016008 kB
MemFree:          121716 kB
Active:           367156 kB
Mem:          3.8G       3.7G       118M       5.7M        26M       3.2G

MemTotal:        4016008 kB
MemFree:          128148 kB
Active:           367136 kB
Mem:          3.8G       3.7G       125M       5.7M        26M       3.2G

MemTotal:        4016008 kB
MemFree:          131904 kB
Active:           367140 kB
Mem:          3.8G       3.7G       128M       5.7M        26M       3.2G

MemTotal:        4016008 kB
MemFree:          135032 kB
Active:           367168 kB
Mem:          3.8G       3.7G       131M       5.7M        26M       3.2G

MemTotal:        4016008 kB
MemFree:          144592 kB
Active:           367124 kB
Mem:          3.8G       3.7G       140M       5.7M        26M       3.2G

MemTotal:        4016008 kB
MemFree:          123540 kB
Active:           367172 kB
Mem:          3.8G       3.7G       120M       5.7M        26M       3.2G

MemTotal:        4016008 kB
MemFree:          127968 kB
Active:           367044 kB
Mem:          3.8G       3.7G       124M       5.7M        26M       3.2G

MemTotal:        4016008 kB
MemFree:          124184 kB
Active:           367048 kB
Mem:          3.8G       3.7G       120M       5.7M        26M       3.2G

MemTotal:        4016008 kB
MemFree:          109772 kB
Active:           362468 kB
Mem:          3.8G       3.7G       107M       5.7M        26M       3.3G

MemTotal:        4016008 kB
MemFree:          130916 kB
Active:           362472 kB
Mem:          3.8G       3.7G       127M       5.7M        26M       3.2G

MemTotal:        4016008 kB
MemFree:          130504 kB
Active:           362476 kB
Mem:          3.8G       3.7G       127M       5.7M        26M       3.2G

MemTotal:        4016008 kB
MemFree:          126600 kB
Active:           362484 kB
Mem:          3.8G       3.7G       123M       5.7M        26M       3.2G

MemTotal:        4016008 kB
MemFree:          112060 kB
Active:           362460 kB
Mem:          3.8G       3.7G       109M       5.7M        26M       3.3G

MemTotal:        4016008 kB
MemFree:          127236 kB
Active:           362496 kB
Mem:          3.8G       3.7G       123M       5.7M        26M       3.2G

MemTotal:        4016008 kB
MemFree:          110672 kB
Active:           362504 kB
Mem:          3.8G       3.7G       108M       5.7M        26M       3.3G

MemTotal:        4016008 kB
MemFree:          125380 kB
Active:           362508 kB
Mem:          3.8G       3.7G       122M       5.7M        26M       3.2G

MemTotal:        4016008 kB
MemFree:          124256 kB
Active:           362508 kB
Mem:          3.8G       3.7G       121M       5.7M        26M       3.2G

MemTotal:        4016008 kB
MemFree:          128612 kB
Active:           362508 kB
Mem:          3.8G       3.7G       125M       5.7M        26M       3.2G

MemTotal:        4016008 kB
MemFree:          129760 kB
Active:           362508 kB
Mem:          3.8G       3.7G       126M       5.7M        26M       3.2G

MemTotal:        4016008 kB
MemFree:          109668 kB
Active:           362516 kB
Mem:          3.8G       3.7G       106M       5.7M        26M       3.3G

MemTotal:        4016008 kB
MemFree:          133816 kB
Active:           358896 kB
Mem:          3.8G       3.7G       130M       5.7M        26M       3.2G

MemTotal:        4016008 kB
MemFree:          124920 kB
Active:           358896 kB
Mem:          3.8G       3.7G       121M       5.7M        26M       3.2G

MemTotal:        4016008 kB
MemFree:          128276 kB
Active:           358896 kB
Mem:          3.8G       3.7G       125M       5.7M        26M       3.2G

MemTotal:        4016008 kB
MemFree:          116620 kB
Active:           358896 kB
Mem:          3.8G       3.7G       113M       5.7M        26M       3.3G

MemTotal:        4016008 kB
MemFree:          124824 kB
Active:           358908 kB
Mem:          3.8G       3.7G       122M       5.7M        26M       3.2G

MemTotal:        4016008 kB
MemFree:          117612 kB
Active:           358908 kB
Mem:          3.8G       3.7G       114M       5.7M        26M       3.2G

MemTotal:        4016008 kB
MemFree:          109608 kB
Active:           358912 kB
Mem:          3.8G       3.7G       107M       5.7M        26M       3.3G

MemTotal:        4016008 kB
MemFree:          118440 kB
Active:           358900 kB
Mem:          3.8G       3.7G       115M       5.7M        26M       3.2G

MemTotal:        4016008 kB
MemFree:          109276 kB
Active:           358916 kB
Mem:          3.8G       3.7G       106M       5.7M        26M       3.3G

MemTotal:        4016008 kB
MemFree:          124284 kB
Active:           358920 kB
Mem:          3.8G       3.7G       125M       5.7M        26M       3.2G

MemTotal:        4016008 kB
MemFree:          126220 kB
Active:           358924 kB
Mem:          3.8G       3.7G       123M       5.7M        26M       3.2G

MemTotal:        4016008 kB
MemFree:          111932 kB
Active:           358936 kB
Mem:          3.8G       3.7G       109M       5.7M        26M       3.3G

MemTotal:        4016008 kB
MemFree:          109328 kB
Active:           358936 kB
Mem:          3.8G       3.7G       106M       5.7M        26M       3.3G

MemTotal:        4016008 kB
MemFree:          126572 kB
Active:           357428 kB
Mem:          3.8G       3.7G       122M       5.7M        26M       3.2G

MemTotal:        4016008 kB
MemFree:          129344 kB
Active:           357440 kB
Mem:          3.8G       3.7G       126M       5.7M        26M       3.2G

MemTotal:        4016008 kB
MemFree:          141220 kB
Active:           357456 kB
Mem:          3.8G       3.7G       137M       5.7M        26M       3.2G

MemTotal:        4016008 kB
MemFree:          131900 kB
Active:           357412 kB
Mem:          3.8G       3.7G       128M       5.7M        26M       3.2G

MemTotal:        4016008 kB
MemFree:          123532 kB
Active:           357432 kB
Mem:          3.8G       3.7G       119M       5.7M        26M       3.2G

MemTotal:        4016008 kB
MemFree:          126144 kB
Active:           357464 kB
Mem:          3.8G       3.7G       122M       5.7M        26M       3.2G

MemTotal:        4016008 kB
MemFree:          137300 kB
Active:           357416 kB
Mem:          3.8G       3.7G       133M       5.7M        26M       3.2G

MemTotal:        4016008 kB
MemFree:          128156 kB
Active:           357436 kB
Mem:          3.8G       3.7G       124M       5.7M        26M       3.2G

MemTotal:        4016008 kB
MemFree:          121260 kB
Active:           357456 kB
Mem:          3.8G       3.7G       117M       5.7M        26M       3.2G

MemTotal:        4016008 kB
MemFree:          122244 kB
Active:           357468 kB
Mem:          3.8G       3.7G       118M       5.7M        26M       3.2G

MemTotal:        4016008 kB
MemFree:          112276 kB
Active:           357480 kB
Mem:          3.8G       3.7G       109M       5.7M        26M       3.3G

MemTotal:        4016008 kB
MemFree:          128692 kB
Active:           357496 kB
Mem:          3.8G       3.7G       124M       5.7M        26M       3.2G

MemTotal:        4016008 kB
MemFree:          118436 kB
Active:           357496 kB
Mem:          3.8G       3.7G       115M       5.7M        26M       3.2G

MemTotal:        4016008 kB
MemFree:          124024 kB
Active:           355064 kB
Mem:          3.8G       3.7G       121M       5.7M        26M       3.2G

MemTotal:        4016008 kB
MemFree:          132024 kB
Active:           354936 kB
Mem:          3.8G       3.7G       128M       5.7M        26M       3.2G

MemTotal:        4016008 kB
MemFree:          111092 kB
Active:           354988 kB
Mem:          3.8G       3.7G       108M       5.7M        26M       3.3G

MemTotal:        4016008 kB
MemFree:          126620 kB
Active:           354996 kB
Mem:          3.8G       3.7G       123M       5.7M        26M       3.2G

MemTotal:        4016008 kB
MemFree:          111212 kB
Active:           355000 kB
Mem:          3.8G       3.7G       108M       5.7M        26M       3.3G

MemTotal:        4016008 kB
MemFree:          126996 kB
Active:           354992 kB
Mem:          3.8G       3.7G       123M       5.7M        26M       3.2G

MemTotal:        4016008 kB
MemFree:          123452 kB
Active:           355004 kB
Mem:          3.8G       3.7G       120M       5.7M        26M       3.2G

MemTotal:        4016008 kB
MemFree:          127596 kB
Active:           355004 kB
Mem:          3.8G       3.7G       124M       5.7M        26M       3.2G

MemTotal:        4016008 kB
MemFree:          124056 kB
Active:           355012 kB
Mem:          3.8G       3.7G       121M       5.7M        26M       3.2G

MemTotal:        4016008 kB
MemFree:          127732 kB
Active:           355016 kB
Mem:          3.8G       3.7G       124M       5.7M        26M       3.2G

MemTotal:        4016008 kB
MemFree:          116224 kB
Active:           355020 kB
Mem:          3.8G       3.7G       113M       5.7M        26M       3.2G

MemTotal:        4016008 kB
MemFree:          107728 kB
Active:           355016 kB
Mem:          3.8G       3.7G       105M       5.7M        26M       3.3G

MemTotal:        4016008 kB
MemFree:          135444 kB
Active:           355044 kB
Mem:          3.8G       3.7G       132M       5.7M        26M       3.2G

MemTotal:        4016008 kB
MemFree:          120256 kB
Active:           355028 kB
Mem:          3.8G       3.7G       117M       5.7M        26M       3.2G

MemTotal:        4016008 kB
MemFree:          111308 kB
Active:           355044 kB
Mem:          3.8G       3.7G       108M       5.7M        26M       3.3G

MemTotal:        4016008 kB
MemFree:          115768 kB
Active:           354744 kB
Mem:          3.8G       3.7G       112M       5.7M        26M       3.2G

MemTotal:        4016008 kB
MemFree:          120964 kB
Active:           354576 kB
Mem:          3.8G       3.7G       118M       5.7M        26M       3.2G

MemTotal:        4016008 kB
MemFree:          124888 kB
Active:           354588 kB
Mem:          3.8G       3.7G       121M       5.7M        26M       3.2G

MemTotal:        4016008 kB
MemFree:          135684 kB
Active:           354592 kB
Mem:          3.8G       3.7G       132M       5.7M        26M       3.2G

MemTotal:        4016008 kB
MemFree:          126856 kB
Active:           354592 kB
Mem:          3.8G       3.7G       124M       5.7M        26M       3.2G

MemTotal:        4016008 kB
MemFree:          118140 kB
Active:           354552 kB
Mem:          3.8G       3.7G       115M       5.7M        26M       3.2G

MemTotal:        4016008 kB
MemFree:          133364 kB
Active:           354592 kB
Mem:          3.8G       3.7G       130M       5.7M        26M       3.2G

MemTotal:        4016008 kB
MemFree:          108948 kB
Active:           354624 kB
Mem:          3.8G       3.7G       106M       5.7M        26M       3.3G

MemTotal:        4016008 kB
MemFree:          125344 kB
Active:           354628 kB
Mem:          3.8G       3.7G       122M       5.7M        26M       3.2G

MemTotal:        4016008 kB
MemFree:          122232 kB
Active:           354628 kB
Mem:          3.8G       3.7G       119M       5.7M        26M       3.2G

MemTotal:        4016008 kB
MemFree:          108380 kB
Active:           354580 kB
Mem:          3.8G       3.7G       106M       5.7M        26M       3.3G

MemTotal:        4016008 kB
MemFree:          127876 kB
Active:           354456 kB
Mem:          3.8G       3.7G       124M       5.7M        26M       3.2G

MemTotal:        4016008 kB
MemFree:          127892 kB
Active:           354392 kB
Mem:          3.8G       3.7G       124M       5.7M        26M       3.2G

MemTotal:        4016008 kB
MemFree:          127520 kB
Active:           354412 kB
Mem:          3.8G       3.7G       124M       5.7M        26M       3.2G

MemTotal:        4016008 kB
MemFree:          127892 kB
Active:           354404 kB
Mem:          3.8G       3.7G       124M       5.7M        26M       3.2G

MemTotal:        4016008 kB
MemFree:          127892 kB
Active:           354412 kB
Mem:          3.8G       3.7G       124M       5.7M        26M       3.2G

MemTotal:        4016008 kB
MemFree:          127644 kB
Active:           354400 kB
Mem:          3.8G       3.7G       124M       5.7M        26M       3.2G

MemTotal:        4016008 kB
MemFree:          127148 kB
Active:           354420 kB
Mem:          3.8G       3.7G       124M       5.7M        26M       3.2G

MemTotal:        4016008 kB
MemFree:          127396 kB
Active:           354368 kB
Mem:          3.8G       3.7G       124M       5.7M        26M       3.2G

MemTotal:        4016008 kB
MemFree:          127396 kB
Active:           354364 kB
Mem:          3.8G       3.7G       124M       5.7M        26M       3.2G

MemTotal:        4016008 kB
MemFree:          127272 kB
Active:           354404 kB
Mem:          3.8G       3.7G       124M       5.7M        26M       3.2G

MemTotal:        4016008 kB
MemFree:          127396 kB
Active:           354404 kB
Mem:          3.8G       3.7G       124M       5.7M        26M       3.2G

MemTotal:        4016008 kB
MemFree:          127396 kB
Active:           354384 kB
Mem:          3.8G       3.7G       124M       5.7M        26M       3.2G

MemTotal:        4016008 kB
MemFree:          127396 kB
Active:           354388 kB
Mem:          3.8G       3.7G       124M       5.7M        26M       3.2G

MemTotal:        4016008 kB
MemFree:          127520 kB
Active:           354392 kB
Mem:          3.8G       3.7G       124M       5.7M        26M       3.2G

MemTotal:        4016008 kB
MemFree:          127644 kB
Active:           354424 kB
Mem:          3.8G       3.7G       124M       5.7M        26M       3.2G

MemTotal:        4016008 kB
MemFree:          127644 kB
Active:           354396 kB
Mem:          3.8G       3.7G       124M       5.7M        26M       3.2G

MemTotal:        4016008 kB
MemFree:          128016 kB
Active:           354396 kB
Mem:          3.8G       3.7G       124M       5.7M        26M       3.2G

MemTotal:        4016008 kB
MemFree:          127892 kB
Active:           354380 kB
Mem:          3.8G       3.7G       124M       5.7M        26M       3.2G

MemTotal:        4016008 kB
MemFree:          127520 kB
Active:           354436 kB
Mem:          3.8G       3.7G       124M       5.7M        26M       3.2G

MemTotal:        4016008 kB
MemFree:          127644 kB
Active:           354388 kB
Mem:          3.8G       3.7G       124M       5.7M        26M       3.2G

MemTotal:        4016008 kB
MemFree:          127644 kB
Active:           354424 kB
Mem:          3.8G       3.7G       124M       5.7M        26M       3.2G

MemTotal:        4016008 kB
MemFree:          127272 kB
Active:           354444 kB
Mem:          3.8G       3.7G       124M       5.7M        26M       3.2G

MemTotal:        4016008 kB
MemFree:          127520 kB
Active:           354444 kB
Mem:          3.8G       3.7G       124M       5.7M        26M       3.2G

MemTotal:        4016008 kB
MemFree:          127644 kB
Active:           354412 kB
Mem:          3.8G       3.7G       124M       5.7M        26M       3.2G

MemTotal:        4016008 kB
MemFree:          127520 kB
Active:           354424 kB
Mem:          3.8G       3.7G       124M       5.7M        26M       3.2G

MemTotal:        4016008 kB
MemFree:          128016 kB
Active:           354420 kB
Mem:          3.8G       3.7G       124M       5.7M        26M       3.2G

MemTotal:        4016008 kB
MemFree:          127168 kB
Active:           354460 kB
Mem:          3.8G       3.7G       124M       5.7M        26M       3.2G

MemTotal:        4016008 kB
MemFree:          127704 kB
Active:           354420 kB
Mem:          3.8G       3.7G       124M       5.7M        26M       3.2G

MemTotal:        4016008 kB
MemFree:          127704 kB
Active:           354416 kB
Mem:          3.8G       3.7G       124M       5.7M        26M       3.2G

MemTotal:        4016008 kB
MemFree:          127208 kB
Active:           354460 kB
Mem:          3.8G       3.7G       124M       5.7M        26M       3.2G

MemTotal:        4016008 kB
MemFree:          127332 kB
Active:           354460 kB
Mem:          3.8G       3.7G       124M       5.7M        26M       3.2G

MemTotal:        4016008 kB
MemFree:          127456 kB
Active:           354424 kB
Mem:          3.8G       3.7G       124M       5.7M        26M       3.2G

MemTotal:        4016008 kB
MemFree:          127456 kB
Active:           354412 kB
Mem:          3.8G       3.7G       124M       5.7M        26M       3.2G

MemTotal:        4016008 kB
MemFree:          127828 kB
Active:           354428 kB
Mem:          3.8G       3.7G       124M       5.7M        26M       3.2G

MemTotal:        4016008 kB
MemFree:          127952 kB
Active:           354432 kB
Mem:          3.8G       3.7G       124M       5.7M        26M       3.2G

MemTotal:        4016008 kB
MemFree:          127952 kB
Active:           354444 kB
Mem:          3.8G       3.7G       124M       5.7M        26M       3.2G

MemTotal:        4016008 kB
MemFree:          127828 kB
Active:           354452 kB
Mem:          3.8G       3.7G       124M       5.7M        26M       3.2G

MemTotal:        4016008 kB
MemFree:          127828 kB
Active:           354456 kB
Mem:          3.8G       3.7G       124M       5.7M        26M       3.2G

MemTotal:        4016008 kB
MemFree:          127952 kB
Active:           354432 kB
Mem:          3.8G       3.7G       124M       5.7M        26M       3.2G

MemTotal:        4016008 kB
MemFree:          127952 kB
Active:           354448 kB
Mem:          3.8G       3.7G       124M       5.7M        26M       3.2G

MemTotal:        4016008 kB
MemFree:          127952 kB
Active:           354464 kB
Mem:          3.8G       3.7G       124M       5.7M        26M       3.2G

MemTotal:        4016008 kB
MemFree:          127704 kB
Active:           354468 kB
Mem:          3.8G       3.7G       124M       5.7M        26M       3.2G

MemTotal:        4016008 kB
MemFree:          127580 kB
Active:           354440 kB
Mem:          3.8G       3.7G       124M       5.7M        26M       3.2G

MemTotal:        4016008 kB
MemFree:          127580 kB
Active:           354444 kB
Mem:          3.8G       3.7G       124M       5.7M        26M       3.2G

MemTotal:        4016008 kB
MemFree:          127332 kB
Active:           354476 kB
