MemTotal:        4016004 kB
MemFree:         3257636 kB
Active:           404600 kB
Mem:          3.8G       740M       3.1G       5.7M        55M       314M

MemTotal:        4016004 kB
MemFree:         3257516 kB
Active:           404688 kB
Mem:          3.8G       740M       3.1G       5.7M        55M       314M

MemTotal:        4016004 kB
MemFree:         3257268 kB
Active:           404760 kB
Mem:          3.8G       740M       3.1G       5.7M        55M       314M

MemTotal:        4016004 kB
MemFree:         3257128 kB
Active:           404760 kB
Mem:          3.8G       740M       3.1G       5.7M        55M       314M

MemTotal:        4016004 kB
MemFree:         3257732 kB
Active:           404728 kB
Mem:          3.8G       740M       3.1G       5.7M        55M       314M

MemTotal:        4016004 kB
MemFree:         3257468 kB
Active:           404760 kB
Mem:          3.8G       740M       3.1G       5.7M        55M       314M

MemTotal:        4016004 kB
MemFree:         3257776 kB
Active:           402844 kB
Mem:          3.8G       740M       3.1G       5.7M        55M       314M

MemTotal:        4016004 kB
MemFree:         3258208 kB
Active:           404764 kB
Mem:          3.8G       740M       3.1G       5.7M        55M       314M

MemTotal:        4016004 kB
MemFree:         3257820 kB
Active:           404784 kB
Mem:          3.8G       740M       3.1G       5.7M        55M       314M

MemTotal:        4016004 kB
MemFree:         3257804 kB
Active:           404744 kB
Mem:          3.8G       740M       3.1G       5.7M        55M       314M

MemTotal:        4016004 kB
MemFree:         3258036 kB
Active:           404776 kB
Mem:          3.8G       740M       3.1G       5.7M        55M       314M

MemTotal:        4016004 kB
MemFree:         3258144 kB
Active:           404748 kB
Mem:          3.8G       740M       3.1G       5.7M        55M       314M

MemTotal:        4016004 kB
MemFree:         3257880 kB
Active:           404784 kB
Mem:          3.8G       740M       3.1G       5.7M        55M       314M

MemTotal:        4016004 kB
MemFree:         3258268 kB
Active:           404756 kB
Mem:          3.8G       740M       3.1G       5.7M        55M       314M

MemTotal:        4016004 kB
MemFree:         3257896 kB
Active:           404780 kB
Mem:          3.8G       740M       3.1G       5.7M        55M       314M

MemTotal:        4016004 kB
MemFree:         3257896 kB
Active:           404748 kB
Mem:          3.8G       740M       3.1G       5.7M        55M       314M

MemTotal:        4016004 kB
MemFree:         3255508 kB
Active:           404788 kB
Mem:          3.8G       742M       3.1G       5.7M        55M       314M

MemTotal:        4016004 kB
MemFree:         3255880 kB
Active:           406764 kB
Mem:          3.8G       742M       3.1G       5.7M        55M       314M

MemTotal:        4016004 kB
MemFree:         3255756 kB
Active:           406812 kB
Mem:          3.8G       742M       3.1G       5.7M        55M       314M

MemTotal:        4016004 kB
MemFree:         3255880 kB
Active:           406776 kB
Mem:          3.8G       742M       3.1G       5.7M        55M       314M

MemTotal:        4016004 kB
MemFree:         3256128 kB
Active:           406792 kB
Mem:          3.8G       742M       3.1G       5.7M        55M       314M

MemTotal:        4016004 kB
MemFree:         3256376 kB
Active:           406764 kB
Mem:          3.8G       741M       3.1G       5.7M        55M       314M

MemTotal:        4016004 kB
MemFree:         3255880 kB
Active:           406820 kB
Mem:          3.8G       742M       3.1G       5.7M        55M       314M

MemTotal:        4016004 kB
MemFree:         3256252 kB
Active:           406780 kB
Mem:          3.8G       741M       3.1G       5.7M        55M       314M

MemTotal:        4016004 kB
MemFree:         3256332 kB
Active:           406800 kB
Mem:          3.8G       741M       3.1G       5.7M        55M       314M

MemTotal:        4016004 kB
MemFree:         3256580 kB
Active:           406772 kB
Mem:          3.8G       742M       3.1G       5.7M        55M       314M

MemTotal:        4016004 kB
MemFree:         3255640 kB
Active:           405092 kB
Mem:          3.8G       742M       3.1G       5.7M        55M       314M

MemTotal:        4016004 kB
MemFree:         3255772 kB
Active:           406924 kB
Mem:          3.8G       742M       3.1G       5.7M        55M       314M

MemTotal:        4016004 kB
MemFree:         3255400 kB
Active:           406976 kB
Mem:          3.8G       743M       3.1G       5.7M        55M       314M

MemTotal:        4016004 kB
MemFree:         3255276 kB
Active:           406960 kB
Mem:          3.8G       742M       3.1G       5.7M        55M       314M

MemTotal:        4016004 kB
MemFree:         3255616 kB
Active:           406972 kB
Mem:          3.8G       742M       3.1G       5.7M        55M       314M

MemTotal:        4016004 kB
MemFree:         3255600 kB
Active:           406924 kB
Mem:          3.8G       742M       3.1G       5.7M        55M       314M

MemTotal:        4016004 kB
MemFree:         3255708 kB
Active:           406956 kB
Mem:          3.8G       742M       3.1G       5.7M        55M       314M

MemTotal:        4016004 kB
MemFree:         3255336 kB
Active:           406988 kB
Mem:          3.8G       742M       3.1G       5.7M        55M       314M

MemTotal:        4016004 kB
MemFree:         3255832 kB
Active:           406948 kB
Mem:          3.8G       742M       3.1G       5.7M        55M       314M

MemTotal:        4016004 kB
MemFree:         3255568 kB
Active:           406968 kB
Mem:          3.8G       742M       3.1G       5.7M        55M       314M

MemTotal:        4016004 kB
MemFree:         3253132 kB
Active:           407000 kB
Mem:          3.8G       744M       3.1G       5.7M        55M       314M

MemTotal:        4016004 kB
MemFree:         3253364 kB
Active:           408984 kB
Mem:          3.8G       744M       3.1G       5.7M        55M       314M

MemTotal:        4016004 kB
MemFree:         3253396 kB
Active:           409004 kB
Mem:          3.8G       744M       3.1G       5.7M        55M       314M

MemTotal:        4016004 kB
MemFree:         3253396 kB
Active:           409016 kB
Mem:          3.8G       744M       3.1G       5.7M        55M       314M

MemTotal:        4016004 kB
MemFree:         3252776 kB
Active:           409028 kB
Mem:          3.8G       745M       3.1G       5.7M        55M       314M

MemTotal:        4016004 kB
MemFree:         3253132 kB
Active:           408996 kB
Mem:          3.8G       744M       3.1G       5.7M        55M       314M

MemTotal:        4016004 kB
MemFree:         3248296 kB
Active:           413588 kB
Mem:          3.8G       750M       3.1G       5.7M        59M       314M

MemTotal:        4016004 kB
MemFree:         3244180 kB
Active:           416840 kB
Mem:          3.8G       753M       3.1G       5.7M        62M       314M

MemTotal:        4016004 kB
MemFree:         3244676 kB
Active:           416836 kB
Mem:          3.8G       753M       3.1G       5.7M        62M       314M

MemTotal:        4016004 kB
MemFree:         3244924 kB
Active:           416832 kB
Mem:          3.8G       753M       3.1G       5.7M        62M       314M

MemTotal:        4016004 kB
MemFree:         3244428 kB
Active:           416840 kB
Mem:          3.8G       753M       3.1G       5.7M        62M       314M

MemTotal:        4016004 kB
MemFree:         3243932 kB
Active:           416796 kB
Mem:          3.8G       753M       3.1G       5.7M        62M       314M

MemTotal:        4016004 kB
MemFree:         3244056 kB
Active:           416808 kB
Mem:          3.8G       753M       3.1G       5.7M        62M       314M

MemTotal:        4016004 kB
MemFree:         3243668 kB
Active:           416852 kB
Mem:          3.8G       753M       3.1G       5.7M        62M       314M

MemTotal:        4016004 kB
MemFree:         3244024 kB
Active:           416848 kB
Mem:          3.8G       754M       3.1G       5.7M        62M       314M

MemTotal:        4016004 kB
MemFree:         3243964 kB
Active:           416808 kB
Mem:          3.8G       753M       3.1G       5.7M        62M       314M

MemTotal:        4016004 kB
MemFree:         3243972 kB
Active:           416856 kB
Mem:          3.8G       753M       3.1G       5.7M        62M       314M

MemTotal:        4016004 kB
MemFree:         3244096 kB
Active:           416868 kB
Mem:          3.8G       753M       3.1G       5.7M        62M       314M

MemTotal:        4016004 kB
MemFree:         3243972 kB
Active:           416868 kB
Mem:          3.8G       753M       3.1G       5.7M        62M       314M

MemTotal:        4016004 kB
MemFree:         3244468 kB
Active:           416824 kB
Mem:          3.8G       753M       3.1G       5.7M        62M       314M

MemTotal:        4016004 kB
MemFree:         3241908 kB
Active:           416872 kB
Mem:          3.8G       755M       3.1G       5.7M        62M       314M

MemTotal:        4016004 kB
MemFree:         3242264 kB
Active:           418892 kB
Mem:          3.8G       755M       3.1G       5.7M        62M       314M

MemTotal:        4016004 kB
MemFree:         3241860 kB
Active:           418904 kB
Mem:          3.8G       755M       3.1G       5.7M        62M       314M

MemTotal:        4016004 kB
MemFree:         3242340 kB
Active:           418900 kB
Mem:          3.8G       755M       3.1G       5.7M        62M       314M

MemTotal:        4016004 kB
MemFree:         3241876 kB
Active:           418904 kB
Mem:          3.8G       755M       3.1G       5.7M        62M       314M

MemTotal:        4016004 kB
MemFree:         3241876 kB
Active:           418860 kB
Mem:          3.8G       756M       3.1G       5.7M        62M       314M

MemTotal:        4016004 kB
MemFree:         3242000 kB
Active:           418856 kB
Mem:          3.8G       756M       3.1G       5.7M        62M       314M

MemTotal:        4016004 kB
MemFree:         3241876 kB
Active:           418904 kB
Mem:          3.8G       755M       3.1G       5.7M        62M       314M

MemTotal:        4016004 kB
MemFree:         3242248 kB
Active:           418908 kB
Mem:          3.8G       755M       3.1G       5.7M        62M       314M

MemTotal:        4016004 kB
MemFree:         3242248 kB
Active:           418868 kB
Mem:          3.8G       755M       3.1G       5.7M        62M       314M

MemTotal:        4016004 kB
MemFree:         3242124 kB
Active:           418868 kB
Mem:          3.8G       755M       3.1G       5.7M        62M       314M

MemTotal:        4016004 kB
MemFree:         3241752 kB
Active:           418912 kB
Mem:          3.8G       756M       3.1G       5.7M        62M       314M

MemTotal:        4016004 kB
MemFree:         3241984 kB
Active:           418908 kB
Mem:          3.8G       755M       3.1G       5.7M        62M       314M

MemTotal:        4016004 kB
MemFree:         3242296 kB
Active:           418900 kB
Mem:          3.8G       755M       3.1G       5.7M        62M       314M

MemTotal:        4016004 kB
MemFree:         3241800 kB
Active:           418916 kB
Mem:          3.8G       756M       3.1G       5.7M        62M       314M

MemTotal:        4016004 kB
MemFree:         3242296 kB
Active:           418872 kB
Mem:          3.8G       755M       3.1G       5.7M        62M       314M

MemTotal:        4016004 kB
MemFree:         3242172 kB
Active:           418896 kB
Mem:          3.8G       755M       3.1G       5.7M        62M       314M

MemTotal:        4016004 kB
MemFree:         3241908 kB
Active:           418916 kB
Mem:          3.8G       755M       3.1G       5.7M        62M       314M

MemTotal:        4016004 kB
MemFree:         3242404 kB
Active:           418864 kB
Mem:          3.8G       755M       3.1G       5.7M        62M       314M

MemTotal:        4016004 kB
MemFree:         3241892 kB
Active:           418916 kB
Mem:          3.8G       755M       3.1G       5.7M        62M       314M

MemTotal:        4016004 kB
MemFree:         3240200 kB
Active:           418868 kB
Mem:          3.8G       757M       3.1G       5.7M        62M       314M

MemTotal:        4016004 kB
MemFree:         3239440 kB
Active:           420960 kB
Mem:          3.8G       758M       3.1G       5.7M        62M       314M

MemTotal:        4016004 kB
MemFree:         3240200 kB
Active:           420920 kB
Mem:          3.8G       757M       3.1G       5.7M        62M       314M

MemTotal:        4016004 kB
MemFree:         3240076 kB
Active:           420920 kB
Mem:          3.8G       757M       3.1G       5.7M        62M       314M

MemTotal:        4016004 kB
MemFree:         3239704 kB
Active:           420960 kB
Mem:          3.8G       758M       3.1G       5.7M        62M       314M

MemTotal:        4016004 kB
MemFree:         3240200 kB
Active:           420932 kB
Mem:          3.8G       757M       3.1G       5.7M        62M       314M

MemTotal:        4016004 kB
MemFree:         3240200 kB
Active:           420924 kB
Mem:          3.8G       757M       3.1G       5.7M        62M       314M

MemTotal:        4016004 kB
MemFree:         3240076 kB
Active:           420976 kB
Mem:          3.8G       757M       3.1G       5.7M        62M       314M

MemTotal:        4016004 kB
MemFree:         3239828 kB
Active:           420988 kB
Mem:          3.8G       757M       3.1G       5.7M        62M       314M

MemTotal:        4016004 kB
MemFree:         3239952 kB
Active:           420988 kB
Mem:          3.8G       757M       3.1G       5.7M        62M       314M

MemTotal:        4016004 kB
MemFree:         3239936 kB
Active:           420944 kB
Mem:          3.8G       758M       3.1G       5.7M        62M       314M

MemTotal:        4016004 kB
MemFree:         3239300 kB
Active:           420988 kB
Mem:          3.8G       758M       3.1G       5.7M        62M       314M

MemTotal:        4016004 kB
MemFree:         3239656 kB
Active:           420988 kB
Mem:          3.8G       758M       3.1G       5.7M        62M       314M

MemTotal:        4016004 kB
MemFree:         3239844 kB
Active:           420956 kB
Mem:          3.8G       758M       3.1G       5.7M        62M       314M

MemTotal:        4016004 kB
MemFree:         3239720 kB
Active:           420980 kB
Mem:          3.8G       758M       3.1G       5.7M        62M       314M

MemTotal:        4016004 kB
MemFree:         3239348 kB
Active:           420996 kB
Mem:          3.8G       758M       3.1G       5.7M        62M       314M

MemTotal:        4016004 kB
MemFree:         3239720 kB
Active:           420976 kB
Mem:          3.8G       758M       3.1G       5.7M        62M       314M

MemTotal:        4016004 kB
MemFree:         3239844 kB
Active:           420992 kB
Mem:          3.8G       757M       3.1G       5.7M        62M       314M

MemTotal:        4016004 kB
MemFree:         3239844 kB
Active:           420996 kB
Mem:          3.8G       757M       3.1G       5.7M        62M       314M

MemTotal:        4016004 kB
MemFree:         3239952 kB
Active:           420964 kB
Mem:          3.8G       758M       3.1G       5.7M        62M       314M

MemTotal:        4016004 kB
MemFree:         3239944 kB
Active:           419156 kB
Mem:          3.8G       757M       3.1G       5.7M        62M       314M

MemTotal:        4016004 kB
MemFree:         3240168 kB
Active:           420972 kB
Mem:          3.8G       757M       3.1G       5.7M        62M       314M

MemTotal:        4016004 kB
MemFree:         3240168 kB
Active:           421008 kB
Mem:          3.8G       757M       3.1G       5.7M        62M       314M

MemTotal:        4016004 kB
MemFree:         3240044 kB
Active:           421004 kB
Mem:          3.8G       757M       3.1G       5.7M        62M       314M

MemTotal:        4016004 kB
MemFree:         3240044 kB
Active:           421012 kB
Mem:          3.8G       757M       3.1G       5.7M        62M       314M

MemTotal:        4016004 kB
MemFree:         3239424 kB
Active:           421020 kB
Mem:          3.8G       758M       3.1G       5.7M        62M       314M

MemTotal:        4016004 kB
MemFree:         3239176 kB
Active:           421020 kB
Mem:          3.8G       758M       3.1G       5.7M        62M       314M

MemTotal:        4016004 kB
MemFree:         3239780 kB
Active:           421028 kB
Mem:          3.8G       758M       3.1G       5.7M        62M       314M

MemTotal:        4016004 kB
MemFree:         3239640 kB
Active:           421032 kB
Mem:          3.8G       758M       3.1G       5.7M        62M       314M

MemTotal:        4016004 kB
MemFree:         3239936 kB
Active:           420992 kB
Mem:          3.8G       758M       3.1G       5.7M        62M       314M

MemTotal:        4016004 kB
MemFree:         3239440 kB
Active:           421032 kB
Mem:          3.8G       758M       3.1G       5.7M        62M       314M

MemTotal:        4016004 kB
MemFree:         3239812 kB
Active:           420980 kB
Mem:          3.8G       757M       3.1G       5.7M        62M       314M

MemTotal:        4016004 kB
MemFree:         3239564 kB
Active:           421032 kB
Mem:          3.8G       758M       3.1G       5.7M        62M       314M

MemTotal:        4016004 kB
MemFree:         3239564 kB
Active:           421032 kB
Mem:          3.8G       758M       3.1G       5.7M        62M       314M

MemTotal:        4016004 kB
MemFree:         3239564 kB
Active:           421020 kB
Mem:          3.8G       758M       3.1G       5.7M        62M       314M

MemTotal:        4016004 kB
MemFree:         3239176 kB
Active:           421044 kB
Mem:          3.8G       758M       3.1G       5.7M        62M       314M

MemTotal:        4016004 kB
MemFree:         3239656 kB
Active:           421000 kB
Mem:          3.8G       758M       3.1G       5.7M        62M       314M

MemTotal:        4016004 kB
MemFree:         3239888 kB
Active:           420992 kB
Mem:          3.8G       758M       3.1G       5.7M        62M       314M

MemTotal:        4016004 kB
MemFree:         3239624 kB
Active:           420996 kB
Mem:          3.8G       758M       3.1G       5.7M        62M       314M

MemTotal:        4016004 kB
MemFree:         3239160 kB
Active:           421044 kB
Mem:          3.8G       758M       3.1G       5.7M        62M       314M

MemTotal:        4016004 kB
MemFree:         3239160 kB
Active:           421048 kB
Mem:          3.8G       758M       3.1G       5.7M        62M       314M

MemTotal:        4016004 kB
MemFree:         3239656 kB
Active:           421024 kB
Mem:          3.8G       758M       3.1G       5.7M        62M       314M

MemTotal:        4016004 kB
MemFree:         3239532 kB
Active:           421056 kB
Mem:          3.8G       758M       3.1G       5.7M        62M       314M

MemTotal:        4016004 kB
MemFree:         3239408 kB
Active:           421056 kB
Mem:          3.8G       758M       3.1G       5.7M        62M       314M

MemTotal:        4016004 kB
MemFree:         3239656 kB
Active:           421036 kB
Mem:          3.8G       758M       3.1G       5.7M        62M       314M

MemTotal:        4016004 kB
MemFree:         3239904 kB
Active:           421008 kB
Mem:          3.8G       758M       3.1G       5.7M        62M       314M

MemTotal:        4016004 kB
MemFree:         3240028 kB
Active:           421020 kB
Mem:          3.8G       758M       3.1G       5.7M        62M       314M

MemTotal:        4016004 kB
MemFree:         3239904 kB
Active:           421024 kB
Mem:          3.8G       757M       3.1G       5.7M        62M       314M

MemTotal:        4016004 kB
MemFree:         3239904 kB
Active:           421056 kB
Mem:          3.8G       758M       3.1G       5.7M        62M       314M

MemTotal:        4016004 kB
MemFree:         3239888 kB
Active:           421024 kB
Mem:          3.8G       757M       3.1G       5.7M        62M       314M

MemTotal:        4016004 kB
MemFree:         3239796 kB
Active:           419168 kB
Mem:          3.8G       758M       3.1G       5.7M        62M       314M

MemTotal:        4016004 kB
MemFree:         3239476 kB
Active:           421132 kB
Mem:          3.8G       758M       3.1G       5.7M        62M       314M

MemTotal:        4016004 kB
MemFree:         3239724 kB
Active:           421152 kB
Mem:          3.8G       758M       3.1G       5.7M        62M       314M

MemTotal:        4016004 kB
MemFree:         3239228 kB
Active:           421168 kB
Mem:          3.8G       758M       3.1G       5.7M        62M       314M

MemTotal:        4016004 kB
MemFree:         3239724 kB
Active:           421168 kB
Mem:          3.8G       758M       3.1G       5.7M        62M       314M

MemTotal:        4016004 kB
MemFree:         3239848 kB
Active:           421160 kB
Mem:          3.8G       758M       3.1G       5.7M        62M       314M

MemTotal:        4016004 kB
MemFree:         3239352 kB
Active:           421168 kB
Mem:          3.8G       758M       3.1G       5.7M        62M       314M

MemTotal:        4016004 kB
MemFree:         3239088 kB
Active:           421168 kB
Mem:          3.8G       758M       3.1G       5.7M        62M       314M

MemTotal:        4016004 kB
MemFree:         3239320 kB
Active:           421148 kB
Mem:          3.8G       758M       3.1G       5.7M        62M       314M

MemTotal:        4016004 kB
MemFree:         3238932 kB
Active:           421172 kB
Mem:          3.8G       758M       3.1G       5.7M        62M       314M

MemTotal:        4016004 kB
MemFree:         3239260 kB
Active:           419176 kB
Mem:          3.8G       758M       3.1G       5.7M        62M       314M

MemTotal:        4016004 kB
MemFree:         3239452 kB
Active:           421180 kB
Mem:          3.8G       758M       3.1G       5.7M        62M       314M

MemTotal:        4016004 kB
MemFree:         3239824 kB
Active:           421144 kB
Mem:          3.8G       758M       3.1G       5.7M        62M       314M

MemTotal:        4016004 kB
MemFree:         3239328 kB
Active:           421192 kB
Mem:          3.8G       758M       3.1G       5.7M        62M       314M

MemTotal:        4016004 kB
MemFree:         3239576 kB
Active:           421188 kB
Mem:          3.8G       758M       3.1G       5.7M        62M       314M

MemTotal:        4016004 kB
MemFree:         3239700 kB
Active:           421168 kB
Mem:          3.8G       758M       3.1G       5.7M        62M       314M

MemTotal:        4016004 kB
MemFree:         3239700 kB
Active:           421156 kB
Mem:          3.8G       758M       3.1G       5.7M        62M       314M

MemTotal:        4016004 kB
MemFree:         3239328 kB
Active:           421192 kB
Mem:          3.8G       758M       3.1G       5.7M        62M       314M

MemTotal:        4016004 kB
MemFree:         3239576 kB
Active:           421184 kB
Mem:          3.8G       758M       3.1G       5.7M        62M       314M

MemTotal:        4016004 kB
MemFree:         3239544 kB
Active:           421200 kB
Mem:          3.8G       758M       3.1G       5.7M        62M       314M

MemTotal:        4016004 kB
MemFree:         3239096 kB
Active:           421204 kB
Mem:          3.8G       758M       3.1G       5.7M        62M       314M

MemTotal:        4016004 kB
MemFree:         3239220 kB
Active:           421164 kB
Mem:          3.8G       758M       3.1G       5.7M        62M       314M

MemTotal:        4016004 kB
MemFree:         3239220 kB
Active:           421180 kB
Mem:          3.8G       758M       3.1G       5.7M        62M       314M

MemTotal:        4016004 kB
MemFree:         3239096 kB
Active:           421184 kB
Mem:          3.8G       758M       3.1G       5.7M        62M       314M

MemTotal:        4016004 kB
MemFree:         3239220 kB
Active:           421156 kB
Mem:          3.8G       758M       3.1G       5.7M        62M       314M

MemTotal:        4016004 kB
MemFree:         3239204 kB
Active:           421156 kB
Mem:          3.8G       758M       3.1G       5.7M        62M       314M

MemTotal:        4016004 kB
MemFree:         3238960 kB
Active:           421212 kB
Mem:          3.8G       758M       3.1G       5.7M        62M       314M

MemTotal:        4016004 kB
MemFree:         3238884 kB
Active:           421224 kB
Mem:          3.8G       758M       3.1G       5.7M        62M       314M

MemTotal:        4016004 kB
MemFree:         3239504 kB
Active:           421180 kB
Mem:          3.8G       758M       3.1G       5.7M        62M       314M

MemTotal:        4016004 kB
MemFree:         3240000 kB
Active:           421176 kB
Mem:          3.8G       757M       3.1G       5.7M        62M       314M

MemTotal:        4016004 kB
MemFree:         3237332 kB
Active:           421236 kB
Mem:          3.8G       760M       3.1G       5.7M        62M       314M

MemTotal:        4016004 kB
MemFree:         3237332 kB
Active:           423260 kB
Mem:          3.8G       760M       3.1G       5.7M        62M       314M

MemTotal:        4016004 kB
MemFree:         3237952 kB
Active:           423212 kB
Mem:          3.8G       759M       3.1G       5.7M        62M       314M

MemTotal:        4016004 kB
MemFree:         3237720 kB
Active:           423268 kB
Mem:          3.8G       760M       3.1G       5.7M        62M       314M

MemTotal:        4016004 kB
MemFree:         3237472 kB
Active:           423268 kB
Mem:          3.8G       760M       3.1G       5.7M        62M       314M

MemTotal:        4016004 kB
MemFree:         3237720 kB
Active:           423240 kB
Mem:          3.8G       760M       3.1G       5.7M        62M       314M

MemTotal:        4016004 kB
MemFree:         3237968 kB
Active:           423252 kB
Mem:          3.8G       759M       3.1G       5.7M        62M       314M

MemTotal:        4016004 kB
MemFree:         3237720 kB
Active:           423268 kB
Mem:          3.8G       759M       3.1G       5.7M        62M       314M

MemTotal:        4016004 kB
MemFree:         3237752 kB
Active:           423272 kB
Mem:          3.8G       760M       3.1G       5.7M        62M       314M

MemTotal:        4016004 kB
MemFree:         3238280 kB
Active:           423228 kB
Mem:          3.8G       759M       3.1G       5.7M        62M       314M

MemTotal:        4016004 kB
MemFree:         3237504 kB
Active:           421252 kB
Mem:          3.8G       760M       3.1G       5.7M        62M       314M

MemTotal:        4016004 kB
MemFree:         3237656 kB
Active:           423220 kB
Mem:          3.8G       760M       3.1G       5.7M        62M       314M

MemTotal:        4016004 kB
MemFree:         3237672 kB
Active:           423260 kB
Mem:          3.8G       760M       3.1G       5.7M        62M       314M

MemTotal:        4016004 kB
MemFree:         3238044 kB
Active:           423232 kB
Mem:          3.8G       759M       3.1G       5.7M        62M       314M

MemTotal:        4016004 kB
MemFree:         3237672 kB
Active:           423276 kB
Mem:          3.8G       759M       3.1G       5.7M        62M       314M

MemTotal:        4016004 kB
MemFree:         3237796 kB
Active:           423276 kB
Mem:          3.8G       759M       3.1G       5.7M        62M       314M

MemTotal:        4016004 kB
MemFree:         3238292 kB
Active:           423260 kB
Mem:          3.8G       759M       3.1G       5.7M        62M       314M

MemTotal:        4016004 kB
MemFree:         3237920 kB
Active:           423284 kB
Mem:          3.8G       759M       3.1G       5.7M        62M       314M

MemTotal:        4016004 kB
MemFree:         3237796 kB
Active:           423288 kB
Mem:          3.8G       759M       3.1G       5.7M        62M       314M

MemTotal:        4016004 kB
MemFree:         3238044 kB
Active:           423280 kB
Mem:          3.8G       759M       3.1G       5.7M        62M       314M

MemTotal:        4016004 kB
MemFree:         3237372 kB
Active:           421352 kB
Mem:          3.8G       760M       3.1G       5.7M        62M       314M

MemTotal:        4016004 kB
MemFree:         3237904 kB
Active:           423244 kB
Mem:          3.8G       760M       3.1G       5.7M        62M       314M

MemTotal:        4016004 kB
MemFree:         3237656 kB
Active:           423260 kB
Mem:          3.8G       760M       3.1G       5.7M        62M       314M

MemTotal:        4016004 kB
MemFree:         3238152 kB
Active:           423148 kB
Mem:          3.8G       759M       3.1G       5.7M        62M       314M

MemTotal:        4016004 kB
MemFree:         3237672 kB
Active:           423128 kB
Mem:          3.8G       759M       3.1G       5.7M        62M       314M

MemTotal:        4016004 kB
MemFree:         3238168 kB
Active:           423096 kB
Mem:          3.8G       759M       3.1G       5.7M        62M       314M

MemTotal:        4016004 kB
MemFree:         3238044 kB
Active:           423112 kB
Mem:          3.8G       759M       3.1G       5.7M        62M       314M

MemTotal:        4016004 kB
MemFree:         3237796 kB
Active:           423132 kB
Mem:          3.8G       759M       3.1G       5.7M        62M       314M

MemTotal:        4016004 kB
MemFree:         3237796 kB
Active:           423132 kB
Mem:          3.8G       759M       3.1G       5.7M        62M       314M

MemTotal:        4016004 kB
MemFree:         3238044 kB
Active:           423080 kB
Mem:          3.8G       759M       3.1G       5.7M        62M       314M

MemTotal:        4016004 kB
MemFree:         3238056 kB
Active:           421148 kB
Mem:          3.8G       759M       3.1G       5.7M        62M       314M

MemTotal:        4016004 kB
MemFree:         3237908 kB
Active:           423140 kB
Mem:          3.8G       759M       3.1G       5.7M        62M       314M

MemTotal:        4016004 kB
MemFree:         3237784 kB
Active:           423128 kB
Mem:          3.8G       760M       3.1G       5.7M        62M       314M

MemTotal:        4016004 kB
MemFree:         3237908 kB
Active:           423092 kB
Mem:          3.8G       759M       3.1G       5.7M        62M       314M

MemTotal:        4016004 kB
MemFree:         3237660 kB
Active:           423140 kB
Mem:          3.8G       760M       3.1G       5.7M        62M       314M

MemTotal:        4016004 kB
MemFree:         3238156 kB
Active:           423084 kB
Mem:          3.8G       759M       3.1G       5.7M        62M       314M

MemTotal:        4016004 kB
MemFree:         3238280 kB
Active:           423092 kB
Mem:          3.8G       759M       3.1G       5.7M        62M       314M

MemTotal:        4016004 kB
MemFree:         3238156 kB
Active:           423108 kB
Mem:          3.8G       759M       3.1G       5.7M        62M       314M

MemTotal:        4016004 kB
MemFree:         3237660 kB
Active:           423156 kB
Mem:          3.8G       759M       3.1G       5.7M        62M       314M

MemTotal:        4016004 kB
MemFree:         3238032 kB
Active:           423108 kB
Mem:          3.8G       759M       3.1G       5.7M        62M       314M

MemTotal:        4016004 kB
MemFree:         3236108 kB
Active:           423116 kB
Mem:          3.8G       761M       3.1G       5.7M        62M       314M

MemTotal:        4016004 kB
MemFree:         3235984 kB
Active:           425180 kB
Mem:          3.8G       761M       3.1G       5.7M        62M       314M

MemTotal:        4016004 kB
MemFree:         3235984 kB
Active:           425180 kB
Mem:          3.8G       761M       3.1G       5.7M        62M       314M

MemTotal:        4016004 kB
MemFree:         3236372 kB
Active:           425128 kB
Mem:          3.8G       761M       3.1G       5.7M        62M       314M

MemTotal:        4016004 kB
MemFree:         3236372 kB
Active:           425148 kB
Mem:          3.8G       761M       3.1G       5.7M        62M       314M

MemTotal:        4016004 kB
MemFree:         3236124 kB
Active:           425204 kB
Mem:          3.8G       761M       3.1G       5.7M        62M       314M

MemTotal:        4016004 kB
MemFree:         3236372 kB
Active:           425204 kB
Mem:          3.8G       761M       3.1G       5.7M        62M       314M

MemTotal:        4016004 kB
MemFree:         3236620 kB
Active:           425148 kB
Mem:          3.8G       761M       3.1G       5.7M        62M       314M

MemTotal:        4016004 kB
MemFree:         3236620 kB
Active:           425200 kB
Mem:          3.8G       761M       3.1G       5.7M        62M       314M

MemTotal:        4016004 kB
MemFree:         3235876 kB
Active:           425204 kB
Mem:          3.8G       761M       3.1G       5.7M        62M       314M

MemTotal:        4016004 kB
MemFree:         3236124 kB
Active:           425172 kB
Mem:          3.8G       761M       3.1G       5.7M        62M       314M

MemTotal:        4016004 kB
MemFree:         3235628 kB
Active:           425224 kB
Mem:          3.8G       762M       3.1G       5.7M        62M       314M

MemTotal:        4016004 kB
MemFree:         3236000 kB
Active:           425220 kB
Mem:          3.8G       761M       3.1G       5.7M        62M       314M

MemTotal:        4016004 kB
MemFree:         3235876 kB
Active:           425184 kB
Mem:          3.8G       761M       3.1G       5.7M        62M       314M

MemTotal:        4016004 kB
MemFree:         3235752 kB
Active:           425196 kB
Mem:          3.8G       761M       3.1G       5.7M        62M       314M

MemTotal:        4016004 kB
MemFree:         3235876 kB
Active:           425204 kB
Mem:          3.8G       761M       3.1G       5.7M        62M       314M

MemTotal:        4016004 kB
MemFree:         3235504 kB
Active:           425228 kB
Mem:          3.8G       761M       3.1G       5.7M        62M       314M

MemTotal:        4016004 kB
MemFree:         3235876 kB
Active:           425188 kB
Mem:          3.8G       761M       3.1G       5.7M        62M       314M

MemTotal:        4016004 kB
MemFree:         3236372 kB
Active:           425216 kB
Mem:          3.8G       761M       3.1G       5.7M        62M       314M

MemTotal:        4016004 kB
MemFree:         3236372 kB
Active:           425184 kB
Mem:          3.8G       761M       3.1G       5.7M        62M       314M

MemTotal:        4016004 kB
MemFree:         3236372 kB
Active:           425216 kB
Mem:          3.8G       761M       3.1G       5.7M        62M       314M

MemTotal:        4016004 kB
MemFree:         3235876 kB
Active:           425236 kB
Mem:          3.8G       761M       3.1G       5.7M        62M       314M

MemTotal:        4016004 kB
MemFree:         3235876 kB
Active:           425240 kB
Mem:          3.8G       761M       3.1G       5.7M        62M       314M

MemTotal:        4016004 kB
MemFree:         3236124 kB
Active:           425208 kB
Mem:          3.8G       761M       3.1G       5.7M        62M       314M

MemTotal:        4016004 kB
MemFree:         3236124 kB
Active:           425236 kB
Mem:          3.8G       761M       3.1G       5.7M        62M       314M

MemTotal:        4016004 kB
MemFree:         3236248 kB
Active:           425196 kB
Mem:          3.8G       761M       3.1G       5.7M        62M       314M

MemTotal:        4016004 kB
MemFree:         3236248 kB
Active:           425192 kB
Mem:          3.8G       761M       3.1G       5.7M        62M       314M

MemTotal:        4016004 kB
MemFree:         3236124 kB
Active:           425204 kB
Mem:          3.8G       761M       3.1G       5.7M        62M       314M

MemTotal:        4016004 kB
MemFree:         3235752 kB
Active:           425252 kB
Mem:          3.8G       761M       3.1G       5.7M        62M       314M

MemTotal:        4016004 kB
MemFree:         3236000 kB
Active:           425236 kB
Mem:          3.8G       761M       3.1G       5.7M        62M       314M

MemTotal:        4016004 kB
MemFree:         3233952 kB
Active:           425232 kB
Mem:          3.8G       763M       3.1G       5.7M        62M       314M

MemTotal:        4016004 kB
MemFree:         3234076 kB
Active:           427260 kB
Mem:          3.8G       763M       3.1G       5.7M        62M       314M

MemTotal:        4016004 kB
MemFree:         3233456 kB
Active:           427284 kB
Mem:          3.8G       763M       3.1G       5.7M        62M       314M

MemTotal:        4016004 kB
MemFree:         3233828 kB
Active:           427276 kB
Mem:          3.8G       763M       3.1G       5.7M        62M       314M

MemTotal:        4016004 kB
MemFree:         3234200 kB
Active:           427276 kB
Mem:          3.8G       763M       3.1G       5.7M        62M       314M

MemTotal:        4016004 kB
MemFree:         3234076 kB
Active:           427276 kB
Mem:          3.8G       763M       3.1G       5.7M        62M       314M

MemTotal:        4016004 kB
MemFree:         3234076 kB
Active:           427288 kB
Mem:          3.8G       763M       3.1G       5.7M        62M       314M

MemTotal:        4016004 kB
MemFree:         3234200 kB
Active:           427256 kB
Mem:          3.8G       763M       3.1G       5.7M        62M       314M

MemTotal:        4016004 kB
MemFree:         3234200 kB
Active:           427252 kB
Mem:          3.8G       763M       3.1G       5.7M        62M       314M

MemTotal:        4016004 kB
MemFree:         3233580 kB
Active:           427288 kB
Mem:          3.8G       763M       3.1G       5.7M        62M       314M

MemTotal:        4016004 kB
MemFree:         3233952 kB
Active:           427292 kB
Mem:          3.8G       763M       3.1G       5.7M        62M       314M

MemTotal:        4016004 kB
MemFree:         3234200 kB
Active:           427300 kB
Mem:          3.8G       763M       3.1G       5.7M        62M       314M

MemTotal:        4016004 kB
MemFree:         3233704 kB
Active:           427300 kB
Mem:          3.8G       764M       3.1G       5.7M        62M       314M

MemTotal:        4016004 kB
MemFree:         3233704 kB
Active:           427260 kB
Mem:          3.8G       763M       3.1G       5.7M        62M       314M

MemTotal:        4016004 kB
MemFree:         3233704 kB
Active:           427280 kB
Mem:          3.8G       763M       3.1G       5.7M        62M       314M

MemTotal:        4016004 kB
MemFree:         3233580 kB
Active:           427300 kB
Mem:          3.8G       764M       3.1G       5.7M        62M       314M

MemTotal:        4016004 kB
MemFree:         3233704 kB
Active:           427304 kB
Mem:          3.8G       763M       3.1G       5.7M        62M       314M

MemTotal:        4016004 kB
MemFree:         3233828 kB
Active:           427264 kB
Mem:          3.8G       763M       3.1G       5.7M        62M       314M

MemTotal:        4016004 kB
MemFree:         3233704 kB
Active:           427304 kB
Mem:          3.8G       764M       3.1G       5.7M        62M       314M

MemTotal:        4016004 kB
MemFree:         3233952 kB
Active:           427264 kB
Mem:          3.8G       764M       3.1G       5.7M        62M       314M

MemTotal:        4016004 kB
MemFree:         3233440 kB
Active:           425432 kB
Mem:          3.8G       764M       3.1G       5.7M        62M       314M

MemTotal:        4016004 kB
MemFree:         3233700 kB
Active:           427328 kB
Mem:          3.8G       763M       3.1G       5.7M        62M       314M

MemTotal:        4016004 kB
MemFree:         3233700 kB
Active:           427328 kB
Mem:          3.8G       763M       3.1G       5.7M        62M       314M

MemTotal:        4016004 kB
MemFree:         3234196 kB
Active:           427324 kB
Mem:          3.8G       763M       3.1G       5.7M        62M       314M

MemTotal:        4016004 kB
MemFree:         3234196 kB
Active:           427316 kB
Mem:          3.8G       763M       3.1G       5.7M        62M       314M

MemTotal:        4016004 kB
MemFree:         3233824 kB
Active:           427332 kB
Mem:          3.8G       763M       3.1G       5.7M        62M       314M

MemTotal:        4016004 kB
MemFree:         3233948 kB
Active:           427276 kB
Mem:          3.8G       763M       3.1G       5.7M        62M       314M

MemTotal:        4016004 kB
MemFree:         3234072 kB
Active:           427328 kB
Mem:          3.8G       763M       3.1G       5.7M        62M       314M

MemTotal:        4016004 kB
MemFree:         3233948 kB
Active:           427312 kB
Mem:          3.8G       763M       3.1G       5.7M        62M       314M

MemTotal:        4016004 kB
MemFree:         3233700 kB
Active:           427340 kB
Mem:          3.8G       763M       3.1G       5.7M        62M       314M

MemTotal:        4016004 kB
MemFree:         3231156 kB
Active:           427344 kB
Mem:          3.8G       766M       3.1G       5.7M        62M       314M

MemTotal:        4016004 kB
MemFree:         3231528 kB
Active:           429316 kB
Mem:          3.8G       766M       3.1G       5.7M        62M       314M

MemTotal:        4016004 kB
MemFree:         3231156 kB
Active:           429368 kB
Mem:          3.8G       766M       3.1G       5.7M        62M       314M

MemTotal:        4016004 kB
MemFree:         3231528 kB
Active:           429316 kB
Mem:          3.8G       766M       3.1G       5.7M        62M       314M

MemTotal:        4016004 kB
MemFree:         3231776 kB
Active:           429340 kB
Mem:          3.8G       766M       3.1G       5.7M        62M       314M

MemTotal:        4016004 kB
MemFree:         3231900 kB
Active:           429372 kB
Mem:          3.8G       765M       3.1G       5.7M        62M       314M

MemTotal:        4016004 kB
MemFree:         3231404 kB
Active:           429376 kB
Mem:          3.8G       765M       3.1G       5.7M        62M       314M

MemTotal:        4016004 kB
MemFree:         3231652 kB
Active:           429360 kB
Mem:          3.8G       765M       3.1G       5.7M        62M       314M

MemTotal:        4016004 kB
MemFree:         3231776 kB
Active:           429356 kB
Mem:          3.8G       765M       3.1G       5.7M        62M       314M

MemTotal:        4016004 kB
MemFree:         3231156 kB
Active:           429388 kB
Mem:          3.8G       766M       3.1G       5.7M        62M       314M

MemTotal:        4016004 kB
MemFree:         3231528 kB
Active:           429336 kB
Mem:          3.8G       766M       3.1G       5.7M        62M       314M

MemTotal:        4016004 kB
MemFree:         3231528 kB
Active:           429340 kB
Mem:          3.8G       766M       3.1G       5.7M        62M       314M

MemTotal:        4016004 kB
MemFree:         3231652 kB
Active:           429364 kB
Mem:          3.8G       766M       3.1G       5.7M        62M       314M

MemTotal:        4016004 kB
MemFree:         3231404 kB
Active:           429388 kB
Mem:          3.8G       766M       3.1G       5.7M        62M       314M

MemTotal:        4016004 kB
MemFree:         3231652 kB
Active:           429336 kB
Mem:          3.8G       765M       3.1G       5.7M        62M       314M

MemTotal:        4016004 kB
MemFree:         3231776 kB
Active:           429352 kB
Mem:          3.8G       765M       3.1G       5.7M        62M       314M

MemTotal:        4016004 kB
MemFree:         3231776 kB
Active:           429372 kB
Mem:          3.8G       765M       3.1G       5.7M        62M       314M

MemTotal:        4016004 kB
MemFree:         3231776 kB
Active:           429388 kB
Mem:          3.8G       766M       3.1G       5.7M        62M       314M

MemTotal:        4016004 kB
MemFree:         3231652 kB
Active:           429388 kB
Mem:          3.8G       765M       3.1G       5.7M        62M       314M

MemTotal:        4016004 kB
MemFree:         3231776 kB
Active:           429368 kB
Mem:          3.8G       765M       3.1G       5.7M        62M       314M

MemTotal:        4016004 kB
MemFree:         3231404 kB
Active:           429400 kB
Mem:          3.8G       766M       3.1G       5.7M        62M       314M

MemTotal:        4016004 kB
MemFree:         3231404 kB
Active:           429396 kB
Mem:          3.8G       766M       3.1G       5.7M        62M       314M

MemTotal:        4016004 kB
MemFree:         3231280 kB
Active:           429356 kB
Mem:          3.8G       766M       3.1G       5.7M        62M       314M

MemTotal:        4016004 kB
MemFree:         3231528 kB
Active:           429364 kB
Mem:          3.8G       765M       3.1G       5.7M        62M       314M

MemTotal:        4016004 kB
MemFree:         3231528 kB
Active:           429412 kB
Mem:          3.8G       766M       3.1G       5.7M        62M       314M

MemTotal:        4016004 kB
MemFree:         3231660 kB
Active:           429360 kB
Mem:          3.8G       765M       3.1G       5.7M        62M       314M

MemTotal:        4016004 kB
MemFree:         3232032 kB
Active:           429368 kB
Mem:          3.8G       765M       3.1G       5.7M        62M       314M

MemTotal:        4016004 kB
MemFree:         3231412 kB
Active:           429412 kB
Mem:          3.8G       765M       3.1G       5.7M        62M       314M

MemTotal:        4016004 kB
MemFree:         3232032 kB
Active:           429356 kB
Mem:          3.8G       765M       3.1G       5.7M        62M       314M

MemTotal:        4016004 kB
MemFree:         3231660 kB
Active:           429404 kB
Mem:          3.8G       765M       3.1G       5.7M        62M       314M

MemTotal:        4016004 kB
MemFree:         3229612 kB
Active:           429372 kB
Mem:          3.8G       767M       3.1G       5.7M        62M       314M

MemTotal:        4016004 kB
MemFree:         3229612 kB
Active:           431404 kB
Mem:          3.8G       767M       3.1G       5.7M        62M       314M

MemTotal:        4016004 kB
MemFree:         3229860 kB
Active:           431404 kB
Mem:          3.8G       768M       3.1G       5.7M        62M       314M

MemTotal:        4016004 kB
MemFree:         3229736 kB
Active:           431420 kB
Mem:          3.8G       767M       3.1G       5.7M        62M       314M

MemTotal:        4016004 kB
MemFree:         3229240 kB
Active:           431440 kB
Mem:          3.8G       768M       3.1G       5.7M        62M       314M

MemTotal:        4016004 kB
MemFree:         3229736 kB
Active:           431388 kB
Mem:          3.8G       767M       3.1G       5.7M        62M       314M

MemTotal:        4016004 kB
MemFree:         3229240 kB
Active:           431444 kB
Mem:          3.8G       768M       3.1G       5.7M        62M       314M

MemTotal:        4016004 kB
MemFree:         3228992 kB
Active:           431444 kB
Mem:          3.8G       768M       3.1G       5.7M        62M       314M

MemTotal:        4016004 kB
MemFree:         3229488 kB
Active:           431436 kB
Mem:          3.8G       768M       3.1G       5.7M        62M       314M

MemTotal:        4016004 kB
MemFree:         3229240 kB
Active:           431452 kB
Mem:          3.8G       768M       3.1G       5.7M        62M       314M

MemTotal:        4016004 kB
MemFree:         3229200 kB
Active:           429488 kB
Mem:          3.8G       768M       3.1G       5.7M        62M       314M

MemTotal:        4016004 kB
MemFree:         3229300 kB
Active:           431464 kB
Mem:          3.8G       768M       3.1G       5.7M        62M       314M

MemTotal:        4016004 kB
MemFree:         3229300 kB
Active:           431440 kB
Mem:          3.8G       768M       3.1G       5.7M        62M       314M

MemTotal:        4016004 kB
MemFree:         3229300 kB
Active:           431416 kB
Mem:          3.8G       768M       3.1G       5.7M        62M       314M

MemTotal:        4016004 kB
MemFree:         3229532 kB
Active:           431564 kB
Mem:          3.8G       768M       3.1G       5.7M        62M       314M

MemTotal:        4016004 kB
MemFree:         3189088 kB
Active:           431752 kB
Mem:          3.8G       808M       3.0G       5.7M        62M       354M

MemTotal:        4016004 kB
MemFree:         3144848 kB
Active:           431764 kB
Mem:          3.8G       850M       3.0G       5.7M        63M       396M

MemTotal:        4016004 kB
MemFree:         3101476 kB
Active:           431740 kB
Mem:          3.8G       893M       3.0G       5.7M        63M       438M

MemTotal:        4016004 kB
MemFree:         3059220 kB
Active:           431796 kB
Mem:          3.8G       935M       2.9G       5.7M        63M       480M

MemTotal:        4016004 kB
MemFree:         3015336 kB
Active:           431760 kB
Mem:          3.8G       977M       2.9G       5.7M        63M       521M

MemTotal:        4016004 kB
MemFree:         2969484 kB
Active:           431796 kB
Mem:          3.8G       1.0G       2.8G       5.7M        63M       565M

MemTotal:        4016004 kB
MemFree:         2925880 kB
Active:           431808 kB
Mem:          3.8G       1.0G       2.8G       5.7M        63M       607M

MemTotal:        4016004 kB
MemFree:         2882740 kB
Active:           431808 kB
Mem:          3.8G       1.1G       2.7G       5.7M        63M       648M

MemTotal:        4016004 kB
MemFree:         2838620 kB
Active:           431760 kB
Mem:          3.8G       1.1G       2.7G       5.7M        63M       691M

MemTotal:        4016004 kB
MemFree:         2793668 kB
Active:           431808 kB
Mem:          3.8G       1.2G       2.7G       5.7M        63M       734M

MemTotal:        4016004 kB
MemFree:         2750812 kB
Active:           431776 kB
Mem:          3.8G       1.2G       2.6G       5.7M        63M       776M

MemTotal:        4016004 kB
MemFree:         2727568 kB
Active:           431788 kB
Mem:          3.8G       1.2G       2.6G       5.7M        63M       798M

MemTotal:        4016004 kB
MemFree:         2683360 kB
Active:           431836 kB
Mem:          3.8G       1.3G       2.6G       5.7M        63M       839M

MemTotal:        4016004 kB
MemFree:         2675000 kB
Active:           431832 kB
Mem:          3.8G       1.3G       2.6G       5.7M        63M       847M

MemTotal:        4016004 kB
MemFree:         2632052 kB
Active:           431852 kB
Mem:          3.8G       1.3G       2.5G       5.7M        63M       888M

MemTotal:        4016004 kB
MemFree:         2586788 kB
Active:           433880 kB
Mem:          3.8G       1.4G       2.5G       5.7M        63M       930M

MemTotal:        4016004 kB
MemFree:         2583924 kB
Active:           433880 kB
Mem:          3.8G       1.4G       2.5G       5.7M        63M       932M

MemTotal:        4016004 kB
MemFree:         2562908 kB
Active:           433824 kB
Mem:          3.8G       1.4G       2.4G       5.7M        63M       953M

MemTotal:        4016004 kB
MemFree:         2520376 kB
Active:           433892 kB
Mem:          3.8G       1.4G       2.4G       5.7M        63M       995M

MemTotal:        4016004 kB
MemFree:         2475872 kB
Active:           433892 kB
Mem:          3.8G       1.5G       2.4G       5.7M        63M       1.0G

MemTotal:        4016004 kB
MemFree:         2430888 kB
Active:           433892 kB
Mem:          3.8G       1.5G       2.3G       5.7M        63M       1.1G

MemTotal:        4016004 kB
MemFree:         2386152 kB
Active:           433892 kB
Mem:          3.8G       1.6G       2.3G       5.7M        63M       1.1G

MemTotal:        4016004 kB
MemFree:         2342672 kB
Active:           433900 kB
Mem:          3.8G       1.6G       2.2G       5.7M        63M       1.1G

MemTotal:        4016004 kB
MemFree:         2319048 kB
Active:           433900 kB
Mem:          3.8G       1.6G       2.2G       5.7M        63M       1.2G

MemTotal:        4016004 kB
MemFree:         2290836 kB
Active:           433856 kB
Mem:          3.8G       1.6G       2.2G       5.7M        63M       1.2G

MemTotal:        4016004 kB
MemFree:         2246624 kB
Active:           431904 kB
Mem:          3.8G       1.7G       2.1G       5.7M        63M       1.2G

MemTotal:        4016004 kB
MemFree:         2218208 kB
Active:           433912 kB
Mem:          3.8G       1.7G       2.1G       5.7M        63M       1.3G

MemTotal:        4016004 kB
MemFree:         2208956 kB
Active:           433896 kB
Mem:          3.8G       1.7G       2.1G       5.7M        63M       1.3G

MemTotal:        4016004 kB
MemFree:         2166104 kB
Active:           433936 kB
Mem:          3.8G       1.8G       2.1G       5.7M        63M       1.3G

MemTotal:        4016004 kB
MemFree:         2123124 kB
Active:           433940 kB
Mem:          3.8G       1.8G       2.0G       5.7M        63M       1.3G

MemTotal:        4016004 kB
MemFree:         2079940 kB
Active:           433940 kB
Mem:          3.8G       1.8G       2.0G       5.7M        63M       1.4G

MemTotal:        4016004 kB
MemFree:         2036912 kB
Active:           433912 kB
Mem:          3.8G       1.9G       1.9G       5.7M        63M       1.4G

MemTotal:        4016004 kB
MemFree:         1990316 kB
Active:           433952 kB
Mem:          3.8G       1.9G       1.9G       5.7M        63M       1.5G

MemTotal:        4016004 kB
MemFree:         1945828 kB
Active:           433952 kB
Mem:          3.8G       2.0G       1.9G       5.7M        63M       1.5G

MemTotal:        4016004 kB
MemFree:         1901572 kB
Active:           433904 kB
Mem:          3.8G       2.0G       1.8G       5.7M        63M       1.6G

MemTotal:        4016004 kB
MemFree:         1865656 kB
Active:           433956 kB
Mem:          3.8G       2.1G       1.8G       5.7M        63M       1.6G

MemTotal:        4016004 kB
MemFree:         1857200 kB
Active:           433920 kB
Mem:          3.8G       2.1G       1.8G       5.7M        63M       1.6G

MemTotal:        4016004 kB
MemFree:         1813380 kB
Active:           433968 kB
Mem:          3.8G       2.1G       1.7G       5.7M        63M       1.6G

MemTotal:        4016004 kB
MemFree:         1770132 kB
Active:           433980 kB
Mem:          3.8G       2.1G       1.7G       5.7M        63M       1.7G

MemTotal:        4016004 kB
MemFree:         1762032 kB
Active:           433980 kB
Mem:          3.8G       2.1G       1.7G       5.7M        63M       1.7G

MemTotal:        4016004 kB
MemFree:         1748360 kB
Active:           433996 kB
Mem:          3.8G       2.2G       1.7G       5.7M        63M       1.7G

MemTotal:        4016004 kB
MemFree:         1704552 kB
Active:           433976 kB
Mem:          3.8G       2.2G       1.6G       5.7M        63M       1.7G

MemTotal:        4016004 kB
MemFree:         1660040 kB
Active:           434016 kB
Mem:          3.8G       2.2G       1.6G       5.7M        63M       1.8G

MemTotal:        4016004 kB
MemFree:         1616080 kB
Active:           433976 kB
Mem:          3.8G       2.3G       1.5G       5.7M        63M       1.8G

MemTotal:        4016004 kB
MemFree:         1573544 kB
Active:           433996 kB
Mem:          3.8G       2.3G       1.5G       5.7M        63M       1.9G

MemTotal:        4016004 kB
MemFree:         1529924 kB
Active:           434040 kB
Mem:          3.8G       2.4G       1.5G       5.7M        63M       1.9G

MemTotal:        4016004 kB
MemFree:         1485436 kB
Active:           434040 kB
Mem:          3.8G       2.4G       1.4G       5.7M        63M       1.9G

MemTotal:        4016004 kB
MemFree:         1439336 kB
Active:           434040 kB
Mem:          3.8G       2.5G       1.4G       5.7M        63M       2.0G

MemTotal:        4016004 kB
MemFree:         1395964 kB
Active:           434048 kB
Mem:          3.8G       2.5G       1.3G       5.7M        63M       2.0G

MemTotal:        4016004 kB
MemFree:         1352116 kB
Active:           434052 kB
Mem:          3.8G       2.5G       1.3G       5.7M        63M       2.1G

MemTotal:        4016004 kB
MemFree:         1310252 kB
Active:           434064 kB
Mem:          3.8G       2.6G       1.2G       5.7M        63M       2.1G

MemTotal:        4016004 kB
MemFree:         1309880 kB
Active:           434032 kB
Mem:          3.8G       2.6G       1.2G       5.7M        63M       2.1G

MemTotal:        4016004 kB
MemFree:         1304388 kB
Active:           434068 kB
Mem:          3.8G       2.6G       1.2G       5.7M        63M       2.1G

MemTotal:        4016004 kB
MemFree:         1259872 kB
Active:           434080 kB
Mem:          3.8G       2.6G       1.2G       5.7M        63M       2.2G

MemTotal:        4016004 kB
MemFree:         1216056 kB
Active:           434068 kB
Mem:          3.8G       2.7G       1.2G       5.7M        63M       2.2G

MemTotal:        4016004 kB
MemFree:         1173072 kB
Active:           434036 kB
Mem:          3.8G       2.7G       1.1G       5.7M        63M       2.2G

MemTotal:        4016004 kB
MemFree:         1129824 kB
Active:           434048 kB
Mem:          3.8G       2.8G       1.1G       5.7M        63M       2.3G

MemTotal:        4016004 kB
MemFree:         1085832 kB
Active:           434060 kB
Mem:          3.8G       2.8G       1.0G       5.7M        63M       2.3G

MemTotal:        4016004 kB
MemFree:         1040212 kB
Active:           434092 kB
Mem:          3.8G       2.8G       1.0G       5.7M        63M       2.4G

MemTotal:        4016004 kB
MemFree:          996096 kB
Active:           434092 kB
Mem:          3.8G       2.9G       972M       5.7M        63M       2.4G

MemTotal:        4016004 kB
MemFree:          952708 kB
Active:           434092 kB
Mem:          3.8G       2.9G       929M       5.7M        63M       2.4G

MemTotal:        4016004 kB
MemFree:          909956 kB
Active:           434072 kB
Mem:          3.8G       3.0G       888M       5.7M        63M       2.5G

MemTotal:        4016004 kB
MemFree:          865516 kB
Active:           434100 kB
Mem:          3.8G       3.0G       844M       5.7M        63M       2.5G

MemTotal:        4016004 kB
MemFree:          821304 kB
Active:           434124 kB
Mem:          3.8G       3.0G       802M       5.7M        63M       2.6G

MemTotal:        4016004 kB
MemFree:          778112 kB
Active:           434124 kB
Mem:          3.8G       3.1G       759M       5.7M        63M       2.6G

MemTotal:        4016004 kB
MemFree:          734124 kB
Active:           434140 kB
Mem:          3.8G       3.1G       716M       5.7M        63M       2.6G

MemTotal:        4016004 kB
MemFree:          689884 kB
Active:           434144 kB
Mem:          3.8G       3.2G       673M       5.7M        63M       2.7G

MemTotal:        4016004 kB
MemFree:          646176 kB
Active:           434152 kB
Mem:          3.8G       3.2G       631M       5.7M        63M       2.7G

MemTotal:        4016004 kB
MemFree:          603904 kB
Active:           434160 kB
Mem:          3.8G       3.3G       589M       5.7M        63M       2.8G

MemTotal:        4016004 kB
MemFree:          559664 kB
Active:           434160 kB
Mem:          3.8G       3.3G       546M       5.7M        63M       2.8G

MemTotal:        4016004 kB
MemFree:          516416 kB
Active:           434116 kB
Mem:          3.8G       3.3G       504M       5.7M        63M       2.9G

MemTotal:        4016004 kB
MemFree:          472920 kB
Active:           434160 kB
Mem:          3.8G       3.4G       461M       5.7M        63M       2.9G

MemTotal:        4016004 kB
MemFree:          430248 kB
Active:           434160 kB
Mem:          3.8G       3.4G       419M       5.7M        63M       2.9G

MemTotal:        4016004 kB
MemFree:          386036 kB
Active:           434136 kB
Mem:          3.8G       3.5G       377M       5.7M        63M       3.0G

MemTotal:        4016004 kB
MemFree:          347844 kB
Active:           434148 kB
Mem:          3.8G       3.5G       339M       5.7M        63M       3.0G

MemTotal:        4016004 kB
MemFree:          316956 kB
Active:           434160 kB
Mem:          3.8G       3.5G       308M       5.7M        63M       3.0G

MemTotal:        4016004 kB
MemFree:          273276 kB
Active:           434192 kB
Mem:          3.8G       3.6G       266M       5.7M        63M       3.1G

MemTotal:        4016004 kB
MemFree:          262212 kB
Active:           434196 kB
Mem:          3.8G       3.6G       256M       5.7M        63M       3.1G

MemTotal:        4016004 kB
MemFree:          233000 kB
Active:           434200 kB
Mem:          3.8G       3.6G       227M       5.7M        63M       3.1G

MemTotal:        4016004 kB
MemFree:          188628 kB
Active:           434220 kB
Mem:          3.8G       3.7G       183M       5.7M        63M       3.2G

MemTotal:        4016004 kB
MemFree:          145600 kB
Active:           434220 kB
Mem:          3.8G       3.7G       142M       5.7M        63M       3.2G

MemTotal:        4016004 kB
MemFree:          126304 kB
Active:           432428 kB
Mem:          3.8G       3.7G       121M       5.7M        40M       3.2G

MemTotal:        4016004 kB
MemFree:          127268 kB
Active:           445092 kB
Mem:          3.8G       3.7G       123M       5.7M        28M       3.3G

MemTotal:        4016004 kB
MemFree:          116132 kB
Active:           461044 kB
Mem:          3.8G       3.7G       110M       5.7M        27M       3.3G

MemTotal:        4016004 kB
MemFree:          131260 kB
Active:           496892 kB
Mem:          3.8G       3.7G       127M       5.7M        27M       3.3G

MemTotal:        4016004 kB
MemFree:          132516 kB
Active:           491572 kB
Mem:          3.8G       3.7G       129M       5.7M        27M       3.2G

MemTotal:        4016004 kB
MemFree:          131560 kB
Active:           486440 kB
Mem:          3.8G       3.7G       128M       5.7M        27M       3.2G

MemTotal:        4016004 kB
MemFree:          124928 kB
Active:           478704 kB
Mem:          3.8G       3.7G       132M       5.7M        27M       3.2G

MemTotal:        4016004 kB
MemFree:          135076 kB
Active:           473176 kB
Mem:          3.8G       3.7G       131M       5.7M        27M       3.2G

MemTotal:        4016004 kB
MemFree:          142072 kB
Active:           467556 kB
Mem:          3.8G       3.7G       138M       5.7M        27M       3.2G

MemTotal:        4016004 kB
MemFree:          128292 kB
Active:           465588 kB
Mem:          3.8G       3.7G       124M       5.7M        27M       3.3G

MemTotal:        4016004 kB
MemFree:          120464 kB
Active:           465476 kB
Mem:          3.8G       3.7G       117M       5.7M        27M       3.3G

MemTotal:        4016004 kB
MemFree:          111328 kB
Active:           462196 kB
Mem:          3.8G       3.7G       108M       5.7M        27M       3.3G

MemTotal:        4016004 kB
MemFree:          117740 kB
Active:           456444 kB
Mem:          3.8G       3.7G       115M       5.7M        27M       3.3G

MemTotal:        4016004 kB
MemFree:          128804 kB
Active:           452860 kB
Mem:          3.8G       3.7G       125M       5.7M        27M       3.3G

MemTotal:        4016004 kB
MemFree:          127924 kB
Active:           451460 kB
Mem:          3.8G       3.7G       124M       5.7M        27M       3.3G

MemTotal:        4016004 kB
MemFree:          126352 kB
Active:           448152 kB
Mem:          3.8G       3.7G       123M       5.7M        27M       3.3G

MemTotal:        4016004 kB
MemFree:          108584 kB
Active:           447264 kB
Mem:          3.8G       3.7G       105M       5.7M        27M       3.3G

MemTotal:        4016004 kB
MemFree:          130488 kB
Active:           445084 kB
Mem:          3.8G       3.7G       126M       5.7M        27M       3.3G

MemTotal:        4016004 kB
MemFree:          123412 kB
Active:           444084 kB
Mem:          3.8G       3.7G       120M       5.7M        27M       3.3G

MemTotal:        4016004 kB
MemFree:          114844 kB
Active:           442692 kB
Mem:          3.8G       3.7G       111M       5.7M        27M       3.3G

MemTotal:        4016004 kB
MemFree:          132080 kB
Active:           440892 kB
Mem:          3.8G       3.7G       128M       5.7M        27M       3.2G

MemTotal:        4016004 kB
MemFree:          125724 kB
Active:           439740 kB
Mem:          3.8G       3.7G       122M       5.7M        27M       3.3G

MemTotal:        4016004 kB
MemFree:          114836 kB
Active:           439860 kB
Mem:          3.8G       3.7G       111M       5.7M        27M       3.3G

MemTotal:        4016004 kB
MemFree:          109152 kB
Active:           438728 kB
Mem:          3.8G       3.7G       106M       5.7M        27M       3.3G

MemTotal:        4016004 kB
MemFree:          126444 kB
Active:           436812 kB
Mem:          3.8G       3.7G       123M       5.7M        27M       3.3G

MemTotal:        4016004 kB
MemFree:          105288 kB
Active:           433660 kB
Mem:          3.8G       3.7G       102M       5.7M        27M       3.3G

MemTotal:        4016004 kB
MemFree:          134428 kB
Active:           431396 kB
Mem:          3.8G       3.7G       131M       5.7M        27M       3.2G

MemTotal:        4016004 kB
MemFree:          127760 kB
Active:           430148 kB
Mem:          3.8G       3.7G       124M       5.7M        27M       3.3G

MemTotal:        4016004 kB
MemFree:          120568 kB
Active:           429060 kB
Mem:          3.8G       3.7G       117M       5.7M        27M       3.3G

MemTotal:        4016004 kB
MemFree:          111960 kB
Active:           427820 kB
Mem:          3.8G       3.7G       109M       5.7M        27M       3.3G

MemTotal:        4016004 kB
MemFree:          116228 kB
Active:           426256 kB
Mem:          3.8G       3.7G       113M       5.7M        27M       3.3G

MemTotal:        4016004 kB
MemFree:          122012 kB
Active:           424372 kB
Mem:          3.8G       3.7G       118M       5.7M        27M       3.3G

MemTotal:        4016004 kB
MemFree:          113888 kB
Active:           423096 kB
Mem:          3.8G       3.7G       111M       5.7M        27M       3.3G

MemTotal:        4016004 kB
MemFree:          107732 kB
Active:           421944 kB
Mem:          3.8G       3.7G       104M       5.7M        27M       3.3G

MemTotal:        4016004 kB
MemFree:          108856 kB
Active:           419900 kB
Mem:          3.8G       3.7G       106M       5.7M        27M       3.3G

MemTotal:        4016004 kB
MemFree:          126244 kB
Active:           418252 kB
Mem:          3.8G       3.7G       122M       5.7M        27M       3.3G

MemTotal:        4016004 kB
MemFree:          105704 kB
Active:           416936 kB
Mem:          3.8G       3.7G       102M       5.7M        27M       3.3G

MemTotal:        4016004 kB
MemFree:          109628 kB
Active:           415180 kB
Mem:          3.8G       3.7G       107M       5.7M        27M       3.3G

MemTotal:        4016004 kB
MemFree:          121188 kB
Active:           413528 kB
Mem:          3.8G       3.7G       117M       5.7M        27M       3.3G

MemTotal:        4016004 kB
MemFree:          125368 kB
Active:           412124 kB
Mem:          3.8G       3.7G       122M       5.7M        27M       3.3G

MemTotal:        4016004 kB
MemFree:          127540 kB
Active:           410388 kB
Mem:          3.8G       3.7G       124M       5.7M        27M       3.3G

MemTotal:        4016004 kB
MemFree:          109108 kB
Active:           409356 kB
Mem:          3.8G       3.7G       106M       5.7M        27M       3.3G

MemTotal:        4016004 kB
MemFree:          109136 kB
Active:           407908 kB
Mem:          3.8G       3.7G       106M       5.7M        27M       3.3G

MemTotal:        4016004 kB
MemFree:          107120 kB
Active:           406756 kB
Mem:          3.8G       3.7G       104M       5.7M        27M       3.3G

MemTotal:        4016004 kB
MemFree:          129456 kB
Active:           405104 kB
Mem:          3.8G       3.7G       126M       5.7M        27M       3.3G

MemTotal:        4016004 kB
MemFree:          133160 kB
Active:           403952 kB
Mem:          3.8G       3.7G       129M       5.7M        27M       3.2G

MemTotal:        4016004 kB
MemFree:          132324 kB
Active:           403968 kB
Mem:          3.8G       3.7G       129M       5.7M        27M       3.2G

MemTotal:        4016004 kB
MemFree:          132196 kB
Active:           404188 kB
Mem:          3.8G       3.7G       128M       5.7M        27M       3.2G

MemTotal:        4016004 kB
MemFree:          129888 kB
Active:           402448 kB
Mem:          3.8G       3.7G       126M       5.7M        27M       3.3G

MemTotal:        4016004 kB
MemFree:          121640 kB
Active:           401372 kB
Mem:          3.8G       3.7G       118M       5.7M        27M       3.3G

MemTotal:        4016004 kB
MemFree:          126468 kB
Active:           399504 kB
Mem:          3.8G       3.7G       123M       5.7M        27M       3.3G

MemTotal:        4016004 kB
MemFree:          134680 kB
Active:           397328 kB
Mem:          3.8G       3.7G       131M       5.7M        27M       3.2G

MemTotal:        4016004 kB
MemFree:          125372 kB
Active:           396312 kB
Mem:          3.8G       3.7G       122M       5.7M        27M       3.3G

MemTotal:        4016004 kB
MemFree:          111792 kB
Active:           395160 kB
Mem:          3.8G       3.7G       109M       5.7M        27M       3.3G

MemTotal:        4016004 kB
MemFree:          127940 kB
Active:           391528 kB
Mem:          3.8G       3.7G       124M       5.7M        27M       3.3G

MemTotal:        4016004 kB
MemFree:          132040 kB
Active:           389992 kB
Mem:          3.8G       3.7G       128M       5.7M        27M       3.2G

MemTotal:        4016004 kB
MemFree:          114132 kB
Active:           389812 kB
Mem:          3.8G       3.7G       111M       5.7M        27M       3.3G

MemTotal:        4016004 kB
MemFree:          115652 kB
Active:           388092 kB
Mem:          3.8G       3.7G       112M       5.7M        27M       3.3G

MemTotal:        4016004 kB
MemFree:          110792 kB
Active:           387964 kB
Mem:          3.8G       3.7G       107M       5.7M        27M       3.3G

MemTotal:        4016004 kB
MemFree:          120804 kB
Active:           386180 kB
Mem:          3.8G       3.7G       117M       5.7M        27M       3.3G

MemTotal:        4016004 kB
MemFree:          132712 kB
Active:           384012 kB
Mem:          3.8G       3.7G       129M       5.7M        27M       3.2G

MemTotal:        4016004 kB
MemFree:          124020 kB
Active:           382684 kB
Mem:          3.8G       3.7G       121M       5.7M        27M       3.3G

MemTotal:        4016004 kB
MemFree:          111080 kB
Active:           379844 kB
Mem:          3.8G       3.7G       107M       5.7M        27M       3.3G

MemTotal:        4016004 kB
MemFree:          127696 kB
Active:           377884 kB
Mem:          3.8G       3.7G       124M       5.7M        27M       3.3G

MemTotal:        4016004 kB
MemFree:          122672 kB
Active:           376520 kB
Mem:          3.8G       3.7G       119M       5.7M        27M       3.3G

MemTotal:        4016004 kB
MemFree:          127740 kB
Active:           375244 kB
Mem:          3.8G       3.7G       124M       5.7M        27M       3.3G

MemTotal:        4016004 kB
MemFree:          126060 kB
Active:           374092 kB
Mem:          3.8G       3.7G       122M       5.7M        27M       3.3G

MemTotal:        4016004 kB
MemFree:          113172 kB
Active:           374104 kB
Mem:          3.8G       3.7G       110M       5.7M        27M       3.3G

MemTotal:        4016004 kB
MemFree:          121012 kB
Active:           374060 kB
Mem:          3.8G       3.7G       125M       5.7M        27M       3.2G

MemTotal:        4016004 kB
MemFree:          122928 kB
Active:           373928 kB
Mem:          3.8G       3.7G       119M       5.7M        27M       3.3G

MemTotal:        4016004 kB
MemFree:          111536 kB
Active:           373952 kB
Mem:          3.8G       3.7G       108M       5.7M        27M       3.3G

MemTotal:        4016004 kB
MemFree:          111064 kB
Active:           373952 kB
Mem:          3.8G       3.7G       108M       5.7M        27M       3.3G

MemTotal:        4016004 kB
MemFree:          111252 kB
Active:           373940 kB
Mem:          3.8G       3.7G       108M       5.7M        27M       3.3G

MemTotal:        4016004 kB
MemFree:          106964 kB
Active:           374000 kB
Mem:          3.8G       3.7G       103M       5.7M        27M       3.3G

MemTotal:        4016004 kB
MemFree:          123728 kB
Active:           374016 kB
Mem:          3.8G       3.7G       120M       5.7M        27M       3.3G

MemTotal:        4016004 kB
MemFree:          108268 kB
Active:           374016 kB
Mem:          3.8G       3.7G       105M       5.7M        27M       3.3G

MemTotal:        4016004 kB
MemFree:          125144 kB
Active:           374016 kB
Mem:          3.8G       3.7G       126M       5.7M        27M       3.2G

MemTotal:        4016004 kB
MemFree:          119636 kB
Active:           371224 kB
Mem:          3.8G       3.7G       116M       5.7M        27M       3.3G

MemTotal:        4016004 kB
MemFree:          105660 kB
Active:           371108 kB
Mem:          3.8G       3.7G       103M       5.7M        27M       3.3G

MemTotal:        4016004 kB
MemFree:          127996 kB
Active:           371112 kB
Mem:          3.8G       3.7G       124M       5.7M        27M       3.2G

MemTotal:        4016004 kB
MemFree:          115228 kB
Active:           371112 kB
Mem:          3.8G       3.7G       112M       5.7M        27M       3.3G

MemTotal:        4016004 kB
MemFree:          107536 kB
Active:           371112 kB
Mem:          3.8G       3.7G       105M       5.7M        27M       3.3G

MemTotal:        4016004 kB
MemFree:          125988 kB
Active:           371096 kB
Mem:          3.8G       3.7G       122M       5.7M        28M       3.3G

MemTotal:        4016004 kB
MemFree:          130640 kB
Active:           371120 kB
Mem:          3.8G       3.7G       127M       5.7M        28M       3.2G

MemTotal:        4016004 kB
MemFree:          125620 kB
Active:           371124 kB
Mem:          3.8G       3.7G       122M       5.7M        28M       3.3G

MemTotal:        4016004 kB
MemFree:          111808 kB
Active:           371128 kB
Mem:          3.8G       3.7G       109M       5.7M        28M       3.3G

MemTotal:        4016004 kB
MemFree:          129224 kB
Active:           371136 kB
Mem:          3.8G       3.7G       125M       5.7M        28M       3.2G

MemTotal:        4016004 kB
MemFree:          127332 kB
Active:           371136 kB
Mem:          3.8G       3.7G       123M       5.7M        28M       3.2G

MemTotal:        4016004 kB
MemFree:          109384 kB
Active:           371140 kB
Mem:          3.8G       3.7G       106M       5.7M        28M       3.3G

MemTotal:        4016004 kB
MemFree:          125364 kB
Active:           371148 kB
Mem:          3.8G       3.7G       122M       5.7M        28M       3.3G

MemTotal:        4016004 kB
MemFree:          123072 kB
Active:           371148 kB
Mem:          3.8G       3.7G       119M       5.7M        28M       3.3G

MemTotal:        4016004 kB
MemFree:          109628 kB
Active:           371148 kB
Mem:          3.8G       3.7G       106M       5.7M        28M       3.3G

MemTotal:        4016004 kB
MemFree:          126992 kB
Active:           371148 kB
Mem:          3.8G       3.7G       123M       5.7M        28M       3.2G

MemTotal:        4016004 kB
MemFree:          111032 kB
Active:           371020 kB
Mem:          3.8G       3.7G       108M       5.7M        28M       3.3G

MemTotal:        4016004 kB
MemFree:          118016 kB
Active:           371012 kB
Mem:          3.8G       3.7G       115M       5.7M        28M       3.3G

MemTotal:        4016004 kB
MemFree:          113876 kB
Active:           371156 kB
Mem:          3.8G       3.7G       110M       5.7M        28M       3.3G

MemTotal:        4016004 kB
MemFree:          121880 kB
Active:           371172 kB
Mem:          3.8G       3.7G       119M       5.7M        28M       3.3G

MemTotal:        4016004 kB
MemFree:          128952 kB
Active:           371152 kB
Mem:          3.8G       3.7G       125M       5.7M        28M       3.2G

MemTotal:        4016004 kB
MemFree:          115792 kB
Active:           371204 kB
Mem:          3.8G       3.7G       112M       5.7M        28M       3.3G

MemTotal:        4016004 kB
MemFree:          109288 kB
Active:           371204 kB
Mem:          3.8G       3.7G       106M       5.7M        28M       3.3G

MemTotal:        4016004 kB
MemFree:          112724 kB
Active:           370548 kB
Mem:          3.8G       3.7G       109M       5.7M        28M       3.3G

MemTotal:        4016004 kB
MemFree:          104884 kB
Active:           370700 kB
Mem:          3.8G       3.7G       113M       5.7M        28M       3.3G

MemTotal:        4016004 kB
MemFree:          121828 kB
Active:           370304 kB
Mem:          3.8G       3.7G       118M       5.7M        28M       3.3G

MemTotal:        4016004 kB
MemFree:          113616 kB
Active:           370348 kB
Mem:          3.8G       3.7G       110M       5.7M        28M       3.3G

MemTotal:        4016004 kB
MemFree:          119272 kB
Active:           370352 kB
Mem:          3.8G       3.7G       116M       5.7M        28M       3.3G

MemTotal:        4016004 kB
MemFree:          112892 kB
Active:           370352 kB
Mem:          3.8G       3.7G       110M       5.7M        28M       3.3G

MemTotal:        4016004 kB
MemFree:          128504 kB
Active:           370348 kB
Mem:          3.8G       3.7G       125M       5.7M        28M       3.2G

MemTotal:        4016004 kB
MemFree:          120980 kB
Active:           370356 kB
Mem:          3.8G       3.7G       118M       5.7M        28M       3.3G

MemTotal:        4016004 kB
MemFree:          136624 kB
Active:           368028 kB
Mem:          3.8G       3.7G       133M       5.7M        28M       3.2G

MemTotal:        4016004 kB
MemFree:          116520 kB
Active:           367960 kB
Mem:          3.8G       3.7G       113M       5.7M        28M       3.3G

MemTotal:        4016004 kB
MemFree:          109404 kB
Active:           367972 kB
Mem:          3.8G       3.7G       106M       5.7M        28M       3.3G

MemTotal:        4016004 kB
MemFree:          125500 kB
Active:           367976 kB
Mem:          3.8G       3.7G       122M       5.7M        28M       3.2G

MemTotal:        4016004 kB
MemFree:          109148 kB
Active:           367976 kB
Mem:          3.8G       3.7G       118M       5.7M        28M       3.3G

MemTotal:        4016004 kB
MemFree:          105044 kB
Active:           367928 kB
Mem:          3.8G       3.7G       102M       5.7M        28M       3.3G

MemTotal:        4016004 kB
MemFree:          128152 kB
Active:           367964 kB
Mem:          3.8G       3.7G       124M       5.7M        28M       3.2G

MemTotal:        4016004 kB
MemFree:          126536 kB
Active:           367976 kB
Mem:          3.8G       3.7G       123M       5.7M        28M       3.2G

MemTotal:        4016004 kB
MemFree:          105748 kB
Active:           367988 kB
Mem:          3.8G       3.7G       103M       5.7M        28M       3.3G

MemTotal:        4016004 kB
MemFree:          129688 kB
Active:           367568 kB
Mem:          3.8G       3.7G       126M       5.7M        28M       3.2G

MemTotal:        4016004 kB
MemFree:          133684 kB
Active:           367456 kB
Mem:          3.8G       3.7G       130M       5.7M        28M       3.2G

MemTotal:        4016004 kB
MemFree:          125816 kB
Active:           367472 kB
Mem:          3.8G       3.7G       122M       5.7M        28M       3.2G

MemTotal:        4016004 kB
MemFree:          136040 kB
Active:           367464 kB
Mem:          3.8G       3.7G       132M       5.7M        28M       3.2G

MemTotal:        4016004 kB
MemFree:          135124 kB
Active:           367448 kB
Mem:          3.8G       3.7G       131M       5.7M        28M       3.2G

MemTotal:        4016004 kB
MemFree:          135472 kB
Active:           367476 kB
Mem:          3.8G       3.7G       132M       5.7M        28M       3.2G

MemTotal:        4016004 kB
MemFree:          131676 kB
Active:           367460 kB
Mem:          3.8G       3.7G       128M       5.7M        28M       3.2G

MemTotal:        4016004 kB
MemFree:          118180 kB
Active:           367512 kB
Mem:          3.8G       3.7G       114M       5.7M        28M       3.3G

MemTotal:        4016004 kB
MemFree:          109384 kB
Active:           367512 kB
Mem:          3.8G       3.7G       106M       5.7M        28M       3.3G

MemTotal:        4016004 kB
MemFree:          111308 kB
Active:           367512 kB
Mem:          3.8G       3.7G       120M       5.7M        28M       3.3G

MemTotal:        4016004 kB
MemFree:          126536 kB
Active:           367476 kB
Mem:          3.8G       3.7G       123M       5.7M        28M       3.2G

MemTotal:        4016004 kB
MemFree:          124580 kB
Active:           367476 kB
Mem:          3.8G       3.7G       121M       5.7M        28M       3.2G

MemTotal:        4016004 kB
MemFree:          109056 kB
Active:           365028 kB
Mem:          3.8G       3.7G       106M       5.7M        28M       3.3G

MemTotal:        4016004 kB
MemFree:          125204 kB
Active:           364904 kB
Mem:          3.8G       3.7G       121M       5.7M        28M       3.2G

MemTotal:        4016004 kB
MemFree:          119420 kB
Active:           364908 kB
Mem:          3.8G       3.7G       116M       5.7M        28M       3.3G

MemTotal:        4016004 kB
MemFree:          111108 kB
Active:           364916 kB
Mem:          3.8G       3.7G       108M       5.7M        28M       3.3G

MemTotal:        4016004 kB
MemFree:          134596 kB
Active:           364916 kB
Mem:          3.8G       3.7G       131M       5.7M        28M       3.2G

MemTotal:        4016004 kB
MemFree:          108676 kB
Active:           364916 kB
Mem:          3.8G       3.7G       105M       5.7M        28M       3.3G

MemTotal:        4016004 kB
MemFree:          105224 kB
Active:           364924 kB
Mem:          3.8G       3.7G       102M       5.7M        28M       3.3G

MemTotal:        4016004 kB
MemFree:          128060 kB
Active:           364936 kB
Mem:          3.8G       3.7G       124M       5.7M        28M       3.2G

MemTotal:        4016004 kB
MemFree:          127496 kB
Active:           364948 kB
Mem:          3.8G       3.7G       124M       5.7M        28M       3.2G

MemTotal:        4016004 kB
MemFree:          127972 kB
Active:           364900 kB
Mem:          3.8G       3.7G       125M       5.7M        28M       3.2G

MemTotal:        4016004 kB
MemFree:          141440 kB
Active:           364952 kB
Mem:          3.8G       3.7G       137M       5.7M        28M       3.2G

MemTotal:        4016004 kB
MemFree:          133648 kB
Active:           364956 kB
Mem:          3.8G       3.7G       130M       5.7M        28M       3.2G

MemTotal:        4016004 kB
MemFree:          126096 kB
Active:           364956 kB
Mem:          3.8G       3.7G       122M       5.7M        28M       3.2G

MemTotal:        4016004 kB
MemFree:          108556 kB
Active:           363628 kB
Mem:          3.8G       3.7G       105M       5.7M        28M       3.3G

MemTotal:        4016004 kB
MemFree:          126192 kB
Active:           363484 kB
Mem:          3.8G       3.7G       122M       5.7M        28M       3.2G

MemTotal:        4016004 kB
MemFree:          123576 kB
Active:           363484 kB
Mem:          3.8G       3.7G       120M       5.7M        28M       3.2G

MemTotal:        4016004 kB
MemFree:          107868 kB
Active:           363488 kB
Mem:          3.8G       3.7G       104M       5.7M        28M       3.3G

MemTotal:        4016004 kB
MemFree:          129648 kB
Active:           363488 kB
Mem:          3.8G       3.7G       126M       5.7M        28M       3.2G

MemTotal:        4016004 kB
MemFree:          123716 kB
Active:           363496 kB
Mem:          3.8G       3.7G       119M       5.7M        28M       3.2G

MemTotal:        4016004 kB
MemFree:          115132 kB
Active:           363496 kB
Mem:          3.8G       3.7G       112M       5.7M        28M       3.3G

MemTotal:        4016004 kB
MemFree:          133200 kB
Active:           363496 kB
Mem:          3.8G       3.7G       129M       5.7M        28M       3.2G

MemTotal:        4016004 kB
MemFree:          146092 kB
Active:           363472 kB
Mem:          3.8G       3.7G       142M       5.7M        28M       3.2G

MemTotal:        4016004 kB
MemFree:          129240 kB
Active:           360312 kB
Mem:          3.8G       3.7G       125M       5.7M        28M       3.2G

MemTotal:        4016004 kB
MemFree:          120564 kB
Active:           360132 kB
Mem:          3.8G       3.7G       117M       5.7M        28M       3.3G

MemTotal:        4016004 kB
MemFree:          119380 kB
Active:           360200 kB
Mem:          3.8G       3.7G       116M       5.7M        28M       3.3G

MemTotal:        4016004 kB
MemFree:          106136 kB
Active:           360172 kB
Mem:          3.8G       3.7G       103M       5.7M        28M       3.3G

MemTotal:        4016004 kB
MemFree:          129184 kB
Active:           360212 kB
Mem:          3.8G       3.7G       125M       5.7M        28M       3.2G

MemTotal:        4016004 kB
MemFree:          120672 kB
Active:           360216 kB
Mem:          3.8G       3.7G       118M       5.7M        28M       3.3G

MemTotal:        4016004 kB
MemFree:          132796 kB
Active:           360224 kB
Mem:          3.8G       3.7G       129M       5.7M        28M       3.2G

MemTotal:        4016004 kB
MemFree:          127312 kB
Active:           360188 kB
Mem:          3.8G       3.7G       124M       5.7M        28M       3.2G

MemTotal:        4016004 kB
MemFree:          119736 kB
Active:           360228 kB
Mem:          3.8G       3.7G       116M       5.7M        28M       3.3G

MemTotal:        4016004 kB
MemFree:          124732 kB
Active:           360220 kB
Mem:          3.8G       3.7G       121M       5.7M        28M       3.2G

MemTotal:        4016004 kB
MemFree:          117184 kB
Active:           360184 kB
Mem:          3.8G       3.7G       113M       5.7M        28M       3.3G

MemTotal:        4016004 kB
MemFree:          134832 kB
Active:           358928 kB
Mem:          3.8G       3.7G       131M       5.7M        28M       3.2G

MemTotal:        4016004 kB
MemFree:          134208 kB
Active:           358772 kB
Mem:          3.8G       3.7G       130M       5.7M        28M       3.2G

MemTotal:        4016004 kB
MemFree:          116112 kB
Active:           358772 kB
Mem:          3.8G       3.7G       112M       5.7M        28M       3.3G

MemTotal:        4016004 kB
MemFree:          108684 kB
Active:           358832 kB
Mem:          3.8G       3.7G       105M       5.7M        28M       3.3G

MemTotal:        4016004 kB
MemFree:          128588 kB
Active:           358808 kB
Mem:          3.8G       3.7G       127M       5.7M        28M       3.2G

MemTotal:        4016004 kB
MemFree:          105320 kB
Active:           358844 kB
Mem:          3.8G       3.7G       102M       5.7M        28M       3.3G

MemTotal:        4016004 kB
MemFree:          108648 kB
Active:           358836 kB
Mem:          3.8G       3.7G       105M       5.7M        28M       3.3G

MemTotal:        4016004 kB
MemFree:          114212 kB
Active:           358852 kB
Mem:          3.8G       3.7G       111M       5.7M        28M       3.3G

MemTotal:        4016004 kB
MemFree:          123496 kB
Active:           358820 kB
Mem:          3.8G       3.7G       120M       5.7M        28M       3.2G

MemTotal:        4016004 kB
MemFree:          116704 kB
Active:           358820 kB
Mem:          3.8G       3.7G       113M       5.7M        28M       3.3G

MemTotal:        4016004 kB
MemFree:          134180 kB
Active:           358828 kB
Mem:          3.8G       3.7G       131M       5.7M        28M       3.2G

MemTotal:        4016004 kB
MemFree:          126540 kB
Active:           358860 kB
Mem:          3.8G       3.7G       122M       5.7M        28M       3.2G

MemTotal:        4016004 kB
MemFree:          136624 kB
Active:           358868 kB
Mem:          3.8G       3.7G       132M       5.7M        28M       3.2G

MemTotal:        4016004 kB
MemFree:          130384 kB
Active:           358828 kB
Mem:          3.8G       3.7G       126M       5.7M        28M       3.2G

MemTotal:        4016004 kB
MemFree:          129596 kB
Active:           358828 kB
Mem:          3.8G       3.7G       126M       5.7M        28M       3.2G

MemTotal:        4016004 kB
MemFree:          116576 kB
Active:           358464 kB
Mem:          3.8G       3.7G       123M       5.7M        28M       3.2G

MemTotal:        4016004 kB
MemFree:          124980 kB
Active:           355452 kB
Mem:          3.8G       3.7G       121M       5.7M        28M       3.2G

MemTotal:        4016004 kB
MemFree:          107128 kB
Active:           355504 kB
Mem:          3.8G       3.7G       104M       5.7M        28M       3.3G

MemTotal:        4016004 kB
MemFree:          136140 kB
Active:           355504 kB
Mem:          3.8G       3.7G       132M       5.7M        28M       3.2G

MemTotal:        4016004 kB
MemFree:          121548 kB
Active:           355504 kB
Mem:          3.8G       3.7G       118M       5.7M        28M       3.2G

MemTotal:        4016004 kB
MemFree:          106220 kB
Active:           355464 kB
Mem:          3.8G       3.7G       113M       5.7M        28M       3.3G

MemTotal:        4016004 kB
MemFree:          127652 kB
Active:           355516 kB
Mem:          3.8G       3.7G       124M       5.7M        28M       3.2G

MemTotal:        4016004 kB
MemFree:          115040 kB
Active:           355516 kB
Mem:          3.8G       3.7G       111M       5.7M        28M       3.3G

MemTotal:        4016004 kB
MemFree:          107072 kB
Active:           355624 kB
Mem:          3.8G       3.7G       104M       5.7M        28M       3.3G

MemTotal:        4016004 kB
MemFree:          136104 kB
Active:           355668 kB
Mem:          3.8G       3.7G       130M       5.7M        28M       3.2G

MemTotal:        4016004 kB
MemFree:          106184 kB
Active:           355652 kB
Mem:          3.8G       3.7G       103M       5.7M        28M       3.3G

MemTotal:        4016004 kB
MemFree:          121264 kB
Active:           355564 kB
Mem:          3.8G       3.7G       117M       5.7M        28M       3.2G

MemTotal:        4016004 kB
MemFree:          126188 kB
Active:           355584 kB
Mem:          3.8G       3.7G       122M       5.7M        28M       3.2G

MemTotal:        4016004 kB
MemFree:          123416 kB
Active:           351396 kB
Mem:          3.8G       3.7G       120M       5.7M        28M       3.2G

MemTotal:        4016004 kB
MemFree:          106636 kB
Active:           351268 kB
Mem:          3.8G       3.7G       103M       5.7M        28M       3.3G

MemTotal:        4016004 kB
MemFree:          133604 kB
Active:           351372 kB
Mem:          3.8G       3.7G       130M       5.7M        28M       3.2G

MemTotal:        4016004 kB
MemFree:          119744 kB
Active:           351360 kB
Mem:          3.8G       3.7G       116M       5.7M        28M       3.2G

MemTotal:        4016004 kB
MemFree:          113224 kB
Active:           351408 kB
Mem:          3.8G       3.7G       110M       5.7M        28M       3.3G

MemTotal:        4016004 kB
MemFree:          130892 kB
Active:           351260 kB
Mem:          3.8G       3.7G       127M       5.7M        28M       3.2G

MemTotal:        4016004 kB
MemFree:          127084 kB
Active:           351300 kB
Mem:          3.8G       3.7G       123M       5.7M        28M       3.2G

MemTotal:        4016004 kB
MemFree:          135380 kB
Active:           351276 kB
Mem:          3.8G       3.7G       132M       5.7M        28M       3.2G

MemTotal:        4016004 kB
MemFree:          133836 kB
Active:           351424 kB
Mem:          3.8G       3.7G       130M       5.7M        28M       3.2G

MemTotal:        4016004 kB
MemFree:          108416 kB
Active:           351420 kB
Mem:          3.8G       3.7G       105M       5.7M        28M       3.3G

MemTotal:        4016004 kB
MemFree:          146612 kB
Active:           351308 kB
Mem:          3.8G       3.7G       143M       5.7M        28M       3.2G

MemTotal:        4016004 kB
MemFree:          127820 kB
Active:           351384 kB
Mem:          3.8G       3.7G       124M       5.7M        28M       3.2G

MemTotal:        4016004 kB
MemFree:          117832 kB
Active:           351284 kB
Mem:          3.8G       3.7G       114M       5.7M        28M       3.2G

MemTotal:        4016004 kB
MemFree:          109564 kB
Active:           351280 kB
Mem:          3.8G       3.7G       106M       5.7M        28M       3.3G

MemTotal:        4016004 kB
MemFree:          132824 kB
Active:           351292 kB
Mem:          3.8G       3.7G       129M       5.7M        28M       3.2G

MemTotal:        4016004 kB
MemFree:          118572 kB
Active:           351324 kB
Mem:          3.8G       3.7G       115M       5.7M        28M       3.2G

MemTotal:        4016004 kB
MemFree:          112828 kB
Active:           349448 kB
Mem:          3.8G       3.7G       110M       5.7M        28M       3.3G

MemTotal:        4016004 kB
MemFree:          122900 kB
Active:           349460 kB
Mem:          3.8G       3.7G       120M       5.7M        28M       3.2G

MemTotal:        4016004 kB
MemFree:          115524 kB
Active:           349328 kB
Mem:          3.8G       3.7G       112M       5.7M        28M       3.3G

MemTotal:        4016004 kB
MemFree:          109848 kB
Active:           349360 kB
Mem:          3.8G       3.7G       107M       5.7M        28M       3.3G

MemTotal:        4016004 kB
MemFree:          115108 kB
Active:           349416 kB
Mem:          3.8G       3.7G       112M       5.7M        28M       3.3G

MemTotal:        4016004 kB
MemFree:          108492 kB
Active:           349428 kB
Mem:          3.8G       3.7G       105M       5.7M        28M       3.3G

MemTotal:        4016004 kB
MemFree:          108200 kB
Active:           349344 kB
Mem:          3.8G       3.7G       105M       5.7M        28M       3.3G

MemTotal:        4016004 kB
MemFree:          105060 kB
Active:           349360 kB
Mem:          3.8G       3.7G       102M       5.7M        28M       3.3G

MemTotal:        4016004 kB
MemFree:          128096 kB
Active:           349368 kB
Mem:          3.8G       3.7G       123M       5.7M        28M       3.2G

MemTotal:        4016004 kB
MemFree:          127120 kB
Active:           349348 kB
Mem:          3.8G       3.7G       123M       5.7M        28M       3.2G

MemTotal:        4016004 kB
MemFree:          127628 kB
Active:           349372 kB
Mem:          3.8G       3.7G       123M       5.7M        28M       3.2G

MemTotal:        4016004 kB
MemFree:          114512 kB
Active:           349396 kB
Mem:          3.8G       3.7G       111M       5.7M        28M       3.3G

MemTotal:        4016004 kB
MemFree:          115000 kB
Active:           349092 kB
Mem:          3.8G       3.7G       112M       5.7M        28M       3.3G

MemTotal:        4016004 kB
MemFree:          114628 kB
Active:           349056 kB
Mem:          3.8G       3.7G       111M       5.7M        28M       3.3G

MemTotal:        4016004 kB
MemFree:          114628 kB
Active:           349080 kB
Mem:          3.8G       3.7G       111M       5.7M        28M       3.3G

MemTotal:        4016004 kB
MemFree:          114628 kB
Active:           349044 kB
Mem:          3.8G       3.7G       111M       5.7M        28M       3.3G

MemTotal:        4016004 kB
MemFree:          114628 kB
Active:           349068 kB
Mem:          3.8G       3.7G       111M       5.7M        28M       3.3G

MemTotal:        4016004 kB
MemFree:          115000 kB
Active:           349084 kB
Mem:          3.8G       3.7G       112M       5.7M        28M       3.3G

MemTotal:        4016004 kB
MemFree:          114876 kB
Active:           349060 kB
Mem:          3.8G       3.7G       112M       5.7M        28M       3.3G

MemTotal:        4016004 kB
MemFree:          114876 kB
Active:           349068 kB
Mem:          3.8G       3.7G       112M       5.7M        28M       3.3G

MemTotal:        4016004 kB
MemFree:          115000 kB
Active:           349084 kB
Mem:          3.8G       3.7G       112M       5.7M        28M       3.3G

MemTotal:        4016004 kB
MemFree:          114504 kB
Active:           349120 kB
Mem:          3.8G       3.7G       112M       5.7M        28M       3.3G

MemTotal:        4016004 kB
MemFree:          114752 kB
Active:           349076 kB
Mem:          3.8G       3.7G       112M       5.7M        28M       3.3G

MemTotal:        4016004 kB
MemFree:          114504 kB
Active:           349084 kB
Mem:          3.8G       3.7G       111M       5.7M        28M       3.3G

MemTotal:        4016004 kB
MemFree:          114132 kB
Active:           349120 kB
Mem:          3.8G       3.7G       111M       5.7M        28M       3.3G

MemTotal:        4016004 kB
MemFree:          114256 kB
Active:           349120 kB
Mem:          3.8G       3.7G       111M       5.7M        28M       3.3G

MemTotal:        4016004 kB
MemFree:          114380 kB
Active:           349084 kB
Mem:          3.8G       3.7G       111M       5.7M        28M       3.3G

MemTotal:        4016004 kB
MemFree:          114380 kB
Active:           349072 kB
Mem:          3.8G       3.7G       111M       5.7M        28M       3.3G

MemTotal:        4016004 kB
MemFree:          114628 kB
Active:           349104 kB
Mem:          3.8G       3.7G       111M       5.7M        28M       3.3G

MemTotal:        4016004 kB
MemFree:          114628 kB
Active:           349104 kB
Mem:          3.8G       3.7G       111M       5.7M        28M       3.3G

MemTotal:        4016004 kB
MemFree:          114504 kB
Active:           349124 kB
Mem:          3.8G       3.7G       111M       5.7M        28M       3.3G

MemTotal:        4016004 kB
MemFree:          114256 kB
Active:           349128 kB
Mem:          3.8G       3.7G       111M       5.7M        28M       3.3G

MemTotal:        4016004 kB
MemFree:          114628 kB
Active:           349076 kB
Mem:          3.8G       3.7G       111M       5.7M        28M       3.3G

MemTotal:        4016004 kB
MemFree:          114628 kB
Active:           349096 kB
Mem:          3.8G       3.7G       111M       5.7M        28M       3.3G

MemTotal:        4016004 kB
MemFree:          114628 kB
Active:           349120 kB
Mem:          3.8G       3.7G       111M       5.7M        28M       3.3G

MemTotal:        4016004 kB
MemFree:          114380 kB
Active:           349128 kB
Mem:          3.8G       3.7G       111M       5.7M        28M       3.3G

MemTotal:        4016004 kB
MemFree:          114752 kB
Active:           349100 kB
Mem:          3.8G       3.7G       112M       5.7M        28M       3.3G

MemTotal:        4016004 kB
MemFree:          114724 kB
Active:           349096 kB
Mem:          3.8G       3.7G       111M       5.7M        28M       3.3G

MemTotal:        4016004 kB
MemFree:          114216 kB
Active:           349152 kB
Mem:          3.8G       3.7G       111M       5.7M        28M       3.3G

MemTotal:        4016004 kB
MemFree:          114688 kB
Active:           349140 kB
Mem:          3.8G       3.7G       112M       5.7M        28M       3.3G

MemTotal:        4016004 kB
MemFree:          114752 kB
Active:           349112 kB
