MemTotal:        4016004 kB
MemFree:         3227080 kB
Active:           435328 kB
Mem:          3.8G       770M       3.1G       5.7M        52M       323M

MemTotal:        4016004 kB
MemFree:         3227400 kB
Active:           435460 kB
Mem:          3.8G       770M       3.1G       5.7M        52M       323M

MemTotal:        4016004 kB
MemFree:         3227276 kB
Active:           435488 kB
Mem:          3.8G       770M       3.1G       5.7M        52M       323M

MemTotal:        4016004 kB
MemFree:         3226764 kB
Active:           435532 kB
Mem:          3.8G       770M       3.1G       5.7M        52M       323M

MemTotal:        4016004 kB
MemFree:         3226872 kB
Active:           435504 kB
Mem:          3.8G       770M       3.1G       5.7M        52M       323M

MemTotal:        4016004 kB
MemFree:         3226996 kB
Active:           435508 kB
Mem:          3.8G       770M       3.1G       5.7M        52M       323M

MemTotal:        4016004 kB
MemFree:         3226576 kB
Active:           435540 kB
Mem:          3.8G       770M       3.1G       5.7M        52M       323M

MemTotal:        4016004 kB
MemFree:         3226576 kB
Active:           435484 kB
Mem:          3.8G       770M       3.1G       5.7M        52M       323M

MemTotal:        4016004 kB
MemFree:         3226808 kB
Active:           435492 kB
Mem:          3.8G       770M       3.1G       5.7M        52M       323M

MemTotal:        4016004 kB
MemFree:         3226808 kB
Active:           435536 kB
Mem:          3.8G       770M       3.1G       5.7M        52M       323M

MemTotal:        4016004 kB
MemFree:         3226932 kB
Active:           435516 kB
Mem:          3.8G       770M       3.1G       5.7M        52M       323M

MemTotal:        4016004 kB
MemFree:         3226916 kB
Active:           435512 kB
Mem:          3.8G       770M       3.1G       5.7M        52M       323M

MemTotal:        4016004 kB
MemFree:         3227024 kB
Active:           435504 kB
Mem:          3.8G       770M       3.1G       5.7M        52M       323M

MemTotal:        4016004 kB
MemFree:         3226356 kB
Active:           433576 kB
Mem:          3.8G       771M       3.1G       5.7M        52M       323M

MemTotal:        4016004 kB
MemFree:         3226408 kB
Active:           435652 kB
Mem:          3.8G       771M       3.1G       5.7M        52M       323M

MemTotal:        4016004 kB
MemFree:         3226284 kB
Active:           435644 kB
Mem:          3.8G       771M       3.1G       5.7M        52M       323M

MemTotal:        4016004 kB
MemFree:         3226268 kB
Active:           435596 kB
Mem:          3.8G       771M       3.1G       5.7M        52M       323M

MemTotal:        4016004 kB
MemFree:         3226392 kB
Active:           435608 kB
Mem:          3.8G       771M       3.1G       5.7M        52M       323M

MemTotal:        4016004 kB
MemFree:         3226376 kB
Active:           435604 kB
Mem:          3.8G       771M       3.1G       5.7M        52M       323M

MemTotal:        4016004 kB
MemFree:         3226376 kB
Active:           435604 kB
Mem:          3.8G       771M       3.1G       5.7M        52M       323M

MemTotal:        4016004 kB
MemFree:         3226500 kB
Active:           435640 kB
Mem:          3.8G       770M       3.1G       5.7M        52M       323M

MemTotal:        4016004 kB
MemFree:         3226748 kB
Active:           435628 kB
Mem:          3.8G       770M       3.1G       5.7M        52M       323M

MemTotal:        4016004 kB
MemFree:         3226608 kB
Active:           435620 kB
Mem:          3.8G       771M       3.1G       5.7M        52M       323M

MemTotal:        4016004 kB
MemFree:         3226156 kB
Active:           433808 kB
Mem:          3.8G       771M       3.1G       5.7M        52M       323M

MemTotal:        4016004 kB
MemFree:         3226156 kB
Active:           433620 kB
Mem:          3.8G       771M       3.1G       5.7M        52M       323M

MemTotal:        4016004 kB
MemFree:         3225892 kB
Active:           433624 kB
Mem:          3.8G       771M       3.1G       5.7M        52M       323M

MemTotal:        4016004 kB
MemFree:         3226372 kB
Active:           435668 kB
Mem:          3.8G       771M       3.1G       5.7M        52M       323M

MemTotal:        4016004 kB
MemFree:         3225876 kB
Active:           435676 kB
Mem:          3.8G       771M       3.1G       5.7M        52M       323M

MemTotal:        4016004 kB
MemFree:         3226372 kB
Active:           435668 kB
Mem:          3.8G       771M       3.1G       5.7M        52M       323M

MemTotal:        4016004 kB
MemFree:         3226248 kB
Active:           435656 kB
Mem:          3.8G       771M       3.1G       5.7M        52M       323M

MemTotal:        4016004 kB
MemFree:         3225736 kB
Active:           435688 kB
Mem:          3.8G       771M       3.1G       5.7M        52M       323M

MemTotal:        4016004 kB
MemFree:         3226356 kB
Active:           435636 kB
Mem:          3.8G       771M       3.1G       5.7M        52M       323M

MemTotal:        4016004 kB
MemFree:         3226092 kB
Active:           435668 kB
Mem:          3.8G       771M       3.1G       5.7M        52M       323M

MemTotal:        4016004 kB
MemFree:         3226216 kB
Active:           435688 kB
Mem:          3.8G       771M       3.1G       5.7M        52M       323M

MemTotal:        4016004 kB
MemFree:         3226092 kB
Active:           435680 kB
Mem:          3.8G       771M       3.1G       5.7M        52M       323M

MemTotal:        4016004 kB
MemFree:         3225876 kB
Active:           435664 kB
Mem:          3.8G       771M       3.1G       5.7M        52M       323M

MemTotal:        4016004 kB
MemFree:         3226000 kB
Active:           435660 kB
Mem:          3.8G       771M       3.1G       5.7M        52M       323M

MemTotal:        4016004 kB
MemFree:         3225876 kB
Active:           435700 kB
Mem:          3.8G       771M       3.1G       5.7M        52M       323M

MemTotal:        4016004 kB
MemFree:         3226124 kB
Active:           435700 kB
Mem:          3.8G       771M       3.1G       5.7M        52M       323M

MemTotal:        4016004 kB
MemFree:         3225876 kB
Active:           435704 kB
Mem:          3.8G       771M       3.1G       5.7M        52M       323M

MemTotal:        4016004 kB
MemFree:         3226000 kB
Active:           435704 kB
Mem:          3.8G       771M       3.1G       5.7M        52M       323M

MemTotal:        4016004 kB
MemFree:         3225876 kB
Active:           435704 kB
Mem:          3.8G       771M       3.1G       5.7M        52M       323M

MemTotal:        4016004 kB
MemFree:         3226248 kB
Active:           435668 kB
Mem:          3.8G       771M       3.1G       5.7M        52M       323M

MemTotal:        4016004 kB
MemFree:         3226496 kB
Active:           435692 kB
Mem:          3.8G       771M       3.1G       5.7M        52M       323M

MemTotal:        4016004 kB
MemFree:         3226124 kB
Active:           435712 kB
Mem:          3.8G       771M       3.1G       5.7M        52M       323M

MemTotal:        4016004 kB
MemFree:         3226372 kB
Active:           435656 kB
Mem:          3.8G       771M       3.1G       5.7M        52M       323M

MemTotal:        4016004 kB
MemFree:         3226248 kB
Active:           435688 kB
Mem:          3.8G       771M       3.1G       5.7M        52M       323M

MemTotal:        4016004 kB
MemFree:         3226284 kB
Active:           435708 kB
Mem:          3.8G       771M       3.1G       5.7M        52M       323M

MemTotal:        4016004 kB
MemFree:         3226284 kB
Active:           435688 kB
Mem:          3.8G       771M       3.1G       5.7M        52M       323M

MemTotal:        4016004 kB
MemFree:         3226408 kB
Active:           435680 kB
Mem:          3.8G       771M       3.1G       5.7M        52M       323M

MemTotal:        4016004 kB
MemFree:         3226284 kB
Active:           435676 kB
Mem:          3.8G       771M       3.1G       5.7M        52M       323M

MemTotal:        4016004 kB
MemFree:         3226036 kB
Active:           435728 kB
Mem:          3.8G       771M       3.1G       5.7M        52M       323M

MemTotal:        4016004 kB
MemFree:         3226020 kB
Active:           435704 kB
Mem:          3.8G       771M       3.1G       5.7M        52M       323M

MemTotal:        4016004 kB
MemFree:         3225872 kB
Active:           433840 kB
Mem:          3.8G       771M       3.1G       5.7M        52M       323M

MemTotal:        4016004 kB
MemFree:         3225940 kB
Active:           435728 kB
Mem:          3.8G       771M       3.1G       5.7M        52M       323M

MemTotal:        4016004 kB
MemFree:         3226048 kB
Active:           435724 kB
Mem:          3.8G       771M       3.1G       5.7M        52M       323M

MemTotal:        4016004 kB
MemFree:         3225908 kB
Active:           435736 kB
Mem:          3.8G       771M       3.1G       5.7M        52M       323M

MemTotal:        4016004 kB
MemFree:         3226016 kB
Active:           435716 kB
Mem:          3.8G       771M       3.1G       5.7M        52M       323M

MemTotal:        4016004 kB
MemFree:         3225644 kB
Active:           435776 kB
Mem:          3.8G       771M       3.1G       5.7M        52M       324M

MemTotal:        4016004 kB
MemFree:         3226000 kB
Active:           435748 kB
Mem:          3.8G       771M       3.1G       5.7M        52M       324M

MemTotal:        4016004 kB
MemFree:         3226728 kB
Active:           435768 kB
Mem:          3.8G       770M       3.1G       5.7M        52M       324M

MemTotal:        4016004 kB
MemFree:         3226232 kB
Active:           435764 kB
Mem:          3.8G       771M       3.1G       5.7M        52M       324M

MemTotal:        4016004 kB
MemFree:         3226232 kB
Active:           435736 kB
Mem:          3.8G       771M       3.1G       5.7M        52M       324M

MemTotal:        4016004 kB
MemFree:         3226108 kB
Active:           433752 kB
Mem:          3.8G       771M       3.1G       5.7M        52M       324M

MemTotal:        4016004 kB
MemFree:         3226072 kB
Active:           435740 kB
Mem:          3.8G       771M       3.1G       5.7M        52M       324M

MemTotal:        4016004 kB
MemFree:         3226196 kB
Active:           435752 kB
Mem:          3.8G       771M       3.1G       5.7M        52M       324M

MemTotal:        4016004 kB
MemFree:         3226056 kB
Active:           435760 kB
Mem:          3.8G       771M       3.1G       5.7M        52M       324M

MemTotal:        4016004 kB
MemFree:         3226164 kB
Active:           435768 kB
Mem:          3.8G       771M       3.1G       5.7M        52M       324M

MemTotal:        4016004 kB
MemFree:         3225916 kB
Active:           435784 kB
Mem:          3.8G       771M       3.1G       5.7M        52M       324M

MemTotal:        4016004 kB
MemFree:         3226024 kB
Active:           435744 kB
Mem:          3.8G       771M       3.1G       5.7M        52M       324M

MemTotal:        4016004 kB
MemFree:         3226008 kB
Active:           435744 kB
Mem:          3.8G       771M       3.1G       5.7M        52M       324M

MemTotal:        4016004 kB
MemFree:         3226116 kB
Active:           435732 kB
Mem:          3.8G       771M       3.1G       5.7M        52M       324M

MemTotal:        4016004 kB
MemFree:         3225992 kB
Active:           435764 kB
Mem:          3.8G       771M       3.1G       5.7M        52M       324M

MemTotal:        4016004 kB
MemFree:         3225728 kB
Active:           435792 kB
Mem:          3.8G       771M       3.1G       5.7M        52M       324M

MemTotal:        4016004 kB
MemFree:         3225836 kB
Active:           435748 kB
Mem:          3.8G       771M       3.1G       5.7M        52M       324M

MemTotal:        4016004 kB
MemFree:         3226192 kB
Active:           435740 kB
Mem:          3.8G       771M       3.1G       5.7M        52M       324M

MemTotal:        4016004 kB
MemFree:         3226052 kB
Active:           435788 kB
Mem:          3.8G       771M       3.1G       5.7M        52M       324M

MemTotal:        4016004 kB
MemFree:         3226036 kB
Active:           435772 kB
Mem:          3.8G       771M       3.1G       5.7M        52M       324M

MemTotal:        4016004 kB
MemFree:         3226268 kB
Active:           435764 kB
Mem:          3.8G       771M       3.1G       5.7M        52M       324M

MemTotal:        4016004 kB
MemFree:         3226144 kB
Active:           435756 kB
Mem:          3.8G       771M       3.1G       5.7M        52M       324M

MemTotal:        4016004 kB
MemFree:         3225976 kB
Active:           435752 kB
Mem:          3.8G       771M       3.1G       5.7M        52M       324M

MemTotal:        4016004 kB
MemFree:         3226100 kB
Active:           435776 kB
Mem:          3.8G       771M       3.1G       5.7M        52M       324M

MemTotal:        4016004 kB
MemFree:         3225728 kB
Active:           435804 kB
Mem:          3.8G       771M       3.1G       5.7M        52M       324M

MemTotal:        4016004 kB
MemFree:         3226100 kB
Active:           435788 kB
Mem:          3.8G       771M       3.1G       5.7M        52M       324M

MemTotal:        4016004 kB
MemFree:         3226152 kB
Active:           435760 kB
Mem:          3.8G       771M       3.1G       5.7M        52M       324M

MemTotal:        4016004 kB
MemFree:         3226028 kB
Active:           435792 kB
Mem:          3.8G       771M       3.1G       5.7M        52M       324M

MemTotal:        4016004 kB
MemFree:         3226152 kB
Active:           435776 kB
Mem:          3.8G       771M       3.1G       5.7M        52M       324M

MemTotal:        4016004 kB
MemFree:         3226524 kB
Active:           435772 kB
Mem:          3.8G       770M       3.1G       5.7M        52M       324M

MemTotal:        4016004 kB
MemFree:         3226524 kB
Active:           435760 kB
Mem:          3.8G       771M       3.1G       5.7M        52M       324M

MemTotal:        4016004 kB
MemFree:         3226152 kB
Active:           435824 kB
Mem:          3.8G       771M       3.1G       5.7M        52M       324M

MemTotal:        4016004 kB
MemFree:         3225780 kB
Active:           435828 kB
Mem:          3.8G       771M       3.1G       5.7M        52M       324M

MemTotal:        4016004 kB
MemFree:         3226152 kB
Active:           435828 kB
Mem:          3.8G       771M       3.1G       5.7M        52M       324M

MemTotal:        4016004 kB
MemFree:         3225764 kB
Active:           435828 kB
Mem:          3.8G       771M       3.1G       5.7M        52M       324M

MemTotal:        4016004 kB
MemFree:         3225580 kB
Active:           433792 kB
Mem:          3.8G       771M       3.1G       5.7M        52M       324M

MemTotal:        4016004 kB
MemFree:         3225976 kB
Active:           433732 kB
Mem:          3.8G       771M       3.1G       5.7M        52M       324M

MemTotal:        4016004 kB
MemFree:         3226084 kB
Active:           435772 kB
Mem:          3.8G       771M       3.1G       5.7M        52M       324M

MemTotal:        4016004 kB
MemFree:         3225820 kB
Active:           435776 kB
Mem:          3.8G       771M       3.1G       5.7M        52M       324M

MemTotal:        4016004 kB
MemFree:         3225572 kB
Active:           435804 kB
Mem:          3.8G       772M       3.1G       5.7M        52M       324M

MemTotal:        4016004 kB
MemFree:         3225556 kB
Active:           435804 kB
Mem:          3.8G       771M       3.1G       5.7M        52M       324M

MemTotal:        4016004 kB
MemFree:         3225928 kB
Active:           435792 kB
Mem:          3.8G       771M       3.1G       5.7M        52M       324M

MemTotal:        4016004 kB
MemFree:         3225304 kB
Active:           436308 kB
Mem:          3.8G       772M       3.1G       5.7M        52M       324M

MemTotal:        4016004 kB
MemFree:         3182172 kB
Active:           437584 kB
Mem:          3.8G       814M       3.0G       5.7M        52M       365M

MemTotal:        4016004 kB
MemFree:         3136956 kB
Active:           437640 kB
Mem:          3.8G       859M       3.0G       5.7M        52M       408M

MemTotal:        4016004 kB
MemFree:         3092892 kB
Active:           435800 kB
Mem:          3.8G       902M       2.9G       5.7M        52M       450M

MemTotal:        4016004 kB
MemFree:         3046940 kB
Active:           437716 kB
Mem:          3.8G       947M       2.9G       5.7M        52M       495M

MemTotal:        4016004 kB
MemFree:         3000716 kB
Active:           437736 kB
Mem:          3.8G       992M       2.9G       5.7M        52M       539M

MemTotal:        4016004 kB
MemFree:         2954460 kB
Active:           437716 kB
Mem:          3.8G       1.0G       2.8G       5.7M        52M       583M

MemTotal:        4016004 kB
MemFree:         2908360 kB
Active:           437768 kB
Mem:          3.8G       1.1G       2.8G       5.7M        52M       627M

MemTotal:        4016004 kB
MemFree:         2862632 kB
Active:           437764 kB
Mem:          3.8G       1.1G       2.7G       5.7M        52M       671M

MemTotal:        4016004 kB
MemFree:         2818436 kB
Active:           437824 kB
Mem:          3.8G       1.1G       2.7G       5.7M        52M       713M

MemTotal:        4016004 kB
MemFree:         2773112 kB
Active:           437848 kB
Mem:          3.8G       1.2G       2.6G       5.7M        52M       756M

MemTotal:        4016004 kB
MemFree:         2727284 kB
Active:           437892 kB
Mem:          3.8G       1.2G       2.6G       5.7M        52M       800M

MemTotal:        4016004 kB
MemFree:         2683044 kB
Active:           437928 kB
Mem:          3.8G       1.3G       2.6G       5.7M        53M       845M

MemTotal:        4016004 kB
MemFree:         2636892 kB
Active:           437952 kB
Mem:          3.8G       1.3G       2.5G       5.7M        53M       887M

MemTotal:        4016004 kB
MemFree:         2591892 kB
Active:           437980 kB
Mem:          3.8G       1.4G       2.5G       5.7M        53M       931M

MemTotal:        4016004 kB
MemFree:         2546584 kB
Active:           438036 kB
Mem:          3.8G       1.4G       2.4G       5.7M        53M       976M

MemTotal:        4016004 kB
MemFree:         2501012 kB
Active:           438068 kB
Mem:          3.8G       1.4G       2.4G       5.7M        53M       1.0G

MemTotal:        4016004 kB
MemFree:         2460300 kB
Active:           438096 kB
Mem:          3.8G       1.5G       2.3G       5.7M        53M       1.0G

MemTotal:        4016004 kB
MemFree:         2414372 kB
Active:           438128 kB
Mem:          3.8G       1.5G       2.3G       5.7M        53M       1.1G

MemTotal:        4016004 kB
MemFree:         2369112 kB
Active:           438148 kB
Mem:          3.8G       1.6G       2.3G       5.7M        53M       1.1G

MemTotal:        4016004 kB
MemFree:         2323700 kB
Active:           438188 kB
Mem:          3.8G       1.6G       2.2G       5.7M        53M       1.2G

MemTotal:        4016004 kB
MemFree:         2278700 kB
Active:           438184 kB
Mem:          3.8G       1.7G       2.2G       5.7M        53M       1.2G

MemTotal:        4016004 kB
MemFree:         2233080 kB
Active:           438232 kB
Mem:          3.8G       1.7G       2.1G       5.7M        53M       1.2G

MemTotal:        4016004 kB
MemFree:         2185180 kB
Active:           438260 kB
Mem:          3.8G       1.7G       2.1G       5.7M        53M       1.3G

MemTotal:        4016004 kB
MemFree:         2140320 kB
Active:           440300 kB
Mem:          3.8G       1.8G       2.0G       5.7M        53M       1.3G

MemTotal:        4016004 kB
MemFree:         2096164 kB
Active:           440336 kB
Mem:          3.8G       1.8G       2.0G       5.7M        53M       1.4G

MemTotal:        4016004 kB
MemFree:         2050972 kB
Active:           440368 kB
Mem:          3.8G       1.9G       2.0G       5.7M        53M       1.4G

MemTotal:        4016004 kB
MemFree:         2005384 kB
Active:           440388 kB
Mem:          3.8G       1.9G       1.9G       5.7M        53M       1.5G

MemTotal:        4016004 kB
MemFree:         1959164 kB
Active:           440392 kB
Mem:          3.8G       2.0G       1.9G       5.7M        53M       1.5G

MemTotal:        4016004 kB
MemFree:         1913064 kB
Active:           440428 kB
Mem:          3.8G       2.0G       1.8G       5.7M        53M       1.5G

MemTotal:        4016004 kB
MemFree:         1867940 kB
Active:           440480 kB
Mem:          3.8G       2.0G       1.8G       5.7M        53M       1.6G

MemTotal:        4016004 kB
MemFree:         1822704 kB
Active:           440456 kB
Mem:          3.8G       2.1G       1.7G       5.7M        53M       1.6G

MemTotal:        4016004 kB
MemFree:         1809828 kB
Active:           440488 kB
Mem:          3.8G       2.1G       1.7G       5.7M        53M       1.6G

MemTotal:        4016004 kB
MemFree:         1763464 kB
Active:           440520 kB
Mem:          3.8G       2.1G       1.7G       5.7M        53M       1.7G

MemTotal:        4016004 kB
MemFree:         1718976 kB
Active:           440524 kB
Mem:          3.8G       2.2G       1.6G       5.7M        53M       1.7G

MemTotal:        4016004 kB
MemFree:         1673760 kB
Active:           440584 kB
Mem:          3.8G       2.2G       1.6G       5.7M        53M       1.8G

MemTotal:        4016004 kB
MemFree:         1628800 kB
Active:           440584 kB
Mem:          3.8G       2.3G       1.6G       5.7M        53M       1.8G

MemTotal:        4016004 kB
MemFree:         1583740 kB
Active:           440644 kB
Mem:          3.8G       2.3G       1.5G       5.7M        53M       1.9G

MemTotal:        4016004 kB
MemFree:         1538488 kB
Active:           440672 kB
Mem:          3.8G       2.4G       1.5G       5.7M        53M       1.9G

MemTotal:        4016004 kB
MemFree:         1471676 kB
Active:           440708 kB
Mem:          3.8G       2.4G       1.4G       5.7M        53M       2.0G

MemTotal:        4016004 kB
MemFree:         1426212 kB
Active:           440708 kB
Mem:          3.8G       2.5G       1.4G       5.7M        53M       2.0G

MemTotal:        4016004 kB
MemFree:         1383352 kB
Active:           440768 kB
Mem:          3.8G       2.5G       1.3G       5.7M        53M       2.0G

MemTotal:        4016004 kB
MemFree:         1337564 kB
Active:           440796 kB
Mem:          3.8G       2.6G       1.3G       5.7M        53M       2.1G

MemTotal:        4016004 kB
MemFree:         1292332 kB
Active:           440832 kB
Mem:          3.8G       2.6G       1.2G       5.7M        53M       2.1G

MemTotal:        4016004 kB
MemFree:         1246216 kB
Active:           440848 kB
Mem:          3.8G       2.6G       1.2G       5.7M        53M       2.2G

MemTotal:        4016004 kB
MemFree:         1200488 kB
Active:           440872 kB
Mem:          3.8G       2.7G       1.1G       5.7M        53M       2.2G

MemTotal:        4016004 kB
MemFree:         1154868 kB
Active:           440880 kB
Mem:          3.8G       2.7G       1.1G       5.7M        53M       2.3G

MemTotal:        4016004 kB
MemFree:         1111156 kB
Active:           440896 kB
Mem:          3.8G       2.8G       1.1G       5.7M        53M       2.3G

MemTotal:        4016004 kB
MemFree:         1065448 kB
Active:           440936 kB
Mem:          3.8G       2.8G       1.0G       5.7M        53M       2.3G

MemTotal:        4016004 kB
MemFree:         1019560 kB
Active:           441032 kB
Mem:          3.8G       2.9G       995M       5.7M        53M       2.4G

MemTotal:        4016004 kB
MemFree:          974328 kB
Active:           441020 kB
Mem:          3.8G       2.9G       950M       5.7M        53M       2.4G

MemTotal:        4016004 kB
MemFree:          941568 kB
Active:           441028 kB
Mem:          3.8G       2.9G       919M       5.7M        53M       2.5G

MemTotal:        4016004 kB
MemFree:          921852 kB
Active:           441108 kB
Mem:          3.8G       3.0G       899M       5.7M        53M       2.5G

MemTotal:        4016004 kB
MemFree:          876668 kB
Active:           441100 kB
Mem:          3.8G       3.0G       855M       5.7M        53M       2.5G

MemTotal:        4016004 kB
MemFree:          831804 kB
Active:           441128 kB
Mem:          3.8G       3.0G       810M       5.7M        54M       2.6G

MemTotal:        4016004 kB
MemFree:          788160 kB
Active:           441192 kB
Mem:          3.8G       3.1G       766M       5.7M        54M       2.6G

MemTotal:        4016004 kB
MemFree:          742696 kB
Active:           441200 kB
Mem:          3.8G       3.1G       724M       5.7M        54M       2.6G

MemTotal:        4016004 kB
MemFree:          696812 kB
Active:           441240 kB
Mem:          3.8G       3.2G       679M       5.7M        54M       2.7G

MemTotal:        4016004 kB
MemFree:          651816 kB
Active:           441260 kB
Mem:          3.8G       3.2G       635M       5.7M        54M       2.7G

MemTotal:        4016004 kB
MemFree:          605824 kB
Active:           441284 kB
Mem:          3.8G       3.3G       591M       5.7M        54M       2.8G

MemTotal:        4016004 kB
MemFree:          561984 kB
Active:           441276 kB
Mem:          3.8G       3.3G       546M       5.7M        54M       2.8G

MemTotal:        4016004 kB
MemFree:          516072 kB
Active:           441328 kB
Mem:          3.8G       3.3G       503M       5.7M        54M       2.9G

MemTotal:        4016004 kB
MemFree:          470480 kB
Active:           441408 kB
Mem:          3.8G       3.4G       458M       5.7M        54M       2.9G

MemTotal:        4016004 kB
MemFree:          425516 kB
Active:           441440 kB
Mem:          3.8G       3.4G       414M       5.7M        54M       2.9G

MemTotal:        4016004 kB
MemFree:          379428 kB
Active:           441468 kB
Mem:          3.8G       3.5G       370M       5.7M        54M       3.0G

MemTotal:        4016004 kB
MemFree:          335004 kB
Active:           441496 kB
Mem:          3.8G       3.5G       325M       5.7M        54M       3.0G

MemTotal:        4016004 kB
MemFree:          289404 kB
Active:           441508 kB
Mem:          3.8G       3.6G       282M       5.7M        54M       3.1G

MemTotal:        4016004 kB
MemFree:          244632 kB
Active:           441548 kB
Mem:          3.8G       3.6G       237M       5.7M        54M       3.1G

MemTotal:        4016004 kB
MemFree:          197308 kB
Active:           441588 kB
Mem:          3.8G       3.6G       192M       5.7M        54M       3.2G

MemTotal:        4016004 kB
MemFree:          152480 kB
Active:           441612 kB
Mem:          3.8G       3.7G       148M       5.7M        54M       3.2G

MemTotal:        4016004 kB
MemFree:          108736 kB
Active:           441612 kB
Mem:          3.8G       3.7G       103M       5.7M        54M       3.2G

MemTotal:        4016004 kB
MemFree:          116204 kB
Active:           444464 kB
Mem:          3.8G       3.7G       110M       5.7M        21M       3.3G

MemTotal:        4016004 kB
MemFree:          108048 kB
Active:           452460 kB
Mem:          3.8G       3.7G       113M       5.7M        21M       3.3G

MemTotal:        4016004 kB
MemFree:          121576 kB
Active:           496536 kB
Mem:          3.8G       3.7G       117M       5.7M        21M       3.3G

MemTotal:        4016004 kB
MemFree:          113404 kB
Active:           493724 kB
Mem:          3.8G       3.7G       123M       5.7M        21M       3.3G

MemTotal:        4016004 kB
MemFree:          110360 kB
Active:           488444 kB
Mem:          3.8G       3.7G       107M       5.7M        21M       3.3G

MemTotal:        4016004 kB
MemFree:          125136 kB
Active:           483012 kB
Mem:          3.8G       3.7G       122M       5.7M        21M       3.3G

MemTotal:        4016004 kB
MemFree:          123760 kB
Active:           476328 kB
Mem:          3.8G       3.7G       118M       5.7M        21M       3.3G

MemTotal:        4016004 kB
MemFree:          106984 kB
Active:           473292 kB
Mem:          3.8G       3.7G       103M       5.7M        21M       3.3G

MemTotal:        4016004 kB
MemFree:          127200 kB
Active:           466928 kB
Mem:          3.8G       3.7G       123M       5.7M        21M       3.3G

MemTotal:        4016004 kB
MemFree:          118500 kB
Active:           463484 kB
Mem:          3.8G       3.7G       115M       5.7M        21M       3.3G

MemTotal:        4016004 kB
MemFree:          126832 kB
Active:           460448 kB
Mem:          3.8G       3.7G       123M       5.7M        21M       3.3G

MemTotal:        4016004 kB
MemFree:          120220 kB
Active:           458448 kB
Mem:          3.8G       3.7G       117M       5.7M        21M       3.3G

MemTotal:        4016004 kB
MemFree:          134912 kB
Active:           455396 kB
Mem:          3.8G       3.7G       131M       5.7M        21M       3.2G

MemTotal:        4016004 kB
MemFree:          127236 kB
Active:           454292 kB
Mem:          3.8G       3.7G       123M       5.7M        21M       3.3G

MemTotal:        4016004 kB
MemFree:          138192 kB
Active:           450504 kB
Mem:          3.8G       3.7G       132M       5.7M        21M       3.2G

MemTotal:        4016004 kB
MemFree:          141676 kB
Active:           449104 kB
Mem:          3.8G       3.7G       137M       5.7M        22M       3.2G

MemTotal:        4016004 kB
MemFree:          133380 kB
Active:           446004 kB
Mem:          3.8G       3.7G       129M       5.7M        22M       3.2G

MemTotal:        4016004 kB
MemFree:          123612 kB
Active:           445028 kB
Mem:          3.8G       3.7G       120M       5.7M        22M       3.3G

MemTotal:        4016004 kB
MemFree:          114828 kB
Active:           443912 kB
Mem:          3.8G       3.7G       111M       5.7M        22M       3.3G

MemTotal:        4016004 kB
MemFree:          118756 kB
Active:           442512 kB
Mem:          3.8G       3.7G       115M       5.7M        22M       3.3G

MemTotal:        4016004 kB
MemFree:          133344 kB
Active:           441384 kB
Mem:          3.8G       3.7G       129M       5.7M        22M       3.2G

MemTotal:        4016004 kB
MemFree:          150108 kB
Active:           438840 kB
Mem:          3.8G       3.7G       147M       5.7M        22M       3.2G

MemTotal:        4016004 kB
MemFree:          105772 kB
Active:           440932 kB
Mem:          3.8G       3.7G       103M       5.7M        22M       3.3G

MemTotal:        4016004 kB
MemFree:          120608 kB
Active:           437976 kB
Mem:          3.8G       3.7G       115M       5.7M        22M       3.3G

MemTotal:        4016004 kB
MemFree:          112160 kB
Active:           434884 kB
Mem:          3.8G       3.7G       108M       5.7M        22M       3.3G

MemTotal:        4016004 kB
MemFree:          123916 kB
Active:           433724 kB
Mem:          3.8G       3.7G       121M       5.7M        22M       3.3G

MemTotal:        4016004 kB
MemFree:          140632 kB
Active:           432220 kB
Mem:          3.8G       3.7G       137M       5.7M        22M       3.2G

MemTotal:        4016004 kB
MemFree:          135892 kB
Active:           430576 kB
Mem:          3.8G       3.7G       132M       5.7M        22M       3.2G

MemTotal:        4016004 kB
MemFree:          126236 kB
Active:           429448 kB
Mem:          3.8G       3.7G       122M       5.7M        22M       3.3G

MemTotal:        4016004 kB
MemFree:          123648 kB
Active:           427816 kB
Mem:          3.8G       3.7G       120M       5.7M        22M       3.3G

MemTotal:        4016004 kB
MemFree:          111168 kB
Active:           426820 kB
Mem:          3.8G       3.7G       105M       5.7M        22M       3.3G

MemTotal:        4016004 kB
MemFree:          125840 kB
Active:           423284 kB
Mem:          3.8G       3.7G       122M       5.7M        22M       3.3G

MemTotal:        4016004 kB
MemFree:          139872 kB
Active:           423072 kB
Mem:          3.8G       3.7G       136M       5.7M        22M       3.2G

MemTotal:        4016004 kB
MemFree:          136796 kB
Active:           421400 kB
Mem:          3.8G       3.7G       133M       5.7M        22M       3.2G

MemTotal:        4016004 kB
MemFree:          133224 kB
Active:           420044 kB
Mem:          3.8G       3.7G       129M       5.7M        22M       3.2G

MemTotal:        4016004 kB
MemFree:          124812 kB
Active:           418924 kB
Mem:          3.8G       3.7G       131M       5.7M        22M       3.2G

MemTotal:        4016004 kB
MemFree:          108348 kB
Active:           417412 kB
Mem:          3.8G       3.7G       105M       5.7M        22M       3.3G

MemTotal:        4016004 kB
MemFree:          124856 kB
Active:           415756 kB
Mem:          3.8G       3.7G       121M       5.7M        22M       3.3G

MemTotal:        4016004 kB
MemFree:          130348 kB
Active:           414112 kB
Mem:          3.8G       3.7G       125M       5.7M        22M       3.2G

MemTotal:        4016004 kB
MemFree:          108084 kB
Active:           413516 kB
Mem:          3.8G       3.7G       104M       5.7M        22M       3.3G

MemTotal:        4016004 kB
MemFree:          134780 kB
Active:           411256 kB
Mem:          3.8G       3.7G       131M       5.7M        22M       3.2G

MemTotal:        4016004 kB
MemFree:          104976 kB
Active:           411148 kB
Mem:          3.8G       3.7G       102M       5.7M        22M       3.3G

MemTotal:        4016004 kB
MemFree:          124812 kB
Active:           412044 kB
Mem:          3.8G       3.7G       120M       5.7M        22M       3.3G

MemTotal:        4016004 kB
MemFree:          127568 kB
Active:           410384 kB
Mem:          3.8G       3.7G       123M       5.7M        22M       3.2G

MemTotal:        4016004 kB
MemFree:          129976 kB
Active:           409528 kB
Mem:          3.8G       3.7G       126M       5.7M        22M       3.2G

MemTotal:        4016004 kB
MemFree:          144852 kB
Active:           405924 kB
Mem:          3.8G       3.7G       141M       5.7M        22M       3.2G

MemTotal:        4016004 kB
MemFree:          124904 kB
Active:           405300 kB
Mem:          3.8G       3.7G       121M       5.7M        22M       3.2G

MemTotal:        4016004 kB
MemFree:          107380 kB
Active:           403924 kB
Mem:          3.8G       3.7G       104M       5.7M        22M       3.3G

MemTotal:        4016004 kB
MemFree:          124332 kB
Active:           402148 kB
Mem:          3.8G       3.7G       120M       5.7M        22M       3.3G

MemTotal:        4016004 kB
MemFree:          115436 kB
Active:           401176 kB
Mem:          3.8G       3.7G       111M       5.7M        22M       3.3G

MemTotal:        4016004 kB
MemFree:          118020 kB
Active:           400292 kB
Mem:          3.8G       3.7G       114M       5.7M        22M       3.3G

MemTotal:        4016004 kB
MemFree:          145724 kB
Active:           398640 kB
Mem:          3.8G       3.7G       142M       5.7M        22M       3.2G

MemTotal:        4016004 kB
MemFree:          145352 kB
Active:           398664 kB
Mem:          3.8G       3.7G       141M       5.7M        22M       3.2G

MemTotal:        4016004 kB
MemFree:          116760 kB
Active:           398648 kB
Mem:          3.8G       3.7G       113M       5.7M        22M       3.3G

MemTotal:        4016004 kB
MemFree:          108172 kB
Active:           397584 kB
Mem:          3.8G       3.7G       105M       5.7M        22M       3.3G

MemTotal:        4016004 kB
MemFree:          123488 kB
Active:           395812 kB
Mem:          3.8G       3.7G       120M       5.7M        22M       3.2G

MemTotal:        4016004 kB
MemFree:          140984 kB
Active:           393776 kB
Mem:          3.8G       3.7G       136M       5.7M        22M       3.2G

MemTotal:        4016004 kB
MemFree:          121332 kB
Active:           393004 kB
Mem:          3.8G       3.7G       116M       5.7M        22M       3.3G

MemTotal:        4016004 kB
MemFree:          125292 kB
Active:           391764 kB
Mem:          3.8G       3.7G       119M       5.7M        22M       3.3G

MemTotal:        4016004 kB
MemFree:          115868 kB
Active:           390740 kB
Mem:          3.8G       3.7G       112M       5.7M        22M       3.3G

MemTotal:        4016004 kB
MemFree:          106980 kB
Active:           389504 kB
Mem:          3.8G       3.7G       103M       5.7M        22M       3.3G

MemTotal:        4016004 kB
MemFree:          128768 kB
Active:           387472 kB
Mem:          3.8G       3.7G       124M       5.7M        22M       3.2G

MemTotal:        4016004 kB
MemFree:          124244 kB
Active:           386864 kB
Mem:          3.8G       3.7G       120M       5.7M        23M       3.2G

MemTotal:        4016004 kB
MemFree:          114212 kB
Active:           385748 kB
Mem:          3.8G       3.7G       110M       5.7M        23M       3.3G

MemTotal:        4016004 kB
MemFree:          105180 kB
Active:           384508 kB
Mem:          3.8G       3.7G       117M       5.7M        23M       3.3G

MemTotal:        4016004 kB
MemFree:          134388 kB
Active:           381672 kB
Mem:          3.8G       3.7G       131M       5.7M        23M       3.2G

MemTotal:        4016004 kB
MemFree:          131332 kB
Active:           381188 kB
Mem:          3.8G       3.7G       127M       5.7M        23M       3.2G

MemTotal:        4016004 kB
MemFree:          130436 kB
Active:           381192 kB
Mem:          3.8G       3.7G       127M       5.7M        23M       3.2G

MemTotal:        4016004 kB
MemFree:          130472 kB
Active:           381216 kB
Mem:          3.8G       3.7G       127M       5.7M        23M       3.2G

MemTotal:        4016004 kB
MemFree:          130344 kB
Active:           381240 kB
Mem:          3.8G       3.7G       127M       5.7M        23M       3.2G

MemTotal:        4016004 kB
MemFree:          121924 kB
Active:           381252 kB
Mem:          3.8G       3.7G       118M       5.7M        23M       3.3G

MemTotal:        4016004 kB
MemFree:          124060 kB
Active:           381256 kB
Mem:          3.8G       3.7G       120M       5.7M        23M       3.2G

MemTotal:        4016004 kB
MemFree:          114416 kB
Active:           381280 kB
Mem:          3.8G       3.7G       111M       5.7M        23M       3.3G

MemTotal:        4016004 kB
MemFree:          153488 kB
Active:           381316 kB
Mem:          3.8G       3.7G       149M       5.7M        23M       3.2G

MemTotal:        4016004 kB
MemFree:          108092 kB
Active:           381272 kB
Mem:          3.8G       3.7G       105M       5.7M        23M       3.3G

MemTotal:        4016004 kB
MemFree:          111468 kB
Active:           381304 kB
Mem:          3.8G       3.7G       107M       5.7M        23M       3.3G

MemTotal:        4016004 kB
MemFree:          119296 kB
Active:           381344 kB
Mem:          3.8G       3.7G       116M       5.7M        23M       3.3G

MemTotal:        4016004 kB
MemFree:          124380 kB
Active:           381340 kB
Mem:          3.8G       3.7G       120M       5.7M        23M       3.2G

MemTotal:        4016004 kB
MemFree:          116420 kB
Active:           381412 kB
Mem:          3.8G       3.7G       112M       5.7M        23M       3.3G

MemTotal:        4016004 kB
MemFree:          107660 kB
Active:           381408 kB
Mem:          3.8G       3.7G       104M       5.7M        23M       3.3G

MemTotal:        4016004 kB
MemFree:          133688 kB
Active:           381280 kB
Mem:          3.8G       3.7G       129M       5.7M        23M       3.2G

MemTotal:        4016004 kB
MemFree:          125400 kB
Active:           381308 kB
Mem:          3.8G       3.7G       125M       5.7M        23M       3.2G

MemTotal:        4016004 kB
MemFree:          133092 kB
Active:           381348 kB
Mem:          3.8G       3.7G       130M       5.7M        23M       3.2G

MemTotal:        4016004 kB
MemFree:          124660 kB
Active:           381384 kB
Mem:          3.8G       3.7G       121M       5.7M        23M       3.2G

MemTotal:        4016004 kB
MemFree:          126008 kB
Active:           381392 kB
Mem:          3.8G       3.7G       122M       5.7M        23M       3.2G

MemTotal:        4016004 kB
MemFree:          131448 kB
Active:           381440 kB
Mem:          3.8G       3.7G       127M       5.7M        23M       3.2G

MemTotal:        4016004 kB
MemFree:          141520 kB
Active:           381440 kB
Mem:          3.8G       3.7G       136M       5.7M        23M       3.2G

MemTotal:        4016004 kB
MemFree:          132496 kB
Active:           381308 kB
Mem:          3.8G       3.7G       126M       5.7M        23M       3.2G

MemTotal:        4016004 kB
MemFree:          123720 kB
Active:           381332 kB
Mem:          3.8G       3.7G       119M       5.7M        23M       3.2G

MemTotal:        4016004 kB
MemFree:          128140 kB
Active:           381348 kB
Mem:          3.8G       3.7G       124M       5.7M        23M       3.2G

MemTotal:        4016004 kB
MemFree:          129952 kB
Active:           381380 kB
Mem:          3.8G       3.7G       126M       5.7M        23M       3.2G

MemTotal:        4016004 kB
MemFree:          131952 kB
Active:           381396 kB
Mem:          3.8G       3.7G       128M       5.7M        23M       3.2G

MemTotal:        4016004 kB
MemFree:          123536 kB
Active:           381408 kB
Mem:          3.8G       3.7G       119M       5.7M        23M       3.2G

MemTotal:        4016004 kB
MemFree:          125920 kB
Active:           381472 kB
Mem:          3.8G       3.7G       122M       5.7M        23M       3.2G

MemTotal:        4016004 kB
MemFree:          118508 kB
Active:           381480 kB
Mem:          3.8G       3.7G       112M       5.7M        23M       3.3G

MemTotal:        4016004 kB
MemFree:          125276 kB
Active:           378948 kB
Mem:          3.8G       3.7G       121M       5.7M        23M       3.2G

MemTotal:        4016004 kB
MemFree:          128260 kB
Active:           378744 kB
Mem:          3.8G       3.7G       124M       5.7M        23M       3.2G

MemTotal:        4016004 kB
MemFree:          127928 kB
Active:           378768 kB
Mem:          3.8G       3.7G       124M       5.7M        23M       3.2G

MemTotal:        4016004 kB
MemFree:          127748 kB
Active:           378772 kB
Mem:          3.8G       3.7G       124M       5.7M        23M       3.2G

MemTotal:        4016004 kB
MemFree:          114864 kB
Active:           378772 kB
Mem:          3.8G       3.7G       111M       5.7M        23M       3.3G

MemTotal:        4016004 kB
MemFree:          123680 kB
Active:           378816 kB
Mem:          3.8G       3.7G       131M       5.7M        23M       3.2G

MemTotal:        4016004 kB
MemFree:          127624 kB
Active:           378808 kB
Mem:          3.8G       3.7G       124M       5.7M        23M       3.2G

MemTotal:        4016004 kB
MemFree:          108308 kB
Active:           378868 kB
Mem:          3.8G       3.7G       102M       5.7M        23M       3.3G

MemTotal:        4016004 kB
MemFree:          133004 kB
Active:           378868 kB
Mem:          3.8G       3.7G       127M       5.7M        23M       3.2G

MemTotal:        4016004 kB
MemFree:          117512 kB
Active:           378920 kB
Mem:          3.8G       3.7G       112M       5.7M        23M       3.3G

MemTotal:        4016004 kB
MemFree:          112316 kB
Active:           374988 kB
Mem:          3.8G       3.7G       109M       5.7M        23M       3.3G

MemTotal:        4016004 kB
MemFree:          126832 kB
Active:           374892 kB
Mem:          3.8G       3.7G       123M       5.7M        23M       3.2G

MemTotal:        4016004 kB
MemFree:          125040 kB
Active:           374920 kB
Mem:          3.8G       3.7G       132M       5.7M        23M       3.2G

MemTotal:        4016004 kB
MemFree:          123420 kB
Active:           374956 kB
Mem:          3.8G       3.7G       124M       5.7M        24M       3.2G

MemTotal:        4016004 kB
MemFree:          114948 kB
Active:           374952 kB
Mem:          3.8G       3.7G       111M       5.7M        24M       3.3G

MemTotal:        4016004 kB
MemFree:          105740 kB
Active:           374968 kB
Mem:          3.8G       3.7G       107M       5.7M        24M       3.3G

MemTotal:        4016004 kB
MemFree:          126664 kB
Active:           375028 kB
Mem:          3.8G       3.7G       123M       5.7M        24M       3.2G

MemTotal:        4016004 kB
MemFree:          112756 kB
Active:           375052 kB
Mem:          3.8G       3.7G       108M       5.7M        24M       3.3G

MemTotal:        4016004 kB
MemFree:          127016 kB
Active:           375088 kB
Mem:          3.8G       3.7G       122M       5.7M        24M       3.2G

MemTotal:        4016004 kB
MemFree:          126404 kB
Active:           373568 kB
Mem:          3.8G       3.7G       122M       5.7M        24M       3.2G

MemTotal:        4016004 kB
MemFree:          105324 kB
Active:           373512 kB
Mem:          3.8G       3.7G       102M       5.7M        24M       3.3G

MemTotal:        4016004 kB
MemFree:          132220 kB
Active:           373536 kB
Mem:          3.8G       3.7G       128M       5.7M        24M       3.2G

MemTotal:        4016004 kB
MemFree:          135168 kB
Active:           373560 kB
Mem:          3.8G       3.7G       131M       5.7M        24M       3.2G

MemTotal:        4016004 kB
MemFree:          128264 kB
Active:           373568 kB
Mem:          3.8G       3.7G       135M       5.7M        24M       3.2G

MemTotal:        4016004 kB
MemFree:          132844 kB
Active:           373620 kB
Mem:          3.8G       3.7G       127M       5.7M        24M       3.2G

MemTotal:        4016004 kB
MemFree:          135128 kB
Active:           373636 kB
Mem:          3.8G       3.7G       129M       5.7M        24M       3.2G

MemTotal:        4016004 kB
MemFree:          145240 kB
Active:           373668 kB
Mem:          3.8G       3.7G       139M       5.7M        24M       3.2G

MemTotal:        4016004 kB
MemFree:          131476 kB
Active:           373668 kB
Mem:          3.8G       3.7G       128M       5.7M        24M       3.2G

MemTotal:        4016004 kB
MemFree:          131840 kB
Active:           373688 kB
Mem:          3.8G       3.7G       128M       5.7M        24M       3.2G

MemTotal:        4016004 kB
MemFree:          130456 kB
Active:           372244 kB
Mem:          3.8G       3.7G       126M       5.7M        24M       3.2G

MemTotal:        4016004 kB
MemFree:          132128 kB
Active:           372080 kB
Mem:          3.8G       3.7G       128M       5.7M        24M       3.2G

MemTotal:        4016004 kB
MemFree:          134496 kB
Active:           372096 kB
Mem:          3.8G       3.7G       131M       5.7M        24M       3.2G

MemTotal:        4016004 kB
MemFree:          123004 kB
Active:           372128 kB
Mem:          3.8G       3.7G       120M       5.7M        24M       3.2G

MemTotal:        4016004 kB
MemFree:          141876 kB
Active:           372112 kB
Mem:          3.8G       3.7G       137M       5.7M        24M       3.2G

MemTotal:        4016004 kB
MemFree:          132152 kB
Active:           372160 kB
Mem:          3.8G       3.7G       126M       5.7M        24M       3.2G

MemTotal:        4016004 kB
MemFree:          114024 kB
Active:           372192 kB
Mem:          3.8G       3.7G       110M       5.7M        24M       3.3G

MemTotal:        4016004 kB
MemFree:          127572 kB
Active:           372216 kB
Mem:          3.8G       3.7G       123M       5.7M        24M       3.2G

MemTotal:        4016004 kB
MemFree:          147228 kB
Active:           372240 kB
Mem:          3.8G       3.7G       145M       5.7M        24M       3.2G

MemTotal:        4016004 kB
MemFree:          105352 kB
Active:           372240 kB
Mem:          3.8G       3.7G       125M       5.7M        24M       3.2G

MemTotal:        4016004 kB
MemFree:          134328 kB
Active:           363444 kB
Mem:          3.8G       3.7G       130M       5.7M        24M       3.2G

MemTotal:        4016004 kB
MemFree:          113144 kB
Active:           363412 kB
Mem:          3.8G       3.7G       110M       5.7M        24M       3.3G

MemTotal:        4016004 kB
MemFree:          104616 kB
Active:           363240 kB
Mem:          3.8G       3.7G       124M       5.7M        24M       3.2G

MemTotal:        4016004 kB
MemFree:          123144 kB
Active:           363100 kB
Mem:          3.8G       3.7G       119M       5.7M        24M       3.2G

MemTotal:        4016004 kB
MemFree:          117672 kB
Active:           363140 kB
Mem:          3.8G       3.7G       114M       5.7M        24M       3.2G

MemTotal:        4016004 kB
MemFree:          125372 kB
Active:           362848 kB
Mem:          3.8G       3.7G       122M       5.7M        24M       3.2G

MemTotal:        4016004 kB
MemFree:          128764 kB
Active:           362884 kB
Mem:          3.8G       3.7G       124M       5.7M        24M       3.2G

MemTotal:        4016004 kB
MemFree:          107588 kB
Active:           362940 kB
Mem:          3.8G       3.7G       103M       5.7M        24M       3.3G

MemTotal:        4016004 kB
MemFree:          128200 kB
Active:           362960 kB
Mem:          3.8G       3.7G       124M       5.7M        24M       3.2G

MemTotal:        4016004 kB
MemFree:          120924 kB
Active:           362756 kB
Mem:          3.8G       3.7G       116M       5.7M        24M       3.2G

MemTotal:        4016004 kB
MemFree:          127188 kB
Active:           362700 kB
Mem:          3.8G       3.7G       124M       5.7M        24M       3.2G

MemTotal:        4016004 kB
MemFree:          127364 kB
Active:           362704 kB
Mem:          3.8G       3.7G       124M       5.7M        24M       3.2G

MemTotal:        4016004 kB
MemFree:          127304 kB
Active:           362704 kB
Mem:          3.8G       3.7G       123M       5.7M        24M       3.2G

MemTotal:        4016004 kB
MemFree:          110936 kB
Active:           362716 kB
Mem:          3.8G       3.7G       107M       5.7M        24M       3.3G

MemTotal:        4016004 kB
MemFree:          125820 kB
Active:           362736 kB
Mem:          3.8G       3.7G       121M       5.7M        24M       3.2G

MemTotal:        4016004 kB
MemFree:          108956 kB
Active:           362760 kB
Mem:          3.8G       3.7G       123M       5.7M        24M       3.2G

MemTotal:        4016004 kB
MemFree:          127356 kB
Active:           360052 kB
Mem:          3.8G       3.7G       123M       5.7M        24M       3.2G

MemTotal:        4016004 kB
MemFree:          130548 kB
Active:           360100 kB
Mem:          3.8G       3.7G       126M       5.7M        24M       3.2G

MemTotal:        4016004 kB
MemFree:          109868 kB
Active:           360112 kB
Mem:          3.8G       3.7G       106M       5.7M        24M       3.3G

MemTotal:        4016004 kB
MemFree:          124944 kB
Active:           360144 kB
Mem:          3.8G       3.7G       121M       5.7M        24M       3.2G

MemTotal:        4016004 kB
MemFree:          127748 kB
Active:           360168 kB
Mem:          3.8G       3.7G       123M       5.7M        24M       3.2G

MemTotal:        4016004 kB
MemFree:          136028 kB
Active:           360196 kB
Mem:          3.8G       3.7G       132M       5.7M        24M       3.2G

MemTotal:        4016004 kB
MemFree:          106136 kB
Active:           360224 kB
Mem:          3.8G       3.7G       102M       5.7M        24M       3.3G

MemTotal:        4016004 kB
MemFree:          132856 kB
Active:           360248 kB
Mem:          3.8G       3.7G       129M       5.7M        24M       3.2G

MemTotal:        4016004 kB
MemFree:          112764 kB
Active:           360280 kB
Mem:          3.8G       3.7G       109M       5.7M        25M       3.3G

MemTotal:        4016004 kB
MemFree:          130708 kB
Active:           360284 kB
Mem:          3.8G       3.7G       127M       5.7M        25M       3.2G

MemTotal:        4016004 kB
MemFree:          130452 kB
Active:           360292 kB
Mem:          3.8G       3.7G       127M       5.7M        25M       3.2G

MemTotal:        4016004 kB
MemFree:          113940 kB
Active:           360260 kB
Mem:          3.8G       3.7G       110M       5.7M        25M       3.2G

MemTotal:        4016004 kB
MemFree:          123392 kB
Active:           360340 kB
Mem:          3.8G       3.7G       119M       5.7M        25M       3.2G

MemTotal:        4016004 kB
MemFree:          114060 kB
Active:           360956 kB
Mem:          3.8G       3.7G       110M       5.7M        25M       3.2G

MemTotal:        4016004 kB
MemFree:          131572 kB
Active:           359724 kB
Mem:          3.8G       3.7G       127M       5.7M        25M       3.2G

MemTotal:        4016004 kB
MemFree:          122276 kB
Active:           359812 kB
Mem:          3.8G       3.7G       119M       5.7M        26M       3.2G

MemTotal:        4016004 kB
MemFree:          123980 kB
Active:           360064 kB
Mem:          3.8G       3.7G       119M       5.7M        26M       3.2G

MemTotal:        4016004 kB
MemFree:          115256 kB
Active:           360432 kB
Mem:          3.8G       3.7G       110M       5.7M        26M       3.2G

MemTotal:        4016004 kB
MemFree:          116880 kB
Active:           360672 kB
Mem:          3.8G       3.7G       113M       5.7M        26M       3.2G

MemTotal:        4016004 kB
MemFree:          130852 kB
Active:           361620 kB
Mem:          3.8G       3.7G       127M       5.7M        28M       3.2G

MemTotal:        4016004 kB
MemFree:          121916 kB
Active:           361040 kB
Mem:          3.8G       3.7G       117M       5.7M        28M       3.2G

MemTotal:        4016004 kB
MemFree:          111668 kB
Active:           361028 kB
Mem:          3.8G       3.7G       108M       5.7M        28M       3.2G

MemTotal:        4016004 kB
MemFree:          152476 kB
Active:           361012 kB
Mem:          3.8G       3.7G       148M       5.7M        28M       3.2G

MemTotal:        4016004 kB
MemFree:          115672 kB
Active:           361044 kB
Mem:          3.8G       3.7G       111M       5.7M        28M       3.2G

MemTotal:        4016004 kB
MemFree:          128332 kB
Active:           361080 kB
Mem:          3.8G       3.7G       124M       5.7M        28M       3.2G

MemTotal:        4016004 kB
MemFree:          133964 kB
Active:           361084 kB
Mem:          3.8G       3.7G       130M       5.7M        28M       3.2G

MemTotal:        4016004 kB
MemFree:          131660 kB
Active:           358252 kB
Mem:          3.8G       3.7G       128M       5.7M        28M       3.2G

MemTotal:        4016004 kB
MemFree:          135292 kB
Active:           358092 kB
Mem:          3.8G       3.7G       131M       5.7M        28M       3.2G

MemTotal:        4016004 kB
MemFree:          138028 kB
Active:           358092 kB
Mem:          3.8G       3.7G       133M       5.7M        28M       3.2G

MemTotal:        4016004 kB
MemFree:          140676 kB
Active:           358080 kB
Mem:          3.8G       3.7G       135M       5.7M        28M       3.2G

MemTotal:        4016004 kB
MemFree:          124036 kB
Active:           358084 kB
Mem:          3.8G       3.7G       131M       5.7M        28M       3.2G

MemTotal:        4016004 kB
MemFree:          127264 kB
Active:           358080 kB
Mem:          3.8G       3.7G       122M       5.7M        28M       3.2G

MemTotal:        4016004 kB
MemFree:          128764 kB
Active:           358092 kB
Mem:          3.8G       3.7G       124M       5.7M        28M       3.2G

MemTotal:        4016004 kB
MemFree:          130004 kB
Active:           358092 kB
Mem:          3.8G       3.7G       126M       5.7M        28M       3.2G

MemTotal:        4016004 kB
MemFree:          127788 kB
Active:           358112 kB
Mem:          3.8G       3.7G       124M       5.7M        28M       3.2G

MemTotal:        4016004 kB
MemFree:          125036 kB
Active:           358108 kB
Mem:          3.8G       3.7G       121M       5.7M        28M       3.2G

MemTotal:        4016004 kB
MemFree:          114920 kB
Active:           358100 kB
Mem:          3.8G       3.7G       111M       5.7M        28M       3.2G

MemTotal:        4016004 kB
MemFree:          111268 kB
Active:           358104 kB
Mem:          3.8G       3.7G       108M       5.7M        28M       3.2G

MemTotal:        4016004 kB
MemFree:          128688 kB
Active:           358096 kB
Mem:          3.8G       3.7G       123M       5.7M        28M       3.2G

MemTotal:        4016004 kB
MemFree:          124576 kB
Active:           358132 kB
Mem:          3.8G       3.7G       120M       5.7M        28M       3.2G

MemTotal:        4016004 kB
MemFree:          107608 kB
Active:           358144 kB
Mem:          3.8G       3.7G       103M       5.7M        28M       3.3G

MemTotal:        4016004 kB
MemFree:          126440 kB
Active:           358148 kB
Mem:          3.8G       3.7G       122M       5.7M        28M       3.2G

MemTotal:        4016004 kB
MemFree:          130468 kB
Active:           355752 kB
Mem:          3.8G       3.7G       125M       5.7M        28M       3.2G

MemTotal:        4016004 kB
MemFree:          118252 kB
Active:           355616 kB
Mem:          3.8G       3.7G       115M       5.7M        28M       3.2G

MemTotal:        4016004 kB
MemFree:          130000 kB
Active:           355616 kB
Mem:          3.8G       3.7G       126M       5.7M        28M       3.2G

MemTotal:        4016004 kB
MemFree:          127408 kB
Active:           355624 kB
Mem:          3.8G       3.7G       124M       5.7M        28M       3.2G

MemTotal:        4016004 kB
MemFree:          125148 kB
Active:           355620 kB
Mem:          3.8G       3.7G       122M       5.7M        28M       3.2G

MemTotal:        4016004 kB
MemFree:          120996 kB
Active:           355620 kB
Mem:          3.8G       3.7G       117M       5.7M        28M       3.2G

MemTotal:        4016004 kB
MemFree:          115200 kB
Active:           355620 kB
Mem:          3.8G       3.7G       112M       5.7M        28M       3.2G

MemTotal:        4016004 kB
MemFree:          117868 kB
Active:           355648 kB
Mem:          3.8G       3.7G       114M       5.7M        28M       3.2G

MemTotal:        4016004 kB
MemFree:          107464 kB
Active:           355656 kB
Mem:          3.8G       3.7G       103M       5.7M        28M       3.2G

MemTotal:        4016004 kB
MemFree:          108236 kB
Active:           355640 kB
Mem:          3.8G       3.7G       105M       5.7M        28M       3.2G

MemTotal:        4016004 kB
MemFree:          134288 kB
Active:           355640 kB
Mem:          3.8G       3.7G       130M       5.7M        28M       3.2G

MemTotal:        4016004 kB
MemFree:          133516 kB
Active:           355632 kB
Mem:          3.8G       3.7G       131M       5.7M        28M       3.2G

MemTotal:        4016004 kB
MemFree:          137428 kB
Active:           355644 kB
Mem:          3.8G       3.7G       133M       5.7M        28M       3.2G

MemTotal:        4016004 kB
MemFree:          139628 kB
Active:           355664 kB
Mem:          3.8G       3.7G       135M       5.7M        28M       3.2G

MemTotal:        4016004 kB
MemFree:          132264 kB
Active:           355640 kB
Mem:          3.8G       3.7G       128M       5.7M        28M       3.2G

MemTotal:        4016004 kB
MemFree:          130804 kB
Active:           355616 kB
Mem:          3.8G       3.7G       127M       5.7M        28M       3.2G

MemTotal:        4016004 kB
MemFree:          113804 kB
Active:           355672 kB
Mem:          3.8G       3.7G       111M       5.7M        28M       3.2G

MemTotal:        4016004 kB
MemFree:          113456 kB
Active:           355648 kB
Mem:          3.8G       3.7G       110M       5.7M        28M       3.2G

MemTotal:        4016004 kB
MemFree:          113360 kB
Active:           355672 kB
Mem:          3.8G       3.7G       110M       5.7M        28M       3.2G

MemTotal:        4016004 kB
MemFree:          110680 kB
Active:           355668 kB
Mem:          3.8G       3.7G       107M       5.7M        28M       3.2G

MemTotal:        4016004 kB
MemFree:          124884 kB
Active:           355660 kB
Mem:          3.8G       3.7G       125M       5.7M        28M       3.2G

MemTotal:        4016004 kB
MemFree:          127300 kB
Active:           355656 kB
Mem:          3.8G       3.7G       123M       5.7M        28M       3.2G

MemTotal:        4016004 kB
MemFree:          137976 kB
Active:           352912 kB
Mem:          3.8G       3.7G       134M       5.7M        28M       3.2G

MemTotal:        4016004 kB
MemFree:          127772 kB
Active:           352832 kB
Mem:          3.8G       3.7G       124M       5.7M        28M       3.2G

MemTotal:        4016004 kB
MemFree:          128172 kB
Active:           352836 kB
Mem:          3.8G       3.7G       124M       5.7M        28M       3.2G

MemTotal:        4016004 kB
MemFree:          118512 kB
Active:           352832 kB
Mem:          3.8G       3.7G       115M       5.7M        28M       3.2G

MemTotal:        4016004 kB
MemFree:          119780 kB
Active:           352832 kB
Mem:          3.8G       3.7G       116M       5.7M        28M       3.2G

MemTotal:        4016004 kB
MemFree:          108548 kB
Active:           352856 kB
Mem:          3.8G       3.7G       105M       5.7M        28M       3.2G

MemTotal:        4016004 kB
MemFree:          112296 kB
Active:           352868 kB
Mem:          3.8G       3.7G       108M       5.7M        28M       3.2G

MemTotal:        4016004 kB
MemFree:          127452 kB
Active:           352856 kB
Mem:          3.8G       3.7G       123M       5.7M        28M       3.2G

MemTotal:        4016004 kB
MemFree:          118972 kB
Active:           352864 kB
Mem:          3.8G       3.7G       114M       5.7M        28M       3.2G

MemTotal:        4016004 kB
MemFree:          120548 kB
Active:           352848 kB
Mem:          3.8G       3.7G       117M       5.7M        28M       3.2G

MemTotal:        4016004 kB
MemFree:          110568 kB
Active:           352844 kB
Mem:          3.8G       3.7G       107M       5.7M        28M       3.2G

MemTotal:        4016004 kB
MemFree:          146456 kB
Active:           352896 kB
Mem:          3.8G       3.7G       142M       5.7M        28M       3.2G

MemTotal:        4016004 kB
MemFree:          124420 kB
Active:           352908 kB
Mem:          3.8G       3.7G       121M       5.7M        28M       3.2G

MemTotal:        4016004 kB
MemFree:          126864 kB
Active:           352896 kB
Mem:          3.8G       3.7G       123M       5.7M        28M       3.2G

MemTotal:        4016004 kB
MemFree:          106364 kB
Active:           352880 kB
Mem:          3.8G       3.7G       103M       5.7M        28M       3.2G

MemTotal:        4016004 kB
MemFree:          132804 kB
Active:           352888 kB
Mem:          3.8G       3.7G       128M       5.7M        28M       3.2G

MemTotal:        4016004 kB
MemFree:          133808 kB
Active:           352920 kB
Mem:          3.8G       3.7G       129M       5.7M        28M       3.2G

MemTotal:        4016004 kB
MemFree:          124660 kB
Active:           352924 kB
Mem:          3.8G       3.7G       120M       5.7M        28M       3.2G

MemTotal:        4016004 kB
MemFree:          125416 kB
Active:           352916 kB
Mem:          3.8G       3.7G       121M       5.7M        28M       3.2G

MemTotal:        4016004 kB
MemFree:          141980 kB
Active:           352916 kB
Mem:          3.8G       3.7G       136M       5.7M        28M       3.2G

MemTotal:        4016004 kB
MemFree:          132076 kB
Active:           352904 kB
Mem:          3.8G       3.7G       127M       5.7M        28M       3.2G

MemTotal:        4016004 kB
MemFree:          128420 kB
Active:           352940 kB
Mem:          3.8G       3.7G       125M       5.7M        28M       3.2G

MemTotal:        4016004 kB
MemFree:          108880 kB
Active:           352932 kB
Mem:          3.8G       3.7G       105M       5.7M        28M       3.2G

MemTotal:        4016004 kB
MemFree:          135524 kB
Active:           352912 kB
Mem:          3.8G       3.7G       131M       5.7M        28M       3.2G

MemTotal:        4016004 kB
MemFree:          130112 kB
Active:           352948 kB
Mem:          3.8G       3.7G       126M       5.7M        28M       3.2G

MemTotal:        4016004 kB
MemFree:          120804 kB
Active:           352932 kB
Mem:          3.8G       3.7G       116M       5.7M        28M       3.2G

MemTotal:        4016004 kB
MemFree:          116724 kB
Active:           352940 kB
Mem:          3.8G       3.7G       113M       5.7M        28M       3.2G

MemTotal:        4016004 kB
MemFree:          124704 kB
Active:           352936 kB
Mem:          3.8G       3.7G       132M       5.7M        28M       3.2G

MemTotal:        4016004 kB
MemFree:          126436 kB
Active:           352952 kB
Mem:          3.8G       3.7G       122M       5.7M        28M       3.2G

MemTotal:        4016004 kB
MemFree:          134020 kB
Active:           352952 kB
Mem:          3.8G       3.7G       129M       5.7M        28M       3.2G

MemTotal:        4016004 kB
MemFree:          124120 kB
Active:           352940 kB
Mem:          3.8G       3.7G       119M       5.7M        28M       3.2G

MemTotal:        4016004 kB
MemFree:          114560 kB
Active:           353000 kB
Mem:          3.8G       3.7G       111M       5.7M        28M       3.2G

MemTotal:        4016004 kB
MemFree:          129064 kB
Active:           353000 kB
Mem:          3.8G       3.7G       125M       5.7M        28M       3.2G

MemTotal:        4016004 kB
MemFree:          130728 kB
Active:           352960 kB
Mem:          3.8G       3.7G       127M       5.7M        28M       3.2G

MemTotal:        4016004 kB
MemFree:          109840 kB
Active:           353012 kB
Mem:          3.8G       3.7G       107M       5.7M        28M       3.2G

MemTotal:        4016004 kB
MemFree:          109688 kB
Active:           352984 kB
Mem:          3.8G       3.7G       106M       5.7M        28M       3.2G

MemTotal:        4016004 kB
MemFree:          108948 kB
Active:           353016 kB
Mem:          3.8G       3.7G       106M       5.7M        28M       3.2G

MemTotal:        4016004 kB
MemFree:          111328 kB
Active:           353020 kB
Mem:          3.8G       3.7G       108M       5.7M        28M       3.2G

MemTotal:        4016004 kB
MemFree:          131676 kB
Active:           352988 kB
Mem:          3.8G       3.7G       127M       5.7M        28M       3.2G

MemTotal:        4016004 kB
MemFree:          122344 kB
Active:           352992 kB
Mem:          3.8G       3.7G       118M       5.7M        28M       3.2G

MemTotal:        4016004 kB
MemFree:          112000 kB
Active:           352992 kB
Mem:          3.8G       3.7G       108M       5.7M        28M       3.2G

MemTotal:        4016004 kB
MemFree:          113624 kB
Active:           353020 kB
Mem:          3.8G       3.7G       110M       5.7M        28M       3.2G

MemTotal:        4016004 kB
MemFree:          116132 kB
Active:           353012 kB
Mem:          3.8G       3.7G       111M       5.7M        28M       3.2G

MemTotal:        4016004 kB
MemFree:          129924 kB
Active:           353032 kB
Mem:          3.8G       3.7G       126M       5.7M        28M       3.2G

MemTotal:        4016004 kB
MemFree:          136692 kB
Active:           353040 kB
Mem:          3.8G       3.7G       133M       5.7M        28M       3.2G

MemTotal:        4016004 kB
MemFree:          128908 kB
Active:           353028 kB
Mem:          3.8G       3.7G       125M       5.7M        28M       3.2G

MemTotal:        4016004 kB
MemFree:          118924 kB
Active:           353052 kB
Mem:          3.8G       3.7G       115M       5.7M        28M       3.2G

MemTotal:        4016004 kB
MemFree:          108612 kB
Active:           353056 kB
Mem:          3.8G       3.7G       105M       5.7M        28M       3.2G

MemTotal:        4016004 kB
MemFree:          110624 kB
Active:           353036 kB
Mem:          3.8G       3.7G       107M       5.7M        28M       3.2G

MemTotal:        4016004 kB
MemFree:          128324 kB
Active:           353000 kB
Mem:          3.8G       3.7G       124M       5.7M        28M       3.2G

MemTotal:        4016004 kB
MemFree:          124604 kB
Active:           353032 kB
Mem:          3.8G       3.7G       121M       5.7M        28M       3.2G

MemTotal:        4016004 kB
MemFree:          111476 kB
Active:           353064 kB
Mem:          3.8G       3.7G       107M       5.7M        28M       3.2G

MemTotal:        4016004 kB
MemFree:          142864 kB
Active:           352880 kB
Mem:          3.8G       3.7G       139M       5.7M        28M       3.2G

MemTotal:        4016004 kB
MemFree:          143392 kB
Active:           352768 kB
Mem:          3.8G       3.7G       140M       5.7M        28M       3.2G

MemTotal:        4016004 kB
MemFree:          143860 kB
Active:           352776 kB
Mem:          3.8G       3.7G       140M       5.7M        28M       3.2G

MemTotal:        4016004 kB
MemFree:          143488 kB
Active:           352776 kB
Mem:          3.8G       3.7G       140M       5.7M        28M       3.2G

MemTotal:        4016004 kB
MemFree:          143364 kB
Active:           352756 kB
Mem:          3.8G       3.7G       140M       5.7M        28M       3.2G

MemTotal:        4016004 kB
MemFree:          143612 kB
Active:           352768 kB
Mem:          3.8G       3.7G       140M       5.7M        28M       3.2G

MemTotal:        4016004 kB
MemFree:          143860 kB
Active:           352772 kB
Mem:          3.8G       3.7G       140M       5.7M        28M       3.2G

MemTotal:        4016004 kB
MemFree:          143612 kB
Active:           352788 kB
Mem:          3.8G       3.7G       140M       5.7M        28M       3.2G

MemTotal:        4016004 kB
MemFree:          143736 kB
Active:           352792 kB
Mem:          3.8G       3.7G       139M       5.7M        28M       3.2G

MemTotal:        4016004 kB
MemFree:          143240 kB
Active:           352800 kB
Mem:          3.8G       3.7G       139M       5.7M        28M       3.2G

MemTotal:        4016004 kB
MemFree:          143240 kB
Active:           352788 kB
Mem:          3.8G       3.7G       139M       5.7M        28M       3.2G

MemTotal:        4016004 kB
MemFree:          142744 kB
Active:           352784 kB
Mem:          3.8G       3.7G       139M       5.7M        28M       3.2G

MemTotal:        4016004 kB
MemFree:          142496 kB
Active:           352788 kB
Mem:          3.8G       3.7G       138M       5.7M        28M       3.2G

MemTotal:        4016004 kB
MemFree:          142248 kB
Active:           352820 kB
Mem:          3.8G       3.7G       139M       5.7M        28M       3.2G

MemTotal:        4016004 kB
MemFree:          142744 kB
Active:           352820 kB
Mem:          3.8G       3.7G       139M       5.7M        28M       3.2G

MemTotal:        4016004 kB
MemFree:          143116 kB
Active:           352820 kB
Mem:          3.8G       3.7G       139M       5.7M        28M       3.2G

MemTotal:        4016004 kB
MemFree:          143116 kB
Active:           352804 kB
Mem:          3.8G       3.7G       139M       5.7M        28M       3.2G

MemTotal:        4016004 kB
MemFree:          143240 kB
Active:           352788 kB
Mem:          3.8G       3.7G       139M       5.7M        28M       3.2G

MemTotal:        4016004 kB
MemFree:          142496 kB
Active:           352812 kB
Mem:          3.8G       3.7G       139M       5.7M        28M       3.2G

MemTotal:        4016004 kB
MemFree:          142744 kB
Active:           352796 kB
Mem:          3.8G       3.7G       139M       5.7M        28M       3.2G

MemTotal:        4016004 kB
MemFree:          142496 kB
Active:           352820 kB
Mem:          3.8G       3.7G       139M       5.7M        28M       3.2G

MemTotal:        4016004 kB
MemFree:          143240 kB
Active:           352812 kB
Mem:          3.8G       3.7G       139M       5.7M        28M       3.2G

MemTotal:        4016004 kB
MemFree:          142744 kB
Active:           352828 kB
Mem:          3.8G       3.7G       139M       5.7M        28M       3.2G

MemTotal:        4016004 kB
MemFree:          143488 kB
Active:           352800 kB
Mem:          3.8G       3.7G       139M       5.7M        28M       3.2G

MemTotal:        4016004 kB
MemFree:          142992 kB
Active:           352844 kB
Mem:          3.8G       3.7G       139M       5.7M        28M       3.2G

MemTotal:        4016004 kB
MemFree:          143364 kB
Active:           352828 kB
Mem:          3.8G       3.7G       139M       5.7M        28M       3.2G

MemTotal:        4016004 kB
MemFree:          143240 kB
Active:           352812 kB
Mem:          3.8G       3.7G       139M       5.7M        28M       3.2G

MemTotal:        4016004 kB
MemFree:          143240 kB
Active:           352808 kB
Mem:          3.8G       3.7G       139M       5.7M        28M       3.2G

MemTotal:        4016004 kB
MemFree:          143240 kB
Active:           352836 kB
Mem:          3.8G       3.7G       139M       5.7M        28M       3.2G

MemTotal:        4016004 kB
MemFree:          143240 kB
Active:           352856 kB
Mem:          3.8G       3.7G       139M       5.7M        28M       3.2G

MemTotal:        4016004 kB
MemFree:          143396 kB
Active:           352852 kB
Mem:          3.8G       3.7G       140M       5.7M        28M       3.2G

MemTotal:        4016004 kB
MemFree:          143428 kB
Active:           352848 kB
Mem:          3.8G       3.7G       139M       5.7M        28M       3.2G

MemTotal:        4016004 kB
MemFree:          143056 kB
Active:           352860 kB
Mem:          3.8G       3.7G       139M       5.7M        28M       3.2G

MemTotal:        4016004 kB
MemFree:          143428 kB
Active:           352848 kB
Mem:          3.8G       3.7G       139M       5.7M        28M       3.2G

MemTotal:        4016004 kB
MemFree:          143552 kB
Active:           352836 kB
Mem:          3.8G       3.7G       140M       5.7M        28M       3.2G

MemTotal:        4016004 kB
MemFree:          143552 kB
Active:           352856 kB
Mem:          3.8G       3.7G       140M       5.7M        28M       3.2G

MemTotal:        4016004 kB
MemFree:          143428 kB
Active:           352844 kB
Mem:          3.8G       3.7G       140M       5.7M        28M       3.2G

MemTotal:        4016004 kB
MemFree:          143552 kB
Active:           352844 kB
Mem:          3.8G       3.7G       140M       5.7M        28M       3.2G

MemTotal:        4016004 kB
MemFree:          143180 kB
Active:           352864 kB
Mem:          3.8G       3.7G       139M       5.7M        28M       3.2G

MemTotal:        4016004 kB
MemFree:          141364 kB
Active:           354944 kB
Mem:          3.8G       3.7G       137M       5.7M        28M       3.2G

MemTotal:        4016004 kB
MemFree:          140992 kB
Active:           355012 kB
Mem:          3.8G       3.7G       137M       5.7M        28M       3.2G

MemTotal:        4016004 kB
MemFree:          141240 kB
Active:           354992 kB
Mem:          3.8G       3.7G       137M       5.7M        28M       3.2G

MemTotal:        4016004 kB
MemFree:          141364 kB
Active:           354968 kB
Mem:          3.8G       3.7G       138M       5.7M        28M       3.2G

MemTotal:        4016004 kB
MemFree:          140992 kB
Active:           355000 kB
Mem:          3.8G       3.7G       137M       5.7M        28M       3.2G

MemTotal:        4016004 kB
MemFree:          141116 kB
Active:           355016 kB
Mem:          3.8G       3.7G       137M       5.7M        28M       3.2G

MemTotal:        4016004 kB
MemFree:          141496 kB
Active:           355020 kB
Mem:          3.8G       3.7G       138M       5.7M        28M       3.2G

MemTotal:        4016004 kB
MemFree:          141868 kB
Active:           354984 kB
Mem:          3.8G       3.7G       138M       5.7M        28M       3.2G

MemTotal:        4016004 kB
MemFree:          141868 kB
Active:           354968 kB
Mem:          3.8G       3.7G       138M       5.7M        28M       3.2G

MemTotal:        4016004 kB
MemFree:          141620 kB
Active:           354988 kB
Mem:          3.8G       3.7G       137M       5.7M        28M       3.2G

MemTotal:        4016004 kB
MemFree:          141000 kB
Active:           355016 kB
Mem:          3.8G       3.7G       137M       5.7M        28M       3.2G

MemTotal:        4016004 kB
MemFree:          141744 kB
Active:           354996 kB
Mem:          3.8G       3.7G       138M       5.7M        28M       3.2G

MemTotal:        4016004 kB
MemFree:          141248 kB
Active:           354992 kB
Mem:          3.8G       3.7G       137M       5.7M        28M       3.2G

MemTotal:        4016004 kB
MemFree:          140752 kB
Active:           355020 kB
Mem:          3.8G       3.7G       137M       5.7M        28M       3.2G

MemTotal:        4016004 kB
MemFree:          141372 kB
Active:           355008 kB
Mem:          3.8G       3.7G       137M       5.7M        28M       3.2G

MemTotal:        4016004 kB
MemFree:          141000 kB
Active:           355016 kB
Mem:          3.8G       3.7G       137M       5.7M        28M       3.2G

MemTotal:        4016004 kB
MemFree:          143048 kB
Active:           352952 kB
Mem:          3.8G       3.7G       139M       5.7M        28M       3.2G

MemTotal:        4016004 kB
MemFree:          143064 kB
Active:           352944 kB
Mem:          3.8G       3.7G       139M       5.7M        28M       3.2G

MemTotal:        4016004 kB
MemFree:          143436 kB
Active:           352972 kB
Mem:          3.8G       3.7G       139M       5.7M        28M       3.2G

MemTotal:        4016004 kB
MemFree:          143064 kB
Active:           352976 kB
Mem:          3.8G       3.7G       139M       5.7M        28M       3.2G

MemTotal:        4016004 kB
MemFree:          143436 kB
Active:           352976 kB
Mem:          3.8G       3.7G       140M       5.7M        28M       3.2G

MemTotal:        4016004 kB
MemFree:          142940 kB
Active:           352992 kB
Mem:          3.8G       3.7G       139M       5.7M        28M       3.2G

MemTotal:        4016004 kB
MemFree:          142692 kB
Active:           353000 kB
Mem:          3.8G       3.7G       139M       5.7M        28M       3.2G

MemTotal:        4016004 kB
MemFree:          142940 kB
Active:           352972 kB
Mem:          3.8G       3.7G       139M       5.7M        28M       3.2G

MemTotal:        4016004 kB
MemFree:          143312 kB
Active:           352988 kB
Mem:          3.8G       3.7G       139M       5.7M        28M       3.2G

MemTotal:        4016004 kB
MemFree:          143312 kB
Active:           352988 kB
Mem:          3.8G       3.7G       139M       5.7M        28M       3.2G

MemTotal:        4016004 kB
MemFree:          143188 kB
Active:           352992 kB
Mem:          3.8G       3.7G       139M       5.7M        28M       3.2G

MemTotal:        4016004 kB
MemFree:          142940 kB
Active:           352976 kB
Mem:          3.8G       3.7G       139M       5.7M        28M       3.2G

MemTotal:        4016004 kB
MemFree:          142692 kB
Active:           353008 kB
Mem:          3.8G       3.7G       139M       5.7M        28M       3.2G

MemTotal:        4016004 kB
MemFree:          142320 kB
Active:           353016 kB
Mem:          3.8G       3.7G       138M       5.7M        28M       3.2G

MemTotal:        4016004 kB
MemFree:          142444 kB
Active:           352980 kB
Mem:          3.8G       3.7G       138M       5.7M        28M       3.2G

MemTotal:        4016004 kB
MemFree:          142320 kB
Active:           353008 kB
Mem:          3.8G       3.7G       139M       5.7M        28M       3.2G

MemTotal:        4016004 kB
MemFree:          142444 kB
Active:           353016 kB
Mem:          3.8G       3.7G       139M       5.7M        28M       3.2G

MemTotal:        4016004 kB
MemFree:          142568 kB
Active:           352996 kB
Mem:          3.8G       3.7G       138M       5.7M        28M       3.2G

MemTotal:        4016004 kB
MemFree:          142948 kB
Active:           353012 kB
Mem:          3.8G       3.7G       139M       5.7M        28M       3.2G

MemTotal:        4016004 kB
MemFree:          142452 kB
Active:           352992 kB
Mem:          3.8G       3.7G       138M       5.7M        28M       3.2G

MemTotal:        4016004 kB
MemFree:          142328 kB
Active:           353024 kB
Mem:          3.8G       3.7G       138M       5.7M        28M       3.2G

MemTotal:        4016004 kB
MemFree:          142328 kB
Active:           353028 kB
Mem:          3.8G       3.7G       138M       5.7M        28M       3.2G

MemTotal:        4016004 kB
MemFree:          142700 kB
Active:           353008 kB
Mem:          3.8G       3.7G       139M       5.7M        28M       3.2G

MemTotal:        4016004 kB
MemFree:          142824 kB
Active:           352988 kB
Mem:          3.8G       3.7G       139M       5.7M        28M       3.2G

MemTotal:        4016004 kB
MemFree:          142948 kB
Active:           353000 kB
Mem:          3.8G       3.7G       139M       5.7M        28M       3.2G

MemTotal:        4016004 kB
MemFree:          143196 kB
Active:           353000 kB
Mem:          3.8G       3.7G       139M       5.7M        28M       3.2G

MemTotal:        4016004 kB
MemFree:          142948 kB
Active:           353020 kB
Mem:          3.8G       3.7G       139M       5.7M        28M       3.2G

MemTotal:        4016004 kB
MemFree:          142824 kB
Active:           353000 kB
Mem:          3.8G       3.7G       139M       5.7M        28M       3.2G

MemTotal:        4016004 kB
MemFree:          143072 kB
Active:           353008 kB
Mem:          3.8G       3.7G       139M       5.7M        28M       3.2G

MemTotal:        4016004 kB
MemFree:          143196 kB
Active:           353016 kB
Mem:          3.8G       3.7G       139M       5.7M        28M       3.2G

MemTotal:        4016004 kB
MemFree:          143444 kB
Active:           352988 kB
Mem:          3.8G       3.7G       140M       5.7M        28M       3.2G

MemTotal:        4016004 kB
MemFree:          143444 kB
Active:           353012 kB
Mem:          3.8G       3.7G       139M       5.7M        28M       3.2G

MemTotal:        4016004 kB
MemFree:          143568 kB
Active:           353036 kB
Mem:          3.8G       3.7G       139M       5.7M        28M       3.2G

MemTotal:        4016004 kB
MemFree:          142824 kB
Active:           353052 kB
Mem:          3.8G       3.7G       139M       5.7M        28M       3.2G

MemTotal:        4016004 kB
MemFree:          143196 kB
Active:           353028 kB
Mem:          3.8G       3.7G       139M       5.7M        28M       3.2G

MemTotal:        4016004 kB
MemFree:          143072 kB
Active:           353000 kB
Mem:          3.8G       3.7G       139M       5.7M        28M       3.2G

MemTotal:        4016004 kB
MemFree:          142700 kB
Active:           353056 kB
Mem:          3.8G       3.7G       139M       5.7M        28M       3.2G

MemTotal:        4016004 kB
MemFree:          142576 kB
Active:           353044 kB
Mem:          3.8G       3.7G       139M       5.7M        28M       3.2G

MemTotal:        4016004 kB
MemFree:          142452 kB
Active:           353044 kB
Mem:          3.8G       3.7G       138M       5.7M        28M       3.2G

MemTotal:        4016004 kB
MemFree:          142576 kB
Active:           353028 kB
Mem:          3.8G       3.7G       139M       5.7M        28M       3.2G

MemTotal:        4016004 kB
MemFree:          142700 kB
Active:           353040 kB
Mem:          3.8G       3.7G       139M       5.7M        28M       3.2G

MemTotal:        4016004 kB
MemFree:          143072 kB
Active:           353028 kB
Mem:          3.8G       3.7G       139M       5.7M        28M       3.2G

MemTotal:        4016004 kB
MemFree:          142948 kB
Active:           353048 kB
Mem:          3.8G       3.7G       139M       5.7M        28M       3.2G

MemTotal:        4016004 kB
MemFree:          142948 kB
Active:           353032 kB
Mem:          3.8G       3.7G       139M       5.7M        28M       3.2G

MemTotal:        4016004 kB
MemFree:          143072 kB
Active:           353020 kB
Mem:          3.8G       3.7G       139M       5.7M        28M       3.2G

MemTotal:        4016004 kB
MemFree:          142452 kB
Active:           353048 kB
Mem:          3.8G       3.7G       138M       5.7M        28M       3.2G

MemTotal:        4016004 kB
MemFree:          142328 kB
Active:           353044 kB
Mem:          3.8G       3.7G       138M       5.7M        28M       3.2G

MemTotal:        4016004 kB
MemFree:          142576 kB
Active:           353036 kB
Mem:          3.8G       3.7G       138M       5.7M        28M       3.2G

MemTotal:        4016004 kB
MemFree:          142204 kB
Active:           353056 kB
Mem:          3.8G       3.7G       138M       5.7M        28M       3.2G

MemTotal:        4016004 kB
MemFree:          142204 kB
Active:           353052 kB
Mem:          3.8G       3.7G       139M       5.7M        28M       3.2G

MemTotal:        4016004 kB
MemFree:          142452 kB
Active:           353048 kB
Mem:          3.8G       3.7G       139M       5.7M        28M       3.2G

MemTotal:        4016004 kB
MemFree:          142576 kB
Active:           353036 kB
Mem:          3.8G       3.7G       138M       5.7M        28M       3.2G

MemTotal:        4016004 kB
MemFree:          142576 kB
Active:           353036 kB
Mem:          3.8G       3.7G       138M       5.7M        28M       3.2G

MemTotal:        4016004 kB
MemFree:          142204 kB
Active:           353032 kB
Mem:          3.8G       3.7G       138M       5.7M        28M       3.2G

MemTotal:        4016004 kB
MemFree:          142328 kB
Active:           353060 kB
Mem:          3.8G       3.7G       139M       5.7M        28M       3.2G

MemTotal:        4016004 kB
MemFree:          142700 kB
Active:           353064 kB
Mem:          3.8G       3.7G       139M       5.7M        28M       3.2G

MemTotal:        4016004 kB
MemFree:          142948 kB
Active:           353076 kB
Mem:          3.8G       3.7G       139M       5.7M        28M       3.2G

MemTotal:        4016004 kB
MemFree:          142948 kB
Active:           353076 kB
Mem:          3.8G       3.7G       139M       5.7M        28M       3.2G

MemTotal:        4016004 kB
MemFree:          143320 kB
Active:           353072 kB
Mem:          3.8G       3.7G       139M       5.7M        28M       3.2G

MemTotal:        4016004 kB
MemFree:          143320 kB
Active:           353060 kB
Mem:          3.8G       3.7G       139M       5.7M        28M       3.2G

MemTotal:        4016004 kB
MemFree:          142948 kB
Active:           353064 kB
Mem:          3.8G       3.7G       139M       5.7M        28M       3.2G

MemTotal:        4016004 kB
MemFree:          142948 kB
Active:           353068 kB
Mem:          3.8G       3.7G       139M       5.7M        28M       3.2G

MemTotal:        4016004 kB
MemFree:          143320 kB
Active:           353072 kB
Mem:          3.8G       3.7G       139M       5.7M        28M       3.2G

MemTotal:        4016004 kB
MemFree:          143072 kB
Active:           353080 kB
Mem:          3.8G       3.7G       139M       5.7M        28M       3.2G

MemTotal:        4016004 kB
MemFree:          142576 kB
Active:           353076 kB
Mem:          3.8G       3.7G       139M       5.7M        28M       3.2G

MemTotal:        4016004 kB
MemFree:          142576 kB
Active:           353112 kB
Mem:          3.8G       3.7G       139M       5.7M        28M       3.2G

MemTotal:        4016004 kB
MemFree:          142452 kB
Active:           353076 kB
Mem:          3.8G       3.7G       138M       5.7M        28M       3.2G

MemTotal:        4016004 kB
MemFree:          142452 kB
Active:           353084 kB
Mem:          3.8G       3.7G       139M       5.7M        28M       3.2G

MemTotal:        4016004 kB
MemFree:          142328 kB
Active:           353100 kB
Mem:          3.8G       3.7G       138M       5.7M        28M       3.2G

MemTotal:        4016004 kB
MemFree:          142452 kB
Active:           353096 kB
Mem:          3.8G       3.7G       139M       5.7M        28M       3.2G

MemTotal:        4016004 kB
MemFree:          142328 kB
Active:           353088 kB
Mem:          3.8G       3.7G       138M       5.7M        28M       3.2G

MemTotal:        4016004 kB
MemFree:          142080 kB
Active:           353104 kB
Mem:          3.8G       3.7G       138M       5.7M        28M       3.2G

MemTotal:        4016004 kB
MemFree:          141956 kB
Active:           353112 kB
Mem:          3.8G       3.7G       138M       5.7M        28M       3.2G

MemTotal:        4016004 kB
MemFree:          141708 kB
Active:           353100 kB
Mem:          3.8G       3.7G       138M       5.7M        28M       3.2G

MemTotal:        4016004 kB
MemFree:          142080 kB
Active:           353088 kB
Mem:          3.8G       3.7G       138M       5.7M        28M       3.2G

MemTotal:        4016004 kB
MemFree:          142700 kB
Active:           353076 kB
Mem:          3.8G       3.7G       139M       5.7M        28M       3.2G

MemTotal:        4016004 kB
MemFree:          143196 kB
Active:           353100 kB
Mem:          3.8G       3.7G       139M       5.7M        28M       3.2G

MemTotal:        4016004 kB
MemFree:          142824 kB
Active:           353124 kB
Mem:          3.8G       3.7G       139M       5.7M        28M       3.2G

MemTotal:        4016004 kB
MemFree:          142700 kB
Active:           353124 kB
Mem:          3.8G       3.7G       139M       5.7M        28M       3.2G

MemTotal:        4016004 kB
MemFree:          143072 kB
Active:           353116 kB
Mem:          3.8G       3.7G       139M       5.7M        28M       3.2G

MemTotal:        4016004 kB
MemFree:          143072 kB
Active:           353072 kB
Mem:          3.8G       3.7G       139M       5.7M        28M       3.2G

MemTotal:        4016004 kB
MemFree:          143196 kB
Active:           353104 kB
Mem:          3.8G       3.7G       139M       5.7M        28M       3.2G

MemTotal:        4016004 kB
MemFree:          143196 kB
Active:           353116 kB
Mem:          3.8G       3.7G       139M       5.7M        28M       3.2G

MemTotal:        4016004 kB
MemFree:          142700 kB
Active:           353136 kB
Mem:          3.8G       3.7G       138M       5.7M        28M       3.2G

MemTotal:        4016004 kB
MemFree:          142080 kB
Active:           353140 kB
Mem:          3.8G       3.7G       138M       5.7M        28M       3.2G

MemTotal:        4016004 kB
MemFree:          142080 kB
Active:           353128 kB
Mem:          3.8G       3.7G       138M       5.7M        28M       3.2G

MemTotal:        4016004 kB
MemFree:          142328 kB
Active:           353116 kB
Mem:          3.8G       3.7G       138M       5.7M        28M       3.2G

MemTotal:        4016004 kB
MemFree:          142328 kB
Active:           353124 kB
Mem:          3.8G       3.7G       138M       5.7M        28M       3.2G

MemTotal:        4016004 kB
MemFree:          142328 kB
Active:           353084 kB
Mem:          3.8G       3.7G       138M       5.7M        28M       3.2G

MemTotal:        4016004 kB
MemFree:          142452 kB
Active:           353100 kB
Mem:          3.8G       3.7G       139M       5.7M        28M       3.2G

MemTotal:        4016004 kB
MemFree:          142328 kB
Active:           353132 kB
Mem:          3.8G       3.7G       138M       5.7M        28M       3.2G

MemTotal:        4016004 kB
MemFree:          142452 kB
Active:           353144 kB
Mem:          3.8G       3.7G       139M       5.7M        28M       3.2G

MemTotal:        4016004 kB
MemFree:          142576 kB
Active:           353132 kB
Mem:          3.8G       3.7G       139M       5.7M        28M       3.2G

MemTotal:        4016004 kB
MemFree:          142824 kB
Active:           353136 kB
Mem:          3.8G       3.7G       139M       5.7M        28M       3.2G

MemTotal:        4016004 kB
MemFree:          143072 kB
Active:           353124 kB
Mem:          3.8G       3.7G       139M       5.7M        28M       3.2G

MemTotal:        4016004 kB
MemFree:          142576 kB
Active:           353148 kB
Mem:          3.8G       3.7G       139M       5.7M        28M       3.2G

MemTotal:        4016004 kB
MemFree:          142948 kB
Active:           353128 kB
Mem:          3.8G       3.7G       139M       5.7M        28M       3.2G

MemTotal:        4016004 kB
MemFree:          142576 kB
Active:           353156 kB
Mem:          3.8G       3.7G       139M       5.7M        28M       3.2G

MemTotal:        4016004 kB
MemFree:          142948 kB
Active:           353144 kB
Mem:          3.8G       3.7G       139M       5.7M        28M       3.2G

MemTotal:        4016004 kB
MemFree:          143072 kB
Active:           353112 kB
Mem:          3.8G       3.7G       139M       5.7M        28M       3.2G

MemTotal:        4016004 kB
MemFree:          142824 kB
Active:           353136 kB
Mem:          3.8G       3.7G       139M       5.7M        28M       3.2G

MemTotal:        4016004 kB
MemFree:          143816 kB
Active:           353132 kB
Mem:          3.8G       3.7G       139M       5.7M        28M       3.2G

MemTotal:        4016004 kB
MemFree:          142948 kB
Active:           353140 kB
Mem:          3.8G       3.7G       139M       5.7M        28M       3.2G

MemTotal:        4016004 kB
MemFree:          142948 kB
Active:           353132 kB
Mem:          3.8G       3.7G       139M       5.7M        28M       3.2G

MemTotal:        4016004 kB
MemFree:          143072 kB
Active:           353144 kB
Mem:          3.8G       3.7G       139M       5.7M        28M       3.2G

MemTotal:        4016004 kB
MemFree:          143320 kB
Active:           353140 kB
Mem:          3.8G       3.7G       139M       5.7M        28M       3.2G

MemTotal:        4016004 kB
MemFree:          143320 kB
Active:           353140 kB
Mem:          3.8G       3.7G       139M       5.7M        28M       3.2G

MemTotal:        4016004 kB
MemFree:          143320 kB
Active:           353152 kB
Mem:          3.8G       3.7G       139M       5.7M        28M       3.2G

MemTotal:        4016004 kB
MemFree:          142700 kB
Active:           353152 kB
Mem:          3.8G       3.7G       139M       5.7M        28M       3.2G

MemTotal:        4016004 kB
MemFree:          142824 kB
Active:           353168 kB
Mem:          3.8G       3.7G       139M       5.7M        28M       3.2G

MemTotal:        4016004 kB
MemFree:          143072 kB
Active:           353156 kB
Mem:          3.8G       3.7G       139M       5.7M        28M       3.2G

MemTotal:        4016004 kB
MemFree:          142948 kB
Active:           353168 kB
Mem:          3.8G       3.7G       139M       5.7M        28M       3.2G

MemTotal:        4016004 kB
MemFree:          142948 kB
Active:           353144 kB
Mem:          3.8G       3.7G       139M       5.7M        28M       3.2G

MemTotal:        4016004 kB
MemFree:          142824 kB
Active:           353164 kB
Mem:          3.8G       3.7G       139M       5.7M        28M       3.2G

MemTotal:        4016004 kB
MemFree:          143320 kB
Active:           353156 kB
Mem:          3.8G       3.7G       139M       5.7M        28M       3.2G

MemTotal:        4016004 kB
MemFree:          143196 kB
Active:           353180 kB
Mem:          3.8G       3.7G       139M       5.7M        28M       3.2G

MemTotal:        4016004 kB
MemFree:          143444 kB
Active:           353144 kB
Mem:          3.8G       3.7G       139M       5.7M        28M       3.2G

MemTotal:        4016004 kB
MemFree:          143320 kB
Active:           353180 kB
Mem:          3.8G       3.7G       139M       5.7M        28M       3.2G

MemTotal:        4016004 kB
MemFree:          143072 kB
Active:           353188 kB
Mem:          3.8G       3.7G       139M       5.7M        28M       3.2G

MemTotal:        4016004 kB
MemFree:          143320 kB
Active:           353180 kB
Mem:          3.8G       3.7G       139M       5.7M        28M       3.2G

MemTotal:        4016004 kB
MemFree:          143072 kB
Active:           353180 kB
Mem:          3.8G       3.7G       139M       5.7M        28M       3.2G

MemTotal:        4016004 kB
MemFree:          143320 kB
Active:           353176 kB
Mem:          3.8G       3.7G       139M       5.7M        28M       3.2G

MemTotal:        4016004 kB
MemFree:          142700 kB
Active:           353196 kB
Mem:          3.8G       3.7G       139M       5.7M        28M       3.2G

MemTotal:        4016004 kB
MemFree:          142700 kB
Active:           353192 kB
Mem:          3.8G       3.7G       139M       5.7M        28M       3.2G

MemTotal:        4016004 kB
MemFree:          142700 kB
Active:           353176 kB
Mem:          3.8G       3.7G       139M       5.7M        28M       3.2G

MemTotal:        4016004 kB
MemFree:          142948 kB
Active:           353184 kB
Mem:          3.8G       3.7G       139M       5.7M        28M       3.2G

MemTotal:        4016004 kB
MemFree:          142948 kB
Active:           353192 kB
Mem:          3.8G       3.7G       139M       5.7M        28M       3.2G

MemTotal:        4016004 kB
MemFree:          142328 kB
Active:           353192 kB
Mem:          3.8G       3.7G       138M       5.7M        28M       3.2G

MemTotal:        4016004 kB
MemFree:          142700 kB
Active:           353184 kB
Mem:          3.8G       3.7G       139M       5.7M        28M       3.2G

MemTotal:        4016004 kB
MemFree:          142452 kB
Active:           353204 kB
Mem:          3.8G       3.7G       139M       5.7M        28M       3.2G

MemTotal:        4016004 kB
MemFree:          142824 kB
Active:           353204 kB
Mem:          3.8G       3.7G       139M       5.7M        28M       3.2G

MemTotal:        4016004 kB
MemFree:          142328 kB
Active:           353220 kB
Mem:          3.8G       3.7G       138M       5.7M        28M       3.2G

MemTotal:        4016004 kB
MemFree:          142824 kB
Active:           353204 kB
Mem:          3.8G       3.7G       139M       5.7M        28M       3.2G

MemTotal:        4016004 kB
MemFree:          142948 kB
Active:           353192 kB
Mem:          3.8G       3.7G       139M       5.7M        28M       3.2G

MemTotal:        4016004 kB
MemFree:          142948 kB
Active:           353188 kB
Mem:          3.8G       3.7G       139M       5.7M        28M       3.2G

MemTotal:        4016004 kB
MemFree:          142576 kB
Active:           353196 kB
Mem:          3.8G       3.7G       139M       5.7M        28M       3.2G

MemTotal:        4016004 kB
MemFree:          142948 kB
Active:           353228 kB
