MemTotal:        4016004 kB
MemFree:         3226624 kB
Active:           434268 kB
Mem:          3.8G       770M       3.1G       5.7M        52M       322M

MemTotal:        4016004 kB
MemFree:         3225908 kB
Active:           434444 kB
Mem:          3.8G       771M       3.1G       5.7M        52M       322M

MemTotal:        4016004 kB
MemFree:         3225644 kB
Active:           434540 kB
Mem:          3.8G       771M       3.1G       5.7M        52M       322M

MemTotal:        4016004 kB
MemFree:         3225132 kB
Active:           434584 kB
Mem:          3.8G       772M       3.1G       5.7M        52M       322M

MemTotal:        4016004 kB
MemFree:         3225256 kB
Active:           434576 kB
Mem:          3.8G       771M       3.1G       5.7M        52M       322M

MemTotal:        4016004 kB
MemFree:         3225424 kB
Active:           432552 kB
Mem:          3.8G       772M       3.1G       5.7M        52M       322M

MemTotal:        4016004 kB
MemFree:         3225408 kB
Active:           432524 kB
Mem:          3.8G       772M       3.1G       5.7M        52M       322M

MemTotal:        4016004 kB
MemFree:         3225392 kB
Active:           434572 kB
Mem:          3.8G       772M       3.1G       5.7M        52M       322M

MemTotal:        4016004 kB
MemFree:         3225500 kB
Active:           434620 kB
Mem:          3.8G       772M       3.1G       5.7M        52M       322M

MemTotal:        4016004 kB
MemFree:         3225732 kB
Active:           434620 kB
Mem:          3.8G       772M       3.1G       5.7M        52M       322M

MemTotal:        4016004 kB
MemFree:         3225856 kB
Active:           434624 kB
Mem:          3.8G       771M       3.1G       5.7M        52M       322M

MemTotal:        4016004 kB
MemFree:         3225732 kB
Active:           434576 kB
Mem:          3.8G       771M       3.1G       5.7M        52M       322M

MemTotal:        4016004 kB
MemFree:         3225840 kB
Active:           434620 kB
Mem:          3.8G       771M       3.1G       5.7M        52M       322M

MemTotal:        4016004 kB
MemFree:         3225716 kB
Active:           434568 kB
Mem:          3.8G       771M       3.1G       5.7M        52M       322M

MemTotal:        4016004 kB
MemFree:         3225980 kB
Active:           434604 kB
Mem:          3.8G       771M       3.1G       5.7M        52M       322M

MemTotal:        4016004 kB
MemFree:         3225872 kB
Active:           434612 kB
Mem:          3.8G       771M       3.1G       5.7M        52M       322M

MemTotal:        4016004 kB
MemFree:         3225748 kB
Active:           434612 kB
Mem:          3.8G       771M       3.1G       5.7M        52M       322M

MemTotal:        4016004 kB
MemFree:         3225748 kB
Active:           434612 kB
Mem:          3.8G       771M       3.1G       5.7M        52M       322M

MemTotal:        4016004 kB
MemFree:         3225624 kB
Active:           434616 kB
Mem:          3.8G       771M       3.1G       5.7M        52M       322M

MemTotal:        4016004 kB
MemFree:         3225748 kB
Active:           434596 kB
Mem:          3.8G       771M       3.1G       5.7M        52M       322M

MemTotal:        4016004 kB
MemFree:         3225748 kB
Active:           434580 kB
Mem:          3.8G       771M       3.1G       5.7M        52M       322M

MemTotal:        4016004 kB
MemFree:         3225996 kB
Active:           434624 kB
Mem:          3.8G       771M       3.1G       5.7M        52M       322M

MemTotal:        4016004 kB
MemFree:         3226120 kB
Active:           434612 kB
Mem:          3.8G       771M       3.1G       5.7M        52M       322M

MemTotal:        4016004 kB
MemFree:         3226244 kB
Active:           434604 kB
Mem:          3.8G       771M       3.1G       5.7M        52M       322M

MemTotal:        4016004 kB
MemFree:         3225996 kB
Active:           434640 kB
Mem:          3.8G       771M       3.1G       5.7M        52M       322M

MemTotal:        4016004 kB
MemFree:         3225748 kB
Active:           434584 kB
Mem:          3.8G       771M       3.1G       5.7M        52M       322M

MemTotal:        4016004 kB
MemFree:         3225996 kB
Active:           434636 kB
Mem:          3.8G       771M       3.1G       5.7M        52M       322M

MemTotal:        4016004 kB
MemFree:         3225872 kB
Active:           434640 kB
Mem:          3.8G       771M       3.1G       5.7M        52M       322M

MemTotal:        4016004 kB
MemFree:         3225996 kB
Active:           434608 kB
Mem:          3.8G       771M       3.1G       5.7M        52M       322M

MemTotal:        4016004 kB
MemFree:         3226136 kB
Active:           434592 kB
Mem:          3.8G       771M       3.1G       5.7M        52M       322M

MemTotal:        4016004 kB
MemFree:         3225888 kB
Active:           434644 kB
Mem:          3.8G       771M       3.1G       5.7M        52M       322M

MemTotal:        4016004 kB
MemFree:         3225888 kB
Active:           434624 kB
Mem:          3.8G       771M       3.1G       5.7M        52M       322M

MemTotal:        4016004 kB
MemFree:         3225844 kB
Active:           434612 kB
Mem:          3.8G       771M       3.1G       5.7M        52M       322M

MemTotal:        4016004 kB
MemFree:         3225968 kB
Active:           434608 kB
Mem:          3.8G       771M       3.1G       5.7M        52M       322M

MemTotal:        4016004 kB
MemFree:         3225844 kB
Active:           434636 kB
Mem:          3.8G       771M       3.1G       5.7M        52M       322M

MemTotal:        4016004 kB
MemFree:         3225968 kB
Active:           434636 kB
Mem:          3.8G       771M       3.1G       5.7M        52M       322M

MemTotal:        4016004 kB
MemFree:         3225860 kB
Active:           434636 kB
Mem:          3.8G       771M       3.1G       5.7M        52M       322M

MemTotal:        4016004 kB
MemFree:         3225984 kB
Active:           434620 kB
Mem:          3.8G       771M       3.1G       5.7M        52M       322M

MemTotal:        4016004 kB
MemFree:         3225984 kB
Active:           434616 kB
Mem:          3.8G       771M       3.1G       5.7M        52M       322M

MemTotal:        4016004 kB
MemFree:         3225612 kB
Active:           434656 kB
Mem:          3.8G       771M       3.1G       5.7M        52M       322M

MemTotal:        4016004 kB
MemFree:         3225860 kB
Active:           434628 kB
Mem:          3.8G       771M       3.1G       5.7M        52M       322M

MemTotal:        4016004 kB
MemFree:         3225984 kB
Active:           434656 kB
Mem:          3.8G       771M       3.1G       5.7M        52M       322M

MemTotal:        4016004 kB
MemFree:         3225828 kB
Active:           434616 kB
Mem:          3.8G       771M       3.1G       5.7M        52M       322M

MemTotal:        4016004 kB
MemFree:         3225936 kB
Active:           434640 kB
Mem:          3.8G       771M       3.1G       5.7M        52M       322M

MemTotal:        4016004 kB
MemFree:         3225872 kB
Active:           434620 kB
Mem:          3.8G       771M       3.1G       5.7M        52M       322M

MemTotal:        4016004 kB
MemFree:         3226000 kB
Active:           434648 kB
Mem:          3.8G       771M       3.1G       5.7M        52M       322M

MemTotal:        4016004 kB
MemFree:         3226000 kB
Active:           434632 kB
Mem:          3.8G       771M       3.1G       5.7M        52M       322M

MemTotal:        4016004 kB
MemFree:         3225876 kB
Active:           434668 kB
Mem:          3.8G       771M       3.1G       5.7M        52M       322M

MemTotal:        4016004 kB
MemFree:         3225860 kB
Active:           434648 kB
Mem:          3.8G       771M       3.1G       5.7M        52M       322M

MemTotal:        4016004 kB
MemFree:         3225968 kB
Active:           434632 kB
Mem:          3.8G       771M       3.1G       5.7M        52M       322M

MemTotal:        4016004 kB
MemFree:         3225828 kB
Active:           434680 kB
Mem:          3.8G       771M       3.1G       5.7M        52M       322M

MemTotal:        4016004 kB
MemFree:         3225936 kB
Active:           434660 kB
Mem:          3.8G       771M       3.1G       5.7M        52M       322M

MemTotal:        4016004 kB
MemFree:         3226044 kB
Active:           434668 kB
Mem:          3.8G       771M       3.1G       5.7M        52M       322M

MemTotal:        4016004 kB
MemFree:         3226044 kB
Active:           434664 kB
Mem:          3.8G       771M       3.1G       5.7M        52M       322M

MemTotal:        4016004 kB
MemFree:         3225996 kB
Active:           432616 kB
Mem:          3.8G       771M       3.1G       5.7M        52M       322M

MemTotal:        4016004 kB
MemFree:         3226120 kB
Active:           432660 kB
Mem:          3.8G       771M       3.1G       5.7M        52M       322M

MemTotal:        4016004 kB
MemFree:         3225624 kB
Active:           434720 kB
Mem:          3.8G       771M       3.1G       5.7M        52M       322M

MemTotal:        4016004 kB
MemFree:         3225996 kB
Active:           434692 kB
Mem:          3.8G       771M       3.1G       5.7M        52M       322M

MemTotal:        4016004 kB
MemFree:         3226120 kB
Active:           434724 kB
Mem:          3.8G       771M       3.1G       5.7M        52M       322M

MemTotal:        4016004 kB
MemFree:         3225532 kB
Active:           434672 kB
Mem:          3.8G       771M       3.1G       5.7M        52M       322M

MemTotal:        4016004 kB
MemFree:         3225656 kB
Active:           434716 kB
Mem:          3.8G       771M       3.1G       5.7M        52M       322M

MemTotal:        4016004 kB
MemFree:         3226028 kB
Active:           434728 kB
Mem:          3.8G       771M       3.1G       5.7M        52M       322M

MemTotal:        4016004 kB
MemFree:         3225904 kB
Active:           434712 kB
Mem:          3.8G       771M       3.1G       5.7M        52M       322M

MemTotal:        4016004 kB
MemFree:         3225532 kB
Active:           434728 kB
Mem:          3.8G       772M       3.1G       5.7M        52M       322M

MemTotal:        4016004 kB
MemFree:         3225656 kB
Active:           434724 kB
Mem:          3.8G       771M       3.1G       5.7M        52M       322M

MemTotal:        4016004 kB
MemFree:         3225720 kB
Active:           434708 kB
Mem:          3.8G       771M       3.1G       5.7M        52M       322M

MemTotal:        4016004 kB
MemFree:         3225348 kB
Active:           434736 kB
Mem:          3.8G       771M       3.1G       5.7M        52M       322M

MemTotal:        4016004 kB
MemFree:         3225968 kB
Active:           434712 kB
Mem:          3.8G       771M       3.1G       5.7M        52M       322M

MemTotal:        4016004 kB
MemFree:         3225720 kB
Active:           434728 kB
Mem:          3.8G       771M       3.1G       5.7M        52M       322M

MemTotal:        4016004 kB
MemFree:         3225596 kB
Active:           434736 kB
Mem:          3.8G       771M       3.1G       5.7M        52M       322M

MemTotal:        4016004 kB
MemFree:         3225720 kB
Active:           434704 kB
Mem:          3.8G       771M       3.1G       5.7M        52M       322M

MemTotal:        4016004 kB
MemFree:         3225612 kB
Active:           434688 kB
Mem:          3.8G       771M       3.1G       5.7M        52M       322M

MemTotal:        4016004 kB
MemFree:         3225736 kB
Active:           434728 kB
Mem:          3.8G       771M       3.1G       5.7M        52M       322M

MemTotal:        4016004 kB
MemFree:         3225240 kB
Active:           434740 kB
Mem:          3.8G       771M       3.1G       5.7M        52M       322M

MemTotal:        4016004 kB
MemFree:         3225736 kB
Active:           434688 kB
Mem:          3.8G       771M       3.1G       5.7M        52M       322M

MemTotal:        4016004 kB
MemFree:         3225952 kB
Active:           434728 kB
Mem:          3.8G       772M       3.1G       5.7M        52M       322M

MemTotal:        4016004 kB
MemFree:         3225828 kB
Active:           434732 kB
Mem:          3.8G       772M       3.1G       5.7M        52M       322M

MemTotal:        4016004 kB
MemFree:         3225456 kB
Active:           434748 kB
Mem:          3.8G       771M       3.1G       5.7M        52M       322M

MemTotal:        4016004 kB
MemFree:         3225704 kB
Active:           434724 kB
Mem:          3.8G       772M       3.1G       5.7M        52M       322M

MemTotal:        4016004 kB
MemFree:         3225580 kB
Active:           434700 kB
Mem:          3.8G       772M       3.1G       5.7M        52M       322M

MemTotal:        4016004 kB
MemFree:         3225456 kB
Active:           434724 kB
Mem:          3.8G       771M       3.1G       5.7M        52M       322M

MemTotal:        4016004 kB
MemFree:         3225084 kB
Active:           434748 kB
Mem:          3.8G       772M       3.1G       5.7M        52M       322M

MemTotal:        4016004 kB
MemFree:         3224960 kB
Active:           434748 kB
Mem:          3.8G       772M       3.1G       5.7M        52M       322M

MemTotal:        4016004 kB
MemFree:         3225456 kB
Active:           434712 kB
Mem:          3.8G       772M       3.1G       5.7M        52M       322M

MemTotal:        4016004 kB
MemFree:         3225580 kB
Active:           434704 kB
Mem:          3.8G       772M       3.1G       5.7M        52M       322M

MemTotal:        4016004 kB
MemFree:         3225456 kB
Active:           434732 kB
Mem:          3.8G       772M       3.1G       5.7M        52M       322M

MemTotal:        4016004 kB
MemFree:         3225208 kB
Active:           434764 kB
Mem:          3.8G       771M       3.1G       5.7M        52M       322M

MemTotal:        4016004 kB
MemFree:         3225704 kB
Active:           434716 kB
Mem:          3.8G       772M       3.1G       5.7M        52M       322M

MemTotal:        4016004 kB
MemFree:         3225208 kB
Active:           434772 kB
Mem:          3.8G       772M       3.1G       5.7M        52M       322M

MemTotal:        4016004 kB
MemFree:         3225332 kB
Active:           434768 kB
Mem:          3.8G       772M       3.1G       5.7M        52M       322M

MemTotal:        4016004 kB
MemFree:         3225580 kB
Active:           434724 kB
Mem:          3.8G       772M       3.1G       5.7M        52M       322M

MemTotal:        4016004 kB
MemFree:         3225456 kB
Active:           434764 kB
Mem:          3.8G       771M       3.1G       5.7M        52M       322M

MemTotal:        4016004 kB
MemFree:         3225720 kB
Active:           434748 kB
Mem:          3.8G       771M       3.1G       5.7M        52M       322M

MemTotal:        4016004 kB
MemFree:         3225844 kB
Active:           434736 kB
Mem:          3.8G       771M       3.1G       5.7M        52M       322M

MemTotal:        4016004 kB
MemFree:         3223796 kB
Active:           434744 kB
Mem:          3.8G       773M       3.1G       5.7M        52M       322M

MemTotal:        4016004 kB
MemFree:         3223904 kB
Active:           436788 kB
Mem:          3.8G       773M       3.1G       5.7M        52M       322M

MemTotal:        4016004 kB
MemFree:         3223904 kB
Active:           436788 kB
Mem:          3.8G       773M       3.1G       5.7M        52M       322M

MemTotal:        4016004 kB
MemFree:         3223904 kB
Active:           436764 kB
Mem:          3.8G       773M       3.1G       5.7M        52M       322M

MemTotal:        4016004 kB
MemFree:         3224028 kB
Active:           436764 kB
Mem:          3.8G       773M       3.1G       5.7M        52M       322M

MemTotal:        4016004 kB
MemFree:         3223920 kB
Active:           436772 kB
Mem:          3.8G       773M       3.1G       5.7M        52M       322M

MemTotal:        4016004 kB
MemFree:         3223408 kB
Active:           437060 kB
Mem:          3.8G       774M       3.1G       5.7M        52M       322M

MemTotal:        4016004 kB
MemFree:         3182992 kB
Active:           437756 kB
Mem:          3.8G       813M       3.0G       5.7M        52M       362M

MemTotal:        4016004 kB
MemFree:         3136520 kB
Active:           437760 kB
Mem:          3.8G       860M       3.0G       5.7M        52M       406M

MemTotal:        4016004 kB
MemFree:         3092048 kB
Active:           437804 kB
Mem:          3.8G       902M       2.9G       5.7M        52M       448M

MemTotal:        4016004 kB
MemFree:         3047964 kB
Active:           437828 kB
Mem:          3.8G       945M       2.9G       5.7M        52M       491M

MemTotal:        4016004 kB
MemFree:         3002252 kB
Active:           437792 kB
Mem:          3.8G       990M       2.9G       5.7M        52M       535M

MemTotal:        4016004 kB
MemFree:         2958276 kB
Active:           437816 kB
Mem:          3.8G       1.0G       2.8G       5.7M        52M       578M

MemTotal:        4016004 kB
MemFree:         2913540 kB
Active:           437868 kB
Mem:          3.8G       1.1G       2.8G       5.7M        52M       619M

MemTotal:        4016004 kB
MemFree:         2870540 kB
Active:           437896 kB
Mem:          3.8G       1.1G       2.7G       5.7M        52M       662M

MemTotal:        4016004 kB
MemFree:         2824632 kB
Active:           437952 kB
Mem:          3.8G       1.1G       2.7G       5.7M        52M       705M

MemTotal:        4016004 kB
MemFree:         2780108 kB
Active:           437984 kB
Mem:          3.8G       1.2G       2.7G       5.7M        52M       747M

MemTotal:        4016004 kB
MemFree:         2736660 kB
Active:           438048 kB
Mem:          3.8G       1.2G       2.6G       5.7M        52M       790M

MemTotal:        4016004 kB
MemFree:         2692872 kB
Active:           438072 kB
Mem:          3.8G       1.3G       2.6G       5.7M        52M       832M

MemTotal:        4016004 kB
MemFree:         2647056 kB
Active:           440120 kB
Mem:          3.8G       1.3G       2.5G       5.7M        52M       874M

MemTotal:        4016004 kB
MemFree:         2601244 kB
Active:           440148 kB
Mem:          3.8G       1.3G       2.5G       5.7M        52M       918M

MemTotal:        4016004 kB
MemFree:         2557736 kB
Active:           440180 kB
Mem:          3.8G       1.4G       2.4G       5.7M        52M       960M

MemTotal:        4016004 kB
MemFree:         2511856 kB
Active:           440212 kB
Mem:          3.8G       1.4G       2.4G       5.7M        52M       1.0G

MemTotal:        4016004 kB
MemFree:         2468152 kB
Active:           440232 kB
Mem:          3.8G       1.5G       2.4G       5.7M        52M       1.0G

MemTotal:        4016004 kB
MemFree:         2423896 kB
Active:           440256 kB
Mem:          3.8G       1.5G       2.3G       5.7M        52M       1.1G

MemTotal:        4016004 kB
MemFree:         2377936 kB
Active:           440276 kB
Mem:          3.8G       1.6G       2.3G       5.7M        52M       1.1G

MemTotal:        4016004 kB
MemFree:         2333308 kB
Active:           440304 kB
Mem:          3.8G       1.6G       2.2G       5.7M        52M       1.1G

MemTotal:        4016004 kB
MemFree:         2289624 kB
Active:           440332 kB
Mem:          3.8G       1.6G       2.2G       5.7M        52M       1.2G

MemTotal:        4016004 kB
MemFree:         2244532 kB
Active:           440368 kB
Mem:          3.8G       1.7G       2.1G       5.7M        52M       1.2G

MemTotal:        4016004 kB
MemFree:         2200276 kB
Active:           440392 kB
Mem:          3.8G       1.7G       2.1G       5.7M        52M       1.3G

MemTotal:        4016004 kB
MemFree:         2156492 kB
Active:           440408 kB
Mem:          3.8G       1.8G       2.1G       5.7M        52M       1.3G

MemTotal:        4016004 kB
MemFree:         2112844 kB
Active:           440428 kB
Mem:          3.8G       1.8G       2.0G       5.7M        52M       1.4G

MemTotal:        4016004 kB
MemFree:         2067600 kB
Active:           440452 kB
Mem:          3.8G       1.9G       2.0G       5.7M        53M       1.4G

MemTotal:        4016004 kB
MemFree:         2023592 kB
Active:           440484 kB
Mem:          3.8G       1.9G       1.9G       5.7M        53M       1.4G

MemTotal:        4016004 kB
MemFree:         1980652 kB
Active:           440504 kB
Mem:          3.8G       1.9G       1.9G       5.7M        53M       1.5G

MemTotal:        4016004 kB
MemFree:         1934172 kB
Active:           440576 kB
Mem:          3.8G       2.0G       1.8G       5.7M        53M       1.5G

MemTotal:        4016004 kB
MemFree:         1890084 kB
Active:           440596 kB
Mem:          3.8G       2.0G       1.8G       5.7M        53M       1.6G

MemTotal:        4016004 kB
MemFree:         1843656 kB
Active:           440620 kB
Mem:          3.8G       2.1G       1.8G       5.7M        53M       1.6G

MemTotal:        4016004 kB
MemFree:         1798908 kB
Active:           440640 kB
Mem:          3.8G       2.1G       1.7G       5.7M        53M       1.6G

MemTotal:        4016004 kB
MemFree:         1755228 kB
Active:           440656 kB
Mem:          3.8G       2.2G       1.7G       5.7M        53M       1.7G

MemTotal:        4016004 kB
MemFree:         1709624 kB
Active:           440680 kB
Mem:          3.8G       2.2G       1.6G       5.7M        53M       1.7G

MemTotal:        4016004 kB
MemFree:         1664888 kB
Active:           440716 kB
Mem:          3.8G       2.2G       1.6G       5.7M        53M       1.8G

MemTotal:        4016004 kB
MemFree:         1621872 kB
Active:           440736 kB
Mem:          3.8G       2.3G       1.5G       5.7M        53M       1.8G

MemTotal:        4016004 kB
MemFree:         1577548 kB
Active:           440772 kB
Mem:          3.8G       2.3G       1.5G       5.7M        53M       1.9G

MemTotal:        4016004 kB
MemFree:         1532720 kB
Active:           440792 kB
Mem:          3.8G       2.4G       1.5G       5.7M        53M       1.9G

MemTotal:        4016004 kB
MemFree:         1489412 kB
Active:           440824 kB
Mem:          3.8G       2.4G       1.4G       5.7M        53M       1.9G

MemTotal:        4016004 kB
MemFree:         1445300 kB
Active:           440852 kB
Mem:          3.8G       2.5G       1.4G       5.7M        53M       2.0G

MemTotal:        4016004 kB
MemFree:         1401112 kB
Active:           440880 kB
Mem:          3.8G       2.5G       1.3G       5.7M        53M       2.0G

MemTotal:        4016004 kB
MemFree:         1355572 kB
Active:           440900 kB
Mem:          3.8G       2.5G       1.3G       5.7M        53M       2.1G

MemTotal:        4016004 kB
MemFree:         1312444 kB
Active:           440936 kB
Mem:          3.8G       2.6G       1.3G       5.7M        53M       2.1G

MemTotal:        4016004 kB
MemFree:         1267864 kB
Active:           440956 kB
Mem:          3.8G       2.6G       1.2G       5.7M        53M       2.1G

MemTotal:        4016004 kB
MemFree:         1223940 kB
Active:           440972 kB
Mem:          3.8G       2.7G       1.2G       5.7M        53M       2.2G

MemTotal:        4016004 kB
MemFree:         1178696 kB
Active:           440996 kB
Mem:          3.8G       2.7G       1.1G       5.7M        53M       2.2G

MemTotal:        4016004 kB
MemFree:         1134616 kB
Active:           441028 kB
Mem:          3.8G       2.7G       1.1G       5.7M        53M       2.3G

MemTotal:        4016004 kB
MemFree:         1090996 kB
Active:           441052 kB
Mem:          3.8G       2.8G       1.0G       5.7M        53M       2.3G

MemTotal:        4016004 kB
MemFree:         1046880 kB
Active:           441068 kB
Mem:          3.8G       2.8G       1.0G       5.7M        53M       2.4G

MemTotal:        4016004 kB
MemFree:         1002944 kB
Active:           441088 kB
Mem:          3.8G       2.9G       979M       5.7M        53M       2.4G

MemTotal:        4016004 kB
MemFree:          981232 kB
Active:           441124 kB
Mem:          3.8G       2.9G       956M       5.7M        53M       2.4G

MemTotal:        4016004 kB
MemFree:          935900 kB
Active:           441156 kB
Mem:          3.8G       2.9G       913M       5.7M        53M       2.5G

MemTotal:        4016004 kB
MemFree:          890668 kB
Active:           441168 kB
Mem:          3.8G       3.0G       869M       5.7M        53M       2.5G

MemTotal:        4016004 kB
MemFree:          847760 kB
Active:           441192 kB
Mem:          3.8G       3.0G       826M       5.7M        53M       2.5G

MemTotal:        4016004 kB
MemFree:          800844 kB
Active:           441208 kB
Mem:          3.8G       3.1G       781M       5.7M        53M       2.6G

MemTotal:        4016004 kB
MemFree:          756948 kB
Active:           441260 kB
Mem:          3.8G       3.1G       738M       5.7M        53M       2.6G

MemTotal:        4016004 kB
MemFree:          709676 kB
Active:           441280 kB
Mem:          3.8G       3.2G       693M       5.7M        53M       2.7G

MemTotal:        4016004 kB
MemFree:          667204 kB
Active:           441292 kB
Mem:          3.8G       3.2G       650M       5.7M        53M       2.7G

MemTotal:        4016004 kB
MemFree:          622628 kB
Active:           441328 kB
Mem:          3.8G       3.2G       607M       5.7M        53M       2.8G

MemTotal:        4016004 kB
MemFree:          577244 kB
Active:           441348 kB
Mem:          3.8G       3.3G       563M       5.7M        53M       2.8G

MemTotal:        4016004 kB
MemFree:          533656 kB
Active:           441376 kB
Mem:          3.8G       3.3G       520M       5.7M        53M       2.8G

MemTotal:        4016004 kB
MemFree:          489788 kB
Active:           441400 kB
Mem:          3.8G       3.4G       477M       5.7M        53M       2.9G

MemTotal:        4016004 kB
MemFree:          446152 kB
Active:           441420 kB
Mem:          3.8G       3.4G       435M       5.7M        53M       2.9G

MemTotal:        4016004 kB
MemFree:          401400 kB
Active:           441448 kB
Mem:          3.8G       3.4G       391M       5.7M        53M       3.0G

MemTotal:        4016004 kB
MemFree:          356832 kB
Active:           441488 kB
Mem:          3.8G       3.5G       348M       5.7M        53M       3.0G

MemTotal:        4016004 kB
MemFree:          336596 kB
Active:           441512 kB
Mem:          3.8G       3.5G       327M       5.7M        53M       3.0G

MemTotal:        4016004 kB
MemFree:          292512 kB
Active:           441516 kB
Mem:          3.8G       3.6G       285M       5.7M        53M       3.1G

MemTotal:        4016004 kB
MemFree:          247288 kB
Active:           441548 kB
Mem:          3.8G       3.6G       240M       5.7M        53M       3.1G

MemTotal:        4016004 kB
MemFree:          203100 kB
Active:           441580 kB
Mem:          3.8G       3.6G       197M       5.7M        53M       3.1G

MemTotal:        4016004 kB
MemFree:          158436 kB
Active:           441608 kB
Mem:          3.8G       3.7G       154M       5.7M        54M       3.2G

MemTotal:        4016004 kB
MemFree:          112888 kB
Active:           441632 kB
Mem:          3.8G       3.7G       110M       5.7M        54M       3.2G

MemTotal:        4016004 kB
MemFree:          120212 kB
Active:           443688 kB
Mem:          3.8G       3.7G       116M       5.7M        21M       3.3G

MemTotal:        4016004 kB
MemFree:          113944 kB
Active:           449456 kB
Mem:          3.8G       3.7G       109M       5.7M        21M       3.3G

MemTotal:        4016004 kB
MemFree:          113036 kB
Active:           500528 kB
Mem:          3.8G       3.7G       110M       5.7M        21M       3.3G

MemTotal:        4016004 kB
MemFree:          120128 kB
Active:           497548 kB
Mem:          3.8G       3.7G       108M       5.7M        21M       3.3G

MemTotal:        4016004 kB
MemFree:          125912 kB
Active:           483744 kB
Mem:          3.8G       3.7G       121M       5.7M        21M       3.3G

MemTotal:        4016004 kB
MemFree:          119988 kB
Active:           480308 kB
Mem:          3.8G       3.7G       116M       5.7M        21M       3.3G

MemTotal:        4016004 kB
MemFree:          123476 kB
Active:           476360 kB
Mem:          3.8G       3.7G       120M       5.7M        21M       3.3G

MemTotal:        4016004 kB
MemFree:          139864 kB
Active:           467956 kB
Mem:          3.8G       3.7G       136M       5.7M        21M       3.2G

MemTotal:        4016004 kB
MemFree:          126724 kB
Active:           452312 kB
Mem:          3.8G       3.7G       124M       5.7M        21M       3.3G

MemTotal:        4016004 kB
MemFree:          124760 kB
Active:           448804 kB
Mem:          3.8G       3.7G       120M       5.7M        21M       3.3G

MemTotal:        4016004 kB
MemFree:          127112 kB
Active:           445540 kB
Mem:          3.8G       3.7G       124M       5.7M        21M       3.3G

MemTotal:        4016004 kB
MemFree:          121456 kB
Active:           444248 kB
Mem:          3.8G       3.7G       118M       5.7M        21M       3.3G

MemTotal:        4016004 kB
MemFree:          126728 kB
Active:           442876 kB
Mem:          3.8G       3.7G       123M       5.7M        21M       3.3G

MemTotal:        4016004 kB
MemFree:          115248 kB
Active:           441652 kB
Mem:          3.8G       3.7G       112M       5.7M        21M       3.3G

MemTotal:        4016004 kB
MemFree:          114408 kB
Active:           440520 kB
Mem:          3.8G       3.7G       111M       5.7M        21M       3.3G

MemTotal:        4016004 kB
MemFree:          113820 kB
Active:           440512 kB
Mem:          3.8G       3.7G       110M       5.7M        21M       3.3G

MemTotal:        4016004 kB
MemFree:          118720 kB
Active:           439824 kB
Mem:          3.8G       3.7G       115M       5.7M        21M       3.3G

MemTotal:        4016004 kB
MemFree:          109728 kB
Active:           438704 kB
Mem:          3.8G       3.7G       107M       5.7M        21M       3.3G

MemTotal:        4016004 kB
MemFree:          134496 kB
Active:           434276 kB
Mem:          3.8G       3.7G       130M       5.7M        21M       3.2G

MemTotal:        4016004 kB
MemFree:          126732 kB
Active:           433148 kB
Mem:          3.8G       3.7G       123M       5.7M        21M       3.3G

MemTotal:        4016004 kB
MemFree:          129800 kB
Active:           431264 kB
Mem:          3.8G       3.7G       125M       5.7M        21M       3.2G

MemTotal:        4016004 kB
MemFree:          138076 kB
Active:           427352 kB
Mem:          3.8G       3.7G       134M       5.7M        21M       3.2G

MemTotal:        4016004 kB
MemFree:          119220 kB
Active:           426864 kB
Mem:          3.8G       3.7G       116M       5.7M        21M       3.3G

MemTotal:        4016004 kB
MemFree:          112104 kB
Active:           423584 kB
Mem:          3.8G       3.7G       108M       5.7M        21M       3.3G

MemTotal:        4016004 kB
MemFree:          115636 kB
Active:           421688 kB
Mem:          3.8G       3.7G       112M       5.7M        21M       3.3G

MemTotal:        4016004 kB
MemFree:          108348 kB
Active:           420684 kB
Mem:          3.8G       3.7G       105M       5.7M        21M       3.3G

MemTotal:        4016004 kB
MemFree:          128668 kB
Active:           415988 kB
Mem:          3.8G       3.7G       125M       5.7M        21M       3.2G

MemTotal:        4016004 kB
MemFree:          146704 kB
Active:           413844 kB
Mem:          3.8G       3.7G       143M       5.7M        21M       3.2G

MemTotal:        4016004 kB
MemFree:          126912 kB
Active:           413348 kB
Mem:          3.8G       3.7G       123M       5.7M        21M       3.3G

MemTotal:        4016004 kB
MemFree:          142376 kB
Active:           409196 kB
Mem:          3.8G       3.7G       138M       5.7M        21M       3.2G

MemTotal:        4016004 kB
MemFree:          135096 kB
Active:           408068 kB
Mem:          3.8G       3.7G       131M       5.7M        21M       3.2G

MemTotal:        4016004 kB
MemFree:          130936 kB
Active:           406164 kB
Mem:          3.8G       3.7G       127M       5.7M        21M       3.2G

MemTotal:        4016004 kB
MemFree:          127840 kB
Active:           404660 kB
Mem:          3.8G       3.7G       124M       5.7M        22M       3.2G

MemTotal:        4016004 kB
MemFree:          119952 kB
Active:           403656 kB
Mem:          3.8G       3.7G       117M       5.7M        22M       3.3G

MemTotal:        4016004 kB
MemFree:          113180 kB
Active:           402428 kB
Mem:          3.8G       3.7G       110M       5.7M        22M       3.3G

MemTotal:        4016004 kB
MemFree:          130832 kB
Active:           400660 kB
Mem:          3.8G       3.7G       127M       5.7M        22M       3.2G

MemTotal:        4016004 kB
MemFree:          127540 kB
Active:           400672 kB
Mem:          3.8G       3.7G       124M       5.7M        22M       3.2G

MemTotal:        4016004 kB
MemFree:          121672 kB
Active:           400684 kB
Mem:          3.8G       3.7G       118M       5.7M        22M       3.3G

MemTotal:        4016004 kB
MemFree:          125544 kB
Active:           398788 kB
Mem:          3.8G       3.7G       121M       5.7M        22M       3.3G

MemTotal:        4016004 kB
MemFree:          109576 kB
Active:           395756 kB
Mem:          3.8G       3.7G       106M       5.7M        22M       3.3G

MemTotal:        4016004 kB
MemFree:          125980 kB
Active:           394116 kB
Mem:          3.8G       3.7G       123M       5.7M        22M       3.2G

MemTotal:        4016004 kB
MemFree:          113352 kB
Active:           392864 kB
Mem:          3.8G       3.7G       110M       5.7M        22M       3.3G

MemTotal:        4016004 kB
MemFree:          111504 kB
Active:           391348 kB
Mem:          3.8G       3.7G       108M       5.7M        22M       3.3G

MemTotal:        4016004 kB
MemFree:          133108 kB
Active:           389192 kB
Mem:          3.8G       3.7G       130M       5.7M        22M       3.2G

MemTotal:        4016004 kB
MemFree:          145752 kB
Active:           387424 kB
Mem:          3.8G       3.7G       142M       5.7M        22M       3.2G

MemTotal:        4016004 kB
MemFree:          125380 kB
Active:           386560 kB
Mem:          3.8G       3.7G       122M       5.7M        22M       3.3G

MemTotal:        4016004 kB
MemFree:          107096 kB
Active:           385948 kB
Mem:          3.8G       3.7G       104M       5.7M        22M       3.3G

MemTotal:        4016004 kB
MemFree:          129524 kB
Active:           383792 kB
Mem:          3.8G       3.7G       125M       5.7M        22M       3.2G

MemTotal:        4016004 kB
MemFree:          113980 kB
Active:           382776 kB
Mem:          3.8G       3.7G       110M       5.7M        22M       3.3G

MemTotal:        4016004 kB
MemFree:          105596 kB
Active:           381680 kB
Mem:          3.8G       3.7G       102M       5.7M        22M       3.3G

MemTotal:        4016004 kB
MemFree:          132740 kB
Active:           379528 kB
Mem:          3.8G       3.7G       129M       5.7M        22M       3.2G

MemTotal:        4016004 kB
MemFree:          113380 kB
Active:           378784 kB
Mem:          3.8G       3.7G       110M       5.7M        22M       3.3G

MemTotal:        4016004 kB
MemFree:          119336 kB
Active:           378036 kB
Mem:          3.8G       3.7G       116M       5.7M        22M       3.3G

MemTotal:        4016004 kB
MemFree:          128292 kB
Active:           378064 kB
Mem:          3.8G       3.7G       123M       5.7M        22M       3.2G

MemTotal:        4016004 kB
MemFree:          130660 kB
Active:           378084 kB
Mem:          3.8G       3.7G       126M       5.7M        22M       3.2G

MemTotal:        4016004 kB
MemFree:          134072 kB
Active:           378092 kB
Mem:          3.8G       3.7G       131M       5.7M        22M       3.2G

MemTotal:        4016004 kB
MemFree:          126984 kB
Active:           378132 kB
Mem:          3.8G       3.7G       130M       5.7M        22M       3.2G

MemTotal:        4016004 kB
MemFree:          106244 kB
Active:           378168 kB
Mem:          3.8G       3.7G       103M       5.7M        22M       3.3G

MemTotal:        4016004 kB
MemFree:          125240 kB
Active:           378160 kB
Mem:          3.8G       3.7G       121M       5.7M        22M       3.2G

MemTotal:        4016004 kB
MemFree:          118200 kB
Active:           378212 kB
Mem:          3.8G       3.7G       114M       5.7M        22M       3.3G

MemTotal:        4016004 kB
MemFree:          131864 kB
Active:           378236 kB
Mem:          3.8G       3.7G       128M       5.7M        22M       3.2G

MemTotal:        4016004 kB
MemFree:          135520 kB
Active:           378140 kB
Mem:          3.8G       3.7G       132M       5.7M        22M       3.2G

MemTotal:        4016004 kB
MemFree:          126716 kB
Active:           378120 kB
Mem:          3.8G       3.7G       122M       5.7M        22M       3.2G

MemTotal:        4016004 kB
MemFree:          120788 kB
Active:           378140 kB
Mem:          3.8G       3.7G       117M       5.7M        22M       3.3G

MemTotal:        4016004 kB
MemFree:          111160 kB
Active:           378168 kB
Mem:          3.8G       3.7G       108M       5.7M        22M       3.3G

MemTotal:        4016004 kB
MemFree:          126944 kB
Active:           378188 kB
Mem:          3.8G       3.7G       123M       5.7M        22M       3.2G

MemTotal:        4016004 kB
MemFree:          126444 kB
Active:           378216 kB
Mem:          3.8G       3.7G       123M       5.7M        22M       3.2G

MemTotal:        4016004 kB
MemFree:          110228 kB
Active:           378236 kB
Mem:          3.8G       3.7G       107M       5.7M        22M       3.3G

MemTotal:        4016004 kB
MemFree:          127168 kB
Active:           378176 kB
Mem:          3.8G       3.7G       123M       5.7M        22M       3.2G

MemTotal:        4016004 kB
MemFree:          119000 kB
Active:           378180 kB
Mem:          3.8G       3.7G       116M       5.7M        22M       3.3G

MemTotal:        4016004 kB
MemFree:          117240 kB
Active:           378232 kB
Mem:          3.8G       3.7G       114M       5.7M        22M       3.3G

MemTotal:        4016004 kB
MemFree:          123696 kB
Active:           378208 kB
Mem:          3.8G       3.7G       120M       5.7M        22M       3.2G

MemTotal:        4016004 kB
MemFree:          122748 kB
Active:           378276 kB
Mem:          3.8G       3.7G       119M       5.7M        22M       3.3G

MemTotal:        4016004 kB
MemFree:          108020 kB
Active:           378296 kB
Mem:          3.8G       3.7G       105M       5.7M        22M       3.3G

MemTotal:        4016004 kB
MemFree:          134300 kB
Active:           378268 kB
Mem:          3.8G       3.7G       130M       5.7M        22M       3.2G

MemTotal:        4016004 kB
MemFree:          132436 kB
Active:           378888 kB
Mem:          3.8G       3.7G       129M       5.7M        22M       3.2G

MemTotal:        4016004 kB
MemFree:          119460 kB
Active:           378908 kB
Mem:          3.8G       3.7G       116M       5.7M        22M       3.3G

MemTotal:        4016004 kB
MemFree:          140128 kB
Active:           378128 kB
Mem:          3.8G       3.7G       136M       5.7M        23M       3.2G

MemTotal:        4016004 kB
MemFree:          131844 kB
Active:           378104 kB
Mem:          3.8G       3.7G       128M       5.7M        23M       3.2G

MemTotal:        4016004 kB
MemFree:          124504 kB
Active:           378180 kB
Mem:          3.8G       3.7G       120M       5.7M        23M       3.2G

MemTotal:        4016004 kB
MemFree:          116324 kB
Active:           378048 kB
Mem:          3.8G       3.7G       113M       5.7M        23M       3.3G

MemTotal:        4016004 kB
MemFree:          126476 kB
Active:           377920 kB
Mem:          3.8G       3.7G       123M       5.7M        23M       3.2G

MemTotal:        4016004 kB
MemFree:          119640 kB
Active:           377876 kB
Mem:          3.8G       3.7G       116M       5.7M        23M       3.3G

MemTotal:        4016004 kB
MemFree:          112180 kB
Active:           377800 kB
Mem:          3.8G       3.7G       109M       5.7M        23M       3.3G

MemTotal:        4016004 kB
MemFree:          116552 kB
Active:           377824 kB
Mem:          3.8G       3.7G       113M       5.7M        23M       3.3G

MemTotal:        4016004 kB
MemFree:          122132 kB
Active:           377872 kB
Mem:          3.8G       3.7G       119M       5.7M        23M       3.2G

MemTotal:        4016004 kB
MemFree:          114492 kB
Active:           377892 kB
Mem:          3.8G       3.7G       111M       5.7M        23M       3.3G

MemTotal:        4016004 kB
MemFree:          107996 kB
Active:           377948 kB
Mem:          3.8G       3.7G       105M       5.7M        23M       3.3G

MemTotal:        4016004 kB
MemFree:          110436 kB
Active:           377944 kB
Mem:          3.8G       3.7G       108M       5.7M        23M       3.3G

MemTotal:        4016004 kB
MemFree:          128148 kB
Active:           377984 kB
Mem:          3.8G       3.7G       124M       5.7M        23M       3.2G

MemTotal:        4016004 kB
MemFree:          123456 kB
Active:           374680 kB
Mem:          3.8G       3.7G       120M       5.7M        23M       3.2G

MemTotal:        4016004 kB
MemFree:          116040 kB
Active:           374536 kB
Mem:          3.8G       3.7G       113M       5.7M        23M       3.3G

MemTotal:        4016004 kB
MemFree:          108528 kB
Active:           374568 kB
Mem:          3.8G       3.7G       105M       5.7M        23M       3.3G

MemTotal:        4016004 kB
MemFree:          114904 kB
Active:           374608 kB
Mem:          3.8G       3.7G       112M       5.7M        23M       3.3G

MemTotal:        4016004 kB
MemFree:          118820 kB
Active:           374568 kB
Mem:          3.8G       3.7G       116M       5.7M        23M       3.3G

MemTotal:        4016004 kB
MemFree:          129288 kB
Active:           374624 kB
Mem:          3.8G       3.7G       126M       5.7M        23M       3.2G

MemTotal:        4016004 kB
MemFree:          122052 kB
Active:           374692 kB
Mem:          3.8G       3.7G       119M       5.7M        23M       3.2G

MemTotal:        4016004 kB
MemFree:          113644 kB
Active:           374712 kB
Mem:          3.8G       3.7G       111M       5.7M        23M       3.3G

MemTotal:        4016004 kB
MemFree:          124264 kB
Active:           374680 kB
Mem:          3.8G       3.7G       121M       5.7M        23M       3.2G

MemTotal:        4016004 kB
MemFree:          118912 kB
Active:           371440 kB
Mem:          3.8G       3.7G       116M       5.7M        23M       3.3G

MemTotal:        4016004 kB
MemFree:          111984 kB
Active:           371412 kB
Mem:          3.8G       3.7G       109M       5.7M        23M       3.3G

MemTotal:        4016004 kB
MemFree:          117460 kB
Active:           369872 kB
Mem:          3.8G       3.7G       114M       5.7M        23M       3.3G

MemTotal:        4016004 kB
MemFree:          110064 kB
Active:           369720 kB
Mem:          3.8G       3.7G       107M       5.7M        23M       3.3G

MemTotal:        4016004 kB
MemFree:          127832 kB
Active:           369736 kB
Mem:          3.8G       3.7G       124M       5.7M        23M       3.2G

MemTotal:        4016004 kB
MemFree:          113988 kB
Active:           369764 kB
Mem:          3.8G       3.7G       110M       5.7M        23M       3.3G

MemTotal:        4016004 kB
MemFree:          105820 kB
Active:           369824 kB
Mem:          3.8G       3.7G       103M       5.7M        23M       3.3G

MemTotal:        4016004 kB
MemFree:          114592 kB
Active:           369848 kB
Mem:          3.8G       3.7G       111M       5.7M        23M       3.3G

MemTotal:        4016004 kB
MemFree:          126340 kB
Active:           368144 kB
Mem:          3.8G       3.7G       123M       5.7M        23M       3.2G

MemTotal:        4016004 kB
MemFree:          119704 kB
Active:           368228 kB
Mem:          3.8G       3.7G       116M       5.7M        23M       3.3G

MemTotal:        4016004 kB
MemFree:          130272 kB
Active:           368232 kB
Mem:          3.8G       3.7G       127M       5.7M        23M       3.2G

MemTotal:        4016004 kB
MemFree:          126988 kB
Active:           368256 kB
Mem:          3.8G       3.7G       123M       5.7M        23M       3.2G

MemTotal:        4016004 kB
MemFree:          125828 kB
Active:           368256 kB
Mem:          3.8G       3.7G       123M       5.7M        23M       3.2G

MemTotal:        4016004 kB
MemFree:          107028 kB
Active:           370284 kB
Mem:          3.8G       3.7G       104M       5.7M        23M       3.3G

MemTotal:        4016004 kB
MemFree:          126312 kB
Active:           370348 kB
Mem:          3.8G       3.7G       123M       5.7M        23M       3.2G

MemTotal:        4016004 kB
MemFree:          123580 kB
Active:           370376 kB
Mem:          3.8G       3.7G       120M       5.7M        23M       3.2G

MemTotal:        4016004 kB
MemFree:          105628 kB
Active:           370356 kB
Mem:          3.8G       3.7G       103M       5.7M        23M       3.3G

MemTotal:        4016004 kB
MemFree:          128112 kB
Active:           370396 kB
Mem:          3.8G       3.7G       125M       5.7M        23M       3.2G

MemTotal:        4016004 kB
MemFree:          122240 kB
Active:           368984 kB
Mem:          3.8G       3.7G       118M       5.7M        23M       3.2G

MemTotal:        4016004 kB
MemFree:          119092 kB
Active:           369024 kB
Mem:          3.8G       3.7G       116M       5.7M        23M       3.2G

MemTotal:        4016004 kB
MemFree:          111404 kB
Active:           369060 kB
Mem:          3.8G       3.7G       109M       5.7M        23M       3.3G

MemTotal:        4016004 kB
MemFree:          107220 kB
Active:           369076 kB
Mem:          3.8G       3.7G       104M       5.7M        23M       3.3G

MemTotal:        4016004 kB
MemFree:          109192 kB
Active:           369080 kB
Mem:          3.8G       3.7G       106M       5.7M        23M       3.3G

MemTotal:        4016004 kB
MemFree:          126368 kB
Active:           370892 kB
Mem:          3.8G       3.7G       123M       5.7M        23M       3.2G

MemTotal:        4016004 kB
MemFree:          125196 kB
Active:           370912 kB
Mem:          3.8G       3.7G       122M       5.7M        24M       3.2G

MemTotal:        4016004 kB
MemFree:          110232 kB
Active:           370940 kB
Mem:          3.8G       3.7G       108M       5.7M        24M       3.3G

MemTotal:        4016004 kB
MemFree:          126880 kB
Active:           370964 kB
Mem:          3.8G       3.7G       123M       5.7M        24M       3.2G

MemTotal:        4016004 kB
MemFree:          120464 kB
Active:           370968 kB
Mem:          3.8G       3.7G       117M       5.7M        24M       3.2G

MemTotal:        4016004 kB
MemFree:          106768 kB
Active:           371004 kB
Mem:          3.8G       3.7G       104M       5.7M        24M       3.3G

MemTotal:        4016004 kB
MemFree:          127980 kB
Active:           360696 kB
Mem:          3.8G       3.7G       124M       5.7M        24M       3.2G

MemTotal:        4016004 kB
MemFree:          120548 kB
Active:           360548 kB
Mem:          3.8G       3.7G       117M       5.7M        24M       3.2G

MemTotal:        4016004 kB
MemFree:          108624 kB
Active:           360584 kB
Mem:          3.8G       3.7G       105M       5.7M        24M       3.3G

MemTotal:        4016004 kB
MemFree:          125732 kB
Active:           360880 kB
Mem:          3.8G       3.7G       122M       5.7M        24M       3.2G

MemTotal:        4016004 kB
MemFree:          123964 kB
Active:           360648 kB
Mem:          3.8G       3.7G       120M       5.7M        24M       3.2G

MemTotal:        4016004 kB
MemFree:          144272 kB
Active:           360620 kB
Mem:          3.8G       3.7G       140M       5.7M        24M       3.2G

MemTotal:        4016004 kB
MemFree:          125092 kB
Active:           360632 kB
Mem:          3.8G       3.7G       122M       5.7M        24M       3.2G

MemTotal:        4016004 kB
MemFree:          123308 kB
Active:           360560 kB
Mem:          3.8G       3.7G       119M       5.7M        24M       3.2G

MemTotal:        4016004 kB
MemFree:          128812 kB
Active:           360576 kB
Mem:          3.8G       3.7G       125M       5.7M        24M       3.2G

MemTotal:        4016004 kB
MemFree:          122812 kB
Active:           360628 kB
Mem:          3.8G       3.7G       119M       5.7M        24M       3.2G

MemTotal:        4016004 kB
MemFree:          106308 kB
Active:           360644 kB
Mem:          3.8G       3.7G       104M       5.7M        24M       3.3G

MemTotal:        4016004 kB
MemFree:          128992 kB
Active:           360652 kB
Mem:          3.8G       3.7G       125M       5.7M        24M       3.2G

MemTotal:        4016004 kB
MemFree:          122396 kB
Active:           359652 kB
Mem:          3.8G       3.7G       119M       5.7M        24M       3.2G

MemTotal:        4016004 kB
MemFree:          108884 kB
Active:           359672 kB
Mem:          3.8G       3.7G       106M       5.7M        24M       3.3G

MemTotal:        4016004 kB
MemFree:          114996 kB
Active:           359728 kB
Mem:          3.8G       3.7G       112M       5.7M        24M       3.2G

MemTotal:        4016004 kB
MemFree:          123152 kB
Active:           359700 kB
Mem:          3.8G       3.7G       120M       5.7M        24M       3.2G

MemTotal:        4016004 kB
MemFree:          120236 kB
Active:           359776 kB
Mem:          3.8G       3.7G       117M       5.7M        24M       3.2G

MemTotal:        4016004 kB
MemFree:          106752 kB
Active:           359748 kB
Mem:          3.8G       3.7G       104M       5.7M        24M       3.3G

MemTotal:        4016004 kB
MemFree:          130008 kB
Active:           359796 kB
Mem:          3.8G       3.7G       126M       5.7M        24M       3.2G

MemTotal:        4016004 kB
MemFree:          122576 kB
Active:           359840 kB
Mem:          3.8G       3.7G       119M       5.7M        24M       3.2G

MemTotal:        4016004 kB
MemFree:          126472 kB
Active:           359844 kB
Mem:          3.8G       3.7G       122M       5.7M        24M       3.2G

MemTotal:        4016004 kB
MemFree:          112652 kB
Active:           359876 kB
Mem:          3.8G       3.7G       109M       5.7M        24M       3.2G

MemTotal:        4016004 kB
MemFree:          105316 kB
Active:           359912 kB
Mem:          3.8G       3.7G       102M       5.7M        24M       3.3G

MemTotal:        4016004 kB
MemFree:          108296 kB
Active:           359880 kB
Mem:          3.8G       3.7G       105M       5.7M        24M       3.3G

MemTotal:        4016004 kB
MemFree:          115416 kB
Active:           359912 kB
Mem:          3.8G       3.7G       112M       5.7M        24M       3.2G

MemTotal:        4016004 kB
MemFree:          125688 kB
Active:           357956 kB
Mem:          3.8G       3.7G       122M       5.7M        24M       3.2G

MemTotal:        4016004 kB
MemFree:          118636 kB
Active:           357980 kB
Mem:          3.8G       3.7G       115M       5.7M        24M       3.2G

MemTotal:        4016004 kB
MemFree:          115152 kB
Active:           357996 kB
Mem:          3.8G       3.7G       112M       5.7M        24M       3.2G

MemTotal:        4016004 kB
MemFree:          133248 kB
Active:           357980 kB
Mem:          3.8G       3.7G       129M       5.7M        24M       3.2G

MemTotal:        4016004 kB
MemFree:          134620 kB
Active:           358064 kB
Mem:          3.8G       3.7G       131M       5.7M        24M       3.2G

MemTotal:        4016004 kB
MemFree:          115536 kB
Active:           358080 kB
Mem:          3.8G       3.7G       112M       5.7M        24M       3.2G

MemTotal:        4016004 kB
MemFree:          110688 kB
Active:           358052 kB
Mem:          3.8G       3.7G       108M       5.7M        24M       3.2G

MemTotal:        4016004 kB
MemFree:          107460 kB
Active:           357428 kB
Mem:          3.8G       3.7G       104M       5.7M        24M       3.3G

MemTotal:        4016004 kB
MemFree:          130428 kB
Active:           359116 kB
Mem:          3.8G       3.7G       127M       5.7M        24M       3.2G

MemTotal:        4016004 kB
MemFree:          123884 kB
Active:           359088 kB
Mem:          3.8G       3.7G       120M       5.7M        24M       3.2G

MemTotal:        4016004 kB
MemFree:          133212 kB
Active:           359052 kB
Mem:          3.8G       3.7G       129M       5.7M        24M       3.2G

MemTotal:        4016004 kB
MemFree:          125676 kB
Active:           359028 kB
Mem:          3.8G       3.7G       122M       5.7M        24M       3.2G

MemTotal:        4016004 kB
MemFree:          111320 kB
Active:           359096 kB
Mem:          3.8G       3.7G       109M       5.7M        24M       3.2G

MemTotal:        4016004 kB
MemFree:          121256 kB
Active:           359120 kB
Mem:          3.8G       3.7G       118M       5.7M        24M       3.2G

MemTotal:        4016004 kB
MemFree:          126284 kB
Active:           359140 kB
Mem:          3.8G       3.7G       123M       5.7M        24M       3.2G

MemTotal:        4016004 kB
MemFree:          126688 kB
Active:           359120 kB
Mem:          3.8G       3.7G       123M       5.7M        24M       3.2G

MemTotal:        4016004 kB
MemFree:          126552 kB
Active:           359156 kB
Mem:          3.8G       3.7G       123M       5.7M        24M       3.2G

MemTotal:        4016004 kB
MemFree:          120412 kB
Active:           359152 kB
Mem:          3.8G       3.7G       117M       5.7M        24M       3.2G

MemTotal:        4016004 kB
MemFree:          115604 kB
Active:           359180 kB
Mem:          3.8G       3.7G       112M       5.7M        24M       3.2G

MemTotal:        4016004 kB
MemFree:          108068 kB
Active:           359216 kB
Mem:          3.8G       3.7G       105M       5.7M        24M       3.2G

MemTotal:        4016004 kB
MemFree:          128136 kB
Active:           355056 kB
Mem:          3.8G       3.7G       125M       5.7M        25M       3.2G

MemTotal:        4016004 kB
MemFree:          125112 kB
Active:           355032 kB
Mem:          3.8G       3.7G       121M       5.7M        25M       3.2G

MemTotal:        4016004 kB
MemFree:          112436 kB
Active:           355112 kB
Mem:          3.8G       3.7G       109M       5.7M        25M       3.2G

MemTotal:        4016004 kB
MemFree:          104884 kB
Active:           355136 kB
Mem:          3.8G       3.7G       112M       5.7M        25M       3.2G

MemTotal:        4016004 kB
MemFree:          122768 kB
Active:           355156 kB
Mem:          3.8G       3.7G       119M       5.7M        25M       3.2G

MemTotal:        4016004 kB
MemFree:          108056 kB
Active:           355176 kB
Mem:          3.8G       3.7G       105M       5.7M        25M       3.2G

MemTotal:        4016004 kB
MemFree:          117776 kB
Active:           355192 kB
Mem:          3.8G       3.7G       114M       5.7M        25M       3.2G

MemTotal:        4016004 kB
MemFree:          112856 kB
Active:           353168 kB
Mem:          3.8G       3.7G       110M       5.7M        25M       3.2G

MemTotal:        4016004 kB
MemFree:          121824 kB
Active:           355228 kB
Mem:          3.8G       3.7G       118M       5.7M        25M       3.2G

MemTotal:        4016004 kB
MemFree:          109172 kB
Active:           355008 kB
Mem:          3.8G       3.7G       106M       5.7M        25M       3.2G

MemTotal:        4016004 kB
MemFree:          125916 kB
Active:           355028 kB
Mem:          3.8G       3.7G       122M       5.7M        25M       3.2G

MemTotal:        4016004 kB
MemFree:          124228 kB
Active:           355020 kB
Mem:          3.8G       3.7G       120M       5.7M        25M       3.2G

MemTotal:        4016004 kB
MemFree:          106880 kB
Active:           355080 kB
Mem:          3.8G       3.7G       104M       5.7M        25M       3.2G

MemTotal:        4016004 kB
MemFree:          125788 kB
Active:           355052 kB
Mem:          3.8G       3.7G       122M       5.7M        25M       3.2G

MemTotal:        4016004 kB
MemFree:          122228 kB
Active:           355120 kB
Mem:          3.8G       3.7G       119M       5.7M        25M       3.2G

MemTotal:        4016004 kB
MemFree:          108700 kB
Active:           355144 kB
Mem:          3.8G       3.7G       106M       5.7M        25M       3.2G

MemTotal:        4016004 kB
MemFree:          127956 kB
Active:           355172 kB
Mem:          3.8G       3.7G       124M       5.7M        25M       3.2G

MemTotal:        4016004 kB
MemFree:          122544 kB
Active:           353308 kB
Mem:          3.8G       3.7G       119M       5.7M        25M       3.2G

MemTotal:        4016004 kB
MemFree:          123296 kB
Active:           353116 kB
Mem:          3.8G       3.7G       125M       5.7M        25M       3.2G

MemTotal:        4016004 kB
MemFree:          119408 kB
Active:           353128 kB
Mem:          3.8G       3.7G       116M       5.7M        25M       3.2G

MemTotal:        4016004 kB
MemFree:          106328 kB
Active:           353180 kB
Mem:          3.8G       3.7G       115M       5.7M        25M       3.2G

MemTotal:        4016004 kB
MemFree:          124440 kB
Active:           353180 kB
Mem:          3.8G       3.7G       121M       5.7M        25M       3.2G

MemTotal:        4016004 kB
MemFree:          106428 kB
Active:           353184 kB
Mem:          3.8G       3.7G       104M       5.7M        25M       3.2G

MemTotal:        4016004 kB
MemFree:          135112 kB
Active:           353248 kB
Mem:          3.8G       3.7G       131M       5.7M        25M       3.2G

MemTotal:        4016004 kB
MemFree:          129064 kB
Active:           352968 kB
Mem:          3.8G       3.7G       126M       5.7M        25M       3.2G

MemTotal:        4016004 kB
MemFree:          129808 kB
Active:           352920 kB
Mem:          3.8G       3.7G       126M       5.7M        25M       3.2G

MemTotal:        4016004 kB
MemFree:          129932 kB
Active:           352916 kB
Mem:          3.8G       3.7G       126M       5.7M        25M       3.2G

MemTotal:        4016004 kB
MemFree:          129808 kB
Active:           352924 kB
Mem:          3.8G       3.7G       127M       5.7M        25M       3.2G

MemTotal:        4016004 kB
MemFree:          130056 kB
Active:           352916 kB
Mem:          3.8G       3.7G       127M       5.7M        25M       3.2G

MemTotal:        4016004 kB
MemFree:          130180 kB
Active:           352944 kB
Mem:          3.8G       3.7G       127M       5.7M        25M       3.2G

MemTotal:        4016004 kB
MemFree:          130056 kB
Active:           352948 kB
Mem:          3.8G       3.7G       127M       5.7M        25M       3.2G

MemTotal:        4016004 kB
MemFree:          130180 kB
Active:           352956 kB
Mem:          3.8G       3.7G       127M       5.7M        25M       3.2G

MemTotal:        4016004 kB
MemFree:          130056 kB
Active:           352932 kB
Mem:          3.8G       3.7G       127M       5.7M        25M       3.2G

MemTotal:        4016004 kB
MemFree:          129808 kB
Active:           352976 kB
Mem:          3.8G       3.7G       126M       5.7M        25M       3.2G

MemTotal:        4016004 kB
MemFree:          129312 kB
Active:           352956 kB
Mem:          3.8G       3.7G       126M       5.7M        25M       3.2G

MemTotal:        4016004 kB
MemFree:          129312 kB
Active:           352940 kB
Mem:          3.8G       3.7G       126M       5.7M        25M       3.2G

MemTotal:        4016004 kB
MemFree:          129684 kB
Active:           352940 kB
Mem:          3.8G       3.7G       126M       5.7M        25M       3.2G

MemTotal:        4016004 kB
MemFree:          127760 kB
Active:           352952 kB
Mem:          3.8G       3.7G       124M       5.7M        25M       3.2G

MemTotal:        4016004 kB
MemFree:          127884 kB
Active:           354956 kB
Mem:          3.8G       3.7G       124M       5.7M        25M       3.2G

MemTotal:        4016004 kB
MemFree:          127884 kB
Active:           354992 kB
Mem:          3.8G       3.7G       124M       5.7M        25M       3.2G

MemTotal:        4016004 kB
MemFree:          127636 kB
Active:           354988 kB
Mem:          3.8G       3.7G       124M       5.7M        25M       3.2G

MemTotal:        4016004 kB
MemFree:          127016 kB
Active:           355012 kB
Mem:          3.8G       3.7G       124M       5.7M        25M       3.2G

MemTotal:        4016004 kB
MemFree:          126892 kB
Active:           355012 kB
Mem:          3.8G       3.7G       124M       5.7M        25M       3.2G

MemTotal:        4016004 kB
MemFree:          127388 kB
Active:           354996 kB
Mem:          3.8G       3.7G       124M       5.7M        25M       3.2G

MemTotal:        4016004 kB
MemFree:          127512 kB
Active:           354972 kB
Mem:          3.8G       3.7G       124M       5.7M        25M       3.2G

MemTotal:        4016004 kB
MemFree:          127388 kB
Active:           355004 kB
Mem:          3.8G       3.7G       124M       5.7M        25M       3.2G

MemTotal:        4016004 kB
MemFree:          127016 kB
Active:           355016 kB
Mem:          3.8G       3.7G       124M       5.7M        25M       3.2G

MemTotal:        4016004 kB
MemFree:          127388 kB
Active:           354988 kB
Mem:          3.8G       3.7G       124M       5.7M        25M       3.2G

MemTotal:        4016004 kB
MemFree:          127388 kB
Active:           354984 kB
Mem:          3.8G       3.7G       124M       5.7M        25M       3.2G

MemTotal:        4016004 kB
MemFree:          127264 kB
Active:           355020 kB
Mem:          3.8G       3.7G       124M       5.7M        25M       3.2G

MemTotal:        4016004 kB
MemFree:          126968 kB
Active:           355040 kB
Mem:          3.8G       3.7G       124M       5.7M        25M       3.2G

MemTotal:        4016004 kB
MemFree:          127296 kB
Active:           355036 kB
Mem:          3.8G       3.7G       124M       5.7M        25M       3.2G

MemTotal:        4016004 kB
MemFree:          127916 kB
Active:           355020 kB
Mem:          3.8G       3.7G       124M       5.7M        25M       3.2G

MemTotal:        4016004 kB
MemFree:          127916 kB
Active:           355000 kB
Mem:          3.8G       3.7G       124M       5.7M        25M       3.2G

MemTotal:        4016004 kB
MemFree:          127668 kB
Active:           355000 kB
Mem:          3.8G       3.7G       124M       5.7M        25M       3.2G

MemTotal:        4016004 kB
MemFree:          127668 kB
Active:           355040 kB
Mem:          3.8G       3.7G       124M       5.7M        25M       3.2G

MemTotal:        4016004 kB
MemFree:          125620 kB
Active:           355036 kB
Mem:          3.8G       3.7G       122M       5.7M        25M       3.2G

MemTotal:        4016004 kB
MemFree:          125744 kB
Active:           357036 kB
Mem:          3.8G       3.7G       122M       5.7M        25M       3.2G

MemTotal:        4016004 kB
MemFree:          125744 kB
Active:           357076 kB
Mem:          3.8G       3.7G       122M       5.7M        25M       3.2G

MemTotal:        4016004 kB
MemFree:          125868 kB
Active:           357048 kB
Mem:          3.8G       3.7G       122M       5.7M        25M       3.2G

MemTotal:        4016004 kB
MemFree:          125372 kB
Active:           357100 kB
Mem:          3.8G       3.7G       122M       5.7M        25M       3.2G

MemTotal:        4016004 kB
MemFree:          125496 kB
Active:           357072 kB
Mem:          3.8G       3.7G       122M       5.7M        25M       3.2G

MemTotal:        4016004 kB
MemFree:          125496 kB
Active:           357052 kB
Mem:          3.8G       3.7G       122M       5.7M        25M       3.2G

MemTotal:        4016004 kB
MemFree:          125000 kB
Active:           357108 kB
Mem:          3.8G       3.7G       122M       5.7M        25M       3.2G

MemTotal:        4016004 kB
MemFree:          124860 kB
Active:           357272 kB
Mem:          3.8G       3.7G       121M       5.7M        25M       3.2G

MemTotal:        4016004 kB
MemFree:          122240 kB
Active:           359356 kB
Mem:          3.8G       3.7G       119M       5.7M        27M       3.2G

MemTotal:        4016004 kB
MemFree:          120316 kB
Active:           359320 kB
Mem:          3.8G       3.7G       117M       5.7M        27M       3.2G

MemTotal:        4016004 kB
MemFree:          120192 kB
Active:           361408 kB
Mem:          3.8G       3.7G       117M       5.7M        27M       3.2G

MemTotal:        4016004 kB
MemFree:          120316 kB
Active:           361396 kB
Mem:          3.8G       3.7G       117M       5.7M        27M       3.2G

MemTotal:        4016004 kB
MemFree:          120440 kB
Active:           361420 kB
Mem:          3.8G       3.7G       117M       5.7M        27M       3.2G

MemTotal:        4016004 kB
MemFree:          120440 kB
Active:           361400 kB
Mem:          3.8G       3.7G       117M       5.7M        27M       3.2G

MemTotal:        4016004 kB
MemFree:          119944 kB
Active:           361440 kB
Mem:          3.8G       3.7G       117M       5.7M        27M       3.2G

MemTotal:        4016004 kB
MemFree:          120316 kB
Active:           361384 kB
Mem:          3.8G       3.7G       117M       5.7M        27M       3.2G

MemTotal:        4016004 kB
MemFree:          119820 kB
Active:           361440 kB
Mem:          3.8G       3.7G       117M       5.7M        27M       3.2G

MemTotal:        4016004 kB
MemFree:          120068 kB
Active:           361428 kB
Mem:          3.8G       3.7G       117M       5.7M        27M       3.2G

MemTotal:        4016004 kB
MemFree:          119572 kB
Active:           361440 kB
Mem:          3.8G       3.7G       117M       5.7M        27M       3.2G

MemTotal:        4016004 kB
MemFree:          119260 kB
Active:           360568 kB
Mem:          3.8G       3.7G       116M       5.7M        27M       3.2G

MemTotal:        4016004 kB
MemFree:          119632 kB
Active:           360572 kB
Mem:          3.8G       3.7G       116M       5.7M        27M       3.2G

MemTotal:        4016004 kB
MemFree:          119632 kB
Active:           362604 kB
Mem:          3.8G       3.7G       116M       5.7M        27M       3.2G

MemTotal:        4016004 kB
MemFree:          120128 kB
Active:           362600 kB
Mem:          3.8G       3.7G       117M       5.7M        27M       3.2G

MemTotal:        4016004 kB
MemFree:          120128 kB
Active:           362592 kB
Mem:          3.8G       3.7G       117M       5.7M        27M       3.2G

MemTotal:        4016004 kB
MemFree:          120128 kB
Active:           362616 kB
Mem:          3.8G       3.7G       117M       5.7M        27M       3.2G

MemTotal:        4016004 kB
MemFree:          120128 kB
Active:           362616 kB
Mem:          3.8G       3.7G       117M       5.7M        27M       3.2G

MemTotal:        4016004 kB
MemFree:          120128 kB
Active:           362604 kB
Mem:          3.8G       3.7G       117M       5.7M        27M       3.2G

MemTotal:        4016004 kB
MemFree:          119756 kB
Active:           362636 kB
Mem:          3.8G       3.7G       117M       5.7M        27M       3.2G

MemTotal:        4016004 kB
MemFree:          119880 kB
Active:           362636 kB
Mem:          3.8G       3.7G       116M       5.7M        27M       3.2G

MemTotal:        4016004 kB
MemFree:          119880 kB
Active:           362616 kB
Mem:          3.8G       3.7G       117M       5.7M        27M       3.2G

MemTotal:        4016004 kB
MemFree:          119880 kB
Active:           362604 kB
Mem:          3.8G       3.7G       117M       5.7M        27M       3.2G

MemTotal:        4016004 kB
MemFree:          120376 kB
Active:           362596 kB
Mem:          3.8G       3.7G       117M       5.7M        27M       3.2G

MemTotal:        4016004 kB
MemFree:          120128 kB
Active:           362584 kB
Mem:          3.8G       3.7G       117M       5.7M        27M       3.2G

MemTotal:        4016004 kB
MemFree:          120128 kB
Active:           362620 kB
Mem:          3.8G       3.7G       117M       5.7M        27M       3.2G

MemTotal:        4016004 kB
MemFree:          120128 kB
Active:           362608 kB
Mem:          3.8G       3.7G       117M       5.7M        27M       3.2G

MemTotal:        4016004 kB
MemFree:          120252 kB
Active:           362600 kB
Mem:          3.8G       3.7G       117M       5.7M        27M       3.2G

MemTotal:        4016004 kB
MemFree:          120252 kB
Active:           362608 kB
Mem:          3.8G       3.7G       117M       5.7M        27M       3.2G

MemTotal:        4016004 kB
MemFree:          120376 kB
Active:           362592 kB
Mem:          3.8G       3.7G       117M       5.7M        27M       3.2G

MemTotal:        4016004 kB
MemFree:          120252 kB
Active:           362628 kB
Mem:          3.8G       3.7G       117M       5.7M        27M       3.2G

MemTotal:        4016004 kB
MemFree:          119880 kB
Active:           362652 kB
Mem:          3.8G       3.7G       117M       5.7M        27M       3.2G

MemTotal:        4016004 kB
MemFree:          120376 kB
Active:           362616 kB
Mem:          3.8G       3.7G       117M       5.7M        27M       3.2G

MemTotal:        4016004 kB
MemFree:          120500 kB
Active:           362604 kB
Mem:          3.8G       3.7G       117M       5.7M        27M       3.2G

MemTotal:        4016004 kB
MemFree:          120500 kB
Active:           362608 kB
Mem:          3.8G       3.7G       117M       5.7M        27M       3.2G

MemTotal:        4016004 kB
MemFree:          120004 kB
Active:           362612 kB
Mem:          3.8G       3.7G       117M       5.7M        27M       3.2G

MemTotal:        4016004 kB
MemFree:          120004 kB
Active:           362648 kB
Mem:          3.8G       3.7G       116M       5.7M        27M       3.2G

MemTotal:        4016004 kB
MemFree:          119880 kB
Active:           362644 kB
Mem:          3.8G       3.7G       116M       5.7M        27M       3.2G

MemTotal:        4016004 kB
MemFree:          120128 kB
Active:           362636 kB
Mem:          3.8G       3.7G       117M       5.7M        27M       3.2G

MemTotal:        4016004 kB
MemFree:          120004 kB
Active:           362616 kB
Mem:          3.8G       3.7G       117M       5.7M        27M       3.2G

MemTotal:        4016004 kB
MemFree:          119880 kB
Active:           362640 kB
Mem:          3.8G       3.7G       117M       5.7M        27M       3.2G

MemTotal:        4016004 kB
MemFree:          120252 kB
Active:           362624 kB
Mem:          3.8G       3.7G       117M       5.7M        27M       3.2G

MemTotal:        4016004 kB
MemFree:          120128 kB
Active:           362660 kB
Mem:          3.8G       3.7G       117M       5.7M        27M       3.2G

MemTotal:        4016004 kB
MemFree:          120004 kB
Active:           362648 kB
Mem:          3.8G       3.7G       117M       5.7M        27M       3.2G

MemTotal:        4016004 kB
MemFree:          120004 kB
Active:           362660 kB
Mem:          3.8G       3.7G       117M       5.7M        27M       3.2G

MemTotal:        4016004 kB
MemFree:          120252 kB
Active:           362640 kB
Mem:          3.8G       3.7G       117M       5.7M        27M       3.2G

MemTotal:        4016004 kB
MemFree:          120252 kB
Active:           362676 kB
Mem:          3.8G       3.7G       117M       5.7M        27M       3.2G

MemTotal:        4016004 kB
MemFree:          120004 kB
Active:           362644 kB
Mem:          3.8G       3.7G       117M       5.7M        27M       3.2G

MemTotal:        4016004 kB
MemFree:          120004 kB
Active:           362648 kB
Mem:          3.8G       3.7G       117M       5.7M        27M       3.2G

MemTotal:        4016004 kB
MemFree:          120252 kB
Active:           362648 kB
Mem:          3.8G       3.7G       117M       5.7M        27M       3.2G

MemTotal:        4016004 kB
MemFree:          120220 kB
Active:           362676 kB
Mem:          3.8G       3.7G       117M       5.7M        27M       3.2G

MemTotal:        4016004 kB
MemFree:          120004 kB
Active:           362652 kB
Mem:          3.8G       3.7G       116M       5.7M        27M       3.2G

MemTotal:        4016004 kB
MemFree:          119616 kB
Active:           362704 kB
Mem:          3.8G       3.7G       117M       5.7M        27M       3.2G

MemTotal:        4016004 kB
MemFree:          120128 kB
Active:           362664 kB
Mem:          3.8G       3.7G       116M       5.7M        27M       3.2G

MemTotal:        4016004 kB
MemFree:          119880 kB
Active:           362728 kB
Mem:          3.8G       3.7G       116M       5.7M        27M       3.2G

MemTotal:        4016004 kB
MemFree:          119740 kB
Active:           362768 kB
Mem:          3.8G       3.7G       117M       5.7M        27M       3.2G

MemTotal:        4016004 kB
MemFree:          119864 kB
Active:           362740 kB
Mem:          3.8G       3.7G       117M       5.7M        27M       3.2G

MemTotal:        4016004 kB
MemFree:          119740 kB
Active:           362792 kB
Mem:          3.8G       3.7G       116M       5.7M        27M       3.2G

MemTotal:        4016004 kB
MemFree:          119740 kB
Active:           362768 kB
Mem:          3.8G       3.7G       116M       5.7M        27M       3.2G

MemTotal:        4016004 kB
MemFree:          119864 kB
Active:           362760 kB
Mem:          3.8G       3.7G       116M       5.7M        27M       3.2G

MemTotal:        4016004 kB
MemFree:          119616 kB
Active:           362784 kB
Mem:          3.8G       3.7G       116M       5.7M        27M       3.2G

MemTotal:        4016004 kB
MemFree:          119616 kB
Active:           362756 kB
Mem:          3.8G       3.7G       116M       5.7M        27M       3.2G

MemTotal:        4016004 kB
MemFree:          119740 kB
Active:           362748 kB
Mem:          3.8G       3.7G       116M       5.7M        27M       3.2G

MemTotal:        4016004 kB
MemFree:          119740 kB
Active:           362792 kB
Mem:          3.8G       3.7G       116M       5.7M        27M       3.2G

MemTotal:        4016004 kB
MemFree:          119616 kB
Active:           362776 kB
Mem:          3.8G       3.7G       116M       5.7M        27M       3.2G

MemTotal:        4016004 kB
MemFree:          119740 kB
Active:           362748 kB
Mem:          3.8G       3.7G       116M       5.7M        27M       3.2G

MemTotal:        4016004 kB
MemFree:          119616 kB
Active:           362772 kB
Mem:          3.8G       3.7G       116M       5.7M        27M       3.2G

MemTotal:        4016004 kB
MemFree:          119244 kB
Active:           362808 kB
Mem:          3.8G       3.7G       116M       5.7M        27M       3.2G

MemTotal:        4016004 kB
MemFree:          119740 kB
Active:           362784 kB
Mem:          3.8G       3.7G       117M       5.7M        27M       3.2G

MemTotal:        4016004 kB
MemFree:          119616 kB
Active:           362812 kB
Mem:          3.8G       3.7G       116M       5.7M        27M       3.2G

MemTotal:        4016004 kB
MemFree:          119492 kB
Active:           362812 kB
Mem:          3.8G       3.7G       116M       5.7M        27M       3.2G

MemTotal:        4016004 kB
MemFree:          119136 kB
Active:           362804 kB
Mem:          3.8G       3.7G       116M       5.7M        27M       3.2G

MemTotal:        4016004 kB
MemFree:          119756 kB
Active:           362756 kB
Mem:          3.8G       3.7G       116M       5.7M        27M       3.2G

MemTotal:        4016004 kB
MemFree:          119384 kB
Active:           362804 kB
Mem:          3.8G       3.7G       116M       5.7M        27M       3.2G

MemTotal:        4016004 kB
MemFree:          119508 kB
Active:           362760 kB
Mem:          3.8G       3.7G       116M       5.7M        27M       3.2G

MemTotal:        4016004 kB
MemFree:          119508 kB
Active:           362788 kB
Mem:          3.8G       3.7G       116M       5.7M        27M       3.2G

MemTotal:        4016004 kB
MemFree:          119384 kB
Active:           362772 kB
Mem:          3.8G       3.7G       116M       5.7M        27M       3.2G

MemTotal:        4016004 kB
MemFree:          119260 kB
Active:           362808 kB
Mem:          3.8G       3.7G       116M       5.7M        27M       3.2G

MemTotal:        4016004 kB
MemFree:          119632 kB
Active:           362776 kB
Mem:          3.8G       3.7G       116M       5.7M        27M       3.2G

MemTotal:        4016004 kB
MemFree:          119384 kB
Active:           362812 kB
Mem:          3.8G       3.7G       116M       5.7M        27M       3.2G

MemTotal:        4016004 kB
MemFree:          119756 kB
Active:           362796 kB
Mem:          3.8G       3.7G       116M       5.7M        27M       3.2G

MemTotal:        4016004 kB
MemFree:          119880 kB
Active:           362772 kB
Mem:          3.8G       3.7G       116M       5.7M        27M       3.2G

MemTotal:        4016004 kB
MemFree:          119880 kB
Active:           362804 kB
Mem:          3.8G       3.7G       116M       5.7M        27M       3.2G

MemTotal:        4016004 kB
MemFree:          119756 kB
Active:           362784 kB
Mem:          3.8G       3.7G       116M       5.7M        27M       3.2G

MemTotal:        4016004 kB
MemFree:          119384 kB
Active:           362820 kB
Mem:          3.8G       3.7G       116M       5.7M        27M       3.2G

MemTotal:        4016004 kB
MemFree:          119756 kB
Active:           362804 kB
Mem:          3.8G       3.7G       117M       5.7M        27M       3.2G

MemTotal:        4016004 kB
MemFree:          120128 kB
Active:           362772 kB
Mem:          3.8G       3.7G       117M       5.7M        27M       3.2G

MemTotal:        4016004 kB
MemFree:          119756 kB
Active:           362784 kB
Mem:          3.8G       3.7G       116M       5.7M        27M       3.2G

MemTotal:        4016004 kB
MemFree:          119136 kB
Active:           362828 kB
Mem:          3.8G       3.7G       116M       5.7M        27M       3.2G

MemTotal:        4016004 kB
MemFree:          119136 kB
Active:           362828 kB
Mem:          3.8G       3.7G       116M       5.7M        27M       3.2G

MemTotal:        4016004 kB
MemFree:          119384 kB
Active:           362828 kB
Mem:          3.8G       3.7G       116M       5.7M        27M       3.2G

MemTotal:        4016004 kB
MemFree:          119508 kB
Active:           362812 kB
Mem:          3.8G       3.7G       116M       5.7M        27M       3.2G

MemTotal:        4016004 kB
MemFree:          119136 kB
Active:           362836 kB
Mem:          3.8G       3.7G       116M       5.7M        27M       3.2G

MemTotal:        4016004 kB
MemFree:          119632 kB
Active:           362812 kB
Mem:          3.8G       3.7G       116M       5.7M        27M       3.2G

MemTotal:        4016004 kB
MemFree:          119756 kB
Active:           362796 kB
Mem:          3.8G       3.7G       116M       5.7M        27M       3.2G

MemTotal:        4016004 kB
MemFree:          119756 kB
Active:           362788 kB
Mem:          3.8G       3.7G       116M       5.7M        27M       3.2G

MemTotal:        4016004 kB
MemFree:          119880 kB
Active:           362828 kB
Mem:          3.8G       3.7G       117M       5.7M        27M       3.2G

MemTotal:        4016004 kB
MemFree:          120004 kB
Active:           362808 kB
Mem:          3.8G       3.7G       117M       5.7M        27M       3.2G

MemTotal:        4016004 kB
MemFree:          119880 kB
Active:           362844 kB
Mem:          3.8G       3.7G       117M       5.7M        27M       3.2G

MemTotal:        4016004 kB
MemFree:          120252 kB
Active:           362812 kB
Mem:          3.8G       3.7G       116M       5.7M        27M       3.2G

MemTotal:        4016004 kB
MemFree:          119632 kB
Active:           362804 kB
Mem:          3.8G       3.7G       116M       5.7M        27M       3.2G

MemTotal:        4016004 kB
MemFree:          119508 kB
Active:           362836 kB
Mem:          3.8G       3.7G       116M       5.7M        27M       3.2G

MemTotal:        4016004 kB
MemFree:          119260 kB
Active:           362860 kB
Mem:          3.8G       3.7G       116M       5.7M        27M       3.2G

MemTotal:        4016004 kB
MemFree:          118888 kB
Active:           362860 kB
Mem:          3.8G       3.7G       116M       5.7M        27M       3.2G

MemTotal:        4016004 kB
MemFree:          119136 kB
Active:           362844 kB
Mem:          3.8G       3.7G       116M       5.7M        27M       3.2G

MemTotal:        4016004 kB
MemFree:          119136 kB
Active:           362860 kB
Mem:          3.8G       3.7G       116M       5.7M        27M       3.2G

MemTotal:        4016004 kB
MemFree:          119632 kB
Active:           362804 kB
Mem:          3.8G       3.7G       117M       5.7M        27M       3.2G

MemTotal:        4016004 kB
MemFree:          119880 kB
Active:           362856 kB
Mem:          3.8G       3.7G       117M       5.7M        27M       3.2G

MemTotal:        4016004 kB
MemFree:          120004 kB
Active:           362844 kB
Mem:          3.8G       3.7G       117M       5.7M        27M       3.2G

MemTotal:        4016004 kB
MemFree:          120128 kB
Active:           362832 kB
Mem:          3.8G       3.7G       116M       5.7M        27M       3.2G

MemTotal:        4016004 kB
MemFree:          119260 kB
Active:           362876 kB
Mem:          3.8G       3.7G       116M       5.7M        27M       3.2G

MemTotal:        4016004 kB
MemFree:          118764 kB
Active:           362876 kB
Mem:          3.8G       3.7G       116M       5.7M        27M       3.2G

MemTotal:        4016004 kB
MemFree:          118888 kB
Active:           362876 kB
Mem:          3.8G       3.7G       116M       5.7M        27M       3.2G

MemTotal:        4016004 kB
MemFree:          119508 kB
Active:           362860 kB
Mem:          3.8G       3.7G       116M       5.7M        27M       3.2G

MemTotal:        4016004 kB
MemFree:          119632 kB
Active:           362856 kB
Mem:          3.8G       3.7G       116M       5.7M        27M       3.2G

MemTotal:        4016004 kB
MemFree:          119756 kB
Active:           362872 kB
Mem:          3.8G       3.7G       116M       5.7M        27M       3.2G

MemTotal:        4016004 kB
MemFree:          119756 kB
Active:           362848 kB
Mem:          3.8G       3.7G       116M       5.7M        27M       3.2G

MemTotal:        4016004 kB
MemFree:          119632 kB
Active:           362864 kB
Mem:          3.8G       3.7G       116M       5.7M        27M       3.2G

MemTotal:        4016004 kB
MemFree:          119384 kB
Active:           362892 kB
Mem:          3.8G       3.7G       116M       5.7M        27M       3.2G

MemTotal:        4016004 kB
MemFree:          120128 kB
Active:           362860 kB
Mem:          3.8G       3.7G       117M       5.7M        27M       3.2G

MemTotal:        4016004 kB
MemFree:          120128 kB
Active:           362888 kB
Mem:          3.8G       3.7G       117M       5.7M        27M       3.2G

MemTotal:        4016004 kB
MemFree:          120128 kB
Active:           362884 kB
Mem:          3.8G       3.7G       116M       5.7M        27M       3.2G

MemTotal:        4016004 kB
MemFree:          119260 kB
Active:           362900 kB
Mem:          3.8G       3.7G       116M       5.7M        27M       3.2G

MemTotal:        4016004 kB
MemFree:          119632 kB
Active:           362880 kB
Mem:          3.8G       3.7G       116M       5.7M        27M       3.2G

MemTotal:        4016004 kB
MemFree:          119756 kB
Active:           362888 kB
Mem:          3.8G       3.7G       116M       5.7M        27M       3.2G

MemTotal:        4016004 kB
MemFree:          119756 kB
Active:           362872 kB
Mem:          3.8G       3.7G       116M       5.7M        27M       3.2G

MemTotal:        4016004 kB
MemFree:          119384 kB
Active:           362900 kB
Mem:          3.8G       3.7G       116M       5.7M        27M       3.2G

MemTotal:        4016004 kB
MemFree:          119756 kB
Active:           362856 kB
Mem:          3.8G       3.7G       116M       5.7M        27M       3.2G

MemTotal:        4016004 kB
MemFree:          119756 kB
Active:           362844 kB
Mem:          3.8G       3.7G       116M       5.7M        27M       3.2G

MemTotal:        4016004 kB
MemFree:          119880 kB
Active:           362892 kB
Mem:          3.8G       3.7G       116M       5.7M        27M       3.2G

MemTotal:        4016004 kB
MemFree:          119508 kB
Active:           362888 kB
Mem:          3.8G       3.7G       116M       5.7M        27M       3.2G

MemTotal:        4016004 kB
MemFree:          119384 kB
Active:           362912 kB
Mem:          3.8G       3.7G       116M       5.7M        27M       3.2G

MemTotal:        4016004 kB
MemFree:          119384 kB
Active:           362860 kB
Mem:          3.8G       3.7G       116M       5.7M        27M       3.2G

MemTotal:        4016004 kB
MemFree:          119508 kB
Active:           362884 kB
Mem:          3.8G       3.7G       116M       5.7M        27M       3.2G

MemTotal:        4016004 kB
MemFree:          119508 kB
Active:           362856 kB
Mem:          3.8G       3.7G       116M       5.7M        27M       3.2G

MemTotal:        4016004 kB
MemFree:          119260 kB
Active:           362868 kB
Mem:          3.8G       3.7G       116M       5.7M        27M       3.2G

MemTotal:        4016004 kB
MemFree:          119756 kB
Active:           362880 kB
Mem:          3.8G       3.7G       116M       5.7M        27M       3.2G

MemTotal:        4016004 kB
MemFree:          119756 kB
Active:           362892 kB
Mem:          3.8G       3.7G       116M       5.7M        27M       3.2G

MemTotal:        4016004 kB
MemFree:          120128 kB
Active:           362928 kB
Mem:          3.8G       3.7G       117M       5.7M        27M       3.2G

MemTotal:        4016004 kB
MemFree:          120252 kB
Active:           362888 kB
Mem:          3.8G       3.7G       117M       5.7M        27M       3.2G

MemTotal:        4016004 kB
MemFree:          120128 kB
Active:           362876 kB
Mem:          3.8G       3.7G       117M       5.7M        27M       3.2G

MemTotal:        4016004 kB
MemFree:          120128 kB
Active:           362924 kB
Mem:          3.8G       3.7G       117M       5.7M        27M       3.2G

MemTotal:        4016004 kB
MemFree:          120004 kB
Active:           362920 kB
Mem:          3.8G       3.7G       117M       5.7M        27M       3.2G

MemTotal:        4016004 kB
MemFree:          119880 kB
Active:           362940 kB
Mem:          3.8G       3.7G       117M       5.7M        27M       3.2G

MemTotal:        4016004 kB
MemFree:          120004 kB
Active:           362908 kB
Mem:          3.8G       3.7G       117M       5.7M        27M       3.2G

MemTotal:        4016004 kB
MemFree:          119756 kB
Active:           362908 kB
Mem:          3.8G       3.7G       116M       5.7M        27M       3.2G

MemTotal:        4016004 kB
MemFree:          119756 kB
Active:           362912 kB
Mem:          3.8G       3.7G       116M       5.7M        27M       3.2G

MemTotal:        4016004 kB
MemFree:          119136 kB
Active:           362936 kB
Mem:          3.8G       3.7G       116M       5.7M        27M       3.2G

MemTotal:        4016004 kB
MemFree:          119260 kB
Active:           362928 kB
Mem:          3.8G       3.7G       116M       5.7M        27M       3.2G

MemTotal:        4016004 kB
MemFree:          119136 kB
Active:           362908 kB
Mem:          3.8G       3.7G       116M       5.7M        27M       3.2G

MemTotal:        4016004 kB
MemFree:          118764 kB
Active:           362952 kB
Mem:          3.8G       3.7G       116M       5.7M        27M       3.2G

MemTotal:        4016004 kB
MemFree:          119012 kB
Active:           362912 kB
Mem:          3.8G       3.7G       116M       5.7M        27M       3.2G

MemTotal:        4016004 kB
MemFree:          119136 kB
Active:           362936 kB
Mem:          3.8G       3.7G       116M       5.7M        27M       3.2G

MemTotal:        4016004 kB
MemFree:          119384 kB
Active:           362952 kB
Mem:          3.8G       3.7G       116M       5.7M        27M       3.2G

MemTotal:        4016004 kB
MemFree:          119632 kB
Active:           362896 kB
Mem:          3.8G       3.7G       116M       5.7M        27M       3.2G

MemTotal:        4016004 kB
MemFree:          120004 kB
Active:           362924 kB
Mem:          3.8G       3.7G       117M       5.7M        27M       3.2G

MemTotal:        4016004 kB
MemFree:          120252 kB
Active:           362936 kB
Mem:          3.8G       3.7G       116M       5.7M        27M       3.2G

MemTotal:        4016004 kB
MemFree:          119508 kB
Active:           362908 kB
Mem:          3.8G       3.7G       116M       5.7M        27M       3.2G

MemTotal:        4016004 kB
MemFree:          119508 kB
Active:           362916 kB
Mem:          3.8G       3.7G       116M       5.7M        27M       3.2G

MemTotal:        4016004 kB
MemFree:          119136 kB
Active:           362968 kB
Mem:          3.8G       3.7G       116M       5.7M        27M       3.2G

MemTotal:        4016004 kB
MemFree:          119508 kB
Active:           362924 kB
Mem:          3.8G       3.7G       116M       5.7M        27M       3.2G

MemTotal:        4016004 kB
MemFree:          119508 kB
Active:           362948 kB
Mem:          3.8G       3.7G       116M       5.7M        27M       3.2G

MemTotal:        4016004 kB
MemFree:          119508 kB
Active:           362912 kB
Mem:          3.8G       3.7G       116M       5.7M        27M       3.2G

MemTotal:        4016004 kB
MemFree:          119384 kB
Active:           362940 kB
Mem:          3.8G       3.7G       116M       5.7M        27M       3.2G

MemTotal:        4016004 kB
MemFree:          119384 kB
Active:           362972 kB
Mem:          3.8G       3.7G       116M       5.7M        27M       3.2G

MemTotal:        4016004 kB
MemFree:          119384 kB
Active:           362936 kB
Mem:          3.8G       3.7G       116M       5.7M        27M       3.2G

MemTotal:        4016004 kB
MemFree:          119136 kB
Active:           362980 kB
Mem:          3.8G       3.7G       116M       5.7M        27M       3.2G

MemTotal:        4016004 kB
MemFree:          119508 kB
Active:           362976 kB
Mem:          3.8G       3.7G       116M       5.7M        27M       3.2G

MemTotal:        4016004 kB
MemFree:          119508 kB
Active:           362960 kB
Mem:          3.8G       3.7G       116M       5.7M        27M       3.2G

MemTotal:        4016004 kB
MemFree:          119508 kB
Active:           362968 kB
Mem:          3.8G       3.7G       116M       5.7M        27M       3.2G

MemTotal:        4016004 kB
MemFree:          119260 kB
Active:           362980 kB
Mem:          3.8G       3.7G       116M       5.7M        27M       3.2G

MemTotal:        4016004 kB
MemFree:          119632 kB
Active:           362948 kB
Mem:          3.8G       3.7G       116M       5.7M        27M       3.2G

MemTotal:        4016004 kB
MemFree:          120004 kB
Active:           362968 kB
Mem:          3.8G       3.7G       117M       5.7M        27M       3.2G

MemTotal:        4016004 kB
MemFree:          119756 kB
Active:           362968 kB
Mem:          3.8G       3.7G       116M       5.7M        27M       3.2G

MemTotal:        4016004 kB
MemFree:          119384 kB
Active:           362952 kB
Mem:          3.8G       3.7G       116M       5.7M        27M       3.2G

MemTotal:        4016004 kB
MemFree:          119384 kB
Active:           362936 kB
Mem:          3.8G       3.7G       116M       5.7M        27M       3.2G

MemTotal:        4016004 kB
MemFree:          119508 kB
Active:           362980 kB
Mem:          3.8G       3.7G       116M       5.7M        27M       3.2G

MemTotal:        4016004 kB
MemFree:          119508 kB
Active:           362944 kB
Mem:          3.8G       3.7G       116M       5.7M        27M       3.2G

MemTotal:        4016004 kB
MemFree:          119880 kB
Active:           362992 kB
Mem:          3.8G       3.7G       117M       5.7M        27M       3.2G

MemTotal:        4016004 kB
MemFree:          119384 kB
Active:           363000 kB
Mem:          3.8G       3.7G       116M       5.7M        27M       3.2G

MemTotal:        4016004 kB
MemFree:          119880 kB
Active:           362968 kB
Mem:          3.8G       3.7G       117M       5.7M        27M       3.2G

MemTotal:        4016004 kB
MemFree:          120004 kB
Active:           362960 kB
Mem:          3.8G       3.7G       116M       5.7M        27M       3.2G

MemTotal:        4016004 kB
MemFree:          119136 kB
Active:           363000 kB
Mem:          3.8G       3.7G       116M       5.7M        27M       3.2G

MemTotal:        4016004 kB
MemFree:          119880 kB
Active:           362984 kB
Mem:          3.8G       3.7G       116M       5.7M        27M       3.2G

MemTotal:        4016004 kB
MemFree:          119880 kB
Active:           362980 kB
Mem:          3.8G       3.7G       116M       5.7M        27M       3.2G

MemTotal:        4016004 kB
MemFree:          119632 kB
Active:           362964 kB
Mem:          3.8G       3.7G       116M       5.7M        27M       3.2G

MemTotal:        4016004 kB
MemFree:          120004 kB
Active:           362976 kB
Mem:          3.8G       3.7G       117M       5.7M        27M       3.2G

MemTotal:        4016004 kB
MemFree:          120004 kB
Active:           362968 kB
Mem:          3.8G       3.7G       117M       5.7M        27M       3.2G

MemTotal:        4016004 kB
MemFree:          119880 kB
Active:           362992 kB
Mem:          3.8G       3.7G       116M       5.7M        27M       3.2G

MemTotal:        4016004 kB
MemFree:          119880 kB
Active:           362968 kB
Mem:          3.8G       3.7G       116M       5.7M        27M       3.2G

MemTotal:        4016004 kB
MemFree:          119880 kB
Active:           362952 kB
Mem:          3.8G       3.7G       116M       5.7M        27M       3.2G

MemTotal:        4016004 kB
MemFree:          119508 kB
Active:           363012 kB
Mem:          3.8G       3.7G       116M       5.7M        27M       3.2G

MemTotal:        4016004 kB
MemFree:          119880 kB
Active:           363016 kB
Mem:          3.8G       3.7G       117M       5.7M        27M       3.2G

MemTotal:        4016004 kB
MemFree:          119880 kB
Active:           362972 kB
Mem:          3.8G       3.7G       116M       5.7M        27M       3.2G

MemTotal:        4016004 kB
MemFree:          119632 kB
Active:           362996 kB
Mem:          3.8G       3.7G       116M       5.7M        27M       3.2G

MemTotal:        4016004 kB
MemFree:          119384 kB
Active:           362964 kB
Mem:          3.8G       3.7G       116M       5.7M        27M       3.2G

MemTotal:        4016004 kB
MemFree:          119632 kB
Active:           363016 kB
Mem:          3.8G       3.7G       116M       5.7M        27M       3.2G

MemTotal:        4016004 kB
MemFree:          120004 kB
Active:           362992 kB
Mem:          3.8G       3.7G       116M       5.7M        27M       3.2G

MemTotal:        4016004 kB
MemFree:          119508 kB
Active:           363012 kB
Mem:          3.8G       3.7G       116M       5.7M        27M       3.2G

MemTotal:        4016004 kB
MemFree:          119632 kB
Active:           362996 kB
Mem:          3.8G       3.7G       116M       5.7M        27M       3.2G

MemTotal:        4016004 kB
MemFree:          119632 kB
Active:           363020 kB
Mem:          3.8G       3.7G       116M       5.7M        27M       3.2G

MemTotal:        4016004 kB
MemFree:          119632 kB
Active:           362996 kB
Mem:          3.8G       3.7G       116M       5.7M        27M       3.2G

MemTotal:        4016004 kB
MemFree:          119508 kB
Active:           363004 kB
Mem:          3.8G       3.7G       116M       5.7M        27M       3.2G

MemTotal:        4016004 kB
MemFree:          118888 kB
Active:           363036 kB
Mem:          3.8G       3.7G       116M       5.7M        27M       3.2G

MemTotal:        4016004 kB
MemFree:          118392 kB
Active:           363040 kB
Mem:          3.8G       3.7G       116M       5.7M        27M       3.2G

MemTotal:        4016004 kB
MemFree:          119012 kB
Active:           363040 kB
Mem:          3.8G       3.7G       116M       5.7M        27M       3.2G

MemTotal:        4016004 kB
MemFree:          119508 kB
Active:           362996 kB
Mem:          3.8G       3.7G       116M       5.7M        27M       3.2G

MemTotal:        4016004 kB
MemFree:          119632 kB
Active:           363032 kB
Mem:          3.8G       3.7G       116M       5.7M        27M       3.2G

MemTotal:        4016004 kB
MemFree:          119508 kB
Active:           363020 kB
Mem:          3.8G       3.7G       116M       5.7M        27M       3.2G

MemTotal:        4016004 kB
MemFree:          119260 kB
Active:           363028 kB
Mem:          3.8G       3.7G       116M       5.7M        27M       3.2G

MemTotal:        4016004 kB
MemFree:          118888 kB
Active:           363056 kB
Mem:          3.8G       3.7G       116M       5.7M        27M       3.2G

MemTotal:        4016004 kB
MemFree:          119756 kB
Active:           363028 kB
Mem:          3.8G       3.7G       116M       5.7M        27M       3.2G

MemTotal:        4016004 kB
MemFree:          119632 kB
Active:           363008 kB
Mem:          3.8G       3.7G       116M       5.7M        27M       3.2G

MemTotal:        4016004 kB
MemFree:          119136 kB
Active:           363064 kB
Mem:          3.8G       3.7G       116M       5.7M        27M       3.2G

MemTotal:        4016004 kB
MemFree:          119384 kB
Active:           363028 kB
Mem:          3.8G       3.7G       116M       5.7M        27M       3.2G

MemTotal:        4016004 kB
MemFree:          119508 kB
Active:           363060 kB
Mem:          3.8G       3.7G       116M       5.7M        27M       3.2G

MemTotal:        4016004 kB
MemFree:          119632 kB
Active:           363028 kB
Mem:          3.8G       3.7G       116M       5.7M        27M       3.2G

MemTotal:        4016004 kB
MemFree:          119136 kB
Active:           363072 kB
Mem:          3.8G       3.7G       116M       5.7M        27M       3.2G

MemTotal:        4016004 kB
MemFree:          118764 kB
Active:           363072 kB
