MemTotal:        4016004 kB
MemFree:         3203948 kB
Active:           456096 kB
Mem:          3.8G       793M       3.1G       5.7M        56M       327M

MemTotal:        4016004 kB
MemFree:         3203864 kB
Active:           456156 kB
Mem:          3.8G       793M       3.1G       5.7M        56M       328M

MemTotal:        4016004 kB
MemFree:         3203212 kB
Active:           456232 kB
Mem:          3.8G       793M       3.1G       5.7M        56M       328M

MemTotal:        4016004 kB
MemFree:         3203320 kB
Active:           456256 kB
Mem:          3.8G       793M       3.1G       5.7M        56M       328M

MemTotal:        4016004 kB
MemFree:         3203320 kB
Active:           454348 kB
Mem:          3.8G       793M       3.1G       5.7M        56M       328M

MemTotal:        4016004 kB
MemFree:         3203464 kB
Active:           456284 kB
Mem:          3.8G       793M       3.1G       5.7M        56M       328M

MemTotal:        4016004 kB
MemFree:         3203200 kB
Active:           456264 kB
Mem:          3.8G       793M       3.1G       5.7M        56M       328M

MemTotal:        4016004 kB
MemFree:         3203184 kB
Active:           456288 kB
Mem:          3.8G       793M       3.1G       5.7M        56M       328M

MemTotal:        4016004 kB
MemFree:         3203556 kB
Active:           456288 kB
Mem:          3.8G       793M       3.1G       5.7M        56M       328M

MemTotal:        4016004 kB
MemFree:         3203540 kB
Active:           456268 kB
Mem:          3.8G       793M       3.1G       5.7M        56M       328M

MemTotal:        4016004 kB
MemFree:         3203648 kB
Active:           456244 kB
Mem:          3.8G       793M       3.1G       5.7M        56M       328M

MemTotal:        4016004 kB
MemFree:         3203508 kB
Active:           456292 kB
Mem:          3.8G       793M       3.1G       5.7M        56M       328M

MemTotal:        4016004 kB
MemFree:         3203524 kB
Active:           456268 kB
Mem:          3.8G       793M       3.1G       5.7M        56M       328M

MemTotal:        4016004 kB
MemFree:         3203896 kB
Active:           456260 kB
Mem:          3.8G       793M       3.1G       5.7M        56M       328M

MemTotal:        4016004 kB
MemFree:         3201492 kB
Active:           458344 kB
Mem:          3.8G       795M       3.1G       5.7M        56M       328M

MemTotal:        4016004 kB
MemFree:         3201508 kB
Active:           458320 kB
Mem:          3.8G       795M       3.1G       5.7M        56M       328M

MemTotal:        4016004 kB
MemFree:         3201508 kB
Active:           458292 kB
Mem:          3.8G       795M       3.1G       5.7M        56M       328M

MemTotal:        4016004 kB
MemFree:         3201384 kB
Active:           458268 kB
Mem:          3.8G       795M       3.1G       5.7M        56M       328M

MemTotal:        4016004 kB
MemFree:         3201136 kB
Active:           458320 kB
Mem:          3.8G       795M       3.1G       5.7M        56M       328M

MemTotal:        4016004 kB
MemFree:         3201136 kB
Active:           458320 kB
Mem:          3.8G       795M       3.1G       5.7M        56M       328M

MemTotal:        4016004 kB
MemFree:         3201632 kB
Active:           458284 kB
Mem:          3.8G       794M       3.1G       5.7M        56M       328M

MemTotal:        4016004 kB
MemFree:         3201756 kB
Active:           458328 kB
Mem:          3.8G       795M       3.1G       5.7M        56M       328M

MemTotal:        4016004 kB
MemFree:         3201632 kB
Active:           458316 kB
Mem:          3.8G       795M       3.1G       5.7M        56M       328M

MemTotal:        4016004 kB
MemFree:         3201632 kB
Active:           458304 kB
Mem:          3.8G       795M       3.1G       5.7M        56M       328M

MemTotal:        4016004 kB
MemFree:         3201988 kB
Active:           458280 kB
Mem:          3.8G       794M       3.1G       5.7M        56M       328M

MemTotal:        4016004 kB
MemFree:         3201972 kB
Active:           458316 kB
Mem:          3.8G       794M       3.1G       5.7M        56M       328M

MemTotal:        4016004 kB
MemFree:         3201724 kB
Active:           458328 kB
Mem:          3.8G       795M       3.1G       5.7M        56M       328M

MemTotal:        4016004 kB
MemFree:         3201336 kB
Active:           458276 kB
Mem:          3.8G       795M       3.1G       5.7M        56M       328M

MemTotal:        4016004 kB
MemFree:         3201584 kB
Active:           458304 kB
Mem:          3.8G       795M       3.1G       5.7M        56M       328M

MemTotal:        4016004 kB
MemFree:         3201196 kB
Active:           458340 kB
Mem:          3.8G       795M       3.1G       5.7M        56M       328M

MemTotal:        4016004 kB
MemFree:         3201196 kB
Active:           458316 kB
Mem:          3.8G       795M       3.1G       5.7M        56M       328M

MemTotal:        4016004 kB
MemFree:         3201304 kB
Active:           458300 kB
Mem:          3.8G       796M       3.1G       5.7M        56M       328M

MemTotal:        4016004 kB
MemFree:         3201040 kB
Active:           458292 kB
Mem:          3.8G       795M       3.1G       5.7M        56M       328M

MemTotal:        4016004 kB
MemFree:         3201164 kB
Active:           458328 kB
Mem:          3.8G       795M       3.1G       5.7M        56M       328M

MemTotal:        4016004 kB
MemFree:         3199224 kB
Active:           460356 kB
Mem:          3.8G       797M       3.1G       5.7M        56M       328M

MemTotal:        4016004 kB
MemFree:         3198976 kB
Active:           460364 kB
Mem:          3.8G       798M       3.1G       5.7M        56M       328M

MemTotal:        4016004 kB
MemFree:         3199208 kB
Active:           460336 kB
Mem:          3.8G       797M       3.1G       5.7M        56M       328M

MemTotal:        4016004 kB
MemFree:         3199208 kB
Active:           460320 kB
Mem:          3.8G       797M       3.1G       5.7M        56M       328M

MemTotal:        4016004 kB
MemFree:         3199412 kB
Active:           460360 kB
Mem:          3.8G       797M       3.1G       5.7M        56M       328M

MemTotal:        4016004 kB
MemFree:         3198916 kB
Active:           460376 kB
Mem:          3.8G       797M       3.1G       5.7M        56M       328M

MemTotal:        4016004 kB
MemFree:         3199164 kB
Active:           460380 kB
Mem:          3.8G       797M       3.1G       5.7M        56M       328M

MemTotal:        4016004 kB
MemFree:         3198916 kB
Active:           460344 kB
Mem:          3.8G       797M       3.1G       5.7M        56M       328M

MemTotal:        4016004 kB
MemFree:         3199164 kB
Active:           460372 kB
Mem:          3.8G       798M       3.1G       5.7M        56M       328M

MemTotal:        4016004 kB
MemFree:         3198668 kB
Active:           460396 kB
Mem:          3.8G       797M       3.1G       5.7M        56M       328M

MemTotal:        4016004 kB
MemFree:         3199040 kB
Active:           460380 kB
Mem:          3.8G       798M       3.1G       5.7M        56M       328M

MemTotal:        4016004 kB
MemFree:         3198544 kB
Active:           460396 kB
Mem:          3.8G       798M       3.1G       5.7M        56M       328M

MemTotal:        4016004 kB
MemFree:         3198544 kB
Active:           460396 kB
Mem:          3.8G       798M       3.1G       5.7M        56M       328M

MemTotal:        4016004 kB
MemFree:         3198916 kB
Active:           460376 kB
Mem:          3.8G       798M       3.1G       5.7M        56M       328M

MemTotal:        4016004 kB
MemFree:         3199288 kB
Active:           460356 kB
Mem:          3.8G       797M       3.1G       5.7M        56M       328M

MemTotal:        4016004 kB
MemFree:         3199288 kB
Active:           460408 kB
Mem:          3.8G       797M       3.1G       5.7M        56M       328M

MemTotal:        4016004 kB
MemFree:         3199784 kB
Active:           460356 kB
Mem:          3.8G       797M       3.1G       5.7M        56M       328M

MemTotal:        4016004 kB
MemFree:         3199644 kB
Active:           460376 kB
Mem:          3.8G       797M       3.1G       5.7M        56M       328M

MemTotal:        4016004 kB
MemFree:         3199768 kB
Active:           460408 kB
Mem:          3.8G       797M       3.1G       5.7M        56M       328M

MemTotal:        4016004 kB
MemFree:         3199396 kB
Active:           460428 kB
Mem:          3.8G       797M       3.1G       5.7M        56M       328M

MemTotal:        4016004 kB
MemFree:         3199148 kB
Active:           460428 kB
Mem:          3.8G       797M       3.1G       5.7M        56M       328M

MemTotal:        4016004 kB
MemFree:         3199504 kB
Active:           460372 kB
Mem:          3.8G       797M       3.1G       5.7M        56M       328M

MemTotal:        4016004 kB
MemFree:         3199380 kB
Active:           460412 kB
Mem:          3.8G       797M       3.1G       5.7M        56M       328M

MemTotal:        4016004 kB
MemFree:         3199552 kB
Active:           460388 kB
Mem:          3.8G       797M       3.1G       5.7M        56M       328M

MemTotal:        4016004 kB
MemFree:         3199676 kB
Active:           460424 kB
Mem:          3.8G       797M       3.1G       5.7M        56M       328M

MemTotal:        4016004 kB
MemFree:         3199800 kB
Active:           460384 kB
Mem:          3.8G       797M       3.1G       5.7M        56M       328M

MemTotal:        4016004 kB
MemFree:         3199428 kB
Active:           460440 kB
Mem:          3.8G       797M       3.1G       5.7M        56M       328M

MemTotal:        4016004 kB
MemFree:         3199552 kB
Active:           460412 kB
Mem:          3.8G       797M       3.1G       5.7M        56M       328M

MemTotal:        4016004 kB
MemFree:         3199676 kB
Active:           460392 kB
Mem:          3.8G       797M       3.1G       5.7M        56M       328M

MemTotal:        4016004 kB
MemFree:         3199552 kB
Active:           460408 kB
Mem:          3.8G       797M       3.1G       5.7M        56M       328M

MemTotal:        4016004 kB
MemFree:         3198596 kB
Active:           458480 kB
Mem:          3.8G       798M       3.1G       5.7M        56M       328M

MemTotal:        4016004 kB
MemFree:         3199044 kB
Active:           460444 kB
Mem:          3.8G       797M       3.1G       5.7M        56M       328M

MemTotal:        4016004 kB
MemFree:         3199540 kB
Active:           460408 kB
Mem:          3.8G       797M       3.1G       5.7M        56M       328M

MemTotal:        4016004 kB
MemFree:         3199400 kB
Active:           460424 kB
Mem:          3.8G       797M       3.1G       5.7M        56M       328M

MemTotal:        4016004 kB
MemFree:         3199604 kB
Active:           460448 kB
Mem:          3.8G       797M       3.1G       5.7M        56M       328M

MemTotal:        4016004 kB
MemFree:         3199356 kB
Active:           460396 kB
Mem:          3.8G       797M       3.1G       5.7M        56M       328M

MemTotal:        4016004 kB
MemFree:         3199108 kB
Active:           460432 kB
Mem:          3.8G       797M       3.1G       5.7M        56M       328M

MemTotal:        4016004 kB
MemFree:         3199480 kB
Active:           460404 kB
Mem:          3.8G       797M       3.1G       5.7M        56M       328M

MemTotal:        4016004 kB
MemFree:         3199356 kB
Active:           460432 kB
Mem:          3.8G       797M       3.1G       5.7M        56M       328M

MemTotal:        4016004 kB
MemFree:         3189912 kB
Active:           468092 kB
Mem:          3.8G       806M       3.0G       5.7M        63M       328M

MemTotal:        4016004 kB
MemFree:         3188100 kB
Active:           468252 kB
Mem:          3.8G       808M       3.0G       5.7M        63M       328M

MemTotal:        4016004 kB
MemFree:         3187852 kB
Active:           468236 kB
Mem:          3.8G       808M       3.0G       5.7M        63M       328M

MemTotal:        4016004 kB
MemFree:         3188208 kB
Active:           470248 kB
Mem:          3.8G       808M       3.0G       5.7M        63M       328M

MemTotal:        4016004 kB
MemFree:         3188192 kB
Active:           470276 kB
Mem:          3.8G       808M       3.0G       5.7M        63M       328M

MemTotal:        4016004 kB
MemFree:         3188316 kB
Active:           470244 kB
Mem:          3.8G       808M       3.0G       5.7M        63M       328M

MemTotal:        4016004 kB
MemFree:         3188348 kB
Active:           470268 kB
Mem:          3.8G       808M       3.0G       5.7M        63M       328M

MemTotal:        4016004 kB
MemFree:         3188348 kB
Active:           470280 kB
Mem:          3.8G       808M       3.0G       5.7M        63M       328M

MemTotal:        4016004 kB
MemFree:         3188224 kB
Active:           470244 kB
Mem:          3.8G       808M       3.0G       5.7M        63M       328M

MemTotal:        4016004 kB
MemFree:         3188348 kB
Active:           470268 kB
Mem:          3.8G       808M       3.0G       5.7M        63M       328M

MemTotal:        4016004 kB
MemFree:         3187728 kB
Active:           470312 kB
Mem:          3.8G       808M       3.0G       5.7M        63M       328M

MemTotal:        4016004 kB
MemFree:         3187852 kB
Active:           470304 kB
Mem:          3.8G       808M       3.0G       5.7M        63M       328M

MemTotal:        4016004 kB
MemFree:         3187728 kB
Active:           470284 kB
Mem:          3.8G       808M       3.0G       5.7M        63M       328M

MemTotal:        4016004 kB
MemFree:         3188224 kB
Active:           470256 kB
Mem:          3.8G       808M       3.0G       5.7M        63M       328M

MemTotal:        4016004 kB
MemFree:         3187836 kB
Active:           470312 kB
Mem:          3.8G       808M       3.0G       5.7M        63M       328M

MemTotal:        4016004 kB
MemFree:         3187572 kB
Active:           470320 kB
Mem:          3.8G       808M       3.0G       5.7M        63M       328M

MemTotal:        4016004 kB
MemFree:         3188116 kB
Active:           470284 kB
Mem:          3.8G       808M       3.0G       5.7M        63M       328M

MemTotal:        4016004 kB
MemFree:         3187744 kB
Active:           470320 kB
Mem:          3.8G       808M       3.0G       5.7M        63M       328M

MemTotal:        4016004 kB
MemFree:         3188100 kB
Active:           470300 kB
Mem:          3.8G       808M       3.0G       5.7M        63M       328M

MemTotal:        4016004 kB
MemFree:         3187976 kB
Active:           470320 kB
Mem:          3.8G       808M       3.0G       5.7M        63M       328M

MemTotal:        4016004 kB
MemFree:         3187852 kB
Active:           470324 kB
Mem:          3.8G       808M       3.0G       5.7M        63M       328M

MemTotal:        4016004 kB
MemFree:         3186912 kB
Active:           468404 kB
Mem:          3.8G       809M       3.0G       5.7M        63M       328M

MemTotal:        4016004 kB
MemFree:         3187524 kB
Active:           470300 kB
Mem:          3.8G       809M       3.0G       5.7M        63M       328M

MemTotal:        4016004 kB
MemFree:         3187756 kB
Active:           470316 kB
Mem:          3.8G       809M       3.0G       5.7M        63M       328M

MemTotal:        4016004 kB
MemFree:         3187492 kB
Active:           470332 kB
Mem:          3.8G       808M       3.0G       5.7M        63M       328M

MemTotal:        4016004 kB
MemFree:         3187492 kB
Active:           470332 kB
Mem:          3.8G       808M       3.0G       5.7M        63M       328M

MemTotal:        4016004 kB
MemFree:         3187972 kB
Active:           470308 kB
Mem:          3.8G       808M       3.0G       5.7M        63M       328M

MemTotal:        4016004 kB
MemFree:         3187568 kB
Active:           470560 kB
Mem:          3.8G       809M       3.0G       5.7M        63M       328M

MemTotal:        4016004 kB
MemFree:         3145712 kB
Active:           470804 kB
Mem:          3.8G       850M       3.0G       5.7M        63M       369M

MemTotal:        4016004 kB
MemFree:         3099968 kB
Active:           470844 kB
Mem:          3.8G       894M       3.0G       5.7M        63M       413M

MemTotal:        4016004 kB
MemFree:         3053976 kB
Active:           470844 kB
Mem:          3.8G       939M       2.9G       5.7M        63M       456M

MemTotal:        4016004 kB
MemFree:         3006928 kB
Active:           472900 kB
Mem:          3.8G       986M       2.9G       5.7M        63M       500M

MemTotal:        4016004 kB
MemFree:         2961076 kB
Active:           472876 kB
Mem:          3.8G       1.0G       2.8G       5.7M        63M       544M

MemTotal:        4016004 kB
MemFree:         2914976 kB
Active:           472876 kB
Mem:          3.8G       1.1G       2.8G       5.7M        63M       588M

MemTotal:        4016004 kB
MemFree:         2869992 kB
Active:           472884 kB
Mem:          3.8G       1.1G       2.7G       5.7M        63M       632M

MemTotal:        4016004 kB
MemFree:         2823724 kB
Active:           472884 kB
Mem:          3.8G       1.1G       2.7G       5.7M        63M       675M

MemTotal:        4016004 kB
MemFree:         2778288 kB
Active:           472884 kB
Mem:          3.8G       1.2G       2.6G       5.7M        63M       720M

MemTotal:        4016004 kB
MemFree:         2732932 kB
Active:           472884 kB
Mem:          3.8G       1.2G       2.6G       5.7M        63M       763M

MemTotal:        4016004 kB
MemFree:         2687824 kB
Active:           472896 kB
Mem:          3.8G       1.3G       2.6G       5.7M        63M       807M

MemTotal:        4016004 kB
MemFree:         2647200 kB
Active:           472900 kB
Mem:          3.8G       1.3G       2.5G       5.7M        63M       846M

MemTotal:        4016004 kB
MemFree:         2633864 kB
Active:           472908 kB
Mem:          3.8G       1.3G       2.5G       5.7M        63M       859M

MemTotal:        4016004 kB
MemFree:         2594000 kB
Active:           472988 kB
Mem:          3.8G       1.4G       2.5G       5.7M        63M       897M

MemTotal:        4016004 kB
MemFree:         2548892 kB
Active:           472932 kB
Mem:          3.8G       1.4G       2.4G       5.7M        63M       940M

MemTotal:        4016004 kB
MemFree:         2503616 kB
Active:           472932 kB
Mem:          3.8G       1.4G       2.4G       5.7M        63M       984M

MemTotal:        4016004 kB
MemFree:         2485380 kB
Active:           472896 kB
Mem:          3.8G       1.5G       2.4G       5.7M        63M       1.0G

MemTotal:        4016004 kB
MemFree:         2439592 kB
Active:           472944 kB
Mem:          3.8G       1.5G       2.3G       5.7M        63M       1.0G

MemTotal:        4016004 kB
MemFree:         2393988 kB
Active:           472952 kB
Mem:          3.8G       1.5G       2.3G       5.7M        63M       1.1G

MemTotal:        4016004 kB
MemFree:         2348508 kB
Active:           472952 kB
Mem:          3.8G       1.6G       2.2G       5.7M        63M       1.1G

MemTotal:        4016004 kB
MemFree:         2302392 kB
Active:           472952 kB
Mem:          3.8G       1.6G       2.2G       5.7M        63M       1.2G

MemTotal:        4016004 kB
MemFree:         2282100 kB
Active:           472960 kB
Mem:          3.8G       1.7G       2.2G       5.7M        63M       1.2G

MemTotal:        4016004 kB
MemFree:         2241548 kB
Active:           472972 kB
Mem:          3.8G       1.7G       2.1G       5.7M        63M       1.2G

MemTotal:        4016004 kB
MemFree:         2195292 kB
Active:           473096 kB
Mem:          3.8G       1.7G       2.1G       5.7M        63M       1.3G

MemTotal:        4016004 kB
MemFree:         2181932 kB
Active:           473036 kB
Mem:          3.8G       1.7G       2.1G       5.7M        63M       1.3G

MemTotal:        4016004 kB
MemFree:         2180808 kB
Active:           473028 kB
Mem:          3.8G       1.8G       2.1G       5.7M        63M       1.3G

MemTotal:        4016004 kB
MemFree:         2179880 kB
Active:           473012 kB
Mem:          3.8G       1.8G       2.1G       5.7M        63M       1.3G

MemTotal:        4016004 kB
MemFree:         2150476 kB
Active:           473056 kB
Mem:          3.8G       1.8G       2.1G       5.7M        63M       1.3G

MemTotal:        4016004 kB
MemFree:         2104656 kB
Active:           473072 kB
Mem:          3.8G       1.8G       2.0G       5.7M        63M       1.3G

MemTotal:        4016004 kB
MemFree:         2057752 kB
Active:           473072 kB
Mem:          3.8G       1.9G       2.0G       5.7M        63M       1.4G

MemTotal:        4016004 kB
MemFree:         2012024 kB
Active:           473072 kB
Mem:          3.8G       1.9G       1.9G       5.7M        63M       1.4G

MemTotal:        4016004 kB
MemFree:         1964776 kB
Active:           473060 kB
Mem:          3.8G       2.0G       1.9G       5.7M        63M       1.5G

MemTotal:        4016004 kB
MemFree:         1918164 kB
Active:           473076 kB
Mem:          3.8G       2.0G       1.8G       5.7M        63M       1.5G

MemTotal:        4016004 kB
MemFree:         1869876 kB
Active:           475128 kB
Mem:          3.8G       2.0G       1.8G       5.7M        63M       1.6G

MemTotal:        4016004 kB
MemFree:         1823264 kB
Active:           475100 kB
Mem:          3.8G       2.1G       1.7G       5.7M        63M       1.6G

MemTotal:        4016004 kB
MemFree:         1777052 kB
Active:           475116 kB
Mem:          3.8G       2.1G       1.7G       5.7M        63M       1.6G

MemTotal:        4016004 kB
MemFree:         1731172 kB
Active:           475116 kB
Mem:          3.8G       2.2G       1.7G       5.7M        63M       1.7G

MemTotal:        4016004 kB
MemFree:         1700852 kB
Active:           475124 kB
Mem:          3.8G       2.2G       1.6G       5.7M        63M       1.7G

MemTotal:        4016004 kB
MemFree:         1655464 kB
Active:           475084 kB
Mem:          3.8G       2.3G       1.6G       5.7M        63M       1.8G

MemTotal:        4016004 kB
MemFree:         1626856 kB
Active:           475140 kB
Mem:          3.8G       2.3G       1.6G       5.7M        63M       1.8G

MemTotal:        4016004 kB
MemFree:         1609756 kB
Active:           475108 kB
Mem:          3.8G       2.3G       1.5G       5.7M        63M       1.8G

MemTotal:        4016004 kB
MemFree:         1563980 kB
Active:           475152 kB
Mem:          3.8G       2.3G       1.5G       5.7M        63M       1.8G

MemTotal:        4016004 kB
MemFree:         1517928 kB
Active:           475116 kB
Mem:          3.8G       2.4G       1.4G       5.7M        63M       1.9G

MemTotal:        4016004 kB
MemFree:         1471024 kB
Active:           475156 kB
Mem:          3.8G       2.4G       1.4G       5.7M        63M       1.9G

MemTotal:        4016004 kB
MemFree:         1423984 kB
Active:           475160 kB
Mem:          3.8G       2.5G       1.4G       5.7M        63M       2.0G

MemTotal:        4016004 kB
MemFree:         1377808 kB
Active:           475160 kB
Mem:          3.8G       2.5G       1.3G       5.7M        63M       2.0G

MemTotal:        4016004 kB
MemFree:         1332328 kB
Active:           475160 kB
Mem:          3.8G       2.6G       1.3G       5.7M        63M       2.1G

MemTotal:        4016004 kB
MemFree:         1286092 kB
Active:           475172 kB
Mem:          3.8G       2.6G       1.2G       5.7M        63M       2.1G

MemTotal:        4016004 kB
MemFree:         1239328 kB
Active:           475172 kB
Mem:          3.8G       2.6G       1.2G       5.7M        63M       2.1G

MemTotal:        4016004 kB
MemFree:         1193088 kB
Active:           475144 kB
Mem:          3.8G       2.7G       1.1G       5.7M        63M       2.2G

MemTotal:        4016004 kB
MemFree:         1162752 kB
Active:           475176 kB
Mem:          3.8G       2.7G       1.1G       5.7M        63M       2.2G

MemTotal:        4016004 kB
MemFree:         1117104 kB
Active:           475128 kB
Mem:          3.8G       2.8G       1.1G       5.7M        63M       2.3G

MemTotal:        4016004 kB
MemFree:         1092464 kB
Active:           475144 kB
Mem:          3.8G       2.8G       1.0G       5.7M        63M       2.3G

MemTotal:        4016004 kB
MemFree:         1063072 kB
Active:           475184 kB
Mem:          3.8G       2.8G       1.0G       5.7M        63M       2.3G

MemTotal:        4016004 kB
MemFree:         1016720 kB
Active:           475180 kB
Mem:          3.8G       2.9G       992M       5.7M        63M       2.4G

MemTotal:        4016004 kB
MemFree:          970436 kB
Active:           475164 kB
Mem:          3.8G       2.9G       947M       5.7M        63M       2.4G

MemTotal:        4016004 kB
MemFree:          923892 kB
Active:           475224 kB
Mem:          3.8G       2.9G       901M       5.7M        63M       2.4G

MemTotal:        4016004 kB
MemFree:          877952 kB
Active:           475232 kB
Mem:          3.8G       3.0G       856M       5.7M        63M       2.5G

MemTotal:        4016004 kB
MemFree:          830984 kB
Active:           475232 kB
Mem:          3.8G       3.0G       811M       5.7M        63M       2.5G

MemTotal:        4016004 kB
MemFree:          784016 kB
Active:           475232 kB
Mem:          3.8G       3.1G       765M       5.7M        63M       2.6G

MemTotal:        4016004 kB
MemFree:          742872 kB
Active:           475232 kB
Mem:          3.8G       3.1G       724M       5.7M        63M       2.6G

MemTotal:        4016004 kB
MemFree:          741740 kB
Active:           475204 kB
Mem:          3.8G       3.1G       724M       5.7M        63M       2.6G

MemTotal:        4016004 kB
MemFree:          723204 kB
Active:           475176 kB
Mem:          3.8G       3.1G       706M       5.7M        63M       2.6G

MemTotal:        4016004 kB
MemFree:          678252 kB
Active:           475268 kB
Mem:          3.8G       3.2G       661M       5.7M        63M       2.7G

MemTotal:        4016004 kB
MemFree:          632308 kB
Active:           475268 kB
Mem:          3.8G       3.2G       617M       5.7M        63M       2.7G

MemTotal:        4016004 kB
MemFree:          586164 kB
Active:           475272 kB
Mem:          3.8G       3.3G       572M       5.7M        63M       2.8G

MemTotal:        4016004 kB
MemFree:          558844 kB
Active:           475272 kB
Mem:          3.8G       3.3G       545M       5.7M        63M       2.8G

MemTotal:        4016004 kB
MemFree:          558044 kB
Active:           475284 kB
Mem:          3.8G       3.3G       544M       5.7M        63M       2.8G

MemTotal:        4016004 kB
MemFree:          558104 kB
Active:           475292 kB
Mem:          3.8G       3.3G       544M       5.7M        63M       2.8G

MemTotal:        4016004 kB
MemFree:          558296 kB
Active:           475264 kB
Mem:          3.8G       3.3G       544M       5.7M        63M       2.8G

MemTotal:        4016004 kB
MemFree:          521916 kB
Active:           475244 kB
Mem:          3.8G       3.3G       508M       5.7M        63M       2.8G

MemTotal:        4016004 kB
MemFree:          476236 kB
Active:           475304 kB
Mem:          3.8G       3.4G       464M       5.7M        63M       2.9G

MemTotal:        4016004 kB
MemFree:          429656 kB
Active:           475304 kB
Mem:          3.8G       3.4G       419M       5.7M        63M       2.9G

MemTotal:        4016004 kB
MemFree:          383928 kB
Active:           475316 kB
Mem:          3.8G       3.5G       374M       5.7M        63M       3.0G

MemTotal:        4016004 kB
MemFree:          338060 kB
Active:           475316 kB
Mem:          3.8G       3.5G       329M       5.7M        63M       3.0G

MemTotal:        4016004 kB
MemFree:          291960 kB
Active:           475316 kB
Mem:          3.8G       3.6G       284M       5.7M        63M       3.0G

MemTotal:        4016004 kB
MemFree:          246248 kB
Active:           475168 kB
Mem:          3.8G       3.6G       240M       5.7M        63M       3.1G

MemTotal:        4016004 kB
MemFree:          200476 kB
Active:           475144 kB
Mem:          3.8G       3.6G       194M       5.7M        63M       3.1G

MemTotal:        4016004 kB
MemFree:          154144 kB
Active:           475152 kB
Mem:          3.8G       3.7G       150M       5.7M        63M       3.2G

MemTotal:        4016004 kB
MemFree:          107964 kB
Active:           475156 kB
Mem:          3.8G       3.7G       105M       5.7M        63M       3.2G

MemTotal:        4016004 kB
MemFree:          132648 kB
Active:           485084 kB
Mem:          3.8G       3.7G       128M       5.7M        30M       3.2G

MemTotal:        4016004 kB
MemFree:          112024 kB
Active:           485236 kB
Mem:          3.8G       3.7G       108M       5.7M        30M       3.2G

MemTotal:        4016004 kB
MemFree:          111268 kB
Active:           485088 kB
Mem:          3.8G       3.7G       108M       5.7M        30M       3.2G

MemTotal:        4016004 kB
MemFree:          111172 kB
Active:           485128 kB
Mem:          3.8G       3.7G       108M       5.7M        30M       3.2G

MemTotal:        4016004 kB
MemFree:          111388 kB
Active:           485092 kB
Mem:          3.8G       3.7G       108M       5.7M        30M       3.2G

MemTotal:        4016004 kB
MemFree:          122436 kB
Active:           496216 kB
Mem:          3.8G       3.7G       118M       5.7M        30M       3.2G

MemTotal:        4016004 kB
MemFree:          130104 kB
Active:           538468 kB
Mem:          3.8G       3.7G       124M       5.7M        30M       3.2G

MemTotal:        4016004 kB
MemFree:          121080 kB
Active:           533292 kB
Mem:          3.8G       3.7G       117M       5.7M        30M       3.2G

MemTotal:        4016004 kB
MemFree:          128136 kB
Active:           526300 kB
Mem:          3.8G       3.7G       124M       5.7M        30M       3.2G

MemTotal:        4016004 kB
MemFree:          121244 kB
Active:           522076 kB
Mem:          3.8G       3.7G       117M       5.7M        30M       3.2G

MemTotal:        4016004 kB
MemFree:          104764 kB
Active:           518868 kB
Mem:          3.8G       3.7G       105M       5.7M        30M       3.2G

MemTotal:        4016004 kB
MemFree:          121904 kB
Active:           512852 kB
Mem:          3.8G       3.7G       118M       5.7M        30M       3.2G

MemTotal:        4016004 kB
MemFree:          126420 kB
Active:           508384 kB
Mem:          3.8G       3.7G       122M       5.7M        30M       3.2G

MemTotal:        4016004 kB
MemFree:          123832 kB
Active:           500772 kB
Mem:          3.8G       3.7G       120M       5.7M        30M       3.2G

MemTotal:        4016004 kB
MemFree:          126236 kB
Active:           497056 kB
Mem:          3.8G       3.7G       122M       5.7M        30M       3.2G

MemTotal:        4016004 kB
MemFree:          122780 kB
Active:           492404 kB
Mem:          3.8G       3.7G       119M       5.7M        30M       3.2G

MemTotal:        4016004 kB
MemFree:          119308 kB
Active:           490680 kB
Mem:          3.8G       3.7G       116M       5.7M        30M       3.2G

MemTotal:        4016004 kB
MemFree:          115068 kB
Active:           490688 kB
Mem:          3.8G       3.7G       112M       5.7M        30M       3.2G

MemTotal:        4016004 kB
MemFree:          114804 kB
Active:           490380 kB
Mem:          3.8G       3.7G       112M       5.7M        30M       3.2G

MemTotal:        4016004 kB
MemFree:          115152 kB
Active:           490660 kB
Mem:          3.8G       3.7G       111M       5.7M        30M       3.2G

MemTotal:        4016004 kB
MemFree:          125248 kB
Active:           488584 kB
Mem:          3.8G       3.7G       122M       5.7M        30M       3.2G

MemTotal:        4016004 kB
MemFree:          115636 kB
Active:           487104 kB
Mem:          3.8G       3.7G       111M       5.7M        30M       3.2G

MemTotal:        4016004 kB
MemFree:          105372 kB
Active:           483916 kB
Mem:          3.8G       3.7G       102M       5.7M        30M       3.2G

MemTotal:        4016004 kB
MemFree:          112712 kB
Active:           480860 kB
Mem:          3.8G       3.7G       109M       5.7M        30M       3.2G

MemTotal:        4016004 kB
MemFree:          126820 kB
Active:           479084 kB
Mem:          3.8G       3.7G       122M       5.7M        30M       3.2G

MemTotal:        4016004 kB
MemFree:          122424 kB
Active:           477472 kB
Mem:          3.8G       3.7G       119M       5.7M        30M       3.2G

MemTotal:        4016004 kB
MemFree:          106440 kB
Active:           476424 kB
Mem:          3.8G       3.7G       103M       5.7M        30M       3.2G

MemTotal:        4016004 kB
MemFree:          126308 kB
Active:           474264 kB
Mem:          3.8G       3.7G       122M       5.7M        30M       3.2G

MemTotal:        4016004 kB
MemFree:          110044 kB
Active:           473020 kB
Mem:          3.8G       3.7G       106M       5.7M        30M       3.2G

MemTotal:        4016004 kB
MemFree:          124672 kB
Active:           471328 kB
Mem:          3.8G       3.7G       121M       5.7M        30M       3.2G

MemTotal:        4016004 kB
MemFree:          131304 kB
Active:           467440 kB
Mem:          3.8G       3.7G       128M       5.7M        30M       3.2G

MemTotal:        4016004 kB
MemFree:          121552 kB
Active:           466928 kB
Mem:          3.8G       3.7G       118M       5.7M        30M       3.2G

MemTotal:        4016004 kB
MemFree:          117600 kB
Active:           466940 kB
Mem:          3.8G       3.7G       114M       5.7M        30M       3.2G

MemTotal:        4016004 kB
MemFree:          116392 kB
Active:           468396 kB
Mem:          3.8G       3.7G       113M       5.7M        30M       3.2G

MemTotal:        4016004 kB
MemFree:          116648 kB
Active:           468400 kB
Mem:          3.8G       3.7G       113M       5.7M        30M       3.2G

MemTotal:        4016004 kB
MemFree:          130584 kB
Active:           467292 kB
Mem:          3.8G       3.7G       127M       5.7M        30M       3.2G

MemTotal:        4016004 kB
MemFree:          131248 kB
Active:           465372 kB
Mem:          3.8G       3.7G       127M       5.7M        30M       3.2G

MemTotal:        4016004 kB
MemFree:          121728 kB
Active:           464220 kB
Mem:          3.8G       3.7G       118M       5.7M        30M       3.2G

MemTotal:        4016004 kB
MemFree:          123616 kB
Active:           462568 kB
Mem:          3.8G       3.7G       120M       5.7M        30M       3.2G

MemTotal:        4016004 kB
MemFree:          130944 kB
Active:           458556 kB
Mem:          3.8G       3.7G       127M       5.7M        30M       3.2G

MemTotal:        4016004 kB
MemFree:          120432 kB
Active:           457408 kB
Mem:          3.8G       3.7G       117M       5.7M        30M       3.2G

MemTotal:        4016004 kB
MemFree:          127836 kB
Active:           455872 kB
Mem:          3.8G       3.7G       124M       5.7M        30M       3.2G

MemTotal:        4016004 kB
MemFree:          123432 kB
Active:           454212 kB
Mem:          3.8G       3.7G       120M       5.7M        30M       3.2G

MemTotal:        4016004 kB
MemFree:          111940 kB
Active:           454220 kB
Mem:          3.8G       3.7G       109M       5.7M        30M       3.2G

MemTotal:        4016004 kB
MemFree:          126600 kB
Active:           452428 kB
Mem:          3.8G       3.7G       123M       5.7M        30M       3.2G

MemTotal:        4016004 kB
MemFree:          117488 kB
Active:           451276 kB
Mem:          3.8G       3.7G       113M       5.7M        30M       3.2G

MemTotal:        4016004 kB
MemFree:          118012 kB
Active:           449356 kB
Mem:          3.8G       3.7G       114M       5.7M        30M       3.2G

MemTotal:        4016004 kB
MemFree:          110080 kB
Active:           449368 kB
Mem:          3.8G       3.7G       107M       5.7M        30M       3.2G

MemTotal:        4016004 kB
MemFree:          117540 kB
Active:           447320 kB
Mem:          3.8G       3.7G       114M       5.7M        30M       3.2G

MemTotal:        4016004 kB
MemFree:          131316 kB
Active:           445536 kB
Mem:          3.8G       3.7G       127M       5.7M        30M       3.2G

MemTotal:        4016004 kB
MemFree:          121636 kB
Active:           444384 kB
Mem:          3.8G       3.7G       118M       5.7M        30M       3.2G

MemTotal:        4016004 kB
MemFree:          135724 kB
Active:           442596 kB
Mem:          3.8G       3.7G       132M       5.7M        30M       3.2G

MemTotal:        4016004 kB
MemFree:          154404 kB
Active:           440548 kB
Mem:          3.8G       3.7G       150M       5.7M        30M       3.2G

MemTotal:        4016004 kB
MemFree:          107444 kB
Active:           442448 kB
Mem:          3.8G       3.7G       104M       5.7M        30M       3.2G

MemTotal:        4016004 kB
MemFree:          114416 kB
Active:           440404 kB
Mem:          3.8G       3.7G       111M       5.7M        30M       3.2G

MemTotal:        4016004 kB
MemFree:          105368 kB
Active:           439268 kB
Mem:          3.8G       3.7G       102M       5.7M        30M       3.2G

MemTotal:        4016004 kB
MemFree:          131532 kB
Active:           436964 kB
Mem:          3.8G       3.7G       128M       5.7M        30M       3.2G

MemTotal:        4016004 kB
MemFree:          110428 kB
Active:           436324 kB
Mem:          3.8G       3.7G       107M       5.7M        30M       3.2G

MemTotal:        4016004 kB
MemFree:          109552 kB
Active:           435184 kB
Mem:          3.8G       3.7G       106M       5.7M        30M       3.2G

MemTotal:        4016004 kB
MemFree:          124160 kB
Active:           434044 kB
Mem:          3.8G       3.7G       120M       5.7M        30M       3.2G

MemTotal:        4016004 kB
MemFree:          137844 kB
Active:           432252 kB
Mem:          3.8G       3.7G       134M       5.7M        30M       3.2G

MemTotal:        4016004 kB
MemFree:          128204 kB
Active:           431100 kB
Mem:          3.8G       3.7G       124M       5.7M        30M       3.2G

MemTotal:        4016004 kB
MemFree:          136500 kB
Active:           427512 kB
Mem:          3.8G       3.7G       132M       5.7M        30M       3.2G

MemTotal:        4016004 kB
MemFree:          126532 kB
Active:           426364 kB
Mem:          3.8G       3.7G       123M       5.7M        30M       3.2G

MemTotal:        4016004 kB
MemFree:          116872 kB
Active:           425220 kB
Mem:          3.8G       3.7G       113M       5.7M        30M       3.2G

MemTotal:        4016004 kB
MemFree:          106096 kB
Active:           424068 kB
Mem:          3.8G       3.7G       103M       5.7M        30M       3.2G

MemTotal:        4016004 kB
MemFree:          114804 kB
Active:           422408 kB
Mem:          3.8G       3.7G       111M       5.7M        30M       3.2G

MemTotal:        4016004 kB
MemFree:          124616 kB
Active:           421268 kB
Mem:          3.8G       3.7G       120M       5.7M        30M       3.2G

MemTotal:        4016004 kB
MemFree:          114244 kB
Active:           420120 kB
Mem:          3.8G       3.7G       110M       5.7M        30M       3.2G

MemTotal:        4016004 kB
MemFree:          128500 kB
Active:           418336 kB
Mem:          3.8G       3.7G       124M       5.7M        30M       3.2G

MemTotal:        4016004 kB
MemFree:          105424 kB
Active:           418336 kB
Mem:          3.8G       3.7G       102M       5.7M        30M       3.2G

MemTotal:        4016004 kB
MemFree:          135532 kB
Active:           414156 kB
Mem:          3.8G       3.7G       132M       5.7M        30M       3.2G

MemTotal:        4016004 kB
MemFree:          127084 kB
Active:           412876 kB
Mem:          3.8G       3.7G       123M       5.7M        30M       3.2G

MemTotal:        4016004 kB
MemFree:          127288 kB
Active:           410960 kB
Mem:          3.8G       3.7G       123M       5.7M        30M       3.2G

MemTotal:        4016004 kB
MemFree:          112148 kB
Active:           409940 kB
Mem:          3.8G       3.7G       109M       5.7M        30M       3.2G

MemTotal:        4016004 kB
MemFree:          125816 kB
Active:           408152 kB
Mem:          3.8G       3.7G       122M       5.7M        30M       3.2G

MemTotal:        4016004 kB
MemFree:          126800 kB
Active:           406360 kB
Mem:          3.8G       3.7G       123M       5.7M        30M       3.2G

MemTotal:        4016004 kB
MemFree:          122896 kB
Active:           404564 kB
Mem:          3.8G       3.7G       119M       5.7M        30M       3.2G

MemTotal:        4016004 kB
MemFree:          106588 kB
Active:           403552 kB
Mem:          3.8G       3.7G       103M       5.7M        30M       3.2G

MemTotal:        4016004 kB
MemFree:          131976 kB
Active:           402784 kB
Mem:          3.8G       3.7G       128M       5.7M        30M       3.2G

MemTotal:        4016004 kB
MemFree:          127336 kB
Active:           402800 kB
Mem:          3.8G       3.7G       123M       5.7M        30M       3.2G

MemTotal:        4016004 kB
MemFree:          135148 kB
Active:           402800 kB
Mem:          3.8G       3.7G       131M       5.7M        30M       3.2G

MemTotal:        4016004 kB
MemFree:          128160 kB
Active:           402800 kB
Mem:          3.8G       3.7G       125M       5.7M        30M       3.2G

MemTotal:        4016004 kB
MemFree:          128008 kB
Active:           402828 kB
Mem:          3.8G       3.7G       124M       5.7M        30M       3.2G

MemTotal:        4016004 kB
MemFree:          128200 kB
Active:           402804 kB
Mem:          3.8G       3.7G       124M       5.7M        30M       3.2G

MemTotal:        4016004 kB
MemFree:          133080 kB
Active:           402848 kB
Mem:          3.8G       3.7G       129M       5.7M        30M       3.2G

MemTotal:        4016004 kB
MemFree:          123840 kB
Active:           402848 kB
Mem:          3.8G       3.7G       120M       5.7M        30M       3.2G

MemTotal:        4016004 kB
MemFree:          107284 kB
Active:           402840 kB
Mem:          3.8G       3.7G       104M       5.7M        30M       3.2G

MemTotal:        4016004 kB
MemFree:          133352 kB
Active:           402848 kB
Mem:          3.8G       3.7G       129M       5.7M        30M       3.2G

MemTotal:        4016004 kB
MemFree:          128340 kB
Active:           402848 kB
Mem:          3.8G       3.7G       124M       5.7M        30M       3.2G

MemTotal:        4016004 kB
MemFree:          123844 kB
Active:           402848 kB
Mem:          3.8G       3.7G       120M       5.7M        30M       3.2G

MemTotal:        4016004 kB
MemFree:          126336 kB
Active:           402848 kB
Mem:          3.8G       3.7G       122M       5.7M        30M       3.2G

MemTotal:        4016004 kB
MemFree:          125144 kB
Active:           404900 kB
Mem:          3.8G       3.7G       121M       5.7M        30M       3.2G

MemTotal:        4016004 kB
MemFree:          128832 kB
Active:           404000 kB
Mem:          3.8G       3.7G       125M       5.7M        30M       3.2G

MemTotal:        4016004 kB
MemFree:          131092 kB
Active:           403876 kB
Mem:          3.8G       3.7G       127M       5.7M        30M       3.2G

MemTotal:        4016004 kB
MemFree:          135632 kB
Active:           403876 kB
Mem:          3.8G       3.7G       132M       5.7M        30M       3.2G

MemTotal:        4016004 kB
MemFree:          132960 kB
Active:           403892 kB
Mem:          3.8G       3.7G       129M       5.7M        30M       3.2G

MemTotal:        4016004 kB
MemFree:          124916 kB
Active:           403904 kB
Mem:          3.8G       3.7G       121M       5.7M        30M       3.2G

MemTotal:        4016004 kB
MemFree:          125632 kB
Active:           403904 kB
Mem:          3.8G       3.7G       122M       5.7M        30M       3.2G

MemTotal:        4016004 kB
MemFree:          109840 kB
Active:           403912 kB
Mem:          3.8G       3.7G       106M       5.7M        30M       3.2G

MemTotal:        4016004 kB
MemFree:          134836 kB
Active:           403912 kB
Mem:          3.8G       3.7G       131M       5.7M        30M       3.2G

MemTotal:        4016004 kB
MemFree:          143872 kB
Active:           403884 kB
Mem:          3.8G       3.7G       140M       5.7M        30M       3.2G

MemTotal:        4016004 kB
MemFree:          133460 kB
Active:           406524 kB
Mem:          3.8G       3.7G       129M       5.7M        30M       3.2G

MemTotal:        4016004 kB
MemFree:          111788 kB
Active:           405828 kB
Mem:          3.8G       3.7G       108M       5.7M        30M       3.2G

MemTotal:        4016004 kB
MemFree:          125316 kB
Active:           404172 kB
Mem:          3.8G       3.7G       121M       5.7M        30M       3.2G

MemTotal:        4016004 kB
MemFree:          126036 kB
Active:           403660 kB
Mem:          3.8G       3.7G       122M       5.7M        30M       3.2G

MemTotal:        4016004 kB
MemFree:          122292 kB
Active:           403660 kB
Mem:          3.8G       3.7G       118M       5.7M        30M       3.2G

MemTotal:        4016004 kB
MemFree:          128480 kB
Active:           403664 kB
Mem:          3.8G       3.7G       125M       5.7M        30M       3.2G

MemTotal:        4016004 kB
MemFree:          123536 kB
Active:           403680 kB
Mem:          3.8G       3.7G       120M       5.7M        30M       3.2G

MemTotal:        4016004 kB
MemFree:          120904 kB
Active:           397300 kB
Mem:          3.8G       3.7G       117M       5.7M        30M       3.2G

MemTotal:        4016004 kB
MemFree:          111620 kB
Active:           397300 kB
Mem:          3.8G       3.7G       108M       5.7M        30M       3.2G

MemTotal:        4016004 kB
MemFree:          125868 kB
Active:           397304 kB
Mem:          3.8G       3.7G       121M       5.7M        30M       3.2G

MemTotal:        4016004 kB
MemFree:          120824 kB
Active:           399080 kB
Mem:          3.8G       3.7G       117M       5.7M        30M       3.2G

MemTotal:        4016004 kB
MemFree:          112032 kB
Active:           397832 kB
Mem:          3.8G       3.7G       108M       5.7M        30M       3.2G

MemTotal:        4016004 kB
MemFree:          131264 kB
Active:           397192 kB
Mem:          3.8G       3.7G       127M       5.7M        30M       3.2G

MemTotal:        4016004 kB
MemFree:          121268 kB
Active:           397192 kB
Mem:          3.8G       3.7G       118M       5.7M        30M       3.2G

MemTotal:        4016004 kB
MemFree:          112144 kB
Active:           396784 kB
Mem:          3.8G       3.7G       109M       5.7M        30M       3.2G

MemTotal:        4016004 kB
MemFree:          113956 kB
Active:           396688 kB
Mem:          3.8G       3.7G       111M       5.7M        30M       3.2G

MemTotal:        4016004 kB
MemFree:          125556 kB
Active:           396696 kB
Mem:          3.8G       3.7G       122M       5.7M        30M       3.2G

MemTotal:        4016004 kB
MemFree:          105016 kB
Active:           396708 kB
Mem:          3.8G       3.7G       102M       5.7M        30M       3.2G

MemTotal:        4016004 kB
MemFree:          107140 kB
Active:           396580 kB
Mem:          3.8G       3.7G       103M       5.7M        30M       3.2G

MemTotal:        4016004 kB
MemFree:          108816 kB
Active:           396580 kB
Mem:          3.8G       3.7G       105M       5.7M        30M       3.2G

MemTotal:        4016004 kB
MemFree:          115700 kB
Active:           396580 kB
Mem:          3.8G       3.7G       112M       5.7M        30M       3.2G

MemTotal:        4016004 kB
MemFree:          105436 kB
Active:           396588 kB
Mem:          3.8G       3.7G       102M       5.7M        30M       3.2G

MemTotal:        4016004 kB
MemFree:          131724 kB
Active:           396464 kB
Mem:          3.8G       3.7G       128M       5.7M        30M       3.2G

MemTotal:        4016004 kB
MemFree:          112084 kB
Active:           394908 kB
Mem:          3.8G       3.7G       108M       5.7M        30M       3.2G

MemTotal:        4016004 kB
MemFree:          125256 kB
Active:           394764 kB
Mem:          3.8G       3.7G       122M       5.7M        30M       3.2G

MemTotal:        4016004 kB
MemFree:          126276 kB
Active:           394764 kB
Mem:          3.8G       3.7G       122M       5.7M        30M       3.2G

MemTotal:        4016004 kB
MemFree:          127328 kB
Active:           394780 kB
Mem:          3.8G       3.7G       123M       5.7M        30M       3.2G

MemTotal:        4016004 kB
MemFree:          111936 kB
Active:           394784 kB
Mem:          3.8G       3.7G       108M       5.7M        30M       3.2G

MemTotal:        4016004 kB
MemFree:          107172 kB
Active:           394752 kB
Mem:          3.8G       3.7G       104M       5.7M        30M       3.2G

MemTotal:        4016004 kB
MemFree:          126560 kB
Active:           394800 kB
Mem:          3.8G       3.7G       122M       5.7M        30M       3.2G

MemTotal:        4016004 kB
MemFree:          110844 kB
Active:           394800 kB
Mem:          3.8G       3.7G       107M       5.7M        30M       3.2G

MemTotal:        4016004 kB
MemFree:          121544 kB
Active:           394808 kB
Mem:          3.8G       3.7G       118M       5.7M        30M       3.2G

MemTotal:        4016004 kB
MemFree:          112724 kB
Active:           393852 kB
Mem:          3.8G       3.7G       109M       5.7M        30M       3.2G

MemTotal:        4016004 kB
MemFree:          113108 kB
Active:           393748 kB
Mem:          3.8G       3.7G       110M       5.7M        30M       3.2G

MemTotal:        4016004 kB
MemFree:          121336 kB
Active:           393764 kB
Mem:          3.8G       3.7G       118M       5.7M        30M       3.2G

MemTotal:        4016004 kB
MemFree:          110932 kB
Active:           393772 kB
Mem:          3.8G       3.7G       108M       5.7M        30M       3.2G

MemTotal:        4016004 kB
MemFree:          125108 kB
Active:           393772 kB
Mem:          3.8G       3.7G       121M       5.7M        30M       3.2G

MemTotal:        4016004 kB
MemFree:          124376 kB
Active:           393800 kB
Mem:          3.8G       3.7G       121M       5.7M        30M       3.2G

MemTotal:        4016004 kB
MemFree:          115680 kB
Active:           393812 kB
Mem:          3.8G       3.7G       112M       5.7M        30M       3.2G

MemTotal:        4016004 kB
MemFree:          131868 kB
Active:           393812 kB
Mem:          3.8G       3.7G       128M       5.7M        30M       3.2G

MemTotal:        4016004 kB
MemFree:          133684 kB
Active:           393796 kB
Mem:          3.8G       3.7G       129M       5.7M        30M       3.2G

MemTotal:        4016004 kB
MemFree:          114504 kB
Active:           393824 kB
Mem:          3.8G       3.7G       122M       5.7M        30M       3.2G

MemTotal:        4016004 kB
MemFree:          109556 kB
Active:           379816 kB
Mem:          3.8G       3.7G       106M       5.7M        30M       3.2G

MemTotal:        4016004 kB
MemFree:          135056 kB
Active:           379816 kB
Mem:          3.8G       3.7G       131M       5.7M        30M       3.2G

MemTotal:        4016004 kB
MemFree:          126004 kB
Active:           379820 kB
Mem:          3.8G       3.7G       122M       5.7M        30M       3.2G

MemTotal:        4016004 kB
MemFree:          128124 kB
Active:           379820 kB
Mem:          3.8G       3.7G       124M       5.7M        30M       3.2G

MemTotal:        4016004 kB
MemFree:          128284 kB
Active:           379824 kB
Mem:          3.8G       3.7G       125M       5.7M        30M       3.2G

MemTotal:        4016004 kB
MemFree:          113152 kB
Active:           379836 kB
Mem:          3.8G       3.7G       110M       5.7M        30M       3.2G

MemTotal:        4016004 kB
MemFree:          127244 kB
Active:           379836 kB
Mem:          3.8G       3.7G       123M       5.7M        30M       3.2G

MemTotal:        4016004 kB
MemFree:          133784 kB
Active:           379844 kB
Mem:          3.8G       3.7G       131M       5.7M        30M       3.2G

MemTotal:        4016004 kB
MemFree:          116904 kB
Active:           379844 kB
Mem:          3.8G       3.7G       113M       5.7M        30M       3.2G

MemTotal:        4016004 kB
MemFree:          116316 kB
Active:           379816 kB
Mem:          3.8G       3.7G       113M       5.7M        30M       3.2G

MemTotal:        4016004 kB
MemFree:          116340 kB
Active:           379844 kB
Mem:          3.8G       3.7G       113M       5.7M        30M       3.2G

MemTotal:        4016004 kB
MemFree:          116500 kB
Active:           379860 kB
Mem:          3.8G       3.7G       113M       5.7M        30M       3.2G

MemTotal:        4016004 kB
MemFree:          141628 kB
Active:           379820 kB
Mem:          3.8G       3.7G       137M       5.7M        30M       3.2G

MemTotal:        4016004 kB
MemFree:          131880 kB
Active:           379876 kB
Mem:          3.8G       3.7G       128M       5.7M        30M       3.2G

MemTotal:        4016004 kB
MemFree:          136156 kB
Active:           377680 kB
Mem:          3.8G       3.7G       132M       5.7M        30M       3.2G

MemTotal:        4016004 kB
MemFree:          126300 kB
Active:           377588 kB
Mem:          3.8G       3.7G       122M       5.7M        30M       3.2G

MemTotal:        4016004 kB
MemFree:          133872 kB
Active:           377588 kB
Mem:          3.8G       3.7G       129M       5.7M        30M       3.2G

MemTotal:        4016004 kB
MemFree:          140952 kB
Active:           377592 kB
Mem:          3.8G       3.7G       137M       5.7M        30M       3.2G

MemTotal:        4016004 kB
MemFree:          131412 kB
Active:           378128 kB
Mem:          3.8G       3.7G       127M       5.7M        30M       3.2G

MemTotal:        4016004 kB
MemFree:          123628 kB
Active:           378008 kB
Mem:          3.8G       3.7G       119M       5.7M        30M       3.2G

MemTotal:        4016004 kB
MemFree:          124816 kB
Active:           378020 kB
Mem:          3.8G       3.7G       121M       5.7M        30M       3.2G

MemTotal:        4016004 kB
MemFree:          126940 kB
Active:           378024 kB
Mem:          3.8G       3.7G       123M       5.7M        30M       3.2G

MemTotal:        4016004 kB
MemFree:          110604 kB
Active:           375912 kB
Mem:          3.8G       3.7G       107M       5.7M        30M       3.2G

MemTotal:        4016004 kB
MemFree:          127024 kB
Active:           375892 kB
Mem:          3.8G       3.7G       122M       5.7M        30M       3.2G

MemTotal:        4016004 kB
MemFree:          128232 kB
Active:           375924 kB
Mem:          3.8G       3.7G       124M       5.7M        30M       3.2G

MemTotal:        4016004 kB
MemFree:          106480 kB
Active:           375928 kB
Mem:          3.8G       3.7G       103M       5.7M        30M       3.2G

MemTotal:        4016004 kB
MemFree:          135672 kB
Active:           373336 kB
Mem:          3.8G       3.7G       132M       5.7M        30M       3.2G

MemTotal:        4016004 kB
MemFree:          114780 kB
Active:           373172 kB
Mem:          3.8G       3.7G       111M       5.7M        30M       3.2G

MemTotal:        4016004 kB
MemFree:          104996 kB
Active:           373172 kB
Mem:          3.8G       3.7G       102M       5.7M        30M       3.2G

MemTotal:        4016004 kB
MemFree:          132164 kB
Active:           373172 kB
Mem:          3.8G       3.7G       128M       5.7M        30M       3.2G

MemTotal:        4016004 kB
MemFree:          127372 kB
Active:           373180 kB
Mem:          3.8G       3.7G       123M       5.7M        30M       3.2G

MemTotal:        4016004 kB
MemFree:          127664 kB
Active:           373180 kB
Mem:          3.8G       3.7G       124M       5.7M        30M       3.2G

MemTotal:        4016004 kB
MemFree:          135124 kB
Active:           373192 kB
Mem:          3.8G       3.7G       131M       5.7M        30M       3.2G

MemTotal:        4016004 kB
MemFree:          136752 kB
Active:           373192 kB
Mem:          3.8G       3.7G       133M       5.7M        30M       3.2G

MemTotal:        4016004 kB
MemFree:          125996 kB
Active:           373192 kB
Mem:          3.8G       3.7G       123M       5.7M        30M       3.2G

MemTotal:        4016004 kB
MemFree:          124316 kB
Active:           373320 kB
Mem:          3.8G       3.7G       121M       5.7M        30M       3.2G

MemTotal:        4016004 kB
MemFree:          125860 kB
Active:           373228 kB
Mem:          3.8G       3.7G       122M       5.7M        30M       3.2G

MemTotal:        4016004 kB
MemFree:          127316 kB
Active:           373228 kB
Mem:          3.8G       3.7G       123M       5.7M        30M       3.2G

MemTotal:        4016004 kB
MemFree:          106684 kB
Active:           373232 kB
Mem:          3.8G       3.7G       103M       5.7M        30M       3.2G

MemTotal:        4016004 kB
MemFree:          107864 kB
Active:           373232 kB
Mem:          3.8G       3.7G       105M       5.7M        30M       3.2G

MemTotal:        4016004 kB
MemFree:          132116 kB
Active:           370404 kB
Mem:          3.8G       3.7G       128M       5.7M        30M       3.2G

MemTotal:        4016004 kB
MemFree:          122440 kB
Active:           370404 kB
Mem:          3.8G       3.7G       118M       5.7M        30M       3.2G

MemTotal:        4016004 kB
MemFree:          112300 kB
Active:           370404 kB
Mem:          3.8G       3.7G       109M       5.7M        30M       3.2G

MemTotal:        4016004 kB
MemFree:          127424 kB
Active:           370404 kB
Mem:          3.8G       3.7G       123M       5.7M        30M       3.2G

MemTotal:        4016004 kB
MemFree:          137712 kB
Active:           370416 kB
Mem:          3.8G       3.7G       133M       5.7M        30M       3.2G

MemTotal:        4016004 kB
MemFree:          113920 kB
Active:           370380 kB
Mem:          3.8G       3.7G       110M       5.7M        30M       3.2G

MemTotal:        4016004 kB
MemFree:          132964 kB
Active:           370428 kB
Mem:          3.8G       3.7G       129M       5.7M        30M       3.2G

MemTotal:        4016004 kB
MemFree:          123488 kB
Active:           372480 kB
Mem:          3.8G       3.7G       119M       5.7M        30M       3.2G

MemTotal:        4016004 kB
MemFree:          113660 kB
Active:           372464 kB
Mem:          3.8G       3.7G       110M       5.7M        30M       3.2G

MemTotal:        4016004 kB
MemFree:          111504 kB
Active:           372468 kB
Mem:          3.8G       3.7G       108M       5.7M        30M       3.2G

MemTotal:        4016004 kB
MemFree:          125980 kB
Active:           372468 kB
Mem:          3.8G       3.7G       122M       5.7M        30M       3.2G

MemTotal:        4016004 kB
MemFree:          117396 kB
Active:           372476 kB
Mem:          3.8G       3.7G       113M       5.7M        30M       3.2G

MemTotal:        4016004 kB
MemFree:          107380 kB
Active:           372476 kB
Mem:          3.8G       3.7G       104M       5.7M        30M       3.2G

MemTotal:        4016004 kB
MemFree:          109500 kB
Active:           372476 kB
Mem:          3.8G       3.7G       106M       5.7M        30M       3.2G

MemTotal:        4016004 kB
MemFree:          122796 kB
Active:           372476 kB
Mem:          3.8G       3.7G       119M       5.7M        30M       3.2G

MemTotal:        4016004 kB
MemFree:          112764 kB
Active:           372484 kB
Mem:          3.8G       3.7G       109M       5.7M        30M       3.2G

MemTotal:        4016004 kB
MemFree:          130180 kB
Active:           370036 kB
Mem:          3.8G       3.7G       126M       5.7M        30M       3.2G

MemTotal:        4016004 kB
MemFree:          127640 kB
Active:           369884 kB
Mem:          3.8G       3.7G       124M       5.7M        30M       3.2G

MemTotal:        4016004 kB
MemFree:          118292 kB
Active:           369896 kB
Mem:          3.8G       3.7G       115M       5.7M        30M       3.2G

MemTotal:        4016004 kB
MemFree:          127392 kB
Active:           369896 kB
Mem:          3.8G       3.7G       123M       5.7M        30M       3.2G

MemTotal:        4016004 kB
MemFree:          126712 kB
Active:           369856 kB
Mem:          3.8G       3.7G       123M       5.7M        30M       3.2G

MemTotal:        4016004 kB
MemFree:          127000 kB
Active:           369856 kB
Mem:          3.8G       3.7G       123M       5.7M        30M       3.2G

MemTotal:        4016004 kB
MemFree:          106484 kB
Active:           369856 kB
Mem:          3.8G       3.7G       103M       5.7M        30M       3.2G

MemTotal:        4016004 kB
MemFree:          132784 kB
Active:           369916 kB
Mem:          3.8G       3.7G       129M       5.7M        30M       3.2G

MemTotal:        4016004 kB
MemFree:          141680 kB
Active:           369920 kB
Mem:          3.8G       3.7G       137M       5.7M        30M       3.2G

MemTotal:        4016004 kB
MemFree:          131664 kB
Active:           369920 kB
Mem:          3.8G       3.7G       128M       5.7M        30M       3.2G

MemTotal:        4016004 kB
MemFree:          122252 kB
Active:           369928 kB
Mem:          3.8G       3.7G       118M       5.7M        30M       3.2G

MemTotal:        4016004 kB
MemFree:          124016 kB
Active:           369928 kB
Mem:          3.8G       3.7G       120M       5.7M        30M       3.2G

MemTotal:        4016004 kB
MemFree:          137296 kB
Active:           369932 kB
Mem:          3.8G       3.7G       133M       5.7M        30M       3.2G

MemTotal:        4016004 kB
MemFree:          127916 kB
Active:           369936 kB
Mem:          3.8G       3.7G       124M       5.7M        30M       3.2G

MemTotal:        4016004 kB
MemFree:          111396 kB
Active:           369936 kB
Mem:          3.8G       3.7G       108M       5.7M        30M       3.2G

MemTotal:        4016004 kB
MemFree:          125608 kB
Active:           369944 kB
Mem:          3.8G       3.7G       121M       5.7M        30M       3.2G

MemTotal:        4016004 kB
MemFree:          118368 kB
Active:           369944 kB
Mem:          3.8G       3.7G       115M       5.7M        30M       3.2G

MemTotal:        4016004 kB
MemFree:          112740 kB
Active:           369948 kB
Mem:          3.8G       3.7G       109M       5.7M        30M       3.2G

MemTotal:        4016004 kB
MemFree:          141800 kB
Active:           369808 kB
Mem:          3.8G       3.7G       138M       5.7M        30M       3.2G

MemTotal:        4016004 kB
MemFree:          142144 kB
Active:           369748 kB
Mem:          3.8G       3.7G       138M       5.7M        30M       3.2G

MemTotal:        4016004 kB
MemFree:          142176 kB
Active:           369660 kB
Mem:          3.8G       3.7G       138M       5.7M        30M       3.2G

MemTotal:        4016004 kB
MemFree:          142428 kB
Active:           369620 kB
Mem:          3.8G       3.7G       138M       5.7M        30M       3.2G

MemTotal:        4016004 kB
MemFree:          142428 kB
Active:           369636 kB
Mem:          3.8G       3.7G       139M       5.7M        30M       3.2G

MemTotal:        4016004 kB
MemFree:          142428 kB
Active:           369664 kB
Mem:          3.8G       3.7G       138M       5.7M        30M       3.2G

MemTotal:        4016004 kB
MemFree:          142428 kB
Active:           369632 kB
Mem:          3.8G       3.7G       138M       5.7M        30M       3.2G

MemTotal:        4016004 kB
MemFree:          142552 kB
Active:           369648 kB
Mem:          3.8G       3.7G       139M       5.7M        30M       3.2G

MemTotal:        4016004 kB
MemFree:          142800 kB
Active:           369656 kB
Mem:          3.8G       3.7G       139M       5.7M        30M       3.2G

MemTotal:        4016004 kB
MemFree:          142924 kB
Active:           369676 kB
Mem:          3.8G       3.7G       139M       5.7M        30M       3.2G

MemTotal:        4016004 kB
MemFree:          142924 kB
Active:           369628 kB
Mem:          3.8G       3.7G       139M       5.7M        30M       3.2G

MemTotal:        4016004 kB
MemFree:          142800 kB
Active:           369652 kB
Mem:          3.8G       3.7G       139M       5.7M        30M       3.2G

MemTotal:        4016004 kB
MemFree:          142676 kB
Active:           369668 kB
Mem:          3.8G       3.7G       139M       5.7M        30M       3.2G

MemTotal:        4016004 kB
MemFree:          140752 kB
Active:           369684 kB
Mem:          3.8G       3.7G       137M       5.7M        30M       3.2G

MemTotal:        4016004 kB
MemFree:          140752 kB
Active:           371712 kB
Mem:          3.8G       3.7G       137M       5.7M        30M       3.2G

MemTotal:        4016004 kB
MemFree:          140752 kB
Active:           371672 kB
Mem:          3.8G       3.7G       137M       5.7M        30M       3.2G

MemTotal:        4016004 kB
MemFree:          140752 kB
Active:           371712 kB
Mem:          3.8G       3.7G       137M       5.7M        30M       3.2G

MemTotal:        4016004 kB
MemFree:          140752 kB
Active:           371680 kB
Mem:          3.8G       3.7G       137M       5.7M        30M       3.2G

MemTotal:        4016004 kB
MemFree:          140752 kB
Active:           371708 kB
Mem:          3.8G       3.7G       137M       5.7M        30M       3.2G

MemTotal:        4016004 kB
MemFree:          140628 kB
Active:           371680 kB
Mem:          3.8G       3.7G       137M       5.7M        30M       3.2G

MemTotal:        4016004 kB
MemFree:          140628 kB
Active:           371720 kB
Mem:          3.8G       3.7G       137M       5.7M        30M       3.2G

MemTotal:        4016004 kB
MemFree:          140628 kB
Active:           371720 kB
Mem:          3.8G       3.7G       137M       5.7M        30M       3.2G

MemTotal:        4016004 kB
MemFree:          140504 kB
Active:           371704 kB
Mem:          3.8G       3.7G       137M       5.7M        30M       3.2G

MemTotal:        4016004 kB
MemFree:          140628 kB
Active:           371680 kB
Mem:          3.8G       3.7G       137M       5.7M        30M       3.2G

MemTotal:        4016004 kB
MemFree:          140752 kB
Active:           371700 kB
Mem:          3.8G       3.7G       137M       5.7M        30M       3.2G

MemTotal:        4016004 kB
MemFree:          140628 kB
Active:           371684 kB
Mem:          3.8G       3.7G       137M       5.7M        30M       3.2G

MemTotal:        4016004 kB
MemFree:          140876 kB
Active:           371724 kB
Mem:          3.8G       3.7G       137M       5.7M        30M       3.2G

MemTotal:        4016004 kB
MemFree:          140876 kB
Active:           371680 kB
Mem:          3.8G       3.7G       137M       5.7M        30M       3.2G

MemTotal:        4016004 kB
MemFree:          140752 kB
Active:           371676 kB
Mem:          3.8G       3.7G       137M       5.7M        30M       3.2G

MemTotal:        4016004 kB
MemFree:          140752 kB
Active:           371728 kB
Mem:          3.8G       3.7G       137M       5.7M        30M       3.2G

MemTotal:        4016004 kB
MemFree:          140692 kB
Active:           371728 kB
Mem:          3.8G       3.7G       137M       5.7M        30M       3.2G

MemTotal:        4016004 kB
MemFree:          140724 kB
Active:           371692 kB
Mem:          3.8G       3.7G       137M       5.7M        30M       3.2G

MemTotal:        4016004 kB
MemFree:          140104 kB
Active:           371692 kB
Mem:          3.8G       3.7G       136M       5.7M        30M       3.2G

MemTotal:        4016004 kB
MemFree:          140352 kB
Active:           371720 kB
Mem:          3.8G       3.7G       136M       5.7M        30M       3.2G

MemTotal:        4016004 kB
MemFree:          140228 kB
Active:           371744 kB
Mem:          3.8G       3.7G       136M       5.7M        30M       3.2G

MemTotal:        4016004 kB
MemFree:          140476 kB
Active:           371744 kB
Mem:          3.8G       3.7G       137M       5.7M        30M       3.2G

MemTotal:        4016004 kB
MemFree:          140476 kB
Active:           371732 kB
Mem:          3.8G       3.7G       137M       5.7M        30M       3.2G

MemTotal:        4016004 kB
MemFree:          140476 kB
Active:           371708 kB
Mem:          3.8G       3.7G       137M       5.7M        30M       3.2G

MemTotal:        4016004 kB
MemFree:          140476 kB
Active:           371736 kB
Mem:          3.8G       3.7G       137M       5.7M        30M       3.2G

MemTotal:        4016004 kB
MemFree:          140352 kB
Active:           371704 kB
Mem:          3.8G       3.7G       137M       5.7M        30M       3.2G

MemTotal:        4016004 kB
MemFree:          140600 kB
Active:           371736 kB
Mem:          3.8G       3.7G       137M       5.7M        30M       3.2G

MemTotal:        4016004 kB
MemFree:          140724 kB
Active:           371708 kB
Mem:          3.8G       3.7G       137M       5.7M        30M       3.2G

MemTotal:        4016004 kB
MemFree:          140724 kB
Active:           371736 kB
Mem:          3.8G       3.7G       137M       5.7M        30M       3.2G

MemTotal:        4016004 kB
MemFree:          140228 kB
Active:           371716 kB
Mem:          3.8G       3.7G       137M       5.7M        30M       3.2G

MemTotal:        4016004 kB
MemFree:          140352 kB
Active:           371728 kB
Mem:          3.8G       3.7G       137M       5.7M        30M       3.2G

MemTotal:        4016004 kB
MemFree:          140212 kB
Active:           371760 kB
Mem:          3.8G       3.7G       136M       5.7M        30M       3.2G

MemTotal:        4016004 kB
MemFree:          140228 kB
Active:           371716 kB
Mem:          3.8G       3.7G       136M       5.7M        30M       3.2G

MemTotal:        4016004 kB
MemFree:          140228 kB
Active:           371760 kB
Mem:          3.8G       3.7G       136M       5.7M        30M       3.2G

MemTotal:        4016004 kB
MemFree:          140228 kB
Active:           371740 kB
Mem:          3.8G       3.7G       136M       5.7M        30M       3.2G

MemTotal:        4016004 kB
MemFree:          140848 kB
Active:           371768 kB
Mem:          3.8G       3.7G       137M       5.7M        30M       3.2G

MemTotal:        4016004 kB
MemFree:          140832 kB
Active:           371772 kB
Mem:          3.8G       3.7G       137M       5.7M        30M       3.2G

MemTotal:        4016004 kB
MemFree:          140708 kB
Active:           371760 kB
Mem:          3.8G       3.7G       137M       5.7M        30M       3.2G

MemTotal:        4016004 kB
MemFree:          140692 kB
Active:           371736 kB
Mem:          3.8G       3.7G       137M       5.7M        30M       3.2G

MemTotal:        4016004 kB
MemFree:          140676 kB
Active:           371764 kB
Mem:          3.8G       3.7G       137M       5.7M        30M       3.2G

MemTotal:        4016004 kB
MemFree:          140552 kB
Active:           371768 kB
Mem:          3.8G       3.7G       137M       5.7M        30M       3.2G

MemTotal:        4016004 kB
MemFree:          140552 kB
Active:           371736 kB
Mem:          3.8G       3.7G       136M       5.7M        30M       3.2G

MemTotal:        4016004 kB
MemFree:          140708 kB
Active:           371800 kB
Mem:          3.8G       3.7G       137M       5.7M        30M       3.2G

MemTotal:        4016004 kB
MemFree:          140428 kB
Active:           371764 kB
Mem:          3.8G       3.7G       137M       5.7M        30M       3.2G

MemTotal:        4016004 kB
MemFree:          140428 kB
Active:           371792 kB
Mem:          3.8G       3.7G       137M       5.7M        30M       3.2G

MemTotal:        4016004 kB
MemFree:          140428 kB
Active:           371768 kB
Mem:          3.8G       3.7G       137M       5.7M        30M       3.2G

MemTotal:        4016004 kB
MemFree:          140428 kB
Active:           371788 kB
Mem:          3.8G       3.7G       137M       5.7M        30M       3.2G

MemTotal:        4016004 kB
MemFree:          140428 kB
Active:           371808 kB
Mem:          3.8G       3.7G       137M       5.7M        30M       3.2G

MemTotal:        4016004 kB
MemFree:          140552 kB
Active:           371792 kB
Mem:          3.8G       3.7G       137M       5.7M        30M       3.2G

MemTotal:        4016004 kB
MemFree:          140568 kB
Active:           371912 kB
Mem:          3.8G       3.7G       137M       5.7M        30M       3.2G

MemTotal:        4016004 kB
MemFree:          140428 kB
Active:           371920 kB
Mem:          3.8G       3.7G       136M       5.7M        30M       3.2G

MemTotal:        4016004 kB
MemFree:          140552 kB
Active:           371772 kB
Mem:          3.8G       3.7G       137M       5.7M        30M       3.2G

MemTotal:        4016004 kB
MemFree:          140676 kB
Active:           371756 kB
Mem:          3.8G       3.7G       137M       5.7M        30M       3.2G

MemTotal:        4016004 kB
MemFree:          140676 kB
Active:           371788 kB
Mem:          3.8G       3.7G       137M       5.7M        30M       3.2G

MemTotal:        4016004 kB
MemFree:          140552 kB
Active:           371768 kB
Mem:          3.8G       3.7G       136M       5.7M        30M       3.2G

MemTotal:        4016004 kB
MemFree:          140080 kB
Active:           371880 kB
Mem:          3.8G       3.7G       136M       5.7M        30M       3.2G

MemTotal:        4016004 kB
MemFree:          140180 kB
Active:           371736 kB
Mem:          3.8G       3.7G       136M       5.7M        30M       3.2G

MemTotal:        4016004 kB
MemFree:          140128 kB
Active:           371812 kB
Mem:          3.8G       3.7G       137M       5.7M        30M       3.2G

MemTotal:        4016004 kB
MemFree:          140028 kB
Active:           371900 kB
Mem:          3.8G       3.7G       136M       5.7M        30M       3.2G

MemTotal:        4016004 kB
MemFree:          140180 kB
Active:           371784 kB
Mem:          3.8G       3.7G       136M       5.7M        30M       3.2G

MemTotal:        4016004 kB
MemFree:          140228 kB
Active:           371848 kB
Mem:          3.8G       3.7G       136M       5.7M        30M       3.2G

MemTotal:        4016004 kB
MemFree:          140600 kB
Active:           371884 kB
Mem:          3.8G       3.7G       136M       5.7M        30M       3.2G

MemTotal:        4016004 kB
MemFree:          140428 kB
Active:           371856 kB
Mem:          3.8G       3.7G       137M       5.7M        30M       3.2G

MemTotal:        4016004 kB
MemFree:          140676 kB
Active:           371708 kB
Mem:          3.8G       3.7G       137M       5.7M        30M       3.2G

MemTotal:        4016004 kB
MemFree:          140800 kB
Active:           371736 kB
Mem:          3.8G       3.7G       137M       5.7M        30M       3.2G

MemTotal:        4016004 kB
MemFree:          140400 kB
Active:           371944 kB
Mem:          3.8G       3.7G       137M       5.7M        30M       3.2G

MemTotal:        4016004 kB
MemFree:          140556 kB
Active:           371964 kB
Mem:          3.8G       3.7G       137M       5.7M        30M       3.2G

MemTotal:        4016004 kB
MemFree:          140704 kB
Active:           371992 kB
Mem:          3.8G       3.7G       137M       5.7M        30M       3.2G

MemTotal:        4016004 kB
MemFree:          140288 kB
Active:           371852 kB
Mem:          3.8G       3.7G       136M       5.7M        30M       3.2G

MemTotal:        4016004 kB
MemFree:          140288 kB
Active:           371808 kB
Mem:          3.8G       3.7G       136M       5.7M        30M       3.2G

MemTotal:        4016004 kB
MemFree:          140460 kB
Active:           371856 kB
Mem:          3.8G       3.7G       137M       5.7M        30M       3.2G

MemTotal:        4016004 kB
MemFree:          140584 kB
Active:           371892 kB
Mem:          3.8G       3.7G       137M       5.7M        30M       3.2G

MemTotal:        4016004 kB
MemFree:          140584 kB
Active:           371888 kB
Mem:          3.8G       3.7G       136M       5.7M        30M       3.2G

MemTotal:        4016004 kB
MemFree:          140460 kB
Active:           371868 kB
Mem:          3.8G       3.7G       137M       5.7M        30M       3.2G

MemTotal:        4016004 kB
MemFree:          140460 kB
Active:           371892 kB
Mem:          3.8G       3.7G       136M       5.7M        30M       3.2G

MemTotal:        4016004 kB
MemFree:          140460 kB
Active:           371908 kB
Mem:          3.8G       3.7G       137M       5.7M        30M       3.2G

MemTotal:        4016004 kB
MemFree:          140460 kB
Active:           371908 kB
Mem:          3.8G       3.7G       137M       5.7M        30M       3.2G

MemTotal:        4016004 kB
MemFree:          140460 kB
Active:           371880 kB
Mem:          3.8G       3.7G       136M       5.7M        30M       3.2G

MemTotal:        4016004 kB
MemFree:          140336 kB
Active:           371904 kB
Mem:          3.8G       3.7G       136M       5.7M        30M       3.2G

MemTotal:        4016004 kB
MemFree:          139840 kB
Active:           371860 kB
Mem:          3.8G       3.7G       136M       5.7M        30M       3.2G

MemTotal:        4016004 kB
MemFree:          139964 kB
Active:           371888 kB
Mem:          3.8G       3.7G       136M       5.7M        30M       3.2G

MemTotal:        4016004 kB
MemFree:          139980 kB
Active:           371904 kB
Mem:          3.8G       3.7G       136M       5.7M        30M       3.2G

MemTotal:        4016004 kB
MemFree:          139980 kB
Active:           371904 kB
Mem:          3.8G       3.7G       136M       5.7M        30M       3.2G

MemTotal:        4016004 kB
MemFree:          139856 kB
Active:           371876 kB
Mem:          3.8G       3.7G       136M       5.7M        30M       3.2G

MemTotal:        4016004 kB
MemFree:          139856 kB
Active:           371904 kB
Mem:          3.8G       3.7G       136M       5.7M        30M       3.2G

MemTotal:        4016004 kB
MemFree:          140600 kB
Active:           371920 kB
Mem:          3.8G       3.7G       136M       5.7M        30M       3.2G

MemTotal:        4016004 kB
MemFree:          140476 kB
Active:           371912 kB
Mem:          3.8G       3.7G       137M       5.7M        30M       3.2G

MemTotal:        4016004 kB
MemFree:          140352 kB
Active:           371896 kB
Mem:          3.8G       3.7G       137M       5.7M        30M       3.2G

MemTotal:        4016004 kB
MemFree:          140476 kB
Active:           371912 kB
Mem:          3.8G       3.7G       137M       5.7M        30M       3.2G

MemTotal:        4016004 kB
MemFree:          140352 kB
Active:           371892 kB
Mem:          3.8G       3.7G       136M       5.7M        30M       3.2G

MemTotal:        4016004 kB
MemFree:          140352 kB
Active:           371884 kB
Mem:          3.8G       3.7G       137M       5.7M        30M       3.2G

MemTotal:        4016004 kB
MemFree:          140352 kB
Active:           371896 kB
Mem:          3.8G       3.7G       137M       5.7M        30M       3.2G

MemTotal:        4016004 kB
MemFree:          140476 kB
Active:           371908 kB
Mem:          3.8G       3.7G       137M       5.7M        30M       3.2G

MemTotal:        4016004 kB
MemFree:          140476 kB
Active:           371932 kB
Mem:          3.8G       3.7G       137M       5.7M        30M       3.2G

MemTotal:        4016004 kB
MemFree:          140476 kB
Active:           371900 kB
Mem:          3.8G       3.7G       137M       5.7M        30M       3.2G

MemTotal:        4016004 kB
MemFree:          140476 kB
Active:           371924 kB
Mem:          3.8G       3.7G       137M       5.7M        30M       3.2G

MemTotal:        4016004 kB
MemFree:          140352 kB
Active:           371932 kB
Mem:          3.8G       3.7G       137M       5.7M        30M       3.2G

MemTotal:        4016004 kB
MemFree:          140352 kB
Active:           371940 kB
Mem:          3.8G       3.7G       137M       5.7M        30M       3.2G

MemTotal:        4016004 kB
MemFree:          140600 kB
Active:           371920 kB
Mem:          3.8G       3.7G       137M       5.7M        30M       3.2G

MemTotal:        4016004 kB
MemFree:          140476 kB
Active:           371896 kB
Mem:          3.8G       3.7G       137M       5.7M        30M       3.2G

MemTotal:        4016004 kB
MemFree:          140476 kB
Active:           371928 kB
Mem:          3.8G       3.7G       137M       5.7M        30M       3.2G

MemTotal:        4016004 kB
MemFree:          140352 kB
Active:           371892 kB
Mem:          3.8G       3.7G       137M       5.7M        30M       3.2G

MemTotal:        4016004 kB
MemFree:          140476 kB
Active:           371900 kB
Mem:          3.8G       3.7G       137M       5.7M        30M       3.2G

MemTotal:        4016004 kB
MemFree:          140476 kB
Active:           371916 kB
Mem:          3.8G       3.7G       137M       5.7M        30M       3.2G

MemTotal:        4016004 kB
MemFree:          140600 kB
Active:           371944 kB
Mem:          3.8G       3.7G       137M       5.7M        30M       3.2G

MemTotal:        4016004 kB
MemFree:          140476 kB
Active:           371960 kB
Mem:          3.8G       3.7G       137M       5.7M        30M       3.2G

MemTotal:        4016004 kB
MemFree:          140352 kB
Active:           371932 kB
Mem:          3.8G       3.7G       137M       5.7M        30M       3.2G

MemTotal:        4016004 kB
MemFree:          140352 kB
Active:           371956 kB
Mem:          3.8G       3.7G       136M       5.7M        30M       3.2G

MemTotal:        4016004 kB
MemFree:          140352 kB
Active:           371964 kB
Mem:          3.8G       3.7G       136M       5.7M        30M       3.2G

MemTotal:        4016004 kB
MemFree:          140368 kB
Active:           371936 kB
Mem:          3.8G       3.7G       136M       5.7M        30M       3.2G

MemTotal:        4016004 kB
MemFree:          140368 kB
Active:           371968 kB
Mem:          3.8G       3.7G       137M       5.7M        30M       3.2G

MemTotal:        4016004 kB
MemFree:          140244 kB
Active:           371952 kB
Mem:          3.8G       3.7G       137M       5.7M        30M       3.2G

MemTotal:        4016004 kB
MemFree:          140368 kB
Active:           371972 kB
Mem:          3.8G       3.7G       136M       5.7M        30M       3.2G

MemTotal:        4016004 kB
MemFree:          139748 kB
Active:           371920 kB
Mem:          3.8G       3.7G       136M       5.7M        30M       3.2G

MemTotal:        4016004 kB
MemFree:          139872 kB
Active:           371936 kB
Mem:          3.8G       3.7G       136M       5.7M        30M       3.2G

MemTotal:        4016004 kB
MemFree:          139748 kB
Active:           371944 kB
Mem:          3.8G       3.7G       136M       5.7M        30M       3.2G

MemTotal:        4016004 kB
MemFree:          139872 kB
Active:           371960 kB
Mem:          3.8G       3.7G       136M       5.7M        30M       3.2G

MemTotal:        4016004 kB
MemFree:          139748 kB
Active:           371920 kB
Mem:          3.8G       3.7G       136M       5.7M        30M       3.2G

MemTotal:        4016004 kB
MemFree:          139872 kB
Active:           371940 kB
Mem:          3.8G       3.7G       136M       5.7M        30M       3.2G

MemTotal:        4016004 kB
MemFree:          140244 kB
Active:           371932 kB
Mem:          3.8G       3.7G       136M       5.7M        30M       3.2G

MemTotal:        4016004 kB
MemFree:          140120 kB
Active:           371984 kB
Mem:          3.8G       3.7G       136M       5.7M        30M       3.2G

MemTotal:        4016004 kB
MemFree:          140368 kB
Active:           371960 kB
Mem:          3.8G       3.7G       137M       5.7M        30M       3.2G

MemTotal:        4016004 kB
MemFree:          140244 kB
Active:           371936 kB
Mem:          3.8G       3.7G       136M       5.7M        30M       3.2G

MemTotal:        4016004 kB
MemFree:          140244 kB
Active:           371936 kB
Mem:          3.8G       3.7G       136M       5.7M        30M       3.2G

MemTotal:        4016004 kB
MemFree:          140244 kB
Active:           371936 kB
Mem:          3.8G       3.7G       136M       5.7M        30M       3.2G

MemTotal:        4016004 kB
MemFree:          140244 kB
Active:           371972 kB
Mem:          3.8G       3.7G       136M       5.7M        30M       3.2G

MemTotal:        4016004 kB
MemFree:          140368 kB
Active:           371944 kB
Mem:          3.8G       3.7G       137M       5.7M        30M       3.2G

MemTotal:        4016004 kB
MemFree:          140368 kB
Active:           372000 kB
Mem:          3.8G       3.7G       136M       5.7M        30M       3.2G

MemTotal:        4016004 kB
MemFree:          140244 kB
Active:           371988 kB
Mem:          3.8G       3.7G       136M       5.7M        30M       3.2G

MemTotal:        4016004 kB
MemFree:          140368 kB
Active:           371968 kB
Mem:          3.8G       3.7G       137M       5.7M        30M       3.2G

MemTotal:        4016004 kB
MemFree:          140244 kB
Active:           371996 kB
Mem:          3.8G       3.7G       136M       5.7M        30M       3.2G

MemTotal:        4016004 kB
MemFree:          140368 kB
Active:           371956 kB
Mem:          3.8G       3.7G       136M       5.7M        30M       3.2G

MemTotal:        4016004 kB
MemFree:          140368 kB
Active:           371988 kB
Mem:          3.8G       3.7G       136M       5.7M        30M       3.2G

MemTotal:        4016004 kB
MemFree:          140244 kB
Active:           371964 kB
Mem:          3.8G       3.7G       136M       5.7M        30M       3.2G

MemTotal:        4016004 kB
MemFree:          139872 kB
Active:           372016 kB
Mem:          3.8G       3.7G       136M       5.7M        30M       3.2G

MemTotal:        4016004 kB
MemFree:          140368 kB
Active:           371968 kB
Mem:          3.8G       3.7G       136M       5.7M        30M       3.2G

MemTotal:        4016004 kB
MemFree:          140368 kB
Active:           372016 kB
Mem:          3.8G       3.7G       136M       5.7M        30M       3.2G

MemTotal:        4016004 kB
MemFree:          140368 kB
Active:           371976 kB
Mem:          3.8G       3.7G       136M       5.7M        30M       3.2G

MemTotal:        4016004 kB
MemFree:          140244 kB
Active:           372000 kB
Mem:          3.8G       3.7G       136M       5.7M        30M       3.2G

MemTotal:        4016004 kB
MemFree:          140368 kB
Active:           372016 kB
Mem:          3.8G       3.7G       136M       5.7M        30M       3.2G

MemTotal:        4016004 kB
MemFree:          140368 kB
Active:           372004 kB
Mem:          3.8G       3.7G       136M       5.7M        30M       3.2G

MemTotal:        4016004 kB
MemFree:          140368 kB
Active:           372024 kB
Mem:          3.8G       3.7G       136M       5.7M        30M       3.2G

MemTotal:        4016004 kB
MemFree:          140368 kB
Active:           372028 kB
Mem:          3.8G       3.7G       136M       5.7M        30M       3.2G

MemTotal:        4016004 kB
MemFree:          140244 kB
Active:           372000 kB
Mem:          3.8G       3.7G       136M       5.7M        30M       3.2G

MemTotal:        4016004 kB
MemFree:          140120 kB
Active:           371980 kB
Mem:          3.8G       3.7G       136M       5.7M        30M       3.2G

MemTotal:        4016004 kB
MemFree:          140120 kB
Active:           372000 kB
Mem:          3.8G       3.7G       136M       5.7M        30M       3.2G

MemTotal:        4016004 kB
MemFree:          140120 kB
Active:           372000 kB
Mem:          3.8G       3.7G       136M       5.7M        30M       3.2G

MemTotal:        4016004 kB
MemFree:          140368 kB
Active:           372032 kB
Mem:          3.8G       3.7G       136M       5.7M        30M       3.2G

MemTotal:        4016004 kB
MemFree:          140368 kB
Active:           371996 kB
Mem:          3.8G       3.7G       136M       5.7M        30M       3.2G

MemTotal:        4016004 kB
MemFree:          140368 kB
Active:           372012 kB
Mem:          3.8G       3.7G       137M       5.7M        30M       3.2G

MemTotal:        4016004 kB
MemFree:          140368 kB
Active:           372028 kB
Mem:          3.8G       3.7G       137M       5.7M        30M       3.2G

MemTotal:        4016004 kB
MemFree:          140368 kB
Active:           371992 kB
Mem:          3.8G       3.7G       136M       5.7M        30M       3.2G

MemTotal:        4016004 kB
MemFree:          140244 kB
Active:           372000 kB
Mem:          3.8G       3.7G       136M       5.7M        30M       3.2G

MemTotal:        4016004 kB
MemFree:          140244 kB
Active:           372016 kB
Mem:          3.8G       3.7G       136M       5.7M        30M       3.2G

MemTotal:        4016004 kB
MemFree:          140120 kB
Active:           372040 kB
Mem:          3.8G       3.7G       136M       5.7M        30M       3.2G

MemTotal:        4016004 kB
MemFree:          140244 kB
Active:           372004 kB
Mem:          3.8G       3.7G       136M       5.7M        30M       3.2G

MemTotal:        4016004 kB
MemFree:          140244 kB
Active:           372016 kB
Mem:          3.8G       3.7G       136M       5.7M        30M       3.2G

MemTotal:        4016004 kB
MemFree:          140244 kB
Active:           372032 kB
Mem:          3.8G       3.7G       136M       5.7M        30M       3.2G

MemTotal:        4016004 kB
MemFree:          140244 kB
Active:           372044 kB
Mem:          3.8G       3.7G       136M       5.7M        30M       3.2G

MemTotal:        4016004 kB
MemFree:          140120 kB
Active:           372000 kB
Mem:          3.8G       3.7G       136M       5.7M        30M       3.2G

MemTotal:        4016004 kB
MemFree:          140120 kB
Active:           372012 kB
Mem:          3.8G       3.7G       136M       5.7M        30M       3.2G

MemTotal:        4016004 kB
MemFree:          139624 kB
Active:           372008 kB
Mem:          3.8G       3.7G       136M       5.7M        30M       3.2G

MemTotal:        4016004 kB
MemFree:          139624 kB
Active:           372064 kB
Mem:          3.8G       3.7G       136M       5.7M        30M       3.2G

MemTotal:        4016004 kB
MemFree:          139748 kB
Active:           372040 kB
Mem:          3.8G       3.7G       136M       5.7M        30M       3.2G

MemTotal:        4016004 kB
MemFree:          139996 kB
Active:           372012 kB
Mem:          3.8G       3.7G       136M       5.7M        30M       3.2G

MemTotal:        4016004 kB
MemFree:          139996 kB
Active:           372036 kB
Mem:          3.8G       3.7G       136M       5.7M        30M       3.2G

MemTotal:        4016004 kB
MemFree:          139996 kB
Active:           372028 kB
Mem:          3.8G       3.7G       136M       5.7M        30M       3.2G

MemTotal:        4016004 kB
MemFree:          139872 kB
Active:           372052 kB
Mem:          3.8G       3.7G       136M       5.7M        30M       3.2G

MemTotal:        4016004 kB
MemFree:          139996 kB
Active:           372072 kB
Mem:          3.8G       3.7G       136M       5.7M        30M       3.2G

MemTotal:        4016004 kB
MemFree:          139872 kB
Active:           372056 kB
Mem:          3.8G       3.7G       136M       5.7M        30M       3.2G

MemTotal:        4016004 kB
MemFree:          139748 kB
Active:           372028 kB
Mem:          3.8G       3.7G       136M       5.7M        30M       3.2G

MemTotal:        4016004 kB
MemFree:          139748 kB
Active:           372072 kB
Mem:          3.8G       3.7G       136M       5.7M        30M       3.2G

MemTotal:        4016004 kB
MemFree:          139872 kB
Active:           372036 kB
Mem:          3.8G       3.7G       136M       5.7M        30M       3.2G

MemTotal:        4016004 kB
MemFree:          140120 kB
Active:           372064 kB
Mem:          3.8G       3.7G       136M       5.7M        30M       3.2G

MemTotal:        4016004 kB
MemFree:          139996 kB
Active:           372040 kB
Mem:          3.8G       3.7G       136M       5.7M        30M       3.2G

MemTotal:        4016004 kB
MemFree:          139996 kB
Active:           372032 kB
Mem:          3.8G       3.7G       136M       5.7M        30M       3.2G

MemTotal:        4016004 kB
MemFree:          139996 kB
Active:           372084 kB
Mem:          3.8G       3.7G       136M       5.7M        30M       3.2G

MemTotal:        4016004 kB
MemFree:          139996 kB
Active:           372060 kB
Mem:          3.8G       3.7G       136M       5.7M        30M       3.2G

MemTotal:        4016004 kB
MemFree:          139872 kB
Active:           372084 kB
Mem:          3.8G       3.7G       136M       5.7M        30M       3.2G

MemTotal:        4016004 kB
MemFree:          139872 kB
Active:           372060 kB
Mem:          3.8G       3.7G       136M       5.7M        30M       3.2G

MemTotal:        4016004 kB
MemFree:          139872 kB
Active:           372048 kB
Mem:          3.8G       3.7G       136M       5.7M        30M       3.2G

MemTotal:        4016004 kB
MemFree:          139872 kB
Active:           372084 kB
Mem:          3.8G       3.7G       136M       5.7M        30M       3.2G

MemTotal:        4016004 kB
MemFree:          139748 kB
Active:           372048 kB
Mem:          3.8G       3.7G       136M       5.7M        30M       3.2G

MemTotal:        4016004 kB
MemFree:          139748 kB
Active:           372040 kB
Mem:          3.8G       3.7G       136M       5.7M        30M       3.2G

MemTotal:        4016004 kB
MemFree:          139748 kB
Active:           372084 kB
Mem:          3.8G       3.7G       136M       5.7M        30M       3.2G

MemTotal:        4016004 kB
MemFree:          140044 kB
Active:           371852 kB
Mem:          3.8G       3.7G       136M       5.7M        30M       3.2G

MemTotal:        4016004 kB
MemFree:          139920 kB
Active:           371864 kB
Mem:          3.8G       3.7G       136M       5.7M        30M       3.2G

MemTotal:        4016004 kB
MemFree:          140416 kB
Active:           371880 kB
Mem:          3.8G       3.7G       136M       5.7M        31M       3.2G

MemTotal:        4016004 kB
MemFree:          140044 kB
Active:           371892 kB
Mem:          3.8G       3.7G       136M       5.7M        31M       3.2G

MemTotal:        4016004 kB
MemFree:          139548 kB
Active:           371896 kB
Mem:          3.8G       3.7G       136M       5.7M        31M       3.2G

MemTotal:        4016004 kB
MemFree:          139424 kB
Active:           371856 kB
Mem:          3.8G       3.7G       136M       5.7M        31M       3.2G

MemTotal:        4016004 kB
MemFree:          139424 kB
Active:           371848 kB
Mem:          3.8G       3.7G       136M       5.7M        31M       3.2G

MemTotal:        4016004 kB
MemFree:          139424 kB
Active:           371888 kB
Mem:          3.8G       3.7G       136M       5.7M        31M       3.2G

MemTotal:        4016004 kB
MemFree:          139052 kB
Active:           371896 kB
Mem:          3.8G       3.7G       135M       5.7M        31M       3.2G

MemTotal:        4016004 kB
MemFree:          139052 kB
Active:           371852 kB
Mem:          3.8G       3.7G       135M       5.7M        31M       3.2G

MemTotal:        4016004 kB
MemFree:          139300 kB
Active:           371912 kB
Mem:          3.8G       3.7G       136M       5.7M        31M       3.2G

MemTotal:        4016004 kB
MemFree:          139548 kB
Active:           371900 kB
Mem:          3.8G       3.7G       136M       5.7M        31M       3.2G

MemTotal:        4016004 kB
MemFree:          139672 kB
Active:           371888 kB
Mem:          3.8G       3.7G       136M       5.7M        31M       3.2G

MemTotal:        4016004 kB
MemFree:          140044 kB
Active:           371860 kB
Mem:          3.8G       3.7G       136M       5.7M        31M       3.2G

MemTotal:        4016004 kB
MemFree:          140044 kB
Active:           371900 kB
Mem:          3.8G       3.7G       136M       5.7M        31M       3.2G

MemTotal:        4016004 kB
MemFree:          140044 kB
Active:           371912 kB
Mem:          3.8G       3.7G       136M       5.7M        31M       3.2G

MemTotal:        4016004 kB
MemFree:          139920 kB
Active:           371900 kB
Mem:          3.8G       3.7G       136M       5.7M        31M       3.2G

MemTotal:        4016004 kB
MemFree:          140044 kB
Active:           371896 kB
Mem:          3.8G       3.7G       136M       5.7M        31M       3.2G

MemTotal:        4016004 kB
MemFree:          140168 kB
Active:           371868 kB
Mem:          3.8G       3.7G       137M       5.7M        31M       3.2G

MemTotal:        4016004 kB
MemFree:          140416 kB
Active:           371900 kB
Mem:          3.8G       3.7G       137M       5.7M        31M       3.2G

MemTotal:        4016004 kB
MemFree:          140540 kB
Active:           371884 kB
Mem:          3.8G       3.7G       137M       5.7M        31M       3.2G

MemTotal:        4016004 kB
MemFree:          140168 kB
Active:           371884 kB
Mem:          3.8G       3.7G       136M       5.7M        31M       3.2G

MemTotal:        4016004 kB
MemFree:          139672 kB
Active:           371892 kB
Mem:          3.8G       3.7G       136M       5.7M        31M       3.2G

MemTotal:        4016004 kB
MemFree:          139644 kB
Active:           371888 kB
Mem:          3.8G       3.7G       136M       5.7M        31M       3.2G

MemTotal:        4016004 kB
MemFree:          139892 kB
Active:           371920 kB
Mem:          3.8G       3.7G       136M       5.7M        31M       3.2G

MemTotal:        4016004 kB
MemFree:          139892 kB
Active:           371928 kB
Mem:          3.8G       3.7G       136M       5.7M        31M       3.2G

MemTotal:        4016004 kB
MemFree:          140016 kB
Active:           371896 kB
Mem:          3.8G       3.7G       136M       5.7M        31M       3.2G

MemTotal:        4016004 kB
MemFree:          140140 kB
Active:           371936 kB
Mem:          3.8G       3.7G       136M       5.7M        31M       3.2G

MemTotal:        4016004 kB
MemFree:          140140 kB
Active:           371892 kB
Mem:          3.8G       3.7G       136M       5.7M        31M       3.2G

MemTotal:        4016004 kB
MemFree:          140140 kB
Active:           371908 kB
Mem:          3.8G       3.7G       136M       5.7M        31M       3.2G

MemTotal:        4016004 kB
MemFree:          140512 kB
Active:           371924 kB
