MemTotal:        4016004 kB
MemFree:         3239124 kB
Active:           421676 kB
Mem:          3.8G       758M       3.1G       5.7M        50M       320M

MemTotal:        4016004 kB
MemFree:         3239504 kB
Active:           421532 kB
Mem:          3.8G       758M       3.1G       5.7M        50M       320M

MemTotal:        4016004 kB
MemFree:         3239876 kB
Active:           421560 kB
Mem:          3.8G       757M       3.1G       5.7M        50M       320M

MemTotal:        4016004 kB
MemFree:         3240124 kB
Active:           421568 kB
Mem:          3.8G       757M       3.1G       5.7M        50M       320M

MemTotal:        4016004 kB
MemFree:         3239284 kB
Active:           419576 kB
Mem:          3.8G       758M       3.1G       5.7M        50M       320M

MemTotal:        4016004 kB
MemFree:         3240012 kB
Active:           421580 kB
Mem:          3.8G       757M       3.1G       5.7M        50M       320M

MemTotal:        4016004 kB
MemFree:         3239872 kB
Active:           421624 kB
Mem:          3.8G       757M       3.1G       5.7M        50M       320M

MemTotal:        4016004 kB
MemFree:         3240368 kB
Active:           421588 kB
Mem:          3.8G       757M       3.1G       5.7M        50M       320M

MemTotal:        4016004 kB
MemFree:         3240616 kB
Active:           421612 kB
Mem:          3.8G       757M       3.1G       5.7M        50M       320M

MemTotal:        4016004 kB
MemFree:         3240724 kB
Active:           421604 kB
Mem:          3.8G       757M       3.1G       5.7M        50M       320M

MemTotal:        4016004 kB
MemFree:         3240724 kB
Active:           421620 kB
Mem:          3.8G       757M       3.1G       5.7M        50M       320M

MemTotal:        4016004 kB
MemFree:         3240460 kB
Active:           421572 kB
Mem:          3.8G       757M       3.1G       5.7M        50M       320M

MemTotal:        4016004 kB
MemFree:         3240196 kB
Active:           421588 kB
Mem:          3.8G       757M       3.1G       5.7M        50M       320M

MemTotal:        4016004 kB
MemFree:         3240320 kB
Active:           421572 kB
Mem:          3.8G       757M       3.1G       5.7M        50M       320M

MemTotal:        4016004 kB
MemFree:         3240104 kB
Active:           421628 kB
Mem:          3.8G       757M       3.1G       5.7M        50M       320M

MemTotal:        4016004 kB
MemFree:         3240212 kB
Active:           421596 kB
Mem:          3.8G       757M       3.1G       5.7M        50M       320M

MemTotal:        4016004 kB
MemFree:         3240088 kB
Active:           421592 kB
Mem:          3.8G       757M       3.1G       5.7M        50M       320M

MemTotal:        4016004 kB
MemFree:         3240452 kB
Active:           421604 kB
Mem:          3.8G       757M       3.1G       5.7M        50M       320M

MemTotal:        4016004 kB
MemFree:         3240064 kB
Active:           421584 kB
Mem:          3.8G       757M       3.1G       5.7M        50M       320M

MemTotal:        4016004 kB
MemFree:         3239816 kB
Active:           421632 kB
Mem:          3.8G       757M       3.1G       5.7M        50M       320M

MemTotal:        4016004 kB
MemFree:         3240296 kB
Active:           421624 kB
Mem:          3.8G       757M       3.1G       5.7M        50M       320M

MemTotal:        4016004 kB
MemFree:         3239908 kB
Active:           421592 kB
Mem:          3.8G       757M       3.1G       5.7M        50M       320M

MemTotal:        4016004 kB
MemFree:         3240156 kB
Active:           421632 kB
Mem:          3.8G       757M       3.1G       5.7M        50M       320M

MemTotal:        4016004 kB
MemFree:         3240264 kB
Active:           421624 kB
Mem:          3.8G       757M       3.1G       5.7M        50M       320M

MemTotal:        4016004 kB
MemFree:         3238076 kB
Active:           421612 kB
Mem:          3.8G       759M       3.1G       5.7M        50M       320M

MemTotal:        4016004 kB
MemFree:         3238060 kB
Active:           421604 kB
Mem:          3.8G       759M       3.1G       5.7M        50M       320M

MemTotal:        4016004 kB
MemFree:         3238556 kB
Active:           423652 kB
Mem:          3.8G       759M       3.1G       5.7M        50M       320M

MemTotal:        4016004 kB
MemFree:         3238556 kB
Active:           423648 kB
Mem:          3.8G       759M       3.1G       5.7M        50M       320M

MemTotal:        4016004 kB
MemFree:         3238416 kB
Active:           423664 kB
Mem:          3.8G       759M       3.1G       5.7M        50M       320M

MemTotal:        4016004 kB
MemFree:         3237780 kB
Active:           423672 kB
Mem:          3.8G       759M       3.1G       5.7M        50M       320M

MemTotal:        4016004 kB
MemFree:         3238152 kB
Active:           423664 kB
Mem:          3.8G       759M       3.1G       5.7M        50M       320M

MemTotal:        4016004 kB
MemFree:         3238384 kB
Active:           423656 kB
Mem:          3.8G       759M       3.1G       5.7M        50M       320M

MemTotal:        4016004 kB
MemFree:         3238492 kB
Active:           423616 kB
Mem:          3.8G       759M       3.1G       5.7M        50M       320M

MemTotal:        4016004 kB
MemFree:         3235684 kB
Active:           423672 kB
Mem:          3.8G       761M       3.1G       5.7M        51M       320M

MemTotal:        4016004 kB
MemFree:         3235932 kB
Active:           425660 kB
Mem:          3.8G       761M       3.1G       5.7M        51M       320M

MemTotal:        4016004 kB
MemFree:         3236056 kB
Active:           425672 kB
Mem:          3.8G       761M       3.1G       5.7M        51M       320M

MemTotal:        4016004 kB
MemFree:         3235932 kB
Active:           425668 kB
Mem:          3.8G       761M       3.1G       5.7M        51M       320M

MemTotal:        4016004 kB
MemFree:         3235884 kB
Active:           425700 kB
Mem:          3.8G       761M       3.1G       5.7M        51M       320M

MemTotal:        4016004 kB
MemFree:         3235700 kB
Active:           425704 kB
Mem:          3.8G       762M       3.1G       5.7M        51M       320M

MemTotal:        4016004 kB
MemFree:         3235608 kB
Active:           425688 kB
Mem:          3.8G       762M       3.1G       5.7M        51M       320M

MemTotal:        4016004 kB
MemFree:         3235856 kB
Active:           425664 kB
Mem:          3.8G       762M       3.1G       5.7M        51M       320M

MemTotal:        4016004 kB
MemFree:         3236104 kB
Active:           425680 kB
Mem:          3.8G       761M       3.1G       5.7M        51M       320M

MemTotal:        4016004 kB
MemFree:         3235856 kB
Active:           425688 kB
Mem:          3.8G       761M       3.1G       5.7M        51M       320M

MemTotal:        4016004 kB
MemFree:         3235856 kB
Active:           425708 kB
Mem:          3.8G       761M       3.1G       5.7M        51M       320M

MemTotal:        4016004 kB
MemFree:         3235980 kB
Active:           425668 kB
Mem:          3.8G       761M       3.1G       5.7M        51M       320M

MemTotal:        4016004 kB
MemFree:         3236156 kB
Active:           425684 kB
Mem:          3.8G       761M       3.1G       5.7M        51M       320M

MemTotal:        4016004 kB
MemFree:         3236032 kB
Active:           425696 kB
Mem:          3.8G       761M       3.1G       5.7M        51M       320M

MemTotal:        4016004 kB
MemFree:         3236156 kB
Active:           425732 kB
Mem:          3.8G       761M       3.1G       5.7M        51M       320M

MemTotal:        4016004 kB
MemFree:         3236032 kB
Active:           425740 kB
Mem:          3.8G       761M       3.1G       5.7M        51M       320M

MemTotal:        4016004 kB
MemFree:         3235784 kB
Active:           425740 kB
Mem:          3.8G       762M       3.1G       5.7M        51M       320M

MemTotal:        4016004 kB
MemFree:         3235536 kB
Active:           425748 kB
Mem:          3.8G       762M       3.1G       5.7M        51M       320M

MemTotal:        4016004 kB
MemFree:         3235660 kB
Active:           425716 kB
Mem:          3.8G       762M       3.1G       5.7M        51M       320M

MemTotal:        4016004 kB
MemFree:         3235536 kB
Active:           425728 kB
Mem:          3.8G       762M       3.1G       5.7M        51M       320M

MemTotal:        4016004 kB
MemFree:         3235288 kB
Active:           425768 kB
Mem:          3.8G       762M       3.1G       5.7M        51M       320M

MemTotal:        4016004 kB
MemFree:         3235536 kB
Active:           425712 kB
Mem:          3.8G       762M       3.1G       5.7M        51M       320M

MemTotal:        4016004 kB
MemFree:         3235660 kB
Active:           425764 kB
Mem:          3.8G       762M       3.1G       5.7M        51M       320M

MemTotal:        4016004 kB
MemFree:         3235536 kB
Active:           425764 kB
Mem:          3.8G       762M       3.1G       5.7M        51M       320M

MemTotal:        4016004 kB
MemFree:         3235396 kB
Active:           425744 kB
Mem:          3.8G       762M       3.1G       5.7M        51M       320M

MemTotal:        4016004 kB
MemFree:         3235644 kB
Active:           425752 kB
Mem:          3.8G       761M       3.1G       5.7M        51M       321M

MemTotal:        4016004 kB
MemFree:         3235644 kB
Active:           425772 kB
Mem:          3.8G       762M       3.1G       5.7M        51M       321M

MemTotal:        4016004 kB
MemFree:         3235148 kB
Active:           425780 kB
Mem:          3.8G       762M       3.1G       5.7M        51M       321M

MemTotal:        4016004 kB
MemFree:         3235644 kB
Active:           425752 kB
Mem:          3.8G       762M       3.1G       5.7M        51M       321M

MemTotal:        4016004 kB
MemFree:         3235520 kB
Active:           425752 kB
Mem:          3.8G       762M       3.1G       5.7M        51M       321M

MemTotal:        4016004 kB
MemFree:         3235192 kB
Active:           423684 kB
Mem:          3.8G       762M       3.1G       5.7M        51M       321M

MemTotal:        4016004 kB
MemFree:         3235936 kB
Active:           425740 kB
Mem:          3.8G       761M       3.1G       5.7M        51M       321M

MemTotal:        4016004 kB
MemFree:         3236168 kB
Active:           425760 kB
Mem:          3.8G       761M       3.1G       5.7M        51M       321M

MemTotal:        4016004 kB
MemFree:         3236788 kB
Active:           425776 kB
Mem:          3.8G       760M       3.1G       5.7M        51M       321M

MemTotal:        4016004 kB
MemFree:         3236416 kB
Active:           425792 kB
Mem:          3.8G       761M       3.1G       5.7M        51M       321M

MemTotal:        4016004 kB
MemFree:         3236400 kB
Active:           425748 kB
Mem:          3.8G       761M       3.1G       5.7M        51M       321M

MemTotal:        4016004 kB
MemFree:         3236400 kB
Active:           425780 kB
Mem:          3.8G       761M       3.1G       5.7M        51M       321M

MemTotal:        4016004 kB
MemFree:         3236400 kB
Active:           425780 kB
Mem:          3.8G       761M       3.1G       5.7M        51M       321M

MemTotal:        4016004 kB
MemFree:         3235888 kB
Active:           425756 kB
Mem:          3.8G       761M       3.1G       5.7M        51M       321M

MemTotal:        4016004 kB
MemFree:         3235872 kB
Active:           425756 kB
Mem:          3.8G       762M       3.1G       5.7M        51M       321M

MemTotal:        4016004 kB
MemFree:         3235296 kB
Active:           423696 kB
Mem:          3.8G       762M       3.1G       5.7M        51M       321M

MemTotal:        4016004 kB
MemFree:         3235544 kB
Active:           425784 kB
Mem:          3.8G       761M       3.1G       5.7M        51M       321M

MemTotal:        4016004 kB
MemFree:         3235792 kB
Active:           425752 kB
Mem:          3.8G       762M       3.1G       5.7M        51M       321M

MemTotal:        4016004 kB
MemFree:         3235280 kB
Active:           425804 kB
Mem:          3.8G       762M       3.1G       5.7M        51M       321M

MemTotal:        4016004 kB
MemFree:         3235388 kB
Active:           425804 kB
Mem:          3.8G       762M       3.1G       5.7M        51M       321M

MemTotal:        4016004 kB
MemFree:         3235512 kB
Active:           425808 kB
Mem:          3.8G       762M       3.1G       5.7M        51M       321M

MemTotal:        4016004 kB
MemFree:         3235884 kB
Active:           425804 kB
Mem:          3.8G       762M       3.1G       5.7M        51M       321M

MemTotal:        4016004 kB
MemFree:         3235496 kB
Active:           425808 kB
Mem:          3.8G       762M       3.1G       5.7M        51M       321M

MemTotal:        4016004 kB
MemFree:         3236116 kB
Active:           425800 kB
Mem:          3.8G       761M       3.1G       5.7M        51M       321M

MemTotal:        4016004 kB
MemFree:         3236488 kB
Active:           425764 kB
Mem:          3.8G       761M       3.1G       5.7M        51M       321M

MemTotal:        4016004 kB
MemFree:         3235036 kB
Active:           423880 kB
Mem:          3.8G       762M       3.1G       5.7M        51M       321M

MemTotal:        4016004 kB
MemFree:         3235780 kB
Active:           425908 kB
Mem:          3.8G       762M       3.1G       5.7M        51M       321M

MemTotal:        4016004 kB
MemFree:         3235268 kB
Active:           425932 kB
Mem:          3.8G       762M       3.1G       5.7M        51M       321M

MemTotal:        4016004 kB
MemFree:         3235624 kB
Active:           425920 kB
Mem:          3.8G       762M       3.1G       5.7M        51M       321M

MemTotal:        4016004 kB
MemFree:         3235608 kB
Active:           425908 kB
Mem:          3.8G       762M       3.1G       5.7M        51M       321M

MemTotal:        4016004 kB
MemFree:         3235608 kB
Active:           425916 kB
Mem:          3.8G       761M       3.1G       5.7M        51M       321M

MemTotal:        4016004 kB
MemFree:         3235732 kB
Active:           425884 kB
Mem:          3.8G       762M       3.1G       5.7M        51M       321M

MemTotal:        4016004 kB
MemFree:         3235332 kB
Active:           425940 kB
Mem:          3.8G       762M       3.1G       5.7M        51M       321M

MemTotal:        4016004 kB
MemFree:         3235828 kB
Active:           425908 kB
Mem:          3.8G       762M       3.1G       5.7M        51M       321M

MemTotal:        4016004 kB
MemFree:         3235456 kB
Active:           425944 kB
Mem:          3.8G       762M       3.1G       5.7M        51M       321M

MemTotal:        4016004 kB
MemFree:         3234524 kB
Active:           423896 kB
Mem:          3.8G       762M       3.1G       5.7M        51M       321M

MemTotal:        4016004 kB
MemFree:         3235392 kB
Active:           425936 kB
Mem:          3.8G       762M       3.1G       5.7M        51M       321M

MemTotal:        4016004 kB
MemFree:         3235268 kB
Active:           425892 kB
Mem:          3.8G       762M       3.1G       5.7M        51M       321M

MemTotal:        4016004 kB
MemFree:         3234896 kB
Active:           425944 kB
Mem:          3.8G       762M       3.1G       5.7M        51M       321M

MemTotal:        4016004 kB
MemFree:         3234772 kB
Active:           425948 kB
Mem:          3.8G       762M       3.1G       5.7M        51M       321M

MemTotal:        4016004 kB
MemFree:         3235364 kB
Active:           425944 kB
Mem:          3.8G       762M       3.1G       5.7M        51M       321M

MemTotal:        4016004 kB
MemFree:         3235488 kB
Active:           425924 kB
Mem:          3.8G       762M       3.1G       5.7M        51M       321M

MemTotal:        4016004 kB
MemFree:         3235860 kB
Active:           425936 kB
Mem:          3.8G       761M       3.1G       5.7M        51M       321M

MemTotal:        4016004 kB
MemFree:         3235736 kB
Active:           425908 kB
Mem:          3.8G       762M       3.1G       5.7M        51M       321M

MemTotal:        4016004 kB
MemFree:         3235736 kB
Active:           425920 kB
Mem:          3.8G       761M       3.1G       5.7M        51M       321M

MemTotal:        4016004 kB
MemFree:         3235984 kB
Active:           425940 kB
Mem:          3.8G       761M       3.1G       5.7M        51M       321M

MemTotal:        4016004 kB
MemFree:         3235704 kB
Active:           425956 kB
Mem:          3.8G       762M       3.1G       5.7M        51M       321M

MemTotal:        4016004 kB
MemFree:         3235612 kB
Active:           425944 kB
Mem:          3.8G       762M       3.1G       5.7M        51M       321M

MemTotal:        4016004 kB
MemFree:         3235488 kB
Active:           425968 kB
Mem:          3.8G       762M       3.1G       5.7M        51M       321M

MemTotal:        4016004 kB
MemFree:         3235240 kB
Active:           425968 kB
Mem:          3.8G       762M       3.1G       5.7M        51M       321M

MemTotal:        4016004 kB
MemFree:         3235984 kB
Active:           425932 kB
Mem:          3.8G       762M       3.1G       5.7M        51M       321M

MemTotal:        4016004 kB
MemFree:         3235984 kB
Active:           425952 kB
Mem:          3.8G       761M       3.1G       5.7M        51M       321M

MemTotal:        4016004 kB
MemFree:         3236108 kB
Active:           425956 kB
Mem:          3.8G       761M       3.1G       5.7M        51M       321M

MemTotal:        4016004 kB
MemFree:         3235736 kB
Active:           425980 kB
Mem:          3.8G       761M       3.1G       5.7M        51M       321M

MemTotal:        4016004 kB
MemFree:         3236108 kB
Active:           425960 kB
Mem:          3.8G       761M       3.1G       5.7M        51M       321M

MemTotal:        4016004 kB
MemFree:         3235984 kB
Active:           425944 kB
Mem:          3.8G       761M       3.1G       5.7M        51M       321M

MemTotal:        4016004 kB
MemFree:         3235860 kB
Active:           425960 kB
Mem:          3.8G       761M       3.1G       5.7M        51M       321M

MemTotal:        4016004 kB
MemFree:         3235984 kB
Active:           425936 kB
Mem:          3.8G       761M       3.1G       5.7M        51M       321M

MemTotal:        4016004 kB
MemFree:         3236108 kB
Active:           425932 kB
Mem:          3.8G       762M       3.1G       5.7M        51M       321M

MemTotal:        4016004 kB
MemFree:         3235968 kB
Active:           425988 kB
Mem:          3.8G       761M       3.1G       5.7M        51M       321M

MemTotal:        4016004 kB
MemFree:         3235968 kB
Active:           425948 kB
Mem:          3.8G       761M       3.1G       5.7M        51M       321M

MemTotal:        4016004 kB
MemFree:         3235596 kB
Active:           425996 kB
Mem:          3.8G       761M       3.1G       5.7M        51M       321M

MemTotal:        4016004 kB
MemFree:         3235968 kB
Active:           425980 kB
Mem:          3.8G       761M       3.1G       5.7M        51M       321M

MemTotal:        4016004 kB
MemFree:         3235580 kB
Active:           425996 kB
Mem:          3.8G       761M       3.1G       5.7M        51M       321M

MemTotal:        4016004 kB
MemFree:         3235144 kB
Active:           423948 kB
Mem:          3.8G       762M       3.1G       5.7M        51M       321M

MemTotal:        4016004 kB
MemFree:         3235640 kB
Active:           425972 kB
Mem:          3.8G       762M       3.1G       5.7M        51M       321M

MemTotal:        4016004 kB
MemFree:         3235392 kB
Active:           425996 kB
Mem:          3.8G       762M       3.1G       5.7M        51M       321M

MemTotal:        4016004 kB
MemFree:         3235516 kB
Active:           425988 kB
Mem:          3.8G       762M       3.1G       5.7M        51M       321M

MemTotal:        4016004 kB
MemFree:         3235516 kB
Active:           425952 kB
Mem:          3.8G       762M       3.1G       5.7M        51M       321M

MemTotal:        4016004 kB
MemFree:         3235376 kB
Active:           425980 kB
Mem:          3.8G       762M       3.1G       5.7M        51M       321M

MemTotal:        4016004 kB
MemFree:         3235500 kB
Active:           425964 kB
Mem:          3.8G       761M       3.1G       5.7M        51M       321M

MemTotal:        4016004 kB
MemFree:         3235856 kB
Active:           425988 kB
Mem:          3.8G       761M       3.1G       5.7M        51M       321M

MemTotal:        4016004 kB
MemFree:         3235716 kB
Active:           425988 kB
Mem:          3.8G       762M       3.1G       5.7M        51M       321M

MemTotal:        4016004 kB
MemFree:         3235096 kB
Active:           426008 kB
Mem:          3.8G       762M       3.1G       5.7M        51M       321M

MemTotal:        4016004 kB
MemFree:         3235452 kB
Active:           425972 kB
Mem:          3.8G       762M       3.1G       5.7M        51M       321M

MemTotal:        4016004 kB
MemFree:         3235328 kB
Active:           425988 kB
Mem:          3.8G       762M       3.1G       5.7M        51M       321M

MemTotal:        4016004 kB
MemFree:         3235560 kB
Active:           425996 kB
Mem:          3.8G       762M       3.1G       5.7M        51M       321M

MemTotal:        4016004 kB
MemFree:         3235692 kB
Active:           425968 kB
Mem:          3.8G       761M       3.1G       5.7M        51M       321M

MemTotal:        4016004 kB
MemFree:         3235900 kB
Active:           425968 kB
Mem:          3.8G       761M       3.1G       5.7M        51M       321M

MemTotal:        4016004 kB
MemFree:         3235964 kB
Active:           426000 kB
Mem:          3.8G       761M       3.1G       5.7M        51M       321M

MemTotal:        4016004 kB
MemFree:         3235964 kB
Active:           426008 kB
Mem:          3.8G       761M       3.1G       5.7M        51M       321M

MemTotal:        4016004 kB
MemFree:         3235468 kB
Active:           425976 kB
Mem:          3.8G       762M       3.1G       5.7M        51M       321M

MemTotal:        4016004 kB
MemFree:         3235096 kB
Active:           426032 kB
Mem:          3.8G       762M       3.1G       5.7M        51M       321M

MemTotal:        4016004 kB
MemFree:         3235468 kB
Active:           425992 kB
Mem:          3.8G       762M       3.1G       5.7M        51M       321M

MemTotal:        4016004 kB
MemFree:         3235592 kB
Active:           426000 kB
Mem:          3.8G       762M       3.1G       5.7M        51M       321M

MemTotal:        4016004 kB
MemFree:         3235220 kB
Active:           425992 kB
Mem:          3.8G       762M       3.1G       5.7M        51M       321M

MemTotal:        4016004 kB
MemFree:         3235344 kB
Active:           426004 kB
Mem:          3.8G       762M       3.1G       5.7M        51M       321M

MemTotal:        4016004 kB
MemFree:         3235468 kB
Active:           425988 kB
Mem:          3.8G       762M       3.1G       5.7M        51M       321M

MemTotal:        4016004 kB
MemFree:         3235552 kB
Active:           425992 kB
Mem:          3.8G       762M       3.1G       5.7M        51M       321M

MemTotal:        4016004 kB
MemFree:         3235616 kB
Active:           426016 kB
Mem:          3.8G       762M       3.1G       5.7M        51M       321M

MemTotal:        4016004 kB
MemFree:         3235740 kB
Active:           426016 kB
Mem:          3.8G       762M       3.1G       5.7M        51M       321M

MemTotal:        4016004 kB
MemFree:         3235944 kB
Active:           426036 kB
Mem:          3.8G       761M       3.1G       5.7M        51M       321M

MemTotal:        4016004 kB
MemFree:         3235696 kB
Active:           426040 kB
Mem:          3.8G       762M       3.1G       5.7M        51M       321M

MemTotal:        4016004 kB
MemFree:         3235944 kB
Active:           426016 kB
Mem:          3.8G       761M       3.1G       5.7M        51M       321M

MemTotal:        4016004 kB
MemFree:         3235820 kB
Active:           426024 kB
Mem:          3.8G       762M       3.1G       5.7M        51M       321M

MemTotal:        4016004 kB
MemFree:         3235820 kB
Active:           426004 kB
Mem:          3.8G       761M       3.1G       5.7M        51M       321M

MemTotal:        4016004 kB
MemFree:         3235820 kB
Active:           426004 kB
Mem:          3.8G       761M       3.1G       5.7M        51M       321M

MemTotal:        4016004 kB
MemFree:         3235572 kB
Active:           426068 kB
Mem:          3.8G       761M       3.1G       5.7M        51M       321M

MemTotal:        4016004 kB
MemFree:         3235696 kB
Active:           426060 kB
Mem:          3.8G       761M       3.1G       5.7M        51M       321M

MemTotal:        4016004 kB
MemFree:         3235820 kB
Active:           426020 kB
Mem:          3.8G       761M       3.1G       5.7M        51M       321M

MemTotal:        4016004 kB
MemFree:         3235820 kB
Active:           426068 kB
Mem:          3.8G       761M       3.1G       5.7M        51M       321M

MemTotal:        4016004 kB
MemFree:         3236160 kB
Active:           426020 kB
Mem:          3.8G       761M       3.1G       5.7M        51M       321M

MemTotal:        4016004 kB
MemFree:         3236068 kB
Active:           426028 kB
Mem:          3.8G       761M       3.1G       5.7M        51M       321M

MemTotal:        4016004 kB
MemFree:         3236192 kB
Active:           426040 kB
Mem:          3.8G       761M       3.1G       5.7M        51M       321M

MemTotal:        4016004 kB
MemFree:         3235756 kB
Active:           423988 kB
Mem:          3.8G       761M       3.1G       5.7M        51M       321M

MemTotal:        4016004 kB
MemFree:         3235524 kB
Active:           426084 kB
Mem:          3.8G       761M       3.1G       5.7M        51M       321M

MemTotal:        4016004 kB
MemFree:         3236144 kB
Active:           426064 kB
Mem:          3.8G       761M       3.1G       5.7M        51M       321M

MemTotal:        4016004 kB
MemFree:         3236268 kB
Active:           426084 kB
Mem:          3.8G       761M       3.1G       5.7M        51M       321M

MemTotal:        4016004 kB
MemFree:         3236392 kB
Active:           426076 kB
Mem:          3.8G       761M       3.1G       5.7M        51M       321M

MemTotal:        4016004 kB
MemFree:         3236144 kB
Active:           426092 kB
Mem:          3.8G       761M       3.1G       5.7M        51M       321M

MemTotal:        4016004 kB
MemFree:         3236392 kB
Active:           426056 kB
Mem:          3.8G       761M       3.1G       5.7M        51M       321M

MemTotal:        4016004 kB
MemFree:         3236268 kB
Active:           426084 kB
Mem:          3.8G       761M       3.1G       5.7M        51M       321M

MemTotal:        4016004 kB
MemFree:         3236392 kB
Active:           426044 kB
Mem:          3.8G       761M       3.1G       5.7M        51M       321M

MemTotal:        4016004 kB
MemFree:         3236192 kB
Active:           426084 kB
Mem:          3.8G       761M       3.1G       5.7M        51M       321M

MemTotal:        4016004 kB
MemFree:         3235960 kB
Active:           426104 kB
Mem:          3.8G       761M       3.1G       5.7M        51M       321M

MemTotal:        4016004 kB
MemFree:         3236084 kB
Active:           426068 kB
Mem:          3.8G       761M       3.1G       5.7M        51M       321M

MemTotal:        4016004 kB
MemFree:         3236332 kB
Active:           426088 kB
Mem:          3.8G       761M       3.1G       5.7M        51M       321M

MemTotal:        4016004 kB
MemFree:         3236736 kB
Active:           425888 kB
Mem:          3.8G       761M       3.1G       5.7M        51M       321M

MemTotal:        4016004 kB
MemFree:         3236488 kB
Active:           425908 kB
Mem:          3.8G       761M       3.1G       5.7M        51M       321M

MemTotal:        4016004 kB
MemFree:         3236628 kB
Active:           425892 kB
Mem:          3.8G       761M       3.1G       5.7M        51M       321M

MemTotal:        4016004 kB
MemFree:         3236504 kB
Active:           425912 kB
Mem:          3.8G       761M       3.1G       5.7M        51M       321M

MemTotal:        4016004 kB
MemFree:         3236504 kB
Active:           425932 kB
Mem:          3.8G       761M       3.1G       5.7M        51M       321M

MemTotal:        4016004 kB
MemFree:         3236380 kB
Active:           425924 kB
Mem:          3.8G       761M       3.1G       5.7M        51M       321M

MemTotal:        4016004 kB
MemFree:         3234268 kB
Active:           425864 kB
Mem:          3.8G       763M       3.1G       5.7M        51M       321M

MemTotal:        4016004 kB
MemFree:         3234516 kB
Active:           425872 kB
Mem:          3.8G       763M       3.1G       5.7M        51M       321M

MemTotal:        4016004 kB
MemFree:         3234764 kB
Active:           425880 kB
Mem:          3.8G       763M       3.1G       5.7M        51M       321M

MemTotal:        4016004 kB
MemFree:         3234640 kB
Active:           425896 kB
Mem:          3.8G       763M       3.1G       5.7M        51M       321M

MemTotal:        4016004 kB
MemFree:         3234160 kB
Active:           427976 kB
Mem:          3.8G       763M       3.1G       5.7M        51M       321M

MemTotal:        4016004 kB
MemFree:         3234284 kB
Active:           427984 kB
Mem:          3.8G       762M       3.1G       5.7M        51M       321M

MemTotal:        4016004 kB
MemFree:         3234780 kB
Active:           427964 kB
Mem:          3.8G       762M       3.1G       5.7M        51M       321M

MemTotal:        4016004 kB
MemFree:         3234904 kB
Active:           427932 kB
Mem:          3.8G       762M       3.1G       5.7M        51M       321M

MemTotal:        4016004 kB
MemFree:         3234408 kB
Active:           427980 kB
Mem:          3.8G       763M       3.1G       5.7M        51M       321M

MemTotal:        4016004 kB
MemFree:         3234408 kB
Active:           427952 kB
Mem:          3.8G       763M       3.1G       5.7M        51M       321M

MemTotal:        4016004 kB
MemFree:         3233896 kB
Active:           425912 kB
Mem:          3.8G       764M       3.1G       5.7M        51M       321M

MemTotal:        4016004 kB
MemFree:         3233896 kB
Active:           425932 kB
Mem:          3.8G       763M       3.1G       5.7M        51M       321M

MemTotal:        4016004 kB
MemFree:         3234144 kB
Active:           425908 kB
Mem:          3.8G       763M       3.1G       5.7M        51M       321M

MemTotal:        4016004 kB
MemFree:         3233896 kB
Active:           425920 kB
Mem:          3.8G       763M       3.1G       5.7M        51M       321M

MemTotal:        4016004 kB
MemFree:         3234144 kB
Active:           427948 kB
Mem:          3.8G       763M       3.1G       5.7M        51M       321M

MemTotal:        4016004 kB
MemFree:         3234268 kB
Active:           427968 kB
Mem:          3.8G       763M       3.1G       5.7M        51M       321M

MemTotal:        4016004 kB
MemFree:         3234268 kB
Active:           427984 kB
Mem:          3.8G       763M       3.1G       5.7M        51M       321M

MemTotal:        4016004 kB
MemFree:         3234020 kB
Active:           427952 kB
Mem:          3.8G       763M       3.1G       5.7M        51M       321M

MemTotal:        4016004 kB
MemFree:         3234516 kB
Active:           427972 kB
Mem:          3.8G       762M       3.1G       5.7M        51M       321M

MemTotal:        4016004 kB
MemFree:         3234888 kB
Active:           427980 kB
Mem:          3.8G       762M       3.1G       5.7M        51M       321M

MemTotal:        4016004 kB
MemFree:         3233696 kB
Active:           425952 kB
Mem:          3.8G       763M       3.1G       5.7M        51M       321M

MemTotal:        4016004 kB
MemFree:         3234316 kB
Active:           427996 kB
Mem:          3.8G       763M       3.1G       5.7M        51M       321M

MemTotal:        4016004 kB
MemFree:         3233820 kB
Active:           427992 kB
Mem:          3.8G       763M       3.1G       5.7M        51M       321M

MemTotal:        4016004 kB
MemFree:         3233820 kB
Active:           427992 kB
Mem:          3.8G       763M       3.1G       5.7M        51M       321M

MemTotal:        4016004 kB
MemFree:         3234068 kB
Active:           427960 kB
Mem:          3.8G       763M       3.1G       5.7M        51M       321M

MemTotal:        4016004 kB
MemFree:         3233944 kB
Active:           427996 kB
Mem:          3.8G       763M       3.1G       5.7M        51M       321M

MemTotal:        4016004 kB
MemFree:         3234316 kB
Active:           427996 kB
Mem:          3.8G       763M       3.1G       5.7M        51M       321M

MemTotal:        4016004 kB
MemFree:         3234192 kB
Active:           428008 kB
Mem:          3.8G       763M       3.1G       5.7M        51M       321M

MemTotal:        4016004 kB
MemFree:         3234192 kB
Active:           427984 kB
Mem:          3.8G       763M       3.1G       5.7M        51M       321M

MemTotal:        4016004 kB
MemFree:         3234316 kB
Active:           428000 kB
Mem:          3.8G       763M       3.1G       5.7M        51M       321M

MemTotal:        4016004 kB
MemFree:         3232020 kB
Active:           427960 kB
Mem:          3.8G       765M       3.1G       5.7M        51M       321M

MemTotal:        4016004 kB
MemFree:         3232268 kB
Active:           430020 kB
Mem:          3.8G       765M       3.1G       5.7M        51M       321M

MemTotal:        4016004 kB
MemFree:         3232268 kB
Active:           430012 kB
Mem:          3.8G       765M       3.1G       5.7M        51M       321M

MemTotal:        4016004 kB
MemFree:         3231896 kB
Active:           430060 kB
Mem:          3.8G       765M       3.1G       5.7M        51M       321M

MemTotal:        4016004 kB
MemFree:         3231896 kB
Active:           430060 kB
Mem:          3.8G       765M       3.1G       5.7M        51M       321M

MemTotal:        4016004 kB
MemFree:         3232268 kB
Active:           430008 kB
Mem:          3.8G       765M       3.1G       5.7M        51M       321M

MemTotal:        4016004 kB
MemFree:         3232144 kB
Active:           430044 kB
Mem:          3.8G       765M       3.1G       5.7M        51M       321M

MemTotal:        4016004 kB
MemFree:         3232392 kB
Active:           430056 kB
Mem:          3.8G       765M       3.1G       5.7M        51M       321M

MemTotal:        4016004 kB
MemFree:         3232516 kB
Active:           430036 kB
Mem:          3.8G       765M       3.1G       5.7M        51M       321M

MemTotal:        4016004 kB
MemFree:         3232640 kB
Active:           430044 kB
Mem:          3.8G       765M       3.1G       5.7M        51M       321M

MemTotal:        4016004 kB
MemFree:         3232640 kB
Active:           430072 kB
Mem:          3.8G       765M       3.1G       5.7M        51M       321M

MemTotal:        4016004 kB
MemFree:         3232516 kB
Active:           430068 kB
Mem:          3.8G       765M       3.1G       5.7M        51M       321M

MemTotal:        4016004 kB
MemFree:         3232144 kB
Active:           430080 kB
Mem:          3.8G       765M       3.1G       5.7M        51M       321M

MemTotal:        4016004 kB
MemFree:         3232516 kB
Active:           430024 kB
Mem:          3.8G       765M       3.1G       5.7M        51M       321M

MemTotal:        4016004 kB
MemFree:         3232516 kB
Active:           430036 kB
Mem:          3.8G       765M       3.1G       5.7M        51M       321M

MemTotal:        4016004 kB
MemFree:         3233012 kB
Active:           430040 kB
Mem:          3.8G       764M       3.1G       5.7M        51M       321M

MemTotal:        4016004 kB
MemFree:         3232888 kB
Active:           430064 kB
Mem:          3.8G       764M       3.1G       5.7M        51M       321M

MemTotal:        4016004 kB
MemFree:         3232516 kB
Active:           430084 kB
Mem:          3.8G       764M       3.1G       5.7M        51M       321M

MemTotal:        4016004 kB
MemFree:         3232888 kB
Active:           430044 kB
Mem:          3.8G       764M       3.1G       5.7M        51M       321M

MemTotal:        4016004 kB
MemFree:         3232888 kB
Active:           430056 kB
Mem:          3.8G       764M       3.1G       5.7M        51M       321M

MemTotal:        4016004 kB
MemFree:         3232764 kB
Active:           430088 kB
Mem:          3.8G       764M       3.1G       5.7M        51M       321M

MemTotal:        4016004 kB
MemFree:         3232888 kB
Active:           430056 kB
Mem:          3.8G       765M       3.1G       5.7M        51M       321M

MemTotal:        4016004 kB
MemFree:         3232764 kB
Active:           430040 kB
Mem:          3.8G       764M       3.1G       5.7M        51M       321M

MemTotal:        4016004 kB
MemFree:         3232888 kB
Active:           430056 kB
Mem:          3.8G       764M       3.1G       5.7M        51M       321M

MemTotal:        4016004 kB
MemFree:         3232516 kB
Active:           430048 kB
Mem:          3.8G       765M       3.1G       5.7M        51M       321M

MemTotal:        4016004 kB
MemFree:         3232640 kB
Active:           430064 kB
Mem:          3.8G       764M       3.1G       5.7M        51M       321M

MemTotal:        4016004 kB
MemFree:         3232516 kB
Active:           430092 kB
Mem:          3.8G       765M       3.1G       5.7M        51M       321M

MemTotal:        4016004 kB
MemFree:         3232500 kB
Active:           430092 kB
Mem:          3.8G       765M       3.1G       5.7M        51M       321M

MemTotal:        4016004 kB
MemFree:         3232392 kB
Active:           430064 kB
Mem:          3.8G       765M       3.1G       5.7M        51M       321M

MemTotal:        4016004 kB
MemFree:         3230064 kB
Active:           430084 kB
Mem:          3.8G       767M       3.1G       5.7M        51M       321M

MemTotal:        4016004 kB
MemFree:         3230468 kB
Active:           432128 kB
Mem:          3.8G       767M       3.1G       5.7M        51M       321M

MemTotal:        4016004 kB
MemFree:         3230468 kB
Active:           432088 kB
Mem:          3.8G       767M       3.1G       5.7M        51M       321M

MemTotal:        4016004 kB
MemFree:         3230468 kB
Active:           432116 kB
Mem:          3.8G       767M       3.1G       5.7M        51M       321M

MemTotal:        4016004 kB
MemFree:         3230592 kB
Active:           432112 kB
Mem:          3.8G       766M       3.1G       5.7M        51M       321M

MemTotal:        4016004 kB
MemFree:         3230468 kB
Active:           432088 kB
Mem:          3.8G       767M       3.1G       5.7M        51M       321M

MemTotal:        4016004 kB
MemFree:         3230220 kB
Active:           432144 kB
Mem:          3.8G       767M       3.1G       5.7M        51M       321M

MemTotal:        4016004 kB
MemFree:         3230220 kB
Active:           432136 kB
Mem:          3.8G       767M       3.1G       5.7M        51M       321M

MemTotal:        4016004 kB
MemFree:         3229848 kB
Active:           432144 kB
Mem:          3.8G       767M       3.1G       5.7M        51M       321M

MemTotal:        4016004 kB
MemFree:         3229724 kB
Active:           432148 kB
Mem:          3.8G       767M       3.1G       5.7M        51M       321M

MemTotal:        4016004 kB
MemFree:         3229784 kB
Active:           430112 kB
Mem:          3.8G       767M       3.1G       5.7M        51M       321M

MemTotal:        4016004 kB
MemFree:         3230404 kB
Active:           432136 kB
Mem:          3.8G       767M       3.1G       5.7M        51M       321M

MemTotal:        4016004 kB
MemFree:         3230652 kB
Active:           432136 kB
Mem:          3.8G       766M       3.1G       5.7M        51M       321M

MemTotal:        4016004 kB
MemFree:         3230652 kB
Active:           432156 kB
Mem:          3.8G       766M       3.1G       5.7M        51M       321M

MemTotal:        4016004 kB
MemFree:         3230776 kB
Active:           432168 kB
Mem:          3.8G       766M       3.1G       5.7M        51M       321M

MemTotal:        4016004 kB
MemFree:         3230776 kB
Active:           432128 kB
Mem:          3.8G       766M       3.1G       5.7M        51M       321M

MemTotal:        4016004 kB
MemFree:         3230652 kB
Active:           432128 kB
Mem:          3.8G       766M       3.1G       5.7M        51M       321M

MemTotal:        4016004 kB
MemFree:         3230280 kB
Active:           432180 kB
Mem:          3.8G       767M       3.1G       5.7M        51M       321M

MemTotal:        4016004 kB
MemFree:         3230156 kB
Active:           432152 kB
Mem:          3.8G       767M       3.1G       5.7M        51M       321M

MemTotal:        4016004 kB
MemFree:         3230280 kB
Active:           432180 kB
Mem:          3.8G       767M       3.1G       5.7M        51M       321M

MemTotal:        4016004 kB
MemFree:         3230280 kB
Active:           432196 kB
Mem:          3.8G       767M       3.1G       5.7M        51M       321M

MemTotal:        4016004 kB
MemFree:         3230156 kB
Active:           432148 kB
Mem:          3.8G       767M       3.1G       5.7M        51M       321M

MemTotal:        4016004 kB
MemFree:         3230280 kB
Active:           432148 kB
Mem:          3.8G       767M       3.1G       5.7M        51M       321M

MemTotal:        4016004 kB
MemFree:         3229784 kB
Active:           432204 kB
Mem:          3.8G       767M       3.1G       5.7M        51M       321M

MemTotal:        4016004 kB
MemFree:         3230280 kB
Active:           432204 kB
Mem:          3.8G       767M       3.1G       5.7M        51M       321M

MemTotal:        4016004 kB
MemFree:         3230156 kB
Active:           432156 kB
Mem:          3.8G       767M       3.1G       5.7M        51M       321M

MemTotal:        4016004 kB
MemFree:         3230528 kB
Active:           432156 kB
Mem:          3.8G       767M       3.1G       5.7M        51M       321M

MemTotal:        4016004 kB
MemFree:         3230280 kB
Active:           432172 kB
Mem:          3.8G       767M       3.1G       5.7M        51M       321M

MemTotal:        4016004 kB
MemFree:         3229784 kB
Active:           432204 kB
Mem:          3.8G       767M       3.1G       5.7M        51M       321M

MemTotal:        4016004 kB
MemFree:         3230156 kB
Active:           432156 kB
Mem:          3.8G       767M       3.1G       5.7M        51M       321M

MemTotal:        4016004 kB
MemFree:         3228108 kB
Active:           432188 kB
Mem:          3.8G       769M       3.1G       5.7M        51M       321M

MemTotal:        4016004 kB
MemFree:         3228356 kB
Active:           434232 kB
Mem:          3.8G       769M       3.1G       5.7M        51M       321M

MemTotal:        4016004 kB
MemFree:         3227736 kB
Active:           434236 kB
Mem:          3.8G       769M       3.1G       5.7M        51M       321M

MemTotal:        4016004 kB
MemFree:         3227984 kB
Active:           434200 kB
Mem:          3.8G       769M       3.1G       5.7M        51M       321M

MemTotal:        4016004 kB
MemFree:         3227612 kB
Active:           434240 kB
Mem:          3.8G       769M       3.1G       5.7M        51M       321M

MemTotal:        4016004 kB
MemFree:         3227736 kB
Active:           434240 kB
Mem:          3.8G       769M       3.1G       5.7M        51M       321M

MemTotal:        4016004 kB
MemFree:         3227984 kB
Active:           434244 kB
Mem:          3.8G       769M       3.1G       5.7M        51M       321M

MemTotal:        4016004 kB
MemFree:         3228480 kB
Active:           434204 kB
Mem:          3.8G       769M       3.1G       5.7M        51M       321M

MemTotal:        4016004 kB
MemFree:         3228480 kB
Active:           434220 kB
Mem:          3.8G       769M       3.1G       5.7M        51M       321M

MemTotal:        4016004 kB
MemFree:         3228108 kB
Active:           434260 kB
Mem:          3.8G       769M       3.1G       5.7M        51M       321M

MemTotal:        4016004 kB
MemFree:         3228108 kB
Active:           434208 kB
Mem:          3.8G       769M       3.1G       5.7M        51M       321M

MemTotal:        4016004 kB
MemFree:         3228232 kB
Active:           434228 kB
Mem:          3.8G       769M       3.1G       5.7M        51M       321M

MemTotal:        4016004 kB
MemFree:         3228480 kB
Active:           434232 kB
Mem:          3.8G       769M       3.1G       5.7M        51M       321M

MemTotal:        4016004 kB
MemFree:         3228356 kB
Active:           434224 kB
Mem:          3.8G       769M       3.1G       5.7M        51M       321M

MemTotal:        4016004 kB
MemFree:         3228480 kB
Active:           434236 kB
Mem:          3.8G       769M       3.1G       5.7M        51M       321M

MemTotal:        4016004 kB
MemFree:         3228480 kB
Active:           434256 kB
Mem:          3.8G       769M       3.1G       5.7M        51M       321M

MemTotal:        4016004 kB
MemFree:         3228232 kB
Active:           434264 kB
Mem:          3.8G       769M       3.1G       5.7M        51M       321M

MemTotal:        4016004 kB
MemFree:         3227860 kB
Active:           434264 kB
Mem:          3.8G       769M       3.1G       5.7M        51M       321M

MemTotal:        4016004 kB
MemFree:         3227984 kB
Active:           434264 kB
Mem:          3.8G       769M       3.1G       5.7M        51M       321M

MemTotal:        4016004 kB
MemFree:         3228216 kB
Active:           434252 kB
Mem:          3.8G       769M       3.1G       5.7M        51M       321M

MemTotal:        4016004 kB
MemFree:         3225672 kB
Active:           434252 kB
Mem:          3.8G       771M       3.1G       5.7M        51M       321M

MemTotal:        4016004 kB
MemFree:         3225424 kB
Active:           436304 kB
Mem:          3.8G       771M       3.1G       5.7M        51M       321M

MemTotal:        4016004 kB
MemFree:         3225920 kB
Active:           436292 kB
Mem:          3.8G       771M       3.1G       5.7M        51M       321M

MemTotal:        4016004 kB
MemFree:         3226044 kB
Active:           436280 kB
Mem:          3.8G       771M       3.1G       5.7M        51M       321M

MemTotal:        4016004 kB
MemFree:         3225796 kB
Active:           436308 kB
Mem:          3.8G       771M       3.1G       5.7M        51M       321M

MemTotal:        4016004 kB
MemFree:         3225796 kB
Active:           436276 kB
Mem:          3.8G       771M       3.1G       5.7M        51M       321M

MemTotal:        4016004 kB
MemFree:         3225796 kB
Active:           436284 kB
Mem:          3.8G       771M       3.1G       5.7M        51M       321M

MemTotal:        4016004 kB
MemFree:         3225920 kB
Active:           436308 kB
Mem:          3.8G       771M       3.1G       5.7M        51M       321M

MemTotal:        4016004 kB
MemFree:         3226168 kB
Active:           436308 kB
Mem:          3.8G       771M       3.1G       5.7M        51M       321M

MemTotal:        4016004 kB
MemFree:         3225672 kB
Active:           436312 kB
Mem:          3.8G       771M       3.1G       5.7M        51M       321M

MemTotal:        4016004 kB
MemFree:         3226292 kB
Active:           436272 kB
Mem:          3.8G       771M       3.1G       5.7M        51M       321M

MemTotal:        4016004 kB
MemFree:         3183848 kB
Active:           436640 kB
Mem:          3.8G       812M       3.0G       5.7M        51M       361M

MemTotal:        4016004 kB
MemFree:         3139856 kB
Active:           436632 kB
Mem:          3.8G       855M       3.0G       5.7M        51M       404M

MemTotal:        4016004 kB
MemFree:         3095368 kB
Active:           436628 kB
Mem:          3.8G       899M       3.0G       5.7M        51M       447M

MemTotal:        4016004 kB
MemFree:         3050988 kB
Active:           436644 kB
Mem:          3.8G       942M       2.9G       5.7M        51M       490M

MemTotal:        4016004 kB
MemFree:         3006856 kB
Active:           436684 kB
Mem:          3.8G       985M       2.9G       5.7M        51M       533M

MemTotal:        4016004 kB
MemFree:         2961732 kB
Active:           436768 kB
Mem:          3.8G       1.0G       2.8G       5.7M        51M       575M

MemTotal:        4016004 kB
MemFree:         2916500 kB
Active:           436796 kB
Mem:          3.8G       1.0G       2.8G       5.7M        51M       618M

MemTotal:        4016004 kB
MemFree:         2872076 kB
Active:           436824 kB
Mem:          3.8G       1.1G       2.7G       5.7M        51M       660M

MemTotal:        4016004 kB
MemFree:         2856868 kB
Active:           436844 kB
Mem:          3.8G       1.1G       2.7G       5.7M        51M       675M

MemTotal:        4016004 kB
MemFree:         2812984 kB
Active:           436860 kB
Mem:          3.8G       1.1G       2.7G       5.7M        51M       718M

MemTotal:        4016004 kB
MemFree:         2773596 kB
Active:           436884 kB
Mem:          3.8G       1.2G       2.6G       5.7M        51M       756M

MemTotal:        4016004 kB
MemFree:         2755692 kB
Active:           436868 kB
Mem:          3.8G       1.2G       2.6G       5.7M        51M       773M

MemTotal:        4016004 kB
MemFree:         2711204 kB
Active:           436912 kB
Mem:          3.8G       1.2G       2.6G       5.7M        51M       816M

MemTotal:        4016004 kB
MemFree:         2673792 kB
Active:           436964 kB
Mem:          3.8G       1.3G       2.5G       5.7M        51M       852M

MemTotal:        4016004 kB
MemFree:         2670604 kB
Active:           436980 kB
Mem:          3.8G       1.3G       2.5G       5.7M        51M       854M

MemTotal:        4016004 kB
MemFree:         2667444 kB
Active:           437004 kB
Mem:          3.8G       1.3G       2.5G       5.7M        51M       857M

MemTotal:        4016004 kB
MemFree:         2623168 kB
Active:           437028 kB
Mem:          3.8G       1.3G       2.5G       5.7M        51M       900M

MemTotal:        4016004 kB
MemFree:         2578592 kB
Active:           437052 kB
Mem:          3.8G       1.4G       2.5G       5.7M        51M       943M

MemTotal:        4016004 kB
MemFree:         2534444 kB
Active:           435012 kB
Mem:          3.8G       1.4G       2.4G       5.7M        51M       985M

MemTotal:        4016004 kB
MemFree:         2489940 kB
Active:           437088 kB
Mem:          3.8G       1.5G       2.4G       5.7M        51M       1.0G

MemTotal:        4016004 kB
MemFree:         2445824 kB
Active:           437120 kB
Mem:          3.8G       1.5G       2.3G       5.7M        51M       1.0G

MemTotal:        4016004 kB
MemFree:         2401832 kB
Active:           437144 kB
Mem:          3.8G       1.5G       2.3G       5.7M        51M       1.1G

MemTotal:        4016004 kB
MemFree:         2356724 kB
Active:           437172 kB
Mem:          3.8G       1.6G       2.2G       5.7M        51M       1.1G

MemTotal:        4016004 kB
MemFree:         2313584 kB
Active:           437184 kB
Mem:          3.8G       1.6G       2.2G       5.7M        51M       1.2G

MemTotal:        4016004 kB
MemFree:         2268692 kB
Active:           437212 kB
Mem:          3.8G       1.7G       2.2G       5.7M        51M       1.2G

MemTotal:        4016004 kB
MemFree:         2224152 kB
Active:           437244 kB
Mem:          3.8G       1.7G       2.1G       5.7M        51M       1.3G

MemTotal:        4016004 kB
MemFree:         2215140 kB
Active:           437256 kB
Mem:          3.8G       1.7G       2.1G       5.7M        51M       1.3G

MemTotal:        4016004 kB
MemFree:         2189852 kB
Active:           437260 kB
Mem:          3.8G       1.7G       2.1G       5.7M        51M       1.3G

MemTotal:        4016004 kB
MemFree:         2145024 kB
Active:           437300 kB
Mem:          3.8G       1.8G       2.0G       5.7M        51M       1.3G

MemTotal:        4016004 kB
MemFree:         2103672 kB
Active:           437336 kB
Mem:          3.8G       1.8G       2.0G       5.7M        51M       1.4G

MemTotal:        4016004 kB
MemFree:         2065280 kB
Active:           437312 kB
Mem:          3.8G       1.9G       2.0G       5.7M        51M       1.4G

MemTotal:        4016004 kB
MemFree:         2021040 kB
Active:           437352 kB
Mem:          3.8G       1.9G       1.9G       5.7M        51M       1.4G

MemTotal:        4016004 kB
MemFree:         1976180 kB
Active:           437376 kB
Mem:          3.8G       1.9G       1.9G       5.7M        51M       1.5G

MemTotal:        4016004 kB
MemFree:         1932048 kB
Active:           437408 kB
Mem:          3.8G       2.0G       1.8G       5.7M        51M       1.5G

MemTotal:        4016004 kB
MemFree:         1887684 kB
Active:           437440 kB
Mem:          3.8G       2.0G       1.8G       5.7M        51M       1.6G

MemTotal:        4016004 kB
MemFree:         1861596 kB
Active:           437476 kB
Mem:          3.8G       2.1G       1.8G       5.7M        52M       1.6G

MemTotal:        4016004 kB
MemFree:         1832020 kB
Active:           437456 kB
Mem:          3.8G       2.1G       1.7G       5.7M        52M       1.6G

MemTotal:        4016004 kB
MemFree:         1787564 kB
Active:           437480 kB
Mem:          3.8G       2.1G       1.7G       5.7M        52M       1.7G

MemTotal:        4016004 kB
MemFree:         1762752 kB
Active:           437488 kB
Mem:          3.8G       2.1G       1.7G       5.7M        52M       1.7G

MemTotal:        4016004 kB
MemFree:         1741552 kB
Active:           437548 kB
Mem:          3.8G       2.2G       1.7G       5.7M        52M       1.7G

MemTotal:        4016004 kB
MemFree:         1697992 kB
Active:           437572 kB
Mem:          3.8G       2.2G       1.6G       5.7M        52M       1.7G

MemTotal:        4016004 kB
MemFree:         1653616 kB
Active:           437556 kB
Mem:          3.8G       2.3G       1.6G       5.7M        52M       1.8G

MemTotal:        4016004 kB
MemFree:         1610220 kB
Active:           437632 kB
Mem:          3.8G       2.3G       1.5G       5.7M        52M       1.8G

MemTotal:        4016004 kB
MemFree:         1564524 kB
Active:           437600 kB
Mem:          3.8G       2.3G       1.5G       5.7M        52M       1.9G

MemTotal:        4016004 kB
MemFree:         1521152 kB
Active:           437640 kB
Mem:          3.8G       2.4G       1.5G       5.7M        52M       1.9G

MemTotal:        4016004 kB
MemFree:         1476044 kB
Active:           437704 kB
Mem:          3.8G       2.4G       1.4G       5.7M        52M       2.0G

MemTotal:        4016004 kB
MemFree:         1431308 kB
Active:           437736 kB
Mem:          3.8G       2.5G       1.4G       5.7M        52M       2.0G

MemTotal:        4016004 kB
MemFree:         1387424 kB
Active:           437736 kB
Mem:          3.8G       2.5G       1.3G       5.7M        52M       2.0G

MemTotal:        4016004 kB
MemFree:         1340708 kB
Active:           437752 kB
Mem:          3.8G       2.6G       1.3G       5.7M        52M       2.1G

MemTotal:        4016004 kB
MemFree:         1317752 kB
Active:           439812 kB
Mem:          3.8G       2.6G       1.3G       5.7M        52M       2.1G

MemTotal:        4016004 kB
MemFree:         1276824 kB
Active:           439852 kB
Mem:          3.8G       2.6G       1.2G       5.7M        52M       2.1G

MemTotal:        4016004 kB
MemFree:         1233020 kB
Active:           439876 kB
Mem:          3.8G       2.7G       1.2G       5.7M        52M       2.2G

MemTotal:        4016004 kB
MemFree:         1188852 kB
Active:           439868 kB
Mem:          3.8G       2.7G       1.1G       5.7M        52M       2.2G

MemTotal:        4016004 kB
MemFree:         1143900 kB
Active:           439920 kB
Mem:          3.8G       2.7G       1.1G       5.7M        52M       2.3G

MemTotal:        4016004 kB
MemFree:         1100156 kB
Active:           439900 kB
Mem:          3.8G       2.8G       1.0G       5.7M        52M       2.3G

MemTotal:        4016004 kB
MemFree:         1055668 kB
Active:           439960 kB
Mem:          3.8G       2.8G       1.0G       5.7M        52M       2.3G

MemTotal:        4016004 kB
MemFree:         1010808 kB
Active:           439988 kB
Mem:          3.8G       2.9G       987M       5.7M        52M       2.4G

MemTotal:        4016004 kB
MemFree:          966040 kB
Active:           440004 kB
Mem:          3.8G       2.9G       943M       5.7M        52M       2.4G

MemTotal:        4016004 kB
MemFree:          921784 kB
Active:           440004 kB
Mem:          3.8G       3.0G       899M       5.7M        52M       2.5G

MemTotal:        4016004 kB
MemFree:          877360 kB
Active:           440052 kB
Mem:          3.8G       3.0G       856M       5.7M        52M       2.5G

MemTotal:        4016004 kB
MemFree:          833424 kB
Active:           440096 kB
Mem:          3.8G       3.0G       813M       5.7M        52M       2.6G

MemTotal:        4016004 kB
MemFree:          823684 kB
Active:           440156 kB
Mem:          3.8G       3.0G       803M       5.7M        52M       2.6G

MemTotal:        4016004 kB
MemFree:          776576 kB
Active:           440192 kB
Mem:          3.8G       3.1G       757M       5.7M        52M       2.6G

MemTotal:        4016004 kB
MemFree:          732776 kB
Active:           440228 kB
Mem:          3.8G       3.1G       715M       5.7M        52M       2.7G

MemTotal:        4016004 kB
MemFree:          687840 kB
Active:           440260 kB
Mem:          3.8G       3.2G       671M       5.7M        52M       2.7G

MemTotal:        4016004 kB
MemFree:          643232 kB
Active:           440316 kB
Mem:          3.8G       3.2G       627M       5.7M        52M       2.7G

MemTotal:        4016004 kB
MemFree:          597876 kB
Active:           440336 kB
Mem:          3.8G       3.3G       583M       5.7M        52M       2.8G

MemTotal:        4016004 kB
MemFree:          553512 kB
Active:           440332 kB
Mem:          3.8G       3.3G       539M       5.7M        52M       2.8G

MemTotal:        4016004 kB
MemFree:          508760 kB
Active:           440344 kB
Mem:          3.8G       3.3G       496M       5.7M        52M       2.9G

MemTotal:        4016004 kB
MemFree:          464640 kB
Active:           440396 kB
Mem:          3.8G       3.4G       453M       5.7M        52M       2.9G

MemTotal:        4016004 kB
MemFree:          420648 kB
Active:           440436 kB
Mem:          3.8G       3.4G       410M       5.7M        52M       2.9G

MemTotal:        4016004 kB
MemFree:          376284 kB
Active:           440444 kB
Mem:          3.8G       3.5G       366M       5.7M        52M       3.0G

MemTotal:        4016004 kB
MemFree:          330636 kB
Active:           440512 kB
Mem:          3.8G       3.5G       322M       5.7M        52M       3.0G

MemTotal:        4016004 kB
MemFree:          286716 kB
Active:           440516 kB
Mem:          3.8G       3.6G       279M       5.7M        52M       3.1G

MemTotal:        4016004 kB
MemFree:          241132 kB
Active:           440536 kB
Mem:          3.8G       3.6G       235M       5.7M        52M       3.1G

MemTotal:        4016004 kB
MemFree:          231984 kB
Active:           440612 kB
Mem:          3.8G       3.6G       226M       5.7M        52M       3.1G

MemTotal:        4016004 kB
MemFree:          229724 kB
Active:           440636 kB
Mem:          3.8G       3.6G       224M       5.7M        52M       3.1G

MemTotal:        4016004 kB
MemFree:          228204 kB
Active:           440664 kB
Mem:          3.8G       3.6G       222M       5.7M        52M       3.1G

MemTotal:        4016004 kB
MemFree:          195048 kB
Active:           440692 kB
Mem:          3.8G       3.6G       190M       5.7M        52M       3.2G

MemTotal:        4016004 kB
MemFree:          150748 kB
Active:           440656 kB
Mem:          3.8G       3.7G       147M       5.7M        52M       3.2G

MemTotal:        4016004 kB
MemFree:          106136 kB
Active:           440708 kB
Mem:          3.8G       3.7G       103M       5.7M        53M       3.2G

MemTotal:        4016004 kB
MemFree:          132188 kB
Active:           450868 kB
Mem:          3.8G       3.7G       128M       5.7M        20M       3.2G

MemTotal:        4016004 kB
MemFree:          141632 kB
Active:           497364 kB
Mem:          3.8G       3.7G       138M       5.7M        20M       3.2G

MemTotal:        4016004 kB
MemFree:          142888 kB
Active:           494952 kB
Mem:          3.8G       3.7G       138M       5.7M        20M       3.2G

MemTotal:        4016004 kB
MemFree:          133112 kB
Active:           491844 kB
Mem:          3.8G       3.7G       130M       5.7M        20M       3.2G

MemTotal:        4016004 kB
MemFree:          125216 kB
Active:           488308 kB
Mem:          3.8G       3.7G       121M       5.7M        20M       3.3G

MemTotal:        4016004 kB
MemFree:          128572 kB
Active:           480648 kB
Mem:          3.8G       3.7G       125M       5.7M        20M       3.3G

MemTotal:        4016004 kB
MemFree:          129200 kB
Active:           475296 kB
Mem:          3.8G       3.7G       125M       5.7M        20M       3.3G

MemTotal:        4016004 kB
MemFree:          120680 kB
Active:           471792 kB
Mem:          3.8G       3.7G       117M       5.7M        20M       3.3G

MemTotal:        4016004 kB
MemFree:          126952 kB
Active:           469856 kB
Mem:          3.8G       3.7G       123M       5.7M        20M       3.3G

MemTotal:        4016004 kB
MemFree:          131672 kB
Active:           466572 kB
Mem:          3.8G       3.7G       128M       5.7M        20M       3.2G

MemTotal:        4016004 kB
MemFree:          123672 kB
Active:           463036 kB
Mem:          3.8G       3.7G       120M       5.7M        20M       3.3G

MemTotal:        4016004 kB
MemFree:          127392 kB
Active:           456068 kB
Mem:          3.8G       3.7G       124M       5.7M        20M       3.3G

MemTotal:        4016004 kB
MemFree:          131068 kB
Active:           452584 kB
Mem:          3.8G       3.7G       127M       5.7M        20M       3.2G

MemTotal:        4016004 kB
MemFree:          134948 kB
Active:           450584 kB
Mem:          3.8G       3.7G       131M       5.7M        20M       3.2G

MemTotal:        4016004 kB
MemFree:          143540 kB
Active:           448576 kB
Mem:          3.8G       3.7G       140M       5.7M        20M       3.2G

MemTotal:        4016004 kB
MemFree:          135400 kB
Active:           447544 kB
Mem:          3.8G       3.7G       132M       5.7M        20M       3.2G

MemTotal:        4016004 kB
MemFree:          126732 kB
Active:           446464 kB
Mem:          3.8G       3.7G       123M       5.7M        20M       3.3G

MemTotal:        4016004 kB
MemFree:          129740 kB
Active:           443472 kB
Mem:          3.8G       3.7G       126M       5.7M        20M       3.2G

MemTotal:        4016004 kB
MemFree:          132284 kB
Active:           441588 kB
Mem:          3.8G       3.7G       133M       5.7M        20M       3.2G

MemTotal:        4016004 kB
MemFree:          124812 kB
Active:           441488 kB
Mem:          3.8G       3.7G       121M       5.7M        20M       3.3G

MemTotal:        4016004 kB
MemFree:          118640 kB
Active:           440556 kB
Mem:          3.8G       3.7G       116M       5.7M        20M       3.3G

MemTotal:        4016004 kB
MemFree:          110748 kB
Active:           439292 kB
Mem:          3.8G       3.7G       108M       5.7M        20M       3.3G

MemTotal:        4016004 kB
MemFree:          109632 kB
Active:           437700 kB
Mem:          3.8G       3.7G       107M       5.7M        20M       3.3G

MemTotal:        4016004 kB
MemFree:          118444 kB
Active:           438668 kB
Mem:          3.8G       3.7G       115M       5.7M        21M       3.3G

MemTotal:        4016004 kB
MemFree:          125332 kB
Active:           435160 kB
Mem:          3.8G       3.7G       121M       5.7M        22M       3.3G

MemTotal:        4016004 kB
MemFree:          115420 kB
Active:           434012 kB
Mem:          3.8G       3.7G       112M       5.7M        22M       3.3G

MemTotal:        4016004 kB
MemFree:          107904 kB
Active:           433116 kB
Mem:          3.8G       3.7G       105M       5.7M        22M       3.3G

MemTotal:        4016004 kB
MemFree:          113992 kB
Active:           431292 kB
Mem:          3.8G       3.7G       111M       5.7M        22M       3.3G

MemTotal:        4016004 kB
MemFree:          104936 kB
Active:           430420 kB
Mem:          3.8G       3.7G       102M       5.7M        23M       3.3G

MemTotal:        4016004 kB
MemFree:          126096 kB
Active:           428280 kB
Mem:          3.8G       3.7G       122M       5.7M        23M       3.2G

MemTotal:        4016004 kB
MemFree:          121680 kB
Active:           426724 kB
Mem:          3.8G       3.7G       118M       5.7M        23M       3.3G

MemTotal:        4016004 kB
MemFree:          133588 kB
Active:           427920 kB
Mem:          3.8G       3.7G       130M       5.7M        26M       3.2G

MemTotal:        4016004 kB
MemFree:          132684 kB
Active:           427868 kB
Mem:          3.8G       3.7G       129M       5.7M        26M       3.2G

MemTotal:        4016004 kB
MemFree:          136236 kB
Active:           425500 kB
Mem:          3.8G       3.7G       133M       5.7M        26M       3.2G

MemTotal:        4016004 kB
MemFree:          139920 kB
Active:           423884 kB
Mem:          3.8G       3.7G       136M       5.7M        26M       3.2G

MemTotal:        4016004 kB
MemFree:          131492 kB
Active:           422732 kB
Mem:          3.8G       3.7G       128M       5.7M        26M       3.2G

MemTotal:        4016004 kB
MemFree:          121504 kB
Active:           421580 kB
Mem:          3.8G       3.7G       118M       5.7M        26M       3.2G

MemTotal:        4016004 kB
MemFree:          124084 kB
Active:           419664 kB
Mem:          3.8G       3.7G       120M       5.7M        26M       3.2G

MemTotal:        4016004 kB
MemFree:          113576 kB
Active:           418516 kB
Mem:          3.8G       3.7G       111M       5.7M        26M       3.3G

MemTotal:        4016004 kB
MemFree:          117564 kB
Active:           415068 kB
Mem:          3.8G       3.7G       115M       5.7M        26M       3.3G

MemTotal:        4016004 kB
MemFree:          126728 kB
Active:           413380 kB
Mem:          3.8G       3.7G       123M       5.7M        26M       3.2G

MemTotal:        4016004 kB
MemFree:          116836 kB
Active:           412252 kB
Mem:          3.8G       3.7G       113M       5.7M        26M       3.3G

MemTotal:        4016004 kB
MemFree:          107780 kB
Active:           411100 kB
Mem:          3.8G       3.7G       105M       5.7M        26M       3.3G

MemTotal:        4016004 kB
MemFree:          130652 kB
Active:           409448 kB
Mem:          3.8G       3.7G       127M       5.7M        26M       3.2G

MemTotal:        4016004 kB
MemFree:          122640 kB
Active:           409276 kB
Mem:          3.8G       3.7G       119M       5.7M        26M       3.2G

MemTotal:        4016004 kB
MemFree:          111788 kB
Active:           408320 kB
Mem:          3.8G       3.7G       108M       5.7M        26M       3.3G

MemTotal:        4016004 kB
MemFree:          126856 kB
Active:           406528 kB
Mem:          3.8G       3.7G       123M       5.7M        26M       3.2G

MemTotal:        4016004 kB
MemFree:          125540 kB
Active:           404728 kB
Mem:          3.8G       3.7G       122M       5.7M        26M       3.2G

MemTotal:        4016004 kB
MemFree:          134048 kB
Active:           402568 kB
Mem:          3.8G       3.7G       130M       5.7M        26M       3.2G

MemTotal:        4016004 kB
MemFree:          127604 kB
Active:           401288 kB
Mem:          3.8G       3.7G       124M       5.7M        26M       3.2G

MemTotal:        4016004 kB
MemFree:          133412 kB
Active:           399628 kB
Mem:          3.8G       3.7G       130M       5.7M        26M       3.2G

MemTotal:        4016004 kB
MemFree:          129336 kB
Active:           398084 kB
Mem:          3.8G       3.7G       126M       5.7M        26M       3.2G

MemTotal:        4016004 kB
MemFree:          119768 kB
Active:           397076 kB
Mem:          3.8G       3.7G       116M       5.7M        26M       3.3G

MemTotal:        4016004 kB
MemFree:          121032 kB
Active:           395156 kB
Mem:          3.8G       3.7G       117M       5.7M        26M       3.2G

MemTotal:        4016004 kB
MemFree:          111880 kB
Active:           394004 kB
Mem:          3.8G       3.7G       108M       5.7M        26M       3.3G

MemTotal:        4016004 kB
MemFree:          112936 kB
Active:           390784 kB
Mem:          3.8G       3.7G       110M       5.7M        26M       3.3G

MemTotal:        4016004 kB
MemFree:          126956 kB
Active:           389736 kB
Mem:          3.8G       3.7G       123M       5.7M        26M       3.2G

MemTotal:        4016004 kB
MemFree:          134356 kB
Active:           387804 kB
Mem:          3.8G       3.7G       131M       5.7M        26M       3.2G

MemTotal:        4016004 kB
MemFree:          127792 kB
Active:           386540 kB
Mem:          3.8G       3.7G       124M       5.7M        26M       3.2G

MemTotal:        4016004 kB
MemFree:          119844 kB
Active:           385296 kB
Mem:          3.8G       3.7G       116M       5.7M        26M       3.3G

MemTotal:        4016004 kB
MemFree:          110556 kB
Active:           384096 kB
Mem:          3.8G       3.7G       107M       5.7M        26M       3.3G

MemTotal:        4016004 kB
MemFree:          112212 kB
Active:           382236 kB
Mem:          3.8G       3.7G       109M       5.7M        26M       3.3G

MemTotal:        4016004 kB
MemFree:          117432 kB
Active:           380836 kB
Mem:          3.8G       3.7G       114M       5.7M        26M       3.3G

MemTotal:        4016004 kB
MemFree:          108904 kB
Active:           380804 kB
Mem:          3.8G       3.7G       106M       5.7M        26M       3.3G

MemTotal:        4016004 kB
MemFree:          124432 kB
Active:           380844 kB
Mem:          3.8G       3.7G       121M       5.7M        26M       3.2G

MemTotal:        4016004 kB
MemFree:          136816 kB
Active:           380852 kB
Mem:          3.8G       3.7G       133M       5.7M        26M       3.2G

MemTotal:        4016004 kB
MemFree:          134016 kB
Active:           380852 kB
Mem:          3.8G       3.7G       130M       5.7M        26M       3.2G

MemTotal:        4016004 kB
MemFree:          130612 kB
Active:           380688 kB
Mem:          3.8G       3.7G       127M       5.7M        26M       3.2G

MemTotal:        4016004 kB
MemFree:          121060 kB
Active:           380700 kB
Mem:          3.8G       3.7G       118M       5.7M        26M       3.2G

MemTotal:        4016004 kB
MemFree:          111588 kB
Active:           380704 kB
Mem:          3.8G       3.7G       108M       5.7M        26M       3.3G

MemTotal:        4016004 kB
MemFree:          113948 kB
Active:           380704 kB
Mem:          3.8G       3.7G       111M       5.7M        26M       3.3G

MemTotal:        4016004 kB
MemFree:          121996 kB
Active:           380708 kB
Mem:          3.8G       3.7G       119M       5.7M        26M       3.2G

MemTotal:        4016004 kB
MemFree:          112600 kB
Active:           380716 kB
Mem:          3.8G       3.7G       109M       5.7M        26M       3.3G

MemTotal:        4016004 kB
MemFree:          126036 kB
Active:           380716 kB
Mem:          3.8G       3.7G       123M       5.7M        26M       3.2G

MemTotal:        4016004 kB
MemFree:          124824 kB
Active:           380716 kB
Mem:          3.8G       3.7G       121M       5.7M        26M       3.2G

MemTotal:        4016004 kB
MemFree:          133308 kB
Active:           380636 kB
Mem:          3.8G       3.7G       130M       5.7M        26M       3.2G

MemTotal:        4016004 kB
MemFree:          129832 kB
Active:           380640 kB
Mem:          3.8G       3.7G       126M       5.7M        26M       3.2G

MemTotal:        4016004 kB
MemFree:          132004 kB
Active:           380644 kB
Mem:          3.8G       3.7G       129M       5.7M        26M       3.2G

MemTotal:        4016004 kB
MemFree:          110048 kB
Active:           380596 kB
Mem:          3.8G       3.7G       107M       5.7M        26M       3.3G

MemTotal:        4016004 kB
MemFree:          118052 kB
Active:           380660 kB
Mem:          3.8G       3.7G       115M       5.7M        26M       3.2G

MemTotal:        4016004 kB
MemFree:          108852 kB
Active:           380660 kB
Mem:          3.8G       3.7G       105M       5.7M        26M       3.3G

MemTotal:        4016004 kB
MemFree:          117520 kB
Active:           380664 kB
Mem:          3.8G       3.7G       114M       5.7M        26M       3.3G

MemTotal:        4016004 kB
MemFree:          108504 kB
Active:           380640 kB
Mem:          3.8G       3.7G       106M       5.7M        26M       3.3G

MemTotal:        4016004 kB
MemFree:          129732 kB
Active:           380616 kB
Mem:          3.8G       3.7G       125M       5.7M        26M       3.2G

MemTotal:        4016004 kB
MemFree:          107428 kB
Active:           380648 kB
Mem:          3.8G       3.7G       104M       5.7M        26M       3.3G

MemTotal:        4016004 kB
MemFree:          135360 kB
Active:           380600 kB
Mem:          3.8G       3.7G       131M       5.7M        26M       3.2G

MemTotal:        4016004 kB
MemFree:          140356 kB
Active:           380672 kB
Mem:          3.8G       3.7G       136M       5.7M        26M       3.2G

MemTotal:        4016004 kB
MemFree:          128996 kB
Active:           380700 kB
Mem:          3.8G       3.7G       125M       5.7M        26M       3.2G

MemTotal:        4016004 kB
MemFree:          106424 kB
Active:           380664 kB
Mem:          3.8G       3.7G       103M       5.7M        26M       3.3G

MemTotal:        4016004 kB
MemFree:          121472 kB
Active:           380864 kB
Mem:          3.8G       3.7G       117M       5.7M        26M       3.2G

MemTotal:        4016004 kB
MemFree:          112520 kB
Active:           380704 kB
Mem:          3.8G       3.7G       109M       5.7M        26M       3.3G

MemTotal:        4016004 kB
MemFree:          118092 kB
Active:           380716 kB
Mem:          3.8G       3.7G       115M       5.7M        26M       3.2G

MemTotal:        4016004 kB
MemFree:          132664 kB
Active:           380716 kB
Mem:          3.8G       3.7G       129M       5.7M        26M       3.2G

MemTotal:        4016004 kB
MemFree:          123692 kB
Active:           380684 kB
Mem:          3.8G       3.7G       120M       5.7M        26M       3.2G

MemTotal:        4016004 kB
MemFree:          133148 kB
Active:           380696 kB
Mem:          3.8G       3.7G       129M       5.7M        26M       3.2G

MemTotal:        4016004 kB
MemFree:          123132 kB
Active:           380680 kB
Mem:          3.8G       3.7G       120M       5.7M        26M       3.2G

MemTotal:        4016004 kB
MemFree:          126900 kB
Active:           380688 kB
Mem:          3.8G       3.7G       123M       5.7M        26M       3.2G

MemTotal:        4016004 kB
MemFree:          122468 kB
Active:           380732 kB
Mem:          3.8G       3.7G       119M       5.7M        26M       3.2G

MemTotal:        4016004 kB
MemFree:          111352 kB
Active:           376084 kB
Mem:          3.8G       3.7G       108M       5.7M        26M       3.3G

MemTotal:        4016004 kB
MemFree:          131732 kB
Active:           376084 kB
Mem:          3.8G       3.7G       128M       5.7M        26M       3.2G

MemTotal:        4016004 kB
MemFree:          123328 kB
Active:           376064 kB
Mem:          3.8G       3.7G       119M       5.7M        26M       3.2G

MemTotal:        4016004 kB
MemFree:          128324 kB
Active:           376060 kB
Mem:          3.8G       3.7G       125M       5.7M        26M       3.2G

MemTotal:        4016004 kB
MemFree:          127508 kB
Active:           376116 kB
Mem:          3.8G       3.7G       124M       5.7M        26M       3.2G

MemTotal:        4016004 kB
MemFree:          133152 kB
Active:           376064 kB
Mem:          3.8G       3.7G       130M       5.7M        26M       3.2G

MemTotal:        4016004 kB
MemFree:          125468 kB
Active:           376080 kB
Mem:          3.8G       3.7G       122M       5.7M        26M       3.2G

MemTotal:        4016004 kB
MemFree:          116928 kB
Active:           376112 kB
Mem:          3.8G       3.7G       114M       5.7M        26M       3.3G

MemTotal:        4016004 kB
MemFree:          121120 kB
Active:           373868 kB
Mem:          3.8G       3.7G       117M       5.7M        26M       3.2G

MemTotal:        4016004 kB
MemFree:          110616 kB
Active:           373692 kB
Mem:          3.8G       3.7G       107M       5.7M        26M       3.3G

MemTotal:        4016004 kB
MemFree:          125568 kB
Active:           373692 kB
Mem:          3.8G       3.7G       122M       5.7M        26M       3.2G

MemTotal:        4016004 kB
MemFree:          127396 kB
Active:           373692 kB
Mem:          3.8G       3.7G       123M       5.7M        26M       3.2G

MemTotal:        4016004 kB
MemFree:          106392 kB
Active:           373636 kB
Mem:          3.8G       3.7G       104M       5.7M        26M       3.3G

MemTotal:        4016004 kB
MemFree:          121644 kB
Active:           373700 kB
Mem:          3.8G       3.7G       117M       5.7M        26M       3.2G

MemTotal:        4016004 kB
MemFree:          106444 kB
Active:           373660 kB
Mem:          3.8G       3.7G       103M       5.7M        26M       3.3G

MemTotal:        4016004 kB
MemFree:          122256 kB
Active:           373704 kB
Mem:          3.8G       3.7G       119M       5.7M        26M       3.2G

MemTotal:        4016004 kB
MemFree:          122460 kB
Active:           373676 kB
Mem:          3.8G       3.7G       118M       5.7M        26M       3.2G

MemTotal:        4016004 kB
MemFree:          112568 kB
Active:           373668 kB
Mem:          3.8G       3.7G       110M       5.7M        26M       3.3G

MemTotal:        4016004 kB
MemFree:          130224 kB
Active:           371948 kB
Mem:          3.8G       3.7G       126M       5.7M        26M       3.2G

MemTotal:        4016004 kB
MemFree:          121504 kB
Active:           371920 kB
Mem:          3.8G       3.7G       118M       5.7M        26M       3.2G

MemTotal:        4016004 kB
MemFree:          105560 kB
Active:           371880 kB
Mem:          3.8G       3.7G       103M       5.7M        26M       3.3G

MemTotal:        4016004 kB
MemFree:          132312 kB
Active:           371932 kB
Mem:          3.8G       3.7G       129M       5.7M        26M       3.2G

MemTotal:        4016004 kB
MemFree:          133948 kB
Active:           371932 kB
Mem:          3.8G       3.7G       130M       5.7M        26M       3.2G

MemTotal:        4016004 kB
MemFree:          141576 kB
Active:           371908 kB
Mem:          3.8G       3.7G       138M       5.7M        26M       3.2G

MemTotal:        4016004 kB
MemFree:          132584 kB
Active:           371932 kB
Mem:          3.8G       3.7G       129M       5.7M        26M       3.2G

MemTotal:        4016004 kB
MemFree:          123676 kB
Active:           371916 kB
Mem:          3.8G       3.7G       120M       5.7M        26M       3.2G

MemTotal:        4016004 kB
MemFree:          125316 kB
Active:           371948 kB
Mem:          3.8G       3.7G       122M       5.7M        26M       3.2G

MemTotal:        4016004 kB
MemFree:          121828 kB
Active:           371960 kB
Mem:          3.8G       3.7G       119M       5.7M        26M       3.2G

MemTotal:        4016004 kB
MemFree:          122124 kB
Active:           371908 kB
Mem:          3.8G       3.7G       119M       5.7M        26M       3.2G

MemTotal:        4016004 kB
MemFree:          122176 kB
Active:           371988 kB
Mem:          3.8G       3.7G       119M       5.7M        26M       3.2G

MemTotal:        4016004 kB
MemFree:          118992 kB
Active:           371988 kB
Mem:          3.8G       3.7G       115M       5.7M        26M       3.2G

MemTotal:        4016004 kB
MemFree:          110604 kB
Active:           370728 kB
Mem:          3.8G       3.7G       108M       5.7M        26M       3.3G

MemTotal:        4016004 kB
MemFree:          131712 kB
Active:           370736 kB
Mem:          3.8G       3.7G       128M       5.7M        26M       3.2G

MemTotal:        4016004 kB
MemFree:          133432 kB
Active:           370736 kB
Mem:          3.8G       3.7G       130M       5.7M        26M       3.2G

MemTotal:        4016004 kB
MemFree:          124064 kB
Active:           370736 kB
Mem:          3.8G       3.7G       121M       5.7M        26M       3.2G

MemTotal:        4016004 kB
MemFree:          129116 kB
Active:           370744 kB
Mem:          3.8G       3.7G       125M       5.7M        26M       3.2G

MemTotal:        4016004 kB
MemFree:          131236 kB
Active:           370744 kB
Mem:          3.8G       3.7G       127M       5.7M        26M       3.2G

MemTotal:        4016004 kB
MemFree:          132484 kB
Active:           370748 kB
Mem:          3.8G       3.7G       128M       5.7M        26M       3.2G

MemTotal:        4016004 kB
MemFree:          134984 kB
Active:           370748 kB
Mem:          3.8G       3.7G       131M       5.7M        26M       3.2G

MemTotal:        4016004 kB
MemFree:          132248 kB
Active:           370760 kB
Mem:          3.8G       3.7G       128M       5.7M        26M       3.2G

MemTotal:        4016004 kB
MemFree:          135380 kB
Active:           370760 kB
Mem:          3.8G       3.7G       132M       5.7M        26M       3.2G

MemTotal:        4016004 kB
MemFree:          121560 kB
Active:           370760 kB
Mem:          3.8G       3.7G       119M       5.7M        26M       3.2G

MemTotal:        4016004 kB
MemFree:          137224 kB
Active:           361616 kB
Mem:          3.8G       3.7G       134M       5.7M        26M       3.2G

MemTotal:        4016004 kB
MemFree:          129020 kB
Active:           361620 kB
Mem:          3.8G       3.7G       125M       5.7M        26M       3.2G

MemTotal:        4016004 kB
MemFree:          119444 kB
Active:           361624 kB
Mem:          3.8G       3.7G       116M       5.7M        26M       3.2G

MemTotal:        4016004 kB
MemFree:          128300 kB
Active:           361604 kB
Mem:          3.8G       3.7G       125M       5.7M        26M       3.2G

MemTotal:        4016004 kB
MemFree:          120512 kB
Active:           361632 kB
Mem:          3.8G       3.7G       117M       5.7M        26M       3.2G

MemTotal:        4016004 kB
MemFree:          111152 kB
Active:           361632 kB
Mem:          3.8G       3.7G       108M       5.7M        26M       3.3G

MemTotal:        4016004 kB
MemFree:          116016 kB
Active:           361632 kB
Mem:          3.8G       3.7G       112M       5.7M        26M       3.2G

MemTotal:        4016004 kB
MemFree:          106744 kB
Active:           361624 kB
Mem:          3.8G       3.7G       103M       5.7M        26M       3.3G

MemTotal:        4016004 kB
MemFree:          133736 kB
Active:           361640 kB
Mem:          3.8G       3.7G       130M       5.7M        26M       3.2G

MemTotal:        4016004 kB
MemFree:          136136 kB
Active:           361652 kB
Mem:          3.8G       3.7G       133M       5.7M        26M       3.2G

MemTotal:        4016004 kB
MemFree:          140116 kB
Active:           361596 kB
Mem:          3.8G       3.7G       140M       5.7M        26M       3.2G

MemTotal:        4016004 kB
MemFree:          129660 kB
Active:           361612 kB
Mem:          3.8G       3.7G       125M       5.7M        26M       3.2G

MemTotal:        4016004 kB
MemFree:          139404 kB
Active:           360516 kB
Mem:          3.8G       3.7G       135M       5.7M        26M       3.2G

MemTotal:        4016004 kB
MemFree:          130864 kB
Active:           360488 kB
Mem:          3.8G       3.7G       127M       5.7M        26M       3.2G

MemTotal:        4016004 kB
MemFree:          121720 kB
Active:           360512 kB
Mem:          3.8G       3.7G       118M       5.7M        26M       3.2G

MemTotal:        4016004 kB
MemFree:          126780 kB
Active:           360524 kB
Mem:          3.8G       3.7G       123M       5.7M        26M       3.2G

MemTotal:        4016004 kB
MemFree:          130052 kB
Active:           360524 kB
Mem:          3.8G       3.7G       127M       5.7M        26M       3.2G

MemTotal:        4016004 kB
MemFree:          138688 kB
Active:           360536 kB
Mem:          3.8G       3.7G       135M       5.7M        26M       3.2G

MemTotal:        4016004 kB
MemFree:          130244 kB
Active:           360480 kB
Mem:          3.8G       3.7G       127M       5.7M        26M       3.2G

MemTotal:        4016004 kB
MemFree:          118480 kB
Active:           360540 kB
Mem:          3.8G       3.7G       115M       5.7M        26M       3.2G

MemTotal:        4016004 kB
MemFree:          125164 kB
Active:           360544 kB
Mem:          3.8G       3.7G       122M       5.7M        26M       3.2G

MemTotal:        4016004 kB
MemFree:          116400 kB
Active:           360552 kB
Mem:          3.8G       3.7G       113M       5.7M        26M       3.2G

MemTotal:        4016004 kB
MemFree:          128504 kB
Active:           360512 kB
Mem:          3.8G       3.7G       125M       5.7M        26M       3.2G

MemTotal:        4016004 kB
MemFree:          126504 kB
Active:           360572 kB
Mem:          3.8G       3.7G       123M       5.7M        26M       3.2G

MemTotal:        4016004 kB
MemFree:          114420 kB
Active:           360524 kB
Mem:          3.8G       3.7G       111M       5.7M        26M       3.2G

MemTotal:        4016004 kB
MemFree:          125876 kB
Active:           357532 kB
Mem:          3.8G       3.7G       122M       5.7M        26M       3.2G

MemTotal:        4016004 kB
MemFree:          106968 kB
Active:           357540 kB
Mem:          3.8G       3.7G       104M       5.7M        26M       3.3G

MemTotal:        4016004 kB
MemFree:          135016 kB
Active:           357504 kB
Mem:          3.8G       3.7G       131M       5.7M        26M       3.2G

MemTotal:        4016004 kB
MemFree:          146424 kB
Active:           357520 kB
Mem:          3.8G       3.7G       142M       5.7M        26M       3.2G

MemTotal:        4016004 kB
MemFree:          125108 kB
Active:           357496 kB
Mem:          3.8G       3.7G       122M       5.7M        26M       3.2G

MemTotal:        4016004 kB
MemFree:          120840 kB
Active:           357544 kB
Mem:          3.8G       3.7G       117M       5.7M        26M       3.2G

MemTotal:        4016004 kB
MemFree:          122092 kB
Active:           357516 kB
Mem:          3.8G       3.7G       119M       5.7M        26M       3.2G

MemTotal:        4016004 kB
MemFree:          106900 kB
Active:           357560 kB
Mem:          3.8G       3.7G       103M       5.7M        26M       3.3G

MemTotal:        4016004 kB
MemFree:          122376 kB
Active:           357532 kB
Mem:          3.8G       3.7G       119M       5.7M        26M       3.2G

MemTotal:        4016004 kB
MemFree:          110156 kB
Active:           357584 kB
Mem:          3.8G       3.7G       106M       5.7M        26M       3.3G

MemTotal:        4016004 kB
MemFree:          125752 kB
Active:           357584 kB
Mem:          3.8G       3.7G       122M       5.7M        26M       3.2G

MemTotal:        4016004 kB
MemFree:          121424 kB
Active:           357588 kB
Mem:          3.8G       3.7G       118M       5.7M        26M       3.2G

MemTotal:        4016004 kB
MemFree:          127748 kB
Active:           357588 kB
Mem:          3.8G       3.7G       124M       5.7M        26M       3.2G

MemTotal:        4016004 kB
MemFree:          124156 kB
Active:           357592 kB
Mem:          3.8G       3.7G       120M       5.7M        26M       3.2G

MemTotal:        4016004 kB
MemFree:          130976 kB
Active:           354664 kB
Mem:          3.8G       3.7G       127M       5.7M        26M       3.2G

MemTotal:        4016004 kB
MemFree:          124308 kB
Active:           354588 kB
Mem:          3.8G       3.7G       120M       5.7M        26M       3.2G

MemTotal:        4016004 kB
MemFree:          127932 kB
Active:           354596 kB
Mem:          3.8G       3.7G       124M       5.7M        26M       3.2G

MemTotal:        4016004 kB
MemFree:          112064 kB
Active:           354548 kB
Mem:          3.8G       3.7G       109M       5.7M        26M       3.2G

MemTotal:        4016004 kB
MemFree:          133388 kB
Active:           354608 kB
Mem:          3.8G       3.7G       130M       5.7M        26M       3.2G

MemTotal:        4016004 kB
MemFree:          136956 kB
Active:           354592 kB
Mem:          3.8G       3.7G       133M       5.7M        26M       3.2G

MemTotal:        4016004 kB
MemFree:          133972 kB
Active:           354624 kB
Mem:          3.8G       3.7G       130M       5.7M        26M       3.2G

MemTotal:        4016004 kB
MemFree:          140132 kB
Active:           354604 kB
Mem:          3.8G       3.7G       136M       5.7M        26M       3.2G

MemTotal:        4016004 kB
MemFree:          132312 kB
Active:           354636 kB
Mem:          3.8G       3.7G       128M       5.7M        26M       3.2G

MemTotal:        4016004 kB
MemFree:          122060 kB
Active:           354660 kB
Mem:          3.8G       3.7G       119M       5.7M        26M       3.2G

MemTotal:        4016004 kB
MemFree:          137696 kB
Active:           354660 kB
Mem:          3.8G       3.7G       134M       5.7M        26M       3.2G

MemTotal:        4016004 kB
MemFree:          128860 kB
Active:           354628 kB
Mem:          3.8G       3.7G       125M       5.7M        26M       3.2G

MemTotal:        4016004 kB
MemFree:          128064 kB
Active:           354644 kB
Mem:          3.8G       3.7G       125M       5.7M        26M       3.2G

MemTotal:        4016004 kB
MemFree:          119180 kB
Active:           354664 kB
Mem:          3.8G       3.7G       116M       5.7M        26M       3.2G

MemTotal:        4016004 kB
MemFree:          132644 kB
Active:           354672 kB
Mem:          3.8G       3.7G       129M       5.7M        26M       3.2G

MemTotal:        4016004 kB
MemFree:          123688 kB
Active:           354656 kB
Mem:          3.8G       3.7G       120M       5.7M        26M       3.2G

MemTotal:        4016004 kB
MemFree:          129088 kB
Active:           354640 kB
Mem:          3.8G       3.7G       125M       5.7M        26M       3.2G

MemTotal:        4016004 kB
MemFree:          132424 kB
Active:           352552 kB
Mem:          3.8G       3.7G       129M       5.7M        26M       3.2G

MemTotal:        4016004 kB
MemFree:          133688 kB
Active:           352440 kB
Mem:          3.8G       3.7G       130M       5.7M        26M       3.2G

MemTotal:        4016004 kB
MemFree:          137564 kB
Active:           352400 kB
Mem:          3.8G       3.7G       134M       5.7M        26M       3.2G

MemTotal:        4016004 kB
MemFree:          123604 kB
Active:           352420 kB
Mem:          3.8G       3.7G       120M       5.7M        26M       3.2G

MemTotal:        4016004 kB
MemFree:          110348 kB
Active:           352248 kB
Mem:          3.8G       3.7G       107M       5.7M        26M       3.2G

MemTotal:        4016004 kB
MemFree:          110616 kB
Active:           352136 kB
Mem:          3.8G       3.7G       108M       5.7M        26M       3.2G

MemTotal:        4016004 kB
MemFree:          110840 kB
Active:           352152 kB
Mem:          3.8G       3.7G       108M       5.7M        26M       3.2G

MemTotal:        4016004 kB
MemFree:          110844 kB
Active:           352112 kB
Mem:          3.8G       3.7G       108M       5.7M        26M       3.2G

MemTotal:        4016004 kB
MemFree:          110720 kB
Active:           352152 kB
Mem:          3.8G       3.7G       108M       5.7M        26M       3.2G

MemTotal:        4016004 kB
MemFree:          110596 kB
Active:           352144 kB
Mem:          3.8G       3.7G       108M       5.7M        26M       3.2G

MemTotal:        4016004 kB
MemFree:          110596 kB
Active:           352112 kB
Mem:          3.8G       3.7G       107M       5.7M        26M       3.2G

MemTotal:        4016004 kB
MemFree:          110596 kB
Active:           352144 kB
Mem:          3.8G       3.7G       108M       5.7M        26M       3.2G

MemTotal:        4016004 kB
MemFree:          110720 kB
Active:           352160 kB
Mem:          3.8G       3.7G       108M       5.7M        26M       3.2G

MemTotal:        4016004 kB
MemFree:          111092 kB
Active:           352144 kB
Mem:          3.8G       3.7G       108M       5.7M        26M       3.2G

MemTotal:        4016004 kB
MemFree:          111340 kB
Active:           352148 kB
Mem:          3.8G       3.7G       108M       5.7M        26M       3.2G

MemTotal:        4016004 kB
MemFree:          110968 kB
Active:           352168 kB
Mem:          3.8G       3.7G       108M       5.7M        26M       3.2G

MemTotal:        4016004 kB
MemFree:          110968 kB
Active:           352164 kB
Mem:          3.8G       3.7G       108M       5.7M        26M       3.2G

MemTotal:        4016004 kB
MemFree:          111092 kB
Active:           352124 kB
Mem:          3.8G       3.7G       108M       5.7M        26M       3.2G

MemTotal:        4016004 kB
MemFree:          110968 kB
Active:           352156 kB
Mem:          3.8G       3.7G       108M       5.7M        26M       3.2G

MemTotal:        4016004 kB
MemFree:          110720 kB
Active:           352172 kB
Mem:          3.8G       3.7G       108M       5.7M        26M       3.2G

MemTotal:        4016004 kB
MemFree:          110472 kB
Active:           352172 kB
Mem:          3.8G       3.7G       108M       5.7M        26M       3.2G

MemTotal:        4016004 kB
MemFree:          110844 kB
Active:           352120 kB
Mem:          3.8G       3.7G       108M       5.7M        26M       3.2G

MemTotal:        4016004 kB
MemFree:          110844 kB
Active:           352120 kB
Mem:          3.8G       3.7G       108M       5.7M        26M       3.2G

MemTotal:        4016004 kB
MemFree:          110472 kB
Active:           352180 kB
Mem:          3.8G       3.7G       108M       5.7M        26M       3.2G

MemTotal:        4016004 kB
MemFree:          111216 kB
Active:           352144 kB
Mem:          3.8G       3.7G       108M       5.7M        26M       3.2G

MemTotal:        4016004 kB
MemFree:          111340 kB
Active:           352176 kB
Mem:          3.8G       3.7G       108M       5.7M        26M       3.2G

MemTotal:        4016004 kB
MemFree:          111340 kB
Active:           352180 kB
Mem:          3.8G       3.7G       108M       5.7M        26M       3.2G

MemTotal:        4016004 kB
MemFree:          110720 kB
Active:           352148 kB
Mem:          3.8G       3.7G       108M       5.7M        26M       3.2G

MemTotal:        4016004 kB
MemFree:          110720 kB
Active:           352152 kB
Mem:          3.8G       3.7G       108M       5.7M        26M       3.2G

MemTotal:        4016004 kB
MemFree:          110844 kB
Active:           352168 kB
Mem:          3.8G       3.7G       107M       5.7M        26M       3.2G

MemTotal:        4016004 kB
MemFree:          110720 kB
Active:           352188 kB
Mem:          3.8G       3.7G       107M       5.7M        26M       3.2G

MemTotal:        4016004 kB
MemFree:          110720 kB
Active:           352160 kB
Mem:          3.8G       3.7G       108M       5.7M        26M       3.2G

MemTotal:        4016004 kB
MemFree:          110720 kB
Active:           352176 kB
Mem:          3.8G       3.7G       108M       5.7M        26M       3.2G

MemTotal:        4016004 kB
MemFree:          110968 kB
Active:           352196 kB
Mem:          3.8G       3.7G       108M       5.7M        26M       3.2G

MemTotal:        4016004 kB
MemFree:          111092 kB
Active:           352172 kB
Mem:          3.8G       3.7G       108M       5.7M        26M       3.2G

MemTotal:        4016004 kB
MemFree:          110596 kB
Active:           352208 kB
Mem:          3.8G       3.7G       108M       5.7M        26M       3.2G

MemTotal:        4016004 kB
MemFree:          110844 kB
Active:           352192 kB
Mem:          3.8G       3.7G       108M       5.7M        26M       3.2G

MemTotal:        4016004 kB
MemFree:          110844 kB
Active:           352160 kB
Mem:          3.8G       3.7G       108M       5.7M        26M       3.2G

MemTotal:        4016004 kB
MemFree:          110844 kB
Active:           352176 kB
Mem:          3.8G       3.7G       108M       5.7M        26M       3.2G

MemTotal:        4016004 kB
MemFree:          110844 kB
Active:           352184 kB
Mem:          3.8G       3.7G       108M       5.7M        26M       3.2G

MemTotal:        4016004 kB
MemFree:          110348 kB
Active:           352216 kB
Mem:          3.8G       3.7G       107M       5.7M        26M       3.2G

MemTotal:        4016004 kB
MemFree:          111092 kB
Active:           352192 kB
Mem:          3.8G       3.7G       108M       5.7M        26M       3.2G

MemTotal:        4016004 kB
MemFree:          111216 kB
Active:           352204 kB
Mem:          3.8G       3.7G       108M       5.7M        26M       3.2G

MemTotal:        4016004 kB
MemFree:          111340 kB
Active:           352192 kB
Mem:          3.8G       3.7G       108M       5.7M        26M       3.2G

MemTotal:        4016004 kB
MemFree:          111216 kB
Active:           352200 kB
Mem:          3.8G       3.7G       108M       5.7M        26M       3.2G

MemTotal:        4016004 kB
MemFree:          110844 kB
Active:           352240 kB
Mem:          3.8G       3.7G       108M       5.7M        26M       3.2G

MemTotal:        4016004 kB
MemFree:          110472 kB
Active:           352240 kB
Mem:          3.8G       3.7G       107M       5.7M        26M       3.2G

MemTotal:        4016004 kB
MemFree:          110596 kB
Active:           352188 kB
Mem:          3.8G       3.7G       107M       5.7M        26M       3.2G

MemTotal:        4016004 kB
MemFree:          110720 kB
Active:           352196 kB
Mem:          3.8G       3.7G       107M       5.7M        26M       3.2G

MemTotal:        4016004 kB
MemFree:          110720 kB
Active:           352216 kB
Mem:          3.8G       3.7G       108M       5.7M        26M       3.2G

MemTotal:        4016004 kB
MemFree:          110844 kB
Active:           352240 kB
