MemTotal:        4016004 kB
MemFree:         3247868 kB
Active:           412896 kB
Mem:          3.8G       750M       3.1G       5.7M        54M       317M

MemTotal:        4016004 kB
MemFree:         3248396 kB
Active:           413040 kB
Mem:          3.8G       749M       3.1G       5.7M        54M       317M

MemTotal:        4016004 kB
MemFree:         3248008 kB
Active:           413112 kB
Mem:          3.8G       749M       3.1G       5.7M        54M       317M

MemTotal:        4016004 kB
MemFree:         3247868 kB
Active:           413112 kB
Mem:          3.8G       750M       3.1G       5.7M        54M       317M

MemTotal:        4016004 kB
MemFree:         3248100 kB
Active:           413088 kB
Mem:          3.8G       750M       3.1G       5.7M        54M       317M

MemTotal:        4016004 kB
MemFree:         3247836 kB
Active:           413112 kB
Mem:          3.8G       750M       3.1G       5.7M        54M       317M

MemTotal:        4016004 kB
MemFree:         3247928 kB
Active:           413060 kB
Mem:          3.8G       750M       3.1G       5.7M        54M       317M

MemTotal:        4016004 kB
MemFree:         3247932 kB
Active:           411072 kB
Mem:          3.8G       750M       3.1G       5.7M        54M       317M

MemTotal:        4016004 kB
MemFree:         3247528 kB
Active:           413132 kB
Mem:          3.8G       750M       3.1G       5.7M        54M       317M

MemTotal:        4016004 kB
MemFree:         3247280 kB
Active:           413132 kB
Mem:          3.8G       750M       3.1G       5.7M        54M       317M

MemTotal:        4016004 kB
MemFree:         3247900 kB
Active:           413104 kB
Mem:          3.8G       750M       3.1G       5.7M        54M       317M

MemTotal:        4016004 kB
MemFree:         3247884 kB
Active:           413088 kB
Mem:          3.8G       750M       3.1G       5.7M        54M       317M

MemTotal:        4016004 kB
MemFree:         3247868 kB
Active:           413136 kB
Mem:          3.8G       749M       3.1G       5.7M        54M       317M

MemTotal:        4016004 kB
MemFree:         3248100 kB
Active:           413104 kB
Mem:          3.8G       750M       3.1G       5.7M        54M       317M

MemTotal:        4016004 kB
MemFree:         3248208 kB
Active:           413128 kB
Mem:          3.8G       749M       3.1G       5.7M        54M       317M

MemTotal:        4016004 kB
MemFree:         3248192 kB
Active:           413116 kB
Mem:          3.8G       749M       3.1G       5.7M        54M       317M

MemTotal:        4016004 kB
MemFree:         3249776 kB
Active:           411116 kB
Mem:          3.8G       747M       3.1G       5.7M        54M       317M

MemTotal:        4016004 kB
MemFree:         3249836 kB
Active:           409068 kB
Mem:          3.8G       748M       3.1G       5.7M        54M       317M

MemTotal:        4016004 kB
MemFree:         3249836 kB
Active:           411088 kB
Mem:          3.8G       748M       3.1G       5.7M        54M       317M

MemTotal:        4016004 kB
MemFree:         3249836 kB
Active:           411076 kB
Mem:          3.8G       748M       3.1G       5.7M        54M       317M

MemTotal:        4016004 kB
MemFree:         3249960 kB
Active:           411092 kB
Mem:          3.8G       748M       3.1G       5.7M        54M       317M

MemTotal:        4016004 kB
MemFree:         3249960 kB
Active:           411068 kB
Mem:          3.8G       747M       3.1G       5.7M        54M       317M

MemTotal:        4016004 kB
MemFree:         3250332 kB
Active:           411104 kB
Mem:          3.8G       748M       3.1G       5.7M        54M       317M

MemTotal:        4016004 kB
MemFree:         3249712 kB
Active:           411124 kB
Mem:          3.8G       748M       3.1G       5.7M        54M       317M

MemTotal:        4016004 kB
MemFree:         3250208 kB
Active:           411076 kB
Mem:          3.8G       747M       3.1G       5.7M        54M       317M

MemTotal:        4016004 kB
MemFree:         3250084 kB
Active:           411076 kB
Mem:          3.8G       747M       3.1G       5.7M        54M       317M

MemTotal:        4016004 kB
MemFree:         3250456 kB
Active:           411116 kB
Mem:          3.8G       748M       3.1G       5.7M        54M       317M

MemTotal:        4016004 kB
MemFree:         3249820 kB
Active:           411128 kB
Mem:          3.8G       748M       3.1G       5.7M        54M       317M

MemTotal:        4016004 kB
MemFree:         3250068 kB
Active:           411092 kB
Mem:          3.8G       748M       3.1G       5.7M        54M       317M

MemTotal:        4016004 kB
MemFree:         3249680 kB
Active:           411140 kB
Mem:          3.8G       748M       3.1G       5.7M        54M       317M

MemTotal:        4016004 kB
MemFree:         3249416 kB
Active:           411140 kB
Mem:          3.8G       748M       3.1G       5.7M        54M       317M

MemTotal:        4016004 kB
MemFree:         3249648 kB
Active:           411140 kB
Mem:          3.8G       748M       3.1G       5.7M        54M       317M

MemTotal:        4016004 kB
MemFree:         3249384 kB
Active:           411140 kB
Mem:          3.8G       748M       3.1G       5.7M        54M       317M

MemTotal:        4016004 kB
MemFree:         3249744 kB
Active:           411140 kB
Mem:          3.8G       748M       3.1G       5.7M        54M       317M

MemTotal:        4016004 kB
MemFree:         3250240 kB
Active:           411092 kB
Mem:          3.8G       747M       3.1G       5.7M        54M       317M

MemTotal:        4016004 kB
MemFree:         3250488 kB
Active:           411124 kB
Mem:          3.8G       747M       3.1G       5.7M        54M       317M

MemTotal:        4016004 kB
MemFree:         3250364 kB
Active:           411100 kB
Mem:          3.8G       748M       3.1G       5.7M        54M       317M

MemTotal:        4016004 kB
MemFree:         3249992 kB
Active:           411152 kB
Mem:          3.8G       747M       3.1G       5.7M        54M       317M

MemTotal:        4016004 kB
MemFree:         3249744 kB
Active:           411116 kB
Mem:          3.8G       748M       3.1G       5.7M        54M       317M

MemTotal:        4016004 kB
MemFree:         3249744 kB
Active:           411096 kB
Mem:          3.8G       748M       3.1G       5.7M        54M       317M

MemTotal:        4016004 kB
MemFree:         3249868 kB
Active:           411140 kB
Mem:          3.8G       748M       3.1G       5.7M        54M       317M

MemTotal:        4016004 kB
MemFree:         3249868 kB
Active:           411120 kB
Mem:          3.8G       748M       3.1G       5.7M        54M       317M

MemTotal:        4016004 kB
MemFree:         3249712 kB
Active:           411144 kB
Mem:          3.8G       748M       3.1G       5.7M        54M       317M

MemTotal:        4016004 kB
MemFree:         3249448 kB
Active:           411168 kB
Mem:          3.8G       748M       3.1G       5.7M        54M       317M

MemTotal:        4016004 kB
MemFree:         3250052 kB
Active:           411112 kB
Mem:          3.8G       748M       3.1G       5.7M        54M       317M

MemTotal:        4016004 kB
MemFree:         3250036 kB
Active:           411132 kB
Mem:          3.8G       748M       3.1G       5.7M        54M       317M

MemTotal:        4016004 kB
MemFree:         3250516 kB
Active:           411156 kB
Mem:          3.8G       747M       3.1G       5.7M        54M       317M

MemTotal:        4016004 kB
MemFree:         3250100 kB
Active:           411168 kB
Mem:          3.8G       747M       3.1G       5.7M        54M       317M

MemTotal:        4016004 kB
MemFree:         3250224 kB
Active:           411164 kB
Mem:          3.8G       747M       3.1G       5.7M        54M       317M

MemTotal:        4016004 kB
MemFree:         3250224 kB
Active:           411132 kB
Mem:          3.8G       748M       3.1G       5.7M        54M       317M

MemTotal:        4016004 kB
MemFree:         3249976 kB
Active:           411180 kB
Mem:          3.8G       748M       3.1G       5.7M        54M       317M

MemTotal:        4016004 kB
MemFree:         3250348 kB
Active:           411140 kB
Mem:          3.8G       747M       3.1G       5.7M        54M       317M

MemTotal:        4016004 kB
MemFree:         3250100 kB
Active:           411156 kB
Mem:          3.8G       748M       3.1G       5.7M        54M       317M

MemTotal:        4016004 kB
MemFree:         3250100 kB
Active:           411156 kB
Mem:          3.8G       748M       3.1G       5.7M        54M       317M

MemTotal:        4016004 kB
MemFree:         3249232 kB
Active:           411200 kB
Mem:          3.8G       748M       3.1G       5.7M        54M       317M

MemTotal:        4016004 kB
MemFree:         3249480 kB
Active:           411184 kB
Mem:          3.8G       748M       3.1G       5.7M        54M       317M

MemTotal:        4016004 kB
MemFree:         3249604 kB
Active:           411148 kB
Mem:          3.8G       748M       3.1G       5.7M        54M       317M

MemTotal:        4016004 kB
MemFree:         3249156 kB
Active:           409156 kB
Mem:          3.8G       748M       3.1G       5.7M        54M       317M

MemTotal:        4016004 kB
MemFree:         3249512 kB
Active:           411204 kB
Mem:          3.8G       748M       3.1G       5.7M        54M       317M

MemTotal:        4016004 kB
MemFree:         3249372 kB
Active:           411160 kB
Mem:          3.8G       748M       3.1G       5.7M        54M       317M

MemTotal:        4016004 kB
MemFree:         3249356 kB
Active:           411188 kB
Mem:          3.8G       748M       3.1G       5.7M        54M       317M

MemTotal:        4016004 kB
MemFree:         3134040 kB
Active:           411640 kB
Mem:          3.8G       861M       3.0G       5.7M        55M       429M

MemTotal:        4016004 kB
MemFree:         3021192 kB
Active:           411668 kB
Mem:          3.8G       971M       2.9G       5.7M        55M       537M

MemTotal:        4016004 kB
MemFree:         2901492 kB
Active:           411676 kB
Mem:          3.8G       1.1G       2.8G       5.7M        55M       652M

MemTotal:        4016004 kB
MemFree:         2892324 kB
Active:           411676 kB
Mem:          3.8G       1.1G       2.8G       5.7M        55M       661M

MemTotal:        4016004 kB
MemFree:         2834684 kB
Active:           411644 kB
Mem:          3.8G       1.1G       2.7G       5.7M        55M       717M

MemTotal:        4016004 kB
MemFree:         2791964 kB
Active:           411672 kB
Mem:          3.8G       1.2G       2.7G       5.7M        55M       757M

MemTotal:        4016004 kB
MemFree:         2750192 kB
Active:           411640 kB
Mem:          3.8G       1.2G       2.6G       5.7M        55M       798M

MemTotal:        4016004 kB
MemFree:         2693148 kB
Active:           411668 kB
Mem:          3.8G       1.3G       2.6G       5.7M        55M       852M

MemTotal:        4016004 kB
MemFree:         2691532 kB
Active:           411704 kB
Mem:          3.8G       1.3G       2.6G       5.7M        55M       853M

MemTotal:        4016004 kB
MemFree:         2690944 kB
Active:           411668 kB
Mem:          3.8G       1.3G       2.6G       5.7M        55M       854M

MemTotal:        4016004 kB
MemFree:         2689672 kB
Active:           411684 kB
Mem:          3.8G       1.3G       2.6G       5.7M        55M       855M

MemTotal:        4016004 kB
MemFree:         2687924 kB
Active:           411676 kB
Mem:          3.8G       1.3G       2.6G       5.7M        55M       857M

MemTotal:        4016004 kB
MemFree:         2589540 kB
Active:           411732 kB
Mem:          3.8G       1.4G       2.5G       5.7M        55M       952M

MemTotal:        4016004 kB
MemFree:         2453952 kB
Active:           411740 kB
Mem:          3.8G       1.5G       2.3G       5.7M        55M       1.1G

MemTotal:        4016004 kB
MemFree:         2333028 kB
Active:           411740 kB
Mem:          3.8G       1.6G       2.2G       5.7M        55M       1.2G

MemTotal:        4016004 kB
MemFree:         2332460 kB
Active:           411740 kB
Mem:          3.8G       1.6G       2.2G       5.7M        55M       1.2G

MemTotal:        4016004 kB
MemFree:         2242676 kB
Active:           409668 kB
Mem:          3.8G       1.7G       2.1G       5.7M        55M       1.3G

MemTotal:        4016004 kB
MemFree:         2235444 kB
Active:           413764 kB
Mem:          3.8G       1.7G       2.1G       5.7M        55M       1.3G

MemTotal:        4016004 kB
MemFree:         2178448 kB
Active:           413736 kB
Mem:          3.8G       1.8G       2.1G       5.7M        55M       1.3G

MemTotal:        4016004 kB
MemFree:         2134056 kB
Active:           413784 kB
Mem:          3.8G       1.8G       2.0G       5.7M        55M       1.4G

MemTotal:        4016004 kB
MemFree:         2095460 kB
Active:           413788 kB
Mem:          3.8G       1.8G       2.0G       5.7M        55M       1.4G

MemTotal:        4016004 kB
MemFree:         2034300 kB
Active:           413788 kB
Mem:          3.8G       1.9G       1.9G       5.7M        55M       1.4G

MemTotal:        4016004 kB
MemFree:         2033000 kB
Active:           413792 kB
Mem:          3.8G       1.9G       1.9G       5.7M        55M       1.5G

MemTotal:        4016004 kB
MemFree:         2030516 kB
Active:           413816 kB
Mem:          3.8G       1.9G       1.9G       5.7M        55M       1.5G

MemTotal:        4016004 kB
MemFree:         2029932 kB
Active:           413812 kB
Mem:          3.8G       1.9G       1.9G       5.7M        55M       1.5G

MemTotal:        4016004 kB
MemFree:         2027580 kB
Active:           413772 kB
Mem:          3.8G       1.9G       1.9G       5.7M        55M       1.5G

MemTotal:        4016004 kB
MemFree:         1895608 kB
Active:           413816 kB
Mem:          3.8G       2.0G       1.8G       5.7M        55M       1.6G

MemTotal:        4016004 kB
MemFree:         1767228 kB
Active:           413892 kB
Mem:          3.8G       2.1G       1.7G       5.7M        55M       1.7G

MemTotal:        4016004 kB
MemFree:         1669980 kB
Active:           421396 kB
Mem:          3.8G       2.2G       1.6G       5.7M        62M       1.8G

MemTotal:        4016004 kB
MemFree:         1593016 kB
Active:           421632 kB
Mem:          3.8G       2.3G       1.5G       5.7M        62M       1.9G

MemTotal:        4016004 kB
MemFree:         1569436 kB
Active:           421656 kB
Mem:          3.8G       2.3G       1.5G       5.7M        62M       1.9G

MemTotal:        4016004 kB
MemFree:         1568224 kB
Active:           421600 kB
Mem:          3.8G       2.3G       1.5G       5.7M        62M       1.9G

MemTotal:        4016004 kB
MemFree:         1474908 kB
Active:           421656 kB
Mem:          3.8G       2.4G       1.4G       5.7M        62M       2.0G

MemTotal:        4016004 kB
MemFree:         1471132 kB
Active:           421656 kB
Mem:          3.8G       2.4G       1.4G       5.7M        62M       2.0G

MemTotal:        4016004 kB
MemFree:         1469092 kB
Active:           421616 kB
Mem:          3.8G       2.4G       1.4G       5.7M        62M       2.0G

MemTotal:        4016004 kB
MemFree:         1468164 kB
Active:           421672 kB
Mem:          3.8G       2.4G       1.4G       5.7M        62M       2.0G

MemTotal:        4016004 kB
MemFree:         1466616 kB
Active:           421680 kB
Mem:          3.8G       2.4G       1.4G       5.7M        62M       2.0G

MemTotal:        4016004 kB
MemFree:         1412492 kB
Active:           421640 kB
Mem:          3.8G       2.5G       1.3G       5.7M        62M       2.0G

MemTotal:        4016004 kB
MemFree:         1279292 kB
Active:           421680 kB
Mem:          3.8G       2.6G       1.2G       5.7M        62M       2.2G

MemTotal:        4016004 kB
MemFree:         1162708 kB
Active:           421632 kB
Mem:          3.8G       2.7G       1.1G       5.7M        62M       2.3G

MemTotal:        4016004 kB
MemFree:         1116796 kB
Active:           421688 kB
Mem:          3.8G       2.8G       1.1G       5.7M        62M       2.3G

MemTotal:        4016004 kB
MemFree:         1056704 kB
Active:           421664 kB
Mem:          3.8G       2.8G       1.0G       5.7M        62M       2.4G

MemTotal:        4016004 kB
MemFree:          995060 kB
Active:           421704 kB
Mem:          3.8G       2.9G       971M       5.7M        62M       2.4G

MemTotal:        4016004 kB
MemFree:          990580 kB
Active:           421716 kB
Mem:          3.8G       2.9G       967M       5.7M        62M       2.4G

MemTotal:        4016004 kB
MemFree:          917264 kB
Active:           421732 kB
Mem:          3.8G       3.0G       895M       5.7M        62M       2.5G

MemTotal:        4016004 kB
MemFree:          908944 kB
Active:           421700 kB
Mem:          3.8G       3.0G       887M       5.7M        62M       2.5G

MemTotal:        4016004 kB
MemFree:          816264 kB
Active:           421808 kB
Mem:          3.8G       3.1G       797M       5.7M        62M       2.6G

MemTotal:        4016004 kB
MemFree:          816328 kB
Active:           421780 kB
Mem:          3.8G       3.1G       797M       5.7M        62M       2.6G

MemTotal:        4016004 kB
MemFree:          815680 kB
Active:           421792 kB
Mem:          3.8G       3.1G       796M       5.7M        62M       2.6G

MemTotal:        4016004 kB
MemFree:          815652 kB
Active:           421748 kB
Mem:          3.8G       3.1G       796M       5.7M        62M       2.6G

MemTotal:        4016004 kB
MemFree:          815724 kB
Active:           421672 kB
Mem:          3.8G       3.1G       796M       5.7M        62M       2.6G

MemTotal:        4016004 kB
MemFree:          695080 kB
Active:           421796 kB
Mem:          3.8G       3.2G       678M       5.7M        62M       2.7G

MemTotal:        4016004 kB
MemFree:          563352 kB
Active:           421800 kB
Mem:          3.8G       3.3G       549M       5.7M        62M       2.8G

MemTotal:        4016004 kB
MemFree:          465100 kB
Active:           421764 kB
Mem:          3.8G       3.4G       453M       5.7M        62M       2.9G

MemTotal:        4016004 kB
MemFree:          464204 kB
Active:           421800 kB
Mem:          3.8G       3.4G       453M       5.7M        62M       2.9G

MemTotal:        4016004 kB
MemFree:          374852 kB
Active:           421760 kB
Mem:          3.8G       3.5G       365M       5.7M        62M       3.0G

MemTotal:        4016004 kB
MemFree:          363772 kB
Active:           421772 kB
Mem:          3.8G       3.5G       354M       5.7M        62M       3.0G

MemTotal:        4016004 kB
MemFree:          282608 kB
Active:           421820 kB
Mem:          3.8G       3.6G       276M       5.7M        62M       3.1G

MemTotal:        4016004 kB
MemFree:          281168 kB
Active:           421832 kB
Mem:          3.8G       3.6G       274M       5.7M        62M       3.1G

MemTotal:        4016004 kB
MemFree:          280164 kB
Active:           421844 kB
Mem:          3.8G       3.6G       273M       5.7M        62M       3.1G

MemTotal:        4016004 kB
MemFree:          280060 kB
Active:           421812 kB
Mem:          3.8G       3.6G       273M       5.7M        62M       3.1G

MemTotal:        4016004 kB
MemFree:          280364 kB
Active:           421808 kB
Mem:          3.8G       3.6G       273M       5.7M        62M       3.1G

MemTotal:        4016004 kB
MemFree:          187312 kB
Active:           421816 kB
Mem:          3.8G       3.7G       182M       5.7M        62M       3.2G

MemTotal:        4016004 kB
MemFree:          134484 kB
Active:           430792 kB
Mem:          3.8G       3.7G       136M       5.7M        27M       3.3G

MemTotal:        4016004 kB
MemFree:          137504 kB
Active:           469736 kB
Mem:          3.8G       3.7G       133M       5.7M        27M       3.3G

MemTotal:        4016004 kB
MemFree:          128320 kB
Active:           462856 kB
Mem:          3.8G       3.7G       125M       5.7M        27M       3.3G

MemTotal:        4016004 kB
MemFree:          125436 kB
Active:           462840 kB
Mem:          3.8G       3.7G       122M       5.7M        27M       3.3G

MemTotal:        4016004 kB
MemFree:          140184 kB
Active:           452876 kB
Mem:          3.8G       3.7G       136M       5.7M        27M       3.3G

MemTotal:        4016004 kB
MemFree:          126580 kB
Active:           451076 kB
Mem:          3.8G       3.7G       123M       5.7M        27M       3.3G

MemTotal:        4016004 kB
MemFree:          137184 kB
Active:           443800 kB
Mem:          3.8G       3.7G       133M       5.7M        27M       3.3G

MemTotal:        4016004 kB
MemFree:          137312 kB
Active:           443688 kB
Mem:          3.8G       3.7G       133M       5.7M        27M       3.3G

MemTotal:        4016004 kB
MemFree:          137288 kB
Active:           443636 kB
Mem:          3.8G       3.7G       133M       5.7M        27M       3.3G

MemTotal:        4016004 kB
MemFree:          135928 kB
Active:           443668 kB
Mem:          3.8G       3.7G       132M       5.7M        27M       3.3G

MemTotal:        4016004 kB
MemFree:          120520 kB
Active:           441856 kB
Mem:          3.8G       3.7G       117M       5.7M        27M       3.3G

MemTotal:        4016004 kB
MemFree:          135072 kB
Active:           432608 kB
Mem:          3.8G       3.7G       131M       5.7M        27M       3.3G

MemTotal:        4016004 kB
MemFree:          133144 kB
Active:           426972 kB
Mem:          3.8G       3.7G       129M       5.7M        27M       3.3G

MemTotal:        4016004 kB
MemFree:          128480 kB
Active:           425144 kB
Mem:          3.8G       3.7G       125M       5.7M        27M       3.3G

MemTotal:        4016004 kB
MemFree:          128856 kB
Active:           424676 kB
Mem:          3.8G       3.7G       125M       5.7M        27M       3.3G

MemTotal:        4016004 kB
MemFree:          108164 kB
Active:           423272 kB
Mem:          3.8G       3.7G       105M       5.7M        27M       3.3G

MemTotal:        4016004 kB
MemFree:          131548 kB
Active:           421356 kB
Mem:          3.8G       3.7G       128M       5.7M        27M       3.3G

MemTotal:        4016004 kB
MemFree:          128752 kB
Active:           419956 kB
Mem:          3.8G       3.7G       125M       5.7M        27M       3.3G

MemTotal:        4016004 kB
MemFree:          127812 kB
Active:           415600 kB
Mem:          3.8G       3.7G       124M       5.7M        27M       3.3G

MemTotal:        4016004 kB
MemFree:          129492 kB
Active:           415016 kB
Mem:          3.8G       3.7G       125M       5.7M        27M       3.3G

MemTotal:        4016004 kB
MemFree:          128428 kB
Active:           414980 kB
Mem:          3.8G       3.7G       125M       5.7M        27M       3.3G

MemTotal:        4016004 kB
MemFree:          127024 kB
Active:           416240 kB
Mem:          3.8G       3.7G       124M       5.7M        27M       3.3G

MemTotal:        4016004 kB
MemFree:          126772 kB
Active:           416192 kB
Mem:          3.8G       3.7G       123M       5.7M        27M       3.3G

MemTotal:        4016004 kB
MemFree:          117976 kB
Active:           411812 kB
Mem:          3.8G       3.7G       115M       5.7M        27M       3.3G

MemTotal:        4016004 kB
MemFree:          114104 kB
Active:           406756 kB
Mem:          3.8G       3.7G       111M       5.7M        27M       3.3G

MemTotal:        4016004 kB
MemFree:          128852 kB
Active:           402916 kB
Mem:          3.8G       3.7G       125M       5.7M        27M       3.3G

MemTotal:        4016004 kB
MemFree:          135528 kB
Active:           401644 kB
Mem:          3.8G       3.7G       132M       5.7M        27M       3.3G

MemTotal:        4016004 kB
MemFree:          120012 kB
Active:           399864 kB
Mem:          3.8G       3.7G       117M       5.7M        27M       3.3G

MemTotal:        4016004 kB
MemFree:          115568 kB
Active:           396392 kB
Mem:          3.8G       3.7G       112M       5.7M        27M       3.3G

MemTotal:        4016004 kB
MemFree:          123184 kB
Active:           391916 kB
Mem:          3.8G       3.7G       119M       5.7M        27M       3.3G

MemTotal:        4016004 kB
MemFree:          149932 kB
Active:           386692 kB
Mem:          3.8G       3.7G       146M       5.7M        27M       3.2G

MemTotal:        4016004 kB
MemFree:          147064 kB
Active:           386508 kB
Mem:          3.8G       3.7G       143M       5.7M        27M       3.2G

MemTotal:        4016004 kB
MemFree:          146228 kB
Active:           386556 kB
Mem:          3.8G       3.7G       143M       5.7M        27M       3.2G

MemTotal:        4016004 kB
MemFree:          146528 kB
Active:           386552 kB
Mem:          3.8G       3.7G       143M       5.7M        27M       3.2G

MemTotal:        4016004 kB
MemFree:          146876 kB
Active:           386560 kB
Mem:          3.8G       3.7G       143M       5.7M        27M       3.2G

MemTotal:        4016004 kB
MemFree:          145516 kB
Active:           386592 kB
Mem:          3.8G       3.7G       142M       5.7M        27M       3.2G

MemTotal:        4016004 kB
MemFree:          142252 kB
Active:           386608 kB
Mem:          3.8G       3.7G       138M       5.7M        27M       3.3G

MemTotal:        4016004 kB
MemFree:          141152 kB
Active:           386576 kB
Mem:          3.8G       3.7G       137M       5.7M        27M       3.3G

MemTotal:        4016004 kB
MemFree:          140008 kB
Active:           386596 kB
Mem:          3.8G       3.7G       136M       5.7M        27M       3.3G

MemTotal:        4016004 kB
MemFree:          139208 kB
Active:           386608 kB
Mem:          3.8G       3.7G       135M       5.7M        27M       3.3G

MemTotal:        4016004 kB
MemFree:          131976 kB
Active:           384256 kB
Mem:          3.8G       3.7G       128M       5.7M        27M       3.3G

MemTotal:        4016004 kB
MemFree:          124960 kB
Active:           381336 kB
Mem:          3.8G       3.7G       121M       5.7M        27M       3.3G

MemTotal:        4016004 kB
MemFree:          124112 kB
Active:           377140 kB
Mem:          3.8G       3.7G       121M       5.7M        27M       3.3G

MemTotal:        4016004 kB
MemFree:          113904 kB
Active:           375360 kB
Mem:          3.8G       3.7G       110M       5.7M        27M       3.3G

MemTotal:        4016004 kB
MemFree:          138252 kB
Active:           373836 kB
Mem:          3.8G       3.7G       135M       5.7M        27M       3.3G

MemTotal:        4016004 kB
MemFree:          125828 kB
Active:           370768 kB
Mem:          3.8G       3.7G       123M       5.7M        27M       3.3G

MemTotal:        4016004 kB
MemFree:          127812 kB
Active:           370388 kB
Mem:          3.8G       3.7G       124M       5.7M        27M       3.3G

MemTotal:        4016004 kB
MemFree:          129748 kB
Active:           368824 kB
Mem:          3.8G       3.7G       126M       5.7M        27M       3.3G

MemTotal:        4016004 kB
MemFree:          129060 kB
Active:           368840 kB
Mem:          3.8G       3.7G       126M       5.7M        27M       3.3G

MemTotal:        4016004 kB
MemFree:          128584 kB
Active:           368832 kB
Mem:          3.8G       3.7G       125M       5.7M        27M       3.3G

MemTotal:        4016004 kB
MemFree:          127656 kB
Active:           368848 kB
Mem:          3.8G       3.7G       124M       5.7M        27M       3.3G

MemTotal:        4016004 kB
MemFree:          125820 kB
Active:           368840 kB
Mem:          3.8G       3.7G       122M       5.7M        27M       3.3G

MemTotal:        4016004 kB
MemFree:          119432 kB
Active:           367036 kB
Mem:          3.8G       3.7G       116M       5.7M        27M       3.3G

MemTotal:        4016004 kB
MemFree:          129724 kB
Active:           366956 kB
Mem:          3.8G       3.7G       126M       5.7M        27M       3.3G

MemTotal:        4016004 kB
MemFree:          125708 kB
Active:           366956 kB
Mem:          3.8G       3.7G       122M       5.7M        27M       3.3G

MemTotal:        4016004 kB
MemFree:          119348 kB
Active:           366956 kB
Mem:          3.8G       3.7G       116M       5.7M        27M       3.3G

MemTotal:        4016004 kB
MemFree:          140904 kB
Active:           364188 kB
Mem:          3.8G       3.7G       137M       5.7M        27M       3.3G

MemTotal:        4016004 kB
MemFree:          128100 kB
Active:           364200 kB
Mem:          3.8G       3.7G       124M       5.7M        27M       3.3G

MemTotal:        4016004 kB
MemFree:          131608 kB
Active:           364072 kB
Mem:          3.8G       3.7G       128M       5.7M        27M       3.3G

MemTotal:        4016004 kB
MemFree:          138836 kB
Active:           364040 kB
Mem:          3.8G       3.7G       135M       5.7M        27M       3.3G

MemTotal:        4016004 kB
MemFree:          139500 kB
Active:           364040 kB
Mem:          3.8G       3.7G       135M       5.7M        27M       3.3G

MemTotal:        4016004 kB
MemFree:          139320 kB
Active:           364040 kB
Mem:          3.8G       3.7G       136M       5.7M        27M       3.3G

MemTotal:        4016004 kB
MemFree:          136260 kB
Active:           364092 kB
Mem:          3.8G       3.7G       133M       5.7M        27M       3.3G

MemTotal:        4016004 kB
MemFree:          118700 kB
Active:           364064 kB
Mem:          3.8G       3.7G       115M       5.7M        27M       3.3G

MemTotal:        4016004 kB
MemFree:          127220 kB
Active:           364092 kB
Mem:          3.8G       3.7G       123M       5.7M        27M       3.3G

MemTotal:        4016004 kB
MemFree:          120852 kB
Active:           364088 kB
Mem:          3.8G       3.7G       117M       5.7M        27M       3.3G

MemTotal:        4016004 kB
MemFree:          141280 kB
Active:           364092 kB
Mem:          3.8G       3.7G       137M       5.7M        27M       3.3G

MemTotal:        4016004 kB
MemFree:          134192 kB
Active:           364096 kB
Mem:          3.8G       3.7G       130M       5.7M        27M       3.3G

MemTotal:        4016004 kB
MemFree:          138888 kB
Active:           364068 kB
Mem:          3.8G       3.7G       134M       5.7M        27M       3.3G

MemTotal:        4016004 kB
MemFree:          136348 kB
Active:           364000 kB
Mem:          3.8G       3.7G       132M       5.7M        27M       3.3G

MemTotal:        4016004 kB
MemFree:          127696 kB
Active:           364020 kB
Mem:          3.8G       3.7G       124M       5.7M        27M       3.3G

MemTotal:        4016004 kB
MemFree:          120552 kB
Active:           364048 kB
Mem:          3.8G       3.7G       116M       5.7M        27M       3.3G

MemTotal:        4016004 kB
MemFree:          118640 kB
Active:           364020 kB
Mem:          3.8G       3.7G       115M       5.7M        27M       3.3G

MemTotal:        4016004 kB
MemFree:          117500 kB
Active:           364044 kB
Mem:          3.8G       3.7G       114M       5.7M        27M       3.3G

MemTotal:        4016004 kB
MemFree:          116784 kB
Active:           364012 kB
Mem:          3.8G       3.7G       114M       5.7M        27M       3.3G

MemTotal:        4016004 kB
MemFree:          116044 kB
Active:           364032 kB
Mem:          3.8G       3.7G       113M       5.7M        27M       3.3G

MemTotal:        4016004 kB
MemFree:          125276 kB
Active:           364048 kB
Mem:          3.8G       3.7G       122M       5.7M        27M       3.3G

MemTotal:        4016004 kB
MemFree:          105668 kB
Active:           363380 kB
Mem:          3.8G       3.7G       104M       5.7M        27M       3.3G

MemTotal:        4016004 kB
MemFree:          125720 kB
Active:           363288 kB
Mem:          3.8G       3.7G       122M       5.7M        27M       3.3G

MemTotal:        4016004 kB
MemFree:          124288 kB
Active:           363288 kB
Mem:          3.8G       3.7G       120M       5.7M        27M       3.3G

MemTotal:        4016004 kB
MemFree:          150676 kB
Active:           363300 kB
Mem:          3.8G       3.7G       147M       5.7M        27M       3.2G

MemTotal:        4016004 kB
MemFree:          136664 kB
Active:           360836 kB
Mem:          3.8G       3.7G       137M       5.7M        27M       3.2G

MemTotal:        4016004 kB
MemFree:          117456 kB
Active:           360784 kB
Mem:          3.8G       3.7G       114M       5.7M        27M       3.3G

MemTotal:        4016004 kB
MemFree:          128504 kB
Active:           360788 kB
Mem:          3.8G       3.7G       125M       5.7M        27M       3.3G

MemTotal:        4016004 kB
MemFree:          127716 kB
Active:           360752 kB
Mem:          3.8G       3.7G       124M       5.7M        27M       3.3G

MemTotal:        4016004 kB
MemFree:          126600 kB
Active:           360780 kB
Mem:          3.8G       3.7G       123M       5.7M        27M       3.3G

MemTotal:        4016004 kB
MemFree:          124992 kB
Active:           360804 kB
Mem:          3.8G       3.7G       122M       5.7M        27M       3.3G

MemTotal:        4016004 kB
MemFree:          119884 kB
Active:           360756 kB
Mem:          3.8G       3.7G       116M       5.7M        27M       3.3G

MemTotal:        4016004 kB
MemFree:          106328 kB
Active:           360812 kB
Mem:          3.8G       3.7G       103M       5.7M        27M       3.3G

MemTotal:        4016004 kB
MemFree:          131972 kB
Active:           360812 kB
Mem:          3.8G       3.7G       129M       5.7M        27M       3.3G

MemTotal:        4016004 kB
MemFree:          115320 kB
Active:           360664 kB
Mem:          3.8G       3.7G       111M       5.7M        27M       3.3G

MemTotal:        4016004 kB
MemFree:          138392 kB
Active:           360676 kB
Mem:          3.8G       3.7G       135M       5.7M        27M       3.2G

MemTotal:        4016004 kB
MemFree:          119712 kB
Active:           360676 kB
Mem:          3.8G       3.7G       116M       5.7M        27M       3.3G

MemTotal:        4016004 kB
MemFree:          131652 kB
Active:           360684 kB
Mem:          3.8G       3.7G       128M       5.7M        27M       3.3G

MemTotal:        4016004 kB
MemFree:          137264 kB
Active:           360668 kB
Mem:          3.8G       3.7G       133M       5.7M        27M       3.3G

MemTotal:        4016004 kB
MemFree:          133836 kB
Active:           360656 kB
Mem:          3.8G       3.7G       130M       5.7M        27M       3.3G

MemTotal:        4016004 kB
MemFree:          132752 kB
Active:           360672 kB
Mem:          3.8G       3.7G       129M       5.7M        27M       3.3G

MemTotal:        4016004 kB
MemFree:          131144 kB
Active:           360692 kB
Mem:          3.8G       3.7G       127M       5.7M        27M       3.3G

MemTotal:        4016004 kB
MemFree:          109276 kB
Active:           360652 kB
Mem:          3.8G       3.7G       105M       5.7M        27M       3.3G

MemTotal:        4016004 kB
MemFree:          124324 kB
Active:           357848 kB
Mem:          3.8G       3.7G       120M       5.7M        27M       3.3G

MemTotal:        4016004 kB
MemFree:          121048 kB
Active:           357748 kB
Mem:          3.8G       3.7G       117M       5.7M        27M       3.3G

MemTotal:        4016004 kB
MemFree:          137248 kB
Active:           357748 kB
Mem:          3.8G       3.7G       134M       5.7M        27M       3.3G

MemTotal:        4016004 kB
MemFree:          120900 kB
Active:           357760 kB
Mem:          3.8G       3.7G       118M       5.7M        27M       3.3G

MemTotal:        4016004 kB
MemFree:          105344 kB
Active:           357720 kB
Mem:          3.8G       3.7G       102M       5.7M        27M       3.3G

MemTotal:        4016004 kB
MemFree:          109444 kB
Active:           357768 kB
Mem:          3.8G       3.7G       106M       5.7M        27M       3.3G

MemTotal:        4016004 kB
MemFree:          138808 kB
Active:           353516 kB
Mem:          3.8G       3.7G       135M       5.7M        27M       3.2G

MemTotal:        4016004 kB
MemFree:          128088 kB
Active:           353516 kB
Mem:          3.8G       3.7G       124M       5.7M        27M       3.3G

MemTotal:        4016004 kB
MemFree:          127740 kB
Active:           353536 kB
Mem:          3.8G       3.7G       124M       5.7M        27M       3.3G

MemTotal:        4016004 kB
MemFree:          127556 kB
Active:           353496 kB
Mem:          3.8G       3.7G       124M       5.7M        27M       3.3G

MemTotal:        4016004 kB
MemFree:          125360 kB
Active:           353544 kB
Mem:          3.8G       3.7G       122M       5.7M        27M       3.3G

MemTotal:        4016004 kB
MemFree:          124748 kB
Active:           353548 kB
Mem:          3.8G       3.7G       121M       5.7M        27M       3.3G

MemTotal:        4016004 kB
MemFree:          123664 kB
Active:           353516 kB
Mem:          3.8G       3.7G       120M       5.7M        27M       3.3G

MemTotal:        4016004 kB
MemFree:          119940 kB
Active:           353532 kB
Mem:          3.8G       3.7G       116M       5.7M        27M       3.3G

MemTotal:        4016004 kB
MemFree:          135056 kB
Active:           351828 kB
Mem:          3.8G       3.7G       132M       5.7M        27M       3.3G

MemTotal:        4016004 kB
MemFree:          138540 kB
Active:           351664 kB
Mem:          3.8G       3.7G       135M       5.7M        27M       3.2G

MemTotal:        4016004 kB
MemFree:          138884 kB
Active:           351640 kB
Mem:          3.8G       3.7G       135M       5.7M        27M       3.2G

MemTotal:        4016004 kB
MemFree:          131596 kB
Active:           351648 kB
Mem:          3.8G       3.7G       127M       5.7M        27M       3.3G

MemTotal:        4016004 kB
MemFree:          136632 kB
Active:           351672 kB
Mem:          3.8G       3.7G       132M       5.7M        27M       3.3G

MemTotal:        4016004 kB
MemFree:          133872 kB
Active:           351672 kB
Mem:          3.8G       3.7G       130M       5.7M        27M       3.3G

MemTotal:        4016004 kB
MemFree:          133644 kB
Active:           351644 kB
Mem:          3.8G       3.7G       130M       5.7M        27M       3.3G

MemTotal:        4016004 kB
MemFree:          133680 kB
Active:           351696 kB
Mem:          3.8G       3.7G       130M       5.7M        27M       3.3G

MemTotal:        4016004 kB
MemFree:          134020 kB
Active:           351672 kB
Mem:          3.8G       3.7G       130M       5.7M        27M       3.3G

MemTotal:        4016004 kB
MemFree:          132644 kB
Active:           351648 kB
Mem:          3.8G       3.7G       129M       5.7M        27M       3.3G

MemTotal:        4016004 kB
MemFree:          134540 kB
Active:           351656 kB
Mem:          3.8G       3.7G       131M       5.7M        27M       3.3G

MemTotal:        4016004 kB
MemFree:          113676 kB
Active:           351712 kB
Mem:          3.8G       3.7G       110M       5.7M        27M       3.3G

MemTotal:        4016004 kB
MemFree:          110680 kB
Active:           348816 kB
Mem:          3.8G       3.7G       107M       5.7M        27M       3.3G

MemTotal:        4016004 kB
MemFree:          134384 kB
Active:           348816 kB
Mem:          3.8G       3.7G       131M       5.7M        27M       3.2G

MemTotal:        4016004 kB
MemFree:          109684 kB
Active:           348768 kB
Mem:          3.8G       3.7G       107M       5.7M        27M       3.3G

MemTotal:        4016004 kB
MemFree:          135632 kB
Active:           348816 kB
Mem:          3.8G       3.7G       132M       5.7M        27M       3.2G

MemTotal:        4016004 kB
MemFree:          141196 kB
Active:           348780 kB
Mem:          3.8G       3.7G       137M       5.7M        27M       3.2G

MemTotal:        4016004 kB
MemFree:          139588 kB
Active:           348848 kB
Mem:          3.8G       3.7G       136M       5.7M        27M       3.2G

MemTotal:        4016004 kB
MemFree:          138580 kB
Active:           348860 kB
Mem:          3.8G       3.7G       135M       5.7M        27M       3.2G

MemTotal:        4016004 kB
MemFree:          113528 kB
Active:           348864 kB
Mem:          3.8G       3.7G       110M       5.7M        27M       3.3G

MemTotal:        4016004 kB
MemFree:          111260 kB
Active:           348828 kB
Mem:          3.8G       3.7G       108M       5.7M        27M       3.3G

MemTotal:        4016004 kB
MemFree:          110672 kB
Active:           348848 kB
Mem:          3.8G       3.7G       107M       5.7M        27M       3.3G

MemTotal:        4016004 kB
MemFree:          109592 kB
Active:           348884 kB
Mem:          3.8G       3.7G       107M       5.7M        27M       3.3G

MemTotal:        4016004 kB
MemFree:          137904 kB
Active:           346356 kB
Mem:          3.8G       3.7G       134M       5.7M        27M       3.2G

MemTotal:        4016004 kB
MemFree:          132592 kB
Active:           346220 kB
Mem:          3.8G       3.7G       129M       5.7M        27M       3.3G

MemTotal:        4016004 kB
MemFree:          136192 kB
Active:           346176 kB
Mem:          3.8G       3.7G       132M       5.7M        27M       3.2G

MemTotal:        4016004 kB
MemFree:          142416 kB
Active:           346224 kB
Mem:          3.8G       3.7G       138M       5.7M        27M       3.2G

MemTotal:        4016004 kB
MemFree:          137712 kB
Active:           347768 kB
Mem:          3.8G       3.7G       134M       5.7M        27M       3.2G

MemTotal:        4016004 kB
MemFree:          128408 kB
Active:           347732 kB
Mem:          3.8G       3.7G       124M       5.7M        27M       3.3G

MemTotal:        4016004 kB
MemFree:          109920 kB
Active:           347488 kB
Mem:          3.8G       3.7G       106M       5.7M        27M       3.3G

MemTotal:        4016004 kB
MemFree:          140288 kB
Active:           343840 kB
Mem:          3.8G       3.7G       137M       5.7M        27M       3.2G

MemTotal:        4016004 kB
MemFree:          139888 kB
Active:           343732 kB
Mem:          3.8G       3.7G       136M       5.7M        27M       3.2G

MemTotal:        4016004 kB
MemFree:          139188 kB
Active:           343780 kB
Mem:          3.8G       3.7G       135M       5.7M        27M       3.2G

MemTotal:        4016004 kB
MemFree:          139476 kB
Active:           343776 kB
Mem:          3.8G       3.7G       136M       5.7M        27M       3.2G

MemTotal:        4016004 kB
MemFree:          139668 kB
Active:           343740 kB
Mem:          3.8G       3.7G       136M       5.7M        27M       3.2G

MemTotal:        4016004 kB
MemFree:          123416 kB
Active:           343772 kB
Mem:          3.8G       3.7G       120M       5.7M        27M       3.3G

MemTotal:        4016004 kB
MemFree:          131984 kB
Active:           343788 kB
Mem:          3.8G       3.7G       128M       5.7M        27M       3.2G

MemTotal:        4016004 kB
MemFree:          109208 kB
Active:           344208 kB
Mem:          3.8G       3.7G       106M       5.7M        27M       3.3G

MemTotal:        4016004 kB
MemFree:          143148 kB
Active:           343808 kB
Mem:          3.8G       3.7G       139M       5.7M        27M       3.2G

MemTotal:        4016004 kB
MemFree:          123816 kB
Active:           343752 kB
Mem:          3.8G       3.7G       120M       5.7M        27M       3.3G

MemTotal:        4016004 kB
MemFree:          138220 kB
Active:           343784 kB
Mem:          3.8G       3.7G       134M       5.7M        27M       3.2G

MemTotal:        4016004 kB
MemFree:          134664 kB
Active:           343648 kB
Mem:          3.8G       3.7G       131M       5.7M        27M       3.2G

MemTotal:        4016004 kB
MemFree:          107808 kB
Active:           343672 kB
Mem:          3.8G       3.7G       105M       5.7M        27M       3.3G

MemTotal:        4016004 kB
MemFree:          106268 kB
Active:           343708 kB
Mem:          3.8G       3.7G       103M       5.7M        27M       3.3G

MemTotal:        4016004 kB
MemFree:          105760 kB
Active:           343680 kB
Mem:          3.8G       3.7G       103M       5.7M        27M       3.3G

MemTotal:        4016004 kB
MemFree:          128984 kB
Active:           343716 kB
Mem:          3.8G       3.7G       125M       5.7M        27M       3.3G

MemTotal:        4016004 kB
MemFree:          128056 kB
Active:           343672 kB
Mem:          3.8G       3.7G       125M       5.7M        27M       3.3G

MemTotal:        4016004 kB
MemFree:          123760 kB
Active:           341584 kB
Mem:          3.8G       3.7G       120M       5.7M        27M       3.3G

MemTotal:        4016004 kB
MemFree:          131372 kB
Active:           341464 kB
Mem:          3.8G       3.7G       127M       5.7M        27M       3.2G

MemTotal:        4016004 kB
MemFree:          125264 kB
Active:           341484 kB
Mem:          3.8G       3.7G       122M       5.7M        27M       3.3G

MemTotal:        4016004 kB
MemFree:          137696 kB
Active:           341484 kB
Mem:          3.8G       3.7G       134M       5.7M        27M       3.2G

MemTotal:        4016004 kB
MemFree:          111656 kB
Active:           341484 kB
Mem:          3.8G       3.7G       108M       5.7M        27M       3.3G

MemTotal:        4016004 kB
MemFree:          135244 kB
Active:           341460 kB
Mem:          3.8G       3.7G       131M       5.7M        27M       3.2G

MemTotal:        4016004 kB
MemFree:          138976 kB
Active:           341504 kB
Mem:          3.8G       3.7G       135M       5.7M        27M       3.2G

MemTotal:        4016004 kB
MemFree:          137784 kB
Active:           341472 kB
Mem:          3.8G       3.7G       134M       5.7M        27M       3.2G

MemTotal:        4016004 kB
MemFree:          135480 kB
Active:           341488 kB
Mem:          3.8G       3.7G       132M       5.7M        27M       3.2G

MemTotal:        4016004 kB
MemFree:          134836 kB
Active:           341508 kB
Mem:          3.8G       3.7G       131M       5.7M        27M       3.2G

MemTotal:        4016004 kB
MemFree:          133936 kB
Active:           341488 kB
Mem:          3.8G       3.7G       130M       5.7M        27M       3.2G

MemTotal:        4016004 kB
MemFree:          120044 kB
Active:           341512 kB
Mem:          3.8G       3.7G       117M       5.7M        27M       3.3G

MemTotal:        4016004 kB
MemFree:          137140 kB
Active:           341376 kB
Mem:          3.8G       3.7G       134M       5.7M        27M       3.2G

MemTotal:        4016004 kB
MemFree:          137480 kB
Active:           341212 kB
Mem:          3.8G       3.7G       134M       5.7M        27M       3.2G

MemTotal:        4016004 kB
MemFree:          137712 kB
Active:           341176 kB
Mem:          3.8G       3.7G       134M       5.7M        27M       3.2G

MemTotal:        4016004 kB
MemFree:          137588 kB
Active:           341228 kB
Mem:          3.8G       3.7G       134M       5.7M        27M       3.2G

MemTotal:        4016004 kB
MemFree:          137728 kB
Active:           341204 kB
Mem:          3.8G       3.7G       134M       5.7M        27M       3.2G

MemTotal:        4016004 kB
MemFree:          137200 kB
Active:           341236 kB
Mem:          3.8G       3.7G       133M       5.7M        27M       3.2G

MemTotal:        4016004 kB
MemFree:          137712 kB
Active:           341232 kB
Mem:          3.8G       3.7G       134M       5.7M        27M       3.2G

MemTotal:        4016004 kB
MemFree:          137680 kB
Active:           341172 kB
Mem:          3.8G       3.7G       134M       5.7M        27M       3.2G

MemTotal:        4016004 kB
MemFree:          137324 kB
Active:           341236 kB
Mem:          3.8G       3.7G       134M       5.7M        27M       3.2G

MemTotal:        4016004 kB
MemFree:          137588 kB
Active:           341324 kB
Mem:          3.8G       3.7G       134M       5.7M        27M       3.2G

MemTotal:        4016004 kB
MemFree:          137464 kB
Active:           341300 kB
Mem:          3.8G       3.7G       134M       5.7M        27M       3.2G

MemTotal:        4016004 kB
MemFree:          137432 kB
Active:           341248 kB
Mem:          3.8G       3.7G       133M       5.7M        27M       3.2G

MemTotal:        4016004 kB
MemFree:          137092 kB
Active:           341248 kB
Mem:          3.8G       3.7G       133M       5.7M        27M       3.2G

MemTotal:        4016004 kB
MemFree:          137092 kB
Active:           341248 kB
Mem:          3.8G       3.7G       134M       5.7M        27M       3.2G

MemTotal:        4016004 kB
MemFree:          136596 kB
Active:           341328 kB
Mem:          3.8G       3.7G       133M       5.7M        27M       3.2G

MemTotal:        4016004 kB
MemFree:          136812 kB
Active:           341240 kB
Mem:          3.8G       3.7G       133M       5.7M        27M       3.2G

MemTotal:        4016004 kB
MemFree:          136784 kB
Active:           341312 kB
Mem:          3.8G       3.7G       133M       5.7M        27M       3.2G

MemTotal:        4016004 kB
MemFree:          136208 kB
Active:           341376 kB
Mem:          3.8G       3.7G       133M       5.7M        27M       3.2G

MemTotal:        4016004 kB
MemFree:          136528 kB
Active:           341268 kB
Mem:          3.8G       3.7G       133M       5.7M        27M       3.2G

MemTotal:        4016004 kB
MemFree:          136936 kB
Active:           341220 kB
Mem:          3.8G       3.7G       134M       5.7M        28M       3.2G

MemTotal:        4016004 kB
MemFree:          137308 kB
Active:           341220 kB
Mem:          3.8G       3.7G       134M       5.7M        28M       3.2G

MemTotal:        4016004 kB
MemFree:          137184 kB
Active:           341256 kB
Mem:          3.8G       3.7G       133M       5.7M        28M       3.2G

MemTotal:        4016004 kB
MemFree:          137308 kB
Active:           341272 kB
Mem:          3.8G       3.7G       133M       5.7M        28M       3.2G

MemTotal:        4016004 kB
MemFree:          136844 kB
Active:           341360 kB
Mem:          3.8G       3.7G       133M       5.7M        28M       3.2G

MemTotal:        4016004 kB
MemFree:          137308 kB
Active:           341240 kB
Mem:          3.8G       3.7G       134M       5.7M        28M       3.2G

MemTotal:        4016004 kB
MemFree:          137556 kB
Active:           341144 kB
Mem:          3.8G       3.7G       134M       5.7M        28M       3.2G

MemTotal:        4016004 kB
MemFree:          137556 kB
Active:           341128 kB
Mem:          3.8G       3.7G       134M       5.7M        28M       3.2G

MemTotal:        4016004 kB
MemFree:          137432 kB
Active:           341168 kB
Mem:          3.8G       3.7G       133M       5.7M        28M       3.2G

MemTotal:        4016004 kB
MemFree:          137308 kB
Active:           341192 kB
Mem:          3.8G       3.7G       134M       5.7M        28M       3.2G

MemTotal:        4016004 kB
MemFree:          136952 kB
Active:           341360 kB
Mem:          3.8G       3.7G       133M       5.7M        28M       3.2G

MemTotal:        4016004 kB
MemFree:          137356 kB
Active:           341236 kB
Mem:          3.8G       3.7G       134M       5.7M        28M       3.2G

MemTotal:        4016004 kB
MemFree:          136852 kB
Active:           341288 kB
Mem:          3.8G       3.7G       133M       5.7M        28M       3.2G

MemTotal:        4016004 kB
MemFree:          137416 kB
Active:           341288 kB
Mem:          3.8G       3.7G       134M       5.7M        28M       3.2G

MemTotal:        4016004 kB
MemFree:          137540 kB
Active:           341264 kB
Mem:          3.8G       3.7G       134M       5.7M        28M       3.2G

MemTotal:        4016004 kB
MemFree:          137540 kB
Active:           341288 kB
Mem:          3.8G       3.7G       134M       5.7M        28M       3.2G

MemTotal:        4016004 kB
MemFree:          137168 kB
Active:           341308 kB
Mem:          3.8G       3.7G       133M       5.7M        28M       3.2G

MemTotal:        4016004 kB
MemFree:          137540 kB
Active:           341304 kB
Mem:          3.8G       3.7G       134M       5.7M        28M       3.2G

MemTotal:        4016004 kB
MemFree:          137664 kB
Active:           341276 kB
Mem:          3.8G       3.7G       134M       5.7M        28M       3.2G

MemTotal:        4016004 kB
MemFree:          137540 kB
Active:           341288 kB
Mem:          3.8G       3.7G       134M       5.7M        28M       3.2G

MemTotal:        4016004 kB
MemFree:          136920 kB
Active:           341324 kB
Mem:          3.8G       3.7G       134M       5.7M        28M       3.2G

MemTotal:        4016004 kB
MemFree:          136920 kB
Active:           341324 kB
Mem:          3.8G       3.7G       133M       5.7M        28M       3.2G

MemTotal:        4016004 kB
MemFree:          136920 kB
Active:           341324 kB
Mem:          3.8G       3.7G       133M       5.7M        28M       3.2G

MemTotal:        4016004 kB
MemFree:          137168 kB
Active:           341308 kB
Mem:          3.8G       3.7G       133M       5.7M        28M       3.2G

MemTotal:        4016004 kB
MemFree:          136796 kB
Active:           341328 kB
Mem:          3.8G       3.7G       133M       5.7M        28M       3.2G

MemTotal:        4016004 kB
MemFree:          137292 kB
Active:           341308 kB
Mem:          3.8G       3.7G       133M       5.7M        28M       3.2G

MemTotal:        4016004 kB
MemFree:          137044 kB
Active:           341328 kB
Mem:          3.8G       3.7G       133M       5.7M        28M       3.2G

MemTotal:        4016004 kB
MemFree:          137168 kB
Active:           341280 kB
Mem:          3.8G       3.7G       133M       5.7M        28M       3.2G

MemTotal:        4016004 kB
MemFree:          137292 kB
Active:           341312 kB
Mem:          3.8G       3.7G       134M       5.7M        28M       3.2G

MemTotal:        4016004 kB
MemFree:          137416 kB
Active:           341324 kB
Mem:          3.8G       3.7G       134M       5.7M        28M       3.2G

MemTotal:        4016004 kB
MemFree:          137168 kB
Active:           341344 kB
Mem:          3.8G       3.7G       133M       5.7M        28M       3.2G

MemTotal:        4016004 kB
MemFree:          137168 kB
Active:           341352 kB
Mem:          3.8G       3.7G       133M       5.7M        28M       3.2G

MemTotal:        4016004 kB
MemFree:          137664 kB
Active:           341312 kB
Mem:          3.8G       3.7G       134M       5.7M        28M       3.2G

MemTotal:        4016004 kB
MemFree:          137168 kB
Active:           341352 kB
Mem:          3.8G       3.7G       134M       5.7M        28M       3.2G

MemTotal:        4016004 kB
MemFree:          137540 kB
Active:           341336 kB
Mem:          3.8G       3.7G       134M       5.7M        28M       3.2G

MemTotal:        4016004 kB
MemFree:          137540 kB
Active:           341356 kB
Mem:          3.8G       3.7G       134M       5.7M        28M       3.2G

MemTotal:        4016004 kB
MemFree:          137416 kB
Active:           341344 kB
Mem:          3.8G       3.7G       134M       5.7M        28M       3.2G

MemTotal:        4016004 kB
MemFree:          136920 kB
Active:           341360 kB
Mem:          3.8G       3.7G       134M       5.7M        28M       3.2G

MemTotal:        4016004 kB
MemFree:          137168 kB
Active:           341316 kB
Mem:          3.8G       3.7G       133M       5.7M        28M       3.2G

MemTotal:        4016004 kB
MemFree:          136548 kB
Active:           341360 kB
Mem:          3.8G       3.7G       133M       5.7M        28M       3.2G

MemTotal:        4016004 kB
MemFree:          137168 kB
Active:           341316 kB
Mem:          3.8G       3.7G       133M       5.7M        28M       3.2G

MemTotal:        4016004 kB
MemFree:          136796 kB
Active:           341360 kB
Mem:          3.8G       3.7G       133M       5.7M        28M       3.2G

MemTotal:        4016004 kB
MemFree:          137044 kB
Active:           341308 kB
Mem:          3.8G       3.7G       133M       5.7M        28M       3.2G

MemTotal:        4016004 kB
MemFree:          137664 kB
Active:           341328 kB
Mem:          3.8G       3.7G       134M       5.7M        28M       3.2G

MemTotal:        4016004 kB
MemFree:          137540 kB
Active:           341356 kB
Mem:          3.8G       3.7G       134M       5.7M        28M       3.2G

MemTotal:        4016004 kB
MemFree:          136796 kB
Active:           341364 kB
Mem:          3.8G       3.7G       133M       5.7M        28M       3.2G

MemTotal:        4016004 kB
MemFree:          137044 kB
Active:           341312 kB
Mem:          3.8G       3.7G       133M       5.7M        28M       3.2G

MemTotal:        4016004 kB
MemFree:          136796 kB
Active:           341368 kB
Mem:          3.8G       3.7G       133M       5.7M        28M       3.2G

MemTotal:        4016004 kB
MemFree:          137168 kB
Active:           341360 kB
Mem:          3.8G       3.7G       133M       5.7M        28M       3.2G

MemTotal:        4016004 kB
MemFree:          137044 kB
Active:           341348 kB
Mem:          3.8G       3.7G       133M       5.7M        28M       3.2G

MemTotal:        4016004 kB
MemFree:          137168 kB
Active:           341320 kB
Mem:          3.8G       3.7G       133M       5.7M        28M       3.2G

MemTotal:        4016004 kB
MemFree:          136796 kB
Active:           341380 kB
Mem:          3.8G       3.7G       133M       5.7M        28M       3.2G

MemTotal:        4016004 kB
MemFree:          137292 kB
Active:           341336 kB
Mem:          3.8G       3.7G       133M       5.7M        28M       3.2G

MemTotal:        4016004 kB
MemFree:          137168 kB
Active:           341352 kB
Mem:          3.8G       3.7G       133M       5.7M        28M       3.2G

MemTotal:        4016004 kB
MemFree:          137044 kB
Active:           341380 kB
Mem:          3.8G       3.7G       133M       5.7M        28M       3.2G

MemTotal:        4016004 kB
MemFree:          137044 kB
Active:           341380 kB
Mem:          3.8G       3.7G       134M       5.7M        28M       3.2G

MemTotal:        4016004 kB
MemFree:          137540 kB
Active:           341364 kB
Mem:          3.8G       3.7G       134M       5.7M        28M       3.2G

MemTotal:        4016004 kB
MemFree:          137664 kB
Active:           341328 kB
Mem:          3.8G       3.7G       134M       5.7M        28M       3.2G

MemTotal:        4016004 kB
MemFree:          137168 kB
Active:           341380 kB
Mem:          3.8G       3.7G       133M       5.7M        28M       3.2G

MemTotal:        4016004 kB
MemFree:          137540 kB
Active:           341352 kB
Mem:          3.8G       3.7G       134M       5.7M        28M       3.2G

MemTotal:        4016004 kB
MemFree:          137664 kB
Active:           341324 kB
Mem:          3.8G       3.7G       134M       5.7M        28M       3.2G

MemTotal:        4016004 kB
MemFree:          137664 kB
Active:           341352 kB
Mem:          3.8G       3.7G       134M       5.7M        28M       3.2G

MemTotal:        4016004 kB
MemFree:          137664 kB
Active:           341324 kB
Mem:          3.8G       3.7G       134M       5.7M        28M       3.2G

MemTotal:        4016004 kB
MemFree:          137540 kB
Active:           341344 kB
Mem:          3.8G       3.7G       134M       5.7M        28M       3.2G

MemTotal:        4016004 kB
MemFree:          137788 kB
Active:           341372 kB
Mem:          3.8G       3.7G       134M       5.7M        28M       3.2G

MemTotal:        4016004 kB
MemFree:          137168 kB
Active:           341392 kB
Mem:          3.8G       3.7G       134M       5.7M        28M       3.2G

MemTotal:        4016004 kB
MemFree:          137168 kB
Active:           341344 kB
Mem:          3.8G       3.7G       134M       5.7M        28M       3.2G

MemTotal:        4016004 kB
MemFree:          137416 kB
Active:           341348 kB
Mem:          3.8G       3.7G       134M       5.7M        28M       3.2G

MemTotal:        4016004 kB
MemFree:          137292 kB
Active:           341376 kB
Mem:          3.8G       3.7G       134M       5.7M        28M       3.2G

MemTotal:        4016004 kB
MemFree:          137292 kB
Active:           341336 kB
Mem:          3.8G       3.7G       133M       5.7M        28M       3.2G

MemTotal:        4016004 kB
MemFree:          137416 kB
Active:           341368 kB
Mem:          3.8G       3.7G       133M       5.7M        28M       3.2G

MemTotal:        4016004 kB
MemFree:          136920 kB
Active:           341392 kB
Mem:          3.8G       3.7G       133M       5.7M        28M       3.2G

MemTotal:        4016004 kB
MemFree:          136796 kB
Active:           341392 kB
Mem:          3.8G       3.7G       133M       5.7M        28M       3.2G

MemTotal:        4016004 kB
MemFree:          136796 kB
Active:           341340 kB
Mem:          3.8G       3.7G       133M       5.7M        28M       3.2G

MemTotal:        4016004 kB
MemFree:          136796 kB
Active:           341352 kB
Mem:          3.8G       3.7G       133M       5.7M        28M       3.2G

MemTotal:        4016004 kB
MemFree:          136796 kB
Active:           341368 kB
Mem:          3.8G       3.7G       133M       5.7M        28M       3.2G

MemTotal:        4016004 kB
MemFree:          136548 kB
Active:           341396 kB
Mem:          3.8G       3.7G       133M       5.7M        28M       3.2G

MemTotal:        4016004 kB
MemFree:          137416 kB
Active:           341352 kB
Mem:          3.8G       3.7G       133M       5.7M        28M       3.2G

MemTotal:        4016004 kB
MemFree:          137416 kB
Active:           341368 kB
Mem:          3.8G       3.7G       133M       5.7M        28M       3.2G

MemTotal:        4016004 kB
MemFree:          137292 kB
Active:           341392 kB
Mem:          3.8G       3.7G       133M       5.7M        28M       3.2G

MemTotal:        4016004 kB
MemFree:          137292 kB
Active:           341360 kB
Mem:          3.8G       3.7G       134M       5.7M        28M       3.2G

MemTotal:        4016004 kB
MemFree:          137168 kB
Active:           341380 kB
Mem:          3.8G       3.7G       133M       5.7M        28M       3.2G

MemTotal:        4016004 kB
MemFree:          137292 kB
Active:           341392 kB
Mem:          3.8G       3.7G       134M       5.7M        28M       3.2G

MemTotal:        4016004 kB
MemFree:          137168 kB
Active:           341412 kB
Mem:          3.8G       3.7G       134M       5.7M        28M       3.2G

MemTotal:        4016004 kB
MemFree:          137292 kB
Active:           341364 kB
Mem:          3.8G       3.7G       134M       5.7M        28M       3.2G

MemTotal:        4016004 kB
MemFree:          137416 kB
Active:           341392 kB
Mem:          3.8G       3.7G       133M       5.7M        28M       3.2G

MemTotal:        4016004 kB
MemFree:          136920 kB
Active:           341420 kB
Mem:          3.8G       3.7G       133M       5.7M        28M       3.2G

MemTotal:        4016004 kB
MemFree:          137292 kB
Active:           341380 kB
Mem:          3.8G       3.7G       133M       5.7M        28M       3.2G

MemTotal:        4016004 kB
MemFree:          137292 kB
Active:           341376 kB
Mem:          3.8G       3.7G       134M       5.7M        28M       3.2G

MemTotal:        4016004 kB
MemFree:          137044 kB
Active:           341384 kB
Mem:          3.8G       3.7G       133M       5.7M        28M       3.2G

MemTotal:        4016004 kB
MemFree:          137292 kB
Active:           341408 kB
Mem:          3.8G       3.7G       133M       5.7M        28M       3.2G

MemTotal:        4016004 kB
MemFree:          137044 kB
Active:           341376 kB
Mem:          3.8G       3.7G       133M       5.7M        28M       3.2G

MemTotal:        4016004 kB
MemFree:          136796 kB
Active:           341436 kB
Mem:          3.8G       3.7G       133M       5.7M        28M       3.2G

MemTotal:        4016004 kB
MemFree:          136796 kB
Active:           341436 kB
Mem:          3.8G       3.7G       133M       5.7M        28M       3.2G

MemTotal:        4016004 kB
MemFree:          137044 kB
Active:           341404 kB
Mem:          3.8G       3.7G       133M       5.7M        28M       3.2G

MemTotal:        4016004 kB
MemFree:          137044 kB
Active:           341420 kB
Mem:          3.8G       3.7G       133M       5.7M        28M       3.2G

MemTotal:        4016004 kB
MemFree:          136424 kB
Active:           341436 kB
Mem:          3.8G       3.7G       133M       5.7M        28M       3.2G

MemTotal:        4016004 kB
MemFree:          136672 kB
Active:           341400 kB
Mem:          3.8G       3.7G       133M       5.7M        28M       3.2G

MemTotal:        4016004 kB
MemFree:          136672 kB
Active:           341424 kB
Mem:          3.8G       3.7G       133M       5.7M        28M       3.2G

MemTotal:        4016004 kB
MemFree:          136672 kB
Active:           341396 kB
Mem:          3.8G       3.7G       133M       5.7M        28M       3.2G

MemTotal:        4016004 kB
MemFree:          136300 kB
Active:           341452 kB
Mem:          3.8G       3.7G       133M       5.7M        28M       3.2G

MemTotal:        4016004 kB
MemFree:          136300 kB
Active:           341452 kB
Mem:          3.8G       3.7G       133M       5.7M        28M       3.2G

MemTotal:        4016004 kB
MemFree:          136672 kB
Active:           341408 kB
Mem:          3.8G       3.7G       133M       5.7M        28M       3.2G

MemTotal:        4016004 kB
MemFree:          136796 kB
Active:           341432 kB
Mem:          3.8G       3.7G       133M       5.7M        28M       3.2G

MemTotal:        4016004 kB
MemFree:          136920 kB
Active:           341396 kB
Mem:          3.8G       3.7G       133M       5.7M        28M       3.2G

MemTotal:        4016004 kB
MemFree:          137292 kB
Active:           341452 kB
Mem:          3.8G       3.7G       134M       5.7M        28M       3.2G

MemTotal:        4016004 kB
MemFree:          136920 kB
Active:           341460 kB
Mem:          3.8G       3.7G       133M       5.7M        28M       3.2G

MemTotal:        4016004 kB
MemFree:          136920 kB
Active:           341460 kB
Mem:          3.8G       3.7G       133M       5.7M        28M       3.2G

MemTotal:        4016004 kB
MemFree:          137416 kB
Active:           341416 kB
Mem:          3.8G       3.7G       133M       5.7M        28M       3.2G

MemTotal:        4016004 kB
MemFree:          136920 kB
Active:           341460 kB
Mem:          3.8G       3.7G       133M       5.7M        28M       3.2G

MemTotal:        4016004 kB
MemFree:          136796 kB
Active:           341460 kB
Mem:          3.8G       3.7G       133M       5.7M        28M       3.2G

MemTotal:        4016004 kB
MemFree:          136672 kB
Active:           341416 kB
Mem:          3.8G       3.7G       133M       5.7M        28M       3.2G

MemTotal:        4016004 kB
MemFree:          136548 kB
Active:           341456 kB
Mem:          3.8G       3.7G       133M       5.7M        28M       3.2G

MemTotal:        4016004 kB
MemFree:          136672 kB
Active:           341424 kB
Mem:          3.8G       3.7G       133M       5.7M        28M       3.2G

MemTotal:        4016004 kB
MemFree:          137168 kB
Active:           341460 kB
Mem:          3.8G       3.7G       133M       5.7M        28M       3.2G

MemTotal:        4016004 kB
MemFree:          136796 kB
Active:           341472 kB
Mem:          3.8G       3.7G       133M       5.7M        28M       3.2G

MemTotal:        4016004 kB
MemFree:          136920 kB
Active:           341472 kB
Mem:          3.8G       3.7G       133M       5.7M        28M       3.2G

MemTotal:        4016004 kB
MemFree:          136920 kB
Active:           341472 kB
Mem:          3.8G       3.7G       134M       5.7M        28M       3.2G

MemTotal:        4016004 kB
MemFree:          137292 kB
Active:           341436 kB
Mem:          3.8G       3.7G       133M       5.7M        28M       3.2G

MemTotal:        4016004 kB
MemFree:          137292 kB
Active:           341464 kB
Mem:          3.8G       3.7G       134M       5.7M        28M       3.2G

MemTotal:        4016004 kB
MemFree:          137044 kB
Active:           341480 kB
Mem:          3.8G       3.7G       134M       5.7M        28M       3.2G

MemTotal:        4016004 kB
MemFree:          137416 kB
Active:           341464 kB
Mem:          3.8G       3.7G       134M       5.7M        28M       3.2G

MemTotal:        4016004 kB
MemFree:          137044 kB
Active:           341480 kB
Mem:          3.8G       3.7G       133M       5.7M        28M       3.2G

MemTotal:        4016004 kB
MemFree:          136672 kB
Active:           341480 kB
Mem:          3.8G       3.7G       133M       5.7M        28M       3.2G

MemTotal:        4016004 kB
MemFree:          137168 kB
Active:           341452 kB
Mem:          3.8G       3.7G       133M       5.7M        28M       3.2G

MemTotal:        4016004 kB
MemFree:          136796 kB
Active:           341480 kB
Mem:          3.8G       3.7G       133M       5.7M        28M       3.2G

MemTotal:        4016004 kB
MemFree:          137168 kB
Active:           341476 kB
Mem:          3.8G       3.7G       133M       5.7M        28M       3.2G

MemTotal:        4016004 kB
MemFree:          137168 kB
Active:           341436 kB
Mem:          3.8G       3.7G       133M       5.7M        28M       3.2G

MemTotal:        4016004 kB
MemFree:          137292 kB
Active:           341464 kB
Mem:          3.8G       3.7G       133M       5.7M        28M       3.2G

MemTotal:        4016004 kB
MemFree:          137292 kB
Active:           341476 kB
Mem:          3.8G       3.7G       133M       5.7M        28M       3.2G

MemTotal:        4016004 kB
MemFree:          136424 kB
Active:           341488 kB
Mem:          3.8G       3.7G       133M       5.7M        28M       3.2G

MemTotal:        4016004 kB
MemFree:          136300 kB
Active:           341488 kB
Mem:          3.8G       3.7G       133M       5.7M        28M       3.2G

MemTotal:        4016004 kB
MemFree:          136796 kB
Active:           341456 kB
Mem:          3.8G       3.7G       133M       5.7M        28M       3.2G

MemTotal:        4016004 kB
MemFree:          136796 kB
Active:           341456 kB
Mem:          3.8G       3.7G       133M       5.7M        28M       3.2G

MemTotal:        4016004 kB
MemFree:          136176 kB
Active:           341500 kB
Mem:          3.8G       3.7G       132M       5.7M        28M       3.2G

MemTotal:        4016004 kB
MemFree:          136548 kB
Active:           341468 kB
Mem:          3.8G       3.7G       133M       5.7M        28M       3.2G

MemTotal:        4016004 kB
MemFree:          136300 kB
Active:           341492 kB
Mem:          3.8G       3.7G       133M       5.7M        28M       3.2G

MemTotal:        4016004 kB
MemFree:          136920 kB
Active:           341472 kB
Mem:          3.8G       3.7G       133M       5.7M        28M       3.2G

MemTotal:        4016004 kB
MemFree:          136812 kB
Active:           341464 kB
Mem:          3.8G       3.7G       133M       5.7M        28M       3.2G

MemTotal:        4016004 kB
MemFree:          136936 kB
Active:           341500 kB
Mem:          3.8G       3.7G       133M       5.7M        28M       3.2G

MemTotal:        4016004 kB
MemFree:          137060 kB
Active:           341476 kB
Mem:          3.8G       3.7G       133M       5.7M        28M       3.2G

MemTotal:        4016004 kB
MemFree:          137060 kB
Active:           341496 kB
Mem:          3.8G       3.7G       133M       5.7M        28M       3.2G

MemTotal:        4016004 kB
MemFree:          136936 kB
Active:           341496 kB
Mem:          3.8G       3.7G       133M       5.7M        28M       3.2G

MemTotal:        4016004 kB
MemFree:          136936 kB
Active:           341512 kB
Mem:          3.8G       3.7G       133M       5.7M        28M       3.2G

MemTotal:        4016004 kB
MemFree:          136812 kB
Active:           341488 kB
Mem:          3.8G       3.7G       133M       5.7M        28M       3.2G

MemTotal:        4016004 kB
MemFree:          136564 kB
Active:           341528 kB
Mem:          3.8G       3.7G       133M       5.7M        28M       3.2G

MemTotal:        4016004 kB
MemFree:          136440 kB
Active:           341500 kB
Mem:          3.8G       3.7G       133M       5.7M        28M       3.2G

MemTotal:        4016004 kB
MemFree:          136812 kB
Active:           341536 kB
Mem:          3.8G       3.7G       133M       5.7M        28M       3.2G

MemTotal:        4016004 kB
MemFree:          136564 kB
Active:           341540 kB
Mem:          3.8G       3.7G       133M       5.7M        28M       3.2G

MemTotal:        4016004 kB
MemFree:          136936 kB
Active:           341504 kB
Mem:          3.8G       3.7G       133M       5.7M        28M       3.2G

MemTotal:        4016004 kB
MemFree:          136564 kB
Active:           341544 kB
Mem:          3.8G       3.7G       133M       5.7M        28M       3.2G

MemTotal:        4016004 kB
MemFree:          136688 kB
Active:           341544 kB
Mem:          3.8G       3.7G       133M       5.7M        28M       3.2G

MemTotal:        4016004 kB
MemFree:          137184 kB
Active:           341496 kB
Mem:          3.8G       3.7G       133M       5.7M        28M       3.2G

MemTotal:        4016004 kB
MemFree:          137060 kB
Active:           341496 kB
Mem:          3.8G       3.7G       133M       5.7M        28M       3.2G

MemTotal:        4016004 kB
MemFree:          137060 kB
Active:           341496 kB
Mem:          3.8G       3.7G       133M       5.7M        28M       3.2G

MemTotal:        4016004 kB
MemFree:          136688 kB
Active:           341544 kB
Mem:          3.8G       3.7G       133M       5.7M        28M       3.2G

MemTotal:        4016004 kB
MemFree:          136936 kB
Active:           341496 kB
Mem:          3.8G       3.7G       133M       5.7M        28M       3.2G

MemTotal:        4016004 kB
MemFree:          136812 kB
Active:           341508 kB
Mem:          3.8G       3.7G       133M       5.7M        28M       3.2G

MemTotal:        4016004 kB
MemFree:          136936 kB
Active:           341548 kB
Mem:          3.8G       3.7G       133M       5.7M        28M       3.2G

MemTotal:        4016004 kB
MemFree:          136440 kB
Active:           341556 kB
Mem:          3.8G       3.7G       133M       5.7M        28M       3.2G

MemTotal:        4016004 kB
MemFree:          136936 kB
Active:           341548 kB
Mem:          3.8G       3.7G       133M       5.7M        28M       3.2G

MemTotal:        4016004 kB
MemFree:          136812 kB
Active:           341528 kB
Mem:          3.8G       3.7G       133M       5.7M        28M       3.2G

MemTotal:        4016004 kB
MemFree:          136936 kB
Active:           341528 kB
Mem:          3.8G       3.7G       133M       5.7M        28M       3.2G

MemTotal:        4016004 kB
MemFree:          136936 kB
Active:           341528 kB
Mem:          3.8G       3.7G       133M       5.7M        28M       3.2G

MemTotal:        4016004 kB
MemFree:          136672 kB
Active:           341652 kB
Mem:          3.8G       3.7G       133M       5.7M        28M       3.2G

