MemTotal:        4016004 kB
MemFree:         3231992 kB
Active:           427932 kB
Mem:          3.8G       765M       3.1G       5.7M        55M       320M

MemTotal:        4016004 kB
MemFree:         3232300 kB
Active:           427916 kB
Mem:          3.8G       765M       3.1G       5.7M        55M       320M

MemTotal:        4016004 kB
MemFree:         3232176 kB
Active:           427992 kB
Mem:          3.8G       765M       3.1G       5.7M        55M       320M

MemTotal:        4016004 kB
MemFree:         3232548 kB
Active:           427964 kB
Mem:          3.8G       765M       3.1G       5.7M        55M       320M

MemTotal:        4016004 kB
MemFree:         3232408 kB
Active:           427988 kB
Mem:          3.8G       765M       3.1G       5.7M        55M       320M

MemTotal:        4016004 kB
MemFree:         3232516 kB
Active:           427956 kB
Mem:          3.8G       765M       3.1G       5.7M        55M       320M

MemTotal:        4016004 kB
MemFree:         3232004 kB
Active:           427992 kB
Mem:          3.8G       765M       3.1G       5.7M        55M       320M

MemTotal:        4016004 kB
MemFree:         3232436 kB
Active:           427964 kB
Mem:          3.8G       765M       3.1G       5.7M        55M       320M

MemTotal:        4016004 kB
MemFree:         3232776 kB
Active:           427956 kB
Mem:          3.8G       765M       3.1G       5.7M        55M       320M

MemTotal:        4016004 kB
MemFree:         3232264 kB
Active:           428000 kB
Mem:          3.8G       765M       3.1G       5.7M        55M       320M

MemTotal:        4016004 kB
MemFree:         3232620 kB
Active:           427960 kB
Mem:          3.8G       765M       3.1G       5.7M        55M       320M

MemTotal:        4016004 kB
MemFree:         3232728 kB
Active:           427956 kB
Mem:          3.8G       764M       3.1G       5.7M        55M       320M

MemTotal:        4016004 kB
MemFree:         3232712 kB
Active:           427956 kB
Mem:          3.8G       765M       3.1G       5.7M        55M       320M

MemTotal:        4016004 kB
MemFree:         3232324 kB
Active:           428000 kB
Mem:          3.8G       765M       3.1G       5.7M        55M       320M

MemTotal:        4016004 kB
MemFree:         3232680 kB
Active:           428000 kB
Mem:          3.8G       764M       3.1G       5.7M        55M       320M

MemTotal:        4016004 kB
MemFree:         3232744 kB
Active:           427960 kB
Mem:          3.8G       764M       3.1G       5.7M        55M       320M

MemTotal:        4016004 kB
MemFree:         3232156 kB
Active:           428004 kB
Mem:          3.8G       765M       3.1G       5.7M        55M       320M

MemTotal:        4016004 kB
MemFree:         3232404 kB
Active:           427952 kB
Mem:          3.8G       765M       3.1G       5.7M        55M       320M

MemTotal:        4016004 kB
MemFree:         3232404 kB
Active:           427968 kB
Mem:          3.8G       765M       3.1G       5.7M        55M       320M

MemTotal:        4016004 kB
MemFree:         3232900 kB
Active:           427968 kB
Mem:          3.8G       764M       3.1G       5.7M        55M       320M

MemTotal:        4016004 kB
MemFree:         3232280 kB
Active:           428012 kB
Mem:          3.8G       765M       3.1G       5.7M        55M       320M

MemTotal:        4016004 kB
MemFree:         3232404 kB
Active:           428012 kB
Mem:          3.8G       764M       3.1G       5.7M        55M       320M

MemTotal:        4016004 kB
MemFree:         3232900 kB
Active:           427972 kB
Mem:          3.8G       764M       3.1G       5.7M        55M       320M

MemTotal:        4016004 kB
MemFree:         3232528 kB
Active:           428016 kB
Mem:          3.8G       765M       3.1G       5.7M        55M       320M

MemTotal:        4016004 kB
MemFree:         3230604 kB
Active:           428072 kB
Mem:          3.8G       767M       3.1G       5.7M        55M       320M

MemTotal:        4016004 kB
MemFree:         3230168 kB
Active:           430052 kB
Mem:          3.8G       767M       3.1G       5.7M        55M       320M

MemTotal:        4016004 kB
MemFree:         3230896 kB
Active:           430004 kB
Mem:          3.8G       767M       3.1G       5.7M        55M       320M

MemTotal:        4016004 kB
MemFree:         3230632 kB
Active:           430012 kB
Mem:          3.8G       767M       3.1G       5.7M        55M       320M

MemTotal:        4016004 kB
MemFree:         3230624 kB
Active:           430020 kB
Mem:          3.8G       767M       3.1G       5.7M        55M       320M

MemTotal:        4016004 kB
MemFree:         3230844 kB
Active:           430024 kB
Mem:          3.8G       766M       3.1G       5.7M        55M       320M

MemTotal:        4016004 kB
MemFree:         3230348 kB
Active:           430064 kB
Mem:          3.8G       767M       3.1G       5.7M        55M       320M

MemTotal:        4016004 kB
MemFree:         3230348 kB
Active:           430064 kB
Mem:          3.8G       767M       3.1G       5.7M        55M       320M

MemTotal:        4016004 kB
MemFree:         3230224 kB
Active:           430016 kB
Mem:          3.8G       767M       3.1G       5.7M        55M       320M

MemTotal:        4016004 kB
MemFree:         3230472 kB
Active:           430032 kB
Mem:          3.8G       767M       3.1G       5.7M        55M       320M

MemTotal:        4016004 kB
MemFree:         3230224 kB
Active:           430032 kB
Mem:          3.8G       767M       3.1G       5.7M        55M       320M

MemTotal:        4016004 kB
MemFree:         3230968 kB
Active:           430040 kB
Mem:          3.8G       766M       3.1G       5.7M        55M       320M

MemTotal:        4016004 kB
MemFree:         3230472 kB
Active:           430076 kB
Mem:          3.8G       767M       3.1G       5.7M        55M       320M

MemTotal:        4016004 kB
MemFree:         3230704 kB
Active:           430040 kB
Mem:          3.8G       767M       3.1G       5.7M        55M       320M

MemTotal:        4016004 kB
MemFree:         3230564 kB
Active:           430072 kB
Mem:          3.8G       767M       3.1G       5.7M        55M       320M

MemTotal:        4016004 kB
MemFree:         3230548 kB
Active:           430076 kB
Mem:          3.8G       767M       3.1G       5.7M        55M       320M

MemTotal:        4016004 kB
MemFree:         3230532 kB
Active:           430040 kB
Mem:          3.8G       767M       3.1G       5.7M        55M       320M

MemTotal:        4016004 kB
MemFree:         3229896 kB
Active:           430084 kB
Mem:          3.8G       767M       3.1G       5.7M        55M       320M

MemTotal:        4016004 kB
MemFree:         3230516 kB
Active:           430068 kB
Mem:          3.8G       767M       3.1G       5.7M        55M       320M

MemTotal:        4016004 kB
MemFree:         3229880 kB
Active:           430088 kB
Mem:          3.8G       767M       3.1G       5.7M        55M       320M

MemTotal:        4016004 kB
MemFree:         3228188 kB
Active:           430040 kB
Mem:          3.8G       769M       3.1G       5.7M        55M       320M

MemTotal:        4016004 kB
MemFree:         3227816 kB
Active:           432112 kB
Mem:          3.8G       769M       3.1G       5.7M        55M       320M

MemTotal:        4016004 kB
MemFree:         3228048 kB
Active:           432064 kB
Mem:          3.8G       769M       3.1G       5.7M        55M       320M

MemTotal:        4016004 kB
MemFree:         3228360 kB
Active:           432072 kB
Mem:          3.8G       769M       3.1G       5.7M        55M       320M

MemTotal:        4016004 kB
MemFree:         3228112 kB
Active:           432120 kB
Mem:          3.8G       769M       3.1G       5.7M        55M       320M

MemTotal:        4016004 kB
MemFree:         3228608 kB
Active:           432068 kB
Mem:          3.8G       769M       3.1G       5.7M        55M       320M

MemTotal:        4016004 kB
MemFree:         3228484 kB
Active:           432124 kB
Mem:          3.8G       769M       3.1G       5.7M        55M       320M

MemTotal:        4016004 kB
MemFree:         3228608 kB
Active:           432076 kB
Mem:          3.8G       769M       3.1G       5.7M        55M       320M

MemTotal:        4016004 kB
MemFree:         3228608 kB
Active:           432124 kB
Mem:          3.8G       769M       3.1G       5.7M        55M       320M

MemTotal:        4016004 kB
MemFree:         3228360 kB
Active:           432092 kB
Mem:          3.8G       769M       3.1G       5.7M        55M       320M

MemTotal:        4016004 kB
MemFree:         3228112 kB
Active:           432144 kB
Mem:          3.8G       769M       3.1G       5.7M        55M       320M

MemTotal:        4016004 kB
MemFree:         3228360 kB
Active:           432108 kB
Mem:          3.8G       769M       3.1G       5.7M        55M       320M

MemTotal:        4016004 kB
MemFree:         3228360 kB
Active:           432092 kB
Mem:          3.8G       769M       3.1G       5.7M        55M       320M

MemTotal:        4016004 kB
MemFree:         3228220 kB
Active:           432148 kB
Mem:          3.8G       769M       3.1G       5.7M        55M       320M

MemTotal:        4016004 kB
MemFree:         3228452 kB
Active:           432112 kB
Mem:          3.8G       769M       3.1G       5.7M        55M       320M

MemTotal:        4016004 kB
MemFree:         3228188 kB
Active:           432112 kB
Mem:          3.8G       769M       3.1G       5.7M        55M       320M

MemTotal:        4016004 kB
MemFree:         3228424 kB
Active:           432112 kB
Mem:          3.8G       769M       3.1G       5.7M        55M       320M

MemTotal:        4016004 kB
MemFree:         3227928 kB
Active:           432156 kB
Mem:          3.8G       769M       3.1G       5.7M        55M       320M

MemTotal:        4016004 kB
MemFree:         3228300 kB
Active:           432120 kB
Mem:          3.8G       769M       3.1G       5.7M        55M       320M

MemTotal:        4016004 kB
MemFree:         3227928 kB
Active:           432428 kB
Mem:          3.8G       769M       3.1G       5.7M        55M       320M

MemTotal:        4016004 kB
MemFree:         3226376 kB
Active:           432344 kB
Mem:          3.8G       771M       3.1G       5.7M        55M       320M

MemTotal:        4016004 kB
MemFree:         3226252 kB
Active:           434376 kB
Mem:          3.8G       771M       3.1G       5.7M        55M       320M

MemTotal:        4016004 kB
MemFree:         3226732 kB
Active:           434328 kB
Mem:          3.8G       770M       3.1G       5.7M        55M       320M

MemTotal:        4016004 kB
MemFree:         3226592 kB
Active:           434376 kB
Mem:          3.8G       770M       3.1G       5.7M        55M       320M

MemTotal:        4016004 kB
MemFree:         3226204 kB
Active:           434376 kB
Mem:          3.8G       771M       3.1G       5.7M        55M       320M

MemTotal:        4016004 kB
MemFree:         3226436 kB
Active:           434376 kB
Mem:          3.8G       771M       3.1G       5.7M        55M       320M

MemTotal:        4016004 kB
MemFree:         3226420 kB
Active:           434356 kB
Mem:          3.8G       771M       3.1G       5.7M        55M       320M

MemTotal:        4016004 kB
MemFree:         3225908 kB
Active:           434388 kB
Mem:          3.8G       771M       3.1G       5.7M        55M       320M

MemTotal:        4016004 kB
MemFree:         3226016 kB
Active:           434388 kB
Mem:          3.8G       771M       3.1G       5.7M        55M       320M

MemTotal:        4016004 kB
MemFree:         3226248 kB
Active:           434332 kB
Mem:          3.8G       771M       3.1G       5.7M        55M       320M

MemTotal:        4016004 kB
MemFree:         3225904 kB
Active:           432416 kB
Mem:          3.8G       771M       3.1G       5.7M        55M       320M

MemTotal:        4016004 kB
MemFree:         3225764 kB
Active:           434388 kB
Mem:          3.8G       771M       3.1G       5.7M        55M       320M

MemTotal:        4016004 kB
MemFree:         3226136 kB
Active:           434364 kB
Mem:          3.8G       771M       3.1G       5.7M        55M       320M

MemTotal:        4016004 kB
MemFree:         3226384 kB
Active:           434384 kB
Mem:          3.8G       771M       3.1G       5.7M        55M       320M

MemTotal:        4016004 kB
MemFree:         3225888 kB
Active:           434396 kB
Mem:          3.8G       771M       3.1G       5.7M        55M       320M

MemTotal:        4016004 kB
MemFree:         3225764 kB
Active:           434396 kB
Mem:          3.8G       771M       3.1G       5.7M        55M       320M

MemTotal:        4016004 kB
MemFree:         3225888 kB
Active:           434352 kB
Mem:          3.8G       771M       3.1G       5.7M        55M       320M

MemTotal:        4016004 kB
MemFree:         3225888 kB
Active:           434352 kB
Mem:          3.8G       771M       3.1G       5.7M        55M       320M

MemTotal:        4016004 kB
MemFree:         3226012 kB
Active:           434408 kB
Mem:          3.8G       771M       3.1G       5.7M        55M       320M

MemTotal:        4016004 kB
MemFree:         3226012 kB
Active:           434360 kB
Mem:          3.8G       771M       3.1G       5.7M        55M       320M

MemTotal:        4016004 kB
MemFree:         3225780 kB
Active:           432432 kB
Mem:          3.8G       771M       3.1G       5.7M        55M       320M

MemTotal:        4016004 kB
MemFree:         3226412 kB
Active:           434384 kB
Mem:          3.8G       771M       3.1G       5.7M        55M       320M

MemTotal:        4016004 kB
MemFree:         3226412 kB
Active:           434400 kB
Mem:          3.8G       771M       3.1G       5.7M        55M       320M

MemTotal:        4016004 kB
MemFree:         3226288 kB
Active:           434384 kB
Mem:          3.8G       771M       3.1G       5.7M        55M       320M

MemTotal:        4016004 kB
MemFree:         3226412 kB
Active:           434364 kB
Mem:          3.8G       771M       3.1G       5.7M        55M       320M

MemTotal:        4016004 kB
MemFree:         3226412 kB
Active:           434392 kB
Mem:          3.8G       771M       3.1G       5.7M        55M       320M

MemTotal:        4016004 kB
MemFree:         3226396 kB
Active:           434408 kB
Mem:          3.8G       771M       3.1G       5.7M        55M       320M

MemTotal:        4016004 kB
MemFree:         3225760 kB
Active:           434424 kB
Mem:          3.8G       771M       3.1G       5.7M        55M       320M

MemTotal:        4016004 kB
MemFree:         3226116 kB
Active:           434416 kB
Mem:          3.8G       771M       3.1G       5.7M        55M       320M

MemTotal:        4016004 kB
MemFree:         3225728 kB
Active:           434424 kB
Mem:          3.8G       771M       3.1G       5.7M        55M       320M

MemTotal:        4016004 kB
MemFree:         3225712 kB
Active:           434388 kB
Mem:          3.8G       771M       3.1G       5.7M        55M       320M

MemTotal:        4016004 kB
MemFree:         3225820 kB
Active:           434376 kB
Mem:          3.8G       771M       3.1G       5.7M        55M       320M

MemTotal:        4016004 kB
MemFree:         3225680 kB
Active:           434424 kB
Mem:          3.8G       771M       3.1G       5.7M        55M       320M

MemTotal:        4016004 kB
MemFree:         3225696 kB
Active:           434436 kB
Mem:          3.8G       771M       3.1G       5.7M        55M       320M

MemTotal:        4016004 kB
MemFree:         3225324 kB
Active:           434436 kB
Mem:          3.8G       771M       3.1G       5.7M        55M       320M

MemTotal:        4016004 kB
MemFree:         3225820 kB
Active:           434424 kB
Mem:          3.8G       771M       3.1G       5.7M        55M       320M

MemTotal:        4016004 kB
MemFree:         3225508 kB
Active:           434756 kB
Mem:          3.8G       771M       3.1G       5.7M        55M       320M

MemTotal:        4016004 kB
MemFree:         3121380 kB
Active:           435720 kB
Mem:          3.8G       874M       3.0G       5.7M        55M       420M

MemTotal:        4016004 kB
MemFree:         3018872 kB
Active:           435816 kB
Mem:          3.8G       974M       2.9G       5.7M        55M       519M

MemTotal:        4016004 kB
MemFree:         2901560 kB
Active:           435792 kB
Mem:          3.8G       1.1G       2.8G       5.7M        55M       631M

MemTotal:        4016004 kB
MemFree:         2786660 kB
Active:           437972 kB
Mem:          3.8G       1.2G       2.7G       5.7M        55M       741M

MemTotal:        4016004 kB
MemFree:         2657412 kB
Active:           437828 kB
Mem:          3.8G       1.3G       2.5G       5.7M        55M       865M

MemTotal:        4016004 kB
MemFree:         2554392 kB
Active:           437864 kB
Mem:          3.8G       1.4G       2.4G       5.7M        55M       963M

MemTotal:        4016004 kB
MemFree:         2549660 kB
Active:           437868 kB
Mem:          3.8G       1.4G       2.4G       5.7M        55M       967M

MemTotal:        4016004 kB
MemFree:         2543868 kB
Active:           437876 kB
Mem:          3.8G       1.4G       2.4G       5.7M        55M       972M

MemTotal:        4016004 kB
MemFree:         2541768 kB
Active:           437904 kB
Mem:          3.8G       1.4G       2.4G       5.7M        55M       974M

MemTotal:        4016004 kB
MemFree:         2538816 kB
Active:           437924 kB
Mem:          3.8G       1.4G       2.4G       5.7M        55M       977M

MemTotal:        4016004 kB
MemFree:         2535716 kB
Active:           437944 kB
Mem:          3.8G       1.4G       2.4G       5.7M        55M       981M

MemTotal:        4016004 kB
MemFree:         2448792 kB
Active:           437912 kB
Mem:          3.8G       1.5G       2.3G       5.7M        55M       1.0G

MemTotal:        4016004 kB
MemFree:         2434500 kB
Active:           437964 kB
Mem:          3.8G       1.5G       2.3G       5.7M        55M       1.1G

MemTotal:        4016004 kB
MemFree:         2429996 kB
Active:           438008 kB
Mem:          3.8G       1.5G       2.3G       5.7M        55M       1.1G

MemTotal:        4016004 kB
MemFree:         2427336 kB
Active:           437984 kB
Mem:          3.8G       1.5G       2.3G       5.7M        55M       1.1G

MemTotal:        4016004 kB
MemFree:         2421284 kB
Active:           438000 kB
Mem:          3.8G       1.5G       2.3G       5.7M        55M       1.1G

MemTotal:        4016004 kB
MemFree:         2421076 kB
Active:           438004 kB
Mem:          3.8G       1.5G       2.3G       5.7M        55M       1.1G

MemTotal:        4016004 kB
MemFree:         2347828 kB
Active:           438004 kB
Mem:          3.8G       1.6G       2.2G       5.7M        55M       1.1G

MemTotal:        4016004 kB
MemFree:         2218860 kB
Active:           438008 kB
Mem:          3.8G       1.7G       2.1G       5.7M        55M       1.3G

MemTotal:        4016004 kB
MemFree:         2091224 kB
Active:           437956 kB
Mem:          3.8G       1.8G       2.0G       5.7M        55M       1.4G

MemTotal:        4016004 kB
MemFree:         1961604 kB
Active:           438008 kB
Mem:          3.8G       2.0G       1.9G       5.7M        55M       1.5G

MemTotal:        4016004 kB
MemFree:         1870628 kB
Active:           438024 kB
Mem:          3.8G       2.0G       1.8G       5.7M        55M       1.6G

MemTotal:        4016004 kB
MemFree:         1863956 kB
Active:           438012 kB
Mem:          3.8G       2.1G       1.8G       5.7M        55M       1.6G

MemTotal:        4016004 kB
MemFree:         1860588 kB
Active:           436052 kB
Mem:          3.8G       2.1G       1.8G       5.7M        55M       1.6G

MemTotal:        4016004 kB
MemFree:         1857712 kB
Active:           436040 kB
Mem:          3.8G       2.1G       1.8G       5.7M        55M       1.6G

MemTotal:        4016004 kB
MemFree:         1786568 kB
Active:           436040 kB
Mem:          3.8G       2.1G       1.7G       5.7M        55M       1.7G

MemTotal:        4016004 kB
MemFree:         1688680 kB
Active:           438092 kB
Mem:          3.8G       2.2G       1.6G       5.7M        55M       1.8G

MemTotal:        4016004 kB
MemFree:         1681448 kB
Active:           438108 kB
Mem:          3.8G       2.2G       1.6G       5.7M        55M       1.8G

MemTotal:        4016004 kB
MemFree:         1678176 kB
Active:           438096 kB
Mem:          3.8G       2.2G       1.6G       5.7M        55M       1.8G

MemTotal:        4016004 kB
MemFree:         1674520 kB
Active:           438068 kB
Mem:          3.8G       2.2G       1.6G       5.7M        55M       1.8G

MemTotal:        4016004 kB
MemFree:         1671540 kB
Active:           438120 kB
Mem:          3.8G       2.2G       1.6G       5.7M        55M       1.8G

MemTotal:        4016004 kB
MemFree:         1668568 kB
Active:           438120 kB
Mem:          3.8G       2.2G       1.6G       5.7M        55M       1.8G

MemTotal:        4016004 kB
MemFree:         1611776 kB
Active:           438112 kB
Mem:          3.8G       2.3G       1.5G       5.7M        55M       1.8G

MemTotal:        4016004 kB
MemFree:         1500200 kB
Active:           436100 kB
Mem:          3.8G       2.4G       1.4G       5.7M        55M       1.9G

MemTotal:        4016004 kB
MemFree:         1374300 kB
Active:           438080 kB
Mem:          3.8G       2.5G       1.3G       5.7M        55M       2.0G

MemTotal:        4016004 kB
MemFree:         1295136 kB
Active:           438100 kB
Mem:          3.8G       2.6G       1.2G       5.7M        55M       2.1G

MemTotal:        4016004 kB
MemFree:         1186768 kB
Active:           438132 kB
Mem:          3.8G       2.7G       1.1G       5.7M        55M       2.2G

MemTotal:        4016004 kB
MemFree:         1180516 kB
Active:           438140 kB
Mem:          3.8G       2.7G       1.1G       5.7M        55M       2.2G

MemTotal:        4016004 kB
MemFree:         1173756 kB
Active:           438160 kB
Mem:          3.8G       2.7G       1.1G       5.7M        55M       2.2G

MemTotal:        4016004 kB
MemFree:         1164768 kB
Active:           438144 kB
Mem:          3.8G       2.7G       1.1G       5.7M        55M       2.2G

MemTotal:        4016004 kB
MemFree:         1124104 kB
Active:           438164 kB
Mem:          3.8G       2.8G       1.1G       5.7M        55M       2.3G

MemTotal:        4016004 kB
MemFree:         1121144 kB
Active:           438176 kB
Mem:          3.8G       2.8G       1.1G       5.7M        55M       2.3G

MemTotal:        4016004 kB
MemFree:         1119388 kB
Active:           438140 kB
Mem:          3.8G       2.8G       1.1G       5.7M        55M       2.3G

MemTotal:        4016004 kB
MemFree:         1114776 kB
Active:           436820 kB
Mem:          3.8G       2.8G       1.1G       5.7M        55M       2.3G

MemTotal:        4016004 kB
MemFree:         1047628 kB
Active:           436768 kB
Mem:          3.8G       2.8G       1.0G       5.7M        55M       2.4G

MemTotal:        4016004 kB
MemFree:          926524 kB
Active:           438812 kB
Mem:          3.8G       2.9G       902M       5.7M        55M       2.5G

MemTotal:        4016004 kB
MemFree:          821352 kB
Active:           438816 kB
Mem:          3.8G       3.0G       801M       5.7M        55M       2.6G

MemTotal:        4016004 kB
MemFree:          813664 kB
Active:           438812 kB
Mem:          3.8G       3.1G       794M       5.7M        55M       2.6G

MemTotal:        4016004 kB
MemFree:          711404 kB
Active:           438824 kB
Mem:          3.8G       3.2G       692M       5.7M        55M       2.7G

MemTotal:        4016004 kB
MemFree:          692244 kB
Active:           438840 kB
Mem:          3.8G       3.2G       675M       5.7M        55M       2.7G

MemTotal:        4016004 kB
MemFree:          658808 kB
Active:           438812 kB
Mem:          3.8G       3.2G       641M       5.7M        55M       2.7G

MemTotal:        4016004 kB
MemFree:          583248 kB
Active:           438852 kB
Mem:          3.8G       3.3G       565M       5.7M        55M       2.8G

MemTotal:        4016004 kB
MemFree:          576572 kB
Active:           438856 kB
Mem:          3.8G       3.3G       563M       5.7M        55M       2.8G

MemTotal:        4016004 kB
MemFree:          576488 kB
Active:           438864 kB
Mem:          3.8G       3.3G       563M       5.7M        55M       2.8G

MemTotal:        4016004 kB
MemFree:          575380 kB
Active:           438852 kB
Mem:          3.8G       3.3G       561M       5.7M        55M       2.8G

MemTotal:        4016004 kB
MemFree:          570304 kB
Active:           438896 kB
Mem:          3.8G       3.3G       556M       5.7M        55M       2.8G

MemTotal:        4016004 kB
MemFree:          447316 kB
Active:           438900 kB
Mem:          3.8G       3.4G       433M       5.7M        55M       2.9G

MemTotal:        4016004 kB
MemFree:          319680 kB
Active:           438908 kB
Mem:          3.8G       3.5G       310M       5.7M        55M       3.0G

MemTotal:        4016004 kB
MemFree:          229744 kB
Active:           438924 kB
Mem:          3.8G       3.6G       224M       5.7M        55M       3.1G

MemTotal:        4016004 kB
MemFree:          227496 kB
Active:           438928 kB
Mem:          3.8G       3.6G       222M       5.7M        55M       3.1G

MemTotal:        4016004 kB
MemFree:          127888 kB
Active:           438944 kB
Mem:          3.8G       3.7G       123M       5.7M        55M       3.2G

MemTotal:        4016004 kB
MemFree:          132980 kB
Active:           487788 kB
Mem:          3.8G       3.7G       145M       5.7M        20M       3.2G

MemTotal:        4016004 kB
MemFree:          143864 kB
Active:           451836 kB
Mem:          3.8G       3.7G       137M       5.7M        20M       3.2G

MemTotal:        4016004 kB
MemFree:          138704 kB
Active:           451964 kB
Mem:          3.8G       3.7G       135M       5.7M        20M       3.2G

MemTotal:        4016004 kB
MemFree:          135760 kB
Active:           451836 kB
Mem:          3.8G       3.7G       132M       5.7M        20M       3.2G

MemTotal:        4016004 kB
MemFree:          124856 kB
Active:           451272 kB
Mem:          3.8G       3.7G       121M       5.7M        20M       3.3G

MemTotal:        4016004 kB
MemFree:          122304 kB
Active:           451252 kB
Mem:          3.8G       3.7G       119M       5.7M        20M       3.3G

MemTotal:        4016004 kB
MemFree:          116968 kB
Active:           451288 kB
Mem:          3.8G       3.7G       113M       5.7M        20M       3.3G

MemTotal:        4016004 kB
MemFree:          113932 kB
Active:           451296 kB
Mem:          3.8G       3.7G       111M       5.7M        20M       3.3G

MemTotal:        4016004 kB
MemFree:          115784 kB
Active:           453468 kB
Mem:          3.8G       3.7G       111M       5.7M        20M       3.3G

MemTotal:        4016004 kB
MemFree:          140160 kB
Active:           442988 kB
Mem:          3.8G       3.7G       133M       5.7M        20M       3.2G

MemTotal:        4016004 kB
MemFree:          121444 kB
Active:           442220 kB
Mem:          3.8G       3.7G       116M       5.7M        20M       3.3G

MemTotal:        4016004 kB
MemFree:          132032 kB
Active:           440580 kB
Mem:          3.8G       3.7G       128M       5.7M        20M       3.2G

MemTotal:        4016004 kB
MemFree:          110176 kB
Active:           439556 kB
Mem:          3.8G       3.7G       106M       5.7M        20M       3.3G

MemTotal:        4016004 kB
MemFree:          132700 kB
Active:           436576 kB
Mem:          3.8G       3.7G       129M       5.7M        20M       3.2G

MemTotal:        4016004 kB
MemFree:          112540 kB
Active:           435944 kB
Mem:          3.8G       3.7G       108M       5.7M        20M       3.3G

MemTotal:        4016004 kB
MemFree:          107532 kB
Active:           435944 kB
Mem:          3.8G       3.7G       104M       5.7M        20M       3.3G

MemTotal:        4016004 kB
MemFree:          133524 kB
Active:           433008 kB
Mem:          3.8G       3.7G       130M       5.7M        20M       3.2G

MemTotal:        4016004 kB
MemFree:          132068 kB
Active:           433012 kB
Mem:          3.8G       3.7G       128M       5.7M        20M       3.2G

MemTotal:        4016004 kB
MemFree:          127788 kB
Active:           433024 kB
Mem:          3.8G       3.7G       124M       5.7M        20M       3.3G

MemTotal:        4016004 kB
MemFree:          124532 kB
Active:           433552 kB
Mem:          3.8G       3.7G       120M       5.7M        20M       3.3G

MemTotal:        4016004 kB
MemFree:          120628 kB
Active:           433552 kB
Mem:          3.8G       3.7G       117M       5.7M        20M       3.3G

MemTotal:        4016004 kB
MemFree:          134300 kB
Active:           429464 kB
Mem:          3.8G       3.7G       128M       5.7M        20M       3.2G

MemTotal:        4016004 kB
MemFree:          144552 kB
Active:           427416 kB
Mem:          3.8G       3.7G       138M       5.7M        20M       3.2G

MemTotal:        4016004 kB
MemFree:          133864 kB
Active:           423448 kB
Mem:          3.8G       3.7G       128M       5.7M        20M       3.2G

MemTotal:        4016004 kB
MemFree:          127288 kB
Active:           422180 kB
Mem:          3.8G       3.7G       122M       5.7M        20M       3.3G

MemTotal:        4016004 kB
MemFree:          134428 kB
Active:           418672 kB
Mem:          3.8G       3.7G       130M       5.7M        20M       3.2G

MemTotal:        4016004 kB
MemFree:          132848 kB
Active:           418672 kB
Mem:          3.8G       3.7G       128M       5.7M        20M       3.2G

MemTotal:        4016004 kB
MemFree:          127744 kB
Active:           416376 kB
Mem:          3.8G       3.7G       120M       5.7M        20M       3.3G

MemTotal:        4016004 kB
MemFree:          145012 kB
Active:           415608 kB
Mem:          3.8G       3.7G       141M       5.7M        20M       3.2G

MemTotal:        4016004 kB
MemFree:          132652 kB
Active:           413280 kB
Mem:          3.8G       3.7G       128M       5.7M        20M       3.2G

MemTotal:        4016004 kB
MemFree:          128272 kB
Active:           415344 kB
Mem:          3.8G       3.7G       124M       5.7M        20M       3.2G

MemTotal:        4016004 kB
MemFree:          126632 kB
Active:           415348 kB
Mem:          3.8G       3.7G       123M       5.7M        20M       3.2G

MemTotal:        4016004 kB
MemFree:          126148 kB
Active:           415352 kB
Mem:          3.8G       3.7G       123M       5.7M        20M       3.2G

MemTotal:        4016004 kB
MemFree:          119808 kB
Active:           415356 kB
Mem:          3.8G       3.7G       116M       5.7M        20M       3.3G

MemTotal:        4016004 kB
MemFree:          139752 kB
Active:           411524 kB
Mem:          3.8G       3.7G       133M       5.7M        20M       3.2G

MemTotal:        4016004 kB
MemFree:          131096 kB
Active:           407684 kB
Mem:          3.8G       3.7G       126M       5.7M        20M       3.2G

MemTotal:        4016004 kB
MemFree:          144540 kB
Active:           400876 kB
Mem:          3.8G       3.7G       139M       5.7M        20M       3.2G

MemTotal:        4016004 kB
MemFree:          122568 kB
Active:           397164 kB
Mem:          3.8G       3.7G       116M       5.7M        20M       3.3G

MemTotal:        4016004 kB
MemFree:          133176 kB
Active:           393452 kB
Mem:          3.8G       3.7G       128M       5.7M        20M       3.2G

MemTotal:        4016004 kB
MemFree:          133624 kB
Active:           391924 kB
Mem:          3.8G       3.7G       129M       5.7M        20M       3.2G

MemTotal:        4016004 kB
MemFree:          133216 kB
Active:           391952 kB
Mem:          3.8G       3.7G       129M       5.7M        20M       3.2G

MemTotal:        4016004 kB
MemFree:          133096 kB
Active:           391896 kB
Mem:          3.8G       3.7G       129M       5.7M        20M       3.2G

MemTotal:        4016004 kB
MemFree:          126992 kB
Active:           391956 kB
Mem:          3.8G       3.7G       124M       5.7M        20M       3.2G

MemTotal:        4016004 kB
MemFree:          122800 kB
Active:           391972 kB
Mem:          3.8G       3.7G       118M       5.7M        20M       3.3G

MemTotal:        4016004 kB
MemFree:          118564 kB
Active:           391976 kB
Mem:          3.8G       3.7G       115M       5.7M        20M       3.3G

MemTotal:        4016004 kB
MemFree:          115756 kB
Active:           391976 kB
Mem:          3.8G       3.7G       112M       5.7M        20M       3.3G

MemTotal:        4016004 kB
MemFree:          112840 kB
Active:           392084 kB
Mem:          3.8G       3.7G       109M       5.7M        20M       3.3G

MemTotal:        4016004 kB
MemFree:          137264 kB
Active:           387428 kB
Mem:          3.8G       3.7G       142M       5.7M        20M       3.2G

MemTotal:        4016004 kB
MemFree:          139908 kB
Active:           383592 kB
Mem:          3.8G       3.7G       134M       5.7M        20M       3.2G

MemTotal:        4016004 kB
MemFree:          121012 kB
Active:           380520 kB
Mem:          3.8G       3.7G       114M       5.7M        20M       3.3G

MemTotal:        4016004 kB
MemFree:          140108 kB
Active:           379016 kB
Mem:          3.8G       3.7G       134M       5.7M        20M       3.2G

MemTotal:        4016004 kB
MemFree:          127112 kB
Active:           377452 kB
Mem:          3.8G       3.7G       123M       5.7M        20M       3.2G

MemTotal:        4016004 kB
MemFree:          120580 kB
Active:           376952 kB
Mem:          3.8G       3.7G       116M       5.7M        20M       3.3G

MemTotal:        4016004 kB
MemFree:          114456 kB
Active:           376312 kB
Mem:          3.8G       3.7G       124M       5.7M        20M       3.2G

MemTotal:        4016004 kB
MemFree:          131756 kB
Active:           374520 kB
Mem:          3.8G       3.7G       128M       5.7M        20M       3.2G

MemTotal:        4016004 kB
MemFree:          129424 kB
Active:           374532 kB
Mem:          3.8G       3.7G       126M       5.7M        20M       3.2G

MemTotal:        4016004 kB
MemFree:          128840 kB
Active:           374484 kB
Mem:          3.8G       3.7G       125M       5.7M        20M       3.2G

MemTotal:        4016004 kB
MemFree:          129128 kB
Active:           374508 kB
Mem:          3.8G       3.7G       126M       5.7M        20M       3.2G

MemTotal:        4016004 kB
MemFree:          121636 kB
Active:           373736 kB
Mem:          3.8G       3.7G       115M       5.7M        20M       3.3G

MemTotal:        4016004 kB
MemFree:          113680 kB
Active:           369812 kB
Mem:          3.8G       3.7G       109M       5.7M        20M       3.3G

MemTotal:        4016004 kB
MemFree:          117032 kB
Active:           371772 kB
Mem:          3.8G       3.7G       111M       5.7M        20M       3.3G

MemTotal:        4016004 kB
MemFree:          141608 kB
Active:           371784 kB
Mem:          3.8G       3.7G       138M       5.7M        20M       3.2G

MemTotal:        4016004 kB
MemFree:          124272 kB
Active:           371760 kB
Mem:          3.8G       3.7G       120M       5.7M        20M       3.3G

MemTotal:        4016004 kB
MemFree:          118720 kB
Active:           371660 kB
Mem:          3.8G       3.7G       115M       5.7M        20M       3.3G

MemTotal:        4016004 kB
MemFree:          115260 kB
Active:           371660 kB
Mem:          3.8G       3.7G       111M       5.7M        20M       3.3G

MemTotal:        4016004 kB
MemFree:          110064 kB
Active:           371660 kB
Mem:          3.8G       3.7G       106M       5.7M        20M       3.3G

MemTotal:        4016004 kB
MemFree:          137948 kB
Active:           371668 kB
Mem:          3.8G       3.7G       134M       5.7M        20M       3.2G

MemTotal:        4016004 kB
MemFree:          129596 kB
Active:           371668 kB
Mem:          3.8G       3.7G       126M       5.7M        20M       3.2G

MemTotal:        4016004 kB
MemFree:          127180 kB
Active:           372472 kB
Mem:          3.8G       3.7G       123M       5.7M        20M       3.2G

MemTotal:        4016004 kB
MemFree:          125324 kB
Active:           372436 kB
Mem:          3.8G       3.7G       121M       5.7M        20M       3.2G

MemTotal:        4016004 kB
MemFree:          123436 kB
Active:           372484 kB
Mem:          3.8G       3.7G       120M       5.7M        20M       3.3G

MemTotal:        4016004 kB
MemFree:          121704 kB
Active:           372484 kB
Mem:          3.8G       3.7G       118M       5.7M        20M       3.3G

MemTotal:        4016004 kB
MemFree:          109140 kB
Active:           373260 kB
Mem:          3.8G       3.7G       104M       5.7M        20M       3.3G

MemTotal:        4016004 kB
MemFree:          132548 kB
Active:           372076 kB
Mem:          3.8G       3.7G       127M       5.7M        20M       3.2G

MemTotal:        4016004 kB
MemFree:          131536 kB
Active:           371900 kB
Mem:          3.8G       3.7G       124M       5.7M        20M       3.2G

MemTotal:        4016004 kB
MemFree:          116676 kB
Active:           372004 kB
Mem:          3.8G       3.7G       113M       5.7M        20M       3.3G

MemTotal:        4016004 kB
MemFree:          129132 kB
Active:           371032 kB
Mem:          3.8G       3.7G       125M       5.7M        20M       3.2G

MemTotal:        4016004 kB
MemFree:          122740 kB
Active:           371008 kB
Mem:          3.8G       3.7G       117M       5.7M        20M       3.3G

MemTotal:        4016004 kB
MemFree:          134860 kB
Active:           373068 kB
Mem:          3.8G       3.7G       131M       5.7M        20M       3.2G

MemTotal:        4016004 kB
MemFree:          132696 kB
Active:           373068 kB
Mem:          3.8G       3.7G       129M       5.7M        20M       3.2G

MemTotal:        4016004 kB
MemFree:          131056 kB
Active:           373056 kB
Mem:          3.8G       3.7G       127M       5.7M        20M       3.2G

MemTotal:        4016004 kB
MemFree:          129184 kB
Active:           373052 kB
Mem:          3.8G       3.7G       125M       5.7M        20M       3.2G

MemTotal:        4016004 kB
MemFree:          151032 kB
Active:           372012 kB
Mem:          3.8G       3.7G       146M       5.7M        20M       3.2G

MemTotal:        4016004 kB
MemFree:          133128 kB
Active:           372012 kB
Mem:          3.8G       3.7G       153M       5.7M        20M       3.2G

MemTotal:        4016004 kB
MemFree:          142584 kB
Active:           369372 kB
Mem:          3.8G       3.7G       137M       5.7M        20M       3.2G

MemTotal:        4016004 kB
MemFree:          120548 kB
Active:           369388 kB
Mem:          3.8G       3.7G       117M       5.7M        20M       3.3G

MemTotal:        4016004 kB
MemFree:          118272 kB
Active:           369396 kB
Mem:          3.8G       3.7G       131M       5.7M        20M       3.2G

MemTotal:        4016004 kB
MemFree:          119464 kB
Active:           369396 kB
Mem:          3.8G       3.7G       116M       5.7M        20M       3.3G

MemTotal:        4016004 kB
MemFree:          119628 kB
Active:           369400 kB
Mem:          3.8G       3.7G       115M       5.7M        20M       3.3G

MemTotal:        4016004 kB
MemFree:          132920 kB
Active:           368432 kB
Mem:          3.8G       3.7G       129M       5.7M        20M       3.2G

MemTotal:        4016004 kB
MemFree:          132032 kB
Active:           368444 kB
Mem:          3.8G       3.7G       128M       5.7M        20M       3.2G

MemTotal:        4016004 kB
MemFree:          131276 kB
Active:           368448 kB
Mem:          3.8G       3.7G       128M       5.7M        20M       3.2G

MemTotal:        4016004 kB
MemFree:          131784 kB
Active:           368436 kB
Mem:          3.8G       3.7G       128M       5.7M        20M       3.2G

MemTotal:        4016004 kB
MemFree:          113776 kB
Active:           368452 kB
Mem:          3.8G       3.7G       131M       5.7M        20M       3.2G

MemTotal:        4016004 kB
MemFree:          107536 kB
Active:           368456 kB
Mem:          3.8G       3.7G       102M       5.7M        20M       3.3G

MemTotal:        4016004 kB
MemFree:          140988 kB
Active:           366308 kB
Mem:          3.8G       3.7G       136M       5.7M        20M       3.2G

MemTotal:        4016004 kB
MemFree:          138704 kB
Active:           366156 kB
Mem:          3.8G       3.7G       134M       5.7M        20M       3.2G

MemTotal:        4016004 kB
MemFree:          135672 kB
Active:           366180 kB
Mem:          3.8G       3.7G       131M       5.7M        20M       3.2G

MemTotal:        4016004 kB
MemFree:          137144 kB
Active:           366180 kB
Mem:          3.8G       3.7G       133M       5.7M        20M       3.2G

MemTotal:        4016004 kB
MemFree:          124280 kB
Active:           366184 kB
Mem:          3.8G       3.7G       119M       5.7M        20M       3.2G

MemTotal:        4016004 kB
MemFree:          140596 kB
Active:           366184 kB
Mem:          3.8G       3.7G       137M       5.7M        20M       3.2G

MemTotal:        4016004 kB
MemFree:          105464 kB
Active:           366192 kB
Mem:          3.8G       3.7G       102M       5.7M        20M       3.3G

MemTotal:        4016004 kB
MemFree:          104932 kB
Active:           366204 kB
Mem:          3.8G       3.7G       125M       5.7M        20M       3.2G

MemTotal:        4016004 kB
MemFree:          127128 kB
Active:           366220 kB
Mem:          3.8G       3.7G       124M       5.7M        20M       3.2G

MemTotal:        4016004 kB
MemFree:          126112 kB
Active:           366220 kB
Mem:          3.8G       3.7G       123M       5.7M        20M       3.2G

MemTotal:        4016004 kB
MemFree:          130524 kB
Active:           359340 kB
Mem:          3.8G       3.7G       126M       5.7M        20M       3.2G

MemTotal:        4016004 kB
MemFree:          136392 kB
Active:           359148 kB
Mem:          3.8G       3.7G       131M       5.7M        20M       3.2G

MemTotal:        4016004 kB
MemFree:          116888 kB
Active:           359148 kB
Mem:          3.8G       3.7G       112M       5.7M        20M       3.3G

MemTotal:        4016004 kB
MemFree:          135852 kB
Active:           360428 kB
Mem:          3.8G       3.7G       132M       5.7M        20M       3.2G

MemTotal:        4016004 kB
MemFree:          127612 kB
Active:           360424 kB
Mem:          3.8G       3.7G       120M       5.7M        20M       3.2G

MemTotal:        4016004 kB
MemFree:          149992 kB
Active:           358652 kB
Mem:          3.8G       3.7G       146M       5.7M        20M       3.2G

MemTotal:        4016004 kB
MemFree:          137440 kB
Active:           358660 kB
Mem:          3.8G       3.7G       134M       5.7M        20M       3.2G

MemTotal:        4016004 kB
MemFree:          128100 kB
Active:           358660 kB
Mem:          3.8G       3.7G       124M       5.7M        20M       3.2G

MemTotal:        4016004 kB
MemFree:          128032 kB
Active:           358556 kB
Mem:          3.8G       3.7G       125M       5.7M        20M       3.2G

MemTotal:        4016004 kB
MemFree:          127856 kB
Active:           358544 kB
Mem:          3.8G       3.7G       124M       5.7M        20M       3.2G

MemTotal:        4016004 kB
MemFree:          127032 kB
Active:           358548 kB
Mem:          3.8G       3.7G       123M       5.7M        20M       3.2G

MemTotal:        4016004 kB
MemFree:          125736 kB
Active:           358556 kB
Mem:          3.8G       3.7G       123M       5.7M        20M       3.2G

MemTotal:        4016004 kB
MemFree:          133616 kB
Active:           358568 kB
Mem:          3.8G       3.7G       128M       5.7M        20M       3.2G

MemTotal:        4016004 kB
MemFree:          138264 kB
Active:           358568 kB
Mem:          3.8G       3.7G       132M       5.7M        20M       3.2G

MemTotal:        4016004 kB
MemFree:          151340 kB
Active:           356044 kB
Mem:          3.8G       3.7G       145M       5.7M        20M       3.2G

MemTotal:        4016004 kB
MemFree:          153212 kB
Active:           356044 kB
Mem:          3.8G       3.7G       149M       5.7M        20M       3.2G

MemTotal:        4016004 kB
MemFree:          138156 kB
Active:           356044 kB
Mem:          3.8G       3.7G       134M       5.7M        21M       3.2G

MemTotal:        4016004 kB
MemFree:          127840 kB
Active:           356048 kB
Mem:          3.8G       3.7G       124M       5.7M        21M       3.2G

MemTotal:        4016004 kB
MemFree:          111744 kB
Active:           356052 kB
Mem:          3.8G       3.7G       108M       5.7M        21M       3.3G

MemTotal:        4016004 kB
MemFree:          111372 kB
Active:           356060 kB
Mem:          3.8G       3.7G       107M       5.7M        21M       3.3G

MemTotal:        4016004 kB
MemFree:          109808 kB
Active:           356088 kB
Mem:          3.8G       3.7G       107M       5.7M        21M       3.3G

MemTotal:        4016004 kB
MemFree:          109484 kB
Active:           356072 kB
Mem:          3.8G       3.7G       106M       5.7M        21M       3.3G

MemTotal:        4016004 kB
MemFree:          108808 kB
Active:           356060 kB
Mem:          3.8G       3.7G       105M       5.7M        21M       3.3G

MemTotal:        4016004 kB
MemFree:          134752 kB
Active:           356100 kB
Mem:          3.8G       3.7G       130M       5.7M        21M       3.2G

MemTotal:        4016004 kB
MemFree:          141412 kB
Active:           356104 kB
Mem:          3.8G       3.7G       136M       5.7M        21M       3.2G

MemTotal:        4016004 kB
MemFree:          121384 kB
Active:           353632 kB
Mem:          3.8G       3.7G       131M       5.7M        21M       3.2G

MemTotal:        4016004 kB
MemFree:          142044 kB
Active:           353636 kB
Mem:          3.8G       3.7G       138M       5.7M        21M       3.2G

MemTotal:        4016004 kB
MemFree:          136360 kB
Active:           353636 kB
Mem:          3.8G       3.7G       131M       5.7M        21M       3.2G

MemTotal:        4016004 kB
MemFree:          128960 kB
Active:           353644 kB
Mem:          3.8G       3.7G       125M       5.7M        21M       3.2G

MemTotal:        4016004 kB
MemFree:          138520 kB
Active:           353660 kB
Mem:          3.8G       3.7G       134M       5.7M        21M       3.2G

MemTotal:        4016004 kB
MemFree:          127616 kB
Active:           353660 kB
Mem:          3.8G       3.7G       124M       5.7M        21M       3.2G

MemTotal:        4016004 kB
MemFree:          126080 kB
Active:           353672 kB
Mem:          3.8G       3.7G       122M       5.7M        21M       3.2G

MemTotal:        4016004 kB
MemFree:          125028 kB
Active:           353672 kB
Mem:          3.8G       3.7G       121M       5.7M        21M       3.2G

MemTotal:        4016004 kB
MemFree:          124628 kB
Active:           353676 kB
Mem:          3.8G       3.7G       121M       5.7M        21M       3.2G

MemTotal:        4016004 kB
MemFree:          124580 kB
Active:           353680 kB
Mem:          3.8G       3.7G       120M       5.7M        21M       3.2G

MemTotal:        4016004 kB
MemFree:          128904 kB
Active:           349876 kB
Mem:          3.8G       3.7G       124M       5.7M        21M       3.2G

MemTotal:        4016004 kB
MemFree:          128580 kB
Active:           349744 kB
Mem:          3.8G       3.7G       123M       5.7M        21M       3.2G

MemTotal:        4016004 kB
MemFree:          136432 kB
Active:           349748 kB
Mem:          3.8G       3.7G       132M       5.7M        21M       3.2G

MemTotal:        4016004 kB
MemFree:          124760 kB
Active:           349748 kB
Mem:          3.8G       3.7G       119M       5.7M        21M       3.2G

MemTotal:        4016004 kB
MemFree:          128972 kB
Active:           349752 kB
Mem:          3.8G       3.7G       125M       5.7M        21M       3.2G

MemTotal:        4016004 kB
MemFree:          139196 kB
Active:           349764 kB
Mem:          3.8G       3.7G       136M       5.7M        21M       3.2G

MemTotal:        4016004 kB
MemFree:          127648 kB
Active:           349764 kB
Mem:          3.8G       3.7G       124M       5.7M        21M       3.2G

MemTotal:        4016004 kB
MemFree:          130588 kB
Active:           349764 kB
Mem:          3.8G       3.7G       128M       5.7M        21M       3.2G

MemTotal:        4016004 kB
MemFree:          131420 kB
Active:           349776 kB
Mem:          3.8G       3.7G       128M       5.7M        21M       3.2G

MemTotal:        4016004 kB
MemFree:          131084 kB
Active:           349756 kB
Mem:          3.8G       3.7G       128M       5.7M        21M       3.2G

MemTotal:        4016004 kB
MemFree:          129192 kB
Active:           349788 kB
Mem:          3.8G       3.7G       126M       5.7M        21M       3.2G

MemTotal:        4016004 kB
MemFree:          120984 kB
Active:           349796 kB
Mem:          3.8G       3.7G       115M       5.7M        21M       3.2G

MemTotal:        4016004 kB
MemFree:          107584 kB
Active:           347756 kB
Mem:          3.8G       3.7G       103M       5.7M        21M       3.3G

MemTotal:        4016004 kB
MemFree:          128640 kB
Active:           347764 kB
Mem:          3.8G       3.7G       121M       5.7M        21M       3.2G

MemTotal:        4016004 kB
MemFree:          136868 kB
Active:           347744 kB
Mem:          3.8G       3.7G       133M       5.7M        21M       3.2G

MemTotal:        4016004 kB
MemFree:          105448 kB
Active:           347768 kB
Mem:          3.8G       3.7G       124M       5.7M        21M       3.2G

MemTotal:        4016004 kB
MemFree:          135260 kB
Active:           347780 kB
Mem:          3.8G       3.7G       131M       5.7M        21M       3.2G

MemTotal:        4016004 kB
MemFree:          120632 kB
Active:           347780 kB
Mem:          3.8G       3.7G       114M       5.7M        21M       3.2G

MemTotal:        4016004 kB
MemFree:          140816 kB
Active:           347788 kB
Mem:          3.8G       3.7G       137M       5.7M        21M       3.2G

MemTotal:        4016004 kB
MemFree:          145728 kB
Active:           347788 kB
Mem:          3.8G       3.7G       142M       5.7M        21M       3.2G

MemTotal:        4016004 kB
MemFree:          144996 kB
Active:           347800 kB
Mem:          3.8G       3.7G       141M       5.7M        21M       3.2G

MemTotal:        4016004 kB
MemFree:          142932 kB
Active:           347804 kB
Mem:          3.8G       3.7G       139M       5.7M        21M       3.2G

MemTotal:        4016004 kB
MemFree:          142080 kB
Active:           347804 kB
Mem:          3.8G       3.7G       138M       5.7M        21M       3.2G

MemTotal:        4016004 kB
MemFree:          142024 kB
Active:           347780 kB
Mem:          3.8G       3.7G       138M       5.7M        21M       3.2G

MemTotal:        4016004 kB
MemFree:          125192 kB
Active:           347812 kB
Mem:          3.8G       3.7G       120M       5.7M        21M       3.2G

MemTotal:        4016004 kB
MemFree:          125172 kB
Active:           347680 kB
Mem:          3.8G       3.7G       120M       5.7M        21M       3.2G

MemTotal:        4016004 kB
MemFree:          125148 kB
Active:           347680 kB
Mem:          3.8G       3.7G       118M       5.7M        21M       3.2G

MemTotal:        4016004 kB
MemFree:          126260 kB
Active:           347696 kB
Mem:          3.8G       3.7G       123M       5.7M        21M       3.2G

MemTotal:        4016004 kB
MemFree:          142028 kB
Active:           347688 kB
Mem:          3.8G       3.7G       138M       5.7M        21M       3.2G

MemTotal:        4016004 kB
MemFree:          128072 kB
Active:           347392 kB
Mem:          3.8G       3.7G       125M       5.7M        21M       3.2G

MemTotal:        4016004 kB
MemFree:          128320 kB
Active:           347392 kB
Mem:          3.8G       3.7G       125M       5.7M        21M       3.2G

MemTotal:        4016004 kB
MemFree:          128320 kB
Active:           347404 kB
Mem:          3.8G       3.7G       125M       5.7M        21M       3.2G

MemTotal:        4016004 kB
MemFree:          128444 kB
Active:           347384 kB
Mem:          3.8G       3.7G       125M       5.7M        21M       3.2G

MemTotal:        4016004 kB
MemFree:          128284 kB
Active:           347408 kB
Mem:          3.8G       3.7G       124M       5.7M        21M       3.2G

MemTotal:        4016004 kB
MemFree:          127828 kB
Active:           347364 kB
Mem:          3.8G       3.7G       124M       5.7M        21M       3.2G

MemTotal:        4016004 kB
MemFree:          127524 kB
Active:           347376 kB
Mem:          3.8G       3.7G       124M       5.7M        21M       3.2G

MemTotal:        4016004 kB
MemFree:          127196 kB
Active:           347372 kB
Mem:          3.8G       3.7G       123M       5.7M        21M       3.2G

MemTotal:        4016004 kB
MemFree:          127200 kB
Active:           347424 kB
Mem:          3.8G       3.7G       124M       5.7M        21M       3.2G

MemTotal:        4016004 kB
MemFree:          127324 kB
Active:           347416 kB
Mem:          3.8G       3.7G       124M       5.7M        21M       3.2G

MemTotal:        4016004 kB
MemFree:          127324 kB
Active:           347392 kB
Mem:          3.8G       3.7G       124M       5.7M        21M       3.2G

MemTotal:        4016004 kB
MemFree:          127448 kB
Active:           347436 kB
Mem:          3.8G       3.7G       124M       5.7M        21M       3.2G

MemTotal:        4016004 kB
MemFree:          127448 kB
Active:           347432 kB
Mem:          3.8G       3.7G       124M       5.7M        21M       3.2G

MemTotal:        4016004 kB
MemFree:          127448 kB
Active:           347404 kB
Mem:          3.8G       3.7G       124M       5.7M        21M       3.2G

MemTotal:        4016004 kB
MemFree:          127324 kB
Active:           347436 kB
Mem:          3.8G       3.7G       124M       5.7M        21M       3.2G

MemTotal:        4016004 kB
MemFree:          127448 kB
Active:           347448 kB
Mem:          3.8G       3.7G       124M       5.7M        21M       3.2G

MemTotal:        4016004 kB
MemFree:          127324 kB
Active:           347404 kB
Mem:          3.8G       3.7G       124M       5.7M        21M       3.2G

MemTotal:        4016004 kB
MemFree:          127076 kB
Active:           347404 kB
Mem:          3.8G       3.7G       124M       5.7M        21M       3.2G

MemTotal:        4016004 kB
MemFree:          127324 kB
Active:           347420 kB
Mem:          3.8G       3.7G       124M       5.7M        21M       3.2G

MemTotal:        4016004 kB
MemFree:          127324 kB
Active:           347416 kB
Mem:          3.8G       3.7G       124M       5.7M        21M       3.2G

MemTotal:        4016004 kB
MemFree:          127200 kB
Active:           347404 kB
Mem:          3.8G       3.7G       124M       5.7M        21M       3.2G

MemTotal:        4016004 kB
MemFree:          127200 kB
Active:           347456 kB
Mem:          3.8G       3.7G       123M       5.7M        21M       3.2G

MemTotal:        4016004 kB
MemFree:          127324 kB
Active:           347460 kB
Mem:          3.8G       3.7G       124M       5.7M        21M       3.2G

MemTotal:        4016004 kB
MemFree:          127820 kB
Active:           347464 kB
Mem:          3.8G       3.7G       124M       5.7M        21M       3.2G

MemTotal:        4016004 kB
MemFree:          128068 kB
Active:           347464 kB
Mem:          3.8G       3.7G       124M       5.7M        21M       3.2G

MemTotal:        4016004 kB
MemFree:          128068 kB
Active:           347408 kB
Mem:          3.8G       3.7G       125M       5.7M        21M       3.2G

MemTotal:        4016004 kB
MemFree:          128440 kB
Active:           347412 kB
Mem:          3.8G       3.7G       125M       5.7M        21M       3.2G

MemTotal:        4016004 kB
MemFree:          128564 kB
Active:           347428 kB
Mem:          3.8G       3.7G       125M       5.7M        21M       3.2G

MemTotal:        4016004 kB
MemFree:          128564 kB
Active:           347420 kB
Mem:          3.8G       3.7G       125M       5.7M        21M       3.2G

MemTotal:        4016004 kB
MemFree:          128564 kB
Active:           347440 kB
Mem:          3.8G       3.7G       125M       5.7M        21M       3.2G

MemTotal:        4016004 kB
MemFree:          128316 kB
Active:           347464 kB
Mem:          3.8G       3.7G       125M       5.7M        21M       3.2G

MemTotal:        4016004 kB
MemFree:          128440 kB
Active:           347448 kB
Mem:          3.8G       3.7G       125M       5.7M        21M       3.2G

MemTotal:        4016004 kB
MemFree:          128440 kB
Active:           347448 kB
Mem:          3.8G       3.7G       125M       5.7M        21M       3.2G

MemTotal:        4016004 kB
MemFree:          128440 kB
Active:           347464 kB
Mem:          3.8G       3.7G       125M       5.7M        21M       3.2G

MemTotal:        4016004 kB
MemFree:          127820 kB
Active:           347476 kB
Mem:          3.8G       3.7G       125M       5.7M        21M       3.2G

MemTotal:        4016004 kB
MemFree:          128316 kB
Active:           347480 kB
Mem:          3.8G       3.7G       125M       5.7M        21M       3.2G

MemTotal:        4016004 kB
MemFree:          128192 kB
Active:           347484 kB
Mem:          3.8G       3.7G       125M       5.7M        21M       3.2G

MemTotal:        4016004 kB
MemFree:          128316 kB
Active:           347484 kB
Mem:          3.8G       3.7G       125M       5.7M        21M       3.2G

MemTotal:        4016004 kB
MemFree:          128192 kB
Active:           347484 kB
Mem:          3.8G       3.7G       125M       5.7M        21M       3.2G

MemTotal:        4016004 kB
MemFree:          127944 kB
Active:           347448 kB
Mem:          3.8G       3.7G       124M       5.7M        21M       3.2G

MemTotal:        4016004 kB
MemFree:          128068 kB
Active:           347444 kB
Mem:          3.8G       3.7G       124M       5.7M        21M       3.2G

MemTotal:        4016004 kB
MemFree:          128068 kB
Active:           347480 kB
Mem:          3.8G       3.7G       124M       5.7M        21M       3.2G

MemTotal:        4016004 kB
MemFree:          127944 kB
Active:           347484 kB
Mem:          3.8G       3.7G       124M       5.7M        21M       3.2G

MemTotal:        4016004 kB
MemFree:          127696 kB
Active:           347488 kB
Mem:          3.8G       3.7G       124M       5.7M        21M       3.2G

MemTotal:        4016004 kB
MemFree:          127572 kB
Active:           347488 kB
Mem:          3.8G       3.7G       124M       5.7M        21M       3.2G

MemTotal:        4016004 kB
MemFree:          127572 kB
Active:           347488 kB
Mem:          3.8G       3.7G       124M       5.7M        21M       3.2G

MemTotal:        4016004 kB
MemFree:          127944 kB
Active:           347448 kB
Mem:          3.8G       3.7G       124M       5.7M        21M       3.2G

MemTotal:        4016004 kB
MemFree:          127944 kB
Active:           347464 kB
Mem:          3.8G       3.7G       125M       5.7M        21M       3.2G

MemTotal:        4016004 kB
MemFree:          128192 kB
Active:           347484 kB
Mem:          3.8G       3.7G       125M       5.7M        21M       3.2G

MemTotal:        4016004 kB
MemFree:          128192 kB
Active:           347496 kB
Mem:          3.8G       3.7G       125M       5.7M        21M       3.2G

MemTotal:        4016004 kB
MemFree:          128192 kB
Active:           347464 kB
Mem:          3.8G       3.7G       124M       5.7M        21M       3.2G

MemTotal:        4016004 kB
MemFree:          127820 kB
Active:           347496 kB
Mem:          3.8G       3.7G       125M       5.7M        21M       3.2G

MemTotal:        4016004 kB
MemFree:          128316 kB
Active:           347480 kB
Mem:          3.8G       3.7G       125M       5.7M        21M       3.2G

MemTotal:        4016004 kB
MemFree:          128316 kB
Active:           347444 kB
Mem:          3.8G       3.7G       125M       5.7M        21M       3.2G

MemTotal:        4016004 kB
MemFree:          128192 kB
Active:           347496 kB
Mem:          3.8G       3.7G       125M       5.7M        21M       3.2G

MemTotal:        4016004 kB
MemFree:          128192 kB
Active:           347496 kB
Mem:          3.8G       3.7G       125M       5.7M        21M       3.2G

MemTotal:        4016004 kB
MemFree:          128068 kB
Active:           347496 kB
Mem:          3.8G       3.7G       124M       5.7M        21M       3.2G

MemTotal:        4016004 kB
MemFree:          127944 kB
Active:           347496 kB
Mem:          3.8G       3.7G       124M       5.7M        21M       3.2G

MemTotal:        4016004 kB
MemFree:          128068 kB
Active:           347480 kB
Mem:          3.8G       3.7G       125M       5.7M        21M       3.2G

MemTotal:        4016004 kB
MemFree:          128192 kB
Active:           347500 kB
Mem:          3.8G       3.7G       125M       5.7M        21M       3.2G

MemTotal:        4016004 kB
MemFree:          128068 kB
Active:           347460 kB
Mem:          3.8G       3.7G       125M       5.7M        21M       3.2G

MemTotal:        4016004 kB
MemFree:          128192 kB
Active:           347472 kB
Mem:          3.8G       3.7G       125M       5.7M        21M       3.2G

MemTotal:        4016004 kB
MemFree:          128316 kB
Active:           347484 kB
Mem:          3.8G       3.7G       125M       5.7M        21M       3.2G

MemTotal:        4016004 kB
MemFree:          128316 kB
Active:           347512 kB
Mem:          3.8G       3.7G       125M       5.7M        21M       3.2G

MemTotal:        4016004 kB
MemFree:          128192 kB
Active:           347476 kB
Mem:          3.8G       3.7G       125M       5.7M        21M       3.2G

MemTotal:        4016004 kB
MemFree:          128068 kB
Active:           347512 kB
Mem:          3.8G       3.7G       125M       5.7M        21M       3.2G

MemTotal:        4016004 kB
MemFree:          127696 kB
Active:           347516 kB
Mem:          3.8G       3.7G       124M       5.7M        21M       3.2G

MemTotal:        4016004 kB
MemFree:          128316 kB
Active:           347484 kB
Mem:          3.8G       3.7G       124M       5.7M        21M       3.2G

MemTotal:        4016004 kB
MemFree:          126144 kB
Active:           347484 kB
Mem:          3.8G       3.7G       123M       5.7M        21M       3.2G

MemTotal:        4016004 kB
MemFree:          126144 kB
Active:           347500 kB
Mem:          3.8G       3.7G       123M       5.7M        21M       3.2G

MemTotal:        4016004 kB
MemFree:          126268 kB
Active:           347472 kB
Mem:          3.8G       3.7G       122M       5.7M        21M       3.2G

MemTotal:        4016004 kB
MemFree:          126020 kB
Active:           347484 kB
Mem:          3.8G       3.7G       123M       5.7M        21M       3.2G

MemTotal:        4016004 kB
MemFree:          125896 kB
Active:           347512 kB
Mem:          3.8G       3.7G       123M       5.7M        21M       3.2G

MemTotal:        4016004 kB
MemFree:          126020 kB
Active:           347512 kB
Mem:          3.8G       3.7G       123M       5.7M        21M       3.2G

MemTotal:        4016004 kB
MemFree:          126144 kB
Active:           347476 kB
Mem:          3.8G       3.7G       123M       5.7M        21M       3.2G

MemTotal:        4016004 kB
MemFree:          126144 kB
Active:           347496 kB
Mem:          3.8G       3.7G       122M       5.7M        21M       3.2G

MemTotal:        4016004 kB
MemFree:          126020 kB
Active:           347468 kB
Mem:          3.8G       3.7G       123M       5.7M        21M       3.2G

MemTotal:        4016004 kB
MemFree:          126020 kB
Active:           347508 kB
Mem:          3.8G       3.7G       123M       5.7M        21M       3.2G

MemTotal:        4016004 kB
MemFree:          125772 kB
Active:           347524 kB
Mem:          3.8G       3.7G       122M       5.7M        21M       3.2G

MemTotal:        4016004 kB
MemFree:          126020 kB
Active:           347512 kB
Mem:          3.8G       3.7G       123M       5.7M        21M       3.2G

MemTotal:        4016004 kB
MemFree:          125648 kB
Active:           347524 kB
Mem:          3.8G       3.7G       122M       5.7M        21M       3.2G

MemTotal:        4016004 kB
MemFree:          126020 kB
Active:           349596 kB
Mem:          3.8G       3.7G       122M       5.7M        21M       3.2G

MemTotal:        4016004 kB
MemFree:          126020 kB
Active:           349516 kB
Mem:          3.8G       3.7G       123M       5.7M        21M       3.2G

MemTotal:        4016004 kB
MemFree:          126020 kB
Active:           349544 kB
Mem:          3.8G       3.7G       123M       5.7M        21M       3.2G

MemTotal:        4016004 kB
MemFree:          126020 kB
Active:           349520 kB
Mem:          3.8G       3.7G       123M       5.7M        21M       3.2G

MemTotal:        4016004 kB
MemFree:          126020 kB
Active:           349568 kB
Mem:          3.8G       3.7G       123M       5.7M        21M       3.2G

MemTotal:        4016004 kB
MemFree:          126020 kB
Active:           349568 kB
Mem:          3.8G       3.7G       123M       5.7M        21M       3.2G

MemTotal:        4016004 kB
MemFree:          125896 kB
Active:           349560 kB
Mem:          3.8G       3.7G       122M       5.7M        21M       3.2G

MemTotal:        4016004 kB
MemFree:          126144 kB
Active:           349568 kB
Mem:          3.8G       3.7G       122M       5.7M        21M       3.2G

MemTotal:        4016004 kB
MemFree:          126144 kB
Active:           349580 kB
Mem:          3.8G       3.7G       122M       5.7M        21M       3.2G

MemTotal:        4016004 kB
MemFree:          126020 kB
Active:           349560 kB
Mem:          3.8G       3.7G       122M       5.7M        21M       3.2G

MemTotal:        4016004 kB
MemFree:          125896 kB
Active:           349580 kB
Mem:          3.8G       3.7G       122M       5.7M        21M       3.2G

MemTotal:        4016004 kB
MemFree:          125896 kB
Active:           349540 kB
Mem:          3.8G       3.7G       122M       5.7M        21M       3.2G

MemTotal:        4016004 kB
MemFree:          125896 kB
Active:           349568 kB
Mem:          3.8G       3.7G       122M       5.7M        21M       3.2G

MemTotal:        4016004 kB
MemFree:          125896 kB
Active:           349544 kB
Mem:          3.8G       3.7G       122M       5.7M        21M       3.2G

MemTotal:        4016004 kB
MemFree:          125896 kB
Active:           349560 kB
Mem:          3.8G       3.7G       122M       5.7M        21M       3.2G

MemTotal:        4016004 kB
MemFree:          126020 kB
Active:           349552 kB
Mem:          3.8G       3.7G       122M       5.7M        21M       3.2G

MemTotal:        4016004 kB
MemFree:          126020 kB
Active:           349568 kB
Mem:          3.8G       3.7G       122M       5.7M        21M       3.2G

MemTotal:        4016004 kB
MemFree:          125896 kB
Active:           349592 kB
Mem:          3.8G       3.7G       122M       5.7M        21M       3.2G

MemTotal:        4016004 kB
MemFree:          125896 kB
Active:           349552 kB
Mem:          3.8G       3.7G       122M       5.7M        21M       3.2G

MemTotal:        4016004 kB
MemFree:          125400 kB
Active:           349600 kB
Mem:          3.8G       3.7G       122M       5.7M        21M       3.2G

MemTotal:        4016004 kB
MemFree:          125896 kB
Active:           349576 kB
Mem:          3.8G       3.7G       122M       5.7M        21M       3.2G

MemTotal:        4016004 kB
MemFree:          125524 kB
Active:           349600 kB
Mem:          3.8G       3.7G       122M       5.7M        21M       3.2G

MemTotal:        4016004 kB
MemFree:          125772 kB
Active:           349600 kB
Mem:          3.8G       3.7G       122M       5.7M        21M       3.2G

MemTotal:        4016004 kB
MemFree:          125772 kB
Active:           349576 kB
Mem:          3.8G       3.7G       122M       5.7M        21M       3.2G

MemTotal:        4016004 kB
MemFree:          125524 kB
Active:           349608 kB
Mem:          3.8G       3.7G       122M       5.7M        21M       3.2G

MemTotal:        4016004 kB
MemFree:          125772 kB
Active:           349592 kB
Mem:          3.8G       3.7G       122M       5.7M        21M       3.2G

MemTotal:        4016004 kB
MemFree:          125400 kB
Active:           349608 kB
Mem:          3.8G       3.7G       122M       5.7M        21M       3.2G

MemTotal:        4016004 kB
MemFree:          125896 kB
Active:           349596 kB
Mem:          3.8G       3.7G       122M       5.7M        21M       3.2G

MemTotal:        4016004 kB
MemFree:          125648 kB
Active:           349608 kB
Mem:          3.8G       3.7G       122M       5.7M        21M       3.2G

MemTotal:        4016004 kB
MemFree:          125648 kB
Active:           349612 kB
Mem:          3.8G       3.7G       122M       5.7M        21M       3.2G

MemTotal:        4016004 kB
MemFree:          126144 kB
Active:           349556 kB
Mem:          3.8G       3.7G       122M       5.7M        21M       3.2G

MemTotal:        4016004 kB
MemFree:          126020 kB
Active:           349600 kB
Mem:          3.8G       3.7G       122M       5.7M        21M       3.2G

MemTotal:        4016004 kB
MemFree:          125896 kB
Active:           349620 kB
Mem:          3.8G       3.7G       122M       5.7M        21M       3.2G

MemTotal:        4016004 kB
MemFree:          126020 kB
Active:           349592 kB
Mem:          3.8G       3.7G       122M       5.7M        21M       3.2G

MemTotal:        4016004 kB
MemFree:          126020 kB
Active:           349608 kB
Mem:          3.8G       3.7G       122M       5.7M        21M       3.2G

MemTotal:        4016004 kB
MemFree:          126020 kB
Active:           349624 kB
Mem:          3.8G       3.7G       122M       5.7M        21M       3.2G

MemTotal:        4016004 kB
MemFree:          126020 kB
Active:           349620 kB
Mem:          3.8G       3.7G       123M       5.7M        21M       3.2G

MemTotal:        4016004 kB
MemFree:          126020 kB
Active:           349588 kB
Mem:          3.8G       3.7G       123M       5.7M        21M       3.2G

MemTotal:        4016004 kB
MemFree:          125896 kB
Active:           349620 kB
Mem:          3.8G       3.7G       122M       5.7M        21M       3.2G

MemTotal:        4016004 kB
MemFree:          125896 kB
Active:           349592 kB
Mem:          3.8G       3.7G       122M       5.7M        21M       3.2G

MemTotal:        4016004 kB
MemFree:          125896 kB
Active:           349620 kB
Mem:          3.8G       3.7G       122M       5.7M        21M       3.2G

MemTotal:        4016004 kB
MemFree:          126144 kB
Active:           349644 kB
Mem:          3.8G       3.7G       122M       5.7M        21M       3.2G

MemTotal:        4016004 kB
MemFree:          126020 kB
Active:           349608 kB
Mem:          3.8G       3.7G       122M       5.7M        21M       3.2G

MemTotal:        4016004 kB
MemFree:          126144 kB
Active:           349648 kB
Mem:          3.8G       3.7G       123M       5.7M        21M       3.2G

MemTotal:        4016004 kB
MemFree:          125896 kB
Active:           349652 kB
Mem:          3.8G       3.7G       122M       5.7M        21M       3.2G

MemTotal:        4016004 kB
MemFree:          125896 kB
Active:           349652 kB
Mem:          3.8G       3.7G       122M       5.7M        21M       3.2G

MemTotal:        4016004 kB
MemFree:          126020 kB
Active:           349612 kB
Mem:          3.8G       3.7G       123M       5.7M        21M       3.2G

MemTotal:        4016004 kB
MemFree:          125524 kB
Active:           349656 kB
Mem:          3.8G       3.7G       122M       5.7M        21M       3.2G

MemTotal:        4016004 kB
MemFree:          125896 kB
Active:           349632 kB
Mem:          3.8G       3.7G       122M       5.7M        21M       3.2G

MemTotal:        4016004 kB
MemFree:          125896 kB
Active:           349644 kB
Mem:          3.8G       3.7G       122M       5.7M        21M       3.2G

MemTotal:        4016004 kB
MemFree:          125648 kB
Active:           349668 kB
Mem:          3.8G       3.7G       122M       5.7M        21M       3.2G

MemTotal:        4016004 kB
MemFree:          125896 kB
Active:           349640 kB
Mem:          3.8G       3.7G       122M       5.7M        21M       3.2G

MemTotal:        4016004 kB
MemFree:          125524 kB
Active:           349668 kB
Mem:          3.8G       3.7G       122M       5.7M        21M       3.2G

MemTotal:        4016004 kB
MemFree:          125648 kB
Active:           349672 kB
Mem:          3.8G       3.7G       122M       5.7M        21M       3.2G

MemTotal:        4016004 kB
MemFree:          125772 kB
Active:           349640 kB
Mem:          3.8G       3.7G       122M       5.7M        21M       3.2G

MemTotal:        4016004 kB
MemFree:          125772 kB
Active:           349640 kB
Mem:          3.8G       3.7G       122M       5.7M        21M       3.2G

MemTotal:        4016004 kB
MemFree:          125772 kB
Active:           349656 kB
Mem:          3.8G       3.7G       122M       5.7M        21M       3.2G

MemTotal:        4016004 kB
MemFree:          125276 kB
Active:           349680 kB
Mem:          3.8G       3.7G       122M       5.7M        21M       3.2G

MemTotal:        4016004 kB
MemFree:          125896 kB
Active:           349680 kB
Mem:          3.8G       3.7G       122M       5.7M        21M       3.2G

MemTotal:        4016004 kB
MemFree:          125896 kB
Active:           349680 kB
Mem:          3.8G       3.7G       122M       5.7M        21M       3.2G

MemTotal:        4016004 kB
MemFree:          126020 kB
Active:           349672 kB
Mem:          3.8G       3.7G       122M       5.7M        21M       3.2G

MemTotal:        4016004 kB
MemFree:          125648 kB
Active:           349772 kB
Mem:          3.8G       3.7G       122M       5.7M        21M       3.2G

MemTotal:        4016004 kB
MemFree:          125648 kB
Active:           349744 kB
Mem:          3.8G       3.7G       122M       5.7M        21M       3.2G

MemTotal:        4016004 kB
MemFree:          125772 kB
Active:           349756 kB
Mem:          3.8G       3.7G       122M       5.7M        21M       3.2G

MemTotal:        4016004 kB
MemFree:          125508 kB
Active:           349796 kB
Mem:          3.8G       3.7G       122M       5.7M        21M       3.2G

MemTotal:        4016004 kB
MemFree:          125508 kB
Active:           349792 kB
Mem:          3.8G       3.7G       122M       5.7M        21M       3.2G

MemTotal:        4016004 kB
MemFree:          125508 kB
Active:           349760 kB
Mem:          3.8G       3.7G       122M       5.7M        21M       3.2G

MemTotal:        4016004 kB
MemFree:          125384 kB
Active:           349804 kB
Mem:          3.8G       3.7G       122M       5.7M        21M       3.2G

MemTotal:        4016004 kB
MemFree:          125136 kB
Active:           349796 kB
Mem:          3.8G       3.7G       122M       5.7M        21M       3.2G

MemTotal:        4016004 kB
MemFree:          125384 kB
Active:           349784 kB
Mem:          3.8G       3.7G       122M       5.7M        21M       3.2G

MemTotal:        4016004 kB
MemFree:          124888 kB
Active:           349804 kB
Mem:          3.8G       3.7G       122M       5.7M        21M       3.2G

MemTotal:        4016004 kB
MemFree:          125136 kB
Active:           349780 kB
Mem:          3.8G       3.7G       122M       5.7M        21M       3.2G

MemTotal:        4016004 kB
MemFree:          125136 kB
Active:           349800 kB
Mem:          3.8G       3.7G       122M       5.7M        21M       3.2G

MemTotal:        4016004 kB
MemFree:          124764 kB
Active:           349812 kB
Mem:          3.8G       3.7G       121M       5.7M        21M       3.2G

MemTotal:        4016004 kB
MemFree:          125136 kB
Active:           349780 kB
Mem:          3.8G       3.7G       122M       5.7M        21M       3.2G

MemTotal:        4016004 kB
MemFree:          125136 kB
Active:           349812 kB
Mem:          3.8G       3.7G       122M       5.7M        21M       3.2G

MemTotal:        4016004 kB
MemFree:          125508 kB
Active:           349792 kB
Mem:          3.8G       3.7G       122M       5.7M        21M       3.2G

MemTotal:        4016004 kB
MemFree:          125632 kB
Active:           349808 kB
Mem:          3.8G       3.7G       122M       5.7M        21M       3.2G

MemTotal:        4016004 kB
MemFree:          125632 kB
Active:           349796 kB
Mem:          3.8G       3.7G       122M       5.7M        21M       3.2G

MemTotal:        4016004 kB
MemFree:          125756 kB
Active:           349820 kB
Mem:          3.8G       3.7G       122M       5.7M        21M       3.2G

MemTotal:        4016004 kB
MemFree:          125648 kB
Active:           349780 kB
Mem:          3.8G       3.7G       122M       5.7M        21M       3.2G

MemTotal:        4016004 kB
MemFree:          125648 kB
Active:           349796 kB
Mem:          3.8G       3.7G       122M       5.7M        21M       3.2G

MemTotal:        4016004 kB
MemFree:          125648 kB
Active:           349780 kB
Mem:          3.8G       3.7G       122M       5.7M        21M       3.2G

MemTotal:        4016004 kB
MemFree:          125648 kB
Active:           349812 kB
Mem:          3.8G       3.7G       122M       5.7M        21M       3.2G

MemTotal:        4016004 kB
MemFree:          125648 kB
Active:           349776 kB
Mem:          3.8G       3.7G       122M       5.7M        21M       3.2G

MemTotal:        4016004 kB
MemFree:          125524 kB
Active:           349796 kB
Mem:          3.8G       3.7G       122M       5.7M        21M       3.2G

MemTotal:        4016004 kB
MemFree:          125152 kB
Active:           349820 kB
Mem:          3.8G       3.7G       122M       5.7M        21M       3.2G

MemTotal:        4016004 kB
MemFree:          125152 kB
Active:           349820 kB
Mem:          3.8G       3.7G       122M       5.7M        21M       3.2G

MemTotal:        4016004 kB
MemFree:          125524 kB
Active:           349816 kB
Mem:          3.8G       3.7G       122M       5.7M        21M       3.2G

MemTotal:        4016004 kB
MemFree:          125524 kB
Active:           349800 kB
Mem:          3.8G       3.7G       122M       5.7M        21M       3.2G

MemTotal:        4016004 kB
MemFree:          125400 kB
Active:           349828 kB
Mem:          3.8G       3.7G       122M       5.7M        21M       3.2G

MemTotal:        4016004 kB
MemFree:          124780 kB
Active:           349828 kB
Mem:          3.8G       3.7G       122M       5.7M        21M       3.2G

MemTotal:        4016004 kB
MemFree:          125276 kB
Active:           349812 kB
Mem:          3.8G       3.7G       122M       5.7M        21M       3.2G

MemTotal:        4016004 kB
MemFree:          125648 kB
Active:           349820 kB
Mem:          3.8G       3.7G       122M       5.7M        21M       3.2G

MemTotal:        4016004 kB
MemFree:          125648 kB
Active:           349836 kB
Mem:          3.8G       3.7G       122M       5.7M        21M       3.2G

MemTotal:        4016004 kB
MemFree:          125524 kB
Active:           349824 kB
Mem:          3.8G       3.7G       122M       5.7M        21M       3.2G

MemTotal:        4016004 kB
MemFree:          125648 kB
Active:           349804 kB
Mem:          3.8G       3.7G       122M       5.7M        21M       3.2G

MemTotal:        4016004 kB
MemFree:          125276 kB
Active:           349844 kB
Mem:          3.8G       3.7G       122M       5.7M        21M       3.2G

MemTotal:        4016004 kB
MemFree:          124904 kB
Active:           349848 kB
Mem:          3.8G       3.7G       122M       5.7M        21M       3.2G

MemTotal:        4016004 kB
MemFree:          125276 kB
Active:           349824 kB
Mem:          3.8G       3.7G       122M       5.7M        21M       3.2G

MemTotal:        4016004 kB
MemFree:          124920 kB
Active:           349852 kB
Mem:          3.8G       3.7G       122M       5.7M        21M       3.2G

MemTotal:        4016004 kB
MemFree:          125168 kB
Active:           349800 kB
Mem:          3.8G       3.7G       122M       5.7M        21M       3.2G

MemTotal:        4016004 kB
MemFree:          125292 kB
Active:           349852 kB
Mem:          3.8G       3.7G       122M       5.7M        21M       3.2G

MemTotal:        4016004 kB
MemFree:          125292 kB
Active:           349820 kB
Mem:          3.8G       3.7G       122M       5.7M        21M       3.2G

MemTotal:        4016004 kB
MemFree:          124920 kB
Active:           349852 kB
Mem:          3.8G       3.7G       122M       5.7M        21M       3.2G

MemTotal:        4016004 kB
MemFree:          125292 kB
Active:           349848 kB
Mem:          3.8G       3.7G       122M       5.7M        21M       3.2G

MemTotal:        4016004 kB
MemFree:          125292 kB
Active:           349864 kB
Mem:          3.8G       3.7G       122M       5.7M        21M       3.2G

MemTotal:        4016004 kB
MemFree:          125540 kB
Active:           349868 kB
Mem:          3.8G       3.7G       122M       5.7M        21M       3.2G

MemTotal:        4016004 kB
MemFree:          125540 kB
Active:           349868 kB
Mem:          3.8G       3.7G       122M       5.7M        21M       3.2G

MemTotal:        4016004 kB
MemFree:          125292 kB
Active:           349820 kB
Mem:          3.8G       3.7G       122M       5.7M        21M       3.2G

MemTotal:        4016004 kB
MemFree:          125168 kB
Active:           349868 kB
Mem:          3.8G       3.7G       122M       5.7M        21M       3.2G

MemTotal:        4016004 kB
MemFree:          125416 kB
Active:           349856 kB
Mem:          3.8G       3.7G       122M       5.7M        21M       3.2G

MemTotal:        4016004 kB
MemFree:          124796 kB
Active:           349876 kB
Mem:          3.8G       3.7G       122M       5.7M        21M       3.2G

MemTotal:        4016004 kB
MemFree:          125168 kB
Active:           349876 kB
Mem:          3.8G       3.7G       122M       5.7M        21M       3.2G

MemTotal:        4016004 kB
MemFree:          124920 kB
Active:           349880 kB
Mem:          3.8G       3.7G       122M       5.7M        21M       3.2G

MemTotal:        4016004 kB
MemFree:          125664 kB
Active:           349844 kB
Mem:          3.8G       3.7G       122M       5.7M        21M       3.2G

MemTotal:        4016004 kB
MemFree:          125664 kB
Active:           349856 kB
Mem:          3.8G       3.7G       122M       5.7M        21M       3.2G

MemTotal:        4016004 kB
MemFree:          125168 kB
Active:           349880 kB
Mem:          3.8G       3.7G       122M       5.7M        21M       3.2G

MemTotal:        4016004 kB
MemFree:          124920 kB
Active:           349880 kB
Mem:          3.8G       3.7G       122M       5.7M        21M       3.2G

MemTotal:        4016004 kB
MemFree:          125168 kB
Active:           349828 kB
Mem:          3.8G       3.7G       122M       5.7M        21M       3.2G

MemTotal:        4016004 kB
MemFree:          125168 kB
Active:           349860 kB
Mem:          3.8G       3.7G       122M       5.7M        21M       3.2G

MemTotal:        4016004 kB
MemFree:          125168 kB
Active:           349888 kB
Mem:          3.8G       3.7G       122M       5.7M        21M       3.2G

MemTotal:        4016004 kB
MemFree:          124796 kB
Active:           349888 kB
Mem:          3.8G       3.7G       122M       5.7M        21M       3.2G

MemTotal:        4016004 kB
MemFree:          125168 kB
Active:           349888 kB
Mem:          3.8G       3.7G       122M       5.7M        21M       3.2G

MemTotal:        4016004 kB
MemFree:          125292 kB
Active:           349864 kB
Mem:          3.8G       3.7G       122M       5.7M        21M       3.2G

MemTotal:        4016004 kB
MemFree:          125292 kB
Active:           349884 kB
Mem:          3.8G       3.7G       122M       5.7M        21M       3.2G

MemTotal:        4016004 kB
MemFree:          125540 kB
Active:           349892 kB
Mem:          3.8G       3.7G       122M       5.7M        21M       3.2G

MemTotal:        4016004 kB
MemFree:          125540 kB
Active:           349868 kB
Mem:          3.8G       3.7G       122M       5.7M        21M       3.2G

MemTotal:        4016004 kB
MemFree:          125540 kB
Active:           349848 kB
Mem:          3.8G       3.7G       122M       5.7M        21M       3.2G

MemTotal:        4016004 kB
MemFree:          125540 kB
Active:           349884 kB
Mem:          3.8G       3.7G       122M       5.7M        21M       3.2G

MemTotal:        4016004 kB
MemFree:          125540 kB
Active:           349860 kB
Mem:          3.8G       3.7G       122M       5.7M        21M       3.2G

MemTotal:        4016004 kB
MemFree:          125540 kB
Active:           349900 kB
Mem:          3.8G       3.7G       122M       5.7M        21M       3.2G

MemTotal:        4016004 kB
MemFree:          125540 kB
Active:           349876 kB
Mem:          3.8G       3.7G       122M       5.7M        21M       3.2G

MemTotal:        4016004 kB
MemFree:          125540 kB
Active:           349876 kB
Mem:          3.8G       3.7G       122M       5.7M        21M       3.2G

MemTotal:        4016004 kB
MemFree:          125540 kB
Active:           349904 kB
Mem:          3.8G       3.7G       122M       5.7M        21M       3.2G

MemTotal:        4016004 kB
MemFree:          125416 kB
Active:           349880 kB
Mem:          3.8G       3.7G       122M       5.7M        21M       3.2G

MemTotal:        4016004 kB
MemFree:          125664 kB
Active:           349888 kB
Mem:          3.8G       3.7G       122M       5.7M        21M       3.2G

MemTotal:        4016004 kB
MemFree:          125540 kB
Active:           349876 kB
Mem:          3.8G       3.7G       122M       5.7M        21M       3.2G

MemTotal:        4016004 kB
MemFree:          125540 kB
Active:           349908 kB
Mem:          3.8G       3.7G       122M       5.7M        21M       3.2G

MemTotal:        4016004 kB
MemFree:          125416 kB
Active:           349888 kB
Mem:          3.8G       3.7G       122M       5.7M        21M       3.2G

MemTotal:        4016004 kB
MemFree:          125168 kB
Active:           349924 kB
Mem:          3.8G       3.7G       122M       5.7M        21M       3.2G

MemTotal:        4016004 kB
MemFree:          125416 kB
Active:           349916 kB
Mem:          3.8G       3.7G       122M       5.7M        21M       3.2G

MemTotal:        4016004 kB
MemFree:          125044 kB
Active:           349928 kB
Mem:          3.8G       3.7G       122M       5.7M        21M       3.2G

MemTotal:        4016004 kB
MemFree:          124796 kB
Active:           349928 kB
Mem:          3.8G       3.7G       122M       5.7M        21M       3.2G

MemTotal:        4016004 kB
MemFree:          124920 kB
Active:           349876 kB
Mem:          3.8G       3.7G       122M       5.7M        21M       3.2G

MemTotal:        4016004 kB
MemFree:          125044 kB
Active:           349920 kB
Mem:          3.8G       3.7G       122M       5.7M        21M       3.2G

MemTotal:        4016004 kB
MemFree:          125168 kB
Active:           349920 kB
Mem:          3.8G       3.7G       122M       5.7M        21M       3.2G

MemTotal:        4016004 kB
MemFree:          124796 kB
Active:           349928 kB
Mem:          3.8G       3.7G       122M       5.7M        21M       3.2G

MemTotal:        4016004 kB
MemFree:          125292 kB
Active:           349900 kB
Mem:          3.8G       3.7G       122M       5.7M        21M       3.2G

MemTotal:        4016004 kB
MemFree:          125788 kB
Active:           349904 kB
Mem:          3.8G       3.7G       122M       5.7M        21M       3.2G

MemTotal:        4016004 kB
MemFree:          125664 kB
Active:           349880 kB
Mem:          3.8G       3.7G       122M       5.7M        21M       3.2G

MemTotal:        4016004 kB
MemFree:          125540 kB
Active:           349932 kB
Mem:          3.8G       3.7G       122M       5.7M        21M       3.2G

MemTotal:        4016004 kB
MemFree:          125540 kB
Active:           349936 kB
Mem:          3.8G       3.7G       122M       5.7M        21M       3.2G

MemTotal:        4016004 kB
MemFree:          125664 kB
Active:           349916 kB
Mem:          3.8G       3.7G       122M       5.7M        21M       3.2G

MemTotal:        4016004 kB
MemFree:          125540 kB
Active:           349940 kB
Mem:          3.8G       3.7G       122M       5.7M        21M       3.2G

MemTotal:        4016004 kB
MemFree:          125540 kB
Active:           349924 kB
Mem:          3.8G       3.7G       122M       5.7M        21M       3.2G

MemTotal:        4016004 kB
MemFree:          125540 kB
Active:           349904 kB
Mem:          3.8G       3.7G       122M       5.7M        21M       3.2G

MemTotal:        4016004 kB
MemFree:          125168 kB
Active:           349952 kB
Mem:          3.8G       3.7G       122M       5.7M        21M       3.2G

MemTotal:        4016004 kB
MemFree:          125540 kB
Active:           349948 kB
Mem:          3.8G       3.7G       122M       5.7M        21M       3.2G

MemTotal:        4016004 kB
MemFree:          125540 kB
Active:           349924 kB
Mem:          3.8G       3.7G       122M       5.7M        21M       3.2G

MemTotal:        4016004 kB
MemFree:          125540 kB
Active:           349896 kB
Mem:          3.8G       3.7G       122M       5.7M        21M       3.2G

MemTotal:        4016004 kB
MemFree:          125416 kB
Active:           349952 kB
Mem:          3.8G       3.7G       122M       5.7M        21M       3.2G

MemTotal:        4016004 kB
MemFree:          125416 kB
Active:           349924 kB
Mem:          3.8G       3.7G       122M       5.7M        21M       3.2G

MemTotal:        4016004 kB
MemFree:          125416 kB
Active:           349960 kB
Mem:          3.8G       3.7G       122M       5.7M        21M       3.2G

MemTotal:        4016004 kB
MemFree:          125416 kB
Active:           349920 kB
Mem:          3.8G       3.7G       122M       5.7M        21M       3.2G

MemTotal:        4016004 kB
MemFree:          125416 kB
Active:           349924 kB
Mem:          3.8G       3.7G       122M       5.7M        21M       3.2G

MemTotal:        4016004 kB
MemFree:          124920 kB
Active:           349964 kB
Mem:          3.8G       3.7G       122M       5.7M        21M       3.2G

MemTotal:        4016004 kB
MemFree:          125416 kB
Active:           349956 kB
Mem:          3.8G       3.7G       122M       5.7M        21M       3.2G

MemTotal:        4016004 kB
MemFree:          125540 kB
Active:           349944 kB
Mem:          3.8G       3.7G       122M       5.7M        21M       3.2G

MemTotal:        4016004 kB
MemFree:          125416 kB
Active:           349936 kB
Mem:          3.8G       3.7G       122M       5.7M        21M       3.2G

MemTotal:        4016004 kB
MemFree:          125540 kB
Active:           349924 kB
Mem:          3.8G       3.7G       122M       5.7M        21M       3.2G

MemTotal:        4016004 kB
MemFree:          125664 kB
Active:           349916 kB
Mem:          3.8G       3.7G       122M       5.7M        21M       3.2G

MemTotal:        4016004 kB
MemFree:          125540 kB
Active:           349976 kB
Mem:          3.8G       3.7G       122M       5.7M        21M       3.2G

MemTotal:        4016004 kB
MemFree:          125540 kB
Active:           349948 kB
Mem:          3.8G       3.7G       122M       5.7M        21M       3.2G

MemTotal:        4016004 kB
MemFree:          125168 kB
Active:           349976 kB
Mem:          3.8G       3.7G       122M       5.7M        21M       3.2G

MemTotal:        4016004 kB
MemFree:          125416 kB
Active:           349968 kB
Mem:          3.8G       3.7G       122M       5.7M        21M       3.2G

MemTotal:        4016004 kB
MemFree:          125416 kB
Active:           349984 kB
Mem:          3.8G       3.7G       122M       5.7M        21M       3.2G

MemTotal:        4016004 kB
MemFree:          125416 kB
Active:           349984 kB
Mem:          3.8G       3.7G       122M       5.7M        21M       3.2G

MemTotal:        4016004 kB
MemFree:          125416 kB
Active:           349944 kB
Mem:          3.8G       3.7G       122M       5.7M        21M       3.2G

MemTotal:        4016004 kB
MemFree:          125416 kB
Active:           349980 kB
Mem:          3.8G       3.7G       122M       5.7M        21M       3.2G

MemTotal:        4016004 kB
MemFree:          125416 kB
Active:           349952 kB
Mem:          3.8G       3.7G       122M       5.7M        21M       3.2G

MemTotal:        4016004 kB
MemFree:          125416 kB
Active:           349948 kB
Mem:          3.8G       3.7G       122M       5.7M        21M       3.2G

MemTotal:        4016004 kB
MemFree:          125700 kB
Active:           349568 kB
Mem:          3.8G       3.7G       122M       5.7M        21M       3.2G

MemTotal:        4016004 kB
MemFree:          125700 kB
Active:           349512 kB
Mem:          3.8G       3.7G       122M       5.7M        21M       3.2G

MemTotal:        4016004 kB
MemFree:          125872 kB
Active:           349572 kB
Mem:          3.8G       3.7G       123M       5.7M        21M       3.2G

MemTotal:        4016004 kB
MemFree:          125748 kB
Active:           349572 kB
Mem:          3.8G       3.7G       122M       5.7M        21M       3.2G

MemTotal:        4016004 kB
MemFree:          125748 kB
Active:           349572 kB
Mem:          3.8G       3.7G       122M       5.7M        21M       3.2G

MemTotal:        4016004 kB
MemFree:          125996 kB
Active:           349524 kB
Mem:          3.8G       3.7G       123M       5.7M        21M       3.2G

MemTotal:        4016004 kB
MemFree:          125500 kB
Active:           349580 kB
Mem:          3.8G       3.7G       122M       5.7M        21M       3.2G

MemTotal:        4016004 kB
MemFree:          126120 kB
Active:           349548 kB
Mem:          3.8G       3.7G       123M       5.7M        21M       3.2G

MemTotal:        4016004 kB
MemFree:          125996 kB
Active:           349548 kB
Mem:          3.8G       3.7G       122M       5.7M        21M       3.2G

MemTotal:        4016004 kB
MemFree:          125996 kB
Active:           349560 kB
Mem:          3.8G       3.7G       122M       5.7M        21M       3.2G

MemTotal:        4016004 kB
MemFree:          125500 kB
Active:           349576 kB
Mem:          3.8G       3.7G       122M       5.7M        21M       3.2G

MemTotal:        4016004 kB
MemFree:          125376 kB
Active:           349564 kB
Mem:          3.8G       3.7G       122M       5.7M        21M       3.2G

MemTotal:        4016004 kB
MemFree:          125500 kB
Active:           349588 kB
Mem:          3.8G       3.7G       122M       5.7M        21M       3.2G

MemTotal:        4016004 kB
MemFree:          125128 kB
Active:           349604 kB
Mem:          3.8G       3.7G       122M       5.7M        21M       3.2G

MemTotal:        4016004 kB
MemFree:          125500 kB
Active:           349548 kB
Mem:          3.8G       3.7G       122M       5.7M        21M       3.2G

MemTotal:        4016004 kB
MemFree:          125376 kB
Active:           349548 kB
Mem:          3.8G       3.7G       122M       5.7M        21M       3.2G

MemTotal:        4016004 kB
MemFree:          125376 kB
Active:           349572 kB
Mem:          3.8G       3.7G       122M       5.7M        21M       3.2G

MemTotal:        4016004 kB
MemFree:          125004 kB
Active:           349608 kB
Mem:          3.8G       3.7G       122M       5.7M        21M       3.2G

MemTotal:        4016004 kB
MemFree:          125376 kB
Active:           349560 kB
Mem:          3.8G       3.7G       122M       5.7M        21M       3.2G

MemTotal:        4016004 kB
MemFree:          125376 kB
Active:           349556 kB
Mem:          3.8G       3.7G       122M       5.7M        21M       3.2G

MemTotal:        4016004 kB
MemFree:          125500 kB
Active:           349600 kB
Mem:          3.8G       3.7G       122M       5.7M        21M       3.2G

MemTotal:        4016004 kB
MemFree:          125004 kB
Active:           349616 kB
Mem:          3.8G       3.7G       122M       5.7M        21M       3.2G

MemTotal:        4016004 kB
MemFree:          125500 kB
Active:           349608 kB
Mem:          3.8G       3.7G       122M       5.7M        21M       3.2G

MemTotal:        4016004 kB
MemFree:          125500 kB
Active:           349604 kB
Mem:          3.8G       3.7G       122M       5.7M        21M       3.2G

MemTotal:        4016004 kB
MemFree:          125004 kB
Active:           349616 kB
Mem:          3.8G       3.7G       122M       5.7M        21M       3.2G

MemTotal:        4016004 kB
MemFree:          125004 kB
Active:           349612 kB
Mem:          3.8G       3.7G       122M       5.7M        21M       3.2G

MemTotal:        4016004 kB
MemFree:          125252 kB
Active:           349596 kB
Mem:          3.8G       3.7G       122M       5.7M        21M       3.2G

MemTotal:        4016004 kB
MemFree:          124756 kB
Active:           349636 kB
Mem:          3.8G       3.7G       121M       5.7M        21M       3.2G

MemTotal:        4016004 kB
MemFree:          124880 kB
Active:           349640 kB
Mem:          3.8G       3.7G       121M       5.7M        21M       3.2G

MemTotal:        4016004 kB
MemFree:          125004 kB
Active:           349628 kB
Mem:          3.8G       3.7G       122M       5.7M        21M       3.2G

MemTotal:        4016004 kB
MemFree:          125004 kB
Active:           349628 kB
Mem:          3.8G       3.7G       122M       5.7M        21M       3.2G

MemTotal:        4016004 kB
MemFree:          124756 kB
Active:           349644 kB
Mem:          3.8G       3.7G       122M       5.7M        21M       3.2G

MemTotal:        4016004 kB
MemFree:          125128 kB
Active:           349592 kB
Mem:          3.8G       3.7G       122M       5.7M        21M       3.2G

MemTotal:        4016004 kB
MemFree:          125376 kB
Active:           349600 kB
Mem:          3.8G       3.7G       122M       5.7M        21M       3.2G

MemTotal:        4016004 kB
MemFree:          125004 kB
Active:           349644 kB
