MemTotal:        4016004 kB
MemFree:         3239884 kB
Active:           420532 kB
Mem:          3.8G       757M       3.1G       5.7M        55M       319M

MemTotal:        4016004 kB
MemFree:         3240588 kB
Active:           420616 kB
Mem:          3.8G       757M       3.1G       5.7M        55M       319M

MemTotal:        4016004 kB
MemFree:         3240696 kB
Active:           420684 kB
Mem:          3.8G       757M       3.1G       5.7M        55M       319M

MemTotal:        4016004 kB
MemFree:         3240696 kB
Active:           420696 kB
Mem:          3.8G       757M       3.1G       5.7M        55M       319M

MemTotal:        4016004 kB
MemFree:         3240680 kB
Active:           420688 kB
Mem:          3.8G       757M       3.1G       5.7M        55M       319M

MemTotal:        4016004 kB
MemFree:         3240664 kB
Active:           420676 kB
Mem:          3.8G       757M       3.1G       5.7M        55M       319M

MemTotal:        4016004 kB
MemFree:         3240208 kB
Active:           418688 kB
Mem:          3.8G       757M       3.1G       5.7M        55M       319M

MemTotal:        4016004 kB
MemFree:         3240440 kB
Active:           418668 kB
Mem:          3.8G       757M       3.1G       5.7M        55M       319M

MemTotal:        4016004 kB
MemFree:         3240688 kB
Active:           420688 kB
Mem:          3.8G       757M       3.1G       5.7M        55M       319M

MemTotal:        4016004 kB
MemFree:         3240192 kB
Active:           420736 kB
Mem:          3.8G       757M       3.1G       5.7M        55M       319M

MemTotal:        4016004 kB
MemFree:         3240440 kB
Active:           420720 kB
Mem:          3.8G       757M       3.1G       5.7M        55M       319M

MemTotal:        4016004 kB
MemFree:         3240564 kB
Active:           420688 kB
Mem:          3.8G       757M       3.1G       5.7M        55M       319M

MemTotal:        4016004 kB
MemFree:         3240440 kB
Active:           420700 kB
Mem:          3.8G       757M       3.1G       5.7M        55M       319M

MemTotal:        4016004 kB
MemFree:         3239944 kB
Active:           420740 kB
Mem:          3.8G       757M       3.1G       5.7M        55M       319M

MemTotal:        4016004 kB
MemFree:         3240380 kB
Active:           420740 kB
Mem:          3.8G       757M       3.1G       5.7M        55M       319M

MemTotal:        4016004 kB
MemFree:         3240380 kB
Active:           420696 kB
Mem:          3.8G       757M       3.1G       5.7M        55M       319M

MemTotal:        4016004 kB
MemFree:         3240040 kB
Active:           420744 kB
Mem:          3.8G       757M       3.1G       5.7M        55M       319M

MemTotal:        4016004 kB
MemFree:         3240396 kB
Active:           420696 kB
Mem:          3.8G       757M       3.1G       5.7M        55M       319M

MemTotal:        4016004 kB
MemFree:         3240256 kB
Active:           420700 kB
Mem:          3.8G       757M       3.1G       5.7M        55M       319M

MemTotal:        4016004 kB
MemFree:         3240612 kB
Active:           420740 kB
Mem:          3.8G       757M       3.1G       5.7M        55M       319M

MemTotal:        4016004 kB
MemFree:         3240240 kB
Active:           420752 kB
Mem:          3.8G       757M       3.1G       5.7M        55M       319M

MemTotal:        4016004 kB
MemFree:         3240612 kB
Active:           420708 kB
Mem:          3.8G       757M       3.1G       5.7M        55M       319M

MemTotal:        4016004 kB
MemFree:         3240240 kB
Active:           420752 kB
Mem:          3.8G       757M       3.1G       5.7M        55M       319M

MemTotal:        4016004 kB
MemFree:         3240488 kB
Active:           420752 kB
Mem:          3.8G       757M       3.1G       5.7M        55M       319M

MemTotal:        4016004 kB
MemFree:         3240736 kB
Active:           420696 kB
Mem:          3.8G       757M       3.1G       5.7M        55M       319M

MemTotal:        4016004 kB
MemFree:         3240116 kB
Active:           420752 kB
Mem:          3.8G       757M       3.1G       5.7M        55M       319M

MemTotal:        4016004 kB
MemFree:         3239556 kB
Active:           418712 kB
Mem:          3.8G       758M       3.1G       5.7M        55M       319M

MemTotal:        4016004 kB
MemFree:         3239556 kB
Active:           420760 kB
Mem:          3.8G       758M       3.1G       5.7M        55M       319M

MemTotal:        4016004 kB
MemFree:         3239788 kB
Active:           420728 kB
Mem:          3.8G       757M       3.1G       5.7M        55M       319M

MemTotal:        4016004 kB
MemFree:         3240084 kB
Active:           420760 kB
Mem:          3.8G       757M       3.1G       5.7M        55M       319M

MemTotal:        4016004 kB
MemFree:         3239968 kB
Active:           420720 kB
Mem:          3.8G       757M       3.1G       5.7M        55M       319M

MemTotal:        4016004 kB
MemFree:         3239720 kB
Active:           420768 kB
Mem:          3.8G       758M       3.1G       5.7M        55M       319M

MemTotal:        4016004 kB
MemFree:         3240108 kB
Active:           420712 kB
Mem:          3.8G       757M       3.1G       5.7M        55M       319M

MemTotal:        4016004 kB
MemFree:         3240728 kB
Active:           420748 kB
Mem:          3.8G       757M       3.1G       5.7M        55M       319M

MemTotal:        4016004 kB
MemFree:         3240216 kB
Active:           420776 kB
Mem:          3.8G       757M       3.1G       5.7M        55M       319M

MemTotal:        4016004 kB
MemFree:         3240704 kB
Active:           420748 kB
Mem:          3.8G       757M       3.1G       5.7M        55M       319M

MemTotal:        4016004 kB
MemFree:         3238688 kB
Active:           420752 kB
Mem:          3.8G       759M       3.1G       5.7M        55M       319M

MemTotal:        4016004 kB
MemFree:         3238688 kB
Active:           422748 kB
Mem:          3.8G       759M       3.1G       5.7M        55M       319M

MemTotal:        4016004 kB
MemFree:         3238316 kB
Active:           422804 kB
Mem:          3.8G       759M       3.1G       5.7M        55M       319M

MemTotal:        4016004 kB
MemFree:         3238812 kB
Active:           422776 kB
Mem:          3.8G       759M       3.1G       5.7M        55M       319M

MemTotal:        4016004 kB
MemFree:         3238796 kB
Active:           422752 kB
Mem:          3.8G       759M       3.1G       5.7M        55M       319M

MemTotal:        4016004 kB
MemFree:         3238284 kB
Active:           422812 kB
Mem:          3.8G       759M       3.1G       5.7M        55M       319M

MemTotal:        4016004 kB
MemFree:         3238532 kB
Active:           422808 kB
Mem:          3.8G       759M       3.1G       5.7M        55M       319M

MemTotal:        4016004 kB
MemFree:         3238532 kB
Active:           422820 kB
Mem:          3.8G       759M       3.1G       5.7M        55M       319M

MemTotal:        4016004 kB
MemFree:         3238548 kB
Active:           422816 kB
Mem:          3.8G       759M       3.1G       5.7M        55M       319M

MemTotal:        4016004 kB
MemFree:         3238176 kB
Active:           422828 kB
Mem:          3.8G       759M       3.1G       5.7M        55M       319M

MemTotal:        4016004 kB
MemFree:         3236128 kB
Active:           422804 kB
Mem:          3.8G       761M       3.1G       5.7M        55M       319M

MemTotal:        4016004 kB
MemFree:         3236128 kB
Active:           424852 kB
Mem:          3.8G       761M       3.1G       5.7M        55M       319M

MemTotal:        4016004 kB
MemFree:         3236128 kB
Active:           424812 kB
Mem:          3.8G       761M       3.1G       5.7M        55M       319M

MemTotal:        4016004 kB
MemFree:         3236128 kB
Active:           424824 kB
Mem:          3.8G       761M       3.1G       5.7M        55M       319M

MemTotal:        4016004 kB
MemFree:         3236484 kB
Active:           424836 kB
Mem:          3.8G       761M       3.1G       5.7M        55M       319M

MemTotal:        4016004 kB
MemFree:         3236344 kB
Active:           424824 kB
Mem:          3.8G       761M       3.1G       5.7M        55M       319M

MemTotal:        4016004 kB
MemFree:         3236080 kB
Active:           424888 kB
Mem:          3.8G       761M       3.1G       5.7M        55M       319M

MemTotal:        4016004 kB
MemFree:         3236764 kB
Active:           424840 kB
Mem:          3.8G       760M       3.1G       5.7M        55M       319M

MemTotal:        4016004 kB
MemFree:         3236392 kB
Active:           424888 kB
Mem:          3.8G       761M       3.1G       5.7M        55M       319M

MemTotal:        4016004 kB
MemFree:         3236640 kB
Active:           424864 kB
Mem:          3.8G       761M       3.1G       5.7M        55M       319M

MemTotal:        4016004 kB
MemFree:         3236640 kB
Active:           424836 kB
Mem:          3.8G       761M       3.1G       5.7M        55M       319M

MemTotal:        4016004 kB
MemFree:         3236748 kB
Active:           424884 kB
Mem:          3.8G       761M       3.1G       5.7M        55M       319M

MemTotal:        4016004 kB
MemFree:         3236236 kB
Active:           424900 kB
Mem:          3.8G       761M       3.1G       5.7M        55M       319M

MemTotal:        4016004 kB
MemFree:         3235724 kB
Active:           424900 kB
Mem:          3.8G       761M       3.1G       5.7M        55M       319M

MemTotal:        4016004 kB
MemFree:         3236128 kB
Active:           424848 kB
Mem:          3.8G       761M       3.1G       5.7M        55M       319M

MemTotal:        4016004 kB
MemFree:         3235756 kB
Active:           424900 kB
Mem:          3.8G       761M       3.1G       5.7M        55M       319M

MemTotal:        4016004 kB
MemFree:         3236004 kB
Active:           424876 kB
Mem:          3.8G       761M       3.1G       5.7M        55M       319M

MemTotal:        4016004 kB
MemFree:         3236004 kB
Active:           424844 kB
Mem:          3.8G       761M       3.1G       5.7M        55M       319M

MemTotal:        4016004 kB
MemFree:         3236252 kB
Active:           424872 kB
Mem:          3.8G       761M       3.1G       5.7M        55M       319M

MemTotal:        4016004 kB
MemFree:         3236036 kB
Active:           424908 kB
Mem:          3.8G       761M       3.1G       5.7M        55M       319M

MemTotal:        4016004 kB
MemFree:         3236408 kB
Active:           424900 kB
Mem:          3.8G       761M       3.1G       5.7M        55M       319M

MemTotal:        4016004 kB
MemFree:         3236408 kB
Active:           424852 kB
Mem:          3.8G       761M       3.1G       5.7M        55M       319M

MemTotal:        4016004 kB
MemFree:         3236036 kB
Active:           424908 kB
Mem:          3.8G       761M       3.1G       5.7M        55M       319M

MemTotal:        4016004 kB
MemFree:         3236036 kB
Active:           424908 kB
Mem:          3.8G       761M       3.1G       5.7M        55M       319M

MemTotal:        4016004 kB
MemFree:         3236004 kB
Active:           424912 kB
Mem:          3.8G       761M       3.1G       5.7M        55M       319M

MemTotal:        4016004 kB
MemFree:         3236360 kB
Active:           424860 kB
Mem:          3.8G       761M       3.1G       5.7M        55M       319M

MemTotal:        4016004 kB
MemFree:         3236004 kB
Active:           424912 kB
Mem:          3.8G       761M       3.1G       5.7M        55M       319M

MemTotal:        4016004 kB
MemFree:         3235880 kB
Active:           424880 kB
Mem:          3.8G       762M       3.1G       5.7M        55M       319M

MemTotal:        4016004 kB
MemFree:         3235880 kB
Active:           424896 kB
Mem:          3.8G       761M       3.1G       5.7M        55M       319M

MemTotal:        4016004 kB
MemFree:         3236252 kB
Active:           424856 kB
Mem:          3.8G       761M       3.1G       5.7M        55M       319M

MemTotal:        4016004 kB
MemFree:         3236376 kB
Active:           424900 kB
Mem:          3.8G       761M       3.1G       5.7M        55M       319M

MemTotal:        4016004 kB
MemFree:         3236500 kB
Active:           424904 kB
Mem:          3.8G       761M       3.1G       5.7M        55M       319M

MemTotal:        4016004 kB
MemFree:         3236484 kB
Active:           424864 kB
Mem:          3.8G       761M       3.1G       5.7M        55M       319M

MemTotal:        4016004 kB
MemFree:         3235848 kB
Active:           424920 kB
Mem:          3.8G       761M       3.1G       5.7M        55M       319M

MemTotal:        4016004 kB
MemFree:         3236064 kB
Active:           424872 kB
Mem:          3.8G       761M       3.1G       5.7M        55M       319M

MemTotal:        4016004 kB
MemFree:         3236252 kB
Active:           424880 kB
Mem:          3.8G       761M       3.1G       5.7M        55M       319M

MemTotal:        4016004 kB
MemFree:         3236252 kB
Active:           424920 kB
Mem:          3.8G       761M       3.1G       5.7M        55M       319M

MemTotal:        4016004 kB
MemFree:         3236252 kB
Active:           424924 kB
Mem:          3.8G       761M       3.1G       5.7M        55M       319M

MemTotal:        4016004 kB
MemFree:         3236252 kB
Active:           424900 kB
Mem:          3.8G       761M       3.1G       5.7M        55M       319M

MemTotal:        4016004 kB
MemFree:         3236112 kB
Active:           424932 kB
Mem:          3.8G       761M       3.1G       5.7M        55M       319M

MemTotal:        4016004 kB
MemFree:         3236144 kB
Active:           424892 kB
Mem:          3.8G       761M       3.1G       5.7M        55M       319M

MemTotal:        4016004 kB
MemFree:         3236268 kB
Active:           424892 kB
Mem:          3.8G       761M       3.1G       5.7M        55M       319M

MemTotal:        4016004 kB
MemFree:         3236268 kB
Active:           424908 kB
Mem:          3.8G       761M       3.1G       5.7M        55M       319M

MemTotal:        4016004 kB
MemFree:         3236144 kB
Active:           424924 kB
Mem:          3.8G       761M       3.1G       5.7M        55M       319M

MemTotal:        4016004 kB
MemFree:         3235632 kB
Active:           424948 kB
Mem:          3.8G       761M       3.1G       5.7M        55M       319M

MemTotal:        4016004 kB
MemFree:         3235988 kB
Active:           424948 kB
Mem:          3.8G       761M       3.1G       5.7M        55M       319M

MemTotal:        4016004 kB
MemFree:         3236252 kB
Active:           424908 kB
Mem:          3.8G       761M       3.1G       5.7M        55M       319M

MemTotal:        4016004 kB
MemFree:         3236252 kB
Active:           424928 kB
Mem:          3.8G       761M       3.1G       5.7M        55M       319M

MemTotal:        4016004 kB
MemFree:         3236252 kB
Active:           424944 kB
Mem:          3.8G       761M       3.1G       5.7M        55M       319M

MemTotal:        4016004 kB
MemFree:         3236128 kB
Active:           424900 kB
Mem:          3.8G       761M       3.1G       5.7M        55M       319M

MemTotal:        4016004 kB
MemFree:         3234932 kB
Active:           422916 kB
Mem:          3.8G       762M       3.1G       5.7M        55M       319M

MemTotal:        4016004 kB
MemFree:         3235800 kB
Active:           424924 kB
Mem:          3.8G       762M       3.1G       5.7M        55M       319M

MemTotal:        4016004 kB
MemFree:         3235708 kB
Active:           424928 kB
Mem:          3.8G       762M       3.1G       5.7M        55M       319M

MemTotal:        4016004 kB
MemFree:         3235584 kB
Active:           424968 kB
Mem:          3.8G       762M       3.1G       5.7M        55M       319M

MemTotal:        4016004 kB
MemFree:         3235272 kB
Active:           425232 kB
Mem:          3.8G       762M       3.1G       5.7M        55M       319M

MemTotal:        4016004 kB
MemFree:         3131912 kB
Active:           426208 kB
Mem:          3.8G       865M       3.0G       5.7M        55M       420M

MemTotal:        4016004 kB
MemFree:         3037960 kB
Active:           426300 kB
Mem:          3.8G       958M       2.9G       5.7M        55M       511M

MemTotal:        4016004 kB
MemFree:         2903860 kB
Active:           426348 kB
Mem:          3.8G       1.1G       2.8G       5.7M        55M       639M

MemTotal:        4016004 kB
MemFree:         2777176 kB
Active:           426356 kB
Mem:          3.8G       1.2G       2.6G       5.7M        55M       761M

MemTotal:        4016004 kB
MemFree:         2650540 kB
Active:           426360 kB
Mem:          3.8G       1.3G       2.5G       5.7M        55M       884M

MemTotal:        4016004 kB
MemFree:         2583128 kB
Active:           426344 kB
Mem:          3.8G       1.4G       2.5G       5.7M        55M       945M

MemTotal:        4016004 kB
MemFree:         2583128 kB
Active:           426376 kB
Mem:          3.8G       1.4G       2.5G       5.7M        55M       945M

MemTotal:        4016004 kB
MemFree:         2576156 kB
Active:           426396 kB
Mem:          3.8G       1.4G       2.5G       5.7M        55M       953M

MemTotal:        4016004 kB
MemFree:         2572748 kB
Active:           426384 kB
Mem:          3.8G       1.4G       2.5G       5.7M        55M       955M

MemTotal:        4016004 kB
MemFree:         2569764 kB
Active:           426436 kB
Mem:          3.8G       1.4G       2.5G       5.7M        55M       958M

MemTotal:        4016004 kB
MemFree:         2566024 kB
Active:           426456 kB
Mem:          3.8G       1.4G       2.4G       5.7M        55M       962M

MemTotal:        4016004 kB
MemFree:         2523088 kB
Active:           426440 kB
Mem:          3.8G       1.4G       2.4G       5.7M        55M       1.0G

MemTotal:        4016004 kB
MemFree:         2406504 kB
Active:           426456 kB
Mem:          3.8G       1.5G       2.3G       5.7M        55M       1.1G

MemTotal:        4016004 kB
MemFree:         2286032 kB
Active:           426468 kB
Mem:          3.8G       1.7G       2.2G       5.7M        55M       1.2G

MemTotal:        4016004 kB
MemFree:         2057420 kB
Active:           426468 kB
Mem:          3.8G       1.9G       2.0G       5.7M        55M       1.4G

MemTotal:        4016004 kB
MemFree:         2049248 kB
Active:           426484 kB
Mem:          3.8G       1.9G       2.0G       5.7M        55M       1.4G

MemTotal:        4016004 kB
MemFree:         2047652 kB
Active:           426500 kB
Mem:          3.8G       1.9G       2.0G       5.7M        55M       1.4G

MemTotal:        4016004 kB
MemFree:         2046328 kB
Active:           426456 kB
Mem:          3.8G       1.9G       2.0G       5.7M        55M       1.4G

MemTotal:        4016004 kB
MemFree:         2040484 kB
Active:           426496 kB
Mem:          3.8G       1.9G       1.9G       5.7M        55M       1.4G

MemTotal:        4016004 kB
MemFree:         2026472 kB
Active:           426520 kB
Mem:          3.8G       1.9G       1.9G       5.7M        55M       1.4G

MemTotal:        4016004 kB
MemFree:         2002120 kB
Active:           426520 kB
Mem:          3.8G       1.9G       1.9G       5.7M        55M       1.5G

MemTotal:        4016004 kB
MemFree:         1971864 kB
Active:           426520 kB
Mem:          3.8G       2.0G       1.9G       5.7M        55M       1.5G

MemTotal:        4016004 kB
MemFree:         1894948 kB
Active:           426528 kB
Mem:          3.8G       2.0G       1.8G       5.7M        55M       1.6G

MemTotal:        4016004 kB
MemFree:         1875780 kB
Active:           426528 kB
Mem:          3.8G       2.0G       1.8G       5.7M        55M       1.6G

MemTotal:        4016004 kB
MemFree:         1816540 kB
Active:           426576 kB
Mem:          3.8G       2.1G       1.7G       5.7M        55M       1.6G

MemTotal:        4016004 kB
MemFree:         1766056 kB
Active:           426536 kB
Mem:          3.8G       2.1G       1.7G       5.7M        55M       1.7G

MemTotal:        4016004 kB
MemFree:         1763692 kB
Active:           426520 kB
Mem:          3.8G       2.1G       1.7G       5.7M        55M       1.7G

MemTotal:        4016004 kB
MemFree:         1762424 kB
Active:           426556 kB
Mem:          3.8G       2.1G       1.7G       5.7M        55M       1.7G

MemTotal:        4016004 kB
MemFree:         1761644 kB
Active:           426540 kB
Mem:          3.8G       2.2G       1.7G       5.7M        55M       1.7G

MemTotal:        4016004 kB
MemFree:         1756340 kB
Active:           426580 kB
Mem:          3.8G       2.2G       1.7G       5.7M        55M       1.7G

MemTotal:        4016004 kB
MemFree:         1728004 kB
Active:           426552 kB
Mem:          3.8G       2.2G       1.6G       5.7M        55M       1.7G

MemTotal:        4016004 kB
MemFree:         1627868 kB
Active:           426580 kB
Mem:          3.8G       2.3G       1.5G       5.7M        55M       1.8G

MemTotal:        4016004 kB
MemFree:         1520756 kB
Active:           426588 kB
Mem:          3.8G       2.4G       1.4G       5.7M        55M       1.9G

MemTotal:        4016004 kB
MemFree:         1412728 kB
Active:           426588 kB
Mem:          3.8G       2.5G       1.3G       5.7M        55M       2.0G

MemTotal:        4016004 kB
MemFree:         1346804 kB
Active:           426592 kB
Mem:          3.8G       2.5G       1.3G       5.7M        55M       2.1G

MemTotal:        4016004 kB
MemFree:         1341712 kB
Active:           426600 kB
Mem:          3.8G       2.6G       1.3G       5.7M        55M       2.1G

MemTotal:        4016004 kB
MemFree:         1246120 kB
Active:           426600 kB
Mem:          3.8G       2.6G       1.2G       5.7M        55M       2.2G

MemTotal:        4016004 kB
MemFree:         1239648 kB
Active:           426616 kB
Mem:          3.8G       2.6G       1.2G       5.7M        55M       2.2G

MemTotal:        4016004 kB
MemFree:         1189108 kB
Active:           426620 kB
Mem:          3.8G       2.7G       1.1G       5.7M        55M       2.2G

MemTotal:        4016004 kB
MemFree:         1182800 kB
Active:           426624 kB
Mem:          3.8G       2.7G       1.1G       5.7M        55M       2.2G

MemTotal:        4016004 kB
MemFree:         1088928 kB
Active:           426624 kB
Mem:          3.8G       2.8G       1.0G       5.7M        55M       2.3G

MemTotal:        4016004 kB
MemFree:         1086412 kB
Active:           426620 kB
Mem:          3.8G       2.8G       1.0G       5.7M        55M       2.3G

MemTotal:        4016004 kB
MemFree:         1086576 kB
Active:           426632 kB
Mem:          3.8G       2.8G       1.0G       5.7M        55M       2.3G

MemTotal:        4016004 kB
MemFree:         1078260 kB
Active:           426680 kB
Mem:          3.8G       2.8G       1.0G       5.7M        55M       2.3G

MemTotal:        4016004 kB
MemFree:         1073276 kB
Active:           428720 kB
Mem:          3.8G       2.8G       1.0G       5.7M        55M       2.3G

MemTotal:        4016004 kB
MemFree:         1000176 kB
Active:           428692 kB
Mem:          3.8G       2.9G       974M       5.7M        55M       2.4G

MemTotal:        4016004 kB
MemFree:          887576 kB
Active:           428720 kB
Mem:          3.8G       3.0G       865M       5.7M        55M       2.5G

MemTotal:        4016004 kB
MemFree:          780060 kB
Active:           428720 kB
Mem:          3.8G       3.1G       759M       5.7M        55M       2.6G

MemTotal:        4016004 kB
MemFree:          673056 kB
Active:           428728 kB
Mem:          3.8G       3.2G       656M       5.7M        55M       2.7G

MemTotal:        4016004 kB
MemFree:          549936 kB
Active:           428728 kB
Mem:          3.8G       3.3G       535M       5.7M        55M       2.8G

MemTotal:        4016004 kB
MemFree:          416876 kB
Active:           428736 kB
Mem:          3.8G       3.4G       404M       5.7M        55M       3.0G

MemTotal:        4016004 kB
MemFree:          362568 kB
Active:           428740 kB
Mem:          3.8G       3.5G       353M       5.7M        55M       3.0G

MemTotal:        4016004 kB
MemFree:          357512 kB
Active:           428768 kB
Mem:          3.8G       3.5G       349M       5.7M        55M       3.0G

MemTotal:        4016004 kB
MemFree:          357536 kB
Active:           428712 kB
Mem:          3.8G       3.5G       349M       5.7M        55M       3.0G

MemTotal:        4016004 kB
MemFree:          358460 kB
Active:           428716 kB
Mem:          3.8G       3.5G       349M       5.7M        55M       3.0G

MemTotal:        4016004 kB
MemFree:          329888 kB
Active:           428808 kB
Mem:          3.8G       3.5G       321M       5.7M        55M       3.0G

MemTotal:        4016004 kB
MemFree:          237424 kB
Active:           428820 kB
Mem:          3.8G       3.6G       230M       5.7M        55M       3.1G

MemTotal:        4016004 kB
MemFree:          125948 kB
Active:           427028 kB
Mem:          3.8G       3.7G       143M       5.7M        20M       3.2G

MemTotal:        4016004 kB
MemFree:          141184 kB
Active:           456492 kB
Mem:          3.8G       3.7G       135M       5.7M        20M       3.3G

MemTotal:        4016004 kB
MemFree:          138240 kB
Active:           456396 kB
Mem:          3.8G       3.7G       134M       5.7M        20M       3.3G

MemTotal:        4016004 kB
MemFree:          135472 kB
Active:           456492 kB
Mem:          3.8G       3.7G       131M       5.7M        20M       3.3G

MemTotal:        4016004 kB
MemFree:          148436 kB
Active:           455728 kB
Mem:          3.8G       3.7G       144M       5.7M        20M       3.2G

MemTotal:        4016004 kB
MemFree:          142088 kB
Active:           455772 kB
Mem:          3.8G       3.7G       138M       5.7M        20M       3.2G

MemTotal:        4016004 kB
MemFree:          139972 kB
Active:           455788 kB
Mem:          3.8G       3.7G       136M       5.7M        20M       3.2G

MemTotal:        4016004 kB
MemFree:          135060 kB
Active:           455792 kB
Mem:          3.8G       3.7G       131M       5.7M        20M       3.3G

MemTotal:        4016004 kB
MemFree:          131328 kB
Active:           454140 kB
Mem:          3.8G       3.7G       126M       5.7M        20M       3.3G

MemTotal:        4016004 kB
MemFree:          131068 kB
Active:           448268 kB
Mem:          3.8G       3.7G       126M       5.7M        20M       3.3G

MemTotal:        4016004 kB
MemFree:          110948 kB
Active:           446252 kB
Mem:          3.8G       3.7G       107M       5.7M        20M       3.3G

MemTotal:        4016004 kB
MemFree:          106424 kB
Active:           446252 kB
Mem:          3.8G       3.7G       103M       5.7M        20M       3.3G

MemTotal:        4016004 kB
MemFree:          139184 kB
Active:           442808 kB
Mem:          3.8G       3.7G       135M       5.7M        20M       3.3G

MemTotal:        4016004 kB
MemFree:          111280 kB
Active:           441148 kB
Mem:          3.8G       3.7G       105M       5.7M        20M       3.3G

MemTotal:        4016004 kB
MemFree:          124252 kB
Active:           440528 kB
Mem:          3.8G       3.7G       121M       5.7M        20M       3.3G

MemTotal:        4016004 kB
MemFree:          128004 kB
Active:           440024 kB
Mem:          3.8G       3.7G       123M       5.7M        20M       3.3G

MemTotal:        4016004 kB
MemFree:          119768 kB
Active:           435560 kB
Mem:          3.8G       3.7G       114M       5.7M        20M       3.3G

MemTotal:        4016004 kB
MemFree:          124708 kB
Active:           434928 kB
Mem:          3.8G       3.7G       121M       5.7M        20M       3.3G

MemTotal:        4016004 kB
MemFree:          122052 kB
Active:           434940 kB
Mem:          3.8G       3.7G       119M       5.7M        20M       3.3G

MemTotal:        4016004 kB
MemFree:          117832 kB
Active:           434940 kB
Mem:          3.8G       3.7G       114M       5.7M        20M       3.3G

MemTotal:        4016004 kB
MemFree:          115900 kB
Active:           434944 kB
Mem:          3.8G       3.7G       113M       5.7M        20M       3.3G

MemTotal:        4016004 kB
MemFree:          124932 kB
Active:           433924 kB
Mem:          3.8G       3.7G       118M       5.7M        20M       3.3G

MemTotal:        4016004 kB
MemFree:          123544 kB
Active:           430600 kB
Mem:          3.8G       3.7G       119M       5.7M        20M       3.3G

MemTotal:        4016004 kB
MemFree:          135500 kB
Active:           427144 kB
Mem:          3.8G       3.7G       129M       5.7M        20M       3.3G

MemTotal:        4016004 kB
MemFree:          139804 kB
Active:           421116 kB
Mem:          3.8G       3.7G       136M       5.7M        20M       3.3G

MemTotal:        4016004 kB
MemFree:          138780 kB
Active:           421100 kB
Mem:          3.8G       3.7G       135M       5.7M        20M       3.3G

MemTotal:        4016004 kB
MemFree:          127264 kB
Active:           420608 kB
Mem:          3.8G       3.7G       122M       5.7M        20M       3.3G

MemTotal:        4016004 kB
MemFree:          138064 kB
Active:           416936 kB
Mem:          3.8G       3.7G       131M       5.7M        20M       3.3G

MemTotal:        4016004 kB
MemFree:          127096 kB
Active:           415788 kB
Mem:          3.8G       3.7G       123M       5.7M        20M       3.3G

MemTotal:        4016004 kB
MemFree:          105260 kB
Active:           415668 kB
Mem:          3.8G       3.7G       102M       5.7M        20M       3.3G

MemTotal:        4016004 kB
MemFree:          127588 kB
Active:           415032 kB
Mem:          3.8G       3.7G       124M       5.7M        20M       3.3G

MemTotal:        4016004 kB
MemFree:          127676 kB
Active:           415044 kB
Mem:          3.8G       3.7G       124M       5.7M        20M       3.3G

MemTotal:        4016004 kB
MemFree:          127184 kB
Active:           412996 kB
Mem:          3.8G       3.7G       124M       5.7M        20M       3.3G

MemTotal:        4016004 kB
MemFree:          117096 kB
Active:           415048 kB
Mem:          3.8G       3.7G       112M       5.7M        20M       3.3G

MemTotal:        4016004 kB
MemFree:          122900 kB
Active:           411212 kB
Mem:          3.8G       3.7G       118M       5.7M        20M       3.3G

MemTotal:        4016004 kB
MemFree:          133964 kB
Active:           405964 kB
Mem:          3.8G       3.7G       128M       5.7M        20M       3.3G

MemTotal:        4016004 kB
MemFree:          133172 kB
Active:           405328 kB
Mem:          3.8G       3.7G       129M       5.7M        20M       3.3G

MemTotal:        4016004 kB
MemFree:          119148 kB
Active:           405344 kB
Mem:          3.8G       3.7G       115M       5.7M        20M       3.3G

MemTotal:        4016004 kB
MemFree:          136392 kB
Active:           401512 kB
Mem:          3.8G       3.7G       132M       5.7M        20M       3.3G

MemTotal:        4016004 kB
MemFree:          130316 kB
Active:           401396 kB
Mem:          3.8G       3.7G       124M       5.7M        20M       3.3G

MemTotal:        4016004 kB
MemFree:          141288 kB
Active:           398452 kB
Mem:          3.8G       3.7G       137M       5.7M        20M       3.2G

MemTotal:        4016004 kB
MemFree:          126632 kB
Active:           397812 kB
Mem:          3.8G       3.7G       123M       5.7M        20M       3.3G

MemTotal:        4016004 kB
MemFree:          128944 kB
Active:           394520 kB
Mem:          3.8G       3.7G       125M       5.7M        20M       3.3G

MemTotal:        4016004 kB
MemFree:          129604 kB
Active:           396528 kB
Mem:          3.8G       3.7G       126M       5.7M        20M       3.3G

MemTotal:        4016004 kB
MemFree:          122372 kB
Active:           396564 kB
Mem:          3.8G       3.7G       119M       5.7M        20M       3.3G

MemTotal:        4016004 kB
MemFree:          119536 kB
Active:           396564 kB
Mem:          3.8G       3.7G       116M       5.7M        20M       3.3G

MemTotal:        4016004 kB
MemFree:          117432 kB
Active:           396036 kB
Mem:          3.8G       3.7G       113M       5.7M        20M       3.3G

MemTotal:        4016004 kB
MemFree:          121376 kB
Active:           391952 kB
Mem:          3.8G       3.7G       116M       5.7M        20M       3.3G

MemTotal:        4016004 kB
MemFree:          121608 kB
Active:           388888 kB
Mem:          3.8G       3.7G       116M       5.7M        20M       3.3G

MemTotal:        4016004 kB
MemFree:          134412 kB
Active:           386984 kB
Mem:          3.8G       3.7G       131M       5.7M        20M       3.3G

MemTotal:        4016004 kB
MemFree:          110496 kB
Active:           386360 kB
Mem:          3.8G       3.7G       104M       5.7M        20M       3.3G

MemTotal:        4016004 kB
MemFree:          123132 kB
Active:           382776 kB
Mem:          3.8G       3.7G       118M       5.7M        20M       3.3G

MemTotal:        4016004 kB
MemFree:          136708 kB
Active:           374892 kB
Mem:          3.8G       3.7G       133M       5.7M        20M       3.3G

MemTotal:        4016004 kB
MemFree:          144028 kB
Active:           370788 kB
Mem:          3.8G       3.7G       138M       5.7M        20M       3.2G

MemTotal:        4016004 kB
MemFree:          133084 kB
Active:           370624 kB
Mem:          3.8G       3.7G       129M       5.7M        20M       3.3G

MemTotal:        4016004 kB
MemFree:          127636 kB
Active:           370636 kB
Mem:          3.8G       3.7G       124M       5.7M        20M       3.3G

MemTotal:        4016004 kB
MemFree:          123872 kB
Active:           370636 kB
Mem:          3.8G       3.7G       120M       5.7M        20M       3.3G

MemTotal:        4016004 kB
MemFree:          119912 kB
Active:           370636 kB
Mem:          3.8G       3.7G       116M       5.7M        20M       3.3G

MemTotal:        4016004 kB
MemFree:          116012 kB
Active:           370648 kB
Mem:          3.8G       3.7G       113M       5.7M        20M       3.3G

MemTotal:        4016004 kB
MemFree:          114556 kB
Active:           370648 kB
Mem:          3.8G       3.7G       111M       5.7M        20M       3.3G

MemTotal:        4016004 kB
MemFree:          114680 kB
Active:           370640 kB
Mem:          3.8G       3.7G       111M       5.7M        20M       3.3G

MemTotal:        4016004 kB
MemFree:          114764 kB
Active:           370648 kB
Mem:          3.8G       3.7G       112M       5.7M        20M       3.3G

MemTotal:        4016004 kB
MemFree:          115368 kB
Active:           370632 kB
Mem:          3.8G       3.7G       109M       5.7M        20M       3.3G

MemTotal:        4016004 kB
MemFree:          123080 kB
Active:           366696 kB
Mem:          3.8G       3.7G       117M       5.7M        20M       3.3G

MemTotal:        4016004 kB
MemFree:          136644 kB
Active:           366372 kB
Mem:          3.8G       3.7G       131M       5.7M        20M       3.3G

MemTotal:        4016004 kB
MemFree:          147268 kB
Active:           366384 kB
Mem:          3.8G       3.7G       143M       5.7M        20M       3.2G

MemTotal:        4016004 kB
MemFree:          126288 kB
Active:           366396 kB
Mem:          3.8G       3.7G       122M       5.7M        20M       3.3G

MemTotal:        4016004 kB
MemFree:          124768 kB
Active:           366404 kB
Mem:          3.8G       3.7G       118M       5.7M        20M       3.3G

MemTotal:        4016004 kB
MemFree:          146132 kB
Active:           366284 kB
Mem:          3.8G       3.7G       142M       5.7M        20M       3.2G

MemTotal:        4016004 kB
MemFree:          146040 kB
Active:           366228 kB
Mem:          3.8G       3.7G       142M       5.7M        20M       3.2G

MemTotal:        4016004 kB
MemFree:          146296 kB
Active:           366284 kB
Mem:          3.8G       3.7G       142M       5.7M        20M       3.2G

MemTotal:        4016004 kB
MemFree:          116476 kB
Active:           366292 kB
Mem:          3.8G       3.7G       111M       5.7M        20M       3.3G

MemTotal:        4016004 kB
MemFree:          127304 kB
Active:           366308 kB
Mem:          3.8G       3.7G       123M       5.7M        20M       3.3G

MemTotal:        4016004 kB
MemFree:          124476 kB
Active:           366308 kB
Mem:          3.8G       3.7G       121M       5.7M        20M       3.3G

MemTotal:        4016004 kB
MemFree:          121132 kB
Active:           366308 kB
Mem:          3.8G       3.7G       118M       5.7M        20M       3.3G

MemTotal:        4016004 kB
MemFree:          116140 kB
Active:           366312 kB
Mem:          3.8G       3.7G       113M       5.7M        20M       3.3G

MemTotal:        4016004 kB
MemFree:          124060 kB
Active:           366316 kB
Mem:          3.8G       3.7G       119M       5.7M        20M       3.3G

MemTotal:        4016004 kB
MemFree:          132308 kB
Active:           365348 kB
Mem:          3.8G       3.7G       126M       5.7M        20M       3.3G

MemTotal:        4016004 kB
MemFree:          110896 kB
Active:           365288 kB
Mem:          3.8G       3.7G       106M       5.7M        20M       3.3G

MemTotal:        4016004 kB
MemFree:          127516 kB
Active:           365204 kB
Mem:          3.8G       3.7G       122M       5.7M        20M       3.3G

MemTotal:        4016004 kB
MemFree:          127584 kB
Active:           365212 kB
Mem:          3.8G       3.7G       124M       5.7M        20M       3.3G

MemTotal:        4016004 kB
MemFree:          119780 kB
Active:           365212 kB
Mem:          3.8G       3.7G       116M       5.7M        20M       3.3G

MemTotal:        4016004 kB
MemFree:          126748 kB
Active:           363828 kB
Mem:          3.8G       3.7G       123M       5.7M        20M       3.3G

MemTotal:        4016004 kB
MemFree:          126992 kB
Active:           364304 kB
Mem:          3.8G       3.7G       124M       5.7M        20M       3.3G

MemTotal:        4016004 kB
MemFree:          125744 kB
Active:           364316 kB
Mem:          3.8G       3.7G       122M       5.7M        20M       3.3G

MemTotal:        4016004 kB
MemFree:          124196 kB
Active:           364316 kB
Mem:          3.8G       3.7G       121M       5.7M        20M       3.3G

MemTotal:        4016004 kB
MemFree:          123808 kB
Active:           364324 kB
Mem:          3.8G       3.7G       121M       5.7M        20M       3.3G

MemTotal:        4016004 kB
MemFree:          124836 kB
Active:           364056 kB
Mem:          3.8G       3.7G       119M       5.7M        20M       3.3G

MemTotal:        4016004 kB
MemFree:          120332 kB
Active:           363928 kB
Mem:          3.8G       3.7G       121M       5.7M        20M       3.3G

MemTotal:        4016004 kB
MemFree:          134088 kB
Active:           361944 kB
Mem:          3.8G       3.7G       128M       5.7M        20M       3.3G

MemTotal:        4016004 kB
MemFree:          130736 kB
Active:           361816 kB
Mem:          3.8G       3.7G       127M       5.7M        20M       3.3G

MemTotal:        4016004 kB
MemFree:          137780 kB
Active:           361824 kB
Mem:          3.8G       3.7G       133M       5.7M        20M       3.2G

MemTotal:        4016004 kB
MemFree:          133668 kB
Active:           361828 kB
Mem:          3.8G       3.7G       130M       5.7M        20M       3.2G

MemTotal:        4016004 kB
MemFree:          139632 kB
Active:           360468 kB
Mem:          3.8G       3.7G       136M       5.7M        20M       3.2G

MemTotal:        4016004 kB
MemFree:          125980 kB
Active:           360468 kB
Mem:          3.8G       3.7G       118M       5.7M        20M       3.3G

MemTotal:        4016004 kB
MemFree:          126352 kB
Active:           359624 kB
Mem:          3.8G       3.7G       123M       5.7M        20M       3.3G

MemTotal:        4016004 kB
MemFree:          126476 kB
Active:           359648 kB
Mem:          3.8G       3.7G       123M       5.7M        20M       3.3G

MemTotal:        4016004 kB
MemFree:          126324 kB
Active:           359648 kB
Mem:          3.8G       3.7G       123M       5.7M        20M       3.3G

MemTotal:        4016004 kB
MemFree:          126732 kB
Active:           359652 kB
Mem:          3.8G       3.7G       123M       5.7M        20M       3.3G

MemTotal:        4016004 kB
MemFree:          123276 kB
Active:           359608 kB
Mem:          3.8G       3.7G       120M       5.7M        20M       3.3G

MemTotal:        4016004 kB
MemFree:          121076 kB
Active:           359656 kB
Mem:          3.8G       3.7G       118M       5.7M        20M       3.3G

MemTotal:        4016004 kB
MemFree:          122080 kB
Active:           359664 kB
Mem:          3.8G       3.7G       116M       5.7M        20M       3.3G

MemTotal:        4016004 kB
MemFree:          136440 kB
Active:           359368 kB
Mem:          3.8G       3.7G       130M       5.7M        20M       3.2G

MemTotal:        4016004 kB
MemFree:          129676 kB
Active:           356376 kB
Mem:          3.8G       3.7G       124M       5.7M        20M       3.3G

MemTotal:        4016004 kB
MemFree:          137224 kB
Active:           356236 kB
Mem:          3.8G       3.7G       131M       5.7M        20M       3.2G

MemTotal:        4016004 kB
MemFree:          117440 kB
Active:           356240 kB
Mem:          3.8G       3.7G       112M       5.7M        20M       3.3G

MemTotal:        4016004 kB
MemFree:          145532 kB
Active:           356120 kB
Mem:          3.8G       3.7G       142M       5.7M        20M       3.2G

MemTotal:        4016004 kB
MemFree:          143736 kB
Active:           356144 kB
Mem:          3.8G       3.7G       140M       5.7M        20M       3.2G

MemTotal:        4016004 kB
MemFree:          142652 kB
Active:           356184 kB
Mem:          3.8G       3.7G       138M       5.7M        20M       3.2G

MemTotal:        4016004 kB
MemFree:          126532 kB
Active:           356264 kB
Mem:          3.8G       3.7G       123M       5.7M        20M       3.3G

MemTotal:        4016004 kB
MemFree:          124788 kB
Active:           356296 kB
Mem:          3.8G       3.7G       121M       5.7M        20M       3.3G

MemTotal:        4016004 kB
MemFree:          123840 kB
Active:           356316 kB
Mem:          3.8G       3.7G       120M       5.7M        20M       3.3G

MemTotal:        4016004 kB
MemFree:          122788 kB
Active:           356320 kB
Mem:          3.8G       3.7G       120M       5.7M        20M       3.3G

MemTotal:        4016004 kB
MemFree:          122556 kB
Active:           356352 kB
Mem:          3.8G       3.7G       119M       5.7M        20M       3.3G

MemTotal:        4016004 kB
MemFree:          128344 kB
Active:           349692 kB
Mem:          3.8G       3.7G       122M       5.7M        20M       3.3G

MemTotal:        4016004 kB
MemFree:          130224 kB
Active:           349564 kB
Mem:          3.8G       3.7G       131M       5.7M        20M       3.2G

MemTotal:        4016004 kB
MemFree:          127192 kB
Active:           349588 kB
Mem:          3.8G       3.7G       123M       5.7M        20M       3.3G

MemTotal:        4016004 kB
MemFree:          149604 kB
Active:           346268 kB
Mem:          3.8G       3.7G       145M       5.7M        20M       3.2G

MemTotal:        4016004 kB
MemFree:          127860 kB
Active:           346264 kB
Mem:          3.8G       3.7G       124M       5.7M        20M       3.3G

MemTotal:        4016004 kB
MemFree:          127856 kB
Active:           346268 kB
Mem:          3.8G       3.7G       124M       5.7M        20M       3.3G

MemTotal:        4016004 kB
MemFree:          127620 kB
Active:           346372 kB
Mem:          3.8G       3.7G       124M       5.7M        20M       3.3G

MemTotal:        4016004 kB
MemFree:          126604 kB
Active:           346424 kB
Mem:          3.8G       3.7G       123M       5.7M        20M       3.3G

MemTotal:        4016004 kB
MemFree:          125860 kB
Active:           346520 kB
Mem:          3.8G       3.7G       122M       5.7M        20M       3.3G

MemTotal:        4016004 kB
MemFree:          125988 kB
Active:           346532 kB
Mem:          3.8G       3.7G       123M       5.7M        20M       3.3G

MemTotal:        4016004 kB
MemFree:          132112 kB
Active:           346796 kB
Mem:          3.8G       3.7G       128M       5.7M        20M       3.2G

MemTotal:        4016004 kB
MemFree:          119152 kB
Active:           346784 kB
Mem:          3.8G       3.7G       115M       5.7M        20M       3.3G

MemTotal:        4016004 kB
MemFree:          133252 kB
Active:           346052 kB
Mem:          3.8G       3.7G       126M       5.7M        20M       3.3G

MemTotal:        4016004 kB
MemFree:          127464 kB
Active:           345588 kB
Mem:          3.8G       3.7G       124M       5.7M        20M       3.3G

MemTotal:        4016004 kB
MemFree:          110324 kB
Active:           345612 kB
Mem:          3.8G       3.7G       106M       5.7M        20M       3.3G

MemTotal:        4016004 kB
MemFree:          105048 kB
Active:           345620 kB
Mem:          3.8G       3.7G       102M       5.7M        20M       3.3G

MemTotal:        4016004 kB
MemFree:          143832 kB
Active:           345624 kB
Mem:          3.8G       3.7G       140M       5.7M        20M       3.2G

MemTotal:        4016004 kB
MemFree:          107084 kB
Active:           345628 kB
Mem:          3.8G       3.7G       104M       5.7M        20M       3.3G

MemTotal:        4016004 kB
MemFree:          106920 kB
Active:           345608 kB
Mem:          3.8G       3.7G       104M       5.7M        20M       3.3G

MemTotal:        4016004 kB
MemFree:          105052 kB
Active:           345652 kB
Mem:          3.8G       3.7G       102M       5.7M        20M       3.3G

MemTotal:        4016004 kB
MemFree:          128824 kB
Active:           345652 kB
Mem:          3.8G       3.7G       125M       5.7M        20M       3.3G

MemTotal:        4016004 kB
MemFree:          126884 kB
Active:           345616 kB
Mem:          3.8G       3.7G       123M       5.7M        20M       3.3G

MemTotal:        4016004 kB
MemFree:          123776 kB
Active:           345652 kB
Mem:          3.8G       3.7G       121M       5.7M        20M       3.3G

MemTotal:        4016004 kB
MemFree:          106816 kB
Active:           345632 kB
Mem:          3.8G       3.7G       126M       5.7M        20M       3.2G

MemTotal:        4016004 kB
MemFree:          136056 kB
Active:           343048 kB
Mem:          3.8G       3.7G       132M       5.7M        20M       3.2G

MemTotal:        4016004 kB
MemFree:          135588 kB
Active:           343060 kB
Mem:          3.8G       3.7G       131M       5.7M        20M       3.2G

MemTotal:        4016004 kB
MemFree:          126348 kB
Active:           343060 kB
Mem:          3.8G       3.7G       120M       5.7M        20M       3.3G

MemTotal:        4016004 kB
MemFree:          139736 kB
Active:           343060 kB
Mem:          3.8G       3.7G       136M       5.7M        20M       3.2G

MemTotal:        4016004 kB
MemFree:          128064 kB
Active:           343060 kB
Mem:          3.8G       3.7G       125M       5.7M        20M       3.2G

MemTotal:        4016004 kB
MemFree:          127904 kB
Active:           343068 kB
Mem:          3.8G       3.7G       124M       5.7M        20M       3.2G

MemTotal:        4016004 kB
MemFree:          126076 kB
Active:           343080 kB
Mem:          3.8G       3.7G       123M       5.7M        20M       3.3G

MemTotal:        4016004 kB
MemFree:          125356 kB
Active:           343064 kB
Mem:          3.8G       3.7G       122M       5.7M        20M       3.3G

MemTotal:        4016004 kB
MemFree:          126420 kB
Active:           343072 kB
Mem:          3.8G       3.7G       120M       5.7M        20M       3.3G

MemTotal:        4016004 kB
MemFree:          124688 kB
Active:           339636 kB
Mem:          3.8G       3.7G       120M       5.7M        20M       3.3G

MemTotal:        4016004 kB
MemFree:          126776 kB
Active:           339520 kB
Mem:          3.8G       3.7G       120M       5.7M        20M       3.3G

MemTotal:        4016004 kB
MemFree:          142008 kB
Active:           339520 kB
Mem:          3.8G       3.7G       138M       5.7M        20M       3.2G

MemTotal:        4016004 kB
MemFree:          110392 kB
Active:           339536 kB
Mem:          3.8G       3.7G       107M       5.7M        20M       3.3G

MemTotal:        4016004 kB
MemFree:          135044 kB
Active:           339536 kB
Mem:          3.8G       3.7G       131M       5.7M        20M       3.2G

MemTotal:        4016004 kB
MemFree:          105276 kB
Active:           339540 kB
Mem:          3.8G       3.7G       122M       5.7M        20M       3.3G

MemTotal:        4016004 kB
MemFree:          132448 kB
Active:           339548 kB
Mem:          3.8G       3.7G       129M       5.7M        20M       3.2G

MemTotal:        4016004 kB
MemFree:          129792 kB
Active:           339552 kB
Mem:          3.8G       3.7G       126M       5.7M        20M       3.2G

MemTotal:        4016004 kB
MemFree:          129392 kB
Active:           339568 kB
Mem:          3.8G       3.7G       126M       5.7M        20M       3.2G

MemTotal:        4016004 kB
MemFree:          127672 kB
Active:           339584 kB
Mem:          3.8G       3.7G       124M       5.7M        20M       3.2G

MemTotal:        4016004 kB
MemFree:          127584 kB
Active:           339548 kB
Mem:          3.8G       3.7G       124M       5.7M        20M       3.2G

MemTotal:        4016004 kB
MemFree:          118304 kB
Active:           339588 kB
Mem:          3.8G       3.7G       113M       5.7M        20M       3.3G

MemTotal:        4016004 kB
MemFree:          104768 kB
Active:           337304 kB
Mem:          3.8G       3.7G       122M       5.7M        20M       3.2G

MemTotal:        4016004 kB
MemFree:          123548 kB
Active:           337304 kB
Mem:          3.8G       3.7G       118M       5.7M        20M       3.3G

MemTotal:        4016004 kB
MemFree:          110008 kB
Active:           337308 kB
Mem:          3.8G       3.7G       107M       5.7M        20M       3.3G

MemTotal:        4016004 kB
MemFree:          120376 kB
Active:           337280 kB
Mem:          3.8G       3.7G       115M       5.7M        20M       3.3G

MemTotal:        4016004 kB
MemFree:          118504 kB
Active:           337316 kB
Mem:          3.8G       3.7G       114M       5.7M        20M       3.3G

MemTotal:        4016004 kB
MemFree:          112408 kB
Active:           337316 kB
Mem:          3.8G       3.7G       109M       5.7M        20M       3.3G

MemTotal:        4016004 kB
MemFree:          126788 kB
Active:           337312 kB
Mem:          3.8G       3.7G       123M       5.7M        20M       3.2G

MemTotal:        4016004 kB
MemFree:          128772 kB
Active:           337312 kB
Mem:          3.8G       3.7G       125M       5.7M        20M       3.2G

MemTotal:        4016004 kB
MemFree:          129008 kB
Active:           337312 kB
Mem:          3.8G       3.7G       125M       5.7M        20M       3.2G

MemTotal:        4016004 kB
MemFree:          128756 kB
Active:           337344 kB
Mem:          3.8G       3.7G       126M       5.7M        20M       3.2G

MemTotal:        4016004 kB
MemFree:          129164 kB
Active:           337328 kB
Mem:          3.8G       3.7G       126M       5.7M        20M       3.2G

MemTotal:        4016004 kB
MemFree:          126952 kB
Active:           337324 kB
Mem:          3.8G       3.7G       123M       5.7M        20M       3.2G

MemTotal:        4016004 kB
MemFree:          108144 kB
Active:           337352 kB
Mem:          3.8G       3.7G       104M       5.7M        20M       3.3G

MemTotal:        4016004 kB
MemFree:          139596 kB
Active:           337200 kB
Mem:          3.8G       3.7G       134M       5.7M        20M       3.2G

MemTotal:        4016004 kB
MemFree:          137008 kB
Active:           337064 kB
Mem:          3.8G       3.7G       134M       5.7M        20M       3.2G

MemTotal:        4016004 kB
MemFree:          137972 kB
Active:           336892 kB
Mem:          3.8G       3.7G       134M       5.7M        20M       3.2G

MemTotal:        4016004 kB
MemFree:          137600 kB
Active:           336920 kB
Mem:          3.8G       3.7G       134M       5.7M        20M       3.2G

MemTotal:        4016004 kB
MemFree:          138096 kB
Active:           336896 kB
Mem:          3.8G       3.7G       134M       5.7M        20M       3.2G

MemTotal:        4016004 kB
MemFree:          138220 kB
Active:           336920 kB
Mem:          3.8G       3.7G       134M       5.7M        20M       3.2G

MemTotal:        4016004 kB
MemFree:          138096 kB
Active:           336880 kB
Mem:          3.8G       3.7G       134M       5.7M        20M       3.2G

MemTotal:        4016004 kB
MemFree:          138096 kB
Active:           336920 kB
Mem:          3.8G       3.7G       134M       5.7M        20M       3.2G

MemTotal:        4016004 kB
MemFree:          137972 kB
Active:           336920 kB
Mem:          3.8G       3.7G       134M       5.7M        20M       3.2G

MemTotal:        4016004 kB
MemFree:          138096 kB
Active:           336892 kB
Mem:          3.8G       3.7G       135M       5.7M        20M       3.2G

MemTotal:        4016004 kB
MemFree:          138220 kB
Active:           336928 kB
Mem:          3.8G       3.7G       135M       5.7M        20M       3.2G

MemTotal:        4016004 kB
MemFree:          137848 kB
Active:           336928 kB
Mem:          3.8G       3.7G       134M       5.7M        20M       3.2G

MemTotal:        4016004 kB
MemFree:          138344 kB
Active:           336900 kB
Mem:          3.8G       3.7G       134M       5.7M        20M       3.2G

MemTotal:        4016004 kB
MemFree:          138220 kB
Active:           336932 kB
Mem:          3.8G       3.7G       134M       5.7M        20M       3.2G

MemTotal:        4016004 kB
MemFree:          138220 kB
Active:           336908 kB
Mem:          3.8G       3.7G       135M       5.7M        20M       3.2G

MemTotal:        4016004 kB
MemFree:          138220 kB
Active:           336932 kB
Mem:          3.8G       3.7G       134M       5.7M        20M       3.2G

MemTotal:        4016004 kB
MemFree:          138220 kB
Active:           336916 kB
Mem:          3.8G       3.7G       135M       5.7M        20M       3.2G

MemTotal:        4016004 kB
MemFree:          138344 kB
Active:           336940 kB
Mem:          3.8G       3.7G       134M       5.7M        20M       3.2G

MemTotal:        4016004 kB
MemFree:          138220 kB
Active:           336896 kB
Mem:          3.8G       3.7G       135M       5.7M        20M       3.2G

MemTotal:        4016004 kB
MemFree:          138220 kB
Active:           336892 kB
Mem:          3.8G       3.7G       135M       5.7M        20M       3.2G

MemTotal:        4016004 kB
MemFree:          138096 kB
Active:           336948 kB
Mem:          3.8G       3.7G       134M       5.7M        20M       3.2G

MemTotal:        4016004 kB
MemFree:          138096 kB
Active:           336956 kB
Mem:          3.8G       3.7G       134M       5.7M        20M       3.2G

MemTotal:        4016004 kB
MemFree:          137848 kB
Active:           336956 kB
Mem:          3.8G       3.7G       134M       5.7M        20M       3.2G

MemTotal:        4016004 kB
MemFree:          138220 kB
Active:           336944 kB
Mem:          3.8G       3.7G       134M       5.7M        20M       3.2G

MemTotal:        4016004 kB
MemFree:          138096 kB
Active:           336956 kB
Mem:          3.8G       3.7G       134M       5.7M        20M       3.2G

MemTotal:        4016004 kB
MemFree:          137724 kB
Active:           336956 kB
Mem:          3.8G       3.7G       134M       5.7M        20M       3.2G

MemTotal:        4016004 kB
MemFree:          137848 kB
Active:           336956 kB
Mem:          3.8G       3.7G       134M       5.7M        20M       3.2G

MemTotal:        4016004 kB
MemFree:          138096 kB
Active:           336928 kB
Mem:          3.8G       3.7G       134M       5.7M        20M       3.2G

MemTotal:        4016004 kB
MemFree:          137808 kB
Active:           336956 kB
Mem:          3.8G       3.7G       134M       5.7M        20M       3.2G

MemTotal:        4016004 kB
MemFree:          138032 kB
Active:           336968 kB
Mem:          3.8G       3.7G       134M       5.7M        20M       3.2G

MemTotal:        4016004 kB
MemFree:          138496 kB
Active:           336912 kB
Mem:          3.8G       3.7G       134M       5.7M        20M       3.2G

MemTotal:        4016004 kB
MemFree:          138016 kB
Active:           336936 kB
Mem:          3.8G       3.7G       135M       5.7M        20M       3.2G

MemTotal:        4016004 kB
MemFree:          138636 kB
Active:           336928 kB
Mem:          3.8G       3.7G       135M       5.7M        20M       3.2G

MemTotal:        4016004 kB
MemFree:          138140 kB
Active:           336932 kB
Mem:          3.8G       3.7G       134M       5.7M        20M       3.2G

MemTotal:        4016004 kB
MemFree:          138016 kB
Active:           336976 kB
Mem:          3.8G       3.7G       134M       5.7M        20M       3.2G

MemTotal:        4016004 kB
MemFree:          138016 kB
Active:           336964 kB
Mem:          3.8G       3.7G       134M       5.7M        20M       3.2G

MemTotal:        4016004 kB
MemFree:          138016 kB
Active:           336972 kB
Mem:          3.8G       3.7G       134M       5.7M        20M       3.2G

MemTotal:        4016004 kB
MemFree:          138016 kB
Active:           336952 kB
Mem:          3.8G       3.7G       134M       5.7M        20M       3.2G

MemTotal:        4016004 kB
MemFree:          137644 kB
Active:           336968 kB
Mem:          3.8G       3.7G       134M       5.7M        20M       3.2G

MemTotal:        4016004 kB
MemFree:          138016 kB
Active:           336932 kB
Mem:          3.8G       3.7G       134M       5.7M        20M       3.2G

MemTotal:        4016004 kB
MemFree:          137892 kB
Active:           336940 kB
Mem:          3.8G       3.7G       134M       5.7M        20M       3.2G

MemTotal:        4016004 kB
MemFree:          138140 kB
Active:           336956 kB
Mem:          3.8G       3.7G       134M       5.7M        20M       3.2G

MemTotal:        4016004 kB
MemFree:          137892 kB
Active:           336960 kB
Mem:          3.8G       3.7G       134M       5.7M        20M       3.2G

MemTotal:        4016004 kB
MemFree:          138512 kB
Active:           336964 kB
Mem:          3.8G       3.7G       135M       5.7M        20M       3.2G

MemTotal:        4016004 kB
MemFree:          138512 kB
Active:           336960 kB
Mem:          3.8G       3.7G       135M       5.7M        20M       3.2G

MemTotal:        4016004 kB
MemFree:          138016 kB
Active:           336988 kB
Mem:          3.8G       3.7G       135M       5.7M        20M       3.2G

MemTotal:        4016004 kB
MemFree:          138636 kB
Active:           336988 kB
Mem:          3.8G       3.7G       135M       5.7M        20M       3.2G

MemTotal:        4016004 kB
MemFree:          138512 kB
Active:           336988 kB
Mem:          3.8G       3.7G       135M       5.7M        20M       3.2G

MemTotal:        4016004 kB
MemFree:          138264 kB
Active:           336988 kB
Mem:          3.8G       3.7G       135M       5.7M        20M       3.2G

MemTotal:        4016004 kB
MemFree:          138512 kB
Active:           336984 kB
Mem:          3.8G       3.7G       135M       5.7M        20M       3.2G

MemTotal:        4016004 kB
MemFree:          138512 kB
Active:           336940 kB
Mem:          3.8G       3.7G       135M       5.7M        20M       3.2G

MemTotal:        4016004 kB
MemFree:          138264 kB
Active:           336996 kB
Mem:          3.8G       3.7G       135M       5.7M        20M       3.2G

MemTotal:        4016004 kB
MemFree:          138512 kB
Active:           336996 kB
Mem:          3.8G       3.7G       135M       5.7M        20M       3.2G

MemTotal:        4016004 kB
MemFree:          138636 kB
Active:           336992 kB
Mem:          3.8G       3.7G       135M       5.7M        20M       3.2G

MemTotal:        4016004 kB
MemFree:          138760 kB
Active:           336972 kB
Mem:          3.8G       3.7G       135M       5.7M        20M       3.2G

MemTotal:        4016004 kB
MemFree:          139008 kB
Active:           337000 kB
Mem:          3.8G       3.7G       135M       5.7M        20M       3.2G

MemTotal:        4016004 kB
MemFree:          139008 kB
Active:           337008 kB
Mem:          3.8G       3.7G       135M       5.7M        20M       3.2G

MemTotal:        4016004 kB
MemFree:          138884 kB
Active:           336964 kB
Mem:          3.8G       3.7G       135M       5.7M        20M       3.2G

MemTotal:        4016004 kB
MemFree:          138760 kB
Active:           336996 kB
Mem:          3.8G       3.7G       135M       5.7M        20M       3.2G

MemTotal:        4016004 kB
MemFree:          138884 kB
Active:           337000 kB
Mem:          3.8G       3.7G       135M       5.7M        20M       3.2G

MemTotal:        4016004 kB
MemFree:          139008 kB
Active:           336960 kB
Mem:          3.8G       3.7G       135M       5.7M        20M       3.2G

MemTotal:        4016004 kB
MemFree:          139008 kB
Active:           337000 kB
Mem:          3.8G       3.7G       135M       5.7M        20M       3.2G

MemTotal:        4016004 kB
MemFree:          138884 kB
Active:           337008 kB
Mem:          3.8G       3.7G       135M       5.7M        20M       3.2G

MemTotal:        4016004 kB
MemFree:          138884 kB
Active:           337016 kB
Mem:          3.8G       3.7G       135M       5.7M        20M       3.2G

MemTotal:        4016004 kB
MemFree:          138884 kB
Active:           337000 kB
Mem:          3.8G       3.7G       135M       5.7M        20M       3.2G

MemTotal:        4016004 kB
MemFree:          138760 kB
Active:           337028 kB
Mem:          3.8G       3.7G       135M       5.7M        20M       3.2G

MemTotal:        4016004 kB
MemFree:          138884 kB
Active:           337028 kB
Mem:          3.8G       3.7G       135M       5.7M        20M       3.2G

MemTotal:        4016004 kB
MemFree:          138760 kB
Active:           337016 kB
Mem:          3.8G       3.7G       135M       5.7M        20M       3.2G

MemTotal:        4016004 kB
MemFree:          138388 kB
Active:           337032 kB
Mem:          3.8G       3.7G       135M       5.7M        20M       3.2G

MemTotal:        4016004 kB
MemFree:          138760 kB
Active:           337004 kB
Mem:          3.8G       3.7G       135M       5.7M        20M       3.2G

MemTotal:        4016004 kB
MemFree:          138512 kB
Active:           337036 kB
Mem:          3.8G       3.7G       135M       5.7M        20M       3.2G

MemTotal:        4016004 kB
MemFree:          139132 kB
Active:           337008 kB
Mem:          3.8G       3.7G       135M       5.7M        20M       3.2G

MemTotal:        4016004 kB
MemFree:          139008 kB
Active:           337028 kB
Mem:          3.8G       3.7G       135M       5.7M        20M       3.2G

MemTotal:        4016004 kB
MemFree:          139132 kB
Active:           336988 kB
Mem:          3.8G       3.7G       135M       5.7M        20M       3.2G

MemTotal:        4016004 kB
MemFree:          138512 kB
Active:           337052 kB
Mem:          3.8G       3.7G       135M       5.7M        20M       3.2G

MemTotal:        4016004 kB
MemFree:          138884 kB
Active:           337024 kB
Mem:          3.8G       3.7G       135M       5.7M        20M       3.2G

MemTotal:        4016004 kB
MemFree:          138760 kB
Active:           337052 kB
Mem:          3.8G       3.7G       135M       5.7M        20M       3.2G

MemTotal:        4016004 kB
MemFree:          138760 kB
Active:           337020 kB
Mem:          3.8G       3.7G       135M       5.7M        20M       3.2G

MemTotal:        4016004 kB
MemFree:          138760 kB
Active:           337052 kB
Mem:          3.8G       3.7G       135M       5.7M        20M       3.2G

MemTotal:        4016004 kB
MemFree:          138636 kB
Active:           337024 kB
Mem:          3.8G       3.7G       135M       5.7M        20M       3.2G

MemTotal:        4016004 kB
MemFree:          138512 kB
Active:           337052 kB
Mem:          3.8G       3.7G       135M       5.7M        20M       3.2G

MemTotal:        4016004 kB
MemFree:          138884 kB
Active:           337048 kB
Mem:          3.8G       3.7G       135M       5.7M        20M       3.2G

MemTotal:        4016004 kB
MemFree:          138264 kB
Active:           337052 kB
Mem:          3.8G       3.7G       135M       5.7M        20M       3.2G

MemTotal:        4016004 kB
MemFree:          138512 kB
Active:           337028 kB
Mem:          3.8G       3.7G       135M       5.7M        20M       3.2G

MemTotal:        4016004 kB
MemFree:          138512 kB
Active:           337028 kB
Mem:          3.8G       3.7G       135M       5.7M        20M       3.2G

MemTotal:        4016004 kB
MemFree:          138512 kB
Active:           337052 kB
Mem:          3.8G       3.7G       135M       5.7M        20M       3.2G

MemTotal:        4016004 kB
MemFree:          138512 kB
Active:           337032 kB
Mem:          3.8G       3.7G       135M       5.7M        20M       3.2G

MemTotal:        4016004 kB
MemFree:          138388 kB
Active:           337004 kB
Mem:          3.8G       3.7G       135M       5.7M        20M       3.2G

MemTotal:        4016004 kB
MemFree:          138884 kB
Active:           337044 kB
Mem:          3.8G       3.7G       135M       5.7M        20M       3.2G

MemTotal:        4016004 kB
MemFree:          138884 kB
Active:           337060 kB
Mem:          3.8G       3.7G       135M       5.7M        20M       3.2G

MemTotal:        4016004 kB
MemFree:          138760 kB
Active:           337036 kB
Mem:          3.8G       3.7G       135M       5.7M        20M       3.2G

MemTotal:        4016004 kB
MemFree:          138760 kB
Active:           337028 kB
Mem:          3.8G       3.7G       135M       5.7M        20M       3.2G

MemTotal:        4016004 kB
MemFree:          138884 kB
Active:           337052 kB
Mem:          3.8G       3.7G       135M       5.7M        20M       3.2G

MemTotal:        4016004 kB
MemFree:          138884 kB
Active:           337028 kB
Mem:          3.8G       3.7G       135M       5.7M        20M       3.2G

MemTotal:        4016004 kB
MemFree:          138884 kB
Active:           337016 kB
Mem:          3.8G       3.7G       135M       5.7M        20M       3.2G

MemTotal:        4016004 kB
MemFree:          138884 kB
Active:           337052 kB
Mem:          3.8G       3.7G       135M       5.7M        20M       3.2G

MemTotal:        4016004 kB
MemFree:          138884 kB
Active:           337044 kB
Mem:          3.8G       3.7G       135M       5.7M        20M       3.2G

MemTotal:        4016004 kB
MemFree:          138760 kB
Active:           337028 kB
Mem:          3.8G       3.7G       135M       5.7M        20M       3.2G

MemTotal:        4016004 kB
MemFree:          138884 kB
Active:           337072 kB
Mem:          3.8G       3.7G       135M       5.7M        20M       3.2G

MemTotal:        4016004 kB
MemFree:          138760 kB
Active:           337040 kB
Mem:          3.8G       3.7G       135M       5.7M        20M       3.2G

MemTotal:        4016004 kB
MemFree:          138760 kB
Active:           337080 kB
Mem:          3.8G       3.7G       135M       5.7M        20M       3.2G

MemTotal:        4016004 kB
MemFree:          138760 kB
Active:           337080 kB
Mem:          3.8G       3.7G       135M       5.7M        20M       3.2G

MemTotal:        4016004 kB
MemFree:          138760 kB
Active:           337076 kB
Mem:          3.8G       3.7G       135M       5.7M        20M       3.2G

MemTotal:        4016004 kB
MemFree:          138264 kB
Active:           337080 kB
Mem:          3.8G       3.7G       135M       5.7M        20M       3.2G

MemTotal:        4016004 kB
MemFree:          138760 kB
Active:           337076 kB
Mem:          3.8G       3.7G       135M       5.7M        20M       3.2G

MemTotal:        4016004 kB
MemFree:          138760 kB
Active:           337088 kB
Mem:          3.8G       3.7G       135M       5.7M        20M       3.2G

MemTotal:        4016004 kB
MemFree:          138264 kB
Active:           337088 kB
Mem:          3.8G       3.7G       135M       5.7M        20M       3.2G

MemTotal:        4016004 kB
MemFree:          138512 kB
Active:           337088 kB
Mem:          3.8G       3.7G       135M       5.7M        20M       3.2G

MemTotal:        4016004 kB
MemFree:          138512 kB
Active:           337064 kB
Mem:          3.8G       3.7G       135M       5.7M        20M       3.2G

MemTotal:        4016004 kB
MemFree:          138388 kB
Active:           337080 kB
Mem:          3.8G       3.7G       135M       5.7M        20M       3.2G

MemTotal:        4016004 kB
MemFree:          138512 kB
Active:           337048 kB
Mem:          3.8G       3.7G       135M       5.7M        20M       3.2G

MemTotal:        4016004 kB
MemFree:          138512 kB
Active:           337036 kB
Mem:          3.8G       3.7G       135M       5.7M        20M       3.2G

MemTotal:        4016004 kB
MemFree:          138140 kB
Active:           337092 kB
Mem:          3.8G       3.7G       135M       5.7M        20M       3.2G

MemTotal:        4016004 kB
MemFree:          138264 kB
Active:           337092 kB
Mem:          3.8G       3.7G       135M       5.7M        20M       3.2G

MemTotal:        4016004 kB
MemFree:          138388 kB
Active:           337100 kB
Mem:          3.8G       3.7G       135M       5.7M        20M       3.2G

MemTotal:        4016004 kB
MemFree:          138388 kB
Active:           337104 kB
Mem:          3.8G       3.7G       135M       5.7M        20M       3.2G

MemTotal:        4016004 kB
MemFree:          138760 kB
Active:           337092 kB
Mem:          3.8G       3.7G       135M       5.7M        20M       3.2G

MemTotal:        4016004 kB
MemFree:          138636 kB
Active:           337100 kB
Mem:          3.8G       3.7G       135M       5.7M        20M       3.2G

MemTotal:        4016004 kB
MemFree:          138636 kB
Active:           337108 kB
Mem:          3.8G       3.7G       135M       5.7M        20M       3.2G

MemTotal:        4016004 kB
MemFree:          138264 kB
Active:           337116 kB
Mem:          3.8G       3.7G       135M       5.7M        20M       3.2G

MemTotal:        4016004 kB
MemFree:          138636 kB
Active:           337088 kB
Mem:          3.8G       3.7G       135M       5.7M        20M       3.2G

MemTotal:        4016004 kB
MemFree:          138652 kB
Active:           337080 kB
Mem:          3.8G       3.7G       135M       5.7M        20M       3.2G

MemTotal:        4016004 kB
MemFree:          138652 kB
Active:           337120 kB
Mem:          3.8G       3.7G       135M       5.7M        20M       3.2G

MemTotal:        4016004 kB
MemFree:          138280 kB
Active:           337124 kB
Mem:          3.8G       3.7G       135M       5.7M        20M       3.2G

MemTotal:        4016004 kB
MemFree:          138280 kB
Active:           337124 kB
Mem:          3.8G       3.7G       134M       5.7M        20M       3.2G

MemTotal:        4016004 kB
MemFree:          138280 kB
Active:           337112 kB
Mem:          3.8G       3.7G       135M       5.7M        20M       3.2G

MemTotal:        4016004 kB
MemFree:          138280 kB
Active:           337092 kB
Mem:          3.8G       3.7G       135M       5.7M        20M       3.2G

MemTotal:        4016004 kB
MemFree:          138280 kB
Active:           337132 kB
Mem:          3.8G       3.7G       135M       5.7M        20M       3.2G

MemTotal:        4016004 kB
MemFree:          138404 kB
Active:           337132 kB
Mem:          3.8G       3.7G       134M       5.7M        20M       3.2G

MemTotal:        4016004 kB
MemFree:          138280 kB
Active:           337108 kB
Mem:          3.8G       3.7G       134M       5.7M        20M       3.2G

MemTotal:        4016004 kB
MemFree:          138652 kB
Active:           337136 kB
Mem:          3.8G       3.7G       135M       5.7M        20M       3.2G

MemTotal:        4016004 kB
MemFree:          138652 kB
Active:           337140 kB
Mem:          3.8G       3.7G       135M       5.7M        20M       3.2G

MemTotal:        4016004 kB
MemFree:          138776 kB
Active:           337140 kB
Mem:          3.8G       3.7G       135M       5.7M        20M       3.2G

MemTotal:        4016004 kB
MemFree:          138776 kB
Active:           337112 kB
Mem:          3.8G       3.7G       135M       5.7M        20M       3.2G

MemTotal:        4016004 kB
MemFree:          138652 kB
Active:           337104 kB
Mem:          3.8G       3.7G       135M       5.7M        20M       3.2G

MemTotal:        4016004 kB
MemFree:          138776 kB
Active:           337140 kB
Mem:          3.8G       3.7G       135M       5.7M        20M       3.2G

MemTotal:        4016004 kB
MemFree:          138652 kB
Active:           337140 kB
Mem:          3.8G       3.7G       135M       5.7M        20M       3.2G

MemTotal:        4016004 kB
MemFree:          138652 kB
Active:           337116 kB
Mem:          3.8G       3.7G       135M       5.7M        20M       3.2G

MemTotal:        4016004 kB
MemFree:          138404 kB
Active:           337152 kB
Mem:          3.8G       3.7G       134M       5.7M        20M       3.2G

MemTotal:        4016004 kB
MemFree:          138280 kB
Active:           337160 kB
Mem:          3.8G       3.7G       135M       5.7M        20M       3.2G

MemTotal:        4016004 kB
MemFree:          138280 kB
Active:           337132 kB
Mem:          3.8G       3.7G       134M       5.7M        20M       3.2G

MemTotal:        4016004 kB
MemFree:          138528 kB
Active:           337164 kB
Mem:          3.8G       3.7G       135M       5.7M        20M       3.2G

MemTotal:        4016004 kB
MemFree:          138528 kB
Active:           337212 kB
Mem:          3.8G       3.7G       135M       5.7M        20M       3.2G

MemTotal:        4016004 kB
MemFree:          138404 kB
Active:           337168 kB
Mem:          3.8G       3.7G       135M       5.7M        20M       3.2G

MemTotal:        4016004 kB
MemFree:          138404 kB
Active:           337192 kB
Mem:          3.8G       3.7G       135M       5.7M        20M       3.2G

MemTotal:        4016004 kB
MemFree:          138016 kB
Active:           337232 kB
Mem:          3.8G       3.7G       134M       5.7M        20M       3.2G

MemTotal:        4016004 kB
MemFree:          137272 kB
Active:           337232 kB
Mem:          3.8G       3.7G       134M       5.7M        20M       3.2G

MemTotal:        4016004 kB
MemFree:          137520 kB
Active:           337232 kB
Mem:          3.8G       3.7G       134M       5.7M        20M       3.2G

MemTotal:        4016004 kB
MemFree:          137520 kB
Active:           337224 kB
Mem:          3.8G       3.7G       134M       5.7M        20M       3.2G

MemTotal:        4016004 kB
MemFree:          137768 kB
Active:           337180 kB
Mem:          3.8G       3.7G       134M       5.7M        20M       3.2G

MemTotal:        4016004 kB
MemFree:          137768 kB
Active:           337224 kB
Mem:          3.8G       3.7G       134M       5.7M        20M       3.2G

MemTotal:        4016004 kB
MemFree:          137768 kB
Active:           337220 kB
Mem:          3.8G       3.7G       134M       5.7M        20M       3.2G

MemTotal:        4016004 kB
MemFree:          137396 kB
Active:           337232 kB
Mem:          3.8G       3.7G       134M       5.7M        20M       3.2G

MemTotal:        4016004 kB
MemFree:          137892 kB
Active:           337208 kB
Mem:          3.8G       3.7G       134M       5.7M        20M       3.2G

MemTotal:        4016004 kB
MemFree:          138140 kB
Active:           337208 kB
Mem:          3.8G       3.7G       134M       5.7M        20M       3.2G

MemTotal:        4016004 kB
MemFree:          138140 kB
Active:           337208 kB
Mem:          3.8G       3.7G       134M       5.7M        20M       3.2G

MemTotal:        4016004 kB
MemFree:          138264 kB
Active:           337200 kB
Mem:          3.8G       3.7G       134M       5.7M        20M       3.2G

MemTotal:        4016004 kB
MemFree:          138016 kB
Active:           337236 kB
Mem:          3.8G       3.7G       134M       5.7M        20M       3.2G

MemTotal:        4016004 kB
MemFree:          138016 kB
Active:           337224 kB
Mem:          3.8G       3.7G       134M       5.7M        20M       3.2G

MemTotal:        4016004 kB
MemFree:          138140 kB
Active:           337236 kB
Mem:          3.8G       3.7G       134M       5.7M        20M       3.2G

MemTotal:        4016004 kB
MemFree:          138016 kB
Active:           337236 kB
Mem:          3.8G       3.7G       134M       5.7M        20M       3.2G

MemTotal:        4016004 kB
MemFree:          138032 kB
Active:           337236 kB
Mem:          3.8G       3.7G       134M       5.7M        20M       3.2G

MemTotal:        4016004 kB
MemFree:          138156 kB
Active:           337232 kB
Mem:          3.8G       3.7G       134M       5.7M        20M       3.2G

MemTotal:        4016004 kB
MemFree:          138156 kB
Active:           337204 kB
Mem:          3.8G       3.7G       134M       5.7M        20M       3.2G

MemTotal:        4016004 kB
MemFree:          138156 kB
Active:           337236 kB
Mem:          3.8G       3.7G       135M       5.7M        20M       3.2G

MemTotal:        4016004 kB
MemFree:          138032 kB
Active:           337232 kB
Mem:          3.8G       3.7G       134M       5.7M        20M       3.2G

MemTotal:        4016004 kB
MemFree:          138156 kB
Active:           337184 kB
Mem:          3.8G       3.7G       134M       5.7M        20M       3.2G

MemTotal:        4016004 kB
MemFree:          138032 kB
Active:           337240 kB
Mem:          3.8G       3.7G       134M       5.7M        20M       3.2G

MemTotal:        4016004 kB
MemFree:          138156 kB
Active:           337184 kB
Mem:          3.8G       3.7G       134M       5.7M        20M       3.2G

MemTotal:        4016004 kB
MemFree:          138032 kB
Active:           337200 kB
Mem:          3.8G       3.7G       134M       5.7M        20M       3.2G

MemTotal:        4016004 kB
MemFree:          138032 kB
Active:           337244 kB
Mem:          3.8G       3.7G       134M       5.7M        20M       3.2G

MemTotal:        4016004 kB
MemFree:          138032 kB
Active:           337240 kB
Mem:          3.8G       3.7G       134M       5.7M        20M       3.2G

MemTotal:        4016004 kB
MemFree:          138032 kB
Active:           337244 kB
Mem:          3.8G       3.7G       134M       5.7M        20M       3.2G

MemTotal:        4016004 kB
MemFree:          138156 kB
Active:           337252 kB
Mem:          3.8G       3.7G       134M       5.7M        20M       3.2G

MemTotal:        4016004 kB
MemFree:          138156 kB
Active:           337216 kB
Mem:          3.8G       3.7G       134M       5.7M        20M       3.2G

MemTotal:        4016004 kB
MemFree:          138032 kB
Active:           337208 kB
Mem:          3.8G       3.7G       134M       5.7M        20M       3.2G

MemTotal:        4016004 kB
MemFree:          137784 kB
Active:           337268 kB
Mem:          3.8G       3.7G       134M       5.7M        20M       3.2G

MemTotal:        4016004 kB
MemFree:          138032 kB
Active:           337260 kB
Mem:          3.8G       3.7G       134M       5.7M        20M       3.2G

MemTotal:        4016004 kB
MemFree:          137908 kB
Active:           337256 kB
Mem:          3.8G       3.7G       134M       5.7M        20M       3.2G

MemTotal:        4016004 kB
MemFree:          138032 kB
Active:           337228 kB
Mem:          3.8G       3.7G       134M       5.7M        20M       3.2G

MemTotal:        4016004 kB
MemFree:          137784 kB
Active:           337272 kB
Mem:          3.8G       3.7G       134M       5.7M        20M       3.2G

MemTotal:        4016004 kB
MemFree:          138032 kB
Active:           337272 kB
Mem:          3.8G       3.7G       134M       5.7M        20M       3.2G

MemTotal:        4016004 kB
MemFree:          138016 kB
Active:           337264 kB
Mem:          3.8G       3.7G       134M       5.7M        20M       3.2G

MemTotal:        4016004 kB
MemFree:          137892 kB
Active:           337260 kB
Mem:          3.8G       3.7G       134M       5.7M        20M       3.2G

MemTotal:        4016004 kB
MemFree:          138016 kB
Active:           337276 kB
Mem:          3.8G       3.7G       134M       5.7M        20M       3.2G

MemTotal:        4016004 kB
MemFree:          138016 kB
Active:           337276 kB
Mem:          3.8G       3.7G       134M       5.7M        20M       3.2G

MemTotal:        4016004 kB
MemFree:          138016 kB
Active:           337276 kB
Mem:          3.8G       3.7G       134M       5.7M        20M       3.2G

MemTotal:        4016004 kB
MemFree:          138016 kB
Active:           337248 kB
Mem:          3.8G       3.7G       134M       5.7M        20M       3.2G

MemTotal:        4016004 kB
MemFree:          137892 kB
Active:           337284 kB
Mem:          3.8G       3.7G       134M       5.7M        20M       3.2G

MemTotal:        4016004 kB
MemFree:          137768 kB
Active:           337268 kB
Mem:          3.8G       3.7G       134M       5.7M        20M       3.2G

MemTotal:        4016004 kB
MemFree:          138140 kB
Active:           337264 kB
Mem:          3.8G       3.7G       134M       5.7M        20M       3.2G

MemTotal:        4016004 kB
MemFree:          138016 kB
Active:           337288 kB
Mem:          3.8G       3.7G       134M       5.7M        20M       3.2G

MemTotal:        4016004 kB
MemFree:          137768 kB
Active:           337264 kB
Mem:          3.8G       3.7G       134M       5.7M        20M       3.2G

MemTotal:        4016004 kB
MemFree:          137892 kB
Active:           337240 kB
Mem:          3.8G       3.7G       134M       5.7M        20M       3.2G

MemTotal:        4016004 kB
MemFree:          138016 kB
Active:           337288 kB
Mem:          3.8G       3.7G       134M       5.7M        20M       3.2G

MemTotal:        4016004 kB
MemFree:          138016 kB
Active:           337252 kB
Mem:          3.8G       3.7G       134M       5.7M        20M       3.2G

MemTotal:        4016004 kB
MemFree:          138016 kB
Active:           337300 kB
Mem:          3.8G       3.7G       134M       5.7M        20M       3.2G

MemTotal:        4016004 kB
MemFree:          138016 kB
Active:           337256 kB
Mem:          3.8G       3.7G       134M       5.7M        20M       3.2G

MemTotal:        4016004 kB
MemFree:          137768 kB
Active:           337276 kB
Mem:          3.8G       3.7G       134M       5.7M        20M       3.2G

MemTotal:        4016004 kB
MemFree:          137768 kB
Active:           337304 kB
Mem:          3.8G       3.7G       134M       5.7M        20M       3.2G

MemTotal:        4016004 kB
MemFree:          137768 kB
Active:           337268 kB
Mem:          3.8G       3.7G       134M       5.7M        20M       3.2G

MemTotal:        4016004 kB
MemFree:          137520 kB
Active:           337304 kB
Mem:          3.8G       3.7G       134M       5.7M        20M       3.2G

MemTotal:        4016004 kB
MemFree:          137644 kB
Active:           337260 kB
Mem:          3.8G       3.7G       134M       5.7M        20M       3.2G

MemTotal:        4016004 kB
MemFree:          137644 kB
Active:           337284 kB
Mem:          3.8G       3.7G       134M       5.7M        20M       3.2G

MemTotal:        4016004 kB
MemFree:          137892 kB
Active:           337284 kB
Mem:          3.8G       3.7G       134M       5.7M        20M       3.2G

MemTotal:        4016004 kB
MemFree:          137892 kB
Active:           337288 kB
Mem:          3.8G       3.7G       134M       5.7M        20M       3.2G

MemTotal:        4016004 kB
MemFree:          137520 kB
Active:           337312 kB
Mem:          3.8G       3.7G       134M       5.7M        20M       3.2G

MemTotal:        4016004 kB
MemFree:          137520 kB
Active:           337264 kB
Mem:          3.8G       3.7G       134M       5.7M        20M       3.2G

MemTotal:        4016004 kB
MemFree:          137520 kB
Active:           337316 kB
Mem:          3.8G       3.7G       134M       5.7M        20M       3.2G

MemTotal:        4016004 kB
MemFree:          137024 kB
Active:           337316 kB
Mem:          3.8G       3.7G       134M       5.7M        20M       3.2G

MemTotal:        4016004 kB
MemFree:          137520 kB
Active:           337280 kB
Mem:          3.8G       3.7G       134M       5.7M        20M       3.2G

MemTotal:        4016004 kB
MemFree:          137520 kB
Active:           337316 kB
Mem:          3.8G       3.7G       134M       5.7M        20M       3.2G

MemTotal:        4016004 kB
MemFree:          137520 kB
Active:           337268 kB
Mem:          3.8G       3.7G       134M       5.7M        20M       3.2G

MemTotal:        4016004 kB
MemFree:          137644 kB
Active:           337320 kB
Mem:          3.8G       3.7G       134M       5.7M        20M       3.2G

MemTotal:        4016004 kB
MemFree:          137768 kB
Active:           337308 kB
Mem:          3.8G       3.7G       134M       5.7M        20M       3.2G

MemTotal:        4016004 kB
MemFree:          137768 kB
Active:           337292 kB
Mem:          3.8G       3.7G       134M       5.7M        21M       3.2G

MemTotal:        4016004 kB
MemFree:          137768 kB
Active:           337328 kB
Mem:          3.8G       3.7G       134M       5.7M        21M       3.2G

MemTotal:        4016004 kB
MemFree:          137892 kB
Active:           337320 kB
Mem:          3.8G       3.7G       134M       5.7M        21M       3.2G

MemTotal:        4016004 kB
MemFree:          137768 kB
Active:           337332 kB
Mem:          3.8G       3.7G       134M       5.7M        21M       3.2G

MemTotal:        4016004 kB
MemFree:          137768 kB
Active:           337292 kB
Mem:          3.8G       3.7G       134M       5.7M        21M       3.2G

MemTotal:        4016004 kB
MemFree:          137892 kB
Active:           337336 kB
Mem:          3.8G       3.7G       134M       5.7M        21M       3.2G

MemTotal:        4016004 kB
MemFree:          137520 kB
Active:           337340 kB
Mem:          3.8G       3.7G       134M       5.7M        21M       3.2G

MemTotal:        4016004 kB
MemFree:          137520 kB
Active:           337332 kB
Mem:          3.8G       3.7G       133M       5.7M        21M       3.2G

MemTotal:        4016004 kB
MemFree:          137644 kB
Active:           337292 kB
Mem:          3.8G       3.7G       134M       5.7M        21M       3.2G

MemTotal:        4016004 kB
MemFree:          137892 kB
Active:           337296 kB
Mem:          3.8G       3.7G       134M       5.7M        21M       3.2G

MemTotal:        4016004 kB
MemFree:          137768 kB
Active:           337336 kB
Mem:          3.8G       3.7G       134M       5.7M        21M       3.2G

MemTotal:        4016004 kB
MemFree:          137892 kB
Active:           337348 kB
Mem:          3.8G       3.7G       134M       5.7M        21M       3.2G

MemTotal:        4016004 kB
MemFree:          137768 kB
Active:           337332 kB
Mem:          3.8G       3.7G       134M       5.7M        21M       3.2G

MemTotal:        4016004 kB
MemFree:          137644 kB
Active:           337352 kB
Mem:          3.8G       3.7G       134M       5.7M        21M       3.2G

MemTotal:        4016004 kB
MemFree:          137768 kB
Active:           337344 kB
Mem:          3.8G       3.7G       134M       5.7M        21M       3.2G

MemTotal:        4016004 kB
MemFree:          137768 kB
Active:           337360 kB
Mem:          3.8G       3.7G       134M       5.7M        21M       3.2G

MemTotal:        4016004 kB
MemFree:          137768 kB
Active:           337324 kB
Mem:          3.8G       3.7G       134M       5.7M        21M       3.2G

MemTotal:        4016004 kB
MemFree:          137644 kB
Active:           337360 kB
Mem:          3.8G       3.7G       134M       5.7M        21M       3.2G

MemTotal:        4016004 kB
MemFree:          137892 kB
Active:           337340 kB
Mem:          3.8G       3.7G       134M       5.7M        21M       3.2G

MemTotal:        4016004 kB
MemFree:          137892 kB
Active:           337336 kB
Mem:          3.8G       3.7G       134M       5.7M        21M       3.2G

MemTotal:        4016004 kB
MemFree:          137272 kB
Active:           337364 kB
Mem:          3.8G       3.7G       134M       5.7M        21M       3.2G

MemTotal:        4016004 kB
MemFree:          137272 kB
Active:           337364 kB
Mem:          3.8G       3.7G       134M       5.7M        21M       3.2G

MemTotal:        4016004 kB
MemFree:          137768 kB
Active:           337364 kB
Mem:          3.8G       3.7G       134M       5.7M        21M       3.2G

MemTotal:        4016004 kB
MemFree:          137768 kB
Active:           337368 kB
Mem:          3.8G       3.7G       134M       5.7M        21M       3.2G

MemTotal:        4016004 kB
MemFree:          137892 kB
Active:           337364 kB
Mem:          3.8G       3.7G       134M       5.7M        21M       3.2G

MemTotal:        4016004 kB
MemFree:          138016 kB
Active:           337348 kB
Mem:          3.8G       3.7G       134M       5.7M        21M       3.2G

MemTotal:        4016004 kB
MemFree:          138016 kB
Active:           337368 kB
Mem:          3.8G       3.7G       134M       5.7M        21M       3.2G

MemTotal:        4016004 kB
MemFree:          137892 kB
Active:           337320 kB
Mem:          3.8G       3.7G       134M       5.7M        21M       3.2G

MemTotal:        4016004 kB
MemFree:          137892 kB
Active:           337340 kB
Mem:          3.8G       3.7G       134M       5.7M        21M       3.2G

MemTotal:        4016004 kB
MemFree:          137892 kB
Active:           337368 kB
Mem:          3.8G       3.7G       134M       5.7M        21M       3.2G

MemTotal:        4016004 kB
MemFree:          137644 kB
Active:           337384 kB
Mem:          3.8G       3.7G       134M       5.7M        21M       3.2G

MemTotal:        4016004 kB
MemFree:          137520 kB
Active:           337388 kB
Mem:          3.8G       3.7G       134M       5.7M        21M       3.2G

MemTotal:        4016004 kB
MemFree:          137644 kB
Active:           337388 kB
Mem:          3.8G       3.7G       134M       5.7M        21M       3.2G

MemTotal:        4016004 kB
MemFree:          137644 kB
Active:           337352 kB
Mem:          3.8G       3.7G       134M       5.7M        21M       3.2G

MemTotal:        4016004 kB
MemFree:          137892 kB
Active:           337388 kB
Mem:          3.8G       3.7G       134M       5.7M        21M       3.2G

MemTotal:        4016004 kB
MemFree:          137768 kB
Active:           337388 kB
Mem:          3.8G       3.7G       134M       5.7M        21M       3.2G

MemTotal:        4016004 kB
MemFree:          137892 kB
Active:           337360 kB
Mem:          3.8G       3.7G       134M       5.7M        21M       3.2G

MemTotal:        4016004 kB
MemFree:          138016 kB
Active:           337400 kB
Mem:          3.8G       3.7G       134M       5.7M        21M       3.2G

MemTotal:        4016004 kB
MemFree:          138016 kB
Active:           337372 kB
Mem:          3.8G       3.7G       134M       5.7M        21M       3.2G

MemTotal:        4016004 kB
MemFree:          138016 kB
Active:           337380 kB
Mem:          3.8G       3.7G       134M       5.7M        21M       3.2G

MemTotal:        4016004 kB
MemFree:          137396 kB
Active:           337400 kB
Mem:          3.8G       3.7G       134M       5.7M        21M       3.2G

MemTotal:        4016004 kB
MemFree:          137768 kB
Active:           337392 kB
Mem:          3.8G       3.7G       134M       5.7M        21M       3.2G

MemTotal:        4016004 kB
MemFree:          137520 kB
Active:           337408 kB
Mem:          3.8G       3.7G       134M       5.7M        21M       3.2G

MemTotal:        4016004 kB
MemFree:          137768 kB
Active:           337380 kB
Mem:          3.8G       3.7G       134M       5.7M        21M       3.2G

MemTotal:        4016004 kB
MemFree:          137272 kB
Active:           337408 kB
Mem:          3.8G       3.7G       134M       5.7M        21M       3.2G

MemTotal:        4016004 kB
MemFree:          137644 kB
Active:           337392 kB
Mem:          3.8G       3.7G       134M       5.7M        21M       3.2G

MemTotal:        4016004 kB
MemFree:          137520 kB
Active:           337408 kB
Mem:          3.8G       3.7G       134M       5.7M        21M       3.2G

MemTotal:        4016004 kB
MemFree:          137644 kB
Active:           337356 kB
Mem:          3.8G       3.7G       134M       5.7M        21M       3.2G

MemTotal:        4016004 kB
MemFree:          138300 kB
Active:           336996 kB
Mem:          3.8G       3.7G       134M       5.7M        21M       3.2G

MemTotal:        4016004 kB
MemFree:          137928 kB
Active:           337004 kB
Mem:          3.8G       3.7G       134M       5.7M        21M       3.2G

MemTotal:        4016004 kB
MemFree:          137696 kB
Active:           337008 kB
Mem:          3.8G       3.7G       134M       5.7M        21M       3.2G

MemTotal:        4016004 kB
MemFree:          137944 kB
Active:           337000 kB
Mem:          3.8G       3.7G       134M       5.7M        21M       3.2G

MemTotal:        4016004 kB
MemFree:          137944 kB
Active:           337004 kB
Mem:          3.8G       3.7G       134M       5.7M        21M       3.2G

MemTotal:        4016004 kB
MemFree:          137324 kB
Active:           337008 kB
Mem:          3.8G       3.7G       134M       5.7M        21M       3.2G

MemTotal:        4016004 kB
MemFree:          137820 kB
Active:           337012 kB
Mem:          3.8G       3.7G       134M       5.7M        21M       3.2G

MemTotal:        4016004 kB
MemFree:          137820 kB
Active:           336972 kB
Mem:          3.8G       3.7G       134M       5.7M        21M       3.2G

MemTotal:        4016004 kB
MemFree:          137696 kB
Active:           337020 kB
Mem:          3.8G       3.7G       134M       5.7M        21M       3.2G

MemTotal:        4016004 kB
MemFree:          138068 kB
Active:           337008 kB
Mem:          3.8G       3.7G       134M       5.7M        21M       3.2G

MemTotal:        4016004 kB
MemFree:          138068 kB
Active:           337020 kB
Mem:          3.8G       3.7G       135M       5.7M        21M       3.2G

MemTotal:        4016004 kB
MemFree:          138192 kB
Active:           336984 kB
Mem:          3.8G       3.7G       135M       5.7M        21M       3.2G

MemTotal:        4016004 kB
MemFree:          137944 kB
Active:           337024 kB
Mem:          3.8G       3.7G       134M       5.7M        21M       3.2G

MemTotal:        4016004 kB
MemFree:          138192 kB
Active:           337016 kB
Mem:          3.8G       3.7G       134M       5.7M        21M       3.2G

MemTotal:        4016004 kB
MemFree:          138192 kB
Active:           337004 kB
Mem:          3.8G       3.7G       134M       5.7M        21M       3.2G

MemTotal:        4016004 kB
MemFree:          137820 kB
Active:           337040 kB
Mem:          3.8G       3.7G       134M       5.7M        21M       3.2G

MemTotal:        4016004 kB
MemFree:          138192 kB
Active:           337020 kB
Mem:          3.8G       3.7G       134M       5.7M        21M       3.2G

MemTotal:        4016004 kB
MemFree:          138240 kB
Active:           337008 kB
Mem:          3.8G       3.7G       134M       5.7M        21M       3.2G

MemTotal:        4016004 kB
MemFree:          138240 kB
Active:           337004 kB
Mem:          3.8G       3.7G       134M       5.7M        21M       3.2G

MemTotal:        4016004 kB
MemFree:          138364 kB
Active:           337000 kB
Mem:          3.8G       3.7G       134M       5.7M        21M       3.2G

MemTotal:        4016004 kB
MemFree:          138116 kB
Active:           337008 kB
Mem:          3.8G       3.7G       135M       5.7M        21M       3.2G

MemTotal:        4016004 kB
MemFree:          138364 kB
Active:           337016 kB
Mem:          3.8G       3.7G       135M       5.7M        21M       3.2G

MemTotal:        4016004 kB
MemFree:          138240 kB
Active:           337036 kB
Mem:          3.8G       3.7G       135M       5.7M        21M       3.2G

MemTotal:        4016004 kB
MemFree:          137868 kB
Active:           337052 kB
Mem:          3.8G       3.7G       134M       5.7M        21M       3.2G

MemTotal:        4016004 kB
MemFree:          138240 kB
Active:           337036 kB
Mem:          3.8G       3.7G       135M       5.7M        21M       3.2G

MemTotal:        4016004 kB
MemFree:          137620 kB
Active:           337052 kB
Mem:          3.8G       3.7G       134M       5.7M        21M       3.2G

MemTotal:        4016004 kB
MemFree:          137868 kB
Active:           337008 kB
Mem:          3.8G       3.7G       134M       5.7M        21M       3.2G

MemTotal:        4016004 kB
MemFree:          137992 kB
Active:           337020 kB
Mem:          3.8G       3.7G       135M       5.7M        21M       3.2G

MemTotal:        4016004 kB
MemFree:          138116 kB
Active:           337036 kB
Mem:          3.8G       3.7G       135M       5.7M        21M       3.2G

MemTotal:        4016004 kB
MemFree:          137992 kB
Active:           337064 kB
Mem:          3.8G       3.7G       134M       5.7M        21M       3.2G

MemTotal:        4016004 kB
MemFree:          138240 kB
Active:           337068 kB
Mem:          3.8G       3.7G       135M       5.7M        21M       3.2G

MemTotal:        4016004 kB
MemFree:          138116 kB
Active:           337020 kB
Mem:          3.8G       3.7G       134M       5.7M        21M       3.2G

MemTotal:        4016004 kB
MemFree:          137744 kB
Active:           337068 kB
Mem:          3.8G       3.7G       134M       5.7M        21M       3.2G

MemTotal:        4016004 kB
MemFree:          137868 kB
Active:           337076 kB
Mem:          3.8G       3.7G       134M       5.7M        21M       3.2G

MemTotal:        4016004 kB
MemFree:          137744 kB
Active:           337076 kB
Mem:          3.8G       3.7G       134M       5.7M        21M       3.2G

MemTotal:        4016004 kB
MemFree:          137496 kB
Active:           337032 kB
