MemTotal:        4016004 kB
MemFree:         3218964 kB
Active:           443988 kB
Mem:          3.8G       778M       3.1G       5.7M        55M       326M

MemTotal:        4016004 kB
MemFree:         3219068 kB
Active:           444088 kB
Mem:          3.8G       778M       3.1G       5.7M        55M       326M

MemTotal:        4016004 kB
MemFree:         3219316 kB
Active:           444172 kB
Mem:          3.8G       778M       3.1G       5.7M        55M       326M

MemTotal:        4016004 kB
MemFree:         3219228 kB
Active:           442144 kB
Mem:          3.8G       777M       3.1G       5.7M        55M       326M

MemTotal:        4016004 kB
MemFree:         3219228 kB
Active:           444192 kB
Mem:          3.8G       778M       3.1G       5.7M        55M       326M

MemTotal:        4016004 kB
MemFree:         3218980 kB
Active:           444208 kB
Mem:          3.8G       778M       3.1G       5.7M        55M       326M

MemTotal:        4016004 kB
MemFree:         3218856 kB
Active:           444204 kB
Mem:          3.8G       778M       3.1G       5.7M        55M       326M

MemTotal:        4016004 kB
MemFree:         3218608 kB
Active:           444236 kB
Mem:          3.8G       778M       3.1G       5.7M        55M       326M

MemTotal:        4016004 kB
MemFree:         3218980 kB
Active:           444188 kB
Mem:          3.8G       778M       3.1G       5.7M        55M       326M

MemTotal:        4016004 kB
MemFree:         3218840 kB
Active:           444184 kB
Mem:          3.8G       778M       3.1G       5.7M        55M       326M

MemTotal:        4016004 kB
MemFree:         3219088 kB
Active:           444184 kB
Mem:          3.8G       778M       3.1G       5.7M        55M       326M

MemTotal:        4016004 kB
MemFree:         3219212 kB
Active:           444224 kB
Mem:          3.8G       778M       3.1G       5.7M        55M       326M

MemTotal:        4016004 kB
MemFree:         3219336 kB
Active:           444204 kB
Mem:          3.8G       777M       3.1G       5.7M        55M       326M

MemTotal:        4016004 kB
MemFree:         3219708 kB
Active:           444192 kB
Mem:          3.8G       777M       3.1G       5.7M        55M       326M

MemTotal:        4016004 kB
MemFree:         3219568 kB
Active:           444236 kB
Mem:          3.8G       778M       3.1G       5.7M        55M       326M

MemTotal:        4016004 kB
MemFree:         3219336 kB
Active:           444228 kB
Mem:          3.8G       778M       3.1G       5.7M        55M       326M

MemTotal:        4016004 kB
MemFree:         3219088 kB
Active:           444208 kB
Mem:          3.8G       778M       3.1G       5.7M        55M       326M

MemTotal:        4016004 kB
MemFree:         3218840 kB
Active:           444240 kB
Mem:          3.8G       778M       3.1G       5.7M        55M       326M

MemTotal:        4016004 kB
MemFree:         3219336 kB
Active:           444200 kB
Mem:          3.8G       778M       3.1G       5.7M        55M       326M

MemTotal:        4016004 kB
MemFree:         3219460 kB
Active:           444196 kB
Mem:          3.8G       778M       3.1G       5.7M        55M       326M

MemTotal:        4016004 kB
MemFree:         3219444 kB
Active:           444200 kB
Mem:          3.8G       778M       3.1G       5.7M        55M       326M

MemTotal:        4016004 kB
MemFree:         3219304 kB
Active:           444204 kB
Mem:          3.8G       777M       3.1G       5.7M        55M       326M

MemTotal:        4016004 kB
MemFree:         3219412 kB
Active:           444204 kB
Mem:          3.8G       778M       3.1G       5.7M        55M       326M

MemTotal:        4016004 kB
MemFree:         3219156 kB
Active:           442392 kB
Mem:          3.8G       778M       3.1G       5.7M        55M       326M

MemTotal:        4016004 kB
MemFree:         3219256 kB
Active:           444368 kB
Mem:          3.8G       778M       3.1G       5.7M        55M       326M

MemTotal:        4016004 kB
MemFree:         3219256 kB
Active:           444372 kB
Mem:          3.8G       777M       3.1G       5.7M        55M       326M

MemTotal:        4016004 kB
MemFree:         3219504 kB
Active:           444364 kB
Mem:          3.8G       777M       3.1G       5.7M        55M       326M

MemTotal:        4016004 kB
MemFree:         3219504 kB
Active:           444348 kB
Mem:          3.8G       778M       3.1G       5.7M        55M       326M

MemTotal:        4016004 kB
MemFree:         3219380 kB
Active:           444384 kB
Mem:          3.8G       777M       3.1G       5.7M        55M       326M

MemTotal:        4016004 kB
MemFree:         3219008 kB
Active:           444392 kB
Mem:          3.8G       778M       3.1G       5.7M        55M       326M

MemTotal:        4016004 kB
MemFree:         3219256 kB
Active:           444360 kB
Mem:          3.8G       777M       3.1G       5.7M        55M       326M

MemTotal:        4016004 kB
MemFree:         3219256 kB
Active:           444392 kB
Mem:          3.8G       777M       3.1G       5.7M        55M       326M

MemTotal:        4016004 kB
MemFree:         3219380 kB
Active:           444368 kB
Mem:          3.8G       777M       3.1G       5.7M        55M       326M

MemTotal:        4016004 kB
MemFree:         3219380 kB
Active:           444348 kB
Mem:          3.8G       778M       3.1G       5.7M        55M       326M

MemTotal:        4016004 kB
MemFree:         3219504 kB
Active:           444388 kB
Mem:          3.8G       778M       3.1G       5.7M        55M       326M

MemTotal:        4016004 kB
MemFree:         3219132 kB
Active:           444400 kB
Mem:          3.8G       778M       3.1G       5.7M        55M       326M

MemTotal:        4016004 kB
MemFree:         3218976 kB
Active:           444356 kB
Mem:          3.8G       777M       3.1G       5.7M        55M       326M

MemTotal:        4016004 kB
MemFree:         3219332 kB
Active:           444356 kB
Mem:          3.8G       777M       3.1G       5.7M        55M       326M

MemTotal:        4016004 kB
MemFree:         3219084 kB
Active:           444396 kB
Mem:          3.8G       778M       3.1G       5.7M        55M       326M

MemTotal:        4016004 kB
MemFree:         3218696 kB
Active:           444408 kB
Mem:          3.8G       778M       3.1G       5.7M        55M       326M

MemTotal:        4016004 kB
MemFree:         3218960 kB
Active:           444404 kB
Mem:          3.8G       778M       3.1G       5.7M        55M       326M

MemTotal:        4016004 kB
MemFree:         3218960 kB
Active:           444408 kB
Mem:          3.8G       778M       3.1G       5.7M        55M       326M

MemTotal:        4016004 kB
MemFree:         3218820 kB
Active:           444432 kB
Mem:          3.8G       778M       3.1G       5.7M        55M       326M

MemTotal:        4016004 kB
MemFree:         3216556 kB
Active:           444552 kB
Mem:          3.8G       780M       3.1G       5.7M        55M       326M

MemTotal:        4016004 kB
MemFree:         3216956 kB
Active:           446404 kB
Mem:          3.8G       780M       3.1G       5.7M        55M       326M

MemTotal:        4016004 kB
MemFree:         3216956 kB
Active:           446436 kB
Mem:          3.8G       780M       3.1G       5.7M        55M       326M

MemTotal:        4016004 kB
MemFree:         3216956 kB
Active:           446420 kB
Mem:          3.8G       780M       3.1G       5.7M        55M       326M

MemTotal:        4016004 kB
MemFree:         3216940 kB
Active:           446452 kB
Mem:          3.8G       780M       3.1G       5.7M        55M       326M

MemTotal:        4016004 kB
MemFree:         3216988 kB
Active:           446432 kB
Mem:          3.8G       780M       3.1G       5.7M        55M       326M

MemTotal:        4016004 kB
MemFree:         3216492 kB
Active:           446468 kB
Mem:          3.8G       780M       3.1G       5.7M        55M       326M

MemTotal:        4016004 kB
MemFree:         3216616 kB
Active:           446456 kB
Mem:          3.8G       780M       3.1G       5.7M        55M       326M

MemTotal:        4016004 kB
MemFree:         3216864 kB
Active:           446424 kB
Mem:          3.8G       780M       3.1G       5.7M        55M       326M

MemTotal:        4016004 kB
MemFree:         3216988 kB
Active:           446468 kB
Mem:          3.8G       780M       3.1G       5.7M        55M       326M

MemTotal:        4016004 kB
MemFree:         3216988 kB
Active:           446428 kB
Mem:          3.8G       780M       3.1G       5.7M        55M       326M

MemTotal:        4016004 kB
MemFree:         3216988 kB
Active:           446456 kB
Mem:          3.8G       780M       3.1G       5.7M        55M       326M

MemTotal:        4016004 kB
MemFree:         3216848 kB
Active:           446592 kB
Mem:          3.8G       780M       3.1G       5.7M        55M       326M

MemTotal:        4016004 kB
MemFree:         3216864 kB
Active:           446464 kB
Mem:          3.8G       780M       3.1G       5.7M        55M       326M

MemTotal:        4016004 kB
MemFree:         3216600 kB
Active:           446496 kB
Mem:          3.8G       780M       3.1G       5.7M        55M       326M

MemTotal:        4016004 kB
MemFree:         3216816 kB
Active:           446500 kB
Mem:          3.8G       780M       3.1G       5.7M        55M       326M

MemTotal:        4016004 kB
MemFree:         3216352 kB
Active:           446488 kB
Mem:          3.8G       781M       3.1G       5.7M        55M       326M

MemTotal:        4016004 kB
MemFree:         3216236 kB
Active:           446512 kB
Mem:          3.8G       781M       3.1G       5.7M        55M       326M

MemTotal:        4016004 kB
MemFree:         3103224 kB
Active:           446712 kB
Mem:          3.8G       891M       3.0G       5.7M        55M       436M

MemTotal:        4016004 kB
MemFree:         2990732 kB
Active:           446828 kB
Mem:          3.8G       1.0G       2.9G       5.7M        55M       544M

MemTotal:        4016004 kB
MemFree:         2861792 kB
Active:           446816 kB
Mem:          3.8G       1.1G       2.7G       5.7M        55M       666M

MemTotal:        4016004 kB
MemFree:         2860040 kB
Active:           446880 kB
Mem:          3.8G       1.1G       2.7G       5.7M        55M       667M

MemTotal:        4016004 kB
MemFree:         2776752 kB
Active:           448848 kB
Mem:          3.8G       1.2G       2.6G       5.7M        55M       747M

MemTotal:        4016004 kB
MemFree:         2767804 kB
Active:           448840 kB
Mem:          3.8G       1.2G       2.6G       5.7M        55M       756M

MemTotal:        4016004 kB
MemFree:         2679944 kB
Active:           448836 kB
Mem:          3.8G       1.3G       2.6G       5.7M        55M       841M

MemTotal:        4016004 kB
MemFree:         2659732 kB
Active:           448824 kB
Mem:          3.8G       1.3G       2.5G       5.7M        55M       860M

MemTotal:        4016004 kB
MemFree:         2585528 kB
Active:           448880 kB
Mem:          3.8G       1.4G       2.5G       5.7M        55M       931M

MemTotal:        4016004 kB
MemFree:         2584164 kB
Active:           449032 kB
Mem:          3.8G       1.4G       2.5G       5.7M        55M       932M

MemTotal:        4016004 kB
MemFree:         2582932 kB
Active:           448852 kB
Mem:          3.8G       1.4G       2.5G       5.7M        55M       933M

MemTotal:        4016004 kB
MemFree:         2582520 kB
Active:           448852 kB
Mem:          3.8G       1.4G       2.5G       5.7M        55M       934M

MemTotal:        4016004 kB
MemFree:         2581624 kB
Active:           448844 kB
Mem:          3.8G       1.4G       2.5G       5.7M        55M       935M

MemTotal:        4016004 kB
MemFree:         2519700 kB
Active:           449032 kB
Mem:          3.8G       1.4G       2.4G       5.7M        55M       995M

MemTotal:        4016004 kB
MemFree:         2386780 kB
Active:           448932 kB
Mem:          3.8G       1.6G       2.3G       5.7M        55M       1.1G

MemTotal:        4016004 kB
MemFree:         2268460 kB
Active:           448920 kB
Mem:          3.8G       1.7G       2.2G       5.7M        55M       1.2G

MemTotal:        4016004 kB
MemFree:         2232728 kB
Active:           449036 kB
Mem:          3.8G       1.7G       2.1G       5.7M        55M       1.2G

MemTotal:        4016004 kB
MemFree:         2159024 kB
Active:           449056 kB
Mem:          3.8G       1.8G       2.1G       5.7M        55M       1.3G

MemTotal:        4016004 kB
MemFree:         2139480 kB
Active:           449032 kB
Mem:          3.8G       1.8G       2.0G       5.7M        55M       1.3G

MemTotal:        4016004 kB
MemFree:         2063584 kB
Active:           449012 kB
Mem:          3.8G       1.9G       2.0G       5.7M        55M       1.4G

MemTotal:        4016004 kB
MemFree:         2048728 kB
Active:           449012 kB
Mem:          3.8G       1.9G       2.0G       5.7M        55M       1.4G

MemTotal:        4016004 kB
MemFree:         2048420 kB
Active:           448904 kB
Mem:          3.8G       1.9G       2.0G       5.7M        55M       1.4G

MemTotal:        4016004 kB
MemFree:         2045900 kB
Active:           448868 kB
Mem:          3.8G       1.9G       2.0G       5.7M        55M       1.4G

MemTotal:        4016004 kB
MemFree:         2044800 kB
Active:           448928 kB
Mem:          3.8G       1.9G       2.0G       5.7M        55M       1.4G

MemTotal:        4016004 kB
MemFree:         1955468 kB
Active:           448920 kB
Mem:          3.8G       2.0G       1.9G       5.7M        55M       1.5G

MemTotal:        4016004 kB
MemFree:         1819508 kB
Active:           448924 kB
Mem:          3.8G       2.1G       1.7G       5.7M        55M       1.6G

MemTotal:        4016004 kB
MemFree:         1692120 kB
Active:           448920 kB
Mem:          3.8G       2.2G       1.6G       5.7M        55M       1.7G

MemTotal:        4016004 kB
MemFree:         1562856 kB
Active:           448836 kB
Mem:          3.8G       2.3G       1.5G       5.7M        55M       1.9G

MemTotal:        4016004 kB
MemFree:         1449280 kB
Active:           448924 kB
Mem:          3.8G       2.4G       1.4G       5.7M        55M       2.0G

MemTotal:        4016004 kB
MemFree:         1358784 kB
Active:           448844 kB
Mem:          3.8G       2.5G       1.3G       5.7M        55M       2.1G

MemTotal:        4016004 kB
MemFree:         1355496 kB
Active:           448932 kB
Mem:          3.8G       2.5G       1.3G       5.7M        55M       2.1G

MemTotal:        4016004 kB
MemFree:         1355192 kB
Active:           448996 kB
Mem:          3.8G       2.5G       1.3G       5.7M        55M       2.1G

MemTotal:        4016004 kB
MemFree:         1355040 kB
Active:           448864 kB
Mem:          3.8G       2.5G       1.3G       5.7M        55M       2.1G

MemTotal:        4016004 kB
MemFree:         1354892 kB
Active:           449120 kB
Mem:          3.8G       2.5G       1.3G       5.7M        55M       2.1G

MemTotal:        4016004 kB
MemFree:         1352844 kB
Active:           449016 kB
Mem:          3.8G       2.5G       1.3G       5.7M        55M       2.1G

MemTotal:        4016004 kB
MemFree:         1296360 kB
Active:           448984 kB
Mem:          3.8G       2.6G       1.2G       5.7M        55M       2.1G

MemTotal:        4016004 kB
MemFree:         1295620 kB
Active:           448964 kB
Mem:          3.8G       2.6G       1.2G       5.7M        55M       2.1G

MemTotal:        4016004 kB
MemFree:         1295852 kB
Active:           448972 kB
Mem:          3.8G       2.6G       1.2G       5.7M        55M       2.1G

MemTotal:        4016004 kB
MemFree:         1294408 kB
Active:           449016 kB
Mem:          3.8G       2.6G       1.2G       5.7M        55M       2.1G

MemTotal:        4016004 kB
MemFree:         1292828 kB
Active:           448996 kB
Mem:          3.8G       2.6G       1.2G       5.7M        55M       2.1G

MemTotal:        4016004 kB
MemFree:         1174508 kB
Active:           449040 kB
Mem:          3.8G       2.7G       1.1G       5.7M        55M       2.2G

MemTotal:        4016004 kB
MemFree:         1060792 kB
Active:           449040 kB
Mem:          3.8G       2.8G       1.0G       5.7M        55M       2.3G

MemTotal:        4016004 kB
MemFree:          937944 kB
Active:           449064 kB
Mem:          3.8G       2.9G       915M       5.7M        55M       2.5G

MemTotal:        4016004 kB
MemFree:          828352 kB
Active:           449068 kB
Mem:          3.8G       3.0G       808M       5.7M        55M       2.6G

MemTotal:        4016004 kB
MemFree:          708900 kB
Active:           449036 kB
Mem:          3.8G       3.2G       691M       5.7M        55M       2.7G

MemTotal:        4016004 kB
MemFree:          578272 kB
Active:           449064 kB
Mem:          3.8G       3.3G       564M       5.7M        55M       2.8G

MemTotal:        4016004 kB
MemFree:          577248 kB
Active:           449040 kB
Mem:          3.8G       3.3G       563M       5.7M        55M       2.8G

MemTotal:        4016004 kB
MemFree:          576000 kB
Active:           449092 kB
Mem:          3.8G       3.3G       562M       5.7M        55M       2.8G

MemTotal:        4016004 kB
MemFree:          573880 kB
Active:           449124 kB
Mem:          3.8G       3.3G       560M       5.7M        55M       2.8G

MemTotal:        4016004 kB
MemFree:          573048 kB
Active:           449068 kB
Mem:          3.8G       3.3G       559M       5.7M        55M       2.8G

MemTotal:        4016004 kB
MemFree:          571812 kB
Active:           449108 kB
Mem:          3.8G       3.3G       558M       5.7M        55M       2.8G

MemTotal:        4016004 kB
MemFree:          545160 kB
Active:           449136 kB
Mem:          3.8G       3.3G       532M       5.7M        55M       2.8G

MemTotal:        4016004 kB
MemFree:          545156 kB
Active:           447104 kB
Mem:          3.8G       3.3G       532M       5.7M        55M       2.8G

MemTotal:        4016004 kB
MemFree:          544604 kB
Active:           449136 kB
Mem:          3.8G       3.3G       531M       5.7M        55M       2.8G

MemTotal:        4016004 kB
MemFree:          542772 kB
Active:           449344 kB
Mem:          3.8G       3.3G       530M       5.7M        55M       2.8G

MemTotal:        4016004 kB
MemFree:          482488 kB
Active:           449352 kB
Mem:          3.8G       3.4G       471M       5.7M        55M       2.9G

MemTotal:        4016004 kB
MemFree:          354388 kB
Active:           449312 kB
Mem:          3.8G       3.5G       345M       5.7M        55M       3.0G

MemTotal:        4016004 kB
MemFree:          237820 kB
Active:           449316 kB
Mem:          3.8G       3.6G       232M       5.7M        55M       3.1G

MemTotal:        4016004 kB
MemFree:          114788 kB
Active:           449324 kB
Mem:          3.8G       3.7G       111M       5.7M        55M       3.2G

MemTotal:        4016004 kB
MemFree:          159992 kB
Active:           509688 kB
Mem:          3.8G       3.7G       147M       5.7M        22M       3.2G

MemTotal:        4016004 kB
MemFree:          150076 kB
Active:           462172 kB
Mem:          3.8G       3.7G       146M       5.7M        22M       3.2G

MemTotal:        4016004 kB
MemFree:          149712 kB
Active:           462196 kB
Mem:          3.8G       3.7G       146M       5.7M        22M       3.2G

MemTotal:        4016004 kB
MemFree:          149964 kB
Active:           464236 kB
Mem:          3.8G       3.7G       146M       5.7M        22M       3.2G

MemTotal:        4016004 kB
MemFree:          149664 kB
Active:           464228 kB
Mem:          3.8G       3.7G       145M       5.7M        22M       3.2G

MemTotal:        4016004 kB
MemFree:          147496 kB
Active:           464288 kB
Mem:          3.8G       3.7G       144M       5.7M        22M       3.2G

MemTotal:        4016004 kB
MemFree:          128920 kB
Active:           464300 kB
Mem:          3.8G       3.7G       125M       5.7M        22M       3.2G

MemTotal:        4016004 kB
MemFree:          128904 kB
Active:           464296 kB
Mem:          3.8G       3.7G       125M       5.7M        22M       3.2G

MemTotal:        4016004 kB
MemFree:          128332 kB
Active:           464316 kB
Mem:          3.8G       3.7G       124M       5.7M        22M       3.2G

MemTotal:        4016004 kB
MemFree:          128180 kB
Active:           464300 kB
Mem:          3.8G       3.7G       125M       5.7M        22M       3.2G

MemTotal:        4016004 kB
MemFree:          116944 kB
Active:           462980 kB
Mem:          3.8G       3.7G       113M       5.7M        22M       3.3G

MemTotal:        4016004 kB
MemFree:          130804 kB
Active:           453504 kB
Mem:          3.8G       3.7G       126M       5.7M        22M       3.2G

MemTotal:        4016004 kB
MemFree:          113880 kB
Active:           450440 kB
Mem:          3.8G       3.7G       110M       5.7M        22M       3.3G

MemTotal:        4016004 kB
MemFree:          128916 kB
Active:           446480 kB
Mem:          3.8G       3.7G       125M       5.7M        22M       3.2G

MemTotal:        4016004 kB
MemFree:          110340 kB
Active:           446212 kB
Mem:          3.8G       3.7G       107M       5.7M        22M       3.3G

MemTotal:        4016004 kB
MemFree:          137604 kB
Active:           443384 kB
Mem:          3.8G       3.7G       134M       5.7M        22M       3.2G

MemTotal:        4016004 kB
MemFree:          121152 kB
Active:           442352 kB
Mem:          3.8G       3.7G       117M       5.7M        22M       3.3G

MemTotal:        4016004 kB
MemFree:          136532 kB
Active:           440352 kB
Mem:          3.8G       3.7G       132M       5.7M        22M       3.2G

MemTotal:        4016004 kB
MemFree:          129992 kB
Active:           439172 kB
Mem:          3.8G       3.7G       126M       5.7M        22M       3.2G

MemTotal:        4016004 kB
MemFree:          128668 kB
Active:           439096 kB
Mem:          3.8G       3.7G       125M       5.7M        22M       3.2G

MemTotal:        4016004 kB
MemFree:          128420 kB
Active:           439104 kB
Mem:          3.8G       3.7G       125M       5.7M        22M       3.2G

MemTotal:        4016004 kB
MemFree:          128224 kB
Active:           439052 kB
Mem:          3.8G       3.7G       125M       5.7M        22M       3.2G

MemTotal:        4016004 kB
MemFree:          122712 kB
Active:           440812 kB
Mem:          3.8G       3.7G       119M       5.7M        22M       3.3G

MemTotal:        4016004 kB
MemFree:          130940 kB
Active:           440052 kB
Mem:          3.8G       3.7G       127M       5.7M        22M       3.2G

MemTotal:        4016004 kB
MemFree:          123792 kB
Active:           435692 kB
Mem:          3.8G       3.7G       120M       5.7M        22M       3.2G

MemTotal:        4016004 kB
MemFree:          131084 kB
Active:           428832 kB
Mem:          3.8G       3.7G       127M       5.7M        22M       3.2G

MemTotal:        4016004 kB
MemFree:          146608 kB
Active:           427152 kB
Mem:          3.8G       3.7G       142M       5.7M        22M       3.2G

MemTotal:        4016004 kB
MemFree:          136268 kB
Active:           425288 kB
Mem:          3.8G       3.7G       132M       5.7M        22M       3.2G

MemTotal:        4016004 kB
MemFree:          132788 kB
Active:           424648 kB
Mem:          3.8G       3.7G       129M       5.7M        22M       3.2G

MemTotal:        4016004 kB
MemFree:          139380 kB
Active:           423372 kB
Mem:          3.8G       3.7G       135M       5.7M        22M       3.2G

MemTotal:        4016004 kB
MemFree:          130428 kB
Active:           421852 kB
Mem:          3.8G       3.7G       127M       5.7M        22M       3.2G

MemTotal:        4016004 kB
MemFree:          142296 kB
Active:           421092 kB
Mem:          3.8G       3.7G       139M       5.7M        22M       3.2G

MemTotal:        4016004 kB
MemFree:          141428 kB
Active:           421092 kB
Mem:          3.8G       3.7G       138M       5.7M        22M       3.2G

MemTotal:        4016004 kB
MemFree:          140500 kB
Active:           421048 kB
Mem:          3.8G       3.7G       136M       5.7M        22M       3.2G

MemTotal:        4016004 kB
MemFree:          109644 kB
Active:           421068 kB
Mem:          3.8G       3.7G       107M       5.7M        22M       3.3G

MemTotal:        4016004 kB
MemFree:          116984 kB
Active:           417256 kB
Mem:          3.8G       3.7G       113M       5.7M        22M       3.3G

MemTotal:        4016004 kB
MemFree:          137436 kB
Active:           412796 kB
Mem:          3.8G       3.7G       133M       5.7M        22M       3.2G

MemTotal:        4016004 kB
MemFree:          138836 kB
Active:           411524 kB
Mem:          3.8G       3.7G       135M       5.7M        22M       3.2G

MemTotal:        4016004 kB
MemFree:          123996 kB
Active:           407940 kB
Mem:          3.8G       3.7G       120M       5.7M        22M       3.2G

MemTotal:        4016004 kB
MemFree:          138340 kB
Active:           407188 kB
Mem:          3.8G       3.7G       135M       5.7M        22M       3.2G

MemTotal:        4016004 kB
MemFree:          127776 kB
Active:           404884 kB
Mem:          3.8G       3.7G       124M       5.7M        22M       3.2G

MemTotal:        4016004 kB
MemFree:          120776 kB
Active:           404888 kB
Mem:          3.8G       3.7G       117M       5.7M        22M       3.3G

MemTotal:        4016004 kB
MemFree:          134620 kB
Active:           403592 kB
Mem:          3.8G       3.7G       131M       5.7M        22M       3.2G

MemTotal:        4016004 kB
MemFree:          132756 kB
Active:           403636 kB
Mem:          3.8G       3.7G       129M       5.7M        22M       3.2G

MemTotal:        4016004 kB
MemFree:          131780 kB
Active:           403636 kB
Mem:          3.8G       3.7G       128M       5.7M        22M       3.2G

MemTotal:        4016004 kB
MemFree:          132032 kB
Active:           403636 kB
Mem:          3.8G       3.7G       128M       5.7M        22M       3.2G

MemTotal:        4016004 kB
MemFree:          120608 kB
Active:           402608 kB
Mem:          3.8G       3.7G       117M       5.7M        22M       3.3G

MemTotal:        4016004 kB
MemFree:          126292 kB
Active:           399300 kB
Mem:          3.8G       3.7G       123M       5.7M        22M       3.2G

MemTotal:        4016004 kB
MemFree:          124304 kB
Active:           395332 kB
Mem:          3.8G       3.7G       120M       5.7M        22M       3.2G

MemTotal:        4016004 kB
MemFree:          136184 kB
Active:           391468 kB
Mem:          3.8G       3.7G       132M       5.7M        22M       3.2G

MemTotal:        4016004 kB
MemFree:          126380 kB
Active:           390908 kB
Mem:          3.8G       3.7G       123M       5.7M        22M       3.2G

MemTotal:        4016004 kB
MemFree:          133460 kB
Active:           388372 kB
Mem:          3.8G       3.7G       129M       5.7M        22M       3.2G

MemTotal:        4016004 kB
MemFree:          113552 kB
Active:           387152 kB
Mem:          3.8G       3.7G       110M       5.7M        22M       3.3G

MemTotal:        4016004 kB
MemFree:          132516 kB
Active:           389084 kB
Mem:          3.8G       3.7G       129M       5.7M        22M       3.2G

MemTotal:        4016004 kB
MemFree:          130984 kB
Active:           387932 kB
Mem:          3.8G       3.7G       128M       5.7M        22M       3.2G

MemTotal:        4016004 kB
MemFree:          130888 kB
Active:           387928 kB
Mem:          3.8G       3.7G       127M       5.7M        22M       3.2G

MemTotal:        4016004 kB
MemFree:          128888 kB
Active:           387912 kB
Mem:          3.8G       3.7G       125M       5.7M        22M       3.2G

MemTotal:        4016004 kB
MemFree:          128584 kB
Active:           387908 kB
Mem:          3.8G       3.7G       125M       5.7M        22M       3.2G

MemTotal:        4016004 kB
MemFree:          127504 kB
Active:           387900 kB
Mem:          3.8G       3.7G       124M       5.7M        22M       3.2G

MemTotal:        4016004 kB
MemFree:          119376 kB
Active:           385628 kB
Mem:          3.8G       3.7G       115M       5.7M        22M       3.3G

MemTotal:        4016004 kB
MemFree:          145748 kB
Active:           384772 kB
Mem:          3.8G       3.7G       141M       5.7M        22M       3.2G

MemTotal:        4016004 kB
MemFree:          129412 kB
Active:           384648 kB
Mem:          3.8G       3.7G       126M       5.7M        22M       3.2G

MemTotal:        4016004 kB
MemFree:          149412 kB
Active:           384376 kB
Mem:          3.8G       3.7G       145M       5.7M        22M       3.2G

MemTotal:        4016004 kB
MemFree:          148592 kB
Active:           386436 kB
Mem:          3.8G       3.7G       145M       5.7M        22M       3.2G

MemTotal:        4016004 kB
MemFree:          148780 kB
Active:           386412 kB
Mem:          3.8G       3.7G       145M       5.7M        22M       3.2G

MemTotal:        4016004 kB
MemFree:          149096 kB
Active:           386408 kB
Mem:          3.8G       3.7G       145M       5.7M        22M       3.2G

MemTotal:        4016004 kB
MemFree:          147024 kB
Active:           386456 kB
Mem:          3.8G       3.7G       143M       5.7M        22M       3.2G

MemTotal:        4016004 kB
MemFree:          128592 kB
Active:           386460 kB
Mem:          3.8G       3.7G       125M       5.7M        22M       3.2G

MemTotal:        4016004 kB
MemFree:          127656 kB
Active:           386472 kB
Mem:          3.8G       3.7G       124M       5.7M        22M       3.2G

MemTotal:        4016004 kB
MemFree:          125332 kB
Active:           384844 kB
Mem:          3.8G       3.7G       122M       5.7M        22M       3.2G

MemTotal:        4016004 kB
MemFree:          124808 kB
Active:           386892 kB
Mem:          3.8G       3.7G       121M       5.7M        22M       3.2G

MemTotal:        4016004 kB
MemFree:          123844 kB
Active:           386884 kB
Mem:          3.8G       3.7G       120M       5.7M        22M       3.2G

MemTotal:        4016004 kB
MemFree:          125236 kB
Active:           386520 kB
Mem:          3.8G       3.7G       121M       5.7M        22M       3.2G

MemTotal:        4016004 kB
MemFree:          119320 kB
Active:           386396 kB
Mem:          3.8G       3.7G       115M       5.7M        22M       3.2G

MemTotal:        4016004 kB
MemFree:          129996 kB
Active:           386308 kB
Mem:          3.8G       3.7G       126M       5.7M        22M       3.2G

MemTotal:        4016004 kB
MemFree:          111752 kB
Active:           386312 kB
Mem:          3.8G       3.7G       109M       5.7M        22M       3.3G

MemTotal:        4016004 kB
MemFree:          141840 kB
Active:           386336 kB
Mem:          3.8G       3.7G       138M       5.7M        22M       3.2G

MemTotal:        4016004 kB
MemFree:          132880 kB
Active:           386336 kB
Mem:          3.8G       3.7G       129M       5.7M        22M       3.2G

MemTotal:        4016004 kB
MemFree:          105680 kB
Active:           386320 kB
Mem:          3.8G       3.7G       103M       5.7M        22M       3.3G

MemTotal:        4016004 kB
MemFree:          104456 kB
Active:           386264 kB
Mem:          3.8G       3.7G       102M       5.7M        22M       3.3G

MemTotal:        4016004 kB
MemFree:          127220 kB
Active:           387304 kB
Mem:          3.8G       3.7G       124M       5.7M        22M       3.2G

MemTotal:        4016004 kB
MemFree:          127060 kB
Active:           387296 kB
Mem:          3.8G       3.7G       123M       5.7M        22M       3.2G

MemTotal:        4016004 kB
MemFree:          125204 kB
Active:           387276 kB
Mem:          3.8G       3.7G       122M       5.7M        22M       3.2G

MemTotal:        4016004 kB
MemFree:          127624 kB
Active:           381068 kB
Mem:          3.8G       3.7G       123M       5.7M        22M       3.2G

MemTotal:        4016004 kB
MemFree:          139680 kB
Active:           381040 kB
Mem:          3.8G       3.7G       135M       5.7M        22M       3.2G

MemTotal:        4016004 kB
MemFree:          139644 kB
Active:           381076 kB
Mem:          3.8G       3.7G       136M       5.7M        22M       3.2G

MemTotal:        4016004 kB
MemFree:          124452 kB
Active:           380712 kB
Mem:          3.8G       3.7G       121M       5.7M        22M       3.2G

MemTotal:        4016004 kB
MemFree:          123756 kB
Active:           380556 kB
Mem:          3.8G       3.7G       120M       5.7M        22M       3.2G

MemTotal:        4016004 kB
MemFree:          133624 kB
Active:           380604 kB
Mem:          3.8G       3.7G       130M       5.7M        22M       3.2G

MemTotal:        4016004 kB
MemFree:          110272 kB
Active:           379376 kB
Mem:          3.8G       3.7G       106M       5.7M        22M       3.3G

MemTotal:        4016004 kB
MemFree:          106036 kB
Active:           381392 kB
Mem:          3.8G       3.7G       103M       5.7M        22M       3.3G

MemTotal:        4016004 kB
MemFree:          105972 kB
Active:           381444 kB
Mem:          3.8G       3.7G       103M       5.7M        22M       3.3G

MemTotal:        4016004 kB
MemFree:          105324 kB
Active:           381436 kB
Mem:          3.8G       3.7G       102M       5.7M        22M       3.3G

MemTotal:        4016004 kB
MemFree:          129600 kB
Active:           381028 kB
Mem:          3.8G       3.7G       126M       5.7M        22M       3.2G

MemTotal:        4016004 kB
MemFree:          126512 kB
Active:           381068 kB
Mem:          3.8G       3.7G       123M       5.7M        22M       3.2G

MemTotal:        4016004 kB
MemFree:          122200 kB
Active:           379448 kB
Mem:          3.8G       3.7G       118M       5.7M        22M       3.2G

MemTotal:        4016004 kB
MemFree:          137412 kB
Active:           379384 kB
Mem:          3.8G       3.7G       134M       5.7M        22M       3.2G

MemTotal:        4016004 kB
MemFree:          128672 kB
Active:           379448 kB
Mem:          3.8G       3.7G       125M       5.7M        22M       3.2G

MemTotal:        4016004 kB
MemFree:          132188 kB
Active:           379448 kB
Mem:          3.8G       3.7G       129M       5.7M        22M       3.2G

MemTotal:        4016004 kB
MemFree:          129100 kB
Active:           380848 kB
Mem:          3.8G       3.7G       126M       5.7M        22M       3.2G

MemTotal:        4016004 kB
MemFree:          124696 kB
Active:           380720 kB
Mem:          3.8G       3.7G       121M       5.7M        22M       3.2G

MemTotal:        4016004 kB
MemFree:          133132 kB
Active:           379368 kB
Mem:          3.8G       3.7G       130M       5.7M        22M       3.2G

MemTotal:        4016004 kB
MemFree:          105972 kB
Active:           379380 kB
Mem:          3.8G       3.7G       103M       5.7M        22M       3.3G

MemTotal:        4016004 kB
MemFree:          129164 kB
Active:           379264 kB
Mem:          3.8G       3.7G       126M       5.7M        22M       3.2G

MemTotal:        4016004 kB
MemFree:          128796 kB
Active:           379256 kB
Mem:          3.8G       3.7G       125M       5.7M        22M       3.2G

MemTotal:        4016004 kB
MemFree:          127652 kB
Active:           379264 kB
Mem:          3.8G       3.7G       124M       5.7M        22M       3.2G

MemTotal:        4016004 kB
MemFree:          126600 kB
Active:           379232 kB
Mem:          3.8G       3.7G       122M       5.7M        22M       3.2G

MemTotal:        4016004 kB
MemFree:          144708 kB
Active:           379264 kB
Mem:          3.8G       3.7G       141M       5.7M        22M       3.2G

MemTotal:        4016004 kB
MemFree:          124560 kB
Active:           367456 kB
Mem:          3.8G       3.7G       120M       5.7M        22M       3.2G

MemTotal:        4016004 kB
MemFree:          122696 kB
Active:           367324 kB
Mem:          3.8G       3.7G       119M       5.7M        22M       3.2G

MemTotal:        4016004 kB
MemFree:          119436 kB
Active:           367428 kB
Mem:          3.8G       3.7G       116M       5.7M        22M       3.2G

MemTotal:        4016004 kB
MemFree:          119156 kB
Active:           367412 kB
Mem:          3.8G       3.7G       116M       5.7M        22M       3.2G

MemTotal:        4016004 kB
MemFree:          117420 kB
Active:           367480 kB
Mem:          3.8G       3.7G       114M       5.7M        22M       3.2G

MemTotal:        4016004 kB
MemFree:          117548 kB
Active:           367468 kB
Mem:          3.8G       3.7G       114M       5.7M        22M       3.2G

MemTotal:        4016004 kB
MemFree:          105472 kB
Active:           367572 kB
Mem:          3.8G       3.7G       103M       5.7M        22M       3.3G

MemTotal:        4016004 kB
MemFree:          128092 kB
Active:           367440 kB
Mem:          3.8G       3.7G       124M       5.7M        22M       3.2G

MemTotal:        4016004 kB
MemFree:          127568 kB
Active:           367444 kB
Mem:          3.8G       3.7G       124M       5.7M        22M       3.2G

MemTotal:        4016004 kB
MemFree:          126860 kB
Active:           367464 kB
Mem:          3.8G       3.7G       123M       5.7M        22M       3.2G

MemTotal:        4016004 kB
MemFree:          122604 kB
Active:           367484 kB
Mem:          3.8G       3.7G       119M       5.7M        22M       3.2G

MemTotal:        4016004 kB
MemFree:          116952 kB
Active:           366580 kB
Mem:          3.8G       3.7G       114M       5.7M        22M       3.2G

MemTotal:        4016004 kB
MemFree:          137104 kB
Active:           364340 kB
Mem:          3.8G       3.7G       133M       5.7M        22M       3.2G

MemTotal:        4016004 kB
MemFree:          129136 kB
Active:           364368 kB
Mem:          3.8G       3.7G       125M       5.7M        22M       3.2G

MemTotal:        4016004 kB
MemFree:          141868 kB
Active:           364396 kB
Mem:          3.8G       3.7G       138M       5.7M        22M       3.2G

MemTotal:        4016004 kB
MemFree:          122144 kB
Active:           364388 kB
Mem:          3.8G       3.7G       119M       5.7M        22M       3.2G

MemTotal:        4016004 kB
MemFree:          127696 kB
Active:           364524 kB
Mem:          3.8G       3.7G       124M       5.7M        22M       3.2G

MemTotal:        4016004 kB
MemFree:          126208 kB
Active:           364476 kB
Mem:          3.8G       3.7G       123M       5.7M        22M       3.2G

MemTotal:        4016004 kB
MemFree:          124548 kB
Active:           364108 kB
Mem:          3.8G       3.7G       121M       5.7M        22M       3.2G

MemTotal:        4016004 kB
MemFree:          123912 kB
Active:           364100 kB
Mem:          3.8G       3.7G       121M       5.7M        22M       3.2G

MemTotal:        4016004 kB
MemFree:          123760 kB
Active:           364088 kB
Mem:          3.8G       3.7G       120M       5.7M        22M       3.2G

MemTotal:        4016004 kB
MemFree:          123392 kB
Active:           364080 kB
Mem:          3.8G       3.7G       120M       5.7M        22M       3.2G

MemTotal:        4016004 kB
MemFree:          130308 kB
Active:           364132 kB
Mem:          3.8G       3.7G       129M       5.7M        22M       3.2G

MemTotal:        4016004 kB
MemFree:          128728 kB
Active:           364076 kB
Mem:          3.8G       3.7G       125M       5.7M        22M       3.2G

MemTotal:        4016004 kB
MemFree:          129344 kB
Active:           360400 kB
Mem:          3.8G       3.7G       125M       5.7M        22M       3.2G

MemTotal:        4016004 kB
MemFree:          126836 kB
Active:           360400 kB
Mem:          3.8G       3.7G       123M       5.7M        22M       3.2G

MemTotal:        4016004 kB
MemFree:          132632 kB
Active:           360408 kB
Mem:          3.8G       3.7G       129M       5.7M        22M       3.2G

MemTotal:        4016004 kB
MemFree:          130192 kB
Active:           360420 kB
Mem:          3.8G       3.7G       127M       5.7M        22M       3.2G

MemTotal:        4016004 kB
MemFree:          129444 kB
Active:           360388 kB
Mem:          3.8G       3.7G       126M       5.7M        22M       3.2G

MemTotal:        4016004 kB
MemFree:          129480 kB
Active:           360420 kB
Mem:          3.8G       3.7G       126M       5.7M        22M       3.2G

MemTotal:        4016004 kB
MemFree:          126168 kB
Active:           360436 kB
Mem:          3.8G       3.7G       123M       5.7M        22M       3.2G

MemTotal:        4016004 kB
MemFree:          126200 kB
Active:           360420 kB
Mem:          3.8G       3.7G       123M       5.7M        22M       3.2G

MemTotal:        4016004 kB
MemFree:          125800 kB
Active:           360440 kB
Mem:          3.8G       3.7G       122M       5.7M        22M       3.2G

MemTotal:        4016004 kB
MemFree:          121376 kB
Active:           360396 kB
Mem:          3.8G       3.7G       118M       5.7M        22M       3.2G

MemTotal:        4016004 kB
MemFree:          142500 kB
Active:           360452 kB
Mem:          3.8G       3.7G       139M       5.7M        22M       3.2G

MemTotal:        4016004 kB
MemFree:          136752 kB
Active:           358364 kB
Mem:          3.8G       3.7G       133M       5.7M        22M       3.2G

MemTotal:        4016004 kB
MemFree:          111884 kB
Active:           358368 kB
Mem:          3.8G       3.7G       109M       5.7M        22M       3.2G

MemTotal:        4016004 kB
MemFree:          115644 kB
Active:           358384 kB
Mem:          3.8G       3.7G       112M       5.7M        22M       3.2G

MemTotal:        4016004 kB
MemFree:          114436 kB
Active:           358384 kB
Mem:          3.8G       3.7G       121M       5.7M        22M       3.2G

MemTotal:        4016004 kB
MemFree:          135044 kB
Active:           358360 kB
Mem:          3.8G       3.7G       131M       5.7M        22M       3.2G

MemTotal:        4016004 kB
MemFree:          134584 kB
Active:           358384 kB
Mem:          3.8G       3.7G       131M       5.7M        22M       3.2G

MemTotal:        4016004 kB
MemFree:          134416 kB
Active:           358356 kB
Mem:          3.8G       3.7G       130M       5.7M        22M       3.2G

MemTotal:        4016004 kB
MemFree:          131648 kB
Active:           358420 kB
Mem:          3.8G       3.7G       128M       5.7M        22M       3.2G

MemTotal:        4016004 kB
MemFree:          130824 kB
Active:           358400 kB
Mem:          3.8G       3.7G       127M       5.7M        22M       3.2G

MemTotal:        4016004 kB
MemFree:          130208 kB
Active:           358384 kB
Mem:          3.8G       3.7G       126M       5.7M        22M       3.2G

MemTotal:        4016004 kB
MemFree:          141544 kB
Active:           358420 kB
Mem:          3.8G       3.7G       138M       5.7M        22M       3.2G

MemTotal:        4016004 kB
MemFree:          106904 kB
Active:           358424 kB
Mem:          3.8G       3.7G       104M       5.7M        22M       3.2G

MemTotal:        4016004 kB
MemFree:          121272 kB
Active:           312628 kB
Mem:          3.8G       3.7G       118M       5.7M        22M       3.2G

MemTotal:        4016004 kB
MemFree:          133148 kB
Active:           312628 kB
Mem:          3.8G       3.7G       130M       5.7M        22M       3.2G

MemTotal:        4016004 kB
MemFree:          134144 kB
Active:           312644 kB
Mem:          3.8G       3.7G       131M       5.7M        22M       3.2G

MemTotal:        4016004 kB
MemFree:          108988 kB
Active:           312644 kB
Mem:          3.8G       3.7G       105M       5.7M        22M       3.2G

MemTotal:        4016004 kB
MemFree:          131812 kB
Active:           312620 kB
Mem:          3.8G       3.7G       129M       5.7M        22M       3.2G

MemTotal:        4016004 kB
MemFree:          105480 kB
Active:           314676 kB
Mem:          3.8G       3.7G       103M       5.7M        22M       3.2G

MemTotal:        4016004 kB
MemFree:          129340 kB
Active:           314688 kB
Mem:          3.8G       3.7G       126M       5.7M        22M       3.2G

MemTotal:        4016004 kB
MemFree:          128720 kB
Active:           314640 kB
Mem:          3.8G       3.7G       125M       5.7M        22M       3.2G

MemTotal:        4016004 kB
MemFree:          126680 kB
Active:           314684 kB
Mem:          3.8G       3.7G       123M       5.7M        22M       3.2G

MemTotal:        4016004 kB
MemFree:          131584 kB
Active:           314660 kB
Mem:          3.8G       3.7G       127M       5.7M        22M       3.2G

MemTotal:        4016004 kB
MemFree:          136044 kB
Active:           314676 kB
Mem:          3.8G       3.7G       132M       5.7M        22M       3.2G

MemTotal:        4016004 kB
MemFree:          126616 kB
Active:           314692 kB
Mem:          3.8G       3.7G       123M       5.7M        22M       3.2G

MemTotal:        4016004 kB
MemFree:          142240 kB
Active:           314692 kB
Mem:          3.8G       3.7G       139M       5.7M        22M       3.2G

MemTotal:        4016004 kB
MemFree:          133832 kB
Active:           314708 kB
Mem:          3.8G       3.7G       130M       5.7M        22M       3.2G

MemTotal:        4016004 kB
MemFree:          140492 kB
Active:           310688 kB
Mem:          3.8G       3.7G       136M       5.7M        22M       3.2G

MemTotal:        4016004 kB
MemFree:          135220 kB
Active:           311204 kB
Mem:          3.8G       3.7G       131M       5.7M        22M       3.2G

MemTotal:        4016004 kB
MemFree:          121300 kB
Active:           310808 kB
Mem:          3.8G       3.7G       118M       5.7M        22M       3.2G

MemTotal:        4016004 kB
MemFree:          121456 kB
Active:           310596 kB
Mem:          3.8G       3.7G       118M       5.7M        22M       3.2G

MemTotal:        4016004 kB
MemFree:          121208 kB
Active:           310644 kB
Mem:          3.8G       3.7G       118M       5.7M        22M       3.2G

MemTotal:        4016004 kB
MemFree:          121704 kB
Active:           310604 kB
Mem:          3.8G       3.7G       118M       5.7M        22M       3.2G

MemTotal:        4016004 kB
MemFree:          121704 kB
Active:           310636 kB
Mem:          3.8G       3.7G       118M       5.7M        22M       3.2G

MemTotal:        4016004 kB
MemFree:          121364 kB
Active:           310624 kB
Mem:          3.8G       3.7G       118M       5.7M        22M       3.2G

MemTotal:        4016004 kB
MemFree:          121076 kB
Active:           310612 kB
Mem:          3.8G       3.7G       118M       5.7M        22M       3.2G

MemTotal:        4016004 kB
MemFree:          121172 kB
Active:           310600 kB
Mem:          3.8G       3.7G       118M       5.7M        22M       3.2G

MemTotal:        4016004 kB
MemFree:          121364 kB
Active:           310644 kB
Mem:          3.8G       3.7G       118M       5.7M        22M       3.2G

MemTotal:        4016004 kB
MemFree:          121492 kB
Active:           310640 kB
Mem:          3.8G       3.7G       118M       5.7M        22M       3.2G

MemTotal:        4016004 kB
MemFree:          121368 kB
Active:           310636 kB
Mem:          3.8G       3.7G       118M       5.7M        22M       3.2G

MemTotal:        4016004 kB
MemFree:          121120 kB
Active:           310648 kB
Mem:          3.8G       3.7G       118M       5.7M        22M       3.2G

MemTotal:        4016004 kB
MemFree:          121120 kB
Active:           310656 kB
Mem:          3.8G       3.7G       118M       5.7M        22M       3.2G

MemTotal:        4016004 kB
MemFree:          121120 kB
Active:           310648 kB
Mem:          3.8G       3.7G       118M       5.7M        22M       3.2G

MemTotal:        4016004 kB
MemFree:          121120 kB
Active:           310620 kB
Mem:          3.8G       3.7G       118M       5.7M        22M       3.2G

MemTotal:        4016004 kB
MemFree:          121368 kB
Active:           310660 kB
Mem:          3.8G       3.7G       118M       5.7M        22M       3.2G

MemTotal:        4016004 kB
MemFree:          121368 kB
Active:           310644 kB
Mem:          3.8G       3.7G       118M       5.7M        22M       3.2G

MemTotal:        4016004 kB
MemFree:          121368 kB
Active:           310636 kB
Mem:          3.8G       3.7G       118M       5.7M        22M       3.2G

MemTotal:        4016004 kB
MemFree:          121244 kB
Active:           310668 kB
Mem:          3.8G       3.7G       118M       5.7M        22M       3.2G

MemTotal:        4016004 kB
MemFree:          120996 kB
Active:           310636 kB
Mem:          3.8G       3.7G       118M       5.7M        22M       3.2G

MemTotal:        4016004 kB
MemFree:          120996 kB
Active:           310632 kB
Mem:          3.8G       3.7G       118M       5.7M        22M       3.2G

MemTotal:        4016004 kB
MemFree:          120748 kB
Active:           310680 kB
Mem:          3.8G       3.7G       118M       5.7M        22M       3.2G

MemTotal:        4016004 kB
MemFree:          121244 kB
Active:           310656 kB
Mem:          3.8G       3.7G       118M       5.7M        22M       3.2G

MemTotal:        4016004 kB
MemFree:          121492 kB
Active:           310668 kB
Mem:          3.8G       3.7G       118M       5.7M        22M       3.2G

MemTotal:        4016004 kB
MemFree:          121368 kB
Active:           310644 kB
Mem:          3.8G       3.7G       118M       5.7M        22M       3.2G

MemTotal:        4016004 kB
MemFree:          121244 kB
Active:           310672 kB
Mem:          3.8G       3.7G       118M       5.7M        22M       3.2G

MemTotal:        4016004 kB
MemFree:          121244 kB
Active:           310660 kB
Mem:          3.8G       3.7G       118M       5.7M        22M       3.2G

MemTotal:        4016004 kB
MemFree:          121244 kB
Active:           310696 kB
Mem:          3.8G       3.7G       118M       5.7M        22M       3.2G

MemTotal:        4016004 kB
MemFree:          119196 kB
Active:           310636 kB
Mem:          3.8G       3.7G       116M       5.7M        22M       3.2G

MemTotal:        4016004 kB
MemFree:          118576 kB
Active:           312728 kB
Mem:          3.8G       3.7G       116M       5.7M        22M       3.2G

MemTotal:        4016004 kB
MemFree:          118948 kB
Active:           312720 kB
Mem:          3.8G       3.7G       116M       5.7M        22M       3.2G

MemTotal:        4016004 kB
MemFree:          118452 kB
Active:           312740 kB
Mem:          3.8G       3.7G       115M       5.7M        22M       3.2G

MemTotal:        4016004 kB
MemFree:          118948 kB
Active:           312724 kB
Mem:          3.8G       3.7G       116M       5.7M        22M       3.2G

MemTotal:        4016004 kB
MemFree:          118948 kB
Active:           312708 kB
Mem:          3.8G       3.7G       116M       5.7M        22M       3.2G

MemTotal:        4016004 kB
MemFree:          118948 kB
Active:           312740 kB
Mem:          3.8G       3.7G       115M       5.7M        22M       3.2G

MemTotal:        4016004 kB
MemFree:          119072 kB
Active:           312712 kB
Mem:          3.8G       3.7G       116M       5.7M        22M       3.2G

MemTotal:        4016004 kB
MemFree:          119196 kB
Active:           312696 kB
Mem:          3.8G       3.7G       116M       5.7M        22M       3.2G

MemTotal:        4016004 kB
MemFree:          119196 kB
Active:           312744 kB
Mem:          3.8G       3.7G       116M       5.7M        22M       3.2G

MemTotal:        4016004 kB
MemFree:          118700 kB
Active:           312752 kB
Mem:          3.8G       3.7G       116M       5.7M        22M       3.2G

MemTotal:        4016004 kB
MemFree:          119072 kB
Active:           312732 kB
Mem:          3.8G       3.7G       116M       5.7M        22M       3.2G

MemTotal:        4016004 kB
MemFree:          118824 kB
Active:           312756 kB
Mem:          3.8G       3.7G       116M       5.7M        22M       3.2G

MemTotal:        4016004 kB
MemFree:          119196 kB
Active:           312748 kB
Mem:          3.8G       3.7G       116M       5.7M        22M       3.2G

MemTotal:        4016004 kB
MemFree:          118948 kB
Active:           312764 kB
Mem:          3.8G       3.7G       116M       5.7M        22M       3.2G

MemTotal:        4016004 kB
MemFree:          119320 kB
Active:           312720 kB
Mem:          3.8G       3.7G       116M       5.7M        22M       3.2G

MemTotal:        4016004 kB
MemFree:          119072 kB
Active:           312748 kB
Mem:          3.8G       3.7G       116M       5.7M        22M       3.2G

MemTotal:        4016004 kB
MemFree:          118948 kB
Active:           312740 kB
Mem:          3.8G       3.7G       116M       5.7M        22M       3.2G

MemTotal:        4016004 kB
MemFree:          119072 kB
Active:           312736 kB
Mem:          3.8G       3.7G       116M       5.7M        22M       3.2G

MemTotal:        4016004 kB
MemFree:          118824 kB
Active:           312768 kB
Mem:          3.8G       3.7G       116M       5.7M        22M       3.2G

MemTotal:        4016004 kB
MemFree:          119196 kB
Active:           312728 kB
Mem:          3.8G       3.7G       116M       5.7M        22M       3.2G

MemTotal:        4016004 kB
MemFree:          119196 kB
Active:           312752 kB
Mem:          3.8G       3.7G       116M       5.7M        22M       3.2G

MemTotal:        4016004 kB
MemFree:          118824 kB
Active:           312776 kB
Mem:          3.8G       3.7G       116M       5.7M        22M       3.2G

MemTotal:        4016004 kB
MemFree:          119320 kB
Active:           312752 kB
Mem:          3.8G       3.7G       116M       5.7M        22M       3.2G

MemTotal:        4016004 kB
MemFree:          118948 kB
Active:           312780 kB
Mem:          3.8G       3.7G       116M       5.7M        22M       3.2G

MemTotal:        4016004 kB
MemFree:          119196 kB
Active:           312760 kB
Mem:          3.8G       3.7G       116M       5.7M        22M       3.2G

MemTotal:        4016004 kB
MemFree:          118576 kB
Active:           312788 kB
Mem:          3.8G       3.7G       116M       5.7M        22M       3.2G

MemTotal:        4016004 kB
MemFree:          118948 kB
Active:           312732 kB
Mem:          3.8G       3.7G       116M       5.7M        22M       3.2G

MemTotal:        4016004 kB
MemFree:          119072 kB
Active:           312784 kB
Mem:          3.8G       3.7G       116M       5.7M        22M       3.2G

MemTotal:        4016004 kB
MemFree:          118824 kB
Active:           312800 kB
Mem:          3.8G       3.7G       116M       5.7M        22M       3.2G

MemTotal:        4016004 kB
MemFree:          119196 kB
Active:           312804 kB
Mem:          3.8G       3.7G       116M       5.7M        22M       3.2G

MemTotal:        4016004 kB
MemFree:          118948 kB
Active:           312804 kB
Mem:          3.8G       3.7G       116M       5.7M        22M       3.2G

MemTotal:        4016004 kB
MemFree:          118700 kB
Active:           312804 kB
Mem:          3.8G       3.7G       115M       5.7M        22M       3.2G

MemTotal:        4016004 kB
MemFree:          118700 kB
Active:           312804 kB
Mem:          3.8G       3.7G       116M       5.7M        22M       3.2G

MemTotal:        4016004 kB
MemFree:          119320 kB
Active:           312772 kB
Mem:          3.8G       3.7G       116M       5.7M        22M       3.2G

MemTotal:        4016004 kB
MemFree:          119072 kB
Active:           312788 kB
Mem:          3.8G       3.7G       116M       5.7M        22M       3.2G

MemTotal:        4016004 kB
MemFree:          119072 kB
Active:           312772 kB
Mem:          3.8G       3.7G       116M       5.7M        22M       3.2G

MemTotal:        4016004 kB
MemFree:          119072 kB
Active:           312760 kB
Mem:          3.8G       3.7G       116M       5.7M        22M       3.2G

MemTotal:        4016004 kB
MemFree:          119196 kB
Active:           312792 kB
Mem:          3.8G       3.7G       116M       5.7M        22M       3.2G

MemTotal:        4016004 kB
MemFree:          119320 kB
Active:           312780 kB
Mem:          3.8G       3.7G       116M       5.7M        22M       3.2G

MemTotal:        4016004 kB
MemFree:          119320 kB
Active:           312756 kB
Mem:          3.8G       3.7G       116M       5.7M        22M       3.2G

MemTotal:        4016004 kB
MemFree:          119072 kB
Active:           312780 kB
Mem:          3.8G       3.7G       116M       5.7M        22M       3.2G

MemTotal:        4016004 kB
MemFree:          119320 kB
Active:           312760 kB
Mem:          3.8G       3.7G       116M       5.7M        22M       3.2G

MemTotal:        4016004 kB
MemFree:          118824 kB
Active:           312812 kB
Mem:          3.8G       3.7G       116M       5.7M        22M       3.2G

MemTotal:        4016004 kB
MemFree:          119072 kB
Active:           312796 kB
Mem:          3.8G       3.7G       116M       5.7M        22M       3.2G

MemTotal:        4016004 kB
MemFree:          119072 kB
Active:           312812 kB
Mem:          3.8G       3.7G       116M       5.7M        22M       3.2G

MemTotal:        4016004 kB
MemFree:          119320 kB
Active:           312792 kB
Mem:          3.8G       3.7G       116M       5.7M        22M       3.2G

MemTotal:        4016004 kB
MemFree:          119320 kB
Active:           312812 kB
Mem:          3.8G       3.7G       116M       5.7M        22M       3.2G

MemTotal:        4016004 kB
MemFree:          119196 kB
Active:           312800 kB
Mem:          3.8G       3.7G       116M       5.7M        22M       3.2G

MemTotal:        4016004 kB
MemFree:          119320 kB
Active:           312808 kB
Mem:          3.8G       3.7G       116M       5.7M        22M       3.2G

MemTotal:        4016004 kB
MemFree:          119320 kB
Active:           312788 kB
Mem:          3.8G       3.7G       116M       5.7M        22M       3.2G

MemTotal:        4016004 kB
MemFree:          119072 kB
Active:           312780 kB
Mem:          3.8G       3.7G       116M       5.7M        22M       3.2G

MemTotal:        4016004 kB
MemFree:          119196 kB
Active:           312780 kB
Mem:          3.8G       3.7G       116M       5.7M        22M       3.2G

MemTotal:        4016004 kB
MemFree:          118824 kB
Active:           312824 kB
Mem:          3.8G       3.7G       116M       5.7M        22M       3.2G

MemTotal:        4016004 kB
MemFree:          118824 kB
Active:           312768 kB
Mem:          3.8G       3.7G       116M       5.7M        22M       3.2G

MemTotal:        4016004 kB
MemFree:          119072 kB
Active:           312812 kB
Mem:          3.8G       3.7G       116M       5.7M        22M       3.2G

MemTotal:        4016004 kB
MemFree:          119072 kB
Active:           312796 kB
Mem:          3.8G       3.7G       116M       5.7M        22M       3.2G

MemTotal:        4016004 kB
MemFree:          118948 kB
Active:           312804 kB
Mem:          3.8G       3.7G       116M       5.7M        22M       3.2G

MemTotal:        4016004 kB
MemFree:          119072 kB
Active:           312800 kB
Mem:          3.8G       3.7G       116M       5.7M        22M       3.2G

MemTotal:        4016004 kB
MemFree:          118948 kB
Active:           312808 kB
Mem:          3.8G       3.7G       116M       5.7M        22M       3.2G

MemTotal:        4016004 kB
MemFree:          116776 kB
Active:           312776 kB
Mem:          3.8G       3.7G       113M       5.7M        22M       3.2G

MemTotal:        4016004 kB
MemFree:          116776 kB
Active:           314852 kB
Mem:          3.8G       3.7G       114M       5.7M        22M       3.2G

MemTotal:        4016004 kB
MemFree:          116900 kB
Active:           314856 kB
Mem:          3.8G       3.7G       114M       5.7M        22M       3.2G

MemTotal:        4016004 kB
MemFree:          116900 kB
Active:           314836 kB
Mem:          3.8G       3.7G       114M       5.7M        22M       3.2G

MemTotal:        4016004 kB
MemFree:          117024 kB
Active:           314876 kB
Mem:          3.8G       3.7G       114M       5.7M        22M       3.2G

MemTotal:        4016004 kB
MemFree:          117024 kB
Active:           314852 kB
Mem:          3.8G       3.7G       114M       5.7M        22M       3.2G

MemTotal:        4016004 kB
MemFree:          116652 kB
Active:           314884 kB
Mem:          3.8G       3.7G       114M       5.7M        22M       3.2G

MemTotal:        4016004 kB
MemFree:          116528 kB
Active:           314884 kB
Mem:          3.8G       3.7G       114M       5.7M        22M       3.2G

MemTotal:        4016004 kB
MemFree:          117024 kB
Active:           314860 kB
Mem:          3.8G       3.7G       114M       5.7M        22M       3.2G

MemTotal:        4016004 kB
MemFree:          116652 kB
Active:           314888 kB
Mem:          3.8G       3.7G       114M       5.7M        22M       3.2G

MemTotal:        4016004 kB
MemFree:          117148 kB
Active:           314836 kB
Mem:          3.8G       3.7G       114M       5.7M        22M       3.2G

MemTotal:        4016004 kB
MemFree:          117148 kB
Active:           314864 kB
Mem:          3.8G       3.7G       114M       5.7M        22M       3.2G

MemTotal:        4016004 kB
MemFree:          117148 kB
Active:           314840 kB
Mem:          3.8G       3.7G       114M       5.7M        22M       3.2G

MemTotal:        4016004 kB
MemFree:          117148 kB
Active:           314864 kB
Mem:          3.8G       3.7G       114M       5.7M        22M       3.2G

MemTotal:        4016004 kB
MemFree:          117148 kB
Active:           314840 kB
Mem:          3.8G       3.7G       114M       5.7M        22M       3.2G

MemTotal:        4016004 kB
MemFree:          117272 kB
Active:           314868 kB
Mem:          3.8G       3.7G       114M       5.7M        22M       3.2G

MemTotal:        4016004 kB
MemFree:          117024 kB
Active:           314848 kB
Mem:          3.8G       3.7G       113M       5.7M        22M       3.2G

MemTotal:        4016004 kB
MemFree:          117024 kB
Active:           314884 kB
Mem:          3.8G       3.7G       113M       5.7M        22M       3.2G

MemTotal:        4016004 kB
MemFree:          116900 kB
Active:           314872 kB
Mem:          3.8G       3.7G       114M       5.7M        22M       3.2G

MemTotal:        4016004 kB
MemFree:          116900 kB
Active:           314904 kB
Mem:          3.8G       3.7G       114M       5.7M        22M       3.2G

MemTotal:        4016004 kB
MemFree:          116404 kB
Active:           314912 kB
Mem:          3.8G       3.7G       113M       5.7M        22M       3.2G

MemTotal:        4016004 kB
MemFree:          117024 kB
Active:           314896 kB
Mem:          3.8G       3.7G       114M       5.7M        22M       3.2G

MemTotal:        4016004 kB
MemFree:          117272 kB
Active:           314876 kB
Mem:          3.8G       3.7G       114M       5.7M        22M       3.2G

MemTotal:        4016004 kB
MemFree:          117272 kB
Active:           314856 kB
Mem:          3.8G       3.7G       114M       5.7M        22M       3.2G

MemTotal:        4016004 kB
MemFree:          116900 kB
Active:           314880 kB
Mem:          3.8G       3.7G       114M       5.7M        22M       3.2G

MemTotal:        4016004 kB
MemFree:          117024 kB
Active:           314876 kB
Mem:          3.8G       3.7G       114M       5.7M        22M       3.2G

MemTotal:        4016004 kB
MemFree:          117024 kB
Active:           314876 kB
Mem:          3.8G       3.7G       114M       5.7M        22M       3.2G

MemTotal:        4016004 kB
MemFree:          116528 kB
Active:           314928 kB
Mem:          3.8G       3.7G       114M       5.7M        22M       3.2G

MemTotal:        4016004 kB
MemFree:          116404 kB
Active:           314928 kB
Mem:          3.8G       3.7G       113M       5.7M        22M       3.2G

MemTotal:        4016004 kB
MemFree:          117024 kB
Active:           314896 kB
Mem:          3.8G       3.7G       113M       5.7M        22M       3.2G

MemTotal:        4016004 kB
MemFree:          117024 kB
Active:           314884 kB
Mem:          3.8G       3.7G       114M       5.7M        22M       3.2G

MemTotal:        4016004 kB
MemFree:          116652 kB
Active:           314936 kB
Mem:          3.8G       3.7G       114M       5.7M        22M       3.2G

MemTotal:        4016004 kB
MemFree:          117024 kB
Active:           314908 kB
Mem:          3.8G       3.7G       114M       5.7M        22M       3.2G

MemTotal:        4016004 kB
MemFree:          117148 kB
Active:           314928 kB
Mem:          3.8G       3.7G       114M       5.7M        22M       3.2G

MemTotal:        4016004 kB
MemFree:          116900 kB
Active:           314932 kB
Mem:          3.8G       3.7G       113M       5.7M        22M       3.2G

MemTotal:        4016004 kB
MemFree:          116528 kB
Active:           314940 kB
Mem:          3.8G       3.7G       114M       5.7M        22M       3.2G

MemTotal:        4016004 kB
MemFree:          117024 kB
Active:           314892 kB
Mem:          3.8G       3.7G       114M       5.7M        22M       3.2G

MemTotal:        4016004 kB
MemFree:          116652 kB
Active:           314944 kB
Mem:          3.8G       3.7G       114M       5.7M        22M       3.2G

MemTotal:        4016004 kB
MemFree:          116776 kB
Active:           314888 kB
Mem:          3.8G       3.7G       114M       5.7M        22M       3.2G

MemTotal:        4016004 kB
MemFree:          116776 kB
Active:           314888 kB
Mem:          3.8G       3.7G       114M       5.7M        22M       3.2G

MemTotal:        4016004 kB
MemFree:          116776 kB
Active:           314924 kB
Mem:          3.8G       3.7G       114M       5.7M        22M       3.2G

MemTotal:        4016004 kB
MemFree:          116900 kB
Active:           314912 kB
Mem:          3.8G       3.7G       114M       5.7M        22M       3.2G

MemTotal:        4016004 kB
MemFree:          116776 kB
Active:           314928 kB
Mem:          3.8G       3.7G       113M       5.7M        22M       3.2G

MemTotal:        4016004 kB
MemFree:          117024 kB
Active:           314940 kB
Mem:          3.8G       3.7G       114M       5.7M        22M       3.2G

MemTotal:        4016004 kB
MemFree:          116652 kB
Active:           314952 kB
Mem:          3.8G       3.7G       114M       5.7M        22M       3.2G

MemTotal:        4016004 kB
MemFree:          116900 kB
Active:           314916 kB
Mem:          3.8G       3.7G       114M       5.7M        22M       3.2G

MemTotal:        4016004 kB
MemFree:          117024 kB
Active:           314924 kB
Mem:          3.8G       3.7G       113M       5.7M        22M       3.2G

MemTotal:        4016004 kB
MemFree:          116528 kB
Active:           314936 kB
Mem:          3.8G       3.7G       114M       5.7M        22M       3.2G

MemTotal:        4016004 kB
MemFree:          116528 kB
Active:           314952 kB
Mem:          3.8G       3.7G       114M       5.7M        22M       3.2G

MemTotal:        4016004 kB
MemFree:          116776 kB
Active:           314952 kB
Mem:          3.8G       3.7G       114M       5.7M        22M       3.2G

MemTotal:        4016004 kB
MemFree:          116900 kB
Active:           314944 kB
Mem:          3.8G       3.7G       113M       5.7M        22M       3.2G

MemTotal:        4016004 kB
MemFree:          116528 kB
Active:           314972 kB
Mem:          3.8G       3.7G       113M       5.7M        22M       3.2G

MemTotal:        4016004 kB
MemFree:          116900 kB
Active:           314936 kB
Mem:          3.8G       3.7G       113M       5.7M        22M       3.2G

MemTotal:        4016004 kB
MemFree:          116776 kB
Active:           314972 kB
Mem:          3.8G       3.7G       114M       5.7M        22M       3.2G

MemTotal:        4016004 kB
MemFree:          116900 kB
Active:           314916 kB
Mem:          3.8G       3.7G       113M       5.7M        22M       3.2G

MemTotal:        4016004 kB
MemFree:          116528 kB
Active:           314972 kB
Mem:          3.8G       3.7G       114M       5.7M        22M       3.2G

MemTotal:        4016004 kB
MemFree:          116900 kB
Active:           314920 kB
Mem:          3.8G       3.7G       114M       5.7M        22M       3.2G

MemTotal:        4016004 kB
MemFree:          116900 kB
Active:           314964 kB
Mem:          3.8G       3.7G       114M       5.7M        22M       3.2G

MemTotal:        4016004 kB
MemFree:          116652 kB
Active:           314980 kB
Mem:          3.8G       3.7G       114M       5.7M        22M       3.2G

MemTotal:        4016004 kB
MemFree:          117024 kB
Active:           314924 kB
Mem:          3.8G       3.7G       114M       5.7M        22M       3.2G

MemTotal:        4016004 kB
MemFree:          117024 kB
Active:           314976 kB
Mem:          3.8G       3.7G       114M       5.7M        22M       3.2G

MemTotal:        4016004 kB
MemFree:          117024 kB
Active:           314964 kB
Mem:          3.8G       3.7G       114M       5.7M        22M       3.2G

MemTotal:        4016004 kB
MemFree:          116652 kB
Active:           314984 kB
Mem:          3.8G       3.7G       114M       5.7M        22M       3.2G

MemTotal:        4016004 kB
MemFree:          116404 kB
Active:           314984 kB
Mem:          3.8G       3.7G       113M       5.7M        22M       3.2G

MemTotal:        4016004 kB
MemFree:          116900 kB
Active:           314948 kB
Mem:          3.8G       3.7G       114M       5.7M        22M       3.2G

MemTotal:        4016004 kB
MemFree:          116916 kB
Active:           314948 kB
Mem:          3.8G       3.7G       114M       5.7M        22M       3.2G

MemTotal:        4016004 kB
MemFree:          116792 kB
Active:           314944 kB
Mem:          3.8G       3.7G       114M       5.7M        22M       3.2G

MemTotal:        4016004 kB
MemFree:          116792 kB
Active:           314944 kB
Mem:          3.8G       3.7G       114M       5.7M        22M       3.2G

MemTotal:        4016004 kB
MemFree:          116916 kB
Active:           314952 kB
Mem:          3.8G       3.7G       114M       5.7M        22M       3.2G

MemTotal:        4016004 kB
MemFree:          116916 kB
Active:           315000 kB
Mem:          3.8G       3.7G       114M       5.7M        22M       3.2G

MemTotal:        4016004 kB
MemFree:          116544 kB
Active:           315012 kB
Mem:          3.8G       3.7G       114M       5.7M        22M       3.2G

MemTotal:        4016004 kB
MemFree:          116916 kB
Active:           315004 kB
Mem:          3.8G       3.7G       114M       5.7M        22M       3.2G

MemTotal:        4016004 kB
MemFree:          116420 kB
Active:           315020 kB
Mem:          3.8G       3.7G       113M       5.7M        22M       3.2G

MemTotal:        4016004 kB
MemFree:          116296 kB
Active:           315020 kB
Mem:          3.8G       3.7G       113M       5.7M        22M       3.2G

MemTotal:        4016004 kB
MemFree:          116792 kB
Active:           315004 kB
Mem:          3.8G       3.7G       113M       5.7M        22M       3.2G

MemTotal:        4016004 kB
MemFree:          116792 kB
Active:           315000 kB
Mem:          3.8G       3.7G       114M       5.7M        22M       3.2G

MemTotal:        4016004 kB
MemFree:          116792 kB
Active:           315020 kB
Mem:          3.8G       3.7G       114M       5.7M        22M       3.2G

MemTotal:        4016004 kB
MemFree:          116792 kB
Active:           315012 kB
Mem:          3.8G       3.7G       114M       5.7M        22M       3.2G

MemTotal:        4016004 kB
MemFree:          116916 kB
Active:           315000 kB
Mem:          3.8G       3.7G       114M       5.7M        22M       3.2G

MemTotal:        4016004 kB
MemFree:          116916 kB
Active:           315032 kB
Mem:          3.8G       3.7G       114M       5.7M        22M       3.2G

MemTotal:        4016004 kB
MemFree:          116420 kB
Active:           315040 kB
Mem:          3.8G       3.7G       113M       5.7M        22M       3.2G

MemTotal:        4016004 kB
MemFree:          116792 kB
Active:           315020 kB
Mem:          3.8G       3.7G       114M       5.7M        22M       3.2G

MemTotal:        4016004 kB
MemFree:          116668 kB
Active:           315008 kB
Mem:          3.8G       3.7G       113M       5.7M        22M       3.2G

MemTotal:        4016004 kB
MemFree:          116420 kB
Active:           315052 kB
Mem:          3.8G       3.7G       113M       5.7M        22M       3.2G

MemTotal:        4016004 kB
MemFree:          116792 kB
Active:           315012 kB
Mem:          3.8G       3.7G       114M       5.7M        22M       3.2G

MemTotal:        4016004 kB
MemFree:          116792 kB
Active:           315004 kB
Mem:          3.8G       3.7G       114M       5.7M        22M       3.2G

MemTotal:        4016004 kB
MemFree:          116792 kB
Active:           315020 kB
Mem:          3.8G       3.7G       113M       5.7M        22M       3.2G

MemTotal:        4016004 kB
MemFree:          116296 kB
Active:           315068 kB
Mem:          3.8G       3.7G       113M       5.7M        22M       3.2G

MemTotal:        4016004 kB
MemFree:          116792 kB
Active:           315064 kB
Mem:          3.8G       3.7G       114M       5.7M        22M       3.2G

MemTotal:        4016004 kB
MemFree:          116420 kB
Active:           315068 kB
Mem:          3.8G       3.7G       113M       5.7M        22M       3.2G

MemTotal:        4016004 kB
MemFree:          116420 kB
Active:           315028 kB
Mem:          3.8G       3.7G       113M       5.7M        22M       3.2G

MemTotal:        4016004 kB
MemFree:          116544 kB
Active:           315036 kB
Mem:          3.8G       3.7G       113M       5.7M        22M       3.2G

MemTotal:        4016004 kB
MemFree:          116544 kB
Active:           315060 kB
Mem:          3.8G       3.7G       113M       5.7M        22M       3.2G

MemTotal:        4016004 kB
MemFree:          116048 kB
Active:           315108 kB
Mem:          3.8G       3.7G       113M       5.7M        22M       3.2G

MemTotal:        4016004 kB
MemFree:          116544 kB
Active:           315084 kB
Mem:          3.8G       3.7G       113M       5.7M        22M       3.2G

MemTotal:        4016004 kB
MemFree:          116544 kB
Active:           315080 kB
Mem:          3.8G       3.7G       113M       5.7M        22M       3.2G

MemTotal:        4016004 kB
MemFree:          116420 kB
Active:           315072 kB
Mem:          3.8G       3.7G       113M       5.7M        22M       3.2G

MemTotal:        4016004 kB
MemFree:          116032 kB
Active:           315128 kB
Mem:          3.8G       3.7G       113M       5.7M        22M       3.2G

MemTotal:        4016004 kB
MemFree:          116528 kB
Active:           315132 kB
Mem:          3.8G       3.7G       113M       5.7M        22M       3.2G

MemTotal:        4016004 kB
MemFree:          116652 kB
Active:           315076 kB
Mem:          3.8G       3.7G       113M       5.7M        22M       3.2G

MemTotal:        4016004 kB
MemFree:          116280 kB
Active:           315140 kB
Mem:          3.8G       3.7G       113M       5.7M        22M       3.2G

