MemTotal:        4016004 kB
MemFree:         3253144 kB
Active:           406272 kB
Mem:          3.8G       744M       3.1G       5.7M        50M       319M

MemTotal:        4016004 kB
MemFree:         3253860 kB
Active:           406196 kB
Mem:          3.8G       744M       3.1G       5.7M        50M       319M

MemTotal:        4016004 kB
MemFree:         3253828 kB
Active:           406268 kB
Mem:          3.8G       744M       3.1G       5.7M        50M       319M

MemTotal:        4016004 kB
MemFree:         3253672 kB
Active:           406312 kB
Mem:          3.8G       744M       3.1G       5.7M        50M       319M

MemTotal:        4016004 kB
MemFree:         3254556 kB
Active:           406288 kB
Mem:          3.8G       743M       3.1G       5.7M        50M       319M

MemTotal:        4016004 kB
MemFree:         3254664 kB
Active:           406268 kB
Mem:          3.8G       743M       3.1G       5.7M        50M       319M

MemTotal:        4016004 kB
MemFree:         3254804 kB
Active:           406296 kB
Mem:          3.8G       743M       3.1G       5.7M        50M       319M

MemTotal:        4016004 kB
MemFree:         3254664 kB
Active:           406324 kB
Mem:          3.8G       743M       3.1G       5.7M        50M       319M

MemTotal:        4016004 kB
MemFree:         3254400 kB
Active:           406324 kB
Mem:          3.8G       743M       3.1G       5.7M        50M       319M

MemTotal:        4016004 kB
MemFree:         3254508 kB
Active:           406288 kB
Mem:          3.8G       743M       3.1G       5.7M        50M       319M

MemTotal:        4016004 kB
MemFree:         3254616 kB
Active:           406300 kB
Mem:          3.8G       743M       3.1G       5.7M        50M       319M

MemTotal:        4016004 kB
MemFree:         3254104 kB
Active:           406324 kB
Mem:          3.8G       743M       3.1G       5.7M        50M       319M

MemTotal:        4016004 kB
MemFree:         3254600 kB
Active:           406288 kB
Mem:          3.8G       743M       3.1G       5.7M        50M       319M

MemTotal:        4016004 kB
MemFree:         3254460 kB
Active:           406292 kB
Mem:          3.8G       743M       3.1G       5.7M        50M       319M

MemTotal:        4016004 kB
MemFree:         3252552 kB
Active:           406300 kB
Mem:          3.8G       745M       3.1G       5.7M        50M       319M

MemTotal:        4016004 kB
MemFree:         3252924 kB
Active:           408304 kB
Mem:          3.8G       745M       3.1G       5.7M        50M       319M

MemTotal:        4016004 kB
MemFree:         3252924 kB
Active:           408312 kB
Mem:          3.8G       745M       3.1G       5.7M        50M       319M

MemTotal:        4016004 kB
MemFree:         3252552 kB
Active:           408344 kB
Mem:          3.8G       745M       3.1G       5.7M        50M       319M

MemTotal:        4016004 kB
MemFree:         3252552 kB
Active:           408352 kB
Mem:          3.8G       745M       3.1G       5.7M        50M       319M

MemTotal:        4016004 kB
MemFree:         3252536 kB
Active:           408344 kB
Mem:          3.8G       745M       3.1G       5.7M        50M       319M

MemTotal:        4016004 kB
MemFree:         3252148 kB
Active:           408360 kB
Mem:          3.8G       746M       3.1G       5.7M        50M       319M

MemTotal:        4016004 kB
MemFree:         3252148 kB
Active:           408320 kB
Mem:          3.8G       745M       3.1G       5.7M        50M       319M

MemTotal:        4016004 kB
MemFree:         3252180 kB
Active:           408360 kB
Mem:          3.8G       745M       3.1G       5.7M        50M       319M

MemTotal:        4016004 kB
MemFree:         3252304 kB
Active:           408348 kB
Mem:          3.8G       745M       3.1G       5.7M        50M       319M

MemTotal:        4016004 kB
MemFree:         3252180 kB
Active:           408344 kB
Mem:          3.8G       745M       3.1G       5.7M        50M       319M

MemTotal:        4016004 kB
MemFree:         3251932 kB
Active:           408364 kB
Mem:          3.8G       745M       3.1G       5.7M        50M       319M

MemTotal:        4016004 kB
MemFree:         3252552 kB
Active:           408316 kB
Mem:          3.8G       745M       3.1G       5.7M        50M       319M

MemTotal:        4016004 kB
MemFree:         3252180 kB
Active:           408324 kB
Mem:          3.8G       745M       3.1G       5.7M        50M       319M

MemTotal:        4016004 kB
MemFree:         3252304 kB
Active:           408344 kB
Mem:          3.8G       745M       3.1G       5.7M        50M       319M

MemTotal:        4016004 kB
MemFree:         3252304 kB
Active:           408320 kB
Mem:          3.8G       746M       3.1G       5.7M        50M       319M

MemTotal:        4016004 kB
MemFree:         3252428 kB
Active:           408340 kB
Mem:          3.8G       745M       3.1G       5.7M        50M       319M

MemTotal:        4016004 kB
MemFree:         3252428 kB
Active:           408356 kB
Mem:          3.8G       745M       3.1G       5.7M        50M       319M

MemTotal:        4016004 kB
MemFree:         3252428 kB
Active:           408312 kB
Mem:          3.8G       745M       3.1G       5.7M        50M       319M

MemTotal:        4016004 kB
MemFree:         3252304 kB
Active:           408328 kB
Mem:          3.8G       745M       3.1G       5.7M        50M       319M

MemTotal:        4016004 kB
MemFree:         3251932 kB
Active:           408380 kB
Mem:          3.8G       745M       3.1G       5.7M        50M       319M

MemTotal:        4016004 kB
MemFree:         3252428 kB
Active:           408360 kB
Mem:          3.8G       745M       3.1G       5.7M        50M       319M

MemTotal:        4016004 kB
MemFree:         3252552 kB
Active:           408360 kB
Mem:          3.8G       745M       3.1G       5.7M        50M       319M

MemTotal:        4016004 kB
MemFree:         3252304 kB
Active:           408376 kB
Mem:          3.8G       745M       3.1G       5.7M        50M       319M

MemTotal:        4016004 kB
MemFree:         3252412 kB
Active:           408368 kB
Mem:          3.8G       745M       3.1G       5.7M        50M       319M

MemTotal:        4016004 kB
MemFree:         3252400 kB
Active:           408380 kB
Mem:          3.8G       745M       3.1G       5.7M        50M       319M

MemTotal:        4016004 kB
MemFree:         3252524 kB
Active:           408372 kB
Mem:          3.8G       745M       3.1G       5.7M        50M       319M

MemTotal:        4016004 kB
MemFree:         3252400 kB
Active:           408396 kB
Mem:          3.8G       745M       3.1G       5.7M        50M       319M

MemTotal:        4016004 kB
MemFree:         3252400 kB
Active:           408340 kB
Mem:          3.8G       745M       3.1G       5.7M        50M       319M

MemTotal:        4016004 kB
MemFree:         3252524 kB
Active:           408356 kB
Mem:          3.8G       745M       3.1G       5.7M        50M       319M

MemTotal:        4016004 kB
MemFree:         3252452 kB
Active:           406500 kB
Mem:          3.8G       745M       3.1G       5.7M        50M       319M

MemTotal:        4016004 kB
MemFree:         3252460 kB
Active:           408404 kB
Mem:          3.8G       745M       3.1G       5.7M        50M       319M

MemTotal:        4016004 kB
MemFree:         3252584 kB
Active:           408412 kB
Mem:          3.8G       745M       3.1G       5.7M        50M       319M

MemTotal:        4016004 kB
MemFree:         3252584 kB
Active:           408396 kB
Mem:          3.8G       745M       3.1G       5.7M        50M       319M

MemTotal:        4016004 kB
MemFree:         3252584 kB
Active:           408392 kB
Mem:          3.8G       745M       3.1G       5.7M        50M       319M

MemTotal:        4016004 kB
MemFree:         3252708 kB
Active:           408368 kB
Mem:          3.8G       745M       3.1G       5.7M        50M       319M

MemTotal:        4016004 kB
MemFree:         3252568 kB
Active:           408388 kB
Mem:          3.8G       745M       3.1G       5.7M        50M       319M

MemTotal:        4016004 kB
MemFree:         3252692 kB
Active:           408416 kB
Mem:          3.8G       745M       3.1G       5.7M        50M       319M

MemTotal:        4016004 kB
MemFree:         3252568 kB
Active:           408424 kB
Mem:          3.8G       745M       3.1G       5.7M        50M       319M

MemTotal:        4016004 kB
MemFree:         3252196 kB
Active:           408456 kB
Mem:          3.8G       745M       3.1G       5.7M        50M       319M

MemTotal:        4016004 kB
MemFree:         3252016 kB
Active:           406536 kB
Mem:          3.8G       745M       3.1G       5.7M        50M       319M

MemTotal:        4016004 kB
MemFree:         3252844 kB
Active:           408432 kB
Mem:          3.8G       745M       3.1G       5.7M        50M       319M

MemTotal:        4016004 kB
MemFree:         3252704 kB
Active:           408436 kB
Mem:          3.8G       745M       3.1G       5.7M        50M       319M

MemTotal:        4016004 kB
MemFree:         3252812 kB
Active:           408452 kB
Mem:          3.8G       745M       3.1G       5.7M        50M       319M

MemTotal:        4016004 kB
MemFree:         3252796 kB
Active:           408460 kB
Mem:          3.8G       745M       3.1G       5.7M        50M       319M

MemTotal:        4016004 kB
MemFree:         3252656 kB
Active:           408456 kB
Mem:          3.8G       745M       3.1G       5.7M        50M       319M

MemTotal:        4016004 kB
MemFree:         3252780 kB
Active:           408416 kB
Mem:          3.8G       745M       3.1G       5.7M        50M       319M

MemTotal:        4016004 kB
MemFree:         3252764 kB
Active:           408440 kB
Mem:          3.8G       745M       3.1G       5.7M        50M       319M

MemTotal:        4016004 kB
MemFree:         3252392 kB
Active:           408472 kB
Mem:          3.8G       745M       3.1G       5.7M        50M       319M

MemTotal:        4016004 kB
MemFree:         3252252 kB
Active:           408448 kB
Mem:          3.8G       746M       3.1G       5.7M        50M       319M

MemTotal:        4016004 kB
MemFree:         3252252 kB
Active:           408460 kB
Mem:          3.8G       746M       3.1G       5.7M        50M       319M

MemTotal:        4016004 kB
MemFree:         3252376 kB
Active:           408424 kB
Mem:          3.8G       745M       3.1G       5.7M        50M       319M

MemTotal:        4016004 kB
MemFree:         3252236 kB
Active:           408432 kB
Mem:          3.8G       746M       3.1G       5.7M        50M       319M

MemTotal:        4016004 kB
MemFree:         3252112 kB
Active:           408460 kB
Mem:          3.8G       745M       3.1G       5.7M        50M       319M

MemTotal:        4016004 kB
MemFree:         3252468 kB
Active:           408436 kB
Mem:          3.8G       745M       3.1G       5.7M        50M       319M

MemTotal:        4016004 kB
MemFree:         3252080 kB
Active:           408432 kB
Mem:          3.8G       745M       3.1G       5.7M        50M       319M

MemTotal:        4016004 kB
MemFree:         3252064 kB
Active:           408420 kB
Mem:          3.8G       746M       3.1G       5.7M        50M       319M

MemTotal:        4016004 kB
MemFree:         3252080 kB
Active:           408436 kB
Mem:          3.8G       745M       3.1G       5.7M        50M       319M

MemTotal:        4016004 kB
MemFree:         3252156 kB
Active:           408428 kB
Mem:          3.8G       746M       3.1G       5.7M        50M       319M

MemTotal:        4016004 kB
MemFree:         3252284 kB
Active:           408464 kB
Mem:          3.8G       745M       3.1G       5.7M        50M       319M

MemTotal:        4016004 kB
MemFree:         3252284 kB
Active:           408452 kB
Mem:          3.8G       746M       3.1G       5.7M        50M       319M

MemTotal:        4016004 kB
MemFree:         3252160 kB
Active:           408460 kB
Mem:          3.8G       745M       3.1G       5.7M        50M       319M

MemTotal:        4016004 kB
MemFree:         3252284 kB
Active:           408452 kB
Mem:          3.8G       745M       3.1G       5.7M        50M       319M

MemTotal:        4016004 kB
MemFree:         3252408 kB
Active:           408464 kB
Mem:          3.8G       745M       3.1G       5.7M        50M       319M

MemTotal:        4016004 kB
MemFree:         3252160 kB
Active:           408452 kB
Mem:          3.8G       745M       3.1G       5.7M        50M       319M

MemTotal:        4016004 kB
MemFree:         3251912 kB
Active:           408488 kB
Mem:          3.8G       746M       3.1G       5.7M        50M       319M

MemTotal:        4016004 kB
MemFree:         3251788 kB
Active:           408448 kB
Mem:          3.8G       746M       3.1G       5.7M        50M       319M

MemTotal:        4016004 kB
MemFree:         3251664 kB
Active:           408456 kB
Mem:          3.8G       746M       3.1G       5.7M        50M       319M

MemTotal:        4016004 kB
MemFree:         3251416 kB
Active:           408488 kB
Mem:          3.8G       746M       3.1G       5.7M        50M       319M

MemTotal:        4016004 kB
MemFree:         3251896 kB
Active:           408484 kB
Mem:          3.8G       746M       3.1G       5.7M        50M       319M

MemTotal:        4016004 kB
MemFree:         3252020 kB
Active:           408448 kB
Mem:          3.8G       746M       3.1G       5.7M        50M       319M

MemTotal:        4016004 kB
MemFree:         3252004 kB
Active:           408468 kB
Mem:          3.8G       746M       3.1G       5.7M        50M       319M

MemTotal:        4016004 kB
MemFree:         3252012 kB
Active:           408468 kB
Mem:          3.8G       746M       3.1G       5.7M        50M       319M

MemTotal:        4016004 kB
MemFree:         3251872 kB
Active:           408472 kB
Mem:          3.8G       746M       3.1G       5.7M        50M       319M

MemTotal:        4016004 kB
MemFree:         3251812 kB
Active:           408472 kB
Mem:          3.8G       746M       3.1G       5.7M        50M       319M

MemTotal:        4016004 kB
MemFree:         3251812 kB
Active:           408488 kB
Mem:          3.8G       746M       3.1G       5.7M        50M       319M

MemTotal:        4016004 kB
MemFree:         3252060 kB
Active:           408480 kB
Mem:          3.8G       746M       3.1G       5.7M        50M       319M

MemTotal:        4016004 kB
MemFree:         3251688 kB
Active:           408512 kB
Mem:          3.8G       746M       3.1G       5.7M        50M       319M

MemTotal:        4016004 kB
MemFree:         3252060 kB
Active:           408516 kB
Mem:          3.8G       745M       3.1G       5.7M        50M       319M

MemTotal:        4016004 kB
MemFree:         3250964 kB
Active:           406512 kB
Mem:          3.8G       746M       3.1G       5.7M        50M       319M

MemTotal:        4016004 kB
MemFree:         3251432 kB
Active:           408516 kB
Mem:          3.8G       746M       3.1G       5.7M        50M       319M

MemTotal:        4016004 kB
MemFree:         3252176 kB
Active:           408484 kB
Mem:          3.8G       745M       3.1G       5.7M        50M       319M

MemTotal:        4016004 kB
MemFree:         3252424 kB
Active:           408488 kB
Mem:          3.8G       745M       3.1G       5.7M        50M       319M

MemTotal:        4016004 kB
MemFree:         3252672 kB
Active:           408508 kB
Mem:          3.8G       745M       3.1G       5.7M        50M       319M

MemTotal:        4016004 kB
MemFree:         3252424 kB
Active:           408500 kB
Mem:          3.8G       745M       3.1G       5.7M        50M       319M

MemTotal:        4016004 kB
MemFree:         3252300 kB
Active:           408488 kB
Mem:          3.8G       745M       3.1G       5.7M        50M       319M

MemTotal:        4016004 kB
MemFree:         3252144 kB
Active:           408504 kB
Mem:          3.8G       746M       3.1G       5.7M        50M       319M

MemTotal:        4016004 kB
MemFree:         3207496 kB
Active:           409180 kB
Mem:          3.8G       790M       3.1G       5.7M        50M       363M

MemTotal:        4016004 kB
MemFree:         3157956 kB
Active:           409208 kB
Mem:          3.8G       838M       3.0G       5.7M        50M       411M

MemTotal:        4016004 kB
MemFree:         3107108 kB
Active:           407356 kB
Mem:          3.8G       888M       3.0G       5.7M        50M       459M

MemTotal:        4016004 kB
MemFree:         3058192 kB
Active:           409236 kB
Mem:          3.8G       936M       2.9G       5.7M        50M       506M

MemTotal:        4016004 kB
MemFree:         3008728 kB
Active:           409312 kB
Mem:          3.8G       984M       2.9G       5.7M        51M       553M

MemTotal:        4016004 kB
MemFree:         2959016 kB
Active:           409312 kB
Mem:          3.8G       1.0G       2.8G       5.7M        51M       601M

MemTotal:        4016004 kB
MemFree:         2909676 kB
Active:           409332 kB
Mem:          3.8G       1.1G       2.8G       5.7M        51M       648M

MemTotal:        4016004 kB
MemFree:         2860708 kB
Active:           409336 kB
Mem:          3.8G       1.1G       2.7G       5.7M        51M       695M

MemTotal:        4016004 kB
MemFree:         2818312 kB
Active:           409388 kB
Mem:          3.8G       1.1G       2.7G       5.7M        51M       735M

MemTotal:        4016004 kB
MemFree:         2800812 kB
Active:           409416 kB
Mem:          3.8G       1.2G       2.7G       5.7M        51M       753M

MemTotal:        4016004 kB
MemFree:         2752604 kB
Active:           409436 kB
Mem:          3.8G       1.2G       2.6G       5.7M        51M       800M

MemTotal:        4016004 kB
MemFree:         2718780 kB
Active:           409496 kB
Mem:          3.8G       1.2G       2.6G       5.7M        51M       831M

MemTotal:        4016004 kB
MemFree:         2717084 kB
Active:           407476 kB
Mem:          3.8G       1.2G       2.6G       5.7M        51M       832M

MemTotal:        4016004 kB
MemFree:         2690008 kB
Active:           409584 kB
Mem:          3.8G       1.3G       2.6G       5.7M        51M       859M

MemTotal:        4016004 kB
MemFree:         2640488 kB
Active:           409596 kB
Mem:          3.8G       1.3G       2.5G       5.7M        51M       906M

MemTotal:        4016004 kB
MemFree:         2609924 kB
Active:           409580 kB
Mem:          3.8G       1.3G       2.5G       5.7M        51M       936M

MemTotal:        4016004 kB
MemFree:         2559840 kB
Active:           409604 kB
Mem:          3.8G       1.4G       2.4G       5.7M        51M       984M

MemTotal:        4016004 kB
MemFree:         2510500 kB
Active:           409660 kB
Mem:          3.8G       1.4G       2.4G       5.7M        51M       1.0G

MemTotal:        4016004 kB
MemFree:         2461036 kB
Active:           409692 kB
Mem:          3.8G       1.5G       2.3G       5.7M        51M       1.1G

MemTotal:        4016004 kB
MemFree:         2411324 kB
Active:           409720 kB
Mem:          3.8G       1.5G       2.3G       5.7M        51M       1.1G

MemTotal:        4016004 kB
MemFree:         2361980 kB
Active:           409740 kB
Mem:          3.8G       1.6G       2.3G       5.7M        51M       1.1G

MemTotal:        4016004 kB
MemFree:         2312548 kB
Active:           409772 kB
Mem:          3.8G       1.6G       2.2G       5.7M        51M       1.2G

MemTotal:        4016004 kB
MemFree:         2263504 kB
Active:           409776 kB
Mem:          3.8G       1.7G       2.2G       5.7M        51M       1.2G

MemTotal:        4016004 kB
MemFree:         2262144 kB
Active:           409768 kB
Mem:          3.8G       1.7G       2.2G       5.7M        51M       1.2G

MemTotal:        4016004 kB
MemFree:         2243420 kB
Active:           409768 kB
Mem:          3.8G       1.7G       2.1G       5.7M        51M       1.3G

MemTotal:        4016004 kB
MemFree:         2243208 kB
Active:           409828 kB
Mem:          3.8G       1.7G       2.1G       5.7M        51M       1.3G

MemTotal:        4016004 kB
MemFree:         2234100 kB
Active:           409848 kB
Mem:          3.8G       1.7G       2.1G       5.7M        51M       1.3G

MemTotal:        4016004 kB
MemFree:         2184016 kB
Active:           409844 kB
Mem:          3.8G       1.7G       2.1G       5.7M        51M       1.3G

MemTotal:        4016004 kB
MemFree:         2134676 kB
Active:           409912 kB
Mem:          3.8G       1.8G       2.0G       5.7M        51M       1.4G

MemTotal:        4016004 kB
MemFree:         2085848 kB
Active:           409920 kB
Mem:          3.8G       1.8G       2.0G       5.7M        51M       1.4G

MemTotal:        4016004 kB
MemFree:         2036756 kB
Active:           409920 kB
Mem:          3.8G       1.9G       1.9G       5.7M        51M       1.5G

MemTotal:        4016004 kB
MemFree:         1985864 kB
Active:           411984 kB
Mem:          3.8G       1.9G       1.9G       5.7M        51M       1.5G

MemTotal:        4016004 kB
MemFree:         1935780 kB
Active:           412004 kB
Mem:          3.8G       2.0G       1.8G       5.7M        51M       1.5G

MemTotal:        4016004 kB
MemFree:         1886840 kB
Active:           412024 kB
Mem:          3.8G       2.0G       1.8G       5.7M        51M       1.6G

MemTotal:        4016004 kB
MemFree:         1858600 kB
Active:           412040 kB
Mem:          3.8G       2.1G       1.8G       5.7M        51M       1.6G

MemTotal:        4016004 kB
MemFree:         1816124 kB
Active:           412064 kB
Mem:          3.8G       2.1G       1.7G       5.7M        51M       1.7G

MemTotal:        4016004 kB
MemFree:         1814472 kB
Active:           412088 kB
Mem:          3.8G       2.1G       1.7G       5.7M        51M       1.7G

MemTotal:        4016004 kB
MemFree:         1793468 kB
Active:           412136 kB
Mem:          3.8G       2.1G       1.7G       5.7M        51M       1.7G

MemTotal:        4016004 kB
MemFree:         1752100 kB
Active:           412116 kB
Mem:          3.8G       2.2G       1.7G       5.7M        51M       1.7G

MemTotal:        4016004 kB
MemFree:         1743056 kB
Active:           412168 kB
Mem:          3.8G       2.2G       1.7G       5.7M        51M       1.7G

MemTotal:        4016004 kB
MemFree:         1693324 kB
Active:           410288 kB
Mem:          3.8G       2.2G       1.6G       5.7M        51M       1.8G

MemTotal:        4016004 kB
MemFree:         1644064 kB
Active:           412228 kB
Mem:          3.8G       2.3G       1.6G       5.7M        51M       1.8G

MemTotal:        4016004 kB
MemFree:         1595732 kB
Active:           412228 kB
Mem:          3.8G       2.3G       1.5G       5.7M        51M       1.9G

MemTotal:        4016004 kB
MemFree:         1546640 kB
Active:           412268 kB
Mem:          3.8G       2.4G       1.5G       5.7M        51M       1.9G

MemTotal:        4016004 kB
MemFree:         1498728 kB
Active:           412280 kB
Mem:          3.8G       2.4G       1.4G       5.7M        51M       2.0G

MemTotal:        4016004 kB
MemFree:         1450036 kB
Active:           412284 kB
Mem:          3.8G       2.4G       1.4G       5.7M        51M       2.0G

MemTotal:        4016004 kB
MemFree:         1400824 kB
Active:           412348 kB
Mem:          3.8G       2.5G       1.3G       5.7M        51M       2.0G

MemTotal:        4016004 kB
MemFree:         1371432 kB
Active:           412396 kB
Mem:          3.8G       2.5G       1.3G       5.7M        51M       2.1G

MemTotal:        4016004 kB
MemFree:         1370280 kB
Active:           412356 kB
Mem:          3.8G       2.5G       1.3G       5.7M        51M       2.1G

MemTotal:        4016004 kB
MemFree:         1370036 kB
Active:           412384 kB
Mem:          3.8G       2.5G       1.3G       5.7M        51M       2.1G

MemTotal:        4016004 kB
MemFree:         1360412 kB
Active:           412476 kB
Mem:          3.8G       2.5G       1.3G       5.7M        51M       2.1G

MemTotal:        4016004 kB
MemFree:         1309956 kB
Active:           412500 kB
Mem:          3.8G       2.6G       1.2G       5.7M        51M       2.1G

MemTotal:        4016004 kB
MemFree:         1262104 kB
Active:           412508 kB
Mem:          3.8G       2.6G       1.2G       5.7M        51M       2.2G

MemTotal:        4016004 kB
MemFree:         1212516 kB
Active:           412564 kB
Mem:          3.8G       2.7G       1.2G       5.7M        51M       2.2G

MemTotal:        4016004 kB
MemFree:         1162556 kB
Active:           412600 kB
Mem:          3.8G       2.7G       1.1G       5.7M        52M       2.3G

MemTotal:        4016004 kB
MemFree:         1114456 kB
Active:           412592 kB
Mem:          3.8G       2.8G       1.1G       5.7M        52M       2.3G

MemTotal:        4016004 kB
MemFree:         1064528 kB
Active:           412608 kB
Mem:          3.8G       2.8G       1.0G       5.7M        52M       2.4G

MemTotal:        4016004 kB
MemFree:         1015760 kB
Active:           412616 kB
Mem:          3.8G       2.9G       991M       5.7M        52M       2.4G

MemTotal:        4016004 kB
MemFree:          994244 kB
Active:           412648 kB
Mem:          3.8G       2.9G       970M       5.7M        52M       2.4G

MemTotal:        4016004 kB
MemFree:          944384 kB
Active:           410752 kB
Mem:          3.8G       2.9G       920M       5.7M        52M       2.5G

MemTotal:        4016004 kB
MemFree:          894772 kB
Active:           410740 kB
Mem:          3.8G       3.0G       872M       5.7M        52M       2.5G

MemTotal:        4016004 kB
MemFree:          845692 kB
Active:           410752 kB
Mem:          3.8G       3.0G       825M       5.7M        52M       2.6G

MemTotal:        4016004 kB
MemFree:          796600 kB
Active:           412776 kB
Mem:          3.8G       3.1G       775M       5.7M        52M       2.6G

MemTotal:        4016004 kB
MemFree:          745532 kB
Active:           412844 kB
Mem:          3.8G       3.1G       727M       5.7M        52M       2.7G

MemTotal:        4016004 kB
MemFree:          696848 kB
Active:           412872 kB
Mem:          3.8G       3.2G       679M       5.7M        52M       2.7G

MemTotal:        4016004 kB
MemFree:          647200 kB
Active:           412992 kB
Mem:          3.8G       3.2G       630M       5.7M        52M       2.8G

MemTotal:        4016004 kB
MemFree:          597364 kB
Active:           413008 kB
Mem:          3.8G       3.3G       582M       5.7M        52M       2.8G

MemTotal:        4016004 kB
MemFree:          555108 kB
Active:           413016 kB
Mem:          3.8G       3.3G       541M       5.7M        52M       2.8G

MemTotal:        4016004 kB
MemFree:          510156 kB
Active:           413052 kB
Mem:          3.8G       3.3G       497M       5.7M        52M       2.9G

MemTotal:        4016004 kB
MemFree:          507216 kB
Active:           413128 kB
Mem:          3.8G       3.3G       495M       5.7M        52M       2.9G

MemTotal:        4016004 kB
MemFree:          506908 kB
Active:           413140 kB
Mem:          3.8G       3.3G       495M       5.7M        52M       2.9G

MemTotal:        4016004 kB
MemFree:          507376 kB
Active:           412964 kB
Mem:          3.8G       3.3G       495M       5.7M        52M       2.9G

MemTotal:        4016004 kB
MemFree:          479140 kB
Active:           413016 kB
Mem:          3.8G       3.4G       467M       5.7M        52M       2.9G

MemTotal:        4016004 kB
MemFree:          429676 kB
Active:           413024 kB
Mem:          3.8G       3.4G       418M       5.7M        52M       3.0G

MemTotal:        4016004 kB
MemFree:          379980 kB
Active:           413056 kB
Mem:          3.8G       3.5G       369M       5.7M        52M       3.0G

MemTotal:        4016004 kB
MemFree:          330888 kB
Active:           413080 kB
Mem:          3.8G       3.5G       322M       5.7M        52M       3.1G

MemTotal:        4016004 kB
MemFree:          281300 kB
Active:           413092 kB
Mem:          3.8G       3.6G       273M       5.7M        52M       3.1G

MemTotal:        4016004 kB
MemFree:          231960 kB
Active:           413088 kB
Mem:          3.8G       3.6G       225M       5.7M        52M       3.1G

MemTotal:        4016004 kB
MemFree:          182124 kB
Active:           413172 kB
Mem:          3.8G       3.7G       176M       5.7M        52M       3.2G

MemTotal:        4016004 kB
MemFree:          155400 kB
Active:           413156 kB
Mem:          3.8G       3.7G       150M       5.7M        52M       3.2G

MemTotal:        4016004 kB
MemFree:          105936 kB
Active:           413196 kB
Mem:          3.8G       3.7G       125M       5.7M        29M       3.3G

MemTotal:        4016004 kB
MemFree:          137768 kB
Active:           423896 kB
Mem:          3.8G       3.7G       134M       5.7M        20M       3.3G

MemTotal:        4016004 kB
MemFree:          126168 kB
Active:           433752 kB
Mem:          3.8G       3.7G       123M       5.7M        19M       3.3G

MemTotal:        4016004 kB
MemFree:          115816 kB
Active:           433824 kB
Mem:          3.8G       3.7G       111M       5.7M        19M       3.3G

MemTotal:        4016004 kB
MemFree:          137096 kB
Active:           469980 kB
Mem:          3.8G       3.7G       128M       5.7M        19M       3.3G

MemTotal:        4016004 kB
MemFree:          122016 kB
Active:           460604 kB
Mem:          3.8G       3.7G       117M       5.7M        19M       3.3G

MemTotal:        4016004 kB
MemFree:          109132 kB
Active:           457148 kB
Mem:          3.8G       3.7G       104M       5.7M        19M       3.3G

MemTotal:        4016004 kB
MemFree:          132844 kB
Active:           450416 kB
Mem:          3.8G       3.7G       128M       5.7M        19M       3.3G

MemTotal:        4016004 kB
MemFree:          108428 kB
Active:           448420 kB
Mem:          3.8G       3.7G       104M       5.7M        19M       3.3G

MemTotal:        4016004 kB
MemFree:          126296 kB
Active:           441880 kB
Mem:          3.8G       3.7G       122M       5.7M        19M       3.3G

MemTotal:        4016004 kB
MemFree:          126176 kB
Active:           437060 kB
Mem:          3.8G       3.7G       122M       5.7M        19M       3.3G

MemTotal:        4016004 kB
MemFree:          126800 kB
Active:           429220 kB
Mem:          3.8G       3.7G       122M       5.7M        20M       3.3G

MemTotal:        4016004 kB
MemFree:          115024 kB
Active:           427576 kB
Mem:          3.8G       3.7G       112M       5.7M        20M       3.3G

MemTotal:        4016004 kB
MemFree:          105332 kB
Active:           427564 kB
Mem:          3.8G       3.7G       125M       5.7M        20M       3.3G

MemTotal:        4016004 kB
MemFree:          114152 kB
Active:           425824 kB
Mem:          3.8G       3.7G       111M       5.7M        20M       3.3G

MemTotal:        4016004 kB
MemFree:          113256 kB
Active:           423800 kB
Mem:          3.8G       3.7G       110M       5.7M        20M       3.3G

MemTotal:        4016004 kB
MemFree:          119088 kB
Active:           424804 kB
Mem:          3.8G       3.7G       115M       5.7M        20M       3.3G

MemTotal:        4016004 kB
MemFree:          131872 kB
Active:           423004 kB
Mem:          3.8G       3.7G       127M       5.7M        20M       3.3G

MemTotal:        4016004 kB
MemFree:          135728 kB
Active:           420840 kB
Mem:          3.8G       3.7G       131M       5.7M        20M       3.3G

MemTotal:        4016004 kB
MemFree:          124084 kB
Active:           419760 kB
Mem:          3.8G       3.7G       120M       5.7M        20M       3.3G

MemTotal:        4016004 kB
MemFree:          106008 kB
Active:           416584 kB
Mem:          3.8G       3.7G       102M       5.7M        20M       3.3G

MemTotal:        4016004 kB
MemFree:          123752 kB
Active:           414416 kB
Mem:          3.8G       3.7G       119M       5.7M        20M       3.3G

MemTotal:        4016004 kB
MemFree:          125156 kB
Active:           412820 kB
Mem:          3.8G       3.7G       121M       5.7M        20M       3.3G

MemTotal:        4016004 kB
MemFree:          124768 kB
Active:           411200 kB
Mem:          3.8G       3.7G       120M       5.7M        20M       3.3G

MemTotal:        4016004 kB
MemFree:          111332 kB
Active:           411204 kB
Mem:          3.8G       3.7G       107M       5.7M        20M       3.3G

MemTotal:        4016004 kB
MemFree:          109328 kB
Active:           410452 kB
Mem:          3.8G       3.7G       106M       5.7M        20M       3.3G

MemTotal:        4016004 kB
MemFree:          109504 kB
Active:           410076 kB
Mem:          3.8G       3.7G       105M       5.7M        20M       3.3G

MemTotal:        4016004 kB
MemFree:          121456 kB
Active:           408312 kB
Mem:          3.8G       3.7G       117M       5.7M        20M       3.3G

MemTotal:        4016004 kB
MemFree:          126676 kB
Active:           406256 kB
Mem:          3.8G       3.7G       122M       5.7M        20M       3.3G

MemTotal:        4016004 kB
MemFree:          113312 kB
Active:           405164 kB
Mem:          3.8G       3.7G       109M       5.7M        20M       3.3G

MemTotal:        4016004 kB
MemFree:          125664 kB
Active:           403536 kB
Mem:          3.8G       3.7G       132M       5.7M        20M       3.3G

MemTotal:        4016004 kB
MemFree:          135168 kB
Active:           401252 kB
Mem:          3.8G       3.7G       132M       5.7M        20M       3.3G

MemTotal:        4016004 kB
MemFree:          123880 kB
Active:           400108 kB
Mem:          3.8G       3.7G       131M       5.7M        20M       3.3G

MemTotal:        4016004 kB
MemFree:          139228 kB
Active:           398644 kB
Mem:          3.8G       3.7G       135M       5.7M        20M       3.3G

MemTotal:        4016004 kB
MemFree:          134300 kB
Active:           397632 kB
Mem:          3.8G       3.7G       129M       5.7M        20M       3.3G

MemTotal:        4016004 kB
MemFree:          121416 kB
Active:           396504 kB
Mem:          3.8G       3.7G       117M       5.7M        20M       3.3G

MemTotal:        4016004 kB
MemFree:          120964 kB
Active:           394864 kB
Mem:          3.8G       3.7G       116M       5.7M        20M       3.3G

MemTotal:        4016004 kB
MemFree:          132740 kB
Active:           392976 kB
Mem:          3.8G       3.7G       128M       5.7M        20M       3.3G

MemTotal:        4016004 kB
MemFree:          114344 kB
Active:           392976 kB
Mem:          3.8G       3.7G       110M       5.7M        20M       3.3G

MemTotal:        4016004 kB
MemFree:          125640 kB
Active:           391224 kB
Mem:          3.8G       3.7G       121M       5.7M        20M       3.3G

MemTotal:        4016004 kB
MemFree:          112524 kB
Active:           390124 kB
Mem:          3.8G       3.7G       109M       5.7M        20M       3.3G

MemTotal:        4016004 kB
MemFree:          112288 kB
Active:           388484 kB
Mem:          3.8G       3.7G       108M       5.7M        20M       3.3G

MemTotal:        4016004 kB
MemFree:          125292 kB
Active:           386728 kB
Mem:          3.8G       3.7G       120M       5.7M        20M       3.3G

MemTotal:        4016004 kB
MemFree:          128912 kB
Active:           384700 kB
Mem:          3.8G       3.7G       125M       5.7M        20M       3.3G

MemTotal:        4016004 kB
MemFree:          116600 kB
Active:           384640 kB
Mem:          3.8G       3.7G       112M       5.7M        20M       3.3G

MemTotal:        4016004 kB
MemFree:          107804 kB
Active:           383520 kB
Mem:          3.8G       3.7G       104M       5.7M        20M       3.3G

MemTotal:        4016004 kB
MemFree:          127564 kB
Active:           381876 kB
Mem:          3.8G       3.7G       124M       5.7M        20M       3.3G

MemTotal:        4016004 kB
MemFree:          124372 kB
Active:           381892 kB
Mem:          3.8G       3.7G       121M       5.7M        20M       3.3G

MemTotal:        4016004 kB
MemFree:          124436 kB
Active:           381860 kB
Mem:          3.8G       3.7G       121M       5.7M        20M       3.3G

MemTotal:        4016004 kB
MemFree:          114152 kB
Active:           380876 kB
Mem:          3.8G       3.7G       111M       5.7M        20M       3.3G

MemTotal:        4016004 kB
MemFree:          125960 kB
Active:           379012 kB
Mem:          3.8G       3.7G       122M       5.7M        20M       3.3G

MemTotal:        4016004 kB
MemFree:          126700 kB
Active:           377488 kB
Mem:          3.8G       3.7G       123M       5.7M        20M       3.3G

MemTotal:        4016004 kB
MemFree:          107584 kB
Active:           376336 kB
Mem:          3.8G       3.7G       103M       5.7M        20M       3.3G

MemTotal:        4016004 kB
MemFree:          131280 kB
Active:           376084 kB
Mem:          3.8G       3.7G       127M       5.7M        20M       3.3G

MemTotal:        4016004 kB
MemFree:          125216 kB
Active:           374436 kB
Mem:          3.8G       3.7G       121M       5.7M        20M       3.3G

MemTotal:        4016004 kB
MemFree:          113200 kB
Active:           373352 kB
Mem:          3.8G       3.7G       109M       5.7M        20M       3.3G

MemTotal:        4016004 kB
MemFree:          125524 kB
Active:           371584 kB
Mem:          3.8G       3.7G       121M       5.7M        20M       3.3G

MemTotal:        4016004 kB
MemFree:          112584 kB
Active:           376540 kB
Mem:          3.8G       3.7G       108M       5.7M        25M       3.3G

MemTotal:        4016004 kB
MemFree:          124904 kB
Active:           374040 kB
Mem:          3.8G       3.7G       121M       5.7M        25M       3.3G

MemTotal:        4016004 kB
MemFree:          117624 kB
Active:           372352 kB
Mem:          3.8G       3.7G       113M       5.7M        25M       3.3G

MemTotal:        4016004 kB
MemFree:          119636 kB
Active:           371192 kB
Mem:          3.8G       3.7G       115M       5.7M        25M       3.3G

MemTotal:        4016004 kB
MemFree:          139716 kB
Active:           369556 kB
Mem:          3.8G       3.7G       135M       5.7M        25M       3.3G

MemTotal:        4016004 kB
MemFree:          126468 kB
Active:           369032 kB
Mem:          3.8G       3.7G       122M       5.7M        25M       3.3G

MemTotal:        4016004 kB
MemFree:          114192 kB
Active:           368868 kB
Mem:          3.8G       3.7G       110M       5.7M        25M       3.3G

MemTotal:        4016004 kB
MemFree:          118300 kB
Active:           368860 kB
Mem:          3.8G       3.7G       114M       5.7M        25M       3.3G

MemTotal:        4016004 kB
MemFree:          120380 kB
Active:           368872 kB
Mem:          3.8G       3.7G       116M       5.7M        25M       3.3G

MemTotal:        4016004 kB
MemFree:          108364 kB
Active:           368872 kB
Mem:          3.8G       3.7G       104M       5.7M        25M       3.3G

MemTotal:        4016004 kB
MemFree:          113720 kB
Active:           368836 kB
Mem:          3.8G       3.7G       109M       5.7M        25M       3.3G

MemTotal:        4016004 kB
MemFree:          124728 kB
Active:           368876 kB
Mem:          3.8G       3.7G       127M       5.7M        25M       3.3G

MemTotal:        4016004 kB
MemFree:          127944 kB
Active:           368876 kB
Mem:          3.8G       3.7G       124M       5.7M        25M       3.3G

MemTotal:        4016004 kB
MemFree:          124356 kB
Active:           368748 kB
Mem:          3.8G       3.7G       132M       5.7M        25M       3.3G

MemTotal:        4016004 kB
MemFree:          124320 kB
Active:           368720 kB
Mem:          3.8G       3.7G       120M       5.7M        25M       3.3G

MemTotal:        4016004 kB
MemFree:          140536 kB
Active:           368728 kB
Mem:          3.8G       3.7G       136M       5.7M        25M       3.2G

MemTotal:        4016004 kB
MemFree:          112320 kB
Active:           368768 kB
Mem:          3.8G       3.7G       108M       5.7M        25M       3.3G

MemTotal:        4016004 kB
MemFree:          126936 kB
Active:           368760 kB
Mem:          3.8G       3.7G       123M       5.7M        25M       3.3G

MemTotal:        4016004 kB
MemFree:          126896 kB
Active:           368764 kB
Mem:          3.8G       3.7G       123M       5.7M        25M       3.3G

MemTotal:        4016004 kB
MemFree:          135636 kB
Active:           368752 kB
Mem:          3.8G       3.7G       131M       5.7M        25M       3.3G

MemTotal:        4016004 kB
MemFree:          121920 kB
Active:           368740 kB
Mem:          3.8G       3.7G       118M       5.7M        25M       3.3G

MemTotal:        4016004 kB
MemFree:          121204 kB
Active:           368756 kB
Mem:          3.8G       3.7G       117M       5.7M        25M       3.3G

MemTotal:        4016004 kB
MemFree:          124564 kB
Active:           368732 kB
Mem:          3.8G       3.7G       120M       5.7M        25M       3.3G

MemTotal:        4016004 kB
MemFree:          110936 kB
Active:           368776 kB
Mem:          3.8G       3.7G       108M       5.7M        25M       3.3G

MemTotal:        4016004 kB
MemFree:          133840 kB
Active:           368748 kB
Mem:          3.8G       3.7G       129M       5.7M        25M       3.3G

MemTotal:        4016004 kB
MemFree:          126164 kB
Active:           368776 kB
Mem:          3.8G       3.7G       132M       5.7M        25M       3.3G

MemTotal:        4016004 kB
MemFree:          133064 kB
Active:           368744 kB
Mem:          3.8G       3.7G       129M       5.7M        25M       3.3G

MemTotal:        4016004 kB
MemFree:          126908 kB
Active:           368748 kB
Mem:          3.8G       3.7G       123M       5.7M        25M       3.3G

MemTotal:        4016004 kB
MemFree:          126540 kB
Active:           368792 kB
Mem:          3.8G       3.7G       123M       5.7M        25M       3.3G

MemTotal:        4016004 kB
MemFree:          123420 kB
Active:           368772 kB
Mem:          3.8G       3.7G       119M       5.7M        25M       3.3G

MemTotal:        4016004 kB
MemFree:          134824 kB
Active:           368804 kB
Mem:          3.8G       3.7G       130M       5.7M        25M       3.3G

MemTotal:        4016004 kB
MemFree:          122080 kB
Active:           368728 kB
Mem:          3.8G       3.7G       118M       5.7M        25M       3.3G

MemTotal:        4016004 kB
MemFree:          120356 kB
Active:           368712 kB
Mem:          3.8G       3.7G       116M       5.7M        25M       3.3G

MemTotal:        4016004 kB
MemFree:          107348 kB
Active:           368728 kB
Mem:          3.8G       3.7G       103M       5.7M        25M       3.3G

MemTotal:        4016004 kB
MemFree:          104880 kB
Active:           368632 kB
Mem:          3.8G       3.7G       124M       5.7M        25M       3.3G

MemTotal:        4016004 kB
MemFree:          125932 kB
Active:           368636 kB
Mem:          3.8G       3.7G       122M       5.7M        25M       3.3G

MemTotal:        4016004 kB
MemFree:          110872 kB
Active:           368636 kB
Mem:          3.8G       3.7G       108M       5.7M        25M       3.3G

MemTotal:        4016004 kB
MemFree:          118264 kB
Active:           368648 kB
Mem:          3.8G       3.7G       114M       5.7M        25M       3.3G

MemTotal:        4016004 kB
MemFree:          128320 kB
Active:           368652 kB
Mem:          3.8G       3.7G       124M       5.7M        25M       3.3G

MemTotal:        4016004 kB
MemFree:          117164 kB
Active:           368608 kB
Mem:          3.8G       3.7G       113M       5.7M        25M       3.3G

MemTotal:        4016004 kB
MemFree:          127764 kB
Active:           368596 kB
Mem:          3.8G       3.7G       124M       5.7M        25M       3.3G

MemTotal:        4016004 kB
MemFree:          105412 kB
Active:           368600 kB
Mem:          3.8G       3.7G       102M       5.7M        25M       3.3G

MemTotal:        4016004 kB
MemFree:          127252 kB
Active:           368644 kB
Mem:          3.8G       3.7G       124M       5.7M        25M       3.3G

MemTotal:        4016004 kB
MemFree:          126948 kB
Active:           368656 kB
Mem:          3.8G       3.7G       123M       5.7M        25M       3.3G

MemTotal:        4016004 kB
MemFree:          126304 kB
Active:           368652 kB
Mem:          3.8G       3.7G       122M       5.7M        25M       3.3G

MemTotal:        4016004 kB
MemFree:          124852 kB
Active:           368632 kB
Mem:          3.8G       3.7G       131M       5.7M        25M       3.3G

MemTotal:        4016004 kB
MemFree:          117960 kB
Active:           368624 kB
Mem:          3.8G       3.7G       114M       5.7M        25M       3.3G

MemTotal:        4016004 kB
MemFree:          104828 kB
Active:           368672 kB
Mem:          3.8G       3.7G       124M       5.7M        25M       3.3G

MemTotal:        4016004 kB
MemFree:          126996 kB
Active:           368664 kB
Mem:          3.8G       3.7G       123M       5.7M        25M       3.3G

MemTotal:        4016004 kB
MemFree:          116540 kB
Active:           361972 kB
Mem:          3.8G       3.7G       112M       5.7M        25M       3.3G

MemTotal:        4016004 kB
MemFree:          126900 kB
Active:           361956 kB
Mem:          3.8G       3.7G       122M       5.7M        25M       3.3G

MemTotal:        4016004 kB
MemFree:          144264 kB
Active:           361964 kB
Mem:          3.8G       3.7G       140M       5.7M        25M       3.2G

MemTotal:        4016004 kB
MemFree:          130912 kB
Active:           362016 kB
Mem:          3.8G       3.7G       127M       5.7M        25M       3.3G

MemTotal:        4016004 kB
MemFree:          116636 kB
Active:           362028 kB
Mem:          3.8G       3.7G       113M       5.7M        25M       3.3G

MemTotal:        4016004 kB
MemFree:          116152 kB
Active:           362028 kB
Mem:          3.8G       3.7G       112M       5.7M        25M       3.3G

MemTotal:        4016004 kB
MemFree:          141664 kB
Active:           362048 kB
Mem:          3.8G       3.7G       137M       5.7M        25M       3.2G

MemTotal:        4016004 kB
MemFree:          124356 kB
Active:           362056 kB
Mem:          3.8G       3.7G       120M       5.7M        25M       3.3G

MemTotal:        4016004 kB
MemFree:          130124 kB
Active:           362060 kB
Mem:          3.8G       3.7G       126M       5.7M        25M       3.3G

MemTotal:        4016004 kB
MemFree:          130408 kB
Active:           362040 kB
Mem:          3.8G       3.7G       127M       5.7M        25M       3.3G

MemTotal:        4016004 kB
MemFree:          133632 kB
Active:           362052 kB
Mem:          3.8G       3.7G       129M       5.7M        25M       3.3G

MemTotal:        4016004 kB
MemFree:          142960 kB
Active:           361516 kB
Mem:          3.8G       3.7G       138M       5.7M        25M       3.2G

MemTotal:        4016004 kB
MemFree:          130448 kB
Active:           361488 kB
Mem:          3.8G       3.7G       126M       5.7M        25M       3.3G

MemTotal:        4016004 kB
MemFree:          117688 kB
Active:           361532 kB
Mem:          3.8G       3.7G       114M       5.7M        25M       3.3G

MemTotal:        4016004 kB
MemFree:          116708 kB
Active:           361532 kB
Mem:          3.8G       3.7G       113M       5.7M        25M       3.3G

MemTotal:        4016004 kB
MemFree:          121060 kB
Active:           361516 kB
Mem:          3.8G       3.7G       117M       5.7M        25M       3.3G

MemTotal:        4016004 kB
MemFree:          108116 kB
Active:           361516 kB
Mem:          3.8G       3.7G       104M       5.7M        25M       3.3G

MemTotal:        4016004 kB
MemFree:          120928 kB
Active:           361552 kB
Mem:          3.8G       3.7G       117M       5.7M        25M       3.3G

MemTotal:        4016004 kB
MemFree:          120500 kB
Active:           361536 kB
Mem:          3.8G       3.7G       117M       5.7M        25M       3.3G

MemTotal:        4016004 kB
MemFree:          107360 kB
Active:           361540 kB
Mem:          3.8G       3.7G       103M       5.7M        25M       3.3G

MemTotal:        4016004 kB
MemFree:          128276 kB
Active:           359280 kB
Mem:          3.8G       3.7G       124M       5.7M        25M       3.3G

MemTotal:        4016004 kB
MemFree:          127512 kB
Active:           359268 kB
Mem:          3.8G       3.7G       123M       5.7M        25M       3.3G

MemTotal:        4016004 kB
MemFree:          125044 kB
Active:           359312 kB
Mem:          3.8G       3.7G       121M       5.7M        26M       3.3G

MemTotal:        4016004 kB
MemFree:          110424 kB
Active:           359316 kB
Mem:          3.8G       3.7G       106M       5.7M        26M       3.3G

MemTotal:        4016004 kB
MemFree:          109568 kB
Active:           359304 kB
Mem:          3.8G       3.7G       106M       5.7M        26M       3.3G

MemTotal:        4016004 kB
MemFree:          121252 kB
Active:           359320 kB
Mem:          3.8G       3.7G       117M       5.7M        26M       3.3G

MemTotal:        4016004 kB
MemFree:          125760 kB
Active:           359276 kB
Mem:          3.8G       3.7G       121M       5.7M        26M       3.3G

MemTotal:        4016004 kB
MemFree:          125588 kB
Active:           359344 kB
Mem:          3.8G       3.7G       121M       5.7M        26M       3.3G

MemTotal:        4016004 kB
MemFree:          131356 kB
Active:           359316 kB
Mem:          3.8G       3.7G       128M       5.7M        26M       3.3G

MemTotal:        4016004 kB
MemFree:          122700 kB
Active:           359360 kB
Mem:          3.8G       3.7G       118M       5.7M        26M       3.3G

MemTotal:        4016004 kB
MemFree:          108804 kB
Active:           353684 kB
Mem:          3.8G       3.7G       105M       5.7M        26M       3.3G

MemTotal:        4016004 kB
MemFree:          136048 kB
Active:           353688 kB
Mem:          3.8G       3.7G       132M       5.7M        26M       3.2G

MemTotal:        4016004 kB
MemFree:          124904 kB
Active:           353692 kB
Mem:          3.8G       3.7G       131M       5.7M        26M       3.2G

MemTotal:        4016004 kB
MemFree:          128016 kB
Active:           353700 kB
Mem:          3.8G       3.7G       123M       5.7M        26M       3.3G

MemTotal:        4016004 kB
MemFree:          126036 kB
Active:           353700 kB
Mem:          3.8G       3.7G       122M       5.7M        26M       3.3G

MemTotal:        4016004 kB
MemFree:          130032 kB
Active:           353700 kB
Mem:          3.8G       3.7G       126M       5.7M        26M       3.3G

MemTotal:        4016004 kB
MemFree:          127716 kB
Active:           353700 kB
Mem:          3.8G       3.7G       124M       5.7M        26M       3.3G

MemTotal:        4016004 kB
MemFree:          114988 kB
Active:           353708 kB
Mem:          3.8G       3.7G       110M       5.7M        26M       3.3G

MemTotal:        4016004 kB
MemFree:          125252 kB
Active:           353708 kB
Mem:          3.8G       3.7G       121M       5.7M        26M       3.3G

MemTotal:        4016004 kB
MemFree:          130268 kB
Active:           353720 kB
Mem:          3.8G       3.7G       127M       5.7M        26M       3.3G

MemTotal:        4016004 kB
MemFree:          105840 kB
Active:           353732 kB
Mem:          3.8G       3.7G       102M       5.7M        26M       3.3G

MemTotal:        4016004 kB
MemFree:          134396 kB
Active:           350108 kB
Mem:          3.8G       3.7G       131M       5.7M        26M       3.2G

MemTotal:        4016004 kB
MemFree:          120512 kB
Active:           350144 kB
Mem:          3.8G       3.7G       116M       5.7M        26M       3.3G

MemTotal:        4016004 kB
MemFree:          107628 kB
Active:           350116 kB
Mem:          3.8G       3.7G       104M       5.7M        26M       3.3G

MemTotal:        4016004 kB
MemFree:          107020 kB
Active:           350160 kB
Mem:          3.8G       3.7G       103M       5.7M        26M       3.3G

MemTotal:        4016004 kB
MemFree:          111124 kB
Active:           350116 kB
Mem:          3.8G       3.7G       107M       5.7M        26M       3.3G

MemTotal:        4016004 kB
MemFree:          133704 kB
Active:           350160 kB
Mem:          3.8G       3.7G       129M       5.7M        26M       3.2G

MemTotal:        4016004 kB
MemFree:          133220 kB
Active:           350152 kB
Mem:          3.8G       3.7G       128M       5.7M        26M       3.3G

MemTotal:        4016004 kB
MemFree:          135712 kB
Active:           350176 kB
Mem:          3.8G       3.7G       131M       5.7M        26M       3.2G

MemTotal:        4016004 kB
MemFree:          123420 kB
Active:           350144 kB
Mem:          3.8G       3.7G       119M       5.7M        26M       3.3G

MemTotal:        4016004 kB
MemFree:          111364 kB
Active:           350176 kB
Mem:          3.8G       3.7G       108M       5.7M        26M       3.3G

MemTotal:        4016004 kB
MemFree:          111112 kB
Active:           350176 kB
Mem:          3.8G       3.7G       108M       5.7M        26M       3.3G

MemTotal:        4016004 kB
MemFree:          111268 kB
Active:           350172 kB
Mem:          3.8G       3.7G       108M       5.7M        26M       3.3G

MemTotal:        4016004 kB
MemFree:          111492 kB
Active:           350200 kB
Mem:          3.8G       3.7G       108M       5.7M        26M       3.3G

MemTotal:        4016004 kB
MemFree:          134512 kB
Active:           350192 kB
Mem:          3.8G       3.7G       130M       5.7M        26M       3.2G

MemTotal:        4016004 kB
MemFree:          121520 kB
Active:           350160 kB
Mem:          3.8G       3.7G       118M       5.7M        26M       3.3G

MemTotal:        4016004 kB
MemFree:          121348 kB
Active:           348836 kB
Mem:          3.8G       3.7G       117M       5.7M        26M       3.3G

MemTotal:        4016004 kB
MemFree:          125096 kB
Active:           348828 kB
Mem:          3.8G       3.7G       121M       5.7M        26M       3.3G

MemTotal:        4016004 kB
MemFree:          111452 kB
Active:           348836 kB
Mem:          3.8G       3.7G       107M       5.7M        26M       3.3G

MemTotal:        4016004 kB
MemFree:          133660 kB
Active:           348848 kB
Mem:          3.8G       3.7G       130M       5.7M        26M       3.2G

MemTotal:        4016004 kB
MemFree:          132060 kB
Active:           348824 kB
Mem:          3.8G       3.7G       128M       5.7M        26M       3.3G

MemTotal:        4016004 kB
MemFree:          119860 kB
Active:           348824 kB
Mem:          3.8G       3.7G       116M       5.7M        26M       3.3G

MemTotal:        4016004 kB
MemFree:          131080 kB
Active:           348828 kB
Mem:          3.8G       3.7G       127M       5.7M        26M       3.3G

MemTotal:        4016004 kB
MemFree:          119252 kB
Active:           348824 kB
Mem:          3.8G       3.7G       115M       5.7M        26M       3.3G

MemTotal:        4016004 kB
MemFree:          105876 kB
Active:           348872 kB
Mem:          3.8G       3.7G       125M       5.7M        26M       3.3G

MemTotal:        4016004 kB
MemFree:          110608 kB
Active:           348848 kB
Mem:          3.8G       3.7G       106M       5.7M        26M       3.3G

MemTotal:        4016004 kB
MemFree:          133220 kB
Active:           348852 kB
Mem:          3.8G       3.7G       129M       5.7M        26M       3.2G

MemTotal:        4016004 kB
MemFree:          138068 kB
Active:           348828 kB
Mem:          3.8G       3.7G       133M       5.7M        26M       3.2G

MemTotal:        4016004 kB
MemFree:          127932 kB
Active:           345856 kB
Mem:          3.8G       3.7G       124M       5.7M        26M       3.3G

MemTotal:        4016004 kB
MemFree:          125976 kB
Active:           345744 kB
Mem:          3.8G       3.7G       122M       5.7M        26M       3.3G

MemTotal:        4016004 kB
MemFree:          124740 kB
Active:           345744 kB
Mem:          3.8G       3.7G       120M       5.7M        26M       3.3G

MemTotal:        4016004 kB
MemFree:          126972 kB
Active:           345764 kB
Mem:          3.8G       3.7G       122M       5.7M        26M       3.3G

MemTotal:        4016004 kB
MemFree:          121084 kB
Active:           345764 kB
Mem:          3.8G       3.7G       117M       5.7M        26M       3.3G

MemTotal:        4016004 kB
MemFree:          128372 kB
Active:           345768 kB
Mem:          3.8G       3.7G       124M       5.7M        26M       3.3G

MemTotal:        4016004 kB
MemFree:          118912 kB
Active:           345776 kB
Mem:          3.8G       3.7G       115M       5.7M        26M       3.3G

MemTotal:        4016004 kB
MemFree:          112528 kB
Active:           345796 kB
Mem:          3.8G       3.7G       109M       5.7M        26M       3.3G

MemTotal:        4016004 kB
MemFree:          112224 kB
Active:           345804 kB
Mem:          3.8G       3.7G       109M       5.7M        26M       3.3G

MemTotal:        4016004 kB
MemFree:          117356 kB
Active:           345800 kB
Mem:          3.8G       3.7G       113M       5.7M        26M       3.3G

MemTotal:        4016004 kB
MemFree:          127396 kB
Active:           345812 kB
Mem:          3.8G       3.7G       123M       5.7M        26M       3.3G

MemTotal:        4016004 kB
MemFree:          119240 kB
Active:           345812 kB
Mem:          3.8G       3.7G       115M       5.7M        26M       3.3G

MemTotal:        4016004 kB
MemFree:          105612 kB
Active:           345820 kB
Mem:          3.8G       3.7G       125M       5.7M        26M       3.2G

MemTotal:        4016004 kB
MemFree:          116288 kB
Active:           345820 kB
Mem:          3.8G       3.7G       112M       5.7M        26M       3.3G

MemTotal:        4016004 kB
MemFree:          127008 kB
Active:           345820 kB
Mem:          3.8G       3.7G       122M       5.7M        26M       3.3G

MemTotal:        4016004 kB
MemFree:          107288 kB
Active:           345824 kB
Mem:          3.8G       3.7G       103M       5.7M        26M       3.3G

MemTotal:        4016004 kB
MemFree:          137212 kB
Active:           345368 kB
Mem:          3.8G       3.7G       134M       5.7M        26M       3.2G

MemTotal:        4016004 kB
MemFree:          137116 kB
Active:           345340 kB
Mem:          3.8G       3.7G       133M       5.7M        26M       3.2G

MemTotal:        4016004 kB
MemFree:          137560 kB
Active:           345396 kB
Mem:          3.8G       3.7G       134M       5.7M        26M       3.2G

MemTotal:        4016004 kB
MemFree:          136800 kB
Active:           345400 kB
Mem:          3.8G       3.7G       132M       5.7M        26M       3.2G

MemTotal:        4016004 kB
MemFree:          123068 kB
Active:           345396 kB
Mem:          3.8G       3.7G       119M       5.7M        26M       3.3G

MemTotal:        4016004 kB
MemFree:          128116 kB
Active:           345376 kB
Mem:          3.8G       3.7G       123M       5.7M        26M       3.3G

MemTotal:        4016004 kB
MemFree:          120796 kB
Active:           345412 kB
Mem:          3.8G       3.7G       116M       5.7M        26M       3.3G

MemTotal:        4016004 kB
MemFree:          125480 kB
Active:           345412 kB
Mem:          3.8G       3.7G       121M       5.7M        26M       3.3G

MemTotal:        4016004 kB
MemFree:          117968 kB
Active:           345412 kB
Mem:          3.8G       3.7G       113M       5.7M        26M       3.3G

MemTotal:        4016004 kB
MemFree:          104836 kB
Active:           345412 kB
Mem:          3.8G       3.7G       125M       5.7M        26M       3.2G

MemTotal:        4016004 kB
MemFree:          108896 kB
Active:           345412 kB
Mem:          3.8G       3.7G       104M       5.7M        26M       3.3G

MemTotal:        4016004 kB
MemFree:          136140 kB
Active:           345420 kB
Mem:          3.8G       3.7G       132M       5.7M        26M       3.2G

MemTotal:        4016004 kB
MemFree:          124512 kB
Active:           345420 kB
Mem:          3.8G       3.7G       120M       5.7M        26M       3.3G

MemTotal:        4016004 kB
MemFree:          145944 kB
Active:           345200 kB
Mem:          3.8G       3.7G       142M       5.7M        26M       3.2G

MemTotal:        4016004 kB
MemFree:          146552 kB
Active:           345116 kB
Mem:          3.8G       3.7G       143M       5.7M        26M       3.2G

MemTotal:        4016004 kB
MemFree:          146676 kB
Active:           345100 kB
Mem:          3.8G       3.7G       143M       5.7M        26M       3.2G

MemTotal:        4016004 kB
MemFree:          146900 kB
Active:           345100 kB
Mem:          3.8G       3.7G       143M       5.7M        26M       3.2G

MemTotal:        4016004 kB
MemFree:          147156 kB
Active:           345112 kB
Mem:          3.8G       3.7G       143M       5.7M        26M       3.2G

MemTotal:        4016004 kB
MemFree:          146784 kB
Active:           345108 kB
Mem:          3.8G       3.7G       143M       5.7M        26M       3.2G

MemTotal:        4016004 kB
MemFree:          147156 kB
Active:           345132 kB
Mem:          3.8G       3.7G       143M       5.7M        26M       3.2G

MemTotal:        4016004 kB
MemFree:          146908 kB
Active:           345120 kB
Mem:          3.8G       3.7G       143M       5.7M        26M       3.2G

MemTotal:        4016004 kB
MemFree:          147156 kB
Active:           345128 kB
Mem:          3.8G       3.7G       143M       5.7M        26M       3.2G

MemTotal:        4016004 kB
MemFree:          147156 kB
Active:           345120 kB
Mem:          3.8G       3.7G       143M       5.7M        26M       3.2G

MemTotal:        4016004 kB
MemFree:          147140 kB
Active:           345136 kB
Mem:          3.8G       3.7G       143M       5.7M        26M       3.2G

MemTotal:        4016004 kB
MemFree:          147156 kB
Active:           345108 kB
Mem:          3.8G       3.7G       143M       5.7M        26M       3.2G

MemTotal:        4016004 kB
MemFree:          147032 kB
Active:           345128 kB
Mem:          3.8G       3.7G       143M       5.7M        26M       3.2G

MemTotal:        4016004 kB
MemFree:          147032 kB
Active:           345148 kB
Mem:          3.8G       3.7G       143M       5.7M        26M       3.2G

MemTotal:        4016004 kB
MemFree:          146536 kB
Active:           345152 kB
Mem:          3.8G       3.7G       143M       5.7M        26M       3.2G

MemTotal:        4016004 kB
MemFree:          146536 kB
Active:           345128 kB
Mem:          3.8G       3.7G       142M       5.7M        26M       3.2G

MemTotal:        4016004 kB
MemFree:          146660 kB
Active:           345108 kB
Mem:          3.8G       3.7G       143M       5.7M        26M       3.2G

MemTotal:        4016004 kB
MemFree:          147156 kB
Active:           345160 kB
Mem:          3.8G       3.7G       143M       5.7M        26M       3.2G

MemTotal:        4016004 kB
MemFree:          147156 kB
Active:           345140 kB
Mem:          3.8G       3.7G       143M       5.7M        26M       3.2G

MemTotal:        4016004 kB
MemFree:          147156 kB
Active:           345168 kB
Mem:          3.8G       3.7G       143M       5.7M        26M       3.2G

MemTotal:        4016004 kB
MemFree:          146660 kB
Active:           345176 kB
Mem:          3.8G       3.7G       143M       5.7M        26M       3.2G

MemTotal:        4016004 kB
MemFree:          146908 kB
Active:           345164 kB
Mem:          3.8G       3.7G       143M       5.7M        26M       3.2G

MemTotal:        4016004 kB
MemFree:          147032 kB
Active:           345140 kB
Mem:          3.8G       3.7G       143M       5.7M        26M       3.2G

MemTotal:        4016004 kB
MemFree:          147032 kB
Active:           345152 kB
Mem:          3.8G       3.7G       143M       5.7M        26M       3.2G

MemTotal:        4016004 kB
MemFree:          147032 kB
Active:           345184 kB
Mem:          3.8G       3.7G       143M       5.7M        26M       3.2G

MemTotal:        4016004 kB
MemFree:          147032 kB
Active:           345184 kB
Mem:          3.8G       3.7G       143M       5.7M        26M       3.2G

MemTotal:        4016004 kB
MemFree:          146908 kB
Active:           345160 kB
Mem:          3.8G       3.7G       143M       5.7M        26M       3.2G

MemTotal:        4016004 kB
MemFree:          146908 kB
Active:           345148 kB
Mem:          3.8G       3.7G       143M       5.7M        26M       3.2G

MemTotal:        4016004 kB
MemFree:          146876 kB
Active:           345180 kB
Mem:          3.8G       3.7G       143M       5.7M        26M       3.2G

MemTotal:        4016004 kB
MemFree:          147032 kB
Active:           345184 kB
Mem:          3.8G       3.7G       143M       5.7M        26M       3.2G

MemTotal:        4016004 kB
MemFree:          146908 kB
Active:           345196 kB
Mem:          3.8G       3.7G       143M       5.7M        26M       3.2G

MemTotal:        4016004 kB
MemFree:          146784 kB
Active:           345144 kB
Mem:          3.8G       3.7G       143M       5.7M        26M       3.2G

MemTotal:        4016004 kB
MemFree:          146660 kB
Active:           345196 kB
Mem:          3.8G       3.7G       143M       5.7M        26M       3.2G

MemTotal:        4016004 kB
MemFree:          146660 kB
Active:           345196 kB
Mem:          3.8G       3.7G       143M       5.7M        26M       3.2G

MemTotal:        4016004 kB
MemFree:          146908 kB
Active:           345140 kB
Mem:          3.8G       3.7G       143M       5.7M        26M       3.2G

MemTotal:        4016004 kB
MemFree:          146908 kB
Active:           345200 kB
Mem:          3.8G       3.7G       143M       5.7M        26M       3.2G

MemTotal:        4016004 kB
MemFree:          147280 kB
Active:           345176 kB
Mem:          3.8G       3.7G       143M       5.7M        26M       3.2G

MemTotal:        4016004 kB
MemFree:          146908 kB
Active:           345152 kB
Mem:          3.8G       3.7G       143M       5.7M        26M       3.2G

MemTotal:        4016004 kB
MemFree:          147032 kB
Active:           345192 kB
Mem:          3.8G       3.7G       143M       5.7M        26M       3.2G

MemTotal:        4016004 kB
MemFree:          147032 kB
Active:           345176 kB
Mem:          3.8G       3.7G       143M       5.7M        26M       3.2G

MemTotal:        4016004 kB
MemFree:          147404 kB
Active:           345180 kB
Mem:          3.8G       3.7G       143M       5.7M        26M       3.2G

MemTotal:        4016004 kB
MemFree:          147404 kB
Active:           345184 kB
Mem:          3.8G       3.7G       143M       5.7M        26M       3.2G

MemTotal:        4016004 kB
MemFree:          147156 kB
Active:           345208 kB
Mem:          3.8G       3.7G       143M       5.7M        26M       3.2G

MemTotal:        4016004 kB
MemFree:          146784 kB
Active:           345200 kB
Mem:          3.8G       3.7G       143M       5.7M        26M       3.2G

MemTotal:        4016004 kB
MemFree:          146784 kB
Active:           345184 kB
Mem:          3.8G       3.7G       143M       5.7M        26M       3.2G

MemTotal:        4016004 kB
MemFree:          146784 kB
Active:           345220 kB
Mem:          3.8G       3.7G       143M       5.7M        26M       3.2G

MemTotal:        4016004 kB
MemFree:          146736 kB
Active:           345212 kB
Mem:          3.8G       3.7G       143M       5.7M        26M       3.2G

MemTotal:        4016004 kB
MemFree:          146660 kB
Active:           345200 kB
Mem:          3.8G       3.7G       143M       5.7M        26M       3.2G

MemTotal:        4016004 kB
MemFree:          146660 kB
Active:           345196 kB
Mem:          3.8G       3.7G       143M       5.7M        26M       3.2G

MemTotal:        4016004 kB
MemFree:          146908 kB
Active:           345192 kB
Mem:          3.8G       3.7G       143M       5.7M        26M       3.2G

MemTotal:        4016004 kB
MemFree:          146536 kB
Active:           345232 kB
Mem:          3.8G       3.7G       143M       5.7M        26M       3.2G

MemTotal:        4016004 kB
MemFree:          147032 kB
Active:           345224 kB
Mem:          3.8G       3.7G       143M       5.7M        26M       3.2G

MemTotal:        4016004 kB
MemFree:          147156 kB
Active:           345212 kB
Mem:          3.8G       3.7G       143M       5.7M        26M       3.2G

MemTotal:        4016004 kB
MemFree:          147156 kB
Active:           345200 kB
Mem:          3.8G       3.7G       143M       5.7M        26M       3.2G

MemTotal:        4016004 kB
MemFree:          147280 kB
Active:           345192 kB
Mem:          3.8G       3.7G       143M       5.7M        26M       3.2G

MemTotal:        4016004 kB
MemFree:          147156 kB
Active:           345208 kB
Mem:          3.8G       3.7G       143M       5.7M        26M       3.2G

MemTotal:        4016004 kB
MemFree:          147156 kB
Active:           345240 kB
Mem:          3.8G       3.7G       143M       5.7M        26M       3.2G

MemTotal:        4016004 kB
MemFree:          147032 kB
Active:           345224 kB
Mem:          3.8G       3.7G       143M       5.7M        26M       3.2G

MemTotal:        4016004 kB
MemFree:          146908 kB
Active:           345204 kB
Mem:          3.8G       3.7G       143M       5.7M        26M       3.2G

MemTotal:        4016004 kB
MemFree:          147032 kB
Active:           345192 kB
Mem:          3.8G       3.7G       143M       5.7M        26M       3.2G

MemTotal:        4016004 kB
MemFree:          147032 kB
Active:           345228 kB
Mem:          3.8G       3.7G       143M       5.7M        26M       3.2G

MemTotal:        4016004 kB
MemFree:          147032 kB
Active:           345220 kB
Mem:          3.8G       3.7G       143M       5.7M        26M       3.2G

MemTotal:        4016004 kB
MemFree:          147032 kB
Active:           345220 kB
Mem:          3.8G       3.7G       143M       5.7M        26M       3.2G

MemTotal:        4016004 kB
MemFree:          147048 kB
Active:           345216 kB
Mem:          3.8G       3.7G       143M       5.7M        26M       3.2G

MemTotal:        4016004 kB
MemFree:          146924 kB
Active:           345252 kB
Mem:          3.8G       3.7G       143M       5.7M        26M       3.2G

MemTotal:        4016004 kB
MemFree:          146924 kB
Active:           345252 kB
Mem:          3.8G       3.7G       143M       5.7M        26M       3.2G

MemTotal:        4016004 kB
MemFree:          146800 kB
Active:           345220 kB
Mem:          3.8G       3.7G       143M       5.7M        26M       3.2G

MemTotal:        4016004 kB
MemFree:          146800 kB
Active:           345264 kB
Mem:          3.8G       3.7G       143M       5.7M        26M       3.2G

MemTotal:        4016004 kB
MemFree:          146924 kB
Active:           345268 kB
Mem:          3.8G       3.7G       143M       5.7M        26M       3.2G

MemTotal:        4016004 kB
MemFree:          146924 kB
Active:           345280 kB
Mem:          3.8G       3.7G       143M       5.7M        26M       3.2G

MemTotal:        4016004 kB
MemFree:          147048 kB
Active:           345300 kB
Mem:          3.8G       3.7G       143M       5.7M        26M       3.2G

MemTotal:        4016004 kB
MemFree:          147156 kB
Active:           345304 kB
Mem:          3.8G       3.7G       143M       5.7M        26M       3.2G

MemTotal:        4016004 kB
MemFree:          147032 kB
Active:           345320 kB
Mem:          3.8G       3.7G       143M       5.7M        26M       3.2G

MemTotal:        4016004 kB
MemFree:          146908 kB
Active:           345304 kB
Mem:          3.8G       3.7G       143M       5.7M        26M       3.2G

MemTotal:        4016004 kB
MemFree:          146908 kB
Active:           345352 kB
Mem:          3.8G       3.7G       143M       5.7M        26M       3.2G

MemTotal:        4016004 kB
MemFree:          146908 kB
Active:           345336 kB
Mem:          3.8G       3.7G       143M       5.7M        26M       3.2G

MemTotal:        4016004 kB
MemFree:          146784 kB
Active:           345352 kB
Mem:          3.8G       3.7G       143M       5.7M        26M       3.2G

MemTotal:        4016004 kB
MemFree:          146784 kB
Active:           345332 kB
Mem:          3.8G       3.7G       143M       5.7M        26M       3.2G

MemTotal:        4016004 kB
MemFree:          147404 kB
Active:           345328 kB
Mem:          3.8G       3.7G       143M       5.7M        26M       3.2G

MemTotal:        4016004 kB
MemFree:          147032 kB
Active:           345352 kB
Mem:          3.8G       3.7G       143M       5.7M        26M       3.2G

MemTotal:        4016004 kB
MemFree:          146908 kB
Active:           345336 kB
Mem:          3.8G       3.7G       143M       5.7M        26M       3.2G

MemTotal:        4016004 kB
MemFree:          147032 kB
Active:           345332 kB
Mem:          3.8G       3.7G       143M       5.7M        26M       3.2G

MemTotal:        4016004 kB
MemFree:          147032 kB
Active:           345356 kB
Mem:          3.8G       3.7G       143M       5.7M        26M       3.2G

MemTotal:        4016004 kB
MemFree:          146784 kB
Active:           345324 kB
Mem:          3.8G       3.7G       143M       5.7M        26M       3.2G

MemTotal:        4016004 kB
MemFree:          146784 kB
Active:           345352 kB
Mem:          3.8G       3.7G       143M       5.7M        26M       3.2G

MemTotal:        4016004 kB
MemFree:          146660 kB
Active:           345372 kB
Mem:          3.8G       3.7G       143M       5.7M        26M       3.2G

MemTotal:        4016004 kB
MemFree:          146676 kB
Active:           345376 kB
Mem:          3.8G       3.7G       143M       5.7M        26M       3.2G

MemTotal:        4016004 kB
MemFree:          146800 kB
Active:           345356 kB
Mem:          3.8G       3.7G       143M       5.7M        26M       3.2G

MemTotal:        4016004 kB
MemFree:          146676 kB
Active:           345324 kB
Mem:          3.8G       3.7G       143M       5.7M        26M       3.2G

MemTotal:        4016004 kB
MemFree:          146800 kB
Active:           345352 kB
Mem:          3.8G       3.7G       143M       5.7M        26M       3.2G

MemTotal:        4016004 kB
MemFree:          146924 kB
Active:           345340 kB
Mem:          3.8G       3.7G       143M       5.7M        26M       3.2G

MemTotal:        4016004 kB
MemFree:          146924 kB
Active:           345336 kB
Mem:          3.8G       3.7G       143M       5.7M        26M       3.2G

MemTotal:        4016004 kB
MemFree:          146924 kB
Active:           345344 kB
Mem:          3.8G       3.7G       143M       5.7M        26M       3.2G

MemTotal:        4016004 kB
MemFree:          147048 kB
Active:           345380 kB
Mem:          3.8G       3.7G       143M       5.7M        26M       3.2G

MemTotal:        4016004 kB
MemFree:          146924 kB
Active:           345332 kB
Mem:          3.8G       3.7G       143M       5.7M        26M       3.2G

MemTotal:        4016004 kB
MemFree:          146800 kB
Active:           345356 kB
Mem:          3.8G       3.7G       143M       5.7M        26M       3.2G

MemTotal:        4016004 kB
MemFree:          146924 kB
Active:           345380 kB
Mem:          3.8G       3.7G       143M       5.7M        26M       3.2G

MemTotal:        4016004 kB
MemFree:          146924 kB
Active:           345380 kB
Mem:          3.8G       3.7G       143M       5.7M        26M       3.2G

MemTotal:        4016004 kB
MemFree:          146180 kB
Active:           345388 kB
Mem:          3.8G       3.7G       143M       5.7M        26M       3.2G

MemTotal:        4016004 kB
MemFree:          146676 kB
Active:           345380 kB
Mem:          3.8G       3.7G       143M       5.7M        26M       3.2G

MemTotal:        4016004 kB
MemFree:          146056 kB
Active:           345396 kB
Mem:          3.8G       3.7G       142M       5.7M        26M       3.2G

MemTotal:        4016004 kB
MemFree:          146800 kB
Active:           345404 kB
Mem:          3.8G       3.7G       143M       5.7M        26M       3.2G

MemTotal:        4016004 kB
MemFree:          146800 kB
Active:           345380 kB
Mem:          3.8G       3.7G       143M       5.7M        26M       3.2G

MemTotal:        4016004 kB
MemFree:          146552 kB
Active:           345404 kB
Mem:          3.8G       3.7G       143M       5.7M        26M       3.2G

MemTotal:        4016004 kB
MemFree:          146800 kB
Active:           345384 kB
Mem:          3.8G       3.7G       143M       5.7M        26M       3.2G

MemTotal:        4016004 kB
MemFree:          146552 kB
Active:           345376 kB
Mem:          3.8G       3.7G       143M       5.7M        26M       3.2G

MemTotal:        4016004 kB
MemFree:          146676 kB
Active:           345404 kB
Mem:          3.8G       3.7G       143M       5.7M        26M       3.2G

MemTotal:        4016004 kB
MemFree:          146924 kB
Active:           345392 kB
Mem:          3.8G       3.7G       143M       5.7M        26M       3.2G

MemTotal:        4016004 kB
MemFree:          146924 kB
Active:           345368 kB
Mem:          3.8G       3.7G       143M       5.7M        26M       3.2G

MemTotal:        4016004 kB
MemFree:          147048 kB
Active:           345400 kB
Mem:          3.8G       3.7G       143M       5.7M        26M       3.2G

MemTotal:        4016004 kB
MemFree:          146676 kB
Active:           345396 kB
Mem:          3.8G       3.7G       143M       5.7M        26M       3.2G

MemTotal:        4016004 kB
MemFree:          146676 kB
Active:           345412 kB
Mem:          3.8G       3.7G       143M       5.7M        26M       3.2G

MemTotal:        4016004 kB
MemFree:          146800 kB
Active:           345388 kB
Mem:          3.8G       3.7G       143M       5.7M        26M       3.2G

MemTotal:        4016004 kB
MemFree:          146800 kB
Active:           345392 kB
Mem:          3.8G       3.7G       143M       5.7M        26M       3.2G

MemTotal:        4016004 kB
MemFree:          146676 kB
Active:           345420 kB
Mem:          3.8G       3.7G       143M       5.7M        26M       3.2G

MemTotal:        4016004 kB
MemFree:          146800 kB
Active:           345416 kB
Mem:          3.8G       3.7G       143M       5.7M        26M       3.2G

MemTotal:        4016004 kB
MemFree:          146676 kB
Active:           345420 kB
Mem:          3.8G       3.7G       143M       5.7M        26M       3.2G

MemTotal:        4016004 kB
MemFree:          146676 kB
Active:           345392 kB
Mem:          3.8G       3.7G       143M       5.7M        26M       3.2G

MemTotal:        4016004 kB
MemFree:          146660 kB
Active:           345432 kB
Mem:          3.8G       3.7G       143M       5.7M        26M       3.2G

MemTotal:        4016004 kB
MemFree:          146924 kB
Active:           345404 kB
Mem:          3.8G       3.7G       143M       5.7M        26M       3.2G

MemTotal:        4016004 kB
MemFree:          146800 kB
Active:           345384 kB
Mem:          3.8G       3.7G       143M       5.7M        26M       3.2G

MemTotal:        4016004 kB
MemFree:          146924 kB
Active:           345392 kB
Mem:          3.8G       3.7G       143M       5.7M        26M       3.2G

MemTotal:        4016004 kB
MemFree:          146924 kB
Active:           345436 kB
Mem:          3.8G       3.7G       143M       5.7M        26M       3.2G

MemTotal:        4016004 kB
MemFree:          146924 kB
Active:           345420 kB
Mem:          3.8G       3.7G       143M       5.7M        26M       3.2G

MemTotal:        4016004 kB
MemFree:          146800 kB
Active:           345412 kB
Mem:          3.8G       3.7G       143M       5.7M        26M       3.2G

MemTotal:        4016004 kB
MemFree:          146800 kB
Active:           345452 kB
Mem:          3.8G       3.7G       143M       5.7M        26M       3.2G

MemTotal:        4016004 kB
MemFree:          146800 kB
Active:           345432 kB
Mem:          3.8G       3.7G       143M       5.7M        26M       3.2G

MemTotal:        4016004 kB
MemFree:          146924 kB
Active:           345420 kB
Mem:          3.8G       3.7G       143M       5.7M        26M       3.2G

MemTotal:        4016004 kB
MemFree:          146676 kB
Active:           345448 kB
Mem:          3.8G       3.7G       143M       5.7M        26M       3.2G

MemTotal:        4016004 kB
MemFree:          146676 kB
Active:           345452 kB
Mem:          3.8G       3.7G       143M       5.7M        26M       3.2G

MemTotal:        4016004 kB
MemFree:          146800 kB
Active:           345448 kB
Mem:          3.8G       3.7G       143M       5.7M        26M       3.2G

MemTotal:        4016004 kB
MemFree:          146800 kB
Active:           345440 kB
Mem:          3.8G       3.7G       143M       5.7M        26M       3.2G

MemTotal:        4016004 kB
MemFree:          146676 kB
Active:           345456 kB
Mem:          3.8G       3.7G       143M       5.7M        26M       3.2G

MemTotal:        4016004 kB
MemFree:          146676 kB
Active:           345456 kB
Mem:          3.8G       3.7G       142M       5.7M        26M       3.2G

MemTotal:        4016004 kB
MemFree:          146800 kB
Active:           345452 kB
Mem:          3.8G       3.7G       143M       5.7M        26M       3.2G

MemTotal:        4016004 kB
MemFree:          146800 kB
Active:           345436 kB
Mem:          3.8G       3.7G       143M       5.7M        26M       3.2G

MemTotal:        4016004 kB
MemFree:          146784 kB
Active:           345484 kB
Mem:          3.8G       3.7G       143M       5.7M        26M       3.2G

MemTotal:        4016004 kB
MemFree:          146800 kB
Active:           345468 kB
Mem:          3.8G       3.7G       143M       5.7M        26M       3.2G

MemTotal:        4016004 kB
MemFree:          146676 kB
Active:           345440 kB
Mem:          3.8G       3.7G       143M       5.7M        26M       3.2G

MemTotal:        4016004 kB
MemFree:          146800 kB
Active:           345440 kB
Mem:          3.8G       3.7G       143M       5.7M        26M       3.2G

MemTotal:        4016004 kB
MemFree:          146676 kB
Active:           345464 kB
Mem:          3.8G       3.7G       143M       5.7M        26M       3.2G

MemTotal:        4016004 kB
MemFree:          146800 kB
Active:           345476 kB
Mem:          3.8G       3.7G       143M       5.7M        26M       3.2G

MemTotal:        4016004 kB
MemFree:          146800 kB
Active:           345448 kB
Mem:          3.8G       3.7G       143M       5.7M        26M       3.2G

MemTotal:        4016004 kB
MemFree:          146676 kB
Active:           345492 kB
Mem:          3.8G       3.7G       143M       5.7M        26M       3.2G

MemTotal:        4016004 kB
MemFree:          146676 kB
Active:           345472 kB
Mem:          3.8G       3.7G       143M       5.7M        26M       3.2G

MemTotal:        4016004 kB
MemFree:          146676 kB
Active:           345500 kB
Mem:          3.8G       3.7G       143M       5.7M        26M       3.2G

MemTotal:        4016004 kB
MemFree:          146800 kB
Active:           345484 kB
Mem:          3.8G       3.7G       143M       5.7M        26M       3.2G

MemTotal:        4016004 kB
MemFree:          146676 kB
Active:           345500 kB
Mem:          3.8G       3.7G       142M       5.7M        26M       3.2G

MemTotal:        4016004 kB
MemFree:          146800 kB
Active:           345484 kB
Mem:          3.8G       3.7G       142M       5.7M        26M       3.2G

MemTotal:        4016004 kB
MemFree:          146676 kB
Active:           345460 kB
Mem:          3.8G       3.7G       142M       5.7M        26M       3.2G

MemTotal:        4016004 kB
MemFree:          146676 kB
Active:           345496 kB
Mem:          3.8G       3.7G       143M       5.7M        26M       3.2G

MemTotal:        4016004 kB
MemFree:          146800 kB
Active:           345468 kB
Mem:          3.8G       3.7G       143M       5.7M        26M       3.2G

MemTotal:        4016004 kB
MemFree:          146676 kB
Active:           345464 kB
Mem:          3.8G       3.7G       142M       5.7M        26M       3.2G

MemTotal:        4016004 kB
MemFree:          146304 kB
Active:           345476 kB
Mem:          3.8G       3.7G       142M       5.7M        26M       3.2G

MemTotal:        4016004 kB
MemFree:          146304 kB
Active:           345464 kB
Mem:          3.8G       3.7G       142M       5.7M        26M       3.2G

MemTotal:        4016004 kB
MemFree:          146428 kB
Active:           345516 kB
Mem:          3.8G       3.7G       142M       5.7M        26M       3.2G

MemTotal:        4016004 kB
MemFree:          146180 kB
Active:           345476 kB
Mem:          3.8G       3.7G       142M       5.7M        26M       3.2G

MemTotal:        4016004 kB
MemFree:          146180 kB
Active:           345480 kB
Mem:          3.8G       3.7G       142M       5.7M        26M       3.2G

MemTotal:        4016004 kB
MemFree:          146180 kB
Active:           345496 kB
Mem:          3.8G       3.7G       143M       5.7M        26M       3.2G

MemTotal:        4016004 kB
MemFree:          146800 kB
Active:           345496 kB
Mem:          3.8G       3.7G       143M       5.7M        26M       3.2G

MemTotal:        4016004 kB
MemFree:          146676 kB
Active:           345492 kB
Mem:          3.8G       3.7G       143M       5.7M        26M       3.2G

MemTotal:        4016004 kB
MemFree:          146676 kB
Active:           345524 kB
Mem:          3.8G       3.7G       143M       5.7M        26M       3.2G

MemTotal:        4016004 kB
MemFree:          146552 kB
Active:           345496 kB
Mem:          3.8G       3.7G       143M       5.7M        26M       3.2G

MemTotal:        4016004 kB
MemFree:          146552 kB
Active:           345508 kB
Mem:          3.8G       3.7G       143M       5.7M        26M       3.2G

MemTotal:        4016004 kB
MemFree:          146552 kB
Active:           345476 kB
Mem:          3.8G       3.7G       143M       5.7M        26M       3.2G

MemTotal:        4016004 kB
MemFree:          146800 kB
Active:           345468 kB
Mem:          3.8G       3.7G       143M       5.7M        26M       3.2G

MemTotal:        4016004 kB
MemFree:          146676 kB
Active:           345512 kB
Mem:          3.8G       3.7G       143M       5.7M        26M       3.2G

MemTotal:        4016004 kB
MemFree:          146552 kB
Active:           345504 kB
Mem:          3.8G       3.7G       142M       5.7M        26M       3.2G

MemTotal:        4016004 kB
MemFree:          146552 kB
Active:           345536 kB
Mem:          3.8G       3.7G       142M       5.7M        26M       3.2G

MemTotal:        4016004 kB
MemFree:          146428 kB
Active:           345524 kB
Mem:          3.8G       3.7G       142M       5.7M        26M       3.2G

MemTotal:        4016004 kB
MemFree:          146552 kB
Active:           345532 kB
Mem:          3.8G       3.7G       143M       5.7M        26M       3.2G

MemTotal:        4016004 kB
MemFree:          146676 kB
Active:           345532 kB
Mem:          3.8G       3.7G       143M       5.7M        26M       3.2G

MemTotal:        4016004 kB
MemFree:          146676 kB
Active:           345492 kB
Mem:          3.8G       3.7G       143M       5.7M        26M       3.2G

MemTotal:        4016004 kB
MemFree:          146428 kB
Active:           345500 kB
Mem:          3.8G       3.7G       143M       5.7M        26M       3.2G

MemTotal:        4016004 kB
MemFree:          146552 kB
Active:           345524 kB
Mem:          3.8G       3.7G       143M       5.7M        26M       3.2G

MemTotal:        4016004 kB
MemFree:          146676 kB
Active:           345524 kB
Mem:          3.8G       3.7G       143M       5.7M        26M       3.2G

MemTotal:        4016004 kB
MemFree:          146676 kB
Active:           345508 kB
Mem:          3.8G       3.7G       143M       5.7M        26M       3.2G

MemTotal:        4016004 kB
MemFree:          146428 kB
Active:           345560 kB
Mem:          3.8G       3.7G       143M       5.7M        26M       3.2G

MemTotal:        4016004 kB
MemFree:          146800 kB
Active:           345524 kB
Mem:          3.8G       3.7G       143M       5.7M        26M       3.2G

MemTotal:        4016004 kB
MemFree:          146676 kB
Active:           345520 kB
Mem:          3.8G       3.7G       143M       5.7M        26M       3.2G

MemTotal:        4016004 kB
MemFree:          146428 kB
Active:           345564 kB
Mem:          3.8G       3.7G       143M       5.7M        26M       3.2G

MemTotal:        4016004 kB
MemFree:          146552 kB
Active:           345548 kB
Mem:          3.8G       3.7G       143M       5.7M        26M       3.2G

MemTotal:        4016004 kB
MemFree:          146552 kB
Active:           345540 kB
Mem:          3.8G       3.7G       142M       5.7M        26M       3.2G

MemTotal:        4016004 kB
MemFree:          146428 kB
Active:           345576 kB
Mem:          3.8G       3.7G       143M       5.7M        26M       3.2G

MemTotal:        4016004 kB
MemFree:          146552 kB
Active:           345548 kB
Mem:          3.8G       3.7G       142M       5.7M        26M       3.2G

MemTotal:        4016004 kB
MemFree:          146056 kB
Active:           345592 kB
Mem:          3.8G       3.7G       142M       5.7M        26M       3.2G

MemTotal:        4016004 kB
MemFree:          147048 kB
Active:           345464 kB
Mem:          3.8G       3.7G       143M       5.7M        26M       3.2G

MemTotal:        4016004 kB
MemFree:          147440 kB
Active:           345228 kB
Mem:          3.8G       3.7G       143M       5.7M        26M       3.2G

MemTotal:        4016004 kB
MemFree:          147440 kB
Active:           345232 kB
Mem:          3.8G       3.7G       143M       5.7M        26M       3.2G

MemTotal:        4016004 kB
MemFree:          147240 kB
Active:           345276 kB
Mem:          3.8G       3.7G       144M       5.7M        26M       3.2G

MemTotal:        4016004 kB
MemFree:          147612 kB
Active:           345276 kB
Mem:          3.8G       3.7G       144M       5.7M        26M       3.2G

MemTotal:        4016004 kB
MemFree:          147984 kB
Active:           345280 kB
Mem:          3.8G       3.7G       144M       5.7M        26M       3.2G

MemTotal:        4016004 kB
MemFree:          147860 kB
Active:           345268 kB
Mem:          3.8G       3.7G       143M       5.7M        26M       3.2G

MemTotal:        4016004 kB
MemFree:          147364 kB
Active:           345264 kB
Mem:          3.8G       3.7G       143M       5.7M        26M       3.2G

MemTotal:        4016004 kB
MemFree:          147488 kB
Active:           345268 kB
Mem:          3.8G       3.7G       143M       5.7M        26M       3.2G

MemTotal:        4016004 kB
MemFree:          147736 kB
Active:           345248 kB
Mem:          3.8G       3.7G       144M       5.7M        26M       3.2G

MemTotal:        4016004 kB
MemFree:          147736 kB
Active:           345236 kB
Mem:          3.8G       3.7G       144M       5.7M        26M       3.2G

MemTotal:        4016004 kB
MemFree:          147736 kB
Active:           345296 kB
Mem:          3.8G       3.7G       144M       5.7M        26M       3.2G

MemTotal:        4016004 kB
MemFree:          147860 kB
Active:           345252 kB
Mem:          3.8G       3.7G       144M       5.7M        26M       3.2G

MemTotal:        4016004 kB
MemFree:          147596 kB
Active:           345280 kB
Mem:          3.8G       3.7G       144M       5.7M        26M       3.2G

MemTotal:        4016004 kB
MemFree:          147564 kB
Active:           345284 kB
Mem:          3.8G       3.7G       144M       5.7M        26M       3.2G

MemTotal:        4016004 kB
MemFree:          148108 kB
Active:           345292 kB
Mem:          3.8G       3.7G       144M       5.7M        26M       3.2G

MemTotal:        4016004 kB
MemFree:          148480 kB
Active:           345292 kB
Mem:          3.8G       3.7G       144M       5.7M        26M       3.2G

MemTotal:        4016004 kB
MemFree:          147736 kB
Active:           345268 kB
Mem:          3.8G       3.7G       144M       5.7M        26M       3.2G

MemTotal:        4016004 kB
MemFree:          148356 kB
Active:           345276 kB
Mem:          3.8G       3.7G       144M       5.7M        26M       3.2G

MemTotal:        4016004 kB
MemFree:          148356 kB
Active:           345296 kB
Mem:          3.8G       3.7G       144M       5.7M        26M       3.2G

MemTotal:        4016004 kB
MemFree:          148108 kB
Active:           345288 kB
Mem:          3.8G       3.7G       144M       5.7M        26M       3.2G

MemTotal:        4016004 kB
MemFree:          147984 kB
Active:           345256 kB
Mem:          3.8G       3.7G       144M       5.7M        26M       3.2G

MemTotal:        4016004 kB
MemFree:          147984 kB
Active:           345276 kB
Mem:          3.8G       3.7G       144M       5.7M        26M       3.2G

MemTotal:        4016004 kB
MemFree:          147860 kB
Active:           345300 kB
Mem:          3.8G       3.7G       144M       5.7M        26M       3.2G

MemTotal:        4016004 kB
MemFree:          147612 kB
Active:           345288 kB
Mem:          3.8G       3.7G       144M       5.7M        26M       3.2G

MemTotal:        4016004 kB
MemFree:          147736 kB
Active:           345296 kB
Mem:          3.8G       3.7G       144M       5.7M        26M       3.2G

MemTotal:        4016004 kB
MemFree:          147736 kB
Active:           345308 kB
Mem:          3.8G       3.7G       144M       5.7M        26M       3.2G

MemTotal:        4016004 kB
MemFree:          148296 kB
Active:           345268 kB
Mem:          3.8G       3.7G       144M       5.7M        26M       3.2G

MemTotal:        4016004 kB
MemFree:          147924 kB
Active:           345324 kB
Mem:          3.8G       3.7G       144M       5.7M        26M       3.2G

MemTotal:        4016004 kB
MemFree:          148172 kB
Active:           345320 kB
Mem:          3.8G       3.7G       144M       5.7M        26M       3.2G

MemTotal:        4016004 kB
MemFree:          148296 kB
Active:           345276 kB
Mem:          3.8G       3.7G       144M       5.7M        26M       3.2G

MemTotal:        4016004 kB
MemFree:          147676 kB
Active:           345328 kB
Mem:          3.8G       3.7G       144M       5.7M        26M       3.2G

MemTotal:        4016004 kB
MemFree:          147924 kB
Active:           345312 kB
Mem:          3.8G       3.7G       144M       5.7M        26M       3.2G

MemTotal:        4016004 kB
MemFree:          147924 kB
Active:           345316 kB
Mem:          3.8G       3.7G       144M       5.7M        26M       3.2G

MemTotal:        4016004 kB
MemFree:          147924 kB
Active:           345304 kB
Mem:          3.8G       3.7G       144M       5.7M        26M       3.2G

MemTotal:        4016004 kB
MemFree:          148048 kB
Active:           345312 kB
Mem:          3.8G       3.7G       144M       5.7M        26M       3.2G

MemTotal:        4016004 kB
MemFree:          148048 kB
Active:           345304 kB
Mem:          3.8G       3.7G       144M       5.7M        26M       3.2G

MemTotal:        4016004 kB
MemFree:          148172 kB
Active:           345316 kB
Mem:          3.8G       3.7G       144M       5.7M        26M       3.2G

MemTotal:        4016004 kB
MemFree:          147676 kB
Active:           345356 kB
Mem:          3.8G       3.7G       144M       5.7M        26M       3.2G

MemTotal:        4016004 kB
MemFree:          147676 kB
Active:           345368 kB
Mem:          3.8G       3.7G       144M       5.7M        26M       3.2G

MemTotal:        4016004 kB
MemFree:          148420 kB
Active:           345304 kB
Mem:          3.8G       3.7G       144M       5.7M        26M       3.2G

MemTotal:        4016004 kB
MemFree:          148668 kB
Active:           345312 kB
Mem:          3.8G       3.7G       145M       5.7M        26M       3.2G

MemTotal:        4016004 kB
MemFree:          148668 kB
Active:           345364 kB
Mem:          3.8G       3.7G       145M       5.7M        26M       3.2G

MemTotal:        4016004 kB
MemFree:          148792 kB
Active:           345364 kB
Mem:          3.8G       3.7G       145M       5.7M        26M       3.2G

MemTotal:        4016004 kB
MemFree:          148792 kB
Active:           345356 kB
Mem:          3.8G       3.7G       145M       5.7M        26M       3.2G

MemTotal:        4016004 kB
MemFree:          148792 kB
Active:           345352 kB
Mem:          3.8G       3.7G       145M       5.7M        26M       3.2G

MemTotal:        4016004 kB
MemFree:          148792 kB
Active:           345352 kB
Mem:          3.8G       3.7G       145M       5.7M        26M       3.2G

MemTotal:        4016004 kB
MemFree:          148916 kB
Active:           345360 kB
Mem:          3.8G       3.7G       145M       5.7M        26M       3.2G

MemTotal:        4016004 kB
MemFree:          148792 kB
Active:           345364 kB
Mem:          3.8G       3.7G       145M       5.7M        26M       3.2G

MemTotal:        4016004 kB
MemFree:          148792 kB
Active:           345364 kB
Mem:          3.8G       3.7G       145M       5.7M        26M       3.2G

MemTotal:        4016004 kB
MemFree:          148792 kB
Active:           345368 kB
Mem:          3.8G       3.7G       145M       5.7M        26M       3.2G

MemTotal:        4016004 kB
MemFree:          148916 kB
Active:           345348 kB
Mem:          3.8G       3.7G       145M       5.7M        26M       3.2G

MemTotal:        4016004 kB
MemFree:          148792 kB
Active:           345356 kB
Mem:          3.8G       3.7G       145M       5.7M        26M       3.2G

MemTotal:        4016004 kB
MemFree:          148916 kB
Active:           345368 kB
Mem:          3.8G       3.7G       145M       5.7M        26M       3.2G

MemTotal:        4016004 kB
MemFree:          148544 kB
Active:           345384 kB
Mem:          3.8G       3.7G       144M       5.7M        26M       3.2G

MemTotal:        4016004 kB
MemFree:          148544 kB
Active:           345344 kB
Mem:          3.8G       3.7G       145M       5.7M        26M       3.2G

MemTotal:        4016004 kB
MemFree:          148544 kB
Active:           345348 kB
Mem:          3.8G       3.7G       144M       5.7M        26M       3.2G

MemTotal:        4016004 kB
MemFree:          148296 kB
Active:           345368 kB
Mem:          3.8G       3.7G       144M       5.7M        26M       3.2G

MemTotal:        4016004 kB
MemFree:          147800 kB
Active:           345372 kB
