MemTotal:        4016004 kB
MemFree:         3201812 kB
Active:           456876 kB
Mem:          3.8G       795M       3.1G       5.7M        63M       327M

MemTotal:        4016004 kB
MemFree:         3202288 kB
Active:           456708 kB
Mem:          3.8G       794M       3.1G       5.7M        63M       327M

MemTotal:        4016004 kB
MemFree:         3202272 kB
Active:           456800 kB
Mem:          3.8G       794M       3.1G       5.7M        63M       327M

MemTotal:        4016004 kB
MemFree:         3202380 kB
Active:           456768 kB
Mem:          3.8G       794M       3.1G       5.7M        63M       327M

MemTotal:        4016004 kB
MemFree:         3202240 kB
Active:           456776 kB
Mem:          3.8G       794M       3.1G       5.7M        63M       327M

MemTotal:        4016004 kB
MemFree:         3202240 kB
Active:           456824 kB
Mem:          3.8G       794M       3.1G       5.7M        63M       327M

MemTotal:        4016004 kB
MemFree:         3202596 kB
Active:           456796 kB
Mem:          3.8G       794M       3.1G       5.7M        63M       327M

MemTotal:        4016004 kB
MemFree:         3202968 kB
Active:           456808 kB
Mem:          3.8G       793M       3.1G       5.7M        63M       327M

MemTotal:        4016004 kB
MemFree:         3202720 kB
Active:           456784 kB
Mem:          3.8G       794M       3.1G       5.7M        63M       327M

MemTotal:        4016004 kB
MemFree:         3202720 kB
Active:           456780 kB
Mem:          3.8G       794M       3.1G       5.7M        63M       327M

MemTotal:        4016004 kB
MemFree:         3202720 kB
Active:           456788 kB
Mem:          3.8G       794M       3.1G       5.7M        63M       327M

MemTotal:        4016004 kB
MemFree:         3202752 kB
Active:           456784 kB
Mem:          3.8G       794M       3.1G       5.7M        63M       327M

MemTotal:        4016004 kB
MemFree:         3202752 kB
Active:           456820 kB
Mem:          3.8G       794M       3.1G       5.7M        63M       327M

MemTotal:        4016004 kB
MemFree:         3202688 kB
Active:           454784 kB
Mem:          3.8G       794M       3.1G       5.7M        63M       327M

MemTotal:        4016004 kB
MemFree:         3202248 kB
Active:           456840 kB
Mem:          3.8G       794M       3.1G       5.7M        63M       327M

MemTotal:        4016004 kB
MemFree:         3202776 kB
Active:           456800 kB
Mem:          3.8G       794M       3.1G       5.7M        63M       327M

MemTotal:        4016004 kB
MemFree:         3202776 kB
Active:           456788 kB
Mem:          3.8G       794M       3.1G       5.7M        63M       327M

MemTotal:        4016004 kB
MemFree:         3202776 kB
Active:           456804 kB
Mem:          3.8G       794M       3.1G       5.7M        63M       327M

MemTotal:        4016004 kB
MemFree:         3202900 kB
Active:           456840 kB
Mem:          3.8G       794M       3.1G       5.7M        63M       327M

MemTotal:        4016004 kB
MemFree:         3202652 kB
Active:           456824 kB
Mem:          3.8G       794M       3.1G       5.7M        63M       327M

MemTotal:        4016004 kB
MemFree:         3202760 kB
Active:           456840 kB
Mem:          3.8G       794M       3.1G       5.7M        63M       327M

MemTotal:        4016004 kB
MemFree:         3203008 kB
Active:           456796 kB
Mem:          3.8G       793M       3.1G       5.7M        63M       327M

MemTotal:        4016004 kB
MemFree:         3203008 kB
Active:           456816 kB
Mem:          3.8G       794M       3.1G       5.7M        63M       327M

MemTotal:        4016004 kB
MemFree:         3202868 kB
Active:           454904 kB
Mem:          3.8G       794M       3.1G       5.7M        63M       327M

MemTotal:        4016004 kB
MemFree:         3202912 kB
Active:           456840 kB
Mem:          3.8G       794M       3.1G       5.7M        63M       327M

MemTotal:        4016004 kB
MemFree:         3202912 kB
Active:           456824 kB
Mem:          3.8G       794M       3.1G       5.7M        63M       327M

MemTotal:        4016004 kB
MemFree:         3202664 kB
Active:           456836 kB
Mem:          3.8G       794M       3.1G       5.7M        63M       327M

MemTotal:        4016004 kB
MemFree:         3202772 kB
Active:           456840 kB
Mem:          3.8G       794M       3.1G       5.7M        63M       327M

MemTotal:        4016004 kB
MemFree:         3202772 kB
Active:           456840 kB
Mem:          3.8G       794M       3.1G       5.7M        63M       328M

MemTotal:        4016004 kB
MemFree:         3202276 kB
Active:           456812 kB
Mem:          3.8G       794M       3.1G       5.7M        63M       328M

MemTotal:        4016004 kB
MemFree:         3202648 kB
Active:           456856 kB
Mem:          3.8G       794M       3.1G       5.7M        63M       328M

MemTotal:        4016004 kB
MemFree:         3202400 kB
Active:           456844 kB
Mem:          3.8G       794M       3.1G       5.7M        63M       328M

MemTotal:        4016004 kB
MemFree:         3202524 kB
Active:           456828 kB
Mem:          3.8G       794M       3.1G       5.7M        63M       328M

MemTotal:        4016004 kB
MemFree:         3202524 kB
Active:           456860 kB
Mem:          3.8G       794M       3.1G       5.7M        63M       327M

MemTotal:        4016004 kB
MemFree:         3202384 kB
Active:           456812 kB
Mem:          3.8G       794M       3.1G       5.7M        63M       328M

MemTotal:        4016004 kB
MemFree:         3202384 kB
Active:           456844 kB
Mem:          3.8G       794M       3.1G       5.7M        63M       328M

MemTotal:        4016004 kB
MemFree:         3202368 kB
Active:           456864 kB
Mem:          3.8G       795M       3.1G       5.7M        63M       328M

MemTotal:        4016004 kB
MemFree:         3201980 kB
Active:           456828 kB
Mem:          3.8G       794M       3.1G       5.7M        63M       328M

MemTotal:        4016004 kB
MemFree:         3202228 kB
Active:           456824 kB
Mem:          3.8G       794M       3.1G       5.7M        63M       328M

MemTotal:        4016004 kB
MemFree:         3201856 kB
Active:           456872 kB
Mem:          3.8G       794M       3.1G       5.7M        63M       328M

MemTotal:        4016004 kB
MemFree:         3202088 kB
Active:           456860 kB
Mem:          3.8G       794M       3.1G       5.7M        63M       327M

MemTotal:        4016004 kB
MemFree:         3202320 kB
Active:           456832 kB
Mem:          3.8G       794M       3.1G       5.7M        63M       328M

MemTotal:        4016004 kB
MemFree:         3202552 kB
Active:           456832 kB
Mem:          3.8G       794M       3.1G       5.7M        63M       328M

MemTotal:        4016004 kB
MemFree:         3202272 kB
Active:           456836 kB
Mem:          3.8G       794M       3.1G       5.7M        63M       328M

MemTotal:        4016004 kB
MemFree:         3202024 kB
Active:           456916 kB
Mem:          3.8G       795M       3.1G       5.7M        63M       328M

MemTotal:        4016004 kB
MemFree:         3202132 kB
Active:           456928 kB
Mem:          3.8G       795M       3.1G       5.7M        63M       328M

MemTotal:        4016004 kB
MemFree:         3201744 kB
Active:           456932 kB
Mem:          3.8G       794M       3.1G       5.7M        63M       328M

MemTotal:        4016004 kB
MemFree:         3202224 kB
Active:           456924 kB
Mem:          3.8G       794M       3.1G       5.7M        63M       328M

MemTotal:        4016004 kB
MemFree:         3202116 kB
Active:           456916 kB
Mem:          3.8G       794M       3.1G       5.7M        63M       328M

MemTotal:        4016004 kB
MemFree:         3202860 kB
Active:           456912 kB
Mem:          3.8G       794M       3.1G       5.7M        63M       328M

MemTotal:        4016004 kB
MemFree:         3202488 kB
Active:           456900 kB
Mem:          3.8G       794M       3.1G       5.7M        63M       328M

MemTotal:        4016004 kB
MemFree:         3202488 kB
Active:           456912 kB
Mem:          3.8G       794M       3.1G       5.7M        63M       328M

MemTotal:        4016004 kB
MemFree:         3202508 kB
Active:           456968 kB
Mem:          3.8G       794M       3.1G       5.7M        63M       328M

MemTotal:        4016004 kB
MemFree:         3202508 kB
Active:           456948 kB
Mem:          3.8G       794M       3.1G       5.7M        63M       328M

MemTotal:        4016004 kB
MemFree:         3202384 kB
Active:           456944 kB
Mem:          3.8G       794M       3.1G       5.7M        63M       328M

MemTotal:        4016004 kB
MemFree:         3202508 kB
Active:           456920 kB
Mem:          3.8G       794M       3.1G       5.7M        63M       328M

MemTotal:        4016004 kB
MemFree:         3202632 kB
Active:           456928 kB
Mem:          3.8G       794M       3.1G       5.7M        63M       328M

MemTotal:        4016004 kB
MemFree:         3202508 kB
Active:           456964 kB
Mem:          3.8G       794M       3.1G       5.7M        63M       328M

MemTotal:        4016004 kB
MemFree:         3202508 kB
Active:           456972 kB
Mem:          3.8G       794M       3.1G       5.7M        63M       328M

MemTotal:        4016004 kB
MemFree:         3202260 kB
Active:           456984 kB
Mem:          3.8G       794M       3.1G       5.7M        63M       328M

MemTotal:        4016004 kB
MemFree:         3202260 kB
Active:           456984 kB
Mem:          3.8G       794M       3.1G       5.7M        63M       328M

MemTotal:        4016004 kB
MemFree:         3201888 kB
Active:           456984 kB
Mem:          3.8G       794M       3.1G       5.7M        63M       328M

MemTotal:        4016004 kB
MemFree:         3202260 kB
Active:           456964 kB
Mem:          3.8G       794M       3.1G       5.7M        63M       328M

MemTotal:        4016004 kB
MemFree:         3200248 kB
Active:           457024 kB
Mem:          3.8G       796M       3.1G       5.7M        63M       328M

MemTotal:        4016004 kB
MemFree:         3200324 kB
Active:           458980 kB
Mem:          3.8G       796M       3.1G       5.7M        63M       328M

MemTotal:        4016004 kB
MemFree:         3200200 kB
Active:           458984 kB
Mem:          3.8G       796M       3.1G       5.7M        63M       328M

MemTotal:        4016004 kB
MemFree:         3200200 kB
Active:           458972 kB
Mem:          3.8G       796M       3.1G       5.7M        63M       328M

MemTotal:        4016004 kB
MemFree:         3199828 kB
Active:           459016 kB
Mem:          3.8G       796M       3.1G       5.7M        63M       328M

MemTotal:        4016004 kB
MemFree:         3199704 kB
Active:           459016 kB
Mem:          3.8G       796M       3.1G       5.7M        63M       328M

MemTotal:        4016004 kB
MemFree:         3200248 kB
Active:           458988 kB
Mem:          3.8G       796M       3.1G       5.7M        63M       328M

MemTotal:        4016004 kB
MemFree:         3200124 kB
Active:           459004 kB
Mem:          3.8G       797M       3.1G       5.7M        63M       328M

MemTotal:        4016004 kB
MemFree:         3200000 kB
Active:           459020 kB
Mem:          3.8G       796M       3.1G       5.7M        63M       328M

MemTotal:        4016004 kB
MemFree:         3200372 kB
Active:           459012 kB
Mem:          3.8G       796M       3.1G       5.7M        63M       328M

MemTotal:        4016004 kB
MemFree:         3200248 kB
Active:           458972 kB
Mem:          3.8G       796M       3.1G       5.7M        63M       328M

MemTotal:        4016004 kB
MemFree:         3200248 kB
Active:           459008 kB
Mem:          3.8G       796M       3.1G       5.7M        63M       328M

MemTotal:        4016004 kB
MemFree:         3200248 kB
Active:           458964 kB
Mem:          3.8G       796M       3.1G       5.7M        63M       328M

MemTotal:        4016004 kB
MemFree:         3200248 kB
Active:           459024 kB
Mem:          3.8G       797M       3.1G       5.7M        63M       328M

MemTotal:        4016004 kB
MemFree:         3200248 kB
Active:           458996 kB
Mem:          3.8G       796M       3.1G       5.7M        63M       328M

MemTotal:        4016004 kB
MemFree:         3200372 kB
Active:           458996 kB
Mem:          3.8G       796M       3.1G       5.7M        63M       328M

MemTotal:        4016004 kB
MemFree:         3200232 kB
Active:           458988 kB
Mem:          3.8G       796M       3.1G       5.7M        63M       328M

MemTotal:        4016004 kB
MemFree:         3200216 kB
Active:           459028 kB
Mem:          3.8G       796M       3.1G       5.7M        63M       328M

MemTotal:        4016004 kB
MemFree:         3200340 kB
Active:           459008 kB
Mem:          3.8G       796M       3.1G       5.7M        63M       328M

MemTotal:        4016004 kB
MemFree:         3200340 kB
Active:           458992 kB
Mem:          3.8G       796M       3.1G       5.7M        63M       328M

MemTotal:        4016004 kB
MemFree:         3200296 kB
Active:           457160 kB
Mem:          3.8G       796M       3.1G       5.7M        63M       328M

MemTotal:        4016004 kB
MemFree:         3200152 kB
Active:           459024 kB
Mem:          3.8G       796M       3.1G       5.7M        63M       328M

MemTotal:        4016004 kB
MemFree:         3199904 kB
Active:           459028 kB
Mem:          3.8G       797M       3.1G       5.7M        63M       328M

MemTotal:        4016004 kB
MemFree:         3199888 kB
Active:           459012 kB
Mem:          3.8G       797M       3.1G       5.7M        63M       328M

MemTotal:        4016004 kB
MemFree:         3199872 kB
Active:           459060 kB
Mem:          3.8G       796M       3.1G       5.7M        63M       328M

MemTotal:        4016004 kB
MemFree:         3200120 kB
Active:           459044 kB
Mem:          3.8G       796M       3.1G       5.7M        63M       328M

MemTotal:        4016004 kB
MemFree:         3200244 kB
Active:           459060 kB
Mem:          3.8G       796M       3.1G       5.7M        63M       328M

MemTotal:        4016004 kB
MemFree:         3200104 kB
Active:           459024 kB
Mem:          3.8G       796M       3.1G       5.7M        63M       328M

MemTotal:        4016004 kB
MemFree:         3200088 kB
Active:           459024 kB
Mem:          3.8G       796M       3.1G       5.7M        63M       328M

MemTotal:        4016004 kB
MemFree:         3200088 kB
Active:           459060 kB
Mem:          3.8G       796M       3.1G       5.7M        63M       328M

MemTotal:        4016004 kB
MemFree:         3198040 kB
Active:           459012 kB
Mem:          3.8G       798M       3.0G       5.7M        63M       328M

MemTotal:        4016004 kB
MemFree:         3198040 kB
Active:           461052 kB
Mem:          3.8G       799M       3.0G       5.7M        63M       328M

MemTotal:        4016004 kB
MemFree:         3198040 kB
Active:           461044 kB
Mem:          3.8G       799M       3.0G       5.7M        63M       328M

MemTotal:        4016004 kB
MemFree:         3197668 kB
Active:           461064 kB
Mem:          3.8G       799M       3.0G       5.7M        63M       328M

MemTotal:        4016004 kB
MemFree:         3197652 kB
Active:           461048 kB
Mem:          3.8G       799M       3.0G       5.7M        63M       328M

MemTotal:        4016004 kB
MemFree:         3197636 kB
Active:           461072 kB
Mem:          3.8G       799M       3.0G       5.7M        63M       328M

MemTotal:        4016004 kB
MemFree:         3197760 kB
Active:           461084 kB
Mem:          3.8G       799M       3.0G       5.7M        63M       328M

MemTotal:        4016004 kB
MemFree:         3197992 kB
Active:           461092 kB
Mem:          3.8G       798M       3.0G       5.7M        63M       328M

MemTotal:        4016004 kB
MemFree:         3198116 kB
Active:           461088 kB
Mem:          3.8G       798M       3.0G       5.7M        63M       328M

MemTotal:        4016004 kB
MemFree:         3197868 kB
Active:           461104 kB
Mem:          3.8G       798M       3.0G       5.7M        63M       328M

MemTotal:        4016004 kB
MemFree:         3198224 kB
Active:           461096 kB
Mem:          3.8G       798M       3.0G       5.7M        63M       328M

MemTotal:        4016004 kB
MemFree:         3198224 kB
Active:           461088 kB
Mem:          3.8G       798M       3.1G       5.7M        63M       328M

MemTotal:        4016004 kB
MemFree:         3198240 kB
Active:           461072 kB
Mem:          3.8G       798M       3.1G       5.7M        63M       328M

MemTotal:        4016004 kB
MemFree:         3198116 kB
Active:           461064 kB
Mem:          3.8G       798M       3.0G       5.7M        63M       328M

MemTotal:        4016004 kB
MemFree:         3198116 kB
Active:           461064 kB
Mem:          3.8G       798M       3.0G       5.7M        63M       328M

MemTotal:        4016004 kB
MemFree:         3197992 kB
Active:           461088 kB
Mem:          3.8G       799M       3.0G       5.7M        63M       328M

MemTotal:        4016004 kB
MemFree:         3198240 kB
Active:           461064 kB
Mem:          3.8G       798M       3.0G       5.7M        63M       328M

MemTotal:        4016004 kB
MemFree:         3198240 kB
Active:           461108 kB
Mem:          3.8G       798M       3.1G       5.7M        63M       328M

MemTotal:        4016004 kB
MemFree:         3198116 kB
Active:           461104 kB
Mem:          3.8G       798M       3.0G       5.7M        63M       328M

MemTotal:        4016004 kB
MemFree:         3197868 kB
Active:           461088 kB
Mem:          3.8G       798M       3.0G       5.7M        63M       328M

MemTotal:        4016004 kB
MemFree:         3197920 kB
Active:           459412 kB
Mem:          3.8G       798M       3.0G       5.7M        63M       328M

MemTotal:        4016004 kB
MemFree:         3198052 kB
Active:           461236 kB
Mem:          3.8G       798M       3.0G       5.7M        63M       328M

MemTotal:        4016004 kB
MemFree:         3198052 kB
Active:           461220 kB
Mem:          3.8G       799M       3.0G       5.7M        63M       328M

MemTotal:        4016004 kB
MemFree:         3198176 kB
Active:           461224 kB
Mem:          3.8G       798M       3.0G       5.7M        63M       328M

MemTotal:        4016004 kB
MemFree:         3198176 kB
Active:           461208 kB
Mem:          3.8G       798M       3.0G       5.7M        63M       328M

MemTotal:        4016004 kB
MemFree:         3197928 kB
Active:           461260 kB
Mem:          3.8G       799M       3.0G       5.7M        63M       328M

MemTotal:        4016004 kB
MemFree:         3197680 kB
Active:           461228 kB
Mem:          3.8G       799M       3.0G       5.7M        63M       328M

MemTotal:        4016004 kB
MemFree:         3197804 kB
Active:           461240 kB
Mem:          3.8G       799M       3.0G       5.7M        63M       328M

MemTotal:        4016004 kB
MemFree:         3197788 kB
Active:           461272 kB
Mem:          3.8G       799M       3.0G       5.7M        63M       328M

MemTotal:        4016004 kB
MemFree:         3197152 kB
Active:           461272 kB
Mem:          3.8G       799M       3.0G       5.7M        63M       328M

MemTotal:        4016004 kB
MemFree:         3197836 kB
Active:           461232 kB
Mem:          3.8G       799M       3.0G       5.7M        63M       328M

MemTotal:        4016004 kB
MemFree:         3198084 kB
Active:           461236 kB
Mem:          3.8G       799M       3.0G       5.7M        63M       328M

MemTotal:        4016004 kB
MemFree:         3197960 kB
Active:           461232 kB
Mem:          3.8G       799M       3.0G       5.7M        63M       328M

MemTotal:        4016004 kB
MemFree:         3197464 kB
Active:           461276 kB
Mem:          3.8G       799M       3.0G       5.7M        63M       328M

MemTotal:        4016004 kB
MemFree:         3197836 kB
Active:           461272 kB
Mem:          3.8G       799M       3.0G       5.7M        63M       328M

MemTotal:        4016004 kB
MemFree:         3197836 kB
Active:           461252 kB
Mem:          3.8G       799M       3.0G       5.7M        63M       328M

MemTotal:        4016004 kB
MemFree:         3197712 kB
Active:           461232 kB
Mem:          3.8G       799M       3.0G       5.7M        63M       328M

MemTotal:        4016004 kB
MemFree:         3197712 kB
Active:           461276 kB
Mem:          3.8G       799M       3.0G       5.7M        63M       328M

MemTotal:        4016004 kB
MemFree:         3197836 kB
Active:           461284 kB
Mem:          3.8G       799M       3.0G       5.7M        63M       328M

MemTotal:        4016004 kB
MemFree:         3197712 kB
Active:           461284 kB
Mem:          3.8G       799M       3.0G       5.7M        63M       328M

MemTotal:        4016004 kB
MemFree:         3195292 kB
Active:           461272 kB
Mem:          3.8G       801M       3.0G       5.7M        63M       328M

MemTotal:        4016004 kB
MemFree:         3195788 kB
Active:           463284 kB
Mem:          3.8G       800M       3.0G       5.7M        63M       328M

MemTotal:        4016004 kB
MemFree:         3195788 kB
Active:           463280 kB
Mem:          3.8G       800M       3.0G       5.7M        63M       328M

MemTotal:        4016004 kB
MemFree:         3195788 kB
Active:           463324 kB
Mem:          3.8G       800M       3.0G       5.7M        63M       328M

MemTotal:        4016004 kB
MemFree:         3195400 kB
Active:           463324 kB
Mem:          3.8G       801M       3.0G       5.7M        63M       328M

MemTotal:        4016004 kB
MemFree:         3195900 kB
Active:           463296 kB
Mem:          3.8G       800M       3.0G       5.7M        63M       328M

MemTotal:        4016004 kB
MemFree:         3195280 kB
Active:           463332 kB
Mem:          3.8G       801M       3.0G       5.7M        63M       328M

MemTotal:        4016004 kB
MemFree:         3195280 kB
Active:           463284 kB
Mem:          3.8G       801M       3.0G       5.7M        63M       328M

MemTotal:        4016004 kB
MemFree:         3195280 kB
Active:           463328 kB
Mem:          3.8G       801M       3.0G       5.7M        63M       328M

MemTotal:        4016004 kB
MemFree:         3195776 kB
Active:           463320 kB
Mem:          3.8G       801M       3.0G       5.7M        63M       328M

MemTotal:        4016004 kB
MemFree:         3195776 kB
Active:           463284 kB
Mem:          3.8G       801M       3.0G       5.7M        63M       328M

MemTotal:        4016004 kB
MemFree:         3195404 kB
Active:           463340 kB
Mem:          3.8G       801M       3.0G       5.7M        63M       328M

MemTotal:        4016004 kB
MemFree:         3195652 kB
Active:           463312 kB
Mem:          3.8G       800M       3.0G       5.7M        63M       328M

MemTotal:        4016004 kB
MemFree:         3195900 kB
Active:           463304 kB
Mem:          3.8G       801M       3.0G       5.7M        63M       328M

MemTotal:        4016004 kB
MemFree:         3195312 kB
Active:           463344 kB
Mem:          3.8G       801M       3.0G       5.7M        63M       328M

MemTotal:        4016004 kB
MemFree:         3195688 kB
Active:           463288 kB
Mem:          3.8G       801M       3.0G       5.7M        63M       328M

MemTotal:        4016004 kB
MemFree:         3195688 kB
Active:           463296 kB
Mem:          3.8G       801M       3.0G       5.7M        63M       328M

MemTotal:        4016004 kB
MemFree:         3195440 kB
Active:           463348 kB
Mem:          3.8G       801M       3.0G       5.7M        63M       328M

MemTotal:        4016004 kB
MemFree:         3195440 kB
Active:           463296 kB
Mem:          3.8G       801M       3.0G       5.7M        63M       328M

MemTotal:        4016004 kB
MemFree:         3195564 kB
Active:           463344 kB
Mem:          3.8G       801M       3.0G       5.7M        63M       328M

MemTotal:        4016004 kB
MemFree:         3195472 kB
Active:           461496 kB
Mem:          3.8G       801M       3.0G       5.7M        63M       328M

MemTotal:        4016004 kB
MemFree:         3194896 kB
Active:           463452 kB
Mem:          3.8G       801M       3.0G       5.7M        63M       328M

MemTotal:        4016004 kB
MemFree:         3196012 kB
Active:           463448 kB
Mem:          3.8G       800M       3.0G       5.7M        63M       328M

MemTotal:        4016004 kB
MemFree:         3196136 kB
Active:           463440 kB
Mem:          3.8G       800M       3.0G       5.7M        63M       328M

MemTotal:        4016004 kB
MemFree:         3195640 kB
Active:           463456 kB
Mem:          3.8G       800M       3.0G       5.7M        63M       328M

MemTotal:        4016004 kB
MemFree:         3195764 kB
Active:           463400 kB
Mem:          3.8G       800M       3.0G       5.7M        63M       328M

MemTotal:        4016004 kB
MemFree:         3196136 kB
Active:           463460 kB
Mem:          3.8G       800M       3.0G       5.7M        63M       328M

MemTotal:        4016004 kB
MemFree:         3196012 kB
Active:           463412 kB
Mem:          3.8G       801M       3.0G       5.7M        63M       328M

MemTotal:        4016004 kB
MemFree:         3195624 kB
Active:           463460 kB
Mem:          3.8G       801M       3.0G       5.7M        63M       328M

MemTotal:        4016004 kB
MemFree:         3195704 kB
Active:           463456 kB
Mem:          3.8G       801M       3.0G       5.7M        63M       328M

MemTotal:        4016004 kB
MemFree:         3195536 kB
Active:           461468 kB
Mem:          3.8G       800M       3.0G       5.7M        63M       328M

MemTotal:        4016004 kB
MemFree:         3195968 kB
Active:           463472 kB
Mem:          3.8G       800M       3.0G       5.7M        63M       328M

MemTotal:        4016004 kB
MemFree:         3195736 kB
Active:           463424 kB
Mem:          3.8G       801M       3.0G       5.7M        63M       328M

MemTotal:        4016004 kB
MemFree:         3195860 kB
Active:           463424 kB
Mem:          3.8G       801M       3.0G       5.7M        63M       328M

MemTotal:        4016004 kB
MemFree:         3195984 kB
Active:           463428 kB
Mem:          3.8G       800M       3.0G       5.7M        63M       328M

MemTotal:        4016004 kB
MemFree:         3195984 kB
Active:           463428 kB
Mem:          3.8G       800M       3.0G       5.7M        63M       328M

MemTotal:        4016004 kB
MemFree:         3195984 kB
Active:           463428 kB
Mem:          3.8G       800M       3.0G       5.7M        63M       328M

MemTotal:        4016004 kB
MemFree:         3195612 kB
Active:           463484 kB
Mem:          3.8G       800M       3.0G       5.7M        63M       328M

MemTotal:        4016004 kB
MemFree:         3195736 kB
Active:           463484 kB
Mem:          3.8G       800M       3.0G       5.7M        63M       328M

MemTotal:        4016004 kB
MemFree:         3196124 kB
Active:           463432 kB
Mem:          3.8G       800M       3.0G       5.7M        63M       328M

MemTotal:        4016004 kB
MemFree:         3193952 kB
Active:           463436 kB
Mem:          3.8G       802M       3.0G       5.7M        63M       328M

MemTotal:        4016004 kB
MemFree:         3193580 kB
Active:           465520 kB
Mem:          3.8G       803M       3.0G       5.7M        63M       328M

MemTotal:        4016004 kB
MemFree:         3193828 kB
Active:           465496 kB
Mem:          3.8G       802M       3.0G       5.7M        63M       328M

MemTotal:        4016004 kB
MemFree:         3193952 kB
Active:           465480 kB
Mem:          3.8G       802M       3.0G       5.7M        63M       328M

MemTotal:        4016004 kB
MemFree:         3193952 kB
Active:           465480 kB
Mem:          3.8G       802M       3.0G       5.7M        63M       328M

MemTotal:        4016004 kB
MemFree:         3193844 kB
Active:           465352 kB
Mem:          3.8G       802M       3.0G       5.7M        63M       328M

MemTotal:        4016004 kB
MemFree:         3193968 kB
Active:           465308 kB
Mem:          3.8G       802M       3.0G       5.7M        63M       328M

MemTotal:        4016004 kB
MemFree:         3194092 kB
Active:           465312 kB
Mem:          3.8G       802M       3.0G       5.7M        63M       328M

MemTotal:        4016004 kB
MemFree:         3193968 kB
Active:           465364 kB
Mem:          3.8G       802M       3.0G       5.7M        63M       328M

MemTotal:        4016004 kB
MemFree:         3194092 kB
Active:           465364 kB
Mem:          3.8G       802M       3.0G       5.7M        63M       328M

MemTotal:        4016004 kB
MemFree:         3193968 kB
Active:           465336 kB
Mem:          3.8G       802M       3.0G       5.7M        63M       328M

MemTotal:        4016004 kB
MemFree:         3194092 kB
Active:           465328 kB
Mem:          3.8G       802M       3.0G       5.7M        63M       328M

MemTotal:        4016004 kB
MemFree:         3193968 kB
Active:           465344 kB
Mem:          3.8G       802M       3.0G       5.7M        63M       328M

MemTotal:        4016004 kB
MemFree:         3193844 kB
Active:           465356 kB
Mem:          3.8G       802M       3.0G       5.7M        63M       328M

MemTotal:        4016004 kB
MemFree:         3193844 kB
Active:           465364 kB
Mem:          3.8G       802M       3.0G       5.7M        63M       328M

MemTotal:        4016004 kB
MemFree:         3193596 kB
Active:           465376 kB
Mem:          3.8G       802M       3.0G       5.7M        63M       328M

MemTotal:        4016004 kB
MemFree:         3194092 kB
Active:           465368 kB
Mem:          3.8G       802M       3.0G       5.7M        63M       328M

MemTotal:        4016004 kB
MemFree:         3194092 kB
Active:           465356 kB
Mem:          3.8G       802M       3.0G       5.7M        63M       328M

MemTotal:        4016004 kB
MemFree:         3193968 kB
Active:           465376 kB
Mem:          3.8G       802M       3.0G       5.7M        63M       328M

MemTotal:        4016004 kB
MemFree:         3194588 kB
Active:           465336 kB
Mem:          3.8G       802M       3.0G       5.7M        63M       328M

MemTotal:        4016004 kB
MemFree:         3194588 kB
Active:           465332 kB
Mem:          3.8G       802M       3.0G       5.7M        63M       328M

MemTotal:        4016004 kB
MemFree:         3194464 kB
Active:           465352 kB
Mem:          3.8G       802M       3.0G       5.7M        63M       328M

MemTotal:        4016004 kB
MemFree:         3194092 kB
Active:           465392 kB
Mem:          3.8G       802M       3.0G       5.7M        63M       328M

MemTotal:        4016004 kB
MemFree:         3194216 kB
Active:           465372 kB
Mem:          3.8G       802M       3.0G       5.7M        63M       328M

MemTotal:        4016004 kB
MemFree:         3194464 kB
Active:           465372 kB
Mem:          3.8G       802M       3.0G       5.7M        63M       328M

MemTotal:        4016004 kB
MemFree:         3193968 kB
Active:           465392 kB
Mem:          3.8G       802M       3.0G       5.7M        63M       328M

MemTotal:        4016004 kB
MemFree:         3194092 kB
Active:           465356 kB
Mem:          3.8G       802M       3.0G       5.7M        63M       328M

MemTotal:        4016004 kB
MemFree:         3194216 kB
Active:           465388 kB
Mem:          3.8G       802M       3.0G       5.7M        63M       328M

MemTotal:        4016004 kB
MemFree:         3194076 kB
Active:           465348 kB
Mem:          3.8G       802M       3.0G       5.7M        63M       328M

MemTotal:        4016004 kB
MemFree:         3194324 kB
Active:           465348 kB
Mem:          3.8G       802M       3.0G       5.7M        63M       328M

MemTotal:        4016004 kB
MemFree:         3194168 kB
Active:           463460 kB
Mem:          3.8G       802M       3.0G       5.7M        63M       328M

MemTotal:        4016004 kB
MemFree:         3194372 kB
Active:           465428 kB
Mem:          3.8G       802M       3.0G       5.7M        63M       328M

MemTotal:        4016004 kB
MemFree:         3194248 kB
Active:           465396 kB
Mem:          3.8G       802M       3.0G       5.7M        63M       328M

MemTotal:        4016004 kB
MemFree:         3194124 kB
Active:           465436 kB
Mem:          3.8G       802M       3.0G       5.7M        63M       328M

MemTotal:        4016004 kB
MemFree:         3194124 kB
Active:           465444 kB
Mem:          3.8G       802M       3.0G       5.7M        63M       328M

MemTotal:        4016004 kB
MemFree:         3194000 kB
Active:           465464 kB
Mem:          3.8G       802M       3.0G       5.7M        63M       328M

MemTotal:        4016004 kB
MemFree:         3194000 kB
Active:           465464 kB
Mem:          3.8G       802M       3.0G       5.7M        63M       328M

MemTotal:        4016004 kB
MemFree:         3194372 kB
Active:           465444 kB
Mem:          3.8G       802M       3.0G       5.7M        63M       328M

MemTotal:        4016004 kB
MemFree:         3194620 kB
Active:           465464 kB
Mem:          3.8G       802M       3.0G       5.7M        63M       328M

MemTotal:        4016004 kB
MemFree:         3194496 kB
Active:           465420 kB
Mem:          3.8G       802M       3.0G       5.7M        63M       328M

MemTotal:        4016004 kB
MemFree:         3194420 kB
Active:           463412 kB
Mem:          3.8G       802M       3.0G       5.7M        63M       328M

MemTotal:        4016004 kB
MemFree:         3194480 kB
Active:           465456 kB
Mem:          3.8G       802M       3.0G       5.7M        63M       328M

MemTotal:        4016004 kB
MemFree:         3194480 kB
Active:           465456 kB
Mem:          3.8G       802M       3.0G       5.7M        63M       328M

MemTotal:        4016004 kB
MemFree:         3194480 kB
Active:           465468 kB
Mem:          3.8G       802M       3.0G       5.7M        63M       328M

MemTotal:        4016004 kB
MemFree:         3194480 kB
Active:           465428 kB
Mem:          3.8G       802M       3.0G       5.7M        63M       328M

MemTotal:        4016004 kB
MemFree:         3194480 kB
Active:           465480 kB
Mem:          3.8G       802M       3.0G       5.7M        63M       328M

MemTotal:        4016004 kB
MemFree:         3194480 kB
Active:           465448 kB
Mem:          3.8G       802M       3.0G       5.7M        63M       328M

MemTotal:        4016004 kB
MemFree:         3194108 kB
Active:           465488 kB
Mem:          3.8G       802M       3.0G       5.7M        63M       328M

MemTotal:        4016004 kB
MemFree:         3194232 kB
Active:           465472 kB
Mem:          3.8G       802M       3.0G       5.7M        63M       328M

MemTotal:        4016004 kB
MemFree:         3194232 kB
Active:           465460 kB
Mem:          3.8G       802M       3.0G       5.7M        63M       328M

MemTotal:        4016004 kB
MemFree:         3191996 kB
Active:           465512 kB
Mem:          3.8G       804M       3.0G       5.7M        63M       328M

MemTotal:        4016004 kB
MemFree:         3192368 kB
Active:           467504 kB
Mem:          3.8G       804M       3.0G       5.7M        63M       328M

MemTotal:        4016004 kB
MemFree:         3192212 kB
Active:           467496 kB
Mem:          3.8G       804M       3.0G       5.7M        63M       328M

MemTotal:        4016004 kB
MemFree:         3192460 kB
Active:           467508 kB
Mem:          3.8G       804M       3.0G       5.7M        63M       328M

MemTotal:        4016004 kB
MemFree:         3192244 kB
Active:           467528 kB
Mem:          3.8G       804M       3.0G       5.7M        63M       328M

MemTotal:        4016004 kB
MemFree:         3192616 kB
Active:           467516 kB
Mem:          3.8G       804M       3.0G       5.7M        63M       328M

MemTotal:        4016004 kB
MemFree:         3192228 kB
Active:           467532 kB
Mem:          3.8G       804M       3.0G       5.7M        63M       328M

MemTotal:        4016004 kB
MemFree:         3192212 kB
Active:           467536 kB
Mem:          3.8G       804M       3.0G       5.7M        63M       328M

MemTotal:        4016004 kB
MemFree:         3192616 kB
Active:           467484 kB
Mem:          3.8G       804M       3.0G       5.7M        63M       328M

MemTotal:        4016004 kB
MemFree:         3192228 kB
Active:           467540 kB
Mem:          3.8G       804M       3.0G       5.7M        63M       328M

MemTotal:        4016004 kB
MemFree:         3192196 kB
Active:           467608 kB
Mem:          3.8G       804M       3.0G       5.7M        63M       328M

MemTotal:        4016004 kB
MemFree:         3192196 kB
Active:           467564 kB
Mem:          3.8G       804M       3.0G       5.7M        63M       328M

MemTotal:        4016004 kB
MemFree:         3192640 kB
Active:           467672 kB
Mem:          3.8G       804M       3.0G       5.7M        63M       328M

MemTotal:        4016004 kB
MemFree:         3192616 kB
Active:           467496 kB
Mem:          3.8G       804M       3.0G       5.7M        63M       328M

MemTotal:        4016004 kB
MemFree:         3192616 kB
Active:           467516 kB
Mem:          3.8G       804M       3.0G       5.7M        63M       328M

MemTotal:        4016004 kB
MemFree:         3192724 kB
Active:           467528 kB
Mem:          3.8G       803M       3.0G       5.7M        63M       328M

MemTotal:        4016004 kB
MemFree:         3192740 kB
Active:           467544 kB
Mem:          3.8G       804M       3.0G       5.7M        63M       328M

MemTotal:        4016004 kB
MemFree:         3192104 kB
Active:           467552 kB
Mem:          3.8G       804M       3.0G       5.7M        63M       328M

MemTotal:        4016004 kB
MemFree:         3191948 kB
Active:           467496 kB
Mem:          3.8G       804M       3.0G       5.7M        63M       328M

MemTotal:        4016004 kB
MemFree:         3191824 kB
Active:           467524 kB
Mem:          3.8G       804M       3.0G       5.7M        63M       328M

MemTotal:        4016004 kB
MemFree:         3191592 kB
Active:           467676 kB
Mem:          3.8G       804M       3.0G       5.7M        63M       328M

MemTotal:        4016004 kB
MemFree:         3192120 kB
Active:           467516 kB
Mem:          3.8G       804M       3.0G       5.7M        63M       328M

MemTotal:        4016004 kB
MemFree:         3191980 kB
Active:           467640 kB
Mem:          3.8G       804M       3.0G       5.7M        63M       328M

MemTotal:        4016004 kB
MemFree:         3191624 kB
Active:           467712 kB
Mem:          3.8G       804M       3.0G       5.7M        63M       328M

MemTotal:        4016004 kB
MemFree:         3191468 kB
Active:           467568 kB
Mem:          3.8G       804M       3.0G       5.7M        63M       328M

MemTotal:        4016004 kB
MemFree:         3191824 kB
Active:           467656 kB
Mem:          3.8G       804M       3.0G       5.7M        63M       328M

MemTotal:        4016004 kB
MemFree:         3192228 kB
Active:           467688 kB
Mem:          3.8G       804M       3.0G       5.7M        63M       328M

MemTotal:        4016004 kB
MemFree:         3191980 kB
Active:           467580 kB
Mem:          3.8G       804M       3.0G       5.7M        63M       328M

MemTotal:        4016004 kB
MemFree:         3192120 kB
Active:           467568 kB
Mem:          3.8G       804M       3.0G       5.7M        63M       328M

MemTotal:        4016004 kB
MemFree:         3192616 kB
Active:           467576 kB
Mem:          3.8G       804M       3.0G       5.7M        63M       328M

MemTotal:        4016004 kB
MemFree:         3192568 kB
Active:           465696 kB
Mem:          3.8G       804M       3.0G       5.7M        63M       328M

MemTotal:        4016004 kB
MemFree:         3192676 kB
Active:           465476 kB
Mem:          3.8G       804M       3.0G       5.7M        63M       328M

MemTotal:        4016004 kB
MemFree:         3192800 kB
Active:           465488 kB
Mem:          3.8G       803M       3.0G       5.7M        63M       328M

MemTotal:        4016004 kB
MemFree:         3192800 kB
Active:           467588 kB
Mem:          3.8G       804M       3.0G       5.7M        63M       328M

MemTotal:        4016004 kB
MemFree:         3192288 kB
Active:           467592 kB
Mem:          3.8G       804M       3.0G       5.7M        63M       328M

MemTotal:        4016004 kB
MemFree:         3192180 kB
Active:           467580 kB
Mem:          3.8G       804M       3.0G       5.7M        63M       328M

MemTotal:        4016004 kB
MemFree:         3192180 kB
Active:           467536 kB
Mem:          3.8G       804M       3.0G       5.7M        63M       328M

MemTotal:        4016004 kB
MemFree:         3192180 kB
Active:           467536 kB
Mem:          3.8G       804M       3.0G       5.7M        63M       328M

MemTotal:        4016004 kB
MemFree:         3191652 kB
Active:           467544 kB
Mem:          3.8G       804M       3.0G       5.7M        63M       328M

MemTotal:        4016004 kB
MemFree:         3191636 kB
Active:           467592 kB
Mem:          3.8G       804M       3.0G       5.7M        63M       328M

MemTotal:        4016004 kB
MemFree:         3191880 kB
Active:           465420 kB
Mem:          3.8G       804M       3.0G       5.7M        63M       328M

MemTotal:        4016004 kB
MemFree:         3192252 kB
Active:           467552 kB
Mem:          3.8G       804M       3.0G       5.7M        63M       328M

MemTotal:        4016004 kB
MemFree:         3191540 kB
Active:           467588 kB
Mem:          3.8G       804M       3.0G       5.7M        63M       328M

MemTotal:        4016004 kB
MemFree:         3191680 kB
Active:           467580 kB
Mem:          3.8G       805M       3.0G       5.7M        63M       328M

MemTotal:        4016004 kB
MemFree:         3191168 kB
Active:           467612 kB
Mem:          3.8G       805M       3.0G       5.7M        63M       328M

MemTotal:        4016004 kB
MemFree:         3191508 kB
Active:           467492 kB
Mem:          3.8G       805M       3.0G       5.7M        63M       328M

MemTotal:        4016004 kB
MemFree:         3191384 kB
Active:           467512 kB
Mem:          3.8G       805M       3.0G       5.7M        63M       328M

MemTotal:        4016004 kB
MemFree:         3191432 kB
Active:           467596 kB
Mem:          3.8G       805M       3.0G       5.7M        63M       328M

MemTotal:        4016004 kB
MemFree:         3192052 kB
Active:           467584 kB
Mem:          3.8G       804M       3.0G       5.7M        63M       328M

MemTotal:        4016004 kB
MemFree:         3191804 kB
Active:           467568 kB
Mem:          3.8G       804M       3.0G       5.7M        63M       328M

MemTotal:        4016004 kB
MemFree:         3192176 kB
Active:           467604 kB
Mem:          3.8G       804M       3.0G       5.7M        63M       328M

MemTotal:        4016004 kB
MemFree:         3192672 kB
Active:           467600 kB
Mem:          3.8G       804M       3.0G       5.7M        63M       328M

MemTotal:        4016004 kB
MemFree:         3192548 kB
Active:           467608 kB
Mem:          3.8G       804M       3.0G       5.7M        63M       328M

MemTotal:        4016004 kB
MemFree:         3191928 kB
Active:           467608 kB
Mem:          3.8G       804M       3.0G       5.7M        63M       328M

MemTotal:        4016004 kB
MemFree:         3192052 kB
Active:           467628 kB
Mem:          3.8G       804M       3.0G       5.7M        63M       328M

MemTotal:        4016004 kB
MemFree:         3192176 kB
Active:           467604 kB
Mem:          3.8G       804M       3.0G       5.7M        63M       328M

MemTotal:        4016004 kB
MemFree:         3192176 kB
Active:           467632 kB
Mem:          3.8G       804M       3.0G       5.7M        63M       328M

MemTotal:        4016004 kB
MemFree:         3192424 kB
Active:           467600 kB
Mem:          3.8G       804M       3.0G       5.7M        63M       328M

MemTotal:        4016004 kB
MemFree:         3192548 kB
Active:           467628 kB
Mem:          3.8G       804M       3.0G       5.7M        63M       328M

MemTotal:        4016004 kB
MemFree:         3192548 kB
Active:           467592 kB
Mem:          3.8G       804M       3.0G       5.7M        63M       328M

MemTotal:        4016004 kB
MemFree:         3192176 kB
Active:           467644 kB
Mem:          3.8G       804M       3.0G       5.7M        63M       328M

MemTotal:        4016004 kB
MemFree:         3192300 kB
Active:           467604 kB
Mem:          3.8G       804M       3.0G       5.7M        63M       328M

MemTotal:        4016004 kB
MemFree:         3192300 kB
Active:           467588 kB
Mem:          3.8G       804M       3.0G       5.7M        63M       328M

MemTotal:        4016004 kB
MemFree:         3192300 kB
Active:           467640 kB
Mem:          3.8G       804M       3.0G       5.7M        63M       328M

MemTotal:        4016004 kB
MemFree:         3192176 kB
Active:           467592 kB
Mem:          3.8G       804M       3.0G       5.7M        63M       328M

MemTotal:        4016004 kB
MemFree:         3192176 kB
Active:           467644 kB
Mem:          3.8G       804M       3.0G       5.7M        63M       328M

MemTotal:        4016004 kB
MemFree:         3192176 kB
Active:           467624 kB
Mem:          3.8G       804M       3.0G       5.7M        63M       328M

MemTotal:        4016004 kB
MemFree:         3191928 kB
Active:           467624 kB
Mem:          3.8G       804M       3.0G       5.7M        63M       328M

MemTotal:        4016004 kB
MemFree:         3191928 kB
Active:           467656 kB
Mem:          3.8G       804M       3.0G       5.7M        63M       328M

MemTotal:        4016004 kB
MemFree:         3191928 kB
Active:           467652 kB
Mem:          3.8G       804M       3.0G       5.7M        63M       328M

MemTotal:        4016004 kB
MemFree:         3191616 kB
Active:           465632 kB
Mem:          3.8G       805M       3.0G       5.7M        63M       328M

MemTotal:        4016004 kB
MemFree:         3191492 kB
Active:           467696 kB
Mem:          3.8G       805M       3.0G       5.7M        63M       328M

MemTotal:        4016004 kB
MemFree:         3191740 kB
Active:           467732 kB
Mem:          3.8G       805M       3.0G       5.7M        63M       328M

MemTotal:        4016004 kB
MemFree:         3191616 kB
Active:           467716 kB
Mem:          3.8G       805M       3.0G       5.7M        63M       328M

MemTotal:        4016004 kB
MemFree:         3191244 kB
Active:           467744 kB
Mem:          3.8G       805M       3.0G       5.7M        63M       328M

MemTotal:        4016004 kB
MemFree:         3191244 kB
Active:           467692 kB
Mem:          3.8G       805M       3.0G       5.7M        63M       328M

MemTotal:        4016004 kB
MemFree:         3190996 kB
Active:           467744 kB
Mem:          3.8G       805M       3.0G       5.7M        63M       328M

MemTotal:        4016004 kB
MemFree:         3191492 kB
Active:           467700 kB
Mem:          3.8G       805M       3.0G       5.7M        63M       328M

MemTotal:        4016004 kB
MemFree:         3150164 kB
Active:           468052 kB
Mem:          3.8G       845M       3.0G       5.7M        63M       368M

MemTotal:        4016004 kB
MemFree:         3106792 kB
Active:           468064 kB
Mem:          3.8G       888M       3.0G       5.7M        63M       410M

MemTotal:        4016004 kB
MemFree:         3061496 kB
Active:           466040 kB
Mem:          3.8G       932M       2.9G       5.7M        63M       454M

MemTotal:        4016004 kB
MemFree:         3018000 kB
Active:           468080 kB
Mem:          3.8G       975M       2.9G       5.7M        63M       497M

MemTotal:        4016004 kB
MemFree:         2973016 kB
Active:           468084 kB
Mem:          3.8G       1.0G       2.8G       5.7M        63M       539M

MemTotal:        4016004 kB
MemFree:         2928900 kB
Active:           468100 kB
Mem:          3.8G       1.0G       2.8G       5.7M        63M       582M

MemTotal:        4016004 kB
MemFree:         2883916 kB
Active:           468088 kB
Mem:          3.8G       1.1G       2.8G       5.7M        63M       625M

MemTotal:        4016004 kB
MemFree:         2839632 kB
Active:           468100 kB
Mem:          3.8G       1.1G       2.7G       5.7M        63M       668M

MemTotal:        4016004 kB
MemFree:         2794716 kB
Active:           468100 kB
Mem:          3.8G       1.2G       2.7G       5.7M        63M       710M

MemTotal:        4016004 kB
MemFree:         2751036 kB
Active:           468056 kB
Mem:          3.8G       1.2G       2.6G       5.7M        63M       753M

MemTotal:        4016004 kB
MemFree:         2706796 kB
Active:           468120 kB
Mem:          3.8G       1.2G       2.6G       5.7M        63M       795M

MemTotal:        4016004 kB
MemFree:         2662960 kB
Active:           468068 kB
Mem:          3.8G       1.3G       2.5G       5.7M        63M       837M

MemTotal:        4016004 kB
MemFree:         2654560 kB
Active:           468140 kB
Mem:          3.8G       1.3G       2.5G       5.7M        63M       845M

MemTotal:        4016004 kB
MemFree:         2610444 kB
Active:           468132 kB
Mem:          3.8G       1.3G       2.5G       5.7M        63M       888M

MemTotal:        4016004 kB
MemFree:         2565540 kB
Active:           468148 kB
Mem:          3.8G       1.4G       2.4G       5.7M        63M       930M

MemTotal:        4016004 kB
MemFree:         2521228 kB
Active:           468152 kB
Mem:          3.8G       1.4G       2.4G       5.7M        63M       973M

MemTotal:        4016004 kB
MemFree:         2477084 kB
Active:           468128 kB
Mem:          3.8G       1.5G       2.4G       5.7M        63M       1.0G

MemTotal:        4016004 kB
MemFree:         2432100 kB
Active:           468112 kB
Mem:          3.8G       1.5G       2.3G       5.7M        63M       1.0G

MemTotal:        4016004 kB
MemFree:         2387488 kB
Active:           468156 kB
Mem:          3.8G       1.6G       2.3G       5.7M        63M       1.1G

MemTotal:        4016004 kB
MemFree:         2343248 kB
Active:           468164 kB
Mem:          3.8G       1.6G       2.2G       5.7M        63M       1.1G

MemTotal:        4016004 kB
MemFree:         2298696 kB
Active:           468168 kB
Mem:          3.8G       1.6G       2.2G       5.7M        63M       1.2G

MemTotal:        4016004 kB
MemFree:         2254272 kB
Active:           468172 kB
Mem:          3.8G       1.7G       2.1G       5.7M        63M       1.2G

MemTotal:        4016004 kB
MemFree:         2209784 kB
Active:           468172 kB
Mem:          3.8G       1.7G       2.1G       5.7M        63M       1.2G

MemTotal:        4016004 kB
MemFree:         2165992 kB
Active:           468176 kB
Mem:          3.8G       1.8G       2.1G       5.7M        63M       1.3G

MemTotal:        4016004 kB
MemFree:         2122488 kB
Active:           468184 kB
Mem:          3.8G       1.8G       2.0G       5.7M        63M       1.3G

MemTotal:        4016004 kB
MemFree:         2122180 kB
Active:           468152 kB
Mem:          3.8G       1.8G       2.0G       5.7M        63M       1.3G

MemTotal:        4016004 kB
MemFree:         2121780 kB
Active:           468160 kB
Mem:          3.8G       1.8G       2.0G       5.7M        63M       1.3G

MemTotal:        4016004 kB
MemFree:         2098480 kB
Active:           468220 kB
Mem:          3.8G       1.8G       2.0G       5.7M        63M       1.3G

MemTotal:        4016004 kB
MemFree:         2054056 kB
Active:           468224 kB
Mem:          3.8G       1.9G       2.0G       5.7M        63M       1.4G

MemTotal:        4016004 kB
MemFree:         2008812 kB
Active:           468228 kB
Mem:          3.8G       1.9G       1.9G       5.7M        63M       1.4G

MemTotal:        4016004 kB
MemFree:         1964340 kB
Active:           468228 kB
Mem:          3.8G       2.0G       1.9G       5.7M        63M       1.5G

MemTotal:        4016004 kB
MemFree:         1920844 kB
Active:           468236 kB
Mem:          3.8G       2.0G       1.8G       5.7M        63M       1.5G

MemTotal:        4016004 kB
MemFree:         1873192 kB
Active:           468220 kB
Mem:          3.8G       2.0G       1.8G       5.7M        63M       1.6G

MemTotal:        4016004 kB
MemFree:         1829432 kB
Active:           470236 kB
Mem:          3.8G       2.1G       1.7G       5.7M        63M       1.6G

MemTotal:        4016004 kB
MemFree:         1784200 kB
Active:           470236 kB
Mem:          3.8G       2.1G       1.7G       5.7M        63M       1.6G

MemTotal:        4016004 kB
MemFree:         1753008 kB
Active:           470224 kB
Mem:          3.8G       2.2G       1.7G       5.7M        63M       1.7G

MemTotal:        4016004 kB
MemFree:         1732364 kB
Active:           470276 kB
Mem:          3.8G       2.2G       1.7G       5.7M        63M       1.7G

MemTotal:        4016004 kB
MemFree:         1688588 kB
Active:           470276 kB
Mem:          3.8G       2.2G       1.6G       5.7M        63M       1.7G

MemTotal:        4016004 kB
MemFree:         1673832 kB
Active:           470288 kB
Mem:          3.8G       2.2G       1.6G       5.7M        63M       1.7G

MemTotal:        4016004 kB
MemFree:         1638376 kB
Active:           470256 kB
Mem:          3.8G       2.3G       1.6G       5.7M        63M       1.8G

MemTotal:        4016004 kB
MemFree:         1594016 kB
Active:           470244 kB
Mem:          3.8G       2.3G       1.5G       5.7M        63M       1.8G

MemTotal:        4016004 kB
MemFree:         1550000 kB
Active:           470308 kB
Mem:          3.8G       2.4G       1.5G       5.7M        63M       1.9G

MemTotal:        4016004 kB
MemFree:         1503064 kB
Active:           472336 kB
Mem:          3.8G       2.4G       1.4G       5.7M        63M       1.9G

MemTotal:        4016004 kB
MemFree:         1458188 kB
Active:           472340 kB
Mem:          3.8G       2.4G       1.4G       5.7M        63M       1.9G

MemTotal:        4016004 kB
MemFree:         1413700 kB
Active:           472344 kB
Mem:          3.8G       2.5G       1.3G       5.7M        63M       2.0G

MemTotal:        4016004 kB
MemFree:         1369228 kB
Active:           472352 kB
Mem:          3.8G       2.5G       1.3G       5.7M        63M       2.0G

MemTotal:        4016004 kB
MemFree:         1324352 kB
Active:           472300 kB
Mem:          3.8G       2.6G       1.3G       5.7M        63M       2.1G

MemTotal:        4016004 kB
MemFree:         1279860 kB
Active:           472312 kB
Mem:          3.8G       2.6G       1.2G       5.7M        63M       2.1G

MemTotal:        4016004 kB
MemFree:         1235776 kB
Active:           472312 kB
Mem:          3.8G       2.7G       1.2G       5.7M        63M       2.2G

MemTotal:        4016004 kB
MemFree:         1190528 kB
Active:           472360 kB
Mem:          3.8G       2.7G       1.1G       5.7M        63M       2.2G

MemTotal:        4016004 kB
MemFree:         1146756 kB
Active:           472312 kB
Mem:          3.8G       2.7G       1.1G       5.7M        63M       2.2G

MemTotal:        4016004 kB
MemFree:         1136868 kB
Active:           472360 kB
Mem:          3.8G       2.7G       1.1G       5.7M        63M       2.2G

MemTotal:        4016004 kB
MemFree:         1136748 kB
Active:           472360 kB
Mem:          3.8G       2.7G       1.1G       5.7M        63M       2.2G

MemTotal:        4016004 kB
MemFree:         1136504 kB
Active:           472380 kB
Mem:          3.8G       2.7G       1.1G       5.7M        63M       2.2G

MemTotal:        4016004 kB
MemFree:         1130544 kB
Active:           472380 kB
Mem:          3.8G       2.8G       1.1G       5.7M        63M       2.3G

MemTotal:        4016004 kB
MemFree:         1086552 kB
Active:           472384 kB
Mem:          3.8G       2.8G       1.0G       5.7M        63M       2.3G

MemTotal:        4016004 kB
MemFree:         1042296 kB
Active:           472384 kB
Mem:          3.8G       2.8G       1.0G       5.7M        63M       2.3G

MemTotal:        4016004 kB
MemFree:          997560 kB
Active:           472384 kB
Mem:          3.8G       2.9G       974M       5.7M        63M       2.4G

MemTotal:        4016004 kB
MemFree:          955800 kB
Active:           472348 kB
Mem:          3.8G       2.9G       933M       5.7M        63M       2.4G

MemTotal:        4016004 kB
MemFree:          910784 kB
Active:           472372 kB
Mem:          3.8G       3.0G       889M       5.7M        63M       2.5G

MemTotal:        4016004 kB
MemFree:          866048 kB
Active:           472384 kB
Mem:          3.8G       3.0G       845M       5.7M        63M       2.5G

MemTotal:        4016004 kB
MemFree:          820940 kB
Active:           472356 kB
Mem:          3.8G       3.0G       801M       5.7M        63M       2.5G

MemTotal:        4016004 kB
MemFree:          776624 kB
Active:           472368 kB
Mem:          3.8G       3.1G       758M       5.7M        63M       2.6G

MemTotal:        4016004 kB
MemFree:          732760 kB
Active:           472380 kB
Mem:          3.8G       3.1G       714M       5.7M        63M       2.6G

MemTotal:        4016004 kB
MemFree:          687540 kB
Active:           472352 kB
Mem:          3.8G       3.2G       670M       5.7M        63M       2.7G

MemTotal:        4016004 kB
MemFree:          643428 kB
Active:           472372 kB
Mem:          3.8G       3.2G       627M       5.7M        63M       2.7G

MemTotal:        4016004 kB
MemFree:          598692 kB
Active:           472392 kB
Mem:          3.8G       3.3G       584M       5.7M        63M       2.8G

MemTotal:        4016004 kB
MemFree:          587904 kB
Active:           472440 kB
Mem:          3.8G       3.3G       574M       5.7M        63M       2.8G

MemTotal:        4016004 kB
MemFree:          573204 kB
Active:           472416 kB
Mem:          3.8G       3.3G       559M       5.7M        63M       2.8G

MemTotal:        4016004 kB
MemFree:          529816 kB
Active:           472468 kB
Mem:          3.8G       3.3G       516M       5.7M        63M       2.8G

MemTotal:        4016004 kB
MemFree:          485932 kB
Active:           472452 kB
Mem:          3.8G       3.4G       474M       5.7M        63M       2.9G

MemTotal:        4016004 kB
MemFree:          441480 kB
Active:           472444 kB
Mem:          3.8G       3.4G       431M       5.7M        63M       2.9G

MemTotal:        4016004 kB
MemFree:          396264 kB
Active:           472444 kB
Mem:          3.8G       3.5G       386M       5.7M        63M       2.9G

MemTotal:        4016004 kB
MemFree:          351636 kB
Active:           472444 kB
Mem:          3.8G       3.5G       342M       5.7M        63M       3.0G

MemTotal:        4016004 kB
MemFree:          306636 kB
Active:           472432 kB
Mem:          3.8G       3.5G       299M       5.7M        63M       3.0G

MemTotal:        4016004 kB
MemFree:          262520 kB
Active:           472416 kB
Mem:          3.8G       3.6G       255M       5.7M        63M       3.1G

MemTotal:        4016004 kB
MemFree:          218432 kB
Active:           472480 kB
Mem:          3.8G       3.6G       212M       5.7M        63M       3.1G

MemTotal:        4016004 kB
MemFree:          173732 kB
Active:           472448 kB
Mem:          3.8G       3.7G       169M       5.7M        63M       3.2G

MemTotal:        4016004 kB
MemFree:          129456 kB
Active:           472476 kB
Mem:          3.8G       3.7G       125M       5.7M        63M       3.2G

MemTotal:        4016004 kB
MemFree:          142336 kB
Active:           477184 kB
Mem:          3.8G       3.7G       137M       5.7M        30M       3.2G

MemTotal:        4016004 kB
MemFree:          133668 kB
Active:           477472 kB
Mem:          3.8G       3.7G       129M       5.7M        30M       3.2G

MemTotal:        4016004 kB
MemFree:          130368 kB
Active:           484736 kB
Mem:          3.8G       3.7G       128M       5.7M        30M       3.2G

MemTotal:        4016004 kB
MemFree:          115208 kB
Active:           524956 kB
Mem:          3.8G       3.7G       111M       5.7M        30M       3.2G

MemTotal:        4016004 kB
MemFree:          106148 kB
Active:           521520 kB
Mem:          3.8G       3.7G       103M       5.7M        30M       3.2G

MemTotal:        4016004 kB
MemFree:          133488 kB
Active:           512736 kB
Mem:          3.8G       3.7G       129M       5.7M        30M       3.2G

MemTotal:        4016004 kB
MemFree:          126936 kB
Active:           508512 kB
Mem:          3.8G       3.7G       123M       5.7M        30M       3.2G

MemTotal:        4016004 kB
MemFree:          111980 kB
Active:           505312 kB
Mem:          3.8G       3.7G       109M       5.7M        30M       3.2G

MemTotal:        4016004 kB
MemFree:          128532 kB
Active:           500076 kB
Mem:          3.8G       3.7G       125M       5.7M        30M       3.2G

MemTotal:        4016004 kB
MemFree:          124208 kB
Active:           495484 kB
Mem:          3.8G       3.7G       121M       5.7M        30M       3.2G

MemTotal:        4016004 kB
MemFree:          106412 kB
Active:           492796 kB
Mem:          3.8G       3.7G       104M       5.7M        30M       3.2G

MemTotal:        4016004 kB
MemFree:          127948 kB
Active:           486124 kB
Mem:          3.8G       3.7G       125M       5.7M        30M       3.2G

MemTotal:        4016004 kB
MemFree:          124976 kB
Active:           486140 kB
Mem:          3.8G       3.7G       121M       5.7M        30M       3.2G

MemTotal:        4016004 kB
MemFree:          116672 kB
Active:           483092 kB
Mem:          3.8G       3.7G       113M       5.7M        30M       3.2G

MemTotal:        4016004 kB
MemFree:          109080 kB
Active:           476256 kB
Mem:          3.8G       3.7G       106M       5.7M        30M       3.2G

MemTotal:        4016004 kB
MemFree:          130000 kB
Active:           474240 kB
Mem:          3.8G       3.7G       127M       5.7M        30M       3.2G

MemTotal:        4016004 kB
MemFree:          122256 kB
Active:           473088 kB
Mem:          3.8G       3.7G       119M       5.7M        30M       3.2G

MemTotal:        4016004 kB
MemFree:          127456 kB
Active:           471168 kB
Mem:          3.8G       3.7G       124M       5.7M        30M       3.2G

MemTotal:        4016004 kB
MemFree:          142672 kB
Active:           467404 kB
Mem:          3.8G       3.7G       139M       5.7M        30M       3.2G

MemTotal:        4016004 kB
MemFree:          134900 kB
Active:           466248 kB
Mem:          3.8G       3.7G       131M       5.7M        30M       3.2G

MemTotal:        4016004 kB
MemFree:          118708 kB
Active:           465232 kB
Mem:          3.8G       3.7G       115M       5.7M        30M       3.2G

MemTotal:        4016004 kB
MemFree:          135544 kB
Active:           463184 kB
Mem:          3.8G       3.7G       132M       5.7M        30M       3.2G

MemTotal:        4016004 kB
MemFree:          126956 kB
Active:           462168 kB
Mem:          3.8G       3.7G       123M       5.7M        30M       3.2G

MemTotal:        4016004 kB
MemFree:          130420 kB
Active:           460516 kB
Mem:          3.8G       3.7G       127M       5.7M        30M       3.2G

MemTotal:        4016004 kB
MemFree:          136624 kB
Active:           458860 kB
Mem:          3.8G       3.7G       133M       5.7M        30M       3.2G

MemTotal:        4016004 kB
MemFree:          113604 kB
Active:           458832 kB
Mem:          3.8G       3.7G       111M       5.7M        30M       3.2G

MemTotal:        4016004 kB
MemFree:          104752 kB
Active:           457720 kB
Mem:          3.8G       3.7G       110M       5.7M        30M       3.2G

MemTotal:        4016004 kB
MemFree:          107200 kB
Active:           455800 kB
Mem:          3.8G       3.7G       104M       5.7M        30M       3.2G

MemTotal:        4016004 kB
MemFree:          128472 kB
Active:           449700 kB
Mem:          3.8G       3.7G       125M       5.7M        30M       3.2G

MemTotal:        4016004 kB
MemFree:          132612 kB
Active:           448000 kB
Mem:          3.8G       3.7G       129M       5.7M        30M       3.2G

MemTotal:        4016004 kB
MemFree:          124020 kB
Active:           446836 kB
Mem:          3.8G       3.7G       121M       5.7M        30M       3.2G

MemTotal:        4016004 kB
MemFree:          132216 kB
Active:           444664 kB
Mem:          3.8G       3.7G       128M       5.7M        30M       3.2G

MemTotal:        4016004 kB
MemFree:          110764 kB
Active:           443928 kB
Mem:          3.8G       3.7G       108M       5.7M        30M       3.2G

MemTotal:        4016004 kB
MemFree:          119208 kB
Active:           442032 kB
Mem:          3.8G       3.7G       115M       5.7M        30M       3.2G

MemTotal:        4016004 kB
MemFree:          110468 kB
Active:           438752 kB
Mem:          3.8G       3.7G       108M       5.7M        30M       3.2G

MemTotal:        4016004 kB
MemFree:          126624 kB
Active:           437088 kB
Mem:          3.8G       3.7G       123M       5.7M        30M       3.2G

MemTotal:        4016004 kB
MemFree:          104980 kB
Active:           435676 kB
Mem:          3.8G       3.7G       109M       5.7M        30M       3.2G

MemTotal:        4016004 kB
MemFree:          127084 kB
Active:           433372 kB
Mem:          3.8G       3.7G       123M       5.7M        30M       3.2G

MemTotal:        4016004 kB
MemFree:          110748 kB
Active:           432404 kB
Mem:          3.8G       3.7G       107M       5.7M        30M       3.2G

MemTotal:        4016004 kB
MemFree:          124032 kB
Active:           429788 kB
Mem:          3.8G       3.7G       120M       5.7M        30M       3.2G

MemTotal:        4016004 kB
MemFree:          127472 kB
Active:           428264 kB
Mem:          3.8G       3.7G       124M       5.7M        30M       3.2G

MemTotal:        4016004 kB
MemFree:          130664 kB
Active:           426548 kB
Mem:          3.8G       3.7G       127M       5.7M        30M       3.2G

MemTotal:        4016004 kB
MemFree:          133732 kB
Active:           424648 kB
Mem:          3.8G       3.7G       130M       5.7M        30M       3.2G

MemTotal:        4016004 kB
MemFree:          138988 kB
Active:           422736 kB
Mem:          3.8G       3.7G       135M       5.7M        30M       3.2G

MemTotal:        4016004 kB
MemFree:          154996 kB
Active:           420816 kB
Mem:          3.8G       3.7G       151M       5.7M        30M       3.2G

MemTotal:        4016004 kB
MemFree:          110000 kB
Active:           420836 kB
Mem:          3.8G       3.7G       107M       5.7M        30M       3.2G

MemTotal:        4016004 kB
MemFree:          118552 kB
Active:           418912 kB
Mem:          3.8G       3.7G       115M       5.7M        30M       3.2G

MemTotal:        4016004 kB
MemFree:          110132 kB
Active:           417768 kB
Mem:          3.8G       3.7G       106M       5.7M        30M       3.2G

MemTotal:        4016004 kB
MemFree:          125788 kB
Active:           415988 kB
Mem:          3.8G       3.7G       122M       5.7M        30M       3.2G

MemTotal:        4016004 kB
MemFree:          109508 kB
Active:           414468 kB
Mem:          3.8G       3.7G       106M       5.7M        30M       3.2G

MemTotal:        4016004 kB
MemFree:          124604 kB
Active:           412804 kB
Mem:          3.8G       3.7G       121M       5.7M        30M       3.2G

MemTotal:        4016004 kB
MemFree:          113364 kB
Active:           412164 kB
Mem:          3.8G       3.7G       110M       5.7M        30M       3.2G

MemTotal:        4016004 kB
MemFree:          111048 kB
Active:           414148 kB
Mem:          3.8G       3.7G       108M       5.7M        30M       3.2G

MemTotal:        4016004 kB
MemFree:          110616 kB
Active:           414196 kB
Mem:          3.8G       3.7G       107M       5.7M        30M       3.2G

MemTotal:        4016004 kB
MemFree:          110220 kB
Active:           414184 kB
Mem:          3.8G       3.7G       107M       5.7M        30M       3.2G

MemTotal:        4016004 kB
MemFree:          117764 kB
Active:           413164 kB
Mem:          3.8G       3.7G       114M       5.7M        30M       3.2G

MemTotal:        4016004 kB
MemFree:          108084 kB
Active:           412048 kB
Mem:          3.8G       3.7G       105M       5.7M        30M       3.2G

MemTotal:        4016004 kB
MemFree:          123288 kB
Active:           410128 kB
Mem:          3.8G       3.7G       120M       5.7M        30M       3.2G

MemTotal:        4016004 kB
MemFree:          108708 kB
Active:           408940 kB
Mem:          3.8G       3.7G       106M       5.7M        30M       3.2G

MemTotal:        4016004 kB
MemFree:          125048 kB
Active:           407320 kB
Mem:          3.8G       3.7G       132M       5.7M        30M       3.2G

MemTotal:        4016004 kB
MemFree:          130220 kB
Active:           405400 kB
Mem:          3.8G       3.7G       126M       5.7M        30M       3.2G

MemTotal:        4016004 kB
MemFree:          133900 kB
Active:           403740 kB
Mem:          3.8G       3.7G       130M       5.7M        30M       3.2G

MemTotal:        4016004 kB
MemFree:          135936 kB
Active:           402076 kB
Mem:          3.8G       3.7G       132M       5.7M        30M       3.2G

MemTotal:        4016004 kB
MemFree:          108816 kB
Active:           401320 kB
Mem:          3.8G       3.7G       106M       5.7M        30M       3.2G

MemTotal:        4016004 kB
MemFree:          135896 kB
Active:           401252 kB
Mem:          3.8G       3.7G       132M       5.7M        30M       3.2G

MemTotal:        4016004 kB
MemFree:          127172 kB
Active:           401252 kB
Mem:          3.8G       3.7G       124M       5.7M        30M       3.2G

MemTotal:        4016004 kB
MemFree:          124988 kB
Active:           401248 kB
Mem:          3.8G       3.7G       122M       5.7M        30M       3.2G

MemTotal:        4016004 kB
MemFree:          125628 kB
Active:           401236 kB
Mem:          3.8G       3.7G       122M       5.7M        30M       3.2G

MemTotal:        4016004 kB
MemFree:          125880 kB
Active:           401264 kB
Mem:          3.8G       3.7G       122M       5.7M        30M       3.2G

MemTotal:        4016004 kB
MemFree:          125388 kB
Active:           401276 kB
Mem:          3.8G       3.7G       122M       5.7M        30M       3.2G

MemTotal:        4016004 kB
MemFree:          106712 kB
Active:           401260 kB
Mem:          3.8G       3.7G       103M       5.7M        30M       3.2G

MemTotal:        4016004 kB
MemFree:          121328 kB
Active:           401284 kB
Mem:          3.8G       3.7G       118M       5.7M        30M       3.2G

MemTotal:        4016004 kB
MemFree:          113108 kB
Active:           401236 kB
Mem:          3.8G       3.7G       110M       5.7M        30M       3.2G

MemTotal:        4016004 kB
MemFree:          116776 kB
Active:           401296 kB
Mem:          3.8G       3.7G       113M       5.7M        30M       3.2G

MemTotal:        4016004 kB
MemFree:          107980 kB
Active:           401156 kB
Mem:          3.8G       3.7G       105M       5.7M        30M       3.2G

MemTotal:        4016004 kB
MemFree:          135012 kB
Active:           401204 kB
Mem:          3.8G       3.7G       131M       5.7M        30M       3.2G

MemTotal:        4016004 kB
MemFree:          140816 kB
Active:           401196 kB
Mem:          3.8G       3.7G       137M       5.7M        30M       3.2G

MemTotal:        4016004 kB
MemFree:          132544 kB
Active:           401208 kB
Mem:          3.8G       3.7G       139M       5.7M        30M       3.2G

MemTotal:        4016004 kB
MemFree:          135552 kB
Active:           401216 kB
Mem:          3.8G       3.7G       132M       5.7M        30M       3.2G

MemTotal:        4016004 kB
MemFree:          126464 kB
Active:           401216 kB
Mem:          3.8G       3.7G       123M       5.7M        30M       3.2G

MemTotal:        4016004 kB
MemFree:          106216 kB
Active:           401136 kB
Mem:          3.8G       3.7G       102M       5.7M        30M       3.2G

MemTotal:        4016004 kB
MemFree:          132176 kB
Active:           401032 kB
Mem:          3.8G       3.7G       128M       5.7M        30M       3.2G

MemTotal:        4016004 kB
MemFree:          131224 kB
Active:           401036 kB
Mem:          3.8G       3.7G       128M       5.7M        30M       3.2G

MemTotal:        4016004 kB
MemFree:          134980 kB
Active:           401068 kB
Mem:          3.8G       3.7G       131M       5.7M        30M       3.2G

MemTotal:        4016004 kB
MemFree:          127820 kB
Active:           401020 kB
Mem:          3.8G       3.7G       124M       5.7M        30M       3.2G

MemTotal:        4016004 kB
MemFree:          119544 kB
Active:           401040 kB
Mem:          3.8G       3.7G       116M       5.7M        30M       3.2G

MemTotal:        4016004 kB
MemFree:          110648 kB
Active:           401064 kB
Mem:          3.8G       3.7G       107M       5.7M        30M       3.2G

MemTotal:        4016004 kB
MemFree:          125756 kB
Active:           401056 kB
Mem:          3.8G       3.7G       122M       5.7M        30M       3.2G

MemTotal:        4016004 kB
MemFree:          117052 kB
Active:           401044 kB
Mem:          3.8G       3.7G       114M       5.7M        30M       3.2G

MemTotal:        4016004 kB
MemFree:          133308 kB
Active:           400892 kB
Mem:          3.8G       3.7G       130M       5.7M        30M       3.2G

MemTotal:        4016004 kB
MemFree:          132104 kB
Active:           400908 kB
Mem:          3.8G       3.7G       129M       5.7M        30M       3.2G

MemTotal:        4016004 kB
MemFree:          141780 kB
Active:           400952 kB
Mem:          3.8G       3.7G       138M       5.7M        30M       3.2G

MemTotal:        4016004 kB
MemFree:          132224 kB
Active:           400956 kB
Mem:          3.8G       3.7G       129M       5.7M        30M       3.2G

MemTotal:        4016004 kB
MemFree:          134452 kB
Active:           400960 kB
Mem:          3.8G       3.7G       131M       5.7M        30M       3.2G

MemTotal:        4016004 kB
MemFree:          136684 kB
Active:           400964 kB
Mem:          3.8G       3.7G       133M       5.7M        30M       3.2G

MemTotal:        4016004 kB
MemFree:          128404 kB
Active:           400964 kB
Mem:          3.8G       3.7G       124M       5.7M        30M       3.2G

MemTotal:        4016004 kB
MemFree:          121372 kB
Active:           400936 kB
Mem:          3.8G       3.7G       118M       5.7M        30M       3.2G

MemTotal:        4016004 kB
MemFree:          130132 kB
Active:           400956 kB
Mem:          3.8G       3.7G       126M       5.7M        30M       3.2G

MemTotal:        4016004 kB
MemFree:          118928 kB
Active:           401088 kB
Mem:          3.8G       3.7G       116M       5.7M        30M       3.2G

MemTotal:        4016004 kB
MemFree:          110760 kB
Active:           401052 kB
Mem:          3.8G       3.7G       107M       5.7M        30M       3.2G

MemTotal:        4016004 kB
MemFree:          116452 kB
Active:           401052 kB
Mem:          3.8G       3.7G       113M       5.7M        30M       3.2G

MemTotal:        4016004 kB
MemFree:          119656 kB
Active:           401004 kB
Mem:          3.8G       3.7G       116M       5.7M        30M       3.2G

MemTotal:        4016004 kB
MemFree:          109268 kB
Active:           401008 kB
Mem:          3.8G       3.7G       106M       5.7M        30M       3.2G

MemTotal:        4016004 kB
MemFree:          118852 kB
Active:           394972 kB
Mem:          3.8G       3.7G       116M       5.7M        30M       3.2G

MemTotal:        4016004 kB
MemFree:          110472 kB
Active:           394796 kB
Mem:          3.8G       3.7G       107M       5.7M        30M       3.2G

MemTotal:        4016004 kB
MemFree:          106900 kB
Active:           394804 kB
Mem:          3.8G       3.7G       104M       5.7M        30M       3.2G

MemTotal:        4016004 kB
MemFree:          141836 kB
Active:           394776 kB
Mem:          3.8G       3.7G       138M       5.7M        30M       3.2G

MemTotal:        4016004 kB
MemFree:          133748 kB
Active:           394784 kB
Mem:          3.8G       3.7G       129M       5.7M        30M       3.2G

MemTotal:        4016004 kB
MemFree:          124692 kB
Active:           394824 kB
Mem:          3.8G       3.7G       121M       5.7M        30M       3.2G

MemTotal:        4016004 kB
MemFree:          116136 kB
Active:           394828 kB
Mem:          3.8G       3.7G       113M       5.7M        30M       3.2G

MemTotal:        4016004 kB
MemFree:          119912 kB
Active:           394776 kB
Mem:          3.8G       3.7G       117M       5.7M        30M       3.2G

MemTotal:        4016004 kB
MemFree:          122988 kB
Active:           394824 kB
Mem:          3.8G       3.7G       119M       5.7M        30M       3.2G

MemTotal:        4016004 kB
MemFree:          132176 kB
Active:           393940 kB
Mem:          3.8G       3.7G       129M       5.7M        30M       3.2G

MemTotal:        4016004 kB
MemFree:          124428 kB
Active:           393828 kB
Mem:          3.8G       3.7G       121M       5.7M        30M       3.2G

MemTotal:        4016004 kB
MemFree:          116568 kB
Active:           393836 kB
Mem:          3.8G       3.7G       113M       5.7M        30M       3.2G

MemTotal:        4016004 kB
MemFree:          122916 kB
Active:           393776 kB
Mem:          3.8G       3.7G       119M       5.7M        30M       3.2G

MemTotal:        4016004 kB
MemFree:          134380 kB
Active:           393776 kB
Mem:          3.8G       3.7G       130M       5.7M        30M       3.2G

MemTotal:        4016004 kB
MemFree:          107432 kB
Active:           393836 kB
Mem:          3.8G       3.7G       104M       5.7M        30M       3.2G

MemTotal:        4016004 kB
MemFree:          106208 kB
Active:           393848 kB
Mem:          3.8G       3.7G       103M       5.7M        30M       3.2G

MemTotal:        4016004 kB
MemFree:          106804 kB
Active:           393852 kB
Mem:          3.8G       3.7G       104M       5.7M        30M       3.2G

MemTotal:        4016004 kB
MemFree:          106796 kB
Active:           393852 kB
Mem:          3.8G       3.7G       104M       5.7M        30M       3.2G

MemTotal:        4016004 kB
MemFree:          132868 kB
Active:           393800 kB
Mem:          3.8G       3.7G       129M       5.7M        30M       3.2G

MemTotal:        4016004 kB
MemFree:          124068 kB
Active:           393868 kB
Mem:          3.8G       3.7G       121M       5.7M        30M       3.2G

MemTotal:        4016004 kB
MemFree:          134736 kB
Active:           391812 kB
Mem:          3.8G       3.7G       131M       5.7M        30M       3.2G

MemTotal:        4016004 kB
MemFree:          126484 kB
Active:           391752 kB
Mem:          3.8G       3.7G       123M       5.7M        30M       3.2G

MemTotal:        4016004 kB
MemFree:          118064 kB
Active:           391756 kB
Mem:          3.8G       3.7G       115M       5.7M        30M       3.2G

MemTotal:        4016004 kB
MemFree:          133352 kB
Active:           391760 kB
Mem:          3.8G       3.7G       130M       5.7M        30M       3.2G

MemTotal:        4016004 kB
MemFree:          124620 kB
Active:           391720 kB
Mem:          3.8G       3.7G       121M       5.7M        30M       3.2G

MemTotal:        4016004 kB
MemFree:          130512 kB
Active:           391760 kB
Mem:          3.8G       3.7G       127M       5.7M        30M       3.2G

MemTotal:        4016004 kB
MemFree:          135468 kB
Active:           391768 kB
Mem:          3.8G       3.7G       132M       5.7M        30M       3.2G

MemTotal:        4016004 kB
MemFree:          127672 kB
Active:           391736 kB
Mem:          3.8G       3.7G       124M       5.7M        30M       3.2G

MemTotal:        4016004 kB
MemFree:          118364 kB
Active:           391744 kB
Mem:          3.8G       3.7G       115M       5.7M        30M       3.2G

MemTotal:        4016004 kB
MemFree:          116020 kB
Active:           391764 kB
Mem:          3.8G       3.7G       112M       5.7M        30M       3.2G

MemTotal:        4016004 kB
MemFree:          138532 kB
Active:           391024 kB
Mem:          3.8G       3.7G       135M       5.7M        30M       3.2G

MemTotal:        4016004 kB
MemFree:          129176 kB
Active:           390932 kB
Mem:          3.8G       3.7G       125M       5.7M        30M       3.2G

MemTotal:        4016004 kB
MemFree:          120812 kB
Active:           390932 kB
Mem:          3.8G       3.7G       117M       5.7M        30M       3.2G

MemTotal:        4016004 kB
MemFree:          128884 kB
Active:           390932 kB
Mem:          3.8G       3.7G       126M       5.7M        30M       3.2G

MemTotal:        4016004 kB
MemFree:          120740 kB
Active:           390936 kB
Mem:          3.8G       3.7G       117M       5.7M        30M       3.2G

MemTotal:        4016004 kB
MemFree:          113480 kB
Active:           390940 kB
Mem:          3.8G       3.7G       110M       5.7M        30M       3.2G

MemTotal:        4016004 kB
MemFree:          114532 kB
Active:           390904 kB
Mem:          3.8G       3.7G       112M       5.7M        30M       3.2G

MemTotal:        4016004 kB
MemFree:          105724 kB
Active:           390904 kB
Mem:          3.8G       3.7G       103M       5.7M        30M       3.2G

MemTotal:        4016004 kB
MemFree:          120932 kB
Active:           390952 kB
Mem:          3.8G       3.7G       118M       5.7M        30M       3.2G

MemTotal:        4016004 kB
MemFree:          138172 kB
Active:           377424 kB
Mem:          3.8G       3.7G       134M       5.7M        30M       3.2G

MemTotal:        4016004 kB
MemFree:          130008 kB
Active:           377356 kB
Mem:          3.8G       3.7G       126M       5.7M        30M       3.2G

MemTotal:        4016004 kB
MemFree:          119164 kB
Active:           377420 kB
Mem:          3.8G       3.7G       116M       5.7M        30M       3.2G

MemTotal:        4016004 kB
MemFree:          112348 kB
Active:           377376 kB
Mem:          3.8G       3.7G       110M       5.7M        30M       3.2G

MemTotal:        4016004 kB
MemFree:          128488 kB
Active:           377420 kB
Mem:          3.8G       3.7G       125M       5.7M        30M       3.2G

MemTotal:        4016004 kB
MemFree:          105920 kB
Active:           377436 kB
Mem:          3.8G       3.7G       103M       5.7M        30M       3.2G

MemTotal:        4016004 kB
MemFree:          116912 kB
Active:           377436 kB
Mem:          3.8G       3.7G       114M       5.7M        30M       3.2G

MemTotal:        4016004 kB
MemFree:          108568 kB
Active:           377424 kB
Mem:          3.8G       3.7G       106M       5.7M        30M       3.2G

MemTotal:        4016004 kB
MemFree:          125160 kB
Active:           377404 kB
Mem:          3.8G       3.7G       121M       5.7M        30M       3.2G

MemTotal:        4016004 kB
MemFree:          129152 kB
Active:           377432 kB
Mem:          3.8G       3.7G       125M       5.7M        30M       3.2G

MemTotal:        4016004 kB
MemFree:          132996 kB
Active:           377392 kB
Mem:          3.8G       3.7G       129M       5.7M        30M       3.2G

MemTotal:        4016004 kB
MemFree:          131160 kB
Active:           375400 kB
Mem:          3.8G       3.7G       128M       5.7M        30M       3.2G

MemTotal:        4016004 kB
MemFree:          105868 kB
Active:           375240 kB
Mem:          3.8G       3.7G       102M       5.7M        30M       3.2G

MemTotal:        4016004 kB
MemFree:          121328 kB
Active:           375244 kB
Mem:          3.8G       3.7G       117M       5.7M        30M       3.2G

MemTotal:        4016004 kB
MemFree:          131928 kB
Active:           375244 kB
Mem:          3.8G       3.7G       128M       5.7M        30M       3.2G

MemTotal:        4016004 kB
MemFree:          133820 kB
Active:           375240 kB
Mem:          3.8G       3.7G       130M       5.7M        30M       3.2G

MemTotal:        4016004 kB
MemFree:          114152 kB
Active:           375260 kB
Mem:          3.8G       3.7G       111M       5.7M        30M       3.2G

MemTotal:        4016004 kB
MemFree:          105776 kB
Active:           375260 kB
Mem:          3.8G       3.7G       103M       5.7M        30M       3.2G

MemTotal:        4016004 kB
MemFree:          114340 kB
Active:           375272 kB
Mem:          3.8G       3.7G       111M       5.7M        30M       3.2G

MemTotal:        4016004 kB
MemFree:          106864 kB
Active:           375256 kB
Mem:          3.8G       3.7G       103M       5.7M        30M       3.2G

MemTotal:        4016004 kB
MemFree:          134648 kB
Active:           375236 kB
Mem:          3.8G       3.7G       131M       5.7M        30M       3.2G

MemTotal:        4016004 kB
MemFree:          125524 kB
Active:           375272 kB
Mem:          3.8G       3.7G       122M       5.7M        30M       3.2G

MemTotal:        4016004 kB
MemFree:          144120 kB
Active:           375252 kB
Mem:          3.8G       3.7G       140M       5.7M        30M       3.2G

MemTotal:        4016004 kB
MemFree:          125036 kB
Active:           375284 kB
Mem:          3.8G       3.7G       122M       5.7M        30M       3.2G

MemTotal:        4016004 kB
MemFree:          111108 kB
Active:           375292 kB
Mem:          3.8G       3.7G       108M       5.7M        30M       3.2G

MemTotal:        4016004 kB
MemFree:          123040 kB
Active:           372632 kB
Mem:          3.8G       3.7G       120M       5.7M        30M       3.2G

MemTotal:        4016004 kB
MemFree:          109200 kB
Active:           372464 kB
Mem:          3.8G       3.7G       106M       5.7M        30M       3.2G

MemTotal:        4016004 kB
MemFree:          124764 kB
Active:           372488 kB
Mem:          3.8G       3.7G       121M       5.7M        30M       3.2G

MemTotal:        4016004 kB
MemFree:          123632 kB
Active:           372488 kB
Mem:          3.8G       3.7G       120M       5.7M        30M       3.2G

MemTotal:        4016004 kB
MemFree:          114480 kB
Active:           372496 kB
Mem:          3.8G       3.7G       111M       5.7M        30M       3.2G

MemTotal:        4016004 kB
MemFree:          106376 kB
Active:           372488 kB
Mem:          3.8G       3.7G       103M       5.7M        30M       3.2G

MemTotal:        4016004 kB
MemFree:          134488 kB
Active:           372496 kB
Mem:          3.8G       3.7G       131M       5.7M        30M       3.2G

MemTotal:        4016004 kB
MemFree:          106456 kB
Active:           372508 kB
Mem:          3.8G       3.7G       103M       5.7M        30M       3.2G

MemTotal:        4016004 kB
MemFree:          134256 kB
Active:           372508 kB
Mem:          3.8G       3.7G       130M       5.7M        30M       3.2G

MemTotal:        4016004 kB
MemFree:          125616 kB
Active:           372512 kB
Mem:          3.8G       3.7G       122M       5.7M        30M       3.2G

MemTotal:        4016004 kB
MemFree:          131288 kB
Active:           372512 kB
Mem:          3.8G       3.7G       127M       5.7M        30M       3.2G

MemTotal:        4016004 kB
MemFree:          113684 kB
Active:           372468 kB
Mem:          3.8G       3.7G       111M       5.7M        30M       3.2G

MemTotal:        4016004 kB
MemFree:          114520 kB
Active:           372512 kB
Mem:          3.8G       3.7G       111M       5.7M        30M       3.2G

MemTotal:        4016004 kB
MemFree:          108580 kB
Active:           369832 kB
Mem:          3.8G       3.7G       106M       5.7M        30M       3.2G

MemTotal:        4016004 kB
MemFree:          115452 kB
Active:           369704 kB
Mem:          3.8G       3.7G       112M       5.7M        30M       3.2G

MemTotal:        4016004 kB
MemFree:          106696 kB
Active:           369704 kB
Mem:          3.8G       3.7G       103M       5.7M        30M       3.2G

MemTotal:        4016004 kB
MemFree:          134768 kB
Active:           369704 kB
Mem:          3.8G       3.7G       130M       5.7M        30M       3.2G

MemTotal:        4016004 kB
MemFree:          107524 kB
Active:           369656 kB
Mem:          3.8G       3.7G       104M       5.7M        30M       3.2G

MemTotal:        4016004 kB
MemFree:          133416 kB
Active:           369716 kB
Mem:          3.8G       3.7G       130M       5.7M        30M       3.2G

MemTotal:        4016004 kB
MemFree:          150724 kB
Active:           369692 kB
Mem:          3.8G       3.7G       147M       5.7M        30M       3.2G

MemTotal:        4016004 kB
MemFree:          106120 kB
Active:           369696 kB
Mem:          3.8G       3.7G       103M       5.7M        30M       3.2G

MemTotal:        4016004 kB
MemFree:          123544 kB
Active:           369724 kB
Mem:          3.8G       3.7G       119M       5.7M        30M       3.2G

MemTotal:        4016004 kB
MemFree:          130988 kB
Active:           369732 kB
Mem:          3.8G       3.7G       127M       5.7M        30M       3.2G

MemTotal:        4016004 kB
MemFree:          118412 kB
Active:           369752 kB
Mem:          3.8G       3.7G       115M       5.7M        30M       3.2G

MemTotal:        4016004 kB
MemFree:          110952 kB
Active:           369748 kB
Mem:          3.8G       3.7G       107M       5.7M        30M       3.2G

MemTotal:        4016004 kB
MemFree:          126976 kB
Active:           369752 kB
Mem:          3.8G       3.7G       123M       5.7M        30M       3.2G

MemTotal:        4016004 kB
MemFree:          135268 kB
Active:           369760 kB
Mem:          3.8G       3.7G       131M       5.7M        30M       3.2G

MemTotal:        4016004 kB
MemFree:          123164 kB
Active:           367364 kB
Mem:          3.8G       3.7G       120M       5.7M        30M       3.2G

MemTotal:        4016004 kB
MemFree:          114500 kB
Active:           367320 kB
Mem:          3.8G       3.7G       112M       5.7M        30M       3.2G

MemTotal:        4016004 kB
MemFree:          106492 kB
Active:           367300 kB
Mem:          3.8G       3.7G       103M       5.7M        30M       3.2G

MemTotal:        4016004 kB
MemFree:          121996 kB
Active:           367336 kB
Mem:          3.8G       3.7G       118M       5.7M        30M       3.2G

MemTotal:        4016004 kB
MemFree:          138256 kB
Active:           367336 kB
Mem:          3.8G       3.7G       134M       5.7M        30M       3.2G

MemTotal:        4016004 kB
MemFree:          109664 kB
Active:           367296 kB
Mem:          3.8G       3.7G       107M       5.7M        31M       3.2G

MemTotal:        4016004 kB
MemFree:          125524 kB
Active:           367344 kB
Mem:          3.8G       3.7G       122M       5.7M        31M       3.2G

MemTotal:        4016004 kB
MemFree:          130448 kB
Active:           367348 kB
Mem:          3.8G       3.7G       127M       5.7M        31M       3.2G

MemTotal:        4016004 kB
MemFree:          135436 kB
Active:           367340 kB
Mem:          3.8G       3.7G       131M       5.7M        31M       3.2G

MemTotal:        4016004 kB
MemFree:          132832 kB
Active:           367360 kB
Mem:          3.8G       3.7G       129M       5.7M        31M       3.2G

MemTotal:        4016004 kB
MemFree:          132780 kB
Active:           367356 kB
Mem:          3.8G       3.7G       129M       5.7M        31M       3.2G

MemTotal:        4016004 kB
MemFree:          138500 kB
Active:           367364 kB
Mem:          3.8G       3.7G       134M       5.7M        31M       3.2G

MemTotal:        4016004 kB
MemFree:          142040 kB
Active:           367348 kB
Mem:          3.8G       3.7G       138M       5.7M        31M       3.2G

MemTotal:        4016004 kB
MemFree:          127240 kB
Active:           367352 kB
Mem:          3.8G       3.7G       131M       5.7M        31M       3.2G

MemTotal:        4016004 kB
MemFree:          127288 kB
Active:           367336 kB
Mem:          3.8G       3.7G       123M       5.7M        31M       3.2G

MemTotal:        4016004 kB
MemFree:          118140 kB
Active:           367360 kB
Mem:          3.8G       3.7G       115M       5.7M        31M       3.2G

MemTotal:        4016004 kB
MemFree:          107208 kB
Active:           367240 kB
Mem:          3.8G       3.7G       104M       5.7M        31M       3.2G

MemTotal:        4016004 kB
MemFree:          107496 kB
Active:           367028 kB
Mem:          3.8G       3.7G       104M       5.7M        31M       3.2G

MemTotal:        4016004 kB
MemFree:          107124 kB
Active:           367080 kB
Mem:          3.8G       3.7G       104M       5.7M        31M       3.2G

MemTotal:        4016004 kB
MemFree:          107124 kB
Active:           367080 kB
Mem:          3.8G       3.7G       104M       5.7M        31M       3.2G

MemTotal:        4016004 kB
MemFree:          107496 kB
Active:           367056 kB
Mem:          3.8G       3.7G       105M       5.7M        31M       3.2G

MemTotal:        4016004 kB
MemFree:          107508 kB
Active:           367052 kB
Mem:          3.8G       3.7G       104M       5.7M        31M       3.2G

MemTotal:        4016004 kB
MemFree:          107384 kB
Active:           367044 kB
Mem:          3.8G       3.7G       104M       5.7M        31M       3.2G

MemTotal:        4016004 kB
MemFree:          107472 kB
Active:           367040 kB
Mem:          3.8G       3.7G       104M       5.7M        31M       3.2G

MemTotal:        4016004 kB
MemFree:          107868 kB
Active:           367040 kB
Mem:          3.8G       3.7G       105M       5.7M        31M       3.2G

MemTotal:        4016004 kB
MemFree:          107568 kB
Active:           367096 kB
Mem:          3.8G       3.7G       105M       5.7M        31M       3.2G

MemTotal:        4016004 kB
MemFree:          107940 kB
Active:           367088 kB
Mem:          3.8G       3.7G       105M       5.7M        31M       3.2G

MemTotal:        4016004 kB
MemFree:          107816 kB
Active:           367064 kB
Mem:          3.8G       3.7G       105M       5.7M        31M       3.2G

MemTotal:        4016004 kB
MemFree:          107940 kB
Active:           367068 kB
Mem:          3.8G       3.7G       105M       5.7M        31M       3.2G

MemTotal:        4016004 kB
MemFree:          107816 kB
Active:           367112 kB
Mem:          3.8G       3.7G       105M       5.7M        31M       3.2G

MemTotal:        4016004 kB
MemFree:          107816 kB
Active:           367084 kB
Mem:          3.8G       3.7G       105M       5.7M        31M       3.2G

MemTotal:        4016004 kB
MemFree:          107940 kB
Active:           367080 kB
Mem:          3.8G       3.7G       105M       5.7M        31M       3.2G

MemTotal:        4016004 kB
MemFree:          107444 kB
Active:           367112 kB
Mem:          3.8G       3.7G       104M       5.7M        31M       3.2G

MemTotal:        4016004 kB
MemFree:          107320 kB
Active:           367120 kB
Mem:          3.8G       3.7G       104M       5.7M        31M       3.2G

MemTotal:        4016004 kB
MemFree:          107816 kB
Active:           367088 kB
Mem:          3.8G       3.7G       105M       5.7M        31M       3.2G

MemTotal:        4016004 kB
MemFree:          107816 kB
Active:           367092 kB
Mem:          3.8G       3.7G       105M       5.7M        31M       3.2G

MemTotal:        4016004 kB
MemFree:          107444 kB
Active:           367116 kB
Mem:          3.8G       3.7G       104M       5.7M        31M       3.2G

MemTotal:        4016004 kB
MemFree:          107568 kB
Active:           367072 kB
Mem:          3.8G       3.7G       105M       5.7M        31M       3.2G

MemTotal:        4016004 kB
MemFree:          107816 kB
Active:           367076 kB
Mem:          3.8G       3.7G       104M       5.7M        31M       3.2G

MemTotal:        4016004 kB
MemFree:          107444 kB
Active:           367120 kB
Mem:          3.8G       3.7G       104M       5.7M        31M       3.2G

MemTotal:        4016004 kB
MemFree:          107444 kB
Active:           367128 kB
Mem:          3.8G       3.7G       104M       5.7M        31M       3.2G

MemTotal:        4016004 kB
MemFree:          107444 kB
Active:           367124 kB
Mem:          3.8G       3.7G       104M       5.7M        31M       3.2G

MemTotal:        4016004 kB
MemFree:          107568 kB
Active:           367124 kB
Mem:          3.8G       3.7G       104M       5.7M        31M       3.2G

MemTotal:        4016004 kB
MemFree:          107568 kB
Active:           367128 kB
Mem:          3.8G       3.7G       105M       5.7M        31M       3.2G

MemTotal:        4016004 kB
MemFree:          107568 kB
Active:           367120 kB
Mem:          3.8G       3.7G       105M       5.7M        31M       3.2G

MemTotal:        4016004 kB
MemFree:          107568 kB
Active:           367124 kB
Mem:          3.8G       3.7G       105M       5.7M        31M       3.2G

MemTotal:        4016004 kB
MemFree:          107072 kB
Active:           367148 kB
Mem:          3.8G       3.7G       104M       5.7M        31M       3.2G

MemTotal:        4016004 kB
MemFree:          107320 kB
Active:           367148 kB
Mem:          3.8G       3.7G       105M       5.7M        31M       3.2G

MemTotal:        4016004 kB
MemFree:          107940 kB
Active:           367128 kB
Mem:          3.8G       3.7G       105M       5.7M        31M       3.2G

MemTotal:        4016004 kB
MemFree:          108064 kB
Active:           367116 kB
Mem:          3.8G       3.7G       105M       5.7M        31M       3.2G

MemTotal:        4016004 kB
MemFree:          107940 kB
Active:           367100 kB
Mem:          3.8G       3.7G       105M       5.7M        31M       3.2G

MemTotal:        4016004 kB
MemFree:          107940 kB
Active:           367112 kB
Mem:          3.8G       3.7G       105M       5.7M        31M       3.2G

MemTotal:        4016004 kB
MemFree:          108064 kB
Active:           367128 kB
Mem:          3.8G       3.7G       105M       5.7M        31M       3.2G

MemTotal:        4016004 kB
MemFree:          108064 kB
Active:           367120 kB
Mem:          3.8G       3.7G       105M       5.7M        31M       3.2G

MemTotal:        4016004 kB
MemFree:          107568 kB
Active:           367120 kB
