MemTotal:        4016004 kB
MemFree:         3240440 kB
Active:           420344 kB
Mem:          3.8G       756M       3.1G       5.7M        51M       320M

MemTotal:        4016004 kB
MemFree:         3241892 kB
Active:           420180 kB
Mem:          3.8G       755M       3.1G       5.7M        51M       320M

MemTotal:        4016004 kB
MemFree:         3241892 kB
Active:           420232 kB
Mem:          3.8G       755M       3.1G       5.7M        51M       320M

MemTotal:        4016004 kB
MemFree:         3242224 kB
Active:           418240 kB
Mem:          3.8G       755M       3.1G       5.7M        51M       320M

MemTotal:        4016004 kB
MemFree:         3242260 kB
Active:           420232 kB
Mem:          3.8G       755M       3.1G       5.7M        51M       320M

MemTotal:        4016004 kB
MemFree:         3241748 kB
Active:           420248 kB
Mem:          3.8G       756M       3.1G       5.7M        51M       320M

MemTotal:        4016004 kB
MemFree:         3241856 kB
Active:           420272 kB
Mem:          3.8G       756M       3.1G       5.7M        51M       320M

MemTotal:        4016004 kB
MemFree:         3241824 kB
Active:           420276 kB
Mem:          3.8G       755M       3.1G       5.7M        51M       320M

MemTotal:        4016004 kB
MemFree:         3242180 kB
Active:           420256 kB
Mem:          3.8G       755M       3.1G       5.7M        51M       320M

MemTotal:        4016004 kB
MemFree:         3241684 kB
Active:           420248 kB
Mem:          3.8G       756M       3.1G       5.7M        51M       320M

MemTotal:        4016004 kB
MemFree:         3241932 kB
Active:           420232 kB
Mem:          3.8G       756M       3.1G       5.7M        51M       320M

MemTotal:        4016004 kB
MemFree:         3241916 kB
Active:           420260 kB
Mem:          3.8G       755M       3.1G       5.7M        51M       320M

MemTotal:        4016004 kB
MemFree:         3241916 kB
Active:           420244 kB
Mem:          3.8G       756M       3.1G       5.7M        51M       320M

MemTotal:        4016004 kB
MemFree:         3239404 kB
Active:           420256 kB
Mem:          3.8G       758M       3.1G       5.7M        51M       320M

MemTotal:        4016004 kB
MemFree:         3239528 kB
Active:           420232 kB
Mem:          3.8G       758M       3.1G       5.7M        51M       321M

MemTotal:        4016004 kB
MemFree:         3239776 kB
Active:           422284 kB
Mem:          3.8G       758M       3.1G       5.7M        51M       321M

MemTotal:        4016004 kB
MemFree:         3239280 kB
Active:           422312 kB
Mem:          3.8G       758M       3.1G       5.7M        51M       321M

MemTotal:        4016004 kB
MemFree:         3239636 kB
Active:           422304 kB
Mem:          3.8G       758M       3.1G       5.7M        51M       321M

MemTotal:        4016004 kB
MemFree:         3239760 kB
Active:           422296 kB
Mem:          3.8G       758M       3.1G       5.7M        51M       321M

MemTotal:        4016004 kB
MemFree:         3239636 kB
Active:           422296 kB
Mem:          3.8G       758M       3.1G       5.7M        51M       321M

MemTotal:        4016004 kB
MemFree:         3239512 kB
Active:           422320 kB
Mem:          3.8G       758M       3.1G       5.7M        51M       321M

MemTotal:        4016004 kB
MemFree:         3239636 kB
Active:           422272 kB
Mem:          3.8G       758M       3.1G       5.7M        51M       321M

MemTotal:        4016004 kB
MemFree:         3239496 kB
Active:           422316 kB
Mem:          3.8G       758M       3.1G       5.7M        51M       321M

MemTotal:        4016004 kB
MemFree:         3238068 kB
Active:           422240 kB
Mem:          3.8G       759M       3.1G       5.7M        51M       321M

MemTotal:        4016004 kB
MemFree:         3237820 kB
Active:           422292 kB
Mem:          3.8G       759M       3.1G       5.7M        51M       321M

MemTotal:        4016004 kB
MemFree:         3238116 kB
Active:           422240 kB
Mem:          3.8G       759M       3.1G       5.7M        51M       321M

MemTotal:        4016004 kB
MemFree:         3238116 kB
Active:           424320 kB
Mem:          3.8G       759M       3.1G       5.7M        51M       321M

MemTotal:        4016004 kB
MemFree:         3238116 kB
Active:           424328 kB
Mem:          3.8G       759M       3.1G       5.7M        51M       321M

MemTotal:        4016004 kB
MemFree:         3237372 kB
Active:           424352 kB
Mem:          3.8G       760M       3.1G       5.7M        51M       321M

MemTotal:        4016004 kB
MemFree:         3237620 kB
Active:           424300 kB
Mem:          3.8G       760M       3.1G       5.7M        51M       321M

MemTotal:        4016004 kB
MemFree:         3237744 kB
Active:           424344 kB
Mem:          3.8G       759M       3.1G       5.7M        51M       321M

MemTotal:        4016004 kB
MemFree:         3238116 kB
Active:           424340 kB
Mem:          3.8G       760M       3.1G       5.7M        51M       321M

MemTotal:        4016004 kB
MemFree:         3237992 kB
Active:           424316 kB
Mem:          3.8G       760M       3.1G       5.7M        51M       321M

MemTotal:        4016004 kB
MemFree:         3237496 kB
Active:           424320 kB
Mem:          3.8G       760M       3.1G       5.7M        51M       321M

MemTotal:        4016004 kB
MemFree:         3237620 kB
Active:           424324 kB
Mem:          3.8G       760M       3.1G       5.7M        51M       321M

MemTotal:        4016004 kB
MemFree:         3237824 kB
Active:           424320 kB
Mem:          3.8G       760M       3.1G       5.7M        51M       321M

MemTotal:        4016004 kB
MemFree:         3237576 kB
Active:           424308 kB
Mem:          3.8G       760M       3.1G       5.7M        51M       321M

MemTotal:        4016004 kB
MemFree:         3237576 kB
Active:           424360 kB
Mem:          3.8G       760M       3.1G       5.7M        51M       321M

MemTotal:        4016004 kB
MemFree:         3237328 kB
Active:           424360 kB
Mem:          3.8G       760M       3.1G       5.7M        51M       321M

MemTotal:        4016004 kB
MemFree:         3237576 kB
Active:           424356 kB
Mem:          3.8G       760M       3.1G       5.7M        51M       321M

MemTotal:        4016004 kB
MemFree:         3237312 kB
Active:           424368 kB
Mem:          3.8G       760M       3.1G       5.7M        51M       321M

MemTotal:        4016004 kB
MemFree:         3237296 kB
Active:           424368 kB
Mem:          3.8G       760M       3.1G       5.7M        51M       321M

MemTotal:        4016004 kB
MemFree:         3235604 kB
Active:           424312 kB
Mem:          3.8G       762M       3.1G       5.7M        51M       321M

MemTotal:        4016004 kB
MemFree:         3235712 kB
Active:           426376 kB
Mem:          3.8G       762M       3.1G       5.7M        51M       321M

MemTotal:        4016004 kB
MemFree:         3235200 kB
Active:           426396 kB
Mem:          3.8G       762M       3.1G       5.7M        51M       321M

MemTotal:        4016004 kB
MemFree:         3235680 kB
Active:           426384 kB
Mem:          3.8G       761M       3.1G       5.7M        51M       321M

MemTotal:        4016004 kB
MemFree:         3235664 kB
Active:           426352 kB
Mem:          3.8G       762M       3.1G       5.7M        51M       321M

MemTotal:        4016004 kB
MemFree:         3235664 kB
Active:           426344 kB
Mem:          3.8G       762M       3.1G       5.7M        51M       321M

MemTotal:        4016004 kB
MemFree:         3235664 kB
Active:           426376 kB
Mem:          3.8G       762M       3.1G       5.7M        51M       321M

MemTotal:        4016004 kB
MemFree:         3235788 kB
Active:           426364 kB
Mem:          3.8G       762M       3.1G       5.7M        51M       321M

MemTotal:        4016004 kB
MemFree:         3235664 kB
Active:           426380 kB
Mem:          3.8G       762M       3.1G       5.7M        51M       321M

MemTotal:        4016004 kB
MemFree:         3235664 kB
Active:           426360 kB
Mem:          3.8G       762M       3.1G       5.7M        51M       321M

MemTotal:        4016004 kB
MemFree:         3235320 kB
Active:           424476 kB
Mem:          3.8G       762M       3.1G       5.7M        51M       321M

MemTotal:        4016004 kB
MemFree:         3235848 kB
Active:           424364 kB
Mem:          3.8G       761M       3.1G       5.7M        51M       321M

MemTotal:        4016004 kB
MemFree:         3235848 kB
Active:           426412 kB
Mem:          3.8G       761M       3.1G       5.7M        51M       321M

MemTotal:        4016004 kB
MemFree:         3235476 kB
Active:           426416 kB
Mem:          3.8G       762M       3.1G       5.7M        51M       321M

MemTotal:        4016004 kB
MemFree:         3235352 kB
Active:           426436 kB
Mem:          3.8G       762M       3.1G       5.7M        51M       321M

MemTotal:        4016004 kB
MemFree:         3235476 kB
Active:           426428 kB
Mem:          3.8G       762M       3.1G       5.7M        51M       321M

MemTotal:        4016004 kB
MemFree:         3235476 kB
Active:           426412 kB
Mem:          3.8G       762M       3.1G       5.7M        51M       321M

MemTotal:        4016004 kB
MemFree:         3235476 kB
Active:           426444 kB
Mem:          3.8G       762M       3.1G       5.7M        51M       321M

MemTotal:        4016004 kB
MemFree:         3235476 kB
Active:           426408 kB
Mem:          3.8G       762M       3.1G       5.7M        51M       321M

MemTotal:        4016004 kB
MemFree:         3235352 kB
Active:           426452 kB
Mem:          3.8G       762M       3.1G       5.7M        51M       321M

MemTotal:        4016004 kB
MemFree:         3234772 kB
Active:           424624 kB
Mem:          3.8G       762M       3.1G       5.7M        51M       321M

MemTotal:        4016004 kB
MemFree:         3234652 kB
Active:           426580 kB
Mem:          3.8G       762M       3.1G       5.7M        51M       321M

MemTotal:        4016004 kB
MemFree:         3235272 kB
Active:           426548 kB
Mem:          3.8G       762M       3.1G       5.7M        51M       321M

MemTotal:        4016004 kB
MemFree:         3235272 kB
Active:           426580 kB
Mem:          3.8G       762M       3.1G       5.7M        51M       321M

MemTotal:        4016004 kB
MemFree:         3235008 kB
Active:           426580 kB
Mem:          3.8G       762M       3.1G       5.7M        51M       321M

MemTotal:        4016004 kB
MemFree:         3235240 kB
Active:           426544 kB
Mem:          3.8G       762M       3.1G       5.7M        51M       321M

MemTotal:        4016004 kB
MemFree:         3235224 kB
Active:           426572 kB
Mem:          3.8G       762M       3.1G       5.7M        51M       321M

MemTotal:        4016004 kB
MemFree:         3235332 kB
Active:           426572 kB
Mem:          3.8G       762M       3.1G       5.7M        51M       321M

MemTotal:        4016004 kB
MemFree:         3235208 kB
Active:           426552 kB
Mem:          3.8G       762M       3.1G       5.7M        51M       321M

MemTotal:        4016004 kB
MemFree:         3235316 kB
Active:           426544 kB
Mem:          3.8G       762M       3.1G       5.7M        51M       321M

MemTotal:        4016004 kB
MemFree:         3235364 kB
Active:           426576 kB
Mem:          3.8G       762M       3.1G       5.7M        51M       321M

MemTotal:        4016004 kB
MemFree:         3235240 kB
Active:           426536 kB
Mem:          3.8G       762M       3.1G       5.7M        51M       321M

MemTotal:        4016004 kB
MemFree:         3235240 kB
Active:           426584 kB
Mem:          3.8G       762M       3.1G       5.7M        51M       321M

MemTotal:        4016004 kB
MemFree:         3235068 kB
Active:           426544 kB
Mem:          3.8G       762M       3.1G       5.7M        51M       321M

MemTotal:        4016004 kB
MemFree:         3235116 kB
Active:           426584 kB
Mem:          3.8G       762M       3.1G       5.7M        51M       321M

MemTotal:        4016004 kB
MemFree:         3235612 kB
Active:           426572 kB
Mem:          3.8G       762M       3.1G       5.7M        51M       321M

MemTotal:        4016004 kB
MemFree:         3235612 kB
Active:           426548 kB
Mem:          3.8G       762M       3.1G       5.7M        51M       321M

MemTotal:        4016004 kB
MemFree:         3235488 kB
Active:           426544 kB
Mem:          3.8G       762M       3.1G       5.7M        51M       321M

MemTotal:        4016004 kB
MemFree:         3234992 kB
Active:           426592 kB
Mem:          3.8G       762M       3.1G       5.7M        51M       321M

MemTotal:        4016004 kB
MemFree:         3235240 kB
Active:           426576 kB
Mem:          3.8G       762M       3.1G       5.7M        51M       321M

MemTotal:        4016004 kB
MemFree:         3234992 kB
Active:           426592 kB
Mem:          3.8G       762M       3.1G       5.7M        51M       321M

MemTotal:        4016004 kB
MemFree:         3234620 kB
Active:           426608 kB
Mem:          3.8G       762M       3.1G       5.7M        51M       321M

MemTotal:        4016004 kB
MemFree:         3234840 kB
Active:           426588 kB
Mem:          3.8G       762M       3.1G       5.7M        51M       321M

MemTotal:        4016004 kB
MemFree:         3235088 kB
Active:           426572 kB
Mem:          3.8G       762M       3.1G       5.7M        51M       321M

MemTotal:        4016004 kB
MemFree:         3235212 kB
Active:           426580 kB
Mem:          3.8G       762M       3.1G       5.7M        51M       321M

MemTotal:        4016004 kB
MemFree:         3234840 kB
Active:           426608 kB
Mem:          3.8G       762M       3.1G       5.7M        51M       321M

MemTotal:        4016004 kB
MemFree:         3234964 kB
Active:           426612 kB
Mem:          3.8G       762M       3.1G       5.7M        51M       321M

MemTotal:        4016004 kB
MemFree:         3235212 kB
Active:           426612 kB
Mem:          3.8G       762M       3.1G       5.7M        51M       321M

MemTotal:        4016004 kB
MemFree:         3235304 kB
Active:           426580 kB
Mem:          3.8G       762M       3.1G       5.7M        51M       321M

MemTotal:        4016004 kB
MemFree:         3235304 kB
Active:           426576 kB
Mem:          3.8G       762M       3.1G       5.7M        51M       321M

MemTotal:        4016004 kB
MemFree:         3235336 kB
Active:           426604 kB
Mem:          3.8G       762M       3.1G       5.7M        51M       321M

MemTotal:        4016004 kB
MemFree:         3235212 kB
Active:           426600 kB
Mem:          3.8G       762M       3.1G       5.7M        51M       321M

MemTotal:        4016004 kB
MemFree:         3235336 kB
Active:           426576 kB
Mem:          3.8G       762M       3.1G       5.7M        51M       321M

MemTotal:        4016004 kB
MemFree:         3235460 kB
Active:           426568 kB
Mem:          3.8G       762M       3.1G       5.7M        51M       321M

MemTotal:        4016004 kB
MemFree:         3235460 kB
Active:           426600 kB
Mem:          3.8G       762M       3.1G       5.7M        51M       321M

MemTotal:        4016004 kB
MemFree:         3235460 kB
Active:           426576 kB
Mem:          3.8G       762M       3.1G       5.7M        51M       321M

MemTotal:        4016004 kB
MemFree:         3235508 kB
Active:           426604 kB
Mem:          3.8G       762M       3.1G       5.7M        51M       321M

MemTotal:        4016004 kB
MemFree:         3235508 kB
Active:           426600 kB
Mem:          3.8G       762M       3.1G       5.7M        51M       321M

MemTotal:        4016004 kB
MemFree:         3235508 kB
Active:           426576 kB
Mem:          3.8G       762M       3.1G       5.7M        51M       321M

MemTotal:        4016004 kB
MemFree:         3235288 kB
Active:           424808 kB
Mem:          3.8G       762M       3.1G       5.7M        51M       321M

MemTotal:        4016004 kB
MemFree:         3235444 kB
Active:           426604 kB
Mem:          3.8G       762M       3.1G       5.7M        51M       321M

MemTotal:        4016004 kB
MemFree:         3235568 kB
Active:           426592 kB
Mem:          3.8G       762M       3.1G       5.7M        51M       321M

MemTotal:        4016004 kB
MemFree:         3235320 kB
Active:           426636 kB
Mem:          3.8G       762M       3.1G       5.7M        51M       321M

MemTotal:        4016004 kB
MemFree:         3235320 kB
Active:           426612 kB
Mem:          3.8G       762M       3.1G       5.7M        51M       321M

MemTotal:        4016004 kB
MemFree:         3235320 kB
Active:           426644 kB
Mem:          3.8G       762M       3.1G       5.7M        51M       321M

MemTotal:        4016004 kB
MemFree:         3235196 kB
Active:           426624 kB
Mem:          3.8G       762M       3.1G       5.7M        51M       321M

MemTotal:        4016004 kB
MemFree:         3234700 kB
Active:           426656 kB
Mem:          3.8G       762M       3.1G       5.7M        51M       321M

MemTotal:        4016004 kB
MemFree:         3235196 kB
Active:           426608 kB
Mem:          3.8G       762M       3.1G       5.7M        51M       321M

MemTotal:        4016004 kB
MemFree:         3234948 kB
Active:           426648 kB
Mem:          3.8G       762M       3.1G       5.7M        51M       321M

MemTotal:        4016004 kB
MemFree:         3234884 kB
Active:           424616 kB
Mem:          3.8G       762M       3.1G       5.7M        51M       321M

MemTotal:        4016004 kB
MemFree:         3235316 kB
Active:           426652 kB
Mem:          3.8G       762M       3.1G       5.7M        51M       321M

MemTotal:        4016004 kB
MemFree:         3235672 kB
Active:           426652 kB
Mem:          3.8G       762M       3.1G       5.7M        51M       321M

MemTotal:        4016004 kB
MemFree:         3235672 kB
Active:           426640 kB
Mem:          3.8G       762M       3.1G       5.7M        51M       321M

MemTotal:        4016004 kB
MemFree:         3235300 kB
Active:           426668 kB
Mem:          3.8G       762M       3.1G       5.7M        51M       321M

MemTotal:        4016004 kB
MemFree:         3234928 kB
Active:           426672 kB
Mem:          3.8G       762M       3.1G       5.7M        51M       321M

MemTotal:        4016004 kB
MemFree:         3235176 kB
Active:           426640 kB
Mem:          3.8G       762M       3.1G       5.7M        51M       321M

MemTotal:        4016004 kB
MemFree:         3235176 kB
Active:           426680 kB
Mem:          3.8G       762M       3.1G       5.7M        51M       321M

MemTotal:        4016004 kB
MemFree:         3235176 kB
Active:           426676 kB
Mem:          3.8G       762M       3.1G       5.7M        51M       321M

MemTotal:        4016004 kB
MemFree:         3234804 kB
Active:           426688 kB
Mem:          3.8G       763M       3.1G       5.7M        51M       321M

MemTotal:        4016004 kB
MemFree:         3234564 kB
Active:           424720 kB
Mem:          3.8G       763M       3.1G       5.7M        51M       321M

MemTotal:        4016004 kB
MemFree:         3235112 kB
Active:           426704 kB
Mem:          3.8G       762M       3.1G       5.7M        51M       321M

MemTotal:        4016004 kB
MemFree:         3234740 kB
Active:           426708 kB
Mem:          3.8G       762M       3.1G       5.7M        51M       321M

MemTotal:        4016004 kB
MemFree:         3235220 kB
Active:           426656 kB
Mem:          3.8G       762M       3.1G       5.7M        51M       321M

MemTotal:        4016004 kB
MemFree:         3235096 kB
Active:           426688 kB
Mem:          3.8G       762M       3.1G       5.7M        51M       321M

MemTotal:        4016004 kB
MemFree:         3235096 kB
Active:           426708 kB
Mem:          3.8G       762M       3.1G       5.7M        51M       321M

MemTotal:        4016004 kB
MemFree:         3235080 kB
Active:           426684 kB
Mem:          3.8G       762M       3.1G       5.7M        51M       321M

MemTotal:        4016004 kB
MemFree:         3235328 kB
Active:           426712 kB
Mem:          3.8G       762M       3.1G       5.7M        51M       321M

MemTotal:        4016004 kB
MemFree:         3235328 kB
Active:           426716 kB
Mem:          3.8G       762M       3.1G       5.7M        51M       321M

MemTotal:        4016004 kB
MemFree:         3234832 kB
Active:           426720 kB
Mem:          3.8G       763M       3.1G       5.7M        51M       321M

MemTotal:        4016004 kB
MemFree:         3234744 kB
Active:           424864 kB
Mem:          3.8G       763M       3.1G       5.7M        51M       321M

MemTotal:        4016004 kB
MemFree:         3234768 kB
Active:           424644 kB
Mem:          3.8G       762M       3.1G       5.7M        51M       321M

MemTotal:        4016004 kB
MemFree:         3234768 kB
Active:           424644 kB
Mem:          3.8G       762M       3.1G       5.7M        51M       321M

MemTotal:        4016004 kB
MemFree:         3234768 kB
Active:           426712 kB
Mem:          3.8G       763M       3.1G       5.7M        51M       321M

MemTotal:        4016004 kB
MemFree:         3234520 kB
Active:           426728 kB
Mem:          3.8G       763M       3.1G       5.7M        51M       321M

MemTotal:        4016004 kB
MemFree:         3234768 kB
Active:           426720 kB
Mem:          3.8G       763M       3.1G       5.7M        51M       321M

MemTotal:        4016004 kB
MemFree:         3234396 kB
Active:           426736 kB
Mem:          3.8G       763M       3.1G       5.7M        51M       321M

MemTotal:        4016004 kB
MemFree:         3234892 kB
Active:           426704 kB
Mem:          3.8G       762M       3.1G       5.7M        51M       321M

MemTotal:        4016004 kB
MemFree:         3235016 kB
Active:           426728 kB
Mem:          3.8G       762M       3.1G       5.7M        51M       321M

MemTotal:        4016004 kB
MemFree:         3235016 kB
Active:           426712 kB
Mem:          3.8G       762M       3.1G       5.7M        51M       321M

MemTotal:        4016004 kB
MemFree:         3234320 kB
Active:           424788 kB
Mem:          3.8G       763M       3.1G       5.7M        51M       321M

MemTotal:        4016004 kB
MemFree:         3234876 kB
Active:           424664 kB
Mem:          3.8G       763M       3.1G       5.7M        51M       321M

MemTotal:        4016004 kB
MemFree:         3234736 kB
Active:           424696 kB
Mem:          3.8G       762M       3.1G       5.7M        51M       321M

MemTotal:        4016004 kB
MemFree:         3235016 kB
Active:           426720 kB
Mem:          3.8G       762M       3.1G       5.7M        51M       321M

MemTotal:        4016004 kB
MemFree:         3234972 kB
Active:           426748 kB
Mem:          3.8G       762M       3.1G       5.7M        51M       321M

MemTotal:        4016004 kB
MemFree:         3234988 kB
Active:           426720 kB
Mem:          3.8G       762M       3.1G       5.7M        51M       321M

MemTotal:        4016004 kB
MemFree:         3234648 kB
Active:           426752 kB
Mem:          3.8G       762M       3.1G       5.7M        51M       321M

MemTotal:        4016004 kB
MemFree:         3235144 kB
Active:           426748 kB
Mem:          3.8G       762M       3.1G       5.7M        51M       321M

MemTotal:        4016004 kB
MemFree:         3235316 kB
Active:           426732 kB
Mem:          3.8G       762M       3.1G       5.7M        51M       321M

MemTotal:        4016004 kB
MemFree:         3234820 kB
Active:           426760 kB
Mem:          3.8G       762M       3.1G       5.7M        51M       321M

MemTotal:        4016004 kB
MemFree:         3234992 kB
Active:           424708 kB
Mem:          3.8G       762M       3.1G       5.7M        51M       321M

MemTotal:        4016004 kB
MemFree:         3234992 kB
Active:           424684 kB
Mem:          3.8G       762M       3.1G       5.7M        51M       321M

MemTotal:        4016004 kB
MemFree:         3235132 kB
Active:           426724 kB
Mem:          3.8G       762M       3.1G       5.7M        51M       321M

MemTotal:        4016004 kB
MemFree:         3235132 kB
Active:           426764 kB
Mem:          3.8G       762M       3.1G       5.7M        51M       321M

MemTotal:        4016004 kB
MemFree:         3235132 kB
Active:           426744 kB
Mem:          3.8G       762M       3.1G       5.7M        51M       321M

MemTotal:        4016004 kB
MemFree:         3235132 kB
Active:           426736 kB
Mem:          3.8G       762M       3.1G       5.7M        51M       321M

MemTotal:        4016004 kB
MemFree:         3235132 kB
Active:           426736 kB
Mem:          3.8G       762M       3.1G       5.7M        51M       321M

MemTotal:        4016004 kB
MemFree:         3235256 kB
Active:           426752 kB
Mem:          3.8G       762M       3.1G       5.7M        51M       321M

MemTotal:        4016004 kB
MemFree:         3235476 kB
Active:           426760 kB
Mem:          3.8G       762M       3.1G       5.7M        51M       321M

MemTotal:        4016004 kB
MemFree:         3235600 kB
Active:           426748 kB
Mem:          3.8G       762M       3.1G       5.7M        51M       321M

MemTotal:        4016004 kB
MemFree:         3233056 kB
Active:           426768 kB
Mem:          3.8G       764M       3.1G       5.7M        51M       321M

MemTotal:        4016004 kB
MemFree:         3232932 kB
Active:           428796 kB
Mem:          3.8G       764M       3.1G       5.7M        51M       321M

MemTotal:        4016004 kB
MemFree:         3232700 kB
Active:           428772 kB
Mem:          3.8G       764M       3.1G       5.7M        51M       321M

MemTotal:        4016004 kB
MemFree:         3233196 kB
Active:           428760 kB
Mem:          3.8G       764M       3.1G       5.7M        51M       321M

MemTotal:        4016004 kB
MemFree:         3233568 kB
Active:           428812 kB
Mem:          3.8G       764M       3.1G       5.7M        51M       321M

MemTotal:        4016004 kB
MemFree:         3233196 kB
Active:           428824 kB
Mem:          3.8G       764M       3.1G       5.7M        51M       321M

MemTotal:        4016004 kB
MemFree:         3233692 kB
Active:           428808 kB
Mem:          3.8G       764M       3.1G       5.7M        51M       321M

MemTotal:        4016004 kB
MemFree:         3233568 kB
Active:           428796 kB
Mem:          3.8G       764M       3.1G       5.7M        51M       321M

MemTotal:        4016004 kB
MemFree:         3233196 kB
Active:           428824 kB
Mem:          3.8G       764M       3.1G       5.7M        51M       321M

MemTotal:        4016004 kB
MemFree:         3233692 kB
Active:           428800 kB
Mem:          3.8G       764M       3.1G       5.7M        51M       321M

MemTotal:        4016004 kB
MemFree:         3233320 kB
Active:           428800 kB
Mem:          3.8G       764M       3.1G       5.7M        51M       321M

MemTotal:        4016004 kB
MemFree:         3232824 kB
Active:           428836 kB
Mem:          3.8G       764M       3.1G       5.7M        51M       321M

MemTotal:        4016004 kB
MemFree:         3232452 kB
Active:           428836 kB
Mem:          3.8G       765M       3.1G       5.7M        51M       321M

MemTotal:        4016004 kB
MemFree:         3232948 kB
Active:           428664 kB
Mem:          3.8G       764M       3.1G       5.7M        51M       321M

MemTotal:        4016004 kB
MemFree:         3232840 kB
Active:           428664 kB
Mem:          3.8G       764M       3.1G       5.7M        51M       321M

MemTotal:        4016004 kB
MemFree:         3232840 kB
Active:           428644 kB
Mem:          3.8G       764M       3.1G       5.7M        51M       321M

MemTotal:        4016004 kB
MemFree:         3232840 kB
Active:           428640 kB
Mem:          3.8G       764M       3.1G       5.7M        51M       321M

MemTotal:        4016004 kB
MemFree:         3232840 kB
Active:           428620 kB
Mem:          3.8G       764M       3.1G       5.7M        51M       321M

MemTotal:        4016004 kB
MemFree:         3233212 kB
Active:           428668 kB
Mem:          3.8G       764M       3.1G       5.7M        51M       321M

MemTotal:        4016004 kB
MemFree:         3233212 kB
Active:           428660 kB
Mem:          3.8G       764M       3.1G       5.7M        51M       321M

MemTotal:        4016004 kB
MemFree:         3233956 kB
Active:           428644 kB
Mem:          3.8G       763M       3.1G       5.7M        51M       321M

MemTotal:        4016004 kB
MemFree:         3233956 kB
Active:           428676 kB
Mem:          3.8G       763M       3.1G       5.7M        51M       321M

MemTotal:        4016004 kB
MemFree:         3224436 kB
Active:           436428 kB
Mem:          3.8G       773M       3.1G       5.7M        58M       321M

MemTotal:        4016004 kB
MemFree:         3224540 kB
Active:           436456 kB
Mem:          3.8G       772M       3.1G       5.7M        58M       321M

MemTotal:        4016004 kB
MemFree:         3224912 kB
Active:           436456 kB
Mem:          3.8G       772M       3.1G       5.7M        58M       321M

MemTotal:        4016004 kB
MemFree:         3224292 kB
Active:           436496 kB
Mem:          3.8G       772M       3.1G       5.7M        58M       321M

MemTotal:        4016004 kB
MemFree:         3224664 kB
Active:           436492 kB
Mem:          3.8G       772M       3.1G       5.7M        58M       321M

MemTotal:        4016004 kB
MemFree:         3224664 kB
Active:           436480 kB
Mem:          3.8G       773M       3.1G       5.7M        58M       321M

MemTotal:        4016004 kB
MemFree:         3224540 kB
Active:           436480 kB
Mem:          3.8G       773M       3.1G       5.7M        58M       321M

MemTotal:        4016004 kB
MemFree:         3224020 kB
Active:           434560 kB
Mem:          3.8G       773M       3.1G       5.7M        58M       321M

MemTotal:        4016004 kB
MemFree:         3224848 kB
Active:           436460 kB
Mem:          3.8G       772M       3.1G       5.7M        58M       321M

MemTotal:        4016004 kB
MemFree:         3224600 kB
Active:           436500 kB
Mem:          3.8G       772M       3.1G       5.7M        58M       321M

MemTotal:        4016004 kB
MemFree:         3224476 kB
Active:           436484 kB
Mem:          3.8G       772M       3.1G       5.7M        58M       321M

MemTotal:        4016004 kB
MemFree:         3224352 kB
Active:           436508 kB
Mem:          3.8G       772M       3.1G       5.7M        58M       321M

MemTotal:        4016004 kB
MemFree:         3224104 kB
Active:           436520 kB
Mem:          3.8G       773M       3.1G       5.7M        58M       321M

MemTotal:        4016004 kB
MemFree:         3223608 kB
Active:           436524 kB
Mem:          3.8G       773M       3.1G       5.7M        58M       321M

MemTotal:        4016004 kB
MemFree:         3223856 kB
Active:           436504 kB
Mem:          3.8G       773M       3.1G       5.7M        58M       321M

MemTotal:        4016004 kB
MemFree:         3223360 kB
Active:           436532 kB
Mem:          3.8G       773M       3.1G       5.7M        58M       321M

MemTotal:        4016004 kB
MemFree:         3224228 kB
Active:           436512 kB
Mem:          3.8G       773M       3.1G       5.7M        58M       321M

MemTotal:        4016004 kB
MemFree:         3224352 kB
Active:           436484 kB
Mem:          3.8G       773M       3.1G       5.7M        58M       321M

MemTotal:        4016004 kB
MemFree:         3224228 kB
Active:           436484 kB
Mem:          3.8G       773M       3.1G       5.7M        58M       321M

MemTotal:        4016004 kB
MemFree:         3223856 kB
Active:           436540 kB
Mem:          3.8G       773M       3.1G       5.7M        58M       321M

MemTotal:        4016004 kB
MemFree:         3224352 kB
Active:           436512 kB
Mem:          3.8G       773M       3.1G       5.7M        58M       321M

MemTotal:        4016004 kB
MemFree:         3224352 kB
Active:           436488 kB
Mem:          3.8G       772M       3.1G       5.7M        58M       321M

MemTotal:        4016004 kB
MemFree:         3224724 kB
Active:           436532 kB
Mem:          3.8G       772M       3.1G       5.7M        58M       321M

MemTotal:        4016004 kB
MemFree:         3224476 kB
Active:           436540 kB
Mem:          3.8G       773M       3.1G       5.7M        58M       321M

MemTotal:        4016004 kB
MemFree:         3224236 kB
Active:           436548 kB
Mem:          3.8G       772M       3.1G       5.7M        58M       321M

MemTotal:        4016004 kB
MemFree:         3224344 kB
Active:           436532 kB
Mem:          3.8G       773M       3.1G       5.7M        58M       321M

MemTotal:        4016004 kB
MemFree:         3224236 kB
Active:           436512 kB
Mem:          3.8G       773M       3.1G       5.7M        58M       321M

MemTotal:        4016004 kB
MemFree:         3221504 kB
Active:           438596 kB
Mem:          3.8G       775M       3.1G       5.7M        58M       321M

MemTotal:        4016004 kB
MemFree:         3222604 kB
Active:           438560 kB
Mem:          3.8G       774M       3.1G       5.7M        58M       321M

MemTotal:        4016004 kB
MemFree:         3222744 kB
Active:           438564 kB
Mem:          3.8G       774M       3.1G       5.7M        58M       321M

MemTotal:        4016004 kB
MemFree:         3222744 kB
Active:           438580 kB
Mem:          3.8G       774M       3.1G       5.7M        58M       321M

MemTotal:        4016004 kB
MemFree:         3222992 kB
Active:           438564 kB
Mem:          3.8G       774M       3.1G       5.7M        58M       321M

MemTotal:        4016004 kB
MemFree:         3222992 kB
Active:           438564 kB
Mem:          3.8G       774M       3.1G       5.7M        58M       321M

MemTotal:        4016004 kB
MemFree:         3222496 kB
Active:           438604 kB
Mem:          3.8G       774M       3.1G       5.7M        58M       321M

MemTotal:        4016004 kB
MemFree:         3222744 kB
Active:           438572 kB
Mem:          3.8G       774M       3.1G       5.7M        58M       321M

MemTotal:        4016004 kB
MemFree:         3222372 kB
Active:           438604 kB
Mem:          3.8G       774M       3.1G       5.7M        58M       321M

MemTotal:        4016004 kB
MemFree:         3222496 kB
Active:           438564 kB
Mem:          3.8G       775M       3.1G       5.7M        58M       321M

MemTotal:        4016004 kB
MemFree:         3222556 kB
Active:           436552 kB
Mem:          3.8G       774M       3.1G       5.7M        58M       321M

MemTotal:        4016004 kB
MemFree:         3222556 kB
Active:           438600 kB
Mem:          3.8G       774M       3.1G       5.7M        58M       321M

MemTotal:        4016004 kB
MemFree:         3222680 kB
Active:           438564 kB
Mem:          3.8G       774M       3.1G       5.7M        58M       321M

MemTotal:        4016004 kB
MemFree:         3222556 kB
Active:           438608 kB
Mem:          3.8G       774M       3.1G       5.7M        58M       321M

MemTotal:        4016004 kB
MemFree:         3222432 kB
Active:           438612 kB
Mem:          3.8G       774M       3.1G       5.7M        58M       321M

MemTotal:        4016004 kB
MemFree:         3222804 kB
Active:           438600 kB
Mem:          3.8G       774M       3.1G       5.7M        58M       321M

MemTotal:        4016004 kB
MemFree:         3222680 kB
Active:           438568 kB
Mem:          3.8G       775M       3.1G       5.7M        58M       321M

MemTotal:        4016004 kB
MemFree:         3222308 kB
Active:           438604 kB
Mem:          3.8G       775M       3.1G       5.7M        58M       321M

MemTotal:        4016004 kB
MemFree:         3222308 kB
Active:           438572 kB
Mem:          3.8G       775M       3.1G       5.7M        58M       321M

MemTotal:        4016004 kB
MemFree:         3222556 kB
Active:           438620 kB
Mem:          3.8G       774M       3.1G       5.7M        58M       321M

MemTotal:        4016004 kB
MemFree:         3222556 kB
Active:           438584 kB
Mem:          3.8G       774M       3.1G       5.7M        58M       321M

MemTotal:        4016004 kB
MemFree:         3222184 kB
Active:           438640 kB
Mem:          3.8G       775M       3.1G       5.7M        58M       321M

MemTotal:        4016004 kB
MemFree:         3222184 kB
Active:           438628 kB
Mem:          3.8G       775M       3.1G       5.7M        58M       321M

MemTotal:        4016004 kB
MemFree:         3221936 kB
Active:           438628 kB
Mem:          3.8G       775M       3.1G       5.7M        58M       321M

MemTotal:        4016004 kB
MemFree:         3221812 kB
Active:           438604 kB
Mem:          3.8G       775M       3.1G       5.7M        58M       321M

MemTotal:        4016004 kB
MemFree:         3221936 kB
Active:           438640 kB
Mem:          3.8G       775M       3.1G       5.7M        58M       321M

MemTotal:        4016004 kB
MemFree:         3221936 kB
Active:           438628 kB
Mem:          3.8G       775M       3.1G       5.7M        58M       321M

MemTotal:        4016004 kB
MemFree:         3221936 kB
Active:           438620 kB
Mem:          3.8G       775M       3.1G       5.7M        58M       321M

MemTotal:        4016004 kB
MemFree:         3221440 kB
Active:           438652 kB
Mem:          3.8G       775M       3.1G       5.7M        58M       321M

MemTotal:        4016004 kB
MemFree:         3221812 kB
Active:           438620 kB
Mem:          3.8G       775M       3.1G       5.7M        58M       321M

MemTotal:        4016004 kB
MemFree:         3221812 kB
Active:           438596 kB
Mem:          3.8G       775M       3.1G       5.7M        58M       321M

MemTotal:        4016004 kB
MemFree:         3221812 kB
Active:           438640 kB
Mem:          3.8G       775M       3.1G       5.7M        58M       321M

MemTotal:        4016004 kB
MemFree:         3221440 kB
Active:           438660 kB
Mem:          3.8G       775M       3.1G       5.7M        58M       321M

MemTotal:        4016004 kB
MemFree:         3221936 kB
Active:           438612 kB
Mem:          3.8G       775M       3.1G       5.7M        58M       321M

MemTotal:        4016004 kB
MemFree:         3221936 kB
Active:           438656 kB
Mem:          3.8G       775M       3.1G       5.7M        58M       321M

MemTotal:        4016004 kB
MemFree:         3222060 kB
Active:           438660 kB
Mem:          3.8G       775M       3.1G       5.7M        58M       321M

MemTotal:        4016004 kB
MemFree:         3221564 kB
Active:           438668 kB
Mem:          3.8G       775M       3.1G       5.7M        58M       321M

MemTotal:        4016004 kB
MemFree:         3222184 kB
Active:           438616 kB
Mem:          3.8G       775M       3.1G       5.7M        58M       321M

MemTotal:        4016004 kB
MemFree:         3222184 kB
Active:           438656 kB
Mem:          3.8G       775M       3.1G       5.7M        58M       321M

MemTotal:        4016004 kB
MemFree:         3222060 kB
Active:           438632 kB
Mem:          3.8G       775M       3.1G       5.7M        58M       321M

MemTotal:        4016004 kB
MemFree:         3222060 kB
Active:           438612 kB
Mem:          3.8G       775M       3.1G       5.7M        58M       321M

MemTotal:        4016004 kB
MemFree:         3222308 kB
Active:           438608 kB
Mem:          3.8G       774M       3.1G       5.7M        58M       321M

MemTotal:        4016004 kB
MemFree:         3222680 kB
Active:           438640 kB
Mem:          3.8G       774M       3.1G       5.7M        58M       321M

MemTotal:        4016004 kB
MemFree:         3222680 kB
Active:           438624 kB
Mem:          3.8G       774M       3.1G       5.7M        58M       321M

MemTotal:        4016004 kB
MemFree:         3223052 kB
Active:           438664 kB
Mem:          3.8G       774M       3.1G       5.7M        58M       321M

MemTotal:        4016004 kB
MemFree:         3222556 kB
Active:           438628 kB
Mem:          3.8G       774M       3.1G       5.7M        58M       321M

MemTotal:        4016004 kB
MemFree:         3222432 kB
Active:           438652 kB
Mem:          3.8G       774M       3.1G       5.7M        58M       321M

MemTotal:        4016004 kB
MemFree:         3222432 kB
Active:           438648 kB
Mem:          3.8G       774M       3.1G       5.7M        58M       321M

MemTotal:        4016004 kB
MemFree:         3222432 kB
Active:           438672 kB
Mem:          3.8G       774M       3.1G       5.7M        58M       321M

MemTotal:        4016004 kB
MemFree:         3222432 kB
Active:           438656 kB
Mem:          3.8G       774M       3.1G       5.7M        58M       321M

MemTotal:        4016004 kB
MemFree:         3222060 kB
Active:           438708 kB
Mem:          3.8G       775M       3.1G       5.7M        58M       321M

MemTotal:        4016004 kB
MemFree:         3222184 kB
Active:           438668 kB
Mem:          3.8G       775M       3.1G       5.7M        58M       321M

MemTotal:        4016004 kB
MemFree:         3221564 kB
Active:           438704 kB
Mem:          3.8G       775M       3.1G       5.7M        58M       321M

MemTotal:        4016004 kB
MemFree:         3221564 kB
Active:           438684 kB
Mem:          3.8G       775M       3.1G       5.7M        58M       321M

MemTotal:        4016004 kB
MemFree:         3221564 kB
Active:           438676 kB
Mem:          3.8G       775M       3.1G       5.7M        58M       321M

MemTotal:        4016004 kB
MemFree:         3221316 kB
Active:           438716 kB
Mem:          3.8G       775M       3.1G       5.7M        58M       321M

MemTotal:        4016004 kB
MemFree:         3221688 kB
Active:           438672 kB
Mem:          3.8G       775M       3.1G       5.7M        58M       321M

MemTotal:        4016004 kB
MemFree:         3221688 kB
Active:           438708 kB
Mem:          3.8G       775M       3.1G       5.7M        58M       321M

MemTotal:        4016004 kB
MemFree:         3222060 kB
Active:           438716 kB
Mem:          3.8G       775M       3.1G       5.7M        58M       321M

MemTotal:        4016004 kB
MemFree:         3222804 kB
Active:           438704 kB
Mem:          3.8G       774M       3.1G       5.7M        58M       321M

MemTotal:        4016004 kB
MemFree:         3222928 kB
Active:           438688 kB
Mem:          3.8G       774M       3.1G       5.7M        58M       321M

MemTotal:        4016004 kB
MemFree:         3222556 kB
Active:           438680 kB
Mem:          3.8G       775M       3.1G       5.7M        58M       321M

MemTotal:        4016004 kB
MemFree:         3222184 kB
Active:           438712 kB
Mem:          3.8G       775M       3.1G       5.7M        58M       321M

MemTotal:        4016004 kB
MemFree:         3222432 kB
Active:           438688 kB
Mem:          3.8G       775M       3.1G       5.7M        58M       321M

MemTotal:        4016004 kB
MemFree:         3222432 kB
Active:           438720 kB
Mem:          3.8G       775M       3.1G       5.7M        58M       321M

MemTotal:        4016004 kB
MemFree:         3222432 kB
Active:           438724 kB
Mem:          3.8G       775M       3.1G       5.7M        58M       321M

MemTotal:        4016004 kB
MemFree:         3221904 kB
Active:           438728 kB
Mem:          3.8G       775M       3.1G       5.7M        58M       321M

MemTotal:        4016004 kB
MemFree:         3221796 kB
Active:           438728 kB
Mem:          3.8G       775M       3.1G       5.7M        58M       321M

MemTotal:        4016004 kB
MemFree:         3221764 kB
Active:           438708 kB
Mem:          3.8G       775M       3.1G       5.7M        58M       321M

MemTotal:        4016004 kB
MemFree:         3221740 kB
Active:           436732 kB
Mem:          3.8G       775M       3.1G       5.7M        58M       321M

MemTotal:        4016004 kB
MemFree:         3222112 kB
Active:           438768 kB
Mem:          3.8G       775M       3.1G       5.7M        58M       321M

MemTotal:        4016004 kB
MemFree:         3222112 kB
Active:           438760 kB
Mem:          3.8G       775M       3.1G       5.7M        58M       321M

MemTotal:        4016004 kB
MemFree:         3221988 kB
Active:           438776 kB
Mem:          3.8G       775M       3.1G       5.7M        58M       321M

MemTotal:        4016004 kB
MemFree:         3222112 kB
Active:           438760 kB
Mem:          3.8G       775M       3.1G       5.7M        58M       321M

MemTotal:        4016004 kB
MemFree:         3222236 kB
Active:           438748 kB
Mem:          3.8G       775M       3.1G       5.7M        58M       321M

MemTotal:        4016004 kB
MemFree:         3222112 kB
Active:           438740 kB
Mem:          3.8G       775M       3.1G       5.7M        58M       321M

MemTotal:        4016004 kB
MemFree:         3221616 kB
Active:           438796 kB
Mem:          3.8G       775M       3.1G       5.7M        58M       321M

MemTotal:        4016004 kB
MemFree:         3222112 kB
Active:           438740 kB
Mem:          3.8G       775M       3.1G       5.7M        58M       321M

MemTotal:        4016004 kB
MemFree:         3221988 kB
Active:           438784 kB
Mem:          3.8G       775M       3.1G       5.7M        58M       321M

MemTotal:        4016004 kB
MemFree:         3221672 kB
Active:           438804 kB
Mem:          3.8G       775M       3.1G       5.7M        58M       321M

MemTotal:        4016004 kB
MemFree:         3222168 kB
Active:           438772 kB
Mem:          3.8G       775M       3.1G       5.7M        58M       321M

MemTotal:        4016004 kB
MemFree:         3221796 kB
Active:           438756 kB
Mem:          3.8G       775M       3.1G       5.7M        58M       321M

MemTotal:        4016004 kB
MemFree:         3221920 kB
Active:           438788 kB
Mem:          3.8G       775M       3.1G       5.7M        58M       321M

MemTotal:        4016004 kB
MemFree:         3221672 kB
Active:           438812 kB
Mem:          3.8G       775M       3.1G       5.7M        58M       321M

MemTotal:        4016004 kB
MemFree:         3221176 kB
Active:           438820 kB
Mem:          3.8G       775M       3.1G       5.7M        58M       321M

MemTotal:        4016004 kB
MemFree:         3221556 kB
Active:           438804 kB
Mem:          3.8G       775M       3.1G       5.7M        58M       321M

MemTotal:        4016004 kB
MemFree:         3221804 kB
Active:           438820 kB
Mem:          3.8G       775M       3.1G       5.7M        58M       321M

MemTotal:        4016004 kB
MemFree:         3222176 kB
Active:           438792 kB
Mem:          3.8G       775M       3.1G       5.7M        58M       321M

MemTotal:        4016004 kB
MemFree:         3222176 kB
Active:           438768 kB
Mem:          3.8G       775M       3.1G       5.7M        58M       321M

MemTotal:        4016004 kB
MemFree:         3219756 kB
Active:           438796 kB
Mem:          3.8G       777M       3.1G       5.7M        58M       321M

MemTotal:        4016004 kB
MemFree:         3220112 kB
Active:           440832 kB
Mem:          3.8G       776M       3.1G       5.7M        58M       321M

MemTotal:        4016004 kB
MemFree:         3176600 kB
Active:           441164 kB
Mem:          3.8G       820M       3.0G       5.7M        58M       363M

MemTotal:        4016004 kB
MemFree:         3130748 kB
Active:           441132 kB
Mem:          3.8G       864M       3.0G       5.7M        58M       407M

MemTotal:        4016004 kB
MemFree:         3085192 kB
Active:           441164 kB
Mem:          3.8G       909M       2.9G       5.7M        58M       451M

MemTotal:        4016004 kB
MemFree:         3039464 kB
Active:           441164 kB
Mem:          3.8G       954M       2.9G       5.7M        58M       495M

MemTotal:        4016004 kB
MemFree:         2993100 kB
Active:           441108 kB
Mem:          3.8G       999M       2.9G       5.7M        58M       540M

MemTotal:        4016004 kB
MemFree:         2946984 kB
Active:           441176 kB
Mem:          3.8G       1.0G       2.8G       5.7M        58M       584M

MemTotal:        4016004 kB
MemFree:         2900884 kB
Active:           441176 kB
Mem:          3.8G       1.1G       2.8G       5.7M        58M       628M

MemTotal:        4016004 kB
MemFree:         2866784 kB
Active:           441176 kB
Mem:          3.8G       1.1G       2.7G       5.7M        58M       660M

MemTotal:        4016004 kB
MemFree:         2845020 kB
Active:           441156 kB
Mem:          3.8G       1.1G       2.7G       5.7M        58M       681M

MemTotal:        4016004 kB
MemFree:         2798796 kB
Active:           441148 kB
Mem:          3.8G       1.2G       2.7G       5.7M        58M       726M

MemTotal:        4016004 kB
MemFree:         2766848 kB
Active:           441200 kB
Mem:          3.8G       1.2G       2.6G       5.7M        58M       756M

MemTotal:        4016004 kB
MemFree:         2765940 kB
Active:           441184 kB
Mem:          3.8G       1.2G       2.6G       5.7M        58M       758M

MemTotal:        4016004 kB
MemFree:         2764792 kB
Active:           441200 kB
Mem:          3.8G       1.2G       2.6G       5.7M        58M       759M

MemTotal:        4016004 kB
MemFree:         2762840 kB
Active:           441196 kB
Mem:          3.8G       1.2G       2.6G       5.7M        58M       761M

MemTotal:        4016004 kB
MemFree:         2741992 kB
Active:           441264 kB
Mem:          3.8G       1.2G       2.6G       5.7M        59M       781M

MemTotal:        4016004 kB
MemFree:         2695628 kB
Active:           441276 kB
Mem:          3.8G       1.3G       2.6G       5.7M        59M       825M

MemTotal:        4016004 kB
MemFree:         2650156 kB
Active:           441272 kB
Mem:          3.8G       1.3G       2.5G       5.7M        59M       869M

MemTotal:        4016004 kB
MemFree:         2604412 kB
Active:           441256 kB
Mem:          3.8G       1.3G       2.5G       5.7M        59M       913M

MemTotal:        4016004 kB
MemFree:         2558188 kB
Active:           441292 kB
Mem:          3.8G       1.4G       2.4G       5.7M        59M       957M

MemTotal:        4016004 kB
MemFree:         2513080 kB
Active:           441280 kB
Mem:          3.8G       1.4G       2.4G       5.7M        59M       1.0G

MemTotal:        4016004 kB
MemFree:         2466840 kB
Active:           441300 kB
Mem:          3.8G       1.5G       2.4G       5.7M        59M       1.0G

MemTotal:        4016004 kB
MemFree:         2421236 kB
Active:           441300 kB
Mem:          3.8G       1.5G       2.3G       5.7M        59M       1.1G

MemTotal:        4016004 kB
MemFree:         2375908 kB
Active:           441288 kB
Mem:          3.8G       1.6G       2.3G       5.7M        59M       1.1G

MemTotal:        4016004 kB
MemFree:         2330276 kB
Active:           441296 kB
Mem:          3.8G       1.6G       2.2G       5.7M        59M       1.1G

MemTotal:        4016004 kB
MemFree:         2285324 kB
Active:           441284 kB
Mem:          3.8G       1.7G       2.2G       5.7M        59M       1.2G

MemTotal:        4016004 kB
MemFree:         2238788 kB
Active:           441292 kB
Mem:          3.8G       1.7G       2.1G       5.7M        59M       1.2G

MemTotal:        4016004 kB
MemFree:         2209240 kB
Active:           441308 kB
Mem:          3.8G       1.7G       2.1G       5.7M        59M       1.3G

MemTotal:        4016004 kB
MemFree:         2199884 kB
Active:           443360 kB
Mem:          3.8G       1.7G       2.1G       5.7M        59M       1.3G

MemTotal:        4016004 kB
MemFree:         2154036 kB
Active:           443292 kB
Mem:          3.8G       1.8G       2.1G       5.7M        59M       1.3G

MemTotal:        4016004 kB
MemFree:         2108156 kB
Active:           443348 kB
Mem:          3.8G       1.8G       2.0G       5.7M        59M       1.4G

MemTotal:        4016004 kB
MemFree:         2063268 kB
Active:           443308 kB
Mem:          3.8G       1.9G       2.0G       5.7M        59M       1.4G

MemTotal:        4016004 kB
MemFree:         2016956 kB
Active:           443356 kB
Mem:          3.8G       1.9G       1.9G       5.7M        59M       1.4G

MemTotal:        4016004 kB
MemFree:         1971832 kB
Active:           443352 kB
Mem:          3.8G       1.9G       1.9G       5.7M        59M       1.5G

MemTotal:        4016004 kB
MemFree:         1926352 kB
Active:           443328 kB
Mem:          3.8G       2.0G       1.8G       5.7M        59M       1.5G

MemTotal:        4016004 kB
MemFree:         1880484 kB
Active:           443360 kB
Mem:          3.8G       2.0G       1.8G       5.7M        59M       1.6G

MemTotal:        4016004 kB
MemFree:         1854272 kB
Active:           443372 kB
Mem:          3.8G       2.1G       1.8G       5.7M        59M       1.6G

MemTotal:        4016004 kB
MemFree:         1823224 kB
Active:           443320 kB
Mem:          3.8G       2.1G       1.7G       5.7M        59M       1.6G

MemTotal:        4016004 kB
MemFree:         1777372 kB
Active:           443388 kB
Mem:          3.8G       2.1G       1.7G       5.7M        59M       1.7G

MemTotal:        4016004 kB
MemFree:         1762500 kB
Active:           443384 kB
Mem:          3.8G       2.1G       1.7G       5.7M        59M       1.7G

MemTotal:        4016004 kB
MemFree:         1732780 kB
Active:           443392 kB
Mem:          3.8G       2.2G       1.7G       5.7M        59M       1.7G

MemTotal:        4016004 kB
MemFree:         1686404 kB
Active:           443364 kB
Mem:          3.8G       2.2G       1.6G       5.7M        59M       1.8G

MemTotal:        4016004 kB
MemFree:         1640924 kB
Active:           443384 kB
Mem:          3.8G       2.3G       1.6G       5.7M        59M       1.8G

MemTotal:        4016004 kB
MemFree:         1594860 kB
Active:           443412 kB
Mem:          3.8G       2.3G       1.5G       5.7M        59M       1.8G

MemTotal:        4016004 kB
MemFree:         1549720 kB
Active:           443404 kB
Mem:          3.8G       2.4G       1.5G       5.7M        59M       1.9G

MemTotal:        4016004 kB
MemFree:         1503264 kB
Active:           443400 kB
Mem:          3.8G       2.4G       1.4G       5.7M        59M       1.9G

MemTotal:        4016004 kB
MemFree:         1457396 kB
Active:           443424 kB
Mem:          3.8G       2.4G       1.4G       5.7M        59M       2.0G

MemTotal:        4016004 kB
MemFree:         1412520 kB
Active:           443372 kB
Mem:          3.8G       2.5G       1.3G       5.7M        59M       2.0G

MemTotal:        4016004 kB
MemFree:         1364156 kB
Active:           443420 kB
Mem:          3.8G       2.5G       1.3G       5.7M        59M       2.1G

MemTotal:        4016004 kB
MemFree:         1319492 kB
Active:           445456 kB
Mem:          3.8G       2.6G       1.3G       5.7M        59M       2.1G

MemTotal:        4016004 kB
MemFree:         1305192 kB
Active:           445480 kB
Mem:          3.8G       2.6G       1.2G       5.7M        59M       2.1G

MemTotal:        4016004 kB
MemFree:         1260116 kB
Active:           445480 kB
Mem:          3.8G       2.6G       1.2G       5.7M        59M       2.2G

MemTotal:        4016004 kB
MemFree:         1224808 kB
Active:           445488 kB
Mem:          3.8G       2.7G       1.2G       5.7M        59M       2.2G

MemTotal:        4016004 kB
MemFree:         1223320 kB
Active:           445500 kB
Mem:          3.8G       2.7G       1.2G       5.7M        59M       2.2G

MemTotal:        4016004 kB
MemFree:         1222376 kB
Active:           445512 kB
Mem:          3.8G       2.7G       1.2G       5.7M        59M       2.2G

MemTotal:        4016004 kB
MemFree:         1222160 kB
Active:           445536 kB
Mem:          3.8G       2.7G       1.2G       5.7M        59M       2.2G

MemTotal:        4016004 kB
MemFree:         1205148 kB
Active:           445540 kB
Mem:          3.8G       2.7G       1.1G       5.7M        59M       2.2G

MemTotal:        4016004 kB
MemFree:         1159032 kB
Active:           445528 kB
Mem:          3.8G       2.7G       1.1G       5.7M        59M       2.2G

MemTotal:        4016004 kB
MemFree:         1113320 kB
Active:           445496 kB
Mem:          3.8G       2.8G       1.1G       5.7M        59M       2.3G

MemTotal:        4016004 kB
MemFree:         1067584 kB
Active:           445548 kB
Mem:          3.8G       2.8G       1.0G       5.7M        59M       2.3G

MemTotal:        4016004 kB
MemFree:         1022088 kB
Active:           445556 kB
Mem:          3.8G       2.9G       997M       5.7M        59M       2.4G

MemTotal:        4016004 kB
MemFree:          975352 kB
Active:           445560 kB
Mem:          3.8G       2.9G       952M       5.7M        59M       2.4G

MemTotal:        4016004 kB
MemFree:          930228 kB
Active:           445548 kB
Mem:          3.8G       2.9G       907M       5.7M        59M       2.5G

MemTotal:        4016004 kB
MemFree:          883136 kB
Active:           445564 kB
Mem:          3.8G       3.0G       862M       5.7M        59M       2.5G

MemTotal:        4016004 kB
MemFree:          871752 kB
Active:           445528 kB
Mem:          3.8G       3.0G       851M       5.7M        59M       2.5G

MemTotal:        4016004 kB
MemFree:          831264 kB
Active:           445584 kB
Mem:          3.8G       3.0G       811M       5.7M        59M       2.6G

MemTotal:        4016004 kB
MemFree:          785200 kB
Active:           445580 kB
Mem:          3.8G       3.1G       766M       5.7M        59M       2.6G

MemTotal:        4016004 kB
MemFree:          738728 kB
Active:           445596 kB
Mem:          3.8G       3.1G       720M       5.7M        59M       2.6G

MemTotal:        4016004 kB
MemFree:          692052 kB
Active:           443552 kB
Mem:          3.8G       3.2G       675M       5.7M        59M       2.7G

MemTotal:        4016004 kB
MemFree:          689588 kB
Active:           445564 kB
Mem:          3.8G       3.2G       673M       5.7M        59M       2.7G

MemTotal:        4016004 kB
MemFree:          690088 kB
Active:           445608 kB
Mem:          3.8G       3.2G       673M       5.7M        59M       2.7G

MemTotal:        4016004 kB
MemFree:          689908 kB
Active:           445620 kB
Mem:          3.8G       3.2G       673M       5.7M        59M       2.7G

MemTotal:        4016004 kB
MemFree:          668396 kB
Active:           445656 kB
Mem:          3.8G       3.2G       652M       5.7M        59M       2.7G

MemTotal:        4016004 kB
MemFree:          622544 kB
Active:           445636 kB
Mem:          3.8G       3.2G       608M       5.7M        59M       2.8G

MemTotal:        4016004 kB
MemFree:          576444 kB
Active:           445612 kB
Mem:          3.8G       3.3G       562M       5.7M        59M       2.8G

MemTotal:        4016004 kB
MemFree:          530964 kB
Active:           445668 kB
Mem:          3.8G       3.3G       517M       5.7M        59M       2.8G

MemTotal:        4016004 kB
MemFree:          484848 kB
Active:           445640 kB
Mem:          3.8G       3.4G       473M       5.7M        59M       2.9G

MemTotal:        4016004 kB
MemFree:          438748 kB
Active:           445628 kB
Mem:          3.8G       3.4G       428M       5.7M        59M       2.9G

MemTotal:        4016004 kB
MemFree:          392136 kB
Active:           445676 kB
Mem:          3.8G       3.5G       383M       5.7M        59M       3.0G

MemTotal:        4016004 kB
MemFree:          347168 kB
Active:           445680 kB
Mem:          3.8G       3.5G       338M       5.7M        59M       3.0G

MemTotal:        4016004 kB
MemFree:          336116 kB
Active:           445680 kB
Mem:          3.8G       3.5G       328M       5.7M        59M       3.0G

MemTotal:        4016004 kB
MemFree:          289784 kB
Active:           445692 kB
Mem:          3.8G       3.6G       282M       5.7M        59M       3.1G

MemTotal:        4016004 kB
MemFree:          265680 kB
Active:           445692 kB
Mem:          3.8G       3.6G       259M       5.7M        59M       3.1G

MemTotal:        4016004 kB
MemFree:          264748 kB
Active:           445692 kB
Mem:          3.8G       3.6G       258M       5.7M        59M       3.1G

MemTotal:        4016004 kB
MemFree:          262300 kB
Active:           445704 kB
Mem:          3.8G       3.6G       256M       5.7M        59M       3.1G

MemTotal:        4016004 kB
MemFree:          258004 kB
Active:           445768 kB
Mem:          3.8G       3.6G       251M       5.7M        59M       3.1G

MemTotal:        4016004 kB
MemFree:          212184 kB
Active:           445752 kB
Mem:          3.8G       3.6G       207M       5.7M        59M       3.1G

MemTotal:        4016004 kB
MemFree:          166784 kB
Active:           445796 kB
Mem:          3.8G       3.7G       162M       5.7M        59M       3.2G

MemTotal:        4016004 kB
MemFree:          120420 kB
Active:           445776 kB
Mem:          3.8G       3.7G       117M       5.7M        59M       3.2G

MemTotal:        4016004 kB
MemFree:          110960 kB
Active:           442716 kB
Mem:          3.8G       3.7G       106M       5.7M        26M       3.3G

MemTotal:        4016004 kB
MemFree:          131984 kB
Active:           468828 kB
Mem:          3.8G       3.7G       127M       5.7M        26M       3.2G

MemTotal:        4016004 kB
MemFree:          141332 kB
Active:           508836 kB
Mem:          3.8G       3.7G       137M       5.7M        26M       3.2G

MemTotal:        4016004 kB
MemFree:          129648 kB
Active:           505460 kB
Mem:          3.8G       3.7G       126M       5.7M        26M       3.2G

MemTotal:        4016004 kB
MemFree:          105308 kB
Active:           505348 kB
Mem:          3.8G       3.7G       102M       5.7M        26M       3.3G

MemTotal:        4016004 kB
MemFree:          107992 kB
Active:           499340 kB
Mem:          3.8G       3.7G       104M       5.7M        26M       3.3G

MemTotal:        4016004 kB
MemFree:          119640 kB
Active:           494348 kB
Mem:          3.8G       3.7G       116M       5.7M        26M       3.3G

MemTotal:        4016004 kB
MemFree:          109716 kB
Active:           489036 kB
Mem:          3.8G       3.7G       107M       5.7M        26M       3.3G

MemTotal:        4016004 kB
MemFree:          126380 kB
Active:           487128 kB
Mem:          3.8G       3.7G       123M       5.7M        26M       3.2G

MemTotal:        4016004 kB
MemFree:          126080 kB
Active:           485220 kB
Mem:          3.8G       3.7G       123M       5.7M        26M       3.2G

MemTotal:        4016004 kB
MemFree:          121536 kB
Active:           480624 kB
Mem:          3.8G       3.7G       118M       5.7M        26M       3.3G

MemTotal:        4016004 kB
MemFree:          106204 kB
Active:           477428 kB
Mem:          3.8G       3.7G       103M       5.7M        26M       3.3G

MemTotal:        4016004 kB
MemFree:          121516 kB
Active:           471672 kB
Mem:          3.8G       3.7G       118M       5.7M        26M       3.3G

MemTotal:        4016004 kB
MemFree:          126000 kB
Active:           467580 kB
Mem:          3.8G       3.7G       123M       5.7M        26M       3.2G

MemTotal:        4016004 kB
MemFree:          121384 kB
Active:           462856 kB
Mem:          3.8G       3.7G       118M       5.7M        26M       3.3G

MemTotal:        4016004 kB
MemFree:          105872 kB
Active:           459784 kB
Mem:          3.8G       3.7G       103M       5.7M        26M       3.3G

MemTotal:        4016004 kB
MemFree:          126680 kB
Active:           453212 kB
Mem:          3.8G       3.7G       123M       5.7M        26M       3.2G

MemTotal:        4016004 kB
MemFree:          118344 kB
Active:           452116 kB
Mem:          3.8G       3.7G       115M       5.7M        26M       3.3G

MemTotal:        4016004 kB
MemFree:          124976 kB
Active:           448396 kB
Mem:          3.8G       3.7G       121M       5.7M        26M       3.2G

MemTotal:        4016004 kB
MemFree:          116388 kB
Active:           447300 kB
Mem:          3.8G       3.7G       113M       5.7M        26M       3.3G

MemTotal:        4016004 kB
MemFree:          136392 kB
Active:           446100 kB
Mem:          3.8G       3.7G       132M       5.7M        26M       3.2G

MemTotal:        4016004 kB
MemFree:          111432 kB
Active:           446160 kB
Mem:          3.8G       3.7G       108M       5.7M        26M       3.3G

MemTotal:        4016004 kB
MemFree:          119088 kB
Active:           444112 kB
Mem:          3.8G       3.7G       116M       5.7M        26M       3.3G

MemTotal:        4016004 kB
MemFree:          110836 kB
Active:           440712 kB
Mem:          3.8G       3.7G       107M       5.7M        26M       3.3G

MemTotal:        4016004 kB
MemFree:          124696 kB
Active:           439048 kB
Mem:          3.8G       3.7G       121M       5.7M        26M       3.2G

MemTotal:        4016004 kB
MemFree:          107936 kB
Active:           437464 kB
Mem:          3.8G       3.7G       105M       5.7M        26M       3.3G

MemTotal:        4016004 kB
MemFree:          134140 kB
Active:           435320 kB
Mem:          3.8G       3.7G       130M       5.7M        26M       3.2G

MemTotal:        4016004 kB
MemFree:          136456 kB
Active:           433436 kB
Mem:          3.8G       3.7G       133M       5.7M        26M       3.2G

MemTotal:        4016004 kB
MemFree:          126604 kB
Active:           432156 kB
Mem:          3.8G       3.7G       123M       5.7M        26M       3.2G

MemTotal:        4016004 kB
MemFree:          118264 kB
Active:           431004 kB
Mem:          3.8G       3.7G       115M       5.7M        26M       3.3G

MemTotal:        4016004 kB
MemFree:          107380 kB
Active:           429852 kB
Mem:          3.8G       3.7G       104M       5.7M        26M       3.3G

MemTotal:        4016004 kB
MemFree:          113100 kB
Active:           428656 kB
Mem:          3.8G       3.7G       110M       5.7M        26M       3.3G

MemTotal:        4016004 kB
MemFree:          113076 kB
Active:           428688 kB
Mem:          3.8G       3.7G       110M       5.7M        26M       3.3G

MemTotal:        4016004 kB
MemFree:          112988 kB
Active:           428728 kB
Mem:          3.8G       3.7G       110M       5.7M        26M       3.3G

MemTotal:        4016004 kB
MemFree:          104920 kB
Active:           428712 kB
Mem:          3.8G       3.7G       106M       5.7M        26M       3.3G

MemTotal:        4016004 kB
MemFree:          130624 kB
Active:           426304 kB
Mem:          3.8G       3.7G       127M       5.7M        26M       3.2G

MemTotal:        4016004 kB
MemFree:          127756 kB
Active:           424768 kB
Mem:          3.8G       3.7G       124M       5.7M        26M       3.2G

MemTotal:        4016004 kB
MemFree:          118472 kB
Active:           423460 kB
Mem:          3.8G       3.7G       115M       5.7M        26M       3.3G

MemTotal:        4016004 kB
MemFree:          119864 kB
Active:           421540 kB
Mem:          3.8G       3.7G       116M       5.7M        26M       3.3G

MemTotal:        4016004 kB
MemFree:          109584 kB
Active:           420424 kB
Mem:          3.8G       3.7G       107M       5.7M        26M       3.3G

MemTotal:        4016004 kB
MemFree:          124508 kB
Active:           418764 kB
Mem:          3.8G       3.7G       121M       5.7M        26M       3.2G

MemTotal:        4016004 kB
MemFree:          127204 kB
Active:           417044 kB
Mem:          3.8G       3.7G       123M       5.7M        26M       3.2G

MemTotal:        4016004 kB
MemFree:          135620 kB
Active:           411412 kB
Mem:          3.8G       3.7G       132M       5.7M        26M       3.2G

MemTotal:        4016004 kB
MemFree:          126344 kB
Active:           410232 kB
Mem:          3.8G       3.7G       123M       5.7M        26M       3.2G

MemTotal:        4016004 kB
MemFree:          111112 kB
Active:           409200 kB
Mem:          3.8G       3.7G       108M       5.7M        26M       3.3G

MemTotal:        4016004 kB
MemFree:          107972 kB
Active:           409128 kB
Mem:          3.8G       3.7G       105M       5.7M        26M       3.3G

MemTotal:        4016004 kB
MemFree:          115148 kB
Active:           407988 kB
Mem:          3.8G       3.7G       112M       5.7M        26M       3.3G

MemTotal:        4016004 kB
MemFree:          123920 kB
Active:           406304 kB
Mem:          3.8G       3.7G       121M       5.7M        26M       3.2G

MemTotal:        4016004 kB
MemFree:          114804 kB
Active:           403180 kB
Mem:          3.8G       3.7G       111M       5.7M        26M       3.3G

MemTotal:        4016004 kB
MemFree:          105208 kB
Active:           402064 kB
Mem:          3.8G       3.7G       103M       5.7M        26M       3.3G

MemTotal:        4016004 kB
MemFree:          106228 kB
Active:           400148 kB
Mem:          3.8G       3.7G       103M       5.7M        26M       3.3G

MemTotal:        4016004 kB
MemFree:          113572 kB
Active:           398100 kB
Mem:          3.8G       3.7G       111M       5.7M        26M       3.3G

MemTotal:        4016004 kB
MemFree:          128412 kB
Active:           396436 kB
Mem:          3.8G       3.7G       125M       5.7M        26M       3.2G

MemTotal:        4016004 kB
MemFree:          124924 kB
Active:           394868 kB
Mem:          3.8G       3.7G       121M       5.7M        26M       3.2G

MemTotal:        4016004 kB
MemFree:          128540 kB
Active:           393496 kB
Mem:          3.8G       3.7G       124M       5.7M        26M       3.2G

MemTotal:        4016004 kB
MemFree:          123596 kB
Active:           392100 kB
Mem:          3.8G       3.7G       120M       5.7M        26M       3.2G

MemTotal:        4016004 kB
MemFree:          126948 kB
Active:           391204 kB
Mem:          3.8G       3.7G       123M       5.7M        26M       3.2G

MemTotal:        4016004 kB
MemFree:          128384 kB
Active:           390072 kB
Mem:          3.8G       3.7G       125M       5.7M        26M       3.2G

MemTotal:        4016004 kB
MemFree:          114572 kB
Active:           388916 kB
Mem:          3.8G       3.7G       111M       5.7M        26M       3.3G

MemTotal:        4016004 kB
MemFree:          105684 kB
Active:           387748 kB
Mem:          3.8G       3.7G       103M       5.7M        26M       3.3G

MemTotal:        4016004 kB
MemFree:          137240 kB
Active:           385064 kB
Mem:          3.8G       3.7G       133M       5.7M        26M       3.2G

MemTotal:        4016004 kB
MemFree:          130036 kB
Active:           383812 kB
Mem:          3.8G       3.7G       126M       5.7M        26M       3.2G

MemTotal:        4016004 kB
MemFree:          128580 kB
Active:           381896 kB
Mem:          3.8G       3.7G       125M       5.7M        26M       3.2G

MemTotal:        4016004 kB
MemFree:          119124 kB
Active:           380880 kB
Mem:          3.8G       3.7G       115M       5.7M        26M       3.3G

MemTotal:        4016004 kB
MemFree:          126700 kB
Active:           380872 kB
Mem:          3.8G       3.7G       123M       5.7M        26M       3.2G

MemTotal:        4016004 kB
MemFree:          117196 kB
Active:           380872 kB
Mem:          3.8G       3.7G       114M       5.7M        26M       3.3G

MemTotal:        4016004 kB
MemFree:          106348 kB
Active:           380900 kB
Mem:          3.8G       3.7G       104M       5.7M        26M       3.3G

MemTotal:        4016004 kB
MemFree:          139384 kB
Active:           380880 kB
Mem:          3.8G       3.7G       136M       5.7M        26M       3.2G

MemTotal:        4016004 kB
MemFree:          139508 kB
Active:           380920 kB
Mem:          3.8G       3.7G       136M       5.7M        26M       3.2G

MemTotal:        4016004 kB
MemFree:          109212 kB
Active:           380904 kB
Mem:          3.8G       3.7G       106M       5.7M        26M       3.3G

MemTotal:        4016004 kB
MemFree:          124256 kB
Active:           380900 kB
Mem:          3.8G       3.7G       120M       5.7M        26M       3.2G

MemTotal:        4016004 kB
MemFree:          106264 kB
Active:           380760 kB
Mem:          3.8G       3.7G       103M       5.7M        26M       3.3G

MemTotal:        4016004 kB
MemFree:          133968 kB
Active:           380740 kB
Mem:          3.8G       3.7G       130M       5.7M        26M       3.2G

MemTotal:        4016004 kB
MemFree:          123720 kB
Active:           380728 kB
Mem:          3.8G       3.7G       121M       5.7M        26M       3.2G

MemTotal:        4016004 kB
MemFree:          131864 kB
Active:           380756 kB
Mem:          3.8G       3.7G       129M       5.7M        26M       3.2G

MemTotal:        4016004 kB
MemFree:          123112 kB
Active:           380752 kB
Mem:          3.8G       3.7G       119M       5.7M        26M       3.2G

MemTotal:        4016004 kB
MemFree:          113864 kB
Active:           380744 kB
Mem:          3.8G       3.7G       110M       5.7M        26M       3.3G

MemTotal:        4016004 kB
MemFree:          122120 kB
Active:           380748 kB
Mem:          3.8G       3.7G       119M       5.7M        26M       3.2G

MemTotal:        4016004 kB
MemFree:          112312 kB
Active:           380624 kB
Mem:          3.8G       3.7G       109M       5.7M        26M       3.3G

MemTotal:        4016004 kB
MemFree:          123544 kB
Active:           380672 kB
Mem:          3.8G       3.7G       120M       5.7M        26M       3.2G

MemTotal:        4016004 kB
MemFree:          135440 kB
Active:           380704 kB
Mem:          3.8G       3.7G       132M       5.7M        26M       3.2G

MemTotal:        4016004 kB
MemFree:          139888 kB
Active:           380700 kB
Mem:          3.8G       3.7G       136M       5.7M        26M       3.2G

MemTotal:        4016004 kB
MemFree:          132140 kB
Active:           380704 kB
Mem:          3.8G       3.7G       128M       5.7M        26M       3.2G

MemTotal:        4016004 kB
MemFree:          135568 kB
Active:           380716 kB
Mem:          3.8G       3.7G       132M       5.7M        26M       3.2G

MemTotal:        4016004 kB
MemFree:          125580 kB
Active:           380800 kB
Mem:          3.8G       3.7G       122M       5.7M        26M       3.2G

MemTotal:        4016004 kB
MemFree:          133280 kB
Active:           380800 kB
Mem:          3.8G       3.7G       129M       5.7M        26M       3.2G

MemTotal:        4016004 kB
MemFree:          123264 kB
Active:           380800 kB
Mem:          3.8G       3.7G       120M       5.7M        26M       3.2G

MemTotal:        4016004 kB
MemFree:          107544 kB
Active:           380792 kB
Mem:          3.8G       3.7G       104M       5.7M        26M       3.3G

MemTotal:        4016004 kB
MemFree:          134328 kB
Active:           380804 kB
Mem:          3.8G       3.7G       130M       5.7M        26M       3.2G

MemTotal:        4016004 kB
MemFree:          136284 kB
Active:           380808 kB
Mem:          3.8G       3.7G       133M       5.7M        26M       3.2G

MemTotal:        4016004 kB
MemFree:          130744 kB
Active:           380820 kB
Mem:          3.8G       3.7G       127M       5.7M        26M       3.2G

MemTotal:        4016004 kB
MemFree:          111724 kB
Active:           380816 kB
Mem:          3.8G       3.7G       109M       5.7M        26M       3.3G

MemTotal:        4016004 kB
MemFree:          125332 kB
Active:           380832 kB
Mem:          3.8G       3.7G       121M       5.7M        26M       3.2G

MemTotal:        4016004 kB
MemFree:          108640 kB
Active:           380712 kB
Mem:          3.8G       3.7G       105M       5.7M        26M       3.3G

MemTotal:        4016004 kB
MemFree:          135728 kB
Active:           380712 kB
Mem:          3.8G       3.7G       132M       5.7M        26M       3.2G

MemTotal:        4016004 kB
MemFree:          140276 kB
Active:           380712 kB
Mem:          3.8G       3.7G       137M       5.7M        26M       3.2G

MemTotal:        4016004 kB
MemFree:          142452 kB
Active:           380724 kB
Mem:          3.8G       3.7G       138M       5.7M        26M       3.2G

MemTotal:        4016004 kB
MemFree:          134192 kB
Active:           380716 kB
Mem:          3.8G       3.7G       130M       5.7M        26M       3.2G

MemTotal:        4016004 kB
MemFree:          124544 kB
Active:           380724 kB
Mem:          3.8G       3.7G       121M       5.7M        26M       3.2G

MemTotal:        4016004 kB
MemFree:          125364 kB
Active:           380732 kB
Mem:          3.8G       3.7G       121M       5.7M        26M       3.2G

MemTotal:        4016004 kB
MemFree:          110848 kB
Active:           380712 kB
Mem:          3.8G       3.7G       107M       5.7M        26M       3.3G

MemTotal:        4016004 kB
MemFree:          128768 kB
Active:           377852 kB
Mem:          3.8G       3.7G       124M       5.7M        26M       3.2G

MemTotal:        4016004 kB
MemFree:          125460 kB
Active:           377888 kB
Mem:          3.8G       3.7G       122M       5.7M        26M       3.2G

MemTotal:        4016004 kB
MemFree:          124996 kB
Active:           377876 kB
Mem:          3.8G       3.7G       121M       5.7M        26M       3.2G

MemTotal:        4016004 kB
MemFree:          125312 kB
Active:           377912 kB
Mem:          3.8G       3.7G       122M       5.7M        26M       3.2G

MemTotal:        4016004 kB
MemFree:          105996 kB
Active:           377884 kB
Mem:          3.8G       3.7G       114M       5.7M        26M       3.3G

MemTotal:        4016004 kB
MemFree:          125552 kB
Active:           377912 kB
Mem:          3.8G       3.7G       122M       5.7M        26M       3.2G

MemTotal:        4016004 kB
MemFree:          115904 kB
Active:           377888 kB
Mem:          3.8G       3.7G       112M       5.7M        26M       3.3G

MemTotal:        4016004 kB
MemFree:          106384 kB
Active:           377920 kB
Mem:          3.8G       3.7G       103M       5.7M        26M       3.3G

MemTotal:        4016004 kB
MemFree:          107652 kB
Active:           377900 kB
Mem:          3.8G       3.7G       105M       5.7M        26M       3.3G

MemTotal:        4016004 kB
MemFree:          115616 kB
Active:           377948 kB
Mem:          3.8G       3.7G       113M       5.7M        26M       3.3G

MemTotal:        4016004 kB
MemFree:          106204 kB
Active:           377948 kB
Mem:          3.8G       3.7G       103M       5.7M        26M       3.3G

MemTotal:        4016004 kB
MemFree:          131144 kB
Active:           373520 kB
Mem:          3.8G       3.7G       128M       5.7M        26M       3.2G

MemTotal:        4016004 kB
MemFree:          115180 kB
Active:           373520 kB
Mem:          3.8G       3.7G       111M       5.7M        26M       3.3G

MemTotal:        4016004 kB
MemFree:          110840 kB
Active:           373528 kB
Mem:          3.8G       3.7G       108M       5.7M        26M       3.3G

MemTotal:        4016004 kB
MemFree:          131228 kB
Active:           373528 kB
Mem:          3.8G       3.7G       128M       5.7M        26M       3.2G

MemTotal:        4016004 kB
MemFree:          115772 kB
Active:           373528 kB
Mem:          3.8G       3.7G       113M       5.7M        26M       3.3G

MemTotal:        4016004 kB
MemFree:          125832 kB
Active:           373512 kB
Mem:          3.8G       3.7G       122M       5.7M        26M       3.2G

MemTotal:        4016004 kB
MemFree:          133128 kB
Active:           373496 kB
Mem:          3.8G       3.7G       130M       5.7M        26M       3.2G

MemTotal:        4016004 kB
MemFree:          124080 kB
Active:           373556 kB
Mem:          3.8G       3.7G       120M       5.7M        26M       3.2G

MemTotal:        4016004 kB
MemFree:          108484 kB
Active:           373556 kB
Mem:          3.8G       3.7G       105M       5.7M        26M       3.3G

MemTotal:        4016004 kB
MemFree:          127348 kB
Active:           372172 kB
Mem:          3.8G       3.7G       124M       5.7M        26M       3.2G

MemTotal:        4016004 kB
MemFree:          108808 kB
Active:           372092 kB
Mem:          3.8G       3.7G       106M       5.7M        26M       3.3G

MemTotal:        4016004 kB
MemFree:          135508 kB
Active:           372060 kB
Mem:          3.8G       3.7G       132M       5.7M        26M       3.2G

MemTotal:        4016004 kB
MemFree:          125900 kB
Active:           372096 kB
Mem:          3.8G       3.7G       123M       5.7M        26M       3.2G

MemTotal:        4016004 kB
MemFree:          128372 kB
Active:           372092 kB
Mem:          3.8G       3.7G       125M       5.7M        26M       3.2G

MemTotal:        4016004 kB
MemFree:          135824 kB
Active:           372128 kB
Mem:          3.8G       3.7G       132M       5.7M        26M       3.2G

MemTotal:        4016004 kB
MemFree:          120496 kB
Active:           372120 kB
Mem:          3.8G       3.7G       118M       5.7M        26M       3.2G

MemTotal:        4016004 kB
MemFree:          110588 kB
Active:           372152 kB
Mem:          3.8G       3.7G       107M       5.7M        26M       3.3G

MemTotal:        4016004 kB
MemFree:          126052 kB
Active:           372160 kB
Mem:          3.8G       3.7G       123M       5.7M        26M       3.2G

MemTotal:        4016004 kB
MemFree:          126188 kB
Active:           371024 kB
Mem:          3.8G       3.7G       122M       5.7M        26M       3.2G

MemTotal:        4016004 kB
MemFree:          128164 kB
Active:           370804 kB
Mem:          3.8G       3.7G       125M       5.7M        26M       3.2G

MemTotal:        4016004 kB
MemFree:          130524 kB
Active:           370752 kB
Mem:          3.8G       3.7G       127M       5.7M        26M       3.2G

MemTotal:        4016004 kB
MemFree:          133596 kB
Active:           370808 kB
Mem:          3.8G       3.7G       130M       5.7M        26M       3.2G

MemTotal:        4016004 kB
MemFree:          142396 kB
Active:           370804 kB
Mem:          3.8G       3.7G       138M       5.7M        26M       3.2G

MemTotal:        4016004 kB
MemFree:          132928 kB
Active:           370796 kB
Mem:          3.8G       3.7G       129M       5.7M        26M       3.2G

MemTotal:        4016004 kB
MemFree:          123092 kB
Active:           370792 kB
Mem:          3.8G       3.7G       120M       5.7M        26M       3.2G

MemTotal:        4016004 kB
MemFree:          127360 kB
Active:           370808 kB
Mem:          3.8G       3.7G       123M       5.7M        26M       3.2G

MemTotal:        4016004 kB
MemFree:          115344 kB
Active:           370820 kB
Mem:          3.8G       3.7G       112M       5.7M        26M       3.2G

MemTotal:        4016004 kB
MemFree:          115304 kB
Active:           370816 kB
Mem:          3.8G       3.7G       112M       5.7M        26M       3.2G

MemTotal:        4016004 kB
MemFree:          115584 kB
Active:           370840 kB
Mem:          3.8G       3.7G       112M       5.7M        26M       3.2G

MemTotal:        4016004 kB
MemFree:          120752 kB
Active:           370860 kB
Mem:          3.8G       3.7G       117M       5.7M        26M       3.2G

MemTotal:        4016004 kB
MemFree:          112100 kB
Active:           370864 kB
Mem:          3.8G       3.7G       109M       5.7M        26M       3.3G

MemTotal:        4016004 kB
MemFree:          109596 kB
Active:           363628 kB
Mem:          3.8G       3.7G       106M       5.7M        26M       3.3G

MemTotal:        4016004 kB
MemFree:          136520 kB
Active:           363480 kB
Mem:          3.8G       3.7G       133M       5.7M        26M       3.2G

MemTotal:        4016004 kB
MemFree:          129152 kB
Active:           363528 kB
Mem:          3.8G       3.7G       125M       5.7M        26M       3.2G

MemTotal:        4016004 kB
MemFree:          107256 kB
Active:           363532 kB
Mem:          3.8G       3.7G       105M       5.7M        26M       3.3G

MemTotal:        4016004 kB
MemFree:          135540 kB
Active:           363512 kB
Mem:          3.8G       3.7G       132M       5.7M        26M       3.2G

MemTotal:        4016004 kB
MemFree:          126220 kB
Active:           363540 kB
Mem:          3.8G       3.7G       122M       5.7M        26M       3.2G

MemTotal:        4016004 kB
MemFree:          128628 kB
Active:           363540 kB
Mem:          3.8G       3.7G       125M       5.7M        26M       3.2G

MemTotal:        4016004 kB
MemFree:          105476 kB
Active:           363544 kB
Mem:          3.8G       3.7G       102M       5.7M        26M       3.3G

MemTotal:        4016004 kB
MemFree:          130024 kB
Active:           363548 kB
Mem:          3.8G       3.7G       127M       5.7M        26M       3.2G

MemTotal:        4016004 kB
MemFree:          126392 kB
Active:           363560 kB
Mem:          3.8G       3.7G       123M       5.7M        26M       3.2G

MemTotal:        4016004 kB
MemFree:          134476 kB
Active:           363564 kB
Mem:          3.8G       3.7G       131M       5.7M        26M       3.2G

MemTotal:        4016004 kB
MemFree:          126048 kB
Active:           363568 kB
Mem:          3.8G       3.7G       122M       5.7M        26M       3.2G

MemTotal:        4016004 kB
MemFree:          110020 kB
Active:           361328 kB
Mem:          3.8G       3.7G       107M       5.7M        26M       3.3G

MemTotal:        4016004 kB
MemFree:          125216 kB
Active:           361328 kB
Mem:          3.8G       3.7G       121M       5.7M        26M       3.2G

MemTotal:        4016004 kB
MemFree:          137448 kB
Active:           361332 kB
Mem:          3.8G       3.7G       134M       5.7M        26M       3.2G

MemTotal:        4016004 kB
MemFree:          130772 kB
Active:           361328 kB
Mem:          3.8G       3.7G       127M       5.7M        26M       3.2G

MemTotal:        4016004 kB
MemFree:          109976 kB
Active:           361324 kB
Mem:          3.8G       3.7G       107M       5.7M        26M       3.3G

MemTotal:        4016004 kB
MemFree:          118536 kB
Active:           361332 kB
Mem:          3.8G       3.7G       115M       5.7M        26M       3.2G

MemTotal:        4016004 kB
MemFree:          109172 kB
Active:           361324 kB
Mem:          3.8G       3.7G       106M       5.7M        26M       3.3G

MemTotal:        4016004 kB
MemFree:          130052 kB
Active:           361320 kB
Mem:          3.8G       3.7G       127M       5.7M        26M       3.2G

MemTotal:        4016004 kB
MemFree:          122836 kB
Active:           361352 kB
Mem:          3.8G       3.7G       120M       5.7M        26M       3.2G

MemTotal:        4016004 kB
MemFree:          111520 kB
Active:           361364 kB
Mem:          3.8G       3.7G       108M       5.7M        26M       3.3G

MemTotal:        4016004 kB
MemFree:          121156 kB
Active:           361380 kB
Mem:          3.8G       3.7G       117M       5.7M        26M       3.2G

MemTotal:        4016004 kB
MemFree:          114600 kB
Active:           361380 kB
Mem:          3.8G       3.7G       111M       5.7M        26M       3.3G

MemTotal:        4016004 kB
MemFree:          128064 kB
Active:           361328 kB
Mem:          3.8G       3.7G       124M       5.7M        26M       3.2G

MemTotal:        4016004 kB
MemFree:          112584 kB
Active:           359064 kB
Mem:          3.8G       3.7G       109M       5.7M        26M       3.3G

MemTotal:        4016004 kB
MemFree:          127796 kB
Active:           359044 kB
Mem:          3.8G       3.7G       124M       5.7M        26M       3.2G

MemTotal:        4016004 kB
MemFree:          123564 kB
Active:           359072 kB
Mem:          3.8G       3.7G       120M       5.7M        26M       3.2G

MemTotal:        4016004 kB
MemFree:          107740 kB
Active:           359072 kB
Mem:          3.8G       3.7G       104M       5.7M        26M       3.3G

MemTotal:        4016004 kB
MemFree:          113132 kB
Active:           359072 kB
Mem:          3.8G       3.7G       110M       5.7M        26M       3.2G

MemTotal:        4016004 kB
MemFree:          114696 kB
Active:           359076 kB
Mem:          3.8G       3.7G       112M       5.7M        26M       3.2G

MemTotal:        4016004 kB
MemFree:          105592 kB
Active:           359092 kB
Mem:          3.8G       3.7G       103M       5.7M        26M       3.3G

MemTotal:        4016004 kB
MemFree:          146316 kB
Active:           359092 kB
Mem:          3.8G       3.7G       142M       5.7M        26M       3.2G

MemTotal:        4016004 kB
MemFree:          114056 kB
Active:           359092 kB
Mem:          3.8G       3.7G       122M       5.7M        26M       3.2G

MemTotal:        4016004 kB
MemFree:          125064 kB
Active:           359096 kB
Mem:          3.8G       3.7G       122M       5.7M        26M       3.2G

MemTotal:        4016004 kB
MemFree:          109672 kB
Active:           359100 kB
Mem:          3.8G       3.7G       107M       5.7M        26M       3.3G

MemTotal:        4016004 kB
MemFree:          139080 kB
Active:           359116 kB
Mem:          3.8G       3.7G       135M       5.7M        26M       3.2G

MemTotal:        4016004 kB
MemFree:          134860 kB
Active:           359064 kB
Mem:          3.8G       3.7G       131M       5.7M        26M       3.2G

MemTotal:        4016004 kB
MemFree:          149476 kB
Active:           356100 kB
Mem:          3.8G       3.7G       146M       5.7M        26M       3.2G

MemTotal:        4016004 kB
MemFree:          128252 kB
Active:           356000 kB
Mem:          3.8G       3.7G       125M       5.7M        26M       3.2G

MemTotal:        4016004 kB
MemFree:          125528 kB
Active:           356000 kB
Mem:          3.8G       3.7G       122M       5.7M        26M       3.2G

MemTotal:        4016004 kB
MemFree:          122592 kB
Active:           355976 kB
Mem:          3.8G       3.7G       119M       5.7M        26M       3.2G

MemTotal:        4016004 kB
MemFree:          114068 kB
Active:           355996 kB
Mem:          3.8G       3.7G       111M       5.7M        26M       3.2G

MemTotal:        4016004 kB
MemFree:          127660 kB
Active:           356032 kB
Mem:          3.8G       3.7G       124M       5.7M        26M       3.2G

MemTotal:        4016004 kB
MemFree:          122624 kB
Active:           356044 kB
Mem:          3.8G       3.7G       119M       5.7M        26M       3.2G

MemTotal:        4016004 kB
MemFree:          128000 kB
Active:           356024 kB
Mem:          3.8G       3.7G       124M       5.7M        26M       3.2G

MemTotal:        4016004 kB
MemFree:          136396 kB
Active:           355996 kB
Mem:          3.8G       3.7G       132M       5.7M        26M       3.2G

MemTotal:        4016004 kB
MemFree:          128092 kB
Active:           356048 kB
Mem:          3.8G       3.7G       124M       5.7M        26M       3.2G

MemTotal:        4016004 kB
MemFree:          117720 kB
Active:           356044 kB
Mem:          3.8G       3.7G       114M       5.7M        26M       3.2G

MemTotal:        4016004 kB
MemFree:          122680 kB
Active:           356056 kB
Mem:          3.8G       3.7G       119M       5.7M        26M       3.2G

MemTotal:        4016004 kB
MemFree:          137732 kB
Active:           356016 kB
Mem:          3.8G       3.7G       134M       5.7M        26M       3.2G

MemTotal:        4016004 kB
MemFree:          133340 kB
Active:           356064 kB
Mem:          3.8G       3.7G       130M       5.7M        26M       3.2G

MemTotal:        4016004 kB
MemFree:          135984 kB
Active:           356064 kB
Mem:          3.8G       3.7G       132M       5.7M        26M       3.2G

MemTotal:        4016004 kB
MemFree:          131168 kB
Active:           352624 kB
Mem:          3.8G       3.7G       127M       5.7M        26M       3.2G

MemTotal:        4016004 kB
MemFree:          117036 kB
Active:           352496 kB
Mem:          3.8G       3.7G       113M       5.7M        26M       3.2G

MemTotal:        4016004 kB
MemFree:          116260 kB
Active:           352480 kB
Mem:          3.8G       3.7G       113M       5.7M        26M       3.2G

MemTotal:        4016004 kB
MemFree:          116756 kB
Active:           352520 kB
Mem:          3.8G       3.7G       113M       5.7M        26M       3.2G

MemTotal:        4016004 kB
MemFree:          116488 kB
Active:           352524 kB
Mem:          3.8G       3.7G       113M       5.7M        26M       3.2G

MemTotal:        4016004 kB
MemFree:          135744 kB
Active:           352524 kB
Mem:          3.8G       3.7G       132M       5.7M        26M       3.2G

MemTotal:        4016004 kB
MemFree:          125756 kB
Active:           352512 kB
Mem:          3.8G       3.7G       122M       5.7M        26M       3.2G

MemTotal:        4016004 kB
MemFree:          125208 kB
Active:           352528 kB
Mem:          3.8G       3.7G       122M       5.7M        26M       3.2G

MemTotal:        4016004 kB
MemFree:          111596 kB
Active:           352524 kB
Mem:          3.8G       3.7G       108M       5.7M        26M       3.2G

MemTotal:        4016004 kB
MemFree:          125632 kB
Active:           352536 kB
Mem:          3.8G       3.7G       122M       5.7M        26M       3.2G

MemTotal:        4016004 kB
MemFree:          133768 kB
Active:           352532 kB
Mem:          3.8G       3.7G       130M       5.7M        26M       3.2G

MemTotal:        4016004 kB
MemFree:          125360 kB
Active:           352492 kB
Mem:          3.8G       3.7G       122M       5.7M        26M       3.2G

MemTotal:        4016004 kB
MemFree:          127848 kB
Active:           352516 kB
Mem:          3.8G       3.7G       124M       5.7M        26M       3.2G

MemTotal:        4016004 kB
MemFree:          109164 kB
Active:           352404 kB
Mem:          3.8G       3.7G       106M       5.7M        26M       3.3G

MemTotal:        4016004 kB
MemFree:          108480 kB
Active:           352288 kB
Mem:          3.8G       3.7G       105M       5.7M        26M       3.3G

MemTotal:        4016004 kB
MemFree:          109024 kB
Active:           352232 kB
Mem:          3.8G       3.7G       106M       5.7M        26M       3.3G

MemTotal:        4016004 kB
MemFree:          108636 kB
Active:           352220 kB
Mem:          3.8G       3.7G       106M       5.7M        26M       3.3G

MemTotal:        4016004 kB
MemFree:          108528 kB
Active:           352240 kB
Mem:          3.8G       3.7G       105M       5.7M        26M       3.3G

MemTotal:        4016004 kB
MemFree:          108460 kB
Active:           352224 kB
Mem:          3.8G       3.7G       105M       5.7M        26M       3.3G

MemTotal:        4016004 kB
MemFree:          108144 kB
Active:           352244 kB
Mem:          3.8G       3.7G       105M       5.7M        26M       3.3G

MemTotal:        4016004 kB
MemFree:          108520 kB
Active:           352220 kB
Mem:          3.8G       3.7G       106M       5.7M        26M       3.3G

MemTotal:        4016004 kB
MemFree:          108680 kB
Active:           352244 kB
Mem:          3.8G       3.7G       106M       5.7M        26M       3.3G

MemTotal:        4016004 kB
MemFree:          108712 kB
Active:           352228 kB
Mem:          3.8G       3.7G       106M       5.7M        26M       3.3G

MemTotal:        4016004 kB
MemFree:          109332 kB
Active:           352260 kB
Mem:          3.8G       3.7G       106M       5.7M        26M       3.3G

MemTotal:        4016004 kB
MemFree:          109208 kB
Active:           352228 kB
Mem:          3.8G       3.7G       106M       5.7M        26M       3.3G

MemTotal:        4016004 kB
MemFree:          108588 kB
Active:           352292 kB
Mem:          3.8G       3.7G       106M       5.7M        26M       3.3G

MemTotal:        4016004 kB
MemFree:          108216 kB
Active:           352292 kB
Mem:          3.8G       3.7G       105M       5.7M        26M       3.3G

MemTotal:        4016004 kB
MemFree:          108588 kB
Active:           352264 kB
Mem:          3.8G       3.7G       105M       5.7M        26M       3.3G

MemTotal:        4016004 kB
MemFree:          108588 kB
Active:           352248 kB
Mem:          3.8G       3.7G       105M       5.7M        26M       3.3G

MemTotal:        4016004 kB
MemFree:          108464 kB
Active:           352264 kB
Mem:          3.8G       3.7G       105M       5.7M        26M       3.3G

MemTotal:        4016004 kB
MemFree:          108464 kB
Active:           352264 kB
Mem:          3.8G       3.7G       105M       5.7M        26M       3.3G

MemTotal:        4016004 kB
MemFree:          108836 kB
Active:           352280 kB
Mem:          3.8G       3.7G       106M       5.7M        26M       3.3G

MemTotal:        4016004 kB
MemFree:          108960 kB
Active:           352264 kB
Mem:          3.8G       3.7G       106M       5.7M        26M       3.3G

MemTotal:        4016004 kB
MemFree:          108464 kB
Active:           352300 kB
Mem:          3.8G       3.7G       106M       5.7M        26M       3.3G

MemTotal:        4016004 kB
MemFree:          109332 kB
Active:           352256 kB
Mem:          3.8G       3.7G       106M       5.7M        26M       3.3G

MemTotal:        4016004 kB
MemFree:          108588 kB
Active:           352272 kB
Mem:          3.8G       3.7G       106M       5.7M        26M       3.3G

MemTotal:        4016004 kB
MemFree:          108216 kB
Active:           352304 kB
Mem:          3.8G       3.7G       105M       5.7M        26M       3.3G

MemTotal:        4016004 kB
MemFree:          108836 kB
Active:           352296 kB
Mem:          3.8G       3.7G       106M       5.7M        26M       3.3G

MemTotal:        4016004 kB
MemFree:          108464 kB
Active:           352316 kB
Mem:          3.8G       3.7G       106M       5.7M        26M       3.3G

MemTotal:        4016004 kB
MemFree:          108464 kB
Active:           352316 kB
Mem:          3.8G       3.7G       106M       5.7M        26M       3.3G

MemTotal:        4016004 kB
MemFree:          108588 kB
Active:           352260 kB
Mem:          3.8G       3.7G       106M       5.7M        26M       3.3G

MemTotal:        4016004 kB
MemFree:          108588 kB
Active:           352292 kB
Mem:          3.8G       3.7G       105M       5.7M        26M       3.3G

MemTotal:        4016004 kB
MemFree:          109084 kB
Active:           352272 kB
Mem:          3.8G       3.7G       106M       5.7M        26M       3.3G

MemTotal:        4016004 kB
MemFree:          108712 kB
Active:           352324 kB
