MemTotal:        4016004 kB
MemFree:         3238220 kB
Active:           422596 kB
Mem:          3.8G       759M       3.1G       5.7M        57M       318M

MemTotal:        4016004 kB
MemFree:         3238672 kB
Active:           422652 kB
Mem:          3.8G       759M       3.1G       5.7M        57M       319M

MemTotal:        4016004 kB
MemFree:         3238268 kB
Active:           422736 kB
Mem:          3.8G       759M       3.1G       5.7M        57M       319M

MemTotal:        4016004 kB
MemFree:         3238500 kB
Active:           422680 kB
Mem:          3.8G       759M       3.1G       5.7M        57M       319M

MemTotal:        4016004 kB
MemFree:         3238632 kB
Active:           420728 kB
Mem:          3.8G       759M       3.1G       5.7M        57M       319M

MemTotal:        4016004 kB
MemFree:         3238340 kB
Active:           420688 kB
Mem:          3.8G       759M       3.1G       5.7M        57M       319M

MemTotal:        4016004 kB
MemFree:         3238712 kB
Active:           422688 kB
Mem:          3.8G       759M       3.1G       5.7M        57M       319M

MemTotal:        4016004 kB
MemFree:         3238656 kB
Active:           422724 kB
Mem:          3.8G       759M       3.1G       5.7M        57M       319M

MemTotal:        4016004 kB
MemFree:         3238284 kB
Active:           422744 kB
Mem:          3.8G       759M       3.1G       5.7M        57M       319M

MemTotal:        4016004 kB
MemFree:         3238292 kB
Active:           422744 kB
Mem:          3.8G       759M       3.1G       5.7M        57M       319M

MemTotal:        4016004 kB
MemFree:         3238292 kB
Active:           422752 kB
Mem:          3.8G       759M       3.1G       5.7M        57M       319M

MemTotal:        4016004 kB
MemFree:         3237920 kB
Active:           422752 kB
Mem:          3.8G       759M       3.1G       5.7M        57M       319M

MemTotal:        4016004 kB
MemFree:         3238044 kB
Active:           422752 kB
Mem:          3.8G       759M       3.1G       5.7M        57M       319M

MemTotal:        4016004 kB
MemFree:         3238664 kB
Active:           422704 kB
Mem:          3.8G       759M       3.1G       5.7M        57M       319M

MemTotal:        4016004 kB
MemFree:         3238324 kB
Active:           422752 kB
Mem:          3.8G       759M       3.1G       5.7M        57M       319M

MemTotal:        4016004 kB
MemFree:         3238820 kB
Active:           422728 kB
Mem:          3.8G       759M       3.1G       5.7M        57M       319M

MemTotal:        4016004 kB
MemFree:         3238804 kB
Active:           422708 kB
Mem:          3.8G       758M       3.1G       5.7M        57M       319M

MemTotal:        4016004 kB
MemFree:         3238480 kB
Active:           422752 kB
Mem:          3.8G       759M       3.1G       5.7M        57M       319M

MemTotal:        4016004 kB
MemFree:         3238480 kB
Active:           422752 kB
Mem:          3.8G       759M       3.1G       5.7M        57M       319M

MemTotal:        4016004 kB
MemFree:         3238480 kB
Active:           422732 kB
Mem:          3.8G       759M       3.1G       5.7M        57M       319M

MemTotal:        4016004 kB
MemFree:         3238232 kB
Active:           422760 kB
Mem:          3.8G       759M       3.1G       5.7M        57M       319M

MemTotal:        4016004 kB
MemFree:         3238340 kB
Active:           422740 kB
Mem:          3.8G       759M       3.1G       5.7M        57M       319M

MemTotal:        4016004 kB
MemFree:         3238820 kB
Active:           422716 kB
Mem:          3.8G       759M       3.1G       5.7M        57M       319M

MemTotal:        4016004 kB
MemFree:         3238308 kB
Active:           422760 kB
Mem:          3.8G       759M       3.1G       5.7M        57M       319M

MemTotal:        4016004 kB
MemFree:         3238116 kB
Active:           420756 kB
Mem:          3.8G       759M       3.1G       5.7M        57M       319M

MemTotal:        4016004 kB
MemFree:         3238648 kB
Active:           422720 kB
Mem:          3.8G       759M       3.1G       5.7M        57M       319M

MemTotal:        4016004 kB
MemFree:         3238276 kB
Active:           422772 kB
Mem:          3.8G       759M       3.1G       5.7M        57M       319M

MemTotal:        4016004 kB
MemFree:         3238772 kB
Active:           422724 kB
Mem:          3.8G       759M       3.1G       5.7M        57M       319M

MemTotal:        4016004 kB
MemFree:         3238772 kB
Active:           422728 kB
Mem:          3.8G       759M       3.1G       5.7M        57M       319M

MemTotal:        4016004 kB
MemFree:         3238400 kB
Active:           422792 kB
Mem:          3.8G       759M       3.1G       5.7M        57M       319M

MemTotal:        4016004 kB
MemFree:         3238524 kB
Active:           422792 kB
Mem:          3.8G       759M       3.1G       5.7M        57M       319M

MemTotal:        4016004 kB
MemFree:         3238600 kB
Active:           422744 kB
Mem:          3.8G       759M       3.1G       5.7M        57M       319M

MemTotal:        4016004 kB
MemFree:         3238552 kB
Active:           422764 kB
Mem:          3.8G       759M       3.1G       5.7M        57M       319M

MemTotal:        4016004 kB
MemFree:         3238648 kB
Active:           422792 kB
Mem:          3.8G       759M       3.1G       5.7M        57M       319M

MemTotal:        4016004 kB
MemFree:         3238648 kB
Active:           422796 kB
Mem:          3.8G       759M       3.1G       5.7M        57M       319M

MemTotal:        4016004 kB
MemFree:         3238152 kB
Active:           422800 kB
Mem:          3.8G       759M       3.1G       5.7M        57M       319M

MemTotal:        4016004 kB
MemFree:         3238136 kB
Active:           422812 kB
Mem:          3.8G       759M       3.1G       5.7M        57M       319M

MemTotal:        4016004 kB
MemFree:         3238368 kB
Active:           422796 kB
Mem:          3.8G       759M       3.1G       5.7M        57M       319M

MemTotal:        4016004 kB
MemFree:         3238400 kB
Active:           422796 kB
Mem:          3.8G       759M       3.1G       5.7M        57M       319M

MemTotal:        4016004 kB
MemFree:         3238772 kB
Active:           422812 kB
Mem:          3.8G       759M       3.1G       5.7M        57M       319M

MemTotal:        4016004 kB
MemFree:         3238276 kB
Active:           422820 kB
Mem:          3.8G       759M       3.1G       5.7M        57M       319M

MemTotal:        4016004 kB
MemFree:         3238772 kB
Active:           422808 kB
Mem:          3.8G       759M       3.1G       5.7M        57M       319M

MemTotal:        4016004 kB
MemFree:         3238152 kB
Active:           422832 kB
Mem:          3.8G       759M       3.1G       5.7M        57M       319M

MemTotal:        4016004 kB
MemFree:         3238648 kB
Active:           422804 kB
Mem:          3.8G       759M       3.1G       5.7M        57M       319M

MemTotal:        4016004 kB
MemFree:         3238756 kB
Active:           422784 kB
Mem:          3.8G       759M       3.1G       5.7M        57M       319M

MemTotal:        4016004 kB
MemFree:         3238864 kB
Active:           422796 kB
Mem:          3.8G       758M       3.1G       5.7M        57M       319M

MemTotal:        4016004 kB
MemFree:         3238772 kB
Active:           422808 kB
Mem:          3.8G       759M       3.1G       5.7M        57M       319M

MemTotal:        4016004 kB
MemFree:         3238648 kB
Active:           422804 kB
Mem:          3.8G       759M       3.1G       5.7M        57M       319M

MemTotal:        4016004 kB
MemFree:         3238524 kB
Active:           422808 kB
Mem:          3.8G       759M       3.1G       5.7M        57M       319M

MemTotal:        4016004 kB
MemFree:         3238276 kB
Active:           422840 kB
Mem:          3.8G       759M       3.1G       5.7M        57M       319M

MemTotal:        4016004 kB
MemFree:         3238648 kB
Active:           422808 kB
Mem:          3.8G       759M       3.1G       5.7M        57M       319M

MemTotal:        4016004 kB
MemFree:         3238260 kB
Active:           422844 kB
Mem:          3.8G       759M       3.1G       5.7M        57M       319M

MemTotal:        4016004 kB
MemFree:         3238492 kB
Active:           422864 kB
Mem:          3.8G       759M       3.1G       5.7M        57M       319M

MemTotal:        4016004 kB
MemFree:         3238524 kB
Active:           422864 kB
Mem:          3.8G       759M       3.1G       5.7M        57M       319M

MemTotal:        4016004 kB
MemFree:         3236352 kB
Active:           422848 kB
Mem:          3.8G       761M       3.1G       5.7M        57M       319M

MemTotal:        4016004 kB
MemFree:         3236476 kB
Active:           424872 kB
Mem:          3.8G       761M       3.1G       5.7M        57M       319M

MemTotal:        4016004 kB
MemFree:         3235980 kB
Active:           424900 kB
Mem:          3.8G       761M       3.1G       5.7M        57M       319M

MemTotal:        4016004 kB
MemFree:         3235980 kB
Active:           424900 kB
Mem:          3.8G       761M       3.1G       5.7M        57M       319M

MemTotal:        4016004 kB
MemFree:         3236492 kB
Active:           424900 kB
Mem:          3.8G       761M       3.1G       5.7M        57M       319M

MemTotal:        4016004 kB
MemFree:         3236616 kB
Active:           424884 kB
Mem:          3.8G       761M       3.1G       5.7M        57M       319M

MemTotal:        4016004 kB
MemFree:         3236368 kB
Active:           424880 kB
Mem:          3.8G       761M       3.1G       5.7M        57M       319M

MemTotal:        4016004 kB
MemFree:         3236088 kB
Active:           424900 kB
Mem:          3.8G       761M       3.1G       5.7M        57M       319M

MemTotal:        4016004 kB
MemFree:         3236492 kB
Active:           424872 kB
Mem:          3.8G       761M       3.1G       5.7M        57M       319M

MemTotal:        4016004 kB
MemFree:         3236368 kB
Active:           424896 kB
Mem:          3.8G       761M       3.1G       5.7M        57M       319M

MemTotal:        4016004 kB
MemFree:         3236492 kB
Active:           424872 kB
Mem:          3.8G       761M       3.1G       5.7M        57M       319M

MemTotal:        4016004 kB
MemFree:         3236492 kB
Active:           424864 kB
Mem:          3.8G       761M       3.1G       5.7M        57M       319M

MemTotal:        4016004 kB
MemFree:         3236492 kB
Active:           424888 kB
Mem:          3.8G       761M       3.1G       5.7M        57M       319M

MemTotal:        4016004 kB
MemFree:         3236336 kB
Active:           424852 kB
Mem:          3.8G       761M       3.1G       5.7M        57M       319M

MemTotal:        4016004 kB
MemFree:         3236120 kB
Active:           424908 kB
Mem:          3.8G       761M       3.1G       5.7M        57M       319M

MemTotal:        4016004 kB
MemFree:         3236244 kB
Active:           424852 kB
Mem:          3.8G       761M       3.1G       5.7M        57M       319M

MemTotal:        4016004 kB
MemFree:         3236244 kB
Active:           424868 kB
Mem:          3.8G       761M       3.1G       5.7M        57M       319M

MemTotal:        4016004 kB
MemFree:         3235624 kB
Active:           424912 kB
Mem:          3.8G       761M       3.1G       5.7M        57M       319M

MemTotal:        4016004 kB
MemFree:         3236228 kB
Active:           424904 kB
Mem:          3.8G       761M       3.1G       5.7M        57M       319M

MemTotal:        4016004 kB
MemFree:         3235076 kB
Active:           422960 kB
Mem:          3.8G       762M       3.1G       5.7M        57M       319M

MemTotal:        4016004 kB
MemFree:         3235684 kB
Active:           424896 kB
Mem:          3.8G       762M       3.1G       5.7M        57M       319M

MemTotal:        4016004 kB
MemFree:         3235684 kB
Active:           424896 kB
Mem:          3.8G       762M       3.1G       5.7M        57M       319M

MemTotal:        4016004 kB
MemFree:         3235312 kB
Active:           424924 kB
Mem:          3.8G       762M       3.1G       5.7M        57M       319M

MemTotal:        4016004 kB
MemFree:         3236180 kB
Active:           424912 kB
Mem:          3.8G       761M       3.1G       5.7M        57M       319M

MemTotal:        4016004 kB
MemFree:         3236304 kB
Active:           424896 kB
Mem:          3.8G       761M       3.1G       5.7M        57M       319M

MemTotal:        4016004 kB
MemFree:         3236272 kB
Active:           424904 kB
Mem:          3.8G       761M       3.1G       5.7M        57M       319M

MemTotal:        4016004 kB
MemFree:         3236428 kB
Active:           424892 kB
Mem:          3.8G       761M       3.1G       5.7M        57M       319M

MemTotal:        4016004 kB
MemFree:         3236304 kB
Active:           424904 kB
Mem:          3.8G       761M       3.1G       5.7M        57M       319M

MemTotal:        4016004 kB
MemFree:         3236056 kB
Active:           424924 kB
Mem:          3.8G       761M       3.1G       5.7M        57M       319M

MemTotal:        4016004 kB
MemFree:         3236428 kB
Active:           424912 kB
Mem:          3.8G       761M       3.1G       5.7M        57M       319M

MemTotal:        4016004 kB
MemFree:         3236164 kB
Active:           424920 kB
Mem:          3.8G       761M       3.1G       5.7M        57M       319M

MemTotal:        4016004 kB
MemFree:         3236272 kB
Active:           424920 kB
Mem:          3.8G       761M       3.1G       5.7M        57M       319M

MemTotal:        4016004 kB
MemFree:         3236180 kB
Active:           424924 kB
Mem:          3.8G       761M       3.1G       5.7M        57M       319M

MemTotal:        4016004 kB
MemFree:         3236304 kB
Active:           424876 kB
Mem:          3.8G       761M       3.1G       5.7M        57M       319M

MemTotal:        4016004 kB
MemFree:         3235808 kB
Active:           424944 kB
Mem:          3.8G       761M       3.1G       5.7M        57M       319M

MemTotal:        4016004 kB
MemFree:         3235560 kB
Active:           424944 kB
Mem:          3.8G       762M       3.1G       5.7M        57M       319M

MemTotal:        4016004 kB
MemFree:         3235932 kB
Active:           424916 kB
Mem:          3.8G       762M       3.1G       5.7M        57M       319M

MemTotal:        4016004 kB
MemFree:         3235560 kB
Active:           424948 kB
Mem:          3.8G       762M       3.1G       5.7M        57M       319M

MemTotal:        4016004 kB
MemFree:         3235932 kB
Active:           424920 kB
Mem:          3.8G       761M       3.1G       5.7M        57M       319M

MemTotal:        4016004 kB
MemFree:         3233884 kB
Active:           424920 kB
Mem:          3.8G       763M       3.1G       5.7M        57M       319M

MemTotal:        4016004 kB
MemFree:         3233992 kB
Active:           426984 kB
Mem:          3.8G       763M       3.1G       5.7M        57M       319M

MemTotal:        4016004 kB
MemFree:         3233992 kB
Active:           426984 kB
Mem:          3.8G       763M       3.1G       5.7M        57M       319M

MemTotal:        4016004 kB
MemFree:         3234100 kB
Active:           426948 kB
Mem:          3.8G       763M       3.1G       5.7M        57M       319M

MemTotal:        4016004 kB
MemFree:         3233728 kB
Active:           426988 kB
Mem:          3.8G       763M       3.1G       5.7M        57M       319M

MemTotal:        4016004 kB
MemFree:         3233760 kB
Active:           426976 kB
Mem:          3.8G       763M       3.1G       5.7M        57M       319M

MemTotal:        4016004 kB
MemFree:         3233884 kB
Active:           426932 kB
Mem:          3.8G       763M       3.1G       5.7M        57M       319M

MemTotal:        4016004 kB
MemFree:         3233852 kB
Active:           426964 kB
Mem:          3.8G       763M       3.1G       5.7M        57M       319M

MemTotal:        4016004 kB
MemFree:         3233636 kB
Active:           426988 kB
Mem:          3.8G       764M       3.1G       5.7M        57M       319M

MemTotal:        4016004 kB
MemFree:         3234008 kB
Active:           426960 kB
Mem:          3.8G       763M       3.1G       5.7M        57M       319M

MemTotal:        4016004 kB
MemFree:         3233324 kB
Active:           424960 kB
Mem:          3.8G       763M       3.1G       5.7M        57M       319M

MemTotal:        4016004 kB
MemFree:         3233820 kB
Active:           427012 kB
Mem:          3.8G       763M       3.1G       5.7M        57M       319M

MemTotal:        4016004 kB
MemFree:         3234036 kB
Active:           426996 kB
Mem:          3.8G       763M       3.1G       5.7M        57M       319M

MemTotal:        4016004 kB
MemFree:         3233648 kB
Active:           427012 kB
Mem:          3.8G       763M       3.1G       5.7M        57M       319M

MemTotal:        4016004 kB
MemFree:         3233572 kB
Active:           427012 kB
Mem:          3.8G       763M       3.1G       5.7M        57M       319M

MemTotal:        4016004 kB
MemFree:         3234068 kB
Active:           426972 kB
Mem:          3.8G       763M       3.1G       5.7M        57M       319M

MemTotal:        4016004 kB
MemFree:         3233696 kB
Active:           427012 kB
Mem:          3.8G       763M       3.1G       5.7M        57M       319M

MemTotal:        4016004 kB
MemFree:         3233572 kB
Active:           427020 kB
Mem:          3.8G       764M       3.1G       5.7M        57M       319M

MemTotal:        4016004 kB
MemFree:         3233820 kB
Active:           427020 kB
Mem:          3.8G       763M       3.1G       5.7M        57M       319M

MemTotal:        4016004 kB
MemFree:         3233572 kB
Active:           427028 kB
Mem:          3.8G       763M       3.1G       5.7M        57M       319M

MemTotal:        4016004 kB
MemFree:         3233572 kB
Active:           427028 kB
Mem:          3.8G       763M       3.1G       5.7M        57M       319M

MemTotal:        4016004 kB
MemFree:         3233820 kB
Active:           426992 kB
Mem:          3.8G       763M       3.1G       5.7M        57M       319M

MemTotal:        4016004 kB
MemFree:         3234192 kB
Active:           426984 kB
Mem:          3.8G       763M       3.1G       5.7M        57M       319M

MemTotal:        4016004 kB
MemFree:         3234176 kB
Active:           426980 kB
Mem:          3.8G       763M       3.1G       5.7M        57M       319M

MemTotal:        4016004 kB
MemFree:         3234036 kB
Active:           427044 kB
Mem:          3.8G       763M       3.1G       5.7M        57M       319M

MemTotal:        4016004 kB
MemFree:         3234144 kB
Active:           427000 kB
Mem:          3.8G       763M       3.1G       5.7M        57M       319M

MemTotal:        4016004 kB
MemFree:         3233912 kB
Active:           427044 kB
Mem:          3.8G       763M       3.1G       5.7M        57M       319M

MemTotal:        4016004 kB
MemFree:         3234284 kB
Active:           427000 kB
Mem:          3.8G       763M       3.1G       5.7M        57M       319M

MemTotal:        4016004 kB
MemFree:         3234408 kB
Active:           427008 kB
Mem:          3.8G       763M       3.1G       5.7M        57M       319M

MemTotal:        4016004 kB
MemFree:         3234036 kB
Active:           427044 kB
Mem:          3.8G       763M       3.1G       5.7M        57M       319M

MemTotal:        4016004 kB
MemFree:         3233600 kB
Active:           424996 kB
Mem:          3.8G       764M       3.1G       5.7M        57M       319M

MemTotal:        4016004 kB
MemFree:         3233972 kB
Active:           427004 kB
Mem:          3.8G       763M       3.1G       5.7M        57M       319M

MemTotal:        4016004 kB
MemFree:         3233848 kB
Active:           427048 kB
Mem:          3.8G       763M       3.1G       5.7M        57M       319M

MemTotal:        4016004 kB
MemFree:         3233848 kB
Active:           427048 kB
Mem:          3.8G       763M       3.1G       5.7M        57M       319M

MemTotal:        4016004 kB
MemFree:         3233832 kB
Active:           427012 kB
Mem:          3.8G       763M       3.1G       5.7M        57M       319M

MemTotal:        4016004 kB
MemFree:         3233896 kB
Active:           427056 kB
Mem:          3.8G       763M       3.1G       5.7M        57M       319M

MemTotal:        4016004 kB
MemFree:         3233896 kB
Active:           427000 kB
Mem:          3.8G       763M       3.1G       5.7M        57M       319M

MemTotal:        4016004 kB
MemFree:         3233896 kB
Active:           427012 kB
Mem:          3.8G       763M       3.1G       5.7M        57M       319M

MemTotal:        4016004 kB
MemFree:         3234020 kB
Active:           427000 kB
Mem:          3.8G       763M       3.1G       5.7M        57M       319M

MemTotal:        4016004 kB
MemFree:         3233124 kB
Active:           425076 kB
Mem:          3.8G       764M       3.1G       5.7M        57M       319M

MemTotal:        4016004 kB
MemFree:         3233728 kB
Active:           427032 kB
Mem:          3.8G       763M       3.1G       5.7M        57M       319M

MemTotal:        4016004 kB
MemFree:         3233216 kB
Active:           427056 kB
Mem:          3.8G       764M       3.1G       5.7M        57M       319M

MemTotal:        4016004 kB
MemFree:         3233464 kB
Active:           427008 kB
Mem:          3.8G       764M       3.1G       5.7M        57M       319M

MemTotal:        4016004 kB
MemFree:         3233572 kB
Active:           427020 kB
Mem:          3.8G       764M       3.1G       5.7M        57M       319M

MemTotal:        4016004 kB
MemFree:         3233604 kB
Active:           427064 kB
Mem:          3.8G       763M       3.1G       5.7M        57M       319M

MemTotal:        4016004 kB
MemFree:         3234224 kB
Active:           427024 kB
Mem:          3.8G       763M       3.1G       5.7M        57M       319M

MemTotal:        4016004 kB
MemFree:         3234100 kB
Active:           427032 kB
Mem:          3.8G       763M       3.1G       5.7M        57M       319M

MemTotal:        4016004 kB
MemFree:         3234100 kB
Active:           427032 kB
Mem:          3.8G       763M       3.1G       5.7M        57M       319M

MemTotal:        4016004 kB
MemFree:         3233604 kB
Active:           427080 kB
Mem:          3.8G       763M       3.1G       5.7M        57M       319M

MemTotal:        4016004 kB
MemFree:         3233104 kB
Active:           425056 kB
Mem:          3.8G       764M       3.1G       5.7M        57M       319M

MemTotal:        4016004 kB
MemFree:         3234044 kB
Active:           427040 kB
Mem:          3.8G       763M       3.1G       5.7M        57M       319M

MemTotal:        4016004 kB
MemFree:         3233920 kB
Active:           427056 kB
Mem:          3.8G       763M       3.1G       5.7M        57M       319M

MemTotal:        4016004 kB
MemFree:         3233548 kB
Active:           427080 kB
Mem:          3.8G       764M       3.1G       5.7M        57M       319M

MemTotal:        4016004 kB
MemFree:         3233424 kB
Active:           427048 kB
Mem:          3.8G       764M       3.1G       5.7M        57M       319M

MemTotal:        4016004 kB
MemFree:         3233688 kB
Active:           427064 kB
Mem:          3.8G       763M       3.1G       5.7M        57M       319M

MemTotal:        4016004 kB
MemFree:         3233936 kB
Active:           427092 kB
Mem:          3.8G       763M       3.1G       5.7M        57M       319M

MemTotal:        4016004 kB
MemFree:         3234184 kB
Active:           427068 kB
Mem:          3.8G       763M       3.1G       5.7M        57M       319M

MemTotal:        4016004 kB
MemFree:         3234184 kB
Active:           427060 kB
Mem:          3.8G       763M       3.1G       5.7M        57M       319M

MemTotal:        4016004 kB
MemFree:         3233812 kB
Active:           427092 kB
Mem:          3.8G       763M       3.1G       5.7M        57M       319M

MemTotal:        4016004 kB
MemFree:         3233252 kB
Active:           425076 kB
Mem:          3.8G       764M       3.1G       5.7M        57M       319M

MemTotal:        4016004 kB
MemFree:         3233808 kB
Active:           427060 kB
Mem:          3.8G       763M       3.1G       5.7M        57M       319M

MemTotal:        4016004 kB
MemFree:         3233684 kB
Active:           427116 kB
Mem:          3.8G       763M       3.1G       5.7M        57M       319M

MemTotal:        4016004 kB
MemFree:         3233932 kB
Active:           427088 kB
Mem:          3.8G       763M       3.1G       5.7M        57M       319M

MemTotal:        4016004 kB
MemFree:         3233932 kB
Active:           427108 kB
Mem:          3.8G       763M       3.1G       5.7M        57M       319M

MemTotal:        4016004 kB
MemFree:         3233684 kB
Active:           427120 kB
Mem:          3.8G       763M       3.1G       5.7M        57M       319M

MemTotal:        4016004 kB
MemFree:         3233932 kB
Active:           427080 kB
Mem:          3.8G       763M       3.1G       5.7M        57M       319M

MemTotal:        4016004 kB
MemFree:         3234072 kB
Active:           427112 kB
Mem:          3.8G       763M       3.1G       5.7M        57M       319M

MemTotal:        4016004 kB
MemFree:         3233700 kB
Active:           427124 kB
Mem:          3.8G       764M       3.1G       5.7M        57M       319M

MemTotal:        4016004 kB
MemFree:         3233700 kB
Active:           427124 kB
Mem:          3.8G       764M       3.1G       5.7M        57M       319M

MemTotal:        4016004 kB
MemFree:         3231808 kB
Active:           427092 kB
Mem:          3.8G       765M       3.1G       5.7M        57M       319M

MemTotal:        4016004 kB
MemFree:         3232196 kB
Active:           429108 kB
Mem:          3.8G       765M       3.1G       5.7M        57M       319M

MemTotal:        4016004 kB
MemFree:         3231700 kB
Active:           429152 kB
Mem:          3.8G       765M       3.1G       5.7M        57M       319M

MemTotal:        4016004 kB
MemFree:         3232196 kB
Active:           429120 kB
Mem:          3.8G       765M       3.1G       5.7M        57M       319M

MemTotal:        4016004 kB
MemFree:         3232196 kB
Active:           429132 kB
Mem:          3.8G       765M       3.1G       5.7M        57M       319M

MemTotal:        4016004 kB
MemFree:         3231948 kB
Active:           429160 kB
Mem:          3.8G       765M       3.1G       5.7M        57M       319M

MemTotal:        4016004 kB
MemFree:         3232272 kB
Active:           429140 kB
Mem:          3.8G       765M       3.1G       5.7M        57M       319M

MemTotal:        4016004 kB
MemFree:         3232320 kB
Active:           429152 kB
Mem:          3.8G       765M       3.1G       5.7M        57M       319M

MemTotal:        4016004 kB
MemFree:         3232320 kB
Active:           429132 kB
Mem:          3.8G       765M       3.1G       5.7M        57M       319M

MemTotal:        4016004 kB
MemFree:         3232196 kB
Active:           429132 kB
Mem:          3.8G       765M       3.1G       5.7M        57M       319M

MemTotal:        4016004 kB
MemFree:         3231948 kB
Active:           429168 kB
Mem:          3.8G       765M       3.1G       5.7M        57M       319M

MemTotal:        4016004 kB
MemFree:         3232072 kB
Active:           429132 kB
Mem:          3.8G       765M       3.1G       5.7M        57M       319M

MemTotal:        4016004 kB
MemFree:         3232072 kB
Active:           429112 kB
Mem:          3.8G       765M       3.1G       5.7M        57M       319M

MemTotal:        4016004 kB
MemFree:         3232212 kB
Active:           429000 kB
Mem:          3.8G       765M       3.1G       5.7M        57M       319M

MemTotal:        4016004 kB
MemFree:         3232088 kB
Active:           428972 kB
Mem:          3.8G       765M       3.1G       5.7M        57M       319M

MemTotal:        4016004 kB
MemFree:         3232336 kB
Active:           428952 kB
Mem:          3.8G       765M       3.1G       5.7M        57M       319M

MemTotal:        4016004 kB
MemFree:         3232088 kB
Active:           429004 kB
Mem:          3.8G       765M       3.1G       5.7M        57M       319M

MemTotal:        4016004 kB
MemFree:         3231592 kB
Active:           429008 kB
Mem:          3.8G       766M       3.1G       5.7M        57M       319M

MemTotal:        4016004 kB
MemFree:         3231840 kB
Active:           428988 kB
Mem:          3.8G       765M       3.1G       5.7M        57M       319M

MemTotal:        4016004 kB
MemFree:         3231964 kB
Active:           428996 kB
Mem:          3.8G       765M       3.1G       5.7M        57M       319M

MemTotal:        4016004 kB
MemFree:         3231404 kB
Active:           426960 kB
Mem:          3.8G       765M       3.1G       5.7M        57M       319M

MemTotal:        4016004 kB
MemFree:         3232024 kB
Active:           428980 kB
Mem:          3.8G       765M       3.1G       5.7M        57M       319M

MemTotal:        4016004 kB
MemFree:         3231528 kB
Active:           429016 kB
Mem:          3.8G       765M       3.1G       5.7M        57M       319M

MemTotal:        4016004 kB
MemFree:         3232024 kB
Active:           428964 kB
Mem:          3.8G       765M       3.1G       5.7M        58M       319M

MemTotal:        4016004 kB
MemFree:         3232024 kB
Active:           428984 kB
Mem:          3.8G       765M       3.1G       5.7M        58M       319M

MemTotal:        4016004 kB
MemFree:         3231776 kB
Active:           428992 kB
Mem:          3.8G       765M       3.1G       5.7M        58M       319M

MemTotal:        4016004 kB
MemFree:         3232396 kB
Active:           429012 kB
Mem:          3.8G       765M       3.1G       5.7M        58M       319M

MemTotal:        4016004 kB
MemFree:         3232644 kB
Active:           429016 kB
Mem:          3.8G       765M       3.1G       5.7M        58M       319M

MemTotal:        4016004 kB
MemFree:         3231776 kB
Active:           429028 kB
Mem:          3.8G       765M       3.1G       5.7M        58M       319M

MemTotal:        4016004 kB
MemFree:         3232148 kB
Active:           428984 kB
Mem:          3.8G       765M       3.1G       5.7M        58M       319M

MemTotal:        4016004 kB
MemFree:         3232272 kB
Active:           428984 kB
Mem:          3.8G       765M       3.1G       5.7M        58M       319M

MemTotal:        4016004 kB
MemFree:         3232024 kB
Active:           429040 kB
Mem:          3.8G       765M       3.1G       5.7M        58M       319M

MemTotal:        4016004 kB
MemFree:         3232272 kB
Active:           428988 kB
Mem:          3.8G       765M       3.1G       5.7M        58M       319M

MemTotal:        4016004 kB
MemFree:         3232272 kB
Active:           428996 kB
Mem:          3.8G       765M       3.1G       5.7M        58M       319M

MemTotal:        4016004 kB
MemFree:         3232644 kB
Active:           429004 kB
Mem:          3.8G       765M       3.1G       5.7M        58M       319M

MemTotal:        4016004 kB
MemFree:         3232396 kB
Active:           428996 kB
Mem:          3.8G       765M       3.1G       5.7M        58M       319M

MemTotal:        4016004 kB
MemFree:         3232024 kB
Active:           429052 kB
Mem:          3.8G       765M       3.1G       5.7M        58M       319M

MemTotal:        4016004 kB
MemFree:         3231652 kB
Active:           429052 kB
Mem:          3.8G       765M       3.1G       5.7M        58M       319M

MemTotal:        4016004 kB
MemFree:         3232148 kB
Active:           429016 kB
Mem:          3.8G       765M       3.1G       5.7M        58M       319M

MemTotal:        4016004 kB
MemFree:         3231456 kB
Active:           427088 kB
Mem:          3.8G       765M       3.1G       5.7M        58M       319M

MemTotal:        4016004 kB
MemFree:         3232208 kB
Active:           429044 kB
Mem:          3.8G       765M       3.1G       5.7M        58M       319M

MemTotal:        4016004 kB
MemFree:         3231836 kB
Active:           429020 kB
Mem:          3.8G       765M       3.1G       5.7M        58M       319M

MemTotal:        4016004 kB
MemFree:         3232456 kB
Active:           429024 kB
Mem:          3.8G       765M       3.1G       5.7M        58M       319M

MemTotal:        4016004 kB
MemFree:         3232456 kB
Active:           429024 kB
Mem:          3.8G       765M       3.1G       5.7M        58M       319M

MemTotal:        4016004 kB
MemFree:         3232316 kB
Active:           429064 kB
Mem:          3.8G       765M       3.1G       5.7M        58M       319M

MemTotal:        4016004 kB
MemFree:         3231944 kB
Active:           429084 kB
Mem:          3.8G       765M       3.1G       5.7M        58M       319M

MemTotal:        4016004 kB
MemFree:         3232068 kB
Active:           429088 kB
Mem:          3.8G       765M       3.1G       5.7M        58M       319M

MemTotal:        4016004 kB
MemFree:         3232440 kB
Active:           429068 kB
Mem:          3.8G       765M       3.1G       5.7M        58M       319M

MemTotal:        4016004 kB
MemFree:         3232440 kB
Active:           429032 kB
Mem:          3.8G       765M       3.1G       5.7M        58M       319M

MemTotal:        4016004 kB
MemFree:         3231576 kB
Active:           427168 kB
Mem:          3.8G       766M       3.1G       5.7M        58M       319M

MemTotal:        4016004 kB
MemFree:         3231880 kB
Active:           429092 kB
Mem:          3.8G       765M       3.1G       5.7M        58M       319M

MemTotal:        4016004 kB
MemFree:         3232004 kB
Active:           429068 kB
Mem:          3.8G       765M       3.1G       5.7M        58M       319M

MemTotal:        4016004 kB
MemFree:         3231756 kB
Active:           429096 kB
Mem:          3.8G       765M       3.1G       5.7M        58M       319M

MemTotal:        4016004 kB
MemFree:         3231880 kB
Active:           429096 kB
Mem:          3.8G       765M       3.1G       5.7M        58M       319M

MemTotal:        4016004 kB
MemFree:         3231880 kB
Active:           429068 kB
Mem:          3.8G       765M       3.1G       5.7M        58M       319M

MemTotal:        4016004 kB
MemFree:         3232128 kB
Active:           429092 kB
Mem:          3.8G       765M       3.1G       5.7M        58M       319M

MemTotal:        4016004 kB
MemFree:         3231632 kB
Active:           429096 kB
Mem:          3.8G       765M       3.1G       5.7M        58M       319M

MemTotal:        4016004 kB
MemFree:         3231632 kB
Active:           429096 kB
Mem:          3.8G       765M       3.1G       5.7M        58M       319M

MemTotal:        4016004 kB
MemFree:         3232252 kB
Active:           429088 kB
Mem:          3.8G       765M       3.1G       5.7M        58M       319M

MemTotal:        4016004 kB
MemFree:         3232004 kB
Active:           429104 kB
Mem:          3.8G       765M       3.1G       5.7M        58M       319M

MemTotal:        4016004 kB
MemFree:         3232252 kB
Active:           429100 kB
Mem:          3.8G       765M       3.1G       5.7M        58M       319M

MemTotal:        4016004 kB
MemFree:         3232128 kB
Active:           429060 kB
Mem:          3.8G       765M       3.1G       5.7M        58M       319M

MemTotal:        4016004 kB
MemFree:         3232004 kB
Active:           429116 kB
Mem:          3.8G       765M       3.1G       5.7M        58M       319M

MemTotal:        4016004 kB
MemFree:         3232252 kB
Active:           429076 kB
Mem:          3.8G       765M       3.1G       5.7M        58M       319M

MemTotal:        4016004 kB
MemFree:         3232252 kB
Active:           429104 kB
Mem:          3.8G       765M       3.1G       5.7M        58M       319M

MemTotal:        4016004 kB
MemFree:         3231880 kB
Active:           429116 kB
Mem:          3.8G       765M       3.1G       5.7M        58M       319M

MemTotal:        4016004 kB
MemFree:         3232252 kB
Active:           429088 kB
Mem:          3.8G       765M       3.1G       5.7M        58M       319M

MemTotal:        4016004 kB
MemFree:         3232376 kB
Active:           429096 kB
Mem:          3.8G       765M       3.1G       5.7M        58M       319M

MemTotal:        4016004 kB
MemFree:         3232004 kB
Active:           429124 kB
Mem:          3.8G       765M       3.1G       5.7M        58M       319M

MemTotal:        4016004 kB
MemFree:         3231732 kB
Active:           427228 kB
Mem:          3.8G       765M       3.1G       5.7M        58M       319M

MemTotal:        4016004 kB
MemFree:         3231816 kB
Active:           429104 kB
Mem:          3.8G       765M       3.1G       5.7M        58M       319M

MemTotal:        4016004 kB
MemFree:         3231816 kB
Active:           429088 kB
Mem:          3.8G       766M       3.1G       5.7M        58M       319M

MemTotal:        4016004 kB
MemFree:         3231816 kB
Active:           429092 kB
Mem:          3.8G       765M       3.1G       5.7M        58M       319M

MemTotal:        4016004 kB
MemFree:         3231800 kB
Active:           429108 kB
Mem:          3.8G       766M       3.1G       5.7M        58M       319M

MemTotal:        4016004 kB
MemFree:         3231660 kB
Active:           429100 kB
Mem:          3.8G       765M       3.1G       5.7M        58M       319M

MemTotal:        4016004 kB
MemFree:         3231444 kB
Active:           429152 kB
Mem:          3.8G       766M       3.1G       5.7M        58M       319M

MemTotal:        4016004 kB
MemFree:         3231568 kB
Active:           429152 kB
Mem:          3.8G       766M       3.1G       5.7M        58M       319M

MemTotal:        4016004 kB
MemFree:         3231940 kB
Active:           429124 kB
Mem:          3.8G       765M       3.1G       5.7M        58M       319M

MemTotal:        4016004 kB
MemFree:         3232312 kB
Active:           429128 kB
Mem:          3.8G       765M       3.1G       5.7M        58M       319M

MemTotal:        4016004 kB
MemFree:         3232120 kB
Active:           427152 kB
Mem:          3.8G       765M       3.1G       5.7M        58M       319M

MemTotal:        4016004 kB
MemFree:         3232120 kB
Active:           429200 kB
Mem:          3.8G       765M       3.1G       5.7M        58M       319M

MemTotal:        4016004 kB
MemFree:         3232120 kB
Active:           429204 kB
Mem:          3.8G       765M       3.1G       5.7M        58M       319M

MemTotal:        4016004 kB
MemFree:         3231996 kB
Active:           429212 kB
Mem:          3.8G       765M       3.1G       5.7M        58M       319M

MemTotal:        4016004 kB
MemFree:         3231748 kB
Active:           429216 kB
Mem:          3.8G       765M       3.1G       5.7M        58M       319M

MemTotal:        4016004 kB
MemFree:         3232120 kB
Active:           429176 kB
Mem:          3.8G       765M       3.1G       5.7M        58M       319M

MemTotal:        4016004 kB
MemFree:         3232244 kB
Active:           429176 kB
Mem:          3.8G       765M       3.1G       5.7M        58M       319M

MemTotal:        4016004 kB
MemFree:         3231872 kB
Active:           429216 kB
Mem:          3.8G       765M       3.1G       5.7M        58M       319M

MemTotal:        4016004 kB
MemFree:         3232120 kB
Active:           429204 kB
Mem:          3.8G       765M       3.1G       5.7M        58M       319M

MemTotal:        4016004 kB
MemFree:         3232120 kB
Active:           429164 kB
Mem:          3.8G       765M       3.1G       5.7M        58M       319M

MemTotal:        4016004 kB
MemFree:         3231676 kB
Active:           427176 kB
Mem:          3.8G       765M       3.1G       5.7M        58M       319M

MemTotal:        4016004 kB
MemFree:         3232048 kB
Active:           429172 kB
Mem:          3.8G       765M       3.1G       5.7M        58M       319M

MemTotal:        4016004 kB
MemFree:         3231676 kB
Active:           429224 kB
Mem:          3.8G       765M       3.1G       5.7M        58M       319M

MemTotal:        4016004 kB
MemFree:         3232172 kB
Active:           429196 kB
Mem:          3.8G       765M       3.1G       5.7M        58M       319M

MemTotal:        4016004 kB
MemFree:         3232296 kB
Active:           429224 kB
Mem:          3.8G       765M       3.1G       5.7M        58M       319M

MemTotal:        4016004 kB
MemFree:         3232172 kB
Active:           429180 kB
Mem:          3.8G       765M       3.1G       5.7M        58M       319M

MemTotal:        4016004 kB
MemFree:         3231800 kB
Active:           429232 kB
Mem:          3.8G       765M       3.1G       5.7M        58M       319M

MemTotal:        4016004 kB
MemFree:         3232048 kB
Active:           429200 kB
Mem:          3.8G       765M       3.1G       5.7M        58M       319M

MemTotal:        4016004 kB
MemFree:         3231800 kB
Active:           429196 kB
Mem:          3.8G       765M       3.1G       5.7M        58M       319M

MemTotal:        4016004 kB
MemFree:         3231908 kB
Active:           429188 kB
Mem:          3.8G       765M       3.1G       5.7M        58M       319M

MemTotal:        4016004 kB
MemFree:         3229488 kB
Active:           429224 kB
Mem:          3.8G       768M       3.1G       5.7M        58M       319M

MemTotal:        4016004 kB
MemFree:         3229860 kB
Active:           431256 kB
Mem:          3.8G       767M       3.1G       5.7M        58M       319M

MemTotal:        4016004 kB
MemFree:         3229984 kB
Active:           431232 kB
Mem:          3.8G       767M       3.1G       5.7M        58M       319M

MemTotal:        4016004 kB
MemFree:         3229488 kB
Active:           431280 kB
Mem:          3.8G       768M       3.1G       5.7M        58M       319M

MemTotal:        4016004 kB
MemFree:         3229364 kB
Active:           431276 kB
Mem:          3.8G       768M       3.1G       5.7M        58M       319M

MemTotal:        4016004 kB
MemFree:         3229116 kB
Active:           431280 kB
Mem:          3.8G       768M       3.1G       5.7M        58M       319M

MemTotal:        4016004 kB
MemFree:         3229364 kB
Active:           431280 kB
Mem:          3.8G       767M       3.1G       5.7M        58M       319M

MemTotal:        4016004 kB
MemFree:         3229736 kB
Active:           431228 kB
Mem:          3.8G       767M       3.1G       5.7M        58M       319M

MemTotal:        4016004 kB
MemFree:         3229364 kB
Active:           431288 kB
Mem:          3.8G       768M       3.1G       5.7M        58M       319M

MemTotal:        4016004 kB
MemFree:         3228184 kB
Active:           430516 kB
Mem:          3.8G       769M       3.1G       5.7M        58M       319M

MemTotal:        4016004 kB
MemFree:         3228184 kB
Active:           432508 kB
Mem:          3.8G       769M       3.1G       5.7M        58M       319M

MemTotal:        4016004 kB
MemFree:         3227936 kB
Active:           432540 kB
Mem:          3.8G       769M       3.1G       5.7M        58M       319M

MemTotal:        4016004 kB
MemFree:         3228308 kB
Active:           432520 kB
Mem:          3.8G       769M       3.1G       5.7M        58M       319M

MemTotal:        4016004 kB
MemFree:         3227936 kB
Active:           432544 kB
Mem:          3.8G       769M       3.1G       5.7M        58M       319M

MemTotal:        4016004 kB
MemFree:         3228308 kB
Active:           432520 kB
Mem:          3.8G       769M       3.1G       5.7M        58M       319M

MemTotal:        4016004 kB
MemFree:         3227812 kB
Active:           432552 kB
Mem:          3.8G       769M       3.1G       5.7M        58M       319M

MemTotal:        4016004 kB
MemFree:         3228184 kB
Active:           432528 kB
Mem:          3.8G       769M       3.1G       5.7M        58M       319M

MemTotal:        4016004 kB
MemFree:         3228184 kB
Active:           432528 kB
Mem:          3.8G       769M       3.1G       5.7M        58M       319M

MemTotal:        4016004 kB
MemFree:         3227688 kB
Active:           432564 kB
Mem:          3.8G       769M       3.1G       5.7M        58M       319M

MemTotal:        4016004 kB
MemFree:         3228184 kB
Active:           432548 kB
Mem:          3.8G       769M       3.1G       5.7M        58M       319M

MemTotal:        4016004 kB
MemFree:         3228556 kB
Active:           432540 kB
Mem:          3.8G       769M       3.1G       5.7M        58M       319M

MemTotal:        4016004 kB
MemFree:         3228804 kB
Active:           432552 kB
Mem:          3.8G       769M       3.1G       5.7M        58M       319M

MemTotal:        4016004 kB
MemFree:         3227936 kB
Active:           432564 kB
Mem:          3.8G       769M       3.1G       5.7M        58M       319M

MemTotal:        4016004 kB
MemFree:         3228060 kB
Active:           432532 kB
Mem:          3.8G       769M       3.1G       5.7M        58M       319M

MemTotal:        4016004 kB
MemFree:         3227688 kB
Active:           432564 kB
Mem:          3.8G       769M       3.1G       5.7M        58M       319M

MemTotal:        4016004 kB
MemFree:         3228060 kB
Active:           432560 kB
Mem:          3.8G       769M       3.1G       5.7M        58M       319M

MemTotal:        4016004 kB
MemFree:         3228060 kB
Active:           432528 kB
Mem:          3.8G       769M       3.1G       5.7M        58M       319M

MemTotal:        4016004 kB
MemFree:         3228060 kB
Active:           432556 kB
Mem:          3.8G       769M       3.1G       5.7M        58M       319M

MemTotal:        4016004 kB
MemFree:         3228308 kB
Active:           432568 kB
Mem:          3.8G       769M       3.1G       5.7M        58M       319M

MemTotal:        4016004 kB
MemFree:         3228556 kB
Active:           432560 kB
Mem:          3.8G       769M       3.1G       5.7M        58M       319M

MemTotal:        4016004 kB
MemFree:         3228184 kB
Active:           432588 kB
Mem:          3.8G       768M       3.1G       5.7M        58M       319M

MemTotal:        4016004 kB
MemFree:         3228556 kB
Active:           432556 kB
Mem:          3.8G       769M       3.1G       5.7M        58M       319M

MemTotal:        4016004 kB
MemFree:         3228556 kB
Active:           432544 kB
Mem:          3.8G       769M       3.1G       5.7M        58M       319M

MemTotal:        4016004 kB
MemFree:         3228432 kB
Active:           432584 kB
Mem:          3.8G       769M       3.1G       5.7M        58M       319M

MemTotal:        4016004 kB
MemFree:         3228308 kB
Active:           432596 kB
Mem:          3.8G       769M       3.1G       5.7M        58M       319M

MemTotal:        4016004 kB
MemFree:         3227936 kB
Active:           432596 kB
Mem:          3.8G       769M       3.1G       5.7M        58M       319M

MemTotal:        4016004 kB
MemFree:         3228432 kB
Active:           432556 kB
Mem:          3.8G       769M       3.1G       5.7M        58M       319M

MemTotal:        4016004 kB
MemFree:         3228184 kB
Active:           432596 kB
Mem:          3.8G       769M       3.1G       5.7M        58M       319M

MemTotal:        4016004 kB
MemFree:         3228432 kB
Active:           432540 kB
Mem:          3.8G       769M       3.1G       5.7M        58M       319M

MemTotal:        4016004 kB
MemFree:         3228432 kB
Active:           432556 kB
Mem:          3.8G       769M       3.1G       5.7M        58M       319M

MemTotal:        4016004 kB
MemFree:         3185400 kB
Active:           432832 kB
Mem:          3.8G       811M       3.0G       5.7M        58M       361M

MemTotal:        4016004 kB
MemFree:         3138432 kB
Active:           432832 kB
Mem:          3.8G       857M       3.0G       5.7M        58M       406M

MemTotal:        4016004 kB
MemFree:         3092952 kB
Active:           432832 kB
Mem:          3.8G       901M       2.9G       5.7M        58M       450M

MemTotal:        4016004 kB
MemFree:         3047364 kB
Active:           432836 kB
Mem:          3.8G       946M       2.9G       5.7M        58M       494M

MemTotal:        4016004 kB
MemFree:         3000892 kB
Active:           432840 kB
Mem:          3.8G       991M       2.9G       5.7M        58M       538M

MemTotal:        4016004 kB
MemFree:         2956652 kB
Active:           432848 kB
Mem:          3.8G       1.0G       2.8G       5.7M        58M       581M

MemTotal:        4016004 kB
MemFree:         2909436 kB
Active:           432848 kB
Mem:          3.8G       1.1G       2.8G       5.7M        58M       626M

MemTotal:        4016004 kB
MemFree:         2864436 kB
Active:           432848 kB
Mem:          3.8G       1.1G       2.7G       5.7M        58M       670M

MemTotal:        4016004 kB
MemFree:         2821560 kB
Active:           432860 kB
Mem:          3.8G       1.1G       2.7G       5.7M        58M       710M

MemTotal:        4016004 kB
MemFree:         2818552 kB
Active:           434900 kB
Mem:          3.8G       1.1G       2.7G       5.7M        58M       711M

MemTotal:        4016004 kB
MemFree:         2815836 kB
Active:           434928 kB
Mem:          3.8G       1.1G       2.7G       5.7M        58M       714M

MemTotal:        4016004 kB
MemFree:         2781968 kB
Active:           434948 kB
Mem:          3.8G       1.2G       2.7G       5.7M        58M       746M

MemTotal:        4016004 kB
MemFree:         2738320 kB
Active:           434904 kB
Mem:          3.8G       1.2G       2.6G       5.7M        58M       789M

MemTotal:        4016004 kB
MemFree:         2693336 kB
Active:           434896 kB
Mem:          3.8G       1.3G       2.6G       5.7M        58M       832M

MemTotal:        4016004 kB
MemFree:         2647716 kB
Active:           434920 kB
Mem:          3.8G       1.3G       2.5G       5.7M        58M       876M

MemTotal:        4016004 kB
MemFree:         2601492 kB
Active:           434912 kB
Mem:          3.8G       1.3G       2.5G       5.7M        58M       921M

MemTotal:        4016004 kB
MemFree:         2556384 kB
Active:           434960 kB
Mem:          3.8G       1.4G       2.4G       5.7M        58M       964M

MemTotal:        4016004 kB
MemFree:         2511772 kB
Active:           434948 kB
Mem:          3.8G       1.4G       2.4G       5.7M        58M       1.0G

MemTotal:        4016004 kB
MemFree:         2467268 kB
Active:           434968 kB
Mem:          3.8G       1.5G       2.4G       5.7M        58M       1.0G

MemTotal:        4016004 kB
MemFree:         2461832 kB
Active:           434980 kB
Mem:          3.8G       1.5G       2.3G       5.7M        58M       1.0G

MemTotal:        4016004 kB
MemFree:         2431112 kB
Active:           434992 kB
Mem:          3.8G       1.5G       2.3G       5.7M        58M       1.1G

MemTotal:        4016004 kB
MemFree:         2387120 kB
Active:           435000 kB
Mem:          3.8G       1.6G       2.3G       5.7M        58M       1.1G

MemTotal:        4016004 kB
MemFree:         2361284 kB
Active:           435000 kB
Mem:          3.8G       1.6G       2.3G       5.7M        58M       1.1G

MemTotal:        4016004 kB
MemFree:         2326216 kB
Active:           435012 kB
Mem:          3.8G       1.6G       2.2G       5.7M        58M       1.2G

MemTotal:        4016004 kB
MemFree:         2281152 kB
Active:           435012 kB
Mem:          3.8G       1.7G       2.2G       5.7M        58M       1.2G

MemTotal:        4016004 kB
MemFree:         2236728 kB
Active:           435012 kB
Mem:          3.8G       1.7G       2.1G       5.7M        58M       1.2G

MemTotal:        4016004 kB
MemFree:         2192184 kB
Active:           435016 kB
Mem:          3.8G       1.7G       2.1G       5.7M        58M       1.3G

MemTotal:        4016004 kB
MemFree:         2148200 kB
Active:           435008 kB
Mem:          3.8G       1.8G       2.0G       5.7M        58M       1.3G

MemTotal:        4016004 kB
MemFree:         2104192 kB
Active:           435020 kB
Mem:          3.8G       1.8G       2.0G       5.7M        58M       1.4G

MemTotal:        4016004 kB
MemFree:         2058960 kB
Active:           435024 kB
Mem:          3.8G       1.9G       2.0G       5.7M        58M       1.4G

MemTotal:        4016004 kB
MemFree:         2013356 kB
Active:           435016 kB
Mem:          3.8G       1.9G       1.9G       5.7M        58M       1.5G

MemTotal:        4016004 kB
MemFree:         2002976 kB
Active:           435040 kB
Mem:          3.8G       1.9G       1.9G       5.7M        58M       1.5G

MemTotal:        4016004 kB
MemFree:         1958980 kB
Active:           435076 kB
Mem:          3.8G       2.0G       1.9G       5.7M        58M       1.5G

MemTotal:        4016004 kB
MemFree:         1912368 kB
Active:           435076 kB
Mem:          3.8G       2.0G       1.8G       5.7M        58M       1.5G

MemTotal:        4016004 kB
MemFree:         1906120 kB
Active:           435088 kB
Mem:          3.8G       2.0G       1.8G       5.7M        58M       1.6G

MemTotal:        4016004 kB
MemFree:         1905300 kB
Active:           435084 kB
Mem:          3.8G       2.0G       1.8G       5.7M        58M       1.6G

MemTotal:        4016004 kB
MemFree:         1904668 kB
Active:           435116 kB
Mem:          3.8G       2.0G       1.8G       5.7M        58M       1.6G

MemTotal:        4016004 kB
MemFree:         1866968 kB
Active:           435124 kB
Mem:          3.8G       2.0G       1.8G       5.7M        58M       1.6G

MemTotal:        4016004 kB
MemFree:         1820808 kB
Active:           435156 kB
Mem:          3.8G       2.1G       1.7G       5.7M        58M       1.6G

MemTotal:        4016004 kB
MemFree:         1773700 kB
Active:           435140 kB
Mem:          3.8G       2.1G       1.7G       5.7M        58M       1.7G

MemTotal:        4016004 kB
MemFree:         1729212 kB
Active:           435160 kB
Mem:          3.8G       2.2G       1.6G       5.7M        58M       1.7G

MemTotal:        4016004 kB
MemFree:         1683360 kB
Active:           435168 kB
Mem:          3.8G       2.2G       1.6G       5.7M        58M       1.8G

MemTotal:        4016004 kB
MemFree:         1638872 kB
Active:           435132 kB
Mem:          3.8G       2.3G       1.6G       5.7M        58M       1.8G

MemTotal:        4016004 kB
MemFree:         1593268 kB
Active:           435168 kB
Mem:          3.8G       2.3G       1.5G       5.7M        58M       1.8G

MemTotal:        4016004 kB
MemFree:         1552732 kB
Active:           435176 kB
Mem:          3.8G       2.3G       1.5G       5.7M        58M       1.9G

MemTotal:        4016004 kB
MemFree:         1552096 kB
Active:           435132 kB
Mem:          3.8G       2.3G       1.5G       5.7M        58M       1.9G

MemTotal:        4016004 kB
MemFree:         1515052 kB
Active:           435200 kB
Mem:          3.8G       2.4G       1.4G       5.7M        58M       1.9G

MemTotal:        4016004 kB
MemFree:         1470284 kB
Active:           435156 kB
Mem:          3.8G       2.4G       1.4G       5.7M        58M       2.0G

MemTotal:        4016004 kB
MemFree:         1450332 kB
Active:           435204 kB
Mem:          3.8G       2.4G       1.4G       5.7M        58M       2.0G

MemTotal:        4016004 kB
MemFree:         1449420 kB
Active:           435220 kB
Mem:          3.8G       2.4G       1.4G       5.7M        58M       2.0G

MemTotal:        4016004 kB
MemFree:         1448900 kB
Active:           435224 kB
Mem:          3.8G       2.4G       1.4G       5.7M        58M       2.0G

MemTotal:        4016004 kB
MemFree:         1449416 kB
Active:           435224 kB
Mem:          3.8G       2.4G       1.4G       5.7M        58M       2.0G

MemTotal:        4016004 kB
MemFree:         1414572 kB
Active:           435248 kB
Mem:          3.8G       2.5G       1.3G       5.7M        58M       2.0G

MemTotal:        4016004 kB
MemFree:         1369728 kB
Active:           435252 kB
Mem:          3.8G       2.5G       1.3G       5.7M        58M       2.1G

MemTotal:        4016004 kB
MemFree:         1325984 kB
Active:           435252 kB
Mem:          3.8G       2.6G       1.3G       5.7M        58M       2.1G

MemTotal:        4016004 kB
MemFree:         1279992 kB
Active:           435216 kB
Mem:          3.8G       2.6G       1.2G       5.7M        58M       2.1G

MemTotal:        4016004 kB
MemFree:         1235752 kB
Active:           435200 kB
Mem:          3.8G       2.7G       1.2G       5.7M        58M       2.2G

MemTotal:        4016004 kB
MemFree:         1188644 kB
Active:           435252 kB
Mem:          3.8G       2.7G       1.1G       5.7M        58M       2.2G

MemTotal:        4016004 kB
MemFree:         1143660 kB
Active:           435260 kB
Mem:          3.8G       2.7G       1.1G       5.7M        58M       2.3G

MemTotal:        4016004 kB
MemFree:         1099544 kB
Active:           435264 kB
Mem:          3.8G       2.8G       1.0G       5.7M        58M       2.3G

MemTotal:        4016004 kB
MemFree:         1094148 kB
Active:           435248 kB
Mem:          3.8G       2.8G       1.0G       5.7M        58M       2.3G

MemTotal:        4016004 kB
MemFree:         1050300 kB
Active:           435240 kB
Mem:          3.8G       2.8G       1.0G       5.7M        58M       2.4G

MemTotal:        4016004 kB
MemFree:         1008664 kB
Active:           435256 kB
Mem:          3.8G       2.9G       984M       5.7M        58M       2.4G

MemTotal:        4016004 kB
MemFree:         1006916 kB
Active:           435308 kB
Mem:          3.8G       2.9G       982M       5.7M        58M       2.4G

MemTotal:        4016004 kB
MemFree:         1004924 kB
Active:           435332 kB
Mem:          3.8G       2.9G       980M       5.7M        58M       2.4G

MemTotal:        4016004 kB
MemFree:         1003056 kB
Active:           435324 kB
Mem:          3.8G       2.9G       979M       5.7M        58M       2.4G

MemTotal:        4016004 kB
MemFree:          973208 kB
Active:           435360 kB
Mem:          3.8G       2.9G       950M       5.7M        58M       2.4G

MemTotal:        4016004 kB
MemFree:          926632 kB
Active:           435412 kB
Mem:          3.8G       2.9G       904M       5.7M        58M       2.5G

MemTotal:        4016004 kB
MemFree:          880656 kB
Active:           435412 kB
Mem:          3.8G       3.0G       859M       5.7M        58M       2.5G

MemTotal:        4016004 kB
MemFree:          835548 kB
Active:           435372 kB
Mem:          3.8G       3.0G       815M       5.7M        58M       2.6G

MemTotal:        4016004 kB
MemFree:          788704 kB
Active:           435396 kB
Mem:          3.8G       3.1G       769M       5.7M        58M       2.6G

MemTotal:        4016004 kB
MemFree:          742852 kB
Active:           435400 kB
Mem:          3.8G       3.1G       725M       5.7M        58M       2.6G

MemTotal:        4016004 kB
MemFree:          695464 kB
Active:           435420 kB
Mem:          3.8G       3.2G       678M       5.7M        58M       2.7G

MemTotal:        4016004 kB
MemFree:          650912 kB
Active:           435436 kB
Mem:          3.8G       3.2G       635M       5.7M        58M       2.7G

MemTotal:        4016004 kB
MemFree:          640840 kB
Active:           435448 kB
Mem:          3.8G       3.2G       625M       5.7M        58M       2.7G

MemTotal:        4016004 kB
MemFree:          595732 kB
Active:           435448 kB
Mem:          3.8G       3.3G       581M       5.7M        58M       2.8G

MemTotal:        4016004 kB
MemFree:          550376 kB
Active:           435412 kB
Mem:          3.8G       3.3G       536M       5.7M        58M       2.8G

MemTotal:        4016004 kB
MemFree:          547224 kB
Active:           435468 kB
Mem:          3.8G       3.3G       534M       5.7M        58M       2.8G

MemTotal:        4016004 kB
MemFree:          520620 kB
Active:           435484 kB
Mem:          3.8G       3.3G       508M       5.7M        58M       2.9G

MemTotal:        4016004 kB
MemFree:          476592 kB
Active:           435484 kB
Mem:          3.8G       3.4G       465M       5.7M        58M       2.9G

MemTotal:        4016004 kB
MemFree:          431380 kB
Active:           435484 kB
Mem:          3.8G       3.4G       420M       5.7M        58M       2.9G

MemTotal:        4016004 kB
MemFree:          386148 kB
Active:           435484 kB
Mem:          3.8G       3.5G       376M       5.7M        58M       3.0G

MemTotal:        4016004 kB
MemFree:          341288 kB
Active:           435492 kB
Mem:          3.8G       3.5G       332M       5.7M        58M       3.0G

MemTotal:        4016004 kB
MemFree:          295436 kB
Active:           435492 kB
Mem:          3.8G       3.5G       288M       5.7M        58M       3.1G

MemTotal:        4016004 kB
MemFree:          249444 kB
Active:           435492 kB
Mem:          3.8G       3.6G       243M       5.7M        58M       3.1G

MemTotal:        4016004 kB
MemFree:          204956 kB
Active:           435492 kB
Mem:          3.8G       3.6G       199M       5.7M        58M       3.2G

MemTotal:        4016004 kB
MemFree:          158784 kB
Active:           435492 kB
Mem:          3.8G       3.7G       155M       5.7M        58M       3.2G

MemTotal:        4016004 kB
MemFree:          112500 kB
Active:           435496 kB
Mem:          3.8G       3.7G       108M       5.7M        58M       3.2G

MemTotal:        4016004 kB
MemFree:          138348 kB
Active:           444952 kB
Mem:          3.8G       3.7G       132M       5.7M        25M       3.2G

MemTotal:        4016004 kB
MemFree:          129368 kB
Active:           450764 kB
Mem:          3.8G       3.7G       106M       5.7M        25M       3.3G

MemTotal:        4016004 kB
MemFree:          115304 kB
Active:           496500 kB
Mem:          3.8G       3.7G       112M       5.7M        25M       3.3G

MemTotal:        4016004 kB
MemFree:          131280 kB
Active:           487308 kB
Mem:          3.8G       3.7G       131M       5.7M        25M       3.2G

MemTotal:        4016004 kB
MemFree:          122252 kB
Active:           480436 kB
Mem:          3.8G       3.7G       119M       5.7M        25M       3.3G

MemTotal:        4016004 kB
MemFree:          124760 kB
Active:           469500 kB
Mem:          3.8G       3.7G       121M       5.7M        25M       3.3G

MemTotal:        4016004 kB
MemFree:          117472 kB
Active:           464060 kB
Mem:          3.8G       3.7G       113M       5.7M        25M       3.3G

MemTotal:        4016004 kB
MemFree:          107440 kB
Active:           460616 kB
Mem:          3.8G       3.7G       104M       5.7M        25M       3.3G

MemTotal:        4016004 kB
MemFree:          133272 kB
Active:           453832 kB
Mem:          3.8G       3.7G       130M       5.7M        25M       3.2G

MemTotal:        4016004 kB
MemFree:          125112 kB
Active:           450376 kB
Mem:          3.8G       3.7G       121M       5.7M        25M       3.3G

MemTotal:        4016004 kB
MemFree:          129188 kB
Active:           445400 kB
Mem:          3.8G       3.7G       125M       5.7M        25M       3.3G

MemTotal:        4016004 kB
MemFree:          126804 kB
Active:           440792 kB
Mem:          3.8G       3.7G       123M       5.7M        25M       3.3G

MemTotal:        4016004 kB
MemFree:          123384 kB
Active:           439524 kB
Mem:          3.8G       3.7G       119M       5.7M        25M       3.3G

MemTotal:        4016004 kB
MemFree:          128240 kB
Active:           437760 kB
Mem:          3.8G       3.7G       125M       5.7M        25M       3.3G

MemTotal:        4016004 kB
MemFree:          119292 kB
Active:           435844 kB
Mem:          3.8G       3.7G       116M       5.7M        25M       3.3G

MemTotal:        4016004 kB
MemFree:          119932 kB
Active:           434308 kB
Mem:          3.8G       3.7G       125M       5.7M        25M       3.3G

MemTotal:        4016004 kB
MemFree:          126532 kB
Active:           432772 kB
Mem:          3.8G       3.7G       123M       5.7M        25M       3.3G

MemTotal:        4016004 kB
MemFree:          112264 kB
Active:           431628 kB
Mem:          3.8G       3.7G       109M       5.7M        25M       3.3G

MemTotal:        4016004 kB
MemFree:          127752 kB
Active:           429964 kB
Mem:          3.8G       3.7G       124M       5.7M        25M       3.3G

MemTotal:        4016004 kB
MemFree:          118624 kB
Active:           428684 kB
Mem:          3.8G       3.7G       115M       5.7M        25M       3.3G

MemTotal:        4016004 kB
MemFree:          110240 kB
Active:           427532 kB
Mem:          3.8G       3.7G       107M       5.7M        25M       3.3G

MemTotal:        4016004 kB
MemFree:          125932 kB
Active:           425868 kB
Mem:          3.8G       3.7G       122M       5.7M        25M       3.3G

MemTotal:        4016004 kB
MemFree:          112172 kB
Active:           424720 kB
Mem:          3.8G       3.7G       109M       5.7M        25M       3.3G

MemTotal:        4016004 kB
MemFree:          108316 kB
Active:           423200 kB
Mem:          3.8G       3.7G       105M       5.7M        25M       3.3G

MemTotal:        4016004 kB
MemFree:          124388 kB
Active:           421536 kB
Mem:          3.8G       3.7G       129M       5.7M        25M       3.2G

MemTotal:        4016004 kB
MemFree:          121776 kB
Active:           420900 kB
Mem:          3.8G       3.7G       118M       5.7M        25M       3.3G

MemTotal:        4016004 kB
MemFree:          128364 kB
Active:           419000 kB
Mem:          3.8G       3.7G       125M       5.7M        25M       3.3G

MemTotal:        4016004 kB
MemFree:          134784 kB
Active:           417444 kB
Mem:          3.8G       3.7G       131M       5.7M        25M       3.2G

MemTotal:        4016004 kB
MemFree:          124520 kB
Active:           418296 kB
Mem:          3.8G       3.7G       121M       5.7M        25M       3.3G

MemTotal:        4016004 kB
MemFree:          108880 kB
Active:           417316 kB
Mem:          3.8G       3.7G       106M       5.7M        25M       3.3G

MemTotal:        4016004 kB
MemFree:          134484 kB
Active:           415012 kB
Mem:          3.8G       3.7G       130M       5.7M        25M       3.2G

MemTotal:        4016004 kB
MemFree:          136144 kB
Active:           413092 kB
Mem:          3.8G       3.7G       132M       5.7M        25M       3.2G

MemTotal:        4016004 kB
MemFree:          151492 kB
Active:           411180 kB
Mem:          3.8G       3.7G       148M       5.7M        25M       3.2G

MemTotal:        4016004 kB
MemFree:          134904 kB
Active:           411052 kB
Mem:          3.8G       3.7G       131M       5.7M        25M       3.2G

MemTotal:        4016004 kB
MemFree:          109276 kB
Active:           411016 kB
Mem:          3.8G       3.7G       105M       5.7M        25M       3.3G

MemTotal:        4016004 kB
MemFree:          115356 kB
Active:           409016 kB
Mem:          3.8G       3.7G       112M       5.7M        25M       3.3G

MemTotal:        4016004 kB
MemFree:          107696 kB
Active:           407872 kB
Mem:          3.8G       3.7G       104M       5.7M        25M       3.3G

MemTotal:        4016004 kB
MemFree:          129040 kB
Active:           405696 kB
Mem:          3.8G       3.7G       125M       5.7M        25M       3.2G

MemTotal:        4016004 kB
MemFree:          134116 kB
Active:           403908 kB
Mem:          3.8G       3.7G       130M       5.7M        25M       3.2G

MemTotal:        4016004 kB
MemFree:          139960 kB
Active:           401996 kB
Mem:          3.8G       3.7G       135M       5.7M        25M       3.2G

MemTotal:        4016004 kB
MemFree:          131020 kB
Active:           400848 kB
Mem:          3.8G       3.7G       126M       5.7M        25M       3.2G

MemTotal:        4016004 kB
MemFree:          124176 kB
Active:           400724 kB
Mem:          3.8G       3.7G       120M       5.7M        25M       3.3G

MemTotal:        4016004 kB
MemFree:          119112 kB
Active:           399944 kB
Mem:          3.8G       3.7G       116M       5.7M        25M       3.3G

MemTotal:        4016004 kB
MemFree:          104852 kB
Active:           398812 kB
Mem:          3.8G       3.7G       103M       5.7M        25M       3.3G

MemTotal:        4016004 kB
MemFree:          127376 kB
Active:           396592 kB
Mem:          3.8G       3.7G       124M       5.7M        25M       3.3G

MemTotal:        4016004 kB
MemFree:          112224 kB
Active:           395440 kB
Mem:          3.8G       3.7G       109M       5.7M        25M       3.3G

MemTotal:        4016004 kB
MemFree:          126860 kB
Active:           393828 kB
Mem:          3.8G       3.7G       125M       5.7M        25M       3.2G

MemTotal:        4016004 kB
MemFree:          111532 kB
Active:           392792 kB
Mem:          3.8G       3.7G       107M       5.7M        25M       3.3G

MemTotal:        4016004 kB
MemFree:          127496 kB
Active:           391128 kB
Mem:          3.8G       3.7G       123M       5.7M        25M       3.3G

MemTotal:        4016004 kB
MemFree:          128220 kB
Active:           390504 kB
Mem:          3.8G       3.7G       125M       5.7M        25M       3.2G

MemTotal:        4016004 kB
MemFree:          124664 kB
Active:           389596 kB
Mem:          3.8G       3.7G       121M       5.7M        25M       3.3G

MemTotal:        4016004 kB
MemFree:          122632 kB
Active:           388104 kB
Mem:          3.8G       3.7G       119M       5.7M        25M       3.3G

MemTotal:        4016004 kB
MemFree:          114240 kB
Active:           387080 kB
Mem:          3.8G       3.7G       110M       5.7M        25M       3.3G

MemTotal:        4016004 kB
MemFree:          104772 kB
Active:           385932 kB
Mem:          3.8G       3.7G       107M       5.7M        25M       3.3G

MemTotal:        4016004 kB
MemFree:          123120 kB
Active:           384124 kB
Mem:          3.8G       3.7G       119M       5.7M        25M       3.3G

MemTotal:        4016004 kB
MemFree:          128348 kB
Active:           382468 kB
Mem:          3.8G       3.7G       125M       5.7M        25M       3.2G

MemTotal:        4016004 kB
MemFree:          125612 kB
Active:           379168 kB
Mem:          3.8G       3.7G       122M       5.7M        25M       3.3G

MemTotal:        4016004 kB
MemFree:          116960 kB
Active:           377892 kB
Mem:          3.8G       3.7G       113M       5.7M        25M       3.3G

MemTotal:        4016004 kB
MemFree:          108668 kB
Active:           376740 kB
Mem:          3.8G       3.7G       106M       5.7M        25M       3.3G

MemTotal:        4016004 kB
MemFree:          111840 kB
Active:           375044 kB
Mem:          3.8G       3.7G       108M       5.7M        25M       3.3G

MemTotal:        4016004 kB
MemFree:          119040 kB
Active:           374904 kB
Mem:          3.8G       3.7G       116M       5.7M        25M       3.3G

MemTotal:        4016004 kB
MemFree:          132292 kB
Active:           374944 kB
Mem:          3.8G       3.7G       128M       5.7M        25M       3.2G

MemTotal:        4016004 kB
MemFree:          106964 kB
Active:           374988 kB
Mem:          3.8G       3.7G       104M       5.7M        25M       3.3G

MemTotal:        4016004 kB
MemFree:          123496 kB
Active:           374828 kB
Mem:          3.8G       3.7G       120M       5.7M        25M       3.3G

MemTotal:        4016004 kB
MemFree:          108992 kB
Active:           374872 kB
Mem:          3.8G       3.7G       106M       5.7M        25M       3.3G

MemTotal:        4016004 kB
MemFree:          125748 kB
Active:           374856 kB
Mem:          3.8G       3.7G       124M       5.7M        25M       3.2G

MemTotal:        4016004 kB
MemFree:          146652 kB
Active:           374752 kB
Mem:          3.8G       3.7G       143M       5.7M        25M       3.2G

MemTotal:        4016004 kB
MemFree:          125684 kB
Active:           374756 kB
Mem:          3.8G       3.7G       122M       5.7M        25M       3.3G

MemTotal:        4016004 kB
MemFree:          123720 kB
Active:           374756 kB
Mem:          3.8G       3.7G       120M       5.7M        25M       3.3G

MemTotal:        4016004 kB
MemFree:          109404 kB
Active:           374628 kB
Mem:          3.8G       3.7G       106M       5.7M        25M       3.3G

MemTotal:        4016004 kB
MemFree:          129188 kB
Active:           374632 kB
Mem:          3.8G       3.7G       126M       5.7M        25M       3.2G

MemTotal:        4016004 kB
MemFree:          119980 kB
Active:           374644 kB
Mem:          3.8G       3.7G       116M       5.7M        25M       3.3G

MemTotal:        4016004 kB
MemFree:          112832 kB
Active:           374644 kB
Mem:          3.8G       3.7G       109M       5.7M        25M       3.3G

MemTotal:        4016004 kB
MemFree:          124884 kB
Active:           374656 kB
Mem:          3.8G       3.7G       121M       5.7M        25M       3.3G

MemTotal:        4016004 kB
MemFree:          125512 kB
Active:           374668 kB
Mem:          3.8G       3.7G       122M       5.7M        25M       3.3G

MemTotal:        4016004 kB
MemFree:          115856 kB
Active:           374668 kB
Mem:          3.8G       3.7G       113M       5.7M        25M       3.3G

MemTotal:        4016004 kB
MemFree:          106248 kB
Active:           374676 kB
Mem:          3.8G       3.7G       103M       5.7M        25M       3.3G

MemTotal:        4016004 kB
MemFree:          107844 kB
Active:           374680 kB
Mem:          3.8G       3.7G       105M       5.7M        25M       3.3G

MemTotal:        4016004 kB
MemFree:          117312 kB
Active:           374680 kB
Mem:          3.8G       3.7G       114M       5.7M        25M       3.3G

MemTotal:        4016004 kB
MemFree:          108396 kB
Active:           374680 kB
Mem:          3.8G       3.7G       105M       5.7M        25M       3.3G

MemTotal:        4016004 kB
MemFree:          135952 kB
Active:           374688 kB
Mem:          3.8G       3.7G       132M       5.7M        25M       3.2G

MemTotal:        4016004 kB
MemFree:          106948 kB
Active:           374712 kB
Mem:          3.8G       3.7G       103M       5.7M        25M       3.3G

MemTotal:        4016004 kB
MemFree:          132872 kB
Active:           374852 kB
Mem:          3.8G       3.7G       129M       5.7M        25M       3.2G

MemTotal:        4016004 kB
MemFree:          127844 kB
Active:           374772 kB
Mem:          3.8G       3.7G       124M       5.7M        25M       3.2G

MemTotal:        4016004 kB
MemFree:          109496 kB
Active:           374772 kB
Mem:          3.8G       3.7G       106M       5.7M        25M       3.3G

MemTotal:        4016004 kB
MemFree:          128180 kB
Active:           374620 kB
Mem:          3.8G       3.7G       124M       5.7M        25M       3.2G

MemTotal:        4016004 kB
MemFree:          126492 kB
Active:           374640 kB
Mem:          3.8G       3.7G       123M       5.7M        25M       3.2G

MemTotal:        4016004 kB
MemFree:          135480 kB
Active:           374640 kB
Mem:          3.8G       3.7G       132M       5.7M        25M       3.2G

MemTotal:        4016004 kB
MemFree:          134492 kB
Active:           374600 kB
Mem:          3.8G       3.7G       130M       5.7M        25M       3.2G

MemTotal:        4016004 kB
MemFree:          126188 kB
Active:           374640 kB
Mem:          3.8G       3.7G       122M       5.7M        25M       3.3G

MemTotal:        4016004 kB
MemFree:          123776 kB
Active:           374640 kB
Mem:          3.8G       3.7G       120M       5.7M        25M       3.3G

MemTotal:        4016004 kB
MemFree:          105684 kB
Active:           374648 kB
Mem:          3.8G       3.7G       102M       5.7M        25M       3.3G

MemTotal:        4016004 kB
MemFree:          133152 kB
Active:           374648 kB
Mem:          3.8G       3.7G       130M       5.7M        25M       3.2G

MemTotal:        4016004 kB
MemFree:          135992 kB
Active:           374640 kB
Mem:          3.8G       3.7G       133M       5.7M        25M       3.2G

MemTotal:        4016004 kB
MemFree:          126404 kB
Active:           374648 kB
Mem:          3.8G       3.7G       123M       5.7M        25M       3.2G

MemTotal:        4016004 kB
MemFree:          129556 kB
Active:           374648 kB
Mem:          3.8G       3.7G       126M       5.7M        25M       3.2G

MemTotal:        4016004 kB
MemFree:          138612 kB
Active:           374632 kB
Mem:          3.8G       3.7G       135M       5.7M        25M       3.2G

MemTotal:        4016004 kB
MemFree:          125996 kB
Active:           374616 kB
Mem:          3.8G       3.7G       123M       5.7M        25M       3.2G

MemTotal:        4016004 kB
MemFree:          117876 kB
Active:           374664 kB
Mem:          3.8G       3.7G       114M       5.7M        25M       3.3G

MemTotal:        4016004 kB
MemFree:          126696 kB
Active:           374664 kB
Mem:          3.8G       3.7G       123M       5.7M        25M       3.2G

MemTotal:        4016004 kB
MemFree:          118928 kB
Active:           374624 kB
Mem:          3.8G       3.7G       115M       5.7M        25M       3.3G

MemTotal:        4016004 kB
MemFree:          108744 kB
Active:           374672 kB
Mem:          3.8G       3.7G       106M       5.7M        25M       3.3G

MemTotal:        4016004 kB
MemFree:          107268 kB
Active:           367992 kB
Mem:          3.8G       3.7G       104M       5.7M        25M       3.3G

MemTotal:        4016004 kB
MemFree:          135332 kB
Active:           367992 kB
Mem:          3.8G       3.7G       131M       5.7M        25M       3.2G

MemTotal:        4016004 kB
MemFree:          108208 kB
Active:           367992 kB
Mem:          3.8G       3.7G       105M       5.7M        25M       3.3G

MemTotal:        4016004 kB
MemFree:          134396 kB
Active:           367992 kB
Mem:          3.8G       3.7G       131M       5.7M        25M       3.2G

MemTotal:        4016004 kB
MemFree:          151248 kB
Active:           368008 kB
Mem:          3.8G       3.7G       147M       5.7M        25M       3.2G

MemTotal:        4016004 kB
MemFree:          105008 kB
Active:           368012 kB
Mem:          3.8G       3.7G       102M       5.7M        25M       3.3G

MemTotal:        4016004 kB
MemFree:          121004 kB
Active:           368012 kB
Mem:          3.8G       3.7G       117M       5.7M        25M       3.3G

MemTotal:        4016004 kB
MemFree:          121192 kB
Active:           368000 kB
Mem:          3.8G       3.7G       118M       5.7M        25M       3.3G

MemTotal:        4016004 kB
MemFree:          113280 kB
Active:           368036 kB
Mem:          3.8G       3.7G       110M       5.7M        25M       3.3G

MemTotal:        4016004 kB
MemFree:          128732 kB
Active:           368044 kB
Mem:          3.8G       3.7G       125M       5.7M        25M       3.2G

MemTotal:        4016004 kB
MemFree:          121204 kB
Active:           367568 kB
Mem:          3.8G       3.7G       118M       5.7M        25M       3.3G

MemTotal:        4016004 kB
MemFree:          113508 kB
Active:           367472 kB
Mem:          3.8G       3.7G       110M       5.7M        25M       3.3G

MemTotal:        4016004 kB
MemFree:          115332 kB
Active:           367472 kB
Mem:          3.8G       3.7G       112M       5.7M        25M       3.3G

MemTotal:        4016004 kB
MemFree:          118392 kB
Active:           367440 kB
Mem:          3.8G       3.7G       115M       5.7M        25M       3.3G

MemTotal:        4016004 kB
MemFree:          110108 kB
Active:           367484 kB
Mem:          3.8G       3.7G       107M       5.7M        25M       3.3G

MemTotal:        4016004 kB
MemFree:          125940 kB
Active:           367488 kB
Mem:          3.8G       3.7G       122M       5.7M        25M       3.2G

MemTotal:        4016004 kB
MemFree:          127316 kB
Active:           367492 kB
Mem:          3.8G       3.7G       124M       5.7M        25M       3.2G

MemTotal:        4016004 kB
MemFree:          132072 kB
Active:           367492 kB
Mem:          3.8G       3.7G       133M       5.7M        25M       3.2G

MemTotal:        4016004 kB
MemFree:          128332 kB
Active:           367504 kB
Mem:          3.8G       3.7G       125M       5.7M        25M       3.2G

MemTotal:        4016004 kB
MemFree:          119824 kB
Active:           367512 kB
Mem:          3.8G       3.7G       116M       5.7M        25M       3.3G

MemTotal:        4016004 kB
MemFree:          137024 kB
Active:           365648 kB
Mem:          3.8G       3.7G       133M       5.7M        25M       3.2G

MemTotal:        4016004 kB
MemFree:          125504 kB
Active:           365488 kB
Mem:          3.8G       3.7G       122M       5.7M        25M       3.2G

MemTotal:        4016004 kB
MemFree:          129816 kB
Active:           365508 kB
Mem:          3.8G       3.7G       126M       5.7M        25M       3.2G

MemTotal:        4016004 kB
MemFree:          129896 kB
Active:           365452 kB
Mem:          3.8G       3.7G       126M       5.7M        25M       3.2G

MemTotal:        4016004 kB
MemFree:          123040 kB
Active:           365464 kB
Mem:          3.8G       3.7G       119M       5.7M        25M       3.2G

MemTotal:        4016004 kB
MemFree:          124708 kB
Active:           365496 kB
Mem:          3.8G       3.7G       121M       5.7M        25M       3.2G

MemTotal:        4016004 kB
MemFree:          128428 kB
Active:           365516 kB
Mem:          3.8G       3.7G       124M       5.7M        25M       3.2G

MemTotal:        4016004 kB
MemFree:          130760 kB
Active:           365524 kB
Mem:          3.8G       3.7G       127M       5.7M        25M       3.2G

MemTotal:        4016004 kB
MemFree:          132620 kB
Active:           365532 kB
Mem:          3.8G       3.7G       128M       5.7M        25M       3.2G

MemTotal:        4016004 kB
MemFree:          140828 kB
Active:           360704 kB
Mem:          3.8G       3.7G       137M       5.7M        25M       3.2G

MemTotal:        4016004 kB
MemFree:          115544 kB
Active:           360736 kB
Mem:          3.8G       3.7G       112M       5.7M        25M       3.3G

MemTotal:        4016004 kB
MemFree:          128068 kB
Active:           360764 kB
Mem:          3.8G       3.7G       124M       5.7M        25M       3.2G

MemTotal:        4016004 kB
MemFree:          136292 kB
Active:           360764 kB
Mem:          3.8G       3.7G       132M       5.7M        25M       3.2G

MemTotal:        4016004 kB
MemFree:          143140 kB
Active:           360768 kB
Mem:          3.8G       3.7G       139M       5.7M        25M       3.2G

MemTotal:        4016004 kB
MemFree:          134492 kB
Active:           360772 kB
Mem:          3.8G       3.7G       131M       5.7M        25M       3.2G

MemTotal:        4016004 kB
MemFree:          127472 kB
Active:           360776 kB
Mem:          3.8G       3.7G       124M       5.7M        25M       3.2G

MemTotal:        4016004 kB
MemFree:          128616 kB
Active:           360776 kB
Mem:          3.8G       3.7G       125M       5.7M        25M       3.2G

MemTotal:        4016004 kB
MemFree:          109656 kB
Active:           360776 kB
Mem:          3.8G       3.7G       106M       5.7M        25M       3.3G

MemTotal:        4016004 kB
MemFree:          124760 kB
Active:           360776 kB
Mem:          3.8G       3.7G       121M       5.7M        25M       3.2G

MemTotal:        4016004 kB
MemFree:          134852 kB
Active:           360784 kB
Mem:          3.8G       3.7G       131M       5.7M        25M       3.2G

MemTotal:        4016004 kB
MemFree:          132432 kB
Active:           360784 kB
Mem:          3.8G       3.7G       129M       5.7M        25M       3.2G

MemTotal:        4016004 kB
MemFree:          133572 kB
Active:           357008 kB
Mem:          3.8G       3.7G       130M       5.7M        25M       3.2G

MemTotal:        4016004 kB
MemFree:          120400 kB
Active:           357008 kB
Mem:          3.8G       3.7G       117M       5.7M        25M       3.2G

MemTotal:        4016004 kB
MemFree:          120164 kB
Active:           357032 kB
Mem:          3.8G       3.7G       117M       5.7M        25M       3.2G

MemTotal:        4016004 kB
MemFree:          120416 kB
Active:           356988 kB
Mem:          3.8G       3.7G       117M       5.7M        25M       3.2G

MemTotal:        4016004 kB
MemFree:          118592 kB
Active:           356984 kB
Mem:          3.8G       3.7G       115M       5.7M        25M       3.3G

MemTotal:        4016004 kB
MemFree:          127256 kB
Active:           357008 kB
Mem:          3.8G       3.7G       123M       5.7M        25M       3.2G

MemTotal:        4016004 kB
MemFree:          130388 kB
Active:           357000 kB
Mem:          3.8G       3.7G       127M       5.7M        25M       3.2G

MemTotal:        4016004 kB
MemFree:          122268 kB
Active:           357044 kB
Mem:          3.8G       3.7G       119M       5.7M        25M       3.2G

MemTotal:        4016004 kB
MemFree:          125028 kB
Active:           357052 kB
Mem:          3.8G       3.7G       122M       5.7M        25M       3.2G

MemTotal:        4016004 kB
MemFree:          117384 kB
Active:           357056 kB
Mem:          3.8G       3.7G       114M       5.7M        25M       3.3G

MemTotal:        4016004 kB
MemFree:          107724 kB
Active:           357056 kB
Mem:          3.8G       3.7G       104M       5.7M        25M       3.3G

MemTotal:        4016004 kB
MemFree:          135936 kB
Active:           357056 kB
Mem:          3.8G       3.7G       132M       5.7M        25M       3.2G

MemTotal:        4016004 kB
MemFree:          128092 kB
Active:           357056 kB
Mem:          3.8G       3.7G       124M       5.7M        25M       3.2G

MemTotal:        4016004 kB
MemFree:          114048 kB
Active:           357064 kB
Mem:          3.8G       3.7G       110M       5.7M        25M       3.3G

MemTotal:        4016004 kB
MemFree:          128320 kB
Active:           357064 kB
Mem:          3.8G       3.7G       125M       5.7M        25M       3.2G

MemTotal:        4016004 kB
MemFree:          127176 kB
Active:           357064 kB
Mem:          3.8G       3.7G       124M       5.7M        25M       3.2G

MemTotal:        4016004 kB
MemFree:          123320 kB
Active:           355768 kB
Mem:          3.8G       3.7G       119M       5.7M        25M       3.2G

MemTotal:        4016004 kB
MemFree:          126416 kB
Active:           355704 kB
Mem:          3.8G       3.7G       123M       5.7M        25M       3.2G

MemTotal:        4016004 kB
MemFree:          105908 kB
Active:           355708 kB
Mem:          3.8G       3.7G       103M       5.7M        25M       3.3G

MemTotal:        4016004 kB
MemFree:          129376 kB
Active:           355712 kB
Mem:          3.8G       3.7G       126M       5.7M        25M       3.2G

MemTotal:        4016004 kB
MemFree:          120364 kB
Active:           355684 kB
Mem:          3.8G       3.7G       117M       5.7M        25M       3.2G

MemTotal:        4016004 kB
MemFree:          113956 kB
Active:           355720 kB
Mem:          3.8G       3.7G       110M       5.7M        25M       3.3G

MemTotal:        4016004 kB
MemFree:          129768 kB
Active:           355724 kB
Mem:          3.8G       3.7G       127M       5.7M        25M       3.2G

MemTotal:        4016004 kB
MemFree:          121552 kB
Active:           355732 kB
Mem:          3.8G       3.7G       118M       5.7M        25M       3.2G

MemTotal:        4016004 kB
MemFree:          140920 kB
Active:           355732 kB
Mem:          3.8G       3.7G       137M       5.7M        25M       3.2G

MemTotal:        4016004 kB
MemFree:          132744 kB
Active:           355732 kB
Mem:          3.8G       3.7G       129M       5.7M        25M       3.2G

MemTotal:        4016004 kB
MemFree:          123712 kB
Active:           355704 kB
Mem:          3.8G       3.7G       120M       5.7M        25M       3.2G

MemTotal:        4016004 kB
MemFree:          119964 kB
Active:           355744 kB
Mem:          3.8G       3.7G       116M       5.7M        25M       3.2G

MemTotal:        4016004 kB
MemFree:          119284 kB
Active:           355760 kB
Mem:          3.8G       3.7G       116M       5.7M        25M       3.2G

MemTotal:        4016004 kB
MemFree:          117848 kB
Active:           355756 kB
Mem:          3.8G       3.7G       115M       5.7M        25M       3.3G

MemTotal:        4016004 kB
MemFree:          110288 kB
Active:           355764 kB
Mem:          3.8G       3.7G       107M       5.7M        25M       3.3G

MemTotal:        4016004 kB
MemFree:          114272 kB
Active:           352576 kB
Mem:          3.8G       3.7G       111M       5.7M        25M       3.3G

MemTotal:        4016004 kB
MemFree:          118636 kB
Active:           352576 kB
Mem:          3.8G       3.7G       115M       5.7M        25M       3.2G

MemTotal:        4016004 kB
MemFree:          108940 kB
Active:           352532 kB
Mem:          3.8G       3.7G       105M       5.7M        25M       3.3G

MemTotal:        4016004 kB
MemFree:          134336 kB
Active:           352584 kB
Mem:          3.8G       3.7G       131M       5.7M        25M       3.2G

MemTotal:        4016004 kB
MemFree:          126728 kB
Active:           352588 kB
Mem:          3.8G       3.7G       123M       5.7M        25M       3.2G

MemTotal:        4016004 kB
MemFree:          110392 kB
Active:           352592 kB
Mem:          3.8G       3.7G       106M       5.7M        25M       3.3G

MemTotal:        4016004 kB
MemFree:          124752 kB
Active:           352592 kB
Mem:          3.8G       3.7G       121M       5.7M        25M       3.2G

MemTotal:        4016004 kB
MemFree:          107180 kB
Active:           352600 kB
Mem:          3.8G       3.7G       104M       5.7M        25M       3.3G

MemTotal:        4016004 kB
MemFree:          121920 kB
Active:           352600 kB
Mem:          3.8G       3.7G       118M       5.7M        25M       3.2G

MemTotal:        4016004 kB
MemFree:          114796 kB
Active:           352600 kB
Mem:          3.8G       3.7G       111M       5.7M        25M       3.3G

MemTotal:        4016004 kB
MemFree:          124576 kB
Active:           352632 kB
Mem:          3.8G       3.7G       121M       5.7M        25M       3.2G

MemTotal:        4016004 kB
MemFree:          116588 kB
Active:           352632 kB
Mem:          3.8G       3.7G       113M       5.7M        25M       3.2G

MemTotal:        4016004 kB
MemFree:          108972 kB
Active:           352636 kB
Mem:          3.8G       3.7G       106M       5.7M        25M       3.3G

MemTotal:        4016004 kB
MemFree:          112848 kB
Active:           352644 kB
Mem:          3.8G       3.7G       110M       5.7M        25M       3.3G

MemTotal:        4016004 kB
MemFree:          122976 kB
Active:           352644 kB
Mem:          3.8G       3.7G       119M       5.7M        25M       3.2G

MemTotal:        4016004 kB
MemFree:          140604 kB
Active:           352644 kB
Mem:          3.8G       3.7G       136M       5.7M        25M       3.2G

MemTotal:        4016004 kB
MemFree:          132748 kB
Active:           352348 kB
Mem:          3.8G       3.7G       129M       5.7M        25M       3.2G

MemTotal:        4016004 kB
MemFree:          142388 kB
Active:           352260 kB
Mem:          3.8G       3.7G       138M       5.7M        25M       3.2G

MemTotal:        4016004 kB
MemFree:          132172 kB
Active:           352268 kB
Mem:          3.8G       3.7G       129M       5.7M        25M       3.2G

MemTotal:        4016004 kB
MemFree:          127444 kB
Active:           352264 kB
Mem:          3.8G       3.7G       123M       5.7M        25M       3.2G

MemTotal:        4016004 kB
MemFree:          113440 kB
Active:           352272 kB
Mem:          3.8G       3.7G       110M       5.7M        26M       3.3G

MemTotal:        4016004 kB
MemFree:          112712 kB
Active:           352268 kB
Mem:          3.8G       3.7G       109M       5.7M        26M       3.3G

MemTotal:        4016004 kB
MemFree:          112788 kB
Active:           352356 kB
Mem:          3.8G       3.7G       110M       5.7M        26M       3.3G

MemTotal:        4016004 kB
MemFree:          112700 kB
Active:           352372 kB
Mem:          3.8G       3.7G       109M       5.7M        26M       3.3G

MemTotal:        4016004 kB
MemFree:          105832 kB
Active:           352412 kB
Mem:          3.8G       3.7G       103M       5.7M        26M       3.3G

MemTotal:        4016004 kB
MemFree:          131884 kB
Active:           352412 kB
Mem:          3.8G       3.7G       128M       5.7M        26M       3.2G

MemTotal:        4016004 kB
MemFree:          122364 kB
Active:           352412 kB
Mem:          3.8G       3.7G       119M       5.7M        26M       3.2G

MemTotal:        4016004 kB
MemFree:          113572 kB
Active:           352420 kB
Mem:          3.8G       3.7G       110M       5.7M        26M       3.3G

MemTotal:        4016004 kB
MemFree:          105912 kB
Active:           352420 kB
Mem:          3.8G       3.7G       103M       5.7M        26M       3.3G

MemTotal:        4016004 kB
MemFree:          134664 kB
Active:           352420 kB
Mem:          3.8G       3.7G       131M       5.7M        26M       3.2G

MemTotal:        4016004 kB
MemFree:          126792 kB
Active:           352420 kB
Mem:          3.8G       3.7G       123M       5.7M        26M       3.2G

MemTotal:        4016004 kB
MemFree:          115840 kB
Active:           352280 kB
Mem:          3.8G       3.7G       113M       5.7M        26M       3.2G

MemTotal:        4016004 kB
MemFree:          115456 kB
Active:           352212 kB
Mem:          3.8G       3.7G       112M       5.7M        26M       3.2G

MemTotal:        4016004 kB
MemFree:          115332 kB
Active:           352212 kB
Mem:          3.8G       3.7G       112M       5.7M        26M       3.2G

MemTotal:        4016004 kB
MemFree:          115704 kB
Active:           352176 kB
Mem:          3.8G       3.7G       113M       5.7M        26M       3.2G

MemTotal:        4016004 kB
MemFree:          115704 kB
Active:           352196 kB
Mem:          3.8G       3.7G       112M       5.7M        26M       3.2G

MemTotal:        4016004 kB
MemFree:          115332 kB
Active:           352212 kB
Mem:          3.8G       3.7G       112M       5.7M        26M       3.2G

MemTotal:        4016004 kB
MemFree:          115700 kB
Active:           352220 kB
Mem:          3.8G       3.7G       112M       5.7M        26M       3.2G

MemTotal:        4016004 kB
MemFree:          115532 kB
Active:           352232 kB
Mem:          3.8G       3.7G       112M       5.7M        26M       3.2G

MemTotal:        4016004 kB
MemFree:          115444 kB
Active:           352220 kB
Mem:          3.8G       3.7G       112M       5.7M        26M       3.2G

MemTotal:        4016004 kB
MemFree:          115388 kB
Active:           352236 kB
Mem:          3.8G       3.7G       112M       5.7M        26M       3.2G

MemTotal:        4016004 kB
MemFree:          115636 kB
Active:           352220 kB
Mem:          3.8G       3.7G       112M       5.7M        26M       3.2G

MemTotal:        4016004 kB
MemFree:          115388 kB
Active:           352200 kB
Mem:          3.8G       3.7G       112M       5.7M        26M       3.2G

MemTotal:        4016004 kB
MemFree:          115016 kB
Active:           352248 kB
Mem:          3.8G       3.7G       112M       5.7M        26M       3.2G

MemTotal:        4016004 kB
MemFree:          115264 kB
Active:           352252 kB
Mem:          3.8G       3.7G       112M       5.7M        26M       3.2G

MemTotal:        4016004 kB
MemFree:          115636 kB
Active:           352224 kB
Mem:          3.8G       3.7G       112M       5.7M        26M       3.2G

MemTotal:        4016004 kB
MemFree:          115760 kB
Active:           352216 kB
Mem:          3.8G       3.7G       113M       5.7M        26M       3.2G

MemTotal:        4016004 kB
MemFree:          115884 kB
Active:           352228 kB
Mem:          3.8G       3.7G       113M       5.7M        26M       3.2G

MemTotal:        4016004 kB
MemFree:          115760 kB
Active:           352208 kB
Mem:          3.8G       3.7G       112M       5.7M        26M       3.2G

MemTotal:        4016004 kB
MemFree:          115264 kB
Active:           352260 kB
Mem:          3.8G       3.7G       112M       5.7M        26M       3.2G

MemTotal:        4016004 kB
MemFree:          115636 kB
Active:           352248 kB
Mem:          3.8G       3.7G       112M       5.7M        26M       3.2G

MemTotal:        4016004 kB
MemFree:          115884 kB
Active:           352240 kB
Mem:          3.8G       3.7G       113M       5.7M        26M       3.2G

MemTotal:        4016004 kB
MemFree:          115388 kB
Active:           352268 kB
Mem:          3.8G       3.7G       112M       5.7M        26M       3.2G

MemTotal:        4016004 kB
MemFree:          115760 kB
Active:           352264 kB
Mem:          3.8G       3.7G       112M       5.7M        26M       3.2G

MemTotal:        4016004 kB
MemFree:          115760 kB
Active:           352212 kB
Mem:          3.8G       3.7G       113M       5.7M        26M       3.2G

MemTotal:        4016004 kB
MemFree:          115512 kB
Active:           352268 kB
Mem:          3.8G       3.7G       112M       5.7M        26M       3.2G

MemTotal:        4016004 kB
MemFree:          115512 kB
Active:           352268 kB
Mem:          3.8G       3.7G       112M       5.7M        26M       3.2G

MemTotal:        4016004 kB
MemFree:          115884 kB
Active:           352260 kB
Mem:          3.8G       3.7G       112M       5.7M        26M       3.2G

MemTotal:        4016004 kB
MemFree:          115884 kB
Active:           352244 kB
Mem:          3.8G       3.7G       113M       5.7M        26M       3.2G

MemTotal:        4016004 kB
MemFree:          115760 kB
Active:           352252 kB
Mem:          3.8G       3.7G       113M       5.7M        26M       3.2G

MemTotal:        4016004 kB
MemFree:          115760 kB
Active:           352244 kB
Mem:          3.8G       3.7G       113M       5.7M        26M       3.2G

MemTotal:        4016004 kB
MemFree:          115884 kB
Active:           352252 kB
Mem:          3.8G       3.7G       113M       5.7M        26M       3.2G

MemTotal:        4016004 kB
MemFree:          115636 kB
Active:           352256 kB
Mem:          3.8G       3.7G       112M       5.7M        26M       3.2G

MemTotal:        4016004 kB
MemFree:          115636 kB
Active:           352236 kB
Mem:          3.8G       3.7G       112M       5.7M        26M       3.2G

MemTotal:        4016004 kB
MemFree:          115636 kB
Active:           352244 kB
Mem:          3.8G       3.7G       112M       5.7M        26M       3.2G

MemTotal:        4016004 kB
MemFree:          115140 kB
Active:           352292 kB
