MemTotal:        4016004 kB
MemFree:         3224960 kB
Active:           432756 kB
Mem:          3.8G       772M       3.1G       5.7M        62M       314M

MemTotal:        4016004 kB
MemFree:         3225024 kB
Active:           432892 kB
Mem:          3.8G       772M       3.1G       5.7M        62M       315M

MemTotal:        4016004 kB
MemFree:         3225240 kB
Active:           432952 kB
Mem:          3.8G       772M       3.1G       5.7M        62M       315M

MemTotal:        4016004 kB
MemFree:         3225100 kB
Active:           432944 kB
Mem:          3.8G       772M       3.1G       5.7M        62M       315M

MemTotal:        4016004 kB
MemFree:         3224588 kB
Active:           432964 kB
Mem:          3.8G       772M       3.1G       5.7M        62M       315M

MemTotal:        4016004 kB
MemFree:         3225192 kB
Active:           432920 kB
Mem:          3.8G       772M       3.1G       5.7M        62M       315M

MemTotal:        4016004 kB
MemFree:         3225500 kB
Active:           432972 kB
Mem:          3.8G       772M       3.1G       5.7M        62M       315M

MemTotal:        4016004 kB
MemFree:         3225468 kB
Active:           432944 kB
Mem:          3.8G       772M       3.1G       5.7M        62M       315M

MemTotal:        4016004 kB
MemFree:         3225452 kB
Active:           432956 kB
Mem:          3.8G       772M       3.1G       5.7M        62M       315M

MemTotal:        4016004 kB
MemFree:         3225484 kB
Active:           432944 kB
Mem:          3.8G       772M       3.1G       5.7M        62M       315M

MemTotal:        4016004 kB
MemFree:         3225360 kB
Active:           432944 kB
Mem:          3.8G       772M       3.1G       5.7M        62M       315M

MemTotal:        4016004 kB
MemFree:         3225360 kB
Active:           432936 kB
Mem:          3.8G       772M       3.1G       5.7M        62M       315M

MemTotal:        4016004 kB
MemFree:         3225484 kB
Active:           432984 kB
Mem:          3.8G       772M       3.1G       5.7M        62M       315M

MemTotal:        4016004 kB
MemFree:         3224988 kB
Active:           432984 kB
Mem:          3.8G       772M       3.1G       5.7M        62M       315M

MemTotal:        4016004 kB
MemFree:         3225236 kB
Active:           432964 kB
Mem:          3.8G       772M       3.1G       5.7M        62M       315M

MemTotal:        4016004 kB
MemFree:         3225004 kB
Active:           432956 kB
Mem:          3.8G       772M       3.1G       5.7M        62M       315M

MemTotal:        4016004 kB
MemFree:         3225236 kB
Active:           432940 kB
Mem:          3.8G       771M       3.1G       5.7M        62M       315M

MemTotal:        4016004 kB
MemFree:         3225316 kB
Active:           432988 kB
Mem:          3.8G       772M       3.1G       5.7M        62M       315M

MemTotal:        4016004 kB
MemFree:         3225564 kB
Active:           432960 kB
Mem:          3.8G       772M       3.1G       5.7M        62M       315M

MemTotal:        4016004 kB
MemFree:         3225564 kB
Active:           432956 kB
Mem:          3.8G       771M       3.1G       5.7M        62M       315M

MemTotal:        4016004 kB
MemFree:         3225192 kB
Active:           433000 kB
Mem:          3.8G       771M       3.1G       5.7M        62M       315M

MemTotal:        4016004 kB
MemFree:         3225440 kB
Active:           433000 kB
Mem:          3.8G       772M       3.1G       5.7M        62M       315M

MemTotal:        4016004 kB
MemFree:         3225672 kB
Active:           432988 kB
Mem:          3.8G       772M       3.1G       5.7M        62M       315M

MemTotal:        4016004 kB
MemFree:         3225532 kB
Active:           432980 kB
Mem:          3.8G       772M       3.1G       5.7M        62M       315M

MemTotal:        4016004 kB
MemFree:         3225020 kB
Active:           433000 kB
Mem:          3.8G       772M       3.1G       5.7M        62M       315M

MemTotal:        4016004 kB
MemFree:         3225252 kB
Active:           432956 kB
Mem:          3.8G       772M       3.1G       5.7M        62M       315M

MemTotal:        4016004 kB
MemFree:         3225360 kB
Active:           432964 kB
Mem:          3.8G       772M       3.1G       5.7M        62M       315M

MemTotal:        4016004 kB
MemFree:         3225344 kB
Active:           432956 kB
Mem:          3.8G       772M       3.1G       5.7M        62M       315M

MemTotal:        4016004 kB
MemFree:         3225080 kB
Active:           433012 kB
Mem:          3.8G       772M       3.1G       5.7M        62M       315M

MemTotal:        4016004 kB
MemFree:         3225452 kB
Active:           432992 kB
Mem:          3.8G       771M       3.1G       5.7M        62M       315M

MemTotal:        4016004 kB
MemFree:         3225328 kB
Active:           432984 kB
Mem:          3.8G       772M       3.1G       5.7M        62M       315M

MemTotal:        4016004 kB
MemFree:         3224816 kB
Active:           433012 kB
Mem:          3.8G       772M       3.1G       5.7M        62M       315M

MemTotal:        4016004 kB
MemFree:         3224724 kB
Active:           433012 kB
Mem:          3.8G       772M       3.1G       5.7M        62M       315M

MemTotal:        4016004 kB
MemFree:         3224972 kB
Active:           433008 kB
Mem:          3.8G       772M       3.1G       5.7M        62M       315M

MemTotal:        4016004 kB
MemFree:         3224972 kB
Active:           433020 kB
Mem:          3.8G       772M       3.1G       5.7M        62M       315M

MemTotal:        4016004 kB
MemFree:         3224600 kB
Active:           433020 kB
Mem:          3.8G       772M       3.1G       5.7M        62M       315M

MemTotal:        4016004 kB
MemFree:         3225096 kB
Active:           432996 kB
Mem:          3.8G       772M       3.1G       5.7M        62M       315M

MemTotal:        4016004 kB
MemFree:         3225096 kB
Active:           432988 kB
Mem:          3.8G       772M       3.1G       5.7M        62M       315M

MemTotal:        4016004 kB
MemFree:         3225096 kB
Active:           432984 kB
Mem:          3.8G       772M       3.1G       5.7M        62M       315M

MemTotal:        4016004 kB
MemFree:         3224864 kB
Active:           433024 kB
Mem:          3.8G       772M       3.1G       5.7M        62M       315M

MemTotal:        4016004 kB
MemFree:         3224864 kB
Active:           432992 kB
Mem:          3.8G       772M       3.1G       5.7M        62M       315M

MemTotal:        4016004 kB
MemFree:         3224988 kB
Active:           433008 kB
Mem:          3.8G       772M       3.1G       5.7M        62M       315M

MemTotal:        4016004 kB
MemFree:         3224368 kB
Active:           433036 kB
Mem:          3.8G       772M       3.1G       5.7M        62M       315M

MemTotal:        4016004 kB
MemFree:         3224864 kB
Active:           432980 kB
Mem:          3.8G       772M       3.1G       5.7M        62M       315M

MemTotal:        4016004 kB
MemFree:         3225084 kB
Active:           433012 kB
Mem:          3.8G       772M       3.1G       5.7M        62M       315M

MemTotal:        4016004 kB
MemFree:         3225084 kB
Active:           432996 kB
Mem:          3.8G       772M       3.1G       5.7M        62M       315M

MemTotal:        4016004 kB
MemFree:         3224260 kB
Active:           430996 kB
Mem:          3.8G       773M       3.1G       5.7M        62M       315M

MemTotal:        4016004 kB
MemFree:         3225004 kB
Active:           433044 kB
Mem:          3.8G       772M       3.1G       5.7M        62M       315M

MemTotal:        4016004 kB
MemFree:         3225468 kB
Active:           433048 kB
Mem:          3.8G       772M       3.1G       5.7M        62M       315M

MemTotal:        4016004 kB
MemFree:         3225080 kB
Active:           433056 kB
Mem:          3.8G       772M       3.1G       5.7M        62M       315M

MemTotal:        4016004 kB
MemFree:         3224584 kB
Active:           433024 kB
Mem:          3.8G       772M       3.1G       5.7M        62M       315M

MemTotal:        4016004 kB
MemFree:         3224212 kB
Active:           433060 kB
Mem:          3.8G       772M       3.1G       5.7M        62M       315M

MemTotal:        4016004 kB
MemFree:         3224584 kB
Active:           433020 kB
Mem:          3.8G       772M       3.1G       5.7M        62M       315M

MemTotal:        4016004 kB
MemFree:         3224568 kB
Active:           433036 kB
Mem:          3.8G       773M       3.1G       5.7M        62M       315M

MemTotal:        4016004 kB
MemFree:         3224740 kB
Active:           433028 kB
Mem:          3.8G       772M       3.1G       5.7M        62M       315M

MemTotal:        4016004 kB
MemFree:         3224244 kB
Active:           433076 kB
Mem:          3.8G       773M       3.1G       5.7M        62M       315M

MemTotal:        4016004 kB
MemFree:         3224988 kB
Active:           433032 kB
Mem:          3.8G       772M       3.1G       5.7M        62M       315M

MemTotal:        4016004 kB
MemFree:         3224864 kB
Active:           433032 kB
Mem:          3.8G       772M       3.1G       5.7M        62M       315M

MemTotal:        4016004 kB
MemFree:         3224988 kB
Active:           433064 kB
Mem:          3.8G       772M       3.1G       5.7M        62M       315M

MemTotal:        4016004 kB
MemFree:         3225112 kB
Active:           433032 kB
Mem:          3.8G       772M       3.1G       5.7M        62M       315M

MemTotal:        4016004 kB
MemFree:         3224940 kB
Active:           433224 kB
Mem:          3.8G       772M       3.1G       5.7M        62M       315M

MemTotal:        4016004 kB
MemFree:         3109256 kB
Active:           433620 kB
Mem:          3.8G       886M       3.0G       5.7M        62M       427M

MemTotal:        4016004 kB
MemFree:         2996656 kB
Active:           433640 kB
Mem:          3.8G       995M       2.9G       5.7M        62M       534M

MemTotal:        4016004 kB
MemFree:         2876616 kB
Active:           433648 kB
Mem:          3.8G       1.1G       2.7G       5.7M        62M       650M

MemTotal:        4016004 kB
MemFree:         2868828 kB
Active:           433648 kB
Mem:          3.8G       1.1G       2.7G       5.7M        62M       657M

MemTotal:        4016004 kB
MemFree:         2816632 kB
Active:           433648 kB
Mem:          3.8G       1.1G       2.7G       5.7M        62M       708M

MemTotal:        4016004 kB
MemFree:         2770868 kB
Active:           433648 kB
Mem:          3.8G       1.2G       2.6G       5.7M        62M       751M

MemTotal:        4016004 kB
MemFree:         2731980 kB
Active:           433652 kB
Mem:          3.8G       1.2G       2.6G       5.7M        62M       790M

MemTotal:        4016004 kB
MemFree:         2671696 kB
Active:           433660 kB
Mem:          3.8G       1.3G       2.5G       5.7M        62M       846M

MemTotal:        4016004 kB
MemFree:         2670360 kB
Active:           433672 kB
Mem:          3.8G       1.3G       2.5G       5.7M        62M       848M

MemTotal:        4016004 kB
MemFree:         2668156 kB
Active:           433704 kB
Mem:          3.8G       1.3G       2.5G       5.7M        62M       849M

MemTotal:        4016004 kB
MemFree:         2667228 kB
Active:           433704 kB
Mem:          3.8G       1.3G       2.5G       5.7M        62M       850M

MemTotal:        4016004 kB
MemFree:         2617740 kB
Active:           433704 kB
Mem:          3.8G       1.3G       2.5G       5.7M        62M       898M

MemTotal:        4016004 kB
MemFree:         2555388 kB
Active:           433712 kB
Mem:          3.8G       1.4G       2.4G       5.7M        62M       959M

MemTotal:        4016004 kB
MemFree:         2421048 kB
Active:           433712 kB
Mem:          3.8G       1.5G       2.3G       5.7M        62M       1.1G

MemTotal:        4016004 kB
MemFree:         2316648 kB
Active:           433712 kB
Mem:          3.8G       1.6G       2.2G       5.7M        62M       1.2G

MemTotal:        4016004 kB
MemFree:         2314744 kB
Active:           431668 kB
Mem:          3.8G       1.6G       2.2G       5.7M        62M       1.2G

MemTotal:        4016004 kB
MemFree:         2216692 kB
Active:           433716 kB
Mem:          3.8G       1.7G       2.1G       5.7M        62M       1.3G

MemTotal:        4016004 kB
MemFree:         2215536 kB
Active:           433724 kB
Mem:          3.8G       1.7G       2.1G       5.7M        62M       1.3G

MemTotal:        4016004 kB
MemFree:         2149688 kB
Active:           433736 kB
Mem:          3.8G       1.8G       2.0G       5.7M        62M       1.3G

MemTotal:        4016004 kB
MemFree:         2116600 kB
Active:           433736 kB
Mem:          3.8G       1.8G       2.0G       5.7M        62M       1.3G

MemTotal:        4016004 kB
MemFree:         2114568 kB
Active:           433752 kB
Mem:          3.8G       1.8G       2.0G       5.7M        62M       1.3G

MemTotal:        4016004 kB
MemFree:         2112816 kB
Active:           433752 kB
Mem:          3.8G       1.8G       2.0G       5.7M        62M       1.4G

MemTotal:        4016004 kB
MemFree:         2112004 kB
Active:           433912 kB
Mem:          3.8G       1.8G       2.0G       5.7M        62M       1.4G

MemTotal:        4016004 kB
MemFree:         2016580 kB
Active:           433776 kB
Mem:          3.8G       1.9G       1.9G       5.7M        62M       1.4G

MemTotal:        4016004 kB
MemFree:         1884464 kB
Active:           433776 kB
Mem:          3.8G       2.0G       1.8G       5.7M        62M       1.6G

MemTotal:        4016004 kB
MemFree:         1763896 kB
Active:           433776 kB
Mem:          3.8G       2.1G       1.7G       5.7M        62M       1.7G

MemTotal:        4016004 kB
MemFree:         1763176 kB
Active:           433776 kB
Mem:          3.8G       2.1G       1.7G       5.7M        62M       1.7G

MemTotal:        4016004 kB
MemFree:         1672380 kB
Active:           433784 kB
Mem:          3.8G       2.2G       1.6G       5.7M        62M       1.8G

MemTotal:        4016004 kB
MemFree:         1663612 kB
Active:           433796 kB
Mem:          3.8G       2.2G       1.6G       5.7M        62M       1.8G

MemTotal:        4016004 kB
MemFree:         1570312 kB
Active:           433796 kB
Mem:          3.8G       2.3G       1.5G       5.7M        62M       1.9G

MemTotal:        4016004 kB
MemFree:         1561108 kB
Active:           433796 kB
Mem:          3.8G       2.3G       1.5G       5.7M        62M       1.9G

MemTotal:        4016004 kB
MemFree:         1559932 kB
Active:           433808 kB
Mem:          3.8G       2.3G       1.5G       5.7M        62M       1.9G

MemTotal:        4016004 kB
MemFree:         1559832 kB
Active:           433812 kB
Mem:          3.8G       2.3G       1.5G       5.7M        62M       1.9G

MemTotal:        4016004 kB
MemFree:         1559804 kB
Active:           433812 kB
Mem:          3.8G       2.3G       1.5G       5.7M        62M       1.9G

MemTotal:        4016004 kB
MemFree:         1518012 kB
Active:           433816 kB
Mem:          3.8G       2.4G       1.4G       5.7M        62M       1.9G

MemTotal:        4016004 kB
MemFree:         1412992 kB
Active:           433816 kB
Mem:          3.8G       2.5G       1.3G       5.7M        62M       2.0G

MemTotal:        4016004 kB
MemFree:         1283744 kB
Active:           433820 kB
Mem:          3.8G       2.6G       1.2G       5.7M        62M       2.1G

MemTotal:        4016004 kB
MemFree:         1208628 kB
Active:           433828 kB
Mem:          3.8G       2.7G       1.2G       5.7M        62M       2.2G

MemTotal:        4016004 kB
MemFree:         1197904 kB
Active:           433832 kB
Mem:          3.8G       2.7G       1.1G       5.7M        62M       2.2G

MemTotal:        4016004 kB
MemFree:         1109824 kB
Active:           433884 kB
Mem:          3.8G       2.8G       1.1G       5.7M        62M       2.3G

MemTotal:        4016004 kB
MemFree:         1049760 kB
Active:           433884 kB
Mem:          3.8G       2.8G       1.0G       5.7M        62M       2.4G

MemTotal:        4016004 kB
MemFree:         1009764 kB
Active:           433884 kB
Mem:          3.8G       2.9G       985M       5.7M        62M       2.4G

MemTotal:        4016004 kB
MemFree:          993164 kB
Active:           433892 kB
Mem:          3.8G       2.9G       969M       5.7M        62M       2.4G

MemTotal:        4016004 kB
MemFree:          917392 kB
Active:           433900 kB
Mem:          3.8G       3.0G       895M       5.7M        62M       2.5G

MemTotal:        4016004 kB
MemFree:          915452 kB
Active:           431892 kB
Mem:          3.8G       3.0G       894M       5.7M        62M       2.5G

MemTotal:        4016004 kB
MemFree:          914832 kB
Active:           433948 kB
Mem:          3.8G       3.0G       893M       5.7M        62M       2.5G

MemTotal:        4016004 kB
MemFree:          914384 kB
Active:           433948 kB
Mem:          3.8G       3.0G       892M       5.7M        62M       2.5G

MemTotal:        4016004 kB
MemFree:          858988 kB
Active:           433956 kB
Mem:          3.8G       3.0G       837M       5.7M        62M       2.5G

MemTotal:        4016004 kB
MemFree:          745876 kB
Active:           433956 kB
Mem:          3.8G       3.1G       727M       5.7M        62M       2.6G

MemTotal:        4016004 kB
MemFree:          630176 kB
Active:           433956 kB
Mem:          3.8G       3.2G       615M       5.7M        62M       2.7G

MemTotal:        4016004 kB
MemFree:          560992 kB
Active:           433956 kB
Mem:          3.8G       3.3G       546M       5.7M        62M       2.8G

MemTotal:        4016004 kB
MemFree:          549720 kB
Active:           433956 kB
Mem:          3.8G       3.3G       536M       5.7M        62M       2.8G

MemTotal:        4016004 kB
MemFree:          522792 kB
Active:           433964 kB
Mem:          3.8G       3.3G       509M       5.7M        62M       2.8G

MemTotal:        4016004 kB
MemFree:          465340 kB
Active:           433976 kB
Mem:          3.8G       3.4G       454M       5.7M        62M       2.9G

MemTotal:        4016004 kB
MemFree:          405756 kB
Active:           433976 kB
Mem:          3.8G       3.4G       395M       5.7M        62M       3.0G

MemTotal:        4016004 kB
MemFree:          382964 kB
Active:           433980 kB
Mem:          3.8G       3.5G       373M       5.7M        62M       3.0G

MemTotal:        4016004 kB
MemFree:          380444 kB
Active:           433992 kB
Mem:          3.8G       3.5G       371M       5.7M        62M       3.0G

MemTotal:        4016004 kB
MemFree:          379872 kB
Active:           433992 kB
Mem:          3.8G       3.5G       370M       5.7M        62M       3.0G

MemTotal:        4016004 kB
MemFree:          379436 kB
Active:           433996 kB
Mem:          3.8G       3.5G       370M       5.7M        62M       3.0G

MemTotal:        4016004 kB
MemFree:          315528 kB
Active:           434008 kB
Mem:          3.8G       3.5G       307M       5.7M        62M       3.0G

MemTotal:        4016004 kB
MemFree:          204184 kB
Active:           434008 kB
Mem:          3.8G       3.6G       198M       5.7M        62M       3.1G

MemTotal:        4016004 kB
MemFree:          128980 kB
Active:           437236 kB
Mem:          3.8G       3.7G       127M       5.7M        27M       3.2G

MemTotal:        4016004 kB
MemFree:          110544 kB
Active:           462556 kB
Mem:          3.8G       3.7G       154M       5.7M        27M       3.2G

MemTotal:        4016004 kB
MemFree:          154196 kB
Active:           488492 kB
Mem:          3.8G       3.7G       133M       5.7M        27M       3.2G

MemTotal:        4016004 kB
MemFree:          133700 kB
Active:           490536 kB
Mem:          3.8G       3.7G       130M       5.7M        27M       3.2G

MemTotal:        4016004 kB
MemFree:          120532 kB
Active:           483220 kB
Mem:          3.8G       3.7G       117M       5.7M        27M       3.3G

MemTotal:        4016004 kB
MemFree:          116780 kB
Active:           483220 kB
Mem:          3.8G       3.7G       113M       5.7M        27M       3.3G

MemTotal:        4016004 kB
MemFree:          127912 kB
Active:           475924 kB
Mem:          3.8G       3.7G       124M       5.7M        27M       3.2G

MemTotal:        4016004 kB
MemFree:          127224 kB
Active:           475940 kB
Mem:          3.8G       3.7G       124M       5.7M        27M       3.2G

MemTotal:        4016004 kB
MemFree:          127100 kB
Active:           475944 kB
Mem:          3.8G       3.7G       124M       5.7M        27M       3.2G

MemTotal:        4016004 kB
MemFree:          127228 kB
Active:           475944 kB
Mem:          3.8G       3.7G       124M       5.7M        27M       3.2G

MemTotal:        4016004 kB
MemFree:          128412 kB
Active:           474156 kB
Mem:          3.8G       3.7G       123M       5.7M        27M       3.2G

MemTotal:        4016004 kB
MemFree:          119840 kB
Active:           454372 kB
Mem:          3.8G       3.7G       115M       5.7M        27M       3.3G

MemTotal:        4016004 kB
MemFree:          124248 kB
Active:           443476 kB
Mem:          3.8G       3.7G       121M       5.7M        27M       3.3G

MemTotal:        4016004 kB
MemFree:          128312 kB
Active:           440932 kB
Mem:          3.8G       3.7G       125M       5.7M        27M       3.2G

MemTotal:        4016004 kB
MemFree:          127628 kB
Active:           439284 kB
Mem:          3.8G       3.7G       123M       5.7M        27M       3.2G

MemTotal:        4016004 kB
MemFree:          136988 kB
Active:           438132 kB
Mem:          3.8G       3.7G       133M       5.7M        27M       3.2G

MemTotal:        4016004 kB
MemFree:          151584 kB
Active:           433796 kB
Mem:          3.8G       3.7G       148M       5.7M        27M       3.2G

MemTotal:        4016004 kB
MemFree:          129496 kB
Active:           432776 kB
Mem:          3.8G       3.7G       125M       5.7M        27M       3.2G

MemTotal:        4016004 kB
MemFree:          147652 kB
Active:           432008 kB
Mem:          3.8G       3.7G       144M       5.7M        27M       3.2G

MemTotal:        4016004 kB
MemFree:          135712 kB
Active:           430356 kB
Mem:          3.8G       3.7G       132M       5.7M        27M       3.2G

MemTotal:        4016004 kB
MemFree:          133856 kB
Active:           430364 kB
Mem:          3.8G       3.7G       130M       5.7M        27M       3.2G

MemTotal:        4016004 kB
MemFree:          133116 kB
Active:           430376 kB
Mem:          3.8G       3.7G       129M       5.7M        27M       3.2G

MemTotal:        4016004 kB
MemFree:          132096 kB
Active:           430376 kB
Mem:          3.8G       3.7G       128M       5.7M        27M       3.2G

MemTotal:        4016004 kB
MemFree:          137008 kB
Active:           427564 kB
Mem:          3.8G       3.7G       133M       5.7M        27M       3.2G

MemTotal:        4016004 kB
MemFree:          127096 kB
Active:           426932 kB
Mem:          3.8G       3.7G       123M       5.7M        27M       3.3G

MemTotal:        4016004 kB
MemFree:          139000 kB
Active:           416348 kB
Mem:          3.8G       3.7G       135M       5.7M        27M       3.2G

MemTotal:        4016004 kB
MemFree:          105952 kB
Active:           413916 kB
Mem:          3.8G       3.7G       103M       5.7M        27M       3.3G

MemTotal:        4016004 kB
MemFree:          139616 kB
Active:           411996 kB
Mem:          3.8G       3.7G       135M       5.7M        27M       3.2G

MemTotal:        4016004 kB
MemFree:          126744 kB
Active:           409560 kB
Mem:          3.8G       3.7G       123M       5.7M        27M       3.3G

MemTotal:        4016004 kB
MemFree:          107736 kB
Active:           408292 kB
Mem:          3.8G       3.7G       104M       5.7M        27M       3.3G

MemTotal:        4016004 kB
MemFree:          106592 kB
Active:           408308 kB
Mem:          3.8G       3.7G       103M       5.7M        27M       3.3G

MemTotal:        4016004 kB
MemFree:          113560 kB
Active:           405240 kB
Mem:          3.8G       3.7G       109M       5.7M        27M       3.3G

MemTotal:        4016004 kB
MemFree:          110100 kB
Active:           405244 kB
Mem:          3.8G       3.7G       107M       5.7M        27M       3.3G

MemTotal:        4016004 kB
MemFree:          109020 kB
Active:           405256 kB
Mem:          3.8G       3.7G       106M       5.7M        27M       3.3G

MemTotal:        4016004 kB
MemFree:          109088 kB
Active:           405256 kB
Mem:          3.8G       3.7G       106M       5.7M        27M       3.3G

MemTotal:        4016004 kB
MemFree:          113608 kB
Active:           402192 kB
Mem:          3.8G       3.7G       132M       5.7M        27M       3.2G

MemTotal:        4016004 kB
MemFree:          130928 kB
Active:           397712 kB
Mem:          3.8G       3.7G       127M       5.7M        27M       3.2G

MemTotal:        4016004 kB
MemFree:          129584 kB
Active:           396304 kB
Mem:          3.8G       3.7G       125M       5.7M        27M       3.2G

MemTotal:        4016004 kB
MemFree:          138236 kB
Active:           394000 kB
Mem:          3.8G       3.7G       134M       5.7M        27M       3.2G

MemTotal:        4016004 kB
MemFree:          128996 kB
Active:           392344 kB
Mem:          3.8G       3.7G       125M       5.7M        27M       3.2G

MemTotal:        4016004 kB
MemFree:          111348 kB
Active:           391832 kB
Mem:          3.8G       3.7G       107M       5.7M        27M       3.3G

MemTotal:        4016004 kB
MemFree:          139284 kB
Active:           389656 kB
Mem:          3.8G       3.7G       136M       5.7M        27M       3.2G

MemTotal:        4016004 kB
MemFree:          121504 kB
Active:           388380 kB
Mem:          3.8G       3.7G       118M       5.7M        27M       3.3G

MemTotal:        4016004 kB
MemFree:          120248 kB
Active:           388396 kB
Mem:          3.8G       3.7G       117M       5.7M        27M       3.3G

MemTotal:        4016004 kB
MemFree:          120032 kB
Active:           388412 kB
Mem:          3.8G       3.7G       117M       5.7M        27M       3.3G

MemTotal:        4016004 kB
MemFree:          120020 kB
Active:           388416 kB
Mem:          3.8G       3.7G       116M       5.7M        27M       3.3G

MemTotal:        4016004 kB
MemFree:          120088 kB
Active:           388416 kB
Mem:          3.8G       3.7G       117M       5.7M        27M       3.3G

MemTotal:        4016004 kB
MemFree:          127124 kB
Active:           386244 kB
Mem:          3.8G       3.7G       123M       5.7M        27M       3.2G

MemTotal:        4016004 kB
MemFree:          122000 kB
Active:           382148 kB
Mem:          3.8G       3.7G       117M       5.7M        27M       3.3G

MemTotal:        4016004 kB
MemFree:          116280 kB
Active:           378316 kB
Mem:          3.8G       3.7G       112M       5.7M        27M       3.3G

MemTotal:        4016004 kB
MemFree:          117144 kB
Active:           372032 kB
Mem:          3.8G       3.7G       113M       5.7M        27M       3.3G

MemTotal:        4016004 kB
MemFree:          133492 kB
Active:           372036 kB
Mem:          3.8G       3.7G       130M       5.7M        27M       3.2G

MemTotal:        4016004 kB
MemFree:          146132 kB
Active:           372036 kB
Mem:          3.8G       3.7G       141M       5.7M        27M       3.2G

MemTotal:        4016004 kB
MemFree:          108884 kB
Active:           372048 kB
Mem:          3.8G       3.7G       105M       5.7M        27M       3.3G

MemTotal:        4016004 kB
MemFree:          136168 kB
Active:           372052 kB
Mem:          3.8G       3.7G       132M       5.7M        27M       3.2G

MemTotal:        4016004 kB
MemFree:          136360 kB
Active:           372064 kB
Mem:          3.8G       3.7G       133M       5.7M        27M       3.2G

MemTotal:        4016004 kB
MemFree:          136392 kB
Active:           372076 kB
Mem:          3.8G       3.7G       133M       5.7M        27M       3.2G

MemTotal:        4016004 kB
MemFree:          135180 kB
Active:           372080 kB
Mem:          3.8G       3.7G       131M       5.7M        27M       3.2G

MemTotal:        4016004 kB
MemFree:          139060 kB
Active:           372084 kB
Mem:          3.8G       3.7G       135M       5.7M        27M       3.2G

MemTotal:        4016004 kB
MemFree:          125940 kB
Active:           371908 kB
Mem:          3.8G       3.7G       122M       5.7M        27M       3.2G

MemTotal:        4016004 kB
MemFree:          141648 kB
Active:           371908 kB
Mem:          3.8G       3.7G       137M       5.7M        27M       3.2G

MemTotal:        4016004 kB
MemFree:          142128 kB
Active:           371928 kB
Mem:          3.8G       3.7G       138M       5.7M        27M       3.2G

MemTotal:        4016004 kB
MemFree:          109128 kB
Active:           368972 kB
Mem:          3.8G       3.7G       106M       5.7M        27M       3.3G

MemTotal:        4016004 kB
MemFree:          138372 kB
Active:           368972 kB
Mem:          3.8G       3.7G       134M       5.7M        27M       3.2G

MemTotal:        4016004 kB
MemFree:          123432 kB
Active:           368972 kB
Mem:          3.8G       3.7G       119M       5.7M        27M       3.3G

MemTotal:        4016004 kB
MemFree:          132412 kB
Active:           368976 kB
Mem:          3.8G       3.7G       129M       5.7M        27M       3.2G

MemTotal:        4016004 kB
MemFree:          132632 kB
Active:           368976 kB
Mem:          3.8G       3.7G       129M       5.7M        27M       3.2G

MemTotal:        4016004 kB
MemFree:          148760 kB
Active:           368992 kB
Mem:          3.8G       3.7G       145M       5.7M        27M       3.2G

MemTotal:        4016004 kB
MemFree:          148152 kB
Active:           369004 kB
Mem:          3.8G       3.7G       144M       5.7M        27M       3.2G

MemTotal:        4016004 kB
MemFree:          147192 kB
Active:           369004 kB
Mem:          3.8G       3.7G       143M       5.7M        27M       3.2G

MemTotal:        4016004 kB
MemFree:          145368 kB
Active:           369008 kB
Mem:          3.8G       3.7G       141M       5.7M        27M       3.2G

MemTotal:        4016004 kB
MemFree:          138940 kB
Active:           369008 kB
Mem:          3.8G       3.7G       135M       5.7M        27M       3.2G

MemTotal:        4016004 kB
MemFree:          143632 kB
Active:           368972 kB
Mem:          3.8G       3.7G       139M       5.7M        27M       3.2G

MemTotal:        4016004 kB
MemFree:          116196 kB
Active:           368972 kB
Mem:          3.8G       3.7G       112M       5.7M        27M       3.3G

MemTotal:        4016004 kB
MemFree:          126688 kB
Active:           368972 kB
Mem:          3.8G       3.7G       123M       5.7M        27M       3.2G

MemTotal:        4016004 kB
MemFree:          134588 kB
Active:           368972 kB
Mem:          3.8G       3.7G       131M       5.7M        27M       3.2G

MemTotal:        4016004 kB
MemFree:          134932 kB
Active:           368800 kB
Mem:          3.8G       3.7G       131M       5.7M        27M       3.2G

MemTotal:        4016004 kB
MemFree:          108520 kB
Active:           368808 kB
Mem:          3.8G       3.7G       105M       5.7M        27M       3.3G

MemTotal:        4016004 kB
MemFree:          107312 kB
Active:           368828 kB
Mem:          3.8G       3.7G       103M       5.7M        27M       3.3G

MemTotal:        4016004 kB
MemFree:          133220 kB
Active:           368828 kB
Mem:          3.8G       3.7G       129M       5.7M        27M       3.2G

MemTotal:        4016004 kB
MemFree:          130932 kB
Active:           368840 kB
Mem:          3.8G       3.7G       127M       5.7M        27M       3.2G

MemTotal:        4016004 kB
MemFree:          130020 kB
Active:           368840 kB
Mem:          3.8G       3.7G       126M       5.7M        27M       3.2G

MemTotal:        4016004 kB
MemFree:          128380 kB
Active:           368840 kB
Mem:          3.8G       3.7G       125M       5.7M        27M       3.2G

MemTotal:        4016004 kB
MemFree:          125448 kB
Active:           368852 kB
Mem:          3.8G       3.7G       121M       5.7M        27M       3.2G

MemTotal:        4016004 kB
MemFree:          122264 kB
Active:           367300 kB
Mem:          3.8G       3.7G       118M       5.7M        27M       3.3G

MemTotal:        4016004 kB
MemFree:          128672 kB
Active:           367112 kB
Mem:          3.8G       3.7G       124M       5.7M        27M       3.2G

MemTotal:        4016004 kB
MemFree:          129784 kB
Active:           367116 kB
Mem:          3.8G       3.7G       126M       5.7M        27M       3.2G

MemTotal:        4016004 kB
MemFree:          127128 kB
Active:           367116 kB
Mem:          3.8G       3.7G       123M       5.7M        27M       3.2G

MemTotal:        4016004 kB
MemFree:          128940 kB
Active:           367116 kB
Mem:          3.8G       3.7G       125M       5.7M        27M       3.2G

MemTotal:        4016004 kB
MemFree:          120280 kB
Active:           362956 kB
Mem:          3.8G       3.7G       117M       5.7M        27M       3.3G

MemTotal:        4016004 kB
MemFree:          128092 kB
Active:           362968 kB
Mem:          3.8G       3.7G       125M       5.7M        27M       3.2G

MemTotal:        4016004 kB
MemFree:          127352 kB
Active:           362972 kB
Mem:          3.8G       3.7G       124M       5.7M        27M       3.2G

MemTotal:        4016004 kB
MemFree:          126636 kB
Active:           362980 kB
Mem:          3.8G       3.7G       123M       5.7M        27M       3.2G

MemTotal:        4016004 kB
MemFree:          123032 kB
Active:           362960 kB
Mem:          3.8G       3.7G       120M       5.7M        27M       3.2G

MemTotal:        4016004 kB
MemFree:          123316 kB
Active:           365008 kB
Mem:          3.8G       3.7G       120M       5.7M        27M       3.2G

MemTotal:        4016004 kB
MemFree:          123284 kB
Active:           364760 kB
Mem:          3.8G       3.7G       119M       5.7M        27M       3.2G

MemTotal:        4016004 kB
MemFree:          127220 kB
Active:           364760 kB
Mem:          3.8G       3.7G       124M       5.7M        27M       3.2G

MemTotal:        4016004 kB
MemFree:          141976 kB
Active:           362476 kB
Mem:          3.8G       3.7G       138M       5.7M        27M       3.2G

MemTotal:        4016004 kB
MemFree:          127968 kB
Active:           362348 kB
Mem:          3.8G       3.7G       125M       5.7M        27M       3.2G

MemTotal:        4016004 kB
MemFree:          115352 kB
Active:           362352 kB
Mem:          3.8G       3.7G       111M       5.7M        27M       3.3G

MemTotal:        4016004 kB
MemFree:          136564 kB
Active:           362376 kB
Mem:          3.8G       3.7G       133M       5.7M        27M       3.2G

MemTotal:        4016004 kB
MemFree:          123612 kB
Active:           362376 kB
Mem:          3.8G       3.7G       120M       5.7M        27M       3.2G

MemTotal:        4016004 kB
MemFree:          114484 kB
Active:           362376 kB
Mem:          3.8G       3.7G       111M       5.7M        27M       3.3G

MemTotal:        4016004 kB
MemFree:          121840 kB
Active:           360968 kB
Mem:          3.8G       3.7G       118M       5.7M        27M       3.2G

MemTotal:        4016004 kB
MemFree:          120524 kB
Active:           360980 kB
Mem:          3.8G       3.7G       117M       5.7M        27M       3.2G

MemTotal:        4016004 kB
MemFree:          119812 kB
Active:           360980 kB
Mem:          3.8G       3.7G       117M       5.7M        27M       3.2G

MemTotal:        4016004 kB
MemFree:          119816 kB
Active:           360984 kB
Mem:          3.8G       3.7G       117M       5.7M        27M       3.2G

MemTotal:        4016004 kB
MemFree:          120100 kB
Active:           360984 kB
Mem:          3.8G       3.7G       117M       5.7M        27M       3.2G

MemTotal:        4016004 kB
MemFree:          116656 kB
Active:           358284 kB
Mem:          3.8G       3.7G       112M       5.7M        27M       3.3G

MemTotal:        4016004 kB
MemFree:          133728 kB
Active:           358284 kB
Mem:          3.8G       3.7G       129M       5.7M        27M       3.2G

MemTotal:        4016004 kB
MemFree:          141028 kB
Active:           358292 kB
Mem:          3.8G       3.7G       136M       5.7M        27M       3.2G

MemTotal:        4016004 kB
MemFree:          149152 kB
Active:           355908 kB
Mem:          3.8G       3.7G       145M       5.7M        27M       3.2G

MemTotal:        4016004 kB
MemFree:          136856 kB
Active:           355908 kB
Mem:          3.8G       3.7G       133M       5.7M        27M       3.2G

MemTotal:        4016004 kB
MemFree:          104808 kB
Active:           355908 kB
Mem:          3.8G       3.7G       123M       5.7M        27M       3.2G

MemTotal:        4016004 kB
MemFree:          120832 kB
Active:           353608 kB
Mem:          3.8G       3.7G       117M       5.7M        27M       3.2G

MemTotal:        4016004 kB
MemFree:          148748 kB
Active:           353616 kB
Mem:          3.8G       3.7G       144M       5.7M        27M       3.2G

MemTotal:        4016004 kB
MemFree:          147188 kB
Active:           353628 kB
Mem:          3.8G       3.7G       143M       5.7M        27M       3.2G

MemTotal:        4016004 kB
MemFree:          146324 kB
Active:           353628 kB
Mem:          3.8G       3.7G       142M       5.7M        27M       3.2G

MemTotal:        4016004 kB
MemFree:          145584 kB
Active:           353628 kB
Mem:          3.8G       3.7G       141M       5.7M        27M       3.2G

MemTotal:        4016004 kB
MemFree:          135024 kB
Active:           353628 kB
Mem:          3.8G       3.7G       130M       5.7M        27M       3.2G

MemTotal:        4016004 kB
MemFree:          145220 kB
Active:           353632 kB
Mem:          3.8G       3.7G       141M       5.7M        27M       3.2G

MemTotal:        4016004 kB
MemFree:          135512 kB
Active:           352180 kB
Mem:          3.8G       3.7G       131M       5.7M        27M       3.2G

MemTotal:        4016004 kB
MemFree:          132704 kB
Active:           352100 kB
Mem:          3.8G       3.7G       129M       5.7M        27M       3.2G

MemTotal:        4016004 kB
MemFree:          127840 kB
Active:           351984 kB
Mem:          3.8G       3.7G       122M       5.7M        27M       3.2G

MemTotal:        4016004 kB
MemFree:          141268 kB
Active:           351984 kB
Mem:          3.8G       3.7G       138M       5.7M        27M       3.2G

MemTotal:        4016004 kB
MemFree:          113988 kB
Active:           351996 kB
Mem:          3.8G       3.7G       110M       5.7M        27M       3.3G

MemTotal:        4016004 kB
MemFree:          126024 kB
Active:           351996 kB
Mem:          3.8G       3.7G       122M       5.7M        27M       3.2G

MemTotal:        4016004 kB
MemFree:          142108 kB
Active:           352004 kB
Mem:          3.8G       3.7G       138M       5.7M        27M       3.2G

MemTotal:        4016004 kB
MemFree:          141104 kB
Active:           352012 kB
Mem:          3.8G       3.7G       137M       5.7M        27M       3.2G

MemTotal:        4016004 kB
MemFree:          140764 kB
Active:           352016 kB
Mem:          3.8G       3.7G       137M       5.7M        27M       3.2G

MemTotal:        4016004 kB
MemFree:          140948 kB
Active:           352036 kB
Mem:          3.8G       3.7G       137M       5.7M        27M       3.2G

MemTotal:        4016004 kB
MemFree:          141056 kB
Active:           352040 kB
Mem:          3.8G       3.7G       137M       5.7M        27M       3.2G

MemTotal:        4016004 kB
MemFree:          128792 kB
Active:           352044 kB
Mem:          3.8G       3.7G       125M       5.7M        27M       3.2G

MemTotal:        4016004 kB
MemFree:          131064 kB
Active:           350584 kB
Mem:          3.8G       3.7G       126M       5.7M        27M       3.2G

MemTotal:        4016004 kB
MemFree:          119136 kB
Active:           350588 kB
Mem:          3.8G       3.7G       114M       5.7M        27M       3.2G

MemTotal:        4016004 kB
MemFree:          139808 kB
Active:           350588 kB
Mem:          3.8G       3.7G       136M       5.7M        27M       3.2G

MemTotal:        4016004 kB
MemFree:          139232 kB
Active:           350608 kB
Mem:          3.8G       3.7G       135M       5.7M        27M       3.2G

MemTotal:        4016004 kB
MemFree:          135432 kB
Active:           350616 kB
Mem:          3.8G       3.7G       131M       5.7M        27M       3.2G

MemTotal:        4016004 kB
MemFree:          150120 kB
Active:           350616 kB
Mem:          3.8G       3.7G       146M       5.7M        27M       3.2G

MemTotal:        4016004 kB
MemFree:          123412 kB
Active:           350620 kB
Mem:          3.8G       3.7G       120M       5.7M        27M       3.2G

MemTotal:        4016004 kB
MemFree:          138536 kB
Active:           350624 kB
Mem:          3.8G       3.7G       135M       5.7M        27M       3.2G

MemTotal:        4016004 kB
MemFree:          136548 kB
Active:           350656 kB
Mem:          3.8G       3.7G       133M       5.7M        27M       3.2G

MemTotal:        4016004 kB
MemFree:          135900 kB
Active:           350656 kB
Mem:          3.8G       3.7G       132M       5.7M        27M       3.2G

MemTotal:        4016004 kB
MemFree:          134228 kB
Active:           351036 kB
Mem:          3.8G       3.7G       130M       5.7M        27M       3.2G

MemTotal:        4016004 kB
MemFree:          127236 kB
Active:           348764 kB
Mem:          3.8G       3.7G       123M       5.7M        27M       3.2G

MemTotal:        4016004 kB
MemFree:          124772 kB
Active:           348596 kB
Mem:          3.8G       3.7G       121M       5.7M        27M       3.2G

MemTotal:        4016004 kB
MemFree:          131356 kB
Active:           348604 kB
Mem:          3.8G       3.7G       127M       5.7M        27M       3.2G

MemTotal:        4016004 kB
MemFree:          143456 kB
Active:           348604 kB
Mem:          3.8G       3.7G       140M       5.7M        27M       3.2G

MemTotal:        4016004 kB
MemFree:          124760 kB
Active:           348604 kB
Mem:          3.8G       3.7G       120M       5.7M        27M       3.2G

MemTotal:        4016004 kB
MemFree:          130604 kB
Active:           348604 kB
Mem:          3.8G       3.7G       127M       5.7M        27M       3.2G

MemTotal:        4016004 kB
MemFree:          139268 kB
Active:           348604 kB
Mem:          3.8G       3.7G       135M       5.7M        27M       3.2G

MemTotal:        4016004 kB
MemFree:          120260 kB
Active:           348484 kB
Mem:          3.8G       3.7G       116M       5.7M        27M       3.2G

MemTotal:        4016004 kB
MemFree:          119460 kB
Active:           348500 kB
Mem:          3.8G       3.7G       116M       5.7M        27M       3.2G

MemTotal:        4016004 kB
MemFree:          118808 kB
Active:           348524 kB
Mem:          3.8G       3.7G       115M       5.7M        27M       3.2G

MemTotal:        4016004 kB
MemFree:          118064 kB
Active:           348524 kB
Mem:          3.8G       3.7G       114M       5.7M        27M       3.2G

MemTotal:        4016004 kB
MemFree:          110520 kB
Active:           348528 kB
Mem:          3.8G       3.7G       106M       5.7M        27M       3.3G

MemTotal:        4016004 kB
MemFree:          127804 kB
Active:           346240 kB
Mem:          3.8G       3.7G       124M       5.7M        27M       3.2G

MemTotal:        4016004 kB
MemFree:          127828 kB
Active:           346124 kB
Mem:          3.8G       3.7G       124M       5.7M        27M       3.2G

MemTotal:        4016004 kB
MemFree:          128236 kB
Active:           346124 kB
Mem:          3.8G       3.7G       124M       5.7M        27M       3.2G

MemTotal:        4016004 kB
MemFree:          140436 kB
Active:           346124 kB
Mem:          3.8G       3.7G       137M       5.7M        27M       3.2G

MemTotal:        4016004 kB
MemFree:          129104 kB
Active:           346124 kB
Mem:          3.8G       3.7G       125M       5.7M        27M       3.2G

MemTotal:        4016004 kB
MemFree:          140268 kB
Active:           346132 kB
Mem:          3.8G       3.7G       136M       5.7M        27M       3.2G

MemTotal:        4016004 kB
MemFree:          138644 kB
Active:           346132 kB
Mem:          3.8G       3.7G       134M       5.7M        27M       3.2G

MemTotal:        4016004 kB
MemFree:          130800 kB
Active:           346144 kB
Mem:          3.8G       3.7G       127M       5.7M        27M       3.2G

MemTotal:        4016004 kB
MemFree:          127888 kB
Active:           346144 kB
Mem:          3.8G       3.7G       124M       5.7M        27M       3.2G

MemTotal:        4016004 kB
MemFree:          126804 kB
Active:           346156 kB
Mem:          3.8G       3.7G       123M       5.7M        27M       3.2G

MemTotal:        4016004 kB
MemFree:          126280 kB
Active:           346156 kB
Mem:          3.8G       3.7G       123M       5.7M        27M       3.2G

MemTotal:        4016004 kB
MemFree:          132724 kB
Active:           346168 kB
Mem:          3.8G       3.7G       127M       5.7M        27M       3.2G

MemTotal:        4016004 kB
MemFree:          137908 kB
Active:           345984 kB
Mem:          3.8G       3.7G       133M       5.7M        27M       3.2G

MemTotal:        4016004 kB
MemFree:          128460 kB
Active:           345996 kB
Mem:          3.8G       3.7G       124M       5.7M        27M       3.2G

MemTotal:        4016004 kB
MemFree:          128192 kB
Active:           346000 kB
Mem:          3.8G       3.7G       125M       5.7M        27M       3.2G

MemTotal:        4016004 kB
MemFree:          103572 kB
Active:           345668 kB
Mem:          3.8G       3.7G       101M       5.7M        27M       3.3G

MemTotal:        4016004 kB
MemFree:          103356 kB
Active:           347716 kB
Mem:          3.8G       3.7G       100M       5.7M        27M       3.3G

MemTotal:        4016004 kB
MemFree:          103232 kB
Active:           347716 kB
Mem:          3.8G       3.7G       100M       5.7M        27M       3.3G

MemTotal:        4016004 kB
MemFree:          103232 kB
Active:           347716 kB
Mem:          3.8G       3.7G       100M       5.7M        27M       3.3G

MemTotal:        4016004 kB
MemFree:          103232 kB
Active:           347724 kB
Mem:          3.8G       3.7G       100M       5.7M        27M       3.3G

MemTotal:        4016004 kB
MemFree:          103072 kB
Active:           347724 kB
Mem:          3.8G       3.7G       100M       5.7M        27M       3.3G

MemTotal:        4016004 kB
MemFree:          127168 kB
Active:           347224 kB
Mem:          3.8G       3.7G       124M       5.7M        27M       3.2G

MemTotal:        4016004 kB
MemFree:          127608 kB
Active:           347224 kB
Mem:          3.8G       3.7G       124M       5.7M        27M       3.2G

MemTotal:        4016004 kB
MemFree:          127676 kB
Active:           347224 kB
Mem:          3.8G       3.7G       124M       5.7M        27M       3.2G

MemTotal:        4016004 kB
MemFree:          127772 kB
Active:           347224 kB
Mem:          3.8G       3.7G       124M       5.7M        27M       3.2G

MemTotal:        4016004 kB
MemFree:          127644 kB
Active:           346224 kB
Mem:          3.8G       3.7G       124M       5.7M        27M       3.2G

MemTotal:        4016004 kB
MemFree:          127768 kB
Active:           348280 kB
Mem:          3.8G       3.7G       124M       5.7M        27M       3.2G

MemTotal:        4016004 kB
MemFree:          127768 kB
Active:           348284 kB
Mem:          3.8G       3.7G       124M       5.7M        27M       3.2G

MemTotal:        4016004 kB
MemFree:          127644 kB
Active:           348284 kB
Mem:          3.8G       3.7G       124M       5.7M        27M       3.2G

MemTotal:        4016004 kB
MemFree:          127768 kB
Active:           348284 kB
Mem:          3.8G       3.7G       124M       5.7M        27M       3.2G

MemTotal:        4016004 kB
MemFree:          127840 kB
Active:           348052 kB
Mem:          3.8G       3.7G       124M       5.7M        27M       3.2G

MemTotal:        4016004 kB
MemFree:          127716 kB
Active:           348012 kB
Mem:          3.8G       3.7G       124M       5.7M        27M       3.2G

MemTotal:        4016004 kB
MemFree:          127964 kB
Active:           347996 kB
Mem:          3.8G       3.7G       124M       5.7M        27M       3.2G

MemTotal:        4016004 kB
MemFree:          128032 kB
Active:           348056 kB
Mem:          3.8G       3.7G       125M       5.7M        27M       3.2G

MemTotal:        4016004 kB
MemFree:          127660 kB
Active:           348064 kB
Mem:          3.8G       3.7G       124M       5.7M        27M       3.2G

MemTotal:        4016004 kB
MemFree:          127088 kB
Active:           346172 kB
Mem:          3.8G       3.7G       124M       5.7M        27M       3.2G

MemTotal:        4016004 kB
MemFree:          127336 kB
Active:           348220 kB
Mem:          3.8G       3.7G       124M       5.7M        27M       3.2G

MemTotal:        4016004 kB
MemFree:          127708 kB
Active:           348212 kB
Mem:          3.8G       3.7G       124M       5.7M        27M       3.2G

MemTotal:        4016004 kB
MemFree:          127212 kB
Active:           348252 kB
Mem:          3.8G       3.7G       124M       5.7M        27M       3.2G

MemTotal:        4016004 kB
MemFree:          126964 kB
Active:           348216 kB
Mem:          3.8G       3.7G       123M       5.7M        27M       3.2G

MemTotal:        4016004 kB
MemFree:          126964 kB
Active:           348248 kB
Mem:          3.8G       3.7G       124M       5.7M        27M       3.2G

MemTotal:        4016004 kB
MemFree:          126592 kB
Active:           348256 kB
Mem:          3.8G       3.7G       123M       5.7M        27M       3.2G

MemTotal:        4016004 kB
MemFree:          126840 kB
Active:           348236 kB
Mem:          3.8G       3.7G       123M       5.7M        27M       3.2G

MemTotal:        4016004 kB
MemFree:          126716 kB
Active:           348240 kB
Mem:          3.8G       3.7G       123M       5.7M        27M       3.2G

MemTotal:        4016004 kB
MemFree:          126592 kB
Active:           348256 kB
Mem:          3.8G       3.7G       123M       5.7M        27M       3.2G

MemTotal:        4016004 kB
MemFree:          127088 kB
Active:           348256 kB
Mem:          3.8G       3.7G       124M       5.7M        27M       3.2G

MemTotal:        4016004 kB
MemFree:          127464 kB
Active:           348216 kB
Mem:          3.8G       3.7G       124M       5.7M        27M       3.2G

MemTotal:        4016004 kB
MemFree:          127588 kB
Active:           348220 kB
Mem:          3.8G       3.7G       124M       5.7M        27M       3.2G

MemTotal:        4016004 kB
MemFree:          127216 kB
Active:           348264 kB
Mem:          3.8G       3.7G       124M       5.7M        27M       3.2G

MemTotal:        4016004 kB
MemFree:          127216 kB
Active:           348264 kB
Mem:          3.8G       3.7G       124M       5.7M        27M       3.2G

MemTotal:        4016004 kB
MemFree:          127588 kB
Active:           348252 kB
Mem:          3.8G       3.7G       124M       5.7M        27M       3.2G

MemTotal:        4016004 kB
MemFree:          127340 kB
Active:           348268 kB
Mem:          3.8G       3.7G       124M       5.7M        27M       3.2G

MemTotal:        4016004 kB
MemFree:          127464 kB
Active:           348244 kB
Mem:          3.8G       3.7G       124M       5.7M        27M       3.2G

MemTotal:        4016004 kB
MemFree:          127092 kB
Active:           348272 kB
Mem:          3.8G       3.7G       124M       5.7M        27M       3.2G

MemTotal:        4016004 kB
MemFree:          127464 kB
Active:           348244 kB
Mem:          3.8G       3.7G       124M       5.7M        27M       3.2G

MemTotal:        4016004 kB
MemFree:          127092 kB
Active:           348280 kB
Mem:          3.8G       3.7G       124M       5.7M        27M       3.2G

MemTotal:        4016004 kB
MemFree:          127464 kB
Active:           348280 kB
Mem:          3.8G       3.7G       124M       5.7M        27M       3.2G

MemTotal:        4016004 kB
MemFree:          127588 kB
Active:           348224 kB
Mem:          3.8G       3.7G       124M       5.7M        27M       3.2G

MemTotal:        4016004 kB
MemFree:          127588 kB
Active:           348240 kB
Mem:          3.8G       3.7G       124M       5.7M        27M       3.2G

MemTotal:        4016004 kB
MemFree:          127712 kB
Active:           348260 kB
Mem:          3.8G       3.7G       124M       5.7M        27M       3.2G

MemTotal:        4016004 kB
MemFree:          127712 kB
Active:           348272 kB
Mem:          3.8G       3.7G       124M       5.7M        27M       3.2G

MemTotal:        4016004 kB
MemFree:          127712 kB
Active:           348288 kB
Mem:          3.8G       3.7G       124M       5.7M        27M       3.2G

MemTotal:        4016004 kB
MemFree:          127464 kB
Active:           348252 kB
Mem:          3.8G       3.7G       124M       5.7M        27M       3.2G

MemTotal:        4016004 kB
MemFree:          127340 kB
Active:           348284 kB
Mem:          3.8G       3.7G       124M       5.7M        27M       3.2G

MemTotal:        4016004 kB
MemFree:          127464 kB
Active:           348256 kB
Mem:          3.8G       3.7G       124M       5.7M        27M       3.2G

MemTotal:        4016004 kB
MemFree:          127464 kB
Active:           348244 kB
Mem:          3.8G       3.7G       124M       5.7M        27M       3.2G

MemTotal:        4016004 kB
MemFree:          127496 kB
Active:           348296 kB
Mem:          3.8G       3.7G       124M       5.7M        27M       3.2G

MemTotal:        4016004 kB
MemFree:          127496 kB
Active:           348288 kB
Mem:          3.8G       3.7G       124M       5.7M        27M       3.2G

MemTotal:        4016004 kB
MemFree:          127496 kB
Active:           348268 kB
Mem:          3.8G       3.7G       124M       5.7M        27M       3.2G

MemTotal:        4016004 kB
MemFree:          127496 kB
Active:           348272 kB
Mem:          3.8G       3.7G       124M       5.7M        27M       3.2G

MemTotal:        4016004 kB
MemFree:          127124 kB
Active:           348316 kB
Mem:          3.8G       3.7G       124M       5.7M        27M       3.2G

MemTotal:        4016004 kB
MemFree:          127372 kB
Active:           348272 kB
Mem:          3.8G       3.7G       124M       5.7M        27M       3.2G

MemTotal:        4016004 kB
MemFree:          127496 kB
Active:           348260 kB
Mem:          3.8G       3.7G       124M       5.7M        27M       3.2G

MemTotal:        4016004 kB
MemFree:          127248 kB
Active:           348324 kB
Mem:          3.8G       3.7G       124M       5.7M        27M       3.2G

MemTotal:        4016004 kB
MemFree:          127620 kB
Active:           348292 kB
Mem:          3.8G       3.7G       124M       5.7M        27M       3.2G

MemTotal:        4016004 kB
MemFree:          127620 kB
Active:           348284 kB
Mem:          3.8G       3.7G       124M       5.7M        27M       3.2G

MemTotal:        4016004 kB
MemFree:          127248 kB
Active:           348324 kB
Mem:          3.8G       3.7G       124M       5.7M        27M       3.2G

MemTotal:        4016004 kB
MemFree:          127496 kB
Active:           348308 kB
Mem:          3.8G       3.7G       124M       5.7M        27M       3.2G

MemTotal:        4016004 kB
MemFree:          127620 kB
Active:           348276 kB
Mem:          3.8G       3.7G       124M       5.7M        27M       3.2G

MemTotal:        4016004 kB
MemFree:          127000 kB
Active:           348324 kB
Mem:          3.8G       3.7G       124M       5.7M        27M       3.2G

MemTotal:        4016004 kB
MemFree:          126752 kB
Active:           348324 kB
Mem:          3.8G       3.7G       124M       5.7M        27M       3.2G

MemTotal:        4016004 kB
MemFree:          127248 kB
Active:           348308 kB
Mem:          3.8G       3.7G       124M       5.7M        27M       3.2G

MemTotal:        4016004 kB
MemFree:          127124 kB
Active:           348328 kB
Mem:          3.8G       3.7G       124M       5.7M        27M       3.2G

MemTotal:        4016004 kB
MemFree:          127248 kB
Active:           348328 kB
Mem:          3.8G       3.7G       124M       5.7M        27M       3.2G

MemTotal:        4016004 kB
MemFree:          127248 kB
Active:           348336 kB
Mem:          3.8G       3.7G       124M       5.7M        27M       3.2G

MemTotal:        4016004 kB
MemFree:          125572 kB
Active:           348256 kB
Mem:          3.8G       3.7G       122M       5.7M        27M       3.2G

MemTotal:        4016004 kB
MemFree:          125076 kB
Active:           350360 kB
Mem:          3.8G       3.7G       121M       5.7M        27M       3.2G

MemTotal:        4016004 kB
MemFree:          124828 kB
Active:           350364 kB
Mem:          3.8G       3.7G       122M       5.7M        27M       3.2G

MemTotal:        4016004 kB
MemFree:          125324 kB
Active:           350356 kB
Mem:          3.8G       3.7G       122M       5.7M        27M       3.2G

MemTotal:        4016004 kB
MemFree:          125200 kB
Active:           350372 kB
Mem:          3.8G       3.7G       122M       5.7M        27M       3.2G

MemTotal:        4016004 kB
MemFree:          125076 kB
Active:           350372 kB
Mem:          3.8G       3.7G       122M       5.7M        27M       3.2G

MemTotal:        4016004 kB
MemFree:          125076 kB
Active:           350372 kB
Mem:          3.8G       3.7G       122M       5.7M        27M       3.2G

MemTotal:        4016004 kB
MemFree:          125572 kB
Active:           350324 kB
Mem:          3.8G       3.7G       122M       5.7M        27M       3.2G

MemTotal:        4016004 kB
MemFree:          125076 kB
Active:           350372 kB
Mem:          3.8G       3.7G       122M       5.7M        27M       3.2G

MemTotal:        4016004 kB
MemFree:          125448 kB
Active:           350356 kB
Mem:          3.8G       3.7G       122M       5.7M        27M       3.2G

MemTotal:        4016004 kB
MemFree:          125696 kB
Active:           350348 kB
Mem:          3.8G       3.7G       122M       5.7M        27M       3.2G

MemTotal:        4016004 kB
MemFree:          125820 kB
Active:           350340 kB
Mem:          3.8G       3.7G       122M       5.7M        27M       3.2G

MemTotal:        4016004 kB
MemFree:          125572 kB
Active:           350376 kB
Mem:          3.8G       3.7G       122M       5.7M        27M       3.2G

MemTotal:        4016004 kB
MemFree:          125076 kB
Active:           350376 kB
Mem:          3.8G       3.7G       122M       5.7M        27M       3.2G

MemTotal:        4016004 kB
MemFree:          125448 kB
Active:           350340 kB
Mem:          3.8G       3.7G       122M       5.7M        27M       3.2G

MemTotal:        4016004 kB
MemFree:          125448 kB
Active:           350324 kB
Mem:          3.8G       3.7G       122M       5.7M        27M       3.2G

MemTotal:        4016004 kB
MemFree:          125076 kB
Active:           350376 kB
Mem:          3.8G       3.7G       122M       5.7M        27M       3.2G

MemTotal:        4016004 kB
MemFree:          125200 kB
Active:           350384 kB
Mem:          3.8G       3.7G       122M       5.7M        27M       3.2G

MemTotal:        4016004 kB
MemFree:          125200 kB
Active:           350348 kB
Mem:          3.8G       3.7G       122M       5.7M        27M       3.2G

MemTotal:        4016004 kB
MemFree:          125200 kB
Active:           350384 kB
Mem:          3.8G       3.7G       122M       5.7M        27M       3.2G

MemTotal:        4016004 kB
MemFree:          123648 kB
Active:           350328 kB
Mem:          3.8G       3.7G       120M       5.7M        27M       3.2G

MemTotal:        4016004 kB
MemFree:          123772 kB
Active:           350304 kB
Mem:          3.8G       3.7G       120M       5.7M        27M       3.2G

MemTotal:        4016004 kB
MemFree:          123664 kB
Active:           352400 kB
Mem:          3.8G       3.7G       120M       5.7M        27M       3.2G

MemTotal:        4016004 kB
MemFree:          123680 kB
Active:           352372 kB
Mem:          3.8G       3.7G       120M       5.7M        27M       3.2G

MemTotal:        4016004 kB
MemFree:          123680 kB
Active:           352408 kB
Mem:          3.8G       3.7G       120M       5.7M        27M       3.2G

MemTotal:        4016004 kB
MemFree:          123184 kB
Active:           352416 kB
Mem:          3.8G       3.7G       120M       5.7M        27M       3.2G

MemTotal:        4016004 kB
MemFree:          123184 kB
Active:           352416 kB
Mem:          3.8G       3.7G       120M       5.7M        27M       3.2G

MemTotal:        4016004 kB
MemFree:          123308 kB
Active:           352412 kB
Mem:          3.8G       3.7G       120M       5.7M        27M       3.2G

MemTotal:        4016004 kB
MemFree:          123556 kB
Active:           352380 kB
Mem:          3.8G       3.7G       120M       5.7M        27M       3.2G

MemTotal:        4016004 kB
MemFree:          123308 kB
Active:           352372 kB
Mem:          3.8G       3.7G       120M       5.7M        27M       3.2G

MemTotal:        4016004 kB
MemFree:          123184 kB
Active:           352400 kB
Mem:          3.8G       3.7G       120M       5.7M        27M       3.2G

MemTotal:        4016004 kB
MemFree:          123432 kB
Active:           352384 kB
Mem:          3.8G       3.7G       120M       5.7M        27M       3.2G

MemTotal:        4016004 kB
MemFree:          123432 kB
Active:           352384 kB
Mem:          3.8G       3.7G       120M       5.7M        27M       3.2G

MemTotal:        4016004 kB
MemFree:          122936 kB
Active:           352432 kB
Mem:          3.8G       3.7G       120M       5.7M        27M       3.2G

MemTotal:        4016004 kB
MemFree:          123308 kB
Active:           352400 kB
Mem:          3.8G       3.7G       120M       5.7M        27M       3.2G

MemTotal:        4016004 kB
MemFree:          123184 kB
Active:           352436 kB
Mem:          3.8G       3.7G       120M       5.7M        27M       3.2G

MemTotal:        4016004 kB
MemFree:          123060 kB
Active:           352440 kB
Mem:          3.8G       3.7G       120M       5.7M        27M       3.2G

MemTotal:        4016004 kB
MemFree:          122936 kB
Active:           352448 kB
Mem:          3.8G       3.7G       120M       5.7M        27M       3.2G

MemTotal:        4016004 kB
MemFree:          123308 kB
Active:           352412 kB
Mem:          3.8G       3.7G       120M       5.7M        27M       3.2G

MemTotal:        4016004 kB
MemFree:          122812 kB
Active:           352452 kB
Mem:          3.8G       3.7G       120M       5.7M        27M       3.2G

MemTotal:        4016004 kB
MemFree:          122812 kB
Active:           352452 kB
Mem:          3.8G       3.7G       120M       5.7M        27M       3.2G

MemTotal:        4016004 kB
MemFree:          123308 kB
Active:           352420 kB
Mem:          3.8G       3.7G       120M       5.7M        27M       3.2G

MemTotal:        4016004 kB
MemFree:          122688 kB
Active:           352456 kB
Mem:          3.8G       3.7G       119M       5.7M        27M       3.2G

MemTotal:        4016004 kB
MemFree:          123176 kB
Active:           352400 kB
Mem:          3.8G       3.7G       120M       5.7M        27M       3.2G

MemTotal:        4016004 kB
MemFree:          123548 kB
Active:           352432 kB
Mem:          3.8G       3.7G       120M       5.7M        27M       3.2G

MemTotal:        4016004 kB
MemFree:          123548 kB
Active:           352416 kB
Mem:          3.8G       3.7G       120M       5.7M        27M       3.2G

MemTotal:        4016004 kB
MemFree:          123052 kB
Active:           352464 kB
Mem:          3.8G       3.7G       120M       5.7M        27M       3.2G

MemTotal:        4016004 kB
MemFree:          123672 kB
Active:           352440 kB
Mem:          3.8G       3.7G       120M       5.7M        27M       3.2G

MemTotal:        4016004 kB
MemFree:          123796 kB
Active:           352460 kB
Mem:          3.8G       3.7G       120M       5.7M        27M       3.2G

MemTotal:        4016004 kB
MemFree:          123796 kB
Active:           352440 kB
Mem:          3.8G       3.7G       120M       5.7M        27M       3.2G

MemTotal:        4016004 kB
MemFree:          123176 kB
Active:           352464 kB
Mem:          3.8G       3.7G       120M       5.7M        27M       3.2G

MemTotal:        4016004 kB
MemFree:          123548 kB
Active:           352432 kB
Mem:          3.8G       3.7G       120M       5.7M        27M       3.2G

MemTotal:        4016004 kB
MemFree:          123548 kB
Active:           352432 kB
Mem:          3.8G       3.7G       120M       5.7M        27M       3.2G

MemTotal:        4016004 kB
MemFree:          123548 kB
Active:           352432 kB
Mem:          3.8G       3.7G       120M       5.7M        27M       3.2G

MemTotal:        4016004 kB
MemFree:          123672 kB
Active:           352440 kB
Mem:          3.8G       3.7G       120M       5.7M        27M       3.2G

MemTotal:        4016004 kB
MemFree:          123548 kB
Active:           352448 kB
Mem:          3.8G       3.7G       120M       5.7M        27M       3.2G

MemTotal:        4016004 kB
MemFree:          123548 kB
Active:           352436 kB
Mem:          3.8G       3.7G       120M       5.7M        27M       3.2G

MemTotal:        4016004 kB
MemFree:          123052 kB
Active:           352480 kB
Mem:          3.8G       3.7G       120M       5.7M        27M       3.2G

MemTotal:        4016004 kB
MemFree:          123424 kB
Active:           352452 kB
Mem:          3.8G       3.7G       120M       5.7M        27M       3.2G

MemTotal:        4016004 kB
MemFree:          123424 kB
Active:           352436 kB
Mem:          3.8G       3.7G       120M       5.7M        27M       3.2G

MemTotal:        4016004 kB
MemFree:          123672 kB
Active:           352432 kB
Mem:          3.8G       3.7G       120M       5.7M        27M       3.2G

MemTotal:        4016004 kB
MemFree:          123672 kB
Active:           352428 kB
Mem:          3.8G       3.7G       120M       5.7M        27M       3.2G

MemTotal:        4016004 kB
MemFree:          123548 kB
Active:           352428 kB
Mem:          3.8G       3.7G       120M       5.7M        27M       3.2G

MemTotal:        4016004 kB
MemFree:          123052 kB
Active:           352480 kB
Mem:          3.8G       3.7G       120M       5.7M        27M       3.2G

MemTotal:        4016004 kB
MemFree:          123672 kB
Active:           352460 kB
Mem:          3.8G       3.7G       120M       5.7M        27M       3.2G

MemTotal:        4016004 kB
MemFree:          123672 kB
Active:           352464 kB
Mem:          3.8G       3.7G       120M       5.7M        27M       3.2G

MemTotal:        4016004 kB
MemFree:          123920 kB
Active:           352452 kB
Mem:          3.8G       3.7G       120M       5.7M        27M       3.2G

MemTotal:        4016004 kB
MemFree:          123796 kB
Active:           352448 kB
Mem:          3.8G       3.7G       120M       5.7M        27M       3.2G

MemTotal:        4016004 kB
MemFree:          123424 kB
Active:           352444 kB
Mem:          3.8G       3.7G       120M       5.7M        27M       3.2G

MemTotal:        4016004 kB
MemFree:          123424 kB
Active:           352480 kB
Mem:          3.8G       3.7G       120M       5.7M        27M       3.2G

MemTotal:        4016004 kB
MemFree:          123548 kB
Active:           352468 kB
Mem:          3.8G       3.7G       120M       5.7M        27M       3.2G

MemTotal:        4016004 kB
MemFree:          122928 kB
Active:           352492 kB
Mem:          3.8G       3.7G       120M       5.7M        27M       3.2G

MemTotal:        4016004 kB
MemFree:          123052 kB
Active:           352500 kB
Mem:          3.8G       3.7G       120M       5.7M        27M       3.2G

MemTotal:        4016004 kB
MemFree:          123672 kB
Active:           352448 kB
Mem:          3.8G       3.7G       120M       5.7M        27M       3.2G

MemTotal:        4016004 kB
MemFree:          123672 kB
Active:           352452 kB
Mem:          3.8G       3.7G       120M       5.7M        27M       3.2G

MemTotal:        4016004 kB
MemFree:          123300 kB
Active:           352500 kB
Mem:          3.8G       3.7G       120M       5.7M        27M       3.2G

MemTotal:        4016004 kB
MemFree:          123424 kB
Active:           352488 kB
Mem:          3.8G       3.7G       120M       5.7M        27M       3.2G

MemTotal:        4016004 kB
MemFree:          123052 kB
Active:           352504 kB
Mem:          3.8G       3.7G       120M       5.7M        27M       3.2G

MemTotal:        4016004 kB
MemFree:          123052 kB
Active:           352464 kB
Mem:          3.8G       3.7G       120M       5.7M        27M       3.2G

MemTotal:        4016004 kB
MemFree:          123424 kB
Active:           352468 kB
Mem:          3.8G       3.7G       120M       5.7M        27M       3.2G

MemTotal:        4016004 kB
MemFree:          123300 kB
Active:           352464 kB
Mem:          3.8G       3.7G       120M       5.7M        27M       3.2G

MemTotal:        4016004 kB
MemFree:          123052 kB
Active:           352512 kB
Mem:          3.8G       3.7G       120M       5.7M        27M       3.2G

MemTotal:        4016004 kB
MemFree:          123176 kB
Active:           352484 kB
Mem:          3.8G       3.7G       120M       5.7M        27M       3.2G

MemTotal:        4016004 kB
MemFree:          123300 kB
Active:           352472 kB
Mem:          3.8G       3.7G       120M       5.7M        27M       3.2G

MemTotal:        4016004 kB
MemFree:          123176 kB
Active:           352460 kB
Mem:          3.8G       3.7G       120M       5.7M        27M       3.2G

MemTotal:        4016004 kB
MemFree:          122804 kB
Active:           352516 kB
Mem:          3.8G       3.7G       119M       5.7M        27M       3.2G

MemTotal:        4016004 kB
MemFree:          122688 kB
Active:           352524 kB
Mem:          3.8G       3.7G       119M       5.7M        27M       3.2G

MemTotal:        4016004 kB
MemFree:          123184 kB
Active:           352516 kB
Mem:          3.8G       3.7G       120M       5.7M        27M       3.2G

MemTotal:        4016004 kB
MemFree:          123184 kB
Active:           352516 kB
Mem:          3.8G       3.7G       120M       5.7M        27M       3.2G

MemTotal:        4016004 kB
MemFree:          123184 kB
Active:           352512 kB
Mem:          3.8G       3.7G       120M       5.7M        27M       3.2G

MemTotal:        4016004 kB
MemFree:          121260 kB
Active:           352508 kB
Mem:          3.8G       3.7G       118M       5.7M        27M       3.2G

MemTotal:        4016004 kB
MemFree:          121136 kB
Active:           354536 kB
Mem:          3.8G       3.7G       118M       5.7M        27M       3.2G

MemTotal:        4016004 kB
MemFree:          121136 kB
Active:           354580 kB
Mem:          3.8G       3.7G       118M       5.7M        27M       3.2G

MemTotal:        4016004 kB
MemFree:          121384 kB
Active:           354576 kB
Mem:          3.8G       3.7G       118M       5.7M        27M       3.2G

MemTotal:        4016004 kB
MemFree:          121136 kB
Active:           354564 kB
Mem:          3.8G       3.7G       118M       5.7M        27M       3.2G

MemTotal:        4016004 kB
MemFree:          121260 kB
Active:           354564 kB
Mem:          3.8G       3.7G       118M       5.7M        27M       3.2G

MemTotal:        4016004 kB
MemFree:          121136 kB
Active:           354572 kB
Mem:          3.8G       3.7G       118M       5.7M        27M       3.2G

MemTotal:        4016004 kB
MemFree:          121136 kB
Active:           354572 kB
Mem:          3.8G       3.7G       118M       5.7M        27M       3.2G

MemTotal:        4016004 kB
MemFree:          121136 kB
Active:           354536 kB
Mem:          3.8G       3.7G       118M       5.7M        27M       3.2G

MemTotal:        4016004 kB
MemFree:          121260 kB
Active:           354552 kB
Mem:          3.8G       3.7G       118M       5.7M        27M       3.2G

MemTotal:        4016004 kB
MemFree:          121260 kB
Active:           354536 kB
Mem:          3.8G       3.7G       118M       5.7M        27M       3.2G

MemTotal:        4016004 kB
MemFree:          120764 kB
Active:           354604 kB
Mem:          3.8G       3.7G       117M       5.7M        27M       3.2G

MemTotal:        4016004 kB
MemFree:          121260 kB
Active:           354560 kB
Mem:          3.8G       3.7G       118M       5.7M        27M       3.2G

MemTotal:        4016004 kB
MemFree:          121136 kB
Active:           354552 kB
Mem:          3.8G       3.7G       118M       5.7M        27M       3.2G

MemTotal:        4016004 kB
MemFree:          121136 kB
Active:           354588 kB
Mem:          3.8G       3.7G       118M       5.7M        27M       3.2G

MemTotal:        4016004 kB
MemFree:          120640 kB
Active:           354608 kB
Mem:          3.8G       3.7G       117M       5.7M        27M       3.2G

MemTotal:        4016004 kB
MemFree:          121012 kB
Active:           354588 kB
Mem:          3.8G       3.7G       118M       5.7M        27M       3.2G

MemTotal:        4016004 kB
MemFree:          121136 kB
Active:           354592 kB
Mem:          3.8G       3.7G       118M       5.7M        27M       3.2G

MemTotal:        4016004 kB
MemFree:          120888 kB
Active:           354620 kB
Mem:          3.8G       3.7G       118M       5.7M        27M       3.2G

MemTotal:        4016004 kB
MemFree:          121260 kB
Active:           354588 kB
Mem:          3.8G       3.7G       118M       5.7M        27M       3.2G

MemTotal:        4016004 kB
MemFree:          121260 kB
Active:           354580 kB
Mem:          3.8G       3.7G       118M       5.7M        27M       3.2G

MemTotal:        4016004 kB
MemFree:          121136 kB
Active:           354616 kB
Mem:          3.8G       3.7G       118M       5.7M        27M       3.2G

MemTotal:        4016004 kB
MemFree:          120888 kB
Active:           354620 kB
Mem:          3.8G       3.7G       118M       5.7M        27M       3.2G

MemTotal:        4016004 kB
MemFree:          121384 kB
Active:           354604 kB
Mem:          3.8G       3.7G       118M       5.7M        27M       3.2G

MemTotal:        4016004 kB
MemFree:          120888 kB
Active:           354648 kB
Mem:          3.8G       3.7G       117M       5.7M        27M       3.2G

MemTotal:        4016004 kB
MemFree:          120640 kB
Active:           354656 kB
Mem:          3.8G       3.7G       117M       5.7M        27M       3.2G

MemTotal:        4016004 kB
MemFree:          120500 kB
Active:           354708 kB
Mem:          3.8G       3.7G       117M       5.7M        27M       3.2G

