MemTotal:        4016004 kB
MemFree:         3235580 kB
Active:           426796 kB
Mem:          3.8G       761M       3.1G       5.7M        52M       323M

MemTotal:        4016004 kB
MemFree:         3235920 kB
Active:           426780 kB
Mem:          3.8G       761M       3.1G       5.7M        52M       323M

MemTotal:        4016004 kB
MemFree:         3236168 kB
Active:           426852 kB
Mem:          3.8G       761M       3.1G       5.7M        52M       323M

MemTotal:        4016004 kB
MemFree:         3236120 kB
Active:           426824 kB
Mem:          3.8G       761M       3.1G       5.7M        52M       323M

MemTotal:        4016004 kB
MemFree:         3235780 kB
Active:           426820 kB
Mem:          3.8G       761M       3.1G       5.7M        52M       323M

MemTotal:        4016004 kB
MemFree:         3235516 kB
Active:           426828 kB
Mem:          3.8G       762M       3.1G       5.7M        52M       323M

MemTotal:        4016004 kB
MemFree:         3235872 kB
Active:           426812 kB
Mem:          3.8G       761M       3.1G       5.7M        52M       323M

MemTotal:        4016004 kB
MemFree:         3235608 kB
Active:           426860 kB
Mem:          3.8G       762M       3.1G       5.7M        52M       323M

MemTotal:        4016004 kB
MemFree:         3235484 kB
Active:           426824 kB
Mem:          3.8G       762M       3.1G       5.7M        52M       323M

MemTotal:        4016004 kB
MemFree:         3235376 kB
Active:           426808 kB
Mem:          3.8G       762M       3.1G       5.7M        52M       323M

MemTotal:        4016004 kB
MemFree:         3235376 kB
Active:           426808 kB
Mem:          3.8G       762M       3.1G       5.7M        52M       323M

MemTotal:        4016004 kB
MemFree:         3235128 kB
Active:           426864 kB
Mem:          3.8G       762M       3.1G       5.7M        52M       323M

MemTotal:        4016004 kB
MemFree:         3235376 kB
Active:           426836 kB
Mem:          3.8G       762M       3.1G       5.7M        52M       323M

MemTotal:        4016004 kB
MemFree:         3233312 kB
Active:           426836 kB
Mem:          3.8G       764M       3.1G       5.7M        52M       323M

MemTotal:        4016004 kB
MemFree:         3233576 kB
Active:           428836 kB
Mem:          3.8G       764M       3.1G       5.7M        52M       323M

MemTotal:        4016004 kB
MemFree:         3233236 kB
Active:           428904 kB
Mem:          3.8G       764M       3.1G       5.7M        52M       323M

MemTotal:        4016004 kB
MemFree:         3233716 kB
Active:           428868 kB
Mem:          3.8G       763M       3.1G       5.7M        52M       323M

MemTotal:        4016004 kB
MemFree:         3233840 kB
Active:           428852 kB
Mem:          3.8G       763M       3.1G       5.7M        52M       323M

MemTotal:        4016004 kB
MemFree:         3233840 kB
Active:           428904 kB
Mem:          3.8G       763M       3.1G       5.7M        52M       323M

MemTotal:        4016004 kB
MemFree:         3233080 kB
Active:           428908 kB
Mem:          3.8G       764M       3.1G       5.7M        52M       323M

MemTotal:        4016004 kB
MemFree:         3233544 kB
Active:           428872 kB
Mem:          3.8G       763M       3.1G       5.7M        52M       323M

MemTotal:        4016004 kB
MemFree:         3233668 kB
Active:           428880 kB
Mem:          3.8G       763M       3.1G       5.7M        52M       323M

MemTotal:        4016004 kB
MemFree:         3233404 kB
Active:           428912 kB
Mem:          3.8G       764M       3.1G       5.7M        52M       323M

MemTotal:        4016004 kB
MemFree:         3233404 kB
Active:           428896 kB
Mem:          3.8G       764M       3.1G       5.7M        52M       323M

MemTotal:        4016004 kB
MemFree:         3233388 kB
Active:           428888 kB
Mem:          3.8G       764M       3.1G       5.7M        52M       323M

MemTotal:        4016004 kB
MemFree:         3233248 kB
Active:           428916 kB
Mem:          3.8G       764M       3.1G       5.7M        52M       323M

MemTotal:        4016004 kB
MemFree:         3233496 kB
Active:           428876 kB
Mem:          3.8G       764M       3.1G       5.7M        52M       323M

MemTotal:        4016004 kB
MemFree:         3233248 kB
Active:           428900 kB
Mem:          3.8G       764M       3.1G       5.7M        52M       323M

MemTotal:        4016004 kB
MemFree:         3233248 kB
Active:           428888 kB
Mem:          3.8G       764M       3.1G       5.7M        52M       323M

MemTotal:        4016004 kB
MemFree:         3233124 kB
Active:           428924 kB
Mem:          3.8G       764M       3.1G       5.7M        52M       323M

MemTotal:        4016004 kB
MemFree:         3233232 kB
Active:           428916 kB
Mem:          3.8G       764M       3.1G       5.7M        52M       323M

MemTotal:        4016004 kB
MemFree:         3233588 kB
Active:           428896 kB
Mem:          3.8G       764M       3.1G       5.7M        52M       323M

MemTotal:        4016004 kB
MemFree:         3233636 kB
Active:           428880 kB
Mem:          3.8G       764M       3.1G       5.7M        52M       323M

MemTotal:        4016004 kB
MemFree:         3233036 kB
Active:           427060 kB
Mem:          3.8G       764M       3.1G       5.7M        52M       323M

MemTotal:        4016004 kB
MemFree:         3233168 kB
Active:           428924 kB
Mem:          3.8G       764M       3.1G       5.7M        52M       323M

MemTotal:        4016004 kB
MemFree:         3233308 kB
Active:           428904 kB
Mem:          3.8G       764M       3.1G       5.7M        52M       323M

MemTotal:        4016004 kB
MemFree:         3233432 kB
Active:           428940 kB
Mem:          3.8G       764M       3.1G       5.7M        52M       323M

MemTotal:        4016004 kB
MemFree:         3233416 kB
Active:           428916 kB
Mem:          3.8G       764M       3.1G       5.7M        52M       323M

MemTotal:        4016004 kB
MemFree:         3233308 kB
Active:           428948 kB
Mem:          3.8G       764M       3.1G       5.7M        52M       323M

MemTotal:        4016004 kB
MemFree:         3233292 kB
Active:           428932 kB
Mem:          3.8G       764M       3.1G       5.7M        52M       323M

MemTotal:        4016004 kB
MemFree:         3233136 kB
Active:           428964 kB
Mem:          3.8G       764M       3.1G       5.7M        52M       323M

MemTotal:        4016004 kB
MemFree:         3233212 kB
Active:           428908 kB
Mem:          3.8G       764M       3.1G       5.7M        52M       323M

MemTotal:        4016004 kB
MemFree:         3233104 kB
Active:           428848 kB
Mem:          3.8G       764M       3.1G       5.7M        52M       323M

MemTotal:        4016004 kB
MemFree:         3233400 kB
Active:           426960 kB
Mem:          3.8G       764M       3.1G       5.7M        52M       323M

MemTotal:        4016004 kB
MemFree:         3233440 kB
Active:           426920 kB
Mem:          3.8G       764M       3.1G       5.7M        52M       323M

MemTotal:        4016004 kB
MemFree:         3233764 kB
Active:           429068 kB
Mem:          3.8G       764M       3.1G       5.7M        52M       323M

MemTotal:        4016004 kB
MemFree:         3233672 kB
Active:           428932 kB
Mem:          3.8G       764M       3.1G       5.7M        52M       323M

MemTotal:        4016004 kB
MemFree:         3233176 kB
Active:           428980 kB
Mem:          3.8G       764M       3.1G       5.7M        52M       323M

MemTotal:        4016004 kB
MemFree:         3233432 kB
Active:           429040 kB
Mem:          3.8G       764M       3.1G       5.7M        52M       323M

MemTotal:        4016004 kB
MemFree:         3233812 kB
Active:           428960 kB
Mem:          3.8G       763M       3.1G       5.7M        52M       323M

MemTotal:        4016004 kB
MemFree:         3233440 kB
Active:           428992 kB
Mem:          3.8G       764M       3.1G       5.7M        52M       323M

MemTotal:        4016004 kB
MemFree:         3233564 kB
Active:           428972 kB
Mem:          3.8G       764M       3.1G       5.7M        52M       323M

MemTotal:        4016004 kB
MemFree:         3233564 kB
Active:           428992 kB
Mem:          3.8G       764M       3.1G       5.7M        52M       323M

MemTotal:        4016004 kB
MemFree:         3233548 kB
Active:           429004 kB
Mem:          3.8G       764M       3.1G       5.7M        52M       323M

MemTotal:        4016004 kB
MemFree:         3233672 kB
Active:           428992 kB
Mem:          3.8G       764M       3.1G       5.7M        52M       323M

MemTotal:        4016004 kB
MemFree:         3233640 kB
Active:           428992 kB
Mem:          3.8G       764M       3.1G       5.7M        52M       323M

MemTotal:        4016004 kB
MemFree:         3233376 kB
Active:           429020 kB
Mem:          3.8G       764M       3.1G       5.7M        52M       323M

MemTotal:        4016004 kB
MemFree:         3233592 kB
Active:           429016 kB
Mem:          3.8G       763M       3.1G       5.7M        52M       323M

MemTotal:        4016004 kB
MemFree:         3233592 kB
Active:           429016 kB
Mem:          3.8G       763M       3.1G       5.7M        52M       323M

MemTotal:        4016004 kB
MemFree:         3233576 kB
Active:           428928 kB
Mem:          3.8G       764M       3.1G       5.7M        52M       323M

MemTotal:        4016004 kB
MemFree:         3233704 kB
Active:           428996 kB
Mem:          3.8G       764M       3.1G       5.7M        52M       323M

MemTotal:        4016004 kB
MemFree:         3233224 kB
Active:           429028 kB
Mem:          3.8G       764M       3.1G       5.7M        52M       323M

MemTotal:        4016004 kB
MemFree:         3234060 kB
Active:           428908 kB
Mem:          3.8G       763M       3.1G       5.7M        52M       323M

MemTotal:        4016004 kB
MemFree:         3233964 kB
Active:           426980 kB
Mem:          3.8G       763M       3.1G       5.7M        52M       323M

MemTotal:        4016004 kB
MemFree:         3234460 kB
Active:           428984 kB
Mem:          3.8G       763M       3.1G       5.7M        52M       323M

MemTotal:        4016004 kB
MemFree:         3234244 kB
Active:           428976 kB
Mem:          3.8G       763M       3.1G       5.7M        52M       323M

MemTotal:        4016004 kB
MemFree:         3234184 kB
Active:           429020 kB
Mem:          3.8G       763M       3.1G       5.7M        52M       323M

MemTotal:        4016004 kB
MemFree:         3234308 kB
Active:           428996 kB
Mem:          3.8G       763M       3.1G       5.7M        52M       323M

MemTotal:        4016004 kB
MemFree:         3234184 kB
Active:           429016 kB
Mem:          3.8G       763M       3.1G       5.7M        52M       323M

MemTotal:        4016004 kB
MemFree:         3234308 kB
Active:           428992 kB
Mem:          3.8G       763M       3.1G       5.7M        52M       323M

MemTotal:        4016004 kB
MemFree:         3234432 kB
Active:           429008 kB
Mem:          3.8G       763M       3.1G       5.7M        52M       323M

MemTotal:        4016004 kB
MemFree:         3234060 kB
Active:           429040 kB
Mem:          3.8G       763M       3.1G       5.7M        52M       323M

MemTotal:        4016004 kB
MemFree:         3233812 kB
Active:           429016 kB
Mem:          3.8G       764M       3.1G       5.7M        52M       323M

MemTotal:        4016004 kB
MemFree:         3233316 kB
Active:           429040 kB
Mem:          3.8G       764M       3.1G       5.7M        52M       323M

MemTotal:        4016004 kB
MemFree:         3233564 kB
Active:           429016 kB
Mem:          3.8G       764M       3.1G       5.7M        52M       323M

MemTotal:        4016004 kB
MemFree:         3233672 kB
Active:           429028 kB
Mem:          3.8G       763M       3.1G       5.7M        52M       323M

MemTotal:        4016004 kB
MemFree:         3233532 kB
Active:           429012 kB
Mem:          3.8G       764M       3.1G       5.7M        52M       323M

MemTotal:        4016004 kB
MemFree:         3233532 kB
Active:           429036 kB
Mem:          3.8G       764M       3.1G       5.7M        52M       323M

MemTotal:        4016004 kB
MemFree:         3233532 kB
Active:           429000 kB
Mem:          3.8G       763M       3.1G       5.7M        52M       323M

MemTotal:        4016004 kB
MemFree:         3233780 kB
Active:           428992 kB
Mem:          3.8G       764M       3.1G       5.7M        52M       323M

MemTotal:        4016004 kB
MemFree:         3233764 kB
Active:           429024 kB
Mem:          3.8G       764M       3.1G       5.7M        52M       323M

MemTotal:        4016004 kB
MemFree:         3233252 kB
Active:           429012 kB
Mem:          3.8G       764M       3.1G       5.7M        52M       323M

MemTotal:        4016004 kB
MemFree:         3233508 kB
Active:           428996 kB
Mem:          3.8G       764M       3.1G       5.7M        52M       323M

MemTotal:        4016004 kB
MemFree:         3233508 kB
Active:           426972 kB
Mem:          3.8G       764M       3.1G       5.7M        52M       323M

MemTotal:        4016004 kB
MemFree:         3233508 kB
Active:           429012 kB
Mem:          3.8G       764M       3.1G       5.7M        52M       323M

MemTotal:        4016004 kB
MemFree:         3233260 kB
Active:           429068 kB
Mem:          3.8G       764M       3.1G       5.7M        52M       323M

MemTotal:        4016004 kB
MemFree:         3233508 kB
Active:           429028 kB
Mem:          3.8G       764M       3.1G       5.7M        52M       323M

MemTotal:        4016004 kB
MemFree:         3233756 kB
Active:           429020 kB
Mem:          3.8G       764M       3.1G       5.7M        52M       323M

MemTotal:        4016004 kB
MemFree:         3233756 kB
Active:           429028 kB
Mem:          3.8G       764M       3.1G       5.7M        52M       323M

MemTotal:        4016004 kB
MemFree:         3233756 kB
Active:           429064 kB
Mem:          3.8G       764M       3.1G       5.7M        52M       323M

MemTotal:        4016004 kB
MemFree:         3233728 kB
Active:           429044 kB
Mem:          3.8G       763M       3.1G       5.7M        52M       323M

MemTotal:        4016004 kB
MemFree:         3233852 kB
Active:           429052 kB
Mem:          3.8G       763M       3.1G       5.7M        52M       323M

MemTotal:        4016004 kB
MemFree:         3233976 kB
Active:           429076 kB
Mem:          3.8G       763M       3.1G       5.7M        52M       323M

MemTotal:        4016004 kB
MemFree:         3233956 kB
Active:           427008 kB
Mem:          3.8G       763M       3.1G       5.7M        52M       323M

MemTotal:        4016004 kB
MemFree:         3234096 kB
Active:           429040 kB
Mem:          3.8G       763M       3.1G       5.7M        52M       323M

MemTotal:        4016004 kB
MemFree:         3224284 kB
Active:           436888 kB
Mem:          3.8G       773M       3.1G       5.7M        60M       323M

MemTotal:        4016004 kB
MemFree:         3223912 kB
Active:           436888 kB
Mem:          3.8G       773M       3.1G       5.7M        60M       323M

MemTotal:        4016004 kB
MemFree:         3224408 kB
Active:           436884 kB
Mem:          3.8G       773M       3.1G       5.7M        60M       323M

MemTotal:        4016004 kB
MemFree:         3224392 kB
Active:           436844 kB
Mem:          3.8G       773M       3.1G       5.7M        60M       323M

MemTotal:        4016004 kB
MemFree:         3224252 kB
Active:           436860 kB
Mem:          3.8G       773M       3.1G       5.7M        60M       323M

MemTotal:        4016004 kB
MemFree:         3223816 kB
Active:           437156 kB
Mem:          3.8G       773M       3.1G       5.7M        60M       323M

MemTotal:        4016004 kB
MemFree:         3181076 kB
Active:           437828 kB
Mem:          3.8G       815M       3.0G       5.7M        60M       364M

MemTotal:        4016004 kB
MemFree:         3136820 kB
Active:           437776 kB
Mem:          3.8G       858M       3.0G       5.7M        60M       407M

MemTotal:        4016004 kB
MemFree:         3091752 kB
Active:           435756 kB
Mem:          3.8G       903M       2.9G       5.7M        60M       451M

MemTotal:        4016004 kB
MemFree:         3047388 kB
Active:           437844 kB
Mem:          3.8G       946M       2.9G       5.7M        60M       494M

MemTotal:        4016004 kB
MemFree:         3002280 kB
Active:           437788 kB
Mem:          3.8G       990M       2.9G       5.7M        60M       537M

MemTotal:        4016004 kB
MemFree:         2959264 kB
Active:           437804 kB
Mem:          3.8G       1.0G       2.8G       5.7M        60M       579M

MemTotal:        4016004 kB
MemFree:         2913924 kB
Active:           437852 kB
Mem:          3.8G       1.1G       2.8G       5.7M        60M       622M

MemTotal:        4016004 kB
MemFree:         2869172 kB
Active:           437852 kB
Mem:          3.8G       1.1G       2.7G       5.7M        60M       664M

MemTotal:        4016004 kB
MemFree:         2823672 kB
Active:           437864 kB
Mem:          3.8G       1.1G       2.7G       5.7M        60M       708M

MemTotal:        4016004 kB
MemFree:         2778904 kB
Active:           437820 kB
Mem:          3.8G       1.2G       2.7G       5.7M        60M       750M

MemTotal:        4016004 kB
MemFree:         2733872 kB
Active:           437872 kB
Mem:          3.8G       1.2G       2.6G       5.7M        60M       794M

MemTotal:        4016004 kB
MemFree:         2691616 kB
Active:           437888 kB
Mem:          3.8G       1.3G       2.6G       5.7M        60M       835M

MemTotal:        4016004 kB
MemFree:         2646060 kB
Active:           435856 kB
Mem:          3.8G       1.3G       2.5G       5.7M        60M       878M

MemTotal:        4016004 kB
MemFree:         2603508 kB
Active:           437940 kB
Mem:          3.8G       1.3G       2.5G       5.7M        60M       921M

MemTotal:        4016004 kB
MemFree:         2556576 kB
Active:           437960 kB
Mem:          3.8G       1.4G       2.4G       5.7M        60M       964M

MemTotal:        4016004 kB
MemFree:         2533900 kB
Active:           437976 kB
Mem:          3.8G       1.4G       2.4G       5.7M        60M       987M

MemTotal:        4016004 kB
MemFree:         2489232 kB
Active:           437976 kB
Mem:          3.8G       1.5G       2.4G       5.7M        60M       1.0G

MemTotal:        4016004 kB
MemFree:         2443900 kB
Active:           437992 kB
Mem:          3.8G       1.5G       2.3G       5.7M        60M       1.0G

MemTotal:        4016004 kB
MemFree:         2399864 kB
Active:           438004 kB
Mem:          3.8G       1.5G       2.3G       5.7M        60M       1.1G

MemTotal:        4016004 kB
MemFree:         2354368 kB
Active:           438004 kB
Mem:          3.8G       1.6G       2.2G       5.7M        60M       1.1G

MemTotal:        4016004 kB
MemFree:         2309508 kB
Active:           437980 kB
Mem:          3.8G       1.6G       2.2G       5.7M        60M       1.2G

MemTotal:        4016004 kB
MemFree:         2264104 kB
Active:           437968 kB
Mem:          3.8G       1.7G       2.2G       5.7M        60M       1.2G

MemTotal:        4016004 kB
MemFree:         2218976 kB
Active:           435964 kB
Mem:          3.8G       1.7G       2.1G       5.7M        60M       1.3G

MemTotal:        4016004 kB
MemFree:         2174272 kB
Active:           438004 kB
Mem:          3.8G       1.8G       2.1G       5.7M        60M       1.3G

MemTotal:        4016004 kB
MemFree:         2129784 kB
Active:           438000 kB
Mem:          3.8G       1.8G       2.0G       5.7M        60M       1.3G

MemTotal:        4016004 kB
MemFree:         2086148 kB
Active:           438008 kB
Mem:          3.8G       1.8G       2.0G       5.7M        60M       1.4G

MemTotal:        4016004 kB
MemFree:         2041012 kB
Active:           438008 kB
Mem:          3.8G       1.9G       1.9G       5.7M        60M       1.4G

MemTotal:        4016004 kB
MemFree:         1995548 kB
Active:           438024 kB
Mem:          3.8G       1.9G       1.9G       5.7M        60M       1.5G

MemTotal:        4016004 kB
MemFree:         1951112 kB
Active:           437980 kB
Mem:          3.8G       2.0G       1.9G       5.7M        60M       1.5G

MemTotal:        4016004 kB
MemFree:         1907436 kB
Active:           437992 kB
Mem:          3.8G       2.0G       1.8G       5.7M        60M       1.6G

MemTotal:        4016004 kB
MemFree:         1862312 kB
Active:           438000 kB
Mem:          3.8G       2.1G       1.8G       5.7M        60M       1.6G

MemTotal:        4016004 kB
MemFree:         1819004 kB
Active:           438000 kB
Mem:          3.8G       2.1G       1.7G       5.7M        60M       1.6G

MemTotal:        4016004 kB
MemFree:         1773172 kB
Active:           437988 kB
Mem:          3.8G       2.1G       1.7G       5.7M        60M       1.7G

MemTotal:        4016004 kB
MemFree:         1728208 kB
Active:           438044 kB
Mem:          3.8G       2.2G       1.6G       5.7M        60M       1.7G

MemTotal:        4016004 kB
MemFree:         1683064 kB
Active:           438044 kB
Mem:          3.8G       2.2G       1.6G       5.7M        60M       1.8G

MemTotal:        4016004 kB
MemFree:         1638824 kB
Active:           438052 kB
Mem:          3.8G       2.3G       1.6G       5.7M        60M       1.8G

MemTotal:        4016004 kB
MemFree:         1594196 kB
Active:           438040 kB
Mem:          3.8G       2.3G       1.5G       5.7M        60M       1.8G

MemTotal:        4016004 kB
MemFree:         1551568 kB
Active:           438024 kB
Mem:          3.8G       2.4G       1.5G       5.7M        60M       1.9G

MemTotal:        4016004 kB
MemFree:         1506876 kB
Active:           438032 kB
Mem:          3.8G       2.4G       1.4G       5.7M        60M       1.9G

MemTotal:        4016004 kB
MemFree:         1462652 kB
Active:           438028 kB
Mem:          3.8G       2.4G       1.4G       5.7M        60M       2.0G

MemTotal:        4016004 kB
MemFree:         1416616 kB
Active:           438076 kB
Mem:          3.8G       2.5G       1.4G       5.7M        60M       2.0G

MemTotal:        4016004 kB
MemFree:         1373228 kB
Active:           438044 kB
Mem:          3.8G       2.5G       1.3G       5.7M        60M       2.1G

MemTotal:        4016004 kB
MemFree:         1327340 kB
Active:           438084 kB
Mem:          3.8G       2.6G       1.3G       5.7M        60M       2.1G

MemTotal:        4016004 kB
MemFree:         1283988 kB
Active:           438060 kB
Mem:          3.8G       2.6G       1.2G       5.7M        60M       2.1G

MemTotal:        4016004 kB
MemFree:         1238664 kB
Active:           438064 kB
Mem:          3.8G       2.6G       1.2G       5.7M        60M       2.2G

MemTotal:        4016004 kB
MemFree:         1213440 kB
Active:           438104 kB
Mem:          3.8G       2.7G       1.2G       5.7M        60M       2.2G

MemTotal:        4016004 kB
MemFree:         1169928 kB
Active:           438116 kB
Mem:          3.8G       2.7G       1.1G       5.7M        60M       2.2G

MemTotal:        4016004 kB
MemFree:         1126620 kB
Active:           438144 kB
Mem:          3.8G       2.8G       1.1G       5.7M        60M       2.3G

MemTotal:        4016004 kB
MemFree:         1081468 kB
Active:           438160 kB
Mem:          3.8G       2.8G       1.0G       5.7M        60M       2.3G

MemTotal:        4016004 kB
MemFree:         1037104 kB
Active:           438160 kB
Mem:          3.8G       2.8G       1.0G       5.7M        60M       2.4G

MemTotal:        4016004 kB
MemFree:          992492 kB
Active:           438148 kB
Mem:          3.8G       2.9G       968M       5.7M        60M       2.4G

MemTotal:        4016004 kB
MemFree:          948748 kB
Active:           438168 kB
Mem:          3.8G       2.9G       926M       5.7M        60M       2.5G

MemTotal:        4016004 kB
MemFree:          903664 kB
Active:           436144 kB
Mem:          3.8G       3.0G       882M       5.7M        60M       2.5G

MemTotal:        4016004 kB
MemFree:          859180 kB
Active:           438208 kB
Mem:          3.8G       3.0G       838M       5.7M        60M       2.5G

MemTotal:        4016004 kB
MemFree:          814788 kB
Active:           438196 kB
Mem:          3.8G       3.1G       794M       5.7M        60M       2.6G

MemTotal:        4016004 kB
MemFree:          770408 kB
Active:           438220 kB
Mem:          3.8G       3.1G       752M       5.7M        60M       2.6G

MemTotal:        4016004 kB
MemFree:          725288 kB
Active:           438216 kB
Mem:          3.8G       3.1G       708M       5.7M        60M       2.7G

MemTotal:        4016004 kB
MemFree:          681144 kB
Active:           438216 kB
Mem:          3.8G       3.2G       664M       5.7M        60M       2.7G

MemTotal:        4016004 kB
MemFree:          635552 kB
Active:           438228 kB
Mem:          3.8G       3.2G       620M       5.7M        60M       2.7G

MemTotal:        4016004 kB
MemFree:          592336 kB
Active:           438232 kB
Mem:          3.8G       3.3G       578M       5.7M        60M       2.8G

MemTotal:        4016004 kB
MemFree:          548068 kB
Active:           438268 kB
Mem:          3.8G       3.3G       534M       5.7M        60M       2.8G

MemTotal:        4016004 kB
MemFree:          512896 kB
Active:           438296 kB
Mem:          3.8G       3.3G       500M       5.7M        60M       2.9G

MemTotal:        4016004 kB
MemFree:          466452 kB
Active:           440348 kB
Mem:          3.8G       3.4G       455M       5.7M        60M       2.9G

MemTotal:        4016004 kB
MemFree:          421688 kB
Active:           440376 kB
Mem:          3.8G       3.4G       411M       5.7M        60M       2.9G

MemTotal:        4016004 kB
MemFree:          376488 kB
Active:           440376 kB
Mem:          3.8G       3.5G       367M       5.7M        60M       3.0G

MemTotal:        4016004 kB
MemFree:          332480 kB
Active:           440352 kB
Mem:          3.8G       3.5G       324M       5.7M        60M       3.0G

MemTotal:        4016004 kB
MemFree:          287124 kB
Active:           440376 kB
Mem:          3.8G       3.6G       280M       5.7M        60M       3.1G

MemTotal:        4016004 kB
MemFree:          242792 kB
Active:           440388 kB
Mem:          3.8G       3.6G       236M       5.7M        60M       3.1G

MemTotal:        4016004 kB
MemFree:          198288 kB
Active:           440388 kB
Mem:          3.8G       3.6G       192M       5.7M        60M       3.2G

MemTotal:        4016004 kB
MemFree:          153616 kB
Active:           440388 kB
Mem:          3.8G       3.7G       149M       5.7M        60M       3.2G

MemTotal:        4016004 kB
MemFree:          109044 kB
Active:           440412 kB
Mem:          3.8G       3.7G       106M       5.7M        60M       3.2G

MemTotal:        4016004 kB
MemFree:          127216 kB
Active:           437440 kB
Mem:          3.8G       3.7G       115M       5.7M        28M       3.3G

MemTotal:        4016004 kB
MemFree:          122500 kB
Active:           449692 kB
Mem:          3.8G       3.7G       119M       5.7M        27M       3.3G

MemTotal:        4016004 kB
MemFree:          106252 kB
Active:           466584 kB
Mem:          3.8G       3.7G       134M       5.7M        27M       3.2G

MemTotal:        4016004 kB
MemFree:          134372 kB
Active:           494140 kB
Mem:          3.8G       3.7G       122M       5.7M        27M       3.3G

MemTotal:        4016004 kB
MemFree:          119116 kB
Active:           490908 kB
Mem:          3.8G       3.7G       115M       5.7M        27M       3.3G

MemTotal:        4016004 kB
MemFree:          128016 kB
Active:           485944 kB
Mem:          3.8G       3.7G       124M       5.7M        27M       3.3G

MemTotal:        4016004 kB
MemFree:          126280 kB
Active:           479256 kB
Mem:          3.8G       3.7G       122M       5.7M        27M       3.3G

MemTotal:        4016004 kB
MemFree:          111032 kB
Active:           474268 kB
Mem:          3.8G       3.7G       108M       5.7M        27M       3.3G

MemTotal:        4016004 kB
MemFree:          127796 kB
Active:           469020 kB
Mem:          3.8G       3.7G       124M       5.7M        27M       3.3G

MemTotal:        4016004 kB
MemFree:          110804 kB
Active:           465824 kB
Mem:          3.8G       3.7G       107M       5.7M        27M       3.3G

MemTotal:        4016004 kB
MemFree:          126800 kB
Active:           460576 kB
Mem:          3.8G       3.7G       123M       5.7M        27M       3.3G

MemTotal:        4016004 kB
MemFree:          112280 kB
Active:           457384 kB
Mem:          3.8G       3.7G       109M       5.7M        27M       3.3G

MemTotal:        4016004 kB
MemFree:          128664 kB
Active:           452524 kB
Mem:          3.8G       3.7G       125M       5.7M        27M       3.3G

MemTotal:        4016004 kB
MemFree:          120372 kB
Active:           451244 kB
Mem:          3.8G       3.7G       117M       5.7M        27M       3.3G

MemTotal:        4016004 kB
MemFree:          105668 kB
Active:           450228 kB
Mem:          3.8G       3.7G       103M       5.7M        27M       3.3G

MemTotal:        4016004 kB
MemFree:          127092 kB
Active:           448052 kB
Mem:          3.8G       3.7G       124M       5.7M        27M       3.3G

MemTotal:        4016004 kB
MemFree:          113280 kB
Active:           446896 kB
Mem:          3.8G       3.7G       110M       5.7M        27M       3.3G

MemTotal:        4016004 kB
MemFree:          129432 kB
Active:           441212 kB
Mem:          3.8G       3.7G       126M       5.7M        27M       3.3G

MemTotal:        4016004 kB
MemFree:          121980 kB
Active:           440060 kB
Mem:          3.8G       3.7G       118M       5.7M        27M       3.3G

MemTotal:        4016004 kB
MemFree:          128528 kB
Active:           438788 kB
Mem:          3.8G       3.7G       125M       5.7M        27M       3.3G

MemTotal:        4016004 kB
MemFree:          126524 kB
Active:           437256 kB
Mem:          3.8G       3.7G       122M       5.7M        27M       3.3G

MemTotal:        4016004 kB
MemFree:          111812 kB
Active:           436088 kB
Mem:          3.8G       3.7G       108M       5.7M        27M       3.3G

MemTotal:        4016004 kB
MemFree:          126880 kB
Active:           434436 kB
Mem:          3.8G       3.7G       123M       5.7M        27M       3.3G

MemTotal:        4016004 kB
MemFree:          121308 kB
Active:           433148 kB
Mem:          3.8G       3.7G       117M       5.7M        27M       3.3G

MemTotal:        4016004 kB
MemFree:          119800 kB
Active:           433016 kB
Mem:          3.8G       3.7G       116M       5.7M        27M       3.3G

MemTotal:        4016004 kB
MemFree:          125020 kB
Active:           431648 kB
Mem:          3.8G       3.7G       121M       5.7M        27M       3.3G

MemTotal:        4016004 kB
MemFree:          123716 kB
Active:           430128 kB
Mem:          3.8G       3.7G       120M       5.7M        27M       3.3G

MemTotal:        4016004 kB
MemFree:          114132 kB
Active:           428928 kB
Mem:          3.8G       3.7G       111M       5.7M        27M       3.3G

MemTotal:        4016004 kB
MemFree:          124760 kB
Active:           427456 kB
Mem:          3.8G       3.7G       127M       5.7M        27M       3.3G

MemTotal:        4016004 kB
MemFree:          127892 kB
Active:           425744 kB
Mem:          3.8G       3.7G       124M       5.7M        27M       3.3G

MemTotal:        4016004 kB
MemFree:          108296 kB
Active:           425140 kB
Mem:          3.8G       3.7G       105M       5.7M        27M       3.3G

MemTotal:        4016004 kB
MemFree:          125508 kB
Active:           423332 kB
Mem:          3.8G       3.7G       122M       5.7M        27M       3.3G

MemTotal:        4016004 kB
MemFree:          134396 kB
Active:           421188 kB
Mem:          3.8G       3.7G       131M       5.7M        27M       3.2G

MemTotal:        4016004 kB
MemFree:          136904 kB
Active:           419284 kB
Mem:          3.8G       3.7G       133M       5.7M        27M       3.2G

MemTotal:        4016004 kB
MemFree:          134324 kB
Active:           417880 kB
Mem:          3.8G       3.7G       131M       5.7M        27M       3.2G

MemTotal:        4016004 kB
MemFree:          127280 kB
Active:           416676 kB
Mem:          3.8G       3.7G       124M       5.7M        27M       3.3G

MemTotal:        4016004 kB
MemFree:          119500 kB
Active:           415588 kB
Mem:          3.8G       3.7G       116M       5.7M        27M       3.3G

MemTotal:        4016004 kB
MemFree:          133808 kB
Active:           413672 kB
Mem:          3.8G       3.7G       130M       5.7M        27M       3.2G

MemTotal:        4016004 kB
MemFree:          126256 kB
Active:           410588 kB
Mem:          3.8G       3.7G       122M       5.7M        27M       3.3G

MemTotal:        4016004 kB
MemFree:          118800 kB
Active:           410236 kB
Mem:          3.8G       3.7G       116M       5.7M        27M       3.3G

MemTotal:        4016004 kB
MemFree:          110780 kB
Active:           411156 kB
Mem:          3.8G       3.7G       108M       5.7M        27M       3.3G

MemTotal:        4016004 kB
MemFree:          126612 kB
Active:           409380 kB
Mem:          3.8G       3.7G       123M       5.7M        27M       3.3G

MemTotal:        4016004 kB
MemFree:          123492 kB
Active:           407844 kB
Mem:          3.8G       3.7G       119M       5.7M        27M       3.3G

MemTotal:        4016004 kB
MemFree:          127544 kB
Active:           406388 kB
Mem:          3.8G       3.7G       124M       5.7M        27M       3.3G

MemTotal:        4016004 kB
MemFree:          124832 kB
Active:           404908 kB
Mem:          3.8G       3.7G       121M       5.7M        27M       3.3G

MemTotal:        4016004 kB
MemFree:          128028 kB
Active:           403756 kB
Mem:          3.8G       3.7G       124M       5.7M        27M       3.3G

MemTotal:        4016004 kB
MemFree:          125260 kB
Active:           402100 kB
Mem:          3.8G       3.7G       122M       5.7M        27M       3.3G

MemTotal:        4016004 kB
MemFree:          116136 kB
Active:           400948 kB
Mem:          3.8G       3.7G       113M       5.7M        27M       3.3G

MemTotal:        4016004 kB
MemFree:          126804 kB
Active:           399248 kB
Mem:          3.8G       3.7G       123M       5.7M        27M       3.3G

MemTotal:        4016004 kB
MemFree:          123836 kB
Active:           397752 kB
Mem:          3.8G       3.7G       120M       5.7M        27M       3.3G

MemTotal:        4016004 kB
MemFree:          112704 kB
Active:           397108 kB
Mem:          3.8G       3.7G       109M       5.7M        27M       3.3G

MemTotal:        4016004 kB
MemFree:          112260 kB
Active:           396964 kB
Mem:          3.8G       3.7G       109M       5.7M        27M       3.3G

MemTotal:        4016004 kB
MemFree:          132284 kB
Active:           395972 kB
Mem:          3.8G       3.7G       128M       5.7M        27M       3.2G

MemTotal:        4016004 kB
MemFree:          113888 kB
Active:           395080 kB
Mem:          3.8G       3.7G       110M       5.7M        27M       3.3G

MemTotal:        4016004 kB
MemFree:          106988 kB
Active:           393692 kB
Mem:          3.8G       3.7G       104M       5.7M        27M       3.3G

MemTotal:        4016004 kB
MemFree:          134520 kB
Active:           391516 kB
Mem:          3.8G       3.7G       131M       5.7M        27M       3.2G

MemTotal:        4016004 kB
MemFree:          110112 kB
Active:           390456 kB
Mem:          3.8G       3.7G       106M       5.7M        27M       3.3G

MemTotal:        4016004 kB
MemFree:          105756 kB
Active:           389224 kB
Mem:          3.8G       3.7G       103M       5.7M        27M       3.3G

MemTotal:        4016004 kB
MemFree:          132560 kB
Active:           385656 kB
Mem:          3.8G       3.7G       129M       5.7M        27M       3.2G

MemTotal:        4016004 kB
MemFree:          124624 kB
Active:           384384 kB
Mem:          3.8G       3.7G       121M       5.7M        27M       3.3G

MemTotal:        4016004 kB
MemFree:          129252 kB
Active:           382720 kB
Mem:          3.8G       3.7G       125M       5.7M        27M       3.2G

MemTotal:        4016004 kB
MemFree:          108824 kB
Active:           382032 kB
Mem:          3.8G       3.7G       106M       5.7M        27M       3.3G

MemTotal:        4016004 kB
MemFree:          125140 kB
Active:           381704 kB
Mem:          3.8G       3.7G       121M       5.7M        27M       3.3G

MemTotal:        4016004 kB
MemFree:          117376 kB
Active:           381524 kB
Mem:          3.8G       3.7G       113M       5.7M        27M       3.3G

MemTotal:        4016004 kB
MemFree:          109088 kB
Active:           381540 kB
Mem:          3.8G       3.7G       106M       5.7M        27M       3.3G

MemTotal:        4016004 kB
MemFree:          125740 kB
Active:           381496 kB
Mem:          3.8G       3.7G       122M       5.7M        27M       3.3G

MemTotal:        4016004 kB
MemFree:          109392 kB
Active:           381532 kB
Mem:          3.8G       3.7G       106M       5.7M        27M       3.3G

MemTotal:        4016004 kB
MemFree:          137896 kB
Active:           381544 kB
Mem:          3.8G       3.7G       134M       5.7M        27M       3.2G

MemTotal:        4016004 kB
MemFree:          127824 kB
Active:           382680 kB
Mem:          3.8G       3.7G       124M       5.7M        27M       3.2G

MemTotal:        4016004 kB
MemFree:          118368 kB
Active:           382564 kB
Mem:          3.8G       3.7G       115M       5.7M        27M       3.3G

MemTotal:        4016004 kB
MemFree:          118636 kB
Active:           382452 kB
Mem:          3.8G       3.7G       115M       5.7M        27M       3.3G

MemTotal:        4016004 kB
MemFree:          117120 kB
Active:           382404 kB
Mem:          3.8G       3.7G       114M       5.7M        27M       3.3G

MemTotal:        4016004 kB
MemFree:          116744 kB
Active:           382440 kB
Mem:          3.8G       3.7G       113M       5.7M        27M       3.3G

MemTotal:        4016004 kB
MemFree:          118476 kB
Active:           382472 kB
Mem:          3.8G       3.7G       115M       5.7M        27M       3.3G

MemTotal:        4016004 kB
MemFree:          111072 kB
Active:           382476 kB
Mem:          3.8G       3.7G       107M       5.7M        27M       3.3G

MemTotal:        4016004 kB
MemFree:          104848 kB
Active:           382480 kB
Mem:          3.8G       3.7G       120M       5.7M        27M       3.3G

MemTotal:        4016004 kB
MemFree:          119032 kB
Active:           382480 kB
Mem:          3.8G       3.7G       116M       5.7M        27M       3.3G

MemTotal:        4016004 kB
MemFree:          109476 kB
Active:           382492 kB
Mem:          3.8G       3.7G       106M       5.7M        27M       3.3G

MemTotal:        4016004 kB
MemFree:          125980 kB
Active:           382320 kB
Mem:          3.8G       3.7G       122M       5.7M        27M       3.2G

MemTotal:        4016004 kB
MemFree:          106504 kB
Active:           382164 kB
Mem:          3.8G       3.7G       115M       5.7M        27M       3.3G

MemTotal:        4016004 kB
MemFree:          111624 kB
Active:           382164 kB
Mem:          3.8G       3.7G       109M       5.7M        27M       3.3G

MemTotal:        4016004 kB
MemFree:          107808 kB
Active:           382176 kB
Mem:          3.8G       3.7G       105M       5.7M        27M       3.3G

MemTotal:        4016004 kB
MemFree:          124972 kB
Active:           382184 kB
Mem:          3.8G       3.7G       122M       5.7M        27M       3.2G

MemTotal:        4016004 kB
MemFree:          110524 kB
Active:           382036 kB
Mem:          3.8G       3.7G       107M       5.7M        27M       3.3G

MemTotal:        4016004 kB
MemFree:          127648 kB
Active:           381892 kB
Mem:          3.8G       3.7G       124M       5.7M        27M       3.2G

MemTotal:        4016004 kB
MemFree:          111732 kB
Active:           381876 kB
Mem:          3.8G       3.7G       109M       5.7M        27M       3.3G

MemTotal:        4016004 kB
MemFree:          125272 kB
Active:           381888 kB
Mem:          3.8G       3.7G       122M       5.7M        27M       3.2G

MemTotal:        4016004 kB
MemFree:          118820 kB
Active:           381840 kB
Mem:          3.8G       3.7G       115M       5.7M        27M       3.3G

MemTotal:        4016004 kB
MemFree:          110420 kB
Active:           381908 kB
Mem:          3.8G       3.7G       107M       5.7M        27M       3.3G

MemTotal:        4016004 kB
MemFree:          126684 kB
Active:           381908 kB
Mem:          3.8G       3.7G       123M       5.7M        27M       3.2G

MemTotal:        4016004 kB
MemFree:          127452 kB
Active:           381896 kB
Mem:          3.8G       3.7G       124M       5.7M        27M       3.2G

MemTotal:        4016004 kB
MemFree:          125104 kB
Active:           381916 kB
Mem:          3.8G       3.7G       122M       5.7M        27M       3.2G

MemTotal:        4016004 kB
MemFree:          107172 kB
Active:           381876 kB
Mem:          3.8G       3.7G       104M       5.7M        27M       3.3G

MemTotal:        4016004 kB
MemFree:          135700 kB
Active:           381912 kB
Mem:          3.8G       3.7G       132M       5.7M        27M       3.2G

MemTotal:        4016004 kB
MemFree:          119744 kB
Active:           377304 kB
Mem:          3.8G       3.7G       117M       5.7M        27M       3.3G

MemTotal:        4016004 kB
MemFree:          111948 kB
Active:           377204 kB
Mem:          3.8G       3.7G       108M       5.7M        27M       3.3G

MemTotal:        4016004 kB
MemFree:          117044 kB
Active:           377208 kB
Mem:          3.8G       3.7G       113M       5.7M        27M       3.3G

MemTotal:        4016004 kB
MemFree:          122468 kB
Active:           377208 kB
Mem:          3.8G       3.7G       119M       5.7M        27M       3.3G

MemTotal:        4016004 kB
MemFree:          129264 kB
Active:           377216 kB
Mem:          3.8G       3.7G       126M       5.7M        27M       3.2G

MemTotal:        4016004 kB
MemFree:          125004 kB
Active:           377228 kB
Mem:          3.8G       3.7G       121M       5.7M        27M       3.2G

MemTotal:        4016004 kB
MemFree:          128020 kB
Active:           377180 kB
Mem:          3.8G       3.7G       125M       5.7M        27M       3.2G

MemTotal:        4016004 kB
MemFree:          127648 kB
Active:           377232 kB
Mem:          3.8G       3.7G       124M       5.7M        27M       3.2G

MemTotal:        4016004 kB
MemFree:          109436 kB
Active:           377236 kB
Mem:          3.8G       3.7G       106M       5.7M        27M       3.3G

MemTotal:        4016004 kB
MemFree:          117276 kB
Active:           374804 kB
Mem:          3.8G       3.7G       113M       5.7M        27M       3.3G

MemTotal:        4016004 kB
MemFree:          127384 kB
Active:           374632 kB
Mem:          3.8G       3.7G       123M       5.7M        27M       3.2G

MemTotal:        4016004 kB
MemFree:          124264 kB
Active:           374636 kB
Mem:          3.8G       3.7G       121M       5.7M        27M       3.2G

MemTotal:        4016004 kB
MemFree:          106596 kB
Active:           374608 kB
Mem:          3.8G       3.7G       103M       5.7M        27M       3.3G

MemTotal:        4016004 kB
MemFree:          117544 kB
Active:           374636 kB
Mem:          3.8G       3.7G       114M       5.7M        27M       3.3G

MemTotal:        4016004 kB
MemFree:          127980 kB
Active:           374656 kB
Mem:          3.8G       3.7G       124M       5.7M        27M       3.2G

MemTotal:        4016004 kB
MemFree:          119648 kB
Active:           374656 kB
Mem:          3.8G       3.7G       116M       5.7M        27M       3.3G

MemTotal:        4016004 kB
MemFree:          132320 kB
Active:           374640 kB
Mem:          3.8G       3.7G       128M       5.7M        27M       3.2G

MemTotal:        4016004 kB
MemFree:          128592 kB
Active:           374632 kB
Mem:          3.8G       3.7G       125M       5.7M        27M       3.2G

MemTotal:        4016004 kB
MemFree:          122824 kB
Active:           373336 kB
Mem:          3.8G       3.7G       119M       5.7M        27M       3.2G

MemTotal:        4016004 kB
MemFree:          105592 kB
Active:           373080 kB
Mem:          3.8G       3.7G       103M       5.7M        27M       3.3G

MemTotal:        4016004 kB
MemFree:          127008 kB
Active:           373056 kB
Mem:          3.8G       3.7G       124M       5.7M        27M       3.2G

MemTotal:        4016004 kB
MemFree:          118768 kB
Active:           373096 kB
Mem:          3.8G       3.7G       115M       5.7M        27M       3.3G

MemTotal:        4016004 kB
MemFree:          111328 kB
Active:           373108 kB
Mem:          3.8G       3.7G       109M       5.7M        27M       3.3G

MemTotal:        4016004 kB
MemFree:          128760 kB
Active:           373088 kB
Mem:          3.8G       3.7G       125M       5.7M        27M       3.2G

MemTotal:        4016004 kB
MemFree:          122172 kB
Active:           373120 kB
Mem:          3.8G       3.7G       119M       5.7M        27M       3.2G

MemTotal:        4016004 kB
MemFree:          128628 kB
Active:           373124 kB
Mem:          3.8G       3.7G       125M       5.7M        27M       3.2G

MemTotal:        4016004 kB
MemFree:          124616 kB
Active:           373124 kB
Mem:          3.8G       3.7G       121M       5.7M        27M       3.2G

MemTotal:        4016004 kB
MemFree:          107588 kB
Active:           372072 kB
Mem:          3.8G       3.7G       104M       5.7M        27M       3.3G

MemTotal:        4016004 kB
MemFree:          130024 kB
Active:           372028 kB
Mem:          3.8G       3.7G       126M       5.7M        27M       3.2G

MemTotal:        4016004 kB
MemFree:          129456 kB
Active:           372024 kB
Mem:          3.8G       3.7G       126M       5.7M        27M       3.2G

MemTotal:        4016004 kB
MemFree:          129744 kB
Active:           372096 kB
Mem:          3.8G       3.7G       126M       5.7M        27M       3.2G

MemTotal:        4016004 kB
MemFree:          124252 kB
Active:           372076 kB
Mem:          3.8G       3.7G       120M       5.7M        27M       3.2G

MemTotal:        4016004 kB
MemFree:          135508 kB
Active:           372052 kB
Mem:          3.8G       3.7G       132M       5.7M        27M       3.2G

MemTotal:        4016004 kB
MemFree:          128188 kB
Active:           372108 kB
Mem:          3.8G       3.7G       125M       5.7M        27M       3.2G

MemTotal:        4016004 kB
MemFree:          121024 kB
Active:           372076 kB
Mem:          3.8G       3.7G       117M       5.7M        27M       3.2G

MemTotal:        4016004 kB
MemFree:          124656 kB
Active:           372056 kB
Mem:          3.8G       3.7G       121M       5.7M        27M       3.2G

MemTotal:        4016004 kB
MemFree:          114884 kB
Active:           372104 kB
Mem:          3.8G       3.7G       112M       5.7M        27M       3.3G

MemTotal:        4016004 kB
MemFree:          125556 kB
Active:           372116 kB
Mem:          3.8G       3.7G       122M       5.7M        27M       3.2G

MemTotal:        4016004 kB
MemFree:          118140 kB
Active:           372120 kB
Mem:          3.8G       3.7G       115M       5.7M        27M       3.3G

MemTotal:        4016004 kB
MemFree:          110516 kB
Active:           372080 kB
Mem:          3.8G       3.7G       107M       5.7M        27M       3.3G

MemTotal:        4016004 kB
MemFree:          113112 kB
Active:           362212 kB
Mem:          3.8G       3.7G       110M       5.7M        27M       3.3G

MemTotal:        4016004 kB
MemFree:          106160 kB
Active:           362024 kB
Mem:          3.8G       3.7G       102M       5.7M        27M       3.3G

MemTotal:        4016004 kB
MemFree:          130416 kB
Active:           362076 kB
Mem:          3.8G       3.7G       127M       5.7M        27M       3.2G

MemTotal:        4016004 kB
MemFree:          121936 kB
Active:           362088 kB
Mem:          3.8G       3.7G       119M       5.7M        27M       3.2G

MemTotal:        4016004 kB
MemFree:          127712 kB
Active:           362060 kB
Mem:          3.8G       3.7G       124M       5.7M        27M       3.2G

MemTotal:        4016004 kB
MemFree:          129968 kB
Active:           362088 kB
Mem:          3.8G       3.7G       126M       5.7M        27M       3.2G

MemTotal:        4016004 kB
MemFree:          115732 kB
Active:           362060 kB
Mem:          3.8G       3.7G       112M       5.7M        27M       3.3G

MemTotal:        4016004 kB
MemFree:          108200 kB
Active:           362084 kB
Mem:          3.8G       3.7G       105M       5.7M        27M       3.3G

MemTotal:        4016004 kB
MemFree:          117884 kB
Active:           362056 kB
Mem:          3.8G       3.7G       114M       5.7M        27M       3.3G

MemTotal:        4016004 kB
MemFree:          108156 kB
Active:           362048 kB
Mem:          3.8G       3.7G       105M       5.7M        27M       3.3G

MemTotal:        4016004 kB
MemFree:          129756 kB
Active:           362104 kB
Mem:          3.8G       3.7G       126M       5.7M        27M       3.2G

MemTotal:        4016004 kB
MemFree:          122236 kB
Active:           362112 kB
Mem:          3.8G       3.7G       119M       5.7M        27M       3.2G

MemTotal:        4016004 kB
MemFree:          125228 kB
Active:           359396 kB
Mem:          3.8G       3.7G       122M       5.7M        27M       3.2G

MemTotal:        4016004 kB
MemFree:          123892 kB
Active:           359352 kB
Mem:          3.8G       3.7G       120M       5.7M        27M       3.2G

MemTotal:        4016004 kB
MemFree:          118464 kB
Active:           359364 kB
Mem:          3.8G       3.7G       115M       5.7M        27M       3.3G

MemTotal:        4016004 kB
MemFree:          135308 kB
Active:           359336 kB
Mem:          3.8G       3.7G       131M       5.7M        27M       3.2G

MemTotal:        4016004 kB
MemFree:          121364 kB
Active:           359332 kB
Mem:          3.8G       3.7G       117M       5.7M        27M       3.2G

MemTotal:        4016004 kB
MemFree:          107028 kB
Active:           359332 kB
Mem:          3.8G       3.7G       103M       5.7M        27M       3.3G

MemTotal:        4016004 kB
MemFree:          135704 kB
Active:           359360 kB
Mem:          3.8G       3.7G       132M       5.7M        27M       3.2G

MemTotal:        4016004 kB
MemFree:          124016 kB
Active:           359344 kB
Mem:          3.8G       3.7G       120M       5.7M        27M       3.2G

MemTotal:        4016004 kB
MemFree:          127276 kB
Active:           359392 kB
Mem:          3.8G       3.7G       125M       5.7M        27M       3.2G

MemTotal:        4016004 kB
MemFree:          126636 kB
Active:           359404 kB
Mem:          3.8G       3.7G       123M       5.7M        27M       3.2G

MemTotal:        4016004 kB
MemFree:          118708 kB
Active:           359384 kB
Mem:          3.8G       3.7G       115M       5.7M        27M       3.2G

MemTotal:        4016004 kB
MemFree:          105168 kB
Active:           359408 kB
Mem:          3.8G       3.7G       102M       5.7M        27M       3.3G

MemTotal:        4016004 kB
MemFree:          127596 kB
Active:           359392 kB
Mem:          3.8G       3.7G       123M       5.7M        27M       3.2G

MemTotal:        4016004 kB
MemFree:          105968 kB
Active:           359412 kB
Mem:          3.8G       3.7G       103M       5.7M        27M       3.3G

MemTotal:        4016004 kB
MemFree:          128348 kB
Active:           357564 kB
Mem:          3.8G       3.7G       125M       5.7M        27M       3.2G

MemTotal:        4016004 kB
MemFree:          109480 kB
Active:           357476 kB
Mem:          3.8G       3.7G       106M       5.7M        27M       3.3G

MemTotal:        4016004 kB
MemFree:          109408 kB
Active:           357500 kB
Mem:          3.8G       3.7G       106M       5.7M        27M       3.3G

MemTotal:        4016004 kB
MemFree:          125440 kB
Active:           357500 kB
Mem:          3.8G       3.7G       122M       5.7M        27M       3.2G

MemTotal:        4016004 kB
MemFree:          105396 kB
Active:           357500 kB
Mem:          3.8G       3.7G       102M       5.7M        27M       3.3G

MemTotal:        4016004 kB
MemFree:          108000 kB
Active:           357508 kB
Mem:          3.8G       3.7G       105M       5.7M        27M       3.3G

MemTotal:        4016004 kB
MemFree:          125492 kB
Active:           357456 kB
Mem:          3.8G       3.7G       122M       5.7M        27M       3.2G

MemTotal:        4016004 kB
MemFree:          110456 kB
Active:           357508 kB
Mem:          3.8G       3.7G       107M       5.7M        27M       3.3G

MemTotal:        4016004 kB
MemFree:          127432 kB
Active:           357512 kB
Mem:          3.8G       3.7G       124M       5.7M        27M       3.2G

MemTotal:        4016004 kB
MemFree:          124988 kB
Active:           357496 kB
Mem:          3.8G       3.7G       121M       5.7M        27M       3.2G

MemTotal:        4016004 kB
MemFree:          106112 kB
Active:           357492 kB
Mem:          3.8G       3.7G       102M       5.7M        27M       3.3G

MemTotal:        4016004 kB
MemFree:          115684 kB
Active:           357536 kB
Mem:          3.8G       3.7G       112M       5.7M        27M       3.3G

MemTotal:        4016004 kB
MemFree:          120684 kB
Active:           357532 kB
Mem:          3.8G       3.7G       117M       5.7M        27M       3.2G

MemTotal:        4016004 kB
MemFree:          125268 kB
Active:           357528 kB
Mem:          3.8G       3.7G       122M       5.7M        27M       3.2G

MemTotal:        4016004 kB
MemFree:          132416 kB
Active:           354568 kB
Mem:          3.8G       3.7G       128M       5.7M        27M       3.2G

MemTotal:        4016004 kB
MemFree:          113124 kB
Active:           354452 kB
Mem:          3.8G       3.7G       109M       5.7M        27M       3.3G

MemTotal:        4016004 kB
MemFree:          128996 kB
Active:           354456 kB
Mem:          3.8G       3.7G       125M       5.7M        27M       3.2G

MemTotal:        4016004 kB
MemFree:          125584 kB
Active:           354456 kB
Mem:          3.8G       3.7G       132M       5.7M        27M       3.2G

MemTotal:        4016004 kB
MemFree:          123108 kB
Active:           354316 kB
Mem:          3.8G       3.7G       120M       5.7M        27M       3.2G

MemTotal:        4016004 kB
MemFree:          128296 kB
Active:           354308 kB
Mem:          3.8G       3.7G       124M       5.7M        27M       3.2G

MemTotal:        4016004 kB
MemFree:          134680 kB
Active:           354336 kB
Mem:          3.8G       3.7G       131M       5.7M        27M       3.2G

MemTotal:        4016004 kB
MemFree:          126424 kB
Active:           354340 kB
Mem:          3.8G       3.7G       123M       5.7M        27M       3.2G

MemTotal:        4016004 kB
MemFree:          107168 kB
Active:           354300 kB
Mem:          3.8G       3.7G       104M       5.7M        27M       3.3G

MemTotal:        4016004 kB
MemFree:          120744 kB
Active:           354348 kB
Mem:          3.8G       3.7G       117M       5.7M        27M       3.2G

MemTotal:        4016004 kB
MemFree:          128232 kB
Active:           354360 kB
Mem:          3.8G       3.7G       125M       5.7M        27M       3.2G

MemTotal:        4016004 kB
MemFree:          120180 kB
Active:           354352 kB
Mem:          3.8G       3.7G       117M       5.7M        27M       3.2G

MemTotal:        4016004 kB
MemFree:          125248 kB
Active:           354324 kB
Mem:          3.8G       3.7G       121M       5.7M        27M       3.2G

MemTotal:        4016004 kB
MemFree:          134488 kB
Active:           354340 kB
Mem:          3.8G       3.7G       130M       5.7M        27M       3.2G

MemTotal:        4016004 kB
MemFree:          126408 kB
Active:           354348 kB
Mem:          3.8G       3.7G       122M       5.7M        27M       3.2G

MemTotal:        4016004 kB
MemFree:          119712 kB
Active:           354372 kB
Mem:          3.8G       3.7G       116M       5.7M        27M       3.2G

MemTotal:        4016004 kB
MemFree:          123084 kB
Active:           354384 kB
Mem:          3.8G       3.7G       119M       5.7M        27M       3.2G

MemTotal:        4016004 kB
MemFree:          109108 kB
Active:           349636 kB
Mem:          3.8G       3.7G       106M       5.7M        27M       3.3G

MemTotal:        4016004 kB
MemFree:          126420 kB
Active:           349596 kB
Mem:          3.8G       3.7G       122M       5.7M        27M       3.2G

MemTotal:        4016004 kB
MemFree:          116096 kB
Active:           349612 kB
Mem:          3.8G       3.7G       113M       5.7M        27M       3.2G

MemTotal:        4016004 kB
MemFree:          123060 kB
Active:           349608 kB
Mem:          3.8G       3.7G       120M       5.7M        27M       3.2G

MemTotal:        4016004 kB
MemFree:          112308 kB
Active:           349628 kB
Mem:          3.8G       3.7G       109M       5.7M        27M       3.3G

MemTotal:        4016004 kB
MemFree:          105628 kB
Active:           349640 kB
Mem:          3.8G       3.7G       102M       5.7M        27M       3.3G

MemTotal:        4016004 kB
MemFree:          129216 kB
Active:           349644 kB
Mem:          3.8G       3.7G       126M       5.7M        27M       3.2G

MemTotal:        4016004 kB
MemFree:          122972 kB
Active:           349644 kB
Mem:          3.8G       3.7G       119M       5.7M        27M       3.2G

MemTotal:        4016004 kB
MemFree:          117700 kB
Active:           349340 kB
Mem:          3.8G       3.7G       114M       5.7M        27M       3.2G

MemTotal:        4016004 kB
MemFree:          117452 kB
Active:           349336 kB
Mem:          3.8G       3.7G       114M       5.7M        27M       3.2G

MemTotal:        4016004 kB
MemFree:          117080 kB
Active:           349344 kB
Mem:          3.8G       3.7G       114M       5.7M        27M       3.2G

MemTotal:        4016004 kB
MemFree:          116708 kB
Active:           349328 kB
Mem:          3.8G       3.7G       113M       5.7M        27M       3.2G

MemTotal:        4016004 kB
MemFree:          116584 kB
Active:           349316 kB
Mem:          3.8G       3.7G       114M       5.7M        27M       3.2G

MemTotal:        4016004 kB
MemFree:          116460 kB
Active:           349348 kB
Mem:          3.8G       3.7G       113M       5.7M        27M       3.2G

MemTotal:        4016004 kB
MemFree:          116460 kB
Active:           349332 kB
Mem:          3.8G       3.7G       113M       5.7M        27M       3.2G

MemTotal:        4016004 kB
MemFree:          116584 kB
Active:           349316 kB
Mem:          3.8G       3.7G       113M       5.7M        27M       3.2G

MemTotal:        4016004 kB
MemFree:          116584 kB
Active:           349308 kB
Mem:          3.8G       3.7G       113M       5.7M        27M       3.2G

MemTotal:        4016004 kB
MemFree:          116584 kB
Active:           349332 kB
Mem:          3.8G       3.7G       113M       5.7M        27M       3.2G

MemTotal:        4016004 kB
MemFree:          116584 kB
Active:           349332 kB
Mem:          3.8G       3.7G       113M       5.7M        27M       3.2G

MemTotal:        4016004 kB
MemFree:          116708 kB
Active:           349308 kB
Mem:          3.8G       3.7G       113M       5.7M        27M       3.2G

MemTotal:        4016004 kB
MemFree:          116956 kB
Active:           349340 kB
Mem:          3.8G       3.7G       114M       5.7M        27M       3.2G

MemTotal:        4016004 kB
MemFree:          116460 kB
Active:           349340 kB
Mem:          3.8G       3.7G       113M       5.7M        27M       3.2G

MemTotal:        4016004 kB
MemFree:          116460 kB
Active:           349352 kB
Mem:          3.8G       3.7G       113M       5.7M        27M       3.2G

MemTotal:        4016004 kB
MemFree:          116212 kB
Active:           349360 kB
Mem:          3.8G       3.7G       113M       5.7M        27M       3.2G

MemTotal:        4016004 kB
MemFree:          116460 kB
Active:           349304 kB
Mem:          3.8G       3.7G       113M       5.7M        27M       3.2G

MemTotal:        4016004 kB
MemFree:          116460 kB
Active:           349344 kB
Mem:          3.8G       3.7G       113M       5.7M        27M       3.2G

MemTotal:        4016004 kB
MemFree:          116708 kB
Active:           349312 kB
Mem:          3.8G       3.7G       113M       5.7M        27M       3.2G

MemTotal:        4016004 kB
MemFree:          116212 kB
Active:           349364 kB
Mem:          3.8G       3.7G       113M       5.7M        27M       3.2G

MemTotal:        4016004 kB
MemFree:          116336 kB
Active:           349336 kB
Mem:          3.8G       3.7G       113M       5.7M        27M       3.2G

MemTotal:        4016004 kB
MemFree:          116708 kB
Active:           349336 kB
Mem:          3.8G       3.7G       113M       5.7M        27M       3.2G

MemTotal:        4016004 kB
MemFree:          116460 kB
Active:           349368 kB
Mem:          3.8G       3.7G       113M       5.7M        27M       3.2G

MemTotal:        4016004 kB
MemFree:          116212 kB
Active:           349380 kB
Mem:          3.8G       3.7G       113M       5.7M        27M       3.2G

MemTotal:        4016004 kB
MemFree:          116584 kB
Active:           349376 kB
Mem:          3.8G       3.7G       113M       5.7M        27M       3.2G

MemTotal:        4016004 kB
MemFree:          116584 kB
Active:           349356 kB
Mem:          3.8G       3.7G       114M       5.7M        27M       3.2G

MemTotal:        4016004 kB
MemFree:          116212 kB
Active:           349380 kB
Mem:          3.8G       3.7G       113M       5.7M        27M       3.2G

MemTotal:        4016004 kB
MemFree:          116424 kB
Active:           349384 kB
Mem:          3.8G       3.7G       113M       5.7M        27M       3.2G

MemTotal:        4016004 kB
MemFree:          116584 kB
Active:           349348 kB
Mem:          3.8G       3.7G       113M       5.7M        27M       3.2G

MemTotal:        4016004 kB
MemFree:          116368 kB
Active:           349332 kB
Mem:          3.8G       3.7G       113M       5.7M        27M       3.2G

MemTotal:        4016004 kB
MemFree:          116492 kB
Active:           349380 kB
Mem:          3.8G       3.7G       113M       5.7M        27M       3.2G

MemTotal:        4016004 kB
MemFree:          116492 kB
Active:           349340 kB
Mem:          3.8G       3.7G       113M       5.7M        27M       3.2G

MemTotal:        4016004 kB
MemFree:          116616 kB
Active:           349392 kB
Mem:          3.8G       3.7G       113M       5.7M        27M       3.2G

MemTotal:        4016004 kB
MemFree:          116120 kB
Active:           349388 kB
Mem:          3.8G       3.7G       113M       5.7M        27M       3.2G

MemTotal:        4016004 kB
MemFree:          116244 kB
Active:           349400 kB
Mem:          3.8G       3.7G       113M       5.7M        27M       3.2G

MemTotal:        4016004 kB
MemFree:          116368 kB
Active:           349344 kB
Mem:          3.8G       3.7G       113M       5.7M        27M       3.2G

MemTotal:        4016004 kB
MemFree:          116368 kB
Active:           349404 kB
Mem:          3.8G       3.7G       113M       5.7M        27M       3.2G

MemTotal:        4016004 kB
MemFree:          116616 kB
Active:           349404 kB
Mem:          3.8G       3.7G       113M       5.7M        27M       3.2G

MemTotal:        4016004 kB
MemFree:          116616 kB
Active:           349384 kB
Mem:          3.8G       3.7G       113M       5.7M        27M       3.2G

MemTotal:        4016004 kB
MemFree:          116120 kB
Active:           349360 kB
Mem:          3.8G       3.7G       113M       5.7M        27M       3.2G

MemTotal:        4016004 kB
MemFree:          116244 kB
Active:           349396 kB
Mem:          3.8G       3.7G       113M       5.7M        27M       3.2G

MemTotal:        4016004 kB
MemFree:          115748 kB
Active:           349404 kB
Mem:          3.8G       3.7G       113M       5.7M        27M       3.2G

MemTotal:        4016004 kB
MemFree:          116244 kB
Active:           349368 kB
Mem:          3.8G       3.7G       113M       5.7M        27M       3.2G

MemTotal:        4016004 kB
MemFree:          115872 kB
Active:           349416 kB
Mem:          3.8G       3.7G       113M       5.7M        27M       3.2G

MemTotal:        4016004 kB
MemFree:          116120 kB
Active:           349360 kB
Mem:          3.8G       3.7G       113M       5.7M        27M       3.2G

MemTotal:        4016004 kB
MemFree:          116616 kB
Active:           349380 kB
Mem:          3.8G       3.7G       113M       5.7M        27M       3.2G

MemTotal:        4016004 kB
MemFree:          116492 kB
Active:           349412 kB
Mem:          3.8G       3.7G       113M       5.7M        27M       3.2G

MemTotal:        4016004 kB
MemFree:          115996 kB
Active:           349380 kB
Mem:          3.8G       3.7G       113M       5.7M        27M       3.2G

MemTotal:        4016004 kB
MemFree:          115872 kB
Active:           349420 kB
Mem:          3.8G       3.7G       113M       5.7M        27M       3.2G

MemTotal:        4016004 kB
MemFree:          116492 kB
Active:           349368 kB
Mem:          3.8G       3.7G       113M       5.7M        27M       3.2G

MemTotal:        4016004 kB
MemFree:          116492 kB
Active:           349424 kB
Mem:          3.8G       3.7G       113M       5.7M        27M       3.2G

MemTotal:        4016004 kB
MemFree:          116368 kB
Active:           349404 kB
Mem:          3.8G       3.7G       113M       5.7M        27M       3.2G

MemTotal:        4016004 kB
MemFree:          116492 kB
Active:           349392 kB
Mem:          3.8G       3.7G       113M       5.7M        27M       3.2G

MemTotal:        4016004 kB
MemFree:          116120 kB
Active:           349428 kB
Mem:          3.8G       3.7G       113M       5.7M        27M       3.2G

MemTotal:        4016004 kB
MemFree:          116368 kB
Active:           349380 kB
Mem:          3.8G       3.7G       113M       5.7M        27M       3.2G

MemTotal:        4016004 kB
MemFree:          116492 kB
Active:           349420 kB
Mem:          3.8G       3.7G       113M       5.7M        27M       3.2G

MemTotal:        4016004 kB
MemFree:          116740 kB
Active:           349416 kB
Mem:          3.8G       3.7G       114M       5.7M        27M       3.2G

MemTotal:        4016004 kB
MemFree:          116864 kB
Active:           349408 kB
Mem:          3.8G       3.7G       114M       5.7M        27M       3.2G

MemTotal:        4016004 kB
MemFree:          116492 kB
Active:           349440 kB
Mem:          3.8G       3.7G       113M       5.7M        27M       3.2G

MemTotal:        4016004 kB
MemFree:          116740 kB
Active:           349404 kB
Mem:          3.8G       3.7G       113M       5.7M        27M       3.2G

MemTotal:        4016004 kB
MemFree:          116740 kB
Active:           349392 kB
Mem:          3.8G       3.7G       113M       5.7M        27M       3.2G

MemTotal:        4016004 kB
MemFree:          116616 kB
Active:           349436 kB
Mem:          3.8G       3.7G       113M       5.7M        27M       3.2G

MemTotal:        4016004 kB
MemFree:          116368 kB
Active:           349440 kB
Mem:          3.8G       3.7G       113M       5.7M        27M       3.2G

MemTotal:        4016004 kB
MemFree:          116492 kB
Active:           349416 kB
Mem:          3.8G       3.7G       113M       5.7M        28M       3.2G

MemTotal:        4016004 kB
MemFree:          116492 kB
Active:           349404 kB
Mem:          3.8G       3.7G       113M       5.7M        28M       3.2G

MemTotal:        4016004 kB
MemFree:          116616 kB
Active:           349396 kB
Mem:          3.8G       3.7G       113M       5.7M        28M       3.2G

MemTotal:        4016004 kB
MemFree:          116864 kB
Active:           349432 kB
Mem:          3.8G       3.7G       114M       5.7M        28M       3.2G

MemTotal:        4016004 kB
MemFree:          116740 kB
Active:           349396 kB
Mem:          3.8G       3.7G       114M       5.7M        28M       3.2G

MemTotal:        4016004 kB
MemFree:          116492 kB
Active:           349440 kB
Mem:          3.8G       3.7G       113M       5.7M        28M       3.2G

MemTotal:        4016004 kB
MemFree:          116492 kB
Active:           349444 kB
Mem:          3.8G       3.7G       113M       5.7M        28M       3.2G

MemTotal:        4016004 kB
MemFree:          116492 kB
Active:           349448 kB
Mem:          3.8G       3.7G       113M       5.7M        28M       3.2G

MemTotal:        4016004 kB
MemFree:          116244 kB
Active:           349440 kB
Mem:          3.8G       3.7G       113M       5.7M        28M       3.2G

MemTotal:        4016004 kB
MemFree:          116244 kB
Active:           349412 kB
Mem:          3.8G       3.7G       113M       5.7M        28M       3.2G

MemTotal:        4016004 kB
MemFree:          116368 kB
Active:           349412 kB
Mem:          3.8G       3.7G       113M       5.7M        28M       3.2G

MemTotal:        4016004 kB
MemFree:          116368 kB
Active:           349440 kB
Mem:          3.8G       3.7G       113M       5.7M        28M       3.2G

MemTotal:        4016004 kB
MemFree:          116740 kB
Active:           349420 kB
Mem:          3.8G       3.7G       113M       5.7M        28M       3.2G

MemTotal:        4016004 kB
MemFree:          116244 kB
Active:           349460 kB
Mem:          3.8G       3.7G       113M       5.7M        28M       3.2G

MemTotal:        4016004 kB
MemFree:          116492 kB
Active:           349428 kB
Mem:          3.8G       3.7G       113M       5.7M        28M       3.2G

MemTotal:        4016004 kB
MemFree:          116476 kB
Active:           349436 kB
Mem:          3.8G       3.7G       114M       5.7M        28M       3.2G

MemTotal:        4016004 kB
MemFree:          116352 kB
Active:           349476 kB
Mem:          3.8G       3.7G       113M       5.7M        28M       3.2G

MemTotal:        4016004 kB
MemFree:          116352 kB
Active:           349460 kB
Mem:          3.8G       3.7G       113M       5.7M        28M       3.2G

MemTotal:        4016004 kB
MemFree:          115980 kB
Active:           349476 kB
Mem:          3.8G       3.7G       113M       5.7M        28M       3.2G

MemTotal:        4016004 kB
MemFree:          116228 kB
Active:           349436 kB
Mem:          3.8G       3.7G       113M       5.7M        28M       3.2G

MemTotal:        4016004 kB
MemFree:          116352 kB
Active:           349468 kB
Mem:          3.8G       3.7G       113M       5.7M        28M       3.2G

MemTotal:        4016004 kB
MemFree:          116228 kB
Active:           349456 kB
Mem:          3.8G       3.7G       113M       5.7M        28M       3.2G

MemTotal:        4016004 kB
MemFree:          115980 kB
Active:           349492 kB
Mem:          3.8G       3.7G       113M       5.7M        28M       3.2G

MemTotal:        4016004 kB
MemFree:          116228 kB
Active:           349488 kB
Mem:          3.8G       3.7G       113M       5.7M        28M       3.2G

MemTotal:        4016004 kB
MemFree:          116352 kB
Active:           349476 kB
Mem:          3.8G       3.7G       113M       5.7M        28M       3.2G

MemTotal:        4016004 kB
MemFree:          116352 kB
Active:           349468 kB
Mem:          3.8G       3.7G       113M       5.7M        28M       3.2G

MemTotal:        4016004 kB
MemFree:          116104 kB
Active:           349500 kB
Mem:          3.8G       3.7G       113M       5.7M        28M       3.2G

MemTotal:        4016004 kB
MemFree:          116352 kB
Active:           349460 kB
Mem:          3.8G       3.7G       113M       5.7M        28M       3.2G

MemTotal:        4016004 kB
MemFree:          116740 kB
Active:           349456 kB
Mem:          3.8G       3.7G       113M       5.7M        28M       3.2G

MemTotal:        4016004 kB
MemFree:          116864 kB
Active:           349492 kB
Mem:          3.8G       3.7G       114M       5.7M        28M       3.2G

MemTotal:        4016004 kB
MemFree:          116492 kB
Active:           349492 kB
Mem:          3.8G       3.7G       113M       5.7M        28M       3.2G

MemTotal:        4016004 kB
MemFree:          116492 kB
Active:           349464 kB
Mem:          3.8G       3.7G       113M       5.7M        28M       3.2G

MemTotal:        4016004 kB
MemFree:          116492 kB
Active:           349512 kB
Mem:          3.8G       3.7G       113M       5.7M        28M       3.2G

MemTotal:        4016004 kB
MemFree:          116492 kB
Active:           349516 kB
Mem:          3.8G       3.7G       113M       5.7M        28M       3.2G

MemTotal:        4016004 kB
MemFree:          116740 kB
Active:           349500 kB
Mem:          3.8G       3.7G       113M       5.7M        28M       3.2G

MemTotal:        4016004 kB
MemFree:          116740 kB
Active:           349492 kB
Mem:          3.8G       3.7G       113M       5.7M        28M       3.2G

MemTotal:        4016004 kB
MemFree:          116616 kB
Active:           349500 kB
Mem:          3.8G       3.7G       113M       5.7M        28M       3.2G

MemTotal:        4016004 kB
MemFree:          116740 kB
Active:           349484 kB
Mem:          3.8G       3.7G       113M       5.7M        28M       3.2G

MemTotal:        4016004 kB
MemFree:          116740 kB
Active:           349472 kB
Mem:          3.8G       3.7G       113M       5.7M        28M       3.2G

MemTotal:        4016004 kB
MemFree:          116492 kB
Active:           349528 kB
Mem:          3.8G       3.7G       113M       5.7M        28M       3.2G

MemTotal:        4016004 kB
MemFree:          116492 kB
Active:           349508 kB
Mem:          3.8G       3.7G       113M       5.7M        28M       3.2G

MemTotal:        4016004 kB
MemFree:          116368 kB
Active:           349552 kB
Mem:          3.8G       3.7G       113M       5.7M        28M       3.2G

MemTotal:        4016004 kB
MemFree:          116368 kB
Active:           349508 kB
Mem:          3.8G       3.7G       113M       5.7M        28M       3.2G

MemTotal:        4016004 kB
MemFree:          115748 kB
Active:           349812 kB
Mem:          3.8G       3.7G       112M       5.7M        28M       3.2G

MemTotal:        4016004 kB
MemFree:          115236 kB
Active:           349580 kB
Mem:          3.8G       3.7G       112M       5.7M        28M       3.2G

MemTotal:        4016004 kB
MemFree:          115608 kB
Active:           349572 kB
Mem:          3.8G       3.7G       112M       5.7M        28M       3.2G

MemTotal:        4016004 kB
MemFree:          115732 kB
Active:           349568 kB
Mem:          3.8G       3.7G       112M       5.7M        28M       3.2G

MemTotal:        4016004 kB
MemFree:          115608 kB
Active:           349596 kB
Mem:          3.8G       3.7G       112M       5.7M        28M       3.2G

MemTotal:        4016004 kB
MemFree:          115608 kB
Active:           349592 kB
Mem:          3.8G       3.7G       112M       5.7M        28M       3.2G

MemTotal:        4016004 kB
MemFree:          115608 kB
Active:           349588 kB
Mem:          3.8G       3.7G       113M       5.7M        28M       3.2G

MemTotal:        4016004 kB
MemFree:          115484 kB
Active:           349620 kB
Mem:          3.8G       3.7G       113M       5.7M        28M       3.2G

MemTotal:        4016004 kB
MemFree:          115732 kB
Active:           349568 kB
Mem:          3.8G       3.7G       113M       5.7M        28M       3.2G

MemTotal:        4016004 kB
MemFree:          115980 kB
Active:           349604 kB
Mem:          3.8G       3.7G       113M       5.7M        28M       3.2G

MemTotal:        4016004 kB
MemFree:          116476 kB
Active:           349604 kB
Mem:          3.8G       3.7G       113M       5.7M        28M       3.2G

MemTotal:        4016004 kB
MemFree:          115980 kB
Active:           349624 kB
Mem:          3.8G       3.7G       113M       5.7M        28M       3.2G

MemTotal:        4016004 kB
MemFree:          116228 kB
Active:           349624 kB
Mem:          3.8G       3.7G       113M       5.7M        28M       3.2G

MemTotal:        4016004 kB
MemFree:          116476 kB
Active:           349604 kB
Mem:          3.8G       3.7G       113M       5.7M        28M       3.2G

MemTotal:        4016004 kB
MemFree:          115980 kB
Active:           349628 kB
Mem:          3.8G       3.7G       113M       5.7M        28M       3.2G

MemTotal:        4016004 kB
MemFree:          115980 kB
Active:           349596 kB
Mem:          3.8G       3.7G       113M       5.7M        28M       3.2G

MemTotal:        4016004 kB
MemFree:          116104 kB
Active:           349588 kB
Mem:          3.8G       3.7G       113M       5.7M        28M       3.2G

MemTotal:        4016004 kB
MemFree:          116120 kB
Active:           349576 kB
Mem:          3.8G       3.7G       113M       5.7M        28M       3.2G

MemTotal:        4016004 kB
MemFree:          116244 kB
Active:           349612 kB
Mem:          3.8G       3.7G       113M       5.7M        28M       3.2G

MemTotal:        4016004 kB
MemFree:          116368 kB
Active:           349592 kB
Mem:          3.8G       3.7G       113M       5.7M        28M       3.2G

MemTotal:        4016004 kB
MemFree:          116368 kB
Active:           349584 kB
Mem:          3.8G       3.7G       113M       5.7M        28M       3.2G

MemTotal:        4016004 kB
MemFree:          116120 kB
Active:           349600 kB
Mem:          3.8G       3.7G       113M       5.7M        28M       3.2G

MemTotal:        4016004 kB
MemFree:          116244 kB
Active:           349592 kB
Mem:          3.8G       3.7G       113M       5.7M        28M       3.2G

MemTotal:        4016004 kB
MemFree:          116368 kB
Active:           349632 kB
Mem:          3.8G       3.7G       113M       5.7M        28M       3.2G

MemTotal:        4016004 kB
MemFree:          116244 kB
Active:           349604 kB
Mem:          3.8G       3.7G       113M       5.7M        28M       3.2G

MemTotal:        4016004 kB
MemFree:          115872 kB
Active:           349608 kB
Mem:          3.8G       3.7G       113M       5.7M        28M       3.2G

MemTotal:        4016004 kB
MemFree:          115996 kB
Active:           349588 kB
Mem:          3.8G       3.7G       113M       5.7M        28M       3.2G

MemTotal:        4016004 kB
MemFree:          115996 kB
Active:           349628 kB
Mem:          3.8G       3.7G       113M       5.7M        28M       3.2G

MemTotal:        4016004 kB
MemFree:          115872 kB
Active:           349644 kB
Mem:          3.8G       3.7G       112M       5.7M        28M       3.2G

MemTotal:        4016004 kB
MemFree:          115996 kB
Active:           349636 kB
Mem:          3.8G       3.7G       113M       5.7M        28M       3.2G

MemTotal:        4016004 kB
MemFree:          115872 kB
Active:           349632 kB
Mem:          3.8G       3.7G       113M       5.7M        28M       3.2G

MemTotal:        4016004 kB
MemFree:          115872 kB
Active:           349640 kB
Mem:          3.8G       3.7G       113M       5.7M        28M       3.2G

MemTotal:        4016004 kB
MemFree:          115872 kB
Active:           349608 kB
Mem:          3.8G       3.7G       113M       5.7M        28M       3.2G

MemTotal:        4016004 kB
MemFree:          115872 kB
Active:           349652 kB
Mem:          3.8G       3.7G       113M       5.7M        28M       3.2G

MemTotal:        4016004 kB
MemFree:          116368 kB
Active:           349656 kB
Mem:          3.8G       3.7G       113M       5.7M        28M       3.2G

MemTotal:        4016004 kB
MemFree:          116368 kB
Active:           349644 kB
Mem:          3.8G       3.7G       113M       5.7M        28M       3.2G

MemTotal:        4016004 kB
MemFree:          116492 kB
Active:           349616 kB
Mem:          3.8G       3.7G       113M       5.7M        28M       3.2G

MemTotal:        4016004 kB
MemFree:          116492 kB
Active:           349652 kB
Mem:          3.8G       3.7G       113M       5.7M        28M       3.2G

MemTotal:        4016004 kB
MemFree:          116492 kB
Active:           349632 kB
Mem:          3.8G       3.7G       113M       5.7M        28M       3.2G

MemTotal:        4016004 kB
MemFree:          116460 kB
Active:           349616 kB
Mem:          3.8G       3.7G       113M       5.7M        28M       3.2G

MemTotal:        4016004 kB
MemFree:          116616 kB
Active:           349652 kB
Mem:          3.8G       3.7G       113M       5.7M        28M       3.2G

MemTotal:        4016004 kB
MemFree:          116228 kB
Active:           349672 kB
Mem:          3.8G       3.7G       113M       5.7M        28M       3.2G

MemTotal:        4016004 kB
MemFree:          116492 kB
Active:           349636 kB
Mem:          3.8G       3.7G       113M       5.7M        28M       3.2G

MemTotal:        4016004 kB
MemFree:          116244 kB
Active:           349684 kB
Mem:          3.8G       3.7G       113M       5.7M        28M       3.2G

MemTotal:        4016004 kB
MemFree:          116228 kB
Active:           349676 kB
Mem:          3.8G       3.7G       113M       5.7M        28M       3.2G

MemTotal:        4016004 kB
MemFree:          115980 kB
Active:           349684 kB
Mem:          3.8G       3.7G       113M       5.7M        28M       3.2G

MemTotal:        4016004 kB
MemFree:          115484 kB
Active:           349684 kB
Mem:          3.8G       3.7G       113M       5.7M        28M       3.2G

MemTotal:        4016004 kB
MemFree:          115824 kB
Active:           349648 kB
Mem:          3.8G       3.7G       113M       5.7M        28M       3.2G

MemTotal:        4016004 kB
MemFree:          115700 kB
Active:           349748 kB
Mem:          3.8G       3.7G       113M       5.7M        28M       3.2G

MemTotal:        4016004 kB
MemFree:          115824 kB
Active:           349688 kB
Mem:          3.8G       3.7G       113M       5.7M        28M       3.2G

MemTotal:        4016004 kB
MemFree:          115748 kB
Active:           349760 kB
Mem:          3.8G       3.7G       113M       5.7M        28M       3.2G

MemTotal:        4016004 kB
MemFree:          115972 kB
Active:           349744 kB
Mem:          3.8G       3.7G       113M       5.7M        28M       3.2G

MemTotal:        4016004 kB
MemFree:          116072 kB
Active:           349756 kB
Mem:          3.8G       3.7G       113M       5.7M        28M       3.2G

MemTotal:        4016004 kB
MemFree:          115716 kB
Active:           349704 kB
Mem:          3.8G       3.7G       113M       5.7M        28M       3.2G

MemTotal:        4016004 kB
MemFree:          116368 kB
Active:           349680 kB
Mem:          3.8G       3.7G       113M       5.7M        28M       3.2G

MemTotal:        4016004 kB
MemFree:          116368 kB
Active:           349664 kB
Mem:          3.8G       3.7G       113M       5.7M        28M       3.2G

MemTotal:        4016004 kB
MemFree:          116044 kB
Active:           349732 kB
Mem:          3.8G       3.7G       113M       5.7M        28M       3.2G

MemTotal:        4016004 kB
MemFree:          115992 kB
Active:           349680 kB
Mem:          3.8G       3.7G       113M       5.7M        28M       3.2G

MemTotal:        4016004 kB
MemFree:          116072 kB
Active:           349652 kB
Mem:          3.8G       3.7G       113M       5.7M        28M       3.2G

MemTotal:        4016004 kB
MemFree:          116196 kB
Active:           349692 kB
Mem:          3.8G       3.7G       113M       5.7M        28M       3.2G

MemTotal:        4016004 kB
MemFree:          116088 kB
Active:           349708 kB
Mem:          3.8G       3.7G       113M       5.7M        28M       3.2G

MemTotal:        4016004 kB
MemFree:          116368 kB
Active:           349700 kB
Mem:          3.8G       3.7G       113M       5.7M        28M       3.2G

MemTotal:        4016004 kB
MemFree:          116104 kB
Active:           349588 kB
Mem:          3.8G       3.7G       113M       5.7M        28M       3.2G

MemTotal:        4016004 kB
MemFree:          115948 kB
Active:           349568 kB
Mem:          3.8G       3.7G       113M       5.7M        28M       3.2G

MemTotal:        4016004 kB
MemFree:          115948 kB
Active:           349568 kB
Mem:          3.8G       3.7G       113M       5.7M        28M       3.2G

MemTotal:        4016004 kB
MemFree:          115948 kB
Active:           349632 kB
Mem:          3.8G       3.7G       113M       5.7M        28M       3.2G

MemTotal:        4016004 kB
MemFree:          115824 kB
Active:           349780 kB
Mem:          3.8G       3.7G       113M       5.7M        28M       3.2G

MemTotal:        4016004 kB
MemFree:          115468 kB
Active:           349716 kB
Mem:          3.8G       3.7G       113M       5.7M        28M       3.2G

MemTotal:        4016004 kB
MemFree:          115872 kB
Active:           349692 kB
Mem:          3.8G       3.7G       113M       5.7M        28M       3.2G

MemTotal:        4016004 kB
MemFree:          115840 kB
Active:           349688 kB
Mem:          3.8G       3.7G       113M       5.7M        28M       3.2G

MemTotal:        4016004 kB
MemFree:          115980 kB
Active:           349708 kB
Mem:          3.8G       3.7G       113M       5.7M        28M       3.2G

MemTotal:        4016004 kB
MemFree:          115732 kB
Active:           349732 kB
Mem:          3.8G       3.7G       112M       5.7M        28M       3.2G

MemTotal:        4016004 kB
MemFree:          115872 kB
Active:           349724 kB
Mem:          3.8G       3.7G       112M       5.7M        28M       3.2G

MemTotal:        4016004 kB
MemFree:          115748 kB
Active:           349732 kB
Mem:          3.8G       3.7G       113M       5.7M        28M       3.2G

MemTotal:        4016004 kB
MemFree:          115732 kB
Active:           349684 kB
Mem:          3.8G       3.7G       113M       5.7M        28M       3.2G

MemTotal:        4016004 kB
MemFree:          115748 kB
Active:           349736 kB
Mem:          3.8G       3.7G       113M       5.7M        28M       3.2G

MemTotal:        4016004 kB
MemFree:          115748 kB
Active:           349720 kB
Mem:          3.8G       3.7G       113M       5.7M        28M       3.2G

MemTotal:        4016004 kB
MemFree:          115616 kB
Active:           349840 kB
Mem:          3.8G       3.7G       113M       5.7M        28M       3.2G

MemTotal:        4016004 kB
MemFree:          116072 kB
Active:           349728 kB
Mem:          3.8G       3.7G       113M       5.7M        28M       3.2G

MemTotal:        4016004 kB
MemFree:          116196 kB
Active:           349720 kB
Mem:          3.8G       3.7G       113M       5.7M        28M       3.2G

MemTotal:        4016004 kB
MemFree:          115996 kB
Active:           349844 kB
Mem:          3.8G       3.7G       113M       5.7M        28M       3.2G

MemTotal:        4016004 kB
MemFree:          115624 kB
Active:           349820 kB
Mem:          3.8G       3.7G       112M       5.7M        28M       3.2G

MemTotal:        4016004 kB
MemFree:          115748 kB
Active:           349712 kB
Mem:          3.8G       3.7G       113M       5.7M        28M       3.2G

MemTotal:        4016004 kB
MemFree:          115748 kB
Active:           349704 kB
Mem:          3.8G       3.7G       112M       5.7M        28M       3.2G

MemTotal:        4016004 kB
MemFree:          115592 kB
Active:           349836 kB
Mem:          3.8G       3.7G       113M       5.7M        28M       3.2G

MemTotal:        4016004 kB
MemFree:          115996 kB
Active:           349700 kB
Mem:          3.8G       3.7G       113M       5.7M        28M       3.2G

MemTotal:        4016004 kB
MemFree:          116244 kB
Active:           349736 kB
Mem:          3.8G       3.7G       113M       5.7M        28M       3.2G

MemTotal:        4016004 kB
MemFree:          116120 kB
Active:           349728 kB
Mem:          3.8G       3.7G       113M       5.7M        28M       3.2G

MemTotal:        4016004 kB
MemFree:          115840 kB
Active:           349644 kB
Mem:          3.8G       3.7G       113M       5.7M        28M       3.2G

MemTotal:        4016004 kB
MemFree:          116244 kB
Active:           349712 kB
Mem:          3.8G       3.7G       113M       5.7M        28M       3.2G

MemTotal:        4016004 kB
MemFree:          115748 kB
Active:           349760 kB
Mem:          3.8G       3.7G       113M       5.7M        28M       3.2G

MemTotal:        4016004 kB
MemFree:          115996 kB
Active:           349760 kB
Mem:          3.8G       3.7G       113M       5.7M        28M       3.2G

MemTotal:        4016004 kB
MemFree:          115872 kB
Active:           349724 kB
Mem:          3.8G       3.7G       112M       5.7M        28M       3.2G

MemTotal:        4016004 kB
MemFree:          115872 kB
Active:           349744 kB
Mem:          3.8G       3.7G       113M       5.7M        28M       3.2G

MemTotal:        4016004 kB
MemFree:          115996 kB
Active:           349772 kB
Mem:          3.8G       3.7G       113M       5.7M        28M       3.2G

MemTotal:        4016004 kB
MemFree:          115996 kB
Active:           349748 kB
Mem:          3.8G       3.7G       113M       5.7M        28M       3.2G

MemTotal:        4016004 kB
MemFree:          115872 kB
Active:           349760 kB
Mem:          3.8G       3.7G       113M       5.7M        28M       3.2G

MemTotal:        4016004 kB
MemFree:          115748 kB
Active:           349756 kB
Mem:          3.8G       3.7G       113M       5.7M        28M       3.2G

MemTotal:        4016004 kB
MemFree:          116120 kB
Active:           349776 kB
Mem:          3.8G       3.7G       113M       5.7M        28M       3.2G

MemTotal:        4016004 kB
MemFree:          116120 kB
Active:           349728 kB
Mem:          3.8G       3.7G       113M       5.7M        28M       3.2G

MemTotal:        4016004 kB
MemFree:          116120 kB
Active:           349736 kB
Mem:          3.8G       3.7G       113M       5.7M        28M       3.2G

MemTotal:        4016004 kB
MemFree:          115748 kB
Active:           349768 kB
Mem:          3.8G       3.7G       113M       5.7M        28M       3.2G

MemTotal:        4016004 kB
MemFree:          115996 kB
Active:           349756 kB
Mem:          3.8G       3.7G       113M       5.7M        28M       3.2G

MemTotal:        4016004 kB
MemFree:          116368 kB
Active:           349772 kB
Mem:          3.8G       3.7G       113M       5.7M        28M       3.2G

MemTotal:        4016004 kB
MemFree:          116120 kB
Active:           349756 kB
Mem:          3.8G       3.7G       113M       5.7M        28M       3.2G

MemTotal:        4016004 kB
MemFree:          116120 kB
Active:           349784 kB
Mem:          3.8G       3.7G       113M       5.7M        28M       3.2G

MemTotal:        4016004 kB
MemFree:          116244 kB
Active:           349744 kB
Mem:          3.8G       3.7G       113M       5.7M        28M       3.2G

MemTotal:        4016004 kB
MemFree:          116120 kB
Active:           349740 kB
Mem:          3.8G       3.7G       113M       5.7M        28M       3.2G

MemTotal:        4016004 kB
MemFree:          116244 kB
Active:           349748 kB
Mem:          3.8G       3.7G       113M       5.7M        28M       3.2G

MemTotal:        4016004 kB
MemFree:          115872 kB
Active:           349796 kB
Mem:          3.8G       3.7G       113M       5.7M        28M       3.2G

MemTotal:        4016004 kB
MemFree:          116120 kB
Active:           349744 kB
Mem:          3.8G       3.7G       113M       5.7M        28M       3.2G

MemTotal:        4016004 kB
MemFree:          116368 kB
Active:           349796 kB
Mem:          3.8G       3.7G       113M       5.7M        28M       3.2G

MemTotal:        4016004 kB
MemFree:          116244 kB
Active:           349776 kB
Mem:          3.8G       3.7G       113M       5.7M        28M       3.2G

MemTotal:        4016004 kB
MemFree:          115748 kB
Active:           349804 kB
Mem:          3.8G       3.7G       113M       5.7M        28M       3.2G

MemTotal:        4016004 kB
MemFree:          115872 kB
Active:           349752 kB
Mem:          3.8G       3.7G       113M       5.7M        28M       3.2G

MemTotal:        4016004 kB
MemFree:          115996 kB
Active:           349800 kB
Mem:          3.8G       3.7G       113M       5.7M        28M       3.2G

MemTotal:        4016004 kB
MemFree:          116104 kB
Active:           349776 kB
Mem:          3.8G       3.7G       113M       5.7M        28M       3.2G

MemTotal:        4016004 kB
MemFree:          116104 kB
Active:           349764 kB
Mem:          3.8G       3.7G       113M       5.7M        28M       3.2G

MemTotal:        4016004 kB
MemFree:          115732 kB
Active:           349808 kB
Mem:          3.8G       3.7G       113M       5.7M        28M       3.2G

MemTotal:        4016004 kB
MemFree:          115608 kB
Active:           349808 kB
Mem:          3.8G       3.7G       113M       5.7M        28M       3.2G

MemTotal:        4016004 kB
MemFree:          115980 kB
Active:           349768 kB
Mem:          3.8G       3.7G       113M       5.7M        28M       3.2G

MemTotal:        4016004 kB
MemFree:          115980 kB
Active:           349764 kB
Mem:          3.8G       3.7G       113M       5.7M        28M       3.2G

MemTotal:        4016004 kB
MemFree:          115980 kB
Active:           349808 kB
Mem:          3.8G       3.7G       113M       5.7M        28M       3.2G

MemTotal:        4016004 kB
MemFree:          116104 kB
Active:           349776 kB
Mem:          3.8G       3.7G       113M       5.7M        28M       3.2G

MemTotal:        4016004 kB
MemFree:          116476 kB
Active:           349760 kB
Mem:          3.8G       3.7G       113M       5.7M        28M       3.2G

MemTotal:        4016004 kB
MemFree:          116476 kB
Active:           349808 kB
Mem:          3.8G       3.7G       113M       5.7M        28M       3.2G

MemTotal:        4016004 kB
MemFree:          116600 kB
Active:           349820 kB
Mem:          3.8G       3.7G       113M       5.7M        28M       3.2G

MemTotal:        4016004 kB
MemFree:          116476 kB
Active:           349816 kB
Mem:          3.8G       3.7G       113M       5.7M        28M       3.2G

MemTotal:        4016004 kB
MemFree:          116352 kB
Active:           349800 kB
Mem:          3.8G       3.7G       113M       5.7M        28M       3.2G

MemTotal:        4016004 kB
MemFree:          116352 kB
Active:           349804 kB
Mem:          3.8G       3.7G       113M       5.7M        28M       3.2G

MemTotal:        4016004 kB
MemFree:          116600 kB
Active:           349788 kB
Mem:          3.8G       3.7G       113M       5.7M        28M       3.2G

MemTotal:        4016004 kB
MemFree:          116476 kB
Active:           349832 kB
Mem:          3.8G       3.7G       113M       5.7M        28M       3.2G

MemTotal:        4016004 kB
MemFree:          116476 kB
Active:           349812 kB
Mem:          3.8G       3.7G       113M       5.7M        28M       3.2G

MemTotal:        4016004 kB
MemFree:          116352 kB
Active:           349804 kB
Mem:          3.8G       3.7G       113M       5.7M        28M       3.2G

MemTotal:        4016004 kB
MemFree:          116228 kB
Active:           349808 kB
Mem:          3.8G       3.7G       113M       5.7M        28M       3.2G

MemTotal:        4016004 kB
MemFree:          115856 kB
Active:           349844 kB
Mem:          3.8G       3.7G       113M       5.7M        28M       3.2G

MemTotal:        4016004 kB
MemFree:          115608 kB
Active:           349844 kB
Mem:          3.8G       3.7G       113M       5.7M        28M       3.2G

MemTotal:        4016004 kB
MemFree:          116104 kB
Active:           349792 kB
Mem:          3.8G       3.7G       113M       5.7M        28M       3.2G

MemTotal:        4016004 kB
MemFree:          116104 kB
Active:           349796 kB
Mem:          3.8G       3.7G       113M       5.7M        28M       3.2G

MemTotal:        4016004 kB
MemFree:          115608 kB
Active:           349852 kB
Mem:          3.8G       3.7G       113M       5.7M        28M       3.2G

MemTotal:        4016004 kB
MemFree:          115484 kB
Active:           349852 kB
Mem:          3.8G       3.7G       112M       5.7M        28M       3.2G

MemTotal:        4016004 kB
MemFree:          115732 kB
Active:           349852 kB
Mem:          3.8G       3.7G       112M       5.7M        28M       3.2G

MemTotal:        4016004 kB
MemFree:          116104 kB
Active:           349848 kB
Mem:          3.8G       3.7G       113M       5.7M        28M       3.2G

MemTotal:        4016004 kB
MemFree:          115608 kB
Active:           349860 kB
Mem:          3.8G       3.7G       113M       5.7M        28M       3.2G

MemTotal:        4016004 kB
MemFree:          115732 kB
Active:           349836 kB
Mem:          3.8G       3.7G       113M       5.7M        28M       3.2G

MemTotal:        4016004 kB
MemFree:          115856 kB
Active:           349832 kB
Mem:          3.8G       3.7G       113M       5.7M        28M       3.2G

MemTotal:        4016004 kB
MemFree:          115856 kB
Active:           349808 kB
Mem:          3.8G       3.7G       113M       5.7M        28M       3.2G

MemTotal:        4016004 kB
MemFree:          115608 kB
Active:           349868 kB
Mem:          3.8G       3.7G       113M       5.7M        28M       3.2G

MemTotal:        4016004 kB
MemFree:          116228 kB
Active:           349824 kB
Mem:          3.8G       3.7G       113M       5.7M        28M       3.2G

MemTotal:        4016004 kB
MemFree:          116352 kB
Active:           349868 kB
Mem:          3.8G       3.7G       113M       5.7M        28M       3.2G

MemTotal:        4016004 kB
MemFree:          116352 kB
Active:           349852 kB
Mem:          3.8G       3.7G       113M       5.7M        28M       3.2G

MemTotal:        4016004 kB
MemFree:          116104 kB
Active:           349836 kB
