MemTotal:        4016004 kB
MemFree:         3208040 kB
Active:           454120 kB
Mem:          3.8G       788M       3.1G       5.7M        55M       327M

MemTotal:        4016004 kB
MemFree:         3208684 kB
Active:           454072 kB
Mem:          3.8G       788M       3.1G       5.7M        55M       327M

MemTotal:        4016004 kB
MemFree:         3207424 kB
Active:           452160 kB
Mem:          3.8G       789M       3.1G       5.7M        55M       327M

MemTotal:        4016004 kB
MemFree:         3208336 kB
Active:           454172 kB
Mem:          3.8G       788M       3.1G       5.7M        55M       327M

MemTotal:        4016004 kB
MemFree:         3208832 kB
Active:           454196 kB
Mem:          3.8G       788M       3.1G       5.7M        55M       327M

MemTotal:        4016004 kB
MemFree:         3208956 kB
Active:           454172 kB
Mem:          3.8G       788M       3.1G       5.7M        55M       327M

MemTotal:        4016004 kB
MemFree:         3209452 kB
Active:           454196 kB
Mem:          3.8G       787M       3.1G       5.7M        55M       327M

MemTotal:        4016004 kB
MemFree:         3208956 kB
Active:           454180 kB
Mem:          3.8G       788M       3.1G       5.7M        55M       327M

MemTotal:        4016004 kB
MemFree:         3209080 kB
Active:           454164 kB
Mem:          3.8G       787M       3.1G       5.7M        55M       327M

MemTotal:        4016004 kB
MemFree:         3209064 kB
Active:           454184 kB
Mem:          3.8G       787M       3.1G       5.7M        55M       327M

MemTotal:        4016004 kB
MemFree:         3209188 kB
Active:           454168 kB
Mem:          3.8G       788M       3.1G       5.7M        55M       327M

MemTotal:        4016004 kB
MemFree:         3209064 kB
Active:           454200 kB
Mem:          3.8G       787M       3.1G       5.7M        55M       327M

MemTotal:        4016004 kB
MemFree:         3209668 kB
Active:           454172 kB
Mem:          3.8G       787M       3.1G       5.7M        55M       327M

MemTotal:        4016004 kB
MemFree:         3209776 kB
Active:           454184 kB
Mem:          3.8G       787M       3.1G       5.7M        55M       327M

MemTotal:        4016004 kB
MemFree:         3209188 kB
Active:           454208 kB
Mem:          3.8G       787M       3.1G       5.7M        55M       327M

MemTotal:        4016004 kB
MemFree:         3209312 kB
Active:           454184 kB
Mem:          3.8G       787M       3.1G       5.7M        55M       327M

MemTotal:        4016004 kB
MemFree:         3209312 kB
Active:           454160 kB
Mem:          3.8G       787M       3.1G       5.7M        55M       327M

MemTotal:        4016004 kB
MemFree:         3209312 kB
Active:           454196 kB
Mem:          3.8G       787M       3.1G       5.7M        55M       327M

MemTotal:        4016004 kB
MemFree:         3209436 kB
Active:           454172 kB
Mem:          3.8G       787M       3.1G       5.7M        55M       327M

MemTotal:        4016004 kB
MemFree:         3209436 kB
Active:           454172 kB
Mem:          3.8G       787M       3.1G       5.7M        55M       327M

MemTotal:        4016004 kB
MemFree:         3209312 kB
Active:           454208 kB
Mem:          3.8G       787M       3.1G       5.7M        55M       327M

MemTotal:        4016004 kB
MemFree:         3209436 kB
Active:           454160 kB
Mem:          3.8G       787M       3.1G       5.7M        55M       327M

MemTotal:        4016004 kB
MemFree:         3209436 kB
Active:           454208 kB
Mem:          3.8G       787M       3.1G       5.7M        55M       327M

MemTotal:        4016004 kB
MemFree:         3209560 kB
Active:           454184 kB
Mem:          3.8G       787M       3.1G       5.7M        55M       327M

MemTotal:        4016004 kB
MemFree:         3209064 kB
Active:           454192 kB
Mem:          3.8G       788M       3.1G       5.7M        55M       327M

MemTotal:        4016004 kB
MemFree:         3208692 kB
Active:           454216 kB
Mem:          3.8G       788M       3.1G       5.7M        55M       327M

MemTotal:        4016004 kB
MemFree:         3209188 kB
Active:           454160 kB
Mem:          3.8G       788M       3.1G       5.7M        55M       327M

MemTotal:        4016004 kB
MemFree:         3208692 kB
Active:           454216 kB
Mem:          3.8G       788M       3.1G       5.7M        55M       327M

MemTotal:        4016004 kB
MemFree:         3208692 kB
Active:           454224 kB
Mem:          3.8G       788M       3.1G       5.7M        55M       327M

MemTotal:        4016004 kB
MemFree:         3209312 kB
Active:           454184 kB
Mem:          3.8G       788M       3.1G       5.7M        55M       327M

MemTotal:        4016004 kB
MemFree:         3209404 kB
Active:           454172 kB
Mem:          3.8G       787M       3.1G       5.7M        55M       327M

MemTotal:        4016004 kB
MemFree:         3208908 kB
Active:           454224 kB
Mem:          3.8G       787M       3.1G       5.7M        55M       327M

MemTotal:        4016004 kB
MemFree:         3209140 kB
Active:           454204 kB
Mem:          3.8G       787M       3.1G       5.7M        55M       327M

MemTotal:        4016004 kB
MemFree:         3209124 kB
Active:           454176 kB
Mem:          3.8G       787M       3.1G       5.7M        55M       327M

MemTotal:        4016004 kB
MemFree:         3208752 kB
Active:           454224 kB
Mem:          3.8G       788M       3.1G       5.7M        55M       327M

MemTotal:        4016004 kB
MemFree:         3208364 kB
Active:           454232 kB
Mem:          3.8G       788M       3.1G       5.7M        55M       327M

MemTotal:        4016004 kB
MemFree:         3208720 kB
Active:           454184 kB
Mem:          3.8G       788M       3.1G       5.7M        55M       327M

MemTotal:        4016004 kB
MemFree:         3208704 kB
Active:           454228 kB
Mem:          3.8G       788M       3.1G       5.7M        55M       327M

MemTotal:        4016004 kB
MemFree:         3208704 kB
Active:           454236 kB
Mem:          3.8G       788M       3.1G       5.7M        55M       327M

MemTotal:        4016004 kB
MemFree:         3208704 kB
Active:           454236 kB
Mem:          3.8G       788M       3.1G       5.7M        55M       327M

MemTotal:        4016004 kB
MemFree:         3208936 kB
Active:           454200 kB
Mem:          3.8G       788M       3.1G       5.7M        55M       327M

MemTotal:        4016004 kB
MemFree:         3208556 kB
Active:           454240 kB
Mem:          3.8G       788M       3.1G       5.7M        55M       327M

MemTotal:        4016004 kB
MemFree:         3208664 kB
Active:           454228 kB
Mem:          3.8G       788M       3.1G       5.7M        55M       327M

MemTotal:        4016004 kB
MemFree:         3208416 kB
Active:           454256 kB
Mem:          3.8G       788M       3.1G       5.7M        55M       327M

MemTotal:        4016004 kB
MemFree:         3208884 kB
Active:           454200 kB
Mem:          3.8G       788M       3.1G       5.7M        55M       327M

MemTotal:        4016004 kB
MemFree:         3208512 kB
Active:           454256 kB
Mem:          3.8G       788M       3.1G       5.7M        55M       327M

MemTotal:        4016004 kB
MemFree:         3209256 kB
Active:           454200 kB
Mem:          3.8G       787M       3.1G       5.7M        55M       327M

MemTotal:        4016004 kB
MemFree:         3209132 kB
Active:           454232 kB
Mem:          3.8G       788M       3.1G       5.7M        55M       327M

MemTotal:        4016004 kB
MemFree:         3209008 kB
Active:           454272 kB
Mem:          3.8G       787M       3.1G       5.7M        55M       327M

MemTotal:        4016004 kB
MemFree:         3208964 kB
Active:           454276 kB
Mem:          3.8G       788M       3.1G       5.7M        55M       327M

MemTotal:        4016004 kB
MemFree:         3209088 kB
Active:           454248 kB
Mem:          3.8G       788M       3.1G       5.7M        55M       327M

MemTotal:        4016004 kB
MemFree:         3208964 kB
Active:           454260 kB
Mem:          3.8G       788M       3.1G       5.7M        55M       327M

MemTotal:        4016004 kB
MemFree:         3208592 kB
Active:           454292 kB
Mem:          3.8G       788M       3.1G       5.7M        55M       327M

MemTotal:        4016004 kB
MemFree:         3208840 kB
Active:           454284 kB
Mem:          3.8G       788M       3.1G       5.7M        55M       327M

MemTotal:        4016004 kB
MemFree:         3208840 kB
Active:           454268 kB
Mem:          3.8G       788M       3.1G       5.7M        55M       327M

MemTotal:        4016004 kB
MemFree:         3208592 kB
Active:           454292 kB
Mem:          3.8G       788M       3.1G       5.7M        55M       327M

MemTotal:        4016004 kB
MemFree:         3208716 kB
Active:           454296 kB
Mem:          3.8G       788M       3.1G       5.7M        55M       327M

MemTotal:        4016004 kB
MemFree:         3208964 kB
Active:           454248 kB
Mem:          3.8G       788M       3.1G       5.7M        55M       327M

MemTotal:        4016004 kB
MemFree:         3208840 kB
Active:           454280 kB
Mem:          3.8G       788M       3.1G       5.7M        55M       327M

MemTotal:        4016004 kB
MemFree:         3208592 kB
Active:           454300 kB
Mem:          3.8G       788M       3.1G       5.7M        55M       327M

MemTotal:        4016004 kB
MemFree:         3208964 kB
Active:           454288 kB
Mem:          3.8G       788M       3.1G       5.7M        55M       327M

MemTotal:        4016004 kB
MemFree:         3091496 kB
Active:           454628 kB
Mem:          3.8G       903M       2.9G       5.7M        55M       441M

MemTotal:        4016004 kB
MemFree:         2978568 kB
Active:           452644 kB
Mem:          3.8G       1.0G       2.8G       5.7M        55M       548M

MemTotal:        4016004 kB
MemFree:         2860340 kB
Active:           454612 kB
Mem:          3.8G       1.1G       2.7G       5.7M        55M       663M

MemTotal:        4016004 kB
MemFree:         2854864 kB
Active:           454636 kB
Mem:          3.8G       1.1G       2.7G       5.7M        55M       668M

MemTotal:        4016004 kB
MemFree:         2776464 kB
Active:           454620 kB
Mem:          3.8G       1.2G       2.6G       5.7M        55M       743M

MemTotal:        4016004 kB
MemFree:         2762540 kB
Active:           454636 kB
Mem:          3.8G       1.2G       2.6G       5.7M        55M       757M

MemTotal:        4016004 kB
MemFree:         2675364 kB
Active:           454608 kB
Mem:          3.8G       1.3G       2.6G       5.7M        55M       841M

MemTotal:        4016004 kB
MemFree:         2671844 kB
Active:           454652 kB
Mem:          3.8G       1.3G       2.5G       5.7M        55M       843M

MemTotal:        4016004 kB
MemFree:         2670728 kB
Active:           454620 kB
Mem:          3.8G       1.3G       2.5G       5.7M        55M       844M

MemTotal:        4016004 kB
MemFree:         2670064 kB
Active:           454656 kB
Mem:          3.8G       1.3G       2.5G       5.7M        55M       846M

MemTotal:        4016004 kB
MemFree:         2668920 kB
Active:           454620 kB
Mem:          3.8G       1.3G       2.5G       5.7M        55M       847M

MemTotal:        4016004 kB
MemFree:         2591000 kB
Active:           454648 kB
Mem:          3.8G       1.4G       2.5G       5.7M        55M       919M

MemTotal:        4016004 kB
MemFree:         2454172 kB
Active:           456664 kB
Mem:          3.8G       1.5G       2.3G       5.7M        55M       1.0G

MemTotal:        4016004 kB
MemFree:         2326164 kB
Active:           456636 kB
Mem:          3.8G       1.6G       2.2G       5.7M        55M       1.1G

MemTotal:        4016004 kB
MemFree:         2317468 kB
Active:           456696 kB
Mem:          3.8G       1.6G       2.2G       5.7M        55M       1.2G

MemTotal:        4016004 kB
MemFree:         2245732 kB
Active:           456708 kB
Mem:          3.8G       1.7G       2.1G       5.7M        55M       1.2G

MemTotal:        4016004 kB
MemFree:         2226136 kB
Active:           456712 kB
Mem:          3.8G       1.7G       2.1G       5.7M        55M       1.2G

MemTotal:        4016004 kB
MemFree:         2150616 kB
Active:           456684 kB
Mem:          3.8G       1.8G       2.1G       5.7M        55M       1.3G

MemTotal:        4016004 kB
MemFree:         2132436 kB
Active:           456728 kB
Mem:          3.8G       1.8G       2.0G       5.7M        55M       1.3G

MemTotal:        4016004 kB
MemFree:         2131396 kB
Active:           456724 kB
Mem:          3.8G       1.8G       2.0G       5.7M        55M       1.3G

MemTotal:        4016004 kB
MemFree:         2130760 kB
Active:           456748 kB
Mem:          3.8G       1.8G       2.0G       5.7M        55M       1.3G

MemTotal:        4016004 kB
MemFree:         2128768 kB
Active:           454800 kB
Mem:          3.8G       1.8G       2.0G       5.7M        55M       1.3G

MemTotal:        4016004 kB
MemFree:         2084076 kB
Active:           456744 kB
Mem:          3.8G       1.8G       2.0G       5.7M        55M       1.4G

MemTotal:        4016004 kB
MemFree:         1978064 kB
Active:           456736 kB
Mem:          3.8G       1.9G       1.9G       5.7M        55M       1.5G

MemTotal:        4016004 kB
MemFree:         1840616 kB
Active:           456784 kB
Mem:          3.8G       2.1G       1.8G       5.7M        55M       1.6G

MemTotal:        4016004 kB
MemFree:         1780264 kB
Active:           456732 kB
Mem:          3.8G       2.1G       1.7G       5.7M        55M       1.7G

MemTotal:        4016004 kB
MemFree:         1709408 kB
Active:           456768 kB
Mem:          3.8G       2.2G       1.6G       5.7M        55M       1.7G

MemTotal:        4016004 kB
MemFree:         1689796 kB
Active:           456788 kB
Mem:          3.8G       2.2G       1.6G       5.7M        55M       1.7G

MemTotal:        4016004 kB
MemFree:         1648504 kB
Active:           456792 kB
Mem:          3.8G       2.3G       1.6G       5.7M        55M       1.8G

MemTotal:        4016004 kB
MemFree:         1597056 kB
Active:           456768 kB
Mem:          3.8G       2.3G       1.5G       5.7M        55M       1.8G

MemTotal:        4016004 kB
MemFree:         1505788 kB
Active:           456772 kB
Mem:          3.8G       2.4G       1.4G       5.7M        55M       1.9G

MemTotal:        4016004 kB
MemFree:         1504284 kB
Active:           456820 kB
Mem:          3.8G       2.4G       1.4G       5.7M        55M       1.9G

MemTotal:        4016004 kB
MemFree:         1502944 kB
Active:           456780 kB
Mem:          3.8G       2.4G       1.4G       5.7M        55M       1.9G

MemTotal:        4016004 kB
MemFree:         1502264 kB
Active:           456808 kB
Mem:          3.8G       2.4G       1.4G       5.7M        55M       1.9G

MemTotal:        4016004 kB
MemFree:         1501648 kB
Active:           456784 kB
Mem:          3.8G       2.4G       1.4G       5.7M        55M       1.9G

MemTotal:        4016004 kB
MemFree:         1457908 kB
Active:           456772 kB
Mem:          3.8G       2.4G       1.4G       5.7M        55M       2.0G

MemTotal:        4016004 kB
MemFree:         1348408 kB
Active:           456828 kB
Mem:          3.8G       2.5G       1.3G       5.7M        55M       2.1G

MemTotal:        4016004 kB
MemFree:         1210696 kB
Active:           456828 kB
Mem:          3.8G       2.7G       1.2G       5.7M        55M       2.2G

MemTotal:        4016004 kB
MemFree:         1155248 kB
Active:           456832 kB
Mem:          3.8G       2.7G       1.1G       5.7M        55M       2.2G

MemTotal:        4016004 kB
MemFree:         1111872 kB
Active:           456776 kB
Mem:          3.8G       2.8G       1.1G       5.7M        55M       2.3G

MemTotal:        4016004 kB
MemFree:         1062160 kB
Active:           456808 kB
Mem:          3.8G       2.8G       1.0G       5.7M        55M       2.3G

MemTotal:        4016004 kB
MemFree:         1033224 kB
Active:           456960 kB
Mem:          3.8G       2.8G       1.0G       5.7M        55M       2.4G

MemTotal:        4016004 kB
MemFree:          971620 kB
Active:           456808 kB
Mem:          3.8G       2.9G       948M       5.7M        55M       2.4G

MemTotal:        4016004 kB
MemFree:          971756 kB
Active:           456832 kB
Mem:          3.8G       2.9G       948M       5.7M        55M       2.4G

MemTotal:        4016004 kB
MemFree:          969412 kB
Active:           456888 kB
Mem:          3.8G       2.9G       946M       5.7M        55M       2.4G

MemTotal:        4016004 kB
MemFree:          968188 kB
Active:           456876 kB
Mem:          3.8G       2.9G       945M       5.7M        55M       2.4G

MemTotal:        4016004 kB
MemFree:          956880 kB
Active:           456848 kB
Mem:          3.8G       2.9G       933M       5.7M        56M       2.4G

MemTotal:        4016004 kB
MemFree:          843040 kB
Active:           456888 kB
Mem:          3.8G       3.0G       822M       5.7M        56M       2.5G

MemTotal:        4016004 kB
MemFree:          730456 kB
Active:           456848 kB
Mem:          3.8G       3.1G       712M       5.7M        56M       2.6G

MemTotal:        4016004 kB
MemFree:          621764 kB
Active:           456904 kB
Mem:          3.8G       3.2G       606M       5.7M        56M       2.7G

MemTotal:        4016004 kB
MemFree:          588876 kB
Active:           456912 kB
Mem:          3.8G       3.3G       574M       5.7M        56M       2.8G

MemTotal:        4016004 kB
MemFree:          520468 kB
Active:           458968 kB
Mem:          3.8G       3.3G       508M       5.7M        56M       2.8G

MemTotal:        4016004 kB
MemFree:          516916 kB
Active:           458928 kB
Mem:          3.8G       3.3G       504M       5.7M        56M       2.8G

MemTotal:        4016004 kB
MemFree:          430360 kB
Active:           458952 kB
Mem:          3.8G       3.4G       420M       5.7M        56M       2.9G

MemTotal:        4016004 kB
MemFree:          427552 kB
Active:           458968 kB
Mem:          3.8G       3.4G       417M       5.7M        56M       2.9G

MemTotal:        4016004 kB
MemFree:          337976 kB
Active:           458972 kB
Mem:          3.8G       3.5G       330M       5.7M        56M       3.0G

MemTotal:        4016004 kB
MemFree:          337264 kB
Active:           458944 kB
Mem:          3.8G       3.5G       329M       5.7M        56M       3.0G

MemTotal:        4016004 kB
MemFree:          335900 kB
Active:           458972 kB
Mem:          3.8G       3.5G       328M       5.7M        56M       3.0G

MemTotal:        4016004 kB
MemFree:          335160 kB
Active:           458964 kB
Mem:          3.8G       3.5G       327M       5.7M        56M       3.0G

MemTotal:        4016004 kB
MemFree:          262572 kB
Active:           458996 kB
Mem:          3.8G       3.6G       255M       5.7M        56M       3.1G

MemTotal:        4016004 kB
MemFree:          146624 kB
Active:           458964 kB
Mem:          3.8G       3.7G       142M       5.7M        56M       3.2G

MemTotal:        4016004 kB
MemFree:          121300 kB
Active:           478360 kB
Mem:          3.8G       3.7G       145M       5.7M        22M       3.2G

MemTotal:        4016004 kB
MemFree:          148408 kB
Active:           475320 kB
Mem:          3.8G       3.7G       144M       5.7M        22M       3.2G

MemTotal:        4016004 kB
MemFree:          148312 kB
Active:           475328 kB
Mem:          3.8G       3.7G       144M       5.7M        22M       3.2G

MemTotal:        4016004 kB
MemFree:          148036 kB
Active:           475324 kB
Mem:          3.8G       3.7G       144M       5.7M        22M       3.2G

MemTotal:        4016004 kB
MemFree:          118108 kB
Active:           475356 kB
Mem:          3.8G       3.7G       115M       5.7M        22M       3.3G

MemTotal:        4016004 kB
MemFree:          116760 kB
Active:           475184 kB
Mem:          3.8G       3.7G       113M       5.7M        22M       3.3G

MemTotal:        4016004 kB
MemFree:          116024 kB
Active:           475056 kB
Mem:          3.8G       3.7G       113M       5.7M        22M       3.3G

MemTotal:        4016004 kB
MemFree:          116384 kB
Active:           475040 kB
Mem:          3.8G       3.7G       113M       5.7M        22M       3.3G

MemTotal:        4016004 kB
MemFree:          135628 kB
Active:           475828 kB
Mem:          3.8G       3.7G       132M       5.7M        22M       3.2G

MemTotal:        4016004 kB
MemFree:          129348 kB
Active:           467120 kB
Mem:          3.8G       3.7G       126M       5.7M        22M       3.2G

MemTotal:        4016004 kB
MemFree:          141144 kB
Active:           462256 kB
Mem:          3.8G       3.7G       137M       5.7M        22M       3.2G

MemTotal:        4016004 kB
MemFree:          131324 kB
Active:           460336 kB
Mem:          3.8G       3.7G       128M       5.7M        22M       3.2G

MemTotal:        4016004 kB
MemFree:          127768 kB
Active:           457920 kB
Mem:          3.8G       3.7G       125M       5.7M        22M       3.2G

MemTotal:        4016004 kB
MemFree:          125396 kB
Active:           457888 kB
Mem:          3.8G       3.7G       122M       5.7M        22M       3.2G

MemTotal:        4016004 kB
MemFree:          138448 kB
Active:           455120 kB
Mem:          3.8G       3.7G       135M       5.7M        22M       3.2G

MemTotal:        4016004 kB
MemFree:          126212 kB
Active:           454348 kB
Mem:          3.8G       3.7G       123M       5.7M        22M       3.2G

MemTotal:        4016004 kB
MemFree:          128208 kB
Active:           451856 kB
Mem:          3.8G       3.7G       125M       5.7M        22M       3.2G

MemTotal:        4016004 kB
MemFree:          126820 kB
Active:           451820 kB
Mem:          3.8G       3.7G       124M       5.7M        22M       3.2G

MemTotal:        4016004 kB
MemFree:          126320 kB
Active:           451868 kB
Mem:          3.8G       3.7G       123M       5.7M        22M       3.2G

MemTotal:        4016004 kB
MemFree:          124056 kB
Active:           451848 kB
Mem:          3.8G       3.7G       120M       5.7M        22M       3.2G

MemTotal:        4016004 kB
MemFree:          121584 kB
Active:           443400 kB
Mem:          3.8G       3.7G       118M       5.7M        22M       3.2G

MemTotal:        4016004 kB
MemFree:          120624 kB
Active:           437788 kB
Mem:          3.8G       3.7G       117M       5.7M        22M       3.2G

MemTotal:        4016004 kB
MemFree:          118544 kB
Active:           434720 kB
Mem:          3.8G       3.7G       115M       5.7M        22M       3.3G

MemTotal:        4016004 kB
MemFree:          138276 kB
Active:           433704 kB
Mem:          3.8G       3.7G       135M       5.7M        22M       3.2G

MemTotal:        4016004 kB
MemFree:          135304 kB
Active:           433436 kB
Mem:          3.8G       3.7G       132M       5.7M        22M       3.2G

MemTotal:        4016004 kB
MemFree:          142472 kB
Active:           432220 kB
Mem:          3.8G       3.7G       138M       5.7M        22M       3.2G

MemTotal:        4016004 kB
MemFree:          105624 kB
Active:           431868 kB
Mem:          3.8G       3.7G       103M       5.7M        22M       3.3G

MemTotal:        4016004 kB
MemFree:          132124 kB
Active:           429700 kB
Mem:          3.8G       3.7G       129M       5.7M        22M       3.2G

MemTotal:        4016004 kB
MemFree:          138644 kB
Active:           427028 kB
Mem:          3.8G       3.7G       135M       5.7M        22M       3.2G

MemTotal:        4016004 kB
MemFree:          137564 kB
Active:           426776 kB
Mem:          3.8G       3.7G       134M       5.7M        22M       3.2G

MemTotal:        4016004 kB
MemFree:          136820 kB
Active:           426736 kB
Mem:          3.8G       3.7G       133M       5.7M        22M       3.2G

MemTotal:        4016004 kB
MemFree:          135952 kB
Active:           426776 kB
Mem:          3.8G       3.7G       132M       5.7M        22M       3.2G

MemTotal:        4016004 kB
MemFree:          134640 kB
Active:           426740 kB
Mem:          3.8G       3.7G       131M       5.7M        22M       3.2G

MemTotal:        4016004 kB
MemFree:          108292 kB
Active:           426752 kB
Mem:          3.8G       3.7G       105M       5.7M        22M       3.3G

MemTotal:        4016004 kB
MemFree:          132688 kB
Active:           421684 kB
Mem:          3.8G       3.7G       129M       5.7M        22M       3.2G

MemTotal:        4016004 kB
MemFree:          121836 kB
Active:           415636 kB
Mem:          3.8G       3.7G       118M       5.7M        22M       3.2G

MemTotal:        4016004 kB
MemFree:          131624 kB
Active:           411472 kB
Mem:          3.8G       3.7G       128M       5.7M        22M       3.2G

MemTotal:        4016004 kB
MemFree:          127868 kB
Active:           411376 kB
Mem:          3.8G       3.7G       124M       5.7M        22M       3.2G

MemTotal:        4016004 kB
MemFree:          127884 kB
Active:           409212 kB
Mem:          3.8G       3.7G       124M       5.7M        22M       3.2G

MemTotal:        4016004 kB
MemFree:          132100 kB
Active:           407812 kB
Mem:          3.8G       3.7G       129M       5.7M        22M       3.2G

MemTotal:        4016004 kB
MemFree:          106112 kB
Active:           406788 kB
Mem:          3.8G       3.7G       103M       5.7M        22M       3.3G

MemTotal:        4016004 kB
MemFree:          132828 kB
Active:           404956 kB
Mem:          3.8G       3.7G       129M       5.7M        22M       3.2G

MemTotal:        4016004 kB
MemFree:          133324 kB
Active:           404972 kB
Mem:          3.8G       3.7G       130M       5.7M        22M       3.2G

MemTotal:        4016004 kB
MemFree:          134088 kB
Active:           405000 kB
Mem:          3.8G       3.7G       130M       5.7M        22M       3.2G

MemTotal:        4016004 kB
MemFree:          131904 kB
Active:           404992 kB
Mem:          3.8G       3.7G       128M       5.7M        22M       3.2G

MemTotal:        4016004 kB
MemFree:          130604 kB
Active:           404996 kB
Mem:          3.8G       3.7G       127M       5.7M        22M       3.2G

MemTotal:        4016004 kB
MemFree:          126948 kB
Active:           400308 kB
Mem:          3.8G       3.7G       123M       5.7M        22M       3.2G

MemTotal:        4016004 kB
MemFree:          116612 kB
Active:           396852 kB
Mem:          3.8G       3.7G       113M       5.7M        22M       3.2G

MemTotal:        4016004 kB
MemFree:          117344 kB
Active:           392124 kB
Mem:          3.8G       3.7G       114M       5.7M        22M       3.2G

MemTotal:        4016004 kB
MemFree:          120196 kB
Active:           390332 kB
Mem:          3.8G       3.7G       116M       5.7M        22M       3.2G

MemTotal:        4016004 kB
MemFree:          104972 kB
Active:           389044 kB
Mem:          3.8G       3.7G       107M       5.7M        22M       3.3G

MemTotal:        4016004 kB
MemFree:          134632 kB
Active:           388216 kB
Mem:          3.8G       3.7G       130M       5.7M        22M       3.2G

MemTotal:        4016004 kB
MemFree:          125636 kB
Active:           388264 kB
Mem:          3.8G       3.7G       122M       5.7M        22M       3.2G

MemTotal:        4016004 kB
MemFree:          111792 kB
Active:           388232 kB
Mem:          3.8G       3.7G       108M       5.7M        22M       3.3G

MemTotal:        4016004 kB
MemFree:          126640 kB
Active:           388284 kB
Mem:          3.8G       3.7G       123M       5.7M        22M       3.2G

MemTotal:        4016004 kB
MemFree:          122172 kB
Active:           388156 kB
Mem:          3.8G       3.7G       119M       5.7M        22M       3.2G

MemTotal:        4016004 kB
MemFree:          121320 kB
Active:           388232 kB
Mem:          3.8G       3.7G       118M       5.7M        22M       3.2G

MemTotal:        4016004 kB
MemFree:          120828 kB
Active:           388220 kB
Mem:          3.8G       3.7G       117M       5.7M        22M       3.2G

MemTotal:        4016004 kB
MemFree:          119964 kB
Active:           388268 kB
Mem:          3.8G       3.7G       117M       5.7M        22M       3.2G

MemTotal:        4016004 kB
MemFree:          127088 kB
Active:           388280 kB
Mem:          3.8G       3.7G       125M       5.7M        22M       3.2G

MemTotal:        4016004 kB
MemFree:          143480 kB
Active:           388284 kB
Mem:          3.8G       3.7G       139M       5.7M        22M       3.2G

MemTotal:        4016004 kB
MemFree:          109460 kB
Active:           388316 kB
Mem:          3.8G       3.7G       106M       5.7M        22M       3.3G

MemTotal:        4016004 kB
MemFree:          117688 kB
Active:           388304 kB
Mem:          3.8G       3.7G       114M       5.7M        22M       3.2G

MemTotal:        4016004 kB
MemFree:          126916 kB
Active:           388188 kB
Mem:          3.8G       3.7G       123M       5.7M        22M       3.2G

MemTotal:        4016004 kB
MemFree:          132924 kB
Active:           388212 kB
Mem:          3.8G       3.7G       129M       5.7M        22M       3.2G

MemTotal:        4016004 kB
MemFree:          129968 kB
Active:           388236 kB
Mem:          3.8G       3.7G       126M       5.7M        22M       3.2G

MemTotal:        4016004 kB
MemFree:          128560 kB
Active:           388488 kB
Mem:          3.8G       3.7G       125M       5.7M        22M       3.2G

MemTotal:        4016004 kB
MemFree:          127740 kB
Active:           388464 kB
Mem:          3.8G       3.7G       124M       5.7M        22M       3.2G

MemTotal:        4016004 kB
MemFree:          126660 kB
Active:           388372 kB
Mem:          3.8G       3.7G       123M       5.7M        22M       3.2G

MemTotal:        4016004 kB
MemFree:          125952 kB
Active:           388460 kB
Mem:          3.8G       3.7G       122M       5.7M        22M       3.2G

MemTotal:        4016004 kB
MemFree:          121160 kB
Active:           387724 kB
Mem:          3.8G       3.7G       117M       5.7M        22M       3.2G

MemTotal:        4016004 kB
MemFree:          125680 kB
Active:           387552 kB
Mem:          3.8G       3.7G       123M       5.7M        22M       3.2G

MemTotal:        4016004 kB
MemFree:          125948 kB
Active:           387124 kB
Mem:          3.8G       3.7G       123M       5.7M        22M       3.2G

MemTotal:        4016004 kB
MemFree:          111516 kB
Active:           386788 kB
Mem:          3.8G       3.7G       108M       5.7M        22M       3.3G

MemTotal:        4016004 kB
MemFree:          126484 kB
Active:           384504 kB
Mem:          3.8G       3.7G       123M       5.7M        22M       3.2G

MemTotal:        4016004 kB
MemFree:          111688 kB
Active:           384368 kB
Mem:          3.8G       3.7G       119M       5.7M        22M       3.2G

MemTotal:        4016004 kB
MemFree:          121436 kB
Active:           384360 kB
Mem:          3.8G       3.7G       118M       5.7M        22M       3.2G

MemTotal:        4016004 kB
MemFree:          124716 kB
Active:           384368 kB
Mem:          3.8G       3.7G       121M       5.7M        22M       3.2G

MemTotal:        4016004 kB
MemFree:          124588 kB
Active:           384336 kB
Mem:          3.8G       3.7G       121M       5.7M        22M       3.2G

MemTotal:        4016004 kB
MemFree:          124404 kB
Active:           384392 kB
Mem:          3.8G       3.7G       121M       5.7M        22M       3.2G

MemTotal:        4016004 kB
MemFree:          124940 kB
Active:           384348 kB
Mem:          3.8G       3.7G       122M       5.7M        22M       3.2G

MemTotal:        4016004 kB
MemFree:          112900 kB
Active:           384352 kB
Mem:          3.8G       3.7G       109M       5.7M        22M       3.3G

MemTotal:        4016004 kB
MemFree:          127312 kB
Active:           384396 kB
Mem:          3.8G       3.7G       123M       5.7M        22M       3.2G

MemTotal:        4016004 kB
MemFree:          138560 kB
Active:           379268 kB
Mem:          3.8G       3.7G       135M       5.7M        22M       3.2G

MemTotal:        4016004 kB
MemFree:          143748 kB
Active:           379224 kB
Mem:          3.8G       3.7G       121M       5.7M        22M       3.2G

MemTotal:        4016004 kB
MemFree:          121308 kB
Active:           379248 kB
Mem:          3.8G       3.7G       118M       5.7M        22M       3.2G

MemTotal:        4016004 kB
MemFree:          130096 kB
Active:           379204 kB
Mem:          3.8G       3.7G       126M       5.7M        22M       3.2G

MemTotal:        4016004 kB
MemFree:          123772 kB
Active:           379232 kB
Mem:          3.8G       3.7G       120M       5.7M        22M       3.2G

MemTotal:        4016004 kB
MemFree:          130004 kB
Active:           379104 kB
Mem:          3.8G       3.7G       126M       5.7M        22M       3.2G

MemTotal:        4016004 kB
MemFree:          123040 kB
Active:           378840 kB
Mem:          3.8G       3.7G       120M       5.7M        22M       3.2G

MemTotal:        4016004 kB
MemFree:          134076 kB
Active:           378920 kB
Mem:          3.8G       3.7G       130M       5.7M        22M       3.2G

MemTotal:        4016004 kB
MemFree:          132588 kB
Active:           378904 kB
Mem:          3.8G       3.7G       129M       5.7M        22M       3.2G

MemTotal:        4016004 kB
MemFree:          131208 kB
Active:           378920 kB
Mem:          3.8G       3.7G       128M       5.7M        22M       3.2G

MemTotal:        4016004 kB
MemFree:          130220 kB
Active:           378920 kB
Mem:          3.8G       3.7G       127M       5.7M        22M       3.2G

MemTotal:        4016004 kB
MemFree:          120296 kB
Active:           378864 kB
Mem:          3.8G       3.7G       116M       5.7M        22M       3.2G

MemTotal:        4016004 kB
MemFree:          135600 kB
Active:           378928 kB
Mem:          3.8G       3.7G       131M       5.7M        22M       3.2G

MemTotal:        4016004 kB
MemFree:          112696 kB
Active:           378928 kB
Mem:          3.8G       3.7G       109M       5.7M        22M       3.3G

MemTotal:        4016004 kB
MemFree:          142616 kB
Active:           372284 kB
Mem:          3.8G       3.7G       139M       5.7M        22M       3.2G

MemTotal:        4016004 kB
MemFree:          115064 kB
Active:           372240 kB
Mem:          3.8G       3.7G       112M       5.7M        22M       3.2G

MemTotal:        4016004 kB
MemFree:          128184 kB
Active:           372288 kB
Mem:          3.8G       3.7G       125M       5.7M        22M       3.2G

MemTotal:        4016004 kB
MemFree:          141112 kB
Active:           372304 kB
Mem:          3.8G       3.7G       137M       5.7M        22M       3.2G

MemTotal:        4016004 kB
MemFree:          133188 kB
Active:           372264 kB
Mem:          3.8G       3.7G       129M       5.7M        22M       3.2G

MemTotal:        4016004 kB
MemFree:          146584 kB
Active:           372312 kB
Mem:          3.8G       3.7G       143M       5.7M        22M       3.2G

MemTotal:        4016004 kB
MemFree:          144536 kB
Active:           371868 kB
Mem:          3.8G       3.7G       141M       5.7M        22M       3.2G

MemTotal:        4016004 kB
MemFree:          143876 kB
Active:           373856 kB
Mem:          3.8G       3.7G       140M       5.7M        22M       3.2G

MemTotal:        4016004 kB
MemFree:          143108 kB
Active:           373876 kB
Mem:          3.8G       3.7G       139M       5.7M        22M       3.2G

MemTotal:        4016004 kB
MemFree:          140280 kB
Active:           373900 kB
Mem:          3.8G       3.7G       135M       5.7M        22M       3.2G

MemTotal:        4016004 kB
MemFree:          133816 kB
Active:           372188 kB
Mem:          3.8G       3.7G       130M       5.7M        22M       3.2G

MemTotal:        4016004 kB
MemFree:          125644 kB
Active:           371768 kB
Mem:          3.8G       3.7G       122M       5.7M        22M       3.2G

MemTotal:        4016004 kB
MemFree:          116412 kB
Active:           371720 kB
Mem:          3.8G       3.7G       113M       5.7M        22M       3.2G

MemTotal:        4016004 kB
MemFree:          121020 kB
Active:           360504 kB
Mem:          3.8G       3.7G       118M       5.7M        22M       3.2G

MemTotal:        4016004 kB
MemFree:          129868 kB
Active:           360396 kB
Mem:          3.8G       3.7G       126M       5.7M        22M       3.2G

MemTotal:        4016004 kB
MemFree:          148780 kB
Active:           360372 kB
Mem:          3.8G       3.7G       145M       5.7M        22M       3.2G

MemTotal:        4016004 kB
MemFree:          144924 kB
Active:           362976 kB
Mem:          3.8G       3.7G       141M       5.7M        22M       3.2G

MemTotal:        4016004 kB
MemFree:          143540 kB
Active:           362984 kB
Mem:          3.8G       3.7G       140M       5.7M        22M       3.2G

MemTotal:        4016004 kB
MemFree:          143568 kB
Active:           362976 kB
Mem:          3.8G       3.7G       140M       5.7M        22M       3.2G

MemTotal:        4016004 kB
MemFree:          143852 kB
Active:           362960 kB
Mem:          3.8G       3.7G       140M       5.7M        22M       3.2G

MemTotal:        4016004 kB
MemFree:          137684 kB
Active:           362988 kB
Mem:          3.8G       3.7G       134M       5.7M        23M       3.2G

MemTotal:        4016004 kB
MemFree:          136184 kB
Active:           363016 kB
Mem:          3.8G       3.7G       132M       5.7M        23M       3.2G

MemTotal:        4016004 kB
MemFree:          135688 kB
Active:           362976 kB
Mem:          3.8G       3.7G       132M       5.7M        23M       3.2G

MemTotal:        4016004 kB
MemFree:          133912 kB
Active:           363012 kB
Mem:          3.8G       3.7G       130M       5.7M        23M       3.2G

MemTotal:        4016004 kB
MemFree:          130912 kB
Active:           362976 kB
Mem:          3.8G       3.7G       127M       5.7M        23M       3.2G

MemTotal:        4016004 kB
MemFree:          123032 kB
Active:           361736 kB
Mem:          3.8G       3.7G       119M       5.7M        23M       3.2G

MemTotal:        4016004 kB
MemFree:          109440 kB
Active:           361204 kB
Mem:          3.8G       3.7G       106M       5.7M        23M       3.2G

MemTotal:        4016004 kB
MemFree:          125172 kB
Active:           361204 kB
Mem:          3.8G       3.7G       122M       5.7M        23M       3.2G

MemTotal:        4016004 kB
MemFree:          139848 kB
Active:           361080 kB
Mem:          3.8G       3.7G       136M       5.7M        23M       3.2G

MemTotal:        4016004 kB
MemFree:          133304 kB
Active:           361056 kB
Mem:          3.8G       3.7G       130M       5.7M        23M       3.2G

MemTotal:        4016004 kB
MemFree:          129108 kB
Active:           361104 kB
Mem:          3.8G       3.7G       126M       5.7M        23M       3.2G

MemTotal:        4016004 kB
MemFree:          114792 kB
Active:           361064 kB
Mem:          3.8G       3.7G       111M       5.7M        23M       3.2G

MemTotal:        4016004 kB
MemFree:          127168 kB
Active:           360976 kB
Mem:          3.8G       3.7G       124M       5.7M        23M       3.2G

MemTotal:        4016004 kB
MemFree:          126316 kB
Active:           360976 kB
Mem:          3.8G       3.7G       123M       5.7M        23M       3.2G

MemTotal:        4016004 kB
MemFree:          125948 kB
Active:           360968 kB
Mem:          3.8G       3.7G       123M       5.7M        23M       3.2G

MemTotal:        4016004 kB
MemFree:          125020 kB
Active:           360976 kB
Mem:          3.8G       3.7G       122M       5.7M        23M       3.2G

MemTotal:        4016004 kB
MemFree:          124748 kB
Active:           360940 kB
Mem:          3.8G       3.7G       121M       5.7M        23M       3.2G

MemTotal:        4016004 kB
MemFree:          130244 kB
Active:           358456 kB
Mem:          3.8G       3.7G       127M       5.7M        23M       3.2G

MemTotal:        4016004 kB
MemFree:          111176 kB
Active:           358264 kB
Mem:          3.8G       3.7G       108M       5.7M        23M       3.2G

MemTotal:        4016004 kB
MemFree:          134508 kB
Active:           358264 kB
Mem:          3.8G       3.7G       130M       5.7M        23M       3.2G

MemTotal:        4016004 kB
MemFree:          139928 kB
Active:           358280 kB
Mem:          3.8G       3.7G       136M       5.7M        23M       3.2G

MemTotal:        4016004 kB
MemFree:          115804 kB
Active:           358280 kB
Mem:          3.8G       3.7G       113M       5.7M        23M       3.2G

MemTotal:        4016004 kB
MemFree:          129200 kB
Active:           358296 kB
Mem:          3.8G       3.7G       125M       5.7M        23M       3.2G

MemTotal:        4016004 kB
MemFree:          190096 kB
Active:           312852 kB
Mem:          3.8G       3.6G       185M       5.7M        23M       3.2G

MemTotal:        4016004 kB
MemFree:          190680 kB
Active:           312624 kB
Mem:          3.8G       3.6G       186M       5.7M        23M       3.2G

MemTotal:        4016004 kB
MemFree:          190808 kB
Active:           312632 kB
Mem:          3.8G       3.6G       186M       5.7M        23M       3.2G

MemTotal:        4016004 kB
MemFree:          189012 kB
Active:           312672 kB
Mem:          3.8G       3.6G       184M       5.7M        23M       3.2G

MemTotal:        4016004 kB
MemFree:          165048 kB
Active:           312684 kB
Mem:          3.8G       3.7G       160M       5.7M        23M       3.2G

MemTotal:        4016004 kB
MemFree:          145192 kB
Active:           312660 kB
Mem:          3.8G       3.7G       141M       5.7M        23M       3.2G

MemTotal:        4016004 kB
MemFree:          110636 kB
Active:           312688 kB
Mem:          3.8G       3.7G       108M       5.7M        23M       3.2G

MemTotal:        4016004 kB
MemFree:          125976 kB
Active:           312688 kB
Mem:          3.8G       3.7G       122M       5.7M        23M       3.2G

MemTotal:        4016004 kB
MemFree:          132624 kB
Active:           312672 kB
Mem:          3.8G       3.7G       129M       5.7M        23M       3.2G

MemTotal:        4016004 kB
MemFree:          141172 kB
Active:           312692 kB
Mem:          3.8G       3.7G       137M       5.7M        23M       3.2G

MemTotal:        4016004 kB
MemFree:          150480 kB
Active:           310412 kB
Mem:          3.8G       3.7G       146M       5.7M        23M       3.2G

MemTotal:        4016004 kB
MemFree:          149424 kB
Active:           310400 kB
Mem:          3.8G       3.7G       145M       5.7M        23M       3.2G

MemTotal:        4016004 kB
MemFree:          148372 kB
Active:           310416 kB
Mem:          3.8G       3.7G       144M       5.7M        23M       3.2G

MemTotal:        4016004 kB
MemFree:          147348 kB
Active:           309472 kB
Mem:          3.8G       3.7G       143M       5.7M        23M       3.2G

MemTotal:        4016004 kB
MemFree:          135460 kB
Active:           311504 kB
Mem:          3.8G       3.7G       132M       5.7M        23M       3.2G

MemTotal:        4016004 kB
MemFree:          135208 kB
Active:           311524 kB
Mem:          3.8G       3.7G       131M       5.7M        23M       3.2G

MemTotal:        4016004 kB
MemFree:          133620 kB
Active:           311516 kB
Mem:          3.8G       3.7G       130M       5.7M        23M       3.2G

MemTotal:        4016004 kB
MemFree:          131388 kB
Active:           311572 kB
Mem:          3.8G       3.7G       128M       5.7M        23M       3.2G

MemTotal:        4016004 kB
MemFree:          120676 kB
Active:           310512 kB
Mem:          3.8G       3.7G       117M       5.7M        23M       3.2G

MemTotal:        4016004 kB
MemFree:          123256 kB
Active:           310156 kB
Mem:          3.8G       3.7G       120M       5.7M        23M       3.2G

MemTotal:        4016004 kB
MemFree:          129572 kB
Active:           310120 kB
Mem:          3.8G       3.7G       126M       5.7M        23M       3.2G

MemTotal:        4016004 kB
MemFree:          142124 kB
Active:           310168 kB
Mem:          3.8G       3.7G       138M       5.7M        23M       3.2G

MemTotal:        4016004 kB
MemFree:          135272 kB
Active:           310116 kB
Mem:          3.8G       3.7G       131M       5.7M        23M       3.2G

MemTotal:        4016004 kB
MemFree:          129992 kB
Active:           312152 kB
Mem:          3.8G       3.7G       127M       5.7M        23M       3.2G

MemTotal:        4016004 kB
MemFree:          128428 kB
Active:           312160 kB
Mem:          3.8G       3.7G       125M       5.7M        23M       3.2G

MemTotal:        4016004 kB
MemFree:          126128 kB
Active:           311884 kB
Mem:          3.8G       3.7G       123M       5.7M        23M       3.2G

MemTotal:        4016004 kB
MemFree:          126388 kB
Active:           311880 kB
Mem:          3.8G       3.7G       123M       5.7M        23M       3.2G

MemTotal:        4016004 kB
MemFree:          126264 kB
Active:           311896 kB
Mem:          3.8G       3.7G       123M       5.7M        23M       3.2G

MemTotal:        4016004 kB
MemFree:          126264 kB
Active:           311872 kB
Mem:          3.8G       3.7G       122M       5.7M        23M       3.2G

MemTotal:        4016004 kB
MemFree:          125272 kB
Active:           311920 kB
Mem:          3.8G       3.7G       122M       5.7M        23M       3.2G

MemTotal:        4016004 kB
MemFree:          125800 kB
Active:           311884 kB
Mem:          3.8G       3.7G       123M       5.7M        23M       3.2G

MemTotal:        4016004 kB
MemFree:          125992 kB
Active:           311920 kB
Mem:          3.8G       3.7G       122M       5.7M        23M       3.2G

MemTotal:        4016004 kB
MemFree:          126300 kB
Active:           311892 kB
Mem:          3.8G       3.7G       123M       5.7M        23M       3.2G

MemTotal:        4016004 kB
MemFree:          124084 kB
Active:           312036 kB
Mem:          3.8G       3.7G       121M       5.7M        23M       3.2G

MemTotal:        4016004 kB
MemFree:          123744 kB
Active:           314012 kB
Mem:          3.8G       3.7G       120M       5.7M        23M       3.2G

MemTotal:        4016004 kB
MemFree:          123528 kB
Active:           313992 kB
Mem:          3.8G       3.7G       120M       5.7M        23M       3.2G

MemTotal:        4016004 kB
MemFree:          123776 kB
Active:           313964 kB
Mem:          3.8G       3.7G       120M       5.7M        23M       3.2G

MemTotal:        4016004 kB
MemFree:          123652 kB
Active:           313992 kB
Mem:          3.8G       3.7G       120M       5.7M        23M       3.2G

MemTotal:        4016004 kB
MemFree:          123528 kB
Active:           313988 kB
Mem:          3.8G       3.7G       120M       5.7M        23M       3.2G

MemTotal:        4016004 kB
MemFree:          123652 kB
Active:           313956 kB
Mem:          3.8G       3.7G       120M       5.7M        23M       3.2G

MemTotal:        4016004 kB
MemFree:          123528 kB
Active:           313976 kB
Mem:          3.8G       3.7G       120M       5.7M        23M       3.2G

MemTotal:        4016004 kB
MemFree:          123156 kB
Active:           314000 kB
Mem:          3.8G       3.7G       120M       5.7M        23M       3.2G

MemTotal:        4016004 kB
MemFree:          123404 kB
Active:           313992 kB
Mem:          3.8G       3.7G       120M       5.7M        23M       3.2G

MemTotal:        4016004 kB
MemFree:          123464 kB
Active:           313944 kB
Mem:          3.8G       3.7G       120M       5.7M        23M       3.2G

MemTotal:        4016004 kB
MemFree:          123464 kB
Active:           316008 kB
Mem:          3.8G       3.7G       120M       5.7M        23M       3.2G

MemTotal:        4016004 kB
MemFree:          123712 kB
Active:           316052 kB
Mem:          3.8G       3.7G       120M       5.7M        23M       3.2G

MemTotal:        4016004 kB
MemFree:          123836 kB
Active:           316004 kB
Mem:          3.8G       3.7G       120M       5.7M        23M       3.2G

MemTotal:        4016004 kB
MemFree:          123836 kB
Active:           316020 kB
Mem:          3.8G       3.7G       120M       5.7M        23M       3.2G

MemTotal:        4016004 kB
MemFree:          124084 kB
Active:           316040 kB
Mem:          3.8G       3.7G       121M       5.7M        23M       3.2G

MemTotal:        4016004 kB
MemFree:          123836 kB
Active:           316044 kB
Mem:          3.8G       3.7G       120M       5.7M        23M       3.2G

MemTotal:        4016004 kB
MemFree:          123836 kB
Active:           316040 kB
Mem:          3.8G       3.7G       120M       5.7M        23M       3.2G

MemTotal:        4016004 kB
MemFree:          123960 kB
Active:           316032 kB
Mem:          3.8G       3.7G       121M       5.7M        23M       3.2G

MemTotal:        4016004 kB
MemFree:          123960 kB
Active:           316064 kB
Mem:          3.8G       3.7G       120M       5.7M        23M       3.2G

MemTotal:        4016004 kB
MemFree:          122160 kB
Active:           316032 kB
Mem:          3.8G       3.7G       119M       5.7M        23M       3.2G

MemTotal:        4016004 kB
MemFree:          122408 kB
Active:           316076 kB
Mem:          3.8G       3.7G       119M       5.7M        23M       3.2G

MemTotal:        4016004 kB
MemFree:          122408 kB
Active:           318116 kB
Mem:          3.8G       3.7G       119M       5.7M        23M       3.2G

MemTotal:        4016004 kB
MemFree:          121788 kB
Active:           318120 kB
Mem:          3.8G       3.7G       118M       5.7M        23M       3.2G

MemTotal:        4016004 kB
MemFree:          121912 kB
Active:           318100 kB
Mem:          3.8G       3.7G       119M       5.7M        23M       3.2G

MemTotal:        4016004 kB
MemFree:          122284 kB
Active:           318120 kB
Mem:          3.8G       3.7G       119M       5.7M        23M       3.2G

MemTotal:        4016004 kB
MemFree:          122160 kB
Active:           318092 kB
Mem:          3.8G       3.7G       118M       5.7M        23M       3.2G

MemTotal:        4016004 kB
MemFree:          121416 kB
Active:           318136 kB
Mem:          3.8G       3.7G       118M       5.7M        23M       3.2G

MemTotal:        4016004 kB
MemFree:          121912 kB
Active:           318136 kB
Mem:          3.8G       3.7G       119M       5.7M        23M       3.2G

MemTotal:        4016004 kB
MemFree:          121912 kB
Active:           318080 kB
Mem:          3.8G       3.7G       118M       5.7M        23M       3.2G

MemTotal:        4016004 kB
MemFree:          121664 kB
Active:           318120 kB
Mem:          3.8G       3.7G       118M       5.7M        23M       3.2G

MemTotal:        4016004 kB
MemFree:          121664 kB
Active:           318096 kB
Mem:          3.8G       3.7G       118M       5.7M        23M       3.2G

MemTotal:        4016004 kB
MemFree:          121292 kB
Active:           318144 kB
Mem:          3.8G       3.7G       118M       5.7M        23M       3.2G

MemTotal:        4016004 kB
MemFree:          121664 kB
Active:           318136 kB
Mem:          3.8G       3.7G       119M       5.7M        23M       3.2G

MemTotal:        4016004 kB
MemFree:          121788 kB
Active:           318116 kB
Mem:          3.8G       3.7G       119M       5.7M        23M       3.2G

MemTotal:        4016004 kB
MemFree:          122160 kB
Active:           318144 kB
Mem:          3.8G       3.7G       119M       5.7M        23M       3.2G

MemTotal:        4016004 kB
MemFree:          121788 kB
Active:           318116 kB
Mem:          3.8G       3.7G       119M       5.7M        23M       3.2G

MemTotal:        4016004 kB
MemFree:          121292 kB
Active:           318160 kB
Mem:          3.8G       3.7G       118M       5.7M        23M       3.2G

MemTotal:        4016004 kB
MemFree:          121788 kB
Active:           318164 kB
Mem:          3.8G       3.7G       118M       5.7M        23M       3.2G

MemTotal:        4016004 kB
MemFree:          121292 kB
Active:           318168 kB
Mem:          3.8G       3.7G       118M       5.7M        23M       3.2G

MemTotal:        4016004 kB
MemFree:          119740 kB
Active:           318116 kB
Mem:          3.8G       3.7G       116M       5.7M        23M       3.2G

MemTotal:        4016004 kB
MemFree:          119988 kB
Active:           318120 kB
Mem:          3.8G       3.7G       117M       5.7M        23M       3.2G

MemTotal:        4016004 kB
MemFree:          119988 kB
Active:           320144 kB
Mem:          3.8G       3.7G       117M       5.7M        23M       3.2G

MemTotal:        4016004 kB
MemFree:          119740 kB
Active:           320192 kB
Mem:          3.8G       3.7G       116M       5.7M        23M       3.2G

MemTotal:        4016004 kB
MemFree:          119476 kB
Active:           320192 kB
Mem:          3.8G       3.7G       116M       5.7M        23M       3.2G

MemTotal:        4016004 kB
MemFree:          119616 kB
Active:           320168 kB
Mem:          3.8G       3.7G       116M       5.7M        23M       3.2G

MemTotal:        4016004 kB
MemFree:          119584 kB
Active:           320156 kB
Mem:          3.8G       3.7G       116M       5.7M        23M       3.2G

MemTotal:        4016004 kB
MemFree:          119584 kB
Active:           320184 kB
Mem:          3.8G       3.7G       116M       5.7M        23M       3.2G

MemTotal:        4016004 kB
MemFree:          119600 kB
Active:           320148 kB
Mem:          3.8G       3.7G       116M       5.7M        23M       3.2G

MemTotal:        4016004 kB
MemFree:          119832 kB
Active:           320160 kB
Mem:          3.8G       3.7G       116M       5.7M        23M       3.2G

MemTotal:        4016004 kB
MemFree:          118480 kB
Active:           320064 kB
Mem:          3.8G       3.7G       115M       5.7M        23M       3.2G

MemTotal:        4016004 kB
MemFree:          119304 kB
Active:           319952 kB
Mem:          3.8G       3.7G       116M       5.7M        23M       3.2G

MemTotal:        4016004 kB
MemFree:          119552 kB
Active:           321972 kB
Mem:          3.8G       3.7G       116M       5.7M        23M       3.2G

MemTotal:        4016004 kB
MemFree:          119428 kB
Active:           322008 kB
Mem:          3.8G       3.7G       116M       5.7M        23M       3.2G

MemTotal:        4016004 kB
MemFree:          119164 kB
Active:           322032 kB
Mem:          3.8G       3.7G       116M       5.7M        23M       3.2G

MemTotal:        4016004 kB
MemFree:          119668 kB
Active:           322120 kB
Mem:          3.8G       3.7G       117M       5.7M        23M       3.2G

MemTotal:        4016004 kB
MemFree:          119552 kB
Active:           322148 kB
Mem:          3.8G       3.7G       116M       5.7M        23M       3.2G

MemTotal:        4016004 kB
MemFree:          119768 kB
Active:           322116 kB
Mem:          3.8G       3.7G       116M       5.7M        23M       3.2G

MemTotal:        4016004 kB
MemFree:          119800 kB
Active:           322060 kB
Mem:          3.8G       3.7G       116M       5.7M        23M       3.2G

MemTotal:        4016004 kB
MemFree:          119800 kB
Active:           322008 kB
Mem:          3.8G       3.7G       117M       5.7M        23M       3.2G

MemTotal:        4016004 kB
MemFree:          120296 kB
Active:           322032 kB
Mem:          3.8G       3.7G       117M       5.7M        23M       3.2G

MemTotal:        4016004 kB
MemFree:          119816 kB
Active:           322116 kB
Mem:          3.8G       3.7G       117M       5.7M        23M       3.2G

MemTotal:        4016004 kB
MemFree:          119876 kB
Active:           322012 kB
Mem:          3.8G       3.7G       117M       5.7M        23M       3.2G

MemTotal:        4016004 kB
MemFree:          119876 kB
Active:           322020 kB
Mem:          3.8G       3.7G       117M       5.7M        23M       3.2G

MemTotal:        4016004 kB
MemFree:          119752 kB
Active:           322000 kB
Mem:          3.8G       3.7G       117M       5.7M        23M       3.2G

MemTotal:        4016004 kB
MemFree:          119752 kB
Active:           322000 kB
Mem:          3.8G       3.7G       117M       5.7M        23M       3.2G

MemTotal:        4016004 kB
MemFree:          120124 kB
Active:           322000 kB
Mem:          3.8G       3.7G       117M       5.7M        23M       3.2G

MemTotal:        4016004 kB
MemFree:          119380 kB
Active:           322160 kB
Mem:          3.8G       3.7G       116M       5.7M        23M       3.2G

MemTotal:        4016004 kB
MemFree:          119800 kB
Active:           322036 kB
Mem:          3.8G       3.7G       117M       5.7M        23M       3.2G

MemTotal:        4016004 kB
MemFree:          119908 kB
Active:           321992 kB
Mem:          3.8G       3.7G       117M       5.7M        23M       3.2G

MemTotal:        4016004 kB
MemFree:          117860 kB
Active:           322008 kB
Mem:          3.8G       3.7G       115M       5.7M        23M       3.2G

MemTotal:        4016004 kB
MemFree:          117488 kB
Active:           322036 kB
Mem:          3.8G       3.7G       114M       5.7M        23M       3.2G

MemTotal:        4016004 kB
MemFree:          117580 kB
Active:           323940 kB
Mem:          3.8G       3.7G       114M       5.7M        23M       3.2G

MemTotal:        4016004 kB
MemFree:          118124 kB
Active:           324080 kB
Mem:          3.8G       3.7G       115M       5.7M        23M       3.2G

MemTotal:        4016004 kB
MemFree:          117596 kB
Active:           324052 kB
Mem:          3.8G       3.7G       114M       5.7M        23M       3.2G

MemTotal:        4016004 kB
MemFree:          117364 kB
Active:           324084 kB
Mem:          3.8G       3.7G       114M       5.7M        23M       3.2G

MemTotal:        4016004 kB
MemFree:          117380 kB
Active:           324048 kB
Mem:          3.8G       3.7G       114M       5.7M        23M       3.2G

MemTotal:        4016004 kB
MemFree:          117380 kB
Active:           324072 kB
Mem:          3.8G       3.7G       114M       5.7M        23M       3.2G

MemTotal:        4016004 kB
MemFree:          117116 kB
Active:           324092 kB
Mem:          3.8G       3.7G       114M       5.7M        23M       3.2G

MemTotal:        4016004 kB
MemFree:          117232 kB
Active:           324220 kB
Mem:          3.8G       3.7G       114M       5.7M        23M       3.2G

MemTotal:        4016004 kB
MemFree:          117452 kB
Active:           324168 kB
Mem:          3.8G       3.7G       114M       5.7M        23M       3.2G

MemTotal:        4016004 kB
MemFree:          117700 kB
Active:           324160 kB
Mem:          3.8G       3.7G       114M       5.7M        23M       3.2G

MemTotal:        4016004 kB
MemFree:          117580 kB
Active:           324152 kB
Mem:          3.8G       3.7G       114M       5.7M        23M       3.2G

MemTotal:        4016004 kB
MemFree:          117704 kB
Active:           324108 kB
Mem:          3.8G       3.7G       115M       5.7M        23M       3.2G

MemTotal:        4016004 kB
MemFree:          117828 kB
Active:           324080 kB
Mem:          3.8G       3.7G       115M       5.7M        23M       3.2G

MemTotal:        4016004 kB
MemFree:          117332 kB
Active:           324208 kB
Mem:          3.8G       3.7G       114M       5.7M        23M       3.2G

MemTotal:        4016004 kB
MemFree:          117876 kB
Active:           324088 kB
Mem:          3.8G       3.7G       115M       5.7M        23M       3.2G

MemTotal:        4016004 kB
MemFree:          117876 kB
Active:           324056 kB
Mem:          3.8G       3.7G       115M       5.7M        23M       3.2G

MemTotal:        4016004 kB
MemFree:          117752 kB
Active:           324056 kB
Mem:          3.8G       3.7G       115M       5.7M        23M       3.2G

MemTotal:        4016004 kB
MemFree:          117752 kB
Active:           324064 kB
Mem:          3.8G       3.7G       115M       5.7M        23M       3.2G

MemTotal:        4016004 kB
MemFree:          116200 kB
Active:           324068 kB
Mem:          3.8G       3.7G       113M       5.7M        23M       3.2G

MemTotal:        4016004 kB
MemFree:          116076 kB
Active:           326100 kB
Mem:          3.8G       3.7G       113M       5.7M        23M       3.2G

MemTotal:        4016004 kB
MemFree:          115564 kB
Active:           326304 kB
Mem:          3.8G       3.7G       112M       5.7M        23M       3.2G

MemTotal:        4016004 kB
MemFree:          115068 kB
Active:           326136 kB
Mem:          3.8G       3.7G       112M       5.7M        23M       3.2G

MemTotal:        4016004 kB
MemFree:          115208 kB
Active:           326124 kB
Mem:          3.8G       3.7G       112M       5.7M        23M       3.2G

MemTotal:        4016004 kB
MemFree:          115208 kB
Active:           326080 kB
Mem:          3.8G       3.7G       112M       5.7M        23M       3.2G

MemTotal:        4016004 kB
MemFree:          114960 kB
Active:           326136 kB
Mem:          3.8G       3.7G       112M       5.7M        23M       3.2G

MemTotal:        4016004 kB
MemFree:          115456 kB
Active:           326140 kB
Mem:          3.8G       3.7G       112M       5.7M        23M       3.2G

MemTotal:        4016004 kB
MemFree:          115828 kB
Active:           326088 kB
Mem:          3.8G       3.7G       112M       5.7M        23M       3.2G

MemTotal:        4016004 kB
MemFree:          115580 kB
Active:           326140 kB
Mem:          3.8G       3.7G       112M       5.7M        23M       3.2G

MemTotal:        4016004 kB
MemFree:          113408 kB
Active:           326076 kB
Mem:          3.8G       3.7G       110M       5.7M        23M       3.2G

MemTotal:        4016004 kB
MemFree:          113656 kB
Active:           326120 kB
Mem:          3.8G       3.7G       111M       5.7M        23M       3.2G

MemTotal:        4016004 kB
MemFree:          113532 kB
Active:           326088 kB
Mem:          3.8G       3.7G       110M       5.7M        23M       3.2G

MemTotal:        4016004 kB
MemFree:          113036 kB
Active:           328180 kB
Mem:          3.8G       3.7G       110M       5.7M        23M       3.2G

MemTotal:        4016004 kB
MemFree:          113160 kB
Active:           328184 kB
Mem:          3.8G       3.7G       110M       5.7M        23M       3.2G

MemTotal:        4016004 kB
MemFree:          113284 kB
Active:           328140 kB
Mem:          3.8G       3.7G       110M       5.7M        23M       3.2G

MemTotal:        4016004 kB
MemFree:          113160 kB
Active:           328136 kB
Mem:          3.8G       3.7G       110M       5.7M        23M       3.2G

MemTotal:        4016004 kB
MemFree:          113532 kB
Active:           328156 kB
Mem:          3.8G       3.7G       110M       5.7M        23M       3.2G

MemTotal:        4016004 kB
MemFree:          113532 kB
Active:           328176 kB
Mem:          3.8G       3.7G       110M       5.7M        23M       3.2G

MemTotal:        4016004 kB
MemFree:          113532 kB
Active:           328144 kB
Mem:          3.8G       3.7G       110M       5.7M        23M       3.2G

MemTotal:        4016004 kB
MemFree:          109560 kB
Active:           328148 kB
Mem:          3.8G       3.7G       106M       5.7M        23M       3.2G

MemTotal:        4016004 kB
MemFree:          109560 kB
Active:           332240 kB
Mem:          3.8G       3.7G       106M       5.7M        23M       3.2G

MemTotal:        4016004 kB
MemFree:          109560 kB
Active:           332208 kB
Mem:          3.8G       3.7G       106M       5.7M        23M       3.2G

MemTotal:        4016004 kB
MemFree:          109436 kB
Active:           332212 kB
Mem:          3.8G       3.7G       107M       5.7M        23M       3.2G

MemTotal:        4016004 kB
MemFree:          110180 kB
Active:           332224 kB
Mem:          3.8G       3.7G       107M       5.7M        23M       3.2G

MemTotal:        4016004 kB
MemFree:          110056 kB
Active:           332252 kB
Mem:          3.8G       3.7G       107M       5.7M        23M       3.2G

MemTotal:        4016004 kB
MemFree:          109188 kB
Active:           332260 kB
Mem:          3.8G       3.7G       106M       5.7M        23M       3.2G

MemTotal:        4016004 kB
MemFree:          109560 kB
Active:           332244 kB
Mem:          3.8G       3.7G       107M       5.7M        23M       3.2G

MemTotal:        4016004 kB
MemFree:          109684 kB
Active:           332212 kB
Mem:          3.8G       3.7G       107M       5.7M        23M       3.2G

MemTotal:        4016004 kB
MemFree:          109808 kB
Active:           332224 kB
Mem:          3.8G       3.7G       107M       5.7M        23M       3.2G

MemTotal:        4016004 kB
MemFree:          109684 kB
Active:           332268 kB
Mem:          3.8G       3.7G       106M       5.7M        23M       3.2G

MemTotal:        4016004 kB
MemFree:          109684 kB
Active:           332228 kB
Mem:          3.8G       3.7G       107M       5.7M        23M       3.2G

MemTotal:        4016004 kB
MemFree:          109808 kB
Active:           332264 kB
Mem:          3.8G       3.7G       107M       5.7M        23M       3.2G

MemTotal:        4016004 kB
MemFree:          109684 kB
Active:           332252 kB
Mem:          3.8G       3.7G       107M       5.7M        23M       3.2G

MemTotal:        4016004 kB
MemFree:          109808 kB
Active:           332228 kB
Mem:          3.8G       3.7G       107M       5.7M        23M       3.2G

MemTotal:        4016004 kB
MemFree:          109684 kB
Active:           332256 kB
Mem:          3.8G       3.7G       107M       5.7M        23M       3.2G

MemTotal:        4016004 kB
MemFree:          109808 kB
Active:           332236 kB
Mem:          3.8G       3.7G       107M       5.7M        23M       3.2G

MemTotal:        4016004 kB
MemFree:          109436 kB
Active:           332244 kB
Mem:          3.8G       3.7G       106M       5.7M        23M       3.2G

MemTotal:        4016004 kB
MemFree:          109684 kB
Active:           332220 kB
Mem:          3.8G       3.7G       106M       5.7M        23M       3.2G

MemTotal:        4016004 kB
MemFree:          109932 kB
Active:           332240 kB
Mem:          3.8G       3.7G       107M       5.7M        23M       3.2G

MemTotal:        4016004 kB
MemFree:          107760 kB
Active:           332252 kB
Mem:          3.8G       3.7G       105M       5.7M        23M       3.2G

MemTotal:        4016004 kB
MemFree:          107636 kB
Active:           334276 kB
Mem:          3.8G       3.7G       104M       5.7M        23M       3.2G

MemTotal:        4016004 kB
MemFree:          107140 kB
Active:           334300 kB
Mem:          3.8G       3.7G       104M       5.7M        23M       3.2G

MemTotal:        4016004 kB
MemFree:          107636 kB
Active:           334248 kB
Mem:          3.8G       3.7G       105M       5.7M        23M       3.2G

MemTotal:        4016004 kB
MemFree:          107636 kB
Active:           334276 kB
Mem:          3.8G       3.7G       105M       5.7M        23M       3.2G

MemTotal:        4016004 kB
MemFree:          107636 kB
Active:           334268 kB
Mem:          3.8G       3.7G       105M       5.7M        23M       3.2G

MemTotal:        4016004 kB
MemFree:          107760 kB
Active:           334268 kB
Mem:          3.8G       3.7G       105M       5.7M        23M       3.2G

MemTotal:        4016004 kB
MemFree:          107760 kB
Active:           334296 kB
Mem:          3.8G       3.7G       105M       5.7M        23M       3.2G

MemTotal:        4016004 kB
MemFree:          107884 kB
Active:           334272 kB
Mem:          3.8G       3.7G       105M       5.7M        23M       3.2G

MemTotal:        4016004 kB
MemFree:          107760 kB
Active:           334264 kB
Mem:          3.8G       3.7G       105M       5.7M        23M       3.2G

MemTotal:        4016004 kB
MemFree:          105340 kB
Active:           334320 kB
Mem:          3.8G       3.7G       103M       5.7M        23M       3.2G

MemTotal:        4016004 kB
MemFree:          105712 kB
Active:           336340 kB
Mem:          3.8G       3.7G       103M       5.7M        23M       3.2G

MemTotal:        4016004 kB
MemFree:          105588 kB
Active:           336368 kB
Mem:          3.8G       3.7G       103M       5.7M        23M       3.2G

MemTotal:        4016004 kB
MemFree:          105960 kB
Active:           336352 kB
Mem:          3.8G       3.7G       103M       5.7M        23M       3.2G

MemTotal:        4016004 kB
MemFree:          105588 kB
Active:           336368 kB
Mem:          3.8G       3.7G       103M       5.7M        23M       3.2G

MemTotal:        4016004 kB
MemFree:          105960 kB
Active:           336352 kB
Mem:          3.8G       3.7G       102M       5.7M        23M       3.2G

MemTotal:        4016004 kB
MemFree:          105588 kB
Active:           336332 kB
Mem:          3.8G       3.7G       103M       5.7M        23M       3.2G

MemTotal:        4016004 kB
MemFree:          105464 kB
Active:           336372 kB
Mem:          3.8G       3.7G       103M       5.7M        23M       3.2G

MemTotal:        4016004 kB
MemFree:          105464 kB
Active:           336360 kB
Mem:          3.8G       3.7G       103M       5.7M        23M       3.2G

MemTotal:        4016004 kB
MemFree:          105836 kB
Active:           336332 kB
Mem:          3.8G       3.7G       103M       5.7M        23M       3.2G

MemTotal:        4016004 kB
MemFree:          105836 kB
Active:           336360 kB
Mem:          3.8G       3.7G       103M       5.7M        23M       3.2G

MemTotal:        4016004 kB
MemFree:          105712 kB
Active:           336344 kB
Mem:          3.8G       3.7G       103M       5.7M        23M       3.2G

MemTotal:        4016004 kB
MemFree:          105588 kB
Active:           336364 kB
Mem:          3.8G       3.7G       103M       5.7M        23M       3.2G

MemTotal:        4016004 kB
MemFree:          105588 kB
Active:           336372 kB
Mem:          3.8G       3.7G       103M       5.7M        23M       3.2G

MemTotal:        4016004 kB
MemFree:          105588 kB
Active:           336372 kB
Mem:          3.8G       3.7G       103M       5.7M        23M       3.2G

MemTotal:        4016004 kB
MemFree:          105588 kB
Active:           336400 kB
Mem:          3.8G       3.7G       103M       5.7M        23M       3.2G

MemTotal:        4016004 kB
MemFree:          105712 kB
Active:           336368 kB
Mem:          3.8G       3.7G       102M       5.7M        23M       3.2G

MemTotal:        4016004 kB
MemFree:          105712 kB
Active:           336400 kB
Mem:          3.8G       3.7G       103M       5.7M        23M       3.2G

MemTotal:        4016004 kB
MemFree:          105464 kB
Active:           336364 kB
Mem:          3.8G       3.7G       103M       5.7M        23M       3.2G

MemTotal:        4016004 kB
MemFree:          105464 kB
Active:           336392 kB
Mem:          3.8G       3.7G       103M       5.7M        23M       3.2G

MemTotal:        4016004 kB
MemFree:          105588 kB
Active:           336380 kB
Mem:          3.8G       3.7G       103M       5.7M        23M       3.2G

MemTotal:        4016004 kB
MemFree:          104968 kB
Active:           336420 kB
Mem:          3.8G       3.7G       102M       5.7M        23M       3.2G

MemTotal:        4016004 kB
MemFree:          105464 kB
Active:           336364 kB
Mem:          3.8G       3.7G       103M       5.7M        23M       3.2G

MemTotal:        4016004 kB
MemFree:          105712 kB
Active:           336372 kB
Mem:          3.8G       3.7G       103M       5.7M        23M       3.2G

MemTotal:        4016004 kB
MemFree:          105712 kB
Active:           336404 kB
Mem:          3.8G       3.7G       103M       5.7M        23M       3.2G

MemTotal:        4016004 kB
MemFree:          105216 kB
Active:           336424 kB
Mem:          3.8G       3.7G       102M       5.7M        23M       3.2G

MemTotal:        4016004 kB
MemFree:          105216 kB
Active:           336428 kB
Mem:          3.8G       3.7G       103M       5.7M        23M       3.2G

MemTotal:        4016004 kB
MemFree:          105712 kB
Active:           336392 kB
Mem:          3.8G       3.7G       103M       5.7M        23M       3.2G

MemTotal:        4016004 kB
MemFree:          105712 kB
Active:           336380 kB
Mem:          3.8G       3.7G       103M       5.7M        23M       3.2G

MemTotal:        4016004 kB
MemFree:          105712 kB
Active:           336424 kB
Mem:          3.8G       3.7G       103M       5.7M        23M       3.2G

MemTotal:        4016004 kB
MemFree:          105728 kB
Active:           336396 kB
Mem:          3.8G       3.7G       103M       5.7M        23M       3.2G

MemTotal:        4016004 kB
MemFree:          105728 kB
Active:           336428 kB
Mem:          3.8G       3.7G       103M       5.7M        23M       3.2G

MemTotal:        4016004 kB
MemFree:          105852 kB
Active:           336452 kB
Mem:          3.8G       3.7G       103M       5.7M        23M       3.2G

MemTotal:        4016004 kB
MemFree:          105108 kB
Active:           336480 kB
Mem:          3.8G       3.7G       102M       5.7M        23M       3.2G

MemTotal:        4016004 kB
MemFree:          105604 kB
Active:           336464 kB
Mem:          3.8G       3.7G       103M       5.7M        23M       3.2G

MemTotal:        4016004 kB
MemFree:          105108 kB
Active:           336488 kB
Mem:          3.8G       3.7G       102M       5.7M        23M       3.2G

MemTotal:        4016004 kB
MemFree:          105480 kB
Active:           336476 kB
Mem:          3.8G       3.7G       103M       5.7M        23M       3.2G

MemTotal:        4016004 kB
MemFree:          105604 kB
Active:           336468 kB
Mem:          3.8G       3.7G       103M       5.7M        23M       3.2G

MemTotal:        4016004 kB
MemFree:          105712 kB
Active:           336508 kB
Mem:          3.8G       3.7G       103M       5.7M        23M       3.2G

MemTotal:        4016004 kB
MemFree:          105464 kB
Active:           336496 kB
Mem:          3.8G       3.7G       103M       5.7M        23M       3.2G

MemTotal:        4016004 kB
MemFree:          105464 kB
Active:           336508 kB
Mem:          3.8G       3.7G       103M       5.7M        23M       3.2G

MemTotal:        4016004 kB
MemFree:          105464 kB
Active:           336488 kB
Mem:          3.8G       3.7G       103M       5.7M        23M       3.2G

MemTotal:        4016004 kB
MemFree:          105464 kB
Active:           336512 kB
Mem:          3.8G       3.7G       103M       5.7M        23M       3.2G

MemTotal:        4016004 kB
MemFree:          105588 kB
Active:           336488 kB
Mem:          3.8G       3.7G       102M       5.7M        23M       3.2G

MemTotal:        4016004 kB
MemFree:          105216 kB
Active:           336516 kB
Mem:          3.8G       3.7G       103M       5.7M        23M       3.2G

