MemTotal:        4016004 kB
MemFree:         3236576 kB
Active:           423920 kB
Mem:          3.8G       760M       3.1G       5.7M        50M       320M

MemTotal:        4016004 kB
MemFree:         3237592 kB
Active:           423996 kB
Mem:          3.8G       760M       3.1G       5.7M        50M       321M

MemTotal:        4016004 kB
MemFree:         3237576 kB
Active:           424048 kB
Mem:          3.8G       760M       3.1G       5.7M        50M       321M

MemTotal:        4016004 kB
MemFree:         3237188 kB
Active:           424100 kB
Mem:          3.8G       760M       3.1G       5.7M        50M       321M

MemTotal:        4016004 kB
MemFree:         3237188 kB
Active:           422124 kB
Mem:          3.8G       760M       3.1G       5.7M        50M       321M

MemTotal:        4016004 kB
MemFree:         3237604 kB
Active:           424096 kB
Mem:          3.8G       760M       3.1G       5.7M        50M       321M

MemTotal:        4016004 kB
MemFree:         3238100 kB
Active:           424112 kB
Mem:          3.8G       759M       3.1G       5.7M        50M       321M

MemTotal:        4016004 kB
MemFree:         3238208 kB
Active:           424060 kB
Mem:          3.8G       759M       3.1G       5.7M        50M       321M

MemTotal:        4016004 kB
MemFree:         3237944 kB
Active:           424068 kB
Mem:          3.8G       759M       3.1G       5.7M        50M       321M

MemTotal:        4016004 kB
MemFree:         3238068 kB
Active:           424060 kB
Mem:          3.8G       759M       3.1G       5.7M        50M       321M

MemTotal:        4016004 kB
MemFree:         3238020 kB
Active:           424060 kB
Mem:          3.8G       759M       3.1G       5.7M        50M       321M

MemTotal:        4016004 kB
MemFree:         3238424 kB
Active:           424084 kB
Mem:          3.8G       759M       3.1G       5.7M        50M       321M

MemTotal:        4016004 kB
MemFree:         3238572 kB
Active:           424092 kB
Mem:          3.8G       759M       3.1G       5.7M        50M       321M

MemTotal:        4016004 kB
MemFree:         3238572 kB
Active:           424100 kB
Mem:          3.8G       759M       3.1G       5.7M        50M       321M

MemTotal:        4016004 kB
MemFree:         3240216 kB
Active:           422076 kB
Mem:          3.8G       757M       3.1G       5.7M        50M       321M

MemTotal:        4016004 kB
MemFree:         3240216 kB
Active:           422048 kB
Mem:          3.8G       757M       3.1G       5.7M        50M       321M

MemTotal:        4016004 kB
MemFree:         3239720 kB
Active:           422096 kB
Mem:          3.8G       757M       3.1G       5.7M        50M       321M

MemTotal:        4016004 kB
MemFree:         3240464 kB
Active:           422088 kB
Mem:          3.8G       757M       3.1G       5.7M        50M       321M

MemTotal:        4016004 kB
MemFree:         3240340 kB
Active:           422056 kB
Mem:          3.8G       757M       3.1G       5.7M        50M       321M

MemTotal:        4016004 kB
MemFree:         3240340 kB
Active:           422084 kB
Mem:          3.8G       757M       3.1G       5.7M        51M       321M

MemTotal:        4016004 kB
MemFree:         3240216 kB
Active:           422084 kB
Mem:          3.8G       757M       3.1G       5.7M        51M       321M

MemTotal:        4016004 kB
MemFree:         3239968 kB
Active:           422112 kB
Mem:          3.8G       757M       3.1G       5.7M        51M       321M

MemTotal:        4016004 kB
MemFree:         3239720 kB
Active:           422112 kB
Mem:          3.8G       757M       3.1G       5.7M        51M       321M

MemTotal:        4016004 kB
MemFree:         3239720 kB
Active:           422112 kB
Mem:          3.8G       757M       3.1G       5.7M        51M       321M

MemTotal:        4016004 kB
MemFree:         3239968 kB
Active:           422080 kB
Mem:          3.8G       757M       3.1G       5.7M        51M       321M

MemTotal:        4016004 kB
MemFree:         3239968 kB
Active:           422092 kB
Mem:          3.8G       757M       3.1G       5.7M        51M       321M

MemTotal:        4016004 kB
MemFree:         3239968 kB
Active:           422108 kB
Mem:          3.8G       757M       3.1G       5.7M        51M       321M

MemTotal:        4016004 kB
MemFree:         3239720 kB
Active:           422104 kB
Mem:          3.8G       758M       3.1G       5.7M        51M       321M

MemTotal:        4016004 kB
MemFree:         3239952 kB
Active:           422112 kB
Mem:          3.8G       757M       3.1G       5.7M        51M       321M

MemTotal:        4016004 kB
MemFree:         3240308 kB
Active:           422072 kB
Mem:          3.8G       757M       3.1G       5.7M        51M       321M

MemTotal:        4016004 kB
MemFree:         3239812 kB
Active:           422068 kB
Mem:          3.8G       757M       3.1G       5.7M        51M       321M

MemTotal:        4016004 kB
MemFree:         3239564 kB
Active:           422068 kB
Mem:          3.8G       758M       3.1G       5.7M        51M       321M

MemTotal:        4016004 kB
MemFree:         3239548 kB
Active:           422064 kB
Mem:          3.8G       758M       3.1G       5.7M        51M       321M

MemTotal:        4016004 kB
MemFree:         3239656 kB
Active:           422072 kB
Mem:          3.8G       758M       3.1G       5.7M        51M       321M

MemTotal:        4016004 kB
MemFree:         3239656 kB
Active:           422096 kB
Mem:          3.8G       758M       3.1G       5.7M        51M       321M

MemTotal:        4016004 kB
MemFree:         3239516 kB
Active:           422096 kB
Mem:          3.8G       758M       3.1G       5.7M        51M       321M

MemTotal:        4016004 kB
MemFree:         3239640 kB
Active:           422104 kB
Mem:          3.8G       758M       3.1G       5.7M        51M       321M

MemTotal:        4016004 kB
MemFree:         3239888 kB
Active:           422092 kB
Mem:          3.8G       758M       3.1G       5.7M        51M       321M

MemTotal:        4016004 kB
MemFree:         3240012 kB
Active:           422104 kB
Mem:          3.8G       757M       3.1G       5.7M        51M       321M

MemTotal:        4016004 kB
MemFree:         3239888 kB
Active:           422120 kB
Mem:          3.8G       758M       3.1G       5.7M        51M       321M

MemTotal:        4016004 kB
MemFree:         3239764 kB
Active:           422116 kB
Mem:          3.8G       758M       3.1G       5.7M        51M       321M

MemTotal:        4016004 kB
MemFree:         3239764 kB
Active:           422132 kB
Mem:          3.8G       758M       3.1G       5.7M        51M       321M

MemTotal:        4016004 kB
MemFree:         3239764 kB
Active:           422092 kB
Mem:          3.8G       758M       3.1G       5.7M        51M       321M

MemTotal:        4016004 kB
MemFree:         3239748 kB
Active:           422136 kB
Mem:          3.8G       758M       3.1G       5.7M        51M       321M

MemTotal:        4016004 kB
MemFree:         3239748 kB
Active:           422108 kB
Mem:          3.8G       758M       3.1G       5.7M        51M       321M

MemTotal:        4016004 kB
MemFree:         3239872 kB
Active:           422120 kB
Mem:          3.8G       757M       3.1G       5.7M        51M       321M

MemTotal:        4016004 kB
MemFree:         3240120 kB
Active:           422132 kB
Mem:          3.8G       757M       3.1G       5.7M        51M       321M

MemTotal:        4016004 kB
MemFree:         3240244 kB
Active:           422116 kB
Mem:          3.8G       757M       3.1G       5.7M        51M       321M

MemTotal:        4016004 kB
MemFree:         3240368 kB
Active:           422116 kB
Mem:          3.8G       757M       3.1G       5.7M        51M       321M

MemTotal:        4016004 kB
MemFree:         3240120 kB
Active:           422104 kB
Mem:          3.8G       757M       3.1G       5.7M        51M       321M

MemTotal:        4016004 kB
MemFree:         3240228 kB
Active:           422144 kB
Mem:          3.8G       757M       3.1G       5.7M        51M       321M

MemTotal:        4016004 kB
MemFree:         3240244 kB
Active:           422140 kB
Mem:          3.8G       757M       3.1G       5.7M        51M       321M

MemTotal:        4016004 kB
MemFree:         3240244 kB
Active:           422172 kB
Mem:          3.8G       757M       3.1G       5.7M        51M       321M

MemTotal:        4016004 kB
MemFree:         3240244 kB
Active:           422128 kB
Mem:          3.8G       757M       3.1G       5.7M        51M       321M

MemTotal:        4016004 kB
MemFree:         3239872 kB
Active:           422176 kB
Mem:          3.8G       758M       3.1G       5.7M        51M       321M

MemTotal:        4016004 kB
MemFree:         3239996 kB
Active:           422152 kB
Mem:          3.8G       758M       3.1G       5.7M        51M       321M

MemTotal:        4016004 kB
MemFree:         3239624 kB
Active:           422120 kB
Mem:          3.8G       758M       3.1G       5.7M        51M       321M

MemTotal:        4016004 kB
MemFree:         3239624 kB
Active:           422180 kB
Mem:          3.8G       758M       3.1G       5.7M        51M       321M

MemTotal:        4016004 kB
MemFree:         3239004 kB
Active:           422184 kB
Mem:          3.8G       758M       3.1G       5.7M        51M       321M

MemTotal:        4016004 kB
MemFree:         3239624 kB
Active:           422176 kB
Mem:          3.8G       758M       3.1G       5.7M        51M       321M

MemTotal:        4016004 kB
MemFree:         3239624 kB
Active:           422168 kB
Mem:          3.8G       758M       3.1G       5.7M        51M       321M

MemTotal:        4016004 kB
MemFree:         3239748 kB
Active:           422172 kB
Mem:          3.8G       758M       3.1G       5.7M        51M       321M

MemTotal:        4016004 kB
MemFree:         3239624 kB
Active:           422148 kB
Mem:          3.8G       758M       3.1G       5.7M        51M       321M

MemTotal:        4016004 kB
MemFree:         3240072 kB
Active:           420184 kB
Mem:          3.8G       758M       3.1G       5.7M        51M       321M

MemTotal:        4016004 kB
MemFree:         3239984 kB
Active:           422216 kB
Mem:          3.8G       757M       3.1G       5.7M        51M       321M

MemTotal:        4016004 kB
MemFree:         3239984 kB
Active:           422216 kB
Mem:          3.8G       758M       3.1G       5.7M        51M       321M

MemTotal:        4016004 kB
MemFree:         3239984 kB
Active:           422212 kB
Mem:          3.8G       757M       3.1G       5.7M        51M       321M

MemTotal:        4016004 kB
MemFree:         3239612 kB
Active:           422240 kB
Mem:          3.8G       758M       3.1G       5.7M        51M       321M

MemTotal:        4016004 kB
MemFree:         3240108 kB
Active:           422196 kB
Mem:          3.8G       757M       3.1G       5.7M        51M       321M

MemTotal:        4016004 kB
MemFree:         3239984 kB
Active:           422200 kB
Mem:          3.8G       758M       3.1G       5.7M        51M       321M

MemTotal:        4016004 kB
MemFree:         3239984 kB
Active:           422236 kB
Mem:          3.8G       757M       3.1G       5.7M        51M       321M

MemTotal:        4016004 kB
MemFree:         3239984 kB
Active:           422220 kB
Mem:          3.8G       757M       3.1G       5.7M        51M       321M

MemTotal:        4016004 kB
MemFree:         3239488 kB
Active:           422244 kB
Mem:          3.8G       758M       3.1G       5.7M        51M       321M

MemTotal:        4016004 kB
MemFree:         3239512 kB
Active:           420196 kB
Mem:          3.8G       758M       3.1G       5.7M        51M       321M

MemTotal:        4016004 kB
MemFree:         3239980 kB
Active:           422228 kB
Mem:          3.8G       757M       3.1G       5.7M        51M       321M

MemTotal:        4016004 kB
MemFree:         3239856 kB
Active:           422228 kB
Mem:          3.8G       757M       3.1G       5.7M        51M       321M

MemTotal:        4016004 kB
MemFree:         3239980 kB
Active:           422236 kB
Mem:          3.8G       757M       3.1G       5.7M        51M       321M

MemTotal:        4016004 kB
MemFree:         3239716 kB
Active:           422252 kB
Mem:          3.8G       757M       3.1G       5.7M        51M       321M

MemTotal:        4016004 kB
MemFree:         3239668 kB
Active:           422196 kB
Mem:          3.8G       758M       3.1G       5.7M        51M       321M

MemTotal:        4016004 kB
MemFree:         3239684 kB
Active:           422248 kB
Mem:          3.8G       758M       3.1G       5.7M        51M       321M

MemTotal:        4016004 kB
MemFree:         3239888 kB
Active:           422244 kB
Mem:          3.8G       757M       3.1G       5.7M        51M       321M

MemTotal:        4016004 kB
MemFree:         3239392 kB
Active:           422252 kB
Mem:          3.8G       758M       3.1G       5.7M        51M       321M

MemTotal:        4016004 kB
MemFree:         3239764 kB
Active:           422212 kB
Mem:          3.8G       758M       3.1G       5.7M        51M       321M

MemTotal:        4016004 kB
MemFree:         3239764 kB
Active:           422260 kB
Mem:          3.8G       758M       3.1G       5.7M        51M       321M

MemTotal:        4016004 kB
MemFree:         3240012 kB
Active:           422216 kB
Mem:          3.8G       757M       3.1G       5.7M        51M       321M

MemTotal:        4016004 kB
MemFree:         3239764 kB
Active:           422268 kB
Mem:          3.8G       757M       3.1G       5.7M        51M       321M

MemTotal:        4016004 kB
MemFree:         3240136 kB
Active:           422248 kB
Mem:          3.8G       757M       3.1G       5.7M        51M       321M

MemTotal:        4016004 kB
MemFree:         3240012 kB
Active:           422212 kB
Mem:          3.8G       757M       3.1G       5.7M        51M       321M

MemTotal:        4016004 kB
MemFree:         3239624 kB
Active:           422244 kB
Mem:          3.8G       758M       3.1G       5.7M        51M       321M

MemTotal:        4016004 kB
MemFree:         3239732 kB
Active:           422252 kB
Mem:          3.8G       758M       3.1G       5.7M        51M       321M

MemTotal:        4016004 kB
MemFree:         3239856 kB
Active:           422272 kB
Mem:          3.8G       758M       3.1G       5.7M        51M       321M

MemTotal:        4016004 kB
MemFree:         3239716 kB
Active:           422276 kB
Mem:          3.8G       758M       3.1G       5.7M        51M       321M

MemTotal:        4016004 kB
MemFree:         3239824 kB
Active:           422264 kB
Mem:          3.8G       758M       3.1G       5.7M        51M       321M

MemTotal:        4016004 kB
MemFree:         3239808 kB
Active:           422268 kB
Mem:          3.8G       758M       3.1G       5.7M        51M       321M

MemTotal:        4016004 kB
MemFree:         3239824 kB
Active:           422268 kB
Mem:          3.8G       758M       3.1G       5.7M        51M       321M

MemTotal:        4016004 kB
MemFree:         3239824 kB
Active:           422272 kB
Mem:          3.8G       757M       3.1G       5.7M        51M       321M

MemTotal:        4016004 kB
MemFree:         3239824 kB
Active:           422252 kB
Mem:          3.8G       757M       3.1G       5.7M        51M       321M

MemTotal:        4016004 kB
MemFree:         3240072 kB
Active:           422284 kB
Mem:          3.8G       757M       3.1G       5.7M        51M       321M

MemTotal:        4016004 kB
MemFree:         3240072 kB
Active:           422284 kB
Mem:          3.8G       757M       3.1G       5.7M        51M       321M

MemTotal:        4016004 kB
MemFree:         3239952 kB
Active:           422236 kB
Mem:          3.8G       758M       3.1G       5.7M        51M       321M

MemTotal:        4016004 kB
MemFree:         3239704 kB
Active:           422264 kB
Mem:          3.8G       758M       3.1G       5.7M        51M       321M

MemTotal:        4016004 kB
MemFree:         3239456 kB
Active:           422300 kB
Mem:          3.8G       758M       3.1G       5.7M        51M       321M

MemTotal:        4016004 kB
MemFree:         3239828 kB
Active:           422300 kB
Mem:          3.8G       757M       3.1G       5.7M        51M       321M

MemTotal:        4016004 kB
MemFree:         3238888 kB
Active:           420296 kB
Mem:          3.8G       758M       3.1G       5.7M        51M       321M

MemTotal:        4016004 kB
MemFree:         3239384 kB
Active:           422348 kB
Mem:          3.8G       758M       3.1G       5.7M        51M       321M

MemTotal:        4016004 kB
MemFree:         3239136 kB
Active:           422348 kB
Mem:          3.8G       758M       3.1G       5.7M        51M       321M

MemTotal:        4016004 kB
MemFree:         3239756 kB
Active:           422332 kB
Mem:          3.8G       758M       3.1G       5.7M        51M       321M

MemTotal:        4016004 kB
MemFree:         3239788 kB
Active:           422320 kB
Mem:          3.8G       757M       3.1G       5.7M        51M       321M

MemTotal:        4016004 kB
MemFree:         3239788 kB
Active:           422320 kB
Mem:          3.8G       758M       3.1G       5.7M        51M       321M

MemTotal:        4016004 kB
MemFree:         3239540 kB
Active:           422340 kB
Mem:          3.8G       758M       3.1G       5.7M        51M       321M

MemTotal:        4016004 kB
MemFree:         3239416 kB
Active:           422332 kB
Mem:          3.8G       758M       3.1G       5.7M        51M       321M

MemTotal:        4016004 kB
MemFree:         3239540 kB
Active:           422328 kB
Mem:          3.8G       758M       3.1G       5.7M        51M       321M

MemTotal:        4016004 kB
MemFree:         3239240 kB
Active:           420328 kB
Mem:          3.8G       758M       3.1G       5.7M        51M       321M

MemTotal:        4016004 kB
MemFree:         3239400 kB
Active:           422300 kB
Mem:          3.8G       758M       3.1G       5.7M        51M       321M

MemTotal:        4016004 kB
MemFree:         3239524 kB
Active:           422304 kB
Mem:          3.8G       758M       3.1G       5.7M        51M       321M

MemTotal:        4016004 kB
MemFree:         3239400 kB
Active:           422352 kB
Mem:          3.8G       758M       3.1G       5.7M        51M       321M

MemTotal:        4016004 kB
MemFree:         3239648 kB
Active:           422348 kB
Mem:          3.8G       758M       3.1G       5.7M        51M       321M

MemTotal:        4016004 kB
MemFree:         3239028 kB
Active:           422368 kB
Mem:          3.8G       758M       3.1G       5.7M        51M       321M

MemTotal:        4016004 kB
MemFree:         3239400 kB
Active:           422340 kB
Mem:          3.8G       758M       3.1G       5.7M        51M       321M

MemTotal:        4016004 kB
MemFree:         3239508 kB
Active:           422344 kB
Mem:          3.8G       758M       3.1G       5.7M        51M       321M

MemTotal:        4016004 kB
MemFree:         3239492 kB
Active:           422340 kB
Mem:          3.8G       758M       3.1G       5.7M        51M       321M

MemTotal:        4016004 kB
MemFree:         3239104 kB
Active:           422376 kB
Mem:          3.8G       758M       3.1G       5.7M        51M       321M

MemTotal:        4016004 kB
MemFree:         3238340 kB
Active:           422420 kB
Mem:          3.8G       759M       3.1G       5.7M        51M       321M

MemTotal:        4016004 kB
MemFree:         3238772 kB
Active:           422332 kB
Mem:          3.8G       758M       3.1G       5.7M        51M       321M

MemTotal:        4016004 kB
MemFree:         3238524 kB
Active:           422376 kB
Mem:          3.8G       759M       3.1G       5.7M        51M       321M

MemTotal:        4016004 kB
MemFree:         3238896 kB
Active:           422348 kB
Mem:          3.8G       758M       3.1G       5.7M        51M       321M

MemTotal:        4016004 kB
MemFree:         3239004 kB
Active:           422332 kB
Mem:          3.8G       758M       3.1G       5.7M        51M       321M

MemTotal:        4016004 kB
MemFree:         3238944 kB
Active:           422372 kB
Mem:          3.8G       758M       3.1G       5.7M        51M       321M

MemTotal:        4016004 kB
MemFree:         3239316 kB
Active:           422360 kB
Mem:          3.8G       758M       3.1G       5.7M        51M       321M

MemTotal:        4016004 kB
MemFree:         3239564 kB
Active:           422344 kB
Mem:          3.8G       758M       3.1G       5.7M        51M       321M

MemTotal:        4016004 kB
MemFree:         3239564 kB
Active:           422332 kB
Mem:          3.8G       758M       3.1G       5.7M        51M       321M

MemTotal:        4016004 kB
MemFree:         3239688 kB
Active:           422368 kB
Mem:          3.8G       758M       3.1G       5.7M        51M       321M

MemTotal:        4016004 kB
MemFree:         3238136 kB
Active:           422372 kB
Mem:          3.8G       759M       3.1G       5.7M        51M       321M

MemTotal:        4016004 kB
MemFree:         3238120 kB
Active:           424356 kB
Mem:          3.8G       759M       3.1G       5.7M        51M       321M

MemTotal:        4016004 kB
MemFree:         3237616 kB
Active:           424412 kB
Mem:          3.8G       760M       3.1G       5.7M        51M       321M

MemTotal:        4016004 kB
MemFree:         3237476 kB
Active:           424376 kB
Mem:          3.8G       760M       3.1G       5.7M        51M       321M

MemTotal:        4016004 kB
MemFree:         3237460 kB
Active:           424404 kB
Mem:          3.8G       760M       3.1G       5.7M        51M       321M

MemTotal:        4016004 kB
MemFree:         3237444 kB
Active:           424388 kB
Mem:          3.8G       759M       3.1G       5.7M        51M       321M

MemTotal:        4016004 kB
MemFree:         3237816 kB
Active:           424400 kB
Mem:          3.8G       760M       3.1G       5.7M        51M       321M

MemTotal:        4016004 kB
MemFree:         3237800 kB
Active:           424396 kB
Mem:          3.8G       760M       3.1G       5.7M        51M       321M

MemTotal:        4016004 kB
MemFree:         3237660 kB
Active:           424392 kB
Mem:          3.8G       760M       3.1G       5.7M        51M       321M

MemTotal:        4016004 kB
MemFree:         3237660 kB
Active:           424392 kB
Mem:          3.8G       760M       3.1G       5.7M        51M       321M

MemTotal:        4016004 kB
MemFree:         3237536 kB
Active:           424384 kB
Mem:          3.8G       760M       3.1G       5.7M        51M       321M

MemTotal:        4016004 kB
MemFree:         3237412 kB
Active:           424436 kB
Mem:          3.8G       760M       3.1G       5.7M        51M       321M

MemTotal:        4016004 kB
MemFree:         3237520 kB
Active:           424404 kB
Mem:          3.8G       760M       3.1G       5.7M        51M       321M

MemTotal:        4016004 kB
MemFree:         3237148 kB
Active:           424388 kB
Mem:          3.8G       760M       3.1G       5.7M        51M       321M

MemTotal:        4016004 kB
MemFree:         3237264 kB
Active:           424392 kB
Mem:          3.8G       760M       3.1G       5.7M        51M       321M

MemTotal:        4016004 kB
MemFree:         3237188 kB
Active:           424388 kB
Mem:          3.8G       760M       3.1G       5.7M        51M       321M

MemTotal:        4016004 kB
MemFree:         3237436 kB
Active:           424428 kB
Mem:          3.8G       760M       3.1G       5.7M        51M       321M

MemTotal:        4016004 kB
MemFree:         3237436 kB
Active:           424412 kB
Mem:          3.8G       760M       3.1G       5.7M        51M       321M

MemTotal:        4016004 kB
MemFree:         3237436 kB
Active:           424416 kB
Mem:          3.8G       760M       3.1G       5.7M        51M       321M

MemTotal:        4016004 kB
MemFree:         3237312 kB
Active:           424392 kB
Mem:          3.8G       760M       3.1G       5.7M        51M       321M

MemTotal:        4016004 kB
MemFree:         3237620 kB
Active:           422412 kB
Mem:          3.8G       760M       3.1G       5.7M        51M       321M

MemTotal:        4016004 kB
MemFree:         3237620 kB
Active:           422412 kB
Mem:          3.8G       760M       3.1G       5.7M        51M       321M

MemTotal:        4016004 kB
MemFree:         3237372 kB
Active:           424452 kB
Mem:          3.8G       760M       3.1G       5.7M        51M       321M

MemTotal:        4016004 kB
MemFree:         3237372 kB
Active:           424428 kB
Mem:          3.8G       760M       3.1G       5.7M        51M       321M

MemTotal:        4016004 kB
MemFree:         3237744 kB
Active:           424436 kB
Mem:          3.8G       760M       3.1G       5.7M        51M       321M

MemTotal:        4016004 kB
MemFree:         3237744 kB
Active:           424432 kB
Mem:          3.8G       759M       3.1G       5.7M        51M       321M

MemTotal:        4016004 kB
MemFree:         3237744 kB
Active:           424476 kB
Mem:          3.8G       760M       3.1G       5.7M        51M       321M

MemTotal:        4016004 kB
MemFree:         3237792 kB
Active:           424484 kB
Mem:          3.8G       759M       3.1G       5.7M        51M       321M

MemTotal:        4016004 kB
MemFree:         3238444 kB
Active:           424476 kB
Mem:          3.8G       759M       3.1G       5.7M        51M       321M

MemTotal:        4016004 kB
MemFree:         3238444 kB
Active:           424464 kB
Mem:          3.8G       759M       3.1G       5.7M        51M       321M

MemTotal:        4016004 kB
MemFree:         3237140 kB
Active:           422440 kB
Mem:          3.8G       760M       3.1G       5.7M        51M       321M

MemTotal:        4016004 kB
MemFree:         3237776 kB
Active:           424484 kB
Mem:          3.8G       759M       3.1G       5.7M        51M       321M

MemTotal:        4016004 kB
MemFree:         3237900 kB
Active:           424484 kB
Mem:          3.8G       759M       3.1G       5.7M        51M       321M

MemTotal:        4016004 kB
MemFree:         3237900 kB
Active:           424432 kB
Mem:          3.8G       759M       3.1G       5.7M        51M       321M

MemTotal:        4016004 kB
MemFree:         3237900 kB
Active:           424472 kB
Mem:          3.8G       759M       3.1G       5.7M        51M       321M

MemTotal:        4016004 kB
MemFree:         3237528 kB
Active:           424456 kB
Mem:          3.8G       760M       3.1G       5.7M        51M       321M

MemTotal:        4016004 kB
MemFree:         3237528 kB
Active:           424468 kB
Mem:          3.8G       760M       3.1G       5.7M        51M       321M

MemTotal:        4016004 kB
MemFree:         3237776 kB
Active:           424468 kB
Mem:          3.8G       760M       3.1G       5.7M        51M       321M

MemTotal:        4016004 kB
MemFree:         3238024 kB
Active:           424464 kB
Mem:          3.8G       759M       3.1G       5.7M        51M       321M

MemTotal:        4016004 kB
MemFree:         3238148 kB
Active:           424480 kB
Mem:          3.8G       759M       3.1G       5.7M        51M       321M

MemTotal:        4016004 kB
MemFree:         3238148 kB
Active:           424508 kB
Mem:          3.8G       759M       3.1G       5.7M        51M       321M

MemTotal:        4016004 kB
MemFree:         3238272 kB
Active:           424500 kB
Mem:          3.8G       759M       3.1G       5.7M        51M       321M

MemTotal:        4016004 kB
MemFree:         3238148 kB
Active:           424468 kB
Mem:          3.8G       759M       3.1G       5.7M        51M       321M

MemTotal:        4016004 kB
MemFree:         3238024 kB
Active:           424468 kB
Mem:          3.8G       759M       3.1G       5.7M        51M       321M

MemTotal:        4016004 kB
MemFree:         3238272 kB
Active:           424472 kB
Mem:          3.8G       759M       3.1G       5.7M        51M       321M

MemTotal:        4016004 kB
MemFree:         3238164 kB
Active:           424340 kB
Mem:          3.8G       759M       3.1G       5.7M        51M       321M

MemTotal:        4016004 kB
MemFree:         3237808 kB
Active:           424348 kB
Mem:          3.8G       759M       3.1G       5.7M        51M       321M

MemTotal:        4016004 kB
MemFree:         3237684 kB
Active:           424348 kB
Mem:          3.8G       760M       3.1G       5.7M        51M       321M

MemTotal:        4016004 kB
MemFree:         3237824 kB
Active:           424336 kB
Mem:          3.8G       760M       3.1G       5.7M        51M       321M

MemTotal:        4016004 kB
MemFree:         3237196 kB
Active:           422312 kB
Mem:          3.8G       760M       3.1G       5.7M        51M       321M

MemTotal:        4016004 kB
MemFree:         3237944 kB
Active:           424356 kB
Mem:          3.8G       760M       3.1G       5.7M        51M       321M

MemTotal:        4016004 kB
MemFree:         3237696 kB
Active:           424344 kB
Mem:          3.8G       759M       3.1G       5.7M        51M       321M

MemTotal:        4016004 kB
MemFree:         3237572 kB
Active:           424356 kB
Mem:          3.8G       759M       3.1G       5.7M        51M       321M

MemTotal:        4016004 kB
MemFree:         3237944 kB
Active:           424332 kB
Mem:          3.8G       759M       3.1G       5.7M        51M       321M

MemTotal:        4016004 kB
MemFree:         3237960 kB
Active:           424312 kB
Mem:          3.8G       759M       3.1G       5.7M        51M       321M

MemTotal:        4016004 kB
MemFree:         3238084 kB
Active:           424324 kB
Mem:          3.8G       759M       3.1G       5.7M        51M       321M

MemTotal:        4016004 kB
MemFree:         3238224 kB
Active:           424328 kB
Mem:          3.8G       759M       3.1G       5.7M        51M       321M

MemTotal:        4016004 kB
MemFree:         3238100 kB
Active:           424340 kB
Mem:          3.8G       759M       3.1G       5.7M        51M       321M

MemTotal:        4016004 kB
MemFree:         3238224 kB
Active:           424352 kB
Mem:          3.8G       759M       3.1G       5.7M        51M       321M

MemTotal:        4016004 kB
MemFree:         3237336 kB
Active:           422444 kB
Mem:          3.8G       760M       3.1G       5.7M        51M       321M

MemTotal:        4016004 kB
MemFree:         3238096 kB
Active:           424316 kB
Mem:          3.8G       759M       3.1G       5.7M        51M       321M

MemTotal:        4016004 kB
MemFree:         3238096 kB
Active:           424364 kB
Mem:          3.8G       759M       3.1G       5.7M        51M       321M

MemTotal:        4016004 kB
MemFree:         3237972 kB
Active:           424352 kB
Mem:          3.8G       759M       3.1G       5.7M        51M       321M

MemTotal:        4016004 kB
MemFree:         3237972 kB
Active:           424368 kB
Mem:          3.8G       759M       3.1G       5.7M        51M       321M

MemTotal:        4016004 kB
MemFree:         3237972 kB
Active:           424348 kB
Mem:          3.8G       760M       3.1G       5.7M        51M       321M

MemTotal:        4016004 kB
MemFree:         3237972 kB
Active:           424328 kB
Mem:          3.8G       759M       3.1G       5.7M        51M       321M

MemTotal:        4016004 kB
MemFree:         3238096 kB
Active:           424376 kB
Mem:          3.8G       759M       3.1G       5.7M        51M       321M

MemTotal:        4016004 kB
MemFree:         3238096 kB
Active:           424352 kB
Mem:          3.8G       759M       3.1G       5.7M        51M       321M

MemTotal:        4016004 kB
MemFree:         3237972 kB
Active:           424360 kB
Mem:          3.8G       759M       3.1G       5.7M        51M       321M

MemTotal:        4016004 kB
MemFree:         3236048 kB
Active:           424364 kB
Mem:          3.8G       761M       3.1G       5.7M        51M       321M

MemTotal:        4016004 kB
MemFree:         3235676 kB
Active:           426372 kB
Mem:          3.8G       762M       3.1G       5.7M        51M       321M

MemTotal:        4016004 kB
MemFree:         3235676 kB
Active:           426380 kB
Mem:          3.8G       762M       3.1G       5.7M        51M       321M

MemTotal:        4016004 kB
MemFree:         3235800 kB
Active:           426388 kB
Mem:          3.8G       762M       3.1G       5.7M        51M       321M

MemTotal:        4016004 kB
MemFree:         3235552 kB
Active:           426424 kB
Mem:          3.8G       761M       3.1G       5.7M        51M       321M

MemTotal:        4016004 kB
MemFree:         3236048 kB
Active:           426388 kB
Mem:          3.8G       761M       3.1G       5.7M        51M       321M

MemTotal:        4016004 kB
MemFree:         3236048 kB
Active:           426404 kB
Mem:          3.8G       761M       3.1G       5.7M        51M       321M

MemTotal:        4016004 kB
MemFree:         3236296 kB
Active:           426400 kB
Mem:          3.8G       761M       3.1G       5.7M        51M       321M

MemTotal:        4016004 kB
MemFree:         3236172 kB
Active:           426404 kB
Mem:          3.8G       761M       3.1G       5.7M        51M       321M

MemTotal:        4016004 kB
MemFree:         3236048 kB
Active:           426444 kB
Mem:          3.8G       761M       3.1G       5.7M        51M       321M

MemTotal:        4016004 kB
MemFree:         3236172 kB
Active:           426436 kB
Mem:          3.8G       761M       3.1G       5.7M        51M       321M

MemTotal:        4016004 kB
MemFree:         3236296 kB
Active:           426428 kB
Mem:          3.8G       761M       3.1G       5.7M        51M       321M

MemTotal:        4016004 kB
MemFree:         3235800 kB
Active:           426448 kB
Mem:          3.8G       762M       3.1G       5.7M        51M       321M

MemTotal:        4016004 kB
MemFree:         3235924 kB
Active:           426436 kB
Mem:          3.8G       761M       3.1G       5.7M        51M       321M

MemTotal:        4016004 kB
MemFree:         3235552 kB
Active:           426452 kB
Mem:          3.8G       762M       3.1G       5.7M        51M       321M

MemTotal:        4016004 kB
MemFree:         3236172 kB
Active:           426448 kB
Mem:          3.8G       761M       3.1G       5.7M        51M       321M

MemTotal:        4016004 kB
MemFree:         3236172 kB
Active:           426444 kB
Mem:          3.8G       761M       3.1G       5.7M        51M       321M

MemTotal:        4016004 kB
MemFree:         3236172 kB
Active:           426424 kB
Mem:          3.8G       761M       3.1G       5.7M        51M       321M

MemTotal:        4016004 kB
MemFree:         3235924 kB
Active:           426452 kB
Mem:          3.8G       761M       3.1G       5.7M        51M       321M

MemTotal:        4016004 kB
MemFree:         3236296 kB
Active:           426412 kB
Mem:          3.8G       761M       3.1G       5.7M        51M       321M

MemTotal:        4016004 kB
MemFree:         3236172 kB
Active:           426456 kB
Mem:          3.8G       761M       3.1G       5.7M        51M       321M

MemTotal:        4016004 kB
MemFree:         3235676 kB
Active:           426472 kB
Mem:          3.8G       761M       3.1G       5.7M        51M       321M

MemTotal:        4016004 kB
MemFree:         3236048 kB
Active:           426436 kB
Mem:          3.8G       761M       3.1G       5.7M        51M       321M

MemTotal:        4016004 kB
MemFree:         3236172 kB
Active:           426420 kB
Mem:          3.8G       761M       3.1G       5.7M        51M       321M

MemTotal:        4016004 kB
MemFree:         3236172 kB
Active:           426420 kB
Mem:          3.8G       761M       3.1G       5.7M        51M       321M

MemTotal:        4016004 kB
MemFree:         3235676 kB
Active:           426472 kB
Mem:          3.8G       761M       3.1G       5.7M        51M       321M

MemTotal:        4016004 kB
MemFree:         3235924 kB
Active:           426416 kB
Mem:          3.8G       761M       3.1G       5.7M        51M       321M

MemTotal:        4016004 kB
MemFree:         3235924 kB
Active:           426424 kB
Mem:          3.8G       761M       3.1G       5.7M        51M       321M

MemTotal:        4016004 kB
MemFree:         3235924 kB
Active:           426456 kB
Mem:          3.8G       761M       3.1G       5.7M        51M       321M

MemTotal:        4016004 kB
MemFree:         3235924 kB
Active:           426480 kB
Mem:          3.8G       761M       3.1G       5.7M        51M       321M

MemTotal:        4016004 kB
MemFree:         3236172 kB
Active:           426480 kB
Mem:          3.8G       761M       3.1G       5.7M        51M       321M

MemTotal:        4016004 kB
MemFree:         3236048 kB
Active:           426476 kB
Mem:          3.8G       761M       3.1G       5.7M        51M       321M

MemTotal:        4016004 kB
MemFree:         3235924 kB
Active:           426488 kB
Mem:          3.8G       761M       3.1G       5.7M        51M       321M

MemTotal:        4016004 kB
MemFree:         3236296 kB
Active:           426432 kB
Mem:          3.8G       761M       3.1G       5.7M        51M       321M

MemTotal:        4016004 kB
MemFree:         3236172 kB
Active:           426440 kB
Mem:          3.8G       761M       3.1G       5.7M        51M       321M

MemTotal:        4016004 kB
MemFree:         3236048 kB
Active:           426472 kB
Mem:          3.8G       761M       3.1G       5.7M        51M       321M

MemTotal:        4016004 kB
MemFree:         3235552 kB
Active:           426500 kB
Mem:          3.8G       762M       3.1G       5.7M        51M       321M

MemTotal:        4016004 kB
MemFree:         3236048 kB
Active:           426464 kB
Mem:          3.8G       761M       3.1G       5.7M        51M       321M

MemTotal:        4016004 kB
MemFree:         3236420 kB
Active:           426452 kB
Mem:          3.8G       761M       3.1G       5.7M        51M       321M

MemTotal:        4016004 kB
MemFree:         3236048 kB
Active:           426456 kB
Mem:          3.8G       761M       3.1G       5.7M        51M       321M

MemTotal:        4016004 kB
MemFree:         3236172 kB
Active:           426460 kB
Mem:          3.8G       761M       3.1G       5.7M        51M       321M

MemTotal:        4016004 kB
MemFree:         3236172 kB
Active:           426472 kB
Mem:          3.8G       761M       3.1G       5.7M        51M       321M

MemTotal:        4016004 kB
MemFree:         3236048 kB
Active:           426480 kB
Mem:          3.8G       761M       3.1G       5.7M        51M       321M

MemTotal:        4016004 kB
MemFree:         3236172 kB
Active:           426476 kB
Mem:          3.8G       761M       3.1G       5.7M        51M       321M

MemTotal:        4016004 kB
MemFree:         3236172 kB
Active:           426476 kB
Mem:          3.8G       761M       3.1G       5.7M        51M       321M

MemTotal:        4016004 kB
MemFree:         3235676 kB
Active:           426480 kB
Mem:          3.8G       762M       3.1G       5.7M        51M       321M

MemTotal:        4016004 kB
MemFree:         3235800 kB
Active:           426460 kB
Mem:          3.8G       761M       3.1G       5.7M        51M       321M

MemTotal:        4016004 kB
MemFree:         3236172 kB
Active:           426456 kB
Mem:          3.8G       761M       3.1G       5.7M        51M       321M

MemTotal:        4016004 kB
MemFree:         3236296 kB
Active:           426460 kB
Mem:          3.8G       761M       3.1G       5.7M        51M       321M

MemTotal:        4016004 kB
MemFree:         3234372 kB
Active:           426452 kB
Mem:          3.8G       763M       3.1G       5.7M        51M       321M

MemTotal:        4016004 kB
MemFree:         3234248 kB
Active:           428524 kB
Mem:          3.8G       763M       3.1G       5.7M        51M       321M

MemTotal:        4016004 kB
MemFree:         3234256 kB
Active:           428532 kB
Mem:          3.8G       763M       3.1G       5.7M        51M       321M

MemTotal:        4016004 kB
MemFree:         3234256 kB
Active:           428512 kB
Mem:          3.8G       763M       3.1G       5.7M        51M       321M

MemTotal:        4016004 kB
MemFree:         3234380 kB
Active:           428500 kB
Mem:          3.8G       763M       3.1G       5.7M        51M       321M

MemTotal:        4016004 kB
MemFree:         3234008 kB
Active:           428488 kB
Mem:          3.8G       763M       3.1G       5.7M        51M       321M

MemTotal:        4016004 kB
MemFree:         3234256 kB
Active:           428540 kB
Mem:          3.8G       763M       3.1G       5.7M        51M       321M

MemTotal:        4016004 kB
MemFree:         3234256 kB
Active:           428528 kB
Mem:          3.8G       763M       3.1G       5.7M        51M       321M

MemTotal:        4016004 kB
MemFree:         3234132 kB
Active:           428528 kB
Mem:          3.8G       763M       3.1G       5.7M        51M       321M

MemTotal:        4016004 kB
MemFree:         3234132 kB
Active:           428512 kB
Mem:          3.8G       763M       3.1G       5.7M        51M       321M

MemTotal:        4016004 kB
MemFree:         3232084 kB
Active:           428520 kB
Mem:          3.8G       765M       3.1G       5.7M        51M       321M

MemTotal:        4016004 kB
MemFree:         3232084 kB
Active:           430552 kB
Mem:          3.8G       765M       3.1G       5.7M        51M       321M

MemTotal:        4016004 kB
MemFree:         3231588 kB
Active:           430592 kB
Mem:          3.8G       765M       3.1G       5.7M        51M       321M

MemTotal:        4016004 kB
MemFree:         3232084 kB
Active:           430588 kB
Mem:          3.8G       765M       3.1G       5.7M        51M       321M

MemTotal:        4016004 kB
MemFree:         3231960 kB
Active:           430580 kB
Mem:          3.8G       765M       3.1G       5.7M        51M       321M

MemTotal:        4016004 kB
MemFree:         3231960 kB
Active:           430576 kB
Mem:          3.8G       765M       3.1G       5.7M        51M       321M

MemTotal:        4016004 kB
MemFree:         3232084 kB
Active:           430572 kB
Mem:          3.8G       765M       3.1G       5.7M        51M       321M

MemTotal:        4016004 kB
MemFree:         3232208 kB
Active:           430588 kB
Mem:          3.8G       765M       3.1G       5.7M        51M       321M

MemTotal:        4016004 kB
MemFree:         3232208 kB
Active:           430552 kB
Mem:          3.8G       765M       3.1G       5.7M        51M       321M

MemTotal:        4016004 kB
MemFree:         3232456 kB
Active:           430548 kB
Mem:          3.8G       765M       3.1G       5.7M        51M       321M

MemTotal:        4016004 kB
MemFree:         3232332 kB
Active:           430592 kB
Mem:          3.8G       765M       3.1G       5.7M        51M       321M

MemTotal:        4016004 kB
MemFree:         3232456 kB
Active:           430588 kB
Mem:          3.8G       765M       3.1G       5.7M        51M       321M

MemTotal:        4016004 kB
MemFree:         3232456 kB
Active:           430572 kB
Mem:          3.8G       765M       3.1G       5.7M        51M       321M

MemTotal:        4016004 kB
MemFree:         3232332 kB
Active:           430588 kB
Mem:          3.8G       765M       3.1G       5.7M        51M       321M

MemTotal:        4016004 kB
MemFree:         3232332 kB
Active:           430588 kB
Mem:          3.8G       765M       3.1G       5.7M        51M       321M

MemTotal:        4016004 kB
MemFree:         3232332 kB
Active:           430580 kB
Mem:          3.8G       765M       3.1G       5.7M        51M       321M

MemTotal:        4016004 kB
MemFree:         3232084 kB
Active:           430600 kB
Mem:          3.8G       765M       3.1G       5.7M        51M       321M

MemTotal:        4016004 kB
MemFree:         3232084 kB
Active:           430592 kB
Mem:          3.8G       765M       3.1G       5.7M        51M       321M

MemTotal:        4016004 kB
MemFree:         3231804 kB
Active:           430608 kB
Mem:          3.8G       765M       3.1G       5.7M        51M       321M

MemTotal:        4016004 kB
MemFree:         3231788 kB
Active:           430576 kB
Mem:          3.8G       766M       3.1G       5.7M        51M       321M

MemTotal:        4016004 kB
MemFree:         3232208 kB
Active:           430612 kB
Mem:          3.8G       765M       3.1G       5.7M        51M       321M

MemTotal:        4016004 kB
MemFree:         3232332 kB
Active:           430600 kB
Mem:          3.8G       765M       3.1G       5.7M        51M       321M

MemTotal:        4016004 kB
MemFree:         3232208 kB
Active:           430596 kB
Mem:          3.8G       765M       3.1G       5.7M        51M       321M

MemTotal:        4016004 kB
MemFree:         3232084 kB
Active:           430576 kB
Mem:          3.8G       765M       3.1G       5.7M        51M       321M

MemTotal:        4016004 kB
MemFree:         3232084 kB
Active:           430624 kB
Mem:          3.8G       765M       3.1G       5.7M        51M       321M

MemTotal:        4016004 kB
MemFree:         3232084 kB
Active:           430628 kB
Mem:          3.8G       765M       3.1G       5.7M        51M       321M

MemTotal:        4016004 kB
MemFree:         3231836 kB
Active:           430632 kB
Mem:          3.8G       765M       3.1G       5.7M        51M       321M

MemTotal:        4016004 kB
MemFree:         3231836 kB
Active:           430632 kB
Mem:          3.8G       765M       3.1G       5.7M        51M       321M

MemTotal:        4016004 kB
MemFree:         3232208 kB
Active:           430600 kB
Mem:          3.8G       765M       3.1G       5.7M        51M       321M

MemTotal:        4016004 kB
MemFree:         3231960 kB
Active:           430600 kB
Mem:          3.8G       765M       3.1G       5.7M        51M       321M

MemTotal:        4016004 kB
MemFree:         3232208 kB
Active:           430624 kB
Mem:          3.8G       765M       3.1G       5.7M        51M       321M

MemTotal:        4016004 kB
MemFree:         3232084 kB
Active:           430620 kB
Mem:          3.8G       765M       3.1G       5.7M        51M       321M

MemTotal:        4016004 kB
MemFree:         3232084 kB
Active:           430612 kB
Mem:          3.8G       765M       3.1G       5.7M        51M       321M

MemTotal:        4016004 kB
MemFree:         3232084 kB
Active:           430616 kB
Mem:          3.8G       765M       3.1G       5.7M        51M       321M

MemTotal:        4016004 kB
MemFree:         3232084 kB
Active:           430660 kB
Mem:          3.8G       765M       3.1G       5.7M        51M       321M

MemTotal:        4016004 kB
MemFree:         3232084 kB
Active:           430608 kB
Mem:          3.8G       765M       3.1G       5.7M        51M       321M

MemTotal:        4016004 kB
MemFree:         3232208 kB
Active:           430608 kB
Mem:          3.8G       765M       3.1G       5.7M        51M       321M

MemTotal:        4016004 kB
MemFree:         3232208 kB
Active:           430612 kB
Mem:          3.8G       765M       3.1G       5.7M        51M       321M

MemTotal:        4016004 kB
MemFree:         3232332 kB
Active:           430616 kB
Mem:          3.8G       765M       3.1G       5.7M        51M       321M

MemTotal:        4016004 kB
MemFree:         3232332 kB
Active:           430644 kB
Mem:          3.8G       765M       3.1G       5.7M        51M       321M

MemTotal:        4016004 kB
MemFree:         3232316 kB
Active:           430660 kB
Mem:          3.8G       765M       3.1G       5.7M        51M       321M

MemTotal:        4016004 kB
MemFree:         3190152 kB
Active:           430976 kB
Mem:          3.8G       807M       3.0G       5.7M        51M       362M

MemTotal:        4016004 kB
MemFree:         3144780 kB
Active:           431028 kB
Mem:          3.8G       851M       3.0G       5.7M        51M       404M

MemTotal:        4016004 kB
MemFree:         3101532 kB
Active:           431044 kB
Mem:          3.8G       893M       3.0G       5.7M        51M       447M

MemTotal:        4016004 kB
MemFree:         3057356 kB
Active:           431036 kB
Mem:          3.8G       936M       2.9G       5.7M        51M       490M

MemTotal:        4016004 kB
MemFree:         3013116 kB
Active:           431100 kB
Mem:          3.8G       980M       2.9G       5.7M        51M       533M

MemTotal:        4016004 kB
MemFree:         2967760 kB
Active:           431100 kB
Mem:          3.8G       1.0G       2.8G       5.7M        51M       576M

MemTotal:        4016004 kB
MemFree:         2922636 kB
Active:           431120 kB
Mem:          3.8G       1.0G       2.8G       5.7M        51M       618M

MemTotal:        4016004 kB
MemFree:         2877528 kB
Active:           431172 kB
Mem:          3.8G       1.1G       2.7G       5.7M        51M       661M

MemTotal:        4016004 kB
MemFree:         2865524 kB
Active:           431196 kB
Mem:          3.8G       1.1G       2.7G       5.7M        51M       674M

MemTotal:        4016004 kB
MemFree:         2820884 kB
Active:           431220 kB
Mem:          3.8G       1.1G       2.7G       5.7M        51M       716M

MemTotal:        4016004 kB
MemFree:         2779372 kB
Active:           431248 kB
Mem:          3.8G       1.2G       2.7G       5.7M        51M       757M

MemTotal:        4016004 kB
MemFree:         2776940 kB
Active:           431236 kB
Mem:          3.8G       1.2G       2.6G       5.7M        51M       758M

MemTotal:        4016004 kB
MemFree:         2775216 kB
Active:           431300 kB
Mem:          3.8G       1.2G       2.6G       5.7M        51M       760M

MemTotal:        4016004 kB
MemFree:         2773140 kB
Active:           431312 kB
Mem:          3.8G       1.2G       2.6G       5.7M        51M       762M

MemTotal:        4016004 kB
MemFree:         2766444 kB
Active:           431280 kB
Mem:          3.8G       1.2G       2.6G       5.7M        51M       769M

MemTotal:        4016004 kB
MemFree:         2721276 kB
Active:           431364 kB
Mem:          3.8G       1.2G       2.6G       5.7M        51M       812M

MemTotal:        4016004 kB
MemFree:         2676292 kB
Active:           431380 kB
Mem:          3.8G       1.3G       2.6G       5.7M        51M       855M

MemTotal:        4016004 kB
MemFree:         2631432 kB
Active:           431404 kB
Mem:          3.8G       1.3G       2.5G       5.7M        51M       897M

MemTotal:        4016004 kB
MemFree:         2587440 kB
Active:           431376 kB
Mem:          3.8G       1.4G       2.5G       5.7M        51M       940M

MemTotal:        4016004 kB
MemFree:         2542952 kB
Active:           431456 kB
Mem:          3.8G       1.4G       2.4G       5.7M        51M       983M

MemTotal:        4016004 kB
MemFree:         2499192 kB
Active:           431428 kB
Mem:          3.8G       1.4G       2.4G       5.7M        51M       1.0G

MemTotal:        4016004 kB
MemFree:         2454332 kB
Active:           431472 kB
Mem:          3.8G       1.5G       2.3G       5.7M        51M       1.0G

MemTotal:        4016004 kB
MemFree:         2410212 kB
Active:           431488 kB
Mem:          3.8G       1.5G       2.3G       5.7M        51M       1.1G

MemTotal:        4016004 kB
MemFree:         2365352 kB
Active:           431512 kB
Mem:          3.8G       1.6G       2.3G       5.7M        51M       1.1G

MemTotal:        4016004 kB
MemFree:         2321176 kB
Active:           431528 kB
Mem:          3.8G       1.6G       2.2G       5.7M        51M       1.2G

MemTotal:        4016004 kB
MemFree:         2318148 kB
Active:           431592 kB
Mem:          3.8G       1.6G       2.2G       5.7M        51M       1.2G

MemTotal:        4016004 kB
MemFree:         2292708 kB
Active:           431596 kB
Mem:          3.8G       1.6G       2.2G       5.7M        51M       1.2G

MemTotal:        4016004 kB
MemFree:         2248172 kB
Active:           431596 kB
Mem:          3.8G       1.7G       2.1G       5.7M        51M       1.2G

MemTotal:        4016004 kB
MemFree:         2203624 kB
Active:           431624 kB
Mem:          3.8G       1.7G       2.1G       5.7M        51M       1.3G

MemTotal:        4016004 kB
MemFree:         2159824 kB
Active:           431660 kB
Mem:          3.8G       1.8G       2.1G       5.7M        51M       1.3G

MemTotal:        4016004 kB
MemFree:         2114468 kB
Active:           431700 kB
Mem:          3.8G       1.8G       2.0G       5.7M        51M       1.4G

MemTotal:        4016004 kB
MemFree:         2069856 kB
Active:           431732 kB
Mem:          3.8G       1.9G       2.0G       5.7M        51M       1.4G

MemTotal:        4016004 kB
MemFree:         2025476 kB
Active:           431716 kB
Mem:          3.8G       1.9G       1.9G       5.7M        51M       1.4G

MemTotal:        4016004 kB
MemFree:         1981236 kB
Active:           431736 kB
Mem:          3.8G       1.9G       1.9G       5.7M        51M       1.5G

MemTotal:        4016004 kB
MemFree:         1937120 kB
Active:           431732 kB
Mem:          3.8G       2.0G       1.8G       5.7M        51M       1.5G

MemTotal:        4016004 kB
MemFree:         1892600 kB
Active:           431808 kB
Mem:          3.8G       2.0G       1.8G       5.7M        52M       1.6G

MemTotal:        4016004 kB
MemFree:         1872868 kB
Active:           431812 kB
Mem:          3.8G       2.0G       1.8G       5.7M        52M       1.6G

MemTotal:        4016004 kB
MemFree:         1868580 kB
Active:           431836 kB
Mem:          3.8G       2.0G       1.8G       5.7M        52M       1.6G

MemTotal:        4016004 kB
MemFree:         1824508 kB
Active:           431856 kB
Mem:          3.8G       2.1G       1.7G       5.7M        52M       1.6G

MemTotal:        4016004 kB
MemFree:         1779408 kB
Active:           431868 kB
Mem:          3.8G       2.1G       1.7G       5.7M        52M       1.7G

MemTotal:        4016004 kB
MemFree:         1735420 kB
Active:           431888 kB
Mem:          3.8G       2.2G       1.7G       5.7M        52M       1.7G

MemTotal:        4016004 kB
MemFree:         1690624 kB
Active:           431956 kB
Mem:          3.8G       2.2G       1.6G       5.7M        52M       1.8G

MemTotal:        4016004 kB
MemFree:         1646864 kB
Active:           431924 kB
Mem:          3.8G       2.3G       1.6G       5.7M        52M       1.8G

MemTotal:        4016004 kB
MemFree:         1601384 kB
Active:           431992 kB
Mem:          3.8G       2.3G       1.5G       5.7M        52M       1.8G

MemTotal:        4016004 kB
MemFree:         1557392 kB
Active:           432020 kB
Mem:          3.8G       2.3G       1.5G       5.7M        52M       1.9G

MemTotal:        4016004 kB
MemFree:         1513148 kB
Active:           432032 kB
Mem:          3.8G       2.4G       1.4G       5.7M        52M       1.9G

MemTotal:        4016004 kB
MemFree:         1468600 kB
Active:           432076 kB
Mem:          3.8G       2.4G       1.4G       5.7M        52M       2.0G

MemTotal:        4016004 kB
MemFree:         1424832 kB
Active:           432072 kB
Mem:          3.8G       2.5G       1.4G       5.7M        52M       2.0G

MemTotal:        4016004 kB
MemFree:         1380252 kB
Active:           432084 kB
Mem:          3.8G       2.5G       1.3G       5.7M        52M       2.1G

MemTotal:        4016004 kB
MemFree:         1351668 kB
Active:           432160 kB
Mem:          3.8G       2.5G       1.3G       5.7M        52M       2.1G

MemTotal:        4016004 kB
MemFree:         1349004 kB
Active:           432176 kB
Mem:          3.8G       2.5G       1.3G       5.7M        52M       2.1G

MemTotal:        4016004 kB
MemFree:         1307464 kB
Active:           432172 kB
Mem:          3.8G       2.6G       1.2G       5.7M        52M       2.1G

MemTotal:        4016004 kB
MemFree:         1262732 kB
Active:           432228 kB
Mem:          3.8G       2.6G       1.2G       5.7M        52M       2.2G

MemTotal:        4016004 kB
MemFree:         1218528 kB
Active:           432252 kB
Mem:          3.8G       2.7G       1.2G       5.7M        52M       2.2G

MemTotal:        4016004 kB
MemFree:         1174164 kB
Active:           432244 kB
Mem:          3.8G       2.7G       1.1G       5.7M        52M       2.2G

MemTotal:        4016004 kB
MemFree:         1129908 kB
Active:           432256 kB
Mem:          3.8G       2.8G       1.1G       5.7M        52M       2.3G

MemTotal:        4016004 kB
MemFree:         1085792 kB
Active:           432284 kB
Mem:          3.8G       2.8G       1.0G       5.7M        52M       2.3G

MemTotal:        4016004 kB
MemFree:         1040684 kB
Active:           432344 kB
Mem:          3.8G       2.8G       1.0G       5.7M        52M       2.4G

MemTotal:        4016004 kB
MemFree:          999668 kB
Active:           432368 kB
Mem:          3.8G       2.9G       975M       5.7M        52M       2.4G

MemTotal:        4016004 kB
MemFree:          985844 kB
Active:           432388 kB
Mem:          3.8G       2.9G       962M       5.7M        52M       2.4G

MemTotal:        4016004 kB
MemFree:          941108 kB
Active:           432380 kB
Mem:          3.8G       2.9G       918M       5.7M        52M       2.5G

MemTotal:        4016004 kB
MemFree:          895716 kB
Active:           432460 kB
Mem:          3.8G       3.0G       874M       5.7M        52M       2.5G

MemTotal:        4016004 kB
MemFree:          851504 kB
Active:           432480 kB
Mem:          3.8G       3.0G       831M       5.7M        52M       2.5G

MemTotal:        4016004 kB
MemFree:          806784 kB
Active:           432540 kB
Mem:          3.8G       3.1G       787M       5.7M        52M       2.6G

MemTotal:        4016004 kB
MemFree:          787956 kB
Active:           432568 kB
Mem:          3.8G       3.1G       769M       5.7M        52M       2.6G

MemTotal:        4016004 kB
MemFree:          743716 kB
Active:           432592 kB
Mem:          3.8G       3.1G       726M       5.7M        52M       2.6G

MemTotal:        4016004 kB
MemFree:          699740 kB
Active:           432632 kB
Mem:          3.8G       3.2G       683M       5.7M        52M       2.7G

MemTotal:        4016004 kB
MemFree:          654880 kB
Active:           432628 kB
Mem:          3.8G       3.2G       639M       5.7M        52M       2.7G

MemTotal:        4016004 kB
MemFree:          608992 kB
Active:           432640 kB
Mem:          3.8G       3.2G       594M       5.7M        52M       2.8G

MemTotal:        4016004 kB
MemFree:          564540 kB
Active:           432720 kB
Mem:          3.8G       3.3G       551M       5.7M        52M       2.8G

MemTotal:        4016004 kB
MemFree:          519988 kB
Active:           432700 kB
Mem:          3.8G       3.3G       507M       5.7M        52M       2.9G

MemTotal:        4016004 kB
MemFree:          476028 kB
Active:           432716 kB
Mem:          3.8G       3.4G       464M       5.7M        52M       2.9G

MemTotal:        4016004 kB
MemFree:          430740 kB
Active:           432748 kB
Mem:          3.8G       3.4G       420M       5.7M        52M       2.9G

MemTotal:        4016004 kB
MemFree:          411844 kB
Active:           432872 kB
Mem:          3.8G       3.4G       401M       5.7M        52M       3.0G

MemTotal:        4016004 kB
MemFree:          411336 kB
Active:           432844 kB
Mem:          3.8G       3.4G       401M       5.7M        52M       3.0G

MemTotal:        4016004 kB
MemFree:          411680 kB
Active:           432852 kB
Mem:          3.8G       3.4G       401M       5.7M        52M       3.0G

MemTotal:        4016004 kB
MemFree:          409084 kB
Active:           432892 kB
Mem:          3.8G       3.4G       399M       5.7M        52M       3.0G

MemTotal:        4016004 kB
MemFree:          365388 kB
Active:           432908 kB
Mem:          3.8G       3.5G       357M       5.7M        52M       3.0G

MemTotal:        4016004 kB
MemFree:          322512 kB
Active:           432876 kB
Mem:          3.8G       3.5G       314M       5.7M        52M       3.0G

MemTotal:        4016004 kB
MemFree:          277404 kB
Active:           432948 kB
Mem:          3.8G       3.6G       270M       5.7M        52M       3.1G

MemTotal:        4016004 kB
MemFree:          232668 kB
Active:           432964 kB
Mem:          3.8G       3.6G       227M       5.7M        52M       3.1G

MemTotal:        4016004 kB
MemFree:          188164 kB
Active:           433000 kB
Mem:          3.8G       3.7G       183M       5.7M        52M       3.2G

MemTotal:        4016004 kB
MemFree:          142932 kB
Active:           433024 kB
Mem:          3.8G       3.7G       139M       5.7M        53M       3.2G

MemTotal:        4016004 kB
MemFree:          134244 kB
Active:           429716 kB
Mem:          3.8G       3.7G       130M       5.7M        20M       3.3G

MemTotal:        4016004 kB
MemFree:          113864 kB
Active:           435332 kB
Mem:          3.8G       3.7G       111M       5.7M        20M       3.3G

MemTotal:        4016004 kB
MemFree:          116824 kB
Active:           443652 kB
Mem:          3.8G       3.7G       112M       5.7M        20M       3.3G

MemTotal:        4016004 kB
MemFree:          124756 kB
Active:           487796 kB
Mem:          3.8G       3.7G       121M       5.7M        20M       3.3G

MemTotal:        4016004 kB
MemFree:          124136 kB
Active:           487776 kB
Mem:          3.8G       3.7G       120M       5.7M        20M       3.3G

MemTotal:        4016004 kB
MemFree:          122492 kB
Active:           487828 kB
Mem:          3.8G       3.7G       119M       5.7M        20M       3.3G

MemTotal:        4016004 kB
MemFree:          120664 kB
Active:           487832 kB
Mem:          3.8G       3.7G       117M       5.7M        20M       3.3G

MemTotal:        4016004 kB
MemFree:          118404 kB
Active:           480268 kB
Mem:          3.8G       3.7G       115M       5.7M        20M       3.3G

MemTotal:        4016004 kB
MemFree:          108848 kB
Active:           476956 kB
Mem:          3.8G       3.7G       106M       5.7M        20M       3.3G

MemTotal:        4016004 kB
MemFree:          117676 kB
Active:           471012 kB
Mem:          3.8G       3.7G       114M       5.7M        20M       3.3G

MemTotal:        4016004 kB
MemFree:          109944 kB
Active:           467544 kB
Mem:          3.8G       3.7G       107M       5.7M        20M       3.3G

MemTotal:        4016004 kB
MemFree:          125596 kB
Active:           462224 kB
Mem:          3.8G       3.7G       122M       5.7M        20M       3.3G

MemTotal:        4016004 kB
MemFree:          135276 kB
Active:           455984 kB
Mem:          3.8G       3.7G       132M       5.7M        20M       3.3G

MemTotal:        4016004 kB
MemFree:          132704 kB
Active:           451488 kB
Mem:          3.8G       3.7G       129M       5.7M        20M       3.3G

MemTotal:        4016004 kB
MemFree:          108120 kB
Active:           449864 kB
Mem:          3.8G       3.7G       105M       5.7M        20M       3.3G

MemTotal:        4016004 kB
MemFree:          109860 kB
Active:           445044 kB
Mem:          3.8G       3.7G       107M       5.7M        20M       3.3G

MemTotal:        4016004 kB
MemFree:          127628 kB
Active:           443272 kB
Mem:          3.8G       3.7G       124M       5.7M        20M       3.3G

MemTotal:        4016004 kB
MemFree:          109732 kB
Active:           442368 kB
Mem:          3.8G       3.7G       106M       5.7M        20M       3.3G

MemTotal:        4016004 kB
MemFree:          130592 kB
Active:           441232 kB
Mem:          3.8G       3.7G       127M       5.7M        20M       3.3G

MemTotal:        4016004 kB
MemFree:          122772 kB
Active:           440152 kB
Mem:          3.8G       3.7G       119M       5.7M        20M       3.3G

MemTotal:        4016004 kB
MemFree:          128284 kB
Active:           438260 kB
Mem:          3.8G       3.7G       124M       5.7M        20M       3.3G

MemTotal:        4016004 kB
MemFree:          127952 kB
Active:           436312 kB
Mem:          3.8G       3.7G       124M       5.7M        20M       3.3G

MemTotal:        4016004 kB
MemFree:          120064 kB
Active:           435360 kB
Mem:          3.8G       3.7G       116M       5.7M        20M       3.3G

MemTotal:        4016004 kB
MemFree:          129680 kB
Active:           433720 kB
Mem:          3.8G       3.7G       126M       5.7M        20M       3.3G

MemTotal:        4016004 kB
MemFree:          122988 kB
Active:           432584 kB
Mem:          3.8G       3.7G       119M       5.7M        20M       3.3G

MemTotal:        4016004 kB
MemFree:          114364 kB
Active:           431332 kB
Mem:          3.8G       3.7G       111M       5.7M        20M       3.3G

MemTotal:        4016004 kB
MemFree:          112284 kB
Active:           429836 kB
Mem:          3.8G       3.7G       109M       5.7M        20M       3.3G

MemTotal:        4016004 kB
MemFree:          128388 kB
Active:           428192 kB
Mem:          3.8G       3.7G       125M       5.7M        20M       3.3G

MemTotal:        4016004 kB
MemFree:          129152 kB
Active:           426420 kB
Mem:          3.8G       3.7G       125M       5.7M        20M       3.3G

MemTotal:        4016004 kB
MemFree:          104824 kB
Active:           425948 kB
Mem:          3.8G       3.7G       108M       5.7M        20M       3.3G

MemTotal:        4016004 kB
MemFree:          124720 kB
Active:           424696 kB
Mem:          3.8G       3.7G       121M       5.7M        20M       3.3G

MemTotal:        4016004 kB
MemFree:          107204 kB
Active:           423824 kB
Mem:          3.8G       3.7G       104M       5.7M        20M       3.3G

MemTotal:        4016004 kB
MemFree:          135652 kB
Active:           421492 kB
Mem:          3.8G       3.7G       132M       5.7M        20M       3.2G

MemTotal:        4016004 kB
MemFree:          120656 kB
Active:           420544 kB
Mem:          3.8G       3.7G       117M       5.7M        20M       3.3G

MemTotal:        4016004 kB
MemFree:          113276 kB
Active:           417424 kB
Mem:          3.8G       3.7G       110M       5.7M        20M       3.3G

MemTotal:        4016004 kB
MemFree:          130272 kB
Active:           413600 kB
Mem:          3.8G       3.7G       127M       5.7M        20M       3.3G

MemTotal:        4016004 kB
MemFree:          122260 kB
Active:           412444 kB
Mem:          3.8G       3.7G       119M       5.7M        20M       3.3G

MemTotal:        4016004 kB
MemFree:          125744 kB
Active:           410540 kB
Mem:          3.8G       3.7G       122M       5.7M        20M       3.3G

MemTotal:        4016004 kB
MemFree:          112944 kB
Active:           410556 kB
Mem:          3.8G       3.7G       110M       5.7M        20M       3.3G

MemTotal:        4016004 kB
MemFree:          124184 kB
Active:           408964 kB
Mem:          3.8G       3.7G       121M       5.7M        20M       3.3G

MemTotal:        4016004 kB
MemFree:          115920 kB
Active:           407840 kB
Mem:          3.8G       3.7G       113M       5.7M        20M       3.3G

MemTotal:        4016004 kB
MemFree:          108248 kB
Active:           406712 kB
Mem:          3.8G       3.7G       105M       5.7M        20M       3.3G

MemTotal:        4016004 kB
MemFree:          140792 kB
Active:           405076 kB
Mem:          3.8G       3.7G       137M       5.7M        20M       3.2G

MemTotal:        4016004 kB
MemFree:          135424 kB
Active:           403816 kB
Mem:          3.8G       3.7G       132M       5.7M        20M       3.2G

MemTotal:        4016004 kB
MemFree:          127952 kB
Active:           402684 kB
Mem:          3.8G       3.7G       124M       5.7M        20M       3.3G

MemTotal:        4016004 kB
MemFree:          129096 kB
Active:           400912 kB
Mem:          3.8G       3.7G       126M       5.7M        21M       3.3G

MemTotal:        4016004 kB
MemFree:          133616 kB
Active:           401316 kB
Mem:          3.8G       3.7G       129M       5.7M        22M       3.2G

MemTotal:        4016004 kB
MemFree:          124008 kB
Active:           400288 kB
Mem:          3.8G       3.7G       121M       5.7M        22M       3.3G

MemTotal:        4016004 kB
MemFree:          126644 kB
Active:           398896 kB
Mem:          3.8G       3.7G       123M       5.7M        22M       3.3G

MemTotal:        4016004 kB
MemFree:          131332 kB
Active:           397196 kB
Mem:          3.8G       3.7G       128M       5.7M        23M       3.2G

MemTotal:        4016004 kB
MemFree:          134328 kB
Active:           395696 kB
Mem:          3.8G       3.7G       130M       5.7M        23M       3.2G

MemTotal:        4016004 kB
MemFree:          137516 kB
Active:           394384 kB
Mem:          3.8G       3.7G       134M       5.7M        23M       3.2G

MemTotal:        4016004 kB
MemFree:          127760 kB
Active:           391280 kB
Mem:          3.8G       3.7G       124M       5.7M        23M       3.2G

MemTotal:        4016004 kB
MemFree:          115220 kB
Active:           393724 kB
Mem:          3.8G       3.7G       112M       5.7M        26M       3.3G

MemTotal:        4016004 kB
MemFree:          123424 kB
Active:           391864 kB
Mem:          3.8G       3.7G       120M       5.7M        26M       3.3G

MemTotal:        4016004 kB
MemFree:          126788 kB
Active:           390076 kB
Mem:          3.8G       3.7G       123M       5.7M        26M       3.2G

MemTotal:        4016004 kB
MemFree:          124324 kB
Active:           389924 kB
Mem:          3.8G       3.7G       121M       5.7M        26M       3.3G

MemTotal:        4016004 kB
MemFree:          127472 kB
Active:           388932 kB
Mem:          3.8G       3.7G       123M       5.7M        26M       3.2G

MemTotal:        4016004 kB
MemFree:          112088 kB
Active:           387784 kB
Mem:          3.8G       3.7G       109M       5.7M        26M       3.3G

MemTotal:        4016004 kB
MemFree:          127112 kB
Active:           386124 kB
Mem:          3.8G       3.7G       123M       5.7M        26M       3.2G

MemTotal:        4016004 kB
MemFree:          127464 kB
Active:           384204 kB
Mem:          3.8G       3.7G       124M       5.7M        26M       3.2G

MemTotal:        4016004 kB
MemFree:          123860 kB
Active:           382668 kB
Mem:          3.8G       3.7G       120M       5.7M        26M       3.3G

MemTotal:        4016004 kB
MemFree:          129700 kB
Active:           380884 kB
Mem:          3.8G       3.7G       126M       5.7M        26M       3.2G

MemTotal:        4016004 kB
MemFree:          122172 kB
Active:           379864 kB
Mem:          3.8G       3.7G       118M       5.7M        26M       3.3G

MemTotal:        4016004 kB
MemFree:          129224 kB
Active:           378840 kB
Mem:          3.8G       3.7G       126M       5.7M        26M       3.2G

MemTotal:        4016004 kB
MemFree:          122056 kB
Active:           377704 kB
Mem:          3.8G       3.7G       118M       5.7M        26M       3.3G

MemTotal:        4016004 kB
MemFree:          112140 kB
Active:           377324 kB
Mem:          3.8G       3.7G       109M       5.7M        26M       3.3G

MemTotal:        4016004 kB
MemFree:          127608 kB
Active:           377328 kB
Mem:          3.8G       3.7G       124M       5.7M        26M       3.2G

MemTotal:        4016004 kB
MemFree:          107636 kB
Active:           377328 kB
Mem:          3.8G       3.7G       105M       5.7M        26M       3.3G

MemTotal:        4016004 kB
MemFree:          123672 kB
Active:           377332 kB
Mem:          3.8G       3.7G       120M       5.7M        26M       3.3G

MemTotal:        4016004 kB
MemFree:          107712 kB
Active:           377336 kB
Mem:          3.8G       3.7G       104M       5.7M        26M       3.3G

MemTotal:        4016004 kB
MemFree:          123704 kB
Active:           377312 kB
Mem:          3.8G       3.7G       120M       5.7M        26M       3.3G

MemTotal:        4016004 kB
MemFree:          118144 kB
Active:           377200 kB
Mem:          3.8G       3.7G       115M       5.7M        26M       3.3G

MemTotal:        4016004 kB
MemFree:          108844 kB
Active:           377196 kB
Mem:          3.8G       3.7G       105M       5.7M        26M       3.3G

MemTotal:        4016004 kB
MemFree:          129944 kB
Active:           377196 kB
Mem:          3.8G       3.7G       126M       5.7M        26M       3.2G

MemTotal:        4016004 kB
MemFree:          132968 kB
Active:           377200 kB
Mem:          3.8G       3.7G       129M       5.7M        26M       3.2G

MemTotal:        4016004 kB
MemFree:          133724 kB
Active:           377188 kB
Mem:          3.8G       3.7G       130M       5.7M        26M       3.2G

MemTotal:        4016004 kB
MemFree:          133604 kB
Active:           377180 kB
Mem:          3.8G       3.7G       130M       5.7M        26M       3.2G

MemTotal:        4016004 kB
MemFree:          140192 kB
Active:           377184 kB
Mem:          3.8G       3.7G       136M       5.7M        26M       3.2G

MemTotal:        4016004 kB
MemFree:          130748 kB
Active:           377208 kB
Mem:          3.8G       3.7G       127M       5.7M        26M       3.2G

MemTotal:        4016004 kB
MemFree:          121448 kB
Active:           377212 kB
Mem:          3.8G       3.7G       118M       5.7M        26M       3.3G

MemTotal:        4016004 kB
MemFree:          125364 kB
Active:           377224 kB
Mem:          3.8G       3.7G       122M       5.7M        26M       3.2G

MemTotal:        4016004 kB
MemFree:          127656 kB
Active:           377108 kB
Mem:          3.8G       3.7G       123M       5.7M        26M       3.2G

MemTotal:        4016004 kB
MemFree:          111540 kB
Active:           377080 kB
Mem:          3.8G       3.7G       108M       5.7M        26M       3.3G

MemTotal:        4016004 kB
MemFree:          125976 kB
Active:           377128 kB
Mem:          3.8G       3.7G       122M       5.7M        26M       3.2G

MemTotal:        4016004 kB
MemFree:          146852 kB
Active:           377128 kB
Mem:          3.8G       3.7G       142M       5.7M        26M       3.2G

MemTotal:        4016004 kB
MemFree:          125268 kB
Active:           377116 kB
Mem:          3.8G       3.7G       122M       5.7M        26M       3.2G

MemTotal:        4016004 kB
MemFree:          121516 kB
Active:           377152 kB
Mem:          3.8G       3.7G       118M       5.7M        26M       3.3G

MemTotal:        4016004 kB
MemFree:          105092 kB
Active:           377144 kB
Mem:          3.8G       3.7G       102M       5.7M        26M       3.3G

MemTotal:        4016004 kB
MemFree:          127016 kB
Active:           377156 kB
Mem:          3.8G       3.7G       124M       5.7M        26M       3.2G

MemTotal:        4016004 kB
MemFree:          121948 kB
Active:           377132 kB
Mem:          3.8G       3.7G       119M       5.7M        26M       3.3G

MemTotal:        4016004 kB
MemFree:          127884 kB
Active:           377128 kB
Mem:          3.8G       3.7G       124M       5.7M        26M       3.2G

MemTotal:        4016004 kB
MemFree:          126700 kB
Active:           377196 kB
Mem:          3.8G       3.7G       123M       5.7M        26M       3.2G

MemTotal:        4016004 kB
MemFree:          122768 kB
Active:           377236 kB
Mem:          3.8G       3.7G       119M       5.7M        26M       3.3G

MemTotal:        4016004 kB
MemFree:          107792 kB
Active:           377236 kB
Mem:          3.8G       3.7G       105M       5.7M        26M       3.3G

MemTotal:        4016004 kB
MemFree:          134232 kB
Active:           377240 kB
Mem:          3.8G       3.7G       131M       5.7M        26M       3.2G

MemTotal:        4016004 kB
MemFree:          119008 kB
Active:           377232 kB
Mem:          3.8G       3.7G       116M       5.7M        26M       3.3G

MemTotal:        4016004 kB
MemFree:          108944 kB
Active:           377236 kB
Mem:          3.8G       3.7G       106M       5.7M        26M       3.3G

MemTotal:        4016004 kB
MemFree:          124444 kB
Active:           377236 kB
Mem:          3.8G       3.7G       121M       5.7M        26M       3.2G

MemTotal:        4016004 kB
MemFree:          117348 kB
Active:           377240 kB
Mem:          3.8G       3.7G       114M       5.7M        26M       3.3G

MemTotal:        4016004 kB
MemFree:          123700 kB
Active:           377256 kB
Mem:          3.8G       3.7G       120M       5.7M        26M       3.2G

MemTotal:        4016004 kB
MemFree:          107364 kB
Active:           377256 kB
Mem:          3.8G       3.7G       104M       5.7M        26M       3.3G

MemTotal:        4016004 kB
MemFree:          129600 kB
Active:           377220 kB
Mem:          3.8G       3.7G       126M       5.7M        26M       3.2G

MemTotal:        4016004 kB
MemFree:          119876 kB
Active:           377232 kB
Mem:          3.8G       3.7G       116M       5.7M        26M       3.3G

MemTotal:        4016004 kB
MemFree:          109984 kB
Active:           377228 kB
Mem:          3.8G       3.7G       107M       5.7M        26M       3.3G

MemTotal:        4016004 kB
MemFree:          122136 kB
Active:           373436 kB
Mem:          3.8G       3.7G       118M       5.7M        26M       3.3G

MemTotal:        4016004 kB
MemFree:          111980 kB
Active:           373436 kB
Mem:          3.8G       3.7G       109M       5.7M        26M       3.3G

MemTotal:        4016004 kB
MemFree:          117744 kB
Active:           373444 kB
Mem:          3.8G       3.7G       114M       5.7M        26M       3.3G

MemTotal:        4016004 kB
MemFree:          108564 kB
Active:           373432 kB
Mem:          3.8G       3.7G       105M       5.7M        26M       3.3G

MemTotal:        4016004 kB
MemFree:          135016 kB
Active:           373380 kB
Mem:          3.8G       3.7G       131M       5.7M        26M       3.2G

MemTotal:        4016004 kB
MemFree:          119592 kB
Active:           373436 kB
Mem:          3.8G       3.7G       116M       5.7M        26M       3.3G

MemTotal:        4016004 kB
MemFree:          123516 kB
Active:           373448 kB
Mem:          3.8G       3.7G       119M       5.7M        26M       3.2G

MemTotal:        4016004 kB
MemFree:          113688 kB
Active:           373448 kB
Mem:          3.8G       3.7G       111M       5.7M        26M       3.3G

MemTotal:        4016004 kB
MemFree:          122968 kB
Active:           370236 kB
Mem:          3.8G       3.7G       128M       5.7M        26M       3.2G

MemTotal:        4016004 kB
MemFree:          123616 kB
Active:           370168 kB
Mem:          3.8G       3.7G       120M       5.7M        26M       3.2G

MemTotal:        4016004 kB
MemFree:          132236 kB
Active:           370168 kB
Mem:          3.8G       3.7G       129M       5.7M        26M       3.2G

MemTotal:        4016004 kB
MemFree:          128124 kB
Active:           370172 kB
Mem:          3.8G       3.7G       124M       5.7M        26M       3.2G

MemTotal:        4016004 kB
MemFree:          113152 kB
Active:           370172 kB
Mem:          3.8G       3.7G       110M       5.7M        26M       3.3G

MemTotal:        4016004 kB
MemFree:          127980 kB
Active:           370180 kB
Mem:          3.8G       3.7G       125M       5.7M        26M       3.2G

MemTotal:        4016004 kB
MemFree:          118972 kB
Active:           370192 kB
Mem:          3.8G       3.7G       115M       5.7M        26M       3.3G

MemTotal:        4016004 kB
MemFree:          109024 kB
Active:           370192 kB
Mem:          3.8G       3.7G       106M       5.7M        26M       3.3G

MemTotal:        4016004 kB
MemFree:          127472 kB
Active:           370192 kB
Mem:          3.8G       3.7G       124M       5.7M        26M       3.2G

MemTotal:        4016004 kB
MemFree:          119888 kB
Active:           368504 kB
Mem:          3.8G       3.7G       117M       5.7M        26M       3.3G

MemTotal:        4016004 kB
MemFree:          111036 kB
Active:           368384 kB
Mem:          3.8G       3.7G       108M       5.7M        26M       3.3G

MemTotal:        4016004 kB
MemFree:          112992 kB
Active:           368344 kB
Mem:          3.8G       3.7G       110M       5.7M        26M       3.3G

MemTotal:        4016004 kB
MemFree:          115520 kB
Active:           368372 kB
Mem:          3.8G       3.7G       112M       5.7M        26M       3.3G

MemTotal:        4016004 kB
MemFree:          122672 kB
Active:           368388 kB
Mem:          3.8G       3.7G       119M       5.7M        26M       3.2G

MemTotal:        4016004 kB
MemFree:          113840 kB
Active:           368396 kB
Mem:          3.8G       3.7G       111M       5.7M        26M       3.3G

MemTotal:        4016004 kB
MemFree:          128136 kB
Active:           368400 kB
Mem:          3.8G       3.7G       124M       5.7M        26M       3.2G

MemTotal:        4016004 kB
MemFree:          106192 kB
Active:           368404 kB
Mem:          3.8G       3.7G       103M       5.7M        26M       3.3G

MemTotal:        4016004 kB
MemFree:          125676 kB
Active:           368412 kB
Mem:          3.8G       3.7G       122M       5.7M        26M       3.2G

MemTotal:        4016004 kB
MemFree:          124488 kB
Active:           367292 kB
Mem:          3.8G       3.7G       121M       5.7M        26M       3.2G

MemTotal:        4016004 kB
MemFree:          121260 kB
Active:           367168 kB
Mem:          3.8G       3.7G       117M       5.7M        26M       3.3G

MemTotal:        4016004 kB
MemFree:          109848 kB
Active:           367192 kB
Mem:          3.8G       3.7G       106M       5.7M        26M       3.3G

MemTotal:        4016004 kB
MemFree:          125328 kB
Active:           367184 kB
Mem:          3.8G       3.7G       121M       5.7M        26M       3.2G

MemTotal:        4016004 kB
MemFree:          126448 kB
Active:           367208 kB
Mem:          3.8G       3.7G       123M       5.7M        26M       3.2G

MemTotal:        4016004 kB
MemFree:          109332 kB
Active:           367208 kB
Mem:          3.8G       3.7G       106M       5.7M        26M       3.3G

MemTotal:        4016004 kB
MemFree:          124900 kB
Active:           367216 kB
Mem:          3.8G       3.7G       122M       5.7M        26M       3.2G

MemTotal:        4016004 kB
MemFree:          127388 kB
Active:           367072 kB
Mem:          3.8G       3.7G       124M       5.7M        26M       3.2G

MemTotal:        4016004 kB
MemFree:          133288 kB
Active:           367088 kB
Mem:          3.8G       3.7G       130M       5.7M        26M       3.2G

MemTotal:        4016004 kB
MemFree:          129516 kB
Active:           367048 kB
Mem:          3.8G       3.7G       125M       5.7M        26M       3.2G

MemTotal:        4016004 kB
MemFree:          113816 kB
Active:           367088 kB
Mem:          3.8G       3.7G       110M       5.7M        26M       3.3G

MemTotal:        4016004 kB
MemFree:          113312 kB
Active:           357908 kB
Mem:          3.8G       3.7G       110M       5.7M        26M       3.3G

MemTotal:        4016004 kB
MemFree:          131152 kB
Active:           357868 kB
Mem:          3.8G       3.7G       127M       5.7M        26M       3.2G

MemTotal:        4016004 kB
MemFree:          135224 kB
Active:           357924 kB
Mem:          3.8G       3.7G       131M       5.7M        26M       3.2G

MemTotal:        4016004 kB
MemFree:          125428 kB
Active:           357932 kB
Mem:          3.8G       3.7G       122M       5.7M        26M       3.2G

MemTotal:        4016004 kB
MemFree:          116364 kB
Active:           357932 kB
Mem:          3.8G       3.7G       113M       5.7M        26M       3.3G

MemTotal:        4016004 kB
MemFree:          107080 kB
Active:           357932 kB
Mem:          3.8G       3.7G       104M       5.7M        26M       3.3G

MemTotal:        4016004 kB
MemFree:          114796 kB
Active:           357936 kB
Mem:          3.8G       3.7G       112M       5.7M        26M       3.3G

MemTotal:        4016004 kB
MemFree:          105524 kB
Active:           357936 kB
Mem:          3.8G       3.7G       103M       5.7M        26M       3.3G

MemTotal:        4016004 kB
MemFree:          126548 kB
Active:           357928 kB
Mem:          3.8G       3.7G       123M       5.7M        26M       3.2G

MemTotal:        4016004 kB
MemFree:          133496 kB
Active:           357944 kB
Mem:          3.8G       3.7G       130M       5.7M        26M       3.2G

MemTotal:        4016004 kB
MemFree:          135344 kB
Active:           357908 kB
Mem:          3.8G       3.7G       131M       5.7M        26M       3.2G

MemTotal:        4016004 kB
MemFree:          143188 kB
Active:           357912 kB
Mem:          3.8G       3.7G       139M       5.7M        26M       3.2G

MemTotal:        4016004 kB
MemFree:          124720 kB
Active:           357948 kB
Mem:          3.8G       3.7G       121M       5.7M        26M       3.2G

MemTotal:        4016004 kB
MemFree:          124828 kB
Active:           356944 kB
Mem:          3.8G       3.7G       121M       5.7M        26M       3.2G

MemTotal:        4016004 kB
MemFree:          128640 kB
Active:           356792 kB
Mem:          3.8G       3.7G       124M       5.7M        26M       3.2G

MemTotal:        4016004 kB
MemFree:          136820 kB
Active:           356816 kB
Mem:          3.8G       3.7G       134M       5.7M        26M       3.2G

MemTotal:        4016004 kB
MemFree:          127932 kB
Active:           356812 kB
Mem:          3.8G       3.7G       125M       5.7M        26M       3.2G

MemTotal:        4016004 kB
MemFree:          118800 kB
Active:           356776 kB
Mem:          3.8G       3.7G       116M       5.7M        26M       3.2G

MemTotal:        4016004 kB
MemFree:          126624 kB
Active:           356800 kB
Mem:          3.8G       3.7G       123M       5.7M        26M       3.2G

MemTotal:        4016004 kB
MemFree:          119196 kB
Active:           356812 kB
Mem:          3.8G       3.7G       116M       5.7M        26M       3.2G

MemTotal:        4016004 kB
MemFree:          108236 kB
Active:           356812 kB
Mem:          3.8G       3.7G       105M       5.7M        26M       3.3G

MemTotal:        4016004 kB
MemFree:          112916 kB
Active:           356852 kB
Mem:          3.8G       3.7G       110M       5.7M        26M       3.3G

MemTotal:        4016004 kB
MemFree:          127348 kB
Active:           356856 kB
Mem:          3.8G       3.7G       124M       5.7M        26M       3.2G

MemTotal:        4016004 kB
MemFree:          113848 kB
Active:           356848 kB
Mem:          3.8G       3.7G       111M       5.7M        26M       3.3G

MemTotal:        4016004 kB
MemFree:          109900 kB
Active:           356816 kB
Mem:          3.8G       3.7G       107M       5.7M        26M       3.3G

MemTotal:        4016004 kB
MemFree:          125448 kB
Active:           356820 kB
Mem:          3.8G       3.7G       122M       5.7M        26M       3.2G

MemTotal:        4016004 kB
MemFree:          148776 kB
Active:           354568 kB
Mem:          3.8G       3.7G       144M       5.7M        26M       3.2G

MemTotal:        4016004 kB
MemFree:          127588 kB
Active:           354576 kB
Mem:          3.8G       3.7G       124M       5.7M        26M       3.2G

MemTotal:        4016004 kB
MemFree:          129228 kB
Active:           354580 kB
Mem:          3.8G       3.7G       126M       5.7M        26M       3.2G

MemTotal:        4016004 kB
MemFree:          125692 kB
Active:           354584 kB
Mem:          3.8G       3.7G       126M       5.7M        26M       3.2G

MemTotal:        4016004 kB
MemFree:          127656 kB
Active:           354552 kB
Mem:          3.8G       3.7G       124M       5.7M        26M       3.2G

MemTotal:        4016004 kB
MemFree:          118252 kB
Active:           354592 kB
Mem:          3.8G       3.7G       115M       5.7M        26M       3.2G

MemTotal:        4016004 kB
MemFree:          119536 kB
Active:           354592 kB
Mem:          3.8G       3.7G       116M       5.7M        26M       3.2G

MemTotal:        4016004 kB
MemFree:          137920 kB
Active:           354604 kB
Mem:          3.8G       3.7G       134M       5.7M        26M       3.2G

MemTotal:        4016004 kB
MemFree:          121104 kB
Active:           354584 kB
Mem:          3.8G       3.7G       118M       5.7M        26M       3.2G

MemTotal:        4016004 kB
MemFree:          130520 kB
Active:           354624 kB
Mem:          3.8G       3.7G       127M       5.7M        26M       3.2G

MemTotal:        4016004 kB
MemFree:          121796 kB
Active:           354624 kB
Mem:          3.8G       3.7G       118M       5.7M        26M       3.2G

MemTotal:        4016004 kB
MemFree:          106360 kB
Active:           354624 kB
Mem:          3.8G       3.7G       103M       5.7M        26M       3.3G

MemTotal:        4016004 kB
MemFree:          128568 kB
Active:           354596 kB
Mem:          3.8G       3.7G       124M       5.7M        26M       3.2G

MemTotal:        4016004 kB
MemFree:          113116 kB
Active:           354632 kB
Mem:          3.8G       3.7G       110M       5.7M        26M       3.3G

MemTotal:        4016004 kB
MemFree:          136680 kB
Active:           351912 kB
Mem:          3.8G       3.7G       133M       5.7M        26M       3.2G

MemTotal:        4016004 kB
MemFree:          127800 kB
Active:           351824 kB
Mem:          3.8G       3.7G       124M       5.7M        26M       3.2G

MemTotal:        4016004 kB
MemFree:          137412 kB
Active:           351840 kB
Mem:          3.8G       3.7G       133M       5.7M        26M       3.2G

MemTotal:        4016004 kB
MemFree:          127640 kB
Active:           351848 kB
Mem:          3.8G       3.7G       124M       5.7M        26M       3.2G

MemTotal:        4016004 kB
MemFree:          112064 kB
Active:           351848 kB
Mem:          3.8G       3.7G       108M       5.7M        26M       3.3G

MemTotal:        4016004 kB
MemFree:          134980 kB
Active:           351860 kB
Mem:          3.8G       3.7G       131M       5.7M        26M       3.2G

MemTotal:        4016004 kB
MemFree:          125272 kB
Active:           351828 kB
Mem:          3.8G       3.7G       126M       5.7M        26M       3.2G

MemTotal:        4016004 kB
MemFree:          128680 kB
Active:           351864 kB
Mem:          3.8G       3.7G       125M       5.7M        26M       3.2G

MemTotal:        4016004 kB
MemFree:          113388 kB
Active:           351868 kB
Mem:          3.8G       3.7G       110M       5.7M        26M       3.3G

MemTotal:        4016004 kB
MemFree:          128612 kB
Active:           351852 kB
Mem:          3.8G       3.7G       125M       5.7M        26M       3.2G

MemTotal:        4016004 kB
MemFree:          118752 kB
Active:           351884 kB
Mem:          3.8G       3.7G       115M       5.7M        26M       3.2G

MemTotal:        4016004 kB
MemFree:          124352 kB
Active:           351884 kB
Mem:          3.8G       3.7G       121M       5.7M        26M       3.2G

MemTotal:        4016004 kB
MemFree:          127968 kB
Active:           351884 kB
Mem:          3.8G       3.7G       124M       5.7M        26M       3.2G

MemTotal:        4016004 kB
MemFree:          132068 kB
Active:           351884 kB
Mem:          3.8G       3.7G       128M       5.7M        26M       3.2G

MemTotal:        4016004 kB
MemFree:          122572 kB
Active:           351868 kB
Mem:          3.8G       3.7G       119M       5.7M        26M       3.2G

MemTotal:        4016004 kB
MemFree:          126572 kB
Active:           351892 kB
Mem:          3.8G       3.7G       123M       5.7M        26M       3.2G

MemTotal:        4016004 kB
MemFree:          117388 kB
Active:           351896 kB
Mem:          3.8G       3.7G       114M       5.7M        26M       3.2G

MemTotal:        4016004 kB
MemFree:          114588 kB
Active:           351884 kB
Mem:          3.8G       3.7G       111M       5.7M        26M       3.2G

MemTotal:        4016004 kB
MemFree:          105844 kB
Active:           351888 kB
Mem:          3.8G       3.7G       103M       5.7M        26M       3.3G

MemTotal:        4016004 kB
MemFree:          109864 kB
Active:           350196 kB
Mem:          3.8G       3.7G       107M       5.7M        26M       3.3G

MemTotal:        4016004 kB
MemFree:          125628 kB
Active:           350192 kB
Mem:          3.8G       3.7G       122M       5.7M        26M       3.2G

MemTotal:        4016004 kB
MemFree:          111760 kB
Active:           350004 kB
Mem:          3.8G       3.7G       109M       5.7M        26M       3.3G

MemTotal:        4016004 kB
MemFree:          111544 kB
Active:           349912 kB
Mem:          3.8G       3.7G       108M       5.7M        26M       3.3G

MemTotal:        4016004 kB
MemFree:          111048 kB
Active:           349912 kB
Mem:          3.8G       3.7G       108M       5.7M        26M       3.3G

MemTotal:        4016004 kB
MemFree:          111544 kB
Active:           349896 kB
Mem:          3.8G       3.7G       108M       5.7M        26M       3.3G

MemTotal:        4016004 kB
MemFree:          111668 kB
Active:           349860 kB
Mem:          3.8G       3.7G       108M       5.7M        26M       3.3G

MemTotal:        4016004 kB
MemFree:          111668 kB
Active:           349916 kB
Mem:          3.8G       3.7G       108M       5.7M        26M       3.3G

MemTotal:        4016004 kB
MemFree:          111296 kB
Active:           349904 kB
Mem:          3.8G       3.7G       108M       5.7M        26M       3.3G

MemTotal:        4016004 kB
MemFree:          111420 kB
Active:           349900 kB
Mem:          3.8G       3.7G       108M       5.7M        26M       3.3G

MemTotal:        4016004 kB
MemFree:          111544 kB
Active:           349892 kB
Mem:          3.8G       3.7G       108M       5.7M        26M       3.3G

MemTotal:        4016004 kB
MemFree:          111296 kB
Active:           349884 kB
Mem:          3.8G       3.7G       108M       5.7M        26M       3.3G

MemTotal:        4016004 kB
MemFree:          111420 kB
Active:           349884 kB
Mem:          3.8G       3.7G       108M       5.7M        26M       3.3G

MemTotal:        4016004 kB
MemFree:          111420 kB
Active:           349916 kB
Mem:          3.8G       3.7G       108M       5.7M        26M       3.3G

MemTotal:        4016004 kB
MemFree:          111792 kB
Active:           349884 kB
Mem:          3.8G       3.7G       109M       5.7M        26M       3.3G

MemTotal:        4016004 kB
MemFree:          111420 kB
Active:           349924 kB
Mem:          3.8G       3.7G       108M       5.7M        26M       3.3G

MemTotal:        4016004 kB
MemFree:          111420 kB
Active:           349880 kB
Mem:          3.8G       3.7G       108M       5.7M        26M       3.3G

MemTotal:        4016004 kB
MemFree:          111792 kB
Active:           349932 kB
Mem:          3.8G       3.7G       109M       5.7M        26M       3.3G

MemTotal:        4016004 kB
MemFree:          111792 kB
Active:           349928 kB
Mem:          3.8G       3.7G       109M       5.7M        26M       3.3G

MemTotal:        4016004 kB
MemFree:          111296 kB
Active:           349892 kB
Mem:          3.8G       3.7G       108M       5.7M        26M       3.3G

MemTotal:        4016004 kB
MemFree:          110800 kB
Active:           349940 kB
Mem:          3.8G       3.7G       108M       5.7M        26M       3.3G

MemTotal:        4016004 kB
MemFree:          111296 kB
Active:           349884 kB
Mem:          3.8G       3.7G       108M       5.7M        26M       3.3G

MemTotal:        4016004 kB
MemFree:          111436 kB
Active:           349924 kB
Mem:          3.8G       3.7G       108M       5.7M        26M       3.3G

MemTotal:        4016004 kB
MemFree:          111560 kB
Active:           349940 kB
Mem:          3.8G       3.7G       108M       5.7M        26M       3.3G

MemTotal:        4016004 kB
MemFree:          111188 kB
Active:           349904 kB
Mem:          3.8G       3.7G       108M       5.7M        26M       3.3G

MemTotal:        4016004 kB
MemFree:          111312 kB
Active:           349952 kB
Mem:          3.8G       3.7G       108M       5.7M        26M       3.3G

MemTotal:        4016004 kB
MemFree:          111312 kB
Active:           349948 kB
Mem:          3.8G       3.7G       108M       5.7M        26M       3.3G

MemTotal:        4016004 kB
MemFree:          111188 kB
Active:           349940 kB
Mem:          3.8G       3.7G       108M       5.7M        26M       3.3G

MemTotal:        4016004 kB
MemFree:          110904 kB
Active:           349920 kB
Mem:          3.8G       3.7G       108M       5.7M        26M       3.3G

MemTotal:        4016004 kB
MemFree:          111028 kB
Active:           349936 kB
Mem:          3.8G       3.7G       108M       5.7M        26M       3.3G

MemTotal:        4016004 kB
MemFree:          111092 kB
Active:           349944 kB
Mem:          3.8G       3.7G       108M       5.7M        26M       3.3G

MemTotal:        4016004 kB
MemFree:          111248 kB
Active:           349924 kB
Mem:          3.8G       3.7G       108M       5.7M        26M       3.3G

MemTotal:        4016004 kB
MemFree:          111280 kB
Active:           349920 kB
Mem:          3.8G       3.7G       108M       5.7M        26M       3.3G

MemTotal:        4016004 kB
MemFree:          110876 kB
Active:           349968 kB
Mem:          3.8G       3.7G       108M       5.7M        26M       3.3G

MemTotal:        4016004 kB
MemFree:          111156 kB
Active:           349960 kB
Mem:          3.8G       3.7G       108M       5.7M        26M       3.3G

MemTotal:        4016004 kB
MemFree:          110908 kB
Active:           349964 kB
Mem:          3.8G       3.7G       108M       5.7M        26M       3.3G

MemTotal:        4016004 kB
MemFree:          110784 kB
Active:           349920 kB
Mem:          3.8G       3.7G       108M       5.7M        26M       3.3G

MemTotal:        4016004 kB
MemFree:          110908 kB
Active:           349920 kB
Mem:          3.8G       3.7G       108M       5.7M        26M       3.3G

MemTotal:        4016004 kB
MemFree:          110784 kB
Active:           349952 kB
Mem:          3.8G       3.7G       107M       5.7M        26M       3.3G

MemTotal:        4016004 kB
MemFree:          110660 kB
Active:           349936 kB
Mem:          3.8G       3.7G       108M       5.7M        26M       3.3G

MemTotal:        4016004 kB
MemFree:          110784 kB
Active:           349976 kB
Mem:          3.8G       3.7G       108M       5.7M        26M       3.3G

MemTotal:        4016004 kB
MemFree:          110784 kB
Active:           349960 kB
Mem:          3.8G       3.7G       108M       5.7M        26M       3.3G

MemTotal:        4016004 kB
MemFree:          110660 kB
Active:           349948 kB
Mem:          3.8G       3.7G       108M       5.7M        26M       3.3G

MemTotal:        4016004 kB
MemFree:          110784 kB
Active:           349980 kB
