MemTotal:        4016004 kB
MemFree:         3251472 kB
Active:           409744 kB
Mem:          3.8G       749M       3.1G       5.7M        54M       316M

MemTotal:        4016004 kB
MemFree:         3248456 kB
Active:           412200 kB
Mem:          3.8G       749M       3.1G       5.7M        54M       317M

MemTotal:        4016004 kB
MemFree:         3248332 kB
Active:           412276 kB
Mem:          3.8G       749M       3.1G       5.7M        54M       317M

MemTotal:        4016004 kB
MemFree:         3248316 kB
Active:           412292 kB
Mem:          3.8G       749M       3.1G       5.7M        54M       317M

MemTotal:        4016004 kB
MemFree:         3247696 kB
Active:           412324 kB
Mem:          3.8G       750M       3.1G       5.7M        54M       317M

MemTotal:        4016004 kB
MemFree:         3247928 kB
Active:           412280 kB
Mem:          3.8G       750M       3.1G       5.7M        54M       317M

MemTotal:        4016004 kB
MemFree:         3248036 kB
Active:           412288 kB
Mem:          3.8G       750M       3.1G       5.7M        54M       317M

MemTotal:        4016004 kB
MemFree:         3248268 kB
Active:           412308 kB
Mem:          3.8G       750M       3.1G       5.7M        54M       317M

MemTotal:        4016004 kB
MemFree:         3247756 kB
Active:           412344 kB
Mem:          3.8G       750M       3.1G       5.7M        54M       317M

MemTotal:        4016004 kB
MemFree:         3247508 kB
Active:           412292 kB
Mem:          3.8G       750M       3.1G       5.7M        54M       317M

MemTotal:        4016004 kB
MemFree:         3247508 kB
Active:           412296 kB
Mem:          3.8G       750M       3.1G       5.7M        54M       317M

MemTotal:        4016004 kB
MemFree:         3247136 kB
Active:           412348 kB
Mem:          3.8G       750M       3.1G       5.7M        54M       317M

MemTotal:        4016004 kB
MemFree:         3247368 kB
Active:           412312 kB
Mem:          3.8G       750M       3.1G       5.7M        54M       317M

MemTotal:        4016004 kB
MemFree:         3247104 kB
Active:           412312 kB
Mem:          3.8G       750M       3.1G       5.7M        54M       317M

MemTotal:        4016004 kB
MemFree:         3247352 kB
Active:           412304 kB
Mem:          3.8G       750M       3.1G       5.7M        54M       317M

MemTotal:        4016004 kB
MemFree:         3246964 kB
Active:           412352 kB
Mem:          3.8G       750M       3.1G       5.7M        54M       317M

MemTotal:        4016004 kB
MemFree:         3248936 kB
Active:           408348 kB
Mem:          3.8G       748M       3.1G       5.7M        54M       317M

MemTotal:        4016004 kB
MemFree:         3249660 kB
Active:           408236 kB
Mem:          3.8G       748M       3.1G       5.7M        54M       317M

MemTotal:        4016004 kB
MemFree:         3249660 kB
Active:           408240 kB
Mem:          3.8G       748M       3.1G       5.7M        54M       317M

MemTotal:        4016004 kB
MemFree:         3249164 kB
Active:           410340 kB
Mem:          3.8G       748M       3.1G       5.7M        54M       317M

MemTotal:        4016004 kB
MemFree:         3249644 kB
Active:           410316 kB
Mem:          3.8G       748M       3.1G       5.7M        54M       317M

MemTotal:        4016004 kB
MemFree:         3249272 kB
Active:           410348 kB
Mem:          3.8G       748M       3.1G       5.7M        54M       317M

MemTotal:        4016004 kB
MemFree:         3249520 kB
Active:           410332 kB
Mem:          3.8G       748M       3.1G       5.7M        54M       317M

MemTotal:        4016004 kB
MemFree:         3249892 kB
Active:           410308 kB
Mem:          3.8G       748M       3.1G       5.7M        54M       317M

MemTotal:        4016004 kB
MemFree:         3249892 kB
Active:           410304 kB
Mem:          3.8G       748M       3.1G       5.7M        54M       317M

MemTotal:        4016004 kB
MemFree:         3249876 kB
Active:           410304 kB
Mem:          3.8G       748M       3.1G       5.7M        54M       317M

MemTotal:        4016004 kB
MemFree:         3249432 kB
Active:           408392 kB
Mem:          3.8G       748M       3.1G       5.7M        54M       317M

MemTotal:        4016004 kB
MemFree:         3249936 kB
Active:           410344 kB
Mem:          3.8G       748M       3.1G       5.7M        54M       317M

MemTotal:        4016004 kB
MemFree:         3249876 kB
Active:           410340 kB
Mem:          3.8G       748M       3.1G       5.7M        54M       317M

MemTotal:        4016004 kB
MemFree:         3249876 kB
Active:           410344 kB
Mem:          3.8G       748M       3.1G       5.7M        54M       317M

MemTotal:        4016004 kB
MemFree:         3249752 kB
Active:           410348 kB
Mem:          3.8G       748M       3.1G       5.7M        54M       317M

MemTotal:        4016004 kB
MemFree:         3249876 kB
Active:           410340 kB
Mem:          3.8G       748M       3.1G       5.7M        54M       317M

MemTotal:        4016004 kB
MemFree:         3250000 kB
Active:           410364 kB
Mem:          3.8G       747M       3.1G       5.7M        54M       317M

MemTotal:        4016004 kB
MemFree:         3249876 kB
Active:           410364 kB
Mem:          3.8G       748M       3.1G       5.7M        54M       317M

MemTotal:        4016004 kB
MemFree:         3250248 kB
Active:           410324 kB
Mem:          3.8G       747M       3.1G       5.7M        54M       317M

MemTotal:        4016004 kB
MemFree:         3250232 kB
Active:           410348 kB
Mem:          3.8G       748M       3.1G       5.7M        54M       317M

MemTotal:        4016004 kB
MemFree:         3249984 kB
Active:           410324 kB
Mem:          3.8G       748M       3.1G       5.7M        54M       317M

MemTotal:        4016004 kB
MemFree:         3249984 kB
Active:           410328 kB
Mem:          3.8G       748M       3.1G       5.7M        54M       317M

MemTotal:        4016004 kB
MemFree:         3250048 kB
Active:           410340 kB
Mem:          3.8G       748M       3.1G       5.7M        54M       317M

MemTotal:        4016004 kB
MemFree:         3250048 kB
Active:           410344 kB
Mem:          3.8G       748M       3.1G       5.7M        54M       317M

MemTotal:        4016004 kB
MemFree:         3250048 kB
Active:           410360 kB
Mem:          3.8G       748M       3.1G       5.7M        54M       317M

MemTotal:        4016004 kB
MemFree:         3250172 kB
Active:           410356 kB
Mem:          3.8G       747M       3.1G       5.7M        54M       317M

MemTotal:        4016004 kB
MemFree:         3250048 kB
Active:           410368 kB
Mem:          3.8G       748M       3.1G       5.7M        54M       317M

MemTotal:        4016004 kB
MemFree:         3250048 kB
Active:           410356 kB
Mem:          3.8G       747M       3.1G       5.7M        54M       317M

MemTotal:        4016004 kB
MemFree:         3250156 kB
Active:           410344 kB
Mem:          3.8G       747M       3.1G       5.7M        54M       317M

MemTotal:        4016004 kB
MemFree:         3250296 kB
Active:           410332 kB
Mem:          3.8G       747M       3.1G       5.7M        54M       317M

MemTotal:        4016004 kB
MemFree:         3250048 kB
Active:           410352 kB
Mem:          3.8G       747M       3.1G       5.7M        54M       317M

MemTotal:        4016004 kB
MemFree:         3250296 kB
Active:           410360 kB
Mem:          3.8G       747M       3.1G       5.7M        54M       317M

MemTotal:        4016004 kB
MemFree:         3250172 kB
Active:           410344 kB
Mem:          3.8G       748M       3.1G       5.7M        54M       317M

MemTotal:        4016004 kB
MemFree:         3250048 kB
Active:           410348 kB
Mem:          3.8G       748M       3.1G       5.7M        54M       317M

MemTotal:        4016004 kB
MemFree:         3250048 kB
Active:           410348 kB
Mem:          3.8G       747M       3.1G       5.7M        54M       317M

MemTotal:        4016004 kB
MemFree:         3250032 kB
Active:           410364 kB
Mem:          3.8G       747M       3.1G       5.7M        54M       317M

MemTotal:        4016004 kB
MemFree:         3249908 kB
Active:           410404 kB
Mem:          3.8G       748M       3.1G       5.7M        54M       317M

MemTotal:        4016004 kB
MemFree:         3249660 kB
Active:           410420 kB
Mem:          3.8G       748M       3.1G       5.7M        54M       317M

MemTotal:        4016004 kB
MemFree:         3250032 kB
Active:           410384 kB
Mem:          3.8G       748M       3.1G       5.7M        54M       317M

MemTotal:        4016004 kB
MemFree:         3250156 kB
Active:           410392 kB
Mem:          3.8G       747M       3.1G       5.7M        54M       317M

MemTotal:        4016004 kB
MemFree:         3247612 kB
Active:           410424 kB
Mem:          3.8G       750M       3.1G       5.7M        54M       317M

MemTotal:        4016004 kB
MemFree:         3247736 kB
Active:           412444 kB
Mem:          3.8G       750M       3.1G       5.7M        54M       317M

MemTotal:        4016004 kB
MemFree:         3247984 kB
Active:           412452 kB
Mem:          3.8G       750M       3.1G       5.7M        54M       317M

MemTotal:        4016004 kB
MemFree:         3247860 kB
Active:           412448 kB
Mem:          3.8G       750M       3.1G       5.7M        54M       317M

MemTotal:        4016004 kB
MemFree:         3247536 kB
Active:           412456 kB
Mem:          3.8G       750M       3.1G       5.7M        54M       317M

MemTotal:        4016004 kB
MemFree:         3133996 kB
Active:           412904 kB
Mem:          3.8G       861M       3.0G       5.7M        55M       426M

MemTotal:        4016004 kB
MemFree:         3021040 kB
Active:           412904 kB
Mem:          3.8G       971M       2.9G       5.7M        55M       535M

MemTotal:        4016004 kB
MemFree:         2901728 kB
Active:           412896 kB
Mem:          3.8G       1.1G       2.8G       5.7M        55M       650M

MemTotal:        4016004 kB
MemFree:         2890252 kB
Active:           412912 kB
Mem:          3.8G       1.1G       2.8G       5.7M        55M       660M

MemTotal:        4016004 kB
MemFree:         2836560 kB
Active:           412904 kB
Mem:          3.8G       1.1G       2.7G       5.7M        55M       712M

MemTotal:        4016004 kB
MemFree:         2791260 kB
Active:           412912 kB
Mem:          3.8G       1.2G       2.7G       5.7M        55M       756M

MemTotal:        4016004 kB
MemFree:         2752420 kB
Active:           412896 kB
Mem:          3.8G       1.2G       2.6G       5.7M        55M       794M

MemTotal:        4016004 kB
MemFree:         2692412 kB
Active:           412904 kB
Mem:          3.8G       1.3G       2.6G       5.7M        55M       851M

MemTotal:        4016004 kB
MemFree:         2690744 kB
Active:           412952 kB
Mem:          3.8G       1.3G       2.6G       5.7M        55M       852M

MemTotal:        4016004 kB
MemFree:         2689256 kB
Active:           412968 kB
Mem:          3.8G       1.3G       2.6G       5.7M        55M       853M

MemTotal:        4016004 kB
MemFree:         2688884 kB
Active:           412952 kB
Mem:          3.8G       1.3G       2.6G       5.7M        55M       854M

MemTotal:        4016004 kB
MemFree:         2687188 kB
Active:           412968 kB
Mem:          3.8G       1.3G       2.6G       5.7M        55M       856M

MemTotal:        4016004 kB
MemFree:         2593332 kB
Active:           412972 kB
Mem:          3.8G       1.4G       2.5G       5.7M        55M       947M

MemTotal:        4016004 kB
MemFree:         2457496 kB
Active:           412976 kB
Mem:          3.8G       1.5G       2.3G       5.7M        55M       1.1G

MemTotal:        4016004 kB
MemFree:         2332552 kB
Active:           412976 kB
Mem:          3.8G       1.6G       2.2G       5.7M        55M       1.2G

MemTotal:        4016004 kB
MemFree:         2332368 kB
Active:           412928 kB
Mem:          3.8G       1.6G       2.2G       5.7M        55M       1.2G

MemTotal:        4016004 kB
MemFree:         2245068 kB
Active:           412976 kB
Mem:          3.8G       1.7G       2.1G       5.7M        55M       1.3G

MemTotal:        4016004 kB
MemFree:         2235252 kB
Active:           412976 kB
Mem:          3.8G       1.7G       2.1G       5.7M        55M       1.3G

MemTotal:        4016004 kB
MemFree:         2177560 kB
Active:           412988 kB
Mem:          3.8G       1.8G       2.1G       5.7M        55M       1.3G

MemTotal:        4016004 kB
MemFree:         2134964 kB
Active:           412996 kB
Mem:          3.8G       1.8G       2.0G       5.7M        55M       1.4G

MemTotal:        4016004 kB
MemFree:         2093224 kB
Active:           412992 kB
Mem:          3.8G       1.8G       2.0G       5.7M        55M       1.4G

MemTotal:        4016004 kB
MemFree:         2035532 kB
Active:           413008 kB
Mem:          3.8G       1.9G       1.9G       5.7M        55M       1.4G

MemTotal:        4016004 kB
MemFree:         2033740 kB
Active:           413028 kB
Mem:          3.8G       1.9G       1.9G       5.7M        55M       1.4G

MemTotal:        4016004 kB
MemFree:         2031556 kB
Active:           413028 kB
Mem:          3.8G       1.9G       1.9G       5.7M        55M       1.5G

MemTotal:        4016004 kB
MemFree:         2031140 kB
Active:           412980 kB
Mem:          3.8G       1.9G       1.9G       5.7M        55M       1.5G

MemTotal:        4016004 kB
MemFree:         2026668 kB
Active:           412988 kB
Mem:          3.8G       1.9G       1.9G       5.7M        55M       1.5G

MemTotal:        4016004 kB
MemFree:         1890476 kB
Active:           413036 kB
Mem:          3.8G       2.0G       1.8G       5.7M        55M       1.6G

MemTotal:        4016004 kB
MemFree:         1760592 kB
Active:           413036 kB
Mem:          3.8G       2.2G       1.7G       5.7M        55M       1.7G

MemTotal:        4016004 kB
MemFree:         1680924 kB
Active:           413044 kB
Mem:          3.8G       2.2G       1.6G       5.7M        55M       1.8G

MemTotal:        4016004 kB
MemFree:         1596072 kB
Active:           413056 kB
Mem:          3.8G       2.3G       1.5G       5.7M        55M       1.9G

MemTotal:        4016004 kB
MemFree:         1578544 kB
Active:           413056 kB
Mem:          3.8G       2.3G       1.5G       5.7M        55M       1.9G

MemTotal:        4016004 kB
MemFree:         1572408 kB
Active:           413016 kB
Mem:          3.8G       2.3G       1.5G       5.7M        55M       1.9G

MemTotal:        4016004 kB
MemFree:         1480768 kB
Active:           413056 kB
Mem:          3.8G       2.4G       1.4G       5.7M        55M       2.0G

MemTotal:        4016004 kB
MemFree:         1480600 kB
Active:           413056 kB
Mem:          3.8G       2.4G       1.4G       5.7M        55M       2.0G

MemTotal:        4016004 kB
MemFree:         1478084 kB
Active:           413056 kB
Mem:          3.8G       2.4G       1.4G       5.7M        55M       2.0G

MemTotal:        4016004 kB
MemFree:         1477248 kB
Active:           413028 kB
Mem:          3.8G       2.4G       1.4G       5.7M        55M       2.0G

MemTotal:        4016004 kB
MemFree:         1475696 kB
Active:           413080 kB
Mem:          3.8G       2.4G       1.4G       5.7M        55M       2.0G

MemTotal:        4016004 kB
MemFree:         1405168 kB
Active:           413052 kB
Mem:          3.8G       2.5G       1.3G       5.7M        55M       2.0G

MemTotal:        4016004 kB
MemFree:         1282012 kB
Active:           413056 kB
Mem:          3.8G       2.6G       1.2G       5.7M        55M       2.2G

MemTotal:        4016004 kB
MemFree:         1153540 kB
Active:           413088 kB
Mem:          3.8G       2.7G       1.1G       5.7M        55M       2.3G

MemTotal:        4016004 kB
MemFree:         1125708 kB
Active:           413100 kB
Mem:          3.8G       2.8G       1.1G       5.7M        55M       2.3G

MemTotal:        4016004 kB
MemFree:         1052528 kB
Active:           413100 kB
Mem:          3.8G       2.8G       1.0G       5.7M        55M       2.4G

MemTotal:        4016004 kB
MemFree:         1029956 kB
Active:           413100 kB
Mem:          3.8G       2.8G       1.0G       5.7M        55M       2.4G

MemTotal:        4016004 kB
MemFree:          966916 kB
Active:           413192 kB
Mem:          3.8G       2.9G       943M       5.7M        55M       2.5G

MemTotal:        4016004 kB
MemFree:          942172 kB
Active:           413244 kB
Mem:          3.8G       2.9G       920M       5.7M        55M       2.5G

MemTotal:        4016004 kB
MemFree:          890832 kB
Active:           413272 kB
Mem:          3.8G       3.0G       869M       5.7M        55M       2.5G

MemTotal:        4016004 kB
MemFree:          787176 kB
Active:           415296 kB
Mem:          3.8G       3.1G       768M       5.7M        55M       2.6G

MemTotal:        4016004 kB
MemFree:          781992 kB
Active:           415260 kB
Mem:          3.8G       3.1G       763M       5.7M        55M       2.6G

MemTotal:        4016004 kB
MemFree:          781108 kB
Active:           415252 kB
Mem:          3.8G       3.1G       762M       5.7M        55M       2.6G

MemTotal:        4016004 kB
MemFree:          780352 kB
Active:           415288 kB
Mem:          3.8G       3.1G       762M       5.7M        55M       2.6G

MemTotal:        4016004 kB
MemFree:          709020 kB
Active:           415300 kB
Mem:          3.8G       3.2G       692M       5.7M        55M       2.7G

MemTotal:        4016004 kB
MemFree:          586112 kB
Active:           415320 kB
Mem:          3.8G       3.3G       572M       5.7M        55M       2.8G

MemTotal:        4016004 kB
MemFree:          578408 kB
Active:           415324 kB
Mem:          3.8G       3.3G       564M       5.7M        55M       2.8G

MemTotal:        4016004 kB
MemFree:          502416 kB
Active:           415352 kB
Mem:          3.8G       3.4G       490M       5.7M        55M       2.9G

MemTotal:        4016004 kB
MemFree:          502176 kB
Active:           415368 kB
Mem:          3.8G       3.4G       489M       5.7M        55M       2.9G

MemTotal:        4016004 kB
MemFree:          439080 kB
Active:           415376 kB
Mem:          3.8G       3.4G       428M       5.7M        55M       2.9G

MemTotal:        4016004 kB
MemFree:          319972 kB
Active:           418284 kB
Mem:          3.8G       3.5G       312M       5.7M        57M       3.1G

MemTotal:        4016004 kB
MemFree:          202944 kB
Active:           423408 kB
Mem:          3.8G       3.6G       197M       5.7M        62M       3.2G

MemTotal:        4016004 kB
MemFree:          140632 kB
Active:           423152 kB
Mem:          3.8G       3.7G       137M       5.7M        62M       3.2G

MemTotal:        4016004 kB
MemFree:          129308 kB
Active:           422828 kB
Mem:          3.8G       3.7G       163M       5.7M        27M       3.2G

MemTotal:        4016004 kB
MemFree:          165568 kB
Active:           483572 kB
Mem:          3.8G       3.7G       160M       5.7M        27M       3.2G

MemTotal:        4016004 kB
MemFree:          134640 kB
Active:           480316 kB
Mem:          3.8G       3.7G       131M       5.7M        27M       3.3G

MemTotal:        4016004 kB
MemFree:          133540 kB
Active:           482204 kB
Mem:          3.8G       3.7G       130M       5.7M        27M       3.3G

MemTotal:        4016004 kB
MemFree:          132424 kB
Active:           482220 kB
Mem:          3.8G       3.7G       129M       5.7M        27M       3.3G

MemTotal:        4016004 kB
MemFree:          130240 kB
Active:           482188 kB
Mem:          3.8G       3.7G       127M       5.7M        27M       3.3G

MemTotal:        4016004 kB
MemFree:          132436 kB
Active:           476328 kB
Mem:          3.8G       3.7G       129M       5.7M        27M       3.3G

MemTotal:        4016004 kB
MemFree:          134104 kB
Active:           461480 kB
Mem:          3.8G       3.7G       131M       5.7M        27M       3.3G

MemTotal:        4016004 kB
MemFree:          112660 kB
Active:           450708 kB
Mem:          3.8G       3.7G       109M       5.7M        27M       3.3G

MemTotal:        4016004 kB
MemFree:          133024 kB
Active:           445224 kB
Mem:          3.8G       3.7G       129M       5.7M        27M       3.3G

MemTotal:        4016004 kB
MemFree:          124732 kB
Active:           445224 kB
Mem:          3.8G       3.7G       121M       5.7M        27M       3.3G

MemTotal:        4016004 kB
MemFree:          137984 kB
Active:           438440 kB
Mem:          3.8G       3.7G       134M       5.7M        27M       3.3G

MemTotal:        4016004 kB
MemFree:          132172 kB
Active:           435412 kB
Mem:          3.8G       3.7G       128M       5.7M        27M       3.3G

MemTotal:        4016004 kB
MemFree:          127220 kB
Active:           434516 kB
Mem:          3.8G       3.7G       123M       5.7M        27M       3.3G

MemTotal:        4016004 kB
MemFree:          131884 kB
Active:           432872 kB
Mem:          3.8G       3.7G       128M       5.7M        27M       3.3G

MemTotal:        4016004 kB
MemFree:          129680 kB
Active:           432892 kB
Mem:          3.8G       3.7G       126M       5.7M        27M       3.3G

MemTotal:        4016004 kB
MemFree:          129088 kB
Active:           432852 kB
Mem:          3.8G       3.7G       126M       5.7M        27M       3.3G

MemTotal:        4016004 kB
MemFree:          129484 kB
Active:           432856 kB
Mem:          3.8G       3.7G       126M       5.7M        27M       3.3G

MemTotal:        4016004 kB
MemFree:          124820 kB
Active:           432880 kB
Mem:          3.8G       3.7G       121M       5.7M        27M       3.3G

MemTotal:        4016004 kB
MemFree:          118036 kB
Active:           430332 kB
Mem:          3.8G       3.7G       114M       5.7M        27M       3.3G

MemTotal:        4016004 kB
MemFree:          115424 kB
Active:           427260 kB
Mem:          3.8G       3.7G       111M       5.7M        27M       3.3G

MemTotal:        4016004 kB
MemFree:          116224 kB
Active:           421888 kB
Mem:          3.8G       3.7G       113M       5.7M        27M       3.3G

MemTotal:        4016004 kB
MemFree:          115028 kB
Active:           418860 kB
Mem:          3.8G       3.7G       112M       5.7M        27M       3.3G

MemTotal:        4016004 kB
MemFree:          140928 kB
Active:           419080 kB
Mem:          3.8G       3.7G       137M       5.7M        27M       3.2G

MemTotal:        4016004 kB
MemFree:          135988 kB
Active:           415308 kB
Mem:          3.8G       3.7G       132M       5.7M        27M       3.3G

MemTotal:        4016004 kB
MemFree:          130968 kB
Active:           413660 kB
Mem:          3.8G       3.7G       127M       5.7M        27M       3.3G

MemTotal:        4016004 kB
MemFree:          129188 kB
Active:           413520 kB
Mem:          3.8G       3.7G       125M       5.7M        27M       3.3G

MemTotal:        4016004 kB
MemFree:          128232 kB
Active:           413544 kB
Mem:          3.8G       3.7G       124M       5.7M        27M       3.3G

MemTotal:        4016004 kB
MemFree:          126784 kB
Active:           413544 kB
Mem:          3.8G       3.7G       123M       5.7M        27M       3.3G

MemTotal:        4016004 kB
MemFree:          125796 kB
Active:           413536 kB
Mem:          3.8G       3.7G       122M       5.7M        27M       3.3G

MemTotal:        4016004 kB
MemFree:          120012 kB
Active:           412524 kB
Mem:          3.8G       3.7G       116M       5.7M        27M       3.3G

MemTotal:        4016004 kB
MemFree:          137484 kB
Active:           408144 kB
Mem:          3.8G       3.7G       133M       5.7M        27M       3.3G

MemTotal:        4016004 kB
MemFree:          125076 kB
Active:           404684 kB
Mem:          3.8G       3.7G       121M       5.7M        27M       3.3G

MemTotal:        4016004 kB
MemFree:          139488 kB
Active:           402312 kB
Mem:          3.8G       3.7G       136M       5.7M        27M       3.2G

MemTotal:        4016004 kB
MemFree:          129196 kB
Active:           400520 kB
Mem:          3.8G       3.7G       126M       5.7M        27M       3.3G

MemTotal:        4016004 kB
MemFree:          129044 kB
Active:           396300 kB
Mem:          3.8G       3.7G       125M       5.7M        27M       3.3G

MemTotal:        4016004 kB
MemFree:          132568 kB
Active:           391696 kB
Mem:          3.8G       3.7G       129M       5.7M        27M       3.3G

MemTotal:        4016004 kB
MemFree:          149644 kB
Active:           386064 kB
Mem:          3.8G       3.7G       146M       5.7M        27M       3.2G

MemTotal:        4016004 kB
MemFree:          150252 kB
Active:           386044 kB
Mem:          3.8G       3.7G       146M       5.7M        27M       3.2G

MemTotal:        4016004 kB
MemFree:          146868 kB
Active:           386084 kB
Mem:          3.8G       3.7G       143M       5.7M        27M       3.2G

MemTotal:        4016004 kB
MemFree:          146200 kB
Active:           386060 kB
Mem:          3.8G       3.7G       142M       5.7M        27M       3.2G

MemTotal:        4016004 kB
MemFree:          145100 kB
Active:           386092 kB
Mem:          3.8G       3.7G       141M       5.7M        27M       3.2G

MemTotal:        4016004 kB
MemFree:          144264 kB
Active:           386076 kB
Mem:          3.8G       3.7G       140M       5.7M        27M       3.2G

MemTotal:        4016004 kB
MemFree:          143704 kB
Active:           386088 kB
Mem:          3.8G       3.7G       140M       5.7M        27M       3.2G

MemTotal:        4016004 kB
MemFree:          143908 kB
Active:           386096 kB
Mem:          3.8G       3.7G       140M       5.7M        27M       3.2G

MemTotal:        4016004 kB
MemFree:          143880 kB
Active:           386096 kB
Mem:          3.8G       3.7G       140M       5.7M        27M       3.2G

MemTotal:        4016004 kB
MemFree:          142792 kB
Active:           386116 kB
Mem:          3.8G       3.7G       139M       5.7M        27M       3.2G

MemTotal:        4016004 kB
MemFree:          133328 kB
Active:           384288 kB
Mem:          3.8G       3.7G       129M       5.7M        27M       3.3G

MemTotal:        4016004 kB
MemFree:          125776 kB
Active:           378112 kB
Mem:          3.8G       3.7G       122M       5.7M        27M       3.3G

MemTotal:        4016004 kB
MemFree:          124228 kB
Active:           373384 kB
Mem:          3.8G       3.7G       121M       5.7M        27M       3.3G

MemTotal:        4016004 kB
MemFree:          129204 kB
Active:           371464 kB
Mem:          3.8G       3.7G       126M       5.7M        27M       3.3G

MemTotal:        4016004 kB
MemFree:          126564 kB
Active:           369624 kB
Mem:          3.8G       3.7G       123M       5.7M        27M       3.3G

MemTotal:        4016004 kB
MemFree:          123472 kB
Active:           369048 kB
Mem:          3.8G       3.7G       120M       5.7M        27M       3.3G

MemTotal:        4016004 kB
MemFree:          136924 kB
Active:           369048 kB
Mem:          3.8G       3.7G       133M       5.7M        27M       3.3G

MemTotal:        4016004 kB
MemFree:          104784 kB
Active:           369056 kB
Mem:          3.8G       3.7G       108M       5.7M        27M       3.3G

MemTotal:        4016004 kB
MemFree:          125140 kB
Active:           369040 kB
Mem:          3.8G       3.7G       122M       5.7M        27M       3.3G

MemTotal:        4016004 kB
MemFree:          148752 kB
Active:           369060 kB
Mem:          3.8G       3.7G       145M       5.7M        27M       3.2G

MemTotal:        4016004 kB
MemFree:          148384 kB
Active:           369072 kB
Mem:          3.8G       3.7G       144M       5.7M        27M       3.2G

MemTotal:        4016004 kB
MemFree:          146424 kB
Active:           369088 kB
Mem:          3.8G       3.7G       143M       5.7M        27M       3.2G

MemTotal:        4016004 kB
MemFree:          146488 kB
Active:           369072 kB
Mem:          3.8G       3.7G       143M       5.7M        27M       3.2G

MemTotal:        4016004 kB
MemFree:          114888 kB
Active:           369048 kB
Mem:          3.8G       3.7G       111M       5.7M        27M       3.3G

MemTotal:        4016004 kB
MemFree:          133756 kB
Active:           365908 kB
Mem:          3.8G       3.7G       130M       5.7M        27M       3.3G

MemTotal:        4016004 kB
MemFree:          130628 kB
Active:           365648 kB
Mem:          3.8G       3.7G       127M       5.7M        27M       3.3G

MemTotal:        4016004 kB
MemFree:          142788 kB
Active:           365604 kB
Mem:          3.8G       3.7G       139M       5.7M        27M       3.2G

MemTotal:        4016004 kB
MemFree:          127180 kB
Active:           365664 kB
Mem:          3.8G       3.7G       123M       5.7M        27M       3.3G

MemTotal:        4016004 kB
MemFree:          141420 kB
Active:           365668 kB
Mem:          3.8G       3.7G       138M       5.7M        27M       3.2G

MemTotal:        4016004 kB
MemFree:          137316 kB
Active:           365668 kB
Mem:          3.8G       3.7G       133M       5.7M        27M       3.2G

MemTotal:        4016004 kB
MemFree:          145052 kB
Active:           365668 kB
Mem:          3.8G       3.7G       141M       5.7M        27M       3.2G

MemTotal:        4016004 kB
MemFree:          144444 kB
Active:           365640 kB
Mem:          3.8G       3.7G       140M       5.7M        27M       3.2G

MemTotal:        4016004 kB
MemFree:          142860 kB
Active:           365660 kB
Mem:          3.8G       3.7G       139M       5.7M        27M       3.2G

MemTotal:        4016004 kB
MemFree:          141344 kB
Active:           365684 kB
Mem:          3.8G       3.7G       137M       5.7M        27M       3.2G

MemTotal:        4016004 kB
MemFree:          139340 kB
Active:           365684 kB
Mem:          3.8G       3.7G       136M       5.7M        27M       3.2G

MemTotal:        4016004 kB
MemFree:          130436 kB
Active:           366844 kB
Mem:          3.8G       3.7G       126M       5.7M        27M       3.3G

MemTotal:        4016004 kB
MemFree:          119272 kB
Active:           366716 kB
Mem:          3.8G       3.7G       115M       5.7M        27M       3.3G

MemTotal:        4016004 kB
MemFree:          132832 kB
Active:           366592 kB
Mem:          3.8G       3.7G       129M       5.7M        27M       3.3G

MemTotal:        4016004 kB
MemFree:          124244 kB
Active:           366592 kB
Mem:          3.8G       3.7G       121M       5.7M        27M       3.3G

MemTotal:        4016004 kB
MemFree:          134552 kB
Active:           365748 kB
Mem:          3.8G       3.7G       130M       5.7M        27M       3.3G

MemTotal:        4016004 kB
MemFree:          133376 kB
Active:           365752 kB
Mem:          3.8G       3.7G       129M       5.7M        27M       3.3G

MemTotal:        4016004 kB
MemFree:          149104 kB
Active:           365760 kB
Mem:          3.8G       3.7G       145M       5.7M        27M       3.2G

MemTotal:        4016004 kB
MemFree:          147892 kB
Active:           365792 kB
Mem:          3.8G       3.7G       144M       5.7M        27M       3.2G

MemTotal:        4016004 kB
MemFree:          145528 kB
Active:           365840 kB
Mem:          3.8G       3.7G       142M       5.7M        27M       3.2G

MemTotal:        4016004 kB
MemFree:          143764 kB
Active:           365840 kB
Mem:          3.8G       3.7G       140M       5.7M        27M       3.2G

MemTotal:        4016004 kB
MemFree:          143572 kB
Active:           367872 kB
Mem:          3.8G       3.7G       139M       5.7M        27M       3.2G

MemTotal:        4016004 kB
MemFree:          142548 kB
Active:           367900 kB
Mem:          3.8G       3.7G       138M       5.7M        27M       3.2G

MemTotal:        4016004 kB
MemFree:          141836 kB
Active:           367900 kB
Mem:          3.8G       3.7G       138M       5.7M        27M       3.2G

MemTotal:        4016004 kB
MemFree:          141932 kB
Active:           367904 kB
Mem:          3.8G       3.7G       138M       5.7M        27M       3.2G

MemTotal:        4016004 kB
MemFree:          142276 kB
Active:           367856 kB
Mem:          3.8G       3.7G       138M       5.7M        27M       3.2G

MemTotal:        4016004 kB
MemFree:          115156 kB
Active:           367912 kB
Mem:          3.8G       3.7G       112M       5.7M        27M       3.3G

MemTotal:        4016004 kB
MemFree:          128368 kB
Active:           363408 kB
Mem:          3.8G       3.7G       124M       5.7M        27M       3.3G

MemTotal:        4016004 kB
MemFree:          122744 kB
Active:           363280 kB
Mem:          3.8G       3.7G       119M       5.7M        27M       3.3G

MemTotal:        4016004 kB
MemFree:          131116 kB
Active:           363252 kB
Mem:          3.8G       3.7G       127M       5.7M        27M       3.3G

MemTotal:        4016004 kB
MemFree:          125744 kB
Active:           363136 kB
Mem:          3.8G       3.7G       122M       5.7M        27M       3.3G

MemTotal:        4016004 kB
MemFree:          112248 kB
Active:           363148 kB
Mem:          3.8G       3.7G       109M       5.7M        27M       3.3G

MemTotal:        4016004 kB
MemFree:          147472 kB
Active:           360476 kB
Mem:          3.8G       3.7G       143M       5.7M        27M       3.2G

MemTotal:        4016004 kB
MemFree:          147212 kB
Active:           360312 kB
Mem:          3.8G       3.7G       143M       5.7M        27M       3.2G

MemTotal:        4016004 kB
MemFree:          145396 kB
Active:           360336 kB
Mem:          3.8G       3.7G       142M       5.7M        27M       3.2G

MemTotal:        4016004 kB
MemFree:          144584 kB
Active:           360348 kB
Mem:          3.8G       3.7G       140M       5.7M        27M       3.2G

MemTotal:        4016004 kB
MemFree:          143688 kB
Active:           360348 kB
Mem:          3.8G       3.7G       140M       5.7M        27M       3.2G

MemTotal:        4016004 kB
MemFree:          141960 kB
Active:           360316 kB
Mem:          3.8G       3.7G       138M       5.7M        27M       3.2G

MemTotal:        4016004 kB
MemFree:          116424 kB
Active:           360356 kB
Mem:          3.8G       3.7G       113M       5.7M        27M       3.3G

MemTotal:        4016004 kB
MemFree:          116488 kB
Active:           360368 kB
Mem:          3.8G       3.7G       113M       5.7M        27M       3.3G

MemTotal:        4016004 kB
MemFree:          115400 kB
Active:           358392 kB
Mem:          3.8G       3.7G       112M       5.7M        27M       3.3G

MemTotal:        4016004 kB
MemFree:          114212 kB
Active:           360436 kB
Mem:          3.8G       3.7G       111M       5.7M        27M       3.3G

MemTotal:        4016004 kB
MemFree:          131844 kB
Active:           359156 kB
Mem:          3.8G       3.7G       128M       5.7M        27M       3.3G

MemTotal:        4016004 kB
MemFree:          133280 kB
Active:           359120 kB
Mem:          3.8G       3.7G       129M       5.7M        27M       3.2G

MemTotal:        4016004 kB
MemFree:          120240 kB
Active:           358996 kB
Mem:          3.8G       3.7G       117M       5.7M        27M       3.3G

MemTotal:        4016004 kB
MemFree:          131136 kB
Active:           355344 kB
Mem:          3.8G       3.7G       128M       5.7M        27M       3.3G

MemTotal:        4016004 kB
MemFree:          123564 kB
Active:           355328 kB
Mem:          3.8G       3.7G       120M       5.7M        27M       3.3G

MemTotal:        4016004 kB
MemFree:          131672 kB
Active:           355344 kB
Mem:          3.8G       3.7G       128M       5.7M        27M       3.3G

MemTotal:        4016004 kB
MemFree:          112900 kB
Active:           355356 kB
Mem:          3.8G       3.7G       109M       5.7M        27M       3.3G

MemTotal:        4016004 kB
MemFree:          118136 kB
Active:           355356 kB
Mem:          3.8G       3.7G       115M       5.7M        27M       3.3G

MemTotal:        4016004 kB
MemFree:          144172 kB
Active:           355400 kB
Mem:          3.8G       3.7G       140M       5.7M        27M       3.2G

MemTotal:        4016004 kB
MemFree:          142908 kB
Active:           355372 kB
Mem:          3.8G       3.7G       139M       5.7M        27M       3.2G

MemTotal:        4016004 kB
MemFree:          142444 kB
Active:           355372 kB
Mem:          3.8G       3.7G       138M       5.7M        27M       3.2G

MemTotal:        4016004 kB
MemFree:          140520 kB
Active:           355336 kB
Mem:          3.8G       3.7G       137M       5.7M        27M       3.2G

MemTotal:        4016004 kB
MemFree:          141080 kB
Active:           355348 kB
Mem:          3.8G       3.7G       137M       5.7M        27M       3.2G

MemTotal:        4016004 kB
MemFree:          120852 kB
Active:           355388 kB
Mem:          3.8G       3.7G       118M       5.7M        27M       3.3G

MemTotal:        4016004 kB
MemFree:          124868 kB
Active:           352196 kB
Mem:          3.8G       3.7G       122M       5.7M        27M       3.3G

MemTotal:        4016004 kB
MemFree:          125376 kB
Active:           352032 kB
Mem:          3.8G       3.7G       122M       5.7M        27M       3.3G

MemTotal:        4016004 kB
MemFree:          123064 kB
Active:           352032 kB
Mem:          3.8G       3.7G       120M       5.7M        27M       3.3G

MemTotal:        4016004 kB
MemFree:          109828 kB
Active:           352032 kB
Mem:          3.8G       3.7G       106M       5.7M        27M       3.3G

MemTotal:        4016004 kB
MemFree:          125960 kB
Active:           350020 kB
Mem:          3.8G       3.7G       122M       5.7M        27M       3.3G

MemTotal:        4016004 kB
MemFree:          132120 kB
Active:           351796 kB
Mem:          3.8G       3.7G       128M       5.7M        27M       3.2G

MemTotal:        4016004 kB
MemFree:          130752 kB
Active:           351756 kB
Mem:          3.8G       3.7G       127M       5.7M        27M       3.2G

MemTotal:        4016004 kB
MemFree:          130268 kB
Active:           351812 kB
Mem:          3.8G       3.7G       126M       5.7M        27M       3.3G

MemTotal:        4016004 kB
MemFree:          128876 kB
Active:           351812 kB
Mem:          3.8G       3.7G       125M       5.7M        27M       3.3G

MemTotal:        4016004 kB
MemFree:          128072 kB
Active:           351812 kB
Mem:          3.8G       3.7G       124M       5.7M        27M       3.3G

MemTotal:        4016004 kB
MemFree:          106860 kB
Active:           351816 kB
Mem:          3.8G       3.7G       104M       5.7M        27M       3.3G

MemTotal:        4016004 kB
MemFree:          113536 kB
Active:           350540 kB
Mem:          3.8G       3.7G       110M       5.7M        27M       3.3G

MemTotal:        4016004 kB
MemFree:          122720 kB
Active:           350544 kB
Mem:          3.8G       3.7G       119M       5.7M        27M       3.3G

MemTotal:        4016004 kB
MemFree:          133032 kB
Active:           350416 kB
Mem:          3.8G       3.7G       129M       5.7M        27M       3.2G

MemTotal:        4016004 kB
MemFree:          118436 kB
Active:           350416 kB
Mem:          3.8G       3.7G       115M       5.7M        28M       3.3G

MemTotal:        4016004 kB
MemFree:          130236 kB
Active:           350448 kB
Mem:          3.8G       3.7G       136M       5.7M        28M       3.2G

MemTotal:        4016004 kB
MemFree:          132360 kB
Active:           350448 kB
Mem:          3.8G       3.7G       129M       5.7M        28M       3.2G

MemTotal:        4016004 kB
MemFree:          135056 kB
Active:           347936 kB
Mem:          3.8G       3.7G       131M       5.7M        28M       3.2G

MemTotal:        4016004 kB
MemFree:          133444 kB
Active:           347820 kB
Mem:          3.8G       3.7G       130M       5.7M        28M       3.2G

MemTotal:        4016004 kB
MemFree:          135588 kB
Active:           347824 kB
Mem:          3.8G       3.7G       132M       5.7M        28M       3.2G

MemTotal:        4016004 kB
MemFree:          135856 kB
Active:           347828 kB
Mem:          3.8G       3.7G       132M       5.7M        28M       3.2G

MemTotal:        4016004 kB
MemFree:          134412 kB
Active:           347828 kB
Mem:          3.8G       3.7G       131M       5.7M        28M       3.2G

MemTotal:        4016004 kB
MemFree:          133764 kB
Active:           347816 kB
Mem:          3.8G       3.7G       130M       5.7M        28M       3.2G

MemTotal:        4016004 kB
MemFree:          137512 kB
Active:           347828 kB
Mem:          3.8G       3.7G       133M       5.7M        28M       3.2G

MemTotal:        4016004 kB
MemFree:          112240 kB
Active:           347852 kB
Mem:          3.8G       3.7G       109M       5.7M        28M       3.3G

MemTotal:        4016004 kB
MemFree:          133744 kB
Active:           347856 kB
Mem:          3.8G       3.7G       130M       5.7M        28M       3.2G

MemTotal:        4016004 kB
MemFree:          132828 kB
Active:           347860 kB
Mem:          3.8G       3.7G       129M       5.7M        28M       3.2G

MemTotal:        4016004 kB
MemFree:          139452 kB
Active:           347864 kB
Mem:          3.8G       3.7G       136M       5.7M        28M       3.2G

MemTotal:        4016004 kB
MemFree:          106468 kB
Active:           347876 kB
Mem:          3.8G       3.7G       104M       5.7M        28M       3.3G

MemTotal:        4016004 kB
MemFree:          145824 kB
Active:           343836 kB
Mem:          3.8G       3.7G       142M       5.7M        28M       3.2G

MemTotal:        4016004 kB
MemFree:          116852 kB
Active:           343824 kB
Mem:          3.8G       3.7G       113M       5.7M        28M       3.3G

MemTotal:        4016004 kB
MemFree:          131088 kB
Active:           343848 kB
Mem:          3.8G       3.7G       128M       5.7M        28M       3.2G

MemTotal:        4016004 kB
MemFree:          129976 kB
Active:           343856 kB
Mem:          3.8G       3.7G       127M       5.7M        28M       3.2G

MemTotal:        4016004 kB
MemFree:          128512 kB
Active:           343808 kB
Mem:          3.8G       3.7G       125M       5.7M        28M       3.3G

MemTotal:        4016004 kB
MemFree:          126644 kB
Active:           341820 kB
Mem:          3.8G       3.7G       123M       5.7M        28M       3.3G

MemTotal:        4016004 kB
MemFree:          125400 kB
Active:           341808 kB
Mem:          3.8G       3.7G       122M       5.7M        28M       3.3G

MemTotal:        4016004 kB
MemFree:          132332 kB
Active:           343828 kB
Mem:          3.8G       3.7G       128M       5.7M        28M       3.2G

MemTotal:        4016004 kB
MemFree:          137356 kB
Active:           343868 kB
Mem:          3.8G       3.7G       134M       5.7M        28M       3.2G

MemTotal:        4016004 kB
MemFree:          117988 kB
Active:           343868 kB
Mem:          3.8G       3.7G       114M       5.7M        28M       3.3G

MemTotal:        4016004 kB
MemFree:          116052 kB
Active:           343872 kB
Mem:          3.8G       3.7G       113M       5.7M        28M       3.3G

MemTotal:        4016004 kB
MemFree:          133908 kB
Active:           343884 kB
Mem:          3.8G       3.7G       130M       5.7M        28M       3.2G

MemTotal:        4016004 kB
MemFree:          126580 kB
Active:           342080 kB
Mem:          3.8G       3.7G       123M       5.7M        28M       3.3G

MemTotal:        4016004 kB
MemFree:          130876 kB
Active:           341956 kB
Mem:          3.8G       3.7G       127M       5.7M        28M       3.2G

MemTotal:        4016004 kB
MemFree:          107836 kB
Active:           341980 kB
Mem:          3.8G       3.7G       105M       5.7M        28M       3.3G

MemTotal:        4016004 kB
MemFree:          133956 kB
Active:           341992 kB
Mem:          3.8G       3.7G       131M       5.7M        28M       3.2G

MemTotal:        4016004 kB
MemFree:          133264 kB
Active:           344016 kB
Mem:          3.8G       3.7G       130M       5.7M        28M       3.2G

MemTotal:        4016004 kB
MemFree:          133388 kB
Active:           344004 kB
Mem:          3.8G       3.7G       130M       5.7M        28M       3.2G

MemTotal:        4016004 kB
MemFree:          133452 kB
Active:           344000 kB
Mem:          3.8G       3.7G       130M       5.7M        28M       3.2G

MemTotal:        4016004 kB
MemFree:          131108 kB
Active:           344024 kB
Mem:          3.8G       3.7G       127M       5.7M        28M       3.2G

MemTotal:        4016004 kB
MemFree:          123124 kB
Active:           344028 kB
Mem:          3.8G       3.7G       120M       5.7M        28M       3.3G

MemTotal:        4016004 kB
MemFree:          125988 kB
Active:           344028 kB
Mem:          3.8G       3.7G       122M       5.7M        28M       3.2G

MemTotal:        4016004 kB
MemFree:          105912 kB
Active:           344028 kB
Mem:          3.8G       3.7G       103M       5.7M        28M       3.3G

MemTotal:        4016004 kB
MemFree:          121656 kB
Active:           344048 kB
Mem:          3.8G       3.7G       118M       5.7M        28M       3.3G

MemTotal:        4016004 kB
MemFree:          106864 kB
Active:           344052 kB
Mem:          3.8G       3.7G       104M       5.7M        28M       3.3G

MemTotal:        4016004 kB
MemFree:          126088 kB
Active:           344016 kB
Mem:          3.8G       3.7G       123M       5.7M        28M       3.2G

MemTotal:        4016004 kB
MemFree:          118588 kB
Active:           343748 kB
Mem:          3.8G       3.7G       115M       5.7M        28M       3.3G

MemTotal:        4016004 kB
MemFree:          118216 kB
Active:           343692 kB
Mem:          3.8G       3.7G       115M       5.7M        28M       3.3G

MemTotal:        4016004 kB
MemFree:          118216 kB
Active:           343704 kB
Mem:          3.8G       3.7G       115M       5.7M        28M       3.3G

MemTotal:        4016004 kB
MemFree:          118340 kB
Active:           343712 kB
Mem:          3.8G       3.7G       115M       5.7M        28M       3.3G

MemTotal:        4016004 kB
MemFree:          118216 kB
Active:           343744 kB
Mem:          3.8G       3.7G       115M       5.7M        28M       3.3G

MemTotal:        4016004 kB
MemFree:          117428 kB
Active:           343756 kB
Mem:          3.8G       3.7G       114M       5.7M        28M       3.3G

MemTotal:        4016004 kB
MemFree:          117828 kB
Active:           343712 kB
Mem:          3.8G       3.7G       115M       5.7M        28M       3.3G

MemTotal:        4016004 kB
MemFree:          118052 kB
Active:           343724 kB
Mem:          3.8G       3.7G       115M       5.7M        28M       3.3G

MemTotal:        4016004 kB
MemFree:          117964 kB
Active:           343736 kB
Mem:          3.8G       3.7G       115M       5.7M        28M       3.3G

MemTotal:        4016004 kB
MemFree:          117756 kB
Active:           343140 kB
Mem:          3.8G       3.7G       114M       5.7M        28M       3.3G

MemTotal:        4016004 kB
MemFree:          117468 kB
Active:           343064 kB
Mem:          3.8G       3.7G       114M       5.7M        28M       3.3G

MemTotal:        4016004 kB
MemFree:          117344 kB
Active:           345076 kB
Mem:          3.8G       3.7G       114M       5.7M        28M       3.3G

MemTotal:        4016004 kB
MemFree:          117468 kB
Active:           345108 kB
Mem:          3.8G       3.7G       114M       5.7M        28M       3.3G

MemTotal:        4016004 kB
MemFree:          117840 kB
Active:           345076 kB
Mem:          3.8G       3.7G       114M       5.7M        28M       3.3G

MemTotal:        4016004 kB
MemFree:          117964 kB
Active:           345068 kB
Mem:          3.8G       3.7G       114M       5.7M        28M       3.3G

MemTotal:        4016004 kB
MemFree:          117840 kB
Active:           345076 kB
Mem:          3.8G       3.7G       114M       5.7M        28M       3.3G

MemTotal:        4016004 kB
MemFree:          117840 kB
Active:           345112 kB
Mem:          3.8G       3.7G       115M       5.7M        28M       3.3G

MemTotal:        4016004 kB
MemFree:          117964 kB
Active:           345096 kB
Mem:          3.8G       3.7G       114M       5.7M        28M       3.3G

MemTotal:        4016004 kB
MemFree:          117716 kB
Active:           345132 kB
Mem:          3.8G       3.7G       114M       5.7M        28M       3.3G

MemTotal:        4016004 kB
MemFree:          118088 kB
Active:           345092 kB
Mem:          3.8G       3.7G       114M       5.7M        28M       3.3G

MemTotal:        4016004 kB
MemFree:          117840 kB
Active:           345096 kB
Mem:          3.8G       3.7G       115M       5.7M        28M       3.3G

MemTotal:        4016004 kB
MemFree:          117592 kB
Active:           345140 kB
Mem:          3.8G       3.7G       115M       5.7M        28M       3.3G

MemTotal:        4016004 kB
MemFree:          117964 kB
Active:           345128 kB
Mem:          3.8G       3.7G       115M       5.7M        28M       3.3G

MemTotal:        4016004 kB
MemFree:          117964 kB
Active:           345108 kB
Mem:          3.8G       3.7G       115M       5.7M        28M       3.3G

MemTotal:        4016004 kB
MemFree:          118088 kB
Active:           345104 kB
Mem:          3.8G       3.7G       115M       5.7M        28M       3.3G

MemTotal:        4016004 kB
MemFree:          117716 kB
Active:           345152 kB
Mem:          3.8G       3.7G       114M       5.7M        28M       3.3G

MemTotal:        4016004 kB
MemFree:          117716 kB
Active:           345148 kB
Mem:          3.8G       3.7G       114M       5.7M        28M       3.3G

MemTotal:        4016004 kB
MemFree:          117840 kB
Active:           345124 kB
Mem:          3.8G       3.7G       115M       5.7M        28M       3.3G

MemTotal:        4016004 kB
MemFree:          117964 kB
Active:           345140 kB
Mem:          3.8G       3.7G       115M       5.7M        28M       3.3G

MemTotal:        4016004 kB
MemFree:          115916 kB
Active:           345140 kB
Mem:          3.8G       3.7G       113M       5.7M        28M       3.3G

MemTotal:        4016004 kB
MemFree:          116040 kB
Active:           347132 kB
Mem:          3.8G       3.7G       113M       5.7M        28M       3.3G

MemTotal:        4016004 kB
MemFree:          116040 kB
Active:           347176 kB
Mem:          3.8G       3.7G       113M       5.7M        28M       3.3G

MemTotal:        4016004 kB
MemFree:          115792 kB
Active:           347180 kB
Mem:          3.8G       3.7G       113M       5.7M        28M       3.3G

MemTotal:        4016004 kB
MemFree:          115916 kB
Active:           347140 kB
Mem:          3.8G       3.7G       113M       5.7M        28M       3.3G

MemTotal:        4016004 kB
MemFree:          116040 kB
Active:           347136 kB
Mem:          3.8G       3.7G       112M       5.7M        28M       3.3G

MemTotal:        4016004 kB
MemFree:          115916 kB
Active:           347144 kB
Mem:          3.8G       3.7G       113M       5.7M        28M       3.3G

MemTotal:        4016004 kB
MemFree:          115668 kB
Active:           347188 kB
Mem:          3.8G       3.7G       112M       5.7M        28M       3.3G

MemTotal:        4016004 kB
MemFree:          115668 kB
Active:           347148 kB
Mem:          3.8G       3.7G       112M       5.7M        28M       3.3G

MemTotal:        4016004 kB
MemFree:          115792 kB
Active:           347140 kB
Mem:          3.8G       3.7G       113M       5.7M        28M       3.3G

MemTotal:        4016004 kB
MemFree:          113620 kB
Active:           347144 kB
Mem:          3.8G       3.7G       110M       5.7M        28M       3.3G

MemTotal:        4016004 kB
MemFree:          113744 kB
Active:           349220 kB
Mem:          3.8G       3.7G       110M       5.7M        28M       3.3G

MemTotal:        4016004 kB
MemFree:          113372 kB
Active:           349228 kB
Mem:          3.8G       3.7G       110M       5.7M        28M       3.3G

MemTotal:        4016004 kB
MemFree:          113744 kB
Active:           349176 kB
Mem:          3.8G       3.7G       111M       5.7M        28M       3.3G

MemTotal:        4016004 kB
MemFree:          113992 kB
Active:           349208 kB
Mem:          3.8G       3.7G       111M       5.7M        28M       3.3G

MemTotal:        4016004 kB
MemFree:          114240 kB
Active:           349204 kB
Mem:          3.8G       3.7G       111M       5.7M        28M       3.3G

MemTotal:        4016004 kB
MemFree:          114240 kB
Active:           349196 kB
Mem:          3.8G       3.7G       111M       5.7M        28M       3.3G

MemTotal:        4016004 kB
MemFree:          114116 kB
Active:           349224 kB
Mem:          3.8G       3.7G       111M       5.7M        28M       3.3G

MemTotal:        4016004 kB
MemFree:          114240 kB
Active:           349212 kB
Mem:          3.8G       3.7G       111M       5.7M        28M       3.3G

MemTotal:        4016004 kB
MemFree:          113868 kB
Active:           349236 kB
Mem:          3.8G       3.7G       111M       5.7M        28M       3.3G

MemTotal:        4016004 kB
MemFree:          113744 kB
Active:           349188 kB
Mem:          3.8G       3.7G       111M       5.7M        28M       3.3G

MemTotal:        4016004 kB
MemFree:          113868 kB
Active:           349224 kB
Mem:          3.8G       3.7G       111M       5.7M        28M       3.3G

MemTotal:        4016004 kB
MemFree:          113744 kB
Active:           349212 kB
Mem:          3.8G       3.7G       110M       5.7M        28M       3.3G

MemTotal:        4016004 kB
MemFree:          113496 kB
Active:           349204 kB
Mem:          3.8G       3.7G       110M       5.7M        28M       3.3G

MemTotal:        4016004 kB
MemFree:          113248 kB
Active:           349260 kB
Mem:          3.8G       3.7G       110M       5.7M        28M       3.3G

MemTotal:        4016004 kB
MemFree:          113744 kB
Active:           349248 kB
Mem:          3.8G       3.7G       111M       5.7M        28M       3.3G

MemTotal:        4016004 kB
MemFree:          113372 kB
Active:           349268 kB
Mem:          3.8G       3.7G       110M       5.7M        28M       3.3G

MemTotal:        4016004 kB
MemFree:          113744 kB
Active:           349224 kB
Mem:          3.8G       3.7G       111M       5.7M        28M       3.3G

MemTotal:        4016004 kB
MemFree:          114116 kB
Active:           349236 kB
Mem:          3.8G       3.7G       111M       5.7M        28M       3.3G

MemTotal:        4016004 kB
MemFree:          113744 kB
Active:           349268 kB
Mem:          3.8G       3.7G       110M       5.7M        28M       3.3G

MemTotal:        4016004 kB
MemFree:          113744 kB
Active:           349224 kB
Mem:          3.8G       3.7G       111M       5.7M        28M       3.3G

MemTotal:        4016004 kB
MemFree:          114116 kB
Active:           349264 kB
Mem:          3.8G       3.7G       111M       5.7M        28M       3.3G

MemTotal:        4016004 kB
MemFree:          114240 kB
Active:           349220 kB
Mem:          3.8G       3.7G       111M       5.7M        28M       3.3G

MemTotal:        4016004 kB
MemFree:          114116 kB
Active:           349232 kB
Mem:          3.8G       3.7G       111M       5.7M        28M       3.3G

MemTotal:        4016004 kB
MemFree:          114240 kB
Active:           349232 kB
Mem:          3.8G       3.7G       111M       5.7M        28M       3.3G

MemTotal:        4016004 kB
MemFree:          114116 kB
Active:           349228 kB
Mem:          3.8G       3.7G       111M       5.7M        28M       3.3G

MemTotal:        4016004 kB
MemFree:          113620 kB
Active:           349248 kB
Mem:          3.8G       3.7G       111M       5.7M        28M       3.3G

MemTotal:        4016004 kB
MemFree:          113496 kB
Active:           349228 kB
Mem:          3.8G       3.7G       110M       5.7M        28M       3.3G

MemTotal:        4016004 kB
MemFree:          113496 kB
Active:           349224 kB
Mem:          3.8G       3.7G       110M       5.7M        28M       3.3G

MemTotal:        4016004 kB
MemFree:          113744 kB
Active:           349260 kB
Mem:          3.8G       3.7G       111M       5.7M        28M       3.3G

MemTotal:        4016004 kB
MemFree:          113992 kB
Active:           349252 kB
Mem:          3.8G       3.7G       111M       5.7M        28M       3.3G

MemTotal:        4016004 kB
MemFree:          114116 kB
Active:           349232 kB
Mem:          3.8G       3.7G       111M       5.7M        28M       3.3G

MemTotal:        4016004 kB
MemFree:          113992 kB
Active:           349248 kB
Mem:          3.8G       3.7G       111M       5.7M        28M       3.3G

MemTotal:        4016004 kB
MemFree:          113620 kB
Active:           349284 kB
Mem:          3.8G       3.7G       110M       5.7M        28M       3.3G

MemTotal:        4016004 kB
MemFree:          113744 kB
Active:           349272 kB
Mem:          3.8G       3.7G       110M       5.7M        28M       3.3G

MemTotal:        4016004 kB
MemFree:          113992 kB
Active:           349264 kB
Mem:          3.8G       3.7G       111M       5.7M        28M       3.3G

MemTotal:        4016004 kB
MemFree:          114116 kB
Active:           349236 kB
Mem:          3.8G       3.7G       111M       5.7M        28M       3.3G

MemTotal:        4016004 kB
MemFree:          113992 kB
Active:           349292 kB
Mem:          3.8G       3.7G       111M       5.7M        28M       3.3G

MemTotal:        4016004 kB
MemFree:          113992 kB
Active:           349284 kB
Mem:          3.8G       3.7G       111M       5.7M        28M       3.3G

MemTotal:        4016004 kB
MemFree:          114116 kB
Active:           349292 kB
Mem:          3.8G       3.7G       111M       5.7M        28M       3.3G

MemTotal:        4016004 kB
MemFree:          114116 kB
Active:           349284 kB
Mem:          3.8G       3.7G       111M       5.7M        28M       3.3G

MemTotal:        4016004 kB
MemFree:          113620 kB
Active:           349296 kB
Mem:          3.8G       3.7G       110M       5.7M        28M       3.3G

MemTotal:        4016004 kB
MemFree:          113868 kB
Active:           349252 kB
Mem:          3.8G       3.7G       111M       5.7M        28M       3.3G

MemTotal:        4016004 kB
MemFree:          113868 kB
Active:           349280 kB
Mem:          3.8G       3.7G       111M       5.7M        28M       3.3G

MemTotal:        4016004 kB
MemFree:          113744 kB
Active:           349300 kB
Mem:          3.8G       3.7G       110M       5.7M        28M       3.3G

MemTotal:        4016004 kB
MemFree:          113744 kB
Active:           349244 kB
Mem:          3.8G       3.7G       111M       5.7M        28M       3.3G

MemTotal:        4016004 kB
MemFree:          113992 kB
Active:           349292 kB
Mem:          3.8G       3.7G       111M       5.7M        28M       3.3G

MemTotal:        4016004 kB
MemFree:          114116 kB
Active:           349244 kB
Mem:          3.8G       3.7G       111M       5.7M        28M       3.3G

MemTotal:        4016004 kB
MemFree:          113372 kB
Active:           349300 kB
Mem:          3.8G       3.7G       111M       5.7M        28M       3.3G

MemTotal:        4016004 kB
MemFree:          113744 kB
Active:           349292 kB
Mem:          3.8G       3.7G       111M       5.7M        28M       3.3G

MemTotal:        4016004 kB
MemFree:          114116 kB
Active:           349248 kB
Mem:          3.8G       3.7G       111M       5.7M        28M       3.3G

MemTotal:        4016004 kB
MemFree:          113868 kB
Active:           349308 kB
Mem:          3.8G       3.7G       110M       5.7M        28M       3.3G

MemTotal:        4016004 kB
MemFree:          113496 kB
Active:           349308 kB
Mem:          3.8G       3.7G       110M       5.7M        28M       3.3G

MemTotal:        4016004 kB
MemFree:          113496 kB
Active:           349280 kB
Mem:          3.8G       3.7G       110M       5.7M        28M       3.3G

MemTotal:        4016004 kB
MemFree:          113620 kB
Active:           349264 kB
Mem:          3.8G       3.7G       110M       5.7M        28M       3.3G

MemTotal:        4016004 kB
MemFree:          113992 kB
Active:           349264 kB
Mem:          3.8G       3.7G       111M       5.7M        28M       3.3G

MemTotal:        4016004 kB
MemFree:          113992 kB
Active:           349264 kB
Mem:          3.8G       3.7G       111M       5.7M        28M       3.3G

MemTotal:        4016004 kB
MemFree:          113992 kB
Active:           349256 kB
Mem:          3.8G       3.7G       111M       5.7M        28M       3.3G

MemTotal:        4016004 kB
MemFree:          113868 kB
Active:           349292 kB
Mem:          3.8G       3.7G       110M       5.7M        28M       3.3G

MemTotal:        4016004 kB
MemFree:          113744 kB
Active:           349304 kB
Mem:          3.8G       3.7G       111M       5.7M        28M       3.3G

MemTotal:        4016004 kB
MemFree:          113868 kB
Active:           349296 kB
Mem:          3.8G       3.7G       111M       5.7M        28M       3.3G

MemTotal:        4016004 kB
MemFree:          114116 kB
Active:           349300 kB
Mem:          3.8G       3.7G       111M       5.7M        28M       3.3G

MemTotal:        4016004 kB
MemFree:          113744 kB
Active:           349280 kB
Mem:          3.8G       3.7G       111M       5.7M        28M       3.3G

MemTotal:        4016004 kB
MemFree:          113992 kB
Active:           349272 kB
Mem:          3.8G       3.7G       111M       5.7M        28M       3.3G

MemTotal:        4016004 kB
MemFree:          114240 kB
Active:           349316 kB
Mem:          3.8G       3.7G       111M       5.7M        28M       3.3G

MemTotal:        4016004 kB
MemFree:          113992 kB
Active:           349292 kB
Mem:          3.8G       3.7G       111M       5.7M        28M       3.3G

MemTotal:        4016004 kB
MemFree:          113620 kB
Active:           349320 kB
Mem:          3.8G       3.7G       110M       5.7M        28M       3.3G

MemTotal:        4016004 kB
MemFree:          113620 kB
Active:           349328 kB
Mem:          3.8G       3.7G       110M       5.7M        28M       3.3G

MemTotal:        4016004 kB
MemFree:          113248 kB
Active:           349336 kB
Mem:          3.8G       3.7G       110M       5.7M        28M       3.3G

MemTotal:        4016004 kB
MemFree:          113992 kB
Active:           349292 kB
Mem:          3.8G       3.7G       111M       5.7M        28M       3.3G

MemTotal:        4016004 kB
MemFree:          114116 kB
Active:           349284 kB
Mem:          3.8G       3.7G       111M       5.7M        28M       3.3G

MemTotal:        4016004 kB
MemFree:          113620 kB
Active:           349312 kB
Mem:          3.8G       3.7G       111M       5.7M        28M       3.3G

MemTotal:        4016004 kB
MemFree:          114116 kB
Active:           349296 kB
Mem:          3.8G       3.7G       111M       5.7M        28M       3.3G

MemTotal:        4016004 kB
MemFree:          114240 kB
Active:           349312 kB
Mem:          3.8G       3.7G       111M       5.7M        28M       3.3G

MemTotal:        4016004 kB
MemFree:          113620 kB
Active:           349352 kB
Mem:          3.8G       3.7G       110M       5.7M        28M       3.3G

MemTotal:        4016004 kB
MemFree:          113372 kB
Active:           349352 kB
Mem:          3.8G       3.7G       111M       5.7M        28M       3.3G

MemTotal:        4016004 kB
MemFree:          113868 kB
Active:           349332 kB
Mem:          3.8G       3.7G       111M       5.7M        28M       3.3G

MemTotal:        4016004 kB
MemFree:          113868 kB
Active:           349312 kB
Mem:          3.8G       3.7G       110M       5.7M        28M       3.3G

MemTotal:        4016004 kB
MemFree:          113372 kB
Active:           349352 kB
Mem:          3.8G       3.7G       110M       5.7M        28M       3.3G

MemTotal:        4016004 kB
MemFree:          113248 kB
Active:           349352 kB
Mem:          3.8G       3.7G       110M       5.7M        28M       3.3G

MemTotal:        4016004 kB
MemFree:          113744 kB
Active:           349336 kB
Mem:          3.8G       3.7G       110M       5.7M        28M       3.3G

MemTotal:        4016004 kB
MemFree:          113124 kB
Active:           349352 kB
Mem:          3.8G       3.7G       110M       5.7M        28M       3.3G

MemTotal:        4016004 kB
MemFree:          113124 kB
Active:           349352 kB
Mem:          3.8G       3.7G       110M       5.7M        28M       3.3G

MemTotal:        4016004 kB
MemFree:          113496 kB
Active:           349320 kB
Mem:          3.8G       3.7G       110M       5.7M        28M       3.3G

MemTotal:        4016004 kB
MemFree:          113496 kB
Active:           349328 kB
Mem:          3.8G       3.7G       110M       5.7M        28M       3.3G

MemTotal:        4016004 kB
MemFree:          113620 kB
Active:           349332 kB
Mem:          3.8G       3.7G       110M       5.7M        28M       3.3G

MemTotal:        4016004 kB
MemFree:          113620 kB
Active:           349356 kB
Mem:          3.8G       3.7G       110M       5.7M        28M       3.3G

MemTotal:        4016004 kB
MemFree:          113496 kB
Active:           349348 kB
Mem:          3.8G       3.7G       110M       5.7M        28M       3.3G

MemTotal:        4016004 kB
MemFree:          113496 kB
Active:           349320 kB
Mem:          3.8G       3.7G       110M       5.7M        28M       3.3G

MemTotal:        4016004 kB
MemFree:          113620 kB
Active:           349332 kB
Mem:          3.8G       3.7G       110M       5.7M        28M       3.3G

MemTotal:        4016004 kB
MemFree:          113620 kB
Active:           349356 kB
Mem:          3.8G       3.7G       110M       5.7M        28M       3.3G

MemTotal:        4016004 kB
MemFree:          113496 kB
Active:           349316 kB
Mem:          3.8G       3.7G       110M       5.7M        28M       3.3G

MemTotal:        4016004 kB
MemFree:          113620 kB
Active:           349320 kB
Mem:          3.8G       3.7G       110M       5.7M        28M       3.3G

MemTotal:        4016004 kB
MemFree:          113248 kB
Active:           349340 kB
Mem:          3.8G       3.7G       110M       5.7M        28M       3.3G

MemTotal:        4016004 kB
MemFree:          113248 kB
Active:           349336 kB
Mem:          3.8G       3.7G       110M       5.7M        28M       3.3G

MemTotal:        4016004 kB
MemFree:          113496 kB
Active:           349356 kB
Mem:          3.8G       3.7G       110M       5.7M        28M       3.3G

MemTotal:        4016004 kB
MemFree:          113248 kB
Active:           349372 kB
Mem:          3.8G       3.7G       110M       5.7M        28M       3.3G

MemTotal:        4016004 kB
MemFree:          113248 kB
Active:           349344 kB
Mem:          3.8G       3.7G       110M       5.7M        28M       3.3G

MemTotal:        4016004 kB
MemFree:          113372 kB
Active:           349388 kB
Mem:          3.8G       3.7G       110M       5.7M        28M       3.3G

MemTotal:        4016004 kB
MemFree:          113496 kB
Active:           349368 kB
Mem:          3.8G       3.7G       110M       5.7M        28M       3.3G

MemTotal:        4016004 kB
MemFree:          113496 kB
Active:           349384 kB
Mem:          3.8G       3.7G       110M       5.7M        28M       3.3G

MemTotal:        4016004 kB
MemFree:          113620 kB
Active:           349388 kB
Mem:          3.8G       3.7G       110M       5.7M        28M       3.3G

MemTotal:        4016004 kB
MemFree:          113496 kB
Active:           349340 kB
Mem:          3.8G       3.7G       110M       5.7M        28M       3.3G

MemTotal:        4016004 kB
MemFree:          113124 kB
Active:           349392 kB
Mem:          3.8G       3.7G       110M       5.7M        28M       3.3G

MemTotal:        4016004 kB
MemFree:          113248 kB
Active:           349392 kB
Mem:          3.8G       3.7G       110M       5.7M        28M       3.3G

MemTotal:        4016004 kB
MemFree:          113124 kB
Active:           349348 kB
Mem:          3.8G       3.7G       110M       5.7M        28M       3.3G

MemTotal:        4016004 kB
MemFree:          113124 kB
Active:           349364 kB
Mem:          3.8G       3.7G       110M       5.7M        28M       3.3G

MemTotal:        4016004 kB
MemFree:          113000 kB
Active:           349396 kB
Mem:          3.8G       3.7G       110M       5.7M        28M       3.3G

MemTotal:        4016004 kB
MemFree:          113248 kB
Active:           349356 kB
Mem:          3.8G       3.7G       110M       5.7M        28M       3.3G

MemTotal:        4016004 kB
MemFree:          113248 kB
Active:           349344 kB
Mem:          3.8G       3.7G       110M       5.7M        28M       3.3G

MemTotal:        4016004 kB
MemFree:          113124 kB
Active:           349400 kB
Mem:          3.8G       3.7G       110M       5.7M        28M       3.3G

MemTotal:        4016004 kB
MemFree:          113124 kB
Active:           349392 kB
Mem:          3.8G       3.7G       110M       5.7M        28M       3.3G

MemTotal:        4016004 kB
MemFree:          113124 kB
Active:           349408 kB
Mem:          3.8G       3.7G       110M       5.7M        28M       3.3G

MemTotal:        4016004 kB
MemFree:          113496 kB
Active:           349368 kB
Mem:          3.8G       3.7G       110M       5.7M        28M       3.3G

MemTotal:        4016004 kB
MemFree:          113496 kB
Active:           349360 kB
Mem:          3.8G       3.7G       110M       5.7M        28M       3.3G

MemTotal:        4016004 kB
MemFree:          113620 kB
Active:           349404 kB
Mem:          3.8G       3.7G       110M       5.7M        28M       3.3G

MemTotal:        4016004 kB
MemFree:          113248 kB
Active:           349420 kB
Mem:          3.8G       3.7G       110M       5.7M        28M       3.3G

MemTotal:        4016004 kB
MemFree:          113124 kB
Active:           349420 kB
Mem:          3.8G       3.7G       110M       5.7M        28M       3.3G

MemTotal:        4016004 kB
MemFree:          113496 kB
Active:           349412 kB
Mem:          3.8G       3.7G       110M       5.7M        28M       3.3G

MemTotal:        4016004 kB
MemFree:          113000 kB
Active:           349424 kB
Mem:          3.8G       3.7G       110M       5.7M        28M       3.3G

MemTotal:        4016004 kB
MemFree:          113372 kB
Active:           349408 kB
Mem:          3.8G       3.7G       111M       5.7M        28M       3.3G

MemTotal:        4016004 kB
MemFree:          113000 kB
Active:           349424 kB
Mem:          3.8G       3.7G       110M       5.7M        28M       3.3G

MemTotal:        4016004 kB
MemFree:          113248 kB
Active:           349412 kB
Mem:          3.8G       3.7G       110M       5.7M        28M       3.3G

MemTotal:        4016004 kB
MemFree:          113124 kB
Active:           349396 kB
Mem:          3.8G       3.7G       110M       5.7M        28M       3.3G

MemTotal:        4016004 kB
MemFree:          112876 kB
Active:           349440 kB
Mem:          3.8G       3.7G       110M       5.7M        28M       3.3G

MemTotal:        4016004 kB
MemFree:          112876 kB
Active:           349396 kB
Mem:          3.8G       3.7G       110M       5.7M        28M       3.3G

MemTotal:        4016004 kB
MemFree:          113140 kB
Active:           349384 kB
Mem:          3.8G       3.7G       110M       5.7M        28M       3.3G

MemTotal:        4016004 kB
MemFree:          113016 kB
Active:           349432 kB
Mem:          3.8G       3.7G       110M       5.7M        28M       3.3G

MemTotal:        4016004 kB
MemFree:          113016 kB
Active:           349404 kB
Mem:          3.8G       3.7G       110M       5.7M        28M       3.3G

MemTotal:        4016004 kB
MemFree:          113388 kB
Active:           349444 kB
Mem:          3.8G       3.7G       110M       5.7M        28M       3.3G

MemTotal:        4016004 kB
MemFree:          111092 kB
Active:           349452 kB
Mem:          3.8G       3.7G       108M       5.7M        28M       3.3G

MemTotal:        4016004 kB
MemFree:          110968 kB
Active:           351484 kB
Mem:          3.8G       3.7G       108M       5.7M        28M       3.3G

MemTotal:        4016004 kB
MemFree:          110844 kB
Active:           351480 kB
Mem:          3.8G       3.7G       108M       5.7M        28M       3.3G

MemTotal:        4016004 kB
MemFree:          110844 kB
Active:           351468 kB
Mem:          3.8G       3.7G       108M       5.7M        28M       3.3G

MemTotal:        4016004 kB
MemFree:          110596 kB
Active:           351488 kB
Mem:          3.8G       3.7G       108M       5.7M        28M       3.3G

MemTotal:        4016004 kB
MemFree:          110844 kB
Active:           351456 kB
Mem:          3.8G       3.7G       108M       5.7M        28M       3.3G

MemTotal:        4016004 kB
MemFree:          110844 kB
Active:           351452 kB
Mem:          3.8G       3.7G       108M       5.7M        28M       3.3G

MemTotal:        4016004 kB
MemFree:          110844 kB
Active:           351488 kB
Mem:          3.8G       3.7G       108M       5.7M        28M       3.3G

MemTotal:        4016004 kB
MemFree:          111216 kB
Active:           351472 kB
Mem:          3.8G       3.7G       108M       5.7M        28M       3.3G

MemTotal:        4016004 kB
MemFree:          111216 kB
Active:           351448 kB
Mem:          3.8G       3.7G       108M       5.7M        28M       3.3G

MemTotal:        4016004 kB
MemFree:          110844 kB
Active:           351500 kB
Mem:          3.8G       3.7G       108M       5.7M        28M       3.3G

MemTotal:        4016004 kB
MemFree:          111092 kB
Active:           351452 kB
Mem:          3.8G       3.7G       108M       5.7M        28M       3.3G

MemTotal:        4016004 kB
MemFree:          111340 kB
Active:           351488 kB
Mem:          3.8G       3.7G       108M       5.7M        28M       3.3G

MemTotal:        4016004 kB
MemFree:          111340 kB
Active:           351488 kB
Mem:          3.8G       3.7G       108M       5.7M        28M       3.3G

MemTotal:        4016004 kB
MemFree:          111340 kB
Active:           351492 kB
Mem:          3.8G       3.7G       108M       5.7M        28M       3.3G

MemTotal:        4016004 kB
MemFree:          111076 kB
Active:           351776 kB
Mem:          3.8G       3.7G       108M       5.7M        28M       3.3G

MemTotal:        4016004 kB
MemFree:          111448 kB
Active:           351528 kB
Mem:          3.8G       3.7G       108M       5.7M        28M       3.3G

MemTotal:        4016004 kB
MemFree:          111200 kB
Active:           351580 kB
Mem:          3.8G       3.7G       108M       5.7M        28M       3.3G

MemTotal:        4016004 kB
MemFree:          111200 kB
Active:           351568 kB
Mem:          3.8G       3.7G       108M       5.7M        28M       3.3G

