MemTotal:        4016004 kB
MemFree:         3257896 kB
Active:           402864 kB
Mem:          3.8G       740M       3.1G       5.7M        55M       313M

MemTotal:        4016004 kB
MemFree:         3258768 kB
Active:           402640 kB
Mem:          3.8G       739M       3.1G       5.7M        55M       314M

MemTotal:        4016004 kB
MemFree:         3258488 kB
Active:           402732 kB
Mem:          3.8G       739M       3.1G       5.7M        55M       314M

MemTotal:        4016004 kB
MemFree:         3259092 kB
Active:           402708 kB
Mem:          3.8G       739M       3.1G       5.7M        55M       314M

MemTotal:        4016004 kB
MemFree:         3258456 kB
Active:           402736 kB
Mem:          3.8G       739M       3.1G       5.7M        55M       314M

MemTotal:        4016004 kB
MemFree:         3258440 kB
Active:           402700 kB
Mem:          3.8G       739M       3.1G       5.7M        55M       314M

MemTotal:        4016004 kB
MemFree:         3258268 kB
Active:           402736 kB
Mem:          3.8G       739M       3.1G       5.7M        55M       314M

MemTotal:        4016004 kB
MemFree:         3255940 kB
Active:           402720 kB
Mem:          3.8G       741M       3.1G       5.7M        55M       314M

MemTotal:        4016004 kB
MemFree:         3256312 kB
Active:           404720 kB
Mem:          3.8G       741M       3.1G       5.7M        55M       314M

MemTotal:        4016004 kB
MemFree:         3256420 kB
Active:           404720 kB
Mem:          3.8G       741M       3.1G       5.7M        55M       314M

MemTotal:        4016004 kB
MemFree:         3256776 kB
Active:           404728 kB
Mem:          3.8G       741M       3.1G       5.7M        55M       314M

MemTotal:        4016004 kB
MemFree:         3256512 kB
Active:           404768 kB
Mem:          3.8G       741M       3.1G       5.7M        55M       314M

MemTotal:        4016004 kB
MemFree:         3256496 kB
Active:           404748 kB
Mem:          3.8G       741M       3.1G       5.7M        55M       314M

MemTotal:        4016004 kB
MemFree:         3256824 kB
Active:           404776 kB
Mem:          3.8G       741M       3.1G       5.7M        55M       314M

MemTotal:        4016004 kB
MemFree:         3256824 kB
Active:           404736 kB
Mem:          3.8G       741M       3.1G       5.7M        55M       314M

MemTotal:        4016004 kB
MemFree:         3258344 kB
Active:           402756 kB
Mem:          3.8G       739M       3.1G       5.7M        55M       314M

MemTotal:        4016004 kB
MemFree:         3258964 kB
Active:           402708 kB
Mem:          3.8G       739M       3.1G       5.7M        55M       314M

MemTotal:        4016004 kB
MemFree:         3258840 kB
Active:           402712 kB
Mem:          3.8G       739M       3.1G       5.7M        55M       314M

MemTotal:        4016004 kB
MemFree:         3258468 kB
Active:           402756 kB
Mem:          3.8G       739M       3.1G       5.7M        55M       314M

MemTotal:        4016004 kB
MemFree:         3258220 kB
Active:           402732 kB
Mem:          3.8G       739M       3.1G       5.7M        55M       314M

MemTotal:        4016004 kB
MemFree:         3258468 kB
Active:           402736 kB
Mem:          3.8G       739M       3.1G       5.7M        55M       314M

MemTotal:        4016004 kB
MemFree:         3258096 kB
Active:           402764 kB
Mem:          3.8G       739M       3.1G       5.7M        55M       314M

MemTotal:        4016004 kB
MemFree:         3258468 kB
Active:           402760 kB
Mem:          3.8G       739M       3.1G       5.7M        55M       314M

MemTotal:        4016004 kB
MemFree:         3258452 kB
Active:           402708 kB
Mem:          3.8G       739M       3.1G       5.7M        55M       314M

MemTotal:        4016004 kB
MemFree:         3258064 kB
Active:           402764 kB
Mem:          3.8G       740M       3.1G       5.7M        55M       314M

MemTotal:        4016004 kB
MemFree:         3258500 kB
Active:           402740 kB
Mem:          3.8G       740M       3.1G       5.7M        55M       314M

MemTotal:        4016004 kB
MemFree:         3258376 kB
Active:           402740 kB
Mem:          3.8G       739M       3.1G       5.7M        55M       314M

MemTotal:        4016004 kB
MemFree:         3258252 kB
Active:           402760 kB
Mem:          3.8G       739M       3.1G       5.7M        55M       314M

MemTotal:        4016004 kB
MemFree:         3258376 kB
Active:           402772 kB
Mem:          3.8G       739M       3.1G       5.7M        55M       314M

MemTotal:        4016004 kB
MemFree:         3258748 kB
Active:           402752 kB
Mem:          3.8G       739M       3.1G       5.7M        55M       314M

MemTotal:        4016004 kB
MemFree:         3258856 kB
Active:           402760 kB
Mem:          3.8G       739M       3.1G       5.7M        55M       314M

MemTotal:        4016004 kB
MemFree:         3258716 kB
Active:           402720 kB
Mem:          3.8G       739M       3.1G       5.7M        55M       314M

MemTotal:        4016004 kB
MemFree:         3258452 kB
Active:           402776 kB
Mem:          3.8G       739M       3.1G       5.7M        55M       314M

MemTotal:        4016004 kB
MemFree:         3258436 kB
Active:           402776 kB
Mem:          3.8G       739M       3.1G       5.7M        55M       314M

MemTotal:        4016004 kB
MemFree:         3258668 kB
Active:           402760 kB
Mem:          3.8G       739M       3.1G       5.7M        55M       314M

MemTotal:        4016004 kB
MemFree:         3258980 kB
Active:           402756 kB
Mem:          3.8G       739M       3.1G       5.7M        55M       314M

MemTotal:        4016004 kB
MemFree:         3258608 kB
Active:           402788 kB
Mem:          3.8G       739M       3.1G       5.7M        55M       314M

MemTotal:        4016004 kB
MemFree:         3256808 kB
Active:           402764 kB
Mem:          3.8G       741M       3.1G       5.7M        55M       314M

MemTotal:        4016004 kB
MemFree:         3256932 kB
Active:           404784 kB
Mem:          3.8G       741M       3.1G       5.7M        55M       314M

MemTotal:        4016004 kB
MemFree:         3256932 kB
Active:           404784 kB
Mem:          3.8G       741M       3.1G       5.7M        55M       314M

MemTotal:        4016004 kB
MemFree:         3256560 kB
Active:           404816 kB
Mem:          3.8G       741M       3.1G       5.7M        55M       314M

MemTotal:        4016004 kB
MemFree:         3256932 kB
Active:           404764 kB
Mem:          3.8G       741M       3.1G       5.7M        55M       314M

MemTotal:        4016004 kB
MemFree:         3256932 kB
Active:           404776 kB
Mem:          3.8G       741M       3.1G       5.7M        55M       314M

MemTotal:        4016004 kB
MemFree:         3256932 kB
Active:           404788 kB
Mem:          3.8G       741M       3.1G       5.7M        55M       314M

MemTotal:        4016004 kB
MemFree:         3257040 kB
Active:           404784 kB
Mem:          3.8G       741M       3.1G       5.7M        55M       314M

MemTotal:        4016004 kB
MemFree:         3257148 kB
Active:           404768 kB
Mem:          3.8G       741M       3.1G       5.7M        55M       314M

MemTotal:        4016004 kB
MemFree:         3256388 kB
Active:           404828 kB
Mem:          3.8G       741M       3.1G       5.7M        55M       314M

MemTotal:        4016004 kB
MemFree:         3256636 kB
Active:           404824 kB
Mem:          3.8G       741M       3.1G       5.7M        55M       314M

MemTotal:        4016004 kB
MemFree:         3256636 kB
Active:           404816 kB
Mem:          3.8G       741M       3.1G       5.7M        55M       314M

MemTotal:        4016004 kB
MemFree:         3256576 kB
Active:           404824 kB
Mem:          3.8G       741M       3.1G       5.7M        55M       314M

MemTotal:        4016004 kB
MemFree:         3256452 kB
Active:           404792 kB
Mem:          3.8G       741M       3.1G       5.7M        55M       314M

MemTotal:        4016004 kB
MemFree:         3256576 kB
Active:           404788 kB
Mem:          3.8G       741M       3.1G       5.7M        55M       314M

MemTotal:        4016004 kB
MemFree:         3256824 kB
Active:           404848 kB
Mem:          3.8G       741M       3.1G       5.7M        55M       314M

MemTotal:        4016004 kB
MemFree:         3256576 kB
Active:           404856 kB
Mem:          3.8G       741M       3.1G       5.7M        55M       314M

MemTotal:        4016004 kB
MemFree:         3256808 kB
Active:           404812 kB
Mem:          3.8G       741M       3.1G       5.7M        55M       314M

MemTotal:        4016004 kB
MemFree:         3256792 kB
Active:           404812 kB
Mem:          3.8G       741M       3.1G       5.7M        55M       314M

MemTotal:        4016004 kB
MemFree:         3256900 kB
Active:           404812 kB
Mem:          3.8G       741M       3.1G       5.7M        55M       314M

MemTotal:        4016004 kB
MemFree:         3255344 kB
Active:           402912 kB
Mem:          3.8G       742M       3.1G       5.7M        55M       314M

MemTotal:        4016004 kB
MemFree:         3256088 kB
Active:           404956 kB
Mem:          3.8G       742M       3.1G       5.7M        55M       314M

MemTotal:        4016004 kB
MemFree:         3255576 kB
Active:           404968 kB
Mem:          3.8G       742M       3.1G       5.7M        55M       314M

MemTotal:        4016004 kB
MemFree:         3255996 kB
Active:           404944 kB
Mem:          3.8G       742M       3.1G       5.7M        55M       314M

MemTotal:        4016004 kB
MemFree:         3255996 kB
Active:           404936 kB
Mem:          3.8G       742M       3.1G       5.7M        55M       314M

MemTotal:        4016004 kB
MemFree:         3255624 kB
Active:           404968 kB
Mem:          3.8G       742M       3.1G       5.7M        55M       314M

MemTotal:        4016004 kB
MemFree:         3255996 kB
Active:           404952 kB
Mem:          3.8G       742M       3.1G       5.7M        55M       314M

MemTotal:        4016004 kB
MemFree:         3255872 kB
Active:           404976 kB
Mem:          3.8G       742M       3.1G       5.7M        55M       314M

MemTotal:        4016004 kB
MemFree:         3256368 kB
Active:           404964 kB
Mem:          3.8G       741M       3.1G       5.7M        55M       314M

MemTotal:        4016004 kB
MemFree:         3256492 kB
Active:           404968 kB
Mem:          3.8G       741M       3.1G       5.7M        55M       314M

MemTotal:        4016004 kB
MemFree:         3253696 kB
Active:           402912 kB
Mem:          3.8G       744M       3.1G       5.7M        55M       314M

MemTotal:        4016004 kB
MemFree:         3254192 kB
Active:           407004 kB
Mem:          3.8G       744M       3.1G       5.7M        55M       314M

MemTotal:        4016004 kB
MemFree:         3253680 kB
Active:           407008 kB
Mem:          3.8G       744M       3.1G       5.7M        55M       314M

MemTotal:        4016004 kB
MemFree:         3254176 kB
Active:           406956 kB
Mem:          3.8G       744M       3.1G       5.7M        55M       314M

MemTotal:        4016004 kB
MemFree:         3254284 kB
Active:           406984 kB
Mem:          3.8G       743M       3.1G       5.7M        55M       314M

MemTotal:        4016004 kB
MemFree:         3254612 kB
Active:           406952 kB
Mem:          3.8G       743M       3.1G       5.7M        55M       314M

MemTotal:        4016004 kB
MemFree:         3254240 kB
Active:           407012 kB
Mem:          3.8G       743M       3.1G       5.7M        55M       314M

MemTotal:        4016004 kB
MemFree:         3254612 kB
Active:           406988 kB
Mem:          3.8G       743M       3.1G       5.7M        55M       314M

MemTotal:        4016004 kB
MemFree:         3254612 kB
Active:           406964 kB
Mem:          3.8G       743M       3.1G       5.7M        55M       314M

MemTotal:        4016004 kB
MemFree:         3254224 kB
Active:           407020 kB
Mem:          3.8G       743M       3.1G       5.7M        55M       314M

MemTotal:        4016004 kB
MemFree:         3254588 kB
Active:           406992 kB
Mem:          3.8G       743M       3.1G       5.7M        55M       314M

MemTotal:        4016004 kB
MemFree:         3254696 kB
Active:           407004 kB
Mem:          3.8G       743M       3.1G       5.7M        55M       314M

MemTotal:        4016004 kB
MemFree:         3254200 kB
Active:           407020 kB
Mem:          3.8G       743M       3.1G       5.7M        55M       314M

MemTotal:        4016004 kB
MemFree:         3254432 kB
Active:           406996 kB
Mem:          3.8G       743M       3.1G       5.7M        55M       314M

MemTotal:        4016004 kB
MemFree:         3254168 kB
Active:           407024 kB
Mem:          3.8G       743M       3.1G       5.7M        55M       314M

MemTotal:        4016004 kB
MemFree:         3254416 kB
Active:           406984 kB
Mem:          3.8G       743M       3.1G       5.7M        55M       314M

MemTotal:        4016004 kB
MemFree:         3254276 kB
Active:           407008 kB
Mem:          3.8G       743M       3.1G       5.7M        55M       314M

MemTotal:        4016004 kB
MemFree:         3254324 kB
Active:           407024 kB
Mem:          3.8G       743M       3.1G       5.7M        55M       314M

MemTotal:        4016004 kB
MemFree:         3254324 kB
Active:           407020 kB
Mem:          3.8G       743M       3.1G       5.7M        55M       314M

MemTotal:        4016004 kB
MemFree:         3254572 kB
Active:           407000 kB
Mem:          3.8G       743M       3.1G       5.7M        55M       314M

MemTotal:        4016004 kB
MemFree:         3254076 kB
Active:           407040 kB
Mem:          3.8G       744M       3.1G       5.7M        55M       314M

MemTotal:        4016004 kB
MemFree:         3254324 kB
Active:           406984 kB
Mem:          3.8G       743M       3.1G       5.7M        55M       314M

MemTotal:        4016004 kB
MemFree:         3254448 kB
Active:           407004 kB
Mem:          3.8G       743M       3.1G       5.7M        55M       314M

MemTotal:        4016004 kB
MemFree:         3254324 kB
Active:           407024 kB
Mem:          3.8G       743M       3.1G       5.7M        55M       314M

MemTotal:        4016004 kB
MemFree:         3254076 kB
Active:           407048 kB
Mem:          3.8G       744M       3.1G       5.7M        55M       314M

MemTotal:        4016004 kB
MemFree:         3253936 kB
Active:           407048 kB
Mem:          3.8G       743M       3.1G       5.7M        55M       314M

MemTotal:        4016004 kB
MemFree:         3254292 kB
Active:           407004 kB
Mem:          3.8G       743M       3.1G       5.7M        55M       314M

MemTotal:        4016004 kB
MemFree:         3254124 kB
Active:           407048 kB
Mem:          3.8G       744M       3.1G       5.7M        55M       314M

MemTotal:        4016004 kB
MemFree:         3254000 kB
Active:           407008 kB
Mem:          3.8G       744M       3.1G       5.7M        55M       314M

MemTotal:        4016004 kB
MemFree:         3254124 kB
Active:           407024 kB
Mem:          3.8G       744M       3.1G       5.7M        55M       314M

MemTotal:        4016004 kB
MemFree:         3253184 kB
Active:           405012 kB
Mem:          3.8G       744M       3.1G       5.7M        55M       314M

MemTotal:        4016004 kB
MemFree:         3253772 kB
Active:           407016 kB
Mem:          3.8G       744M       3.1G       5.7M        55M       314M

MemTotal:        4016004 kB
MemFree:         3254128 kB
Active:           407020 kB
Mem:          3.8G       744M       3.1G       5.7M        55M       314M

MemTotal:        4016004 kB
MemFree:         3253832 kB
Active:           407284 kB
Mem:          3.8G       744M       3.1G       5.7M        55M       314M

MemTotal:        4016004 kB
MemFree:         3212860 kB
Active:           407604 kB
Mem:          3.8G       785M       3.1G       5.7M        55M       354M

MemTotal:        4016004 kB
MemFree:         3168340 kB
Active:           407684 kB
Mem:          3.8G       828M       3.0G       5.7M        55M       396M

MemTotal:        4016004 kB
MemFree:         3123852 kB
Active:           407704 kB
Mem:          3.8G       871M       3.0G       5.7M        55M       439M

MemTotal:        4016004 kB
MemFree:         3083740 kB
Active:           407732 kB
Mem:          3.8G       910M       2.9G       5.7M        55M       478M

MemTotal:        4016004 kB
MemFree:         3063424 kB
Active:           407752 kB
Mem:          3.8G       930M       2.9G       5.7M        55M       497M

MemTotal:        4016004 kB
MemFree:         3019324 kB
Active:           407776 kB
Mem:          3.8G       974M       2.9G       5.7M        55M       540M

MemTotal:        4016004 kB
MemFree:         2975564 kB
Active:           407804 kB
Mem:          3.8G       1.0G       2.8G       5.7M        55M       583M

MemTotal:        4016004 kB
MemFree:         2930688 kB
Active:           407824 kB
Mem:          3.8G       1.0G       2.8G       5.7M        55M       625M

MemTotal:        4016004 kB
MemFree:         2886076 kB
Active:           407848 kB
Mem:          3.8G       1.1G       2.8G       5.7M        55M       668M

MemTotal:        4016004 kB
MemFree:         2859264 kB
Active:           407868 kB
Mem:          3.8G       1.1G       2.7G       5.7M        55M       693M

MemTotal:        4016004 kB
MemFree:         2844212 kB
Active:           407884 kB
Mem:          3.8G       1.1G       2.7G       5.7M        55M       708M

MemTotal:        4016004 kB
MemFree:         2843716 kB
Active:           407892 kB
Mem:          3.8G       1.1G       2.7G       5.7M        55M       708M

MemTotal:        4016004 kB
MemFree:         2842884 kB
Active:           407892 kB
Mem:          3.8G       1.1G       2.7G       5.7M        55M       709M

MemTotal:        4016004 kB
MemFree:         2798864 kB
Active:           407912 kB
Mem:          3.8G       1.2G       2.7G       5.7M        55M       752M

MemTotal:        4016004 kB
MemFree:         2754376 kB
Active:           407932 kB
Mem:          3.8G       1.2G       2.6G       5.7M        55M       795M

MemTotal:        4016004 kB
MemFree:         2709764 kB
Active:           407960 kB
Mem:          3.8G       1.2G       2.6G       5.7M        55M       837M

MemTotal:        4016004 kB
MemFree:         2666200 kB
Active:           407992 kB
Mem:          3.8G       1.3G       2.5G       5.7M        55M       879M

MemTotal:        4016004 kB
MemFree:         2621696 kB
Active:           408012 kB
Mem:          3.8G       1.3G       2.5G       5.7M        55M       922M

MemTotal:        4016004 kB
MemFree:         2577952 kB
Active:           408036 kB
Mem:          3.8G       1.4G       2.5G       5.7M        55M       965M

MemTotal:        4016004 kB
MemFree:         2533944 kB
Active:           408060 kB
Mem:          3.8G       1.4G       2.4G       5.7M        55M       1.0G

MemTotal:        4016004 kB
MemFree:         2504492 kB
Active:           408080 kB
Mem:          3.8G       1.4G       2.4G       5.7M        55M       1.0G

MemTotal:        4016004 kB
MemFree:         2494292 kB
Active:           408096 kB
Mem:          3.8G       1.5G       2.4G       5.7M        55M       1.0G

MemTotal:        4016004 kB
MemFree:         2449836 kB
Active:           408136 kB
Mem:          3.8G       1.5G       2.3G       5.7M        55M       1.1G

MemTotal:        4016004 kB
MemFree:         2405704 kB
Active:           408156 kB
Mem:          3.8G       1.5G       2.3G       5.7M        55M       1.1G

MemTotal:        4016004 kB
MemFree:         2403444 kB
Active:           408180 kB
Mem:          3.8G       1.5G       2.3G       5.7M        55M       1.1G

MemTotal:        4016004 kB
MemFree:         2399760 kB
Active:           408196 kB
Mem:          3.8G       1.5G       2.3G       5.7M        55M       1.1G

MemTotal:        4016004 kB
MemFree:         2366832 kB
Active:           408224 kB
Mem:          3.8G       1.6G       2.3G       5.7M        55M       1.1G

MemTotal:        4016004 kB
MemFree:         2364676 kB
Active:           408232 kB
Mem:          3.8G       1.6G       2.3G       5.7M        55M       1.1G

MemTotal:        4016004 kB
MemFree:         2320408 kB
Active:           408248 kB
Mem:          3.8G       1.6G       2.2G       5.7M        55M       1.2G

MemTotal:        4016004 kB
MemFree:         2276028 kB
Active:           408272 kB
Mem:          3.8G       1.7G       2.2G       5.7M        55M       1.2G

MemTotal:        4016004 kB
MemFree:         2231912 kB
Active:           408292 kB
Mem:          3.8G       1.7G       2.1G       5.7M        55M       1.3G

MemTotal:        4016004 kB
MemFree:         2188168 kB
Active:           408312 kB
Mem:          3.8G       1.7G       2.1G       5.7M        55M       1.3G

MemTotal:        4016004 kB
MemFree:         2144548 kB
Active:           408344 kB
Mem:          3.8G       1.8G       2.0G       5.7M        55M       1.3G

MemTotal:        4016004 kB
MemFree:         2100308 kB
Active:           408364 kB
Mem:          3.8G       1.8G       2.0G       5.7M        55M       1.4G

MemTotal:        4016004 kB
MemFree:         2056564 kB
Active:           408392 kB
Mem:          3.8G       1.9G       2.0G       5.7M        55M       1.4G

MemTotal:        4016004 kB
MemFree:         2012932 kB
Active:           408428 kB
Mem:          3.8G       1.9G       1.9G       5.7M        55M       1.5G

MemTotal:        4016004 kB
MemFree:         1969348 kB
Active:           408452 kB
Mem:          3.8G       2.0G       1.9G       5.7M        55M       1.5G

MemTotal:        4016004 kB
MemFree:         1947260 kB
Active:           408476 kB
Mem:          3.8G       2.0G       1.9G       5.7M        55M       1.5G

MemTotal:        4016004 kB
MemFree:         1914844 kB
Active:           408500 kB
Mem:          3.8G       2.0G       1.8G       5.7M        55M       1.6G

MemTotal:        4016004 kB
MemFree:         1870392 kB
Active:           408520 kB
Mem:          3.8G       2.0G       1.8G       5.7M        55M       1.6G

MemTotal:        4016004 kB
MemFree:         1826964 kB
Active:           408544 kB
Mem:          3.8G       2.1G       1.7G       5.7M        55M       1.6G

MemTotal:        4016004 kB
MemFree:         1782916 kB
Active:           408564 kB
Mem:          3.8G       2.1G       1.7G       5.7M        56M       1.7G

MemTotal:        4016004 kB
MemFree:         1738784 kB
Active:           408592 kB
Mem:          3.8G       2.2G       1.7G       5.7M        56M       1.7G

MemTotal:        4016004 kB
MemFree:         1694668 kB
Active:           408616 kB
Mem:          3.8G       2.2G       1.6G       5.7M        56M       1.8G

MemTotal:        4016004 kB
MemFree:         1650552 kB
Active:           408640 kB
Mem:          3.8G       2.3G       1.6G       5.7M        56M       1.8G

MemTotal:        4016004 kB
MemFree:         1606436 kB
Active:           408660 kB
Mem:          3.8G       2.3G       1.5G       5.7M        56M       1.9G

MemTotal:        4016004 kB
MemFree:         1574992 kB
Active:           408720 kB
Mem:          3.8G       2.3G       1.5G       5.7M        56M       1.9G

MemTotal:        4016004 kB
MemFree:         1548024 kB
Active:           408720 kB
Mem:          3.8G       2.4G       1.5G       5.7M        56M       1.9G

MemTotal:        4016004 kB
MemFree:         1504032 kB
Active:           408740 kB
Mem:          3.8G       2.4G       1.4G       5.7M        56M       2.0G

MemTotal:        4016004 kB
MemFree:         1490716 kB
Active:           408756 kB
Mem:          3.8G       2.4G       1.4G       5.7M        56M       2.0G

MemTotal:        4016004 kB
MemFree:         1446524 kB
Active:           408784 kB
Mem:          3.8G       2.5G       1.4G       5.7M        56M       2.0G

MemTotal:        4016004 kB
MemFree:         1414800 kB
Active:           408812 kB
Mem:          3.8G       2.5G       1.3G       5.7M        56M       2.0G

MemTotal:        4016004 kB
MemFree:         1414636 kB
Active:           408820 kB
Mem:          3.8G       2.5G       1.3G       5.7M        56M       2.0G

MemTotal:        4016004 kB
MemFree:         1380776 kB
Active:           408832 kB
Mem:          3.8G       2.5G       1.3G       5.7M        56M       2.1G

MemTotal:        4016004 kB
MemFree:         1336660 kB
Active:           408856 kB
Mem:          3.8G       2.6G       1.3G       5.7M        56M       2.1G

MemTotal:        4016004 kB
MemFree:         1292544 kB
Active:           408880 kB
Mem:          3.8G       2.6G       1.2G       5.7M        56M       2.1G

MemTotal:        4016004 kB
MemFree:         1246752 kB
Active:           410924 kB
Mem:          3.8G       2.6G       1.2G       5.7M        56M       2.2G

MemTotal:        4016004 kB
MemFree:         1202636 kB
Active:           410952 kB
Mem:          3.8G       2.7G       1.1G       5.7M        56M       2.2G

MemTotal:        4016004 kB
MemFree:         1158396 kB
Active:           410976 kB
Mem:          3.8G       2.7G       1.1G       5.7M        56M       2.3G

MemTotal:        4016004 kB
MemFree:         1144592 kB
Active:           410988 kB
Mem:          3.8G       2.7G       1.1G       5.7M        56M       2.3G

MemTotal:        4016004 kB
MemFree:         1103920 kB
Active:           411012 kB
Mem:          3.8G       2.8G       1.1G       5.7M        56M       2.3G

MemTotal:        4016004 kB
MemFree:         1059680 kB
Active:           411036 kB
Mem:          3.8G       2.8G       1.0G       5.7M        56M       2.4G

MemTotal:        4016004 kB
MemFree:         1051536 kB
Active:           411056 kB
Mem:          3.8G       2.8G       1.0G       5.7M        56M       2.4G

MemTotal:        4016004 kB
MemFree:         1050392 kB
Active:           411072 kB
Mem:          3.8G       2.8G       1.0G       5.7M        56M       2.4G

MemTotal:        4016004 kB
MemFree:         1050140 kB
Active:           411088 kB
Mem:          3.8G       2.8G       1.0G       5.7M        56M       2.4G

MemTotal:        4016004 kB
MemFree:         1024708 kB
Active:           411116 kB
Mem:          3.8G       2.9G       999M       5.7M        56M       2.4G

MemTotal:        4016004 kB
MemFree:          980416 kB
Active:           411140 kB
Mem:          3.8G       2.9G       957M       5.7M        56M       2.4G

MemTotal:        4016004 kB
MemFree:          936068 kB
Active:           411168 kB
Mem:          3.8G       2.9G       913M       5.7M        56M       2.5G

MemTotal:        4016004 kB
MemFree:          892076 kB
Active:           411192 kB
Mem:          3.8G       3.0G       870M       5.7M        56M       2.5G

MemTotal:        4016004 kB
MemFree:          847712 kB
Active:           411212 kB
Mem:          3.8G       3.0G       827M       5.7M        56M       2.6G

MemTotal:        4016004 kB
MemFree:          803596 kB
Active:           411232 kB
Mem:          3.8G       3.1G       784M       5.7M        56M       2.6G

MemTotal:        4016004 kB
MemFree:          759604 kB
Active:           411256 kB
Mem:          3.8G       3.1G       741M       5.7M        56M       2.6G

MemTotal:        4016004 kB
MemFree:          715100 kB
Active:           411284 kB
Mem:          3.8G       3.1G       698M       5.7M        56M       2.7G

MemTotal:        4016004 kB
MemFree:          671260 kB
Active:           411376 kB
Mem:          3.8G       3.2G       654M       5.7M        56M       2.7G

MemTotal:        4016004 kB
MemFree:          627084 kB
Active:           411396 kB
Mem:          3.8G       3.2G       612M       5.7M        56M       2.8G

MemTotal:        4016004 kB
MemFree:          583096 kB
Active:           411420 kB
Mem:          3.8G       3.3G       569M       5.7M        56M       2.8G

MemTotal:        4016004 kB
MemFree:          550420 kB
Active:           411460 kB
Mem:          3.8G       3.3G       537M       5.7M        56M       2.8G

MemTotal:        4016004 kB
MemFree:          550044 kB
Active:           411468 kB
Mem:          3.8G       3.3G       537M       5.7M        56M       2.8G

MemTotal:        4016004 kB
MemFree:          550476 kB
Active:           411296 kB
Mem:          3.8G       3.3G       537M       5.7M        56M       2.8G

MemTotal:        4016004 kB
MemFree:          540112 kB
Active:           411420 kB
Mem:          3.8G       3.3G       526M       5.7M        56M       2.9G

MemTotal:        4016004 kB
MemFree:          496072 kB
Active:           411320 kB
Mem:          3.8G       3.4G       484M       5.7M        56M       2.9G

MemTotal:        4016004 kB
MemFree:          451708 kB
Active:           411340 kB
Mem:          3.8G       3.4G       440M       5.7M        56M       2.9G

MemTotal:        4016004 kB
MemFree:          409700 kB
Active:           411376 kB
Mem:          3.8G       3.4G       399M       5.7M        56M       3.0G

MemTotal:        4016004 kB
MemFree:          365320 kB
Active:           411396 kB
Mem:          3.8G       3.5G       356M       5.7M        56M       3.0G

MemTotal:        4016004 kB
MemFree:          321204 kB
Active:           411416 kB
Mem:          3.8G       3.5G       313M       5.7M        56M       3.1G

MemTotal:        4016004 kB
MemFree:          276964 kB
Active:           411436 kB
Mem:          3.8G       3.6G       270M       5.7M        56M       3.1G

MemTotal:        4016004 kB
MemFree:          232724 kB
Active:           411460 kB
Mem:          3.8G       3.6G       227M       5.7M        56M       3.1G

MemTotal:        4016004 kB
MemFree:          188480 kB
Active:           411488 kB
Mem:          3.8G       3.7G       183M       5.7M        56M       3.2G

MemTotal:        4016004 kB
MemFree:          143964 kB
Active:           411524 kB
Mem:          3.8G       3.7G       140M       5.7M        56M       3.2G

MemTotal:        4016004 kB
MemFree:          135840 kB
Active:           408220 kB
Mem:          3.8G       3.7G       144M       5.7M        21M       3.3G

MemTotal:        4016004 kB
MemFree:          130744 kB
Active:           421376 kB
Mem:          3.8G       3.7G       127M       5.7M        21M       3.3G

MemTotal:        4016004 kB
MemFree:          142828 kB
Active:           466504 kB
Mem:          3.8G       3.7G       137M       5.7M        21M       3.3G

MemTotal:        4016004 kB
MemFree:          140776 kB
Active:           466764 kB
Mem:          3.8G       3.7G       137M       5.7M        21M       3.3G

MemTotal:        4016004 kB
MemFree:          140320 kB
Active:           466728 kB
Mem:          3.8G       3.7G       136M       5.7M        21M       3.3G

MemTotal:        4016004 kB
MemFree:          145264 kB
Active:           464776 kB
Mem:          3.8G       3.7G       139M       5.7M        21M       3.3G

MemTotal:        4016004 kB
MemFree:          124724 kB
Active:           463104 kB
Mem:          3.8G       3.7G       121M       5.7M        21M       3.3G

MemTotal:        4016004 kB
MemFree:          141568 kB
Active:           456608 kB
Mem:          3.8G       3.7G       138M       5.7M        21M       3.3G

MemTotal:        4016004 kB
MemFree:          134420 kB
Active:           451128 kB
Mem:          3.8G       3.7G       130M       5.7M        21M       3.3G

MemTotal:        4016004 kB
MemFree:          126148 kB
Active:           447704 kB
Mem:          3.8G       3.7G       122M       5.7M        21M       3.3G

MemTotal:        4016004 kB
MemFree:          113396 kB
Active:           444656 kB
Mem:          3.8G       3.7G       110M       5.7M        21M       3.3G

MemTotal:        4016004 kB
MemFree:          105860 kB
Active:           441220 kB
Mem:          3.8G       3.7G       102M       5.7M        21M       3.3G

MemTotal:        4016004 kB
MemFree:          129488 kB
Active:           434584 kB
Mem:          3.8G       3.7G       125M       5.7M        21M       3.3G

MemTotal:        4016004 kB
MemFree:          112544 kB
Active:           432836 kB
Mem:          3.8G       3.7G       109M       5.7M        21M       3.3G

MemTotal:        4016004 kB
MemFree:          105000 kB
Active:           429408 kB
Mem:          3.8G       3.7G       125M       5.7M        21M       3.3G

MemTotal:        4016004 kB
MemFree:          133688 kB
Active:           422532 kB
Mem:          3.8G       3.7G       130M       5.7M        21M       3.3G

MemTotal:        4016004 kB
MemFree:          123644 kB
Active:           421280 kB
Mem:          3.8G       3.7G       120M       5.7M        21M       3.3G

MemTotal:        4016004 kB
MemFree:          121888 kB
Active:           421292 kB
Mem:          3.8G       3.7G       118M       5.7M        21M       3.3G

MemTotal:        4016004 kB
MemFree:          121324 kB
Active:           421324 kB
Mem:          3.8G       3.7G       118M       5.7M        21M       3.3G

MemTotal:        4016004 kB
MemFree:          148784 kB
Active:           419812 kB
Mem:          3.8G       3.7G       145M       5.7M        21M       3.3G

MemTotal:        4016004 kB
MemFree:          128224 kB
Active:           419204 kB
Mem:          3.8G       3.7G       124M       5.7M        21M       3.3G

MemTotal:        4016004 kB
MemFree:          132384 kB
Active:           417560 kB
Mem:          3.8G       3.7G       128M       5.7M        21M       3.3G

MemTotal:        4016004 kB
MemFree:          112448 kB
Active:           416944 kB
Mem:          3.8G       3.7G       109M       5.7M        21M       3.3G

MemTotal:        4016004 kB
MemFree:          128084 kB
Active:           415044 kB
Mem:          3.8G       3.7G       124M       5.7M        22M       3.3G

MemTotal:        4016004 kB
MemFree:          127848 kB
Active:           413284 kB
Mem:          3.8G       3.7G       124M       5.7M        22M       3.3G

MemTotal:        4016004 kB
MemFree:          126404 kB
Active:           411768 kB
Mem:          3.8G       3.7G       122M       5.7M        22M       3.3G

MemTotal:        4016004 kB
MemFree:          106468 kB
Active:           411276 kB
Mem:          3.8G       3.7G       102M       5.7M        22M       3.3G

MemTotal:        4016004 kB
MemFree:          127840 kB
Active:           406012 kB
Mem:          3.8G       3.7G       123M       5.7M        22M       3.3G

MemTotal:        4016004 kB
MemFree:          120336 kB
Active:           405008 kB
Mem:          3.8G       3.7G       116M       5.7M        22M       3.3G

MemTotal:        4016004 kB
MemFree:          129492 kB
Active:           402864 kB
Mem:          3.8G       3.7G       126M       5.7M        22M       3.3G

MemTotal:        4016004 kB
MemFree:          128016 kB
Active:           401860 kB
Mem:          3.8G       3.7G       124M       5.7M        22M       3.3G

MemTotal:        4016004 kB
MemFree:          125228 kB
Active:           401760 kB
Mem:          3.8G       3.7G       121M       5.7M        22M       3.3G

MemTotal:        4016004 kB
MemFree:          123308 kB
Active:           400752 kB
Mem:          3.8G       3.7G       119M       5.7M        22M       3.3G

MemTotal:        4016004 kB
MemFree:          116676 kB
Active:           399752 kB
Mem:          3.8G       3.7G       113M       5.7M        22M       3.3G

MemTotal:        4016004 kB
MemFree:          107488 kB
Active:           399648 kB
Mem:          3.8G       3.7G       104M       5.7M        22M       3.3G

MemTotal:        4016004 kB
MemFree:          110880 kB
Active:           398120 kB
Mem:          3.8G       3.7G       107M       5.7M        22M       3.3G

MemTotal:        4016004 kB
MemFree:          126516 kB
Active:           396224 kB
Mem:          3.8G       3.7G       123M       5.7M        22M       3.3G

MemTotal:        4016004 kB
MemFree:          124824 kB
Active:           392744 kB
Mem:          3.8G       3.7G       121M       5.7M        22M       3.3G

MemTotal:        4016004 kB
MemFree:          109708 kB
Active:           391744 kB
Mem:          3.8G       3.7G       106M       5.7M        22M       3.3G

MemTotal:        4016004 kB
MemFree:          132304 kB
Active:           389724 kB
Mem:          3.8G       3.7G       128M       5.7M        22M       3.3G

MemTotal:        4016004 kB
MemFree:          124756 kB
Active:           388592 kB
Mem:          3.8G       3.7G       121M       5.7M        22M       3.3G

MemTotal:        4016004 kB
MemFree:          134860 kB
Active:           386444 kB
Mem:          3.8G       3.7G       131M       5.7M        22M       3.3G

MemTotal:        4016004 kB
MemFree:          127280 kB
Active:           385440 kB
Mem:          3.8G       3.7G       124M       5.7M        22M       3.3G

MemTotal:        4016004 kB
MemFree:          123992 kB
Active:           384308 kB
Mem:          3.8G       3.7G       120M       5.7M        22M       3.3G

MemTotal:        4016004 kB
MemFree:          122848 kB
Active:           384204 kB
Mem:          3.8G       3.7G       119M       5.7M        22M       3.3G

MemTotal:        4016004 kB
MemFree:          127776 kB
Active:           382452 kB
Mem:          3.8G       3.7G       124M       5.7M        22M       3.3G

MemTotal:        4016004 kB
MemFree:          137028 kB
Active:           380420 kB
Mem:          3.8G       3.7G       133M       5.7M        22M       3.3G

MemTotal:        4016004 kB
MemFree:          130252 kB
Active:           379528 kB
Mem:          3.8G       3.7G       126M       5.7M        22M       3.3G

MemTotal:        4016004 kB
MemFree:          123088 kB
Active:           378300 kB
Mem:          3.8G       3.7G       119M       5.7M        22M       3.3G

MemTotal:        4016004 kB
MemFree:          127952 kB
Active:           374636 kB
Mem:          3.8G       3.7G       124M       5.7M        22M       3.3G

MemTotal:        4016004 kB
MemFree:          120540 kB
Active:           373544 kB
Mem:          3.8G       3.7G       117M       5.7M        22M       3.3G

MemTotal:        4016004 kB
MemFree:          112864 kB
Active:           372396 kB
Mem:          3.8G       3.7G       109M       5.7M        22M       3.3G

MemTotal:        4016004 kB
MemFree:          124424 kB
Active:           370512 kB
Mem:          3.8G       3.7G       120M       5.7M        22M       3.3G

MemTotal:        4016004 kB
MemFree:          116236 kB
Active:           369252 kB
Mem:          3.8G       3.7G       113M       5.7M        22M       3.3G

MemTotal:        4016004 kB
MemFree:          125908 kB
Active:           368124 kB
Mem:          3.8G       3.7G       122M       5.7M        22M       3.3G

MemTotal:        4016004 kB
MemFree:          141824 kB
Active:           368124 kB
Mem:          3.8G       3.7G       138M       5.7M        22M       3.3G

MemTotal:        4016004 kB
MemFree:          113932 kB
Active:           368148 kB
Mem:          3.8G       3.7G       111M       5.7M        22M       3.3G

MemTotal:        4016004 kB
MemFree:          113800 kB
Active:           368152 kB
Mem:          3.8G       3.7G       111M       5.7M        22M       3.3G

MemTotal:        4016004 kB
MemFree:          109492 kB
Active:           367040 kB
Mem:          3.8G       3.7G       106M       5.7M        22M       3.3G

MemTotal:        4016004 kB
MemFree:          119292 kB
Active:           365904 kB
Mem:          3.8G       3.7G       116M       5.7M        22M       3.3G

MemTotal:        4016004 kB
MemFree:          133540 kB
Active:           364772 kB
Mem:          3.8G       3.7G       130M       5.7M        22M       3.3G

MemTotal:        4016004 kB
MemFree:          143240 kB
Active:           362744 kB
Mem:          3.8G       3.7G       139M       5.7M        22M       3.3G

MemTotal:        4016004 kB
MemFree:          135812 kB
Active:           361612 kB
Mem:          3.8G       3.7G       132M       5.7M        22M       3.3G

MemTotal:        4016004 kB
MemFree:          129392 kB
Active:           360864 kB
Mem:          3.8G       3.7G       125M       5.7M        22M       3.3G

MemTotal:        4016004 kB
MemFree:          140456 kB
Active:           360896 kB
Mem:          3.8G       3.7G       136M       5.7M        22M       3.3G

MemTotal:        4016004 kB
MemFree:          132360 kB
Active:           361720 kB
Mem:          3.8G       3.7G       129M       5.7M        22M       3.3G

MemTotal:        4016004 kB
MemFree:          143920 kB
Active:           361080 kB
Mem:          3.8G       3.7G       140M       5.7M        22M       3.3G

MemTotal:        4016004 kB
MemFree:          108780 kB
Active:           361108 kB
Mem:          3.8G       3.7G       105M       5.7M        22M       3.3G

MemTotal:        4016004 kB
MemFree:          112840 kB
Active:           361124 kB
Mem:          3.8G       3.7G       109M       5.7M        22M       3.3G

MemTotal:        4016004 kB
MemFree:          112216 kB
Active:           361144 kB
Mem:          3.8G       3.7G       109M       5.7M        22M       3.3G

MemTotal:        4016004 kB
MemFree:          112216 kB
Active:           361144 kB
Mem:          3.8G       3.7G       109M       5.7M        22M       3.3G

MemTotal:        4016004 kB
MemFree:          107920 kB
Active:           361156 kB
Mem:          3.8G       3.7G       104M       5.7M        22M       3.3G

MemTotal:        4016004 kB
MemFree:          124784 kB
Active:           361176 kB
Mem:          3.8G       3.7G       121M       5.7M        22M       3.3G

MemTotal:        4016004 kB
MemFree:          135104 kB
Active:           361072 kB
Mem:          3.8G       3.7G       131M       5.7M        22M       3.3G

MemTotal:        4016004 kB
MemFree:          127772 kB
Active:           361104 kB
Mem:          3.8G       3.7G       124M       5.7M        22M       3.3G

MemTotal:        4016004 kB
MemFree:          125996 kB
Active:           361124 kB
Mem:          3.8G       3.7G       122M       5.7M        23M       3.3G

MemTotal:        4016004 kB
MemFree:          119452 kB
Active:           361144 kB
Mem:          3.8G       3.7G       115M       5.7M        23M       3.3G

MemTotal:        4016004 kB
MemFree:          111296 kB
Active:           361168 kB
Mem:          3.8G       3.7G       108M       5.7M        23M       3.3G

MemTotal:        4016004 kB
MemFree:          116732 kB
Active:           361188 kB
Mem:          3.8G       3.7G       113M       5.7M        23M       3.3G

MemTotal:        4016004 kB
MemFree:          109124 kB
Active:           361232 kB
Mem:          3.8G       3.7G       106M       5.7M        23M       3.3G

MemTotal:        4016004 kB
MemFree:          125880 kB
Active:           361252 kB
Mem:          3.8G       3.7G       122M       5.7M        23M       3.3G

MemTotal:        4016004 kB
MemFree:          121708 kB
Active:           361280 kB
Mem:          3.8G       3.7G       118M       5.7M        23M       3.3G

MemTotal:        4016004 kB
MemFree:          116712 kB
Active:           359004 kB
Mem:          3.8G       3.7G       113M       5.7M        23M       3.3G

MemTotal:        4016004 kB
MemFree:          128748 kB
Active:           359020 kB
Mem:          3.8G       3.7G       125M       5.7M        23M       3.3G

MemTotal:        4016004 kB
MemFree:          110860 kB
Active:           359040 kB
Mem:          3.8G       3.7G       107M       5.7M        23M       3.3G

MemTotal:        4016004 kB
MemFree:          110392 kB
Active:           359044 kB
Mem:          3.8G       3.7G       107M       5.7M        23M       3.3G

MemTotal:        4016004 kB
MemFree:          110584 kB
Active:           359044 kB
Mem:          3.8G       3.7G       107M       5.7M        23M       3.3G

MemTotal:        4016004 kB
MemFree:          110884 kB
Active:           359068 kB
Mem:          3.8G       3.7G       107M       5.7M        23M       3.3G

MemTotal:        4016004 kB
MemFree:          127388 kB
Active:           359092 kB
Mem:          3.8G       3.7G       124M       5.7M        23M       3.3G

MemTotal:        4016004 kB
MemFree:          107576 kB
Active:           359120 kB
Mem:          3.8G       3.7G       104M       5.7M        23M       3.3G

MemTotal:        4016004 kB
MemFree:          112068 kB
Active:           359140 kB
Mem:          3.8G       3.7G       108M       5.7M        23M       3.3G

MemTotal:        4016004 kB
MemFree:          128200 kB
Active:           359164 kB
Mem:          3.8G       3.7G       125M       5.7M        23M       3.3G

MemTotal:        4016004 kB
MemFree:          126880 kB
Active:           359184 kB
Mem:          3.8G       3.7G       123M       5.7M        23M       3.3G

MemTotal:        4016004 kB
MemFree:          133728 kB
Active:           359204 kB
Mem:          3.8G       3.7G       130M       5.7M        23M       3.3G

MemTotal:        4016004 kB
MemFree:          136276 kB
Active:           359228 kB
Mem:          3.8G       3.7G       133M       5.7M        23M       3.3G

MemTotal:        4016004 kB
MemFree:          112500 kB
Active:           359240 kB
Mem:          3.8G       3.7G       109M       5.7M        23M       3.3G

MemTotal:        4016004 kB
MemFree:          104952 kB
Active:           359264 kB
Mem:          3.8G       3.7G       102M       5.7M        23M       3.3G

MemTotal:        4016004 kB
MemFree:          133224 kB
Active:           359284 kB
Mem:          3.8G       3.7G       129M       5.7M        23M       3.3G

MemTotal:        4016004 kB
MemFree:          118064 kB
Active:           359312 kB
Mem:          3.8G       3.7G       114M       5.7M        23M       3.3G

MemTotal:        4016004 kB
MemFree:          126680 kB
Active:           359260 kB
Mem:          3.8G       3.7G       123M       5.7M        23M       3.3G

MemTotal:        4016004 kB
MemFree:          112840 kB
Active:           359300 kB
Mem:          3.8G       3.7G       109M       5.7M        23M       3.3G

MemTotal:        4016004 kB
MemFree:          126452 kB
Active:           359328 kB
Mem:          3.8G       3.7G       122M       5.7M        23M       3.3G

MemTotal:        4016004 kB
MemFree:          119292 kB
Active:           359348 kB
Mem:          3.8G       3.7G       115M       5.7M        23M       3.3G

MemTotal:        4016004 kB
MemFree:          130628 kB
Active:           359368 kB
Mem:          3.8G       3.7G       127M       5.7M        23M       3.3G

MemTotal:        4016004 kB
MemFree:          123096 kB
Active:           359400 kB
Mem:          3.8G       3.7G       119M       5.7M        23M       3.3G

MemTotal:        4016004 kB
MemFree:          115436 kB
Active:           359420 kB
Mem:          3.8G       3.7G       112M       5.7M        23M       3.3G

MemTotal:        4016004 kB
MemFree:          126872 kB
Active:           359440 kB
Mem:          3.8G       3.7G       122M       5.7M        23M       3.3G

MemTotal:        4016004 kB
MemFree:          119196 kB
Active:           359464 kB
Mem:          3.8G       3.7G       115M       5.7M        23M       3.3G

MemTotal:        4016004 kB
MemFree:          112560 kB
Active:           358428 kB
Mem:          3.8G       3.7G       109M       5.7M        23M       3.3G

MemTotal:        4016004 kB
MemFree:          115936 kB
Active:           358444 kB
Mem:          3.8G       3.7G       112M       5.7M        23M       3.3G

MemTotal:        4016004 kB
MemFree:          114136 kB
Active:           358468 kB
Mem:          3.8G       3.7G       111M       5.7M        23M       3.3G

MemTotal:        4016004 kB
MemFree:          124272 kB
Active:           358492 kB
Mem:          3.8G       3.7G       120M       5.7M        23M       3.3G

MemTotal:        4016004 kB
MemFree:          125480 kB
Active:           358520 kB
Mem:          3.8G       3.7G       122M       5.7M        23M       3.3G

MemTotal:        4016004 kB
MemFree:          108676 kB
Active:           358536 kB
Mem:          3.8G       3.7G       105M       5.7M        23M       3.3G

MemTotal:        4016004 kB
MemFree:          118024 kB
Active:           358556 kB
Mem:          3.8G       3.7G       114M       5.7M        23M       3.3G

MemTotal:        4016004 kB
MemFree:          117784 kB
Active:           358560 kB
Mem:          3.8G       3.7G       115M       5.7M        23M       3.3G

MemTotal:        4016004 kB
MemFree:          143112 kB
Active:           358576 kB
Mem:          3.8G       3.7G       139M       5.7M        23M       3.3G

MemTotal:        4016004 kB
MemFree:          135680 kB
Active:           358596 kB
Mem:          3.8G       3.7G       132M       5.7M        23M       3.3G

MemTotal:        4016004 kB
MemFree:          133264 kB
Active:           354696 kB
Mem:          3.8G       3.7G       129M       5.7M        23M       3.3G

MemTotal:        4016004 kB
MemFree:          125620 kB
Active:           354724 kB
Mem:          3.8G       3.7G       121M       5.7M        23M       3.3G

MemTotal:        4016004 kB
MemFree:          111884 kB
Active:           354748 kB
Mem:          3.8G       3.7G       108M       5.7M        23M       3.3G

MemTotal:        4016004 kB
MemFree:          104720 kB
Active:           354772 kB
Mem:          3.8G       3.7G       125M       5.7M        23M       3.3G

MemTotal:        4016004 kB
MemFree:          127688 kB
Active:           354796 kB
Mem:          3.8G       3.7G       123M       5.7M        23M       3.3G

MemTotal:        4016004 kB
MemFree:          108280 kB
Active:           354692 kB
Mem:          3.8G       3.7G       105M       5.7M        23M       3.3G

MemTotal:        4016004 kB
MemFree:          123180 kB
Active:           354708 kB
Mem:          3.8G       3.7G       119M       5.7M        23M       3.3G

MemTotal:        4016004 kB
MemFree:          122704 kB
Active:           354724 kB
Mem:          3.8G       3.7G       119M       5.7M        23M       3.3G

MemTotal:        4016004 kB
MemFree:          126324 kB
Active:           354740 kB
Mem:          3.8G       3.7G       122M       5.7M        23M       3.3G

MemTotal:        4016004 kB
MemFree:          118652 kB
Active:           354760 kB
Mem:          3.8G       3.7G       115M       5.7M        23M       3.3G

MemTotal:        4016004 kB
MemFree:          112548 kB
Active:           353484 kB
Mem:          3.8G       3.7G       109M       5.7M        23M       3.3G

MemTotal:        4016004 kB
MemFree:          116916 kB
Active:           353508 kB
Mem:          3.8G       3.7G       113M       5.7M        24M       3.3G

MemTotal:        4016004 kB
MemFree:          114712 kB
Active:           353536 kB
Mem:          3.8G       3.7G       111M       5.7M        24M       3.3G

MemTotal:        4016004 kB
MemFree:          107424 kB
Active:           353556 kB
Mem:          3.8G       3.7G       104M       5.7M        24M       3.3G

MemTotal:        4016004 kB
MemFree:          111668 kB
Active:           353580 kB
Mem:          3.8G       3.7G       108M       5.7M        24M       3.3G

MemTotal:        4016004 kB
MemFree:          121864 kB
Active:           353600 kB
Mem:          3.8G       3.7G       118M       5.7M        24M       3.3G

MemTotal:        4016004 kB
MemFree:          114420 kB
Active:           353620 kB
Mem:          3.8G       3.7G       110M       5.7M        24M       3.3G

MemTotal:        4016004 kB
MemFree:          107752 kB
Active:           353660 kB
Mem:          3.8G       3.7G       104M       5.7M        24M       3.3G

MemTotal:        4016004 kB
MemFree:          129284 kB
Active:           349216 kB
Mem:          3.8G       3.7G       126M       5.7M        24M       3.3G

MemTotal:        4016004 kB
MemFree:          126684 kB
Active:           349068 kB
Mem:          3.8G       3.7G       122M       5.7M        24M       3.3G

MemTotal:        4016004 kB
MemFree:          119244 kB
Active:           349088 kB
Mem:          3.8G       3.7G       116M       5.7M        24M       3.3G

MemTotal:        4016004 kB
MemFree:          111784 kB
Active:           349112 kB
Mem:          3.8G       3.7G       108M       5.7M        24M       3.3G

MemTotal:        4016004 kB
MemFree:          134976 kB
Active:           349128 kB
Mem:          3.8G       3.7G       131M       5.7M        24M       3.3G

MemTotal:        4016004 kB
MemFree:          125328 kB
Active:           349148 kB
Mem:          3.8G       3.7G       122M       5.7M        24M       3.3G

MemTotal:        4016004 kB
MemFree:          129812 kB
Active:           349176 kB
Mem:          3.8G       3.7G       126M       5.7M        24M       3.3G

MemTotal:        4016004 kB
MemFree:          110868 kB
Active:           349196 kB
Mem:          3.8G       3.7G       107M       5.7M        24M       3.3G

MemTotal:        4016004 kB
MemFree:          127620 kB
Active:           349220 kB
Mem:          3.8G       3.7G       124M       5.7M        24M       3.3G

MemTotal:        4016004 kB
MemFree:          126424 kB
Active:           349248 kB
Mem:          3.8G       3.7G       123M       5.7M        24M       3.3G

MemTotal:        4016004 kB
MemFree:          107152 kB
Active:           349268 kB
Mem:          3.8G       3.7G       104M       5.7M        24M       3.3G

MemTotal:        4016004 kB
MemFree:          125368 kB
Active:           347748 kB
Mem:          3.8G       3.7G       122M       5.7M        24M       3.3G

MemTotal:        4016004 kB
MemFree:          131056 kB
Active:           347768 kB
Mem:          3.8G       3.7G       127M       5.7M        24M       3.3G

MemTotal:        4016004 kB
MemFree:          121088 kB
Active:           347780 kB
Mem:          3.8G       3.7G       117M       5.7M        24M       3.3G

MemTotal:        4016004 kB
MemFree:          106832 kB
Active:           347788 kB
Mem:          3.8G       3.7G       104M       5.7M        24M       3.3G

MemTotal:        4016004 kB
MemFree:          106840 kB
Active:           347792 kB
Mem:          3.8G       3.7G       104M       5.7M        24M       3.3G

MemTotal:        4016004 kB
MemFree:          124980 kB
Active:           347816 kB
Mem:          3.8G       3.7G       121M       5.7M        24M       3.3G

MemTotal:        4016004 kB
MemFree:          134780 kB
Active:           347840 kB
Mem:          3.8G       3.7G       131M       5.7M        24M       3.3G

MemTotal:        4016004 kB
MemFree:          127268 kB
Active:           347864 kB
Mem:          3.8G       3.7G       124M       5.7M        24M       3.3G

MemTotal:        4016004 kB
MemFree:          125676 kB
Active:           347900 kB
Mem:          3.8G       3.7G       122M       5.7M        24M       3.3G

MemTotal:        4016004 kB
MemFree:          118636 kB
Active:           347928 kB
Mem:          3.8G       3.7G       115M       5.7M        24M       3.3G

MemTotal:        4016004 kB
MemFree:          111084 kB
Active:           347948 kB
Mem:          3.8G       3.7G       108M       5.7M        24M       3.3G

MemTotal:        4016004 kB
MemFree:          127712 kB
Active:           347968 kB
Mem:          3.8G       3.7G       124M       5.7M        24M       3.3G

MemTotal:        4016004 kB
MemFree:          127836 kB
Active:           346504 kB
Mem:          3.8G       3.7G       124M       5.7M        24M       3.3G

MemTotal:        4016004 kB
MemFree:          125888 kB
Active:           346532 kB
Mem:          3.8G       3.7G       122M       5.7M        24M       3.3G

MemTotal:        4016004 kB
MemFree:          135444 kB
Active:           346552 kB
Mem:          3.8G       3.7G       131M       5.7M        24M       3.3G

MemTotal:        4016004 kB
MemFree:          134252 kB
Active:           346572 kB
Mem:          3.8G       3.7G       130M       5.7M        24M       3.3G

MemTotal:        4016004 kB
MemFree:          133144 kB
Active:           346592 kB
Mem:          3.8G       3.7G       129M       5.7M        24M       3.3G

MemTotal:        4016004 kB
MemFree:          136960 kB
Active:           346616 kB
Mem:          3.8G       3.7G       133M       5.7M        24M       3.3G

MemTotal:        4016004 kB
MemFree:          141452 kB
Active:           346644 kB
Mem:          3.8G       3.7G       137M       5.7M        24M       3.2G

MemTotal:        4016004 kB
MemFree:          134784 kB
Active:           346664 kB
Mem:          3.8G       3.7G       131M       5.7M        24M       3.3G

MemTotal:        4016004 kB
MemFree:          127372 kB
Active:           346684 kB
Mem:          3.8G       3.7G       123M       5.7M        24M       3.3G

MemTotal:        4016004 kB
MemFree:          130376 kB
Active:           346708 kB
Mem:          3.8G       3.7G       126M       5.7M        24M       3.3G

MemTotal:        4016004 kB
MemFree:          124888 kB
Active:           346728 kB
Mem:          3.8G       3.7G       120M       5.7M        24M       3.3G

MemTotal:        4016004 kB
MemFree:          131216 kB
Active:           346760 kB
Mem:          3.8G       3.7G       127M       5.7M        24M       3.3G

MemTotal:        4016004 kB
MemFree:          134720 kB
Active:           346580 kB
Mem:          3.8G       3.7G       130M       5.7M        24M       3.3G

MemTotal:        4016004 kB
MemFree:          106548 kB
Active:           346604 kB
Mem:          3.8G       3.7G       103M       5.7M        24M       3.3G

MemTotal:        4016004 kB
MemFree:          141376 kB
Active:           346616 kB
Mem:          3.8G       3.7G       137M       5.7M        24M       3.2G

MemTotal:        4016004 kB
MemFree:          126728 kB
Active:           346636 kB
Mem:          3.8G       3.7G       123M       5.7M        24M       3.3G

MemTotal:        4016004 kB
MemFree:          126096 kB
Active:           346648 kB
Mem:          3.8G       3.7G       122M       5.7M        24M       3.3G

MemTotal:        4016004 kB
MemFree:          128144 kB
Active:           346664 kB
Mem:          3.8G       3.7G       124M       5.7M        24M       3.3G

MemTotal:        4016004 kB
MemFree:          121492 kB
Active:           346684 kB
Mem:          3.8G       3.7G       118M       5.7M        24M       3.3G

MemTotal:        4016004 kB
MemFree:          113956 kB
Active:           346708 kB
Mem:          3.8G       3.7G       110M       5.7M        24M       3.3G

MemTotal:        4016004 kB
MemFree:          118572 kB
Active:           346728 kB
Mem:          3.8G       3.7G       115M       5.7M        24M       3.3G

MemTotal:        4016004 kB
MemFree:          111036 kB
Active:           346756 kB
Mem:          3.8G       3.7G       107M       5.7M        25M       3.3G

MemTotal:        4016004 kB
MemFree:          127796 kB
Active:           346780 kB
Mem:          3.8G       3.7G       124M       5.7M        25M       3.3G

MemTotal:        4016004 kB
MemFree:          106568 kB
Active:           349108 kB
Mem:          3.8G       3.7G       103M       5.7M        26M       3.3G

MemTotal:        4016004 kB
MemFree:          123384 kB
Active:           349900 kB
Mem:          3.8G       3.7G       119M       5.7M        27M       3.3G

MemTotal:        4016004 kB
MemFree:          110180 kB
Active:           350476 kB
Mem:          3.8G       3.7G       107M       5.7M        27M       3.3G

MemTotal:        4016004 kB
MemFree:          109640 kB
Active:           350488 kB
Mem:          3.8G       3.7G       107M       5.7M        27M       3.3G

MemTotal:        4016004 kB
MemFree:          128980 kB
Active:           345908 kB
Mem:          3.8G       3.7G       125M       5.7M        27M       3.3G

MemTotal:        4016004 kB
MemFree:          119716 kB
Active:           345908 kB
Mem:          3.8G       3.7G       116M       5.7M        27M       3.3G

MemTotal:        4016004 kB
MemFree:          110448 kB
Active:           345908 kB
Mem:          3.8G       3.7G       107M       5.7M        27M       3.3G

MemTotal:        4016004 kB
MemFree:          125348 kB
Active:           345908 kB
Mem:          3.8G       3.7G       122M       5.7M        27M       3.3G

MemTotal:        4016004 kB
MemFree:          127724 kB
Active:           345916 kB
Mem:          3.8G       3.7G       124M       5.7M        27M       3.3G

MemTotal:        4016004 kB
MemFree:          137284 kB
Active:           345872 kB
Mem:          3.8G       3.7G       133M       5.7M        27M       3.2G

MemTotal:        4016004 kB
MemFree:          126772 kB
Active:           345916 kB
Mem:          3.8G       3.7G       123M       5.7M        27M       3.3G

MemTotal:        4016004 kB
MemFree:          127776 kB
Active:           345916 kB
Mem:          3.8G       3.7G       124M       5.7M        27M       3.3G

MemTotal:        4016004 kB
MemFree:          110816 kB
Active:           345936 kB
Mem:          3.8G       3.7G       107M       5.7M        27M       3.3G

MemTotal:        4016004 kB
MemFree:          128008 kB
Active:           345940 kB
Mem:          3.8G       3.7G       124M       5.7M        27M       3.3G

MemTotal:        4016004 kB
MemFree:          137324 kB
Active:           345940 kB
Mem:          3.8G       3.7G       133M       5.7M        27M       3.2G

MemTotal:        4016004 kB
MemFree:          119340 kB
Active:           345948 kB
Mem:          3.8G       3.7G       116M       5.7M        27M       3.3G

MemTotal:        4016004 kB
MemFree:          112164 kB
Active:           345964 kB
Mem:          3.8G       3.7G       109M       5.7M        27M       3.3G

MemTotal:        4016004 kB
MemFree:          118236 kB
Active:           343896 kB
Mem:          3.8G       3.7G       114M       5.7M        27M       3.3G

MemTotal:        4016004 kB
MemFree:          135816 kB
Active:           343896 kB
Mem:          3.8G       3.7G       132M       5.7M        27M       3.2G

MemTotal:        4016004 kB
MemFree:          107700 kB
Active:           343904 kB
Mem:          3.8G       3.7G       104M       5.7M        27M       3.3G

MemTotal:        4016004 kB
MemFree:          116268 kB
Active:           343904 kB
Mem:          3.8G       3.7G       112M       5.7M        27M       3.3G

MemTotal:        4016004 kB
MemFree:          106748 kB
Active:           343908 kB
Mem:          3.8G       3.7G       103M       5.7M        27M       3.3G

MemTotal:        4016004 kB
MemFree:          134040 kB
Active:           343912 kB
Mem:          3.8G       3.7G       130M       5.7M        27M       3.2G

MemTotal:        4016004 kB
MemFree:          135472 kB
Active:           343920 kB
Mem:          3.8G       3.7G       132M       5.7M        27M       3.2G

MemTotal:        4016004 kB
MemFree:          126596 kB
Active:           343920 kB
Mem:          3.8G       3.7G       123M       5.7M        27M       3.3G

MemTotal:        4016004 kB
MemFree:          114972 kB
Active:           343920 kB
Mem:          3.8G       3.7G       112M       5.7M        28M       3.3G

MemTotal:        4016004 kB
MemFree:          117620 kB
Active:           343936 kB
Mem:          3.8G       3.7G       114M       5.7M        28M       3.3G

MemTotal:        4016004 kB
MemFree:          127252 kB
Active:           343940 kB
Mem:          3.8G       3.7G       123M       5.7M        28M       3.3G

MemTotal:        4016004 kB
MemFree:          126440 kB
Active:           343956 kB
Mem:          3.8G       3.7G       123M       5.7M        28M       3.3G

MemTotal:        4016004 kB
MemFree:          126536 kB
Active:           343956 kB
Mem:          3.8G       3.7G       123M       5.7M        28M       3.3G

MemTotal:        4016004 kB
MemFree:          114320 kB
Active:           343964 kB
Mem:          3.8G       3.7G       111M       5.7M        28M       3.3G

MemTotal:        4016004 kB
MemFree:          104864 kB
Active:           343968 kB
Mem:          3.8G       3.7G       125M       5.7M        28M       3.3G

MemTotal:        4016004 kB
MemFree:          125816 kB
Active:           343968 kB
Mem:          3.8G       3.7G       122M       5.7M        28M       3.3G

MemTotal:        4016004 kB
MemFree:          131068 kB
Active:           343976 kB
Mem:          3.8G       3.7G       127M       5.7M        28M       3.2G

MemTotal:        4016004 kB
MemFree:          139404 kB
Active:           343976 kB
Mem:          3.8G       3.7G       135M       5.7M        28M       3.2G

MemTotal:        4016004 kB
MemFree:          127180 kB
Active:           341060 kB
Mem:          3.8G       3.7G       123M       5.7M        28M       3.3G

MemTotal:        4016004 kB
MemFree:          117784 kB
Active:           341060 kB
Mem:          3.8G       3.7G       114M       5.7M        28M       3.3G

MemTotal:        4016004 kB
MemFree:          108248 kB
Active:           341060 kB
Mem:          3.8G       3.7G       105M       5.7M        28M       3.3G

MemTotal:        4016004 kB
MemFree:          147460 kB
Active:           341060 kB
Mem:          3.8G       3.7G       143M       5.7M        28M       3.2G

MemTotal:        4016004 kB
MemFree:          126108 kB
Active:           341068 kB
Mem:          3.8G       3.7G       122M       5.7M        28M       3.3G

MemTotal:        4016004 kB
MemFree:          105016 kB
Active:           341068 kB
Mem:          3.8G       3.7G       125M       5.7M        28M       3.3G

MemTotal:        4016004 kB
MemFree:          136588 kB
Active:           341080 kB
Mem:          3.8G       3.7G       133M       5.7M        28M       3.2G

MemTotal:        4016004 kB
MemFree:          130360 kB
Active:           341088 kB
Mem:          3.8G       3.7G       127M       5.7M        28M       3.2G

MemTotal:        4016004 kB
MemFree:          108348 kB
Active:           341100 kB
Mem:          3.8G       3.7G       105M       5.7M        28M       3.3G

MemTotal:        4016004 kB
MemFree:          108228 kB
Active:           341104 kB
Mem:          3.8G       3.7G       105M       5.7M        28M       3.3G

MemTotal:        4016004 kB
MemFree:          121888 kB
Active:           341108 kB
Mem:          3.8G       3.7G       118M       5.7M        28M       3.3G

MemTotal:        4016004 kB
MemFree:          137664 kB
Active:           341108 kB
Mem:          3.8G       3.7G       133M       5.7M        28M       3.2G

MemTotal:        4016004 kB
MemFree:          140652 kB
Active:           341108 kB
Mem:          3.8G       3.7G       137M       5.7M        28M       3.2G

MemTotal:        4016004 kB
MemFree:          142528 kB
Active:           341116 kB
Mem:          3.8G       3.7G       138M       5.7M        28M       3.2G

MemTotal:        4016004 kB
MemFree:          107352 kB
Active:           340820 kB
Mem:          3.8G       3.7G       104M       5.7M        28M       3.3G

MemTotal:        4016004 kB
MemFree:          107260 kB
Active:           340804 kB
Mem:          3.8G       3.7G       104M       5.7M        28M       3.3G

MemTotal:        4016004 kB
MemFree:          107136 kB
Active:           340804 kB
Mem:          3.8G       3.7G       104M       5.7M        28M       3.3G

MemTotal:        4016004 kB
MemFree:          107136 kB
Active:           340804 kB
Mem:          3.8G       3.7G       104M       5.7M        28M       3.3G

MemTotal:        4016004 kB
MemFree:          107136 kB
Active:           340804 kB
Mem:          3.8G       3.7G       104M       5.7M        28M       3.3G

MemTotal:        4016004 kB
MemFree:          107136 kB
Active:           340812 kB
Mem:          3.8G       3.7G       104M       5.7M        28M       3.3G

MemTotal:        4016004 kB
MemFree:          107136 kB
Active:           340812 kB
Mem:          3.8G       3.7G       104M       5.7M        28M       3.3G

MemTotal:        4016004 kB
MemFree:          107136 kB
Active:           340816 kB
Mem:          3.8G       3.7G       104M       5.7M        28M       3.3G

MemTotal:        4016004 kB
MemFree:          107012 kB
Active:           340824 kB
Mem:          3.8G       3.7G       104M       5.7M        28M       3.3G

MemTotal:        4016004 kB
MemFree:          107012 kB
Active:           340824 kB
Mem:          3.8G       3.7G       104M       5.7M        28M       3.3G

MemTotal:        4016004 kB
MemFree:          107012 kB
Active:           340824 kB
Mem:          3.8G       3.7G       104M       5.7M        28M       3.3G

MemTotal:        4016004 kB
MemFree:          107012 kB
Active:           340824 kB
Mem:          3.8G       3.7G       104M       5.7M        28M       3.3G

MemTotal:        4016004 kB
MemFree:          107012 kB
Active:           340824 kB
Mem:          3.8G       3.7G       104M       5.7M        28M       3.3G

MemTotal:        4016004 kB
MemFree:          107012 kB
Active:           340824 kB
Mem:          3.8G       3.7G       104M       5.7M        28M       3.3G

MemTotal:        4016004 kB
MemFree:          107012 kB
Active:           340832 kB
Mem:          3.8G       3.7G       104M       5.7M        28M       3.3G

MemTotal:        4016004 kB
MemFree:          107012 kB
Active:           340832 kB
Mem:          3.8G       3.7G       104M       5.7M        28M       3.3G

MemTotal:        4016004 kB
MemFree:          107012 kB
Active:           340832 kB
Mem:          3.8G       3.7G       104M       5.7M        28M       3.3G

MemTotal:        4016004 kB
MemFree:          107012 kB
Active:           340832 kB
Mem:          3.8G       3.7G       104M       5.7M        28M       3.3G

MemTotal:        4016004 kB
MemFree:          107012 kB
Active:           340832 kB
Mem:          3.8G       3.7G       104M       5.7M        28M       3.3G

MemTotal:        4016004 kB
MemFree:          107012 kB
Active:           340832 kB
Mem:          3.8G       3.7G       104M       5.7M        28M       3.3G

MemTotal:        4016004 kB
MemFree:          107012 kB
Active:           340836 kB
Mem:          3.8G       3.7G       104M       5.7M        28M       3.3G

MemTotal:        4016004 kB
MemFree:          107012 kB
Active:           340836 kB
Mem:          3.8G       3.7G       104M       5.7M        28M       3.3G

MemTotal:        4016004 kB
MemFree:          107012 kB
Active:           340840 kB
Mem:          3.8G       3.7G       104M       5.7M        28M       3.3G

MemTotal:        4016004 kB
MemFree:          106684 kB
Active:           340840 kB
Mem:          3.8G       3.7G       104M       5.7M        28M       3.3G

MemTotal:        4016004 kB
MemFree:          106724 kB
Active:           340852 kB
Mem:          3.8G       3.7G       104M       5.7M        28M       3.3G

MemTotal:        4016004 kB
MemFree:          106964 kB
Active:           340852 kB
Mem:          3.8G       3.7G       104M       5.7M        28M       3.3G

MemTotal:        4016004 kB
MemFree:          107060 kB
Active:           340856 kB
Mem:          3.8G       3.7G       104M       5.7M        28M       3.3G

MemTotal:        4016004 kB
MemFree:          107060 kB
Active:           340856 kB
Mem:          3.8G       3.7G       104M       5.7M        28M       3.3G

MemTotal:        4016004 kB
MemFree:          107060 kB
Active:           340864 kB
Mem:          3.8G       3.7G       104M       5.7M        28M       3.3G

MemTotal:        4016004 kB
MemFree:          107060 kB
Active:           340868 kB
Mem:          3.8G       3.7G       104M       5.7M        28M       3.3G

MemTotal:        4016004 kB
MemFree:          107060 kB
Active:           340868 kB
Mem:          3.8G       3.7G       104M       5.7M        28M       3.3G

MemTotal:        4016004 kB
MemFree:          107060 kB
Active:           340868 kB
Mem:          3.8G       3.7G       104M       5.7M        28M       3.3G

MemTotal:        4016004 kB
MemFree:          107060 kB
Active:           340876 kB
Mem:          3.8G       3.7G       104M       5.7M        28M       3.3G

MemTotal:        4016004 kB
MemFree:          107060 kB
Active:           340876 kB
Mem:          3.8G       3.7G       104M       5.7M        28M       3.3G

MemTotal:        4016004 kB
MemFree:          107060 kB
Active:           340884 kB
Mem:          3.8G       3.7G       104M       5.7M        28M       3.3G

MemTotal:        4016004 kB
MemFree:          107060 kB
Active:           340884 kB
Mem:          3.8G       3.7G       104M       5.7M        28M       3.3G

MemTotal:        4016004 kB
MemFree:          107060 kB
Active:           340888 kB
Mem:          3.8G       3.7G       104M       5.7M        28M       3.3G

MemTotal:        4016004 kB
MemFree:          107060 kB
Active:           340888 kB
Mem:          3.8G       3.7G       104M       5.7M        28M       3.3G

MemTotal:        4016004 kB
MemFree:          107060 kB
Active:           340888 kB
Mem:          3.8G       3.7G       104M       5.7M        28M       3.3G

MemTotal:        4016004 kB
MemFree:          107060 kB
Active:           340888 kB
Mem:          3.8G       3.7G       104M       5.7M        28M       3.3G

MemTotal:        4016004 kB
MemFree:          107060 kB
Active:           340900 kB
Mem:          3.8G       3.7G       104M       5.7M        28M       3.3G

MemTotal:        4016004 kB
MemFree:          107060 kB
Active:           340900 kB
Mem:          3.8G       3.7G       104M       5.7M        28M       3.3G

MemTotal:        4016004 kB
MemFree:          107060 kB
Active:           340900 kB
Mem:          3.8G       3.7G       104M       5.7M        28M       3.3G

MemTotal:        4016004 kB
MemFree:          107060 kB
Active:           340900 kB
Mem:          3.8G       3.7G       104M       5.7M        28M       3.3G

MemTotal:        4016004 kB
MemFree:          107060 kB
Active:           340904 kB
Mem:          3.8G       3.7G       104M       5.7M        28M       3.3G

MemTotal:        4016004 kB
MemFree:          107060 kB
Active:           340912 kB
Mem:          3.8G       3.7G       104M       5.7M        28M       3.3G

MemTotal:        4016004 kB
MemFree:          107060 kB
Active:           340912 kB
Mem:          3.8G       3.7G       104M       5.7M        28M       3.3G

MemTotal:        4016004 kB
MemFree:          107060 kB
Active:           340912 kB
Mem:          3.8G       3.7G       104M       5.7M        28M       3.3G

MemTotal:        4016004 kB
MemFree:          107060 kB
Active:           340912 kB
Mem:          3.8G       3.7G       104M       5.7M        28M       3.3G

MemTotal:        4016004 kB
MemFree:          107060 kB
Active:           340912 kB
Mem:          3.8G       3.7G       104M       5.7M        28M       3.3G

MemTotal:        4016004 kB
MemFree:          107060 kB
Active:           340916 kB
Mem:          3.8G       3.7G       104M       5.7M        28M       3.3G

MemTotal:        4016004 kB
MemFree:          106936 kB
Active:           340916 kB
Mem:          3.8G       3.7G       104M       5.7M        28M       3.3G

MemTotal:        4016004 kB
MemFree:          106936 kB
Active:           340916 kB
Mem:          3.8G       3.7G       104M       5.7M        28M       3.3G

MemTotal:        4016004 kB
MemFree:          106936 kB
Active:           340916 kB
Mem:          3.8G       3.7G       104M       5.7M        28M       3.3G

MemTotal:        4016004 kB
MemFree:          106936 kB
Active:           340916 kB
Mem:          3.8G       3.7G       104M       5.7M        28M       3.3G

MemTotal:        4016004 kB
MemFree:          106936 kB
Active:           340916 kB
Mem:          3.8G       3.7G       104M       5.7M        28M       3.3G

MemTotal:        4016004 kB
MemFree:          106928 kB
Active:           341072 kB
Mem:          3.8G       3.7G       104M       5.7M        28M       3.3G

MemTotal:        4016004 kB
MemFree:          106804 kB
Active:           341080 kB
Mem:          3.8G       3.7G       104M       5.7M        28M       3.3G

MemTotal:        4016004 kB
MemFree:          106804 kB
Active:           341080 kB
Mem:          3.8G       3.7G       104M       5.7M        28M       3.3G

MemTotal:        4016004 kB
MemFree:          106804 kB
Active:           341080 kB
Mem:          3.8G       3.7G       104M       5.7M        28M       3.3G

MemTotal:        4016004 kB
MemFree:          106788 kB
Active:           341100 kB
Mem:          3.8G       3.7G       104M       5.7M        28M       3.3G

MemTotal:        4016004 kB
MemFree:          106672 kB
Active:           341100 kB
Mem:          3.8G       3.7G       104M       5.7M        28M       3.3G

MemTotal:        4016004 kB
MemFree:          106672 kB
Active:           341108 kB
Mem:          3.8G       3.7G       104M       5.7M        28M       3.3G

MemTotal:        4016004 kB
MemFree:          106672 kB
Active:           341108 kB
Mem:          3.8G       3.7G       104M       5.7M        28M       3.3G

MemTotal:        4016004 kB
MemFree:          106672 kB
Active:           341116 kB
Mem:          3.8G       3.7G       104M       5.7M        28M       3.3G

MemTotal:        4016004 kB
MemFree:          106672 kB
Active:           341116 kB
Mem:          3.8G       3.7G       104M       5.7M        28M       3.3G

MemTotal:        4016004 kB
MemFree:          106672 kB
Active:           341116 kB
Mem:          3.8G       3.7G       104M       5.7M        28M       3.3G

MemTotal:        4016004 kB
MemFree:          106672 kB
Active:           341116 kB
Mem:          3.8G       3.7G       104M       5.7M        28M       3.3G

MemTotal:        4016004 kB
MemFree:          106672 kB
Active:           341116 kB
Mem:          3.8G       3.7G       104M       5.7M        28M       3.3G

MemTotal:        4016004 kB
MemFree:          106672 kB
Active:           341116 kB
Mem:          3.8G       3.7G       104M       5.7M        28M       3.3G

MemTotal:        4016004 kB
MemFree:          106672 kB
Active:           341124 kB
Mem:          3.8G       3.7G       104M       5.7M        28M       3.3G

MemTotal:        4016004 kB
MemFree:          106672 kB
Active:           341124 kB
Mem:          3.8G       3.7G       104M       5.7M        28M       3.3G

MemTotal:        4016004 kB
MemFree:          106672 kB
Active:           341124 kB
Mem:          3.8G       3.7G       104M       5.7M        28M       3.3G

MemTotal:        4016004 kB
MemFree:          106672 kB
Active:           341124 kB
Mem:          3.8G       3.7G       104M       5.7M        28M       3.3G

MemTotal:        4016004 kB
MemFree:          106672 kB
Active:           341124 kB
Mem:          3.8G       3.7G       104M       5.7M        28M       3.3G

MemTotal:        4016004 kB
MemFree:          106548 kB
Active:           341124 kB
Mem:          3.8G       3.7G       104M       5.7M        28M       3.3G

MemTotal:        4016004 kB
MemFree:          106564 kB
Active:           341120 kB
Mem:          3.8G       3.7G       104M       5.7M        28M       3.3G

MemTotal:        4016004 kB
MemFree:          106564 kB
Active:           341124 kB
Mem:          3.8G       3.7G       104M       5.7M        28M       3.3G

MemTotal:        4016004 kB
MemFree:          106564 kB
Active:           341124 kB
Mem:          3.8G       3.7G       104M       5.7M        28M       3.3G

MemTotal:        4016004 kB
MemFree:          106564 kB
Active:           341124 kB
Mem:          3.8G       3.7G       104M       5.7M        28M       3.3G

MemTotal:        4016004 kB
MemFree:          106564 kB
Active:           341132 kB
Mem:          3.8G       3.7G       104M       5.7M        28M       3.3G

MemTotal:        4016004 kB
MemFree:          106564 kB
Active:           341132 kB
Mem:          3.8G       3.7G       104M       5.7M        28M       3.3G

MemTotal:        4016004 kB
MemFree:          106564 kB
Active:           341132 kB
Mem:          3.8G       3.7G       104M       5.7M        28M       3.3G

MemTotal:        4016004 kB
MemFree:          106564 kB
Active:           341132 kB
Mem:          3.8G       3.7G       104M       5.7M        28M       3.3G

MemTotal:        4016004 kB
MemFree:          106564 kB
Active:           341136 kB
Mem:          3.8G       3.7G       104M       5.7M        28M       3.3G

MemTotal:        4016004 kB
MemFree:          106564 kB
Active:           341140 kB
Mem:          3.8G       3.7G       104M       5.7M        28M       3.3G

MemTotal:        4016004 kB
MemFree:          106564 kB
Active:           341140 kB
Mem:          3.8G       3.7G       104M       5.7M        28M       3.3G

MemTotal:        4016004 kB
MemFree:          106564 kB
Active:           341148 kB
Mem:          3.8G       3.7G       104M       5.7M        28M       3.3G

MemTotal:        4016004 kB
MemFree:          106564 kB
Active:           341148 kB
Mem:          3.8G       3.7G       104M       5.7M        28M       3.3G

MemTotal:        4016004 kB
MemFree:          106688 kB
Active:           341152 kB
Mem:          3.8G       3.7G       104M       5.7M        28M       3.3G

MemTotal:        4016004 kB
MemFree:          106688 kB
Active:           341152 kB
Mem:          3.8G       3.7G       104M       5.7M        28M       3.3G

MemTotal:        4016004 kB
MemFree:          106688 kB
Active:           341156 kB
Mem:          3.8G       3.7G       104M       5.7M        28M       3.3G

MemTotal:        4016004 kB
MemFree:          106688 kB
Active:           341156 kB
Mem:          3.8G       3.7G       104M       5.7M        28M       3.3G

MemTotal:        4016004 kB
MemFree:          106688 kB
Active:           341156 kB
Mem:          3.8G       3.7G       104M       5.7M        28M       3.3G

MemTotal:        4016004 kB
MemFree:          106688 kB
Active:           341156 kB
Mem:          3.8G       3.7G       104M       5.7M        28M       3.3G

MemTotal:        4016004 kB
MemFree:          106688 kB
Active:           341156 kB
Mem:          3.8G       3.7G       104M       5.7M        28M       3.3G

MemTotal:        4016004 kB
MemFree:          106688 kB
Active:           341172 kB
Mem:          3.8G       3.7G       104M       5.7M        28M       3.3G

MemTotal:        4016004 kB
MemFree:          106688 kB
Active:           341172 kB
Mem:          3.8G       3.7G       104M       5.7M        28M       3.3G

MemTotal:        4016004 kB
MemFree:          106688 kB
Active:           341176 kB
Mem:          3.8G       3.7G       104M       5.7M        28M       3.3G

MemTotal:        4016004 kB
MemFree:          106564 kB
Active:           341176 kB
Mem:          3.8G       3.7G       104M       5.7M        28M       3.3G

MemTotal:        4016004 kB
MemFree:          106564 kB
Active:           341176 kB
Mem:          3.8G       3.7G       104M       5.7M        28M       3.3G

MemTotal:        4016004 kB
MemFree:          106564 kB
Active:           341176 kB
Mem:          3.8G       3.7G       104M       5.7M        28M       3.3G

MemTotal:        4016004 kB
MemFree:          106564 kB
Active:           341184 kB
Mem:          3.8G       3.7G       104M       5.7M        28M       3.3G

MemTotal:        4016004 kB
MemFree:          106564 kB
Active:           341184 kB
Mem:          3.8G       3.7G       104M       5.7M        28M       3.3G

MemTotal:        4016004 kB
MemFree:          106564 kB
Active:           341184 kB
Mem:          3.8G       3.7G       104M       5.7M        28M       3.3G

MemTotal:        4016004 kB
MemFree:          106564 kB
Active:           341188 kB
Mem:          3.8G       3.7G       104M       5.7M        28M       3.3G

MemTotal:        4016004 kB
MemFree:          106564 kB
Active:           341188 kB
Mem:          3.8G       3.7G       104M       5.7M        28M       3.3G

MemTotal:        4016004 kB
MemFree:          106564 kB
Active:           341188 kB
Mem:          3.8G       3.7G       104M       5.7M        28M       3.3G

MemTotal:        4016004 kB
MemFree:          106564 kB
Active:           341188 kB
Mem:          3.8G       3.7G       104M       5.7M        28M       3.3G

MemTotal:        4016004 kB
MemFree:          106564 kB
Active:           341188 kB
Mem:          3.8G       3.7G       104M       5.7M        28M       3.3G

MemTotal:        4016004 kB
MemFree:          106564 kB
Active:           341188 kB
Mem:          3.8G       3.7G       104M       5.7M        28M       3.3G

MemTotal:        4016004 kB
MemFree:          106564 kB
Active:           341196 kB
Mem:          3.8G       3.7G       104M       5.7M        28M       3.3G

MemTotal:        4016004 kB
MemFree:          106564 kB
Active:           341196 kB
Mem:          3.8G       3.7G       104M       5.7M        28M       3.3G

MemTotal:        4016004 kB
MemFree:          106564 kB
Active:           341196 kB
Mem:          3.8G       3.7G       104M       5.7M        28M       3.3G

MemTotal:        4016004 kB
MemFree:          106564 kB
Active:           341196 kB
Mem:          3.8G       3.7G       104M       5.7M        28M       3.3G

MemTotal:        4016004 kB
MemFree:          106564 kB
Active:           341196 kB
Mem:          3.8G       3.7G       104M       5.7M        28M       3.3G

MemTotal:        4016004 kB
MemFree:          106564 kB
Active:           341196 kB
Mem:          3.8G       3.7G       104M       5.7M        28M       3.3G

MemTotal:        4016004 kB
MemFree:          106564 kB
Active:           341200 kB
Mem:          3.8G       3.7G       104M       5.7M        28M       3.3G

MemTotal:        4016004 kB
MemFree:          106564 kB
Active:           341200 kB
Mem:          3.8G       3.7G       104M       5.7M        28M       3.3G

MemTotal:        4016004 kB
MemFree:          106564 kB
Active:           341204 kB
Mem:          3.8G       3.7G       104M       5.7M        28M       3.3G

MemTotal:        4016004 kB
MemFree:          106564 kB
Active:           341212 kB
Mem:          3.8G       3.7G       104M       5.7M        28M       3.3G

MemTotal:        4016004 kB
MemFree:          106564 kB
Active:           341212 kB
Mem:          3.8G       3.7G       104M       5.7M        28M       3.3G

MemTotal:        4016004 kB
MemFree:          106564 kB
Active:           341212 kB
Mem:          3.8G       3.7G       104M       5.7M        28M       3.3G

MemTotal:        4016004 kB
MemFree:          106564 kB
Active:           341212 kB
Mem:          3.8G       3.7G       104M       5.7M        28M       3.3G

MemTotal:        4016004 kB
MemFree:          106564 kB
Active:           341212 kB
Mem:          3.8G       3.7G       104M       5.7M        28M       3.3G

MemTotal:        4016004 kB
MemFree:          106564 kB
Active:           341212 kB
Mem:          3.8G       3.7G       104M       5.7M        28M       3.3G

MemTotal:        4016004 kB
MemFree:          106564 kB
Active:           341220 kB
Mem:          3.8G       3.7G       104M       5.7M        28M       3.3G

MemTotal:        4016004 kB
MemFree:          106564 kB
Active:           341220 kB
Mem:          3.8G       3.7G       104M       5.7M        28M       3.3G

MemTotal:        4016004 kB
MemFree:          106564 kB
Active:           341220 kB
Mem:          3.8G       3.7G       104M       5.7M        28M       3.3G

MemTotal:        4016004 kB
MemFree:          106564 kB
Active:           341220 kB
Mem:          3.8G       3.7G       104M       5.7M        28M       3.3G

MemTotal:        4016004 kB
MemFree:          106564 kB
Active:           341224 kB
Mem:          3.8G       3.7G       104M       5.7M        28M       3.3G

MemTotal:        4016004 kB
MemFree:          106564 kB
Active:           341232 kB
Mem:          3.8G       3.7G       104M       5.7M        28M       3.3G

MemTotal:        4016004 kB
MemFree:          106564 kB
Active:           341232 kB
Mem:          3.8G       3.7G       104M       5.7M        28M       3.3G

MemTotal:        4016004 kB
MemFree:          106564 kB
Active:           341236 kB
Mem:          3.8G       3.7G       104M       5.7M        28M       3.3G

MemTotal:        4016004 kB
MemFree:          106564 kB
Active:           341236 kB
Mem:          3.8G       3.7G       104M       5.7M        28M       3.3G

MemTotal:        4016004 kB
MemFree:          106564 kB
Active:           341236 kB
Mem:          3.8G       3.7G       104M       5.7M        28M       3.3G

MemTotal:        4016004 kB
MemFree:          106564 kB
Active:           341236 kB
Mem:          3.8G       3.7G       104M       5.7M        28M       3.3G

MemTotal:        4016004 kB
MemFree:          106564 kB
Active:           341236 kB
Mem:          3.8G       3.7G       104M       5.7M        28M       3.3G

MemTotal:        4016004 kB
MemFree:          106440 kB
Active:           341236 kB
Mem:          3.8G       3.7G       103M       5.7M        28M       3.3G

MemTotal:        4016004 kB
MemFree:          106440 kB
Active:           341244 kB
Mem:          3.8G       3.7G       103M       5.7M        28M       3.3G

MemTotal:        4016004 kB
MemFree:          106440 kB
Active:           341244 kB
Mem:          3.8G       3.7G       103M       5.7M        28M       3.3G

MemTotal:        4016004 kB
MemFree:          106440 kB
Active:           341244 kB
Mem:          3.8G       3.7G       103M       5.7M        28M       3.3G

MemTotal:        4016004 kB
MemFree:          106440 kB
Active:           341244 kB
Mem:          3.8G       3.7G       103M       5.7M        28M       3.3G

MemTotal:        4016004 kB
MemFree:          106440 kB
Active:           341244 kB
Mem:          3.8G       3.7G       103M       5.7M        28M       3.3G

MemTotal:        4016004 kB
MemFree:          106440 kB
Active:           341248 kB
Mem:          3.8G       3.7G       103M       5.7M        28M       3.3G

MemTotal:        4016004 kB
MemFree:          106440 kB
Active:           341248 kB
Mem:          3.8G       3.7G       103M       5.7M        28M       3.3G

MemTotal:        4016004 kB
MemFree:          106440 kB
Active:           341248 kB
Mem:          3.8G       3.7G       103M       5.7M        28M       3.3G

MemTotal:        4016004 kB
MemFree:          106440 kB
Active:           341256 kB
Mem:          3.8G       3.7G       103M       5.7M        28M       3.3G

MemTotal:        4016004 kB
MemFree:          106440 kB
Active:           341260 kB
Mem:          3.8G       3.7G       103M       5.7M        28M       3.3G

MemTotal:        4016004 kB
MemFree:          106440 kB
Active:           341260 kB
Mem:          3.8G       3.7G       103M       5.7M        28M       3.3G

MemTotal:        4016004 kB
MemFree:          106448 kB
Active:           341260 kB
Mem:          3.8G       3.7G       103M       5.7M        28M       3.3G

MemTotal:        4016004 kB
MemFree:          106448 kB
Active:           341260 kB
Mem:          3.8G       3.7G       103M       5.7M        28M       3.3G

MemTotal:        4016004 kB
MemFree:          106572 kB
Active:           341260 kB
Mem:          3.8G       3.7G       104M       5.7M        28M       3.3G

MemTotal:        4016004 kB
MemFree:          106572 kB
Active:           341268 kB
Mem:          3.8G       3.7G       104M       5.7M        28M       3.3G

MemTotal:        4016004 kB
MemFree:          106448 kB
Active:           341268 kB
Mem:          3.8G       3.7G       103M       5.7M        28M       3.3G

MemTotal:        4016004 kB
MemFree:          106448 kB
Active:           341272 kB
Mem:          3.8G       3.7G       103M       5.7M        28M       3.3G

MemTotal:        4016004 kB
MemFree:          106448 kB
Active:           341272 kB
Mem:          3.8G       3.7G       103M       5.7M        28M       3.3G

MemTotal:        4016004 kB
MemFree:          106448 kB
Active:           341272 kB
Mem:          3.8G       3.7G       103M       5.7M        28M       3.3G

MemTotal:        4016004 kB
MemFree:          106448 kB
Active:           341272 kB
Mem:          3.8G       3.7G       103M       5.7M        28M       3.3G

MemTotal:        4016004 kB
MemFree:          106448 kB
Active:           341272 kB
Mem:          3.8G       3.7G       103M       5.7M        28M       3.3G

MemTotal:        4016004 kB
MemFree:          106448 kB
Active:           341284 kB
Mem:          3.8G       3.7G       103M       5.7M        28M       3.3G

MemTotal:        4016004 kB
MemFree:          106448 kB
Active:           341284 kB
Mem:          3.8G       3.7G       103M       5.7M        28M       3.3G

MemTotal:        4016004 kB
MemFree:          106448 kB
Active:           341284 kB
Mem:          3.8G       3.7G       103M       5.7M        28M       3.3G

MemTotal:        4016004 kB
MemFree:          106448 kB
Active:           341284 kB
Mem:          3.8G       3.7G       103M       5.7M        28M       3.3G

MemTotal:        4016004 kB
MemFree:          106448 kB
Active:           341284 kB
Mem:          3.8G       3.7G       103M       5.7M        28M       3.3G

MemTotal:        4016004 kB
MemFree:          106448 kB
Active:           341284 kB
Mem:          3.8G       3.7G       103M       5.7M        28M       3.3G

MemTotal:        4016004 kB
MemFree:          106448 kB
Active:           341292 kB
Mem:          3.8G       3.7G       103M       5.7M        28M       3.3G

MemTotal:        4016004 kB
MemFree:          106448 kB
Active:           341292 kB
Mem:          3.8G       3.7G       103M       5.7M        28M       3.3G

MemTotal:        4016004 kB
MemFree:          106448 kB
Active:           341292 kB
Mem:          3.8G       3.7G       103M       5.7M        28M       3.3G

MemTotal:        4016004 kB
MemFree:          106448 kB
Active:           341292 kB
Mem:          3.8G       3.7G       103M       5.7M        28M       3.3G

MemTotal:        4016004 kB
MemFree:          106448 kB
Active:           341292 kB
Mem:          3.8G       3.7G       103M       5.7M        28M       3.3G

MemTotal:        4016004 kB
MemFree:          106448 kB
Active:           341292 kB
Mem:          3.8G       3.7G       103M       5.7M        28M       3.3G

MemTotal:        4016004 kB
MemFree:          106448 kB
Active:           341292 kB
Mem:          3.8G       3.7G       103M       5.7M        28M       3.3G

MemTotal:        4016004 kB
MemFree:          106448 kB
Active:           341292 kB
Mem:          3.8G       3.7G       103M       5.7M        28M       3.3G

MemTotal:        4016004 kB
MemFree:          106448 kB
Active:           341296 kB
Mem:          3.8G       3.7G       103M       5.7M        28M       3.3G

MemTotal:        4016004 kB
MemFree:          106448 kB
Active:           341296 kB
Mem:          3.8G       3.7G       103M       5.7M        28M       3.3G

MemTotal:        4016004 kB
MemFree:          106448 kB
Active:           341296 kB
Mem:          3.8G       3.7G       103M       5.7M        28M       3.3G

MemTotal:        4016004 kB
MemFree:          106448 kB
Active:           341296 kB
Mem:          3.8G       3.7G       104M       5.7M        28M       3.3G

MemTotal:        4016004 kB
MemFree:          107008 kB
Active:           341016 kB
Mem:          3.8G       3.7G       104M       5.7M        28M       3.3G

MemTotal:        4016004 kB
MemFree:          107132 kB
Active:           341028 kB
Mem:          3.8G       3.7G       104M       5.7M        28M       3.3G

MemTotal:        4016004 kB
MemFree:          106636 kB
Active:           341072 kB
Mem:          3.8G       3.7G       104M       5.7M        28M       3.3G

MemTotal:        4016004 kB
MemFree:          107008 kB
Active:           341048 kB
Mem:          3.8G       3.7G       104M       5.7M        28M       3.3G

MemTotal:        4016004 kB
MemFree:          106636 kB
Active:           341076 kB
Mem:          3.8G       3.7G       104M       5.7M        28M       3.3G

MemTotal:        4016004 kB
MemFree:          107008 kB
Active:           341052 kB
Mem:          3.8G       3.7G       104M       5.7M        28M       3.3G

MemTotal:        4016004 kB
MemFree:          107504 kB
Active:           341040 kB
Mem:          3.8G       3.7G       104M       5.7M        28M       3.3G

MemTotal:        4016004 kB
MemFree:          106848 kB
Active:           341084 kB
Mem:          3.8G       3.7G       104M       5.7M        28M       3.3G

MemTotal:        4016004 kB
MemFree:          107220 kB
Active:           341044 kB
Mem:          3.8G       3.7G       104M       5.7M        28M       3.3G

MemTotal:        4016004 kB
MemFree:          106848 kB
Active:           341092 kB
Mem:          3.8G       3.7G       104M       5.7M        28M       3.3G

MemTotal:        4016004 kB
MemFree:          107220 kB
Active:           341044 kB
Mem:          3.8G       3.7G       104M       5.7M        28M       3.3G

MemTotal:        4016004 kB
MemFree:          106972 kB
Active:           341096 kB
Mem:          3.8G       3.7G       104M       5.7M        28M       3.3G

MemTotal:        4016004 kB
MemFree:          107344 kB
Active:           341084 kB
Mem:          3.8G       3.7G       104M       5.7M        28M       3.3G

MemTotal:        4016004 kB
MemFree:          106848 kB
Active:           341096 kB
Mem:          3.8G       3.7G       104M       5.7M        28M       3.3G

MemTotal:        4016004 kB
MemFree:          107220 kB
Active:           341084 kB
Mem:          3.8G       3.7G       104M       5.7M        28M       3.3G

MemTotal:        4016004 kB
MemFree:          107220 kB
Active:           341056 kB
Mem:          3.8G       3.7G       104M       5.7M        28M       3.3G

MemTotal:        4016004 kB
MemFree:          107220 kB
Active:           341060 kB
Mem:          3.8G       3.7G       104M       5.7M        28M       3.3G

MemTotal:        4016004 kB
MemFree:          106972 kB
Active:           341104 kB
Mem:          3.8G       3.7G       104M       5.7M        28M       3.3G

MemTotal:        4016004 kB
MemFree:          107344 kB
Active:           341076 kB
Mem:          3.8G       3.7G       104M       5.7M        28M       3.3G

MemTotal:        4016004 kB
MemFree:          107408 kB
Active:           341056 kB
Mem:          3.8G       3.7G       104M       5.7M        28M       3.3G

MemTotal:        4016004 kB
MemFree:          107532 kB
Active:           341072 kB
Mem:          3.8G       3.7G       104M       5.7M        28M       3.3G

MemTotal:        4016004 kB
MemFree:          107532 kB
Active:           341084 kB
Mem:          3.8G       3.7G       105M       5.7M        28M       3.3G

MemTotal:        4016004 kB
MemFree:          107656 kB
Active:           341052 kB
Mem:          3.8G       3.7G       104M       5.7M        28M       3.3G

MemTotal:        4016004 kB
MemFree:          107160 kB
Active:           341124 kB
Mem:          3.8G       3.7G       104M       5.7M        28M       3.3G

MemTotal:        4016004 kB
MemFree:          106788 kB
Active:           341128 kB
Mem:          3.8G       3.7G       104M       5.7M        28M       3.3G

MemTotal:        4016004 kB
MemFree:          107036 kB
Active:           341076 kB
Mem:          3.8G       3.7G       104M       5.7M        28M       3.3G

MemTotal:        4016004 kB
MemFree:          107036 kB
Active:           341072 kB
Mem:          3.8G       3.7G       104M       5.7M        28M       3.3G

MemTotal:        4016004 kB
MemFree:          106664 kB
Active:           341128 kB
Mem:          3.8G       3.7G       104M       5.7M        28M       3.3G

MemTotal:        4016004 kB
MemFree:          107036 kB
Active:           341108 kB
Mem:          3.8G       3.7G       104M       5.7M        28M       3.3G

MemTotal:        4016004 kB
MemFree:          106912 kB
Active:           341076 kB
