MemTotal:        4016004 kB
MemFree:         3203840 kB
Active:           458976 kB
Mem:          3.8G       793M       3.1G       5.7M        55M       327M

MemTotal:        4016004 kB
MemFree:         3204036 kB
Active:           458852 kB
Mem:          3.8G       793M       3.1G       5.7M        55M       327M

MemTotal:        4016004 kB
MemFree:         3203664 kB
Active:           458888 kB
Mem:          3.8G       793M       3.1G       5.7M        55M       327M

MemTotal:        4016004 kB
MemFree:         3204020 kB
Active:           458932 kB
Mem:          3.8G       792M       3.1G       5.7M        55M       327M

MemTotal:        4016004 kB
MemFree:         3204004 kB
Active:           458936 kB
Mem:          3.8G       792M       3.1G       5.7M        55M       327M

MemTotal:        4016004 kB
MemFree:         3203740 kB
Active:           458948 kB
Mem:          3.8G       793M       3.1G       5.7M        55M       327M

MemTotal:        4016004 kB
MemFree:         3203740 kB
Active:           458904 kB
Mem:          3.8G       792M       3.1G       5.7M        55M       327M

MemTotal:        4016004 kB
MemFree:         3204096 kB
Active:           458908 kB
Mem:          3.8G       792M       3.1G       5.7M        55M       327M

MemTotal:        4016004 kB
MemFree:         3204080 kB
Active:           458944 kB
Mem:          3.8G       792M       3.1G       5.7M        55M       327M

MemTotal:        4016004 kB
MemFree:         3204064 kB
Active:           458900 kB
Mem:          3.8G       793M       3.1G       5.7M        55M       327M

MemTotal:        4016004 kB
MemFree:         3204172 kB
Active:           458904 kB
Mem:          3.8G       792M       3.1G       5.7M        55M       327M

MemTotal:        4016004 kB
MemFree:         3204156 kB
Active:           458936 kB
Mem:          3.8G       792M       3.1G       5.7M        55M       327M

MemTotal:        4016004 kB
MemFree:         3204140 kB
Active:           458932 kB
Mem:          3.8G       792M       3.1G       5.7M        55M       327M

MemTotal:        4016004 kB
MemFree:         3203752 kB
Active:           458956 kB
Mem:          3.8G       793M       3.1G       5.7M        55M       327M

MemTotal:        4016004 kB
MemFree:         3204032 kB
Active:           458908 kB
Mem:          3.8G       792M       3.1G       5.7M        55M       327M

MemTotal:        4016004 kB
MemFree:         3204032 kB
Active:           458940 kB
Mem:          3.8G       792M       3.1G       5.7M        55M       327M

MemTotal:        4016004 kB
MemFree:         3203908 kB
Active:           458908 kB
Mem:          3.8G       793M       3.1G       5.7M        55M       327M

MemTotal:        4016004 kB
MemFree:         3204032 kB
Active:           458928 kB
Mem:          3.8G       792M       3.1G       5.7M        55M       327M

MemTotal:        4016004 kB
MemFree:         3204404 kB
Active:           458948 kB
Mem:          3.8G       792M       3.1G       5.7M        55M       327M

MemTotal:        4016004 kB
MemFree:         3204032 kB
Active:           458920 kB
Mem:          3.8G       793M       3.1G       5.7M        55M       327M

MemTotal:        4016004 kB
MemFree:         3204160 kB
Active:           458944 kB
Mem:          3.8G       792M       3.1G       5.7M        55M       327M

MemTotal:        4016004 kB
MemFree:         3204160 kB
Active:           458956 kB
Mem:          3.8G       792M       3.1G       5.7M        55M       327M

MemTotal:        4016004 kB
MemFree:         3203912 kB
Active:           458980 kB
Mem:          3.8G       792M       3.1G       5.7M        55M       327M

MemTotal:        4016004 kB
MemFree:         3203912 kB
Active:           458948 kB
Mem:          3.8G       793M       3.1G       5.7M        55M       327M

MemTotal:        4016004 kB
MemFree:         3204036 kB
Active:           458944 kB
Mem:          3.8G       793M       3.1G       5.7M        55M       327M

MemTotal:        4016004 kB
MemFree:         3203912 kB
Active:           458960 kB
Mem:          3.8G       793M       3.1G       5.7M        55M       327M

MemTotal:        4016004 kB
MemFree:         3203912 kB
Active:           458956 kB
Mem:          3.8G       793M       3.1G       5.7M        55M       327M

MemTotal:        4016004 kB
MemFree:         3203664 kB
Active:           458948 kB
Mem:          3.8G       793M       3.1G       5.7M        55M       327M

MemTotal:        4016004 kB
MemFree:         3203912 kB
Active:           458952 kB
Mem:          3.8G       792M       3.1G       5.7M        55M       327M

MemTotal:        4016004 kB
MemFree:         3204160 kB
Active:           458960 kB
Mem:          3.8G       792M       3.1G       5.7M        55M       327M

MemTotal:        4016004 kB
MemFree:         3204160 kB
Active:           458968 kB
Mem:          3.8G       792M       3.1G       5.7M        55M       327M

MemTotal:        4016004 kB
MemFree:         3204284 kB
Active:           458976 kB
Mem:          3.8G       792M       3.1G       5.7M        55M       327M

MemTotal:        4016004 kB
MemFree:         3204408 kB
Active:           458988 kB
Mem:          3.8G       792M       3.1G       5.7M        55M       327M

MemTotal:        4016004 kB
MemFree:         3204160 kB
Active:           459000 kB
Mem:          3.8G       792M       3.1G       5.7M        55M       327M

MemTotal:        4016004 kB
MemFree:         3204036 kB
Active:           458976 kB
Mem:          3.8G       793M       3.1G       5.7M        55M       327M

MemTotal:        4016004 kB
MemFree:         3204144 kB
Active:           458940 kB
Mem:          3.8G       793M       3.1G       5.7M        55M       327M

MemTotal:        4016004 kB
MemFree:         3204144 kB
Active:           458956 kB
Mem:          3.8G       792M       3.1G       5.7M        55M       327M

MemTotal:        4016004 kB
MemFree:         3203896 kB
Active:           459012 kB
Mem:          3.8G       793M       3.1G       5.7M        55M       327M

MemTotal:        4016004 kB
MemFree:         3203896 kB
Active:           458980 kB
Mem:          3.8G       793M       3.1G       5.7M        55M       327M

MemTotal:        4016004 kB
MemFree:         3203896 kB
Active:           458972 kB
Mem:          3.8G       793M       3.1G       5.7M        55M       327M

MemTotal:        4016004 kB
MemFree:         3203896 kB
Active:           458972 kB
Mem:          3.8G       793M       3.1G       5.7M        55M       327M

MemTotal:        4016004 kB
MemFree:         3203524 kB
Active:           458972 kB
Mem:          3.8G       793M       3.1G       5.7M        55M       327M

MemTotal:        4016004 kB
MemFree:         3203632 kB
Active:           458980 kB
Mem:          3.8G       793M       3.1G       5.7M        55M       327M

MemTotal:        4016004 kB
MemFree:         3203988 kB
Active:           459028 kB
Mem:          3.8G       793M       3.1G       5.7M        55M       327M

MemTotal:        4016004 kB
MemFree:         3203616 kB
Active:           459036 kB
Mem:          3.8G       793M       3.1G       5.7M        55M       327M

MemTotal:        4016004 kB
MemFree:         3203988 kB
Active:           458988 kB
Mem:          3.8G       793M       3.1G       5.7M        55M       327M

MemTotal:        4016004 kB
MemFree:         3204236 kB
Active:           458984 kB
Mem:          3.8G       792M       3.1G       5.7M        55M       327M

MemTotal:        4016004 kB
MemFree:         3203988 kB
Active:           459036 kB
Mem:          3.8G       793M       3.1G       5.7M        55M       327M

MemTotal:        4016004 kB
MemFree:         3203864 kB
Active:           459040 kB
Mem:          3.8G       793M       3.1G       5.7M        55M       327M

MemTotal:        4016004 kB
MemFree:         3203988 kB
Active:           459036 kB
Mem:          3.8G       793M       3.1G       5.7M        55M       327M

MemTotal:        4016004 kB
MemFree:         3203680 kB
Active:           459048 kB
Mem:          3.8G       793M       3.1G       5.7M        55M       327M

MemTotal:        4016004 kB
MemFree:         3203680 kB
Active:           459036 kB
Mem:          3.8G       793M       3.1G       5.7M        55M       327M

MemTotal:        4016004 kB
MemFree:         3203680 kB
Active:           459016 kB
Mem:          3.8G       793M       3.1G       5.7M        55M       327M

MemTotal:        4016004 kB
MemFree:         3203804 kB
Active:           459016 kB
Mem:          3.8G       793M       3.1G       5.7M        55M       327M

MemTotal:        4016004 kB
MemFree:         3203308 kB
Active:           459068 kB
Mem:          3.8G       793M       3.1G       5.7M        55M       327M

MemTotal:        4016004 kB
MemFree:         3203804 kB
Active:           459048 kB
Mem:          3.8G       793M       3.1G       5.7M        55M       327M

MemTotal:        4016004 kB
MemFree:         3203928 kB
Active:           459044 kB
Mem:          3.8G       793M       3.1G       5.7M        55M       327M

MemTotal:        4016004 kB
MemFree:         3203556 kB
Active:           459072 kB
Mem:          3.8G       793M       3.1G       5.7M        55M       327M

MemTotal:        4016004 kB
MemFree:         3203556 kB
Active:           459072 kB
Mem:          3.8G       793M       3.1G       5.7M        55M       327M

MemTotal:        4016004 kB
MemFree:         3203432 kB
Active:           459068 kB
Mem:          3.8G       793M       3.1G       5.7M        55M       327M

MemTotal:        4016004 kB
MemFree:         3203524 kB
Active:           459324 kB
Mem:          3.8G       793M       3.1G       5.7M        55M       327M

MemTotal:        4016004 kB
MemFree:         3087748 kB
Active:           459600 kB
Mem:          3.8G       906M       2.9G       5.7M        55M       439M

MemTotal:        4016004 kB
MemFree:         2975452 kB
Active:           457604 kB
Mem:          3.8G       1.0G       2.8G       5.7M        55M       547M

MemTotal:        4016004 kB
MemFree:         2856928 kB
Active:           459596 kB
Mem:          3.8G       1.1G       2.7G       5.7M        55M       662M

MemTotal:        4016004 kB
MemFree:         2851280 kB
Active:           459608 kB
Mem:          3.8G       1.1G       2.7G       5.7M        55M       667M

MemTotal:        4016004 kB
MemFree:         2779064 kB
Active:           459612 kB
Mem:          3.8G       1.2G       2.6G       5.7M        55M       737M

MemTotal:        4016004 kB
MemFree:         2752724 kB
Active:           459648 kB
Mem:          3.8G       1.2G       2.6G       5.7M        55M       761M

MemTotal:        4016004 kB
MemFree:         2686460 kB
Active:           459664 kB
Mem:          3.8G       1.3G       2.6G       5.7M        55M       825M

MemTotal:        4016004 kB
MemFree:         2651680 kB
Active:           459680 kB
Mem:          3.8G       1.3G       2.5G       5.7M        55M       858M

MemTotal:        4016004 kB
MemFree:         2650904 kB
Active:           459644 kB
Mem:          3.8G       1.3G       2.5G       5.7M        55M       859M

MemTotal:        4016004 kB
MemFree:         2648856 kB
Active:           459660 kB
Mem:          3.8G       1.3G       2.5G       5.7M        55M       861M

MemTotal:        4016004 kB
MemFree:         2648088 kB
Active:           459664 kB
Mem:          3.8G       1.3G       2.5G       5.7M        55M       862M

MemTotal:        4016004 kB
MemFree:         2637344 kB
Active:           459696 kB
Mem:          3.8G       1.3G       2.5G       5.7M        55M       872M

MemTotal:        4016004 kB
MemFree:         2528852 kB
Active:           459680 kB
Mem:          3.8G       1.4G       2.4G       5.7M        55M       977M

MemTotal:        4016004 kB
MemFree:         2395124 kB
Active:           459656 kB
Mem:          3.8G       1.5G       2.3G       5.7M        55M       1.1G

MemTotal:        4016004 kB
MemFree:         2300056 kB
Active:           459704 kB
Mem:          3.8G       1.6G       2.2G       5.7M        55M       1.2G

MemTotal:        4016004 kB
MemFree:         2250280 kB
Active:           459704 kB
Mem:          3.8G       1.7G       2.1G       5.7M        55M       1.2G

MemTotal:        4016004 kB
MemFree:         2201684 kB
Active:           459664 kB
Mem:          3.8G       1.7G       2.1G       5.7M        55M       1.3G

MemTotal:        4016004 kB
MemFree:         2199360 kB
Active:           459676 kB
Mem:          3.8G       1.7G       2.1G       5.7M        55M       1.3G

MemTotal:        4016004 kB
MemFree:         2100708 kB
Active:           459676 kB
Mem:          3.8G       1.8G       2.0G       5.7M        55M       1.4G

MemTotal:        4016004 kB
MemFree:         2099288 kB
Active:           459684 kB
Mem:          3.8G       1.8G       2.0G       5.7M        55M       1.4G

MemTotal:        4016004 kB
MemFree:         2098056 kB
Active:           459744 kB
Mem:          3.8G       1.8G       2.0G       5.7M        55M       1.4G

MemTotal:        4016004 kB
MemFree:         2097748 kB
Active:           459720 kB
Mem:          3.8G       1.8G       2.0G       5.7M        55M       1.4G

MemTotal:        4016004 kB
MemFree:         2086172 kB
Active:           459772 kB
Mem:          3.8G       1.8G       2.0G       5.7M        55M       1.4G

MemTotal:        4016004 kB
MemFree:         1981836 kB
Active:           459776 kB
Mem:          3.8G       1.9G       1.9G       5.7M        55M       1.5G

MemTotal:        4016004 kB
MemFree:         1844884 kB
Active:           459776 kB
Mem:          3.8G       2.1G       1.8G       5.7M        55M       1.6G

MemTotal:        4016004 kB
MemFree:         1748948 kB
Active:           459776 kB
Mem:          3.8G       2.2G       1.7G       5.7M        55M       1.7G

MemTotal:        4016004 kB
MemFree:         1747432 kB
Active:           459748 kB
Mem:          3.8G       2.2G       1.7G       5.7M        55M       1.7G

MemTotal:        4016004 kB
MemFree:         1696824 kB
Active:           459756 kB
Mem:          3.8G       2.2G       1.6G       5.7M        55M       1.7G

MemTotal:        4016004 kB
MemFree:         1647516 kB
Active:           459788 kB
Mem:          3.8G       2.3G       1.6G       5.7M        55M       1.8G

MemTotal:        4016004 kB
MemFree:         1564428 kB
Active:           459800 kB
Mem:          3.8G       2.3G       1.5G       5.7M        55M       1.9G

MemTotal:        4016004 kB
MemFree:         1548180 kB
Active:           459800 kB
Mem:          3.8G       2.4G       1.5G       5.7M        55M       1.9G

MemTotal:        4016004 kB
MemFree:         1503200 kB
Active:           457872 kB
Mem:          3.8G       2.4G       1.4G       5.7M        55M       1.9G

MemTotal:        4016004 kB
MemFree:         1450328 kB
Active:           459788 kB
Mem:          3.8G       2.4G       1.4G       5.7M        55M       2.0G

MemTotal:        4016004 kB
MemFree:         1448616 kB
Active:           459808 kB
Mem:          3.8G       2.4G       1.4G       5.7M        55M       2.0G

MemTotal:        4016004 kB
MemFree:         1446664 kB
Active:           459832 kB
Mem:          3.8G       2.5G       1.4G       5.7M        55M       2.0G

MemTotal:        4016004 kB
MemFree:         1444752 kB
Active:           459832 kB
Mem:          3.8G       2.5G       1.4G       5.7M        55M       2.0G

MemTotal:        4016004 kB
MemFree:         1387060 kB
Active:           459836 kB
Mem:          3.8G       2.5G       1.3G       5.7M        55M       2.0G

MemTotal:        4016004 kB
MemFree:         1256032 kB
Active:           459836 kB
Mem:          3.8G       2.6G       1.2G       5.7M        55M       2.2G

MemTotal:        4016004 kB
MemFree:         1126800 kB
Active:           459836 kB
Mem:          3.8G       2.8G       1.1G       5.7M        55M       2.3G

MemTotal:        4016004 kB
MemFree:         1097704 kB
Active:           459792 kB
Mem:          3.8G       2.8G       1.0G       5.7M        55M       2.3G

MemTotal:        4016004 kB
MemFree:         1073508 kB
Active:           459812 kB
Mem:          3.8G       2.8G       1.0G       5.7M        55M       2.3G

MemTotal:        4016004 kB
MemFree:          961732 kB
Active:           459824 kB
Mem:          3.8G       2.9G       938M       5.7M        55M       2.4G

MemTotal:        4016004 kB
MemFree:          940748 kB
Active:           459876 kB
Mem:          3.8G       2.9G       918M       5.7M        55M       2.4G

MemTotal:        4016004 kB
MemFree:          916412 kB
Active:           459840 kB
Mem:          3.8G       3.0G       894M       5.7M        55M       2.5G

MemTotal:        4016004 kB
MemFree:          914544 kB
Active:           459836 kB
Mem:          3.8G       3.0G       892M       5.7M        55M       2.5G

MemTotal:        4016004 kB
MemFree:          838668 kB
Active:           459904 kB
Mem:          3.8G       3.0G       818M       5.7M        55M       2.5G

MemTotal:        4016004 kB
MemFree:          777700 kB
Active:           459888 kB
Mem:          3.8G       3.1G       759M       5.7M        55M       2.6G

MemTotal:        4016004 kB
MemFree:          776552 kB
Active:           459872 kB
Mem:          3.8G       3.1G       758M       5.7M        55M       2.6G

MemTotal:        4016004 kB
MemFree:          775568 kB
Active:           459888 kB
Mem:          3.8G       3.1G       757M       5.7M        55M       2.6G

MemTotal:        4016004 kB
MemFree:          692916 kB
Active:           459880 kB
Mem:          3.8G       3.2G       676M       5.7M        55M       2.7G

MemTotal:        4016004 kB
MemFree:          567388 kB
Active:           459916 kB
Mem:          3.8G       3.3G       553M       5.7M        55M       2.8G

MemTotal:        4016004 kB
MemFree:          565884 kB
Active:           459920 kB
Mem:          3.8G       3.3G       552M       5.7M        55M       2.8G

MemTotal:        4016004 kB
MemFree:          475392 kB
Active:           459888 kB
Mem:          3.8G       3.4G       464M       5.7M        55M       2.9G

MemTotal:        4016004 kB
MemFree:          473896 kB
Active:           459892 kB
Mem:          3.8G       3.4G       462M       5.7M        55M       2.9G

MemTotal:        4016004 kB
MemFree:          472616 kB
Active:           459948 kB
Mem:          3.8G       3.4G       461M       5.7M        55M       2.9G

MemTotal:        4016004 kB
MemFree:          471440 kB
Active:           459928 kB
Mem:          3.8G       3.4G       460M       5.7M        55M       2.9G

MemTotal:        4016004 kB
MemFree:          469976 kB
Active:           459952 kB
Mem:          3.8G       3.4G       458M       5.7M        55M       2.9G

MemTotal:        4016004 kB
MemFree:          383728 kB
Active:           459964 kB
Mem:          3.8G       3.5G       374M       5.7M        55M       3.0G

MemTotal:        4016004 kB
MemFree:          259952 kB
Active:           459968 kB
Mem:          3.8G       3.6G       253M       5.7M        55M       3.1G

MemTotal:        4016004 kB
MemFree:          152840 kB
Active:           459972 kB
Mem:          3.8G       3.7G       149M       5.7M        55M       3.2G

MemTotal:        4016004 kB
MemFree:          125248 kB
Active:           459980 kB
Mem:          3.8G       3.7G       121M       5.7M        55M       3.2G

MemTotal:        4016004 kB
MemFree:          133532 kB
Active:           474564 kB
Mem:          3.8G       3.7G       118M       5.7M        22M       3.2G

MemTotal:        4016004 kB
MemFree:          121380 kB
Active:           517860 kB
Mem:          3.8G       3.7G       118M       5.7M        22M       3.2G

MemTotal:        4016004 kB
MemFree:          109856 kB
Active:           512584 kB
Mem:          3.8G       3.7G       122M       5.7M        22M       3.2G

MemTotal:        4016004 kB
MemFree:          128976 kB
Active:           509412 kB
Mem:          3.8G       3.7G       125M       5.7M        22M       3.2G

MemTotal:        4016004 kB
MemFree:          126948 kB
Active:           509412 kB
Mem:          3.8G       3.7G       123M       5.7M        22M       3.2G

MemTotal:        4016004 kB
MemFree:          122392 kB
Active:           507620 kB
Mem:          3.8G       3.7G       119M       5.7M        22M       3.2G

MemTotal:        4016004 kB
MemFree:          131640 kB
Active:           486636 kB
Mem:          3.8G       3.7G       128M       5.7M        22M       3.2G

MemTotal:        4016004 kB
MemFree:          124420 kB
Active:           472740 kB
Mem:          3.8G       3.7G       121M       5.7M        22M       3.2G

MemTotal:        4016004 kB
MemFree:          126608 kB
Active:           463268 kB
Mem:          3.8G       3.7G       123M       5.7M        22M       3.2G

MemTotal:        4016004 kB
MemFree:          133504 kB
Active:           458148 kB
Mem:          3.8G       3.7G       129M       5.7M        22M       3.2G

MemTotal:        4016004 kB
MemFree:          113212 kB
Active:           453640 kB
Mem:          3.8G       3.7G       109M       5.7M        22M       3.3G

MemTotal:        4016004 kB
MemFree:          149368 kB
Active:           448744 kB
Mem:          3.8G       3.7G       145M       5.7M        22M       3.2G

MemTotal:        4016004 kB
MemFree:          148600 kB
Active:           448592 kB
Mem:          3.8G       3.7G       144M       5.7M        22M       3.2G

MemTotal:        4016004 kB
MemFree:          148476 kB
Active:           448620 kB
Mem:          3.8G       3.7G       144M       5.7M        22M       3.2G

MemTotal:        4016004 kB
MemFree:          148516 kB
Active:           448660 kB
Mem:          3.8G       3.7G       145M       5.7M        22M       3.2G

MemTotal:        4016004 kB
MemFree:          146812 kB
Active:           448640 kB
Mem:          3.8G       3.7G       143M       5.7M        22M       3.2G

MemTotal:        4016004 kB
MemFree:          123476 kB
Active:           448616 kB
Mem:          3.8G       3.7G       120M       5.7M        22M       3.2G

MemTotal:        4016004 kB
MemFree:          121140 kB
Active:           448624 kB
Mem:          3.8G       3.7G       118M       5.7M        22M       3.2G

MemTotal:        4016004 kB
MemFree:          121316 kB
Active:           450668 kB
Mem:          3.8G       3.7G       118M       5.7M        22M       3.2G

MemTotal:        4016004 kB
MemFree:          119996 kB
Active:           450656 kB
Mem:          3.8G       3.7G       116M       5.7M        22M       3.2G

MemTotal:        4016004 kB
MemFree:          117216 kB
Active:           450712 kB
Mem:          3.8G       3.7G       114M       5.7M        22M       3.2G

MemTotal:        4016004 kB
MemFree:          127668 kB
Active:           447128 kB
Mem:          3.8G       3.7G       124M       5.7M        22M       3.2G

MemTotal:        4016004 kB
MemFree:          127644 kB
Active:           439368 kB
Mem:          3.8G       3.7G       124M       5.7M        22M       3.2G

MemTotal:        4016004 kB
MemFree:          133980 kB
Active:           433396 kB
Mem:          3.8G       3.7G       130M       5.7M        22M       3.2G

MemTotal:        4016004 kB
MemFree:          134528 kB
Active:           432168 kB
Mem:          3.8G       3.7G       130M       5.7M        22M       3.2G

MemTotal:        4016004 kB
MemFree:          136004 kB
Active:           429736 kB
Mem:          3.8G       3.7G       132M       5.7M        22M       3.2G

MemTotal:        4016004 kB
MemFree:          126288 kB
Active:           429104 kB
Mem:          3.8G       3.7G       122M       5.7M        22M       3.2G

MemTotal:        4016004 kB
MemFree:          105344 kB
Active:           429112 kB
Mem:          3.8G       3.7G       102M       5.7M        22M       3.3G

MemTotal:        4016004 kB
MemFree:          128668 kB
Active:           426804 kB
Mem:          3.8G       3.7G       125M       5.7M        22M       3.2G

MemTotal:        4016004 kB
MemFree:          131448 kB
Active:           425156 kB
Mem:          3.8G       3.7G       127M       5.7M        22M       3.2G

MemTotal:        4016004 kB
MemFree:          129900 kB
Active:           425124 kB
Mem:          3.8G       3.7G       126M       5.7M        22M       3.2G

MemTotal:        4016004 kB
MemFree:          127568 kB
Active:           425176 kB
Mem:          3.8G       3.7G       124M       5.7M        22M       3.2G

MemTotal:        4016004 kB
MemFree:          127084 kB
Active:           425152 kB
Mem:          3.8G       3.7G       123M       5.7M        22M       3.2G

MemTotal:        4016004 kB
MemFree:          123112 kB
Active:           425168 kB
Mem:          3.8G       3.7G       119M       5.7M        22M       3.2G

MemTotal:        4016004 kB
MemFree:          122764 kB
Active:           421608 kB
Mem:          3.8G       3.7G       119M       5.7M        22M       3.2G

MemTotal:        4016004 kB
MemFree:          132296 kB
Active:           416616 kB
Mem:          3.8G       3.7G       128M       5.7M        22M       3.2G

MemTotal:        4016004 kB
MemFree:          131272 kB
Active:           414312 kB
Mem:          3.8G       3.7G       127M       5.7M        22M       3.2G

MemTotal:        4016004 kB
MemFree:          107196 kB
Active:           412404 kB
Mem:          3.8G       3.7G       104M       5.7M        22M       3.3G

MemTotal:        4016004 kB
MemFree:          125908 kB
Active:           413872 kB
Mem:          3.8G       3.7G       123M       5.7M        22M       3.2G

MemTotal:        4016004 kB
MemFree:          130700 kB
Active:           411236 kB
Mem:          3.8G       3.7G       127M       5.7M        22M       3.2G

MemTotal:        4016004 kB
MemFree:          106636 kB
Active:           411200 kB
Mem:          3.8G       3.7G       104M       5.7M        22M       3.3G

MemTotal:        4016004 kB
MemFree:          124520 kB
Active:           410084 kB
Mem:          3.8G       3.7G       120M       5.7M        22M       3.2G

MemTotal:        4016004 kB
MemFree:          123184 kB
Active:           410100 kB
Mem:          3.8G       3.7G       120M       5.7M        22M       3.2G

MemTotal:        4016004 kB
MemFree:          121184 kB
Active:           410100 kB
Mem:          3.8G       3.7G       118M       5.7M        22M       3.2G

MemTotal:        4016004 kB
MemFree:          121588 kB
Active:           410104 kB
Mem:          3.8G       3.7G       118M       5.7M        22M       3.2G

MemTotal:        4016004 kB
MemFree:          117128 kB
Active:           408316 kB
Mem:          3.8G       3.7G       113M       5.7M        22M       3.2G

MemTotal:        4016004 kB
MemFree:          125308 kB
Active:           403456 kB
Mem:          3.8G       3.7G       122M       5.7M        22M       3.2G

MemTotal:        4016004 kB
MemFree:          131612 kB
Active:           399232 kB
Mem:          3.8G       3.7G       128M       5.7M        22M       3.2G

MemTotal:        4016004 kB
MemFree:          132948 kB
Active:           397184 kB
Mem:          3.8G       3.7G       129M       5.7M        22M       3.2G

MemTotal:        4016004 kB
MemFree:          116384 kB
Active:           396556 kB
Mem:          3.8G       3.7G       113M       5.7M        22M       3.2G

MemTotal:        4016004 kB
MemFree:          118572 kB
Active:           395280 kB
Mem:          3.8G       3.7G       115M       5.7M        22M       3.2G

MemTotal:        4016004 kB
MemFree:          126308 kB
Active:           393088 kB
Mem:          3.8G       3.7G       123M       5.7M        22M       3.2G

MemTotal:        4016004 kB
MemFree:          134556 kB
Active:           392596 kB
Mem:          3.8G       3.7G       131M       5.7M        22M       3.2G

MemTotal:        4016004 kB
MemFree:          132020 kB
Active:           392568 kB
Mem:          3.8G       3.7G       128M       5.7M        22M       3.2G

MemTotal:        4016004 kB
MemFree:          132588 kB
Active:           392592 kB
Mem:          3.8G       3.7G       129M       5.7M        22M       3.2G

MemTotal:        4016004 kB
MemFree:          132496 kB
Active:           392604 kB
Mem:          3.8G       3.7G       129M       5.7M        22M       3.2G

MemTotal:        4016004 kB
MemFree:          132444 kB
Active:           392624 kB
Mem:          3.8G       3.7G       129M       5.7M        22M       3.2G

MemTotal:        4016004 kB
MemFree:          120464 kB
Active:           392576 kB
Mem:          3.8G       3.7G       117M       5.7M        22M       3.2G

MemTotal:        4016004 kB
MemFree:          125024 kB
Active:           393888 kB
Mem:          3.8G       3.7G       121M       5.7M        22M       3.2G

MemTotal:        4016004 kB
MemFree:          121672 kB
Active:           393612 kB
Mem:          3.8G       3.7G       118M       5.7M        22M       3.2G

MemTotal:        4016004 kB
MemFree:          140240 kB
Active:           393624 kB
Mem:          3.8G       3.7G       136M       5.7M        22M       3.2G

MemTotal:        4016004 kB
MemFree:          138988 kB
Active:           393548 kB
Mem:          3.8G       3.7G       135M       5.7M        22M       3.2G

MemTotal:        4016004 kB
MemFree:          134416 kB
Active:           393508 kB
Mem:          3.8G       3.7G       131M       5.7M        22M       3.2G

MemTotal:        4016004 kB
MemFree:          109364 kB
Active:           393548 kB
Mem:          3.8G       3.7G       106M       5.7M        22M       3.2G

MemTotal:        4016004 kB
MemFree:          136564 kB
Active:           393548 kB
Mem:          3.8G       3.7G       132M       5.7M        22M       3.2G

MemTotal:        4016004 kB
MemFree:          124020 kB
Active:           393576 kB
Mem:          3.8G       3.7G       121M       5.7M        22M       3.2G

MemTotal:        4016004 kB
MemFree:          127612 kB
Active:           393580 kB
Mem:          3.8G       3.7G       124M       5.7M        22M       3.2G

MemTotal:        4016004 kB
MemFree:          126172 kB
Active:           394332 kB
Mem:          3.8G       3.7G       123M       5.7M        22M       3.2G

MemTotal:        4016004 kB
MemFree:          125440 kB
Active:           396328 kB
Mem:          3.8G       3.7G       122M       5.7M        22M       3.2G

MemTotal:        4016004 kB
MemFree:          120404 kB
Active:           396308 kB
Mem:          3.8G       3.7G       117M       5.7M        22M       3.2G

MemTotal:        4016004 kB
MemFree:          116128 kB
Active:           393640 kB
Mem:          3.8G       3.7G       113M       5.7M        22M       3.2G

MemTotal:        4016004 kB
MemFree:          121116 kB
Active:           393504 kB
Mem:          3.8G       3.7G       117M       5.7M        22M       3.2G

MemTotal:        4016004 kB
MemFree:          143324 kB
Active:           393440 kB
Mem:          3.8G       3.7G       139M       5.7M        22M       3.2G

MemTotal:        4016004 kB
MemFree:          119864 kB
Active:           393308 kB
Mem:          3.8G       3.7G       116M       5.7M        22M       3.2G

MemTotal:        4016004 kB
MemFree:          132024 kB
Active:           393192 kB
Mem:          3.8G       3.7G       129M       5.7M        22M       3.2G

MemTotal:        4016004 kB
MemFree:          137940 kB
Active:           393212 kB
Mem:          3.8G       3.7G       133M       5.7M        22M       3.2G

MemTotal:        4016004 kB
MemFree:          145044 kB
Active:           393248 kB
Mem:          3.8G       3.7G       141M       5.7M        22M       3.2G

MemTotal:        4016004 kB
MemFree:          110664 kB
Active:           391284 kB
Mem:          3.8G       3.7G       107M       5.7M        22M       3.2G

MemTotal:        4016004 kB
MemFree:          109908 kB
Active:           393252 kB
Mem:          3.8G       3.7G       107M       5.7M        22M       3.2G

MemTotal:        4016004 kB
MemFree:          109644 kB
Active:           393216 kB
Mem:          3.8G       3.7G       106M       5.7M        22M       3.2G

MemTotal:        4016004 kB
MemFree:          109492 kB
Active:           393260 kB
Mem:          3.8G       3.7G       106M       5.7M        22M       3.2G

MemTotal:        4016004 kB
MemFree:          120864 kB
Active:           392748 kB
Mem:          3.8G       3.7G       117M       5.7M        22M       3.2G

MemTotal:        4016004 kB
MemFree:          125552 kB
Active:           387700 kB
Mem:          3.8G       3.7G       122M       5.7M        22M       3.2G

MemTotal:        4016004 kB
MemFree:          133828 kB
Active:           387504 kB
Mem:          3.8G       3.7G       130M       5.7M        22M       3.2G

MemTotal:        4016004 kB
MemFree:          117904 kB
Active:           387536 kB
Mem:          3.8G       3.7G       114M       5.7M        22M       3.2G

MemTotal:        4016004 kB
MemFree:          105816 kB
Active:           387544 kB
Mem:          3.8G       3.7G       103M       5.7M        22M       3.2G

MemTotal:        4016004 kB
MemFree:          128284 kB
Active:           386092 kB
Mem:          3.8G       3.7G       125M       5.7M        22M       3.2G

MemTotal:        4016004 kB
MemFree:          139924 kB
Active:           385948 kB
Mem:          3.8G       3.7G       136M       5.7M        22M       3.2G

MemTotal:        4016004 kB
MemFree:          112140 kB
Active:           386024 kB
Mem:          3.8G       3.7G       109M       5.7M        22M       3.2G

MemTotal:        4016004 kB
MemFree:          127980 kB
Active:           385972 kB
Mem:          3.8G       3.7G       124M       5.7M        22M       3.2G

MemTotal:        4016004 kB
MemFree:          131012 kB
Active:           385972 kB
Mem:          3.8G       3.7G       127M       5.7M        22M       3.2G

MemTotal:        4016004 kB
MemFree:          129092 kB
Active:           385984 kB
Mem:          3.8G       3.7G       126M       5.7M        22M       3.2G

MemTotal:        4016004 kB
MemFree:          127760 kB
Active:           385984 kB
Mem:          3.8G       3.7G       124M       5.7M        22M       3.2G

MemTotal:        4016004 kB
MemFree:          127348 kB
Active:           385944 kB
Mem:          3.8G       3.7G       124M       5.7M        22M       3.2G

MemTotal:        4016004 kB
MemFree:          132940 kB
Active:           385984 kB
Mem:          3.8G       3.7G       128M       5.7M        22M       3.2G

MemTotal:        4016004 kB
MemFree:          123372 kB
Active:           384532 kB
Mem:          3.8G       3.7G       119M       5.7M        22M       3.2G

MemTotal:        4016004 kB
MemFree:          129440 kB
Active:           384276 kB
Mem:          3.8G       3.7G       125M       5.7M        22M       3.2G

MemTotal:        4016004 kB
MemFree:          138440 kB
Active:           384284 kB
Mem:          3.8G       3.7G       134M       5.7M        22M       3.2G

MemTotal:        4016004 kB
MemFree:          148196 kB
Active:           384284 kB
Mem:          3.8G       3.7G       144M       5.7M        22M       3.2G

MemTotal:        4016004 kB
MemFree:          129868 kB
Active:           384288 kB
Mem:          3.8G       3.7G       126M       5.7M        22M       3.2G

MemTotal:        4016004 kB
MemFree:          132972 kB
Active:           384300 kB
Mem:          3.8G       3.7G       129M       5.7M        22M       3.2G

MemTotal:        4016004 kB
MemFree:          127664 kB
Active:           384304 kB
Mem:          3.8G       3.7G       124M       5.7M        22M       3.2G

MemTotal:        4016004 kB
MemFree:          126384 kB
Active:           384308 kB
Mem:          3.8G       3.7G       123M       5.7M        22M       3.2G

MemTotal:        4016004 kB
MemFree:          124032 kB
Active:           384308 kB
Mem:          3.8G       3.7G       121M       5.7M        22M       3.2G

MemTotal:        4016004 kB
MemFree:          123600 kB
Active:           384300 kB
Mem:          3.8G       3.7G       120M       5.7M        22M       3.2G

MemTotal:        4016004 kB
MemFree:          117608 kB
Active:           384300 kB
Mem:          3.8G       3.7G       114M       5.7M        22M       3.2G

MemTotal:        4016004 kB
MemFree:          129536 kB
Active:           382956 kB
Mem:          3.8G       3.7G       126M       5.7M        22M       3.2G

MemTotal:        4016004 kB
MemFree:          121820 kB
Active:           384892 kB
Mem:          3.8G       3.7G       118M       5.7M        22M       3.2G

MemTotal:        4016004 kB
MemFree:          131008 kB
Active:           384644 kB
Mem:          3.8G       3.7G       127M       5.7M        22M       3.2G

MemTotal:        4016004 kB
MemFree:          127724 kB
Active:           372316 kB
Mem:          3.8G       3.7G       124M       5.7M        22M       3.2G

MemTotal:        4016004 kB
MemFree:          119708 kB
Active:           372324 kB
Mem:          3.8G       3.7G       116M       5.7M        22M       3.2G

MemTotal:        4016004 kB
MemFree:          112460 kB
Active:           372324 kB
Mem:          3.8G       3.7G       109M       5.7M        22M       3.2G

MemTotal:        4016004 kB
MemFree:          109068 kB
Active:           372324 kB
Mem:          3.8G       3.7G       106M       5.7M        22M       3.2G

MemTotal:        4016004 kB
MemFree:          126760 kB
Active:           372324 kB
Mem:          3.8G       3.7G       123M       5.7M        22M       3.2G

MemTotal:        4016004 kB
MemFree:          124484 kB
Active:           372328 kB
Mem:          3.8G       3.7G       121M       5.7M        22M       3.2G

MemTotal:        4016004 kB
MemFree:          123124 kB
Active:           372340 kB
Mem:          3.8G       3.7G       119M       5.7M        22M       3.2G

MemTotal:        4016004 kB
MemFree:          122444 kB
Active:           372344 kB
Mem:          3.8G       3.7G       119M       5.7M        22M       3.2G

MemTotal:        4016004 kB
MemFree:          120204 kB
Active:           372296 kB
Mem:          3.8G       3.7G       117M       5.7M        22M       3.2G

MemTotal:        4016004 kB
MemFree:          130332 kB
Active:           372360 kB
Mem:          3.8G       3.7G       127M       5.7M        22M       3.2G

MemTotal:        4016004 kB
MemFree:          140028 kB
Active:           369680 kB
Mem:          3.8G       3.7G       136M       5.7M        22M       3.2G

MemTotal:        4016004 kB
MemFree:          127528 kB
Active:           369680 kB
Mem:          3.8G       3.7G       124M       5.7M        22M       3.2G

MemTotal:        4016004 kB
MemFree:          142372 kB
Active:           369688 kB
Mem:          3.8G       3.7G       139M       5.7M        22M       3.2G

MemTotal:        4016004 kB
MemFree:          130336 kB
Active:           369692 kB
Mem:          3.8G       3.7G       127M       5.7M        22M       3.2G

MemTotal:        4016004 kB
MemFree:          109644 kB
Active:           369652 kB
Mem:          3.8G       3.7G       107M       5.7M        22M       3.2G

MemTotal:        4016004 kB
MemFree:          114992 kB
Active:           369692 kB
Mem:          3.8G       3.7G       112M       5.7M        22M       3.2G

MemTotal:        4016004 kB
MemFree:          139272 kB
Active:           369708 kB
Mem:          3.8G       3.7G       136M       5.7M        22M       3.2G

MemTotal:        4016004 kB
MemFree:          139864 kB
Active:           369668 kB
Mem:          3.8G       3.7G       136M       5.7M        22M       3.2G

MemTotal:        4016004 kB
MemFree:          139364 kB
Active:           370500 kB
Mem:          3.8G       3.7G       136M       5.7M        22M       3.2G

MemTotal:        4016004 kB
MemFree:          139992 kB
Active:           372532 kB
Mem:          3.8G       3.7G       136M       5.7M        22M       3.2G

MemTotal:        4016004 kB
MemFree:          121200 kB
Active:           372532 kB
Mem:          3.8G       3.7G       118M       5.7M        22M       3.2G

MemTotal:        4016004 kB
MemFree:          120880 kB
Active:           369996 kB
Mem:          3.8G       3.7G       118M       5.7M        22M       3.2G

MemTotal:        4016004 kB
MemFree:          117184 kB
Active:           367080 kB
Mem:          3.8G       3.7G       114M       5.7M        22M       3.2G

MemTotal:        4016004 kB
MemFree:          123356 kB
Active:           366960 kB
Mem:          3.8G       3.7G       120M       5.7M        22M       3.2G

MemTotal:        4016004 kB
MemFree:          128200 kB
Active:           366952 kB
Mem:          3.8G       3.7G       124M       5.7M        22M       3.2G

MemTotal:        4016004 kB
MemFree:          108116 kB
Active:           366964 kB
Mem:          3.8G       3.7G       105M       5.7M        22M       3.2G

MemTotal:        4016004 kB
MemFree:          126216 kB
Active:           366964 kB
Mem:          3.8G       3.7G       123M       5.7M        22M       3.2G

MemTotal:        4016004 kB
MemFree:          127988 kB
Active:           366980 kB
Mem:          3.8G       3.7G       124M       5.7M        22M       3.2G

MemTotal:        4016004 kB
MemFree:          126612 kB
Active:           366260 kB
Mem:          3.8G       3.7G       123M       5.7M        22M       3.2G

MemTotal:        4016004 kB
MemFree:          125904 kB
Active:           366220 kB
Mem:          3.8G       3.7G       122M       5.7M        22M       3.2G

MemTotal:        4016004 kB
MemFree:          125032 kB
Active:           366236 kB
Mem:          3.8G       3.7G       121M       5.7M        22M       3.2G

MemTotal:        4016004 kB
MemFree:          123332 kB
Active:           366248 kB
Mem:          3.8G       3.7G       120M       5.7M        22M       3.2G

MemTotal:        4016004 kB
MemFree:          121924 kB
Active:           366280 kB
Mem:          3.8G       3.7G       118M       5.7M        22M       3.2G

MemTotal:        4016004 kB
MemFree:          135296 kB
Active:           363024 kB
Mem:          3.8G       3.7G       132M       5.7M        22M       3.2G

MemTotal:        4016004 kB
MemFree:          132884 kB
Active:           363024 kB
Mem:          3.8G       3.7G       129M       5.7M        22M       3.2G

MemTotal:        4016004 kB
MemFree:          137680 kB
Active:           363024 kB
Mem:          3.8G       3.7G       134M       5.7M        22M       3.2G

MemTotal:        4016004 kB
MemFree:          133456 kB
Active:           363024 kB
Mem:          3.8G       3.7G       129M       5.7M        22M       3.2G

MemTotal:        4016004 kB
MemFree:          159356 kB
Active:           318320 kB
Mem:          3.8G       3.7G       155M       5.7M        22M       3.2G

MemTotal:        4016004 kB
MemFree:          157928 kB
Active:           318196 kB
Mem:          3.8G       3.7G       154M       5.7M        22M       3.2G

MemTotal:        4016004 kB
MemFree:          157960 kB
Active:           318208 kB
Mem:          3.8G       3.7G       154M       5.7M        22M       3.2G

MemTotal:        4016004 kB
MemFree:          155404 kB
Active:           318232 kB
Mem:          3.8G       3.7G       151M       5.7M        22M       3.2G

MemTotal:        4016004 kB
MemFree:          154632 kB
Active:           318188 kB
Mem:          3.8G       3.7G       150M       5.7M        22M       3.2G

MemTotal:        4016004 kB
MemFree:          152924 kB
Active:           318248 kB
Mem:          3.8G       3.7G       148M       5.7M        22M       3.2G

MemTotal:        4016004 kB
MemFree:          151808 kB
Active:           318208 kB
Mem:          3.8G       3.7G       148M       5.7M        22M       3.2G

MemTotal:        4016004 kB
MemFree:          150976 kB
Active:           318256 kB
Mem:          3.8G       3.7G       147M       5.7M        22M       3.2G

MemTotal:        4016004 kB
MemFree:          150328 kB
Active:           318248 kB
Mem:          3.8G       3.7G       146M       5.7M        22M       3.2G

MemTotal:        4016004 kB
MemFree:          147128 kB
Active:           318408 kB
Mem:          3.8G       3.7G       143M       5.7M        22M       3.2G

MemTotal:        4016004 kB
MemFree:          142248 kB
Active:           318268 kB
Mem:          3.8G       3.7G       138M       5.7M        22M       3.2G

MemTotal:        4016004 kB
MemFree:          136848 kB
Active:           318268 kB
Mem:          3.8G       3.7G       133M       5.7M        22M       3.2G

MemTotal:        4016004 kB
MemFree:          132128 kB
Active:           318276 kB
Mem:          3.8G       3.7G       128M       5.7M        22M       3.2G

MemTotal:        4016004 kB
MemFree:          137004 kB
Active:           318280 kB
Mem:          3.8G       3.7G       133M       5.7M        22M       3.2G

MemTotal:        4016004 kB
MemFree:          123972 kB
Active:           318288 kB
Mem:          3.8G       3.7G       120M       5.7M        22M       3.2G

MemTotal:        4016004 kB
MemFree:          123088 kB
Active:           318232 kB
Mem:          3.8G       3.7G       119M       5.7M        22M       3.2G

MemTotal:        4016004 kB
MemFree:          135328 kB
Active:           318288 kB
Mem:          3.8G       3.7G       131M       5.7M        22M       3.2G

MemTotal:        4016004 kB
MemFree:          108476 kB
Active:           318296 kB
Mem:          3.8G       3.7G       105M       5.7M        22M       3.2G

MemTotal:        4016004 kB
MemFree:          107180 kB
Active:           318308 kB
Mem:          3.8G       3.7G       104M       5.7M        22M       3.2G

MemTotal:        4016004 kB
MemFree:          105228 kB
Active:           318308 kB
Mem:          3.8G       3.7G       102M       5.7M        22M       3.2G

MemTotal:        4016004 kB
MemFree:          129196 kB
Active:           318308 kB
Mem:          3.8G       3.7G       126M       5.7M        22M       3.2G

MemTotal:        4016004 kB
MemFree:          123648 kB
Active:           318312 kB
Mem:          3.8G       3.7G       120M       5.7M        22M       3.2G

MemTotal:        4016004 kB
MemFree:          131160 kB
Active:           314276 kB
Mem:          3.8G       3.7G       127M       5.7M        22M       3.2G

MemTotal:        4016004 kB
MemFree:          114012 kB
Active:           314404 kB
Mem:          3.8G       3.7G       110M       5.7M        22M       3.2G

MemTotal:        4016004 kB
MemFree:          106356 kB
Active:           313976 kB
Mem:          3.8G       3.7G       103M       5.7M        22M       3.2G

MemTotal:        4016004 kB
MemFree:          105612 kB
Active:           313976 kB
Mem:          3.8G       3.7G       103M       5.7M        22M       3.2G

MemTotal:        4016004 kB
MemFree:          105860 kB
Active:           313928 kB
Mem:          3.8G       3.7G       103M       5.7M        22M       3.2G

MemTotal:        4016004 kB
MemFree:          105984 kB
Active:           313948 kB
Mem:          3.8G       3.7G       103M       5.7M        22M       3.2G

MemTotal:        4016004 kB
MemFree:          105612 kB
Active:           313984 kB
Mem:          3.8G       3.7G       103M       5.7M        22M       3.2G

MemTotal:        4016004 kB
MemFree:          105736 kB
Active:           313936 kB
Mem:          3.8G       3.7G       103M       5.7M        22M       3.2G

MemTotal:        4016004 kB
MemFree:          106108 kB
Active:           313944 kB
Mem:          3.8G       3.7G       103M       5.7M        22M       3.2G

MemTotal:        4016004 kB
MemFree:          106356 kB
Active:           313956 kB
Mem:          3.8G       3.7G       103M       5.7M        22M       3.2G

MemTotal:        4016004 kB
MemFree:          105984 kB
Active:           313984 kB
Mem:          3.8G       3.7G       103M       5.7M        22M       3.2G

MemTotal:        4016004 kB
MemFree:          106108 kB
Active:           313940 kB
Mem:          3.8G       3.7G       103M       5.7M        22M       3.2G

MemTotal:        4016004 kB
MemFree:          106232 kB
Active:           313956 kB
Mem:          3.8G       3.7G       103M       5.7M        22M       3.2G

MemTotal:        4016004 kB
MemFree:          106356 kB
Active:           313968 kB
Mem:          3.8G       3.7G       103M       5.7M        22M       3.2G

MemTotal:        4016004 kB
MemFree:          105984 kB
Active:           313984 kB
Mem:          3.8G       3.7G       103M       5.7M        22M       3.2G

MemTotal:        4016004 kB
MemFree:          106108 kB
Active:           313972 kB
Mem:          3.8G       3.7G       103M       5.7M        22M       3.2G

MemTotal:        4016004 kB
MemFree:          106108 kB
Active:           313940 kB
Mem:          3.8G       3.7G       103M       5.7M        22M       3.2G

MemTotal:        4016004 kB
MemFree:          106156 kB
Active:           313772 kB
Mem:          3.8G       3.7G       103M       5.7M        22M       3.2G

MemTotal:        4016004 kB
MemFree:          106404 kB
Active:           313764 kB
Mem:          3.8G       3.7G       104M       5.7M        22M       3.2G

MemTotal:        4016004 kB
MemFree:          106464 kB
Active:           313144 kB
Mem:          3.8G       3.7G       103M       5.7M        22M       3.2G

MemTotal:        4016004 kB
MemFree:          106588 kB
Active:           315176 kB
Mem:          3.8G       3.7G       104M       5.7M        22M       3.2G

MemTotal:        4016004 kB
MemFree:          106464 kB
Active:           315180 kB
Mem:          3.8G       3.7G       104M       5.7M        22M       3.2G

MemTotal:        4016004 kB
MemFree:          106588 kB
Active:           315180 kB
Mem:          3.8G       3.7G       104M       5.7M        22M       3.2G

MemTotal:        4016004 kB
MemFree:          106340 kB
Active:           315212 kB
Mem:          3.8G       3.7G       103M       5.7M        22M       3.2G

MemTotal:        4016004 kB
MemFree:          106712 kB
Active:           315200 kB
Mem:          3.8G       3.7G       104M       5.7M        22M       3.2G

MemTotal:        4016004 kB
MemFree:          106836 kB
Active:           315188 kB
Mem:          3.8G       3.7G       104M       5.7M        22M       3.2G

MemTotal:        4016004 kB
MemFree:          106712 kB
Active:           315200 kB
Mem:          3.8G       3.7G       103M       5.7M        22M       3.2G

MemTotal:        4016004 kB
MemFree:          106588 kB
Active:           315212 kB
Mem:          3.8G       3.7G       104M       5.7M        22M       3.2G

MemTotal:        4016004 kB
MemFree:          106712 kB
Active:           315224 kB
Mem:          3.8G       3.7G       103M       5.7M        22M       3.2G

MemTotal:        4016004 kB
MemFree:          106212 kB
Active:           313328 kB
Mem:          3.8G       3.7G       103M       5.7M        22M       3.2G

MemTotal:        4016004 kB
MemFree:          106336 kB
Active:           315380 kB
Mem:          3.8G       3.7G       103M       5.7M        22M       3.2G

MemTotal:        4016004 kB
MemFree:          106080 kB
Active:           315328 kB
Mem:          3.8G       3.7G       103M       5.7M        22M       3.2G

MemTotal:        4016004 kB
MemFree:          106048 kB
Active:           315348 kB
Mem:          3.8G       3.7G       103M       5.7M        22M       3.2G

MemTotal:        4016004 kB
MemFree:          106300 kB
Active:           315340 kB
Mem:          3.8G       3.7G       103M       5.7M        22M       3.2G

MemTotal:        4016004 kB
MemFree:          106524 kB
Active:           315352 kB
Mem:          3.8G       3.7G       103M       5.7M        22M       3.2G

MemTotal:        4016004 kB
MemFree:          106524 kB
Active:           315384 kB
Mem:          3.8G       3.7G       103M       5.7M        22M       3.2G

MemTotal:        4016004 kB
MemFree:          106400 kB
Active:           315392 kB
Mem:          3.8G       3.7G       103M       5.7M        22M       3.2G

MemTotal:        4016004 kB
MemFree:          106152 kB
Active:           315400 kB
Mem:          3.8G       3.7G       103M       5.7M        22M       3.2G

MemTotal:        4016004 kB
MemFree:          106772 kB
Active:           315396 kB
Mem:          3.8G       3.7G       104M       5.7M        22M       3.2G

MemTotal:        4016004 kB
MemFree:          106772 kB
Active:           315396 kB
Mem:          3.8G       3.7G       104M       5.7M        22M       3.2G

MemTotal:        4016004 kB
MemFree:          106648 kB
Active:           315356 kB
Mem:          3.8G       3.7G       103M       5.7M        22M       3.2G

MemTotal:        4016004 kB
MemFree:          106276 kB
Active:           315408 kB
Mem:          3.8G       3.7G       103M       5.7M        22M       3.2G

MemTotal:        4016004 kB
MemFree:          106648 kB
Active:           315392 kB
Mem:          3.8G       3.7G       104M       5.7M        22M       3.2G

MemTotal:        4016004 kB
MemFree:          106772 kB
Active:           315412 kB
Mem:          3.8G       3.7G       104M       5.7M        22M       3.2G

MemTotal:        4016004 kB
MemFree:          106648 kB
Active:           315412 kB
Mem:          3.8G       3.7G       104M       5.7M        22M       3.2G

MemTotal:        4016004 kB
MemFree:          106400 kB
Active:           315424 kB
Mem:          3.8G       3.7G       104M       5.7M        22M       3.2G

MemTotal:        4016004 kB
MemFree:          106648 kB
Active:           315376 kB
Mem:          3.8G       3.7G       104M       5.7M        22M       3.2G

MemTotal:        4016004 kB
MemFree:          106772 kB
Active:           315380 kB
Mem:          3.8G       3.7G       103M       5.7M        22M       3.2G

MemTotal:        4016004 kB
MemFree:          106152 kB
Active:           315424 kB
Mem:          3.8G       3.7G       103M       5.7M        22M       3.2G

MemTotal:        4016004 kB
MemFree:          106524 kB
Active:           315376 kB
Mem:          3.8G       3.7G       104M       5.7M        22M       3.2G

MemTotal:        4016004 kB
MemFree:          106772 kB
Active:           315420 kB
Mem:          3.8G       3.7G       103M       5.7M        22M       3.2G

MemTotal:        4016004 kB
MemFree:          106648 kB
Active:           315416 kB
Mem:          3.8G       3.7G       104M       5.7M        22M       3.2G

MemTotal:        4016004 kB
MemFree:          106648 kB
Active:           315416 kB
Mem:          3.8G       3.7G       104M       5.7M        22M       3.2G

MemTotal:        4016004 kB
MemFree:          106276 kB
Active:           315444 kB
Mem:          3.8G       3.7G       103M       5.7M        22M       3.2G

MemTotal:        4016004 kB
MemFree:          106276 kB
Active:           315448 kB
Mem:          3.8G       3.7G       103M       5.7M        22M       3.2G

MemTotal:        4016004 kB
MemFree:          106524 kB
Active:           315452 kB
Mem:          3.8G       3.7G       103M       5.7M        22M       3.2G

MemTotal:        4016004 kB
MemFree:          106276 kB
Active:           315460 kB
Mem:          3.8G       3.7G       104M       5.7M        22M       3.2G

MemTotal:        4016004 kB
MemFree:          106648 kB
Active:           315428 kB
Mem:          3.8G       3.7G       104M       5.7M        22M       3.2G

MemTotal:        4016004 kB
MemFree:          106524 kB
Active:           315432 kB
Mem:          3.8G       3.7G       104M       5.7M        22M       3.2G

MemTotal:        4016004 kB
MemFree:          106772 kB
Active:           315452 kB
Mem:          3.8G       3.7G       104M       5.7M        22M       3.2G

MemTotal:        4016004 kB
MemFree:          106772 kB
Active:           315460 kB
Mem:          3.8G       3.7G       104M       5.7M        22M       3.2G

MemTotal:        4016004 kB
MemFree:          106772 kB
Active:           315416 kB
Mem:          3.8G       3.7G       104M       5.7M        22M       3.2G

MemTotal:        4016004 kB
MemFree:          106276 kB
Active:           315444 kB
Mem:          3.8G       3.7G       104M       5.7M        22M       3.2G

MemTotal:        4016004 kB
MemFree:          106152 kB
Active:           315468 kB
Mem:          3.8G       3.7G       103M       5.7M        22M       3.2G

MemTotal:        4016004 kB
MemFree:          106400 kB
Active:           315440 kB
Mem:          3.8G       3.7G       103M       5.7M        22M       3.2G

MemTotal:        4016004 kB
MemFree:          106524 kB
Active:           315424 kB
Mem:          3.8G       3.7G       104M       5.7M        22M       3.2G

MemTotal:        4016004 kB
MemFree:          106648 kB
Active:           315432 kB
Mem:          3.8G       3.7G       104M       5.7M        22M       3.2G

MemTotal:        4016004 kB
MemFree:          106648 kB
Active:           315436 kB
Mem:          3.8G       3.7G       104M       5.7M        22M       3.2G

MemTotal:        4016004 kB
MemFree:          106524 kB
Active:           315448 kB
Mem:          3.8G       3.7G       104M       5.7M        22M       3.2G

MemTotal:        4016004 kB
MemFree:          104600 kB
Active:           315424 kB
Mem:          3.8G       3.7G       101M       5.7M        22M       3.2G

MemTotal:        4016004 kB
MemFree:          104600 kB
Active:           317464 kB
Mem:          3.8G       3.7G       102M       5.7M        22M       3.2G

MemTotal:        4016004 kB
MemFree:          104724 kB
Active:           317448 kB
Mem:          3.8G       3.7G       102M       5.7M        22M       3.2G

MemTotal:        4016004 kB
MemFree:          104616 kB
Active:           317452 kB
Mem:          3.8G       3.7G       102M       5.7M        22M       3.2G

MemTotal:        4016004 kB
MemFree:          104740 kB
Active:           317468 kB
Mem:          3.8G       3.7G       102M       5.7M        22M       3.2G

MemTotal:        4016004 kB
MemFree:          104740 kB
Active:           317476 kB
Mem:          3.8G       3.7G       102M       5.7M        22M       3.2G

MemTotal:        4016004 kB
MemFree:          104616 kB
Active:           317460 kB
Mem:          3.8G       3.7G       102M       5.7M        22M       3.2G

MemTotal:        4016004 kB
MemFree:          104244 kB
Active:           317508 kB
Mem:          3.8G       3.7G       102M       5.7M        22M       3.2G

MemTotal:        4016004 kB
MemFree:          104616 kB
Active:           317456 kB
Mem:          3.8G       3.7G       102M       5.7M        22M       3.2G

MemTotal:        4016004 kB
MemFree:          104616 kB
Active:           317480 kB
Mem:          3.8G       3.7G       102M       5.7M        22M       3.2G

MemTotal:        4016004 kB
MemFree:          104616 kB
Active:           317500 kB
Mem:          3.8G       3.7G       101M       5.7M        22M       3.2G

MemTotal:        4016004 kB
MemFree:          104864 kB
Active:           317504 kB
Mem:          3.8G       3.7G       102M       5.7M        22M       3.2G

MemTotal:        4016004 kB
MemFree:          104864 kB
Active:           317508 kB
Mem:          3.8G       3.7G       102M       5.7M        22M       3.2G

MemTotal:        4016004 kB
MemFree:          104368 kB
Active:           317464 kB
Mem:          3.8G       3.7G       101M       5.7M        22M       3.2G

MemTotal:        4016004 kB
MemFree:          104120 kB
Active:           317520 kB
Mem:          3.8G       3.7G       101M       5.7M        22M       3.2G

MemTotal:        4016004 kB
MemFree:          104492 kB
Active:           317464 kB
Mem:          3.8G       3.7G       101M       5.7M        22M       3.2G

MemTotal:        4016004 kB
MemFree:          104616 kB
Active:           317464 kB
Mem:          3.8G       3.7G       102M       5.7M        22M       3.2G

MemTotal:        4016004 kB
MemFree:          104120 kB
Active:           317524 kB
Mem:          3.8G       3.7G       101M       5.7M        22M       3.2G

MemTotal:        4016004 kB
MemFree:          104492 kB
Active:           317480 kB
Mem:          3.8G       3.7G       101M       5.7M        22M       3.2G

MemTotal:        4016004 kB
MemFree:          104492 kB
Active:           317468 kB
Mem:          3.8G       3.7G       102M       5.7M        22M       3.2G

MemTotal:        4016004 kB
MemFree:          104368 kB
Active:           317480 kB
Mem:          3.8G       3.7G       101M       5.7M        22M       3.2G

MemTotal:        4016004 kB
MemFree:          104244 kB
Active:           317528 kB
Mem:          3.8G       3.7G       101M       5.7M        22M       3.2G

MemTotal:        4016004 kB
MemFree:          104748 kB
Active:           317496 kB
Mem:          3.8G       3.7G       102M       5.7M        22M       3.2G

MemTotal:        4016004 kB
MemFree:          104748 kB
Active:           317500 kB
Mem:          3.8G       3.7G       102M       5.7M        22M       3.2G

MemTotal:        4016004 kB
MemFree:          104500 kB
Active:           317496 kB
Mem:          3.8G       3.7G       102M       5.7M        22M       3.2G

MemTotal:        4016004 kB
MemFree:          104128 kB
Active:           317532 kB
Mem:          3.8G       3.7G       101M       5.7M        22M       3.2G

MemTotal:        4016004 kB
MemFree:          104500 kB
Active:           317476 kB
Mem:          3.8G       3.7G       102M       5.7M        22M       3.2G

MemTotal:        4016004 kB
MemFree:          104128 kB
Active:           317532 kB
Mem:          3.8G       3.7G       101M       5.7M        22M       3.2G

MemTotal:        4016004 kB
MemFree:          104500 kB
Active:           317520 kB
Mem:          3.8G       3.7G       101M       5.7M        22M       3.2G

MemTotal:        4016004 kB
MemFree:          104500 kB
Active:           317496 kB
Mem:          3.8G       3.7G       102M       5.7M        22M       3.2G

MemTotal:        4016004 kB
MemFree:          104624 kB
Active:           317488 kB
Mem:          3.8G       3.7G       102M       5.7M        22M       3.2G

MemTotal:        4016004 kB
MemFree:          104128 kB
Active:           317536 kB
Mem:          3.8G       3.7G       101M       5.7M        22M       3.2G

MemTotal:        4016004 kB
MemFree:          104252 kB
Active:           317488 kB
Mem:          3.8G       3.7G       101M       5.7M        22M       3.2G

MemTotal:        4016004 kB
MemFree:          104500 kB
Active:           317532 kB
Mem:          3.8G       3.7G       102M       5.7M        22M       3.2G

MemTotal:        4016004 kB
MemFree:          104500 kB
Active:           317508 kB
Mem:          3.8G       3.7G       102M       5.7M        22M       3.2G

MemTotal:        4016004 kB
MemFree:          104128 kB
Active:           317540 kB
Mem:          3.8G       3.7G       101M       5.7M        22M       3.2G

MemTotal:        4016004 kB
MemFree:          104624 kB
Active:           317524 kB
Mem:          3.8G       3.7G       101M       5.7M        22M       3.2G

MemTotal:        4016004 kB
MemFree:          104500 kB
Active:           317520 kB
Mem:          3.8G       3.7G       102M       5.7M        22M       3.2G

MemTotal:        4016004 kB
MemFree:          104624 kB
Active:           317516 kB
Mem:          3.8G       3.7G       102M       5.7M        22M       3.2G

MemTotal:        4016004 kB
MemFree:          104252 kB
Active:           317556 kB
Mem:          3.8G       3.7G       101M       5.7M        22M       3.2G

MemTotal:        4016004 kB
MemFree:          104312 kB
Active:           315504 kB
Mem:          3.8G       3.7G       101M       5.7M        22M       3.2G

MemTotal:        4016004 kB
MemFree:          104312 kB
Active:           317564 kB
Mem:          3.8G       3.7G       101M       5.7M        22M       3.2G

MemTotal:        4016004 kB
MemFree:          104064 kB
Active:           317572 kB
Mem:          3.8G       3.7G       101M       5.7M        22M       3.2G

MemTotal:        4016004 kB
MemFree:          104560 kB
Active:           317580 kB
Mem:          3.8G       3.7G       101M       5.7M        22M       3.2G

MemTotal:        4016004 kB
MemFree:          104560 kB
Active:           317592 kB
Mem:          3.8G       3.7G       102M       5.7M        22M       3.2G

MemTotal:        4016004 kB
MemFree:          104808 kB
Active:           317588 kB
Mem:          3.8G       3.7G       102M       5.7M        22M       3.2G

MemTotal:        4016004 kB
MemFree:          104808 kB
Active:           317544 kB
Mem:          3.8G       3.7G       102M       5.7M        22M       3.2G

MemTotal:        4016004 kB
MemFree:          104808 kB
Active:           317552 kB
Mem:          3.8G       3.7G       102M       5.7M        22M       3.2G

MemTotal:        4016004 kB
MemFree:          104684 kB
Active:           317544 kB
Mem:          3.8G       3.7G       102M       5.7M        22M       3.2G

MemTotal:        4016004 kB
MemFree:          104436 kB
Active:           317596 kB
Mem:          3.8G       3.7G       102M       5.7M        22M       3.2G

MemTotal:        4016004 kB
MemFree:          104064 kB
Active:           317600 kB
Mem:          3.8G       3.7G       101M       5.7M        22M       3.2G

MemTotal:        4016004 kB
MemFree:          104560 kB
Active:           317580 kB
Mem:          3.8G       3.7G       101M       5.7M        22M       3.2G

MemTotal:        4016004 kB
MemFree:          104436 kB
Active:           317600 kB
Mem:          3.8G       3.7G       101M       5.7M        22M       3.2G

MemTotal:        4016004 kB
MemFree:          104312 kB
Active:           317564 kB
Mem:          3.8G       3.7G       101M       5.7M        22M       3.2G

MemTotal:        4016004 kB
MemFree:          104436 kB
Active:           317568 kB
Mem:          3.8G       3.7G       102M       5.7M        22M       3.2G

MemTotal:        4016004 kB
MemFree:          104436 kB
Active:           317572 kB
Mem:          3.8G       3.7G       102M       5.7M        22M       3.2G

MemTotal:        4016004 kB
MemFree:          104560 kB
Active:           317584 kB
Mem:          3.8G       3.7G       101M       5.7M        22M       3.2G

MemTotal:        4016004 kB
MemFree:          104064 kB
Active:           317608 kB
Mem:          3.8G       3.7G       101M       5.7M        22M       3.2G

MemTotal:        4016004 kB
MemFree:          104560 kB
Active:           317568 kB
Mem:          3.8G       3.7G       101M       5.7M        22M       3.2G

MemTotal:        4016004 kB
MemFree:          104560 kB
Active:           317584 kB
Mem:          3.8G       3.7G       102M       5.7M        22M       3.2G

MemTotal:        4016004 kB
MemFree:          104436 kB
Active:           317592 kB
Mem:          3.8G       3.7G       101M       5.7M        22M       3.2G

MemTotal:        4016004 kB
MemFree:          104312 kB
Active:           317608 kB
Mem:          3.8G       3.7G       101M       5.7M        22M       3.2G

MemTotal:        4016004 kB
MemFree:          104188 kB
Active:           317612 kB
Mem:          3.8G       3.7G       101M       5.7M        22M       3.2G

MemTotal:        4016004 kB
MemFree:          104312 kB
Active:           317596 kB
Mem:          3.8G       3.7G       101M       5.7M        22M       3.2G

MemTotal:        4016004 kB
MemFree:          104188 kB
Active:           317616 kB
Mem:          3.8G       3.7G       102M       5.7M        22M       3.2G

MemTotal:        4016004 kB
MemFree:          104560 kB
Active:           317604 kB
Mem:          3.8G       3.7G       102M       5.7M        22M       3.2G

MemTotal:        4016004 kB
MemFree:          104188 kB
Active:           317616 kB
Mem:          3.8G       3.7G       101M       5.7M        22M       3.2G

MemTotal:        4016004 kB
MemFree:          104436 kB
Active:           317616 kB
Mem:          3.8G       3.7G       102M       5.7M        22M       3.2G

MemTotal:        4016004 kB
MemFree:          104436 kB
Active:           317560 kB
Mem:          3.8G       3.7G       102M       5.7M        22M       3.2G

MemTotal:        4016004 kB
MemFree:          104064 kB
Active:           317620 kB
Mem:          3.8G       3.7G       101M       5.7M        22M       3.2G

MemTotal:        4016004 kB
MemFree:          104312 kB
Active:           317612 kB
Mem:          3.8G       3.7G       101M       5.7M        22M       3.2G

MemTotal:        4016004 kB
MemFree:          104312 kB
Active:           317600 kB
Mem:          3.8G       3.7G       101M       5.7M        22M       3.2G

MemTotal:        4016004 kB
MemFree:          104436 kB
Active:           317612 kB
Mem:          3.8G       3.7G       101M       5.7M        22M       3.2G

MemTotal:        4016004 kB
MemFree:          104436 kB
Active:           317572 kB
Mem:          3.8G       3.7G       101M       5.7M        22M       3.2G

MemTotal:        4016004 kB
MemFree:          104436 kB
Active:           317584 kB
Mem:          3.8G       3.7G       102M       5.7M        22M       3.2G

MemTotal:        4016004 kB
MemFree:          104312 kB
Active:           317592 kB
Mem:          3.8G       3.7G       101M       5.7M        22M       3.2G

MemTotal:        4016004 kB
MemFree:          104436 kB
Active:           317620 kB
Mem:          3.8G       3.7G       101M       5.7M        22M       3.2G

MemTotal:        4016004 kB
MemFree:          104560 kB
Active:           317612 kB
Mem:          3.8G       3.7G       102M       5.7M        22M       3.2G

MemTotal:        4016004 kB
MemFree:          104560 kB
Active:           317596 kB
Mem:          3.8G       3.7G       102M       5.7M        22M       3.2G

MemTotal:        4016004 kB
MemFree:          104560 kB
Active:           317616 kB
Mem:          3.8G       3.7G       101M       5.7M        22M       3.2G

MemTotal:        4016004 kB
MemFree:          104188 kB
Active:           317640 kB
Mem:          3.8G       3.7G       102M       5.7M        22M       3.2G

MemTotal:        4016004 kB
MemFree:          104560 kB
Active:           317588 kB
Mem:          3.8G       3.7G       101M       5.7M        22M       3.2G

MemTotal:        4016004 kB
MemFree:          104560 kB
Active:           317604 kB
Mem:          3.8G       3.7G       102M       5.7M        22M       3.2G

MemTotal:        4016004 kB
MemFree:          104560 kB
Active:           317620 kB
Mem:          3.8G       3.7G       101M       5.7M        22M       3.2G

MemTotal:        4016004 kB
MemFree:          104188 kB
Active:           317652 kB
Mem:          3.8G       3.7G       101M       5.7M        22M       3.2G

MemTotal:        4016004 kB
MemFree:          104436 kB
Active:           317620 kB
Mem:          3.8G       3.7G       102M       5.7M        22M       3.2G

MemTotal:        4016004 kB
MemFree:          104436 kB
Active:           317632 kB
Mem:          3.8G       3.7G       101M       5.7M        22M       3.2G

MemTotal:        4016004 kB
MemFree:          104312 kB
Active:           317636 kB
Mem:          3.8G       3.7G       101M       5.7M        22M       3.2G

MemTotal:        4016004 kB
MemFree:          104064 kB
Active:           317656 kB
Mem:          3.8G       3.7G       101M       5.7M        22M       3.2G

MemTotal:        4016004 kB
MemFree:          104452 kB
Active:           317604 kB
Mem:          3.8G       3.7G       102M       5.7M        23M       3.2G

MemTotal:        4016004 kB
MemFree:          104452 kB
Active:           317644 kB
Mem:          3.8G       3.7G       102M       5.7M        23M       3.2G

MemTotal:        4016004 kB
MemFree:          104452 kB
Active:           317620 kB
Mem:          3.8G       3.7G       101M       5.7M        23M       3.2G

MemTotal:        4016004 kB
MemFree:          104328 kB
Active:           317668 kB
Mem:          3.8G       3.7G       101M       5.7M        23M       3.2G

MemTotal:        4016004 kB
MemFree:          104328 kB
Active:           317620 kB
Mem:          3.8G       3.7G       101M       5.7M        23M       3.2G

MemTotal:        4016004 kB
MemFree:          104328 kB
Active:           317624 kB
Mem:          3.8G       3.7G       101M       5.7M        23M       3.2G

MemTotal:        4016004 kB
MemFree:          104204 kB
Active:           317668 kB
Mem:          3.8G       3.7G       101M       5.7M        23M       3.2G

MemTotal:        4016004 kB
MemFree:          104204 kB
Active:           317676 kB
Mem:          3.8G       3.7G       101M       5.7M        23M       3.2G

MemTotal:        4016004 kB
MemFree:          104328 kB
Active:           317628 kB
Mem:          3.8G       3.7G       101M       5.7M        23M       3.2G

MemTotal:        4016004 kB
MemFree:          104328 kB
Active:           317632 kB
Mem:          3.8G       3.7G       101M       5.7M        23M       3.2G

MemTotal:        4016004 kB
MemFree:          104452 kB
Active:           317672 kB
Mem:          3.8G       3.7G       102M       5.7M        23M       3.2G

MemTotal:        4016004 kB
MemFree:          104328 kB
Active:           317668 kB
Mem:          3.8G       3.7G       101M       5.7M        23M       3.2G

MemTotal:        4016004 kB
MemFree:          104080 kB
Active:           317664 kB
Mem:          3.8G       3.7G       101M       5.7M        23M       3.2G

MemTotal:        4016004 kB
MemFree:          104204 kB
Active:           317668 kB
Mem:          3.8G       3.7G       101M       5.7M        23M       3.2G

MemTotal:        4016004 kB
MemFree:          104328 kB
Active:           317692 kB
Mem:          3.8G       3.7G       101M       5.7M        23M       3.2G

MemTotal:        4016004 kB
MemFree:          104328 kB
Active:           317848 kB
Mem:          3.8G       3.7G       101M       5.7M        23M       3.2G

MemTotal:        4016004 kB
MemFree:          103352 kB
Active:           317808 kB
Mem:          3.8G       3.7G       101M       5.7M        23M       3.2G

MemTotal:        4016004 kB
MemFree:          103600 kB
Active:           317804 kB
Mem:          3.8G       3.7G       101M       5.7M        23M       3.2G

MemTotal:        4016004 kB
MemFree:          103848 kB
Active:           317800 kB
Mem:          3.8G       3.7G       101M       5.7M        23M       3.2G

MemTotal:        4016004 kB
MemFree:          104096 kB
Active:           317808 kB
Mem:          3.8G       3.7G       101M       5.7M        23M       3.2G

MemTotal:        4016004 kB
MemFree:          104220 kB
Active:           317768 kB
Mem:          3.8G       3.7G       101M       5.7M        23M       3.2G

MemTotal:        4016004 kB
MemFree:          104220 kB
Active:           317772 kB
Mem:          3.8G       3.7G       101M       5.7M        23M       3.2G

MemTotal:        4016004 kB
MemFree:          104220 kB
Active:           317776 kB
Mem:          3.8G       3.7G       101M       5.7M        23M       3.2G

MemTotal:        4016004 kB
MemFree:          104220 kB
Active:           317824 kB
Mem:          3.8G       3.7G       101M       5.7M        23M       3.2G

MemTotal:        4016004 kB
MemFree:          103476 kB
Active:           317848 kB
Mem:          3.8G       3.7G       101M       5.7M        23M       3.2G

MemTotal:        4016004 kB
MemFree:          103600 kB
Active:           317800 kB
Mem:          3.8G       3.7G       101M       5.7M        23M       3.2G

MemTotal:        4016004 kB
MemFree:          103600 kB
Active:           317816 kB
Mem:          3.8G       3.7G       101M       5.7M        23M       3.2G

MemTotal:        4016004 kB
MemFree:          103352 kB
Active:           317860 kB
Mem:          3.8G       3.7G       101M       5.7M        23M       3.2G

MemTotal:        4016004 kB
MemFree:          103724 kB
Active:           317808 kB
Mem:          3.8G       3.7G       101M       5.7M        23M       3.2G

MemTotal:        4016004 kB
MemFree:          103708 kB
Active:           317876 kB
Mem:          3.8G       3.7G       101M       5.7M        23M       3.2G

MemTotal:        4016004 kB
MemFree:          103708 kB
Active:           317860 kB
Mem:          3.8G       3.7G       101M       5.7M        23M       3.2G

MemTotal:        4016004 kB
MemFree:          103584 kB
Active:           317876 kB
Mem:          3.8G       3.7G       101M       5.7M        23M       3.2G

