MemTotal:        4016004 kB
MemFree:         3231112 kB
Active:           428444 kB
Mem:          3.8G       766M       3.1G       5.7M        50M       319M

MemTotal:        4016004 kB
MemFree:         3231424 kB
Active:           428100 kB
Mem:          3.8G       765M       3.1G       5.7M        50M       319M

MemTotal:        4016004 kB
MemFree:         3232152 kB
Active:           428140 kB
Mem:          3.8G       765M       3.1G       5.7M        50M       319M

MemTotal:        4016004 kB
MemFree:         3231888 kB
Active:           428136 kB
Mem:          3.8G       765M       3.1G       5.7M        50M       319M

MemTotal:        4016004 kB
MemFree:         3232616 kB
Active:           428192 kB
Mem:          3.8G       765M       3.1G       5.7M        50M       319M

MemTotal:        4016004 kB
MemFree:         3232120 kB
Active:           428200 kB
Mem:          3.8G       765M       3.1G       5.7M        50M       319M

MemTotal:        4016004 kB
MemFree:         3232492 kB
Active:           428148 kB
Mem:          3.8G       765M       3.1G       5.7M        50M       319M

MemTotal:        4016004 kB
MemFree:         3232244 kB
Active:           428152 kB
Mem:          3.8G       765M       3.1G       5.7M        50M       319M

MemTotal:        4016004 kB
MemFree:         3231748 kB
Active:           428200 kB
Mem:          3.8G       765M       3.1G       5.7M        50M       319M

MemTotal:        4016004 kB
MemFree:         3232244 kB
Active:           428164 kB
Mem:          3.8G       765M       3.1G       5.7M        50M       319M

MemTotal:        4016004 kB
MemFree:         3232476 kB
Active:           428148 kB
Mem:          3.8G       765M       3.1G       5.7M        50M       319M

MemTotal:        4016004 kB
MemFree:         3232228 kB
Active:           428192 kB
Mem:          3.8G       765M       3.1G       5.7M        50M       319M

MemTotal:        4016004 kB
MemFree:         3232400 kB
Active:           428152 kB
Mem:          3.8G       765M       3.1G       5.7M        50M       319M

MemTotal:        4016004 kB
MemFree:         3234540 kB
Active:           426124 kB
Mem:          3.8G       763M       3.1G       5.7M        50M       319M

MemTotal:        4016004 kB
MemFree:         3232492 kB
Active:           426136 kB
Mem:          3.8G       765M       3.1G       5.7M        50M       319M

MemTotal:        4016004 kB
MemFree:         3232508 kB
Active:           428168 kB
Mem:          3.8G       765M       3.1G       5.7M        50M       319M

MemTotal:        4016004 kB
MemFree:         3232508 kB
Active:           428196 kB
Mem:          3.8G       765M       3.1G       5.7M        50M       319M

MemTotal:        4016004 kB
MemFree:         3232508 kB
Active:           428184 kB
Mem:          3.8G       765M       3.1G       5.7M        50M       319M

MemTotal:        4016004 kB
MemFree:         3232492 kB
Active:           428204 kB
Mem:          3.8G       765M       3.1G       5.7M        50M       319M

MemTotal:        4016004 kB
MemFree:         3232740 kB
Active:           428196 kB
Mem:          3.8G       765M       3.1G       5.7M        50M       319M

MemTotal:        4016004 kB
MemFree:         3232492 kB
Active:           428168 kB
Mem:          3.8G       765M       3.1G       5.7M        50M       319M

MemTotal:        4016004 kB
MemFree:         3232492 kB
Active:           428200 kB
Mem:          3.8G       765M       3.1G       5.7M        50M       319M

MemTotal:        4016004 kB
MemFree:         3232120 kB
Active:           428216 kB
Mem:          3.8G       765M       3.1G       5.7M        50M       319M

MemTotal:        4016004 kB
MemFree:         3232104 kB
Active:           428216 kB
Mem:          3.8G       765M       3.1G       5.7M        50M       319M

MemTotal:        4016004 kB
MemFree:         3230476 kB
Active:           428164 kB
Mem:          3.8G       767M       3.1G       5.7M        50M       319M

MemTotal:        4016004 kB
MemFree:         3230228 kB
Active:           430240 kB
Mem:          3.8G       767M       3.1G       5.7M        50M       319M

MemTotal:        4016004 kB
MemFree:         3229856 kB
Active:           430240 kB
Mem:          3.8G       767M       3.1G       5.7M        50M       319M

MemTotal:        4016004 kB
MemFree:         3230336 kB
Active:           430220 kB
Mem:          3.8G       767M       3.1G       5.7M        50M       319M

MemTotal:        4016004 kB
MemFree:         3230444 kB
Active:           430240 kB
Mem:          3.8G       767M       3.1G       5.7M        50M       319M

MemTotal:        4016004 kB
MemFree:         3230444 kB
Active:           430244 kB
Mem:          3.8G       767M       3.1G       5.7M        50M       319M

MemTotal:        4016004 kB
MemFree:         3230428 kB
Active:           430200 kB
Mem:          3.8G       767M       3.1G       5.7M        50M       319M

MemTotal:        4016004 kB
MemFree:         3230412 kB
Active:           430224 kB
Mem:          3.8G       767M       3.1G       5.7M        50M       319M

MemTotal:        4016004 kB
MemFree:         3230272 kB
Active:           430228 kB
Mem:          3.8G       767M       3.1G       5.7M        50M       319M

MemTotal:        4016004 kB
MemFree:         3230132 kB
Active:           430248 kB
Mem:          3.8G       767M       3.1G       5.7M        50M       319M

MemTotal:        4016004 kB
MemFree:         3229620 kB
Active:           430208 kB
Mem:          3.8G       767M       3.1G       5.7M        50M       319M

MemTotal:        4016004 kB
MemFree:         3229744 kB
Active:           430220 kB
Mem:          3.8G       767M       3.1G       5.7M        50M       319M

MemTotal:        4016004 kB
MemFree:         3229868 kB
Active:           430220 kB
Mem:          3.8G       767M       3.1G       5.7M        50M       319M

MemTotal:        4016004 kB
MemFree:         3229976 kB
Active:           430244 kB
Mem:          3.8G       767M       3.1G       5.7M        50M       319M

MemTotal:        4016004 kB
MemFree:         3229976 kB
Active:           430244 kB
Mem:          3.8G       767M       3.1G       5.7M        50M       319M

MemTotal:        4016004 kB
MemFree:         3229960 kB
Active:           430252 kB
Mem:          3.8G       767M       3.1G       5.7M        50M       319M

MemTotal:        4016004 kB
MemFree:         3229944 kB
Active:           430252 kB
Mem:          3.8G       767M       3.1G       5.7M        50M       319M

MemTotal:        4016004 kB
MemFree:         3230052 kB
Active:           430260 kB
Mem:          3.8G       767M       3.1G       5.7M        50M       319M

MemTotal:        4016004 kB
MemFree:         3230300 kB
Active:           430236 kB
Mem:          3.8G       767M       3.1G       5.7M        50M       319M

MemTotal:        4016004 kB
MemFree:         3230424 kB
Active:           430244 kB
Mem:          3.8G       767M       3.1G       5.7M        50M       319M

MemTotal:        4016004 kB
MemFree:         3229652 kB
Active:           428356 kB
Mem:          3.8G       768M       3.1G       5.7M        50M       319M

MemTotal:        4016004 kB
MemFree:         3229412 kB
Active:           428192 kB
Mem:          3.8G       768M       3.1G       5.7M        50M       319M

MemTotal:        4016004 kB
MemFree:         3229784 kB
Active:           430244 kB
Mem:          3.8G       767M       3.1G       5.7M        50M       319M

MemTotal:        4016004 kB
MemFree:         3229784 kB
Active:           430260 kB
Mem:          3.8G       767M       3.1G       5.7M        50M       319M

MemTotal:        4016004 kB
MemFree:         3230528 kB
Active:           430260 kB
Mem:          3.8G       767M       3.1G       5.7M        50M       319M

MemTotal:        4016004 kB
MemFree:         3230512 kB
Active:           430288 kB
Mem:          3.8G       767M       3.1G       5.7M        50M       319M

MemTotal:        4016004 kB
MemFree:         3230124 kB
Active:           430312 kB
Mem:          3.8G       767M       3.1G       5.7M        50M       319M

MemTotal:        4016004 kB
MemFree:         3230372 kB
Active:           430288 kB
Mem:          3.8G       767M       3.1G       5.7M        50M       319M

MemTotal:        4016004 kB
MemFree:         3230000 kB
Active:           430332 kB
Mem:          3.8G       767M       3.1G       5.7M        50M       319M

MemTotal:        4016004 kB
MemFree:         3230000 kB
Active:           430320 kB
Mem:          3.8G       767M       3.1G       5.7M        50M       319M

MemTotal:        4016004 kB
MemFree:         3230124 kB
Active:           430276 kB
Mem:          3.8G       767M       3.1G       5.7M        50M       319M

MemTotal:        4016004 kB
MemFree:         3229752 kB
Active:           430292 kB
Mem:          3.8G       767M       3.1G       5.7M        50M       319M

MemTotal:        4016004 kB
MemFree:         3229504 kB
Active:           430336 kB
Mem:          3.8G       768M       3.1G       5.7M        50M       319M

MemTotal:        4016004 kB
MemFree:         3229504 kB
Active:           430336 kB
Mem:          3.8G       768M       3.1G       5.7M        50M       319M

MemTotal:        4016004 kB
MemFree:         3229628 kB
Active:           430316 kB
Mem:          3.8G       767M       3.1G       5.7M        50M       319M

MemTotal:        4016004 kB
MemFree:         3229876 kB
Active:           430320 kB
Mem:          3.8G       767M       3.1G       5.7M        50M       319M

MemTotal:        4016004 kB
MemFree:         3230000 kB
Active:           430336 kB
Mem:          3.8G       767M       3.1G       5.7M        50M       319M

MemTotal:        4016004 kB
MemFree:         3229876 kB
Active:           430344 kB
Mem:          3.8G       767M       3.1G       5.7M        50M       319M

MemTotal:        4016004 kB
MemFree:         3230312 kB
Active:           430344 kB
Mem:          3.8G       767M       3.1G       5.7M        50M       319M

MemTotal:        4016004 kB
MemFree:         3230436 kB
Active:           430304 kB
Mem:          3.8G       767M       3.1G       5.7M        50M       319M

MemTotal:        4016004 kB
MemFree:         3227696 kB
Active:           428396 kB
Mem:          3.8G       769M       3.1G       5.7M        50M       319M

MemTotal:        4016004 kB
MemFree:         3227828 kB
Active:           432380 kB
Mem:          3.8G       769M       3.1G       5.7M        50M       319M

MemTotal:        4016004 kB
MemFree:         3227564 kB
Active:           432332 kB
Mem:          3.8G       769M       3.1G       5.7M        50M       319M

MemTotal:        4016004 kB
MemFree:         3227812 kB
Active:           432344 kB
Mem:          3.8G       769M       3.1G       5.7M        50M       319M

MemTotal:        4016004 kB
MemFree:         3228200 kB
Active:           432340 kB
Mem:          3.8G       769M       3.1G       5.7M        50M       319M

MemTotal:        4016004 kB
MemFree:         3228200 kB
Active:           432356 kB
Mem:          3.8G       769M       3.1G       5.7M        50M       319M

MemTotal:        4016004 kB
MemFree:         3228084 kB
Active:           432364 kB
Mem:          3.8G       769M       3.1G       5.7M        50M       319M

MemTotal:        4016004 kB
MemFree:         3228084 kB
Active:           432380 kB
Mem:          3.8G       769M       3.1G       5.7M        50M       319M

MemTotal:        4016004 kB
MemFree:         3228444 kB
Active:           432360 kB
Mem:          3.8G       769M       3.1G       5.7M        50M       319M

MemTotal:        4016004 kB
MemFree:         3228444 kB
Active:           432332 kB
Mem:          3.8G       769M       3.1G       5.7M        50M       319M

MemTotal:        4016004 kB
MemFree:         3228320 kB
Active:           432332 kB
Mem:          3.8G       769M       3.1G       5.7M        50M       319M

MemTotal:        4016004 kB
MemFree:         3228196 kB
Active:           432340 kB
Mem:          3.8G       769M       3.1G       5.7M        50M       319M

MemTotal:        4016004 kB
MemFree:         3228196 kB
Active:           432348 kB
Mem:          3.8G       769M       3.1G       5.7M        50M       319M

MemTotal:        4016004 kB
MemFree:         3228212 kB
Active:           432360 kB
Mem:          3.8G       769M       3.1G       5.7M        50M       319M

MemTotal:        4016004 kB
MemFree:         3228212 kB
Active:           432356 kB
Mem:          3.8G       769M       3.1G       5.7M        50M       319M

MemTotal:        4016004 kB
MemFree:         3227840 kB
Active:           432396 kB
Mem:          3.8G       769M       3.1G       5.7M        50M       319M

MemTotal:        4016004 kB
MemFree:         3228212 kB
Active:           432380 kB
Mem:          3.8G       769M       3.1G       5.7M        50M       319M

MemTotal:        4016004 kB
MemFree:         3228088 kB
Active:           432352 kB
Mem:          3.8G       769M       3.1G       5.7M        50M       319M

MemTotal:        4016004 kB
MemFree:         3228336 kB
Active:           432364 kB
Mem:          3.8G       769M       3.1G       5.7M        50M       319M

MemTotal:        4016004 kB
MemFree:         3228088 kB
Active:           432376 kB
Mem:          3.8G       769M       3.1G       5.7M        50M       319M

MemTotal:        4016004 kB
MemFree:         3228212 kB
Active:           432352 kB
Mem:          3.8G       769M       3.1G       5.7M        50M       319M

MemTotal:        4016004 kB
MemFree:         3228212 kB
Active:           432408 kB
Mem:          3.8G       769M       3.1G       5.7M        50M       319M

MemTotal:        4016004 kB
MemFree:         3228088 kB
Active:           432360 kB
Mem:          3.8G       769M       3.1G       5.7M        50M       319M

MemTotal:        4016004 kB
MemFree:         3228196 kB
Active:           432368 kB
Mem:          3.8G       769M       3.1G       5.7M        50M       319M

MemTotal:        4016004 kB
MemFree:         3228320 kB
Active:           432368 kB
Mem:          3.8G       769M       3.1G       5.7M        50M       319M

MemTotal:        4016004 kB
MemFree:         3228444 kB
Active:           432380 kB
Mem:          3.8G       769M       3.1G       5.7M        50M       319M

MemTotal:        4016004 kB
MemFree:         3228444 kB
Active:           432380 kB
Mem:          3.8G       769M       3.1G       5.7M        50M       319M

MemTotal:        4016004 kB
MemFree:         3228568 kB
Active:           432416 kB
Mem:          3.8G       768M       3.1G       5.7M        50M       319M

MemTotal:        4016004 kB
MemFree:         3228584 kB
Active:           432416 kB
Mem:          3.8G       768M       3.1G       5.7M        50M       319M

MemTotal:        4016004 kB
MemFree:         3226536 kB
Active:           432392 kB
Mem:          3.8G       770M       3.1G       5.7M        50M       319M

MemTotal:        4016004 kB
MemFree:         3226288 kB
Active:           434456 kB
Mem:          3.8G       770M       3.1G       5.7M        50M       319M

MemTotal:        4016004 kB
MemFree:         3226412 kB
Active:           434432 kB
Mem:          3.8G       771M       3.1G       5.7M        50M       319M

MemTotal:        4016004 kB
MemFree:         3226660 kB
Active:           434452 kB
Mem:          3.8G       771M       3.1G       5.7M        50M       319M

MemTotal:        4016004 kB
MemFree:         3226024 kB
Active:           434460 kB
Mem:          3.8G       771M       3.1G       5.7M        50M       319M

MemTotal:        4016004 kB
MemFree:         3225776 kB
Active:           434460 kB
Mem:          3.8G       771M       3.1G       5.7M        50M       319M

MemTotal:        4016004 kB
MemFree:         3225900 kB
Active:           434456 kB
Mem:          3.8G       771M       3.1G       5.7M        50M       319M

MemTotal:        4016004 kB
MemFree:         3225404 kB
Active:           434460 kB
Mem:          3.8G       771M       3.1G       5.7M        50M       319M

MemTotal:        4016004 kB
MemFree:         3225280 kB
Active:           434460 kB
Mem:          3.8G       771M       3.1G       5.7M        50M       319M

MemTotal:        4016004 kB
MemFree:         3225652 kB
Active:           434436 kB
Mem:          3.8G       772M       3.1G       5.7M        50M       319M

MemTotal:        4016004 kB
MemFree:         3225652 kB
Active:           434408 kB
Mem:          3.8G       771M       3.1G       5.7M        50M       319M

MemTotal:        4016004 kB
MemFree:         3225560 kB
Active:           434424 kB
Mem:          3.8G       771M       3.1G       5.7M        50M       319M

MemTotal:        4016004 kB
MemFree:         3225560 kB
Active:           434464 kB
Mem:          3.8G       771M       3.1G       5.7M        50M       319M

MemTotal:        4016004 kB
MemFree:         3225932 kB
Active:           434468 kB
Mem:          3.8G       771M       3.1G       5.7M        50M       319M

MemTotal:        4016004 kB
MemFree:         3225808 kB
Active:           434432 kB
Mem:          3.8G       771M       3.1G       5.7M        50M       319M

MemTotal:        4016004 kB
MemFree:         3225916 kB
Active:           434436 kB
Mem:          3.8G       771M       3.1G       5.7M        50M       319M

MemTotal:        4016004 kB
MemFree:         3225900 kB
Active:           434464 kB
Mem:          3.8G       771M       3.1G       5.7M        50M       319M

MemTotal:        4016004 kB
MemFree:         3225884 kB
Active:           434468 kB
Mem:          3.8G       771M       3.1G       5.7M        50M       319M

MemTotal:        4016004 kB
MemFree:         3225884 kB
Active:           434448 kB
Mem:          3.8G       771M       3.1G       5.7M        50M       319M

MemTotal:        4016004 kB
MemFree:         3225884 kB
Active:           434432 kB
Mem:          3.8G       771M       3.1G       5.7M        50M       319M

MemTotal:        4016004 kB
MemFree:         3225636 kB
Active:           434444 kB
Mem:          3.8G       771M       3.1G       5.7M        50M       319M

MemTotal:        4016004 kB
MemFree:         3226132 kB
Active:           434444 kB
Mem:          3.8G       771M       3.1G       5.7M        50M       319M

MemTotal:        4016004 kB
MemFree:         3225884 kB
Active:           434448 kB
Mem:          3.8G       771M       3.1G       5.7M        50M       319M

MemTotal:        4016004 kB
MemFree:         3226008 kB
Active:           434444 kB
Mem:          3.8G       771M       3.1G       5.7M        50M       319M

MemTotal:        4016004 kB
MemFree:         3225884 kB
Active:           434480 kB
Mem:          3.8G       771M       3.1G       5.7M        50M       319M

MemTotal:        4016004 kB
MemFree:         3226008 kB
Active:           434444 kB
Mem:          3.8G       771M       3.1G       5.7M        50M       319M

MemTotal:        4016004 kB
MemFree:         3225668 kB
Active:           434488 kB
Mem:          3.8G       771M       3.1G       5.7M        50M       319M

MemTotal:        4016004 kB
MemFree:         3225544 kB
Active:           434504 kB
Mem:          3.8G       771M       3.1G       5.7M        50M       319M

MemTotal:        4016004 kB
MemFree:         3225916 kB
Active:           434476 kB
Mem:          3.8G       771M       3.1G       5.7M        50M       319M

MemTotal:        4016004 kB
MemFree:         3225668 kB
Active:           434496 kB
Mem:          3.8G       772M       3.1G       5.7M        50M       319M

MemTotal:        4016004 kB
MemFree:         3225652 kB
Active:           434456 kB
Mem:          3.8G       771M       3.1G       5.7M        50M       319M

MemTotal:        4016004 kB
MemFree:         3225512 kB
Active:           434456 kB
Mem:          3.8G       771M       3.1G       5.7M        50M       319M

MemTotal:        4016004 kB
MemFree:         3226008 kB
Active:           434464 kB
Mem:          3.8G       771M       3.1G       5.7M        50M       319M

MemTotal:        4016004 kB
MemFree:         3225992 kB
Active:           434452 kB
Mem:          3.8G       771M       3.1G       5.7M        50M       319M

MemTotal:        4016004 kB
MemFree:         3226116 kB
Active:           434480 kB
Mem:          3.8G       771M       3.1G       5.7M        50M       319M

MemTotal:        4016004 kB
MemFree:         3226240 kB
Active:           434488 kB
Mem:          3.8G       771M       3.1G       5.7M        50M       319M

MemTotal:        4016004 kB
MemFree:         3226100 kB
Active:           434508 kB
Mem:          3.8G       771M       3.1G       5.7M        50M       319M

MemTotal:        4016004 kB
MemFree:         3226100 kB
Active:           434468 kB
Mem:          3.8G       771M       3.1G       5.7M        50M       319M

MemTotal:        4016004 kB
MemFree:         3225976 kB
Active:           434468 kB
Mem:          3.8G       771M       3.1G       5.7M        50M       319M

MemTotal:        4016004 kB
MemFree:         3225820 kB
Active:           434464 kB
Mem:          3.8G       771M       3.1G       5.7M        50M       319M

MemTotal:        4016004 kB
MemFree:         3224952 kB
Active:           432564 kB
Mem:          3.8G       772M       3.1G       5.7M        50M       319M

MemTotal:        4016004 kB
MemFree:         3225168 kB
Active:           434592 kB
Mem:          3.8G       772M       3.1G       5.7M        50M       319M

MemTotal:        4016004 kB
MemFree:         3224704 kB
Active:           434612 kB
Mem:          3.8G       772M       3.1G       5.7M        50M       319M

MemTotal:        4016004 kB
MemFree:         3225324 kB
Active:           434596 kB
Mem:          3.8G       772M       3.1G       5.7M        50M       319M

MemTotal:        4016004 kB
MemFree:         3225200 kB
Active:           434600 kB
Mem:          3.8G       772M       3.1G       5.7M        50M       319M

MemTotal:        4016004 kB
MemFree:         3225448 kB
Active:           434576 kB
Mem:          3.8G       772M       3.1G       5.7M        50M       319M

MemTotal:        4016004 kB
MemFree:         3225480 kB
Active:           434584 kB
Mem:          3.8G       771M       3.1G       5.7M        50M       319M

MemTotal:        4016004 kB
MemFree:         3225480 kB
Active:           434588 kB
Mem:          3.8G       772M       3.1G       5.7M        50M       319M

MemTotal:        4016004 kB
MemFree:         3225480 kB
Active:           434636 kB
Mem:          3.8G       771M       3.1G       5.7M        50M       319M

MemTotal:        4016004 kB
MemFree:         3225728 kB
Active:           434592 kB
Mem:          3.8G       771M       3.1G       5.7M        50M       319M

MemTotal:        4016004 kB
MemFree:         3225728 kB
Active:           434624 kB
Mem:          3.8G       771M       3.1G       5.7M        50M       319M

MemTotal:        4016004 kB
MemFree:         3216520 kB
Active:           442420 kB
Mem:          3.8G       780M       3.1G       5.7M        58M       319M

MemTotal:        4016004 kB
MemFree:         3217016 kB
Active:           442392 kB
Mem:          3.8G       780M       3.1G       5.7M        58M       319M

MemTotal:        4016004 kB
MemFree:         3217112 kB
Active:           442404 kB
Mem:          3.8G       780M       3.1G       5.7M        58M       319M

MemTotal:        4016004 kB
MemFree:         3217268 kB
Active:           442448 kB
Mem:          3.8G       779M       3.1G       5.7M        58M       319M

MemTotal:        4016004 kB
MemFree:         3217424 kB
Active:           442400 kB
Mem:          3.8G       779M       3.1G       5.7M        58M       319M

MemTotal:        4016004 kB
MemFree:         3217424 kB
Active:           442420 kB
Mem:          3.8G       779M       3.1G       5.7M        58M       319M

MemTotal:        4016004 kB
MemFree:         3217424 kB
Active:           442428 kB
Mem:          3.8G       780M       3.1G       5.7M        58M       319M

MemTotal:        4016004 kB
MemFree:         3217176 kB
Active:           442456 kB
Mem:          3.8G       780M       3.1G       5.7M        58M       319M

MemTotal:        4016004 kB
MemFree:         3216804 kB
Active:           442468 kB
Mem:          3.8G       780M       3.1G       5.7M        58M       319M

MemTotal:        4016004 kB
MemFree:         3216804 kB
Active:           442436 kB
Mem:          3.8G       780M       3.1G       5.7M        58M       319M

MemTotal:        4016004 kB
MemFree:         3216680 kB
Active:           442444 kB
Mem:          3.8G       780M       3.1G       5.7M        58M       319M

MemTotal:        4016004 kB
MemFree:         3216464 kB
Active:           442476 kB
Mem:          3.8G       780M       3.1G       5.7M        58M       319M

MemTotal:        4016004 kB
MemFree:         3216712 kB
Active:           442464 kB
Mem:          3.8G       780M       3.1G       5.7M        58M       319M

MemTotal:        4016004 kB
MemFree:         3216464 kB
Active:           442424 kB
Mem:          3.8G       780M       3.1G       5.7M        58M       319M

MemTotal:        4016004 kB
MemFree:         3216712 kB
Active:           442452 kB
Mem:          3.8G       780M       3.1G       5.7M        58M       319M

MemTotal:        4016004 kB
MemFree:         3216588 kB
Active:           442432 kB
Mem:          3.8G       780M       3.1G       5.7M        58M       319M

MemTotal:        4016004 kB
MemFree:         3216808 kB
Active:           442448 kB
Mem:          3.8G       780M       3.1G       5.7M        58M       319M

MemTotal:        4016004 kB
MemFree:         3216932 kB
Active:           442436 kB
Mem:          3.8G       780M       3.1G       5.7M        58M       319M

MemTotal:        4016004 kB
MemFree:         3216560 kB
Active:           442484 kB
Mem:          3.8G       780M       3.1G       5.7M        58M       319M

MemTotal:        4016004 kB
MemFree:         3217056 kB
Active:           442436 kB
Mem:          3.8G       780M       3.1G       5.7M        58M       319M

MemTotal:        4016004 kB
MemFree:         3217072 kB
Active:           442440 kB
Mem:          3.8G       780M       3.1G       5.7M        58M       319M

MemTotal:        4016004 kB
MemFree:         3216948 kB
Active:           442440 kB
Mem:          3.8G       780M       3.1G       5.7M        58M       319M

MemTotal:        4016004 kB
MemFree:         3216824 kB
Active:           442452 kB
Mem:          3.8G       780M       3.1G       5.7M        58M       319M

MemTotal:        4016004 kB
MemFree:         3216576 kB
Active:           442492 kB
Mem:          3.8G       780M       3.1G       5.7M        58M       319M

MemTotal:        4016004 kB
MemFree:         3217072 kB
Active:           442464 kB
Mem:          3.8G       780M       3.1G       5.7M        58M       319M

MemTotal:        4016004 kB
MemFree:         3216824 kB
Active:           442440 kB
Mem:          3.8G       780M       3.1G       5.7M        58M       319M

MemTotal:        4016004 kB
MemFree:         3216700 kB
Active:           442484 kB
Mem:          3.8G       780M       3.1G       5.7M        58M       319M

MemTotal:        4016004 kB
MemFree:         3216452 kB
Active:           442492 kB
Mem:          3.8G       780M       3.1G       5.7M        58M       319M

MemTotal:        4016004 kB
MemFree:         3214544 kB
Active:           442496 kB
Mem:          3.8G       782M       3.1G       5.7M        58M       319M

MemTotal:        4016004 kB
MemFree:         3214544 kB
Active:           444524 kB
Mem:          3.8G       782M       3.1G       5.7M        58M       319M

MemTotal:        4016004 kB
MemFree:         3214668 kB
Active:           444472 kB
Mem:          3.8G       782M       3.1G       5.7M        58M       319M

MemTotal:        4016004 kB
MemFree:         3215040 kB
Active:           444496 kB
Mem:          3.8G       782M       3.1G       5.7M        58M       319M

MemTotal:        4016004 kB
MemFree:         3215040 kB
Active:           444356 kB
Mem:          3.8G       781M       3.1G       5.7M        58M       319M

MemTotal:        4016004 kB
MemFree:         3215056 kB
Active:           444364 kB
Mem:          3.8G       782M       3.1G       5.7M        58M       319M

MemTotal:        4016004 kB
MemFree:         3215056 kB
Active:           444360 kB
Mem:          3.8G       782M       3.1G       5.7M        58M       319M

MemTotal:        4016004 kB
MemFree:         3214932 kB
Active:           444316 kB
Mem:          3.8G       782M       3.1G       5.7M        58M       319M

MemTotal:        4016004 kB
MemFree:         3215056 kB
Active:           444360 kB
Mem:          3.8G       782M       3.1G       5.7M        58M       319M

MemTotal:        4016004 kB
MemFree:         3214932 kB
Active:           444320 kB
Mem:          3.8G       782M       3.1G       5.7M        58M       319M

MemTotal:        4016004 kB
MemFree:         3214320 kB
Active:           442400 kB
Mem:          3.8G       782M       3.1G       5.7M        58M       319M

MemTotal:        4016004 kB
MemFree:         3214868 kB
Active:           444336 kB
Mem:          3.8G       782M       3.1G       5.7M        58M       319M

MemTotal:        4016004 kB
MemFree:         3214992 kB
Active:           444352 kB
Mem:          3.8G       782M       3.1G       5.7M        58M       319M

MemTotal:        4016004 kB
MemFree:         3214992 kB
Active:           444364 kB
Mem:          3.8G       782M       3.1G       5.7M        58M       319M

MemTotal:        4016004 kB
MemFree:         3215240 kB
Active:           444372 kB
Mem:          3.8G       781M       3.1G       5.7M        58M       319M

MemTotal:        4016004 kB
MemFree:         3215364 kB
Active:           444376 kB
Mem:          3.8G       781M       3.1G       5.7M        58M       319M

MemTotal:        4016004 kB
MemFree:         3214992 kB
Active:           444400 kB
Mem:          3.8G       782M       3.1G       5.7M        58M       319M

MemTotal:        4016004 kB
MemFree:         3214992 kB
Active:           444352 kB
Mem:          3.8G       782M       3.1G       5.7M        58M       319M

MemTotal:        4016004 kB
MemFree:         3214992 kB
Active:           444364 kB
Mem:          3.8G       782M       3.1G       5.7M        58M       319M

MemTotal:        4016004 kB
MemFree:         3214992 kB
Active:           444376 kB
Mem:          3.8G       782M       3.1G       5.7M        58M       319M

MemTotal:        4016004 kB
MemFree:         3215240 kB
Active:           444368 kB
Mem:          3.8G       782M       3.1G       5.7M        58M       319M

MemTotal:        4016004 kB
MemFree:         3215116 kB
Active:           444396 kB
Mem:          3.8G       782M       3.1G       5.7M        58M       319M

MemTotal:        4016004 kB
MemFree:         3215108 kB
Active:           444396 kB
Mem:          3.8G       781M       3.1G       5.7M        58M       319M

MemTotal:        4016004 kB
MemFree:         3214984 kB
Active:           444396 kB
Mem:          3.8G       782M       3.1G       5.7M        58M       319M

MemTotal:        4016004 kB
MemFree:         3214860 kB
Active:           444380 kB
Mem:          3.8G       782M       3.1G       5.7M        58M       319M

MemTotal:        4016004 kB
MemFree:         3214860 kB
Active:           444392 kB
Mem:          3.8G       782M       3.1G       5.7M        58M       319M

MemTotal:        4016004 kB
MemFree:         3214984 kB
Active:           444388 kB
Mem:          3.8G       782M       3.1G       5.7M        58M       319M

MemTotal:        4016004 kB
MemFree:         3214612 kB
Active:           444432 kB
Mem:          3.8G       782M       3.1G       5.7M        58M       319M

MemTotal:        4016004 kB
MemFree:         3215108 kB
Active:           444384 kB
Mem:          3.8G       782M       3.1G       5.7M        58M       319M

MemTotal:        4016004 kB
MemFree:         3215076 kB
Active:           444408 kB
Mem:          3.8G       782M       3.1G       5.7M        58M       319M

MemTotal:        4016004 kB
MemFree:         3213900 kB
Active:           442392 kB
Mem:          3.8G       783M       3.1G       5.7M        58M       319M

MemTotal:        4016004 kB
MemFree:         3214520 kB
Active:           444440 kB
Mem:          3.8G       783M       3.1G       5.7M        58M       319M

MemTotal:        4016004 kB
MemFree:         3214644 kB
Active:           444436 kB
Mem:          3.8G       782M       3.1G       5.7M        58M       319M

MemTotal:        4016004 kB
MemFree:         3214892 kB
Active:           444388 kB
Mem:          3.8G       782M       3.1G       5.7M        58M       319M

MemTotal:        4016004 kB
MemFree:         3215016 kB
Active:           444444 kB
Mem:          3.8G       782M       3.1G       5.7M        58M       319M

MemTotal:        4016004 kB
MemFree:         3214520 kB
Active:           444408 kB
Mem:          3.8G       782M       3.1G       5.7M        58M       319M

MemTotal:        4016004 kB
MemFree:         3214768 kB
Active:           444420 kB
Mem:          3.8G       782M       3.1G       5.7M        58M       319M

MemTotal:        4016004 kB
MemFree:         3214768 kB
Active:           444444 kB
Mem:          3.8G       782M       3.1G       5.7M        58M       319M

MemTotal:        4016004 kB
MemFree:         3214892 kB
Active:           444400 kB
Mem:          3.8G       782M       3.1G       5.7M        58M       319M

MemTotal:        4016004 kB
MemFree:         3214568 kB
Active:           442472 kB
Mem:          3.8G       782M       3.1G       5.7M        58M       319M

MemTotal:        4016004 kB
MemFree:         3214256 kB
Active:           442416 kB
Mem:          3.8G       782M       3.1G       5.7M        58M       319M

MemTotal:        4016004 kB
MemFree:         3214876 kB
Active:           444448 kB
Mem:          3.8G       782M       3.1G       5.7M        58M       319M

MemTotal:        4016004 kB
MemFree:         3215124 kB
Active:           444416 kB
Mem:          3.8G       781M       3.1G       5.7M        58M       319M

MemTotal:        4016004 kB
MemFree:         3215132 kB
Active:           444472 kB
Mem:          3.8G       782M       3.1G       5.7M        58M       319M

MemTotal:        4016004 kB
MemFree:         3215132 kB
Active:           444420 kB
Mem:          3.8G       782M       3.1G       5.7M        58M       319M

MemTotal:        4016004 kB
MemFree:         3215380 kB
Active:           444444 kB
Mem:          3.8G       781M       3.1G       5.7M        58M       319M

MemTotal:        4016004 kB
MemFree:         3215132 kB
Active:           444456 kB
Mem:          3.8G       782M       3.1G       5.7M        58M       319M

MemTotal:        4016004 kB
MemFree:         3215008 kB
Active:           444428 kB
Mem:          3.8G       782M       3.1G       5.7M        58M       319M

MemTotal:        4016004 kB
MemFree:         3215132 kB
Active:           444436 kB
Mem:          3.8G       782M       3.1G       5.7M        58M       319M

MemTotal:        4016004 kB
MemFree:         3214440 kB
Active:           442524 kB
Mem:          3.8G       782M       3.1G       5.7M        58M       319M

MemTotal:        4016004 kB
MemFree:         3214572 kB
Active:           444484 kB
Mem:          3.8G       782M       3.1G       5.7M        58M       319M

MemTotal:        4016004 kB
MemFree:         3215068 kB
Active:           444440 kB
Mem:          3.8G       782M       3.1G       5.7M        58M       319M

MemTotal:        4016004 kB
MemFree:         3215068 kB
Active:           444440 kB
Mem:          3.8G       782M       3.1G       5.7M        58M       319M

MemTotal:        4016004 kB
MemFree:         3215316 kB
Active:           444448 kB
Mem:          3.8G       782M       3.1G       5.7M        58M       319M

MemTotal:        4016004 kB
MemFree:         3215068 kB
Active:           444484 kB
Mem:          3.8G       782M       3.1G       5.7M        58M       319M

MemTotal:        4016004 kB
MemFree:         3215192 kB
Active:           444476 kB
Mem:          3.8G       782M       3.1G       5.7M        58M       319M

MemTotal:        4016004 kB
MemFree:         3215564 kB
Active:           444436 kB
Mem:          3.8G       781M       3.1G       5.7M        58M       319M

MemTotal:        4016004 kB
MemFree:         3215564 kB
Active:           444468 kB
Mem:          3.8G       781M       3.1G       5.7M        58M       319M

MemTotal:        4016004 kB
MemFree:         3215688 kB
Active:           444468 kB
Mem:          3.8G       781M       3.1G       5.7M        58M       319M

MemTotal:        4016004 kB
MemFree:         3213516 kB
Active:           444436 kB
Mem:          3.8G       783M       3.1G       5.7M        58M       319M

MemTotal:        4016004 kB
MemFree:         3213516 kB
Active:           444428 kB
Mem:          3.8G       783M       3.1G       5.7M        58M       319M

MemTotal:        4016004 kB
MemFree:         3213640 kB
Active:           446496 kB
Mem:          3.8G       783M       3.1G       5.7M        58M       319M

MemTotal:        4016004 kB
MemFree:         3213640 kB
Active:           446480 kB
Mem:          3.8G       783M       3.1G       5.7M        58M       319M

MemTotal:        4016004 kB
MemFree:         3212896 kB
Active:           446508 kB
Mem:          3.8G       784M       3.1G       5.7M        58M       319M

MemTotal:        4016004 kB
MemFree:         3212896 kB
Active:           446508 kB
Mem:          3.8G       784M       3.1G       5.7M        58M       319M

MemTotal:        4016004 kB
MemFree:         3212400 kB
Active:           446532 kB
Mem:          3.8G       784M       3.1G       5.7M        58M       319M

MemTotal:        4016004 kB
MemFree:         3212772 kB
Active:           446520 kB
Mem:          3.8G       784M       3.1G       5.7M        58M       319M

MemTotal:        4016004 kB
MemFree:         3212400 kB
Active:           446532 kB
Mem:          3.8G       784M       3.1G       5.7M        58M       319M

MemTotal:        4016004 kB
MemFree:         3212648 kB
Active:           446516 kB
Mem:          3.8G       784M       3.1G       5.7M        58M       319M

MemTotal:        4016004 kB
MemFree:         3212648 kB
Active:           446532 kB
Mem:          3.8G       784M       3.1G       5.7M        58M       319M

MemTotal:        4016004 kB
MemFree:         3212400 kB
Active:           446496 kB
Mem:          3.8G       784M       3.1G       5.7M        58M       319M

MemTotal:        4016004 kB
MemFree:         3212648 kB
Active:           446512 kB
Mem:          3.8G       784M       3.1G       5.7M        58M       319M

MemTotal:        4016004 kB
MemFree:         3213020 kB
Active:           446532 kB
Mem:          3.8G       784M       3.1G       5.7M        58M       319M

MemTotal:        4016004 kB
MemFree:         3213144 kB
Active:           446492 kB
Mem:          3.8G       784M       3.1G       5.7M        58M       319M

MemTotal:        4016004 kB
MemFree:         3212896 kB
Active:           446496 kB
Mem:          3.8G       784M       3.1G       5.7M        58M       319M

MemTotal:        4016004 kB
MemFree:         3212896 kB
Active:           446528 kB
Mem:          3.8G       784M       3.1G       5.7M        58M       319M

MemTotal:        4016004 kB
MemFree:         3213144 kB
Active:           446528 kB
Mem:          3.8G       784M       3.1G       5.7M        58M       319M

MemTotal:        4016004 kB
MemFree:         3212772 kB
Active:           446528 kB
Mem:          3.8G       784M       3.1G       5.7M        58M       319M

MemTotal:        4016004 kB
MemFree:         3212400 kB
Active:           446552 kB
Mem:          3.8G       784M       3.1G       5.7M        58M       319M

MemTotal:        4016004 kB
MemFree:         3212772 kB
Active:           446508 kB
Mem:          3.8G       784M       3.1G       5.7M        58M       319M

MemTotal:        4016004 kB
MemFree:         3213020 kB
Active:           446520 kB
Mem:          3.8G       784M       3.1G       5.7M        58M       319M

MemTotal:        4016004 kB
MemFree:         3212896 kB
Active:           446548 kB
Mem:          3.8G       784M       3.1G       5.7M        58M       319M

MemTotal:        4016004 kB
MemFree:         3212896 kB
Active:           446504 kB
Mem:          3.8G       784M       3.1G       5.7M        58M       319M

MemTotal:        4016004 kB
MemFree:         3213268 kB
Active:           446536 kB
Mem:          3.8G       783M       3.1G       5.7M        58M       319M

MemTotal:        4016004 kB
MemFree:         3212896 kB
Active:           446548 kB
Mem:          3.8G       784M       3.1G       5.7M        58M       319M

MemTotal:        4016004 kB
MemFree:         3212896 kB
Active:           446520 kB
Mem:          3.8G       784M       3.1G       5.7M        58M       319M

MemTotal:        4016004 kB
MemFree:         3212896 kB
Active:           446556 kB
Mem:          3.8G       784M       3.1G       5.7M        58M       319M

MemTotal:        4016004 kB
MemFree:         3213020 kB
Active:           446528 kB
Mem:          3.8G       784M       3.1G       5.7M        58M       319M

MemTotal:        4016004 kB
MemFree:         3212648 kB
Active:           446568 kB
Mem:          3.8G       784M       3.1G       5.7M        58M       319M

MemTotal:        4016004 kB
MemFree:         3212648 kB
Active:           446524 kB
Mem:          3.8G       784M       3.1G       5.7M        58M       319M

MemTotal:        4016004 kB
MemFree:         3212384 kB
Active:           446576 kB
Mem:          3.8G       784M       3.1G       5.7M        58M       319M

MemTotal:        4016004 kB
MemFree:         3212880 kB
Active:           446536 kB
Mem:          3.8G       784M       3.1G       5.7M        58M       319M

MemTotal:        4016004 kB
MemFree:         3213004 kB
Active:           446568 kB
Mem:          3.8G       784M       3.1G       5.7M        58M       319M

MemTotal:        4016004 kB
MemFree:         3212880 kB
Active:           446548 kB
Mem:          3.8G       784M       3.1G       5.7M        58M       319M

MemTotal:        4016004 kB
MemFree:         3212880 kB
Active:           446556 kB
Mem:          3.8G       784M       3.1G       5.7M        58M       319M

MemTotal:        4016004 kB
MemFree:         3213204 kB
Active:           446568 kB
Mem:          3.8G       784M       3.1G       5.7M        58M       319M

MemTotal:        4016004 kB
MemFree:         3213252 kB
Active:           446584 kB
Mem:          3.8G       783M       3.1G       5.7M        58M       319M

MemTotal:        4016004 kB
MemFree:         3213376 kB
Active:           446544 kB
Mem:          3.8G       783M       3.1G       5.7M        58M       319M

MemTotal:        4016004 kB
MemFree:         3213252 kB
Active:           446548 kB
Mem:          3.8G       783M       3.1G       5.7M        58M       319M

MemTotal:        4016004 kB
MemFree:         3213252 kB
Active:           446572 kB
Mem:          3.8G       783M       3.1G       5.7M        58M       319M

MemTotal:        4016004 kB
MemFree:         3213376 kB
Active:           446576 kB
Mem:          3.8G       783M       3.1G       5.7M        58M       319M

MemTotal:        4016004 kB
MemFree:         3213004 kB
Active:           446572 kB
Mem:          3.8G       784M       3.1G       5.7M        58M       319M

MemTotal:        4016004 kB
MemFree:         3212632 kB
Active:           446596 kB
Mem:          3.8G       784M       3.1G       5.7M        58M       319M

MemTotal:        4016004 kB
MemFree:         3213004 kB
Active:           446568 kB
Mem:          3.8G       784M       3.1G       5.7M        58M       319M

MemTotal:        4016004 kB
MemFree:         3212880 kB
Active:           446560 kB
Mem:          3.8G       784M       3.1G       5.7M        58M       319M

MemTotal:        4016004 kB
MemFree:         3212508 kB
Active:           446608 kB
Mem:          3.8G       784M       3.1G       5.7M        58M       319M

MemTotal:        4016004 kB
MemFree:         3212260 kB
Active:           446596 kB
Mem:          3.8G       784M       3.1G       5.7M        58M       319M

MemTotal:        4016004 kB
MemFree:         3212244 kB
Active:           446608 kB
Mem:          3.8G       784M       3.1G       5.7M        58M       319M

MemTotal:        4016004 kB
MemFree:         3212592 kB
Active:           444704 kB
Mem:          3.8G       784M       3.1G       5.7M        58M       319M

MemTotal:        4016004 kB
MemFree:         3212800 kB
Active:           446564 kB
Mem:          3.8G       784M       3.1G       5.7M        58M       319M

MemTotal:        4016004 kB
MemFree:         3212800 kB
Active:           446560 kB
Mem:          3.8G       784M       3.1G       5.7M        58M       319M

MemTotal:        4016004 kB
MemFree:         3212676 kB
Active:           446572 kB
Mem:          3.8G       784M       3.1G       5.7M        58M       319M

MemTotal:        4016004 kB
MemFree:         3212428 kB
Active:           446616 kB
Mem:          3.8G       784M       3.1G       5.7M        58M       319M

MemTotal:        4016004 kB
MemFree:         3212676 kB
Active:           446600 kB
Mem:          3.8G       784M       3.1G       5.7M        58M       319M

MemTotal:        4016004 kB
MemFree:         3212304 kB
Active:           446616 kB
Mem:          3.8G       784M       3.1G       5.7M        58M       319M

MemTotal:        4016004 kB
MemFree:         3212444 kB
Active:           446560 kB
Mem:          3.8G       784M       3.1G       5.7M        58M       319M

MemTotal:        4016004 kB
MemFree:         3212816 kB
Active:           446616 kB
Mem:          3.8G       784M       3.1G       5.7M        58M       319M

MemTotal:        4016004 kB
MemFree:         3212568 kB
Active:           446596 kB
Mem:          3.8G       784M       3.1G       5.7M        58M       319M

MemTotal:        4016004 kB
MemFree:         3210332 kB
Active:           446644 kB
Mem:          3.8G       786M       3.1G       5.7M        58M       319M

MemTotal:        4016004 kB
MemFree:         3210828 kB
Active:           446596 kB
Mem:          3.8G       786M       3.1G       5.7M        58M       319M

MemTotal:        4016004 kB
MemFree:         3211076 kB
Active:           448636 kB
Mem:          3.8G       786M       3.1G       5.7M        58M       319M

MemTotal:        4016004 kB
MemFree:         3210952 kB
Active:           448608 kB
Mem:          3.8G       786M       3.1G       5.7M        58M       319M

MemTotal:        4016004 kB
MemFree:         3211324 kB
Active:           448624 kB
Mem:          3.8G       785M       3.1G       5.7M        58M       319M

MemTotal:        4016004 kB
MemFree:         3211076 kB
Active:           448648 kB
Mem:          3.8G       786M       3.1G       5.7M        58M       319M

MemTotal:        4016004 kB
MemFree:         3211324 kB
Active:           448640 kB
Mem:          3.8G       785M       3.1G       5.7M        58M       319M

MemTotal:        4016004 kB
MemFree:         3211448 kB
Active:           448648 kB
Mem:          3.8G       785M       3.1G       5.7M        58M       319M

MemTotal:        4016004 kB
MemFree:         3211448 kB
Active:           448660 kB
Mem:          3.8G       785M       3.1G       5.7M        58M       319M

MemTotal:        4016004 kB
MemFree:         3211324 kB
Active:           448620 kB
Mem:          3.8G       785M       3.1G       5.7M        58M       319M

MemTotal:        4016004 kB
MemFree:         3211060 kB
Active:           448760 kB
Mem:          3.8G       786M       3.1G       5.7M        58M       319M

MemTotal:        4016004 kB
MemFree:         3166044 kB
Active:           448908 kB
Mem:          3.8G       830M       3.0G       5.7M        58M       362M

MemTotal:        4016004 kB
MemFree:         3120316 kB
Active:           448900 kB
Mem:          3.8G       875M       3.0G       5.7M        58M       407M

MemTotal:        4016004 kB
MemFree:         3073720 kB
Active:           448908 kB
Mem:          3.8G       920M       2.9G       5.7M        58M       451M

MemTotal:        4016004 kB
MemFree:         3028596 kB
Active:           448888 kB
Mem:          3.8G       965M       2.9G       5.7M        58M       495M

MemTotal:        4016004 kB
MemFree:         2982728 kB
Active:           448856 kB
Mem:          3.8G       1.0G       2.8G       5.7M        58M       539M

MemTotal:        4016004 kB
MemFree:         2935636 kB
Active:           448920 kB
Mem:          3.8G       1.0G       2.8G       5.7M        58M       583M

MemTotal:        4016004 kB
MemFree:         2890404 kB
Active:           448920 kB
Mem:          3.8G       1.1G       2.8G       5.7M        58M       627M

MemTotal:        4016004 kB
MemFree:         2844448 kB
Active:           448920 kB
Mem:          3.8G       1.1G       2.7G       5.7M        58M       671M

MemTotal:        4016004 kB
MemFree:         2798844 kB
Active:           448924 kB
Mem:          3.8G       1.2G       2.7G       5.7M        58M       715M

MemTotal:        4016004 kB
MemFree:         2758172 kB
Active:           448928 kB
Mem:          3.8G       1.2G       2.6G       5.7M        58M       754M

MemTotal:        4016004 kB
MemFree:         2754796 kB
Active:           448900 kB
Mem:          3.8G       1.2G       2.6G       5.7M        58M       757M

MemTotal:        4016004 kB
MemFree:         2753176 kB
Active:           448920 kB
Mem:          3.8G       1.2G       2.6G       5.7M        58M       758M

MemTotal:        4016004 kB
MemFree:         2750696 kB
Active:           448992 kB
Mem:          3.8G       1.2G       2.6G       5.7M        58M       761M

MemTotal:        4016004 kB
MemFree:         2706476 kB
Active:           449004 kB
Mem:          3.8G       1.2G       2.6G       5.7M        58M       806M

MemTotal:        4016004 kB
MemFree:         2660376 kB
Active:           448972 kB
Mem:          3.8G       1.3G       2.5G       5.7M        58M       850M

MemTotal:        4016004 kB
MemFree:         2614400 kB
Active:           449000 kB
Mem:          3.8G       1.3G       2.5G       5.7M        58M       893M

MemTotal:        4016004 kB
MemFree:         2568408 kB
Active:           449016 kB
Mem:          3.8G       1.4G       2.4G       5.7M        58M       938M

MemTotal:        4016004 kB
MemFree:         2522556 kB
Active:           448972 kB
Mem:          3.8G       1.4G       2.4G       5.7M        58M       982M

MemTotal:        4016004 kB
MemFree:         2475820 kB
Active:           449024 kB
Mem:          3.8G       1.5G       2.4G       5.7M        58M       1.0G

MemTotal:        4016004 kB
MemFree:         2429704 kB
Active:           449024 kB
Mem:          3.8G       1.5G       2.3G       5.7M        58M       1.0G

MemTotal:        4016004 kB
MemFree:         2401740 kB
Active:           449036 kB
Mem:          3.8G       1.5G       2.3G       5.7M        58M       1.1G

MemTotal:        4016004 kB
MemFree:         2358608 kB
Active:           449036 kB
Mem:          3.8G       1.6G       2.2G       5.7M        58M       1.1G

MemTotal:        4016004 kB
MemFree:         2312384 kB
Active:           449040 kB
Mem:          3.8G       1.6G       2.2G       5.7M        58M       1.2G

MemTotal:        4016004 kB
MemFree:         2301448 kB
Active:           448988 kB
Mem:          3.8G       1.6G       2.2G       5.7M        58M       1.2G

MemTotal:        4016004 kB
MemFree:         2299636 kB
Active:           448996 kB
Mem:          3.8G       1.6G       2.2G       5.7M        58M       1.2G

MemTotal:        4016004 kB
MemFree:         2298392 kB
Active:           449076 kB
Mem:          3.8G       1.6G       2.2G       5.7M        58M       1.2G

MemTotal:        4016004 kB
MemFree:         2298616 kB
Active:           449072 kB
Mem:          3.8G       1.6G       2.2G       5.7M        58M       1.2G

MemTotal:        4016004 kB
MemFree:         2256672 kB
Active:           449076 kB
Mem:          3.8G       1.7G       2.2G       5.7M        58M       1.2G

MemTotal:        4016004 kB
MemFree:         2210944 kB
Active:           449048 kB
Mem:          3.8G       1.7G       2.1G       5.7M        58M       1.3G

MemTotal:        4016004 kB
MemFree:         2165076 kB
Active:           449056 kB
Mem:          3.8G       1.8G       2.1G       5.7M        58M       1.3G

MemTotal:        4016004 kB
MemFree:         2118976 kB
Active:           449092 kB
Mem:          3.8G       1.8G       2.0G       5.7M        58M       1.3G

MemTotal:        4016004 kB
MemFree:         2072876 kB
Active:           449100 kB
Mem:          3.8G       1.9G       2.0G       5.7M        58M       1.4G

MemTotal:        4016004 kB
MemFree:         2027380 kB
Active:           449064 kB
Mem:          3.8G       1.9G       1.9G       5.7M        58M       1.4G

MemTotal:        4016004 kB
MemFree:         1981512 kB
Active:           449100 kB
Mem:          3.8G       1.9G       1.9G       5.7M        58M       1.5G

MemTotal:        4016004 kB
MemFree:         1944604 kB
Active:           449092 kB
Mem:          3.8G       2.0G       1.9G       5.7M        58M       1.5G

MemTotal:        4016004 kB
MemFree:         1934608 kB
Active:           449112 kB
Mem:          3.8G       2.0G       1.8G       5.7M        58M       1.5G

MemTotal:        4016004 kB
MemFree:         1888492 kB
Active:           449120 kB
Mem:          3.8G       2.0G       1.8G       5.7M        58M       1.6G

MemTotal:        4016004 kB
MemFree:         1846620 kB
Active:           449132 kB
Mem:          3.8G       2.1G       1.8G       5.7M        58M       1.6G

MemTotal:        4016004 kB
MemFree:         1845380 kB
Active:           449136 kB
Mem:          3.8G       2.1G       1.8G       5.7M        58M       1.6G

MemTotal:        4016004 kB
MemFree:         1845024 kB
Active:           449104 kB
Mem:          3.8G       2.1G       1.8G       5.7M        58M       1.6G

MemTotal:        4016004 kB
MemFree:         1818812 kB
Active:           449192 kB
Mem:          3.8G       2.1G       1.7G       5.7M        58M       1.6G

MemTotal:        4016004 kB
MemFree:         1772172 kB
Active:           449196 kB
Mem:          3.8G       2.1G       1.7G       5.7M        58M       1.7G

MemTotal:        4016004 kB
MemFree:         1726600 kB
Active:           449196 kB
Mem:          3.8G       2.2G       1.6G       5.7M        58M       1.7G

MemTotal:        4016004 kB
MemFree:         1680856 kB
Active:           449204 kB
Mem:          3.8G       2.2G       1.6G       5.7M        58M       1.7G

MemTotal:        4016004 kB
MemFree:         1635872 kB
Active:           449188 kB
Mem:          3.8G       2.3G       1.6G       5.7M        58M       1.8G

MemTotal:        4016004 kB
MemFree:         1589384 kB
Active:           449212 kB
Mem:          3.8G       2.3G       1.5G       5.7M        58M       1.8G

MemTotal:        4016004 kB
MemFree:         1543780 kB
Active:           449188 kB
Mem:          3.8G       2.4G       1.5G       5.7M        58M       1.9G

MemTotal:        4016004 kB
MemFree:         1498052 kB
Active:           449192 kB
Mem:          3.8G       2.4G       1.4G       5.7M        58M       1.9G

MemTotal:        4016004 kB
MemFree:         1472800 kB
Active:           449232 kB
Mem:          3.8G       2.4G       1.4G       5.7M        58M       1.9G

MemTotal:        4016004 kB
MemFree:         1427088 kB
Active:           449224 kB
Mem:          3.8G       2.5G       1.4G       5.7M        58M       2.0G

MemTotal:        4016004 kB
MemFree:         1401232 kB
Active:           449224 kB
Mem:          3.8G       2.5G       1.3G       5.7M        58M       2.0G

MemTotal:        4016004 kB
MemFree:         1401296 kB
Active:           449192 kB
Mem:          3.8G       2.5G       1.3G       5.7M        58M       2.0G

MemTotal:        4016004 kB
MemFree:         1401084 kB
Active:           449256 kB
Mem:          3.8G       2.5G       1.3G       5.7M        58M       2.0G

MemTotal:        4016004 kB
MemFree:         1400656 kB
Active:           449248 kB
Mem:          3.8G       2.5G       1.3G       5.7M        58M       2.0G

MemTotal:        4016004 kB
MemFree:         1354932 kB
Active:           449296 kB
Mem:          3.8G       2.5G       1.3G       5.7M        58M       2.1G

MemTotal:        4016004 kB
MemFree:         1308956 kB
Active:           449244 kB
Mem:          3.8G       2.6G       1.2G       5.7M        58M       2.1G

MemTotal:        4016004 kB
MemFree:         1263956 kB
Active:           449244 kB
Mem:          3.8G       2.6G       1.2G       5.7M        58M       2.1G

MemTotal:        4016004 kB
MemFree:         1217732 kB
Active:           449260 kB
Mem:          3.8G       2.7G       1.2G       5.7M        58M       2.2G

MemTotal:        4016004 kB
MemFree:         1171136 kB
Active:           449296 kB
Mem:          3.8G       2.7G       1.1G       5.7M        58M       2.2G

MemTotal:        4016004 kB
MemFree:         1125780 kB
Active:           449308 kB
Mem:          3.8G       2.8G       1.1G       5.7M        58M       2.3G

MemTotal:        4016004 kB
MemFree:         1080160 kB
Active:           449312 kB
Mem:          3.8G       2.8G       1.0G       5.7M        58M       2.3G

MemTotal:        4016004 kB
MemFree:         1049964 kB
Active:           449316 kB
Mem:          3.8G       2.8G       1.0G       5.7M        58M       2.3G

MemTotal:        4016004 kB
MemFree:         1003436 kB
Active:           449320 kB
Mem:          3.8G       2.9G       979M       5.7M        58M       2.4G

MemTotal:        4016004 kB
MemFree:          956620 kB
Active:           449320 kB
Mem:          3.8G       2.9G       933M       5.7M        58M       2.4G

MemTotal:        4016004 kB
MemFree:          912256 kB
Active:           449344 kB
Mem:          3.8G       3.0G       890M       5.7M        58M       2.5G

MemTotal:        4016004 kB
MemFree:          865736 kB
Active:           449336 kB
Mem:          3.8G       3.0G       845M       5.7M        58M       2.5G

MemTotal:        4016004 kB
MemFree:          820268 kB
Active:           449364 kB
Mem:          3.8G       3.0G       800M       5.7M        58M       2.6G

MemTotal:        4016004 kB
MemFree:          773240 kB
Active:           449400 kB
Mem:          3.8G       3.1G       755M       5.7M        58M       2.6G

MemTotal:        4016004 kB
MemFree:          727700 kB
Active:           449392 kB
Mem:          3.8G       3.1G       710M       5.7M        58M       2.6G

MemTotal:        4016004 kB
MemFree:          681584 kB
Active:           449416 kB
Mem:          3.8G       3.2G       665M       5.7M        58M       2.7G

MemTotal:        4016004 kB
MemFree:          635964 kB
Active:           449440 kB
Mem:          3.8G       3.2G       620M       5.7M        58M       2.7G

MemTotal:        4016004 kB
MemFree:          619772 kB
Active:           449452 kB
Mem:          3.8G       3.2G       604M       5.7M        58M       2.7G

MemTotal:        4016004 kB
MemFree:          574324 kB
Active:           449416 kB
Mem:          3.8G       3.3G       560M       5.7M        58M       2.8G

MemTotal:        4016004 kB
MemFree:          527728 kB
Active:           449464 kB
Mem:          3.8G       3.3G       515M       5.7M        58M       2.8G

MemTotal:        4016004 kB
MemFree:          481460 kB
Active:           449456 kB
Mem:          3.8G       3.4G       469M       5.7M        58M       2.9G

MemTotal:        4016004 kB
MemFree:          436536 kB
Active:           449484 kB
Mem:          3.8G       3.4G       426M       5.7M        58M       2.9G

MemTotal:        4016004 kB
MemFree:          394808 kB
Active:           449468 kB
Mem:          3.8G       3.5G       385M       5.7M        58M       3.0G

MemTotal:        4016004 kB
MemFree:          391540 kB
Active:           449512 kB
Mem:          3.8G       3.5G       382M       5.7M        58M       3.0G

MemTotal:        4016004 kB
MemFree:          350432 kB
Active:           449524 kB
Mem:          3.8G       3.5G       341M       5.7M        58M       3.0G

MemTotal:        4016004 kB
MemFree:          304616 kB
Active:           449528 kB
Mem:          3.8G       3.5G       297M       5.7M        58M       3.0G

MemTotal:        4016004 kB
MemFree:          258900 kB
Active:           449528 kB
Mem:          3.8G       3.6G       252M       5.7M        58M       3.1G

MemTotal:        4016004 kB
MemFree:          212696 kB
Active:           449532 kB
Mem:          3.8G       3.6G       207M       5.7M        58M       3.1G

MemTotal:        4016004 kB
MemFree:          166084 kB
Active:           449488 kB
Mem:          3.8G       3.7G       162M       5.7M        58M       3.2G

MemTotal:        4016004 kB
MemFree:          119488 kB
Active:           449532 kB
Mem:          3.8G       3.7G       116M       5.7M        58M       3.2G

MemTotal:        4016004 kB
MemFree:          108428 kB
Active:           447824 kB
Mem:          3.8G       3.7G       104M       5.7M        27M       3.3G

MemTotal:        4016004 kB
MemFree:          129688 kB
Active:           471632 kB
Mem:          3.8G       3.7G       114M       5.7M        25M       3.2G

MemTotal:        4016004 kB
MemFree:          134744 kB
Active:           503784 kB
Mem:          3.8G       3.7G       105M       5.7M        25M       3.3G

MemTotal:        4016004 kB
MemFree:          112492 kB
Active:           500452 kB
Mem:          3.8G       3.7G       110M       5.7M        25M       3.3G

MemTotal:        4016004 kB
MemFree:          109968 kB
Active:           500424 kB
Mem:          3.8G       3.7G       107M       5.7M        25M       3.3G

MemTotal:        4016004 kB
MemFree:          105592 kB
Active:           496972 kB
Mem:          3.8G       3.7G       103M       5.7M        25M       3.3G

MemTotal:        4016004 kB
MemFree:          127152 kB
Active:           490600 kB
Mem:          3.8G       3.7G       123M       5.7M        25M       3.2G

MemTotal:        4016004 kB
MemFree:          126036 kB
Active:           485216 kB
Mem:          3.8G       3.7G       122M       5.7M        25M       3.2G

MemTotal:        4016004 kB
MemFree:          116396 kB
Active:           479652 kB
Mem:          3.8G       3.7G       113M       5.7M        25M       3.3G

MemTotal:        4016004 kB
MemFree:          105884 kB
Active:           476220 kB
Mem:          3.8G       3.7G       103M       5.7M        25M       3.3G

MemTotal:        4016004 kB
MemFree:          113584 kB
Active:           469208 kB
Mem:          3.8G       3.7G       110M       5.7M        25M       3.3G

MemTotal:        4016004 kB
MemFree:          104684 kB
Active:           466488 kB
Mem:          3.8G       3.7G       103M       5.7M        25M       3.3G

MemTotal:        4016004 kB
MemFree:          126628 kB
Active:           464228 kB
Mem:          3.8G       3.7G       123M       5.7M        25M       3.2G

MemTotal:        4016004 kB
MemFree:          105020 kB
Active:           461564 kB
Mem:          3.8G       3.7G       102M       5.7M        25M       3.3G

MemTotal:        4016004 kB
MemFree:          121724 kB
Active:           459420 kB
Mem:          3.8G       3.7G       118M       5.7M        25M       3.2G

MemTotal:        4016004 kB
MemFree:          106052 kB
Active:           458400 kB
Mem:          3.8G       3.7G       103M       5.7M        25M       3.3G

MemTotal:        4016004 kB
MemFree:          120928 kB
Active:           455500 kB
Mem:          3.8G       3.7G       117M       5.7M        25M       3.2G

MemTotal:        4016004 kB
MemFree:          111520 kB
Active:           454220 kB
Mem:          3.8G       3.7G       109M       5.7M        25M       3.3G

MemTotal:        4016004 kB
MemFree:          132064 kB
Active:           450072 kB
Mem:          3.8G       3.7G       128M       5.7M        25M       3.2G

MemTotal:        4016004 kB
MemFree:          117140 kB
Active:           449176 kB
Mem:          3.8G       3.7G       113M       5.7M        25M       3.2G

MemTotal:        4016004 kB
MemFree:          107712 kB
Active:           447900 kB
Mem:          3.8G       3.7G       104M       5.7M        25M       3.3G

MemTotal:        4016004 kB
MemFree:          114792 kB
Active:           441968 kB
Mem:          3.8G       3.7G       112M       5.7M        25M       3.3G

MemTotal:        4016004 kB
MemFree:          112332 kB
Active:           440560 kB
Mem:          3.8G       3.7G       120M       5.7M        25M       3.2G

MemTotal:        4016004 kB
MemFree:          125128 kB
Active:           438744 kB
Mem:          3.8G       3.7G       121M       5.7M        25M       3.2G

MemTotal:        4016004 kB
MemFree:          127264 kB
Active:           437500 kB
Mem:          3.8G       3.7G       124M       5.7M        25M       3.2G

MemTotal:        4016004 kB
MemFree:          123152 kB
Active:           435964 kB
Mem:          3.8G       3.7G       120M       5.7M        25M       3.2G

MemTotal:        4016004 kB
MemFree:          125500 kB
Active:           432532 kB
Mem:          3.8G       3.7G       122M       5.7M        25M       3.2G

MemTotal:        4016004 kB
MemFree:          111148 kB
Active:           431988 kB
Mem:          3.8G       3.7G       108M       5.7M        25M       3.3G

MemTotal:        4016004 kB
MemFree:          109856 kB
Active:           432044 kB
Mem:          3.8G       3.7G       106M       5.7M        25M       3.3G

MemTotal:        4016004 kB
MemFree:          124880 kB
Active:           428172 kB
Mem:          3.8G       3.7G       121M       5.7M        25M       3.2G

MemTotal:        4016004 kB
MemFree:          128472 kB
Active:           424848 kB
Mem:          3.8G       3.7G       125M       5.7M        25M       3.2G

MemTotal:        4016004 kB
MemFree:          124028 kB
Active:           423440 kB
Mem:          3.8G       3.7G       121M       5.7M        25M       3.2G

MemTotal:        4016004 kB
MemFree:          127548 kB
Active:           422160 kB
Mem:          3.8G       3.7G       124M       5.7M        25M       3.2G

MemTotal:        4016004 kB
MemFree:          123696 kB
Active:           420624 kB
Mem:          3.8G       3.7G       120M       5.7M        25M       3.2G

MemTotal:        4016004 kB
MemFree:          127192 kB
Active:           419352 kB
Mem:          3.8G       3.7G       123M       5.7M        25M       3.2G

MemTotal:        4016004 kB
MemFree:          117784 kB
Active:           416180 kB
Mem:          3.8G       3.7G       114M       5.7M        25M       3.2G

MemTotal:        4016004 kB
MemFree:          108384 kB
Active:           414928 kB
Mem:          3.8G       3.7G       105M       5.7M        25M       3.3G

MemTotal:        4016004 kB
MemFree:          128652 kB
Active:           412756 kB
Mem:          3.8G       3.7G       125M       5.7M        25M       3.2G

MemTotal:        4016004 kB
MemFree:          106968 kB
Active:           412124 kB
Mem:          3.8G       3.7G       104M       5.7M        25M       3.3G

MemTotal:        4016004 kB
MemFree:          127612 kB
Active:           410424 kB
Mem:          3.8G       3.7G       124M       5.7M        25M       3.2G

MemTotal:        4016004 kB
MemFree:          110292 kB
Active:           410344 kB
Mem:          3.8G       3.7G       107M       5.7M        25M       3.3G

MemTotal:        4016004 kB
MemFree:          125572 kB
Active:           408660 kB
Mem:          3.8G       3.7G       122M       5.7M        25M       3.2G

MemTotal:        4016004 kB
MemFree:          117784 kB
Active:           407240 kB
Mem:          3.8G       3.7G       114M       5.7M        25M       3.2G

MemTotal:        4016004 kB
MemFree:          127528 kB
Active:           406640 kB
Mem:          3.8G       3.7G       124M       5.7M        25M       3.2G

MemTotal:        4016004 kB
MemFree:          119376 kB
Active:           405452 kB
Mem:          3.8G       3.7G       116M       5.7M        25M       3.2G

MemTotal:        4016004 kB
MemFree:          127272 kB
Active:           403840 kB
Mem:          3.8G       3.7G       123M       5.7M        25M       3.2G

MemTotal:        4016004 kB
MemFree:          123460 kB
Active:           402304 kB
Mem:          3.8G       3.7G       120M       5.7M        25M       3.2G

MemTotal:        4016004 kB
MemFree:          127048 kB
Active:           400852 kB
Mem:          3.8G       3.7G       123M       5.7M        25M       3.2G

MemTotal:        4016004 kB
MemFree:          126316 kB
Active:           399360 kB
Mem:          3.8G       3.7G       123M       5.7M        25M       3.2G

MemTotal:        4016004 kB
MemFree:          126200 kB
Active:           398216 kB
Mem:          3.8G       3.7G       122M       5.7M        25M       3.2G

MemTotal:        4016004 kB
MemFree:          115628 kB
Active:           397204 kB
Mem:          3.8G       3.7G       112M       5.7M        25M       3.2G

MemTotal:        4016004 kB
MemFree:          115180 kB
Active:           397076 kB
Mem:          3.8G       3.7G       112M       5.7M        25M       3.2G

MemTotal:        4016004 kB
MemFree:          115492 kB
Active:           396044 kB
Mem:          3.8G       3.7G       112M       5.7M        25M       3.2G

MemTotal:        4016004 kB
MemFree:          105052 kB
Active:           394920 kB
Mem:          3.8G       3.7G       102M       5.7M        25M       3.3G

MemTotal:        4016004 kB
MemFree:          132000 kB
Active:           392612 kB
Mem:          3.8G       3.7G       128M       5.7M        25M       3.2G

MemTotal:        4016004 kB
MemFree:          137076 kB
Active:           390896 kB
Mem:          3.8G       3.7G       133M       5.7M        25M       3.2G

MemTotal:        4016004 kB
MemFree:          139448 kB
Active:           389364 kB
Mem:          3.8G       3.7G       135M       5.7M        25M       3.2G

MemTotal:        4016004 kB
MemFree:          141984 kB
Active:           387724 kB
Mem:          3.8G       3.7G       138M       5.7M        25M       3.2G

MemTotal:        4016004 kB
MemFree:          132268 kB
Active:           386616 kB
Mem:          3.8G       3.7G       129M       5.7M        25M       3.2G

MemTotal:        4016004 kB
MemFree:          123316 kB
Active:           383188 kB
Mem:          3.8G       3.7G       120M       5.7M        25M       3.2G

MemTotal:        4016004 kB
MemFree:          113016 kB
Active:           382200 kB
Mem:          3.8G       3.7G       110M       5.7M        25M       3.3G

MemTotal:        4016004 kB
MemFree:          121372 kB
Active:           379580 kB
Mem:          3.8G       3.7G       118M       5.7M        25M       3.2G

MemTotal:        4016004 kB
MemFree:          124356 kB
Active:           379604 kB
Mem:          3.8G       3.7G       121M       5.7M        25M       3.2G

MemTotal:        4016004 kB
MemFree:          127128 kB
Active:           379540 kB
Mem:          3.8G       3.7G       123M       5.7M        25M       3.2G

MemTotal:        4016004 kB
MemFree:          123220 kB
Active:           379552 kB
Mem:          3.8G       3.7G       120M       5.7M        25M       3.2G

MemTotal:        4016004 kB
MemFree:          129108 kB
Active:           379512 kB
Mem:          3.8G       3.7G       125M       5.7M        25M       3.2G

MemTotal:        4016004 kB
MemFree:          131716 kB
Active:           379564 kB
Mem:          3.8G       3.7G       128M       5.7M        25M       3.2G

MemTotal:        4016004 kB
MemFree:          122028 kB
Active:           379572 kB
Mem:          3.8G       3.7G       119M       5.7M        25M       3.2G

MemTotal:        4016004 kB
MemFree:          114092 kB
Active:           379532 kB
Mem:          3.8G       3.7G       111M       5.7M        25M       3.2G

MemTotal:        4016004 kB
MemFree:          105316 kB
Active:           379576 kB
Mem:          3.8G       3.7G       102M       5.7M        25M       3.3G

MemTotal:        4016004 kB
MemFree:          105940 kB
Active:           379392 kB
Mem:          3.8G       3.7G       103M       5.7M        25M       3.3G

MemTotal:        4016004 kB
MemFree:          126872 kB
Active:           379400 kB
Mem:          3.8G       3.7G       123M       5.7M        25M       3.2G

MemTotal:        4016004 kB
MemFree:          116708 kB
Active:           379444 kB
Mem:          3.8G       3.7G       113M       5.7M        25M       3.2G

MemTotal:        4016004 kB
MemFree:          107124 kB
Active:           379444 kB
Mem:          3.8G       3.7G       104M       5.7M        25M       3.3G

MemTotal:        4016004 kB
MemFree:          134124 kB
Active:           379444 kB
Mem:          3.8G       3.7G       131M       5.7M        25M       3.2G

MemTotal:        4016004 kB
MemFree:          128312 kB
Active:           379460 kB
Mem:          3.8G       3.7G       125M       5.7M        25M       3.2G

MemTotal:        4016004 kB
MemFree:          129364 kB
Active:           379480 kB
Mem:          3.8G       3.7G       125M       5.7M        25M       3.2G

MemTotal:        4016004 kB
MemFree:          125768 kB
Active:           379480 kB
Mem:          3.8G       3.7G       122M       5.7M        25M       3.2G

MemTotal:        4016004 kB
MemFree:          132348 kB
Active:           379484 kB
Mem:          3.8G       3.7G       129M       5.7M        25M       3.2G

MemTotal:        4016004 kB
MemFree:          111256 kB
Active:           379472 kB
Mem:          3.8G       3.7G       108M       5.7M        25M       3.3G

MemTotal:        4016004 kB
MemFree:          125428 kB
Active:           379488 kB
Mem:          3.8G       3.7G       122M       5.7M        25M       3.2G

MemTotal:        4016004 kB
MemFree:          121604 kB
Active:           379492 kB
Mem:          3.8G       3.7G       118M       5.7M        25M       3.2G

MemTotal:        4016004 kB
MemFree:          112704 kB
Active:           379500 kB
Mem:          3.8G       3.7G       109M       5.7M        25M       3.2G

MemTotal:        4016004 kB
MemFree:          114700 kB
Active:           379500 kB
Mem:          3.8G       3.7G       111M       5.7M        25M       3.2G

MemTotal:        4016004 kB
MemFree:          117768 kB
Active:           379500 kB
Mem:          3.8G       3.7G       115M       5.7M        25M       3.2G

MemTotal:        4016004 kB
MemFree:          124692 kB
Active:           379436 kB
Mem:          3.8G       3.7G       121M       5.7M        25M       3.2G

MemTotal:        4016004 kB
MemFree:          115964 kB
Active:           379440 kB
Mem:          3.8G       3.7G       112M       5.7M        25M       3.2G

MemTotal:        4016004 kB
MemFree:          107360 kB
Active:           379496 kB
Mem:          3.8G       3.7G       104M       5.7M        25M       3.3G

MemTotal:        4016004 kB
MemFree:          107052 kB
Active:           379480 kB
Mem:          3.8G       3.7G       104M       5.7M        25M       3.3G

MemTotal:        4016004 kB
MemFree:          126052 kB
Active:           379624 kB
Mem:          3.8G       3.7G       122M       5.7M        25M       3.2G

MemTotal:        4016004 kB
MemFree:          122232 kB
Active:           379560 kB
Mem:          3.8G       3.7G       118M       5.7M        25M       3.2G

MemTotal:        4016004 kB
MemFree:          124732 kB
Active:           380700 kB
Mem:          3.8G       3.7G       121M       5.7M        25M       3.2G

MemTotal:        4016004 kB
MemFree:          121020 kB
Active:           380680 kB
Mem:          3.8G       3.7G       117M       5.7M        25M       3.2G

MemTotal:        4016004 kB
MemFree:          105148 kB
Active:           380644 kB
Mem:          3.8G       3.7G       102M       5.7M        25M       3.3G

MemTotal:        4016004 kB
MemFree:          124136 kB
Active:           380564 kB
Mem:          3.8G       3.7G       121M       5.7M        25M       3.2G

MemTotal:        4016004 kB
MemFree:          104832 kB
Active:           380564 kB
Mem:          3.8G       3.7G       107M       5.7M        25M       3.2G

MemTotal:        4016004 kB
MemFree:          125432 kB
Active:           380560 kB
Mem:          3.8G       3.7G       122M       5.7M        25M       3.2G

MemTotal:        4016004 kB
MemFree:          128116 kB
Active:           380560 kB
Mem:          3.8G       3.7G       125M       5.7M        25M       3.2G

MemTotal:        4016004 kB
MemFree:          124476 kB
Active:           380532 kB
Mem:          3.8G       3.7G       121M       5.7M        25M       3.2G

MemTotal:        4016004 kB
MemFree:          105468 kB
Active:           380504 kB
Mem:          3.8G       3.7G       102M       5.7M        25M       3.3G

MemTotal:        4016004 kB
MemFree:          121212 kB
Active:           380572 kB
Mem:          3.8G       3.7G       118M       5.7M        25M       3.2G

MemTotal:        4016004 kB
MemFree:          119160 kB
Active:           380572 kB
Mem:          3.8G       3.7G       116M       5.7M        25M       3.2G

MemTotal:        4016004 kB
MemFree:          125212 kB
Active:           380548 kB
Mem:          3.8G       3.7G       121M       5.7M        25M       3.2G

MemTotal:        4016004 kB
MemFree:          121524 kB
Active:           380540 kB
Mem:          3.8G       3.7G       117M       5.7M        25M       3.2G

MemTotal:        4016004 kB
MemFree:          105976 kB
Active:           380592 kB
Mem:          3.8G       3.7G       103M       5.7M        25M       3.3G

MemTotal:        4016004 kB
MemFree:          133392 kB
Active:           373676 kB
Mem:          3.8G       3.7G       130M       5.7M        25M       3.2G

MemTotal:        4016004 kB
MemFree:          111596 kB
Active:           373472 kB
Mem:          3.8G       3.7G       108M       5.7M        25M       3.2G

MemTotal:        4016004 kB
MemFree:          134772 kB
Active:           373472 kB
Mem:          3.8G       3.7G       131M       5.7M        25M       3.2G

MemTotal:        4016004 kB
MemFree:          124808 kB
Active:           373508 kB
Mem:          3.8G       3.7G       121M       5.7M        25M       3.2G

MemTotal:        4016004 kB
MemFree:          127972 kB
Active:           373456 kB
Mem:          3.8G       3.7G       124M       5.7M        25M       3.2G

MemTotal:        4016004 kB
MemFree:          123552 kB
Active:           373508 kB
Mem:          3.8G       3.7G       120M       5.7M        25M       3.2G

MemTotal:        4016004 kB
MemFree:          105176 kB
Active:           373516 kB
Mem:          3.8G       3.7G       102M       5.7M        25M       3.3G

MemTotal:        4016004 kB
MemFree:          107992 kB
Active:           373520 kB
Mem:          3.8G       3.7G       105M       5.7M        25M       3.2G

MemTotal:        4016004 kB
MemFree:          114912 kB
Active:           373500 kB
Mem:          3.8G       3.7G       111M       5.7M        25M       3.2G

MemTotal:        4016004 kB
MemFree:          118164 kB
Active:           373276 kB
Mem:          3.8G       3.7G       115M       5.7M        25M       3.2G

MemTotal:        4016004 kB
MemFree:          109724 kB
Active:           373116 kB
Mem:          3.8G       3.7G       107M       5.7M        25M       3.2G

MemTotal:        4016004 kB
MemFree:          112080 kB
Active:           373116 kB
Mem:          3.8G       3.7G       109M       5.7M        25M       3.2G

MemTotal:        4016004 kB
MemFree:          119788 kB
Active:           373120 kB
Mem:          3.8G       3.7G       117M       5.7M        25M       3.2G

MemTotal:        4016004 kB
MemFree:          110324 kB
Active:           373120 kB
Mem:          3.8G       3.7G       107M       5.7M        25M       3.2G

MemTotal:        4016004 kB
MemFree:          125356 kB
Active:           373120 kB
Mem:          3.8G       3.7G       122M       5.7M        25M       3.2G

MemTotal:        4016004 kB
MemFree:          127424 kB
Active:           373132 kB
Mem:          3.8G       3.7G       124M       5.7M        25M       3.2G

MemTotal:        4016004 kB
MemFree:          131260 kB
Active:           373116 kB
Mem:          3.8G       3.7G       128M       5.7M        25M       3.2G

MemTotal:        4016004 kB
MemFree:          121848 kB
Active:           373112 kB
Mem:          3.8G       3.7G       119M       5.7M        25M       3.2G

MemTotal:        4016004 kB
MemFree:          129420 kB
Active:           371128 kB
Mem:          3.8G       3.7G       125M       5.7M        25M       3.2G

MemTotal:        4016004 kB
MemFree:          118104 kB
Active:           371116 kB
Mem:          3.8G       3.7G       115M       5.7M        25M       3.2G

MemTotal:        4016004 kB
MemFree:          117844 kB
Active:           371120 kB
Mem:          3.8G       3.7G       115M       5.7M        25M       3.2G

MemTotal:        4016004 kB
MemFree:          132400 kB
Active:           371076 kB
Mem:          3.8G       3.7G       129M       5.7M        25M       3.2G

MemTotal:        4016004 kB
MemFree:          122540 kB
Active:           371112 kB
Mem:          3.8G       3.7G       119M       5.7M        25M       3.2G

MemTotal:        4016004 kB
MemFree:          133240 kB
Active:           371144 kB
Mem:          3.8G       3.7G       129M       5.7M        25M       3.2G

MemTotal:        4016004 kB
MemFree:          125484 kB
Active:           371088 kB
Mem:          3.8G       3.7G       122M       5.7M        25M       3.2G

MemTotal:        4016004 kB
MemFree:          109232 kB
Active:           371100 kB
Mem:          3.8G       3.7G       106M       5.7M        25M       3.2G

MemTotal:        4016004 kB
MemFree:          129612 kB
Active:           371152 kB
Mem:          3.8G       3.7G       126M       5.7M        25M       3.2G

MemTotal:        4016004 kB
MemFree:          119600 kB
Active:           371156 kB
Mem:          3.8G       3.7G       117M       5.7M        25M       3.2G

MemTotal:        4016004 kB
MemFree:          110204 kB
Active:           371156 kB
Mem:          3.8G       3.7G       107M       5.7M        25M       3.2G

MemTotal:        4016004 kB
MemFree:          118508 kB
Active:           371160 kB
Mem:          3.8G       3.7G       115M       5.7M        25M       3.2G

MemTotal:        4016004 kB
MemFree:          109500 kB
Active:           371168 kB
Mem:          3.8G       3.7G       106M       5.7M        25M       3.2G

MemTotal:        4016004 kB
MemFree:          104948 kB
Active:           366216 kB
Mem:          3.8G       3.7G       102M       5.7M        25M       3.3G

MemTotal:        4016004 kB
MemFree:          114152 kB
Active:           366208 kB
Mem:          3.8G       3.7G       111M       5.7M        25M       3.2G

MemTotal:        4016004 kB
MemFree:          122956 kB
Active:           366192 kB
Mem:          3.8G       3.7G       120M       5.7M        25M       3.2G

MemTotal:        4016004 kB
MemFree:          107800 kB
Active:           366224 kB
Mem:          3.8G       3.7G       105M       5.7M        25M       3.2G

MemTotal:        4016004 kB
MemFree:          128584 kB
Active:           366240 kB
Mem:          3.8G       3.7G       125M       5.7M        25M       3.2G

MemTotal:        4016004 kB
MemFree:          118992 kB
Active:           366248 kB
Mem:          3.8G       3.7G       115M       5.7M        25M       3.2G

MemTotal:        4016004 kB
MemFree:          109332 kB
Active:           366248 kB
Mem:          3.8G       3.7G       106M       5.7M        25M       3.2G

MemTotal:        4016004 kB
MemFree:          111080 kB
Active:           366248 kB
Mem:          3.8G       3.7G       108M       5.7M        25M       3.2G

MemTotal:        4016004 kB
MemFree:          115556 kB
Active:           366248 kB
Mem:          3.8G       3.7G       112M       5.7M        25M       3.2G

MemTotal:        4016004 kB
MemFree:          123828 kB
Active:           366256 kB
Mem:          3.8G       3.7G       120M       5.7M        25M       3.2G

MemTotal:        4016004 kB
MemFree:          114340 kB
Active:           366256 kB
Mem:          3.8G       3.7G       111M       5.7M        25M       3.2G

MemTotal:        4016004 kB
MemFree:          108200 kB
Active:           362484 kB
Mem:          3.8G       3.7G       105M       5.7M        25M       3.2G

MemTotal:        4016004 kB
MemFree:          131900 kB
Active:           362496 kB
Mem:          3.8G       3.7G       129M       5.7M        26M       3.2G

MemTotal:        4016004 kB
MemFree:          123408 kB
Active:           362508 kB
Mem:          3.8G       3.7G       120M       5.7M        26M       3.2G

MemTotal:        4016004 kB
MemFree:          126012 kB
Active:           362508 kB
Mem:          3.8G       3.7G       122M       5.7M        26M       3.2G

MemTotal:        4016004 kB
MemFree:          134208 kB
Active:           362496 kB
Mem:          3.8G       3.7G       130M       5.7M        26M       3.2G

MemTotal:        4016004 kB
MemFree:          124668 kB
Active:           362512 kB
Mem:          3.8G       3.7G       121M       5.7M        26M       3.2G

MemTotal:        4016004 kB
MemFree:          108976 kB
Active:           362512 kB
Mem:          3.8G       3.7G       106M       5.7M        26M       3.2G

MemTotal:        4016004 kB
MemFree:          129996 kB
Active:           362512 kB
Mem:          3.8G       3.7G       126M       5.7M        26M       3.2G

MemTotal:        4016004 kB
MemFree:          120544 kB
Active:           362532 kB
Mem:          3.8G       3.7G       117M       5.7M        26M       3.2G

MemTotal:        4016004 kB
MemFree:          111080 kB
Active:           362524 kB
Mem:          3.8G       3.7G       108M       5.7M        26M       3.2G

MemTotal:        4016004 kB
MemFree:          125844 kB
Active:           362532 kB
Mem:          3.8G       3.7G       122M       5.7M        26M       3.2G

MemTotal:        4016004 kB
MemFree:          122284 kB
Active:           362532 kB
Mem:          3.8G       3.7G       119M       5.7M        26M       3.2G

MemTotal:        4016004 kB
MemFree:          125056 kB
Active:           361160 kB
Mem:          3.8G       3.7G       122M       5.7M        26M       3.2G

MemTotal:        4016004 kB
MemFree:          123012 kB
Active:           361180 kB
Mem:          3.8G       3.7G       119M       5.7M        26M       3.2G

MemTotal:        4016004 kB
MemFree:          126708 kB
Active:           361192 kB
Mem:          3.8G       3.7G       123M       5.7M        26M       3.2G

MemTotal:        4016004 kB
MemFree:          123952 kB
Active:           361192 kB
Mem:          3.8G       3.7G       121M       5.7M        26M       3.2G

MemTotal:        4016004 kB
MemFree:          127168 kB
Active:           361192 kB
Mem:          3.8G       3.7G       123M       5.7M        26M       3.2G

MemTotal:        4016004 kB
MemFree:          123032 kB
Active:           361180 kB
Mem:          3.8G       3.7G       119M       5.7M        26M       3.2G

MemTotal:        4016004 kB
MemFree:          128140 kB
Active:           361200 kB
Mem:          3.8G       3.7G       125M       5.7M        26M       3.2G

MemTotal:        4016004 kB
MemFree:          121584 kB
Active:           361180 kB
Mem:          3.8G       3.7G       118M       5.7M        26M       3.2G

MemTotal:        4016004 kB
MemFree:          127120 kB
Active:           361196 kB
Mem:          3.8G       3.7G       123M       5.7M        26M       3.2G

MemTotal:        4016004 kB
MemFree:          122892 kB
Active:           361180 kB
Mem:          3.8G       3.7G       119M       5.7M        26M       3.2G

MemTotal:        4016004 kB
MemFree:          127236 kB
Active:           361192 kB
Mem:          3.8G       3.7G       123M       5.7M        26M       3.2G

MemTotal:        4016004 kB
MemFree:          108144 kB
Active:           361204 kB
Mem:          3.8G       3.7G       104M       5.7M        26M       3.2G

MemTotal:        4016004 kB
MemFree:          129916 kB
Active:           361220 kB
Mem:          3.8G       3.7G       127M       5.7M        26M       3.2G

MemTotal:        4016004 kB
MemFree:          128560 kB
Active:           361232 kB
Mem:          3.8G       3.7G       125M       5.7M        26M       3.2G

MemTotal:        4016004 kB
MemFree:          129992 kB
Active:           361180 kB
Mem:          3.8G       3.7G       127M       5.7M        26M       3.2G

MemTotal:        4016004 kB
MemFree:          144820 kB
Active:           358088 kB
Mem:          3.8G       3.7G       141M       5.7M        26M       3.2G

MemTotal:        4016004 kB
MemFree:          124124 kB
Active:           358016 kB
Mem:          3.8G       3.7G       121M       5.7M        26M       3.2G

MemTotal:        4016004 kB
MemFree:          127140 kB
Active:           358072 kB
Mem:          3.8G       3.7G       123M       5.7M        26M       3.2G

MemTotal:        4016004 kB
MemFree:          129896 kB
Active:           358064 kB
Mem:          3.8G       3.7G       127M       5.7M        26M       3.2G

MemTotal:        4016004 kB
MemFree:          133668 kB
Active:           358024 kB
Mem:          3.8G       3.7G       130M       5.7M        26M       3.2G

MemTotal:        4016004 kB
MemFree:          142252 kB
Active:           358044 kB
Mem:          3.8G       3.7G       138M       5.7M        26M       3.2G

MemTotal:        4016004 kB
MemFree:          131932 kB
Active:           358092 kB
Mem:          3.8G       3.7G       128M       5.7M        26M       3.2G

MemTotal:        4016004 kB
MemFree:          122636 kB
Active:           358052 kB
Mem:          3.8G       3.7G       119M       5.7M        26M       3.2G

MemTotal:        4016004 kB
MemFree:          141332 kB
Active:           358088 kB
Mem:          3.8G       3.7G       138M       5.7M        26M       3.2G

MemTotal:        4016004 kB
MemFree:          119300 kB
Active:           358100 kB
Mem:          3.8G       3.7G       116M       5.7M        26M       3.2G

MemTotal:        4016004 kB
MemFree:          109292 kB
Active:           358120 kB
Mem:          3.8G       3.7G       106M       5.7M        26M       3.2G

MemTotal:        4016004 kB
MemFree:          114708 kB
Active:           358088 kB
Mem:          3.8G       3.7G       111M       5.7M        26M       3.2G

MemTotal:        4016004 kB
MemFree:          116304 kB
Active:           358124 kB
Mem:          3.8G       3.7G       113M       5.7M        26M       3.2G

MemTotal:        4016004 kB
MemFree:          124204 kB
Active:           358112 kB
Mem:          3.8G       3.7G       121M       5.7M        26M       3.2G

MemTotal:        4016004 kB
MemFree:          114476 kB
Active:           358076 kB
Mem:          3.8G       3.7G       111M       5.7M        26M       3.2G

MemTotal:        4016004 kB
MemFree:          104892 kB
Active:           358112 kB
Mem:          3.8G       3.7G       112M       5.7M        26M       3.2G

MemTotal:        4016004 kB
MemFree:          121032 kB
Active:           357644 kB
Mem:          3.8G       3.7G       117M       5.7M        26M       3.2G

MemTotal:        4016004 kB
MemFree:          111312 kB
Active:           357648 kB
Mem:          3.8G       3.7G       108M       5.7M        26M       3.2G

MemTotal:        4016004 kB
MemFree:          119224 kB
Active:           357660 kB
Mem:          3.8G       3.7G       116M       5.7M        26M       3.2G

MemTotal:        4016004 kB
MemFree:          109676 kB
Active:           357668 kB
Mem:          3.8G       3.7G       107M       5.7M        26M       3.2G

MemTotal:        4016004 kB
MemFree:          107828 kB
Active:           357668 kB
Mem:          3.8G       3.7G       105M       5.7M        26M       3.2G

MemTotal:        4016004 kB
MemFree:          108500 kB
Active:           357664 kB
Mem:          3.8G       3.7G       105M       5.7M        26M       3.2G

MemTotal:        4016004 kB
MemFree:          122296 kB
Active:           357692 kB
Mem:          3.8G       3.7G       119M       5.7M        26M       3.2G

MemTotal:        4016004 kB
MemFree:          126992 kB
Active:           357692 kB
Mem:          3.8G       3.7G       123M       5.7M        26M       3.2G

MemTotal:        4016004 kB
MemFree:          123928 kB
Active:           357668 kB
Mem:          3.8G       3.7G       121M       5.7M        26M       3.2G

MemTotal:        4016004 kB
MemFree:          128256 kB
Active:           357700 kB
Mem:          3.8G       3.7G       124M       5.7M        26M       3.2G

MemTotal:        4016004 kB
MemFree:          124720 kB
Active:           357700 kB
Mem:          3.8G       3.7G       121M       5.7M        26M       3.2G

MemTotal:        4016004 kB
MemFree:          126004 kB
Active:           357552 kB
Mem:          3.8G       3.7G       123M       5.7M        26M       3.2G

MemTotal:        4016004 kB
MemFree:          126104 kB
Active:           357440 kB
Mem:          3.8G       3.7G       123M       5.7M        26M       3.2G

MemTotal:        4016004 kB
MemFree:          126104 kB
Active:           357452 kB
Mem:          3.8G       3.7G       123M       5.7M        26M       3.2G

MemTotal:        4016004 kB
MemFree:          125980 kB
Active:           357432 kB
Mem:          3.8G       3.7G       122M       5.7M        26M       3.2G

MemTotal:        4016004 kB
MemFree:          126352 kB
Active:           357448 kB
Mem:          3.8G       3.7G       123M       5.7M        26M       3.2G

MemTotal:        4016004 kB
MemFree:          126600 kB
Active:           357472 kB
Mem:          3.8G       3.7G       123M       5.7M        26M       3.2G

MemTotal:        4016004 kB
MemFree:          126724 kB
Active:           357432 kB
Mem:          3.8G       3.7G       123M       5.7M        26M       3.2G

MemTotal:        4016004 kB
MemFree:          126228 kB
Active:           357488 kB
Mem:          3.8G       3.7G       123M       5.7M        26M       3.2G

MemTotal:        4016004 kB
MemFree:          125980 kB
Active:           357432 kB
Mem:          3.8G       3.7G       122M       5.7M        26M       3.2G

MemTotal:        4016004 kB
MemFree:          125856 kB
Active:           357456 kB
Mem:          3.8G       3.7G       122M       5.7M        26M       3.2G

MemTotal:        4016004 kB
MemFree:          126104 kB
Active:           357468 kB
Mem:          3.8G       3.7G       122M       5.7M        26M       3.2G

MemTotal:        4016004 kB
MemFree:          125608 kB
Active:           357492 kB
Mem:          3.8G       3.7G       122M       5.7M        26M       3.2G

MemTotal:        4016004 kB
MemFree:          125980 kB
Active:           357448 kB
Mem:          3.8G       3.7G       122M       5.7M        26M       3.2G

MemTotal:        4016004 kB
MemFree:          126104 kB
Active:           357472 kB
Mem:          3.8G       3.7G       123M       5.7M        26M       3.2G

MemTotal:        4016004 kB
MemFree:          125732 kB
Active:           357472 kB
Mem:          3.8G       3.7G       122M       5.7M        26M       3.2G

MemTotal:        4016004 kB
MemFree:          125484 kB
Active:           357492 kB
Mem:          3.8G       3.7G       122M       5.7M        26M       3.2G

MemTotal:        4016004 kB
MemFree:          125484 kB
Active:           357444 kB
Mem:          3.8G       3.7G       122M       5.7M        26M       3.2G

MemTotal:        4016004 kB
MemFree:          125608 kB
Active:           357472 kB
Mem:          3.8G       3.7G       122M       5.7M        26M       3.2G

MemTotal:        4016004 kB
MemFree:          125732 kB
Active:           357476 kB
Mem:          3.8G       3.7G       122M       5.7M        26M       3.2G

MemTotal:        4016004 kB
MemFree:          125608 kB
Active:           357488 kB
Mem:          3.8G       3.7G       122M       5.7M        26M       3.2G

MemTotal:        4016004 kB
MemFree:          125624 kB
Active:           357488 kB
Mem:          3.8G       3.7G       122M       5.7M        26M       3.2G

MemTotal:        4016004 kB
MemFree:          126120 kB
Active:           357460 kB
Mem:          3.8G       3.7G       122M       5.7M        26M       3.2G

MemTotal:        4016004 kB
MemFree:          125748 kB
Active:           357516 kB
Mem:          3.8G       3.7G       123M       5.7M        26M       3.2G

MemTotal:        4016004 kB
MemFree:          126120 kB
Active:           357496 kB
Mem:          3.8G       3.7G       123M       5.7M        26M       3.2G

MemTotal:        4016004 kB
MemFree:          125952 kB
Active:           357500 kB
Mem:          3.8G       3.7G       122M       5.7M        26M       3.2G

MemTotal:        4016004 kB
MemFree:          126044 kB
Active:           357512 kB
Mem:          3.8G       3.7G       122M       5.7M        26M       3.2G

MemTotal:        4016004 kB
MemFree:          125608 kB
Active:           357516 kB
Mem:          3.8G       3.7G       122M       5.7M        26M       3.2G

MemTotal:        4016004 kB
MemFree:          125768 kB
Active:           357480 kB
Mem:          3.8G       3.7G       122M       5.7M        26M       3.2G

MemTotal:        4016004 kB
MemFree:          125752 kB
Active:           357532 kB
Mem:          3.8G       3.7G       122M       5.7M        26M       3.2G

MemTotal:        4016004 kB
MemFree:          126016 kB
Active:           357544 kB
Mem:          3.8G       3.7G       122M       5.7M        26M       3.2G

MemTotal:        4016004 kB
MemFree:          125644 kB
Active:           357548 kB
Mem:          3.8G       3.7G       122M       5.7M        26M       3.2G

MemTotal:        4016004 kB
MemFree:          125892 kB
Active:           357532 kB
Mem:          3.8G       3.7G       122M       5.7M        26M       3.2G

MemTotal:        4016004 kB
MemFree:          125520 kB
Active:           357528 kB
Mem:          3.8G       3.7G       122M       5.7M        26M       3.2G

MemTotal:        4016004 kB
MemFree:          125148 kB
Active:           357548 kB
Mem:          3.8G       3.7G       122M       5.7M        26M       3.2G

MemTotal:        4016004 kB
MemFree:          125024 kB
Active:           357556 kB
Mem:          3.8G       3.7G       122M       5.7M        26M       3.2G

MemTotal:        4016004 kB
MemFree:          125352 kB
Active:           357512 kB
Mem:          3.8G       3.7G       122M       5.7M        26M       3.2G

MemTotal:        4016004 kB
MemFree:          124856 kB
Active:           357560 kB
Mem:          3.8G       3.7G       121M       5.7M        26M       3.2G

MemTotal:        4016004 kB
MemFree:          125228 kB
Active:           357508 kB
Mem:          3.8G       3.7G       122M       5.7M        26M       3.2G

MemTotal:        4016004 kB
MemFree:          125848 kB
Active:           357508 kB
Mem:          3.8G       3.7G       122M       5.7M        26M       3.2G

MemTotal:        4016004 kB
MemFree:          125476 kB
Active:           357564 kB
Mem:          3.8G       3.7G       122M       5.7M        26M       3.2G

MemTotal:        4016004 kB
MemFree:          125352 kB
Active:           357532 kB
Mem:          3.8G       3.7G       122M       5.7M        26M       3.2G

MemTotal:        4016004 kB
MemFree:          125352 kB
Active:           357544 kB
Mem:          3.8G       3.7G       122M       5.7M        26M       3.2G

MemTotal:        4016004 kB
MemFree:          125724 kB
Active:           357552 kB
