MemTotal:        4016004 kB
MemFree:         3234440 kB
Active:           426712 kB
Mem:          3.8G       763M       3.1G       5.7M        55M       317M

MemTotal:        4016004 kB
MemFree:         3234900 kB
Active:           426808 kB
Mem:          3.8G       763M       3.1G       5.7M        55M       317M

MemTotal:        4016004 kB
MemFree:         3234760 kB
Active:           426916 kB
Mem:          3.8G       762M       3.1G       5.7M        55M       317M

MemTotal:        4016004 kB
MemFree:         3234744 kB
Active:           426888 kB
Mem:          3.8G       762M       3.1G       5.7M        55M       317M

MemTotal:        4016004 kB
MemFree:         3235100 kB
Active:           426936 kB
Mem:          3.8G       762M       3.1G       5.7M        55M       317M

MemTotal:        4016004 kB
MemFree:         3234960 kB
Active:           426928 kB
Mem:          3.8G       762M       3.1G       5.7M        55M       317M

MemTotal:        4016004 kB
MemFree:         3232608 kB
Active:           426940 kB
Mem:          3.8G       765M       3.1G       5.7M        55M       317M

MemTotal:        4016004 kB
MemFree:         3232996 kB
Active:           428944 kB
Mem:          3.8G       764M       3.1G       5.7M        55M       317M

MemTotal:        4016004 kB
MemFree:         3232872 kB
Active:           428956 kB
Mem:          3.8G       764M       3.1G       5.7M        55M       317M

MemTotal:        4016004 kB
MemFree:         3232996 kB
Active:           428964 kB
Mem:          3.8G       765M       3.1G       5.7M        55M       317M

MemTotal:        4016004 kB
MemFree:         3232500 kB
Active:           428972 kB
Mem:          3.8G       765M       3.1G       5.7M        55M       317M

MemTotal:        4016004 kB
MemFree:         3232500 kB
Active:           428916 kB
Mem:          3.8G       765M       3.1G       5.7M        55M       317M

MemTotal:        4016004 kB
MemFree:         3232004 kB
Active:           428972 kB
Mem:          3.8G       765M       3.1G       5.7M        55M       317M

MemTotal:        4016004 kB
MemFree:         3232004 kB
Active:           428976 kB
Mem:          3.8G       765M       3.1G       5.7M        55M       317M

MemTotal:        4016004 kB
MemFree:         3232344 kB
Active:           428976 kB
Mem:          3.8G       765M       3.1G       5.7M        55M       317M

MemTotal:        4016004 kB
MemFree:         3232036 kB
Active:           428980 kB
Mem:          3.8G       765M       3.1G       5.7M        55M       317M

MemTotal:        4016004 kB
MemFree:         3232004 kB
Active:           427012 kB
Mem:          3.8G       765M       3.1G       5.7M        55M       317M

MemTotal:        4016004 kB
MemFree:         3232608 kB
Active:           428984 kB
Mem:          3.8G       765M       3.1G       5.7M        55M       317M

MemTotal:        4016004 kB
MemFree:         3232080 kB
Active:           428992 kB
Mem:          3.8G       765M       3.1G       5.7M        55M       317M

MemTotal:        4016004 kB
MemFree:         3232252 kB
Active:           428992 kB
Mem:          3.8G       765M       3.1G       5.7M        55M       317M

MemTotal:        4016004 kB
MemFree:         3232500 kB
Active:           428952 kB
Mem:          3.8G       765M       3.1G       5.7M        55M       317M

MemTotal:        4016004 kB
MemFree:         3232996 kB
Active:           428968 kB
Mem:          3.8G       764M       3.1G       5.7M        55M       317M

MemTotal:        4016004 kB
MemFree:         3232980 kB
Active:           428992 kB
Mem:          3.8G       764M       3.1G       5.7M        55M       317M

MemTotal:        4016004 kB
MemFree:         3232964 kB
Active:           428984 kB
Mem:          3.8G       764M       3.1G       5.7M        55M       317M

MemTotal:        4016004 kB
MemFree:         3232824 kB
Active:           428964 kB
Mem:          3.8G       764M       3.1G       5.7M        55M       317M

MemTotal:        4016004 kB
MemFree:         3233072 kB
Active:           428988 kB
Mem:          3.8G       764M       3.1G       5.7M        55M       317M

MemTotal:        4016004 kB
MemFree:         3230528 kB
Active:           429004 kB
Mem:          3.8G       767M       3.1G       5.7M        55M       317M

MemTotal:        4016004 kB
MemFree:         3230528 kB
Active:           431016 kB
Mem:          3.8G       767M       3.1G       5.7M        55M       317M

MemTotal:        4016004 kB
MemFree:         3230404 kB
Active:           431024 kB
Mem:          3.8G       767M       3.1G       5.7M        55M       317M

MemTotal:        4016004 kB
MemFree:         3230280 kB
Active:           431036 kB
Mem:          3.8G       767M       3.1G       5.7M        55M       317M

MemTotal:        4016004 kB
MemFree:         3230156 kB
Active:           431036 kB
Mem:          3.8G       767M       3.1G       5.7M        55M       317M

MemTotal:        4016004 kB
MemFree:         3230388 kB
Active:           430988 kB
Mem:          3.8G       766M       3.1G       5.7M        55M       317M

MemTotal:        4016004 kB
MemFree:         3230204 kB
Active:           431036 kB
Mem:          3.8G       767M       3.1G       5.7M        55M       317M

MemTotal:        4016004 kB
MemFree:         3230328 kB
Active:           431036 kB
Mem:          3.8G       767M       3.1G       5.7M        55M       317M

MemTotal:        4016004 kB
MemFree:         3230700 kB
Active:           431012 kB
Mem:          3.8G       766M       3.1G       5.7M        55M       317M

MemTotal:        4016004 kB
MemFree:         3230312 kB
Active:           431044 kB
Mem:          3.8G       767M       3.1G       5.7M        55M       317M

MemTotal:        4016004 kB
MemFree:         3230272 kB
Active:           429144 kB
Mem:          3.8G       766M       3.1G       5.7M        55M       317M

MemTotal:        4016004 kB
MemFree:         3230960 kB
Active:           431052 kB
Mem:          3.8G       766M       3.1G       5.7M        55M       317M

MemTotal:        4016004 kB
MemFree:         3230588 kB
Active:           431060 kB
Mem:          3.8G       767M       3.1G       5.7M        55M       317M

MemTotal:        4016004 kB
MemFree:         3230960 kB
Active:           431016 kB
Mem:          3.8G       766M       3.1G       5.7M        55M       317M

MemTotal:        4016004 kB
MemFree:         3230960 kB
Active:           431032 kB
Mem:          3.8G       766M       3.1G       5.7M        55M       317M

MemTotal:        4016004 kB
MemFree:         3230960 kB
Active:           431016 kB
Mem:          3.8G       766M       3.1G       5.7M        55M       317M

MemTotal:        4016004 kB
MemFree:         3230340 kB
Active:           431076 kB
Mem:          3.8G       767M       3.1G       5.7M        55M       317M

MemTotal:        4016004 kB
MemFree:         3230464 kB
Active:           431040 kB
Mem:          3.8G       767M       3.1G       5.7M        55M       317M

MemTotal:        4016004 kB
MemFree:         3230496 kB
Active:           431052 kB
Mem:          3.8G       767M       3.1G       5.7M        55M       317M

MemTotal:        4016004 kB
MemFree:         3230372 kB
Active:           431076 kB
Mem:          3.8G       767M       3.1G       5.7M        55M       317M

MemTotal:        4016004 kB
MemFree:         3230028 kB
Active:           429152 kB
Mem:          3.8G       767M       3.1G       5.7M        55M       317M

MemTotal:        4016004 kB
MemFree:         3230184 kB
Active:           431076 kB
Mem:          3.8G       767M       3.1G       5.7M        55M       317M

MemTotal:        4016004 kB
MemFree:         3230788 kB
Active:           431036 kB
Mem:          3.8G       766M       3.1G       5.7M        55M       317M

MemTotal:        4016004 kB
MemFree:         3230400 kB
Active:           431088 kB
Mem:          3.8G       767M       3.1G       5.7M        55M       317M

MemTotal:        4016004 kB
MemFree:         3229904 kB
Active:           431088 kB
Mem:          3.8G       767M       3.1G       5.7M        55M       317M

MemTotal:        4016004 kB
MemFree:         3230424 kB
Active:           431064 kB
Mem:          3.8G       767M       3.1G       5.7M        55M       317M

MemTotal:        4016004 kB
MemFree:         3230564 kB
Active:           431068 kB
Mem:          3.8G       766M       3.1G       5.7M        55M       317M

MemTotal:        4016004 kB
MemFree:         3230688 kB
Active:           431056 kB
Mem:          3.8G       767M       3.1G       5.7M        55M       317M

MemTotal:        4016004 kB
MemFree:         3230564 kB
Active:           431052 kB
Mem:          3.8G       767M       3.1G       5.7M        55M       317M

MemTotal:        4016004 kB
MemFree:         3230308 kB
Active:           431104 kB
Mem:          3.8G       767M       3.1G       5.7M        55M       317M

MemTotal:        4016004 kB
MemFree:         3230664 kB
Active:           431096 kB
Mem:          3.8G       766M       3.1G       5.7M        55M       317M

MemTotal:        4016004 kB
MemFree:         3230572 kB
Active:           431092 kB
Mem:          3.8G       766M       3.1G       5.7M        55M       317M

MemTotal:        4016004 kB
MemFree:         3230696 kB
Active:           431096 kB
Mem:          3.8G       767M       3.1G       5.7M        55M       317M

MemTotal:        4016004 kB
MemFree:         3230324 kB
Active:           431116 kB
Mem:          3.8G       767M       3.1G       5.7M        55M       317M

MemTotal:        4016004 kB
MemFree:         3230564 kB
Active:           431112 kB
Mem:          3.8G       767M       3.1G       5.7M        55M       317M

MemTotal:        4016004 kB
MemFree:         3114444 kB
Active:           431536 kB
Mem:          3.8G       881M       3.0G       5.7M        55M       430M

MemTotal:        4016004 kB
MemFree:         3110740 kB
Active:           431568 kB
Mem:          3.8G       884M       3.0G       5.7M        55M       432M

MemTotal:        4016004 kB
MemFree:         3049468 kB
Active:           431568 kB
Mem:          3.8G       944M       2.9G       5.7M        55M       491M

MemTotal:        4016004 kB
MemFree:         2934480 kB
Active:           431576 kB
Mem:          3.8G       1.0G       2.8G       5.7M        55M       603M

MemTotal:        4016004 kB
MemFree:         2817788 kB
Active:           431576 kB
Mem:          3.8G       1.1G       2.7G       5.7M        55M       716M

MemTotal:        4016004 kB
MemFree:         2776836 kB
Active:           431576 kB
Mem:          3.8G       1.2G       2.6G       5.7M        55M       754M

MemTotal:        4016004 kB
MemFree:         2733592 kB
Active:           431580 kB
Mem:          3.8G       1.2G       2.6G       5.7M        55M       795M

MemTotal:        4016004 kB
MemFree:         2678160 kB
Active:           431568 kB
Mem:          3.8G       1.3G       2.6G       5.7M        55M       849M

MemTotal:        4016004 kB
MemFree:         2675792 kB
Active:           431616 kB
Mem:          3.8G       1.3G       2.6G       5.7M        55M       850M

MemTotal:        4016004 kB
MemFree:         2674016 kB
Active:           431620 kB
Mem:          3.8G       1.3G       2.6G       5.7M        55M       851M

MemTotal:        4016004 kB
MemFree:         2673008 kB
Active:           431628 kB
Mem:          3.8G       1.3G       2.5G       5.7M        55M       852M

MemTotal:        4016004 kB
MemFree:         2670984 kB
Active:           431628 kB
Mem:          3.8G       1.3G       2.5G       5.7M        55M       854M

MemTotal:        4016004 kB
MemFree:         2575900 kB
Active:           431628 kB
Mem:          3.8G       1.4G       2.5G       5.7M        55M       946M

MemTotal:        4016004 kB
MemFree:         2440312 kB
Active:           431640 kB
Mem:          3.8G       1.5G       2.3G       5.7M        55M       1.1G

MemTotal:        4016004 kB
MemFree:         2320116 kB
Active:           431584 kB
Mem:          3.8G       1.6G       2.2G       5.7M        55M       1.2G

MemTotal:        4016004 kB
MemFree:         2320012 kB
Active:           431596 kB
Mem:          3.8G       1.6G       2.2G       5.7M        55M       1.2G

MemTotal:        4016004 kB
MemFree:         2228792 kB
Active:           431640 kB
Mem:          3.8G       1.7G       2.1G       5.7M        55M       1.3G

MemTotal:        4016004 kB
MemFree:         2221832 kB
Active:           431640 kB
Mem:          3.8G       1.7G       2.1G       5.7M        55M       1.3G

MemTotal:        4016004 kB
MemFree:         2163580 kB
Active:           431656 kB
Mem:          3.8G       1.8G       2.1G       5.7M        55M       1.3G

MemTotal:        4016004 kB
MemFree:         2121228 kB
Active:           431660 kB
Mem:          3.8G       1.8G       2.0G       5.7M        55M       1.4G

MemTotal:        4016004 kB
MemFree:         2078840 kB
Active:           431608 kB
Mem:          3.8G       1.8G       2.0G       5.7M        55M       1.4G

MemTotal:        4016004 kB
MemFree:         2022620 kB
Active:           431672 kB
Mem:          3.8G       1.9G       1.9G       5.7M        55M       1.4G

MemTotal:        4016004 kB
MemFree:         2021160 kB
Active:           431688 kB
Mem:          3.8G       1.9G       1.9G       5.7M        55M       1.4G

MemTotal:        4016004 kB
MemFree:         2019036 kB
Active:           431688 kB
Mem:          3.8G       1.9G       1.9G       5.7M        55M       1.4G

MemTotal:        4016004 kB
MemFree:         2017676 kB
Active:           431692 kB
Mem:          3.8G       1.9G       1.9G       5.7M        55M       1.4G

MemTotal:        4016004 kB
MemFree:         2010008 kB
Active:           431696 kB
Mem:          3.8G       1.9G       1.9G       5.7M        55M       1.5G

MemTotal:        4016004 kB
MemFree:         1874544 kB
Active:           431700 kB
Mem:          3.8G       2.0G       1.8G       5.7M        55M       1.6G

MemTotal:        4016004 kB
MemFree:         1746312 kB
Active:           431700 kB
Mem:          3.8G       2.2G       1.7G       5.7M        55M       1.7G

MemTotal:        4016004 kB
MemFree:         1670364 kB
Active:           431672 kB
Mem:          3.8G       2.2G       1.6G       5.7M        55M       1.8G

MemTotal:        4016004 kB
MemFree:         1590116 kB
Active:           431688 kB
Mem:          3.8G       2.3G       1.5G       5.7M        55M       1.9G

MemTotal:        4016004 kB
MemFree:         1567464 kB
Active:           431696 kB
Mem:          3.8G       2.3G       1.5G       5.7M        55M       1.9G

MemTotal:        4016004 kB
MemFree:         1561004 kB
Active:           431688 kB
Mem:          3.8G       2.3G       1.5G       5.7M        55M       1.9G

MemTotal:        4016004 kB
MemFree:         1468708 kB
Active:           431720 kB
Mem:          3.8G       2.4G       1.4G       5.7M        55M       2.0G

MemTotal:        4016004 kB
MemFree:         1468608 kB
Active:           431688 kB
Mem:          3.8G       2.4G       1.4G       5.7M        55M       2.0G

MemTotal:        4016004 kB
MemFree:         1466864 kB
Active:           431716 kB
Mem:          3.8G       2.4G       1.4G       5.7M        55M       2.0G

MemTotal:        4016004 kB
MemFree:         1464828 kB
Active:           429816 kB
Mem:          3.8G       2.4G       1.4G       5.7M        55M       2.0G

MemTotal:        4016004 kB
MemFree:         1464392 kB
Active:           431688 kB
Mem:          3.8G       2.4G       1.4G       5.7M        55M       2.0G

MemTotal:        4016004 kB
MemFree:         1390700 kB
Active:           431744 kB
Mem:          3.8G       2.5G       1.3G       5.7M        55M       2.0G

MemTotal:        4016004 kB
MemFree:         1267760 kB
Active:           431744 kB
Mem:          3.8G       2.6G       1.2G       5.7M        55M       2.2G

MemTotal:        4016004 kB
MemFree:         1139380 kB
Active:           431752 kB
Mem:          3.8G       2.7G       1.1G       5.7M        55M       2.3G

MemTotal:        4016004 kB
MemFree:         1115304 kB
Active:           431764 kB
Mem:          3.8G       2.8G       1.1G       5.7M        55M       2.3G

MemTotal:        4016004 kB
MemFree:         1032732 kB
Active:           431764 kB
Mem:          3.8G       2.8G       1.0G       5.7M        55M       2.4G

MemTotal:        4016004 kB
MemFree:         1021584 kB
Active:           431764 kB
Mem:          3.8G       2.9G       997M       5.7M        55M       2.4G

MemTotal:        4016004 kB
MemFree:          946468 kB
Active:           431712 kB
Mem:          3.8G       2.9G       924M       5.7M        55M       2.5G

MemTotal:        4016004 kB
MemFree:          931632 kB
Active:           431780 kB
Mem:          3.8G       2.9G       909M       5.7M        55M       2.5G

MemTotal:        4016004 kB
MemFree:          875700 kB
Active:           431804 kB
Mem:          3.8G       3.0G       854M       5.7M        55M       2.5G

MemTotal:        4016004 kB
MemFree:          787840 kB
Active:           431804 kB
Mem:          3.8G       3.1G       769M       5.7M        55M       2.6G

MemTotal:        4016004 kB
MemFree:          783316 kB
Active:           431792 kB
Mem:          3.8G       3.1G       764M       5.7M        55M       2.6G

MemTotal:        4016004 kB
MemFree:          782076 kB
Active:           431816 kB
Mem:          3.8G       3.1G       763M       5.7M        55M       2.6G

MemTotal:        4016004 kB
MemFree:          781552 kB
Active:           431772 kB
Mem:          3.8G       3.1G       763M       5.7M        55M       2.6G

MemTotal:        4016004 kB
MemFree:          689588 kB
Active:           431824 kB
Mem:          3.8G       3.2G       672M       5.7M        55M       2.7G

MemTotal:        4016004 kB
MemFree:          580104 kB
Active:           431816 kB
Mem:          3.8G       3.3G       566M       5.7M        55M       2.8G

MemTotal:        4016004 kB
MemFree:          561856 kB
Active:           431776 kB
Mem:          3.8G       3.3G       547M       5.7M        55M       2.8G

MemTotal:        4016004 kB
MemFree:          496460 kB
Active:           431844 kB
Mem:          3.8G       3.4G       484M       5.7M        55M       2.9G

MemTotal:        4016004 kB
MemFree:          494280 kB
Active:           431876 kB
Mem:          3.8G       3.4G       482M       5.7M        55M       2.9G

MemTotal:        4016004 kB
MemFree:          492840 kB
Active:           429808 kB
Mem:          3.8G       3.4G       481M       5.7M        55M       2.9G

MemTotal:        4016004 kB
MemFree:          492984 kB
Active:           431872 kB
Mem:          3.8G       3.4G       481M       5.7M        55M       2.9G

MemTotal:        4016004 kB
MemFree:          491984 kB
Active:           431892 kB
Mem:          3.8G       3.4G       480M       5.7M        55M       2.9G

MemTotal:        4016004 kB
MemFree:          376224 kB
Active:           431844 kB
Mem:          3.8G       3.5G       367M       5.7M        55M       3.0G

MemTotal:        4016004 kB
MemFree:          259904 kB
Active:           431900 kB
Mem:          3.8G       3.6G       253M       5.7M        55M       3.1G

MemTotal:        4016004 kB
MemFree:          144948 kB
Active:           431904 kB
Mem:          3.8G       3.7G       141M       5.7M        55M       3.2G

MemTotal:        4016004 kB
MemFree:          143768 kB
Active:           431872 kB
Mem:          3.8G       3.7G       140M       5.7M        55M       3.2G

MemTotal:        4016004 kB
MemFree:          139608 kB
Active:           438256 kB
Mem:          3.8G       3.7G       128M       5.7M        20M       3.3G

MemTotal:        4016004 kB
MemFree:          131672 kB
Active:           485388 kB
Mem:          3.8G       3.7G       127M       5.7M        20M       3.3G

MemTotal:        4016004 kB
MemFree:          130460 kB
Active:           485776 kB
Mem:          3.8G       3.7G       127M       5.7M        20M       3.3G

MemTotal:        4016004 kB
MemFree:          129840 kB
Active:           478840 kB
Mem:          3.8G       3.7G       125M       5.7M        20M       3.3G

MemTotal:        4016004 kB
MemFree:          125948 kB
Active:           478964 kB
Mem:          3.8G       3.7G       122M       5.7M        20M       3.3G

MemTotal:        4016004 kB
MemFree:          125348 kB
Active:           478956 kB
Mem:          3.8G       3.7G       122M       5.7M        20M       3.3G

MemTotal:        4016004 kB
MemFree:          124844 kB
Active:           475664 kB
Mem:          3.8G       3.7G       121M       5.7M        20M       3.3G

MemTotal:        4016004 kB
MemFree:          130960 kB
Active:           459768 kB
Mem:          3.8G       3.7G       127M       5.7M        20M       3.3G

MemTotal:        4016004 kB
MemFree:          119416 kB
Active:           447152 kB
Mem:          3.8G       3.7G       116M       5.7M        20M       3.3G

MemTotal:        4016004 kB
MemFree:          139380 kB
Active:           437380 kB
Mem:          3.8G       3.7G       135M       5.7M        20M       3.2G

MemTotal:        4016004 kB
MemFree:          132340 kB
Active:           435600 kB
Mem:          3.8G       3.7G       128M       5.7M        20M       3.3G

MemTotal:        4016004 kB
MemFree:          130632 kB
Active:           434860 kB
Mem:          3.8G       3.7G       127M       5.7M        20M       3.3G

MemTotal:        4016004 kB
MemFree:          144408 kB
Active:           432520 kB
Mem:          3.8G       3.7G       141M       5.7M        20M       3.2G

MemTotal:        4016004 kB
MemFree:          136376 kB
Active:           430340 kB
Mem:          3.8G       3.7G       133M       5.7M        20M       3.2G

MemTotal:        4016004 kB
MemFree:          135032 kB
Active:           430112 kB
Mem:          3.8G       3.7G       132M       5.7M        20M       3.2G

MemTotal:        4016004 kB
MemFree:          134112 kB
Active:           430104 kB
Mem:          3.8G       3.7G       130M       5.7M        20M       3.2G

MemTotal:        4016004 kB
MemFree:          132720 kB
Active:           430176 kB
Mem:          3.8G       3.7G       129M       5.7M        20M       3.3G

MemTotal:        4016004 kB
MemFree:          133316 kB
Active:           430308 kB
Mem:          3.8G       3.7G       129M       5.7M        20M       3.3G

MemTotal:        4016004 kB
MemFree:          132544 kB
Active:           430464 kB
Mem:          3.8G       3.7G       129M       5.7M        20M       3.3G

MemTotal:        4016004 kB
MemFree:          104924 kB
Active:           435836 kB
Mem:          3.8G       3.7G       102M       5.7M        27M       3.3G

MemTotal:        4016004 kB
MemFree:          137368 kB
Active:           428692 kB
Mem:          3.8G       3.7G       133M       5.7M        27M       3.2G

MemTotal:        4016004 kB
MemFree:          126124 kB
Active:           421776 kB
Mem:          3.8G       3.7G       123M       5.7M        27M       3.2G

MemTotal:        4016004 kB
MemFree:          124928 kB
Active:           421236 kB
Mem:          3.8G       3.7G       121M       5.7M        27M       3.3G

MemTotal:        4016004 kB
MemFree:          131264 kB
Active:           416516 kB
Mem:          3.8G       3.7G       128M       5.7M        27M       3.2G

MemTotal:        4016004 kB
MemFree:          129348 kB
Active:           414224 kB
Mem:          3.8G       3.7G       126M       5.7M        27M       3.2G

MemTotal:        4016004 kB
MemFree:          129232 kB
Active:           414172 kB
Mem:          3.8G       3.7G       125M       5.7M        27M       3.2G

MemTotal:        4016004 kB
MemFree:          127408 kB
Active:           414200 kB
Mem:          3.8G       3.7G       124M       5.7M        27M       3.2G

MemTotal:        4016004 kB
MemFree:          126844 kB
Active:           414240 kB
Mem:          3.8G       3.7G       124M       5.7M        27M       3.2G

MemTotal:        4016004 kB
MemFree:          126752 kB
Active:           414240 kB
Mem:          3.8G       3.7G       123M       5.7M        27M       3.2G

MemTotal:        4016004 kB
MemFree:          133720 kB
Active:           412460 kB
Mem:          3.8G       3.7G       130M       5.7M        27M       3.2G

MemTotal:        4016004 kB
MemFree:          127304 kB
Active:           409392 kB
Mem:          3.8G       3.7G       123M       5.7M        27M       3.2G

MemTotal:        4016004 kB
MemFree:          123064 kB
Active:           406080 kB
Mem:          3.8G       3.7G       120M       5.7M        27M       3.3G

MemTotal:        4016004 kB
MemFree:          130632 kB
Active:           403388 kB
Mem:          3.8G       3.7G       127M       5.7M        27M       3.2G

MemTotal:        4016004 kB
MemFree:          130552 kB
Active:           403392 kB
Mem:          3.8G       3.7G       127M       5.7M        27M       3.2G

MemTotal:        4016004 kB
MemFree:          118544 kB
Active:           402328 kB
Mem:          3.8G       3.7G       115M       5.7M        27M       3.3G

MemTotal:        4016004 kB
MemFree:          120656 kB
Active:           399436 kB
Mem:          3.8G       3.7G       117M       5.7M        27M       3.3G

MemTotal:        4016004 kB
MemFree:          119872 kB
Active:           399308 kB
Mem:          3.8G       3.7G       116M       5.7M        27M       3.3G

MemTotal:        4016004 kB
MemFree:          130040 kB
Active:           394280 kB
Mem:          3.8G       3.7G       126M       5.7M        27M       3.2G

MemTotal:        4016004 kB
MemFree:          130360 kB
Active:           394264 kB
Mem:          3.8G       3.7G       127M       5.7M        27M       3.2G

MemTotal:        4016004 kB
MemFree:          129840 kB
Active:           394296 kB
Mem:          3.8G       3.7G       126M       5.7M        27M       3.2G

MemTotal:        4016004 kB
MemFree:          127480 kB
Active:           394248 kB
Mem:          3.8G       3.7G       124M       5.7M        27M       3.2G

MemTotal:        4016004 kB
MemFree:          120504 kB
Active:           393792 kB
Mem:          3.8G       3.7G       117M       5.7M        27M       3.3G

MemTotal:        4016004 kB
MemFree:          122220 kB
Active:           390208 kB
Mem:          3.8G       3.7G       119M       5.7M        27M       3.3G

MemTotal:        4016004 kB
MemFree:          134540 kB
Active:           386244 kB
Mem:          3.8G       3.7G       130M       5.7M        27M       3.2G

MemTotal:        4016004 kB
MemFree:          138924 kB
Active:           383432 kB
Mem:          3.8G       3.7G       135M       5.7M        27M       3.2G

MemTotal:        4016004 kB
MemFree:          136344 kB
Active:           383308 kB
Mem:          3.8G       3.7G       133M       5.7M        27M       3.2G

MemTotal:        4016004 kB
MemFree:          140216 kB
Active:           381004 kB
Mem:          3.8G       3.7G       136M       5.7M        27M       3.2G

MemTotal:        4016004 kB
MemFree:          121680 kB
Active:           380504 kB
Mem:          3.8G       3.7G       118M       5.7M        27M       3.3G

MemTotal:        4016004 kB
MemFree:          134884 kB
Active:           379224 kB
Mem:          3.8G       3.7G       132M       5.7M        27M       3.2G

MemTotal:        4016004 kB
MemFree:          129292 kB
Active:           377432 kB
Mem:          3.8G       3.7G       126M       5.7M        27M       3.2G

MemTotal:        4016004 kB
MemFree:          128384 kB
Active:           377444 kB
Mem:          3.8G       3.7G       125M       5.7M        27M       3.2G

MemTotal:        4016004 kB
MemFree:          127716 kB
Active:           377408 kB
Mem:          3.8G       3.7G       124M       5.7M        27M       3.2G

MemTotal:        4016004 kB
MemFree:          125780 kB
Active:           377456 kB
Mem:          3.8G       3.7G       122M       5.7M        27M       3.2G

MemTotal:        4016004 kB
MemFree:          123028 kB
Active:           377408 kB
Mem:          3.8G       3.7G       119M       5.7M        27M       3.3G

MemTotal:        4016004 kB
MemFree:          127688 kB
Active:           376936 kB
Mem:          3.8G       3.7G       124M       5.7M        27M       3.2G

MemTotal:        4016004 kB
MemFree:          120212 kB
Active:           376956 kB
Mem:          3.8G       3.7G       116M       5.7M        27M       3.3G

MemTotal:        4016004 kB
MemFree:          128628 kB
Active:           376816 kB
Mem:          3.8G       3.7G       125M       5.7M        27M       3.2G

MemTotal:        4016004 kB
MemFree:          124984 kB
Active:           376836 kB
Mem:          3.8G       3.7G       121M       5.7M        27M       3.3G

MemTotal:        4016004 kB
MemFree:          131696 kB
Active:           373980 kB
Mem:          3.8G       3.7G       128M       5.7M        27M       3.2G

MemTotal:        4016004 kB
MemFree:          139328 kB
Active:           373996 kB
Mem:          3.8G       3.7G       135M       5.7M        27M       3.2G

MemTotal:        4016004 kB
MemFree:          132380 kB
Active:           374020 kB
Mem:          3.8G       3.7G       129M       5.7M        27M       3.2G

MemTotal:        4016004 kB
MemFree:          128900 kB
Active:           374020 kB
Mem:          3.8G       3.7G       125M       5.7M        27M       3.2G

MemTotal:        4016004 kB
MemFree:          139332 kB
Active:           374008 kB
Mem:          3.8G       3.7G       136M       5.7M        27M       3.2G

MemTotal:        4016004 kB
MemFree:          137828 kB
Active:           373976 kB
Mem:          3.8G       3.7G       134M       5.7M        27M       3.2G

MemTotal:        4016004 kB
MemFree:          136844 kB
Active:           373992 kB
Mem:          3.8G       3.7G       133M       5.7M        27M       3.2G

MemTotal:        4016004 kB
MemFree:          135552 kB
Active:           374036 kB
Mem:          3.8G       3.7G       132M       5.7M        27M       3.2G

MemTotal:        4016004 kB
MemFree:          133888 kB
Active:           373996 kB
Mem:          3.8G       3.7G       130M       5.7M        27M       3.2G

MemTotal:        4016004 kB
MemFree:          124640 kB
Active:           373984 kB
Mem:          3.8G       3.7G       121M       5.7M        27M       3.3G

MemTotal:        4016004 kB
MemFree:          121340 kB
Active:           373960 kB
Mem:          3.8G       3.7G       118M       5.7M        27M       3.3G

MemTotal:        4016004 kB
MemFree:          128068 kB
Active:           373836 kB
Mem:          3.8G       3.7G       124M       5.7M        28M       3.2G

MemTotal:        4016004 kB
MemFree:          123048 kB
Active:           373748 kB
Mem:          3.8G       3.7G       119M       5.7M        28M       3.3G

MemTotal:        4016004 kB
MemFree:          145816 kB
Active:           374012 kB
Mem:          3.8G       3.7G       142M       5.7M        28M       3.2G

MemTotal:        4016004 kB
MemFree:          144992 kB
Active:           373840 kB
Mem:          3.8G       3.7G       141M       5.7M        28M       3.2G

MemTotal:        4016004 kB
MemFree:          142368 kB
Active:           373840 kB
Mem:          3.8G       3.7G       138M       5.7M        28M       3.2G

MemTotal:        4016004 kB
MemFree:          142188 kB
Active:           373848 kB
Mem:          3.8G       3.7G       138M       5.7M        28M       3.2G

MemTotal:        4016004 kB
MemFree:          139636 kB
Active:           373908 kB
Mem:          3.8G       3.7G       136M       5.7M        28M       3.2G

MemTotal:        4016004 kB
MemFree:          140056 kB
Active:           373888 kB
Mem:          3.8G       3.7G       136M       5.7M        28M       3.2G

MemTotal:        4016004 kB
MemFree:          140212 kB
Active:           373900 kB
Mem:          3.8G       3.7G       136M       5.7M        28M       3.2G

MemTotal:        4016004 kB
MemFree:          141360 kB
Active:           373900 kB
Mem:          3.8G       3.7G       137M       5.7M        28M       3.2G

MemTotal:        4016004 kB
MemFree:          113728 kB
Active:           373412 kB
Mem:          3.8G       3.7G       110M       5.7M        28M       3.3G

MemTotal:        4016004 kB
MemFree:          114324 kB
Active:           373444 kB
Mem:          3.8G       3.7G       111M       5.7M        28M       3.3G

MemTotal:        4016004 kB
MemFree:          147868 kB
Active:           371360 kB
Mem:          3.8G       3.7G       144M       5.7M        28M       3.2G

MemTotal:        4016004 kB
MemFree:          117136 kB
Active:           372452 kB
Mem:          3.8G       3.7G       113M       5.7M        28M       3.3G

MemTotal:        4016004 kB
MemFree:          133628 kB
Active:           372364 kB
Mem:          3.8G       3.7G       130M       5.7M        28M       3.2G

MemTotal:        4016004 kB
MemFree:          127568 kB
Active:           372336 kB
Mem:          3.8G       3.7G       124M       5.7M        28M       3.2G

MemTotal:        4016004 kB
MemFree:          139584 kB
Active:           372372 kB
Mem:          3.8G       3.7G       136M       5.7M        28M       3.2G

MemTotal:        4016004 kB
MemFree:          115548 kB
Active:           372328 kB
Mem:          3.8G       3.7G       113M       5.7M        28M       3.3G

MemTotal:        4016004 kB
MemFree:          115908 kB
Active:           372368 kB
Mem:          3.8G       3.7G       112M       5.7M        28M       3.3G

MemTotal:        4016004 kB
MemFree:          114432 kB
Active:           372384 kB
Mem:          3.8G       3.7G       111M       5.7M        28M       3.3G

MemTotal:        4016004 kB
MemFree:          114156 kB
Active:           372352 kB
Mem:          3.8G       3.7G       111M       5.7M        28M       3.3G

MemTotal:        4016004 kB
MemFree:          113108 kB
Active:           372380 kB
Mem:          3.8G       3.7G       109M       5.7M        28M       3.3G

MemTotal:        4016004 kB
MemFree:          141444 kB
Active:           372376 kB
Mem:          3.8G       3.7G       137M       5.7M        28M       3.2G

MemTotal:        4016004 kB
MemFree:          110844 kB
Active:           366924 kB
Mem:          3.8G       3.7G       108M       5.7M        28M       3.3G

MemTotal:        4016004 kB
MemFree:          126856 kB
Active:           366856 kB
Mem:          3.8G       3.7G       123M       5.7M        28M       3.2G

MemTotal:        4016004 kB
MemFree:          134288 kB
Active:           366728 kB
Mem:          3.8G       3.7G       131M       5.7M        28M       3.2G

MemTotal:        4016004 kB
MemFree:          131572 kB
Active:           366728 kB
Mem:          3.8G       3.7G       127M       5.7M        28M       3.2G

MemTotal:        4016004 kB
MemFree:          135108 kB
Active:           363968 kB
Mem:          3.8G       3.7G       131M       5.7M        28M       3.2G

MemTotal:        4016004 kB
MemFree:          134100 kB
Active:           363828 kB
Mem:          3.8G       3.7G       131M       5.7M        28M       3.2G

MemTotal:        4016004 kB
MemFree:          134372 kB
Active:           363832 kB
Mem:          3.8G       3.7G       131M       5.7M        28M       3.2G

MemTotal:        4016004 kB
MemFree:          133960 kB
Active:           363832 kB
Mem:          3.8G       3.7G       130M       5.7M        28M       3.2G

MemTotal:        4016004 kB
MemFree:          132372 kB
Active:           363824 kB
Mem:          3.8G       3.7G       129M       5.7M        28M       3.2G

MemTotal:        4016004 kB
MemFree:          130400 kB
Active:           363868 kB
Mem:          3.8G       3.7G       127M       5.7M        28M       3.2G

MemTotal:        4016004 kB
MemFree:          128956 kB
Active:           363840 kB
Mem:          3.8G       3.7G       125M       5.7M        28M       3.2G

MemTotal:        4016004 kB
MemFree:          121044 kB
Active:           363868 kB
Mem:          3.8G       3.7G       117M       5.7M        28M       3.2G

MemTotal:        4016004 kB
MemFree:          136720 kB
Active:           363876 kB
Mem:          3.8G       3.7G       133M       5.7M        28M       3.2G

MemTotal:        4016004 kB
MemFree:          123992 kB
Active:           361432 kB
Mem:          3.8G       3.7G       120M       5.7M        28M       3.2G

MemTotal:        4016004 kB
MemFree:          120316 kB
Active:           361280 kB
Mem:          3.8G       3.7G       117M       5.7M        28M       3.3G

MemTotal:        4016004 kB
MemFree:          138852 kB
Active:           361284 kB
Mem:          3.8G       3.7G       135M       5.7M        28M       3.2G

MemTotal:        4016004 kB
MemFree:          142856 kB
Active:           361232 kB
Mem:          3.8G       3.7G       139M       5.7M        28M       3.2G

MemTotal:        4016004 kB
MemFree:          125480 kB
Active:           361272 kB
Mem:          3.8G       3.7G       122M       5.7M        28M       3.2G

MemTotal:        4016004 kB
MemFree:          126924 kB
Active:           361292 kB
Mem:          3.8G       3.7G       124M       5.7M        28M       3.2G

MemTotal:        4016004 kB
MemFree:          127192 kB
Active:           360220 kB
Mem:          3.8G       3.7G       124M       5.7M        28M       3.2G

MemTotal:        4016004 kB
MemFree:          125792 kB
Active:           362156 kB
Mem:          3.8G       3.7G       122M       5.7M        28M       3.2G

MemTotal:        4016004 kB
MemFree:          125012 kB
Active:           362148 kB
Mem:          3.8G       3.7G       122M       5.7M        28M       3.2G

MemTotal:        4016004 kB
MemFree:          124128 kB
Active:           362108 kB
Mem:          3.8G       3.7G       121M       5.7M        28M       3.2G

MemTotal:        4016004 kB
MemFree:          119908 kB
Active:           359768 kB
Mem:          3.8G       3.7G       117M       5.7M        28M       3.2G

MemTotal:        4016004 kB
MemFree:          128608 kB
Active:           356224 kB
Mem:          3.8G       3.7G       125M       5.7M        28M       3.2G

MemTotal:        4016004 kB
MemFree:          140692 kB
Active:           356076 kB
Mem:          3.8G       3.7G       136M       5.7M        28M       3.2G

MemTotal:        4016004 kB
MemFree:          136652 kB
Active:           356076 kB
Mem:          3.8G       3.7G       133M       5.7M        28M       3.2G

MemTotal:        4016004 kB
MemFree:          130060 kB
Active:           356080 kB
Mem:          3.8G       3.7G       126M       5.7M        28M       3.2G

MemTotal:        4016004 kB
MemFree:          126976 kB
Active:           354484 kB
Mem:          3.8G       3.7G       123M       5.7M        28M       3.2G

MemTotal:        4016004 kB
MemFree:          118168 kB
Active:           354492 kB
Mem:          3.8G       3.7G       115M       5.7M        28M       3.3G

MemTotal:        4016004 kB
MemFree:          141076 kB
Active:           354388 kB
Mem:          3.8G       3.7G       138M       5.7M        28M       3.2G

MemTotal:        4016004 kB
MemFree:          106136 kB
Active:           354388 kB
Mem:          3.8G       3.7G       103M       5.7M        28M       3.3G

MemTotal:        4016004 kB
MemFree:          128068 kB
Active:           354392 kB
Mem:          3.8G       3.7G       124M       5.7M        28M       3.2G

MemTotal:        4016004 kB
MemFree:          128060 kB
Active:           354392 kB
Mem:          3.8G       3.7G       124M       5.7M        28M       3.2G

MemTotal:        4016004 kB
MemFree:          126976 kB
Active:           354388 kB
Mem:          3.8G       3.7G       123M       5.7M        28M       3.2G

MemTotal:        4016004 kB
MemFree:          117948 kB
Active:           354376 kB
Mem:          3.8G       3.7G       114M       5.7M        28M       3.3G

MemTotal:        4016004 kB
MemFree:          129572 kB
Active:           354416 kB
Mem:          3.8G       3.7G       126M       5.7M        28M       3.2G

MemTotal:        4016004 kB
MemFree:          133344 kB
Active:           354396 kB
Mem:          3.8G       3.7G       129M       5.7M        28M       3.2G

MemTotal:        4016004 kB
MemFree:          149260 kB
Active:           353580 kB
Mem:          3.8G       3.7G       145M       5.7M        28M       3.2G

MemTotal:        4016004 kB
MemFree:          127180 kB
Active:           353508 kB
Mem:          3.8G       3.7G       123M       5.7M        28M       3.2G

MemTotal:        4016004 kB
MemFree:          132284 kB
Active:           353492 kB
Mem:          3.8G       3.7G       128M       5.7M        28M       3.2G

MemTotal:        4016004 kB
MemFree:          131284 kB
Active:           353516 kB
Mem:          3.8G       3.7G       127M       5.7M        28M       3.2G

MemTotal:        4016004 kB
MemFree:          133584 kB
Active:           353520 kB
Mem:          3.8G       3.7G       129M       5.7M        28M       3.2G

MemTotal:        4016004 kB
MemFree:          140628 kB
Active:           353488 kB
Mem:          3.8G       3.7G       137M       5.7M        28M       3.2G

MemTotal:        4016004 kB
MemFree:          139656 kB
Active:           353508 kB
Mem:          3.8G       3.7G       136M       5.7M        28M       3.2G

MemTotal:        4016004 kB
MemFree:          138316 kB
Active:           353556 kB
Mem:          3.8G       3.7G       134M       5.7M        28M       3.2G

MemTotal:        4016004 kB
MemFree:          136460 kB
Active:           353548 kB
Mem:          3.8G       3.7G       133M       5.7M        28M       3.2G

MemTotal:        4016004 kB
MemFree:          135752 kB
Active:           353552 kB
Mem:          3.8G       3.7G       132M       5.7M        28M       3.2G

MemTotal:        4016004 kB
MemFree:          138236 kB
Active:           353708 kB
Mem:          3.8G       3.7G       135M       5.7M        28M       3.2G

MemTotal:        4016004 kB
MemFree:          108028 kB
Active:           351616 kB
Mem:          3.8G       3.7G       105M       5.7M        28M       3.3G

MemTotal:        4016004 kB
MemFree:          148172 kB
Active:           351396 kB
Mem:          3.8G       3.7G       144M       5.7M        28M       3.2G

MemTotal:        4016004 kB
MemFree:          134924 kB
Active:           351188 kB
Mem:          3.8G       3.7G       131M       5.7M        28M       3.2G

MemTotal:        4016004 kB
MemFree:          135364 kB
Active:           351160 kB
Mem:          3.8G       3.7G       131M       5.7M        28M       3.2G

MemTotal:        4016004 kB
MemFree:          115144 kB
Active:           351196 kB
Mem:          3.8G       3.7G       111M       5.7M        28M       3.3G

MemTotal:        4016004 kB
MemFree:          132460 kB
Active:           351212 kB
Mem:          3.8G       3.7G       129M       5.7M        28M       3.2G

MemTotal:        4016004 kB
MemFree:          109152 kB
Active:           351176 kB
Mem:          3.8G       3.7G       106M       5.7M        28M       3.3G

MemTotal:        4016004 kB
MemFree:          107916 kB
Active:           351164 kB
Mem:          3.8G       3.7G       105M       5.7M        28M       3.3G

MemTotal:        4016004 kB
MemFree:          106388 kB
Active:           351224 kB
Mem:          3.8G       3.7G       104M       5.7M        28M       3.3G

MemTotal:        4016004 kB
MemFree:          105044 kB
Active:           351200 kB
Mem:          3.8G       3.7G       111M       5.7M        28M       3.2G

MemTotal:        4016004 kB
MemFree:          144120 kB
Active:           353004 kB
Mem:          3.8G       3.7G       140M       5.7M        28M       3.2G

MemTotal:        4016004 kB
MemFree:          132320 kB
Active:           349832 kB
Mem:          3.8G       3.7G       128M       5.7M        28M       3.2G

MemTotal:        4016004 kB
MemFree:          106308 kB
Active:           349832 kB
Mem:          3.8G       3.7G       103M       5.7M        28M       3.3G

MemTotal:        4016004 kB
MemFree:          133244 kB
Active:           349812 kB
Mem:          3.8G       3.7G       129M       5.7M        28M       3.2G

MemTotal:        4016004 kB
MemFree:          129612 kB
Active:           349796 kB
Mem:          3.8G       3.7G       125M       5.7M        28M       3.2G

MemTotal:        4016004 kB
MemFree:          142536 kB
Active:           349812 kB
Mem:          3.8G       3.7G       139M       5.7M        28M       3.2G

MemTotal:        4016004 kB
MemFree:          147840 kB
Active:           349704 kB
Mem:          3.8G       3.7G       143M       5.7M        28M       3.2G

MemTotal:        4016004 kB
MemFree:          134884 kB
Active:           349728 kB
Mem:          3.8G       3.7G       131M       5.7M        28M       3.2G

MemTotal:        4016004 kB
MemFree:          114704 kB
Active:           349728 kB
Mem:          3.8G       3.7G       112M       5.7M        28M       3.2G

MemTotal:        4016004 kB
MemFree:          114592 kB
Active:           349696 kB
Mem:          3.8G       3.7G       111M       5.7M        28M       3.2G

MemTotal:        4016004 kB
MemFree:          114260 kB
Active:           349744 kB
Mem:          3.8G       3.7G       111M       5.7M        28M       3.2G

MemTotal:        4016004 kB
MemFree:          114996 kB
Active:           349740 kB
Mem:          3.8G       3.7G       112M       5.7M        28M       3.2G

MemTotal:        4016004 kB
MemFree:          127236 kB
Active:           349744 kB
Mem:          3.8G       3.7G       123M       5.7M        28M       3.2G

MemTotal:        4016004 kB
MemFree:          144528 kB
Active:           349748 kB
Mem:          3.8G       3.7G       141M       5.7M        28M       3.2G

MemTotal:        4016004 kB
MemFree:          131028 kB
Active:           349536 kB
Mem:          3.8G       3.7G       127M       5.7M        28M       3.2G

MemTotal:        4016004 kB
MemFree:          133412 kB
Active:           349560 kB
Mem:          3.8G       3.7G       130M       5.7M        28M       3.2G

MemTotal:        4016004 kB
MemFree:          149108 kB
Active:           349560 kB
Mem:          3.8G       3.7G       145M       5.7M        28M       3.2G

MemTotal:        4016004 kB
MemFree:          133696 kB
Active:           349564 kB
Mem:          3.8G       3.7G       130M       5.7M        28M       3.2G

MemTotal:        4016004 kB
MemFree:          150652 kB
Active:           349564 kB
Mem:          3.8G       3.7G       147M       5.7M        28M       3.2G

MemTotal:        4016004 kB
MemFree:          105484 kB
Active:           351440 kB
Mem:          3.8G       3.7G       103M       5.7M        28M       3.3G

MemTotal:        4016004 kB
MemFree:          106020 kB
Active:           351244 kB
Mem:          3.8G       3.7G       103M       5.7M        28M       3.3G

MemTotal:        4016004 kB
MemFree:          106020 kB
Active:           351252 kB
Mem:          3.8G       3.7G       103M       5.7M        28M       3.3G

MemTotal:        4016004 kB
MemFree:          106020 kB
Active:           351280 kB
Mem:          3.8G       3.7G       103M       5.7M        28M       3.3G

MemTotal:        4016004 kB
MemFree:          106144 kB
Active:           351264 kB
Mem:          3.8G       3.7G       103M       5.7M        28M       3.3G

MemTotal:        4016004 kB
MemFree:          106048 kB
Active:           351292 kB
Mem:          3.8G       3.7G       103M       5.7M        28M       3.3G

MemTotal:        4016004 kB
MemFree:          105624 kB
Active:           351284 kB
Mem:          3.8G       3.7G       103M       5.7M        28M       3.3G

MemTotal:        4016004 kB
MemFree:          105200 kB
Active:           351304 kB
Mem:          3.8G       3.7G       102M       5.7M        28M       3.3G

MemTotal:        4016004 kB
MemFree:          105584 kB
Active:           351264 kB
Mem:          3.8G       3.7G       103M       5.7M        28M       3.3G

MemTotal:        4016004 kB
MemFree:          105576 kB
Active:           351308 kB
Mem:          3.8G       3.7G       103M       5.7M        28M       3.3G

MemTotal:        4016004 kB
MemFree:          105576 kB
Active:           351308 kB
Mem:          3.8G       3.7G       103M       5.7M        28M       3.3G

MemTotal:        4016004 kB
MemFree:          105824 kB
Active:           351276 kB
Mem:          3.8G       3.7G       102M       5.7M        28M       3.3G

MemTotal:        4016004 kB
MemFree:          105700 kB
Active:           351260 kB
Mem:          3.8G       3.7G       103M       5.7M        28M       3.3G

MemTotal:        4016004 kB
MemFree:          105700 kB
Active:           351260 kB
Mem:          3.8G       3.7G       103M       5.7M        28M       3.3G

MemTotal:        4016004 kB
MemFree:          105700 kB
Active:           351308 kB
Mem:          3.8G       3.7G       103M       5.7M        28M       3.3G

MemTotal:        4016004 kB
MemFree:          105824 kB
Active:           351264 kB
Mem:          3.8G       3.7G       103M       5.7M        28M       3.3G

MemTotal:        4016004 kB
MemFree:          105328 kB
Active:           351320 kB
Mem:          3.8G       3.7G       102M       5.7M        28M       3.3G

MemTotal:        4016004 kB
MemFree:          105328 kB
Active:           351328 kB
Mem:          3.8G       3.7G       102M       5.7M        28M       3.3G

MemTotal:        4016004 kB
MemFree:          105576 kB
Active:           351320 kB
Mem:          3.8G       3.7G       103M       5.7M        28M       3.3G

MemTotal:        4016004 kB
MemFree:          105204 kB
Active:           351332 kB
Mem:          3.8G       3.7G       103M       5.7M        28M       3.3G

MemTotal:        4016004 kB
MemFree:          105700 kB
Active:           351284 kB
Mem:          3.8G       3.7G       103M       5.7M        28M       3.3G

MemTotal:        4016004 kB
MemFree:          105700 kB
Active:           351288 kB
Mem:          3.8G       3.7G       103M       5.7M        28M       3.3G

MemTotal:        4016004 kB
MemFree:          105824 kB
Active:           351332 kB
Mem:          3.8G       3.7G       103M       5.7M        28M       3.3G

MemTotal:        4016004 kB
MemFree:          105700 kB
Active:           351288 kB
Mem:          3.8G       3.7G       103M       5.7M        28M       3.3G

MemTotal:        4016004 kB
MemFree:          105700 kB
Active:           351344 kB
Mem:          3.8G       3.7G       103M       5.7M        28M       3.3G

MemTotal:        4016004 kB
MemFree:          105576 kB
Active:           351304 kB
Mem:          3.8G       3.7G       103M       5.7M        28M       3.3G

MemTotal:        4016004 kB
MemFree:          105576 kB
Active:           351288 kB
Mem:          3.8G       3.7G       103M       5.7M        28M       3.3G

MemTotal:        4016004 kB
MemFree:          105576 kB
Active:           351340 kB
Mem:          3.8G       3.7G       102M       5.7M        28M       3.3G

MemTotal:        4016004 kB
MemFree:          105204 kB
Active:           351348 kB
Mem:          3.8G       3.7G       103M       5.7M        28M       3.3G

MemTotal:        4016004 kB
MemFree:          105700 kB
Active:           351312 kB
Mem:          3.8G       3.7G       103M       5.7M        28M       3.3G

MemTotal:        4016004 kB
MemFree:          105328 kB
Active:           351348 kB
Mem:          3.8G       3.7G       103M       5.7M        28M       3.3G

MemTotal:        4016004 kB
MemFree:          105328 kB
Active:           351348 kB
Mem:          3.8G       3.7G       102M       5.7M        28M       3.3G

MemTotal:        4016004 kB
MemFree:          105576 kB
Active:           351312 kB
Mem:          3.8G       3.7G       102M       5.7M        28M       3.3G

MemTotal:        4016004 kB
MemFree:          105700 kB
Active:           351304 kB
Mem:          3.8G       3.7G       103M       5.7M        28M       3.3G

MemTotal:        4016004 kB
MemFree:          105452 kB
Active:           351356 kB
Mem:          3.8G       3.7G       102M       5.7M        28M       3.3G

MemTotal:        4016004 kB
MemFree:          105328 kB
Active:           351356 kB
Mem:          3.8G       3.7G       103M       5.7M        28M       3.3G

MemTotal:        4016004 kB
MemFree:          105204 kB
Active:           351360 kB
Mem:          3.8G       3.7G       102M       5.7M        28M       3.3G

MemTotal:        4016004 kB
MemFree:          105204 kB
Active:           351364 kB
Mem:          3.8G       3.7G       102M       5.7M        28M       3.3G

MemTotal:        4016004 kB
MemFree:          105700 kB
Active:           351360 kB
Mem:          3.8G       3.7G       103M       5.7M        28M       3.3G

MemTotal:        4016004 kB
MemFree:          105700 kB
Active:           351340 kB
Mem:          3.8G       3.7G       103M       5.7M        28M       3.3G

MemTotal:        4016004 kB
MemFree:          105204 kB
Active:           351372 kB
Mem:          3.8G       3.7G       102M       5.7M        28M       3.3G

MemTotal:        4016004 kB
MemFree:          105204 kB
Active:           351372 kB
Mem:          3.8G       3.7G       102M       5.7M        28M       3.3G

MemTotal:        4016004 kB
MemFree:          105576 kB
Active:           351316 kB
Mem:          3.8G       3.7G       103M       5.7M        28M       3.3G

MemTotal:        4016004 kB
MemFree:          105700 kB
Active:           351364 kB
Mem:          3.8G       3.7G       103M       5.7M        28M       3.3G

MemTotal:        4016004 kB
MemFree:          105204 kB
Active:           351372 kB
Mem:          3.8G       3.7G       102M       5.7M        28M       3.3G

MemTotal:        4016004 kB
MemFree:          105576 kB
Active:           351328 kB
Mem:          3.8G       3.7G       102M       5.7M        28M       3.3G

MemTotal:        4016004 kB
MemFree:          105576 kB
Active:           351376 kB
Mem:          3.8G       3.7G       103M       5.7M        28M       3.3G

MemTotal:        4016004 kB
MemFree:          105080 kB
Active:           351380 kB
Mem:          3.8G       3.7G       102M       5.7M        28M       3.3G

MemTotal:        4016004 kB
MemFree:          105576 kB
Active:           351340 kB
Mem:          3.8G       3.7G       103M       5.7M        28M       3.3G

MemTotal:        4016004 kB
MemFree:          105576 kB
Active:           351376 kB
Mem:          3.8G       3.7G       103M       5.7M        28M       3.3G

MemTotal:        4016004 kB
MemFree:          105204 kB
Active:           351384 kB
Mem:          3.8G       3.7G       102M       5.7M        28M       3.3G

MemTotal:        4016004 kB
MemFree:          105700 kB
Active:           351388 kB
Mem:          3.8G       3.7G       103M       5.7M        28M       3.3G

MemTotal:        4016004 kB
MemFree:          105452 kB
Active:           351388 kB
Mem:          3.8G       3.7G       102M       5.7M        28M       3.3G

MemTotal:        4016004 kB
MemFree:          105452 kB
Active:           351388 kB
Mem:          3.8G       3.7G       103M       5.7M        28M       3.3G

MemTotal:        4016004 kB
MemFree:          105080 kB
Active:           351408 kB
Mem:          3.8G       3.7G       102M       5.7M        28M       3.3G

MemTotal:        4016004 kB
MemFree:          105576 kB
Active:           351388 kB
Mem:          3.8G       3.7G       102M       5.7M        28M       3.3G

MemTotal:        4016004 kB
MemFree:          105576 kB
Active:           351376 kB
Mem:          3.8G       3.7G       102M       5.7M        28M       3.3G

MemTotal:        4016004 kB
MemFree:          105080 kB
Active:           351408 kB
Mem:          3.8G       3.7G       102M       5.7M        28M       3.3G

MemTotal:        4016004 kB
MemFree:          105452 kB
Active:           351392 kB
Mem:          3.8G       3.7G       103M       5.7M        28M       3.3G

MemTotal:        4016004 kB
MemFree:          105576 kB
Active:           351372 kB
Mem:          3.8G       3.7G       102M       5.7M        28M       3.3G

MemTotal:        4016004 kB
MemFree:          105576 kB
Active:           351392 kB
Mem:          3.8G       3.7G       102M       5.7M        28M       3.3G

MemTotal:        4016004 kB
MemFree:          105080 kB
Active:           351416 kB
Mem:          3.8G       3.7G       102M       5.7M        28M       3.3G

MemTotal:        4016004 kB
MemFree:          105328 kB
Active:           351396 kB
Mem:          3.8G       3.7G       102M       5.7M        28M       3.3G

MemTotal:        4016004 kB
MemFree:          105452 kB
Active:           351412 kB
Mem:          3.8G       3.7G       103M       5.7M        28M       3.3G

MemTotal:        4016004 kB
MemFree:          105452 kB
Active:           351360 kB
Mem:          3.8G       3.7G       103M       5.7M        28M       3.3G

MemTotal:        4016004 kB
MemFree:          105452 kB
Active:           351416 kB
Mem:          3.8G       3.7G       103M       5.7M        28M       3.3G

MemTotal:        4016004 kB
MemFree:          105452 kB
Active:           351404 kB
Mem:          3.8G       3.7G       103M       5.7M        28M       3.3G

MemTotal:        4016004 kB
MemFree:          105204 kB
Active:           351420 kB
Mem:          3.8G       3.7G       103M       5.7M        28M       3.3G

MemTotal:        4016004 kB
MemFree:          105204 kB
Active:           351420 kB
Mem:          3.8G       3.7G       103M       5.7M        28M       3.3G

MemTotal:        4016004 kB
MemFree:          105452 kB
Active:           351368 kB
Mem:          3.8G       3.7G       103M       5.7M        28M       3.3G

MemTotal:        4016004 kB
MemFree:          105452 kB
Active:           351412 kB
Mem:          3.8G       3.7G       103M       5.7M        28M       3.3G

MemTotal:        4016004 kB
MemFree:          105576 kB
Active:           351396 kB
Mem:          3.8G       3.7G       102M       5.7M        28M       3.3G

MemTotal:        4016004 kB
MemFree:          105452 kB
Active:           351380 kB
Mem:          3.8G       3.7G       103M       5.7M        28M       3.3G

MemTotal:        4016004 kB
MemFree:          105452 kB
Active:           351408 kB
Mem:          3.8G       3.7G       103M       5.7M        28M       3.3G

MemTotal:        4016004 kB
MemFree:          105080 kB
Active:           351436 kB
Mem:          3.8G       3.7G       102M       5.7M        28M       3.3G

MemTotal:        4016004 kB
MemFree:          105576 kB
Active:           351420 kB
Mem:          3.8G       3.7G       102M       5.7M        28M       3.3G

MemTotal:        4016004 kB
MemFree:          105452 kB
Active:           351412 kB
Mem:          3.8G       3.7G       103M       5.7M        28M       3.3G

MemTotal:        4016004 kB
MemFree:          105576 kB
Active:           351416 kB
Mem:          3.8G       3.7G       103M       5.7M        28M       3.3G

MemTotal:        4016004 kB
MemFree:          105204 kB
Active:           351436 kB
Mem:          3.8G       3.7G       102M       5.7M        28M       3.3G

MemTotal:        4016004 kB
MemFree:          105452 kB
Active:           351380 kB
Mem:          3.8G       3.7G       103M       5.7M        28M       3.3G

MemTotal:        4016004 kB
MemFree:          105576 kB
Active:           351432 kB
Mem:          3.8G       3.7G       102M       5.7M        28M       3.3G

MemTotal:        4016004 kB
MemFree:          104956 kB
Active:           351440 kB
Mem:          3.8G       3.7G       102M       5.7M        28M       3.3G

MemTotal:        4016004 kB
MemFree:          105080 kB
Active:           351440 kB
Mem:          3.8G       3.7G       102M       5.7M        28M       3.3G

MemTotal:        4016004 kB
MemFree:          105080 kB
Active:           351440 kB
Mem:          3.8G       3.7G       102M       5.7M        28M       3.3G

MemTotal:        4016004 kB
MemFree:          105452 kB
Active:           351428 kB
Mem:          3.8G       3.7G       103M       5.7M        28M       3.3G

MemTotal:        4016004 kB
MemFree:          105080 kB
Active:           351440 kB
Mem:          3.8G       3.7G       102M       5.7M        28M       3.3G

MemTotal:        4016004 kB
MemFree:          105452 kB
Active:           351420 kB
Mem:          3.8G       3.7G       103M       5.7M        28M       3.3G

MemTotal:        4016004 kB
MemFree:          105452 kB
Active:           351432 kB
Mem:          3.8G       3.7G       103M       5.7M        28M       3.3G

MemTotal:        4016004 kB
MemFree:          104832 kB
Active:           351448 kB
Mem:          3.8G       3.7G       102M       5.7M        28M       3.3G

MemTotal:        4016004 kB
MemFree:          105328 kB
Active:           351392 kB
Mem:          3.8G       3.7G       102M       5.7M        28M       3.3G

MemTotal:        4016004 kB
MemFree:          105328 kB
Active:           351440 kB
Mem:          3.8G       3.7G       102M       5.7M        28M       3.3G

MemTotal:        4016004 kB
MemFree:          104956 kB
Active:           351448 kB
Mem:          3.8G       3.7G       102M       5.7M        28M       3.3G

MemTotal:        4016004 kB
MemFree:          105452 kB
Active:           351444 kB
Mem:          3.8G       3.7G       102M       5.7M        28M       3.3G

MemTotal:        4016004 kB
MemFree:          105452 kB
Active:           351424 kB
Mem:          3.8G       3.7G       102M       5.7M        28M       3.3G

MemTotal:        4016004 kB
MemFree:          105452 kB
Active:           351420 kB
Mem:          3.8G       3.7G       103M       5.7M        28M       3.3G

MemTotal:        4016004 kB
MemFree:          105452 kB
Active:           351428 kB
Mem:          3.8G       3.7G       103M       5.7M        28M       3.3G

MemTotal:        4016004 kB
MemFree:          105328 kB
Active:           351416 kB
Mem:          3.8G       3.7G       102M       5.7M        28M       3.3G

MemTotal:        4016004 kB
MemFree:          105328 kB
Active:           351408 kB
Mem:          3.8G       3.7G       102M       5.7M        28M       3.3G

MemTotal:        4016004 kB
MemFree:          104972 kB
Active:           351456 kB
Mem:          3.8G       3.7G       102M       5.7M        28M       3.3G

MemTotal:        4016004 kB
MemFree:          105220 kB
Active:           351444 kB
Mem:          3.8G       3.7G       102M       5.7M        28M       3.3G

MemTotal:        4016004 kB
MemFree:          105220 kB
Active:           351424 kB
Mem:          3.8G       3.7G       102M       5.7M        28M       3.3G

MemTotal:        4016004 kB
MemFree:          105344 kB
Active:           351416 kB
Mem:          3.8G       3.7G       102M       5.7M        28M       3.3G

MemTotal:        4016004 kB
MemFree:          104972 kB
Active:           351472 kB
Mem:          3.8G       3.7G       102M       5.7M        28M       3.3G

MemTotal:        4016004 kB
MemFree:          104972 kB
Active:           351472 kB
Mem:          3.8G       3.7G       102M       5.7M        28M       3.3G

MemTotal:        4016004 kB
MemFree:          104972 kB
Active:           351472 kB
Mem:          3.8G       3.7G       102M       5.7M        28M       3.3G

MemTotal:        4016004 kB
MemFree:          105344 kB
Active:           351456 kB
Mem:          3.8G       3.7G       102M       5.7M        28M       3.3G

MemTotal:        4016004 kB
MemFree:          105344 kB
Active:           351452 kB
Mem:          3.8G       3.7G       102M       5.7M        28M       3.3G

MemTotal:        4016004 kB
MemFree:          105220 kB
Active:           351476 kB
Mem:          3.8G       3.7G       117M       5.7M        28M       3.2G

MemTotal:        4016004 kB
MemFree:          129276 kB
Active:           351472 kB
Mem:          3.8G       3.7G       125M       5.7M        28M       3.2G

MemTotal:        4016004 kB
MemFree:          129028 kB
Active:           351492 kB
Mem:          3.8G       3.7G       125M       5.7M        28M       3.2G

MemTotal:        4016004 kB
MemFree:          129772 kB
Active:           351460 kB
Mem:          3.8G       3.7G       126M       5.7M        28M       3.2G

MemTotal:        4016004 kB
MemFree:          129772 kB
Active:           351456 kB
Mem:          3.8G       3.7G       126M       5.7M        28M       3.2G

MemTotal:        4016004 kB
MemFree:          129896 kB
Active:           351484 kB
Mem:          3.8G       3.7G       126M       5.7M        28M       3.2G

MemTotal:        4016004 kB
MemFree:          129400 kB
Active:           351496 kB
Mem:          3.8G       3.7G       126M       5.7M        28M       3.2G

MemTotal:        4016004 kB
MemFree:          129648 kB
Active:           351484 kB
Mem:          3.8G       3.7G       126M       5.7M        28M       3.2G

MemTotal:        4016004 kB
MemFree:          129772 kB
Active:           351444 kB
Mem:          3.8G       3.7G       126M       5.7M        28M       3.2G

MemTotal:        4016004 kB
MemFree:          129648 kB
Active:           351500 kB
Mem:          3.8G       3.7G       126M       5.7M        28M       3.2G

MemTotal:        4016004 kB
MemFree:          129524 kB
Active:           351464 kB
Mem:          3.8G       3.7G       126M       5.7M        28M       3.2G

MemTotal:        4016004 kB
MemFree:          129524 kB
Active:           351464 kB
Mem:          3.8G       3.7G       126M       5.7M        28M       3.2G

MemTotal:        4016004 kB
MemFree:          129524 kB
Active:           351464 kB
Mem:          3.8G       3.7G       126M       5.7M        28M       3.2G

MemTotal:        4016004 kB
MemFree:          129524 kB
Active:           351504 kB
Mem:          3.8G       3.7G       126M       5.7M        28M       3.2G

MemTotal:        4016004 kB
MemFree:          129524 kB
Active:           351496 kB
Mem:          3.8G       3.7G       126M       5.7M        28M       3.2G

MemTotal:        4016004 kB
MemFree:          129400 kB
Active:           351472 kB
Mem:          3.8G       3.7G       126M       5.7M        28M       3.2G

MemTotal:        4016004 kB
MemFree:          129524 kB
Active:           351496 kB
Mem:          3.8G       3.7G       126M       5.7M        28M       3.2G

MemTotal:        4016004 kB
MemFree:          129648 kB
Active:           351468 kB
Mem:          3.8G       3.7G       126M       5.7M        28M       3.2G

MemTotal:        4016004 kB
MemFree:          129276 kB
Active:           351468 kB
Mem:          3.8G       3.7G       126M       5.7M        28M       3.2G

MemTotal:        4016004 kB
MemFree:          129400 kB
Active:           351484 kB
Mem:          3.8G       3.7G       126M       5.7M        28M       3.2G

MemTotal:        4016004 kB
MemFree:          129276 kB
Active:           351468 kB
Mem:          3.8G       3.7G       126M       5.7M        28M       3.2G

MemTotal:        4016004 kB
MemFree:          128656 kB
Active:           351520 kB
Mem:          3.8G       3.7G       126M       5.7M        28M       3.2G

MemTotal:        4016004 kB
MemFree:          129276 kB
Active:           351468 kB
Mem:          3.8G       3.7G       126M       5.7M        28M       3.2G

MemTotal:        4016004 kB
MemFree:          129276 kB
Active:           351476 kB
Mem:          3.8G       3.7G       126M       5.7M        28M       3.2G

MemTotal:        4016004 kB
MemFree:          129648 kB
Active:           351512 kB
Mem:          3.8G       3.7G       126M       5.7M        28M       3.2G

MemTotal:        4016004 kB
MemFree:          129524 kB
Active:           351480 kB
Mem:          3.8G       3.7G       126M       5.7M        28M       3.2G

MemTotal:        4016004 kB
MemFree:          129028 kB
Active:           351520 kB
Mem:          3.8G       3.7G       126M       5.7M        28M       3.2G

MemTotal:        4016004 kB
MemFree:          129400 kB
Active:           351464 kB
Mem:          3.8G       3.7G       126M       5.7M        28M       3.2G

MemTotal:        4016004 kB
MemFree:          128904 kB
Active:           351524 kB
Mem:          3.8G       3.7G       126M       5.7M        28M       3.2G

MemTotal:        4016004 kB
MemFree:          129400 kB
Active:           351524 kB
Mem:          3.8G       3.7G       126M       5.7M        28M       3.2G

MemTotal:        4016004 kB
MemFree:          129276 kB
Active:           351516 kB
Mem:          3.8G       3.7G       126M       5.7M        28M       3.2G

MemTotal:        4016004 kB
MemFree:          129276 kB
Active:           351500 kB
Mem:          3.8G       3.7G       126M       5.7M        28M       3.2G

MemTotal:        4016004 kB
MemFree:          129524 kB
Active:           351524 kB
Mem:          3.8G       3.7G       126M       5.7M        28M       3.2G

MemTotal:        4016004 kB
MemFree:          129276 kB
Active:           351532 kB
Mem:          3.8G       3.7G       126M       5.7M        28M       3.2G

MemTotal:        4016004 kB
MemFree:          129772 kB
Active:           351536 kB
Mem:          3.8G       3.7G       126M       5.7M        28M       3.2G

MemTotal:        4016004 kB
MemFree:          129524 kB
Active:           351500 kB
Mem:          3.8G       3.7G       126M       5.7M        28M       3.2G

MemTotal:        4016004 kB
MemFree:          129524 kB
Active:           351496 kB
Mem:          3.8G       3.7G       126M       5.7M        28M       3.2G

MemTotal:        4016004 kB
MemFree:          129276 kB
Active:           351544 kB
Mem:          3.8G       3.7G       126M       5.7M        28M       3.2G

MemTotal:        4016004 kB
MemFree:          129400 kB
Active:           351540 kB
Mem:          3.8G       3.7G       126M       5.7M        28M       3.2G

MemTotal:        4016004 kB
MemFree:          129524 kB
Active:           351508 kB
Mem:          3.8G       3.7G       126M       5.7M        28M       3.2G

MemTotal:        4016004 kB
MemFree:          129152 kB
Active:           351548 kB
Mem:          3.8G       3.7G       126M       5.7M        28M       3.2G

MemTotal:        4016004 kB
MemFree:          128904 kB
Active:           351552 kB
Mem:          3.8G       3.7G       126M       5.7M        28M       3.2G

MemTotal:        4016004 kB
MemFree:          129152 kB
Active:           351548 kB
Mem:          3.8G       3.7G       126M       5.7M        28M       3.2G

MemTotal:        4016004 kB
MemFree:          129152 kB
Active:           351556 kB
Mem:          3.8G       3.7G       126M       5.7M        28M       3.2G

MemTotal:        4016004 kB
MemFree:          129524 kB
Active:           351544 kB
Mem:          3.8G       3.7G       126M       5.7M        28M       3.2G

MemTotal:        4016004 kB
MemFree:          129400 kB
Active:           351500 kB
Mem:          3.8G       3.7G       126M       5.7M        28M       3.2G

MemTotal:        4016004 kB
MemFree:          128904 kB
Active:           351556 kB
Mem:          3.8G       3.7G       126M       5.7M        28M       3.2G

MemTotal:        4016004 kB
MemFree:          128780 kB
Active:           351560 kB
Mem:          3.8G       3.7G       126M       5.7M        28M       3.2G

MemTotal:        4016004 kB
MemFree:          129400 kB
Active:           351516 kB
Mem:          3.8G       3.7G       126M       5.7M        28M       3.2G

MemTotal:        4016004 kB
MemFree:          129044 kB
Active:           351568 kB
Mem:          3.8G       3.7G       126M       5.7M        28M       3.2G

MemTotal:        4016004 kB
MemFree:          128920 kB
Active:           351572 kB
Mem:          3.8G       3.7G       125M       5.7M        28M       3.2G

MemTotal:        4016004 kB
MemFree:          129168 kB
Active:           351524 kB
Mem:          3.8G       3.7G       126M       5.7M        28M       3.2G

MemTotal:        4016004 kB
MemFree:          129788 kB
Active:           351540 kB
Mem:          3.8G       3.7G       126M       5.7M        28M       3.2G

MemTotal:        4016004 kB
MemFree:          129292 kB
Active:           351576 kB
Mem:          3.8G       3.7G       126M       5.7M        28M       3.2G

MemTotal:        4016004 kB
MemFree:          129292 kB
Active:           351576 kB
Mem:          3.8G       3.7G       126M       5.7M        28M       3.2G

MemTotal:        4016004 kB
MemFree:          129788 kB
Active:           351580 kB
Mem:          3.8G       3.7G       126M       5.7M        28M       3.2G

MemTotal:        4016004 kB
MemFree:          129292 kB
Active:           351584 kB
Mem:          3.8G       3.7G       126M       5.7M        28M       3.2G

MemTotal:        4016004 kB
MemFree:          129044 kB
Active:           351588 kB
Mem:          3.8G       3.7G       125M       5.7M        28M       3.2G

MemTotal:        4016004 kB
MemFree:          129044 kB
Active:           351532 kB
Mem:          3.8G       3.7G       125M       5.7M        28M       3.2G

MemTotal:        4016004 kB
MemFree:          129044 kB
Active:           351568 kB
Mem:          3.8G       3.7G       126M       5.7M        28M       3.2G

MemTotal:        4016004 kB
MemFree:          128904 kB
Active:           351588 kB
Mem:          3.8G       3.7G       126M       5.7M        28M       3.2G

MemTotal:        4016004 kB
MemFree:          128656 kB
Active:           351600 kB
Mem:          3.8G       3.7G       126M       5.7M        28M       3.2G

MemTotal:        4016004 kB
MemFree:          129152 kB
Active:           351552 kB
Mem:          3.8G       3.7G       126M       5.7M        28M       3.2G

MemTotal:        4016004 kB
MemFree:          128904 kB
Active:           351600 kB
Mem:          3.8G       3.7G       125M       5.7M        28M       3.2G

MemTotal:        4016004 kB
MemFree:          128904 kB
Active:           351600 kB
Mem:          3.8G       3.7G       126M       5.7M        28M       3.2G

MemTotal:        4016004 kB
MemFree:          129012 kB
Active:           351600 kB
Mem:          3.8G       3.7G       126M       5.7M        28M       3.2G

MemTotal:        4016004 kB
MemFree:          129012 kB
Active:           351608 kB
Mem:          3.8G       3.7G       125M       5.7M        28M       3.2G

MemTotal:        4016004 kB
MemFree:          129384 kB
Active:           351592 kB
Mem:          3.8G       3.7G       126M       5.7M        28M       3.2G

MemTotal:        4016004 kB
MemFree:          129136 kB
Active:           351608 kB
Mem:          3.8G       3.7G       126M       5.7M        28M       3.2G

MemTotal:        4016004 kB
MemFree:          129136 kB
Active:           351560 kB
Mem:          3.8G       3.7G       126M       5.7M        28M       3.2G

MemTotal:        4016004 kB
MemFree:          128764 kB
Active:           351608 kB
Mem:          3.8G       3.7G       126M       5.7M        28M       3.2G

MemTotal:        4016004 kB
MemFree:          128764 kB
Active:           351612 kB
Mem:          3.8G       3.7G       126M       5.7M        28M       3.2G

MemTotal:        4016004 kB
MemFree:          128764 kB
Active:           351620 kB
Mem:          3.8G       3.7G       125M       5.7M        28M       3.2G

MemTotal:        4016004 kB
MemFree:          129136 kB
Active:           351592 kB
Mem:          3.8G       3.7G       125M       5.7M        28M       3.2G

MemTotal:        4016004 kB
MemFree:          129136 kB
Active:           351620 kB
Mem:          3.8G       3.7G       126M       5.7M        28M       3.2G

MemTotal:        4016004 kB
MemFree:          129260 kB
Active:           351596 kB
Mem:          3.8G       3.7G       126M       5.7M        28M       3.2G

MemTotal:        4016004 kB
MemFree:          129384 kB
Active:           351596 kB
Mem:          3.8G       3.7G       126M       5.7M        28M       3.2G

MemTotal:        4016004 kB
MemFree:          129136 kB
Active:           351652 kB
Mem:          3.8G       3.7G       126M       5.7M        28M       3.2G

MemTotal:        4016004 kB
MemFree:          129244 kB
Active:           351704 kB
Mem:          3.8G       3.7G       126M       5.7M        28M       3.2G

MemTotal:        4016004 kB
MemFree:          129244 kB
Active:           351700 kB
Mem:          3.8G       3.7G       126M       5.7M        28M       3.2G

