MemTotal:        4016004 kB
MemFree:         3235424 kB
Active:           422524 kB
Mem:          3.8G       762M       3.1G       5.7M        55M       318M

MemTotal:        4016004 kB
MemFree:         3236308 kB
Active:           422556 kB
Mem:          3.8G       761M       3.1G       5.7M        55M       318M

MemTotal:        4016004 kB
MemFree:         3236432 kB
Active:           422584 kB
Mem:          3.8G       761M       3.1G       5.7M        55M       318M

MemTotal:        4016004 kB
MemFree:         3236184 kB
Active:           422632 kB
Mem:          3.8G       761M       3.1G       5.7M        55M       318M

MemTotal:        4016004 kB
MemFree:         3235936 kB
Active:           422632 kB
Mem:          3.8G       761M       3.1G       5.7M        55M       318M

MemTotal:        4016004 kB
MemFree:         3236136 kB
Active:           422580 kB
Mem:          3.8G       761M       3.1G       5.7M        55M       318M

MemTotal:        4016004 kB
MemFree:         3235996 kB
Active:           422636 kB
Mem:          3.8G       761M       3.1G       5.7M        55M       318M

MemTotal:        4016004 kB
MemFree:         3236244 kB
Active:           422620 kB
Mem:          3.8G       761M       3.1G       5.7M        55M       318M

MemTotal:        4016004 kB
MemFree:         3236492 kB
Active:           422592 kB
Mem:          3.8G       761M       3.1G       5.7M        55M       318M

MemTotal:        4016004 kB
MemFree:         3236600 kB
Active:           422592 kB
Mem:          3.8G       761M       3.1G       5.7M        55M       318M

MemTotal:        4016004 kB
MemFree:         3236336 kB
Active:           422604 kB
Mem:          3.8G       761M       3.1G       5.7M        55M       318M

MemTotal:        4016004 kB
MemFree:         3236072 kB
Active:           422640 kB
Mem:          3.8G       761M       3.1G       5.7M        55M       318M

MemTotal:        4016004 kB
MemFree:         3236428 kB
Active:           422616 kB
Mem:          3.8G       761M       3.1G       5.7M        55M       318M

MemTotal:        4016004 kB
MemFree:         3236104 kB
Active:           422648 kB
Mem:          3.8G       761M       3.1G       5.7M        55M       318M

MemTotal:        4016004 kB
MemFree:         3236228 kB
Active:           422632 kB
Mem:          3.8G       761M       3.1G       5.7M        55M       318M

MemTotal:        4016004 kB
MemFree:         3236260 kB
Active:           422648 kB
Mem:          3.8G       761M       3.1G       5.7M        55M       318M

MemTotal:        4016004 kB
MemFree:         3236136 kB
Active:           422632 kB
Mem:          3.8G       761M       3.1G       5.7M        55M       318M

MemTotal:        4016004 kB
MemFree:         3235636 kB
Active:           420600 kB
Mem:          3.8G       762M       3.1G       5.7M        55M       318M

MemTotal:        4016004 kB
MemFree:         3236256 kB
Active:           422644 kB
Mem:          3.8G       761M       3.1G       5.7M        55M       318M

MemTotal:        4016004 kB
MemFree:         3236660 kB
Active:           422600 kB
Mem:          3.8G       761M       3.1G       5.7M        55M       318M

MemTotal:        4016004 kB
MemFree:         3236784 kB
Active:           422612 kB
Mem:          3.8G       761M       3.1G       5.7M        55M       318M

MemTotal:        4016004 kB
MemFree:         3236288 kB
Active:           422656 kB
Mem:          3.8G       761M       3.1G       5.7M        55M       318M

MemTotal:        4016004 kB
MemFree:         3236412 kB
Active:           422640 kB
Mem:          3.8G       761M       3.1G       5.7M        55M       318M

MemTotal:        4016004 kB
MemFree:         3236164 kB
Active:           422656 kB
Mem:          3.8G       761M       3.1G       5.7M        55M       318M

MemTotal:        4016004 kB
MemFree:         3236660 kB
Active:           422640 kB
Mem:          3.8G       761M       3.1G       5.7M        55M       318M

MemTotal:        4016004 kB
MemFree:         3236412 kB
Active:           422640 kB
Mem:          3.8G       761M       3.1G       5.7M        55M       318M

MemTotal:        4016004 kB
MemFree:         3236676 kB
Active:           422652 kB
Mem:          3.8G       761M       3.1G       5.7M        55M       318M

MemTotal:        4016004 kB
MemFree:         3236800 kB
Active:           422648 kB
Mem:          3.8G       761M       3.1G       5.7M        55M       318M

MemTotal:        4016004 kB
MemFree:         3236552 kB
Active:           422668 kB
Mem:          3.8G       760M       3.1G       5.7M        55M       318M

MemTotal:        4016004 kB
MemFree:         3237048 kB
Active:           422620 kB
Mem:          3.8G       760M       3.1G       5.7M        55M       318M

MemTotal:        4016004 kB
MemFree:         3236552 kB
Active:           422668 kB
Mem:          3.8G       761M       3.1G       5.7M        55M       318M

MemTotal:        4016004 kB
MemFree:         3236552 kB
Active:           422612 kB
Mem:          3.8G       760M       3.1G       5.7M        55M       318M

MemTotal:        4016004 kB
MemFree:         3236908 kB
Active:           422632 kB
Mem:          3.8G       760M       3.1G       5.7M        55M       318M

MemTotal:        4016004 kB
MemFree:         3236644 kB
Active:           422668 kB
Mem:          3.8G       761M       3.1G       5.7M        55M       318M

MemTotal:        4016004 kB
MemFree:         3236628 kB
Active:           422656 kB
Mem:          3.8G       761M       3.1G       5.7M        55M       318M

MemTotal:        4016004 kB
MemFree:         3236488 kB
Active:           422688 kB
Mem:          3.8G       761M       3.1G       5.7M        55M       318M

MemTotal:        4016004 kB
MemFree:         3234796 kB
Active:           420684 kB
Mem:          3.8G       761M       3.1G       5.7M        55M       318M

MemTotal:        4016004 kB
MemFree:         3235708 kB
Active:           420656 kB
Mem:          3.8G       761M       3.1G       5.7M        55M       318M

MemTotal:        4016004 kB
MemFree:         3236452 kB
Active:           422696 kB
Mem:          3.8G       761M       3.1G       5.7M        55M       318M

MemTotal:        4016004 kB
MemFree:         3236592 kB
Active:           422692 kB
Mem:          3.8G       761M       3.1G       5.7M        55M       318M

MemTotal:        4016004 kB
MemFree:         3236716 kB
Active:           422704 kB
Mem:          3.8G       761M       3.1G       5.7M        55M       318M

MemTotal:        4016004 kB
MemFree:         3236096 kB
Active:           422660 kB
Mem:          3.8G       761M       3.1G       5.7M        55M       318M

MemTotal:        4016004 kB
MemFree:         3235724 kB
Active:           422724 kB
Mem:          3.8G       761M       3.1G       5.7M        55M       318M

MemTotal:        4016004 kB
MemFree:         3235972 kB
Active:           422680 kB
Mem:          3.8G       761M       3.1G       5.7M        55M       318M

MemTotal:        4016004 kB
MemFree:         3236344 kB
Active:           422696 kB
Mem:          3.8G       761M       3.1G       5.7M        55M       318M

MemTotal:        4016004 kB
MemFree:         3235972 kB
Active:           422724 kB
Mem:          3.8G       761M       3.1G       5.7M        55M       318M

MemTotal:        4016004 kB
MemFree:         3236440 kB
Active:           422724 kB
Mem:          3.8G       761M       3.1G       5.7M        55M       318M

MemTotal:        4016004 kB
MemFree:         3236316 kB
Active:           422724 kB
Mem:          3.8G       761M       3.1G       5.7M        55M       318M

MemTotal:        4016004 kB
MemFree:         3236440 kB
Active:           422728 kB
Mem:          3.8G       761M       3.1G       5.7M        55M       318M

MemTotal:        4016004 kB
MemFree:         3236440 kB
Active:           422704 kB
Mem:          3.8G       761M       3.1G       5.7M        55M       318M

MemTotal:        4016004 kB
MemFree:         3236688 kB
Active:           422696 kB
Mem:          3.8G       760M       3.1G       5.7M        55M       318M

MemTotal:        4016004 kB
MemFree:         3236796 kB
Active:           422708 kB
Mem:          3.8G       760M       3.1G       5.7M        55M       318M

MemTotal:        4016004 kB
MemFree:         3236796 kB
Active:           422752 kB
Mem:          3.8G       760M       3.1G       5.7M        55M       318M

MemTotal:        4016004 kB
MemFree:         3236672 kB
Active:           422748 kB
Mem:          3.8G       761M       3.1G       5.7M        55M       318M

MemTotal:        4016004 kB
MemFree:         3236532 kB
Active:           422760 kB
Mem:          3.8G       761M       3.1G       5.7M        55M       318M

MemTotal:        4016004 kB
MemFree:         3236284 kB
Active:           422760 kB
Mem:          3.8G       761M       3.1G       5.7M        55M       318M

MemTotal:        4016004 kB
MemFree:         3236144 kB
Active:           422716 kB
Mem:          3.8G       761M       3.1G       5.7M        55M       318M

MemTotal:        4016004 kB
MemFree:         3236456 kB
Active:           422724 kB
Mem:          3.8G       761M       3.1G       5.7M        55M       318M

MemTotal:        4016004 kB
MemFree:         3236456 kB
Active:           422732 kB
Mem:          3.8G       761M       3.1G       5.7M        55M       318M

MemTotal:        4016004 kB
MemFree:         3236332 kB
Active:           422768 kB
Mem:          3.8G       761M       3.1G       5.7M        55M       318M

MemTotal:        4016004 kB
MemFree:         3236704 kB
Active:           422764 kB
Mem:          3.8G       761M       3.1G       5.7M        55M       318M

MemTotal:        4016004 kB
MemFree:         3236456 kB
Active:           422772 kB
Mem:          3.8G       761M       3.1G       5.7M        55M       318M

MemTotal:        4016004 kB
MemFree:         3236332 kB
Active:           422772 kB
Mem:          3.8G       761M       3.1G       5.7M        55M       318M

MemTotal:        4016004 kB
MemFree:         3236704 kB
Active:           422720 kB
Mem:          3.8G       761M       3.1G       5.7M        55M       318M

MemTotal:        4016004 kB
MemFree:         3236828 kB
Active:           422768 kB
Mem:          3.8G       761M       3.1G       5.7M        55M       318M

MemTotal:        4016004 kB
MemFree:         3236688 kB
Active:           422772 kB
Mem:          3.8G       761M       3.1G       5.7M        55M       318M

MemTotal:        4016004 kB
MemFree:         3234640 kB
Active:           422776 kB
Mem:          3.8G       763M       3.1G       5.7M        55M       318M

MemTotal:        4016004 kB
MemFree:         3234640 kB
Active:           424796 kB
Mem:          3.8G       762M       3.1G       5.7M        55M       318M

MemTotal:        4016004 kB
MemFree:         3234764 kB
Active:           424752 kB
Mem:          3.8G       763M       3.1G       5.7M        55M       318M

MemTotal:        4016004 kB
MemFree:         3234640 kB
Active:           424800 kB
Mem:          3.8G       763M       3.1G       5.7M        55M       318M

MemTotal:        4016004 kB
MemFree:         3234640 kB
Active:           424780 kB
Mem:          3.8G       763M       3.1G       5.7M        55M       318M

MemTotal:        4016004 kB
MemFree:         3234640 kB
Active:           424800 kB
Mem:          3.8G       763M       3.1G       5.7M        55M       318M

MemTotal:        4016004 kB
MemFree:         3234888 kB
Active:           424800 kB
Mem:          3.8G       763M       3.1G       5.7M        55M       318M

MemTotal:        4016004 kB
MemFree:         3234796 kB
Active:           424804 kB
Mem:          3.8G       763M       3.1G       5.7M        55M       318M

MemTotal:        4016004 kB
MemFree:         3234796 kB
Active:           424760 kB
Mem:          3.8G       763M       3.1G       5.7M        55M       318M

MemTotal:        4016004 kB
MemFree:         3234424 kB
Active:           424808 kB
Mem:          3.8G       763M       3.1G       5.7M        55M       318M

MemTotal:        4016004 kB
MemFree:         3234424 kB
Active:           424760 kB
Mem:          3.8G       763M       3.1G       5.7M        55M       318M

MemTotal:        4016004 kB
MemFree:         3234300 kB
Active:           424772 kB
Mem:          3.8G       763M       3.1G       5.7M        55M       318M

MemTotal:        4016004 kB
MemFree:         3234424 kB
Active:           424776 kB
Mem:          3.8G       763M       3.1G       5.7M        55M       318M

MemTotal:        4016004 kB
MemFree:         3234408 kB
Active:           424772 kB
Mem:          3.8G       763M       3.1G       5.7M        55M       318M

MemTotal:        4016004 kB
MemFree:         3234036 kB
Active:           424816 kB
Mem:          3.8G       763M       3.1G       5.7M        55M       318M

MemTotal:        4016004 kB
MemFree:         3234408 kB
Active:           424768 kB
Mem:          3.8G       763M       3.1G       5.7M        55M       318M

MemTotal:        4016004 kB
MemFree:         3234532 kB
Active:           424776 kB
Mem:          3.8G       763M       3.1G       5.7M        55M       318M

MemTotal:        4016004 kB
MemFree:         3234656 kB
Active:           424824 kB
Mem:          3.8G       763M       3.1G       5.7M        55M       318M

MemTotal:        4016004 kB
MemFree:         3234532 kB
Active:           424780 kB
Mem:          3.8G       763M       3.1G       5.7M        55M       318M

MemTotal:        4016004 kB
MemFree:         3234688 kB
Active:           424772 kB
Mem:          3.8G       762M       3.1G       5.7M        55M       318M

MemTotal:        4016004 kB
MemFree:         3234192 kB
Active:           424832 kB
Mem:          3.8G       763M       3.1G       5.7M        55M       318M

MemTotal:        4016004 kB
MemFree:         3234688 kB
Active:           424800 kB
Mem:          3.8G       762M       3.1G       5.7M        55M       318M

MemTotal:        4016004 kB
MemFree:         3234440 kB
Active:           424808 kB
Mem:          3.8G       763M       3.1G       5.7M        55M       318M

MemTotal:        4016004 kB
MemFree:         3234812 kB
Active:           424828 kB
Mem:          3.8G       763M       3.1G       5.7M        55M       318M

MemTotal:        4016004 kB
MemFree:         3234052 kB
Active:           424844 kB
Mem:          3.8G       763M       3.1G       5.7M        55M       318M

MemTotal:        4016004 kB
MemFree:         3234300 kB
Active:           424844 kB
Mem:          3.8G       763M       3.1G       5.7M        55M       318M

MemTotal:        4016004 kB
MemFree:         3234300 kB
Active:           424840 kB
Mem:          3.8G       763M       3.1G       5.7M        55M       318M

MemTotal:        4016004 kB
MemFree:         3234424 kB
Active:           424792 kB
Mem:          3.8G       763M       3.1G       5.7M        55M       318M

MemTotal:        4016004 kB
MemFree:         3234424 kB
Active:           424824 kB
Mem:          3.8G       763M       3.1G       5.7M        55M       318M

MemTotal:        4016004 kB
MemFree:         3234424 kB
Active:           424836 kB
Mem:          3.8G       763M       3.1G       5.7M        55M       318M

MemTotal:        4016004 kB
MemFree:         3233388 kB
Active:           422880 kB
Mem:          3.8G       764M       3.1G       5.7M        55M       318M

MemTotal:        4016004 kB
MemFree:         3233864 kB
Active:           424844 kB
Mem:          3.8G       763M       3.1G       5.7M        55M       318M

MemTotal:        4016004 kB
MemFree:         3233988 kB
Active:           424800 kB
Mem:          3.8G       763M       3.1G       5.7M        55M       318M

MemTotal:        4016004 kB
MemFree:         3233616 kB
Active:           424796 kB
Mem:          3.8G       763M       3.1G       5.7M        55M       318M

MemTotal:        4016004 kB
MemFree:         3233428 kB
Active:           425092 kB
Mem:          3.8G       764M       3.1G       5.7M        55M       318M

MemTotal:        4016004 kB
MemFree:         3192300 kB
Active:           426020 kB
Mem:          3.8G       804M       3.0G       5.7M        55M       358M

MemTotal:        4016004 kB
MemFree:         3146664 kB
Active:           426036 kB
Mem:          3.8G       849M       3.0G       5.7M        55M       402M

MemTotal:        4016004 kB
MemFree:         3102176 kB
Active:           426048 kB
Mem:          3.8G       892M       3.0G       5.7M        55M       445M

MemTotal:        4016004 kB
MemFree:         3056324 kB
Active:           426052 kB
Mem:          3.8G       937M       2.9G       5.7M        55M       489M

MemTotal:        4016004 kB
MemFree:         3012068 kB
Active:           426120 kB
Mem:          3.8G       980M       2.9G       5.7M        55M       531M

MemTotal:        4016004 kB
MemFree:         2967168 kB
Active:           426292 kB
Mem:          3.8G       1.0G       2.8G       5.7M        55M       574M

MemTotal:        4016004 kB
MemFree:         2922060 kB
Active:           426220 kB
Mem:          3.8G       1.0G       2.8G       5.7M        55M       619M

MemTotal:        4016004 kB
MemFree:         2877176 kB
Active:           426300 kB
Mem:          3.8G       1.1G       2.7G       5.7M        55M       661M

MemTotal:        4016004 kB
MemFree:         2833008 kB
Active:           426324 kB
Mem:          3.8G       1.1G       2.7G       5.7M        55M       703M

MemTotal:        4016004 kB
MemFree:         2786876 kB
Active:           426360 kB
Mem:          3.8G       1.2G       2.7G       5.7M        55M       747M

MemTotal:        4016004 kB
MemFree:         2743112 kB
Active:           426380 kB
Mem:          3.8G       1.2G       2.6G       5.7M        55M       790M

MemTotal:        4016004 kB
MemFree:         2727400 kB
Active:           426400 kB
Mem:          3.8G       1.2G       2.6G       5.7M        55M       805M

MemTotal:        4016004 kB
MemFree:         2683408 kB
Active:           426420 kB
Mem:          3.8G       1.3G       2.6G       5.7M        55M       848M

MemTotal:        4016004 kB
MemFree:         2639028 kB
Active:           426444 kB
Mem:          3.8G       1.3G       2.5G       5.7M        55M       890M

MemTotal:        4016004 kB
MemFree:         2594104 kB
Active:           426472 kB
Mem:          3.8G       1.4G       2.5G       5.7M        55M       934M

MemTotal:        4016004 kB
MemFree:         2549956 kB
Active:           426576 kB
Mem:          3.8G       1.4G       2.4G       5.7M        55M       976M

MemTotal:        4016004 kB
MemFree:         2517296 kB
Active:           426532 kB
Mem:          3.8G       1.4G       2.4G       5.7M        55M       1.0G

MemTotal:        4016004 kB
MemFree:         2471288 kB
Active:           426576 kB
Mem:          3.8G       1.5G       2.4G       5.7M        55M       1.0G

MemTotal:        4016004 kB
MemFree:         2427788 kB
Active:           426596 kB
Mem:          3.8G       1.5G       2.3G       5.7M        55M       1.1G

MemTotal:        4016004 kB
MemFree:         2383288 kB
Active:           426616 kB
Mem:          3.8G       1.6G       2.3G       5.7M        55M       1.1G

MemTotal:        4016004 kB
MemFree:         2337212 kB
Active:           426660 kB
Mem:          3.8G       1.6G       2.2G       5.7M        55M       1.2G

MemTotal:        4016004 kB
MemFree:         2293684 kB
Active:           426684 kB
Mem:          3.8G       1.6G       2.2G       5.7M        55M       1.2G

MemTotal:        4016004 kB
MemFree:         2249320 kB
Active:           426712 kB
Mem:          3.8G       1.7G       2.1G       5.7M        55M       1.2G

MemTotal:        4016004 kB
MemFree:         2204816 kB
Active:           426732 kB
Mem:          3.8G       1.7G       2.1G       5.7M        55M       1.3G

MemTotal:        4016004 kB
MemFree:         2159756 kB
Active:           426752 kB
Mem:          3.8G       1.8G       2.1G       5.7M        56M       1.3G

MemTotal:        4016004 kB
MemFree:         2112732 kB
Active:           428832 kB
Mem:          3.8G       1.8G       2.0G       5.7M        56M       1.4G

MemTotal:        4016004 kB
MemFree:         2068788 kB
Active:           428844 kB
Mem:          3.8G       1.9G       2.0G       5.7M        56M       1.4G

MemTotal:        4016004 kB
MemFree:         2024616 kB
Active:           428868 kB
Mem:          3.8G       1.9G       1.9G       5.7M        56M       1.4G

MemTotal:        4016004 kB
MemFree:         1978984 kB
Active:           428888 kB
Mem:          3.8G       1.9G       1.9G       5.7M        56M       1.5G

MemTotal:        4016004 kB
MemFree:         1934976 kB
Active:           428908 kB
Mem:          3.8G       2.0G       1.8G       5.7M        56M       1.5G

MemTotal:        4016004 kB
MemFree:         1891524 kB
Active:           428928 kB
Mem:          3.8G       2.0G       1.8G       5.7M        56M       1.6G

MemTotal:        4016004 kB
MemFree:         1850292 kB
Active:           428968 kB
Mem:          3.8G       2.1G       1.8G       5.7M        56M       1.6G

MemTotal:        4016004 kB
MemFree:         1805400 kB
Active:           428988 kB
Mem:          3.8G       2.1G       1.7G       5.7M        56M       1.7G

MemTotal:        4016004 kB
MemFree:         1760904 kB
Active:           429016 kB
Mem:          3.8G       2.2G       1.7G       5.7M        56M       1.7G

MemTotal:        4016004 kB
MemFree:         1716512 kB
Active:           429040 kB
Mem:          3.8G       2.2G       1.6G       5.7M        56M       1.7G

MemTotal:        4016004 kB
MemFree:         1671096 kB
Active:           429072 kB
Mem:          3.8G       2.2G       1.6G       5.7M        56M       1.8G

MemTotal:        4016004 kB
MemFree:         1627104 kB
Active:           429100 kB
Mem:          3.8G       2.3G       1.6G       5.7M        56M       1.8G

MemTotal:        4016004 kB
MemFree:         1582384 kB
Active:           429120 kB
Mem:          3.8G       2.3G       1.5G       5.7M        56M       1.9G

MemTotal:        4016004 kB
MemFree:         1537508 kB
Active:           429148 kB
Mem:          3.8G       2.4G       1.5G       5.7M        56M       1.9G

MemTotal:        4016004 kB
MemFree:         1493376 kB
Active:           429168 kB
Mem:          3.8G       2.4G       1.4G       5.7M        56M       1.9G

MemTotal:        4016004 kB
MemFree:         1449648 kB
Active:           429192 kB
Mem:          3.8G       2.4G       1.4G       5.7M        56M       2.0G

MemTotal:        4016004 kB
MemFree:         1431852 kB
Active:           429220 kB
Mem:          3.8G       2.5G       1.4G       5.7M        56M       2.0G

MemTotal:        4016004 kB
MemFree:         1391908 kB
Active:           429236 kB
Mem:          3.8G       2.5G       1.3G       5.7M        56M       2.0G

MemTotal:        4016004 kB
MemFree:         1347672 kB
Active:           429256 kB
Mem:          3.8G       2.5G       1.3G       5.7M        56M       2.1G

MemTotal:        4016004 kB
MemFree:         1301584 kB
Active:           429288 kB
Mem:          3.8G       2.6G       1.2G       5.7M        56M       2.1G

MemTotal:        4016004 kB
MemFree:         1258092 kB
Active:           429316 kB
Mem:          3.8G       2.6G       1.2G       5.7M        56M       2.2G

MemTotal:        4016004 kB
MemFree:         1212380 kB
Active:           429340 kB
Mem:          3.8G       2.7G       1.2G       5.7M        56M       2.2G

MemTotal:        4016004 kB
MemFree:         1168828 kB
Active:           429364 kB
Mem:          3.8G       2.7G       1.1G       5.7M        56M       2.2G

MemTotal:        4016004 kB
MemFree:         1124608 kB
Active:           429388 kB
Mem:          3.8G       2.8G       1.1G       5.7M        56M       2.3G

MemTotal:        4016004 kB
MemFree:         1080228 kB
Active:           429416 kB
Mem:          3.8G       2.8G       1.0G       5.7M        56M       2.3G

MemTotal:        4016004 kB
MemFree:         1034580 kB
Active:           429436 kB
Mem:          3.8G       2.8G       1.0G       5.7M        56M       2.4G

MemTotal:        4016004 kB
MemFree:          990840 kB
Active:           429468 kB
Mem:          3.8G       2.9G       967M       5.7M        56M       2.4G

MemTotal:        4016004 kB
MemFree:          946520 kB
Active:           429496 kB
Mem:          3.8G       2.9G       923M       5.7M        56M       2.5G

MemTotal:        4016004 kB
MemFree:          901568 kB
Active:           429540 kB
Mem:          3.8G       3.0G       879M       5.7M        56M       2.5G

MemTotal:        4016004 kB
MemFree:          856856 kB
Active:           429560 kB
Mem:          3.8G       3.0G       836M       5.7M        56M       2.5G

MemTotal:        4016004 kB
MemFree:          811244 kB
Active:           429604 kB
Mem:          3.8G       3.1G       791M       5.7M        56M       2.6G

MemTotal:        4016004 kB
MemFree:          765372 kB
Active:           429636 kB
Mem:          3.8G       3.1G       746M       5.7M        56M       2.6G

MemTotal:        4016004 kB
MemFree:          720544 kB
Active:           429660 kB
Mem:          3.8G       3.1G       703M       5.7M        56M       2.7G

MemTotal:        4016004 kB
MemFree:          675008 kB
Active:           429684 kB
Mem:          3.8G       3.2G       658M       5.7M        56M       2.7G

MemTotal:        4016004 kB
MemFree:          630636 kB
Active:           429712 kB
Mem:          3.8G       3.2G       615M       5.7M        56M       2.8G

MemTotal:        4016004 kB
MemFree:          584908 kB
Active:           429728 kB
Mem:          3.8G       3.3G       570M       5.7M        56M       2.8G

MemTotal:        4016004 kB
MemFree:          540916 kB
Active:           429752 kB
Mem:          3.8G       3.3G       527M       5.7M        56M       2.8G

MemTotal:        4016004 kB
MemFree:          496412 kB
Active:           429784 kB
Mem:          3.8G       3.4G       484M       5.7M        56M       2.9G

MemTotal:        4016004 kB
MemFree:          451668 kB
Active:           429812 kB
Mem:          3.8G       3.4G       440M       5.7M        56M       2.9G

MemTotal:        4016004 kB
MemFree:          406004 kB
Active:           429844 kB
Mem:          3.8G       3.4G       395M       5.7M        56M       3.0G

MemTotal:        4016004 kB
MemFree:          361796 kB
Active:           429868 kB
Mem:          3.8G       3.5G       351M       5.7M        56M       3.0G

MemTotal:        4016004 kB
MemFree:          322956 kB
Active:           429888 kB
Mem:          3.8G       3.5G       314M       5.7M        56M       3.0G

MemTotal:        4016004 kB
MemFree:          278624 kB
Active:           429920 kB
Mem:          3.8G       3.6G       271M       5.7M        57M       3.1G

MemTotal:        4016004 kB
MemFree:          232896 kB
Active:           429944 kB
Mem:          3.8G       3.6G       227M       5.7M        57M       3.1G

MemTotal:        4016004 kB
MemFree:          189040 kB
Active:           429960 kB
Mem:          3.8G       3.6G       184M       5.7M        57M       3.2G

MemTotal:        4016004 kB
MemFree:          142864 kB
Active:           429996 kB
Mem:          3.8G       3.7G       139M       5.7M        57M       3.2G

MemTotal:        4016004 kB
MemFree:          124668 kB
Active:           430016 kB
Mem:          3.8G       3.7G       121M       5.7M        57M       3.2G

MemTotal:        4016004 kB
MemFree:          124496 kB
Active:           429972 kB
Mem:          3.8G       3.7G       121M       5.7M        57M       3.2G

MemTotal:        4016004 kB
MemFree:          124592 kB
Active:           430008 kB
Mem:          3.8G       3.7G       121M       5.7M        57M       3.2G

MemTotal:        4016004 kB
MemFree:          130236 kB
Active:           427148 kB
Mem:          3.8G       3.7G       124M       5.7M        23M       3.3G

MemTotal:        4016004 kB
MemFree:          134848 kB
Active:           440172 kB
Mem:          3.8G       3.7G       129M       5.7M        22M       3.3G

MemTotal:        4016004 kB
MemFree:          139324 kB
Active:           489068 kB
Mem:          3.8G       3.7G       135M       5.7M        22M       3.2G

MemTotal:        4016004 kB
MemFree:          142436 kB
Active:           486784 kB
Mem:          3.8G       3.7G       138M       5.7M        22M       3.2G

MemTotal:        4016004 kB
MemFree:          147000 kB
Active:           482928 kB
Mem:          3.8G       3.7G       143M       5.7M        22M       3.2G

MemTotal:        4016004 kB
MemFree:          126000 kB
Active:           479144 kB
Mem:          3.8G       3.7G       122M       5.7M        22M       3.3G

MemTotal:        4016004 kB
MemFree:          131236 kB
Active:           474176 kB
Mem:          3.8G       3.7G       127M       5.7M        22M       3.3G

MemTotal:        4016004 kB
MemFree:          113192 kB
Active:           474072 kB
Mem:          3.8G       3.7G       110M       5.7M        22M       3.3G

MemTotal:        4016004 kB
MemFree:          120772 kB
Active:           470764 kB
Mem:          3.8G       3.7G       117M       5.7M        22M       3.3G

MemTotal:        4016004 kB
MemFree:          113112 kB
Active:           467200 kB
Mem:          3.8G       3.7G       109M       5.7M        22M       3.3G

MemTotal:        4016004 kB
MemFree:          133600 kB
Active:           456772 kB
Mem:          3.8G       3.7G       129M       5.7M        22M       3.3G

MemTotal:        4016004 kB
MemFree:          141020 kB
Active:           453700 kB
Mem:          3.8G       3.7G       137M       5.7M        22M       3.2G

MemTotal:        4016004 kB
MemFree:          134280 kB
Active:           450392 kB
Mem:          3.8G       3.7G       130M       5.7M        22M       3.3G

MemTotal:        4016004 kB
MemFree:          133464 kB
Active:           446976 kB
Mem:          3.8G       3.7G       128M       5.7M        22M       3.3G

MemTotal:        4016004 kB
MemFree:          112832 kB
Active:           444660 kB
Mem:          3.8G       3.7G       109M       5.7M        22M       3.3G

MemTotal:        4016004 kB
MemFree:          105000 kB
Active:           441228 kB
Mem:          3.8G       3.7G       105M       5.7M        22M       3.3G

MemTotal:        4016004 kB
MemFree:          108692 kB
Active:           439996 kB
Mem:          3.8G       3.7G       105M       5.7M        22M       3.3G

MemTotal:        4016004 kB
MemFree:          118456 kB
Active:           437980 kB
Mem:          3.8G       3.7G       114M       5.7M        22M       3.3G

MemTotal:        4016004 kB
MemFree:          108672 kB
Active:           436856 kB
Mem:          3.8G       3.7G       105M       5.7M        22M       3.3G

MemTotal:        4016004 kB
MemFree:          144164 kB
Active:           434572 kB
Mem:          3.8G       3.7G       140M       5.7M        22M       3.2G

MemTotal:        4016004 kB
MemFree:          135748 kB
Active:           433444 kB
Mem:          3.8G       3.7G       132M       5.7M        22M       3.2G

MemTotal:        4016004 kB
MemFree:          138248 kB
Active:           431796 kB
Mem:          3.8G       3.7G       134M       5.7M        22M       3.2G

MemTotal:        4016004 kB
MemFree:          129524 kB
Active:           430780 kB
Mem:          3.8G       3.7G       125M       5.7M        22M       3.3G

MemTotal:        4016004 kB
MemFree:          132088 kB
Active:           429140 kB
Mem:          3.8G       3.7G       128M       5.7M        22M       3.2G

MemTotal:        4016004 kB
MemFree:          135796 kB
Active:           427504 kB
Mem:          3.8G       3.7G       132M       5.7M        22M       3.2G

MemTotal:        4016004 kB
MemFree:          127392 kB
Active:           424424 kB
Mem:          3.8G       3.7G       123M       5.7M        22M       3.3G

MemTotal:        4016004 kB
MemFree:          119304 kB
Active:           423300 kB
Mem:          3.8G       3.7G       116M       5.7M        22M       3.3G

MemTotal:        4016004 kB
MemFree:          129572 kB
Active:           421272 kB
Mem:          3.8G       3.7G       125M       5.7M        22M       3.3G

MemTotal:        4016004 kB
MemFree:          119508 kB
Active:           420168 kB
Mem:          3.8G       3.7G       116M       5.7M        22M       3.3G

MemTotal:        4016004 kB
MemFree:          112532 kB
Active:           418908 kB
Mem:          3.8G       3.7G       109M       5.7M        22M       3.3G

MemTotal:        4016004 kB
MemFree:          109124 kB
Active:           418924 kB
Mem:          3.8G       3.7G       106M       5.7M        22M       3.3G

MemTotal:        4016004 kB
MemFree:          135212 kB
Active:           419856 kB
Mem:          3.8G       3.7G       131M       5.7M        22M       3.2G

MemTotal:        4016004 kB
MemFree:          121476 kB
Active:           418856 kB
Mem:          3.8G       3.7G       117M       5.7M        22M       3.3G

MemTotal:        4016004 kB
MemFree:          112948 kB
Active:           417732 kB
Mem:          3.8G       3.7G       109M       5.7M        22M       3.3G

MemTotal:        4016004 kB
MemFree:          132924 kB
Active:           415708 kB
Mem:          3.8G       3.7G       129M       5.7M        22M       3.2G

MemTotal:        4016004 kB
MemFree:          143488 kB
Active:           413560 kB
Mem:          3.8G       3.7G       139M       5.7M        22M       3.2G

MemTotal:        4016004 kB
MemFree:          124872 kB
Active:           413068 kB
Mem:          3.8G       3.7G       120M       5.7M        22M       3.3G

MemTotal:        4016004 kB
MemFree:          128520 kB
Active:           411432 kB
Mem:          3.8G       3.7G       124M       5.7M        22M       3.3G

MemTotal:        4016004 kB
MemFree:          137632 kB
Active:           409380 kB
Mem:          3.8G       3.7G       134M       5.7M        22M       3.2G

MemTotal:        4016004 kB
MemFree:          129792 kB
Active:           408376 kB
Mem:          3.8G       3.7G       126M       5.7M        22M       3.2G

MemTotal:        4016004 kB
MemFree:          121012 kB
Active:           407256 kB
Mem:          3.8G       3.7G       117M       5.7M        22M       3.3G

MemTotal:        4016004 kB
MemFree:          126908 kB
Active:           405328 kB
Mem:          3.8G       3.7G       123M       5.7M        22M       3.3G

MemTotal:        4016004 kB
MemFree:          118472 kB
Active:           404212 kB
Mem:          3.8G       3.7G       115M       5.7M        22M       3.3G

MemTotal:        4016004 kB
MemFree:          108900 kB
Active:           402980 kB
Mem:          3.8G       3.7G       105M       5.7M        22M       3.3G

MemTotal:        4016004 kB
MemFree:          118368 kB
Active:           400976 kB
Mem:          3.8G       3.7G       115M       5.7M        22M       3.3G

MemTotal:        4016004 kB
MemFree:          110752 kB
Active:           399864 kB
Mem:          3.8G       3.7G       106M       5.7M        23M       3.3G

MemTotal:        4016004 kB
MemFree:          125564 kB
Active:           398224 kB
Mem:          3.8G       3.7G       122M       5.7M        23M       3.3G

MemTotal:        4016004 kB
MemFree:          127828 kB
Active:           396332 kB
Mem:          3.8G       3.7G       124M       5.7M        23M       3.3G

MemTotal:        4016004 kB
MemFree:          112644 kB
Active:           394820 kB
Mem:          3.8G       3.7G       109M       5.7M        23M       3.3G

MemTotal:        4016004 kB
MemFree:          116144 kB
Active:           393176 kB
Mem:          3.8G       3.7G       112M       5.7M        23M       3.3G

MemTotal:        4016004 kB
MemFree:          107244 kB
Active:           392056 kB
Mem:          3.8G       3.7G       104M       5.7M        23M       3.3G

MemTotal:        4016004 kB
MemFree:          147696 kB
Active:           390284 kB
Mem:          3.8G       3.7G       143M       5.7M        23M       3.2G

MemTotal:        4016004 kB
MemFree:          127344 kB
Active:           389680 kB
Mem:          3.8G       3.7G       124M       5.7M        23M       3.3G

MemTotal:        4016004 kB
MemFree:          119868 kB
Active:           386588 kB
Mem:          3.8G       3.7G       116M       5.7M        23M       3.3G

MemTotal:        4016004 kB
MemFree:          112060 kB
Active:           385332 kB
Mem:          3.8G       3.7G       108M       5.7M        23M       3.3G

MemTotal:        4016004 kB
MemFree:          109316 kB
Active:           385344 kB
Mem:          3.8G       3.7G       106M       5.7M        23M       3.3G

MemTotal:        4016004 kB
MemFree:          108916 kB
Active:           385320 kB
Mem:          3.8G       3.7G       105M       5.7M        23M       3.3G

MemTotal:        4016004 kB
MemFree:          109300 kB
Active:           383964 kB
Mem:          3.8G       3.7G       106M       5.7M        23M       3.3G

MemTotal:        4016004 kB
MemFree:          124820 kB
Active:           382324 kB
Mem:          3.8G       3.7G       121M       5.7M        23M       3.3G

MemTotal:        4016004 kB
MemFree:          115648 kB
Active:           381064 kB
Mem:          3.8G       3.7G       111M       5.7M        23M       3.3G

MemTotal:        4016004 kB
MemFree:          124960 kB
Active:           379168 kB
Mem:          3.8G       3.7G       121M       5.7M        23M       3.3G

MemTotal:        4016004 kB
MemFree:          115492 kB
Active:           377952 kB
Mem:          3.8G       3.7G       112M       5.7M        23M       3.3G

MemTotal:        4016004 kB
MemFree:          107356 kB
Active:           375380 kB
Mem:          3.8G       3.7G       104M       5.7M        23M       3.3G

MemTotal:        4016004 kB
MemFree:          134192 kB
Active:           375272 kB
Mem:          3.8G       3.7G       130M       5.7M        23M       3.2G

MemTotal:        4016004 kB
MemFree:          108140 kB
Active:           375040 kB
Mem:          3.8G       3.7G       105M       5.7M        23M       3.3G

MemTotal:        4016004 kB
MemFree:          123792 kB
Active:           375064 kB
Mem:          3.8G       3.7G       120M       5.7M        23M       3.3G

MemTotal:        4016004 kB
MemFree:          113560 kB
Active:           375092 kB
Mem:          3.8G       3.7G       110M       5.7M        23M       3.3G

MemTotal:        4016004 kB
MemFree:          127576 kB
Active:           375116 kB
Mem:          3.8G       3.7G       124M       5.7M        23M       3.2G

MemTotal:        4016004 kB
MemFree:          130828 kB
Active:           372376 kB
Mem:          3.8G       3.7G       127M       5.7M        23M       3.2G

MemTotal:        4016004 kB
MemFree:          110272 kB
Active:           372284 kB
Mem:          3.8G       3.7G       106M       5.7M        23M       3.3G

MemTotal:        4016004 kB
MemFree:          125040 kB
Active:           372328 kB
Mem:          3.8G       3.7G       121M       5.7M        23M       3.3G

MemTotal:        4016004 kB
MemFree:          114848 kB
Active:           374396 kB
Mem:          3.8G       3.7G       111M       5.7M        23M       3.3G

MemTotal:        4016004 kB
MemFree:          131852 kB
Active:           373372 kB
Mem:          3.8G       3.7G       127M       5.7M        23M       3.2G

MemTotal:        4016004 kB
MemFree:          123112 kB
Active:           373396 kB
Mem:          3.8G       3.7G       118M       5.7M        23M       3.3G

MemTotal:        4016004 kB
MemFree:          115268 kB
Active:           373420 kB
Mem:          3.8G       3.7G       110M       5.7M        23M       3.3G

MemTotal:        4016004 kB
MemFree:          118692 kB
Active:           373364 kB
Mem:          3.8G       3.7G       115M       5.7M        23M       3.3G

MemTotal:        4016004 kB
MemFree:          133212 kB
Active:           373380 kB
Mem:          3.8G       3.7G       129M       5.7M        23M       3.2G

MemTotal:        4016004 kB
MemFree:          126664 kB
Active:           373400 kB
Mem:          3.8G       3.7G       122M       5.7M        23M       3.2G

MemTotal:        4016004 kB
MemFree:          120380 kB
Active:           373436 kB
Mem:          3.8G       3.7G       116M       5.7M        23M       3.3G

MemTotal:        4016004 kB
MemFree:          112540 kB
Active:           373472 kB
Mem:          3.8G       3.7G       109M       5.7M        23M       3.3G

MemTotal:        4016004 kB
MemFree:          119144 kB
Active:           373492 kB
Mem:          3.8G       3.7G       115M       5.7M        23M       3.3G

MemTotal:        4016004 kB
MemFree:          109748 kB
Active:           373512 kB
Mem:          3.8G       3.7G       106M       5.7M        23M       3.3G

MemTotal:        4016004 kB
MemFree:          126680 kB
Active:           373396 kB
Mem:          3.8G       3.7G       123M       5.7M        23M       3.2G

MemTotal:        4016004 kB
MemFree:          113260 kB
Active:           373356 kB
Mem:          3.8G       3.7G       121M       5.7M        23M       3.2G

MemTotal:        4016004 kB
MemFree:          125836 kB
Active:           373300 kB
Mem:          3.8G       3.7G       122M       5.7M        23M       3.2G

MemTotal:        4016004 kB
MemFree:          107752 kB
Active:           373320 kB
Mem:          3.8G       3.7G       104M       5.7M        23M       3.3G

MemTotal:        4016004 kB
MemFree:          135212 kB
Active:           373200 kB
Mem:          3.8G       3.7G       131M       5.7M        23M       3.2G

MemTotal:        4016004 kB
MemFree:          128868 kB
Active:           373068 kB
Mem:          3.8G       3.7G       125M       5.7M        23M       3.2G

MemTotal:        4016004 kB
MemFree:          109800 kB
Active:           373096 kB
Mem:          3.8G       3.7G       106M       5.7M        23M       3.3G

MemTotal:        4016004 kB
MemFree:          125788 kB
Active:           372032 kB
Mem:          3.8G       3.7G       122M       5.7M        23M       3.2G

MemTotal:        4016004 kB
MemFree:          105532 kB
Active:           372052 kB
Mem:          3.8G       3.7G       102M       5.7M        23M       3.3G

MemTotal:        4016004 kB
MemFree:          114000 kB
Active:           372084 kB
Mem:          3.8G       3.7G       111M       5.7M        24M       3.3G

MemTotal:        4016004 kB
MemFree:          105692 kB
Active:           372092 kB
Mem:          3.8G       3.7G       103M       5.7M        24M       3.3G

MemTotal:        4016004 kB
MemFree:          135344 kB
Active:           372128 kB
Mem:          3.8G       3.7G       131M       5.7M        24M       3.2G

MemTotal:        4016004 kB
MemFree:          129176 kB
Active:           372176 kB
Mem:          3.8G       3.7G       125M       5.7M        24M       3.2G

MemTotal:        4016004 kB
MemFree:          105856 kB
Active:           372132 kB
Mem:          3.8G       3.7G       103M       5.7M        24M       3.3G

MemTotal:        4016004 kB
MemFree:          127712 kB
Active:           372212 kB
Mem:          3.8G       3.7G       124M       5.7M        24M       3.2G

MemTotal:        4016004 kB
MemFree:          129032 kB
Active:           370356 kB
Mem:          3.8G       3.7G       125M       5.7M        24M       3.2G

MemTotal:        4016004 kB
MemFree:          109352 kB
Active:           370176 kB
Mem:          3.8G       3.7G       106M       5.7M        24M       3.3G

MemTotal:        4016004 kB
MemFree:          125560 kB
Active:           370200 kB
Mem:          3.8G       3.7G       121M       5.7M        24M       3.2G

MemTotal:        4016004 kB
MemFree:          129132 kB
Active:           370228 kB
Mem:          3.8G       3.7G       125M       5.7M        24M       3.2G

MemTotal:        4016004 kB
MemFree:          125988 kB
Active:           371792 kB
Mem:          3.8G       3.7G       122M       5.7M        24M       3.2G

MemTotal:        4016004 kB
MemFree:          117816 kB
Active:           371788 kB
Mem:          3.8G       3.7G       114M       5.7M        24M       3.3G

MemTotal:        4016004 kB
MemFree:          118332 kB
Active:           371680 kB
Mem:          3.8G       3.7G       114M       5.7M        24M       3.3G

MemTotal:        4016004 kB
MemFree:          110032 kB
Active:           371704 kB
Mem:          3.8G       3.7G       106M       5.7M        24M       3.3G

MemTotal:        4016004 kB
MemFree:          105628 kB
Active:           369012 kB
Mem:          3.8G       3.7G       102M       5.7M        24M       3.3G

MemTotal:        4016004 kB
MemFree:          118696 kB
Active:           369040 kB
Mem:          3.8G       3.7G       115M       5.7M        24M       3.3G

MemTotal:        4016004 kB
MemFree:          127824 kB
Active:           369032 kB
Mem:          3.8G       3.7G       124M       5.7M        24M       3.2G

MemTotal:        4016004 kB
MemFree:          130564 kB
Active:           369088 kB
Mem:          3.8G       3.7G       126M       5.7M        24M       3.2G

MemTotal:        4016004 kB
MemFree:          123900 kB
Active:           369112 kB
Mem:          3.8G       3.7G       120M       5.7M        24M       3.2G

MemTotal:        4016004 kB
MemFree:          115300 kB
Active:           369128 kB
Mem:          3.8G       3.7G       112M       5.7M        24M       3.3G

MemTotal:        4016004 kB
MemFree:          109068 kB
Active:           369164 kB
Mem:          3.8G       3.7G       106M       5.7M        24M       3.3G

MemTotal:        4016004 kB
MemFree:          117092 kB
Active:           369776 kB
Mem:          3.8G       3.7G       113M       5.7M        24M       3.3G

MemTotal:        4016004 kB
MemFree:          111184 kB
Active:           372088 kB
Mem:          3.8G       3.7G       108M       5.7M        26M       3.3G

MemTotal:        4016004 kB
MemFree:          106180 kB
Active:           367548 kB
Mem:          3.8G       3.7G       103M       5.7M        27M       3.3G

MemTotal:        4016004 kB
MemFree:          133388 kB
Active:           367804 kB
Mem:          3.8G       3.7G       130M       5.7M        27M       3.2G

MemTotal:        4016004 kB
MemFree:          141464 kB
Active:           368192 kB
Mem:          3.8G       3.7G       137M       5.7M        27M       3.2G

MemTotal:        4016004 kB
MemFree:          134840 kB
Active:           368772 kB
Mem:          3.8G       3.7G       131M       5.7M        28M       3.2G

MemTotal:        4016004 kB
MemFree:          130540 kB
Active:           368884 kB
Mem:          3.8G       3.7G       127M       5.7M        28M       3.2G

MemTotal:        4016004 kB
MemFree:          110164 kB
Active:           368188 kB
Mem:          3.8G       3.7G       107M       5.7M        28M       3.3G

MemTotal:        4016004 kB
MemFree:          126132 kB
Active:           368084 kB
Mem:          3.8G       3.7G       122M       5.7M        28M       3.2G

MemTotal:        4016004 kB
MemFree:          116388 kB
Active:           368088 kB
Mem:          3.8G       3.7G       113M       5.7M        28M       3.2G

MemTotal:        4016004 kB
MemFree:          130332 kB
Active:           368088 kB
Mem:          3.8G       3.7G       126M       5.7M        28M       3.2G

MemTotal:        4016004 kB
MemFree:          121388 kB
Active:           367392 kB
Mem:          3.8G       3.7G       118M       5.7M        28M       3.2G

MemTotal:        4016004 kB
MemFree:          112100 kB
Active:           367224 kB
Mem:          3.8G       3.7G       109M       5.7M        28M       3.3G

MemTotal:        4016004 kB
MemFree:          128252 kB
Active:           367224 kB
Mem:          3.8G       3.7G       124M       5.7M        28M       3.2G

MemTotal:        4016004 kB
MemFree:          105432 kB
Active:           367232 kB
Mem:          3.8G       3.7G       102M       5.7M        28M       3.3G

MemTotal:        4016004 kB
MemFree:          126164 kB
Active:           367236 kB
Mem:          3.8G       3.7G       122M       5.7M        28M       3.2G

MemTotal:        4016004 kB
MemFree:          133204 kB
Active:           367236 kB
Mem:          3.8G       3.7G       129M       5.7M        28M       3.2G

MemTotal:        4016004 kB
MemFree:          124660 kB
Active:           367240 kB
Mem:          3.8G       3.7G       121M       5.7M        28M       3.2G

MemTotal:        4016004 kB
MemFree:          127076 kB
Active:           367220 kB
Mem:          3.8G       3.7G       124M       5.7M        28M       3.2G

MemTotal:        4016004 kB
MemFree:          127316 kB
Active:           367228 kB
Mem:          3.8G       3.7G       124M       5.7M        28M       3.2G

MemTotal:        4016004 kB
MemFree:          127596 kB
Active:           367248 kB
Mem:          3.8G       3.7G       124M       5.7M        28M       3.2G

MemTotal:        4016004 kB
MemFree:          119052 kB
Active:           367244 kB
Mem:          3.8G       3.7G       116M       5.7M        28M       3.2G

MemTotal:        4016004 kB
MemFree:          108852 kB
Active:           367256 kB
Mem:          3.8G       3.7G       105M       5.7M        28M       3.3G

MemTotal:        4016004 kB
MemFree:          111792 kB
Active:           361832 kB
Mem:          3.8G       3.7G       107M       5.7M        28M       3.3G

MemTotal:        4016004 kB
MemFree:          126700 kB
Active:           361840 kB
Mem:          3.8G       3.7G       122M       5.7M        28M       3.2G

MemTotal:        4016004 kB
MemFree:          105416 kB
Active:           361840 kB
Mem:          3.8G       3.7G       108M       5.7M        28M       3.3G

MemTotal:        4016004 kB
MemFree:          114340 kB
Active:           361792 kB
Mem:          3.8G       3.7G       111M       5.7M        28M       3.2G

MemTotal:        4016004 kB
MemFree:          105704 kB
Active:           361800 kB
Mem:          3.8G       3.7G       102M       5.7M        28M       3.3G

MemTotal:        4016004 kB
MemFree:          132932 kB
Active:           361852 kB
Mem:          3.8G       3.7G       129M       5.7M        28M       3.2G

MemTotal:        4016004 kB
MemFree:          127008 kB
Active:           361868 kB
Mem:          3.8G       3.7G       123M       5.7M        28M       3.2G

MemTotal:        4016004 kB
MemFree:          135048 kB
Active:           361876 kB
Mem:          3.8G       3.7G       131M       5.7M        28M       3.2G

MemTotal:        4016004 kB
MemFree:          108392 kB
Active:           361876 kB
Mem:          3.8G       3.7G       104M       5.7M        28M       3.3G

MemTotal:        4016004 kB
MemFree:          135592 kB
Active:           361140 kB
Mem:          3.8G       3.7G       132M       5.7M        28M       3.2G

MemTotal:        4016004 kB
MemFree:          152860 kB
Active:           360924 kB
Mem:          3.8G       3.7G       148M       5.7M        28M       3.2G

MemTotal:        4016004 kB
MemFree:          134568 kB
Active:           360932 kB
Mem:          3.8G       3.7G       130M       5.7M        28M       3.2G

MemTotal:        4016004 kB
MemFree:          131084 kB
Active:           360920 kB
Mem:          3.8G       3.7G       127M       5.7M        28M       3.2G

MemTotal:        4016004 kB
MemFree:          130244 kB
Active:           360940 kB
Mem:          3.8G       3.7G       127M       5.7M        28M       3.2G

MemTotal:        4016004 kB
MemFree:          152616 kB
Active:           360968 kB
Mem:          3.8G       3.7G       149M       5.7M        28M       3.2G

MemTotal:        4016004 kB
MemFree:          108164 kB
Active:           360968 kB
Mem:          3.8G       3.7G       104M       5.7M        28M       3.3G

MemTotal:        4016004 kB
MemFree:          120420 kB
Active:           363024 kB
Mem:          3.8G       3.7G       117M       5.7M        28M       3.2G

MemTotal:        4016004 kB
MemFree:          137536 kB
Active:           362512 kB
Mem:          3.8G       3.7G       133M       5.7M        28M       3.2G

MemTotal:        4016004 kB
MemFree:          128476 kB
Active:           362384 kB
Mem:          3.8G       3.7G       125M       5.7M        28M       3.2G

MemTotal:        4016004 kB
MemFree:          130576 kB
Active:           362388 kB
Mem:          3.8G       3.7G       127M       5.7M        28M       3.2G

MemTotal:        4016004 kB
MemFree:          132912 kB
Active:           362392 kB
Mem:          3.8G       3.7G       129M       5.7M        28M       3.2G

MemTotal:        4016004 kB
MemFree:          140708 kB
Active:           362400 kB
Mem:          3.8G       3.7G       136M       5.7M        28M       3.2G

MemTotal:        4016004 kB
MemFree:          135172 kB
Active:           359732 kB
Mem:          3.8G       3.7G       131M       5.7M        28M       3.2G

MemTotal:        4016004 kB
MemFree:          113376 kB
Active:           359644 kB
Mem:          3.8G       3.7G       110M       5.7M        28M       3.2G

MemTotal:        4016004 kB
MemFree:          134040 kB
Active:           359644 kB
Mem:          3.8G       3.7G       130M       5.7M        28M       3.2G

MemTotal:        4016004 kB
MemFree:          131108 kB
Active:           359656 kB
Mem:          3.8G       3.7G       128M       5.7M        28M       3.2G

MemTotal:        4016004 kB
MemFree:          131088 kB
Active:           359604 kB
Mem:          3.8G       3.7G       127M       5.7M        28M       3.2G

MemTotal:        4016004 kB
MemFree:          131496 kB
Active:           359652 kB
Mem:          3.8G       3.7G       128M       5.7M        28M       3.2G

MemTotal:        4016004 kB
MemFree:          125624 kB
Active:           359636 kB
Mem:          3.8G       3.7G       122M       5.7M        28M       3.2G

MemTotal:        4016004 kB
MemFree:          120880 kB
Active:           359668 kB
Mem:          3.8G       3.7G       117M       5.7M        28M       3.2G

MemTotal:        4016004 kB
MemFree:          105456 kB
Active:           359668 kB
Mem:          3.8G       3.7G       102M       5.7M        28M       3.3G

MemTotal:        4016004 kB
MemFree:          127160 kB
Active:           359676 kB
Mem:          3.8G       3.7G       123M       5.7M        28M       3.2G

MemTotal:        4016004 kB
MemFree:          117748 kB
Active:           359680 kB
Mem:          3.8G       3.7G       114M       5.7M        28M       3.2G

MemTotal:        4016004 kB
MemFree:          121988 kB
Active:           359680 kB
Mem:          3.8G       3.7G       118M       5.7M        28M       3.2G

MemTotal:        4016004 kB
MemFree:          130224 kB
Active:           359684 kB
Mem:          3.8G       3.7G       126M       5.7M        28M       3.2G

MemTotal:        4016004 kB
MemFree:          121192 kB
Active:           359692 kB
Mem:          3.8G       3.7G       117M       5.7M        28M       3.2G

MemTotal:        4016004 kB
MemFree:          128148 kB
Active:           359708 kB
Mem:          3.8G       3.7G       124M       5.7M        28M       3.2G

MemTotal:        4016004 kB
MemFree:          113456 kB
Active:           359720 kB
Mem:          3.8G       3.7G       110M       5.7M        28M       3.2G

MemTotal:        4016004 kB
MemFree:          127672 kB
Active:           357744 kB
Mem:          3.8G       3.7G       124M       5.7M        28M       3.2G

MemTotal:        4016004 kB
MemFree:          113924 kB
Active:           357728 kB
Mem:          3.8G       3.7G       111M       5.7M        28M       3.2G

MemTotal:        4016004 kB
MemFree:          106004 kB
Active:           357688 kB
Mem:          3.8G       3.7G       103M       5.7M        28M       3.3G

MemTotal:        4016004 kB
MemFree:          133192 kB
Active:           357620 kB
Mem:          3.8G       3.7G       128M       5.7M        28M       3.2G

MemTotal:        4016004 kB
MemFree:          140060 kB
Active:           357576 kB
Mem:          3.8G       3.7G       136M       5.7M        28M       3.2G

MemTotal:        4016004 kB
MemFree:          130144 kB
Active:           357624 kB
Mem:          3.8G       3.7G       126M       5.7M        28M       3.2G

MemTotal:        4016004 kB
MemFree:          121960 kB
Active:           357576 kB
Mem:          3.8G       3.7G       118M       5.7M        28M       3.2G

MemTotal:        4016004 kB
MemFree:          111980 kB
Active:           357620 kB
Mem:          3.8G       3.7G       108M       5.7M        28M       3.2G

MemTotal:        4016004 kB
MemFree:          126044 kB
Active:           357624 kB
Mem:          3.8G       3.7G       122M       5.7M        28M       3.2G

MemTotal:        4016004 kB
MemFree:          128924 kB
Active:           357624 kB
Mem:          3.8G       3.7G       125M       5.7M        28M       3.2G

MemTotal:        4016004 kB
MemFree:          107220 kB
Active:           357620 kB
Mem:          3.8G       3.7G       104M       5.7M        28M       3.2G

MemTotal:        4016004 kB
MemFree:          133680 kB
Active:           357640 kB
Mem:          3.8G       3.7G       129M       5.7M        28M       3.2G

MemTotal:        4016004 kB
MemFree:          132464 kB
Active:           354480 kB
Mem:          3.8G       3.7G       129M       5.7M        28M       3.2G

MemTotal:        4016004 kB
MemFree:          124740 kB
Active:           354376 kB
Mem:          3.8G       3.7G       121M       5.7M        28M       3.2G

MemTotal:        4016004 kB
MemFree:          107572 kB
Active:           354328 kB
Mem:          3.8G       3.7G       105M       5.7M        28M       3.2G

MemTotal:        4016004 kB
MemFree:          133884 kB
Active:           354340 kB
Mem:          3.8G       3.7G       130M       5.7M        28M       3.2G

MemTotal:        4016004 kB
MemFree:          141636 kB
Active:           354340 kB
Mem:          3.8G       3.7G       138M       5.7M        28M       3.2G

MemTotal:        4016004 kB
MemFree:          131592 kB
Active:           354376 kB
Mem:          3.8G       3.7G       128M       5.7M        28M       3.2G

MemTotal:        4016004 kB
MemFree:          106100 kB
Active:           354388 kB
Mem:          3.8G       3.7G       103M       5.7M        28M       3.2G

MemTotal:        4016004 kB
MemFree:          114592 kB
Active:           354352 kB
Mem:          3.8G       3.7G       111M       5.7M        28M       3.2G

MemTotal:        4016004 kB
MemFree:          129188 kB
Active:           354368 kB
Mem:          3.8G       3.7G       126M       5.7M        28M       3.2G

MemTotal:        4016004 kB
MemFree:          128824 kB
Active:           354384 kB
Mem:          3.8G       3.7G       126M       5.7M        28M       3.2G

MemTotal:        4016004 kB
MemFree:          129424 kB
Active:           354420 kB
Mem:          3.8G       3.7G       126M       5.7M        28M       3.2G

MemTotal:        4016004 kB
MemFree:          106216 kB
Active:           354424 kB
Mem:          3.8G       3.7G       103M       5.7M        28M       3.2G

MemTotal:        4016004 kB
MemFree:          132960 kB
Active:           354424 kB
Mem:          3.8G       3.7G       129M       5.7M        28M       3.2G

MemTotal:        4016004 kB
MemFree:          140100 kB
Active:           354424 kB
Mem:          3.8G       3.7G       136M       5.7M        28M       3.2G

MemTotal:        4016004 kB
MemFree:          130000 kB
Active:           354428 kB
Mem:          3.8G       3.7G       126M       5.7M        28M       3.2G

MemTotal:        4016004 kB
MemFree:          119944 kB
Active:           354428 kB
Mem:          3.8G       3.7G       117M       5.7M        28M       3.2G

MemTotal:        4016004 kB
MemFree:          123156 kB
Active:           354312 kB
Mem:          3.8G       3.7G       119M       5.7M        28M       3.2G

MemTotal:        4016004 kB
MemFree:          128512 kB
Active:           354224 kB
Mem:          3.8G       3.7G       125M       5.7M        28M       3.2G

MemTotal:        4016004 kB
MemFree:          119816 kB
Active:           354168 kB
Mem:          3.8G       3.7G       116M       5.7M        28M       3.2G

MemTotal:        4016004 kB
MemFree:          121832 kB
Active:           354076 kB
Mem:          3.8G       3.7G       118M       5.7M        28M       3.2G

MemTotal:        4016004 kB
MemFree:          122188 kB
Active:           353896 kB
Mem:          3.8G       3.7G       119M       5.7M        28M       3.2G

MemTotal:        4016004 kB
MemFree:          122064 kB
Active:           353896 kB
Mem:          3.8G       3.7G       119M       5.7M        28M       3.2G

MemTotal:        4016004 kB
MemFree:          122064 kB
Active:           353884 kB
Mem:          3.8G       3.7G       118M       5.7M        28M       3.2G

MemTotal:        4016004 kB
MemFree:          122064 kB
Active:           353888 kB
Mem:          3.8G       3.7G       118M       5.7M        28M       3.2G

MemTotal:        4016004 kB
MemFree:          121484 kB
Active:           353936 kB
Mem:          3.8G       3.7G       118M       5.7M        28M       3.2G

MemTotal:        4016004 kB
MemFree:          121548 kB
Active:           353924 kB
Mem:          3.8G       3.7G       118M       5.7M        28M       3.2G

MemTotal:        4016004 kB
MemFree:          121580 kB
Active:           353912 kB
Mem:          3.8G       3.7G       118M       5.7M        28M       3.2G

MemTotal:        4016004 kB
MemFree:          121676 kB
Active:           353932 kB
Mem:          3.8G       3.7G       118M       5.7M        28M       3.2G

MemTotal:        4016004 kB
MemFree:          121804 kB
Active:           353932 kB
Mem:          3.8G       3.7G       118M       5.7M        28M       3.2G

MemTotal:        4016004 kB
MemFree:          121804 kB
Active:           353920 kB
Mem:          3.8G       3.7G       118M       5.7M        28M       3.2G

MemTotal:        4016004 kB
MemFree:          121804 kB
Active:           353916 kB
Mem:          3.8G       3.7G       118M       5.7M        28M       3.2G

MemTotal:        4016004 kB
MemFree:          121928 kB
Active:           353904 kB
Mem:          3.8G       3.7G       119M       5.7M        28M       3.2G

MemTotal:        4016004 kB
MemFree:          121804 kB
Active:           353896 kB
Mem:          3.8G       3.7G       118M       5.7M        28M       3.2G

MemTotal:        4016004 kB
MemFree:          121928 kB
Active:           353940 kB
Mem:          3.8G       3.7G       119M       5.7M        28M       3.2G

MemTotal:        4016004 kB
MemFree:          121928 kB
Active:           353932 kB
Mem:          3.8G       3.7G       119M       5.7M        28M       3.2G

MemTotal:        4016004 kB
MemFree:          121928 kB
Active:           353924 kB
Mem:          3.8G       3.7G       118M       5.7M        28M       3.2G

MemTotal:        4016004 kB
MemFree:          121804 kB
Active:           353916 kB
Mem:          3.8G       3.7G       118M       5.7M        28M       3.2G

MemTotal:        4016004 kB
MemFree:          121804 kB
Active:           353952 kB
Mem:          3.8G       3.7G       119M       5.7M        28M       3.2G

MemTotal:        4016004 kB
MemFree:          121804 kB
Active:           353940 kB
Mem:          3.8G       3.7G       118M       5.7M        28M       3.2G

MemTotal:        4016004 kB
MemFree:          121928 kB
Active:           353924 kB
Mem:          3.8G       3.7G       118M       5.7M        28M       3.2G

MemTotal:        4016004 kB
MemFree:          121928 kB
Active:           353924 kB
Mem:          3.8G       3.7G       119M       5.7M        28M       3.2G

MemTotal:        4016004 kB
MemFree:          122052 kB
Active:           353960 kB
Mem:          3.8G       3.7G       119M       5.7M        28M       3.2G

MemTotal:        4016004 kB
MemFree:          121928 kB
Active:           353944 kB
Mem:          3.8G       3.7G       118M       5.7M        28M       3.2G

MemTotal:        4016004 kB
MemFree:          121804 kB
Active:           353944 kB
Mem:          3.8G       3.7G       118M       5.7M        28M       3.2G

MemTotal:        4016004 kB
MemFree:          121928 kB
Active:           353940 kB
Mem:          3.8G       3.7G       119M       5.7M        28M       3.2G

MemTotal:        4016004 kB
MemFree:          121928 kB
Active:           353912 kB
Mem:          3.8G       3.7G       119M       5.7M        28M       3.2G

MemTotal:        4016004 kB
MemFree:          121928 kB
Active:           353920 kB
Mem:          3.8G       3.7G       119M       5.7M        28M       3.2G

MemTotal:        4016004 kB
MemFree:          121928 kB
Active:           353920 kB
Mem:          3.8G       3.7G       119M       5.7M        28M       3.2G

MemTotal:        4016004 kB
MemFree:          121928 kB
Active:           353924 kB
Mem:          3.8G       3.7G       118M       5.7M        28M       3.2G

MemTotal:        4016004 kB
MemFree:          121804 kB
Active:           353920 kB
Mem:          3.8G       3.7G       118M       5.7M        28M       3.2G

MemTotal:        4016004 kB
MemFree:          121928 kB
Active:           353980 kB
Mem:          3.8G       3.7G       119M       5.7M        28M       3.2G

MemTotal:        4016004 kB
MemFree:          121928 kB
Active:           353932 kB
Mem:          3.8G       3.7G       119M       5.7M        28M       3.2G

MemTotal:        4016004 kB
MemFree:          122052 kB
Active:           353932 kB
Mem:          3.8G       3.7G       118M       5.7M        28M       3.2G

MemTotal:        4016004 kB
MemFree:          121928 kB
Active:           353928 kB
Mem:          3.8G       3.7G       119M       5.7M        28M       3.2G

MemTotal:        4016004 kB
MemFree:          121928 kB
Active:           353980 kB
Mem:          3.8G       3.7G       119M       5.7M        28M       3.2G

MemTotal:        4016004 kB
MemFree:          122052 kB
Active:           353972 kB
Mem:          3.8G       3.7G       119M       5.7M        28M       3.2G

MemTotal:        4016004 kB
MemFree:          121804 kB
Active:           353928 kB
Mem:          3.8G       3.7G       118M       5.7M        28M       3.2G

MemTotal:        4016004 kB
MemFree:          121804 kB
Active:           353980 kB
Mem:          3.8G       3.7G       118M       5.7M        28M       3.2G

MemTotal:        4016004 kB
MemFree:          121928 kB
Active:           353940 kB
Mem:          3.8G       3.7G       119M       5.7M        28M       3.2G

MemTotal:        4016004 kB
MemFree:          122052 kB
Active:           353936 kB
Mem:          3.8G       3.7G       119M       5.7M        28M       3.2G

MemTotal:        4016004 kB
MemFree:          121928 kB
Active:           353948 kB
Mem:          3.8G       3.7G       119M       5.7M        28M       3.2G

MemTotal:        4016004 kB
MemFree:          121928 kB
Active:           353964 kB
Mem:          3.8G       3.7G       119M       5.7M        28M       3.2G

MemTotal:        4016004 kB
MemFree:          121928 kB
Active:           353960 kB
Mem:          3.8G       3.7G       119M       5.7M        28M       3.2G

MemTotal:        4016004 kB
MemFree:          121928 kB
Active:           353960 kB
Mem:          3.8G       3.7G       119M       5.7M        28M       3.2G

MemTotal:        4016004 kB
MemFree:          121928 kB
Active:           353964 kB
Mem:          3.8G       3.7G       118M       5.7M        28M       3.2G

MemTotal:        4016004 kB
MemFree:          121928 kB
Active:           353976 kB
Mem:          3.8G       3.7G       118M       5.7M        28M       3.2G

MemTotal:        4016004 kB
MemFree:          121804 kB
Active:           353976 kB
Mem:          3.8G       3.7G       118M       5.7M        28M       3.2G

MemTotal:        4016004 kB
MemFree:          121432 kB
Active:           354000 kB
Mem:          3.8G       3.7G       118M       5.7M        28M       3.2G

MemTotal:        4016004 kB
MemFree:          121804 kB
Active:           353972 kB
Mem:          3.8G       3.7G       118M       5.7M        28M       3.2G

MemTotal:        4016004 kB
MemFree:          121680 kB
Active:           353988 kB
Mem:          3.8G       3.7G       118M       5.7M        28M       3.2G

MemTotal:        4016004 kB
MemFree:          121680 kB
Active:           354000 kB
Mem:          3.8G       3.7G       118M       5.7M        28M       3.2G

MemTotal:        4016004 kB
MemFree:          121556 kB
Active:           354004 kB
Mem:          3.8G       3.7G       118M       5.7M        28M       3.2G

MemTotal:        4016004 kB
MemFree:          121804 kB
Active:           354012 kB
Mem:          3.8G       3.7G       118M       5.7M        28M       3.2G

MemTotal:        4016004 kB
MemFree:          121928 kB
Active:           354016 kB
Mem:          3.8G       3.7G       119M       5.7M        28M       3.2G

MemTotal:        4016004 kB
MemFree:          121928 kB
Active:           354024 kB
Mem:          3.8G       3.7G       118M       5.7M        28M       3.2G

MemTotal:        4016004 kB
MemFree:          121928 kB
Active:           354028 kB
Mem:          3.8G       3.7G       118M       5.7M        28M       3.2G

MemTotal:        4016004 kB
MemFree:          121804 kB
Active:           354024 kB
Mem:          3.8G       3.7G       118M       5.7M        28M       3.2G

MemTotal:        4016004 kB
MemFree:          121928 kB
Active:           353976 kB
Mem:          3.8G       3.7G       118M       5.7M        28M       3.2G

MemTotal:        4016004 kB
MemFree:          121804 kB
Active:           353980 kB
Mem:          3.8G       3.7G       118M       5.7M        28M       3.2G

MemTotal:        4016004 kB
MemFree:          121680 kB
Active:           353988 kB
Mem:          3.8G       3.7G       118M       5.7M        28M       3.2G

MemTotal:        4016004 kB
MemFree:          121928 kB
Active:           353992 kB
Mem:          3.8G       3.7G       118M       5.7M        28M       3.2G

MemTotal:        4016004 kB
MemFree:          121804 kB
Active:           354000 kB
Mem:          3.8G       3.7G       118M       5.7M        28M       3.2G

MemTotal:        4016004 kB
MemFree:          121928 kB
Active:           354020 kB
Mem:          3.8G       3.7G       118M       5.7M        28M       3.2G

MemTotal:        4016004 kB
MemFree:          121928 kB
Active:           354024 kB
Mem:          3.8G       3.7G       118M       5.7M        28M       3.2G

MemTotal:        4016004 kB
MemFree:          122052 kB
Active:           354036 kB
Mem:          3.8G       3.7G       119M       5.7M        28M       3.2G

MemTotal:        4016004 kB
MemFree:          121928 kB
Active:           354000 kB
Mem:          3.8G       3.7G       119M       5.7M        28M       3.2G

MemTotal:        4016004 kB
MemFree:          121928 kB
Active:           354000 kB
Mem:          3.8G       3.7G       118M       5.7M        28M       3.2G

MemTotal:        4016004 kB
MemFree:          121928 kB
Active:           354008 kB
Mem:          3.8G       3.7G       119M       5.7M        28M       3.2G

MemTotal:        4016004 kB
MemFree:          121928 kB
Active:           354056 kB
Mem:          3.8G       3.7G       119M       5.7M        28M       3.2G

MemTotal:        4016004 kB
MemFree:          121804 kB
Active:           354060 kB
Mem:          3.8G       3.7G       118M       5.7M        28M       3.2G

MemTotal:        4016004 kB
MemFree:          121308 kB
Active:           354052 kB
Mem:          3.8G       3.7G       118M       5.7M        28M       3.2G

MemTotal:        4016004 kB
MemFree:          121432 kB
Active:           354048 kB
Mem:          3.8G       3.7G       118M       5.7M        28M       3.2G

MemTotal:        4016004 kB
MemFree:          121556 kB
Active:           354044 kB
Mem:          3.8G       3.7G       118M       5.7M        28M       3.2G

MemTotal:        4016004 kB
MemFree:          121804 kB
Active:           354052 kB
Mem:          3.8G       3.7G       118M       5.7M        28M       3.2G

MemTotal:        4016004 kB
MemFree:          122052 kB
Active:           354068 kB
Mem:          3.8G       3.7G       118M       5.7M        28M       3.2G

MemTotal:        4016004 kB
MemFree:          121928 kB
Active:           354064 kB
Mem:          3.8G       3.7G       119M       5.7M        28M       3.2G

MemTotal:        4016004 kB
MemFree:          121928 kB
Active:           354068 kB
Mem:          3.8G       3.7G       118M       5.7M        28M       3.2G

MemTotal:        4016004 kB
MemFree:          121804 kB
Active:           354048 kB
Mem:          3.8G       3.7G       118M       5.7M        28M       3.2G

MemTotal:        4016004 kB
MemFree:          121680 kB
Active:           354032 kB
Mem:          3.8G       3.7G       118M       5.7M        28M       3.2G

MemTotal:        4016004 kB
MemFree:          121308 kB
Active:           354084 kB
Mem:          3.8G       3.7G       118M       5.7M        28M       3.2G

MemTotal:        4016004 kB
MemFree:          121308 kB
Active:           354060 kB
Mem:          3.8G       3.7G       118M       5.7M        28M       3.2G

MemTotal:        4016004 kB
MemFree:          121556 kB
Active:           354092 kB
Mem:          3.8G       3.7G       118M       5.7M        28M       3.2G

MemTotal:        4016004 kB
MemFree:          121804 kB
Active:           354088 kB
Mem:          3.8G       3.7G       118M       5.7M        28M       3.2G

MemTotal:        4016004 kB
MemFree:          121804 kB
Active:           354092 kB
Mem:          3.8G       3.7G       118M       5.7M        28M       3.2G

MemTotal:        4016004 kB
MemFree:          121804 kB
Active:           354088 kB
Mem:          3.8G       3.7G       118M       5.7M        28M       3.2G

MemTotal:        4016004 kB
MemFree:          121680 kB
Active:           354084 kB
Mem:          3.8G       3.7G       118M       5.7M        28M       3.2G

MemTotal:        4016004 kB
MemFree:          121556 kB
Active:           354056 kB
Mem:          3.8G       3.7G       118M       5.7M        28M       3.2G

MemTotal:        4016004 kB
MemFree:          121308 kB
Active:           354100 kB
Mem:          3.8G       3.7G       118M       5.7M        28M       3.2G

MemTotal:        4016004 kB
MemFree:          121432 kB
Active:           354108 kB
Mem:          3.8G       3.7G       118M       5.7M        28M       3.2G

MemTotal:        4016004 kB
MemFree:          121556 kB
Active:           354100 kB
Mem:          3.8G       3.7G       118M       5.7M        28M       3.2G

MemTotal:        4016004 kB
MemFree:          121928 kB
Active:           354104 kB
Mem:          3.8G       3.7G       119M       5.7M        28M       3.2G

MemTotal:        4016004 kB
MemFree:          121804 kB
Active:           354092 kB
Mem:          3.8G       3.7G       118M       5.7M        28M       3.2G

MemTotal:        4016004 kB
MemFree:          121928 kB
Active:           354092 kB
Mem:          3.8G       3.7G       118M       5.7M        28M       3.2G

MemTotal:        4016004 kB
MemFree:          121928 kB
Active:           354112 kB
Mem:          3.8G       3.7G       118M       5.7M        28M       3.2G

MemTotal:        4016004 kB
MemFree:          121804 kB
Active:           354104 kB
Mem:          3.8G       3.7G       118M       5.7M        28M       3.2G

MemTotal:        4016004 kB
MemFree:          121928 kB
Active:           354060 kB
Mem:          3.8G       3.7G       118M       5.7M        28M       3.2G

MemTotal:        4016004 kB
MemFree:          121804 kB
Active:           354068 kB
Mem:          3.8G       3.7G       118M       5.7M        28M       3.2G

MemTotal:        4016004 kB
MemFree:          121184 kB
Active:           354100 kB
Mem:          3.8G       3.7G       118M       5.7M        28M       3.2G

MemTotal:        4016004 kB
MemFree:          121060 kB
Active:           354092 kB
Mem:          3.8G       3.7G       118M       5.7M        28M       3.2G

MemTotal:        4016004 kB
MemFree:          121432 kB
Active:           354096 kB
Mem:          3.8G       3.7G       118M       5.7M        28M       3.2G

MemTotal:        4016004 kB
MemFree:          121308 kB
Active:           354208 kB
Mem:          3.8G       3.7G       118M       5.7M        28M       3.2G

MemTotal:        4016004 kB
MemFree:          120812 kB
Active:           354488 kB
Mem:          3.8G       3.7G       118M       5.7M        28M       3.2G

MemTotal:        4016004 kB
MemFree:          121416 kB
Active:           354228 kB
Mem:          3.8G       3.7G       118M       5.7M        28M       3.2G

MemTotal:        4016004 kB
MemFree:          121292 kB
Active:           354268 kB
Mem:          3.8G       3.7G       118M       5.7M        28M       3.2G

MemTotal:        4016004 kB
MemFree:          121292 kB
Active:           354256 kB
Mem:          3.8G       3.7G       118M       5.7M        28M       3.2G

MemTotal:        4016004 kB
MemFree:          121292 kB
Active:           354260 kB
Mem:          3.8G       3.7G       118M       5.7M        28M       3.2G

MemTotal:        4016004 kB
MemFree:          121168 kB
Active:           354216 kB
Mem:          3.8G       3.7G       118M       5.7M        28M       3.2G

MemTotal:        4016004 kB
MemFree:          121416 kB
Active:           354236 kB
Mem:          3.8G       3.7G       118M       5.7M        28M       3.2G

MemTotal:        4016004 kB
MemFree:          121292 kB
Active:           354248 kB
Mem:          3.8G       3.7G       118M       5.7M        28M       3.2G

MemTotal:        4016004 kB
MemFree:          121168 kB
Active:           354260 kB
Mem:          3.8G       3.7G       118M       5.7M        28M       3.2G

MemTotal:        4016004 kB
MemFree:          121292 kB
Active:           354264 kB
Mem:          3.8G       3.7G       118M       5.7M        28M       3.2G

MemTotal:        4016004 kB
MemFree:          121292 kB
Active:           354264 kB
Mem:          3.8G       3.7G       118M       5.7M        28M       3.2G

MemTotal:        4016004 kB
MemFree:          121292 kB
Active:           354268 kB
Mem:          3.8G       3.7G       118M       5.7M        28M       3.2G

MemTotal:        4016004 kB
MemFree:          121292 kB
Active:           354220 kB
Mem:          3.8G       3.7G       118M       5.7M        28M       3.2G

MemTotal:        4016004 kB
MemFree:          121292 kB
Active:           354232 kB
Mem:          3.8G       3.7G       118M       5.7M        28M       3.2G

MemTotal:        4016004 kB
MemFree:          121292 kB
Active:           354228 kB
Mem:          3.8G       3.7G       118M       5.7M        28M       3.2G

MemTotal:        4016004 kB
MemFree:          121168 kB
Active:           354240 kB
Mem:          3.8G       3.7G       118M       5.7M        28M       3.2G

MemTotal:        4016004 kB
MemFree:          121292 kB
Active:           354240 kB
Mem:          3.8G       3.7G       118M       5.7M        28M       3.2G

MemTotal:        4016004 kB
MemFree:          121308 kB
Active:           354228 kB
Mem:          3.8G       3.7G       118M       5.7M        28M       3.2G

MemTotal:        4016004 kB
MemFree:          121184 kB
Active:           354232 kB
Mem:          3.8G       3.7G       118M       5.7M        28M       3.2G

MemTotal:        4016004 kB
MemFree:          121184 kB
Active:           354244 kB
Mem:          3.8G       3.7G       118M       5.7M        28M       3.2G

MemTotal:        4016004 kB
MemFree:          121308 kB
Active:           354248 kB
Mem:          3.8G       3.7G       118M       5.7M        28M       3.2G

MemTotal:        4016004 kB
MemFree:          121432 kB
Active:           354248 kB
Mem:          3.8G       3.7G       118M       5.7M        28M       3.2G

MemTotal:        4016004 kB
MemFree:          121432 kB
Active:           354272 kB
Mem:          3.8G       3.7G       118M       5.7M        28M       3.2G

MemTotal:        4016004 kB
MemFree:          121432 kB
Active:           354280 kB
Mem:          3.8G       3.7G       118M       5.7M        28M       3.2G

MemTotal:        4016004 kB
MemFree:          121308 kB
Active:           354236 kB
Mem:          3.8G       3.7G       118M       5.7M        28M       3.2G

MemTotal:        4016004 kB
MemFree:          121308 kB
Active:           354300 kB
Mem:          3.8G       3.7G       118M       5.7M        28M       3.2G

MemTotal:        4016004 kB
MemFree:          121308 kB
Active:           354252 kB
Mem:          3.8G       3.7G       118M       5.7M        28M       3.2G

MemTotal:        4016004 kB
MemFree:          120936 kB
Active:           354256 kB
Mem:          3.8G       3.7G       118M       5.7M        28M       3.2G

MemTotal:        4016004 kB
MemFree:          121184 kB
Active:           354296 kB
Mem:          3.8G       3.7G       118M       5.7M        28M       3.2G

MemTotal:        4016004 kB
MemFree:          121432 kB
Active:           354288 kB
Mem:          3.8G       3.7G       118M       5.7M        28M       3.2G

MemTotal:        4016004 kB
MemFree:          121308 kB
Active:           354280 kB
Mem:          3.8G       3.7G       118M       5.7M        28M       3.2G

MemTotal:        4016004 kB
MemFree:          121308 kB
Active:           354264 kB
Mem:          3.8G       3.7G       118M       5.7M        28M       3.2G

MemTotal:        4016004 kB
MemFree:          121308 kB
Active:           354304 kB
Mem:          3.8G       3.7G       118M       5.7M        28M       3.2G

MemTotal:        4016004 kB
MemFree:          121308 kB
Active:           354288 kB
Mem:          3.8G       3.7G       118M       5.7M        28M       3.2G

MemTotal:        4016004 kB
MemFree:          121432 kB
Active:           354268 kB
Mem:          3.8G       3.7G       118M       5.7M        28M       3.2G

MemTotal:        4016004 kB
MemFree:          121432 kB
Active:           354256 kB
Mem:          3.8G       3.7G       118M       5.7M        28M       3.2G

MemTotal:        4016004 kB
MemFree:          121432 kB
Active:           354296 kB
Mem:          3.8G       3.7G       118M       5.7M        28M       3.2G

MemTotal:        4016004 kB
MemFree:          121308 kB
Active:           354308 kB
Mem:          3.8G       3.7G       118M       5.7M        28M       3.2G

MemTotal:        4016004 kB
MemFree:          121308 kB
Active:           354296 kB
Mem:          3.8G       3.7G       118M       5.7M        28M       3.2G

MemTotal:        4016004 kB
MemFree:          121432 kB
Active:           354308 kB
Mem:          3.8G       3.7G       118M       5.7M        28M       3.2G

MemTotal:        4016004 kB
MemFree:          121308 kB
Active:           354256 kB
Mem:          3.8G       3.7G       118M       5.7M        28M       3.2G

MemTotal:        4016004 kB
MemFree:          121060 kB
Active:           354324 kB
Mem:          3.8G       3.7G       118M       5.7M        28M       3.2G

MemTotal:        4016004 kB
MemFree:          121308 kB
Active:           354308 kB
Mem:          3.8G       3.7G       118M       5.7M        28M       3.2G

MemTotal:        4016004 kB
MemFree:          120812 kB
Active:           354328 kB
Mem:          3.8G       3.7G       117M       5.7M        28M       3.2G

MemTotal:        4016004 kB
MemFree:          120936 kB
Active:           354316 kB
Mem:          3.8G       3.7G       118M       5.7M        28M       3.2G

MemTotal:        4016004 kB
MemFree:          121060 kB
Active:           354320 kB
Mem:          3.8G       3.7G       118M       5.7M        28M       3.2G

MemTotal:        4016004 kB
MemFree:          120812 kB
Active:           354336 kB
Mem:          3.8G       3.7G       118M       5.7M        28M       3.2G

MemTotal:        4016004 kB
MemFree:          120936 kB
Active:           354336 kB
Mem:          3.8G       3.7G       118M       5.7M        28M       3.2G

MemTotal:        4016004 kB
MemFree:          120936 kB
Active:           354328 kB
Mem:          3.8G       3.7G       118M       5.7M        28M       3.2G

MemTotal:        4016004 kB
MemFree:          121060 kB
Active:           354312 kB
Mem:          3.8G       3.7G       118M       5.7M        28M       3.2G

MemTotal:        4016004 kB
MemFree:          121184 kB
Active:           354300 kB
Mem:          3.8G       3.7G       118M       5.7M        28M       3.2G

MemTotal:        4016004 kB
MemFree:          121184 kB
Active:           354300 kB
Mem:          3.8G       3.7G       118M       5.7M        28M       3.2G

MemTotal:        4016004 kB
MemFree:          121184 kB
Active:           354340 kB
Mem:          3.8G       3.7G       118M       5.7M        28M       3.2G

MemTotal:        4016004 kB
MemFree:          121308 kB
Active:           354332 kB
Mem:          3.8G       3.7G       118M       5.7M        28M       3.2G

MemTotal:        4016004 kB
MemFree:          120936 kB
Active:           354356 kB
Mem:          3.8G       3.7G       118M       5.7M        28M       3.2G

MemTotal:        4016004 kB
MemFree:          121432 kB
Active:           354344 kB
Mem:          3.8G       3.7G       118M       5.7M        28M       3.2G

MemTotal:        4016004 kB
MemFree:          121308 kB
Active:           354344 kB
Mem:          3.8G       3.7G       118M       5.7M        28M       3.2G

MemTotal:        4016004 kB
MemFree:          121308 kB
Active:           354340 kB
Mem:          3.8G       3.7G       118M       5.7M        28M       3.2G

MemTotal:        4016004 kB
MemFree:          121432 kB
Active:           354348 kB
Mem:          3.8G       3.7G       118M       5.7M        28M       3.2G

MemTotal:        4016004 kB
MemFree:          121308 kB
Active:           354332 kB
Mem:          3.8G       3.7G       118M       5.7M        28M       3.2G

MemTotal:        4016004 kB
MemFree:          121184 kB
Active:           354336 kB
Mem:          3.8G       3.7G       118M       5.7M        28M       3.2G

MemTotal:        4016004 kB
MemFree:          121184 kB
Active:           354328 kB
Mem:          3.8G       3.7G       118M       5.7M        28M       3.2G

MemTotal:        4016004 kB
MemFree:          121308 kB
Active:           354320 kB
Mem:          3.8G       3.7G       118M       5.7M        28M       3.2G

MemTotal:        4016004 kB
MemFree:          121308 kB
Active:           354304 kB
Mem:          3.8G       3.7G       118M       5.7M        28M       3.2G

MemTotal:        4016004 kB
MemFree:          121308 kB
Active:           354348 kB
Mem:          3.8G       3.7G       118M       5.7M        28M       3.2G

MemTotal:        4016004 kB
MemFree:          121308 kB
Active:           354352 kB
Mem:          3.8G       3.7G       118M       5.7M        28M       3.2G

MemTotal:        4016004 kB
MemFree:          121184 kB
Active:           354356 kB
Mem:          3.8G       3.7G       118M       5.7M        28M       3.2G

MemTotal:        4016004 kB
MemFree:          121308 kB
Active:           354356 kB
Mem:          3.8G       3.7G       118M       5.7M        28M       3.2G

MemTotal:        4016004 kB
MemFree:          121184 kB
Active:           354312 kB
Mem:          3.8G       3.7G       118M       5.7M        28M       3.2G

MemTotal:        4016004 kB
MemFree:          120936 kB
Active:           354320 kB
Mem:          3.8G       3.7G       118M       5.7M        28M       3.2G

MemTotal:        4016004 kB
MemFree:          120812 kB
Active:           354372 kB
Mem:          3.8G       3.7G       118M       5.7M        28M       3.2G

MemTotal:        4016004 kB
MemFree:          121060 kB
Active:           354324 kB
Mem:          3.8G       3.7G       117M       5.7M        28M       3.2G

MemTotal:        4016004 kB
MemFree:          120936 kB
Active:           354340 kB
Mem:          3.8G       3.7G       118M       5.7M        28M       3.2G

MemTotal:        4016004 kB
MemFree:          120936 kB
Active:           354320 kB
Mem:          3.8G       3.7G       117M       5.7M        28M       3.2G

MemTotal:        4016004 kB
MemFree:          120936 kB
Active:           354332 kB
Mem:          3.8G       3.7G       117M       5.7M        28M       3.2G

MemTotal:        4016004 kB
MemFree:          120936 kB
Active:           354328 kB
Mem:          3.8G       3.7G       117M       5.7M        28M       3.2G

MemTotal:        4016004 kB
MemFree:          120812 kB
Active:           354340 kB
Mem:          3.8G       3.7G       118M       5.7M        28M       3.2G

MemTotal:        4016004 kB
MemFree:          120936 kB
Active:           354340 kB
Mem:          3.8G       3.7G       117M       5.7M        28M       3.2G

MemTotal:        4016004 kB
MemFree:          120936 kB
Active:           354364 kB
Mem:          3.8G       3.7G       117M       5.7M        28M       3.2G

MemTotal:        4016004 kB
MemFree:          120936 kB
Active:           354344 kB
Mem:          3.8G       3.7G       117M       5.7M        28M       3.2G

MemTotal:        4016004 kB
MemFree:          120812 kB
Active:           354332 kB
Mem:          3.8G       3.7G       118M       5.7M        28M       3.2G

MemTotal:        4016004 kB
MemFree:          120812 kB
Active:           354356 kB
Mem:          3.8G       3.7G       118M       5.7M        28M       3.2G

MemTotal:        4016004 kB
MemFree:          120812 kB
Active:           354340 kB
Mem:          3.8G       3.7G       118M       5.7M        28M       3.2G

MemTotal:        4016004 kB
MemFree:          120812 kB
Active:           354328 kB
Mem:          3.8G       3.7G       118M       5.7M        28M       3.2G

MemTotal:        4016004 kB
MemFree:          120936 kB
Active:           354380 kB
Mem:          3.8G       3.7G       117M       5.7M        28M       3.2G

MemTotal:        4016004 kB
MemFree:          120936 kB
Active:           354380 kB
Mem:          3.8G       3.7G       117M       5.7M        28M       3.2G

MemTotal:        4016004 kB
MemFree:          120812 kB
Active:           354376 kB
Mem:          3.8G       3.7G       118M       5.7M        28M       3.2G

MemTotal:        4016004 kB
MemFree:          120936 kB
Active:           354372 kB
Mem:          3.8G       3.7G       118M       5.7M        28M       3.2G

MemTotal:        4016004 kB
MemFree:          120936 kB
Active:           354352 kB
Mem:          3.8G       3.7G       117M       5.7M        28M       3.2G

MemTotal:        4016004 kB
MemFree:          120812 kB
Active:           354340 kB
Mem:          3.8G       3.7G       118M       5.7M        28M       3.2G

MemTotal:        4016004 kB
MemFree:          120936 kB
Active:           354340 kB
Mem:          3.8G       3.7G       117M       5.7M        28M       3.2G

MemTotal:        4016004 kB
MemFree:          120812 kB
Active:           354384 kB
Mem:          3.8G       3.7G       117M       5.7M        28M       3.2G

MemTotal:        4016004 kB
MemFree:          120812 kB
Active:           354392 kB
Mem:          3.8G       3.7G       118M       5.7M        28M       3.2G

MemTotal:        4016004 kB
MemFree:          120812 kB
Active:           354396 kB
Mem:          3.8G       3.7G       118M       5.7M        28M       3.2G

MemTotal:        4016004 kB
MemFree:          120812 kB
Active:           354392 kB
Mem:          3.8G       3.7G       118M       5.7M        28M       3.2G

MemTotal:        4016004 kB
MemFree:          120812 kB
Active:           354352 kB
Mem:          3.8G       3.7G       117M       5.7M        28M       3.2G

MemTotal:        4016004 kB
MemFree:          120812 kB
Active:           354368 kB
Mem:          3.8G       3.7G       118M       5.7M        28M       3.2G

MemTotal:        4016004 kB
MemFree:          120936 kB
Active:           354372 kB
Mem:          3.8G       3.7G       117M       5.7M        28M       3.2G

MemTotal:        4016004 kB
MemFree:          120812 kB
Active:           354372 kB
Mem:          3.8G       3.7G       118M       5.7M        28M       3.2G

MemTotal:        4016004 kB
MemFree:          120936 kB
Active:           354380 kB
Mem:          3.8G       3.7G       117M       5.7M        28M       3.2G

MemTotal:        4016004 kB
MemFree:          120812 kB
Active:           354404 kB
Mem:          3.8G       3.7G       118M       5.7M        28M       3.2G

MemTotal:        4016004 kB
MemFree:          120812 kB
Active:           354404 kB
Mem:          3.8G       3.7G       118M       5.7M        28M       3.2G

MemTotal:        4016004 kB
MemFree:          120688 kB
Active:           354404 kB
Mem:          3.8G       3.7G       118M       5.7M        28M       3.2G

MemTotal:        4016004 kB
MemFree:          120812 kB
Active:           354396 kB
Mem:          3.8G       3.7G       118M       5.7M        28M       3.2G

MemTotal:        4016004 kB
MemFree:          120812 kB
Active:           354400 kB
Mem:          3.8G       3.7G       117M       5.7M        28M       3.2G

MemTotal:        4016004 kB
MemFree:          120812 kB
Active:           354396 kB
Mem:          3.8G       3.7G       117M       5.7M        28M       3.2G

MemTotal:        4016004 kB
MemFree:          120812 kB
Active:           354392 kB
Mem:          3.8G       3.7G       118M       5.7M        28M       3.2G

MemTotal:        4016004 kB
MemFree:          120812 kB
Active:           354392 kB
Mem:          3.8G       3.7G       117M       5.7M        28M       3.2G

MemTotal:        4016004 kB
MemFree:          120920 kB
Active:           354408 kB
Mem:          3.8G       3.7G       117M       5.7M        28M       3.2G

MemTotal:        4016004 kB
MemFree:          120796 kB
Active:           354396 kB
Mem:          3.8G       3.7G       118M       5.7M        28M       3.2G

MemTotal:        4016004 kB
MemFree:          120424 kB
Active:           354416 kB
Mem:          3.8G       3.7G       117M       5.7M        28M       3.2G

MemTotal:        4016004 kB
MemFree:          120688 kB
Active:           354404 kB
Mem:          3.8G       3.7G       117M       5.7M        28M       3.2G

MemTotal:        4016004 kB
MemFree:          120936 kB
Active:           354364 kB
Mem:          3.8G       3.7G       117M       5.7M        28M       3.2G

MemTotal:        4016004 kB
MemFree:          120812 kB
Active:           354364 kB
Mem:          3.8G       3.7G       118M       5.7M        28M       3.2G

MemTotal:        4016004 kB
MemFree:          120812 kB
Active:           354376 kB
Mem:          3.8G       3.7G       118M       5.7M        28M       3.2G

MemTotal:        4016004 kB
MemFree:          120672 kB
Active:           354376 kB
Mem:          3.8G       3.7G       117M       5.7M        28M       3.2G

MemTotal:        4016004 kB
MemFree:          120764 kB
Active:           354364 kB
Mem:          3.8G       3.7G       118M       5.7M        28M       3.2G

MemTotal:        4016004 kB
MemFree:          120640 kB
Active:           354364 kB
Mem:          3.8G       3.7G       117M       5.7M        28M       3.2G

MemTotal:        4016004 kB
MemFree:          120888 kB
Active:           354380 kB
Mem:          3.8G       3.7G       117M       5.7M        28M       3.2G

MemTotal:        4016004 kB
MemFree:          121052 kB
Active:           354368 kB
Mem:          3.8G       3.7G       118M       5.7M        28M       3.2G

MemTotal:        4016004 kB
MemFree:          120944 kB
Active:           354216 kB
Mem:          3.8G       3.7G       118M       5.7M        28M       3.2G

MemTotal:        4016004 kB
MemFree:          120820 kB
Active:           354232 kB
Mem:          3.8G       3.7G       118M       5.7M        28M       3.2G

MemTotal:        4016004 kB
MemFree:          120464 kB
Active:           354376 kB
Mem:          3.8G       3.7G       117M       5.7M        28M       3.2G

MemTotal:        4016004 kB
MemFree:          120728 kB
Active:           354264 kB
Mem:          3.8G       3.7G       117M       5.7M        28M       3.2G

MemTotal:        4016004 kB
MemFree:          120868 kB
Active:           354380 kB
Mem:          3.8G       3.7G       118M       5.7M        28M       3.2G

MemTotal:        4016004 kB
MemFree:          121116 kB
Active:           354404 kB
Mem:          3.8G       3.7G       118M       5.7M        28M       3.2G

MemTotal:        4016004 kB
MemFree:          120992 kB
Active:           354308 kB
Mem:          3.8G       3.7G       118M       5.7M        28M       3.2G

MemTotal:        4016004 kB
MemFree:          120696 kB
Active:           354288 kB
Mem:          3.8G       3.7G       118M       5.7M        28M       3.2G

MemTotal:        4016004 kB
MemFree:          121192 kB
Active:           354120 kB
Mem:          3.8G       3.7G       118M       5.7M        28M       3.2G

MemTotal:        4016004 kB
MemFree:          120976 kB
Active:           354340 kB
Mem:          3.8G       3.7G       118M       5.7M        28M       3.2G

MemTotal:        4016004 kB
MemFree:          120604 kB
Active:           354284 kB
Mem:          3.8G       3.7G       117M       5.7M        28M       3.2G

MemTotal:        4016004 kB
MemFree:          120840 kB
Active:           354368 kB
Mem:          3.8G       3.7G       118M       5.7M        28M       3.2G

MemTotal:        4016004 kB
MemFree:          121068 kB
Active:           354268 kB
Mem:          3.8G       3.7G       118M       5.7M        28M       3.2G

MemTotal:        4016004 kB
MemFree:          120852 kB
Active:           354276 kB
Mem:          3.8G       3.7G       118M       5.7M        28M       3.2G

MemTotal:        4016004 kB
MemFree:          120480 kB
Active:           354284 kB
Mem:          3.8G       3.7G       117M       5.7M        28M       3.2G

MemTotal:        4016004 kB
MemFree:          121076 kB
Active:           354156 kB
Mem:          3.8G       3.7G       118M       5.7M        28M       3.2G

MemTotal:        4016004 kB
MemFree:          120720 kB
Active:           354384 kB
Mem:          3.8G       3.7G       118M       5.7M        28M       3.2G

MemTotal:        4016004 kB
MemFree:          121000 kB
Active:           354280 kB
Mem:          3.8G       3.7G       118M       5.7M        28M       3.2G

MemTotal:        4016004 kB
MemFree:          121000 kB
Active:           354284 kB
Mem:          3.8G       3.7G       118M       5.7M        28M       3.2G

MemTotal:        4016004 kB
MemFree:          120612 kB
Active:           354300 kB
Mem:          3.8G       3.7G       117M       5.7M        28M       3.2G

MemTotal:        4016004 kB
MemFree:          120472 kB
Active:           354432 kB
Mem:          3.8G       3.7G       117M       5.7M        28M       3.2G

MemTotal:        4016004 kB
MemFree:          120568 kB
Active:           354304 kB
Mem:          3.8G       3.7G       118M       5.7M        28M       3.2G

MemTotal:        4016004 kB
MemFree:          121080 kB
Active:           354260 kB
Mem:          3.8G       3.7G       118M       5.7M        28M       3.2G

MemTotal:        4016004 kB
MemFree:          120724 kB
Active:           354308 kB
Mem:          3.8G       3.7G       118M       5.7M        28M       3.2G

MemTotal:        4016004 kB
MemFree:          120476 kB
Active:           354308 kB
Mem:          3.8G       3.7G       117M       5.7M        28M       3.2G

MemTotal:        4016004 kB
MemFree:          120352 kB
Active:           354308 kB
Mem:          3.8G       3.7G       117M       5.7M        28M       3.2G

MemTotal:        4016004 kB
MemFree:          120848 kB
Active:           354300 kB
Mem:          3.8G       3.7G       118M       5.7M        28M       3.2G

MemTotal:        4016004 kB
MemFree:          120972 kB
Active:           354288 kB
