MemTotal:        4016004 kB
MemFree:         3192660 kB
Active:           464476 kB
Mem:          3.8G       803M       3.0G       5.7M        63M       327M

MemTotal:        4016004 kB
MemFree:         3193428 kB
Active:           464264 kB
Mem:          3.8G       803M       3.0G       5.7M        63M       327M

MemTotal:        4016004 kB
MemFree:         3193444 kB
Active:           464288 kB
Mem:          3.8G       803M       3.0G       5.7M        63M       327M

MemTotal:        4016004 kB
MemFree:         3193784 kB
Active:           464288 kB
Mem:          3.8G       803M       3.0G       5.7M        63M       327M

MemTotal:        4016004 kB
MemFree:         3193520 kB
Active:           464352 kB
Mem:          3.8G       803M       3.0G       5.7M        63M       327M

MemTotal:        4016004 kB
MemFree:         3193644 kB
Active:           464316 kB
Mem:          3.8G       802M       3.0G       5.7M        63M       327M

MemTotal:        4016004 kB
MemFree:         3193644 kB
Active:           464356 kB
Mem:          3.8G       802M       3.0G       5.7M        63M       327M

MemTotal:        4016004 kB
MemFree:         3193916 kB
Active:           464328 kB
Mem:          3.8G       802M       3.0G       5.7M        63M       327M

MemTotal:        4016004 kB
MemFree:         3193900 kB
Active:           464348 kB
Mem:          3.8G       802M       3.0G       5.7M        63M       327M

MemTotal:        4016004 kB
MemFree:         3194024 kB
Active:           464356 kB
Mem:          3.8G       802M       3.0G       5.7M        63M       327M

MemTotal:        4016004 kB
MemFree:         3194024 kB
Active:           464360 kB
Mem:          3.8G       802M       3.0G       5.7M        63M       327M

MemTotal:        4016004 kB
MemFree:         3194148 kB
Active:           464364 kB
Mem:          3.8G       802M       3.0G       5.7M        63M       327M

MemTotal:        4016004 kB
MemFree:         3194520 kB
Active:           464344 kB
Mem:          3.8G       802M       3.0G       5.7M        63M       327M

MemTotal:        4016004 kB
MemFree:         3194304 kB
Active:           464364 kB
Mem:          3.8G       802M       3.0G       5.7M        63M       327M

MemTotal:        4016004 kB
MemFree:         3194116 kB
Active:           462320 kB
Mem:          3.8G       802M       3.0G       5.7M        63M       327M

MemTotal:        4016004 kB
MemFree:         3194612 kB
Active:           464316 kB
Mem:          3.8G       802M       3.0G       5.7M        63M       327M

MemTotal:        4016004 kB
MemFree:         3194364 kB
Active:           464368 kB
Mem:          3.8G       802M       3.0G       5.7M        63M       327M

MemTotal:        4016004 kB
MemFree:         3194488 kB
Active:           464312 kB
Mem:          3.8G       802M       3.0G       5.7M        63M       327M

MemTotal:        4016004 kB
MemFree:         3194472 kB
Active:           464320 kB
Mem:          3.8G       802M       3.0G       5.7M        63M       327M

MemTotal:        4016004 kB
MemFree:         3194472 kB
Active:           464324 kB
Mem:          3.8G       802M       3.0G       5.7M        63M       327M

MemTotal:        4016004 kB
MemFree:         3194348 kB
Active:           464344 kB
Mem:          3.8G       802M       3.0G       5.7M        63M       327M

MemTotal:        4016004 kB
MemFree:         3194348 kB
Active:           464344 kB
Mem:          3.8G       802M       3.0G       5.7M        63M       327M

MemTotal:        4016004 kB
MemFree:         3194348 kB
Active:           464340 kB
Mem:          3.8G       802M       3.0G       5.7M        63M       327M

MemTotal:        4016004 kB
MemFree:         3194472 kB
Active:           464340 kB
Mem:          3.8G       802M       3.0G       5.7M        63M       327M

MemTotal:        4016004 kB
MemFree:         3194472 kB
Active:           464332 kB
Mem:          3.8G       802M       3.0G       5.7M        63M       327M

MemTotal:        4016004 kB
MemFree:         3194596 kB
Active:           464328 kB
Mem:          3.8G       802M       3.0G       5.7M        63M       327M

MemTotal:        4016004 kB
MemFree:         3194596 kB
Active:           464372 kB
Mem:          3.8G       802M       3.0G       5.7M        63M       327M

MemTotal:        4016004 kB
MemFree:         3194100 kB
Active:           464340 kB
Mem:          3.8G       802M       3.0G       5.7M        63M       327M

MemTotal:        4016004 kB
MemFree:         3194100 kB
Active:           464356 kB
Mem:          3.8G       802M       3.0G       5.7M        63M       327M

MemTotal:        4016004 kB
MemFree:         3194084 kB
Active:           464344 kB
Mem:          3.8G       802M       3.0G       5.7M        63M       327M

MemTotal:        4016004 kB
MemFree:         3194316 kB
Active:           464340 kB
Mem:          3.8G       802M       3.0G       5.7M        63M       327M

MemTotal:        4016004 kB
MemFree:         3194176 kB
Active:           464384 kB
Mem:          3.8G       802M       3.0G       5.7M        63M       327M

MemTotal:        4016004 kB
MemFree:         3193912 kB
Active:           464388 kB
Mem:          3.8G       802M       3.0G       5.7M        63M       327M

MemTotal:        4016004 kB
MemFree:         3194564 kB
Active:           464364 kB
Mem:          3.8G       802M       3.0G       5.7M        63M       327M

MemTotal:        4016004 kB
MemFree:         3192888 kB
Active:           466388 kB
Mem:          3.8G       803M       3.0G       5.7M        63M       327M

MemTotal:        4016004 kB
MemFree:         3192888 kB
Active:           466420 kB
Mem:          3.8G       804M       3.0G       5.7M        63M       327M

MemTotal:        4016004 kB
MemFree:         3192764 kB
Active:           466384 kB
Mem:          3.8G       804M       3.0G       5.7M        63M       327M

MemTotal:        4016004 kB
MemFree:         3192888 kB
Active:           466372 kB
Mem:          3.8G       804M       3.0G       5.7M        63M       327M

MemTotal:        4016004 kB
MemFree:         3192516 kB
Active:           466420 kB
Mem:          3.8G       804M       3.0G       5.7M        63M       327M

MemTotal:        4016004 kB
MemFree:         3192144 kB
Active:           466424 kB
Mem:          3.8G       804M       3.0G       5.7M        63M       327M

MemTotal:        4016004 kB
MemFree:         3192128 kB
Active:           466388 kB
Mem:          3.8G       804M       3.0G       5.7M        63M       327M

MemTotal:        4016004 kB
MemFree:         3192376 kB
Active:           466400 kB
Mem:          3.8G       804M       3.0G       5.7M        63M       327M

MemTotal:        4016004 kB
MemFree:         3192484 kB
Active:           466408 kB
Mem:          3.8G       804M       3.0G       5.7M        63M       327M

MemTotal:        4016004 kB
MemFree:         3190644 kB
Active:           464564 kB
Mem:          3.8G       806M       3.0G       5.7M        63M       327M

MemTotal:        4016004 kB
MemFree:         3191728 kB
Active:           466448 kB
Mem:          3.8G       804M       3.0G       5.7M        63M       327M

MemTotal:        4016004 kB
MemFree:         3192100 kB
Active:           466444 kB
Mem:          3.8G       804M       3.0G       5.7M        63M       327M

MemTotal:        4016004 kB
MemFree:         3192272 kB
Active:           466412 kB
Mem:          3.8G       804M       3.0G       5.7M        63M       327M

MemTotal:        4016004 kB
MemFree:         3192272 kB
Active:           466436 kB
Mem:          3.8G       804M       3.0G       5.7M        63M       327M

MemTotal:        4016004 kB
MemFree:         3192272 kB
Active:           466424 kB
Mem:          3.8G       804M       3.0G       5.7M        63M       327M

MemTotal:        4016004 kB
MemFree:         3192396 kB
Active:           466416 kB
Mem:          3.8G       804M       3.0G       5.7M        63M       327M

MemTotal:        4016004 kB
MemFree:         3192148 kB
Active:           466408 kB
Mem:          3.8G       804M       3.0G       5.7M        63M       327M

MemTotal:        4016004 kB
MemFree:         3192396 kB
Active:           466448 kB
Mem:          3.8G       804M       3.0G       5.7M        63M       327M

MemTotal:        4016004 kB
MemFree:         3192272 kB
Active:           466472 kB
Mem:          3.8G       804M       3.0G       5.7M        63M       327M

MemTotal:        4016004 kB
MemFree:         3192148 kB
Active:           466468 kB
Mem:          3.8G       804M       3.0G       5.7M        63M       327M

MemTotal:        4016004 kB
MemFree:         3192148 kB
Active:           466440 kB
Mem:          3.8G       804M       3.0G       5.7M        63M       327M

MemTotal:        4016004 kB
MemFree:         3192240 kB
Active:           466432 kB
Mem:          3.8G       804M       3.0G       5.7M        63M       327M

MemTotal:        4016004 kB
MemFree:         3192288 kB
Active:           466424 kB
Mem:          3.8G       804M       3.0G       5.7M        63M       327M

MemTotal:        4016004 kB
MemFree:         3192412 kB
Active:           466428 kB
Mem:          3.8G       804M       3.0G       5.7M        63M       327M

MemTotal:        4016004 kB
MemFree:         3192412 kB
Active:           466484 kB
Mem:          3.8G       804M       3.0G       5.7M        63M       327M

MemTotal:        4016004 kB
MemFree:         3192288 kB
Active:           466472 kB
Mem:          3.8G       804M       3.0G       5.7M        63M       327M

MemTotal:        4016004 kB
MemFree:         3192288 kB
Active:           466480 kB
Mem:          3.8G       804M       3.0G       5.7M        63M       327M

MemTotal:        4016004 kB
MemFree:         3192164 kB
Active:           466476 kB
Mem:          3.8G       804M       3.0G       5.7M        63M       327M

MemTotal:        4016004 kB
MemFree:         3191792 kB
Active:           466492 kB
Mem:          3.8G       804M       3.0G       5.7M        63M       327M

MemTotal:        4016004 kB
MemFree:         3191892 kB
Active:           464524 kB
Mem:          3.8G       804M       3.0G       5.7M        63M       327M

MemTotal:        4016004 kB
MemFree:         3192100 kB
Active:           466456 kB
Mem:          3.8G       804M       3.0G       5.7M        63M       327M

MemTotal:        4016004 kB
MemFree:         3192224 kB
Active:           466500 kB
Mem:          3.8G       804M       3.0G       5.7M        63M       327M

MemTotal:        4016004 kB
MemFree:         3191340 kB
Active:           466512 kB
Mem:          3.8G       805M       3.0G       5.7M        63M       327M

MemTotal:        4016004 kB
MemFree:         3191448 kB
Active:           466480 kB
Mem:          3.8G       805M       3.0G       5.7M        63M       327M

MemTotal:        4016004 kB
MemFree:         3191432 kB
Active:           466508 kB
Mem:          3.8G       805M       3.0G       5.7M        63M       327M

MemTotal:        4016004 kB
MemFree:         3191184 kB
Active:           466512 kB
Mem:          3.8G       805M       3.0G       5.7M        63M       327M

MemTotal:        4016004 kB
MemFree:         3191292 kB
Active:           466516 kB
Mem:          3.8G       805M       3.0G       5.7M        63M       327M

MemTotal:        4016004 kB
MemFree:         3191540 kB
Active:           466504 kB
Mem:          3.8G       805M       3.0G       5.7M        63M       327M

MemTotal:        4016004 kB
MemFree:         3191540 kB
Active:           466516 kB
Mem:          3.8G       805M       3.0G       5.7M        63M       327M

MemTotal:        4016004 kB
MemFree:         3191772 kB
Active:           466472 kB
Mem:          3.8G       804M       3.0G       5.7M        63M       327M

MemTotal:        4016004 kB
MemFree:         3191508 kB
Active:           466460 kB
Mem:          3.8G       804M       3.0G       5.7M        63M       327M

MemTotal:        4016004 kB
MemFree:         3192068 kB
Active:           466496 kB
Mem:          3.8G       805M       3.0G       5.7M        63M       327M

MemTotal:        4016004 kB
MemFree:         3191944 kB
Active:           466476 kB
Mem:          3.8G       805M       3.0G       5.7M        63M       327M

MemTotal:        4016004 kB
MemFree:         3191820 kB
Active:           466472 kB
Mem:          3.8G       804M       3.0G       5.7M        63M       327M

MemTotal:        4016004 kB
MemFree:         3191944 kB
Active:           466520 kB
Mem:          3.8G       805M       3.0G       5.7M        63M       327M

MemTotal:        4016004 kB
MemFree:         3191820 kB
Active:           466500 kB
Mem:          3.8G       804M       3.0G       5.7M        63M       327M

MemTotal:        4016004 kB
MemFree:         3191696 kB
Active:           466480 kB
Mem:          3.8G       805M       3.0G       5.7M        63M       327M

MemTotal:        4016004 kB
MemFree:         3191932 kB
Active:           466492 kB
Mem:          3.8G       804M       3.0G       5.7M        63M       327M

MemTotal:        4016004 kB
MemFree:         3192056 kB
Active:           466520 kB
Mem:          3.8G       804M       3.0G       5.7M        63M       327M

MemTotal:        4016004 kB
MemFree:         3191932 kB
Active:           466544 kB
Mem:          3.8G       804M       3.0G       5.7M        63M       327M

MemTotal:        4016004 kB
MemFree:         3191932 kB
Active:           466496 kB
Mem:          3.8G       804M       3.0G       5.7M        63M       327M

MemTotal:        4016004 kB
MemFree:         3191808 kB
Active:           466536 kB
Mem:          3.8G       804M       3.0G       5.7M        63M       327M

MemTotal:        4016004 kB
MemFree:         3191932 kB
Active:           466520 kB
Mem:          3.8G       804M       3.0G       5.7M        63M       327M

MemTotal:        4016004 kB
MemFree:         3192056 kB
Active:           466512 kB
Mem:          3.8G       804M       3.0G       5.7M        63M       327M

MemTotal:        4016004 kB
MemFree:         3192056 kB
Active:           466536 kB
Mem:          3.8G       804M       3.0G       5.7M        63M       327M

MemTotal:        4016004 kB
MemFree:         3192148 kB
Active:           466508 kB
Mem:          3.8G       804M       3.0G       5.7M        63M       327M

MemTotal:        4016004 kB
MemFree:         3192008 kB
Active:           466496 kB
Mem:          3.8G       804M       3.0G       5.7M        63M       327M

MemTotal:        4016004 kB
MemFree:         3192132 kB
Active:           466540 kB
Mem:          3.8G       804M       3.0G       5.7M        63M       327M

MemTotal:        4016004 kB
MemFree:         3192628 kB
Active:           466512 kB
Mem:          3.8G       804M       3.0G       5.7M        63M       327M

MemTotal:        4016004 kB
MemFree:         3192132 kB
Active:           466552 kB
Mem:          3.8G       804M       3.0G       5.7M        63M       327M

MemTotal:        4016004 kB
MemFree:         3191760 kB
Active:           466552 kB
Mem:          3.8G       804M       3.0G       5.7M        63M       327M

MemTotal:        4016004 kB
MemFree:         3192116 kB
Active:           466548 kB
Mem:          3.8G       804M       3.0G       5.7M        63M       327M

MemTotal:        4016004 kB
MemFree:         3191976 kB
Active:           466552 kB
Mem:          3.8G       804M       3.0G       5.7M        63M       327M

MemTotal:        4016004 kB
MemFree:         3191712 kB
Active:           466564 kB
Mem:          3.8G       804M       3.0G       5.7M        63M       327M

MemTotal:        4016004 kB
MemFree:         3191588 kB
Active:           466564 kB
Mem:          3.8G       805M       3.0G       5.7M        63M       327M

MemTotal:        4016004 kB
MemFree:         3191572 kB
Active:           466536 kB
Mem:          3.8G       805M       3.0G       5.7M        63M       327M

MemTotal:        4016004 kB
MemFree:         3191556 kB
Active:           466564 kB
Mem:          3.8G       804M       3.0G       5.7M        63M       327M

MemTotal:        4016004 kB
MemFree:         3191804 kB
Active:           466536 kB
Mem:          3.8G       804M       3.0G       5.7M        63M       327M

MemTotal:        4016004 kB
MemFree:         3191912 kB
Active:           466520 kB
Mem:          3.8G       805M       3.0G       5.7M        63M       327M

MemTotal:        4016004 kB
MemFree:         3191648 kB
Active:           466536 kB
Mem:          3.8G       805M       3.0G       5.7M        63M       327M

MemTotal:        4016004 kB
MemFree:         3191292 kB
Active:           466576 kB
Mem:          3.8G       805M       3.0G       5.7M        63M       327M

MemTotal:        4016004 kB
MemFree:         3191788 kB
Active:           466520 kB
Mem:          3.8G       804M       3.0G       5.7M        63M       327M

MemTotal:        4016004 kB
MemFree:         3192160 kB
Active:           466548 kB
Mem:          3.8G       804M       3.0G       5.7M        63M       327M

MemTotal:        4016004 kB
MemFree:         3192036 kB
Active:           466564 kB
Mem:          3.8G       804M       3.0G       5.7M        63M       327M

MemTotal:        4016004 kB
MemFree:         3191912 kB
Active:           466576 kB
Mem:          3.8G       804M       3.0G       5.7M        63M       327M

MemTotal:        4016004 kB
MemFree:         3192036 kB
Active:           466568 kB
Mem:          3.8G       804M       3.0G       5.7M        63M       327M

MemTotal:        4016004 kB
MemFree:         3192036 kB
Active:           466560 kB
Mem:          3.8G       804M       3.0G       5.7M        63M       327M

MemTotal:        4016004 kB
MemFree:         3191788 kB
Active:           466588 kB
Mem:          3.8G       804M       3.0G       5.7M        63M       327M

MemTotal:        4016004 kB
MemFree:         3192036 kB
Active:           466548 kB
Mem:          3.8G       804M       3.0G       5.7M        63M       327M

MemTotal:        4016004 kB
MemFree:         3192036 kB
Active:           466552 kB
Mem:          3.8G       804M       3.0G       5.7M        63M       327M

MemTotal:        4016004 kB
MemFree:         3191664 kB
Active:           466588 kB
Mem:          3.8G       805M       3.0G       5.7M        63M       327M

MemTotal:        4016004 kB
MemFree:         3191540 kB
Active:           466588 kB
Mem:          3.8G       805M       3.0G       5.7M        63M       327M

MemTotal:        4016004 kB
MemFree:         3191788 kB
Active:           466572 kB
Mem:          3.8G       805M       3.0G       5.7M        63M       327M

MemTotal:        4016004 kB
MemFree:         3191880 kB
Active:           466588 kB
Mem:          3.8G       804M       3.0G       5.7M        63M       327M

MemTotal:        4016004 kB
MemFree:         3191880 kB
Active:           466576 kB
Mem:          3.8G       804M       3.0G       5.7M        63M       327M

MemTotal:        4016004 kB
MemFree:         3191368 kB
Active:           466600 kB
Mem:          3.8G       805M       3.0G       5.7M        63M       327M

MemTotal:        4016004 kB
MemFree:         3191724 kB
Active:           466568 kB
Mem:          3.8G       805M       3.0G       5.7M        63M       327M

MemTotal:        4016004 kB
MemFree:         3191336 kB
Active:           466608 kB
Mem:          3.8G       805M       3.0G       5.7M        63M       327M

MemTotal:        4016004 kB
MemFree:         3191336 kB
Active:           466608 kB
Mem:          3.8G       805M       3.0G       5.7M        63M       327M

MemTotal:        4016004 kB
MemFree:         3191956 kB
Active:           466552 kB
Mem:          3.8G       804M       3.0G       5.7M        63M       327M

MemTotal:        4016004 kB
MemFree:         3191724 kB
Active:           466600 kB
Mem:          3.8G       804M       3.0G       5.7M        63M       327M

MemTotal:        4016004 kB
MemFree:         3191724 kB
Active:           466552 kB
Mem:          3.8G       804M       3.0G       5.7M        63M       327M

MemTotal:        4016004 kB
MemFree:         3191848 kB
Active:           466584 kB
Mem:          3.8G       804M       3.0G       5.7M        63M       327M

MemTotal:        4016004 kB
MemFree:         3191848 kB
Active:           466584 kB
Mem:          3.8G       805M       3.0G       5.7M        63M       327M

MemTotal:        4016004 kB
MemFree:         3191724 kB
Active:           466592 kB
Mem:          3.8G       805M       3.0G       5.7M        63M       327M

MemTotal:        4016004 kB
MemFree:         3191512 kB
Active:           466620 kB
Mem:          3.8G       804M       3.0G       5.7M        63M       327M

MemTotal:        4016004 kB
MemFree:         3191884 kB
Active:           466620 kB
Mem:          3.8G       804M       3.0G       5.7M        63M       327M

MemTotal:        4016004 kB
MemFree:         3191884 kB
Active:           466620 kB
Mem:          3.8G       804M       3.0G       5.7M        63M       327M

MemTotal:        4016004 kB
MemFree:         3192008 kB
Active:           466620 kB
Mem:          3.8G       804M       3.0G       5.7M        63M       327M

MemTotal:        4016004 kB
MemFree:         3191620 kB
Active:           464704 kB
Mem:          3.8G       805M       3.0G       5.7M        63M       327M

MemTotal:        4016004 kB
MemFree:         3191868 kB
Active:           464632 kB
Mem:          3.8G       804M       3.0G       5.7M        63M       327M

MemTotal:        4016004 kB
MemFree:         3191248 kB
Active:           464692 kB
Mem:          3.8G       805M       3.0G       5.7M        63M       327M

MemTotal:        4016004 kB
MemFree:         3191496 kB
Active:           466748 kB
Mem:          3.8G       804M       3.0G       5.7M        63M       327M

MemTotal:        4016004 kB
MemFree:         3191620 kB
Active:           466744 kB
Mem:          3.8G       805M       3.0G       5.7M        63M       327M

MemTotal:        4016004 kB
MemFree:         3191620 kB
Active:           466720 kB
Mem:          3.8G       805M       3.0G       5.7M        63M       327M

MemTotal:        4016004 kB
MemFree:         3191620 kB
Active:           466752 kB
Mem:          3.8G       805M       3.0G       5.7M        63M       327M

MemTotal:        4016004 kB
MemFree:         3191108 kB
Active:           466760 kB
Mem:          3.8G       805M       3.0G       5.7M        63M       327M

MemTotal:        4016004 kB
MemFree:         3191744 kB
Active:           466744 kB
Mem:          3.8G       804M       3.0G       5.7M        63M       327M

MemTotal:        4016004 kB
MemFree:         3192240 kB
Active:           466716 kB
Mem:          3.8G       804M       3.0G       5.7M        63M       327M

MemTotal:        4016004 kB
MemFree:         3188888 kB
Active:           464868 kB
Mem:          3.8G       807M       3.0G       5.7M        63M       327M

MemTotal:        4016004 kB
MemFree:         3189508 kB
Active:           468784 kB
Mem:          3.8G       807M       3.0G       5.7M        63M       327M

MemTotal:        4016004 kB
MemFree:         3189508 kB
Active:           468740 kB
Mem:          3.8G       807M       3.0G       5.7M        63M       327M

MemTotal:        4016004 kB
MemFree:         3189136 kB
Active:           468796 kB
Mem:          3.8G       807M       3.0G       5.7M        63M       327M

MemTotal:        4016004 kB
MemFree:         3189620 kB
Active:           468784 kB
Mem:          3.8G       806M       3.0G       5.7M        63M       327M

MemTotal:        4016004 kB
MemFree:         3189544 kB
Active:           468776 kB
Mem:          3.8G       806M       3.0G       5.7M        63M       327M

MemTotal:        4016004 kB
MemFree:         3190072 kB
Active:           468784 kB
Mem:          3.8G       806M       3.0G       5.7M        63M       327M

MemTotal:        4016004 kB
MemFree:         3190196 kB
Active:           468772 kB
Mem:          3.8G       806M       3.0G       5.7M        63M       327M

MemTotal:        4016004 kB
MemFree:         3190196 kB
Active:           468756 kB
Mem:          3.8G       806M       3.0G       5.7M        63M       327M

MemTotal:        4016004 kB
MemFree:         3190244 kB
Active:           468756 kB
Mem:          3.8G       806M       3.0G       5.7M        63M       327M

MemTotal:        4016004 kB
MemFree:         3189872 kB
Active:           468812 kB
Mem:          3.8G       806M       3.0G       5.7M        63M       327M

MemTotal:        4016004 kB
MemFree:         3190368 kB
Active:           468764 kB
Mem:          3.8G       806M       3.0G       5.7M        63M       327M

MemTotal:        4016004 kB
MemFree:         3190244 kB
Active:           468812 kB
Mem:          3.8G       806M       3.0G       5.7M        63M       327M

MemTotal:        4016004 kB
MemFree:         3190368 kB
Active:           468796 kB
Mem:          3.8G       806M       3.0G       5.7M        63M       327M

MemTotal:        4016004 kB
MemFree:         3189624 kB
Active:           468820 kB
Mem:          3.8G       806M       3.0G       5.7M        63M       327M

MemTotal:        4016004 kB
MemFree:         3189996 kB
Active:           468772 kB
Mem:          3.8G       806M       3.0G       5.7M        63M       327M

MemTotal:        4016004 kB
MemFree:         3189624 kB
Active:           468828 kB
Mem:          3.8G       806M       3.0G       5.7M        63M       327M

MemTotal:        4016004 kB
MemFree:         3189872 kB
Active:           468792 kB
Mem:          3.8G       806M       3.0G       5.7M        63M       327M

MemTotal:        4016004 kB
MemFree:         3189904 kB
Active:           468784 kB
Mem:          3.8G       806M       3.0G       5.7M        63M       327M

MemTotal:        4016004 kB
MemFree:         3189796 kB
Active:           468804 kB
Mem:          3.8G       806M       3.0G       5.7M        63M       327M

MemTotal:        4016004 kB
MemFree:         3189796 kB
Active:           468772 kB
Mem:          3.8G       806M       3.0G       5.7M        63M       327M

MemTotal:        4016004 kB
MemFree:         3189672 kB
Active:           468824 kB
Mem:          3.8G       806M       3.0G       5.7M        63M       327M

MemTotal:        4016004 kB
MemFree:         3189936 kB
Active:           468808 kB
Mem:          3.8G       806M       3.0G       5.7M        63M       327M

MemTotal:        4016004 kB
MemFree:         3190308 kB
Active:           468792 kB
Mem:          3.8G       806M       3.0G       5.7M        63M       327M

MemTotal:        4016004 kB
MemFree:         3190308 kB
Active:           468804 kB
Mem:          3.8G       806M       3.0G       5.7M        63M       327M

MemTotal:        4016004 kB
MemFree:         3189812 kB
Active:           468836 kB
Mem:          3.8G       806M       3.0G       5.7M        63M       327M

MemTotal:        4016004 kB
MemFree:         3190432 kB
Active:           468820 kB
Mem:          3.8G       806M       3.0G       5.7M        63M       327M

MemTotal:        4016004 kB
MemFree:         3190184 kB
Active:           468828 kB
Mem:          3.8G       806M       3.0G       5.7M        63M       327M

MemTotal:        4016004 kB
MemFree:         3190184 kB
Active:           468836 kB
Mem:          3.8G       806M       3.0G       5.7M        63M       327M

MemTotal:        4016004 kB
MemFree:         3190076 kB
Active:           468780 kB
Mem:          3.8G       806M       3.0G       5.7M        63M       327M

MemTotal:        4016004 kB
MemFree:         3189216 kB
Active:           466940 kB
Mem:          3.8G       807M       3.0G       5.7M        63M       327M

MemTotal:        4016004 kB
MemFree:         3189516 kB
Active:           468952 kB
Mem:          3.8G       807M       3.0G       5.7M        63M       327M

MemTotal:        4016004 kB
MemFree:         3189764 kB
Active:           468948 kB
Mem:          3.8G       806M       3.0G       5.7M        63M       327M

MemTotal:        4016004 kB
MemFree:         3190012 kB
Active:           468964 kB
Mem:          3.8G       806M       3.0G       5.7M        63M       327M

MemTotal:        4016004 kB
MemFree:         3189640 kB
Active:           468980 kB
Mem:          3.8G       806M       3.0G       5.7M        63M       327M

MemTotal:        4016004 kB
MemFree:         3189764 kB
Active:           468980 kB
Mem:          3.8G       806M       3.0G       5.7M        63M       327M

MemTotal:        4016004 kB
MemFree:         3190400 kB
Active:           468768 kB
Mem:          3.8G       806M       3.0G       5.7M        63M       327M

MemTotal:        4016004 kB
MemFree:         3190044 kB
Active:           468816 kB
Mem:          3.8G       806M       3.0G       5.7M        63M       327M

MemTotal:        4016004 kB
MemFree:         3190168 kB
Active:           468796 kB
Mem:          3.8G       806M       3.0G       5.7M        63M       327M

MemTotal:        4016004 kB
MemFree:         3190292 kB
Active:           468800 kB
Mem:          3.8G       806M       3.0G       5.7M        63M       327M

MemTotal:        4016004 kB
MemFree:         3190196 kB
Active:           466848 kB
Mem:          3.8G       806M       3.0G       5.7M        63M       327M

MemTotal:        4016004 kB
MemFree:         3190352 kB
Active:           466776 kB
Mem:          3.8G       806M       3.0G       5.7M        63M       327M

MemTotal:        4016004 kB
MemFree:         3189732 kB
Active:           468836 kB
Mem:          3.8G       806M       3.0G       5.7M        63M       327M

MemTotal:        4016004 kB
MemFree:         3190352 kB
Active:           468824 kB
Mem:          3.8G       806M       3.0G       5.7M        63M       327M

MemTotal:        4016004 kB
MemFree:         3190104 kB
Active:           468808 kB
Mem:          3.8G       806M       3.0G       5.7M        63M       327M

MemTotal:        4016004 kB
MemFree:         3190228 kB
Active:           468812 kB
Mem:          3.8G       806M       3.0G       5.7M        63M       327M

MemTotal:        4016004 kB
MemFree:         3189996 kB
Active:           468844 kB
Mem:          3.8G       806M       3.0G       5.7M        63M       327M

MemTotal:        4016004 kB
MemFree:         3190492 kB
Active:           468788 kB
Mem:          3.8G       806M       3.0G       5.7M        63M       327M

MemTotal:        4016004 kB
MemFree:         3190244 kB
Active:           468844 kB
Mem:          3.8G       806M       3.0G       5.7M        63M       327M

MemTotal:        4016004 kB
MemFree:         3190368 kB
Active:           468804 kB
Mem:          3.8G       806M       3.0G       5.7M        63M       327M

MemTotal:        4016004 kB
MemFree:         3189684 kB
Active:           466880 kB
Mem:          3.8G       806M       3.0G       5.7M        63M       327M

MemTotal:        4016004 kB
MemFree:         3190116 kB
Active:           468828 kB
Mem:          3.8G       806M       3.0G       5.7M        63M       327M

MemTotal:        4016004 kB
MemFree:         3189992 kB
Active:           468832 kB
Mem:          3.8G       806M       3.0G       5.7M        63M       327M

MemTotal:        4016004 kB
MemFree:         3190240 kB
Active:           468828 kB
Mem:          3.8G       806M       3.0G       5.7M        63M       327M

MemTotal:        4016004 kB
MemFree:         3190240 kB
Active:           468824 kB
Mem:          3.8G       806M       3.0G       5.7M        63M       327M

MemTotal:        4016004 kB
MemFree:         3190116 kB
Active:           468832 kB
Mem:          3.8G       806M       3.0G       5.7M        63M       327M

MemTotal:        4016004 kB
MemFree:         3190240 kB
Active:           468836 kB
Mem:          3.8G       806M       3.0G       5.7M        63M       327M

MemTotal:        4016004 kB
MemFree:         3190240 kB
Active:           468824 kB
Mem:          3.8G       806M       3.0G       5.7M        63M       327M

MemTotal:        4016004 kB
MemFree:         3189868 kB
Active:           468868 kB
Mem:          3.8G       806M       3.0G       5.7M        63M       327M

MemTotal:        4016004 kB
MemFree:         3190116 kB
Active:           468812 kB
Mem:          3.8G       806M       3.0G       5.7M        63M       327M

MemTotal:        4016004 kB
MemFree:         3189308 kB
Active:           466856 kB
Mem:          3.8G       807M       3.0G       5.7M        63M       327M

MemTotal:        4016004 kB
MemFree:         3189988 kB
Active:           468868 kB
Mem:          3.8G       806M       3.0G       5.7M        63M       327M

MemTotal:        4016004 kB
MemFree:         3189492 kB
Active:           468876 kB
Mem:          3.8G       807M       3.0G       5.7M        63M       327M

MemTotal:        4016004 kB
MemFree:         3189740 kB
Active:           468884 kB
Mem:          3.8G       806M       3.0G       5.7M        63M       327M

MemTotal:        4016004 kB
MemFree:         3190360 kB
Active:           468880 kB
Mem:          3.8G       806M       3.0G       5.7M        63M       327M

MemTotal:        4016004 kB
MemFree:         3190236 kB
Active:           468852 kB
Mem:          3.8G       806M       3.0G       5.7M        63M       327M

MemTotal:        4016004 kB
MemFree:         3189988 kB
Active:           468836 kB
Mem:          3.8G       806M       3.0G       5.7M        63M       327M

MemTotal:        4016004 kB
MemFree:         3189740 kB
Active:           468840 kB
Mem:          3.8G       806M       3.0G       5.7M        63M       327M

MemTotal:        4016004 kB
MemFree:         3189988 kB
Active:           468892 kB
Mem:          3.8G       806M       3.0G       5.7M        63M       327M

MemTotal:        4016004 kB
MemFree:         3189988 kB
Active:           468888 kB
Mem:          3.8G       806M       3.0G       5.7M        63M       327M

MemTotal:        4016004 kB
MemFree:         3189988 kB
Active:           468872 kB
Mem:          3.8G       806M       3.0G       5.7M        63M       327M

MemTotal:        4016004 kB
MemFree:         3189988 kB
Active:           468884 kB
Mem:          3.8G       806M       3.0G       5.7M        63M       327M

MemTotal:        4016004 kB
MemFree:         3190112 kB
Active:           468900 kB
Mem:          3.8G       806M       3.0G       5.7M        63M       327M

MemTotal:        4016004 kB
MemFree:         3190484 kB
Active:           468900 kB
Mem:          3.8G       806M       3.0G       5.7M        63M       327M

MemTotal:        4016004 kB
MemFree:         3190484 kB
Active:           468892 kB
Mem:          3.8G       806M       3.0G       5.7M        63M       327M

MemTotal:        4016004 kB
MemFree:         3190608 kB
Active:           468888 kB
Mem:          3.8G       806M       3.0G       5.7M        63M       327M

MemTotal:        4016004 kB
MemFree:         3189988 kB
Active:           468904 kB
Mem:          3.8G       806M       3.0G       5.7M        63M       327M

MemTotal:        4016004 kB
MemFree:         3189740 kB
Active:           468904 kB
Mem:          3.8G       806M       3.0G       5.7M        63M       327M

MemTotal:        4016004 kB
MemFree:         3190608 kB
Active:           468856 kB
Mem:          3.8G       806M       3.0G       5.7M        63M       327M

MemTotal:        4016004 kB
MemFree:         3190608 kB
Active:           468876 kB
Mem:          3.8G       806M       3.0G       5.7M        63M       327M

MemTotal:        4016004 kB
MemFree:         3190360 kB
Active:           468868 kB
Mem:          3.8G       806M       3.0G       5.7M        63M       327M

MemTotal:        4016004 kB
MemFree:         3190360 kB
Active:           468904 kB
Mem:          3.8G       806M       3.0G       5.7M        63M       327M

MemTotal:        4016004 kB
MemFree:         3190360 kB
Active:           468880 kB
Mem:          3.8G       806M       3.0G       5.7M        63M       327M

MemTotal:        4016004 kB
MemFree:         3190360 kB
Active:           468880 kB
Mem:          3.8G       806M       3.0G       5.7M        63M       327M

MemTotal:        4016004 kB
MemFree:         3190484 kB
Active:           468912 kB
Mem:          3.8G       806M       3.0G       5.7M        63M       327M

MemTotal:        4016004 kB
MemFree:         3190608 kB
Active:           468904 kB
Mem:          3.8G       806M       3.0G       5.7M        63M       327M

MemTotal:        4016004 kB
MemFree:         3190360 kB
Active:           468888 kB
Mem:          3.8G       806M       3.0G       5.7M        63M       327M

MemTotal:        4016004 kB
MemFree:         3190236 kB
Active:           468920 kB
Mem:          3.8G       806M       3.0G       5.7M        63M       327M

MemTotal:        4016004 kB
MemFree:         3190112 kB
Active:           468880 kB
Mem:          3.8G       806M       3.0G       5.7M        63M       327M

MemTotal:        4016004 kB
MemFree:         3190112 kB
Active:           468880 kB
Mem:          3.8G       806M       3.0G       5.7M        63M       327M

MemTotal:        4016004 kB
MemFree:         3189024 kB
Active:           466964 kB
Mem:          3.8G       807M       3.0G       5.7M        63M       327M

MemTotal:        4016004 kB
MemFree:         3189476 kB
Active:           468932 kB
Mem:          3.8G       807M       3.0G       5.7M        63M       327M

MemTotal:        4016004 kB
MemFree:         3189848 kB
Active:           468876 kB
Mem:          3.8G       806M       3.0G       5.7M        63M       327M

MemTotal:        4016004 kB
MemFree:         3189848 kB
Active:           468940 kB
Mem:          3.8G       806M       3.0G       5.7M        63M       327M

MemTotal:        4016004 kB
MemFree:         3189724 kB
Active:           468888 kB
Mem:          3.8G       807M       3.0G       5.7M        63M       327M

MemTotal:        4016004 kB
MemFree:         3189724 kB
Active:           468940 kB
Mem:          3.8G       806M       3.0G       5.7M        63M       327M

MemTotal:        4016004 kB
MemFree:         3190344 kB
Active:           468936 kB
Mem:          3.8G       806M       3.0G       5.7M        63M       327M

MemTotal:        4016004 kB
MemFree:         3190220 kB
Active:           468916 kB
Mem:          3.8G       806M       3.0G       5.7M        63M       327M

MemTotal:        4016004 kB
MemFree:         3190096 kB
Active:           468920 kB
Mem:          3.8G       806M       3.0G       5.7M        63M       327M

MemTotal:        4016004 kB
MemFree:         3190096 kB
Active:           468944 kB
Mem:          3.8G       806M       3.0G       5.7M        63M       327M

MemTotal:        4016004 kB
MemFree:         3189856 kB
Active:           467032 kB
Mem:          3.8G       806M       3.0G       5.7M        63M       327M

MemTotal:        4016004 kB
MemFree:         3189956 kB
Active:           468940 kB
Mem:          3.8G       806M       3.0G       5.7M        63M       327M

MemTotal:        4016004 kB
MemFree:         3190080 kB
Active:           468932 kB
Mem:          3.8G       806M       3.0G       5.7M        63M       327M

MemTotal:        4016004 kB
MemFree:         3189832 kB
Active:           468960 kB
Mem:          3.8G       806M       3.0G       5.7M        63M       327M

MemTotal:        4016004 kB
MemFree:         3190204 kB
Active:           468960 kB
Mem:          3.8G       806M       3.0G       5.7M        63M       327M

MemTotal:        4016004 kB
MemFree:         3190204 kB
Active:           468964 kB
Mem:          3.8G       806M       3.0G       5.7M        63M       327M

MemTotal:        4016004 kB
MemFree:         3189956 kB
Active:           468924 kB
Mem:          3.8G       806M       3.0G       5.7M        63M       327M

MemTotal:        4016004 kB
MemFree:         3190080 kB
Active:           468976 kB
Mem:          3.8G       806M       3.0G       5.7M        63M       327M

MemTotal:        4016004 kB
MemFree:         3190204 kB
Active:           468952 kB
Mem:          3.8G       806M       3.0G       5.7M        63M       327M

MemTotal:        4016004 kB
MemFree:         3190328 kB
Active:           468936 kB
Mem:          3.8G       806M       3.0G       5.7M        63M       327M

MemTotal:        4016004 kB
MemFree:         3190328 kB
Active:           468960 kB
Mem:          3.8G       806M       3.0G       5.7M        63M       327M

MemTotal:        4016004 kB
MemFree:         3190328 kB
Active:           468932 kB
Mem:          3.8G       806M       3.0G       5.7M        63M       327M

MemTotal:        4016004 kB
MemFree:         3190452 kB
Active:           468976 kB
Mem:          3.8G       806M       3.0G       5.7M        63M       327M

MemTotal:        4016004 kB
MemFree:         3190452 kB
Active:           468980 kB
Mem:          3.8G       806M       3.0G       5.7M        63M       327M

MemTotal:        4016004 kB
MemFree:         3189832 kB
Active:           468940 kB
Mem:          3.8G       806M       3.0G       5.7M        63M       327M

MemTotal:        4016004 kB
MemFree:         3190080 kB
Active:           468948 kB
Mem:          3.8G       806M       3.0G       5.7M        63M       327M

MemTotal:        4016004 kB
MemFree:         3189832 kB
Active:           468948 kB
Mem:          3.8G       806M       3.0G       5.7M        63M       327M

MemTotal:        4016004 kB
MemFree:         3190328 kB
Active:           468984 kB
Mem:          3.8G       806M       3.0G       5.7M        63M       327M

MemTotal:        4016004 kB
MemFree:         3190204 kB
Active:           468948 kB
Mem:          3.8G       806M       3.0G       5.7M        63M       327M

MemTotal:        4016004 kB
MemFree:         3190328 kB
Active:           468964 kB
Mem:          3.8G       806M       3.0G       5.7M        63M       327M

MemTotal:        4016004 kB
MemFree:         3188156 kB
Active:           468992 kB
Mem:          3.8G       808M       3.0G       5.7M        63M       327M

MemTotal:        4016004 kB
MemFree:         3188280 kB
Active:           470968 kB
Mem:          3.8G       808M       3.0G       5.7M        63M       327M

MemTotal:        4016004 kB
MemFree:         3188032 kB
Active:           471024 kB
Mem:          3.8G       808M       3.0G       5.7M        63M       327M

MemTotal:        4016004 kB
MemFree:         3188156 kB
Active:           471024 kB
Mem:          3.8G       808M       3.0G       5.7M        63M       327M

MemTotal:        4016004 kB
MemFree:         3188032 kB
Active:           471032 kB
Mem:          3.8G       808M       3.0G       5.7M        63M       327M

MemTotal:        4016004 kB
MemFree:         3187784 kB
Active:           471032 kB
Mem:          3.8G       808M       3.0G       5.7M        63M       327M

MemTotal:        4016004 kB
MemFree:         3187908 kB
Active:           470992 kB
Mem:          3.8G       808M       3.0G       5.7M        63M       327M

MemTotal:        4016004 kB
MemFree:         3187908 kB
Active:           470984 kB
Mem:          3.8G       808M       3.0G       5.7M        63M       327M

MemTotal:        4016004 kB
MemFree:         3187536 kB
Active:           471036 kB
Mem:          3.8G       808M       3.0G       5.7M        63M       327M

MemTotal:        4016004 kB
MemFree:         3187536 kB
Active:           471040 kB
Mem:          3.8G       808M       3.0G       5.7M        63M       327M

MemTotal:        4016004 kB
MemFree:         3188156 kB
Active:           471008 kB
Mem:          3.8G       808M       3.0G       5.7M        63M       327M

MemTotal:        4016004 kB
MemFree:         3188156 kB
Active:           471000 kB
Mem:          3.8G       808M       3.0G       5.7M        63M       327M

MemTotal:        4016004 kB
MemFree:         3187660 kB
Active:           471052 kB
Mem:          3.8G       808M       3.0G       5.7M        63M       327M

MemTotal:        4016004 kB
MemFree:         3188528 kB
Active:           471032 kB
Mem:          3.8G       808M       3.0G       5.7M        63M       327M

MemTotal:        4016004 kB
MemFree:         3188528 kB
Active:           471016 kB
Mem:          3.8G       808M       3.0G       5.7M        63M       328M

MemTotal:        4016004 kB
MemFree:         3188156 kB
Active:           471056 kB
Mem:          3.8G       808M       3.0G       5.7M        63M       327M

MemTotal:        4016004 kB
MemFree:         3188156 kB
Active:           471020 kB
Mem:          3.8G       808M       3.0G       5.7M        63M       328M

MemTotal:        4016004 kB
MemFree:         3188156 kB
Active:           471060 kB
Mem:          3.8G       808M       3.0G       5.7M        63M       328M

MemTotal:        4016004 kB
MemFree:         3188280 kB
Active:           471012 kB
Mem:          3.8G       808M       3.0G       5.7M        63M       328M

MemTotal:        4016004 kB
MemFree:         3188156 kB
Active:           471012 kB
Mem:          3.8G       808M       3.0G       5.7M        63M       328M

MemTotal:        4016004 kB
MemFree:         3187072 kB
Active:           469112 kB
Mem:          3.8G       809M       3.0G       5.7M        63M       328M

MemTotal:        4016004 kB
MemFree:         3187472 kB
Active:           471032 kB
Mem:          3.8G       809M       3.0G       5.7M        63M       328M

MemTotal:        4016004 kB
MemFree:         3187472 kB
Active:           471064 kB
Mem:          3.8G       809M       3.0G       5.7M        63M       328M

MemTotal:        4016004 kB
MemFree:         3187224 kB
Active:           471072 kB
Mem:          3.8G       809M       3.0G       5.7M        63M       328M

MemTotal:        4016004 kB
MemFree:         3187472 kB
Active:           471036 kB
Mem:          3.8G       809M       3.0G       5.7M        63M       328M

MemTotal:        4016004 kB
MemFree:         3187596 kB
Active:           471044 kB
Mem:          3.8G       809M       3.0G       5.7M        63M       328M

MemTotal:        4016004 kB
MemFree:         3187596 kB
Active:           471048 kB
Mem:          3.8G       808M       3.0G       5.7M        63M       328M

MemTotal:        4016004 kB
MemFree:         3188216 kB
Active:           471056 kB
Mem:          3.8G       808M       3.0G       5.7M        63M       328M

MemTotal:        4016004 kB
MemFree:         3188092 kB
Active:           471044 kB
Mem:          3.8G       808M       3.0G       5.7M        63M       328M

MemTotal:        4016004 kB
MemFree:         3187844 kB
Active:           471028 kB
Mem:          3.8G       808M       3.0G       5.7M        63M       328M

MemTotal:        4016004 kB
MemFree:         3186868 kB
Active:           469060 kB
Mem:          3.8G       809M       3.0G       5.7M        63M       328M

MemTotal:        4016004 kB
MemFree:         3187716 kB
Active:           471072 kB
Mem:          3.8G       808M       3.0G       5.7M        63M       328M

MemTotal:        4016004 kB
MemFree:         3187592 kB
Active:           471080 kB
Mem:          3.8G       808M       3.0G       5.7M        63M       328M

MemTotal:        4016004 kB
MemFree:         3187716 kB
Active:           471064 kB
Mem:          3.8G       808M       3.0G       5.7M        63M       328M

MemTotal:        4016004 kB
MemFree:         3187840 kB
Active:           471060 kB
Mem:          3.8G       808M       3.0G       5.7M        63M       328M

MemTotal:        4016004 kB
MemFree:         3187344 kB
Active:           471088 kB
Mem:          3.8G       808M       3.0G       5.7M        63M       328M

MemTotal:        4016004 kB
MemFree:         3187840 kB
Active:           471048 kB
Mem:          3.8G       808M       3.0G       5.7M        63M       328M

MemTotal:        4016004 kB
MemFree:         3187684 kB
Active:           471060 kB
Mem:          3.8G       809M       3.0G       5.7M        63M       328M

MemTotal:        4016004 kB
MemFree:         3146016 kB
Active:           471412 kB
Mem:          3.8G       849M       3.0G       5.7M        63M       368M

MemTotal:        4016004 kB
MemFree:         3102024 kB
Active:           471412 kB
Mem:          3.8G       892M       3.0G       5.7M        63M       410M

MemTotal:        4016004 kB
MemFree:         3057660 kB
Active:           471392 kB
Mem:          3.8G       936M       2.9G       5.7M        63M       453M

MemTotal:        4016004 kB
MemFree:         3012800 kB
Active:           471384 kB
Mem:          3.8G       979M       2.9G       5.7M        63M       496M

MemTotal:        4016004 kB
MemFree:         2968684 kB
Active:           471372 kB
Mem:          3.8G       1.0G       2.8G       5.7M        63M       539M

MemTotal:        4016004 kB
MemFree:         2923576 kB
Active:           471428 kB
Mem:          3.8G       1.0G       2.8G       5.7M        63M       581M

MemTotal:        4016004 kB
MemFree:         2879428 kB
Active:           471416 kB
Mem:          3.8G       1.1G       2.7G       5.7M        63M       624M

MemTotal:        4016004 kB
MemFree:         2835028 kB
Active:           471384 kB
Mem:          3.8G       1.1G       2.7G       5.7M        63M       667M

MemTotal:        4016004 kB
MemFree:         2791452 kB
Active:           471412 kB
Mem:          3.8G       1.2G       2.7G       5.7M        63M       709M

MemTotal:        4016004 kB
MemFree:         2746720 kB
Active:           471436 kB
Mem:          3.8G       1.2G       2.6G       5.7M        63M       752M

MemTotal:        4016004 kB
MemFree:         2702012 kB
Active:           471452 kB
Mem:          3.8G       1.3G       2.6G       5.7M        63M       795M

MemTotal:        4016004 kB
MemFree:         2657652 kB
Active:           471416 kB
Mem:          3.8G       1.3G       2.5G       5.7M        63M       838M

MemTotal:        4016004 kB
MemFree:         2647788 kB
Active:           471484 kB
Mem:          3.8G       1.3G       2.5G       5.7M        63M       847M

MemTotal:        4016004 kB
MemFree:         2602336 kB
Active:           471440 kB
Mem:          3.8G       1.3G       2.5G       5.7M        63M       890M

MemTotal:        4016004 kB
MemFree:         2558132 kB
Active:           471492 kB
Mem:          3.8G       1.4G       2.4G       5.7M        63M       933M

MemTotal:        4016004 kB
MemFree:         2514624 kB
Active:           471448 kB
Mem:          3.8G       1.4G       2.4G       5.7M        63M       975M

MemTotal:        4016004 kB
MemFree:         2469956 kB
Active:           471500 kB
Mem:          3.8G       1.5G       2.4G       5.7M        63M       1.0G

MemTotal:        4016004 kB
MemFree:         2425716 kB
Active:           471504 kB
Mem:          3.8G       1.5G       2.3G       5.7M        63M       1.0G

MemTotal:        4016004 kB
MemFree:         2380856 kB
Active:           471456 kB
Mem:          3.8G       1.6G       2.3G       5.7M        63M       1.1G

MemTotal:        4016004 kB
MemFree:         2336228 kB
Active:           471488 kB
Mem:          3.8G       1.6G       2.2G       5.7M        63M       1.1G

MemTotal:        4016004 kB
MemFree:         2291988 kB
Active:           471508 kB
Mem:          3.8G       1.6G       2.2G       5.7M        63M       1.2G

MemTotal:        4016004 kB
MemFree:         2247436 kB
Active:           471512 kB
Mem:          3.8G       1.7G       2.1G       5.7M        63M       1.2G

MemTotal:        4016004 kB
MemFree:         2200932 kB
Active:           471500 kB
Mem:          3.8G       1.7G       2.1G       5.7M        63M       1.2G

MemTotal:        4016004 kB
MemFree:         2156412 kB
Active:           473560 kB
Mem:          3.8G       1.8G       2.1G       5.7M        63M       1.3G

MemTotal:        4016004 kB
MemFree:         2116244 kB
Active:           473560 kB
Mem:          3.8G       1.8G       2.0G       5.7M        63M       1.3G

MemTotal:        4016004 kB
MemFree:         2115528 kB
Active:           473552 kB
Mem:          3.8G       1.8G       2.0G       5.7M        63M       1.3G

MemTotal:        4016004 kB
MemFree:         2115440 kB
Active:           473560 kB
Mem:          3.8G       1.8G       2.0G       5.7M        63M       1.3G

MemTotal:        4016004 kB
MemFree:         2086140 kB
Active:           473592 kB
Mem:          3.8G       1.8G       2.0G       5.7M        63M       1.4G

MemTotal:        4016004 kB
MemFree:         2041204 kB
Active:           473600 kB
Mem:          3.8G       1.9G       1.9G       5.7M        63M       1.4G

MemTotal:        4016004 kB
MemFree:         1998828 kB
Active:           473604 kB
Mem:          3.8G       1.9G       1.9G       5.7M        63M       1.4G

MemTotal:        4016004 kB
MemFree:         1954340 kB
Active:           473604 kB
Mem:          3.8G       2.0G       1.9G       5.7M        63M       1.5G

MemTotal:        4016004 kB
MemFree:         1910968 kB
Active:           473576 kB
Mem:          3.8G       2.0G       1.8G       5.7M        63M       1.5G

MemTotal:        4016004 kB
MemFree:         1865224 kB
Active:           473616 kB
Mem:          3.8G       2.1G       1.8G       5.7M        63M       1.6G

MemTotal:        4016004 kB
MemFree:         1820364 kB
Active:           473596 kB
Mem:          3.8G       2.1G       1.7G       5.7M        63M       1.6G

MemTotal:        4016004 kB
MemFree:         1776124 kB
Active:           473608 kB
Mem:          3.8G       2.1G       1.7G       5.7M        63M       1.6G

MemTotal:        4016004 kB
MemFree:         1731308 kB
Active:           473620 kB
Mem:          3.8G       2.2G       1.7G       5.7M        63M       1.7G

MemTotal:        4016004 kB
MemFree:         1703500 kB
Active:           473572 kB
Mem:          3.8G       2.2G       1.6G       5.7M        63M       1.7G

MemTotal:        4016004 kB
MemFree:         1670736 kB
Active:           473628 kB
Mem:          3.8G       2.2G       1.6G       5.7M        63M       1.7G

MemTotal:        4016004 kB
MemFree:         1653652 kB
Active:           473632 kB
Mem:          3.8G       2.3G       1.6G       5.7M        63M       1.8G

MemTotal:        4016004 kB
MemFree:         1608948 kB
Active:           473652 kB
Mem:          3.8G       2.3G       1.5G       5.7M        63M       1.8G

MemTotal:        4016004 kB
MemFree:         1565100 kB
Active:           473652 kB
Mem:          3.8G       2.3G       1.5G       5.7M        63M       1.8G

MemTotal:        4016004 kB
MemFree:         1520712 kB
Active:           473656 kB
Mem:          3.8G       2.4G       1.5G       5.7M        63M       1.9G

MemTotal:        4016004 kB
MemFree:         1473340 kB
Active:           475708 kB
Mem:          3.8G       2.4G       1.4G       5.7M        63M       1.9G

MemTotal:        4016004 kB
MemFree:         1429720 kB
Active:           475692 kB
Mem:          3.8G       2.5G       1.4G       5.7M        63M       2.0G

MemTotal:        4016004 kB
MemFree:         1385232 kB
Active:           475648 kB
Mem:          3.8G       2.5G       1.3G       5.7M        63M       2.0G

MemTotal:        4016004 kB
MemFree:         1340868 kB
Active:           475672 kB
Mem:          3.8G       2.6G       1.3G       5.7M        63M       2.1G

MemTotal:        4016004 kB
MemFree:         1296408 kB
Active:           475712 kB
Mem:          3.8G       2.6G       1.2G       5.7M        63M       2.1G

MemTotal:        4016004 kB
MemFree:         1252092 kB
Active:           475692 kB
Mem:          3.8G       2.6G       1.2G       5.7M        63M       2.1G

MemTotal:        4016004 kB
MemFree:         1207128 kB
Active:           475664 kB
Mem:          3.8G       2.7G       1.2G       5.7M        63M       2.2G

MemTotal:        4016004 kB
MemFree:         1162612 kB
Active:           475672 kB
Mem:          3.8G       2.7G       1.1G       5.7M        63M       2.2G

MemTotal:        4016004 kB
MemFree:         1134896 kB
Active:           475668 kB
Mem:          3.8G       2.7G       1.1G       5.7M        63M       2.2G

MemTotal:        4016004 kB
MemFree:         1134764 kB
Active:           475676 kB
Mem:          3.8G       2.7G       1.1G       5.7M        63M       2.2G

MemTotal:        4016004 kB
MemFree:         1134704 kB
Active:           475732 kB
Mem:          3.8G       2.7G       1.1G       5.7M        63M       2.2G

MemTotal:        4016004 kB
MemFree:         1135052 kB
Active:           475720 kB
Mem:          3.8G       2.7G       1.1G       5.7M        63M       2.2G

MemTotal:        4016004 kB
MemFree:         1102708 kB
Active:           475740 kB
Mem:          3.8G       2.8G       1.1G       5.7M        63M       2.3G

MemTotal:        4016004 kB
MemFree:         1058468 kB
Active:           475688 kB
Mem:          3.8G       2.8G       1.0G       5.7M        63M       2.3G

MemTotal:        4016004 kB
MemFree:         1013840 kB
Active:           475704 kB
Mem:          3.8G       2.9G       990M       5.7M        63M       2.4G

MemTotal:        4016004 kB
MemFree:          971336 kB
Active:           475744 kB
Mem:          3.8G       2.9G       947M       5.7M        63M       2.4G

MemTotal:        4016004 kB
MemFree:          925560 kB
Active:           475752 kB
Mem:          3.8G       2.9G       904M       5.7M        63M       2.4G

MemTotal:        4016004 kB
MemFree:          881700 kB
Active:           475700 kB
Mem:          3.8G       3.0G       860M       5.7M        63M       2.5G

MemTotal:        4016004 kB
MemFree:          836468 kB
Active:           475704 kB
Mem:          3.8G       3.0G       816M       5.7M        63M       2.5G

MemTotal:        4016004 kB
MemFree:          791980 kB
Active:           475720 kB
Mem:          3.8G       3.1G       773M       5.7M        63M       2.6G

MemTotal:        4016004 kB
MemFree:          748288 kB
Active:           475756 kB
Mem:          3.8G       3.1G       730M       5.7M        63M       2.6G

MemTotal:        4016004 kB
MemFree:          703788 kB
Active:           475744 kB
Mem:          3.8G       3.2G       686M       5.7M        63M       2.7G

MemTotal:        4016004 kB
MemFree:          658312 kB
Active:           475772 kB
Mem:          3.8G       3.2G       642M       5.7M        63M       2.7G

MemTotal:        4016004 kB
MemFree:          613592 kB
Active:           475756 kB
Mem:          3.8G       3.2G       598M       5.7M        63M       2.7G

MemTotal:        4016004 kB
MemFree:          584772 kB
Active:           475784 kB
Mem:          3.8G       3.3G       571M       5.7M        63M       2.8G

MemTotal:        4016004 kB
MemFree:          582368 kB
Active:           475796 kB
Mem:          3.8G       3.3G       568M       5.7M        63M       2.8G

MemTotal:        4016004 kB
MemFree:          539556 kB
Active:           475816 kB
Mem:          3.8G       3.3G       526M       5.7M        63M       2.8G

MemTotal:        4016004 kB
MemFree:          494668 kB
Active:           475820 kB
Mem:          3.8G       3.4G       482M       5.7M        63M       2.8G

MemTotal:        4016004 kB
MemFree:          450156 kB
Active:           475820 kB
Mem:          3.8G       3.4G       439M       5.7M        63M       2.9G

MemTotal:        4016004 kB
MemFree:          405776 kB
Active:           475784 kB
Mem:          3.8G       3.4G       396M       5.7M        63M       2.9G

MemTotal:        4016004 kB
MemFree:          360792 kB
Active:           475804 kB
Mem:          3.8G       3.5G       352M       5.7M        63M       3.0G

MemTotal:        4016004 kB
MemFree:          316924 kB
Active:           475804 kB
Mem:          3.8G       3.5G       308M       5.7M        63M       3.0G

MemTotal:        4016004 kB
MemFree:          272684 kB
Active:           475812 kB
Mem:          3.8G       3.6G       266M       5.7M        63M       3.1G

MemTotal:        4016004 kB
MemFree:          227560 kB
Active:           475796 kB
Mem:          3.8G       3.6G       221M       5.7M        63M       3.1G

MemTotal:        4016004 kB
MemFree:          182576 kB
Active:           475828 kB
Mem:          3.8G       3.7G       178M       5.7M        63M       3.1G

MemTotal:        4016004 kB
MemFree:          137564 kB
Active:           475840 kB
Mem:          3.8G       3.7G       134M       5.7M        63M       3.2G

MemTotal:        4016004 kB
MemFree:          136060 kB
Active:           475964 kB
Mem:          3.8G       3.7G       131M       5.7M        30M       3.2G

MemTotal:        4016004 kB
MemFree:          121360 kB
Active:           477564 kB
Mem:          3.8G       3.7G       118M       5.7M        30M       3.2G

MemTotal:        4016004 kB
MemFree:          132212 kB
Active:           487252 kB
Mem:          3.8G       3.7G       128M       5.7M        30M       3.2G

MemTotal:        4016004 kB
MemFree:          131716 kB
Active:           535884 kB
Mem:          3.8G       3.7G       128M       5.7M        30M       3.2G

MemTotal:        4016004 kB
MemFree:          131820 kB
Active:           533876 kB
Mem:          3.8G       3.7G       128M       5.7M        30M       3.2G

MemTotal:        4016004 kB
MemFree:          124312 kB
Active:           535816 kB
Mem:          3.8G       3.7G       120M       5.7M        30M       3.2G

MemTotal:        4016004 kB
MemFree:          126116 kB
Active:           530824 kB
Mem:          3.8G       3.7G       122M       5.7M        30M       3.2G

MemTotal:        4016004 kB
MemFree:          129668 kB
Active:           521824 kB
Mem:          3.8G       3.7G       126M       5.7M        30M       3.2G

MemTotal:        4016004 kB
MemFree:          128776 kB
Active:           512396 kB
Mem:          3.8G       3.7G       125M       5.7M        30M       3.2G

MemTotal:        4016004 kB
MemFree:          119956 kB
Active:           507064 kB
Mem:          3.8G       3.7G       117M       5.7M        30M       3.2G

MemTotal:        4016004 kB
MemFree:          111056 kB
Active:           503472 kB
Mem:          3.8G       3.7G       108M       5.7M        30M       3.2G

MemTotal:        4016004 kB
MemFree:          120636 kB
Active:           498236 kB
Mem:          3.8G       3.7G       117M       5.7M        30M       3.2G

MemTotal:        4016004 kB
MemFree:          111716 kB
Active:           492804 kB
Mem:          3.8G       3.7G       109M       5.7M        30M       3.2G

MemTotal:        4016004 kB
MemFree:          105008 kB
Active:           489348 kB
Mem:          3.8G       3.7G       102M       5.7M        30M       3.2G

MemTotal:        4016004 kB
MemFree:          110648 kB
Active:           487428 kB
Mem:          3.8G       3.7G       107M       5.7M        30M       3.2G

MemTotal:        4016004 kB
MemFree:          126352 kB
Active:           480188 kB
Mem:          3.8G       3.7G       123M       5.7M        30M       3.2G

MemTotal:        4016004 kB
MemFree:          105756 kB
Active:           476184 kB
Mem:          3.8G       3.7G       102M       5.7M        30M       3.2G

MemTotal:        4016004 kB
MemFree:          107912 kB
Active:           470716 kB
Mem:          3.8G       3.7G       104M       5.7M        30M       3.2G

MemTotal:        4016004 kB
MemFree:          135676 kB
Active:           466576 kB
Mem:          3.8G       3.7G       132M       5.7M        30M       3.2G

MemTotal:        4016004 kB
MemFree:          127316 kB
Active:           465316 kB
Mem:          3.8G       3.7G       123M       5.7M        30M       3.2G

MemTotal:        4016004 kB
MemFree:          105736 kB
Active:           463908 kB
Mem:          3.8G       3.7G       103M       5.7M        30M       3.2G

MemTotal:        4016004 kB
MemFree:          114428 kB
Active:           461864 kB
Mem:          3.8G       3.7G       111M       5.7M        30M       3.2G

MemTotal:        4016004 kB
MemFree:          107016 kB
Active:           460456 kB
Mem:          3.8G       3.7G       104M       5.7M        30M       3.2G

MemTotal:        4016004 kB
MemFree:          134796 kB
Active:           458276 kB
Mem:          3.8G       3.7G       131M       5.7M        30M       3.2G

MemTotal:        4016004 kB
MemFree:          108348 kB
Active:           455216 kB
Mem:          3.8G       3.7G       105M       5.7M        30M       3.2G

MemTotal:        4016004 kB
MemFree:          135524 kB
Active:           451116 kB
Mem:          3.8G       3.7G       132M       5.7M        30M       3.2G

MemTotal:        4016004 kB
MemFree:          123440 kB
Active:           451000 kB
Mem:          3.8G       3.7G       120M       5.7M        30M       3.2G

MemTotal:        4016004 kB
MemFree:          128540 kB
Active:           449080 kB
Mem:          3.8G       3.7G       125M       5.7M        30M       3.2G

MemTotal:        4016004 kB
MemFree:          137980 kB
Active:           447504 kB
Mem:          3.8G       3.7G       134M       5.7M        30M       3.2G

MemTotal:        4016004 kB
MemFree:          129008 kB
Active:           446380 kB
Mem:          3.8G       3.7G       126M       5.7M        30M       3.2G

MemTotal:        4016004 kB
MemFree:          120752 kB
Active:           445252 kB
Mem:          3.8G       3.7G       117M       5.7M        30M       3.2G

MemTotal:        4016004 kB
MemFree:          129536 kB
Active:           443204 kB
Mem:          3.8G       3.7G       125M       5.7M        30M       3.2G

MemTotal:        4016004 kB
MemFree:          120212 kB
Active:           442052 kB
Mem:          3.8G       3.7G       117M       5.7M        30M       3.2G

MemTotal:        4016004 kB
MemFree:          111380 kB
Active:           440772 kB
Mem:          3.8G       3.7G       108M       5.7M        30M       3.2G

MemTotal:        4016004 kB
MemFree:          120608 kB
Active:           434680 kB
Mem:          3.8G       3.7G       121M       5.7M        30M       3.2G

MemTotal:        4016004 kB
MemFree:          122216 kB
Active:           433824 kB
Mem:          3.8G       3.7G       119M       5.7M        30M       3.2G

MemTotal:        4016004 kB
MemFree:          113372 kB
Active:           432308 kB
Mem:          3.8G       3.7G       109M       5.7M        30M       3.2G

MemTotal:        4016004 kB
MemFree:          105280 kB
Active:           431168 kB
Mem:          3.8G       3.7G       103M       5.7M        30M       3.2G

MemTotal:        4016004 kB
MemFree:          117880 kB
Active:           429120 kB
Mem:          3.8G       3.7G       115M       5.7M        30M       3.2G

MemTotal:        4016004 kB
MemFree:          118440 kB
Active:           429108 kB
Mem:          3.8G       3.7G       115M       5.7M        30M       3.2G

MemTotal:        4016004 kB
MemFree:          118908 kB
Active:           429128 kB
Mem:          3.8G       3.7G       115M       5.7M        30M       3.2G

MemTotal:        4016004 kB
MemFree:          111548 kB
Active:           427984 kB
Mem:          3.8G       3.7G       108M       5.7M        30M       3.2G

MemTotal:        4016004 kB
MemFree:          127712 kB
Active:           426292 kB
Mem:          3.8G       3.7G       123M       5.7M        30M       3.2G

MemTotal:        4016004 kB
MemFree:          106240 kB
Active:           425044 kB
Mem:          3.8G       3.7G       103M       5.7M        30M       3.2G

MemTotal:        4016004 kB
MemFree:          107756 kB
Active:           423124 kB
Mem:          3.8G       3.7G       105M       5.7M        30M       3.2G

MemTotal:        4016004 kB
MemFree:          134432 kB
Active:           420956 kB
Mem:          3.8G       3.7G       131M       5.7M        30M       3.2G

MemTotal:        4016004 kB
MemFree:          106872 kB
Active:           419932 kB
Mem:          3.8G       3.7G       104M       5.7M        30M       3.2G

MemTotal:        4016004 kB
MemFree:          134092 kB
Active:           417756 kB
Mem:          3.8G       3.7G       130M       5.7M        30M       3.2G

MemTotal:        4016004 kB
MemFree:          142960 kB
Active:           415548 kB
Mem:          3.8G       3.7G       139M       5.7M        30M       3.2G

MemTotal:        4016004 kB
MemFree:          109200 kB
Active:           415540 kB
Mem:          3.8G       3.7G       106M       5.7M        30M       3.2G

MemTotal:        4016004 kB
MemFree:          106516 kB
Active:           414460 kB
Mem:          3.8G       3.7G       104M       5.7M        30M       3.2G

MemTotal:        4016004 kB
MemFree:          127360 kB
Active:           412796 kB
Mem:          3.8G       3.7G       124M       5.7M        30M       3.2G

MemTotal:        4016004 kB
MemFree:          125544 kB
Active:           412616 kB
Mem:          3.8G       3.7G       122M       5.7M        30M       3.2G

MemTotal:        4016004 kB
MemFree:          115876 kB
Active:           411648 kB
Mem:          3.8G       3.7G       113M       5.7M        30M       3.2G

MemTotal:        4016004 kB
MemFree:          133068 kB
Active:           410120 kB
Mem:          3.8G       3.7G       129M       5.7M        30M       3.2G

MemTotal:        4016004 kB
MemFree:          132988 kB
Active:           410104 kB
Mem:          3.8G       3.7G       129M       5.7M        30M       3.2G

MemTotal:        4016004 kB
MemFree:          127428 kB
Active:           408848 kB
Mem:          3.8G       3.7G       124M       5.7M        30M       3.2G

MemTotal:        4016004 kB
MemFree:          117920 kB
Active:           407824 kB
Mem:          3.8G       3.7G       115M       5.7M        30M       3.2G

MemTotal:        4016004 kB
MemFree:          126428 kB
Active:           405776 kB
Mem:          3.8G       3.7G       123M       5.7M        30M       3.2G

MemTotal:        4016004 kB
MemFree:          118440 kB
Active:           404368 kB
Mem:          3.8G       3.7G       115M       5.7M        30M       3.2G

MemTotal:        4016004 kB
MemFree:          110800 kB
Active:           403172 kB
Mem:          3.8G       3.7G       108M       5.7M        30M       3.2G

MemTotal:        4016004 kB
MemFree:          116384 kB
Active:           402156 kB
Mem:          3.8G       3.7G       113M       5.7M        30M       3.2G

MemTotal:        4016004 kB
MemFree:          131752 kB
Active:           402168 kB
Mem:          3.8G       3.7G       128M       5.7M        30M       3.2G

MemTotal:        4016004 kB
MemFree:          126036 kB
Active:           402176 kB
Mem:          3.8G       3.7G       122M       5.7M        30M       3.2G

MemTotal:        4016004 kB
MemFree:          123564 kB
Active:           402032 kB
Mem:          3.8G       3.7G       120M       5.7M        30M       3.2G

MemTotal:        4016004 kB
MemFree:          125444 kB
Active:           402108 kB
Mem:          3.8G       3.7G       122M       5.7M        30M       3.2G

MemTotal:        4016004 kB
MemFree:          129040 kB
Active:           402116 kB
Mem:          3.8G       3.7G       125M       5.7M        30M       3.2G

MemTotal:        4016004 kB
MemFree:          108620 kB
Active:           402116 kB
Mem:          3.8G       3.7G       106M       5.7M        30M       3.2G

MemTotal:        4016004 kB
MemFree:          135928 kB
Active:           402120 kB
Mem:          3.8G       3.7G       132M       5.7M        30M       3.2G

MemTotal:        4016004 kB
MemFree:          127088 kB
Active:           402064 kB
Mem:          3.8G       3.7G       123M       5.7M        30M       3.2G

MemTotal:        4016004 kB
MemFree:          130540 kB
Active:           401984 kB
Mem:          3.8G       3.7G       127M       5.7M        30M       3.2G

MemTotal:        4016004 kB
MemFree:          140120 kB
Active:           401980 kB
Mem:          3.8G       3.7G       136M       5.7M        30M       3.2G

MemTotal:        4016004 kB
MemFree:          130940 kB
Active:           401980 kB
Mem:          3.8G       3.7G       127M       5.7M        30M       3.2G

MemTotal:        4016004 kB
MemFree:          122876 kB
Active:           402004 kB
Mem:          3.8G       3.7G       119M       5.7M        30M       3.2G

MemTotal:        4016004 kB
MemFree:          128336 kB
Active:           401996 kB
Mem:          3.8G       3.7G       124M       5.7M        30M       3.2G

MemTotal:        4016004 kB
MemFree:          131348 kB
Active:           402048 kB
Mem:          3.8G       3.7G       128M       5.7M        30M       3.2G

MemTotal:        4016004 kB
MemFree:          131008 kB
Active:           401972 kB
Mem:          3.8G       3.7G       127M       5.7M        30M       3.2G

MemTotal:        4016004 kB
MemFree:          105456 kB
Active:           401976 kB
Mem:          3.8G       3.7G       102M       5.7M        30M       3.2G

MemTotal:        4016004 kB
MemFree:          113700 kB
Active:           401988 kB
Mem:          3.8G       3.7G       110M       5.7M        30M       3.2G

MemTotal:        4016004 kB
MemFree:          105504 kB
Active:           401940 kB
Mem:          3.8G       3.7G       103M       5.7M        30M       3.2G

MemTotal:        4016004 kB
MemFree:          133236 kB
Active:           401980 kB
Mem:          3.8G       3.7G       130M       5.7M        30M       3.2G

MemTotal:        4016004 kB
MemFree:          142624 kB
Active:           401984 kB
Mem:          3.8G       3.7G       139M       5.7M        30M       3.2G

MemTotal:        4016004 kB
MemFree:          134180 kB
Active:           401968 kB
Mem:          3.8G       3.7G       131M       5.7M        30M       3.2G

MemTotal:        4016004 kB
MemFree:          124932 kB
Active:           401892 kB
Mem:          3.8G       3.7G       121M       5.7M        30M       3.2G

MemTotal:        4016004 kB
MemFree:          133328 kB
Active:           401844 kB
Mem:          3.8G       3.7G       129M       5.7M        30M       3.2G

MemTotal:        4016004 kB
MemFree:          136044 kB
Active:           401884 kB
Mem:          3.8G       3.7G       133M       5.7M        30M       3.2G

MemTotal:        4016004 kB
MemFree:          127224 kB
Active:           401880 kB
Mem:          3.8G       3.7G       124M       5.7M        30M       3.2G

MemTotal:        4016004 kB
MemFree:          118884 kB
Active:           401884 kB
Mem:          3.8G       3.7G       116M       5.7M        30M       3.2G

MemTotal:        4016004 kB
MemFree:          126884 kB
Active:           401936 kB
Mem:          3.8G       3.7G       123M       5.7M        30M       3.2G

MemTotal:        4016004 kB
MemFree:          134540 kB
Active:           401928 kB
Mem:          3.8G       3.7G       130M       5.7M        30M       3.2G

MemTotal:        4016004 kB
MemFree:          124880 kB
Active:           401808 kB
Mem:          3.8G       3.7G       122M       5.7M        30M       3.2G

MemTotal:        4016004 kB
MemFree:          134340 kB
Active:           401804 kB
Mem:          3.8G       3.7G       131M       5.7M        30M       3.2G

MemTotal:        4016004 kB
MemFree:          132036 kB
Active:           401788 kB
Mem:          3.8G       3.7G       127M       5.7M        30M       3.2G

MemTotal:        4016004 kB
MemFree:          122604 kB
Active:           401792 kB
Mem:          3.8G       3.7G       119M       5.7M        30M       3.2G

MemTotal:        4016004 kB
MemFree:          142172 kB
Active:           401816 kB
Mem:          3.8G       3.7G       138M       5.7M        30M       3.2G

MemTotal:        4016004 kB
MemFree:          133060 kB
Active:           401824 kB
Mem:          3.8G       3.7G       129M       5.7M        30M       3.2G

MemTotal:        4016004 kB
MemFree:          126288 kB
Active:           401808 kB
Mem:          3.8G       3.7G       122M       5.7M        30M       3.2G

MemTotal:        4016004 kB
MemFree:          126248 kB
Active:           401748 kB
Mem:          3.8G       3.7G       122M       5.7M        30M       3.2G

MemTotal:        4016004 kB
MemFree:          117504 kB
Active:           401784 kB
Mem:          3.8G       3.7G       114M       5.7M        30M       3.2G

MemTotal:        4016004 kB
MemFree:          127268 kB
Active:           401828 kB
Mem:          3.8G       3.7G       124M       5.7M        30M       3.2G

MemTotal:        4016004 kB
MemFree:          127788 kB
Active:           401824 kB
Mem:          3.8G       3.7G       124M       5.7M        30M       3.2G

MemTotal:        4016004 kB
MemFree:          135744 kB
Active:           401836 kB
Mem:          3.8G       3.7G       132M       5.7M        30M       3.2G

MemTotal:        4016004 kB
MemFree:          132080 kB
Active:           401820 kB
Mem:          3.8G       3.7G       129M       5.7M        30M       3.2G

MemTotal:        4016004 kB
MemFree:          123820 kB
Active:           401796 kB
Mem:          3.8G       3.7G       121M       5.7M        30M       3.2G

MemTotal:        4016004 kB
MemFree:          127668 kB
Active:           402000 kB
Mem:          3.8G       3.7G       124M       5.7M        30M       3.2G

MemTotal:        4016004 kB
MemFree:          113508 kB
Active:           395516 kB
Mem:          3.8G       3.7G       110M       5.7M        30M       3.2G

MemTotal:        4016004 kB
MemFree:          104880 kB
Active:           395516 kB
Mem:          3.8G       3.7G       106M       5.7M        30M       3.2G

MemTotal:        4016004 kB
MemFree:          131680 kB
Active:           395556 kB
Mem:          3.8G       3.7G       127M       5.7M        30M       3.2G

MemTotal:        4016004 kB
MemFree:          131200 kB
Active:           395512 kB
Mem:          3.8G       3.7G       128M       5.7M        30M       3.2G

MemTotal:        4016004 kB
MemFree:          128432 kB
Active:           395572 kB
Mem:          3.8G       3.7G       124M       5.7M        30M       3.2G

MemTotal:        4016004 kB
MemFree:          129760 kB
Active:           395572 kB
Mem:          3.8G       3.7G       126M       5.7M        30M       3.2G

MemTotal:        4016004 kB
MemFree:          119208 kB
Active:           395572 kB
Mem:          3.8G       3.7G       115M       5.7M        30M       3.2G

MemTotal:        4016004 kB
MemFree:          140960 kB
Active:           395532 kB
Mem:          3.8G       3.7G       137M       5.7M        30M       3.2G

MemTotal:        4016004 kB
MemFree:          123748 kB
Active:           395588 kB
Mem:          3.8G       3.7G       130M       5.7M        30M       3.2G

MemTotal:        4016004 kB
MemFree:          127512 kB
Active:           394728 kB
Mem:          3.8G       3.7G       124M       5.7M        30M       3.2G

MemTotal:        4016004 kB
MemFree:          135860 kB
Active:           394616 kB
Mem:          3.8G       3.7G       132M       5.7M        30M       3.2G

MemTotal:        4016004 kB
MemFree:          145340 kB
Active:           394620 kB
Mem:          3.8G       3.7G       141M       5.7M        30M       3.2G

MemTotal:        4016004 kB
MemFree:          124972 kB
Active:           394580 kB
Mem:          3.8G       3.7G       122M       5.7M        30M       3.2G

MemTotal:        4016004 kB
MemFree:          128004 kB
Active:           394624 kB
Mem:          3.8G       3.7G       124M       5.7M        30M       3.2G

MemTotal:        4016004 kB
MemFree:          125820 kB
Active:           394604 kB
Mem:          3.8G       3.7G       122M       5.7M        30M       3.2G

MemTotal:        4016004 kB
MemFree:          117032 kB
Active:           394624 kB
Mem:          3.8G       3.7G       114M       5.7M        30M       3.2G

MemTotal:        4016004 kB
MemFree:          109468 kB
Active:           394624 kB
Mem:          3.8G       3.7G       105M       5.7M        30M       3.2G

MemTotal:        4016004 kB
MemFree:          114236 kB
Active:           392580 kB
Mem:          3.8G       3.7G       111M       5.7M        30M       3.2G

MemTotal:        4016004 kB
MemFree:          105196 kB
Active:           392544 kB
Mem:          3.8G       3.7G       102M       5.7M        30M       3.2G

MemTotal:        4016004 kB
MemFree:          106664 kB
Active:           392592 kB
Mem:          3.8G       3.7G       103M       5.7M        30M       3.2G

MemTotal:        4016004 kB
MemFree:          113420 kB
Active:           392544 kB
Mem:          3.8G       3.7G       110M       5.7M        30M       3.2G

MemTotal:        4016004 kB
MemFree:          105052 kB
Active:           392604 kB
Mem:          3.8G       3.7G       121M       5.7M        30M       3.2G

MemTotal:        4016004 kB
MemFree:          126472 kB
Active:           392608 kB
Mem:          3.8G       3.7G       123M       5.7M        30M       3.2G

MemTotal:        4016004 kB
MemFree:          118252 kB
Active:           392580 kB
Mem:          3.8G       3.7G       115M       5.7M        30M       3.2G

MemTotal:        4016004 kB
MemFree:          126804 kB
Active:           392596 kB
Mem:          3.8G       3.7G       123M       5.7M        30M       3.2G

MemTotal:        4016004 kB
MemFree:          118636 kB
Active:           392564 kB
Mem:          3.8G       3.7G       116M       5.7M        30M       3.2G

MemTotal:        4016004 kB
MemFree:          110144 kB
Active:           392620 kB
Mem:          3.8G       3.7G       107M       5.7M        30M       3.2G

MemTotal:        4016004 kB
MemFree:          128888 kB
Active:           391700 kB
Mem:          3.8G       3.7G       126M       5.7M        30M       3.2G

MemTotal:        4016004 kB
MemFree:          146652 kB
Active:           391668 kB
Mem:          3.8G       3.7G       142M       5.7M        30M       3.2G

MemTotal:        4016004 kB
MemFree:          124864 kB
Active:           391668 kB
Mem:          3.8G       3.7G       121M       5.7M        30M       3.2G

MemTotal:        4016004 kB
MemFree:          123124 kB
Active:           391708 kB
Mem:          3.8G       3.7G       120M       5.7M        30M       3.2G

MemTotal:        4016004 kB
MemFree:          129528 kB
Active:           391736 kB
Mem:          3.8G       3.7G       125M       5.7M        30M       3.2G

MemTotal:        4016004 kB
MemFree:          138668 kB
Active:           391700 kB
Mem:          3.8G       3.7G       135M       5.7M        30M       3.2G

MemTotal:        4016004 kB
MemFree:          130724 kB
Active:           391696 kB
Mem:          3.8G       3.7G       127M       5.7M        30M       3.2G

MemTotal:        4016004 kB
MemFree:          122388 kB
Active:           391736 kB
Mem:          3.8G       3.7G       119M       5.7M        30M       3.2G

MemTotal:        4016004 kB
MemFree:          130648 kB
Active:           391744 kB
Mem:          3.8G       3.7G       126M       5.7M        30M       3.2G

MemTotal:        4016004 kB
MemFree:          123048 kB
Active:           378484 kB
Mem:          3.8G       3.7G       119M       5.7M        30M       3.2G

MemTotal:        4016004 kB
MemFree:          114496 kB
Active:           378356 kB
Mem:          3.8G       3.7G       111M       5.7M        30M       3.2G

MemTotal:        4016004 kB
MemFree:          110988 kB
Active:           378364 kB
Mem:          3.8G       3.7G       108M       5.7M        30M       3.2G

MemTotal:        4016004 kB
MemFree:          116368 kB
Active:           378368 kB
Mem:          3.8G       3.7G       113M       5.7M        30M       3.2G

MemTotal:        4016004 kB
MemFree:          118620 kB
Active:           378380 kB
Mem:          3.8G       3.7G       115M       5.7M        30M       3.2G

MemTotal:        4016004 kB
MemFree:          127504 kB
Active:           378380 kB
Mem:          3.8G       3.7G       124M       5.7M        30M       3.2G

MemTotal:        4016004 kB
MemFree:          114012 kB
Active:           378384 kB
Mem:          3.8G       3.7G       111M       5.7M        30M       3.2G

MemTotal:        4016004 kB
MemFree:          123528 kB
Active:           378344 kB
Mem:          3.8G       3.7G       120M       5.7M        30M       3.2G

MemTotal:        4016004 kB
MemFree:          139736 kB
Active:           378368 kB
Mem:          3.8G       3.7G       136M       5.7M        30M       3.2G

MemTotal:        4016004 kB
MemFree:          131764 kB
Active:           378356 kB
Mem:          3.8G       3.7G       128M       5.7M        30M       3.2G

MemTotal:        4016004 kB
MemFree:          105248 kB
Active:           378404 kB
Mem:          3.8G       3.7G       109M       5.7M        30M       3.2G

MemTotal:        4016004 kB
MemFree:          107044 kB
Active:           378408 kB
Mem:          3.8G       3.7G       104M       5.7M        30M       3.2G

MemTotal:        4016004 kB
MemFree:          113012 kB
Active:           376524 kB
Mem:          3.8G       3.7G       110M       5.7M        30M       3.2G

MemTotal:        4016004 kB
MemFree:          121180 kB
Active:           376348 kB
Mem:          3.8G       3.7G       118M       5.7M        30M       3.2G

MemTotal:        4016004 kB
MemFree:          112680 kB
Active:           376352 kB
Mem:          3.8G       3.7G       110M       5.7M        30M       3.2G

MemTotal:        4016004 kB
MemFree:          104924 kB
Active:           376308 kB
Mem:          3.8G       3.7G       107M       5.7M        30M       3.2G

MemTotal:        4016004 kB
MemFree:          122852 kB
Active:           376228 kB
Mem:          3.8G       3.7G       120M       5.7M        30M       3.2G

MemTotal:        4016004 kB
MemFree:          131152 kB
Active:           376216 kB
Mem:          3.8G       3.7G       127M       5.7M        30M       3.2G

MemTotal:        4016004 kB
MemFree:          127664 kB
Active:           376188 kB
Mem:          3.8G       3.7G       124M       5.7M        30M       3.2G

MemTotal:        4016004 kB
MemFree:          104812 kB
Active:           376200 kB
Mem:          3.8G       3.7G       111M       5.7M        30M       3.2G

MemTotal:        4016004 kB
MemFree:          130792 kB
Active:           376140 kB
Mem:          3.8G       3.7G       127M       5.7M        30M       3.2G

MemTotal:        4016004 kB
MemFree:          111472 kB
Active:           376140 kB
Mem:          3.8G       3.7G       108M       5.7M        30M       3.2G

MemTotal:        4016004 kB
MemFree:          127300 kB
Active:           376140 kB
Mem:          3.8G       3.7G       124M       5.7M        30M       3.2G

MemTotal:        4016004 kB
MemFree:          121344 kB
Active:           376140 kB
Mem:          3.8G       3.7G       118M       5.7M        30M       3.2G

MemTotal:        4016004 kB
MemFree:          109056 kB
Active:           373412 kB
Mem:          3.8G       3.7G       106M       5.7M        30M       3.2G

MemTotal:        4016004 kB
MemFree:          131292 kB
Active:           373264 kB
Mem:          3.8G       3.7G       127M       5.7M        30M       3.2G

MemTotal:        4016004 kB
MemFree:          122032 kB
Active:           373264 kB
Mem:          3.8G       3.7G       119M       5.7M        30M       3.2G

MemTotal:        4016004 kB
MemFree:          125488 kB
Active:           373244 kB
Mem:          3.8G       3.7G       122M       5.7M        30M       3.2G

MemTotal:        4016004 kB
MemFree:          128884 kB
Active:           373240 kB
Mem:          3.8G       3.7G       125M       5.7M        30M       3.2G

MemTotal:        4016004 kB
MemFree:          120376 kB
Active:           373244 kB
Mem:          3.8G       3.7G       117M       5.7M        30M       3.2G

MemTotal:        4016004 kB
MemFree:          105384 kB
Active:           373232 kB
Mem:          3.8G       3.7G       102M       5.7M        30M       3.2G

MemTotal:        4016004 kB
MemFree:          128924 kB
Active:           373300 kB
Mem:          3.8G       3.7G       125M       5.7M        30M       3.2G

MemTotal:        4016004 kB
MemFree:          122016 kB
Active:           373384 kB
Mem:          3.8G       3.7G       119M       5.7M        30M       3.2G

MemTotal:        4016004 kB
MemFree:          131496 kB
Active:           373408 kB
Mem:          3.8G       3.7G       128M       5.7M        30M       3.2G

MemTotal:        4016004 kB
MemFree:          123648 kB
Active:           373432 kB
Mem:          3.8G       3.7G       120M       5.7M        30M       3.2G

MemTotal:        4016004 kB
MemFree:          105356 kB
Active:           373496 kB
Mem:          3.8G       3.7G       105M       5.7M        30M       3.2G

MemTotal:        4016004 kB
MemFree:          126520 kB
Active:           373432 kB
Mem:          3.8G       3.7G       123M       5.7M        30M       3.2G

MemTotal:        4016004 kB
MemFree:          112808 kB
Active:           373432 kB
Mem:          3.8G       3.7G       110M       5.7M        30M       3.2G

MemTotal:        4016004 kB
MemFree:          125248 kB
Active:           370496 kB
Mem:          3.8G       3.7G       121M       5.7M        30M       3.2G

MemTotal:        4016004 kB
MemFree:          128204 kB
Active:           370500 kB
Mem:          3.8G       3.7G       125M       5.7M        30M       3.2G

MemTotal:        4016004 kB
MemFree:          107684 kB
Active:           370504 kB
Mem:          3.8G       3.7G       105M       5.7M        30M       3.2G

MemTotal:        4016004 kB
MemFree:          118572 kB
Active:           370508 kB
Mem:          3.8G       3.7G       115M       5.7M        30M       3.2G

MemTotal:        4016004 kB
MemFree:          110204 kB
Active:           370520 kB
Mem:          3.8G       3.7G       107M       5.7M        30M       3.2G

MemTotal:        4016004 kB
MemFree:          129588 kB
Active:           370520 kB
Mem:          3.8G       3.7G       126M       5.7M        30M       3.2G

MemTotal:        4016004 kB
MemFree:          129492 kB
Active:           370508 kB
Mem:          3.8G       3.7G       126M       5.7M        30M       3.2G

MemTotal:        4016004 kB
MemFree:          129376 kB
Active:           370536 kB
Mem:          3.8G       3.7G       126M       5.7M        30M       3.2G

MemTotal:        4016004 kB
MemFree:          119368 kB
Active:           370488 kB
Mem:          3.8G       3.7G       116M       5.7M        30M       3.2G

MemTotal:        4016004 kB
MemFree:          106116 kB
Active:           370540 kB
Mem:          3.8G       3.7G       113M       5.7M        30M       3.2G

MemTotal:        4016004 kB
MemFree:          124016 kB
Active:           370548 kB
Mem:          3.8G       3.7G       121M       5.7M        30M       3.2G

MemTotal:        4016004 kB
MemFree:          109728 kB
Active:           370556 kB
Mem:          3.8G       3.7G       106M       5.7M        30M       3.2G

MemTotal:        4016004 kB
MemFree:          125056 kB
Active:           370564 kB
Mem:          3.8G       3.7G       121M       5.7M        30M       3.2G

MemTotal:        4016004 kB
MemFree:          128636 kB
Active:           370564 kB
Mem:          3.8G       3.7G       125M       5.7M        30M       3.2G

MemTotal:        4016004 kB
MemFree:          137756 kB
Active:           370564 kB
Mem:          3.8G       3.7G       133M       5.7M        30M       3.2G

MemTotal:        4016004 kB
MemFree:          131700 kB
Active:           368236 kB
Mem:          3.8G       3.7G       128M       5.7M        30M       3.2G

MemTotal:        4016004 kB
MemFree:          108084 kB
Active:           368172 kB
Mem:          3.8G       3.7G       105M       5.7M        30M       3.2G

MemTotal:        4016004 kB
MemFree:          116544 kB
Active:           368172 kB
Mem:          3.8G       3.7G       113M       5.7M        30M       3.2G

MemTotal:        4016004 kB
MemFree:          108828 kB
Active:           368184 kB
Mem:          3.8G       3.7G       105M       5.7M        30M       3.2G

MemTotal:        4016004 kB
MemFree:          122824 kB
Active:           368184 kB
Mem:          3.8G       3.7G       119M       5.7M        30M       3.2G

MemTotal:        4016004 kB
MemFree:          114232 kB
Active:           368164 kB
Mem:          3.8G       3.7G       111M       5.7M        30M       3.2G

MemTotal:        4016004 kB
MemFree:          119676 kB
Active:           368208 kB
Mem:          3.8G       3.7G       117M       5.7M        30M       3.2G

MemTotal:        4016004 kB
MemFree:          111180 kB
Active:           368212 kB
Mem:          3.8G       3.7G       108M       5.7M        30M       3.2G

MemTotal:        4016004 kB
MemFree:          118504 kB
Active:           368188 kB
Mem:          3.8G       3.7G       124M       5.7M        30M       3.2G

MemTotal:        4016004 kB
MemFree:          119316 kB
Active:           368176 kB
Mem:          3.8G       3.7G       116M       5.7M        30M       3.2G

MemTotal:        4016004 kB
MemFree:          111020 kB
Active:           368192 kB
Mem:          3.8G       3.7G       108M       5.7M        30M       3.2G

MemTotal:        4016004 kB
MemFree:          116736 kB
Active:           368184 kB
Mem:          3.8G       3.7G       114M       5.7M        30M       3.2G

MemTotal:        4016004 kB
MemFree:          123152 kB
Active:           368184 kB
Mem:          3.8G       3.7G       120M       5.7M        30M       3.2G

MemTotal:        4016004 kB
MemFree:          115520 kB
Active:           368172 kB
Mem:          3.8G       3.7G       112M       5.7M        30M       3.2G

MemTotal:        4016004 kB
MemFree:          106688 kB
Active:           368208 kB
Mem:          3.8G       3.7G       104M       5.7M        30M       3.2G

MemTotal:        4016004 kB
MemFree:          115104 kB
Active:           368228 kB
Mem:          3.8G       3.7G       112M       5.7M        30M       3.2G

MemTotal:        4016004 kB
MemFree:          105932 kB
Active:           368228 kB
Mem:          3.8G       3.7G       103M       5.7M        30M       3.2G

MemTotal:        4016004 kB
MemFree:          120836 kB
Active:           368236 kB
Mem:          3.8G       3.7G       117M       5.7M        30M       3.2G

MemTotal:        4016004 kB
MemFree:          142008 kB
Active:           365828 kB
Mem:          3.8G       3.7G       138M       5.7M        30M       3.2G

MemTotal:        4016004 kB
MemFree:          134308 kB
Active:           365532 kB
Mem:          3.8G       3.7G       130M       5.7M        30M       3.2G

MemTotal:        4016004 kB
MemFree:          134388 kB
Active:           365464 kB
Mem:          3.8G       3.7G       131M       5.7M        30M       3.2G

MemTotal:        4016004 kB
MemFree:          134468 kB
Active:           365384 kB
Mem:          3.8G       3.7G       130M       5.7M        30M       3.2G

MemTotal:        4016004 kB
MemFree:          133848 kB
Active:           365388 kB
Mem:          3.8G       3.7G       130M       5.7M        30M       3.2G

MemTotal:        4016004 kB
MemFree:          134096 kB
Active:           365404 kB
Mem:          3.8G       3.7G       130M       5.7M        30M       3.2G

MemTotal:        4016004 kB
MemFree:          134344 kB
Active:           365360 kB
Mem:          3.8G       3.7G       131M       5.7M        30M       3.2G

MemTotal:        4016004 kB
MemFree:          134344 kB
Active:           365364 kB
Mem:          3.8G       3.7G       131M       5.7M        30M       3.2G

MemTotal:        4016004 kB
MemFree:          134344 kB
Active:           365412 kB
Mem:          3.8G       3.7G       131M       5.7M        30M       3.2G

MemTotal:        4016004 kB
MemFree:          134468 kB
Active:           365400 kB
Mem:          3.8G       3.7G       131M       5.7M        30M       3.2G

MemTotal:        4016004 kB
MemFree:          134468 kB
Active:           365384 kB
Mem:          3.8G       3.7G       131M       5.7M        30M       3.2G

MemTotal:        4016004 kB
MemFree:          134220 kB
Active:           365424 kB
Mem:          3.8G       3.7G       131M       5.7M        30M       3.2G

MemTotal:        4016004 kB
MemFree:          134592 kB
Active:           365380 kB
Mem:          3.8G       3.7G       131M       5.7M        30M       3.2G

MemTotal:        4016004 kB
MemFree:          134344 kB
Active:           365396 kB
Mem:          3.8G       3.7G       131M       5.7M        30M       3.2G

MemTotal:        4016004 kB
MemFree:          133972 kB
Active:           365436 kB
Mem:          3.8G       3.7G       131M       5.7M        30M       3.2G

MemTotal:        4016004 kB
MemFree:          134220 kB
Active:           365404 kB
Mem:          3.8G       3.7G       130M       5.7M        30M       3.2G

MemTotal:        4016004 kB
MemFree:          134096 kB
Active:           365404 kB
Mem:          3.8G       3.7G       130M       5.7M        30M       3.2G

MemTotal:        4016004 kB
MemFree:          133724 kB
Active:           365448 kB
Mem:          3.8G       3.7G       130M       5.7M        30M       3.2G

MemTotal:        4016004 kB
MemFree:          134220 kB
Active:           365420 kB
Mem:          3.8G       3.7G       130M       5.7M        30M       3.2G

MemTotal:        4016004 kB
MemFree:          134096 kB
Active:           365420 kB
Mem:          3.8G       3.7G       130M       5.7M        30M       3.2G

MemTotal:        4016004 kB
MemFree:          134344 kB
Active:           365428 kB
Mem:          3.8G       3.7G       131M       5.7M        30M       3.2G

MemTotal:        4016004 kB
MemFree:          134096 kB
Active:           365408 kB
Mem:          3.8G       3.7G       130M       5.7M        30M       3.2G

MemTotal:        4016004 kB
MemFree:          133972 kB
Active:           365404 kB
Mem:          3.8G       3.7G       130M       5.7M        30M       3.2G

MemTotal:        4016004 kB
MemFree:          134360 kB
Active:           365404 kB
Mem:          3.8G       3.7G       131M       5.7M        31M       3.2G

MemTotal:        4016004 kB
MemFree:          134236 kB
Active:           365412 kB
Mem:          3.8G       3.7G       130M       5.7M        31M       3.2G

MemTotal:        4016004 kB
MemFree:          133988 kB
Active:           365428 kB
Mem:          3.8G       3.7G       130M       5.7M        31M       3.2G

MemTotal:        4016004 kB
MemFree:          134112 kB
Active:           365440 kB
Mem:          3.8G       3.7G       130M       5.7M        31M       3.2G

MemTotal:        4016004 kB
MemFree:          134112 kB
Active:           365432 kB
Mem:          3.8G       3.7G       131M       5.7M        31M       3.2G

MemTotal:        4016004 kB
MemFree:          133864 kB
Active:           365468 kB
Mem:          3.8G       3.7G       130M       5.7M        31M       3.2G

MemTotal:        4016004 kB
MemFree:          133740 kB
Active:           365448 kB
Mem:          3.8G       3.7G       130M       5.7M        31M       3.2G

MemTotal:        4016004 kB
MemFree:          133800 kB
Active:           365428 kB
Mem:          3.8G       3.7G       130M       5.7M        31M       3.2G

MemTotal:        4016004 kB
MemFree:          133864 kB
Active:           365476 kB
Mem:          3.8G       3.7G       130M       5.7M        31M       3.2G

MemTotal:        4016004 kB
MemFree:          134112 kB
Active:           365456 kB
Mem:          3.8G       3.7G       130M       5.7M        31M       3.2G

MemTotal:        4016004 kB
MemFree:          133988 kB
Active:           365448 kB
Mem:          3.8G       3.7G       130M       5.7M        31M       3.2G

MemTotal:        4016004 kB
MemFree:          133864 kB
Active:           365456 kB
Mem:          3.8G       3.7G       130M       5.7M        31M       3.2G

MemTotal:        4016004 kB
MemFree:          134112 kB
Active:           365436 kB
Mem:          3.8G       3.7G       131M       5.7M        31M       3.2G

MemTotal:        4016004 kB
MemFree:          133988 kB
Active:           365488 kB
Mem:          3.8G       3.7G       130M       5.7M        31M       3.2G

MemTotal:        4016004 kB
MemFree:          134112 kB
Active:           365476 kB
