MemTotal:        4016004 kB
MemFree:         3235048 kB
Active:           423120 kB
Mem:          3.8G       762M       3.1G       5.7M        62M       314M

MemTotal:        4016004 kB
MemFree:         3235028 kB
Active:           423184 kB
Mem:          3.8G       762M       3.1G       5.7M        62M       315M

MemTotal:        4016004 kB
MemFree:         3235260 kB
Active:           423208 kB
Mem:          3.8G       762M       3.1G       5.7M        62M       315M

MemTotal:        4016004 kB
MemFree:         3235708 kB
Active:           423228 kB
Mem:          3.8G       762M       3.1G       5.7M        62M       315M

MemTotal:        4016004 kB
MemFree:         3235164 kB
Active:           423264 kB
Mem:          3.8G       762M       3.1G       5.7M        62M       315M

MemTotal:        4016004 kB
MemFree:         3235644 kB
Active:           423216 kB
Mem:          3.8G       762M       3.1G       5.7M        62M       315M

MemTotal:        4016004 kB
MemFree:         3235504 kB
Active:           423232 kB
Mem:          3.8G       762M       3.1G       5.7M        62M       315M

MemTotal:        4016004 kB
MemFree:         3235612 kB
Active:           423212 kB
Mem:          3.8G       762M       3.1G       5.7M        62M       315M

MemTotal:        4016004 kB
MemFree:         3235472 kB
Active:           423216 kB
Mem:          3.8G       762M       3.1G       5.7M        62M       315M

MemTotal:        4016004 kB
MemFree:         3235208 kB
Active:           423232 kB
Mem:          3.8G       762M       3.1G       5.7M        62M       315M

MemTotal:        4016004 kB
MemFree:         3235208 kB
Active:           423256 kB
Mem:          3.8G       762M       3.1G       5.7M        62M       315M

MemTotal:        4016004 kB
MemFree:         3235564 kB
Active:           423236 kB
Mem:          3.8G       762M       3.1G       5.7M        62M       315M

MemTotal:        4016004 kB
MemFree:         3235300 kB
Active:           423264 kB
Mem:          3.8G       762M       3.1G       5.7M        62M       315M

MemTotal:        4016004 kB
MemFree:         3235548 kB
Active:           423228 kB
Mem:          3.8G       762M       3.1G       5.7M        62M       315M

MemTotal:        4016004 kB
MemFree:         3235536 kB
Active:           423252 kB
Mem:          3.8G       762M       3.1G       5.7M        62M       315M

MemTotal:        4016004 kB
MemFree:         3237536 kB
Active:           421212 kB
Mem:          3.8G       760M       3.1G       5.7M        62M       315M

MemTotal:        4016004 kB
MemFree:         3237552 kB
Active:           421232 kB
Mem:          3.8G       760M       3.1G       5.7M        62M       315M

MemTotal:        4016004 kB
MemFree:         3237552 kB
Active:           421212 kB
Mem:          3.8G       760M       3.1G       5.7M        62M       315M

MemTotal:        4016004 kB
MemFree:         3237552 kB
Active:           421236 kB
Mem:          3.8G       760M       3.1G       5.7M        62M       315M

MemTotal:        4016004 kB
MemFree:         3237428 kB
Active:           421240 kB
Mem:          3.8G       760M       3.1G       5.7M        62M       315M

MemTotal:        4016004 kB
MemFree:         3237644 kB
Active:           421196 kB
Mem:          3.8G       760M       3.1G       5.7M        62M       315M

MemTotal:        4016004 kB
MemFree:         3237504 kB
Active:           421232 kB
Mem:          3.8G       760M       3.1G       5.7M        62M       315M

MemTotal:        4016004 kB
MemFree:         3237612 kB
Active:           421204 kB
Mem:          3.8G       760M       3.1G       5.7M        62M       315M

MemTotal:        4016004 kB
MemFree:         3237596 kB
Active:           421232 kB
Mem:          3.8G       760M       3.1G       5.7M        62M       315M

MemTotal:        4016004 kB
MemFree:         3237580 kB
Active:           421208 kB
Mem:          3.8G       760M       3.1G       5.7M        62M       315M

MemTotal:        4016004 kB
MemFree:         3237536 kB
Active:           421236 kB
Mem:          3.8G       760M       3.1G       5.7M        62M       315M

MemTotal:        4016004 kB
MemFree:         3236852 kB
Active:           419216 kB
Mem:          3.8G       760M       3.1G       5.7M        62M       315M

MemTotal:        4016004 kB
MemFree:         3237224 kB
Active:           421228 kB
Mem:          3.8G       760M       3.1G       5.7M        62M       315M

MemTotal:        4016004 kB
MemFree:         3237348 kB
Active:           421272 kB
Mem:          3.8G       760M       3.1G       5.7M        62M       315M

MemTotal:        4016004 kB
MemFree:         3237224 kB
Active:           421272 kB
Mem:          3.8G       760M       3.1G       5.7M        62M       315M

MemTotal:        4016004 kB
MemFree:         3237472 kB
Active:           421244 kB
Mem:          3.8G       760M       3.1G       5.7M        62M       315M

MemTotal:        4016004 kB
MemFree:         3237456 kB
Active:           421228 kB
Mem:          3.8G       760M       3.1G       5.7M        62M       315M

MemTotal:        4016004 kB
MemFree:         3237440 kB
Active:           421256 kB
Mem:          3.8G       760M       3.1G       5.7M        62M       315M

MemTotal:        4016004 kB
MemFree:         3237424 kB
Active:           421228 kB
Mem:          3.8G       760M       3.1G       5.7M        62M       315M

MemTotal:        4016004 kB
MemFree:         3237656 kB
Active:           421240 kB
Mem:          3.8G       760M       3.1G       5.7M        62M       315M

MemTotal:        4016004 kB
MemFree:         3236852 kB
Active:           421280 kB
Mem:          3.8G       760M       3.1G       5.7M        62M       315M

MemTotal:        4016004 kB
MemFree:         3234680 kB
Active:           421260 kB
Mem:          3.8G       762M       3.1G       5.7M        62M       315M

MemTotal:        4016004 kB
MemFree:         3234680 kB
Active:           423308 kB
Mem:          3.8G       762M       3.1G       5.7M        62M       315M

MemTotal:        4016004 kB
MemFree:         3234928 kB
Active:           423276 kB
Mem:          3.8G       762M       3.1G       5.7M        62M       315M

MemTotal:        4016004 kB
MemFree:         3234804 kB
Active:           423308 kB
Mem:          3.8G       762M       3.1G       5.7M        62M       315M

MemTotal:        4016004 kB
MemFree:         3235300 kB
Active:           423288 kB
Mem:          3.8G       762M       3.1G       5.7M        62M       315M

MemTotal:        4016004 kB
MemFree:         3235548 kB
Active:           423260 kB
Mem:          3.8G       762M       3.1G       5.7M        62M       315M

MemTotal:        4016004 kB
MemFree:         3235672 kB
Active:           423320 kB
Mem:          3.8G       762M       3.1G       5.7M        62M       315M

MemTotal:        4016004 kB
MemFree:         3235532 kB
Active:           423276 kB
Mem:          3.8G       762M       3.1G       5.7M        62M       315M

MemTotal:        4016004 kB
MemFree:         3235392 kB
Active:           423300 kB
Mem:          3.8G       762M       3.1G       5.7M        62M       315M

MemTotal:        4016004 kB
MemFree:         3235128 kB
Active:           423324 kB
Mem:          3.8G       762M       3.1G       5.7M        62M       315M

MemTotal:        4016004 kB
MemFree:         3235420 kB
Active:           421240 kB
Mem:          3.8G       762M       3.1G       5.7M        62M       315M

MemTotal:        4016004 kB
MemFree:         3235360 kB
Active:           423308 kB
Mem:          3.8G       762M       3.1G       5.7M        62M       315M

MemTotal:        4016004 kB
MemFree:         3235360 kB
Active:           423284 kB
Mem:          3.8G       762M       3.1G       5.7M        62M       315M

MemTotal:        4016004 kB
MemFree:         3234864 kB
Active:           423340 kB
Mem:          3.8G       762M       3.1G       5.7M        62M       315M

MemTotal:        4016004 kB
MemFree:         3235112 kB
Active:           423300 kB
Mem:          3.8G       762M       3.1G       5.7M        62M       315M

MemTotal:        4016004 kB
MemFree:         3235360 kB
Active:           423324 kB
Mem:          3.8G       762M       3.1G       5.7M        62M       315M

MemTotal:        4016004 kB
MemFree:         3235236 kB
Active:           423328 kB
Mem:          3.8G       762M       3.1G       5.7M        62M       315M

MemTotal:        4016004 kB
MemFree:         3234864 kB
Active:           423356 kB
Mem:          3.8G       762M       3.1G       5.7M        62M       315M

MemTotal:        4016004 kB
MemFree:         3235204 kB
Active:           423328 kB
Mem:          3.8G       762M       3.1G       5.7M        62M       315M

MemTotal:        4016004 kB
MemFree:         3235188 kB
Active:           423320 kB
Mem:          3.8G       762M       3.1G       5.7M        62M       315M

MemTotal:        4016004 kB
MemFree:         3234676 kB
Active:           423360 kB
Mem:          3.8G       763M       3.1G       5.7M        62M       315M

MemTotal:        4016004 kB
MemFree:         3235112 kB
Active:           423336 kB
Mem:          3.8G       762M       3.1G       5.7M        62M       315M

MemTotal:        4016004 kB
MemFree:         3235112 kB
Active:           423348 kB
Mem:          3.8G       762M       3.1G       5.7M        62M       315M

MemTotal:        4016004 kB
MemFree:         3234988 kB
Active:           423368 kB
Mem:          3.8G       762M       3.1G       5.7M        62M       315M

MemTotal:        4016004 kB
MemFree:         3234816 kB
Active:           423516 kB
Mem:          3.8G       762M       3.1G       5.7M        62M       315M

MemTotal:        4016004 kB
MemFree:         3119392 kB
Active:           423896 kB
Mem:          3.8G       876M       3.0G       5.7M        62M       427M

MemTotal:        4016004 kB
MemFree:         3006916 kB
Active:           423956 kB
Mem:          3.8G       985M       2.9G       5.7M        62M       535M

MemTotal:        4016004 kB
MemFree:         2886612 kB
Active:           423964 kB
Mem:          3.8G       1.1G       2.8G       5.7M        62M       651M

MemTotal:        4016004 kB
MemFree:         2878096 kB
Active:           423964 kB
Mem:          3.8G       1.1G       2.7G       5.7M        62M       658M

MemTotal:        4016004 kB
MemFree:         2827116 kB
Active:           423964 kB
Mem:          3.8G       1.1G       2.7G       5.7M        62M       708M

MemTotal:        4016004 kB
MemFree:         2779244 kB
Active:           424040 kB
Mem:          3.8G       1.2G       2.7G       5.7M        62M       753M

MemTotal:        4016004 kB
MemFree:         2778408 kB
Active:           424056 kB
Mem:          3.8G       1.2G       2.6G       5.7M        62M       753M

MemTotal:        4016004 kB
MemFree:         2778408 kB
Active:           424076 kB
Mem:          3.8G       1.2G       2.6G       5.7M        62M       753M

MemTotal:        4016004 kB
MemFree:         2776796 kB
Active:           424080 kB
Mem:          3.8G       1.2G       2.6G       5.7M        62M       755M

MemTotal:        4016004 kB
MemFree:         2751964 kB
Active:           424084 kB
Mem:          3.8G       1.2G       2.6G       5.7M        62M       780M

MemTotal:        4016004 kB
MemFree:         2647396 kB
Active:           424084 kB
Mem:          3.8G       1.3G       2.5G       5.7M        62M       880M

MemTotal:        4016004 kB
MemFree:         2518892 kB
Active:           424084 kB
Mem:          3.8G       1.4G       2.4G       5.7M        62M       1.0G

MemTotal:        4016004 kB
MemFree:         2424172 kB
Active:           424092 kB
Mem:          3.8G       1.5G       2.3G       5.7M        62M       1.1G

MemTotal:        4016004 kB
MemFree:         2422580 kB
Active:           424104 kB
Mem:          3.8G       1.5G       2.3G       5.7M        62M       1.1G

MemTotal:        4016004 kB
MemFree:         2323768 kB
Active:           424104 kB
Mem:          3.8G       1.6G       2.2G       5.7M        62M       1.2G

MemTotal:        4016004 kB
MemFree:         2322384 kB
Active:           424132 kB
Mem:          3.8G       1.6G       2.2G       5.7M        62M       1.2G

MemTotal:        4016004 kB
MemFree:         2226224 kB
Active:           424132 kB
Mem:          3.8G       1.7G       2.1G       5.7M        62M       1.3G

MemTotal:        4016004 kB
MemFree:         2225852 kB
Active:           424136 kB
Mem:          3.8G       1.7G       2.1G       5.7M        62M       1.3G

MemTotal:        4016004 kB
MemFree:         2153744 kB
Active:           424152 kB
Mem:          3.8G       1.8G       2.1G       5.7M        62M       1.3G

MemTotal:        4016004 kB
MemFree:         2124824 kB
Active:           424152 kB
Mem:          3.8G       1.8G       2.0G       5.7M        62M       1.4G

MemTotal:        4016004 kB
MemFree:         2122604 kB
Active:           424168 kB
Mem:          3.8G       1.8G       2.0G       5.7M        62M       1.4G

MemTotal:        4016004 kB
MemFree:         2121196 kB
Active:           424168 kB
Mem:          3.8G       1.8G       2.0G       5.7M        62M       1.4G

MemTotal:        4016004 kB
MemFree:         2120308 kB
Active:           424184 kB
Mem:          3.8G       1.8G       2.0G       5.7M        62M       1.4G

MemTotal:        4016004 kB
MemFree:         2095108 kB
Active:           424184 kB
Mem:          3.8G       1.8G       2.0G       5.7M        62M       1.4G

MemTotal:        4016004 kB
MemFree:         1983672 kB
Active:           424192 kB
Mem:          3.8G       1.9G       1.9G       5.7M        62M       1.5G

MemTotal:        4016004 kB
MemFree:         1846472 kB
Active:           424192 kB
Mem:          3.8G       2.1G       1.8G       5.7M        62M       1.6G

MemTotal:        4016004 kB
MemFree:         1771616 kB
Active:           424192 kB
Mem:          3.8G       2.1G       1.7G       5.7M        62M       1.7G

MemTotal:        4016004 kB
MemFree:         1681080 kB
Active:           424192 kB
Mem:          3.8G       2.2G       1.6G       5.7M        62M       1.8G

MemTotal:        4016004 kB
MemFree:         1680584 kB
Active:           424196 kB
Mem:          3.8G       2.2G       1.6G       5.7M        62M       1.8G

MemTotal:        4016004 kB
MemFree:         1636632 kB
Active:           424212 kB
Mem:          3.8G       2.3G       1.6G       5.7M        62M       1.8G

MemTotal:        4016004 kB
MemFree:         1589196 kB
Active:           424212 kB
Mem:          3.8G       2.3G       1.5G       5.7M        62M       1.9G

MemTotal:        4016004 kB
MemFree:         1588164 kB
Active:           424224 kB
Mem:          3.8G       2.3G       1.5G       5.7M        62M       1.9G

MemTotal:        4016004 kB
MemFree:         1585824 kB
Active:           424224 kB
Mem:          3.8G       2.3G       1.5G       5.7M        62M       1.9G

MemTotal:        4016004 kB
MemFree:         1584992 kB
Active:           424224 kB
Mem:          3.8G       2.3G       1.5G       5.7M        62M       1.9G

MemTotal:        4016004 kB
MemFree:         1584068 kB
Active:           424224 kB
Mem:          3.8G       2.3G       1.5G       5.7M        62M       1.9G

MemTotal:        4016004 kB
MemFree:         1474832 kB
Active:           424232 kB
Mem:          3.8G       2.4G       1.4G       5.7M        62M       2.0G

MemTotal:        4016004 kB
MemFree:         1361364 kB
Active:           424236 kB
Mem:          3.8G       2.5G       1.3G       5.7M        62M       2.1G

MemTotal:        4016004 kB
MemFree:         1236224 kB
Active:           424236 kB
Mem:          3.8G       2.7G       1.2G       5.7M        62M       2.2G

MemTotal:        4016004 kB
MemFree:         1234836 kB
Active:           424236 kB
Mem:          3.8G       2.7G       1.2G       5.7M        62M       2.2G

MemTotal:        4016004 kB
MemFree:         1145800 kB
Active:           424236 kB
Mem:          3.8G       2.7G       1.1G       5.7M        62M       2.3G

MemTotal:        4016004 kB
MemFree:         1144536 kB
Active:           424256 kB
Mem:          3.8G       2.7G       1.1G       5.7M        62M       2.3G

MemTotal:        4016004 kB
MemFree:         1051452 kB
Active:           424256 kB
Mem:          3.8G       2.8G       1.0G       5.7M        62M       2.4G

MemTotal:        4016004 kB
MemFree:         1050752 kB
Active:           424260 kB
Mem:          3.8G       2.8G       1.0G       5.7M        62M       2.4G

MemTotal:        4016004 kB
MemFree:         1050336 kB
Active:           424276 kB
Mem:          3.8G       2.8G       1.0G       5.7M        62M       2.4G

MemTotal:        4016004 kB
MemFree:         1049260 kB
Active:           424296 kB
Mem:          3.8G       2.8G       1.0G       5.7M        62M       2.4G

MemTotal:        4016004 kB
MemFree:         1048672 kB
Active:           422264 kB
Mem:          3.8G       2.8G       1.0G       5.7M        62M       2.4G

MemTotal:        4016004 kB
MemFree:          955436 kB
Active:           424316 kB
Mem:          3.8G       2.9G       932M       5.7M        62M       2.4G

MemTotal:        4016004 kB
MemFree:          845704 kB
Active:           424320 kB
Mem:          3.8G       3.0G       825M       5.7M        62M       2.6G

MemTotal:        4016004 kB
MemFree:          725788 kB
Active:           424320 kB
Mem:          3.8G       3.1G       707M       5.7M        62M       2.7G

MemTotal:        4016004 kB
MemFree:          699044 kB
Active:           424320 kB
Mem:          3.8G       3.2G       682M       5.7M        62M       2.7G

MemTotal:        4016004 kB
MemFree:          697496 kB
Active:           424324 kB
Mem:          3.8G       3.2G       680M       5.7M        62M       2.7G

MemTotal:        4016004 kB
MemFree:          604168 kB
Active:           424332 kB
Mem:          3.8G       3.3G       589M       5.7M        62M       2.8G

MemTotal:        4016004 kB
MemFree:          557196 kB
Active:           424332 kB
Mem:          3.8G       3.3G       543M       5.7M        62M       2.8G

MemTotal:        4016004 kB
MemFree:          475080 kB
Active:           424332 kB
Mem:          3.8G       3.4G       463M       5.7M        62M       2.9G

MemTotal:        4016004 kB
MemFree:          473816 kB
Active:           424344 kB
Mem:          3.8G       3.4G       462M       5.7M        62M       2.9G

MemTotal:        4016004 kB
MemFree:          391832 kB
Active:           424348 kB
Mem:          3.8G       3.5G       382M       5.7M        62M       3.0G

MemTotal:        4016004 kB
MemFree:          391228 kB
Active:           424352 kB
Mem:          3.8G       3.5G       382M       5.7M        62M       3.0G

MemTotal:        4016004 kB
MemFree:          391288 kB
Active:           424364 kB
Mem:          3.8G       3.5G       382M       5.7M        62M       3.0G

MemTotal:        4016004 kB
MemFree:          389396 kB
Active:           424368 kB
Mem:          3.8G       3.5G       380M       5.7M        62M       3.0G

MemTotal:        4016004 kB
MemFree:          388344 kB
Active:           424368 kB
Mem:          3.8G       3.5G       378M       5.7M        62M       3.0G

MemTotal:        4016004 kB
MemFree:          274388 kB
Active:           424372 kB
Mem:          3.8G       3.6G       267M       5.7M        62M       3.1G

MemTotal:        4016004 kB
MemFree:          168716 kB
Active:           424372 kB
Mem:          3.8G       3.7G       163M       5.7M        62M       3.2G

MemTotal:        4016004 kB
MemFree:          136568 kB
Active:           442388 kB
Mem:          3.8G       3.7G       148M       5.7M        27M       3.2G

MemTotal:        4016004 kB
MemFree:          151816 kB
Active:           483364 kB
Mem:          3.8G       3.7G       148M       5.7M        27M       3.2G

MemTotal:        4016004 kB
MemFree:          150420 kB
Active:           481240 kB
Mem:          3.8G       3.7G       146M       5.7M        27M       3.2G

MemTotal:        4016004 kB
MemFree:          132576 kB
Active:           474372 kB
Mem:          3.8G       3.7G       120M       5.7M        27M       3.3G

MemTotal:        4016004 kB
MemFree:          128396 kB
Active:           470684 kB
Mem:          3.8G       3.7G       125M       5.7M        27M       3.3G

MemTotal:        4016004 kB
MemFree:          134060 kB
Active:           462788 kB
Mem:          3.8G       3.7G       130M       5.7M        27M       3.3G

MemTotal:        4016004 kB
MemFree:          133156 kB
Active:           462800 kB
Mem:          3.8G       3.7G       129M       5.7M        27M       3.3G

MemTotal:        4016004 kB
MemFree:          131332 kB
Active:           462800 kB
Mem:          3.8G       3.7G       127M       5.7M        27M       3.3G

MemTotal:        4016004 kB
MemFree:          131152 kB
Active:           462800 kB
Mem:          3.8G       3.7G       128M       5.7M        27M       3.3G

MemTotal:        4016004 kB
MemFree:          147860 kB
Active:           457176 kB
Mem:          3.8G       3.7G       143M       5.7M        27M       3.2G

MemTotal:        4016004 kB
MemFree:          141488 kB
Active:           442200 kB
Mem:          3.8G       3.7G       137M       5.7M        27M       3.2G

MemTotal:        4016004 kB
MemFree:          147816 kB
Active:           436184 kB
Mem:          3.8G       3.7G       143M       5.7M        27M       3.2G

MemTotal:        4016004 kB
MemFree:          151892 kB
Active:           434664 kB
Mem:          3.8G       3.7G       148M       5.7M        27M       3.2G

MemTotal:        4016004 kB
MemFree:          146136 kB
Active:           432760 kB
Mem:          3.8G       3.7G       141M       5.7M        27M       3.2G

MemTotal:        4016004 kB
MemFree:          110376 kB
Active:           430344 kB
Mem:          3.8G       3.7G       124M       5.7M        27M       3.3G

MemTotal:        4016004 kB
MemFree:          127024 kB
Active:           426372 kB
Mem:          3.8G       3.7G       123M       5.7M        27M       3.3G

MemTotal:        4016004 kB
MemFree:          125852 kB
Active:           426384 kB
Mem:          3.8G       3.7G       122M       5.7M        27M       3.3G

MemTotal:        4016004 kB
MemFree:          121928 kB
Active:           423708 kB
Mem:          3.8G       3.7G       118M       5.7M        27M       3.3G

MemTotal:        4016004 kB
MemFree:          121416 kB
Active:           423708 kB
Mem:          3.8G       3.7G       118M       5.7M        27M       3.3G

MemTotal:        4016004 kB
MemFree:          121040 kB
Active:           423724 kB
Mem:          3.8G       3.7G       118M       5.7M        27M       3.3G

MemTotal:        4016004 kB
MemFree:          121428 kB
Active:           423724 kB
Mem:          3.8G       3.7G       118M       5.7M        27M       3.3G

MemTotal:        4016004 kB
MemFree:          120752 kB
Active:           423728 kB
Mem:          3.8G       3.7G       117M       5.7M        27M       3.3G

MemTotal:        4016004 kB
MemFree:          117908 kB
Active:           417860 kB
Mem:          3.8G       3.7G       114M       5.7M        27M       3.3G

MemTotal:        4016004 kB
MemFree:          134112 kB
Active:           408676 kB
Mem:          3.8G       3.7G       129M       5.7M        27M       3.3G

MemTotal:        4016004 kB
MemFree:          140840 kB
Active:           404840 kB
Mem:          3.8G       3.7G       137M       5.7M        27M       3.2G

MemTotal:        4016004 kB
MemFree:          122488 kB
Active:           404844 kB
Mem:          3.8G       3.7G       119M       5.7M        27M       3.3G

MemTotal:        4016004 kB
MemFree:          136264 kB
Active:           402284 kB
Mem:          3.8G       3.7G       133M       5.7M        27M       3.3G

MemTotal:        4016004 kB
MemFree:          133172 kB
Active:           401012 kB
Mem:          3.8G       3.7G       129M       5.7M        27M       3.3G

MemTotal:        4016004 kB
MemFree:          135348 kB
Active:           400372 kB
Mem:          3.8G       3.7G       131M       5.7M        27M       3.3G

MemTotal:        4016004 kB
MemFree:          128376 kB
Active:           400400 kB
Mem:          3.8G       3.7G       124M       5.7M        27M       3.3G

MemTotal:        4016004 kB
MemFree:          138512 kB
Active:           396948 kB
Mem:          3.8G       3.7G       133M       5.7M        27M       3.2G

MemTotal:        4016004 kB
MemFree:          144332 kB
Active:           398204 kB
Mem:          3.8G       3.7G       140M       5.7M        27M       3.2G

MemTotal:        4016004 kB
MemFree:          143296 kB
Active:           398220 kB
Mem:          3.8G       3.7G       139M       5.7M        27M       3.2G

MemTotal:        4016004 kB
MemFree:          141348 kB
Active:           398220 kB
Mem:          3.8G       3.7G       137M       5.7M        27M       3.2G

MemTotal:        4016004 kB
MemFree:          143944 kB
Active:           395028 kB
Mem:          3.8G       3.7G       139M       5.7M        27M       3.2G

MemTotal:        4016004 kB
MemFree:          143604 kB
Active:           392212 kB
Mem:          3.8G       3.7G       140M       5.7M        27M       3.2G

MemTotal:        4016004 kB
MemFree:          138936 kB
Active:           388452 kB
Mem:          3.8G       3.7G       135M       5.7M        27M       3.2G

MemTotal:        4016004 kB
MemFree:          139792 kB
Active:           388208 kB
Mem:          3.8G       3.7G       136M       5.7M        27M       3.2G

MemTotal:        4016004 kB
MemFree:          138536 kB
Active:           388208 kB
Mem:          3.8G       3.7G       135M       5.7M        27M       3.2G

MemTotal:        4016004 kB
MemFree:          137656 kB
Active:           388208 kB
Mem:          3.8G       3.7G       134M       5.7M        27M       3.2G

MemTotal:        4016004 kB
MemFree:          137544 kB
Active:           388212 kB
Mem:          3.8G       3.7G       133M       5.7M        27M       3.2G

MemTotal:        4016004 kB
MemFree:          123080 kB
Active:           386684 kB
Mem:          3.8G       3.7G       119M       5.7M        27M       3.3G

MemTotal:        4016004 kB
MemFree:          135364 kB
Active:           382588 kB
Mem:          3.8G       3.7G       131M       5.7M        27M       3.3G

MemTotal:        4016004 kB
MemFree:          136680 kB
Active:           379008 kB
Mem:          3.8G       3.7G       132M       5.7M        27M       3.2G

MemTotal:        4016004 kB
MemFree:          111968 kB
Active:           378240 kB
Mem:          3.8G       3.7G       109M       5.7M        27M       3.3G

MemTotal:        4016004 kB
MemFree:          133216 kB
Active:           375948 kB
Mem:          3.8G       3.7G       130M       5.7M        27M       3.3G

MemTotal:        4016004 kB
MemFree:          121412 kB
Active:           374292 kB
Mem:          3.8G       3.7G       117M       5.7M        27M       3.3G

MemTotal:        4016004 kB
MemFree:          143888 kB
Active:           372376 kB
Mem:          3.8G       3.7G       140M       5.7M        27M       3.2G

MemTotal:        4016004 kB
MemFree:          143528 kB
Active:           372376 kB
Mem:          3.8G       3.7G       139M       5.7M        27M       3.2G

MemTotal:        4016004 kB
MemFree:          136108 kB
Active:           371096 kB
Mem:          3.8G       3.7G       132M       5.7M        27M       3.2G

MemTotal:        4016004 kB
MemFree:          135548 kB
Active:           371116 kB
Mem:          3.8G       3.7G       132M       5.7M        27M       3.2G

MemTotal:        4016004 kB
MemFree:          132872 kB
Active:           370160 kB
Mem:          3.8G       3.7G       129M       5.7M        27M       3.3G

MemTotal:        4016004 kB
MemFree:          131284 kB
Active:           372208 kB
Mem:          3.8G       3.7G       127M       5.7M        27M       3.3G

MemTotal:        4016004 kB
MemFree:          111680 kB
Active:           372208 kB
Mem:          3.8G       3.7G       108M       5.7M        27M       3.3G

MemTotal:        4016004 kB
MemFree:          118036 kB
Active:           368624 kB
Mem:          3.8G       3.7G       114M       5.7M        27M       3.3G

MemTotal:        4016004 kB
MemFree:          114860 kB
Active:           367736 kB
Mem:          3.8G       3.7G       111M       5.7M        27M       3.3G

MemTotal:        4016004 kB
MemFree:          134728 kB
Active:           367052 kB
Mem:          3.8G       3.7G       131M       5.7M        27M       3.2G

MemTotal:        4016004 kB
MemFree:          135140 kB
Active:           367056 kB
Mem:          3.8G       3.7G       131M       5.7M        27M       3.2G

MemTotal:        4016004 kB
MemFree:          131456 kB
Active:           367080 kB
Mem:          3.8G       3.7G       127M       5.7M        27M       3.3G

MemTotal:        4016004 kB
MemFree:          126160 kB
Active:           367080 kB
Mem:          3.8G       3.7G       122M       5.7M        27M       3.3G

MemTotal:        4016004 kB
MemFree:          130764 kB
Active:           364728 kB
Mem:          3.8G       3.7G       131M       5.7M        27M       3.2G

MemTotal:        4016004 kB
MemFree:          125652 kB
Active:           366240 kB
Mem:          3.8G       3.7G       122M       5.7M        27M       3.3G

MemTotal:        4016004 kB
MemFree:          140312 kB
Active:           365856 kB
Mem:          3.8G       3.7G       137M       5.7M        27M       3.2G

MemTotal:        4016004 kB
MemFree:          138600 kB
Active:           365868 kB
Mem:          3.8G       3.7G       135M       5.7M        27M       3.2G

MemTotal:        4016004 kB
MemFree:          137680 kB
Active:           365868 kB
Mem:          3.8G       3.7G       134M       5.7M        27M       3.2G

MemTotal:        4016004 kB
MemFree:          137476 kB
Active:           365868 kB
Mem:          3.8G       3.7G       134M       5.7M        27M       3.2G

MemTotal:        4016004 kB
MemFree:          123124 kB
Active:           365876 kB
Mem:          3.8G       3.7G       119M       5.7M        27M       3.3G

MemTotal:        4016004 kB
MemFree:          117892 kB
Active:           365876 kB
Mem:          3.8G       3.7G       114M       5.7M        27M       3.3G

MemTotal:        4016004 kB
MemFree:          109592 kB
Active:           365748 kB
Mem:          3.8G       3.7G       106M       5.7M        27M       3.3G

MemTotal:        4016004 kB
MemFree:          137864 kB
Active:           365752 kB
Mem:          3.8G       3.7G       134M       5.7M        27M       3.2G

MemTotal:        4016004 kB
MemFree:          137312 kB
Active:           365756 kB
Mem:          3.8G       3.7G       134M       5.7M        27M       3.2G

MemTotal:        4016004 kB
MemFree:          152912 kB
Active:           365628 kB
Mem:          3.8G       3.7G       148M       5.7M        27M       3.2G

MemTotal:        4016004 kB
MemFree:          149192 kB
Active:           365496 kB
Mem:          3.8G       3.7G       145M       5.7M        27M       3.2G

MemTotal:        4016004 kB
MemFree:          143640 kB
Active:           365496 kB
Mem:          3.8G       3.7G       140M       5.7M        27M       3.2G

MemTotal:        4016004 kB
MemFree:          116680 kB
Active:           365496 kB
Mem:          3.8G       3.7G       113M       5.7M        27M       3.3G

MemTotal:        4016004 kB
MemFree:          123320 kB
Active:           365508 kB
Mem:          3.8G       3.7G       120M       5.7M        27M       3.3G

MemTotal:        4016004 kB
MemFree:          123428 kB
Active:           365520 kB
Mem:          3.8G       3.7G       120M       5.7M        27M       3.3G

MemTotal:        4016004 kB
MemFree:          123628 kB
Active:           365524 kB
Mem:          3.8G       3.7G       120M       5.7M        27M       3.3G

MemTotal:        4016004 kB
MemFree:          123632 kB
Active:           365524 kB
Mem:          3.8G       3.7G       120M       5.7M        27M       3.3G

MemTotal:        4016004 kB
MemFree:          121192 kB
Active:           365528 kB
Mem:          3.8G       3.7G       116M       5.7M        27M       3.3G

MemTotal:        4016004 kB
MemFree:          133056 kB
Active:           365528 kB
Mem:          3.8G       3.7G       128M       5.7M        27M       3.2G

MemTotal:        4016004 kB
MemFree:          139552 kB
Active:           364248 kB
Mem:          3.8G       3.7G       135M       5.7M        27M       3.2G

MemTotal:        4016004 kB
MemFree:          126184 kB
Active:           364260 kB
Mem:          3.8G       3.7G       122M       5.7M        27M       3.3G

MemTotal:        4016004 kB
MemFree:          126176 kB
Active:           364264 kB
Mem:          3.8G       3.7G       122M       5.7M        27M       3.3G

MemTotal:        4016004 kB
MemFree:          145608 kB
Active:           364268 kB
Mem:          3.8G       3.7G       142M       5.7M        27M       3.2G

MemTotal:        4016004 kB
MemFree:          136128 kB
Active:           364272 kB
Mem:          3.8G       3.7G       131M       5.7M        27M       3.2G

MemTotal:        4016004 kB
MemFree:          127332 kB
Active:           364272 kB
Mem:          3.8G       3.7G       123M       5.7M        27M       3.3G

MemTotal:        4016004 kB
MemFree:          130096 kB
Active:           359416 kB
Mem:          3.8G       3.7G       126M       5.7M        27M       3.2G

MemTotal:        4016004 kB
MemFree:          128924 kB
Active:           359428 kB
Mem:          3.8G       3.7G       125M       5.7M        27M       3.2G

MemTotal:        4016004 kB
MemFree:          127532 kB
Active:           359428 kB
Mem:          3.8G       3.7G       124M       5.7M        27M       3.3G

MemTotal:        4016004 kB
MemFree:          126196 kB
Active:           359428 kB
Mem:          3.8G       3.7G       122M       5.7M        27M       3.3G

MemTotal:        4016004 kB
MemFree:          125172 kB
Active:           359016 kB
Mem:          3.8G       3.7G       121M       5.7M        27M       3.3G

MemTotal:        4016004 kB
MemFree:          134348 kB
Active:           359012 kB
Mem:          3.8G       3.7G       129M       5.7M        27M       3.2G

MemTotal:        4016004 kB
MemFree:          138656 kB
Active:           359000 kB
Mem:          3.8G       3.7G       134M       5.7M        27M       3.2G

MemTotal:        4016004 kB
MemFree:          148296 kB
Active:           358028 kB
Mem:          3.8G       3.7G       144M       5.7M        27M       3.2G

MemTotal:        4016004 kB
MemFree:          138132 kB
Active:           358028 kB
Mem:          3.8G       3.7G       134M       5.7M        27M       3.2G

MemTotal:        4016004 kB
MemFree:          137572 kB
Active:           358032 kB
Mem:          3.8G       3.7G       134M       5.7M        27M       3.2G

MemTotal:        4016004 kB
MemFree:          125492 kB
Active:           358040 kB
Mem:          3.8G       3.7G       122M       5.7M        27M       3.3G

MemTotal:        4016004 kB
MemFree:          124608 kB
Active:           358044 kB
Mem:          3.8G       3.7G       120M       5.7M        27M       3.3G

MemTotal:        4016004 kB
MemFree:          127640 kB
Active:           358064 kB
Mem:          3.8G       3.7G       124M       5.7M        27M       3.2G

MemTotal:        4016004 kB
MemFree:          126128 kB
Active:           358072 kB
Mem:          3.8G       3.7G       122M       5.7M        27M       3.2G

MemTotal:        4016004 kB
MemFree:          123060 kB
Active:           360096 kB
Mem:          3.8G       3.7G       119M       5.7M        27M       3.3G

MemTotal:        4016004 kB
MemFree:          122880 kB
Active:           360096 kB
Mem:          3.8G       3.7G       120M       5.7M        27M       3.3G

MemTotal:        4016004 kB
MemFree:          121212 kB
Active:           360104 kB
Mem:          3.8G       3.7G       117M       5.7M        27M       3.3G

MemTotal:        4016004 kB
MemFree:          122540 kB
Active:           355828 kB
Mem:          3.8G       3.7G       118M       5.7M        27M       3.3G

MemTotal:        4016004 kB
MemFree:          142308 kB
Active:           355828 kB
Mem:          3.8G       3.7G       138M       5.7M        27M       3.2G

MemTotal:        4016004 kB
MemFree:          143644 kB
Active:           355828 kB
Mem:          3.8G       3.7G       139M       5.7M        27M       3.2G

MemTotal:        4016004 kB
MemFree:          130924 kB
Active:           355840 kB
Mem:          3.8G       3.7G       126M       5.7M        27M       3.2G

MemTotal:        4016004 kB
MemFree:          112416 kB
Active:           355840 kB
Mem:          3.8G       3.7G       108M       5.7M        27M       3.3G

MemTotal:        4016004 kB
MemFree:          140024 kB
Active:           355840 kB
Mem:          3.8G       3.7G       136M       5.7M        27M       3.2G

MemTotal:        4016004 kB
MemFree:          106156 kB
Active:           355852 kB
Mem:          3.8G       3.7G       103M       5.7M        27M       3.3G

MemTotal:        4016004 kB
MemFree:          105188 kB
Active:           355864 kB
Mem:          3.8G       3.7G       102M       5.7M        27M       3.3G

MemTotal:        4016004 kB
MemFree:          130520 kB
Active:           353416 kB
Mem:          3.8G       3.7G       127M       5.7M        27M       3.2G

MemTotal:        4016004 kB
MemFree:          130340 kB
Active:           353420 kB
Mem:          3.8G       3.7G       127M       5.7M        27M       3.2G

MemTotal:        4016004 kB
MemFree:          128332 kB
Active:           353420 kB
Mem:          3.8G       3.7G       125M       5.7M        27M       3.2G

MemTotal:        4016004 kB
MemFree:          121412 kB
Active:           353420 kB
Mem:          3.8G       3.7G       117M       5.7M        27M       3.3G

MemTotal:        4016004 kB
MemFree:          107268 kB
Active:           353420 kB
Mem:          3.8G       3.7G       103M       5.7M        27M       3.3G

MemTotal:        4016004 kB
MemFree:          130912 kB
Active:           353436 kB
Mem:          3.8G       3.7G       126M       5.7M        27M       3.2G

MemTotal:        4016004 kB
MemFree:          138176 kB
Active:           351740 kB
Mem:          3.8G       3.7G       134M       5.7M        27M       3.2G

MemTotal:        4016004 kB
MemFree:          115292 kB
Active:           351740 kB
Mem:          3.8G       3.7G       111M       5.7M        27M       3.3G

MemTotal:        4016004 kB
MemFree:          150496 kB
Active:           351740 kB
Mem:          3.8G       3.7G       146M       5.7M        27M       3.2G

MemTotal:        4016004 kB
MemFree:          118500 kB
Active:           353268 kB
Mem:          3.8G       3.7G       114M       5.7M        27M       3.3G

MemTotal:        4016004 kB
MemFree:          134544 kB
Active:           353268 kB
Mem:          3.8G       3.7G       131M       5.7M        27M       3.2G

MemTotal:        4016004 kB
MemFree:          136536 kB
Active:           353280 kB
Mem:          3.8G       3.7G       133M       5.7M        27M       3.2G

MemTotal:        4016004 kB
MemFree:          135864 kB
Active:           353292 kB
Mem:          3.8G       3.7G       132M       5.7M        27M       3.2G

MemTotal:        4016004 kB
MemFree:          134764 kB
Active:           353292 kB
Mem:          3.8G       3.7G       131M       5.7M        27M       3.2G

MemTotal:        4016004 kB
MemFree:          134032 kB
Active:           353296 kB
Mem:          3.8G       3.7G       130M       5.7M        27M       3.2G

MemTotal:        4016004 kB
MemFree:          132240 kB
Active:           353296 kB
Mem:          3.8G       3.7G       128M       5.7M        27M       3.2G

MemTotal:        4016004 kB
MemFree:          115308 kB
Active:           353304 kB
Mem:          3.8G       3.7G       111M       5.7M        27M       3.3G

MemTotal:        4016004 kB
MemFree:          138752 kB
Active:           353304 kB
Mem:          3.8G       3.7G       134M       5.7M        27M       3.2G

MemTotal:        4016004 kB
MemFree:          133040 kB
Active:           352148 kB
Mem:          3.8G       3.7G       129M       5.7M        27M       3.2G

MemTotal:        4016004 kB
MemFree:          138184 kB
Active:           352148 kB
Mem:          3.8G       3.7G       135M       5.7M        27M       3.2G

MemTotal:        4016004 kB
MemFree:          117320 kB
Active:           352148 kB
Mem:          3.8G       3.7G       113M       5.7M        27M       3.3G

MemTotal:        4016004 kB
MemFree:          127564 kB
Active:           352184 kB
Mem:          3.8G       3.7G       124M       5.7M        27M       3.2G

MemTotal:        4016004 kB
MemFree:          126948 kB
Active:           352196 kB
Mem:          3.8G       3.7G       123M       5.7M        27M       3.2G

MemTotal:        4016004 kB
MemFree:          124940 kB
Active:           352208 kB
Mem:          3.8G       3.7G       121M       5.7M        27M       3.2G

MemTotal:        4016004 kB
MemFree:          124292 kB
Active:           352212 kB
Mem:          3.8G       3.7G       121M       5.7M        27M       3.2G

MemTotal:        4016004 kB
MemFree:          123244 kB
Active:           352212 kB
Mem:          3.8G       3.7G       120M       5.7M        27M       3.2G

MemTotal:        4016004 kB
MemFree:          111744 kB
Active:           352216 kB
Mem:          3.8G       3.7G       108M       5.7M        27M       3.3G

MemTotal:        4016004 kB
MemFree:          130608 kB
Active:           352096 kB
Mem:          3.8G       3.7G       126M       5.7M        27M       3.2G

MemTotal:        4016004 kB
MemFree:          125444 kB
Active:           350084 kB
Mem:          3.8G       3.7G       121M       5.7M        27M       3.2G

MemTotal:        4016004 kB
MemFree:          149540 kB
Active:           350100 kB
Mem:          3.8G       3.7G       145M       5.7M        27M       3.2G

MemTotal:        4016004 kB
MemFree:          139452 kB
Active:           350100 kB
Mem:          3.8G       3.7G       136M       5.7M        27M       3.2G

MemTotal:        4016004 kB
MemFree:          139456 kB
Active:           350108 kB
Mem:          3.8G       3.7G       135M       5.7M        27M       3.2G

MemTotal:        4016004 kB
MemFree:          136480 kB
Active:           350108 kB
Mem:          3.8G       3.7G       132M       5.7M        27M       3.2G

MemTotal:        4016004 kB
MemFree:          114072 kB
Active:           350120 kB
Mem:          3.8G       3.7G       110M       5.7M        27M       3.3G

MemTotal:        4016004 kB
MemFree:          112784 kB
Active:           350132 kB
Mem:          3.8G       3.7G       109M       5.7M        27M       3.3G

MemTotal:        4016004 kB
MemFree:          111732 kB
Active:           350132 kB
Mem:          3.8G       3.7G       108M       5.7M        27M       3.3G

MemTotal:        4016004 kB
MemFree:          111272 kB
Active:           350132 kB
Mem:          3.8G       3.7G       108M       5.7M        27M       3.3G

MemTotal:        4016004 kB
MemFree:          111276 kB
Active:           350136 kB
Mem:          3.8G       3.7G       108M       5.7M        27M       3.3G

MemTotal:        4016004 kB
MemFree:          130384 kB
Active:           350140 kB
Mem:          3.8G       3.7G       126M       5.7M        27M       3.2G

MemTotal:        4016004 kB
MemFree:          119880 kB
Active:           351400 kB
Mem:          3.8G       3.7G       116M       5.7M        27M       3.2G

MemTotal:        4016004 kB
MemFree:          127720 kB
Active:           349212 kB
Mem:          3.8G       3.7G       124M       5.7M        27M       3.2G

MemTotal:        4016004 kB
MemFree:          123500 kB
Active:           349212 kB
Mem:          3.8G       3.7G       119M       5.7M        27M       3.2G

MemTotal:        4016004 kB
MemFree:          140680 kB
Active:           349224 kB
Mem:          3.8G       3.7G       137M       5.7M        27M       3.2G

MemTotal:        4016004 kB
MemFree:          141628 kB
Active:           349224 kB
Mem:          3.8G       3.7G       138M       5.7M        27M       3.2G

MemTotal:        4016004 kB
MemFree:          118828 kB
Active:           349224 kB
Mem:          3.8G       3.7G       115M       5.7M        27M       3.2G

MemTotal:        4016004 kB
MemFree:          122684 kB
Active:           349236 kB
Mem:          3.8G       3.7G       119M       5.7M        27M       3.2G

MemTotal:        4016004 kB
MemFree:          114820 kB
Active:           349236 kB
Mem:          3.8G       3.7G       111M       5.7M        27M       3.2G

MemTotal:        4016004 kB
MemFree:          114600 kB
Active:           349252 kB
Mem:          3.8G       3.7G       111M       5.7M        27M       3.2G

MemTotal:        4016004 kB
MemFree:          114864 kB
Active:           349252 kB
Mem:          3.8G       3.7G       112M       5.7M        27M       3.2G

MemTotal:        4016004 kB
MemFree:          112104 kB
Active:           349256 kB
Mem:          3.8G       3.7G       109M       5.7M        27M       3.3G

MemTotal:        4016004 kB
MemFree:          143712 kB
Active:           349256 kB
Mem:          3.8G       3.7G       139M       5.7M        27M       3.2G

MemTotal:        4016004 kB
MemFree:          144660 kB
Active:           349256 kB
Mem:          3.8G       3.7G       139M       5.7M        27M       3.2G

MemTotal:        4016004 kB
MemFree:          114628 kB
Active:           349264 kB
Mem:          3.8G       3.7G       110M       5.7M        27M       3.2G

MemTotal:        4016004 kB
MemFree:          132764 kB
Active:           349084 kB
Mem:          3.8G       3.7G       129M       5.7M        27M       3.2G

MemTotal:        4016004 kB
MemFree:          109684 kB
Active:           349084 kB
Mem:          3.8G       3.7G       106M       5.7M        27M       3.3G

MemTotal:        4016004 kB
MemFree:          136224 kB
Active:           349092 kB
Mem:          3.8G       3.7G       133M       5.7M        27M       3.2G

MemTotal:        4016004 kB
MemFree:          137584 kB
Active:           349104 kB
Mem:          3.8G       3.7G       134M       5.7M        27M       3.2G

MemTotal:        4016004 kB
MemFree:          134704 kB
Active:           349112 kB
Mem:          3.8G       3.7G       130M       5.7M        27M       3.2G

MemTotal:        4016004 kB
MemFree:          134780 kB
Active:           349112 kB
Mem:          3.8G       3.7G       130M       5.7M        27M       3.2G

MemTotal:        4016004 kB
MemFree:          110088 kB
Active:           349088 kB
Mem:          3.8G       3.7G       107M       5.7M        27M       3.3G

MemTotal:        4016004 kB
MemFree:          107528 kB
Active:           351148 kB
Mem:          3.8G       3.7G       104M       5.7M        27M       3.3G

MemTotal:        4016004 kB
MemFree:          106600 kB
Active:           351148 kB
Mem:          3.8G       3.7G       103M       5.7M        27M       3.3G

MemTotal:        4016004 kB
MemFree:          106536 kB
Active:           351148 kB
Mem:          3.8G       3.7G       104M       5.7M        27M       3.3G

MemTotal:        4016004 kB
MemFree:          147940 kB
Active:           350260 kB
Mem:          3.8G       3.7G       143M       5.7M        27M       3.2G

MemTotal:        4016004 kB
MemFree:          147600 kB
Active:           349952 kB
Mem:          3.8G       3.7G       144M       5.7M        27M       3.2G

MemTotal:        4016004 kB
MemFree:          147600 kB
Active:           349952 kB
Mem:          3.8G       3.7G       144M       5.7M        27M       3.2G

MemTotal:        4016004 kB
MemFree:          147600 kB
Active:           349952 kB
Mem:          3.8G       3.7G       144M       5.7M        27M       3.2G

MemTotal:        4016004 kB
MemFree:          147600 kB
Active:           349952 kB
Mem:          3.8G       3.7G       144M       5.7M        27M       3.2G

MemTotal:        4016004 kB
MemFree:          147848 kB
Active:           349960 kB
Mem:          3.8G       3.7G       144M       5.7M        27M       3.2G

MemTotal:        4016004 kB
MemFree:          147848 kB
Active:           349960 kB
Mem:          3.8G       3.7G       144M       5.7M        27M       3.2G

MemTotal:        4016004 kB
MemFree:          147724 kB
Active:           349964 kB
Mem:          3.8G       3.7G       144M       5.7M        27M       3.2G

MemTotal:        4016004 kB
MemFree:          147724 kB
Active:           349964 kB
Mem:          3.8G       3.7G       144M       5.7M        27M       3.2G

MemTotal:        4016004 kB
MemFree:          147724 kB
Active:           349964 kB
Mem:          3.8G       3.7G       144M       5.7M        27M       3.2G

MemTotal:        4016004 kB
MemFree:          147724 kB
Active:           349964 kB
Mem:          3.8G       3.7G       144M       5.7M        27M       3.2G

MemTotal:        4016004 kB
MemFree:          147788 kB
Active:           349720 kB
Mem:          3.8G       3.7G       144M       5.7M        27M       3.2G

MemTotal:        4016004 kB
MemFree:          147912 kB
Active:           349724 kB
Mem:          3.8G       3.7G       144M       5.7M        27M       3.2G

MemTotal:        4016004 kB
MemFree:          147824 kB
Active:           349732 kB
Mem:          3.8G       3.7G       144M       5.7M        27M       3.2G

MemTotal:        4016004 kB
MemFree:          147948 kB
Active:           349700 kB
Mem:          3.8G       3.7G       144M       5.7M        27M       3.2G

MemTotal:        4016004 kB
MemFree:          147948 kB
Active:           349732 kB
Mem:          3.8G       3.7G       144M       5.7M        27M       3.2G

MemTotal:        4016004 kB
MemFree:          146520 kB
Active:           349672 kB
Mem:          3.8G       3.7G       142M       5.7M        27M       3.2G

MemTotal:        4016004 kB
MemFree:          146272 kB
Active:           351760 kB
Mem:          3.8G       3.7G       142M       5.7M        27M       3.2G

MemTotal:        4016004 kB
MemFree:          145900 kB
Active:           351768 kB
Mem:          3.8G       3.7G       142M       5.7M        27M       3.2G

MemTotal:        4016004 kB
MemFree:          146148 kB
Active:           351756 kB
Mem:          3.8G       3.7G       142M       5.7M        27M       3.2G

MemTotal:        4016004 kB
MemFree:          145900 kB
Active:           351768 kB
Mem:          3.8G       3.7G       142M       5.7M        27M       3.2G

MemTotal:        4016004 kB
MemFree:          146024 kB
Active:           351736 kB
Mem:          3.8G       3.7G       142M       5.7M        27M       3.2G

MemTotal:        4016004 kB
MemFree:          145776 kB
Active:           351772 kB
Mem:          3.8G       3.7G       142M       5.7M        27M       3.2G

MemTotal:        4016004 kB
MemFree:          146024 kB
Active:           351732 kB
Mem:          3.8G       3.7G       142M       5.7M        27M       3.2G

MemTotal:        4016004 kB
MemFree:          146396 kB
Active:           351756 kB
Mem:          3.8G       3.7G       142M       5.7M        27M       3.2G

MemTotal:        4016004 kB
MemFree:          145900 kB
Active:           351772 kB
Mem:          3.8G       3.7G       142M       5.7M        27M       3.2G

MemTotal:        4016004 kB
MemFree:          146148 kB
Active:           351736 kB
Mem:          3.8G       3.7G       142M       5.7M        27M       3.2G

MemTotal:        4016004 kB
MemFree:          146336 kB
Active:           351728 kB
Mem:          3.8G       3.7G       142M       5.7M        27M       3.2G

MemTotal:        4016004 kB
MemFree:          146004 kB
Active:           351780 kB
Mem:          3.8G       3.7G       142M       5.7M        27M       3.2G

MemTotal:        4016004 kB
MemFree:          146376 kB
Active:           351764 kB
Mem:          3.8G       3.7G       142M       5.7M        27M       3.2G

MemTotal:        4016004 kB
MemFree:          146500 kB
Active:           351732 kB
Mem:          3.8G       3.7G       142M       5.7M        27M       3.2G

MemTotal:        4016004 kB
MemFree:          146624 kB
Active:           351768 kB
Mem:          3.8G       3.7G       143M       5.7M        27M       3.2G

MemTotal:        4016004 kB
MemFree:          146624 kB
Active:           351744 kB
Mem:          3.8G       3.7G       143M       5.7M        27M       3.2G

MemTotal:        4016004 kB
MemFree:          146252 kB
Active:           351796 kB
Mem:          3.8G       3.7G       142M       5.7M        27M       3.2G

MemTotal:        4016004 kB
MemFree:          146748 kB
Active:           351748 kB
Mem:          3.8G       3.7G       143M       5.7M        27M       3.2G

MemTotal:        4016004 kB
MemFree:          146748 kB
Active:           351744 kB
Mem:          3.8G       3.7G       143M       5.7M        27M       3.2G

MemTotal:        4016004 kB
MemFree:          146436 kB
Active:           351028 kB
Mem:          3.8G       3.7G       142M       5.7M        27M       3.2G

MemTotal:        4016004 kB
MemFree:          146188 kB
Active:           353100 kB
Mem:          3.8G       3.7G       142M       5.7M        27M       3.2G

MemTotal:        4016004 kB
MemFree:          146252 kB
Active:           353072 kB
Mem:          3.8G       3.7G       142M       5.7M        27M       3.2G

MemTotal:        4016004 kB
MemFree:          146500 kB
Active:           353100 kB
Mem:          3.8G       3.7G       143M       5.7M        27M       3.2G

MemTotal:        4016004 kB
MemFree:          146252 kB
Active:           353112 kB
Mem:          3.8G       3.7G       143M       5.7M        27M       3.2G

MemTotal:        4016004 kB
MemFree:          146624 kB
Active:           353092 kB
Mem:          3.8G       3.7G       143M       5.7M        27M       3.2G

MemTotal:        4016004 kB
MemFree:          146748 kB
Active:           353056 kB
Mem:          3.8G       3.7G       143M       5.7M        27M       3.2G

MemTotal:        4016004 kB
MemFree:          146252 kB
Active:           353112 kB
Mem:          3.8G       3.7G       142M       5.7M        27M       3.2G

MemTotal:        4016004 kB
MemFree:          146376 kB
Active:           353116 kB
Mem:          3.8G       3.7G       143M       5.7M        27M       3.2G

MemTotal:        4016004 kB
MemFree:          146500 kB
Active:           353076 kB
Mem:          3.8G       3.7G       142M       5.7M        27M       3.2G

MemTotal:        4016004 kB
MemFree:          146500 kB
Active:           353088 kB
Mem:          3.8G       3.7G       142M       5.7M        27M       3.2G

MemTotal:        4016004 kB
MemFree:          146500 kB
Active:           353116 kB
Mem:          3.8G       3.7G       142M       5.7M        27M       3.2G

MemTotal:        4016004 kB
MemFree:          146128 kB
Active:           353088 kB
Mem:          3.8G       3.7G       142M       5.7M        27M       3.2G

MemTotal:        4016004 kB
MemFree:          146252 kB
Active:           353128 kB
Mem:          3.8G       3.7G       142M       5.7M        27M       3.2G

MemTotal:        4016004 kB
MemFree:          146252 kB
Active:           353104 kB
Mem:          3.8G       3.7G       142M       5.7M        27M       3.2G

MemTotal:        4016004 kB
MemFree:          146252 kB
Active:           353080 kB
Mem:          3.8G       3.7G       142M       5.7M        27M       3.2G

MemTotal:        4016004 kB
MemFree:          146004 kB
Active:           353144 kB
Mem:          3.8G       3.7G       142M       5.7M        27M       3.2G

MemTotal:        4016004 kB
MemFree:          146500 kB
Active:           353116 kB
Mem:          3.8G       3.7G       142M       5.7M        27M       3.2G

MemTotal:        4016004 kB
MemFree:          146624 kB
Active:           353136 kB
Mem:          3.8G       3.7G       142M       5.7M        27M       3.2G

MemTotal:        4016004 kB
MemFree:          146624 kB
Active:           353112 kB
Mem:          3.8G       3.7G       142M       5.7M        27M       3.2G

MemTotal:        4016004 kB
MemFree:          145880 kB
Active:           353144 kB
Mem:          3.8G       3.7G       142M       5.7M        27M       3.2G

MemTotal:        4016004 kB
MemFree:          145756 kB
Active:           353144 kB
Mem:          3.8G       3.7G       142M       5.7M        27M       3.2G

MemTotal:        4016004 kB
MemFree:          146128 kB
Active:           353088 kB
Mem:          3.8G       3.7G       142M       5.7M        27M       3.2G

MemTotal:        4016004 kB
MemFree:          146128 kB
Active:           353108 kB
Mem:          3.8G       3.7G       142M       5.7M        27M       3.2G

MemTotal:        4016004 kB
MemFree:          145632 kB
Active:           353144 kB
Mem:          3.8G       3.7G       142M       5.7M        27M       3.2G

MemTotal:        4016004 kB
MemFree:          145632 kB
Active:           353144 kB
Mem:          3.8G       3.7G       142M       5.7M        27M       3.2G

MemTotal:        4016004 kB
MemFree:          146004 kB
Active:           353104 kB
Mem:          3.8G       3.7G       142M       5.7M        27M       3.2G

MemTotal:        4016004 kB
MemFree:          145508 kB
Active:           353148 kB
Mem:          3.8G       3.7G       142M       5.7M        27M       3.2G

MemTotal:        4016004 kB
MemFree:          146252 kB
Active:           353100 kB
Mem:          3.8G       3.7G       142M       5.7M        27M       3.2G

MemTotal:        4016004 kB
MemFree:          146624 kB
Active:           353140 kB
Mem:          3.8G       3.7G       142M       5.7M        27M       3.2G

MemTotal:        4016004 kB
MemFree:          146500 kB
Active:           353132 kB
Mem:          3.8G       3.7G       143M       5.7M        27M       3.2G

MemTotal:        4016004 kB
MemFree:          146004 kB
Active:           353156 kB
Mem:          3.8G       3.7G       142M       5.7M        27M       3.2G

MemTotal:        4016004 kB
MemFree:          145880 kB
Active:           353164 kB
Mem:          3.8G       3.7G       142M       5.7M        27M       3.2G

MemTotal:        4016004 kB
MemFree:          146252 kB
Active:           353140 kB
Mem:          3.8G       3.7G       142M       5.7M        27M       3.2G

MemTotal:        4016004 kB
MemFree:          146252 kB
Active:           353124 kB
Mem:          3.8G       3.7G       142M       5.7M        27M       3.2G

MemTotal:        4016004 kB
MemFree:          145756 kB
Active:           353164 kB
Mem:          3.8G       3.7G       142M       5.7M        27M       3.2G

MemTotal:        4016004 kB
MemFree:          146004 kB
Active:           353140 kB
Mem:          3.8G       3.7G       142M       5.7M        27M       3.2G

MemTotal:        4016004 kB
MemFree:          146500 kB
Active:           353136 kB
Mem:          3.8G       3.7G       142M       5.7M        27M       3.2G

MemTotal:        4016004 kB
MemFree:          146376 kB
Active:           353108 kB
Mem:          3.8G       3.7G       142M       5.7M        27M       3.2G

MemTotal:        4016004 kB
MemFree:          146128 kB
Active:           353164 kB
Mem:          3.8G       3.7G       142M       5.7M        27M       3.2G

MemTotal:        4016004 kB
MemFree:          146128 kB
Active:           353168 kB
Mem:          3.8G       3.7G       142M       5.7M        27M       3.2G

MemTotal:        4016004 kB
MemFree:          146376 kB
Active:           353112 kB
Mem:          3.8G       3.7G       142M       5.7M        27M       3.2G

MemTotal:        4016004 kB
MemFree:          146004 kB
Active:           353168 kB
Mem:          3.8G       3.7G       142M       5.7M        27M       3.2G

MemTotal:        4016004 kB
MemFree:          146004 kB
Active:           353124 kB
Mem:          3.8G       3.7G       142M       5.7M        27M       3.2G

MemTotal:        4016004 kB
MemFree:          146004 kB
Active:           353144 kB
Mem:          3.8G       3.7G       142M       5.7M        27M       3.2G

MemTotal:        4016004 kB
MemFree:          146500 kB
Active:           353160 kB
Mem:          3.8G       3.7G       143M       5.7M        27M       3.2G

MemTotal:        4016004 kB
MemFree:          146376 kB
Active:           353164 kB
Mem:          3.8G       3.7G       142M       5.7M        27M       3.2G

MemTotal:        4016004 kB
MemFree:          146500 kB
Active:           353172 kB
Mem:          3.8G       3.7G       142M       5.7M        27M       3.2G

MemTotal:        4016004 kB
MemFree:          146376 kB
Active:           353172 kB
Mem:          3.8G       3.7G       142M       5.7M        27M       3.2G

MemTotal:        4016004 kB
MemFree:          146500 kB
Active:           353144 kB
Mem:          3.8G       3.7G       143M       5.7M        27M       3.2G

MemTotal:        4016004 kB
MemFree:          146516 kB
Active:           353160 kB
Mem:          3.8G       3.7G       143M       5.7M        27M       3.2G

MemTotal:        4016004 kB
MemFree:          145896 kB
Active:           353176 kB
Mem:          3.8G       3.7G       142M       5.7M        27M       3.2G

MemTotal:        4016004 kB
MemFree:          146020 kB
Active:           353140 kB
Mem:          3.8G       3.7G       142M       5.7M        27M       3.2G

MemTotal:        4016004 kB
MemFree:          145648 kB
Active:           353184 kB
Mem:          3.8G       3.7G       142M       5.7M        27M       3.2G

MemTotal:        4016004 kB
MemFree:          146144 kB
Active:           353172 kB
Mem:          3.8G       3.7G       142M       5.7M        27M       3.2G

MemTotal:        4016004 kB
MemFree:          146144 kB
Active:           353148 kB
Mem:          3.8G       3.7G       142M       5.7M        27M       3.2G

MemTotal:        4016004 kB
MemFree:          146144 kB
Active:           353148 kB
Mem:          3.8G       3.7G       142M       5.7M        27M       3.2G

MemTotal:        4016004 kB
MemFree:          146144 kB
Active:           353164 kB
Mem:          3.8G       3.7G       142M       5.7M        27M       3.2G

MemTotal:        4016004 kB
MemFree:          145648 kB
Active:           353188 kB
Mem:          3.8G       3.7G       142M       5.7M        27M       3.2G

MemTotal:        4016004 kB
MemFree:          146020 kB
Active:           353152 kB
Mem:          3.8G       3.7G       142M       5.7M        27M       3.2G

MemTotal:        4016004 kB
MemFree:          146516 kB
Active:           353172 kB
Mem:          3.8G       3.7G       142M       5.7M        27M       3.2G

MemTotal:        4016004 kB
MemFree:          146516 kB
Active:           353192 kB
Mem:          3.8G       3.7G       142M       5.7M        27M       3.2G

MemTotal:        4016004 kB
MemFree:          146020 kB
Active:           353204 kB
Mem:          3.8G       3.7G       142M       5.7M        27M       3.2G

MemTotal:        4016004 kB
MemFree:          145896 kB
Active:           353204 kB
Mem:          3.8G       3.7G       142M       5.7M        27M       3.2G

MemTotal:        4016004 kB
MemFree:          146268 kB
Active:           353168 kB
Mem:          3.8G       3.7G       142M       5.7M        27M       3.2G

MemTotal:        4016004 kB
MemFree:          146020 kB
Active:           353212 kB
Mem:          3.8G       3.7G       142M       5.7M        27M       3.2G

MemTotal:        4016004 kB
MemFree:          146392 kB
Active:           353184 kB
Mem:          3.8G       3.7G       142M       5.7M        27M       3.2G

MemTotal:        4016004 kB
MemFree:          146392 kB
Active:           353160 kB
Mem:          3.8G       3.7G       142M       5.7M        27M       3.2G

MemTotal:        4016004 kB
MemFree:          146640 kB
Active:           353172 kB
Mem:          3.8G       3.7G       142M       5.7M        27M       3.2G

MemTotal:        4016004 kB
MemFree:          146144 kB
Active:           353224 kB
Mem:          3.8G       3.7G       142M       5.7M        27M       3.2G

MemTotal:        4016004 kB
MemFree:          146020 kB
Active:           353228 kB
Mem:          3.8G       3.7G       142M       5.7M        27M       3.2G

MemTotal:        4016004 kB
MemFree:          146268 kB
Active:           353204 kB
Mem:          3.8G       3.7G       142M       5.7M        27M       3.2G

MemTotal:        4016004 kB
MemFree:          146392 kB
Active:           353188 kB
Mem:          3.8G       3.7G       142M       5.7M        27M       3.2G

MemTotal:        4016004 kB
MemFree:          145648 kB
Active:           353228 kB
Mem:          3.8G       3.7G       142M       5.7M        27M       3.2G

MemTotal:        4016004 kB
MemFree:          146020 kB
Active:           353184 kB
Mem:          3.8G       3.7G       142M       5.7M        27M       3.2G

MemTotal:        4016004 kB
MemFree:          146020 kB
Active:           353208 kB
Mem:          3.8G       3.7G       142M       5.7M        27M       3.2G

MemTotal:        4016004 kB
MemFree:          146516 kB
Active:           353224 kB
Mem:          3.8G       3.7G       142M       5.7M        27M       3.2G

MemTotal:        4016004 kB
MemFree:          146020 kB
Active:           353236 kB
Mem:          3.8G       3.7G       142M       5.7M        27M       3.2G

MemTotal:        4016004 kB
MemFree:          146516 kB
Active:           353200 kB
Mem:          3.8G       3.7G       143M       5.7M        27M       3.2G

MemTotal:        4016004 kB
MemFree:          146268 kB
Active:           353236 kB
Mem:          3.8G       3.7G       142M       5.7M        27M       3.2G

MemTotal:        4016004 kB
MemFree:          144468 kB
Active:           353176 kB
Mem:          3.8G       3.7G       141M       5.7M        27M       3.2G

MemTotal:        4016004 kB
MemFree:          143972 kB
Active:           355268 kB
Mem:          3.8G       3.7G       140M       5.7M        27M       3.2G

MemTotal:        4016004 kB
MemFree:          143972 kB
Active:           355268 kB
Mem:          3.8G       3.7G       140M       5.7M        27M       3.2G

MemTotal:        4016004 kB
MemFree:          143848 kB
Active:           355268 kB
Mem:          3.8G       3.7G       140M       5.7M        27M       3.2G

MemTotal:        4016004 kB
MemFree:          143600 kB
Active:           355268 kB
Mem:          3.8G       3.7G       140M       5.7M        27M       3.2G

MemTotal:        4016004 kB
MemFree:          143476 kB
Active:           355268 kB
Mem:          3.8G       3.7G       140M       5.7M        27M       3.2G

MemTotal:        4016004 kB
MemFree:          143980 kB
Active:           355248 kB
Mem:          3.8G       3.7G       140M       5.7M        27M       3.2G

MemTotal:        4016004 kB
MemFree:          144228 kB
Active:           355272 kB
Mem:          3.8G       3.7G       140M       5.7M        27M       3.2G

MemTotal:        4016004 kB
MemFree:          144228 kB
Active:           355244 kB
Mem:          3.8G       3.7G       140M       5.7M        27M       3.2G

MemTotal:        4016004 kB
MemFree:          143732 kB
Active:           355276 kB
Mem:          3.8G       3.7G       140M       5.7M        27M       3.2G

MemTotal:        4016004 kB
MemFree:          143864 kB
Active:           355220 kB
Mem:          3.8G       3.7G       140M       5.7M        27M       3.2G

MemTotal:        4016004 kB
MemFree:          143988 kB
Active:           355264 kB
Mem:          3.8G       3.7G       140M       5.7M        27M       3.2G

MemTotal:        4016004 kB
MemFree:          144236 kB
Active:           355228 kB
Mem:          3.8G       3.7G       140M       5.7M        27M       3.2G

MemTotal:        4016004 kB
MemFree:          143864 kB
Active:           355284 kB
Mem:          3.8G       3.7G       140M       5.7M        27M       3.2G

MemTotal:        4016004 kB
MemFree:          144236 kB
Active:           355256 kB
Mem:          3.8G       3.7G       140M       5.7M        27M       3.2G

MemTotal:        4016004 kB
MemFree:          144236 kB
Active:           355284 kB
Mem:          3.8G       3.7G       140M       5.7M        27M       3.2G

MemTotal:        4016004 kB
MemFree:          144236 kB
Active:           355256 kB
Mem:          3.8G       3.7G       140M       5.7M        27M       3.2G

MemTotal:        4016004 kB
MemFree:          144236 kB
Active:           355268 kB
Mem:          3.8G       3.7G       140M       5.7M        27M       3.2G

MemTotal:        4016004 kB
MemFree:          144360 kB
Active:           355248 kB
Mem:          3.8G       3.7G       140M       5.7M        27M       3.2G

MemTotal:        4016004 kB
MemFree:          144236 kB
Active:           355236 kB
Mem:          3.8G       3.7G       140M       5.7M        27M       3.2G

MemTotal:        4016004 kB
MemFree:          143864 kB
Active:           355296 kB
Mem:          3.8G       3.7G       140M       5.7M        27M       3.2G

MemTotal:        4016004 kB
MemFree:          143616 kB
Active:           355280 kB
Mem:          3.8G       3.7G       140M       5.7M        27M       3.2G

MemTotal:        4016004 kB
MemFree:          143740 kB
Active:           355292 kB
Mem:          3.8G       3.7G       140M       5.7M        27M       3.2G

MemTotal:        4016004 kB
MemFree:          143616 kB
Active:           355304 kB
Mem:          3.8G       3.7G       140M       5.7M        27M       3.2G

MemTotal:        4016004 kB
MemFree:          143988 kB
Active:           355264 kB
Mem:          3.8G       3.7G       140M       5.7M        27M       3.2G

MemTotal:        4016004 kB
MemFree:          143988 kB
Active:           355300 kB
Mem:          3.8G       3.7G       140M       5.7M        27M       3.2G

MemTotal:        4016004 kB
MemFree:          143988 kB
Active:           355280 kB
Mem:          3.8G       3.7G       140M       5.7M        27M       3.2G

MemTotal:        4016004 kB
MemFree:          144112 kB
Active:           355256 kB
Mem:          3.8G       3.7G       140M       5.7M        27M       3.2G

MemTotal:        4016004 kB
MemFree:          143988 kB
Active:           355284 kB
Mem:          3.8G       3.7G       140M       5.7M        27M       3.2G

MemTotal:        4016004 kB
MemFree:          144112 kB
Active:           355276 kB
Mem:          3.8G       3.7G       140M       5.7M        27M       3.2G

MemTotal:        4016004 kB
MemFree:          144236 kB
Active:           355308 kB
Mem:          3.8G       3.7G       140M       5.7M        27M       3.2G

MemTotal:        4016004 kB
MemFree:          143740 kB
Active:           355320 kB
Mem:          3.8G       3.7G       140M       5.7M        27M       3.2G

MemTotal:        4016004 kB
MemFree:          143864 kB
Active:           355312 kB
Mem:          3.8G       3.7G       140M       5.7M        27M       3.2G

MemTotal:        4016004 kB
MemFree:          143864 kB
Active:           355300 kB
Mem:          3.8G       3.7G       140M       5.7M        27M       3.2G

MemTotal:        4016004 kB
MemFree:          143988 kB
Active:           355272 kB
Mem:          3.8G       3.7G       140M       5.7M        27M       3.2G

MemTotal:        4016004 kB
MemFree:          144112 kB
Active:           355300 kB
Mem:          3.8G       3.7G       140M       5.7M        27M       3.2G

MemTotal:        4016004 kB
MemFree:          144236 kB
Active:           355284 kB
Mem:          3.8G       3.7G       140M       5.7M        27M       3.2G

MemTotal:        4016004 kB
MemFree:          144236 kB
Active:           355296 kB
Mem:          3.8G       3.7G       140M       5.7M        27M       3.2G

MemTotal:        4016004 kB
MemFree:          144236 kB
Active:           355336 kB
Mem:          3.8G       3.7G       140M       5.7M        27M       3.2G

MemTotal:        4016004 kB
MemFree:          144484 kB
Active:           355332 kB
Mem:          3.8G       3.7G       141M       5.7M        27M       3.2G

MemTotal:        4016004 kB
MemFree:          143740 kB
Active:           355340 kB
Mem:          3.8G       3.7G       140M       5.7M        27M       3.2G

MemTotal:        4016004 kB
MemFree:          143616 kB
Active:           355344 kB
Mem:          3.8G       3.7G       139M       5.7M        27M       3.2G

MemTotal:        4016004 kB
MemFree:          143360 kB
Active:           355348 kB
Mem:          3.8G       3.7G       140M       5.7M        27M       3.2G

MemTotal:        4016004 kB
MemFree:          143856 kB
Active:           355340 kB
Mem:          3.8G       3.7G       140M       5.7M        27M       3.2G

MemTotal:        4016004 kB
MemFree:          143360 kB
Active:           355352 kB
Mem:          3.8G       3.7G       140M       5.7M        27M       3.2G

MemTotal:        4016004 kB
MemFree:          143484 kB
Active:           355352 kB
Mem:          3.8G       3.7G       140M       5.7M        27M       3.2G

MemTotal:        4016004 kB
MemFree:          143856 kB
Active:           355316 kB
Mem:          3.8G       3.7G       140M       5.7M        27M       3.2G

MemTotal:        4016004 kB
MemFree:          143732 kB
Active:           355364 kB
Mem:          3.8G       3.7G       140M       5.7M        27M       3.2G

MemTotal:        4016004 kB
MemFree:          144228 kB
Active:           355324 kB
Mem:          3.8G       3.7G       141M       5.7M        27M       3.2G

MemTotal:        4016004 kB
MemFree:          144476 kB
Active:           355344 kB
Mem:          3.8G       3.7G       140M       5.7M        27M       3.2G

MemTotal:        4016004 kB
MemFree:          144228 kB
Active:           355364 kB
Mem:          3.8G       3.7G       140M       5.7M        27M       3.2G

MemTotal:        4016004 kB
MemFree:          144228 kB
Active:           355372 kB
Mem:          3.8G       3.7G       140M       5.7M        27M       3.2G

MemTotal:        4016004 kB
MemFree:          144600 kB
Active:           355332 kB
Mem:          3.8G       3.7G       141M       5.7M        27M       3.2G

MemTotal:        4016004 kB
MemFree:          144600 kB
Active:           355360 kB
Mem:          3.8G       3.7G       141M       5.7M        27M       3.2G

MemTotal:        4016004 kB
MemFree:          144120 kB
Active:           355380 kB
Mem:          3.8G       3.7G       140M       5.7M        27M       3.2G

MemTotal:        4016004 kB
MemFree:          144368 kB
Active:           355352 kB
Mem:          3.8G       3.7G       140M       5.7M        27M       3.2G

MemTotal:        4016004 kB
MemFree:          144492 kB
Active:           355360 kB
Mem:          3.8G       3.7G       141M       5.7M        27M       3.2G

MemTotal:        4016004 kB
MemFree:          144740 kB
Active:           355344 kB
Mem:          3.8G       3.7G       140M       5.7M        27M       3.2G

MemTotal:        4016004 kB
MemFree:          144492 kB
Active:           355336 kB
Mem:          3.8G       3.7G       141M       5.7M        27M       3.2G

MemTotal:        4016004 kB
MemFree:          144120 kB
Active:           355384 kB
Mem:          3.8G       3.7G       140M       5.7M        27M       3.2G

MemTotal:        4016004 kB
MemFree:          144492 kB
Active:           355332 kB
Mem:          3.8G       3.7G       141M       5.7M        27M       3.2G

MemTotal:        4016004 kB
MemFree:          144368 kB
Active:           355332 kB
Mem:          3.8G       3.7G       141M       5.7M        27M       3.2G

MemTotal:        4016004 kB
MemFree:          144120 kB
Active:           355384 kB
Mem:          3.8G       3.7G       140M       5.7M        28M       3.2G

MemTotal:        4016004 kB
MemFree:          143748 kB
Active:           355444 kB
Mem:          3.8G       3.7G       140M       5.7M        28M       3.2G

MemTotal:        4016004 kB
MemFree:          143624 kB
Active:           355496 kB
Mem:          3.8G       3.7G       140M       5.7M        28M       3.2G

MemTotal:        4016004 kB
MemFree:          144120 kB
Active:           355464 kB
Mem:          3.8G       3.7G       140M       5.7M        28M       3.2G

