MemTotal:        4016004 kB
MemFree:         3240844 kB
Active:           415560 kB
Mem:          3.8G       756M       3.1G       5.7M        55M       315M

MemTotal:        4016004 kB
MemFree:         3241500 kB
Active:           415696 kB
Mem:          3.8G       756M       3.1G       5.7M        55M       315M

MemTotal:        4016004 kB
MemFree:         3241236 kB
Active:           415800 kB
Mem:          3.8G       756M       3.1G       5.7M        55M       315M

MemTotal:        4016004 kB
MemFree:         3240988 kB
Active:           415812 kB
Mem:          3.8G       756M       3.1G       5.7M        55M       315M

MemTotal:        4016004 kB
MemFree:         3241344 kB
Active:           415824 kB
Mem:          3.8G       756M       3.1G       5.7M        55M       315M

MemTotal:        4016004 kB
MemFree:         3241344 kB
Active:           415824 kB
Mem:          3.8G       756M       3.1G       5.7M        55M       315M

MemTotal:        4016004 kB
MemFree:         3239792 kB
Active:           415776 kB
Mem:          3.8G       757M       3.1G       5.7M        55M       315M

MemTotal:        4016004 kB
MemFree:         3239884 kB
Active:           417836 kB
Mem:          3.8G       757M       3.1G       5.7M        55M       315M

MemTotal:        4016004 kB
MemFree:         3239372 kB
Active:           417856 kB
Mem:          3.8G       758M       3.1G       5.7M        55M       315M

MemTotal:        4016004 kB
MemFree:         3239992 kB
Active:           417852 kB
Mem:          3.8G       758M       3.1G       5.7M        55M       315M

MemTotal:        4016004 kB
MemFree:         3239868 kB
Active:           417820 kB
Mem:          3.8G       757M       3.1G       5.7M        55M       315M

MemTotal:        4016004 kB
MemFree:         3239480 kB
Active:           417856 kB
Mem:          3.8G       758M       3.1G       5.7M        55M       315M

MemTotal:        4016004 kB
MemFree:         3239588 kB
Active:           417848 kB
Mem:          3.8G       758M       3.1G       5.7M        55M       315M

MemTotal:        4016004 kB
MemFree:         3239728 kB
Active:           417824 kB
Mem:          3.8G       757M       3.1G       5.7M        55M       315M

MemTotal:        4016004 kB
MemFree:         3240100 kB
Active:           417812 kB
Mem:          3.8G       757M       3.1G       5.7M        55M       315M

MemTotal:        4016004 kB
MemFree:         3241776 kB
Active:           415940 kB
Mem:          3.8G       756M       3.1G       5.7M        55M       315M

MemTotal:        4016004 kB
MemFree:         3241868 kB
Active:           415824 kB
Mem:          3.8G       755M       3.1G       5.7M        55M       315M

MemTotal:        4016004 kB
MemFree:         3241992 kB
Active:           415832 kB
Mem:          3.8G       755M       3.1G       5.7M        55M       315M

MemTotal:        4016004 kB
MemFree:         3241744 kB
Active:           415840 kB
Mem:          3.8G       755M       3.1G       5.7M        55M       315M

MemTotal:        4016004 kB
MemFree:         3241992 kB
Active:           415788 kB
Mem:          3.8G       755M       3.1G       5.7M        55M       315M

MemTotal:        4016004 kB
MemFree:         3242364 kB
Active:           415792 kB
Mem:          3.8G       755M       3.1G       5.7M        55M       315M

MemTotal:        4016004 kB
MemFree:         3242488 kB
Active:           415808 kB
Mem:          3.8G       755M       3.1G       5.7M        55M       315M

MemTotal:        4016004 kB
MemFree:         3242240 kB
Active:           415820 kB
Mem:          3.8G       755M       3.1G       5.7M        55M       315M

MemTotal:        4016004 kB
MemFree:         3241992 kB
Active:           415820 kB
Mem:          3.8G       755M       3.1G       5.7M        55M       315M

MemTotal:        4016004 kB
MemFree:         3242208 kB
Active:           415836 kB
Mem:          3.8G       755M       3.1G       5.7M        55M       315M

MemTotal:        4016004 kB
MemFree:         3241836 kB
Active:           415848 kB
Mem:          3.8G       755M       3.1G       5.7M        55M       315M

MemTotal:        4016004 kB
MemFree:         3242068 kB
Active:           415804 kB
Mem:          3.8G       756M       3.1G       5.7M        55M       315M

MemTotal:        4016004 kB
MemFree:         3241928 kB
Active:           415812 kB
Mem:          3.8G       755M       3.1G       5.7M        55M       315M

MemTotal:        4016004 kB
MemFree:         3242284 kB
Active:           415812 kB
Mem:          3.8G       755M       3.1G       5.7M        55M       315M

MemTotal:        4016004 kB
MemFree:         3241648 kB
Active:           415860 kB
Mem:          3.8G       756M       3.1G       5.7M        55M       315M

MemTotal:        4016004 kB
MemFree:         3241464 kB
Active:           415860 kB
Mem:          3.8G       756M       3.1G       5.7M        55M       315M

MemTotal:        4016004 kB
MemFree:         3241652 kB
Active:           415808 kB
Mem:          3.8G       756M       3.1G       5.7M        55M       315M

MemTotal:        4016004 kB
MemFree:         3241156 kB
Active:           415860 kB
Mem:          3.8G       756M       3.1G       5.7M        55M       315M

MemTotal:        4016004 kB
MemFree:         3241528 kB
Active:           415860 kB
Mem:          3.8G       756M       3.1G       5.7M        55M       315M

MemTotal:        4016004 kB
MemFree:         3241528 kB
Active:           415856 kB
Mem:          3.8G       756M       3.1G       5.7M        55M       315M

MemTotal:        4016004 kB
MemFree:         3241156 kB
Active:           415864 kB
Mem:          3.8G       756M       3.1G       5.7M        55M       315M

MemTotal:        4016004 kB
MemFree:         3240692 kB
Active:           413960 kB
Mem:          3.8G       757M       3.1G       5.7M        55M       315M

MemTotal:        4016004 kB
MemFree:         3241216 kB
Active:           415864 kB
Mem:          3.8G       756M       3.1G       5.7M        55M       315M

MemTotal:        4016004 kB
MemFree:         3241464 kB
Active:           415872 kB
Mem:          3.8G       755M       3.1G       5.7M        55M       315M

MemTotal:        4016004 kB
MemFree:         3241836 kB
Active:           415856 kB
Mem:          3.8G       755M       3.1G       5.7M        55M       315M

MemTotal:        4016004 kB
MemFree:         3241836 kB
Active:           415852 kB
Mem:          3.8G       755M       3.1G       5.7M        55M       315M

MemTotal:        4016004 kB
MemFree:         3242052 kB
Active:           415864 kB
Mem:          3.8G       756M       3.1G       5.7M        55M       315M

MemTotal:        4016004 kB
MemFree:         3241788 kB
Active:           415872 kB
Mem:          3.8G       756M       3.1G       5.7M        55M       315M

MemTotal:        4016004 kB
MemFree:         3241400 kB
Active:           415896 kB
Mem:          3.8G       756M       3.1G       5.7M        55M       315M

MemTotal:        4016004 kB
MemFree:         3241632 kB
Active:           415848 kB
Mem:          3.8G       756M       3.1G       5.7M        55M       315M

MemTotal:        4016004 kB
MemFree:         3241540 kB
Active:           415856 kB
Mem:          3.8G       756M       3.1G       5.7M        55M       315M

MemTotal:        4016004 kB
MemFree:         3239616 kB
Active:           415860 kB
Mem:          3.8G       757M       3.1G       5.7M        55M       315M

MemTotal:        4016004 kB
MemFree:         3239492 kB
Active:           417924 kB
Mem:          3.8G       758M       3.1G       5.7M        55M       315M

MemTotal:        4016004 kB
MemFree:         3239616 kB
Active:           417900 kB
Mem:          3.8G       758M       3.1G       5.7M        55M       315M

MemTotal:        4016004 kB
MemFree:         3239616 kB
Active:           417900 kB
Mem:          3.8G       758M       3.1G       5.7M        55M       315M

MemTotal:        4016004 kB
MemFree:         3239616 kB
Active:           417896 kB
Mem:          3.8G       758M       3.1G       5.7M        55M       315M

MemTotal:        4016004 kB
MemFree:         3239988 kB
Active:           417904 kB
Mem:          3.8G       757M       3.1G       5.7M        55M       315M

MemTotal:        4016004 kB
MemFree:         3239616 kB
Active:           417912 kB
Mem:          3.8G       758M       3.1G       5.7M        55M       315M

MemTotal:        4016004 kB
MemFree:         3239244 kB
Active:           417952 kB
Mem:          3.8G       758M       3.1G       5.7M        55M       315M

MemTotal:        4016004 kB
MemFree:         3239120 kB
Active:           417952 kB
Mem:          3.8G       758M       3.1G       5.7M        55M       315M

MemTotal:        4016004 kB
MemFree:         3239600 kB
Active:           417948 kB
Mem:          3.8G       758M       3.1G       5.7M        55M       315M

MemTotal:        4016004 kB
MemFree:         3238672 kB
Active:           415972 kB
Mem:          3.8G       758M       3.1G       5.7M        55M       315M

MemTotal:        4016004 kB
MemFree:         3238900 kB
Active:           417984 kB
Mem:          3.8G       758M       3.1G       5.7M        55M       315M

MemTotal:        4016004 kB
MemFree:         3239320 kB
Active:           417948 kB
Mem:          3.8G       758M       3.1G       5.7M        55M       315M

MemTotal:        4016004 kB
MemFree:         3239320 kB
Active:           417936 kB
Mem:          3.8G       758M       3.1G       5.7M        55M       315M

MemTotal:        4016004 kB
MemFree:         3239164 kB
Active:           418096 kB
Mem:          3.8G       758M       3.1G       5.7M        55M       315M

MemTotal:        4016004 kB
MemFree:         3125988 kB
Active:           418596 kB
Mem:          3.8G       870M       3.0G       5.7M        55M       426M

MemTotal:        4016004 kB
MemFree:         3012520 kB
Active:           418608 kB
Mem:          3.8G       979M       2.9G       5.7M        55M       534M

MemTotal:        4016004 kB
MemFree:         2893348 kB
Active:           418616 kB
Mem:          3.8G       1.1G       2.8G       5.7M        55M       649M

MemTotal:        4016004 kB
MemFree:         2883164 kB
Active:           418648 kB
Mem:          3.8G       1.1G       2.7G       5.7M        55M       658M

MemTotal:        4016004 kB
MemFree:         2829224 kB
Active:           418628 kB
Mem:          3.8G       1.1G       2.7G       5.7M        55M       711M

MemTotal:        4016004 kB
MemFree:         2781784 kB
Active:           420688 kB
Mem:          3.8G       1.2G       2.7G       5.7M        55M       755M

MemTotal:        4016004 kB
MemFree:         2742840 kB
Active:           420668 kB
Mem:          3.8G       1.2G       2.6G       5.7M        55M       792M

MemTotal:        4016004 kB
MemFree:         2683780 kB
Active:           420668 kB
Mem:          3.8G       1.3G       2.6G       5.7M        55M       848M

MemTotal:        4016004 kB
MemFree:         2682704 kB
Active:           420696 kB
Mem:          3.8G       1.3G       2.6G       5.7M        55M       850M

MemTotal:        4016004 kB
MemFree:         2681492 kB
Active:           420696 kB
Mem:          3.8G       1.3G       2.6G       5.7M        55M       851M

MemTotal:        4016004 kB
MemFree:         2679880 kB
Active:           420704 kB
Mem:          3.8G       1.3G       2.6G       5.7M        55M       852M

MemTotal:        4016004 kB
MemFree:         2678444 kB
Active:           420716 kB
Mem:          3.8G       1.3G       2.6G       5.7M        55M       854M

MemTotal:        4016004 kB
MemFree:         2581452 kB
Active:           420680 kB
Mem:          3.8G       1.4G       2.5G       5.7M        55M       948M

MemTotal:        4016004 kB
MemFree:         2445616 kB
Active:           420696 kB
Mem:          3.8G       1.5G       2.3G       5.7M        55M       1.1G

MemTotal:        4016004 kB
MemFree:         2325588 kB
Active:           420696 kB
Mem:          3.8G       1.6G       2.2G       5.7M        55M       1.2G

MemTotal:        4016004 kB
MemFree:         2325340 kB
Active:           420692 kB
Mem:          3.8G       1.6G       2.2G       5.7M        55M       1.2G

MemTotal:        4016004 kB
MemFree:         2235500 kB
Active:           420700 kB
Mem:          3.8G       1.7G       2.1G       5.7M        55M       1.3G

MemTotal:        4016004 kB
MemFree:         2228024 kB
Active:           420688 kB
Mem:          3.8G       1.7G       2.1G       5.7M        55M       1.3G

MemTotal:        4016004 kB
MemFree:         2170408 kB
Active:           420696 kB
Mem:          3.8G       1.8G       2.1G       5.7M        55M       1.3G

MemTotal:        4016004 kB
MemFree:         2127596 kB
Active:           420736 kB
Mem:          3.8G       1.8G       2.0G       5.7M        55M       1.4G

MemTotal:        4016004 kB
MemFree:         2088064 kB
Active:           420736 kB
Mem:          3.8G       1.8G       2.0G       5.7M        55M       1.4G

MemTotal:        4016004 kB
MemFree:         2027796 kB
Active:           420732 kB
Mem:          3.8G       1.9G       1.9G       5.7M        55M       1.4G

MemTotal:        4016004 kB
MemFree:         2026516 kB
Active:           420720 kB
Mem:          3.8G       1.9G       1.9G       5.7M        55M       1.4G

MemTotal:        4016004 kB
MemFree:         2026016 kB
Active:           420732 kB
Mem:          3.8G       1.9G       1.9G       5.7M        55M       1.4G

MemTotal:        4016004 kB
MemFree:         2026112 kB
Active:           420752 kB
Mem:          3.8G       1.9G       1.9G       5.7M        55M       1.4G

MemTotal:        4016004 kB
MemFree:         2011196 kB
Active:           418828 kB
Mem:          3.8G       1.9G       1.9G       5.7M        55M       1.5G

MemTotal:        4016004 kB
MemFree:         1874328 kB
Active:           420856 kB
Mem:          3.8G       2.0G       1.8G       5.7M        55M       1.6G

MemTotal:        4016004 kB
MemFree:         1746072 kB
Active:           420848 kB
Mem:          3.8G       2.2G       1.7G       5.7M        55M       1.7G

MemTotal:        4016004 kB
MemFree:         1674532 kB
Active:           420876 kB
Mem:          3.8G       2.2G       1.6G       5.7M        55M       1.8G

MemTotal:        4016004 kB
MemFree:         1581976 kB
Active:           420856 kB
Mem:          3.8G       2.3G       1.5G       5.7M        55M       1.9G

MemTotal:        4016004 kB
MemFree:         1572284 kB
Active:           420868 kB
Mem:          3.8G       2.3G       1.5G       5.7M        55M       1.9G

MemTotal:        4016004 kB
MemFree:         1556088 kB
Active:           420860 kB
Mem:          3.8G       2.3G       1.5G       5.7M        55M       1.9G

MemTotal:        4016004 kB
MemFree:         1473332 kB
Active:           420892 kB
Mem:          3.8G       2.4G       1.4G       5.7M        55M       2.0G

MemTotal:        4016004 kB
MemFree:         1472908 kB
Active:           420892 kB
Mem:          3.8G       2.4G       1.4G       5.7M        55M       2.0G

MemTotal:        4016004 kB
MemFree:         1471108 kB
Active:           420904 kB
Mem:          3.8G       2.4G       1.4G       5.7M        55M       2.0G

MemTotal:        4016004 kB
MemFree:         1470336 kB
Active:           418956 kB
Mem:          3.8G       2.4G       1.4G       5.7M        55M       2.0G

MemTotal:        4016004 kB
MemFree:         1469460 kB
Active:           420884 kB
Mem:          3.8G       2.4G       1.4G       5.7M        55M       2.0G

MemTotal:        4016004 kB
MemFree:         1390700 kB
Active:           420888 kB
Mem:          3.8G       2.5G       1.3G       5.7M        55M       2.0G

MemTotal:        4016004 kB
MemFree:         1265528 kB
Active:           420892 kB
Mem:          3.8G       2.6G       1.2G       5.7M        55M       2.2G

MemTotal:        4016004 kB
MemFree:         1138560 kB
Active:           420900 kB
Mem:          3.8G       2.7G       1.1G       5.7M        55M       2.3G

MemTotal:        4016004 kB
MemFree:         1120360 kB
Active:           420876 kB
Mem:          3.8G       2.8G       1.1G       5.7M        55M       2.3G

MemTotal:        4016004 kB
MemFree:         1033368 kB
Active:           420940 kB
Mem:          3.8G       2.8G       1.0G       5.7M        55M       2.4G

MemTotal:        4016004 kB
MemFree:         1025220 kB
Active:           420912 kB
Mem:          3.8G       2.9G       1.0G       5.7M        55M       2.4G

MemTotal:        4016004 kB
MemFree:          950708 kB
Active:           420900 kB
Mem:          3.8G       2.9G       927M       5.7M        55M       2.5G

MemTotal:        4016004 kB
MemFree:          935536 kB
Active:           420904 kB
Mem:          3.8G       2.9G       913M       5.7M        55M       2.5G

MemTotal:        4016004 kB
MemFree:          877700 kB
Active:           420968 kB
Mem:          3.8G       3.0G       856M       5.7M        55M       2.5G

MemTotal:        4016004 kB
MemFree:          786220 kB
Active:           422980 kB
Mem:          3.8G       3.1G       767M       5.7M        55M       2.6G

MemTotal:        4016004 kB
MemFree:          781380 kB
Active:           422940 kB
Mem:          3.8G       3.1G       762M       5.7M        55M       2.6G

MemTotal:        4016004 kB
MemFree:          780388 kB
Active:           422944 kB
Mem:          3.8G       3.1G       761M       5.7M        55M       2.6G

MemTotal:        4016004 kB
MemFree:          779444 kB
Active:           422996 kB
Mem:          3.8G       3.1G       760M       5.7M        55M       2.6G

MemTotal:        4016004 kB
MemFree:          699276 kB
Active:           422976 kB
Mem:          3.8G       3.2G       682M       5.7M        55M       2.7G

MemTotal:        4016004 kB
MemFree:          582336 kB
Active:           423012 kB
Mem:          3.8G       3.3G       568M       5.7M        55M       2.8G

MemTotal:        4016004 kB
MemFree:          543364 kB
Active:           423020 kB
Mem:          3.8G       3.3G       530M       5.7M        55M       2.8G

MemTotal:        4016004 kB
MemFree:          499868 kB
Active:           423036 kB
Mem:          3.8G       3.4G       487M       5.7M        55M       2.9G

MemTotal:        4016004 kB
MemFree:          463732 kB
Active:           423000 kB
Mem:          3.8G       3.4G       452M       5.7M        55M       2.9G

MemTotal:        4016004 kB
MemFree:          415492 kB
Active:           423056 kB
Mem:          3.8G       3.4G       405M       5.7M        55M       3.0G

MemTotal:        4016004 kB
MemFree:          333840 kB
Active:           423020 kB
Mem:          3.8G       3.5G       325M       5.7M        55M       3.0G

MemTotal:        4016004 kB
MemFree:          332148 kB
Active:           423036 kB
Mem:          3.8G       3.5G       324M       5.7M        55M       3.0G

MemTotal:        4016004 kB
MemFree:          248528 kB
Active:           423064 kB
Mem:          3.8G       3.6G       242M       5.7M        55M       3.1G

MemTotal:        4016004 kB
MemFree:          248588 kB
Active:           423072 kB
Mem:          3.8G       3.6G       242M       5.7M        55M       3.1G

MemTotal:        4016004 kB
MemFree:          248776 kB
Active:           423048 kB
Mem:          3.8G       3.6G       242M       5.7M        55M       3.1G

MemTotal:        4016004 kB
MemFree:          248612 kB
Active:           423100 kB
Mem:          3.8G       3.6G       242M       5.7M        55M       3.1G

MemTotal:        4016004 kB
MemFree:          248924 kB
Active:           423084 kB
Mem:          3.8G       3.6G       242M       5.7M        55M       3.1G

MemTotal:        4016004 kB
MemFree:          171068 kB
Active:           423120 kB
Mem:          3.8G       3.7G       166M       5.7M        55M       3.2G

MemTotal:        4016004 kB
MemFree:          123252 kB
Active:           435384 kB
Mem:          3.8G       3.7G       118M       5.7M        19M       3.3G

MemTotal:        4016004 kB
MemFree:          127960 kB
Active:           463740 kB
Mem:          3.8G       3.7G       118M       5.7M        19M       3.3G

MemTotal:        4016004 kB
MemFree:          126796 kB
Active:           456064 kB
Mem:          3.8G       3.7G       123M       5.7M        20M       3.3G

MemTotal:        4016004 kB
MemFree:          112252 kB
Active:           451080 kB
Mem:          3.8G       3.7G       109M       5.7M        20M       3.3G

MemTotal:        4016004 kB
MemFree:          122204 kB
Active:           449172 kB
Mem:          3.8G       3.7G       118M       5.7M        20M       3.3G

MemTotal:        4016004 kB
MemFree:          126436 kB
Active:           443556 kB
Mem:          3.8G       3.7G       123M       5.7M        20M       3.3G

MemTotal:        4016004 kB
MemFree:          126292 kB
Active:           443568 kB
Mem:          3.8G       3.7G       123M       5.7M        20M       3.3G

MemTotal:        4016004 kB
MemFree:          124340 kB
Active:           443568 kB
Mem:          3.8G       3.7G       121M       5.7M        20M       3.3G

MemTotal:        4016004 kB
MemFree:          123508 kB
Active:           443568 kB
Mem:          3.8G       3.7G       120M       5.7M        20M       3.3G

MemTotal:        4016004 kB
MemFree:          127100 kB
Active:           441788 kB
Mem:          3.8G       3.7G       124M       5.7M        20M       3.3G

MemTotal:        4016004 kB
MemFree:          133728 kB
Active:           436544 kB
Mem:          3.8G       3.7G       129M       5.7M        20M       3.3G

MemTotal:        4016004 kB
MemFree:          128252 kB
Active:           432068 kB
Mem:          3.8G       3.7G       124M       5.7M        20M       3.3G

MemTotal:        4016004 kB
MemFree:          111460 kB
Active:           429892 kB
Mem:          3.8G       3.7G       108M       5.7M        20M       3.3G

MemTotal:        4016004 kB
MemFree:          121800 kB
Active:           428748 kB
Mem:          3.8G       3.7G       118M       5.7M        20M       3.3G

MemTotal:        4016004 kB
MemFree:          129028 kB
Active:           422964 kB
Mem:          3.8G       3.7G       125M       5.7M        20M       3.3G

MemTotal:        4016004 kB
MemFree:          133784 kB
Active:           417792 kB
Mem:          3.8G       3.7G       130M       5.7M        20M       3.3G

MemTotal:        4016004 kB
MemFree:          138672 kB
Active:           416512 kB
Mem:          3.8G       3.7G       135M       5.7M        20M       3.3G

MemTotal:        4016004 kB
MemFree:          129028 kB
Active:           415232 kB
Mem:          3.8G       3.7G       126M       5.7M        20M       3.3G

MemTotal:        4016004 kB
MemFree:          129028 kB
Active:           415280 kB
Mem:          3.8G       3.7G       125M       5.7M        20M       3.3G

MemTotal:        4016004 kB
MemFree:          127056 kB
Active:           415288 kB
Mem:          3.8G       3.7G       124M       5.7M        20M       3.3G

MemTotal:        4016004 kB
MemFree:          125848 kB
Active:           415292 kB
Mem:          3.8G       3.7G       123M       5.7M        20M       3.3G

MemTotal:        4016004 kB
MemFree:          132888 kB
Active:           412092 kB
Mem:          3.8G       3.7G       129M       5.7M        20M       3.3G

MemTotal:        4016004 kB
MemFree:          130448 kB
Active:           410300 kB
Mem:          3.8G       3.7G       127M       5.7M        20M       3.3G

MemTotal:        4016004 kB
MemFree:          120108 kB
Active:           406972 kB
Mem:          3.8G       3.7G       116M       5.7M        20M       3.3G

MemTotal:        4016004 kB
MemFree:          108924 kB
Active:           402080 kB
Mem:          3.8G       3.7G       105M       5.7M        20M       3.3G

MemTotal:        4016004 kB
MemFree:          123172 kB
Active:           399916 kB
Mem:          3.8G       3.7G       120M       5.7M        20M       3.3G

MemTotal:        4016004 kB
MemFree:          131812 kB
Active:           398768 kB
Mem:          3.8G       3.7G       128M       5.7M        20M       3.3G

MemTotal:        4016004 kB
MemFree:          128120 kB
Active:           397232 kB
Mem:          3.8G       3.7G       125M       5.7M        20M       3.3G

MemTotal:        4016004 kB
MemFree:          127456 kB
Active:           400288 kB
Mem:          3.8G       3.7G       124M       5.7M        20M       3.3G

MemTotal:        4016004 kB
MemFree:          126088 kB
Active:           395432 kB
Mem:          3.8G       3.7G       122M       5.7M        20M       3.3G

MemTotal:        4016004 kB
MemFree:          127868 kB
Active:           394296 kB
Mem:          3.8G       3.7G       124M       5.7M        20M       3.3G

MemTotal:        4016004 kB
MemFree:          127008 kB
Active:           394316 kB
Mem:          3.8G       3.7G       123M       5.7M        20M       3.3G

MemTotal:        4016004 kB
MemFree:          126672 kB
Active:           394300 kB
Mem:          3.8G       3.7G       123M       5.7M        20M       3.3G

MemTotal:        4016004 kB
MemFree:          125808 kB
Active:           394304 kB
Mem:          3.8G       3.7G       122M       5.7M        20M       3.3G

MemTotal:        4016004 kB
MemFree:          118280 kB
Active:           390736 kB
Mem:          3.8G       3.7G       114M       5.7M        20M       3.3G

MemTotal:        4016004 kB
MemFree:          124340 kB
Active:           385744 kB
Mem:          3.8G       3.7G       121M       5.7M        20M       3.3G

MemTotal:        4016004 kB
MemFree:          135064 kB
Active:           382288 kB
Mem:          3.8G       3.7G       131M       5.7M        20M       3.3G

MemTotal:        4016004 kB
MemFree:          132888 kB
Active:           378704 kB
Mem:          3.8G       3.7G       129M       5.7M        20M       3.3G

MemTotal:        4016004 kB
MemFree:          136448 kB
Active:           371680 kB
Mem:          3.8G       3.7G       133M       5.7M        20M       3.3G

MemTotal:        4016004 kB
MemFree:          149236 kB
Active:           365020 kB
Mem:          3.8G       3.7G       145M       5.7M        20M       3.2G

MemTotal:        4016004 kB
MemFree:          148420 kB
Active:           365024 kB
Mem:          3.8G       3.7G       144M       5.7M        20M       3.2G

MemTotal:        4016004 kB
MemFree:          147172 kB
Active:           364988 kB
Mem:          3.8G       3.7G       143M       5.7M        20M       3.2G

MemTotal:        4016004 kB
MemFree:          142676 kB
Active:           365048 kB
Mem:          3.8G       3.7G       138M       5.7M        20M       3.2G

MemTotal:        4016004 kB
MemFree:          129100 kB
Active:           365048 kB
Mem:          3.8G       3.7G       125M       5.7M        20M       3.3G

MemTotal:        4016004 kB
MemFree:          128008 kB
Active:           365060 kB
Mem:          3.8G       3.7G       124M       5.7M        20M       3.3G

MemTotal:        4016004 kB
MemFree:          125344 kB
Active:           365060 kB
Mem:          3.8G       3.7G       122M       5.7M        20M       3.3G

MemTotal:        4016004 kB
MemFree:          124552 kB
Active:           365028 kB
Mem:          3.8G       3.7G       121M       5.7M        20M       3.3G

MemTotal:        4016004 kB
MemFree:          121668 kB
Active:           367112 kB
Mem:          3.8G       3.7G       118M       5.7M        20M       3.3G

MemTotal:        4016004 kB
MemFree:          134924 kB
Active:           365580 kB
Mem:          3.8G       3.7G       131M       5.7M        20M       3.3G

MemTotal:        4016004 kB
MemFree:          136856 kB
Active:           365456 kB
Mem:          3.8G       3.7G       138M       5.7M        20M       3.2G

MemTotal:        4016004 kB
MemFree:          124084 kB
Active:           364576 kB
Mem:          3.8G       3.7G       134M       5.7M        20M       3.2G

MemTotal:        4016004 kB
MemFree:          141004 kB
Active:           364576 kB
Mem:          3.8G       3.7G       137M       5.7M        20M       3.2G

MemTotal:        4016004 kB
MemFree:          134476 kB
Active:           364556 kB
Mem:          3.8G       3.7G       131M       5.7M        20M       3.3G

MemTotal:        4016004 kB
MemFree:          130676 kB
Active:           364596 kB
Mem:          3.8G       3.7G       127M       5.7M        20M       3.3G

MemTotal:        4016004 kB
MemFree:          138076 kB
Active:           362192 kB
Mem:          3.8G       3.7G       135M       5.7M        20M       3.2G

MemTotal:        4016004 kB
MemFree:          138248 kB
Active:           362188 kB
Mem:          3.8G       3.7G       135M       5.7M        20M       3.2G

MemTotal:        4016004 kB
MemFree:          138408 kB
Active:           362204 kB
Mem:          3.8G       3.7G       135M       5.7M        20M       3.2G

MemTotal:        4016004 kB
MemFree:          137636 kB
Active:           362176 kB
Mem:          3.8G       3.7G       134M       5.7M        20M       3.2G

MemTotal:        4016004 kB
MemFree:          133300 kB
Active:           362204 kB
Mem:          3.8G       3.7G       129M       5.7M        20M       3.3G

MemTotal:        4016004 kB
MemFree:          131768 kB
Active:           362216 kB
Mem:          3.8G       3.7G       128M       5.7M        20M       3.3G

MemTotal:        4016004 kB
MemFree:          138896 kB
Active:           362220 kB
Mem:          3.8G       3.7G       135M       5.7M        20M       3.2G

MemTotal:        4016004 kB
MemFree:          121168 kB
Active:           362224 kB
Mem:          3.8G       3.7G       117M       5.7M        20M       3.3G

MemTotal:        4016004 kB
MemFree:          123168 kB
Active:           362224 kB
Mem:          3.8G       3.7G       120M       5.7M        20M       3.3G

MemTotal:        4016004 kB
MemFree:          117664 kB
Active:           362220 kB
Mem:          3.8G       3.7G       114M       5.7M        20M       3.3G

MemTotal:        4016004 kB
MemFree:          118976 kB
Active:           362224 kB
Mem:          3.8G       3.7G       115M       5.7M        20M       3.3G

MemTotal:        4016004 kB
MemFree:          138132 kB
Active:           362236 kB
Mem:          3.8G       3.7G       134M       5.7M        20M       3.2G

MemTotal:        4016004 kB
MemFree:          113956 kB
Active:           362232 kB
Mem:          3.8G       3.7G       110M       5.7M        20M       3.3G

MemTotal:        4016004 kB
MemFree:          119752 kB
Active:           362248 kB
Mem:          3.8G       3.7G       116M       5.7M        20M       3.3G

MemTotal:        4016004 kB
MemFree:          119456 kB
Active:           362212 kB
Mem:          3.8G       3.7G       116M       5.7M        20M       3.3G

MemTotal:        4016004 kB
MemFree:          117876 kB
Active:           362244 kB
Mem:          3.8G       3.7G       114M       5.7M        20M       3.3G

MemTotal:        4016004 kB
MemFree:          116928 kB
Active:           362260 kB
Mem:          3.8G       3.7G       113M       5.7M        20M       3.3G

MemTotal:        4016004 kB
MemFree:          128436 kB
Active:           362104 kB
Mem:          3.8G       3.7G       124M       5.7M        20M       3.3G

MemTotal:        4016004 kB
MemFree:          133776 kB
Active:           362096 kB
Mem:          3.8G       3.7G       130M       5.7M        20M       3.3G

MemTotal:        4016004 kB
MemFree:          128148 kB
Active:           362096 kB
Mem:          3.8G       3.7G       124M       5.7M        20M       3.3G

MemTotal:        4016004 kB
MemFree:          129324 kB
Active:           361256 kB
Mem:          3.8G       3.7G       125M       5.7M        20M       3.3G

MemTotal:        4016004 kB
MemFree:          127828 kB
Active:           361124 kB
Mem:          3.8G       3.7G       124M       5.7M        20M       3.3G

MemTotal:        4016004 kB
MemFree:          128100 kB
Active:           363260 kB
Mem:          3.8G       3.7G       125M       5.7M        20M       3.3G

MemTotal:        4016004 kB
MemFree:          129396 kB
Active:           362380 kB
Mem:          3.8G       3.7G       125M       5.7M        20M       3.3G

MemTotal:        4016004 kB
MemFree:          127960 kB
Active:           362124 kB
Mem:          3.8G       3.7G       124M       5.7M        20M       3.3G

MemTotal:        4016004 kB
MemFree:          129952 kB
Active:           362128 kB
Mem:          3.8G       3.7G       127M       5.7M        20M       3.3G

MemTotal:        4016004 kB
MemFree:          128176 kB
Active:           362144 kB
Mem:          3.8G       3.7G       124M       5.7M        20M       3.3G

MemTotal:        4016004 kB
MemFree:          127076 kB
Active:           362104 kB
Mem:          3.8G       3.7G       123M       5.7M        20M       3.3G

MemTotal:        4016004 kB
MemFree:          126712 kB
Active:           362104 kB
Mem:          3.8G       3.7G       123M       5.7M        20M       3.3G

MemTotal:        4016004 kB
MemFree:          132512 kB
Active:           362120 kB
Mem:          3.8G       3.7G       128M       5.7M        20M       3.2G

MemTotal:        4016004 kB
MemFree:          128200 kB
Active:           359864 kB
Mem:          3.8G       3.7G       125M       5.7M        20M       3.3G

MemTotal:        4016004 kB
MemFree:          122428 kB
Active:           359812 kB
Mem:          3.8G       3.7G       119M       5.7M        20M       3.3G

MemTotal:        4016004 kB
MemFree:          122180 kB
Active:           359812 kB
Mem:          3.8G       3.7G       119M       5.7M        20M       3.3G

MemTotal:        4016004 kB
MemFree:          125404 kB
Active:           359808 kB
Mem:          3.8G       3.7G       121M       5.7M        20M       3.3G

MemTotal:        4016004 kB
MemFree:          125540 kB
Active:           358868 kB
Mem:          3.8G       3.7G       122M       5.7M        20M       3.3G

MemTotal:        4016004 kB
MemFree:          135472 kB
Active:           358868 kB
Mem:          3.8G       3.7G       132M       5.7M        20M       3.2G

MemTotal:        4016004 kB
MemFree:          130232 kB
Active:           358856 kB
Mem:          3.8G       3.7G       127M       5.7M        20M       3.2G

MemTotal:        4016004 kB
MemFree:          130272 kB
Active:           358832 kB
Mem:          3.8G       3.7G       126M       5.7M        20M       3.3G

MemTotal:        4016004 kB
MemFree:          128656 kB
Active:           358824 kB
Mem:          3.8G       3.7G       125M       5.7M        20M       3.3G

MemTotal:        4016004 kB
MemFree:          127636 kB
Active:           358880 kB
Mem:          3.8G       3.7G       124M       5.7M        20M       3.3G

MemTotal:        4016004 kB
MemFree:          126000 kB
Active:           358852 kB
Mem:          3.8G       3.7G       122M       5.7M        20M       3.3G

MemTotal:        4016004 kB
MemFree:          133184 kB
Active:           358872 kB
Mem:          3.8G       3.7G       129M       5.7M        20M       3.2G

MemTotal:        4016004 kB
MemFree:          116940 kB
Active:           359492 kB
Mem:          3.8G       3.7G       113M       5.7M        20M       3.3G

MemTotal:        4016004 kB
MemFree:          137556 kB
Active:           356480 kB
Mem:          3.8G       3.7G       133M       5.7M        20M       3.2G

MemTotal:        4016004 kB
MemFree:          126112 kB
Active:           356228 kB
Mem:          3.8G       3.7G       122M       5.7M        20M       3.3G

MemTotal:        4016004 kB
MemFree:          139396 kB
Active:           356228 kB
Mem:          3.8G       3.7G       135M       5.7M        20M       3.2G

MemTotal:        4016004 kB
MemFree:          133208 kB
Active:           353612 kB
Mem:          3.8G       3.7G       129M       5.7M        20M       3.2G

MemTotal:        4016004 kB
MemFree:          145564 kB
Active:           353564 kB
Mem:          3.8G       3.7G       141M       5.7M        20M       3.2G

MemTotal:        4016004 kB
MemFree:          144324 kB
Active:           353552 kB
Mem:          3.8G       3.7G       140M       5.7M        20M       3.2G

MemTotal:        4016004 kB
MemFree:          144260 kB
Active:           353548 kB
Mem:          3.8G       3.7G       140M       5.7M        20M       3.2G

MemTotal:        4016004 kB
MemFree:          144264 kB
Active:           353560 kB
Mem:          3.8G       3.7G       140M       5.7M        20M       3.2G

MemTotal:        4016004 kB
MemFree:          143932 kB
Active:           353560 kB
Mem:          3.8G       3.7G       140M       5.7M        20M       3.2G

MemTotal:        4016004 kB
MemFree:          120488 kB
Active:           353600 kB
Mem:          3.8G       3.7G       116M       5.7M        20M       3.3G

MemTotal:        4016004 kB
MemFree:          117940 kB
Active:           353604 kB
Mem:          3.8G       3.7G       114M       5.7M        20M       3.3G

MemTotal:        4016004 kB
MemFree:          117000 kB
Active:           353612 kB
Mem:          3.8G       3.7G       114M       5.7M        20M       3.3G

MemTotal:        4016004 kB
MemFree:          116008 kB
Active:           353564 kB
Mem:          3.8G       3.7G       113M       5.7M        20M       3.3G

MemTotal:        4016004 kB
MemFree:          121956 kB
Active:           353572 kB
Mem:          3.8G       3.7G       118M       5.7M        20M       3.3G

MemTotal:        4016004 kB
MemFree:          141820 kB
Active:           353620 kB
Mem:          3.8G       3.7G       137M       5.7M        20M       3.2G

MemTotal:        4016004 kB
MemFree:          138852 kB
Active:           350560 kB
Mem:          3.8G       3.7G       135M       5.7M        20M       3.2G

MemTotal:        4016004 kB
MemFree:          130436 kB
Active:           350476 kB
Mem:          3.8G       3.7G       127M       5.7M        20M       3.2G

MemTotal:        4016004 kB
MemFree:          135456 kB
Active:           350480 kB
Mem:          3.8G       3.7G       132M       5.7M        20M       3.2G

MemTotal:        4016004 kB
MemFree:          133348 kB
Active:           350496 kB
Mem:          3.8G       3.7G       129M       5.7M        20M       3.2G

MemTotal:        4016004 kB
MemFree:          129676 kB
Active:           350496 kB
Mem:          3.8G       3.7G       126M       5.7M        20M       3.2G

MemTotal:        4016004 kB
MemFree:          149100 kB
Active:           350500 kB
Mem:          3.8G       3.7G       145M       5.7M        20M       3.2G

MemTotal:        4016004 kB
MemFree:          149288 kB
Active:           350476 kB
Mem:          3.8G       3.7G       145M       5.7M        20M       3.2G

MemTotal:        4016004 kB
MemFree:          146132 kB
Active:           350496 kB
Mem:          3.8G       3.7G       142M       5.7M        20M       3.2G

MemTotal:        4016004 kB
MemFree:          143800 kB
Active:           350520 kB
Mem:          3.8G       3.7G       140M       5.7M        20M       3.2G

MemTotal:        4016004 kB
MemFree:          115652 kB
Active:           350476 kB
Mem:          3.8G       3.7G       112M       5.7M        20M       3.3G

MemTotal:        4016004 kB
MemFree:          123004 kB
Active:           350524 kB
Mem:          3.8G       3.7G       120M       5.7M        20M       3.3G

MemTotal:        4016004 kB
MemFree:          121832 kB
Active:           348968 kB
Mem:          3.8G       3.7G       118M       5.7M        20M       3.3G

MemTotal:        4016004 kB
MemFree:          138204 kB
Active:           348968 kB
Mem:          3.8G       3.7G       134M       5.7M        20M       3.2G

MemTotal:        4016004 kB
MemFree:          137416 kB
Active:           348976 kB
Mem:          3.8G       3.7G       134M       5.7M        20M       3.2G

MemTotal:        4016004 kB
MemFree:          120340 kB
Active:           350000 kB
Mem:          3.8G       3.7G       117M       5.7M        20M       3.3G

MemTotal:        4016004 kB
MemFree:          118472 kB
Active:           349984 kB
Mem:          3.8G       3.7G       115M       5.7M        20M       3.3G

MemTotal:        4016004 kB
MemFree:          132840 kB
Active:           350012 kB
Mem:          3.8G       3.7G       129M       5.7M        20M       3.2G

MemTotal:        4016004 kB
MemFree:          131656 kB
Active:           350020 kB
Mem:          3.8G       3.7G       128M       5.7M        20M       3.2G

MemTotal:        4016004 kB
MemFree:          107812 kB
Active:           350024 kB
Mem:          3.8G       3.7G       105M       5.7M        20M       3.3G

MemTotal:        4016004 kB
MemFree:          105620 kB
Active:           350036 kB
Mem:          3.8G       3.7G       102M       5.7M        20M       3.3G

MemTotal:        4016004 kB
MemFree:          129276 kB
Active:           350036 kB
Mem:          3.8G       3.7G       126M       5.7M        20M       3.2G

MemTotal:        4016004 kB
MemFree:          128320 kB
Active:           350036 kB
Mem:          3.8G       3.7G       125M       5.7M        20M       3.2G

MemTotal:        4016004 kB
MemFree:          120064 kB
Active:           349996 kB
Mem:          3.8G       3.7G       116M       5.7M        20M       3.3G

MemTotal:        4016004 kB
MemFree:          126736 kB
Active:           348064 kB
Mem:          3.8G       3.7G       123M       5.7M        20M       3.2G

MemTotal:        4016004 kB
MemFree:          123868 kB
Active:           348064 kB
Mem:          3.8G       3.7G       120M       5.7M        20M       3.3G

MemTotal:        4016004 kB
MemFree:          133892 kB
Active:           348064 kB
Mem:          3.8G       3.7G       130M       5.7M        20M       3.2G

MemTotal:        4016004 kB
MemFree:          124840 kB
Active:           348032 kB
Mem:          3.8G       3.7G       121M       5.7M        20M       3.2G

MemTotal:        4016004 kB
MemFree:          134120 kB
Active:           348092 kB
Mem:          3.8G       3.7G       130M       5.7M        20M       3.2G

MemTotal:        4016004 kB
MemFree:          125828 kB
Active:           348052 kB
Mem:          3.8G       3.7G       134M       5.7M        20M       3.2G

MemTotal:        4016004 kB
MemFree:          133912 kB
Active:           348092 kB
Mem:          3.8G       3.7G       130M       5.7M        20M       3.2G

MemTotal:        4016004 kB
MemFree:          106928 kB
Active:           348092 kB
Mem:          3.8G       3.7G       104M       5.7M        20M       3.3G

MemTotal:        4016004 kB
MemFree:          105808 kB
Active:           348064 kB
Mem:          3.8G       3.7G       102M       5.7M        20M       3.3G

MemTotal:        4016004 kB
MemFree:          127620 kB
Active:           348096 kB
Mem:          3.8G       3.7G       124M       5.7M        20M       3.2G

MemTotal:        4016004 kB
MemFree:          126672 kB
Active:           348096 kB
Mem:          3.8G       3.7G       123M       5.7M        20M       3.2G

MemTotal:        4016004 kB
MemFree:          122216 kB
Active:           350132 kB
Mem:          3.8G       3.7G       119M       5.7M        20M       3.2G

MemTotal:        4016004 kB
MemFree:          126748 kB
Active:           347396 kB
Mem:          3.8G       3.7G       123M       5.7M        20M       3.2G

MemTotal:        4016004 kB
MemFree:          136168 kB
Active:           347268 kB
Mem:          3.8G       3.7G       132M       5.7M        20M       3.2G

MemTotal:        4016004 kB
MemFree:          131480 kB
Active:           347280 kB
Mem:          3.8G       3.7G       128M       5.7M        20M       3.2G

MemTotal:        4016004 kB
MemFree:          128520 kB
Active:           347292 kB
Mem:          3.8G       3.7G       134M       5.7M        20M       3.2G

MemTotal:        4016004 kB
MemFree:          142036 kB
Active:           347292 kB
Mem:          3.8G       3.7G       138M       5.7M        20M       3.2G

MemTotal:        4016004 kB
MemFree:          130348 kB
Active:           347292 kB
Mem:          3.8G       3.7G       127M       5.7M        20M       3.2G

MemTotal:        4016004 kB
MemFree:          127196 kB
Active:           347252 kB
Mem:          3.8G       3.7G       123M       5.7M        20M       3.2G

MemTotal:        4016004 kB
MemFree:          139496 kB
Active:           347300 kB
Mem:          3.8G       3.7G       136M       5.7M        20M       3.2G

MemTotal:        4016004 kB
MemFree:          138508 kB
Active:           347316 kB
Mem:          3.8G       3.7G       135M       5.7M        20M       3.2G

MemTotal:        4016004 kB
MemFree:          137416 kB
Active:           347328 kB
Mem:          3.8G       3.7G       134M       5.7M        20M       3.2G

MemTotal:        4016004 kB
MemFree:          135528 kB
Active:           347328 kB
Mem:          3.8G       3.7G       131M       5.7M        20M       3.2G

MemTotal:        4016004 kB
MemFree:          118072 kB
Active:           347308 kB
Mem:          3.8G       3.7G       114M       5.7M        20M       3.3G

MemTotal:        4016004 kB
MemFree:          133668 kB
Active:           347332 kB
Mem:          3.8G       3.7G       130M       5.7M        20M       3.2G

MemTotal:        4016004 kB
MemFree:          124696 kB
Active:           347248 kB
Mem:          3.8G       3.7G       127M       5.7M        20M       3.2G

MemTotal:        4016004 kB
MemFree:          128412 kB
Active:           347248 kB
Mem:          3.8G       3.7G       125M       5.7M        20M       3.2G

MemTotal:        4016004 kB
MemFree:          134412 kB
Active:           347252 kB
Mem:          3.8G       3.7G       131M       5.7M        20M       3.2G

MemTotal:        4016004 kB
MemFree:          120212 kB
Active:           347216 kB
Mem:          3.8G       3.7G       117M       5.7M        20M       3.2G

MemTotal:        4016004 kB
MemFree:          108528 kB
Active:           347264 kB
Mem:          3.8G       3.7G       105M       5.7M        20M       3.3G

MemTotal:        4016004 kB
MemFree:          136392 kB
Active:           347068 kB
Mem:          3.8G       3.7G       133M       5.7M        20M       3.2G

MemTotal:        4016004 kB
MemFree:          136888 kB
Active:           346904 kB
Mem:          3.8G       3.7G       133M       5.7M        20M       3.2G

MemTotal:        4016004 kB
MemFree:          137012 kB
Active:           346932 kB
Mem:          3.8G       3.7G       133M       5.7M        20M       3.2G

MemTotal:        4016004 kB
MemFree:          137020 kB
Active:           346932 kB
Mem:          3.8G       3.7G       133M       5.7M        20M       3.2G

MemTotal:        4016004 kB
MemFree:          137020 kB
Active:           346924 kB
Mem:          3.8G       3.7G       133M       5.7M        20M       3.2G

MemTotal:        4016004 kB
MemFree:          136760 kB
Active:           346928 kB
Mem:          3.8G       3.7G       133M       5.7M        20M       3.2G

MemTotal:        4016004 kB
MemFree:          136484 kB
Active:           346952 kB
Mem:          3.8G       3.7G       133M       5.7M        20M       3.2G

MemTotal:        4016004 kB
MemFree:          136392 kB
Active:           346948 kB
Mem:          3.8G       3.7G       133M       5.7M        20M       3.2G

MemTotal:        4016004 kB
MemFree:          136744 kB
Active:           346964 kB
Mem:          3.8G       3.7G       133M       5.7M        20M       3.2G

MemTotal:        4016004 kB
MemFree:          136776 kB
Active:           346964 kB
Mem:          3.8G       3.7G       133M       5.7M        20M       3.2G

MemTotal:        4016004 kB
MemFree:          136872 kB
Active:           346976 kB
Mem:          3.8G       3.7G       133M       5.7M        20M       3.2G

MemTotal:        4016004 kB
MemFree:          136996 kB
Active:           346980 kB
Mem:          3.8G       3.7G       133M       5.7M        20M       3.2G

MemTotal:        4016004 kB
MemFree:          136996 kB
Active:           346988 kB
Mem:          3.8G       3.7G       133M       5.7M        20M       3.2G

MemTotal:        4016004 kB
MemFree:          136872 kB
Active:           346988 kB
Mem:          3.8G       3.7G       133M       5.7M        20M       3.2G

MemTotal:        4016004 kB
MemFree:          137120 kB
Active:           346988 kB
Mem:          3.8G       3.7G       133M       5.7M        20M       3.2G

MemTotal:        4016004 kB
MemFree:          137052 kB
Active:           346816 kB
Mem:          3.8G       3.7G       134M       5.7M        20M       3.2G

MemTotal:        4016004 kB
MemFree:          137300 kB
Active:           346760 kB
Mem:          3.8G       3.7G       134M       5.7M        20M       3.2G

MemTotal:        4016004 kB
MemFree:          137300 kB
Active:           346808 kB
Mem:          3.8G       3.7G       133M       5.7M        20M       3.2G

MemTotal:        4016004 kB
MemFree:          137176 kB
Active:           346808 kB
Mem:          3.8G       3.7G       133M       5.7M        20M       3.2G

MemTotal:        4016004 kB
MemFree:          136432 kB
Active:           346824 kB
Mem:          3.8G       3.7G       133M       5.7M        20M       3.2G

MemTotal:        4016004 kB
MemFree:          136184 kB
Active:           346788 kB
Mem:          3.8G       3.7G       132M       5.7M        20M       3.2G

MemTotal:        4016004 kB
MemFree:          136184 kB
Active:           346808 kB
Mem:          3.8G       3.7G       132M       5.7M        20M       3.2G

MemTotal:        4016004 kB
MemFree:          135812 kB
Active:           346828 kB
Mem:          3.8G       3.7G       132M       5.7M        20M       3.2G

MemTotal:        4016004 kB
MemFree:          135936 kB
Active:           346828 kB
Mem:          3.8G       3.7G       132M       5.7M        20M       3.2G

MemTotal:        4016004 kB
MemFree:          135812 kB
Active:           346816 kB
Mem:          3.8G       3.7G       132M       5.7M        20M       3.2G

MemTotal:        4016004 kB
MemFree:          136032 kB
Active:           346812 kB
Mem:          3.8G       3.7G       132M       5.7M        20M       3.2G

MemTotal:        4016004 kB
MemFree:          135784 kB
Active:           346836 kB
Mem:          3.8G       3.7G       132M       5.7M        20M       3.2G

MemTotal:        4016004 kB
MemFree:          135908 kB
Active:           346824 kB
Mem:          3.8G       3.7G       132M       5.7M        20M       3.2G

MemTotal:        4016004 kB
MemFree:          136156 kB
Active:           346824 kB
Mem:          3.8G       3.7G       132M       5.7M        20M       3.2G

MemTotal:        4016004 kB
MemFree:          135908 kB
Active:           346852 kB
Mem:          3.8G       3.7G       132M       5.7M        20M       3.2G

MemTotal:        4016004 kB
MemFree:          133488 kB
Active:           346852 kB
Mem:          3.8G       3.7G       130M       5.7M        20M       3.2G

MemTotal:        4016004 kB
MemFree:          133488 kB
Active:           348876 kB
Mem:          3.8G       3.7G       130M       5.7M        20M       3.2G

MemTotal:        4016004 kB
MemFree:          133116 kB
Active:           348876 kB
Mem:          3.8G       3.7G       130M       5.7M        20M       3.2G

MemTotal:        4016004 kB
MemFree:          133116 kB
Active:           348876 kB
Mem:          3.8G       3.7G       130M       5.7M        20M       3.2G

MemTotal:        4016004 kB
MemFree:          133240 kB
Active:           348860 kB
Mem:          3.8G       3.7G       130M       5.7M        20M       3.2G

MemTotal:        4016004 kB
MemFree:          133488 kB
Active:           348824 kB
Mem:          3.8G       3.7G       130M       5.7M        20M       3.2G

MemTotal:        4016004 kB
MemFree:          133488 kB
Active:           348840 kB
Mem:          3.8G       3.7G       130M       5.7M        20M       3.2G

MemTotal:        4016004 kB
MemFree:          133488 kB
Active:           348884 kB
Mem:          3.8G       3.7G       130M       5.7M        20M       3.2G

MemTotal:        4016004 kB
MemFree:          133488 kB
Active:           348832 kB
Mem:          3.8G       3.7G       130M       5.7M        20M       3.2G

MemTotal:        4016004 kB
MemFree:          133116 kB
Active:           348888 kB
Mem:          3.8G       3.7G       130M       5.7M        20M       3.2G

MemTotal:        4016004 kB
MemFree:          133364 kB
Active:           348892 kB
Mem:          3.8G       3.7G       130M       5.7M        20M       3.2G

MemTotal:        4016004 kB
MemFree:          133736 kB
Active:           348880 kB
Mem:          3.8G       3.7G       130M       5.7M        20M       3.2G

MemTotal:        4016004 kB
MemFree:          133736 kB
Active:           348872 kB
Mem:          3.8G       3.7G       130M       5.7M        20M       3.2G

MemTotal:        4016004 kB
MemFree:          133612 kB
Active:           348844 kB
Mem:          3.8G       3.7G       130M       5.7M        20M       3.2G

MemTotal:        4016004 kB
MemFree:          133612 kB
Active:           348884 kB
Mem:          3.8G       3.7G       130M       5.7M        20M       3.2G

MemTotal:        4016004 kB
MemFree:          133612 kB
Active:           348884 kB
Mem:          3.8G       3.7G       130M       5.7M        20M       3.2G

MemTotal:        4016004 kB
MemFree:          134108 kB
Active:           348880 kB
Mem:          3.8G       3.7G       130M       5.7M        20M       3.2G

MemTotal:        4016004 kB
MemFree:          133736 kB
Active:           348900 kB
Mem:          3.8G       3.7G       130M       5.7M        20M       3.2G

MemTotal:        4016004 kB
MemFree:          133984 kB
Active:           348848 kB
Mem:          3.8G       3.7G       130M       5.7M        20M       3.2G

MemTotal:        4016004 kB
MemFree:          134108 kB
Active:           348856 kB
Mem:          3.8G       3.7G       130M       5.7M        20M       3.2G

MemTotal:        4016004 kB
MemFree:          133860 kB
Active:           348892 kB
Mem:          3.8G       3.7G       130M       5.7M        20M       3.2G

MemTotal:        4016004 kB
MemFree:          133984 kB
Active:           348888 kB
Mem:          3.8G       3.7G       130M       5.7M        20M       3.2G

MemTotal:        4016004 kB
MemFree:          133892 kB
Active:           348900 kB
Mem:          3.8G       3.7G       130M       5.7M        20M       3.2G

MemTotal:        4016004 kB
MemFree:          133892 kB
Active:           348888 kB
Mem:          3.8G       3.7G       130M       5.7M        20M       3.2G

MemTotal:        4016004 kB
MemFree:          133272 kB
Active:           348916 kB
Mem:          3.8G       3.7G       130M       5.7M        20M       3.2G

MemTotal:        4016004 kB
MemFree:          133396 kB
Active:           348920 kB
Mem:          3.8G       3.7G       130M       5.7M        20M       3.2G

MemTotal:        4016004 kB
MemFree:          132900 kB
Active:           348928 kB
Mem:          3.8G       3.7G       130M       5.7M        20M       3.2G

MemTotal:        4016004 kB
MemFree:          133272 kB
Active:           348928 kB
Mem:          3.8G       3.7G       130M       5.7M        20M       3.2G

MemTotal:        4016004 kB
MemFree:          133148 kB
Active:           348892 kB
Mem:          3.8G       3.7G       130M       5.7M        20M       3.2G

MemTotal:        4016004 kB
MemFree:          132776 kB
Active:           348936 kB
Mem:          3.8G       3.7G       129M       5.7M        20M       3.2G

MemTotal:        4016004 kB
MemFree:          133272 kB
Active:           348928 kB
Mem:          3.8G       3.7G       130M       5.7M        20M       3.2G

MemTotal:        4016004 kB
MemFree:          133272 kB
Active:           348880 kB
Mem:          3.8G       3.7G       130M       5.7M        20M       3.2G

MemTotal:        4016004 kB
MemFree:          133396 kB
Active:           348884 kB
Mem:          3.8G       3.7G       129M       5.7M        20M       3.2G

MemTotal:        4016004 kB
MemFree:          133024 kB
Active:           348932 kB
Mem:          3.8G       3.7G       130M       5.7M        20M       3.2G

MemTotal:        4016004 kB
MemFree:          133024 kB
Active:           348908 kB
Mem:          3.8G       3.7G       129M       5.7M        20M       3.2G

MemTotal:        4016004 kB
MemFree:          133024 kB
Active:           348912 kB
Mem:          3.8G       3.7G       129M       5.7M        20M       3.2G

MemTotal:        4016004 kB
MemFree:          132652 kB
Active:           348936 kB
Mem:          3.8G       3.7G       129M       5.7M        20M       3.2G

MemTotal:        4016004 kB
MemFree:          133148 kB
Active:           348916 kB
Mem:          3.8G       3.7G       130M       5.7M        20M       3.2G

MemTotal:        4016004 kB
MemFree:          133148 kB
Active:           348924 kB
Mem:          3.8G       3.7G       130M       5.7M        20M       3.2G

MemTotal:        4016004 kB
MemFree:          133768 kB
Active:           348920 kB
Mem:          3.8G       3.7G       130M       5.7M        20M       3.2G

MemTotal:        4016004 kB
MemFree:          133272 kB
Active:           348944 kB
Mem:          3.8G       3.7G       130M       5.7M        20M       3.2G

MemTotal:        4016004 kB
MemFree:          131236 kB
Active:           350572 kB
Mem:          3.8G       3.7G       127M       5.7M        21M       3.2G

MemTotal:        4016004 kB
MemFree:          123764 kB
Active:           356892 kB
Mem:          3.8G       3.7G       121M       5.7M        27M       3.2G

MemTotal:        4016004 kB
MemFree:          124296 kB
Active:           356648 kB
Mem:          3.8G       3.7G       121M       5.7M        27M       3.2G

MemTotal:        4016004 kB
MemFree:          124420 kB
Active:           356692 kB
Mem:          3.8G       3.7G       121M       5.7M        27M       3.2G

MemTotal:        4016004 kB
MemFree:          124420 kB
Active:           356644 kB
Mem:          3.8G       3.7G       121M       5.7M        27M       3.2G

MemTotal:        4016004 kB
MemFree:          124420 kB
Active:           356704 kB
Mem:          3.8G       3.7G       121M       5.7M        27M       3.2G

MemTotal:        4016004 kB
MemFree:          124420 kB
Active:           356700 kB
Mem:          3.8G       3.7G       121M       5.7M        27M       3.2G

MemTotal:        4016004 kB
MemFree:          124296 kB
Active:           356656 kB
Mem:          3.8G       3.7G       121M       5.7M        27M       3.2G

MemTotal:        4016004 kB
MemFree:          124544 kB
Active:           356660 kB
Mem:          3.8G       3.7G       121M       5.7M        27M       3.2G

MemTotal:        4016004 kB
MemFree:          123924 kB
Active:           356704 kB
Mem:          3.8G       3.7G       120M       5.7M        27M       3.2G

MemTotal:        4016004 kB
MemFree:          124048 kB
Active:           356704 kB
Mem:          3.8G       3.7G       121M       5.7M        27M       3.2G

MemTotal:        4016004 kB
MemFree:          124048 kB
Active:           356672 kB
Mem:          3.8G       3.7G       121M       5.7M        27M       3.2G

MemTotal:        4016004 kB
MemFree:          124064 kB
Active:           356676 kB
Mem:          3.8G       3.7G       121M       5.7M        27M       3.2G

MemTotal:        4016004 kB
MemFree:          123816 kB
Active:           356716 kB
Mem:          3.8G       3.7G       120M       5.7M        27M       3.2G

MemTotal:        4016004 kB
MemFree:          123940 kB
Active:           356680 kB
Mem:          3.8G       3.7G       121M       5.7M        27M       3.2G

MemTotal:        4016004 kB
MemFree:          123940 kB
Active:           356684 kB
Mem:          3.8G       3.7G       121M       5.7M        27M       3.2G

MemTotal:        4016004 kB
MemFree:          123816 kB
Active:           356696 kB
Mem:          3.8G       3.7G       121M       5.7M        27M       3.2G

MemTotal:        4016004 kB
MemFree:          123816 kB
Active:           356688 kB
Mem:          3.8G       3.7G       120M       5.7M        27M       3.2G

MemTotal:        4016004 kB
MemFree:          124064 kB
Active:           356676 kB
Mem:          3.8G       3.7G       121M       5.7M        27M       3.2G

MemTotal:        4016004 kB
MemFree:          122016 kB
Active:           356676 kB
Mem:          3.8G       3.7G       119M       5.7M        27M       3.2G

MemTotal:        4016004 kB
MemFree:          121892 kB
Active:           358764 kB
Mem:          3.8G       3.7G       118M       5.7M        27M       3.2G

MemTotal:        4016004 kB
MemFree:          121892 kB
Active:           358716 kB
Mem:          3.8G       3.7G       119M       5.7M        27M       3.2G

MemTotal:        4016004 kB
MemFree:          121892 kB
Active:           358716 kB
Mem:          3.8G       3.7G       118M       5.7M        27M       3.2G

MemTotal:        4016004 kB
MemFree:          121768 kB
Active:           358764 kB
Mem:          3.8G       3.7G       118M       5.7M        27M       3.2G

MemTotal:        4016004 kB
MemFree:          121892 kB
Active:           358760 kB
Mem:          3.8G       3.7G       119M       5.7M        27M       3.2G

MemTotal:        4016004 kB
MemFree:          122140 kB
Active:           358756 kB
Mem:          3.8G       3.7G       119M       5.7M        27M       3.2G

MemTotal:        4016004 kB
MemFree:          122264 kB
Active:           358752 kB
Mem:          3.8G       3.7G       119M       5.7M        27M       3.2G

MemTotal:        4016004 kB
MemFree:          122264 kB
Active:           358760 kB
Mem:          3.8G       3.7G       119M       5.7M        27M       3.2G

MemTotal:        4016004 kB
MemFree:          122140 kB
Active:           358740 kB
Mem:          3.8G       3.7G       119M       5.7M        27M       3.2G

MemTotal:        4016004 kB
MemFree:          122140 kB
Active:           358728 kB
Mem:          3.8G       3.7G       119M       5.7M        27M       3.2G

MemTotal:        4016004 kB
MemFree:          122016 kB
Active:           358720 kB
Mem:          3.8G       3.7G       119M       5.7M        27M       3.2G

MemTotal:        4016004 kB
MemFree:          122016 kB
Active:           358768 kB
Mem:          3.8G       3.7G       119M       5.7M        27M       3.2G

MemTotal:        4016004 kB
MemFree:          122264 kB
Active:           358772 kB
Mem:          3.8G       3.7G       119M       5.7M        27M       3.2G

MemTotal:        4016004 kB
MemFree:          122140 kB
Active:           358760 kB
Mem:          3.8G       3.7G       119M       5.7M        27M       3.2G

MemTotal:        4016004 kB
MemFree:          122140 kB
Active:           358740 kB
Mem:          3.8G       3.7G       119M       5.7M        27M       3.2G

MemTotal:        4016004 kB
MemFree:          121892 kB
Active:           358792 kB
Mem:          3.8G       3.7G       119M       5.7M        27M       3.2G

MemTotal:        4016004 kB
MemFree:          121892 kB
Active:           358744 kB
Mem:          3.8G       3.7G       118M       5.7M        27M       3.2G

MemTotal:        4016004 kB
MemFree:          121644 kB
Active:           358796 kB
Mem:          3.8G       3.7G       119M       5.7M        27M       3.2G

MemTotal:        4016004 kB
MemFree:          122140 kB
Active:           358772 kB
Mem:          3.8G       3.7G       119M       5.7M        27M       3.2G

MemTotal:        4016004 kB
MemFree:          122140 kB
Active:           358764 kB
Mem:          3.8G       3.7G       119M       5.7M        27M       3.2G

MemTotal:        4016004 kB
MemFree:          121644 kB
Active:           358800 kB
Mem:          3.8G       3.7G       119M       5.7M        27M       3.2G

MemTotal:        4016004 kB
MemFree:          121892 kB
Active:           358804 kB
Mem:          3.8G       3.7G       119M       5.7M        27M       3.2G

MemTotal:        4016004 kB
MemFree:          122388 kB
Active:           358768 kB
Mem:          3.8G       3.7G       119M       5.7M        27M       3.2G

MemTotal:        4016004 kB
MemFree:          122140 kB
Active:           358784 kB
Mem:          3.8G       3.7G       119M       5.7M        27M       3.2G

MemTotal:        4016004 kB
MemFree:          122140 kB
Active:           358776 kB
Mem:          3.8G       3.7G       119M       5.7M        27M       3.2G

MemTotal:        4016004 kB
MemFree:          121768 kB
Active:           358816 kB
Mem:          3.8G       3.7G       119M       5.7M        27M       3.2G

MemTotal:        4016004 kB
MemFree:          121892 kB
Active:           358796 kB
Mem:          3.8G       3.7G       119M       5.7M        27M       3.2G

MemTotal:        4016004 kB
MemFree:          122016 kB
Active:           358800 kB
Mem:          3.8G       3.7G       119M       5.7M        27M       3.2G

MemTotal:        4016004 kB
MemFree:          121768 kB
Active:           358804 kB
Mem:          3.8G       3.7G       118M       5.7M        27M       3.2G

MemTotal:        4016004 kB
MemFree:          121644 kB
Active:           358820 kB
Mem:          3.8G       3.7G       118M       5.7M        27M       3.2G

MemTotal:        4016004 kB
MemFree:          121768 kB
Active:           358804 kB
Mem:          3.8G       3.7G       118M       5.7M        27M       3.2G

MemTotal:        4016004 kB
MemFree:          121644 kB
Active:           358824 kB
Mem:          3.8G       3.7G       119M       5.7M        27M       3.2G

MemTotal:        4016004 kB
MemFree:          121768 kB
Active:           358824 kB
Mem:          3.8G       3.7G       119M       5.7M        27M       3.2G

MemTotal:        4016004 kB
MemFree:          122016 kB
Active:           358804 kB
Mem:          3.8G       3.7G       119M       5.7M        27M       3.2G

MemTotal:        4016004 kB
MemFree:          121768 kB
Active:           358832 kB
Mem:          3.8G       3.7G       119M       5.7M        27M       3.2G

MemTotal:        4016004 kB
MemFree:          122016 kB
Active:           358820 kB
Mem:          3.8G       3.7G       119M       5.7M        27M       3.2G

MemTotal:        4016004 kB
MemFree:          122016 kB
Active:           358824 kB
Mem:          3.8G       3.7G       119M       5.7M        27M       3.2G

MemTotal:        4016004 kB
MemFree:          122140 kB
Active:           358820 kB
Mem:          3.8G       3.7G       119M       5.7M        27M       3.2G

MemTotal:        4016004 kB
MemFree:          121396 kB
Active:           358832 kB
Mem:          3.8G       3.7G       118M       5.7M        27M       3.2G

MemTotal:        4016004 kB
MemFree:          121892 kB
Active:           358808 kB
Mem:          3.8G       3.7G       118M       5.7M        27M       3.2G

MemTotal:        4016004 kB
MemFree:          122016 kB
Active:           358816 kB
Mem:          3.8G       3.7G       119M       5.7M        27M       3.2G

MemTotal:        4016004 kB
MemFree:          121644 kB
Active:           358840 kB
Mem:          3.8G       3.7G       118M       5.7M        27M       3.2G

MemTotal:        4016004 kB
MemFree:          121520 kB
Active:           358832 kB
Mem:          3.8G       3.7G       118M       5.7M        27M       3.2G

MemTotal:        4016004 kB
MemFree:          121520 kB
Active:           358836 kB
Mem:          3.8G       3.7G       118M       5.7M        27M       3.2G

MemTotal:        4016004 kB
MemFree:          121520 kB
Active:           358792 kB
Mem:          3.8G       3.7G       118M       5.7M        27M       3.2G

MemTotal:        4016004 kB
MemFree:          121396 kB
Active:           358792 kB
Mem:          3.8G       3.7G       118M       5.7M        27M       3.2G

MemTotal:        4016004 kB
MemFree:          121892 kB
Active:           358792 kB
Mem:          3.8G       3.7G       119M       5.7M        27M       3.2G

MemTotal:        4016004 kB
MemFree:          121892 kB
Active:           358808 kB
Mem:          3.8G       3.7G       119M       5.7M        27M       3.2G

MemTotal:        4016004 kB
MemFree:          122016 kB
Active:           358836 kB
Mem:          3.8G       3.7G       119M       5.7M        27M       3.2G

MemTotal:        4016004 kB
MemFree:          121768 kB
Active:           358808 kB
Mem:          3.8G       3.7G       118M       5.7M        27M       3.2G

MemTotal:        4016004 kB
MemFree:          122016 kB
Active:           358816 kB
Mem:          3.8G       3.7G       119M       5.7M        27M       3.2G

MemTotal:        4016004 kB
MemFree:          121892 kB
Active:           358828 kB
Mem:          3.8G       3.7G       119M       5.7M        27M       3.2G

MemTotal:        4016004 kB
MemFree:          122016 kB
Active:           358844 kB
Mem:          3.8G       3.7G       119M       5.7M        27M       3.2G

MemTotal:        4016004 kB
MemFree:          121768 kB
Active:           358852 kB
Mem:          3.8G       3.7G       119M       5.7M        27M       3.2G

MemTotal:        4016004 kB
MemFree:          121768 kB
Active:           358844 kB
Mem:          3.8G       3.7G       119M       5.7M        27M       3.2G

MemTotal:        4016004 kB
MemFree:          121644 kB
Active:           358860 kB
Mem:          3.8G       3.7G       118M       5.7M        27M       3.2G

MemTotal:        4016004 kB
MemFree:          122016 kB
Active:           358824 kB
Mem:          3.8G       3.7G       119M       5.7M        27M       3.2G

MemTotal:        4016004 kB
MemFree:          121768 kB
Active:           358828 kB
Mem:          3.8G       3.7G       118M       5.7M        27M       3.2G

MemTotal:        4016004 kB
MemFree:          121272 kB
Active:           358860 kB
Mem:          3.8G       3.7G       118M       5.7M        27M       3.2G

MemTotal:        4016004 kB
MemFree:          121644 kB
Active:           358844 kB
Mem:          3.8G       3.7G       118M       5.7M        27M       3.2G

MemTotal:        4016004 kB
MemFree:          121892 kB
Active:           358848 kB
Mem:          3.8G       3.7G       118M       5.7M        27M       3.2G

MemTotal:        4016004 kB
MemFree:          121892 kB
Active:           358848 kB
Mem:          3.8G       3.7G       118M       5.7M        27M       3.2G

MemTotal:        4016004 kB
MemFree:          122016 kB
Active:           358864 kB
Mem:          3.8G       3.7G       118M       5.7M        27M       3.2G

MemTotal:        4016004 kB
MemFree:          121892 kB
Active:           358816 kB
Mem:          3.8G       3.7G       118M       5.7M        27M       3.2G

MemTotal:        4016004 kB
MemFree:          121892 kB
Active:           358824 kB
Mem:          3.8G       3.7G       118M       5.7M        27M       3.2G

MemTotal:        4016004 kB
MemFree:          121768 kB
Active:           358868 kB
Mem:          3.8G       3.7G       118M       5.7M        27M       3.2G

MemTotal:        4016004 kB
MemFree:          122016 kB
Active:           358868 kB
Mem:          3.8G       3.7G       119M       5.7M        27M       3.2G

MemTotal:        4016004 kB
MemFree:          121396 kB
Active:           358880 kB
Mem:          3.8G       3.7G       118M       5.7M        27M       3.2G

MemTotal:        4016004 kB
MemFree:          121892 kB
Active:           358836 kB
Mem:          3.8G       3.7G       118M       5.7M        27M       3.2G

MemTotal:        4016004 kB
MemFree:          121272 kB
Active:           358888 kB
Mem:          3.8G       3.7G       118M       5.7M        27M       3.2G

MemTotal:        4016004 kB
MemFree:          121768 kB
Active:           358880 kB
Mem:          3.8G       3.7G       118M       5.7M        27M       3.2G

MemTotal:        4016004 kB
MemFree:          121644 kB
Active:           358876 kB
Mem:          3.8G       3.7G       118M       5.7M        27M       3.2G

MemTotal:        4016004 kB
MemFree:          121644 kB
Active:           358880 kB
Mem:          3.8G       3.7G       118M       5.7M        27M       3.2G

MemTotal:        4016004 kB
MemFree:          121272 kB
Active:           358896 kB
Mem:          3.8G       3.7G       118M       5.7M        27M       3.2G

MemTotal:        4016004 kB
MemFree:          121272 kB
Active:           358900 kB
Mem:          3.8G       3.7G       118M       5.7M        27M       3.2G

MemTotal:        4016004 kB
MemFree:          121768 kB
Active:           358892 kB
Mem:          3.8G       3.7G       118M       5.7M        27M       3.2G

MemTotal:        4016004 kB
MemFree:          121768 kB
Active:           358872 kB
Mem:          3.8G       3.7G       118M       5.7M        27M       3.2G

MemTotal:        4016004 kB
MemFree:          121892 kB
Active:           358888 kB
Mem:          3.8G       3.7G       118M       5.7M        27M       3.2G

MemTotal:        4016004 kB
MemFree:          121768 kB
Active:           358844 kB
Mem:          3.8G       3.7G       118M       5.7M        27M       3.2G

MemTotal:        4016004 kB
MemFree:          121892 kB
Active:           358852 kB
Mem:          3.8G       3.7G       118M       5.7M        27M       3.2G

MemTotal:        4016004 kB
MemFree:          121536 kB
Active:           358920 kB
Mem:          3.8G       3.7G       118M       5.7M        27M       3.2G

MemTotal:        4016004 kB
MemFree:          121660 kB
Active:           358908 kB
Mem:          3.8G       3.7G       118M       5.7M        27M       3.2G

MemTotal:        4016004 kB
MemFree:          121660 kB
Active:           358912 kB
Mem:          3.8G       3.7G       118M       5.7M        27M       3.2G

MemTotal:        4016004 kB
MemFree:          121164 kB
Active:           358920 kB
Mem:          3.8G       3.7G       118M       5.7M        27M       3.2G

MemTotal:        4016004 kB
MemFree:          121164 kB
Active:           358904 kB
Mem:          3.8G       3.7G       118M       5.7M        27M       3.2G

MemTotal:        4016004 kB
MemFree:          121288 kB
Active:           358912 kB
Mem:          3.8G       3.7G       118M       5.7M        27M       3.2G

MemTotal:        4016004 kB
MemFree:          120792 kB
Active:           358932 kB
Mem:          3.8G       3.7G       118M       5.7M        27M       3.2G

MemTotal:        4016004 kB
MemFree:          121164 kB
Active:           358916 kB
Mem:          3.8G       3.7G       118M       5.7M        27M       3.2G

MemTotal:        4016004 kB
MemFree:          121288 kB
Active:           358928 kB
Mem:          3.8G       3.7G       118M       5.7M        27M       3.2G

MemTotal:        4016004 kB
MemFree:          119488 kB
Active:           358924 kB
Mem:          3.8G       3.7G       116M       5.7M        27M       3.2G

MemTotal:        4016004 kB
MemFree:          119364 kB
Active:           360928 kB
Mem:          3.8G       3.7G       116M       5.7M        27M       3.2G

MemTotal:        4016004 kB
MemFree:          118992 kB
Active:           360964 kB
Mem:          3.8G       3.7G       116M       5.7M        28M       3.2G

MemTotal:        4016004 kB
MemFree:          119488 kB
Active:           360992 kB
Mem:          3.8G       3.7G       116M       5.7M        28M       3.2G

MemTotal:        4016004 kB
MemFree:          119116 kB
Active:           360996 kB
Mem:          3.8G       3.7G       116M       5.7M        28M       3.2G

MemTotal:        4016004 kB
MemFree:          120232 kB
Active:           360948 kB
Mem:          3.8G       3.7G       117M       5.7M        28M       3.2G

MemTotal:        4016004 kB
MemFree:          120232 kB
Active:           361268 kB
Mem:          3.8G       3.7G       116M       5.7M        28M       3.2G

MemTotal:        4016004 kB
MemFree:          119720 kB
Active:           361004 kB
Mem:          3.8G       3.7G       117M       5.7M        28M       3.2G

MemTotal:        4016004 kB
MemFree:          119968 kB
Active:           361004 kB
Mem:          3.8G       3.7G       116M       5.7M        28M       3.2G

MemTotal:        4016004 kB
MemFree:          119596 kB
Active:           361056 kB
Mem:          3.8G       3.7G       116M       5.7M        28M       3.2G

