MemTotal:        4016004 kB
MemFree:         3240276 kB
Active:           417616 kB
Mem:          3.8G       757M       3.1G       5.7M        55M       316M

MemTotal:        4016004 kB
MemFree:         3240232 kB
Active:           417324 kB
Mem:          3.8G       757M       3.1G       5.7M        55M       316M

MemTotal:        4016004 kB
MemFree:         3240480 kB
Active:           417400 kB
Mem:          3.8G       757M       3.1G       5.7M        55M       316M

MemTotal:        4016004 kB
MemFree:         3240480 kB
Active:           417396 kB
Mem:          3.8G       757M       3.1G       5.7M        55M       316M

MemTotal:        4016004 kB
MemFree:         3240572 kB
Active:           417352 kB
Mem:          3.8G       757M       3.1G       5.7M        55M       316M

MemTotal:        4016004 kB
MemFree:         3240060 kB
Active:           417404 kB
Mem:          3.8G       757M       3.1G       5.7M        55M       316M

MemTotal:        4016004 kB
MemFree:         3240060 kB
Active:           417404 kB
Mem:          3.8G       757M       3.1G       5.7M        55M       316M

MemTotal:        4016004 kB
MemFree:         3238368 kB
Active:           417344 kB
Mem:          3.8G       759M       3.1G       5.7M        55M       316M

MemTotal:        4016004 kB
MemFree:         3238600 kB
Active:           417332 kB
Mem:          3.8G       759M       3.1G       5.7M        55M       316M

MemTotal:        4016004 kB
MemFree:         3238460 kB
Active:           419436 kB
Mem:          3.8G       759M       3.1G       5.7M        55M       316M

MemTotal:        4016004 kB
MemFree:         3238924 kB
Active:           419396 kB
Mem:          3.8G       758M       3.1G       5.7M        55M       316M

MemTotal:        4016004 kB
MemFree:         3238908 kB
Active:           419400 kB
Mem:          3.8G       758M       3.1G       5.7M        55M       316M

MemTotal:        4016004 kB
MemFree:         3238644 kB
Active:           419420 kB
Mem:          3.8G       759M       3.1G       5.7M        55M       316M

MemTotal:        4016004 kB
MemFree:         3238876 kB
Active:           419424 kB
Mem:          3.8G       759M       3.1G       5.7M        55M       316M

MemTotal:        4016004 kB
MemFree:         3238860 kB
Active:           419436 kB
Mem:          3.8G       759M       3.1G       5.7M        55M       316M

MemTotal:        4016004 kB
MemFree:         3239124 kB
Active:           419428 kB
Mem:          3.8G       759M       3.1G       5.7M        55M       316M

MemTotal:        4016004 kB
MemFree:         3238504 kB
Active:           419412 kB
Mem:          3.8G       759M       3.1G       5.7M        55M       316M

MemTotal:        4016004 kB
MemFree:         3238488 kB
Active:           419424 kB
Mem:          3.8G       759M       3.1G       5.7M        55M       316M

MemTotal:        4016004 kB
MemFree:         3238720 kB
Active:           419420 kB
Mem:          3.8G       759M       3.1G       5.7M        55M       316M

MemTotal:        4016004 kB
MemFree:         3238224 kB
Active:           419440 kB
Mem:          3.8G       759M       3.1G       5.7M        55M       316M

MemTotal:        4016004 kB
MemFree:         3238348 kB
Active:           419424 kB
Mem:          3.8G       759M       3.1G       5.7M        55M       316M

MemTotal:        4016004 kB
MemFree:         3238332 kB
Active:           419392 kB
Mem:          3.8G       759M       3.1G       5.7M        55M       316M

MemTotal:        4016004 kB
MemFree:         3238332 kB
Active:           419440 kB
Mem:          3.8G       759M       3.1G       5.7M        55M       316M

MemTotal:        4016004 kB
MemFree:         3238332 kB
Active:           419392 kB
Mem:          3.8G       759M       3.1G       5.7M        55M       316M

MemTotal:        4016004 kB
MemFree:         3238644 kB
Active:           419408 kB
Mem:          3.8G       759M       3.1G       5.7M        55M       316M

MemTotal:        4016004 kB
MemFree:         3238768 kB
Active:           419432 kB
Mem:          3.8G       759M       3.1G       5.7M        55M       316M

MemTotal:        4016004 kB
MemFree:         3238892 kB
Active:           419444 kB
Mem:          3.8G       759M       3.1G       5.7M        55M       316M

MemTotal:        4016004 kB
MemFree:         3237028 kB
Active:           419404 kB
Mem:          3.8G       760M       3.1G       5.7M        55M       316M

MemTotal:        4016004 kB
MemFree:         3237152 kB
Active:           421452 kB
Mem:          3.8G       760M       3.1G       5.7M        55M       316M

MemTotal:        4016004 kB
MemFree:         3236656 kB
Active:           421484 kB
Mem:          3.8G       760M       3.1G       5.7M        55M       316M

MemTotal:        4016004 kB
MemFree:         3236408 kB
Active:           421460 kB
Mem:          3.8G       761M       3.1G       5.7M        55M       316M

MemTotal:        4016004 kB
MemFree:         3236408 kB
Active:           421452 kB
Mem:          3.8G       761M       3.1G       5.7M        55M       316M

MemTotal:        4016004 kB
MemFree:         3236160 kB
Active:           421472 kB
Mem:          3.8G       761M       3.1G       5.7M        55M       316M

MemTotal:        4016004 kB
MemFree:         3236408 kB
Active:           421480 kB
Mem:          3.8G       761M       3.1G       5.7M        55M       316M

MemTotal:        4016004 kB
MemFree:         3236548 kB
Active:           421472 kB
Mem:          3.8G       761M       3.1G       5.7M        55M       316M

MemTotal:        4016004 kB
MemFree:         3236676 kB
Active:           421492 kB
Mem:          3.8G       761M       3.1G       5.7M        55M       316M

MemTotal:        4016004 kB
MemFree:         3236180 kB
Active:           421496 kB
Mem:          3.8G       761M       3.1G       5.7M        55M       316M

MemTotal:        4016004 kB
MemFree:         3235992 kB
Active:           419460 kB
Mem:          3.8G       761M       3.1G       5.7M        55M       316M

MemTotal:        4016004 kB
MemFree:         3236612 kB
Active:           421464 kB
Mem:          3.8G       761M       3.1G       5.7M        55M       316M

MemTotal:        4016004 kB
MemFree:         3236240 kB
Active:           421508 kB
Mem:          3.8G       761M       3.1G       5.7M        55M       316M

MemTotal:        4016004 kB
MemFree:         3236488 kB
Active:           421512 kB
Mem:          3.8G       761M       3.1G       5.7M        55M       316M

MemTotal:        4016004 kB
MemFree:         3236612 kB
Active:           421520 kB
Mem:          3.8G       761M       3.1G       5.7M        55M       316M

MemTotal:        4016004 kB
MemFree:         3236860 kB
Active:           421516 kB
Mem:          3.8G       760M       3.1G       5.7M        55M       316M

MemTotal:        4016004 kB
MemFree:         3236736 kB
Active:           421516 kB
Mem:          3.8G       760M       3.1G       5.7M        55M       316M

MemTotal:        4016004 kB
MemFree:         3236364 kB
Active:           421532 kB
Mem:          3.8G       761M       3.1G       5.7M        55M       316M

MemTotal:        4016004 kB
MemFree:         3236612 kB
Active:           421532 kB
Mem:          3.8G       761M       3.1G       5.7M        55M       316M

MemTotal:        4016004 kB
MemFree:         3235992 kB
Active:           421532 kB
Mem:          3.8G       761M       3.1G       5.7M        55M       316M

MemTotal:        4016004 kB
MemFree:         3233696 kB
Active:           421508 kB
Mem:          3.8G       763M       3.1G       5.7M        55M       316M

MemTotal:        4016004 kB
MemFree:         3233680 kB
Active:           423560 kB
Mem:          3.8G       763M       3.1G       5.7M        55M       316M

MemTotal:        4016004 kB
MemFree:         3234284 kB
Active:           423560 kB
Mem:          3.8G       763M       3.1G       5.7M        55M       316M

MemTotal:        4016004 kB
MemFree:         3233896 kB
Active:           423568 kB
Mem:          3.8G       763M       3.1G       5.7M        55M       316M

MemTotal:        4016004 kB
MemFree:         3233880 kB
Active:           423544 kB
Mem:          3.8G       763M       3.1G       5.7M        55M       316M

MemTotal:        4016004 kB
MemFree:         3234004 kB
Active:           423556 kB
Mem:          3.8G       763M       3.1G       5.7M        55M       316M

MemTotal:        4016004 kB
MemFree:         3233492 kB
Active:           423584 kB
Mem:          3.8G       764M       3.1G       5.7M        55M       316M

MemTotal:        4016004 kB
MemFree:         3233988 kB
Active:           423584 kB
Mem:          3.8G       763M       3.1G       5.7M        55M       316M

MemTotal:        4016004 kB
MemFree:         3234468 kB
Active:           423584 kB
Mem:          3.8G       763M       3.1G       5.7M        55M       316M

MemTotal:        4016004 kB
MemFree:         3234328 kB
Active:           423560 kB
Mem:          3.8G       763M       3.1G       5.7M        55M       316M

MemTotal:        4016004 kB
MemFree:         3234576 kB
Active:           423588 kB
Mem:          3.8G       763M       3.1G       5.7M        55M       316M

MemTotal:        4016004 kB
MemFree:         3234560 kB
Active:           423556 kB
Mem:          3.8G       763M       3.1G       5.7M        55M       316M

MemTotal:        4016004 kB
MemFree:         3234560 kB
Active:           423544 kB
Mem:          3.8G       763M       3.1G       5.7M        55M       316M

MemTotal:        4016004 kB
MemFree:         3234404 kB
Active:           423708 kB
Mem:          3.8G       763M       3.1G       5.7M        55M       316M

MemTotal:        4016004 kB
MemFree:         3120220 kB
Active:           424228 kB
Mem:          3.8G       875M       3.0G       5.7M        55M       427M

MemTotal:        4016004 kB
MemFree:         3007000 kB
Active:           424272 kB
Mem:          3.8G       985M       2.9G       5.7M        55M       535M

MemTotal:        4016004 kB
MemFree:         2886944 kB
Active:           424280 kB
Mem:          3.8G       1.1G       2.8G       5.7M        55M       650M

MemTotal:        4016004 kB
MemFree:         2878708 kB
Active:           424280 kB
Mem:          3.8G       1.1G       2.7G       5.7M        55M       658M

MemTotal:        4016004 kB
MemFree:         2822768 kB
Active:           424248 kB
Mem:          3.8G       1.1G       2.7G       5.7M        55M       712M

MemTotal:        4016004 kB
MemFree:         2777808 kB
Active:           424284 kB
Mem:          3.8G       1.2G       2.6G       5.7M        55M       754M

MemTotal:        4016004 kB
MemFree:         2777188 kB
Active:           424308 kB
Mem:          3.8G       1.2G       2.6G       5.7M        55M       755M

MemTotal:        4016004 kB
MemFree:         2774488 kB
Active:           424332 kB
Mem:          3.8G       1.2G       2.6G       5.7M        55M       757M

MemTotal:        4016004 kB
MemFree:         2773404 kB
Active:           424332 kB
Mem:          3.8G       1.2G       2.6G       5.7M        55M       758M

MemTotal:        4016004 kB
MemFree:         2722748 kB
Active:           424336 kB
Mem:          3.8G       1.2G       2.6G       5.7M        55M       807M

MemTotal:        4016004 kB
MemFree:         2617868 kB
Active:           424336 kB
Mem:          3.8G       1.3G       2.5G       5.7M        55M       909M

MemTotal:        4016004 kB
MemFree:         2480544 kB
Active:           424336 kB
Mem:          3.8G       1.5G       2.4G       5.7M        55M       1.0G

MemTotal:        4016004 kB
MemFree:         2422168 kB
Active:           424344 kB
Mem:          3.8G       1.5G       2.3G       5.7M        55M       1.1G

MemTotal:        4016004 kB
MemFree:         2419472 kB
Active:           424360 kB
Mem:          3.8G       1.5G       2.3G       5.7M        55M       1.1G

MemTotal:        4016004 kB
MemFree:         2320432 kB
Active:           424360 kB
Mem:          3.8G       1.6G       2.2G       5.7M        55M       1.2G

MemTotal:        4016004 kB
MemFree:         2320588 kB
Active:           424344 kB
Mem:          3.8G       1.6G       2.2G       5.7M        55M       1.2G

MemTotal:        4016004 kB
MemFree:         2222412 kB
Active:           424460 kB
Mem:          3.8G       1.7G       2.1G       5.7M        55M       1.3G

MemTotal:        4016004 kB
MemFree:         2221424 kB
Active:           424436 kB
Mem:          3.8G       1.7G       2.1G       5.7M        55M       1.3G

MemTotal:        4016004 kB
MemFree:         2141640 kB
Active:           424480 kB
Mem:          3.8G       1.8G       2.0G       5.7M        55M       1.3G

MemTotal:        4016004 kB
MemFree:         2122104 kB
Active:           424484 kB
Mem:          3.8G       1.8G       2.0G       5.7M        55M       1.4G

MemTotal:        4016004 kB
MemFree:         2120272 kB
Active:           424496 kB
Mem:          3.8G       1.8G       2.0G       5.7M        55M       1.4G

MemTotal:        4016004 kB
MemFree:         2118960 kB
Active:           424508 kB
Mem:          3.8G       1.8G       2.0G       5.7M        55M       1.4G

MemTotal:        4016004 kB
MemFree:         2117956 kB
Active:           424512 kB
Mem:          3.8G       1.8G       2.0G       5.7M        55M       1.4G

MemTotal:        4016004 kB
MemFree:         2073264 kB
Active:           424516 kB
Mem:          3.8G       1.9G       2.0G       5.7M        55M       1.4G

MemTotal:        4016004 kB
MemFree:         1956820 kB
Active:           424520 kB
Mem:          3.8G       2.0G       1.9G       5.7M        55M       1.5G

MemTotal:        4016004 kB
MemFree:         1821976 kB
Active:           424520 kB
Mem:          3.8G       2.1G       1.7G       5.7M        55M       1.6G

MemTotal:        4016004 kB
MemFree:         1769140 kB
Active:           424520 kB
Mem:          3.8G       2.1G       1.7G       5.7M        55M       1.7G

MemTotal:        4016004 kB
MemFree:         1683792 kB
Active:           424468 kB
Mem:          3.8G       2.2G       1.6G       5.7M        55M       1.8G

MemTotal:        4016004 kB
MemFree:         1677156 kB
Active:           424532 kB
Mem:          3.8G       2.2G       1.6G       5.7M        55M       1.8G

MemTotal:        4016004 kB
MemFree:         1622040 kB
Active:           424536 kB
Mem:          3.8G       2.3G       1.5G       5.7M        55M       1.8G

MemTotal:        4016004 kB
MemFree:         1584004 kB
Active:           424540 kB
Mem:          3.8G       2.3G       1.5G       5.7M        55M       1.9G

MemTotal:        4016004 kB
MemFree:         1582916 kB
Active:           424552 kB
Mem:          3.8G       2.3G       1.5G       5.7M        55M       1.9G

MemTotal:        4016004 kB
MemFree:         1580904 kB
Active:           424552 kB
Mem:          3.8G       2.3G       1.5G       5.7M        55M       1.9G

MemTotal:        4016004 kB
MemFree:         1580072 kB
Active:           424532 kB
Mem:          3.8G       2.3G       1.5G       5.7M        55M       1.9G

MemTotal:        4016004 kB
MemFree:         1527912 kB
Active:           424552 kB
Mem:          3.8G       2.4G       1.5G       5.7M        55M       1.9G

MemTotal:        4016004 kB
MemFree:         1423264 kB
Active:           424556 kB
Mem:          3.8G       2.5G       1.4G       5.7M        55M       2.0G

MemTotal:        4016004 kB
MemFree:          989280 kB
Active:           424780 kB
Mem:          3.8G       2.9G       965M       5.7M        55M       2.4G

MemTotal:        4016004 kB
MemFree:          987836 kB
Active:           424576 kB
Mem:          3.8G       2.9G       964M       5.7M        55M       2.4G

MemTotal:        4016004 kB
MemFree:          986004 kB
Active:           424488 kB
Mem:          3.8G       2.9G       962M       5.7M        55M       2.4G

MemTotal:        4016004 kB
MemFree:          984472 kB
Active:           424476 kB
Mem:          3.8G       2.9G       961M       5.7M        55M       2.4G

MemTotal:        4016004 kB
MemFree:          946608 kB
Active:           424484 kB
Mem:          3.8G       2.9G       924M       5.7M        55M       2.5G

MemTotal:        4016004 kB
MemFree:          945088 kB
Active:           424744 kB
Mem:          3.8G       2.9G       922M       5.7M        55M       2.5G

MemTotal:        4016004 kB
MemFree:          943092 kB
Active:           424668 kB
Mem:          3.8G       2.9G       919M       5.7M        55M       2.5G

MemTotal:        4016004 kB
MemFree:          941216 kB
Active:           424628 kB
Mem:          3.8G       2.9G       918M       5.7M        55M       2.5G

MemTotal:        4016004 kB
MemFree:          940140 kB
Active:           424652 kB
Mem:          3.8G       2.9G       917M       5.7M        55M       2.5G

MemTotal:        4016004 kB
MemFree:          845340 kB
Active:           424660 kB
Mem:          3.8G       3.0G       824M       5.7M        55M       2.6G

MemTotal:        4016004 kB
MemFree:          725144 kB
Active:           424652 kB
Mem:          3.8G       3.1G       707M       5.7M        55M       2.7G

MemTotal:        4016004 kB
MemFree:          636000 kB
Active:           424580 kB
Mem:          3.8G       3.2G       620M       5.7M        55M       2.7G

MemTotal:        4016004 kB
MemFree:          599408 kB
Active:           424648 kB
Mem:          3.8G       3.3G       584M       5.7M        55M       2.8G

MemTotal:        4016004 kB
MemFree:          565804 kB
Active:           424792 kB
Mem:          3.8G       3.3G       552M       5.7M        55M       2.8G

MemTotal:        4016004 kB
MemFree:          511504 kB
Active:           424792 kB
Mem:          3.8G       3.3G       498M       5.7M        55M       2.9G

MemTotal:        4016004 kB
MemFree:          411064 kB
Active:           424736 kB
Mem:          3.8G       3.4G       400M       5.7M        55M       3.0G

MemTotal:        4016004 kB
MemFree:          394708 kB
Active:           424800 kB
Mem:          3.8G       3.5G       385M       5.7M        55M       3.0G

MemTotal:        4016004 kB
MemFree:          338672 kB
Active:           424776 kB
Mem:          3.8G       3.5G       330M       5.7M        55M       3.0G

MemTotal:        4016004 kB
MemFree:          334800 kB
Active:           424688 kB
Mem:          3.8G       3.5G       326M       5.7M        55M       3.0G

MemTotal:        4016004 kB
MemFree:          333932 kB
Active:           424804 kB
Mem:          3.8G       3.5G       326M       5.7M        55M       3.0G

MemTotal:        4016004 kB
MemFree:          332772 kB
Active:           424736 kB
Mem:          3.8G       3.5G       324M       5.7M        55M       3.0G

MemTotal:        4016004 kB
MemFree:          331880 kB
Active:           424700 kB
Mem:          3.8G       3.5G       324M       5.7M        55M       3.0G

MemTotal:        4016004 kB
MemFree:          229296 kB
Active:           424700 kB
Mem:          3.8G       3.6G       223M       5.7M        55M       3.1G

MemTotal:        4016004 kB
MemFree:          126708 kB
Active:           422932 kB
Mem:          3.8G       3.7G       146M       5.7M        20M       3.2G

MemTotal:        4016004 kB
MemFree:          149352 kB
Active:           443400 kB
Mem:          3.8G       3.7G       145M       5.7M        20M       3.2G

MemTotal:        4016004 kB
MemFree:          149848 kB
Active:           443396 kB
Mem:          3.8G       3.7G       145M       5.7M        20M       3.2G

MemTotal:        4016004 kB
MemFree:          149404 kB
Active:           443412 kB
Mem:          3.8G       3.7G       145M       5.7M        20M       3.2G

MemTotal:        4016004 kB
MemFree:          149656 kB
Active:           443364 kB
Mem:          3.8G       3.7G       146M       5.7M        20M       3.2G

MemTotal:        4016004 kB
MemFree:          146080 kB
Active:           443420 kB
Mem:          3.8G       3.7G       142M       5.7M        20M       3.2G

MemTotal:        4016004 kB
MemFree:          126856 kB
Active:           443420 kB
Mem:          3.8G       3.7G       123M       5.7M        20M       3.3G

MemTotal:        4016004 kB
MemFree:          124092 kB
Active:           443432 kB
Mem:          3.8G       3.7G       121M       5.7M        20M       3.3G

MemTotal:        4016004 kB
MemFree:          122948 kB
Active:           443436 kB
Mem:          3.8G       3.7G       120M       5.7M        20M       3.3G

MemTotal:        4016004 kB
MemFree:          122116 kB
Active:           443436 kB
Mem:          3.8G       3.7G       119M       5.7M        20M       3.3G

MemTotal:        4016004 kB
MemFree:          127792 kB
Active:           442160 kB
Mem:          3.8G       3.7G       125M       5.7M        20M       3.3G

MemTotal:        4016004 kB
MemFree:          121676 kB
Active:           438448 kB
Mem:          3.8G       3.7G       118M       5.7M        20M       3.3G

MemTotal:        4016004 kB
MemFree:          124396 kB
Active:           434608 kB
Mem:          3.8G       3.7G       121M       5.7M        20M       3.3G

MemTotal:        4016004 kB
MemFree:          132604 kB
Active:           429584 kB
Mem:          3.8G       3.7G       129M       5.7M        20M       3.3G

MemTotal:        4016004 kB
MemFree:          131920 kB
Active:           429584 kB
Mem:          3.8G       3.7G       128M       5.7M        20M       3.3G

MemTotal:        4016004 kB
MemFree:          125968 kB
Active:           428452 kB
Mem:          3.8G       3.7G       123M       5.7M        20M       3.3G

MemTotal:        4016004 kB
MemFree:          129964 kB
Active:           426024 kB
Mem:          3.8G       3.7G       126M       5.7M        20M       3.3G

MemTotal:        4016004 kB
MemFree:          111736 kB
Active:           425976 kB
Mem:          3.8G       3.7G       108M       5.7M        20M       3.3G

MemTotal:        4016004 kB
MemFree:          135152 kB
Active:           424752 kB
Mem:          3.8G       3.7G       131M       5.7M        20M       3.3G

MemTotal:        4016004 kB
MemFree:          134036 kB
Active:           424756 kB
Mem:          3.8G       3.7G       130M       5.7M        20M       3.3G

MemTotal:        4016004 kB
MemFree:          133136 kB
Active:           424572 kB
Mem:          3.8G       3.7G       129M       5.7M        20M       3.3G

MemTotal:        4016004 kB
MemFree:          132088 kB
Active:           426624 kB
Mem:          3.8G       3.7G       128M       5.7M        20M       3.3G

MemTotal:        4016004 kB
MemFree:          126052 kB
Active:           422144 kB
Mem:          3.8G       3.7G       122M       5.7M        20M       3.3G

MemTotal:        4016004 kB
MemFree:          123404 kB
Active:           418692 kB
Mem:          3.8G       3.7G       120M       5.7M        20M       3.3G

MemTotal:        4016004 kB
MemFree:          138912 kB
Active:           416136 kB
Mem:          3.8G       3.7G       135M       5.7M        20M       3.2G

MemTotal:        4016004 kB
MemFree:          140244 kB
Active:           414872 kB
Mem:          3.8G       3.7G       136M       5.7M        20M       3.2G

MemTotal:        4016004 kB
MemFree:          137420 kB
Active:           407248 kB
Mem:          3.8G       3.7G       133M       5.7M        20M       3.2G

MemTotal:        4016004 kB
MemFree:          119080 kB
Active:           407248 kB
Mem:          3.8G       3.7G       115M       5.7M        20M       3.3G

MemTotal:        4016004 kB
MemFree:          128656 kB
Active:           404824 kB
Mem:          3.8G       3.7G       125M       5.7M        20M       3.3G

MemTotal:        4016004 kB
MemFree:          119820 kB
Active:           404832 kB
Mem:          3.8G       3.7G       116M       5.7M        20M       3.3G

MemTotal:        4016004 kB
MemFree:          118348 kB
Active:           404844 kB
Mem:          3.8G       3.7G       115M       5.7M        20M       3.3G

MemTotal:        4016004 kB
MemFree:          116956 kB
Active:           404848 kB
Mem:          3.8G       3.7G       114M       5.7M        20M       3.3G

MemTotal:        4016004 kB
MemFree:          116432 kB
Active:           404848 kB
Mem:          3.8G       3.7G       113M       5.7M        20M       3.3G

MemTotal:        4016004 kB
MemFree:          116584 kB
Active:           402296 kB
Mem:          3.8G       3.7G       117M       5.7M        20M       3.3G

MemTotal:        4016004 kB
MemFree:          138604 kB
Active:           397432 kB
Mem:          3.8G       3.7G       135M       5.7M        20M       3.2G

MemTotal:        4016004 kB
MemFree:          130944 kB
Active:           391808 kB
Mem:          3.8G       3.7G       127M       5.7M        20M       3.3G

MemTotal:        4016004 kB
MemFree:          123948 kB
Active:           391684 kB
Mem:          3.8G       3.7G       120M       5.7M        20M       3.3G

MemTotal:        4016004 kB
MemFree:          141972 kB
Active:           387020 kB
Mem:          3.8G       3.7G       138M       5.7M        20M       3.2G

MemTotal:        4016004 kB
MemFree:          108060 kB
Active:           387028 kB
Mem:          3.8G       3.7G       105M       5.7M        20M       3.3G

MemTotal:        4016004 kB
MemFree:          127060 kB
Active:           384724 kB
Mem:          3.8G       3.7G       123M       5.7M        20M       3.3G

MemTotal:        4016004 kB
MemFree:          105720 kB
Active:           384468 kB
Mem:          3.8G       3.7G       102M       5.7M        20M       3.3G

MemTotal:        4016004 kB
MemFree:          141696 kB
Active:           383060 kB
Mem:          3.8G       3.7G       138M       5.7M        20M       3.2G

MemTotal:        4016004 kB
MemFree:          140892 kB
Active:           383068 kB
Mem:          3.8G       3.7G       137M       5.7M        20M       3.2G

MemTotal:        4016004 kB
MemFree:          139528 kB
Active:           383076 kB
Mem:          3.8G       3.7G       136M       5.7M        20M       3.2G

MemTotal:        4016004 kB
MemFree:          138788 kB
Active:           383080 kB
Mem:          3.8G       3.7G       135M       5.7M        20M       3.2G

MemTotal:        4016004 kB
MemFree:          116240 kB
Active:           383080 kB
Mem:          3.8G       3.7G       112M       5.7M        20M       3.3G

MemTotal:        4016004 kB
MemFree:          121796 kB
Active:           379120 kB
Mem:          3.8G       3.7G       118M       5.7M        20M       3.3G

MemTotal:        4016004 kB
MemFree:          127648 kB
Active:           374640 kB
Mem:          3.8G       3.7G       123M       5.7M        20M       3.3G

MemTotal:        4016004 kB
MemFree:          132300 kB
Active:           371700 kB
Mem:          3.8G       3.7G       129M       5.7M        20M       3.3G

MemTotal:        4016004 kB
MemFree:          136836 kB
Active:           369824 kB
Mem:          3.8G       3.7G       133M       5.7M        20M       3.2G

MemTotal:        4016004 kB
MemFree:          125632 kB
Active:           369176 kB
Mem:          3.8G       3.7G       121M       5.7M        20M       3.3G

MemTotal:        4016004 kB
MemFree:          128136 kB
Active:           367392 kB
Mem:          3.8G       3.7G       124M       5.7M        20M       3.3G

MemTotal:        4016004 kB
MemFree:          141864 kB
Active:           366880 kB
Mem:          3.8G       3.7G       138M       5.7M        20M       3.2G

MemTotal:        4016004 kB
MemFree:          142696 kB
Active:           366860 kB
Mem:          3.8G       3.7G       139M       5.7M        20M       3.2G

MemTotal:        4016004 kB
MemFree:          140380 kB
Active:           366924 kB
Mem:          3.8G       3.7G       137M       5.7M        20M       3.2G

MemTotal:        4016004 kB
MemFree:          139576 kB
Active:           366928 kB
Mem:          3.8G       3.7G       136M       5.7M        20M       3.2G

MemTotal:        4016004 kB
MemFree:          138280 kB
Active:           366928 kB
Mem:          3.8G       3.7G       134M       5.7M        20M       3.2G

MemTotal:        4016004 kB
MemFree:          127844 kB
Active:           366928 kB
Mem:          3.8G       3.7G       125M       5.7M        20M       3.3G

MemTotal:        4016004 kB
MemFree:          132944 kB
Active:           363980 kB
Mem:          3.8G       3.7G       129M       5.7M        20M       3.3G

MemTotal:        4016004 kB
MemFree:          127076 kB
Active:           363852 kB
Mem:          3.8G       3.7G       123M       5.7M        20M       3.3G

MemTotal:        4016004 kB
MemFree:          126272 kB
Active:           364416 kB
Mem:          3.8G       3.7G       123M       5.7M        20M       3.3G

MemTotal:        4016004 kB
MemFree:          130780 kB
Active:           363904 kB
Mem:          3.8G       3.7G       127M       5.7M        20M       3.3G

MemTotal:        4016004 kB
MemFree:          128656 kB
Active:           363916 kB
Mem:          3.8G       3.7G       124M       5.7M        20M       3.3G

MemTotal:        4016004 kB
MemFree:          130620 kB
Active:           363788 kB
Mem:          3.8G       3.7G       127M       5.7M        20M       3.3G

MemTotal:        4016004 kB
MemFree:          107788 kB
Active:           363792 kB
Mem:          3.8G       3.7G       104M       5.7M        20M       3.3G

MemTotal:        4016004 kB
MemFree:          129680 kB
Active:           363796 kB
Mem:          3.8G       3.7G       126M       5.7M        20M       3.3G

MemTotal:        4016004 kB
MemFree:          128936 kB
Active:           363796 kB
Mem:          3.8G       3.7G       125M       5.7M        20M       3.3G

MemTotal:        4016004 kB
MemFree:          127852 kB
Active:           363796 kB
Mem:          3.8G       3.7G       124M       5.7M        20M       3.3G

MemTotal:        4016004 kB
MemFree:          127088 kB
Active:           363796 kB
Mem:          3.8G       3.7G       123M       5.7M        20M       3.3G

MemTotal:        4016004 kB
MemFree:          122144 kB
Active:           363804 kB
Mem:          3.8G       3.7G       118M       5.7M        20M       3.3G

MemTotal:        4016004 kB
MemFree:          128808 kB
Active:           364572 kB
Mem:          3.8G       3.7G       124M       5.7M        20M       3.3G

MemTotal:        4016004 kB
MemFree:          116544 kB
Active:           364576 kB
Mem:          3.8G       3.7G       113M       5.7M        20M       3.3G

MemTotal:        4016004 kB
MemFree:          132000 kB
Active:           364576 kB
Mem:          3.8G       3.7G       128M       5.7M        20M       3.2G

MemTotal:        4016004 kB
MemFree:          134916 kB
Active:           364604 kB
Mem:          3.8G       3.7G       131M       5.7M        20M       3.2G

MemTotal:        4016004 kB
MemFree:          130584 kB
Active:           363492 kB
Mem:          3.8G       3.7G       122M       5.7M        20M       3.3G

MemTotal:        4016004 kB
MemFree:          123932 kB
Active:           363552 kB
Mem:          3.8G       3.7G       121M       5.7M        20M       3.3G

MemTotal:        4016004 kB
MemFree:          121844 kB
Active:           363556 kB
Mem:          3.8G       3.7G       119M       5.7M        20M       3.3G

MemTotal:        4016004 kB
MemFree:          120388 kB
Active:           365556 kB
Mem:          3.8G       3.7G       117M       5.7M        20M       3.3G

MemTotal:        4016004 kB
MemFree:          129112 kB
Active:           364560 kB
Mem:          3.8G       3.7G       125M       5.7M        20M       3.2G

MemTotal:        4016004 kB
MemFree:          112844 kB
Active:           360980 kB
Mem:          3.8G       3.7G       109M       5.7M        20M       3.3G

MemTotal:        4016004 kB
MemFree:          141276 kB
Active:           360888 kB
Mem:          3.8G       3.7G       137M       5.7M        20M       3.2G

MemTotal:        4016004 kB
MemFree:          118504 kB
Active:           360896 kB
Mem:          3.8G       3.7G       115M       5.7M        20M       3.3G

MemTotal:        4016004 kB
MemFree:          128200 kB
Active:           360908 kB
Mem:          3.8G       3.7G       125M       5.7M        20M       3.2G

MemTotal:        4016004 kB
MemFree:          135172 kB
Active:           360888 kB
Mem:          3.8G       3.7G       131M       5.7M        20M       3.2G

MemTotal:        4016004 kB
MemFree:          128592 kB
Active:           360908 kB
Mem:          3.8G       3.7G       125M       5.7M        20M       3.2G

MemTotal:        4016004 kB
MemFree:          127268 kB
Active:           360916 kB
Mem:          3.8G       3.7G       124M       5.7M        20M       3.2G

MemTotal:        4016004 kB
MemFree:          126804 kB
Active:           360928 kB
Mem:          3.8G       3.7G       124M       5.7M        20M       3.2G

MemTotal:        4016004 kB
MemFree:          125016 kB
Active:           360940 kB
Mem:          3.8G       3.7G       121M       5.7M        20M       3.3G

MemTotal:        4016004 kB
MemFree:          124644 kB
Active:           360936 kB
Mem:          3.8G       3.7G       121M       5.7M        20M       3.3G

MemTotal:        4016004 kB
MemFree:          111732 kB
Active:           359508 kB
Mem:          3.8G       3.7G       123M       5.7M        20M       3.2G

MemTotal:        4016004 kB
MemFree:          126732 kB
Active:           359400 kB
Mem:          3.8G       3.7G       123M       5.7M        20M       3.3G

MemTotal:        4016004 kB
MemFree:          126748 kB
Active:           359404 kB
Mem:          3.8G       3.7G       123M       5.7M        20M       3.3G

MemTotal:        4016004 kB
MemFree:          124100 kB
Active:           354364 kB
Mem:          3.8G       3.7G       120M       5.7M        20M       3.3G

MemTotal:        4016004 kB
MemFree:          117928 kB
Active:           354240 kB
Mem:          3.8G       3.7G       114M       5.7M        20M       3.3G

MemTotal:        4016004 kB
MemFree:          142156 kB
Active:           354240 kB
Mem:          3.8G       3.7G       138M       5.7M        20M       3.2G

MemTotal:        4016004 kB
MemFree:          148936 kB
Active:           353520 kB
Mem:          3.8G       3.7G       144M       5.7M        20M       3.2G

MemTotal:        4016004 kB
MemFree:          146964 kB
Active:           354296 kB
Mem:          3.8G       3.7G       143M       5.7M        20M       3.2G

MemTotal:        4016004 kB
MemFree:          146972 kB
Active:           356296 kB
Mem:          3.8G       3.7G       143M       5.7M        20M       3.2G

MemTotal:        4016004 kB
MemFree:          147472 kB
Active:           356280 kB
Mem:          3.8G       3.7G       143M       5.7M        20M       3.2G

MemTotal:        4016004 kB
MemFree:          145868 kB
Active:           356300 kB
Mem:          3.8G       3.7G       142M       5.7M        20M       3.2G

MemTotal:        4016004 kB
MemFree:          123960 kB
Active:           356308 kB
Mem:          3.8G       3.7G       120M       5.7M        20M       3.3G

MemTotal:        4016004 kB
MemFree:          122584 kB
Active:           356320 kB
Mem:          3.8G       3.7G       119M       5.7M        20M       3.3G

MemTotal:        4016004 kB
MemFree:          122244 kB
Active:           356280 kB
Mem:          3.8G       3.7G       119M       5.7M        20M       3.3G

MemTotal:        4016004 kB
MemFree:          122464 kB
Active:           356272 kB
Mem:          3.8G       3.7G       119M       5.7M        20M       3.3G

MemTotal:        4016004 kB
MemFree:          122840 kB
Active:           356272 kB
Mem:          3.8G       3.7G       119M       5.7M        20M       3.3G

MemTotal:        4016004 kB
MemFree:          124848 kB
Active:           353772 kB
Mem:          3.8G       3.7G       121M       5.7M        20M       3.3G

MemTotal:        4016004 kB
MemFree:          136496 kB
Active:           353188 kB
Mem:          3.8G       3.7G       133M       5.7M        20M       3.2G

MemTotal:        4016004 kB
MemFree:          133040 kB
Active:           352136 kB
Mem:          3.8G       3.7G       129M       5.7M        20M       3.2G

MemTotal:        4016004 kB
MemFree:          136664 kB
Active:           348376 kB
Mem:          3.8G       3.7G       133M       5.7M        20M       3.2G

MemTotal:        4016004 kB
MemFree:          144784 kB
Active:           348420 kB
Mem:          3.8G       3.7G       141M       5.7M        20M       3.2G

MemTotal:        4016004 kB
MemFree:          132332 kB
Active:           348400 kB
Mem:          3.8G       3.7G       129M       5.7M        20M       3.2G

MemTotal:        4016004 kB
MemFree:          129752 kB
Active:           348392 kB
Mem:          3.8G       3.7G       126M       5.7M        20M       3.2G

MemTotal:        4016004 kB
MemFree:          133896 kB
Active:           348456 kB
Mem:          3.8G       3.7G       130M       5.7M        20M       3.2G

MemTotal:        4016004 kB
MemFree:          131920 kB
Active:           348468 kB
Mem:          3.8G       3.7G       128M       5.7M        20M       3.2G

MemTotal:        4016004 kB
MemFree:          130684 kB
Active:           348468 kB
Mem:          3.8G       3.7G       127M       5.7M        20M       3.2G

MemTotal:        4016004 kB
MemFree:          129884 kB
Active:           348468 kB
Mem:          3.8G       3.7G       126M       5.7M        20M       3.2G

MemTotal:        4016004 kB
MemFree:          130136 kB
Active:           348420 kB
Mem:          3.8G       3.7G       126M       5.7M        20M       3.2G

MemTotal:        4016004 kB
MemFree:          130272 kB
Active:           349256 kB
Mem:          3.8G       3.7G       126M       5.7M        20M       3.2G

MemTotal:        4016004 kB
MemFree:          121828 kB
Active:           348900 kB
Mem:          3.8G       3.7G       118M       5.7M        20M       3.3G

MemTotal:        4016004 kB
MemFree:          116036 kB
Active:           348900 kB
Mem:          3.8G       3.7G       113M       5.7M        20M       3.3G

MemTotal:        4016004 kB
MemFree:          123936 kB
Active:           348904 kB
Mem:          3.8G       3.7G       120M       5.7M        20M       3.3G

MemTotal:        4016004 kB
MemFree:          122432 kB
Active:           348788 kB
Mem:          3.8G       3.7G       119M       5.7M        20M       3.3G

MemTotal:        4016004 kB
MemFree:          126768 kB
Active:           348796 kB
Mem:          3.8G       3.7G       123M       5.7M        20M       3.2G

MemTotal:        4016004 kB
MemFree:          142616 kB
Active:           348800 kB
Mem:          3.8G       3.7G       139M       5.7M        20M       3.2G

MemTotal:        4016004 kB
MemFree:          143280 kB
Active:           348776 kB
Mem:          3.8G       3.7G       139M       5.7M        20M       3.2G

MemTotal:        4016004 kB
MemFree:          141872 kB
Active:           348812 kB
Mem:          3.8G       3.7G       138M       5.7M        20M       3.2G

MemTotal:        4016004 kB
MemFree:          138336 kB
Active:           348816 kB
Mem:          3.8G       3.7G       135M       5.7M        20M       3.2G

MemTotal:        4016004 kB
MemFree:          138912 kB
Active:           350828 kB
Mem:          3.8G       3.7G       135M       5.7M        20M       3.2G

MemTotal:        4016004 kB
MemFree:          128516 kB
Active:           350756 kB
Mem:          3.8G       3.7G       125M       5.7M        20M       3.2G

MemTotal:        4016004 kB
MemFree:          124448 kB
Active:           348272 kB
Mem:          3.8G       3.7G       120M       5.7M        20M       3.2G

MemTotal:        4016004 kB
MemFree:          140720 kB
Active:           348280 kB
Mem:          3.8G       3.7G       136M       5.7M        20M       3.2G

MemTotal:        4016004 kB
MemFree:          121084 kB
Active:           348272 kB
Mem:          3.8G       3.7G       117M       5.7M        20M       3.3G

MemTotal:        4016004 kB
MemFree:          130908 kB
Active:           348244 kB
Mem:          3.8G       3.7G       127M       5.7M        20M       3.2G

MemTotal:        4016004 kB
MemFree:          125608 kB
Active:           348228 kB
Mem:          3.8G       3.7G       122M       5.7M        20M       3.2G

MemTotal:        4016004 kB
MemFree:          120028 kB
Active:           348260 kB
Mem:          3.8G       3.7G       117M       5.7M        20M       3.3G

MemTotal:        4016004 kB
MemFree:          143488 kB
Active:           348288 kB
Mem:          3.8G       3.7G       140M       5.7M        20M       3.2G

MemTotal:        4016004 kB
MemFree:          108288 kB
Active:           348296 kB
Mem:          3.8G       3.7G       105M       5.7M        20M       3.3G

MemTotal:        4016004 kB
MemFree:          106528 kB
Active:           348272 kB
Mem:          3.8G       3.7G       103M       5.7M        20M       3.3G

MemTotal:        4016004 kB
MemFree:          106064 kB
Active:           348292 kB
Mem:          3.8G       3.7G       103M       5.7M        20M       3.3G

MemTotal:        4016004 kB
MemFree:          105944 kB
Active:           348316 kB
Mem:          3.8G       3.7G       103M       5.7M        20M       3.3G

MemTotal:        4016004 kB
MemFree:          105700 kB
Active:           348296 kB
Mem:          3.8G       3.7G       103M       5.7M        20M       3.3G

MemTotal:        4016004 kB
MemFree:          112340 kB
Active:           345620 kB
Mem:          3.8G       3.7G       109M       5.7M        20M       3.3G

MemTotal:        4016004 kB
MemFree:          142788 kB
Active:           345584 kB
Mem:          3.8G       3.7G       138M       5.7M        20M       3.2G

MemTotal:        4016004 kB
MemFree:          123576 kB
Active:           345588 kB
Mem:          3.8G       3.7G       120M       5.7M        20M       3.2G

MemTotal:        4016004 kB
MemFree:          121284 kB
Active:           345612 kB
Mem:          3.8G       3.7G       118M       5.7M        20M       3.2G

MemTotal:        4016004 kB
MemFree:          128444 kB
Active:           345644 kB
Mem:          3.8G       3.7G       125M       5.7M        20M       3.2G

MemTotal:        4016004 kB
MemFree:          151476 kB
Active:           345708 kB
Mem:          3.8G       3.7G       147M       5.7M        20M       3.2G

MemTotal:        4016004 kB
MemFree:          146268 kB
Active:           345604 kB
Mem:          3.8G       3.7G       142M       5.7M        20M       3.2G

MemTotal:        4016004 kB
MemFree:          144780 kB
Active:           345612 kB
Mem:          3.8G       3.7G       141M       5.7M        20M       3.2G

MemTotal:        4016004 kB
MemFree:          144132 kB
Active:           345592 kB
Mem:          3.8G       3.7G       140M       5.7M        20M       3.2G

MemTotal:        4016004 kB
MemFree:          143872 kB
Active:           345624 kB
Mem:          3.8G       3.7G       140M       5.7M        20M       3.2G

MemTotal:        4016004 kB
MemFree:          142880 kB
Active:           345608 kB
Mem:          3.8G       3.7G       139M       5.7M        20M       3.2G

MemTotal:        4016004 kB
MemFree:          141692 kB
Active:           345632 kB
Mem:          3.8G       3.7G       137M       5.7M        20M       3.2G

MemTotal:        4016004 kB
MemFree:          140696 kB
Active:           345632 kB
Mem:          3.8G       3.7G       137M       5.7M        20M       3.2G

MemTotal:        4016004 kB
MemFree:          140604 kB
Active:           345652 kB
Mem:          3.8G       3.7G       137M       5.7M        20M       3.2G

MemTotal:        4016004 kB
MemFree:          140860 kB
Active:           345652 kB
Mem:          3.8G       3.7G       137M       5.7M        20M       3.2G

MemTotal:        4016004 kB
MemFree:          126008 kB
Active:           346936 kB
Mem:          3.8G       3.7G       122M       5.7M        20M       3.2G

MemTotal:        4016004 kB
MemFree:          122156 kB
Active:           343652 kB
Mem:          3.8G       3.7G       118M       5.7M        20M       3.2G

MemTotal:        4016004 kB
MemFree:          130544 kB
Active:           343652 kB
Mem:          3.8G       3.7G       127M       5.7M        20M       3.2G

MemTotal:        4016004 kB
MemFree:          130192 kB
Active:           343660 kB
Mem:          3.8G       3.7G       126M       5.7M        20M       3.2G

MemTotal:        4016004 kB
MemFree:          137856 kB
Active:           343660 kB
Mem:          3.8G       3.7G       134M       5.7M        20M       3.2G

MemTotal:        4016004 kB
MemFree:          128812 kB
Active:           343660 kB
Mem:          3.8G       3.7G       125M       5.7M        20M       3.2G

MemTotal:        4016004 kB
MemFree:          130724 kB
Active:           343672 kB
Mem:          3.8G       3.7G       127M       5.7M        20M       3.2G

MemTotal:        4016004 kB
MemFree:          129712 kB
Active:           343672 kB
Mem:          3.8G       3.7G       126M       5.7M        20M       3.2G

MemTotal:        4016004 kB
MemFree:          129432 kB
Active:           343652 kB
Mem:          3.8G       3.7G       126M       5.7M        20M       3.2G

MemTotal:        4016004 kB
MemFree:          129840 kB
Active:           343636 kB
Mem:          3.8G       3.7G       126M       5.7M        20M       3.2G

MemTotal:        4016004 kB
MemFree:          127580 kB
Active:           343676 kB
Mem:          3.8G       3.7G       124M       5.7M        20M       3.2G

MemTotal:        4016004 kB
MemFree:          125908 kB
Active:           344636 kB
Mem:          3.8G       3.7G       124M       5.7M        20M       3.2G

MemTotal:        4016004 kB
MemFree:          129484 kB
Active:           344380 kB
Mem:          3.8G       3.7G       126M       5.7M        20M       3.2G

MemTotal:        4016004 kB
MemFree:          129268 kB
Active:           344152 kB
Mem:          3.8G       3.7G       125M       5.7M        20M       3.2G

MemTotal:        4016004 kB
MemFree:          128896 kB
Active:           344200 kB
Mem:          3.8G       3.7G       125M       5.7M        20M       3.2G

MemTotal:        4016004 kB
MemFree:          128896 kB
Active:           344196 kB
Mem:          3.8G       3.7G       125M       5.7M        20M       3.2G

MemTotal:        4016004 kB
MemFree:          128896 kB
Active:           344192 kB
Mem:          3.8G       3.7G       125M       5.7M        20M       3.2G

MemTotal:        4016004 kB
MemFree:          128772 kB
Active:           344176 kB
Mem:          3.8G       3.7G       125M       5.7M        20M       3.2G

MemTotal:        4016004 kB
MemFree:          128400 kB
Active:           344216 kB
Mem:          3.8G       3.7G       125M       5.7M        20M       3.2G

MemTotal:        4016004 kB
MemFree:          128400 kB
Active:           344216 kB
Mem:          3.8G       3.7G       125M       5.7M        20M       3.2G

MemTotal:        4016004 kB
MemFree:          128648 kB
Active:           344176 kB
Mem:          3.8G       3.7G       125M       5.7M        20M       3.2G

MemTotal:        4016004 kB
MemFree:          128648 kB
Active:           344168 kB
Mem:          3.8G       3.7G       125M       5.7M        20M       3.2G

MemTotal:        4016004 kB
MemFree:          128524 kB
Active:           344224 kB
Mem:          3.8G       3.7G       125M       5.7M        20M       3.2G

MemTotal:        4016004 kB
MemFree:          128524 kB
Active:           344224 kB
Mem:          3.8G       3.7G       125M       5.7M        20M       3.2G

MemTotal:        4016004 kB
MemFree:          129020 kB
Active:           344180 kB
Mem:          3.8G       3.7G       125M       5.7M        20M       3.2G

MemTotal:        4016004 kB
MemFree:          128828 kB
Active:           343992 kB
Mem:          3.8G       3.7G       125M       5.7M        20M       3.2G

MemTotal:        4016004 kB
MemFree:          128952 kB
Active:           344016 kB
Mem:          3.8G       3.7G       125M       5.7M        20M       3.2G

MemTotal:        4016004 kB
MemFree:          128828 kB
Active:           344016 kB
Mem:          3.8G       3.7G       125M       5.7M        20M       3.2G

MemTotal:        4016004 kB
MemFree:          128580 kB
Active:           344016 kB
Mem:          3.8G       3.7G       125M       5.7M        20M       3.2G

MemTotal:        4016004 kB
MemFree:          129076 kB
Active:           343960 kB
Mem:          3.8G       3.7G       126M       5.7M        20M       3.2G

MemTotal:        4016004 kB
MemFree:          129572 kB
Active:           343984 kB
Mem:          3.8G       3.7G       126M       5.7M        20M       3.2G

MemTotal:        4016004 kB
MemFree:          129572 kB
Active:           344016 kB
Mem:          3.8G       3.7G       126M       5.7M        20M       3.2G

MemTotal:        4016004 kB
MemFree:          129076 kB
Active:           344028 kB
Mem:          3.8G       3.7G       126M       5.7M        20M       3.2G

MemTotal:        4016004 kB
MemFree:          128828 kB
Active:           343988 kB
Mem:          3.8G       3.7G       125M       5.7M        20M       3.2G

MemTotal:        4016004 kB
MemFree:          128952 kB
Active:           344016 kB
Mem:          3.8G       3.7G       125M       5.7M        20M       3.2G

MemTotal:        4016004 kB
MemFree:          128580 kB
Active:           344032 kB
Mem:          3.8G       3.7G       125M       5.7M        20M       3.2G

MemTotal:        4016004 kB
MemFree:          128704 kB
Active:           344032 kB
Mem:          3.8G       3.7G       125M       5.7M        20M       3.2G

MemTotal:        4016004 kB
MemFree:          129200 kB
Active:           344032 kB
Mem:          3.8G       3.7G       126M       5.7M        20M       3.2G

MemTotal:        4016004 kB
MemFree:          129580 kB
Active:           344032 kB
Mem:          3.8G       3.7G       126M       5.7M        20M       3.2G

MemTotal:        4016004 kB
MemFree:          129332 kB
Active:           344032 kB
Mem:          3.8G       3.7G       126M       5.7M        20M       3.2G

MemTotal:        4016004 kB
MemFree:          127160 kB
Active:           344036 kB
Mem:          3.8G       3.7G       124M       5.7M        20M       3.2G

MemTotal:        4016004 kB
MemFree:          127184 kB
Active:           343996 kB
Mem:          3.8G       3.7G       124M       5.7M        20M       3.2G

MemTotal:        4016004 kB
MemFree:          127340 kB
Active:           346080 kB
Mem:          3.8G       3.7G       124M       5.7M        20M       3.2G

MemTotal:        4016004 kB
MemFree:          127312 kB
Active:           346092 kB
Mem:          3.8G       3.7G       124M       5.7M        20M       3.2G

MemTotal:        4016004 kB
MemFree:          127376 kB
Active:           346052 kB
Mem:          3.8G       3.7G       124M       5.7M        20M       3.2G

MemTotal:        4016004 kB
MemFree:          127376 kB
Active:           346048 kB
Mem:          3.8G       3.7G       124M       5.7M        20M       3.2G

MemTotal:        4016004 kB
MemFree:          126880 kB
Active:           346104 kB
Mem:          3.8G       3.7G       124M       5.7M        20M       3.2G

MemTotal:        4016004 kB
MemFree:          127376 kB
Active:           346100 kB
Mem:          3.8G       3.7G       124M       5.7M        20M       3.2G

MemTotal:        4016004 kB
MemFree:          127500 kB
Active:           346068 kB
Mem:          3.8G       3.7G       124M       5.7M        20M       3.2G

MemTotal:        4016004 kB
MemFree:          127500 kB
Active:           346108 kB
Mem:          3.8G       3.7G       124M       5.7M        20M       3.2G

MemTotal:        4016004 kB
MemFree:          127252 kB
Active:           346112 kB
Mem:          3.8G       3.7G       124M       5.7M        20M       3.2G

MemTotal:        4016004 kB
MemFree:          127376 kB
Active:           346080 kB
Mem:          3.8G       3.7G       124M       5.7M        20M       3.2G

MemTotal:        4016004 kB
MemFree:          127624 kB
Active:           346064 kB
Mem:          3.8G       3.7G       124M       5.7M        20M       3.2G

MemTotal:        4016004 kB
MemFree:          127624 kB
Active:           346068 kB
Mem:          3.8G       3.7G       124M       5.7M        20M       3.2G

MemTotal:        4016004 kB
MemFree:          127128 kB
Active:           346120 kB
Mem:          3.8G       3.7G       124M       5.7M        20M       3.2G

MemTotal:        4016004 kB
MemFree:          127500 kB
Active:           346104 kB
Mem:          3.8G       3.7G       124M       5.7M        20M       3.2G

MemTotal:        4016004 kB
MemFree:          127624 kB
Active:           346120 kB
Mem:          3.8G       3.7G       124M       5.7M        20M       3.2G

MemTotal:        4016004 kB
MemFree:          127252 kB
Active:           346096 kB
Mem:          3.8G       3.7G       124M       5.7M        20M       3.2G

MemTotal:        4016004 kB
MemFree:          127500 kB
Active:           346124 kB
Mem:          3.8G       3.7G       124M       5.7M        20M       3.2G

MemTotal:        4016004 kB
MemFree:          126880 kB
Active:           346136 kB
Mem:          3.8G       3.7G       124M       5.7M        20M       3.2G

MemTotal:        4016004 kB
MemFree:          126756 kB
Active:           346136 kB
Mem:          3.8G       3.7G       124M       5.7M        20M       3.2G

MemTotal:        4016004 kB
MemFree:          126880 kB
Active:           346136 kB
Mem:          3.8G       3.7G       124M       5.7M        20M       3.2G

MemTotal:        4016004 kB
MemFree:          127128 kB
Active:           346100 kB
Mem:          3.8G       3.7G       124M       5.7M        20M       3.2G

MemTotal:        4016004 kB
MemFree:          126804 kB
Active:           346144 kB
Mem:          3.8G       3.7G       123M       5.7M        20M       3.2G

MemTotal:        4016004 kB
MemFree:          126556 kB
Active:           346144 kB
Mem:          3.8G       3.7G       123M       5.7M        20M       3.2G

MemTotal:        4016004 kB
MemFree:          127548 kB
Active:           346108 kB
Mem:          3.8G       3.7G       124M       5.7M        20M       3.2G

MemTotal:        4016004 kB
MemFree:          126928 kB
Active:           346152 kB
Mem:          3.8G       3.7G       124M       5.7M        20M       3.2G

MemTotal:        4016004 kB
MemFree:          126772 kB
Active:           346864 kB
Mem:          3.8G       3.7G       123M       5.7M        20M       3.2G

MemTotal:        4016004 kB
MemFree:          117656 kB
Active:           353844 kB
Mem:          3.8G       3.7G       115M       5.7M        28M       3.2G

MemTotal:        4016004 kB
MemFree:          117952 kB
Active:           353896 kB
Mem:          3.8G       3.7G       114M       5.7M        28M       3.2G

MemTotal:        4016004 kB
MemFree:          117952 kB
Active:           353888 kB
Mem:          3.8G       3.7G       115M       5.7M        28M       3.2G

MemTotal:        4016004 kB
MemFree:          118200 kB
Active:           353916 kB
Mem:          3.8G       3.7G       115M       5.7M        28M       3.2G

MemTotal:        4016004 kB
MemFree:          117828 kB
Active:           353868 kB
Mem:          3.8G       3.7G       114M       5.7M        28M       3.2G

MemTotal:        4016004 kB
MemFree:          117084 kB
Active:           353924 kB
Mem:          3.8G       3.7G       114M       5.7M        28M       3.2G

MemTotal:        4016004 kB
MemFree:          117332 kB
Active:           353896 kB
Mem:          3.8G       3.7G       114M       5.7M        28M       3.2G

MemTotal:        4016004 kB
MemFree:          117952 kB
Active:           353920 kB
Mem:          3.8G       3.7G       115M       5.7M        28M       3.2G

MemTotal:        4016004 kB
MemFree:          118108 kB
Active:           353912 kB
Mem:          3.8G       3.7G       115M       5.7M        28M       3.2G

MemTotal:        4016004 kB
MemFree:          117736 kB
Active:           353932 kB
Mem:          3.8G       3.7G       115M       5.7M        28M       3.2G

MemTotal:        4016004 kB
MemFree:          117736 kB
Active:           353908 kB
Mem:          3.8G       3.7G       115M       5.7M        28M       3.2G

MemTotal:        4016004 kB
MemFree:          117876 kB
Active:           353888 kB
Mem:          3.8G       3.7G       115M       5.7M        28M       3.2G

MemTotal:        4016004 kB
MemFree:          115456 kB
Active:           353888 kB
Mem:          3.8G       3.7G       112M       5.7M        28M       3.2G

MemTotal:        4016004 kB
MemFree:          115084 kB
Active:           355924 kB
Mem:          3.8G       3.7G       112M       5.7M        28M       3.2G

MemTotal:        4016004 kB
MemFree:          115208 kB
Active:           355904 kB
Mem:          3.8G       3.7G       112M       5.7M        28M       3.2G

MemTotal:        4016004 kB
MemFree:          115456 kB
Active:           355940 kB
Mem:          3.8G       3.7G       112M       5.7M        28M       3.2G

MemTotal:        4016004 kB
MemFree:          115208 kB
Active:           355960 kB
Mem:          3.8G       3.7G       112M       5.7M        28M       3.2G

MemTotal:        4016004 kB
MemFree:          115704 kB
Active:           355956 kB
Mem:          3.8G       3.7G       112M       5.7M        28M       3.2G

MemTotal:        4016004 kB
MemFree:          115704 kB
Active:           355944 kB
Mem:          3.8G       3.7G       112M       5.7M        28M       3.2G

MemTotal:        4016004 kB
MemFree:          115704 kB
Active:           355952 kB
Mem:          3.8G       3.7G       112M       5.7M        28M       3.2G

MemTotal:        4016004 kB
MemFree:          115456 kB
Active:           355928 kB
Mem:          3.8G       3.7G       112M       5.7M        28M       3.2G

MemTotal:        4016004 kB
MemFree:          115580 kB
Active:           355908 kB
Mem:          3.8G       3.7G       112M       5.7M        28M       3.2G

MemTotal:        4016004 kB
MemFree:          115704 kB
Active:           355924 kB
Mem:          3.8G       3.7G       112M       5.7M        28M       3.2G

MemTotal:        4016004 kB
MemFree:          115456 kB
Active:           355924 kB
Mem:          3.8G       3.7G       112M       5.7M        28M       3.2G

MemTotal:        4016004 kB
MemFree:          115084 kB
Active:           355920 kB
Mem:          3.8G       3.7G       112M       5.7M        28M       3.2G

MemTotal:        4016004 kB
MemFree:          115332 kB
Active:           355952 kB
Mem:          3.8G       3.7G       112M       5.7M        28M       3.2G

MemTotal:        4016004 kB
MemFree:          115208 kB
Active:           355960 kB
Mem:          3.8G       3.7G       112M       5.7M        28M       3.2G

MemTotal:        4016004 kB
MemFree:          115084 kB
Active:           355972 kB
Mem:          3.8G       3.7G       112M       5.7M        28M       3.2G

MemTotal:        4016004 kB
MemFree:          115084 kB
Active:           355944 kB
Mem:          3.8G       3.7G       112M       5.7M        28M       3.2G

MemTotal:        4016004 kB
MemFree:          114712 kB
Active:           355976 kB
Mem:          3.8G       3.7G       112M       5.7M        28M       3.2G

MemTotal:        4016004 kB
MemFree:          115084 kB
Active:           355972 kB
Mem:          3.8G       3.7G       112M       5.7M        28M       3.2G

MemTotal:        4016004 kB
MemFree:          114836 kB
Active:           355980 kB
Mem:          3.8G       3.7G       112M       5.7M        28M       3.2G

MemTotal:        4016004 kB
MemFree:          115580 kB
Active:           355968 kB
Mem:          3.8G       3.7G       112M       5.7M        28M       3.2G

MemTotal:        4016004 kB
MemFree:          115828 kB
Active:           355932 kB
Mem:          3.8G       3.7G       113M       5.7M        28M       3.2G

MemTotal:        4016004 kB
MemFree:          115456 kB
Active:           355980 kB
Mem:          3.8G       3.7G       113M       5.7M        28M       3.2G

MemTotal:        4016004 kB
MemFree:          115580 kB
Active:           355972 kB
Mem:          3.8G       3.7G       112M       5.7M        28M       3.2G

MemTotal:        4016004 kB
MemFree:          115704 kB
Active:           355944 kB
Mem:          3.8G       3.7G       112M       5.7M        28M       3.2G

MemTotal:        4016004 kB
MemFree:          115580 kB
Active:           355968 kB
Mem:          3.8G       3.7G       112M       5.7M        28M       3.2G

MemTotal:        4016004 kB
MemFree:          116076 kB
Active:           355944 kB
Mem:          3.8G       3.7G       113M       5.7M        28M       3.2G

MemTotal:        4016004 kB
MemFree:          116076 kB
Active:           355960 kB
Mem:          3.8G       3.7G       113M       5.7M        28M       3.2G

MemTotal:        4016004 kB
MemFree:          115456 kB
Active:           355988 kB
Mem:          3.8G       3.7G       112M       5.7M        28M       3.2G

MemTotal:        4016004 kB
MemFree:          115704 kB
Active:           355956 kB
Mem:          3.8G       3.7G       112M       5.7M        28M       3.2G

MemTotal:        4016004 kB
MemFree:          115704 kB
Active:           355984 kB
Mem:          3.8G       3.7G       113M       5.7M        28M       3.2G

MemTotal:        4016004 kB
MemFree:          115208 kB
Active:           355988 kB
Mem:          3.8G       3.7G       112M       5.7M        28M       3.2G

MemTotal:        4016004 kB
MemFree:          115456 kB
Active:           355960 kB
Mem:          3.8G       3.7G       112M       5.7M        28M       3.2G

MemTotal:        4016004 kB
MemFree:          115456 kB
Active:           355968 kB
Mem:          3.8G       3.7G       112M       5.7M        28M       3.2G

MemTotal:        4016004 kB
MemFree:          115332 kB
Active:           355956 kB
Mem:          3.8G       3.7G       112M       5.7M        28M       3.2G

MemTotal:        4016004 kB
MemFree:          115208 kB
Active:           355992 kB
Mem:          3.8G       3.7G       112M       5.7M        28M       3.2G

MemTotal:        4016004 kB
MemFree:          115332 kB
Active:           355984 kB
Mem:          3.8G       3.7G       112M       5.7M        28M       3.2G

MemTotal:        4016004 kB
MemFree:          115580 kB
Active:           355964 kB
Mem:          3.8G       3.7G       112M       5.7M        28M       3.2G

MemTotal:        4016004 kB
MemFree:          115580 kB
Active:           355996 kB
Mem:          3.8G       3.7G       112M       5.7M        28M       3.2G

MemTotal:        4016004 kB
MemFree:          115456 kB
Active:           355976 kB
Mem:          3.8G       3.7G       112M       5.7M        28M       3.2G

MemTotal:        4016004 kB
MemFree:          115456 kB
Active:           355996 kB
Mem:          3.8G       3.7G       112M       5.7M        28M       3.2G

MemTotal:        4016004 kB
MemFree:          115704 kB
Active:           355980 kB
Mem:          3.8G       3.7G       113M       5.7M        28M       3.2G

MemTotal:        4016004 kB
MemFree:          115332 kB
Active:           356012 kB
Mem:          3.8G       3.7G       112M       5.7M        28M       3.2G

MemTotal:        4016004 kB
MemFree:          114960 kB
Active:           356020 kB
Mem:          3.8G       3.7G       112M       5.7M        28M       3.2G

MemTotal:        4016004 kB
MemFree:          115332 kB
Active:           356000 kB
Mem:          3.8G       3.7G       112M       5.7M        28M       3.2G

MemTotal:        4016004 kB
MemFree:          114836 kB
Active:           356024 kB
Mem:          3.8G       3.7G       112M       5.7M        28M       3.2G

MemTotal:        4016004 kB
MemFree:          115208 kB
Active:           356028 kB
Mem:          3.8G       3.7G       112M       5.7M        28M       3.2G

MemTotal:        4016004 kB
MemFree:          115084 kB
Active:           356028 kB
Mem:          3.8G       3.7G       112M       5.7M        28M       3.2G

MemTotal:        4016004 kB
MemFree:          115084 kB
Active:           356000 kB
Mem:          3.8G       3.7G       112M       5.7M        28M       3.2G

MemTotal:        4016004 kB
MemFree:          114712 kB
Active:           356036 kB
Mem:          3.8G       3.7G       112M       5.7M        28M       3.2G

MemTotal:        4016004 kB
MemFree:          114836 kB
Active:           356036 kB
Mem:          3.8G       3.7G       112M       5.7M        28M       3.2G

MemTotal:        4016004 kB
MemFree:          115208 kB
Active:           356000 kB
Mem:          3.8G       3.7G       112M       5.7M        28M       3.2G

MemTotal:        4016004 kB
MemFree:          115332 kB
Active:           355984 kB
Mem:          3.8G       3.7G       112M       5.7M        28M       3.2G

MemTotal:        4016004 kB
MemFree:          115332 kB
Active:           356024 kB
Mem:          3.8G       3.7G       112M       5.7M        28M       3.2G

MemTotal:        4016004 kB
MemFree:          115580 kB
Active:           356012 kB
Mem:          3.8G       3.7G       112M       5.7M        28M       3.2G

MemTotal:        4016004 kB
MemFree:          115704 kB
Active:           355992 kB
Mem:          3.8G       3.7G       112M       5.7M        28M       3.2G

MemTotal:        4016004 kB
MemFree:          115580 kB
Active:           356036 kB
Mem:          3.8G       3.7G       112M       5.7M        28M       3.2G

MemTotal:        4016004 kB
MemFree:          115580 kB
Active:           356032 kB
Mem:          3.8G       3.7G       112M       5.7M        28M       3.2G

MemTotal:        4016004 kB
MemFree:          115332 kB
Active:           356056 kB
Mem:          3.8G       3.7G       112M       5.7M        28M       3.2G

MemTotal:        4016004 kB
MemFree:          115580 kB
Active:           356052 kB
Mem:          3.8G       3.7G       112M       5.7M        28M       3.2G

MemTotal:        4016004 kB
MemFree:          114836 kB
Active:           356060 kB
Mem:          3.8G       3.7G       112M       5.7M        28M       3.2G

MemTotal:        4016004 kB
MemFree:          115332 kB
Active:           356044 kB
Mem:          3.8G       3.7G       112M       5.7M        28M       3.2G

MemTotal:        4016004 kB
MemFree:          115208 kB
Active:           356008 kB
Mem:          3.8G       3.7G       112M       5.7M        28M       3.2G

MemTotal:        4016004 kB
MemFree:          115580 kB
Active:           356048 kB
Mem:          3.8G       3.7G       112M       5.7M        28M       3.2G

MemTotal:        4016004 kB
MemFree:          115704 kB
Active:           356028 kB
Mem:          3.8G       3.7G       113M       5.7M        28M       3.2G

MemTotal:        4016004 kB
MemFree:          115580 kB
Active:           356024 kB
Mem:          3.8G       3.7G       112M       5.7M        28M       3.2G

MemTotal:        4016004 kB
MemFree:          115580 kB
Active:           356012 kB
Mem:          3.8G       3.7G       112M       5.7M        28M       3.2G

MemTotal:        4016004 kB
MemFree:          115580 kB
Active:           356024 kB
Mem:          3.8G       3.7G       112M       5.7M        28M       3.2G

MemTotal:        4016004 kB
MemFree:          115456 kB
Active:           356016 kB
Mem:          3.8G       3.7G       113M       5.7M        28M       3.2G

MemTotal:        4016004 kB
MemFree:          115952 kB
Active:           356056 kB
Mem:          3.8G       3.7G       113M       5.7M        28M       3.2G

MemTotal:        4016004 kB
MemFree:          115456 kB
Active:           356016 kB
Mem:          3.8G       3.7G       112M       5.7M        28M       3.2G

MemTotal:        4016004 kB
MemFree:          115580 kB
Active:           356064 kB
Mem:          3.8G       3.7G       112M       5.7M        28M       3.2G

MemTotal:        4016004 kB
MemFree:          115456 kB
Active:           356040 kB
Mem:          3.8G       3.7G       112M       5.7M        28M       3.2G

MemTotal:        4016004 kB
MemFree:          115456 kB
Active:           356036 kB
Mem:          3.8G       3.7G       112M       5.7M        28M       3.2G

MemTotal:        4016004 kB
MemFree:          115456 kB
Active:           356020 kB
Mem:          3.8G       3.7G       112M       5.7M        28M       3.2G

MemTotal:        4016004 kB
MemFree:          115580 kB
Active:           356052 kB
Mem:          3.8G       3.7G       112M       5.7M        28M       3.2G

MemTotal:        4016004 kB
MemFree:          115456 kB
Active:           356032 kB
Mem:          3.8G       3.7G       112M       5.7M        28M       3.2G

MemTotal:        4016004 kB
MemFree:          115580 kB
Active:           356072 kB
Mem:          3.8G       3.7G       112M       5.7M        28M       3.2G

MemTotal:        4016004 kB
MemFree:          115456 kB
Active:           356052 kB
Mem:          3.8G       3.7G       112M       5.7M        28M       3.2G

MemTotal:        4016004 kB
MemFree:          115456 kB
Active:           356028 kB
Mem:          3.8G       3.7G       112M       5.7M        28M       3.2G

MemTotal:        4016004 kB
MemFree:          115456 kB
Active:           356076 kB
Mem:          3.8G       3.7G       112M       5.7M        28M       3.2G

MemTotal:        4016004 kB
MemFree:          115580 kB
Active:           356060 kB
Mem:          3.8G       3.7G       112M       5.7M        28M       3.2G

MemTotal:        4016004 kB
MemFree:          115456 kB
Active:           356048 kB
Mem:          3.8G       3.7G       112M       5.7M        28M       3.2G

MemTotal:        4016004 kB
MemFree:          115456 kB
Active:           356080 kB
Mem:          3.8G       3.7G       112M       5.7M        28M       3.2G

MemTotal:        4016004 kB
MemFree:          115456 kB
Active:           356044 kB
Mem:          3.8G       3.7G       112M       5.7M        28M       3.2G

MemTotal:        4016004 kB
MemFree:          115456 kB
Active:           356084 kB
Mem:          3.8G       3.7G       112M       5.7M        28M       3.2G

MemTotal:        4016004 kB
MemFree:          115456 kB
Active:           356092 kB
Mem:          3.8G       3.7G       112M       5.7M        28M       3.2G

MemTotal:        4016004 kB
MemFree:          115332 kB
Active:           356064 kB
Mem:          3.8G       3.7G       112M       5.7M        28M       3.2G

MemTotal:        4016004 kB
MemFree:          115332 kB
Active:           356068 kB
Mem:          3.8G       3.7G       112M       5.7M        28M       3.2G

MemTotal:        4016004 kB
MemFree:          115456 kB
Active:           356084 kB
Mem:          3.8G       3.7G       112M       5.7M        28M       3.2G

MemTotal:        4016004 kB
MemFree:          113036 kB
Active:           356096 kB
Mem:          3.8G       3.7G       110M       5.7M        28M       3.2G

MemTotal:        4016004 kB
MemFree:          113284 kB
Active:           358096 kB
Mem:          3.8G       3.7G       110M       5.7M        28M       3.2G

MemTotal:        4016004 kB
MemFree:          113284 kB
Active:           358100 kB
Mem:          3.8G       3.7G       110M       5.7M        28M       3.2G

MemTotal:        4016004 kB
MemFree:          113160 kB
Active:           358108 kB
Mem:          3.8G       3.7G       110M       5.7M        28M       3.2G

MemTotal:        4016004 kB
MemFree:          113160 kB
Active:           358116 kB
Mem:          3.8G       3.7G       110M       5.7M        28M       3.2G

MemTotal:        4016004 kB
MemFree:          113408 kB
Active:           358152 kB
Mem:          3.8G       3.7G       110M       5.7M        28M       3.2G

MemTotal:        4016004 kB
MemFree:          113284 kB
Active:           358164 kB
Mem:          3.8G       3.7G       110M       5.7M        28M       3.2G

MemTotal:        4016004 kB
MemFree:          113408 kB
Active:           358132 kB
Mem:          3.8G       3.7G       110M       5.7M        28M       3.2G

MemTotal:        4016004 kB
MemFree:          113408 kB
Active:           358168 kB
Mem:          3.8G       3.7G       110M       5.7M        28M       3.2G

MemTotal:        4016004 kB
MemFree:          113408 kB
Active:           358156 kB
Mem:          3.8G       3.7G       110M       5.7M        28M       3.2G

MemTotal:        4016004 kB
MemFree:          113408 kB
Active:           358128 kB
Mem:          3.8G       3.7G       110M       5.7M        28M       3.2G

MemTotal:        4016004 kB
MemFree:          113532 kB
Active:           358160 kB
Mem:          3.8G       3.7G       110M       5.7M        28M       3.2G

MemTotal:        4016004 kB
MemFree:          113656 kB
Active:           358168 kB
Mem:          3.8G       3.7G       111M       5.7M        28M       3.2G

MemTotal:        4016004 kB
MemFree:          113780 kB
Active:           358140 kB
Mem:          3.8G       3.7G       110M       5.7M        28M       3.2G

MemTotal:        4016004 kB
MemFree:          113160 kB
Active:           358188 kB
Mem:          3.8G       3.7G       110M       5.7M        28M       3.2G

MemTotal:        4016004 kB
MemFree:          113036 kB
Active:           358156 kB
Mem:          3.8G       3.7G       110M       5.7M        28M       3.2G

MemTotal:        4016004 kB
MemFree:          113036 kB
Active:           358176 kB
Mem:          3.8G       3.7G       110M       5.7M        28M       3.2G

MemTotal:        4016004 kB
MemFree:          112384 kB
Active:           358164 kB
Mem:          3.8G       3.7G       109M       5.7M        28M       3.2G

MemTotal:        4016004 kB
MemFree:          112664 kB
Active:           358236 kB
Mem:          3.8G       3.7G       110M       5.7M        28M       3.2G

MemTotal:        4016004 kB
MemFree:          112788 kB
Active:           358212 kB
Mem:          3.8G       3.7G       110M       5.7M        28M       3.2G

MemTotal:        4016004 kB
MemFree:          112912 kB
Active:           358256 kB
Mem:          3.8G       3.7G       110M       5.7M        28M       3.2G

MemTotal:        4016004 kB
MemFree:          112664 kB
Active:           358268 kB
Mem:          3.8G       3.7G       110M       5.7M        28M       3.2G

MemTotal:        4016004 kB
MemFree:          113036 kB
Active:           358268 kB
Mem:          3.8G       3.7G       110M       5.7M        28M       3.2G

MemTotal:        4016004 kB
MemFree:          113036 kB
Active:           358248 kB
Mem:          3.8G       3.7G       110M       5.7M        28M       3.2G

MemTotal:        4016004 kB
MemFree:          112788 kB
Active:           358368 kB
Mem:          3.8G       3.7G       109M       5.7M        28M       3.2G

MemTotal:        4016004 kB
MemFree:          112292 kB
Active:           358536 kB
Mem:          3.8G       3.7G       109M       5.7M        28M       3.2G

MemTotal:        4016004 kB
MemFree:          112648 kB
Active:           358432 kB
Mem:          3.8G       3.7G       110M       5.7M        28M       3.2G

MemTotal:        4016004 kB
MemFree:          113144 kB
Active:           358424 kB
Mem:          3.8G       3.7G       110M       5.7M        28M       3.2G

MemTotal:        4016004 kB
MemFree:          112656 kB
Active:           358432 kB
Mem:          3.8G       3.7G       110M       5.7M        28M       3.2G

MemTotal:        4016004 kB
MemFree:          113276 kB
Active:           358376 kB
Mem:          3.8G       3.7G       110M       5.7M        28M       3.2G

MemTotal:        4016004 kB
MemFree:          111228 kB
Active:           358428 kB
Mem:          3.8G       3.7G       108M       5.7M        28M       3.2G

MemTotal:        4016004 kB
MemFree:          111228 kB
Active:           358384 kB
Mem:          3.8G       3.7G       108M       5.7M        28M       3.2G

MemTotal:        4016004 kB
MemFree:          111228 kB
Active:           360412 kB
Mem:          3.8G       3.7G       108M       5.7M        28M       3.2G

MemTotal:        4016004 kB
MemFree:          111228 kB
Active:           360460 kB
Mem:          3.8G       3.7G       108M       5.7M        28M       3.2G

