MemTotal:        4016004 kB
MemFree:         3221644 kB
Active:           437192 kB
Mem:          3.8G       775M       3.1G       5.7M        54M       327M

MemTotal:        4016004 kB
MemFree:         3221240 kB
Active:           437684 kB
Mem:          3.8G       776M       3.1G       5.7M        54M       327M

MemTotal:        4016004 kB
MemFree:         3221132 kB
Active:           437728 kB
Mem:          3.8G       776M       3.1G       5.7M        54M       327M

MemTotal:        4016004 kB
MemFree:         3221116 kB
Active:           437772 kB
Mem:          3.8G       776M       3.1G       5.7M        54M       327M

MemTotal:        4016004 kB
MemFree:         3220976 kB
Active:           437768 kB
Mem:          3.8G       776M       3.1G       5.7M        54M       327M

MemTotal:        4016004 kB
MemFree:         3220836 kB
Active:           437760 kB
Mem:          3.8G       776M       3.1G       5.7M        54M       327M

MemTotal:        4016004 kB
MemFree:         3221068 kB
Active:           437796 kB
Mem:          3.8G       776M       3.1G       5.7M        54M       327M

MemTotal:        4016004 kB
MemFree:         3220572 kB
Active:           437780 kB
Mem:          3.8G       776M       3.1G       5.7M        54M       327M

MemTotal:        4016004 kB
MemFree:         3220448 kB
Active:           437756 kB
Mem:          3.8G       776M       3.1G       5.7M        54M       327M

MemTotal:        4016004 kB
MemFree:         3220572 kB
Active:           437800 kB
Mem:          3.8G       776M       3.1G       5.7M        54M       327M

MemTotal:        4016004 kB
MemFree:         3220572 kB
Active:           437800 kB
Mem:          3.8G       776M       3.1G       5.7M        54M       327M

MemTotal:        4016004 kB
MemFree:         3220696 kB
Active:           437768 kB
Mem:          3.8G       776M       3.1G       5.7M        54M       327M

MemTotal:        4016004 kB
MemFree:         3220572 kB
Active:           437792 kB
Mem:          3.8G       776M       3.1G       5.7M        54M       327M

MemTotal:        4016004 kB
MemFree:         3220668 kB
Active:           435816 kB
Mem:          3.8G       776M       3.1G       5.7M        54M       327M

MemTotal:        4016004 kB
MemFree:         3220796 kB
Active:           437764 kB
Mem:          3.8G       776M       3.1G       5.7M        54M       327M

MemTotal:        4016004 kB
MemFree:         3221060 kB
Active:           437792 kB
Mem:          3.8G       776M       3.1G       5.7M        54M       327M

MemTotal:        4016004 kB
MemFree:         3221044 kB
Active:           437800 kB
Mem:          3.8G       776M       3.1G       5.7M        54M       327M

MemTotal:        4016004 kB
MemFree:         3221292 kB
Active:           437792 kB
Mem:          3.8G       776M       3.1G       5.7M        54M       327M

MemTotal:        4016004 kB
MemFree:         3220780 kB
Active:           437816 kB
Mem:          3.8G       776M       3.1G       5.7M        54M       327M

MemTotal:        4016004 kB
MemFree:         3220904 kB
Active:           437784 kB
Mem:          3.8G       776M       3.1G       5.7M        54M       327M

MemTotal:        4016004 kB
MemFree:         3220980 kB
Active:           437776 kB
Mem:          3.8G       776M       3.1G       5.7M        54M       327M

MemTotal:        4016004 kB
MemFree:         3221012 kB
Active:           437796 kB
Mem:          3.8G       776M       3.1G       5.7M        54M       327M

MemTotal:        4016004 kB
MemFree:         3220608 kB
Active:           437824 kB
Mem:          3.8G       776M       3.1G       5.7M        54M       327M

MemTotal:        4016004 kB
MemFree:         3221056 kB
Active:           437896 kB
Mem:          3.8G       776M       3.1G       5.7M        54M       327M

MemTotal:        4016004 kB
MemFree:         3220948 kB
Active:           437856 kB
Mem:          3.8G       776M       3.1G       5.7M        54M       327M

MemTotal:        4016004 kB
MemFree:         3221104 kB
Active:           437796 kB
Mem:          3.8G       776M       3.1G       5.7M        54M       327M

MemTotal:        4016004 kB
MemFree:         3221104 kB
Active:           437768 kB
Mem:          3.8G       776M       3.1G       5.7M        54M       327M

MemTotal:        4016004 kB
MemFree:         3221104 kB
Active:           437808 kB
Mem:          3.8G       776M       3.1G       5.7M        54M       327M

MemTotal:        4016004 kB
MemFree:         3220848 kB
Active:           437932 kB
Mem:          3.8G       776M       3.1G       5.7M        54M       327M

MemTotal:        4016004 kB
MemFree:         3220756 kB
Active:           437904 kB
Mem:          3.8G       776M       3.1G       5.7M        54M       327M

MemTotal:        4016004 kB
MemFree:         3220808 kB
Active:           437852 kB
Mem:          3.8G       776M       3.1G       5.7M        54M       327M

MemTotal:        4016004 kB
MemFree:         3220452 kB
Active:           437960 kB
Mem:          3.8G       776M       3.1G       5.7M        54M       327M

MemTotal:        4016004 kB
MemFree:         3220600 kB
Active:           437960 kB
Mem:          3.8G       776M       3.1G       5.7M        54M       327M

MemTotal:        4016004 kB
MemFree:         3220684 kB
Active:           437816 kB
Mem:          3.8G       776M       3.1G       5.7M        54M       327M

MemTotal:        4016004 kB
MemFree:         3220560 kB
Active:           437848 kB
Mem:          3.8G       776M       3.1G       5.7M        54M       327M

MemTotal:        4016004 kB
MemFree:         3220352 kB
Active:           437944 kB
Mem:          3.8G       776M       3.1G       5.7M        54M       327M

MemTotal:        4016004 kB
MemFree:         3220608 kB
Active:           437828 kB
Mem:          3.8G       776M       3.1G       5.7M        54M       327M

MemTotal:        4016004 kB
MemFree:         3220764 kB
Active:           437856 kB
Mem:          3.8G       776M       3.1G       5.7M        54M       327M

MemTotal:        4016004 kB
MemFree:         3220484 kB
Active:           437872 kB
Mem:          3.8G       776M       3.1G       5.7M        54M       327M

MemTotal:        4016004 kB
MemFree:         3220484 kB
Active:           437956 kB
Mem:          3.8G       776M       3.1G       5.7M        54M       327M

MemTotal:        4016004 kB
MemFree:         3221012 kB
Active:           437828 kB
Mem:          3.8G       776M       3.1G       5.7M        54M       327M

MemTotal:        4016004 kB
MemFree:         3220872 kB
Active:           437864 kB
Mem:          3.8G       776M       3.1G       5.7M        54M       327M

MemTotal:        4016004 kB
MemFree:         3220748 kB
Active:           437772 kB
Mem:          3.8G       776M       3.1G       5.7M        54M       327M

MemTotal:        4016004 kB
MemFree:         3220792 kB
Active:           435892 kB
Mem:          3.8G       776M       3.1G       5.7M        54M       327M

MemTotal:        4016004 kB
MemFree:         3220948 kB
Active:           437884 kB
Mem:          3.8G       776M       3.1G       5.7M        54M       327M

MemTotal:        4016004 kB
MemFree:         3220668 kB
Active:           437892 kB
Mem:          3.8G       776M       3.1G       5.7M        54M       327M

MemTotal:        4016004 kB
MemFree:         3220064 kB
Active:           437896 kB
Mem:          3.8G       777M       3.1G       5.7M        54M       327M

MemTotal:        4016004 kB
MemFree:         3220296 kB
Active:           437892 kB
Mem:          3.8G       777M       3.1G       5.7M        54M       327M

MemTotal:        4016004 kB
MemFree:         3220700 kB
Active:           437876 kB
Mem:          3.8G       776M       3.1G       5.7M        54M       327M

MemTotal:        4016004 kB
MemFree:         3220336 kB
Active:           438020 kB
Mem:          3.8G       777M       3.1G       5.7M        54M       327M

MemTotal:        4016004 kB
MemFree:         3220268 kB
Active:           437972 kB
Mem:          3.8G       777M       3.1G       5.7M        54M       327M

MemTotal:        4016004 kB
MemFree:         3220168 kB
Active:           437976 kB
Mem:          3.8G       777M       3.1G       5.7M        54M       327M

MemTotal:        4016004 kB
MemFree:         3220468 kB
Active:           437920 kB
Mem:          3.8G       777M       3.1G       5.7M        54M       327M

MemTotal:        4016004 kB
MemFree:         3220416 kB
Active:           435852 kB
Mem:          3.8G       776M       3.1G       5.7M        54M       327M

MemTotal:        4016004 kB
MemFree:         3220432 kB
Active:           438056 kB
Mem:          3.8G       776M       3.1G       5.7M        54M       327M

MemTotal:        4016004 kB
MemFree:         3220556 kB
Active:           437888 kB
Mem:          3.8G       776M       3.1G       5.7M        54M       327M

MemTotal:        4016004 kB
MemFree:         3220540 kB
Active:           437928 kB
Mem:          3.8G       776M       3.1G       5.7M        54M       327M

MemTotal:        4016004 kB
MemFree:         3220540 kB
Active:           437764 kB
Mem:          3.8G       776M       3.1G       5.7M        54M       327M

MemTotal:        4016004 kB
MemFree:         3220788 kB
Active:           437900 kB
Mem:          3.8G       776M       3.1G       5.7M        54M       327M

MemTotal:        4016004 kB
MemFree:         3220276 kB
Active:           437824 kB
Mem:          3.8G       777M       3.1G       5.7M        54M       327M

MemTotal:        4016004 kB
MemFree:         3220384 kB
Active:           437852 kB
Mem:          3.8G       777M       3.1G       5.7M        54M       327M

MemTotal:        4016004 kB
MemFree:         3220712 kB
Active:           437780 kB
Mem:          3.8G       776M       3.1G       5.7M        54M       327M

MemTotal:        4016004 kB
MemFree:         3220480 kB
Active:           438040 kB
Mem:          3.8G       776M       3.1G       5.7M        54M       327M

MemTotal:        4016004 kB
MemFree:         3220816 kB
Active:           435856 kB
Mem:          3.8G       776M       3.1G       5.7M        54M       327M

MemTotal:        4016004 kB
MemFree:         3220816 kB
Active:           437924 kB
Mem:          3.8G       776M       3.1G       5.7M        54M       327M

MemTotal:        4016004 kB
MemFree:         3220816 kB
Active:           437912 kB
Mem:          3.8G       776M       3.1G       5.7M        54M       327M

MemTotal:        4016004 kB
MemFree:         3220568 kB
Active:           437916 kB
Mem:          3.8G       776M       3.1G       5.7M        54M       327M

MemTotal:        4016004 kB
MemFree:         3220940 kB
Active:           437932 kB
Mem:          3.8G       776M       3.1G       5.7M        54M       327M

MemTotal:        4016004 kB
MemFree:         3221064 kB
Active:           437916 kB
Mem:          3.8G       776M       3.1G       5.7M        54M       327M

MemTotal:        4016004 kB
MemFree:         3220568 kB
Active:           437964 kB
Mem:          3.8G       776M       3.1G       5.7M        54M       327M

MemTotal:        4016004 kB
MemFree:         3220196 kB
Active:           437968 kB
Mem:          3.8G       776M       3.1G       5.7M        54M       327M

MemTotal:        4016004 kB
MemFree:         3220692 kB
Active:           437924 kB
Mem:          3.8G       776M       3.1G       5.7M        54M       327M

MemTotal:        4016004 kB
MemFree:         3220552 kB
Active:           437932 kB
Mem:          3.8G       776M       3.1G       5.7M        54M       327M

MemTotal:        4016004 kB
MemFree:         3220784 kB
Active:           437920 kB
Mem:          3.8G       776M       3.1G       5.7M        54M       327M

MemTotal:        4016004 kB
MemFree:         3220892 kB
Active:           437928 kB
Mem:          3.8G       776M       3.1G       5.7M        54M       327M

MemTotal:        4016004 kB
MemFree:         3220768 kB
Active:           437928 kB
Mem:          3.8G       776M       3.1G       5.7M        54M       327M

MemTotal:        4016004 kB
MemFree:         3220768 kB
Active:           437956 kB
Mem:          3.8G       776M       3.1G       5.7M        54M       327M

MemTotal:        4016004 kB
MemFree:         3220396 kB
Active:           437940 kB
Mem:          3.8G       777M       3.1G       5.7M        54M       327M

MemTotal:        4016004 kB
MemFree:         3220504 kB
Active:           437960 kB
Mem:          3.8G       776M       3.1G       5.7M        54M       327M

MemTotal:        4016004 kB
MemFree:         3220504 kB
Active:           437976 kB
Mem:          3.8G       776M       3.1G       5.7M        54M       327M

MemTotal:        4016004 kB
MemFree:         3220504 kB
Active:           437968 kB
Mem:          3.8G       776M       3.1G       5.7M        54M       327M

MemTotal:        4016004 kB
MemFree:         3220488 kB
Active:           437940 kB
Mem:          3.8G       776M       3.1G       5.7M        54M       327M

MemTotal:        4016004 kB
MemFree:         3220488 kB
Active:           437980 kB
Mem:          3.8G       776M       3.1G       5.7M        54M       327M

MemTotal:        4016004 kB
MemFree:         3220176 kB
Active:           435956 kB
Mem:          3.8G       777M       3.1G       5.7M        54M       327M

MemTotal:        4016004 kB
MemFree:         3220160 kB
Active:           437960 kB
Mem:          3.8G       777M       3.1G       5.7M        54M       327M

MemTotal:        4016004 kB
MemFree:         3220332 kB
Active:           437960 kB
Mem:          3.8G       777M       3.1G       5.7M        54M       327M

MemTotal:        4016004 kB
MemFree:         3220332 kB
Active:           437972 kB
Mem:          3.8G       777M       3.1G       5.7M        54M       327M

MemTotal:        4016004 kB
MemFree:         3220456 kB
Active:           438000 kB
Mem:          3.8G       776M       3.1G       5.7M        54M       327M

MemTotal:        4016004 kB
MemFree:         3220828 kB
Active:           437948 kB
Mem:          3.8G       776M       3.1G       5.7M        54M       327M

MemTotal:        4016004 kB
MemFree:         3220580 kB
Active:           438004 kB
Mem:          3.8G       776M       3.1G       5.7M        54M       327M

MemTotal:        4016004 kB
MemFree:         3220332 kB
Active:           438000 kB
Mem:          3.8G       777M       3.1G       5.7M        54M       327M

MemTotal:        4016004 kB
MemFree:         3220084 kB
Active:           438016 kB
Mem:          3.8G       776M       3.1G       5.7M        54M       327M

MemTotal:        4016004 kB
MemFree:         3220952 kB
Active:           437984 kB
Mem:          3.8G       776M       3.1G       5.7M        54M       327M

MemTotal:        4016004 kB
MemFree:         3220704 kB
Active:           438008 kB
Mem:          3.8G       776M       3.1G       5.7M        54M       327M

MemTotal:        4016004 kB
MemFree:         3220580 kB
Active:           437988 kB
Mem:          3.8G       777M       3.1G       5.7M        54M       327M

MemTotal:        4016004 kB
MemFree:         3221060 kB
Active:           437976 kB
Mem:          3.8G       776M       3.1G       5.7M        54M       327M

MemTotal:        4016004 kB
MemFree:         3220920 kB
Active:           438020 kB
Mem:          3.8G       776M       3.1G       5.7M        54M       327M

MemTotal:        4016004 kB
MemFree:         3220984 kB
Active:           438008 kB
Mem:          3.8G       776M       3.1G       5.7M        54M       327M

MemTotal:        4016004 kB
MemFree:         3220984 kB
Active:           437996 kB
Mem:          3.8G       776M       3.1G       5.7M        54M       327M

MemTotal:        4016004 kB
MemFree:         3220984 kB
Active:           437980 kB
Mem:          3.8G       776M       3.1G       5.7M        54M       327M

MemTotal:        4016004 kB
MemFree:         3220828 kB
Active:           437996 kB
Mem:          3.8G       776M       3.1G       5.7M        54M       327M

MemTotal:        4016004 kB
MemFree:         3178056 kB
Active:           438568 kB
Mem:          3.8G       818M       3.0G       5.7M        55M       368M

MemTotal:        4016004 kB
MemFree:         3132700 kB
Active:           438588 kB
Mem:          3.8G       862M       3.0G       5.7M        55M       411M

MemTotal:        4016004 kB
MemFree:         3084240 kB
Active:           440668 kB
Mem:          3.8G       909M       2.9G       5.7M        55M       454M

MemTotal:        4016004 kB
MemFree:         3039256 kB
Active:           442740 kB
Mem:          3.8G       954M       2.9G       5.7M        55M       498M

MemTotal:        4016004 kB
MemFree:         2994256 kB
Active:           442760 kB
Mem:          3.8G       997M       2.9G       5.7M        55M       541M

MemTotal:        4016004 kB
MemFree:         2949520 kB
Active:           442752 kB
Mem:          3.8G       1.0G       2.8G       5.7M        55M       584M

MemTotal:        4016004 kB
MemFree:         2904040 kB
Active:           442820 kB
Mem:          3.8G       1.1G       2.8G       5.7M        55M       627M

MemTotal:        4016004 kB
MemFree:         2859452 kB
Active:           442848 kB
Mem:          3.8G       1.1G       2.7G       5.7M        55M       670M

MemTotal:        4016004 kB
MemFree:         2814484 kB
Active:           442868 kB
Mem:          3.8G       1.1G       2.7G       5.7M        55M       713M

MemTotal:        4016004 kB
MemFree:         2769780 kB
Active:           442888 kB
Mem:          3.8G       1.2G       2.6G       5.7M        55M       757M

MemTotal:        4016004 kB
MemFree:         2741444 kB
Active:           442920 kB
Mem:          3.8G       1.2G       2.6G       5.7M        55M       784M

MemTotal:        4016004 kB
MemFree:         2706056 kB
Active:           442944 kB
Mem:          3.8G       1.2G       2.6G       5.7M        55M       818M

MemTotal:        4016004 kB
MemFree:         2664420 kB
Active:           442964 kB
Mem:          3.8G       1.3G       2.5G       5.7M        55M       858M

MemTotal:        4016004 kB
MemFree:         2663620 kB
Active:           442928 kB
Mem:          3.8G       1.3G       2.5G       5.7M        55M       858M

MemTotal:        4016004 kB
MemFree:         2618452 kB
Active:           442996 kB
Mem:          3.8G       1.3G       2.5G       5.7M        55M       902M

MemTotal:        4016004 kB
MemFree:         2573240 kB
Active:           443024 kB
Mem:          3.8G       1.4G       2.5G       5.7M        55M       945M

MemTotal:        4016004 kB
MemFree:         2567400 kB
Active:           443036 kB
Mem:          3.8G       1.4G       2.4G       5.7M        55M       952M

MemTotal:        4016004 kB
MemFree:         2522044 kB
Active:           443056 kB
Mem:          3.8G       1.4G       2.4G       5.7M        55M       995M

MemTotal:        4016004 kB
MemFree:         2477168 kB
Active:           443080 kB
Mem:          3.8G       1.5G       2.4G       5.7M        55M       1.0G

MemTotal:        4016004 kB
MemFree:         2432044 kB
Active:           443108 kB
Mem:          3.8G       1.5G       2.3G       5.7M        55M       1.1G

MemTotal:        4016004 kB
MemFree:         2387432 kB
Active:           443128 kB
Mem:          3.8G       1.6G       2.3G       5.7M        55M       1.1G

MemTotal:        4016004 kB
MemFree:         2342076 kB
Active:           443160 kB
Mem:          3.8G       1.6G       2.2G       5.7M        55M       1.1G

MemTotal:        4016004 kB
MemFree:         2296956 kB
Active:           443180 kB
Mem:          3.8G       1.6G       2.2G       5.7M        55M       1.2G

MemTotal:        4016004 kB
MemFree:         2252116 kB
Active:           443200 kB
Mem:          3.8G       1.7G       2.1G       5.7M        55M       1.2G

MemTotal:        4016004 kB
MemFree:         2210284 kB
Active:           443236 kB
Mem:          3.8G       1.7G       2.1G       5.7M        55M       1.3G

MemTotal:        4016004 kB
MemFree:         2209136 kB
Active:           443252 kB
Mem:          3.8G       1.7G       2.1G       5.7M        55M       1.3G

MemTotal:        4016004 kB
MemFree:         2208392 kB
Active:           443268 kB
Mem:          3.8G       1.7G       2.1G       5.7M        55M       1.3G

MemTotal:        4016004 kB
MemFree:         2208552 kB
Active:           443272 kB
Mem:          3.8G       1.7G       2.1G       5.7M        55M       1.3G

MemTotal:        4016004 kB
MemFree:         2208716 kB
Active:           443272 kB
Mem:          3.8G       1.7G       2.1G       5.7M        55M       1.3G

MemTotal:        4016004 kB
MemFree:         2165344 kB
Active:           443292 kB
Mem:          3.8G       1.8G       2.1G       5.7M        55M       1.3G

MemTotal:        4016004 kB
MemFree:         2121104 kB
Active:           443280 kB
Mem:          3.8G       1.8G       2.0G       5.7M        55M       1.3G

MemTotal:        4016004 kB
MemFree:         2075732 kB
Active:           443340 kB
Mem:          3.8G       1.9G       2.0G       5.7M        55M       1.4G

MemTotal:        4016004 kB
MemFree:         2031244 kB
Active:           443332 kB
Mem:          3.8G       1.9G       1.9G       5.7M        55M       1.4G

MemTotal:        4016004 kB
MemFree:         1985640 kB
Active:           443392 kB
Mem:          3.8G       1.9G       1.9G       5.7M        55M       1.5G

MemTotal:        4016004 kB
MemFree:         1941028 kB
Active:           443372 kB
Mem:          3.8G       2.0G       1.9G       5.7M        55M       1.5G

MemTotal:        4016004 kB
MemFree:         1895532 kB
Active:           443440 kB
Mem:          3.8G       2.0G       1.8G       5.7M        55M       1.6G

MemTotal:        4016004 kB
MemFree:         1850916 kB
Active:           443472 kB
Mem:          3.8G       2.1G       1.8G       5.7M        55M       1.6G

MemTotal:        4016004 kB
MemFree:         1805268 kB
Active:           443492 kB
Mem:          3.8G       2.1G       1.7G       5.7M        55M       1.6G

MemTotal:        4016004 kB
MemFree:         1760268 kB
Active:           443472 kB
Mem:          3.8G       2.2G       1.7G       5.7M        55M       1.7G

MemTotal:        4016004 kB
MemFree:         1748124 kB
Active:           443536 kB
Mem:          3.8G       2.2G       1.7G       5.7M        55M       1.7G

MemTotal:        4016004 kB
MemFree:         1703496 kB
Active:           443516 kB
Mem:          3.8G       2.2G       1.6G       5.7M        55M       1.7G

MemTotal:        4016004 kB
MemFree:         1658576 kB
Active:           443588 kB
Mem:          3.8G       2.2G       1.6G       5.7M        55M       1.8G

MemTotal:        4016004 kB
MemFree:         1658028 kB
Active:           443588 kB
Mem:          3.8G       2.2G       1.6G       5.7M        55M       1.8G

MemTotal:        4016004 kB
MemFree:         1616972 kB
Active:           443620 kB
Mem:          3.8G       2.3G       1.5G       5.7M        55M       1.8G

MemTotal:        4016004 kB
MemFree:         1572488 kB
Active:           443644 kB
Mem:          3.8G       2.3G       1.5G       5.7M        55M       1.9G

MemTotal:        4016004 kB
MemFree:         1527292 kB
Active:           443668 kB
Mem:          3.8G       2.4G       1.5G       5.7M        55M       1.9G

MemTotal:        4016004 kB
MemFree:         1482624 kB
Active:           443692 kB
Mem:          3.8G       2.4G       1.4G       5.7M        55M       1.9G

MemTotal:        4016004 kB
MemFree:         1437516 kB
Active:           443720 kB
Mem:          3.8G       2.5G       1.4G       5.7M        55M       2.0G

MemTotal:        4016004 kB
MemFree:         1392532 kB
Active:           443744 kB
Mem:          3.8G       2.5G       1.3G       5.7M        55M       2.0G

MemTotal:        4016004 kB
MemFree:         1348540 kB
Active:           443768 kB
Mem:          3.8G       2.5G       1.3G       5.7M        55M       2.1G

MemTotal:        4016004 kB
MemFree:         1303432 kB
Active:           443788 kB
Mem:          3.8G       2.6G       1.2G       5.7M        56M       2.1G

MemTotal:        4016004 kB
MemFree:         1258016 kB
Active:           443816 kB
Mem:          3.8G       2.6G       1.2G       5.7M        56M       2.2G

MemTotal:        4016004 kB
MemFree:         1213960 kB
Active:           445868 kB
Mem:          3.8G       2.7G       1.2G       5.7M        56M       2.2G

MemTotal:        4016004 kB
MemFree:         1181856 kB
Active:           445900 kB
Mem:          3.8G       2.7G       1.1G       5.7M        56M       2.2G

MemTotal:        4016004 kB
MemFree:         1136408 kB
Active:           445924 kB
Mem:          3.8G       2.7G       1.1G       5.7M        56M       2.3G

MemTotal:        4016004 kB
MemFree:         1121236 kB
Active:           445936 kB
Mem:          3.8G       2.8G       1.1G       5.7M        56M       2.3G

MemTotal:        4016004 kB
MemFree:         1090488 kB
Active:           445960 kB
Mem:          3.8G       2.8G       1.0G       5.7M        56M       2.3G

MemTotal:        4016004 kB
MemFree:         1046012 kB
Active:           445984 kB
Mem:          3.8G       2.8G       1.0G       5.7M        56M       2.4G

MemTotal:        4016004 kB
MemFree:         1001280 kB
Active:           446004 kB
Mem:          3.8G       2.9G       977M       5.7M        56M       2.4G

MemTotal:        4016004 kB
MemFree:          956500 kB
Active:           445992 kB
Mem:          3.8G       2.9G       933M       5.7M        56M       2.4G

MemTotal:        4016004 kB
MemFree:          910836 kB
Active:           446056 kB
Mem:          3.8G       3.0G       889M       5.7M        56M       2.5G

MemTotal:        4016004 kB
MemFree:          865464 kB
Active:           446088 kB
Mem:          3.8G       3.0G       845M       5.7M        56M       2.5G

MemTotal:        4016004 kB
MemFree:          820044 kB
Active:           444064 kB
Mem:          3.8G       3.0G       800M       5.7M        56M       2.6G

MemTotal:        4016004 kB
MemFree:          775200 kB
Active:           446136 kB
Mem:          3.8G       3.1G       756M       5.7M        56M       2.6G

MemTotal:        4016004 kB
MemFree:          762416 kB
Active:           446156 kB
Mem:          3.8G       3.1G       744M       5.7M        56M       2.6G

MemTotal:        4016004 kB
MemFree:          709096 kB
Active:           446328 kB
Mem:          3.8G       3.2G       692M       5.7M        56M       2.7G

MemTotal:        4016004 kB
MemFree:          664764 kB
Active:           446204 kB
Mem:          3.8G       3.2G       648M       5.7M        56M       2.7G

MemTotal:        4016004 kB
MemFree:          619160 kB
Active:           446232 kB
Mem:          3.8G       3.2G       604M       5.7M        56M       2.8G

MemTotal:        4016004 kB
MemFree:          588180 kB
Active:           446256 kB
Mem:          3.8G       3.3G       574M       5.7M        56M       2.8G

MemTotal:        4016004 kB
MemFree:          565636 kB
Active:           446272 kB
Mem:          3.8G       3.3G       551M       5.7M        56M       2.8G

MemTotal:        4016004 kB
MemFree:          519816 kB
Active:           446292 kB
Mem:          3.8G       3.3G       507M       5.7M        56M       2.8G

MemTotal:        4016004 kB
MemFree:          496476 kB
Active:           446312 kB
Mem:          3.8G       3.4G       484M       5.7M        56M       2.9G

MemTotal:        4016004 kB
MemFree:          485520 kB
Active:           444264 kB
Mem:          3.8G       3.4G       474M       5.7M        56M       2.9G

MemTotal:        4016004 kB
MemFree:          441016 kB
Active:           446344 kB
Mem:          3.8G       3.4G       430M       5.7M        56M       2.9G

MemTotal:        4016004 kB
MemFree:          395644 kB
Active:           446364 kB
Mem:          3.8G       3.5G       385M       5.7M        56M       3.0G

MemTotal:        4016004 kB
MemFree:          349792 kB
Active:           446388 kB
Mem:          3.8G       3.5G       341M       5.7M        56M       3.0G

MemTotal:        4016004 kB
MemFree:          305692 kB
Active:           446208 kB
Mem:          3.8G       3.5G       298M       5.7M        56M       3.1G

MemTotal:        4016004 kB
MemFree:          260460 kB
Active:           446264 kB
Mem:          3.8G       3.6G       254M       5.7M        56M       3.1G

MemTotal:        4016004 kB
MemFree:          215576 kB
Active:           446288 kB
Mem:          3.8G       3.6G       210M       5.7M        56M       3.1G

MemTotal:        4016004 kB
MemFree:          170068 kB
Active:           446308 kB
Mem:          3.8G       3.7G       165M       5.7M        56M       3.2G

MemTotal:        4016004 kB
MemFree:          155644 kB
Active:           446332 kB
Mem:          3.8G       3.7G       151M       5.7M        56M       3.2G

MemTotal:        4016004 kB
MemFree:          153440 kB
Active:           446340 kB
Mem:          3.8G       3.7G       149M       5.7M        56M       3.2G

MemTotal:        4016004 kB
MemFree:          152932 kB
Active:           444312 kB
Mem:          3.8G       3.7G       149M       5.7M        56M       3.2G

MemTotal:        4016004 kB
MemFree:          152704 kB
Active:           446360 kB
Mem:          3.8G       3.7G       148M       5.7M        56M       3.2G

MemTotal:        4016004 kB
MemFree:          107940 kB
Active:           446380 kB
Mem:          3.8G       3.7G       105M       5.7M        56M       3.2G

MemTotal:        4016004 kB
MemFree:          117020 kB
Active:           452188 kB
Mem:          3.8G       3.7G       112M       5.7M        23M       3.3G

MemTotal:        4016004 kB
MemFree:          110832 kB
Active:           460768 kB
Mem:          3.8G       3.7G       107M       5.7M        23M       3.3G

MemTotal:        4016004 kB
MemFree:          114952 kB
Active:           505580 kB
Mem:          3.8G       3.7G       112M       5.7M        23M       3.3G

MemTotal:        4016004 kB
MemFree:          129240 kB
Active:           501748 kB
Mem:          3.8G       3.7G       125M       5.7M        23M       3.2G

MemTotal:        4016004 kB
MemFree:          146380 kB
Active:           495776 kB
Mem:          3.8G       3.7G       142M       5.7M        23M       3.2G

MemTotal:        4016004 kB
MemFree:          125716 kB
Active:           493876 kB
Mem:          3.8G       3.7G       122M       5.7M        23M       3.3G

MemTotal:        4016004 kB
MemFree:          117860 kB
Active:           488040 kB
Mem:          3.8G       3.7G       114M       5.7M        23M       3.3G

MemTotal:        4016004 kB
MemFree:          108520 kB
Active:           482564 kB
Mem:          3.8G       3.7G       105M       5.7M        23M       3.3G

MemTotal:        4016004 kB
MemFree:          125052 kB
Active:           478884 kB
Mem:          3.8G       3.7G       121M       5.7M        23M       3.3G

MemTotal:        4016004 kB
MemFree:          115140 kB
Active:           475448 kB
Mem:          3.8G       3.7G       112M       5.7M        23M       3.3G

MemTotal:        4016004 kB
MemFree:          135496 kB
Active:           472008 kB
Mem:          3.8G       3.7G       132M       5.7M        23M       3.2G

MemTotal:        4016004 kB
MemFree:          133988 kB
Active:           472032 kB
Mem:          3.8G       3.7G       130M       5.7M        23M       3.2G

MemTotal:        4016004 kB
MemFree:          133468 kB
Active:           472008 kB
Mem:          3.8G       3.7G       129M       5.7M        23M       3.2G

MemTotal:        4016004 kB
MemFree:          133348 kB
Active:           472048 kB
Mem:          3.8G       3.7G       130M       5.7M        23M       3.2G

MemTotal:        4016004 kB
MemFree:          129800 kB
Active:           468732 kB
Mem:          3.8G       3.7G       126M       5.7M        23M       3.2G

MemTotal:        4016004 kB
MemFree:          120884 kB
Active:           465180 kB
Mem:          3.8G       3.7G       117M       5.7M        23M       3.3G

MemTotal:        4016004 kB
MemFree:          122772 kB
Active:           461104 kB
Mem:          3.8G       3.7G       119M       5.7M        23M       3.3G

MemTotal:        4016004 kB
MemFree:          111188 kB
Active:           459952 kB
Mem:          3.8G       3.7G       108M       5.7M        23M       3.3G

MemTotal:        4016004 kB
MemFree:          125508 kB
Active:           458436 kB
Mem:          3.8G       3.7G       122M       5.7M        23M       3.2G

MemTotal:        4016004 kB
MemFree:          126928 kB
Active:           456552 kB
Mem:          3.8G       3.7G       124M       5.7M        23M       3.2G

MemTotal:        4016004 kB
MemFree:          113116 kB
Active:           455040 kB
Mem:          3.8G       3.7G       110M       5.7M        23M       3.3G

MemTotal:        4016004 kB
MemFree:          127800 kB
Active:           453404 kB
Mem:          3.8G       3.7G       124M       5.7M        23M       3.2G

MemTotal:        4016004 kB
MemFree:          124216 kB
Active:           451876 kB
Mem:          3.8G       3.7G       121M       5.7M        23M       3.3G

MemTotal:        4016004 kB
MemFree:          127840 kB
Active:           450636 kB
Mem:          3.8G       3.7G       124M       5.7M        23M       3.2G

MemTotal:        4016004 kB
MemFree:          123008 kB
Active:           449000 kB
Mem:          3.8G       3.7G       119M       5.7M        23M       3.3G

MemTotal:        4016004 kB
MemFree:          107052 kB
Active:           449020 kB
Mem:          3.8G       3.7G       104M       5.7M        23M       3.3G

MemTotal:        4016004 kB
MemFree:          126308 kB
Active:           447376 kB
Mem:          3.8G       3.7G       122M       5.7M        23M       3.2G

MemTotal:        4016004 kB
MemFree:          104652 kB
Active:           446632 kB
Mem:          3.8G       3.7G       115M       5.7M        23M       3.3G

MemTotal:        4016004 kB
MemFree:          125224 kB
Active:           444604 kB
Mem:          3.8G       3.7G       122M       5.7M        23M       3.2G

MemTotal:        4016004 kB
MemFree:          124988 kB
Active:           443228 kB
Mem:          3.8G       3.7G       125M       5.7M        23M       3.2G

MemTotal:        4016004 kB
MemFree:          124716 kB
Active:           441584 kB
Mem:          3.8G       3.7G       121M       5.7M        23M       3.2G

MemTotal:        4016004 kB
MemFree:          127876 kB
Active:           440456 kB
Mem:          3.8G       3.7G       124M       5.7M        23M       3.2G

MemTotal:        4016004 kB
MemFree:          123292 kB
Active:           436824 kB
Mem:          3.8G       3.7G       120M       5.7M        23M       3.3G

MemTotal:        4016004 kB
MemFree:          112328 kB
Active:           436208 kB
Mem:          3.8G       3.7G       109M       5.7M        23M       3.3G

MemTotal:        4016004 kB
MemFree:          125048 kB
Active:           434576 kB
Mem:          3.8G       3.7G       122M       5.7M        23M       3.2G

MemTotal:        4016004 kB
MemFree:          121780 kB
Active:           432944 kB
Mem:          3.8G       3.7G       118M       5.7M        23M       3.3G

MemTotal:        4016004 kB
MemFree:          106736 kB
Active:           431944 kB
Mem:          3.8G       3.7G       103M       5.7M        23M       3.3G

MemTotal:        4016004 kB
MemFree:          127408 kB
Active:           429920 kB
Mem:          3.8G       3.7G       124M       5.7M        23M       3.2G

MemTotal:        4016004 kB
MemFree:          112380 kB
Active:           428800 kB
Mem:          3.8G       3.7G       109M       5.7M        23M       3.3G

MemTotal:        4016004 kB
MemFree:          127600 kB
Active:           427164 kB
Mem:          3.8G       3.7G       124M       5.7M        23M       3.2G

MemTotal:        4016004 kB
MemFree:          121232 kB
Active:           425648 kB
Mem:          3.8G       3.7G       118M       5.7M        23M       3.3G

MemTotal:        4016004 kB
MemFree:          124784 kB
Active:           424396 kB
Mem:          3.8G       3.7G       122M       5.7M        23M       3.2G

MemTotal:        4016004 kB
MemFree:          128516 kB
Active:           423136 kB
Mem:          3.8G       3.7G       125M       5.7M        24M       3.2G

MemTotal:        4016004 kB
MemFree:          121996 kB
Active:           421620 kB
Mem:          3.8G       3.7G       119M       5.7M        24M       3.3G

MemTotal:        4016004 kB
MemFree:          105888 kB
Active:           420888 kB
Mem:          3.8G       3.7G       103M       5.7M        24M       3.3G

MemTotal:        4016004 kB
MemFree:          109180 kB
Active:           419760 kB
Mem:          3.8G       3.7G       106M       5.7M        24M       3.3G

MemTotal:        4016004 kB
MemFree:          130668 kB
Active:           417736 kB
Mem:          3.8G       3.7G       127M       5.7M        24M       3.2G

MemTotal:        4016004 kB
MemFree:          134820 kB
Active:           416092 kB
Mem:          3.8G       3.7G       131M       5.7M        24M       3.2G

MemTotal:        4016004 kB
MemFree:          108504 kB
Active:           416116 kB
Mem:          3.8G       3.7G       105M       5.7M        24M       3.3G

MemTotal:        4016004 kB
MemFree:          108032 kB
Active:           416128 kB
Mem:          3.8G       3.7G       105M       5.7M        24M       3.3G

MemTotal:        4016004 kB
MemFree:          121540 kB
Active:           414988 kB
Mem:          3.8G       3.7G       118M       5.7M        24M       3.3G

MemTotal:        4016004 kB
MemFree:          112540 kB
Active:           411848 kB
Mem:          3.8G       3.7G       109M       5.7M        24M       3.3G

MemTotal:        4016004 kB
MemFree:          115536 kB
Active:           410204 kB
Mem:          3.8G       3.7G       112M       5.7M        24M       3.3G

MemTotal:        4016004 kB
MemFree:          124368 kB
Active:           408180 kB
Mem:          3.8G       3.7G       120M       5.7M        24M       3.2G

MemTotal:        4016004 kB
MemFree:          115716 kB
Active:           407056 kB
Mem:          3.8G       3.7G       112M       5.7M        24M       3.3G

MemTotal:        4016004 kB
MemFree:          106676 kB
Active:           405928 kB
Mem:          3.8G       3.7G       104M       5.7M        24M       3.3G

MemTotal:        4016004 kB
MemFree:          111400 kB
Active:           404156 kB
Mem:          3.8G       3.7G       108M       5.7M        24M       3.3G

MemTotal:        4016004 kB
MemFree:          119500 kB
Active:           402384 kB
Mem:          3.8G       3.7G       116M       5.7M        24M       3.3G

MemTotal:        4016004 kB
MemFree:          110336 kB
Active:           401272 kB
Mem:          3.8G       3.7G       107M       5.7M        24M       3.3G

MemTotal:        4016004 kB
MemFree:          126452 kB
Active:           399628 kB
Mem:          3.8G       3.7G       123M       5.7M        24M       3.2G

MemTotal:        4016004 kB
MemFree:          105092 kB
Active:           396536 kB
Mem:          3.8G       3.7G       124M       5.7M        24M       3.2G

MemTotal:        4016004 kB
MemFree:          133540 kB
Active:           394772 kB
Mem:          3.8G       3.7G       130M       5.7M        24M       3.2G

MemTotal:        4016004 kB
MemFree:          105548 kB
Active:           394788 kB
Mem:          3.8G       3.7G       103M       5.7M        24M       3.3G

MemTotal:        4016004 kB
MemFree:          132652 kB
Active:           392632 kB
Mem:          3.8G       3.7G       129M       5.7M        24M       3.2G

MemTotal:        4016004 kB
MemFree:          141256 kB
Active:           390484 kB
Mem:          3.8G       3.7G       137M       5.7M        24M       3.2G

MemTotal:        4016004 kB
MemFree:          132292 kB
Active:           389360 kB
Mem:          3.8G       3.7G       128M       5.7M        24M       3.2G

MemTotal:        4016004 kB
MemFree:          123392 kB
Active:           388236 kB
Mem:          3.8G       3.7G       120M       5.7M        24M       3.2G

MemTotal:        4016004 kB
MemFree:          129120 kB
Active:           386212 kB
Mem:          3.8G       3.7G       125M       5.7M        24M       3.2G

MemTotal:        4016004 kB
MemFree:          135052 kB
Active:           384828 kB
Mem:          3.8G       3.7G       131M       5.7M        24M       3.2G

MemTotal:        4016004 kB
MemFree:          131452 kB
Active:           384848 kB
Mem:          3.8G       3.7G       128M       5.7M        24M       3.2G

MemTotal:        4016004 kB
MemFree:          122948 kB
Active:           384876 kB
Mem:          3.8G       3.7G       119M       5.7M        24M       3.2G

MemTotal:        4016004 kB
MemFree:          142652 kB
Active:           384676 kB
Mem:          3.8G       3.7G       139M       5.7M        24M       3.2G

MemTotal:        4016004 kB
MemFree:          126648 kB
Active:           384704 kB
Mem:          3.8G       3.7G       123M       5.7M        24M       3.2G

MemTotal:        4016004 kB
MemFree:          126400 kB
Active:           384732 kB
Mem:          3.8G       3.7G       123M       5.7M        24M       3.2G

MemTotal:        4016004 kB
MemFree:          126240 kB
Active:           384740 kB
Mem:          3.8G       3.7G       123M       5.7M        24M       3.2G

MemTotal:        4016004 kB
MemFree:          126208 kB
Active:           384756 kB
Mem:          3.8G       3.7G       123M       5.7M        24M       3.2G

MemTotal:        4016004 kB
MemFree:          127120 kB
Active:           384772 kB
Mem:          3.8G       3.7G       123M       5.7M        24M       3.2G

MemTotal:        4016004 kB
MemFree:          115156 kB
Active:           386172 kB
Mem:          3.8G       3.7G       111M       5.7M        24M       3.3G

MemTotal:        4016004 kB
MemFree:          135816 kB
Active:           385040 kB
Mem:          3.8G       3.7G       132M       5.7M        24M       3.2G

MemTotal:        4016004 kB
MemFree:          120592 kB
Active:           385064 kB
Mem:          3.8G       3.7G       117M       5.7M        24M       3.3G

MemTotal:        4016004 kB
MemFree:          105380 kB
Active:           384940 kB
Mem:          3.8G       3.7G       102M       5.7M        24M       3.3G

MemTotal:        4016004 kB
MemFree:          126212 kB
Active:           384836 kB
Mem:          3.8G       3.7G       122M       5.7M        24M       3.2G

MemTotal:        4016004 kB
MemFree:          110732 kB
Active:           384856 kB
Mem:          3.8G       3.7G       107M       5.7M        24M       3.3G

MemTotal:        4016004 kB
MemFree:          126784 kB
Active:           384752 kB
Mem:          3.8G       3.7G       123M       5.7M        24M       3.2G

MemTotal:        4016004 kB
MemFree:          129740 kB
Active:           384776 kB
Mem:          3.8G       3.7G       126M       5.7M        24M       3.2G

MemTotal:        4016004 kB
MemFree:          116224 kB
Active:           384808 kB
Mem:          3.8G       3.7G       113M       5.7M        24M       3.3G

MemTotal:        4016004 kB
MemFree:          105828 kB
Active:           384828 kB
Mem:          3.8G       3.7G       103M       5.7M        24M       3.3G

MemTotal:        4016004 kB
MemFree:          135900 kB
Active:           384688 kB
Mem:          3.8G       3.7G       132M       5.7M        24M       3.2G

MemTotal:        4016004 kB
MemFree:          133520 kB
Active:           385732 kB
Mem:          3.8G       3.7G       130M       5.7M        24M       3.2G

MemTotal:        4016004 kB
MemFree:          124756 kB
Active:           385756 kB
Mem:          3.8G       3.7G       122M       5.7M        24M       3.2G

MemTotal:        4016004 kB
MemFree:          109132 kB
Active:           385656 kB
Mem:          3.8G       3.7G       106M       5.7M        24M       3.3G

MemTotal:        4016004 kB
MemFree:          124532 kB
Active:           385688 kB
Mem:          3.8G       3.7G       121M       5.7M        25M       3.2G

MemTotal:        4016004 kB
MemFree:          133888 kB
Active:           385708 kB
Mem:          3.8G       3.7G       129M       5.7M        25M       3.2G

MemTotal:        4016004 kB
MemFree:          130052 kB
Active:           385732 kB
Mem:          3.8G       3.7G       126M       5.7M        25M       3.2G

MemTotal:        4016004 kB
MemFree:          139632 kB
Active:           385288 kB
Mem:          3.8G       3.7G       136M       5.7M        25M       3.2G

MemTotal:        4016004 kB
MemFree:          130832 kB
Active:           385312 kB
Mem:          3.8G       3.7G       127M       5.7M        25M       3.2G

MemTotal:        4016004 kB
MemFree:          121336 kB
Active:           385340 kB
Mem:          3.8G       3.7G       118M       5.7M        25M       3.2G

MemTotal:        4016004 kB
MemFree:          130468 kB
Active:           385360 kB
Mem:          3.8G       3.7G       126M       5.7M        25M       3.2G

MemTotal:        4016004 kB
MemFree:          131772 kB
Active:           385384 kB
Mem:          3.8G       3.7G       128M       5.7M        25M       3.2G

MemTotal:        4016004 kB
MemFree:          129260 kB
Active:           385400 kB
Mem:          3.8G       3.7G       126M       5.7M        25M       3.2G

MemTotal:        4016004 kB
MemFree:          129420 kB
Active:           385428 kB
Mem:          3.8G       3.7G       126M       5.7M        25M       3.2G

MemTotal:        4016004 kB
MemFree:          129544 kB
Active:           385484 kB
Mem:          3.8G       3.7G       126M       5.7M        25M       3.2G

MemTotal:        4016004 kB
MemFree:          121688 kB
Active:           385496 kB
Mem:          3.8G       3.7G       118M       5.7M        25M       3.2G

MemTotal:        4016004 kB
MemFree:          126352 kB
Active:           385524 kB
Mem:          3.8G       3.7G       123M       5.7M        25M       3.2G

MemTotal:        4016004 kB
MemFree:          122620 kB
Active:           385548 kB
Mem:          3.8G       3.7G       119M       5.7M        25M       3.2G

MemTotal:        4016004 kB
MemFree:          108412 kB
Active:           379220 kB
Mem:          3.8G       3.7G       105M       5.7M        25M       3.3G

MemTotal:        4016004 kB
MemFree:          129384 kB
Active:           379252 kB
Mem:          3.8G       3.7G       126M       5.7M        25M       3.2G

MemTotal:        4016004 kB
MemFree:          114648 kB
Active:           379276 kB
Mem:          3.8G       3.7G       110M       5.7M        25M       3.3G

MemTotal:        4016004 kB
MemFree:          105504 kB
Active:           379296 kB
Mem:          3.8G       3.7G       102M       5.7M        25M       3.3G

MemTotal:        4016004 kB
MemFree:          132924 kB
Active:           379320 kB
Mem:          3.8G       3.7G       129M       5.7M        25M       3.2G

MemTotal:        4016004 kB
MemFree:          110020 kB
Active:           379344 kB
Mem:          3.8G       3.7G       107M       5.7M        25M       3.3G

MemTotal:        4016004 kB
MemFree:          130748 kB
Active:           379368 kB
Mem:          3.8G       3.7G       127M       5.7M        25M       3.2G

MemTotal:        4016004 kB
MemFree:          115240 kB
Active:           379388 kB
Mem:          3.8G       3.7G       112M       5.7M        25M       3.2G

MemTotal:        4016004 kB
MemFree:          125596 kB
Active:           379404 kB
Mem:          3.8G       3.7G       122M       5.7M        25M       3.2G

MemTotal:        4016004 kB
MemFree:          114196 kB
Active:           379420 kB
Mem:          3.8G       3.7G       111M       5.7M        25M       3.2G

MemTotal:        4016004 kB
MemFree:          116592 kB
Active:           378904 kB
Mem:          3.8G       3.7G       114M       5.7M        25M       3.2G

MemTotal:        4016004 kB
MemFree:          116908 kB
Active:           378908 kB
Mem:          3.8G       3.7G       114M       5.7M        25M       3.2G

MemTotal:        4016004 kB
MemFree:          136044 kB
Active:           380180 kB
Mem:          3.8G       3.7G       132M       5.7M        25M       3.2G

MemTotal:        4016004 kB
MemFree:          127152 kB
Active:           380160 kB
Mem:          3.8G       3.7G       124M       5.7M        25M       3.2G

MemTotal:        4016004 kB
MemFree:          118592 kB
Active:           380100 kB
Mem:          3.8G       3.7G       116M       5.7M        25M       3.2G

MemTotal:        4016004 kB
MemFree:          120504 kB
Active:           380120 kB
Mem:          3.8G       3.7G       117M       5.7M        25M       3.2G

MemTotal:        4016004 kB
MemFree:          137880 kB
Active:           380152 kB
Mem:          3.8G       3.7G       134M       5.7M        25M       3.2G

MemTotal:        4016004 kB
MemFree:          129208 kB
Active:           380172 kB
Mem:          3.8G       3.7G       126M       5.7M        25M       3.2G

MemTotal:        4016004 kB
MemFree:          131072 kB
Active:           380196 kB
Mem:          3.8G       3.7G       128M       5.7M        25M       3.2G

MemTotal:        4016004 kB
MemFree:          124100 kB
Active:           378196 kB
Mem:          3.8G       3.7G       121M       5.7M        25M       3.2G

MemTotal:        4016004 kB
MemFree:          109768 kB
Active:           378124 kB
Mem:          3.8G       3.7G       106M       5.7M        25M       3.3G

MemTotal:        4016004 kB
MemFree:          109492 kB
Active:           378136 kB
Mem:          3.8G       3.7G       106M       5.7M        25M       3.3G

MemTotal:        4016004 kB
MemFree:          114060 kB
Active:           378152 kB
Mem:          3.8G       3.7G       111M       5.7M        25M       3.2G

MemTotal:        4016004 kB
MemFree:          116616 kB
Active:           378172 kB
Mem:          3.8G       3.7G       113M       5.7M        25M       3.2G

MemTotal:        4016004 kB
MemFree:          107720 kB
Active:           378196 kB
Mem:          3.8G       3.7G       105M       5.7M        25M       3.3G

MemTotal:        4016004 kB
MemFree:          116688 kB
Active:           378220 kB
Mem:          3.8G       3.7G       113M       5.7M        25M       3.2G

MemTotal:        4016004 kB
MemFree:          107760 kB
Active:           378248 kB
Mem:          3.8G       3.7G       105M       5.7M        25M       3.3G

MemTotal:        4016004 kB
MemFree:          115972 kB
Active:           378276 kB
Mem:          3.8G       3.7G       113M       5.7M        25M       3.2G

MemTotal:        4016004 kB
MemFree:          112280 kB
Active:           378292 kB
Mem:          3.8G       3.7G       109M       5.7M        25M       3.2G

MemTotal:        4016004 kB
MemFree:          104728 kB
Active:           378316 kB
Mem:          3.8G       3.7G       118M       5.7M        25M       3.2G

MemTotal:        4016004 kB
MemFree:          119988 kB
Active:           377660 kB
Mem:          3.8G       3.7G       116M       5.7M        25M       3.2G

MemTotal:        4016004 kB
MemFree:          111248 kB
Active:           377700 kB
Mem:          3.8G       3.7G       108M       5.7M        25M       3.2G

MemTotal:        4016004 kB
MemFree:          121436 kB
Active:           377724 kB
Mem:          3.8G       3.7G       118M       5.7M        25M       3.2G

MemTotal:        4016004 kB
MemFree:          105236 kB
Active:           377736 kB
Mem:          3.8G       3.7G       102M       5.7M        25M       3.3G

MemTotal:        4016004 kB
MemFree:          131788 kB
Active:           377768 kB
Mem:          3.8G       3.7G       128M       5.7M        25M       3.2G

MemTotal:        4016004 kB
MemFree:          138928 kB
Active:           377752 kB
Mem:          3.8G       3.7G       135M       5.7M        25M       3.2G

MemTotal:        4016004 kB
MemFree:          140616 kB
Active:           377816 kB
Mem:          3.8G       3.7G       137M       5.7M        25M       3.2G

MemTotal:        4016004 kB
MemFree:          131832 kB
Active:           377844 kB
Mem:          3.8G       3.7G       128M       5.7M        26M       3.2G

MemTotal:        4016004 kB
MemFree:          135344 kB
Active:           377872 kB
Mem:          3.8G       3.7G       132M       5.7M        26M       3.2G

MemTotal:        4016004 kB
MemFree:          114932 kB
Active:           364540 kB
Mem:          3.8G       3.7G       111M       5.7M        26M       3.2G

MemTotal:        4016004 kB
MemFree:          114172 kB
Active:           364564 kB
Mem:          3.8G       3.7G       110M       5.7M        26M       3.2G

MemTotal:        4016004 kB
MemFree:          106424 kB
Active:           364596 kB
Mem:          3.8G       3.7G       103M       5.7M        26M       3.3G

MemTotal:        4016004 kB
MemFree:          111368 kB
Active:           364624 kB
Mem:          3.8G       3.7G       108M       5.7M        26M       3.2G

MemTotal:        4016004 kB
MemFree:          122980 kB
Active:           364644 kB
Mem:          3.8G       3.7G       120M       5.7M        26M       3.2G

MemTotal:        4016004 kB
MemFree:          116096 kB
Active:           364668 kB
Mem:          3.8G       3.7G       113M       5.7M        26M       3.2G

MemTotal:        4016004 kB
MemFree:          106344 kB
Active:           364692 kB
Mem:          3.8G       3.7G       103M       5.7M        26M       3.3G

MemTotal:        4016004 kB
MemFree:          133704 kB
Active:           364716 kB
Mem:          3.8G       3.7G       130M       5.7M        26M       3.2G

MemTotal:        4016004 kB
MemFree:          124792 kB
Active:           364740 kB
Mem:          3.8G       3.7G       121M       5.7M        26M       3.2G

MemTotal:        4016004 kB
MemFree:          127908 kB
Active:           364768 kB
Mem:          3.8G       3.7G       124M       5.7M        26M       3.2G

MemTotal:        4016004 kB
MemFree:          127908 kB
Active:           364788 kB
Mem:          3.8G       3.7G       124M       5.7M        26M       3.2G

MemTotal:        4016004 kB
MemFree:          119760 kB
Active:           363872 kB
Mem:          3.8G       3.7G       116M       5.7M        26M       3.2G

MemTotal:        4016004 kB
MemFree:          129096 kB
Active:           363796 kB
Mem:          3.8G       3.7G       125M       5.7M        26M       3.2G

MemTotal:        4016004 kB
MemFree:          122628 kB
Active:           363820 kB
Mem:          3.8G       3.7G       119M       5.7M        26M       3.2G

MemTotal:        4016004 kB
MemFree:          105620 kB
Active:           363844 kB
Mem:          3.8G       3.7G       102M       5.7M        26M       3.3G

MemTotal:        4016004 kB
MemFree:          122500 kB
Active:           363876 kB
Mem:          3.8G       3.7G       119M       5.7M        26M       3.2G

MemTotal:        4016004 kB
MemFree:          109744 kB
Active:           363892 kB
Mem:          3.8G       3.7G       106M       5.7M        26M       3.2G

MemTotal:        4016004 kB
MemFree:          118500 kB
Active:           363920 kB
Mem:          3.8G       3.7G       115M       5.7M        26M       3.2G

MemTotal:        4016004 kB
MemFree:          128308 kB
Active:           363944 kB
Mem:          3.8G       3.7G       124M       5.7M        26M       3.2G

MemTotal:        4016004 kB
MemFree:          120516 kB
Active:           363964 kB
Mem:          3.8G       3.7G       117M       5.7M        26M       3.2G

MemTotal:        4016004 kB
MemFree:          106548 kB
Active:           363988 kB
Mem:          3.8G       3.7G       103M       5.7M        26M       3.3G

MemTotal:        4016004 kB
MemFree:          126804 kB
Active:           364012 kB
Mem:          3.8G       3.7G       123M       5.7M        26M       3.2G

MemTotal:        4016004 kB
MemFree:          111420 kB
Active:           364044 kB
Mem:          3.8G       3.7G       108M       5.7M        26M       3.2G

MemTotal:        4016004 kB
MemFree:          129876 kB
Active:           361692 kB
Mem:          3.8G       3.7G       127M       5.7M        26M       3.2G

MemTotal:        4016004 kB
MemFree:          121716 kB
Active:           361580 kB
Mem:          3.8G       3.7G       118M       5.7M        26M       3.2G

MemTotal:        4016004 kB
MemFree:          127664 kB
Active:           361616 kB
Mem:          3.8G       3.7G       124M       5.7M        26M       3.2G

MemTotal:        4016004 kB
MemFree:          124728 kB
Active:           361636 kB
Mem:          3.8G       3.7G       121M       5.7M        26M       3.2G

MemTotal:        4016004 kB
MemFree:          116292 kB
Active:           361660 kB
Mem:          3.8G       3.7G       113M       5.7M        26M       3.2G

MemTotal:        4016004 kB
MemFree:          131264 kB
Active:           361684 kB
Mem:          3.8G       3.7G       127M       5.7M        26M       3.2G

MemTotal:        4016004 kB
MemFree:          122380 kB
Active:           361704 kB
Mem:          3.8G       3.7G       119M       5.7M        26M       3.2G

MemTotal:        4016004 kB
MemFree:          125300 kB
Active:           361728 kB
Mem:          3.8G       3.7G       122M       5.7M        26M       3.2G

MemTotal:        4016004 kB
MemFree:          124528 kB
Active:           361752 kB
Mem:          3.8G       3.7G       121M       5.7M        26M       3.2G

MemTotal:        4016004 kB
MemFree:          115732 kB
Active:           361784 kB
Mem:          3.8G       3.7G       112M       5.7M        26M       3.2G

MemTotal:        4016004 kB
MemFree:          116068 kB
Active:           362936 kB
Mem:          3.8G       3.7G       112M       5.7M        26M       3.2G

MemTotal:        4016004 kB
MemFree:          107072 kB
Active:           362956 kB
Mem:          3.8G       3.7G       104M       5.7M        26M       3.2G

MemTotal:        4016004 kB
MemFree:          115408 kB
Active:           362980 kB
Mem:          3.8G       3.7G       112M       5.7M        26M       3.2G

MemTotal:        4016004 kB
MemFree:          106912 kB
Active:           363000 kB
Mem:          3.8G       3.7G       104M       5.7M        26M       3.2G

MemTotal:        4016004 kB
MemFree:          107160 kB
Active:           360436 kB
Mem:          3.8G       3.7G       104M       5.7M        26M       3.2G

MemTotal:        4016004 kB
MemFree:          124152 kB
Active:           360456 kB
Mem:          3.8G       3.7G       120M       5.7M        26M       3.2G

MemTotal:        4016004 kB
MemFree:          113692 kB
Active:           360476 kB
Mem:          3.8G       3.7G       110M       5.7M        26M       3.2G

MemTotal:        4016004 kB
MemFree:          104896 kB
Active:           360496 kB
Mem:          3.8G       3.7G       108M       5.7M        26M       3.2G

MemTotal:        4016004 kB
MemFree:          121236 kB
Active:           360520 kB
Mem:          3.8G       3.7G       118M       5.7M        26M       3.2G

MemTotal:        4016004 kB
MemFree:          114292 kB
Active:           360544 kB
Mem:          3.8G       3.7G       111M       5.7M        26M       3.2G

MemTotal:        4016004 kB
MemFree:          127592 kB
Active:           362100 kB
Mem:          3.8G       3.7G       124M       5.7M        26M       3.2G

MemTotal:        4016004 kB
MemFree:          119648 kB
Active:           361868 kB
Mem:          3.8G       3.7G       116M       5.7M        27M       3.2G

MemTotal:        4016004 kB
MemFree:          118540 kB
Active:           361764 kB
Mem:          3.8G       3.7G       125M       5.7M        27M       3.2G

MemTotal:        4016004 kB
MemFree:          122432 kB
Active:           361788 kB
Mem:          3.8G       3.7G       119M       5.7M        27M       3.2G

MemTotal:        4016004 kB
MemFree:          126804 kB
Active:           361816 kB
Mem:          3.8G       3.7G       123M       5.7M        27M       3.2G

MemTotal:        4016004 kB
MemFree:          123592 kB
Active:           361836 kB
Mem:          3.8G       3.7G       120M       5.7M        27M       3.2G

MemTotal:        4016004 kB
MemFree:          121696 kB
Active:           361860 kB
Mem:          3.8G       3.7G       118M       5.7M        27M       3.2G

MemTotal:        4016004 kB
MemFree:          126492 kB
Active:           361892 kB
Mem:          3.8G       3.7G       123M       5.7M        27M       3.2G

MemTotal:        4016004 kB
MemFree:          118052 kB
Active:           361784 kB
Mem:          3.8G       3.7G       115M       5.7M        27M       3.2G

MemTotal:        4016004 kB
MemFree:          122684 kB
Active:           359804 kB
Mem:          3.8G       3.7G       119M       5.7M        27M       3.2G

MemTotal:        4016004 kB
MemFree:          131244 kB
Active:           359832 kB
Mem:          3.8G       3.7G       127M       5.7M        27M       3.2G

MemTotal:        4016004 kB
MemFree:          134276 kB
Active:           359852 kB
Mem:          3.8G       3.7G       130M       5.7M        27M       3.2G

MemTotal:        4016004 kB
MemFree:          142948 kB
Active:           359876 kB
Mem:          3.8G       3.7G       139M       5.7M        27M       3.2G

MemTotal:        4016004 kB
MemFree:          135008 kB
Active:           359896 kB
Mem:          3.8G       3.7G       131M       5.7M        27M       3.2G

MemTotal:        4016004 kB
MemFree:          126480 kB
Active:           359924 kB
Mem:          3.8G       3.7G       123M       5.7M        27M       3.2G

MemTotal:        4016004 kB
MemFree:          128560 kB
Active:           360136 kB
Mem:          3.8G       3.7G       125M       5.7M        27M       3.2G

MemTotal:        4016004 kB
MemFree:          135300 kB
Active:           359972 kB
Mem:          3.8G       3.7G       131M       5.7M        27M       3.2G

MemTotal:        4016004 kB
MemFree:          108408 kB
Active:           359996 kB
Mem:          3.8G       3.7G       105M       5.7M        27M       3.2G

MemTotal:        4016004 kB
MemFree:          106376 kB
Active:           360024 kB
Mem:          3.8G       3.7G       103M       5.7M        27M       3.2G

MemTotal:        4016004 kB
MemFree:          105480 kB
Active:           360036 kB
Mem:          3.8G       3.7G       103M       5.7M        27M       3.2G

MemTotal:        4016004 kB
MemFree:          105776 kB
Active:           360000 kB
Mem:          3.8G       3.7G       103M       5.7M        27M       3.2G

MemTotal:        4016004 kB
MemFree:          111296 kB
Active:           360052 kB
Mem:          3.8G       3.7G       108M       5.7M        27M       3.2G

MemTotal:        4016004 kB
MemFree:          117096 kB
Active:           360076 kB
Mem:          3.8G       3.7G       113M       5.7M        27M       3.2G

MemTotal:        4016004 kB
MemFree:          111792 kB
Active:           359972 kB
Mem:          3.8G       3.7G       109M       5.7M        27M       3.2G

MemTotal:        4016004 kB
MemFree:          111824 kB
Active:           359792 kB
Mem:          3.8G       3.7G       108M       5.7M        27M       3.2G

MemTotal:        4016004 kB
MemFree:          111328 kB
Active:           359796 kB
Mem:          3.8G       3.7G       108M       5.7M        27M       3.2G

MemTotal:        4016004 kB
MemFree:          111700 kB
Active:           359764 kB
Mem:          3.8G       3.7G       108M       5.7M        27M       3.2G

MemTotal:        4016004 kB
MemFree:          111328 kB
Active:           359808 kB
Mem:          3.8G       3.7G       108M       5.7M        27M       3.2G

MemTotal:        4016004 kB
MemFree:          111452 kB
Active:           359808 kB
Mem:          3.8G       3.7G       108M       5.7M        27M       3.2G

MemTotal:        4016004 kB
MemFree:          111452 kB
Active:           359812 kB
Mem:          3.8G       3.7G       108M       5.7M        27M       3.2G

MemTotal:        4016004 kB
MemFree:          111452 kB
Active:           359812 kB
Mem:          3.8G       3.7G       108M       5.7M        27M       3.2G

MemTotal:        4016004 kB
MemFree:          111328 kB
Active:           359816 kB
Mem:          3.8G       3.7G       108M       5.7M        27M       3.2G

MemTotal:        4016004 kB
MemFree:          111700 kB
Active:           359816 kB
Mem:          3.8G       3.7G       108M       5.7M        27M       3.2G

MemTotal:        4016004 kB
MemFree:          111824 kB
Active:           359784 kB
Mem:          3.8G       3.7G       108M       5.7M        27M       3.2G

MemTotal:        4016004 kB
MemFree:          111452 kB
Active:           359816 kB
Mem:          3.8G       3.7G       109M       5.7M        27M       3.2G

MemTotal:        4016004 kB
MemFree:          111328 kB
Active:           359824 kB
Mem:          3.8G       3.7G       108M       5.7M        27M       3.2G

MemTotal:        4016004 kB
MemFree:          111328 kB
Active:           359824 kB
Mem:          3.8G       3.7G       108M       5.7M        27M       3.2G

MemTotal:        4016004 kB
MemFree:          111576 kB
Active:           359828 kB
Mem:          3.8G       3.7G       108M       5.7M        27M       3.2G

MemTotal:        4016004 kB
MemFree:          111576 kB
Active:           359828 kB
Mem:          3.8G       3.7G       108M       5.7M        27M       3.2G

MemTotal:        4016004 kB
MemFree:          111948 kB
Active:           359784 kB
Mem:          3.8G       3.7G       108M       5.7M        27M       3.2G

MemTotal:        4016004 kB
MemFree:          111452 kB
Active:           359828 kB
Mem:          3.8G       3.7G       108M       5.7M        27M       3.2G

MemTotal:        4016004 kB
MemFree:          111576 kB
Active:           359832 kB
Mem:          3.8G       3.7G       108M       5.7M        27M       3.2G

MemTotal:        4016004 kB
MemFree:          111576 kB
Active:           359836 kB
Mem:          3.8G       3.7G       108M       5.7M        27M       3.2G

MemTotal:        4016004 kB
MemFree:          111452 kB
Active:           359836 kB
Mem:          3.8G       3.7G       108M       5.7M        27M       3.2G

MemTotal:        4016004 kB
MemFree:          111452 kB
Active:           359836 kB
Mem:          3.8G       3.7G       108M       5.7M        27M       3.2G

MemTotal:        4016004 kB
MemFree:          111700 kB
Active:           359804 kB
Mem:          3.8G       3.7G       109M       5.7M        27M       3.2G

MemTotal:        4016004 kB
MemFree:          111576 kB
Active:           359844 kB
Mem:          3.8G       3.7G       108M       5.7M        27M       3.2G

MemTotal:        4016004 kB
MemFree:          111576 kB
Active:           359844 kB
Mem:          3.8G       3.7G       108M       5.7M        27M       3.2G

MemTotal:        4016004 kB
MemFree:          111948 kB
Active:           359812 kB
Mem:          3.8G       3.7G       109M       5.7M        27M       3.2G

MemTotal:        4016004 kB
MemFree:          111576 kB
Active:           359852 kB
Mem:          3.8G       3.7G       108M       5.7M        27M       3.2G

MemTotal:        4016004 kB
MemFree:          111824 kB
Active:           359816 kB
Mem:          3.8G       3.7G       108M       5.7M        27M       3.2G

MemTotal:        4016004 kB
MemFree:          111620 kB
Active:           359852 kB
Mem:          3.8G       3.7G       108M       5.7M        27M       3.2G

MemTotal:        4016004 kB
MemFree:          111376 kB
Active:           359852 kB
Mem:          3.8G       3.7G       108M       5.7M        27M       3.2G

MemTotal:        4016004 kB
MemFree:          111780 kB
Active:           359808 kB
Mem:          3.8G       3.7G       108M       5.7M        27M       3.2G

MemTotal:        4016004 kB
MemFree:          111780 kB
Active:           359860 kB
Mem:          3.8G       3.7G       108M       5.7M        27M       3.2G

MemTotal:        4016004 kB
MemFree:          111284 kB
Active:           359860 kB
Mem:          3.8G       3.7G       108M       5.7M        27M       3.2G

MemTotal:        4016004 kB
MemFree:          111408 kB
Active:           359872 kB
Mem:          3.8G       3.7G       108M       5.7M        27M       3.2G

MemTotal:        4016004 kB
MemFree:          111408 kB
Active:           359872 kB
Mem:          3.8G       3.7G       108M       5.7M        27M       3.2G

MemTotal:        4016004 kB
MemFree:          111408 kB
Active:           359872 kB
Mem:          3.8G       3.7G       108M       5.7M        27M       3.2G

MemTotal:        4016004 kB
MemFree:          111284 kB
Active:           359872 kB
Mem:          3.8G       3.7G       108M       5.7M        27M       3.2G

MemTotal:        4016004 kB
MemFree:          111656 kB
Active:           359836 kB
Mem:          3.8G       3.7G       108M       5.7M        27M       3.2G

MemTotal:        4016004 kB
MemFree:          111408 kB
Active:           359872 kB
Mem:          3.8G       3.7G       108M       5.7M        27M       3.2G

MemTotal:        4016004 kB
MemFree:          111656 kB
Active:           359832 kB
Mem:          3.8G       3.7G       109M       5.7M        27M       3.2G

MemTotal:        4016004 kB
MemFree:          111904 kB
Active:           359832 kB
Mem:          3.8G       3.7G       109M       5.7M        27M       3.2G

MemTotal:        4016004 kB
MemFree:          112028 kB
Active:           359832 kB
Mem:          3.8G       3.7G       109M       5.7M        27M       3.2G

MemTotal:        4016004 kB
MemFree:          111656 kB
Active:           359880 kB
Mem:          3.8G       3.7G       109M       5.7M        27M       3.2G

MemTotal:        4016004 kB
MemFree:          111904 kB
Active:           359840 kB
Mem:          3.8G       3.7G       108M       5.7M        27M       3.2G

MemTotal:        4016004 kB
MemFree:          111408 kB
Active:           359888 kB
Mem:          3.8G       3.7G       108M       5.7M        27M       3.2G

MemTotal:        4016004 kB
MemFree:          111780 kB
Active:           359852 kB
Mem:          3.8G       3.7G       108M       5.7M        27M       3.2G

MemTotal:        4016004 kB
MemFree:          111780 kB
Active:           359856 kB
Mem:          3.8G       3.7G       108M       5.7M        27M       3.2G

MemTotal:        4016004 kB
MemFree:          111408 kB
Active:           359896 kB
Mem:          3.8G       3.7G       108M       5.7M        27M       3.2G

MemTotal:        4016004 kB
MemFree:          111656 kB
Active:           359896 kB
Mem:          3.8G       3.7G       108M       5.7M        27M       3.2G

MemTotal:        4016004 kB
MemFree:          111532 kB
Active:           359856 kB
Mem:          3.8G       3.7G       108M       5.7M        27M       3.2G

MemTotal:        4016004 kB
MemFree:          111284 kB
Active:           359896 kB
Mem:          3.8G       3.7G       108M       5.7M        27M       3.2G

MemTotal:        4016004 kB
MemFree:          111284 kB
Active:           359896 kB
Mem:          3.8G       3.7G       108M       5.7M        27M       3.2G

MemTotal:        4016004 kB
MemFree:          111408 kB
Active:           359900 kB
Mem:          3.8G       3.7G       108M       5.7M        27M       3.2G

MemTotal:        4016004 kB
MemFree:          111408 kB
Active:           359900 kB
Mem:          3.8G       3.7G       108M       5.7M        27M       3.2G

MemTotal:        4016004 kB
MemFree:          111532 kB
Active:           359904 kB
Mem:          3.8G       3.7G       108M       5.7M        27M       3.2G

MemTotal:        4016004 kB
MemFree:          111656 kB
Active:           359876 kB
Mem:          3.8G       3.7G       108M       5.7M        27M       3.2G

MemTotal:        4016004 kB
MemFree:          111656 kB
Active:           359868 kB
Mem:          3.8G       3.7G       109M       5.7M        27M       3.2G

MemTotal:        4016004 kB
MemFree:          111532 kB
Active:           360064 kB
Mem:          3.8G       3.7G       108M       5.7M        27M       3.2G

MemTotal:        4016004 kB
MemFree:          108152 kB
Active:           362248 kB
Mem:          3.8G       3.7G       105M       5.7M        29M       3.2G

MemTotal:        4016004 kB
MemFree:          108424 kB
Active:           362212 kB
Mem:          3.8G       3.7G       105M       5.7M        29M       3.2G

MemTotal:        4016004 kB
MemFree:          108176 kB
Active:           362216 kB
Mem:          3.8G       3.7G       105M       5.7M        29M       3.2G

MemTotal:        4016004 kB
MemFree:          108300 kB
Active:           362220 kB
Mem:          3.8G       3.7G       105M       5.7M        29M       3.2G

MemTotal:        4016004 kB
MemFree:          108300 kB
Active:           362220 kB
Mem:          3.8G       3.7G       105M       5.7M        29M       3.2G

MemTotal:        4016004 kB
MemFree:          108672 kB
Active:           362184 kB
Mem:          3.8G       3.7G       105M       5.7M        29M       3.2G

MemTotal:        4016004 kB
MemFree:          108176 kB
Active:           362228 kB
Mem:          3.8G       3.7G       105M       5.7M        29M       3.2G

MemTotal:        4016004 kB
MemFree:          108548 kB
Active:           362192 kB
Mem:          3.8G       3.7G       105M       5.7M        29M       3.2G

MemTotal:        4016004 kB
MemFree:          108548 kB
Active:           362192 kB
Mem:          3.8G       3.7G       105M       5.7M        29M       3.2G

MemTotal:        4016004 kB
MemFree:          108300 kB
Active:           362232 kB
Mem:          3.8G       3.7G       105M       5.7M        29M       3.2G

MemTotal:        4016004 kB
MemFree:          108672 kB
Active:           362192 kB
Mem:          3.8G       3.7G       105M       5.7M        29M       3.2G

MemTotal:        4016004 kB
MemFree:          108548 kB
Active:           362208 kB
Mem:          3.8G       3.7G       105M       5.7M        29M       3.2G

MemTotal:        4016004 kB
MemFree:          108548 kB
Active:           362208 kB
Mem:          3.8G       3.7G       106M       5.7M        29M       3.2G

MemTotal:        4016004 kB
MemFree:          108796 kB
Active:           362204 kB
Mem:          3.8G       3.7G       105M       5.7M        29M       3.2G

MemTotal:        4016004 kB
MemFree:          108796 kB
Active:           362208 kB
Mem:          3.8G       3.7G       105M       5.7M        29M       3.2G

MemTotal:        4016004 kB
MemFree:          108424 kB
Active:           362244 kB
Mem:          3.8G       3.7G       105M       5.7M        29M       3.2G

MemTotal:        4016004 kB
MemFree:          108440 kB
Active:           362244 kB
Mem:          3.8G       3.7G       105M       5.7M        29M       3.2G

MemTotal:        4016004 kB
MemFree:          108316 kB
Active:           362256 kB
Mem:          3.8G       3.7G       105M       5.7M        29M       3.2G

MemTotal:        4016004 kB
MemFree:          108440 kB
Active:           362256 kB
Mem:          3.8G       3.7G       105M       5.7M        29M       3.2G

MemTotal:        4016004 kB
MemFree:          108192 kB
Active:           362256 kB
Mem:          3.8G       3.7G       105M       5.7M        29M       3.2G

MemTotal:        4016004 kB
MemFree:          108688 kB
Active:           362256 kB
Mem:          3.8G       3.7G       105M       5.7M        29M       3.2G

MemTotal:        4016004 kB
MemFree:          108316 kB
Active:           362212 kB
Mem:          3.8G       3.7G       105M       5.7M        29M       3.2G

MemTotal:        4016004 kB
MemFree:          108440 kB
Active:           362264 kB
Mem:          3.8G       3.7G       105M       5.7M        29M       3.2G

MemTotal:        4016004 kB
MemFree:          108440 kB
Active:           362248 kB
Mem:          3.8G       3.7G       105M       5.7M        29M       3.2G

MemTotal:        4016004 kB
MemFree:          108068 kB
Active:           362288 kB
Mem:          3.8G       3.7G       105M       5.7M        29M       3.2G

MemTotal:        4016004 kB
MemFree:          108068 kB
Active:           362436 kB
Mem:          3.8G       3.7G       105M       5.7M        29M       3.2G

MemTotal:        4016004 kB
MemFree:          108052 kB
Active:           362308 kB
Mem:          3.8G       3.7G       105M       5.7M        29M       3.2G

MemTotal:        4016004 kB
MemFree:          108300 kB
Active:           362272 kB
Mem:          3.8G       3.7G       105M       5.7M        29M       3.2G

MemTotal:        4016004 kB
MemFree:          107928 kB
Active:           362316 kB
Mem:          3.8G       3.7G       105M       5.7M        29M       3.2G

MemTotal:        4016004 kB
MemFree:          107928 kB
Active:           362316 kB
Mem:          3.8G       3.7G       105M       5.7M        29M       3.2G

MemTotal:        4016004 kB
MemFree:          108300 kB
Active:           362276 kB
Mem:          3.8G       3.7G       105M       5.7M        29M       3.2G

MemTotal:        4016004 kB
MemFree:          108424 kB
Active:           362316 kB
Mem:          3.8G       3.7G       105M       5.7M        29M       3.2G

MemTotal:        4016004 kB
MemFree:          108052 kB
Active:           362320 kB
Mem:          3.8G       3.7G       105M       5.7M        29M       3.2G

MemTotal:        4016004 kB
MemFree:          108424 kB
Active:           362304 kB
Mem:          3.8G       3.7G       105M       5.7M        29M       3.2G

MemTotal:        4016004 kB
MemFree:          108052 kB
Active:           362320 kB
Mem:          3.8G       3.7G       105M       5.7M        29M       3.2G

MemTotal:        4016004 kB
MemFree:          108424 kB
Active:           362284 kB
Mem:          3.8G       3.7G       105M       5.7M        29M       3.2G

MemTotal:        4016004 kB
MemFree:          108176 kB
Active:           362332 kB
Mem:          3.8G       3.7G       105M       5.7M        29M       3.2G

MemTotal:        4016004 kB
MemFree:          107928 kB
Active:           362332 kB
Mem:          3.8G       3.7G       105M       5.7M        29M       3.2G

MemTotal:        4016004 kB
MemFree:          107928 kB
Active:           362332 kB
Mem:          3.8G       3.7G       105M       5.7M        29M       3.2G

MemTotal:        4016004 kB
MemFree:          107928 kB
Active:           362332 kB
Mem:          3.8G       3.7G       105M       5.7M        29M       3.2G

MemTotal:        4016004 kB
MemFree:          107928 kB
Active:           362332 kB
Mem:          3.8G       3.7G       105M       5.7M        29M       3.2G

MemTotal:        4016004 kB
MemFree:          107928 kB
Active:           362332 kB
Mem:          3.8G       3.7G       105M       5.7M        29M       3.2G

MemTotal:        4016004 kB
MemFree:          107944 kB
Active:           362324 kB
Mem:          3.8G       3.7G       105M       5.7M        29M       3.2G

MemTotal:        4016004 kB
MemFree:          108192 kB
Active:           362328 kB
Mem:          3.8G       3.7G       105M       5.7M        29M       3.2G

MemTotal:        4016004 kB
MemFree:          108440 kB
Active:           362276 kB
Mem:          3.8G       3.7G       105M       5.7M        29M       3.2G

MemTotal:        4016004 kB
MemFree:          108440 kB
Active:           362300 kB
Mem:          3.8G       3.7G       105M       5.7M        29M       3.2G

MemTotal:        4016004 kB
MemFree:          108564 kB
Active:           362304 kB
Mem:          3.8G       3.7G       105M       5.7M        29M       3.2G

MemTotal:        4016004 kB
MemFree:          108068 kB
Active:           362340 kB
Mem:          3.8G       3.7G       105M       5.7M        29M       3.2G

MemTotal:        4016004 kB
MemFree:          108440 kB
Active:           362304 kB
Mem:          3.8G       3.7G       105M       5.7M        29M       3.2G

MemTotal:        4016004 kB
MemFree:          108192 kB
Active:           362340 kB
Mem:          3.8G       3.7G       105M       5.7M        29M       3.2G

MemTotal:        4016004 kB
MemFree:          108440 kB
Active:           362340 kB
Mem:          3.8G       3.7G       105M       5.7M        29M       3.2G

MemTotal:        4016004 kB
MemFree:          108192 kB
Active:           362340 kB
Mem:          3.8G       3.7G       105M       5.7M        29M       3.2G

MemTotal:        4016004 kB
MemFree:          108068 kB
Active:           362348 kB
Mem:          3.8G       3.7G       105M       5.7M        29M       3.2G

MemTotal:        4016004 kB
MemFree:          108440 kB
Active:           362356 kB
Mem:          3.8G       3.7G       105M       5.7M        29M       3.2G

MemTotal:        4016004 kB
MemFree:          108564 kB
Active:           362316 kB
Mem:          3.8G       3.7G       105M       5.7M        29M       3.2G

MemTotal:        4016004 kB
MemFree:          108192 kB
Active:           362356 kB
Mem:          3.8G       3.7G       105M       5.7M        29M       3.2G

MemTotal:        4016004 kB
MemFree:          108068 kB
Active:           362360 kB
Mem:          3.8G       3.7G       105M       5.7M        29M       3.2G

MemTotal:        4016004 kB
MemFree:          108440 kB
Active:           362360 kB
Mem:          3.8G       3.7G       105M       5.7M        29M       3.2G

MemTotal:        4016004 kB
MemFree:          108192 kB
Active:           362364 kB
Mem:          3.8G       3.7G       105M       5.7M        29M       3.2G

MemTotal:        4016004 kB
MemFree:          108564 kB
Active:           362368 kB
Mem:          3.8G       3.7G       105M       5.7M        29M       3.2G

MemTotal:        4016004 kB
MemFree:          108564 kB
Active:           362324 kB
Mem:          3.8G       3.7G       105M       5.7M        29M       3.2G

MemTotal:        4016004 kB
MemFree:          108564 kB
Active:           362320 kB
Mem:          3.8G       3.7G       105M       5.7M        29M       3.2G

MemTotal:        4016004 kB
MemFree:          108068 kB
Active:           362368 kB
Mem:          3.8G       3.7G       105M       5.7M        29M       3.2G

MemTotal:        4016004 kB
MemFree:          108440 kB
Active:           362332 kB
Mem:          3.8G       3.7G       105M       5.7M        29M       3.2G

MemTotal:        4016004 kB
MemFree:          107944 kB
Active:           362380 kB
Mem:          3.8G       3.7G       105M       5.7M        29M       3.2G

MemTotal:        4016004 kB
MemFree:          108316 kB
Active:           362344 kB
Mem:          3.8G       3.7G       105M       5.7M        29M       3.2G

MemTotal:        4016004 kB
MemFree:          108316 kB
Active:           362348 kB
Mem:          3.8G       3.7G       105M       5.7M        29M       3.2G

MemTotal:        4016004 kB
MemFree:          107944 kB
Active:           362384 kB
Mem:          3.8G       3.7G       105M       5.7M        29M       3.2G

MemTotal:        4016004 kB
MemFree:          108192 kB
Active:           362356 kB
Mem:          3.8G       3.7G       105M       5.7M        29M       3.2G

MemTotal:        4016004 kB
MemFree:          108192 kB
Active:           362356 kB
Mem:          3.8G       3.7G       105M       5.7M        29M       3.2G

MemTotal:        4016004 kB
MemFree:          107944 kB
Active:           362396 kB
Mem:          3.8G       3.7G       105M       5.7M        29M       3.2G

MemTotal:        4016004 kB
MemFree:          107820 kB
Active:           362396 kB
Mem:          3.8G       3.7G       105M       5.7M        29M       3.2G

MemTotal:        4016004 kB
MemFree:          108192 kB
Active:           362396 kB
Mem:          3.8G       3.7G       105M       5.7M        29M       3.2G

MemTotal:        4016004 kB
MemFree:          107944 kB
Active:           362400 kB
Mem:          3.8G       3.7G       105M       5.7M        29M       3.2G

MemTotal:        4016004 kB
MemFree:          108316 kB
Active:           362400 kB
Mem:          3.8G       3.7G       105M       5.7M        29M       3.2G

MemTotal:        4016004 kB
MemFree:          107944 kB
Active:           362400 kB
Mem:          3.8G       3.7G       105M       5.7M        29M       3.2G

MemTotal:        4016004 kB
MemFree:          108316 kB
Active:           362352 kB
Mem:          3.8G       3.7G       105M       5.7M        29M       3.2G

MemTotal:        4016004 kB
MemFree:          108564 kB
Active:           362368 kB
Mem:          3.8G       3.7G       105M       5.7M        29M       3.2G

MemTotal:        4016004 kB
MemFree:          108440 kB
Active:           362364 kB
Mem:          3.8G       3.7G       105M       5.7M        29M       3.2G

MemTotal:        4016004 kB
MemFree:          108192 kB
Active:           362408 kB
Mem:          3.8G       3.7G       105M       5.7M        29M       3.2G

MemTotal:        4016004 kB
MemFree:          107944 kB
Active:           362408 kB
Mem:          3.8G       3.7G       105M       5.7M        29M       3.2G

MemTotal:        4016004 kB
MemFree:          107944 kB
Active:           362408 kB
Mem:          3.8G       3.7G       105M       5.7M        29M       3.2G

MemTotal:        4016004 kB
MemFree:          108068 kB
Active:           362408 kB
Mem:          3.8G       3.7G       105M       5.7M        29M       3.2G

MemTotal:        4016004 kB
MemFree:          108068 kB
Active:           362408 kB
Mem:          3.8G       3.7G       105M       5.7M        29M       3.2G

MemTotal:        4016004 kB
MemFree:          108316 kB
Active:           362412 kB
Mem:          3.8G       3.7G       105M       5.7M        29M       3.2G

MemTotal:        4016004 kB
MemFree:          107944 kB
Active:           362412 kB
Mem:          3.8G       3.7G       105M       5.7M        29M       3.2G

MemTotal:        4016004 kB
MemFree:          108192 kB
Active:           362420 kB
Mem:          3.8G       3.7G       105M       5.7M        29M       3.2G

MemTotal:        4016004 kB
MemFree:          108316 kB
Active:           362424 kB
Mem:          3.8G       3.7G       105M       5.7M        29M       3.2G

MemTotal:        4016004 kB
MemFree:          108192 kB
Active:           362424 kB
Mem:          3.8G       3.7G       105M       5.7M        29M       3.2G

MemTotal:        4016004 kB
MemFree:          107944 kB
Active:           362424 kB
Mem:          3.8G       3.7G       105M       5.7M        29M       3.2G

MemTotal:        4016004 kB
MemFree:          108316 kB
Active:           362380 kB
Mem:          3.8G       3.7G       105M       5.7M        29M       3.2G

MemTotal:        4016004 kB
MemFree:          107944 kB
Active:           362424 kB
Mem:          3.8G       3.7G       105M       5.7M        29M       3.2G

MemTotal:        4016004 kB
MemFree:          107820 kB
Active:           362432 kB
Mem:          3.8G       3.7G       105M       5.7M        29M       3.2G

MemTotal:        4016004 kB
MemFree:          107820 kB
Active:           362440 kB
Mem:          3.8G       3.7G       105M       5.7M        29M       3.2G

MemTotal:        4016004 kB
MemFree:          107944 kB
Active:           362440 kB
Mem:          3.8G       3.7G       105M       5.7M        29M       3.2G

MemTotal:        4016004 kB
MemFree:          108316 kB
Active:           362404 kB
Mem:          3.8G       3.7G       105M       5.7M        29M       3.2G

MemTotal:        4016004 kB
MemFree:          107944 kB
Active:           362440 kB
Mem:          3.8G       3.7G       105M       5.7M        29M       3.2G

MemTotal:        4016004 kB
MemFree:          107944 kB
Active:           362444 kB
Mem:          3.8G       3.7G       105M       5.7M        29M       3.2G

MemTotal:        4016004 kB
MemFree:          107944 kB
Active:           362444 kB
Mem:          3.8G       3.7G       105M       5.7M        29M       3.2G

MemTotal:        4016004 kB
MemFree:          107944 kB
Active:           362444 kB
Mem:          3.8G       3.7G       105M       5.7M        29M       3.2G

MemTotal:        4016004 kB
MemFree:          108316 kB
Active:           362452 kB
Mem:          3.8G       3.7G       105M       5.7M        29M       3.2G

MemTotal:        4016004 kB
MemFree:          108316 kB
Active:           362412 kB
Mem:          3.8G       3.7G       105M       5.7M        29M       3.2G

MemTotal:        4016004 kB
MemFree:          108316 kB
Active:           362456 kB
Mem:          3.8G       3.7G       105M       5.7M        29M       3.2G

MemTotal:        4016004 kB
MemFree:          108192 kB
Active:           362456 kB
Mem:          3.8G       3.7G       105M       5.7M        29M       3.2G

MemTotal:        4016004 kB
MemFree:          108068 kB
Active:           362456 kB
Mem:          3.8G       3.7G       105M       5.7M        29M       3.2G

MemTotal:        4016004 kB
MemFree:          108316 kB
Active:           362412 kB
Mem:          3.8G       3.7G       105M       5.7M        29M       3.2G

MemTotal:        4016004 kB
MemFree:          108068 kB
Active:           362456 kB
Mem:          3.8G       3.7G       105M       5.7M        29M       3.2G

MemTotal:        4016004 kB
MemFree:          108316 kB
Active:           362424 kB
Mem:          3.8G       3.7G       105M       5.7M        29M       3.2G

MemTotal:        4016004 kB
MemFree:          107944 kB
Active:           362464 kB
Mem:          3.8G       3.7G       105M       5.7M        29M       3.2G

MemTotal:        4016004 kB
MemFree:          108316 kB
Active:           362416 kB
Mem:          3.8G       3.7G       105M       5.7M        29M       3.2G

MemTotal:        4016004 kB
MemFree:          108440 kB
Active:           362424 kB
Mem:          3.8G       3.7G       105M       5.7M        29M       3.2G

MemTotal:        4016004 kB
MemFree:          108068 kB
Active:           362468 kB
Mem:          3.8G       3.7G       105M       5.7M        29M       3.2G

MemTotal:        4016004 kB
MemFree:          108316 kB
Active:           362432 kB
Mem:          3.8G       3.7G       105M       5.7M        29M       3.2G

MemTotal:        4016004 kB
MemFree:          108068 kB
Active:           362476 kB
Mem:          3.8G       3.7G       105M       5.7M        29M       3.2G

MemTotal:        4016004 kB
MemFree:          107944 kB
Active:           362484 kB
Mem:          3.8G       3.7G       105M       5.7M        29M       3.2G

MemTotal:        4016004 kB
MemFree:          108440 kB
Active:           362448 kB
Mem:          3.8G       3.7G       105M       5.7M        29M       3.2G

MemTotal:        4016004 kB
MemFree:          107944 kB
Active:           362488 kB
Mem:          3.8G       3.7G       105M       5.7M        29M       3.2G

MemTotal:        4016004 kB
MemFree:          108316 kB
Active:           362488 kB
Mem:          3.8G       3.7G       105M       5.7M        29M       3.2G

MemTotal:        4016004 kB
MemFree:          108316 kB
Active:           362444 kB
Mem:          3.8G       3.7G       105M       5.7M        29M       3.2G

MemTotal:        4016004 kB
MemFree:          107944 kB
Active:           362496 kB
Mem:          3.8G       3.7G       105M       5.7M        29M       3.2G

MemTotal:        4016004 kB
MemFree:          107820 kB
Active:           362496 kB
Mem:          3.8G       3.7G       105M       5.7M        29M       3.2G

MemTotal:        4016004 kB
MemFree:          107820 kB
Active:           362496 kB
Mem:          3.8G       3.7G       105M       5.7M        29M       3.2G

MemTotal:        4016004 kB
MemFree:          107820 kB
Active:           362500 kB
Mem:          3.8G       3.7G       105M       5.7M        29M       3.2G

MemTotal:        4016004 kB
MemFree:          107696 kB
Active:           362500 kB
Mem:          3.8G       3.7G       105M       5.7M        29M       3.2G

MemTotal:        4016004 kB
MemFree:          108192 kB
Active:           362452 kB
Mem:          3.8G       3.7G       105M       5.7M        29M       3.2G

MemTotal:        4016004 kB
MemFree:          107820 kB
Active:           362500 kB
Mem:          3.8G       3.7G       105M       5.7M        29M       3.2G

MemTotal:        4016004 kB
MemFree:          107820 kB
Active:           362500 kB
Mem:          3.8G       3.7G       105M       5.7M        29M       3.2G

MemTotal:        4016004 kB
MemFree:          108192 kB
Active:           362456 kB
Mem:          3.8G       3.7G       105M       5.7M        29M       3.2G

MemTotal:        4016004 kB
MemFree:          108192 kB
Active:           362476 kB
Mem:          3.8G       3.7G       105M       5.7M        29M       3.2G

MemTotal:        4016004 kB
MemFree:          107944 kB
Active:           362512 kB
Mem:          3.8G       3.7G       105M       5.7M        29M       3.2G

MemTotal:        4016004 kB
MemFree:          108192 kB
Active:           362472 kB
Mem:          3.8G       3.7G       105M       5.7M        29M       3.2G

MemTotal:        4016004 kB
MemFree:          107944 kB
Active:           362512 kB
Mem:          3.8G       3.7G       105M       5.7M        29M       3.2G

MemTotal:        4016004 kB
MemFree:          107944 kB
Active:           362520 kB
Mem:          3.8G       3.7G       105M       5.7M        29M       3.2G

MemTotal:        4016004 kB
MemFree:          108068 kB
Active:           362520 kB
Mem:          3.8G       3.7G       105M       5.7M        29M       3.2G

MemTotal:        4016004 kB
MemFree:          108068 kB
Active:           362520 kB
Mem:          3.8G       3.7G       105M       5.7M        29M       3.2G

MemTotal:        4016004 kB
MemFree:          108068 kB
Active:           362520 kB
Mem:          3.8G       3.7G       105M       5.7M        29M       3.2G

MemTotal:        4016004 kB
MemFree:          108440 kB
Active:           362520 kB
Mem:          3.8G       3.7G       105M       5.7M        29M       3.2G

MemTotal:        4016004 kB
MemFree:          108068 kB
Active:           362520 kB
Mem:          3.8G       3.7G       105M       5.7M        29M       3.2G

MemTotal:        4016004 kB
MemFree:          108068 kB
Active:           362520 kB
Mem:          3.8G       3.7G       105M       5.7M        29M       3.2G

MemTotal:        4016004 kB
MemFree:          108316 kB
Active:           362488 kB
Mem:          3.8G       3.7G       105M       5.7M        29M       3.2G

MemTotal:        4016004 kB
MemFree:          107820 kB
Active:           362528 kB
Mem:          3.8G       3.7G       105M       5.7M        29M       3.2G

MemTotal:        4016004 kB
MemFree:          108192 kB
Active:           362476 kB
Mem:          3.8G       3.7G       105M       5.7M        29M       3.2G

MemTotal:        4016004 kB
MemFree:          108068 kB
Active:           362492 kB
Mem:          3.8G       3.7G       105M       5.7M        29M       3.2G

MemTotal:        4016004 kB
MemFree:          107696 kB
Active:           362532 kB
Mem:          3.8G       3.7G       105M       5.7M        29M       3.2G

MemTotal:        4016004 kB
MemFree:          107572 kB
Active:           362532 kB
Mem:          3.8G       3.7G       105M       5.7M        29M       3.2G

MemTotal:        4016004 kB
MemFree:          108068 kB
Active:           362532 kB
Mem:          3.8G       3.7G       105M       5.7M        29M       3.2G

MemTotal:        4016004 kB
MemFree:          107944 kB
Active:           362408 kB
Mem:          3.8G       3.7G       105M       5.7M        29M       3.2G

MemTotal:        4016004 kB
MemFree:          108400 kB
Active:           362280 kB
Mem:          3.8G       3.7G       106M       5.7M        29M       3.2G

MemTotal:        4016004 kB
MemFree:          108896 kB
Active:           362264 kB
Mem:          3.8G       3.7G       106M       5.7M        29M       3.2G

MemTotal:        4016004 kB
MemFree:          108772 kB
Active:           362240 kB
Mem:          3.8G       3.7G       106M       5.7M        29M       3.2G

MemTotal:        4016004 kB
MemFree:          108524 kB
Active:           362248 kB
Mem:          3.8G       3.7G       106M       5.7M        29M       3.2G

MemTotal:        4016004 kB
MemFree:          108772 kB
Active:           362260 kB
Mem:          3.8G       3.7G       106M       5.7M        29M       3.2G

MemTotal:        4016004 kB
MemFree:          108896 kB
Active:           362256 kB
Mem:          3.8G       3.7G       106M       5.7M        29M       3.2G

MemTotal:        4016004 kB
MemFree:          108772 kB
Active:           362260 kB
Mem:          3.8G       3.7G       106M       5.7M        29M       3.2G

MemTotal:        4016004 kB
MemFree:          108648 kB
Active:           362312 kB
Mem:          3.8G       3.7G       105M       5.7M        29M       3.2G

MemTotal:        4016004 kB
MemFree:          108648 kB
Active:           362296 kB
Mem:          3.8G       3.7G       105M       5.7M        29M       3.2G

MemTotal:        4016004 kB
MemFree:          108028 kB
Active:           362320 kB
Mem:          3.8G       3.7G       105M       5.7M        29M       3.2G

MemTotal:        4016004 kB
MemFree:          108152 kB
Active:           362280 kB
Mem:          3.8G       3.7G       105M       5.7M        29M       3.2G

MemTotal:        4016004 kB
MemFree:          108400 kB
Active:           362272 kB
Mem:          3.8G       3.7G       105M       5.7M        29M       3.2G

MemTotal:        4016004 kB
MemFree:          108400 kB
Active:           362308 kB
Mem:          3.8G       3.7G       105M       5.7M        29M       3.2G

MemTotal:        4016004 kB
MemFree:          108400 kB
Active:           362292 kB
Mem:          3.8G       3.7G       105M       5.7M        29M       3.2G

MemTotal:        4016004 kB
MemFree:          108400 kB
Active:           362276 kB
Mem:          3.8G       3.7G       105M       5.7M        29M       3.2G

MemTotal:        4016004 kB
MemFree:          108896 kB
Active:           362304 kB
Mem:          3.8G       3.7G       106M       5.7M        29M       3.2G

MemTotal:        4016004 kB
MemFree:          108648 kB
Active:           362284 kB
Mem:          3.8G       3.7G       106M       5.7M        29M       3.2G

MemTotal:        4016004 kB
MemFree:          108400 kB
Active:           362328 kB
Mem:          3.8G       3.7G       105M       5.7M        29M       3.2G

MemTotal:        4016004 kB
MemFree:          108524 kB
Active:           362312 kB
Mem:          3.8G       3.7G       106M       5.7M        29M       3.2G

MemTotal:        4016004 kB
MemFree:          108400 kB
Active:           362296 kB
Mem:          3.8G       3.7G       105M       5.7M        29M       3.2G

MemTotal:        4016004 kB
MemFree:          108512 kB
Active:           362336 kB
Mem:          3.8G       3.7G       106M       5.7M        29M       3.2G

MemTotal:        4016004 kB
MemFree:          108512 kB
Active:           362312 kB
Mem:          3.8G       3.7G       105M       5.7M        29M       3.2G

MemTotal:        4016004 kB
MemFree:          108512 kB
Active:           362296 kB
Mem:          3.8G       3.7G       106M       5.7M        29M       3.2G

MemTotal:        4016004 kB
MemFree:          108016 kB
Active:           362352 kB
Mem:          3.8G       3.7G       105M       5.7M        29M       3.2G

MemTotal:        4016004 kB
MemFree:          108144 kB
Active:           362352 kB
Mem:          3.8G       3.7G       105M       5.7M        29M       3.2G

MemTotal:        4016004 kB
MemFree:          108640 kB
Active:           362316 kB
Mem:          3.8G       3.7G       105M       5.7M        29M       3.2G

MemTotal:        4016004 kB
MemFree:          108764 kB
Active:           362308 kB
Mem:          3.8G       3.7G       106M       5.7M        29M       3.2G

MemTotal:        4016004 kB
MemFree:          108888 kB
Active:           362352 kB
