MemTotal:        4016004 kB
MemFree:         3221028 kB
Active:           438436 kB
Mem:          3.8G       776M       3.1G       5.7M        55M       320M

MemTotal:        4016004 kB
MemFree:         3221288 kB
Active:           438544 kB
Mem:          3.8G       775M       3.1G       5.7M        55M       320M

MemTotal:        4016004 kB
MemFree:         3221628 kB
Active:           438580 kB
Mem:          3.8G       775M       3.1G       5.7M        55M       320M

MemTotal:        4016004 kB
MemFree:         3221240 kB
Active:           438616 kB
Mem:          3.8G       776M       3.1G       5.7M        55M       320M

MemTotal:        4016004 kB
MemFree:         3221720 kB
Active:           438584 kB
Mem:          3.8G       775M       3.1G       5.7M        55M       320M

MemTotal:        4016004 kB
MemFree:         3222060 kB
Active:           436700 kB
Mem:          3.8G       775M       3.1G       5.7M        55M       320M

MemTotal:        4016004 kB
MemFree:         3221388 kB
Active:           436576 kB
Mem:          3.8G       775M       3.1G       5.7M        55M       320M

MemTotal:        4016004 kB
MemFree:         3221868 kB
Active:           438584 kB
Mem:          3.8G       775M       3.1G       5.7M        55M       320M

MemTotal:        4016004 kB
MemFree:         3221852 kB
Active:           438568 kB
Mem:          3.8G       775M       3.1G       5.7M        55M       320M

MemTotal:        4016004 kB
MemFree:         3221464 kB
Active:           438624 kB
Mem:          3.8G       775M       3.1G       5.7M        55M       320M

MemTotal:        4016004 kB
MemFree:         3221696 kB
Active:           438580 kB
Mem:          3.8G       775M       3.1G       5.7M        55M       320M

MemTotal:        4016004 kB
MemFree:         3221696 kB
Active:           438612 kB
Mem:          3.8G       775M       3.1G       5.7M        55M       320M

MemTotal:        4016004 kB
MemFree:         3221804 kB
Active:           438568 kB
Mem:          3.8G       775M       3.1G       5.7M        55M       320M

MemTotal:        4016004 kB
MemFree:         3221540 kB
Active:           438624 kB
Mem:          3.8G       775M       3.1G       5.7M        55M       320M

MemTotal:        4016004 kB
MemFree:         3221648 kB
Active:           438584 kB
Mem:          3.8G       775M       3.1G       5.7M        55M       320M

MemTotal:        4016004 kB
MemFree:         3221508 kB
Active:           438592 kB
Mem:          3.8G       775M       3.1G       5.7M        55M       320M

MemTotal:        4016004 kB
MemFree:         3221480 kB
Active:           438580 kB
Mem:          3.8G       775M       3.1G       5.7M        55M       320M

MemTotal:        4016004 kB
MemFree:         3221604 kB
Active:           438612 kB
Mem:          3.8G       775M       3.1G       5.7M        55M       320M

MemTotal:        4016004 kB
MemFree:         3221604 kB
Active:           438600 kB
Mem:          3.8G       775M       3.1G       5.7M        55M       320M

MemTotal:        4016004 kB
MemFree:         3221232 kB
Active:           438636 kB
Mem:          3.8G       776M       3.1G       5.7M        55M       320M

MemTotal:        4016004 kB
MemFree:         3221728 kB
Active:           438636 kB
Mem:          3.8G       775M       3.1G       5.7M        55M       320M

MemTotal:        4016004 kB
MemFree:         3221852 kB
Active:           438600 kB
Mem:          3.8G       775M       3.1G       5.7M        55M       320M

MemTotal:        4016004 kB
MemFree:         3221712 kB
Active:           438600 kB
Mem:          3.8G       775M       3.1G       5.7M        55M       320M

MemTotal:        4016004 kB
MemFree:         3221448 kB
Active:           438644 kB
Mem:          3.8G       776M       3.1G       5.7M        55M       320M

MemTotal:        4016004 kB
MemFree:         3221556 kB
Active:           438588 kB
Mem:          3.8G       775M       3.1G       5.7M        55M       320M

MemTotal:        4016004 kB
MemFree:         3219540 kB
Active:           436856 kB
Mem:          3.8G       777M       3.1G       5.7M        55M       320M

MemTotal:        4016004 kB
MemFree:         3219540 kB
Active:           440772 kB
Mem:          3.8G       777M       3.1G       5.7M        55M       320M

MemTotal:        4016004 kB
MemFree:         3219788 kB
Active:           440792 kB
Mem:          3.8G       777M       3.1G       5.7M        55M       320M

MemTotal:        4016004 kB
MemFree:         3219648 kB
Active:           440776 kB
Mem:          3.8G       777M       3.1G       5.7M        55M       320M

MemTotal:        4016004 kB
MemFree:         3219136 kB
Active:           440816 kB
Mem:          3.8G       778M       3.1G       5.7M        55M       320M

MemTotal:        4016004 kB
MemFree:         3219492 kB
Active:           440768 kB
Mem:          3.8G       777M       3.1G       5.7M        55M       320M

MemTotal:        4016004 kB
MemFree:         3219228 kB
Active:           440816 kB
Mem:          3.8G       777M       3.1G       5.7M        55M       320M

MemTotal:        4016004 kB
MemFree:         3219600 kB
Active:           440764 kB
Mem:          3.8G       777M       3.1G       5.7M        55M       320M

MemTotal:        4016004 kB
MemFree:         3219476 kB
Active:           440816 kB
Mem:          3.8G       777M       3.1G       5.7M        55M       320M

MemTotal:        4016004 kB
MemFree:         3219724 kB
Active:           440768 kB
Mem:          3.8G       777M       3.1G       5.7M        55M       320M

MemTotal:        4016004 kB
MemFree:         3219832 kB
Active:           440804 kB
Mem:          3.8G       777M       3.1G       5.7M        55M       320M

MemTotal:        4016004 kB
MemFree:         3219880 kB
Active:           440780 kB
Mem:          3.8G       777M       3.1G       5.7M        55M       320M

MemTotal:        4016004 kB
MemFree:         3219880 kB
Active:           440788 kB
Mem:          3.8G       777M       3.1G       5.7M        55M       320M

MemTotal:        4016004 kB
MemFree:         3220004 kB
Active:           440824 kB
Mem:          3.8G       777M       3.1G       5.7M        55M       320M

MemTotal:        4016004 kB
MemFree:         3219880 kB
Active:           440800 kB
Mem:          3.8G       777M       3.1G       5.7M        55M       320M

MemTotal:        4016004 kB
MemFree:         3220128 kB
Active:           440776 kB
Mem:          3.8G       777M       3.1G       5.7M        55M       320M

MemTotal:        4016004 kB
MemFree:         3220004 kB
Active:           440800 kB
Mem:          3.8G       777M       3.1G       5.7M        55M       320M

MemTotal:        4016004 kB
MemFree:         3220004 kB
Active:           440808 kB
Mem:          3.8G       777M       3.1G       5.7M        55M       320M

MemTotal:        4016004 kB
MemFree:         3219508 kB
Active:           440840 kB
Mem:          3.8G       777M       3.1G       5.7M        55M       320M

MemTotal:        4016004 kB
MemFree:         3219012 kB
Active:           440840 kB
Mem:          3.8G       778M       3.1G       5.7M        55M       320M

MemTotal:        4016004 kB
MemFree:         3219260 kB
Active:           438864 kB
Mem:          3.8G       777M       3.1G       5.7M        55M       320M

MemTotal:        4016004 kB
MemFree:         3219536 kB
Active:           440848 kB
Mem:          3.8G       777M       3.1G       5.7M        55M       320M

MemTotal:        4016004 kB
MemFree:         3219524 kB
Active:           440808 kB
Mem:          3.8G       777M       3.1G       5.7M        55M       320M

MemTotal:        4016004 kB
MemFree:         3219276 kB
Active:           440860 kB
Mem:          3.8G       778M       3.1G       5.7M        55M       320M

MemTotal:        4016004 kB
MemFree:         3219772 kB
Active:           440832 kB
Mem:          3.8G       777M       3.1G       5.7M        55M       320M

MemTotal:        4016004 kB
MemFree:         3219740 kB
Active:           440860 kB
Mem:          3.8G       777M       3.1G       5.7M        55M       320M

MemTotal:        4016004 kB
MemFree:         3219848 kB
Active:           440816 kB
Mem:          3.8G       777M       3.1G       5.7M        55M       320M

MemTotal:        4016004 kB
MemFree:         3219708 kB
Active:           440840 kB
Mem:          3.8G       777M       3.1G       5.7M        55M       320M

MemTotal:        4016004 kB
MemFree:         3219568 kB
Active:           440876 kB
Mem:          3.8G       777M       3.1G       5.7M        55M       320M

MemTotal:        4016004 kB
MemFree:         3219056 kB
Active:           440880 kB
Mem:          3.8G       778M       3.1G       5.7M        55M       320M

MemTotal:        4016004 kB
MemFree:         3219304 kB
Active:           440876 kB
Mem:          3.8G       778M       3.1G       5.7M        55M       320M

MemTotal:        4016004 kB
MemFree:         3219304 kB
Active:           440872 kB
Mem:          3.8G       777M       3.1G       5.7M        55M       320M

MemTotal:        4016004 kB
MemFree:         3219536 kB
Active:           440848 kB
Mem:          3.8G       777M       3.1G       5.7M        55M       320M

MemTotal:        4016004 kB
MemFree:         3219088 kB
Active:           440892 kB
Mem:          3.8G       778M       3.1G       5.7M        55M       320M

MemTotal:        4016004 kB
MemFree:         3219088 kB
Active:           440892 kB
Mem:          3.8G       778M       3.1G       5.7M        55M       320M

MemTotal:        4016004 kB
MemFree:         3219088 kB
Active:           440856 kB
Mem:          3.8G       778M       3.1G       5.7M        55M       320M

MemTotal:        4016004 kB
MemFree:         3218840 kB
Active:           440892 kB
Mem:          3.8G       778M       3.1G       5.7M        55M       320M

MemTotal:        4016004 kB
MemFree:         3219336 kB
Active:           440876 kB
Mem:          3.8G       777M       3.1G       5.7M        55M       320M

MemTotal:        4016004 kB
MemFree:         3219708 kB
Active:           440856 kB
Mem:          3.8G       777M       3.1G       5.7M        55M       320M

MemTotal:        4016004 kB
MemFree:         3219460 kB
Active:           440900 kB
Mem:          3.8G       777M       3.1G       5.7M        55M       320M

MemTotal:        4016004 kB
MemFree:         3219568 kB
Active:           440852 kB
Mem:          3.8G       777M       3.1G       5.7M        55M       320M

MemTotal:        4016004 kB
MemFree:         3218932 kB
Active:           440900 kB
Mem:          3.8G       778M       3.1G       5.7M        55M       320M

MemTotal:        4016004 kB
MemFree:         3219428 kB
Active:           440864 kB
Mem:          3.8G       777M       3.1G       5.7M        55M       320M

MemTotal:        4016004 kB
MemFree:         3219288 kB
Active:           440900 kB
Mem:          3.8G       778M       3.1G       5.7M        55M       320M

MemTotal:        4016004 kB
MemFree:         3219260 kB
Active:           440872 kB
Mem:          3.8G       778M       3.1G       5.7M        55M       320M

MemTotal:        4016004 kB
MemFree:         3219508 kB
Active:           440844 kB
Mem:          3.8G       778M       3.1G       5.7M        55M       320M

MemTotal:        4016004 kB
MemFree:         3219508 kB
Active:           440852 kB
Mem:          3.8G       777M       3.1G       5.7M        55M       320M

MemTotal:        4016004 kB
MemFree:         3219244 kB
Active:           440904 kB
Mem:          3.8G       778M       3.1G       5.7M        55M       320M

MemTotal:        4016004 kB
MemFree:         3219616 kB
Active:           440868 kB
Mem:          3.8G       777M       3.1G       5.7M        55M       320M

MemTotal:        4016004 kB
MemFree:         3219460 kB
Active:           440884 kB
Mem:          3.8G       777M       3.1G       5.7M        55M       320M

MemTotal:        4016004 kB
MemFree:         3219024 kB
Active:           438912 kB
Mem:          3.8G       778M       3.1G       5.7M        55M       320M

MemTotal:        4016004 kB
MemFree:         3218864 kB
Active:           440912 kB
Mem:          3.8G       778M       3.1G       5.7M        55M       320M

MemTotal:        4016004 kB
MemFree:         3219344 kB
Active:           440868 kB
Mem:          3.8G       778M       3.1G       5.7M        55M       320M

MemTotal:        4016004 kB
MemFree:         3219204 kB
Active:           440864 kB
Mem:          3.8G       778M       3.1G       5.7M        55M       320M

MemTotal:        4016004 kB
MemFree:         3219052 kB
Active:           440912 kB
Mem:          3.8G       778M       3.1G       5.7M        55M       320M

MemTotal:        4016004 kB
MemFree:         3219052 kB
Active:           440912 kB
Mem:          3.8G       777M       3.1G       5.7M        55M       320M

MemTotal:        4016004 kB
MemFree:         3219548 kB
Active:           440884 kB
Mem:          3.8G       778M       3.1G       5.7M        55M       320M

MemTotal:        4016004 kB
MemFree:         3219176 kB
Active:           440916 kB
Mem:          3.8G       778M       3.1G       5.7M        55M       320M

MemTotal:        4016004 kB
MemFree:         3219052 kB
Active:           440932 kB
Mem:          3.8G       778M       3.1G       5.7M        55M       320M

MemTotal:        4016004 kB
MemFree:         3219176 kB
Active:           440884 kB
Mem:          3.8G       778M       3.1G       5.7M        55M       320M

MemTotal:        4016004 kB
MemFree:         3218680 kB
Active:           440932 kB
Mem:          3.8G       778M       3.1G       5.7M        55M       320M

MemTotal:        4016004 kB
MemFree:         3219532 kB
Active:           440916 kB
Mem:          3.8G       777M       3.1G       5.7M        55M       320M

MemTotal:        4016004 kB
MemFree:         3219516 kB
Active:           440892 kB
Mem:          3.8G       777M       3.1G       5.7M        55M       320M

MemTotal:        4016004 kB
MemFree:         3219004 kB
Active:           440940 kB
Mem:          3.8G       778M       3.1G       5.7M        55M       320M

MemTotal:        4016004 kB
MemFree:         3219360 kB
Active:           440912 kB
Mem:          3.8G       777M       3.1G       5.7M        55M       320M

MemTotal:        4016004 kB
MemFree:         3219440 kB
Active:           440884 kB
Mem:          3.8G       778M       3.1G       5.7M        55M       320M

MemTotal:        4016004 kB
MemFree:         3219564 kB
Active:           440920 kB
Mem:          3.8G       777M       3.1G       5.7M        55M       320M

MemTotal:        4016004 kB
MemFree:         3219440 kB
Active:           440940 kB
Mem:          3.8G       778M       3.1G       5.7M        55M       320M

MemTotal:        4016004 kB
MemFree:         3219068 kB
Active:           440940 kB
Mem:          3.8G       778M       3.1G       5.7M        55M       320M

MemTotal:        4016004 kB
MemFree:         3219424 kB
Active:           440920 kB
Mem:          3.8G       777M       3.1G       5.7M        55M       320M

MemTotal:        4016004 kB
MemFree:         3218964 kB
Active:           439088 kB
Mem:          3.8G       778M       3.1G       5.7M        55M       320M

MemTotal:        4016004 kB
MemFree:         3219576 kB
Active:           440912 kB
Mem:          3.8G       777M       3.1G       5.7M        55M       320M

MemTotal:        4016004 kB
MemFree:         3219188 kB
Active:           440964 kB
Mem:          3.8G       777M       3.1G       5.7M        55M       320M

MemTotal:        4016004 kB
MemFree:         3219436 kB
Active:           440944 kB
Mem:          3.8G       777M       3.1G       5.7M        55M       320M

MemTotal:        4016004 kB
MemFree:         3219560 kB
Active:           440960 kB
Mem:          3.8G       778M       3.1G       5.7M        55M       320M

MemTotal:        4016004 kB
MemFree:         3218704 kB
Active:           441304 kB
Mem:          3.8G       778M       3.1G       5.7M        55M       320M

MemTotal:        4016004 kB
MemFree:         3112964 kB
Active:           442188 kB
Mem:          3.8G       883M       3.0G       5.7M        55M       422M

MemTotal:        4016004 kB
MemFree:         3007820 kB
Active:           442276 kB
Mem:          3.8G       986M       2.9G       5.7M        55M       523M

MemTotal:        4016004 kB
MemFree:         2890136 kB
Active:           442292 kB
Mem:          3.8G       1.1G       2.8G       5.7M        55M       637M

MemTotal:        4016004 kB
MemFree:         2777164 kB
Active:           442288 kB
Mem:          3.8G       1.2G       2.6G       5.7M        55M       745M

MemTotal:        4016004 kB
MemFree:         2647404 kB
Active:           442344 kB
Mem:          3.8G       1.3G       2.5G       5.7M        55M       869M

MemTotal:        4016004 kB
MemFree:         2544260 kB
Active:           442336 kB
Mem:          3.8G       1.4G       2.4G       5.7M        55M       967M

MemTotal:        4016004 kB
MemFree:         2538300 kB
Active:           442364 kB
Mem:          3.8G       1.4G       2.4G       5.7M        55M       972M

MemTotal:        4016004 kB
MemFree:         2533912 kB
Active:           442372 kB
Mem:          3.8G       1.4G       2.4G       5.7M        55M       977M

MemTotal:        4016004 kB
MemFree:         2530136 kB
Active:           442368 kB
Mem:          3.8G       1.4G       2.4G       5.7M        55M       980M

MemTotal:        4016004 kB
MemFree:         2526696 kB
Active:           442412 kB
Mem:          3.8G       1.4G       2.4G       5.7M        55M       983M

MemTotal:        4016004 kB
MemFree:         2494976 kB
Active:           442412 kB
Mem:          3.8G       1.5G       2.4G       5.7M        55M       1.0G

MemTotal:        4016004 kB
MemFree:         2482708 kB
Active:           442416 kB
Mem:          3.8G       1.5G       2.4G       5.7M        55M       1.0G

MemTotal:        4016004 kB
MemFree:         2480244 kB
Active:           442448 kB
Mem:          3.8G       1.5G       2.4G       5.7M        55M       1.0G

MemTotal:        4016004 kB
MemFree:         2476576 kB
Active:           442472 kB
Mem:          3.8G       1.5G       2.4G       5.7M        55M       1.0G

MemTotal:        4016004 kB
MemFree:         2472696 kB
Active:           442484 kB
Mem:          3.8G       1.5G       2.4G       5.7M        55M       1.0G

MemTotal:        4016004 kB
MemFree:         2467492 kB
Active:           442448 kB
Mem:          3.8G       1.5G       2.4G       5.7M        55M       1.0G

MemTotal:        4016004 kB
MemFree:         2386952 kB
Active:           442484 kB
Mem:          3.8G       1.6G       2.3G       5.7M        55M       1.1G

MemTotal:        4016004 kB
MemFree:         2259952 kB
Active:           442492 kB
Mem:          3.8G       1.7G       2.2G       5.7M        55M       1.2G

MemTotal:        4016004 kB
MemFree:         2130580 kB
Active:           442492 kB
Mem:          3.8G       1.8G       2.0G       5.7M        55M       1.3G

MemTotal:        4016004 kB
MemFree:         2122828 kB
Active:           442492 kB
Mem:          3.8G       1.8G       2.0G       5.7M        55M       1.3G

MemTotal:        4016004 kB
MemFree:         2025280 kB
Active:           442484 kB
Mem:          3.8G       1.9G       1.9G       5.7M        55M       1.4G

MemTotal:        4016004 kB
MemFree:         1973688 kB
Active:           442456 kB
Mem:          3.8G       1.9G       1.9G       5.7M        55M       1.5G

MemTotal:        4016004 kB
MemFree:         1973192 kB
Active:           442492 kB
Mem:          3.8G       1.9G       1.9G       5.7M        55M       1.5G

MemTotal:        4016004 kB
MemFree:         1914556 kB
Active:           442476 kB
Mem:          3.8G       2.0G       1.8G       5.7M        55M       1.5G

MemTotal:        4016004 kB
MemFree:         1882944 kB
Active:           442520 kB
Mem:          3.8G       2.0G       1.8G       5.7M        55M       1.6G

MemTotal:        4016004 kB
MemFree:         1877624 kB
Active:           444556 kB
Mem:          3.8G       2.0G       1.8G       5.7M        55M       1.6G

MemTotal:        4016004 kB
MemFree:         1875688 kB
Active:           444556 kB
Mem:          3.8G       2.0G       1.8G       5.7M        55M       1.6G

MemTotal:        4016004 kB
MemFree:         1875788 kB
Active:           444524 kB
Mem:          3.8G       2.0G       1.8G       5.7M        55M       1.6G

MemTotal:        4016004 kB
MemFree:         1796752 kB
Active:           444560 kB
Mem:          3.8G       2.1G       1.7G       5.7M        55M       1.6G

MemTotal:        4016004 kB
MemFree:         1669752 kB
Active:           444532 kB
Mem:          3.8G       2.2G       1.6G       5.7M        55M       1.8G

MemTotal:        4016004 kB
MemFree:         1544224 kB
Active:           444524 kB
Mem:          3.8G       2.4G       1.5G       5.7M        55M       1.9G

MemTotal:        4016004 kB
MemFree:         1458320 kB
Active:           444516 kB
Mem:          3.8G       2.4G       1.4G       5.7M        55M       2.0G

MemTotal:        4016004 kB
MemFree:         1447096 kB
Active:           444584 kB
Mem:          3.8G       2.4G       1.4G       5.7M        55M       2.0G

MemTotal:        4016004 kB
MemFree:         1445360 kB
Active:           444576 kB
Mem:          3.8G       2.5G       1.4G       5.7M        55M       2.0G

MemTotal:        4016004 kB
MemFree:         1408820 kB
Active:           444572 kB
Mem:          3.8G       2.5G       1.3G       5.7M        55M       2.0G

MemTotal:        4016004 kB
MemFree:         1382036 kB
Active:           444564 kB
Mem:          3.8G       2.5G       1.3G       5.7M        55M       2.0G

MemTotal:        4016004 kB
MemFree:         1304236 kB
Active:           444560 kB
Mem:          3.8G       2.6G       1.2G       5.7M        55M       2.1G

MemTotal:        4016004 kB
MemFree:         1297224 kB
Active:           444616 kB
Mem:          3.8G       2.6G       1.2G       5.7M        55M       2.1G

MemTotal:        4016004 kB
MemFree:         1294164 kB
Active:           444612 kB
Mem:          3.8G       2.6G       1.2G       5.7M        55M       2.1G

MemTotal:        4016004 kB
MemFree:         1210552 kB
Active:           444576 kB
Mem:          3.8G       2.7G       1.2G       5.7M        55M       2.2G

MemTotal:        4016004 kB
MemFree:         1098092 kB
Active:           444572 kB
Mem:          3.8G       2.8G       1.0G       5.7M        55M       2.3G

MemTotal:        4016004 kB
MemFree:         1058772 kB
Active:           444572 kB
Mem:          3.8G       2.8G       1.0G       5.7M        55M       2.3G

MemTotal:        4016004 kB
MemFree:         1033492 kB
Active:           444632 kB
Mem:          3.8G       2.8G       1.0G       5.7M        55M       2.4G

MemTotal:        4016004 kB
MemFree:          990036 kB
Active:           444636 kB
Mem:          3.8G       2.9G       966M       5.7M        55M       2.4G

MemTotal:        4016004 kB
MemFree:          977304 kB
Active:           442820 kB
Mem:          3.8G       2.9G       952M       5.7M        55M       2.4G

MemTotal:        4016004 kB
MemFree:          865048 kB
Active:           444788 kB
Mem:          3.8G       3.0G       843M       5.7M        55M       2.5G

MemTotal:        4016004 kB
MemFree:          750464 kB
Active:           444788 kB
Mem:          3.8G       3.1G       730M       5.7M        55M       2.6G

MemTotal:        4016004 kB
MemFree:          705596 kB
Active:           444788 kB
Mem:          3.8G       3.2G       688M       5.7M        55M       2.7G

MemTotal:        4016004 kB
MemFree:          702368 kB
Active:           444784 kB
Mem:          3.8G       3.2G       685M       5.7M        55M       2.7G

MemTotal:        4016004 kB
MemFree:          699000 kB
Active:           444784 kB
Mem:          3.8G       3.2G       682M       5.7M        55M       2.7G

MemTotal:        4016004 kB
MemFree:          696128 kB
Active:           444824 kB
Mem:          3.8G       3.2G       679M       5.7M        55M       2.7G

MemTotal:        4016004 kB
MemFree:          692348 kB
Active:           444828 kB
Mem:          3.8G       3.2G       675M       5.7M        55M       2.7G

MemTotal:        4016004 kB
MemFree:          686508 kB
Active:           444828 kB
Mem:          3.8G       3.2G       670M       5.7M        55M       2.7G

MemTotal:        4016004 kB
MemFree:          564068 kB
Active:           444836 kB
Mem:          3.8G       3.3G       547M       5.7M        55M       2.8G

MemTotal:        4016004 kB
MemFree:          512640 kB
Active:           442884 kB
Mem:          3.8G       3.3G       500M       5.7M        55M       2.9G

MemTotal:        4016004 kB
MemFree:          508404 kB
Active:           444852 kB
Mem:          3.8G       3.3G       495M       5.7M        55M       2.9G

MemTotal:        4016004 kB
MemFree:          504848 kB
Active:           444896 kB
Mem:          3.8G       3.3G       492M       5.7M        55M       2.9G

MemTotal:        4016004 kB
MemFree:          501732 kB
Active:           444896 kB
Mem:          3.8G       3.4G       489M       5.7M        55M       2.9G

MemTotal:        4016004 kB
MemFree:          414184 kB
Active:           444904 kB
Mem:          3.8G       3.4G       401M       5.7M        55M       2.9G

MemTotal:        4016004 kB
MemFree:          299600 kB
Active:           444852 kB
Mem:          3.8G       3.5G       290M       5.7M        55M       3.1G

MemTotal:        4016004 kB
MemFree:          166384 kB
Active:           444896 kB
Mem:          3.8G       3.7G       160M       5.7M        55M       3.2G

MemTotal:        4016004 kB
MemFree:          117596 kB
Active:           453932 kB
Mem:          3.8G       3.7G       132M       5.7M        20M       3.2G

MemTotal:        4016004 kB
MemFree:          128252 kB
Active:           501988 kB
Mem:          3.8G       3.7G       121M       5.7M        20M       3.2G

MemTotal:        4016004 kB
MemFree:          124368 kB
Active:           502040 kB
Mem:          3.8G       3.7G       121M       5.7M        20M       3.2G

MemTotal:        4016004 kB
MemFree:          122444 kB
Active:           501836 kB
Mem:          3.8G       3.7G       119M       5.7M        20M       3.3G

MemTotal:        4016004 kB
MemFree:          118708 kB
Active:           501840 kB
Mem:          3.8G       3.7G       115M       5.7M        20M       3.3G

MemTotal:        4016004 kB
MemFree:          130720 kB
Active:           494560 kB
Mem:          3.8G       3.7G       127M       5.7M        20M       3.2G

MemTotal:        4016004 kB
MemFree:          125896 kB
Active:           494436 kB
Mem:          3.8G       3.7G       122M       5.7M        20M       3.2G

MemTotal:        4016004 kB
MemFree:          124460 kB
Active:           494480 kB
Mem:          3.8G       3.7G       120M       5.7M        20M       3.2G

MemTotal:        4016004 kB
MemFree:          119168 kB
Active:           494492 kB
Mem:          3.8G       3.7G       116M       5.7M        20M       3.3G

MemTotal:        4016004 kB
MemFree:          116124 kB
Active:           494480 kB
Mem:          3.8G       3.7G       112M       5.7M        20M       3.3G

MemTotal:        4016004 kB
MemFree:          112668 kB
Active:           494516 kB
Mem:          3.8G       3.7G       109M       5.7M        20M       3.3G

MemTotal:        4016004 kB
MemFree:          115100 kB
Active:           482592 kB
Mem:          3.8G       3.7G       109M       5.7M        20M       3.3G

MemTotal:        4016004 kB
MemFree:          133940 kB
Active:           468136 kB
Mem:          3.8G       3.7G       129M       5.7M        20M       3.2G

MemTotal:        4016004 kB
MemFree:          152764 kB
Active:           451116 kB
Mem:          3.8G       3.7G       148M       5.7M        20M       3.2G

MemTotal:        4016004 kB
MemFree:          117668 kB
Active:           449196 kB
Mem:          3.8G       3.7G       113M       5.7M        20M       3.3G

MemTotal:        4016004 kB
MemFree:          126380 kB
Active:           442372 kB
Mem:          3.8G       3.7G       123M       5.7M        20M       3.2G

MemTotal:        4016004 kB
MemFree:          124712 kB
Active:           441980 kB
Mem:          3.8G       3.7G       121M       5.7M        20M       3.2G

MemTotal:        4016004 kB
MemFree:          121316 kB
Active:           440920 kB
Mem:          3.8G       3.7G       121M       5.7M        20M       3.2G

MemTotal:        4016004 kB
MemFree:          131316 kB
Active:           434748 kB
Mem:          3.8G       3.7G       127M       5.7M        20M       3.2G

MemTotal:        4016004 kB
MemFree:          128564 kB
Active:           434628 kB
Mem:          3.8G       3.7G       125M       5.7M        20M       3.2G

MemTotal:        4016004 kB
MemFree:          110108 kB
Active:           434628 kB
Mem:          3.8G       3.7G       105M       5.7M        20M       3.3G

MemTotal:        4016004 kB
MemFree:          130044 kB
Active:           432712 kB
Mem:          3.8G       3.7G       126M       5.7M        21M       3.2G

MemTotal:        4016004 kB
MemFree:          126572 kB
Active:           432720 kB
Mem:          3.8G       3.7G       123M       5.7M        21M       3.2G

MemTotal:        4016004 kB
MemFree:          123068 kB
Active:           432732 kB
Mem:          3.8G       3.7G       120M       5.7M        21M       3.3G

MemTotal:        4016004 kB
MemFree:          120064 kB
Active:           432716 kB
Mem:          3.8G       3.7G       116M       5.7M        21M       3.3G

MemTotal:        4016004 kB
MemFree:          108968 kB
Active:           432668 kB
Mem:          3.8G       3.7G       104M       5.7M        21M       3.3G

MemTotal:        4016004 kB
MemFree:          126860 kB
Active:           429276 kB
Mem:          3.8G       3.7G       122M       5.7M        21M       3.2G

MemTotal:        4016004 kB
MemFree:          131972 kB
Active:           423320 kB
Mem:          3.8G       3.7G       124M       5.7M        21M       3.2G

MemTotal:        4016004 kB
MemFree:          127040 kB
Active:           420640 kB
Mem:          3.8G       3.7G       123M       5.7M        21M       3.2G

MemTotal:        4016004 kB
MemFree:          126112 kB
Active:           418744 kB
Mem:          3.8G       3.7G       122M       5.7M        21M       3.2G

MemTotal:        4016004 kB
MemFree:          120896 kB
Active:           418632 kB
Mem:          3.8G       3.7G       117M       5.7M        21M       3.3G

MemTotal:        4016004 kB
MemFree:          141340 kB
Active:           417352 kB
Mem:          3.8G       3.7G       138M       5.7M        21M       3.2G

MemTotal:        4016004 kB
MemFree:          138980 kB
Active:           417352 kB
Mem:          3.8G       3.7G       135M       5.7M        21M       3.2G

MemTotal:        4016004 kB
MemFree:          114440 kB
Active:           413208 kB
Mem:          3.8G       3.7G       110M       5.7M        21M       3.3G

MemTotal:        4016004 kB
MemFree:          138276 kB
Active:           411404 kB
Mem:          3.8G       3.7G       134M       5.7M        21M       3.2G

MemTotal:        4016004 kB
MemFree:          134824 kB
Active:           411296 kB
Mem:          3.8G       3.7G       131M       5.7M        21M       3.2G

MemTotal:        4016004 kB
MemFree:          130936 kB
Active:           411516 kB
Mem:          3.8G       3.7G       127M       5.7M        21M       3.2G

MemTotal:        4016004 kB
MemFree:          130728 kB
Active:           411528 kB
Mem:          3.8G       3.7G       127M       5.7M        21M       3.2G

MemTotal:        4016004 kB
MemFree:          128576 kB
Active:           411376 kB
Mem:          3.8G       3.7G       123M       5.7M        21M       3.2G

MemTotal:        4016004 kB
MemFree:          125224 kB
Active:           408608 kB
Mem:          3.8G       3.7G       120M       5.7M        21M       3.2G

MemTotal:        4016004 kB
MemFree:          134020 kB
Active:           404384 kB
Mem:          3.8G       3.7G       129M       5.7M        21M       3.2G

MemTotal:        4016004 kB
MemFree:          126736 kB
Active:           401448 kB
Mem:          3.8G       3.7G       123M       5.7M        21M       3.2G

MemTotal:        4016004 kB
MemFree:          125244 kB
Active:           401296 kB
Mem:          3.8G       3.7G       122M       5.7M        21M       3.2G

MemTotal:        4016004 kB
MemFree:          116068 kB
Active:           400184 kB
Mem:          3.8G       3.7G       112M       5.7M        21M       3.3G

MemTotal:        4016004 kB
MemFree:          134424 kB
Active:           397476 kB
Mem:          3.8G       3.7G       131M       5.7M        21M       3.2G

MemTotal:        4016004 kB
MemFree:          126044 kB
Active:           396316 kB
Mem:          3.8G       3.7G       120M       5.7M        21M       3.2G

MemTotal:        4016004 kB
MemFree:          141592 kB
Active:           394652 kB
Mem:          3.8G       3.7G       138M       5.7M        21M       3.2G

MemTotal:        4016004 kB
MemFree:          139872 kB
Active:           394704 kB
Mem:          3.8G       3.7G       136M       5.7M        21M       3.2G

MemTotal:        4016004 kB
MemFree:          139136 kB
Active:           394676 kB
Mem:          3.8G       3.7G       136M       5.7M        21M       3.2G

MemTotal:        4016004 kB
MemFree:          139172 kB
Active:           394680 kB
Mem:          3.8G       3.7G       136M       5.7M        21M       3.2G

MemTotal:        4016004 kB
MemFree:          114868 kB
Active:           393996 kB
Mem:          3.8G       3.7G       131M       5.7M        21M       3.2G

MemTotal:        4016004 kB
MemFree:          134888 kB
Active:           387692 kB
Mem:          3.8G       3.7G       129M       5.7M        21M       3.2G

MemTotal:        4016004 kB
MemFree:          124940 kB
Active:           385176 kB
Mem:          3.8G       3.7G       131M       5.7M        21M       3.2G

MemTotal:        4016004 kB
MemFree:          134572 kB
Active:           381720 kB
Mem:          3.8G       3.7G       129M       5.7M        21M       3.2G

MemTotal:        4016004 kB
MemFree:          139144 kB
Active:           380292 kB
Mem:          3.8G       3.7G       136M       5.7M        21M       3.2G

MemTotal:        4016004 kB
MemFree:          139364 kB
Active:           378104 kB
Mem:          3.8G       3.7G       136M       5.7M        21M       3.2G

MemTotal:        4016004 kB
MemFree:          127436 kB
Active:           377924 kB
Mem:          3.8G       3.7G       122M       5.7M        21M       3.2G

MemTotal:        4016004 kB
MemFree:          127896 kB
Active:           377248 kB
Mem:          3.8G       3.7G       124M       5.7M        21M       3.2G

MemTotal:        4016004 kB
MemFree:          129044 kB
Active:           376920 kB
Mem:          3.8G       3.7G       125M       5.7M        21M       3.2G

MemTotal:        4016004 kB
MemFree:          126808 kB
Active:           376928 kB
Mem:          3.8G       3.7G       123M       5.7M        21M       3.2G

MemTotal:        4016004 kB
MemFree:          124704 kB
Active:           376940 kB
Mem:          3.8G       3.7G       121M       5.7M        21M       3.2G

MemTotal:        4016004 kB
MemFree:          122940 kB
Active:           377000 kB
Mem:          3.8G       3.7G       119M       5.7M        21M       3.2G

MemTotal:        4016004 kB
MemFree:          145496 kB
Active:           376996 kB
Mem:          3.8G       3.7G       140M       5.7M        21M       3.2G

MemTotal:        4016004 kB
MemFree:          137040 kB
Active:           376856 kB
Mem:          3.8G       3.7G       133M       5.7M        21M       3.2G

MemTotal:        4016004 kB
MemFree:          131608 kB
Active:           375368 kB
Mem:          3.8G       3.7G       126M       5.7M        21M       3.2G

MemTotal:        4016004 kB
MemFree:          115368 kB
Active:           375012 kB
Mem:          3.8G       3.7G       134M       5.7M        21M       3.2G

MemTotal:        4016004 kB
MemFree:          129732 kB
Active:           374804 kB
Mem:          3.8G       3.7G       124M       5.7M        21M       3.2G

MemTotal:        4016004 kB
MemFree:          130940 kB
Active:           374812 kB
Mem:          3.8G       3.7G       127M       5.7M        21M       3.2G

MemTotal:        4016004 kB
MemFree:          116272 kB
Active:           374864 kB
Mem:          3.8G       3.7G       110M       5.7M        21M       3.3G

MemTotal:        4016004 kB
MemFree:          113492 kB
Active:           374848 kB
Mem:          3.8G       3.7G       108M       5.7M        21M       3.3G

MemTotal:        4016004 kB
MemFree:          136476 kB
Active:           374952 kB
Mem:          3.8G       3.7G       130M       5.7M        21M       3.2G

MemTotal:        4016004 kB
MemFree:          141796 kB
Active:           375032 kB
Mem:          3.8G       3.7G       138M       5.7M        21M       3.2G

MemTotal:        4016004 kB
MemFree:          137396 kB
Active:           376892 kB
Mem:          3.8G       3.7G       134M       5.7M        21M       3.2G

MemTotal:        4016004 kB
MemFree:          136988 kB
Active:           376860 kB
Mem:          3.8G       3.7G       133M       5.7M        21M       3.2G

MemTotal:        4016004 kB
MemFree:          135476 kB
Active:           377000 kB
Mem:          3.8G       3.7G       132M       5.7M        21M       3.2G

MemTotal:        4016004 kB
MemFree:          121004 kB
Active:           376108 kB
Mem:          3.8G       3.7G       115M       5.7M        21M       3.3G

MemTotal:        4016004 kB
MemFree:          121204 kB
Active:           375392 kB
Mem:          3.8G       3.7G       116M       5.7M        21M       3.2G

MemTotal:        4016004 kB
MemFree:          126024 kB
Active:           375392 kB
Mem:          3.8G       3.7G       122M       5.7M        21M       3.2G

MemTotal:        4016004 kB
MemFree:          139848 kB
Active:           375404 kB
Mem:          3.8G       3.7G       135M       5.7M        21M       3.2G

MemTotal:        4016004 kB
MemFree:          143912 kB
Active:           375412 kB
Mem:          3.8G       3.7G       140M       5.7M        21M       3.2G

MemTotal:        4016004 kB
MemFree:          117772 kB
Active:           375140 kB
Mem:          3.8G       3.7G       121M       5.7M        21M       3.2G

MemTotal:        4016004 kB
MemFree:          130368 kB
Active:           375084 kB
Mem:          3.8G       3.7G       127M       5.7M        21M       3.2G

MemTotal:        4016004 kB
MemFree:          129112 kB
Active:           376240 kB
Mem:          3.8G       3.7G       124M       5.7M        21M       3.2G

MemTotal:        4016004 kB
MemFree:          119436 kB
Active:           376252 kB
Mem:          3.8G       3.7G       116M       5.7M        21M       3.2G

MemTotal:        4016004 kB
MemFree:          118904 kB
Active:           376220 kB
Mem:          3.8G       3.7G       116M       5.7M        21M       3.2G

MemTotal:        4016004 kB
MemFree:          119496 kB
Active:           376256 kB
Mem:          3.8G       3.7G       116M       5.7M        21M       3.2G

MemTotal:        4016004 kB
MemFree:          107712 kB
Active:           376276 kB
Mem:          3.8G       3.7G       103M       5.7M        21M       3.3G

MemTotal:        4016004 kB
MemFree:          138248 kB
Active:           376148 kB
Mem:          3.8G       3.7G       132M       5.7M        21M       3.2G

MemTotal:        4016004 kB
MemFree:          130068 kB
Active:           372904 kB
Mem:          3.8G       3.7G       125M       5.7M        21M       3.2G

MemTotal:        4016004 kB
MemFree:          136864 kB
Active:           372912 kB
Mem:          3.8G       3.7G       131M       5.7M        21M       3.2G

MemTotal:        4016004 kB
MemFree:          136660 kB
Active:           372788 kB
Mem:          3.8G       3.7G       133M       5.7M        21M       3.2G

MemTotal:        4016004 kB
MemFree:          141940 kB
Active:           372768 kB
Mem:          3.8G       3.7G       138M       5.7M        21M       3.2G

MemTotal:        4016004 kB
MemFree:          138796 kB
Active:           372704 kB
Mem:          3.8G       3.7G       135M       5.7M        21M       3.2G

MemTotal:        4016004 kB
MemFree:          107724 kB
Active:           372648 kB
Mem:          3.8G       3.7G       104M       5.7M        21M       3.3G

MemTotal:        4016004 kB
MemFree:          120664 kB
Active:           372664 kB
Mem:          3.8G       3.7G       115M       5.7M        21M       3.2G

MemTotal:        4016004 kB
MemFree:          133188 kB
Active:           372112 kB
Mem:          3.8G       3.7G       130M       5.7M        21M       3.2G

MemTotal:        4016004 kB
MemFree:          131156 kB
Active:           372108 kB
Mem:          3.8G       3.7G       128M       5.7M        21M       3.2G

MemTotal:        4016004 kB
MemFree:          130788 kB
Active:           372080 kB
Mem:          3.8G       3.7G       127M       5.7M        21M       3.2G

MemTotal:        4016004 kB
MemFree:          129212 kB
Active:           372104 kB
Mem:          3.8G       3.7G       125M       5.7M        21M       3.2G

MemTotal:        4016004 kB
MemFree:          130468 kB
Active:           372104 kB
Mem:          3.8G       3.7G       125M       5.7M        21M       3.2G

MemTotal:        4016004 kB
MemFree:          123144 kB
Active:           372096 kB
Mem:          3.8G       3.7G       128M       5.7M        21M       3.2G

MemTotal:        4016004 kB
MemFree:          136212 kB
Active:           369592 kB
Mem:          3.8G       3.7G       130M       5.7M        21M       3.2G

MemTotal:        4016004 kB
MemFree:          141200 kB
Active:           367744 kB
Mem:          3.8G       3.7G       137M       5.7M        21M       3.2G

MemTotal:        4016004 kB
MemFree:          136212 kB
Active:           369772 kB
Mem:          3.8G       3.7G       132M       5.7M        21M       3.2G

MemTotal:        4016004 kB
MemFree:          106776 kB
Active:           369784 kB
Mem:          3.8G       3.7G       115M       5.7M        21M       3.2G

MemTotal:        4016004 kB
MemFree:          147052 kB
Active:           369688 kB
Mem:          3.8G       3.7G       143M       5.7M        21M       3.2G

MemTotal:        4016004 kB
MemFree:          112900 kB
Active:           369672 kB
Mem:          3.8G       3.7G       110M       5.7M        21M       3.3G

MemTotal:        4016004 kB
MemFree:          112068 kB
Active:           369692 kB
Mem:          3.8G       3.7G       109M       5.7M        21M       3.3G

MemTotal:        4016004 kB
MemFree:          111308 kB
Active:           369696 kB
Mem:          3.8G       3.7G       108M       5.7M        21M       3.3G

MemTotal:        4016004 kB
MemFree:          110104 kB
Active:           369696 kB
Mem:          3.8G       3.7G       107M       5.7M        21M       3.3G

MemTotal:        4016004 kB
MemFree:          132012 kB
Active:           369148 kB
Mem:          3.8G       3.7G       125M       5.7M        21M       3.2G

MemTotal:        4016004 kB
MemFree:          130128 kB
Active:           369012 kB
Mem:          3.8G       3.7G       125M       5.7M        21M       3.2G

MemTotal:        4016004 kB
MemFree:          128528 kB
Active:           368128 kB
Mem:          3.8G       3.7G       124M       5.7M        21M       3.2G

MemTotal:        4016004 kB
MemFree:          134504 kB
Active:           361988 kB
Mem:          3.8G       3.7G       131M       5.7M        21M       3.2G

MemTotal:        4016004 kB
MemFree:          126944 kB
Active:           361660 kB
Mem:          3.8G       3.7G       123M       5.7M        21M       3.2G

MemTotal:        4016004 kB
MemFree:          130460 kB
Active:           361772 kB
Mem:          3.8G       3.7G       127M       5.7M        21M       3.2G

MemTotal:        4016004 kB
MemFree:          128144 kB
Active:           361824 kB
Mem:          3.8G       3.7G       125M       5.7M        21M       3.2G

MemTotal:        4016004 kB
MemFree:          108832 kB
Active:           361868 kB
Mem:          3.8G       3.7G       105M       5.7M        21M       3.3G

MemTotal:        4016004 kB
MemFree:          139128 kB
Active:           361896 kB
Mem:          3.8G       3.7G       135M       5.7M        21M       3.2G

MemTotal:        4016004 kB
MemFree:          139132 kB
Active:           361916 kB
Mem:          3.8G       3.7G       135M       5.7M        21M       3.2G

MemTotal:        4016004 kB
MemFree:          138696 kB
Active:           361900 kB
Mem:          3.8G       3.7G       135M       5.7M        21M       3.2G

MemTotal:        4016004 kB
MemFree:          138604 kB
Active:           361892 kB
Mem:          3.8G       3.7G       135M       5.7M        21M       3.2G

MemTotal:        4016004 kB
MemFree:          121632 kB
Active:           361996 kB
Mem:          3.8G       3.7G       116M       5.7M        21M       3.2G

MemTotal:        4016004 kB
MemFree:          121608 kB
Active:           362100 kB
Mem:          3.8G       3.7G       117M       5.7M        21M       3.2G

MemTotal:        4016004 kB
MemFree:          119960 kB
Active:           359244 kB
Mem:          3.8G       3.7G       114M       5.7M        21M       3.2G

MemTotal:        4016004 kB
MemFree:          112188 kB
Active:           359452 kB
Mem:          3.8G       3.7G       109M       5.7M        21M       3.2G

MemTotal:        4016004 kB
MemFree:          148464 kB
Active:           359520 kB
Mem:          3.8G       3.7G       144M       5.7M        21M       3.2G

MemTotal:        4016004 kB
MemFree:          148164 kB
Active:           358776 kB
Mem:          3.8G       3.7G       142M       5.7M        21M       3.2G

MemTotal:        4016004 kB
MemFree:          144680 kB
Active:           358676 kB
Mem:          3.8G       3.7G       141M       5.7M        21M       3.2G

MemTotal:        4016004 kB
MemFree:          140688 kB
Active:           358700 kB
Mem:          3.8G       3.7G       136M       5.7M        21M       3.2G

MemTotal:        4016004 kB
MemFree:          138380 kB
Active:           358676 kB
Mem:          3.8G       3.7G       134M       5.7M        21M       3.2G

MemTotal:        4016004 kB
MemFree:          136864 kB
Active:           358720 kB
Mem:          3.8G       3.7G       133M       5.7M        21M       3.2G

MemTotal:        4016004 kB
MemFree:          135268 kB
Active:           358700 kB
Mem:          3.8G       3.7G       131M       5.7M        21M       3.2G

MemTotal:        4016004 kB
MemFree:          121384 kB
Active:           358692 kB
Mem:          3.8G       3.7G       116M       5.7M        21M       3.2G

MemTotal:        4016004 kB
MemFree:          140352 kB
Active:           356496 kB
Mem:          3.8G       3.7G       137M       5.7M        21M       3.2G

MemTotal:        4016004 kB
MemFree:          134424 kB
Active:           356520 kB
Mem:          3.8G       3.7G       130M       5.7M        21M       3.2G

MemTotal:        4016004 kB
MemFree:          121588 kB
Active:           356520 kB
Mem:          3.8G       3.7G       116M       5.7M        21M       3.2G

MemTotal:        4016004 kB
MemFree:          119504 kB
Active:           356520 kB
Mem:          3.8G       3.7G       115M       5.7M        21M       3.2G

MemTotal:        4016004 kB
MemFree:          149384 kB
Active:           356520 kB
Mem:          3.8G       3.7G       145M       5.7M        21M       3.2G

MemTotal:        4016004 kB
MemFree:          136912 kB
Active:           356520 kB
Mem:          3.8G       3.7G       133M       5.7M        21M       3.2G

MemTotal:        4016004 kB
MemFree:          142712 kB
Active:           353900 kB
Mem:          3.8G       3.7G       137M       5.7M        21M       3.2G

MemTotal:        4016004 kB
MemFree:          136728 kB
Active:           353664 kB
Mem:          3.8G       3.7G       133M       5.7M        21M       3.2G

MemTotal:        4016004 kB
MemFree:          136420 kB
Active:           354432 kB
Mem:          3.8G       3.7G       133M       5.7M        21M       3.2G

MemTotal:        4016004 kB
MemFree:          134304 kB
Active:           354428 kB
Mem:          3.8G       3.7G       131M       5.7M        21M       3.2G

MemTotal:        4016004 kB
MemFree:          134000 kB
Active:           354428 kB
Mem:          3.8G       3.7G       130M       5.7M        21M       3.2G

MemTotal:        4016004 kB
MemFree:          133044 kB
Active:           354388 kB
Mem:          3.8G       3.7G       129M       5.7M        21M       3.2G

MemTotal:        4016004 kB
MemFree:          132264 kB
Active:           351796 kB
Mem:          3.8G       3.7G       126M       5.7M        21M       3.2G

MemTotal:        4016004 kB
MemFree:          145988 kB
Active:           351788 kB
Mem:          3.8G       3.7G       139M       5.7M        21M       3.2G

MemTotal:        4016004 kB
MemFree:          111716 kB
Active:           351760 kB
Mem:          3.8G       3.7G       107M       5.7M        21M       3.2G

MemTotal:        4016004 kB
MemFree:          125368 kB
Active:           351800 kB
Mem:          3.8G       3.7G       122M       5.7M        21M       3.2G

MemTotal:        4016004 kB
MemFree:          114912 kB
Active:           351812 kB
Mem:          3.8G       3.7G       112M       5.7M        21M       3.2G

MemTotal:        4016004 kB
MemFree:          122772 kB
Active:           348400 kB
Mem:          3.8G       3.7G       120M       5.7M        21M       3.2G

MemTotal:        4016004 kB
MemFree:          126188 kB
Active:           348404 kB
Mem:          3.8G       3.7G       121M       5.7M        21M       3.2G

MemTotal:        4016004 kB
MemFree:          130712 kB
Active:           348404 kB
Mem:          3.8G       3.7G       127M       5.7M        21M       3.2G

MemTotal:        4016004 kB
MemFree:          130000 kB
Active:           348420 kB
Mem:          3.8G       3.7G       126M       5.7M        21M       3.2G

MemTotal:        4016004 kB
MemFree:          129248 kB
Active:           348420 kB
Mem:          3.8G       3.7G       126M       5.7M        21M       3.2G

MemTotal:        4016004 kB
MemFree:          129812 kB
Active:           348424 kB
Mem:          3.8G       3.7G       126M       5.7M        21M       3.2G

MemTotal:        4016004 kB
MemFree:          104776 kB
Active:           348396 kB
Mem:          3.8G       3.7G       123M       5.7M        21M       3.2G

MemTotal:        4016004 kB
MemFree:          106000 kB
Active:           348420 kB
Mem:          3.8G       3.7G       123M       5.7M        21M       3.2G

MemTotal:        4016004 kB
MemFree:          143800 kB
Active:           348428 kB
Mem:          3.8G       3.7G       138M       5.7M        21M       3.2G

MemTotal:        4016004 kB
MemFree:          127248 kB
Active:           348436 kB
Mem:          3.8G       3.7G       122M       5.7M        21M       3.2G

MemTotal:        4016004 kB
MemFree:          144936 kB
Active:           348448 kB
Mem:          3.8G       3.7G       141M       5.7M        21M       3.2G

MemTotal:        4016004 kB
MemFree:          139024 kB
Active:           349808 kB
Mem:          3.8G       3.7G       135M       5.7M        21M       3.2G

MemTotal:        4016004 kB
MemFree:          127444 kB
Active:           349804 kB
Mem:          3.8G       3.7G       125M       5.7M        21M       3.2G

MemTotal:        4016004 kB
MemFree:          126488 kB
Active:           349808 kB
Mem:          3.8G       3.7G       123M       5.7M        21M       3.2G

MemTotal:        4016004 kB
MemFree:          128036 kB
Active:           349816 kB
Mem:          3.8G       3.7G       125M       5.7M        21M       3.2G

MemTotal:        4016004 kB
MemFree:          128132 kB
Active:           349816 kB
Mem:          3.8G       3.7G       124M       5.7M        21M       3.2G

MemTotal:        4016004 kB
MemFree:          126972 kB
Active:           349832 kB
Mem:          3.8G       3.7G       123M       5.7M        21M       3.2G

MemTotal:        4016004 kB
MemFree:          125952 kB
Active:           349828 kB
Mem:          3.8G       3.7G       123M       5.7M        21M       3.2G

MemTotal:        4016004 kB
MemFree:          130756 kB
Active:           349832 kB
Mem:          3.8G       3.7G       127M       5.7M        21M       3.2G

MemTotal:        4016004 kB
MemFree:          132756 kB
Active:           349848 kB
Mem:          3.8G       3.7G       127M       5.7M        21M       3.2G

MemTotal:        4016004 kB
MemFree:          123372 kB
Active:           349848 kB
Mem:          3.8G       3.7G       118M       5.7M        21M       3.2G

MemTotal:        4016004 kB
MemFree:          118324 kB
Active:           349852 kB
Mem:          3.8G       3.7G       115M       5.7M        21M       3.2G

MemTotal:        4016004 kB
MemFree:          131712 kB
Active:           349868 kB
Mem:          3.8G       3.7G       128M       5.7M        21M       3.2G

MemTotal:        4016004 kB
MemFree:          124632 kB
Active:           349568 kB
Mem:          3.8G       3.7G       121M       5.7M        21M       3.2G

MemTotal:        4016004 kB
MemFree:          124880 kB
Active:           349516 kB
Mem:          3.8G       3.7G       121M       5.7M        21M       3.2G

MemTotal:        4016004 kB
MemFree:          124880 kB
Active:           349576 kB
Mem:          3.8G       3.7G       121M       5.7M        21M       3.2G

MemTotal:        4016004 kB
MemFree:          124880 kB
Active:           349552 kB
Mem:          3.8G       3.7G       121M       5.7M        21M       3.2G

MemTotal:        4016004 kB
MemFree:          124756 kB
Active:           349576 kB
Mem:          3.8G       3.7G       121M       5.7M        21M       3.2G

MemTotal:        4016004 kB
MemFree:          124344 kB
Active:           349576 kB
Mem:          3.8G       3.7G       121M       5.7M        21M       3.2G

MemTotal:        4016004 kB
MemFree:          123808 kB
Active:           349592 kB
Mem:          3.8G       3.7G       121M       5.7M        21M       3.2G

MemTotal:        4016004 kB
MemFree:          124336 kB
Active:           349556 kB
Mem:          3.8G       3.7G       121M       5.7M        21M       3.2G

MemTotal:        4016004 kB
MemFree:          124660 kB
Active:           349588 kB
Mem:          3.8G       3.7G       121M       5.7M        21M       3.2G

MemTotal:        4016004 kB
MemFree:          124660 kB
Active:           349604 kB
Mem:          3.8G       3.7G       121M       5.7M        21M       3.2G

MemTotal:        4016004 kB
MemFree:          124536 kB
Active:           349552 kB
Mem:          3.8G       3.7G       121M       5.7M        21M       3.2G

MemTotal:        4016004 kB
MemFree:          124536 kB
Active:           349568 kB
Mem:          3.8G       3.7G       121M       5.7M        21M       3.2G

MemTotal:        4016004 kB
MemFree:          124536 kB
Active:           349616 kB
Mem:          3.8G       3.7G       121M       5.7M        21M       3.2G

MemTotal:        4016004 kB
MemFree:          124660 kB
Active:           349612 kB
Mem:          3.8G       3.7G       121M       5.7M        21M       3.2G

MemTotal:        4016004 kB
MemFree:          124660 kB
Active:           349564 kB
Mem:          3.8G       3.7G       121M       5.7M        21M       3.2G

MemTotal:        4016004 kB
MemFree:          124536 kB
Active:           349616 kB
Mem:          3.8G       3.7G       121M       5.7M        21M       3.2G

MemTotal:        4016004 kB
MemFree:          123916 kB
Active:           349620 kB
Mem:          3.8G       3.7G       121M       5.7M        21M       3.2G

MemTotal:        4016004 kB
MemFree:          123792 kB
Active:           349620 kB
Mem:          3.8G       3.7G       121M       5.7M        21M       3.2G

MemTotal:        4016004 kB
MemFree:          122116 kB
Active:           349592 kB
Mem:          3.8G       3.7G       119M       5.7M        21M       3.2G

MemTotal:        4016004 kB
MemFree:          122240 kB
Active:           351620 kB
Mem:          3.8G       3.7G       119M       5.7M        21M       3.2G

MemTotal:        4016004 kB
MemFree:          122116 kB
Active:           351624 kB
Mem:          3.8G       3.7G       119M       5.7M        21M       3.2G

MemTotal:        4016004 kB
MemFree:          122488 kB
Active:           351592 kB
Mem:          3.8G       3.7G       119M       5.7M        21M       3.2G

MemTotal:        4016004 kB
MemFree:          122364 kB
Active:           351612 kB
Mem:          3.8G       3.7G       119M       5.7M        21M       3.2G

MemTotal:        4016004 kB
MemFree:          122488 kB
Active:           351632 kB
Mem:          3.8G       3.7G       119M       5.7M        21M       3.2G

MemTotal:        4016004 kB
MemFree:          122612 kB
Active:           351596 kB
Mem:          3.8G       3.7G       119M       5.7M        21M       3.2G

MemTotal:        4016004 kB
MemFree:          122612 kB
Active:           351612 kB
Mem:          3.8G       3.7G       119M       5.7M        21M       3.2G

MemTotal:        4016004 kB
MemFree:          122488 kB
Active:           351612 kB
Mem:          3.8G       3.7G       119M       5.7M        21M       3.2G

MemTotal:        4016004 kB
MemFree:          122488 kB
Active:           351612 kB
Mem:          3.8G       3.7G       119M       5.7M        21M       3.2G

MemTotal:        4016004 kB
MemFree:          122612 kB
Active:           351652 kB
Mem:          3.8G       3.7G       119M       5.7M        21M       3.2G

MemTotal:        4016004 kB
MemFree:          122612 kB
Active:           351644 kB
Mem:          3.8G       3.7G       119M       5.7M        21M       3.2G

MemTotal:        4016004 kB
MemFree:          122364 kB
Active:           351616 kB
Mem:          3.8G       3.7G       119M       5.7M        21M       3.2G

MemTotal:        4016004 kB
MemFree:          122612 kB
Active:           351616 kB
Mem:          3.8G       3.7G       119M       5.7M        21M       3.2G

MemTotal:        4016004 kB
MemFree:          122488 kB
Active:           351664 kB
Mem:          3.8G       3.7G       119M       5.7M        21M       3.2G

MemTotal:        4016004 kB
MemFree:          122488 kB
Active:           351664 kB
Mem:          3.8G       3.7G       119M       5.7M        21M       3.2G

MemTotal:        4016004 kB
MemFree:          122488 kB
Active:           351624 kB
Mem:          3.8G       3.7G       119M       5.7M        21M       3.2G

MemTotal:        4016004 kB
MemFree:          122488 kB
Active:           351644 kB
Mem:          3.8G       3.7G       119M       5.7M        21M       3.2G

MemTotal:        4016004 kB
MemFree:          122736 kB
Active:           351656 kB
Mem:          3.8G       3.7G       119M       5.7M        21M       3.2G

MemTotal:        4016004 kB
MemFree:          122736 kB
Active:           351652 kB
Mem:          3.8G       3.7G       119M       5.7M        21M       3.2G

MemTotal:        4016004 kB
MemFree:          120440 kB
Active:           351592 kB
Mem:          3.8G       3.7G       117M       5.7M        21M       3.2G

MemTotal:        4016004 kB
MemFree:          120440 kB
Active:           353688 kB
Mem:          3.8G       3.7G       117M       5.7M        21M       3.2G

MemTotal:        4016004 kB
MemFree:          120440 kB
Active:           353668 kB
Mem:          3.8G       3.7G       117M       5.7M        21M       3.2G

MemTotal:        4016004 kB
MemFree:          120192 kB
Active:           353692 kB
Mem:          3.8G       3.7G       117M       5.7M        21M       3.2G

MemTotal:        4016004 kB
MemFree:          120564 kB
Active:           353684 kB
Mem:          3.8G       3.7G       117M       5.7M        21M       3.2G

MemTotal:        4016004 kB
MemFree:          120440 kB
Active:           353692 kB
Mem:          3.8G       3.7G       117M       5.7M        21M       3.2G

MemTotal:        4016004 kB
MemFree:          120564 kB
Active:           353700 kB
Mem:          3.8G       3.7G       117M       5.7M        21M       3.2G

MemTotal:        4016004 kB
MemFree:          120440 kB
Active:           353700 kB
Mem:          3.8G       3.7G       117M       5.7M        21M       3.2G

MemTotal:        4016004 kB
MemFree:          120564 kB
Active:           353644 kB
Mem:          3.8G       3.7G       117M       5.7M        21M       3.2G

MemTotal:        4016004 kB
MemFree:          120564 kB
Active:           353692 kB
Mem:          3.8G       3.7G       117M       5.7M        21M       3.2G

MemTotal:        4016004 kB
MemFree:          120440 kB
Active:           353668 kB
Mem:          3.8G       3.7G       117M       5.7M        21M       3.2G

MemTotal:        4016004 kB
MemFree:          120316 kB
Active:           353692 kB
Mem:          3.8G       3.7G       117M       5.7M        21M       3.2G

MemTotal:        4016004 kB
MemFree:          120440 kB
Active:           353676 kB
Mem:          3.8G       3.7G       117M       5.7M        21M       3.2G

MemTotal:        4016004 kB
MemFree:          120192 kB
Active:           353700 kB
Mem:          3.8G       3.7G       117M       5.7M        21M       3.2G

MemTotal:        4016004 kB
MemFree:          120316 kB
Active:           353668 kB
Mem:          3.8G       3.7G       117M       5.7M        21M       3.2G

MemTotal:        4016004 kB
MemFree:          120440 kB
Active:           353704 kB
Mem:          3.8G       3.7G       117M       5.7M        21M       3.2G

MemTotal:        4016004 kB
MemFree:          120316 kB
Active:           353704 kB
Mem:          3.8G       3.7G       117M       5.7M        21M       3.2G

MemTotal:        4016004 kB
MemFree:          120440 kB
Active:           353704 kB
Mem:          3.8G       3.7G       117M       5.7M        21M       3.2G

MemTotal:        4016004 kB
MemFree:          120316 kB
Active:           353696 kB
Mem:          3.8G       3.7G       117M       5.7M        21M       3.2G

MemTotal:        4016004 kB
MemFree:          120316 kB
Active:           353676 kB
Mem:          3.8G       3.7G       117M       5.7M        21M       3.2G

MemTotal:        4016004 kB
MemFree:          120440 kB
Active:           353708 kB
Mem:          3.8G       3.7G       117M       5.7M        21M       3.2G

MemTotal:        4016004 kB
MemFree:          119704 kB
Active:           353868 kB
Mem:          3.8G       3.7G       117M       5.7M        21M       3.2G

MemTotal:        4016004 kB
MemFree:          120316 kB
Active:           353716 kB
Mem:          3.8G       3.7G       117M       5.7M        21M       3.2G

MemTotal:        4016004 kB
MemFree:          120440 kB
Active:           353716 kB
Mem:          3.8G       3.7G       117M       5.7M        21M       3.2G

MemTotal:        4016004 kB
MemFree:          120536 kB
Active:           353712 kB
Mem:          3.8G       3.7G       117M       5.7M        21M       3.2G

MemTotal:        4016004 kB
MemFree:          120536 kB
Active:           353752 kB
Mem:          3.8G       3.7G       117M       5.7M        21M       3.2G

MemTotal:        4016004 kB
MemFree:          120164 kB
Active:           353764 kB
Mem:          3.8G       3.7G       117M       5.7M        21M       3.2G

MemTotal:        4016004 kB
MemFree:          120412 kB
Active:           353764 kB
Mem:          3.8G       3.7G       117M       5.7M        21M       3.2G

MemTotal:        4016004 kB
MemFree:          120288 kB
Active:           353724 kB
Mem:          3.8G       3.7G       117M       5.7M        21M       3.2G

MemTotal:        4016004 kB
MemFree:          120412 kB
Active:           353772 kB
Mem:          3.8G       3.7G       117M       5.7M        21M       3.2G

MemTotal:        4016004 kB
MemFree:          118240 kB
Active:           353732 kB
Mem:          3.8G       3.7G       115M       5.7M        21M       3.2G

MemTotal:        4016004 kB
MemFree:          118364 kB
Active:           355776 kB
Mem:          3.8G       3.7G       115M       5.7M        21M       3.2G

MemTotal:        4016004 kB
MemFree:          118116 kB
Active:           355804 kB
Mem:          3.8G       3.7G       115M       5.7M        21M       3.2G

MemTotal:        4016004 kB
MemFree:          118240 kB
Active:           355796 kB
Mem:          3.8G       3.7G       115M       5.7M        21M       3.2G

MemTotal:        4016004 kB
MemFree:          118240 kB
Active:           355784 kB
Mem:          3.8G       3.7G       115M       5.7M        21M       3.2G

MemTotal:        4016004 kB
MemFree:          118240 kB
Active:           355804 kB
Mem:          3.8G       3.7G       115M       5.7M        21M       3.2G

MemTotal:        4016004 kB
MemFree:          118364 kB
Active:           355792 kB
Mem:          3.8G       3.7G       115M       5.7M        21M       3.2G

MemTotal:        4016004 kB
MemFree:          118240 kB
Active:           355780 kB
Mem:          3.8G       3.7G       115M       5.7M        21M       3.2G

MemTotal:        4016004 kB
MemFree:          118364 kB
Active:           355780 kB
Mem:          3.8G       3.7G       115M       5.7M        21M       3.2G

MemTotal:        4016004 kB
MemFree:          117868 kB
Active:           355772 kB
Mem:          3.8G       3.7G       114M       5.7M        21M       3.2G

MemTotal:        4016004 kB
MemFree:          117868 kB
Active:           355816 kB
Mem:          3.8G       3.7G       115M       5.7M        21M       3.2G

MemTotal:        4016004 kB
MemFree:          117620 kB
Active:           355820 kB
Mem:          3.8G       3.7G       115M       5.7M        21M       3.2G

MemTotal:        4016004 kB
MemFree:          118364 kB
Active:           355764 kB
Mem:          3.8G       3.7G       115M       5.7M        21M       3.2G

MemTotal:        4016004 kB
MemFree:          118116 kB
Active:           355820 kB
Mem:          3.8G       3.7G       115M       5.7M        21M       3.2G

MemTotal:        4016004 kB
MemFree:          117868 kB
Active:           355820 kB
Mem:          3.8G       3.7G       115M       5.7M        21M       3.2G

MemTotal:        4016004 kB
MemFree:          118240 kB
Active:           355804 kB
Mem:          3.8G       3.7G       115M       5.7M        21M       3.2G

MemTotal:        4016004 kB
MemFree:          118240 kB
Active:           355792 kB
Mem:          3.8G       3.7G       115M       5.7M        21M       3.2G

MemTotal:        4016004 kB
MemFree:          118240 kB
Active:           355796 kB
Mem:          3.8G       3.7G       115M       5.7M        21M       3.2G

MemTotal:        4016004 kB
MemFree:          117992 kB
Active:           355828 kB
Mem:          3.8G       3.7G       115M       5.7M        21M       3.2G

MemTotal:        4016004 kB
MemFree:          118488 kB
Active:           355824 kB
Mem:          3.8G       3.7G       115M       5.7M        21M       3.2G

MemTotal:        4016004 kB
MemFree:          117744 kB
Active:           355828 kB
Mem:          3.8G       3.7G       115M       5.7M        21M       3.2G

MemTotal:        4016004 kB
MemFree:          118116 kB
Active:           355828 kB
Mem:          3.8G       3.7G       115M       5.7M        21M       3.2G

MemTotal:        4016004 kB
MemFree:          117992 kB
Active:           355828 kB
Mem:          3.8G       3.7G       115M       5.7M        21M       3.2G

MemTotal:        4016004 kB
MemFree:          118116 kB
Active:           355772 kB
Mem:          3.8G       3.7G       115M       5.7M        21M       3.2G

MemTotal:        4016004 kB
MemFree:          117496 kB
Active:           355840 kB
Mem:          3.8G       3.7G       115M       5.7M        21M       3.2G

MemTotal:        4016004 kB
MemFree:          117992 kB
Active:           355824 kB
Mem:          3.8G       3.7G       115M       5.7M        21M       3.2G

MemTotal:        4016004 kB
MemFree:          118488 kB
Active:           355804 kB
Mem:          3.8G       3.7G       115M       5.7M        21M       3.2G

MemTotal:        4016004 kB
MemFree:          118364 kB
Active:           355796 kB
Mem:          3.8G       3.7G       115M       5.7M        21M       3.2G

MemTotal:        4016004 kB
MemFree:          118488 kB
Active:           355832 kB
Mem:          3.8G       3.7G       115M       5.7M        21M       3.2G

MemTotal:        4016004 kB
MemFree:          117868 kB
Active:           355848 kB
Mem:          3.8G       3.7G       115M       5.7M        21M       3.2G

MemTotal:        4016004 kB
MemFree:          118240 kB
Active:           355796 kB
Mem:          3.8G       3.7G       115M       5.7M        21M       3.2G

MemTotal:        4016004 kB
MemFree:          117868 kB
Active:           355856 kB
Mem:          3.8G       3.7G       115M       5.7M        21M       3.2G

MemTotal:        4016004 kB
MemFree:          118240 kB
Active:           355856 kB
Mem:          3.8G       3.7G       115M       5.7M        21M       3.2G

MemTotal:        4016004 kB
MemFree:          118240 kB
Active:           355856 kB
Mem:          3.8G       3.7G       115M       5.7M        21M       3.2G

MemTotal:        4016004 kB
MemFree:          118240 kB
Active:           355856 kB
Mem:          3.8G       3.7G       115M       5.7M        21M       3.2G

MemTotal:        4016004 kB
MemFree:          118364 kB
Active:           355800 kB
Mem:          3.8G       3.7G       115M       5.7M        21M       3.2G

MemTotal:        4016004 kB
MemFree:          118240 kB
Active:           355856 kB
Mem:          3.8G       3.7G       115M       5.7M        21M       3.2G

MemTotal:        4016004 kB
MemFree:          118240 kB
Active:           355808 kB
Mem:          3.8G       3.7G       115M       5.7M        21M       3.2G

MemTotal:        4016004 kB
MemFree:          118240 kB
Active:           355840 kB
Mem:          3.8G       3.7G       115M       5.7M        21M       3.2G

MemTotal:        4016004 kB
MemFree:          118240 kB
Active:           355844 kB
Mem:          3.8G       3.7G       115M       5.7M        21M       3.2G

MemTotal:        4016004 kB
MemFree:          118116 kB
Active:           355824 kB
Mem:          3.8G       3.7G       115M       5.7M        21M       3.2G

MemTotal:        4016004 kB
MemFree:          117868 kB
Active:           355872 kB
Mem:          3.8G       3.7G       115M       5.7M        21M       3.2G

MemTotal:        4016004 kB
MemFree:          118364 kB
Active:           355824 kB
Mem:          3.8G       3.7G       115M       5.7M        21M       3.2G

MemTotal:        4016004 kB
MemFree:          118240 kB
Active:           355844 kB
Mem:          3.8G       3.7G       115M       5.7M        21M       3.2G

MemTotal:        4016004 kB
MemFree:          118364 kB
Active:           355856 kB
Mem:          3.8G       3.7G       115M       5.7M        21M       3.2G

MemTotal:        4016004 kB
MemFree:          118240 kB
Active:           355836 kB
Mem:          3.8G       3.7G       115M       5.7M        21M       3.2G

MemTotal:        4016004 kB
MemFree:          118240 kB
Active:           355888 kB
Mem:          3.8G       3.7G       115M       5.7M        21M       3.2G

MemTotal:        4016004 kB
MemFree:          118116 kB
Active:           355844 kB
Mem:          3.8G       3.7G       115M       5.7M        21M       3.2G

MemTotal:        4016004 kB
MemFree:          118116 kB
Active:           355860 kB
Mem:          3.8G       3.7G       115M       5.7M        21M       3.2G

MemTotal:        4016004 kB
MemFree:          118116 kB
Active:           355840 kB
Mem:          3.8G       3.7G       115M       5.7M        21M       3.2G

MemTotal:        4016004 kB
MemFree:          117868 kB
Active:           355864 kB
Mem:          3.8G       3.7G       115M       5.7M        21M       3.2G

MemTotal:        4016004 kB
MemFree:          118116 kB
Active:           355872 kB
Mem:          3.8G       3.7G       115M       5.7M        21M       3.2G

MemTotal:        4016004 kB
MemFree:          118116 kB
Active:           355856 kB
Mem:          3.8G       3.7G       115M       5.7M        21M       3.2G

MemTotal:        4016004 kB
MemFree:          118116 kB
Active:           355852 kB
Mem:          3.8G       3.7G       115M       5.7M        21M       3.2G

MemTotal:        4016004 kB
MemFree:          118116 kB
Active:           355860 kB
Mem:          3.8G       3.7G       115M       5.7M        21M       3.2G

MemTotal:        4016004 kB
MemFree:          118116 kB
Active:           355864 kB
Mem:          3.8G       3.7G       115M       5.7M        21M       3.2G

MemTotal:        4016004 kB
MemFree:          118116 kB
Active:           355868 kB
Mem:          3.8G       3.7G       115M       5.7M        21M       3.2G

MemTotal:        4016004 kB
MemFree:          117992 kB
Active:           355872 kB
Mem:          3.8G       3.7G       115M       5.7M        21M       3.2G

MemTotal:        4016004 kB
MemFree:          117992 kB
Active:           355868 kB
Mem:          3.8G       3.7G       115M       5.7M        21M       3.2G

MemTotal:        4016004 kB
MemFree:          117992 kB
Active:           355880 kB
Mem:          3.8G       3.7G       115M       5.7M        21M       3.2G

MemTotal:        4016004 kB
MemFree:          118132 kB
Active:           355908 kB
Mem:          3.8G       3.7G       115M       5.7M        21M       3.2G

MemTotal:        4016004 kB
MemFree:          118132 kB
Active:           355912 kB
Mem:          3.8G       3.7G       115M       5.7M        21M       3.2G

MemTotal:        4016004 kB
MemFree:          118008 kB
Active:           355904 kB
Mem:          3.8G       3.7G       115M       5.7M        21M       3.2G

MemTotal:        4016004 kB
MemFree:          118008 kB
Active:           355888 kB
Mem:          3.8G       3.7G       115M       5.7M        21M       3.2G

MemTotal:        4016004 kB
MemFree:          118008 kB
Active:           355924 kB
Mem:          3.8G       3.7G       115M       5.7M        21M       3.2G

MemTotal:        4016004 kB
MemFree:          118132 kB
Active:           355924 kB
Mem:          3.8G       3.7G       115M       5.7M        21M       3.2G

MemTotal:        4016004 kB
MemFree:          118008 kB
Active:           355896 kB
Mem:          3.8G       3.7G       115M       5.7M        21M       3.2G

MemTotal:        4016004 kB
MemFree:          118008 kB
Active:           355928 kB
Mem:          3.8G       3.7G       115M       5.7M        21M       3.2G

MemTotal:        4016004 kB
MemFree:          117884 kB
Active:           355916 kB
Mem:          3.8G       3.7G       115M       5.7M        21M       3.2G

MemTotal:        4016004 kB
MemFree:          118132 kB
Active:           355936 kB
Mem:          3.8G       3.7G       115M       5.7M        21M       3.2G

MemTotal:        4016004 kB
MemFree:          118132 kB
Active:           355896 kB
Mem:          3.8G       3.7G       115M       5.7M        21M       3.2G

MemTotal:        4016004 kB
MemFree:          118132 kB
Active:           355928 kB
Mem:          3.8G       3.7G       115M       5.7M        21M       3.2G

MemTotal:        4016004 kB
MemFree:          118008 kB
Active:           355936 kB
Mem:          3.8G       3.7G       115M       5.7M        21M       3.2G

MemTotal:        4016004 kB
MemFree:          118008 kB
Active:           356032 kB
Mem:          3.8G       3.7G       114M       5.7M        21M       3.2G

MemTotal:        4016004 kB
MemFree:          117884 kB
Active:           356044 kB
Mem:          3.8G       3.7G       115M       5.7M        21M       3.2G

MemTotal:        4016004 kB
MemFree:          117884 kB
Active:           356024 kB
Mem:          3.8G       3.7G       115M       5.7M        21M       3.2G

MemTotal:        4016004 kB
MemFree:          117884 kB
Active:           356036 kB
Mem:          3.8G       3.7G       114M       5.7M        21M       3.2G

MemTotal:        4016004 kB
MemFree:          118008 kB
Active:           356024 kB
Mem:          3.8G       3.7G       114M       5.7M        21M       3.2G

MemTotal:        4016004 kB
MemFree:          117496 kB
Active:           356060 kB
Mem:          3.8G       3.7G       114M       5.7M        21M       3.2G

MemTotal:        4016004 kB
MemFree:          117372 kB
Active:           356024 kB
Mem:          3.8G       3.7G       114M       5.7M        21M       3.2G

MemTotal:        4016004 kB
MemFree:          117372 kB
Active:           356028 kB
Mem:          3.8G       3.7G       114M       5.7M        21M       3.2G

MemTotal:        4016004 kB
MemFree:          117372 kB
Active:           356028 kB
Mem:          3.8G       3.7G       114M       5.7M        21M       3.2G

MemTotal:        4016004 kB
MemFree:          117000 kB
Active:           356072 kB
Mem:          3.8G       3.7G       114M       5.7M        21M       3.2G

MemTotal:        4016004 kB
MemFree:          117372 kB
Active:           356072 kB
Mem:          3.8G       3.7G       114M       5.7M        21M       3.2G

MemTotal:        4016004 kB
MemFree:          117992 kB
Active:           356052 kB
Mem:          3.8G       3.7G       114M       5.7M        21M       3.2G

MemTotal:        4016004 kB
MemFree:          117992 kB
Active:           356076 kB
Mem:          3.8G       3.7G       115M       5.7M        21M       3.2G

MemTotal:        4016004 kB
MemFree:          117868 kB
Active:           356076 kB
Mem:          3.8G       3.7G       115M       5.7M        21M       3.2G

MemTotal:        4016004 kB
MemFree:          117868 kB
Active:           356080 kB
Mem:          3.8G       3.7G       114M       5.7M        21M       3.2G

MemTotal:        4016004 kB
MemFree:          117744 kB
Active:           356084 kB
Mem:          3.8G       3.7G       115M       5.7M        21M       3.2G

MemTotal:        4016004 kB
MemFree:          117868 kB
Active:           356084 kB
Mem:          3.8G       3.7G       115M       5.7M        21M       3.2G

MemTotal:        4016004 kB
MemFree:          117620 kB
Active:           356084 kB
Mem:          3.8G       3.7G       115M       5.7M        21M       3.2G

MemTotal:        4016004 kB
MemFree:          117868 kB
Active:           356040 kB
Mem:          3.8G       3.7G       115M       5.7M        21M       3.2G

MemTotal:        4016004 kB
MemFree:          117868 kB
Active:           356044 kB
Mem:          3.8G       3.7G       114M       5.7M        21M       3.2G

MemTotal:        4016004 kB
MemFree:          117868 kB
Active:           356088 kB
Mem:          3.8G       3.7G       114M       5.7M        21M       3.2G

MemTotal:        4016004 kB
MemFree:          118008 kB
Active:           356044 kB
Mem:          3.8G       3.7G       114M       5.7M        21M       3.2G

MemTotal:        4016004 kB
MemFree:          117512 kB
Active:           356072 kB
Mem:          3.8G       3.7G       114M       5.7M        21M       3.2G

MemTotal:        4016004 kB
MemFree:          117264 kB
Active:           356092 kB
Mem:          3.8G       3.7G       114M       5.7M        21M       3.2G

MemTotal:        4016004 kB
MemFree:          117388 kB
Active:           356068 kB
Mem:          3.8G       3.7G       114M       5.7M        21M       3.2G

MemTotal:        4016004 kB
MemFree:          117388 kB
Active:           356092 kB
Mem:          3.8G       3.7G       114M       5.7M        21M       3.2G

MemTotal:        4016004 kB
MemFree:          117512 kB
Active:           356080 kB
Mem:          3.8G       3.7G       114M       5.7M        21M       3.2G

MemTotal:        4016004 kB
MemFree:          117636 kB
Active:           356088 kB
Mem:          3.8G       3.7G       114M       5.7M        21M       3.2G

MemTotal:        4016004 kB
MemFree:          117760 kB
Active:           356096 kB
Mem:          3.8G       3.7G       114M       5.7M        21M       3.2G

MemTotal:        4016004 kB
MemFree:          117760 kB
Active:           356072 kB
Mem:          3.8G       3.7G       114M       5.7M        21M       3.2G

MemTotal:        4016004 kB
MemFree:          117884 kB
Active:           356084 kB
Mem:          3.8G       3.7G       115M       5.7M        21M       3.2G

MemTotal:        4016004 kB
MemFree:          117760 kB
Active:           356108 kB
Mem:          3.8G       3.7G       115M       5.7M        21M       3.2G

MemTotal:        4016004 kB
MemFree:          117884 kB
Active:           356076 kB
Mem:          3.8G       3.7G       115M       5.7M        21M       3.2G

MemTotal:        4016004 kB
MemFree:          117760 kB
Active:           356068 kB
Mem:          3.8G       3.7G       114M       5.7M        21M       3.2G

MemTotal:        4016004 kB
MemFree:          117760 kB
Active:           356100 kB
Mem:          3.8G       3.7G       114M       5.7M        21M       3.2G

MemTotal:        4016004 kB
MemFree:          117760 kB
Active:           356076 kB
Mem:          3.8G       3.7G       115M       5.7M        21M       3.2G

MemTotal:        4016004 kB
MemFree:          117884 kB
Active:           356116 kB
Mem:          3.8G       3.7G       114M       5.7M        21M       3.2G

MemTotal:        4016004 kB
MemFree:          117760 kB
Active:           356084 kB
Mem:          3.8G       3.7G       114M       5.7M        21M       3.2G

MemTotal:        4016004 kB
MemFree:          117760 kB
Active:           356068 kB
Mem:          3.8G       3.7G       114M       5.7M        21M       3.2G

MemTotal:        4016004 kB
MemFree:          117760 kB
Active:           356064 kB
Mem:          3.8G       3.7G       114M       5.7M        21M       3.2G

MemTotal:        4016004 kB
MemFree:          117760 kB
Active:           356084 kB
Mem:          3.8G       3.7G       115M       5.7M        21M       3.2G

MemTotal:        4016004 kB
MemFree:          117760 kB
Active:           356076 kB
Mem:          3.8G       3.7G       115M       5.7M        21M       3.2G

MemTotal:        4016004 kB
MemFree:          117760 kB
Active:           356100 kB
Mem:          3.8G       3.7G       115M       5.7M        21M       3.2G

MemTotal:        4016004 kB
MemFree:          117512 kB
Active:           356124 kB
Mem:          3.8G       3.7G       114M       5.7M        21M       3.2G

MemTotal:        4016004 kB
MemFree:          117636 kB
Active:           356084 kB
Mem:          3.8G       3.7G       114M       5.7M        21M       3.2G

MemTotal:        4016004 kB
MemFree:          117884 kB
Active:           356092 kB
Mem:          3.8G       3.7G       114M       5.7M        21M       3.2G

MemTotal:        4016004 kB
MemFree:          117760 kB
Active:           356132 kB
Mem:          3.8G       3.7G       114M       5.7M        21M       3.2G

MemTotal:        4016004 kB
MemFree:          117760 kB
Active:           356100 kB
Mem:          3.8G       3.7G       114M       5.7M        21M       3.2G

MemTotal:        4016004 kB
MemFree:          117512 kB
Active:           356116 kB
Mem:          3.8G       3.7G       114M       5.7M        21M       3.2G

MemTotal:        4016004 kB
MemFree:          117636 kB
Active:           356112 kB
Mem:          3.8G       3.7G       114M       5.7M        21M       3.2G

MemTotal:        4016004 kB
MemFree:          117636 kB
Active:           356136 kB
Mem:          3.8G       3.7G       114M       5.7M        21M       3.2G

MemTotal:        4016004 kB
MemFree:          117760 kB
Active:           356128 kB
Mem:          3.8G       3.7G       114M       5.7M        21M       3.2G

MemTotal:        4016004 kB
MemFree:          117264 kB
Active:           356144 kB
Mem:          3.8G       3.7G       114M       5.7M        21M       3.2G

MemTotal:        4016004 kB
MemFree:          117760 kB
Active:           356124 kB
Mem:          3.8G       3.7G       115M       5.7M        21M       3.2G

MemTotal:        4016004 kB
MemFree:          117760 kB
Active:           356144 kB
Mem:          3.8G       3.7G       114M       5.7M        21M       3.2G

MemTotal:        4016004 kB
MemFree:          117760 kB
Active:           356100 kB
Mem:          3.8G       3.7G       114M       5.7M        21M       3.2G

MemTotal:        4016004 kB
MemFree:          117760 kB
Active:           356152 kB
Mem:          3.8G       3.7G       114M       5.7M        21M       3.2G

MemTotal:        4016004 kB
MemFree:          117760 kB
Active:           356152 kB
Mem:          3.8G       3.7G       114M       5.7M        21M       3.2G

MemTotal:        4016004 kB
MemFree:          117760 kB
Active:           356152 kB
Mem:          3.8G       3.7G       115M       5.7M        21M       3.2G

MemTotal:        4016004 kB
MemFree:          117884 kB
Active:           356104 kB
Mem:          3.8G       3.7G       115M       5.7M        21M       3.2G

MemTotal:        4016004 kB
MemFree:          117760 kB
Active:           356144 kB
Mem:          3.8G       3.7G       115M       5.7M        21M       3.2G

MemTotal:        4016004 kB
MemFree:          117760 kB
Active:           356132 kB
Mem:          3.8G       3.7G       114M       5.7M        21M       3.2G

MemTotal:        4016004 kB
MemFree:          117512 kB
Active:           356128 kB
Mem:          3.8G       3.7G       114M       5.7M        21M       3.2G

MemTotal:        4016004 kB
MemFree:          117636 kB
Active:           356156 kB
Mem:          3.8G       3.7G       114M       5.7M        21M       3.2G

MemTotal:        4016004 kB
MemFree:          117636 kB
Active:           356156 kB
Mem:          3.8G       3.7G       114M       5.7M        21M       3.2G

MemTotal:        4016004 kB
MemFree:          117636 kB
Active:           356148 kB
Mem:          3.8G       3.7G       114M       5.7M        21M       3.2G

MemTotal:        4016004 kB
MemFree:          117636 kB
Active:           356128 kB
Mem:          3.8G       3.7G       114M       5.7M        21M       3.2G

MemTotal:        4016004 kB
MemFree:          117636 kB
Active:           356120 kB
Mem:          3.8G       3.7G       114M       5.7M        21M       3.2G

MemTotal:        4016004 kB
MemFree:          117760 kB
Active:           356152 kB
Mem:          3.8G       3.7G       114M       5.7M        21M       3.2G

MemTotal:        4016004 kB
MemFree:          117264 kB
Active:           356172 kB
Mem:          3.8G       3.7G       114M       5.7M        21M       3.2G

MemTotal:        4016004 kB
MemFree:          117636 kB
Active:           356132 kB
Mem:          3.8G       3.7G       114M       5.7M        21M       3.2G

MemTotal:        4016004 kB
MemFree:          117512 kB
Active:           356180 kB
Mem:          3.8G       3.7G       114M       5.7M        21M       3.2G

MemTotal:        4016004 kB
MemFree:          117636 kB
Active:           356136 kB
Mem:          3.8G       3.7G       114M       5.7M        21M       3.2G

MemTotal:        4016004 kB
MemFree:          117636 kB
Active:           356136 kB
Mem:          3.8G       3.7G       114M       5.7M        21M       3.2G

MemTotal:        4016004 kB
MemFree:          117760 kB
Active:           356144 kB
Mem:          3.8G       3.7G       114M       5.7M        21M       3.2G

MemTotal:        4016004 kB
MemFree:          117760 kB
Active:           356192 kB
Mem:          3.8G       3.7G       115M       5.7M        21M       3.2G

MemTotal:        4016004 kB
MemFree:          117388 kB
Active:           356192 kB
Mem:          3.8G       3.7G       114M       5.7M        21M       3.2G

MemTotal:        4016004 kB
MemFree:          117636 kB
Active:           356192 kB
Mem:          3.8G       3.7G       114M       5.7M        21M       3.2G

MemTotal:        4016004 kB
MemFree:          117636 kB
Active:           356192 kB
Mem:          3.8G       3.7G       114M       5.7M        21M       3.2G

MemTotal:        4016004 kB
MemFree:          117884 kB
Active:           356144 kB
Mem:          3.8G       3.7G       114M       5.7M        21M       3.2G

MemTotal:        4016004 kB
MemFree:          117760 kB
Active:           356140 kB
Mem:          3.8G       3.7G       114M       5.7M        21M       3.2G

MemTotal:        4016004 kB
MemFree:          117636 kB
Active:           356156 kB
Mem:          3.8G       3.7G       114M       5.7M        21M       3.2G

MemTotal:        4016004 kB
MemFree:          117636 kB
Active:           356176 kB
Mem:          3.8G       3.7G       114M       5.7M        21M       3.2G

MemTotal:        4016004 kB
MemFree:          117760 kB
Active:           356200 kB
Mem:          3.8G       3.7G       114M       5.7M        21M       3.2G

MemTotal:        4016004 kB
MemFree:          117512 kB
Active:           356200 kB
Mem:          3.8G       3.7G       114M       5.7M        21M       3.2G

MemTotal:        4016004 kB
MemFree:          117636 kB
Active:           356200 kB
Mem:          3.8G       3.7G       114M       5.7M        21M       3.2G

MemTotal:        4016004 kB
MemFree:          117636 kB
Active:           356176 kB
Mem:          3.8G       3.7G       114M       5.7M        21M       3.2G

MemTotal:        4016004 kB
MemFree:          117512 kB
Active:           356172 kB
Mem:          3.8G       3.7G       114M       5.7M        21M       3.2G

MemTotal:        4016004 kB
MemFree:          117636 kB
Active:           356168 kB
Mem:          3.8G       3.7G       114M       5.7M        21M       3.2G

MemTotal:        4016004 kB
MemFree:          117636 kB
Active:           356208 kB
Mem:          3.8G       3.7G       114M       5.7M        21M       3.2G

MemTotal:        4016004 kB
MemFree:          117636 kB
Active:           356208 kB
Mem:          3.8G       3.7G       114M       5.7M        21M       3.2G

MemTotal:        4016004 kB
MemFree:          117512 kB
Active:           356208 kB
Mem:          3.8G       3.7G       114M       5.7M        21M       3.2G

MemTotal:        4016004 kB
MemFree:          117636 kB
Active:           356180 kB
Mem:          3.8G       3.7G       114M       5.7M        21M       3.2G

MemTotal:        4016004 kB
MemFree:          117140 kB
Active:           356220 kB
Mem:          3.8G       3.7G       114M       5.7M        21M       3.2G

MemTotal:        4016004 kB
MemFree:          117636 kB
Active:           356196 kB
Mem:          3.8G       3.7G       114M       5.7M        21M       3.2G

MemTotal:        4016004 kB
MemFree:          117512 kB
Active:           356220 kB
Mem:          3.8G       3.7G       114M       5.7M        21M       3.2G

MemTotal:        4016004 kB
MemFree:          117760 kB
Active:           356208 kB
Mem:          3.8G       3.7G       114M       5.7M        21M       3.2G

MemTotal:        4016004 kB
MemFree:          117884 kB
Active:           356188 kB
Mem:          3.8G       3.7G       114M       5.7M        21M       3.2G

MemTotal:        4016004 kB
MemFree:          117760 kB
Active:           356212 kB
Mem:          3.8G       3.7G       115M       5.7M        21M       3.2G

MemTotal:        4016004 kB
MemFree:          117636 kB
Active:           356200 kB
Mem:          3.8G       3.7G       114M       5.7M        21M       3.2G

MemTotal:        4016004 kB
MemFree:          117760 kB
Active:           356192 kB
Mem:          3.8G       3.7G       114M       5.7M        21M       3.2G

MemTotal:        4016004 kB
MemFree:          117388 kB
Active:           356232 kB
Mem:          3.8G       3.7G       114M       5.7M        21M       3.2G

MemTotal:        4016004 kB
MemFree:          117884 kB
Active:           356212 kB
Mem:          3.8G       3.7G       115M       5.7M        21M       3.2G

MemTotal:        4016004 kB
MemFree:          117760 kB
Active:           356184 kB
Mem:          3.8G       3.7G       115M       5.7M        21M       3.2G

MemTotal:        4016004 kB
MemFree:          116768 kB
Active:           356244 kB
Mem:          3.8G       3.7G       114M       5.7M        21M       3.2G

MemTotal:        4016004 kB
MemFree:          117140 kB
Active:           356228 kB
Mem:          3.8G       3.7G       114M       5.7M        21M       3.2G

MemTotal:        4016004 kB
MemFree:          117140 kB
Active:           356228 kB
Mem:          3.8G       3.7G       114M       5.7M        21M       3.2G

MemTotal:        4016004 kB
MemFree:          117760 kB
Active:           356216 kB
Mem:          3.8G       3.7G       114M       5.7M        21M       3.2G

MemTotal:        4016004 kB
MemFree:          117264 kB
Active:           356244 kB
Mem:          3.8G       3.7G       114M       5.7M        21M       3.2G

MemTotal:        4016004 kB
MemFree:          117264 kB
Active:           356244 kB
Mem:          3.8G       3.7G       114M       5.7M        21M       3.2G

MemTotal:        4016004 kB
MemFree:          117512 kB
Active:           356216 kB
Mem:          3.8G       3.7G       114M       5.7M        21M       3.2G

MemTotal:        4016004 kB
MemFree:          117636 kB
Active:           356232 kB
Mem:          3.8G       3.7G       114M       5.7M        21M       3.2G

MemTotal:        4016004 kB
MemFree:          117512 kB
Active:           356232 kB
Mem:          3.8G       3.7G       114M       5.7M        21M       3.2G

MemTotal:        4016004 kB
MemFree:          117264 kB
Active:           356252 kB
Mem:          3.8G       3.7G       114M       5.7M        21M       3.2G

MemTotal:        4016004 kB
MemFree:          117512 kB
Active:           356236 kB
Mem:          3.8G       3.7G       114M       5.7M        21M       3.2G

MemTotal:        4016004 kB
MemFree:          117388 kB
Active:           356252 kB
Mem:          3.8G       3.7G       114M       5.7M        21M       3.2G

MemTotal:        4016004 kB
MemFree:          117388 kB
Active:           356244 kB
Mem:          3.8G       3.7G       114M       5.7M        21M       3.2G

MemTotal:        4016004 kB
MemFree:          117140 kB
Active:           356252 kB
Mem:          3.8G       3.7G       114M       5.7M        21M       3.2G

MemTotal:        4016004 kB
MemFree:          116892 kB
Active:           356264 kB
Mem:          3.8G       3.7G       114M       5.7M        21M       3.2G

MemTotal:        4016004 kB
MemFree:          117388 kB
Active:           356264 kB
Mem:          3.8G       3.7G       114M       5.7M        21M       3.2G

MemTotal:        4016004 kB
MemFree:          117388 kB
Active:           356232 kB
Mem:          3.8G       3.7G       114M       5.7M        21M       3.2G

MemTotal:        4016004 kB
MemFree:          117716 kB
Active:           356080 kB
Mem:          3.8G       3.7G       114M       5.7M        21M       3.2G

MemTotal:        4016004 kB
MemFree:          117796 kB
Active:           355852 kB
Mem:          3.8G       3.7G       115M       5.7M        21M       3.2G

MemTotal:        4016004 kB
MemFree:          118292 kB
Active:           355812 kB
Mem:          3.8G       3.7G       115M       5.7M        21M       3.2G

MemTotal:        4016004 kB
MemFree:          118664 kB
Active:           355848 kB
Mem:          3.8G       3.7G       115M       5.7M        21M       3.2G

MemTotal:        4016004 kB
MemFree:          118416 kB
Active:           355868 kB
Mem:          3.8G       3.7G       115M       5.7M        21M       3.2G

MemTotal:        4016004 kB
MemFree:          118664 kB
Active:           355812 kB
Mem:          3.8G       3.7G       115M       5.7M        21M       3.2G

MemTotal:        4016004 kB
MemFree:          118912 kB
Active:           355852 kB
Mem:          3.8G       3.7G       116M       5.7M        21M       3.2G

MemTotal:        4016004 kB
MemFree:          118912 kB
Active:           355832 kB
Mem:          3.8G       3.7G       115M       5.7M        21M       3.2G

MemTotal:        4016004 kB
MemFree:          118416 kB
Active:           355868 kB
Mem:          3.8G       3.7G       115M       5.7M        21M       3.2G

MemTotal:        4016004 kB
MemFree:          118416 kB
Active:           355832 kB
Mem:          3.8G       3.7G       115M       5.7M        21M       3.2G

MemTotal:        4016004 kB
MemFree:          118448 kB
Active:           355856 kB
Mem:          3.8G       3.7G       115M       5.7M        21M       3.2G

MemTotal:        4016004 kB
MemFree:          119068 kB
Active:           355876 kB
Mem:          3.8G       3.7G       116M       5.7M        21M       3.2G

MemTotal:        4016004 kB
MemFree:          119068 kB
Active:           355852 kB
Mem:          3.8G       3.7G       116M       5.7M        21M       3.2G

MemTotal:        4016004 kB
MemFree:          119068 kB
Active:           355872 kB
Mem:          3.8G       3.7G       116M       5.7M        21M       3.2G

MemTotal:        4016004 kB
MemFree:          118572 kB
Active:           355888 kB
Mem:          3.8G       3.7G       115M       5.7M        21M       3.2G

MemTotal:        4016004 kB
MemFree:          118944 kB
Active:           355888 kB
Mem:          3.8G       3.7G       116M       5.7M        21M       3.2G

MemTotal:        4016004 kB
MemFree:          119192 kB
Active:           355848 kB
Mem:          3.8G       3.7G       116M       5.7M        21M       3.2G

MemTotal:        4016004 kB
MemFree:          118944 kB
Active:           355864 kB
Mem:          3.8G       3.7G       116M       5.7M        21M       3.2G

MemTotal:        4016004 kB
MemFree:          118572 kB
Active:           355896 kB
Mem:          3.8G       3.7G       115M       5.7M        21M       3.2G

MemTotal:        4016004 kB
MemFree:          118944 kB
Active:           355888 kB
Mem:          3.8G       3.7G       116M       5.7M        21M       3.2G

MemTotal:        4016004 kB
MemFree:          118944 kB
Active:           355852 kB
Mem:          3.8G       3.7G       116M       5.7M        21M       3.2G

MemTotal:        4016004 kB
MemFree:          118944 kB
Active:           355844 kB
Mem:          3.8G       3.7G       116M       5.7M        21M       3.2G

MemTotal:        4016004 kB
MemFree:          118944 kB
Active:           355872 kB
Mem:          3.8G       3.7G       116M       5.7M        21M       3.2G

MemTotal:        4016004 kB
MemFree:          118324 kB
Active:           355904 kB
Mem:          3.8G       3.7G       115M       5.7M        21M       3.2G

MemTotal:        4016004 kB
MemFree:          118696 kB
Active:           355860 kB
Mem:          3.8G       3.7G       115M       5.7M        21M       3.2G

MemTotal:        4016004 kB
MemFree:          118820 kB
Active:           355888 kB
Mem:          3.8G       3.7G       115M       5.7M        21M       3.2G

MemTotal:        4016004 kB
MemFree:          118944 kB
Active:           355864 kB
Mem:          3.8G       3.7G       116M       5.7M        21M       3.2G

MemTotal:        4016004 kB
MemFree:          118944 kB
Active:           355852 kB
Mem:          3.8G       3.7G       116M       5.7M        21M       3.2G

MemTotal:        4016004 kB
MemFree:          118572 kB
Active:           355920 kB
Mem:          3.8G       3.7G       115M       5.7M        21M       3.2G

MemTotal:        4016004 kB
MemFree:          118572 kB
Active:           355896 kB
Mem:          3.8G       3.7G       115M       5.7M        21M       3.2G

MemTotal:        4016004 kB
MemFree:          118696 kB
Active:           355880 kB
