MemTotal:        4016004 kB
MemFree:         3254028 kB
Active:           403444 kB
Mem:          3.8G       744M       3.1G       5.7M        54M       314M

MemTotal:        4016004 kB
MemFree:         3254848 kB
Active:           403400 kB
Mem:          3.8G       743M       3.1G       5.7M        54M       314M

MemTotal:        4016004 kB
MemFree:         3254724 kB
Active:           403496 kB
Mem:          3.8G       743M       3.1G       5.7M        54M       314M

MemTotal:        4016004 kB
MemFree:         3254708 kB
Active:           403492 kB
Mem:          3.8G       743M       3.1G       5.7M        54M       314M

MemTotal:        4016004 kB
MemFree:         3255328 kB
Active:           403492 kB
Mem:          3.8G       742M       3.1G       5.7M        54M       314M

MemTotal:        4016004 kB
MemFree:         3255204 kB
Active:           403504 kB
Mem:          3.8G       742M       3.1G       5.7M        54M       314M

MemTotal:        4016004 kB
MemFree:         3255436 kB
Active:           403464 kB
Mem:          3.8G       742M       3.1G       5.7M        54M       314M

MemTotal:        4016004 kB
MemFree:         3255296 kB
Active:           403508 kB
Mem:          3.8G       742M       3.1G       5.7M        54M       314M

MemTotal:        4016004 kB
MemFree:         3255032 kB
Active:           403480 kB
Mem:          3.8G       743M       3.1G       5.7M        54M       314M

MemTotal:        4016004 kB
MemFree:         3255156 kB
Active:           403476 kB
Mem:          3.8G       742M       3.1G       5.7M        54M       314M

MemTotal:        4016004 kB
MemFree:         3254908 kB
Active:           403516 kB
Mem:          3.8G       743M       3.1G       5.7M        54M       314M

MemTotal:        4016004 kB
MemFree:         3255280 kB
Active:           403464 kB
Mem:          3.8G       743M       3.1G       5.7M        54M       314M

MemTotal:        4016004 kB
MemFree:         3254892 kB
Active:           403496 kB
Mem:          3.8G       742M       3.1G       5.7M        54M       314M

MemTotal:        4016004 kB
MemFree:         3255140 kB
Active:           403480 kB
Mem:          3.8G       743M       3.1G       5.7M        54M       314M

MemTotal:        4016004 kB
MemFree:         3254768 kB
Active:           403520 kB
Mem:          3.8G       743M       3.1G       5.7M        54M       314M

MemTotal:        4016004 kB
MemFree:         3257000 kB
Active:           401500 kB
Mem:          3.8G       741M       3.1G       5.7M        54M       314M

MemTotal:        4016004 kB
MemFree:         3256960 kB
Active:           399624 kB
Mem:          3.8G       741M       3.1G       5.7M        54M       314M

MemTotal:        4016004 kB
MemFree:         3256968 kB
Active:           399440 kB
Mem:          3.8G       741M       3.1G       5.7M        54M       314M

MemTotal:        4016004 kB
MemFree:         3257092 kB
Active:           401456 kB
Mem:          3.8G       741M       3.1G       5.7M        54M       314M

MemTotal:        4016004 kB
MemFree:         3256952 kB
Active:           401468 kB
Mem:          3.8G       741M       3.1G       5.7M        54M       314M

MemTotal:        4016004 kB
MemFree:         3257060 kB
Active:           401472 kB
Mem:          3.8G       741M       3.1G       5.7M        54M       314M

MemTotal:        4016004 kB
MemFree:         3257556 kB
Active:           401488 kB
Mem:          3.8G       740M       3.1G       5.7M        54M       314M

MemTotal:        4016004 kB
MemFree:         3257852 kB
Active:           401488 kB
Mem:          3.8G       740M       3.1G       5.7M        54M       314M

MemTotal:        4016004 kB
MemFree:         3257852 kB
Active:           401492 kB
Mem:          3.8G       740M       3.1G       5.7M        54M       314M

MemTotal:        4016004 kB
MemFree:         3257480 kB
Active:           401484 kB
Mem:          3.8G       740M       3.1G       5.7M        54M       314M

MemTotal:        4016004 kB
MemFree:         3257356 kB
Active:           401492 kB
Mem:          3.8G       740M       3.1G       5.7M        54M       314M

MemTotal:        4016004 kB
MemFree:         3257356 kB
Active:           401512 kB
Mem:          3.8G       740M       3.1G       5.7M        54M       314M

MemTotal:        4016004 kB
MemFree:         3257480 kB
Active:           401516 kB
Mem:          3.8G       740M       3.1G       5.7M        54M       314M

MemTotal:        4016004 kB
MemFree:         3256984 kB
Active:           401528 kB
Mem:          3.8G       741M       3.1G       5.7M        54M       314M

MemTotal:        4016004 kB
MemFree:         3257604 kB
Active:           401476 kB
Mem:          3.8G       740M       3.1G       5.7M        54M       314M

MemTotal:        4016004 kB
MemFree:         3256984 kB
Active:           401528 kB
Mem:          3.8G       741M       3.1G       5.7M        54M       314M

MemTotal:        4016004 kB
MemFree:         3257108 kB
Active:           401500 kB
Mem:          3.8G       740M       3.1G       5.7M        54M       314M

MemTotal:        4016004 kB
MemFree:         3257604 kB
Active:           401500 kB
Mem:          3.8G       740M       3.1G       5.7M        54M       314M

MemTotal:        4016004 kB
MemFree:         3257480 kB
Active:           401532 kB
Mem:          3.8G       740M       3.1G       5.7M        54M       314M

MemTotal:        4016004 kB
MemFree:         3257572 kB
Active:           401508 kB
Mem:          3.8G       740M       3.1G       5.7M        54M       314M

MemTotal:        4016004 kB
MemFree:         3257200 kB
Active:           401508 kB
Mem:          3.8G       740M       3.1G       5.7M        54M       314M

MemTotal:        4016004 kB
MemFree:         3257200 kB
Active:           401512 kB
Mem:          3.8G       741M       3.1G       5.7M        54M       314M

MemTotal:        4016004 kB
MemFree:         3257184 kB
Active:           401520 kB
Mem:          3.8G       740M       3.1G       5.7M        54M       314M

MemTotal:        4016004 kB
MemFree:         3257432 kB
Active:           401528 kB
Mem:          3.8G       740M       3.1G       5.7M        54M       314M

MemTotal:        4016004 kB
MemFree:         3257060 kB
Active:           401556 kB
Mem:          3.8G       741M       3.1G       5.7M        54M       314M

MemTotal:        4016004 kB
MemFree:         3256796 kB
Active:           401560 kB
Mem:          3.8G       741M       3.1G       5.7M        54M       314M

MemTotal:        4016004 kB
MemFree:         3256920 kB
Active:           401552 kB
Mem:          3.8G       741M       3.1G       5.7M        54M       314M

MemTotal:        4016004 kB
MemFree:         3256532 kB
Active:           401572 kB
Mem:          3.8G       741M       3.1G       5.7M        54M       314M

MemTotal:        4016004 kB
MemFree:         3256408 kB
Active:           401572 kB
Mem:          3.8G       741M       3.1G       5.7M        54M       314M

MemTotal:        4016004 kB
MemFree:         3256640 kB
Active:           401556 kB
Mem:          3.8G       741M       3.1G       5.7M        54M       314M

MemTotal:        4016004 kB
MemFree:         3256748 kB
Active:           401552 kB
Mem:          3.8G       741M       3.1G       5.7M        54M       314M

MemTotal:        4016004 kB
MemFree:         3256872 kB
Active:           401516 kB
Mem:          3.8G       741M       3.1G       5.7M        54M       314M

MemTotal:        4016004 kB
MemFree:         3256732 kB
Active:           401520 kB
Mem:          3.8G       741M       3.1G       5.7M        54M       314M

MemTotal:        4016004 kB
MemFree:         3256856 kB
Active:           401524 kB
Mem:          3.8G       741M       3.1G       5.7M        54M       314M

MemTotal:        4016004 kB
MemFree:         3256608 kB
Active:           401584 kB
Mem:          3.8G       741M       3.1G       5.7M        54M       314M

MemTotal:        4016004 kB
MemFree:         3257104 kB
Active:           401544 kB
Mem:          3.8G       741M       3.1G       5.7M        54M       314M

MemTotal:        4016004 kB
MemFree:         3256964 kB
Active:           401528 kB
Mem:          3.8G       741M       3.1G       5.7M        54M       314M

MemTotal:        4016004 kB
MemFree:         3257212 kB
Active:           401552 kB
Mem:          3.8G       741M       3.1G       5.7M        54M       314M

MemTotal:        4016004 kB
MemFree:         3256700 kB
Active:           401600 kB
Mem:          3.8G       741M       3.1G       5.7M        54M       314M

MemTotal:        4016004 kB
MemFree:         3256948 kB
Active:           401552 kB
Mem:          3.8G       741M       3.1G       5.7M        54M       314M

MemTotal:        4016004 kB
MemFree:         3257056 kB
Active:           401572 kB
Mem:          3.8G       741M       3.1G       5.7M        54M       314M

MemTotal:        4016004 kB
MemFree:         3254760 kB
Active:           401604 kB
Mem:          3.8G       743M       3.1G       5.7M        54M       314M

MemTotal:        4016004 kB
MemFree:         3254636 kB
Active:           403572 kB
Mem:          3.8G       743M       3.1G       5.7M        54M       314M

MemTotal:        4016004 kB
MemFree:         3254824 kB
Active:           403636 kB
Mem:          3.8G       743M       3.1G       5.7M        54M       314M

MemTotal:        4016004 kB
MemFree:         3254700 kB
Active:           403632 kB
Mem:          3.8G       743M       3.1G       5.7M        54M       314M

MemTotal:        4016004 kB
MemFree:         3254576 kB
Active:           403628 kB
Mem:          3.8G       743M       3.1G       5.7M        54M       314M

MemTotal:        4016004 kB
MemFree:         3254576 kB
Active:           403624 kB
Mem:          3.8G       743M       3.1G       5.7M        54M       314M

MemTotal:        4016004 kB
MemFree:         3254328 kB
Active:           403596 kB
Mem:          3.8G       743M       3.1G       5.7M        54M       314M

MemTotal:        4016004 kB
MemFree:         3254700 kB
Active:           403592 kB
Mem:          3.8G       743M       3.1G       5.7M        54M       314M

MemTotal:        4016004 kB
MemFree:         3254700 kB
Active:           403624 kB
Mem:          3.8G       743M       3.1G       5.7M        54M       314M

MemTotal:        4016004 kB
MemFree:         3254576 kB
Active:           403632 kB
Mem:          3.8G       743M       3.1G       5.7M        54M       314M

MemTotal:        4016004 kB
MemFree:         3254432 kB
Active:           401712 kB
Mem:          3.8G       743M       3.1G       5.7M        54M       314M

MemTotal:        4016004 kB
MemFree:         3254688 kB
Active:           403688 kB
Mem:          3.8G       743M       3.1G       5.7M        54M       314M

MemTotal:        4016004 kB
MemFree:         3254812 kB
Active:           403716 kB
Mem:          3.8G       743M       3.1G       5.7M        54M       314M

MemTotal:        4016004 kB
MemFree:         3255168 kB
Active:           403712 kB
Mem:          3.8G       743M       3.1G       5.7M        54M       314M

MemTotal:        4016004 kB
MemFree:         3254920 kB
Active:           403712 kB
Mem:          3.8G       743M       3.1G       5.7M        54M       314M

MemTotal:        4016004 kB
MemFree:         3254408 kB
Active:           403748 kB
Mem:          3.8G       743M       3.1G       5.7M        54M       314M

MemTotal:        4016004 kB
MemFree:         3255032 kB
Active:           403712 kB
Mem:          3.8G       743M       3.1G       5.7M        54M       314M

MemTotal:        4016004 kB
MemFree:         3254412 kB
Active:           403748 kB
Mem:          3.8G       743M       3.1G       5.7M        54M       314M

MemTotal:        4016004 kB
MemFree:         3254908 kB
Active:           403696 kB
Mem:          3.8G       743M       3.1G       5.7M        54M       314M

MemTotal:        4016004 kB
MemFree:         3255032 kB
Active:           403700 kB
Mem:          3.8G       743M       3.1G       5.7M        54M       314M

MemTotal:        4016004 kB
MemFree:         3255176 kB
Active:           401712 kB
Mem:          3.8G       742M       3.1G       5.7M        54M       314M

MemTotal:        4016004 kB
MemFree:         3255584 kB
Active:           401656 kB
Mem:          3.8G       742M       3.1G       5.7M        54M       314M

MemTotal:        4016004 kB
MemFree:         3255460 kB
Active:           403756 kB
Mem:          3.8G       742M       3.1G       5.7M        54M       314M

MemTotal:        4016004 kB
MemFree:         3255336 kB
Active:           403724 kB
Mem:          3.8G       742M       3.1G       5.7M        54M       314M

MemTotal:        4016004 kB
MemFree:         3254840 kB
Active:           403756 kB
Mem:          3.8G       743M       3.1G       5.7M        54M       314M

MemTotal:        4016004 kB
MemFree:         3254716 kB
Active:           403732 kB
Mem:          3.8G       743M       3.1G       5.7M        54M       314M

MemTotal:        4016004 kB
MemFree:         3254824 kB
Active:           403716 kB
Mem:          3.8G       743M       3.1G       5.7M        54M       314M

MemTotal:        4016004 kB
MemFree:         3255056 kB
Active:           403764 kB
Mem:          3.8G       743M       3.1G       5.7M        54M       314M

MemTotal:        4016004 kB
MemFree:         3255056 kB
Active:           403728 kB
Mem:          3.8G       743M       3.1G       5.7M        54M       314M

MemTotal:        4016004 kB
MemFree:         3255180 kB
Active:           403724 kB
Mem:          3.8G       743M       3.1G       5.7M        54M       314M

MemTotal:        4016004 kB
MemFree:         3255040 kB
Active:           403728 kB
Mem:          3.8G       743M       3.1G       5.7M        54M       314M

MemTotal:        4016004 kB
MemFree:         3255024 kB
Active:           403732 kB
Mem:          3.8G       743M       3.1G       5.7M        54M       314M

MemTotal:        4016004 kB
MemFree:         3255148 kB
Active:           403736 kB
Mem:          3.8G       743M       3.1G       5.7M        54M       314M

MemTotal:        4016004 kB
MemFree:         3254652 kB
Active:           403744 kB
Mem:          3.8G       743M       3.1G       5.7M        54M       314M

MemTotal:        4016004 kB
MemFree:         3254776 kB
Active:           403732 kB
Mem:          3.8G       743M       3.1G       5.7M        54M       314M

MemTotal:        4016004 kB
MemFree:         3254388 kB
Active:           403784 kB
Mem:          3.8G       743M       3.1G       5.7M        54M       314M

MemTotal:        4016004 kB
MemFree:         3254636 kB
Active:           403752 kB
Mem:          3.8G       743M       3.1G       5.7M        54M       314M

MemTotal:        4016004 kB
MemFree:         3254636 kB
Active:           403732 kB
Mem:          3.8G       743M       3.1G       5.7M        54M       314M

MemTotal:        4016004 kB
MemFree:         3254512 kB
Active:           403780 kB
Mem:          3.8G       743M       3.1G       5.7M        54M       314M

MemTotal:        4016004 kB
MemFree:         3254016 kB
Active:           403784 kB
Mem:          3.8G       744M       3.1G       5.7M        54M       314M

MemTotal:        4016004 kB
MemFree:         3254512 kB
Active:           403732 kB
Mem:          3.8G       743M       3.1G       5.7M        54M       314M

MemTotal:        4016004 kB
MemFree:         3254372 kB
Active:           403740 kB
Mem:          3.8G       743M       3.1G       5.7M        54M       314M

MemTotal:        4016004 kB
MemFree:         3254604 kB
Active:           403752 kB
Mem:          3.8G       743M       3.1G       5.7M        54M       314M

MemTotal:        4016004 kB
MemFree:         3254604 kB
Active:           403748 kB
Mem:          3.8G       743M       3.1G       5.7M        54M       314M

MemTotal:        4016004 kB
MemFree:         3254736 kB
Active:           403748 kB
Mem:          3.8G       743M       3.1G       5.7M        54M       314M

MemTotal:        4016004 kB
MemFree:         3213088 kB
Active:           404284 kB
Mem:          3.8G       785M       3.1G       5.7M        55M       354M

MemTotal:        4016004 kB
MemFree:         3168708 kB
Active:           404356 kB
Mem:          3.8G       828M       3.0G       5.7M        55M       397M

MemTotal:        4016004 kB
MemFree:         3123524 kB
Active:           404380 kB
Mem:          3.8G       871M       3.0G       5.7M        55M       440M

MemTotal:        4016004 kB
MemFree:         3079112 kB
Active:           404404 kB
Mem:          3.8G       914M       2.9G       5.7M        55M       482M

MemTotal:        4016004 kB
MemFree:         3034996 kB
Active:           404412 kB
Mem:          3.8G       958M       2.9G       5.7M        55M       525M

MemTotal:        4016004 kB
MemFree:         2990508 kB
Active:           404404 kB
Mem:          3.8G       1.0G       2.9G       5.7M        55M       568M

MemTotal:        4016004 kB
MemFree:         2946392 kB
Active:           404480 kB
Mem:          3.8G       1.0G       2.8G       5.7M        55M       611M

MemTotal:        4016004 kB
MemFree:         2901656 kB
Active:           404500 kB
Mem:          3.8G       1.1G       2.8G       5.7M        55M       653M

MemTotal:        4016004 kB
MemFree:         2857008 kB
Active:           404524 kB
Mem:          3.8G       1.1G       2.7G       5.7M        55M       696M

MemTotal:        4016004 kB
MemFree:         2812444 kB
Active:           404544 kB
Mem:          3.8G       1.1G       2.7G       5.7M        55M       739M

MemTotal:        4016004 kB
MemFree:         2768652 kB
Active:           404580 kB
Mem:          3.8G       1.2G       2.6G       5.7M        55M       781M

MemTotal:        4016004 kB
MemFree:         2723840 kB
Active:           404608 kB
Mem:          3.8G       1.2G       2.6G       5.7M        55M       824M

MemTotal:        4016004 kB
MemFree:         2697500 kB
Active:           404592 kB
Mem:          3.8G       1.3G       2.6G       5.7M        55M       848M

MemTotal:        4016004 kB
MemFree:         2672540 kB
Active:           404596 kB
Mem:          3.8G       1.3G       2.5G       5.7M        55M       872M

MemTotal:        4016004 kB
MemFree:         2627960 kB
Active:           404628 kB
Mem:          3.8G       1.3G       2.5G       5.7M        55M       915M

MemTotal:        4016004 kB
MemFree:         2585024 kB
Active:           404664 kB
Mem:          3.8G       1.4G       2.5G       5.7M        55M       957M

MemTotal:        4016004 kB
MemFree:         2579740 kB
Active:           404676 kB
Mem:          3.8G       1.4G       2.5G       5.7M        55M       961M

MemTotal:        4016004 kB
MemFree:         2536436 kB
Active:           404724 kB
Mem:          3.8G       1.4G       2.4G       5.7M        55M       1.0G

MemTotal:        4016004 kB
MemFree:         2491932 kB
Active:           404744 kB
Mem:          3.8G       1.5G       2.4G       5.7M        55M       1.0G

MemTotal:        4016004 kB
MemFree:         2447444 kB
Active:           404772 kB
Mem:          3.8G       1.5G       2.3G       5.7M        55M       1.1G

MemTotal:        4016004 kB
MemFree:         2403344 kB
Active:           404792 kB
Mem:          3.8G       1.5G       2.3G       5.7M        55M       1.1G

MemTotal:        4016004 kB
MemFree:         2359088 kB
Active:           404808 kB
Mem:          3.8G       1.6G       2.2G       5.7M        55M       1.1G

MemTotal:        4016004 kB
MemFree:         2340952 kB
Active:           404844 kB
Mem:          3.8G       1.6G       2.2G       5.7M        55M       1.2G

MemTotal:        4016004 kB
MemFree:         2305876 kB
Active:           404860 kB
Mem:          3.8G       1.6G       2.2G       5.7M        55M       1.2G

MemTotal:        4016004 kB
MemFree:         2261172 kB
Active:           404852 kB
Mem:          3.8G       1.7G       2.2G       5.7M        55M       1.2G

MemTotal:        4016004 kB
MemFree:         2239192 kB
Active:           402984 kB
Mem:          3.8G       1.7G       2.1G       5.7M        55M       1.3G

MemTotal:        4016004 kB
MemFree:         2238916 kB
Active:           404904 kB
Mem:          3.8G       1.7G       2.1G       5.7M        55M       1.3G

MemTotal:        4016004 kB
MemFree:         2238980 kB
Active:           404896 kB
Mem:          3.8G       1.7G       2.1G       5.7M        55M       1.3G

MemTotal:        4016004 kB
MemFree:         2215852 kB
Active:           404896 kB
Mem:          3.8G       1.7G       2.1G       5.7M        55M       1.3G

MemTotal:        4016004 kB
MemFree:         2171772 kB
Active:           404976 kB
Mem:          3.8G       1.8G       2.1G       5.7M        55M       1.3G

MemTotal:        4016004 kB
MemFree:         2127224 kB
Active:           404996 kB
Mem:          3.8G       1.8G       2.0G       5.7M        55M       1.4G

MemTotal:        4016004 kB
MemFree:         2082984 kB
Active:           405020 kB
Mem:          3.8G       1.8G       2.0G       5.7M        55M       1.4G

MemTotal:        4016004 kB
MemFree:         2037984 kB
Active:           405008 kB
Mem:          3.8G       1.9G       1.9G       5.7M        55M       1.4G

MemTotal:        4016004 kB
MemFree:         1993744 kB
Active:           405068 kB
Mem:          3.8G       1.9G       1.9G       5.7M        55M       1.5G

MemTotal:        4016004 kB
MemFree:         1949736 kB
Active:           405096 kB
Mem:          3.8G       2.0G       1.9G       5.7M        55M       1.5G

MemTotal:        4016004 kB
MemFree:         1905124 kB
Active:           405124 kB
Mem:          3.8G       2.0G       1.8G       5.7M        55M       1.6G

MemTotal:        4016004 kB
MemFree:         1860884 kB
Active:           405144 kB
Mem:          3.8G       2.1G       1.8G       5.7M        55M       1.6G

MemTotal:        4016004 kB
MemFree:         1816364 kB
Active:           405168 kB
Mem:          3.8G       2.1G       1.7G       5.7M        55M       1.7G

MemTotal:        4016004 kB
MemFree:         1784184 kB
Active:           405156 kB
Mem:          3.8G       2.1G       1.7G       5.7M        55M       1.7G

MemTotal:        4016004 kB
MemFree:         1779692 kB
Active:           405220 kB
Mem:          3.8G       2.1G       1.7G       5.7M        55M       1.7G

MemTotal:        4016004 kB
MemFree:         1736260 kB
Active:           405240 kB
Mem:          3.8G       2.2G       1.7G       5.7M        55M       1.7G

MemTotal:        4016004 kB
MemFree:         1710872 kB
Active:           405224 kB
Mem:          3.8G       2.2G       1.6G       5.7M        55M       1.8G

MemTotal:        4016004 kB
MemFree:         1704600 kB
Active:           405244 kB
Mem:          3.8G       2.2G       1.6G       5.7M        55M       1.8G

MemTotal:        4016004 kB
MemFree:         1660704 kB
Active:           405284 kB
Mem:          3.8G       2.2G       1.6G       5.7M        55M       1.8G

MemTotal:        4016004 kB
MemFree:         1615720 kB
Active:           405308 kB
Mem:          3.8G       2.3G       1.5G       5.7M        55M       1.8G

MemTotal:        4016004 kB
MemFree:         1571536 kB
Active:           403360 kB
Mem:          3.8G       2.3G       1.5G       5.7M        55M       1.9G

MemTotal:        4016004 kB
MemFree:         1527472 kB
Active:           405352 kB
Mem:          3.8G       2.4G       1.5G       5.7M        55M       1.9G

MemTotal:        4016004 kB
MemFree:         1483232 kB
Active:           405384 kB
Mem:          3.8G       2.4G       1.4G       5.7M        55M       2.0G

MemTotal:        4016004 kB
MemFree:         1438356 kB
Active:           405404 kB
Mem:          3.8G       2.5G       1.4G       5.7M        55M       2.0G

MemTotal:        4016004 kB
MemFree:         1393464 kB
Active:           405428 kB
Mem:          3.8G       2.5G       1.3G       5.7M        55M       2.1G

MemTotal:        4016004 kB
MemFree:         1349880 kB
Active:           405428 kB
Mem:          3.8G       2.5G       1.3G       5.7M        55M       2.1G

MemTotal:        4016004 kB
MemFree:         1325992 kB
Active:           405452 kB
Mem:          3.8G       2.6G       1.3G       5.7M        55M       2.1G

MemTotal:        4016004 kB
MemFree:         1322596 kB
Active:           405644 kB
Mem:          3.8G       2.6G       1.3G       5.7M        56M       2.1G

MemTotal:        4016004 kB
MemFree:         1278056 kB
Active:           405512 kB
Mem:          3.8G       2.6G       1.2G       5.7M        56M       2.2G

MemTotal:        4016004 kB
MemFree:         1234456 kB
Active:           405500 kB
Mem:          3.8G       2.7G       1.2G       5.7M        56M       2.2G

MemTotal:        4016004 kB
MemFree:         1188552 kB
Active:           403612 kB
Mem:          3.8G       2.7G       1.1G       5.7M        56M       2.2G

MemTotal:        4016004 kB
MemFree:         1144944 kB
Active:           405580 kB
Mem:          3.8G       2.7G       1.1G       5.7M        56M       2.3G

MemTotal:        4016004 kB
MemFree:         1101060 kB
Active:           405592 kB
Mem:          3.8G       2.8G       1.0G       5.7M        56M       2.3G

MemTotal:        4016004 kB
MemFree:         1056696 kB
Active:           405592 kB
Mem:          3.8G       2.8G       1.0G       5.7M        56M       2.4G

MemTotal:        4016004 kB
MemFree:         1011960 kB
Active:           405652 kB
Mem:          3.8G       2.9G       987M       5.7M        56M       2.4G

MemTotal:        4016004 kB
MemFree:          968108 kB
Active:           405676 kB
Mem:          3.8G       2.9G       944M       5.7M        56M       2.5G

MemTotal:        4016004 kB
MemFree:          923416 kB
Active:           405712 kB
Mem:          3.8G       2.9G       901M       5.7M        56M       2.5G

MemTotal:        4016004 kB
MemFree:          878308 kB
Active:           405740 kB
Mem:          3.8G       3.0G       857M       5.7M        56M       2.5G

MemTotal:        4016004 kB
MemFree:          834008 kB
Active:           405764 kB
Mem:          3.8G       3.0G       814M       5.7M        56M       2.6G

MemTotal:        4016004 kB
MemFree:          789180 kB
Active:           405788 kB
Mem:          3.8G       3.1G       770M       5.7M        56M       2.6G

MemTotal:        4016004 kB
MemFree:          778576 kB
Active:           405808 kB
Mem:          3.8G       3.1G       759M       5.7M        56M       2.6G

MemTotal:        4016004 kB
MemFree:          733980 kB
Active:           405816 kB
Mem:          3.8G       3.1G       716M       5.7M        56M       2.7G

MemTotal:        4016004 kB
MemFree:          720840 kB
Active:           405836 kB
Mem:          3.8G       3.1G       703M       5.7M        56M       2.7G

MemTotal:        4016004 kB
MemFree:          720688 kB
Active:           405868 kB
Mem:          3.8G       3.1G       703M       5.7M        56M       2.7G

MemTotal:        4016004 kB
MemFree:          700212 kB
Active:           405872 kB
Mem:          3.8G       3.2G       683M       5.7M        56M       2.7G

MemTotal:        4016004 kB
MemFree:          656344 kB
Active:           405900 kB
Mem:          3.8G       3.2G       639M       5.7M        56M       2.7G

MemTotal:        4016004 kB
MemFree:          610848 kB
Active:           405920 kB
Mem:          3.8G       3.2G       596M       5.7M        56M       2.8G

MemTotal:        4016004 kB
MemFree:          565988 kB
Active:           405924 kB
Mem:          3.8G       3.3G       552M       5.7M        56M       2.8G

MemTotal:        4016004 kB
MemFree:          522136 kB
Active:           405976 kB
Mem:          3.8G       3.3G       509M       5.7M        56M       2.9G

MemTotal:        4016004 kB
MemFree:          477260 kB
Active:           405996 kB
Mem:          3.8G       3.4G       465M       5.7M        56M       2.9G

MemTotal:        4016004 kB
MemFree:          432880 kB
Active:           406016 kB
Mem:          3.8G       3.4G       422M       5.7M        56M       3.0G

MemTotal:        4016004 kB
MemFree:          400080 kB
Active:           406040 kB
Mem:          3.8G       3.4G       390M       5.7M        56M       3.0G

MemTotal:        4016004 kB
MemFree:          383432 kB
Active:           406036 kB
Mem:          3.8G       3.5G       373M       5.7M        56M       3.0G

MemTotal:        4016004 kB
MemFree:          338000 kB
Active:           405912 kB
Mem:          3.8G       3.5G       329M       5.7M        56M       3.0G

MemTotal:        4016004 kB
MemFree:          294364 kB
Active:           405932 kB
Mem:          3.8G       3.6G       286M       5.7M        56M       3.1G

MemTotal:        4016004 kB
MemFree:          249192 kB
Active:           405916 kB
Mem:          3.8G       3.6G       243M       5.7M        56M       3.1G

MemTotal:        4016004 kB
MemFree:          205264 kB
Active:           405936 kB
Mem:          3.8G       3.6G       199M       5.7M        56M       3.2G

MemTotal:        4016004 kB
MemFree:          160600 kB
Active:           406040 kB
Mem:          3.8G       3.7G       156M       5.7M        56M       3.2G

MemTotal:        4016004 kB
MemFree:          142280 kB
Active:           406072 kB
Mem:          3.8G       3.7G       138M       5.7M        56M       3.2G

MemTotal:        4016004 kB
MemFree:          138408 kB
Active:           406088 kB
Mem:          3.8G       3.7G       134M       5.7M        56M       3.2G

MemTotal:        4016004 kB
MemFree:          111188 kB
Active:           406040 kB
Mem:          3.8G       3.7G       107M       5.7M        56M       3.3G

MemTotal:        4016004 kB
MemFree:          142140 kB
Active:           415912 kB
Mem:          3.8G       3.7G       114M       5.7M        21M       3.3G

MemTotal:        4016004 kB
MemFree:          108688 kB
Active:           416056 kB
Mem:          3.8G       3.7G       105M       5.7M        21M       3.3G

MemTotal:        4016004 kB
MemFree:          142552 kB
Active:           464680 kB
Mem:          3.8G       3.7G       138M       5.7M        21M       3.3G

MemTotal:        4016004 kB
MemFree:          135052 kB
Active:           462216 kB
Mem:          3.8G       3.7G       131M       5.7M        21M       3.3G

MemTotal:        4016004 kB
MemFree:          126608 kB
Active:           458892 kB
Mem:          3.8G       3.7G       123M       5.7M        21M       3.3G

MemTotal:        4016004 kB
MemFree:          129744 kB
Active:           451180 kB
Mem:          3.8G       3.7G       126M       5.7M        21M       3.3G

MemTotal:        4016004 kB
MemFree:          129684 kB
Active:           445696 kB
Mem:          3.8G       3.7G       126M       5.7M        21M       3.3G

MemTotal:        4016004 kB
MemFree:          122040 kB
Active:           440468 kB
Mem:          3.8G       3.7G       119M       5.7M        21M       3.3G

MemTotal:        4016004 kB
MemFree:          132876 kB
Active:           433544 kB
Mem:          3.8G       3.7G       128M       5.7M        21M       3.3G

MemTotal:        4016004 kB
MemFree:          124928 kB
Active:           430152 kB
Mem:          3.8G       3.7G       121M       5.7M        21M       3.3G

MemTotal:        4016004 kB
MemFree:          127464 kB
Active:           428056 kB
Mem:          3.8G       3.7G       123M       5.7M        21M       3.3G

MemTotal:        4016004 kB
MemFree:          118072 kB
Active:           427972 kB
Mem:          3.8G       3.7G       114M       5.7M        21M       3.3G

MemTotal:        4016004 kB
MemFree:          133028 kB
Active:           426332 kB
Mem:          3.8G       3.7G       129M       5.7M        21M       3.3G

MemTotal:        4016004 kB
MemFree:          126820 kB
Active:           425084 kB
Mem:          3.8G       3.7G       124M       5.7M        21M       3.3G

MemTotal:        4016004 kB
MemFree:          133816 kB
Active:           423444 kB
Mem:          3.8G       3.7G       130M       5.7M        21M       3.3G

MemTotal:        4016004 kB
MemFree:          125472 kB
Active:           422056 kB
Mem:          3.8G       3.7G       122M       5.7M        21M       3.3G

MemTotal:        4016004 kB
MemFree:          117168 kB
Active:           421064 kB
Mem:          3.8G       3.7G       113M       5.7M        21M       3.3G

MemTotal:        4016004 kB
MemFree:          108060 kB
Active:           419804 kB
Mem:          3.8G       3.7G       105M       5.7M        21M       3.3G

MemTotal:        4016004 kB
MemFree:          112952 kB
Active:           418168 kB
Mem:          3.8G       3.7G       109M       5.7M        21M       3.3G

MemTotal:        4016004 kB
MemFree:          127296 kB
Active:           416528 kB
Mem:          3.8G       3.7G       124M       5.7M        21M       3.3G

MemTotal:        4016004 kB
MemFree:          125104 kB
Active:           415016 kB
Mem:          3.8G       3.7G       122M       5.7M        21M       3.3G

MemTotal:        4016004 kB
MemFree:          105288 kB
Active:           414408 kB
Mem:          3.8G       3.7G       102M       5.7M        21M       3.3G

MemTotal:        4016004 kB
MemFree:          122524 kB
Active:           412384 kB
Mem:          3.8G       3.7G       119M       5.7M        21M       3.3G

MemTotal:        4016004 kB
MemFree:          122780 kB
Active:           411768 kB
Mem:          3.8G       3.7G       119M       5.7M        21M       3.3G

MemTotal:        4016004 kB
MemFree:          127432 kB
Active:           410632 kB
Mem:          3.8G       3.7G       124M       5.7M        21M       3.3G

MemTotal:        4016004 kB
MemFree:          129988 kB
Active:           409500 kB
Mem:          3.8G       3.7G       126M       5.7M        21M       3.3G

MemTotal:        4016004 kB
MemFree:          129588 kB
Active:           409480 kB
Mem:          3.8G       3.7G       126M       5.7M        21M       3.3G

MemTotal:        4016004 kB
MemFree:          115332 kB
Active:           409492 kB
Mem:          3.8G       3.7G       112M       5.7M        21M       3.3G

MemTotal:        4016004 kB
MemFree:          118744 kB
Active:           405916 kB
Mem:          3.8G       3.7G       115M       5.7M        21M       3.3G

MemTotal:        4016004 kB
MemFree:          125544 kB
Active:           404016 kB
Mem:          3.8G       3.7G       121M       5.7M        22M       3.3G

MemTotal:        4016004 kB
MemFree:          128424 kB
Active:           402376 kB
Mem:          3.8G       3.7G       124M       5.7M        22M       3.3G

MemTotal:        4016004 kB
MemFree:          130008 kB
Active:           396668 kB
Mem:          3.8G       3.7G       126M       5.7M        22M       3.3G

MemTotal:        4016004 kB
MemFree:          133424 kB
Active:           394796 kB
Mem:          3.8G       3.7G       129M       5.7M        22M       3.3G

MemTotal:        4016004 kB
MemFree:          140196 kB
Active:           392640 kB
Mem:          3.8G       3.7G       136M       5.7M        22M       3.3G

MemTotal:        4016004 kB
MemFree:          132808 kB
Active:           391656 kB
Mem:          3.8G       3.7G       129M       5.7M        22M       3.3G

MemTotal:        4016004 kB
MemFree:          125436 kB
Active:           390524 kB
Mem:          3.8G       3.7G       121M       5.7M        22M       3.3G

MemTotal:        4016004 kB
MemFree:          128240 kB
Active:           388640 kB
Mem:          3.8G       3.7G       125M       5.7M        22M       3.3G

MemTotal:        4016004 kB
MemFree:          128684 kB
Active:           386716 kB
Mem:          3.8G       3.7G       125M       5.7M        22M       3.3G

MemTotal:        4016004 kB
MemFree:          120664 kB
Active:           385748 kB
Mem:          3.8G       3.7G       117M       5.7M        22M       3.3G

MemTotal:        4016004 kB
MemFree:          122488 kB
Active:           383700 kB
Mem:          3.8G       3.7G       119M       5.7M        22M       3.3G

MemTotal:        4016004 kB
MemFree:          132048 kB
Active:           383720 kB
Mem:          3.8G       3.7G       128M       5.7M        22M       3.3G

MemTotal:        4016004 kB
MemFree:          129628 kB
Active:           382196 kB
Mem:          3.8G       3.7G       126M       5.7M        22M       3.3G

MemTotal:        4016004 kB
MemFree:          122160 kB
Active:           381208 kB
Mem:          3.8G       3.7G       118M       5.7M        22M       3.3G

MemTotal:        4016004 kB
MemFree:          126636 kB
Active:           379568 kB
Mem:          3.8G       3.7G       123M       5.7M        22M       3.3G

MemTotal:        4016004 kB
MemFree:          119232 kB
Active:           378440 kB
Mem:          3.8G       3.7G       115M       5.7M        22M       3.3G

MemTotal:        4016004 kB
MemFree:          135172 kB
Active:           377292 kB
Mem:          3.8G       3.7G       131M       5.7M        22M       3.3G

MemTotal:        4016004 kB
MemFree:          145476 kB
Active:           375676 kB
Mem:          3.8G       3.7G       141M       5.7M        22M       3.3G

MemTotal:        4016004 kB
MemFree:          141776 kB
Active:           375568 kB
Mem:          3.8G       3.7G       138M       5.7M        22M       3.3G

MemTotal:        4016004 kB
MemFree:          105348 kB
Active:           375584 kB
Mem:          3.8G       3.7G       102M       5.7M        22M       3.3G

MemTotal:        4016004 kB
MemFree:          128340 kB
Active:           374268 kB
Mem:          3.8G       3.7G       124M       5.7M        22M       3.3G

MemTotal:        4016004 kB
MemFree:          113876 kB
Active:           373772 kB
Mem:          3.8G       3.7G       110M       5.7M        22M       3.3G

MemTotal:        4016004 kB
MemFree:          111616 kB
Active:           372752 kB
Mem:          3.8G       3.7G       108M       5.7M        22M       3.3G

MemTotal:        4016004 kB
MemFree:          127600 kB
Active:           371124 kB
Mem:          3.8G       3.7G       123M       5.7M        22M       3.3G

MemTotal:        4016004 kB
MemFree:          119604 kB
Active:           369992 kB
Mem:          3.8G       3.7G       116M       5.7M        22M       3.3G

MemTotal:        4016004 kB
MemFree:          105420 kB
Active:           368860 kB
Mem:          3.8G       3.7G       102M       5.7M        22M       3.3G

MemTotal:        4016004 kB
MemFree:          128260 kB
Active:           366964 kB
Mem:          3.8G       3.7G       125M       5.7M        22M       3.3G

MemTotal:        4016004 kB
MemFree:          125668 kB
Active:           365328 kB
Mem:          3.8G       3.7G       122M       5.7M        22M       3.3G

MemTotal:        4016004 kB
MemFree:          135916 kB
Active:           361308 kB
Mem:          3.8G       3.7G       132M       5.7M        22M       3.3G

MemTotal:        4016004 kB
MemFree:          126008 kB
Active:           360948 kB
Mem:          3.8G       3.7G       122M       5.7M        22M       3.3G

MemTotal:        4016004 kB
MemFree:          129688 kB
Active:           361068 kB
Mem:          3.8G       3.7G       125M       5.7M        22M       3.3G

MemTotal:        4016004 kB
MemFree:          122976 kB
Active:           360068 kB
Mem:          3.8G       3.7G       119M       5.7M        22M       3.3G

MemTotal:        4016004 kB
MemFree:          132260 kB
Active:           358688 kB
Mem:          3.8G       3.7G       129M       5.7M        22M       3.3G

MemTotal:        4016004 kB
MemFree:          124952 kB
Active:           358808 kB
Mem:          3.8G       3.7G       122M       5.7M        22M       3.3G

MemTotal:        4016004 kB
MemFree:          107564 kB
Active:           358708 kB
Mem:          3.8G       3.7G       104M       5.7M        22M       3.3G

MemTotal:        4016004 kB
MemFree:          130408 kB
Active:           358756 kB
Mem:          3.8G       3.7G       126M       5.7M        22M       3.3G

MemTotal:        4016004 kB
MemFree:          122236 kB
Active:           358740 kB
Mem:          3.8G       3.7G       119M       5.7M        22M       3.3G

MemTotal:        4016004 kB
MemFree:          125456 kB
Active:           358784 kB
Mem:          3.8G       3.7G       122M       5.7M        22M       3.3G

MemTotal:        4016004 kB
MemFree:          125964 kB
Active:           358840 kB
Mem:          3.8G       3.7G       122M       5.7M        22M       3.3G

MemTotal:        4016004 kB
MemFree:          119676 kB
Active:           358068 kB
Mem:          3.8G       3.7G       116M       5.7M        22M       3.3G

MemTotal:        4016004 kB
MemFree:          123588 kB
Active:           357960 kB
Mem:          3.8G       3.7G       120M       5.7M        22M       3.3G

MemTotal:        4016004 kB
MemFree:          122480 kB
Active:           357976 kB
Mem:          3.8G       3.7G       119M       5.7M        22M       3.3G

MemTotal:        4016004 kB
MemFree:          121184 kB
Active:           357972 kB
Mem:          3.8G       3.7G       117M       5.7M        22M       3.3G

MemTotal:        4016004 kB
MemFree:          112428 kB
Active:           358008 kB
Mem:          3.8G       3.7G       109M       5.7M        22M       3.3G

MemTotal:        4016004 kB
MemFree:          104972 kB
Active:           358028 kB
Mem:          3.8G       3.7G       102M       5.7M        22M       3.3G

MemTotal:        4016004 kB
MemFree:          109552 kB
Active:           357924 kB
Mem:          3.8G       3.7G       106M       5.7M        22M       3.3G

MemTotal:        4016004 kB
MemFree:          111780 kB
Active:           357948 kB
Mem:          3.8G       3.7G       108M       5.7M        22M       3.3G

MemTotal:        4016004 kB
MemFree:          130328 kB
Active:           356124 kB
Mem:          3.8G       3.7G       126M       5.7M        23M       3.3G

MemTotal:        4016004 kB
MemFree:          116588 kB
Active:           356084 kB
Mem:          3.8G       3.7G       113M       5.7M        23M       3.3G

MemTotal:        4016004 kB
MemFree:          109028 kB
Active:           356104 kB
Mem:          3.8G       3.7G       105M       5.7M        23M       3.3G

MemTotal:        4016004 kB
MemFree:          125208 kB
Active:           356124 kB
Mem:          3.8G       3.7G       122M       5.7M        23M       3.3G

MemTotal:        4016004 kB
MemFree:          104816 kB
Active:           356168 kB
Mem:          3.8G       3.7G       110M       5.7M        23M       3.3G

MemTotal:        4016004 kB
MemFree:          120500 kB
Active:           356220 kB
Mem:          3.8G       3.7G       117M       5.7M        23M       3.3G

MemTotal:        4016004 kB
MemFree:          112864 kB
Active:           356244 kB
Mem:          3.8G       3.7G       109M       5.7M        23M       3.3G

MemTotal:        4016004 kB
MemFree:          112340 kB
Active:           356260 kB
Mem:          3.8G       3.7G       109M       5.7M        23M       3.3G

MemTotal:        4016004 kB
MemFree:          110516 kB
Active:           356276 kB
Mem:          3.8G       3.7G       107M       5.7M        23M       3.3G

MemTotal:        4016004 kB
MemFree:          127536 kB
Active:           356296 kB
Mem:          3.8G       3.7G       124M       5.7M        23M       3.3G

MemTotal:        4016004 kB
MemFree:          119748 kB
Active:           356292 kB
Mem:          3.8G       3.7G       116M       5.7M        23M       3.3G

MemTotal:        4016004 kB
MemFree:          112004 kB
Active:           356348 kB
Mem:          3.8G       3.7G       109M       5.7M        23M       3.3G

MemTotal:        4016004 kB
MemFree:          129376 kB
Active:           356372 kB
Mem:          3.8G       3.7G       125M       5.7M        23M       3.3G

MemTotal:        4016004 kB
MemFree:          115020 kB
Active:           356352 kB
Mem:          3.8G       3.7G       111M       5.7M        23M       3.3G

MemTotal:        4016004 kB
MemFree:          106892 kB
Active:           356380 kB
Mem:          3.8G       3.7G       104M       5.7M        23M       3.3G

MemTotal:        4016004 kB
MemFree:          117896 kB
Active:           356448 kB
Mem:          3.8G       3.7G       114M       5.7M        23M       3.3G

MemTotal:        4016004 kB
MemFree:          110344 kB
Active:           356468 kB
Mem:          3.8G       3.7G       107M       5.7M        23M       3.3G

MemTotal:        4016004 kB
MemFree:          127504 kB
Active:           355948 kB
Mem:          3.8G       3.7G       124M       5.7M        23M       3.3G

MemTotal:        4016004 kB
MemFree:          134140 kB
Active:           355968 kB
Mem:          3.8G       3.7G       131M       5.7M        23M       3.3G

MemTotal:        4016004 kB
MemFree:          130936 kB
Active:           355992 kB
Mem:          3.8G       3.7G       127M       5.7M        23M       3.3G

MemTotal:        4016004 kB
MemFree:          130472 kB
Active:           355980 kB
Mem:          3.8G       3.7G       127M       5.7M        23M       3.3G

MemTotal:        4016004 kB
MemFree:          130880 kB
Active:           355988 kB
Mem:          3.8G       3.7G       127M       5.7M        23M       3.3G

MemTotal:        4016004 kB
MemFree:          115088 kB
Active:           355996 kB
Mem:          3.8G       3.7G       111M       5.7M        23M       3.3G

MemTotal:        4016004 kB
MemFree:          128688 kB
Active:           357580 kB
Mem:          3.8G       3.7G       125M       5.7M        23M       3.3G

MemTotal:        4016004 kB
MemFree:          122480 kB
Active:           357540 kB
Mem:          3.8G       3.7G       118M       5.7M        23M       3.3G

MemTotal:        4016004 kB
MemFree:          128204 kB
Active:           357480 kB
Mem:          3.8G       3.7G       125M       5.7M        23M       3.3G

MemTotal:        4016004 kB
MemFree:          122904 kB
Active:           357500 kB
Mem:          3.8G       3.7G       119M       5.7M        23M       3.3G

MemTotal:        4016004 kB
MemFree:          128808 kB
Active:           357524 kB
Mem:          3.8G       3.7G       125M       5.7M        23M       3.3G

MemTotal:        4016004 kB
MemFree:          124900 kB
Active:           355896 kB
Mem:          3.8G       3.7G       121M       5.7M        23M       3.3G

MemTotal:        4016004 kB
MemFree:          106372 kB
Active:           355892 kB
Mem:          3.8G       3.7G       103M       5.7M        23M       3.3G

MemTotal:        4016004 kB
MemFree:          135124 kB
Active:           355956 kB
Mem:          3.8G       3.7G       131M       5.7M        23M       3.3G

MemTotal:        4016004 kB
MemFree:          126576 kB
Active:           355960 kB
Mem:          3.8G       3.7G       123M       5.7M        23M       3.3G

MemTotal:        4016004 kB
MemFree:          131172 kB
Active:           355988 kB
Mem:          3.8G       3.7G       127M       5.7M        23M       3.3G

MemTotal:        4016004 kB
MemFree:          119656 kB
Active:           358064 kB
Mem:          3.8G       3.7G       116M       5.7M        23M       3.3G

MemTotal:        4016004 kB
MemFree:          118908 kB
Active:           358048 kB
Mem:          3.8G       3.7G       115M       5.7M        23M       3.3G

MemTotal:        4016004 kB
MemFree:          117608 kB
Active:           358072 kB
Mem:          3.8G       3.7G       114M       5.7M        23M       3.3G

MemTotal:        4016004 kB
MemFree:          115664 kB
Active:           358060 kB
Mem:          3.8G       3.7G       112M       5.7M        23M       3.3G

MemTotal:        4016004 kB
MemFree:          125544 kB
Active:           357312 kB
Mem:          3.8G       3.7G       122M       5.7M        23M       3.3G

MemTotal:        4016004 kB
MemFree:          124620 kB
Active:           357204 kB
Mem:          3.8G       3.7G       120M       5.7M        23M       3.3G

MemTotal:        4016004 kB
MemFree:          130080 kB
Active:           355092 kB
Mem:          3.8G       3.7G       127M       5.7M        23M       3.3G

MemTotal:        4016004 kB
MemFree:          122348 kB
Active:           354976 kB
Mem:          3.8G       3.7G       119M       5.7M        23M       3.3G

MemTotal:        4016004 kB
MemFree:          105160 kB
Active:           354996 kB
Mem:          3.8G       3.7G       102M       5.7M        23M       3.3G

MemTotal:        4016004 kB
MemFree:          127364 kB
Active:           355064 kB
Mem:          3.8G       3.7G       123M       5.7M        23M       3.3G

MemTotal:        4016004 kB
MemFree:          115088 kB
Active:           355084 kB
Mem:          3.8G       3.7G       111M       5.7M        23M       3.3G

MemTotal:        4016004 kB
MemFree:          106648 kB
Active:           355108 kB
Mem:          3.8G       3.7G       103M       5.7M        23M       3.3G

MemTotal:        4016004 kB
MemFree:          133280 kB
Active:           355088 kB
Mem:          3.8G       3.7G       130M       5.7M        23M       3.3G

MemTotal:        4016004 kB
MemFree:          125620 kB
Active:           355100 kB
Mem:          3.8G       3.7G       122M       5.7M        23M       3.3G

MemTotal:        4016004 kB
MemFree:          118684 kB
Active:           355136 kB
Mem:          3.8G       3.7G       115M       5.7M        23M       3.3G

MemTotal:        4016004 kB
MemFree:          116800 kB
Active:           355180 kB
Mem:          3.8G       3.7G       113M       5.7M        23M       3.3G

MemTotal:        4016004 kB
MemFree:          111584 kB
Active:           355192 kB
Mem:          3.8G       3.7G       108M       5.7M        23M       3.3G

MemTotal:        4016004 kB
MemFree:          128484 kB
Active:           354632 kB
Mem:          3.8G       3.7G       125M       5.7M        23M       3.3G

MemTotal:        4016004 kB
MemFree:          125576 kB
Active:           354476 kB
Mem:          3.8G       3.7G       122M       5.7M        23M       3.3G

MemTotal:        4016004 kB
MemFree:          123832 kB
Active:           354496 kB
Mem:          3.8G       3.7G       120M       5.7M        23M       3.3G

MemTotal:        4016004 kB
MemFree:          125356 kB
Active:           355808 kB
Mem:          3.8G       3.7G       121M       5.7M        23M       3.3G

MemTotal:        4016004 kB
MemFree:          108040 kB
Active:           355656 kB
Mem:          3.8G       3.7G       105M       5.7M        24M       3.3G

MemTotal:        4016004 kB
MemFree:          126740 kB
Active:           355572 kB
Mem:          3.8G       3.7G       127M       5.7M        24M       3.3G

MemTotal:        4016004 kB
MemFree:          121848 kB
Active:           355552 kB
Mem:          3.8G       3.7G       119M       5.7M        24M       3.3G

MemTotal:        4016004 kB
MemFree:          108504 kB
Active:           355584 kB
Mem:          3.8G       3.7G       105M       5.7M        24M       3.3G

MemTotal:        4016004 kB
MemFree:          127276 kB
Active:           353176 kB
Mem:          3.8G       3.7G       129M       5.7M        24M       3.3G

MemTotal:        4016004 kB
MemFree:          106860 kB
Active:           352916 kB
Mem:          3.8G       3.7G       104M       5.7M        24M       3.3G

MemTotal:        4016004 kB
MemFree:          137400 kB
Active:           352936 kB
Mem:          3.8G       3.7G       133M       5.7M        24M       3.2G

MemTotal:        4016004 kB
MemFree:          112400 kB
Active:           352924 kB
Mem:          3.8G       3.7G       109M       5.7M        24M       3.3G

MemTotal:        4016004 kB
MemFree:          128168 kB
Active:           352964 kB
Mem:          3.8G       3.7G       124M       5.7M        24M       3.3G

MemTotal:        4016004 kB
MemFree:          126204 kB
Active:           353012 kB
Mem:          3.8G       3.7G       122M       5.7M        24M       3.3G

MemTotal:        4016004 kB
MemFree:          106240 kB
Active:           353000 kB
Mem:          3.8G       3.7G       103M       5.7M        24M       3.3G

MemTotal:        4016004 kB
MemFree:          128508 kB
Active:           353056 kB
Mem:          3.8G       3.7G       125M       5.7M        24M       3.3G

MemTotal:        4016004 kB
MemFree:          120992 kB
Active:           353052 kB
Mem:          3.8G       3.7G       117M       5.7M        24M       3.3G

MemTotal:        4016004 kB
MemFree:          112892 kB
Active:           353112 kB
Mem:          3.8G       3.7G       109M       5.7M        24M       3.3G

MemTotal:        4016004 kB
MemFree:          131736 kB
Active:           351532 kB
Mem:          3.8G       3.7G       128M       5.7M        24M       3.3G

MemTotal:        4016004 kB
MemFree:          134660 kB
Active:           351344 kB
Mem:          3.8G       3.7G       131M       5.7M        24M       3.2G

MemTotal:        4016004 kB
MemFree:          127228 kB
Active:           351368 kB
Mem:          3.8G       3.7G       123M       5.7M        24M       3.3G

MemTotal:        4016004 kB
MemFree:          127272 kB
Active:           351364 kB
Mem:          3.8G       3.7G       124M       5.7M        24M       3.3G

MemTotal:        4016004 kB
MemFree:          123444 kB
Active:           351424 kB
Mem:          3.8G       3.7G       120M       5.7M        24M       3.3G

MemTotal:        4016004 kB
MemFree:          112944 kB
Active:           351396 kB
Mem:          3.8G       3.7G       110M       5.7M        24M       3.3G

MemTotal:        4016004 kB
MemFree:          135084 kB
Active:           351456 kB
Mem:          3.8G       3.7G       131M       5.7M        24M       3.2G

MemTotal:        4016004 kB
MemFree:          128164 kB
Active:           351476 kB
Mem:          3.8G       3.7G       124M       5.7M        24M       3.3G

MemTotal:        4016004 kB
MemFree:          127800 kB
Active:           351488 kB
Mem:          3.8G       3.7G       124M       5.7M        24M       3.3G

MemTotal:        4016004 kB
MemFree:          119632 kB
Active:           351472 kB
Mem:          3.8G       3.7G       116M       5.7M        24M       3.3G

MemTotal:        4016004 kB
MemFree:          122744 kB
Active:           351500 kB
Mem:          3.8G       3.7G       119M       5.7M        24M       3.3G

MemTotal:        4016004 kB
MemFree:          115200 kB
Active:           351552 kB
Mem:          3.8G       3.7G       111M       5.7M        24M       3.3G

MemTotal:        4016004 kB
MemFree:          120408 kB
Active:           351536 kB
Mem:          3.8G       3.7G       117M       5.7M        24M       3.3G

MemTotal:        4016004 kB
MemFree:          131872 kB
Active:           348892 kB
Mem:          3.8G       3.7G       128M       5.7M        24M       3.3G

MemTotal:        4016004 kB
MemFree:          123448 kB
Active:           348696 kB
Mem:          3.8G       3.7G       119M       5.7M        24M       3.3G

MemTotal:        4016004 kB
MemFree:          115028 kB
Active:           348720 kB
Mem:          3.8G       3.7G       112M       5.7M        24M       3.3G

MemTotal:        4016004 kB
MemFree:          127336 kB
Active:           348744 kB
Mem:          3.8G       3.7G       124M       5.7M        24M       3.3G

MemTotal:        4016004 kB
MemFree:          125584 kB
Active:           348720 kB
Mem:          3.8G       3.7G       121M       5.7M        24M       3.3G

MemTotal:        4016004 kB
MemFree:          128736 kB
Active:           348788 kB
Mem:          3.8G       3.7G       125M       5.7M        24M       3.3G

MemTotal:        4016004 kB
MemFree:          127924 kB
Active:           348812 kB
Mem:          3.8G       3.7G       124M       5.7M        24M       3.3G

MemTotal:        4016004 kB
MemFree:          106756 kB
Active:           348800 kB
Mem:          3.8G       3.7G       103M       5.7M        24M       3.3G

MemTotal:        4016004 kB
MemFree:          124152 kB
Active:           348856 kB
Mem:          3.8G       3.7G       125M       5.7M        24M       3.3G

MemTotal:        4016004 kB
MemFree:          121348 kB
Active:           348880 kB
Mem:          3.8G       3.7G       118M       5.7M        24M       3.3G

MemTotal:        4016004 kB
MemFree:          106752 kB
Active:           348880 kB
Mem:          3.8G       3.7G       103M       5.7M        24M       3.3G

MemTotal:        4016004 kB
MemFree:          126012 kB
Active:           347076 kB
Mem:          3.8G       3.7G       123M       5.7M        24M       3.3G

MemTotal:        4016004 kB
MemFree:          107128 kB
Active:           346928 kB
Mem:          3.8G       3.7G       103M       5.7M        24M       3.3G

MemTotal:        4016004 kB
MemFree:          110440 kB
Active:           346992 kB
Mem:          3.8G       3.7G       107M       5.7M        24M       3.3G

MemTotal:        4016004 kB
MemFree:          105164 kB
Active:           347012 kB
Mem:          3.8G       3.7G       102M       5.7M        24M       3.3G

MemTotal:        4016004 kB
MemFree:          128632 kB
Active:           346976 kB
Mem:          3.8G       3.7G       125M       5.7M        24M       3.3G

MemTotal:        4016004 kB
MemFree:          118920 kB
Active:           347116 kB
Mem:          3.8G       3.7G       115M       5.7M        24M       3.3G

MemTotal:        4016004 kB
MemFree:          110952 kB
Active:           347020 kB
Mem:          3.8G       3.7G       108M       5.7M        24M       3.3G

MemTotal:        4016004 kB
MemFree:          133272 kB
Active:           347084 kB
Mem:          3.8G       3.7G       129M       5.7M        24M       3.2G

MemTotal:        4016004 kB
MemFree:          118316 kB
Active:           347076 kB
Mem:          3.8G       3.7G       115M       5.7M        24M       3.3G

MemTotal:        4016004 kB
MemFree:          112404 kB
Active:           347124 kB
Mem:          3.8G       3.7G       109M       5.7M        24M       3.3G

MemTotal:        4016004 kB
MemFree:          120440 kB
Active:           347140 kB
Mem:          3.8G       3.7G       117M       5.7M        24M       3.3G

MemTotal:        4016004 kB
MemFree:          113016 kB
Active:           347180 kB
Mem:          3.8G       3.7G       109M       5.7M        25M       3.3G

MemTotal:        4016004 kB
MemFree:          106212 kB
Active:           347148 kB
Mem:          3.8G       3.7G       103M       5.7M        25M       3.3G

MemTotal:        4016004 kB
MemFree:          109744 kB
Active:           347224 kB
Mem:          3.8G       3.7G       106M       5.7M        25M       3.3G

MemTotal:        4016004 kB
MemFree:          119964 kB
Active:           347260 kB
Mem:          3.8G       3.7G       116M       5.7M        25M       3.3G

MemTotal:        4016004 kB
MemFree:          109892 kB
Active:           345044 kB
Mem:          3.8G       3.7G       106M       5.7M        25M       3.3G

MemTotal:        4016004 kB
MemFree:          125776 kB
Active:           344972 kB
Mem:          3.8G       3.7G       122M       5.7M        25M       3.3G

MemTotal:        4016004 kB
MemFree:          106616 kB
Active:           344948 kB
Mem:          3.8G       3.7G       103M       5.7M        25M       3.3G

MemTotal:        4016004 kB
MemFree:          135436 kB
Active:           345024 kB
Mem:          3.8G       3.7G       132M       5.7M        25M       3.2G

MemTotal:        4016004 kB
MemFree:          121972 kB
Active:           345048 kB
Mem:          3.8G       3.7G       118M       5.7M        25M       3.3G

MemTotal:        4016004 kB
MemFree:          113640 kB
Active:           345052 kB
Mem:          3.8G       3.7G       110M       5.7M        25M       3.3G

MemTotal:        4016004 kB
MemFree:          131280 kB
Active:           345100 kB
Mem:          3.8G       3.7G       127M       5.7M        25M       3.2G

MemTotal:        4016004 kB
MemFree:          116804 kB
Active:           345088 kB
Mem:          3.8G       3.7G       113M       5.7M        25M       3.3G

MemTotal:        4016004 kB
MemFree:          109044 kB
Active:           345144 kB
Mem:          3.8G       3.7G       106M       5.7M        25M       3.3G

MemTotal:        4016004 kB
MemFree:          119976 kB
Active:           345164 kB
Mem:          3.8G       3.7G       116M       5.7M        25M       3.3G

MemTotal:        4016004 kB
MemFree:          133600 kB
Active:           345144 kB
Mem:          3.8G       3.7G       130M       5.7M        25M       3.2G

MemTotal:        4016004 kB
MemFree:          126596 kB
Active:           345220 kB
Mem:          3.8G       3.7G       123M       5.7M        25M       3.3G

MemTotal:        4016004 kB
MemFree:          125632 kB
Active:           345200 kB
Mem:          3.8G       3.7G       122M       5.7M        25M       3.3G

MemTotal:        4016004 kB
MemFree:          121516 kB
Active:           345232 kB
Mem:          3.8G       3.7G       118M       5.7M        25M       3.3G

MemTotal:        4016004 kB
MemFree:          115212 kB
Active:           345228 kB
Mem:          3.8G       3.7G       112M       5.7M        25M       3.3G

MemTotal:        4016004 kB
MemFree:          115276 kB
Active:           345240 kB
Mem:          3.8G       3.7G       112M       5.7M        25M       3.3G

MemTotal:        4016004 kB
MemFree:          111756 kB
Active:           345264 kB
Mem:          3.8G       3.7G       109M       5.7M        25M       3.3G

MemTotal:        4016004 kB
MemFree:          129348 kB
Active:           344892 kB
Mem:          3.8G       3.7G       126M       5.7M        25M       3.2G

MemTotal:        4016004 kB
MemFree:          125124 kB
Active:           344764 kB
Mem:          3.8G       3.7G       121M       5.7M        25M       3.3G

MemTotal:        4016004 kB
MemFree:          105544 kB
Active:           344812 kB
Mem:          3.8G       3.7G       107M       5.7M        25M       3.3G

MemTotal:        4016004 kB
MemFree:          126792 kB
Active:           344860 kB
Mem:          3.8G       3.7G       123M       5.7M        25M       3.3G

MemTotal:        4016004 kB
MemFree:          113348 kB
Active:           346916 kB
Mem:          3.8G       3.7G       110M       5.7M        26M       3.3G

MemTotal:        4016004 kB
MemFree:          134744 kB
Active:           348060 kB
Mem:          3.8G       3.7G       131M       5.7M        27M       3.2G

MemTotal:        4016004 kB
MemFree:          130336 kB
Active:           347596 kB
Mem:          3.8G       3.7G       127M       5.7M        27M       3.2G

MemTotal:        4016004 kB
MemFree:          130572 kB
Active:           347256 kB
Mem:          3.8G       3.7G       127M       5.7M        27M       3.2G

MemTotal:        4016004 kB
MemFree:          139372 kB
Active:           347260 kB
Mem:          3.8G       3.7G       139M       5.7M        27M       3.2G

MemTotal:        4016004 kB
MemFree:          133456 kB
Active:           347300 kB
Mem:          3.8G       3.7G       130M       5.7M        27M       3.2G

MemTotal:        4016004 kB
MemFree:          123824 kB
Active:           347268 kB
Mem:          3.8G       3.7G       120M       5.7M        27M       3.3G

MemTotal:        4016004 kB
MemFree:          131752 kB
Active:           347304 kB
Mem:          3.8G       3.7G       128M       5.7M        27M       3.2G

MemTotal:        4016004 kB
MemFree:          121516 kB
Active:           347308 kB
Mem:          3.8G       3.7G       118M       5.7M        27M       3.3G

MemTotal:        4016004 kB
MemFree:          105608 kB
Active:           347292 kB
Mem:          3.8G       3.7G       102M       5.7M        27M       3.3G

MemTotal:        4016004 kB
MemFree:          125612 kB
Active:           347316 kB
Mem:          3.8G       3.7G       121M       5.7M        27M       3.2G

MemTotal:        4016004 kB
MemFree:          132548 kB
Active:           347292 kB
Mem:          3.8G       3.7G       128M       5.7M        27M       3.2G

MemTotal:        4016004 kB
MemFree:          130540 kB
Active:           347108 kB
Mem:          3.8G       3.7G       127M       5.7M        27M       3.2G

MemTotal:        4016004 kB
MemFree:          130904 kB
Active:           346976 kB
Mem:          3.8G       3.7G       127M       5.7M        27M       3.2G

MemTotal:        4016004 kB
MemFree:          131028 kB
Active:           346984 kB
Mem:          3.8G       3.7G       127M       5.7M        27M       3.2G

MemTotal:        4016004 kB
MemFree:          130780 kB
Active:           346992 kB
Mem:          3.8G       3.7G       127M       5.7M        27M       3.2G

MemTotal:        4016004 kB
MemFree:          131028 kB
Active:           347012 kB
Mem:          3.8G       3.7G       127M       5.7M        27M       3.2G

MemTotal:        4016004 kB
MemFree:          130824 kB
Active:           346992 kB
Mem:          3.8G       3.7G       127M       5.7M        27M       3.2G

MemTotal:        4016004 kB
MemFree:          130568 kB
Active:           347000 kB
Mem:          3.8G       3.7G       127M       5.7M        27M       3.2G

MemTotal:        4016004 kB
MemFree:          130692 kB
Active:           346996 kB
Mem:          3.8G       3.7G       127M       5.7M        27M       3.2G

MemTotal:        4016004 kB
MemFree:          130760 kB
Active:           347008 kB
Mem:          3.8G       3.7G       127M       5.7M        27M       3.2G

MemTotal:        4016004 kB
MemFree:          131104 kB
Active:           347008 kB
Mem:          3.8G       3.7G       127M       5.7M        27M       3.2G

MemTotal:        4016004 kB
MemFree:          131228 kB
Active:           346996 kB
Mem:          3.8G       3.7G       128M       5.7M        27M       3.2G

MemTotal:        4016004 kB
MemFree:          131228 kB
Active:           347012 kB
Mem:          3.8G       3.7G       127M       5.7M        27M       3.2G

MemTotal:        4016004 kB
MemFree:          130856 kB
Active:           347040 kB
Mem:          3.8G       3.7G       127M       5.7M        27M       3.2G

MemTotal:        4016004 kB
MemFree:          130608 kB
Active:           347012 kB
Mem:          3.8G       3.7G       127M       5.7M        27M       3.2G

MemTotal:        4016004 kB
MemFree:          130732 kB
Active:           347028 kB
Mem:          3.8G       3.7G       127M       5.7M        27M       3.2G

MemTotal:        4016004 kB
MemFree:          130608 kB
Active:           347016 kB
Mem:          3.8G       3.7G       127M       5.7M        27M       3.2G

MemTotal:        4016004 kB
MemFree:          130732 kB
Active:           347036 kB
Mem:          3.8G       3.7G       127M       5.7M        27M       3.2G

MemTotal:        4016004 kB
MemFree:          130732 kB
Active:           347048 kB
Mem:          3.8G       3.7G       127M       5.7M        27M       3.2G

MemTotal:        4016004 kB
MemFree:          130856 kB
Active:           347040 kB
Mem:          3.8G       3.7G       127M       5.7M        27M       3.2G

MemTotal:        4016004 kB
MemFree:          131104 kB
Active:           347036 kB
Mem:          3.8G       3.7G       127M       5.7M        27M       3.2G

MemTotal:        4016004 kB
MemFree:          130856 kB
Active:           347028 kB
Mem:          3.8G       3.7G       127M       5.7M        27M       3.2G

MemTotal:        4016004 kB
MemFree:          131012 kB
Active:           347052 kB
Mem:          3.8G       3.7G       127M       5.7M        27M       3.2G

MemTotal:        4016004 kB
MemFree:          130764 kB
Active:           347036 kB
Mem:          3.8G       3.7G       127M       5.7M        27M       3.2G

MemTotal:        4016004 kB
MemFree:          131012 kB
Active:           347028 kB
Mem:          3.8G       3.7G       127M       5.7M        27M       3.2G

MemTotal:        4016004 kB
MemFree:          131012 kB
Active:           347028 kB
Mem:          3.8G       3.7G       127M       5.7M        27M       3.2G

MemTotal:        4016004 kB
MemFree:          131012 kB
Active:           347028 kB
Mem:          3.8G       3.7G       127M       5.7M        27M       3.2G

MemTotal:        4016004 kB
MemFree:          130888 kB
Active:           347024 kB
Mem:          3.8G       3.7G       127M       5.7M        27M       3.2G

MemTotal:        4016004 kB
MemFree:          130888 kB
Active:           347036 kB
Mem:          3.8G       3.7G       127M       5.7M        27M       3.2G

MemTotal:        4016004 kB
MemFree:          130764 kB
Active:           347036 kB
Mem:          3.8G       3.7G       127M       5.7M        27M       3.2G

MemTotal:        4016004 kB
MemFree:          130888 kB
Active:           347060 kB
Mem:          3.8G       3.7G       127M       5.7M        27M       3.2G

MemTotal:        4016004 kB
MemFree:          130888 kB
Active:           347032 kB
Mem:          3.8G       3.7G       127M       5.7M        27M       3.2G

MemTotal:        4016004 kB
MemFree:          130888 kB
Active:           347036 kB
Mem:          3.8G       3.7G       127M       5.7M        27M       3.2G

MemTotal:        4016004 kB
MemFree:          131012 kB
Active:           347072 kB
Mem:          3.8G       3.7G       127M       5.7M        27M       3.2G

MemTotal:        4016004 kB
MemFree:          130888 kB
Active:           347056 kB
Mem:          3.8G       3.7G       127M       5.7M        27M       3.2G

MemTotal:        4016004 kB
MemFree:          131012 kB
Active:           347068 kB
Mem:          3.8G       3.7G       127M       5.7M        27M       3.2G

MemTotal:        4016004 kB
MemFree:          130764 kB
Active:           347024 kB
Mem:          3.8G       3.7G       127M       5.7M        27M       3.2G

MemTotal:        4016004 kB
MemFree:          130640 kB
Active:           347044 kB
Mem:          3.8G       3.7G       127M       5.7M        27M       3.2G

MemTotal:        4016004 kB
MemFree:          130764 kB
Active:           347072 kB
Mem:          3.8G       3.7G       127M       5.7M        27M       3.2G

MemTotal:        4016004 kB
MemFree:          131136 kB
Active:           347056 kB
Mem:          3.8G       3.7G       127M       5.7M        27M       3.2G

MemTotal:        4016004 kB
MemFree:          131136 kB
Active:           347076 kB
Mem:          3.8G       3.7G       127M       5.7M        27M       3.2G

MemTotal:        4016004 kB
MemFree:          131136 kB
Active:           347076 kB
Mem:          3.8G       3.7G       127M       5.7M        27M       3.2G

MemTotal:        4016004 kB
MemFree:          131136 kB
Active:           347040 kB
Mem:          3.8G       3.7G       128M       5.7M        27M       3.2G

MemTotal:        4016004 kB
MemFree:          131136 kB
Active:           347064 kB
Mem:          3.8G       3.7G       127M       5.7M        27M       3.2G

MemTotal:        4016004 kB
MemFree:          131136 kB
Active:           347068 kB
Mem:          3.8G       3.7G       127M       5.7M        27M       3.2G

MemTotal:        4016004 kB
MemFree:          131012 kB
Active:           347084 kB
Mem:          3.8G       3.7G       127M       5.7M        27M       3.2G

MemTotal:        4016004 kB
MemFree:          130888 kB
Active:           347084 kB
Mem:          3.8G       3.7G       127M       5.7M        27M       3.2G

MemTotal:        4016004 kB
MemFree:          130764 kB
Active:           347068 kB
Mem:          3.8G       3.7G       127M       5.7M        27M       3.2G

MemTotal:        4016004 kB
MemFree:          130996 kB
Active:           347096 kB
Mem:          3.8G       3.7G       127M       5.7M        27M       3.2G

MemTotal:        4016004 kB
MemFree:          131088 kB
Active:           347076 kB
Mem:          3.8G       3.7G       127M       5.7M        27M       3.2G

MemTotal:        4016004 kB
MemFree:          130840 kB
Active:           347084 kB
Mem:          3.8G       3.7G       127M       5.7M        27M       3.2G

MemTotal:        4016004 kB
MemFree:          130964 kB
Active:           347088 kB
Mem:          3.8G       3.7G       127M       5.7M        27M       3.2G

MemTotal:        4016004 kB
MemFree:          130964 kB
Active:           347112 kB
Mem:          3.8G       3.7G       127M       5.7M        27M       3.2G

MemTotal:        4016004 kB
MemFree:          130732 kB
Active:           347092 kB
Mem:          3.8G       3.7G       127M       5.7M        27M       3.2G

MemTotal:        4016004 kB
MemFree:          130732 kB
Active:           347116 kB
Mem:          3.8G       3.7G       127M       5.7M        27M       3.2G

MemTotal:        4016004 kB
MemFree:          130608 kB
Active:           347080 kB
Mem:          3.8G       3.7G       127M       5.7M        27M       3.2G

MemTotal:        4016004 kB
MemFree:          130856 kB
Active:           347120 kB
Mem:          3.8G       3.7G       127M       5.7M        27M       3.2G

MemTotal:        4016004 kB
MemFree:          130856 kB
Active:           346988 kB
Mem:          3.8G       3.7G       127M       5.7M        27M       3.2G

MemTotal:        4016004 kB
MemFree:          130872 kB
Active:           347000 kB
Mem:          3.8G       3.7G       127M       5.7M        27M       3.2G

MemTotal:        4016004 kB
MemFree:          130804 kB
Active:           347156 kB
Mem:          3.8G       3.7G       127M       5.7M        27M       3.2G

MemTotal:        4016004 kB
MemFree:          130952 kB
Active:           347220 kB
Mem:          3.8G       3.7G       127M       5.7M        27M       3.2G

MemTotal:        4016004 kB
MemFree:          131148 kB
Active:           347208 kB
Mem:          3.8G       3.7G       128M       5.7M        27M       3.2G

MemTotal:        4016004 kB
MemFree:          131400 kB
Active:           347124 kB
Mem:          3.8G       3.7G       127M       5.7M        27M       3.2G

MemTotal:        4016004 kB
MemFree:          131400 kB
Active:           347140 kB
Mem:          3.8G       3.7G       127M       5.7M        27M       3.2G

MemTotal:        4016004 kB
MemFree:          131276 kB
Active:           347160 kB
Mem:          3.8G       3.7G       127M       5.7M        27M       3.2G

MemTotal:        4016004 kB
MemFree:          131256 kB
Active:           347212 kB
Mem:          3.8G       3.7G       127M       5.7M        27M       3.2G

MemTotal:        4016004 kB
MemFree:          131276 kB
Active:           347148 kB
Mem:          3.8G       3.7G       127M       5.7M        27M       3.2G

MemTotal:        4016004 kB
MemFree:          131276 kB
Active:           347120 kB
Mem:          3.8G       3.7G       127M       5.7M        27M       3.2G

MemTotal:        4016004 kB
MemFree:          131276 kB
Active:           347104 kB
Mem:          3.8G       3.7G       127M       5.7M        27M       3.2G

MemTotal:        4016004 kB
MemFree:          131260 kB
Active:           347152 kB
Mem:          3.8G       3.7G       127M       5.7M        27M       3.2G

MemTotal:        4016004 kB
MemFree:          131136 kB
Active:           347128 kB
Mem:          3.8G       3.7G       127M       5.7M        27M       3.2G

MemTotal:        4016004 kB
MemFree:          131136 kB
Active:           347128 kB
Mem:          3.8G       3.7G       127M       5.7M        27M       3.2G

MemTotal:        4016004 kB
MemFree:          131012 kB
Active:           347116 kB
Mem:          3.8G       3.7G       127M       5.7M        27M       3.2G

MemTotal:        4016004 kB
MemFree:          131136 kB
Active:           347140 kB
Mem:          3.8G       3.7G       127M       5.7M        27M       3.2G

MemTotal:        4016004 kB
MemFree:          130888 kB
Active:           347132 kB
Mem:          3.8G       3.7G       127M       5.7M        27M       3.2G

MemTotal:        4016004 kB
MemFree:          130980 kB
Active:           347156 kB
Mem:          3.8G       3.7G       127M       5.7M        27M       3.2G

MemTotal:        4016004 kB
MemFree:          130888 kB
Active:           347168 kB
Mem:          3.8G       3.7G       127M       5.7M        27M       3.2G

MemTotal:        4016004 kB
MemFree:          130748 kB
Active:           347168 kB
Mem:          3.8G       3.7G       127M       5.7M        27M       3.2G

MemTotal:        4016004 kB
MemFree:          130748 kB
Active:           347172 kB
Mem:          3.8G       3.7G       127M       5.7M        27M       3.2G

MemTotal:        4016004 kB
MemFree:          130592 kB
Active:           347204 kB
Mem:          3.8G       3.7G       127M       5.7M        27M       3.2G

MemTotal:        4016004 kB
MemFree:          130856 kB
Active:           347184 kB
Mem:          3.8G       3.7G       127M       5.7M        27M       3.2G

MemTotal:        4016004 kB
MemFree:          130840 kB
Active:           347188 kB
Mem:          3.8G       3.7G       127M       5.7M        27M       3.2G

MemTotal:        4016004 kB
MemFree:          130840 kB
Active:           347196 kB
Mem:          3.8G       3.7G       127M       5.7M        27M       3.2G

MemTotal:        4016004 kB
MemFree:          130716 kB
Active:           347204 kB
Mem:          3.8G       3.7G       127M       5.7M        27M       3.2G

MemTotal:        4016004 kB
MemFree:          130716 kB
Active:           347180 kB
Mem:          3.8G       3.7G       127M       5.7M        27M       3.2G

MemTotal:        4016004 kB
MemFree:          130716 kB
Active:           347228 kB
Mem:          3.8G       3.7G       127M       5.7M        27M       3.2G

MemTotal:        4016004 kB
MemFree:          130468 kB
Active:           347204 kB
Mem:          3.8G       3.7G       127M       5.7M        27M       3.2G

MemTotal:        4016004 kB
MemFree:          130468 kB
Active:           347204 kB
Mem:          3.8G       3.7G       126M       5.7M        27M       3.2G

MemTotal:        4016004 kB
MemFree:          130344 kB
Active:           347232 kB
Mem:          3.8G       3.7G       127M       5.7M        27M       3.2G

MemTotal:        4016004 kB
MemFree:          130592 kB
Active:           347208 kB
Mem:          3.8G       3.7G       127M       5.7M        27M       3.2G

MemTotal:        4016004 kB
MemFree:          130468 kB
Active:           347228 kB
Mem:          3.8G       3.7G       127M       5.7M        27M       3.2G

MemTotal:        4016004 kB
MemFree:          130468 kB
Active:           347096 kB
Mem:          3.8G       3.7G       127M       5.7M        27M       3.2G

MemTotal:        4016004 kB
MemFree:          130592 kB
Active:           347104 kB
Mem:          3.8G       3.7G       127M       5.7M        27M       3.2G

MemTotal:        4016004 kB
MemFree:          130592 kB
Active:           347152 kB
Mem:          3.8G       3.7G       127M       5.7M        27M       3.2G

MemTotal:        4016004 kB
MemFree:          130732 kB
Active:           347092 kB
Mem:          3.8G       3.7G       127M       5.7M        27M       3.2G

MemTotal:        4016004 kB
MemFree:          130484 kB
Active:           347132 kB
Mem:          3.8G       3.7G       127M       5.7M        27M       3.2G

MemTotal:        4016004 kB
MemFree:          130500 kB
Active:           347104 kB
Mem:          3.8G       3.7G       127M       5.7M        27M       3.2G

MemTotal:        4016004 kB
MemFree:          130624 kB
Active:           347156 kB
Mem:          3.8G       3.7G       127M       5.7M        27M       3.2G

MemTotal:        4016004 kB
MemFree:          130732 kB
Active:           347076 kB
Mem:          3.8G       3.7G       127M       5.7M        27M       3.2G

MemTotal:        4016004 kB
MemFree:          130856 kB
Active:           347164 kB
Mem:          3.8G       3.7G       127M       5.7M        27M       3.2G

MemTotal:        4016004 kB
MemFree:          130500 kB
Active:           347172 kB
Mem:          3.8G       3.7G       127M       5.7M        27M       3.2G

MemTotal:        4016004 kB
MemFree:          130656 kB
Active:           347256 kB
Mem:          3.8G       3.7G       127M       5.7M        27M       3.2G

MemTotal:        4016004 kB
MemFree:          130656 kB
Active:           347224 kB
Mem:          3.8G       3.7G       127M       5.7M        27M       3.2G

MemTotal:        4016004 kB
MemFree:          130408 kB
Active:           347248 kB
Mem:          3.8G       3.7G       126M       5.7M        27M       3.2G

MemTotal:        4016004 kB
MemFree:          130532 kB
Active:           347256 kB
Mem:          3.8G       3.7G       126M       5.7M        27M       3.2G

MemTotal:        4016004 kB
MemFree:          130408 kB
Active:           347256 kB
Mem:          3.8G       3.7G       127M       5.7M        27M       3.2G

MemTotal:        4016004 kB
MemFree:          130656 kB
Active:           347240 kB
Mem:          3.8G       3.7G       127M       5.7M        27M       3.2G

MemTotal:        4016004 kB
MemFree:          130532 kB
Active:           347252 kB
Mem:          3.8G       3.7G       127M       5.7M        27M       3.2G

MemTotal:        4016004 kB
MemFree:          130532 kB
Active:           347236 kB
Mem:          3.8G       3.7G       127M       5.7M        27M       3.2G

MemTotal:        4016004 kB
MemFree:          130532 kB
Active:           347280 kB
Mem:          3.8G       3.7G       127M       5.7M        27M       3.2G

MemTotal:        4016004 kB
MemFree:          130656 kB
Active:           347248 kB
Mem:          3.8G       3.7G       127M       5.7M        27M       3.2G

MemTotal:        4016004 kB
MemFree:          130532 kB
Active:           347268 kB
Mem:          3.8G       3.7G       127M       5.7M        27M       3.2G

MemTotal:        4016004 kB
MemFree:          130656 kB
Active:           347244 kB
Mem:          3.8G       3.7G       127M       5.7M        27M       3.2G

MemTotal:        4016004 kB
MemFree:          130904 kB
Active:           347268 kB
Mem:          3.8G       3.7G       127M       5.7M        27M       3.2G

MemTotal:        4016004 kB
MemFree:          130780 kB
Active:           347252 kB
Mem:          3.8G       3.7G       127M       5.7M        27M       3.2G

MemTotal:        4016004 kB
MemFree:          130532 kB
Active:           347268 kB
Mem:          3.8G       3.7G       127M       5.7M        28M       3.2G

MemTotal:        4016004 kB
MemFree:          130656 kB
Active:           347260 kB
Mem:          3.8G       3.7G       127M       5.7M        28M       3.2G

MemTotal:        4016004 kB
MemFree:          130656 kB
Active:           347264 kB
Mem:          3.8G       3.7G       127M       5.7M        28M       3.2G

MemTotal:        4016004 kB
MemFree:          130656 kB
Active:           347292 kB
Mem:          3.8G       3.7G       127M       5.7M        28M       3.2G

MemTotal:        4016004 kB
MemFree:          130532 kB
Active:           347284 kB
Mem:          3.8G       3.7G       127M       5.7M        28M       3.2G

MemTotal:        4016004 kB
MemFree:          130408 kB
Active:           347284 kB
Mem:          3.8G       3.7G       126M       5.7M        28M       3.2G

MemTotal:        4016004 kB
MemFree:          130408 kB
Active:           347272 kB
Mem:          3.8G       3.7G       126M       5.7M        28M       3.2G

MemTotal:        4016004 kB
MemFree:          130408 kB
Active:           347284 kB
Mem:          3.8G       3.7G       127M       5.7M        28M       3.2G

MemTotal:        4016004 kB
MemFree:          130656 kB
Active:           347280 kB
Mem:          3.8G       3.7G       127M       5.7M        28M       3.2G

MemTotal:        4016004 kB
MemFree:          130656 kB
Active:           347272 kB
Mem:          3.8G       3.7G       127M       5.7M        28M       3.2G

MemTotal:        4016004 kB
MemFree:          130532 kB
Active:           347312 kB
Mem:          3.8G       3.7G       127M       5.7M        28M       3.2G

MemTotal:        4016004 kB
MemFree:          130780 kB
Active:           347288 kB
Mem:          3.8G       3.7G       127M       5.7M        28M       3.2G

MemTotal:        4016004 kB
MemFree:          130656 kB
Active:           347276 kB
Mem:          3.8G       3.7G       127M       5.7M        28M       3.2G

MemTotal:        4016004 kB
MemFree:          130780 kB
Active:           347272 kB
Mem:          3.8G       3.7G       127M       5.7M        28M       3.2G

MemTotal:        4016004 kB
MemFree:          130532 kB
Active:           347284 kB
Mem:          3.8G       3.7G       127M       5.7M        28M       3.2G

MemTotal:        4016004 kB
MemFree:          130532 kB
Active:           347288 kB
Mem:          3.8G       3.7G       127M       5.7M        28M       3.2G

MemTotal:        4016004 kB
MemFree:          130284 kB
Active:           347284 kB
Mem:          3.8G       3.7G       126M       5.7M        28M       3.2G

MemTotal:        4016004 kB
MemFree:          130284 kB
Active:           347288 kB
Mem:          3.8G       3.7G       126M       5.7M        28M       3.2G

MemTotal:        4016004 kB
MemFree:          130284 kB
Active:           347296 kB
Mem:          3.8G       3.7G       126M       5.7M        28M       3.2G

MemTotal:        4016004 kB
MemFree:          130160 kB
Active:           347292 kB
Mem:          3.8G       3.7G       126M       5.7M        28M       3.2G

MemTotal:        4016004 kB
MemFree:          130284 kB
Active:           347300 kB
Mem:          3.8G       3.7G       126M       5.7M        28M       3.2G

MemTotal:        4016004 kB
MemFree:          130160 kB
Active:           347308 kB
Mem:          3.8G       3.7G       126M       5.7M        28M       3.2G

MemTotal:        4016004 kB
MemFree:          130408 kB
Active:           347304 kB
Mem:          3.8G       3.7G       127M       5.7M        28M       3.2G

MemTotal:        4016004 kB
MemFree:          130408 kB
Active:           347300 kB
Mem:          3.8G       3.7G       126M       5.7M        28M       3.2G

MemTotal:        4016004 kB
MemFree:          130532 kB
Active:           347300 kB
Mem:          3.8G       3.7G       127M       5.7M        28M       3.2G

MemTotal:        4016004 kB
MemFree:          130532 kB
Active:           347308 kB
Mem:          3.8G       3.7G       127M       5.7M        28M       3.2G

MemTotal:        4016004 kB
MemFree:          130532 kB
Active:           347332 kB
Mem:          3.8G       3.7G       127M       5.7M        28M       3.2G

MemTotal:        4016004 kB
MemFree:          130408 kB
Active:           347292 kB
Mem:          3.8G       3.7G       127M       5.7M        28M       3.2G

MemTotal:        4016004 kB
MemFree:          130408 kB
Active:           347304 kB
Mem:          3.8G       3.7G       127M       5.7M        28M       3.2G

MemTotal:        4016004 kB
MemFree:          130532 kB
Active:           347324 kB
Mem:          3.8G       3.7G       127M       5.7M        28M       3.2G

MemTotal:        4016004 kB
MemFree:          130408 kB
Active:           347340 kB
Mem:          3.8G       3.7G       127M       5.7M        28M       3.2G

MemTotal:        4016004 kB
MemFree:          130532 kB
Active:           347316 kB
Mem:          3.8G       3.7G       127M       5.7M        28M       3.2G

MemTotal:        4016004 kB
MemFree:          130656 kB
Active:           347316 kB
Mem:          3.8G       3.7G       127M       5.7M        28M       3.2G

MemTotal:        4016004 kB
MemFree:          130516 kB
Active:           347336 kB
Mem:          3.8G       3.7G       127M       5.7M        28M       3.2G

MemTotal:        4016004 kB
MemFree:          130640 kB
Active:           347344 kB
Mem:          3.8G       3.7G       127M       5.7M        28M       3.2G

MemTotal:        4016004 kB
MemFree:          130516 kB
Active:           347324 kB
Mem:          3.8G       3.7G       127M       5.7M        28M       3.2G

MemTotal:        4016004 kB
MemFree:          130640 kB
Active:           347344 kB
Mem:          3.8G       3.7G       127M       5.7M        28M       3.2G

MemTotal:        4016004 kB
MemFree:          130516 kB
Active:           347320 kB
Mem:          3.8G       3.7G       127M       5.7M        28M       3.2G

MemTotal:        4016004 kB
MemFree:          130640 kB
Active:           347348 kB
Mem:          3.8G       3.7G       127M       5.7M        28M       3.2G

MemTotal:        4016004 kB
MemFree:          130764 kB
Active:           347340 kB
Mem:          3.8G       3.7G       127M       5.7M        28M       3.2G

MemTotal:        4016004 kB
MemFree:          130764 kB
Active:           347340 kB
Mem:          3.8G       3.7G       127M       5.7M        28M       3.2G

MemTotal:        4016004 kB
MemFree:          130640 kB
Active:           347352 kB
Mem:          3.8G       3.7G       127M       5.7M        28M       3.2G

MemTotal:        4016004 kB
MemFree:          130268 kB
Active:           347344 kB
Mem:          3.8G       3.7G       126M       5.7M        28M       3.2G

MemTotal:        4016004 kB
MemFree:          130392 kB
Active:           347344 kB
Mem:          3.8G       3.7G       126M       5.7M        28M       3.2G

MemTotal:        4016004 kB
MemFree:          130268 kB
Active:           347348 kB
Mem:          3.8G       3.7G       126M       5.7M        28M       3.2G

MemTotal:        4016004 kB
MemFree:          130392 kB
Active:           347344 kB
Mem:          3.8G       3.7G       127M       5.7M        28M       3.2G

MemTotal:        4016004 kB
MemFree:          130268 kB
Active:           347344 kB
Mem:          3.8G       3.7G       126M       5.7M        28M       3.2G

MemTotal:        4016004 kB
MemFree:          130392 kB
Active:           347344 kB
Mem:          3.8G       3.7G       127M       5.7M        28M       3.2G

MemTotal:        4016004 kB
MemFree:          130392 kB
Active:           347332 kB
Mem:          3.8G       3.7G       126M       5.7M        28M       3.2G

MemTotal:        4016004 kB
MemFree:          130392 kB
Active:           347376 kB
Mem:          3.8G       3.7G       126M       5.7M        28M       3.2G

MemTotal:        4016004 kB
MemFree:          130516 kB
Active:           347360 kB
Mem:          3.8G       3.7G       127M       5.7M        28M       3.2G

MemTotal:        4016004 kB
MemFree:          130640 kB
Active:           347340 kB
Mem:          3.8G       3.7G       127M       5.7M        28M       3.2G

MemTotal:        4016004 kB
MemFree:          130392 kB
Active:           347352 kB
Mem:          3.8G       3.7G       127M       5.7M        28M       3.2G

MemTotal:        4016004 kB
MemFree:          130516 kB
Active:           347360 kB
Mem:          3.8G       3.7G       127M       5.7M        28M       3.2G

MemTotal:        4016004 kB
MemFree:          130516 kB
Active:           347344 kB
Mem:          3.8G       3.7G       126M       5.7M        28M       3.2G

MemTotal:        4016004 kB
MemFree:          130516 kB
Active:           347356 kB
Mem:          3.8G       3.7G       127M       5.7M        28M       3.2G

MemTotal:        4016004 kB
MemFree:          130392 kB
Active:           347348 kB
Mem:          3.8G       3.7G       126M       5.7M        28M       3.2G

MemTotal:        4016004 kB
MemFree:          130144 kB
Active:           347396 kB
Mem:          3.8G       3.7G       126M       5.7M        28M       3.2G

MemTotal:        4016004 kB
MemFree:          130144 kB
Active:           347380 kB
Mem:          3.8G       3.7G       126M       5.7M        28M       3.2G

MemTotal:        4016004 kB
MemFree:          130392 kB
Active:           347380 kB
Mem:          3.8G       3.7G       127M       5.7M        28M       3.2G

MemTotal:        4016004 kB
MemFree:          130268 kB
Active:           347368 kB
Mem:          3.8G       3.7G       126M       5.7M        28M       3.2G

MemTotal:        4016004 kB
MemFree:          130268 kB
Active:           347392 kB
Mem:          3.8G       3.7G       126M       5.7M        28M       3.2G

MemTotal:        4016004 kB
MemFree:          130144 kB
Active:           347400 kB
Mem:          3.8G       3.7G       126M       5.7M        28M       3.2G

MemTotal:        4016004 kB
MemFree:          130144 kB
Active:           347396 kB
Mem:          3.8G       3.7G       126M       5.7M        28M       3.2G

MemTotal:        4016004 kB
MemFree:          130144 kB
Active:           347372 kB
Mem:          3.8G       3.7G       127M       5.7M        28M       3.2G

MemTotal:        4016004 kB
MemFree:          130268 kB
Active:           347408 kB
Mem:          3.8G       3.7G       126M       5.7M        28M       3.2G

MemTotal:        4016004 kB
MemFree:          130268 kB
Active:           347400 kB
Mem:          3.8G       3.7G       126M       5.7M        28M       3.2G

MemTotal:        4016004 kB
MemFree:          130144 kB
Active:           347412 kB
Mem:          3.8G       3.7G       126M       5.7M        28M       3.2G

MemTotal:        4016004 kB
MemFree:          130144 kB
Active:           347404 kB
Mem:          3.8G       3.7G       126M       5.7M        28M       3.2G

MemTotal:        4016004 kB
MemFree:          130268 kB
Active:           347384 kB
Mem:          3.8G       3.7G       126M       5.7M        28M       3.2G

MemTotal:        4016004 kB
MemFree:          130268 kB
Active:           347400 kB
Mem:          3.8G       3.7G       126M       5.7M        28M       3.2G

MemTotal:        4016004 kB
MemFree:          130392 kB
Active:           347392 kB
Mem:          3.8G       3.7G       127M       5.7M        28M       3.2G

MemTotal:        4016004 kB
MemFree:          130268 kB
Active:           347408 kB
Mem:          3.8G       3.7G       126M       5.7M        28M       3.2G

MemTotal:        4016004 kB
MemFree:          130392 kB
Active:           347384 kB
Mem:          3.8G       3.7G       127M       5.7M        28M       3.2G

MemTotal:        4016004 kB
MemFree:          130516 kB
Active:           347404 kB
Mem:          3.8G       3.7G       127M       5.7M        28M       3.2G

MemTotal:        4016004 kB
MemFree:          130392 kB
Active:           347392 kB
Mem:          3.8G       3.7G       127M       5.7M        28M       3.2G

MemTotal:        4016004 kB
MemFree:          130392 kB
Active:           347404 kB
Mem:          3.8G       3.7G       127M       5.7M        28M       3.2G

MemTotal:        4016004 kB
MemFree:          130268 kB
Active:           347388 kB
Mem:          3.8G       3.7G       126M       5.7M        28M       3.2G

MemTotal:        4016004 kB
MemFree:          130268 kB
Active:           347404 kB
Mem:          3.8G       3.7G       127M       5.7M        28M       3.2G

MemTotal:        4016004 kB
MemFree:          130268 kB
Active:           347384 kB
Mem:          3.8G       3.7G       126M       5.7M        28M       3.2G

MemTotal:        4016004 kB
MemFree:          130268 kB
Active:           347388 kB
Mem:          3.8G       3.7G       126M       5.7M        28M       3.2G

MemTotal:        4016004 kB
MemFree:          130268 kB
Active:           347388 kB
Mem:          3.8G       3.7G       126M       5.7M        28M       3.2G

MemTotal:        4016004 kB
MemFree:          130144 kB
Active:           347424 kB
Mem:          3.8G       3.7G       126M       5.7M        28M       3.2G

MemTotal:        4016004 kB
MemFree:          130588 kB
Active:           347184 kB
Mem:          3.8G       3.7G       127M       5.7M        28M       3.2G

MemTotal:        4016004 kB
MemFree:          130464 kB
Active:           347176 kB
Mem:          3.8G       3.7G       127M       5.7M        28M       3.2G

MemTotal:        4016004 kB
MemFree:          131084 kB
Active:           347188 kB
Mem:          3.8G       3.7G       128M       5.7M        28M       3.2G

MemTotal:        4016004 kB
MemFree:          130960 kB
Active:           347188 kB
Mem:          3.8G       3.7G       127M       5.7M        28M       3.2G

MemTotal:        4016004 kB
MemFree:          130960 kB
Active:           347188 kB
Mem:          3.8G       3.7G       127M       5.7M        28M       3.2G

MemTotal:        4016004 kB
MemFree:          131084 kB
Active:           347184 kB
Mem:          3.8G       3.7G       128M       5.7M        28M       3.2G

MemTotal:        4016004 kB
MemFree:          130836 kB
Active:           347180 kB
Mem:          3.8G       3.7G       128M       5.7M        28M       3.2G

MemTotal:        4016004 kB
MemFree:          131208 kB
Active:           347184 kB
Mem:          3.8G       3.7G       128M       5.7M        28M       3.2G

MemTotal:        4016004 kB
MemFree:          131580 kB
Active:           347168 kB
Mem:          3.8G       3.7G       128M       5.7M        28M       3.2G

MemTotal:        4016004 kB
MemFree:          131084 kB
Active:           347192 kB
Mem:          3.8G       3.7G       128M       5.7M        28M       3.2G

MemTotal:        4016004 kB
MemFree:          131704 kB
Active:           347212 kB
Mem:          3.8G       3.7G       128M       5.7M        28M       3.2G

MemTotal:        4016004 kB
MemFree:          131456 kB
Active:           347204 kB
Mem:          3.8G       3.7G       128M       5.7M        28M       3.2G

MemTotal:        4016004 kB
MemFree:          131456 kB
Active:           347164 kB
Mem:          3.8G       3.7G       128M       5.7M        28M       3.2G

MemTotal:        4016004 kB
MemFree:          130960 kB
Active:           347220 kB
Mem:          3.8G       3.7G       128M       5.7M        28M       3.2G

MemTotal:        4016004 kB
MemFree:          131456 kB
Active:           347220 kB
Mem:          3.8G       3.7G       128M       5.7M        28M       3.2G

MemTotal:        4016004 kB
MemFree:          131332 kB
Active:           347168 kB
Mem:          3.8G       3.7G       128M       5.7M        28M       3.2G

MemTotal:        4016004 kB
MemFree:          131332 kB
Active:           347224 kB
Mem:          3.8G       3.7G       128M       5.7M        28M       3.2G

MemTotal:        4016004 kB
MemFree:          131208 kB
Active:           347172 kB
Mem:          3.8G       3.7G       127M       5.7M        28M       3.2G

MemTotal:        4016004 kB
MemFree:          131332 kB
Active:           347184 kB
Mem:          3.8G       3.7G       128M       5.7M        28M       3.2G

MemTotal:        4016004 kB
MemFree:          131084 kB
Active:           347228 kB
Mem:          3.8G       3.7G       128M       5.7M        28M       3.2G

MemTotal:        4016004 kB
MemFree:          131332 kB
Active:           347188 kB
Mem:          3.8G       3.7G       128M       5.7M        28M       3.2G

MemTotal:        4016004 kB
MemFree:          131332 kB
Active:           347192 kB
Mem:          3.8G       3.7G       128M       5.7M        28M       3.2G

MemTotal:        4016004 kB
MemFree:          131456 kB
Active:           347224 kB
Mem:          3.8G       3.7G       128M       5.7M        28M       3.2G

MemTotal:        4016004 kB
MemFree:          130960 kB
Active:           347244 kB
Mem:          3.8G       3.7G       128M       5.7M        28M       3.2G

MemTotal:        4016004 kB
MemFree:          131456 kB
Active:           347236 kB
Mem:          3.8G       3.7G       128M       5.7M        28M       3.2G

MemTotal:        4016004 kB
MemFree:          131456 kB
Active:           347188 kB
Mem:          3.8G       3.7G       128M       5.7M        28M       3.2G

MemTotal:        4016004 kB
MemFree:          131208 kB
Active:           347248 kB
Mem:          3.8G       3.7G       128M       5.7M        28M       3.2G

MemTotal:        4016004 kB
MemFree:          131828 kB
Active:           347244 kB
Mem:          3.8G       3.7G       128M       5.7M        28M       3.2G

MemTotal:        4016004 kB
MemFree:          131828 kB
Active:           347240 kB
