MemTotal:        4016004 kB
MemFree:         3211700 kB
Active:           448224 kB
Mem:          3.8G       785M       3.1G       5.7M        59M       322M

MemTotal:        4016004 kB
MemFree:         3211080 kB
Active:           448508 kB
Mem:          3.8G       786M       3.1G       5.7M        59M       322M

MemTotal:        4016004 kB
MemFree:         3211064 kB
Active:           448636 kB
Mem:          3.8G       785M       3.1G       5.7M        59M       322M

MemTotal:        4016004 kB
MemFree:         3210940 kB
Active:           448636 kB
Mem:          3.8G       785M       3.1G       5.7M        59M       322M

MemTotal:        4016004 kB
MemFree:         3211560 kB
Active:           448592 kB
Mem:          3.8G       785M       3.1G       5.7M        59M       322M

MemTotal:        4016004 kB
MemFree:         3211172 kB
Active:           448628 kB
Mem:          3.8G       785M       3.1G       5.7M        59M       322M

MemTotal:        4016004 kB
MemFree:         3210660 kB
Active:           448604 kB
Mem:          3.8G       786M       3.1G       5.7M        59M       322M

MemTotal:        4016004 kB
MemFree:         3210644 kB
Active:           448608 kB
Mem:          3.8G       786M       3.1G       5.7M        59M       322M

MemTotal:        4016004 kB
MemFree:         3210876 kB
Active:           448660 kB
Mem:          3.8G       786M       3.1G       5.7M        59M       322M

MemTotal:        4016004 kB
MemFree:         3210752 kB
Active:           448664 kB
Mem:          3.8G       786M       3.1G       5.7M        59M       322M

MemTotal:        4016004 kB
MemFree:         3210628 kB
Active:           448664 kB
Mem:          3.8G       786M       3.1G       5.7M        59M       322M

MemTotal:        4016004 kB
MemFree:         3211108 kB
Active:           448632 kB
Mem:          3.8G       786M       3.1G       5.7M        59M       322M

MemTotal:        4016004 kB
MemFree:         3210864 kB
Active:           446712 kB
Mem:          3.8G       786M       3.1G       5.7M        59M       322M

MemTotal:        4016004 kB
MemFree:         3210656 kB
Active:           448660 kB
Mem:          3.8G       786M       3.1G       5.7M        59M       322M

MemTotal:        4016004 kB
MemFree:         3210672 kB
Active:           448656 kB
Mem:          3.8G       786M       3.1G       5.7M        59M       322M

MemTotal:        4016004 kB
MemFree:         3210548 kB
Active:           448664 kB
Mem:          3.8G       786M       3.1G       5.7M        59M       322M

MemTotal:        4016004 kB
MemFree:         3210656 kB
Active:           448624 kB
Mem:          3.8G       786M       3.1G       5.7M        59M       322M

MemTotal:        4016004 kB
MemFree:         3210360 kB
Active:           448628 kB
Mem:          3.8G       786M       3.1G       5.7M        59M       322M

MemTotal:        4016004 kB
MemFree:         3210160 kB
Active:           448680 kB
Mem:          3.8G       786M       3.1G       5.7M        59M       322M

MemTotal:        4016004 kB
MemFree:         3210408 kB
Active:           448676 kB
Mem:          3.8G       786M       3.1G       5.7M        59M       322M

MemTotal:        4016004 kB
MemFree:         3210036 kB
Active:           448688 kB
Mem:          3.8G       786M       3.1G       5.7M        59M       322M

MemTotal:        4016004 kB
MemFree:         3210656 kB
Active:           448652 kB
Mem:          3.8G       786M       3.1G       5.7M        59M       322M

MemTotal:        4016004 kB
MemFree:         3210516 kB
Active:           448652 kB
Mem:          3.8G       786M       3.1G       5.7M        59M       322M

MemTotal:        4016004 kB
MemFree:         3210640 kB
Active:           448684 kB
Mem:          3.8G       786M       3.1G       5.7M        59M       322M

MemTotal:        4016004 kB
MemFree:         3210392 kB
Active:           448692 kB
Mem:          3.8G       786M       3.1G       5.7M        59M       322M

MemTotal:        4016004 kB
MemFree:         3210252 kB
Active:           448680 kB
Mem:          3.8G       786M       3.1G       5.7M        59M       322M

MemTotal:        4016004 kB
MemFree:         3210484 kB
Active:           448688 kB
Mem:          3.8G       786M       3.1G       5.7M        59M       322M

MemTotal:        4016004 kB
MemFree:         3210220 kB
Active:           448648 kB
Mem:          3.8G       786M       3.1G       5.7M        59M       322M

MemTotal:        4016004 kB
MemFree:         3210096 kB
Active:           448664 kB
Mem:          3.8G       786M       3.1G       5.7M        59M       322M

MemTotal:        4016004 kB
MemFree:         3210096 kB
Active:           448660 kB
Mem:          3.8G       786M       3.1G       5.7M        59M       322M

MemTotal:        4016004 kB
MemFree:         3210500 kB
Active:           448656 kB
Mem:          3.8G       786M       3.1G       5.7M        59M       322M

MemTotal:        4016004 kB
MemFree:         3210624 kB
Active:           448644 kB
Mem:          3.8G       786M       3.1G       5.7M        59M       322M

MemTotal:        4016004 kB
MemFree:         3208452 kB
Active:           448672 kB
Mem:          3.8G       788M       3.1G       5.7M        59M       322M

MemTotal:        4016004 kB
MemFree:         3208576 kB
Active:           450712 kB
Mem:          3.8G       788M       3.1G       5.7M        59M       322M

MemTotal:        4016004 kB
MemFree:         3208204 kB
Active:           450720 kB
Mem:          3.8G       788M       3.1G       5.7M        59M       322M

MemTotal:        4016004 kB
MemFree:         3208328 kB
Active:           450704 kB
Mem:          3.8G       788M       3.1G       5.7M        59M       322M

MemTotal:        4016004 kB
MemFree:         3208328 kB
Active:           450680 kB
Mem:          3.8G       788M       3.1G       5.7M        59M       322M

MemTotal:        4016004 kB
MemFree:         3208328 kB
Active:           450724 kB
Mem:          3.8G       789M       3.1G       5.7M        59M       322M

MemTotal:        4016004 kB
MemFree:         3208204 kB
Active:           450716 kB
Mem:          3.8G       788M       3.1G       5.7M        59M       322M

MemTotal:        4016004 kB
MemFree:         3207956 kB
Active:           450732 kB
Mem:          3.8G       788M       3.1G       5.7M        59M       322M

MemTotal:        4016004 kB
MemFree:         3208452 kB
Active:           450684 kB
Mem:          3.8G       788M       3.1G       5.7M        59M       322M

MemTotal:        4016004 kB
MemFree:         3208700 kB
Active:           450704 kB
Mem:          3.8G       788M       3.1G       5.7M        59M       322M

MemTotal:        4016004 kB
MemFree:         3208328 kB
Active:           450744 kB
Mem:          3.8G       788M       3.1G       5.7M        59M       322M

MemTotal:        4016004 kB
MemFree:         3208576 kB
Active:           450736 kB
Mem:          3.8G       788M       3.1G       5.7M        59M       322M

MemTotal:        4016004 kB
MemFree:         3208576 kB
Active:           450692 kB
Mem:          3.8G       788M       3.1G       5.7M        59M       322M

MemTotal:        4016004 kB
MemFree:         3208576 kB
Active:           450736 kB
Mem:          3.8G       788M       3.1G       5.7M        59M       322M

MemTotal:        4016004 kB
MemFree:         3208452 kB
Active:           450704 kB
Mem:          3.8G       788M       3.1G       5.7M        59M       322M

MemTotal:        4016004 kB
MemFree:         3208576 kB
Active:           450748 kB
Mem:          3.8G       788M       3.1G       5.7M        59M       322M

MemTotal:        4016004 kB
MemFree:         3208452 kB
Active:           450708 kB
Mem:          3.8G       788M       3.1G       5.7M        59M       322M

MemTotal:        4016004 kB
MemFree:         3208188 kB
Active:           450728 kB
Mem:          3.8G       788M       3.1G       5.7M        59M       322M

MemTotal:        4016004 kB
MemFree:         3207676 kB
Active:           450756 kB
Mem:          3.8G       789M       3.1G       5.7M        59M       322M

MemTotal:        4016004 kB
MemFree:         3208032 kB
Active:           450736 kB
Mem:          3.8G       789M       3.1G       5.7M        59M       322M

MemTotal:        4016004 kB
MemFree:         3205984 kB
Active:           450720 kB
Mem:          3.8G       791M       3.1G       5.7M        59M       323M

MemTotal:        4016004 kB
MemFree:         3205844 kB
Active:           452792 kB
Mem:          3.8G       791M       3.1G       5.7M        59M       323M

MemTotal:        4016004 kB
MemFree:         3206388 kB
Active:           452776 kB
Mem:          3.8G       790M       3.1G       5.7M        59M       323M

MemTotal:        4016004 kB
MemFree:         3206388 kB
Active:           452752 kB
Mem:          3.8G       790M       3.1G       5.7M        59M       323M

MemTotal:        4016004 kB
MemFree:         3206264 kB
Active:           452784 kB
Mem:          3.8G       790M       3.1G       5.7M        59M       323M

MemTotal:        4016004 kB
MemFree:         3206016 kB
Active:           452800 kB
Mem:          3.8G       790M       3.1G       5.7M        59M       323M

MemTotal:        4016004 kB
MemFree:         3206512 kB
Active:           452804 kB
Mem:          3.8G       790M       3.1G       5.7M        59M       323M

MemTotal:        4016004 kB
MemFree:         3206388 kB
Active:           452780 kB
Mem:          3.8G       790M       3.1G       5.7M        59M       323M

MemTotal:        4016004 kB
MemFree:         3206512 kB
Active:           452760 kB
Mem:          3.8G       790M       3.1G       5.7M        59M       323M

MemTotal:        4016004 kB
MemFree:         3206512 kB
Active:           452752 kB
Mem:          3.8G       790M       3.1G       5.7M        59M       323M

MemTotal:        4016004 kB
MemFree:         3206016 kB
Active:           452808 kB
Mem:          3.8G       790M       3.1G       5.7M        59M       323M

MemTotal:        4016004 kB
MemFree:         3206140 kB
Active:           452752 kB
Mem:          3.8G       790M       3.1G       5.7M        59M       323M

MemTotal:        4016004 kB
MemFree:         3206388 kB
Active:           452800 kB
Mem:          3.8G       790M       3.1G       5.7M        59M       323M

MemTotal:        4016004 kB
MemFree:         3206388 kB
Active:           452816 kB
Mem:          3.8G       790M       3.1G       5.7M        59M       323M

MemTotal:        4016004 kB
MemFree:         3206760 kB
Active:           452792 kB
Mem:          3.8G       790M       3.1G       5.7M        59M       323M

MemTotal:        4016004 kB
MemFree:         3206760 kB
Active:           452788 kB
Mem:          3.8G       790M       3.1G       5.7M        59M       323M

MemTotal:        4016004 kB
MemFree:         3206760 kB
Active:           452764 kB
Mem:          3.8G       790M       3.1G       5.7M        59M       323M

MemTotal:        4016004 kB
MemFree:         3206636 kB
Active:           452764 kB
Mem:          3.8G       790M       3.1G       5.7M        59M       323M

MemTotal:        4016004 kB
MemFree:         3206248 kB
Active:           452820 kB
Mem:          3.8G       790M       3.1G       5.7M        59M       323M

MemTotal:        4016004 kB
MemFree:         3206356 kB
Active:           452796 kB
Mem:          3.8G       790M       3.1G       5.7M        59M       323M

MemTotal:        4016004 kB
MemFree:         3206604 kB
Active:           452804 kB
Mem:          3.8G       790M       3.1G       5.7M        59M       323M

MemTotal:        4016004 kB
MemFree:         3206728 kB
Active:           452788 kB
Mem:          3.8G       790M       3.1G       5.7M        59M       323M

MemTotal:        4016004 kB
MemFree:         3206852 kB
Active:           452764 kB
Mem:          3.8G       790M       3.1G       5.7M        59M       323M

MemTotal:        4016004 kB
MemFree:         3207024 kB
Active:           452800 kB
Mem:          3.8G       790M       3.1G       5.7M        59M       323M

MemTotal:        4016004 kB
MemFree:         3206908 kB
Active:           452804 kB
Mem:          3.8G       790M       3.1G       5.7M        59M       323M

MemTotal:        4016004 kB
MemFree:         3206784 kB
Active:           452820 kB
Mem:          3.8G       790M       3.1G       5.7M        59M       323M

MemTotal:        4016004 kB
MemFree:         3206784 kB
Active:           452784 kB
Mem:          3.8G       790M       3.1G       5.7M        59M       323M

MemTotal:        4016004 kB
MemFree:         3206288 kB
Active:           452828 kB
Mem:          3.8G       790M       3.1G       5.7M        59M       323M

MemTotal:        4016004 kB
MemFree:         3206040 kB
Active:           452804 kB
Mem:          3.8G       791M       3.1G       5.7M        59M       323M

MemTotal:        4016004 kB
MemFree:         3205480 kB
Active:           450960 kB
Mem:          3.8G       791M       3.1G       5.7M        59M       323M

MemTotal:        4016004 kB
MemFree:         3206144 kB
Active:           452868 kB
Mem:          3.8G       791M       3.1G       5.7M        59M       323M

MemTotal:        4016004 kB
MemFree:         3206160 kB
Active:           452904 kB
Mem:          3.8G       791M       3.1G       5.7M        59M       323M

MemTotal:        4016004 kB
MemFree:         3206160 kB
Active:           452892 kB
Mem:          3.8G       790M       3.1G       5.7M        59M       323M

MemTotal:        4016004 kB
MemFree:         3206160 kB
Active:           452892 kB
Mem:          3.8G       790M       3.1G       5.7M        59M       323M

MemTotal:        4016004 kB
MemFree:         3206036 kB
Active:           452908 kB
Mem:          3.8G       790M       3.1G       5.7M        59M       323M

MemTotal:        4016004 kB
MemFree:         3206284 kB
Active:           452884 kB
Mem:          3.8G       790M       3.1G       5.7M        59M       323M

MemTotal:        4016004 kB
MemFree:         3206284 kB
Active:           452880 kB
Mem:          3.8G       791M       3.1G       5.7M        59M       323M

MemTotal:        4016004 kB
MemFree:         3205648 kB
Active:           452864 kB
Mem:          3.8G       791M       3.1G       5.7M        59M       323M

MemTotal:        4016004 kB
MemFree:         3205772 kB
Active:           452900 kB
Mem:          3.8G       791M       3.1G       5.7M        59M       323M

MemTotal:        4016004 kB
MemFree:         3206248 kB
Active:           450872 kB
Mem:          3.8G       791M       3.1G       5.7M        59M       323M

MemTotal:        4016004 kB
MemFree:         3205860 kB
Active:           452908 kB
Mem:          3.8G       790M       3.1G       5.7M        59M       323M

MemTotal:        4016004 kB
MemFree:         3205984 kB
Active:           452924 kB
Mem:          3.8G       790M       3.1G       5.7M        59M       323M

MemTotal:        4016004 kB
MemFree:         3206480 kB
Active:           452884 kB
Mem:          3.8G       790M       3.1G       5.7M        59M       323M

MemTotal:        4016004 kB
MemFree:         3207088 kB
Active:           452872 kB
Mem:          3.8G       789M       3.1G       5.7M        59M       323M

MemTotal:        4016004 kB
MemFree:         3206840 kB
Active:           452924 kB
Mem:          3.8G       790M       3.1G       5.7M        59M       323M

MemTotal:        4016004 kB
MemFree:         3206592 kB
Active:           452920 kB
Mem:          3.8G       790M       3.1G       5.7M        59M       323M

MemTotal:        4016004 kB
MemFree:         3206468 kB
Active:           452888 kB
Mem:          3.8G       790M       3.1G       5.7M        59M       323M

MemTotal:        4016004 kB
MemFree:         3206468 kB
Active:           452916 kB
Mem:          3.8G       790M       3.1G       5.7M        59M       323M

MemTotal:        4016004 kB
MemFree:         3206468 kB
Active:           452888 kB
Mem:          3.8G       790M       3.1G       5.7M        59M       323M

MemTotal:        4016004 kB
MemFree:         2802368 kB
Active:           463168 kB
Mem:          3.8G       1.2G       2.7G       5.7M        59M       700M

MemTotal:        4016004 kB
MemFree:         2754948 kB
Active:           463356 kB
Mem:          3.8G       1.2G       2.6G       5.7M        59M       744M

MemTotal:        4016004 kB
MemFree:         2705204 kB
Active:           463580 kB
Mem:          3.8G       1.3G       2.6G       5.7M        59M       793M

MemTotal:        4016004 kB
MemFree:         2663188 kB
Active:           463760 kB
Mem:          3.8G       1.3G       2.5G       5.7M        59M       831M

MemTotal:        4016004 kB
MemFree:         2613376 kB
Active:           463932 kB
Mem:          3.8G       1.3G       2.5G       5.7M        59M       878M

MemTotal:        4016004 kB
MemFree:         2569088 kB
Active:           464124 kB
Mem:          3.8G       1.4G       2.4G       5.7M        59M       921M

MemTotal:        4016004 kB
MemFree:         2531124 kB
Active:           464236 kB
Mem:          3.8G       1.4G       2.4G       5.7M        59M       956M

MemTotal:        4016004 kB
MemFree:         2492388 kB
Active:           464436 kB
Mem:          3.8G       1.5G       2.4G       5.7M        59M       994M

MemTotal:        4016004 kB
MemFree:         2451500 kB
Active:           464580 kB
Mem:          3.8G       1.5G       2.3G       5.7M        59M       1.0G

MemTotal:        4016004 kB
MemFree:         2397588 kB
Active:           464764 kB
Mem:          3.8G       1.5G       2.3G       5.7M        59M       1.1G

MemTotal:        4016004 kB
MemFree:         2351312 kB
Active:           464992 kB
Mem:          3.8G       1.6G       2.2G       5.7M        59M       1.1G

MemTotal:        4016004 kB
MemFree:         2322212 kB
Active:           465160 kB
Mem:          3.8G       1.6G       2.2G       5.7M        59M       1.1G

MemTotal:        4016004 kB
MemFree:         2321624 kB
Active:           465120 kB
Mem:          3.8G       1.6G       2.2G       5.7M        59M       1.1G

MemTotal:        4016004 kB
MemFree:         2251820 kB
Active:           465248 kB
Mem:          3.8G       1.7G       2.1G       5.7M        59M       1.2G

MemTotal:        4016004 kB
MemFree:         2182604 kB
Active:           465676 kB
Mem:          3.8G       1.7G       2.1G       5.7M        59M       1.3G

MemTotal:        4016004 kB
MemFree:         2143292 kB
Active:           465824 kB
Mem:          3.8G       1.8G       2.0G       5.7M        59M       1.3G

MemTotal:        4016004 kB
MemFree:         2103508 kB
Active:           465984 kB
Mem:          3.8G       1.8G       2.0G       5.7M        59M       1.3G

MemTotal:        4016004 kB
MemFree:         2058480 kB
Active:           466156 kB
Mem:          3.8G       1.9G       2.0G       5.7M        59M       1.4G

MemTotal:        4016004 kB
MemFree:         2039500 kB
Active:           466332 kB
Mem:          3.8G       1.9G       1.9G       5.7M        59M       1.4G

MemTotal:        4016004 kB
MemFree:         2008780 kB
Active:           466428 kB
Mem:          3.8G       1.9G       1.9G       5.7M        59M       1.4G

MemTotal:        4016004 kB
MemFree:         1985996 kB
Active:           466628 kB
Mem:          3.8G       1.9G       1.9G       5.7M        59M       1.4G

MemTotal:        4016004 kB
MemFree:         1912208 kB
Active:           466812 kB
Mem:          3.8G       2.0G       1.8G       5.7M        59M       1.5G

MemTotal:        4016004 kB
MemFree:         1837228 kB
Active:           467164 kB
Mem:          3.8G       2.1G       1.8G       5.7M        59M       1.6G

MemTotal:        4016004 kB
MemFree:         1793368 kB
Active:           467356 kB
Mem:          3.8G       2.1G       1.7G       5.7M        59M       1.6G

MemTotal:        4016004 kB
MemFree:         1785028 kB
Active:           467484 kB
Mem:          3.8G       2.1G       1.7G       5.7M        59M       1.6G

MemTotal:        4016004 kB
MemFree:         1785360 kB
Active:           467464 kB
Mem:          3.8G       2.1G       1.7G       5.7M        59M       1.6G

MemTotal:        4016004 kB
MemFree:         1785624 kB
Active:           467444 kB
Mem:          3.8G       2.1G       1.7G       5.7M        59M       1.6G

MemTotal:        4016004 kB
MemFree:         1654956 kB
Active:           467848 kB
Mem:          3.8G       2.3G       1.6G       5.7M        59M       1.7G

MemTotal:        4016004 kB
MemFree:         1588696 kB
Active:           468160 kB
Mem:          3.8G       2.3G       1.5G       5.7M        59M       1.8G

MemTotal:        4016004 kB
MemFree:         1531900 kB
Active:           468404 kB
Mem:          3.8G       2.4G       1.5G       5.7M        59M       1.9G

MemTotal:        4016004 kB
MemFree:         1487264 kB
Active:           468636 kB
Mem:          3.8G       2.4G       1.4G       5.7M        59M       1.9G

MemTotal:        4016004 kB
MemFree:         1440472 kB
Active:           468816 kB
Mem:          3.8G       2.5G       1.4G       5.7M        60M       1.9G

MemTotal:        4016004 kB
MemFree:         1424180 kB
Active:           468944 kB
Mem:          3.8G       2.5G       1.4G       5.7M        60M       2.0G

MemTotal:        4016004 kB
MemFree:         1369168 kB
Active:           469092 kB
Mem:          3.8G       2.5G       1.3G       5.7M        60M       2.0G

MemTotal:        4016004 kB
MemFree:         1310152 kB
Active:           469332 kB
Mem:          3.8G       2.6G       1.2G       5.7M        60M       2.1G

MemTotal:        4016004 kB
MemFree:         1263548 kB
Active:           469560 kB
Mem:          3.8G       2.6G       1.2G       5.7M        60M       2.1G

MemTotal:        4016004 kB
MemFree:         1219644 kB
Active:           469708 kB
Mem:          3.8G       2.7G       1.2G       5.7M        60M       2.2G

MemTotal:        4016004 kB
MemFree:         1191788 kB
Active:           469900 kB
Mem:          3.8G       2.7G       1.1G       5.7M        60M       2.2G

MemTotal:        4016004 kB
MemFree:         1060284 kB
Active:           470484 kB
Mem:          3.8G       2.8G       1.0G       5.7M        60M       2.3G

MemTotal:        4016004 kB
MemFree:         1000984 kB
Active:           470720 kB
Mem:          3.8G       2.9G       977M       5.7M        60M       2.4G

MemTotal:        4016004 kB
MemFree:          975432 kB
Active:           470844 kB
Mem:          3.8G       2.9G       952M       5.7M        60M       2.4G

MemTotal:        4016004 kB
MemFree:          954836 kB
Active:           470864 kB
Mem:          3.8G       2.9G       932M       5.7M        60M       2.4G

MemTotal:        4016004 kB
MemFree:          912632 kB
Active:           471028 kB
Mem:          3.8G       3.0G       887M       5.7M        60M       2.4G

MemTotal:        4016004 kB
MemFree:          805404 kB
Active:           471472 kB
Mem:          3.8G       3.1G       785M       5.7M        60M       2.5G

MemTotal:        4016004 kB
MemFree:          753572 kB
Active:           471696 kB
Mem:          3.8G       3.1G       735M       5.7M        60M       2.6G

MemTotal:        4016004 kB
MemFree:          725852 kB
Active:           471780 kB
Mem:          3.8G       3.1G       708M       5.7M        60M       2.6G

MemTotal:        4016004 kB
MemFree:          703300 kB
Active:           471908 kB
Mem:          3.8G       3.2G       686M       5.7M        60M       2.6G

MemTotal:        4016004 kB
MemFree:          676984 kB
Active:           472000 kB
Mem:          3.8G       3.2G       660M       5.7M        60M       2.7G

MemTotal:        4016004 kB
MemFree:          611888 kB
Active:           472160 kB
Mem:          3.8G       3.2G       597M       5.7M        60M       2.7G

MemTotal:        4016004 kB
MemFree:          530108 kB
Active:           472528 kB
Mem:          3.8G       3.3G       517M       5.7M        60M       2.8G

MemTotal:        4016004 kB
MemFree:          486300 kB
Active:           472756 kB
Mem:          3.8G       3.4G       474M       5.7M        60M       2.8G

MemTotal:        4016004 kB
MemFree:          470748 kB
Active:           472848 kB
Mem:          3.8G       3.4G       459M       5.7M        60M       2.8G

MemTotal:        4016004 kB
MemFree:          379284 kB
Active:           473004 kB
Mem:          3.8G       3.5G       369M       5.7M        60M       2.9G

MemTotal:        4016004 kB
MemFree:          336852 kB
Active:           473264 kB
Mem:          3.8G       3.5G       328M       5.7M        60M       3.0G

MemTotal:        4016004 kB
MemFree:          297124 kB
Active:           473420 kB
Mem:          3.8G       3.5G       289M       5.7M        60M       3.0G

MemTotal:        4016004 kB
MemFree:          249784 kB
Active:           473576 kB
Mem:          3.8G       3.6G       243M       5.7M        60M       3.1G

MemTotal:        4016004 kB
MemFree:          238408 kB
Active:           473752 kB
Mem:          3.8G       3.6G       232M       5.7M        60M       3.1G

MemTotal:        4016004 kB
MemFree:          226476 kB
Active:           473788 kB
Mem:          3.8G       3.6G       220M       5.7M        60M       3.1G

MemTotal:        4016004 kB
MemFree:          184120 kB
Active:           473844 kB
Mem:          3.8G       3.7G       179M       5.7M        60M       3.1G

MemTotal:        4016004 kB
MemFree:          148124 kB
Active:           449448 kB
Mem:          3.8G       3.7G       128M       5.7M        27M       3.2G

MemTotal:        4016004 kB
MemFree:          114772 kB
Active:           451776 kB
Mem:          3.8G       3.7G       111M       5.7M        27M       3.2G

MemTotal:        4016004 kB
MemFree:          113752 kB
Active:           451756 kB
Mem:          3.8G       3.7G       111M       5.7M        27M       3.2G

MemTotal:        4016004 kB
MemFree:          125488 kB
Active:           478220 kB
Mem:          3.8G       3.7G       113M       5.7M        27M       3.2G

MemTotal:        4016004 kB
MemFree:          140400 kB
Active:           479676 kB
Mem:          3.8G       3.7G       123M       5.7M        27M       3.2G

MemTotal:        4016004 kB
MemFree:          128036 kB
Active:           477820 kB
Mem:          3.8G       3.7G       124M       5.7M        27M       3.2G

MemTotal:        4016004 kB
MemFree:          131464 kB
Active:           471144 kB
Mem:          3.8G       3.7G       128M       5.7M        27M       3.2G

MemTotal:        4016004 kB
MemFree:          134100 kB
Active:           469392 kB
Mem:          3.8G       3.7G       130M       5.7M        27M       3.2G

MemTotal:        4016004 kB
MemFree:          107832 kB
Active:           469396 kB
Mem:          3.8G       3.7G       105M       5.7M        27M       3.2G

MemTotal:        4016004 kB
MemFree:          134652 kB
Active:           467060 kB
Mem:          3.8G       3.7G       131M       5.7M        27M       3.2G

MemTotal:        4016004 kB
MemFree:          126428 kB
Active:           466652 kB
Mem:          3.8G       3.7G       123M       5.7M        27M       3.2G

MemTotal:        4016004 kB
MemFree:          118820 kB
Active:           464720 kB
Mem:          3.8G       3.7G       115M       5.7M        27M       3.2G

MemTotal:        4016004 kB
MemFree:          126708 kB
Active:           462428 kB
Mem:          3.8G       3.7G       123M       5.7M        27M       3.2G

MemTotal:        4016004 kB
MemFree:          111084 kB
Active:           461860 kB
Mem:          3.8G       3.7G       108M       5.7M        27M       3.2G

MemTotal:        4016004 kB
MemFree:          112648 kB
Active:           460828 kB
Mem:          3.8G       3.7G       109M       5.7M        27M       3.2G

MemTotal:        4016004 kB
MemFree:          126636 kB
Active:           459556 kB
Mem:          3.8G       3.7G       122M       5.7M        27M       3.2G

MemTotal:        4016004 kB
MemFree:          108308 kB
Active:           458116 kB
Mem:          3.8G       3.7G       105M       5.7M        27M       3.2G

MemTotal:        4016004 kB
MemFree:          128512 kB
Active:           456132 kB
Mem:          3.8G       3.7G       124M       5.7M        27M       3.2G

MemTotal:        4016004 kB
MemFree:          110344 kB
Active:           455640 kB
Mem:          3.8G       3.7G       107M       5.7M        27M       3.2G

MemTotal:        4016004 kB
MemFree:          110036 kB
Active:           454988 kB
Mem:          3.8G       3.7G       107M       5.7M        27M       3.2G

MemTotal:        4016004 kB
MemFree:          105140 kB
Active:           454452 kB
Mem:          3.8G       3.7G       106M       5.7M        27M       3.2G

MemTotal:        4016004 kB
MemFree:          122432 kB
Active:           452696 kB
Mem:          3.8G       3.7G       119M       5.7M        27M       3.2G

MemTotal:        4016004 kB
MemFree:          124208 kB
Active:           449908 kB
Mem:          3.8G       3.7G       121M       5.7M        27M       3.2G

MemTotal:        4016004 kB
MemFree:          109336 kB
Active:           449996 kB
Mem:          3.8G       3.7G       106M       5.7M        27M       3.2G

MemTotal:        4016004 kB
MemFree:          129424 kB
Active:           449284 kB
Mem:          3.8G       3.7G       125M       5.7M        27M       3.2G

MemTotal:        4016004 kB
MemFree:          145716 kB
Active:           448576 kB
Mem:          3.8G       3.7G       141M       5.7M        27M       3.2G

MemTotal:        4016004 kB
MemFree:          122020 kB
Active:           442324 kB
Mem:          3.8G       3.7G       118M       5.7M        27M       3.2G

MemTotal:        4016004 kB
MemFree:          113188 kB
Active:           441112 kB
Mem:          3.8G       3.7G       109M       5.7M        27M       3.2G

MemTotal:        4016004 kB
MemFree:          116408 kB
Active:           439536 kB
Mem:          3.8G       3.7G       113M       5.7M        27M       3.2G

MemTotal:        4016004 kB
MemFree:          139984 kB
Active:           438916 kB
Mem:          3.8G       3.7G       135M       5.7M        27M       3.2G

MemTotal:        4016004 kB
MemFree:          114224 kB
Active:           439000 kB
Mem:          3.8G       3.7G       110M       5.7M        27M       3.2G

MemTotal:        4016004 kB
MemFree:          122316 kB
Active:           438092 kB
Mem:          3.8G       3.7G       118M       5.7M        27M       3.2G

MemTotal:        4016004 kB
MemFree:          132616 kB
Active:           431528 kB
Mem:          3.8G       3.7G       129M       5.7M        27M       3.2G

MemTotal:        4016004 kB
MemFree:          118040 kB
Active:           430276 kB
Mem:          3.8G       3.7G       115M       5.7M        27M       3.2G

MemTotal:        4016004 kB
MemFree:          120012 kB
Active:           429500 kB
Mem:          3.8G       3.7G       116M       5.7M        27M       3.2G

MemTotal:        4016004 kB
MemFree:          107548 kB
Active:           429468 kB
Mem:          3.8G       3.7G       104M       5.7M        27M       3.2G

MemTotal:        4016004 kB
MemFree:          126944 kB
Active:           428188 kB
Mem:          3.8G       3.7G       123M       5.7M        27M       3.2G

MemTotal:        4016004 kB
MemFree:          140792 kB
Active:           425140 kB
Mem:          3.8G       3.7G       136M       5.7M        27M       3.2G

MemTotal:        4016004 kB
MemFree:          113140 kB
Active:           421460 kB
Mem:          3.8G       3.7G       109M       5.7M        27M       3.2G

MemTotal:        4016004 kB
MemFree:          110340 kB
Active:           420604 kB
Mem:          3.8G       3.7G       107M       5.7M        27M       3.2G

MemTotal:        4016004 kB
MemFree:          107864 kB
Active:           420624 kB
Mem:          3.8G       3.7G       104M       5.7M        27M       3.2G

MemTotal:        4016004 kB
MemFree:          107120 kB
Active:           420572 kB
Mem:          3.8G       3.7G       104M       5.7M        27M       3.2G

MemTotal:        4016004 kB
MemFree:          132584 kB
Active:           419128 kB
Mem:          3.8G       3.7G       128M       5.7M        27M       3.2G

MemTotal:        4016004 kB
MemFree:          126708 kB
Active:           417304 kB
Mem:          3.8G       3.7G       122M       5.7M        27M       3.2G

MemTotal:        4016004 kB
MemFree:          123112 kB
Active:           415888 kB
Mem:          3.8G       3.7G       119M       5.7M        27M       3.2G

MemTotal:        4016004 kB
MemFree:          118048 kB
Active:           414972 kB
Mem:          3.8G       3.7G       115M       5.7M        27M       3.2G

MemTotal:        4016004 kB
MemFree:          121472 kB
Active:           413864 kB
Mem:          3.8G       3.7G       117M       5.7M        27M       3.2G

MemTotal:        4016004 kB
MemFree:          138240 kB
Active:           412064 kB
Mem:          3.8G       3.7G       134M       5.7M        27M       3.2G

MemTotal:        4016004 kB
MemFree:          112496 kB
Active:           412168 kB
Mem:          3.8G       3.7G       109M       5.7M        27M       3.2G

MemTotal:        4016004 kB
MemFree:          130428 kB
Active:           410788 kB
Mem:          3.8G       3.7G       126M       5.7M        27M       3.2G

MemTotal:        4016004 kB
MemFree:          122968 kB
Active:           410932 kB
Mem:          3.8G       3.7G       119M       5.7M        27M       3.2G

MemTotal:        4016004 kB
MemFree:          136036 kB
Active:           411040 kB
Mem:          3.8G       3.7G       131M       5.7M        27M       3.2G

MemTotal:        4016004 kB
MemFree:          127336 kB
Active:           411124 kB
Mem:          3.8G       3.7G       123M       5.7M        27M       3.2G

MemTotal:        4016004 kB
MemFree:          108472 kB
Active:           411236 kB
Mem:          3.8G       3.7G       105M       5.7M        27M       3.2G

MemTotal:        4016004 kB
MemFree:          116224 kB
Active:           411176 kB
Mem:          3.8G       3.7G       113M       5.7M        27M       3.2G

MemTotal:        4016004 kB
MemFree:          115592 kB
Active:           411284 kB
Mem:          3.8G       3.7G       112M       5.7M        27M       3.2G

MemTotal:        4016004 kB
MemFree:          138556 kB
Active:           411624 kB
Mem:          3.8G       3.7G       134M       5.7M        27M       3.2G

MemTotal:        4016004 kB
MemFree:          105660 kB
Active:           411792 kB
Mem:          3.8G       3.7G       102M       5.7M        27M       3.2G

MemTotal:        4016004 kB
MemFree:          136496 kB
Active:           411928 kB
Mem:          3.8G       3.7G       132M       5.7M        27M       3.2G

MemTotal:        4016004 kB
MemFree:          135600 kB
Active:           411924 kB
Mem:          3.8G       3.7G       132M       5.7M        27M       3.2G

MemTotal:        4016004 kB
MemFree:          135300 kB
Active:           411896 kB
Mem:          3.8G       3.7G       132M       5.7M        27M       3.2G

MemTotal:        4016004 kB
MemFree:          129560 kB
Active:           411932 kB
Mem:          3.8G       3.7G       124M       5.7M        27M       3.2G

MemTotal:        4016004 kB
MemFree:          122224 kB
Active:           412484 kB
Mem:          3.8G       3.7G       118M       5.7M        27M       3.2G

MemTotal:        4016004 kB
MemFree:          141456 kB
Active:           412740 kB
Mem:          3.8G       3.7G       133M       5.7M        27M       3.2G

MemTotal:        4016004 kB
MemFree:          143304 kB
Active:           412888 kB
Mem:          3.8G       3.7G       139M       5.7M        27M       3.2G

MemTotal:        4016004 kB
MemFree:          130332 kB
Active:           413096 kB
Mem:          3.8G       3.7G       126M       5.7M        27M       3.2G

MemTotal:        4016004 kB
MemFree:          130252 kB
Active:           413288 kB
Mem:          3.8G       3.7G       126M       5.7M        27M       3.2G

MemTotal:        4016004 kB
MemFree:          138324 kB
Active:           413432 kB
Mem:          3.8G       3.7G       134M       5.7M        27M       3.2G

MemTotal:        4016004 kB
MemFree:          132956 kB
Active:           413596 kB
Mem:          3.8G       3.7G       129M       5.7M        27M       3.2G

MemTotal:        4016004 kB
MemFree:          118192 kB
Active:           413644 kB
Mem:          3.8G       3.7G       115M       5.7M        27M       3.2G

MemTotal:        4016004 kB
MemFree:          128572 kB
Active:           412220 kB
Mem:          3.8G       3.7G       124M       5.7M        27M       3.2G

MemTotal:        4016004 kB
MemFree:          107880 kB
Active:           412300 kB
Mem:          3.8G       3.7G       104M       5.7M        27M       3.2G

MemTotal:        4016004 kB
MemFree:          126136 kB
Active:           412476 kB
Mem:          3.8G       3.7G       122M       5.7M        27M       3.2G

MemTotal:        4016004 kB
MemFree:          133380 kB
Active:           412624 kB
Mem:          3.8G       3.7G       129M       5.7M        27M       3.2G

MemTotal:        4016004 kB
MemFree:          144468 kB
Active:           412784 kB
Mem:          3.8G       3.7G       140M       5.7M        27M       3.2G

MemTotal:        4016004 kB
MemFree:          109196 kB
Active:           412908 kB
Mem:          3.8G       3.7G       106M       5.7M        27M       3.2G

MemTotal:        4016004 kB
MemFree:          129756 kB
Active:           413108 kB
Mem:          3.8G       3.7G       126M       5.7M        27M       3.2G

MemTotal:        4016004 kB
MemFree:          107700 kB
Active:           413260 kB
Mem:          3.8G       3.7G       104M       5.7M        27M       3.2G

MemTotal:        4016004 kB
MemFree:          113188 kB
Active:           413480 kB
Mem:          3.8G       3.7G       110M       5.7M        27M       3.2G

MemTotal:        4016004 kB
MemFree:          132000 kB
Active:           409940 kB
Mem:          3.8G       3.7G       128M       5.7M        27M       3.2G

MemTotal:        4016004 kB
MemFree:          135724 kB
Active:           409936 kB
Mem:          3.8G       3.7G       131M       5.7M        27M       3.2G

MemTotal:        4016004 kB
MemFree:          109240 kB
Active:           410096 kB
Mem:          3.8G       3.7G       105M       5.7M        27M       3.2G

MemTotal:        4016004 kB
MemFree:          121704 kB
Active:           410272 kB
Mem:          3.8G       3.7G       118M       5.7M        27M       3.2G

MemTotal:        4016004 kB
MemFree:          116416 kB
Active:           410436 kB
Mem:          3.8G       3.7G       112M       5.7M        27M       3.2G

MemTotal:        4016004 kB
MemFree:          132112 kB
Active:           410604 kB
Mem:          3.8G       3.7G       129M       5.7M        27M       3.2G

MemTotal:        4016004 kB
MemFree:          109712 kB
Active:           410692 kB
Mem:          3.8G       3.7G       106M       5.7M        27M       3.2G

MemTotal:        4016004 kB
MemFree:          112980 kB
Active:           410760 kB
Mem:          3.8G       3.7G       110M       5.7M        27M       3.2G

MemTotal:        4016004 kB
MemFree:          112196 kB
Active:           410920 kB
Mem:          3.8G       3.7G       109M       5.7M        27M       3.2G

MemTotal:        4016004 kB
MemFree:          109220 kB
Active:           408892 kB
Mem:          3.8G       3.7G       105M       5.7M        27M       3.2G

MemTotal:        4016004 kB
MemFree:          125596 kB
Active:           410036 kB
Mem:          3.8G       3.7G       121M       5.7M        27M       3.2G

MemTotal:        4016004 kB
MemFree:          117000 kB
Active:           410144 kB
Mem:          3.8G       3.7G       114M       5.7M        27M       3.2G

MemTotal:        4016004 kB
MemFree:          123372 kB
Active:           410208 kB
Mem:          3.8G       3.7G       119M       5.7M        27M       3.2G

MemTotal:        4016004 kB
MemFree:          119028 kB
Active:           410292 kB
Mem:          3.8G       3.7G       115M       5.7M        27M       3.2G

MemTotal:        4016004 kB
MemFree:          138160 kB
Active:           410468 kB
Mem:          3.8G       3.7G       134M       5.7M        27M       3.2G

MemTotal:        4016004 kB
MemFree:          149432 kB
Active:           410848 kB
Mem:          3.8G       3.7G       145M       5.7M        27M       3.2G

MemTotal:        4016004 kB
MemFree:          125404 kB
Active:           411044 kB
Mem:          3.8G       3.7G       122M       5.7M        27M       3.2G

MemTotal:        4016004 kB
MemFree:          123724 kB
Active:           411088 kB
Mem:          3.8G       3.7G       119M       5.7M        27M       3.2G

MemTotal:        4016004 kB
MemFree:          125628 kB
Active:           409696 kB
Mem:          3.8G       3.7G       122M       5.7M        27M       3.2G

MemTotal:        4016004 kB
MemFree:          144524 kB
Active:           409964 kB
Mem:          3.8G       3.7G       122M       5.7M        27M       3.2G

MemTotal:        4016004 kB
MemFree:          123600 kB
Active:           410712 kB
Mem:          3.8G       3.7G       119M       5.7M        27M       3.2G

MemTotal:        4016004 kB
MemFree:          147804 kB
Active:           409948 kB
Mem:          3.8G       3.7G       143M       5.7M        27M       3.2G

MemTotal:        4016004 kB
MemFree:          137524 kB
Active:           410128 kB
Mem:          3.8G       3.7G       133M       5.7M        27M       3.2G

MemTotal:        4016004 kB
MemFree:          125820 kB
Active:           410348 kB
Mem:          3.8G       3.7G       122M       5.7M        27M       3.2G

MemTotal:        4016004 kB
MemFree:          133016 kB
Active:           410520 kB
Mem:          3.8G       3.7G       129M       5.7M        27M       3.2G

MemTotal:        4016004 kB
MemFree:          108604 kB
Active:           410592 kB
Mem:          3.8G       3.7G       105M       5.7M        27M       3.2G

MemTotal:        4016004 kB
MemFree:          134996 kB
Active:           410772 kB
Mem:          3.8G       3.7G       131M       5.7M        27M       3.2G

MemTotal:        4016004 kB
MemFree:          108396 kB
Active:           410864 kB
Mem:          3.8G       3.7G       104M       5.7M        27M       3.2G

MemTotal:        4016004 kB
MemFree:          142568 kB
Active:           410972 kB
Mem:          3.8G       3.7G       139M       5.7M        27M       3.2G

MemTotal:        4016004 kB
MemFree:          142360 kB
Active:           411212 kB
Mem:          3.8G       3.7G       138M       5.7M        27M       3.2G

MemTotal:        4016004 kB
MemFree:          119172 kB
Active:           411480 kB
Mem:          3.8G       3.7G       115M       5.7M        27M       3.2G

MemTotal:        4016004 kB
MemFree:          126956 kB
Active:           411616 kB
Mem:          3.8G       3.7G       123M       5.7M        27M       3.2G

MemTotal:        4016004 kB
MemFree:          110916 kB
Active:           411692 kB
Mem:          3.8G       3.7G       108M       5.7M        27M       3.2G

MemTotal:        4016004 kB
MemFree:          110300 kB
Active:           400872 kB
Mem:          3.8G       3.7G       106M       5.7M        27M       3.2G

MemTotal:        4016004 kB
MemFree:          135024 kB
Active:           401324 kB
Mem:          3.8G       3.7G       131M       5.7M        27M       3.2G

MemTotal:        4016004 kB
MemFree:          124852 kB
Active:           401452 kB
Mem:          3.8G       3.7G       121M       5.7M        27M       3.2G

MemTotal:        4016004 kB
MemFree:          125080 kB
Active:           401596 kB
Mem:          3.8G       3.7G       121M       5.7M        27M       3.2G

MemTotal:        4016004 kB
MemFree:          124908 kB
Active:           401756 kB
Mem:          3.8G       3.7G       120M       5.7M        27M       3.2G

MemTotal:        4016004 kB
MemFree:          124752 kB
Active:           401976 kB
Mem:          3.8G       3.7G       121M       5.7M        27M       3.2G

MemTotal:        4016004 kB
MemFree:          124036 kB
Active:           402148 kB
Mem:          3.8G       3.7G       120M       5.7M        27M       3.2G

MemTotal:        4016004 kB
MemFree:          142564 kB
Active:           402284 kB
Mem:          3.8G       3.7G       138M       5.7M        27M       3.2G

MemTotal:        4016004 kB
MemFree:          110352 kB
Active:           402408 kB
Mem:          3.8G       3.7G       107M       5.7M        27M       3.2G

MemTotal:        4016004 kB
MemFree:          112664 kB
Active:           402548 kB
Mem:          3.8G       3.7G       109M       5.7M        27M       3.2G

MemTotal:        4016004 kB
MemFree:          141248 kB
Active:           401716 kB
Mem:          3.8G       3.7G       137M       5.7M        27M       3.2G

MemTotal:        4016004 kB
MemFree:          135248 kB
Active:           401864 kB
Mem:          3.8G       3.7G       131M       5.7M        27M       3.2G

MemTotal:        4016004 kB
MemFree:          143328 kB
Active:           402004 kB
Mem:          3.8G       3.7G       139M       5.7M        27M       3.2G

MemTotal:        4016004 kB
MemFree:          112180 kB
Active:           402168 kB
Mem:          3.8G       3.7G       109M       5.7M        27M       3.2G

MemTotal:        4016004 kB
MemFree:          113112 kB
Active:           402296 kB
Mem:          3.8G       3.7G       110M       5.7M        27M       3.2G

MemTotal:        4016004 kB
MemFree:          106712 kB
Active:           402432 kB
Mem:          3.8G       3.7G       102M       5.7M        27M       3.2G

MemTotal:        4016004 kB
MemFree:          149464 kB
Active:           402704 kB
Mem:          3.8G       3.7G       144M       5.7M        27M       3.2G

MemTotal:        4016004 kB
MemFree:          107256 kB
Active:           402908 kB
Mem:          3.8G       3.7G       104M       5.7M        27M       3.2G

MemTotal:        4016004 kB
MemFree:          119676 kB
Active:           403032 kB
Mem:          3.8G       3.7G       115M       5.7M        27M       3.2G

MemTotal:        4016004 kB
MemFree:          117080 kB
Active:           407064 kB
Mem:          3.8G       3.7G       114M       5.7M        27M       3.2G

MemTotal:        4016004 kB
MemFree:          120072 kB
Active:           403468 kB
Mem:          3.8G       3.7G       117M       5.7M        27M       3.2G

MemTotal:        4016004 kB
MemFree:          125840 kB
Active:           402912 kB
Mem:          3.8G       3.7G       122M       5.7M        27M       3.2G

MemTotal:        4016004 kB
MemFree:          124792 kB
Active:           402912 kB
Mem:          3.8G       3.7G       121M       5.7M        27M       3.2G

MemTotal:        4016004 kB
MemFree:          126236 kB
Active:           403052 kB
Mem:          3.8G       3.7G       122M       5.7M        27M       3.2G

MemTotal:        4016004 kB
MemFree:          121760 kB
Active:           403320 kB
Mem:          3.8G       3.7G       118M       5.7M        27M       3.2G

MemTotal:        4016004 kB
MemFree:          128168 kB
Active:           403540 kB
Mem:          3.8G       3.7G       124M       5.7M        27M       3.2G

MemTotal:        4016004 kB
MemFree:          127876 kB
Active:           403724 kB
Mem:          3.8G       3.7G       125M       5.7M        27M       3.2G

MemTotal:        4016004 kB
MemFree:          128780 kB
Active:           403912 kB
Mem:          3.8G       3.7G       125M       5.7M        27M       3.2G

MemTotal:        4016004 kB
MemFree:          122456 kB
Active:           403968 kB
Mem:          3.8G       3.7G       119M       5.7M        27M       3.2G

MemTotal:        4016004 kB
MemFree:          121840 kB
Active:           403964 kB
Mem:          3.8G       3.7G       118M       5.7M        27M       3.2G

MemTotal:        4016004 kB
MemFree:          122096 kB
Active:           403956 kB
Mem:          3.8G       3.7G       119M       5.7M        27M       3.2G

MemTotal:        4016004 kB
MemFree:          124952 kB
Active:           404412 kB
Mem:          3.8G       3.7G       121M       5.7M        27M       3.2G

MemTotal:        4016004 kB
MemFree:          142444 kB
Active:           404648 kB
Mem:          3.8G       3.7G       138M       5.7M        27M       3.2G

MemTotal:        4016004 kB
MemFree:          126116 kB
Active:           401164 kB
Mem:          3.8G       3.7G       122M       5.7M        27M       3.2G

MemTotal:        4016004 kB
MemFree:          126564 kB
Active:           401340 kB
Mem:          3.8G       3.7G       123M       5.7M        27M       3.2G

MemTotal:        4016004 kB
MemFree:          134412 kB
Active:           401516 kB
Mem:          3.8G       3.7G       140M       5.7M        27M       3.2G

MemTotal:        4016004 kB
MemFree:          126620 kB
Active:           401696 kB
Mem:          3.8G       3.7G       123M       5.7M        27M       3.2G

MemTotal:        4016004 kB
MemFree:          127156 kB
Active:           401860 kB
Mem:          3.8G       3.7G       123M       5.7M        27M       3.2G

MemTotal:        4016004 kB
MemFree:          106664 kB
Active:           403980 kB
Mem:          3.8G       3.7G       104M       5.7M        27M       3.2G

MemTotal:        4016004 kB
MemFree:          130952 kB
Active:           404160 kB
Mem:          3.8G       3.7G       127M       5.7M        27M       3.2G

MemTotal:        4016004 kB
MemFree:          117368 kB
Active:           404452 kB
Mem:          3.8G       3.7G       114M       5.7M        27M       3.2G

MemTotal:        4016004 kB
MemFree:          122248 kB
Active:           404812 kB
Mem:          3.8G       3.7G       118M       5.7M        27M       3.2G

MemTotal:        4016004 kB
MemFree:          127296 kB
Active:           404988 kB
Mem:          3.8G       3.7G       123M       5.7M        27M       3.2G

MemTotal:        4016004 kB
MemFree:          122236 kB
Active:           405136 kB
Mem:          3.8G       3.7G       119M       5.7M        27M       3.2G

MemTotal:        4016004 kB
MemFree:          109680 kB
Active:           405180 kB
Mem:          3.8G       3.7G       106M       5.7M        27M       3.2G

MemTotal:        4016004 kB
MemFree:          126752 kB
Active:           405232 kB
Mem:          3.8G       3.7G       123M       5.7M        27M       3.2G

MemTotal:        4016004 kB
MemFree:          108604 kB
Active:           405560 kB
Mem:          3.8G       3.7G       105M       5.7M        27M       3.2G

MemTotal:        4016004 kB
MemFree:          120724 kB
Active:           403904 kB
Mem:          3.8G       3.7G       117M       5.7M        27M       3.2G

MemTotal:        4016004 kB
MemFree:          124940 kB
Active:           404000 kB
Mem:          3.8G       3.7G       121M       5.7M        27M       3.2G

MemTotal:        4016004 kB
MemFree:          106588 kB
Active:           404116 kB
Mem:          3.8G       3.7G       102M       5.7M        27M       3.2G

MemTotal:        4016004 kB
MemFree:          134356 kB
Active:           404164 kB
Mem:          3.8G       3.7G       131M       5.7M        27M       3.2G

MemTotal:        4016004 kB
MemFree:          127448 kB
Active:           404420 kB
Mem:          3.8G       3.7G       123M       5.7M        27M       3.2G

MemTotal:        4016004 kB
MemFree:          129340 kB
Active:           404580 kB
Mem:          3.8G       3.7G       125M       5.7M        27M       3.2G

MemTotal:        4016004 kB
MemFree:          129628 kB
Active:           404752 kB
Mem:          3.8G       3.7G       126M       5.7M        27M       3.2G

MemTotal:        4016004 kB
MemFree:          117336 kB
Active:           404876 kB
Mem:          3.8G       3.7G       113M       5.7M        27M       3.2G

MemTotal:        4016004 kB
MemFree:          118780 kB
Active:           404992 kB
Mem:          3.8G       3.7G       115M       5.7M        27M       3.2G

MemTotal:        4016004 kB
MemFree:          129208 kB
Active:           407224 kB
Mem:          3.8G       3.7G       125M       5.7M        27M       3.2G

MemTotal:        4016004 kB
MemFree:          117292 kB
Active:           407504 kB
Mem:          3.8G       3.7G       114M       5.7M        27M       3.2G

MemTotal:        4016004 kB
MemFree:          118280 kB
Active:           407660 kB
Mem:          3.8G       3.7G       115M       5.7M        27M       3.2G

MemTotal:        4016004 kB
MemFree:          129628 kB
Active:           407892 kB
Mem:          3.8G       3.7G       125M       5.7M        27M       3.2G

MemTotal:        4016004 kB
MemFree:          128572 kB
Active:           408212 kB
Mem:          3.8G       3.7G       124M       5.7M        27M       3.2G

MemTotal:        4016004 kB
MemFree:          128708 kB
Active:           408456 kB
Mem:          3.8G       3.7G       125M       5.7M        27M       3.2G

MemTotal:        4016004 kB
MemFree:          127220 kB
Active:           408560 kB
Mem:          3.8G       3.7G       123M       5.7M        27M       3.2G

MemTotal:        4016004 kB
MemFree:          126852 kB
Active:           408556 kB
Mem:          3.8G       3.7G       123M       5.7M        27M       3.2G

MemTotal:        4016004 kB
MemFree:          117652 kB
Active:           408564 kB
Mem:          3.8G       3.7G       109M       5.7M        27M       3.2G

MemTotal:        4016004 kB
MemFree:          105400 kB
Active:           408976 kB
Mem:          3.8G       3.7G       104M       5.7M        27M       3.2G

MemTotal:        4016004 kB
MemFree:          129992 kB
Active:           409252 kB
Mem:          3.8G       3.7G       126M       5.7M        27M       3.2G

MemTotal:        4016004 kB
MemFree:          146960 kB
Active:           409472 kB
Mem:          3.8G       3.7G       142M       5.7M        27M       3.2G

MemTotal:        4016004 kB
MemFree:          146680 kB
Active:           409256 kB
Mem:          3.8G       3.7G       142M       5.7M        27M       3.2G

MemTotal:        4016004 kB
MemFree:          116240 kB
Active:           409240 kB
Mem:          3.8G       3.7G       112M       5.7M        27M       3.2G

MemTotal:        4016004 kB
MemFree:          117968 kB
Active:           409348 kB
Mem:          3.8G       3.7G       115M       5.7M        27M       3.2G

MemTotal:        4016004 kB
MemFree:          118040 kB
Active:           409532 kB
Mem:          3.8G       3.7G       115M       5.7M        27M       3.2G

MemTotal:        4016004 kB
MemFree:          112708 kB
Active:           409688 kB
Mem:          3.8G       3.7G       109M       5.7M        27M       3.2G

MemTotal:        4016004 kB
MemFree:          127604 kB
Active:           409868 kB
Mem:          3.8G       3.7G       124M       5.7M        27M       3.2G

MemTotal:        4016004 kB
MemFree:          126108 kB
Active:           410092 kB
Mem:          3.8G       3.7G       122M       5.7M        27M       3.2G

MemTotal:        4016004 kB
MemFree:          125752 kB
Active:           410256 kB
Mem:          3.8G       3.7G       122M       5.7M        27M       3.2G

MemTotal:        4016004 kB
MemFree:          135368 kB
Active:           410440 kB
Mem:          3.8G       3.7G       131M       5.7M        27M       3.2G

MemTotal:        4016004 kB
MemFree:          142020 kB
Active:           410592 kB
Mem:          3.8G       3.7G       138M       5.7M        27M       3.2G

MemTotal:        4016004 kB
MemFree:          139316 kB
Active:           410796 kB
Mem:          3.8G       3.7G       135M       5.7M        27M       3.2G

MemTotal:        4016004 kB
MemFree:          131016 kB
Active:           410980 kB
Mem:          3.8G       3.7G       127M       5.7M        27M       3.2G

MemTotal:        4016004 kB
MemFree:          118296 kB
Active:           411144 kB
Mem:          3.8G       3.7G       115M       5.7M        27M       3.2G

MemTotal:        4016004 kB
MemFree:          142436 kB
Active:           411180 kB
Mem:          3.8G       3.7G       138M       5.7M        27M       3.2G

MemTotal:        4016004 kB
MemFree:          129028 kB
Active:           411312 kB
Mem:          3.8G       3.7G       125M       5.7M        27M       3.2G

MemTotal:        4016004 kB
MemFree:          119404 kB
Active:           411556 kB
Mem:          3.8G       3.7G       115M       5.7M        27M       3.2G

MemTotal:        4016004 kB
MemFree:          116208 kB
Active:           411780 kB
Mem:          3.8G       3.7G       112M       5.7M        27M       3.2G

MemTotal:        4016004 kB
MemFree:          115592 kB
Active:           411972 kB
Mem:          3.8G       3.7G       112M       5.7M        27M       3.2G

MemTotal:        4016004 kB
MemFree:          130300 kB
Active:           412144 kB
Mem:          3.8G       3.7G       126M       5.7M        27M       3.2G

MemTotal:        4016004 kB
MemFree:          129156 kB
Active:           412236 kB
Mem:          3.8G       3.7G       125M       5.7M        27M       3.2G

MemTotal:        4016004 kB
MemFree:          124996 kB
Active:           412672 kB
Mem:          3.8G       3.7G       121M       5.7M        27M       3.2G

MemTotal:        4016004 kB
MemFree:          116368 kB
Active:           412900 kB
Mem:          3.8G       3.7G       113M       5.7M        27M       3.2G

MemTotal:        4016004 kB
MemFree:          123452 kB
Active:           413104 kB
Mem:          3.8G       3.7G       119M       5.7M        27M       3.2G

MemTotal:        4016004 kB
MemFree:          117372 kB
Active:           413324 kB
Mem:          3.8G       3.7G       114M       5.7M        27M       3.2G

MemTotal:        4016004 kB
MemFree:          118368 kB
Active:           413604 kB
Mem:          3.8G       3.7G       115M       5.7M        27M       3.2G

MemTotal:        4016004 kB
MemFree:          128100 kB
Active:           413668 kB
Mem:          3.8G       3.7G       125M       5.7M        27M       3.2G

MemTotal:        4016004 kB
MemFree:          126152 kB
Active:           413784 kB
Mem:          3.8G       3.7G       122M       5.7M        27M       3.2G

MemTotal:        4016004 kB
MemFree:          132344 kB
Active:           414032 kB
Mem:          3.8G       3.7G       127M       5.7M        27M       3.2G

MemTotal:        4016004 kB
MemFree:          131432 kB
Active:           414416 kB
Mem:          3.8G       3.7G       128M       5.7M        27M       3.2G

MemTotal:        4016004 kB
MemFree:          106492 kB
Active:           414580 kB
Mem:          3.8G       3.7G       103M       5.7M        27M       3.2G

MemTotal:        4016004 kB
MemFree:          133332 kB
Active:           414728 kB
Mem:          3.8G       3.7G       129M       5.7M        27M       3.2G

MemTotal:        4016004 kB
MemFree:          129072 kB
Active:           414940 kB
Mem:          3.8G       3.7G       133M       5.7M        27M       3.2G

MemTotal:        4016004 kB
MemFree:          129348 kB
Active:           415128 kB
Mem:          3.8G       3.7G       125M       5.7M        27M       3.2G

MemTotal:        4016004 kB
MemFree:          135948 kB
Active:           415288 kB
Mem:          3.8G       3.7G       132M       5.7M        27M       3.2G

MemTotal:        4016004 kB
MemFree:          109860 kB
Active:           415352 kB
Mem:          3.8G       3.7G       107M       5.7M        27M       3.2G

MemTotal:        4016004 kB
MemFree:          134164 kB
Active:           415508 kB
Mem:          3.8G       3.7G       131M       5.7M        27M       3.2G

MemTotal:        4016004 kB
MemFree:          126780 kB
Active:           415628 kB
Mem:          3.8G       3.7G       123M       5.7M        27M       3.2G

MemTotal:        4016004 kB
MemFree:          125692 kB
Active:           415772 kB
Mem:          3.8G       3.7G       122M       5.7M        27M       3.2G

MemTotal:        4016004 kB
MemFree:          123720 kB
Active:           416088 kB
Mem:          3.8G       3.7G       120M       5.7M        27M       3.2G

MemTotal:        4016004 kB
MemFree:          132956 kB
Active:           416312 kB
Mem:          3.8G       3.7G       129M       5.7M        27M       3.2G

MemTotal:        4016004 kB
MemFree:          125120 kB
Active:           416460 kB
Mem:          3.8G       3.7G       121M       5.7M        27M       3.2G

MemTotal:        4016004 kB
MemFree:          132444 kB
Active:           416616 kB
Mem:          3.8G       3.7G       128M       5.7M        27M       3.2G

MemTotal:        4016004 kB
MemFree:          114332 kB
Active:           416804 kB
Mem:          3.8G       3.7G       110M       5.7M        27M       3.2G

MemTotal:        4016004 kB
MemFree:          110688 kB
Active:           416988 kB
Mem:          3.8G       3.7G       107M       5.7M        27M       3.2G

MemTotal:        4016004 kB
MemFree:          124364 kB
Active:           417140 kB
Mem:          3.8G       3.7G       120M       5.7M        27M       3.2G

MemTotal:        4016004 kB
MemFree:          121668 kB
Active:           417232 kB
Mem:          3.8G       3.7G       118M       5.7M        27M       3.2G

MemTotal:        4016004 kB
MemFree:          121332 kB
Active:           417200 kB
Mem:          3.8G       3.7G       118M       5.7M        27M       3.2G

MemTotal:        4016004 kB
MemFree:          147180 kB
Active:           417188 kB
Mem:          3.8G       3.7G       142M       5.7M        27M       3.1G

MemTotal:        4016004 kB
MemFree:          122316 kB
Active:           417680 kB
Mem:          3.8G       3.7G       118M       5.7M        27M       3.2G

MemTotal:        4016004 kB
MemFree:          121236 kB
Active:           417936 kB
Mem:          3.8G       3.7G       117M       5.7M        27M       3.2G

MemTotal:        4016004 kB
MemFree:          109248 kB
Active:           418180 kB
Mem:          3.8G       3.7G       105M       5.7M        27M       3.2G

MemTotal:        4016004 kB
MemFree:          132312 kB
Active:           418368 kB
Mem:          3.8G       3.7G       129M       5.7M        27M       3.2G

MemTotal:        4016004 kB
MemFree:          110684 kB
Active:           418524 kB
Mem:          3.8G       3.7G       107M       5.7M        27M       3.2G

MemTotal:        4016004 kB
MemFree:          142996 kB
Active:           418616 kB
Mem:          3.8G       3.7G       139M       5.7M        27M       3.1G

MemTotal:        4016004 kB
MemFree:          118824 kB
Active:           418648 kB
Mem:          3.8G       3.7G       115M       5.7M        27M       3.2G

MemTotal:        4016004 kB
MemFree:          117436 kB
Active:           419940 kB
Mem:          3.8G       3.7G       114M       5.7M        27M       3.2G

MemTotal:        4016004 kB
MemFree:          111260 kB
Active:           420264 kB
Mem:          3.8G       3.7G       108M       5.7M        27M       3.2G

MemTotal:        4016004 kB
MemFree:          125904 kB
Active:           420552 kB
Mem:          3.8G       3.7G       122M       5.7M        27M       3.2G

MemTotal:        4016004 kB
MemFree:          110624 kB
Active:           420732 kB
Mem:          3.8G       3.7G       107M       5.7M        27M       3.2G

MemTotal:        4016004 kB
MemFree:          111444 kB
Active:           420840 kB
Mem:          3.8G       3.7G       108M       5.7M        27M       3.2G

MemTotal:        4016004 kB
MemFree:          127956 kB
Active:           420980 kB
Mem:          3.8G       3.7G       124M       5.7M        27M       3.2G

MemTotal:        4016004 kB
MemFree:          133792 kB
Active:           421260 kB
Mem:          3.8G       3.7G       130M       5.7M        27M       3.2G

MemTotal:        4016004 kB
MemFree:          126044 kB
Active:           421460 kB
Mem:          3.8G       3.7G       122M       5.7M        27M       3.2G

MemTotal:        4016004 kB
MemFree:          116400 kB
Active:           421584 kB
Mem:          3.8G       3.7G       112M       5.7M        27M       3.2G

MemTotal:        4016004 kB
MemFree:          127612 kB
Active:           421628 kB
Mem:          3.8G       3.7G       124M       5.7M        27M       3.2G

MemTotal:        4016004 kB
MemFree:          112408 kB
Active:           421548 kB
Mem:          3.8G       3.7G       109M       5.7M        28M       3.2G

MemTotal:        4016004 kB
MemFree:          123840 kB
Active:           422028 kB
Mem:          3.8G       3.7G       120M       5.7M        28M       3.2G

MemTotal:        4016004 kB
MemFree:          133520 kB
Active:           422212 kB
Mem:          3.8G       3.7G       130M       5.7M        28M       3.2G

MemTotal:        4016004 kB
MemFree:          132676 kB
Active:           422264 kB
Mem:          3.8G       3.7G       129M       5.7M        28M       3.2G

MemTotal:        4016004 kB
MemFree:          136692 kB
Active:           422276 kB
Mem:          3.8G       3.7G       133M       5.7M        28M       3.2G

MemTotal:        4016004 kB
MemFree:          122692 kB
Active:           422648 kB
Mem:          3.8G       3.7G       119M       5.7M        28M       3.2G

MemTotal:        4016004 kB
MemFree:          133472 kB
Active:           422872 kB
Mem:          3.8G       3.7G       129M       5.7M        28M       3.2G

MemTotal:        4016004 kB
MemFree:          144556 kB
Active:           423040 kB
Mem:          3.8G       3.7G       147M       5.7M        28M       3.1G

MemTotal:        4016004 kB
MemFree:          110220 kB
Active:           423208 kB
Mem:          3.8G       3.7G       106M       5.7M        28M       3.2G

MemTotal:        4016004 kB
MemFree:          115148 kB
Active:           423372 kB
Mem:          3.8G       3.7G       111M       5.7M        28M       3.2G

MemTotal:        4016004 kB
MemFree:          141992 kB
Active:           423780 kB
Mem:          3.8G       3.7G       137M       5.7M        28M       3.1G

MemTotal:        4016004 kB
MemFree:          135376 kB
Active:           424012 kB
Mem:          3.8G       3.7G       131M       5.7M        28M       3.2G

MemTotal:        4016004 kB
MemFree:          143872 kB
Active:           424212 kB
Mem:          3.8G       3.7G       140M       5.7M        28M       3.1G

MemTotal:        4016004 kB
MemFree:          114128 kB
Active:           424352 kB
Mem:          3.8G       3.7G       110M       5.7M        28M       3.2G

MemTotal:        4016004 kB
MemFree:          106752 kB
Active:           424436 kB
Mem:          3.8G       3.7G       103M       5.7M        28M       3.2G

MemTotal:        4016004 kB
MemFree:          128752 kB
Active:           424600 kB
Mem:          3.8G       3.7G       125M       5.7M        28M       3.2G

MemTotal:        4016004 kB
MemFree:          116816 kB
Active:           424800 kB
Mem:          3.8G       3.7G       113M       5.7M        28M       3.2G

MemTotal:        4016004 kB
MemFree:          117372 kB
Active:           425032 kB
Mem:          3.8G       3.7G       114M       5.7M        28M       3.2G

MemTotal:        4016004 kB
MemFree:          116320 kB
Active:           425176 kB
Mem:          3.8G       3.7G       113M       5.7M        28M       3.2G

MemTotal:        4016004 kB
MemFree:          130488 kB
Active:           425164 kB
Mem:          3.8G       3.7G       127M       5.7M        28M       3.2G

MemTotal:        4016004 kB
MemFree:          108952 kB
Active:           425336 kB
Mem:          3.8G       3.7G       105M       5.7M        28M       3.2G

MemTotal:        4016004 kB
MemFree:          135948 kB
Active:           425640 kB
Mem:          3.8G       3.7G       132M       5.7M        28M       3.2G

MemTotal:        4016004 kB
MemFree:          135652 kB
Active:           425900 kB
Mem:          3.8G       3.7G       131M       5.7M        28M       3.2G

MemTotal:        4016004 kB
MemFree:          128392 kB
Active:           426148 kB
Mem:          3.8G       3.7G       125M       5.7M        28M       3.2G

MemTotal:        4016004 kB
MemFree:          133560 kB
Active:           426368 kB
Mem:          3.8G       3.7G       129M       5.7M        28M       3.2G

MemTotal:        4016004 kB
MemFree:          118972 kB
Active:           426512 kB
Mem:          3.8G       3.7G       115M       5.7M        28M       3.2G

MemTotal:        4016004 kB
MemFree:          128432 kB
Active:           426588 kB
Mem:          3.8G       3.7G       125M       5.7M        28M       3.2G

MemTotal:        4016004 kB
MemFree:          121772 kB
Active:           426792 kB
Mem:          3.8G       3.7G       118M       5.7M        28M       3.2G

MemTotal:        4016004 kB
MemFree:          142244 kB
Active:           427140 kB
Mem:          3.8G       3.7G       138M       5.7M        28M       3.1G

MemTotal:        4016004 kB
MemFree:          142708 kB
Active:           427352 kB
Mem:          3.8G       3.7G       139M       5.7M        28M       3.1G

MemTotal:        4016004 kB
MemFree:          107836 kB
Active:           427488 kB
Mem:          3.8G       3.7G       105M       5.7M        28M       3.2G

MemTotal:        4016004 kB
MemFree:          123468 kB
Active:           427648 kB
Mem:          3.8G       3.7G       120M       5.7M        28M       3.2G

MemTotal:        4016004 kB
MemFree:          110408 kB
Active:           427904 kB
Mem:          3.8G       3.7G       106M       5.7M        28M       3.2G

MemTotal:        4016004 kB
MemFree:          111200 kB
Active:           428072 kB
Mem:          3.8G       3.7G       108M       5.7M        28M       3.2G

MemTotal:        4016004 kB
MemFree:          124752 kB
Active:           428220 kB
Mem:          3.8G       3.7G       121M       5.7M        28M       3.2G

MemTotal:        4016004 kB
MemFree:          106708 kB
Active:           428308 kB
Mem:          3.8G       3.7G       103M       5.7M        28M       3.2G

MemTotal:        4016004 kB
MemFree:          121592 kB
Active:           428376 kB
Mem:          3.8G       3.7G       118M       5.7M        28M       3.2G

MemTotal:        4016004 kB
MemFree:          121432 kB
Active:           428520 kB
Mem:          3.8G       3.7G       117M       5.7M        28M       3.2G

MemTotal:        4016004 kB
MemFree:          125844 kB
Active:           428916 kB
Mem:          3.8G       3.7G       122M       5.7M        28M       3.2G

MemTotal:        4016004 kB
MemFree:          129636 kB
Active:           429152 kB
Mem:          3.8G       3.7G       126M       5.7M        28M       3.2G

MemTotal:        4016004 kB
MemFree:          135452 kB
Active:           429236 kB
Mem:          3.8G       3.7G       131M       5.7M        28M       3.1G

MemTotal:        4016004 kB
MemFree:          132500 kB
Active:           429476 kB
Mem:          3.8G       3.7G       128M       5.7M        28M       3.2G

MemTotal:        4016004 kB
MemFree:          130996 kB
Active:           429632 kB
Mem:          3.8G       3.7G       127M       5.7M        28M       3.2G

MemTotal:        4016004 kB
MemFree:          132604 kB
Active:           429836 kB
Mem:          3.8G       3.7G       129M       5.7M        28M       3.2G

MemTotal:        4016004 kB
MemFree:          117228 kB
Active:           430008 kB
Mem:          3.8G       3.7G       113M       5.7M        28M       3.2G

MemTotal:        4016004 kB
MemFree:          113176 kB
Active:           430148 kB
Mem:          3.8G       3.7G       110M       5.7M        28M       3.2G

MemTotal:        4016004 kB
MemFree:          105208 kB
Active:           430328 kB
Mem:          3.8G       3.7G       102M       5.7M        28M       3.2G

MemTotal:        4016004 kB
MemFree:          107848 kB
Active:           430536 kB
Mem:          3.8G       3.7G       104M       5.7M        28M       3.2G

MemTotal:        4016004 kB
MemFree:          121732 kB
Active:           430720 kB
Mem:          3.8G       3.7G       118M       5.7M        28M       3.2G

MemTotal:        4016004 kB
MemFree:          105580 kB
Active:           430820 kB
Mem:          3.8G       3.7G       102M       5.7M        28M       3.2G

MemTotal:        4016004 kB
MemFree:          117148 kB
Active:           431392 kB
Mem:          3.8G       3.7G       113M       5.7M        28M       3.2G

MemTotal:        4016004 kB
MemFree:          112540 kB
Active:           431652 kB
Mem:          3.8G       3.7G       109M       5.7M        28M       3.2G

MemTotal:        4016004 kB
MemFree:          125852 kB
Active:           432776 kB
Mem:          3.8G       3.7G       122M       5.7M        28M       3.2G

MemTotal:        4016004 kB
MemFree:          126736 kB
Active:           433032 kB
Mem:          3.8G       3.7G       122M       5.7M        28M       3.2G

MemTotal:        4016004 kB
MemFree:          124024 kB
Active:           433172 kB
Mem:          3.8G       3.7G       120M       5.7M        28M       3.2G

MemTotal:        4016004 kB
MemFree:          126848 kB
Active:           433432 kB
Mem:          3.8G       3.7G       123M       5.7M        28M       3.2G

MemTotal:        4016004 kB
MemFree:          131960 kB
Active:           433616 kB
Mem:          3.8G       3.7G       128M       5.7M        28M       3.2G

MemTotal:        4016004 kB
MemFree:          119664 kB
Active:           433784 kB
Mem:          3.8G       3.7G       116M       5.7M        28M       3.2G

MemTotal:        4016004 kB
MemFree:          119232 kB
Active:           433780 kB
Mem:          3.8G       3.7G       116M       5.7M        28M       3.2G

MemTotal:        4016004 kB
MemFree:          118880 kB
Active:           433800 kB
Mem:          3.8G       3.7G       115M       5.7M        28M       3.2G

MemTotal:        4016004 kB
MemFree:          120540 kB
Active:           434316 kB
Mem:          3.8G       3.7G       116M       5.7M        28M       3.2G

MemTotal:        4016004 kB
MemFree:          118992 kB
Active:           434552 kB
Mem:          3.8G       3.7G       115M       5.7M        28M       3.2G

MemTotal:        4016004 kB
MemFree:          114052 kB
Active:           434760 kB
Mem:          3.8G       3.7G       110M       5.7M        28M       3.2G

MemTotal:        4016004 kB
MemFree:          106368 kB
Active:           434968 kB
Mem:          3.8G       3.7G       102M       5.7M        28M       3.2G

MemTotal:        4016004 kB
MemFree:          110100 kB
Active:           435156 kB
Mem:          3.8G       3.7G       106M       5.7M        28M       3.2G

MemTotal:        4016004 kB
MemFree:          116068 kB
Active:           435236 kB
Mem:          3.8G       3.7G       113M       5.7M        28M       3.2G

MemTotal:        4016004 kB
MemFree:          126780 kB
Active:           435812 kB
Mem:          3.8G       3.7G       123M       5.7M        28M       3.2G

MemTotal:        4016004 kB
MemFree:          104916 kB
Active:           436048 kB
Mem:          3.8G       3.7G       117M       5.7M        28M       3.2G

MemTotal:        4016004 kB
MemFree:          132644 kB
Active:           436180 kB
Mem:          3.8G       3.7G       129M       5.7M        28M       3.1G

MemTotal:        4016004 kB
MemFree:          110344 kB
Active:           436236 kB
Mem:          3.8G       3.7G       107M       5.7M        28M       3.2G

MemTotal:        4016004 kB
MemFree:          122080 kB
Active:           436324 kB
Mem:          3.8G       3.7G       118M       5.7M        28M       3.2G

MemTotal:        4016004 kB
MemFree:          113392 kB
Active:           436644 kB
Mem:          3.8G       3.7G       110M       5.7M        28M       3.2G

MemTotal:        4016004 kB
MemFree:          104676 kB
Active:           436924 kB
Mem:          3.8G       3.7G       110M       5.7M        28M       3.2G

MemTotal:        4016004 kB
MemFree:          134916 kB
Active:           437048 kB
Mem:          3.8G       3.7G       131M       5.7M        28M       3.1G

MemTotal:        4016004 kB
MemFree:          109640 kB
Active:           437112 kB
Mem:          3.8G       3.7G       107M       5.7M        28M       3.2G

MemTotal:        4016004 kB
MemFree:          123376 kB
Active:           437216 kB
Mem:          3.8G       3.7G       119M       5.7M        28M       3.2G

MemTotal:        4016004 kB
MemFree:          124716 kB
Active:           437420 kB
Mem:          3.8G       3.7G       121M       5.7M        28M       3.2G

MemTotal:        4016004 kB
MemFree:          123588 kB
Active:           437704 kB
Mem:          3.8G       3.7G       120M       5.7M        28M       3.2G

MemTotal:        4016004 kB
MemFree:          119516 kB
Active:           437936 kB
Mem:          3.8G       3.7G       116M       5.7M        28M       3.2G

MemTotal:        4016004 kB
MemFree:          107704 kB
Active:           438060 kB
Mem:          3.8G       3.7G       123M       5.7M        28M       3.2G

MemTotal:        4016004 kB
MemFree:          108688 kB
Active:           438212 kB
Mem:          3.8G       3.7G       105M       5.7M        28M       3.2G

MemTotal:        4016004 kB
MemFree:          118888 kB
Active:           438328 kB
Mem:          3.8G       3.7G       115M       5.7M        28M       3.2G

MemTotal:        4016004 kB
MemFree:          133152 kB
Active:           438452 kB
Mem:          3.8G       3.7G       129M       5.7M        28M       3.1G

MemTotal:        4016004 kB
MemFree:          134612 kB
Active:           438760 kB
Mem:          3.8G       3.7G       130M       5.7M        28M       3.1G

MemTotal:        4016004 kB
MemFree:          142832 kB
Active:           438948 kB
Mem:          3.8G       3.7G       139M       5.7M        28M       3.1G

MemTotal:        4016004 kB
MemFree:          141380 kB
Active:           438980 kB
Mem:          3.8G       3.7G       138M       5.7M        28M       3.1G

MemTotal:        4016004 kB
MemFree:          141136 kB
Active:           439016 kB
Mem:          3.8G       3.7G       137M       5.7M        28M       3.1G

MemTotal:        4016004 kB
MemFree:          137228 kB
Active:           439304 kB
Mem:          3.8G       3.7G       133M       5.7M        28M       3.1G

MemTotal:        4016004 kB
MemFree:          128188 kB
Active:           439552 kB
Mem:          3.8G       3.7G       123M       5.7M        28M       3.2G

MemTotal:        4016004 kB
MemFree:          134384 kB
Active:           439796 kB
Mem:          3.8G       3.7G       130M       5.7M        28M       3.1G

MemTotal:        4016004 kB
MemFree:          119448 kB
Active:           439976 kB
Mem:          3.8G       3.7G       116M       5.7M        28M       3.2G

MemTotal:        4016004 kB
MemFree:          123256 kB
Active:           440116 kB
Mem:          3.8G       3.7G       119M       5.7M        28M       3.2G

MemTotal:        4016004 kB
MemFree:          117228 kB
Active:           440312 kB
Mem:          3.8G       3.7G       113M       5.7M        28M       3.2G

MemTotal:        4016004 kB
MemFree:          106356 kB
Active:           440480 kB
Mem:          3.8G       3.7G       103M       5.7M        28M       3.2G

MemTotal:        4016004 kB
MemFree:          131108 kB
Active:           440664 kB
Mem:          3.8G       3.7G       127M       5.7M        28M       3.1G

MemTotal:        4016004 kB
MemFree:          123040 kB
Active:           440840 kB
Mem:          3.8G       3.7G       119M       5.7M        28M       3.2G

MemTotal:        4016004 kB
MemFree:          106836 kB
Active:           441024 kB
Mem:          3.8G       3.7G       104M       5.7M        28M       3.2G

MemTotal:        4016004 kB
MemFree:          126032 kB
Active:           441160 kB
Mem:          3.8G       3.7G       122M       5.7M        28M       3.2G

MemTotal:        4016004 kB
MemFree:          124976 kB
Active:           441252 kB
Mem:          3.8G       3.7G       121M       5.7M        28M       3.2G

MemTotal:        4016004 kB
MemFree:          108060 kB
Active:           441340 kB
Mem:          3.8G       3.7G       105M       5.7M        28M       3.2G

MemTotal:        4016004 kB
MemFree:          143816 kB
Active:           441540 kB
Mem:          3.8G       3.7G       139M       5.7M        28M       3.1G

MemTotal:        4016004 kB
MemFree:          132684 kB
Active:           441784 kB
Mem:          3.8G       3.7G       128M       5.7M        28M       3.1G

MemTotal:        4016004 kB
MemFree:          130688 kB
Active:           441936 kB
Mem:          3.8G       3.7G       127M       5.7M        28M       3.1G

MemTotal:        4016004 kB
MemFree:          136716 kB
Active:           441888 kB
Mem:          3.8G       3.7G       132M       5.7M        28M       3.1G

MemTotal:        4016004 kB
MemFree:          123832 kB
Active:           442228 kB
Mem:          3.8G       3.7G       120M       5.7M        28M       3.2G

MemTotal:        4016004 kB
MemFree:          144440 kB
Active:           442476 kB
Mem:          3.8G       3.7G       140M       5.7M        28M       3.1G

MemTotal:        4016004 kB
MemFree:          125000 kB
Active:           442728 kB
Mem:          3.8G       3.7G       121M       5.7M        28M       3.2G

MemTotal:        4016004 kB
MemFree:          107336 kB
Active:           442948 kB
Mem:          3.8G       3.7G       104M       5.7M        28M       3.2G

MemTotal:        4016004 kB
MemFree:          110108 kB
Active:           443116 kB
Mem:          3.8G       3.7G       107M       5.7M        28M       3.2G

MemTotal:        4016004 kB
MemFree:          132592 kB
Active:           443204 kB
Mem:          3.8G       3.7G       129M       5.7M        28M       3.1G

MemTotal:        4016004 kB
MemFree:          109604 kB
Active:           443364 kB
Mem:          3.8G       3.7G       106M       5.7M        28M       3.2G

MemTotal:        4016004 kB
MemFree:          147752 kB
Active:           443492 kB
Mem:          3.8G       3.7G       125M       5.7M        28M       3.1G

MemTotal:        4016004 kB
MemFree:          120884 kB
Active:           443980 kB
Mem:          3.8G       3.7G       117M       5.7M        28M       3.2G

MemTotal:        4016004 kB
MemFree:          110456 kB
Active:           444232 kB
Mem:          3.8G       3.7G       107M       5.7M        28M       3.2G

MemTotal:        4016004 kB
MemFree:          126096 kB
Active:           444372 kB
Mem:          3.8G       3.7G       122M       5.7M        28M       3.2G

MemTotal:        4016004 kB
MemFree:          136700 kB
Active:           444508 kB
Mem:          3.8G       3.7G       132M       5.7M        28M       3.1G

MemTotal:        4016004 kB
MemFree:          133808 kB
Active:           444660 kB
Mem:          3.8G       3.7G       130M       5.7M        28M       3.1G

MemTotal:        4016004 kB
MemFree:          129072 kB
Active:           444904 kB
Mem:          3.8G       3.7G       134M       5.7M        28M       3.1G

MemTotal:        4016004 kB
MemFree:          123184 kB
Active:           445136 kB
Mem:          3.8G       3.7G       120M       5.7M        28M       3.2G

MemTotal:        4016004 kB
MemFree:          119640 kB
Active:           445276 kB
Mem:          3.8G       3.7G       116M       5.7M        28M       3.2G

MemTotal:        4016004 kB
MemFree:          127192 kB
Active:           445396 kB
Mem:          3.8G       3.7G       123M       5.7M        28M       3.1G

MemTotal:        4016004 kB
MemFree:          108680 kB
Active:           445732 kB
Mem:          3.8G       3.7G       106M       5.7M        28M       3.2G

MemTotal:        4016004 kB
MemFree:          106764 kB
Active:           445996 kB
Mem:          3.8G       3.7G       104M       5.7M        28M       3.2G

MemTotal:        4016004 kB
MemFree:          112044 kB
Active:           446196 kB
Mem:          3.8G       3.7G       108M       5.7M        28M       3.2G

MemTotal:        4016004 kB
MemFree:          107088 kB
Active:           446416 kB
Mem:          3.8G       3.7G       102M       5.7M        28M       3.2G

MemTotal:        4016004 kB
MemFree:          132036 kB
Active:           446476 kB
Mem:          3.8G       3.7G       128M       5.7M        28M       3.1G

MemTotal:        4016004 kB
MemFree:          121128 kB
Active:           446636 kB
Mem:          3.8G       3.7G       118M       5.7M        28M       3.2G

MemTotal:        4016004 kB
MemFree:          131416 kB
Active:           446816 kB
Mem:          3.8G       3.7G       127M       5.7M        28M       3.1G

MemTotal:        4016004 kB
MemFree:          117428 kB
Active:           446944 kB
Mem:          3.8G       3.7G       114M       5.7M        28M       3.2G

MemTotal:        4016004 kB
MemFree:          123024 kB
Active:           447032 kB
Mem:          3.8G       3.7G       119M       5.7M        28M       3.2G

MemTotal:        4016004 kB
MemFree:          118048 kB
Active:           447184 kB
Mem:          3.8G       3.7G       114M       5.7M        28M       3.2G

MemTotal:        4016004 kB
MemFree:          130592 kB
Active:           447372 kB
Mem:          3.8G       3.7G       126M       5.7M        28M       3.1G

MemTotal:        4016004 kB
MemFree:          126572 kB
Active:           447788 kB
Mem:          3.8G       3.7G       123M       5.7M        28M       3.1G

MemTotal:        4016004 kB
MemFree:          140948 kB
Active:           448080 kB
Mem:          3.8G       3.7G       137M       5.7M        28M       3.1G

MemTotal:        4016004 kB
MemFree:          113008 kB
Active:           448240 kB
Mem:          3.8G       3.7G       109M       5.7M        28M       3.2G

MemTotal:        4016004 kB
MemFree:          113180 kB
Active:           448368 kB
Mem:          3.8G       3.7G       110M       5.7M        28M       3.2G

MemTotal:        4016004 kB
MemFree:          124464 kB
Active:           448520 kB
Mem:          3.8G       3.7G       121M       5.7M        28M       3.1G

MemTotal:        4016004 kB
MemFree:          140700 kB
Active:           448776 kB
Mem:          3.8G       3.7G       136M       5.7M        28M       3.1G

MemTotal:        4016004 kB
MemFree:          132640 kB
Active:           449016 kB
Mem:          3.8G       3.7G       129M       5.7M        28M       3.1G

MemTotal:        4016004 kB
MemFree:          125232 kB
Active:           449120 kB
Mem:          3.8G       3.7G       121M       5.7M        28M       3.1G

MemTotal:        4016004 kB
MemFree:          125612 kB
Active:           449532 kB
Mem:          3.8G       3.7G       122M       5.7M        28M       3.1G

MemTotal:        4016004 kB
MemFree:          124680 kB
Active:           448912 kB
Mem:          3.8G       3.7G       121M       5.7M        28M       3.1G

MemTotal:        4016004 kB
MemFree:          120608 kB
Active:           449108 kB
Mem:          3.8G       3.7G       116M       5.7M        28M       3.2G

MemTotal:        4016004 kB
MemFree:          129984 kB
Active:           449260 kB
Mem:          3.8G       3.7G       126M       5.7M        28M       3.1G

MemTotal:        4016004 kB
MemFree:          116060 kB
Active:           449432 kB
Mem:          3.8G       3.7G       112M       5.7M        28M       3.2G

MemTotal:        4016004 kB
MemFree:          107580 kB
Active:           449572 kB
Mem:          3.8G       3.7G       104M       5.7M        28M       3.2G

MemTotal:        4016004 kB
MemFree:          124396 kB
Active:           449756 kB
Mem:          3.8G       3.7G       120M       5.7M        28M       3.1G

MemTotal:        4016004 kB
MemFree:          122716 kB
Active:           449960 kB
Mem:          3.8G       3.7G       119M       5.7M        28M       3.1G

MemTotal:        4016004 kB
MemFree:          147016 kB
Active:           450156 kB
Mem:          3.8G       3.7G       143M       5.7M        28M       3.1G

MemTotal:        4016004 kB
MemFree:          132336 kB
Active:           450268 kB
Mem:          3.8G       3.7G       129M       5.7M        28M       3.1G

MemTotal:        4016004 kB
MemFree:          975568 kB
Active:           428088 kB
Mem:          3.8G       2.9G       953M       5.7M        28M       2.3G

MemTotal:        4016004 kB
MemFree:         3366616 kB
Active:           358952 kB
Mem:          3.8G       633M       3.2G       5.7M        28M       185M

MemTotal:        4016004 kB
MemFree:         3368692 kB
Active:           357804 kB
Mem:          3.8G       632M       3.2G       5.7M        28M       184M

MemTotal:        4016004 kB
MemFree:         3368584 kB
Active:           357804 kB
Mem:          3.8G       632M       3.2G       5.7M        28M       184M

MemTotal:        4016004 kB
MemFree:         3369180 kB
Active:           357764 kB
Mem:          3.8G       631M       3.2G       5.7M        28M       184M

MemTotal:        4016004 kB
MemFree:         3369848 kB
Active:           357796 kB
Mem:          3.8G       630M       3.2G       5.7M        28M       184M

MemTotal:        4016004 kB
MemFree:         3369956 kB
Active:           357816 kB
Mem:          3.8G       631M       3.2G       5.7M        28M       184M

MemTotal:        4016004 kB
MemFree:         3369956 kB
Active:           357792 kB
Mem:          3.8G       631M       3.2G       5.7M        28M       184M

MemTotal:        4016004 kB
MemFree:         3369708 kB
Active:           357768 kB
Mem:          3.8G       630M       3.2G       5.7M        28M       184M

MemTotal:        4016004 kB
MemFree:         3369832 kB
Active:           357760 kB
Mem:          3.8G       630M       3.2G       5.7M        28M       184M

MemTotal:        4016004 kB
MemFree:         3370080 kB
Active:           357780 kB
Mem:          3.8G       630M       3.2G       5.7M        28M       184M

MemTotal:        4016004 kB
MemFree:         3370080 kB
Active:           357812 kB
Mem:          3.8G       630M       3.2G       5.7M        28M       184M

MemTotal:        4016004 kB
MemFree:         3369708 kB
Active:           357808 kB
Mem:          3.8G       631M       3.2G       5.7M        28M       184M

MemTotal:        4016004 kB
MemFree:         3369708 kB
Active:           357776 kB
Mem:          3.8G       631M       3.2G       5.7M        28M       184M

MemTotal:        4016004 kB
MemFree:         3369708 kB
Active:           357832 kB
Mem:          3.8G       631M       3.2G       5.7M        28M       184M

MemTotal:        4016004 kB
MemFree:         3369708 kB
Active:           357828 kB
Mem:          3.8G       631M       3.2G       5.7M        28M       184M

MemTotal:        4016004 kB
MemFree:         3369708 kB
Active:           357832 kB
Mem:          3.8G       631M       3.2G       5.7M        28M       184M

MemTotal:        4016004 kB
MemFree:         3369336 kB
Active:           357832 kB
Mem:          3.8G       631M       3.2G       5.7M        28M       184M

MemTotal:        4016004 kB
MemFree:         3370080 kB
Active:           357792 kB
Mem:          3.8G       630M       3.2G       5.7M        28M       184M

MemTotal:        4016004 kB
MemFree:         3370080 kB
Active:           357820 kB
Mem:          3.8G       631M       3.2G       5.7M        28M       184M

MemTotal:        4016004 kB
MemFree:         3369708 kB
Active:           357840 kB
Mem:          3.8G       631M       3.2G       5.7M        28M       184M

MemTotal:        4016004 kB
MemFree:         3369832 kB
Active:           357844 kB
Mem:          3.8G       630M       3.2G       5.7M        28M       184M

MemTotal:        4016004 kB
MemFree:         3369832 kB
Active:           357800 kB
Mem:          3.8G       631M       3.2G       5.7M        28M       184M

MemTotal:        4016004 kB
MemFree:         3369956 kB
Active:           357792 kB
Mem:          3.8G       631M       3.2G       5.7M        28M       184M

MemTotal:        4016004 kB
MemFree:         3369832 kB
Active:           357808 kB
Mem:          3.8G       630M       3.2G       5.7M        28M       184M

MemTotal:        4016004 kB
MemFree:         3369584 kB
Active:           357844 kB
Mem:          3.8G       631M       3.2G       5.7M        28M       184M

MemTotal:        4016004 kB
MemFree:         3369832 kB
Active:           357824 kB
Mem:          3.8G       631M       3.2G       5.7M        28M       184M

MemTotal:        4016004 kB
MemFree:         3369956 kB
Active:           357828 kB
Mem:          3.8G       631M       3.2G       5.7M        28M       184M

MemTotal:        4016004 kB
MemFree:         3369460 kB
Active:           357856 kB
Mem:          3.8G       631M       3.2G       5.7M        28M       184M

MemTotal:        4016004 kB
MemFree:         3368716 kB
Active:           357856 kB
Mem:          3.8G       631M       3.2G       5.7M        28M       184M

MemTotal:        4016004 kB
MemFree:         3368964 kB
Active:           357844 kB
Mem:          3.8G       631M       3.2G       5.7M        28M       184M

MemTotal:        4016004 kB
MemFree:         3368840 kB
Active:           357832 kB
Mem:          3.8G       632M       3.2G       5.7M        28M       184M

MemTotal:        4016004 kB
MemFree:         3368840 kB
Active:           357832 kB
Mem:          3.8G       631M       3.2G       5.7M        28M       184M

MemTotal:        4016004 kB
MemFree:         3368840 kB
Active:           357828 kB
Mem:          3.8G       631M       3.2G       5.7M        28M       184M

MemTotal:        4016004 kB
MemFree:         3368468 kB
Active:           357864 kB
Mem:          3.8G       632M       3.2G       5.7M        28M       184M

MemTotal:        4016004 kB
MemFree:         3369584 kB
Active:           357824 kB
Mem:          3.8G       631M       3.2G       5.7M        28M       184M

MemTotal:        4016004 kB
MemFree:         3369708 kB
Active:           357848 kB
Mem:          3.8G       631M       3.2G       5.7M        28M       184M

MemTotal:        4016004 kB
MemFree:         3369708 kB
Active:           357820 kB
Mem:          3.8G       631M       3.2G       5.7M        28M       184M

MemTotal:        4016004 kB
MemFree:         3369708 kB
Active:           357844 kB
Mem:          3.8G       631M       3.2G       5.7M        28M       184M

MemTotal:        4016004 kB
MemFree:         3369708 kB
Active:           357856 kB
Mem:          3.8G       631M       3.2G       5.7M        28M       184M

MemTotal:        4016004 kB
MemFree:         3369708 kB
Active:           357808 kB
Mem:          3.8G       631M       3.2G       5.7M        28M       184M

MemTotal:        4016004 kB
MemFree:         3369460 kB
Active:           357840 kB
Mem:          3.8G       631M       3.2G       5.7M        28M       184M

MemTotal:        4016004 kB
MemFree:         3369584 kB
Active:           357836 kB
Mem:          3.8G       631M       3.2G       5.7M        28M       184M

MemTotal:        4016004 kB
MemFree:         3369584 kB
Active:           357852 kB
Mem:          3.8G       631M       3.2G       5.7M        28M       184M

MemTotal:        4016004 kB
MemFree:         3369336 kB
Active:           357852 kB
Mem:          3.8G       631M       3.2G       5.7M        28M       184M

MemTotal:        4016004 kB
MemFree:         3369336 kB
Active:           357864 kB
Mem:          3.8G       631M       3.2G       5.7M        28M       184M

MemTotal:        4016004 kB
MemFree:         3369336 kB
Active:           357832 kB
Mem:          3.8G       631M       3.2G       5.7M        28M       184M

MemTotal:        4016004 kB
MemFree:         3369336 kB
Active:           357864 kB
Mem:          3.8G       631M       3.2G       5.7M        28M       184M

MemTotal:        4016004 kB
MemFree:         3369336 kB
Active:           357844 kB
Mem:          3.8G       631M       3.2G       5.7M        28M       184M

MemTotal:        4016004 kB
MemFree:         3369460 kB
Active:           357880 kB
Mem:          3.8G       631M       3.2G       5.7M        28M       184M

MemTotal:        4016004 kB
MemFree:         3369708 kB
Active:           357872 kB
Mem:          3.8G       631M       3.2G       5.7M        28M       184M

MemTotal:        4016004 kB
MemFree:         3369584 kB
Active:           357876 kB
Mem:          3.8G       631M       3.2G       5.7M        28M       184M

MemTotal:        4016004 kB
MemFree:         3369956 kB
Active:           357864 kB
Mem:          3.8G       631M       3.2G       5.7M        28M       184M

MemTotal:        4016004 kB
MemFree:         3370080 kB
Active:           357888 kB
Mem:          3.8G       631M       3.2G       5.7M        28M       184M

MemTotal:        4016004 kB
MemFree:         3369336 kB
Active:           357904 kB
Mem:          3.8G       631M       3.2G       5.7M        28M       184M

MemTotal:        4016004 kB
MemFree:         3369956 kB
Active:           357856 kB
Mem:          3.8G       631M       3.2G       5.7M        28M       184M

MemTotal:        4016004 kB
MemFree:         3369956 kB
Active:           357880 kB
Mem:          3.8G       631M       3.2G       5.7M        28M       184M

MemTotal:        4016004 kB
MemFree:         3369956 kB
Active:           357856 kB
Mem:          3.8G       631M       3.2G       5.7M        28M       184M

MemTotal:        4016004 kB
MemFree:         3369708 kB
Active:           357876 kB
Mem:          3.8G       630M       3.2G       5.7M        28M       184M

MemTotal:        4016004 kB
MemFree:         3370080 kB
Active:           357900 kB
Mem:          3.8G       630M       3.2G       5.7M        28M       184M

MemTotal:        4016004 kB
MemFree:         3369956 kB
Active:           357912 kB
Mem:          3.8G       631M       3.2G       5.7M        28M       184M

MemTotal:        4016004 kB
MemFree:         3369708 kB
Active:           357904 kB
Mem:          3.8G       631M       3.2G       5.7M        28M       184M

MemTotal:        4016004 kB
MemFree:         3369088 kB
Active:           357912 kB
Mem:          3.8G       631M       3.2G       5.7M        28M       184M

MemTotal:        4016004 kB
MemFree:         3368592 kB
Active:           357912 kB
Mem:          3.8G       631M       3.2G       5.7M        28M       184M

MemTotal:        4016004 kB
MemFree:         3368964 kB
Active:           357904 kB
Mem:          3.8G       631M       3.2G       5.7M        28M       184M

MemTotal:        4016004 kB
MemFree:         3369088 kB
Active:           357892 kB
Mem:          3.8G       632M       3.2G       5.7M        28M       184M

MemTotal:        4016004 kB
MemFree:         3369212 kB
Active:           357876 kB
Mem:          3.8G       631M       3.2G       5.7M        28M       184M

MemTotal:        4016004 kB
MemFree:         3369212 kB
Active:           357892 kB
Mem:          3.8G       631M       3.2G       5.7M        28M       184M

MemTotal:        4016004 kB
MemFree:         3369460 kB
Active:           357920 kB
Mem:          3.8G       631M       3.2G       5.7M        28M       184M

MemTotal:        4016004 kB
MemFree:         3369460 kB
Active:           357900 kB
Mem:          3.8G       631M       3.2G       5.7M        28M       184M

MemTotal:        4016004 kB
MemFree:         3368964 kB
Active:           357928 kB
Mem:          3.8G       631M       3.2G       5.7M        28M       184M

MemTotal:        4016004 kB
MemFree:         3369288 kB
Active:           357924 kB
Mem:          3.8G       631M       3.2G       5.7M        28M       184M

MemTotal:        4016004 kB
MemFree:         3369336 kB
Active:           357928 kB
Mem:          3.8G       631M       3.2G       5.7M        28M       184M

MemTotal:        4016004 kB
MemFree:         3369220 kB
Active:           357936 kB
