MemTotal:        4016004 kB
MemFree:         3234324 kB
Active:           426128 kB
Mem:          3.8G       763M       3.1G       5.7M        51M       321M

MemTotal:        4016004 kB
MemFree:         3235176 kB
Active:           426056 kB
Mem:          3.8G       762M       3.1G       5.7M        51M       321M

MemTotal:        4016004 kB
MemFree:         3234912 kB
Active:           426152 kB
Mem:          3.8G       762M       3.1G       5.7M        51M       321M

MemTotal:        4016004 kB
MemFree:         3235020 kB
Active:           426140 kB
Mem:          3.8G       762M       3.1G       5.7M        51M       321M

MemTotal:        4016004 kB
MemFree:         3234880 kB
Active:           426116 kB
Mem:          3.8G       762M       3.1G       5.7M        51M       321M

MemTotal:        4016004 kB
MemFree:         3235004 kB
Active:           426156 kB
Mem:          3.8G       762M       3.1G       5.7M        51M       321M

MemTotal:        4016004 kB
MemFree:         3235376 kB
Active:           426124 kB
Mem:          3.8G       762M       3.1G       5.7M        51M       321M

MemTotal:        4016004 kB
MemFree:         3235344 kB
Active:           426120 kB
Mem:          3.8G       762M       3.1G       5.7M        51M       321M

MemTotal:        4016004 kB
MemFree:         3235840 kB
Active:           426120 kB
Mem:          3.8G       761M       3.1G       5.7M        51M       321M

MemTotal:        4016004 kB
MemFree:         3235840 kB
Active:           426160 kB
Mem:          3.8G       761M       3.1G       5.7M        51M       321M

MemTotal:        4016004 kB
MemFree:         3235468 kB
Active:           426168 kB
Mem:          3.8G       762M       3.1G       5.7M        51M       321M

MemTotal:        4016004 kB
MemFree:         3235576 kB
Active:           426144 kB
Mem:          3.8G       762M       3.1G       5.7M        51M       321M

MemTotal:        4016004 kB
MemFree:         3235700 kB
Active:           426124 kB
Mem:          3.8G       762M       3.1G       5.7M        51M       321M

MemTotal:        4016004 kB
MemFree:         3235116 kB
Active:           426268 kB
Mem:          3.8G       762M       3.1G       5.7M        51M       321M

MemTotal:        4016004 kB
MemFree:         3235140 kB
Active:           426164 kB
Mem:          3.8G       762M       3.1G       5.7M        51M       321M

MemTotal:        4016004 kB
MemFree:         3235124 kB
Active:           426168 kB
Mem:          3.8G       762M       3.1G       5.7M        51M       321M

MemTotal:        4016004 kB
MemFree:         3235124 kB
Active:           426212 kB
Mem:          3.8G       762M       3.1G       5.7M        51M       321M

MemTotal:        4016004 kB
MemFree:         3235356 kB
Active:           426180 kB
Mem:          3.8G       762M       3.1G       5.7M        51M       321M

MemTotal:        4016004 kB
MemFree:         3235340 kB
Active:           426200 kB
Mem:          3.8G       762M       3.1G       5.7M        51M       321M

MemTotal:        4016004 kB
MemFree:         3235216 kB
Active:           426188 kB
Mem:          3.8G       762M       3.1G       5.7M        51M       321M

MemTotal:        4016004 kB
MemFree:         3235340 kB
Active:           426184 kB
Mem:          3.8G       762M       3.1G       5.7M        51M       321M

MemTotal:        4016004 kB
MemFree:         3235464 kB
Active:           426224 kB
Mem:          3.8G       762M       3.1G       5.7M        51M       321M

MemTotal:        4016004 kB
MemFree:         3235464 kB
Active:           426188 kB
Mem:          3.8G       762M       3.1G       5.7M        51M       321M

MemTotal:        4016004 kB
MemFree:         3235200 kB
Active:           426180 kB
Mem:          3.8G       762M       3.1G       5.7M        51M       321M

MemTotal:        4016004 kB
MemFree:         3235308 kB
Active:           426220 kB
Mem:          3.8G       762M       3.1G       5.7M        51M       321M

MemTotal:        4016004 kB
MemFree:         3235416 kB
Active:           426208 kB
Mem:          3.8G       762M       3.1G       5.7M        51M       321M

MemTotal:        4016004 kB
MemFree:         3235400 kB
Active:           426184 kB
Mem:          3.8G       762M       3.1G       5.7M        51M       321M

MemTotal:        4016004 kB
MemFree:         3235260 kB
Active:           426216 kB
Mem:          3.8G       762M       3.1G       5.7M        51M       321M

MemTotal:        4016004 kB
MemFree:         3235416 kB
Active:           426204 kB
Mem:          3.8G       762M       3.1G       5.7M        51M       321M

MemTotal:        4016004 kB
MemFree:         3235292 kB
Active:           426196 kB
Mem:          3.8G       762M       3.1G       5.7M        51M       321M

MemTotal:        4016004 kB
MemFree:         3235292 kB
Active:           426168 kB
Mem:          3.8G       762M       3.1G       5.7M        51M       321M

MemTotal:        4016004 kB
MemFree:         3235416 kB
Active:           426204 kB
Mem:          3.8G       762M       3.1G       5.7M        51M       321M

MemTotal:        4016004 kB
MemFree:         3235292 kB
Active:           426172 kB
Mem:          3.8G       762M       3.1G       5.7M        51M       321M

MemTotal:        4016004 kB
MemFree:         3235292 kB
Active:           426196 kB
Mem:          3.8G       762M       3.1G       5.7M        51M       321M

MemTotal:        4016004 kB
MemFree:         3235168 kB
Active:           426228 kB
Mem:          3.8G       762M       3.1G       5.7M        51M       321M

MemTotal:        4016004 kB
MemFree:         3235292 kB
Active:           426212 kB
Mem:          3.8G       762M       3.1G       5.7M        51M       321M

MemTotal:        4016004 kB
MemFree:         3234904 kB
Active:           426236 kB
Mem:          3.8G       762M       3.1G       5.7M        51M       321M

MemTotal:        4016004 kB
MemFree:         3235292 kB
Active:           426224 kB
Mem:          3.8G       762M       3.1G       5.7M        51M       321M

MemTotal:        4016004 kB
MemFree:         3235416 kB
Active:           426196 kB
Mem:          3.8G       762M       3.1G       5.7M        51M       321M

MemTotal:        4016004 kB
MemFree:         3235416 kB
Active:           426220 kB
Mem:          3.8G       762M       3.1G       5.7M        51M       321M

MemTotal:        4016004 kB
MemFree:         3235416 kB
Active:           426184 kB
Mem:          3.8G       762M       3.1G       5.7M        51M       321M

MemTotal:        4016004 kB
MemFree:         3235664 kB
Active:           426204 kB
Mem:          3.8G       762M       3.1G       5.7M        51M       321M

MemTotal:        4016004 kB
MemFree:         3233492 kB
Active:           426208 kB
Mem:          3.8G       764M       3.1G       5.7M        51M       321M

MemTotal:        4016004 kB
MemFree:         3233492 kB
Active:           428248 kB
Mem:          3.8G       764M       3.1G       5.7M        51M       321M

MemTotal:        4016004 kB
MemFree:         3233120 kB
Active:           428276 kB
Mem:          3.8G       764M       3.1G       5.7M        51M       321M

MemTotal:        4016004 kB
MemFree:         3233464 kB
Active:           428252 kB
Mem:          3.8G       764M       3.1G       5.7M        51M       321M

MemTotal:        4016004 kB
MemFree:         3233216 kB
Active:           428228 kB
Mem:          3.8G       764M       3.1G       5.7M        51M       321M

MemTotal:        4016004 kB
MemFree:         3232844 kB
Active:           428280 kB
Mem:          3.8G       764M       3.1G       5.7M        51M       321M

MemTotal:        4016004 kB
MemFree:         3233464 kB
Active:           428244 kB
Mem:          3.8G       764M       3.1G       5.7M        51M       321M

MemTotal:        4016004 kB
MemFree:         3233464 kB
Active:           428268 kB
Mem:          3.8G       764M       3.1G       5.7M        51M       321M

MemTotal:        4016004 kB
MemFree:         3233216 kB
Active:           428272 kB
Mem:          3.8G       764M       3.1G       5.7M        51M       321M

MemTotal:        4016004 kB
MemFree:         3232720 kB
Active:           428292 kB
Mem:          3.8G       764M       3.1G       5.7M        51M       321M

MemTotal:        4016004 kB
MemFree:         3231168 kB
Active:           428268 kB
Mem:          3.8G       766M       3.1G       5.7M        51M       321M

MemTotal:        4016004 kB
MemFree:         3231152 kB
Active:           430292 kB
Mem:          3.8G       766M       3.1G       5.7M        51M       321M

MemTotal:        4016004 kB
MemFree:         3231136 kB
Active:           430312 kB
Mem:          3.8G       766M       3.1G       5.7M        51M       321M

MemTotal:        4016004 kB
MemFree:         3231392 kB
Active:           430280 kB
Mem:          3.8G       766M       3.1G       5.7M        51M       321M

MemTotal:        4016004 kB
MemFree:         3231268 kB
Active:           430296 kB
Mem:          3.8G       766M       3.1G       5.7M        51M       321M

MemTotal:        4016004 kB
MemFree:         3231252 kB
Active:           430320 kB
Mem:          3.8G       766M       3.1G       5.7M        51M       321M

MemTotal:        4016004 kB
MemFree:         3231128 kB
Active:           430332 kB
Mem:          3.8G       766M       3.1G       5.7M        51M       321M

MemTotal:        4016004 kB
MemFree:         3231252 kB
Active:           430336 kB
Mem:          3.8G       766M       3.1G       5.7M        51M       321M

MemTotal:        4016004 kB
MemFree:         3231252 kB
Active:           430296 kB
Mem:          3.8G       766M       3.1G       5.7M        51M       321M

MemTotal:        4016004 kB
MemFree:         3230880 kB
Active:           430344 kB
Mem:          3.8G       766M       3.1G       5.7M        51M       321M

MemTotal:        4016004 kB
MemFree:         3230880 kB
Active:           430344 kB
Mem:          3.8G       766M       3.1G       5.7M        51M       321M

MemTotal:        4016004 kB
MemFree:         3230632 kB
Active:           430344 kB
Mem:          3.8G       766M       3.1G       5.7M        51M       321M

MemTotal:        4016004 kB
MemFree:         3230864 kB
Active:           430328 kB
Mem:          3.8G       766M       3.1G       5.7M        51M       321M

MemTotal:        4016004 kB
MemFree:         3231220 kB
Active:           430304 kB
Mem:          3.8G       766M       3.1G       5.7M        51M       321M

MemTotal:        4016004 kB
MemFree:         3231096 kB
Active:           430340 kB
Mem:          3.8G       766M       3.1G       5.7M        51M       321M

MemTotal:        4016004 kB
MemFree:         3231020 kB
Active:           430300 kB
Mem:          3.8G       766M       3.1G       5.7M        51M       321M

MemTotal:        4016004 kB
MemFree:         3230896 kB
Active:           430300 kB
Mem:          3.8G       766M       3.1G       5.7M        51M       321M

MemTotal:        4016004 kB
MemFree:         3230648 kB
Active:           430352 kB
Mem:          3.8G       766M       3.1G       5.7M        51M       321M

MemTotal:        4016004 kB
MemFree:         3230648 kB
Active:           430356 kB
Mem:          3.8G       766M       3.1G       5.7M        51M       321M

MemTotal:        4016004 kB
MemFree:         3230896 kB
Active:           430312 kB
Mem:          3.8G       766M       3.1G       5.7M        51M       321M

MemTotal:        4016004 kB
MemFree:         3231144 kB
Active:           430340 kB
Mem:          3.8G       766M       3.1G       5.7M        51M       321M

MemTotal:        4016004 kB
MemFree:         3231500 kB
Active:           430312 kB
Mem:          3.8G       766M       3.1G       5.7M        51M       321M

MemTotal:        4016004 kB
MemFree:         3231500 kB
Active:           430332 kB
Mem:          3.8G       766M       3.1G       5.7M        51M       321M

MemTotal:        4016004 kB
MemFree:         3231360 kB
Active:           430304 kB
Mem:          3.8G       766M       3.1G       5.7M        51M       321M

MemTotal:        4016004 kB
MemFree:         3231608 kB
Active:           430320 kB
Mem:          3.8G       766M       3.1G       5.7M        51M       321M

MemTotal:        4016004 kB
MemFree:         3230972 kB
Active:           430360 kB
Mem:          3.8G       766M       3.1G       5.7M        51M       321M

MemTotal:        4016004 kB
MemFree:         3230956 kB
Active:           430344 kB
Mem:          3.8G       766M       3.1G       5.7M        51M       321M

MemTotal:        4016004 kB
MemFree:         3231312 kB
Active:           430320 kB
Mem:          3.8G       766M       3.1G       5.7M        51M       321M

MemTotal:        4016004 kB
MemFree:         3231048 kB
Active:           430340 kB
Mem:          3.8G       766M       3.1G       5.7M        51M       321M

MemTotal:        4016004 kB
MemFree:         3230552 kB
Active:           430364 kB
Mem:          3.8G       766M       3.1G       5.7M        51M       321M

MemTotal:        4016004 kB
MemFree:         3230220 kB
Active:           428476 kB
Mem:          3.8G       766M       3.1G       5.7M        51M       321M

MemTotal:        4016004 kB
MemFree:         3230892 kB
Active:           430340 kB
Mem:          3.8G       766M       3.1G       5.7M        51M       321M

MemTotal:        4016004 kB
MemFree:         3230768 kB
Active:           430348 kB
Mem:          3.8G       766M       3.1G       5.7M        51M       321M

MemTotal:        4016004 kB
MemFree:         3230768 kB
Active:           430388 kB
Mem:          3.8G       766M       3.1G       5.7M        51M       321M

MemTotal:        4016004 kB
MemFree:         3231140 kB
Active:           430356 kB
Mem:          3.8G       766M       3.1G       5.7M        51M       321M

MemTotal:        4016004 kB
MemFree:         3231140 kB
Active:           430388 kB
Mem:          3.8G       766M       3.1G       5.7M        51M       321M

MemTotal:        4016004 kB
MemFree:         3231140 kB
Active:           430364 kB
Mem:          3.8G       766M       3.1G       5.7M        51M       321M

MemTotal:        4016004 kB
MemFree:         3230892 kB
Active:           430400 kB
Mem:          3.8G       766M       3.1G       5.7M        51M       321M

MemTotal:        4016004 kB
MemFree:         3231264 kB
Active:           430368 kB
Mem:          3.8G       766M       3.1G       5.7M        51M       321M

MemTotal:        4016004 kB
MemFree:         3231140 kB
Active:           430376 kB
Mem:          3.8G       766M       3.1G       5.7M        51M       321M

MemTotal:        4016004 kB
MemFree:         3230768 kB
Active:           430404 kB
Mem:          3.8G       766M       3.1G       5.7M        51M       321M

MemTotal:        4016004 kB
MemFree:         3231388 kB
Active:           430360 kB
Mem:          3.8G       766M       3.1G       5.7M        51M       321M

MemTotal:        4016004 kB
MemFree:         3231388 kB
Active:           430356 kB
Mem:          3.8G       766M       3.1G       5.7M        51M       321M

MemTotal:        4016004 kB
MemFree:         3231388 kB
Active:           430372 kB
Mem:          3.8G       766M       3.1G       5.7M        51M       321M

MemTotal:        4016004 kB
MemFree:         3231264 kB
Active:           430384 kB
Mem:          3.8G       766M       3.1G       5.7M        51M       321M

MemTotal:        4016004 kB
MemFree:         3231484 kB
Active:           430400 kB
Mem:          3.8G       765M       3.1G       5.7M        51M       321M

MemTotal:        4016004 kB
MemFree:         3231484 kB
Active:           430376 kB
Mem:          3.8G       765M       3.1G       5.7M        51M       321M

MemTotal:        4016004 kB
MemFree:         3231608 kB
Active:           430392 kB
Mem:          3.8G       766M       3.1G       5.7M        51M       321M

MemTotal:        4016004 kB
MemFree:         3231608 kB
Active:           430408 kB
Mem:          3.8G       765M       3.1G       5.7M        51M       321M

MemTotal:        4016004 kB
MemFree:         3231608 kB
Active:           430376 kB
Mem:          3.8G       765M       3.1G       5.7M        51M       321M

MemTotal:        4016004 kB
MemFree:         3230352 kB
Active:           428468 kB
Mem:          3.8G       767M       3.1G       5.7M        51M       321M

MemTotal:        4016004 kB
MemFree:         3230416 kB
Active:           430440 kB
Mem:          3.8G       767M       3.1G       5.7M        51M       321M

MemTotal:        4016004 kB
MemFree:         3230680 kB
Active:           430424 kB
Mem:          3.8G       767M       3.1G       5.7M        51M       321M

MemTotal:        4016004 kB
MemFree:         3230540 kB
Active:           430444 kB
Mem:          3.8G       766M       3.1G       5.7M        51M       321M

MemTotal:        4016004 kB
MemFree:         3230804 kB
Active:           430444 kB
Mem:          3.8G       766M       3.1G       5.7M        51M       321M

MemTotal:        4016004 kB
MemFree:         3231176 kB
Active:           430396 kB
Mem:          3.8G       766M       3.1G       5.7M        51M       321M

MemTotal:        4016004 kB
MemFree:         3230804 kB
Active:           430444 kB
Mem:          3.8G       766M       3.1G       5.7M        51M       321M

MemTotal:        4016004 kB
MemFree:         3230648 kB
Active:           430448 kB
Mem:          3.8G       766M       3.1G       5.7M        51M       321M

MemTotal:        4016004 kB
MemFree:         3231020 kB
Active:           430396 kB
Mem:          3.8G       766M       3.1G       5.7M        51M       321M

MemTotal:        4016004 kB
MemFree:         3231252 kB
Active:           430412 kB
Mem:          3.8G       766M       3.1G       5.7M        51M       321M

MemTotal:        4016004 kB
MemFree:         3231128 kB
Active:           430432 kB
Mem:          3.8G       766M       3.1G       5.7M        51M       321M

MemTotal:        4016004 kB
MemFree:         3231236 kB
Active:           430404 kB
Mem:          3.8G       766M       3.1G       5.7M        51M       321M

MemTotal:        4016004 kB
MemFree:         3231096 kB
Active:           430456 kB
Mem:          3.8G       766M       3.1G       5.7M        51M       321M

MemTotal:        4016004 kB
MemFree:         3230708 kB
Active:           430456 kB
Mem:          3.8G       766M       3.1G       5.7M        51M       321M

MemTotal:        4016004 kB
MemFree:         3231312 kB
Active:           430412 kB
Mem:          3.8G       766M       3.1G       5.7M        51M       321M

MemTotal:        4016004 kB
MemFree:         3231204 kB
Active:           430452 kB
Mem:          3.8G       766M       3.1G       5.7M        51M       321M

MemTotal:        4016004 kB
MemFree:         3231204 kB
Active:           430464 kB
Mem:          3.8G       766M       3.1G       5.7M        51M       321M

MemTotal:        4016004 kB
MemFree:         3230956 kB
Active:           430448 kB
Mem:          3.8G       766M       3.1G       5.7M        51M       321M

MemTotal:        4016004 kB
MemFree:         3231080 kB
Active:           430472 kB
Mem:          3.8G       766M       3.1G       5.7M        51M       321M

MemTotal:        4016004 kB
MemFree:         3231080 kB
Active:           430452 kB
Mem:          3.8G       766M       3.1G       5.7M        51M       321M

MemTotal:        4016004 kB
MemFree:         3231080 kB
Active:           430420 kB
Mem:          3.8G       766M       3.1G       5.7M        51M       321M

MemTotal:        4016004 kB
MemFree:         3231080 kB
Active:           430464 kB
Mem:          3.8G       766M       3.1G       5.7M        51M       321M

MemTotal:        4016004 kB
MemFree:         3231080 kB
Active:           430436 kB
Mem:          3.8G       766M       3.1G       5.7M        51M       321M

MemTotal:        4016004 kB
MemFree:         3231080 kB
Active:           430468 kB
Mem:          3.8G       766M       3.1G       5.7M        51M       321M

MemTotal:        4016004 kB
MemFree:         3231204 kB
Active:           430432 kB
Mem:          3.8G       766M       3.1G       5.7M        51M       321M

MemTotal:        4016004 kB
MemFree:         3231188 kB
Active:           430456 kB
Mem:          3.8G       766M       3.1G       5.7M        51M       321M

MemTotal:        4016004 kB
MemFree:         3231544 kB
Active:           430456 kB
Mem:          3.8G       765M       3.1G       5.7M        51M       321M

MemTotal:        4016004 kB
MemFree:         3231652 kB
Active:           430424 kB
Mem:          3.8G       766M       3.1G       5.7M        51M       321M

MemTotal:        4016004 kB
MemFree:         3231652 kB
Active:           430440 kB
Mem:          3.8G       765M       3.1G       5.7M        51M       321M

MemTotal:        4016004 kB
MemFree:         3231156 kB
Active:           430480 kB
Mem:          3.8G       766M       3.1G       5.7M        51M       321M

MemTotal:        4016004 kB
MemFree:         3231652 kB
Active:           430476 kB
Mem:          3.8G       766M       3.1G       5.7M        51M       321M

MemTotal:        4016004 kB
MemFree:         3231512 kB
Active:           430444 kB
Mem:          3.8G       766M       3.1G       5.7M        51M       321M

MemTotal:        4016004 kB
MemFree:         3231636 kB
Active:           430428 kB
Mem:          3.8G       766M       3.1G       5.7M        51M       321M

MemTotal:        4016004 kB
MemFree:         3231140 kB
Active:           430484 kB
Mem:          3.8G       766M       3.1G       5.7M        51M       321M

MemTotal:        4016004 kB
MemFree:         3231512 kB
Active:           430460 kB
Mem:          3.8G       766M       3.1G       5.7M        51M       321M

MemTotal:        4016004 kB
MemFree:         3231748 kB
Active:           430492 kB
Mem:          3.8G       766M       3.1G       5.7M        51M       321M

MemTotal:        4016004 kB
MemFree:         3231624 kB
Active:           430496 kB
Mem:          3.8G       766M       3.1G       5.7M        51M       321M

MemTotal:        4016004 kB
MemFree:         3231128 kB
Active:           430508 kB
Mem:          3.8G       766M       3.1G       5.7M        51M       321M

MemTotal:        4016004 kB
MemFree:         3231500 kB
Active:           430496 kB
Mem:          3.8G       766M       3.1G       5.7M        51M       321M

MemTotal:        4016004 kB
MemFree:         3231004 kB
Active:           430508 kB
Mem:          3.8G       766M       3.1G       5.7M        51M       321M

MemTotal:        4016004 kB
MemFree:         3231252 kB
Active:           430460 kB
Mem:          3.8G       766M       3.1G       5.7M        51M       321M

MemTotal:        4016004 kB
MemFree:         3231252 kB
Active:           430484 kB
Mem:          3.8G       766M       3.1G       5.7M        51M       321M

MemTotal:        4016004 kB
MemFree:         3231376 kB
Active:           430504 kB
Mem:          3.8G       766M       3.1G       5.7M        51M       321M

MemTotal:        4016004 kB
MemFree:         3231500 kB
Active:           430464 kB
Mem:          3.8G       766M       3.1G       5.7M        51M       321M

MemTotal:        4016004 kB
MemFree:         3231552 kB
Active:           430460 kB
Mem:          3.8G       766M       3.1G       5.7M        51M       321M

MemTotal:        4016004 kB
MemFree:         3231676 kB
Active:           430496 kB
Mem:          3.8G       765M       3.1G       5.7M        51M       321M

MemTotal:        4016004 kB
MemFree:         3231800 kB
Active:           430496 kB
Mem:          3.8G       765M       3.1G       5.7M        51M       321M

MemTotal:        4016004 kB
MemFree:         3231676 kB
Active:           430472 kB
Mem:          3.8G       765M       3.1G       5.7M        51M       321M

MemTotal:        4016004 kB
MemFree:         3231552 kB
Active:           430492 kB
Mem:          3.8G       766M       3.1G       5.7M        51M       321M

MemTotal:        4016004 kB
MemFree:         3231364 kB
Active:           428476 kB
Mem:          3.8G       766M       3.1G       5.7M        51M       321M

MemTotal:        4016004 kB
MemFree:         3231176 kB
Active:           430528 kB
Mem:          3.8G       766M       3.1G       5.7M        51M       321M

MemTotal:        4016004 kB
MemFree:         3230928 kB
Active:           430536 kB
Mem:          3.8G       766M       3.1G       5.7M        51M       321M

MemTotal:        4016004 kB
MemFree:         3231424 kB
Active:           430520 kB
Mem:          3.8G       766M       3.1G       5.7M        51M       321M

MemTotal:        4016004 kB
MemFree:         3231068 kB
Active:           430532 kB
Mem:          3.8G       766M       3.1G       5.7M        51M       321M

MemTotal:        4016004 kB
MemFree:         3231068 kB
Active:           430492 kB
Mem:          3.8G       766M       3.1G       5.7M        51M       321M

MemTotal:        4016004 kB
MemFree:         3231068 kB
Active:           430548 kB
Mem:          3.8G       766M       3.1G       5.7M        51M       321M

MemTotal:        4016004 kB
MemFree:         3231192 kB
Active:           430492 kB
Mem:          3.8G       766M       3.1G       5.7M        51M       321M

MemTotal:        4016004 kB
MemFree:         3231520 kB
Active:           430524 kB
Mem:          3.8G       766M       3.1G       5.7M        51M       321M

MemTotal:        4016004 kB
MemFree:         3231040 kB
Active:           430548 kB
Mem:          3.8G       766M       3.1G       5.7M        51M       321M

MemTotal:        4016004 kB
MemFree:         3230576 kB
Active:           428664 kB
Mem:          3.8G       766M       3.1G       5.7M        51M       321M

MemTotal:        4016004 kB
MemFree:         3231240 kB
Active:           430564 kB
Mem:          3.8G       766M       3.1G       5.7M        51M       321M

MemTotal:        4016004 kB
MemFree:         3231240 kB
Active:           430536 kB
Mem:          3.8G       766M       3.1G       5.7M        51M       321M

MemTotal:        4016004 kB
MemFree:         3231364 kB
Active:           430512 kB
Mem:          3.8G       766M       3.1G       5.7M        51M       321M

MemTotal:        4016004 kB
MemFree:         3231116 kB
Active:           430568 kB
Mem:          3.8G       766M       3.1G       5.7M        51M       321M

MemTotal:        4016004 kB
MemFree:         3231488 kB
Active:           430528 kB
Mem:          3.8G       766M       3.1G       5.7M        51M       321M

MemTotal:        4016004 kB
MemFree:         3231488 kB
Active:           430564 kB
Mem:          3.8G       765M       3.1G       5.7M        51M       321M

MemTotal:        4016004 kB
MemFree:         3231488 kB
Active:           430576 kB
Mem:          3.8G       766M       3.1G       5.7M        51M       321M

MemTotal:        4016004 kB
MemFree:         3231488 kB
Active:           430548 kB
Mem:          3.8G       766M       3.1G       5.7M        51M       321M

MemTotal:        4016004 kB
MemFree:         3231984 kB
Active:           430564 kB
Mem:          3.8G       765M       3.1G       5.7M        51M       321M

MemTotal:        4016004 kB
MemFree:         3231448 kB
Active:           430652 kB
Mem:          3.8G       765M       3.1G       5.7M        51M       321M

MemTotal:        4016004 kB
MemFree:         3231592 kB
Active:           430576 kB
Mem:          3.8G       766M       3.1G       5.7M        51M       321M

MemTotal:        4016004 kB
MemFree:         3231732 kB
Active:           430552 kB
Mem:          3.8G       766M       3.1G       5.7M        51M       321M

MemTotal:        4016004 kB
MemFree:         3231500 kB
Active:           430416 kB
Mem:          3.8G       766M       3.1G       5.7M        51M       321M

MemTotal:        4016004 kB
MemFree:         3231252 kB
Active:           430376 kB
Mem:          3.8G       766M       3.1G       5.7M        51M       321M

MemTotal:        4016004 kB
MemFree:         3231128 kB
Active:           430400 kB
Mem:          3.8G       766M       3.1G       5.7M        51M       321M

MemTotal:        4016004 kB
MemFree:         3231624 kB
Active:           430376 kB
Mem:          3.8G       765M       3.1G       5.7M        51M       321M

MemTotal:        4016004 kB
MemFree:         3231624 kB
Active:           430376 kB
Mem:          3.8G       765M       3.1G       5.7M        51M       321M

MemTotal:        4016004 kB
MemFree:         3231748 kB
Active:           430388 kB
Mem:          3.8G       765M       3.1G       5.7M        51M       321M

MemTotal:        4016004 kB
MemFree:         3231748 kB
Active:           430384 kB
Mem:          3.8G       765M       3.1G       5.7M        51M       321M

MemTotal:        4016004 kB
MemFree:         3231376 kB
Active:           430412 kB
Mem:          3.8G       766M       3.1G       5.7M        51M       321M

MemTotal:        4016004 kB
MemFree:         3231376 kB
Active:           430424 kB
Mem:          3.8G       766M       3.1G       5.7M        51M       321M

MemTotal:        4016004 kB
MemFree:         3231252 kB
Active:           430380 kB
Mem:          3.8G       766M       3.1G       5.7M        51M       321M

MemTotal:        4016004 kB
MemFree:         3231500 kB
Active:           430404 kB
Mem:          3.8G       766M       3.1G       5.7M        51M       321M

MemTotal:        4016004 kB
MemFree:         3231128 kB
Active:           430424 kB
Mem:          3.8G       766M       3.1G       5.7M        51M       321M

MemTotal:        4016004 kB
MemFree:         3231376 kB
Active:           430384 kB
Mem:          3.8G       766M       3.1G       5.7M        51M       321M

MemTotal:        4016004 kB
MemFree:         3231624 kB
Active:           430412 kB
Mem:          3.8G       766M       3.1G       5.7M        51M       321M

MemTotal:        4016004 kB
MemFree:         3231500 kB
Active:           430436 kB
Mem:          3.8G       766M       3.1G       5.7M        51M       321M

MemTotal:        4016004 kB
MemFree:         3231252 kB
Active:           430440 kB
Mem:          3.8G       766M       3.1G       5.7M        51M       321M

MemTotal:        4016004 kB
MemFree:         3228860 kB
Active:           428580 kB
Mem:          3.8G       768M       3.1G       5.7M        51M       321M

MemTotal:        4016004 kB
MemFree:         3229264 kB
Active:           432440 kB
Mem:          3.8G       768M       3.1G       5.7M        51M       321M

MemTotal:        4016004 kB
MemFree:         3229388 kB
Active:           432460 kB
Mem:          3.8G       768M       3.1G       5.7M        51M       321M

MemTotal:        4016004 kB
MemFree:         3229016 kB
Active:           432456 kB
Mem:          3.8G       768M       3.1G       5.7M        51M       321M

MemTotal:        4016004 kB
MemFree:         3229512 kB
Active:           432440 kB
Mem:          3.8G       768M       3.1G       5.7M        51M       321M

MemTotal:        4016004 kB
MemFree:         3229388 kB
Active:           432460 kB
Mem:          3.8G       768M       3.1G       5.7M        51M       321M

MemTotal:        4016004 kB
MemFree:         3229016 kB
Active:           432496 kB
Mem:          3.8G       768M       3.1G       5.7M        51M       321M

MemTotal:        4016004 kB
MemFree:         3229636 kB
Active:           432496 kB
Mem:          3.8G       768M       3.1G       5.7M        51M       321M

MemTotal:        4016004 kB
MemFree:         3229760 kB
Active:           432500 kB
Mem:          3.8G       767M       3.1G       5.7M        51M       321M

MemTotal:        4016004 kB
MemFree:         3230008 kB
Active:           432476 kB
Mem:          3.8G       767M       3.1G       5.7M        51M       321M

MemTotal:        4016004 kB
MemFree:         3229884 kB
Active:           432476 kB
Mem:          3.8G       767M       3.1G       5.7M        51M       321M

MemTotal:        4016004 kB
MemFree:         3229884 kB
Active:           432504 kB
Mem:          3.8G       767M       3.1G       5.7M        51M       321M

MemTotal:        4016004 kB
MemFree:         3229992 kB
Active:           432480 kB
Mem:          3.8G       767M       3.1G       5.7M        51M       321M

MemTotal:        4016004 kB
MemFree:         3229868 kB
Active:           432456 kB
Mem:          3.8G       767M       3.1G       5.7M        51M       321M

MemTotal:        4016004 kB
MemFree:         3229992 kB
Active:           432476 kB
Mem:          3.8G       767M       3.1G       5.7M        51M       321M

MemTotal:        4016004 kB
MemFree:         3229496 kB
Active:           432512 kB
Mem:          3.8G       767M       3.1G       5.7M        51M       321M

MemTotal:        4016004 kB
MemFree:         3229760 kB
Active:           432512 kB
Mem:          3.8G       768M       3.1G       5.7M        51M       321M

MemTotal:        4016004 kB
MemFree:         3229636 kB
Active:           432472 kB
Mem:          3.8G       768M       3.1G       5.7M        51M       321M

MemTotal:        4016004 kB
MemFree:         3229512 kB
Active:           432480 kB
Mem:          3.8G       768M       3.1G       5.7M        51M       321M

MemTotal:        4016004 kB
MemFree:         3229512 kB
Active:           432532 kB
Mem:          3.8G       768M       3.1G       5.7M        51M       321M

MemTotal:        4016004 kB
MemFree:         3227464 kB
Active:           432480 kB
Mem:          3.8G       770M       3.1G       5.7M        51M       321M

MemTotal:        4016004 kB
MemFree:         3227216 kB
Active:           434556 kB
Mem:          3.8G       770M       3.1G       5.7M        51M       321M

MemTotal:        4016004 kB
MemFree:         3223676 kB
Active:           437780 kB
Mem:          3.8G       773M       3.1G       5.7M        53M       321M

MemTotal:        4016004 kB
MemFree:         3218528 kB
Active:           442332 kB
Mem:          3.8G       778M       3.1G       5.7M        58M       321M

MemTotal:        4016004 kB
MemFree:         3218776 kB
Active:           442340 kB
Mem:          3.8G       778M       3.1G       5.7M        58M       321M

MemTotal:        4016004 kB
MemFree:         3218652 kB
Active:           442360 kB
Mem:          3.8G       778M       3.1G       5.7M        58M       321M

MemTotal:        4016004 kB
MemFree:         3218528 kB
Active:           442324 kB
Mem:          3.8G       778M       3.1G       5.7M        58M       321M

MemTotal:        4016004 kB
MemFree:         3218404 kB
Active:           442356 kB
Mem:          3.8G       778M       3.1G       5.7M        58M       321M

MemTotal:        4016004 kB
MemFree:         3218528 kB
Active:           442312 kB
Mem:          3.8G       779M       3.1G       5.7M        58M       321M

MemTotal:        4016004 kB
MemFree:         3218652 kB
Active:           442356 kB
Mem:          3.8G       778M       3.1G       5.7M        58M       321M

MemTotal:        4016004 kB
MemFree:         3218652 kB
Active:           442372 kB
Mem:          3.8G       778M       3.1G       5.7M        58M       321M

MemTotal:        4016004 kB
MemFree:         3218652 kB
Active:           442356 kB
Mem:          3.8G       778M       3.1G       5.7M        58M       321M

MemTotal:        4016004 kB
MemFree:         3218264 kB
Active:           442388 kB
Mem:          3.8G       778M       3.1G       5.7M        58M       321M

MemTotal:        4016004 kB
MemFree:         3218388 kB
Active:           442356 kB
Mem:          3.8G       779M       3.1G       5.7M        58M       321M

MemTotal:        4016004 kB
MemFree:         3218264 kB
Active:           442356 kB
Mem:          3.8G       779M       3.1G       5.7M        58M       321M

MemTotal:        4016004 kB
MemFree:         3218636 kB
Active:           442332 kB
Mem:          3.8G       778M       3.1G       5.7M        58M       321M

MemTotal:        4016004 kB
MemFree:         3218512 kB
Active:           442360 kB
Mem:          3.8G       778M       3.1G       5.7M        58M       321M

MemTotal:        4016004 kB
MemFree:         3218512 kB
Active:           442384 kB
Mem:          3.8G       778M       3.1G       5.7M        58M       321M

MemTotal:        4016004 kB
MemFree:         3218388 kB
Active:           442384 kB
Mem:          3.8G       778M       3.1G       5.7M        58M       321M

MemTotal:        4016004 kB
MemFree:         3218388 kB
Active:           442404 kB
Mem:          3.8G       778M       3.1G       5.7M        58M       321M

MemTotal:        4016004 kB
MemFree:         3216464 kB
Active:           442408 kB
Mem:          3.8G       780M       3.1G       5.7M        58M       321M

MemTotal:        4016004 kB
MemFree:         3216464 kB
Active:           444416 kB
Mem:          3.8G       780M       3.1G       5.7M        58M       321M

MemTotal:        4016004 kB
MemFree:         3216464 kB
Active:           444436 kB
Mem:          3.8G       780M       3.1G       5.7M        58M       321M

MemTotal:        4016004 kB
MemFree:         3216092 kB
Active:           444444 kB
Mem:          3.8G       781M       3.1G       5.7M        58M       321M

MemTotal:        4016004 kB
MemFree:         3215968 kB
Active:           444388 kB
Mem:          3.8G       781M       3.1G       5.7M        58M       321M

MemTotal:        4016004 kB
MemFree:         3216216 kB
Active:           444420 kB
Mem:          3.8G       781M       3.1G       5.7M        58M       321M

MemTotal:        4016004 kB
MemFree:         3216340 kB
Active:           444424 kB
Mem:          3.8G       780M       3.1G       5.7M        58M       321M

MemTotal:        4016004 kB
MemFree:         3215720 kB
Active:           444452 kB
Mem:          3.8G       781M       3.1G       5.7M        58M       321M

MemTotal:        4016004 kB
MemFree:         3215844 kB
Active:           444412 kB
Mem:          3.8G       781M       3.1G       5.7M        58M       321M

MemTotal:        4016004 kB
MemFree:         3216340 kB
Active:           444432 kB
Mem:          3.8G       780M       3.1G       5.7M        58M       321M

MemTotal:        4016004 kB
MemFree:         3215952 kB
Active:           442408 kB
Mem:          3.8G       781M       3.1G       5.7M        58M       321M

MemTotal:        4016004 kB
MemFree:         3215952 kB
Active:           444440 kB
Mem:          3.8G       781M       3.1G       5.7M        58M       321M

MemTotal:        4016004 kB
MemFree:         3215828 kB
Active:           444456 kB
Mem:          3.8G       781M       3.1G       5.7M        58M       321M

MemTotal:        4016004 kB
MemFree:         3215704 kB
Active:           444420 kB
Mem:          3.8G       781M       3.1G       5.7M        58M       321M

MemTotal:        4016004 kB
MemFree:         3215704 kB
Active:           444452 kB
Mem:          3.8G       781M       3.1G       5.7M        58M       321M

MemTotal:        4016004 kB
MemFree:         3216084 kB
Active:           444420 kB
Mem:          3.8G       780M       3.1G       5.7M        58M       321M

MemTotal:        4016004 kB
MemFree:         3216208 kB
Active:           444440 kB
Mem:          3.8G       781M       3.1G       5.7M        58M       321M

MemTotal:        4016004 kB
MemFree:         3215960 kB
Active:           444452 kB
Mem:          3.8G       781M       3.1G       5.7M        58M       321M

MemTotal:        4016004 kB
MemFree:         3216208 kB
Active:           444424 kB
Mem:          3.8G       781M       3.1G       5.7M        58M       321M

MemTotal:        4016004 kB
MemFree:         3214852 kB
Active:           442496 kB
Mem:          3.8G       782M       3.1G       5.7M        58M       321M

MemTotal:        4016004 kB
MemFree:         3215200 kB
Active:           444424 kB
Mem:          3.8G       781M       3.1G       5.7M        58M       321M

MemTotal:        4016004 kB
MemFree:         3215448 kB
Active:           444448 kB
Mem:          3.8G       781M       3.1G       5.7M        58M       321M

MemTotal:        4016004 kB
MemFree:         3215448 kB
Active:           444456 kB
Mem:          3.8G       781M       3.1G       5.7M        58M       321M

MemTotal:        4016004 kB
MemFree:         3216068 kB
Active:           444472 kB
Mem:          3.8G       781M       3.1G       5.7M        58M       321M

MemTotal:        4016004 kB
MemFree:         3216068 kB
Active:           444476 kB
Mem:          3.8G       781M       3.1G       5.7M        58M       321M

MemTotal:        4016004 kB
MemFree:         3215572 kB
Active:           444412 kB
Mem:          3.8G       781M       3.1G       5.7M        58M       321M

MemTotal:        4016004 kB
MemFree:         3215324 kB
Active:           444480 kB
Mem:          3.8G       781M       3.1G       5.7M        58M       321M

MemTotal:        4016004 kB
MemFree:         3215696 kB
Active:           444480 kB
Mem:          3.8G       781M       3.1G       5.7M        58M       321M

MemTotal:        4016004 kB
MemFree:         3215696 kB
Active:           444432 kB
Mem:          3.8G       781M       3.1G       5.7M        58M       321M

MemTotal:        4016004 kB
MemFree:         3215448 kB
Active:           444492 kB
Mem:          3.8G       781M       3.1G       5.7M        58M       321M

MemTotal:        4016004 kB
MemFree:         3215696 kB
Active:           444444 kB
Mem:          3.8G       781M       3.1G       5.7M        58M       321M

MemTotal:        4016004 kB
MemFree:         3216068 kB
Active:           444468 kB
Mem:          3.8G       781M       3.1G       5.7M        58M       321M

MemTotal:        4016004 kB
MemFree:         3215944 kB
Active:           444472 kB
Mem:          3.8G       781M       3.1G       5.7M        58M       321M

MemTotal:        4016004 kB
MemFree:         3216068 kB
Active:           444464 kB
Mem:          3.8G       780M       3.1G       5.7M        58M       321M

MemTotal:        4016004 kB
MemFree:         3216192 kB
Active:           444468 kB
Mem:          3.8G       781M       3.1G       5.7M        58M       321M

MemTotal:        4016004 kB
MemFree:         3216192 kB
Active:           444488 kB
Mem:          3.8G       781M       3.1G       5.7M        58M       321M

MemTotal:        4016004 kB
MemFree:         3215944 kB
Active:           444508 kB
Mem:          3.8G       781M       3.1G       5.7M        58M       321M

MemTotal:        4016004 kB
MemFree:         3215944 kB
Active:           444496 kB
Mem:          3.8G       781M       3.1G       5.7M        58M       321M

MemTotal:        4016004 kB
MemFree:         3215944 kB
Active:           444452 kB
Mem:          3.8G       781M       3.1G       5.7M        58M       321M

MemTotal:        4016004 kB
MemFree:         3216440 kB
Active:           444472 kB
Mem:          3.8G       781M       3.1G       5.7M        58M       321M

MemTotal:        4016004 kB
MemFree:         3216316 kB
Active:           444484 kB
Mem:          3.8G       781M       3.1G       5.7M        58M       321M

MemTotal:        4016004 kB
MemFree:         3216192 kB
Active:           444504 kB
Mem:          3.8G       781M       3.1G       5.7M        58M       321M

MemTotal:        4016004 kB
MemFree:         3216564 kB
Active:           444508 kB
Mem:          3.8G       780M       3.1G       5.7M        58M       321M

MemTotal:        4016004 kB
MemFree:         3216564 kB
Active:           444476 kB
Mem:          3.8G       781M       3.1G       5.7M        58M       321M

MemTotal:        4016004 kB
MemFree:         3216068 kB
Active:           444512 kB
Mem:          3.8G       781M       3.1G       5.7M        58M       321M

MemTotal:        4016004 kB
MemFree:         3215820 kB
Active:           444512 kB
Mem:          3.8G       781M       3.1G       5.7M        58M       321M

MemTotal:        4016004 kB
MemFree:         3216068 kB
Active:           444472 kB
Mem:          3.8G       780M       3.1G       5.7M        58M       321M

MemTotal:        4016004 kB
MemFree:         3216192 kB
Active:           444496 kB
Mem:          3.8G       781M       3.1G       5.7M        58M       321M

MemTotal:        4016004 kB
MemFree:         3215820 kB
Active:           444532 kB
Mem:          3.8G       781M       3.1G       5.7M        58M       321M

MemTotal:        4016004 kB
MemFree:         3216192 kB
Active:           444512 kB
Mem:          3.8G       781M       3.1G       5.7M        58M       321M

MemTotal:        4016004 kB
MemFree:         3216068 kB
Active:           444484 kB
Mem:          3.8G       780M       3.1G       5.7M        58M       321M

MemTotal:        4016004 kB
MemFree:         3216564 kB
Active:           444516 kB
Mem:          3.8G       780M       3.1G       5.7M        58M       321M

MemTotal:        4016004 kB
MemFree:         3216564 kB
Active:           444512 kB
Mem:          3.8G       780M       3.1G       5.7M        58M       321M

MemTotal:        4016004 kB
MemFree:         3216192 kB
Active:           444536 kB
Mem:          3.8G       781M       3.1G       5.7M        58M       321M

MemTotal:        4016004 kB
MemFree:         3216192 kB
Active:           444500 kB
Mem:          3.8G       781M       3.1G       5.7M        58M       321M

MemTotal:        4016004 kB
MemFree:         3216068 kB
Active:           444512 kB
Mem:          3.8G       781M       3.1G       5.7M        58M       321M

MemTotal:        4016004 kB
MemFree:         3215944 kB
Active:           444540 kB
Mem:          3.8G       781M       3.1G       5.7M        58M       321M

MemTotal:        4016004 kB
MemFree:         3216068 kB
Active:           444488 kB
Mem:          3.8G       781M       3.1G       5.7M        58M       321M

MemTotal:        4016004 kB
MemFree:         3216192 kB
Active:           444500 kB
Mem:          3.8G       781M       3.1G       5.7M        58M       321M

MemTotal:        4016004 kB
MemFree:         3215328 kB
Active:           442592 kB
Mem:          3.8G       781M       3.1G       5.7M        58M       321M

MemTotal:        4016004 kB
MemFree:         3215368 kB
Active:           444548 kB
Mem:          3.8G       781M       3.1G       5.7M        58M       321M

MemTotal:        4016004 kB
MemFree:         3215616 kB
Active:           444568 kB
Mem:          3.8G       781M       3.1G       5.7M        58M       321M

MemTotal:        4016004 kB
MemFree:         3215616 kB
Active:           444528 kB
Mem:          3.8G       781M       3.1G       5.7M        58M       321M

MemTotal:        4016004 kB
MemFree:         3215384 kB
Active:           444576 kB
Mem:          3.8G       781M       3.1G       5.7M        58M       321M

MemTotal:        4016004 kB
MemFree:         3215384 kB
Active:           444576 kB
Mem:          3.8G       781M       3.1G       5.7M        58M       321M

MemTotal:        4016004 kB
MemFree:         3215880 kB
Active:           444536 kB
Mem:          3.8G       781M       3.1G       5.7M        58M       321M

MemTotal:        4016004 kB
MemFree:         3216004 kB
Active:           444560 kB
Mem:          3.8G       781M       3.1G       5.7M        58M       321M

MemTotal:        4016004 kB
MemFree:         3216128 kB
Active:           444580 kB
Mem:          3.8G       781M       3.1G       5.7M        58M       321M

MemTotal:        4016004 kB
MemFree:         3216128 kB
Active:           444548 kB
Mem:          3.8G       781M       3.1G       5.7M        58M       321M

MemTotal:        4016004 kB
MemFree:         3215436 kB
Active:           442620 kB
Mem:          3.8G       781M       3.1G       5.7M        58M       321M

MemTotal:        4016004 kB
MemFree:         3215692 kB
Active:           444596 kB
Mem:          3.8G       781M       3.1G       5.7M        58M       321M

MemTotal:        4016004 kB
MemFree:         3172288 kB
Active:           444912 kB
Mem:          3.8G       823M       3.0G       5.7M        58M       363M

MemTotal:        4016004 kB
MemFree:         3126932 kB
Active:           444912 kB
Mem:          3.8G       868M       3.0G       5.7M        58M       408M

MemTotal:        4016004 kB
MemFree:         3080444 kB
Active:           444892 kB
Mem:          3.8G       913M       2.9G       5.7M        58M       452M

MemTotal:        4016004 kB
MemFree:         3034344 kB
Active:           444912 kB
Mem:          3.8G       958M       2.9G       5.7M        58M       496M

MemTotal:        4016004 kB
MemFree:         2989220 kB
Active:           444904 kB
Mem:          3.8G       1.0G       2.9G       5.7M        58M       540M

MemTotal:        4016004 kB
MemFree:         2942824 kB
Active:           444884 kB
Mem:          3.8G       1.0G       2.8G       5.7M        58M       584M

MemTotal:        4016004 kB
MemFree:         2896880 kB
Active:           444900 kB
Mem:          3.8G       1.1G       2.8G       5.7M        58M       628M

MemTotal:        4016004 kB
MemFree:         2862972 kB
Active:           444876 kB
Mem:          3.8G       1.1G       2.7G       5.7M        58M       660M

MemTotal:        4016004 kB
MemFree:         2847964 kB
Active:           444924 kB
Mem:          3.8G       1.1G       2.7G       5.7M        58M       675M

MemTotal:        4016004 kB
MemFree:         2802112 kB
Active:           444924 kB
Mem:          3.8G       1.2G       2.7G       5.7M        59M       719M

MemTotal:        4016004 kB
MemFree:         2763544 kB
Active:           444968 kB
Mem:          3.8G       1.2G       2.6G       5.7M        59M       756M

MemTotal:        4016004 kB
MemFree:         2761776 kB
Active:           444936 kB
Mem:          3.8G       1.2G       2.6G       5.7M        59M       758M

MemTotal:        4016004 kB
MemFree:         2759636 kB
Active:           444996 kB
Mem:          3.8G       1.2G       2.6G       5.7M        59M       759M

MemTotal:        4016004 kB
MemFree:         2757808 kB
Active:           445020 kB
Mem:          3.8G       1.2G       2.6G       5.7M        59M       761M

MemTotal:        4016004 kB
MemFree:         2744372 kB
Active:           445032 kB
Mem:          3.8G       1.2G       2.6G       5.7M        59M       774M

MemTotal:        4016004 kB
MemFree:         2698024 kB
Active:           445036 kB
Mem:          3.8G       1.3G       2.6G       5.7M        59M       819M

MemTotal:        4016004 kB
MemFree:         2652420 kB
Active:           445036 kB
Mem:          3.8G       1.3G       2.5G       5.7M        59M       863M

MemTotal:        4016004 kB
MemFree:         2606692 kB
Active:           445016 kB
Mem:          3.8G       1.3G       2.5G       5.7M        59M       907M

MemTotal:        4016004 kB
MemFree:         2560700 kB
Active:           445044 kB
Mem:          3.8G       1.4G       2.4G       5.7M        59M       951M

MemTotal:        4016004 kB
MemFree:         2514708 kB
Active:           445052 kB
Mem:          3.8G       1.4G       2.4G       5.7M        59M       995M

MemTotal:        4016004 kB
MemFree:         2469352 kB
Active:           445016 kB
Mem:          3.8G       1.5G       2.4G       5.7M        59M       1.0G

MemTotal:        4016004 kB
MemFree:         2423624 kB
Active:           445028 kB
Mem:          3.8G       1.5G       2.3G       5.7M        59M       1.1G

MemTotal:        4016004 kB
MemFree:         2377752 kB
Active:           445060 kB
Mem:          3.8G       1.6G       2.3G       5.7M        59M       1.1G

MemTotal:        4016004 kB
MemFree:         2331872 kB
Active:           445060 kB
Mem:          3.8G       1.6G       2.2G       5.7M        59M       1.1G

MemTotal:        4016004 kB
MemFree:         2286512 kB
Active:           445004 kB
Mem:          3.8G       1.6G       2.2G       5.7M        59M       1.2G

MemTotal:        4016004 kB
MemFree:         2240400 kB
Active:           445020 kB
Mem:          3.8G       1.7G       2.1G       5.7M        59M       1.2G

MemTotal:        4016004 kB
MemFree:         2206980 kB
Active:           445044 kB
Mem:          3.8G       1.7G       2.1G       5.7M        59M       1.3G

MemTotal:        4016004 kB
MemFree:         2205532 kB
Active:           445024 kB
Mem:          3.8G       1.7G       2.1G       5.7M        59M       1.3G

MemTotal:        4016004 kB
MemFree:         2159456 kB
Active:           445092 kB
Mem:          3.8G       1.8G       2.1G       5.7M        59M       1.3G

MemTotal:        4016004 kB
MemFree:         2114368 kB
Active:           445620 kB
Mem:          3.8G       1.8G       2.0G       5.7M        59M       1.3G

MemTotal:        4016004 kB
MemFree:         2067668 kB
Active:           445164 kB
Mem:          3.8G       1.9G       2.0G       5.7M        59M       1.4G

MemTotal:        4016004 kB
MemFree:         2021616 kB
Active:           445136 kB
Mem:          3.8G       1.9G       1.9G       5.7M        59M       1.4G

MemTotal:        4016004 kB
MemFree:         1975640 kB
Active:           445128 kB
Mem:          3.8G       1.9G       1.9G       5.7M        59M       1.5G

MemTotal:        4016004 kB
MemFree:         1929648 kB
Active:           445128 kB
Mem:          3.8G       2.0G       1.8G       5.7M        59M       1.5G

MemTotal:        4016004 kB
MemFree:         1884168 kB
Active:           445072 kB
Mem:          3.8G       2.0G       1.8G       5.7M        59M       1.6G

MemTotal:        4016004 kB
MemFree:         1852592 kB
Active:           445140 kB
Mem:          3.8G       2.1G       1.8G       5.7M        59M       1.6G

MemTotal:        4016004 kB
MemFree:         1830628 kB
Active:           445100 kB
Mem:          3.8G       2.1G       1.7G       5.7M        59M       1.6G

MemTotal:        4016004 kB
MemFree:         1783588 kB
Active:           443176 kB
Mem:          3.8G       2.1G       1.7G       5.7M        59M       1.7G

MemTotal:        4016004 kB
MemFree:         1751436 kB
Active:           445152 kB
Mem:          3.8G       2.2G       1.7G       5.7M        59M       1.7G

MemTotal:        4016004 kB
MemFree:         1750620 kB
Active:           445164 kB
Mem:          3.8G       2.2G       1.7G       5.7M        59M       1.7G

MemTotal:        4016004 kB
MemFree:         1750376 kB
Active:           445176 kB
Mem:          3.8G       2.2G       1.7G       5.7M        59M       1.7G

MemTotal:        4016004 kB
MemFree:         1713532 kB
Active:           445228 kB
Mem:          3.8G       2.2G       1.6G       5.7M        59M       1.7G

MemTotal:        4016004 kB
MemFree:         1669836 kB
Active:           445228 kB
Mem:          3.8G       2.2G       1.6G       5.7M        59M       1.8G

MemTotal:        4016004 kB
MemFree:         1623552 kB
Active:           445184 kB
Mem:          3.8G       2.3G       1.5G       5.7M        59M       1.8G

MemTotal:        4016004 kB
MemFree:         1577576 kB
Active:           445208 kB
Mem:          3.8G       2.3G       1.5G       5.7M        59M       1.9G

MemTotal:        4016004 kB
MemFree:         1531212 kB
Active:           445216 kB
Mem:          3.8G       2.4G       1.5G       5.7M        59M       1.9G

MemTotal:        4016004 kB
MemFree:         1484864 kB
Active:           445196 kB
Mem:          3.8G       2.4G       1.4G       5.7M        59M       1.9G

MemTotal:        4016004 kB
MemFree:         1438552 kB
Active:           443288 kB
Mem:          3.8G       2.5G       1.4G       5.7M        59M       2.0G

MemTotal:        4016004 kB
MemFree:         1392956 kB
Active:           445200 kB
Mem:          3.8G       2.5G       1.3G       5.7M        59M       2.0G

MemTotal:        4016004 kB
MemFree:         1365392 kB
Active:           445208 kB
Mem:          3.8G       2.5G       1.3G       5.7M        59M       2.1G

MemTotal:        4016004 kB
MemFree:         1318844 kB
Active:           445212 kB
Mem:          3.8G       2.6G       1.3G       5.7M        59M       2.1G

MemTotal:        4016004 kB
MemFree:         1307252 kB
Active:           445260 kB
Mem:          3.8G       2.6G       1.2G       5.7M        59M       2.1G

MemTotal:        4016004 kB
MemFree:         1274700 kB
Active:           445224 kB
Mem:          3.8G       2.6G       1.2G       5.7M        59M       2.1G

MemTotal:        4016004 kB
MemFree:         1228864 kB
Active:           445236 kB
Mem:          3.8G       2.7G       1.2G       5.7M        59M       2.2G

MemTotal:        4016004 kB
MemFree:         1183424 kB
Active:           445264 kB
Mem:          3.8G       2.7G       1.1G       5.7M        59M       2.2G

MemTotal:        4016004 kB
MemFree:         1137496 kB
Active:           445264 kB
Mem:          3.8G       2.7G       1.1G       5.7M        59M       2.3G

MemTotal:        4016004 kB
MemFree:         1092264 kB
Active:           445248 kB
Mem:          3.8G       2.8G       1.0G       5.7M        59M       2.3G

MemTotal:        4016004 kB
MemFree:         1043416 kB
Active:           448700 kB
Mem:          3.8G       2.8G       1.0G       5.7M        59M       2.4G

MemTotal:        4016004 kB
MemFree:          998292 kB
Active:           448680 kB
Mem:          3.8G       2.9G       974M       5.7M        59M       2.4G

MemTotal:        4016004 kB
MemFree:          950812 kB
Active:           448692 kB
Mem:          3.8G       2.9G       928M       5.7M        59M       2.4G

MemTotal:        4016004 kB
MemFree:          904308 kB
Active:           448672 kB
Mem:          3.8G       3.0G       882M       5.7M        59M       2.5G

MemTotal:        4016004 kB
MemFree:          857916 kB
Active:           448704 kB
Mem:          3.8G       3.0G       837M       5.7M        59M       2.5G

MemTotal:        4016004 kB
MemFree:          811844 kB
Active:           448728 kB
Mem:          3.8G       3.1G       792M       5.7M        59M       2.6G

MemTotal:        4016004 kB
MemFree:          766040 kB
Active:           448748 kB
Mem:          3.8G       3.1G       747M       5.7M        59M       2.6G

MemTotal:        4016004 kB
MemFree:          751996 kB
Active:           448756 kB
Mem:          3.8G       3.1G       734M       5.7M        59M       2.6G

MemTotal:        4016004 kB
MemFree:          725216 kB
Active:           448752 kB
Mem:          3.8G       3.1G       707M       5.7M        59M       2.7G

MemTotal:        4016004 kB
MemFree:          678504 kB
Active:           448736 kB
Mem:          3.8G       3.2G       662M       5.7M        59M       2.7G

MemTotal:        4016004 kB
MemFree:          632784 kB
Active:           448764 kB
Mem:          3.8G       3.2G       617M       5.7M        59M       2.7G

MemTotal:        4016004 kB
MemFree:          587864 kB
Active:           448796 kB
Mem:          3.8G       3.3G       573M       5.7M        59M       2.8G

MemTotal:        4016004 kB
MemFree:          541888 kB
Active:           448812 kB
Mem:          3.8G       3.3G       528M       5.7M        59M       2.8G

MemTotal:        4016004 kB
MemFree:          494532 kB
Active:           448840 kB
Mem:          3.8G       3.4G       482M       5.7M        59M       2.9G

MemTotal:        4016004 kB
MemFree:          449904 kB
Active:           448800 kB
Mem:          3.8G       3.4G       439M       5.7M        59M       2.9G

MemTotal:        4016004 kB
MemFree:          403664 kB
Active:           448852 kB
Mem:          3.8G       3.4G       393M       5.7M        59M       3.0G

MemTotal:        4016004 kB
MemFree:          357116 kB
Active:           448880 kB
Mem:          3.8G       3.5G       348M       5.7M        59M       3.0G

MemTotal:        4016004 kB
MemFree:          311060 kB
Active:           448884 kB
Mem:          3.8G       3.5G       303M       5.7M        59M       3.0G

MemTotal:        4016004 kB
MemFree:          267132 kB
Active:           448840 kB
Mem:          3.8G       3.6G       260M       5.7M        59M       3.1G

MemTotal:        4016004 kB
MemFree:          219484 kB
Active:           449036 kB
Mem:          3.8G       3.6G       214M       5.7M        59M       3.1G

MemTotal:        4016004 kB
MemFree:          173208 kB
Active:           448908 kB
Mem:          3.8G       3.7G       169M       5.7M        59M       3.2G

MemTotal:        4016004 kB
MemFree:          160652 kB
Active:           448932 kB
Mem:          3.8G       3.7G       156M       5.7M        59M       3.2G

MemTotal:        4016004 kB
MemFree:          158388 kB
Active:           448948 kB
Mem:          3.8G       3.7G       154M       5.7M        59M       3.2G

MemTotal:        4016004 kB
MemFree:          152540 kB
Active:           448984 kB
Mem:          3.8G       3.7G       148M       5.7M        59M       3.2G

MemTotal:        4016004 kB
MemFree:          106264 kB
Active:           448996 kB
Mem:          3.8G       3.7G       103M       5.7M        59M       3.2G

MemTotal:        4016004 kB
MemFree:          130056 kB
Active:           457396 kB
Mem:          3.8G       3.7G       122M       5.7M        26M       3.2G

MemTotal:        4016004 kB
MemFree:          107872 kB
Active:           460548 kB
Mem:          3.8G       3.7G       104M       5.7M        26M       3.3G

MemTotal:        4016004 kB
MemFree:          112736 kB
Active:           505980 kB
Mem:          3.8G       3.7G       108M       5.7M        26M       3.3G

MemTotal:        4016004 kB
MemFree:          112872 kB
Active:           501236 kB
Mem:          3.8G       3.7G       109M       5.7M        26M       3.3G

MemTotal:        4016004 kB
MemFree:          120588 kB
Active:           495124 kB
Mem:          3.8G       3.7G       117M       5.7M        26M       3.3G

MemTotal:        4016004 kB
MemFree:          111440 kB
Active:           491672 kB
Mem:          3.8G       3.7G       108M       5.7M        26M       3.3G

MemTotal:        4016004 kB
MemFree:          118148 kB
Active:           488224 kB
Mem:          3.8G       3.7G       115M       5.7M        26M       3.3G

MemTotal:        4016004 kB
MemFree:          132804 kB
Active:           478892 kB
Mem:          3.8G       3.7G       129M       5.7M        26M       3.2G

MemTotal:        4016004 kB
MemFree:          126616 kB
Active:           477108 kB
Mem:          3.8G       3.7G       123M       5.7M        26M       3.2G

MemTotal:        4016004 kB
MemFree:          111328 kB
Active:           473884 kB
Mem:          3.8G       3.7G       108M       5.7M        26M       3.3G

MemTotal:        4016004 kB
MemFree:          127108 kB
Active:           470464 kB
Mem:          3.8G       3.7G       124M       5.7M        26M       3.2G

MemTotal:        4016004 kB
MemFree:          116984 kB
Active:           467024 kB
Mem:          3.8G       3.7G       114M       5.7M        26M       3.3G

MemTotal:        4016004 kB
MemFree:          119368 kB
Active:           461372 kB
Mem:          3.8G       3.7G       116M       5.7M        26M       3.3G

MemTotal:        4016004 kB
MemFree:          126892 kB
Active:           453240 kB
Mem:          3.8G       3.7G       123M       5.7M        26M       3.2G

MemTotal:        4016004 kB
MemFree:          118616 kB
Active:           449524 kB
Mem:          3.8G       3.7G       115M       5.7M        26M       3.3G

MemTotal:        4016004 kB
MemFree:          108616 kB
Active:           446400 kB
Mem:          3.8G       3.7G       105M       5.7M        26M       3.3G

MemTotal:        4016004 kB
MemFree:          115432 kB
Active:           444368 kB
Mem:          3.8G       3.7G       112M       5.7M        26M       3.3G

MemTotal:        4016004 kB
MemFree:          106284 kB
Active:           443212 kB
Mem:          3.8G       3.7G       103M       5.7M        26M       3.3G

MemTotal:        4016004 kB
MemFree:          123424 kB
Active:           441140 kB
Mem:          3.8G       3.7G       120M       5.7M        26M       3.2G

MemTotal:        4016004 kB
MemFree:          112584 kB
Active:           437884 kB
Mem:          3.8G       3.7G       110M       5.7M        26M       3.3G

MemTotal:        4016004 kB
MemFree:          111288 kB
Active:           434056 kB
Mem:          3.8G       3.7G       108M       5.7M        26M       3.3G

MemTotal:        4016004 kB
MemFree:          113264 kB
Active:           432784 kB
Mem:          3.8G       3.7G       110M       5.7M        26M       3.3G

MemTotal:        4016004 kB
MemFree:          135016 kB
Active:           428956 kB
Mem:          3.8G       3.7G       131M       5.7M        26M       3.2G

MemTotal:        4016004 kB
MemFree:          149944 kB
Active:           427092 kB
Mem:          3.8G       3.7G       146M       5.7M        26M       3.2G

MemTotal:        4016004 kB
MemFree:          128364 kB
Active:           426428 kB
Mem:          3.8G       3.7G       125M       5.7M        26M       3.2G

MemTotal:        4016004 kB
MemFree:          135920 kB
Active:           424280 kB
Mem:          3.8G       3.7G       132M       5.7M        26M       3.2G

MemTotal:        4016004 kB
MemFree:          127476 kB
Active:           423108 kB
Mem:          3.8G       3.7G       123M       5.7M        26M       3.2G

MemTotal:        4016004 kB
MemFree:          111580 kB
Active:           421980 kB
Mem:          3.8G       3.7G       108M       5.7M        26M       3.3G

MemTotal:        4016004 kB
MemFree:          125988 kB
Active:           418204 kB
Mem:          3.8G       3.7G       122M       5.7M        26M       3.2G

MemTotal:        4016004 kB
MemFree:          127860 kB
Active:           416412 kB
Mem:          3.8G       3.7G       125M       5.7M        26M       3.2G

MemTotal:        4016004 kB
MemFree:          134480 kB
Active:           415260 kB
Mem:          3.8G       3.7G       131M       5.7M        26M       3.2G

MemTotal:        4016004 kB
MemFree:          125264 kB
Active:           414112 kB
Mem:          3.8G       3.7G       121M       5.7M        26M       3.2G

MemTotal:        4016004 kB
MemFree:          126428 kB
Active:           412208 kB
Mem:          3.8G       3.7G       123M       5.7M        26M       3.2G

MemTotal:        4016004 kB
MemFree:          110252 kB
Active:           411044 kB
Mem:          3.8G       3.7G       107M       5.7M        26M       3.3G

MemTotal:        4016004 kB
MemFree:          125372 kB
Active:           409396 kB
Mem:          3.8G       3.7G       122M       5.7M        26M       3.2G

MemTotal:        4016004 kB
MemFree:          126784 kB
Active:           407368 kB
Mem:          3.8G       3.7G       123M       5.7M        26M       3.2G

MemTotal:        4016004 kB
MemFree:          111892 kB
Active:           406344 kB
Mem:          3.8G       3.7G       109M       5.7M        26M       3.3G

MemTotal:        4016004 kB
MemFree:          127412 kB
Active:           404432 kB
Mem:          3.8G       3.7G       124M       5.7M        26M       3.2G

MemTotal:        4016004 kB
MemFree:          123564 kB
Active:           403032 kB
Mem:          3.8G       3.7G       120M       5.7M        26M       3.2G

MemTotal:        4016004 kB
MemFree:          127320 kB
Active:           401624 kB
Mem:          3.8G       3.7G       124M       5.7M        26M       3.2G

MemTotal:        4016004 kB
MemFree:          123100 kB
Active:           400216 kB
Mem:          3.8G       3.7G       119M       5.7M        26M       3.2G

MemTotal:        4016004 kB
MemFree:          105436 kB
Active:           399276 kB
Mem:          3.8G       3.7G       102M       5.7M        26M       3.3G

MemTotal:        4016004 kB
MemFree:          125496 kB
Active:           397028 kB
Mem:          3.8G       3.7G       122M       5.7M        26M       3.2G

MemTotal:        4016004 kB
MemFree:          116156 kB
Active:           395972 kB
Mem:          3.8G       3.7G       113M       5.7M        26M       3.3G

MemTotal:        4016004 kB
MemFree:          125248 kB
Active:           394292 kB
Mem:          3.8G       3.7G       121M       5.7M        26M       3.2G

MemTotal:        4016004 kB
MemFree:          126704 kB
Active:           392684 kB
Mem:          3.8G       3.7G       123M       5.7M        26M       3.2G

MemTotal:        4016004 kB
MemFree:          110144 kB
Active:           392560 kB
Mem:          3.8G       3.7G       107M       5.7M        26M       3.3G

MemTotal:        4016004 kB
MemFree:          106844 kB
Active:           392584 kB
Mem:          3.8G       3.7G       104M       5.7M        26M       3.3G

MemTotal:        4016004 kB
MemFree:          106352 kB
Active:           392560 kB
Mem:          3.8G       3.7G       103M       5.7M        26M       3.3G

MemTotal:        4016004 kB
MemFree:          106668 kB
Active:           392580 kB
Mem:          3.8G       3.7G       104M       5.7M        26M       3.3G

MemTotal:        4016004 kB
MemFree:          128248 kB
Active:           390924 kB
Mem:          3.8G       3.7G       124M       5.7M        26M       3.2G

MemTotal:        4016004 kB
MemFree:          105428 kB
Active:           389516 kB
Mem:          3.8G       3.7G       106M       5.7M        26M       3.3G

MemTotal:        4016004 kB
MemFree:          126148 kB
Active:           387304 kB
Mem:          3.8G       3.7G       123M       5.7M        26M       3.2G

MemTotal:        4016004 kB
MemFree:          123384 kB
Active:           387588 kB
Mem:          3.8G       3.7G       120M       5.7M        26M       3.2G

MemTotal:        4016004 kB
MemFree:          107896 kB
Active:           384588 kB
Mem:          3.8G       3.7G       105M       5.7M        26M       3.3G

MemTotal:        4016004 kB
MemFree:          128864 kB
Active:           383464 kB
Mem:          3.8G       3.7G       125M       5.7M        26M       3.2G

MemTotal:        4016004 kB
MemFree:          119592 kB
Active:           383436 kB
Mem:          3.8G       3.7G       116M       5.7M        26M       3.2G

MemTotal:        4016004 kB
MemFree:          109244 kB
Active:           383484 kB
Mem:          3.8G       3.7G       106M       5.7M        26M       3.3G

MemTotal:        4016004 kB
MemFree:          135884 kB
Active:           383484 kB
Mem:          3.8G       3.7G       132M       5.7M        26M       3.2G

MemTotal:        4016004 kB
MemFree:          114852 kB
Active:           383496 kB
Mem:          3.8G       3.7G       112M       5.7M        26M       3.3G

MemTotal:        4016004 kB
MemFree:          105100 kB
Active:           383500 kB
Mem:          3.8G       3.7G       102M       5.7M        26M       3.3G

MemTotal:        4016004 kB
MemFree:          124432 kB
Active:           383384 kB
Mem:          3.8G       3.7G       121M       5.7M        26M       3.2G

MemTotal:        4016004 kB
MemFree:          107828 kB
Active:           383400 kB
Mem:          3.8G       3.7G       104M       5.7M        26M       3.3G

MemTotal:        4016004 kB
MemFree:          134540 kB
Active:           383368 kB
Mem:          3.8G       3.7G       130M       5.7M        26M       3.2G

MemTotal:        4016004 kB
MemFree:          139352 kB
Active:           383376 kB
Mem:          3.8G       3.7G       135M       5.7M        26M       3.2G

MemTotal:        4016004 kB
MemFree:          155224 kB
Active:           383396 kB
Mem:          3.8G       3.7G       150M       5.7M        26M       3.2G

MemTotal:        4016004 kB
MemFree:          110096 kB
Active:           383412 kB
Mem:          3.8G       3.7G       107M       5.7M        26M       3.3G

MemTotal:        4016004 kB
MemFree:          117316 kB
Active:           383208 kB
Mem:          3.8G       3.7G       114M       5.7M        26M       3.2G

MemTotal:        4016004 kB
MemFree:          107924 kB
Active:           383248 kB
Mem:          3.8G       3.7G       105M       5.7M        26M       3.3G

MemTotal:        4016004 kB
MemFree:          134004 kB
Active:           383252 kB
Mem:          3.8G       3.7G       131M       5.7M        26M       3.2G

MemTotal:        4016004 kB
MemFree:          135392 kB
Active:           383196 kB
Mem:          3.8G       3.7G       131M       5.7M        26M       3.2G

MemTotal:        4016004 kB
MemFree:          106324 kB
Active:           383256 kB
Mem:          3.8G       3.7G       103M       5.7M        26M       3.3G

MemTotal:        4016004 kB
MemFree:          109752 kB
Active:           383264 kB
Mem:          3.8G       3.7G       106M       5.7M        26M       3.3G

MemTotal:        4016004 kB
MemFree:          134076 kB
Active:           383220 kB
Mem:          3.8G       3.7G       130M       5.7M        26M       3.2G

MemTotal:        4016004 kB
MemFree:          126884 kB
Active:           383144 kB
Mem:          3.8G       3.7G       123M       5.7M        26M       3.2G

MemTotal:        4016004 kB
MemFree:          126452 kB
Active:           383168 kB
Mem:          3.8G       3.7G       123M       5.7M        26M       3.2G

MemTotal:        4016004 kB
MemFree:          122392 kB
Active:           383168 kB
Mem:          3.8G       3.7G       119M       5.7M        26M       3.2G

MemTotal:        4016004 kB
MemFree:          112176 kB
Active:           383176 kB
Mem:          3.8G       3.7G       109M       5.7M        26M       3.3G

MemTotal:        4016004 kB
MemFree:          115660 kB
Active:           383180 kB
Mem:          3.8G       3.7G       112M       5.7M        26M       3.2G

MemTotal:        4016004 kB
MemFree:          106372 kB
Active:           383172 kB
Mem:          3.8G       3.7G       103M       5.7M        26M       3.3G

MemTotal:        4016004 kB
MemFree:          132684 kB
Active:           383180 kB
Mem:          3.8G       3.7G       129M       5.7M        26M       3.2G

MemTotal:        4016004 kB
MemFree:          135708 kB
Active:           383192 kB
Mem:          3.8G       3.7G       132M       5.7M        26M       3.2G

MemTotal:        4016004 kB
MemFree:          142520 kB
Active:           383200 kB
Mem:          3.8G       3.7G       138M       5.7M        26M       3.2G

MemTotal:        4016004 kB
MemFree:          132792 kB
Active:           383204 kB
Mem:          3.8G       3.7G       129M       5.7M        26M       3.2G

MemTotal:        4016004 kB
MemFree:          130600 kB
Active:           383204 kB
Mem:          3.8G       3.7G       127M       5.7M        26M       3.2G

MemTotal:        4016004 kB
MemFree:          126448 kB
Active:           383172 kB
Mem:          3.8G       3.7G       122M       5.7M        26M       3.2G

MemTotal:        4016004 kB
MemFree:          130924 kB
Active:           383216 kB
Mem:          3.8G       3.7G       127M       5.7M        26M       3.2G

MemTotal:        4016004 kB
MemFree:          131308 kB
Active:           383160 kB
Mem:          3.8G       3.7G       128M       5.7M        26M       3.2G

MemTotal:        4016004 kB
MemFree:          121376 kB
Active:           383272 kB
Mem:          3.8G       3.7G       118M       5.7M        26M       3.2G

MemTotal:        4016004 kB
MemFree:          110864 kB
Active:           383180 kB
Mem:          3.8G       3.7G       108M       5.7M        26M       3.3G

MemTotal:        4016004 kB
MemFree:          125628 kB
Active:           383180 kB
Mem:          3.8G       3.7G       122M       5.7M        26M       3.2G

MemTotal:        4016004 kB
MemFree:          122052 kB
Active:           383180 kB
Mem:          3.8G       3.7G       119M       5.7M        26M       3.2G

MemTotal:        4016004 kB
MemFree:          127924 kB
Active:           383172 kB
Mem:          3.8G       3.7G       124M       5.7M        26M       3.2G

MemTotal:        4016004 kB
MemFree:          119240 kB
Active:           383180 kB
Mem:          3.8G       3.7G       115M       5.7M        26M       3.2G

MemTotal:        4016004 kB
MemFree:          110960 kB
Active:           383200 kB
Mem:          3.8G       3.7G       108M       5.7M        26M       3.3G

MemTotal:        4016004 kB
MemFree:          134364 kB
Active:           383200 kB
Mem:          3.8G       3.7G       131M       5.7M        26M       3.2G

MemTotal:        4016004 kB
MemFree:          115872 kB
Active:           383164 kB
Mem:          3.8G       3.7G       113M       5.7M        26M       3.2G

MemTotal:        4016004 kB
MemFree:          134780 kB
Active:           379808 kB
Mem:          3.8G       3.7G       131M       5.7M        26M       3.2G

MemTotal:        4016004 kB
MemFree:          143172 kB
Active:           379820 kB
Mem:          3.8G       3.7G       139M       5.7M        26M       3.2G

MemTotal:        4016004 kB
MemFree:          133808 kB
Active:           379804 kB
Mem:          3.8G       3.7G       130M       5.7M        26M       3.2G

MemTotal:        4016004 kB
MemFree:          125016 kB
Active:           379828 kB
Mem:          3.8G       3.7G       122M       5.7M        26M       3.2G

MemTotal:        4016004 kB
MemFree:          138960 kB
Active:           379828 kB
Mem:          3.8G       3.7G       135M       5.7M        26M       3.2G

MemTotal:        4016004 kB
MemFree:          128972 kB
Active:           379832 kB
Mem:          3.8G       3.7G       125M       5.7M        26M       3.2G

MemTotal:        4016004 kB
MemFree:          139028 kB
Active:           379840 kB
Mem:          3.8G       3.7G       135M       5.7M        26M       3.2G

MemTotal:        4016004 kB
MemFree:          129084 kB
Active:           379832 kB
Mem:          3.8G       3.7G       125M       5.7M        26M       3.2G

MemTotal:        4016004 kB
MemFree:          123052 kB
Active:           376176 kB
Mem:          3.8G       3.7G       120M       5.7M        26M       3.2G

MemTotal:        4016004 kB
MemFree:          147660 kB
Active:           376016 kB
Mem:          3.8G       3.7G       144M       5.7M        26M       3.2G

MemTotal:        4016004 kB
MemFree:          107116 kB
Active:           375968 kB
Mem:          3.8G       3.7G       104M       5.7M        26M       3.3G

MemTotal:        4016004 kB
MemFree:          107424 kB
Active:           375996 kB
Mem:          3.8G       3.7G       104M       5.7M        26M       3.3G

MemTotal:        4016004 kB
MemFree:          106992 kB
Active:           376004 kB
Mem:          3.8G       3.7G       104M       5.7M        26M       3.3G

MemTotal:        4016004 kB
MemFree:          107028 kB
Active:           375976 kB
Mem:          3.8G       3.7G       104M       5.7M        26M       3.3G

MemTotal:        4016004 kB
MemFree:          134908 kB
Active:           376000 kB
Mem:          3.8G       3.7G       131M       5.7M        26M       3.2G

MemTotal:        4016004 kB
MemFree:          142332 kB
Active:           375988 kB
Mem:          3.8G       3.7G       138M       5.7M        26M       3.2G

MemTotal:        4016004 kB
MemFree:          133352 kB
Active:           376000 kB
Mem:          3.8G       3.7G       130M       5.7M        26M       3.2G

MemTotal:        4016004 kB
MemFree:          123876 kB
Active:           376016 kB
Mem:          3.8G       3.7G       120M       5.7M        26M       3.2G

MemTotal:        4016004 kB
MemFree:          131432 kB
Active:           376048 kB
Mem:          3.8G       3.7G       127M       5.7M        26M       3.2G

MemTotal:        4016004 kB
MemFree:          122452 kB
Active:           376016 kB
Mem:          3.8G       3.7G       119M       5.7M        26M       3.2G

MemTotal:        4016004 kB
MemFree:          108172 kB
Active:           374412 kB
Mem:          3.8G       3.7G       106M       5.7M        26M       3.3G

MemTotal:        4016004 kB
MemFree:          128584 kB
Active:           374412 kB
Mem:          3.8G       3.7G       125M       5.7M        26M       3.2G

MemTotal:        4016004 kB
MemFree:          119488 kB
Active:           374380 kB
Mem:          3.8G       3.7G       115M       5.7M        26M       3.2G

MemTotal:        4016004 kB
MemFree:          120800 kB
Active:           374420 kB
Mem:          3.8G       3.7G       118M       5.7M        26M       3.2G

MemTotal:        4016004 kB
MemFree:          135392 kB
Active:           374388 kB
Mem:          3.8G       3.7G       132M       5.7M        26M       3.2G

MemTotal:        4016004 kB
MemFree:          116640 kB
Active:           374440 kB
Mem:          3.8G       3.7G       113M       5.7M        26M       3.2G

MemTotal:        4016004 kB
MemFree:          106536 kB
Active:           374456 kB
Mem:          3.8G       3.7G       104M       5.7M        26M       3.3G

MemTotal:        4016004 kB
MemFree:          122380 kB
Active:           374452 kB
Mem:          3.8G       3.7G       119M       5.7M        26M       3.2G

MemTotal:        4016004 kB
MemFree:          114156 kB
Active:           374408 kB
Mem:          3.8G       3.7G       111M       5.7M        26M       3.2G

MemTotal:        4016004 kB
MemFree:          123152 kB
Active:           373132 kB
Mem:          3.8G       3.7G       119M       5.7M        26M       3.2G

MemTotal:        4016004 kB
MemFree:          113252 kB
Active:           373084 kB
Mem:          3.8G       3.7G       110M       5.7M        26M       3.2G

MemTotal:        4016004 kB
MemFree:          127812 kB
Active:           373084 kB
Mem:          3.8G       3.7G       124M       5.7M        26M       3.2G

MemTotal:        4016004 kB
MemFree:          128320 kB
Active:           373100 kB
Mem:          3.8G       3.7G       125M       5.7M        26M       3.2G

MemTotal:        4016004 kB
MemFree:          124316 kB
Active:           373100 kB
Mem:          3.8G       3.7G       120M       5.7M        26M       3.2G

MemTotal:        4016004 kB
MemFree:          124816 kB
Active:           373052 kB
Mem:          3.8G       3.7G       121M       5.7M        26M       3.2G

MemTotal:        4016004 kB
MemFree:          108360 kB
Active:           373100 kB
Mem:          3.8G       3.7G       105M       5.7M        26M       3.3G

MemTotal:        4016004 kB
MemFree:          128120 kB
Active:           373048 kB
Mem:          3.8G       3.7G       125M       5.7M        26M       3.2G

MemTotal:        4016004 kB
MemFree:          125456 kB
Active:           373120 kB
Mem:          3.8G       3.7G       121M       5.7M        26M       3.2G

MemTotal:        4016004 kB
MemFree:          115080 kB
Active:           373088 kB
Mem:          3.8G       3.7G       111M       5.7M        26M       3.2G

MemTotal:        4016004 kB
MemFree:          116680 kB
Active:           373096 kB
Mem:          3.8G       3.7G       113M       5.7M        26M       3.2G

MemTotal:        4016004 kB
MemFree:          126788 kB
Active:           366604 kB
Mem:          3.8G       3.7G       123M       5.7M        26M       3.2G

MemTotal:        4016004 kB
MemFree:          128544 kB
Active:           366480 kB
Mem:          3.8G       3.7G       125M       5.7M        26M       3.2G

MemTotal:        4016004 kB
MemFree:          124600 kB
Active:           366488 kB
Mem:          3.8G       3.7G       121M       5.7M        26M       3.2G

MemTotal:        4016004 kB
MemFree:          109428 kB
Active:           366464 kB
Mem:          3.8G       3.7G       106M       5.7M        26M       3.2G

MemTotal:        4016004 kB
MemFree:          135756 kB
Active:           366480 kB
Mem:          3.8G       3.7G       132M       5.7M        26M       3.2G

MemTotal:        4016004 kB
MemFree:          138624 kB
Active:           366488 kB
Mem:          3.8G       3.7G       134M       5.7M        26M       3.2G

MemTotal:        4016004 kB
MemFree:          140888 kB
Active:           366496 kB
Mem:          3.8G       3.7G       137M       5.7M        26M       3.2G

MemTotal:        4016004 kB
MemFree:          114408 kB
Active:           366452 kB
Mem:          3.8G       3.7G       111M       5.7M        26M       3.2G

MemTotal:        4016004 kB
MemFree:          128200 kB
Active:           366468 kB
Mem:          3.8G       3.7G       124M       5.7M        26M       3.2G

MemTotal:        4016004 kB
MemFree:          117844 kB
Active:           366468 kB
Mem:          3.8G       3.7G       114M       5.7M        26M       3.2G

MemTotal:        4016004 kB
MemFree:          126636 kB
Active:           366520 kB
Mem:          3.8G       3.7G       123M       5.7M        26M       3.2G

MemTotal:        4016004 kB
MemFree:          120084 kB
Active:           363800 kB
Mem:          3.8G       3.7G       117M       5.7M        26M       3.2G

MemTotal:        4016004 kB
MemFree:          124932 kB
Active:           363808 kB
Mem:          3.8G       3.7G       122M       5.7M        26M       3.2G

MemTotal:        4016004 kB
MemFree:          115784 kB
Active:           363808 kB
Mem:          3.8G       3.7G       113M       5.7M        26M       3.2G

MemTotal:        4016004 kB
MemFree:          106636 kB
Active:           363808 kB
Mem:          3.8G       3.7G       104M       5.7M        26M       3.3G

MemTotal:        4016004 kB
MemFree:          115220 kB
Active:           363808 kB
Mem:          3.8G       3.7G       112M       5.7M        26M       3.2G

MemTotal:        4016004 kB
MemFree:          114164 kB
Active:           363808 kB
Mem:          3.8G       3.7G       111M       5.7M        26M       3.2G

MemTotal:        4016004 kB
MemFree:          128836 kB
Active:           363780 kB
Mem:          3.8G       3.7G       125M       5.7M        26M       3.2G

MemTotal:        4016004 kB
MemFree:          119716 kB
Active:           363820 kB
Mem:          3.8G       3.7G       116M       5.7M        26M       3.2G

MemTotal:        4016004 kB
MemFree:          148908 kB
Active:           363832 kB
Mem:          3.8G       3.7G       144M       5.7M        26M       3.2G

MemTotal:        4016004 kB
MemFree:          113264 kB
Active:           363804 kB
Mem:          3.8G       3.7G       110M       5.7M        26M       3.2G

MemTotal:        4016004 kB
MemFree:          128332 kB
Active:           363848 kB
Mem:          3.8G       3.7G       124M       5.7M        26M       3.2G

MemTotal:        4016004 kB
MemFree:          123992 kB
Active:           363852 kB
Mem:          3.8G       3.7G       120M       5.7M        26M       3.2G

MemTotal:        4016004 kB
MemFree:          126196 kB
Active:           361788 kB
Mem:          3.8G       3.7G       123M       5.7M        26M       3.2G

MemTotal:        4016004 kB
MemFree:          136880 kB
Active:           363044 kB
Mem:          3.8G       3.7G       133M       5.7M        26M       3.2G

MemTotal:        4016004 kB
MemFree:          127704 kB
Active:           363044 kB
Mem:          3.8G       3.7G       124M       5.7M        26M       3.2G

MemTotal:        4016004 kB
MemFree:          117460 kB
Active:           362924 kB
Mem:          3.8G       3.7G       114M       5.7M        26M       3.2G

MemTotal:        4016004 kB
MemFree:          108656 kB
Active:           362904 kB
Mem:          3.8G       3.7G       105M       5.7M        26M       3.2G

MemTotal:        4016004 kB
MemFree:          124676 kB
Active:           362932 kB
Mem:          3.8G       3.7G       121M       5.7M        26M       3.2G

MemTotal:        4016004 kB
MemFree:          123980 kB
Active:           362816 kB
Mem:          3.8G       3.7G       120M       5.7M        26M       3.2G

MemTotal:        4016004 kB
MemFree:          111344 kB
Active:           362800 kB
Mem:          3.8G       3.7G       108M       5.7M        26M       3.2G

MemTotal:        4016004 kB
MemFree:          110840 kB
Active:           362816 kB
Mem:          3.8G       3.7G       107M       5.7M        26M       3.2G

MemTotal:        4016004 kB
MemFree:          110596 kB
Active:           362812 kB
Mem:          3.8G       3.7G       108M       5.7M        26M       3.2G

MemTotal:        4016004 kB
MemFree:          145880 kB
Active:           362840 kB
Mem:          3.8G       3.7G       142M       5.7M        26M       3.2G

MemTotal:        4016004 kB
MemFree:          125904 kB
Active:           362840 kB
Mem:          3.8G       3.7G       122M       5.7M        26M       3.2G

MemTotal:        4016004 kB
MemFree:          144596 kB
Active:           362844 kB
Mem:          3.8G       3.7G       140M       5.7M        26M       3.2G

MemTotal:        4016004 kB
MemFree:          135464 kB
Active:           362844 kB
Mem:          3.8G       3.7G       132M       5.7M        26M       3.2G

MemTotal:        4016004 kB
MemFree:          126128 kB
Active:           362828 kB
Mem:          3.8G       3.7G       122M       5.7M        26M       3.2G

MemTotal:        4016004 kB
MemFree:          138276 kB
Active:           359396 kB
Mem:          3.8G       3.7G       134M       5.7M        26M       3.2G

MemTotal:        4016004 kB
MemFree:          129756 kB
Active:           359396 kB
Mem:          3.8G       3.7G       126M       5.7M        26M       3.2G

MemTotal:        4016004 kB
MemFree:          131256 kB
Active:           359396 kB
Mem:          3.8G       3.7G       128M       5.7M        26M       3.2G

MemTotal:        4016004 kB
MemFree:          122048 kB
Active:           359384 kB
Mem:          3.8G       3.7G       119M       5.7M        26M       3.2G

MemTotal:        4016004 kB
MemFree:          113288 kB
Active:           359388 kB
Mem:          3.8G       3.7G       110M       5.7M        26M       3.2G

MemTotal:        4016004 kB
MemFree:          127908 kB
Active:           359404 kB
Mem:          3.8G       3.7G       124M       5.7M        26M       3.2G

MemTotal:        4016004 kB
MemFree:          119860 kB
Active:           359416 kB
Mem:          3.8G       3.7G       116M       5.7M        26M       3.2G

MemTotal:        4016004 kB
MemFree:          109924 kB
Active:           359428 kB
Mem:          3.8G       3.7G       107M       5.7M        26M       3.2G

MemTotal:        4016004 kB
MemFree:          129820 kB
Active:           359428 kB
Mem:          3.8G       3.7G       126M       5.7M        26M       3.2G

MemTotal:        4016004 kB
MemFree:          120884 kB
Active:           359436 kB
Mem:          3.8G       3.7G       117M       5.7M        26M       3.2G

MemTotal:        4016004 kB
MemFree:          122588 kB
Active:           359444 kB
Mem:          3.8G       3.7G       120M       5.7M        26M       3.2G

MemTotal:        4016004 kB
MemFree:          131672 kB
Active:           359440 kB
Mem:          3.8G       3.7G       128M       5.7M        26M       3.2G

MemTotal:        4016004 kB
MemFree:          122140 kB
Active:           359452 kB
Mem:          3.8G       3.7G       119M       5.7M        26M       3.2G

MemTotal:        4016004 kB
MemFree:          106172 kB
Active:           359396 kB
Mem:          3.8G       3.7G       103M       5.7M        26M       3.2G

MemTotal:        4016004 kB
MemFree:          127080 kB
Active:           359444 kB
Mem:          3.8G       3.7G       124M       5.7M        26M       3.2G

MemTotal:        4016004 kB
MemFree:          118388 kB
Active:           359416 kB
Mem:          3.8G       3.7G       115M       5.7M        26M       3.2G

MemTotal:        4016004 kB
MemFree:          133588 kB
Active:           357332 kB
Mem:          3.8G       3.7G       130M       5.7M        26M       3.2G

MemTotal:        4016004 kB
MemFree:          130376 kB
Active:           357272 kB
Mem:          3.8G       3.7G       127M       5.7M        26M       3.2G

MemTotal:        4016004 kB
MemFree:          130344 kB
Active:           357240 kB
Mem:          3.8G       3.7G       127M       5.7M        26M       3.2G

MemTotal:        4016004 kB
MemFree:          130392 kB
Active:           357276 kB
Mem:          3.8G       3.7G       127M       5.7M        26M       3.2G

MemTotal:        4016004 kB
MemFree:          115676 kB
Active:           357284 kB
Mem:          3.8G       3.7G       112M       5.7M        26M       3.2G

MemTotal:        4016004 kB
MemFree:          105704 kB
Active:           357272 kB
Mem:          3.8G       3.7G       102M       5.7M        26M       3.2G

MemTotal:        4016004 kB
MemFree:          132192 kB
Active:           357188 kB
Mem:          3.8G       3.7G       128M       5.7M        26M       3.2G

MemTotal:        4016004 kB
MemFree:          140884 kB
Active:           357140 kB
Mem:          3.8G       3.7G       137M       5.7M        26M       3.2G

MemTotal:        4016004 kB
MemFree:          131256 kB
Active:           357200 kB
Mem:          3.8G       3.7G       127M       5.7M        26M       3.2G

MemTotal:        4016004 kB
MemFree:          121720 kB
Active:           357200 kB
Mem:          3.8G       3.7G       119M       5.7M        26M       3.2G

MemTotal:        4016004 kB
MemFree:          137028 kB
Active:           357192 kB
Mem:          3.8G       3.7G       133M       5.7M        26M       3.2G

MemTotal:        4016004 kB
MemFree:          133224 kB
Active:           357144 kB
Mem:          3.8G       3.7G       129M       5.7M        26M       3.2G

MemTotal:        4016004 kB
MemFree:          127916 kB
Active:           357168 kB
Mem:          3.8G       3.7G       125M       5.7M        26M       3.2G

MemTotal:        4016004 kB
MemFree:          117680 kB
Active:           357184 kB
Mem:          3.8G       3.7G       114M       5.7M        26M       3.2G

MemTotal:        4016004 kB
MemFree:          106344 kB
Active:           357084 kB
Mem:          3.8G       3.7G       103M       5.7M        26M       3.2G

MemTotal:        4016004 kB
MemFree:          106180 kB
Active:           356892 kB
Mem:          3.8G       3.7G       103M       5.7M        26M       3.2G

MemTotal:        4016004 kB
MemFree:          106180 kB
Active:           356860 kB
Mem:          3.8G       3.7G       103M       5.7M        26M       3.2G

MemTotal:        4016004 kB
MemFree:          106304 kB
Active:           356884 kB
Mem:          3.8G       3.7G       103M       5.7M        26M       3.2G

MemTotal:        4016004 kB
MemFree:          106304 kB
Active:           356896 kB
Mem:          3.8G       3.7G       103M       5.7M        26M       3.2G

MemTotal:        4016004 kB
MemFree:          105688 kB
Active:           356876 kB
Mem:          3.8G       3.7G       103M       5.7M        26M       3.2G

MemTotal:        4016004 kB
MemFree:          105860 kB
Active:           356888 kB
Mem:          3.8G       3.7G       103M       5.7M        26M       3.2G

MemTotal:        4016004 kB
MemFree:          105712 kB
Active:           356924 kB
Mem:          3.8G       3.7G       102M       5.7M        26M       3.2G

MemTotal:        4016004 kB
MemFree:          105964 kB
Active:           356872 kB
Mem:          3.8G       3.7G       103M       5.7M        26M       3.2G

MemTotal:        4016004 kB
MemFree:          105964 kB
Active:           356900 kB
Mem:          3.8G       3.7G       103M       5.7M        26M       3.2G

MemTotal:        4016004 kB
MemFree:          105964 kB
Active:           356868 kB
Mem:          3.8G       3.7G       103M       5.7M        26M       3.2G

MemTotal:        4016004 kB
MemFree:          105716 kB
Active:           356892 kB
Mem:          3.8G       3.7G       103M       5.7M        26M       3.2G

MemTotal:        4016004 kB
MemFree:          105716 kB
Active:           356900 kB
Mem:          3.8G       3.7G       103M       5.7M        26M       3.2G

MemTotal:        4016004 kB
MemFree:          105716 kB
Active:           356912 kB
Mem:          3.8G       3.7G       103M       5.7M        26M       3.2G

MemTotal:        4016004 kB
MemFree:          105840 kB
Active:           356908 kB
Mem:          3.8G       3.7G       103M       5.7M        26M       3.2G

MemTotal:        4016004 kB
MemFree:          105840 kB
Active:           356928 kB
Mem:          3.8G       3.7G       103M       5.7M        26M       3.2G

MemTotal:        4016004 kB
MemFree:          105840 kB
Active:           356936 kB
Mem:          3.8G       3.7G       103M       5.7M        26M       3.2G

MemTotal:        4016004 kB
MemFree:          105716 kB
Active:           356916 kB
Mem:          3.8G       3.7G       103M       5.7M        26M       3.2G

MemTotal:        4016004 kB
MemFree:          105840 kB
Active:           356912 kB
Mem:          3.8G       3.7G       103M       5.7M        26M       3.2G

MemTotal:        4016004 kB
MemFree:          105964 kB
Active:           356932 kB
Mem:          3.8G       3.7G       103M       5.7M        26M       3.2G

MemTotal:        4016004 kB
MemFree:          105592 kB
Active:           356956 kB
Mem:          3.8G       3.7G       103M       5.7M        26M       3.2G

MemTotal:        4016004 kB
MemFree:          105716 kB
Active:           356960 kB
Mem:          3.8G       3.7G       103M       5.7M        26M       3.2G

MemTotal:        4016004 kB
MemFree:          106088 kB
Active:           356928 kB
Mem:          3.8G       3.7G       103M       5.7M        26M       3.2G

MemTotal:        4016004 kB
MemFree:          105964 kB
Active:           356916 kB
Mem:          3.8G       3.7G       103M       5.7M        26M       3.2G

MemTotal:        4016004 kB
MemFree:          105964 kB
Active:           356904 kB
Mem:          3.8G       3.7G       103M       5.7M        26M       3.2G

MemTotal:        4016004 kB
MemFree:          105468 kB
Active:           356960 kB
Mem:          3.8G       3.7G       103M       5.7M        26M       3.2G

MemTotal:        4016004 kB
MemFree:          105840 kB
Active:           356924 kB
Mem:          3.8G       3.7G       103M       5.7M        26M       3.2G

MemTotal:        4016004 kB
MemFree:          105592 kB
Active:           356968 kB
Mem:          3.8G       3.7G       103M       5.7M        26M       3.2G

MemTotal:        4016004 kB
MemFree:          105716 kB
Active:           356968 kB
Mem:          3.8G       3.7G       103M       5.7M        26M       3.2G

MemTotal:        4016004 kB
MemFree:          105964 kB
Active:           356964 kB
Mem:          3.8G       3.7G       103M       5.7M        26M       3.2G

MemTotal:        4016004 kB
MemFree:          106088 kB
Active:           356916 kB
Mem:          3.8G       3.7G       103M       5.7M        26M       3.2G

MemTotal:        4016004 kB
MemFree:          106088 kB
Active:           356932 kB
Mem:          3.8G       3.7G       103M       5.7M        26M       3.2G

MemTotal:        4016004 kB
MemFree:          105716 kB
Active:           356972 kB
Mem:          3.8G       3.7G       103M       5.7M        26M       3.2G

MemTotal:        4016004 kB
MemFree:          105592 kB
Active:           356972 kB
Mem:          3.8G       3.7G       103M       5.7M        26M       3.2G

MemTotal:        4016004 kB
MemFree:          105964 kB
Active:           356968 kB
Mem:          3.8G       3.7G       103M       5.7M        26M       3.2G

MemTotal:        4016004 kB
MemFree:          105840 kB
Active:           356936 kB
Mem:          3.8G       3.7G       103M       5.7M        27M       3.2G

MemTotal:        4016004 kB
MemFree:          105840 kB
Active:           356944 kB
Mem:          3.8G       3.7G       103M       5.7M        27M       3.2G

MemTotal:        4016004 kB
MemFree:          105964 kB
Active:           356968 kB
Mem:          3.8G       3.7G       103M       5.7M        27M       3.2G

MemTotal:        4016004 kB
MemFree:          106088 kB
Active:           356976 kB
Mem:          3.8G       3.7G       103M       5.7M        27M       3.2G

MemTotal:        4016004 kB
MemFree:          105964 kB
Active:           356936 kB
Mem:          3.8G       3.7G       103M       5.7M        27M       3.2G

MemTotal:        4016004 kB
MemFree:          105592 kB
Active:           356992 kB
