MemTotal:        4016004 kB
MemFree:         3251392 kB
Active:           407816 kB
Mem:          3.8G       746M       3.1G       5.7M        54M       315M

MemTotal:        4016004 kB
MemFree:         3251896 kB
Active:           407756 kB
Mem:          3.8G       746M       3.1G       5.7M        54M       315M

MemTotal:        4016004 kB
MemFree:         3252036 kB
Active:           407804 kB
Mem:          3.8G       746M       3.1G       5.7M        54M       315M

MemTotal:        4016004 kB
MemFree:         3252020 kB
Active:           407820 kB
Mem:          3.8G       746M       3.1G       5.7M        54M       315M

MemTotal:        4016004 kB
MemFree:         3251756 kB
Active:           407860 kB
Mem:          3.8G       746M       3.1G       5.7M        54M       315M

MemTotal:        4016004 kB
MemFree:         3251880 kB
Active:           407840 kB
Mem:          3.8G       746M       3.1G       5.7M        54M       315M

MemTotal:        4016004 kB
MemFree:         3251864 kB
Active:           407820 kB
Mem:          3.8G       746M       3.1G       5.7M        54M       315M

MemTotal:        4016004 kB
MemFree:         3251948 kB
Active:           407868 kB
Mem:          3.8G       746M       3.1G       5.7M        54M       315M

MemTotal:        4016004 kB
MemFree:         3252288 kB
Active:           407844 kB
Mem:          3.8G       745M       3.1G       5.7M        54M       315M

MemTotal:        4016004 kB
MemFree:         3252148 kB
Active:           407828 kB
Mem:          3.8G       745M       3.1G       5.7M        54M       315M

MemTotal:        4016004 kB
MemFree:         3252256 kB
Active:           407860 kB
Mem:          3.8G       745M       3.1G       5.7M        54M       315M

MemTotal:        4016004 kB
MemFree:         3251792 kB
Active:           407868 kB
Mem:          3.8G       746M       3.1G       5.7M        54M       315M

MemTotal:        4016004 kB
MemFree:         3251792 kB
Active:           407868 kB
Mem:          3.8G       746M       3.1G       5.7M        54M       315M

MemTotal:        4016004 kB
MemFree:         3252288 kB
Active:           407836 kB
Mem:          3.8G       745M       3.1G       5.7M        54M       315M

MemTotal:        4016004 kB
MemFree:         3251916 kB
Active:           407876 kB
Mem:          3.8G       746M       3.1G       5.7M        54M       315M

MemTotal:        4016004 kB
MemFree:         3252288 kB
Active:           407848 kB
Mem:          3.8G       746M       3.1G       5.7M        54M       315M

MemTotal:        4016004 kB
MemFree:         3254100 kB
Active:           405860 kB
Mem:          3.8G       744M       3.1G       5.7M        54M       315M

MemTotal:        4016004 kB
MemFree:         3254240 kB
Active:           405808 kB
Mem:          3.8G       743M       3.1G       5.7M        54M       315M

MemTotal:        4016004 kB
MemFree:         3253620 kB
Active:           405864 kB
Mem:          3.8G       744M       3.1G       5.7M        54M       315M

MemTotal:        4016004 kB
MemFree:         3253992 kB
Active:           405844 kB
Mem:          3.8G       744M       3.1G       5.7M        54M       315M

MemTotal:        4016004 kB
MemFree:         3254240 kB
Active:           405828 kB
Mem:          3.8G       744M       3.1G       5.7M        54M       315M

MemTotal:        4016004 kB
MemFree:         3254100 kB
Active:           405868 kB
Mem:          3.8G       744M       3.1G       5.7M        54M       315M

MemTotal:        4016004 kB
MemFree:         3253836 kB
Active:           405872 kB
Mem:          3.8G       744M       3.1G       5.7M        54M       315M

MemTotal:        4016004 kB
MemFree:         3253916 kB
Active:           405852 kB
Mem:          3.8G       744M       3.1G       5.7M        54M       315M

MemTotal:        4016004 kB
MemFree:         3253792 kB
Active:           405832 kB
Mem:          3.8G       744M       3.1G       5.7M        54M       315M

MemTotal:        4016004 kB
MemFree:         3254040 kB
Active:           405864 kB
Mem:          3.8G       744M       3.1G       5.7M        54M       315M

MemTotal:        4016004 kB
MemFree:         3254164 kB
Active:           405836 kB
Mem:          3.8G       743M       3.1G       5.7M        54M       315M

MemTotal:        4016004 kB
MemFree:         3254164 kB
Active:           405864 kB
Mem:          3.8G       743M       3.1G       5.7M        54M       315M

MemTotal:        4016004 kB
MemFree:         3254164 kB
Active:           405828 kB
Mem:          3.8G       743M       3.1G       5.7M        54M       315M

MemTotal:        4016004 kB
MemFree:         3253668 kB
Active:           405884 kB
Mem:          3.8G       744M       3.1G       5.7M        54M       315M

MemTotal:        4016004 kB
MemFree:         3254132 kB
Active:           405856 kB
Mem:          3.8G       744M       3.1G       5.7M        54M       315M

MemTotal:        4016004 kB
MemFree:         3254240 kB
Active:           405828 kB
Mem:          3.8G       744M       3.1G       5.7M        54M       315M

MemTotal:        4016004 kB
MemFree:         3254224 kB
Active:           405864 kB
Mem:          3.8G       744M       3.1G       5.7M        54M       315M

MemTotal:        4016004 kB
MemFree:         3254084 kB
Active:           405848 kB
Mem:          3.8G       744M       3.1G       5.7M        54M       315M

MemTotal:        4016004 kB
MemFree:         3254008 kB
Active:           405884 kB
Mem:          3.8G       744M       3.1G       5.7M        54M       315M

MemTotal:        4016004 kB
MemFree:         3254008 kB
Active:           405868 kB
Mem:          3.8G       744M       3.1G       5.7M        54M       315M

MemTotal:        4016004 kB
MemFree:         3253760 kB
Active:           405896 kB
Mem:          3.8G       744M       3.1G       5.7M        54M       315M

MemTotal:        4016004 kB
MemFree:         3254132 kB
Active:           405880 kB
Mem:          3.8G       744M       3.1G       5.7M        54M       315M

MemTotal:        4016004 kB
MemFree:         3254132 kB
Active:           405856 kB
Mem:          3.8G       743M       3.1G       5.7M        54M       315M

MemTotal:        4016004 kB
MemFree:         3254132 kB
Active:           405888 kB
Mem:          3.8G       744M       3.1G       5.7M        54M       315M

MemTotal:        4016004 kB
MemFree:         3253744 kB
Active:           405900 kB
Mem:          3.8G       744M       3.1G       5.7M        54M       315M

MemTotal:        4016004 kB
MemFree:         3254100 kB
Active:           405892 kB
Mem:          3.8G       744M       3.1G       5.7M        54M       315M

MemTotal:        4016004 kB
MemFree:         3253712 kB
Active:           405856 kB
Mem:          3.8G       744M       3.1G       5.7M        54M       315M

MemTotal:        4016004 kB
MemFree:         3253588 kB
Active:           405868 kB
Mem:          3.8G       744M       3.1G       5.7M        54M       315M

MemTotal:        4016004 kB
MemFree:         3253588 kB
Active:           405872 kB
Mem:          3.8G       744M       3.1G       5.7M        54M       315M

MemTotal:        4016004 kB
MemFree:         3253216 kB
Active:           405916 kB
Mem:          3.8G       744M       3.1G       5.7M        54M       315M

MemTotal:        4016004 kB
MemFree:         3253636 kB
Active:           405876 kB
Mem:          3.8G       744M       3.1G       5.7M        54M       315M

MemTotal:        4016004 kB
MemFree:         3253760 kB
Active:           405908 kB
Mem:          3.8G       744M       3.1G       5.7M        54M       315M

MemTotal:        4016004 kB
MemFree:         3253760 kB
Active:           405880 kB
Mem:          3.8G       744M       3.1G       5.7M        54M       315M

MemTotal:        4016004 kB
MemFree:         3253636 kB
Active:           405932 kB
Mem:          3.8G       744M       3.1G       5.7M        54M       315M

MemTotal:        4016004 kB
MemFree:         3254008 kB
Active:           405900 kB
Mem:          3.8G       744M       3.1G       5.7M        54M       315M

MemTotal:        4016004 kB
MemFree:         3253884 kB
Active:           405920 kB
Mem:          3.8G       744M       3.1G       5.7M        54M       315M

MemTotal:        4016004 kB
MemFree:         3253388 kB
Active:           405952 kB
Mem:          3.8G       744M       3.1G       5.7M        54M       315M

MemTotal:        4016004 kB
MemFree:         3253868 kB
Active:           405936 kB
Mem:          3.8G       744M       3.1G       5.7M        54M       315M

MemTotal:        4016004 kB
MemFree:         3253852 kB
Active:           405912 kB
Mem:          3.8G       744M       3.1G       5.7M        54M       315M

MemTotal:        4016004 kB
MemFree:         3253844 kB
Active:           405896 kB
Mem:          3.8G       744M       3.1G       5.7M        54M       315M

MemTotal:        4016004 kB
MemFree:         3253520 kB
Active:           405956 kB
Mem:          3.8G       744M       3.1G       5.7M        54M       315M

MemTotal:        4016004 kB
MemFree:         3253148 kB
Active:           405956 kB
Mem:          3.8G       744M       3.1G       5.7M        54M       315M

MemTotal:        4016004 kB
MemFree:         3253644 kB
Active:           405932 kB
Mem:          3.8G       744M       3.1G       5.7M        54M       315M

MemTotal:        4016004 kB
MemFree:         3254016 kB
Active:           405956 kB
Mem:          3.8G       744M       3.1G       5.7M        54M       315M

MemTotal:        4016004 kB
MemFree:         3253644 kB
Active:           406112 kB
Mem:          3.8G       744M       3.1G       5.7M        54M       315M

MemTotal:        4016004 kB
MemFree:         3137132 kB
Active:           406656 kB
Mem:          3.8G       860M       3.0G       5.7M        54M       429M

MemTotal:        4016004 kB
MemFree:         3097772 kB
Active:           406656 kB
Mem:          3.8G       896M       3.0G       5.7M        54M       464M

MemTotal:        4016004 kB
MemFree:         3010172 kB
Active:           406664 kB
Mem:          3.8G       984M       2.9G       5.7M        54M       550M

MemTotal:        4016004 kB
MemFree:         2880428 kB
Active:           406712 kB
Mem:          3.8G       1.1G       2.7G       5.7M        54M       675M

MemTotal:        4016004 kB
MemFree:         2798040 kB
Active:           406708 kB
Mem:          3.8G       1.2G       2.7G       5.7M        54M       753M

MemTotal:        4016004 kB
MemFree:         2796120 kB
Active:           406664 kB
Mem:          3.8G       1.2G       2.7G       5.7M        54M       754M

MemTotal:        4016004 kB
MemFree:         2750716 kB
Active:           406720 kB
Mem:          3.8G       1.2G       2.6G       5.7M        54M       800M

MemTotal:        4016004 kB
MemFree:         2699112 kB
Active:           406720 kB
Mem:          3.8G       1.3G       2.6G       5.7M        54M       848M

MemTotal:        4016004 kB
MemFree:         2697992 kB
Active:           406696 kB
Mem:          3.8G       1.3G       2.6G       5.7M        54M       849M

MemTotal:        4016004 kB
MemFree:         2696980 kB
Active:           406712 kB
Mem:          3.8G       1.3G       2.6G       5.7M        54M       850M

MemTotal:        4016004 kB
MemFree:         2695988 kB
Active:           406744 kB
Mem:          3.8G       1.3G       2.6G       5.7M        54M       851M

MemTotal:        4016004 kB
MemFree:         2609032 kB
Active:           406776 kB
Mem:          3.8G       1.3G       2.5G       5.7M        54M       937M

MemTotal:        4016004 kB
MemFree:         2570356 kB
Active:           406732 kB
Mem:          3.8G       1.4G       2.4G       5.7M        54M       973M

MemTotal:        4016004 kB
MemFree:         2436988 kB
Active:           406776 kB
Mem:          3.8G       1.5G       2.3G       5.7M        54M       1.1G

MemTotal:        4016004 kB
MemFree:         2342484 kB
Active:           406784 kB
Mem:          3.8G       1.6G       2.2G       5.7M        54M       1.2G

MemTotal:        4016004 kB
MemFree:         2289024 kB
Active:           408792 kB
Mem:          3.8G       1.6G       2.2G       5.7M        54M       1.2G

MemTotal:        4016004 kB
MemFree:         2241900 kB
Active:           408812 kB
Mem:          3.8G       1.7G       2.1G       5.7M        54M       1.3G

MemTotal:        4016004 kB
MemFree:         2240732 kB
Active:           408768 kB
Mem:          3.8G       1.7G       2.1G       5.7M        55M       1.3G

MemTotal:        4016004 kB
MemFree:         2158564 kB
Active:           408788 kB
Mem:          3.8G       1.8G       2.1G       5.7M        55M       1.3G

MemTotal:        4016004 kB
MemFree:         2140844 kB
Active:           408820 kB
Mem:          3.8G       1.8G       2.0G       5.7M        55M       1.4G

MemTotal:        4016004 kB
MemFree:         2082252 kB
Active:           408824 kB
Mem:          3.8G       1.8G       2.0G       5.7M        55M       1.4G

MemTotal:        4016004 kB
MemFree:         2042428 kB
Active:           408832 kB
Mem:          3.8G       1.9G       1.9G       5.7M        55M       1.4G

MemTotal:        4016004 kB
MemFree:         2040952 kB
Active:           408844 kB
Mem:          3.8G       1.9G       1.9G       5.7M        55M       1.4G

MemTotal:        4016004 kB
MemFree:         2040408 kB
Active:           408832 kB
Mem:          3.8G       1.9G       1.9G       5.7M        55M       1.4G

MemTotal:        4016004 kB
MemFree:         2040752 kB
Active:           408832 kB
Mem:          3.8G       1.9G       1.9G       5.7M        55M       1.4G

MemTotal:        4016004 kB
MemFree:         2002780 kB
Active:           408860 kB
Mem:          3.8G       1.9G       1.9G       5.7M        55M       1.5G

MemTotal:        4016004 kB
MemFree:         1864992 kB
Active:           408872 kB
Mem:          3.8G       2.1G       1.8G       5.7M        55M       1.6G

MemTotal:        4016004 kB
MemFree:         1740844 kB
Active:           408872 kB
Mem:          3.8G       2.2G       1.7G       5.7M        55M       1.7G

MemTotal:        4016004 kB
MemFree:         1687208 kB
Active:           408880 kB
Mem:          3.8G       2.2G       1.6G       5.7M        55M       1.8G

MemTotal:        4016004 kB
MemFree:         1654068 kB
Active:           408892 kB
Mem:          3.8G       2.3G       1.6G       5.7M        55M       1.8G

MemTotal:        4016004 kB
MemFree:         1586860 kB
Active:           408892 kB
Mem:          3.8G       2.3G       1.5G       5.7M        55M       1.9G

MemTotal:        4016004 kB
MemFree:         1572128 kB
Active:           409144 kB
Mem:          3.8G       2.3G       1.5G       5.7M        55M       1.9G

MemTotal:        4016004 kB
MemFree:         1484456 kB
Active:           412332 kB
Mem:          3.8G       2.4G       1.4G       5.7M        58M       2.0G

MemTotal:        4016004 kB
MemFree:         1478984 kB
Active:           417116 kB
Mem:          3.8G       2.4G       1.4G       5.7M        62M       2.0G

MemTotal:        4016004 kB
MemFree:         1478424 kB
Active:           416792 kB
Mem:          3.8G       2.4G       1.4G       5.7M        62M       2.0G

MemTotal:        4016004 kB
MemFree:         1473980 kB
Active:           418740 kB
Mem:          3.8G       2.4G       1.4G       5.7M        62M       2.0G

MemTotal:        4016004 kB
MemFree:         1441368 kB
Active:           418744 kB
Mem:          3.8G       2.5G       1.4G       5.7M        62M       2.0G

MemTotal:        4016004 kB
MemFree:         1316804 kB
Active:           418744 kB
Mem:          3.8G       2.6G       1.3G       5.7M        62M       2.1G

MemTotal:        4016004 kB
MemFree:         1218744 kB
Active:           418744 kB
Mem:          3.8G       2.7G       1.2G       5.7M        62M       2.2G

MemTotal:        4016004 kB
MemFree:         1143848 kB
Active:           418712 kB
Mem:          3.8G       2.7G       1.1G       5.7M        62M       2.3G

MemTotal:        4016004 kB
MemFree:         1125436 kB
Active:           418744 kB
Mem:          3.8G       2.8G       1.1G       5.7M        62M       2.3G

MemTotal:        4016004 kB
MemFree:         1056040 kB
Active:           418732 kB
Mem:          3.8G       2.8G       1.0G       5.7M        62M       2.4G

MemTotal:        4016004 kB
MemFree:         1023080 kB
Active:           418764 kB
Mem:          3.8G       2.9G       998M       5.7M        62M       2.4G

MemTotal:        4016004 kB
MemFree:          995800 kB
Active:           418768 kB
Mem:          3.8G       2.9G       971M       5.7M        62M       2.4G

MemTotal:        4016004 kB
MemFree:          922852 kB
Active:           418796 kB
Mem:          3.8G       3.0G       900M       5.7M        62M       2.5G

MemTotal:        4016004 kB
MemFree:          921072 kB
Active:           418800 kB
Mem:          3.8G       3.0G       899M       5.7M        62M       2.5G

MemTotal:        4016004 kB
MemFree:          919928 kB
Active:           418824 kB
Mem:          3.8G       3.0G       898M       5.7M        62M       2.5G

MemTotal:        4016004 kB
MemFree:          919084 kB
Active:           418784 kB
Mem:          3.8G       3.0G       897M       5.7M        62M       2.5G

MemTotal:        4016004 kB
MemFree:          855456 kB
Active:           418832 kB
Mem:          3.8G       3.0G       833M       5.7M        62M       2.5G

MemTotal:        4016004 kB
MemFree:          736812 kB
Active:           418816 kB
Mem:          3.8G       3.1G       717M       5.7M        62M       2.7G

MemTotal:        4016004 kB
MemFree:          643308 kB
Active:           418820 kB
Mem:          3.8G       3.2G       627M       5.7M        62M       2.7G

MemTotal:        4016004 kB
MemFree:          574048 kB
Active:           418800 kB
Mem:          3.8G       3.3G       558M       5.7M        62M       2.8G

MemTotal:        4016004 kB
MemFree:          552404 kB
Active:           418844 kB
Mem:          3.8G       3.3G       539M       5.7M        62M       2.8G

MemTotal:        4016004 kB
MemFree:          536548 kB
Active:           418844 kB
Mem:          3.8G       3.3G       522M       5.7M        62M       2.8G

MemTotal:        4016004 kB
MemFree:          460032 kB
Active:           418832 kB
Mem:          3.8G       3.4G       449M       5.7M        62M       2.9G

MemTotal:        4016004 kB
MemFree:          399612 kB
Active:           420860 kB
Mem:          3.8G       3.5G       387M       5.7M        62M       3.0G

MemTotal:        4016004 kB
MemFree:          367760 kB
Active:           420884 kB
Mem:          3.8G       3.5G       358M       5.7M        62M       3.0G

MemTotal:        4016004 kB
MemFree:          366100 kB
Active:           420872 kB
Mem:          3.8G       3.5G       357M       5.7M        62M       3.0G

MemTotal:        4016004 kB
MemFree:          365276 kB
Active:           420904 kB
Mem:          3.8G       3.5G       356M       5.7M        62M       3.0G

MemTotal:        4016004 kB
MemFree:          365200 kB
Active:           420900 kB
Mem:          3.8G       3.5G       356M       5.7M        62M       3.0G

MemTotal:        4016004 kB
MemFree:          330940 kB
Active:           420908 kB
Mem:          3.8G       3.5G       320M       5.7M        62M       3.0G

MemTotal:        4016004 kB
MemFree:          218932 kB
Active:           420920 kB
Mem:          3.8G       3.6G       212M       5.7M        62M       3.1G

MemTotal:        4016004 kB
MemFree:          134572 kB
Active:           422260 kB
Mem:          3.8G       3.7G       140M       5.7M        27M       3.2G

MemTotal:        4016004 kB
MemFree:          152636 kB
Active:           480560 kB
Mem:          3.8G       3.7G       148M       5.7M        27M       3.2G

MemTotal:        4016004 kB
MemFree:          137976 kB
Active:           478488 kB
Mem:          3.8G       3.7G       132M       5.7M        27M       3.3G

MemTotal:        4016004 kB
MemFree:          140284 kB
Active:           474480 kB
Mem:          3.8G       3.7G       136M       5.7M        27M       3.3G

MemTotal:        4016004 kB
MemFree:          125648 kB
Active:           471424 kB
Mem:          3.8G       3.7G       122M       5.7M        27M       3.3G

MemTotal:        4016004 kB
MemFree:          120748 kB
Active:           471304 kB
Mem:          3.8G       3.7G       115M       5.7M        27M       3.3G

MemTotal:        4016004 kB
MemFree:          142028 kB
Active:           460836 kB
Mem:          3.8G       3.7G       138M       5.7M        27M       3.2G

MemTotal:        4016004 kB
MemFree:          142256 kB
Active:           460860 kB
Mem:          3.8G       3.7G       138M       5.7M        27M       3.2G

MemTotal:        4016004 kB
MemFree:          140560 kB
Active:           460872 kB
Mem:          3.8G       3.7G       137M       5.7M        27M       3.3G

MemTotal:        4016004 kB
MemFree:          139324 kB
Active:           460868 kB
Mem:          3.8G       3.7G       135M       5.7M        27M       3.3G

MemTotal:        4016004 kB
MemFree:          118604 kB
Active:           460856 kB
Mem:          3.8G       3.7G       113M       5.7M        27M       3.3G

MemTotal:        4016004 kB
MemFree:          131940 kB
Active:           448332 kB
Mem:          3.8G       3.7G       126M       5.7M        27M       3.3G

MemTotal:        4016004 kB
MemFree:          129064 kB
Active:           433980 kB
Mem:          3.8G       3.7G       128M       5.7M        27M       3.3G

MemTotal:        4016004 kB
MemFree:          130280 kB
Active:           433156 kB
Mem:          3.8G       3.7G       126M       5.7M        27M       3.3G

MemTotal:        4016004 kB
MemFree:          127940 kB
Active:           431376 kB
Mem:          3.8G       3.7G       122M       5.7M        27M       3.3G

MemTotal:        4016004 kB
MemFree:          114784 kB
Active:           431248 kB
Mem:          3.8G       3.7G       111M       5.7M        27M       3.3G

MemTotal:        4016004 kB
MemFree:          115004 kB
Active:           429020 kB
Mem:          3.8G       3.7G       112M       5.7M        27M       3.3G

MemTotal:        4016004 kB
MemFree:          128660 kB
Active:           427804 kB
Mem:          3.8G       3.7G       122M       5.7M        27M       3.3G

MemTotal:        4016004 kB
MemFree:          125404 kB
Active:           426140 kB
Mem:          3.8G       3.7G       119M       5.7M        27M       3.3G

MemTotal:        4016004 kB
MemFree:          129776 kB
Active:           424860 kB
Mem:          3.8G       3.7G       126M       5.7M        27M       3.3G

MemTotal:        4016004 kB
MemFree:          129088 kB
Active:           424836 kB
Mem:          3.8G       3.7G       126M       5.7M        27M       3.3G

MemTotal:        4016004 kB
MemFree:          127160 kB
Active:           424884 kB
Mem:          3.8G       3.7G       124M       5.7M        27M       3.3G

MemTotal:        4016004 kB
MemFree:          126316 kB
Active:           422984 kB
Mem:          3.8G       3.7G       123M       5.7M        27M       3.3G

MemTotal:        4016004 kB
MemFree:          125012 kB
Active:           424872 kB
Mem:          3.8G       3.7G       121M       5.7M        27M       3.3G

MemTotal:        4016004 kB
MemFree:          126348 kB
Active:           420928 kB
Mem:          3.8G       3.7G       120M       5.7M        27M       3.3G

MemTotal:        4016004 kB
MemFree:          122208 kB
Active:           416448 kB
Mem:          3.8G       3.7G       116M       5.7M        27M       3.3G

MemTotal:        4016004 kB
MemFree:          133752 kB
Active:           413248 kB
Mem:          3.8G       3.7G       130M       5.7M        27M       3.3G

MemTotal:        4016004 kB
MemFree:          120828 kB
Active:           412748 kB
Mem:          3.8G       3.7G       115M       5.7M        27M       3.3G

MemTotal:        4016004 kB
MemFree:          134908 kB
Active:           410832 kB
Mem:          3.8G       3.7G       131M       5.7M        27M       3.3G

MemTotal:        4016004 kB
MemFree:          124772 kB
Active:           409044 kB
Mem:          3.8G       3.7G       121M       5.7M        27M       3.3G

MemTotal:        4016004 kB
MemFree:          124072 kB
Active:           409004 kB
Mem:          3.8G       3.7G       120M       5.7M        27M       3.3G

MemTotal:        4016004 kB
MemFree:          119236 kB
Active:           407776 kB
Mem:          3.8G       3.7G       137M       5.7M        27M       3.2G

MemTotal:        4016004 kB
MemFree:          135856 kB
Active:           404844 kB
Mem:          3.8G       3.7G       132M       5.7M        27M       3.3G

MemTotal:        4016004 kB
MemFree:          134500 kB
Active:           406912 kB
Mem:          3.8G       3.7G       130M       5.7M        27M       3.3G

MemTotal:        4016004 kB
MemFree:          133400 kB
Active:           406908 kB
Mem:          3.8G       3.7G       130M       5.7M        27M       3.3G

MemTotal:        4016004 kB
MemFree:          132504 kB
Active:           406912 kB
Mem:          3.8G       3.7G       128M       5.7M        27M       3.3G

MemTotal:        4016004 kB
MemFree:          131548 kB
Active:           406912 kB
Mem:          3.8G       3.7G       127M       5.7M        27M       3.3G

MemTotal:        4016004 kB
MemFree:          137048 kB
Active:           404864 kB
Mem:          3.8G       3.7G       132M       5.7M        27M       3.3G

MemTotal:        4016004 kB
MemFree:          128112 kB
Active:           401416 kB
Mem:          3.8G       3.7G       122M       5.7M        27M       3.3G

MemTotal:        4016004 kB
MemFree:          128568 kB
Active:           393340 kB
Mem:          3.8G       3.7G       123M       5.7M        27M       3.3G

MemTotal:        4016004 kB
MemFree:          130348 kB
Active:           391548 kB
Mem:          3.8G       3.7G       127M       5.7M        27M       3.3G

MemTotal:        4016004 kB
MemFree:          136160 kB
Active:           388604 kB
Mem:          3.8G       3.7G       132M       5.7M        27M       3.3G

MemTotal:        4016004 kB
MemFree:          125156 kB
Active:           387500 kB
Mem:          3.8G       3.7G       120M       5.7M        27M       3.3G

MemTotal:        4016004 kB
MemFree:          126200 kB
Active:           385328 kB
Mem:          3.8G       3.7G       141M       5.7M        27M       3.2G

MemTotal:        4016004 kB
MemFree:          123716 kB
Active:           381624 kB
Mem:          3.8G       3.7G       118M       5.7M        27M       3.3G

MemTotal:        4016004 kB
MemFree:          142036 kB
Active:           377784 kB
Mem:          3.8G       3.7G       137M       5.7M        27M       3.2G

MemTotal:        4016004 kB
MemFree:          149340 kB
Active:           373176 kB
Mem:          3.8G       3.7G       145M       5.7M        27M       3.2G

MemTotal:        4016004 kB
MemFree:          143328 kB
Active:           373176 kB
Mem:          3.8G       3.7G       139M       5.7M        27M       3.2G

MemTotal:        4016004 kB
MemFree:          143176 kB
Active:           373148 kB
Mem:          3.8G       3.7G       139M       5.7M        27M       3.2G

MemTotal:        4016004 kB
MemFree:          141100 kB
Active:           373196 kB
Mem:          3.8G       3.7G       137M       5.7M        27M       3.2G

MemTotal:        4016004 kB
MemFree:          140012 kB
Active:           373196 kB
Mem:          3.8G       3.7G       136M       5.7M        27M       3.2G

MemTotal:        4016004 kB
MemFree:          127576 kB
Active:           373200 kB
Mem:          3.8G       3.7G       124M       5.7M        27M       3.3G

MemTotal:        4016004 kB
MemFree:          126488 kB
Active:           373204 kB
Mem:          3.8G       3.7G       123M       5.7M        27M       3.3G

MemTotal:        4016004 kB
MemFree:          126232 kB
Active:           373216 kB
Mem:          3.8G       3.7G       123M       5.7M        27M       3.3G

MemTotal:        4016004 kB
MemFree:          126640 kB
Active:           373228 kB
Mem:          3.8G       3.7G       123M       5.7M        27M       3.3G

MemTotal:        4016004 kB
MemFree:          127040 kB
Active:           373220 kB
Mem:          3.8G       3.7G       124M       5.7M        27M       3.3G

MemTotal:        4016004 kB
MemFree:          130336 kB
Active:           371964 kB
Mem:          3.8G       3.7G       125M       5.7M        27M       3.3G

MemTotal:        4016004 kB
MemFree:          140756 kB
Active:           367260 kB
Mem:          3.8G       3.7G       136M       5.7M        27M       3.2G

MemTotal:        4016004 kB
MemFree:          133308 kB
Active:           363960 kB
Mem:          3.8G       3.7G       127M       5.7M        27M       3.3G

MemTotal:        4016004 kB
MemFree:          139988 kB
Active:           363968 kB
Mem:          3.8G       3.7G       136M       5.7M        27M       3.2G

MemTotal:        4016004 kB
MemFree:          139400 kB
Active:           363944 kB
Mem:          3.8G       3.7G       135M       5.7M        27M       3.2G

MemTotal:        4016004 kB
MemFree:          132900 kB
Active:           362012 kB
Mem:          3.8G       3.7G       129M       5.7M        27M       3.3G

MemTotal:        4016004 kB
MemFree:          127232 kB
Active:           363444 kB
Mem:          3.8G       3.7G       121M       5.7M        27M       3.3G

MemTotal:        4016004 kB
MemFree:          147328 kB
Active:           363316 kB
Mem:          3.8G       3.7G       143M       5.7M        27M       3.2G

MemTotal:        4016004 kB
MemFree:          127696 kB
Active:           363324 kB
Mem:          3.8G       3.7G       124M       5.7M        27M       3.3G

MemTotal:        4016004 kB
MemFree:          125968 kB
Active:           363320 kB
Mem:          3.8G       3.7G       122M       5.7M        27M       3.3G

MemTotal:        4016004 kB
MemFree:          125452 kB
Active:           363276 kB
Mem:          3.8G       3.7G       122M       5.7M        27M       3.3G

MemTotal:        4016004 kB
MemFree:          124308 kB
Active:           363268 kB
Mem:          3.8G       3.7G       121M       5.7M        27M       3.3G

MemTotal:        4016004 kB
MemFree:          123912 kB
Active:           363332 kB
Mem:          3.8G       3.7G       120M       5.7M        27M       3.3G

MemTotal:        4016004 kB
MemFree:          115820 kB
Active:           363300 kB
Mem:          3.8G       3.7G       110M       5.7M        27M       3.3G

MemTotal:        4016004 kB
MemFree:          117952 kB
Active:           363340 kB
Mem:          3.8G       3.7G       112M       5.7M        27M       3.3G

MemTotal:        4016004 kB
MemFree:          129816 kB
Active:           363352 kB
Mem:          3.8G       3.7G       123M       5.7M        27M       3.3G

MemTotal:        4016004 kB
MemFree:          137300 kB
Active:           363364 kB
Mem:          3.8G       3.7G       134M       5.7M        27M       3.2G

MemTotal:        4016004 kB
MemFree:          113736 kB
Active:           363472 kB
Mem:          3.8G       3.7G       108M       5.7M        27M       3.3G

MemTotal:        4016004 kB
MemFree:          132192 kB
Active:           362384 kB
Mem:          3.8G       3.7G       127M       5.7M        27M       3.3G

MemTotal:        4016004 kB
MemFree:          133396 kB
Active:           362368 kB
Mem:          3.8G       3.7G       129M       5.7M        27M       3.3G

MemTotal:        4016004 kB
MemFree:          131160 kB
Active:           362372 kB
Mem:          3.8G       3.7G       128M       5.7M        27M       3.3G

MemTotal:        4016004 kB
MemFree:          131364 kB
Active:           362396 kB
Mem:          3.8G       3.7G       127M       5.7M        27M       3.3G

MemTotal:        4016004 kB
MemFree:          130252 kB
Active:           362404 kB
Mem:          3.8G       3.7G       127M       5.7M        27M       3.3G

MemTotal:        4016004 kB
MemFree:          128500 kB
Active:           362384 kB
Mem:          3.8G       3.7G       125M       5.7M        27M       3.3G

MemTotal:        4016004 kB
MemFree:          112660 kB
Active:           362408 kB
Mem:          3.8G       3.7G       107M       5.7M        27M       3.3G

MemTotal:        4016004 kB
MemFree:          121136 kB
Active:           362424 kB
Mem:          3.8G       3.7G       139M       5.7M        27M       3.2G

MemTotal:        4016004 kB
MemFree:          135344 kB
Active:           361304 kB
Mem:          3.8G       3.7G       132M       5.7M        27M       3.2G

MemTotal:        4016004 kB
MemFree:          129096 kB
Active:           361292 kB
Mem:          3.8G       3.7G       124M       5.7M        27M       3.3G

MemTotal:        4016004 kB
MemFree:          124096 kB
Active:           362436 kB
Mem:          3.8G       3.7G       120M       5.7M        27M       3.3G

MemTotal:        4016004 kB
MemFree:          142244 kB
Active:           362448 kB
Mem:          3.8G       3.7G       136M       5.7M        27M       3.2G

MemTotal:        4016004 kB
MemFree:          138420 kB
Active:           362324 kB
Mem:          3.8G       3.7G       135M       5.7M        27M       3.2G

MemTotal:        4016004 kB
MemFree:          130420 kB
Active:           358060 kB
Mem:          3.8G       3.7G       125M       5.7M        27M       3.3G

MemTotal:        4016004 kB
MemFree:          124180 kB
Active:           358068 kB
Mem:          3.8G       3.7G       121M       5.7M        27M       3.3G

MemTotal:        4016004 kB
MemFree:          142032 kB
Active:           358080 kB
Mem:          3.8G       3.7G       138M       5.7M        27M       3.2G

MemTotal:        4016004 kB
MemFree:          140980 kB
Active:           358088 kB
Mem:          3.8G       3.7G       137M       5.7M        27M       3.2G

MemTotal:        4016004 kB
MemFree:          139440 kB
Active:           358052 kB
Mem:          3.8G       3.7G       136M       5.7M        27M       3.2G

MemTotal:        4016004 kB
MemFree:          140004 kB
Active:           358048 kB
Mem:          3.8G       3.7G       136M       5.7M        27M       3.2G

MemTotal:        4016004 kB
MemFree:          138116 kB
Active:           357736 kB
Mem:          3.8G       3.7G       133M       5.7M        27M       3.2G

MemTotal:        4016004 kB
MemFree:          130096 kB
Active:           359788 kB
Mem:          3.8G       3.7G       136M       5.7M        27M       3.2G

MemTotal:        4016004 kB
MemFree:          126708 kB
Active:           359780 kB
Mem:          3.8G       3.7G       120M       5.7M        27M       3.3G

MemTotal:        4016004 kB
MemFree:          139728 kB
Active:           357000 kB
Mem:          3.8G       3.7G       136M       5.7M        27M       3.2G

MemTotal:        4016004 kB
MemFree:          140608 kB
Active:           357004 kB
Mem:          3.8G       3.7G       137M       5.7M        27M       3.2G

MemTotal:        4016004 kB
MemFree:          128084 kB
Active:           357016 kB
Mem:          3.8G       3.7G       125M       5.7M        27M       3.3G

MemTotal:        4016004 kB
MemFree:          128784 kB
Active:           357012 kB
Mem:          3.8G       3.7G       125M       5.7M        27M       3.3G

MemTotal:        4016004 kB
MemFree:          140860 kB
Active:           357032 kB
Mem:          3.8G       3.7G       137M       5.7M        27M       3.2G

MemTotal:        4016004 kB
MemFree:          140884 kB
Active:           357036 kB
Mem:          3.8G       3.7G       137M       5.7M        27M       3.2G

MemTotal:        4016004 kB
MemFree:          139224 kB
Active:           357044 kB
Mem:          3.8G       3.7G       135M       5.7M        27M       3.2G

MemTotal:        4016004 kB
MemFree:          138776 kB
Active:           355060 kB
Mem:          3.8G       3.7G       135M       5.7M        27M       3.2G

MemTotal:        4016004 kB
MemFree:          139184 kB
Active:           357108 kB
Mem:          3.8G       3.7G       135M       5.7M        27M       3.2G

MemTotal:        4016004 kB
MemFree:          119300 kB
Active:           356856 kB
Mem:          3.8G       3.7G       128M       5.7M        27M       3.2G

MemTotal:        4016004 kB
MemFree:          124580 kB
Active:           353040 kB
Mem:          3.8G       3.7G       118M       5.7M        27M       3.3G

MemTotal:        4016004 kB
MemFree:          119844 kB
Active:           353044 kB
Mem:          3.8G       3.7G       115M       5.7M        27M       3.3G

MemTotal:        4016004 kB
MemFree:          132816 kB
Active:           352608 kB
Mem:          3.8G       3.7G       128M       5.7M        27M       3.2G

MemTotal:        4016004 kB
MemFree:          122688 kB
Active:           352416 kB
Mem:          3.8G       3.7G       116M       5.7M        27M       3.3G

MemTotal:        4016004 kB
MemFree:          146720 kB
Active:           352416 kB
Mem:          3.8G       3.7G       147M       5.7M        27M       3.2G

MemTotal:        4016004 kB
MemFree:          148124 kB
Active:           352288 kB
Mem:          3.8G       3.7G       144M       5.7M        27M       3.2G

MemTotal:        4016004 kB
MemFree:          146864 kB
Active:           352300 kB
Mem:          3.8G       3.7G       143M       5.7M        27M       3.2G

MemTotal:        4016004 kB
MemFree:          146212 kB
Active:           352300 kB
Mem:          3.8G       3.7G       142M       5.7M        27M       3.2G

MemTotal:        4016004 kB
MemFree:          131592 kB
Active:           352280 kB
Mem:          3.8G       3.7G       127M       5.7M        27M       3.2G

MemTotal:        4016004 kB
MemFree:          130840 kB
Active:           352328 kB
Mem:          3.8G       3.7G       128M       5.7M        27M       3.2G

MemTotal:        4016004 kB
MemFree:          131000 kB
Active:           352340 kB
Mem:          3.8G       3.7G       128M       5.7M        27M       3.2G

MemTotal:        4016004 kB
MemFree:          131532 kB
Active:           352340 kB
Mem:          3.8G       3.7G       128M       5.7M        27M       3.2G

MemTotal:        4016004 kB
MemFree:          141084 kB
Active:           352344 kB
Mem:          3.8G       3.7G       135M       5.7M        27M       3.2G

MemTotal:        4016004 kB
MemFree:          141340 kB
Active:           349084 kB
Mem:          3.8G       3.7G       135M       5.7M        27M       3.2G

MemTotal:        4016004 kB
MemFree:          119720 kB
Active:           349084 kB
Mem:          3.8G       3.7G       114M       5.7M        27M       3.3G

MemTotal:        4016004 kB
MemFree:          127684 kB
Active:           349096 kB
Mem:          3.8G       3.7G       120M       5.7M        27M       3.3G

MemTotal:        4016004 kB
MemFree:          130676 kB
Active:           349096 kB
Mem:          3.8G       3.7G       127M       5.7M        27M       3.2G

MemTotal:        4016004 kB
MemFree:          126552 kB
Active:           349052 kB
Mem:          3.8G       3.7G       122M       5.7M        27M       3.3G

MemTotal:        4016004 kB
MemFree:          129452 kB
Active:           349084 kB
Mem:          3.8G       3.7G       125M       5.7M        27M       3.2G

MemTotal:        4016004 kB
MemFree:          132636 kB
Active:           348088 kB
Mem:          3.8G       3.7G       129M       5.7M        27M       3.2G

MemTotal:        4016004 kB
MemFree:          134512 kB
Active:           348092 kB
Mem:          3.8G       3.7G       131M       5.7M        27M       3.2G

MemTotal:        4016004 kB
MemFree:          135248 kB
Active:           347996 kB
Mem:          3.8G       3.7G       132M       5.7M        27M       3.2G

MemTotal:        4016004 kB
MemFree:          133344 kB
Active:           348008 kB
Mem:          3.8G       3.7G       130M       5.7M        27M       3.2G

MemTotal:        4016004 kB
MemFree:          132104 kB
Active:           348028 kB
Mem:          3.8G       3.7G       128M       5.7M        27M       3.2G

MemTotal:        4016004 kB
MemFree:          130524 kB
Active:           348028 kB
Mem:          3.8G       3.7G       127M       5.7M        27M       3.2G

MemTotal:        4016004 kB
MemFree:          125472 kB
Active:           348036 kB
Mem:          3.8G       3.7G       120M       5.7M        27M       3.3G

MemTotal:        4016004 kB
MemFree:          116132 kB
Active:           348036 kB
Mem:          3.8G       3.7G       114M       5.7M        27M       3.3G

MemTotal:        4016004 kB
MemFree:          128840 kB
Active:           348040 kB
Mem:          3.8G       3.7G       125M       5.7M        27M       3.2G

MemTotal:        4016004 kB
MemFree:          122880 kB
Active:           348040 kB
Mem:          3.8G       3.7G       115M       5.7M        27M       3.3G

MemTotal:        4016004 kB
MemFree:          130544 kB
Active:           348040 kB
Mem:          3.8G       3.7G       127M       5.7M        27M       3.2G

MemTotal:        4016004 kB
MemFree:          133716 kB
Active:           346168 kB
Mem:          3.8G       3.7G       127M       5.7M        27M       3.2G

MemTotal:        4016004 kB
MemFree:          132816 kB
Active:           345924 kB
Mem:          3.8G       3.7G       129M       5.7M        27M       3.2G

MemTotal:        4016004 kB
MemFree:          129620 kB
Active:           345928 kB
Mem:          3.8G       3.7G       126M       5.7M        27M       3.2G

MemTotal:        4016004 kB
MemFree:          128280 kB
Active:           345972 kB
Mem:          3.8G       3.7G       125M       5.7M        27M       3.2G

MemTotal:        4016004 kB
MemFree:          124992 kB
Active:           345988 kB
Mem:          3.8G       3.7G       122M       5.7M        27M       3.2G

MemTotal:        4016004 kB
MemFree:          125184 kB
Active:           347976 kB
Mem:          3.8G       3.7G       122M       5.7M        27M       3.2G

MemTotal:        4016004 kB
MemFree:          125564 kB
Active:           348016 kB
Mem:          3.8G       3.7G       122M       5.7M        27M       3.2G

MemTotal:        4016004 kB
MemFree:          138564 kB
Active:           348024 kB
Mem:          3.8G       3.7G       133M       5.7M        27M       3.2G

MemTotal:        4016004 kB
MemFree:          133092 kB
Active:           347900 kB
Mem:          3.8G       3.7G       129M       5.7M        27M       3.2G

MemTotal:        4016004 kB
MemFree:          138596 kB
Active:           347900 kB
Mem:          3.8G       3.7G       135M       5.7M        27M       3.2G

MemTotal:        4016004 kB
MemFree:          128252 kB
Active:           347888 kB
Mem:          3.8G       3.7G       124M       5.7M        27M       3.2G

MemTotal:        4016004 kB
MemFree:          120552 kB
Active:           346180 kB
Mem:          3.8G       3.7G       117M       5.7M        27M       3.3G

MemTotal:        4016004 kB
MemFree:          113780 kB
Active:           346000 kB
Mem:          3.8G       3.7G       108M       5.7M        27M       3.3G

MemTotal:        4016004 kB
MemFree:          128992 kB
Active:           346000 kB
Mem:          3.8G       3.7G       125M       5.7M        27M       3.2G

MemTotal:        4016004 kB
MemFree:          131324 kB
Active:           346012 kB
Mem:          3.8G       3.7G       128M       5.7M        27M       3.2G

MemTotal:        4016004 kB
MemFree:          130812 kB
Active:           346012 kB
Mem:          3.8G       3.7G       127M       5.7M        27M       3.2G

MemTotal:        4016004 kB
MemFree:          130688 kB
Active:           345996 kB
Mem:          3.8G       3.7G       127M       5.7M        27M       3.2G

MemTotal:        4016004 kB
MemFree:          130820 kB
Active:           346008 kB
Mem:          3.8G       3.7G       127M       5.7M        27M       3.2G

MemTotal:        4016004 kB
MemFree:          112964 kB
Active:           345992 kB
Mem:          3.8G       3.7G       108M       5.7M        27M       3.3G

MemTotal:        4016004 kB
MemFree:          130972 kB
Active:           346024 kB
Mem:          3.8G       3.7G       125M       5.7M        27M       3.2G

MemTotal:        4016004 kB
MemFree:          119880 kB
Active:           346040 kB
Mem:          3.8G       3.7G       114M       5.7M        27M       3.3G

MemTotal:        4016004 kB
MemFree:          147728 kB
Active:           345920 kB
Mem:          3.8G       3.7G       144M       5.7M        27M       3.2G

MemTotal:        4016004 kB
MemFree:          134596 kB
Active:           345920 kB
Mem:          3.8G       3.7G       131M       5.7M        27M       3.2G

MemTotal:        4016004 kB
MemFree:          131296 kB
Active:           345912 kB
Mem:          3.8G       3.7G       126M       5.7M        27M       3.2G

MemTotal:        4016004 kB
MemFree:          126860 kB
Active:           345920 kB
Mem:          3.8G       3.7G       122M       5.7M        27M       3.2G

MemTotal:        4016004 kB
MemFree:          140532 kB
Active:           345772 kB
Mem:          3.8G       3.7G       137M       5.7M        27M       3.2G

MemTotal:        4016004 kB
MemFree:          140904 kB
Active:           345672 kB
Mem:          3.8G       3.7G       137M       5.7M        27M       3.2G

MemTotal:        4016004 kB
MemFree:          141248 kB
Active:           345708 kB
Mem:          3.8G       3.7G       137M       5.7M        27M       3.2G

MemTotal:        4016004 kB
MemFree:          139552 kB
Active:           345692 kB
Mem:          3.8G       3.7G       136M       5.7M        27M       3.2G

MemTotal:        4016004 kB
MemFree:          112764 kB
Active:           345728 kB
Mem:          3.8G       3.7G       109M       5.7M        27M       3.3G

MemTotal:        4016004 kB
MemFree:          129264 kB
Active:           345732 kB
Mem:          3.8G       3.7G       125M       5.7M        27M       3.2G

MemTotal:        4016004 kB
MemFree:          134056 kB
Active:           345736 kB
Mem:          3.8G       3.7G       134M       5.7M        27M       3.2G

MemTotal:        4016004 kB
MemFree:          133064 kB
Active:           345696 kB
Mem:          3.8G       3.7G       129M       5.7M        27M       3.2G

MemTotal:        4016004 kB
MemFree:          123016 kB
Active:           345712 kB
Mem:          3.8G       3.7G       120M       5.7M        27M       3.2G

MemTotal:        4016004 kB
MemFree:          115780 kB
Active:           345580 kB
Mem:          3.8G       3.7G       113M       5.7M        27M       3.3G

MemTotal:        4016004 kB
MemFree:          116372 kB
Active:           345392 kB
Mem:          3.8G       3.7G       113M       5.7M        27M       3.3G

MemTotal:        4016004 kB
MemFree:          116496 kB
Active:           345400 kB
Mem:          3.8G       3.7G       113M       5.7M        27M       3.3G

MemTotal:        4016004 kB
MemFree:          116496 kB
Active:           345444 kB
Mem:          3.8G       3.7G       113M       5.7M        27M       3.3G

MemTotal:        4016004 kB
MemFree:          116620 kB
Active:           345444 kB
Mem:          3.8G       3.7G       113M       5.7M        27M       3.3G

MemTotal:        4016004 kB
MemFree:          115844 kB
Active:           345444 kB
Mem:          3.8G       3.7G       112M       5.7M        27M       3.3G

MemTotal:        4016004 kB
MemFree:          115812 kB
Active:           345424 kB
Mem:          3.8G       3.7G       112M       5.7M        27M       3.3G

MemTotal:        4016004 kB
MemFree:          115876 kB
Active:           345444 kB
Mem:          3.8G       3.7G       113M       5.7M        27M       3.3G

MemTotal:        4016004 kB
MemFree:          116040 kB
Active:           345416 kB
Mem:          3.8G       3.7G       113M       5.7M        27M       3.3G

MemTotal:        4016004 kB
MemFree:          116260 kB
Active:           345412 kB
Mem:          3.8G       3.7G       113M       5.7M        27M       3.3G

MemTotal:        4016004 kB
MemFree:          116168 kB
Active:           345460 kB
Mem:          3.8G       3.7G       113M       5.7M        27M       3.3G

MemTotal:        4016004 kB
MemFree:          116044 kB
Active:           345432 kB
Mem:          3.8G       3.7G       113M       5.7M        27M       3.3G

MemTotal:        4016004 kB
MemFree:          115796 kB
Active:           345472 kB
Mem:          3.8G       3.7G       113M       5.7M        27M       3.3G

MemTotal:        4016004 kB
MemFree:          116044 kB
Active:           345456 kB
Mem:          3.8G       3.7G       113M       5.7M        27M       3.3G

MemTotal:        4016004 kB
MemFree:          116216 kB
Active:           345324 kB
Mem:          3.8G       3.7G       113M       5.7M        27M       3.3G

MemTotal:        4016004 kB
MemFree:          116576 kB
Active:           345016 kB
Mem:          3.8G       3.7G       113M       5.7M        27M       3.3G

MemTotal:        4016004 kB
MemFree:          116700 kB
Active:           345024 kB
Mem:          3.8G       3.7G       113M       5.7M        27M       3.3G

MemTotal:        4016004 kB
MemFree:          116824 kB
Active:           345052 kB
Mem:          3.8G       3.7G       113M       5.7M        27M       3.3G

MemTotal:        4016004 kB
MemFree:          116328 kB
Active:           345044 kB
Mem:          3.8G       3.7G       113M       5.7M        27M       3.3G

MemTotal:        4016004 kB
MemFree:          116204 kB
Active:           345080 kB
Mem:          3.8G       3.7G       113M       5.7M        27M       3.3G

MemTotal:        4016004 kB
MemFree:          116452 kB
Active:           345056 kB
Mem:          3.8G       3.7G       113M       5.7M        27M       3.3G

MemTotal:        4016004 kB
MemFree:          116452 kB
Active:           345088 kB
Mem:          3.8G       3.7G       113M       5.7M        27M       3.3G

MemTotal:        4016004 kB
MemFree:          116204 kB
Active:           345084 kB
Mem:          3.8G       3.7G       113M       5.7M        27M       3.3G

MemTotal:        4016004 kB
MemFree:          116204 kB
Active:           345060 kB
Mem:          3.8G       3.7G       113M       5.7M        27M       3.3G

MemTotal:        4016004 kB
MemFree:          116204 kB
Active:           345040 kB
Mem:          3.8G       3.7G       113M       5.7M        27M       3.3G

MemTotal:        4016004 kB
MemFree:          116328 kB
Active:           345072 kB
Mem:          3.8G       3.7G       113M       5.7M        27M       3.3G

MemTotal:        4016004 kB
MemFree:          115956 kB
Active:           345096 kB
Mem:          3.8G       3.7G       113M       5.7M        27M       3.3G

MemTotal:        4016004 kB
MemFree:          116452 kB
Active:           345064 kB
Mem:          3.8G       3.7G       113M       5.7M        27M       3.3G

MemTotal:        4016004 kB
MemFree:          116700 kB
Active:           345088 kB
Mem:          3.8G       3.7G       113M       5.7M        27M       3.3G

MemTotal:        4016004 kB
MemFree:          116052 kB
Active:           345096 kB
Mem:          3.8G       3.7G       113M       5.7M        27M       3.3G

MemTotal:        4016004 kB
MemFree:          116176 kB
Active:           345096 kB
Mem:          3.8G       3.7G       113M       5.7M        27M       3.3G

MemTotal:        4016004 kB
MemFree:          116052 kB
Active:           345056 kB
Mem:          3.8G       3.7G       113M       5.7M        27M       3.3G

MemTotal:        4016004 kB
MemFree:          116052 kB
Active:           345048 kB
Mem:          3.8G       3.7G       113M       5.7M        27M       3.3G

MemTotal:        4016004 kB
MemFree:          115680 kB
Active:           345104 kB
Mem:          3.8G       3.7G       113M       5.7M        27M       3.3G

MemTotal:        4016004 kB
MemFree:          115928 kB
Active:           345068 kB
Mem:          3.8G       3.7G       112M       5.7M        27M       3.3G

MemTotal:        4016004 kB
MemFree:          115680 kB
Active:           345108 kB
Mem:          3.8G       3.7G       113M       5.7M        27M       3.3G

MemTotal:        4016004 kB
MemFree:          115928 kB
Active:           345080 kB
Mem:          3.8G       3.7G       113M       5.7M        27M       3.3G

MemTotal:        4016004 kB
MemFree:          116176 kB
Active:           345060 kB
Mem:          3.8G       3.7G       113M       5.7M        27M       3.3G

MemTotal:        4016004 kB
MemFree:          116052 kB
Active:           345092 kB
Mem:          3.8G       3.7G       113M       5.7M        27M       3.3G

MemTotal:        4016004 kB
MemFree:          115556 kB
Active:           345124 kB
Mem:          3.8G       3.7G       113M       5.7M        27M       3.3G

MemTotal:        4016004 kB
MemFree:          115432 kB
Active:           345124 kB
Mem:          3.8G       3.7G       112M       5.7M        27M       3.3G

MemTotal:        4016004 kB
MemFree:          115804 kB
Active:           345116 kB
Mem:          3.8G       3.7G       113M       5.7M        27M       3.3G

MemTotal:        4016004 kB
MemFree:          115464 kB
Active:           345124 kB
Mem:          3.8G       3.7G       112M       5.7M        27M       3.3G

MemTotal:        4016004 kB
MemFree:          115588 kB
Active:           345124 kB
Mem:          3.8G       3.7G       113M       5.7M        27M       3.3G

MemTotal:        4016004 kB
MemFree:          115712 kB
Active:           345084 kB
Mem:          3.8G       3.7G       113M       5.7M        27M       3.3G

MemTotal:        4016004 kB
MemFree:          115960 kB
Active:           345104 kB
Mem:          3.8G       3.7G       113M       5.7M        27M       3.3G

MemTotal:        4016004 kB
MemFree:          115712 kB
Active:           345132 kB
Mem:          3.8G       3.7G       113M       5.7M        27M       3.3G

MemTotal:        4016004 kB
MemFree:          115464 kB
Active:           345132 kB
Mem:          3.8G       3.7G       113M       5.7M        27M       3.3G

MemTotal:        4016004 kB
MemFree:          115968 kB
Active:           345116 kB
Mem:          3.8G       3.7G       112M       5.7M        27M       3.3G

MemTotal:        4016004 kB
MemFree:          115348 kB
Active:           345136 kB
Mem:          3.8G       3.7G       112M       5.7M        27M       3.3G

MemTotal:        4016004 kB
MemFree:          115844 kB
Active:           345080 kB
Mem:          3.8G       3.7G       112M       5.7M        27M       3.3G

MemTotal:        4016004 kB
MemFree:          115720 kB
Active:           345096 kB
Mem:          3.8G       3.7G       113M       5.7M        27M       3.3G

MemTotal:        4016004 kB
MemFree:          115720 kB
Active:           345132 kB
Mem:          3.8G       3.7G       112M       5.7M        27M       3.3G

MemTotal:        4016004 kB
MemFree:          115348 kB
Active:           345164 kB
Mem:          3.8G       3.7G       112M       5.7M        27M       3.3G

MemTotal:        4016004 kB
MemFree:          115472 kB
Active:           345164 kB
Mem:          3.8G       3.7G       112M       5.7M        27M       3.3G

MemTotal:        4016004 kB
MemFree:          115720 kB
Active:           345132 kB
Mem:          3.8G       3.7G       112M       5.7M        27M       3.3G

MemTotal:        4016004 kB
MemFree:          115720 kB
Active:           345152 kB
Mem:          3.8G       3.7G       113M       5.7M        27M       3.3G

MemTotal:        4016004 kB
MemFree:          115472 kB
Active:           345164 kB
Mem:          3.8G       3.7G       113M       5.7M        27M       3.3G

MemTotal:        4016004 kB
MemFree:          115720 kB
Active:           345140 kB
Mem:          3.8G       3.7G       113M       5.7M        27M       3.3G

MemTotal:        4016004 kB
MemFree:          115472 kB
Active:           345172 kB
Mem:          3.8G       3.7G       113M       5.7M        27M       3.3G

MemTotal:        4016004 kB
MemFree:          115720 kB
Active:           345124 kB
Mem:          3.8G       3.7G       113M       5.7M        27M       3.3G

MemTotal:        4016004 kB
MemFree:          115472 kB
Active:           345172 kB
Mem:          3.8G       3.7G       112M       5.7M        27M       3.3G

MemTotal:        4016004 kB
MemFree:          115348 kB
Active:           345172 kB
Mem:          3.8G       3.7G       112M       5.7M        27M       3.3G

MemTotal:        4016004 kB
MemFree:          115720 kB
Active:           345136 kB
Mem:          3.8G       3.7G       112M       5.7M        27M       3.3G

MemTotal:        4016004 kB
MemFree:          115720 kB
Active:           345152 kB
Mem:          3.8G       3.7G       112M       5.7M        27M       3.3G

MemTotal:        4016004 kB
MemFree:          115720 kB
Active:           345120 kB
Mem:          3.8G       3.7G       113M       5.7M        27M       3.3G

MemTotal:        4016004 kB
MemFree:          115348 kB
Active:           345172 kB
Mem:          3.8G       3.7G       112M       5.7M        27M       3.3G

MemTotal:        4016004 kB
MemFree:          115348 kB
Active:           345176 kB
Mem:          3.8G       3.7G       112M       5.7M        27M       3.3G

MemTotal:        4016004 kB
MemFree:          115348 kB
Active:           345176 kB
Mem:          3.8G       3.7G       112M       5.7M        27M       3.3G

MemTotal:        4016004 kB
MemFree:          115720 kB
Active:           345172 kB
Mem:          3.8G       3.7G       113M       5.7M        27M       3.3G

MemTotal:        4016004 kB
MemFree:          115844 kB
Active:           345180 kB
Mem:          3.8G       3.7G       113M       5.7M        27M       3.3G

MemTotal:        4016004 kB
MemFree:          116464 kB
Active:           345144 kB
Mem:          3.8G       3.7G       113M       5.7M        27M       3.3G

MemTotal:        4016004 kB
MemFree:          116464 kB
Active:           345164 kB
Mem:          3.8G       3.7G       113M       5.7M        27M       3.3G

MemTotal:        4016004 kB
MemFree:          115968 kB
Active:           345192 kB
Mem:          3.8G       3.7G       113M       5.7M        27M       3.3G

MemTotal:        4016004 kB
MemFree:          116092 kB
Active:           345192 kB
Mem:          3.8G       3.7G       113M       5.7M        27M       3.3G

MemTotal:        4016004 kB
MemFree:          115720 kB
Active:           345192 kB
Mem:          3.8G       3.7G       113M       5.7M        27M       3.3G

MemTotal:        4016004 kB
MemFree:          116216 kB
Active:           345192 kB
Mem:          3.8G       3.7G       113M       5.7M        27M       3.3G

MemTotal:        4016004 kB
MemFree:          116092 kB
Active:           345176 kB
Mem:          3.8G       3.7G       113M       5.7M        27M       3.3G

MemTotal:        4016004 kB
MemFree:          115720 kB
Active:           345192 kB
Mem:          3.8G       3.7G       113M       5.7M        27M       3.3G

MemTotal:        4016004 kB
MemFree:          115968 kB
Active:           345144 kB
Mem:          3.8G       3.7G       113M       5.7M        27M       3.3G

MemTotal:        4016004 kB
MemFree:          116216 kB
Active:           345188 kB
Mem:          3.8G       3.7G       113M       5.7M        27M       3.3G

MemTotal:        4016004 kB
MemFree:          115844 kB
Active:           345196 kB
Mem:          3.8G       3.7G       113M       5.7M        27M       3.3G

MemTotal:        4016004 kB
MemFree:          116092 kB
Active:           345156 kB
Mem:          3.8G       3.7G       113M       5.7M        27M       3.3G

MemTotal:        4016004 kB
MemFree:          116092 kB
Active:           345176 kB
Mem:          3.8G       3.7G       113M       5.7M        27M       3.3G

MemTotal:        4016004 kB
MemFree:          115720 kB
Active:           345196 kB
Mem:          3.8G       3.7G       113M       5.7M        27M       3.3G

MemTotal:        4016004 kB
MemFree:          115844 kB
Active:           345196 kB
Mem:          3.8G       3.7G       113M       5.7M        27M       3.3G

MemTotal:        4016004 kB
MemFree:          116216 kB
Active:           345156 kB
Mem:          3.8G       3.7G       113M       5.7M        27M       3.3G

MemTotal:        4016004 kB
MemFree:          116340 kB
Active:           345196 kB
Mem:          3.8G       3.7G       113M       5.7M        27M       3.3G

MemTotal:        4016004 kB
MemFree:          116216 kB
Active:           345152 kB
Mem:          3.8G       3.7G       113M       5.7M        27M       3.3G

MemTotal:        4016004 kB
MemFree:          116076 kB
Active:           345164 kB
Mem:          3.8G       3.7G       113M       5.7M        27M       3.3G

MemTotal:        4016004 kB
MemFree:          116092 kB
Active:           345180 kB
Mem:          3.8G       3.7G       113M       5.7M        27M       3.3G

MemTotal:        4016004 kB
MemFree:          116340 kB
Active:           345160 kB
Mem:          3.8G       3.7G       113M       5.7M        27M       3.3G

MemTotal:        4016004 kB
MemFree:          115704 kB
Active:           345208 kB
Mem:          3.8G       3.7G       112M       5.7M        27M       3.3G

MemTotal:        4016004 kB
MemFree:          115968 kB
Active:           345184 kB
Mem:          3.8G       3.7G       113M       5.7M        27M       3.3G

MemTotal:        4016004 kB
MemFree:          115456 kB
Active:           345216 kB
Mem:          3.8G       3.7G       113M       5.7M        27M       3.3G

MemTotal:        4016004 kB
MemFree:          115720 kB
Active:           345184 kB
Mem:          3.8G       3.7G       113M       5.7M        27M       3.3G

MemTotal:        4016004 kB
MemFree:          115844 kB
Active:           345208 kB
Mem:          3.8G       3.7G       113M       5.7M        27M       3.3G

MemTotal:        4016004 kB
MemFree:          115332 kB
Active:           345224 kB
Mem:          3.8G       3.7G       112M       5.7M        27M       3.3G

MemTotal:        4016004 kB
MemFree:          115596 kB
Active:           345252 kB
Mem:          3.8G       3.7G       112M       5.7M        27M       3.3G

MemTotal:        4016004 kB
MemFree:          115596 kB
Active:           345180 kB
Mem:          3.8G       3.7G       112M       5.7M        27M       3.3G

MemTotal:        4016004 kB
MemFree:          115596 kB
Active:           345192 kB
Mem:          3.8G       3.7G       112M       5.7M        27M       3.3G

MemTotal:        4016004 kB
MemFree:          115208 kB
Active:           345240 kB
Mem:          3.8G       3.7G       112M       5.7M        27M       3.3G

MemTotal:        4016004 kB
MemFree:          115224 kB
Active:           345240 kB
Mem:          3.8G       3.7G       112M       5.7M        27M       3.3G

MemTotal:        4016004 kB
MemFree:          115720 kB
Active:           345208 kB
Mem:          3.8G       3.7G       112M       5.7M        27M       3.3G

MemTotal:        4016004 kB
MemFree:          115208 kB
Active:           345240 kB
Mem:          3.8G       3.7G       112M       5.7M        27M       3.3G

MemTotal:        4016004 kB
MemFree:          115316 kB
Active:           345244 kB
Mem:          3.8G       3.7G       112M       5.7M        27M       3.3G

MemTotal:        4016004 kB
MemFree:          115548 kB
Active:           345272 kB
Mem:          3.8G       3.7G       112M       5.7M        27M       3.3G

MemTotal:        4016004 kB
MemFree:          115580 kB
Active:           345352 kB
Mem:          3.8G       3.7G       113M       5.7M        27M       3.3G

MemTotal:        4016004 kB
MemFree:          115208 kB
Active:           345256 kB
Mem:          3.8G       3.7G       112M       5.7M        27M       3.3G

MemTotal:        4016004 kB
MemFree:          115564 kB
Active:           345212 kB
Mem:          3.8G       3.7G       112M       5.7M        27M       3.3G

MemTotal:        4016004 kB
MemFree:          115324 kB
Active:           345352 kB
Mem:          3.8G       3.7G       112M       5.7M        27M       3.3G

MemTotal:        4016004 kB
MemFree:          115192 kB
Active:           345392 kB
Mem:          3.8G       3.7G       112M       5.7M        27M       3.3G

MemTotal:        4016004 kB
MemFree:          115084 kB
Active:           345340 kB
Mem:          3.8G       3.7G       112M       5.7M        27M       3.3G

MemTotal:        4016004 kB
MemFree:          115192 kB
Active:           345264 kB
Mem:          3.8G       3.7G       112M       5.7M        27M       3.3G

MemTotal:        4016004 kB
MemFree:          115396 kB
Active:           345324 kB
Mem:          3.8G       3.7G       112M       5.7M        27M       3.3G

MemTotal:        4016004 kB
MemFree:          115420 kB
Active:           345272 kB
Mem:          3.8G       3.7G       112M       5.7M        27M       3.3G

MemTotal:        4016004 kB
MemFree:          115188 kB
Active:           345380 kB
Mem:          3.8G       3.7G       112M       5.7M        27M       3.3G

MemTotal:        4016004 kB
MemFree:          115332 kB
Active:           345272 kB
Mem:          3.8G       3.7G       112M       5.7M        27M       3.3G

MemTotal:        4016004 kB
MemFree:          115548 kB
Active:           345216 kB
Mem:          3.8G       3.7G       112M       5.7M        27M       3.3G

MemTotal:        4016004 kB
MemFree:          115316 kB
Active:           345272 kB
Mem:          3.8G       3.7G       112M       5.7M        27M       3.3G

MemTotal:        4016004 kB
MemFree:          115920 kB
Active:           345120 kB
Mem:          3.8G       3.7G       112M       5.7M        27M       3.3G

MemTotal:        4016004 kB
MemFree:          115672 kB
Active:           345148 kB
Mem:          3.8G       3.7G       113M       5.7M        27M       3.3G

MemTotal:        4016004 kB
MemFree:          115796 kB
Active:           345116 kB
Mem:          3.8G       3.7G       112M       5.7M        27M       3.3G

MemTotal:        4016004 kB
MemFree:          115796 kB
Active:           345144 kB
Mem:          3.8G       3.7G       112M       5.7M        27M       3.3G

MemTotal:        4016004 kB
MemFree:          115796 kB
Active:           345180 kB
Mem:          3.8G       3.7G       112M       5.7M        27M       3.3G

MemTotal:        4016004 kB
MemFree:          115704 kB
Active:           345128 kB
Mem:          3.8G       3.7G       113M       5.7M        27M       3.3G

MemTotal:        4016004 kB
MemFree:          115440 kB
Active:           345296 kB
Mem:          3.8G       3.7G       112M       5.7M        27M       3.3G

MemTotal:        4016004 kB
MemFree:          115720 kB
Active:           345248 kB
Mem:          3.8G       3.7G       113M       5.7M        27M       3.3G

MemTotal:        4016004 kB
MemFree:          115844 kB
Active:           345268 kB
Mem:          3.8G       3.7G       113M       5.7M        27M       3.3G

MemTotal:        4016004 kB
MemFree:          115472 kB
Active:           345288 kB
Mem:          3.8G       3.7G       112M       5.7M        27M       3.3G

MemTotal:        4016004 kB
MemFree:          115224 kB
Active:           345288 kB
Mem:          3.8G       3.7G       112M       5.7M        27M       3.3G

MemTotal:        4016004 kB
MemFree:          115596 kB
Active:           345268 kB
Mem:          3.8G       3.7G       112M       5.7M        27M       3.3G

MemTotal:        4016004 kB
MemFree:          115224 kB
Active:           345288 kB
Mem:          3.8G       3.7G       112M       5.7M        27M       3.3G

MemTotal:        4016004 kB
MemFree:          115596 kB
Active:           345264 kB
Mem:          3.8G       3.7G       112M       5.7M        27M       3.3G

MemTotal:        4016004 kB
MemFree:          115348 kB
Active:           345268 kB
Mem:          3.8G       3.7G       112M       5.7M        27M       3.3G

MemTotal:        4016004 kB
MemFree:          115472 kB
Active:           345276 kB
Mem:          3.8G       3.7G       112M       5.7M        27M       3.3G

MemTotal:        4016004 kB
MemFree:          115472 kB
Active:           345248 kB
Mem:          3.8G       3.7G       112M       5.7M        27M       3.3G

MemTotal:        4016004 kB
MemFree:          115100 kB
Active:           345308 kB
Mem:          3.8G       3.7G       112M       5.7M        27M       3.3G

MemTotal:        4016004 kB
MemFree:          115348 kB
Active:           345276 kB
Mem:          3.8G       3.7G       112M       5.7M        27M       3.3G

MemTotal:        4016004 kB
MemFree:          115472 kB
Active:           345260 kB
Mem:          3.8G       3.7G       112M       5.7M        27M       3.3G

MemTotal:        4016004 kB
MemFree:          115100 kB
Active:           345308 kB
Mem:          3.8G       3.7G       112M       5.7M        27M       3.3G

MemTotal:        4016004 kB
MemFree:          115348 kB
Active:           345308 kB
Mem:          3.8G       3.7G       112M       5.7M        27M       3.3G

MemTotal:        4016004 kB
MemFree:          115472 kB
Active:           345288 kB
Mem:          3.8G       3.7G       112M       5.7M        27M       3.3G

MemTotal:        4016004 kB
MemFree:          115100 kB
Active:           345316 kB
Mem:          3.8G       3.7G       112M       5.7M        27M       3.3G

MemTotal:        4016004 kB
MemFree:          115596 kB
Active:           345288 kB
Mem:          3.8G       3.7G       112M       5.7M        27M       3.3G

MemTotal:        4016004 kB
MemFree:          115472 kB
Active:           345276 kB
Mem:          3.8G       3.7G       112M       5.7M        27M       3.3G

MemTotal:        4016004 kB
MemFree:          115472 kB
Active:           345312 kB
Mem:          3.8G       3.7G       112M       5.7M        27M       3.3G

MemTotal:        4016004 kB
MemFree:          115472 kB
Active:           345300 kB
Mem:          3.8G       3.7G       112M       5.7M        27M       3.3G

MemTotal:        4016004 kB
MemFree:          115472 kB
Active:           345268 kB
Mem:          3.8G       3.7G       112M       5.7M        27M       3.3G

MemTotal:        4016004 kB
MemFree:          115348 kB
Active:           345300 kB
Mem:          3.8G       3.7G       112M       5.7M        27M       3.3G

MemTotal:        4016004 kB
MemFree:          115472 kB
Active:           345268 kB
Mem:          3.8G       3.7G       112M       5.7M        27M       3.3G

MemTotal:        4016004 kB
MemFree:          115100 kB
Active:           345328 kB
Mem:          3.8G       3.7G       112M       5.7M        27M       3.3G

MemTotal:        4016004 kB
MemFree:          115348 kB
Active:           345304 kB
Mem:          3.8G       3.7G       112M       5.7M        27M       3.3G

MemTotal:        4016004 kB
MemFree:          115472 kB
Active:           345284 kB
Mem:          3.8G       3.7G       112M       5.7M        27M       3.3G

MemTotal:        4016004 kB
MemFree:          114976 kB
Active:           345332 kB
Mem:          3.8G       3.7G       112M       5.7M        27M       3.3G

MemTotal:        4016004 kB
MemFree:          115348 kB
Active:           345332 kB
Mem:          3.8G       3.7G       112M       5.7M        27M       3.3G

MemTotal:        4016004 kB
MemFree:          115348 kB
Active:           345296 kB
Mem:          3.8G       3.7G       112M       5.7M        27M       3.3G

MemTotal:        4016004 kB
MemFree:          115100 kB
Active:           345344 kB
Mem:          3.8G       3.7G       112M       5.7M        27M       3.3G

MemTotal:        4016004 kB
MemFree:          115224 kB
Active:           345344 kB
Mem:          3.8G       3.7G       112M       5.7M        27M       3.3G

MemTotal:        4016004 kB
MemFree:          115720 kB
Active:           345320 kB
Mem:          3.8G       3.7G       112M       5.7M        27M       3.3G

MemTotal:        4016004 kB
MemFree:          115596 kB
Active:           345292 kB
Mem:          3.8G       3.7G       112M       5.7M        27M       3.3G

MemTotal:        4016004 kB
MemFree:          115100 kB
Active:           345348 kB
Mem:          3.8G       3.7G       112M       5.7M        27M       3.3G

MemTotal:        4016004 kB
MemFree:          114976 kB
Active:           345352 kB
Mem:          3.8G       3.7G       112M       5.7M        27M       3.3G

MemTotal:        4016004 kB
MemFree:          115472 kB
Active:           345324 kB
Mem:          3.8G       3.7G       112M       5.7M        27M       3.3G

MemTotal:        4016004 kB
MemFree:          115472 kB
Active:           345352 kB
Mem:          3.8G       3.7G       112M       5.7M        27M       3.3G

MemTotal:        4016004 kB
MemFree:          115472 kB
Active:           345332 kB
Mem:          3.8G       3.7G       112M       5.7M        27M       3.3G

MemTotal:        4016004 kB
MemFree:          115472 kB
Active:           345328 kB
Mem:          3.8G       3.7G       112M       5.7M        27M       3.3G

MemTotal:        4016004 kB
MemFree:          115472 kB
Active:           345312 kB
Mem:          3.8G       3.7G       112M       5.7M        27M       3.3G

MemTotal:        4016004 kB
MemFree:          115224 kB
Active:           345372 kB
Mem:          3.8G       3.7G       112M       5.7M        27M       3.3G

MemTotal:        4016004 kB
MemFree:          115596 kB
Active:           345348 kB
Mem:          3.8G       3.7G       112M       5.7M        27M       3.3G

MemTotal:        4016004 kB
MemFree:          115596 kB
Active:           345316 kB
Mem:          3.8G       3.7G       112M       5.7M        27M       3.3G

MemTotal:        4016004 kB
MemFree:          115224 kB
Active:           345372 kB
Mem:          3.8G       3.7G       112M       5.7M        27M       3.3G

MemTotal:        4016004 kB
MemFree:          115348 kB
Active:           345340 kB
Mem:          3.8G       3.7G       112M       5.7M        27M       3.3G

MemTotal:        4016004 kB
MemFree:          114976 kB
Active:           345376 kB
Mem:          3.8G       3.7G       112M       5.7M        27M       3.3G

MemTotal:        4016004 kB
MemFree:          115348 kB
Active:           345352 kB
Mem:          3.8G       3.7G       112M       5.7M        27M       3.3G

MemTotal:        4016004 kB
MemFree:          114852 kB
Active:           345376 kB
Mem:          3.8G       3.7G       112M       5.7M        27M       3.3G

MemTotal:        4016004 kB
MemFree:          114976 kB
Active:           345376 kB
Mem:          3.8G       3.7G       112M       5.7M        27M       3.3G

MemTotal:        4016004 kB
MemFree:          115224 kB
Active:           345332 kB
Mem:          3.8G       3.7G       112M       5.7M        27M       3.3G

MemTotal:        4016004 kB
MemFree:          115224 kB
Active:           345364 kB
Mem:          3.8G       3.7G       112M       5.7M        27M       3.3G

MemTotal:        4016004 kB
MemFree:          115224 kB
Active:           345344 kB
Mem:          3.8G       3.7G       112M       5.7M        27M       3.3G

MemTotal:        4016004 kB
MemFree:          115224 kB
Active:           345380 kB
Mem:          3.8G       3.7G       112M       5.7M        27M       3.3G

MemTotal:        4016004 kB
MemFree:          115348 kB
Active:           345360 kB
Mem:          3.8G       3.7G       112M       5.7M        27M       3.3G

MemTotal:        4016004 kB
MemFree:          114728 kB
Active:           345472 kB
Mem:          3.8G       3.7G       112M       5.7M        28M       3.3G

MemTotal:        4016004 kB
MemFree:          114604 kB
Active:           345504 kB
Mem:          3.8G       3.7G       112M       5.7M        28M       3.3G

MemTotal:        4016004 kB
MemFree:          114976 kB
Active:           345476 kB
Mem:          3.8G       3.7G       112M       5.7M        28M       3.3G

MemTotal:        4016004 kB
MemFree:          114960 kB
Active:           345556 kB
Mem:          3.8G       3.7G       112M       5.7M        28M       3.3G

MemTotal:        4016004 kB
MemFree:          114960 kB
Active:           345528 kB
Mem:          3.8G       3.7G       112M       5.7M        28M       3.3G

