MemTotal:        4016004 kB
MemFree:         3236888 kB
Active:           422096 kB
Mem:          3.8G       760M       3.1G       5.7M        55M       318M

MemTotal:        4016004 kB
MemFree:         3239520 kB
Active:           420128 kB
Mem:          3.8G       758M       3.1G       5.7M        55M       318M

MemTotal:        4016004 kB
MemFree:         3239272 kB
Active:           420244 kB
Mem:          3.8G       758M       3.1G       5.7M        55M       318M

MemTotal:        4016004 kB
MemFree:         3238760 kB
Active:           420244 kB
Mem:          3.8G       758M       3.1G       5.7M        55M       318M

MemTotal:        4016004 kB
MemFree:         3239504 kB
Active:           420208 kB
Mem:          3.8G       758M       3.1G       5.7M        55M       318M

MemTotal:        4016004 kB
MemFree:         3237316 kB
Active:           420244 kB
Mem:          3.8G       760M       3.1G       5.7M        55M       318M

MemTotal:        4016004 kB
MemFree:         3237564 kB
Active:           422248 kB
Mem:          3.8G       759M       3.1G       5.7M        55M       318M

MemTotal:        4016004 kB
MemFree:         3238060 kB
Active:           422224 kB
Mem:          3.8G       759M       3.1G       5.7M        55M       318M

MemTotal:        4016004 kB
MemFree:         3238184 kB
Active:           422244 kB
Mem:          3.8G       759M       3.1G       5.7M        55M       318M

MemTotal:        4016004 kB
MemFree:         3238216 kB
Active:           422240 kB
Mem:          3.8G       759M       3.1G       5.7M        55M       318M

MemTotal:        4016004 kB
MemFree:         3237844 kB
Active:           422280 kB
Mem:          3.8G       760M       3.1G       5.7M        55M       318M

MemTotal:        4016004 kB
MemFree:         3237844 kB
Active:           422264 kB
Mem:          3.8G       759M       3.1G       5.7M        55M       318M

MemTotal:        4016004 kB
MemFree:         3238092 kB
Active:           422276 kB
Mem:          3.8G       759M       3.1G       5.7M        55M       318M

MemTotal:        4016004 kB
MemFree:         3237968 kB
Active:           422260 kB
Mem:          3.8G       759M       3.1G       5.7M        55M       318M

MemTotal:        4016004 kB
MemFree:         3238092 kB
Active:           422276 kB
Mem:          3.8G       759M       3.1G       5.7M        55M       318M

MemTotal:        4016004 kB
MemFree:         3238340 kB
Active:           422248 kB
Mem:          3.8G       759M       3.1G       5.7M        55M       318M

MemTotal:        4016004 kB
MemFree:         3238372 kB
Active:           422252 kB
Mem:          3.8G       759M       3.1G       5.7M        55M       318M

MemTotal:        4016004 kB
MemFree:         3238496 kB
Active:           422276 kB
Mem:          3.8G       759M       3.1G       5.7M        55M       318M

MemTotal:        4016004 kB
MemFree:         3238744 kB
Active:           422240 kB
Mem:          3.8G       759M       3.1G       5.7M        55M       318M

MemTotal:        4016004 kB
MemFree:         3238744 kB
Active:           422260 kB
Mem:          3.8G       759M       3.1G       5.7M        55M       318M

MemTotal:        4016004 kB
MemFree:         3238000 kB
Active:           422292 kB
Mem:          3.8G       759M       3.1G       5.7M        55M       318M

MemTotal:        4016004 kB
MemFree:         3238248 kB
Active:           422260 kB
Mem:          3.8G       759M       3.1G       5.7M        55M       318M

MemTotal:        4016004 kB
MemFree:         3238000 kB
Active:           422240 kB
Mem:          3.8G       760M       3.1G       5.7M        55M       318M

MemTotal:        4016004 kB
MemFree:         3238512 kB
Active:           422268 kB
Mem:          3.8G       759M       3.1G       5.7M        55M       318M

MemTotal:        4016004 kB
MemFree:         3238264 kB
Active:           422288 kB
Mem:          3.8G       759M       3.1G       5.7M        55M       318M

MemTotal:        4016004 kB
MemFree:         3238512 kB
Active:           422276 kB
Mem:          3.8G       759M       3.1G       5.7M        55M       318M

MemTotal:        4016004 kB
MemFree:         3238140 kB
Active:           422292 kB
Mem:          3.8G       759M       3.1G       5.7M        55M       318M

MemTotal:        4016004 kB
MemFree:         3238016 kB
Active:           422264 kB
Mem:          3.8G       759M       3.1G       5.7M        55M       318M

MemTotal:        4016004 kB
MemFree:         3238124 kB
Active:           422280 kB
Mem:          3.8G       759M       3.1G       5.7M        55M       318M

MemTotal:        4016004 kB
MemFree:         3238372 kB
Active:           422252 kB
Mem:          3.8G       759M       3.1G       5.7M        55M       318M

MemTotal:        4016004 kB
MemFree:         3238000 kB
Active:           422292 kB
Mem:          3.8G       759M       3.1G       5.7M        55M       318M

MemTotal:        4016004 kB
MemFree:         3238108 kB
Active:           422256 kB
Mem:          3.8G       759M       3.1G       5.7M        55M       318M

MemTotal:        4016004 kB
MemFree:         3237844 kB
Active:           422304 kB
Mem:          3.8G       760M       3.1G       5.7M        55M       318M

MemTotal:        4016004 kB
MemFree:         3237456 kB
Active:           422280 kB
Mem:          3.8G       760M       3.1G       5.7M        55M       318M

MemTotal:        4016004 kB
MemFree:         3237704 kB
Active:           422256 kB
Mem:          3.8G       760M       3.1G       5.7M        55M       318M

MemTotal:        4016004 kB
MemFree:         3235764 kB
Active:           422272 kB
Mem:          3.8G       761M       3.1G       5.7M        55M       318M

MemTotal:        4016004 kB
MemFree:         3235268 kB
Active:           424340 kB
Mem:          3.8G       762M       3.1G       5.7M        55M       318M

MemTotal:        4016004 kB
MemFree:         3235888 kB
Active:           424312 kB
Mem:          3.8G       762M       3.1G       5.7M        55M       318M

MemTotal:        4016004 kB
MemFree:         3235640 kB
Active:           424296 kB
Mem:          3.8G       761M       3.1G       5.7M        55M       318M

MemTotal:        4016004 kB
MemFree:         3235764 kB
Active:           424324 kB
Mem:          3.8G       761M       3.1G       5.7M        55M       318M

MemTotal:        4016004 kB
MemFree:         3235392 kB
Active:           424344 kB
Mem:          3.8G       762M       3.1G       5.7M        55M       318M

MemTotal:        4016004 kB
MemFree:         3235640 kB
Active:           424332 kB
Mem:          3.8G       762M       3.1G       5.7M        55M       318M

MemTotal:        4016004 kB
MemFree:         3235764 kB
Active:           424328 kB
Mem:          3.8G       761M       3.1G       5.7M        55M       318M

MemTotal:        4016004 kB
MemFree:         3235888 kB
Active:           424308 kB
Mem:          3.8G       761M       3.1G       5.7M        55M       318M

MemTotal:        4016004 kB
MemFree:         3235268 kB
Active:           424360 kB
Mem:          3.8G       762M       3.1G       5.7M        55M       318M

MemTotal:        4016004 kB
MemFree:         3235384 kB
Active:           422420 kB
Mem:          3.8G       761M       3.1G       5.7M        55M       318M

MemTotal:        4016004 kB
MemFree:         3235632 kB
Active:           422404 kB
Mem:          3.8G       761M       3.1G       5.7M        55M       318M

MemTotal:        4016004 kB
MemFree:         3235508 kB
Active:           424452 kB
Mem:          3.8G       761M       3.1G       5.7M        55M       318M

MemTotal:        4016004 kB
MemFree:         3235384 kB
Active:           424456 kB
Mem:          3.8G       762M       3.1G       5.7M        55M       318M

MemTotal:        4016004 kB
MemFree:         3236128 kB
Active:           424420 kB
Mem:          3.8G       761M       3.1G       5.7M        55M       318M

MemTotal:        4016004 kB
MemFree:         3236004 kB
Active:           424436 kB
Mem:          3.8G       761M       3.1G       5.7M        55M       318M

MemTotal:        4016004 kB
MemFree:         3235880 kB
Active:           424420 kB
Mem:          3.8G       761M       3.1G       5.7M        55M       318M

MemTotal:        4016004 kB
MemFree:         3236004 kB
Active:           424476 kB
Mem:          3.8G       761M       3.1G       5.7M        55M       318M

MemTotal:        4016004 kB
MemFree:         3235508 kB
Active:           424488 kB
Mem:          3.8G       761M       3.1G       5.7M        55M       318M

MemTotal:        4016004 kB
MemFree:         3235632 kB
Active:           424488 kB
Mem:          3.8G       761M       3.1G       5.7M        55M       318M

MemTotal:        4016004 kB
MemFree:         3235932 kB
Active:           422488 kB
Mem:          3.8G       762M       3.1G       5.7M        55M       318M

MemTotal:        4016004 kB
MemFree:         3235932 kB
Active:           424436 kB
Mem:          3.8G       762M       3.1G       5.7M        55M       318M

MemTotal:        4016004 kB
MemFree:         3235932 kB
Active:           424464 kB
Mem:          3.8G       761M       3.1G       5.7M        55M       318M

MemTotal:        4016004 kB
MemFree:         3235932 kB
Active:           424508 kB
Mem:          3.8G       761M       3.1G       5.7M        55M       318M

MemTotal:        4016004 kB
MemFree:         3235996 kB
Active:           424464 kB
Mem:          3.8G       761M       3.1G       5.7M        55M       318M

MemTotal:        4016004 kB
MemFree:         3236120 kB
Active:           424496 kB
Mem:          3.8G       761M       3.1G       5.7M        55M       318M

MemTotal:        4016004 kB
MemFree:         3235376 kB
Active:           424512 kB
Mem:          3.8G       762M       3.1G       5.7M        55M       318M

MemTotal:        4016004 kB
MemFree:         3235748 kB
Active:           424512 kB
Mem:          3.8G       762M       3.1G       5.7M        55M       318M

MemTotal:        4016004 kB
MemFree:         3235252 kB
Active:           424512 kB
Mem:          3.8G       762M       3.1G       5.7M        55M       318M

MemTotal:        4016004 kB
MemFree:         3235500 kB
Active:           424492 kB
Mem:          3.8G       762M       3.1G       5.7M        55M       318M

MemTotal:        4016004 kB
MemFree:         3235500 kB
Active:           424500 kB
Mem:          3.8G       762M       3.1G       5.7M        55M       318M

MemTotal:        4016004 kB
MemFree:         3235532 kB
Active:           424516 kB
Mem:          3.8G       762M       3.1G       5.7M        55M       318M

MemTotal:        4016004 kB
MemFree:         3235300 kB
Active:           424520 kB
Mem:          3.8G       762M       3.1G       5.7M        55M       318M

MemTotal:        4016004 kB
MemFree:         3235424 kB
Active:           424476 kB
Mem:          3.8G       762M       3.1G       5.7M        55M       318M

MemTotal:        4016004 kB
MemFree:         3235424 kB
Active:           424492 kB
Mem:          3.8G       762M       3.1G       5.7M        55M       318M

MemTotal:        4016004 kB
MemFree:         3235672 kB
Active:           424476 kB
Mem:          3.8G       762M       3.1G       5.7M        55M       318M

MemTotal:        4016004 kB
MemFree:         3235424 kB
Active:           424488 kB
Mem:          3.8G       762M       3.1G       5.7M        55M       318M

MemTotal:        4016004 kB
MemFree:         3235300 kB
Active:           424492 kB
Mem:          3.8G       762M       3.1G       5.7M        55M       318M

MemTotal:        4016004 kB
MemFree:         3235176 kB
Active:           424480 kB
Mem:          3.8G       762M       3.1G       5.7M        55M       318M

MemTotal:        4016004 kB
MemFree:         3234928 kB
Active:           424524 kB
Mem:          3.8G       762M       3.1G       5.7M        55M       318M

MemTotal:        4016004 kB
MemFree:         3235160 kB
Active:           424476 kB
Mem:          3.8G       762M       3.1G       5.7M        55M       318M

MemTotal:        4016004 kB
MemFree:         3235284 kB
Active:           424512 kB
Mem:          3.8G       762M       3.1G       5.7M        55M       318M

MemTotal:        4016004 kB
MemFree:         3235408 kB
Active:           424484 kB
Mem:          3.8G       762M       3.1G       5.7M        55M       318M

MemTotal:        4016004 kB
MemFree:         3235656 kB
Active:           424532 kB
Mem:          3.8G       761M       3.1G       5.7M        55M       318M

MemTotal:        4016004 kB
MemFree:         3236012 kB
Active:           424520 kB
Mem:          3.8G       761M       3.1G       5.7M        55M       318M

MemTotal:        4016004 kB
MemFree:         3235748 kB
Active:           424528 kB
Mem:          3.8G       761M       3.1G       5.7M        55M       318M

MemTotal:        4016004 kB
MemFree:         3236244 kB
Active:           424508 kB
Mem:          3.8G       761M       3.1G       5.7M        55M       318M

MemTotal:        4016004 kB
MemFree:         3235748 kB
Active:           424536 kB
Mem:          3.8G       761M       3.1G       5.7M        55M       318M

MemTotal:        4016004 kB
MemFree:         3235856 kB
Active:           424504 kB
Mem:          3.8G       762M       3.1G       5.7M        55M       318M

MemTotal:        4016004 kB
MemFree:         3235964 kB
Active:           424536 kB
Mem:          3.8G       761M       3.1G       5.7M        55M       318M

MemTotal:        4016004 kB
MemFree:         3235344 kB
Active:           424548 kB
Mem:          3.8G       761M       3.1G       5.7M        55M       318M

MemTotal:        4016004 kB
MemFree:         3235700 kB
Active:           424544 kB
Mem:          3.8G       762M       3.1G       5.7M        55M       318M

MemTotal:        4016004 kB
MemFree:         3235808 kB
Active:           424528 kB
Mem:          3.8G       762M       3.1G       5.7M        55M       318M

MemTotal:        4016004 kB
MemFree:         3235684 kB
Active:           424504 kB
Mem:          3.8G       761M       3.1G       5.7M        55M       318M

MemTotal:        4016004 kB
MemFree:         3235684 kB
Active:           424524 kB
Mem:          3.8G       762M       3.1G       5.7M        55M       318M

MemTotal:        4016004 kB
MemFree:         3235668 kB
Active:           424508 kB
Mem:          3.8G       762M       3.1G       5.7M        55M       318M

MemTotal:        4016004 kB
MemFree:         3235296 kB
Active:           424536 kB
Mem:          3.8G       762M       3.1G       5.7M        55M       318M

MemTotal:        4016004 kB
MemFree:         3235296 kB
Active:           424540 kB
Mem:          3.8G       762M       3.1G       5.7M        55M       318M

MemTotal:        4016004 kB
MemFree:         3235280 kB
Active:           424544 kB
Mem:          3.8G       762M       3.1G       5.7M        55M       318M

MemTotal:        4016004 kB
MemFree:         3235388 kB
Active:           424516 kB
Mem:          3.8G       762M       3.1G       5.7M        55M       318M

MemTotal:        4016004 kB
MemFree:         3235404 kB
Active:           424560 kB
Mem:          3.8G       762M       3.1G       5.7M        55M       318M

MemTotal:        4016004 kB
MemFree:         3235280 kB
Active:           424560 kB
Mem:          3.8G       762M       3.1G       5.7M        55M       318M

MemTotal:        4016004 kB
MemFree:         3235528 kB
Active:           424532 kB
Mem:          3.8G       762M       3.1G       5.7M        55M       318M

MemTotal:        4016004 kB
MemFree:         3235280 kB
Active:           424572 kB
Mem:          3.8G       762M       3.1G       5.7M        55M       318M

MemTotal:        4016004 kB
MemFree:         3235840 kB
Active:           424524 kB
Mem:          3.8G       762M       3.1G       5.7M        55M       318M

MemTotal:        4016004 kB
MemFree:         3235108 kB
Active:           424816 kB
Mem:          3.8G       762M       3.1G       5.7M        55M       318M

MemTotal:        4016004 kB
MemFree:         3193128 kB
Active:           425764 kB
Mem:          3.8G       803M       3.0G       5.7M        55M       358M

MemTotal:        4016004 kB
MemFree:         3149012 kB
Active:           425816 kB
Mem:          3.8G       847M       3.0G       5.7M        55M       401M

MemTotal:        4016004 kB
MemFree:         3102648 kB
Active:           425836 kB
Mem:          3.8G       892M       3.0G       5.7M        55M       445M

MemTotal:        4016004 kB
MemFree:         3058408 kB
Active:           425868 kB
Mem:          3.8G       935M       2.9G       5.7M        55M       488M

MemTotal:        4016004 kB
MemFree:         3012036 kB
Active:           425948 kB
Mem:          3.8G       980M       2.9G       5.7M        55M       531M

MemTotal:        4016004 kB
MemFree:         2967472 kB
Active:           425952 kB
Mem:          3.8G       1.0G       2.8G       5.7M        55M       575M

MemTotal:        4016004 kB
MemFree:         2967084 kB
Active:           426016 kB
Mem:          3.8G       1.0G       2.8G       5.7M        55M       575M

MemTotal:        4016004 kB
MemFree:         2926780 kB
Active:           428236 kB
Mem:          3.8G       1.0G       2.8G       5.7M        57M       611M

MemTotal:        4016004 kB
MemFree:         2882116 kB
Active:           429512 kB
Mem:          3.8G       1.1G       2.7G       5.7M        58M       652M

MemTotal:        4016004 kB
MemFree:         2837256 kB
Active:           429952 kB
Mem:          3.8G       1.1G       2.7G       5.7M        58M       695M

MemTotal:        4016004 kB
MemFree:         2791784 kB
Active:           430296 kB
Mem:          3.8G       1.2G       2.7G       5.7M        59M       739M

MemTotal:        4016004 kB
MemFree:         2745800 kB
Active:           430672 kB
Mem:          3.8G       1.2G       2.6G       5.7M        59M       783M

MemTotal:        4016004 kB
MemFree:         2700692 kB
Active:           431008 kB
Mem:          3.8G       1.3G       2.6G       5.7M        59M       826M

MemTotal:        4016004 kB
MemFree:         2653332 kB
Active:           431056 kB
Mem:          3.8G       1.3G       2.5G       5.7M        59M       871M

MemTotal:        4016004 kB
MemFree:         2557740 kB
Active:           434132 kB
Mem:          3.8G       1.4G       2.4G       5.7M        62M       961M

MemTotal:        4016004 kB
MemFree:         2510228 kB
Active:           434344 kB
Mem:          3.8G       1.4G       2.4G       5.7M        62M       1.0G

MemTotal:        4016004 kB
MemFree:         2465300 kB
Active:           433752 kB
Mem:          3.8G       1.5G       2.4G       5.7M        62M       1.0G

MemTotal:        4016004 kB
MemFree:         2418416 kB
Active:           433676 kB
Mem:          3.8G       1.5G       2.3G       5.7M        62M       1.1G

MemTotal:        4016004 kB
MemFree:         2372164 kB
Active:           433680 kB
Mem:          3.8G       1.6G       2.3G       5.7M        62M       1.1G

MemTotal:        4016004 kB
MemFree:         2326488 kB
Active:           433704 kB
Mem:          3.8G       1.6G       2.2G       5.7M        62M       1.2G

MemTotal:        4016004 kB
MemFree:         2288080 kB
Active:           433688 kB
Mem:          3.8G       1.6G       2.2G       5.7M        62M       1.2G

MemTotal:        4016004 kB
MemFree:         2241228 kB
Active:           433712 kB
Mem:          3.8G       1.7G       2.1G       5.7M        62M       1.2G

MemTotal:        4016004 kB
MemFree:         2196280 kB
Active:           433672 kB
Mem:          3.8G       1.7G       2.1G       5.7M        62M       1.3G

MemTotal:        4016004 kB
MemFree:         2148628 kB
Active:           433836 kB
Mem:          3.8G       1.8G       2.0G       5.7M        62M       1.3G

MemTotal:        4016004 kB
MemFree:         2103412 kB
Active:           433724 kB
Mem:          3.8G       1.8G       2.0G       5.7M        62M       1.4G

MemTotal:        4016004 kB
MemFree:         2096696 kB
Active:           433720 kB
Mem:          3.8G       1.8G       2.0G       5.7M        62M       1.4G

MemTotal:        4016004 kB
MemFree:         2050412 kB
Active:           433708 kB
Mem:          3.8G       1.9G       2.0G       5.7M        62M       1.4G

MemTotal:        4016004 kB
MemFree:         2004560 kB
Active:           433704 kB
Mem:          3.8G       1.9G       1.9G       5.7M        62M       1.5G

MemTotal:        4016004 kB
MemFree:         1957316 kB
Active:           433736 kB
Mem:          3.8G       2.0G       1.9G       5.7M        62M       1.5G

MemTotal:        4016004 kB
MemFree:         1910876 kB
Active:           433748 kB
Mem:          3.8G       2.0G       1.8G       5.7M        62M       1.5G

MemTotal:        4016004 kB
MemFree:         1869212 kB
Active:           433732 kB
Mem:          3.8G       2.0G       1.8G       5.7M        62M       1.6G

MemTotal:        4016004 kB
MemFree:         1868220 kB
Active:           433752 kB
Mem:          3.8G       2.0G       1.8G       5.7M        62M       1.6G

MemTotal:        4016004 kB
MemFree:         1847528 kB
Active:           433760 kB
Mem:          3.8G       2.1G       1.8G       5.7M        62M       1.6G

MemTotal:        4016004 kB
MemFree:         1799420 kB
Active:           435832 kB
Mem:          3.8G       2.1G       1.7G       5.7M        62M       1.6G

MemTotal:        4016004 kB
MemFree:         1752576 kB
Active:           435792 kB
Mem:          3.8G       2.2G       1.7G       5.7M        62M       1.7G

MemTotal:        4016004 kB
MemFree:         1706460 kB
Active:           435820 kB
Mem:          3.8G       2.2G       1.6G       5.7M        62M       1.7G

MemTotal:        4016004 kB
MemFree:         1660096 kB
Active:           435804 kB
Mem:          3.8G       2.2G       1.6G       5.7M        62M       1.8G

MemTotal:        4016004 kB
MemFree:         1612864 kB
Active:           435828 kB
Mem:          3.8G       2.3G       1.5G       5.7M        62M       1.8G

MemTotal:        4016004 kB
MemFree:         1567212 kB
Active:           435832 kB
Mem:          3.8G       2.3G       1.5G       5.7M        62M       1.9G

MemTotal:        4016004 kB
MemFree:         1518956 kB
Active:           435844 kB
Mem:          3.8G       2.4G       1.4G       5.7M        62M       1.9G

MemTotal:        4016004 kB
MemFree:         1478656 kB
Active:           435844 kB
Mem:          3.8G       2.4G       1.4G       5.7M        62M       2.0G

MemTotal:        4016004 kB
MemFree:         1462796 kB
Active:           435824 kB
Mem:          3.8G       2.4G       1.4G       5.7M        62M       2.0G

MemTotal:        4016004 kB
MemFree:         1417780 kB
Active:           435852 kB
Mem:          3.8G       2.5G       1.4G       5.7M        62M       2.0G

MemTotal:        4016004 kB
MemFree:         1371300 kB
Active:           435936 kB
Mem:          3.8G       2.5G       1.3G       5.7M        62M       2.1G

MemTotal:        4016004 kB
MemFree:         1325408 kB
Active:           435856 kB
Mem:          3.8G       2.6G       1.3G       5.7M        62M       2.1G

MemTotal:        4016004 kB
MemFree:         1282800 kB
Active:           435836 kB
Mem:          3.8G       2.6G       1.2G       5.7M        62M       2.1G

MemTotal:        4016004 kB
MemFree:         1272544 kB
Active:           435844 kB
Mem:          3.8G       2.6G       1.2G       5.7M        63M       2.1G

MemTotal:        4016004 kB
MemFree:         1227188 kB
Active:           435876 kB
Mem:          3.8G       2.7G       1.2G       5.7M        63M       2.2G

MemTotal:        4016004 kB
MemFree:         1179604 kB
Active:           435868 kB
Mem:          3.8G       2.7G       1.1G       5.7M        63M       2.2G

MemTotal:        4016004 kB
MemFree:         1134328 kB
Active:           435880 kB
Mem:          3.8G       2.7G       1.1G       5.7M        63M       2.3G

MemTotal:        4016004 kB
MemFree:         1091884 kB
Active:           435880 kB
Mem:          3.8G       2.8G       1.0G       5.7M        63M       2.3G

MemTotal:        4016004 kB
MemFree:         1084476 kB
Active:           435860 kB
Mem:          3.8G       2.8G       1.0G       5.7M        63M       2.3G

MemTotal:        4016004 kB
MemFree:         1039072 kB
Active:           435848 kB
Mem:          3.8G       2.8G       1.0G       5.7M        63M       2.4G

MemTotal:        4016004 kB
MemFree:          991928 kB
Active:           433920 kB
Mem:          3.8G       2.9G       968M       5.7M        63M       2.4G

MemTotal:        4016004 kB
MemFree:          946344 kB
Active:           435896 kB
Mem:          3.8G       2.9G       923M       5.7M        63M       2.5G

MemTotal:        4016004 kB
MemFree:          901268 kB
Active:           435896 kB
Mem:          3.8G       3.0G       879M       5.7M        63M       2.5G

MemTotal:        4016004 kB
MemFree:          873392 kB
Active:           435924 kB
Mem:          3.8G       3.0G       852M       5.7M        63M       2.5G

MemTotal:        4016004 kB
MemFree:          834948 kB
Active:           435916 kB
Mem:          3.8G       3.0G       814M       5.7M        63M       2.6G

MemTotal:        4016004 kB
MemFree:          788844 kB
Active:           435944 kB
Mem:          3.8G       3.1G       769M       5.7M        63M       2.6G

MemTotal:        4016004 kB
MemFree:          742268 kB
Active:           435944 kB
Mem:          3.8G       3.1G       724M       5.7M        63M       2.6G

MemTotal:        4016004 kB
MemFree:          695756 kB
Active:           435924 kB
Mem:          3.8G       3.2G       679M       5.7M        63M       2.7G

MemTotal:        4016004 kB
MemFree:          649644 kB
Active:           435932 kB
Mem:          3.8G       3.2G       633M       5.7M        63M       2.7G

MemTotal:        4016004 kB
MemFree:          602676 kB
Active:           435920 kB
Mem:          3.8G       3.3G       588M       5.7M        63M       2.8G

MemTotal:        4016004 kB
MemFree:          555124 kB
Active:           438040 kB
Mem:          3.8G       3.3G       541M       5.7M        63M       2.8G

MemTotal:        4016004 kB
MemFree:          508652 kB
Active:           437976 kB
Mem:          3.8G       3.3G       496M       5.7M        63M       2.9G

MemTotal:        4016004 kB
MemFree:          461360 kB
Active:           437956 kB
Mem:          3.8G       3.4G       450M       5.7M        63M       2.9G

MemTotal:        4016004 kB
MemFree:          414944 kB
Active:           437992 kB
Mem:          3.8G       3.4G       404M       5.7M        63M       2.9G

MemTotal:        4016004 kB
MemFree:          368520 kB
Active:           437996 kB
Mem:          3.8G       3.5G       359M       5.7M        63M       3.0G

MemTotal:        4016004 kB
MemFree:          322116 kB
Active:           437992 kB
Mem:          3.8G       3.5G       314M       5.7M        63M       3.0G

MemTotal:        4016004 kB
MemFree:          275320 kB
Active:           437992 kB
Mem:          3.8G       3.6G       268M       5.7M        63M       3.1G

MemTotal:        4016004 kB
MemFree:          229096 kB
Active:           437996 kB
Mem:          3.8G       3.6G       223M       5.7M        63M       3.1G

MemTotal:        4016004 kB
MemFree:          182436 kB
Active:           438020 kB
Mem:          3.8G       3.7G       177M       5.7M        63M       3.2G

MemTotal:        4016004 kB
MemFree:          135204 kB
Active:           438028 kB
Mem:          3.8G       3.7G       131M       5.7M        63M       3.2G

MemTotal:        4016004 kB
MemFree:          125760 kB
Active:           434708 kB
Mem:          3.8G       3.7G       102M       5.7M        28M       3.3G

MemTotal:        4016004 kB
MemFree:          119912 kB
Active:           454356 kB
Mem:          3.8G       3.7G       129M       5.7M        27M       3.2G

MemTotal:        4016004 kB
MemFree:          149964 kB
Active:           500008 kB
Mem:          3.8G       3.7G       144M       5.7M        27M       3.2G

MemTotal:        4016004 kB
MemFree:          104972 kB
Active:           500020 kB
Mem:          3.8G       3.7G       110M       5.7M        27M       3.3G

MemTotal:        4016004 kB
MemFree:          124096 kB
Active:           493500 kB
Mem:          3.8G       3.7G       120M       5.7M        27M       3.3G

MemTotal:        4016004 kB
MemFree:          127420 kB
Active:           489620 kB
Mem:          3.8G       3.7G       124M       5.7M        27M       3.3G

MemTotal:        4016004 kB
MemFree:          121652 kB
Active:           484896 kB
Mem:          3.8G       3.7G       118M       5.7M        27M       3.3G

MemTotal:        4016004 kB
MemFree:          126072 kB
Active:           480800 kB
Mem:          3.8G       3.7G       122M       5.7M        27M       3.3G

MemTotal:        4016004 kB
MemFree:          111236 kB
Active:           477348 kB
Mem:          3.8G       3.7G       107M       5.7M        27M       3.3G

MemTotal:        4016004 kB
MemFree:          124284 kB
Active:           471980 kB
Mem:          3.8G       3.7G       120M       5.7M        27M       3.3G

MemTotal:        4016004 kB
MemFree:          127332 kB
Active:           468016 kB
Mem:          3.8G       3.7G       123M       5.7M        27M       3.3G

MemTotal:        4016004 kB
MemFree:          110776 kB
Active:           460932 kB
Mem:          3.8G       3.7G       107M       5.7M        27M       3.3G

MemTotal:        4016004 kB
MemFree:          126064 kB
Active:           453664 kB
Mem:          3.8G       3.7G       122M       5.7M        27M       3.3G

MemTotal:        4016004 kB
MemFree:          127172 kB
Active:           447520 kB
Mem:          3.8G       3.7G       123M       5.7M        27M       3.3G

MemTotal:        4016004 kB
MemFree:          126976 kB
Active:           447524 kB
Mem:          3.8G       3.7G       123M       5.7M        27M       3.3G

MemTotal:        4016004 kB
MemFree:          119204 kB
Active:           444072 kB
Mem:          3.8G       3.7G       116M       5.7M        27M       3.3G

MemTotal:        4016004 kB
MemFree:          110404 kB
Active:           442280 kB
Mem:          3.8G       3.7G       107M       5.7M        27M       3.3G

MemTotal:        4016004 kB
MemFree:          111952 kB
Active:           438376 kB
Mem:          3.8G       3.7G       108M       5.7M        27M       3.3G

MemTotal:        4016004 kB
MemFree:          124572 kB
Active:           436716 kB
Mem:          3.8G       3.7G       121M       5.7M        28M       3.3G

MemTotal:        4016004 kB
MemFree:          127600 kB
Active:           434932 kB
Mem:          3.8G       3.7G       123M       5.7M        28M       3.3G

MemTotal:        4016004 kB
MemFree:          111768 kB
Active:           431980 kB
Mem:          3.8G       3.7G       108M       5.7M        28M       3.3G

MemTotal:        4016004 kB
MemFree:          125492 kB
Active:           430328 kB
Mem:          3.8G       3.7G       122M       5.7M        28M       3.3G

MemTotal:        4016004 kB
MemFree:          126156 kB
Active:           428408 kB
Mem:          3.8G       3.7G       122M       5.7M        28M       3.3G

MemTotal:        4016004 kB
MemFree:          123532 kB
Active:           426620 kB
Mem:          3.8G       3.7G       120M       5.7M        28M       3.3G

MemTotal:        4016004 kB
MemFree:          122836 kB
Active:           425608 kB
Mem:          3.8G       3.7G       119M       5.7M        28M       3.3G

MemTotal:        4016004 kB
MemFree:          125752 kB
Active:           424208 kB
Mem:          3.8G       3.7G       122M       5.7M        28M       3.3G

MemTotal:        4016004 kB
MemFree:          121476 kB
Active:           420532 kB
Mem:          3.8G       3.7G       118M       5.7M        28M       3.3G

MemTotal:        4016004 kB
MemFree:          105836 kB
Active:           419508 kB
Mem:          3.8G       3.7G       102M       5.7M        28M       3.3G

MemTotal:        4016004 kB
MemFree:          121340 kB
Active:           417460 kB
Mem:          3.8G       3.7G       117M       5.7M        28M       3.3G

MemTotal:        4016004 kB
MemFree:          106612 kB
Active:           416444 kB
Mem:          3.8G       3.7G       103M       5.7M        28M       3.3G

MemTotal:        4016004 kB
MemFree:          124728 kB
Active:           414268 kB
Mem:          3.8G       3.7G       121M       5.7M        28M       3.3G

MemTotal:        4016004 kB
MemFree:          128020 kB
Active:           413120 kB
Mem:          3.8G       3.7G       124M       5.7M        28M       3.3G

MemTotal:        4016004 kB
MemFree:          120180 kB
Active:           411588 kB
Mem:          3.8G       3.7G       117M       5.7M        28M       3.3G

MemTotal:        4016004 kB
MemFree:          129404 kB
Active:           408480 kB
Mem:          3.8G       3.7G       126M       5.7M        28M       3.2G

MemTotal:        4016004 kB
MemFree:          125644 kB
Active:           408544 kB
Mem:          3.8G       3.7G       122M       5.7M        28M       3.3G

MemTotal:        4016004 kB
MemFree:          106208 kB
Active:           407852 kB
Mem:          3.8G       3.7G       102M       5.7M        28M       3.3G

MemTotal:        4016004 kB
MemFree:          124500 kB
Active:           405676 kB
Mem:          3.8G       3.7G       121M       5.7M        28M       3.3G

MemTotal:        4016004 kB
MemFree:          114804 kB
Active:           404524 kB
Mem:          3.8G       3.7G       111M       5.7M        28M       3.3G

MemTotal:        4016004 kB
MemFree:          125124 kB
Active:           402604 kB
Mem:          3.8G       3.7G       121M       5.7M        28M       3.3G

MemTotal:        4016004 kB
MemFree:          115476 kB
Active:           402460 kB
Mem:          3.8G       3.7G       112M       5.7M        28M       3.3G

MemTotal:        4016004 kB
MemFree:          115508 kB
Active:           402460 kB
Mem:          3.8G       3.7G       112M       5.7M        28M       3.3G

MemTotal:        4016004 kB
MemFree:          115448 kB
Active:           402476 kB
Mem:          3.8G       3.7G       112M       5.7M        28M       3.3G

MemTotal:        4016004 kB
MemFree:          115516 kB
Active:           402468 kB
Mem:          3.8G       3.7G       112M       5.7M        28M       3.3G

MemTotal:        4016004 kB
MemFree:          121572 kB
Active:           400568 kB
Mem:          3.8G       3.7G       117M       5.7M        28M       3.3G

MemTotal:        4016004 kB
MemFree:          112488 kB
Active:           399416 kB
Mem:          3.8G       3.7G       108M       5.7M        28M       3.3G

MemTotal:        4016004 kB
MemFree:          126952 kB
Active:           397756 kB
Mem:          3.8G       3.7G       123M       5.7M        28M       3.3G

MemTotal:        4016004 kB
MemFree:          125352 kB
Active:           395972 kB
Mem:          3.8G       3.7G       121M       5.7M        28M       3.3G

MemTotal:        4016004 kB
MemFree:          120276 kB
Active:           394312 kB
Mem:          3.8G       3.7G       117M       5.7M        28M       3.3G

MemTotal:        4016004 kB
MemFree:          111996 kB
Active:           393164 kB
Mem:          3.8G       3.7G       106M       5.7M        28M       3.3G

MemTotal:        4016004 kB
MemFree:          109356 kB
Active:           393268 kB
Mem:          3.8G       3.7G       106M       5.7M        28M       3.3G

MemTotal:        4016004 kB
MemFree:          108772 kB
Active:           392116 kB
Mem:          3.8G       3.7G       105M       5.7M        28M       3.3G

MemTotal:        4016004 kB
MemFree:          108028 kB
Active:           392100 kB
Mem:          3.8G       3.7G       105M       5.7M        28M       3.3G

MemTotal:        4016004 kB
MemFree:          108188 kB
Active:           392120 kB
Mem:          3.8G       3.7G       105M       5.7M        28M       3.3G

MemTotal:        4016004 kB
MemFree:          116204 kB
Active:           390856 kB
Mem:          3.8G       3.7G       112M       5.7M        28M       3.3G

MemTotal:        4016004 kB
MemFree:          105972 kB
Active:           389704 kB
Mem:          3.8G       3.7G       103M       5.7M        28M       3.3G

MemTotal:        4016004 kB
MemFree:          114060 kB
Active:           385628 kB
Mem:          3.8G       3.7G       110M       5.7M        28M       3.3G

MemTotal:        4016004 kB
MemFree:          116304 kB
Active:           384360 kB
Mem:          3.8G       3.7G       113M       5.7M        28M       3.3G

MemTotal:        4016004 kB
MemFree:          105608 kB
Active:           383208 kB
Mem:          3.8G       3.7G       102M       5.7M        28M       3.3G

MemTotal:        4016004 kB
MemFree:          131092 kB
Active:           381036 kB
Mem:          3.8G       3.7G       127M       5.7M        28M       3.2G

MemTotal:        4016004 kB
MemFree:          133124 kB
Active:           379380 kB
Mem:          3.8G       3.7G       129M       5.7M        28M       3.2G

MemTotal:        4016004 kB
MemFree:          128044 kB
Active:           378228 kB
Mem:          3.8G       3.7G       125M       5.7M        28M       3.2G

MemTotal:        4016004 kB
MemFree:          113300 kB
Active:           378100 kB
Mem:          3.8G       3.7G       110M       5.7M        28M       3.3G

MemTotal:        4016004 kB
MemFree:          129856 kB
Active:           378072 kB
Mem:          3.8G       3.7G       126M       5.7M        28M       3.2G

MemTotal:        4016004 kB
MemFree:          132396 kB
Active:           377984 kB
Mem:          3.8G       3.7G       129M       5.7M        28M       3.2G

MemTotal:        4016004 kB
MemFree:          128064 kB
Active:           377976 kB
Mem:          3.8G       3.7G       125M       5.7M        28M       3.2G

MemTotal:        4016004 kB
MemFree:          119532 kB
Active:           377984 kB
Mem:          3.8G       3.7G       116M       5.7M        28M       3.3G

MemTotal:        4016004 kB
MemFree:          120164 kB
Active:           377992 kB
Mem:          3.8G       3.7G       117M       5.7M        28M       3.3G

MemTotal:        4016004 kB
MemFree:          128348 kB
Active:           377992 kB
Mem:          3.8G       3.7G       125M       5.7M        28M       3.2G

MemTotal:        4016004 kB
MemFree:          117396 kB
Active:           377996 kB
Mem:          3.8G       3.7G       114M       5.7M        28M       3.3G

MemTotal:        4016004 kB
MemFree:          109052 kB
Active:           378016 kB
Mem:          3.8G       3.7G       105M       5.7M        28M       3.3G

MemTotal:        4016004 kB
MemFree:          109432 kB
Active:           378020 kB
Mem:          3.8G       3.7G       106M       5.7M        28M       3.3G

MemTotal:        4016004 kB
MemFree:          119832 kB
Active:           374908 kB
Mem:          3.8G       3.7G       116M       5.7M        28M       3.3G

MemTotal:        4016004 kB
MemFree:          122308 kB
Active:           374916 kB
Mem:          3.8G       3.7G       119M       5.7M        28M       3.3G

MemTotal:        4016004 kB
MemFree:          111580 kB
Active:           374928 kB
Mem:          3.8G       3.7G       108M       5.7M        28M       3.3G

MemTotal:        4016004 kB
MemFree:          130524 kB
Active:           374928 kB
Mem:          3.8G       3.7G       127M       5.7M        28M       3.2G

MemTotal:        4016004 kB
MemFree:          121200 kB
Active:           374928 kB
Mem:          3.8G       3.7G       118M       5.7M        28M       3.3G

MemTotal:        4016004 kB
MemFree:          123376 kB
Active:           374940 kB
Mem:          3.8G       3.7G       120M       5.7M        28M       3.3G

MemTotal:        4016004 kB
MemFree:          139060 kB
Active:           374548 kB
Mem:          3.8G       3.7G       134M       5.7M        28M       3.2G

MemTotal:        4016004 kB
MemFree:          139396 kB
Active:           376596 kB
Mem:          3.8G       3.7G       135M       5.7M        28M       3.2G

MemTotal:        4016004 kB
MemFree:          139924 kB
Active:           375896 kB
Mem:          3.8G       3.7G       136M       5.7M        28M       3.2G

MemTotal:        4016004 kB
MemFree:          123700 kB
Active:           375932 kB
Mem:          3.8G       3.7G       120M       5.7M        28M       3.2G

MemTotal:        4016004 kB
MemFree:          117120 kB
Active:           375804 kB
Mem:          3.8G       3.7G       114M       5.7M        28M       3.3G

MemTotal:        4016004 kB
MemFree:          121568 kB
Active:           375816 kB
Mem:          3.8G       3.7G       118M       5.7M        28M       3.3G

MemTotal:        4016004 kB
MemFree:          128788 kB
Active:           375816 kB
Mem:          3.8G       3.7G       125M       5.7M        28M       3.2G

MemTotal:        4016004 kB
MemFree:          118092 kB
Active:           375748 kB
Mem:          3.8G       3.7G       114M       5.7M        28M       3.3G

MemTotal:        4016004 kB
MemFree:          107580 kB
Active:           375764 kB
Mem:          3.8G       3.7G       104M       5.7M        28M       3.3G

MemTotal:        4016004 kB
MemFree:          138144 kB
Active:           375772 kB
Mem:          3.8G       3.7G       134M       5.7M        28M       3.2G

MemTotal:        4016004 kB
MemFree:          138396 kB
Active:           375740 kB
Mem:          3.8G       3.7G       134M       5.7M        28M       3.2G

MemTotal:        4016004 kB
MemFree:          133740 kB
Active:           375608 kB
Mem:          3.8G       3.7G       130M       5.7M        28M       3.2G

MemTotal:        4016004 kB
MemFree:          123992 kB
Active:           375700 kB
Mem:          3.8G       3.7G       120M       5.7M        28M       3.2G

MemTotal:        4016004 kB
MemFree:          130920 kB
Active:           375700 kB
Mem:          3.8G       3.7G       127M       5.7M        28M       3.2G

MemTotal:        4016004 kB
MemFree:          120264 kB
Active:           375580 kB
Mem:          3.8G       3.7G       117M       5.7M        28M       3.3G

MemTotal:        4016004 kB
MemFree:          110416 kB
Active:           375580 kB
Mem:          3.8G       3.7G       107M       5.7M        28M       3.3G

MemTotal:        4016004 kB
MemFree:          111684 kB
Active:           374796 kB
Mem:          3.8G       3.7G       109M       5.7M        28M       3.3G

MemTotal:        4016004 kB
MemFree:          112936 kB
Active:           374796 kB
Mem:          3.8G       3.7G       109M       5.7M        28M       3.3G

MemTotal:        4016004 kB
MemFree:          117936 kB
Active:           374796 kB
Mem:          3.8G       3.7G       114M       5.7M        28M       3.3G

MemTotal:        4016004 kB
MemFree:          130272 kB
Active:           374796 kB
Mem:          3.8G       3.7G       127M       5.7M        28M       3.2G

MemTotal:        4016004 kB
MemFree:          120004 kB
Active:           374804 kB
Mem:          3.8G       3.7G       116M       5.7M        28M       3.3G

MemTotal:        4016004 kB
MemFree:          109372 kB
Active:           374804 kB
Mem:          3.8G       3.7G       106M       5.7M        28M       3.3G

MemTotal:        4016004 kB
MemFree:          127720 kB
Active:           375944 kB
Mem:          3.8G       3.7G       125M       5.7M        28M       3.2G

MemTotal:        4016004 kB
MemFree:          111244 kB
Active:           375820 kB
Mem:          3.8G       3.7G       108M       5.7M        28M       3.3G

MemTotal:        4016004 kB
MemFree:          117832 kB
Active:           375820 kB
Mem:          3.8G       3.7G       115M       5.7M        28M       3.3G

MemTotal:        4016004 kB
MemFree:          138716 kB
Active:           373360 kB
Mem:          3.8G       3.7G       134M       5.7M        28M       3.2G

MemTotal:        4016004 kB
MemFree:          128036 kB
Active:           373192 kB
Mem:          3.8G       3.7G       124M       5.7M        28M       3.2G

MemTotal:        4016004 kB
MemFree:          120636 kB
Active:           373168 kB
Mem:          3.8G       3.7G       116M       5.7M        28M       3.2G

MemTotal:        4016004 kB
MemFree:          120852 kB
Active:           373188 kB
Mem:          3.8G       3.7G       118M       5.7M        28M       3.2G

MemTotal:        4016004 kB
MemFree:          135564 kB
Active:           373204 kB
Mem:          3.8G       3.7G       131M       5.7M        28M       3.2G

MemTotal:        4016004 kB
MemFree:          128308 kB
Active:           373204 kB
Mem:          3.8G       3.7G       125M       5.7M        28M       3.2G

MemTotal:        4016004 kB
MemFree:          107016 kB
Active:           373088 kB
Mem:          3.8G       3.7G       104M       5.7M        28M       3.3G

MemTotal:        4016004 kB
MemFree:          109900 kB
Active:           373088 kB
Mem:          3.8G       3.7G       106M       5.7M        28M       3.3G

MemTotal:        4016004 kB
MemFree:          142608 kB
Active:           372952 kB
Mem:          3.8G       3.7G       139M       5.7M        28M       3.2G

MemTotal:        4016004 kB
MemFree:          107232 kB
Active:           372964 kB
Mem:          3.8G       3.7G       104M       5.7M        28M       3.3G

MemTotal:        4016004 kB
MemFree:          132428 kB
Active:           372968 kB
Mem:          3.8G       3.7G       128M       5.7M        28M       3.2G

MemTotal:        4016004 kB
MemFree:          134112 kB
Active:           372968 kB
Mem:          3.8G       3.7G       129M       5.7M        28M       3.2G

MemTotal:        4016004 kB
MemFree:          105188 kB
Active:           372968 kB
Mem:          3.8G       3.7G       102M       5.7M        28M       3.3G

MemTotal:        4016004 kB
MemFree:          130928 kB
Active:           372976 kB
Mem:          3.8G       3.7G       127M       5.7M        28M       3.2G

MemTotal:        4016004 kB
MemFree:          132008 kB
Active:           372980 kB
Mem:          3.8G       3.7G       128M       5.7M        28M       3.2G

MemTotal:        4016004 kB
MemFree:          122216 kB
Active:           372984 kB
Mem:          3.8G       3.7G       118M       5.7M        28M       3.2G

MemTotal:        4016004 kB
MemFree:          143612 kB
Active:           370332 kB
Mem:          3.8G       3.7G       140M       5.7M        28M       3.2G

MemTotal:        4016004 kB
MemFree:          115364 kB
Active:           370344 kB
Mem:          3.8G       3.7G       122M       5.7M        28M       3.2G

MemTotal:        4016004 kB
MemFree:          124016 kB
Active:           370344 kB
Mem:          3.8G       3.7G       126M       5.7M        28M       3.2G

MemTotal:        4016004 kB
MemFree:          125584 kB
Active:           370224 kB
Mem:          3.8G       3.7G       122M       5.7M        28M       3.2G

MemTotal:        4016004 kB
MemFree:          119320 kB
Active:           370224 kB
Mem:          3.8G       3.7G       116M       5.7M        28M       3.2G

MemTotal:        4016004 kB
MemFree:          133620 kB
Active:           370236 kB
Mem:          3.8G       3.7G       129M       5.7M        28M       3.2G

MemTotal:        4016004 kB
MemFree:          122020 kB
Active:           370240 kB
Mem:          3.8G       3.7G       119M       5.7M        28M       3.2G

MemTotal:        4016004 kB
MemFree:          112216 kB
Active:           370240 kB
Mem:          3.8G       3.7G       109M       5.7M        28M       3.3G

MemTotal:        4016004 kB
MemFree:          114092 kB
Active:           370248 kB
Mem:          3.8G       3.7G       110M       5.7M        28M       3.3G

MemTotal:        4016004 kB
MemFree:          108772 kB
Active:           369480 kB
Mem:          3.8G       3.7G       110M       5.7M        28M       3.3G

MemTotal:        4016004 kB
MemFree:          121440 kB
Active:           369484 kB
Mem:          3.8G       3.7G       117M       5.7M        28M       3.2G

MemTotal:        4016004 kB
MemFree:          126252 kB
Active:           369484 kB
Mem:          3.8G       3.7G       123M       5.7M        28M       3.2G

MemTotal:        4016004 kB
MemFree:          122688 kB
Active:           369488 kB
Mem:          3.8G       3.7G       119M       5.7M        28M       3.2G

MemTotal:        4016004 kB
MemFree:          124640 kB
Active:           369488 kB
Mem:          3.8G       3.7G       121M       5.7M        28M       3.2G

MemTotal:        4016004 kB
MemFree:          120056 kB
Active:           369468 kB
Mem:          3.8G       3.7G       116M       5.7M        28M       3.2G

MemTotal:        4016004 kB
MemFree:          105760 kB
Active:           369504 kB
Mem:          3.8G       3.7G       102M       5.7M        28M       3.3G

MemTotal:        4016004 kB
MemFree:          123708 kB
Active:           369504 kB
Mem:          3.8G       3.7G       120M       5.7M        28M       3.2G

MemTotal:        4016004 kB
MemFree:          125784 kB
Active:           369508 kB
Mem:          3.8G       3.7G       122M       5.7M        28M       3.2G

MemTotal:        4016004 kB
MemFree:          108980 kB
Active:           369508 kB
Mem:          3.8G       3.7G       106M       5.7M        28M       3.3G

MemTotal:        4016004 kB
MemFree:          135796 kB
Active:           363416 kB
Mem:          3.8G       3.7G       132M       5.7M        28M       3.2G

MemTotal:        4016004 kB
MemFree:          146828 kB
Active:           364748 kB
Mem:          3.8G       3.7G       142M       5.7M        28M       3.2G

MemTotal:        4016004 kB
MemFree:          124480 kB
Active:           364708 kB
Mem:          3.8G       3.7G       121M       5.7M        28M       3.2G

MemTotal:        4016004 kB
MemFree:          115356 kB
Active:           364608 kB
Mem:          3.8G       3.7G       111M       5.7M        28M       3.2G

MemTotal:        4016004 kB
MemFree:          124520 kB
Active:           364608 kB
Mem:          3.8G       3.7G       124M       5.7M        28M       3.2G

MemTotal:        4016004 kB
MemFree:          125364 kB
Active:           364492 kB
Mem:          3.8G       3.7G       122M       5.7M        28M       3.2G

MemTotal:        4016004 kB
MemFree:          122504 kB
Active:           364516 kB
Mem:          3.8G       3.7G       119M       5.7M        28M       3.2G

MemTotal:        4016004 kB
MemFree:          125380 kB
Active:           364516 kB
Mem:          3.8G       3.7G       121M       5.7M        28M       3.2G

MemTotal:        4016004 kB
MemFree:          112184 kB
Active:           364520 kB
Mem:          3.8G       3.7G       109M       5.7M        28M       3.3G

MemTotal:        4016004 kB
MemFree:          111588 kB
Active:           364544 kB
Mem:          3.8G       3.7G       108M       5.7M        28M       3.3G

MemTotal:        4016004 kB
MemFree:          111376 kB
Active:           364512 kB
Mem:          3.8G       3.7G       108M       5.7M        28M       3.3G

MemTotal:        4016004 kB
MemFree:          111504 kB
Active:           364532 kB
Mem:          3.8G       3.7G       108M       5.7M        28M       3.3G

MemTotal:        4016004 kB
MemFree:          124828 kB
Active:           364552 kB
Mem:          3.8G       3.7G       121M       5.7M        28M       3.2G

MemTotal:        4016004 kB
MemFree:          128708 kB
Active:           362400 kB
Mem:          3.8G       3.7G       125M       5.7M        28M       3.2G

MemTotal:        4016004 kB
MemFree:          108632 kB
Active:           362400 kB
Mem:          3.8G       3.7G       106M       5.7M        28M       3.3G

MemTotal:        4016004 kB
MemFree:          128784 kB
Active:           362408 kB
Mem:          3.8G       3.7G       125M       5.7M        28M       3.2G

MemTotal:        4016004 kB
MemFree:          118844 kB
Active:           362392 kB
Mem:          3.8G       3.7G       116M       5.7M        28M       3.2G

MemTotal:        4016004 kB
MemFree:          121264 kB
Active:           362408 kB
Mem:          3.8G       3.7G       117M       5.7M        28M       3.2G

MemTotal:        4016004 kB
MemFree:          126940 kB
Active:           362412 kB
Mem:          3.8G       3.7G       123M       5.7M        28M       3.2G

MemTotal:        4016004 kB
MemFree:          118312 kB
Active:           362392 kB
Mem:          3.8G       3.7G       114M       5.7M        28M       3.2G

MemTotal:        4016004 kB
MemFree:          108420 kB
Active:           362424 kB
Mem:          3.8G       3.7G       105M       5.7M        28M       3.3G

MemTotal:        4016004 kB
MemFree:          108772 kB
Active:           362428 kB
Mem:          3.8G       3.7G       105M       5.7M        28M       3.3G

MemTotal:        4016004 kB
MemFree:          116984 kB
Active:           362428 kB
Mem:          3.8G       3.7G       113M       5.7M        28M       3.2G

MemTotal:        4016004 kB
MemFree:          136292 kB
Active:           359396 kB
Mem:          3.8G       3.7G       132M       5.7M        28M       3.2G

MemTotal:        4016004 kB
MemFree:          130460 kB
Active:           359388 kB
Mem:          3.8G       3.7G       126M       5.7M        28M       3.2G

MemTotal:        4016004 kB
MemFree:          109128 kB
Active:           359360 kB
Mem:          3.8G       3.7G       105M       5.7M        28M       3.3G

MemTotal:        4016004 kB
MemFree:          127656 kB
Active:           359416 kB
Mem:          3.8G       3.7G       124M       5.7M        28M       3.2G

MemTotal:        4016004 kB
MemFree:          124216 kB
Active:           359416 kB
Mem:          3.8G       3.7G       120M       5.7M        28M       3.2G

MemTotal:        4016004 kB
MemFree:          105840 kB
Active:           359420 kB
Mem:          3.8G       3.7G       102M       5.7M        28M       3.3G

MemTotal:        4016004 kB
MemFree:          132144 kB
Active:           359420 kB
Mem:          3.8G       3.7G       128M       5.7M        28M       3.2G

MemTotal:        4016004 kB
MemFree:          133828 kB
Active:           359428 kB
Mem:          3.8G       3.7G       130M       5.7M        28M       3.2G

MemTotal:        4016004 kB
MemFree:          121880 kB
Active:           361456 kB
Mem:          3.8G       3.7G       119M       5.7M        28M       3.2G

MemTotal:        4016004 kB
MemFree:          136232 kB
Active:           360676 kB
Mem:          3.8G       3.7G       133M       5.7M        28M       3.2G

MemTotal:        4016004 kB
MemFree:          138824 kB
Active:           360692 kB
Mem:          3.8G       3.7G       135M       5.7M        28M       3.2G

MemTotal:        4016004 kB
MemFree:          140632 kB
Active:           360688 kB
Mem:          3.8G       3.7G       137M       5.7M        28M       3.2G

MemTotal:        4016004 kB
MemFree:          137412 kB
Active:           358032 kB
Mem:          3.8G       3.7G       135M       5.7M        28M       3.2G

MemTotal:        4016004 kB
MemFree:          119240 kB
Active:           357908 kB
Mem:          3.8G       3.7G       115M       5.7M        28M       3.2G

MemTotal:        4016004 kB
MemFree:          125972 kB
Active:           357920 kB
Mem:          3.8G       3.7G       123M       5.7M        28M       3.2G

MemTotal:        4016004 kB
MemFree:          117376 kB
Active:           357868 kB
Mem:          3.8G       3.7G       113M       5.7M        28M       3.2G

MemTotal:        4016004 kB
MemFree:          105836 kB
Active:           357924 kB
Mem:          3.8G       3.7G       103M       5.7M        28M       3.3G

MemTotal:        4016004 kB
MemFree:          108972 kB
Active:           357928 kB
Mem:          3.8G       3.7G       105M       5.7M        28M       3.3G

MemTotal:        4016004 kB
MemFree:          149432 kB
Active:           358548 kB
Mem:          3.8G       3.7G       145M       5.7M        28M       3.2G

MemTotal:        4016004 kB
MemFree:          126848 kB
Active:           357984 kB
Mem:          3.8G       3.7G       123M       5.7M        28M       3.2G

MemTotal:        4016004 kB
MemFree:          127964 kB
Active:           357884 kB
Mem:          3.8G       3.7G       124M       5.7M        28M       3.2G

MemTotal:        4016004 kB
MemFree:          120652 kB
Active:           357896 kB
Mem:          3.8G       3.7G       117M       5.7M        28M       3.2G

MemTotal:        4016004 kB
MemFree:          112048 kB
Active:           357904 kB
Mem:          3.8G       3.7G       108M       5.7M        28M       3.2G

MemTotal:        4016004 kB
MemFree:          125572 kB
Active:           357904 kB
Mem:          3.8G       3.7G       122M       5.7M        28M       3.2G

MemTotal:        4016004 kB
MemFree:          115632 kB
Active:           357904 kB
Mem:          3.8G       3.7G       112M       5.7M        28M       3.2G

MemTotal:        4016004 kB
MemFree:          130948 kB
Active:           357916 kB
Mem:          3.8G       3.7G       128M       5.7M        28M       3.2G

MemTotal:        4016004 kB
MemFree:          106700 kB
Active:           357896 kB
Mem:          3.8G       3.7G       103M       5.7M        28M       3.3G

MemTotal:        4016004 kB
MemFree:          106460 kB
Active:           357892 kB
Mem:          3.8G       3.7G       103M       5.7M        28M       3.3G

MemTotal:        4016004 kB
MemFree:          124164 kB
Active:           354180 kB
Mem:          3.8G       3.7G       121M       5.7M        28M       3.2G

MemTotal:        4016004 kB
MemFree:          115112 kB
Active:           354180 kB
Mem:          3.8G       3.7G       112M       5.7M        28M       3.2G

MemTotal:        4016004 kB
MemFree:          122812 kB
Active:           354180 kB
Mem:          3.8G       3.7G       119M       5.7M        28M       3.2G

MemTotal:        4016004 kB
MemFree:          113540 kB
Active:           354184 kB
Mem:          3.8G       3.7G       110M       5.7M        28M       3.2G

MemTotal:        4016004 kB
MemFree:          114044 kB
Active:           354192 kB
Mem:          3.8G       3.7G       111M       5.7M        28M       3.2G

MemTotal:        4016004 kB
MemFree:          111912 kB
Active:           354192 kB
Mem:          3.8G       3.7G       120M       5.7M        28M       3.2G

MemTotal:        4016004 kB
MemFree:          113352 kB
Active:           354192 kB
Mem:          3.8G       3.7G       109M       5.7M        28M       3.2G

MemTotal:        4016004 kB
MemFree:          117340 kB
Active:           354192 kB
Mem:          3.8G       3.7G       114M       5.7M        28M       3.2G

MemTotal:        4016004 kB
MemFree:          117436 kB
Active:           354156 kB
Mem:          3.8G       3.7G       114M       5.7M        28M       3.2G

MemTotal:        4016004 kB
MemFree:          117624 kB
Active:           354196 kB
Mem:          3.8G       3.7G       114M       5.7M        28M       3.2G

MemTotal:        4016004 kB
MemFree:          117628 kB
Active:           354172 kB
Mem:          3.8G       3.7G       114M       5.7M        28M       3.2G

MemTotal:        4016004 kB
MemFree:          116432 kB
Active:           354224 kB
Mem:          3.8G       3.7G       113M       5.7M        28M       3.2G

MemTotal:        4016004 kB
MemFree:          107388 kB
Active:           354224 kB
Mem:          3.8G       3.7G       103M       5.7M        28M       3.3G

MemTotal:        4016004 kB
MemFree:          110516 kB
Active:           354228 kB
Mem:          3.8G       3.7G       107M       5.7M        28M       3.2G

MemTotal:        4016004 kB
MemFree:          124252 kB
Active:           354236 kB
Mem:          3.8G       3.7G       121M       5.7M        28M       3.2G

MemTotal:        4016004 kB
MemFree:          125944 kB
Active:           354236 kB
Mem:          3.8G       3.7G       122M       5.7M        28M       3.2G

MemTotal:        4016004 kB
MemFree:          134000 kB
Active:           354196 kB
Mem:          3.8G       3.7G       130M       5.7M        28M       3.2G

MemTotal:        4016004 kB
MemFree:          123636 kB
Active:           354212 kB
Mem:          3.8G       3.7G       120M       5.7M        28M       3.2G

MemTotal:        4016004 kB
MemFree:          123940 kB
Active:           354004 kB
Mem:          3.8G       3.7G       120M       5.7M        28M       3.2G

MemTotal:        4016004 kB
MemFree:          120388 kB
Active:           354012 kB
Mem:          3.8G       3.7G       117M       5.7M        28M       3.2G

MemTotal:        4016004 kB
MemFree:          108188 kB
Active:           354012 kB
Mem:          3.8G       3.7G       117M       5.7M        28M       3.2G

MemTotal:        4016004 kB
MemFree:          119516 kB
Active:           353580 kB
Mem:          3.8G       3.7G       116M       5.7M        28M       3.2G

MemTotal:        4016004 kB
MemFree:          119764 kB
Active:           353544 kB
Mem:          3.8G       3.7G       117M       5.7M        28M       3.2G

MemTotal:        4016004 kB
MemFree:          119764 kB
Active:           353568 kB
Mem:          3.8G       3.7G       116M       5.7M        28M       3.2G

MemTotal:        4016004 kB
MemFree:          119888 kB
Active:           353548 kB
Mem:          3.8G       3.7G       116M       5.7M        28M       3.2G

MemTotal:        4016004 kB
MemFree:          119764 kB
Active:           353564 kB
Mem:          3.8G       3.7G       116M       5.7M        28M       3.2G

MemTotal:        4016004 kB
MemFree:          119464 kB
Active:           353568 kB
Mem:          3.8G       3.7G       116M       5.7M        28M       3.2G

MemTotal:        4016004 kB
MemFree:          119976 kB
Active:           353564 kB
Mem:          3.8G       3.7G       117M       5.7M        28M       3.2G

MemTotal:        4016004 kB
MemFree:          120228 kB
Active:           353572 kB
Mem:          3.8G       3.7G       117M       5.7M        28M       3.2G

MemTotal:        4016004 kB
MemFree:          120544 kB
Active:           353564 kB
Mem:          3.8G       3.7G       117M       5.7M        28M       3.2G

MemTotal:        4016004 kB
MemFree:          120452 kB
Active:           353568 kB
Mem:          3.8G       3.7G       117M       5.7M        28M       3.2G

MemTotal:        4016004 kB
MemFree:          120328 kB
Active:           353572 kB
Mem:          3.8G       3.7G       117M       5.7M        28M       3.2G

MemTotal:        4016004 kB
MemFree:          120328 kB
Active:           353560 kB
Mem:          3.8G       3.7G       117M       5.7M        28M       3.2G

MemTotal:        4016004 kB
MemFree:          120080 kB
Active:           353596 kB
Mem:          3.8G       3.7G       117M       5.7M        28M       3.2G

MemTotal:        4016004 kB
MemFree:          119956 kB
Active:           353584 kB
Mem:          3.8G       3.7G       116M       5.7M        28M       3.2G

MemTotal:        4016004 kB
MemFree:          119956 kB
Active:           353588 kB
Mem:          3.8G       3.7G       116M       5.7M        28M       3.2G

MemTotal:        4016004 kB
MemFree:          120080 kB
Active:           353592 kB
Mem:          3.8G       3.7G       117M       5.7M        28M       3.2G

MemTotal:        4016004 kB
MemFree:          120220 kB
Active:           353604 kB
Mem:          3.8G       3.7G       117M       5.7M        28M       3.2G

MemTotal:        4016004 kB
MemFree:          120096 kB
Active:           353608 kB
Mem:          3.8G       3.7G       117M       5.7M        28M       3.2G

MemTotal:        4016004 kB
MemFree:          120096 kB
Active:           353580 kB
Mem:          3.8G       3.7G       116M       5.7M        28M       3.2G

MemTotal:        4016004 kB
MemFree:          120220 kB
Active:           353584 kB
Mem:          3.8G       3.7G       117M       5.7M        28M       3.2G

MemTotal:        4016004 kB
MemFree:          120112 kB
Active:           353636 kB
Mem:          3.8G       3.7G       116M       5.7M        28M       3.2G

MemTotal:        4016004 kB
MemFree:          120112 kB
Active:           353616 kB
Mem:          3.8G       3.7G       116M       5.7M        28M       3.2G

MemTotal:        4016004 kB
MemFree:          120112 kB
Active:           353604 kB
Mem:          3.8G       3.7G       117M       5.7M        28M       3.2G

MemTotal:        4016004 kB
MemFree:          120236 kB
Active:           353612 kB
Mem:          3.8G       3.7G       116M       5.7M        28M       3.2G

MemTotal:        4016004 kB
MemFree:          120236 kB
Active:           353608 kB
Mem:          3.8G       3.7G       116M       5.7M        28M       3.2G

MemTotal:        4016004 kB
MemFree:          120112 kB
Active:           353616 kB
Mem:          3.8G       3.7G       117M       5.7M        28M       3.2G

MemTotal:        4016004 kB
MemFree:          119988 kB
Active:           353596 kB
Mem:          3.8G       3.7G       116M       5.7M        28M       3.2G

MemTotal:        4016004 kB
MemFree:          119988 kB
Active:           353620 kB
Mem:          3.8G       3.7G       116M       5.7M        28M       3.2G

MemTotal:        4016004 kB
MemFree:          120236 kB
Active:           353612 kB
Mem:          3.8G       3.7G       116M       5.7M        28M       3.2G

MemTotal:        4016004 kB
MemFree:          120236 kB
Active:           353608 kB
Mem:          3.8G       3.7G       116M       5.7M        28M       3.2G

MemTotal:        4016004 kB
MemFree:          120112 kB
Active:           353620 kB
Mem:          3.8G       3.7G       116M       5.7M        28M       3.2G

MemTotal:        4016004 kB
MemFree:          120112 kB
Active:           353628 kB
Mem:          3.8G       3.7G       117M       5.7M        28M       3.2G

MemTotal:        4016004 kB
MemFree:          120112 kB
Active:           353632 kB
Mem:          3.8G       3.7G       117M       5.7M        28M       3.2G

MemTotal:        4016004 kB
MemFree:          120236 kB
Active:           353612 kB
Mem:          3.8G       3.7G       117M       5.7M        28M       3.2G

MemTotal:        4016004 kB
MemFree:          120236 kB
Active:           353624 kB
Mem:          3.8G       3.7G       116M       5.7M        28M       3.2G

MemTotal:        4016004 kB
MemFree:          120236 kB
Active:           353632 kB
Mem:          3.8G       3.7G       117M       5.7M        28M       3.2G

MemTotal:        4016004 kB
MemFree:          120112 kB
Active:           353660 kB
Mem:          3.8G       3.7G       116M       5.7M        28M       3.2G

MemTotal:        4016004 kB
MemFree:          120112 kB
Active:           353620 kB
Mem:          3.8G       3.7G       116M       5.7M        28M       3.2G

MemTotal:        4016004 kB
MemFree:          119988 kB
Active:           353640 kB
Mem:          3.8G       3.7G       116M       5.7M        28M       3.2G

MemTotal:        4016004 kB
MemFree:          119864 kB
Active:           353656 kB
Mem:          3.8G       3.7G       116M       5.7M        28M       3.2G

MemTotal:        4016004 kB
MemFree:          119988 kB
Active:           353652 kB
Mem:          3.8G       3.7G       116M       5.7M        28M       3.2G

MemTotal:        4016004 kB
MemFree:          119988 kB
Active:           353628 kB
Mem:          3.8G       3.7G       116M       5.7M        28M       3.2G

MemTotal:        4016004 kB
MemFree:          119988 kB
Active:           353636 kB
Mem:          3.8G       3.7G       116M       5.7M        28M       3.2G

MemTotal:        4016004 kB
MemFree:          120112 kB
Active:           353640 kB
Mem:          3.8G       3.7G       116M       5.7M        28M       3.2G

MemTotal:        4016004 kB
MemFree:          120112 kB
Active:           353632 kB
Mem:          3.8G       3.7G       117M       5.7M        28M       3.2G

MemTotal:        4016004 kB
MemFree:          120112 kB
Active:           353636 kB
Mem:          3.8G       3.7G       117M       5.7M        28M       3.2G

MemTotal:        4016004 kB
MemFree:          120236 kB
Active:           353640 kB
Mem:          3.8G       3.7G       117M       5.7M        28M       3.2G

MemTotal:        4016004 kB
MemFree:          120236 kB
Active:           353668 kB
Mem:          3.8G       3.7G       116M       5.7M        28M       3.2G

MemTotal:        4016004 kB
MemFree:          120112 kB
Active:           353656 kB
Mem:          3.8G       3.7G       117M       5.7M        28M       3.2G

MemTotal:        4016004 kB
MemFree:          120236 kB
Active:           353648 kB
Mem:          3.8G       3.7G       116M       5.7M        28M       3.2G

MemTotal:        4016004 kB
MemFree:          120360 kB
Active:           353652 kB
Mem:          3.8G       3.7G       117M       5.7M        28M       3.2G

MemTotal:        4016004 kB
MemFree:          120360 kB
Active:           353624 kB
Mem:          3.8G       3.7G       117M       5.7M        28M       3.2G

MemTotal:        4016004 kB
MemFree:          120360 kB
Active:           353664 kB
Mem:          3.8G       3.7G       117M       5.7M        28M       3.2G

MemTotal:        4016004 kB
MemFree:          119988 kB
Active:           353660 kB
Mem:          3.8G       3.7G       116M       5.7M        28M       3.2G

MemTotal:        4016004 kB
MemFree:          119988 kB
Active:           353664 kB
Mem:          3.8G       3.7G       117M       5.7M        28M       3.2G

MemTotal:        4016004 kB
MemFree:          119864 kB
Active:           353676 kB
Mem:          3.8G       3.7G       116M       5.7M        28M       3.2G

MemTotal:        4016004 kB
MemFree:          120112 kB
Active:           353644 kB
Mem:          3.8G       3.7G       116M       5.7M        28M       3.2G

MemTotal:        4016004 kB
MemFree:          119864 kB
Active:           353664 kB
Mem:          3.8G       3.7G       116M       5.7M        28M       3.2G

MemTotal:        4016004 kB
MemFree:          119988 kB
Active:           353660 kB
Mem:          3.8G       3.7G       117M       5.7M        28M       3.2G

MemTotal:        4016004 kB
MemFree:          120360 kB
Active:           353652 kB
Mem:          3.8G       3.7G       117M       5.7M        28M       3.2G

MemTotal:        4016004 kB
MemFree:          120236 kB
Active:           353652 kB
Mem:          3.8G       3.7G       116M       5.7M        28M       3.2G

MemTotal:        4016004 kB
MemFree:          119988 kB
Active:           353676 kB
Mem:          3.8G       3.7G       117M       5.7M        28M       3.2G

MemTotal:        4016004 kB
MemFree:          120112 kB
Active:           353668 kB
Mem:          3.8G       3.7G       116M       5.7M        28M       3.2G

MemTotal:        4016004 kB
MemFree:          120112 kB
Active:           353676 kB
Mem:          3.8G       3.7G       116M       5.7M        28M       3.2G

MemTotal:        4016004 kB
MemFree:          119988 kB
Active:           353668 kB
Mem:          3.8G       3.7G       116M       5.7M        28M       3.2G

MemTotal:        4016004 kB
MemFree:          119988 kB
Active:           353672 kB
Mem:          3.8G       3.7G       117M       5.7M        28M       3.2G

MemTotal:        4016004 kB
MemFree:          119988 kB
Active:           353688 kB
Mem:          3.8G       3.7G       117M       5.7M        28M       3.2G

MemTotal:        4016004 kB
MemFree:          119988 kB
Active:           353684 kB
Mem:          3.8G       3.7G       116M       5.7M        28M       3.2G

MemTotal:        4016004 kB
MemFree:          119988 kB
Active:           353688 kB
Mem:          3.8G       3.7G       116M       5.7M        28M       3.2G

MemTotal:        4016004 kB
MemFree:          120360 kB
Active:           353696 kB
Mem:          3.8G       3.7G       117M       5.7M        28M       3.2G

MemTotal:        4016004 kB
MemFree:          120360 kB
Active:           353700 kB
Mem:          3.8G       3.7G       117M       5.7M        28M       3.2G

MemTotal:        4016004 kB
MemFree:          120484 kB
Active:           353652 kB
Mem:          3.8G       3.7G       117M       5.7M        28M       3.2G

MemTotal:        4016004 kB
MemFree:          120484 kB
Active:           353696 kB
Mem:          3.8G       3.7G       117M       5.7M        28M       3.2G

MemTotal:        4016004 kB
MemFree:          120484 kB
Active:           353704 kB
Mem:          3.8G       3.7G       117M       5.7M        28M       3.2G

MemTotal:        4016004 kB
MemFree:          120360 kB
Active:           353692 kB
Mem:          3.8G       3.7G       117M       5.7M        28M       3.2G

MemTotal:        4016004 kB
MemFree:          120112 kB
Active:           353696 kB
Mem:          3.8G       3.7G       116M       5.7M        28M       3.2G

MemTotal:        4016004 kB
MemFree:          120112 kB
Active:           353692 kB
Mem:          3.8G       3.7G       116M       5.7M        28M       3.2G

MemTotal:        4016004 kB
MemFree:          120112 kB
Active:           353688 kB
Mem:          3.8G       3.7G       117M       5.7M        28M       3.2G

MemTotal:        4016004 kB
MemFree:          120360 kB
Active:           353724 kB
Mem:          3.8G       3.7G       117M       5.7M        28M       3.2G

MemTotal:        4016004 kB
MemFree:          120236 kB
Active:           353724 kB
Mem:          3.8G       3.7G       117M       5.7M        28M       3.2G

MemTotal:        4016004 kB
MemFree:          120112 kB
Active:           353716 kB
Mem:          3.8G       3.7G       117M       5.7M        28M       3.2G

MemTotal:        4016004 kB
MemFree:          120112 kB
Active:           353732 kB
Mem:          3.8G       3.7G       117M       5.7M        28M       3.2G

MemTotal:        4016004 kB
MemFree:          120236 kB
Active:           353700 kB
Mem:          3.8G       3.7G       116M       5.7M        28M       3.2G

MemTotal:        4016004 kB
MemFree:          120236 kB
Active:           353740 kB
Mem:          3.8G       3.7G       116M       5.7M        28M       3.2G

MemTotal:        4016004 kB
MemFree:          120236 kB
Active:           353736 kB
Mem:          3.8G       3.7G       117M       5.7M        28M       3.2G

MemTotal:        4016004 kB
MemFree:          120112 kB
Active:           353744 kB
Mem:          3.8G       3.7G       117M       5.7M        28M       3.2G

MemTotal:        4016004 kB
MemFree:          119864 kB
Active:           353716 kB
Mem:          3.8G       3.7G       116M       5.7M        28M       3.2G

MemTotal:        4016004 kB
MemFree:          119988 kB
Active:           353740 kB
Mem:          3.8G       3.7G       116M       5.7M        28M       3.2G

MemTotal:        4016004 kB
MemFree:          119988 kB
Active:           353720 kB
Mem:          3.8G       3.7G       116M       5.7M        28M       3.2G

MemTotal:        4016004 kB
MemFree:          119988 kB
Active:           353732 kB
Mem:          3.8G       3.7G       116M       5.7M        28M       3.2G

MemTotal:        4016004 kB
MemFree:          119864 kB
Active:           353736 kB
Mem:          3.8G       3.7G       116M       5.7M        28M       3.2G

MemTotal:        4016004 kB
MemFree:          119988 kB
Active:           353704 kB
Mem:          3.8G       3.7G       117M       5.7M        28M       3.2G

MemTotal:        4016004 kB
MemFree:          119988 kB
Active:           353740 kB
Mem:          3.8G       3.7G       116M       5.7M        28M       3.2G

MemTotal:        4016004 kB
MemFree:          119740 kB
Active:           353716 kB
Mem:          3.8G       3.7G       116M       5.7M        28M       3.2G

MemTotal:        4016004 kB
MemFree:          119740 kB
Active:           353784 kB
Mem:          3.8G       3.7G       116M       5.7M        28M       3.2G

MemTotal:        4016004 kB
MemFree:          119476 kB
Active:           353928 kB
Mem:          3.8G       3.7G       116M       5.7M        28M       3.2G

MemTotal:        4016004 kB
MemFree:          119352 kB
Active:           353860 kB
Mem:          3.8G       3.7G       116M       5.7M        28M       3.2G

MemTotal:        4016004 kB
MemFree:          119336 kB
Active:           353836 kB
Mem:          3.8G       3.7G       116M       5.7M        28M       3.2G

MemTotal:        4016004 kB
MemFree:          119584 kB
Active:           353852 kB
Mem:          3.8G       3.7G       116M       5.7M        28M       3.2G

MemTotal:        4016004 kB
MemFree:          119708 kB
Active:           353852 kB
Mem:          3.8G       3.7G       117M       5.7M        28M       3.2G

MemTotal:        4016004 kB
MemFree:          119708 kB
Active:           353860 kB
Mem:          3.8G       3.7G       116M       5.7M        28M       3.2G

MemTotal:        4016004 kB
MemFree:          119584 kB
Active:           353856 kB
Mem:          3.8G       3.7G       116M       5.7M        28M       3.2G

MemTotal:        4016004 kB
MemFree:          119460 kB
Active:           353844 kB
Mem:          3.8G       3.7G       116M       5.7M        28M       3.2G

MemTotal:        4016004 kB
MemFree:          119460 kB
Active:           353836 kB
Mem:          3.8G       3.7G       116M       5.7M        28M       3.2G

MemTotal:        4016004 kB
MemFree:          119460 kB
Active:           353864 kB
Mem:          3.8G       3.7G       116M       5.7M        28M       3.2G

MemTotal:        4016004 kB
MemFree:          119584 kB
Active:           353856 kB
Mem:          3.8G       3.7G       116M       5.7M        28M       3.2G

MemTotal:        4016004 kB
MemFree:          119584 kB
Active:           353860 kB
Mem:          3.8G       3.7G       116M       5.7M        28M       3.2G

MemTotal:        4016004 kB
MemFree:          119584 kB
Active:           353860 kB
Mem:          3.8G       3.7G       116M       5.7M        28M       3.2G

MemTotal:        4016004 kB
MemFree:          119708 kB
Active:           353860 kB
Mem:          3.8G       3.7G       116M       5.7M        28M       3.2G

MemTotal:        4016004 kB
MemFree:          119460 kB
Active:           353852 kB
Mem:          3.8G       3.7G       116M       5.7M        28M       3.2G

MemTotal:        4016004 kB
MemFree:          119460 kB
Active:           353856 kB
Mem:          3.8G       3.7G       116M       5.7M        28M       3.2G

MemTotal:        4016004 kB
MemFree:          119336 kB
Active:           353824 kB
Mem:          3.8G       3.7G       116M       5.7M        28M       3.2G

MemTotal:        4016004 kB
MemFree:          119476 kB
Active:           353848 kB
Mem:          3.8G       3.7G       116M       5.7M        28M       3.2G

MemTotal:        4016004 kB
MemFree:          119476 kB
Active:           353852 kB
Mem:          3.8G       3.7G       116M       5.7M        28M       3.2G

MemTotal:        4016004 kB
MemFree:          119476 kB
Active:           353864 kB
Mem:          3.8G       3.7G       116M       5.7M        28M       3.2G

MemTotal:        4016004 kB
MemFree:          119724 kB
Active:           353864 kB
Mem:          3.8G       3.7G       116M       5.7M        28M       3.2G

MemTotal:        4016004 kB
MemFree:          119600 kB
Active:           353860 kB
Mem:          3.8G       3.7G       116M       5.7M        28M       3.2G

MemTotal:        4016004 kB
MemFree:          119724 kB
Active:           353872 kB
Mem:          3.8G       3.7G       116M       5.7M        28M       3.2G

MemTotal:        4016004 kB
MemFree:          119724 kB
Active:           353872 kB
Mem:          3.8G       3.7G       116M       5.7M        28M       3.2G

MemTotal:        4016004 kB
MemFree:          119848 kB
Active:           353872 kB
Mem:          3.8G       3.7G       116M       5.7M        28M       3.2G

MemTotal:        4016004 kB
MemFree:          119724 kB
Active:           353872 kB
Mem:          3.8G       3.7G       116M       5.7M        28M       3.2G

MemTotal:        4016004 kB
MemFree:          119600 kB
Active:           353864 kB
Mem:          3.8G       3.7G       116M       5.7M        28M       3.2G

MemTotal:        4016004 kB
MemFree:          119600 kB
Active:           353892 kB
Mem:          3.8G       3.7G       116M       5.7M        28M       3.2G

MemTotal:        4016004 kB
MemFree:          119476 kB
Active:           353896 kB
Mem:          3.8G       3.7G       116M       5.7M        28M       3.2G

MemTotal:        4016004 kB
MemFree:          119228 kB
Active:           353888 kB
Mem:          3.8G       3.7G       115M       5.7M        28M       3.2G

MemTotal:        4016004 kB
MemFree:          119228 kB
Active:           353888 kB
Mem:          3.8G       3.7G       116M       5.7M        28M       3.2G

MemTotal:        4016004 kB
MemFree:          119600 kB
Active:           353884 kB
Mem:          3.8G       3.7G       116M       5.7M        28M       3.2G

MemTotal:        4016004 kB
MemFree:          119476 kB
Active:           353876 kB
Mem:          3.8G       3.7G       116M       5.7M        28M       3.2G

MemTotal:        4016004 kB
MemFree:          119352 kB
Active:           353896 kB
Mem:          3.8G       3.7G       116M       5.7M        28M       3.2G

MemTotal:        4016004 kB
MemFree:          119476 kB
Active:           353884 kB
Mem:          3.8G       3.7G       116M       5.7M        28M       3.2G

MemTotal:        4016004 kB
MemFree:          119476 kB
Active:           353900 kB
Mem:          3.8G       3.7G       116M       5.7M        28M       3.2G

MemTotal:        4016004 kB
MemFree:          119724 kB
Active:           353876 kB
Mem:          3.8G       3.7G       116M       5.7M        28M       3.2G

MemTotal:        4016004 kB
MemFree:          119600 kB
Active:           353892 kB
Mem:          3.8G       3.7G       116M       5.7M        28M       3.2G

MemTotal:        4016004 kB
MemFree:          119600 kB
Active:           353904 kB
Mem:          3.8G       3.7G       116M       5.7M        28M       3.2G

MemTotal:        4016004 kB
MemFree:          119228 kB
Active:           353900 kB
Mem:          3.8G       3.7G       116M       5.7M        28M       3.2G

MemTotal:        4016004 kB
MemFree:          119228 kB
Active:           353928 kB
Mem:          3.8G       3.7G       116M       5.7M        28M       3.2G

MemTotal:        4016004 kB
MemFree:          119352 kB
Active:           353916 kB
Mem:          3.8G       3.7G       116M       5.7M        28M       3.2G

MemTotal:        4016004 kB
MemFree:          119260 kB
Active:           353920 kB
Mem:          3.8G       3.7G       115M       5.7M        28M       3.2G

MemTotal:        4016004 kB
MemFree:          119260 kB
Active:           353908 kB
Mem:          3.8G       3.7G       116M       5.7M        28M       3.2G

MemTotal:        4016004 kB
MemFree:          119384 kB
Active:           353908 kB
Mem:          3.8G       3.7G       116M       5.7M        28M       3.2G

MemTotal:        4016004 kB
MemFree:          119516 kB
Active:           353920 kB
Mem:          3.8G       3.7G       116M       5.7M        28M       3.2G

MemTotal:        4016004 kB
MemFree:          119640 kB
Active:           353916 kB
Mem:          3.8G       3.7G       116M       5.7M        28M       3.2G

MemTotal:        4016004 kB
MemFree:          119392 kB
Active:           353908 kB
Mem:          3.8G       3.7G       116M       5.7M        28M       3.2G

MemTotal:        4016004 kB
MemFree:          119392 kB
Active:           353924 kB
Mem:          3.8G       3.7G       116M       5.7M        28M       3.2G

MemTotal:        4016004 kB
MemFree:          119392 kB
Active:           353924 kB
Mem:          3.8G       3.7G       116M       5.7M        28M       3.2G

MemTotal:        4016004 kB
MemFree:          119268 kB
Active:           353920 kB
Mem:          3.8G       3.7G       116M       5.7M        28M       3.2G

MemTotal:        4016004 kB
MemFree:          119268 kB
Active:           353900 kB
Mem:          3.8G       3.7G       115M       5.7M        28M       3.2G

MemTotal:        4016004 kB
MemFree:          119268 kB
Active:           353920 kB
Mem:          3.8G       3.7G       116M       5.7M        28M       3.2G

MemTotal:        4016004 kB
MemFree:          119640 kB
Active:           353936 kB
Mem:          3.8G       3.7G       116M       5.7M        28M       3.2G

MemTotal:        4016004 kB
MemFree:          119516 kB
Active:           353928 kB
Mem:          3.8G       3.7G       116M       5.7M        28M       3.2G

MemTotal:        4016004 kB
MemFree:          119888 kB
Active:           353932 kB
Mem:          3.8G       3.7G       116M       5.7M        28M       3.2G

MemTotal:        4016004 kB
MemFree:          119640 kB
Active:           353928 kB
Mem:          3.8G       3.7G       116M       5.7M        28M       3.2G

MemTotal:        4016004 kB
MemFree:          119640 kB
Active:           353944 kB
Mem:          3.8G       3.7G       116M       5.7M        28M       3.2G

MemTotal:        4016004 kB
MemFree:          119640 kB
Active:           353920 kB
Mem:          3.8G       3.7G       116M       5.7M        28M       3.2G

MemTotal:        4016004 kB
MemFree:          119764 kB
Active:           353928 kB
Mem:          3.8G       3.7G       116M       5.7M        28M       3.2G

MemTotal:        4016004 kB
MemFree:          119516 kB
Active:           353948 kB
Mem:          3.8G       3.7G       116M       5.7M        28M       3.2G

MemTotal:        4016004 kB
MemFree:          119268 kB
Active:           353932 kB
Mem:          3.8G       3.7G       116M       5.7M        28M       3.2G

MemTotal:        4016004 kB
MemFree:          119268 kB
Active:           353944 kB
Mem:          3.8G       3.7G       115M       5.7M        28M       3.2G

MemTotal:        4016004 kB
MemFree:          119392 kB
Active:           353948 kB
Mem:          3.8G       3.7G       116M       5.7M        28M       3.2G

MemTotal:        4016004 kB
MemFree:          119268 kB
Active:           353944 kB
Mem:          3.8G       3.7G       116M       5.7M        28M       3.2G

MemTotal:        4016004 kB
MemFree:          119268 kB
Active:           353936 kB
Mem:          3.8G       3.7G       116M       5.7M        28M       3.2G

MemTotal:        4016004 kB
MemFree:          119268 kB
Active:           353932 kB
Mem:          3.8G       3.7G       116M       5.7M        28M       3.2G

MemTotal:        4016004 kB
MemFree:          119392 kB
Active:           353932 kB
Mem:          3.8G       3.7G       116M       5.7M        28M       3.2G

MemTotal:        4016004 kB
MemFree:          119144 kB
Active:           353960 kB
Mem:          3.8G       3.7G       116M       5.7M        28M       3.2G

MemTotal:        4016004 kB
MemFree:          119640 kB
Active:           353956 kB
Mem:          3.8G       3.7G       116M       5.7M        28M       3.2G

MemTotal:        4016004 kB
MemFree:          119516 kB
Active:           353968 kB
Mem:          3.8G       3.7G       116M       5.7M        28M       3.2G

MemTotal:        4016004 kB
MemFree:          119516 kB
Active:           353960 kB
Mem:          3.8G       3.7G       117M       5.7M        28M       3.2G

MemTotal:        4016004 kB
MemFree:          119640 kB
Active:           353928 kB
Mem:          3.8G       3.7G       116M       5.7M        28M       3.2G

MemTotal:        4016004 kB
MemFree:          119640 kB
Active:           353968 kB
Mem:          3.8G       3.7G       116M       5.7M        28M       3.2G

MemTotal:        4016004 kB
MemFree:          119516 kB
Active:           353968 kB
Mem:          3.8G       3.7G       116M       5.7M        28M       3.2G

MemTotal:        4016004 kB
MemFree:          119640 kB
Active:           353972 kB
Mem:          3.8G       3.7G       116M       5.7M        28M       3.2G

MemTotal:        4016004 kB
MemFree:          119640 kB
Active:           353968 kB
Mem:          3.8G       3.7G       116M       5.7M        28M       3.2G

MemTotal:        4016004 kB
MemFree:          119516 kB
Active:           353976 kB
Mem:          3.8G       3.7G       116M       5.7M        28M       3.2G

MemTotal:        4016004 kB
MemFree:          119392 kB
Active:           353956 kB
Mem:          3.8G       3.7G       116M       5.7M        28M       3.2G

MemTotal:        4016004 kB
MemFree:          119516 kB
Active:           353972 kB
Mem:          3.8G       3.7G       116M       5.7M        28M       3.2G

MemTotal:        4016004 kB
MemFree:          119020 kB
Active:           353952 kB
Mem:          3.8G       3.7G       115M       5.7M        28M       3.2G

MemTotal:        4016004 kB
MemFree:          119020 kB
Active:           353972 kB
Mem:          3.8G       3.7G       115M       5.7M        28M       3.2G

MemTotal:        4016004 kB
MemFree:          119020 kB
Active:           353976 kB
Mem:          3.8G       3.7G       116M       5.7M        28M       3.2G

MemTotal:        4016004 kB
MemFree:          119020 kB
Active:           353996 kB
Mem:          3.8G       3.7G       115M       5.7M        28M       3.2G

MemTotal:        4016004 kB
MemFree:          119020 kB
Active:           353980 kB
Mem:          3.8G       3.7G       115M       5.7M        28M       3.2G

MemTotal:        4016004 kB
MemFree:          119020 kB
Active:           353976 kB
Mem:          3.8G       3.7G       116M       5.7M        28M       3.2G

MemTotal:        4016004 kB
MemFree:          119268 kB
Active:           353972 kB
Mem:          3.8G       3.7G       116M       5.7M        28M       3.2G

MemTotal:        4016004 kB
MemFree:          119144 kB
Active:           353952 kB
Mem:          3.8G       3.7G       116M       5.7M        28M       3.2G

MemTotal:        4016004 kB
MemFree:          119516 kB
Active:           353976 kB
Mem:          3.8G       3.7G       116M       5.7M        28M       3.2G

MemTotal:        4016004 kB
MemFree:          119516 kB
Active:           353988 kB
Mem:          3.8G       3.7G       116M       5.7M        28M       3.2G

MemTotal:        4016004 kB
MemFree:          119392 kB
Active:           353976 kB
Mem:          3.8G       3.7G       116M       5.7M        28M       3.2G

MemTotal:        4016004 kB
MemFree:          119392 kB
Active:           353988 kB
Mem:          3.8G       3.7G       116M       5.7M        28M       3.2G

MemTotal:        4016004 kB
MemFree:          119392 kB
Active:           354000 kB
Mem:          3.8G       3.7G       116M       5.7M        28M       3.2G

MemTotal:        4016004 kB
MemFree:          119392 kB
Active:           353976 kB
Mem:          3.8G       3.7G       116M       5.7M        28M       3.2G

MemTotal:        4016004 kB
MemFree:          119268 kB
Active:           353992 kB
Mem:          3.8G       3.7G       115M       5.7M        28M       3.2G

MemTotal:        4016004 kB
MemFree:          119144 kB
Active:           353980 kB
Mem:          3.8G       3.7G       115M       5.7M        28M       3.2G

MemTotal:        4016004 kB
MemFree:          119392 kB
Active:           354004 kB
Mem:          3.8G       3.7G       116M       5.7M        28M       3.2G

MemTotal:        4016004 kB
MemFree:          119268 kB
Active:           353984 kB
Mem:          3.8G       3.7G       116M       5.7M        28M       3.2G

MemTotal:        4016004 kB
MemFree:          119516 kB
Active:           354016 kB
Mem:          3.8G       3.7G       116M       5.7M        28M       3.2G

MemTotal:        4016004 kB
MemFree:          119392 kB
Active:           354016 kB
Mem:          3.8G       3.7G       116M       5.7M        28M       3.2G

MemTotal:        4016004 kB
MemFree:          119392 kB
Active:           354000 kB
Mem:          3.8G       3.7G       116M       5.7M        28M       3.2G

MemTotal:        4016004 kB
MemFree:          119516 kB
Active:           354016 kB
Mem:          3.8G       3.7G       116M       5.7M        28M       3.2G

MemTotal:        4016004 kB
MemFree:          119268 kB
Active:           354024 kB
Mem:          3.8G       3.7G       115M       5.7M        28M       3.2G

MemTotal:        4016004 kB
MemFree:          119144 kB
Active:           354024 kB
Mem:          3.8G       3.7G       115M       5.7M        28M       3.2G

MemTotal:        4016004 kB
MemFree:          119020 kB
Active:           354004 kB
Mem:          3.8G       3.7G       116M       5.7M        28M       3.2G

MemTotal:        4016004 kB
MemFree:          119020 kB
Active:           354036 kB
Mem:          3.8G       3.7G       115M       5.7M        28M       3.2G

MemTotal:        4016004 kB
MemFree:          119144 kB
Active:           354036 kB
Mem:          3.8G       3.7G       115M       5.7M        28M       3.2G

MemTotal:        4016004 kB
MemFree:          119144 kB
Active:           354028 kB
Mem:          3.8G       3.7G       115M       5.7M        28M       3.2G

MemTotal:        4016004 kB
MemFree:          119020 kB
Active:           353992 kB
Mem:          3.8G       3.7G       115M       5.7M        28M       3.2G

MemTotal:        4016004 kB
MemFree:          119020 kB
Active:           354040 kB
Mem:          3.8G       3.7G       115M       5.7M        28M       3.2G

MemTotal:        4016004 kB
MemFree:          119268 kB
Active:           354024 kB
Mem:          3.8G       3.7G       116M       5.7M        28M       3.2G

MemTotal:        4016004 kB
MemFree:          119392 kB
Active:           354036 kB
Mem:          3.8G       3.7G       116M       5.7M        28M       3.2G

MemTotal:        4016004 kB
MemFree:          119392 kB
Active:           354044 kB
Mem:          3.8G       3.7G       116M       5.7M        28M       3.2G

MemTotal:        4016004 kB
MemFree:          119144 kB
Active:           354000 kB
Mem:          3.8G       3.7G       116M       5.7M        28M       3.2G

MemTotal:        4016004 kB
MemFree:          119144 kB
Active:           354040 kB
Mem:          3.8G       3.7G       116M       5.7M        28M       3.2G

MemTotal:        4016004 kB
MemFree:          119020 kB
Active:           354040 kB
Mem:          3.8G       3.7G       115M       5.7M        28M       3.2G

MemTotal:        4016004 kB
MemFree:          119144 kB
Active:           354040 kB
Mem:          3.8G       3.7G       116M       5.7M        28M       3.2G

MemTotal:        4016004 kB
MemFree:          119144 kB
Active:           354052 kB
Mem:          3.8G       3.7G       116M       5.7M        28M       3.2G

MemTotal:        4016004 kB
MemFree:          119144 kB
Active:           354036 kB
Mem:          3.8G       3.7G       116M       5.7M        28M       3.2G

MemTotal:        4016004 kB
MemFree:          119268 kB
Active:           354044 kB
Mem:          3.8G       3.7G       116M       5.7M        28M       3.2G

MemTotal:        4016004 kB
MemFree:          119332 kB
Active:           353804 kB
Mem:          3.8G       3.7G       116M       5.7M        28M       3.2G

MemTotal:        4016004 kB
MemFree:          119828 kB
Active:           353784 kB
Mem:          3.8G       3.7G       117M       5.7M        28M       3.2G

MemTotal:        4016004 kB
MemFree:          119952 kB
Active:           353764 kB
Mem:          3.8G       3.7G       116M       5.7M        28M       3.2G

MemTotal:        4016004 kB
MemFree:          119580 kB
Active:           353828 kB
Mem:          3.8G       3.7G       116M       5.7M        28M       3.2G

MemTotal:        4016004 kB
MemFree:          119704 kB
Active:           353780 kB
Mem:          3.8G       3.7G       116M       5.7M        28M       3.2G

MemTotal:        4016004 kB
MemFree:          119704 kB
Active:           353816 kB
Mem:          3.8G       3.7G       116M       5.7M        28M       3.2G

MemTotal:        4016004 kB
MemFree:          119704 kB
Active:           353780 kB
Mem:          3.8G       3.7G       116M       5.7M        28M       3.2G

MemTotal:        4016004 kB
MemFree:          119456 kB
Active:           353808 kB
Mem:          3.8G       3.7G       116M       5.7M        28M       3.2G

MemTotal:        4016004 kB
MemFree:          119580 kB
Active:           353820 kB
Mem:          3.8G       3.7G       116M       5.7M        28M       3.2G

MemTotal:        4016004 kB
MemFree:          120076 kB
Active:           353828 kB
Mem:          3.8G       3.7G       117M       5.7M        28M       3.2G

MemTotal:        4016004 kB
MemFree:          119704 kB
Active:           353852 kB
Mem:          3.8G       3.7G       116M       5.7M        28M       3.2G

MemTotal:        4016004 kB
MemFree:          119704 kB
Active:           353796 kB
Mem:          3.8G       3.7G       116M       5.7M        28M       3.2G

MemTotal:        4016004 kB
MemFree:          119704 kB
Active:           353820 kB
Mem:          3.8G       3.7G       116M       5.7M        28M       3.2G

MemTotal:        4016004 kB
MemFree:          119704 kB
Active:           353852 kB
Mem:          3.8G       3.7G       116M       5.7M        28M       3.2G

MemTotal:        4016004 kB
MemFree:          119332 kB
Active:           353856 kB
Mem:          3.8G       3.7G       116M       5.7M        28M       3.2G

MemTotal:        4016004 kB
MemFree:          120076 kB
Active:           353808 kB
Mem:          3.8G       3.7G       117M       5.7M        28M       3.2G

MemTotal:        4016004 kB
MemFree:          119704 kB
Active:           353856 kB
Mem:          3.8G       3.7G       116M       5.7M        28M       3.2G

MemTotal:        4016004 kB
MemFree:          119704 kB
Active:           353832 kB
Mem:          3.8G       3.7G       117M       5.7M        28M       3.2G

MemTotal:        4016004 kB
MemFree:          120200 kB
Active:           353812 kB
Mem:          3.8G       3.7G       117M       5.7M        28M       3.2G

MemTotal:        4016004 kB
MemFree:          119828 kB
Active:           353844 kB
Mem:          3.8G       3.7G       117M       5.7M        28M       3.2G

MemTotal:        4016004 kB
MemFree:          119456 kB
Active:           353864 kB
Mem:          3.8G       3.7G       116M       5.7M        28M       3.2G

MemTotal:        4016004 kB
MemFree:          119704 kB
Active:           353844 kB
Mem:          3.8G       3.7G       116M       5.7M        28M       3.2G

MemTotal:        4016004 kB
MemFree:          119704 kB
Active:           353816 kB
Mem:          3.8G       3.7G       116M       5.7M        28M       3.2G

MemTotal:        4016004 kB
MemFree:          119456 kB
Active:           353836 kB
Mem:          3.8G       3.7G       116M       5.7M        28M       3.2G

MemTotal:        4016004 kB
MemFree:          119208 kB
Active:           353856 kB
Mem:          3.8G       3.7G       116M       5.7M        28M       3.2G

MemTotal:        4016004 kB
MemFree:          119208 kB
Active:           353868 kB
Mem:          3.8G       3.7G       116M       5.7M        28M       3.2G

MemTotal:        4016004 kB
MemFree:          119208 kB
Active:           353880 kB
Mem:          3.8G       3.7G       116M       5.7M        28M       3.2G

MemTotal:        4016004 kB
MemFree:          119208 kB
Active:           353880 kB
Mem:          3.8G       3.7G       116M       5.7M        28M       3.2G

MemTotal:        4016004 kB
MemFree:          119208 kB
Active:           353880 kB
Mem:          3.8G       3.7G       116M       5.7M        28M       3.2G

MemTotal:        4016004 kB
MemFree:          119580 kB
Active:           353848 kB
Mem:          3.8G       3.7G       116M       5.7M        28M       3.2G

MemTotal:        4016004 kB
MemFree:          119580 kB
Active:           353872 kB
