MemTotal:        4016004 kB
MemFree:         3235020 kB
Active:           423052 kB
Mem:          3.8G       762M       3.1G       5.7M        62M       317M

MemTotal:        4016004 kB
MemFree:         3234952 kB
Active:           423096 kB
Mem:          3.8G       762M       3.1G       5.7M        62M       317M

MemTotal:        4016004 kB
MemFree:         3235308 kB
Active:           423136 kB
Mem:          3.8G       762M       3.1G       5.7M        62M       318M

MemTotal:        4016004 kB
MemFree:         3235432 kB
Active:           423144 kB
Mem:          3.8G       762M       3.1G       5.7M        62M       318M

MemTotal:        4016004 kB
MemFree:         3235044 kB
Active:           423188 kB
Mem:          3.8G       762M       3.1G       5.7M        62M       318M

MemTotal:        4016004 kB
MemFree:         3235120 kB
Active:           423160 kB
Mem:          3.8G       762M       3.1G       5.7M        62M       318M

MemTotal:        4016004 kB
MemFree:         3234996 kB
Active:           423196 kB
Mem:          3.8G       762M       3.1G       5.7M        62M       318M

MemTotal:        4016004 kB
MemFree:         3235228 kB
Active:           423204 kB
Mem:          3.8G       762M       3.1G       5.7M        62M       318M

MemTotal:        4016004 kB
MemFree:         3235292 kB
Active:           423260 kB
Mem:          3.8G       762M       3.1G       5.7M        62M       318M

MemTotal:        4016004 kB
MemFree:         3235384 kB
Active:           423196 kB
Mem:          3.8G       762M       3.1G       5.7M        62M       318M

MemTotal:        4016004 kB
MemFree:         3235708 kB
Active:           423152 kB
Mem:          3.8G       762M       3.1G       5.7M        62M       318M

MemTotal:        4016004 kB
MemFree:         3235516 kB
Active:           423296 kB
Mem:          3.8G       762M       3.1G       5.7M        62M       318M

MemTotal:        4016004 kB
MemFree:         3236188 kB
Active:           423184 kB
Mem:          3.8G       761M       3.1G       5.7M        62M       318M

MemTotal:        4016004 kB
MemFree:         3235568 kB
Active:           423152 kB
Mem:          3.8G       762M       3.1G       5.7M        62M       318M

MemTotal:        4016004 kB
MemFree:         3235692 kB
Active:           423176 kB
Mem:          3.8G       762M       3.1G       5.7M        62M       318M

MemTotal:        4016004 kB
MemFree:         3233380 kB
Active:           423164 kB
Mem:          3.8G       764M       3.1G       5.7M        62M       318M

MemTotal:        4016004 kB
MemFree:         3233436 kB
Active:           425348 kB
Mem:          3.8G       764M       3.1G       5.7M        62M       318M

MemTotal:        4016004 kB
MemFree:         3233536 kB
Active:           425200 kB
Mem:          3.8G       764M       3.1G       5.7M        62M       318M

MemTotal:        4016004 kB
MemFree:         3233444 kB
Active:           425212 kB
Mem:          3.8G       764M       3.1G       5.7M        62M       318M

MemTotal:        4016004 kB
MemFree:         3233536 kB
Active:           425180 kB
Mem:          3.8G       764M       3.1G       5.7M        62M       318M

MemTotal:        4016004 kB
MemFree:         3233520 kB
Active:           425192 kB
Mem:          3.8G       764M       3.1G       5.7M        62M       318M

MemTotal:        4016004 kB
MemFree:         3233428 kB
Active:           425236 kB
Mem:          3.8G       764M       3.1G       5.7M        62M       318M

MemTotal:        4016004 kB
MemFree:         3232916 kB
Active:           425240 kB
Mem:          3.8G       764M       3.1G       5.7M        62M       318M

MemTotal:        4016004 kB
MemFree:         3233180 kB
Active:           425220 kB
Mem:          3.8G       764M       3.1G       5.7M        62M       318M

MemTotal:        4016004 kB
MemFree:         3233452 kB
Active:           425360 kB
Mem:          3.8G       764M       3.1G       5.7M        62M       318M

MemTotal:        4016004 kB
MemFree:         3233460 kB
Active:           425236 kB
Mem:          3.8G       764M       3.1G       5.7M        62M       318M

MemTotal:        4016004 kB
MemFree:         3233452 kB
Active:           425220 kB
Mem:          3.8G       763M       3.1G       5.7M        62M       318M

MemTotal:        4016004 kB
MemFree:         3233672 kB
Active:           425300 kB
Mem:          3.8G       763M       3.1G       5.7M        62M       318M

MemTotal:        4016004 kB
MemFree:         3233196 kB
Active:           425376 kB
Mem:          3.8G       764M       3.1G       5.7M        62M       318M

MemTotal:        4016004 kB
MemFree:         3233304 kB
Active:           425252 kB
Mem:          3.8G       764M       3.1G       5.7M        62M       318M

MemTotal:        4016004 kB
MemFree:         3233368 kB
Active:           425384 kB
Mem:          3.8G       764M       3.1G       5.7M        62M       318M

MemTotal:        4016004 kB
MemFree:         3233396 kB
Active:           425248 kB
Mem:          3.8G       764M       3.1G       5.7M        62M       318M

MemTotal:        4016004 kB
MemFree:         3233520 kB
Active:           425204 kB
Mem:          3.8G       764M       3.1G       5.7M        62M       318M

MemTotal:        4016004 kB
MemFree:         3233644 kB
Active:           425212 kB
Mem:          3.8G       763M       3.1G       5.7M        62M       318M

MemTotal:        4016004 kB
MemFree:         3233752 kB
Active:           425100 kB
Mem:          3.8G       764M       3.1G       5.7M        62M       318M

MemTotal:        4016004 kB
MemFree:         3231444 kB
Active:           425364 kB
Mem:          3.8G       765M       3.1G       5.7M        62M       318M

MemTotal:        4016004 kB
MemFree:         3231212 kB
Active:           427292 kB
Mem:          3.8G       766M       3.1G       5.7M        62M       318M

MemTotal:        4016004 kB
MemFree:         3231552 kB
Active:           427256 kB
Mem:          3.8G       766M       3.1G       5.7M        62M       318M

MemTotal:        4016004 kB
MemFree:         3231676 kB
Active:           427240 kB
Mem:          3.8G       766M       3.1G       5.7M        62M       318M

MemTotal:        4016004 kB
MemFree:         3231320 kB
Active:           427336 kB
Mem:          3.8G       766M       3.1G       5.7M        62M       318M

MemTotal:        4016004 kB
MemFree:         3232096 kB
Active:           427272 kB
Mem:          3.8G       765M       3.1G       5.7M        62M       318M

MemTotal:        4016004 kB
MemFree:         3231832 kB
Active:           427296 kB
Mem:          3.8G       765M       3.1G       5.7M        62M       318M

MemTotal:        4016004 kB
MemFree:         3231444 kB
Active:           427296 kB
Mem:          3.8G       765M       3.1G       5.7M        62M       318M

MemTotal:        4016004 kB
MemFree:         3231428 kB
Active:           427284 kB
Mem:          3.8G       766M       3.1G       5.7M        62M       318M

MemTotal:        4016004 kB
MemFree:         3231304 kB
Active:           427288 kB
Mem:          3.8G       766M       3.1G       5.7M        62M       318M

MemTotal:        4016004 kB
MemFree:         3231536 kB
Active:           427284 kB
Mem:          3.8G       766M       3.1G       5.7M        62M       318M

MemTotal:        4016004 kB
MemFree:         3231396 kB
Active:           427304 kB
Mem:          3.8G       766M       3.1G       5.7M        62M       318M

MemTotal:        4016004 kB
MemFree:         3231520 kB
Active:           427280 kB
Mem:          3.8G       766M       3.1G       5.7M        62M       318M

MemTotal:        4016004 kB
MemFree:         3231768 kB
Active:           427288 kB
Mem:          3.8G       765M       3.1G       5.7M        62M       318M

MemTotal:        4016004 kB
MemFree:         3231520 kB
Active:           427292 kB
Mem:          3.8G       766M       3.1G       5.7M        62M       318M

MemTotal:        4016004 kB
MemFree:         3231272 kB
Active:           427284 kB
Mem:          3.8G       766M       3.1G       5.7M        62M       318M

MemTotal:        4016004 kB
MemFree:         3231256 kB
Active:           427276 kB
Mem:          3.8G       766M       3.1G       5.7M        62M       318M

MemTotal:        4016004 kB
MemFree:         3231240 kB
Active:           427332 kB
Mem:          3.8G       766M       3.1G       5.7M        62M       318M

MemTotal:        4016004 kB
MemFree:         3230976 kB
Active:           427332 kB
Mem:          3.8G       766M       3.1G       5.7M        62M       318M

MemTotal:        4016004 kB
MemFree:         3231084 kB
Active:           427284 kB
Mem:          3.8G       766M       3.1G       5.7M        62M       318M

MemTotal:        4016004 kB
MemFree:         3231252 kB
Active:           425240 kB
Mem:          3.8G       766M       3.1G       5.7M        62M       318M

MemTotal:        4016004 kB
MemFree:         3231112 kB
Active:           427336 kB
Mem:          3.8G       766M       3.1G       5.7M        62M       318M

MemTotal:        4016004 kB
MemFree:         3231112 kB
Active:           427336 kB
Mem:          3.8G       766M       3.1G       5.7M        62M       318M

MemTotal:        4016004 kB
MemFree:         3231468 kB
Active:           427340 kB
Mem:          3.8G       766M       3.1G       5.7M        62M       318M

MemTotal:        4016004 kB
MemFree:         3231452 kB
Active:           427328 kB
Mem:          3.8G       766M       3.1G       5.7M        62M       318M

MemTotal:        4016004 kB
MemFree:         3231312 kB
Active:           427292 kB
Mem:          3.8G       766M       3.1G       5.7M        62M       318M

MemTotal:        4016004 kB
MemFree:         3231932 kB
Active:           427308 kB
Mem:          3.8G       765M       3.1G       5.7M        62M       318M

MemTotal:        4016004 kB
MemFree:         3231916 kB
Active:           427308 kB
Mem:          3.8G       765M       3.1G       5.7M        62M       318M

MemTotal:        4016004 kB
MemFree:         3232012 kB
Active:           427316 kB
Mem:          3.8G       766M       3.1G       5.7M        62M       318M

MemTotal:        4016004 kB
MemFree:         3231268 kB
Active:           427308 kB
Mem:          3.8G       766M       3.1G       5.7M        62M       318M

MemTotal:        4016004 kB
MemFree:         3230956 kB
Active:           425268 kB
Mem:          3.8G       766M       3.1G       5.7M        62M       318M

MemTotal:        4016004 kB
MemFree:         3231452 kB
Active:           427312 kB
Mem:          3.8G       766M       3.1G       5.7M        62M       318M

MemTotal:        4016004 kB
MemFree:         3231088 kB
Active:           427364 kB
Mem:          3.8G       766M       3.1G       5.7M        62M       318M

MemTotal:        4016004 kB
MemFree:         3231212 kB
Active:           427324 kB
Mem:          3.8G       766M       3.1G       5.7M        62M       318M

MemTotal:        4016004 kB
MemFree:         3231832 kB
Active:           427320 kB
Mem:          3.8G       766M       3.1G       5.7M        62M       318M

MemTotal:        4016004 kB
MemFree:         3231584 kB
Active:           427324 kB
Mem:          3.8G       766M       3.1G       5.7M        62M       318M

MemTotal:        4016004 kB
MemFree:         3231584 kB
Active:           427320 kB
Mem:          3.8G       766M       3.1G       5.7M        62M       318M

MemTotal:        4016004 kB
MemFree:         3231584 kB
Active:           427328 kB
Mem:          3.8G       766M       3.1G       5.7M        62M       318M

MemTotal:        4016004 kB
MemFree:         3231832 kB
Active:           427316 kB
Mem:          3.8G       765M       3.1G       5.7M        62M       318M

MemTotal:        4016004 kB
MemFree:         3231708 kB
Active:           427332 kB
Mem:          3.8G       766M       3.1G       5.7M        62M       318M

MemTotal:        4016004 kB
MemFree:         3231460 kB
Active:           427332 kB
Mem:          3.8G       766M       3.1G       5.7M        62M       318M

MemTotal:        4016004 kB
MemFree:         3231320 kB
Active:           427336 kB
Mem:          3.8G       766M       3.1G       5.7M        62M       318M

MemTotal:        4016004 kB
MemFree:         3231444 kB
Active:           427336 kB
Mem:          3.8G       766M       3.1G       5.7M        62M       318M

MemTotal:        4016004 kB
MemFree:         3231072 kB
Active:           427372 kB
Mem:          3.8G       766M       3.1G       5.7M        62M       318M

MemTotal:        4016004 kB
MemFree:         3231072 kB
Active:           427364 kB
Mem:          3.8G       766M       3.1G       5.7M        62M       318M

MemTotal:        4016004 kB
MemFree:         3231552 kB
Active:           427360 kB
Mem:          3.8G       766M       3.1G       5.7M        62M       318M

MemTotal:        4016004 kB
MemFree:         3231164 kB
Active:           427348 kB
Mem:          3.8G       766M       3.1G       5.7M        62M       318M

MemTotal:        4016004 kB
MemFree:         3230916 kB
Active:           427336 kB
Mem:          3.8G       766M       3.1G       5.7M        62M       318M

MemTotal:        4016004 kB
MemFree:         3231024 kB
Active:           427380 kB
Mem:          3.8G       766M       3.1G       5.7M        62M       318M

MemTotal:        4016004 kB
MemFree:         3230868 kB
Active:           427380 kB
Mem:          3.8G       766M       3.1G       5.7M        62M       318M

MemTotal:        4016004 kB
MemFree:         3230804 kB
Active:           425332 kB
Mem:          3.8G       767M       3.1G       5.7M        62M       318M

MemTotal:        4016004 kB
MemFree:         3230680 kB
Active:           427396 kB
Mem:          3.8G       767M       3.1G       5.7M        62M       318M

MemTotal:        4016004 kB
MemFree:         3230788 kB
Active:           427396 kB
Mem:          3.8G       766M       3.1G       5.7M        62M       318M

MemTotal:        4016004 kB
MemFree:         3231160 kB
Active:           427364 kB
Mem:          3.8G       766M       3.1G       5.7M        62M       318M

MemTotal:        4016004 kB
MemFree:         3231284 kB
Active:           427388 kB
Mem:          3.8G       766M       3.1G       5.7M        62M       318M

MemTotal:        4016004 kB
MemFree:         3231268 kB
Active:           427400 kB
Mem:          3.8G       766M       3.1G       5.7M        62M       318M

MemTotal:        4016004 kB
MemFree:         3231268 kB
Active:           427404 kB
Mem:          3.8G       766M       3.1G       5.7M        62M       318M

MemTotal:        4016004 kB
MemFree:         3231268 kB
Active:           427380 kB
Mem:          3.8G       766M       3.1G       5.7M        62M       318M

MemTotal:        4016004 kB
MemFree:         3231516 kB
Active:           427396 kB
Mem:          3.8G       766M       3.1G       5.7M        62M       318M

MemTotal:        4016004 kB
MemFree:         3231252 kB
Active:           427392 kB
Mem:          3.8G       766M       3.1G       5.7M        62M       318M

MemTotal:        4016004 kB
MemFree:         3231004 kB
Active:           427408 kB
Mem:          3.8G       766M       3.1G       5.7M        62M       318M

MemTotal:        4016004 kB
MemFree:         3231112 kB
Active:           427408 kB
Mem:          3.8G       766M       3.1G       5.7M        62M       318M

MemTotal:        4016004 kB
MemFree:         3231112 kB
Active:           427412 kB
Mem:          3.8G       766M       3.1G       5.7M        62M       318M

MemTotal:        4016004 kB
MemFree:         3231316 kB
Active:           427412 kB
Mem:          3.8G       766M       3.1G       5.7M        62M       318M

MemTotal:        4016004 kB
MemFree:         3230944 kB
Active:           427420 kB
Mem:          3.8G       766M       3.1G       5.7M        62M       318M

MemTotal:        4016004 kB
MemFree:         3231020 kB
Active:           427660 kB
Mem:          3.8G       767M       3.1G       5.7M        62M       318M

MemTotal:        4016004 kB
MemFree:         3188900 kB
Active:           428540 kB
Mem:          3.8G       807M       3.0G       5.7M        62M       359M

MemTotal:        4016004 kB
MemFree:         3143076 kB
Active:           428592 kB
Mem:          3.8G       853M       3.0G       5.7M        62M       403M

MemTotal:        4016004 kB
MemFree:         3097216 kB
Active:           428544 kB
Mem:          3.8G       897M       3.0G       5.7M        62M       447M

MemTotal:        4016004 kB
MemFree:         3051364 kB
Active:           428544 kB
Mem:          3.8G       942M       2.9G       5.7M        62M       491M

MemTotal:        4016004 kB
MemFree:         3004316 kB
Active:           428572 kB
Mem:          3.8G       988M       2.9G       5.7M        62M       534M

MemTotal:        4016004 kB
MemFree:         2958712 kB
Active:           430568 kB
Mem:          3.8G       1.0G       2.8G       5.7M        62M       579M

MemTotal:        4016004 kB
MemFree:         2913480 kB
Active:           430584 kB
Mem:          3.8G       1.1G       2.8G       5.7M        62M       622M

MemTotal:        4016004 kB
MemFree:         2867752 kB
Active:           430608 kB
Mem:          3.8G       1.1G       2.7G       5.7M        62M       666M

MemTotal:        4016004 kB
MemFree:         2820768 kB
Active:           430624 kB
Mem:          3.8G       1.1G       2.7G       5.7M        62M       711M

MemTotal:        4016004 kB
MemFree:         2775896 kB
Active:           430588 kB
Mem:          3.8G       1.2G       2.6G       5.7M        62M       753M

MemTotal:        4016004 kB
MemFree:         2729676 kB
Active:           430640 kB
Mem:          3.8G       1.2G       2.6G       5.7M        62M       797M

MemTotal:        4016004 kB
MemFree:         2708244 kB
Active:           430648 kB
Mem:          3.8G       1.2G       2.6G       5.7M        62M       819M

MemTotal:        4016004 kB
MemFree:         2663260 kB
Active:           430636 kB
Mem:          3.8G       1.3G       2.5G       5.7M        62M       863M

MemTotal:        4016004 kB
MemFree:         2617516 kB
Active:           430596 kB
Mem:          3.8G       1.3G       2.5G       5.7M        62M       906M

MemTotal:        4016004 kB
MemFree:         2570180 kB
Active:           432672 kB
Mem:          3.8G       1.4G       2.5G       5.7M        62M       950M

MemTotal:        4016004 kB
MemFree:         2525680 kB
Active:           432680 kB
Mem:          3.8G       1.4G       2.4G       5.7M        62M       993M

MemTotal:        4016004 kB
MemFree:         2504624 kB
Active:           432712 kB
Mem:          3.8G       1.4G       2.4G       5.7M        62M       1.0G

MemTotal:        4016004 kB
MemFree:         2459088 kB
Active:           432712 kB
Mem:          3.8G       1.5G       2.3G       5.7M        62M       1.0G

MemTotal:        4016004 kB
MemFree:         2413428 kB
Active:           432712 kB
Mem:          3.8G       1.5G       2.3G       5.7M        62M       1.1G

MemTotal:        4016004 kB
MemFree:         2366728 kB
Active:           432724 kB
Mem:          3.8G       1.6G       2.3G       5.7M        62M       1.1G

MemTotal:        4016004 kB
MemFree:         2321744 kB
Active:           432724 kB
Mem:          3.8G       1.6G       2.2G       5.7M        62M       1.2G

MemTotal:        4016004 kB
MemFree:         2275752 kB
Active:           432732 kB
Mem:          3.8G       1.7G       2.2G       5.7M        62M       1.2G

MemTotal:        4016004 kB
MemFree:         2230156 kB
Active:           432732 kB
Mem:          3.8G       1.7G       2.1G       5.7M        62M       1.2G

MemTotal:        4016004 kB
MemFree:         2183668 kB
Active:           432732 kB
Mem:          3.8G       1.7G       2.1G       5.7M        62M       1.3G

MemTotal:        4016004 kB
MemFree:         2138856 kB
Active:           432852 kB
Mem:          3.8G       1.8G       2.0G       5.7M        62M       1.3G

MemTotal:        4016004 kB
MemFree:         2093012 kB
Active:           432864 kB
Mem:          3.8G       1.8G       2.0G       5.7M        62M       1.4G

MemTotal:        4016004 kB
MemFree:         2082020 kB
Active:           432864 kB
Mem:          3.8G       1.8G       2.0G       5.7M        62M       1.4G

MemTotal:        4016004 kB
MemFree:         2067128 kB
Active:           432872 kB
Mem:          3.8G       1.9G       2.0G       5.7M        62M       1.4G

MemTotal:        4016004 kB
MemFree:         2022052 kB
Active:           432872 kB
Mem:          3.8G       1.9G       1.9G       5.7M        62M       1.4G

MemTotal:        4016004 kB
MemFree:         1976076 kB
Active:           432872 kB
Mem:          3.8G       1.9G       1.9G       5.7M        62M       1.5G

MemTotal:        4016004 kB
MemFree:         1930460 kB
Active:           432876 kB
Mem:          3.8G       2.0G       1.8G       5.7M        62M       1.5G

MemTotal:        4016004 kB
MemFree:         1918984 kB
Active:           432884 kB
Mem:          3.8G       2.0G       1.8G       5.7M        62M       1.5G

MemTotal:        4016004 kB
MemFree:         1918616 kB
Active:           432880 kB
Mem:          3.8G       2.0G       1.8G       5.7M        62M       1.5G

MemTotal:        4016004 kB
MemFree:         1885448 kB
Active:           432892 kB
Mem:          3.8G       2.0G       1.8G       5.7M        62M       1.6G

MemTotal:        4016004 kB
MemFree:         1839880 kB
Active:           432928 kB
Mem:          3.8G       2.1G       1.8G       5.7M        62M       1.6G

MemTotal:        4016004 kB
MemFree:         1793780 kB
Active:           432932 kB
Mem:          3.8G       2.1G       1.7G       5.7M        62M       1.7G

MemTotal:        4016004 kB
MemFree:         1748796 kB
Active:           432932 kB
Mem:          3.8G       2.2G       1.7G       5.7M        63M       1.7G

MemTotal:        4016004 kB
MemFree:         1702308 kB
Active:           432940 kB
Mem:          3.8G       2.2G       1.6G       5.7M        63M       1.7G

MemTotal:        4016004 kB
MemFree:         1656580 kB
Active:           432940 kB
Mem:          3.8G       2.3G       1.6G       5.7M        63M       1.8G

MemTotal:        4016004 kB
MemFree:         1610356 kB
Active:           432944 kB
Mem:          3.8G       2.3G       1.5G       5.7M        63M       1.8G

MemTotal:        4016004 kB
MemFree:         1565376 kB
Active:           432948 kB
Mem:          3.8G       2.3G       1.5G       5.7M        63M       1.9G

MemTotal:        4016004 kB
MemFree:         1554548 kB
Active:           432956 kB
Mem:          3.8G       2.3G       1.5G       5.7M        63M       1.9G

MemTotal:        4016004 kB
MemFree:         1554204 kB
Active:           432924 kB
Mem:          3.8G       2.3G       1.5G       5.7M        63M       1.9G

MemTotal:        4016004 kB
MemFree:         1554332 kB
Active:           432960 kB
Mem:          3.8G       2.3G       1.5G       5.7M        63M       1.9G

MemTotal:        4016004 kB
MemFree:         1506900 kB
Active:           434992 kB
Mem:          3.8G       2.4G       1.4G       5.7M        63M       1.9G

MemTotal:        4016004 kB
MemFree:         1461172 kB
Active:           434992 kB
Mem:          3.8G       2.4G       1.4G       5.7M        63M       2.0G

MemTotal:        4016004 kB
MemFree:         1450672 kB
Active:           434992 kB
Mem:          3.8G       2.4G       1.4G       5.7M        63M       2.0G

MemTotal:        4016004 kB
MemFree:         1444104 kB
Active:           434996 kB
Mem:          3.8G       2.5G       1.4G       5.7M        63M       2.0G

MemTotal:        4016004 kB
MemFree:         1398036 kB
Active:           435000 kB
Mem:          3.8G       2.5G       1.3G       5.7M        63M       2.0G

MemTotal:        4016004 kB
MemFree:         1352568 kB
Active:           435004 kB
Mem:          3.8G       2.5G       1.3G       5.7M        63M       2.1G

MemTotal:        4016004 kB
MemFree:         1306128 kB
Active:           435004 kB
Mem:          3.8G       2.6G       1.2G       5.7M        63M       2.1G

MemTotal:        4016004 kB
MemFree:         1259764 kB
Active:           435008 kB
Mem:          3.8G       2.6G       1.2G       5.7M        63M       2.2G

MemTotal:        4016004 kB
MemFree:         1212176 kB
Active:           435032 kB
Mem:          3.8G       2.7G       1.2G       5.7M        63M       2.2G

MemTotal:        4016004 kB
MemFree:         1167052 kB
Active:           435012 kB
Mem:          3.8G       2.7G       1.1G       5.7M        63M       2.2G

MemTotal:        4016004 kB
MemFree:         1121064 kB
Active:           435048 kB
Mem:          3.8G       2.8G       1.1G       5.7M        63M       2.3G

MemTotal:        4016004 kB
MemFree:         1075400 kB
Active:           435048 kB
Mem:          3.8G       2.8G       1.0G       5.7M        63M       2.3G

MemTotal:        4016004 kB
MemFree:         1029088 kB
Active:           435056 kB
Mem:          3.8G       2.8G       1.0G       5.7M        63M       2.4G

MemTotal:        4016004 kB
MemFree:          983020 kB
Active:           435056 kB
Mem:          3.8G       2.9G       959M       5.7M        63M       2.4G

MemTotal:        4016004 kB
MemFree:          937420 kB
Active:           435056 kB
Mem:          3.8G       2.9G       915M       5.7M        63M       2.5G

MemTotal:        4016004 kB
MemFree:          892412 kB
Active:           435084 kB
Mem:          3.8G       3.0G       870M       5.7M        63M       2.5G

MemTotal:        4016004 kB
MemFree:          845252 kB
Active:           435092 kB
Mem:          3.8G       3.0G       825M       5.7M        63M       2.5G

MemTotal:        4016004 kB
MemFree:          835456 kB
Active:           435092 kB
Mem:          3.8G       3.0G       815M       5.7M        63M       2.6G

MemTotal:        4016004 kB
MemFree:          828132 kB
Active:           435060 kB
Mem:          3.8G       3.0G       807M       5.7M        63M       2.6G

MemTotal:        4016004 kB
MemFree:          783040 kB
Active:           435104 kB
Mem:          3.8G       3.1G       763M       5.7M        63M       2.6G

MemTotal:        4016004 kB
MemFree:          736132 kB
Active:           433056 kB
Mem:          3.8G       3.1G       718M       5.7M        63M       2.6G

MemTotal:        4016004 kB
MemFree:          691240 kB
Active:           435104 kB
Mem:          3.8G       3.2G       674M       5.7M        63M       2.7G

MemTotal:        4016004 kB
MemFree:          645296 kB
Active:           435108 kB
Mem:          3.8G       3.2G       629M       5.7M        63M       2.7G

MemTotal:        4016004 kB
MemFree:          598064 kB
Active:           435116 kB
Mem:          3.8G       3.3G       583M       5.7M        63M       2.8G

MemTotal:        4016004 kB
MemFree:          553328 kB
Active:           435116 kB
Mem:          3.8G       3.3G       540M       5.7M        63M       2.8G

MemTotal:        4016004 kB
MemFree:          507244 kB
Active:           435128 kB
Mem:          3.8G       3.3G       495M       5.7M        63M       2.9G

MemTotal:        4016004 kB
MemFree:          461828 kB
Active:           435128 kB
Mem:          3.8G       3.4G       450M       5.7M        63M       2.9G

MemTotal:        4016004 kB
MemFree:          415540 kB
Active:           435128 kB
Mem:          3.8G       3.4G       404M       5.7M        63M       2.9G

MemTotal:        4016004 kB
MemFree:          349324 kB
Active:           435136 kB
Mem:          3.8G       3.5G       340M       5.7M        63M       3.0G

MemTotal:        4016004 kB
MemFree:          302184 kB
Active:           435152 kB
Mem:          3.8G       3.5G       294M       5.7M        63M       3.1G

MemTotal:        4016004 kB
MemFree:          257092 kB
Active:           435152 kB
Mem:          3.8G       3.6G       250M       5.7M        63M       3.1G

MemTotal:        4016004 kB
MemFree:          222032 kB
Active:           435152 kB
Mem:          3.8G       3.6G       216M       5.7M        63M       3.1G

MemTotal:        4016004 kB
MemFree:          188060 kB
Active:           435160 kB
Mem:          3.8G       3.7G       183M       5.7M        63M       3.2G

MemTotal:        4016004 kB
MemFree:          142192 kB
Active:           435160 kB
Mem:          3.8G       3.7G       138M       5.7M        63M       3.2G

MemTotal:        4016004 kB
MemFree:          132580 kB
Active:           431832 kB
Mem:          3.8G       3.7G       128M       5.7M        29M       3.2G

MemTotal:        4016004 kB
MemFree:          149564 kB
Active:           451192 kB
Mem:          3.8G       3.7G       145M       5.7M        27M       3.2G

MemTotal:        4016004 kB
MemFree:          110772 kB
Active:           471176 kB
Mem:          3.8G       3.7G       113M       5.7M        28M       3.3G

MemTotal:        4016004 kB
MemFree:          113908 kB
Active:           493340 kB
Mem:          3.8G       3.7G       142M       5.7M        28M       3.2G

MemTotal:        4016004 kB
MemFree:          116804 kB
Active:           490604 kB
Mem:          3.8G       3.7G       113M       5.7M        28M       3.3G

MemTotal:        4016004 kB
MemFree:          123644 kB
Active:           484488 kB
Mem:          3.8G       3.7G       120M       5.7M        28M       3.3G

MemTotal:        4016004 kB
MemFree:          114608 kB
Active:           479084 kB
Mem:          3.8G       3.7G       111M       5.7M        28M       3.3G

MemTotal:        4016004 kB
MemFree:          121356 kB
Active:           473840 kB
Mem:          3.8G       3.7G       124M       5.7M        28M       3.3G

MemTotal:        4016004 kB
MemFree:          107296 kB
Active:           470140 kB
Mem:          3.8G       3.7G       104M       5.7M        28M       3.3G

MemTotal:        4016004 kB
MemFree:          122920 kB
Active:           464892 kB
Mem:          3.8G       3.7G       119M       5.7M        28M       3.3G

MemTotal:        4016004 kB
MemFree:          107292 kB
Active:           461692 kB
Mem:          3.8G       3.7G       104M       5.7M        28M       3.3G

MemTotal:        4016004 kB
MemFree:          128084 kB
Active:           455296 kB
Mem:          3.8G       3.7G       124M       5.7M        28M       3.3G

MemTotal:        4016004 kB
MemFree:          112796 kB
Active:           452096 kB
Mem:          3.8G       3.7G       109M       5.7M        28M       3.3G

MemTotal:        4016004 kB
MemFree:          127128 kB
Active:           447372 kB
Mem:          3.8G       3.7G       123M       5.7M        28M       3.3G

MemTotal:        4016004 kB
MemFree:          118784 kB
Active:           446092 kB
Mem:          3.8G       3.7G       115M       5.7M        28M       3.3G

MemTotal:        4016004 kB
MemFree:          108984 kB
Active:           444828 kB
Mem:          3.8G       3.7G       105M       5.7M        28M       3.3G

MemTotal:        4016004 kB
MemFree:          133812 kB
Active:           443780 kB
Mem:          3.8G       3.7G       129M       5.7M        28M       3.2G

MemTotal:        4016004 kB
MemFree:          111676 kB
Active:           443012 kB
Mem:          3.8G       3.7G       108M       5.7M        28M       3.3G

MemTotal:        4016004 kB
MemFree:          124680 kB
Active:           442456 kB
Mem:          3.8G       3.7G       121M       5.7M        28M       3.3G

MemTotal:        4016004 kB
MemFree:          133336 kB
Active:           440332 kB
Mem:          3.8G       3.7G       129M       5.7M        28M       3.2G

MemTotal:        4016004 kB
MemFree:          142208 kB
Active:           438668 kB
Mem:          3.8G       3.7G       138M       5.7M        28M       3.2G

MemTotal:        4016004 kB
MemFree:          132276 kB
Active:           437516 kB
Mem:          3.8G       3.7G       129M       5.7M        28M       3.2G

MemTotal:        4016004 kB
MemFree:          122748 kB
Active:           436372 kB
Mem:          3.8G       3.7G       119M       5.7M        28M       3.3G

MemTotal:        4016004 kB
MemFree:          130208 kB
Active:           432396 kB
Mem:          3.8G       3.7G       127M       5.7M        28M       3.2G

MemTotal:        4016004 kB
MemFree:          122184 kB
Active:           431244 kB
Mem:          3.8G       3.7G       118M       5.7M        28M       3.3G

MemTotal:        4016004 kB
MemFree:          137888 kB
Active:           429068 kB
Mem:          3.8G       3.7G       134M       5.7M        28M       3.2G

MemTotal:        4016004 kB
MemFree:          130016 kB
Active:           425940 kB
Mem:          3.8G       3.7G       126M       5.7M        28M       3.2G

MemTotal:        4016004 kB
MemFree:          131264 kB
Active:           424160 kB
Mem:          3.8G       3.7G       128M       5.7M        28M       3.2G

MemTotal:        4016004 kB
MemFree:          121536 kB
Active:           423012 kB
Mem:          3.8G       3.7G       118M       5.7M        28M       3.3G

MemTotal:        4016004 kB
MemFree:          125148 kB
Active:           421604 kB
Mem:          3.8G       3.7G       122M       5.7M        28M       3.3G

MemTotal:        4016004 kB
MemFree:          126892 kB
Active:           419688 kB
Mem:          3.8G       3.7G       123M       5.7M        28M       3.3G

MemTotal:        4016004 kB
MemFree:          124340 kB
Active:           419052 kB
Mem:          3.8G       3.7G       120M       5.7M        28M       3.3G

MemTotal:        4016004 kB
MemFree:          118424 kB
Active:           419064 kB
Mem:          3.8G       3.7G       114M       5.7M        28M       3.3G

MemTotal:        4016004 kB
MemFree:          121400 kB
Active:           417404 kB
Mem:          3.8G       3.7G       118M       5.7M        28M       3.3G

MemTotal:        4016004 kB
MemFree:          129136 kB
Active:           415228 kB
Mem:          3.8G       3.7G       126M       5.7M        28M       3.2G

MemTotal:        4016004 kB
MemFree:          120620 kB
Active:           414204 kB
Mem:          3.8G       3.7G       117M       5.7M        28M       3.3G

MemTotal:        4016004 kB
MemFree:          147032 kB
Active:           412284 kB
Mem:          3.8G       3.7G       143M       5.7M        28M       3.2G

MemTotal:        4016004 kB
MemFree:          147248 kB
Active:           412116 kB
Mem:          3.8G       3.7G       143M       5.7M        28M       3.2G

MemTotal:        4016004 kB
MemFree:          147376 kB
Active:           412116 kB
Mem:          3.8G       3.7G       144M       5.7M        28M       3.2G

MemTotal:        4016004 kB
MemFree:          120872 kB
Active:           412144 kB
Mem:          3.8G       3.7G       117M       5.7M        28M       3.3G

MemTotal:        4016004 kB
MemFree:          125336 kB
Active:           410900 kB
Mem:          3.8G       3.7G       121M       5.7M        28M       3.3G

MemTotal:        4016004 kB
MemFree:          126332 kB
Active:           408980 kB
Mem:          3.8G       3.7G       122M       5.7M        28M       3.3G

MemTotal:        4016004 kB
MemFree:          147248 kB
Active:           406816 kB
Mem:          3.8G       3.7G       143M       5.7M        28M       3.2G

MemTotal:        4016004 kB
MemFree:          124924 kB
Active:           406176 kB
Mem:          3.8G       3.7G       121M       5.7M        28M       3.3G

MemTotal:        4016004 kB
MemFree:          128176 kB
Active:           404516 kB
Mem:          3.8G       3.7G       124M       5.7M        28M       3.3G

MemTotal:        4016004 kB
MemFree:          106256 kB
Active:           403876 kB
Mem:          3.8G       3.7G       103M       5.7M        28M       3.3G

MemTotal:        4016004 kB
MemFree:          133340 kB
Active:           401660 kB
Mem:          3.8G       3.7G       129M       5.7M        28M       3.2G

MemTotal:        4016004 kB
MemFree:          137012 kB
Active:           399752 kB
Mem:          3.8G       3.7G       133M       5.7M        28M       3.2G

MemTotal:        4016004 kB
MemFree:          151488 kB
Active:           397968 kB
Mem:          3.8G       3.7G       147M       5.7M        28M       3.2G

MemTotal:        4016004 kB
MemFree:          105776 kB
Active:           397968 kB
Mem:          3.8G       3.7G       102M       5.7M        28M       3.3G

MemTotal:        4016004 kB
MemFree:          114164 kB
Active:           396048 kB
Mem:          3.8G       3.7G       110M       5.7M        28M       3.3G

MemTotal:        4016004 kB
MemFree:          107336 kB
Active:           394776 kB
Mem:          3.8G       3.7G       104M       5.7M        28M       3.3G

MemTotal:        4016004 kB
MemFree:          106748 kB
Active:           394780 kB
Mem:          3.8G       3.7G       104M       5.7M        28M       3.3G

MemTotal:        4016004 kB
MemFree:          106876 kB
Active:           394740 kB
Mem:          3.8G       3.7G       104M       5.7M        28M       3.3G

MemTotal:        4016004 kB
MemFree:          106788 kB
Active:           394764 kB
Mem:          3.8G       3.7G       104M       5.7M        28M       3.3G

MemTotal:        4016004 kB
MemFree:          109100 kB
Active:           393764 kB
Mem:          3.8G       3.7G       105M       5.7M        28M       3.3G

MemTotal:        4016004 kB
MemFree:          123924 kB
Active:           391976 kB
Mem:          3.8G       3.7G       121M       5.7M        28M       3.3G

MemTotal:        4016004 kB
MemFree:          138716 kB
Active:           389808 kB
Mem:          3.8G       3.7G       135M       5.7M        28M       3.2G

MemTotal:        4016004 kB
MemFree:          142144 kB
Active:           388144 kB
Mem:          3.8G       3.7G       138M       5.7M        28M       3.2G

MemTotal:        4016004 kB
MemFree:          125452 kB
Active:           387120 kB
Mem:          3.8G       3.7G       122M       5.7M        28M       3.3G

MemTotal:        4016004 kB
MemFree:          127384 kB
Active:           383224 kB
Mem:          3.8G       3.7G       123M       5.7M        28M       3.2G

MemTotal:        4016004 kB
MemFree:          123556 kB
Active:           379748 kB
Mem:          3.8G       3.7G       120M       5.7M        28M       3.3G

MemTotal:        4016004 kB
MemFree:          109244 kB
Active:           378604 kB
Mem:          3.8G       3.7G       106M       5.7M        28M       3.3G

MemTotal:        4016004 kB
MemFree:          134552 kB
Active:           377712 kB
Mem:          3.8G       3.7G       131M       5.7M        28M       3.2G

MemTotal:        4016004 kB
MemFree:          136844 kB
Active:           377720 kB
Mem:          3.8G       3.7G       133M       5.7M        28M       3.2G

MemTotal:        4016004 kB
MemFree:          139244 kB
Active:           377724 kB
Mem:          3.8G       3.7G       135M       5.7M        28M       3.2G

MemTotal:        4016004 kB
MemFree:          127328 kB
Active:           377724 kB
Mem:          3.8G       3.7G       124M       5.7M        28M       3.2G

MemTotal:        4016004 kB
MemFree:          106752 kB
Active:           377732 kB
Mem:          3.8G       3.7G       103M       5.7M        28M       3.3G

MemTotal:        4016004 kB
MemFree:          127192 kB
Active:           377740 kB
Mem:          3.8G       3.7G       124M       5.7M        28M       3.2G

MemTotal:        4016004 kB
MemFree:          118884 kB
Active:           377752 kB
Mem:          3.8G       3.7G       115M       5.7M        28M       3.3G

MemTotal:        4016004 kB
MemFree:          119188 kB
Active:           377776 kB
Mem:          3.8G       3.7G       115M       5.7M        28M       3.3G

MemTotal:        4016004 kB
MemFree:          128616 kB
Active:           374812 kB
Mem:          3.8G       3.7G       125M       5.7M        28M       3.2G

MemTotal:        4016004 kB
MemFree:          128300 kB
Active:           374616 kB
Mem:          3.8G       3.7G       125M       5.7M        28M       3.2G

MemTotal:        4016004 kB
MemFree:          124888 kB
Active:           374632 kB
Mem:          3.8G       3.7G       121M       5.7M        28M       3.3G

MemTotal:        4016004 kB
MemFree:          127076 kB
Active:           374664 kB
Mem:          3.8G       3.7G       123M       5.7M        28M       3.3G

MemTotal:        4016004 kB
MemFree:          117360 kB
Active:           374664 kB
Mem:          3.8G       3.7G       113M       5.7M        28M       3.3G

MemTotal:        4016004 kB
MemFree:          126360 kB
Active:           374660 kB
Mem:          3.8G       3.7G       122M       5.7M        28M       3.3G

MemTotal:        4016004 kB
MemFree:          128240 kB
Active:           374676 kB
Mem:          3.8G       3.7G       125M       5.7M        28M       3.2G

MemTotal:        4016004 kB
MemFree:          118988 kB
Active:           374676 kB
Mem:          3.8G       3.7G       116M       5.7M        28M       3.3G

MemTotal:        4016004 kB
MemFree:          109860 kB
Active:           374588 kB
Mem:          3.8G       3.7G       106M       5.7M        28M       3.3G

MemTotal:        4016004 kB
MemFree:          112000 kB
Active:           374608 kB
Mem:          3.8G       3.7G       109M       5.7M        28M       3.3G

MemTotal:        4016004 kB
MemFree:          107212 kB
Active:           374612 kB
Mem:          3.8G       3.7G       104M       5.7M        28M       3.3G

MemTotal:        4016004 kB
MemFree:          107212 kB
Active:           374624 kB
Mem:          3.8G       3.7G       104M       5.7M        28M       3.3G

MemTotal:        4016004 kB
MemFree:          134772 kB
Active:           374584 kB
Mem:          3.8G       3.7G       131M       5.7M        28M       3.2G

MemTotal:        4016004 kB
MemFree:          126304 kB
Active:           374632 kB
Mem:          3.8G       3.7G       123M       5.7M        28M       3.3G

MemTotal:        4016004 kB
MemFree:          141244 kB
Active:           374512 kB
Mem:          3.8G       3.7G       137M       5.7M        28M       3.2G

MemTotal:        4016004 kB
MemFree:          131980 kB
Active:           375228 kB
Mem:          3.8G       3.7G       128M       5.7M        28M       3.2G

MemTotal:        4016004 kB
MemFree:          141188 kB
Active:           374564 kB
Mem:          3.8G       3.7G       137M       5.7M        28M       3.2G

MemTotal:        4016004 kB
MemFree:          131208 kB
Active:           374496 kB
Mem:          3.8G       3.7G       127M       5.7M        28M       3.2G

MemTotal:        4016004 kB
MemFree:          117076 kB
Active:           374244 kB
Mem:          3.8G       3.7G       113M       5.7M        28M       3.3G

MemTotal:        4016004 kB
MemFree:          108068 kB
Active:           374068 kB
Mem:          3.8G       3.7G       105M       5.7M        28M       3.3G

MemTotal:        4016004 kB
MemFree:          138444 kB
Active:           374084 kB
Mem:          3.8G       3.7G       135M       5.7M        28M       3.2G

MemTotal:        4016004 kB
MemFree:          118992 kB
Active:           374064 kB
Mem:          3.8G       3.7G       115M       5.7M        28M       3.3G

MemTotal:        4016004 kB
MemFree:          109196 kB
Active:           374104 kB
Mem:          3.8G       3.7G       106M       5.7M        28M       3.3G

MemTotal:        4016004 kB
MemFree:          116488 kB
Active:           374104 kB
Mem:          3.8G       3.7G       113M       5.7M        28M       3.3G

MemTotal:        4016004 kB
MemFree:          133048 kB
Active:           373416 kB
Mem:          3.8G       3.7G       129M       5.7M        28M       3.2G

MemTotal:        4016004 kB
MemFree:          134292 kB
Active:           375636 kB
Mem:          3.8G       3.7G       130M       5.7M        28M       3.2G

MemTotal:        4016004 kB
MemFree:          121924 kB
Active:           375420 kB
Mem:          3.8G       3.7G       118M       5.7M        28M       3.3G

MemTotal:        4016004 kB
MemFree:          121432 kB
Active:           375368 kB
Mem:          3.8G       3.7G       118M       5.7M        28M       3.3G

MemTotal:        4016004 kB
MemFree:          115196 kB
Active:           375392 kB
Mem:          3.8G       3.7G       112M       5.7M        28M       3.3G

MemTotal:        4016004 kB
MemFree:          131004 kB
Active:           374020 kB
Mem:          3.8G       3.7G       127M       5.7M        28M       3.2G

MemTotal:        4016004 kB
MemFree:          140444 kB
Active:           374020 kB
Mem:          3.8G       3.7G       136M       5.7M        28M       3.2G

MemTotal:        4016004 kB
MemFree:          142488 kB
Active:           374020 kB
Mem:          3.8G       3.7G       139M       5.7M        28M       3.2G

MemTotal:        4016004 kB
MemFree:          135476 kB
Active:           374028 kB
Mem:          3.8G       3.7G       131M       5.7M        28M       3.2G

MemTotal:        4016004 kB
MemFree:          126204 kB
Active:           374028 kB
Mem:          3.8G       3.7G       123M       5.7M        28M       3.2G

MemTotal:        4016004 kB
MemFree:          125372 kB
Active:           371732 kB
Mem:          3.8G       3.7G       121M       5.7M        28M       3.2G

MemTotal:        4016004 kB
MemFree:          109032 kB
Active:           371672 kB
Mem:          3.8G       3.7G       106M       5.7M        28M       3.3G

MemTotal:        4016004 kB
MemFree:          125124 kB
Active:           371672 kB
Mem:          3.8G       3.7G       123M       5.7M        28M       3.2G

MemTotal:        4016004 kB
MemFree:          145440 kB
Active:           371552 kB
Mem:          3.8G       3.7G       141M       5.7M        28M       3.2G

MemTotal:        4016004 kB
MemFree:          124252 kB
Active:           371552 kB
Mem:          3.8G       3.7G       120M       5.7M        28M       3.2G

MemTotal:        4016004 kB
MemFree:          126732 kB
Active:           371568 kB
Mem:          3.8G       3.7G       123M       5.7M        28M       3.2G

MemTotal:        4016004 kB
MemFree:          134712 kB
Active:           371568 kB
Mem:          3.8G       3.7G       131M       5.7M        28M       3.2G

MemTotal:        4016004 kB
MemFree:          134728 kB
Active:           371552 kB
Mem:          3.8G       3.7G       131M       5.7M        28M       3.2G

MemTotal:        4016004 kB
MemFree:          127212 kB
Active:           371536 kB
Mem:          3.8G       3.7G       123M       5.7M        28M       3.2G

MemTotal:        4016004 kB
MemFree:          118420 kB
Active:           371592 kB
Mem:          3.8G       3.7G       115M       5.7M        28M       3.3G

MemTotal:        4016004 kB
MemFree:          120032 kB
Active:           371296 kB
Mem:          3.8G       3.7G       116M       5.7M        28M       3.3G

MemTotal:        4016004 kB
MemFree:          127992 kB
Active:           371248 kB
Mem:          3.8G       3.7G       124M       5.7M        28M       3.2G

MemTotal:        4016004 kB
MemFree:          120928 kB
Active:           371248 kB
Mem:          3.8G       3.7G       117M       5.7M        28M       3.3G

MemTotal:        4016004 kB
MemFree:          110356 kB
Active:           371256 kB
Mem:          3.8G       3.7G       107M       5.7M        28M       3.3G

MemTotal:        4016004 kB
MemFree:          118824 kB
Active:           371256 kB
Mem:          3.8G       3.7G       115M       5.7M        28M       3.3G

MemTotal:        4016004 kB
MemFree:          109628 kB
Active:           371256 kB
Mem:          3.8G       3.7G       106M       5.7M        28M       3.3G

MemTotal:        4016004 kB
MemFree:          124700 kB
Active:           371256 kB
Mem:          3.8G       3.7G       121M       5.7M        28M       3.2G

MemTotal:        4016004 kB
MemFree:          108728 kB
Active:           371256 kB
Mem:          3.8G       3.7G       105M       5.7M        28M       3.3G

MemTotal:        4016004 kB
MemFree:          125100 kB
Active:           369448 kB
Mem:          3.8G       3.7G       121M       5.7M        28M       3.2G

MemTotal:        4016004 kB
MemFree:          134704 kB
Active:           369448 kB
Mem:          3.8G       3.7G       131M       5.7M        28M       3.2G

MemTotal:        4016004 kB
MemFree:          130304 kB
Active:           369408 kB
Mem:          3.8G       3.7G       126M       5.7M        28M       3.2G

MemTotal:        4016004 kB
MemFree:          117660 kB
Active:           370736 kB
Mem:          3.8G       3.7G       115M       5.7M        28M       3.3G

MemTotal:        4016004 kB
MemFree:          108400 kB
Active:           370588 kB
Mem:          3.8G       3.7G       106M       5.7M        28M       3.3G

MemTotal:        4016004 kB
MemFree:          124060 kB
Active:           370592 kB
Mem:          3.8G       3.7G       121M       5.7M        28M       3.2G

MemTotal:        4016004 kB
MemFree:          114472 kB
Active:           370596 kB
Mem:          3.8G       3.7G       111M       5.7M        28M       3.3G

MemTotal:        4016004 kB
MemFree:          123880 kB
Active:           370596 kB
Mem:          3.8G       3.7G       120M       5.7M        28M       3.2G

MemTotal:        4016004 kB
MemFree:          114900 kB
Active:           370596 kB
Mem:          3.8G       3.7G       111M       5.7M        28M       3.3G

MemTotal:        4016004 kB
MemFree:          106860 kB
Active:           368996 kB
Mem:          3.8G       3.7G       103M       5.7M        28M       3.3G

MemTotal:        4016004 kB
MemFree:          109228 kB
Active:           369004 kB
Mem:          3.8G       3.7G       106M       5.7M        28M       3.3G

MemTotal:        4016004 kB
MemFree:          135304 kB
Active:           369012 kB
Mem:          3.8G       3.7G       132M       5.7M        28M       3.2G

MemTotal:        4016004 kB
MemFree:          109456 kB
Active:           369016 kB
Mem:          3.8G       3.7G       106M       5.7M        28M       3.3G

MemTotal:        4016004 kB
MemFree:          117008 kB
Active:           368780 kB
Mem:          3.8G       3.7G       114M       5.7M        28M       3.3G

MemTotal:        4016004 kB
MemFree:          105752 kB
Active:           368656 kB
Mem:          3.8G       3.7G       102M       5.7M        28M       3.3G

MemTotal:        4016004 kB
MemFree:          128412 kB
Active:           368532 kB
Mem:          3.8G       3.7G       125M       5.7M        28M       3.2G

MemTotal:        4016004 kB
MemFree:          129132 kB
Active:           368516 kB
Mem:          3.8G       3.7G       125M       5.7M        28M       3.2G

MemTotal:        4016004 kB
MemFree:          131440 kB
Active:           368652 kB
Mem:          3.8G       3.7G       127M       5.7M        28M       3.2G

MemTotal:        4016004 kB
MemFree:          121076 kB
Active:           368552 kB
Mem:          3.8G       3.7G       118M       5.7M        28M       3.2G

MemTotal:        4016004 kB
MemFree:          123060 kB
Active:           368552 kB
Mem:          3.8G       3.7G       120M       5.7M        28M       3.2G

MemTotal:        4016004 kB
MemFree:          119344 kB
Active:           362896 kB
Mem:          3.8G       3.7G       116M       5.7M        28M       3.2G

MemTotal:        4016004 kB
MemFree:          111236 kB
Active:           362820 kB
Mem:          3.8G       3.7G       107M       5.7M        28M       3.3G

MemTotal:        4016004 kB
MemFree:          126312 kB
Active:           362828 kB
Mem:          3.8G       3.7G       123M       5.7M        28M       3.2G

MemTotal:        4016004 kB
MemFree:          123984 kB
Active:           362828 kB
Mem:          3.8G       3.7G       121M       5.7M        28M       3.2G

MemTotal:        4016004 kB
MemFree:          127596 kB
Active:           362828 kB
Mem:          3.8G       3.7G       123M       5.7M        28M       3.2G

MemTotal:        4016004 kB
MemFree:          132552 kB
Active:           362828 kB
Mem:          3.8G       3.7G       129M       5.7M        28M       3.2G

MemTotal:        4016004 kB
MemFree:          105440 kB
Active:           362836 kB
Mem:          3.8G       3.7G       102M       5.7M        28M       3.3G

MemTotal:        4016004 kB
MemFree:          113188 kB
Active:           362844 kB
Mem:          3.8G       3.7G       109M       5.7M        28M       3.3G

MemTotal:        4016004 kB
MemFree:          121404 kB
Active:           362856 kB
Mem:          3.8G       3.7G       118M       5.7M        28M       3.2G

MemTotal:        4016004 kB
MemFree:          109148 kB
Active:           362856 kB
Mem:          3.8G       3.7G       106M       5.7M        28M       3.3G

MemTotal:        4016004 kB
MemFree:          128384 kB
Active:           362856 kB
Mem:          3.8G       3.7G       124M       5.7M        28M       3.2G

MemTotal:        4016004 kB
MemFree:          128268 kB
Active:           362828 kB
Mem:          3.8G       3.7G       125M       5.7M        28M       3.2G

MemTotal:        4016004 kB
MemFree:          128332 kB
Active:           362852 kB
Mem:          3.8G       3.7G       125M       5.7M        28M       3.2G

MemTotal:        4016004 kB
MemFree:          114152 kB
Active:           362860 kB
Mem:          3.8G       3.7G       111M       5.7M        28M       3.3G

MemTotal:        4016004 kB
MemFree:          129944 kB
Active:           360680 kB
Mem:          3.8G       3.7G       126M       5.7M        28M       3.2G

MemTotal:        4016004 kB
MemFree:          124440 kB
Active:           360496 kB
Mem:          3.8G       3.7G       120M       5.7M        28M       3.2G

MemTotal:        4016004 kB
MemFree:          124592 kB
Active:           360504 kB
Mem:          3.8G       3.7G       121M       5.7M        28M       3.2G

MemTotal:        4016004 kB
MemFree:          108860 kB
Active:           360508 kB
Mem:          3.8G       3.7G       106M       5.7M        28M       3.3G

MemTotal:        4016004 kB
MemFree:          123828 kB
Active:           360508 kB
Mem:          3.8G       3.7G       126M       5.7M        28M       3.2G

MemTotal:        4016004 kB
MemFree:          125572 kB
Active:           360508 kB
Mem:          3.8G       3.7G       122M       5.7M        28M       3.2G

MemTotal:        4016004 kB
MemFree:          143404 kB
Active:           360512 kB
Mem:          3.8G       3.7G       139M       5.7M        28M       3.2G

MemTotal:        4016004 kB
MemFree:          133964 kB
Active:           360520 kB
Mem:          3.8G       3.7G       130M       5.7M        28M       3.2G

MemTotal:        4016004 kB
MemFree:          130820 kB
Active:           360524 kB
Mem:          3.8G       3.7G       127M       5.7M        28M       3.2G

MemTotal:        4016004 kB
MemFree:          126392 kB
Active:           361004 kB
Mem:          3.8G       3.7G       123M       5.7M        28M       3.2G

MemTotal:        4016004 kB
MemFree:          135248 kB
Active:           360856 kB
Mem:          3.8G       3.7G       131M       5.7M        28M       3.2G

MemTotal:        4016004 kB
MemFree:          136880 kB
Active:           358104 kB
Mem:          3.8G       3.7G       133M       5.7M        28M       3.2G

MemTotal:        4016004 kB
MemFree:          127788 kB
Active:           357740 kB
Mem:          3.8G       3.7G       124M       5.7M        28M       3.2G

MemTotal:        4016004 kB
MemFree:          108660 kB
Active:           357728 kB
Mem:          3.8G       3.7G       106M       5.7M        28M       3.3G

MemTotal:        4016004 kB
MemFree:          105120 kB
Active:           357764 kB
Mem:          3.8G       3.7G       102M       5.7M        28M       3.3G

MemTotal:        4016004 kB
MemFree:          125432 kB
Active:           357636 kB
Mem:          3.8G       3.7G       122M       5.7M        28M       3.2G

MemTotal:        4016004 kB
MemFree:          128748 kB
Active:           357636 kB
Mem:          3.8G       3.7G       125M       5.7M        28M       3.2G

MemTotal:        4016004 kB
MemFree:          138228 kB
Active:           357644 kB
Mem:          3.8G       3.7G       135M       5.7M        28M       3.2G

MemTotal:        4016004 kB
MemFree:          134512 kB
Active:           357644 kB
Mem:          3.8G       3.7G       131M       5.7M        28M       3.2G

MemTotal:        4016004 kB
MemFree:          125236 kB
Active:           357644 kB
Mem:          3.8G       3.7G       122M       5.7M        28M       3.2G

MemTotal:        4016004 kB
MemFree:          128524 kB
Active:           357644 kB
Mem:          3.8G       3.7G       125M       5.7M        28M       3.2G

MemTotal:        4016004 kB
MemFree:          108828 kB
Active:           357588 kB
Mem:          3.8G       3.7G       105M       5.7M        28M       3.3G

MemTotal:        4016004 kB
MemFree:          125760 kB
Active:           357652 kB
Mem:          3.8G       3.7G       122M       5.7M        28M       3.2G

MemTotal:        4016004 kB
MemFree:          127312 kB
Active:           357652 kB
Mem:          3.8G       3.7G       123M       5.7M        28M       3.2G

MemTotal:        4016004 kB
MemFree:          106048 kB
Active:           357656 kB
Mem:          3.8G       3.7G       103M       5.7M        28M       3.3G

MemTotal:        4016004 kB
MemFree:          131416 kB
Active:           357612 kB
Mem:          3.8G       3.7G       128M       5.7M        28M       3.2G

MemTotal:        4016004 kB
MemFree:          129892 kB
Active:           357628 kB
Mem:          3.8G       3.7G       126M       5.7M        28M       3.2G

MemTotal:        4016004 kB
MemFree:          129212 kB
Active:           357688 kB
Mem:          3.8G       3.7G       126M       5.7M        28M       3.2G

MemTotal:        4016004 kB
MemFree:          129748 kB
Active:           357688 kB
Mem:          3.8G       3.7G       126M       5.7M        28M       3.2G

MemTotal:        4016004 kB
MemFree:          129376 kB
Active:           355544 kB
Mem:          3.8G       3.7G       125M       5.7M        28M       3.2G

MemTotal:        4016004 kB
MemFree:          113544 kB
Active:           355340 kB
Mem:          3.8G       3.7G       110M       5.7M        28M       3.3G

MemTotal:        4016004 kB
MemFree:          128448 kB
Active:           355292 kB
Mem:          3.8G       3.7G       124M       5.7M        28M       3.2G

MemTotal:        4016004 kB
MemFree:          119640 kB
Active:           355348 kB
Mem:          3.8G       3.7G       116M       5.7M        28M       3.2G

MemTotal:        4016004 kB
MemFree:          109828 kB
Active:           355348 kB
Mem:          3.8G       3.7G       107M       5.7M        28M       3.3G

MemTotal:        4016004 kB
MemFree:          111764 kB
Active:           355348 kB
Mem:          3.8G       3.7G       108M       5.7M        28M       3.3G

MemTotal:        4016004 kB
MemFree:          128912 kB
Active:           355348 kB
Mem:          3.8G       3.7G       125M       5.7M        28M       3.2G

MemTotal:        4016004 kB
MemFree:          119492 kB
Active:           355348 kB
Mem:          3.8G       3.7G       116M       5.7M        28M       3.2G

MemTotal:        4016004 kB
MemFree:          110412 kB
Active:           355356 kB
Mem:          3.8G       3.7G       107M       5.7M        28M       3.3G

MemTotal:        4016004 kB
MemFree:          125924 kB
Active:           355332 kB
Mem:          3.8G       3.7G       123M       5.7M        28M       3.2G

MemTotal:        4016004 kB
MemFree:          120500 kB
Active:           355360 kB
Mem:          3.8G       3.7G       124M       5.7M        28M       3.2G

MemTotal:        4016004 kB
MemFree:          105540 kB
Active:           355360 kB
Mem:          3.8G       3.7G       102M       5.7M        28M       3.3G

MemTotal:        4016004 kB
MemFree:          124352 kB
Active:           351232 kB
Mem:          3.8G       3.7G       120M       5.7M        28M       3.2G

MemTotal:        4016004 kB
MemFree:          121868 kB
Active:           351068 kB
Mem:          3.8G       3.7G       119M       5.7M        28M       3.2G

MemTotal:        4016004 kB
MemFree:          125680 kB
Active:           351108 kB
Mem:          3.8G       3.7G       122M       5.7M        28M       3.2G

MemTotal:        4016004 kB
MemFree:          122176 kB
Active:           351068 kB
Mem:          3.8G       3.7G       119M       5.7M        28M       3.2G

MemTotal:        4016004 kB
MemFree:          107148 kB
Active:           351064 kB
Mem:          3.8G       3.7G       104M       5.7M        28M       3.3G

MemTotal:        4016004 kB
MemFree:          128552 kB
Active:           351116 kB
Mem:          3.8G       3.7G       125M       5.7M        28M       3.2G

MemTotal:        4016004 kB
MemFree:          119652 kB
Active:           351124 kB
Mem:          3.8G       3.7G       116M       5.7M        28M       3.2G

MemTotal:        4016004 kB
MemFree:          120132 kB
Active:           351124 kB
Mem:          3.8G       3.7G       116M       5.7M        28M       3.2G

MemTotal:        4016004 kB
MemFree:          110828 kB
Active:           351076 kB
Mem:          3.8G       3.7G       107M       5.7M        28M       3.3G

MemTotal:        4016004 kB
MemFree:          126164 kB
Active:           351124 kB
Mem:          3.8G       3.7G       123M       5.7M        28M       3.2G

MemTotal:        4016004 kB
MemFree:          121484 kB
Active:           351124 kB
Mem:          3.8G       3.7G       118M       5.7M        28M       3.2G

MemTotal:        4016004 kB
MemFree:          124648 kB
Active:           351136 kB
Mem:          3.8G       3.7G       121M       5.7M        28M       3.2G

MemTotal:        4016004 kB
MemFree:          115824 kB
Active:           351136 kB
Mem:          3.8G       3.7G       112M       5.7M        28M       3.2G

MemTotal:        4016004 kB
MemFree:          107328 kB
Active:           351148 kB
Mem:          3.8G       3.7G       104M       5.7M        28M       3.3G

MemTotal:        4016004 kB
MemFree:          122332 kB
Active:           351160 kB
Mem:          3.8G       3.7G       119M       5.7M        28M       3.2G

MemTotal:        4016004 kB
MemFree:          126976 kB
Active:           351160 kB
Mem:          3.8G       3.7G       123M       5.7M        28M       3.2G

MemTotal:        4016004 kB
MemFree:          128268 kB
Active:           351164 kB
Mem:          3.8G       3.7G       125M       5.7M        28M       3.2G

MemTotal:        4016004 kB
MemFree:          114200 kB
Active:           351176 kB
Mem:          3.8G       3.7G       110M       5.7M        28M       3.2G

MemTotal:        4016004 kB
MemFree:          129052 kB
Active:           351176 kB
Mem:          3.8G       3.7G       125M       5.7M        28M       3.2G

MemTotal:        4016004 kB
MemFree:          127952 kB
Active:           351060 kB
Mem:          3.8G       3.7G       124M       5.7M        28M       3.2G

MemTotal:        4016004 kB
MemFree:          126596 kB
Active:           350936 kB
Mem:          3.8G       3.7G       123M       5.7M        28M       3.2G

MemTotal:        4016004 kB
MemFree:          126424 kB
Active:           350720 kB
Mem:          3.8G       3.7G       123M       5.7M        28M       3.2G

MemTotal:        4016004 kB
MemFree:          126920 kB
Active:           350724 kB
Mem:          3.8G       3.7G       124M       5.7M        28M       3.2G

MemTotal:        4016004 kB
MemFree:          127044 kB
Active:           350728 kB
Mem:          3.8G       3.7G       123M       5.7M        28M       3.2G

MemTotal:        4016004 kB
MemFree:          127044 kB
Active:           350732 kB
Mem:          3.8G       3.7G       123M       5.7M        28M       3.2G

MemTotal:        4016004 kB
MemFree:          126920 kB
Active:           350748 kB
Mem:          3.8G       3.7G       123M       5.7M        28M       3.2G

MemTotal:        4016004 kB
MemFree:          126920 kB
Active:           350756 kB
Mem:          3.8G       3.7G       123M       5.7M        28M       3.2G

MemTotal:        4016004 kB
MemFree:          126796 kB
Active:           350744 kB
Mem:          3.8G       3.7G       123M       5.7M        28M       3.2G

MemTotal:        4016004 kB
MemFree:          126920 kB
Active:           350768 kB
Mem:          3.8G       3.7G       123M       5.7M        28M       3.2G

MemTotal:        4016004 kB
MemFree:          126796 kB
Active:           350772 kB
Mem:          3.8G       3.7G       123M       5.7M        28M       3.2G

MemTotal:        4016004 kB
MemFree:          126920 kB
Active:           350776 kB
Mem:          3.8G       3.7G       123M       5.7M        28M       3.2G

MemTotal:        4016004 kB
MemFree:          126920 kB
Active:           350724 kB
Mem:          3.8G       3.7G       123M       5.7M        28M       3.2G

MemTotal:        4016004 kB
MemFree:          127044 kB
Active:           350740 kB
Mem:          3.8G       3.7G       124M       5.7M        28M       3.2G

MemTotal:        4016004 kB
MemFree:          126796 kB
Active:           350748 kB
Mem:          3.8G       3.7G       123M       5.7M        28M       3.2G

MemTotal:        4016004 kB
MemFree:          126920 kB
Active:           350756 kB
Mem:          3.8G       3.7G       123M       5.7M        28M       3.2G

MemTotal:        4016004 kB
MemFree:          126796 kB
Active:           350756 kB
Mem:          3.8G       3.7G       123M       5.7M        28M       3.2G

MemTotal:        4016004 kB
MemFree:          127044 kB
Active:           350756 kB
Mem:          3.8G       3.7G       123M       5.7M        28M       3.2G

MemTotal:        4016004 kB
MemFree:          126920 kB
Active:           350764 kB
Mem:          3.8G       3.7G       123M       5.7M        28M       3.2G

MemTotal:        4016004 kB
MemFree:          126920 kB
Active:           350752 kB
Mem:          3.8G       3.7G       123M       5.7M        28M       3.2G

MemTotal:        4016004 kB
MemFree:          127044 kB
Active:           350772 kB
Mem:          3.8G       3.7G       123M       5.7M        28M       3.2G

MemTotal:        4016004 kB
MemFree:          127044 kB
Active:           350740 kB
Mem:          3.8G       3.7G       123M       5.7M        28M       3.2G

MemTotal:        4016004 kB
MemFree:          126176 kB
Active:           350804 kB
Mem:          3.8G       3.7G       123M       5.7M        28M       3.2G

MemTotal:        4016004 kB
MemFree:          126300 kB
Active:           350792 kB
Mem:          3.8G       3.7G       123M       5.7M        28M       3.2G

MemTotal:        4016004 kB
MemFree:          125980 kB
Active:           350768 kB
Mem:          3.8G       3.7G       122M       5.7M        28M       3.2G

MemTotal:        4016004 kB
MemFree:          125852 kB
Active:           350808 kB
Mem:          3.8G       3.7G       122M       5.7M        28M       3.2G

MemTotal:        4016004 kB
MemFree:          125884 kB
Active:           350824 kB
Mem:          3.8G       3.7G       123M       5.7M        28M       3.2G

MemTotal:        4016004 kB
MemFree:          126072 kB
Active:           350784 kB
Mem:          3.8G       3.7G       123M       5.7M        28M       3.2G

MemTotal:        4016004 kB
MemFree:          126480 kB
Active:           350816 kB
Mem:          3.8G       3.7G       123M       5.7M        28M       3.2G

MemTotal:        4016004 kB
MemFree:          126484 kB
Active:           350784 kB
Mem:          3.8G       3.7G       123M       5.7M        28M       3.2G

MemTotal:        4016004 kB
MemFree:          126484 kB
Active:           350804 kB
Mem:          3.8G       3.7G       123M       5.7M        28M       3.2G

MemTotal:        4016004 kB
MemFree:          126732 kB
Active:           350832 kB
Mem:          3.8G       3.7G       123M       5.7M        28M       3.2G

MemTotal:        4016004 kB
MemFree:          126732 kB
Active:           350796 kB
Mem:          3.8G       3.7G       123M       5.7M        28M       3.2G

MemTotal:        4016004 kB
MemFree:          126732 kB
Active:           350808 kB
Mem:          3.8G       3.7G       123M       5.7M        28M       3.2G

MemTotal:        4016004 kB
MemFree:          126732 kB
Active:           350792 kB
Mem:          3.8G       3.7G       123M       5.7M        28M       3.2G

MemTotal:        4016004 kB
MemFree:          126608 kB
Active:           350808 kB
Mem:          3.8G       3.7G       123M       5.7M        28M       3.2G

MemTotal:        4016004 kB
MemFree:          126236 kB
Active:           350800 kB
Mem:          3.8G       3.7G       123M       5.7M        28M       3.2G

MemTotal:        4016004 kB
MemFree:          126236 kB
Active:           350812 kB
Mem:          3.8G       3.7G       123M       5.7M        28M       3.2G

MemTotal:        4016004 kB
MemFree:          126112 kB
Active:           350796 kB
Mem:          3.8G       3.7G       123M       5.7M        28M       3.2G

MemTotal:        4016004 kB
MemFree:          126732 kB
Active:           350820 kB
Mem:          3.8G       3.7G       123M       5.7M        28M       3.2G

MemTotal:        4016004 kB
MemFree:          126732 kB
Active:           350844 kB
Mem:          3.8G       3.7G       123M       5.7M        28M       3.2G

MemTotal:        4016004 kB
MemFree:          126732 kB
Active:           350824 kB
Mem:          3.8G       3.7G       123M       5.7M        28M       3.2G

MemTotal:        4016004 kB
MemFree:          126732 kB
Active:           350848 kB
Mem:          3.8G       3.7G       123M       5.7M        28M       3.2G

MemTotal:        4016004 kB
MemFree:          126732 kB
Active:           350808 kB
Mem:          3.8G       3.7G       123M       5.7M        28M       3.2G

MemTotal:        4016004 kB
MemFree:          126856 kB
Active:           350828 kB
Mem:          3.8G       3.7G       123M       5.7M        28M       3.2G

MemTotal:        4016004 kB
MemFree:          126980 kB
Active:           350852 kB
Mem:          3.8G       3.7G       123M       5.7M        28M       3.2G

MemTotal:        4016004 kB
MemFree:          126980 kB
Active:           350812 kB
Mem:          3.8G       3.7G       123M       5.7M        28M       3.2G

MemTotal:        4016004 kB
MemFree:          126732 kB
Active:           350852 kB
Mem:          3.8G       3.7G       123M       5.7M        28M       3.2G

MemTotal:        4016004 kB
MemFree:          126732 kB
Active:           350860 kB
Mem:          3.8G       3.7G       123M       5.7M        28M       3.2G

MemTotal:        4016004 kB
MemFree:          126732 kB
Active:           350824 kB
Mem:          3.8G       3.7G       123M       5.7M        28M       3.2G

MemTotal:        4016004 kB
MemFree:          126732 kB
Active:           350832 kB
Mem:          3.8G       3.7G       123M       5.7M        28M       3.2G

MemTotal:        4016004 kB
MemFree:          126732 kB
Active:           350844 kB
Mem:          3.8G       3.7G       123M       5.7M        28M       3.2G

MemTotal:        4016004 kB
MemFree:          126732 kB
Active:           350856 kB
Mem:          3.8G       3.7G       124M       5.7M        28M       3.2G

MemTotal:        4016004 kB
MemFree:          126732 kB
Active:           350828 kB
Mem:          3.8G       3.7G       123M       5.7M        28M       3.2G

MemTotal:        4016004 kB
MemFree:          126856 kB
Active:           350864 kB
Mem:          3.8G       3.7G       123M       5.7M        28M       3.2G

MemTotal:        4016004 kB
MemFree:          126856 kB
Active:           350876 kB
Mem:          3.8G       3.7G       123M       5.7M        28M       3.2G

MemTotal:        4016004 kB
MemFree:          126732 kB
Active:           350844 kB
Mem:          3.8G       3.7G       123M       5.7M        28M       3.2G

MemTotal:        4016004 kB
MemFree:          126856 kB
Active:           350880 kB
Mem:          3.8G       3.7G       123M       5.7M        28M       3.2G

MemTotal:        4016004 kB
MemFree:          126856 kB
Active:           350844 kB
Mem:          3.8G       3.7G       123M       5.7M        28M       3.2G

MemTotal:        4016004 kB
MemFree:          126872 kB
Active:           350880 kB
Mem:          3.8G       3.7G       123M       5.7M        28M       3.2G

MemTotal:        4016004 kB
MemFree:          126748 kB
Active:           350840 kB
Mem:          3.8G       3.7G       123M       5.7M        28M       3.2G

MemTotal:        4016004 kB
MemFree:          126624 kB
Active:           350848 kB
Mem:          3.8G       3.7G       123M       5.7M        28M       3.2G

MemTotal:        4016004 kB
MemFree:          126624 kB
Active:           350864 kB
Mem:          3.8G       3.7G       123M       5.7M        28M       3.2G

MemTotal:        4016004 kB
MemFree:          126748 kB
Active:           350876 kB
Mem:          3.8G       3.7G       123M       5.7M        28M       3.2G

MemTotal:        4016004 kB
MemFree:          126748 kB
Active:           350880 kB
Mem:          3.8G       3.7G       123M       5.7M        28M       3.2G

MemTotal:        4016004 kB
MemFree:          126624 kB
Active:           350852 kB
Mem:          3.8G       3.7G       123M       5.7M        28M       3.2G

MemTotal:        4016004 kB
MemFree:          126624 kB
Active:           350868 kB
Mem:          3.8G       3.7G       123M       5.7M        28M       3.2G

MemTotal:        4016004 kB
MemFree:          126748 kB
Active:           350884 kB
Mem:          3.8G       3.7G       123M       5.7M        28M       3.2G

MemTotal:        4016004 kB
MemFree:          126624 kB
Active:           350852 kB
Mem:          3.8G       3.7G       123M       5.7M        28M       3.2G

MemTotal:        4016004 kB
MemFree:          126252 kB
Active:           350928 kB
Mem:          3.8G       3.7G       123M       5.7M        28M       3.2G

MemTotal:        4016004 kB
MemFree:          126252 kB
Active:           350908 kB
Mem:          3.8G       3.7G       123M       5.7M        28M       3.2G

MemTotal:        4016004 kB
MemFree:          126376 kB
Active:           350872 kB
Mem:          3.8G       3.7G       123M       5.7M        28M       3.2G

MemTotal:        4016004 kB
MemFree:          126624 kB
Active:           350888 kB
Mem:          3.8G       3.7G       123M       5.7M        28M       3.2G

MemTotal:        4016004 kB
MemFree:          126624 kB
Active:           350916 kB
Mem:          3.8G       3.7G       123M       5.7M        28M       3.2G

MemTotal:        4016004 kB
MemFree:          126624 kB
Active:           350876 kB
Mem:          3.8G       3.7G       123M       5.7M        28M       3.2G

MemTotal:        4016004 kB
MemFree:          126624 kB
Active:           350916 kB
Mem:          3.8G       3.7G       123M       5.7M        28M       3.2G

MemTotal:        4016004 kB
MemFree:          126732 kB
Active:           350928 kB
Mem:          3.8G       3.7G       123M       5.7M        28M       3.2G

MemTotal:        4016004 kB
MemFree:          126608 kB
Active:           350920 kB
Mem:          3.8G       3.7G       123M       5.7M        28M       3.2G

MemTotal:        4016004 kB
MemFree:          126856 kB
Active:           350892 kB
Mem:          3.8G       3.7G       123M       5.7M        28M       3.2G

MemTotal:        4016004 kB
MemFree:          126856 kB
Active:           350900 kB
Mem:          3.8G       3.7G       123M       5.7M        28M       3.2G

MemTotal:        4016004 kB
MemFree:          126732 kB
Active:           350904 kB
Mem:          3.8G       3.7G       123M       5.7M        28M       3.2G

MemTotal:        4016004 kB
MemFree:          126732 kB
Active:           350924 kB
Mem:          3.8G       3.7G       123M       5.7M        28M       3.2G

MemTotal:        4016004 kB
MemFree:          126856 kB
Active:           350892 kB
Mem:          3.8G       3.7G       123M       5.7M        28M       3.2G

MemTotal:        4016004 kB
MemFree:          126684 kB
Active:           350936 kB
Mem:          3.8G       3.7G       123M       5.7M        28M       3.2G

MemTotal:        4016004 kB
MemFree:          126560 kB
Active:           350952 kB
Mem:          3.8G       3.7G       123M       5.7M        28M       3.2G

MemTotal:        4016004 kB
MemFree:          126096 kB
Active:           351124 kB
Mem:          3.8G       3.7G       122M       5.7M        28M       3.2G

MemTotal:        4016004 kB
MemFree:          125972 kB
Active:           351024 kB
Mem:          3.8G       3.7G       122M       5.7M        28M       3.2G

MemTotal:        4016004 kB
MemFree:          126080 kB
Active:           350988 kB
Mem:          3.8G       3.7G       123M       5.7M        28M       3.2G

MemTotal:        4016004 kB
MemFree:          126576 kB
Active:           351012 kB
Mem:          3.8G       3.7G       123M       5.7M        28M       3.2G

MemTotal:        4016004 kB
MemFree:          126468 kB
Active:           350984 kB
Mem:          3.8G       3.7G       123M       5.7M        28M       3.2G

MemTotal:        4016004 kB
MemFree:          126452 kB
Active:           351020 kB
Mem:          3.8G       3.7G       123M       5.7M        28M       3.2G

MemTotal:        4016004 kB
MemFree:          126048 kB
Active:           351040 kB
Mem:          3.8G       3.7G       123M       5.7M        28M       3.2G

MemTotal:        4016004 kB
MemFree:          126420 kB
Active:           350988 kB
Mem:          3.8G       3.7G       123M       5.7M        28M       3.2G

MemTotal:        4016004 kB
MemFree:          126172 kB
Active:           351024 kB
Mem:          3.8G       3.7G       123M       5.7M        28M       3.2G

MemTotal:        4016004 kB
MemFree:          126172 kB
Active:           350996 kB
Mem:          3.8G       3.7G       123M       5.7M        28M       3.2G

MemTotal:        4016004 kB
MemFree:          126420 kB
Active:           351012 kB
Mem:          3.8G       3.7G       123M       5.7M        28M       3.2G

MemTotal:        4016004 kB
MemFree:          126420 kB
Active:           351032 kB
Mem:          3.8G       3.7G       123M       5.7M        28M       3.2G

MemTotal:        4016004 kB
MemFree:          126544 kB
Active:           350872 kB
Mem:          3.8G       3.7G       123M       5.7M        28M       3.2G

MemTotal:        4016004 kB
MemFree:          126544 kB
Active:           350900 kB
Mem:          3.8G       3.7G       123M       5.7M        28M       3.2G

MemTotal:        4016004 kB
MemFree:          126544 kB
Active:           350912 kB
Mem:          3.8G       3.7G       123M       5.7M        28M       3.2G

MemTotal:        4016004 kB
MemFree:          126492 kB
Active:           351092 kB
Mem:          3.8G       3.7G       123M       5.7M        28M       3.2G

MemTotal:        4016004 kB
MemFree:          128020 kB
Active:           349188 kB
Mem:          3.8G       3.7G       125M       5.7M        28M       3.2G

MemTotal:        4016004 kB
MemFree:          127924 kB
Active:           349104 kB
Mem:          3.8G       3.7G       124M       5.7M        28M       3.2G

MemTotal:        4016004 kB
MemFree:          127800 kB
Active:           349104 kB
Mem:          3.8G       3.7G       124M       5.7M        28M       3.2G

MemTotal:        4016004 kB
MemFree:          128048 kB
Active:           349016 kB
Mem:          3.8G       3.7G       125M       5.7M        28M       3.2G

MemTotal:        4016004 kB
MemFree:          128468 kB
Active:           349096 kB
Mem:          3.8G       3.7G       125M       5.7M        28M       3.2G

MemTotal:        4016004 kB
MemFree:          128344 kB
Active:           349100 kB
Mem:          3.8G       3.7G       125M       5.7M        28M       3.2G

MemTotal:        4016004 kB
MemFree:          128344 kB
Active:           349040 kB
Mem:          3.8G       3.7G       125M       5.7M        28M       3.2G

MemTotal:        4016004 kB
MemFree:          128268 kB
Active:           349124 kB
Mem:          3.8G       3.7G       125M       5.7M        28M       3.2G

MemTotal:        4016004 kB
MemFree:          127892 kB
Active:           349012 kB
Mem:          3.8G       3.7G       124M       5.7M        28M       3.2G

MemTotal:        4016004 kB
MemFree:          127848 kB
Active:           349104 kB
Mem:          3.8G       3.7G       124M       5.7M        28M       3.2G

MemTotal:        4016004 kB
MemFree:          127832 kB
Active:           349012 kB
Mem:          3.8G       3.7G       124M       5.7M        28M       3.2G

MemTotal:        4016004 kB
MemFree:          128048 kB
Active:           349024 kB
Mem:          3.8G       3.7G       124M       5.7M        28M       3.2G

MemTotal:        4016004 kB
MemFree:          128048 kB
Active:           348992 kB
Mem:          3.8G       3.7G       124M       5.7M        28M       3.2G

MemTotal:        4016004 kB
MemFree:          127800 kB
Active:           349000 kB
Mem:          3.8G       3.7G       124M       5.7M        28M       3.2G

MemTotal:        4016004 kB
MemFree:          127972 kB
Active:           349124 kB
Mem:          3.8G       3.7G       124M       5.7M        28M       3.2G

MemTotal:        4016004 kB
MemFree:          127848 kB
Active:           349132 kB
Mem:          3.8G       3.7G       124M       5.7M        28M       3.2G

MemTotal:        4016004 kB
MemFree:          128096 kB
Active:           349136 kB
Mem:          3.8G       3.7G       125M       5.7M        28M       3.2G

MemTotal:        4016004 kB
MemFree:          128096 kB
Active:           349144 kB
Mem:          3.8G       3.7G       124M       5.7M        28M       3.2G

MemTotal:        4016004 kB
MemFree:          128220 kB
Active:           349140 kB
Mem:          3.8G       3.7G       124M       5.7M        28M       3.2G

MemTotal:        4016004 kB
MemFree:          128096 kB
Active:           349148 kB
Mem:          3.8G       3.7G       125M       5.7M        28M       3.2G

MemTotal:        4016004 kB
MemFree:          128096 kB
Active:           349144 kB
Mem:          3.8G       3.7G       125M       5.7M        28M       3.2G

MemTotal:        4016004 kB
MemFree:          128096 kB
Active:           349104 kB
Mem:          3.8G       3.7G       125M       5.7M        28M       3.2G

MemTotal:        4016004 kB
MemFree:          128220 kB
Active:           349128 kB
Mem:          3.8G       3.7G       125M       5.7M        28M       3.2G

MemTotal:        4016004 kB
MemFree:          127724 kB
Active:           349164 kB
Mem:          3.8G       3.7G       124M       5.7M        28M       3.2G

MemTotal:        4016004 kB
MemFree:          127848 kB
Active:           349108 kB
Mem:          3.8G       3.7G       124M       5.7M        28M       3.2G

MemTotal:        4016004 kB
MemFree:          127848 kB
Active:           349132 kB
Mem:          3.8G       3.7G       124M       5.7M        28M       3.2G

MemTotal:        4016004 kB
MemFree:          127724 kB
Active:           349116 kB
Mem:          3.8G       3.7G       124M       5.7M        28M       3.2G

MemTotal:        4016004 kB
MemFree:          127972 kB
Active:           349136 kB
Mem:          3.8G       3.7G       124M       5.7M        28M       3.2G

MemTotal:        4016004 kB
MemFree:          128096 kB
Active:           349116 kB
Mem:          3.8G       3.7G       124M       5.7M        28M       3.2G

MemTotal:        4016004 kB
MemFree:          127972 kB
Active:           349136 kB
Mem:          3.8G       3.7G       125M       5.7M        28M       3.2G

MemTotal:        4016004 kB
MemFree:          127972 kB
Active:           349148 kB
Mem:          3.8G       3.7G       125M       5.7M        28M       3.2G

MemTotal:        4016004 kB
MemFree:          127972 kB
Active:           349176 kB
Mem:          3.8G       3.7G       124M       5.7M        28M       3.2G

MemTotal:        4016004 kB
MemFree:          128096 kB
Active:           349140 kB
Mem:          3.8G       3.7G       124M       5.7M        28M       3.2G

MemTotal:        4016004 kB
MemFree:          128096 kB
Active:           349148 kB
Mem:          3.8G       3.7G       125M       5.7M        28M       3.2G

MemTotal:        4016004 kB
MemFree:          128096 kB
Active:           349152 kB
Mem:          3.8G       3.7G       124M       5.7M        28M       3.2G

MemTotal:        4016004 kB
MemFree:          128220 kB
Active:           349168 kB
Mem:          3.8G       3.7G       125M       5.7M        28M       3.2G

MemTotal:        4016004 kB
MemFree:          128096 kB
Active:           349128 kB
Mem:          3.8G       3.7G       125M       5.7M        28M       3.2G

MemTotal:        4016004 kB
MemFree:          128096 kB
Active:           349148 kB
Mem:          3.8G       3.7G       125M       5.7M        28M       3.2G

MemTotal:        4016004 kB
MemFree:          128096 kB
Active:           349164 kB
Mem:          3.8G       3.7G       125M       5.7M        28M       3.2G

MemTotal:        4016004 kB
MemFree:          128096 kB
Active:           349180 kB
Mem:          3.8G       3.7G       125M       5.7M        28M       3.2G

MemTotal:        4016004 kB
MemFree:          128096 kB
Active:           349176 kB
Mem:          3.8G       3.7G       124M       5.7M        28M       3.2G

MemTotal:        4016004 kB
MemFree:          128096 kB
Active:           349152 kB
Mem:          3.8G       3.7G       125M       5.7M        28M       3.2G

MemTotal:        4016004 kB
MemFree:          128096 kB
Active:           349184 kB
Mem:          3.8G       3.7G       124M       5.7M        28M       3.2G

MemTotal:        4016004 kB
MemFree:          128096 kB
Active:           349132 kB
Mem:          3.8G       3.7G       125M       5.7M        28M       3.2G

MemTotal:        4016004 kB
MemFree:          128220 kB
Active:           349152 kB
Mem:          3.8G       3.7G       125M       5.7M        28M       3.2G

MemTotal:        4016004 kB
MemFree:          128096 kB
Active:           349156 kB
Mem:          3.8G       3.7G       125M       5.7M        28M       3.2G

MemTotal:        4016004 kB
MemFree:          128096 kB
Active:           349164 kB
Mem:          3.8G       3.7G       124M       5.7M        28M       3.2G

MemTotal:        4016004 kB
MemFree:          128096 kB
Active:           349172 kB
Mem:          3.8G       3.7G       125M       5.7M        28M       3.2G

MemTotal:        4016004 kB
MemFree:          128220 kB
Active:           349188 kB
Mem:          3.8G       3.7G       125M       5.7M        28M       3.2G

MemTotal:        4016004 kB
MemFree:          127848 kB
Active:           349196 kB
Mem:          3.8G       3.7G       124M       5.7M        28M       3.2G

MemTotal:        4016004 kB
MemFree:          128096 kB
Active:           349160 kB
Mem:          3.8G       3.7G       124M       5.7M        28M       3.2G

MemTotal:        4016004 kB
MemFree:          127972 kB
Active:           349188 kB
Mem:          3.8G       3.7G       124M       5.7M        28M       3.2G

MemTotal:        4016004 kB
MemFree:          128096 kB
Active:           349156 kB
Mem:          3.8G       3.7G       124M       5.7M        28M       3.2G

MemTotal:        4016004 kB
MemFree:          127972 kB
Active:           349180 kB
Mem:          3.8G       3.7G       125M       5.7M        28M       3.2G

MemTotal:        4016004 kB
MemFree:          128096 kB
Active:           349200 kB
Mem:          3.8G       3.7G       124M       5.7M        28M       3.2G

MemTotal:        4016004 kB
MemFree:          127972 kB
Active:           349204 kB
Mem:          3.8G       3.7G       124M       5.7M        28M       3.2G

MemTotal:        4016004 kB
MemFree:          127972 kB
Active:           349172 kB
Mem:          3.8G       3.7G       124M       5.7M        28M       3.2G

MemTotal:        4016004 kB
MemFree:          127600 kB
Active:           349224 kB
Mem:          3.8G       3.7G       124M       5.7M        28M       3.2G

MemTotal:        4016004 kB
MemFree:          127476 kB
Active:           349172 kB
Mem:          3.8G       3.7G       124M       5.7M        28M       3.2G

MemTotal:        4016004 kB
MemFree:          127352 kB
Active:           349192 kB
Mem:          3.8G       3.7G       124M       5.7M        28M       3.2G

MemTotal:        4016004 kB
MemFree:          127848 kB
Active:           349212 kB
Mem:          3.8G       3.7G       124M       5.7M        28M       3.2G

MemTotal:        4016004 kB
MemFree:          127972 kB
Active:           349172 kB
Mem:          3.8G       3.7G       125M       5.7M        28M       3.2G

MemTotal:        4016004 kB
MemFree:          127972 kB
Active:           349192 kB
Mem:          3.8G       3.7G       125M       5.7M        28M       3.2G

MemTotal:        4016004 kB
MemFree:          128220 kB
Active:           349224 kB
Mem:          3.8G       3.7G       125M       5.7M        28M       3.2G

MemTotal:        4016004 kB
MemFree:          128096 kB
Active:           349180 kB
Mem:          3.8G       3.7G       125M       5.7M        28M       3.2G

MemTotal:        4016004 kB
MemFree:          128096 kB
Active:           349192 kB
Mem:          3.8G       3.7G       124M       5.7M        28M       3.2G

MemTotal:        4016004 kB
MemFree:          127848 kB
Active:           349204 kB
Mem:          3.8G       3.7G       124M       5.7M        28M       3.2G

MemTotal:        4016004 kB
MemFree:          127848 kB
Active:           349228 kB
Mem:          3.8G       3.7G       124M       5.7M        28M       3.2G

MemTotal:        4016004 kB
MemFree:          127848 kB
Active:           349224 kB
Mem:          3.8G       3.7G       125M       5.7M        28M       3.2G

MemTotal:        4016004 kB
MemFree:          127972 kB
Active:           349236 kB
Mem:          3.8G       3.7G       125M       5.7M        28M       3.2G

MemTotal:        4016004 kB
MemFree:          127972 kB
Active:           349260 kB
Mem:          3.8G       3.7G       125M       5.7M        28M       3.2G

MemTotal:        4016004 kB
MemFree:          127972 kB
Active:           349260 kB
Mem:          3.8G       3.7G       124M       5.7M        28M       3.2G

MemTotal:        4016004 kB
MemFree:          127848 kB
Active:           349264 kB
Mem:          3.8G       3.7G       124M       5.7M        28M       3.2G

MemTotal:        4016004 kB
MemFree:          127972 kB
Active:           349216 kB
Mem:          3.8G       3.7G       124M       5.7M        28M       3.2G

MemTotal:        4016004 kB
MemFree:          127848 kB
Active:           349216 kB
Mem:          3.8G       3.7G       124M       5.7M        28M       3.2G

MemTotal:        4016004 kB
MemFree:          127972 kB
Active:           349220 kB
Mem:          3.8G       3.7G       124M       5.7M        28M       3.2G

MemTotal:        4016004 kB
MemFree:          127848 kB
Active:           349228 kB
Mem:          3.8G       3.7G       124M       5.7M        28M       3.2G

MemTotal:        4016004 kB
MemFree:          125924 kB
Active:           349220 kB
Mem:          3.8G       3.7G       122M       5.7M        28M       3.2G

MemTotal:        4016004 kB
MemFree:          126048 kB
Active:           351280 kB
Mem:          3.8G       3.7G       123M       5.7M        28M       3.2G

MemTotal:        4016004 kB
MemFree:          126048 kB
Active:           351304 kB
Mem:          3.8G       3.7G       123M       5.7M        28M       3.2G

MemTotal:        4016004 kB
MemFree:          125924 kB
Active:           351268 kB
Mem:          3.8G       3.7G       123M       5.7M        28M       3.2G

MemTotal:        4016004 kB
MemFree:          126048 kB
Active:           351312 kB
Mem:          3.8G       3.7G       122M       5.7M        28M       3.2G

MemTotal:        4016004 kB
MemFree:          126048 kB
Active:           351280 kB
Mem:          3.8G       3.7G       122M       5.7M        28M       3.2G

MemTotal:        4016004 kB
MemFree:          125924 kB
Active:           351300 kB
Mem:          3.8G       3.7G       122M       5.7M        28M       3.2G

MemTotal:        4016004 kB
MemFree:          126048 kB
Active:           351312 kB
Mem:          3.8G       3.7G       123M       5.7M        28M       3.2G

MemTotal:        4016004 kB
MemFree:          126048 kB
Active:           351284 kB
Mem:          3.8G       3.7G       122M       5.7M        28M       3.2G

MemTotal:        4016004 kB
MemFree:          125924 kB
Active:           351300 kB
Mem:          3.8G       3.7G       123M       5.7M        28M       3.2G

MemTotal:        4016004 kB
MemFree:          125924 kB
Active:           351316 kB
Mem:          3.8G       3.7G       123M       5.7M        28M       3.2G

MemTotal:        4016004 kB
MemFree:          126172 kB
Active:           351280 kB
Mem:          3.8G       3.7G       122M       5.7M        28M       3.2G

MemTotal:        4016004 kB
MemFree:          126048 kB
Active:           351292 kB
Mem:          3.8G       3.7G       123M       5.7M        28M       3.2G

MemTotal:        4016004 kB
MemFree:          126048 kB
Active:           351312 kB
Mem:          3.8G       3.7G       122M       5.7M        28M       3.2G

MemTotal:        4016004 kB
MemFree:          126048 kB
Active:           351288 kB
Mem:          3.8G       3.7G       122M       5.7M        28M       3.2G

MemTotal:        4016004 kB
MemFree:          126048 kB
Active:           351308 kB
Mem:          3.8G       3.7G       122M       5.7M        28M       3.2G

MemTotal:        4016004 kB
MemFree:          125304 kB
Active:           351332 kB
Mem:          3.8G       3.7G       122M       5.7M        28M       3.2G

MemTotal:        4016004 kB
MemFree:          125428 kB
Active:           351328 kB
Mem:          3.8G       3.7G       122M       5.7M        28M       3.2G

MemTotal:        4016004 kB
MemFree:          125428 kB
Active:           351296 kB
Mem:          3.8G       3.7G       122M       5.7M        28M       3.2G

MemTotal:        4016004 kB
MemFree:          125428 kB
Active:           351276 kB
Mem:          3.8G       3.7G       122M       5.7M        28M       3.2G

MemTotal:        4016004 kB
MemFree:          125304 kB
Active:           351304 kB
Mem:          3.8G       3.7G       122M       5.7M        28M       3.2G

MemTotal:        4016004 kB
MemFree:          125428 kB
Active:           351312 kB
Mem:          3.8G       3.7G       122M       5.7M        28M       3.2G

MemTotal:        4016004 kB
MemFree:          125924 kB
Active:           351328 kB
Mem:          3.8G       3.7G       122M       5.7M        28M       3.2G

MemTotal:        4016004 kB
MemFree:          125800 kB
Active:           351292 kB
Mem:          3.8G       3.7G       122M       5.7M        28M       3.2G

MemTotal:        4016004 kB
MemFree:          126048 kB
Active:           351312 kB
Mem:          3.8G       3.7G       122M       5.7M        28M       3.2G

MemTotal:        4016004 kB
MemFree:          125924 kB
Active:           351276 kB
Mem:          3.8G       3.7G       123M       5.7M        28M       3.2G

MemTotal:        4016004 kB
MemFree:          125972 kB
Active:           351128 kB
Mem:          3.8G       3.7G       123M       5.7M        28M       3.2G

MemTotal:        4016004 kB
MemFree:          125848 kB
Active:           351132 kB
Mem:          3.8G       3.7G       122M       5.7M        28M       3.2G

MemTotal:        4016004 kB
MemFree:          125848 kB
Active:           351124 kB
Mem:          3.8G       3.7G       122M       5.7M        28M       3.2G

MemTotal:        4016004 kB
MemFree:          125848 kB
Active:           351080 kB
Mem:          3.8G       3.7G       122M       5.7M        28M       3.2G

MemTotal:        4016004 kB
MemFree:          125724 kB
Active:           351128 kB
Mem:          3.8G       3.7G       122M       5.7M        28M       3.2G

MemTotal:        4016004 kB
MemFree:          125368 kB
Active:           351080 kB
Mem:          3.8G       3.7G       122M       5.7M        28M       3.2G

MemTotal:        4016004 kB
MemFree:          125120 kB
Active:           351104 kB
Mem:          3.8G       3.7G       122M       5.7M        28M       3.2G

MemTotal:        4016004 kB
MemFree:          125492 kB
Active:           351140 kB
Mem:          3.8G       3.7G       122M       5.7M        28M       3.2G

MemTotal:        4016004 kB
MemFree:          125120 kB
Active:           351152 kB
Mem:          3.8G       3.7G       122M       5.7M        28M       3.2G

MemTotal:        4016004 kB
MemFree:          125368 kB
Active:           351136 kB
Mem:          3.8G       3.7G       122M       5.7M        28M       3.2G

MemTotal:        4016004 kB
MemFree:          125588 kB
Active:           351148 kB
Mem:          3.8G       3.7G       122M       5.7M        28M       3.2G

MemTotal:        4016004 kB
MemFree:          125092 kB
Active:           351156 kB
Mem:          3.8G       3.7G       122M       5.7M        28M       3.2G

MemTotal:        4016004 kB
MemFree:          125216 kB
Active:           351140 kB
Mem:          3.8G       3.7G       122M       5.7M        28M       3.2G

MemTotal:        4016004 kB
MemFree:          125092 kB
Active:           351108 kB
Mem:          3.8G       3.7G       122M       5.7M        28M       3.2G

MemTotal:        4016004 kB
MemFree:          125340 kB
Active:           351128 kB
Mem:          3.8G       3.7G       122M       5.7M        28M       3.2G

MemTotal:        4016004 kB
MemFree:          125216 kB
Active:           351136 kB
Mem:          3.8G       3.7G       122M       5.7M        28M       3.2G

MemTotal:        4016004 kB
MemFree:          125340 kB
Active:           351144 kB
Mem:          3.8G       3.7G       122M       5.7M        28M       3.2G

MemTotal:        4016004 kB
MemFree:          125340 kB
Active:           351108 kB
Mem:          3.8G       3.7G       122M       5.7M        28M       3.2G

MemTotal:        4016004 kB
MemFree:          124968 kB
Active:           351164 kB
Mem:          3.8G       3.7G       122M       5.7M        28M       3.2G

MemTotal:        4016004 kB
MemFree:          125216 kB
Active:           351164 kB
Mem:          3.8G       3.7G       122M       5.7M        28M       3.2G

MemTotal:        4016004 kB
MemFree:          125464 kB
Active:           351140 kB
Mem:          3.8G       3.7G       122M       5.7M        28M       3.2G

MemTotal:        4016004 kB
MemFree:          125464 kB
Active:           351152 kB
Mem:          3.8G       3.7G       122M       5.7M        28M       3.2G

MemTotal:        4016004 kB
MemFree:          125216 kB
Active:           351120 kB
Mem:          3.8G       3.7G       121M       5.7M        28M       3.2G

MemTotal:        4016004 kB
MemFree:          124720 kB
Active:           351180 kB
Mem:          3.8G       3.7G       122M       5.7M        28M       3.2G

MemTotal:        4016004 kB
MemFree:          125464 kB
Active:           351128 kB
Mem:          3.8G       3.7G       122M       5.7M        28M       3.2G

MemTotal:        4016004 kB
MemFree:          125712 kB
Active:           351136 kB
Mem:          3.8G       3.7G       122M       5.7M        28M       3.2G

MemTotal:        4016004 kB
MemFree:          125216 kB
Active:           351184 kB
Mem:          3.8G       3.7G       122M       5.7M        28M       3.2G

MemTotal:        4016004 kB
MemFree:          125216 kB
Active:           351148 kB
Mem:          3.8G       3.7G       122M       5.7M        28M       3.2G

MemTotal:        4016004 kB
MemFree:          125092 kB
Active:           351156 kB
