MemTotal:        4016004 kB
MemFree:         3257000 kB
Active:           406196 kB
Mem:          3.8G       741M       3.1G       5.7M        50M       319M

MemTotal:        4016004 kB
MemFree:         3257180 kB
Active:           406168 kB
Mem:          3.8G       740M       3.1G       5.7M        50M       319M

MemTotal:        4016004 kB
MemFree:         3257536 kB
Active:           406240 kB
Mem:          3.8G       740M       3.1G       5.7M        50M       319M

MemTotal:        4016004 kB
MemFree:         3257272 kB
Active:           406288 kB
Mem:          3.8G       740M       3.1G       5.7M        50M       319M

MemTotal:        4016004 kB
MemFree:         3257348 kB
Active:           406264 kB
Mem:          3.8G       740M       3.1G       5.7M        50M       319M

MemTotal:        4016004 kB
MemFree:         3257440 kB
Active:           406276 kB
Mem:          3.8G       740M       3.1G       5.7M        50M       319M

MemTotal:        4016004 kB
MemFree:         3257424 kB
Active:           406260 kB
Mem:          3.8G       740M       3.1G       5.7M        50M       319M

MemTotal:        4016004 kB
MemFree:         3256912 kB
Active:           406296 kB
Mem:          3.8G       741M       3.1G       5.7M        50M       319M

MemTotal:        4016004 kB
MemFree:         3257376 kB
Active:           406288 kB
Mem:          3.8G       740M       3.1G       5.7M        50M       319M

MemTotal:        4016004 kB
MemFree:         3257484 kB
Active:           406288 kB
Mem:          3.8G       740M       3.1G       5.7M        50M       319M

MemTotal:        4016004 kB
MemFree:         3258088 kB
Active:           406244 kB
Mem:          3.8G       740M       3.1G       5.7M        50M       319M

MemTotal:        4016004 kB
MemFree:         3257840 kB
Active:           406264 kB
Mem:          3.8G       740M       3.1G       5.7M        50M       319M

MemTotal:        4016004 kB
MemFree:         3257532 kB
Active:           406304 kB
Mem:          3.8G       740M       3.1G       5.7M        50M       319M

MemTotal:        4016004 kB
MemFree:         3257564 kB
Active:           406252 kB
Mem:          3.8G       740M       3.1G       5.7M        50M       319M

MemTotal:        4016004 kB
MemFree:         3257688 kB
Active:           406280 kB
Mem:          3.8G       740M       3.1G       5.7M        50M       319M

MemTotal:        4016004 kB
MemFree:         3257564 kB
Active:           406252 kB
Mem:          3.8G       740M       3.1G       5.7M        50M       319M

MemTotal:        4016004 kB
MemFree:         3257192 kB
Active:           406308 kB
Mem:          3.8G       740M       3.1G       5.7M        50M       319M

MemTotal:        4016004 kB
MemFree:         3256944 kB
Active:           406308 kB
Mem:          3.8G       741M       3.1G       5.7M        50M       319M

MemTotal:        4016004 kB
MemFree:         3256944 kB
Active:           406308 kB
Mem:          3.8G       741M       3.1G       5.7M        50M       319M

MemTotal:        4016004 kB
MemFree:         3257084 kB
Active:           406288 kB
Mem:          3.8G       741M       3.1G       5.7M        50M       319M

MemTotal:        4016004 kB
MemFree:         3256820 kB
Active:           406316 kB
Mem:          3.8G       741M       3.1G       5.7M        50M       319M

MemTotal:        4016004 kB
MemFree:         3257068 kB
Active:           406276 kB
Mem:          3.8G       741M       3.1G       5.7M        50M       319M

MemTotal:        4016004 kB
MemFree:         3256912 kB
Active:           406316 kB
Mem:          3.8G       741M       3.1G       5.7M        50M       319M

MemTotal:        4016004 kB
MemFree:         3256648 kB
Active:           404268 kB
Mem:          3.8G       741M       3.1G       5.7M        50M       319M

MemTotal:        4016004 kB
MemFree:         3257236 kB
Active:           406276 kB
Mem:          3.8G       740M       3.1G       5.7M        50M       319M

MemTotal:        4016004 kB
MemFree:         3257332 kB
Active:           406284 kB
Mem:          3.8G       741M       3.1G       5.7M        50M       319M

MemTotal:        4016004 kB
MemFree:         3256960 kB
Active:           406316 kB
Mem:          3.8G       741M       3.1G       5.7M        50M       319M

MemTotal:        4016004 kB
MemFree:         3257208 kB
Active:           406276 kB
Mem:          3.8G       741M       3.1G       5.7M        50M       319M

MemTotal:        4016004 kB
MemFree:         3257704 kB
Active:           406276 kB
Mem:          3.8G       740M       3.1G       5.7M        50M       319M

MemTotal:        4016004 kB
MemFree:         3257332 kB
Active:           406320 kB
Mem:          3.8G       741M       3.1G       5.7M        50M       319M

MemTotal:        4016004 kB
MemFree:         3257828 kB
Active:           406288 kB
Mem:          3.8G       740M       3.1G       5.7M        50M       319M

MemTotal:        4016004 kB
MemFree:         3257688 kB
Active:           406276 kB
Mem:          3.8G       740M       3.1G       5.7M        50M       319M

MemTotal:        4016004 kB
MemFree:         3257176 kB
Active:           406320 kB
Mem:          3.8G       741M       3.1G       5.7M        50M       319M

MemTotal:        4016004 kB
MemFree:         3256524 kB
Active:           404272 kB
Mem:          3.8G       741M       3.1G       5.7M        50M       319M

MemTotal:        4016004 kB
MemFree:         3256880 kB
Active:           406272 kB
Mem:          3.8G       741M       3.1G       5.7M        50M       319M

MemTotal:        4016004 kB
MemFree:         3256696 kB
Active:           406328 kB
Mem:          3.8G       741M       3.1G       5.7M        50M       319M

MemTotal:        4016004 kB
MemFree:         3256696 kB
Active:           406332 kB
Mem:          3.8G       741M       3.1G       5.7M        50M       319M

MemTotal:        4016004 kB
MemFree:         3257192 kB
Active:           406300 kB
Mem:          3.8G       740M       3.1G       5.7M        50M       319M

MemTotal:        4016004 kB
MemFree:         3257564 kB
Active:           406324 kB
Mem:          3.8G       740M       3.1G       5.7M        50M       319M

MemTotal:        4016004 kB
MemFree:         3257688 kB
Active:           406296 kB
Mem:          3.8G       740M       3.1G       5.7M        50M       319M

MemTotal:        4016004 kB
MemFree:         3257068 kB
Active:           406324 kB
Mem:          3.8G       741M       3.1G       5.7M        50M       319M

MemTotal:        4016004 kB
MemFree:         3257564 kB
Active:           406304 kB
Mem:          3.8G       740M       3.1G       5.7M        50M       319M

MemTotal:        4016004 kB
MemFree:         3257300 kB
Active:           406332 kB
Mem:          3.8G       740M       3.1G       5.7M        50M       319M

MemTotal:        4016004 kB
MemFree:         3254988 kB
Active:           406276 kB
Mem:          3.8G       743M       3.1G       5.7M        50M       319M

MemTotal:        4016004 kB
MemFree:         3255236 kB
Active:           408344 kB
Mem:          3.8G       742M       3.1G       5.7M        50M       319M

MemTotal:        4016004 kB
MemFree:         3255716 kB
Active:           408372 kB
Mem:          3.8G       742M       3.1G       5.7M        50M       319M

MemTotal:        4016004 kB
MemFree:         3255204 kB
Active:           408376 kB
Mem:          3.8G       742M       3.1G       5.7M        50M       319M

MemTotal:        4016004 kB
MemFree:         3255700 kB
Active:           408348 kB
Mem:          3.8G       742M       3.1G       5.7M        50M       319M

MemTotal:        4016004 kB
MemFree:         3255640 kB
Active:           408376 kB
Mem:          3.8G       742M       3.1G       5.7M        50M       319M

MemTotal:        4016004 kB
MemFree:         3255764 kB
Active:           408348 kB
Mem:          3.8G       742M       3.1G       5.7M        50M       319M

MemTotal:        4016004 kB
MemFree:         3255392 kB
Active:           408396 kB
Mem:          3.8G       742M       3.1G       5.7M        50M       319M

MemTotal:        4016004 kB
MemFree:         3255640 kB
Active:           408364 kB
Mem:          3.8G       742M       3.1G       5.7M        50M       319M

MemTotal:        4016004 kB
MemFree:         3255640 kB
Active:           408396 kB
Mem:          3.8G       742M       3.1G       5.7M        50M       319M

MemTotal:        4016004 kB
MemFree:         3255144 kB
Active:           408372 kB
Mem:          3.8G       743M       3.1G       5.7M        50M       319M

MemTotal:        4016004 kB
MemFree:         3255252 kB
Active:           408368 kB
Mem:          3.8G       743M       3.1G       5.7M        50M       319M

MemTotal:        4016004 kB
MemFree:         3255112 kB
Active:           408368 kB
Mem:          3.8G       743M       3.1G       5.7M        50M       319M

MemTotal:        4016004 kB
MemFree:         3255592 kB
Active:           408392 kB
Mem:          3.8G       742M       3.1G       5.7M        50M       319M

MemTotal:        4016004 kB
MemFree:         3255576 kB
Active:           408384 kB
Mem:          3.8G       742M       3.1G       5.7M        50M       319M

MemTotal:        4016004 kB
MemFree:         3255624 kB
Active:           408424 kB
Mem:          3.8G       742M       3.1G       5.7M        50M       319M

MemTotal:        4016004 kB
MemFree:         3255748 kB
Active:           408396 kB
Mem:          3.8G       742M       3.1G       5.7M        50M       319M

MemTotal:        4016004 kB
MemFree:         3255252 kB
Active:           408428 kB
Mem:          3.8G       742M       3.1G       5.7M        50M       319M

MemTotal:        4016004 kB
MemFree:         3255624 kB
Active:           408416 kB
Mem:          3.8G       742M       3.1G       5.7M        50M       319M

MemTotal:        4016004 kB
MemFree:         3255748 kB
Active:           408404 kB
Mem:          3.8G       742M       3.1G       5.7M        50M       319M

MemTotal:        4016004 kB
MemFree:         3255500 kB
Active:           408412 kB
Mem:          3.8G       742M       3.1G       5.7M        50M       319M

MemTotal:        4016004 kB
MemFree:         3254816 kB
Active:           408436 kB
Mem:          3.8G       743M       3.1G       5.7M        50M       319M

MemTotal:        4016004 kB
MemFree:         3255344 kB
Active:           408432 kB
Mem:          3.8G       743M       3.1G       5.7M        50M       319M

MemTotal:        4016004 kB
MemFree:         3254832 kB
Active:           408436 kB
Mem:          3.8G       743M       3.1G       5.7M        50M       319M

MemTotal:        4016004 kB
MemFree:         3254940 kB
Active:           408428 kB
Mem:          3.8G       743M       3.1G       5.7M        50M       319M

MemTotal:        4016004 kB
MemFree:         3255064 kB
Active:           408432 kB
Mem:          3.8G       743M       3.1G       5.7M        50M       319M

MemTotal:        4016004 kB
MemFree:         3255004 kB
Active:           408432 kB
Mem:          3.8G       743M       3.1G       5.7M        50M       319M

MemTotal:        4016004 kB
MemFree:         3255252 kB
Active:           408404 kB
Mem:          3.8G       743M       3.1G       5.7M        50M       319M

MemTotal:        4016004 kB
MemFree:         3255376 kB
Active:           408388 kB
Mem:          3.8G       742M       3.1G       5.7M        50M       319M

MemTotal:        4016004 kB
MemFree:         3254816 kB
Active:           406404 kB
Mem:          3.8G       743M       3.1G       5.7M        50M       319M

MemTotal:        4016004 kB
MemFree:         3255064 kB
Active:           408408 kB
Mem:          3.8G       743M       3.1G       5.7M        50M       319M

MemTotal:        4016004 kB
MemFree:         3255064 kB
Active:           408424 kB
Mem:          3.8G       743M       3.1G       5.7M        50M       319M

MemTotal:        4016004 kB
MemFree:         3255048 kB
Active:           408408 kB
Mem:          3.8G       743M       3.1G       5.7M        50M       319M

MemTotal:        4016004 kB
MemFree:         3254908 kB
Active:           408440 kB
Mem:          3.8G       743M       3.1G       5.7M        50M       319M

MemTotal:        4016004 kB
MemFree:         3254892 kB
Active:           408428 kB
Mem:          3.8G       743M       3.1G       5.7M        50M       319M

MemTotal:        4016004 kB
MemFree:         3254504 kB
Active:           408452 kB
Mem:          3.8G       743M       3.1G       5.7M        50M       319M

MemTotal:        4016004 kB
MemFree:         3254816 kB
Active:           408460 kB
Mem:          3.8G       743M       3.1G       5.7M        50M       319M

MemTotal:        4016004 kB
MemFree:         3255188 kB
Active:           408412 kB
Mem:          3.8G       743M       3.1G       5.7M        50M       319M

MemTotal:        4016004 kB
MemFree:         3255312 kB
Active:           408440 kB
Mem:          3.8G       743M       3.1G       5.7M        50M       319M

MemTotal:        4016004 kB
MemFree:         3255240 kB
Active:           406448 kB
Mem:          3.8G       743M       3.1G       5.7M        50M       319M

MemTotal:        4016004 kB
MemFree:         3254992 kB
Active:           408524 kB
Mem:          3.8G       743M       3.1G       5.7M        50M       319M

MemTotal:        4016004 kB
MemFree:         3255240 kB
Active:           408512 kB
Mem:          3.8G       743M       3.1G       5.7M        50M       319M

MemTotal:        4016004 kB
MemFree:         3254868 kB
Active:           408500 kB
Mem:          3.8G       743M       3.1G       5.7M        50M       319M

MemTotal:        4016004 kB
MemFree:         3255084 kB
Active:           408508 kB
Mem:          3.8G       743M       3.1G       5.7M        50M       319M

MemTotal:        4016004 kB
MemFree:         3254572 kB
Active:           408552 kB
Mem:          3.8G       743M       3.1G       5.7M        50M       319M

MemTotal:        4016004 kB
MemFree:         3254928 kB
Active:           408512 kB
Mem:          3.8G       743M       3.1G       5.7M        50M       319M

MemTotal:        4016004 kB
MemFree:         3255036 kB
Active:           408556 kB
Mem:          3.8G       743M       3.1G       5.7M        50M       319M

MemTotal:        4016004 kB
MemFree:         3254772 kB
Active:           408560 kB
Mem:          3.8G       743M       3.1G       5.7M        50M       319M

MemTotal:        4016004 kB
MemFree:         3254480 kB
Active:           408564 kB
Mem:          3.8G       743M       3.1G       5.7M        50M       319M

MemTotal:        4016004 kB
MemFree:         3252920 kB
Active:           406548 kB
Mem:          3.8G       744M       3.1G       5.7M        50M       319M

MemTotal:        4016004 kB
MemFree:         3253168 kB
Active:           410636 kB
Mem:          3.8G       744M       3.1G       5.7M        50M       319M

MemTotal:        4016004 kB
MemFree:         3252796 kB
Active:           410672 kB
Mem:          3.8G       745M       3.1G       5.7M        50M       319M

MemTotal:        4016004 kB
MemFree:         3253044 kB
Active:           410660 kB
Mem:          3.8G       745M       3.1G       5.7M        50M       319M

MemTotal:        4016004 kB
MemFree:         3253276 kB
Active:           410664 kB
Mem:          3.8G       744M       3.1G       5.7M        50M       319M

MemTotal:        4016004 kB
MemFree:         3253260 kB
Active:           410632 kB
Mem:          3.8G       745M       3.1G       5.7M        50M       319M

MemTotal:        4016004 kB
MemFree:         3252624 kB
Active:           410676 kB
Mem:          3.8G       745M       3.1G       5.7M        50M       319M

MemTotal:        4016004 kB
MemFree:         3252856 kB
Active:           410648 kB
Mem:          3.8G       745M       3.1G       5.7M        50M       319M

MemTotal:        4016004 kB
MemFree:         3252640 kB
Active:           410784 kB
Mem:          3.8G       745M       3.1G       5.7M        50M       319M

MemTotal:        4016004 kB
MemFree:         3207712 kB
Active:           411312 kB
Mem:          3.8G       790M       3.1G       5.7M        50M       362M

MemTotal:        4016004 kB
MemFree:         3159628 kB
Active:           411368 kB
Mem:          3.8G       836M       3.0G       5.7M        51M       408M

MemTotal:        4016004 kB
MemFree:         3111404 kB
Active:           411392 kB
Mem:          3.8G       883M       3.0G       5.7M        51M       455M

MemTotal:        4016004 kB
MemFree:         3063676 kB
Active:           411412 kB
Mem:          3.8G       930M       2.9G       5.7M        51M       501M

MemTotal:        4016004 kB
MemFree:         3015204 kB
Active:           411408 kB
Mem:          3.8G       977M       2.9G       5.7M        51M       547M

MemTotal:        4016004 kB
MemFree:         2966872 kB
Active:           411460 kB
Mem:          3.8G       1.0G       2.8G       5.7M        51M       594M

MemTotal:        4016004 kB
MemFree:         2917408 kB
Active:           411484 kB
Mem:          3.8G       1.0G       2.8G       5.7M        51M       642M

MemTotal:        4016004 kB
MemFree:         2867784 kB
Active:           411528 kB
Mem:          3.8G       1.1G       2.7G       5.7M        51M       688M

MemTotal:        4016004 kB
MemFree:         2819032 kB
Active:           411544 kB
Mem:          3.8G       1.1G       2.7G       5.7M        51M       736M

MemTotal:        4016004 kB
MemFree:         2795488 kB
Active:           411568 kB
Mem:          3.8G       1.2G       2.7G       5.7M        51M       758M

MemTotal:        4016004 kB
MemFree:         2759324 kB
Active:           411624 kB
Mem:          3.8G       1.2G       2.6G       5.7M        51M       793M

MemTotal:        4016004 kB
MemFree:         2710496 kB
Active:           411692 kB
Mem:          3.8G       1.2G       2.6G       5.7M        51M       840M

MemTotal:        4016004 kB
MemFree:         2696900 kB
Active:           411712 kB
Mem:          3.8G       1.3G       2.6G       5.7M        51M       853M

MemTotal:        4016004 kB
MemFree:         2685836 kB
Active:           411740 kB
Mem:          3.8G       1.3G       2.6G       5.7M        51M       863M

MemTotal:        4016004 kB
MemFree:         2636812 kB
Active:           411764 kB
Mem:          3.8G       1.3G       2.5G       5.7M        51M       911M

MemTotal:        4016004 kB
MemFree:         2621812 kB
Active:           411772 kB
Mem:          3.8G       1.3G       2.5G       5.7M        51M       925M

MemTotal:        4016004 kB
MemFree:         2573652 kB
Active:           411800 kB
Mem:          3.8G       1.4G       2.5G       5.7M        51M       972M

MemTotal:        4016004 kB
MemFree:         2525056 kB
Active:           411820 kB
Mem:          3.8G       1.4G       2.4G       5.7M        51M       1.0G

MemTotal:        4016004 kB
MemFree:         2475344 kB
Active:           411848 kB
Mem:          3.8G       1.5G       2.4G       5.7M        51M       1.0G

MemTotal:        4016004 kB
MemFree:         2426640 kB
Active:           411876 kB
Mem:          3.8G       1.5G       2.3G       5.7M        51M       1.1G

MemTotal:        4016004 kB
MemFree:         2377548 kB
Active:           411908 kB
Mem:          3.8G       1.6G       2.3G       5.7M        51M       1.1G

MemTotal:        4016004 kB
MemFree:         2329288 kB
Active:           411932 kB
Mem:          3.8G       1.6G       2.2G       5.7M        51M       1.2G

MemTotal:        4016004 kB
MemFree:         2280196 kB
Active:           411952 kB
Mem:          3.8G       1.7G       2.2G       5.7M        51M       1.2G

MemTotal:        4016004 kB
MemFree:         2241020 kB
Active:           411976 kB
Mem:          3.8G       1.7G       2.1G       5.7M        51M       1.3G

MemTotal:        4016004 kB
MemFree:         2227304 kB
Active:           411964 kB
Mem:          3.8G       1.7G       2.1G       5.7M        51M       1.3G

MemTotal:        4016004 kB
MemFree:         2227268 kB
Active:           411976 kB
Mem:          3.8G       1.7G       2.1G       5.7M        51M       1.3G

MemTotal:        4016004 kB
MemFree:         2227396 kB
Active:           412024 kB
Mem:          3.8G       1.7G       2.1G       5.7M        51M       1.3G

MemTotal:        4016004 kB
MemFree:         2202816 kB
Active:           412020 kB
Mem:          3.8G       1.7G       2.1G       5.7M        51M       1.3G

MemTotal:        4016004 kB
MemFree:         2153772 kB
Active:           412044 kB
Mem:          3.8G       1.8G       2.1G       5.7M        51M       1.3G

MemTotal:        4016004 kB
MemFree:         2104804 kB
Active:           412064 kB
Mem:          3.8G       1.8G       2.0G       5.7M        51M       1.4G

MemTotal:        4016004 kB
MemFree:         2057076 kB
Active:           412096 kB
Mem:          3.8G       1.9G       2.0G       5.7M        51M       1.4G

MemTotal:        4016004 kB
MemFree:         2008480 kB
Active:           412116 kB
Mem:          3.8G       1.9G       1.9G       5.7M        51M       1.5G

MemTotal:        4016004 kB
MemFree:         1959280 kB
Active:           412164 kB
Mem:          3.8G       2.0G       1.9G       5.7M        51M       1.5G

MemTotal:        4016004 kB
MemFree:         1911056 kB
Active:           412184 kB
Mem:          3.8G       2.0G       1.8G       5.7M        51M       1.6G

MemTotal:        4016004 kB
MemFree:         1862024 kB
Active:           412216 kB
Mem:          3.8G       2.1G       1.8G       5.7M        51M       1.6G

MemTotal:        4016004 kB
MemFree:         1813028 kB
Active:           412240 kB
Mem:          3.8G       2.1G       1.7G       5.7M        51M       1.7G

MemTotal:        4016004 kB
MemFree:         1781220 kB
Active:           412264 kB
Mem:          3.8G       2.1G       1.7G       5.7M        51M       1.7G

MemTotal:        4016004 kB
MemFree:         1732624 kB
Active:           412300 kB
Mem:          3.8G       2.2G       1.7G       5.7M        51M       1.7G

MemTotal:        4016004 kB
MemFree:         1683544 kB
Active:           412320 kB
Mem:          3.8G       2.2G       1.6G       5.7M        51M       1.8G

MemTotal:        4016004 kB
MemFree:         1667224 kB
Active:           412336 kB
Mem:          3.8G       2.2G       1.6G       5.7M        51M       1.8G

MemTotal:        4016004 kB
MemFree:         1619188 kB
Active:           412360 kB
Mem:          3.8G       2.3G       1.5G       5.7M        51M       1.8G

MemTotal:        4016004 kB
MemFree:         1605200 kB
Active:           412380 kB
Mem:          3.8G       2.3G       1.5G       5.7M        51M       1.9G

MemTotal:        4016004 kB
MemFree:         1557788 kB
Active:           412400 kB
Mem:          3.8G       2.3G       1.5G       5.7M        51M       1.9G

MemTotal:        4016004 kB
MemFree:         1512968 kB
Active:           412424 kB
Mem:          3.8G       2.4G       1.4G       5.7M        51M       1.9G

MemTotal:        4016004 kB
MemFree:         1513120 kB
Active:           412436 kB
Mem:          3.8G       2.4G       1.4G       5.7M        51M       1.9G

MemTotal:        4016004 kB
MemFree:         1463880 kB
Active:           412448 kB
Mem:          3.8G       2.4G       1.4G       5.7M        51M       2.0G

MemTotal:        4016004 kB
MemFree:         1415036 kB
Active:           412476 kB
Mem:          3.8G       2.5G       1.3G       5.7M        51M       2.0G

MemTotal:        4016004 kB
MemFree:         1366580 kB
Active:           412500 kB
Mem:          3.8G       2.5G       1.3G       5.7M        51M       2.1G

MemTotal:        4016004 kB
MemFree:         1317488 kB
Active:           412520 kB
Mem:          3.8G       2.6G       1.3G       5.7M        52M       2.1G

MemTotal:        4016004 kB
MemFree:         1269512 kB
Active:           412552 kB
Mem:          3.8G       2.6G       1.2G       5.7M        52M       2.2G

MemTotal:        4016004 kB
MemFree:         1239704 kB
Active:           412576 kB
Mem:          3.8G       2.6G       1.2G       5.7M        52M       2.2G

MemTotal:        4016004 kB
MemFree:         1190736 kB
Active:           412608 kB
Mem:          3.8G       2.7G       1.1G       5.7M        52M       2.2G

MemTotal:        4016004 kB
MemFree:         1161460 kB
Active:           412660 kB
Mem:          3.8G       2.7G       1.1G       5.7M        52M       2.3G

MemTotal:        4016004 kB
MemFree:         1161380 kB
Active:           412700 kB
Mem:          3.8G       2.7G       1.1G       5.7M        52M       2.3G

MemTotal:        4016004 kB
MemFree:         1161632 kB
Active:           412700 kB
Mem:          3.8G       2.7G       1.1G       5.7M        52M       2.3G

MemTotal:        4016004 kB
MemFree:         1135076 kB
Active:           412740 kB
Mem:          3.8G       2.7G       1.1G       5.7M        52M       2.3G

MemTotal:        4016004 kB
MemFree:         1085928 kB
Active:           412764 kB
Mem:          3.8G       2.8G       1.0G       5.7M        52M       2.3G

MemTotal:        4016004 kB
MemFree:         1037348 kB
Active:           412784 kB
Mem:          3.8G       2.8G       1.0G       5.7M        52M       2.4G

MemTotal:        4016004 kB
MemFree:          989784 kB
Active:           410808 kB
Mem:          3.8G       2.9G       965M       5.7M        52M       2.4G

MemTotal:        4016004 kB
MemFree:          940836 kB
Active:           412836 kB
Mem:          3.8G       2.9G       918M       5.7M        52M       2.5G

MemTotal:        4016004 kB
MemFree:          891868 kB
Active:           412864 kB
Mem:          3.8G       3.0G       869M       5.7M        52M       2.5G

MemTotal:        4016004 kB
MemFree:          843148 kB
Active:           412888 kB
Mem:          3.8G       3.0G       822M       5.7M        52M       2.6G

MemTotal:        4016004 kB
MemFree:          794008 kB
Active:           412912 kB
Mem:          3.8G       3.1G       774M       5.7M        52M       2.6G

MemTotal:        4016004 kB
MemFree:          786616 kB
Active:           412924 kB
Mem:          3.8G       3.1G       768M       5.7M        52M       2.6G

MemTotal:        4016004 kB
MemFree:          758828 kB
Active:           412928 kB
Mem:          3.8G       3.1G       739M       5.7M        52M       2.7G

MemTotal:        4016004 kB
MemFree:          710140 kB
Active:           412964 kB
Mem:          3.8G       3.2G       692M       5.7M        52M       2.7G

MemTotal:        4016004 kB
MemFree:          661048 kB
Active:           412992 kB
Mem:          3.8G       3.2G       644M       5.7M        52M       2.7G

MemTotal:        4016004 kB
MemFree:          616868 kB
Active:           413012 kB
Mem:          3.8G       3.2G       602M       5.7M        52M       2.8G

MemTotal:        4016004 kB
MemFree:          615872 kB
Active:           413148 kB
Mem:          3.8G       3.2G       601M       5.7M        52M       2.8G

MemTotal:        4016004 kB
MemFree:          569808 kB
Active:           413164 kB
Mem:          3.8G       3.3G       555M       5.7M        52M       2.8G

MemTotal:        4016004 kB
MemFree:          521120 kB
Active:           413184 kB
Mem:          3.8G       3.3G       508M       5.7M        52M       2.9G

MemTotal:        4016004 kB
MemFree:          472684 kB
Active:           413060 kB
Mem:          3.8G       3.4G       460M       5.7M        52M       2.9G

MemTotal:        4016004 kB
MemFree:          423284 kB
Active:           413064 kB
Mem:          3.8G       3.4G       412M       5.7M        52M       3.0G

MemTotal:        4016004 kB
MemFree:          373696 kB
Active:           413116 kB
Mem:          3.8G       3.5G       364M       5.7M        52M       3.0G

MemTotal:        4016004 kB
MemFree:          324480 kB
Active:           413140 kB
Mem:          3.8G       3.5G       316M       5.7M        52M       3.1G

MemTotal:        4016004 kB
MemFree:          275636 kB
Active:           413160 kB
Mem:          3.8G       3.6G       268M       5.7M        52M       3.1G

MemTotal:        4016004 kB
MemFree:          262236 kB
Active:           413184 kB
Mem:          3.8G       3.6G       255M       5.7M        52M       3.1G

MemTotal:        4016004 kB
MemFree:          213764 kB
Active:           413224 kB
Mem:          3.8G       3.6G       208M       5.7M        52M       3.2G

MemTotal:        4016004 kB
MemFree:          182552 kB
Active:           413244 kB
Mem:          3.8G       3.7G       178M       5.7M        52M       3.2G

MemTotal:        4016004 kB
MemFree:          182552 kB
Active:           413260 kB
Mem:          3.8G       3.7G       178M       5.7M        52M       3.2G

MemTotal:        4016004 kB
MemFree:          182552 kB
Active:           413260 kB
Mem:          3.8G       3.7G       178M       5.7M        52M       3.2G

MemTotal:        4016004 kB
MemFree:          151704 kB
Active:           413304 kB
Mem:          3.8G       3.7G       147M       5.7M        52M       3.2G

MemTotal:        4016004 kB
MemFree:          122388 kB
Active:           411672 kB
Mem:          3.8G       3.7G       124M       5.7M        29M       3.3G

MemTotal:        4016004 kB
MemFree:          118684 kB
Active:           422188 kB
Mem:          3.8G       3.7G       114M       5.7M        20M       3.3G

MemTotal:        4016004 kB
MemFree:          108032 kB
Active:           432716 kB
Mem:          3.8G       3.7G       103M       5.7M        19M       3.3G

MemTotal:        4016004 kB
MemFree:          111144 kB
Active:           475636 kB
Mem:          3.8G       3.7G       107M       5.7M        19M       3.3G

MemTotal:        4016004 kB
MemFree:          106320 kB
Active:           471180 kB
Mem:          3.8G       3.7G       103M       5.7M        19M       3.3G

MemTotal:        4016004 kB
MemFree:          125304 kB
Active:           460536 kB
Mem:          3.8G       3.7G       145M       5.7M        19M       3.3G

MemTotal:        4016004 kB
MemFree:          121960 kB
Active:           458608 kB
Mem:          3.8G       3.7G       118M       5.7M        20M       3.3G

MemTotal:        4016004 kB
MemFree:          109852 kB
Active:           455312 kB
Mem:          3.8G       3.7G       107M       5.7M        20M       3.3G

MemTotal:        4016004 kB
MemFree:          124224 kB
Active:           449948 kB
Mem:          3.8G       3.7G       120M       5.7M        20M       3.3G

MemTotal:        4016004 kB
MemFree:          125120 kB
Active:           446040 kB
Mem:          3.8G       3.7G       121M       5.7M        20M       3.3G

MemTotal:        4016004 kB
MemFree:          116464 kB
Active:           444556 kB
Mem:          3.8G       3.7G       113M       5.7M        20M       3.3G

MemTotal:        4016004 kB
MemFree:          134840 kB
Active:           438120 kB
Mem:          3.8G       3.7G       131M       5.7M        20M       3.3G

MemTotal:        4016004 kB
MemFree:          123944 kB
Active:           434604 kB
Mem:          3.8G       3.7G       120M       5.7M        20M       3.3G

MemTotal:        4016004 kB
MemFree:          124848 kB
Active:           430296 kB
Mem:          3.8G       3.7G       121M       5.7M        20M       3.3G

MemTotal:        4016004 kB
MemFree:          138036 kB
Active:           428548 kB
Mem:          3.8G       3.7G       134M       5.7M        20M       3.3G

MemTotal:        4016004 kB
MemFree:          143380 kB
Active:           426612 kB
Mem:          3.8G       3.7G       139M       5.7M        20M       3.3G

MemTotal:        4016004 kB
MemFree:          131736 kB
Active:           425368 kB
Mem:          3.8G       3.7G       128M       5.7M        20M       3.3G

MemTotal:        4016004 kB
MemFree:          121152 kB
Active:           424252 kB
Mem:          3.8G       3.7G       118M       5.7M        20M       3.3G

MemTotal:        4016004 kB
MemFree:          122592 kB
Active:           422572 kB
Mem:          3.8G       3.7G       119M       5.7M        20M       3.3G

MemTotal:        4016004 kB
MemFree:          144412 kB
Active:           420956 kB
Mem:          3.8G       3.7G       140M       5.7M        20M       3.3G

MemTotal:        4016004 kB
MemFree:          110436 kB
Active:           421004 kB
Mem:          3.8G       3.7G       107M       5.7M        20M       3.3G

MemTotal:        4016004 kB
MemFree:          106764 kB
Active:           419872 kB
Mem:          3.8G       3.7G       104M       5.7M        20M       3.3G

MemTotal:        4016004 kB
MemFree:          120072 kB
Active:           418704 kB
Mem:          3.8G       3.7G       116M       5.7M        20M       3.3G

MemTotal:        4016004 kB
MemFree:          125944 kB
Active:           416704 kB
Mem:          3.8G       3.7G       122M       5.7M        20M       3.3G

MemTotal:        4016004 kB
MemFree:          107544 kB
Active:           416736 kB
Mem:          3.8G       3.7G       104M       5.7M        20M       3.3G

MemTotal:        4016004 kB
MemFree:          133152 kB
Active:           414412 kB
Mem:          3.8G       3.7G       130M       5.7M        20M       3.3G

MemTotal:        4016004 kB
MemFree:          139860 kB
Active:           412420 kB
Mem:          3.8G       3.7G       135M       5.7M        20M       3.3G

MemTotal:        4016004 kB
MemFree:          128852 kB
Active:           411312 kB
Mem:          3.8G       3.7G       125M       5.7M        20M       3.3G

MemTotal:        4016004 kB
MemFree:          117348 kB
Active:           410164 kB
Mem:          3.8G       3.7G       113M       5.7M        20M       3.3G

MemTotal:        4016004 kB
MemFree:          115872 kB
Active:           408272 kB
Mem:          3.8G       3.7G       112M       5.7M        20M       3.3G

MemTotal:        4016004 kB
MemFree:          115688 kB
Active:           404320 kB
Mem:          3.8G       3.7G       112M       5.7M        20M       3.3G

MemTotal:        4016004 kB
MemFree:          105256 kB
Active:           403228 kB
Mem:          3.8G       3.7G       102M       5.7M        20M       3.3G

MemTotal:        4016004 kB
MemFree:          105224 kB
Active:           401500 kB
Mem:          3.8G       3.7G       106M       5.7M        20M       3.3G

MemTotal:        4016004 kB
MemFree:          135432 kB
Active:           399824 kB
Mem:          3.8G       3.7G       132M       5.7M        20M       3.3G

MemTotal:        4016004 kB
MemFree:          134972 kB
Active:           401900 kB
Mem:          3.8G       3.7G       131M       5.7M        20M       3.3G

MemTotal:        4016004 kB
MemFree:          115432 kB
Active:           401912 kB
Mem:          3.8G       3.7G       112M       5.7M        20M       3.3G

MemTotal:        4016004 kB
MemFree:          128216 kB
Active:           399380 kB
Mem:          3.8G       3.7G       124M       5.7M        20M       3.3G

MemTotal:        4016004 kB
MemFree:          111380 kB
Active:           398088 kB
Mem:          3.8G       3.7G       107M       5.7M        20M       3.3G

MemTotal:        4016004 kB
MemFree:          135192 kB
Active:           395960 kB
Mem:          3.8G       3.7G       132M       5.7M        20M       3.3G

MemTotal:        4016004 kB
MemFree:          124672 kB
Active:           394824 kB
Mem:          3.8G       3.7G       120M       5.7M        20M       3.3G

MemTotal:        4016004 kB
MemFree:          112672 kB
Active:           391576 kB
Mem:          3.8G       3.7G       110M       5.7M        20M       3.3G

MemTotal:        4016004 kB
MemFree:          126436 kB
Active:           389960 kB
Mem:          3.8G       3.7G       122M       5.7M        20M       3.3G

MemTotal:        4016004 kB
MemFree:          126100 kB
Active:           388076 kB
Mem:          3.8G       3.7G       122M       5.7M        20M       3.3G

MemTotal:        4016004 kB
MemFree:          107104 kB
Active:           385136 kB
Mem:          3.8G       3.7G       103M       5.7M        20M       3.3G

MemTotal:        4016004 kB
MemFree:          117920 kB
Active:           385584 kB
Mem:          3.8G       3.7G       115M       5.7M        20M       3.3G

MemTotal:        4016004 kB
MemFree:          116936 kB
Active:           385568 kB
Mem:          3.8G       3.7G       114M       5.7M        20M       3.3G

MemTotal:        4016004 kB
MemFree:          130624 kB
Active:           384044 kB
Mem:          3.8G       3.7G       127M       5.7M        20M       3.3G

MemTotal:        4016004 kB
MemFree:          139804 kB
Active:           381768 kB
Mem:          3.8G       3.7G       136M       5.7M        20M       3.3G

MemTotal:        4016004 kB
MemFree:          117048 kB
Active:           381816 kB
Mem:          3.8G       3.7G       114M       5.7M        20M       3.3G

MemTotal:        4016004 kB
MemFree:          106292 kB
Active:           380792 kB
Mem:          3.8G       3.7G       102M       5.7M        20M       3.3G

MemTotal:        4016004 kB
MemFree:          148552 kB
Active:           377980 kB
Mem:          3.8G       3.7G       145M       5.7M        20M       3.3G

MemTotal:        4016004 kB
MemFree:          126020 kB
Active:           377404 kB
Mem:          3.8G       3.7G       122M       5.7M        20M       3.3G

MemTotal:        4016004 kB
MemFree:          121336 kB
Active:           375776 kB
Mem:          3.8G       3.7G       118M       5.7M        21M       3.3G

MemTotal:        4016004 kB
MemFree:          127656 kB
Active:           372348 kB
Mem:          3.8G       3.7G       123M       5.7M        21M       3.3G

MemTotal:        4016004 kB
MemFree:          123120 kB
Active:           370688 kB
Mem:          3.8G       3.7G       118M       5.7M        21M       3.3G

MemTotal:        4016004 kB
MemFree:          135884 kB
Active:           369028 kB
Mem:          3.8G       3.7G       132M       5.7M        21M       3.3G

MemTotal:        4016004 kB
MemFree:          128496 kB
Active:           367784 kB
Mem:          3.8G       3.7G       124M       5.7M        21M       3.3G

MemTotal:        4016004 kB
MemFree:          127856 kB
Active:           367828 kB
Mem:          3.8G       3.7G       124M       5.7M        21M       3.3G

MemTotal:        4016004 kB
MemFree:          114116 kB
Active:           367836 kB
Mem:          3.8G       3.7G       110M       5.7M        21M       3.3G

MemTotal:        4016004 kB
MemFree:          126848 kB
Active:           366196 kB
Mem:          3.8G       3.7G       122M       5.7M        21M       3.3G

MemTotal:        4016004 kB
MemFree:          120984 kB
Active:           364552 kB
Mem:          3.8G       3.7G       117M       5.7M        21M       3.3G

MemTotal:        4016004 kB
MemFree:          126064 kB
Active:           363040 kB
Mem:          3.8G       3.7G       122M       5.7M        21M       3.3G

MemTotal:        4016004 kB
MemFree:          121876 kB
Active:           362816 kB
Mem:          3.8G       3.7G       117M       5.7M        21M       3.3G

MemTotal:        4016004 kB
MemFree:          108752 kB
Active:           362840 kB
Mem:          3.8G       3.7G       105M       5.7M        21M       3.3G

MemTotal:        4016004 kB
MemFree:          108656 kB
Active:           362860 kB
Mem:          3.8G       3.7G       104M       5.7M        21M       3.3G

MemTotal:        4016004 kB
MemFree:          114192 kB
Active:           362772 kB
Mem:          3.8G       3.7G       110M       5.7M        21M       3.3G

MemTotal:        4016004 kB
MemFree:          126900 kB
Active:           362812 kB
Mem:          3.8G       3.7G       123M       5.7M        21M       3.3G

MemTotal:        4016004 kB
MemFree:          137560 kB
Active:           362844 kB
Mem:          3.8G       3.7G       133M       5.7M        21M       3.3G

MemTotal:        4016004 kB
MemFree:          127664 kB
Active:           362868 kB
Mem:          3.8G       3.7G       124M       5.7M        21M       3.3G

MemTotal:        4016004 kB
MemFree:          127896 kB
Active:           362844 kB
Mem:          3.8G       3.7G       124M       5.7M        21M       3.3G

MemTotal:        4016004 kB
MemFree:          121880 kB
Active:           362904 kB
Mem:          3.8G       3.7G       118M       5.7M        21M       3.3G

MemTotal:        4016004 kB
MemFree:          104784 kB
Active:           362928 kB
Mem:          3.8G       3.7G       125M       5.7M        21M       3.3G

MemTotal:        4016004 kB
MemFree:          105632 kB
Active:           362772 kB
Mem:          3.8G       3.7G       122M       5.7M        21M       3.3G

MemTotal:        4016004 kB
MemFree:          124124 kB
Active:           362824 kB
Mem:          3.8G       3.7G       119M       5.7M        21M       3.3G

MemTotal:        4016004 kB
MemFree:          106652 kB
Active:           362868 kB
Mem:          3.8G       3.7G       102M       5.7M        21M       3.3G

MemTotal:        4016004 kB
MemFree:          124396 kB
Active:           362892 kB
Mem:          3.8G       3.7G       120M       5.7M        21M       3.3G

MemTotal:        4016004 kB
MemFree:          124368 kB
Active:           362928 kB
Mem:          3.8G       3.7G       132M       5.7M        21M       3.3G

MemTotal:        4016004 kB
MemFree:          106676 kB
Active:           362952 kB
Mem:          3.8G       3.7G       103M       5.7M        21M       3.3G

MemTotal:        4016004 kB
MemFree:          125132 kB
Active:           362976 kB
Mem:          3.8G       3.7G       120M       5.7M        21M       3.3G

MemTotal:        4016004 kB
MemFree:          106344 kB
Active:           362980 kB
Mem:          3.8G       3.7G       103M       5.7M        21M       3.3G

MemTotal:        4016004 kB
MemFree:          125928 kB
Active:           363004 kB
Mem:          3.8G       3.7G       122M       5.7M        21M       3.3G

MemTotal:        4016004 kB
MemFree:          128036 kB
Active:           363024 kB
Mem:          3.8G       3.7G       124M       5.7M        21M       3.3G

MemTotal:        4016004 kB
MemFree:          128132 kB
Active:           363028 kB
Mem:          3.8G       3.7G       125M       5.7M        21M       3.3G

MemTotal:        4016004 kB
MemFree:          128664 kB
Active:           363004 kB
Mem:          3.8G       3.7G       125M       5.7M        21M       3.3G

MemTotal:        4016004 kB
MemFree:          117288 kB
Active:           363040 kB
Mem:          3.8G       3.7G       113M       5.7M        21M       3.3G

MemTotal:        4016004 kB
MemFree:          128048 kB
Active:           363060 kB
Mem:          3.8G       3.7G       124M       5.7M        21M       3.3G

MemTotal:        4016004 kB
MemFree:          117452 kB
Active:           363092 kB
Mem:          3.8G       3.7G       114M       5.7M        21M       3.3G

MemTotal:        4016004 kB
MemFree:          105312 kB
Active:           363112 kB
Mem:          3.8G       3.7G       124M       5.7M        21M       3.3G

MemTotal:        4016004 kB
MemFree:          125000 kB
Active:           363136 kB
Mem:          3.8G       3.7G       121M       5.7M        21M       3.3G

MemTotal:        4016004 kB
MemFree:          136460 kB
Active:           363160 kB
Mem:          3.8G       3.7G       132M       5.7M        21M       3.3G

MemTotal:        4016004 kB
MemFree:          125188 kB
Active:           363116 kB
Mem:          3.8G       3.7G       122M       5.7M        21M       3.3G

MemTotal:        4016004 kB
MemFree:          127480 kB
Active:           363128 kB
Mem:          3.8G       3.7G       123M       5.7M        21M       3.3G

MemTotal:        4016004 kB
MemFree:          113196 kB
Active:           363160 kB
Mem:          3.8G       3.7G       110M       5.7M        21M       3.3G

MemTotal:        4016004 kB
MemFree:          125748 kB
Active:           363216 kB
Mem:          3.8G       3.7G       122M       5.7M        21M       3.3G

MemTotal:        4016004 kB
MemFree:          120668 kB
Active:           363240 kB
Mem:          3.8G       3.7G       116M       5.7M        21M       3.3G

MemTotal:        4016004 kB
MemFree:          119596 kB
Active:           363264 kB
Mem:          3.8G       3.7G       116M       5.7M        21M       3.3G

MemTotal:        4016004 kB
MemFree:          119676 kB
Active:           363276 kB
Mem:          3.8G       3.7G       116M       5.7M        21M       3.3G

MemTotal:        4016004 kB
MemFree:          119772 kB
Active:           363276 kB
Mem:          3.8G       3.7G       116M       5.7M        21M       3.3G

MemTotal:        4016004 kB
MemFree:          114500 kB
Active:           363296 kB
Mem:          3.8G       3.7G       110M       5.7M        21M       3.3G

MemTotal:        4016004 kB
MemFree:          125664 kB
Active:           363316 kB
Mem:          3.8G       3.7G       122M       5.7M        21M       3.3G

MemTotal:        4016004 kB
MemFree:          108124 kB
Active:           363328 kB
Mem:          3.8G       3.7G       104M       5.7M        21M       3.3G

MemTotal:        4016004 kB
MemFree:          132068 kB
Active:           363360 kB
Mem:          3.8G       3.7G       128M       5.7M        22M       3.3G

MemTotal:        4016004 kB
MemFree:          120796 kB
Active:           363380 kB
Mem:          3.8G       3.7G       117M       5.7M        22M       3.3G

MemTotal:        4016004 kB
MemFree:          120436 kB
Active:           363404 kB
Mem:          3.8G       3.7G       116M       5.7M        22M       3.3G

MemTotal:        4016004 kB
MemFree:          108544 kB
Active:           363424 kB
Mem:          3.8G       3.7G       105M       5.7M        22M       3.3G

MemTotal:        4016004 kB
MemFree:          126108 kB
Active:           363456 kB
Mem:          3.8G       3.7G       122M       5.7M        22M       3.3G

MemTotal:        4016004 kB
MemFree:          108660 kB
Active:           363484 kB
Mem:          3.8G       3.7G       105M       5.7M        22M       3.3G

MemTotal:        4016004 kB
MemFree:          129584 kB
Active:           356356 kB
Mem:          3.8G       3.7G       125M       5.7M        22M       3.3G

MemTotal:        4016004 kB
MemFree:          118308 kB
Active:           356224 kB
Mem:          3.8G       3.7G       115M       5.7M        22M       3.3G

MemTotal:        4016004 kB
MemFree:          124568 kB
Active:           356240 kB
Mem:          3.8G       3.7G       131M       5.7M        22M       3.3G

MemTotal:        4016004 kB
MemFree:          134792 kB
Active:           356264 kB
Mem:          3.8G       3.7G       131M       5.7M        22M       3.3G

MemTotal:        4016004 kB
MemFree:          135152 kB
Active:           356272 kB
Mem:          3.8G       3.7G       132M       5.7M        22M       3.3G

MemTotal:        4016004 kB
MemFree:          125328 kB
Active:           356288 kB
Mem:          3.8G       3.7G       121M       5.7M        22M       3.3G

MemTotal:        4016004 kB
MemFree:          107856 kB
Active:           356308 kB
Mem:          3.8G       3.7G       103M       5.7M        22M       3.3G

MemTotal:        4016004 kB
MemFree:          125476 kB
Active:           356356 kB
Mem:          3.8G       3.7G       121M       5.7M        22M       3.3G

MemTotal:        4016004 kB
MemFree:          113212 kB
Active:           356384 kB
Mem:          3.8G       3.7G       109M       5.7M        22M       3.3G

MemTotal:        4016004 kB
MemFree:          125872 kB
Active:           356408 kB
Mem:          3.8G       3.7G       121M       5.7M        22M       3.3G

MemTotal:        4016004 kB
MemFree:          107324 kB
Active:           356428 kB
Mem:          3.8G       3.7G       104M       5.7M        22M       3.3G

MemTotal:        4016004 kB
MemFree:          136564 kB
Active:           356188 kB
Mem:          3.8G       3.7G       133M       5.7M        22M       3.3G

MemTotal:        4016004 kB
MemFree:          136180 kB
Active:           356196 kB
Mem:          3.8G       3.7G       133M       5.7M        22M       3.3G

MemTotal:        4016004 kB
MemFree:          135184 kB
Active:           356212 kB
Mem:          3.8G       3.7G       132M       5.7M        22M       3.3G

MemTotal:        4016004 kB
MemFree:          135312 kB
Active:           356204 kB
Mem:          3.8G       3.7G       131M       5.7M        22M       3.3G

MemTotal:        4016004 kB
MemFree:          142956 kB
Active:           356220 kB
Mem:          3.8G       3.7G       138M       5.7M        22M       3.3G

MemTotal:        4016004 kB
MemFree:          130692 kB
Active:           356248 kB
Mem:          3.8G       3.7G       126M       5.7M        22M       3.3G

MemTotal:        4016004 kB
MemFree:          119064 kB
Active:           356268 kB
Mem:          3.8G       3.7G       115M       5.7M        22M       3.3G

MemTotal:        4016004 kB
MemFree:          119200 kB
Active:           356300 kB
Mem:          3.8G       3.7G       115M       5.7M        22M       3.3G

MemTotal:        4016004 kB
MemFree:          131984 kB
Active:           356320 kB
Mem:          3.8G       3.7G       128M       5.7M        22M       3.3G

MemTotal:        4016004 kB
MemFree:          137700 kB
Active:           356372 kB
Mem:          3.8G       3.7G       133M       5.7M        22M       3.3G

MemTotal:        4016004 kB
MemFree:          126692 kB
Active:           356392 kB
Mem:          3.8G       3.7G       122M       5.7M        22M       3.3G

MemTotal:        4016004 kB
MemFree:          130140 kB
Active:           354288 kB
Mem:          3.8G       3.7G       127M       5.7M        22M       3.3G

MemTotal:        4016004 kB
MemFree:          120948 kB
Active:           354316 kB
Mem:          3.8G       3.7G       117M       5.7M        22M       3.3G

MemTotal:        4016004 kB
MemFree:          117952 kB
Active:           354328 kB
Mem:          3.8G       3.7G       114M       5.7M        22M       3.3G

MemTotal:        4016004 kB
MemFree:          125692 kB
Active:           354348 kB
Mem:          3.8G       3.7G       121M       5.7M        22M       3.3G

MemTotal:        4016004 kB
MemFree:          130920 kB
Active:           354244 kB
Mem:          3.8G       3.7G       127M       5.7M        22M       3.3G

MemTotal:        4016004 kB
MemFree:          109172 kB
Active:           354260 kB
Mem:          3.8G       3.7G       105M       5.7M        22M       3.3G

MemTotal:        4016004 kB
MemFree:          127024 kB
Active:           354288 kB
Mem:          3.8G       3.7G       123M       5.7M        22M       3.3G

MemTotal:        4016004 kB
MemFree:          121596 kB
Active:           354316 kB
Mem:          3.8G       3.7G       118M       5.7M        22M       3.3G

MemTotal:        4016004 kB
MemFree:          127188 kB
Active:           354336 kB
Mem:          3.8G       3.7G       123M       5.7M        22M       3.3G

MemTotal:        4016004 kB
MemFree:          122256 kB
Active:           354360 kB
Mem:          3.8G       3.7G       118M       5.7M        22M       3.3G

MemTotal:        4016004 kB
MemFree:          127684 kB
Active:           354388 kB
Mem:          3.8G       3.7G       123M       5.7M        22M       3.3G

MemTotal:        4016004 kB
MemFree:          127524 kB
Active:           349156 kB
Mem:          3.8G       3.7G       123M       5.7M        22M       3.3G

MemTotal:        4016004 kB
MemFree:          137600 kB
Active:           348964 kB
Mem:          3.8G       3.7G       134M       5.7M        22M       3.3G

MemTotal:        4016004 kB
MemFree:          136172 kB
Active:           348992 kB
Mem:          3.8G       3.7G       131M       5.7M        22M       3.3G

MemTotal:        4016004 kB
MemFree:          125680 kB
Active:           349016 kB
Mem:          3.8G       3.7G       122M       5.7M        22M       3.3G

MemTotal:        4016004 kB
MemFree:          125680 kB
Active:           349032 kB
Mem:          3.8G       3.7G       122M       5.7M        22M       3.3G

MemTotal:        4016004 kB
MemFree:          125712 kB
Active:           349004 kB
Mem:          3.8G       3.7G       122M       5.7M        22M       3.3G

MemTotal:        4016004 kB
MemFree:          124380 kB
Active:           349040 kB
Mem:          3.8G       3.7G       119M       5.7M        22M       3.3G

MemTotal:        4016004 kB
MemFree:          112492 kB
Active:           349044 kB
Mem:          3.8G       3.7G       108M       5.7M        22M       3.3G

MemTotal:        4016004 kB
MemFree:          124904 kB
Active:           349088 kB
Mem:          3.8G       3.7G       121M       5.7M        22M       3.3G

MemTotal:        4016004 kB
MemFree:          125288 kB
Active:           349128 kB
Mem:          3.8G       3.7G       121M       5.7M        22M       3.3G

MemTotal:        4016004 kB
MemFree:          125812 kB
Active:           349152 kB
Mem:          3.8G       3.7G       121M       5.7M        22M       3.3G

MemTotal:        4016004 kB
MemFree:          112928 kB
Active:           349172 kB
Mem:          3.8G       3.7G       109M       5.7M        22M       3.3G

MemTotal:        4016004 kB
MemFree:          124680 kB
Active:           349196 kB
Mem:          3.8G       3.7G       132M       5.7M        23M       3.3G

MemTotal:        4016004 kB
MemFree:          127196 kB
Active:           349216 kB
Mem:          3.8G       3.7G       122M       5.7M        23M       3.3G

MemTotal:        4016004 kB
MemFree:          106152 kB
Active:           345868 kB
Mem:          3.8G       3.7G       102M       5.7M        23M       3.3G

MemTotal:        4016004 kB
MemFree:          130652 kB
Active:           345888 kB
Mem:          3.8G       3.7G       126M       5.7M        23M       3.3G

MemTotal:        4016004 kB
MemFree:          126596 kB
Active:           345912 kB
Mem:          3.8G       3.7G       123M       5.7M        23M       3.3G

MemTotal:        4016004 kB
MemFree:          119288 kB
Active:           345928 kB
Mem:          3.8G       3.7G       116M       5.7M        23M       3.3G

MemTotal:        4016004 kB
MemFree:          131952 kB
Active:           345956 kB
Mem:          3.8G       3.7G       128M       5.7M        23M       3.3G

MemTotal:        4016004 kB
MemFree:          132084 kB
Active:           345952 kB
Mem:          3.8G       3.7G       128M       5.7M        23M       3.3G

MemTotal:        4016004 kB
MemFree:          127368 kB
Active:           345968 kB
Mem:          3.8G       3.7G       123M       5.7M        23M       3.3G

MemTotal:        4016004 kB
MemFree:          127356 kB
Active:           345992 kB
Mem:          3.8G       3.7G       123M       5.7M        23M       3.3G

MemTotal:        4016004 kB
MemFree:          121928 kB
Active:           346016 kB
Mem:          3.8G       3.7G       117M       5.7M        23M       3.3G

MemTotal:        4016004 kB
MemFree:          128140 kB
Active:           346036 kB
Mem:          3.8G       3.7G       124M       5.7M        23M       3.3G

MemTotal:        4016004 kB
MemFree:          122216 kB
Active:           346072 kB
Mem:          3.8G       3.7G       118M       5.7M        23M       3.3G

MemTotal:        4016004 kB
MemFree:          124816 kB
Active:           346092 kB
Mem:          3.8G       3.7G       121M       5.7M        23M       3.3G

MemTotal:        4016004 kB
MemFree:          126052 kB
Active:           346116 kB
Mem:          3.8G       3.7G       121M       5.7M        23M       3.3G

MemTotal:        4016004 kB
MemFree:          126476 kB
Active:           346140 kB
Mem:          3.8G       3.7G       123M       5.7M        23M       3.3G

MemTotal:        4016004 kB
MemFree:          131544 kB
Active:           346176 kB
Mem:          3.8G       3.7G       128M       5.7M        23M       3.3G

MemTotal:        4016004 kB
MemFree:          132320 kB
Active:           346176 kB
Mem:          3.8G       3.7G       129M       5.7M        23M       3.3G

MemTotal:        4016004 kB
MemFree:          117708 kB
Active:           346184 kB
Mem:          3.8G       3.7G       114M       5.7M        23M       3.3G

MemTotal:        4016004 kB
MemFree:          124604 kB
Active:           344836 kB
Mem:          3.8G       3.7G       132M       5.7M        23M       3.3G

MemTotal:        4016004 kB
MemFree:          125284 kB
Active:           344860 kB
Mem:          3.8G       3.7G       121M       5.7M        23M       3.3G

MemTotal:        4016004 kB
MemFree:          125420 kB
Active:           344892 kB
Mem:          3.8G       3.7G       121M       5.7M        23M       3.3G

MemTotal:        4016004 kB
MemFree:          125680 kB
Active:           344912 kB
Mem:          3.8G       3.7G       122M       5.7M        23M       3.3G

MemTotal:        4016004 kB
MemFree:          132156 kB
Active:           344936 kB
Mem:          3.8G       3.7G       127M       5.7M        23M       3.3G

MemTotal:        4016004 kB
MemFree:          120032 kB
Active:           344968 kB
Mem:          3.8G       3.7G       116M       5.7M        23M       3.3G

MemTotal:        4016004 kB
MemFree:          125856 kB
Active:           344984 kB
Mem:          3.8G       3.7G       121M       5.7M        23M       3.3G

MemTotal:        4016004 kB
MemFree:          123916 kB
Active:           345008 kB
Mem:          3.8G       3.7G       120M       5.7M        23M       3.3G

MemTotal:        4016004 kB
MemFree:          105928 kB
Active:           345052 kB
Mem:          3.8G       3.7G       125M       5.7M        23M       3.3G

MemTotal:        4016004 kB
MemFree:          110404 kB
Active:           345076 kB
Mem:          3.8G       3.7G       107M       5.7M        23M       3.3G

MemTotal:        4016004 kB
MemFree:          133828 kB
Active:           345120 kB
Mem:          3.8G       3.7G       130M       5.7M        23M       3.3G

MemTotal:        4016004 kB
MemFree:          128684 kB
Active:           345128 kB
Mem:          3.8G       3.7G       125M       5.7M        23M       3.3G

MemTotal:        4016004 kB
MemFree:          111392 kB
Active:           345092 kB
Mem:          3.8G       3.7G       107M       5.7M        23M       3.3G

MemTotal:        4016004 kB
MemFree:          132476 kB
Active:           342060 kB
Mem:          3.8G       3.7G       129M       5.7M        23M       3.3G

MemTotal:        4016004 kB
MemFree:          122208 kB
Active:           341948 kB
Mem:          3.8G       3.7G       118M       5.7M        23M       3.3G

MemTotal:        4016004 kB
MemFree:          123088 kB
Active:           341956 kB
Mem:          3.8G       3.7G       118M       5.7M        23M       3.3G

MemTotal:        4016004 kB
MemFree:          127936 kB
Active:           341948 kB
Mem:          3.8G       3.7G       124M       5.7M        23M       3.3G

MemTotal:        4016004 kB
MemFree:          117196 kB
Active:           342020 kB
Mem:          3.8G       3.7G       113M       5.7M        23M       3.3G

MemTotal:        4016004 kB
MemFree:          106568 kB
Active:           342020 kB
Mem:          3.8G       3.7G       103M       5.7M        23M       3.3G

MemTotal:        4016004 kB
MemFree:          107952 kB
Active:           342076 kB
Mem:          3.8G       3.7G       105M       5.7M        23M       3.3G

MemTotal:        4016004 kB
MemFree:          119872 kB
Active:           342076 kB
Mem:          3.8G       3.7G       116M       5.7M        23M       3.3G

MemTotal:        4016004 kB
MemFree:          105584 kB
Active:           342140 kB
Mem:          3.8G       3.7G       102M       5.7M        23M       3.3G

MemTotal:        4016004 kB
MemFree:          105248 kB
Active:           342116 kB
Mem:          3.8G       3.7G       102M       5.7M        23M       3.3G

MemTotal:        4016004 kB
MemFree:          119260 kB
Active:           342128 kB
Mem:          3.8G       3.7G       115M       5.7M        23M       3.3G

MemTotal:        4016004 kB
MemFree:          107528 kB
Active:           342128 kB
Mem:          3.8G       3.7G       104M       5.7M        23M       3.3G

MemTotal:        4016004 kB
MemFree:          107804 kB
Active:           342172 kB
Mem:          3.8G       3.7G       104M       5.7M        23M       3.3G

MemTotal:        4016004 kB
MemFree:          132988 kB
Active:           342204 kB
Mem:          3.8G       3.7G       129M       5.7M        23M       3.3G

MemTotal:        4016004 kB
MemFree:          122692 kB
Active:           342196 kB
Mem:          3.8G       3.7G       119M       5.7M        23M       3.3G

MemTotal:        4016004 kB
MemFree:          122720 kB
Active:           342260 kB
Mem:          3.8G       3.7G       119M       5.7M        23M       3.3G

MemTotal:        4016004 kB
MemFree:          124856 kB
Active:           342244 kB
Mem:          3.8G       3.7G       120M       5.7M        23M       3.3G

MemTotal:        4016004 kB
MemFree:          115644 kB
Active:           342292 kB
Mem:          3.8G       3.7G       112M       5.7M        24M       3.3G

MemTotal:        4016004 kB
MemFree:          113308 kB
Active:           341788 kB
Mem:          3.8G       3.7G       110M       5.7M        24M       3.3G

MemTotal:        4016004 kB
MemFree:          127068 kB
Active:           341804 kB
Mem:          3.8G       3.7G       123M       5.7M        24M       3.3G

MemTotal:        4016004 kB
MemFree:          108976 kB
Active:           341840 kB
Mem:          3.8G       3.7G       106M       5.7M        24M       3.3G

MemTotal:        4016004 kB
MemFree:          115392 kB
Active:           341868 kB
Mem:          3.8G       3.7G       112M       5.7M        24M       3.3G

MemTotal:        4016004 kB
MemFree:          116056 kB
Active:           341848 kB
Mem:          3.8G       3.7G       112M       5.7M        24M       3.3G

MemTotal:        4016004 kB
MemFree:          127488 kB
Active:           341948 kB
Mem:          3.8G       3.7G       123M       5.7M        24M       3.3G

MemTotal:        4016004 kB
MemFree:          110476 kB
Active:           341924 kB
Mem:          3.8G       3.7G       107M       5.7M        24M       3.3G

MemTotal:        4016004 kB
MemFree:          135652 kB
Active:           341972 kB
Mem:          3.8G       3.7G       132M       5.7M        24M       3.2G

MemTotal:        4016004 kB
MemFree:          113816 kB
Active:           341736 kB
Mem:          3.8G       3.7G       111M       5.7M        24M       3.3G

MemTotal:        4016004 kB
MemFree:          114056 kB
Active:           341664 kB
Mem:          3.8G       3.7G       111M       5.7M        24M       3.3G

MemTotal:        4016004 kB
MemFree:          114056 kB
Active:           341672 kB
Mem:          3.8G       3.7G       111M       5.7M        24M       3.3G

MemTotal:        4016004 kB
MemFree:          113932 kB
Active:           341708 kB
Mem:          3.8G       3.7G       111M       5.7M        24M       3.3G

MemTotal:        4016004 kB
MemFree:          114056 kB
Active:           341656 kB
Mem:          3.8G       3.7G       111M       5.7M        24M       3.3G

MemTotal:        4016004 kB
MemFree:          113932 kB
Active:           341676 kB
Mem:          3.8G       3.7G       111M       5.7M        24M       3.3G

MemTotal:        4016004 kB
MemFree:          113932 kB
Active:           341656 kB
Mem:          3.8G       3.7G       111M       5.7M        24M       3.3G

MemTotal:        4016004 kB
MemFree:          114056 kB
Active:           341676 kB
Mem:          3.8G       3.7G       111M       5.7M        24M       3.3G

MemTotal:        4016004 kB
MemFree:          113932 kB
Active:           341664 kB
Mem:          3.8G       3.7G       111M       5.7M        24M       3.3G

MemTotal:        4016004 kB
MemFree:          113932 kB
Active:           341664 kB
Mem:          3.8G       3.7G       111M       5.7M        24M       3.3G

MemTotal:        4016004 kB
MemFree:          113932 kB
Active:           341716 kB
Mem:          3.8G       3.7G       111M       5.7M        24M       3.3G

MemTotal:        4016004 kB
MemFree:          113808 kB
Active:           341724 kB
Mem:          3.8G       3.7G       111M       5.7M        24M       3.3G

MemTotal:        4016004 kB
MemFree:          113808 kB
Active:           341700 kB
Mem:          3.8G       3.7G       111M       5.7M        24M       3.3G

MemTotal:        4016004 kB
MemFree:          113808 kB
Active:           341724 kB
Mem:          3.8G       3.7G       111M       5.7M        24M       3.3G

MemTotal:        4016004 kB
MemFree:          113932 kB
Active:           341732 kB
Mem:          3.8G       3.7G       111M       5.7M        24M       3.3G

MemTotal:        4016004 kB
MemFree:          113932 kB
Active:           341712 kB
Mem:          3.8G       3.7G       111M       5.7M        24M       3.3G

MemTotal:        4016004 kB
MemFree:          113932 kB
Active:           341696 kB
Mem:          3.8G       3.7G       111M       5.7M        24M       3.3G

MemTotal:        4016004 kB
MemFree:          113808 kB
Active:           341696 kB
Mem:          3.8G       3.7G       111M       5.7M        24M       3.3G

MemTotal:        4016004 kB
MemFree:          113760 kB
Active:           341688 kB
Mem:          3.8G       3.7G       111M       5.7M        24M       3.3G

MemTotal:        4016004 kB
MemFree:          113808 kB
Active:           341736 kB
Mem:          3.8G       3.7G       110M       5.7M        24M       3.3G

MemTotal:        4016004 kB
MemFree:          113932 kB
Active:           341708 kB
Mem:          3.8G       3.7G       111M       5.7M        24M       3.3G

MemTotal:        4016004 kB
MemFree:          113808 kB
Active:           341736 kB
Mem:          3.8G       3.7G       111M       5.7M        24M       3.3G

MemTotal:        4016004 kB
MemFree:          113932 kB
Active:           341696 kB
Mem:          3.8G       3.7G       111M       5.7M        24M       3.3G

MemTotal:        4016004 kB
MemFree:          113808 kB
Active:           341728 kB
Mem:          3.8G       3.7G       111M       5.7M        24M       3.3G

MemTotal:        4016004 kB
MemFree:          113932 kB
Active:           341748 kB
Mem:          3.8G       3.7G       111M       5.7M        24M       3.3G

MemTotal:        4016004 kB
MemFree:          113932 kB
Active:           341740 kB
Mem:          3.8G       3.7G       110M       5.7M        24M       3.3G

MemTotal:        4016004 kB
MemFree:          110304 kB
Active:           344276 kB
Mem:          3.8G       3.7G       107M       5.7M        26M       3.3G

MemTotal:        4016004 kB
MemFree:          110736 kB
Active:           344000 kB
Mem:          3.8G       3.7G       107M       5.7M        26M       3.3G

MemTotal:        4016004 kB
MemFree:          110644 kB
Active:           344056 kB
Mem:          3.8G       3.7G       108M       5.7M        26M       3.3G

MemTotal:        4016004 kB
MemFree:          110644 kB
Active:           344064 kB
Mem:          3.8G       3.7G       107M       5.7M        26M       3.3G

MemTotal:        4016004 kB
MemFree:          110644 kB
Active:           344032 kB
Mem:          3.8G       3.7G       108M       5.7M        26M       3.3G

MemTotal:        4016004 kB
MemFree:          110520 kB
Active:           344044 kB
Mem:          3.8G       3.7G       107M       5.7M        26M       3.3G

MemTotal:        4016004 kB
MemFree:          110644 kB
Active:           344032 kB
Mem:          3.8G       3.7G       108M       5.7M        26M       3.3G

MemTotal:        4016004 kB
MemFree:          110768 kB
Active:           344052 kB
Mem:          3.8G       3.7G       108M       5.7M        26M       3.3G

MemTotal:        4016004 kB
MemFree:          110768 kB
Active:           344072 kB
Mem:          3.8G       3.7G       108M       5.7M        26M       3.3G

MemTotal:        4016004 kB
MemFree:          110892 kB
Active:           344068 kB
Mem:          3.8G       3.7G       107M       5.7M        26M       3.3G

MemTotal:        4016004 kB
MemFree:          110520 kB
Active:           344036 kB
Mem:          3.8G       3.7G       107M       5.7M        26M       3.3G

MemTotal:        4016004 kB
MemFree:          110520 kB
Active:           344064 kB
Mem:          3.8G       3.7G       107M       5.7M        26M       3.3G

MemTotal:        4016004 kB
MemFree:          110644 kB
Active:           344064 kB
Mem:          3.8G       3.7G       108M       5.7M        26M       3.3G

MemTotal:        4016004 kB
MemFree:          110768 kB
Active:           344064 kB
Mem:          3.8G       3.7G       107M       5.7M        26M       3.3G

MemTotal:        4016004 kB
MemFree:          110768 kB
Active:           344084 kB
Mem:          3.8G       3.7G       108M       5.7M        26M       3.3G

MemTotal:        4016004 kB
MemFree:          110644 kB
Active:           344060 kB
Mem:          3.8G       3.7G       108M       5.7M        26M       3.3G

MemTotal:        4016004 kB
MemFree:          110520 kB
Active:           344080 kB
Mem:          3.8G       3.7G       107M       5.7M        26M       3.3G

MemTotal:        4016004 kB
MemFree:          110520 kB
Active:           344052 kB
Mem:          3.8G       3.7G       107M       5.7M        26M       3.3G

MemTotal:        4016004 kB
MemFree:          110644 kB
Active:           344028 kB
Mem:          3.8G       3.7G       108M       5.7M        26M       3.3G

MemTotal:        4016004 kB
MemFree:          110644 kB
Active:           344060 kB
Mem:          3.8G       3.7G       108M       5.7M        26M       3.3G

MemTotal:        4016004 kB
MemFree:          110720 kB
Active:           344064 kB
Mem:          3.8G       3.7G       107M       5.7M        26M       3.3G

MemTotal:        4016004 kB
MemFree:          110520 kB
Active:           344092 kB
Mem:          3.8G       3.7G       107M       5.7M        26M       3.3G

MemTotal:        4016004 kB
MemFree:          110520 kB
Active:           344096 kB
Mem:          3.8G       3.7G       107M       5.7M        26M       3.3G

MemTotal:        4016004 kB
MemFree:          110520 kB
Active:           344060 kB
Mem:          3.8G       3.7G       107M       5.7M        26M       3.3G

MemTotal:        4016004 kB
MemFree:          110644 kB
Active:           344088 kB
Mem:          3.8G       3.7G       108M       5.7M        26M       3.3G

MemTotal:        4016004 kB
MemFree:          110644 kB
Active:           344072 kB
Mem:          3.8G       3.7G       107M       5.7M        26M       3.3G

MemTotal:        4016004 kB
MemFree:          110520 kB
Active:           344096 kB
Mem:          3.8G       3.7G       107M       5.7M        26M       3.3G

MemTotal:        4016004 kB
MemFree:          110396 kB
Active:           344072 kB
Mem:          3.8G       3.7G       107M       5.7M        26M       3.3G

MemTotal:        4016004 kB
MemFree:          110520 kB
Active:           344100 kB
Mem:          3.8G       3.7G       107M       5.7M        26M       3.3G

MemTotal:        4016004 kB
MemFree:          110520 kB
Active:           344112 kB
Mem:          3.8G       3.7G       107M       5.7M        26M       3.3G

MemTotal:        4016004 kB
MemFree:          110644 kB
Active:           344084 kB
Mem:          3.8G       3.7G       107M       5.7M        26M       3.3G

MemTotal:        4016004 kB
MemFree:          110520 kB
Active:           344108 kB
Mem:          3.8G       3.7G       107M       5.7M        26M       3.3G

MemTotal:        4016004 kB
MemFree:          110676 kB
Active:           344076 kB
Mem:          3.8G       3.7G       108M       5.7M        26M       3.3G

MemTotal:        4016004 kB
MemFree:          110552 kB
Active:           344076 kB
Mem:          3.8G       3.7G       107M       5.7M        26M       3.3G

MemTotal:        4016004 kB
MemFree:          110552 kB
Active:           344116 kB
Mem:          3.8G       3.7G       107M       5.7M        26M       3.3G

MemTotal:        4016004 kB
MemFree:          110552 kB
Active:           344096 kB
Mem:          3.8G       3.7G       107M       5.7M        26M       3.3G

MemTotal:        4016004 kB
MemFree:          110544 kB
Active:           344124 kB
Mem:          3.8G       3.7G       107M       5.7M        26M       3.3G

MemTotal:        4016004 kB
MemFree:          110544 kB
Active:           344132 kB
Mem:          3.8G       3.7G       107M       5.7M        26M       3.3G

MemTotal:        4016004 kB
MemFree:          110684 kB
Active:           344076 kB
Mem:          3.8G       3.7G       107M       5.7M        26M       3.3G

MemTotal:        4016004 kB
MemFree:          110064 kB
Active:           344156 kB
Mem:          3.8G       3.7G       107M       5.7M        26M       3.3G

MemTotal:        4016004 kB
MemFree:          110312 kB
Active:           344140 kB
Mem:          3.8G       3.7G       107M       5.7M        26M       3.3G

MemTotal:        4016004 kB
MemFree:          110436 kB
Active:           344168 kB
Mem:          3.8G       3.7G       107M       5.7M        26M       3.3G

MemTotal:        4016004 kB
MemFree:          110436 kB
Active:           344320 kB
Mem:          3.8G       3.7G       107M       5.7M        26M       3.3G

MemTotal:        4016004 kB
MemFree:          110296 kB
Active:           344204 kB
Mem:          3.8G       3.7G       108M       5.7M        26M       3.3G

MemTotal:        4016004 kB
MemFree:          110668 kB
Active:           344196 kB
Mem:          3.8G       3.7G       108M       5.7M        26M       3.3G

MemTotal:        4016004 kB
MemFree:          111040 kB
Active:           344216 kB
Mem:          3.8G       3.7G       108M       5.7M        26M       3.3G

MemTotal:        4016004 kB
MemFree:          110792 kB
Active:           344216 kB
Mem:          3.8G       3.7G       108M       5.7M        26M       3.3G

MemTotal:        4016004 kB
MemFree:          111040 kB
Active:           344216 kB
Mem:          3.8G       3.7G       108M       5.7M        26M       3.3G

MemTotal:        4016004 kB
MemFree:          110900 kB
Active:           344216 kB
Mem:          3.8G       3.7G       107M       5.7M        26M       3.3G

MemTotal:        4016004 kB
MemFree:          110544 kB
Active:           344220 kB
Mem:          3.8G       3.7G       108M       5.7M        26M       3.3G

MemTotal:        4016004 kB
MemFree:          110916 kB
Active:           344220 kB
Mem:          3.8G       3.7G       108M       5.7M        26M       3.3G

MemTotal:        4016004 kB
MemFree:          110916 kB
Active:           344180 kB
Mem:          3.8G       3.7G       108M       5.7M        26M       3.3G

MemTotal:        4016004 kB
MemFree:          110916 kB
Active:           344220 kB
Mem:          3.8G       3.7G       108M       5.7M        26M       3.3G

MemTotal:        4016004 kB
MemFree:          110916 kB
Active:           344216 kB
Mem:          3.8G       3.7G       108M       5.7M        26M       3.3G

MemTotal:        4016004 kB
MemFree:          111040 kB
Active:           344192 kB
Mem:          3.8G       3.7G       108M       5.7M        26M       3.3G

MemTotal:        4016004 kB
MemFree:          110916 kB
Active:           344188 kB
Mem:          3.8G       3.7G       108M       5.7M        26M       3.3G

MemTotal:        4016004 kB
MemFree:          110544 kB
Active:           344224 kB
Mem:          3.8G       3.7G       108M       5.7M        26M       3.3G

MemTotal:        4016004 kB
MemFree:          110916 kB
Active:           344208 kB
Mem:          3.8G       3.7G       108M       5.7M        26M       3.3G

MemTotal:        4016004 kB
MemFree:          110808 kB
Active:           344192 kB
Mem:          3.8G       3.7G       108M       5.7M        26M       3.3G

MemTotal:        4016004 kB
MemFree:          110932 kB
Active:           344192 kB
Mem:          3.8G       3.7G       108M       5.7M        26M       3.3G

MemTotal:        4016004 kB
MemFree:          110932 kB
Active:           344220 kB
Mem:          3.8G       3.7G       108M       5.7M        26M       3.3G

MemTotal:        4016004 kB
MemFree:          111056 kB
Active:           344208 kB
Mem:          3.8G       3.7G       108M       5.7M        26M       3.3G

MemTotal:        4016004 kB
MemFree:          110932 kB
Active:           344192 kB
Mem:          3.8G       3.7G       108M       5.7M        26M       3.3G

MemTotal:        4016004 kB
MemFree:          110932 kB
Active:           344196 kB
Mem:          3.8G       3.7G       108M       5.7M        26M       3.3G

MemTotal:        4016004 kB
MemFree:          110932 kB
Active:           344192 kB
Mem:          3.8G       3.7G       108M       5.7M        26M       3.3G

MemTotal:        4016004 kB
MemFree:          111056 kB
Active:           344232 kB
Mem:          3.8G       3.7G       108M       5.7M        26M       3.3G

MemTotal:        4016004 kB
MemFree:          110916 kB
Active:           344240 kB
Mem:          3.8G       3.7G       108M       5.7M        26M       3.3G

MemTotal:        4016004 kB
MemFree:          110932 kB
Active:           344224 kB
Mem:          3.8G       3.7G       108M       5.7M        26M       3.3G

MemTotal:        4016004 kB
MemFree:          110436 kB
Active:           344244 kB
Mem:          3.8G       3.7G       108M       5.7M        26M       3.3G

MemTotal:        4016004 kB
MemFree:          110932 kB
Active:           344240 kB
Mem:          3.8G       3.7G       108M       5.7M        26M       3.3G

MemTotal:        4016004 kB
MemFree:          110932 kB
Active:           344244 kB
Mem:          3.8G       3.7G       108M       5.7M        26M       3.3G

MemTotal:        4016004 kB
MemFree:          110932 kB
Active:           344256 kB
Mem:          3.8G       3.7G       108M       5.7M        26M       3.3G

MemTotal:        4016004 kB
MemFree:          111056 kB
Active:           344256 kB
Mem:          3.8G       3.7G       108M       5.7M        26M       3.3G

MemTotal:        4016004 kB
MemFree:          110808 kB
Active:           344212 kB
Mem:          3.8G       3.7G       108M       5.7M        26M       3.3G

MemTotal:        4016004 kB
MemFree:          110808 kB
Active:           344256 kB
Mem:          3.8G       3.7G       108M       5.7M        26M       3.3G

MemTotal:        4016004 kB
MemFree:          110932 kB
Active:           344252 kB
Mem:          3.8G       3.7G       108M       5.7M        26M       3.3G

MemTotal:        4016004 kB
MemFree:          110808 kB
Active:           344256 kB
Mem:          3.8G       3.7G       108M       5.7M        26M       3.3G

MemTotal:        4016004 kB
MemFree:          110932 kB
Active:           344264 kB
Mem:          3.8G       3.7G       108M       5.7M        26M       3.3G

MemTotal:        4016004 kB
MemFree:          110932 kB
Active:           344256 kB
Mem:          3.8G       3.7G       108M       5.7M        26M       3.3G

MemTotal:        4016004 kB
MemFree:          110808 kB
Active:           344248 kB
Mem:          3.8G       3.7G       108M       5.7M        26M       3.3G

MemTotal:        4016004 kB
MemFree:          110808 kB
Active:           344236 kB
Mem:          3.8G       3.7G       108M       5.7M        26M       3.3G

MemTotal:        4016004 kB
MemFree:          110808 kB
Active:           344236 kB
Mem:          3.8G       3.7G       108M       5.7M        26M       3.3G

MemTotal:        4016004 kB
MemFree:          110932 kB
Active:           344244 kB
Mem:          3.8G       3.7G       108M       5.7M        26M       3.3G

MemTotal:        4016004 kB
MemFree:          110932 kB
Active:           344252 kB
Mem:          3.8G       3.7G       108M       5.7M        26M       3.3G

MemTotal:        4016004 kB
MemFree:          110808 kB
Active:           344256 kB
Mem:          3.8G       3.7G       108M       5.7M        26M       3.3G

MemTotal:        4016004 kB
MemFree:          110900 kB
Active:           344268 kB
Mem:          3.8G       3.7G       108M       5.7M        26M       3.3G

MemTotal:        4016004 kB
MemFree:          110808 kB
Active:           344272 kB
Mem:          3.8G       3.7G       108M       5.7M        26M       3.3G

MemTotal:        4016004 kB
MemFree:          110932 kB
Active:           344272 kB
Mem:          3.8G       3.7G       108M       5.7M        26M       3.3G

MemTotal:        4016004 kB
MemFree:          110932 kB
Active:           344280 kB
Mem:          3.8G       3.7G       108M       5.7M        26M       3.3G

MemTotal:        4016004 kB
MemFree:          110932 kB
Active:           344288 kB
Mem:          3.8G       3.7G       108M       5.7M        26M       3.3G

MemTotal:        4016004 kB
MemFree:          110932 kB
Active:           344284 kB
Mem:          3.8G       3.7G       108M       5.7M        26M       3.3G

MemTotal:        4016004 kB
MemFree:          111056 kB
Active:           344288 kB
Mem:          3.8G       3.7G       108M       5.7M        26M       3.3G

MemTotal:        4016004 kB
MemFree:          110932 kB
Active:           344296 kB
Mem:          3.8G       3.7G       108M       5.7M        26M       3.3G

MemTotal:        4016004 kB
MemFree:          110932 kB
Active:           344268 kB
Mem:          3.8G       3.7G       108M       5.7M        26M       3.3G

MemTotal:        4016004 kB
MemFree:          110932 kB
Active:           344276 kB
Mem:          3.8G       3.7G       108M       5.7M        26M       3.3G

MemTotal:        4016004 kB
MemFree:          110932 kB
Active:           344260 kB
Mem:          3.8G       3.7G       108M       5.7M        26M       3.3G

MemTotal:        4016004 kB
MemFree:          110932 kB
Active:           344296 kB
Mem:          3.8G       3.7G       108M       5.7M        26M       3.3G

MemTotal:        4016004 kB
MemFree:          110808 kB
Active:           344260 kB
Mem:          3.8G       3.7G       108M       5.7M        26M       3.3G

MemTotal:        4016004 kB
MemFree:          110932 kB
Active:           344272 kB
Mem:          3.8G       3.7G       108M       5.7M        26M       3.3G

MemTotal:        4016004 kB
MemFree:          110932 kB
Active:           344308 kB
Mem:          3.8G       3.7G       108M       5.7M        26M       3.3G

MemTotal:        4016004 kB
MemFree:          110808 kB
Active:           344304 kB
Mem:          3.8G       3.7G       108M       5.7M        26M       3.3G

MemTotal:        4016004 kB
MemFree:          110932 kB
Active:           344312 kB
Mem:          3.8G       3.7G       108M       5.7M        26M       3.3G

MemTotal:        4016004 kB
MemFree:          110808 kB
Active:           344312 kB
Mem:          3.8G       3.7G       108M       5.7M        26M       3.3G

MemTotal:        4016004 kB
MemFree:          110916 kB
Active:           344284 kB
Mem:          3.8G       3.7G       108M       5.7M        26M       3.3G

MemTotal:        4016004 kB
MemFree:          110808 kB
Active:           344328 kB
Mem:          3.8G       3.7G       108M       5.7M        26M       3.3G

MemTotal:        4016004 kB
MemFree:          110808 kB
Active:           344328 kB
Mem:          3.8G       3.7G       108M       5.7M        26M       3.3G

MemTotal:        4016004 kB
MemFree:          110808 kB
Active:           344328 kB
Mem:          3.8G       3.7G       108M       5.7M        26M       3.3G

MemTotal:        4016004 kB
MemFree:          110436 kB
Active:           344332 kB
Mem:          3.8G       3.7G       108M       5.7M        26M       3.3G

MemTotal:        4016004 kB
MemFree:          110808 kB
Active:           344292 kB
Mem:          3.8G       3.7G       108M       5.7M        26M       3.3G

MemTotal:        4016004 kB
MemFree:          110932 kB
Active:           344328 kB
Mem:          3.8G       3.7G       107M       5.7M        26M       3.3G

MemTotal:        4016004 kB
MemFree:          110808 kB
Active:           344332 kB
Mem:          3.8G       3.7G       108M       5.7M        26M       3.3G

MemTotal:        4016004 kB
MemFree:          110684 kB
Active:           344312 kB
Mem:          3.8G       3.7G       108M       5.7M        26M       3.3G

MemTotal:        4016004 kB
MemFree:          110808 kB
Active:           344336 kB
Mem:          3.8G       3.7G       108M       5.7M        26M       3.3G

MemTotal:        4016004 kB
MemFree:          110816 kB
Active:           344340 kB
Mem:          3.8G       3.7G       108M       5.7M        26M       3.3G

MemTotal:        4016004 kB
MemFree:          110816 kB
Active:           344340 kB
Mem:          3.8G       3.7G       108M       5.7M        26M       3.3G

MemTotal:        4016004 kB
MemFree:          110816 kB
Active:           344328 kB
Mem:          3.8G       3.7G       108M       5.7M        26M       3.3G

MemTotal:        4016004 kB
MemFree:          110940 kB
Active:           344300 kB
Mem:          3.8G       3.7G       107M       5.7M        26M       3.3G

MemTotal:        4016004 kB
MemFree:          110940 kB
Active:           344344 kB
Mem:          3.8G       3.7G       108M       5.7M        26M       3.3G

MemTotal:        4016004 kB
MemFree:          110816 kB
Active:           344316 kB
Mem:          3.8G       3.7G       108M       5.7M        26M       3.3G

MemTotal:        4016004 kB
MemFree:          110816 kB
Active:           344304 kB
Mem:          3.8G       3.7G       108M       5.7M        26M       3.3G

MemTotal:        4016004 kB
MemFree:          110444 kB
Active:           344356 kB
Mem:          3.8G       3.7G       108M       5.7M        26M       3.3G

MemTotal:        4016004 kB
MemFree:          110816 kB
Active:           344344 kB
Mem:          3.8G       3.7G       108M       5.7M        26M       3.3G

MemTotal:        4016004 kB
MemFree:          110816 kB
Active:           344320 kB
Mem:          3.8G       3.7G       108M       5.7M        26M       3.3G

MemTotal:        4016004 kB
MemFree:          110816 kB
Active:           344356 kB
Mem:          3.8G       3.7G       108M       5.7M        26M       3.3G

MemTotal:        4016004 kB
MemFree:          110816 kB
Active:           344320 kB
Mem:          3.8G       3.7G       108M       5.7M        26M       3.3G

MemTotal:        4016004 kB
MemFree:          110816 kB
Active:           344332 kB
Mem:          3.8G       3.7G       108M       5.7M        26M       3.3G

MemTotal:        4016004 kB
MemFree:          110692 kB
Active:           344328 kB
Mem:          3.8G       3.7G       108M       5.7M        26M       3.3G

MemTotal:        4016004 kB
MemFree:          110816 kB
Active:           344320 kB
Mem:          3.8G       3.7G       108M       5.7M        26M       3.3G

MemTotal:        4016004 kB
MemFree:          110692 kB
Active:           344328 kB
Mem:          3.8G       3.7G       108M       5.7M        26M       3.3G

MemTotal:        4016004 kB
MemFree:          110816 kB
Active:           344352 kB
Mem:          3.8G       3.7G       108M       5.7M        26M       3.3G

MemTotal:        4016004 kB
MemFree:          110816 kB
Active:           344364 kB
Mem:          3.8G       3.7G       108M       5.7M        26M       3.3G

MemTotal:        4016004 kB
MemFree:          110320 kB
Active:           344376 kB
Mem:          3.8G       3.7G       108M       5.7M        26M       3.3G

MemTotal:        4016004 kB
MemFree:          110816 kB
Active:           344368 kB
Mem:          3.8G       3.7G       108M       5.7M        26M       3.3G

MemTotal:        4016004 kB
MemFree:          110692 kB
Active:           344376 kB
Mem:          3.8G       3.7G       108M       5.7M        26M       3.3G

MemTotal:        4016004 kB
MemFree:          110816 kB
Active:           344388 kB
Mem:          3.8G       3.7G       108M       5.7M        26M       3.3G

MemTotal:        4016004 kB
MemFree:          110320 kB
Active:           344392 kB
Mem:          3.8G       3.7G       107M       5.7M        26M       3.3G

MemTotal:        4016004 kB
MemFree:          110692 kB
Active:           344376 kB
Mem:          3.8G       3.7G       108M       5.7M        26M       3.3G

MemTotal:        4016004 kB
MemFree:          110568 kB
Active:           344392 kB
Mem:          3.8G       3.7G       108M       5.7M        26M       3.3G

MemTotal:        4016004 kB
MemFree:          110692 kB
Active:           344372 kB
Mem:          3.8G       3.7G       108M       5.7M        26M       3.3G

MemTotal:        4016004 kB
MemFree:          110692 kB
Active:           344360 kB
Mem:          3.8G       3.7G       108M       5.7M        26M       3.3G

MemTotal:        4016004 kB
MemFree:          110816 kB
Active:           344392 kB
Mem:          3.8G       3.7G       108M       5.7M        26M       3.3G

MemTotal:        4016004 kB
MemFree:          110692 kB
Active:           344372 kB
Mem:          3.8G       3.7G       108M       5.7M        26M       3.3G

MemTotal:        4016004 kB
MemFree:          110692 kB
Active:           344392 kB
Mem:          3.8G       3.7G       108M       5.7M        26M       3.3G

MemTotal:        4016004 kB
MemFree:          110692 kB
Active:           344400 kB
Mem:          3.8G       3.7G       107M       5.7M        26M       3.3G

MemTotal:        4016004 kB
MemFree:          110692 kB
Active:           344348 kB
Mem:          3.8G       3.7G       107M       5.7M        26M       3.3G

MemTotal:        4016004 kB
MemFree:          110692 kB
Active:           344364 kB
Mem:          3.8G       3.7G       108M       5.7M        26M       3.3G

MemTotal:        4016004 kB
MemFree:          110816 kB
Active:           344376 kB
Mem:          3.8G       3.7G       108M       5.7M        26M       3.3G

MemTotal:        4016004 kB
MemFree:          110940 kB
Active:           344368 kB
Mem:          3.8G       3.7G       108M       5.7M        26M       3.3G

MemTotal:        4016004 kB
MemFree:          110692 kB
Active:           344404 kB
Mem:          3.8G       3.7G       108M       5.7M        26M       3.3G

MemTotal:        4016004 kB
MemFree:          110816 kB
Active:           344416 kB
Mem:          3.8G       3.7G       108M       5.7M        26M       3.3G

MemTotal:        4016004 kB
MemFree:          110816 kB
Active:           344380 kB
Mem:          3.8G       3.7G       108M       5.7M        26M       3.3G

MemTotal:        4016004 kB
MemFree:          110816 kB
Active:           344388 kB
Mem:          3.8G       3.7G       108M       5.7M        26M       3.3G

MemTotal:        4016004 kB
MemFree:          110816 kB
Active:           344380 kB
Mem:          3.8G       3.7G       108M       5.7M        26M       3.3G

MemTotal:        4016004 kB
MemFree:          110692 kB
Active:           344424 kB
Mem:          3.8G       3.7G       108M       5.7M        26M       3.3G

MemTotal:        4016004 kB
MemFree:          110816 kB
Active:           344424 kB
Mem:          3.8G       3.7G       108M       5.7M        26M       3.3G

MemTotal:        4016004 kB
MemFree:          110816 kB
Active:           344416 kB
Mem:          3.8G       3.7G       108M       5.7M        26M       3.3G

MemTotal:        4016004 kB
MemFree:          110692 kB
Active:           344432 kB
Mem:          3.8G       3.7G       108M       5.7M        26M       3.3G

MemTotal:        4016004 kB
MemFree:          110816 kB
Active:           344396 kB
Mem:          3.8G       3.7G       108M       5.7M        26M       3.3G

MemTotal:        4016004 kB
MemFree:          110692 kB
Active:           344252 kB
Mem:          3.8G       3.7G       108M       5.7M        26M       3.3G

MemTotal:        4016004 kB
MemFree:          111332 kB
Active:           344076 kB
Mem:          3.8G       3.7G       108M       5.7M        26M       3.3G

MemTotal:        4016004 kB
MemFree:          110960 kB
Active:           344116 kB
Mem:          3.8G       3.7G       108M       5.7M        26M       3.3G

MemTotal:        4016004 kB
MemFree:          110960 kB
Active:           344124 kB
Mem:          3.8G       3.7G       108M       5.7M        26M       3.3G

MemTotal:        4016004 kB
MemFree:          111332 kB
Active:           344120 kB
Mem:          3.8G       3.7G       108M       5.7M        26M       3.3G

MemTotal:        4016004 kB
MemFree:          111208 kB
Active:           344084 kB
Mem:          3.8G       3.7G       108M       5.7M        26M       3.3G

MemTotal:        4016004 kB
MemFree:          110960 kB
Active:           344132 kB
Mem:          3.8G       3.7G       108M       5.7M        26M       3.3G

MemTotal:        4016004 kB
MemFree:          111300 kB
Active:           344100 kB
Mem:          3.8G       3.7G       108M       5.7M        26M       3.3G

MemTotal:        4016004 kB
MemFree:          111224 kB
Active:           344084 kB
Mem:          3.8G       3.7G       108M       5.7M        26M       3.3G

MemTotal:        4016004 kB
MemFree:          110852 kB
Active:           344132 kB
Mem:          3.8G       3.7G       108M       5.7M        26M       3.3G

MemTotal:        4016004 kB
MemFree:          111224 kB
Active:           344108 kB
Mem:          3.8G       3.7G       108M       5.7M        26M       3.3G

MemTotal:        4016004 kB
MemFree:          111348 kB
Active:           344096 kB
Mem:          3.8G       3.7G       108M       5.7M        26M       3.3G

MemTotal:        4016004 kB
MemFree:          111224 kB
Active:           344100 kB
Mem:          3.8G       3.7G       108M       5.7M        26M       3.3G

MemTotal:        4016004 kB
MemFree:          111224 kB
Active:           344116 kB
Mem:          3.8G       3.7G       108M       5.7M        26M       3.3G

MemTotal:        4016004 kB
MemFree:          111224 kB
Active:           344088 kB
Mem:          3.8G       3.7G       108M       5.7M        26M       3.3G

MemTotal:        4016004 kB
MemFree:          111348 kB
Active:           344124 kB
Mem:          3.8G       3.7G       108M       5.7M        26M       3.3G

MemTotal:        4016004 kB
MemFree:          111224 kB
Active:           344112 kB
Mem:          3.8G       3.7G       108M       5.7M        26M       3.3G

MemTotal:        4016004 kB
MemFree:          110852 kB
Active:           344140 kB
Mem:          3.8G       3.7G       108M       5.7M        26M       3.3G

MemTotal:        4016004 kB
MemFree:          111224 kB
Active:           344100 kB
Mem:          3.8G       3.7G       108M       5.7M        26M       3.3G

MemTotal:        4016004 kB
MemFree:          111224 kB
Active:           344116 kB
Mem:          3.8G       3.7G       108M       5.7M        26M       3.3G

MemTotal:        4016004 kB
MemFree:          110852 kB
Active:           344144 kB
Mem:          3.8G       3.7G       108M       5.7M        26M       3.3G

MemTotal:        4016004 kB
MemFree:          111348 kB
Active:           344104 kB
Mem:          3.8G       3.7G       108M       5.7M        26M       3.3G

MemTotal:        4016004 kB
MemFree:          111224 kB
Active:           344136 kB
Mem:          3.8G       3.7G       108M       5.7M        26M       3.3G

MemTotal:        4016004 kB
MemFree:          110852 kB
Active:           344144 kB
Mem:          3.8G       3.7G       108M       5.7M        26M       3.3G

MemTotal:        4016004 kB
MemFree:          111224 kB
Active:           344116 kB
Mem:          3.8G       3.7G       108M       5.7M        26M       3.3G

MemTotal:        4016004 kB
MemFree:          111224 kB
Active:           344120 kB
Mem:          3.8G       3.7G       108M       5.7M        26M       3.3G

MemTotal:        4016004 kB
MemFree:          111100 kB
Active:           344140 kB
Mem:          3.8G       3.7G       108M       5.7M        26M       3.3G

MemTotal:        4016004 kB
MemFree:          111224 kB
Active:           344112 kB
Mem:          3.8G       3.7G       108M       5.7M        26M       3.3G

MemTotal:        4016004 kB
MemFree:          111224 kB
Active:           344112 kB
Mem:          3.8G       3.7G       108M       5.7M        26M       3.3G

MemTotal:        4016004 kB
MemFree:          111224 kB
Active:           344140 kB
Mem:          3.8G       3.7G       108M       5.7M        26M       3.3G

MemTotal:        4016004 kB
MemFree:          111348 kB
Active:           344152 kB
Mem:          3.8G       3.7G       108M       5.7M        26M       3.3G

MemTotal:        4016004 kB
MemFree:          111348 kB
Active:           344132 kB
Mem:          3.8G       3.7G       108M       5.7M        26M       3.3G

MemTotal:        4016004 kB
MemFree:          110852 kB
Active:           344180 kB
Mem:          3.8G       3.7G       108M       5.7M        26M       3.3G

MemTotal:        4016004 kB
MemFree:          111100 kB
Active:           344144 kB
Mem:          3.8G       3.7G       108M       5.7M        26M       3.3G

MemTotal:        4016004 kB
MemFree:          111224 kB
Active:           344164 kB
Mem:          3.8G       3.7G       108M       5.7M        26M       3.3G

MemTotal:        4016004 kB
MemFree:          111224 kB
Active:           344124 kB
Mem:          3.8G       3.7G       108M       5.7M        26M       3.3G

MemTotal:        4016004 kB
MemFree:          111224 kB
Active:           344148 kB
Mem:          3.8G       3.7G       108M       5.7M        26M       3.3G

MemTotal:        4016004 kB
MemFree:          111224 kB
Active:           344176 kB
Mem:          3.8G       3.7G       108M       5.7M        26M       3.3G

MemTotal:        4016004 kB
MemFree:          111224 kB
Active:           344140 kB
Mem:          3.8G       3.7G       108M       5.7M        26M       3.3G

MemTotal:        4016004 kB
MemFree:          110852 kB
Active:           344188 kB
Mem:          3.8G       3.7G       108M       5.7M        26M       3.3G

MemTotal:        4016004 kB
MemFree:          111100 kB
Active:           344140 kB
Mem:          3.8G       3.7G       108M       5.7M        26M       3.3G

MemTotal:        4016004 kB
MemFree:          111224 kB
Active:           344156 kB
Mem:          3.8G       3.7G       108M       5.7M        26M       3.3G

MemTotal:        4016004 kB
MemFree:          110728 kB
Active:           344188 kB
Mem:          3.8G       3.7G       108M       5.7M        26M       3.3G

MemTotal:        4016004 kB
MemFree:          110852 kB
Active:           344200 kB
Mem:          3.8G       3.7G       108M       5.7M        26M       3.3G

MemTotal:        4016004 kB
MemFree:          110728 kB
Active:           344200 kB
Mem:          3.8G       3.7G       108M       5.7M        26M       3.3G

MemTotal:        4016004 kB
MemFree:          111100 kB
Active:           344160 kB
Mem:          3.8G       3.7G       108M       5.7M        26M       3.3G

MemTotal:        4016004 kB
MemFree:          110728 kB
Active:           344204 kB
Mem:          3.8G       3.7G       108M       5.7M        26M       3.3G

MemTotal:        4016004 kB
MemFree:          110728 kB
Active:           344204 kB
Mem:          3.8G       3.7G       108M       5.7M        26M       3.3G

MemTotal:        4016004 kB
MemFree:          110728 kB
Active:           344204 kB
Mem:          3.8G       3.7G       108M       5.7M        26M       3.3G

MemTotal:        4016004 kB
MemFree:          110976 kB
Active:           344212 kB
Mem:          3.8G       3.7G       108M       5.7M        26M       3.3G

MemTotal:        4016004 kB
MemFree:          111348 kB
Active:           344196 kB
Mem:          3.8G       3.7G       108M       5.7M        26M       3.3G

MemTotal:        4016004 kB
MemFree:          111472 kB
Active:           344180 kB
