MemTotal:        4016004 kB
MemFree:         3221144 kB
Active:           440468 kB
Mem:          3.8G       776M       3.1G       5.7M        55M       327M

MemTotal:        4016004 kB
MemFree:         3221412 kB
Active:           440268 kB
Mem:          3.8G       775M       3.1G       5.7M        55M       327M

MemTotal:        4016004 kB
MemFree:         3221536 kB
Active:           440332 kB
Mem:          3.8G       776M       3.1G       5.7M        55M       327M

MemTotal:        4016004 kB
MemFree:         3221520 kB
Active:           440348 kB
Mem:          3.8G       775M       3.1G       5.7M        55M       327M

MemTotal:        4016004 kB
MemFree:         3221504 kB
Active:           440312 kB
Mem:          3.8G       775M       3.1G       5.7M        55M       327M

MemTotal:        4016004 kB
MemFree:         3221688 kB
Active:           440336 kB
Mem:          3.8G       775M       3.1G       5.7M        55M       327M

MemTotal:        4016004 kB
MemFree:         3221780 kB
Active:           440356 kB
Mem:          3.8G       775M       3.1G       5.7M        55M       327M

MemTotal:        4016004 kB
MemFree:         3221516 kB
Active:           440364 kB
Mem:          3.8G       775M       3.1G       5.7M        55M       327M

MemTotal:        4016004 kB
MemFree:         3221624 kB
Active:           440336 kB
Mem:          3.8G       775M       3.1G       5.7M        55M       327M

MemTotal:        4016004 kB
MemFree:         3221656 kB
Active:           440308 kB
Mem:          3.8G       775M       3.1G       5.7M        55M       327M

MemTotal:        4016004 kB
MemFree:         3221308 kB
Active:           440364 kB
Mem:          3.8G       776M       3.1G       5.7M        55M       327M

MemTotal:        4016004 kB
MemFree:         3221432 kB
Active:           440340 kB
Mem:          3.8G       775M       3.1G       5.7M        55M       327M

MemTotal:        4016004 kB
MemFree:         3221556 kB
Active:           440364 kB
Mem:          3.8G       775M       3.1G       5.7M        55M       327M

MemTotal:        4016004 kB
MemFree:         3221928 kB
Active:           440340 kB
Mem:          3.8G       775M       3.1G       5.7M        55M       327M

MemTotal:        4016004 kB
MemFree:         3221836 kB
Active:           440376 kB
Mem:          3.8G       775M       3.1G       5.7M        55M       327M

MemTotal:        4016004 kB
MemFree:         3221960 kB
Active:           440352 kB
Mem:          3.8G       775M       3.1G       5.7M        55M       327M

MemTotal:        4016004 kB
MemFree:         3222068 kB
Active:           440328 kB
Mem:          3.8G       775M       3.1G       5.7M        55M       327M

MemTotal:        4016004 kB
MemFree:         3221804 kB
Active:           440376 kB
Mem:          3.8G       775M       3.1G       5.7M        55M       327M

MemTotal:        4016004 kB
MemFree:         3221528 kB
Active:           440376 kB
Mem:          3.8G       775M       3.1G       5.7M        55M       327M

MemTotal:        4016004 kB
MemFree:         3221900 kB
Active:           440364 kB
Mem:          3.8G       775M       3.1G       5.7M        55M       327M

MemTotal:        4016004 kB
MemFree:         3221776 kB
Active:           440384 kB
Mem:          3.8G       775M       3.1G       5.7M        55M       327M

MemTotal:        4016004 kB
MemFree:         3222024 kB
Active:           440384 kB
Mem:          3.8G       775M       3.1G       5.7M        55M       327M

MemTotal:        4016004 kB
MemFree:         3221900 kB
Active:           440368 kB
Mem:          3.8G       775M       3.1G       5.7M        55M       327M

MemTotal:        4016004 kB
MemFree:         3221324 kB
Active:           438348 kB
Mem:          3.8G       775M       3.1G       5.7M        55M       327M

MemTotal:        4016004 kB
MemFree:         3221928 kB
Active:           440340 kB
Mem:          3.8G       775M       3.1G       5.7M        55M       327M

MemTotal:        4016004 kB
MemFree:         3221896 kB
Active:           440360 kB
Mem:          3.8G       775M       3.1G       5.7M        55M       327M

MemTotal:        4016004 kB
MemFree:         3221880 kB
Active:           440396 kB
Mem:          3.8G       775M       3.1G       5.7M        55M       327M

MemTotal:        4016004 kB
MemFree:         3221864 kB
Active:           440396 kB
Mem:          3.8G       775M       3.1G       5.7M        55M       327M

MemTotal:        4016004 kB
MemFree:         3221292 kB
Active:           440412 kB
Mem:          3.8G       775M       3.1G       5.7M        55M       327M

MemTotal:        4016004 kB
MemFree:         3221788 kB
Active:           440380 kB
Mem:          3.8G       775M       3.1G       5.7M        55M       327M

MemTotal:        4016004 kB
MemFree:         3222160 kB
Active:           440392 kB
Mem:          3.8G       775M       3.1G       5.7M        55M       327M

MemTotal:        4016004 kB
MemFree:         3221664 kB
Active:           440412 kB
Mem:          3.8G       775M       3.1G       5.7M        55M       327M

MemTotal:        4016004 kB
MemFree:         3222036 kB
Active:           440404 kB
Mem:          3.8G       775M       3.1G       5.7M        55M       327M

MemTotal:        4016004 kB
MemFree:         3221100 kB
Active:           438364 kB
Mem:          3.8G       776M       3.1G       5.7M        55M       327M

MemTotal:        4016004 kB
MemFree:         3221472 kB
Active:           440376 kB
Mem:          3.8G       775M       3.1G       5.7M        55M       327M

MemTotal:        4016004 kB
MemFree:         3221596 kB
Active:           440420 kB
Mem:          3.8G       775M       3.1G       5.7M        55M       327M

MemTotal:        4016004 kB
MemFree:         3221472 kB
Active:           440424 kB
Mem:          3.8G       775M       3.1G       5.7M        55M       327M

MemTotal:        4016004 kB
MemFree:         3221720 kB
Active:           440380 kB
Mem:          3.8G       775M       3.1G       5.7M        55M       327M

MemTotal:        4016004 kB
MemFree:         3221720 kB
Active:           440424 kB
Mem:          3.8G       775M       3.1G       5.7M        55M       327M

MemTotal:        4016004 kB
MemFree:         3222060 kB
Active:           440380 kB
Mem:          3.8G       775M       3.1G       5.7M        55M       327M

MemTotal:        4016004 kB
MemFree:         3222124 kB
Active:           440392 kB
Mem:          3.8G       775M       3.1G       5.7M        55M       327M

MemTotal:        4016004 kB
MemFree:         3221876 kB
Active:           440436 kB
Mem:          3.8G       775M       3.1G       5.7M        55M       327M

MemTotal:        4016004 kB
MemFree:         3221628 kB
Active:           440444 kB
Mem:          3.8G       775M       3.1G       5.7M        55M       327M

MemTotal:        4016004 kB
MemFree:         3222000 kB
Active:           440408 kB
Mem:          3.8G       775M       3.1G       5.7M        55M       327M

MemTotal:        4016004 kB
MemFree:         3221720 kB
Active:           440444 kB
Mem:          3.8G       775M       3.1G       5.7M        55M       327M

MemTotal:        4016004 kB
MemFree:         3221952 kB
Active:           440408 kB
Mem:          3.8G       775M       3.1G       5.7M        55M       327M

MemTotal:        4016004 kB
MemFree:         3221952 kB
Active:           440424 kB
Mem:          3.8G       775M       3.1G       5.7M        55M       327M

MemTotal:        4016004 kB
MemFree:         3221752 kB
Active:           440436 kB
Mem:          3.8G       775M       3.1G       5.7M        55M       327M

MemTotal:        4016004 kB
MemFree:         3221876 kB
Active:           440408 kB
Mem:          3.8G       775M       3.1G       5.7M        55M       327M

MemTotal:        4016004 kB
MemFree:         3221752 kB
Active:           440416 kB
Mem:          3.8G       775M       3.1G       5.7M        55M       327M

MemTotal:        4016004 kB
MemFree:         3221752 kB
Active:           440424 kB
Mem:          3.8G       775M       3.1G       5.7M        55M       327M

MemTotal:        4016004 kB
MemFree:         3221488 kB
Active:           440460 kB
Mem:          3.8G       776M       3.1G       5.7M        55M       327M

MemTotal:        4016004 kB
MemFree:         3221240 kB
Active:           440476 kB
Mem:          3.8G       776M       3.1G       5.7M        55M       327M

MemTotal:        4016004 kB
MemFree:         3218928 kB
Active:           440452 kB
Mem:          3.8G       778M       3.1G       5.7M        55M       327M

MemTotal:        4016004 kB
MemFree:         3219424 kB
Active:           442448 kB
Mem:          3.8G       778M       3.1G       5.7M        55M       327M

MemTotal:        4016004 kB
MemFree:         3219284 kB
Active:           442468 kB
Mem:          3.8G       778M       3.1G       5.7M        55M       327M

MemTotal:        4016004 kB
MemFree:         3219440 kB
Active:           442476 kB
Mem:          3.8G       778M       3.1G       5.7M        55M       327M

MemTotal:        4016004 kB
MemFree:         3219316 kB
Active:           442444 kB
Mem:          3.8G       777M       3.1G       5.7M        55M       327M

MemTotal:        4016004 kB
MemFree:         3218944 kB
Active:           442512 kB
Mem:          3.8G       778M       3.1G       5.7M        55M       327M

MemTotal:        4016004 kB
MemFree:         3218820 kB
Active:           442512 kB
Mem:          3.8G       778M       3.1G       5.7M        55M       327M

MemTotal:        4016004 kB
MemFree:         3219440 kB
Active:           442476 kB
Mem:          3.8G       777M       3.1G       5.7M        55M       327M

MemTotal:        4016004 kB
MemFree:         3219068 kB
Active:           442512 kB
Mem:          3.8G       778M       3.1G       5.7M        55M       327M

MemTotal:        4016004 kB
MemFree:         3219548 kB
Active:           442464 kB
Mem:          3.8G       777M       3.1G       5.7M        55M       327M

MemTotal:        4016004 kB
MemFree:         3217236 kB
Active:           442488 kB
Mem:          3.8G       779M       3.1G       5.7M        55M       327M

MemTotal:        4016004 kB
MemFree:         3216848 kB
Active:           444544 kB
Mem:          3.8G       780M       3.1G       5.7M        55M       327M

MemTotal:        4016004 kB
MemFree:         3217424 kB
Active:           444504 kB
Mem:          3.8G       779M       3.1G       5.7M        55M       327M

MemTotal:        4016004 kB
MemFree:         3217548 kB
Active:           444528 kB
Mem:          3.8G       779M       3.1G       5.7M        55M       327M

MemTotal:        4016004 kB
MemFree:         3218044 kB
Active:           444528 kB
Mem:          3.8G       779M       3.1G       5.7M        55M       327M

MemTotal:        4016004 kB
MemFree:         3217764 kB
Active:           444544 kB
Mem:          3.8G       779M       3.1G       5.7M        55M       327M

MemTotal:        4016004 kB
MemFree:         3217624 kB
Active:           444544 kB
Mem:          3.8G       779M       3.1G       5.7M        55M       327M

MemTotal:        4016004 kB
MemFree:         3217484 kB
Active:           444504 kB
Mem:          3.8G       779M       3.1G       5.7M        55M       327M

MemTotal:        4016004 kB
MemFree:         3217624 kB
Active:           444520 kB
Mem:          3.8G       779M       3.1G       5.7M        55M       327M

MemTotal:        4016004 kB
MemFree:         3217128 kB
Active:           444548 kB
Mem:          3.8G       779M       3.1G       5.7M        55M       327M

MemTotal:        4016004 kB
MemFree:         3217252 kB
Active:           444520 kB
Mem:          3.8G       780M       3.1G       5.7M        55M       327M

MemTotal:        4016004 kB
MemFree:         3217376 kB
Active:           444516 kB
Mem:          3.8G       779M       3.1G       5.7M        55M       327M

MemTotal:        4016004 kB
MemFree:         3217128 kB
Active:           444548 kB
Mem:          3.8G       780M       3.1G       5.7M        55M       327M

MemTotal:        4016004 kB
MemFree:         3217500 kB
Active:           444520 kB
Mem:          3.8G       780M       3.1G       5.7M        55M       327M

MemTotal:        4016004 kB
MemFree:         3217484 kB
Active:           444548 kB
Mem:          3.8G       779M       3.1G       5.7M        55M       327M

MemTotal:        4016004 kB
MemFree:         3217548 kB
Active:           444556 kB
Mem:          3.8G       779M       3.1G       5.7M        55M       327M

MemTotal:        4016004 kB
MemFree:         3217920 kB
Active:           444520 kB
Mem:          3.8G       779M       3.1G       5.7M        55M       327M

MemTotal:        4016004 kB
MemFree:         3217548 kB
Active:           444556 kB
Mem:          3.8G       779M       3.1G       5.7M        55M       327M

MemTotal:        4016004 kB
MemFree:         3217904 kB
Active:           444516 kB
Mem:          3.8G       779M       3.1G       5.7M        55M       327M

MemTotal:        4016004 kB
MemFree:         3217392 kB
Active:           444556 kB
Mem:          3.8G       779M       3.1G       5.7M        55M       327M

MemTotal:        4016004 kB
MemFree:         3217392 kB
Active:           444568 kB
Mem:          3.8G       780M       3.1G       5.7M        55M       327M

MemTotal:        4016004 kB
MemFree:         3217500 kB
Active:           444556 kB
Mem:          3.8G       779M       3.1G       5.7M        55M       327M

MemTotal:        4016004 kB
MemFree:         3217112 kB
Active:           444568 kB
Mem:          3.8G       780M       3.1G       5.7M        55M       327M

MemTotal:        4016004 kB
MemFree:         3217516 kB
Active:           444528 kB
Mem:          3.8G       779M       3.1G       5.7M        55M       327M

MemTotal:        4016004 kB
MemFree:         3217764 kB
Active:           444560 kB
Mem:          3.8G       779M       3.1G       5.7M        55M       327M

MemTotal:        4016004 kB
MemFree:         3217640 kB
Active:           444540 kB
Mem:          3.8G       779M       3.1G       5.7M        55M       327M

MemTotal:        4016004 kB
MemFree:         3217764 kB
Active:           444524 kB
Mem:          3.8G       779M       3.1G       5.7M        55M       327M

MemTotal:        4016004 kB
MemFree:         3217268 kB
Active:           444580 kB
Mem:          3.8G       780M       3.1G       5.7M        55M       327M

MemTotal:        4016004 kB
MemFree:         3217608 kB
Active:           444556 kB
Mem:          3.8G       780M       3.1G       5.7M        55M       327M

MemTotal:        4016004 kB
MemFree:         3217112 kB
Active:           444580 kB
Mem:          3.8G       780M       3.1G       5.7M        55M       327M

MemTotal:        4016004 kB
MemFree:         3214676 kB
Active:           444556 kB
Mem:          3.8G       782M       3.1G       5.7M        55M       327M

MemTotal:        4016004 kB
MemFree:         3214660 kB
Active:           446604 kB
Mem:          3.8G       782M       3.1G       5.7M        55M       327M

MemTotal:        4016004 kB
MemFree:         3214864 kB
Active:           446588 kB
Mem:          3.8G       782M       3.1G       5.7M        55M       327M

MemTotal:        4016004 kB
MemFree:         3214988 kB
Active:           446564 kB
Mem:          3.8G       782M       3.1G       5.7M        55M       327M

MemTotal:        4016004 kB
MemFree:         3214848 kB
Active:           446596 kB
Mem:          3.8G       782M       3.1G       5.7M        55M       327M

MemTotal:        4016004 kB
MemFree:         3215080 kB
Active:           446564 kB
Mem:          3.8G       782M       3.1G       5.7M        55M       327M

MemTotal:        4016004 kB
MemFree:         3214816 kB
Active:           446620 kB
Mem:          3.8G       782M       3.1G       5.7M        55M       327M

MemTotal:        4016004 kB
MemFree:         3215172 kB
Active:           446572 kB
Mem:          3.8G       782M       3.1G       5.7M        55M       327M

MemTotal:        4016004 kB
MemFree:         3215312 kB
Active:           446596 kB
Mem:          3.8G       782M       3.1G       5.7M        55M       327M

MemTotal:        4016004 kB
MemFree:         3215064 kB
Active:           446576 kB
Mem:          3.8G       782M       3.1G       5.7M        55M       327M

MemTotal:        4016004 kB
MemFree:         3215064 kB
Active:           446596 kB
Mem:          3.8G       782M       3.1G       5.7M        55M       327M

MemTotal:        4016004 kB
MemFree:         3215064 kB
Active:           446612 kB
Mem:          3.8G       782M       3.1G       5.7M        55M       327M

MemTotal:        4016004 kB
MemFree:         3215064 kB
Active:           446576 kB
Mem:          3.8G       782M       3.1G       5.7M        55M       327M

MemTotal:        4016004 kB
MemFree:         3214568 kB
Active:           446632 kB
Mem:          3.8G       782M       3.1G       5.7M        55M       327M

MemTotal:        4016004 kB
MemFree:         3214568 kB
Active:           446632 kB
Mem:          3.8G       782M       3.1G       5.7M        55M       327M

MemTotal:        4016004 kB
MemFree:         3215172 kB
Active:           446580 kB
Mem:          3.8G       782M       3.1G       5.7M        55M       327M

MemTotal:        4016004 kB
MemFree:         3214864 kB
Active:           446632 kB
Mem:          3.8G       782M       3.1G       5.7M        55M       327M

MemTotal:        4016004 kB
MemFree:         3215360 kB
Active:           446604 kB
Mem:          3.8G       781M       3.1G       5.7M        55M       327M

MemTotal:        4016004 kB
MemFree:         3215484 kB
Active:           446608 kB
Mem:          3.8G       781M       3.1G       5.7M        55M       327M

MemTotal:        4016004 kB
MemFree:         3215328 kB
Active:           446588 kB
Mem:          3.8G       781M       3.1G       5.7M        55M       327M

MemTotal:        4016004 kB
MemFree:         3215064 kB
Active:           446644 kB
Mem:          3.8G       782M       3.1G       5.7M        55M       327M

MemTotal:        4016004 kB
MemFree:         3215296 kB
Active:           446620 kB
Mem:          3.8G       782M       3.1G       5.7M        55M       327M

MemTotal:        4016004 kB
MemFree:         3215188 kB
Active:           446636 kB
Mem:          3.8G       782M       3.1G       5.7M        55M       327M

MemTotal:        4016004 kB
MemFree:         3215188 kB
Active:           446600 kB
Mem:          3.8G       782M       3.1G       5.7M        55M       327M

MemTotal:        4016004 kB
MemFree:         3215436 kB
Active:           446624 kB
Mem:          3.8G       782M       3.1G       5.7M        55M       327M

MemTotal:        4016004 kB
MemFree:         3215312 kB
Active:           446608 kB
Mem:          3.8G       781M       3.1G       5.7M        55M       327M

MemTotal:        4016004 kB
MemFree:         3214816 kB
Active:           446660 kB
Mem:          3.8G       782M       3.1G       5.7M        55M       327M

MemTotal:        4016004 kB
MemFree:         3215064 kB
Active:           446632 kB
Mem:          3.8G       782M       3.1G       5.7M        55M       327M

MemTotal:        4016004 kB
MemFree:         3215376 kB
Active:           446616 kB
Mem:          3.8G       781M       3.1G       5.7M        55M       327M

MemTotal:        4016004 kB
MemFree:         3215376 kB
Active:           446660 kB
Mem:          3.8G       781M       3.1G       5.7M        55M       327M

MemTotal:        4016004 kB
MemFree:         3214924 kB
Active:           444624 kB
Mem:          3.8G       782M       3.1G       5.7M        55M       327M

MemTotal:        4016004 kB
MemFree:         3215032 kB
Active:           446616 kB
Mem:          3.8G       782M       3.1G       5.7M        55M       327M

MemTotal:        4016004 kB
MemFree:         3215016 kB
Active:           446624 kB
Mem:          3.8G       782M       3.1G       5.7M        55M       327M

MemTotal:        4016004 kB
MemFree:         3214876 kB
Active:           446676 kB
Mem:          3.8G       782M       3.1G       5.7M        55M       327M

MemTotal:        4016004 kB
MemFree:         3214628 kB
Active:           446676 kB
Mem:          3.8G       782M       3.1G       5.7M        55M       327M

MemTotal:        4016004 kB
MemFree:         3214736 kB
Active:           446684 kB
Mem:          3.8G       782M       3.1G       5.7M        55M       327M

MemTotal:        4016004 kB
MemFree:         3214984 kB
Active:           446640 kB
Mem:          3.8G       782M       3.1G       5.7M        55M       327M

MemTotal:        4016004 kB
MemFree:         3214612 kB
Active:           446684 kB
Mem:          3.8G       782M       3.1G       5.7M        55M       327M

MemTotal:        4016004 kB
MemFree:         3214984 kB
Active:           446644 kB
Mem:          3.8G       782M       3.1G       5.7M        55M       327M

MemTotal:        4016004 kB
MemFree:         3215480 kB
Active:           446684 kB
Mem:          3.8G       782M       3.1G       5.7M        55M       327M

MemTotal:        4016004 kB
MemFree:         3214544 kB
Active:           444688 kB
Mem:          3.8G       782M       3.1G       5.7M        55M       327M

MemTotal:        4016004 kB
MemFree:         3214480 kB
Active:           446728 kB
Mem:          3.8G       782M       3.1G       5.7M        55M       327M

MemTotal:        4016004 kB
MemFree:         3214852 kB
Active:           446716 kB
Mem:          3.8G       782M       3.1G       5.7M        55M       327M

MemTotal:        4016004 kB
MemFree:         3214852 kB
Active:           446696 kB
Mem:          3.8G       782M       3.1G       5.7M        55M       327M

MemTotal:        4016004 kB
MemFree:         3214356 kB
Active:           446736 kB
Mem:          3.8G       782M       3.1G       5.7M        55M       327M

MemTotal:        4016004 kB
MemFree:         3214232 kB
Active:           446744 kB
Mem:          3.8G       783M       3.1G       5.7M        55M       327M

MemTotal:        4016004 kB
MemFree:         3214480 kB
Active:           446700 kB
Mem:          3.8G       782M       3.1G       5.7M        55M       327M

MemTotal:        4016004 kB
MemFree:         3214480 kB
Active:           446748 kB
Mem:          3.8G       782M       3.1G       5.7M        55M       327M

MemTotal:        4016004 kB
MemFree:         3214808 kB
Active:           446728 kB
Mem:          3.8G       782M       3.1G       5.7M        55M       327M

MemTotal:        4016004 kB
MemFree:         3214808 kB
Active:           446708 kB
Mem:          3.8G       782M       3.1G       5.7M        55M       327M

MemTotal:        4016004 kB
MemFree:         3214128 kB
Active:           444884 kB
Mem:          3.8G       782M       3.1G       5.7M        55M       327M

MemTotal:        4016004 kB
MemFree:         3214828 kB
Active:           446788 kB
Mem:          3.8G       782M       3.1G       5.7M        55M       327M

MemTotal:        4016004 kB
MemFree:         3215060 kB
Active:           446808 kB
Mem:          3.8G       782M       3.1G       5.7M        55M       327M

MemTotal:        4016004 kB
MemFree:         3214672 kB
Active:           446836 kB
Mem:          3.8G       782M       3.1G       5.7M        55M       327M

MemTotal:        4016004 kB
MemFree:         3215140 kB
Active:           446804 kB
Mem:          3.8G       782M       3.1G       5.7M        55M       327M

MemTotal:        4016004 kB
MemFree:         3214924 kB
Active:           446840 kB
Mem:          3.8G       782M       3.1G       5.7M        55M       327M

MemTotal:        4016004 kB
MemFree:         3214924 kB
Active:           446840 kB
Mem:          3.8G       782M       3.1G       5.7M        55M       327M

MemTotal:        4016004 kB
MemFree:         3214924 kB
Active:           446804 kB
Mem:          3.8G       782M       3.1G       5.7M        55M       327M

MemTotal:        4016004 kB
MemFree:         3214476 kB
Active:           446844 kB
Mem:          3.8G       782M       3.1G       5.7M        55M       327M

MemTotal:        4016004 kB
MemFree:         3214848 kB
Active:           446824 kB
Mem:          3.8G       782M       3.1G       5.7M        55M       327M

MemTotal:        4016004 kB
MemFree:         3214956 kB
Active:           446852 kB
Mem:          3.8G       782M       3.1G       5.7M        55M       327M

MemTotal:        4016004 kB
MemFree:         3215376 kB
Active:           446812 kB
Mem:          3.8G       781M       3.1G       5.7M        55M       327M

MemTotal:        4016004 kB
MemFree:         3215112 kB
Active:           446864 kB
Mem:          3.8G       782M       3.1G       5.7M        55M       327M

MemTotal:        4016004 kB
MemFree:         3214988 kB
Active:           446864 kB
Mem:          3.8G       782M       3.1G       5.7M        55M       327M

MemTotal:        4016004 kB
MemFree:         3215360 kB
Active:           446828 kB
Mem:          3.8G       781M       3.1G       5.7M        55M       327M

MemTotal:        4016004 kB
MemFree:         3214864 kB
Active:           446864 kB
Mem:          3.8G       782M       3.1G       5.7M        55M       327M

MemTotal:        4016004 kB
MemFree:         3214368 kB
Active:           446864 kB
Mem:          3.8G       782M       3.1G       5.7M        55M       327M

MemTotal:        4016004 kB
MemFree:         3215004 kB
Active:           446816 kB
Mem:          3.8G       782M       3.1G       5.7M        55M       327M

MemTotal:        4016004 kB
MemFree:         3215176 kB
Active:           446836 kB
Mem:          3.8G       782M       3.1G       5.7M        55M       327M

MemTotal:        4016004 kB
MemFree:         3215456 kB
Active:           446852 kB
Mem:          3.8G       781M       3.1G       5.7M        55M       327M

MemTotal:        4016004 kB
MemFree:         3215456 kB
Active:           446868 kB
Mem:          3.8G       781M       3.1G       5.7M        55M       327M

MemTotal:        4016004 kB
MemFree:         3215456 kB
Active:           446840 kB
Mem:          3.8G       781M       3.1G       5.7M        55M       327M

MemTotal:        4016004 kB
MemFree:         3215472 kB
Active:           446860 kB
Mem:          3.8G       782M       3.1G       5.7M        55M       327M

MemTotal:        4016004 kB
MemFree:         3215364 kB
Active:           446824 kB
Mem:          3.8G       781M       3.1G       5.7M        55M       327M

MemTotal:        4016004 kB
MemFree:         3215612 kB
Active:           446848 kB
Mem:          3.8G       781M       3.1G       5.7M        55M       327M

MemTotal:        4016004 kB
MemFree:         3215612 kB
Active:           446860 kB
Mem:          3.8G       781M       3.1G       5.7M        55M       327M

MemTotal:        4016004 kB
MemFree:         3215612 kB
Active:           446828 kB
Mem:          3.8G       781M       3.1G       5.7M        55M       327M

MemTotal:        4016004 kB
MemFree:         3215100 kB
Active:           446880 kB
Mem:          3.8G       782M       3.1G       5.7M        55M       327M

MemTotal:        4016004 kB
MemFree:         3214868 kB
Active:           447028 kB
Mem:          3.8G       782M       3.1G       5.7M        55M       327M

MemTotal:        4016004 kB
MemFree:         3215380 kB
Active:           446832 kB
Mem:          3.8G       781M       3.1G       5.7M        55M       327M

MemTotal:        4016004 kB
MemFree:         3214428 kB
Active:           444844 kB
Mem:          3.8G       782M       3.1G       5.7M        55M       327M

MemTotal:        4016004 kB
MemFree:         3214660 kB
Active:           447020 kB
Mem:          3.8G       782M       3.1G       5.7M        55M       327M

MemTotal:        4016004 kB
MemFree:         3214800 kB
Active:           446944 kB
Mem:          3.8G       782M       3.1G       5.7M        55M       327M

MemTotal:        4016004 kB
MemFree:         3215436 kB
Active:           446848 kB
Mem:          3.8G       782M       3.1G       5.7M        55M       327M

MemTotal:        4016004 kB
MemFree:         3214816 kB
Active:           446724 kB
Mem:          3.8G       782M       3.1G       5.7M        55M       327M

MemTotal:        4016004 kB
MemFree:         3215048 kB
Active:           446740 kB
Mem:          3.8G       782M       3.1G       5.7M        55M       327M

MemTotal:        4016004 kB
MemFree:         3214800 kB
Active:           446732 kB
Mem:          3.8G       782M       3.1G       5.7M        55M       327M

MemTotal:        4016004 kB
MemFree:         3215096 kB
Active:           446808 kB
Mem:          3.8G       782M       3.1G       5.7M        55M       327M

MemTotal:        4016004 kB
MemFree:         3215576 kB
Active:           446760 kB
Mem:          3.8G       781M       3.1G       5.7M        55M       327M

MemTotal:        4016004 kB
MemFree:         3215776 kB
Active:           446748 kB
Mem:          3.8G       781M       3.1G       5.7M        55M       327M

MemTotal:        4016004 kB
MemFree:         3214480 kB
Active:           444800 kB
Mem:          3.8G       782M       3.1G       5.7M        55M       327M

MemTotal:        4016004 kB
MemFree:         3215032 kB
Active:           446812 kB
Mem:          3.8G       781M       3.1G       5.7M        55M       327M

MemTotal:        4016004 kB
MemFree:         3215156 kB
Active:           446792 kB
Mem:          3.8G       781M       3.1G       5.7M        55M       327M

MemTotal:        4016004 kB
MemFree:         3215780 kB
Active:           446932 kB
Mem:          3.8G       781M       3.1G       5.7M        55M       327M

MemTotal:        4016004 kB
MemFree:         3215760 kB
Active:           446696 kB
Mem:          3.8G       781M       3.1G       5.7M        55M       327M

MemTotal:        4016004 kB
MemFree:         3215404 kB
Active:           446828 kB
Mem:          3.8G       782M       3.1G       5.7M        55M       327M

MemTotal:        4016004 kB
MemFree:         3215156 kB
Active:           446748 kB
Mem:          3.8G       781M       3.1G       5.7M        55M       327M

MemTotal:        4016004 kB
MemFree:         3215636 kB
Active:           446572 kB
Mem:          3.8G       781M       3.1G       5.7M        55M       327M

MemTotal:        4016004 kB
MemFree:         3215528 kB
Active:           446940 kB
Mem:          3.8G       781M       3.1G       5.7M        55M       327M

MemTotal:        4016004 kB
MemFree:         3215512 kB
Active:           446700 kB
Mem:          3.8G       781M       3.1G       5.7M        55M       327M

MemTotal:        4016004 kB
MemFree:         3214652 kB
Active:           444808 kB
Mem:          3.8G       782M       3.1G       5.7M        55M       327M

MemTotal:        4016004 kB
MemFree:         3214620 kB
Active:           446796 kB
Mem:          3.8G       782M       3.1G       5.7M        55M       327M

MemTotal:        4016004 kB
MemFree:         3215332 kB
Active:           446504 kB
Mem:          3.8G       782M       3.1G       5.7M        55M       327M

MemTotal:        4016004 kB
MemFree:         3215240 kB
Active:           446920 kB
Mem:          3.8G       781M       3.1G       5.7M        55M       327M

MemTotal:        4016004 kB
MemFree:         3215736 kB
Active:           446732 kB
Mem:          3.8G       781M       3.1G       5.7M        55M       327M

MemTotal:        4016004 kB
MemFree:         3215488 kB
Active:           446768 kB
Mem:          3.8G       781M       3.1G       5.7M        55M       327M

MemTotal:        4016004 kB
MemFree:         3215736 kB
Active:           446748 kB
Mem:          3.8G       781M       3.1G       5.7M        55M       327M

MemTotal:        4016004 kB
MemFree:         3215364 kB
Active:           446776 kB
Mem:          3.8G       781M       3.1G       5.7M        55M       327M

MemTotal:        4016004 kB
MemFree:         3215240 kB
Active:           446776 kB
Mem:          3.8G       781M       3.1G       5.7M        55M       327M

MemTotal:        4016004 kB
MemFree:         3215736 kB
Active:           446736 kB
Mem:          3.8G       783M       3.1G       5.7M        55M       327M

MemTotal:        4016004 kB
MemFree:         3214060 kB
Active:           448788 kB
Mem:          3.8G       783M       3.1G       5.7M        55M       327M

MemTotal:        4016004 kB
MemFree:         3213936 kB
Active:           448760 kB
Mem:          3.8G       783M       3.1G       5.7M        55M       327M

MemTotal:        4016004 kB
MemFree:         3214060 kB
Active:           448784 kB
Mem:          3.8G       783M       3.1G       5.7M        55M       327M

MemTotal:        4016004 kB
MemFree:         3213440 kB
Active:           448816 kB
Mem:          3.8G       783M       3.1G       5.7M        55M       327M

MemTotal:        4016004 kB
MemFree:         3213440 kB
Active:           448820 kB
Mem:          3.8G       783M       3.1G       5.7M        55M       327M

MemTotal:        4016004 kB
MemFree:         3213688 kB
Active:           448808 kB
Mem:          3.8G       783M       3.1G       5.7M        55M       327M

MemTotal:        4016004 kB
MemFree:         3213316 kB
Active:           448824 kB
Mem:          3.8G       783M       3.1G       5.7M        55M       327M

MemTotal:        4016004 kB
MemFree:         3213316 kB
Active:           448824 kB
Mem:          3.8G       783M       3.1G       5.7M        55M       327M

MemTotal:        4016004 kB
MemFree:         3213812 kB
Active:           448804 kB
Mem:          3.8G       783M       3.1G       5.7M        55M       327M

MemTotal:        4016004 kB
MemFree:         3213688 kB
Active:           448780 kB
Mem:          3.8G       783M       3.1G       5.7M        55M       327M

MemTotal:        4016004 kB
MemFree:         3213316 kB
Active:           448832 kB
Mem:          3.8G       783M       3.1G       5.7M        55M       327M

MemTotal:        4016004 kB
MemFree:         3213192 kB
Active:           448800 kB
Mem:          3.8G       783M       3.1G       5.7M        55M       327M

MemTotal:        4016004 kB
MemFree:         3213440 kB
Active:           448828 kB
Mem:          3.8G       783M       3.1G       5.7M        55M       327M

MemTotal:        4016004 kB
MemFree:         3213316 kB
Active:           448792 kB
Mem:          3.8G       783M       3.1G       5.7M        55M       327M

MemTotal:        4016004 kB
MemFree:         3213068 kB
Active:           448788 kB
Mem:          3.8G       783M       3.1G       5.7M        55M       327M

MemTotal:        4016004 kB
MemFree:         3213316 kB
Active:           448824 kB
Mem:          3.8G       783M       3.1G       5.7M        55M       327M

MemTotal:        4016004 kB
MemFree:         3213192 kB
Active:           448788 kB
Mem:          3.8G       783M       3.1G       5.7M        55M       327M

MemTotal:        4016004 kB
MemFree:         3213688 kB
Active:           448800 kB
Mem:          3.8G       783M       3.1G       5.7M        55M       327M

MemTotal:        4016004 kB
MemFree:         3213688 kB
Active:           448812 kB
Mem:          3.8G       783M       3.1G       5.7M        55M       327M

MemTotal:        4016004 kB
MemFree:         3213676 kB
Active:           446828 kB
Mem:          3.8G       784M       3.1G       5.7M        55M       327M

MemTotal:        4016004 kB
MemFree:         3212940 kB
Active:           446800 kB
Mem:          3.8G       784M       3.1G       5.7M        55M       327M

MemTotal:        4016004 kB
MemFree:         3213312 kB
Active:           448800 kB
Mem:          3.8G       783M       3.1G       5.7M        55M       327M

MemTotal:        4016004 kB
MemFree:         3213560 kB
Active:           448816 kB
Mem:          3.8G       783M       3.1G       5.7M        55M       327M

MemTotal:        4016004 kB
MemFree:         3213072 kB
Active:           448848 kB
Mem:          3.8G       784M       3.1G       5.7M        55M       327M

MemTotal:        4016004 kB
MemFree:         3213196 kB
Active:           448800 kB
Mem:          3.8G       784M       3.1G       5.7M        55M       327M

MemTotal:        4016004 kB
MemFree:         3212824 kB
Active:           448856 kB
Mem:          3.8G       784M       3.1G       5.7M        55M       327M

MemTotal:        4016004 kB
MemFree:         3212824 kB
Active:           448856 kB
Mem:          3.8G       784M       3.1G       5.7M        55M       327M

MemTotal:        4016004 kB
MemFree:         3213072 kB
Active:           448852 kB
Mem:          3.8G       784M       3.1G       5.7M        55M       327M

MemTotal:        4016004 kB
MemFree:         3213072 kB
Active:           448808 kB
Mem:          3.8G       784M       3.1G       5.7M        55M       327M

MemTotal:        4016004 kB
MemFree:         3213072 kB
Active:           448828 kB
Mem:          3.8G       784M       3.1G       5.7M        55M       327M

MemTotal:        4016004 kB
MemFree:         3212576 kB
Active:           448860 kB
Mem:          3.8G       784M       3.1G       5.7M        55M       327M

MemTotal:        4016004 kB
MemFree:         3213072 kB
Active:           448840 kB
Mem:          3.8G       783M       3.1G       5.7M        55M       327M

MemTotal:        4016004 kB
MemFree:         3213444 kB
Active:           448848 kB
Mem:          3.8G       783M       3.1G       5.7M        55M       327M

MemTotal:        4016004 kB
MemFree:         3213444 kB
Active:           448856 kB
Mem:          3.8G       783M       3.1G       5.7M        55M       327M

MemTotal:        4016004 kB
MemFree:         3213320 kB
Active:           448824 kB
Mem:          3.8G       783M       3.1G       5.7M        55M       327M

MemTotal:        4016004 kB
MemFree:         3213320 kB
Active:           448832 kB
Mem:          3.8G       783M       3.1G       5.7M        55M       327M

MemTotal:        4016004 kB
MemFree:         3213444 kB
Active:           448844 kB
Mem:          3.8G       783M       3.1G       5.7M        55M       327M

MemTotal:        4016004 kB
MemFree:         3213444 kB
Active:           448864 kB
Mem:          3.8G       783M       3.1G       5.7M        55M       327M

MemTotal:        4016004 kB
MemFree:         3213072 kB
Active:           448872 kB
Mem:          3.8G       783M       3.1G       5.7M        55M       327M

MemTotal:        4016004 kB
MemFree:         3213320 kB
Active:           448880 kB
Mem:          3.8G       783M       3.1G       5.7M        55M       327M

MemTotal:        4016004 kB
MemFree:         3213320 kB
Active:           448844 kB
Mem:          3.8G       783M       3.1G       5.7M        55M       327M

MemTotal:        4016004 kB
MemFree:         3213444 kB
Active:           448848 kB
Mem:          3.8G       783M       3.1G       5.7M        55M       327M

MemTotal:        4016004 kB
MemFree:         3213320 kB
Active:           448860 kB
Mem:          3.8G       783M       3.1G       5.7M        55M       327M

MemTotal:        4016004 kB
MemFree:         3213320 kB
Active:           448828 kB
Mem:          3.8G       783M       3.1G       5.7M        55M       327M

MemTotal:        4016004 kB
MemFree:         3213320 kB
Active:           448852 kB
Mem:          3.8G       783M       3.1G       5.7M        55M       327M

MemTotal:        4016004 kB
MemFree:         3212948 kB
Active:           448888 kB
Mem:          3.8G       784M       3.1G       5.7M        55M       327M

MemTotal:        4016004 kB
MemFree:         3213320 kB
Active:           448832 kB
Mem:          3.8G       784M       3.1G       5.7M        55M       327M

MemTotal:        4016004 kB
MemFree:         3213196 kB
Active:           448864 kB
Mem:          3.8G       783M       3.1G       5.7M        55M       327M

MemTotal:        4016004 kB
MemFree:         3212700 kB
Active:           448892 kB
Mem:          3.8G       784M       3.1G       5.7M        55M       327M

MemTotal:        4016004 kB
MemFree:         3212236 kB
Active:           446880 kB
Mem:          3.8G       784M       3.1G       5.7M        55M       327M

MemTotal:        4016004 kB
MemFree:         3212884 kB
Active:           448848 kB
Mem:          3.8G       784M       3.1G       5.7M        55M       327M

MemTotal:        4016004 kB
MemFree:         3213132 kB
Active:           448860 kB
Mem:          3.8G       784M       3.1G       5.7M        55M       327M

MemTotal:        4016004 kB
MemFree:         3213132 kB
Active:           448868 kB
Mem:          3.8G       784M       3.1G       5.7M        55M       327M

MemTotal:        4016004 kB
MemFree:         3213132 kB
Active:           448872 kB
Mem:          3.8G       783M       3.1G       5.7M        55M       327M

MemTotal:        4016004 kB
MemFree:         3213380 kB
Active:           448888 kB
Mem:          3.8G       783M       3.1G       5.7M        55M       327M

MemTotal:        4016004 kB
MemFree:         3212884 kB
Active:           448916 kB
Mem:          3.8G       784M       3.1G       5.7M        55M       327M

MemTotal:        4016004 kB
MemFree:         3212884 kB
Active:           448896 kB
Mem:          3.8G       784M       3.1G       5.7M        55M       327M

MemTotal:        4016004 kB
MemFree:         3213008 kB
Active:           448876 kB
Mem:          3.8G       784M       3.1G       5.7M        55M       327M

MemTotal:        4016004 kB
MemFree:         3213008 kB
Active:           448892 kB
Mem:          3.8G       784M       3.1G       5.7M        55M       327M

MemTotal:        4016004 kB
MemFree:         3210588 kB
Active:           448924 kB
Mem:          3.8G       786M       3.1G       5.7M        55M       327M

MemTotal:        4016004 kB
MemFree:         3210960 kB
Active:           450900 kB
Mem:          3.8G       786M       3.1G       5.7M        55M       327M

MemTotal:        4016004 kB
MemFree:         3210588 kB
Active:           450952 kB
Mem:          3.8G       786M       3.1G       5.7M        55M       327M

MemTotal:        4016004 kB
MemFree:         3210712 kB
Active:           450960 kB
Mem:          3.8G       786M       3.1G       5.7M        55M       327M

MemTotal:        4016004 kB
MemFree:         3211208 kB
Active:           450924 kB
Mem:          3.8G       786M       3.1G       5.7M        55M       327M

MemTotal:        4016004 kB
MemFree:         3210960 kB
Active:           450952 kB
Mem:          3.8G       786M       3.1G       5.7M        55M       327M

MemTotal:        4016004 kB
MemFree:         3210836 kB
Active:           450960 kB
Mem:          3.8G       786M       3.1G       5.7M        55M       327M

MemTotal:        4016004 kB
MemFree:         3210836 kB
Active:           450928 kB
Mem:          3.8G       786M       3.1G       5.7M        55M       327M

MemTotal:        4016004 kB
MemFree:         3210960 kB
Active:           450948 kB
Mem:          3.8G       786M       3.1G       5.7M        55M       327M

MemTotal:        4016004 kB
MemFree:         3210588 kB
Active:           450960 kB
Mem:          3.8G       786M       3.1G       5.7M        55M       327M

MemTotal:        4016004 kB
MemFree:         3210588 kB
Active:           450960 kB
Mem:          3.8G       786M       3.1G       5.7M        55M       327M

MemTotal:        4016004 kB
MemFree:         3210960 kB
Active:           450920 kB
Mem:          3.8G       786M       3.1G       5.7M        55M       327M

MemTotal:        4016004 kB
MemFree:         3210712 kB
Active:           450964 kB
Mem:          3.8G       786M       3.1G       5.7M        55M       327M

MemTotal:        4016004 kB
MemFree:         3210960 kB
Active:           450944 kB
Mem:          3.8G       786M       3.1G       5.7M        55M       327M

MemTotal:        4016004 kB
MemFree:         3210960 kB
Active:           450952 kB
Mem:          3.8G       786M       3.1G       5.7M        55M       327M

MemTotal:        4016004 kB
MemFree:         3211084 kB
Active:           450936 kB
Mem:          3.8G       786M       3.1G       5.7M        55M       327M

MemTotal:        4016004 kB
MemFree:         3210960 kB
Active:           450972 kB
Mem:          3.8G       786M       3.1G       5.7M        55M       327M

MemTotal:        4016004 kB
MemFree:         3210836 kB
Active:           450980 kB
Mem:          3.8G       785M       3.1G       5.7M        55M       327M

MemTotal:        4016004 kB
MemFree:         3211332 kB
Active:           450952 kB
Mem:          3.8G       785M       3.1G       5.7M        55M       327M

MemTotal:        4016004 kB
MemFree:         3210712 kB
Active:           450980 kB
Mem:          3.8G       785M       3.1G       5.7M        55M       327M

MemTotal:        4016004 kB
MemFree:         3211208 kB
Active:           450928 kB
Mem:          3.8G       785M       3.1G       5.7M        55M       327M

MemTotal:        4016004 kB
MemFree:         3210588 kB
Active:           450980 kB
Mem:          3.8G       786M       3.1G       5.7M        55M       327M

MemTotal:        4016004 kB
MemFree:         3210960 kB
Active:           450936 kB
Mem:          3.8G       786M       3.1G       5.7M        55M       327M

MemTotal:        4016004 kB
MemFree:         3211084 kB
Active:           450952 kB
Mem:          3.8G       785M       3.1G       5.7M        55M       327M

MemTotal:        4016004 kB
MemFree:         3211456 kB
Active:           450964 kB
Mem:          3.8G       785M       3.1G       5.7M        55M       327M

MemTotal:        4016004 kB
MemFree:         3211332 kB
Active:           450976 kB
Mem:          3.8G       786M       3.1G       5.7M        55M       327M

MemTotal:        4016004 kB
MemFree:         3202076 kB
Active:           458824 kB
Mem:          3.8G       794M       3.1G       5.7M        62M       327M

MemTotal:        4016004 kB
MemFree:         3202108 kB
Active:           458784 kB
Mem:          3.8G       794M       3.1G       5.7M        62M       327M

MemTotal:        4016004 kB
MemFree:         3201860 kB
Active:           458784 kB
Mem:          3.8G       795M       3.1G       5.7M        62M       327M

MemTotal:        4016004 kB
MemFree:         3202232 kB
Active:           458752 kB
Mem:          3.8G       794M       3.1G       5.7M        62M       327M

MemTotal:        4016004 kB
MemFree:         3200432 kB
Active:           458788 kB
Mem:          3.8G       796M       3.1G       5.7M        62M       327M

MemTotal:        4016004 kB
MemFree:         3200060 kB
Active:           460812 kB
Mem:          3.8G       797M       3.1G       5.7M        62M       327M

MemTotal:        4016004 kB
MemFree:         3199688 kB
Active:           460820 kB
Mem:          3.8G       796M       3.1G       5.7M        62M       327M

MemTotal:        4016004 kB
MemFree:         3199688 kB
Active:           460820 kB
Mem:          3.8G       797M       3.1G       5.7M        62M       327M

MemTotal:        4016004 kB
MemFree:         3199936 kB
Active:           460788 kB
Mem:          3.8G       797M       3.1G       5.7M        62M       327M

MemTotal:        4016004 kB
MemFree:         3200060 kB
Active:           460764 kB
Mem:          3.8G       796M       3.1G       5.7M        62M       327M

MemTotal:        4016004 kB
MemFree:         3199812 kB
Active:           460784 kB
Mem:          3.8G       797M       3.1G       5.7M        62M       327M

MemTotal:        4016004 kB
MemFree:         3199564 kB
Active:           460820 kB
Mem:          3.8G       797M       3.1G       5.7M        62M       327M

MemTotal:        4016004 kB
MemFree:         3199640 kB
Active:           460928 kB
Mem:          3.8G       797M       3.1G       5.7M        62M       327M

MemTotal:        4016004 kB
MemFree:         3156900 kB
Active:           461396 kB
Mem:          3.8G       839M       3.0G       5.7M        62M       369M

MemTotal:        4016004 kB
MemFree:         3110428 kB
Active:           461404 kB
Mem:          3.8G       885M       3.0G       5.7M        62M       414M

MemTotal:        4016004 kB
MemFree:         3063568 kB
Active:           461404 kB
Mem:          3.8G       930M       2.9G       5.7M        62M       459M

MemTotal:        4016004 kB
MemFree:         3017344 kB
Active:           461408 kB
Mem:          3.8G       975M       2.9G       5.7M        62M       503M

MemTotal:        4016004 kB
MemFree:         2970980 kB
Active:           461412 kB
Mem:          3.8G       1.0G       2.8G       5.7M        62M       548M

MemTotal:        4016004 kB
MemFree:         2925004 kB
Active:           461412 kB
Mem:          3.8G       1.0G       2.8G       5.7M        62M       592M

MemTotal:        4016004 kB
MemFree:         2878640 kB
Active:           461420 kB
Mem:          3.8G       1.1G       2.7G       5.7M        62M       637M

MemTotal:        4016004 kB
MemFree:         2832184 kB
Active:           461420 kB
Mem:          3.8G       1.1G       2.7G       5.7M        62M       681M

MemTotal:        4016004 kB
MemFree:         2785820 kB
Active:           461420 kB
Mem:          3.8G       1.2G       2.7G       5.7M        62M       726M

MemTotal:        4016004 kB
MemFree:         2739120 kB
Active:           461428 kB
Mem:          3.8G       1.2G       2.6G       5.7M        62M       771M

MemTotal:        4016004 kB
MemFree:         2692820 kB
Active:           461440 kB
Mem:          3.8G       1.3G       2.6G       5.7M        62M       815M

MemTotal:        4016004 kB
MemFree:         2664900 kB
Active:           461448 kB
Mem:          3.8G       1.3G       2.5G       5.7M        62M       842M

MemTotal:        4016004 kB
MemFree:         2635144 kB
Active:           461460 kB
Mem:          3.8G       1.3G       2.5G       5.7M        62M       871M

MemTotal:        4016004 kB
MemFree:         2588456 kB
Active:           461460 kB
Mem:          3.8G       1.4G       2.5G       5.7M        62M       915M

MemTotal:        4016004 kB
MemFree:         2542252 kB
Active:           461464 kB
Mem:          3.8G       1.4G       2.4G       5.7M        62M       960M

MemTotal:        4016004 kB
MemFree:         2496112 kB
Active:           461464 kB
Mem:          3.8G       1.4G       2.4G       5.7M        62M       1.0G

MemTotal:        4016004 kB
MemFree:         2449980 kB
Active:           461472 kB
Mem:          3.8G       1.5G       2.3G       5.7M        62M       1.0G

MemTotal:        4016004 kB
MemFree:         2403136 kB
Active:           461476 kB
Mem:          3.8G       1.5G       2.3G       5.7M        62M       1.1G

MemTotal:        4016004 kB
MemFree:         2357160 kB
Active:           461472 kB
Mem:          3.8G       1.6G       2.2G       5.7M        62M       1.1G

MemTotal:        4016004 kB
MemFree:         2310440 kB
Active:           461440 kB
Mem:          3.8G       1.6G       2.2G       5.7M        62M       1.2G

MemTotal:        4016004 kB
MemFree:         2263448 kB
Active:           461488 kB
Mem:          3.8G       1.7G       2.2G       5.7M        62M       1.2G

MemTotal:        4016004 kB
MemFree:         2222820 kB
Active:           461496 kB
Mem:          3.8G       1.7G       2.1G       5.7M        62M       1.2G

MemTotal:        4016004 kB
MemFree:         2206232 kB
Active:           461508 kB
Mem:          3.8G       1.7G       2.1G       5.7M        62M       1.3G

MemTotal:        4016004 kB
MemFree:         2160132 kB
Active:           461512 kB
Mem:          3.8G       1.8G       2.1G       5.7M        62M       1.3G

MemTotal:        4016004 kB
MemFree:         2131772 kB
Active:           461512 kB
Mem:          3.8G       1.8G       2.0G       5.7M        62M       1.3G

MemTotal:        4016004 kB
MemFree:         2131192 kB
Active:           461528 kB
Mem:          3.8G       1.8G       2.0G       5.7M        62M       1.3G

MemTotal:        4016004 kB
MemFree:         2131100 kB
Active:           461548 kB
Mem:          3.8G       1.8G       2.0G       5.7M        62M       1.3G

MemTotal:        4016004 kB
MemFree:         2131140 kB
Active:           461548 kB
Mem:          3.8G       1.8G       2.0G       5.7M        62M       1.3G

MemTotal:        4016004 kB
MemFree:         2109800 kB
Active:           461560 kB
Mem:          3.8G       1.8G       2.0G       5.7M        62M       1.3G

MemTotal:        4016004 kB
MemFree:         2063436 kB
Active:           461564 kB
Mem:          3.8G       1.9G       2.0G       5.7M        62M       1.4G

MemTotal:        4016004 kB
MemFree:         2017212 kB
Active:           461564 kB
Mem:          3.8G       1.9G       1.9G       5.7M        62M       1.4G

MemTotal:        4016004 kB
MemFree:         1970848 kB
Active:           461576 kB
Mem:          3.8G       2.0G       1.9G       5.7M        62M       1.5G

MemTotal:        4016004 kB
MemFree:         1924128 kB
Active:           461576 kB
Mem:          3.8G       2.0G       1.8G       5.7M        62M       1.5G

MemTotal:        4016004 kB
MemFree:         1877640 kB
Active:           461576 kB
Mem:          3.8G       2.0G       1.8G       5.7M        62M       1.6G

MemTotal:        4016004 kB
MemFree:         1831416 kB
Active:           461576 kB
Mem:          3.8G       2.1G       1.7G       5.7M        62M       1.6G

MemTotal:        4016004 kB
MemFree:         1785176 kB
Active:           461576 kB
Mem:          3.8G       2.1G       1.7G       5.7M        62M       1.6G

MemTotal:        4016004 kB
MemFree:         1759692 kB
Active:           461576 kB
Mem:          3.8G       2.2G       1.7G       5.7M        62M       1.7G

MemTotal:        4016004 kB
MemFree:         1727560 kB
Active:           461584 kB
Mem:          3.8G       2.2G       1.6G       5.7M        62M       1.7G

MemTotal:        4016004 kB
MemFree:         1690572 kB
Active:           461592 kB
Mem:          3.8G       2.2G       1.6G       5.7M        62M       1.7G

MemTotal:        4016004 kB
MemFree:         1688752 kB
Active:           461600 kB
Mem:          3.8G       2.2G       1.6G       5.7M        62M       1.7G

MemTotal:        4016004 kB
MemFree:         1668464 kB
Active:           461612 kB
Mem:          3.8G       2.2G       1.6G       5.7M        62M       1.8G

MemTotal:        4016004 kB
MemFree:         1627632 kB
Active:           461616 kB
Mem:          3.8G       2.3G       1.6G       5.7M        62M       1.8G

MemTotal:        4016004 kB
MemFree:         1622740 kB
Active:           461620 kB
Mem:          3.8G       2.3G       1.5G       5.7M        62M       1.8G

MemTotal:        4016004 kB
MemFree:         1576376 kB
Active:           461628 kB
Mem:          3.8G       2.3G       1.5G       5.7M        62M       1.8G

MemTotal:        4016004 kB
MemFree:         1529656 kB
Active:           461632 kB
Mem:          3.8G       2.4G       1.5G       5.7M        62M       1.9G

MemTotal:        4016004 kB
MemFree:         1483168 kB
Active:           461640 kB
Mem:          3.8G       2.4G       1.4G       5.7M        62M       1.9G

MemTotal:        4016004 kB
MemFree:         1437564 kB
Active:           461640 kB
Mem:          3.8G       2.5G       1.4G       5.7M        62M       2.0G

MemTotal:        4016004 kB
MemFree:         1390704 kB
Active:           461648 kB
Mem:          3.8G       2.5G       1.3G       5.7M        62M       2.0G

MemTotal:        4016004 kB
MemFree:         1344604 kB
Active:           461648 kB
Mem:          3.8G       2.5G       1.3G       5.7M        62M       2.1G

MemTotal:        4016004 kB
MemFree:         1297612 kB
Active:           461652 kB
Mem:          3.8G       2.6G       1.2G       5.7M        62M       2.1G

MemTotal:        4016004 kB
MemFree:         1251668 kB
Active:           461652 kB
Mem:          3.8G       2.6G       1.2G       5.7M        62M       2.2G

MemTotal:        4016004 kB
MemFree:         1246344 kB
Active:           461656 kB
Mem:          3.8G       2.6G       1.2G       5.7M        62M       2.2G

MemTotal:        4016004 kB
MemFree:         1245964 kB
Active:           461668 kB
Mem:          3.8G       2.6G       1.2G       5.7M        62M       2.2G

MemTotal:        4016004 kB
MemFree:         1244960 kB
Active:           461640 kB
Mem:          3.8G       2.6G       1.2G       5.7M        62M       2.2G

MemTotal:        4016004 kB
MemFree:         1245196 kB
Active:           461648 kB
Mem:          3.8G       2.6G       1.2G       5.7M        62M       2.2G

MemTotal:        4016004 kB
MemFree:         1216956 kB
Active:           461672 kB
Mem:          3.8G       2.7G       1.2G       5.7M        62M       2.2G

MemTotal:        4016004 kB
MemFree:         1169848 kB
Active:           461648 kB
Mem:          3.8G       2.7G       1.1G       5.7M        62M       2.2G

MemTotal:        4016004 kB
MemFree:         1122772 kB
Active:           461680 kB
Mem:          3.8G       2.8G       1.1G       5.7M        62M       2.3G

MemTotal:        4016004 kB
MemFree:         1076176 kB
Active:           461680 kB
Mem:          3.8G       2.8G       1.0G       5.7M        62M       2.3G

MemTotal:        4016004 kB
MemFree:         1029316 kB
Active:           461684 kB
Mem:          3.8G       2.8G       1.0G       5.7M        62M       2.4G

MemTotal:        4016004 kB
MemFree:          982968 kB
Active:           461684 kB
Mem:          3.8G       2.9G       959M       5.7M        62M       2.4G

MemTotal:        4016004 kB
MemFree:          936540 kB
Active:           461784 kB
Mem:          3.8G       2.9G       914M       5.7M        62M       2.4G

MemTotal:        4016004 kB
MemFree:          890192 kB
Active:           461700 kB
Mem:          3.8G       3.0G       868M       5.7M        62M       2.5G

MemTotal:        4016004 kB
MemFree:          842980 kB
Active:           461728 kB
Mem:          3.8G       3.0G       822M       5.7M        62M       2.5G

MemTotal:        4016004 kB
MemFree:          795860 kB
Active:           461728 kB
Mem:          3.8G       3.1G       776M       5.7M        62M       2.6G

MemTotal:        4016004 kB
MemFree:          748896 kB
Active:           461724 kB
Mem:          3.8G       3.1G       731M       5.7M        62M       2.6G

MemTotal:        4016004 kB
MemFree:          716608 kB
Active:           461728 kB
Mem:          3.8G       3.1G       699M       5.7M        63M       2.7G

MemTotal:        4016004 kB
MemFree:          716472 kB
Active:           461740 kB
Mem:          3.8G       3.1G       699M       5.7M        63M       2.7G

MemTotal:        4016004 kB
MemFree:          713676 kB
Active:           461744 kB
Mem:          3.8G       3.1G       696M       5.7M        63M       2.7G

MemTotal:        4016004 kB
MemFree:          666772 kB
Active:           461748 kB
Mem:          3.8G       3.2G       650M       5.7M        63M       2.7G

MemTotal:        4016004 kB
MemFree:          620532 kB
Active:           461748 kB
Mem:          3.8G       3.2G       605M       5.7M        63M       2.7G

MemTotal:        4016004 kB
MemFree:          572012 kB
Active:           463796 kB
Mem:          3.8G       3.3G       558M       5.7M        63M       2.8G

MemTotal:        4016004 kB
MemFree:          549572 kB
Active:           463780 kB
Mem:          3.8G       3.3G       536M       5.7M        63M       2.8G

MemTotal:        4016004 kB
MemFree:          519900 kB
Active:           463796 kB
Mem:          3.8G       3.3G       507M       5.7M        63M       2.8G

MemTotal:        4016004 kB
MemFree:          473584 kB
Active:           463796 kB
Mem:          3.8G       3.4G       462M       5.7M        63M       2.9G

MemTotal:        4016004 kB
MemFree:          426900 kB
Active:           463796 kB
Mem:          3.8G       3.4G       416M       5.7M        63M       2.9G

MemTotal:        4016004 kB
MemFree:          380384 kB
Active:           463796 kB
Mem:          3.8G       3.5G       371M       5.7M        63M       3.0G

MemTotal:        4016004 kB
MemFree:          334020 kB
Active:           463804 kB
Mem:          3.8G       3.5G       325M       5.7M        63M       3.0G

MemTotal:        4016004 kB
MemFree:          287176 kB
Active:           463804 kB
Mem:          3.8G       3.6G       279M       5.7M        63M       3.1G

MemTotal:        4016004 kB
MemFree:          241060 kB
Active:           463804 kB
Mem:          3.8G       3.6G       235M       5.7M        63M       3.1G

MemTotal:        4016004 kB
MemFree:          194168 kB
Active:           463804 kB
Mem:          3.8G       3.6G       189M       5.7M        63M       3.1G

MemTotal:        4016004 kB
MemFree:          147404 kB
Active:           463804 kB
Mem:          3.8G       3.7G       143M       5.7M        63M       3.2G

MemTotal:        4016004 kB
MemFree:          123984 kB
Active:           462024 kB
Mem:          3.8G       3.7G       112M       5.7M        30M       3.2G

MemTotal:        4016004 kB
MemFree:          134964 kB
Active:           474936 kB
Mem:          3.8G       3.7G       131M       5.7M        29M       3.2G

MemTotal:        4016004 kB
MemFree:          116660 kB
Active:           474980 kB
Mem:          3.8G       3.7G       113M       5.7M        29M       3.2G

MemTotal:        4016004 kB
MemFree:          140252 kB
Active:           523124 kB
Mem:          3.8G       3.7G       136M       5.7M        29M       3.2G

MemTotal:        4016004 kB
MemFree:          140228 kB
Active:           521420 kB
Mem:          3.8G       3.7G       116M       5.7M        29M       3.2G

MemTotal:        4016004 kB
MemFree:          115380 kB
Active:           521568 kB
Mem:          3.8G       3.7G       112M       5.7M        29M       3.2G

MemTotal:        4016004 kB
MemFree:          105488 kB
Active:           518108 kB
Mem:          3.8G       3.7G       102M       5.7M        29M       3.3G

MemTotal:        4016004 kB
MemFree:          135508 kB
Active:           508172 kB
Mem:          3.8G       3.7G       132M       5.7M        29M       3.2G

MemTotal:        4016004 kB
MemFree:          130700 kB
Active:           501512 kB
Mem:          3.8G       3.7G       127M       5.7M        29M       3.2G

MemTotal:        4016004 kB
MemFree:          109260 kB
Active:           499600 kB
Mem:          3.8G       3.7G       106M       5.7M        29M       3.3G

MemTotal:        4016004 kB
MemFree:          134584 kB
Active:           492692 kB
Mem:          3.8G       3.7G       130M       5.7M        29M       3.2G

MemTotal:        4016004 kB
MemFree:          140880 kB
Active:           486552 kB
Mem:          3.8G       3.7G       137M       5.7M        29M       3.2G

MemTotal:        4016004 kB
MemFree:          133868 kB
Active:           483096 kB
Mem:          3.8G       3.7G       130M       5.7M        29M       3.2G

MemTotal:        4016004 kB
MemFree:          119188 kB
Active:           483108 kB
Mem:          3.8G       3.7G       116M       5.7M        29M       3.2G

MemTotal:        4016004 kB
MemFree:          124084 kB
Active:           479652 kB
Mem:          3.8G       3.7G       120M       5.7M        29M       3.2G

MemTotal:        4016004 kB
MemFree:          123964 kB
Active:           479660 kB
Mem:          3.8G       3.7G       121M       5.7M        29M       3.2G

MemTotal:        4016004 kB
MemFree:          124156 kB
Active:           479664 kB
Mem:          3.8G       3.7G       121M       5.7M        29M       3.2G

MemTotal:        4016004 kB
MemFree:          114620 kB
Active:           476212 kB
Mem:          3.8G       3.7G       111M       5.7M        29M       3.2G

MemTotal:        4016004 kB
MemFree:          121468 kB
Active:           470324 kB
Mem:          3.8G       3.7G       118M       5.7M        29M       3.2G

MemTotal:        4016004 kB
MemFree:          110584 kB
Active:           469048 kB
Mem:          3.8G       3.7G       107M       5.7M        29M       3.3G

MemTotal:        4016004 kB
MemFree:          124360 kB
Active:           467220 kB
Mem:          3.8G       3.7G       121M       5.7M        29M       3.2G

MemTotal:        4016004 kB
MemFree:          125892 kB
Active:           465572 kB
Mem:          3.8G       3.7G       122M       5.7M        29M       3.2G

MemTotal:        4016004 kB
MemFree:          107676 kB
Active:           464064 kB
Mem:          3.8G       3.7G       104M       5.7M        29M       3.3G

MemTotal:        4016004 kB
MemFree:          126400 kB
Active:           462416 kB
Mem:          3.8G       3.7G       123M       5.7M        29M       3.2G

MemTotal:        4016004 kB
MemFree:          140192 kB
Active:           460632 kB
Mem:          3.8G       3.7G       136M       5.7M        29M       3.2G

MemTotal:        4016004 kB
MemFree:          118712 kB
Active:           460644 kB
Mem:          3.8G       3.7G       115M       5.7M        29M       3.2G

MemTotal:        4016004 kB
MemFree:          140688 kB
Active:           458608 kB
Mem:          3.8G       3.7G       136M       5.7M        29M       3.2G

MemTotal:        4016004 kB
MemFree:          131040 kB
Active:           457456 kB
Mem:          3.8G       3.7G       126M       5.7M        29M       3.2G

MemTotal:        4016004 kB
MemFree:          120608 kB
Active:           456304 kB
Mem:          3.8G       3.7G       117M       5.7M        29M       3.2G

MemTotal:        4016004 kB
MemFree:          124020 kB
Active:           454384 kB
Mem:          3.8G       3.7G       121M       5.7M        29M       3.2G

MemTotal:        4016004 kB
MemFree:          114252 kB
Active:           453240 kB
Mem:          3.8G       3.7G       111M       5.7M        29M       3.2G

MemTotal:        4016004 kB
MemFree:          127220 kB
Active:           451580 kB
Mem:          3.8G       3.7G       124M       5.7M        29M       3.2G

MemTotal:        4016004 kB
MemFree:          127504 kB
Active:           449664 kB
Mem:          3.8G       3.7G       124M       5.7M        29M       3.2G

MemTotal:        4016004 kB
MemFree:          119812 kB
Active:           448128 kB
Mem:          3.8G       3.7G       116M       5.7M        29M       3.2G

MemTotal:        4016004 kB
MemFree:          110124 kB
Active:           446984 kB
Mem:          3.8G       3.7G       107M       5.7M        29M       3.3G

MemTotal:        4016004 kB
MemFree:          130256 kB
Active:           443056 kB
Mem:          3.8G       3.7G       126M       5.7M        29M       3.2G

MemTotal:        4016004 kB
MemFree:          118892 kB
Active:           441904 kB
Mem:          3.8G       3.7G       115M       5.7M        29M       3.2G

MemTotal:        4016004 kB
MemFree:          132004 kB
Active:           440120 kB
Mem:          3.8G       3.7G       128M       5.7M        29M       3.2G

MemTotal:        4016004 kB
MemFree:          150400 kB
Active:           437952 kB
Mem:          3.8G       3.7G       146M       5.7M        29M       3.2G

MemTotal:        4016004 kB
MemFree:          120752 kB
Active:           437952 kB
Mem:          3.8G       3.7G       117M       5.7M        29M       3.2G

MemTotal:        4016004 kB
MemFree:          120400 kB
Active:           437956 kB
Mem:          3.8G       3.7G       117M       5.7M        29M       3.2G

MemTotal:        4016004 kB
MemFree:          125080 kB
Active:           436808 kB
Mem:          3.8G       3.7G       121M       5.7M        29M       3.2G

MemTotal:        4016004 kB
MemFree:          107980 kB
Active:           433760 kB
Mem:          3.8G       3.7G       104M       5.7M        29M       3.3G

MemTotal:        4016004 kB
MemFree:          133676 kB
Active:           431456 kB
Mem:          3.8G       3.7G       129M       5.7M        29M       3.2G

MemTotal:        4016004 kB
MemFree:          133580 kB
Active:           429544 kB
Mem:          3.8G       3.7G       130M       5.7M        29M       3.2G

MemTotal:        4016004 kB
MemFree:          123672 kB
Active:           428396 kB
Mem:          3.8G       3.7G       120M       5.7M        29M       3.2G

MemTotal:        4016004 kB
MemFree:          137512 kB
Active:           426612 kB
Mem:          3.8G       3.7G       133M       5.7M        29M       3.2G

MemTotal:        4016004 kB
MemFree:          132052 kB
Active:           425076 kB
Mem:          3.8G       3.7G       151M       5.7M        29M       3.2G

MemTotal:        4016004 kB
MemFree:          109900 kB
Active:           424436 kB
Mem:          3.8G       3.7G       107M       5.7M        29M       3.3G

MemTotal:        4016004 kB
MemFree:          108708 kB
Active:           424448 kB
Mem:          3.8G       3.7G       105M       5.7M        29M       3.3G

MemTotal:        4016004 kB
MemFree:          108612 kB
Active:           424464 kB
Mem:          3.8G       3.7G       105M       5.7M        29M       3.3G

MemTotal:        4016004 kB
MemFree:          108680 kB
Active:           424464 kB
Mem:          3.8G       3.7G       106M       5.7M        29M       3.3G

MemTotal:        4016004 kB
MemFree:          125708 kB
Active:           423956 kB
Mem:          3.8G       3.7G       122M       5.7M        29M       3.2G

MemTotal:        4016004 kB
MemFree:          133092 kB
Active:           421780 kB
Mem:          3.8G       3.7G       129M       5.7M        29M       3.2G

MemTotal:        4016004 kB
MemFree:          128268 kB
Active:           420244 kB
Mem:          3.8G       3.7G       124M       5.7M        29M       3.2G

MemTotal:        4016004 kB
MemFree:          129352 kB
Active:           418588 kB
Mem:          3.8G       3.7G       125M       5.7M        29M       3.2G

MemTotal:        4016004 kB
MemFree:          129148 kB
Active:           416668 kB
Mem:          3.8G       3.7G       125M       5.7M        29M       3.2G

MemTotal:        4016004 kB
MemFree:          136120 kB
Active:           414620 kB
Mem:          3.8G       3.7G       132M       5.7M        29M       3.2G

MemTotal:        4016004 kB
MemFree:          137124 kB
Active:           410964 kB
Mem:          3.8G       3.7G       133M       5.7M        29M       3.2G

MemTotal:        4016004 kB
MemFree:          151660 kB
Active:           409172 kB
Mem:          3.8G       3.7G       147M       5.7M        29M       3.2G

MemTotal:        4016004 kB
MemFree:          104900 kB
Active:           409184 kB
Mem:          3.8G       3.7G       125M       5.7M        29M       3.2G

MemTotal:        4016004 kB
MemFree:          111964 kB
Active:           407136 kB
Mem:          3.8G       3.7G       108M       5.7M        29M       3.2G

MemTotal:        4016004 kB
MemFree:          125120 kB
Active:           405472 kB
Mem:          3.8G       3.7G       121M       5.7M        29M       3.2G

MemTotal:        4016004 kB
MemFree:          126564 kB
Active:           404844 kB
Mem:          3.8G       3.7G       123M       5.7M        29M       3.2G

MemTotal:        4016004 kB
MemFree:          127844 kB
Active:           403692 kB
Mem:          3.8G       3.7G       124M       5.7M        29M       3.2G

MemTotal:        4016004 kB
MemFree:          132296 kB
Active:           403056 kB
Mem:          3.8G       3.7G       129M       5.7M        29M       3.2G

MemTotal:        4016004 kB
MemFree:          132240 kB
Active:           403060 kB
Mem:          3.8G       3.7G       129M       5.7M        29M       3.2G

MemTotal:        4016004 kB
MemFree:          106288 kB
Active:           403068 kB
Mem:          3.8G       3.7G       103M       5.7M        29M       3.3G

MemTotal:        4016004 kB
MemFree:          106440 kB
Active:           401148 kB
Mem:          3.8G       3.7G       103M       5.7M        29M       3.3G

MemTotal:        4016004 kB
MemFree:          132740 kB
Active:           398844 kB
Mem:          3.8G       3.7G       128M       5.7M        29M       3.2G

MemTotal:        4016004 kB
MemFree:          133760 kB
Active:           397192 kB
Mem:          3.8G       3.7G       130M       5.7M        29M       3.2G

MemTotal:        4016004 kB
MemFree:          127968 kB
Active:           395620 kB
Mem:          3.8G       3.7G       124M       5.7M        29M       3.2G

MemTotal:        4016004 kB
MemFree:          118432 kB
Active:           394988 kB
Mem:          3.8G       3.7G       115M       5.7M        29M       3.2G

MemTotal:        4016004 kB
MemFree:          119700 kB
Active:           394876 kB
Mem:          3.8G       3.7G       116M       5.7M        29M       3.2G

MemTotal:        4016004 kB
MemFree:          126504 kB
Active:           394880 kB
Mem:          3.8G       3.7G       123M       5.7M        29M       3.2G

MemTotal:        4016004 kB
MemFree:          122580 kB
Active:           394900 kB
Mem:          3.8G       3.7G       119M       5.7M        29M       3.2G

MemTotal:        4016004 kB
MemFree:          122212 kB
Active:           394900 kB
Mem:          3.8G       3.7G       119M       5.7M        29M       3.2G

MemTotal:        4016004 kB
MemFree:          114076 kB
Active:           394904 kB
Mem:          3.8G       3.7G       111M       5.7M        29M       3.2G

MemTotal:        4016004 kB
MemFree:          127728 kB
Active:           394908 kB
Mem:          3.8G       3.7G       124M       5.7M        29M       3.2G

MemTotal:        4016004 kB
MemFree:          111952 kB
Active:           394768 kB
Mem:          3.8G       3.7G       108M       5.7M        29M       3.2G

MemTotal:        4016004 kB
MemFree:          124548 kB
Active:           394776 kB
Mem:          3.8G       3.7G       121M       5.7M        29M       3.2G

MemTotal:        4016004 kB
MemFree:          126872 kB
Active:           394776 kB
Mem:          3.8G       3.7G       122M       5.7M        29M       3.2G

MemTotal:        4016004 kB
MemFree:          127752 kB
Active:           394780 kB
Mem:          3.8G       3.7G       124M       5.7M        29M       3.2G

MemTotal:        4016004 kB
MemFree:          128152 kB
Active:           394784 kB
Mem:          3.8G       3.7G       124M       5.7M        29M       3.2G

MemTotal:        4016004 kB
MemFree:          127980 kB
Active:           394676 kB
Mem:          3.8G       3.7G       124M       5.7M        29M       3.2G

MemTotal:        4016004 kB
MemFree:          122560 kB
Active:           394676 kB
Mem:          3.8G       3.7G       119M       5.7M        29M       3.2G

MemTotal:        4016004 kB
MemFree:          110808 kB
Active:           394684 kB
Mem:          3.8G       3.7G       107M       5.7M        29M       3.2G

MemTotal:        4016004 kB
MemFree:          131268 kB
Active:           394708 kB
Mem:          3.8G       3.7G       127M       5.7M        29M       3.2G

MemTotal:        4016004 kB
MemFree:          121112 kB
Active:           394712 kB
Mem:          3.8G       3.7G       117M       5.7M        29M       3.2G

MemTotal:        4016004 kB
MemFree:          115232 kB
Active:           394712 kB
Mem:          3.8G       3.7G       112M       5.7M        29M       3.2G

MemTotal:        4016004 kB
MemFree:          139740 kB
Active:           394724 kB
Mem:          3.8G       3.7G       136M       5.7M        29M       3.2G

MemTotal:        4016004 kB
MemFree:          139412 kB
Active:           394728 kB
Mem:          3.8G       3.7G       136M       5.7M        29M       3.2G

MemTotal:        4016004 kB
MemFree:          139644 kB
Active:           394728 kB
Mem:          3.8G       3.7G       136M       5.7M        29M       3.2G

MemTotal:        4016004 kB
MemFree:          127876 kB
Active:           394768 kB
Mem:          3.8G       3.7G       124M       5.7M        29M       3.2G

MemTotal:        4016004 kB
MemFree:          118544 kB
Active:           394768 kB
Mem:          3.8G       3.7G       115M       5.7M        29M       3.2G

MemTotal:        4016004 kB
MemFree:          125996 kB
Active:           394768 kB
Mem:          3.8G       3.7G       122M       5.7M        29M       3.2G

MemTotal:        4016004 kB
MemFree:          127760 kB
Active:           394672 kB
Mem:          3.8G       3.7G       123M       5.7M        29M       3.2G

MemTotal:        4016004 kB
MemFree:          129012 kB
Active:           394676 kB
Mem:          3.8G       3.7G       125M       5.7M        29M       3.2G

MemTotal:        4016004 kB
MemFree:          136340 kB
Active:           394684 kB
Mem:          3.8G       3.7G       132M       5.7M        29M       3.2G

MemTotal:        4016004 kB
MemFree:          125192 kB
Active:           394684 kB
Mem:          3.8G       3.7G       122M       5.7M        29M       3.2G

MemTotal:        4016004 kB
MemFree:          113708 kB
Active:           394684 kB
Mem:          3.8G       3.7G       111M       5.7M        29M       3.2G

MemTotal:        4016004 kB
MemFree:          129856 kB
Active:           394652 kB
Mem:          3.8G       3.7G       126M       5.7M        29M       3.2G

MemTotal:        4016004 kB
MemFree:          107036 kB
Active:           394676 kB
Mem:          3.8G       3.7G       104M       5.7M        29M       3.3G

MemTotal:        4016004 kB
MemFree:          122352 kB
Active:           394628 kB
Mem:          3.8G       3.7G       118M       5.7M        29M       3.2G

MemTotal:        4016004 kB
MemFree:          121520 kB
Active:           394648 kB
Mem:          3.8G       3.7G       118M       5.7M        29M       3.2G

MemTotal:        4016004 kB
MemFree:          109900 kB
Active:           394668 kB
Mem:          3.8G       3.7G       106M       5.7M        29M       3.2G

MemTotal:        4016004 kB
MemFree:          134480 kB
Active:           394644 kB
Mem:          3.8G       3.7G       131M       5.7M        29M       3.2G

MemTotal:        4016004 kB
MemFree:          124944 kB
Active:           394632 kB
Mem:          3.8G       3.7G       121M       5.7M        29M       3.2G

MemTotal:        4016004 kB
MemFree:          125964 kB
Active:           394660 kB
Mem:          3.8G       3.7G       122M       5.7M        29M       3.2G

MemTotal:        4016004 kB
MemFree:          129976 kB
Active:           394692 kB
Mem:          3.8G       3.7G       126M       5.7M        29M       3.2G

MemTotal:        4016004 kB
MemFree:          130608 kB
Active:           394692 kB
Mem:          3.8G       3.7G       127M       5.7M        29M       3.2G

MemTotal:        4016004 kB
MemFree:          130264 kB
Active:           394692 kB
Mem:          3.8G       3.7G       126M       5.7M        29M       3.2G

MemTotal:        4016004 kB
MemFree:          132852 kB
Active:           389432 kB
Mem:          3.8G       3.7G       129M       5.7M        29M       3.2G

MemTotal:        4016004 kB
MemFree:          110756 kB
Active:           389440 kB
Mem:          3.8G       3.7G       107M       5.7M        29M       3.2G

MemTotal:        4016004 kB
MemFree:          128936 kB
Active:           389328 kB
Mem:          3.8G       3.7G       125M       5.7M        29M       3.2G

MemTotal:        4016004 kB
MemFree:          147320 kB
Active:           389332 kB
Mem:          3.8G       3.7G       143M       5.7M        29M       3.2G

MemTotal:        4016004 kB
MemFree:          124752 kB
Active:           389332 kB
Mem:          3.8G       3.7G       121M       5.7M        29M       3.2G

MemTotal:        4016004 kB
MemFree:          126008 kB
Active:           389332 kB
Mem:          3.8G       3.7G       122M       5.7M        29M       3.2G

MemTotal:        4016004 kB
MemFree:          127548 kB
Active:           389340 kB
Mem:          3.8G       3.7G       124M       5.7M        30M       3.2G

MemTotal:        4016004 kB
MemFree:          127784 kB
Active:           389340 kB
Mem:          3.8G       3.7G       124M       5.7M        30M       3.2G

MemTotal:        4016004 kB
MemFree:          125412 kB
Active:           387232 kB
Mem:          3.8G       3.7G       121M       5.7M        30M       3.2G

MemTotal:        4016004 kB
MemFree:          125332 kB
Active:           387232 kB
Mem:          3.8G       3.7G       121M       5.7M        30M       3.2G

MemTotal:        4016004 kB
MemFree:          108272 kB
Active:           387236 kB
Mem:          3.8G       3.7G       105M       5.7M        30M       3.2G

MemTotal:        4016004 kB
MemFree:          125292 kB
Active:           387248 kB
Mem:          3.8G       3.7G       121M       5.7M        30M       3.2G

MemTotal:        4016004 kB
MemFree:          134736 kB
Active:           387260 kB
Mem:          3.8G       3.7G       131M       5.7M        30M       3.2G

MemTotal:        4016004 kB
MemFree:          134448 kB
Active:           387264 kB
Mem:          3.8G       3.7G       131M       5.7M        30M       3.2G

MemTotal:        4016004 kB
MemFree:          129340 kB
Active:           387272 kB
Mem:          3.8G       3.7G       126M       5.7M        30M       3.2G

MemTotal:        4016004 kB
MemFree:          120216 kB
Active:           387276 kB
Mem:          3.8G       3.7G       117M       5.7M        30M       3.2G

MemTotal:        4016004 kB
MemFree:          135516 kB
Active:           387276 kB
Mem:          3.8G       3.7G       132M       5.7M        30M       3.2G

MemTotal:        4016004 kB
MemFree:          126980 kB
Active:           387292 kB
Mem:          3.8G       3.7G       123M       5.7M        30M       3.2G

MemTotal:        4016004 kB
MemFree:          127984 kB
Active:           387292 kB
Mem:          3.8G       3.7G       124M       5.7M        30M       3.2G

MemTotal:        4016004 kB
MemFree:          130416 kB
Active:           385504 kB
Mem:          3.8G       3.7G       126M       5.7M        30M       3.2G

MemTotal:        4016004 kB
MemFree:          130568 kB
Active:           385504 kB
Mem:          3.8G       3.7G       127M       5.7M        30M       3.2G

MemTotal:        4016004 kB
MemFree:          120660 kB
Active:           385512 kB
Mem:          3.8G       3.7G       117M       5.7M        30M       3.2G

MemTotal:        4016004 kB
MemFree:          122176 kB
Active:           385516 kB
Mem:          3.8G       3.7G       118M       5.7M        30M       3.2G

MemTotal:        4016004 kB
MemFree:          111400 kB
Active:           385520 kB
Mem:          3.8G       3.7G       108M       5.7M        30M       3.2G

MemTotal:        4016004 kB
MemFree:          126932 kB
Active:           385520 kB
Mem:          3.8G       3.7G       123M       5.7M        30M       3.2G

MemTotal:        4016004 kB
MemFree:          116444 kB
Active:           385532 kB
Mem:          3.8G       3.7G       113M       5.7M        30M       3.2G

MemTotal:        4016004 kB
MemFree:          132244 kB
Active:           385532 kB
Mem:          3.8G       3.7G       128M       5.7M        30M       3.2G

MemTotal:        4016004 kB
MemFree:          131856 kB
Active:           385536 kB
Mem:          3.8G       3.7G       128M       5.7M        30M       3.2G

MemTotal:        4016004 kB
MemFree:          131984 kB
Active:           385536 kB
Mem:          3.8G       3.7G       128M       5.7M        30M       3.2G

MemTotal:        4016004 kB
MemFree:          134612 kB
Active:           385540 kB
Mem:          3.8G       3.7G       130M       5.7M        30M       3.2G

MemTotal:        4016004 kB
MemFree:          125520 kB
Active:           384700 kB
Mem:          3.8G       3.7G       121M       5.7M        30M       3.2G

MemTotal:        4016004 kB
MemFree:          108148 kB
Active:           384588 kB
Mem:          3.8G       3.7G       105M       5.7M        30M       3.2G

MemTotal:        4016004 kB
MemFree:          133208 kB
Active:           384588 kB
Mem:          3.8G       3.7G       129M       5.7M        30M       3.2G

MemTotal:        4016004 kB
MemFree:          123192 kB
Active:           384588 kB
Mem:          3.8G       3.7G       120M       5.7M        30M       3.2G

MemTotal:        4016004 kB
MemFree:          113284 kB
Active:           384588 kB
Mem:          3.8G       3.7G       109M       5.7M        30M       3.2G

MemTotal:        4016004 kB
MemFree:          126292 kB
Active:           384588 kB
Mem:          3.8G       3.7G       122M       5.7M        30M       3.2G

MemTotal:        4016004 kB
MemFree:          107564 kB
Active:           384608 kB
Mem:          3.8G       3.7G       103M       5.7M        30M       3.2G

MemTotal:        4016004 kB
MemFree:          114348 kB
Active:           384608 kB
Mem:          3.8G       3.7G       111M       5.7M        30M       3.2G

MemTotal:        4016004 kB
MemFree:          127400 kB
Active:           384608 kB
Mem:          3.8G       3.7G       123M       5.7M        30M       3.2G

MemTotal:        4016004 kB
MemFree:          122976 kB
Active:           373428 kB
Mem:          3.8G       3.7G       119M       5.7M        30M       3.2G

MemTotal:        4016004 kB
MemFree:          105924 kB
Active:           373428 kB
Mem:          3.8G       3.7G       103M       5.7M        30M       3.2G

MemTotal:        4016004 kB
MemFree:          125112 kB
Active:           373444 kB
Mem:          3.8G       3.7G       121M       5.7M        30M       3.2G

MemTotal:        4016004 kB
MemFree:          133892 kB
Active:           373460 kB
Mem:          3.8G       3.7G       130M       5.7M        30M       3.2G

MemTotal:        4016004 kB
MemFree:          124064 kB
Active:           373464 kB
Mem:          3.8G       3.7G       120M       5.7M        30M       3.2G

MemTotal:        4016004 kB
MemFree:          125524 kB
Active:           373464 kB
Mem:          3.8G       3.7G       122M       5.7M        30M       3.2G

MemTotal:        4016004 kB
MemFree:          140056 kB
Active:           373468 kB
Mem:          3.8G       3.7G       136M       5.7M        30M       3.2G

MemTotal:        4016004 kB
MemFree:          131776 kB
Active:           373476 kB
Mem:          3.8G       3.7G       128M       5.7M        30M       3.2G

MemTotal:        4016004 kB
MemFree:          132904 kB
Active:           373476 kB
Mem:          3.8G       3.7G       129M       5.7M        30M       3.2G

MemTotal:        4016004 kB
MemFree:          139132 kB
Active:           373476 kB
Mem:          3.8G       3.7G       135M       5.7M        30M       3.2G

MemTotal:        4016004 kB
MemFree:          129624 kB
Active:           373476 kB
Mem:          3.8G       3.7G       126M       5.7M        30M       3.2G

MemTotal:        4016004 kB
MemFree:          116032 kB
Active:           370620 kB
Mem:          3.8G       3.7G       112M       5.7M        30M       3.2G

MemTotal:        4016004 kB
MemFree:          105460 kB
Active:           370632 kB
Mem:          3.8G       3.7G       102M       5.7M        30M       3.2G

MemTotal:        4016004 kB
MemFree:          106684 kB
Active:           370636 kB
Mem:          3.8G       3.7G       103M       5.7M        30M       3.2G

MemTotal:        4016004 kB
MemFree:          154140 kB
Active:           370636 kB
Mem:          3.8G       3.7G       150M       5.7M        30M       3.2G

MemTotal:        4016004 kB
MemFree:          152724 kB
Active:           370648 kB
Mem:          3.8G       3.7G       148M       5.7M        30M       3.2G

MemTotal:        4016004 kB
MemFree:          108984 kB
Active:           370660 kB
Mem:          3.8G       3.7G       106M       5.7M        30M       3.2G

MemTotal:        4016004 kB
MemFree:          135400 kB
Active:           370664 kB
Mem:          3.8G       3.7G       131M       5.7M        30M       3.2G

MemTotal:        4016004 kB
MemFree:          106300 kB
Active:           370672 kB
Mem:          3.8G       3.7G       103M       5.7M        30M       3.2G

MemTotal:        4016004 kB
MemFree:          120712 kB
Active:           370672 kB
Mem:          3.8G       3.7G       117M       5.7M        30M       3.2G

MemTotal:        4016004 kB
MemFree:          140192 kB
Active:           370676 kB
Mem:          3.8G       3.7G       136M       5.7M        30M       3.2G

MemTotal:        4016004 kB
MemFree:          141072 kB
Active:           370676 kB
Mem:          3.8G       3.7G       136M       5.7M        30M       3.2G

MemTotal:        4016004 kB
MemFree:          124444 kB
Active:           370684 kB
Mem:          3.8G       3.7G       121M       5.7M        30M       3.2G

MemTotal:        4016004 kB
MemFree:          129364 kB
Active:           367764 kB
Mem:          3.8G       3.7G       125M       5.7M        30M       3.2G

MemTotal:        4016004 kB
MemFree:          106964 kB
Active:           367764 kB
Mem:          3.8G       3.7G       103M       5.7M        30M       3.2G

MemTotal:        4016004 kB
MemFree:          132644 kB
Active:           367764 kB
Mem:          3.8G       3.7G       129M       5.7M        30M       3.2G

MemTotal:        4016004 kB
MemFree:          122192 kB
Active:           367764 kB
Mem:          3.8G       3.7G       118M       5.7M        30M       3.2G

MemTotal:        4016004 kB
MemFree:          134776 kB
Active:           367776 kB
Mem:          3.8G       3.7G       131M       5.7M        30M       3.2G

MemTotal:        4016004 kB
MemFree:          134500 kB
Active:           367780 kB
Mem:          3.8G       3.7G       131M       5.7M        30M       3.2G

MemTotal:        4016004 kB
MemFree:          134596 kB
Active:           367780 kB
Mem:          3.8G       3.7G       131M       5.7M        30M       3.2G

MemTotal:        4016004 kB
MemFree:          115240 kB
Active:           367784 kB
Mem:          3.8G       3.7G       112M       5.7M        30M       3.2G

MemTotal:        4016004 kB
MemFree:          104976 kB
Active:           367788 kB
Mem:          3.8G       3.7G       125M       5.7M        30M       3.2G

MemTotal:        4016004 kB
MemFree:          125076 kB
Active:           367796 kB
Mem:          3.8G       3.7G       121M       5.7M        30M       3.2G

MemTotal:        4016004 kB
MemFree:          126652 kB
Active:           367796 kB
Mem:          3.8G       3.7G       123M       5.7M        30M       3.2G

MemTotal:        4016004 kB
MemFree:          122760 kB
Active:           367804 kB
Mem:          3.8G       3.7G       119M       5.7M        30M       3.2G

MemTotal:        4016004 kB
MemFree:          124484 kB
Active:           367808 kB
Mem:          3.8G       3.7G       121M       5.7M        30M       3.2G

MemTotal:        4016004 kB
MemFree:          126892 kB
Active:           367808 kB
Mem:          3.8G       3.7G       123M       5.7M        30M       3.2G

MemTotal:        4016004 kB
MemFree:          105780 kB
Active:           367816 kB
Mem:          3.8G       3.7G       102M       5.7M        30M       3.2G

MemTotal:        4016004 kB
MemFree:          130776 kB
Active:           365304 kB
Mem:          3.8G       3.7G       127M       5.7M        30M       3.2G

MemTotal:        4016004 kB
MemFree:          121264 kB
Active:           365008 kB
Mem:          3.8G       3.7G       117M       5.7M        30M       3.2G

MemTotal:        4016004 kB
MemFree:          127940 kB
Active:           365024 kB
Mem:          3.8G       3.7G       124M       5.7M        30M       3.2G

MemTotal:        4016004 kB
MemFree:          123312 kB
Active:           365020 kB
Mem:          3.8G       3.7G       120M       5.7M        30M       3.2G

MemTotal:        4016004 kB
MemFree:          127868 kB
Active:           365020 kB
Mem:          3.8G       3.7G       124M       5.7M        30M       3.2G

MemTotal:        4016004 kB
MemFree:          127628 kB
Active:           365056 kB
Mem:          3.8G       3.7G       124M       5.7M        30M       3.2G

MemTotal:        4016004 kB
MemFree:          127532 kB
Active:           365104 kB
Mem:          3.8G       3.7G       124M       5.7M        30M       3.2G

MemTotal:        4016004 kB
MemFree:          117792 kB
Active:           365076 kB
Mem:          3.8G       3.7G       114M       5.7M        30M       3.2G

MemTotal:        4016004 kB
MemFree:          107224 kB
Active:           365104 kB
Mem:          3.8G       3.7G       104M       5.7M        30M       3.2G

MemTotal:        4016004 kB
MemFree:          126580 kB
Active:           365068 kB
Mem:          3.8G       3.7G       123M       5.7M        30M       3.2G

MemTotal:        4016004 kB
MemFree:          128468 kB
Active:           365100 kB
Mem:          3.8G       3.7G       124M       5.7M        30M       3.2G

MemTotal:        4016004 kB
MemFree:          124512 kB
Active:           365076 kB
Mem:          3.8G       3.7G       121M       5.7M        30M       3.2G

MemTotal:        4016004 kB
MemFree:          114728 kB
Active:           365088 kB
Mem:          3.8G       3.7G       111M       5.7M        30M       3.2G

MemTotal:        4016004 kB
MemFree:          115004 kB
Active:           365108 kB
Mem:          3.8G       3.7G       112M       5.7M        30M       3.2G

MemTotal:        4016004 kB
MemFree:          106556 kB
Active:           365128 kB
Mem:          3.8G       3.7G       103M       5.7M        30M       3.2G

MemTotal:        4016004 kB
MemFree:          132088 kB
Active:           362520 kB
Mem:          3.8G       3.7G       128M       5.7M        30M       3.2G

MemTotal:        4016004 kB
MemFree:          121856 kB
Active:           362520 kB
Mem:          3.8G       3.7G       118M       5.7M        30M       3.2G

MemTotal:        4016004 kB
MemFree:          136212 kB
Active:           362524 kB
Mem:          3.8G       3.7G       133M       5.7M        30M       3.2G

MemTotal:        4016004 kB
MemFree:          134384 kB
Active:           362532 kB
Mem:          3.8G       3.7G       130M       5.7M        30M       3.2G

MemTotal:        4016004 kB
MemFree:          133832 kB
Active:           362532 kB
Mem:          3.8G       3.7G       130M       5.7M        30M       3.2G

MemTotal:        4016004 kB
MemFree:          133496 kB
Active:           362536 kB
Mem:          3.8G       3.7G       130M       5.7M        30M       3.2G

MemTotal:        4016004 kB
MemFree:          121580 kB
Active:           362540 kB
Mem:          3.8G       3.7G       118M       5.7M        30M       3.2G

MemTotal:        4016004 kB
MemFree:          111796 kB
Active:           362540 kB
Mem:          3.8G       3.7G       108M       5.7M        30M       3.2G

MemTotal:        4016004 kB
MemFree:          125176 kB
Active:           362544 kB
Mem:          3.8G       3.7G       122M       5.7M        30M       3.2G

MemTotal:        4016004 kB
MemFree:          105016 kB
Active:           362544 kB
Mem:          3.8G       3.7G       125M       5.7M        30M       3.2G

MemTotal:        4016004 kB
MemFree:          106160 kB
Active:           362552 kB
Mem:          3.8G       3.7G       103M       5.7M        30M       3.2G

MemTotal:        4016004 kB
MemFree:          132072 kB
Active:           362552 kB
Mem:          3.8G       3.7G       128M       5.7M        30M       3.2G

MemTotal:        4016004 kB
MemFree:          133312 kB
Active:           362552 kB
Mem:          3.8G       3.7G       129M       5.7M        30M       3.2G

MemTotal:        4016004 kB
MemFree:          117460 kB
Active:           362552 kB
Mem:          3.8G       3.7G       114M       5.7M        30M       3.2G

MemTotal:        4016004 kB
MemFree:          137396 kB
Active:           362568 kB
Mem:          3.8G       3.7G       134M       5.7M        30M       3.2G

MemTotal:        4016004 kB
MemFree:          137732 kB
Active:           362576 kB
Mem:          3.8G       3.7G       134M       5.7M        30M       3.2G

MemTotal:        4016004 kB
MemFree:          137924 kB
Active:           362576 kB
Mem:          3.8G       3.7G       134M       5.7M        30M       3.2G

MemTotal:        4016004 kB
MemFree:          120832 kB
Active:           362580 kB
Mem:          3.8G       3.7G       117M       5.7M        30M       3.2G

MemTotal:        4016004 kB
MemFree:          122348 kB
Active:           362580 kB
Mem:          3.8G       3.7G       119M       5.7M        30M       3.2G

MemTotal:        4016004 kB
MemFree:          129800 kB
Active:           362584 kB
Mem:          3.8G       3.7G       126M       5.7M        30M       3.2G

MemTotal:        4016004 kB
MemFree:          119288 kB
Active:           362596 kB
Mem:          3.8G       3.7G       115M       5.7M        30M       3.2G

MemTotal:        4016004 kB
MemFree:          112048 kB
Active:           360004 kB
Mem:          3.8G       3.7G       108M       5.7M        30M       3.2G

MemTotal:        4016004 kB
MemFree:          109096 kB
Active:           359700 kB
Mem:          3.8G       3.7G       106M       5.7M        30M       3.2G

MemTotal:        4016004 kB
MemFree:          108724 kB
Active:           359700 kB
Mem:          3.8G       3.7G       106M       5.7M        30M       3.2G

MemTotal:        4016004 kB
MemFree:          108600 kB
Active:           359700 kB
Mem:          3.8G       3.7G       106M       5.7M        30M       3.2G

MemTotal:        4016004 kB
MemFree:          108600 kB
Active:           359700 kB
Mem:          3.8G       3.7G       106M       5.7M        30M       3.2G

MemTotal:        4016004 kB
MemFree:          108600 kB
Active:           359708 kB
Mem:          3.8G       3.7G       106M       5.7M        30M       3.2G

MemTotal:        4016004 kB
MemFree:          108600 kB
Active:           359708 kB
Mem:          3.8G       3.7G       106M       5.7M        30M       3.2G

MemTotal:        4016004 kB
MemFree:          108600 kB
Active:           359708 kB
Mem:          3.8G       3.7G       106M       5.7M        30M       3.2G

MemTotal:        4016004 kB
MemFree:          108724 kB
Active:           359708 kB
Mem:          3.8G       3.7G       106M       5.7M        30M       3.2G

MemTotal:        4016004 kB
MemFree:          108724 kB
Active:           359708 kB
Mem:          3.8G       3.7G       106M       5.7M        30M       3.2G

MemTotal:        4016004 kB
MemFree:          108724 kB
Active:           359708 kB
Mem:          3.8G       3.7G       106M       5.7M        30M       3.2G

MemTotal:        4016004 kB
MemFree:          108724 kB
Active:           359708 kB
Mem:          3.8G       3.7G       106M       5.7M        30M       3.2G

MemTotal:        4016004 kB
MemFree:          108724 kB
Active:           359712 kB
Mem:          3.8G       3.7G       106M       5.7M        30M       3.2G

MemTotal:        4016004 kB
MemFree:          108724 kB
Active:           359716 kB
Mem:          3.8G       3.7G       106M       5.7M        30M       3.2G

MemTotal:        4016004 kB
MemFree:          108724 kB
Active:           359720 kB
Mem:          3.8G       3.7G       106M       5.7M        30M       3.2G

MemTotal:        4016004 kB
MemFree:          108724 kB
Active:           359724 kB
Mem:          3.8G       3.7G       106M       5.7M        30M       3.2G

MemTotal:        4016004 kB
MemFree:          108724 kB
Active:           359724 kB
Mem:          3.8G       3.7G       106M       5.7M        30M       3.2G

MemTotal:        4016004 kB
MemFree:          108724 kB
Active:           359724 kB
Mem:          3.8G       3.7G       106M       5.7M        30M       3.2G

MemTotal:        4016004 kB
MemFree:          108724 kB
Active:           359732 kB
Mem:          3.8G       3.7G       106M       5.7M        30M       3.2G

MemTotal:        4016004 kB
MemFree:          108724 kB
Active:           359732 kB
Mem:          3.8G       3.7G       106M       5.7M        30M       3.2G

MemTotal:        4016004 kB
MemFree:          108724 kB
Active:           359732 kB
