MemTotal:        4016004 kB
MemFree:         3242692 kB
Active:           415680 kB
Mem:          3.8G       755M       3.1G       5.7M        62M       314M

MemTotal:        4016004 kB
MemFree:         3242912 kB
Active:           415832 kB
Mem:          3.8G       754M       3.1G       5.7M        62M       314M

MemTotal:        4016004 kB
MemFree:         3243268 kB
Active:           415868 kB
Mem:          3.8G       754M       3.1G       5.7M        62M       314M

MemTotal:        4016004 kB
MemFree:         3242756 kB
Active:           415904 kB
Mem:          3.8G       754M       3.1G       5.7M        62M       314M

MemTotal:        4016004 kB
MemFree:         3242864 kB
Active:           415872 kB
Mem:          3.8G       754M       3.1G       5.7M        62M       314M

MemTotal:        4016004 kB
MemFree:         3242972 kB
Active:           415852 kB
Mem:          3.8G       755M       3.1G       5.7M        62M       314M

MemTotal:        4016004 kB
MemFree:         3243172 kB
Active:           415912 kB
Mem:          3.8G       754M       3.1G       5.7M        62M       314M

MemTotal:        4016004 kB
MemFree:         3242892 kB
Active:           415912 kB
Mem:          3.8G       755M       3.1G       5.7M        62M       314M

MemTotal:        4016004 kB
MemFree:         3242396 kB
Active:           415912 kB
Mem:          3.8G       755M       3.1G       5.7M        62M       314M

MemTotal:        4016004 kB
MemFree:         3243264 kB
Active:           415876 kB
Mem:          3.8G       754M       3.1G       5.7M        62M       314M

MemTotal:        4016004 kB
MemFree:         3243484 kB
Active:           415900 kB
Mem:          3.8G       754M       3.1G       5.7M        62M       314M

MemTotal:        4016004 kB
MemFree:         3243236 kB
Active:           415912 kB
Mem:          3.8G       754M       3.1G       5.7M        62M       314M

MemTotal:        4016004 kB
MemFree:         3243360 kB
Active:           415876 kB
Mem:          3.8G       754M       3.1G       5.7M        62M       314M

MemTotal:        4016004 kB
MemFree:         3243468 kB
Active:           415900 kB
Mem:          3.8G       754M       3.1G       5.7M        62M       314M

MemTotal:        4016004 kB
MemFree:         3243328 kB
Active:           415908 kB
Mem:          3.8G       754M       3.1G       5.7M        62M       314M

MemTotal:        4016004 kB
MemFree:         3242816 kB
Active:           415916 kB
Mem:          3.8G       755M       3.1G       5.7M        62M       314M

MemTotal:        4016004 kB
MemFree:         3245124 kB
Active:           411844 kB
Mem:          3.8G       753M       3.1G       5.7M        62M       314M

MemTotal:        4016004 kB
MemFree:         3245356 kB
Active:           413876 kB
Mem:          3.8G       752M       3.1G       5.7M        62M       314M

MemTotal:        4016004 kB
MemFree:         3245340 kB
Active:           413836 kB
Mem:          3.8G       752M       3.1G       5.7M        62M       314M

MemTotal:        4016004 kB
MemFree:         3245340 kB
Active:           413860 kB
Mem:          3.8G       752M       3.1G       5.7M        62M       314M

MemTotal:        4016004 kB
MemFree:         3245464 kB
Active:           413896 kB
Mem:          3.8G       752M       3.1G       5.7M        62M       314M

MemTotal:        4016004 kB
MemFree:         3245092 kB
Active:           413900 kB
Mem:          3.8G       752M       3.1G       5.7M        62M       314M

MemTotal:        4016004 kB
MemFree:         3245464 kB
Active:           413864 kB
Mem:          3.8G       752M       3.1G       5.7M        62M       314M

MemTotal:        4016004 kB
MemFree:         3245464 kB
Active:           413896 kB
Mem:          3.8G       752M       3.1G       5.7M        62M       314M

MemTotal:        4016004 kB
MemFree:         3245464 kB
Active:           413852 kB
Mem:          3.8G       752M       3.1G       5.7M        62M       314M

MemTotal:        4016004 kB
MemFree:         3245216 kB
Active:           413864 kB
Mem:          3.8G       753M       3.1G       5.7M        62M       314M

MemTotal:        4016004 kB
MemFree:         3244160 kB
Active:           411876 kB
Mem:          3.8G       753M       3.1G       5.7M        62M       314M

MemTotal:        4016004 kB
MemFree:         3244532 kB
Active:           413924 kB
Mem:          3.8G       753M       3.1G       5.7M        62M       314M

MemTotal:        4016004 kB
MemFree:         3245000 kB
Active:           413880 kB
Mem:          3.8G       753M       3.1G       5.7M        62M       314M

MemTotal:        4016004 kB
MemFree:         3244628 kB
Active:           413876 kB
Mem:          3.8G       753M       3.1G       5.7M        62M       314M

MemTotal:        4016004 kB
MemFree:         3245008 kB
Active:           413892 kB
Mem:          3.8G       753M       3.1G       5.7M        62M       314M

MemTotal:        4016004 kB
MemFree:         3245008 kB
Active:           413928 kB
Mem:          3.8G       752M       3.1G       5.7M        62M       314M

MemTotal:        4016004 kB
MemFree:         3245116 kB
Active:           413916 kB
Mem:          3.8G       752M       3.1G       5.7M        62M       314M

MemTotal:        4016004 kB
MemFree:         3245472 kB
Active:           413928 kB
Mem:          3.8G       752M       3.1G       5.7M        62M       314M

MemTotal:        4016004 kB
MemFree:         3245084 kB
Active:           413944 kB
Mem:          3.8G       752M       3.1G       5.7M        62M       314M

MemTotal:        4016004 kB
MemFree:         3245068 kB
Active:           413904 kB
Mem:          3.8G       752M       3.1G       5.7M        62M       314M

MemTotal:        4016004 kB
MemFree:         3244928 kB
Active:           413948 kB
Mem:          3.8G       752M       3.1G       5.7M        62M       314M

MemTotal:        4016004 kB
MemFree:         3245160 kB
Active:           413896 kB
Mem:          3.8G       752M       3.1G       5.7M        62M       314M

MemTotal:        4016004 kB
MemFree:         3245408 kB
Active:           413908 kB
Mem:          3.8G       752M       3.1G       5.7M        62M       314M

MemTotal:        4016004 kB
MemFree:         3245144 kB
Active:           413924 kB
Mem:          3.8G       752M       3.1G       5.7M        62M       314M

MemTotal:        4016004 kB
MemFree:         3245160 kB
Active:           413948 kB
Mem:          3.8G       752M       3.1G       5.7M        62M       314M

MemTotal:        4016004 kB
MemFree:         3245160 kB
Active:           413912 kB
Mem:          3.8G       752M       3.1G       5.7M        62M       314M

MemTotal:        4016004 kB
MemFree:         3244788 kB
Active:           413964 kB
Mem:          3.8G       752M       3.1G       5.7M        62M       314M

MemTotal:        4016004 kB
MemFree:         3245160 kB
Active:           413952 kB
Mem:          3.8G       752M       3.1G       5.7M        62M       314M

MemTotal:        4016004 kB
MemFree:         3245036 kB
Active:           413916 kB
Mem:          3.8G       753M       3.1G       5.7M        62M       314M

MemTotal:        4016004 kB
MemFree:         3244540 kB
Active:           413964 kB
Mem:          3.8G       753M       3.1G       5.7M        62M       314M

MemTotal:        4016004 kB
MemFree:         3245036 kB
Active:           413924 kB
Mem:          3.8G       752M       3.1G       5.7M        62M       314M

MemTotal:        4016004 kB
MemFree:         3245160 kB
Active:           413928 kB
Mem:          3.8G       752M       3.1G       5.7M        62M       314M

MemTotal:        4016004 kB
MemFree:         3245160 kB
Active:           413960 kB
Mem:          3.8G       752M       3.1G       5.7M        62M       314M

MemTotal:        4016004 kB
MemFree:         3244416 kB
Active:           413976 kB
Mem:          3.8G       753M       3.1G       5.7M        62M       314M

MemTotal:        4016004 kB
MemFree:         3244644 kB
Active:           413940 kB
Mem:          3.8G       753M       3.1G       5.7M        62M       314M

MemTotal:        4016004 kB
MemFree:         3244768 kB
Active:           413952 kB
Mem:          3.8G       753M       3.1G       5.7M        62M       314M

MemTotal:        4016004 kB
MemFree:         3244628 kB
Active:           413992 kB
Mem:          3.8G       753M       3.1G       5.7M        62M       314M

MemTotal:        4016004 kB
MemFree:         3244876 kB
Active:           413964 kB
Mem:          3.8G       753M       3.1G       5.7M        62M       314M

MemTotal:        4016004 kB
MemFree:         3244984 kB
Active:           413988 kB
Mem:          3.8G       753M       3.1G       5.7M        62M       314M

MemTotal:        4016004 kB
MemFree:         3244348 kB
Active:           413992 kB
Mem:          3.8G       753M       3.1G       5.7M        62M       314M

MemTotal:        4016004 kB
MemFree:         3244952 kB
Active:           413976 kB
Mem:          3.8G       753M       3.1G       5.7M        62M       314M

MemTotal:        4016004 kB
MemFree:         3244316 kB
Active:           414004 kB
Mem:          3.8G       753M       3.1G       5.7M        62M       314M

MemTotal:        4016004 kB
MemFree:         3244920 kB
Active:           413980 kB
Mem:          3.8G       753M       3.1G       5.7M        62M       314M

MemTotal:        4016004 kB
MemFree:         3245028 kB
Active:           414004 kB
Mem:          3.8G       753M       3.1G       5.7M        62M       314M

MemTotal:        4016004 kB
MemFree:         3244748 kB
Active:           414136 kB
Mem:          3.8G       753M       3.1G       5.7M        62M       314M

MemTotal:        4016004 kB
MemFree:         3128612 kB
Active:           414532 kB
Mem:          3.8G       867M       3.0G       5.7M        62M       425M

MemTotal:        4016004 kB
MemFree:         3015516 kB
Active:           414532 kB
Mem:          3.8G       977M       2.9G       5.7M        62M       534M

MemTotal:        4016004 kB
MemFree:         2897956 kB
Active:           414528 kB
Mem:          3.8G       1.1G       2.8G       5.7M        62M       647M

MemTotal:        4016004 kB
MemFree:         2887664 kB
Active:           414540 kB
Mem:          3.8G       1.1G       2.8G       5.7M        62M       657M

MemTotal:        4016004 kB
MemFree:         2821740 kB
Active:           414528 kB
Mem:          3.8G       1.1G       2.7G       5.7M        62M       721M

MemTotal:        4016004 kB
MemFree:         2786864 kB
Active:           414592 kB
Mem:          3.8G       1.2G       2.7G       5.7M        62M       754M

MemTotal:        4016004 kB
MemFree:         2735280 kB
Active:           414596 kB
Mem:          3.8G       1.2G       2.6G       5.7M        62M       804M

MemTotal:        4016004 kB
MemFree:         2690184 kB
Active:           414604 kB
Mem:          3.8G       1.3G       2.6G       5.7M        62M       847M

MemTotal:        4016004 kB
MemFree:         2688744 kB
Active:           414616 kB
Mem:          3.8G       1.3G       2.6G       5.7M        62M       848M

MemTotal:        4016004 kB
MemFree:         2687644 kB
Active:           414620 kB
Mem:          3.8G       1.3G       2.6G       5.7M        62M       849M

MemTotal:        4016004 kB
MemFree:         2686664 kB
Active:           414620 kB
Mem:          3.8G       1.3G       2.6G       5.7M        62M       850M

MemTotal:        4016004 kB
MemFree:         2684748 kB
Active:           414620 kB
Mem:          3.8G       1.3G       2.6G       5.7M        62M       852M

MemTotal:        4016004 kB
MemFree:         2594656 kB
Active:           414628 kB
Mem:          3.8G       1.4G       2.5G       5.7M        62M       940M

MemTotal:        4016004 kB
MemFree:         2458944 kB
Active:           414628 kB
Mem:          3.8G       1.5G       2.3G       5.7M        62M       1.0G

MemTotal:        4016004 kB
MemFree:         2337748 kB
Active:           414628 kB
Mem:          3.8G       1.6G       2.2G       5.7M        62M       1.2G

MemTotal:        4016004 kB
MemFree:         2336452 kB
Active:           414712 kB
Mem:          3.8G       1.6G       2.2G       5.7M        62M       1.2G

MemTotal:        4016004 kB
MemFree:         2237788 kB
Active:           414652 kB
Mem:          3.8G       1.7G       2.1G       5.7M        62M       1.3G

MemTotal:        4016004 kB
MemFree:         2236984 kB
Active:           414652 kB
Mem:          3.8G       1.7G       2.1G       5.7M        62M       1.3G

MemTotal:        4016004 kB
MemFree:         2145700 kB
Active:           414660 kB
Mem:          3.8G       1.8G       2.0G       5.7M        62M       1.3G

MemTotal:        4016004 kB
MemFree:         2136972 kB
Active:           414664 kB
Mem:          3.8G       1.8G       2.0G       5.7M        62M       1.3G

MemTotal:        4016004 kB
MemFree:         2135156 kB
Active:           414692 kB
Mem:          3.8G       1.8G       2.0G       5.7M        62M       1.3G

MemTotal:        4016004 kB
MemFree:         2134228 kB
Active:           414700 kB
Mem:          3.8G       1.8G       2.0G       5.7M        62M       1.3G

MemTotal:        4016004 kB
MemFree:         2133208 kB
Active:           414708 kB
Mem:          3.8G       1.8G       2.0G       5.7M        62M       1.4G

MemTotal:        4016004 kB
MemFree:         2098784 kB
Active:           414716 kB
Mem:          3.8G       1.8G       2.0G       5.7M        62M       1.4G

MemTotal:        4016004 kB
MemFree:         1985316 kB
Active:           414716 kB
Mem:          3.8G       1.9G       1.9G       5.7M        62M       1.5G

MemTotal:        4016004 kB
MemFree:         1849240 kB
Active:           414716 kB
Mem:          3.8G       2.1G       1.8G       5.7M        62M       1.6G

MemTotal:        4016004 kB
MemFree:         1783512 kB
Active:           414716 kB
Mem:          3.8G       2.1G       1.7G       5.7M        62M       1.7G

MemTotal:        4016004 kB
MemFree:         1755552 kB
Active:           414728 kB
Mem:          3.8G       2.2G       1.7G       5.7M        62M       1.7G

MemTotal:        4016004 kB
MemFree:         1682140 kB
Active:           414736 kB
Mem:          3.8G       2.2G       1.6G       5.7M        62M       1.8G

MemTotal:        4016004 kB
MemFree:         1668932 kB
Active:           414736 kB
Mem:          3.8G       2.2G       1.6G       5.7M        62M       1.8G

MemTotal:        4016004 kB
MemFree:         1583400 kB
Active:           414736 kB
Mem:          3.8G       2.3G       1.5G       5.7M        62M       1.9G

MemTotal:        4016004 kB
MemFree:         1568160 kB
Active:           414736 kB
Mem:          3.8G       2.3G       1.5G       5.7M        62M       1.9G

MemTotal:        4016004 kB
MemFree:         1482740 kB
Active:           414748 kB
Mem:          3.8G       2.4G       1.4G       5.7M        62M       2.0G

MemTotal:        4016004 kB
MemFree:         1482540 kB
Active:           414764 kB
Mem:          3.8G       2.4G       1.4G       5.7M        62M       2.0G

MemTotal:        4016004 kB
MemFree:         1482288 kB
Active:           414764 kB
Mem:          3.8G       2.4G       1.4G       5.7M        62M       2.0G

MemTotal:        4016004 kB
MemFree:         1482240 kB
Active:           412956 kB
Mem:          3.8G       2.4G       1.4G       5.7M        62M       2.0G

MemTotal:        4016004 kB
MemFree:         1481396 kB
Active:           414860 kB
Mem:          3.8G       2.4G       1.4G       5.7M        62M       2.0G

MemTotal:        4016004 kB
MemFree:         1386128 kB
Active:           414860 kB
Mem:          3.8G       2.5G       1.3G       5.7M        62M       2.1G

MemTotal:        4016004 kB
MemFree:         1257748 kB
Active:           414868 kB
Mem:          3.8G       2.6G       1.2G       5.7M        62M       2.2G

MemTotal:        4016004 kB
MemFree:         1131216 kB
Active:           414868 kB
Mem:          3.8G       2.8G       1.1G       5.7M        62M       2.3G

MemTotal:        4016004 kB
MemFree:         1122196 kB
Active:           414868 kB
Mem:          3.8G       2.8G       1.1G       5.7M        62M       2.3G

MemTotal:        4016004 kB
MemFree:         1039596 kB
Active:           414868 kB
Mem:          3.8G       2.8G       1.0G       5.7M        62M       2.4G

MemTotal:        4016004 kB
MemFree:         1035784 kB
Active:           414868 kB
Mem:          3.8G       2.8G       1.0G       5.7M        62M       2.4G

MemTotal:        4016004 kB
MemFree:          942268 kB
Active:           414884 kB
Mem:          3.8G       2.9G       919M       5.7M        62M       2.5G

MemTotal:        4016004 kB
MemFree:          837528 kB
Active:           414888 kB
Mem:          3.8G       3.0G       817M       5.7M        62M       2.6G

MemTotal:        4016004 kB
MemFree:          711388 kB
Active:           414940 kB
Mem:          3.8G       3.2G       694M       5.7M        62M       2.7G

MemTotal:        4016004 kB
MemFree:          579148 kB
Active:           414900 kB
Mem:          3.8G       3.3G       564M       5.7M        62M       2.8G

MemTotal:        4016004 kB
MemFree:          561908 kB
Active:           414912 kB
Mem:          3.8G       3.3G       548M       5.7M        62M       2.8G

MemTotal:        4016004 kB
MemFree:          560612 kB
Active:           414932 kB
Mem:          3.8G       3.3G       547M       5.7M        62M       2.8G

MemTotal:        4016004 kB
MemFree:          560524 kB
Active:           414944 kB
Mem:          3.8G       3.3G       547M       5.7M        62M       2.8G

MemTotal:        4016004 kB
MemFree:          560592 kB
Active:           414948 kB
Mem:          3.8G       3.3G       547M       5.7M        62M       2.8G

MemTotal:        4016004 kB
MemFree:          558516 kB
Active:           414984 kB
Mem:          3.8G       3.3G       545M       5.7M        62M       2.8G

MemTotal:        4016004 kB
MemFree:          557744 kB
Active:           414984 kB
Mem:          3.8G       3.3G       544M       5.7M        62M       2.8G

MemTotal:        4016004 kB
MemFree:          466732 kB
Active:           414984 kB
Mem:          3.8G       3.4G       454M       5.7M        62M       2.9G

MemTotal:        4016004 kB
MemFree:          450736 kB
Active:           415000 kB
Mem:          3.8G       3.4G       439M       5.7M        62M       2.9G

MemTotal:        4016004 kB
MemFree:          448464 kB
Active:           415012 kB
Mem:          3.8G       3.4G       437M       5.7M        62M       2.9G

MemTotal:        4016004 kB
MemFree:          447176 kB
Active:           415012 kB
Mem:          3.8G       3.4G       436M       5.7M        62M       2.9G

MemTotal:        4016004 kB
MemFree:          446468 kB
Active:           415012 kB
Mem:          3.8G       3.4G       436M       5.7M        62M       2.9G

MemTotal:        4016004 kB
MemFree:          376808 kB
Active:           415012 kB
Mem:          3.8G       3.5G       366M       5.7M        62M       3.0G

MemTotal:        4016004 kB
MemFree:          272780 kB
Active:           415024 kB
Mem:          3.8G       3.6G       265M       5.7M        62M       3.1G

MemTotal:        4016004 kB
MemFree:          150120 kB
Active:           415024 kB
Mem:          3.8G       3.7G       145M       5.7M        62M       3.2G

MemTotal:        4016004 kB
MemFree:          133720 kB
Active:           411660 kB
Mem:          3.8G       3.7G       126M       5.7M        27M       3.3G

MemTotal:        4016004 kB
MemFree:          128780 kB
Active:           430356 kB
Mem:          3.8G       3.7G       125M       5.7M        27M       3.3G

MemTotal:        4016004 kB
MemFree:          138312 kB
Active:           472840 kB
Mem:          3.8G       3.7G       134M       5.7M        27M       3.3G

MemTotal:        4016004 kB
MemFree:          122376 kB
Active:           472868 kB
Mem:          3.8G       3.7G       119M       5.7M        27M       3.3G

MemTotal:        4016004 kB
MemFree:          124620 kB
Active:           469212 kB
Mem:          3.8G       3.7G       120M       5.7M        27M       3.3G

MemTotal:        4016004 kB
MemFree:          122752 kB
Active:           469228 kB
Mem:          3.8G       3.7G       119M       5.7M        27M       3.3G

MemTotal:        4016004 kB
MemFree:          121096 kB
Active:           469228 kB
Mem:          3.8G       3.7G       118M       5.7M        27M       3.3G

MemTotal:        4016004 kB
MemFree:          120232 kB
Active:           469228 kB
Mem:          3.8G       3.7G       117M       5.7M        27M       3.3G

MemTotal:        4016004 kB
MemFree:          115604 kB
Active:           469228 kB
Mem:          3.8G       3.7G       111M       5.7M        27M       3.3G

MemTotal:        4016004 kB
MemFree:          147340 kB
Active:           454716 kB
Mem:          3.8G       3.7G       143M       5.7M        27M       3.3G

MemTotal:        4016004 kB
MemFree:          110456 kB
Active:           445756 kB
Mem:          3.8G       3.7G       107M       5.7M        27M       3.3G

MemTotal:        4016004 kB
MemFree:          135080 kB
Active:           434236 kB
Mem:          3.8G       3.7G       131M       5.7M        27M       3.3G

MemTotal:        4016004 kB
MemFree:          137076 kB
Active:           428988 kB
Mem:          3.8G       3.7G       133M       5.7M        27M       3.3G

MemTotal:        4016004 kB
MemFree:          128004 kB
Active:           427092 kB
Mem:          3.8G       3.7G       124M       5.7M        27M       3.3G

MemTotal:        4016004 kB
MemFree:          129616 kB
Active:           420940 kB
Mem:          3.8G       3.7G       126M       5.7M        27M       3.3G

MemTotal:        4016004 kB
MemFree:          129900 kB
Active:           420940 kB
Mem:          3.8G       3.7G       126M       5.7M        27M       3.3G

MemTotal:        4016004 kB
MemFree:          122908 kB
Active:           419660 kB
Mem:          3.8G       3.7G       119M       5.7M        27M       3.3G

MemTotal:        4016004 kB
MemFree:          121236 kB
Active:           419676 kB
Mem:          3.8G       3.7G       118M       5.7M        27M       3.3G

MemTotal:        4016004 kB
MemFree:          120232 kB
Active:           419676 kB
Mem:          3.8G       3.7G       117M       5.7M        27M       3.3G

MemTotal:        4016004 kB
MemFree:          120144 kB
Active:           419680 kB
Mem:          3.8G       3.7G       117M       5.7M        27M       3.3G

MemTotal:        4016004 kB
MemFree:          118724 kB
Active:           419680 kB
Mem:          3.8G       3.7G       115M       5.7M        27M       3.3G

MemTotal:        4016004 kB
MemFree:          137456 kB
Active:           416228 kB
Mem:          3.8G       3.7G       133M       5.7M        27M       3.3G

MemTotal:        4016004 kB
MemFree:          128844 kB
Active:           412516 kB
Mem:          3.8G       3.7G       125M       5.7M        27M       3.3G

MemTotal:        4016004 kB
MemFree:          121876 kB
Active:           409576 kB
Mem:          3.8G       3.7G       118M       5.7M        27M       3.3G

MemTotal:        4016004 kB
MemFree:          123648 kB
Active:           409500 kB
Mem:          3.8G       3.7G       119M       5.7M        27M       3.3G

MemTotal:        4016004 kB
MemFree:          117260 kB
Active:           408860 kB
Mem:          3.8G       3.7G       113M       5.7M        27M       3.3G

MemTotal:        4016004 kB
MemFree:          138020 kB
Active:           401188 kB
Mem:          3.8G       3.7G       134M       5.7M        27M       3.3G

MemTotal:        4016004 kB
MemFree:          136812 kB
Active:           401188 kB
Mem:          3.8G       3.7G       133M       5.7M        27M       3.3G

MemTotal:        4016004 kB
MemFree:          112088 kB
Active:           399408 kB
Mem:          3.8G       3.7G       108M       5.7M        27M       3.3G

MemTotal:        4016004 kB
MemFree:          136576 kB
Active:           397640 kB
Mem:          3.8G       3.7G       133M       5.7M        27M       3.3G

MemTotal:        4016004 kB
MemFree:          136308 kB
Active:           397644 kB
Mem:          3.8G       3.7G       132M       5.7M        27M       3.3G

MemTotal:        4016004 kB
MemFree:          135584 kB
Active:           397648 kB
Mem:          3.8G       3.7G       132M       5.7M        27M       3.3G

MemTotal:        4016004 kB
MemFree:          134844 kB
Active:           397648 kB
Mem:          3.8G       3.7G       131M       5.7M        27M       3.3G

MemTotal:        4016004 kB
MemFree:          118420 kB
Active:           397656 kB
Mem:          3.8G       3.7G       114M       5.7M        27M       3.3G

MemTotal:        4016004 kB
MemFree:          122372 kB
Active:           394112 kB
Mem:          3.8G       3.7G       119M       5.7M        27M       3.3G

MemTotal:        4016004 kB
MemFree:          141924 kB
Active:           387148 kB
Mem:          3.8G       3.7G       137M       5.7M        27M       3.3G

MemTotal:        4016004 kB
MemFree:          140744 kB
Active:           382248 kB
Mem:          3.8G       3.7G       137M       5.7M        27M       3.3G

MemTotal:        4016004 kB
MemFree:          126180 kB
Active:           381224 kB
Mem:          3.8G       3.7G       122M       5.7M        27M       3.3G

MemTotal:        4016004 kB
MemFree:          134444 kB
Active:           379816 kB
Mem:          3.8G       3.7G       131M       5.7M        27M       3.3G

MemTotal:        4016004 kB
MemFree:          131236 kB
Active:           377640 kB
Mem:          3.8G       3.7G       128M       5.7M        27M       3.3G

MemTotal:        4016004 kB
MemFree:          117648 kB
Active:           377660 kB
Mem:          3.8G       3.7G       114M       5.7M        27M       3.3G

MemTotal:        4016004 kB
MemFree:          137504 kB
Active:           375868 kB
Mem:          3.8G       3.7G       134M       5.7M        27M       3.3G

MemTotal:        4016004 kB
MemFree:          135412 kB
Active:           375884 kB
Mem:          3.8G       3.7G       131M       5.7M        27M       3.3G

MemTotal:        4016004 kB
MemFree:          134508 kB
Active:           375884 kB
Mem:          3.8G       3.7G       130M       5.7M        27M       3.3G

MemTotal:        4016004 kB
MemFree:          133084 kB
Active:           377784 kB
Mem:          3.8G       3.7G       129M       5.7M        27M       3.3G

MemTotal:        4016004 kB
MemFree:          112096 kB
Active:           379716 kB
Mem:          3.8G       3.7G       109M       5.7M        27M       3.3G

MemTotal:        4016004 kB
MemFree:          142544 kB
Active:           372772 kB
Mem:          3.8G       3.7G       138M       5.7M        27M       3.3G

MemTotal:        4016004 kB
MemFree:          125440 kB
Active:           368932 kB
Mem:          3.8G       3.7G       121M       5.7M        27M       3.3G

MemTotal:        4016004 kB
MemFree:          136164 kB
Active:           364584 kB
Mem:          3.8G       3.7G       132M       5.7M        27M       3.3G

MemTotal:        4016004 kB
MemFree:          132576 kB
Active:           364456 kB
Mem:          3.8G       3.7G       128M       5.7M        27M       3.3G

MemTotal:        4016004 kB
MemFree:          130964 kB
Active:           363184 kB
Mem:          3.8G       3.7G       128M       5.7M        27M       3.3G

MemTotal:        4016004 kB
MemFree:          123512 kB
Active:           363196 kB
Mem:          3.8G       3.7G       120M       5.7M        27M       3.3G

MemTotal:        4016004 kB
MemFree:          126356 kB
Active:           363200 kB
Mem:          3.8G       3.7G       123M       5.7M        27M       3.3G

MemTotal:        4016004 kB
MemFree:          125332 kB
Active:           363212 kB
Mem:          3.8G       3.7G       122M       5.7M        27M       3.3G

MemTotal:        4016004 kB
MemFree:          123604 kB
Active:           364364 kB
Mem:          3.8G       3.7G       120M       5.7M        27M       3.3G

MemTotal:        4016004 kB
MemFree:          123236 kB
Active:           364288 kB
Mem:          3.8G       3.7G       120M       5.7M        27M       3.3G

MemTotal:        4016004 kB
MemFree:          125692 kB
Active:           363272 kB
Mem:          3.8G       3.7G       122M       5.7M        27M       3.3G

MemTotal:        4016004 kB
MemFree:          124224 kB
Active:           363144 kB
Mem:          3.8G       3.7G       121M       5.7M        27M       3.3G

MemTotal:        4016004 kB
MemFree:          122204 kB
Active:           362380 kB
Mem:          3.8G       3.7G       118M       5.7M        27M       3.3G

MemTotal:        4016004 kB
MemFree:          137504 kB
Active:           362224 kB
Mem:          3.8G       3.7G       133M       5.7M        27M       3.3G

MemTotal:        4016004 kB
MemFree:          108224 kB
Active:           362224 kB
Mem:          3.8G       3.7G       104M       5.7M        27M       3.3G

MemTotal:        4016004 kB
MemFree:          138668 kB
Active:           362104 kB
Mem:          3.8G       3.7G       135M       5.7M        27M       3.3G

MemTotal:        4016004 kB
MemFree:          131264 kB
Active:           362116 kB
Mem:          3.8G       3.7G       127M       5.7M        27M       3.3G

MemTotal:        4016004 kB
MemFree:          136176 kB
Active:           360216 kB
Mem:          3.8G       3.7G       132M       5.7M        27M       3.3G

MemTotal:        4016004 kB
MemFree:          134300 kB
Active:           360228 kB
Mem:          3.8G       3.7G       131M       5.7M        27M       3.3G

MemTotal:        4016004 kB
MemFree:          134516 kB
Active:           362264 kB
Mem:          3.8G       3.7G       131M       5.7M        27M       3.3G

MemTotal:        4016004 kB
MemFree:          134532 kB
Active:           362276 kB
Mem:          3.8G       3.7G       131M       5.7M        27M       3.3G

MemTotal:        4016004 kB
MemFree:          133388 kB
Active:           362280 kB
Mem:          3.8G       3.7G       129M       5.7M        27M       3.3G

MemTotal:        4016004 kB
MemFree:          122520 kB
Active:           361512 kB
Mem:          3.8G       3.7G       119M       5.7M        27M       3.3G

MemTotal:        4016004 kB
MemFree:          123512 kB
Active:           361384 kB
Mem:          3.8G       3.7G       120M       5.7M        27M       3.3G

MemTotal:        4016004 kB
MemFree:          146104 kB
Active:           361388 kB
Mem:          3.8G       3.7G       142M       5.7M        27M       3.2G

MemTotal:        4016004 kB
MemFree:          147416 kB
Active:           361396 kB
Mem:          3.8G       3.7G       143M       5.7M        27M       3.2G

MemTotal:        4016004 kB
MemFree:          139212 kB
Active:           361272 kB
Mem:          3.8G       3.7G       135M       5.7M        27M       3.3G

MemTotal:        4016004 kB
MemFree:          133312 kB
Active:           361272 kB
Mem:          3.8G       3.7G       129M       5.7M        27M       3.3G

MemTotal:        4016004 kB
MemFree:          142604 kB
Active:           361284 kB
Mem:          3.8G       3.7G       138M       5.7M        27M       3.3G

MemTotal:        4016004 kB
MemFree:          135132 kB
Active:           361284 kB
Mem:          3.8G       3.7G       131M       5.7M        27M       3.3G

MemTotal:        4016004 kB
MemFree:          128652 kB
Active:           361296 kB
Mem:          3.8G       3.7G       125M       5.7M        27M       3.3G

MemTotal:        4016004 kB
MemFree:          128512 kB
Active:           361304 kB
Mem:          3.8G       3.7G       125M       5.7M        27M       3.3G

MemTotal:        4016004 kB
MemFree:          126404 kB
Active:           361304 kB
Mem:          3.8G       3.7G       123M       5.7M        27M       3.3G

MemTotal:        4016004 kB
MemFree:          125044 kB
Active:           361312 kB
Mem:          3.8G       3.7G       121M       5.7M        27M       3.3G

MemTotal:        4016004 kB
MemFree:          120044 kB
Active:           361312 kB
Mem:          3.8G       3.7G       116M       5.7M        27M       3.3G

MemTotal:        4016004 kB
MemFree:          143084 kB
Active:           361040 kB
Mem:          3.8G       3.7G       139M       5.7M        27M       3.2G

MemTotal:        4016004 kB
MemFree:          139688 kB
Active:           361040 kB
Mem:          3.8G       3.7G       136M       5.7M        27M       3.3G

MemTotal:        4016004 kB
MemFree:          128748 kB
Active:           359572 kB
Mem:          3.8G       3.7G       125M       5.7M        27M       3.3G

MemTotal:        4016004 kB
MemFree:          132916 kB
Active:           357612 kB
Mem:          3.8G       3.7G       129M       5.7M        27M       3.3G

MemTotal:        4016004 kB
MemFree:          117080 kB
Active:           359212 kB
Mem:          3.8G       3.7G       113M       5.7M        27M       3.3G

MemTotal:        4016004 kB
MemFree:          107308 kB
Active:           359096 kB
Mem:          3.8G       3.7G       104M       5.7M        27M       3.3G

MemTotal:        4016004 kB
MemFree:          130732 kB
Active:           359096 kB
Mem:          3.8G       3.7G       127M       5.7M        27M       3.3G

MemTotal:        4016004 kB
MemFree:          129508 kB
Active:           359108 kB
Mem:          3.8G       3.7G       125M       5.7M        27M       3.3G

MemTotal:        4016004 kB
MemFree:          127868 kB
Active:           359108 kB
Mem:          3.8G       3.7G       124M       5.7M        27M       3.3G

MemTotal:        4016004 kB
MemFree:          126384 kB
Active:           359108 kB
Mem:          3.8G       3.7G       123M       5.7M        27M       3.3G

MemTotal:        4016004 kB
MemFree:          105944 kB
Active:           359116 kB
Mem:          3.8G       3.7G       102M       5.7M        27M       3.3G

MemTotal:        4016004 kB
MemFree:          108184 kB
Active:           359116 kB
Mem:          3.8G       3.7G       104M       5.7M        27M       3.3G

MemTotal:        4016004 kB
MemFree:          133412 kB
Active:           354352 kB
Mem:          3.8G       3.7G       129M       5.7M        27M       3.3G

MemTotal:        4016004 kB
MemFree:          133520 kB
Active:           355992 kB
Mem:          3.8G       3.7G       129M       5.7M        27M       3.3G

MemTotal:        4016004 kB
MemFree:          127768 kB
Active:           355364 kB
Mem:          3.8G       3.7G       124M       5.7M        27M       3.3G

MemTotal:        4016004 kB
MemFree:          129276 kB
Active:           355364 kB
Mem:          3.8G       3.7G       126M       5.7M        27M       3.3G

MemTotal:        4016004 kB
MemFree:          116588 kB
Active:           352320 kB
Mem:          3.8G       3.7G       113M       5.7M        27M       3.3G

MemTotal:        4016004 kB
MemFree:          118848 kB
Active:           352320 kB
Mem:          3.8G       3.7G       115M       5.7M        27M       3.3G

MemTotal:        4016004 kB
MemFree:          110196 kB
Active:           352324 kB
Mem:          3.8G       3.7G       107M       5.7M        27M       3.3G

MemTotal:        4016004 kB
MemFree:          127324 kB
Active:           352328 kB
Mem:          3.8G       3.7G       123M       5.7M        27M       3.3G

MemTotal:        4016004 kB
MemFree:          125496 kB
Active:           352352 kB
Mem:          3.8G       3.7G       122M       5.7M        27M       3.3G

MemTotal:        4016004 kB
MemFree:          125156 kB
Active:           352352 kB
Mem:          3.8G       3.7G       122M       5.7M        27M       3.3G

MemTotal:        4016004 kB
MemFree:          125160 kB
Active:           352356 kB
Mem:          3.8G       3.7G       122M       5.7M        27M       3.3G

MemTotal:        4016004 kB
MemFree:          125208 kB
Active:           353488 kB
Mem:          3.8G       3.7G       121M       5.7M        27M       3.3G

MemTotal:        4016004 kB
MemFree:          125200 kB
Active:           353360 kB
Mem:          3.8G       3.7G       121M       5.7M        27M       3.3G

MemTotal:        4016004 kB
MemFree:          129068 kB
Active:           351040 kB
Mem:          3.8G       3.7G       125M       5.7M        27M       3.3G

MemTotal:        4016004 kB
MemFree:          124536 kB
Active:           350944 kB
Mem:          3.8G       3.7G       121M       5.7M        27M       3.3G

MemTotal:        4016004 kB
MemFree:          114708 kB
Active:           350956 kB
Mem:          3.8G       3.7G       111M       5.7M        27M       3.3G

MemTotal:        4016004 kB
MemFree:          123028 kB
Active:           350960 kB
Mem:          3.8G       3.7G       119M       5.7M        27M       3.3G

MemTotal:        4016004 kB
MemFree:          107428 kB
Active:           350960 kB
Mem:          3.8G       3.7G       104M       5.7M        27M       3.3G

MemTotal:        4016004 kB
MemFree:          136544 kB
Active:           350960 kB
Mem:          3.8G       3.7G       133M       5.7M        27M       3.2G

MemTotal:        4016004 kB
MemFree:          136668 kB
Active:           350976 kB
Mem:          3.8G       3.7G       133M       5.7M        27M       3.2G

MemTotal:        4016004 kB
MemFree:          136860 kB
Active:           350976 kB
Mem:          3.8G       3.7G       133M       5.7M        27M       3.2G

MemTotal:        4016004 kB
MemFree:          136068 kB
Active:           350996 kB
Mem:          3.8G       3.7G       132M       5.7M        27M       3.2G

MemTotal:        4016004 kB
MemFree:          116284 kB
Active:           350996 kB
Mem:          3.8G       3.7G       112M       5.7M        27M       3.3G

MemTotal:        4016004 kB
MemFree:          109024 kB
Active:           349520 kB
Mem:          3.8G       3.7G       105M       5.7M        27M       3.3G

MemTotal:        4016004 kB
MemFree:          122532 kB
Active:           349528 kB
Mem:          3.8G       3.7G       118M       5.7M        27M       3.3G

MemTotal:        4016004 kB
MemFree:          116656 kB
Active:           349528 kB
Mem:          3.8G       3.7G       136M       5.7M        27M       3.2G

MemTotal:        4016004 kB
MemFree:          122796 kB
Active:           349528 kB
Mem:          3.8G       3.7G       119M       5.7M        27M       3.3G

MemTotal:        4016004 kB
MemFree:          113492 kB
Active:           349528 kB
Mem:          3.8G       3.7G       110M       5.7M        27M       3.3G

MemTotal:        4016004 kB
MemFree:          134676 kB
Active:           348072 kB
Mem:          3.8G       3.7G       131M       5.7M        27M       3.2G

MemTotal:        4016004 kB
MemFree:          120224 kB
Active:           347952 kB
Mem:          3.8G       3.7G       116M       5.7M        27M       3.3G

MemTotal:        4016004 kB
MemFree:          141852 kB
Active:           347964 kB
Mem:          3.8G       3.7G       138M       5.7M        27M       3.2G

MemTotal:        4016004 kB
MemFree:          108440 kB
Active:           347964 kB
Mem:          3.8G       3.7G       105M       5.7M        27M       3.3G

MemTotal:        4016004 kB
MemFree:          106872 kB
Active:           347980 kB
Mem:          3.8G       3.7G       104M       5.7M        27M       3.3G

MemTotal:        4016004 kB
MemFree:          105820 kB
Active:           347980 kB
Mem:          3.8G       3.7G       103M       5.7M        27M       3.3G

MemTotal:        4016004 kB
MemFree:          104988 kB
Active:           347984 kB
Mem:          3.8G       3.7G       102M       5.7M        27M       3.3G

MemTotal:        4016004 kB
MemFree:          112464 kB
Active:           347988 kB
Mem:          3.8G       3.7G       109M       5.7M        27M       3.3G

MemTotal:        4016004 kB
MemFree:          119912 kB
Active:           347992 kB
Mem:          3.8G       3.7G       116M       5.7M        27M       3.3G

MemTotal:        4016004 kB
MemFree:          131188 kB
Active:           347992 kB
Mem:          3.8G       3.7G       127M       5.7M        27M       3.3G

MemTotal:        4016004 kB
MemFree:          108564 kB
Active:           347992 kB
Mem:          3.8G       3.7G       105M       5.7M        27M       3.3G

MemTotal:        4016004 kB
MemFree:          124552 kB
Active:           346696 kB
Mem:          3.8G       3.7G       120M       5.7M        27M       3.3G

MemTotal:        4016004 kB
MemFree:          131820 kB
Active:           346704 kB
Mem:          3.8G       3.7G       128M       5.7M        27M       3.3G

MemTotal:        4016004 kB
MemFree:          135392 kB
Active:           347292 kB
Mem:          3.8G       3.7G       132M       5.7M        27M       3.2G

MemTotal:        4016004 kB
MemFree:          126940 kB
Active:           347216 kB
Mem:          3.8G       3.7G       123M       5.7M        27M       3.3G

MemTotal:        4016004 kB
MemFree:          126660 kB
Active:           347220 kB
Mem:          3.8G       3.7G       123M       5.7M        27M       3.3G

MemTotal:        4016004 kB
MemFree:          125956 kB
Active:           347244 kB
Mem:          3.8G       3.7G       122M       5.7M        27M       3.3G

MemTotal:        4016004 kB
MemFree:          125740 kB
Active:           347244 kB
Mem:          3.8G       3.7G       122M       5.7M        27M       3.3G

MemTotal:        4016004 kB
MemFree:          125836 kB
Active:           347252 kB
Mem:          3.8G       3.7G       122M       5.7M        27M       3.3G

MemTotal:        4016004 kB
MemFree:          126100 kB
Active:           347256 kB
Mem:          3.8G       3.7G       122M       5.7M        27M       3.3G

MemTotal:        4016004 kB
MemFree:          135284 kB
Active:           347260 kB
Mem:          3.8G       3.7G       131M       5.7M        27M       3.2G

MemTotal:        4016004 kB
MemFree:          134912 kB
Active:           347260 kB
Mem:          3.8G       3.7G       131M       5.7M        27M       3.2G

MemTotal:        4016004 kB
MemFree:          125380 kB
Active:           345352 kB
Mem:          3.8G       3.7G       122M       5.7M        27M       3.3G

MemTotal:        4016004 kB
MemFree:          133436 kB
Active:           345432 kB
Mem:          3.8G       3.7G       129M       5.7M        27M       3.2G

MemTotal:        4016004 kB
MemFree:          132732 kB
Active:           345380 kB
Mem:          3.8G       3.7G       129M       5.7M        27M       3.2G

MemTotal:        4016004 kB
MemFree:          109348 kB
Active:           345380 kB
Mem:          3.8G       3.7G       106M       5.7M        27M       3.3G

MemTotal:        4016004 kB
MemFree:          121280 kB
Active:           345380 kB
Mem:          3.8G       3.7G       117M       5.7M        27M       3.3G

MemTotal:        4016004 kB
MemFree:          133328 kB
Active:           345380 kB
Mem:          3.8G       3.7G       129M       5.7M        27M       3.2G

MemTotal:        4016004 kB
MemFree:          130072 kB
Active:           345400 kB
Mem:          3.8G       3.7G       126M       5.7M        27M       3.3G

MemTotal:        4016004 kB
MemFree:          129168 kB
Active:           345400 kB
Mem:          3.8G       3.7G       125M       5.7M        27M       3.3G

MemTotal:        4016004 kB
MemFree:          127064 kB
Active:           345400 kB
Mem:          3.8G       3.7G       123M       5.7M        27M       3.3G

MemTotal:        4016004 kB
MemFree:          123924 kB
Active:           345404 kB
Mem:          3.8G       3.7G       120M       5.7M        27M       3.3G

MemTotal:        4016004 kB
MemFree:          140680 kB
Active:           345404 kB
Mem:          3.8G       3.7G       137M       5.7M        27M       3.2G

MemTotal:        4016004 kB
MemFree:          117376 kB
Active:           345412 kB
Mem:          3.8G       3.7G       114M       5.7M        27M       3.3G

MemTotal:        4016004 kB
MemFree:          123092 kB
Active:           345428 kB
Mem:          3.8G       3.7G       119M       5.7M        27M       3.3G

MemTotal:        4016004 kB
MemFree:          130280 kB
Active:           343572 kB
Mem:          3.8G       3.7G       127M       5.7M        27M       3.2G

MemTotal:        4016004 kB
MemFree:          146308 kB
Active:           343572 kB
Mem:          3.8G       3.7G       143M       5.7M        27M       3.2G

MemTotal:        4016004 kB
MemFree:          143400 kB
Active:           343572 kB
Mem:          3.8G       3.7G       139M       5.7M        27M       3.2G

MemTotal:        4016004 kB
MemFree:          139408 kB
Active:           343584 kB
Mem:          3.8G       3.7G       136M       5.7M        27M       3.2G

MemTotal:        4016004 kB
MemFree:          139048 kB
Active:           343592 kB
Mem:          3.8G       3.7G       135M       5.7M        27M       3.2G

MemTotal:        4016004 kB
MemFree:          137724 kB
Active:           343604 kB
Mem:          3.8G       3.7G       134M       5.7M        27M       3.2G

MemTotal:        4016004 kB
MemFree:          135744 kB
Active:           343604 kB
Mem:          3.8G       3.7G       132M       5.7M        27M       3.2G

MemTotal:        4016004 kB
MemFree:          109832 kB
Active:           343604 kB
Mem:          3.8G       3.7G       107M       5.7M        27M       3.3G

MemTotal:        4016004 kB
MemFree:          142456 kB
Active:           344868 kB
Mem:          3.8G       3.7G       138M       5.7M        27M       3.2G

MemTotal:        4016004 kB
MemFree:          126684 kB
Active:           344868 kB
Mem:          3.8G       3.7G       122M       5.7M        27M       3.3G

MemTotal:        4016004 kB
MemFree:          132348 kB
Active:           344744 kB
Mem:          3.8G       3.7G       128M       5.7M        27M       3.2G

MemTotal:        4016004 kB
MemFree:          133040 kB
Active:           344748 kB
Mem:          3.8G       3.7G       129M       5.7M        27M       3.2G

MemTotal:        4016004 kB
MemFree:          136936 kB
Active:           344748 kB
Mem:          3.8G       3.7G       133M       5.7M        27M       3.2G

MemTotal:        4016004 kB
MemFree:          134824 kB
Active:           344760 kB
Mem:          3.8G       3.7G       130M       5.7M        27M       3.2G

MemTotal:        4016004 kB
MemFree:          120468 kB
Active:           344604 kB
Mem:          3.8G       3.7G       117M       5.7M        27M       3.3G

MemTotal:        4016004 kB
MemFree:          120264 kB
Active:           344604 kB
Mem:          3.8G       3.7G       116M       5.7M        27M       3.3G

MemTotal:        4016004 kB
MemFree:          119560 kB
Active:           344460 kB
Mem:          3.8G       3.7G       116M       5.7M        27M       3.3G

MemTotal:        4016004 kB
MemFree:          119404 kB
Active:           344400 kB
Mem:          3.8G       3.7G       116M       5.7M        27M       3.3G

MemTotal:        4016004 kB
MemFree:          119648 kB
Active:           344304 kB
Mem:          3.8G       3.7G       117M       5.7M        27M       3.3G

MemTotal:        4016004 kB
MemFree:          119776 kB
Active:           344308 kB
Mem:          3.8G       3.7G       117M       5.7M        27M       3.3G

MemTotal:        4016004 kB
MemFree:          120028 kB
Active:           344308 kB
Mem:          3.8G       3.7G       117M       5.7M        27M       3.3G

MemTotal:        4016004 kB
MemFree:          120028 kB
Active:           344312 kB
Mem:          3.8G       3.7G       117M       5.7M        27M       3.3G

MemTotal:        4016004 kB
MemFree:          120028 kB
Active:           344312 kB
Mem:          3.8G       3.7G       117M       5.7M        27M       3.3G

MemTotal:        4016004 kB
MemFree:          120028 kB
Active:           344312 kB
Mem:          3.8G       3.7G       117M       5.7M        27M       3.3G

MemTotal:        4016004 kB
MemFree:          120028 kB
Active:           344312 kB
Mem:          3.8G       3.7G       117M       5.7M        27M       3.3G

MemTotal:        4016004 kB
MemFree:          120028 kB
Active:           344312 kB
Mem:          3.8G       3.7G       117M       5.7M        27M       3.3G

MemTotal:        4016004 kB
MemFree:          120028 kB
Active:           344312 kB
Mem:          3.8G       3.7G       117M       5.7M        27M       3.3G

MemTotal:        4016004 kB
MemFree:          120028 kB
Active:           344316 kB
Mem:          3.8G       3.7G       117M       5.7M        27M       3.3G

MemTotal:        4016004 kB
MemFree:          120036 kB
Active:           344316 kB
Mem:          3.8G       3.7G       117M       5.7M        27M       3.3G

MemTotal:        4016004 kB
MemFree:          120036 kB
Active:           344316 kB
Mem:          3.8G       3.7G       117M       5.7M        27M       3.3G

MemTotal:        4016004 kB
MemFree:          120036 kB
Active:           344324 kB
Mem:          3.8G       3.7G       117M       5.7M        27M       3.3G

MemTotal:        4016004 kB
MemFree:          120036 kB
Active:           344324 kB
Mem:          3.8G       3.7G       117M       5.7M        27M       3.3G

MemTotal:        4016004 kB
MemFree:          120036 kB
Active:           344328 kB
Mem:          3.8G       3.7G       117M       5.7M        27M       3.3G

MemTotal:        4016004 kB
MemFree:          119624 kB
Active:           344100 kB
Mem:          3.8G       3.7G       116M       5.7M        27M       3.3G

MemTotal:        4016004 kB
MemFree:          119624 kB
Active:           344076 kB
Mem:          3.8G       3.7G       116M       5.7M        27M       3.3G

MemTotal:        4016004 kB
MemFree:          119376 kB
Active:           344116 kB
Mem:          3.8G       3.7G       116M       5.7M        27M       3.3G

MemTotal:        4016004 kB
MemFree:          119128 kB
Active:           344080 kB
Mem:          3.8G       3.7G       116M       5.7M        27M       3.3G

MemTotal:        4016004 kB
MemFree:          119128 kB
Active:           344100 kB
Mem:          3.8G       3.7G       116M       5.7M        27M       3.3G

MemTotal:        4016004 kB
MemFree:          119128 kB
Active:           344080 kB
Mem:          3.8G       3.7G       116M       5.7M        27M       3.3G

MemTotal:        4016004 kB
MemFree:          119128 kB
Active:           344132 kB
Mem:          3.8G       3.7G       116M       5.7M        27M       3.3G

MemTotal:        4016004 kB
MemFree:          119252 kB
Active:           344100 kB
Mem:          3.8G       3.7G       116M       5.7M        27M       3.3G

MemTotal:        4016004 kB
MemFree:          119500 kB
Active:           344112 kB
Mem:          3.8G       3.7G       116M       5.7M        27M       3.3G

MemTotal:        4016004 kB
MemFree:          119376 kB
Active:           344140 kB
Mem:          3.8G       3.7G       116M       5.7M        27M       3.3G

MemTotal:        4016004 kB
MemFree:          119500 kB
Active:           344100 kB
Mem:          3.8G       3.7G       116M       5.7M        27M       3.3G

MemTotal:        4016004 kB
MemFree:          119488 kB
Active:           344124 kB
Mem:          3.8G       3.7G       116M       5.7M        27M       3.3G

MemTotal:        4016004 kB
MemFree:          119116 kB
Active:           344140 kB
Mem:          3.8G       3.7G       116M       5.7M        27M       3.3G

MemTotal:        4016004 kB
MemFree:          119488 kB
Active:           344096 kB
Mem:          3.8G       3.7G       116M       5.7M        27M       3.3G

MemTotal:        4016004 kB
MemFree:          118992 kB
Active:           344148 kB
Mem:          3.8G       3.7G       116M       5.7M        27M       3.3G

MemTotal:        4016004 kB
MemFree:          119240 kB
Active:           344112 kB
Mem:          3.8G       3.7G       116M       5.7M        27M       3.3G

MemTotal:        4016004 kB
MemFree:          119364 kB
Active:           344140 kB
Mem:          3.8G       3.7G       116M       5.7M        27M       3.3G

MemTotal:        4016004 kB
MemFree:          118992 kB
Active:           344148 kB
Mem:          3.8G       3.7G       116M       5.7M        27M       3.3G

MemTotal:        4016004 kB
MemFree:          119364 kB
Active:           344112 kB
Mem:          3.8G       3.7G       116M       5.7M        27M       3.3G

MemTotal:        4016004 kB
MemFree:          119488 kB
Active:           344148 kB
Mem:          3.8G       3.7G       116M       5.7M        27M       3.3G

MemTotal:        4016004 kB
MemFree:          118992 kB
Active:           344164 kB
Mem:          3.8G       3.7G       116M       5.7M        27M       3.3G

MemTotal:        4016004 kB
MemFree:          118992 kB
Active:           344172 kB
Mem:          3.8G       3.7G       116M       5.7M        27M       3.3G

MemTotal:        4016004 kB
MemFree:          119488 kB
Active:           344124 kB
Mem:          3.8G       3.7G       116M       5.7M        27M       3.3G

MemTotal:        4016004 kB
MemFree:          119520 kB
Active:           344132 kB
Mem:          3.8G       3.7G       116M       5.7M        27M       3.3G

MemTotal:        4016004 kB
MemFree:          119024 kB
Active:           344172 kB
Mem:          3.8G       3.7G       116M       5.7M        27M       3.3G

MemTotal:        4016004 kB
MemFree:          119520 kB
Active:           344120 kB
Mem:          3.8G       3.7G       116M       5.7M        27M       3.3G

MemTotal:        4016004 kB
MemFree:          119520 kB
Active:           344120 kB
Mem:          3.8G       3.7G       116M       5.7M        27M       3.3G

MemTotal:        4016004 kB
MemFree:          119396 kB
Active:           344132 kB
Mem:          3.8G       3.7G       116M       5.7M        27M       3.3G

MemTotal:        4016004 kB
MemFree:          119024 kB
Active:           344124 kB
Mem:          3.8G       3.7G       116M       5.7M        27M       3.3G

MemTotal:        4016004 kB
MemFree:          119024 kB
Active:           344132 kB
Mem:          3.8G       3.7G       116M       5.7M        27M       3.3G

MemTotal:        4016004 kB
MemFree:          119148 kB
Active:           344148 kB
Mem:          3.8G       3.7G       116M       5.7M        27M       3.3G

MemTotal:        4016004 kB
MemFree:          119148 kB
Active:           344160 kB
Mem:          3.8G       3.7G       116M       5.7M        27M       3.3G

MemTotal:        4016004 kB
MemFree:          119272 kB
Active:           344160 kB
Mem:          3.8G       3.7G       116M       5.7M        27M       3.3G

MemTotal:        4016004 kB
MemFree:          119520 kB
Active:           344176 kB
Mem:          3.8G       3.7G       116M       5.7M        27M       3.3G

MemTotal:        4016004 kB
MemFree:          119396 kB
Active:           344176 kB
Mem:          3.8G       3.7G       116M       5.7M        27M       3.3G

MemTotal:        4016004 kB
MemFree:          118900 kB
Active:           344212 kB
Mem:          3.8G       3.7G       116M       5.7M        27M       3.3G

MemTotal:        4016004 kB
MemFree:          118900 kB
Active:           344164 kB
Mem:          3.8G       3.7G       116M       5.7M        27M       3.3G

MemTotal:        4016004 kB
MemFree:          119024 kB
Active:           344176 kB
Mem:          3.8G       3.7G       115M       5.7M        27M       3.3G

MemTotal:        4016004 kB
MemFree:          119024 kB
Active:           344176 kB
Mem:          3.8G       3.7G       116M       5.7M        27M       3.3G

MemTotal:        4016004 kB
MemFree:          118900 kB
Active:           344192 kB
Mem:          3.8G       3.7G       116M       5.7M        27M       3.3G

MemTotal:        4016004 kB
MemFree:          118528 kB
Active:           344220 kB
Mem:          3.8G       3.7G       115M       5.7M        27M       3.3G

MemTotal:        4016004 kB
MemFree:          118900 kB
Active:           344216 kB
Mem:          3.8G       3.7G       116M       5.7M        27M       3.3G

MemTotal:        4016004 kB
MemFree:          119396 kB
Active:           344216 kB
Mem:          3.8G       3.7G       116M       5.7M        27M       3.3G

MemTotal:        4016004 kB
MemFree:          119024 kB
Active:           344220 kB
Mem:          3.8G       3.7G       116M       5.7M        27M       3.3G

MemTotal:        4016004 kB
MemFree:          119396 kB
Active:           344164 kB
Mem:          3.8G       3.7G       116M       5.7M        27M       3.3G

MemTotal:        4016004 kB
MemFree:          119288 kB
Active:           344176 kB
Mem:          3.8G       3.7G       116M       5.7M        27M       3.3G

MemTotal:        4016004 kB
MemFree:          119412 kB
Active:           344172 kB
Mem:          3.8G       3.7G       116M       5.7M        27M       3.3G

MemTotal:        4016004 kB
MemFree:          119040 kB
Active:           344220 kB
Mem:          3.8G       3.7G       116M       5.7M        27M       3.3G

MemTotal:        4016004 kB
MemFree:          119288 kB
Active:           344188 kB
Mem:          3.8G       3.7G       116M       5.7M        27M       3.3G

MemTotal:        4016004 kB
MemFree:          119412 kB
Active:           344184 kB
Mem:          3.8G       3.7G       116M       5.7M        27M       3.3G

MemTotal:        4016004 kB
MemFree:          118916 kB
Active:           344224 kB
Mem:          3.8G       3.7G       115M       5.7M        27M       3.3G

MemTotal:        4016004 kB
MemFree:          118668 kB
Active:           344228 kB
Mem:          3.8G       3.7G       115M       5.7M        27M       3.3G

MemTotal:        4016004 kB
MemFree:          119040 kB
Active:           344196 kB
Mem:          3.8G       3.7G       116M       5.7M        27M       3.3G

MemTotal:        4016004 kB
MemFree:          118916 kB
Active:           344228 kB
Mem:          3.8G       3.7G       116M       5.7M        27M       3.3G

MemTotal:        4016004 kB
MemFree:          118792 kB
Active:           344232 kB
Mem:          3.8G       3.7G       116M       5.7M        27M       3.3G

MemTotal:        4016004 kB
MemFree:          117240 kB
Active:           344196 kB
Mem:          3.8G       3.7G       114M       5.7M        27M       3.3G

MemTotal:        4016004 kB
MemFree:          117380 kB
Active:           346264 kB
Mem:          3.8G       3.7G       114M       5.7M        27M       3.3G

MemTotal:        4016004 kB
MemFree:          117256 kB
Active:           346212 kB
Mem:          3.8G       3.7G       114M       5.7M        27M       3.3G

MemTotal:        4016004 kB
MemFree:          116760 kB
Active:           346264 kB
Mem:          3.8G       3.7G       114M       5.7M        27M       3.3G

MemTotal:        4016004 kB
MemFree:          117132 kB
Active:           346228 kB
Mem:          3.8G       3.7G       114M       5.7M        27M       3.3G

MemTotal:        4016004 kB
MemFree:          117256 kB
Active:           346212 kB
Mem:          3.8G       3.7G       114M       5.7M        27M       3.3G

MemTotal:        4016004 kB
MemFree:          117008 kB
Active:           346264 kB
Mem:          3.8G       3.7G       114M       5.7M        27M       3.3G

MemTotal:        4016004 kB
MemFree:          117008 kB
Active:           346264 kB
Mem:          3.8G       3.7G       114M       5.7M        27M       3.3G

MemTotal:        4016004 kB
MemFree:          117256 kB
Active:           346260 kB
Mem:          3.8G       3.7G       114M       5.7M        27M       3.3G

MemTotal:        4016004 kB
MemFree:          117504 kB
Active:           346216 kB
Mem:          3.8G       3.7G       114M       5.7M        27M       3.3G

MemTotal:        4016004 kB
MemFree:          116884 kB
Active:           346268 kB
Mem:          3.8G       3.7G       114M       5.7M        27M       3.3G

MemTotal:        4016004 kB
MemFree:          116884 kB
Active:           346264 kB
Mem:          3.8G       3.7G       114M       5.7M        27M       3.3G

MemTotal:        4016004 kB
MemFree:          117008 kB
Active:           346212 kB
Mem:          3.8G       3.7G       114M       5.7M        27M       3.3G

MemTotal:        4016004 kB
MemFree:          116760 kB
Active:           346268 kB
Mem:          3.8G       3.7G       114M       5.7M        27M       3.3G

MemTotal:        4016004 kB
MemFree:          117008 kB
Active:           346264 kB
Mem:          3.8G       3.7G       114M       5.7M        27M       3.3G

MemTotal:        4016004 kB
MemFree:          117132 kB
Active:           346268 kB
Mem:          3.8G       3.7G       114M       5.7M        27M       3.3G

MemTotal:        4016004 kB
MemFree:          116636 kB
Active:           346276 kB
Mem:          3.8G       3.7G       114M       5.7M        27M       3.3G

MemTotal:        4016004 kB
MemFree:          117008 kB
Active:           346232 kB
Mem:          3.8G       3.7G       114M       5.7M        27M       3.3G

MemTotal:        4016004 kB
MemFree:          117132 kB
Active:           346244 kB
Mem:          3.8G       3.7G       114M       5.7M        27M       3.3G

MemTotal:        4016004 kB
MemFree:          117256 kB
Active:           346252 kB
Mem:          3.8G       3.7G       114M       5.7M        28M       3.3G

MemTotal:        4016004 kB
MemFree:          117008 kB
Active:           346284 kB
Mem:          3.8G       3.7G       114M       5.7M        28M       3.3G

MemTotal:        4016004 kB
MemFree:          117008 kB
Active:           346284 kB
Mem:          3.8G       3.7G       114M       5.7M        28M       3.3G

MemTotal:        4016004 kB
MemFree:          117256 kB
Active:           346228 kB
Mem:          3.8G       3.7G       114M       5.7M        28M       3.3G

MemTotal:        4016004 kB
MemFree:          116884 kB
Active:           346288 kB
Mem:          3.8G       3.7G       114M       5.7M        28M       3.3G

MemTotal:        4016004 kB
MemFree:          117008 kB
Active:           346244 kB
Mem:          3.8G       3.7G       114M       5.7M        28M       3.3G

MemTotal:        4016004 kB
MemFree:          117008 kB
Active:           346256 kB
Mem:          3.8G       3.7G       114M       5.7M        28M       3.3G

MemTotal:        4016004 kB
MemFree:          116512 kB
Active:           346288 kB
Mem:          3.8G       3.7G       113M       5.7M        28M       3.3G

MemTotal:        4016004 kB
MemFree:          116512 kB
Active:           346292 kB
Mem:          3.8G       3.7G       113M       5.7M        28M       3.3G

MemTotal:        4016004 kB
MemFree:          116884 kB
Active:           346288 kB
Mem:          3.8G       3.7G       114M       5.7M        28M       3.3G

MemTotal:        4016004 kB
MemFree:          116388 kB
Active:           346304 kB
Mem:          3.8G       3.7G       113M       5.7M        28M       3.3G

MemTotal:        4016004 kB
MemFree:          117132 kB
Active:           346292 kB
Mem:          3.8G       3.7G       114M       5.7M        28M       3.3G

MemTotal:        4016004 kB
MemFree:          117380 kB
Active:           346252 kB
Mem:          3.8G       3.7G       114M       5.7M        28M       3.3G

MemTotal:        4016004 kB
MemFree:          117256 kB
Active:           346300 kB
Mem:          3.8G       3.7G       114M       5.7M        28M       3.3G

MemTotal:        4016004 kB
MemFree:          116884 kB
Active:           346312 kB
Mem:          3.8G       3.7G       114M       5.7M        28M       3.3G

MemTotal:        4016004 kB
MemFree:          117256 kB
Active:           346308 kB
Mem:          3.8G       3.7G       114M       5.7M        28M       3.3G

MemTotal:        4016004 kB
MemFree:          117132 kB
Active:           346264 kB
Mem:          3.8G       3.7G       114M       5.7M        28M       3.3G

MemTotal:        4016004 kB
MemFree:          116884 kB
Active:           346324 kB
Mem:          3.8G       3.7G       114M       5.7M        28M       3.3G

MemTotal:        4016004 kB
MemFree:          116884 kB
Active:           346324 kB
Mem:          3.8G       3.7G       114M       5.7M        28M       3.3G

MemTotal:        4016004 kB
MemFree:          117256 kB
Active:           346284 kB
Mem:          3.8G       3.7G       114M       5.7M        28M       3.3G

MemTotal:        4016004 kB
MemFree:          117256 kB
Active:           346292 kB
Mem:          3.8G       3.7G       114M       5.7M        28M       3.3G

MemTotal:        4016004 kB
MemFree:          116760 kB
Active:           346328 kB
Mem:          3.8G       3.7G       114M       5.7M        28M       3.3G

MemTotal:        4016004 kB
MemFree:          117256 kB
Active:           346328 kB
Mem:          3.8G       3.7G       114M       5.7M        28M       3.3G

MemTotal:        4016004 kB
MemFree:          117256 kB
Active:           346324 kB
Mem:          3.8G       3.7G       114M       5.7M        28M       3.3G

MemTotal:        4016004 kB
MemFree:          117256 kB
Active:           346328 kB
Mem:          3.8G       3.7G       114M       5.7M        28M       3.3G

MemTotal:        4016004 kB
MemFree:          116884 kB
Active:           346336 kB
Mem:          3.8G       3.7G       114M       5.7M        28M       3.3G

MemTotal:        4016004 kB
MemFree:          116884 kB
Active:           346316 kB
Mem:          3.8G       3.7G       114M       5.7M        28M       3.3G

MemTotal:        4016004 kB
MemFree:          116884 kB
Active:           346312 kB
Mem:          3.8G       3.7G       113M       5.7M        28M       3.3G

MemTotal:        4016004 kB
MemFree:          116264 kB
Active:           346336 kB
Mem:          3.8G       3.7G       113M       5.7M        28M       3.3G

MemTotal:        4016004 kB
MemFree:          116140 kB
Active:           346340 kB
Mem:          3.8G       3.7G       113M       5.7M        28M       3.3G

MemTotal:        4016004 kB
MemFree:          116512 kB
Active:           346288 kB
Mem:          3.8G       3.7G       114M       5.7M        28M       3.3G

MemTotal:        4016004 kB
MemFree:          116884 kB
Active:           346324 kB
Mem:          3.8G       3.7G       114M       5.7M        28M       3.3G

MemTotal:        4016004 kB
MemFree:          116512 kB
Active:           346344 kB
Mem:          3.8G       3.7G       113M       5.7M        28M       3.3G

MemTotal:        4016004 kB
MemFree:          116512 kB
Active:           346344 kB
Mem:          3.8G       3.7G       113M       5.7M        28M       3.3G

MemTotal:        4016004 kB
MemFree:          117008 kB
Active:           346296 kB
Mem:          3.8G       3.7G       114M       5.7M        28M       3.3G

MemTotal:        4016004 kB
MemFree:          116512 kB
Active:           346352 kB
Mem:          3.8G       3.7G       114M       5.7M        28M       3.3G

MemTotal:        4016004 kB
MemFree:          117380 kB
Active:           346308 kB
Mem:          3.8G       3.7G       114M       5.7M        28M       3.3G

MemTotal:        4016004 kB
MemFree:          117380 kB
Active:           346336 kB
Mem:          3.8G       3.7G       114M       5.7M        28M       3.3G

MemTotal:        4016004 kB
MemFree:          116884 kB
Active:           346352 kB
Mem:          3.8G       3.7G       114M       5.7M        28M       3.3G

MemTotal:        4016004 kB
MemFree:          117008 kB
Active:           346304 kB
Mem:          3.8G       3.7G       114M       5.7M        28M       3.3G

MemTotal:        4016004 kB
MemFree:          117132 kB
Active:           346336 kB
Mem:          3.8G       3.7G       114M       5.7M        28M       3.3G

MemTotal:        4016004 kB
MemFree:          116768 kB
Active:           346364 kB
Mem:          3.8G       3.7G       114M       5.7M        28M       3.3G

MemTotal:        4016004 kB
MemFree:          117140 kB
Active:           346356 kB
Mem:          3.8G       3.7G       114M       5.7M        28M       3.3G

MemTotal:        4016004 kB
MemFree:          117016 kB
Active:           346336 kB
Mem:          3.8G       3.7G       114M       5.7M        28M       3.3G

MemTotal:        4016004 kB
MemFree:          116892 kB
Active:           346344 kB
Mem:          3.8G       3.7G       114M       5.7M        28M       3.3G

MemTotal:        4016004 kB
MemFree:          116892 kB
Active:           346376 kB
Mem:          3.8G       3.7G       114M       5.7M        28M       3.3G

MemTotal:        4016004 kB
MemFree:          117016 kB
Active:           346348 kB
Mem:          3.8G       3.7G       114M       5.7M        28M       3.3G

MemTotal:        4016004 kB
MemFree:          117016 kB
Active:           346360 kB
Mem:          3.8G       3.7G       114M       5.7M        28M       3.3G

MemTotal:        4016004 kB
MemFree:          117108 kB
Active:           346340 kB
Mem:          3.8G       3.7G       114M       5.7M        28M       3.3G

MemTotal:        4016004 kB
MemFree:          116984 kB
Active:           346372 kB
Mem:          3.8G       3.7G       114M       5.7M        28M       3.3G

MemTotal:        4016004 kB
MemFree:          116984 kB
Active:           346356 kB
Mem:          3.8G       3.7G       114M       5.7M        28M       3.3G

MemTotal:        4016004 kB
MemFree:          117108 kB
Active:           346328 kB
Mem:          3.8G       3.7G       114M       5.7M        28M       3.3G

MemTotal:        4016004 kB
MemFree:          116736 kB
Active:           346384 kB
Mem:          3.8G       3.7G       113M       5.7M        28M       3.3G

MemTotal:        4016004 kB
MemFree:          116860 kB
Active:           346336 kB
Mem:          3.8G       3.7G       114M       5.7M        28M       3.3G

MemTotal:        4016004 kB
MemFree:          116860 kB
Active:           346364 kB
Mem:          3.8G       3.7G       114M       5.7M        28M       3.3G

MemTotal:        4016004 kB
MemFree:          116984 kB
Active:           346372 kB
Mem:          3.8G       3.7G       114M       5.7M        28M       3.3G

MemTotal:        4016004 kB
MemFree:          116612 kB
Active:           346396 kB
Mem:          3.8G       3.7G       113M       5.7M        28M       3.3G

MemTotal:        4016004 kB
MemFree:          116488 kB
Active:           346396 kB
Mem:          3.8G       3.7G       114M       5.7M        28M       3.3G

MemTotal:        4016004 kB
MemFree:          116868 kB
Active:           346372 kB
Mem:          3.8G       3.7G       114M       5.7M        28M       3.3G

MemTotal:        4016004 kB
MemFree:          116496 kB
Active:           346400 kB
Mem:          3.8G       3.7G       113M       5.7M        28M       3.3G

MemTotal:        4016004 kB
MemFree:          116620 kB
Active:           346360 kB
Mem:          3.8G       3.7G       113M       5.7M        28M       3.3G

MemTotal:        4016004 kB
MemFree:          116620 kB
Active:           346388 kB
Mem:          3.8G       3.7G       114M       5.7M        28M       3.3G

MemTotal:        4016004 kB
MemFree:          116868 kB
Active:           346356 kB
Mem:          3.8G       3.7G       114M       5.7M        28M       3.3G

MemTotal:        4016004 kB
MemFree:          116868 kB
Active:           346376 kB
Mem:          3.8G       3.7G       113M       5.7M        28M       3.3G

MemTotal:        4016004 kB
MemFree:          116744 kB
Active:           346396 kB
Mem:          3.8G       3.7G       113M       5.7M        28M       3.3G

MemTotal:        4016004 kB
MemFree:          116496 kB
Active:           346416 kB
Mem:          3.8G       3.7G       113M       5.7M        28M       3.3G

MemTotal:        4016004 kB
MemFree:          116744 kB
Active:           346372 kB
Mem:          3.8G       3.7G       114M       5.7M        28M       3.3G

MemTotal:        4016004 kB
MemFree:          116248 kB
Active:           346416 kB
Mem:          3.8G       3.7G       113M       5.7M        28M       3.3G

MemTotal:        4016004 kB
MemFree:          116496 kB
Active:           346372 kB
Mem:          3.8G       3.7G       113M       5.7M        28M       3.3G

MemTotal:        4016004 kB
MemFree:          116248 kB
Active:           346420 kB
Mem:          3.8G       3.7G       113M       5.7M        28M       3.3G

MemTotal:        4016004 kB
MemFree:          116248 kB
Active:           346424 kB
Mem:          3.8G       3.7G       113M       5.7M        28M       3.3G

MemTotal:        4016004 kB
MemFree:          116760 kB
Active:           346380 kB
Mem:          3.8G       3.7G       114M       5.7M        28M       3.3G

MemTotal:        4016004 kB
MemFree:          116264 kB
Active:           346432 kB
Mem:          3.8G       3.7G       113M       5.7M        28M       3.3G

MemTotal:        4016004 kB
MemFree:          116636 kB
Active:           346380 kB
Mem:          3.8G       3.7G       113M       5.7M        28M       3.3G

MemTotal:        4016004 kB
MemFree:          116760 kB
Active:           346388 kB
Mem:          3.8G       3.7G       113M       5.7M        28M       3.3G

MemTotal:        4016004 kB
MemFree:          116636 kB
Active:           346396 kB
Mem:          3.8G       3.7G       113M       5.7M        28M       3.3G

MemTotal:        4016004 kB
MemFree:          116884 kB
Active:           346392 kB
Mem:          3.8G       3.7G       114M       5.7M        28M       3.3G

MemTotal:        4016004 kB
MemFree:          116884 kB
Active:           346412 kB
Mem:          3.8G       3.7G       114M       5.7M        28M       3.3G

MemTotal:        4016004 kB
MemFree:          117256 kB
Active:           346388 kB
Mem:          3.8G       3.7G       114M       5.7M        28M       3.3G

MemTotal:        4016004 kB
MemFree:          116760 kB
Active:           346444 kB
Mem:          3.8G       3.7G       114M       5.7M        28M       3.3G

MemTotal:        4016004 kB
MemFree:          116760 kB
Active:           346448 kB
Mem:          3.8G       3.7G       114M       5.7M        28M       3.3G

MemTotal:        4016004 kB
MemFree:          117132 kB
Active:           346412 kB
Mem:          3.8G       3.7G       114M       5.7M        28M       3.3G

MemTotal:        4016004 kB
MemFree:          116884 kB
Active:           346436 kB
Mem:          3.8G       3.7G       114M       5.7M        28M       3.3G

MemTotal:        4016004 kB
MemFree:          116884 kB
Active:           346444 kB
Mem:          3.8G       3.7G       114M       5.7M        28M       3.3G

MemTotal:        4016004 kB
MemFree:          117008 kB
Active:           346404 kB
Mem:          3.8G       3.7G       114M       5.7M        28M       3.3G

MemTotal:        4016004 kB
MemFree:          116760 kB
Active:           346448 kB
Mem:          3.8G       3.7G       114M       5.7M        28M       3.3G

MemTotal:        4016004 kB
MemFree:          117008 kB
Active:           346408 kB
Mem:          3.8G       3.7G       114M       5.7M        28M       3.3G

MemTotal:        4016004 kB
MemFree:          116636 kB
Active:           346460 kB
Mem:          3.8G       3.7G       114M       5.7M        28M       3.3G

MemTotal:        4016004 kB
MemFree:          117008 kB
Active:           346420 kB
Mem:          3.8G       3.7G       114M       5.7M        28M       3.3G

MemTotal:        4016004 kB
MemFree:          117132 kB
Active:           346448 kB
Mem:          3.8G       3.7G       114M       5.7M        28M       3.3G

MemTotal:        4016004 kB
MemFree:          117132 kB
Active:           346456 kB
Mem:          3.8G       3.7G       114M       5.7M        28M       3.3G

MemTotal:        4016004 kB
MemFree:          117256 kB
Active:           346420 kB
Mem:          3.8G       3.7G       114M       5.7M        28M       3.3G

MemTotal:        4016004 kB
MemFree:          117256 kB
Active:           346436 kB
Mem:          3.8G       3.7G       114M       5.7M        28M       3.3G

MemTotal:        4016004 kB
MemFree:          117132 kB
Active:           346412 kB
Mem:          3.8G       3.7G       114M       5.7M        28M       3.3G

MemTotal:        4016004 kB
MemFree:          117008 kB
Active:           346456 kB
Mem:          3.8G       3.7G       114M       5.7M        28M       3.3G

