MemTotal:        4016004 kB
MemFree:         3230344 kB
Active:           428540 kB
Mem:          3.8G       767M       3.1G       5.7M        58M       319M

MemTotal:        4016004 kB
MemFree:         3230840 kB
Active:           428708 kB
Mem:          3.8G       767M       3.1G       5.7M        58M       319M

MemTotal:        4016004 kB
MemFree:         3230576 kB
Active:           428756 kB
Mem:          3.8G       766M       3.1G       5.7M        58M       319M

MemTotal:        4016004 kB
MemFree:         3228652 kB
Active:           428764 kB
Mem:          3.8G       768M       3.1G       5.7M        58M       319M

MemTotal:        4016004 kB
MemFree:         3228900 kB
Active:           430784 kB
Mem:          3.8G       768M       3.1G       5.7M        58M       319M

MemTotal:        4016004 kB
MemFree:         3228652 kB
Active:           430812 kB
Mem:          3.8G       768M       3.1G       5.7M        58M       319M

MemTotal:        4016004 kB
MemFree:         3228280 kB
Active:           430824 kB
Mem:          3.8G       768M       3.1G       5.7M        58M       319M

MemTotal:        4016004 kB
MemFree:         3228776 kB
Active:           430788 kB
Mem:          3.8G       768M       3.1G       5.7M        58M       319M

MemTotal:        4016004 kB
MemFree:         3229264 kB
Active:           430816 kB
Mem:          3.8G       768M       3.1G       5.7M        58M       319M

MemTotal:        4016004 kB
MemFree:         3229388 kB
Active:           430788 kB
Mem:          3.8G       768M       3.1G       5.7M        58M       319M

MemTotal:        4016004 kB
MemFree:         3229512 kB
Active:           430812 kB
Mem:          3.8G       768M       3.1G       5.7M        58M       319M

MemTotal:        4016004 kB
MemFree:         3229496 kB
Active:           430796 kB
Mem:          3.8G       768M       3.1G       5.7M        58M       319M

MemTotal:        4016004 kB
MemFree:         3231296 kB
Active:           428892 kB
Mem:          3.8G       766M       3.1G       5.7M        58M       319M

MemTotal:        4016004 kB
MemFree:         3230392 kB
Active:           426760 kB
Mem:          3.8G       766M       3.1G       5.7M        58M       319M

MemTotal:        4016004 kB
MemFree:         3230764 kB
Active:           426728 kB
Mem:          3.8G       766M       3.1G       5.7M        58M       319M

MemTotal:        4016004 kB
MemFree:         3230872 kB
Active:           428804 kB
Mem:          3.8G       766M       3.1G       5.7M        58M       319M

MemTotal:        4016004 kB
MemFree:         3230980 kB
Active:           428784 kB
Mem:          3.8G       766M       3.1G       5.7M        58M       319M

MemTotal:        4016004 kB
MemFree:         3230964 kB
Active:           428772 kB
Mem:          3.8G       766M       3.1G       5.7M        58M       319M

MemTotal:        4016004 kB
MemFree:         3230824 kB
Active:           428788 kB
Mem:          3.8G       766M       3.1G       5.7M        58M       319M

MemTotal:        4016004 kB
MemFree:         3230932 kB
Active:           428784 kB
Mem:          3.8G       766M       3.1G       5.7M        58M       319M

MemTotal:        4016004 kB
MemFree:         3230808 kB
Active:           428812 kB
Mem:          3.8G       766M       3.1G       5.7M        58M       319M

MemTotal:        4016004 kB
MemFree:         3231040 kB
Active:           428788 kB
Mem:          3.8G       766M       3.1G       5.7M        58M       319M

MemTotal:        4016004 kB
MemFree:         3231164 kB
Active:           428772 kB
Mem:          3.8G       766M       3.1G       5.7M        58M       319M

MemTotal:        4016004 kB
MemFree:         3231024 kB
Active:           428812 kB
Mem:          3.8G       766M       3.1G       5.7M        58M       319M

MemTotal:        4016004 kB
MemFree:         3231024 kB
Active:           428780 kB
Mem:          3.8G       766M       3.1G       5.7M        58M       319M

MemTotal:        4016004 kB
MemFree:         3231396 kB
Active:           428772 kB
Mem:          3.8G       766M       3.1G       5.7M        58M       319M

MemTotal:        4016004 kB
MemFree:         3231256 kB
Active:           428792 kB
Mem:          3.8G       766M       3.1G       5.7M        58M       319M

MemTotal:        4016004 kB
MemFree:         3230992 kB
Active:           428820 kB
Mem:          3.8G       766M       3.1G       5.7M        58M       319M

MemTotal:        4016004 kB
MemFree:         3230992 kB
Active:           428820 kB
Mem:          3.8G       766M       3.1G       5.7M        58M       319M

MemTotal:        4016004 kB
MemFree:         3231056 kB
Active:           428804 kB
Mem:          3.8G       766M       3.1G       5.7M        58M       319M

MemTotal:        4016004 kB
MemFree:         3231180 kB
Active:           428824 kB
Mem:          3.8G       766M       3.1G       5.7M        58M       319M

MemTotal:        4016004 kB
MemFree:         3231180 kB
Active:           428792 kB
Mem:          3.8G       766M       3.1G       5.7M        58M       319M

MemTotal:        4016004 kB
MemFree:         3231180 kB
Active:           428792 kB
Mem:          3.8G       766M       3.1G       5.7M        58M       319M

MemTotal:        4016004 kB
MemFree:         3231304 kB
Active:           428788 kB
Mem:          3.8G       766M       3.1G       5.7M        58M       319M

MemTotal:        4016004 kB
MemFree:         3230932 kB
Active:           428840 kB
Mem:          3.8G       766M       3.1G       5.7M        58M       319M

MemTotal:        4016004 kB
MemFree:         3230684 kB
Active:           428840 kB
Mem:          3.8G       766M       3.1G       5.7M        58M       319M

MemTotal:        4016004 kB
MemFree:         3231056 kB
Active:           428824 kB
Mem:          3.8G       766M       3.1G       5.7M        58M       319M

MemTotal:        4016004 kB
MemFree:         3231304 kB
Active:           428836 kB
Mem:          3.8G       766M       3.1G       5.7M        58M       319M

MemTotal:        4016004 kB
MemFree:         3230808 kB
Active:           428844 kB
Mem:          3.8G       766M       3.1G       5.7M        58M       319M

MemTotal:        4016004 kB
MemFree:         3231180 kB
Active:           428824 kB
Mem:          3.8G       766M       3.1G       5.7M        58M       319M

MemTotal:        4016004 kB
MemFree:         3231276 kB
Active:           428820 kB
Mem:          3.8G       766M       3.1G       5.7M        58M       319M

MemTotal:        4016004 kB
MemFree:         3231276 kB
Active:           428840 kB
Mem:          3.8G       766M       3.1G       5.7M        58M       319M

MemTotal:        4016004 kB
MemFree:         3230904 kB
Active:           428852 kB
Mem:          3.8G       766M       3.1G       5.7M        58M       319M

MemTotal:        4016004 kB
MemFree:         3231028 kB
Active:           428836 kB
Mem:          3.8G       766M       3.1G       5.7M        58M       319M

MemTotal:        4016004 kB
MemFree:         3230688 kB
Active:           428984 kB
Mem:          3.8G       766M       3.1G       5.7M        58M       319M

MemTotal:        4016004 kB
MemFree:         3230144 kB
Active:           428880 kB
Mem:          3.8G       767M       3.1G       5.7M        58M       319M

MemTotal:        4016004 kB
MemFree:         3230888 kB
Active:           428844 kB
Mem:          3.8G       766M       3.1G       5.7M        58M       319M

MemTotal:        4016004 kB
MemFree:         3231136 kB
Active:           428840 kB
Mem:          3.8G       766M       3.1G       5.7M        58M       319M

MemTotal:        4016004 kB
MemFree:         3230624 kB
Active:           428832 kB
Mem:          3.8G       767M       3.1G       5.7M        58M       319M

MemTotal:        4016004 kB
MemFree:         3230608 kB
Active:           428860 kB
Mem:          3.8G       766M       3.1G       5.7M        58M       319M

MemTotal:        4016004 kB
MemFree:         3230716 kB
Active:           428864 kB
Mem:          3.8G       766M       3.1G       5.7M        58M       319M

MemTotal:        4016004 kB
MemFree:         3230716 kB
Active:           428868 kB
Mem:          3.8G       766M       3.1G       5.7M        58M       319M

MemTotal:        4016004 kB
MemFree:         3230840 kB
Active:           428864 kB
Mem:          3.8G       766M       3.1G       5.7M        58M       319M

MemTotal:        4016004 kB
MemFree:         3230840 kB
Active:           428908 kB
Mem:          3.8G       766M       3.1G       5.7M        58M       319M

MemTotal:        4016004 kB
MemFree:         3230780 kB
Active:           428864 kB
Mem:          3.8G       766M       3.1G       5.7M        58M       319M

MemTotal:        4016004 kB
MemFree:         3230160 kB
Active:           428920 kB
Mem:          3.8G       767M       3.1G       5.7M        58M       319M

MemTotal:        4016004 kB
MemFree:         3230780 kB
Active:           428872 kB
Mem:          3.8G       766M       3.1G       5.7M        58M       319M

MemTotal:        4016004 kB
MemFree:         3230532 kB
Active:           428884 kB
Mem:          3.8G       766M       3.1G       5.7M        58M       319M

MemTotal:        4016004 kB
MemFree:         3231400 kB
Active:           428888 kB
Mem:          3.8G       766M       3.1G       5.7M        58M       319M

MemTotal:        4016004 kB
MemFree:         3230904 kB
Active:           428876 kB
Mem:          3.8G       766M       3.1G       5.7M        58M       319M

MemTotal:        4016004 kB
MemFree:         3230904 kB
Active:           428876 kB
Mem:          3.8G       766M       3.1G       5.7M        58M       319M

MemTotal:        4016004 kB
MemFree:         3230904 kB
Active:           428884 kB
Mem:          3.8G       766M       3.1G       5.7M        58M       319M

MemTotal:        4016004 kB
MemFree:         3228948 kB
Active:           428904 kB
Mem:          3.8G       768M       3.1G       5.7M        58M       319M

MemTotal:        4016004 kB
MemFree:         3229072 kB
Active:           430944 kB
Mem:          3.8G       768M       3.1G       5.7M        58M       319M

MemTotal:        4016004 kB
MemFree:         3229228 kB
Active:           430904 kB
Mem:          3.8G       768M       3.1G       5.7M        58M       319M

MemTotal:        4016004 kB
MemFree:         3228980 kB
Active:           430932 kB
Mem:          3.8G       768M       3.1G       5.7M        58M       319M

MemTotal:        4016004 kB
MemFree:         3228980 kB
Active:           430940 kB
Mem:          3.8G       768M       3.1G       5.7M        58M       319M

MemTotal:        4016004 kB
MemFree:         3228732 kB
Active:           430900 kB
Mem:          3.8G       768M       3.1G       5.7M        58M       319M

MemTotal:        4016004 kB
MemFree:         3228716 kB
Active:           430948 kB
Mem:          3.8G       768M       3.1G       5.7M        58M       319M

MemTotal:        4016004 kB
MemFree:         3228824 kB
Active:           430900 kB
Mem:          3.8G       768M       3.1G       5.7M        58M       319M

MemTotal:        4016004 kB
MemFree:         3228980 kB
Active:           430936 kB
Mem:          3.8G       768M       3.1G       5.7M        58M       319M

MemTotal:        4016004 kB
MemFree:         3228484 kB
Active:           430944 kB
Mem:          3.8G       769M       3.1G       5.7M        58M       319M

MemTotal:        4016004 kB
MemFree:         3228856 kB
Active:           430936 kB
Mem:          3.8G       768M       3.1G       5.7M        58M       319M

MemTotal:        4016004 kB
MemFree:         3228484 kB
Active:           430932 kB
Mem:          3.8G       769M       3.1G       5.7M        58M       319M

MemTotal:        4016004 kB
MemFree:         3228608 kB
Active:           430940 kB
Mem:          3.8G       768M       3.1G       5.7M        58M       319M

MemTotal:        4016004 kB
MemFree:         3228732 kB
Active:           430924 kB
Mem:          3.8G       768M       3.1G       5.7M        58M       319M

MemTotal:        4016004 kB
MemFree:         3228856 kB
Active:           430936 kB
Mem:          3.8G       768M       3.1G       5.7M        58M       319M

MemTotal:        4016004 kB
MemFree:         3228856 kB
Active:           430952 kB
Mem:          3.8G       768M       3.1G       5.7M        58M       319M

MemTotal:        4016004 kB
MemFree:         3228964 kB
Active:           430960 kB
Mem:          3.8G       768M       3.1G       5.7M        58M       319M

MemTotal:        4016004 kB
MemFree:         3228996 kB
Active:           430924 kB
Mem:          3.8G       768M       3.1G       5.7M        58M       319M

MemTotal:        4016004 kB
MemFree:         3229244 kB
Active:           430928 kB
Mem:          3.8G       768M       3.1G       5.7M        58M       319M

MemTotal:        4016004 kB
MemFree:         3229244 kB
Active:           430944 kB
Mem:          3.8G       768M       3.1G       5.7M        58M       319M

MemTotal:        4016004 kB
MemFree:         3228312 kB
Active:           428888 kB
Mem:          3.8G       769M       3.1G       5.7M        58M       319M

MemTotal:        4016004 kB
MemFree:         3228684 kB
Active:           430948 kB
Mem:          3.8G       768M       3.1G       5.7M        58M       319M

MemTotal:        4016004 kB
MemFree:         3228684 kB
Active:           430952 kB
Mem:          3.8G       769M       3.1G       5.7M        58M       319M

MemTotal:        4016004 kB
MemFree:         3228560 kB
Active:           430992 kB
Mem:          3.8G       768M       3.1G       5.7M        58M       319M

MemTotal:        4016004 kB
MemFree:         3228436 kB
Active:           430988 kB
Mem:          3.8G       769M       3.1G       5.7M        58M       319M

MemTotal:        4016004 kB
MemFree:         3228808 kB
Active:           430952 kB
Mem:          3.8G       768M       3.1G       5.7M        58M       319M

MemTotal:        4016004 kB
MemFree:         3228808 kB
Active:           430996 kB
Mem:          3.8G       769M       3.1G       5.7M        58M       319M

MemTotal:        4016004 kB
MemFree:         3228560 kB
Active:           430956 kB
Mem:          3.8G       768M       3.1G       5.7M        58M       319M

MemTotal:        4016004 kB
MemFree:         3228932 kB
Active:           430972 kB
Mem:          3.8G       768M       3.1G       5.7M        58M       319M

MemTotal:        4016004 kB
MemFree:         3229040 kB
Active:           430992 kB
Mem:          3.8G       768M       3.1G       5.7M        58M       319M

MemTotal:        4016004 kB
MemFree:         3229032 kB
Active:           430988 kB
Mem:          3.8G       768M       3.1G       5.7M        58M       319M

MemTotal:        4016004 kB
MemFree:         3228784 kB
Active:           431000 kB
Mem:          3.8G       768M       3.1G       5.7M        58M       319M

MemTotal:        4016004 kB
MemFree:         3228908 kB
Active:           430976 kB
Mem:          3.8G       768M       3.1G       5.7M        58M       319M

MemTotal:        4016004 kB
MemFree:         3228784 kB
Active:           430988 kB
Mem:          3.8G       768M       3.1G       5.7M        58M       319M

MemTotal:        4016004 kB
MemFree:         3228908 kB
Active:           430988 kB
Mem:          3.8G       768M       3.1G       5.7M        58M       319M

MemTotal:        4016004 kB
MemFree:         3228784 kB
Active:           431008 kB
Mem:          3.8G       768M       3.1G       5.7M        58M       319M

MemTotal:        4016004 kB
MemFree:         3228784 kB
Active:           431024 kB
Mem:          3.8G       768M       3.1G       5.7M        58M       319M

MemTotal:        4016004 kB
MemFree:         3229156 kB
Active:           430984 kB
Mem:          3.8G       768M       3.1G       5.7M        58M       319M

MemTotal:        4016004 kB
MemFree:         3228876 kB
Active:           431188 kB
Mem:          3.8G       768M       3.1G       5.7M        58M       319M

MemTotal:        4016004 kB
MemFree:         3183312 kB
Active:           431644 kB
Mem:          3.8G       814M       3.0G       5.7M        58M       364M

MemTotal:        4016004 kB
MemFree:         3132420 kB
Active:           431664 kB
Mem:          3.8G       864M       3.0G       5.7M        58M       412M

MemTotal:        4016004 kB
MemFree:         3082832 kB
Active:           431652 kB
Mem:          3.8G       912M       2.9G       5.7M        58M       460M

MemTotal:        4016004 kB
MemFree:         3033244 kB
Active:           431692 kB
Mem:          3.8G       961M       2.9G       5.7M        58M       507M

MemTotal:        4016004 kB
MemFree:         2982912 kB
Active:           431696 kB
Mem:          3.8G       1.0G       2.8G       5.7M        58M       555M

MemTotal:        4016004 kB
MemFree:         2934192 kB
Active:           431700 kB
Mem:          3.8G       1.0G       2.8G       5.7M        58M       602M

MemTotal:        4016004 kB
MemFree:         2884960 kB
Active:           431724 kB
Mem:          3.8G       1.1G       2.8G       5.7M        58M       649M

MemTotal:        4016004 kB
MemFree:         2873576 kB
Active:           431724 kB
Mem:          3.8G       1.1G       2.7G       5.7M        58M       659M

MemTotal:        4016004 kB
MemFree:         2829460 kB
Active:           431720 kB
Mem:          3.8G       1.1G       2.7G       5.7M        58M       702M

MemTotal:        4016004 kB
MemFree:         2779004 kB
Active:           431704 kB
Mem:          3.8G       1.2G       2.6G       5.7M        58M       751M

MemTotal:        4016004 kB
MemFree:         2769640 kB
Active:           429844 kB
Mem:          3.8G       1.2G       2.6G       5.7M        58M       759M

MemTotal:        4016004 kB
MemFree:         2729972 kB
Active:           431792 kB
Mem:          3.8G       1.2G       2.6G       5.7M        58M       798M

MemTotal:        4016004 kB
MemFree:         2679764 kB
Active:           431784 kB
Mem:          3.8G       1.3G       2.6G       5.7M        58M       846M

MemTotal:        4016004 kB
MemFree:         2672524 kB
Active:           431796 kB
Mem:          3.8G       1.3G       2.5G       5.7M        58M       852M

MemTotal:        4016004 kB
MemFree:         2628752 kB
Active:           431816 kB
Mem:          3.8G       1.3G       2.5G       5.7M        58M       895M

MemTotal:        4016004 kB
MemFree:         2616664 kB
Active:           431804 kB
Mem:          3.8G       1.3G       2.5G       5.7M        58M       906M

MemTotal:        4016004 kB
MemFree:         2609928 kB
Active:           431824 kB
Mem:          3.8G       1.3G       2.5G       5.7M        58M       914M

MemTotal:        4016004 kB
MemFree:         2559224 kB
Active:           431832 kB
Mem:          3.8G       1.4G       2.4G       5.7M        58M       962M

MemTotal:        4016004 kB
MemFree:         2509636 kB
Active:           431844 kB
Mem:          3.8G       1.4G       2.4G       5.7M        58M       1.0G

MemTotal:        4016004 kB
MemFree:         2459908 kB
Active:           431820 kB
Mem:          3.8G       1.5G       2.3G       5.7M        58M       1.0G

MemTotal:        4016004 kB
MemFree:         2409948 kB
Active:           431836 kB
Mem:          3.8G       1.5G       2.3G       5.7M        58M       1.1G

MemTotal:        4016004 kB
MemFree:         2359492 kB
Active:           431820 kB
Mem:          3.8G       1.6G       2.2G       5.7M        58M       1.1G

MemTotal:        4016004 kB
MemFree:         2309748 kB
Active:           431812 kB
Mem:          3.8G       1.6G       2.2G       5.7M        58M       1.2G

MemTotal:        4016004 kB
MemFree:         2259076 kB
Active:           431852 kB
Mem:          3.8G       1.7G       2.2G       5.7M        58M       1.2G

MemTotal:        4016004 kB
MemFree:         2221672 kB
Active:           431808 kB
Mem:          3.8G       1.7G       2.1G       5.7M        58M       1.3G

MemTotal:        4016004 kB
MemFree:         2210160 kB
Active:           431848 kB
Mem:          3.8G       1.7G       2.1G       5.7M        58M       1.3G

MemTotal:        4016004 kB
MemFree:         2159984 kB
Active:           431836 kB
Mem:          3.8G       1.8G       2.1G       5.7M        58M       1.3G

MemTotal:        4016004 kB
MemFree:         2110464 kB
Active:           431880 kB
Mem:          3.8G       1.8G       2.0G       5.7M        58M       1.4G

MemTotal:        4016004 kB
MemFree:         2060260 kB
Active:           431872 kB
Mem:          3.8G       1.9G       2.0G       5.7M        58M       1.4G

MemTotal:        4016004 kB
MemFree:         2011340 kB
Active:           429896 kB
Mem:          3.8G       1.9G       1.9G       5.7M        58M       1.5G

MemTotal:        4016004 kB
MemFree:         1961132 kB
Active:           431940 kB
Mem:          3.8G       2.0G       1.9G       5.7M        58M       1.5G

MemTotal:        4016004 kB
MemFree:         1911684 kB
Active:           431984 kB
Mem:          3.8G       2.0G       1.8G       5.7M        58M       1.5G

MemTotal:        4016004 kB
MemFree:         1861568 kB
Active:           431956 kB
Mem:          3.8G       2.1G       1.8G       5.7M        58M       1.6G

MemTotal:        4016004 kB
MemFree:         1812384 kB
Active:           431976 kB
Mem:          3.8G       2.1G       1.7G       5.7M        58M       1.6G

MemTotal:        4016004 kB
MemFree:         1770252 kB
Active:           431992 kB
Mem:          3.8G       2.1G       1.7G       5.7M        58M       1.7G

MemTotal:        4016004 kB
MemFree:         1728864 kB
Active:           431988 kB
Mem:          3.8G       2.2G       1.6G       5.7M        58M       1.7G

MemTotal:        4016004 kB
MemFree:         1679028 kB
Active:           431968 kB
Mem:          3.8G       2.2G       1.6G       5.7M        58M       1.8G

MemTotal:        4016004 kB
MemFree:         1670540 kB
Active:           432008 kB
Mem:          3.8G       2.2G       1.6G       5.7M        58M       1.8G

MemTotal:        4016004 kB
MemFree:         1637568 kB
Active:           432040 kB
Mem:          3.8G       2.3G       1.6G       5.7M        58M       1.8G

MemTotal:        4016004 kB
MemFree:         1634932 kB
Active:           429956 kB
Mem:          3.8G       2.3G       1.6G       5.7M        58M       1.8G

MemTotal:        4016004 kB
MemFree:         1633208 kB
Active:           432044 kB
Mem:          3.8G       2.3G       1.6G       5.7M        58M       1.8G

MemTotal:        4016004 kB
MemFree:         1582692 kB
Active:           432020 kB
Mem:          3.8G       2.3G       1.5G       5.7M        58M       1.9G

MemTotal:        4016004 kB
MemFree:         1533228 kB
Active:           432024 kB
Mem:          3.8G       2.4G       1.5G       5.7M        58M       1.9G

MemTotal:        4016004 kB
MemFree:         1482356 kB
Active:           432044 kB
Mem:          3.8G       2.4G       1.4G       5.7M        58M       2.0G

MemTotal:        4016004 kB
MemFree:         1431932 kB
Active:           432036 kB
Mem:          3.8G       2.5G       1.4G       5.7M        58M       2.0G

MemTotal:        4016004 kB
MemFree:         1382096 kB
Active:           432020 kB
Mem:          3.8G       2.5G       1.3G       5.7M        58M       2.0G

MemTotal:        4016004 kB
MemFree:         1332012 kB
Active:           432060 kB
Mem:          3.8G       2.6G       1.3G       5.7M        58M       2.1G

MemTotal:        4016004 kB
MemFree:         1282748 kB
Active:           432048 kB
Mem:          3.8G       2.6G       1.2G       5.7M        58M       2.1G

MemTotal:        4016004 kB
MemFree:         1232340 kB
Active:           432052 kB
Mem:          3.8G       2.7G       1.2G       5.7M        58M       2.2G

MemTotal:        4016004 kB
MemFree:         1221180 kB
Active:           432064 kB
Mem:          3.8G       2.7G       1.2G       5.7M        58M       2.2G

MemTotal:        4016004 kB
MemFree:         1220964 kB
Active:           432116 kB
Mem:          3.8G       2.7G       1.2G       5.7M        58M       2.2G

MemTotal:        4016004 kB
MemFree:         1220896 kB
Active:           432108 kB
Mem:          3.8G       2.7G       1.2G       5.7M        58M       2.2G

MemTotal:        4016004 kB
MemFree:         1170476 kB
Active:           432136 kB
Mem:          3.8G       2.7G       1.1G       5.7M        58M       2.2G

MemTotal:        4016004 kB
MemFree:         1120640 kB
Active:           432148 kB
Mem:          3.8G       2.8G       1.1G       5.7M        58M       2.3G

MemTotal:        4016004 kB
MemFree:         1070680 kB
Active:           432148 kB
Mem:          3.8G       2.8G       1.0G       5.7M        58M       2.3G

MemTotal:        4016004 kB
MemFree:         1021528 kB
Active:           432144 kB
Mem:          3.8G       2.9G       996M       5.7M        58M       2.4G

MemTotal:        4016004 kB
MemFree:          970732 kB
Active:           432148 kB
Mem:          3.8G       2.9G       947M       5.7M        58M       2.4G

MemTotal:        4016004 kB
MemFree:          920772 kB
Active:           432148 kB
Mem:          3.8G       3.0G       898M       5.7M        58M       2.5G

MemTotal:        4016004 kB
MemFree:          870936 kB
Active:           432156 kB
Mem:          3.8G       3.0G       849M       5.7M        58M       2.5G

MemTotal:        4016004 kB
MemFree:          820620 kB
Active:           432160 kB
Mem:          3.8G       3.0G       800M       5.7M        58M       2.6G

MemTotal:        4016004 kB
MemFree:          770348 kB
Active:           432168 kB
Mem:          3.8G       3.1G       752M       5.7M        58M       2.6G

MemTotal:        4016004 kB
MemFree:          720668 kB
Active:           432148 kB
Mem:          3.8G       3.1G       703M       5.7M        58M       2.7G

MemTotal:        4016004 kB
MemFree:          688656 kB
Active:           432176 kB
Mem:          3.8G       3.2G       672M       5.7M        58M       2.7G

MemTotal:        4016004 kB
MemFree:          688748 kB
Active:           432176 kB
Mem:          3.8G       3.2G       672M       5.7M        58M       2.7G

MemTotal:        4016004 kB
MemFree:          655516 kB
Active:           432168 kB
Mem:          3.8G       3.2G       639M       5.7M        58M       2.7G

MemTotal:        4016004 kB
MemFree:          605072 kB
Active:           432272 kB
Mem:          3.8G       3.3G       589M       5.7M        58M       2.8G

MemTotal:        4016004 kB
MemFree:          553828 kB
Active:           432280 kB
Mem:          3.8G       3.3G       540M       5.7M        58M       2.8G

MemTotal:        4016004 kB
MemFree:          504256 kB
Active:           430316 kB
Mem:          3.8G       3.3G       491M       5.7M        58M       2.9G

MemTotal:        4016004 kB
MemFree:          453152 kB
Active:           432324 kB
Mem:          3.8G       3.4G       441M       5.7M        58M       2.9G

MemTotal:        4016004 kB
MemFree:          402944 kB
Active:           432304 kB
Mem:          3.8G       3.4G       392M       5.7M        58M       3.0G

MemTotal:        4016004 kB
MemFree:          352752 kB
Active:           432128 kB
Mem:          3.8G       3.5G       343M       5.7M        58M       3.0G

MemTotal:        4016004 kB
MemFree:          307148 kB
Active:           432116 kB
Mem:          3.8G       3.5G       299M       5.7M        58M       3.1G

MemTotal:        4016004 kB
MemFree:          278536 kB
Active:           432156 kB
Mem:          3.8G       3.6G       271M       5.7M        58M       3.1G

MemTotal:        4016004 kB
MemFree:          228824 kB
Active:           432168 kB
Mem:          3.8G       3.6G       222M       5.7M        58M       3.1G

MemTotal:        4016004 kB
MemFree:          195884 kB
Active:           432160 kB
Mem:          3.8G       3.6G       190M       5.7M        58M       3.2G

MemTotal:        4016004 kB
MemFree:          145924 kB
Active:           432184 kB
Mem:          3.8G       3.7G       141M       5.7M        58M       3.2G

MemTotal:        4016004 kB
MemFree:          123644 kB
Active:           432204 kB
Mem:          3.8G       3.7G       120M       5.7M        58M       3.2G

MemTotal:        4016004 kB
MemFree:          123096 kB
Active:           430192 kB
Mem:          3.8G       3.7G       119M       5.7M        58M       3.2G

MemTotal:        4016004 kB
MemFree:          122884 kB
Active:           432220 kB
Mem:          3.8G       3.7G       119M       5.7M        58M       3.2G

MemTotal:        4016004 kB
MemFree:          109848 kB
Active:           429824 kB
Mem:          3.8G       3.7G       104M       5.7M        27M       3.3G

MemTotal:        4016004 kB
MemFree:          129028 kB
Active:           458596 kB
Mem:          3.8G       3.7G       124M       5.7M        25M       3.3G

MemTotal:        4016004 kB
MemFree:          141120 kB
Active:           493868 kB
Mem:          3.8G       3.7G       136M       5.7M        25M       3.2G

MemTotal:        4016004 kB
MemFree:          139520 kB
Active:           487184 kB
Mem:          3.8G       3.7G       144M       5.7M        25M       3.2G

MemTotal:        4016004 kB
MemFree:          147236 kB
Active:           481828 kB
Mem:          3.8G       3.7G       142M       5.7M        25M       3.2G

MemTotal:        4016004 kB
MemFree:          133344 kB
Active:           478504 kB
Mem:          3.8G       3.7G       129M       5.7M        25M       3.2G

MemTotal:        4016004 kB
MemFree:          126740 kB
Active:           471912 kB
Mem:          3.8G       3.7G       122M       5.7M        25M       3.3G

MemTotal:        4016004 kB
MemFree:          124032 kB
Active:           464152 kB
Mem:          3.8G       3.7G       131M       5.7M        25M       3.2G

MemTotal:        4016004 kB
MemFree:          133764 kB
Active:           461116 kB
Mem:          3.8G       3.7G       130M       5.7M        25M       3.2G

MemTotal:        4016004 kB
MemFree:          141652 kB
Active:           456132 kB
Mem:          3.8G       3.7G       137M       5.7M        25M       3.2G

MemTotal:        4016004 kB
MemFree:          125580 kB
Active:           456004 kB
Mem:          3.8G       3.7G       121M       5.7M        25M       3.3G

MemTotal:        4016004 kB
MemFree:          111712 kB
Active:           452692 kB
Mem:          3.8G       3.7G       108M       5.7M        25M       3.3G

MemTotal:        4016004 kB
MemFree:          134684 kB
Active:           445780 kB
Mem:          3.8G       3.7G       130M       5.7M        25M       3.2G

MemTotal:        4016004 kB
MemFree:          125136 kB
Active:           442968 kB
Mem:          3.8G       3.7G       122M       5.7M        25M       3.3G

MemTotal:        4016004 kB
MemFree:          112320 kB
Active:           439652 kB
Mem:          3.8G       3.7G       109M       5.7M        25M       3.3G

MemTotal:        4016004 kB
MemFree:          134776 kB
Active:           437348 kB
Mem:          3.8G       3.7G       130M       5.7M        25M       3.2G

MemTotal:        4016004 kB
MemFree:          126960 kB
Active:           435940 kB
Mem:          3.8G       3.7G       123M       5.7M        25M       3.3G

MemTotal:        4016004 kB
MemFree:          123328 kB
Active:           433164 kB
Mem:          3.8G       3.7G       119M       5.7M        25M       3.3G

MemTotal:        4016004 kB
MemFree:          121280 kB
Active:           432532 kB
Mem:          3.8G       3.7G       117M       5.7M        25M       3.3G

MemTotal:        4016004 kB
MemFree:          107064 kB
Active:           431264 kB
Mem:          3.8G       3.7G       104M       5.7M        25M       3.3G

MemTotal:        4016004 kB
MemFree:          119272 kB
Active:           428256 kB
Mem:          3.8G       3.7G       116M       5.7M        25M       3.3G

MemTotal:        4016004 kB
MemFree:          120412 kB
Active:           427244 kB
Mem:          3.8G       3.7G       117M       5.7M        25M       3.3G

MemTotal:        4016004 kB
MemFree:          116152 kB
Active:           425944 kB
Mem:          3.8G       3.7G       113M       5.7M        25M       3.3G

MemTotal:        4016004 kB
MemFree:          116064 kB
Active:           425964 kB
Mem:          3.8G       3.7G       113M       5.7M        25M       3.3G

MemTotal:        4016004 kB
MemFree:          105896 kB
Active:           424780 kB
Mem:          3.8G       3.7G       102M       5.7M        25M       3.3G

MemTotal:        4016004 kB
MemFree:          129096 kB
Active:           422636 kB
Mem:          3.8G       3.7G       124M       5.7M        25M       3.3G

MemTotal:        4016004 kB
MemFree:          127108 kB
Active:           421196 kB
Mem:          3.8G       3.7G       122M       5.7M        25M       3.3G

MemTotal:        4016004 kB
MemFree:          118444 kB
Active:           417844 kB
Mem:          3.8G       3.7G       115M       5.7M        26M       3.3G

MemTotal:        4016004 kB
MemFree:          104832 kB
Active:           416656 kB
Mem:          3.8G       3.7G       125M       5.7M        26M       3.3G

MemTotal:        4016004 kB
MemFree:          116248 kB
Active:           414760 kB
Mem:          3.8G       3.7G       112M       5.7M        26M       3.3G

MemTotal:        4016004 kB
MemFree:          127272 kB
Active:           412828 kB
Mem:          3.8G       3.7G       124M       5.7M        26M       3.3G

MemTotal:        4016004 kB
MemFree:          126560 kB
Active:           412856 kB
Mem:          3.8G       3.7G       123M       5.7M        26M       3.3G

MemTotal:        4016004 kB
MemFree:          126256 kB
Active:           412896 kB
Mem:          3.8G       3.7G       123M       5.7M        26M       3.3G

MemTotal:        4016004 kB
MemFree:          125824 kB
Active:           412864 kB
Mem:          3.8G       3.7G       122M       5.7M        26M       3.3G

MemTotal:        4016004 kB
MemFree:          128216 kB
Active:           410376 kB
Mem:          3.8G       3.7G       123M       5.7M        26M       3.3G

MemTotal:        4016004 kB
MemFree:          119936 kB
Active:           406744 kB
Mem:          3.8G       3.7G       116M       5.7M        26M       3.3G

MemTotal:        4016004 kB
MemFree:          127740 kB
Active:           407484 kB
Mem:          3.8G       3.7G       123M       5.7M        26M       3.3G

MemTotal:        4016004 kB
MemFree:          126140 kB
Active:           405828 kB
Mem:          3.8G       3.7G       122M       5.7M        26M       3.3G

MemTotal:        4016004 kB
MemFree:          124640 kB
Active:           404036 kB
Mem:          3.8G       3.7G       131M       5.7M        26M       3.2G

MemTotal:        4016004 kB
MemFree:          134612 kB
Active:           401732 kB
Mem:          3.8G       3.7G       130M       5.7M        26M       3.2G

MemTotal:        4016004 kB
MemFree:          132392 kB
Active:           400072 kB
Mem:          3.8G       3.7G       128M       5.7M        26M       3.2G

MemTotal:        4016004 kB
MemFree:          135100 kB
Active:           398028 kB
Mem:          3.8G       3.7G       131M       5.7M        26M       3.2G

MemTotal:        4016004 kB
MemFree:          110640 kB
Active:           397520 kB
Mem:          3.8G       3.7G       106M       5.7M        26M       3.3G

MemTotal:        4016004 kB
MemFree:          127144 kB
Active:           395480 kB
Mem:          3.8G       3.7G       123M       5.7M        26M       3.3G

MemTotal:        4016004 kB
MemFree:          126584 kB
Active:           394072 kB
Mem:          3.8G       3.7G       122M       5.7M        26M       3.3G

MemTotal:        4016004 kB
MemFree:          126008 kB
Active:           391588 kB
Mem:          3.8G       3.7G       122M       5.7M        26M       3.3G

MemTotal:        4016004 kB
MemFree:          106772 kB
Active:           393556 kB
Mem:          3.8G       3.7G       104M       5.7M        26M       3.3G

MemTotal:        4016004 kB
MemFree:          107020 kB
Active:           393560 kB
Mem:          3.8G       3.7G       104M       5.7M        26M       3.3G

MemTotal:        4016004 kB
MemFree:          107244 kB
Active:           393548 kB
Mem:          3.8G       3.7G       104M       5.7M        26M       3.3G

MemTotal:        4016004 kB
MemFree:          131688 kB
Active:           391172 kB
Mem:          3.8G       3.7G       127M       5.7M        26M       3.2G

MemTotal:        4016004 kB
MemFree:          118308 kB
Active:           390020 kB
Mem:          3.8G       3.7G       114M       5.7M        26M       3.3G

MemTotal:        4016004 kB
MemFree:          122956 kB
Active:           388240 kB
Mem:          3.8G       3.7G       118M       5.7M        26M       3.3G

MemTotal:        4016004 kB
MemFree:          108880 kB
Active:           384996 kB
Mem:          3.8G       3.7G       105M       5.7M        26M       3.3G

MemTotal:        4016004 kB
MemFree:          132452 kB
Active:           382692 kB
Mem:          3.8G       3.7G       128M       5.7M        26M       3.2G

MemTotal:        4016004 kB
MemFree:          136432 kB
Active:           381028 kB
Mem:          3.8G       3.7G       131M       5.7M        26M       3.2G

MemTotal:        4016004 kB
MemFree:          122060 kB
Active:           379876 kB
Mem:          3.8G       3.7G       118M       5.7M        26M       3.3G

MemTotal:        4016004 kB
MemFree:          111496 kB
Active:           378736 kB
Mem:          3.8G       3.7G       109M       5.7M        26M       3.3G

MemTotal:        4016004 kB
MemFree:          141712 kB
Active:           377216 kB
Mem:          3.8G       3.7G       137M       5.7M        26M       3.2G

MemTotal:        4016004 kB
MemFree:          139496 kB
Active:           375552 kB
Mem:          3.8G       3.7G       139M       5.7M        26M       3.2G

MemTotal:        4016004 kB
MemFree:          131824 kB
Active:           375040 kB
Mem:          3.8G       3.7G       127M       5.7M        26M       3.2G

MemTotal:        4016004 kB
MemFree:          117612 kB
Active:           374912 kB
Mem:          3.8G       3.7G       114M       5.7M        26M       3.3G

MemTotal:        4016004 kB
MemFree:          116012 kB
Active:           374920 kB
Mem:          3.8G       3.7G       112M       5.7M        26M       3.3G

MemTotal:        4016004 kB
MemFree:          119868 kB
Active:           374920 kB
Mem:          3.8G       3.7G       116M       5.7M        26M       3.3G

MemTotal:        4016004 kB
MemFree:          105824 kB
Active:           374920 kB
Mem:          3.8G       3.7G       113M       5.7M        26M       3.3G

MemTotal:        4016004 kB
MemFree:          133572 kB
Active:           374792 kB
Mem:          3.8G       3.7G       130M       5.7M        26M       3.2G

MemTotal:        4016004 kB
MemFree:          129472 kB
Active:           374796 kB
Mem:          3.8G       3.7G       126M       5.7M        26M       3.2G

MemTotal:        4016004 kB
MemFree:          126664 kB
Active:           374760 kB
Mem:          3.8G       3.7G       123M       5.7M        26M       3.2G

MemTotal:        4016004 kB
MemFree:          126952 kB
Active:           374816 kB
Mem:          3.8G       3.7G       123M       5.7M        26M       3.2G

MemTotal:        4016004 kB
MemFree:          128320 kB
Active:           374800 kB
Mem:          3.8G       3.7G       125M       5.7M        26M       3.2G

MemTotal:        4016004 kB
MemFree:          128732 kB
Active:           374836 kB
Mem:          3.8G       3.7G       124M       5.7M        26M       3.2G

MemTotal:        4016004 kB
MemFree:          109504 kB
Active:           374688 kB
Mem:          3.8G       3.7G       105M       5.7M        26M       3.3G

MemTotal:        4016004 kB
MemFree:          119364 kB
Active:           374696 kB
Mem:          3.8G       3.7G       115M       5.7M        26M       3.3G

MemTotal:        4016004 kB
MemFree:          134768 kB
Active:           374696 kB
Mem:          3.8G       3.7G       131M       5.7M        26M       3.2G

MemTotal:        4016004 kB
MemFree:          122568 kB
Active:           373808 kB
Mem:          3.8G       3.7G       119M       5.7M        26M       3.3G

MemTotal:        4016004 kB
MemFree:          119832 kB
Active:           374916 kB
Mem:          3.8G       3.7G       116M       5.7M        26M       3.3G

MemTotal:        4016004 kB
MemFree:          124308 kB
Active:           374920 kB
Mem:          3.8G       3.7G       120M       5.7M        26M       3.3G

MemTotal:        4016004 kB
MemFree:          123392 kB
Active:           374820 kB
Mem:          3.8G       3.7G       120M       5.7M        26M       3.3G

MemTotal:        4016004 kB
MemFree:          110168 kB
Active:           374692 kB
Mem:          3.8G       3.7G       106M       5.7M        26M       3.3G

MemTotal:        4016004 kB
MemFree:          126784 kB
Active:           374696 kB
Mem:          3.8G       3.7G       123M       5.7M        26M       3.2G

MemTotal:        4016004 kB
MemFree:          117808 kB
Active:           374712 kB
Mem:          3.8G       3.7G       114M       5.7M        26M       3.3G

MemTotal:        4016004 kB
MemFree:          127464 kB
Active:           374724 kB
Mem:          3.8G       3.7G       124M       5.7M        26M       3.2G

MemTotal:        4016004 kB
MemFree:          128056 kB
Active:           374720 kB
Mem:          3.8G       3.7G       124M       5.7M        26M       3.2G

MemTotal:        4016004 kB
MemFree:          104968 kB
Active:           374728 kB
Mem:          3.8G       3.7G       125M       5.7M        26M       3.2G

MemTotal:        4016004 kB
MemFree:          116156 kB
Active:           374608 kB
Mem:          3.8G       3.7G       112M       5.7M        26M       3.3G

MemTotal:        4016004 kB
MemFree:          131792 kB
Active:           374612 kB
Mem:          3.8G       3.7G       127M       5.7M        26M       3.2G

MemTotal:        4016004 kB
MemFree:          119776 kB
Active:           374612 kB
Mem:          3.8G       3.7G       116M       5.7M        26M       3.3G

MemTotal:        4016004 kB
MemFree:          129956 kB
Active:           374620 kB
Mem:          3.8G       3.7G       125M       5.7M        26M       3.2G

MemTotal:        4016004 kB
MemFree:          116328 kB
Active:           374556 kB
Mem:          3.8G       3.7G       111M       5.7M        26M       3.3G

MemTotal:        4016004 kB
MemFree:          126260 kB
Active:           374560 kB
Mem:          3.8G       3.7G       122M       5.7M        26M       3.2G

MemTotal:        4016004 kB
MemFree:          112632 kB
Active:           374560 kB
Mem:          3.8G       3.7G       108M       5.7M        26M       3.3G

MemTotal:        4016004 kB
MemFree:          143260 kB
Active:           374580 kB
Mem:          3.8G       3.7G       144M       5.7M        26M       3.2G

MemTotal:        4016004 kB
MemFree:          124084 kB
Active:           374580 kB
Mem:          3.8G       3.7G       143M       5.7M        26M       3.2G

MemTotal:        4016004 kB
MemFree:          134348 kB
Active:           374580 kB
Mem:          3.8G       3.7G       130M       5.7M        26M       3.2G

MemTotal:        4016004 kB
MemFree:          127612 kB
Active:           374572 kB
Mem:          3.8G       3.7G       123M       5.7M        26M       3.2G

MemTotal:        4016004 kB
MemFree:          121620 kB
Active:           374580 kB
Mem:          3.8G       3.7G       117M       5.7M        26M       3.3G

MemTotal:        4016004 kB
MemFree:          107868 kB
Active:           374584 kB
Mem:          3.8G       3.7G       104M       5.7M        26M       3.3G

MemTotal:        4016004 kB
MemFree:          123628 kB
Active:           374460 kB
Mem:          3.8G       3.7G       119M       5.7M        26M       3.3G

MemTotal:        4016004 kB
MemFree:          126912 kB
Active:           374476 kB
Mem:          3.8G       3.7G       123M       5.7M        26M       3.2G

MemTotal:        4016004 kB
MemFree:          107596 kB
Active:           374476 kB
Mem:          3.8G       3.7G       103M       5.7M        26M       3.3G

MemTotal:        4016004 kB
MemFree:          130332 kB
Active:           374444 kB
Mem:          3.8G       3.7G       127M       5.7M        26M       3.2G

MemTotal:        4016004 kB
MemFree:          112420 kB
Active:           374472 kB
Mem:          3.8G       3.7G       109M       5.7M        26M       3.3G

MemTotal:        4016004 kB
MemFree:          123092 kB
Active:           369312 kB
Mem:          3.8G       3.7G       119M       5.7M        26M       3.3G

MemTotal:        4016004 kB
MemFree:          111548 kB
Active:           369312 kB
Mem:          3.8G       3.7G       107M       5.7M        26M       3.3G

MemTotal:        4016004 kB
MemFree:          137200 kB
Active:           369304 kB
Mem:          3.8G       3.7G       133M       5.7M        26M       3.2G

MemTotal:        4016004 kB
MemFree:          125020 kB
Active:           369292 kB
Mem:          3.8G       3.7G       121M       5.7M        26M       3.2G

MemTotal:        4016004 kB
MemFree:          124304 kB
Active:           369284 kB
Mem:          3.8G       3.7G       120M       5.7M        26M       3.3G

MemTotal:        4016004 kB
MemFree:          128408 kB
Active:           369308 kB
Mem:          3.8G       3.7G       124M       5.7M        26M       3.2G

MemTotal:        4016004 kB
MemFree:          114904 kB
Active:           369280 kB
Mem:          3.8G       3.7G       111M       5.7M        26M       3.3G

MemTotal:        4016004 kB
MemFree:          125044 kB
Active:           369320 kB
Mem:          3.8G       3.7G       122M       5.7M        26M       3.2G

MemTotal:        4016004 kB
MemFree:          125992 kB
Active:           367548 kB
Mem:          3.8G       3.7G       126M       5.7M        26M       3.2G

MemTotal:        4016004 kB
MemFree:          109828 kB
Active:           367448 kB
Mem:          3.8G       3.7G       106M       5.7M        26M       3.3G

MemTotal:        4016004 kB
MemFree:          105816 kB
Active:           367432 kB
Mem:          3.8G       3.7G       103M       5.7M        26M       3.3G

MemTotal:        4016004 kB
MemFree:          134036 kB
Active:           367428 kB
Mem:          3.8G       3.7G       129M       5.7M        26M       3.2G

MemTotal:        4016004 kB
MemFree:          129684 kB
Active:           367476 kB
Mem:          3.8G       3.7G       126M       5.7M        26M       3.2G

MemTotal:        4016004 kB
MemFree:          129348 kB
Active:           367452 kB
Mem:          3.8G       3.7G       126M       5.7M        26M       3.2G

MemTotal:        4016004 kB
MemFree:          106952 kB
Active:           367456 kB
Mem:          3.8G       3.7G       103M       5.7M        26M       3.3G

MemTotal:        4016004 kB
MemFree:          140304 kB
Active:           367480 kB
Mem:          3.8G       3.7G       136M       5.7M        26M       3.2G

MemTotal:        4016004 kB
MemFree:          132024 kB
Active:           367456 kB
Mem:          3.8G       3.7G       128M       5.7M        26M       3.2G

MemTotal:        4016004 kB
MemFree:          118272 kB
Active:           367444 kB
Mem:          3.8G       3.7G       115M       5.7M        26M       3.3G

MemTotal:        4016004 kB
MemFree:          122624 kB
Active:           367488 kB
Mem:          3.8G       3.7G       118M       5.7M        26M       3.3G

MemTotal:        4016004 kB
MemFree:          108996 kB
Active:           367448 kB
Mem:          3.8G       3.7G       105M       5.7M        26M       3.3G

MemTotal:        4016004 kB
MemFree:          133236 kB
Active:           365324 kB
Mem:          3.8G       3.7G       128M       5.7M        26M       3.2G

MemTotal:        4016004 kB
MemFree:          132116 kB
Active:           365376 kB
Mem:          3.8G       3.7G       138M       5.7M        26M       3.2G

MemTotal:        4016004 kB
MemFree:          127128 kB
Active:           365384 kB
Mem:          3.8G       3.7G       123M       5.7M        26M       3.2G

MemTotal:        4016004 kB
MemFree:          124940 kB
Active:           365388 kB
Mem:          3.8G       3.7G       120M       5.7M        26M       3.2G

MemTotal:        4016004 kB
MemFree:          136148 kB
Active:           365356 kB
Mem:          3.8G       3.7G       132M       5.7M        26M       3.2G

MemTotal:        4016004 kB
MemFree:          152612 kB
Active:           365384 kB
Mem:          3.8G       3.7G       148M       5.7M        26M       3.2G

MemTotal:        4016004 kB
MemFree:          126568 kB
Active:           365396 kB
Mem:          3.8G       3.7G       122M       5.7M        26M       3.2G

MemTotal:        4016004 kB
MemFree:          114356 kB
Active:           365368 kB
Mem:          3.8G       3.7G       110M       5.7M        26M       3.3G

MemTotal:        4016004 kB
MemFree:          119100 kB
Active:           364572 kB
Mem:          3.8G       3.7G       115M       5.7M        26M       3.3G

MemTotal:        4016004 kB
MemFree:          111068 kB
Active:           364556 kB
Mem:          3.8G       3.7G       107M       5.7M        26M       3.3G

MemTotal:        4016004 kB
MemFree:          133680 kB
Active:           364540 kB
Mem:          3.8G       3.7G       129M       5.7M        26M       3.2G

MemTotal:        4016004 kB
MemFree:          110196 kB
Active:           364572 kB
Mem:          3.8G       3.7G       106M       5.7M        26M       3.3G

MemTotal:        4016004 kB
MemFree:          126820 kB
Active:           364540 kB
Mem:          3.8G       3.7G       123M       5.7M        26M       3.2G

MemTotal:        4016004 kB
MemFree:          152524 kB
Active:           364588 kB
Mem:          3.8G       3.7G       148M       5.7M        26M       3.2G

MemTotal:        4016004 kB
MemFree:          126748 kB
Active:           364564 kB
Mem:          3.8G       3.7G       123M       5.7M        26M       3.2G

MemTotal:        4016004 kB
MemFree:          113776 kB
Active:           364584 kB
Mem:          3.8G       3.7G       110M       5.7M        26M       3.3G

MemTotal:        4016004 kB
MemFree:          149460 kB
Active:           364580 kB
Mem:          3.8G       3.7G       145M       5.7M        26M       3.2G

MemTotal:        4016004 kB
MemFree:          125276 kB
Active:           364548 kB
Mem:          3.8G       3.7G       121M       5.7M        26M       3.2G

MemTotal:        4016004 kB
MemFree:          127084 kB
Active:           364580 kB
Mem:          3.8G       3.7G       123M       5.7M        26M       3.2G

MemTotal:        4016004 kB
MemFree:          135360 kB
Active:           357488 kB
Mem:          3.8G       3.7G       131M       5.7M        26M       3.2G

MemTotal:        4016004 kB
MemFree:          133916 kB
Active:           357212 kB
Mem:          3.8G       3.7G       130M       5.7M        26M       3.2G

MemTotal:        4016004 kB
MemFree:          126736 kB
Active:           357256 kB
Mem:          3.8G       3.7G       122M       5.7M        26M       3.2G

MemTotal:        4016004 kB
MemFree:          125880 kB
Active:           357264 kB
Mem:          3.8G       3.7G       121M       5.7M        26M       3.2G

MemTotal:        4016004 kB
MemFree:          123948 kB
Active:           357232 kB
Mem:          3.8G       3.7G       120M       5.7M        26M       3.2G

MemTotal:        4016004 kB
MemFree:          108224 kB
Active:           357248 kB
Mem:          3.8G       3.7G       104M       5.7M        26M       3.3G

MemTotal:        4016004 kB
MemFree:          122808 kB
Active:           357116 kB
Mem:          3.8G       3.7G       119M       5.7M        26M       3.2G

MemTotal:        4016004 kB
MemFree:          122536 kB
Active:           357128 kB
Mem:          3.8G       3.7G       119M       5.7M        26M       3.2G

MemTotal:        4016004 kB
MemFree:          124972 kB
Active:           357148 kB
Mem:          3.8G       3.7G       122M       5.7M        26M       3.2G

MemTotal:        4016004 kB
MemFree:          115636 kB
Active:           358164 kB
Mem:          3.8G       3.7G       111M       5.7M        26M       3.3G

MemTotal:        4016004 kB
MemFree:          126420 kB
Active:           358156 kB
Mem:          3.8G       3.7G       122M       5.7M        26M       3.2G

MemTotal:        4016004 kB
MemFree:          135996 kB
Active:           358136 kB
Mem:          3.8G       3.7G       131M       5.7M        26M       3.2G

MemTotal:        4016004 kB
MemFree:          122616 kB
Active:           358176 kB
Mem:          3.8G       3.7G       118M       5.7M        26M       3.2G

MemTotal:        4016004 kB
MemFree:          122784 kB
Active:           356796 kB
Mem:          3.8G       3.7G       118M       5.7M        26M       3.2G

MemTotal:        4016004 kB
MemFree:          112520 kB
Active:           356788 kB
Mem:          3.8G       3.7G       109M       5.7M        26M       3.3G

MemTotal:        4016004 kB
MemFree:          136340 kB
Active:           356796 kB
Mem:          3.8G       3.7G       132M       5.7M        26M       3.2G

MemTotal:        4016004 kB
MemFree:          136284 kB
Active:           356792 kB
Mem:          3.8G       3.7G       133M       5.7M        26M       3.2G

MemTotal:        4016004 kB
MemFree:          136472 kB
Active:           356780 kB
Mem:          3.8G       3.7G       132M       5.7M        26M       3.2G

MemTotal:        4016004 kB
MemFree:          128000 kB
Active:           356792 kB
Mem:          3.8G       3.7G       124M       5.7M        26M       3.2G

MemTotal:        4016004 kB
MemFree:          114620 kB
Active:           357816 kB
Mem:          3.8G       3.7G       110M       5.7M        26M       3.3G

MemTotal:        4016004 kB
MemFree:          124536 kB
Active:           357780 kB
Mem:          3.8G       3.7G       131M       5.7M        26M       3.2G

MemTotal:        4016004 kB
MemFree:          134856 kB
Active:           357672 kB
Mem:          3.8G       3.7G       131M       5.7M        26M       3.2G

MemTotal:        4016004 kB
MemFree:          126396 kB
Active:           357652 kB
Mem:          3.8G       3.7G       122M       5.7M        26M       3.2G

MemTotal:        4016004 kB
MemFree:          125208 kB
Active:           357684 kB
Mem:          3.8G       3.7G       121M       5.7M        26M       3.2G

MemTotal:        4016004 kB
MemFree:          124312 kB
Active:           357708 kB
Mem:          3.8G       3.7G       143M       5.7M        26M       3.2G

MemTotal:        4016004 kB
MemFree:          135512 kB
Active:           357676 kB
Mem:          3.8G       3.7G       131M       5.7M        26M       3.2G

MemTotal:        4016004 kB
MemFree:          121772 kB
Active:           357692 kB
Mem:          3.8G       3.7G       117M       5.7M        26M       3.2G

MemTotal:        4016004 kB
MemFree:          125752 kB
Active:           357712 kB
Mem:          3.8G       3.7G       122M       5.7M        26M       3.2G

MemTotal:        4016004 kB
MemFree:          115120 kB
Active:           354600 kB
Mem:          3.8G       3.7G       110M       5.7M        26M       3.2G

MemTotal:        4016004 kB
MemFree:          125408 kB
Active:           354596 kB
Mem:          3.8G       3.7G       131M       5.7M        26M       3.2G

MemTotal:        4016004 kB
MemFree:          136928 kB
Active:           354592 kB
Mem:          3.8G       3.7G       133M       5.7M        26M       3.2G

MemTotal:        4016004 kB
MemFree:          105632 kB
Active:           354600 kB
Mem:          3.8G       3.7G       102M       5.7M        26M       3.3G

MemTotal:        4016004 kB
MemFree:          105340 kB
Active:           354648 kB
Mem:          3.8G       3.7G       125M       5.7M        26M       3.2G

MemTotal:        4016004 kB
MemFree:          122160 kB
Active:           354632 kB
Mem:          3.8G       3.7G       118M       5.7M        26M       3.2G

MemTotal:        4016004 kB
MemFree:          126744 kB
Active:           354640 kB
Mem:          3.8G       3.7G       123M       5.7M        26M       3.2G

MemTotal:        4016004 kB
MemFree:          120960 kB
Active:           354656 kB
Mem:          3.8G       3.7G       117M       5.7M        26M       3.2G

MemTotal:        4016004 kB
MemFree:          125768 kB
Active:           354612 kB
Mem:          3.8G       3.7G       122M       5.7M        26M       3.2G

MemTotal:        4016004 kB
MemFree:          119248 kB
Active:           354660 kB
Mem:          3.8G       3.7G       115M       5.7M        26M       3.2G

MemTotal:        4016004 kB
MemFree:          105248 kB
Active:           354664 kB
Mem:          3.8G       3.7G       124M       5.7M        26M       3.2G

MemTotal:        4016004 kB
MemFree:          126572 kB
Active:           354632 kB
Mem:          3.8G       3.7G       122M       5.7M        26M       3.2G

MemTotal:        4016004 kB
MemFree:          136024 kB
Active:           354676 kB
Mem:          3.8G       3.7G       132M       5.7M        26M       3.2G

MemTotal:        4016004 kB
MemFree:          131588 kB
Active:           354664 kB
Mem:          3.8G       3.7G       128M       5.7M        26M       3.2G

MemTotal:        4016004 kB
MemFree:          129344 kB
Active:           354660 kB
Mem:          3.8G       3.7G       126M       5.7M        26M       3.2G

MemTotal:        4016004 kB
MemFree:          119424 kB
Active:           354704 kB
Mem:          3.8G       3.7G       115M       5.7M        26M       3.2G

MemTotal:        4016004 kB
MemFree:          133520 kB
Active:           353972 kB
Mem:          3.8G       3.7G       129M       5.7M        26M       3.2G

MemTotal:        4016004 kB
MemFree:          130680 kB
Active:           353988 kB
Mem:          3.8G       3.7G       127M       5.7M        26M       3.2G

MemTotal:        4016004 kB
MemFree:          128212 kB
Active:           353988 kB
Mem:          3.8G       3.7G       124M       5.7M        26M       3.2G

MemTotal:        4016004 kB
MemFree:          125868 kB
Active:           353988 kB
Mem:          3.8G       3.7G       121M       5.7M        26M       3.2G

MemTotal:        4016004 kB
MemFree:          105420 kB
Active:           353996 kB
Mem:          3.8G       3.7G       125M       5.7M        26M       3.2G

MemTotal:        4016004 kB
MemFree:          122420 kB
Active:           353996 kB
Mem:          3.8G       3.7G       118M       5.7M        26M       3.2G

MemTotal:        4016004 kB
MemFree:          127036 kB
Active:           354000 kB
Mem:          3.8G       3.7G       122M       5.7M        26M       3.2G

MemTotal:        4016004 kB
MemFree:          119252 kB
Active:           354004 kB
Mem:          3.8G       3.7G       115M       5.7M        26M       3.2G

MemTotal:        4016004 kB
MemFree:          109100 kB
Active:           354004 kB
Mem:          3.8G       3.7G       106M       5.7M        26M       3.3G

MemTotal:        4016004 kB
MemFree:          109224 kB
Active:           353984 kB
Mem:          3.8G       3.7G       106M       5.7M        26M       3.2G

MemTotal:        4016004 kB
MemFree:          121108 kB
Active:           354032 kB
Mem:          3.8G       3.7G       117M       5.7M        26M       3.2G

MemTotal:        4016004 kB
MemFree:          126312 kB
Active:           354040 kB
Mem:          3.8G       3.7G       122M       5.7M        26M       3.2G

MemTotal:        4016004 kB
MemFree:          119520 kB
Active:           354040 kB
Mem:          3.8G       3.7G       116M       5.7M        26M       3.2G

MemTotal:        4016004 kB
MemFree:          106636 kB
Active:           354040 kB
Mem:          3.8G       3.7G       102M       5.7M        26M       3.3G

MemTotal:        4016004 kB
MemFree:          104788 kB
Active:           354040 kB
Mem:          3.8G       3.7G       124M       5.7M        26M       3.2G

MemTotal:        4016004 kB
MemFree:          120920 kB
Active:           354040 kB
Mem:          3.8G       3.7G       117M       5.7M        26M       3.2G

MemTotal:        4016004 kB
MemFree:          115364 kB
Active:           353688 kB
Mem:          3.8G       3.7G       112M       5.7M        26M       3.2G

MemTotal:        4016004 kB
MemFree:          115488 kB
Active:           353740 kB
Mem:          3.8G       3.7G       112M       5.7M        26M       3.2G

MemTotal:        4016004 kB
MemFree:          115488 kB
Active:           353740 kB
Mem:          3.8G       3.7G       112M       5.7M        26M       3.2G

MemTotal:        4016004 kB
MemFree:          115364 kB
Active:           353712 kB
Mem:          3.8G       3.7G       112M       5.7M        26M       3.2G

MemTotal:        4016004 kB
MemFree:          115116 kB
Active:           353724 kB
Mem:          3.8G       3.7G       112M       5.7M        26M       3.2G

MemTotal:        4016004 kB
MemFree:          115116 kB
Active:           353728 kB
Mem:          3.8G       3.7G       112M       5.7M        26M       3.2G

MemTotal:        4016004 kB
MemFree:          115364 kB
Active:           353732 kB
Mem:          3.8G       3.7G       112M       5.7M        26M       3.2G

MemTotal:        4016004 kB
MemFree:          115100 kB
Active:           353700 kB
Mem:          3.8G       3.7G       112M       5.7M        26M       3.2G

MemTotal:        4016004 kB
MemFree:          115116 kB
Active:           353732 kB
Mem:          3.8G       3.7G       112M       5.7M        26M       3.2G

MemTotal:        4016004 kB
MemFree:          114496 kB
Active:           353752 kB
Mem:          3.8G       3.7G       111M       5.7M        26M       3.2G

MemTotal:        4016004 kB
MemFree:          114868 kB
Active:           353744 kB
Mem:          3.8G       3.7G       112M       5.7M        26M       3.2G

MemTotal:        4016004 kB
MemFree:          114868 kB
Active:           353736 kB
Mem:          3.8G       3.7G       112M       5.7M        26M       3.2G

MemTotal:        4016004 kB
MemFree:          115364 kB
Active:           353740 kB
Mem:          3.8G       3.7G       112M       5.7M        26M       3.2G

MemTotal:        4016004 kB
MemFree:          115364 kB
Active:           353716 kB
Mem:          3.8G       3.7G       112M       5.7M        26M       3.2G

MemTotal:        4016004 kB
MemFree:          115488 kB
Active:           353724 kB
Mem:          3.8G       3.7G       112M       5.7M        26M       3.2G

MemTotal:        4016004 kB
MemFree:          115240 kB
Active:           353708 kB
Mem:          3.8G       3.7G       112M       5.7M        26M       3.2G

MemTotal:        4016004 kB
MemFree:          115364 kB
Active:           353704 kB
Mem:          3.8G       3.7G       112M       5.7M        26M       3.2G

MemTotal:        4016004 kB
MemFree:          115364 kB
Active:           353756 kB
Mem:          3.8G       3.7G       112M       5.7M        26M       3.2G

MemTotal:        4016004 kB
MemFree:          115364 kB
Active:           353736 kB
Mem:          3.8G       3.7G       112M       5.7M        26M       3.2G

MemTotal:        4016004 kB
MemFree:          114916 kB
Active:           353720 kB
Mem:          3.8G       3.7G       112M       5.7M        26M       3.2G

MemTotal:        4016004 kB
MemFree:          114668 kB
Active:           353780 kB
Mem:          3.8G       3.7G       112M       5.7M        26M       3.2G

MemTotal:        4016004 kB
MemFree:          114580 kB
Active:           353788 kB
Mem:          3.8G       3.7G       112M       5.7M        26M       3.2G

MemTotal:        4016004 kB
MemFree:          115300 kB
Active:           353764 kB
Mem:          3.8G       3.7G       112M       5.7M        26M       3.2G

MemTotal:        4016004 kB
MemFree:          115580 kB
Active:           353772 kB
Mem:          3.8G       3.7G       112M       5.7M        26M       3.2G

MemTotal:        4016004 kB
MemFree:          115084 kB
Active:           353796 kB
Mem:          3.8G       3.7G       112M       5.7M        26M       3.2G

MemTotal:        4016004 kB
MemFree:          115456 kB
Active:           353768 kB
Mem:          3.8G       3.7G       112M       5.7M        26M       3.2G

MemTotal:        4016004 kB
MemFree:          115208 kB
Active:           353792 kB
Mem:          3.8G       3.7G       112M       5.7M        26M       3.2G

MemTotal:        4016004 kB
MemFree:          115208 kB
Active:           353772 kB
Mem:          3.8G       3.7G       112M       5.7M        26M       3.2G

MemTotal:        4016004 kB
MemFree:          114960 kB
Active:           353804 kB
Mem:          3.8G       3.7G       112M       5.7M        26M       3.2G

MemTotal:        4016004 kB
MemFree:          115332 kB
Active:           353780 kB
Mem:          3.8G       3.7G       112M       5.7M        26M       3.2G

MemTotal:        4016004 kB
MemFree:          115208 kB
Active:           353776 kB
Mem:          3.8G       3.7G       112M       5.7M        26M       3.2G

MemTotal:        4016004 kB
MemFree:          115208 kB
Active:           353780 kB
Mem:          3.8G       3.7G       112M       5.7M        26M       3.2G

MemTotal:        4016004 kB
MemFree:          115208 kB
Active:           353796 kB
Mem:          3.8G       3.7G       112M       5.7M        26M       3.2G

MemTotal:        4016004 kB
MemFree:          115208 kB
Active:           353796 kB
Mem:          3.8G       3.7G       112M       5.7M        26M       3.2G

MemTotal:        4016004 kB
MemFree:          115332 kB
Active:           353772 kB
Mem:          3.8G       3.7G       112M       5.7M        26M       3.2G

MemTotal:        4016004 kB
MemFree:          115332 kB
Active:           353800 kB
Mem:          3.8G       3.7G       112M       5.7M        26M       3.2G

MemTotal:        4016004 kB
MemFree:          115332 kB
Active:           353764 kB
Mem:          3.8G       3.7G       112M       5.7M        26M       3.2G

MemTotal:        4016004 kB
MemFree:          115208 kB
Active:           353788 kB
Mem:          3.8G       3.7G       112M       5.7M        26M       3.2G

MemTotal:        4016004 kB
MemFree:          115084 kB
Active:           353820 kB
Mem:          3.8G       3.7G       112M       5.7M        26M       3.2G

MemTotal:        4016004 kB
MemFree:          115084 kB
Active:           353772 kB
Mem:          3.8G       3.7G       112M       5.7M        26M       3.2G

MemTotal:        4016004 kB
MemFree:          115084 kB
Active:           353780 kB
Mem:          3.8G       3.7G       112M       5.7M        26M       3.2G

MemTotal:        4016004 kB
MemFree:          114960 kB
Active:           353784 kB
Mem:          3.8G       3.7G       112M       5.7M        26M       3.2G

MemTotal:        4016004 kB
MemFree:          115084 kB
Active:           353784 kB
Mem:          3.8G       3.7G       112M       5.7M        26M       3.2G

MemTotal:        4016004 kB
MemFree:          115208 kB
Active:           353796 kB
Mem:          3.8G       3.7G       112M       5.7M        26M       3.2G

MemTotal:        4016004 kB
MemFree:          114960 kB
Active:           353792 kB
Mem:          3.8G       3.7G       112M       5.7M        26M       3.2G

MemTotal:        4016004 kB
MemFree:          115084 kB
Active:           353796 kB
Mem:          3.8G       3.7G       112M       5.7M        26M       3.2G

MemTotal:        4016004 kB
MemFree:          115332 kB
Active:           353796 kB
Mem:          3.8G       3.7G       112M       5.7M        26M       3.2G

MemTotal:        4016004 kB
MemFree:          115332 kB
Active:           353792 kB
Mem:          3.8G       3.7G       112M       5.7M        26M       3.2G

MemTotal:        4016004 kB
MemFree:          115208 kB
Active:           353832 kB
Mem:          3.8G       3.7G       112M       5.7M        26M       3.2G

MemTotal:        4016004 kB
MemFree:          115208 kB
Active:           353824 kB
Mem:          3.8G       3.7G       112M       5.7M        26M       3.2G

MemTotal:        4016004 kB
MemFree:          115456 kB
Active:           353808 kB
Mem:          3.8G       3.7G       112M       5.7M        26M       3.2G

MemTotal:        4016004 kB
MemFree:          115332 kB
Active:           353836 kB
Mem:          3.8G       3.7G       112M       5.7M        26M       3.2G

MemTotal:        4016004 kB
MemFree:          115208 kB
Active:           353844 kB
Mem:          3.8G       3.7G       112M       5.7M        26M       3.2G

MemTotal:        4016004 kB
MemFree:          115208 kB
Active:           353812 kB
Mem:          3.8G       3.7G       112M       5.7M        26M       3.2G

MemTotal:        4016004 kB
MemFree:          115084 kB
Active:           353840 kB
Mem:          3.8G       3.7G       112M       5.7M        26M       3.2G

MemTotal:        4016004 kB
MemFree:          115084 kB
Active:           353840 kB
Mem:          3.8G       3.7G       112M       5.7M        26M       3.2G

MemTotal:        4016004 kB
MemFree:          115084 kB
Active:           353836 kB
Mem:          3.8G       3.7G       112M       5.7M        26M       3.2G

MemTotal:        4016004 kB
MemFree:          115208 kB
Active:           353836 kB
Mem:          3.8G       3.7G       112M       5.7M        26M       3.2G

MemTotal:        4016004 kB
MemFree:          115208 kB
Active:           353828 kB
Mem:          3.8G       3.7G       112M       5.7M        26M       3.2G

MemTotal:        4016004 kB
MemFree:          113160 kB
Active:           353820 kB
Mem:          3.8G       3.7G       110M       5.7M        26M       3.2G

MemTotal:        4016004 kB
MemFree:          113408 kB
Active:           355876 kB
Mem:          3.8G       3.7G       110M       5.7M        26M       3.2G

MemTotal:        4016004 kB
MemFree:          113548 kB
Active:           355872 kB
Mem:          3.8G       3.7G       110M       5.7M        26M       3.2G

MemTotal:        4016004 kB
MemFree:          113424 kB
Active:           355868 kB
Mem:          3.8G       3.7G       110M       5.7M        26M       3.2G

MemTotal:        4016004 kB
MemFree:          113300 kB
Active:           355840 kB
Mem:          3.8G       3.7G       110M       5.7M        26M       3.2G

MemTotal:        4016004 kB
MemFree:          113300 kB
Active:           355848 kB
Mem:          3.8G       3.7G       110M       5.7M        26M       3.2G

MemTotal:        4016004 kB
MemFree:          113052 kB
Active:           355864 kB
Mem:          3.8G       3.7G       110M       5.7M        26M       3.2G

MemTotal:        4016004 kB
MemFree:          113176 kB
Active:           355844 kB
Mem:          3.8G       3.7G       110M       5.7M        26M       3.2G

MemTotal:        4016004 kB
MemFree:          113176 kB
Active:           355852 kB
Mem:          3.8G       3.7G       110M       5.7M        26M       3.2G

MemTotal:        4016004 kB
MemFree:          112928 kB
Active:           355856 kB
Mem:          3.8G       3.7G       110M       5.7M        26M       3.2G

MemTotal:        4016004 kB
MemFree:          112928 kB
Active:           355896 kB
Mem:          3.8G       3.7G       110M       5.7M        26M       3.2G

MemTotal:        4016004 kB
MemFree:          113052 kB
Active:           355876 kB
Mem:          3.8G       3.7G       110M       5.7M        26M       3.2G

MemTotal:        4016004 kB
MemFree:          113052 kB
Active:           355948 kB
Mem:          3.8G       3.7G       110M       5.7M        26M       3.2G

MemTotal:        4016004 kB
MemFree:          113176 kB
Active:           355944 kB
Mem:          3.8G       3.7G       110M       5.7M        26M       3.2G

MemTotal:        4016004 kB
MemFree:          113052 kB
Active:           355936 kB
Mem:          3.8G       3.7G       110M       5.7M        26M       3.2G

MemTotal:        4016004 kB
MemFree:          113176 kB
Active:           356080 kB
Mem:          3.8G       3.7G       110M       5.7M        26M       3.2G

MemTotal:        4016004 kB
MemFree:          113160 kB
Active:           355992 kB
Mem:          3.8G       3.7G       110M       5.7M        26M       3.2G

MemTotal:        4016004 kB
MemFree:          112912 kB
Active:           356000 kB
Mem:          3.8G       3.7G       110M       5.7M        26M       3.2G

MemTotal:        4016004 kB
MemFree:          113160 kB
Active:           356016 kB
Mem:          3.8G       3.7G       110M       5.7M        26M       3.2G

MemTotal:        4016004 kB
MemFree:          113036 kB
Active:           356004 kB
Mem:          3.8G       3.7G       110M       5.7M        26M       3.2G

MemTotal:        4016004 kB
MemFree:          113036 kB
Active:           355996 kB
Mem:          3.8G       3.7G       110M       5.7M        26M       3.2G

MemTotal:        4016004 kB
MemFree:          113144 kB
Active:           356016 kB
Mem:          3.8G       3.7G       110M       5.7M        26M       3.2G

MemTotal:        4016004 kB
MemFree:          113036 kB
Active:           356016 kB
Mem:          3.8G       3.7G       110M       5.7M        26M       3.2G

MemTotal:        4016004 kB
MemFree:          113036 kB
Active:           355996 kB
Mem:          3.8G       3.7G       110M       5.7M        26M       3.2G

MemTotal:        4016004 kB
MemFree:          113160 kB
Active:           356016 kB
Mem:          3.8G       3.7G       110M       5.7M        26M       3.2G

MemTotal:        4016004 kB
MemFree:          112788 kB
Active:           356008 kB
Mem:          3.8G       3.7G       110M       5.7M        26M       3.2G

MemTotal:        4016004 kB
MemFree:          112788 kB
Active:           356004 kB
Mem:          3.8G       3.7G       110M       5.7M        26M       3.2G

MemTotal:        4016004 kB
MemFree:          112912 kB
Active:           356012 kB
Mem:          3.8G       3.7G       110M       5.7M        26M       3.2G

MemTotal:        4016004 kB
MemFree:          112912 kB
Active:           356012 kB
Mem:          3.8G       3.7G       110M       5.7M        26M       3.2G

MemTotal:        4016004 kB
MemFree:          113036 kB
Active:           355980 kB
Mem:          3.8G       3.7G       110M       5.7M        26M       3.2G

MemTotal:        4016004 kB
MemFree:          112912 kB
Active:           356024 kB
Mem:          3.8G       3.7G       110M       5.7M        26M       3.2G

MemTotal:        4016004 kB
MemFree:          113052 kB
Active:           356020 kB
Mem:          3.8G       3.7G       110M       5.7M        26M       3.2G

MemTotal:        4016004 kB
MemFree:          113052 kB
Active:           355992 kB
Mem:          3.8G       3.7G       110M       5.7M        26M       3.2G

MemTotal:        4016004 kB
MemFree:          113052 kB
Active:           356012 kB
Mem:          3.8G       3.7G       110M       5.7M        26M       3.2G

MemTotal:        4016004 kB
MemFree:          112804 kB
Active:           356000 kB
Mem:          3.8G       3.7G       110M       5.7M        26M       3.2G

MemTotal:        4016004 kB
MemFree:          112060 kB
Active:           356040 kB
Mem:          3.8G       3.7G       109M       5.7M        26M       3.2G

MemTotal:        4016004 kB
MemFree:          112556 kB
Active:           356032 kB
Mem:          3.8G       3.7G       109M       5.7M        26M       3.2G

MemTotal:        4016004 kB
MemFree:          112556 kB
Active:           356004 kB
Mem:          3.8G       3.7G       109M       5.7M        26M       3.2G

MemTotal:        4016004 kB
MemFree:          112556 kB
Active:           356012 kB
Mem:          3.8G       3.7G       109M       5.7M        26M       3.2G

MemTotal:        4016004 kB
MemFree:          112680 kB
Active:           356012 kB
Mem:          3.8G       3.7G       109M       5.7M        26M       3.2G

MemTotal:        4016004 kB
MemFree:          112680 kB
Active:           356036 kB
Mem:          3.8G       3.7G       109M       5.7M        26M       3.2G

MemTotal:        4016004 kB
MemFree:          112928 kB
Active:           356048 kB
Mem:          3.8G       3.7G       110M       5.7M        26M       3.2G

MemTotal:        4016004 kB
MemFree:          112928 kB
Active:           356016 kB
Mem:          3.8G       3.7G       110M       5.7M        26M       3.2G

MemTotal:        4016004 kB
MemFree:          112928 kB
Active:           356032 kB
Mem:          3.8G       3.7G       110M       5.7M        26M       3.2G

MemTotal:        4016004 kB
MemFree:          113052 kB
Active:           356008 kB
Mem:          3.8G       3.7G       110M       5.7M        26M       3.2G

MemTotal:        4016004 kB
MemFree:          113052 kB
Active:           356036 kB
Mem:          3.8G       3.7G       110M       5.7M        26M       3.2G

MemTotal:        4016004 kB
MemFree:          112928 kB
Active:           356036 kB
Mem:          3.8G       3.7G       110M       5.7M        26M       3.2G

MemTotal:        4016004 kB
MemFree:          112928 kB
Active:           356056 kB
Mem:          3.8G       3.7G       110M       5.7M        26M       3.2G

MemTotal:        4016004 kB
MemFree:          112928 kB
Active:           356016 kB
Mem:          3.8G       3.7G       110M       5.7M        26M       3.2G

MemTotal:        4016004 kB
MemFree:          112804 kB
Active:           356004 kB
Mem:          3.8G       3.7G       109M       5.7M        26M       3.2G

MemTotal:        4016004 kB
MemFree:          112928 kB
Active:           356044 kB
Mem:          3.8G       3.7G       110M       5.7M        26M       3.2G

MemTotal:        4016004 kB
MemFree:          112804 kB
Active:           356056 kB
Mem:          3.8G       3.7G       110M       5.7M        26M       3.2G

MemTotal:        4016004 kB
MemFree:          112804 kB
Active:           356052 kB
Mem:          3.8G       3.7G       110M       5.7M        26M       3.2G

MemTotal:        4016004 kB
MemFree:          112804 kB
Active:           356052 kB
Mem:          3.8G       3.7G       110M       5.7M        26M       3.2G

MemTotal:        4016004 kB
MemFree:          112928 kB
Active:           356044 kB
Mem:          3.8G       3.7G       109M       5.7M        26M       3.2G

MemTotal:        4016004 kB
MemFree:          112928 kB
Active:           356032 kB
Mem:          3.8G       3.7G       110M       5.7M        26M       3.2G

MemTotal:        4016004 kB
MemFree:          112804 kB
Active:           356068 kB
Mem:          3.8G       3.7G       110M       5.7M        26M       3.2G

MemTotal:        4016004 kB
MemFree:          112804 kB
Active:           356044 kB
Mem:          3.8G       3.7G       110M       5.7M        26M       3.2G

MemTotal:        4016004 kB
MemFree:          112384 kB
Active:           356540 kB
Mem:          3.8G       3.7G       109M       5.7M        26M       3.2G

MemTotal:        4016004 kB
MemFree:          111996 kB
Active:           356344 kB
Mem:          3.8G       3.7G       109M       5.7M        26M       3.2G

MemTotal:        4016004 kB
MemFree:          112308 kB
Active:           356180 kB
Mem:          3.8G       3.7G       109M       5.7M        26M       3.2G

MemTotal:        4016004 kB
MemFree:          112308 kB
Active:           356184 kB
Mem:          3.8G       3.7G       109M       5.7M        26M       3.2G

MemTotal:        4016004 kB
MemFree:          112184 kB
Active:           356180 kB
Mem:          3.8G       3.7G       109M       5.7M        26M       3.2G

MemTotal:        4016004 kB
MemFree:          112060 kB
Active:           356184 kB
Mem:          3.8G       3.7G       109M       5.7M        26M       3.2G

MemTotal:        4016004 kB
MemFree:          112308 kB
Active:           356148 kB
Mem:          3.8G       3.7G       109M       5.7M        26M       3.2G

MemTotal:        4016004 kB
MemFree:          112556 kB
Active:           356196 kB
Mem:          3.8G       3.7G       109M       5.7M        26M       3.2G

MemTotal:        4016004 kB
MemFree:          112432 kB
Active:           356144 kB
Mem:          3.8G       3.7G       109M       5.7M        26M       3.2G

MemTotal:        4016004 kB
MemFree:          112432 kB
Active:           356160 kB
Mem:          3.8G       3.7G       109M       5.7M        26M       3.2G

MemTotal:        4016004 kB
MemFree:          112308 kB
Active:           356168 kB
Mem:          3.8G       3.7G       109M       5.7M        26M       3.2G

MemTotal:        4016004 kB
MemFree:          112308 kB
Active:           356208 kB
Mem:          3.8G       3.7G       109M       5.7M        26M       3.2G

MemTotal:        4016004 kB
MemFree:          112556 kB
Active:           356200 kB
Mem:          3.8G       3.7G       109M       5.7M        26M       3.2G

MemTotal:        4016004 kB
MemFree:          112556 kB
Active:           356188 kB
Mem:          3.8G       3.7G       109M       5.7M        26M       3.2G

MemTotal:        4016004 kB
MemFree:          112556 kB
Active:           356168 kB
Mem:          3.8G       3.7G       109M       5.7M        26M       3.2G

MemTotal:        4016004 kB
MemFree:          112432 kB
Active:           356184 kB
Mem:          3.8G       3.7G       109M       5.7M        26M       3.2G

MemTotal:        4016004 kB
MemFree:          112432 kB
Active:           356196 kB
Mem:          3.8G       3.7G       109M       5.7M        26M       3.2G

MemTotal:        4016004 kB
MemFree:          112308 kB
Active:           356204 kB
Mem:          3.8G       3.7G       109M       5.7M        26M       3.2G

MemTotal:        4016004 kB
MemFree:          112168 kB
Active:           356176 kB
Mem:          3.8G       3.7G       109M       5.7M        26M       3.2G

MemTotal:        4016004 kB
MemFree:          112184 kB
Active:           356176 kB
Mem:          3.8G       3.7G       109M       5.7M        26M       3.2G

MemTotal:        4016004 kB
MemFree:          112308 kB
Active:           356224 kB
Mem:          3.8G       3.7G       109M       5.7M        26M       3.2G

MemTotal:        4016004 kB
MemFree:          112308 kB
Active:           356228 kB
Mem:          3.8G       3.7G       109M       5.7M        26M       3.2G

MemTotal:        4016004 kB
MemFree:          112432 kB
Active:           356220 kB
Mem:          3.8G       3.7G       109M       5.7M        26M       3.2G

MemTotal:        4016004 kB
MemFree:          112308 kB
Active:           356224 kB
Mem:          3.8G       3.7G       109M       5.7M        26M       3.2G

MemTotal:        4016004 kB
MemFree:          112308 kB
Active:           356196 kB
Mem:          3.8G       3.7G       109M       5.7M        26M       3.2G

MemTotal:        4016004 kB
MemFree:          112432 kB
Active:           356196 kB
Mem:          3.8G       3.7G       109M       5.7M        26M       3.2G

MemTotal:        4016004 kB
MemFree:          112432 kB
Active:           356216 kB
Mem:          3.8G       3.7G       109M       5.7M        26M       3.2G

MemTotal:        4016004 kB
MemFree:          112556 kB
Active:           356196 kB
Mem:          3.8G       3.7G       109M       5.7M        26M       3.2G

MemTotal:        4016004 kB
MemFree:          112556 kB
Active:           356204 kB
Mem:          3.8G       3.7G       109M       5.7M        26M       3.2G

MemTotal:        4016004 kB
MemFree:          112556 kB
Active:           356236 kB
Mem:          3.8G       3.7G       109M       5.7M        26M       3.2G

MemTotal:        4016004 kB
MemFree:          112432 kB
Active:           356224 kB
Mem:          3.8G       3.7G       109M       5.7M        26M       3.2G

MemTotal:        4016004 kB
MemFree:          112308 kB
Active:           356212 kB
Mem:          3.8G       3.7G       109M       5.7M        26M       3.2G

MemTotal:        4016004 kB
MemFree:          112184 kB
Active:           356236 kB
Mem:          3.8G       3.7G       109M       5.7M        26M       3.2G

MemTotal:        4016004 kB
MemFree:          112184 kB
Active:           356216 kB
Mem:          3.8G       3.7G       109M       5.7M        26M       3.2G

MemTotal:        4016004 kB
MemFree:          112308 kB
Active:           356200 kB
Mem:          3.8G       3.7G       109M       5.7M        26M       3.2G

MemTotal:        4016004 kB
MemFree:          112308 kB
Active:           356224 kB
Mem:          3.8G       3.7G       109M       5.7M        26M       3.2G

MemTotal:        4016004 kB
MemFree:          112308 kB
Active:           356224 kB
Mem:          3.8G       3.7G       109M       5.7M        26M       3.2G

MemTotal:        4016004 kB
MemFree:          112308 kB
Active:           356204 kB
Mem:          3.8G       3.7G       109M       5.7M        26M       3.2G

MemTotal:        4016004 kB
MemFree:          112184 kB
Active:           356236 kB
Mem:          3.8G       3.7G       109M       5.7M        26M       3.2G

MemTotal:        4016004 kB
MemFree:          112308 kB
Active:           356204 kB
Mem:          3.8G       3.7G       109M       5.7M        26M       3.2G

MemTotal:        4016004 kB
MemFree:          112060 kB
Active:           356244 kB
Mem:          3.8G       3.7G       109M       5.7M        26M       3.2G

MemTotal:        4016004 kB
MemFree:          112308 kB
Active:           356208 kB
Mem:          3.8G       3.7G       109M       5.7M        26M       3.2G

MemTotal:        4016004 kB
MemFree:          112432 kB
Active:           356256 kB
Mem:          3.8G       3.7G       109M       5.7M        26M       3.2G

MemTotal:        4016004 kB
MemFree:          112432 kB
Active:           356244 kB
Mem:          3.8G       3.7G       109M       5.7M        26M       3.2G

MemTotal:        4016004 kB
MemFree:          112308 kB
Active:           356228 kB
Mem:          3.8G       3.7G       109M       5.7M        26M       3.2G

MemTotal:        4016004 kB
MemFree:          112184 kB
Active:           356228 kB
Mem:          3.8G       3.7G       109M       5.7M        26M       3.2G

MemTotal:        4016004 kB
MemFree:          112184 kB
Active:           356216 kB
Mem:          3.8G       3.7G       109M       5.7M        26M       3.2G

MemTotal:        4016004 kB
MemFree:          112308 kB
Active:           356256 kB
Mem:          3.8G       3.7G       109M       5.7M        26M       3.2G

MemTotal:        4016004 kB
MemFree:          112184 kB
Active:           356224 kB
Mem:          3.8G       3.7G       109M       5.7M        26M       3.2G

MemTotal:        4016004 kB
MemFree:          112308 kB
Active:           356260 kB
Mem:          3.8G       3.7G       109M       5.7M        26M       3.2G

MemTotal:        4016004 kB
MemFree:          112680 kB
Active:           356220 kB
Mem:          3.8G       3.7G       110M       5.7M        26M       3.2G

MemTotal:        4016004 kB
MemFree:          113176 kB
Active:           356208 kB
Mem:          3.8G       3.7G       110M       5.7M        26M       3.2G

MemTotal:        4016004 kB
MemFree:          112804 kB
Active:           356248 kB
Mem:          3.8G       3.7G       110M       5.7M        26M       3.2G

MemTotal:        4016004 kB
MemFree:          112928 kB
Active:           356288 kB
Mem:          3.8G       3.7G       110M       5.7M        26M       3.2G

MemTotal:        4016004 kB
MemFree:          112804 kB
Active:           356300 kB
Mem:          3.8G       3.7G       110M       5.7M        26M       3.2G

MemTotal:        4016004 kB
MemFree:          112804 kB
Active:           356276 kB
Mem:          3.8G       3.7G       110M       5.7M        26M       3.2G

MemTotal:        4016004 kB
MemFree:          112936 kB
Active:           356284 kB
Mem:          3.8G       3.7G       110M       5.7M        26M       3.2G

MemTotal:        4016004 kB
MemFree:          112812 kB
Active:           356304 kB
Mem:          3.8G       3.7G       110M       5.7M        26M       3.2G

MemTotal:        4016004 kB
MemFree:          112564 kB
Active:           356264 kB
Mem:          3.8G       3.7G       109M       5.7M        26M       3.2G

MemTotal:        4016004 kB
MemFree:          112440 kB
Active:           356304 kB
Mem:          3.8G       3.7G       109M       5.7M        26M       3.2G

MemTotal:        4016004 kB
MemFree:          111820 kB
Active:           356316 kB
Mem:          3.8G       3.7G       109M       5.7M        26M       3.2G

MemTotal:        4016004 kB
MemFree:          112316 kB
Active:           356300 kB
Mem:          3.8G       3.7G       109M       5.7M        26M       3.2G

MemTotal:        4016004 kB
MemFree:          112300 kB
Active:           356308 kB
Mem:          3.8G       3.7G       109M       5.7M        26M       3.2G

MemTotal:        4016004 kB
MemFree:          112300 kB
Active:           356264 kB
Mem:          3.8G       3.7G       109M       5.7M        26M       3.2G

MemTotal:        4016004 kB
MemFree:          112424 kB
Active:           356316 kB
Mem:          3.8G       3.7G       109M       5.7M        26M       3.2G

MemTotal:        4016004 kB
MemFree:          112548 kB
Active:           356264 kB
Mem:          3.8G       3.7G       109M       5.7M        26M       3.2G

MemTotal:        4016004 kB
MemFree:          112548 kB
Active:           356316 kB
Mem:          3.8G       3.7G       109M       5.7M        26M       3.2G

MemTotal:        4016004 kB
MemFree:          112796 kB
Active:           356304 kB
Mem:          3.8G       3.7G       109M       5.7M        26M       3.2G

MemTotal:        4016004 kB
MemFree:          112424 kB
Active:           356324 kB
Mem:          3.8G       3.7G       109M       5.7M        26M       3.2G

MemTotal:        4016004 kB
MemFree:          112424 kB
Active:           356312 kB
Mem:          3.8G       3.7G       109M       5.7M        26M       3.2G

MemTotal:        4016004 kB
MemFree:          113044 kB
Active:           356264 kB
Mem:          3.8G       3.7G       109M       5.7M        26M       3.2G

MemTotal:        4016004 kB
MemFree:          112548 kB
Active:           356324 kB
Mem:          3.8G       3.7G       109M       5.7M        26M       3.2G

MemTotal:        4016004 kB
MemFree:          112300 kB
Active:           356340 kB
Mem:          3.8G       3.7G       109M       5.7M        26M       3.2G

MemTotal:        4016004 kB
MemFree:          113072 kB
Active:           356020 kB
Mem:          3.8G       3.7G       110M       5.7M        26M       3.2G

MemTotal:        4016004 kB
MemFree:          113072 kB
Active:           356000 kB
Mem:          3.8G       3.7G       110M       5.7M        26M       3.2G

MemTotal:        4016004 kB
MemFree:          112824 kB
Active:           356028 kB
Mem:          3.8G       3.7G       110M       5.7M        26M       3.2G

MemTotal:        4016004 kB
MemFree:          113196 kB
Active:           356028 kB
Mem:          3.8G       3.7G       110M       5.7M        26M       3.2G

MemTotal:        4016004 kB
MemFree:          113196 kB
Active:           356028 kB
Mem:          3.8G       3.7G       110M       5.7M        26M       3.2G

MemTotal:        4016004 kB
MemFree:          113568 kB
Active:           355984 kB
Mem:          3.8G       3.7G       110M       5.7M        26M       3.2G

MemTotal:        4016004 kB
MemFree:          113568 kB
Active:           355988 kB
Mem:          3.8G       3.7G       111M       5.7M        26M       3.2G

MemTotal:        4016004 kB
MemFree:          113568 kB
Active:           356000 kB
Mem:          3.8G       3.7G       110M       5.7M        26M       3.2G

MemTotal:        4016004 kB
MemFree:          113816 kB
Active:           355996 kB
Mem:          3.8G       3.7G       110M       5.7M        26M       3.2G

MemTotal:        4016004 kB
MemFree:          113692 kB
Active:           355992 kB
Mem:          3.8G       3.7G       110M       5.7M        26M       3.2G

MemTotal:        4016004 kB
MemFree:          113320 kB
Active:           356040 kB
Mem:          3.8G       3.7G       110M       5.7M        26M       3.2G

MemTotal:        4016004 kB
MemFree:          113568 kB
Active:           356040 kB
Mem:          3.8G       3.7G       111M       5.7M        26M       3.2G

MemTotal:        4016004 kB
MemFree:          113568 kB
Active:           356036 kB
Mem:          3.8G       3.7G       110M       5.7M        26M       3.2G

MemTotal:        4016004 kB
MemFree:          113196 kB
Active:           356048 kB
Mem:          3.8G       3.7G       110M       5.7M        26M       3.2G

MemTotal:        4016004 kB
MemFree:          113568 kB
Active:           356008 kB
Mem:          3.8G       3.7G       110M       5.7M        26M       3.2G

MemTotal:        4016004 kB
MemFree:          113692 kB
Active:           356024 kB
Mem:          3.8G       3.7G       111M       5.7M        26M       3.2G

MemTotal:        4016004 kB
MemFree:          113320 kB
Active:           356048 kB
Mem:          3.8G       3.7G       110M       5.7M        26M       3.2G

MemTotal:        4016004 kB
MemFree:          113444 kB
Active:           356052 kB
Mem:          3.8G       3.7G       110M       5.7M        26M       3.2G

MemTotal:        4016004 kB
MemFree:          113568 kB
Active:           356024 kB
Mem:          3.8G       3.7G       110M       5.7M        26M       3.2G

MemTotal:        4016004 kB
MemFree:          113444 kB
Active:           356044 kB
Mem:          3.8G       3.7G       110M       5.7M        26M       3.2G

MemTotal:        4016004 kB
MemFree:          113320 kB
Active:           356056 kB
Mem:          3.8G       3.7G       110M       5.7M        26M       3.2G

MemTotal:        4016004 kB
MemFree:          113692 kB
Active:           356028 kB
Mem:          3.8G       3.7G       111M       5.7M        26M       3.2G

MemTotal:        4016004 kB
MemFree:          113816 kB
Active:           356000 kB
Mem:          3.8G       3.7G       111M       5.7M        26M       3.2G

MemTotal:        4016004 kB
MemFree:          113816 kB
Active:           356020 kB
Mem:          3.8G       3.7G       111M       5.7M        26M       3.2G

MemTotal:        4016004 kB
MemFree:          113568 kB
Active:           356016 kB
Mem:          3.8G       3.7G       110M       5.7M        26M       3.2G

MemTotal:        4016004 kB
MemFree:          113196 kB
Active:           356060 kB
Mem:          3.8G       3.7G       110M       5.7M        26M       3.2G

MemTotal:        4016004 kB
MemFree:          113816 kB
Active:           356028 kB
Mem:          3.8G       3.7G       111M       5.7M        26M       3.2G

MemTotal:        4016004 kB
MemFree:          113940 kB
Active:           356008 kB
Mem:          3.8G       3.7G       111M       5.7M        26M       3.2G

MemTotal:        4016004 kB
MemFree:          113940 kB
Active:           356032 kB
Mem:          3.8G       3.7G       111M       5.7M        26M       3.2G

MemTotal:        4016004 kB
MemFree:          113740 kB
Active:           356060 kB
Mem:          3.8G       3.7G       111M       5.7M        26M       3.2G

MemTotal:        4016004 kB
MemFree:          113988 kB
Active:           356028 kB
Mem:          3.8G       3.7G       111M       5.7M        26M       3.2G

MemTotal:        4016004 kB
MemFree:          113988 kB
Active:           356056 kB
Mem:          3.8G       3.7G       111M       5.7M        26M       3.2G

MemTotal:        4016004 kB
MemFree:          113616 kB
Active:           356068 kB
Mem:          3.8G       3.7G       111M       5.7M        26M       3.2G

MemTotal:        4016004 kB
MemFree:          113864 kB
Active:           356056 kB
Mem:          3.8G       3.7G       110M       5.7M        26M       3.2G

MemTotal:        4016004 kB
MemFree:          113740 kB
Active:           356060 kB
Mem:          3.8G       3.7G       111M       5.7M        26M       3.2G

MemTotal:        4016004 kB
MemFree:          113616 kB
Active:           356060 kB
Mem:          3.8G       3.7G       111M       5.7M        26M       3.2G

MemTotal:        4016004 kB
MemFree:          113988 kB
Active:           356024 kB
Mem:          3.8G       3.7G       111M       5.7M        26M       3.2G

MemTotal:        4016004 kB
MemFree:          114236 kB
Active:           356032 kB
Mem:          3.8G       3.7G       111M       5.7M        26M       3.2G

MemTotal:        4016004 kB
MemFree:          113740 kB
Active:           356088 kB
Mem:          3.8G       3.7G       111M       5.7M        26M       3.2G

MemTotal:        4016004 kB
MemFree:          113492 kB
Active:           356096 kB
Mem:          3.8G       3.7G       111M       5.7M        26M       3.2G

MemTotal:        4016004 kB
MemFree:          113988 kB
Active:           356088 kB
Mem:          3.8G       3.7G       111M       5.7M        26M       3.2G

MemTotal:        4016004 kB
MemFree:          113988 kB
Active:           356092 kB
Mem:          3.8G       3.7G       111M       5.7M        26M       3.2G

MemTotal:        4016004 kB
MemFree:          113864 kB
Active:           356088 kB
Mem:          3.8G       3.7G       111M       5.7M        26M       3.2G

MemTotal:        4016004 kB
MemFree:          113616 kB
Active:           356088 kB
Mem:          3.8G       3.7G       110M       5.7M        26M       3.2G

MemTotal:        4016004 kB
MemFree:          113492 kB
Active:           356076 kB
Mem:          3.8G       3.7G       110M       5.7M        26M       3.2G

MemTotal:        4016004 kB
MemFree:          113740 kB
Active:           356088 kB
Mem:          3.8G       3.7G       111M       5.7M        26M       3.2G

MemTotal:        4016004 kB
MemFree:          114112 kB
Active:           356096 kB
Mem:          3.8G       3.7G       111M       5.7M        26M       3.2G

MemTotal:        4016004 kB
MemFree:          114112 kB
Active:           356060 kB
Mem:          3.8G       3.7G       111M       5.7M        26M       3.2G

MemTotal:        4016004 kB
MemFree:          114236 kB
Active:           356064 kB
Mem:          3.8G       3.7G       111M       5.7M        26M       3.2G

MemTotal:        4016004 kB
MemFree:          114112 kB
Active:           356080 kB
Mem:          3.8G       3.7G       111M       5.7M        26M       3.2G

MemTotal:        4016004 kB
MemFree:          114112 kB
Active:           356068 kB
Mem:          3.8G       3.7G       111M       5.7M        26M       3.2G

MemTotal:        4016004 kB
MemFree:          114236 kB
Active:           356100 kB
Mem:          3.8G       3.7G       111M       5.7M        26M       3.2G

MemTotal:        4016004 kB
MemFree:          114360 kB
Active:           356072 kB
Mem:          3.8G       3.7G       111M       5.7M        26M       3.2G

MemTotal:        4016004 kB
MemFree:          114236 kB
Active:           356064 kB
Mem:          3.8G       3.7G       111M       5.7M        26M       3.2G

MemTotal:        4016004 kB
MemFree:          113616 kB
Active:           356084 kB
Mem:          3.8G       3.7G       110M       5.7M        26M       3.2G

MemTotal:        4016004 kB
MemFree:          113492 kB
Active:           356116 kB
Mem:          3.8G       3.7G       110M       5.7M        26M       3.2G

MemTotal:        4016004 kB
MemFree:          113616 kB
Active:           356072 kB
Mem:          3.8G       3.7G       110M       5.7M        26M       3.2G

MemTotal:        4016004 kB
MemFree:          113368 kB
Active:           356088 kB
Mem:          3.8G       3.7G       110M       5.7M        26M       3.2G

MemTotal:        4016004 kB
MemFree:          112840 kB
Active:           356136 kB
