MemTotal:        4016004 kB
MemFree:         3208992 kB
Active:           448800 kB
Mem:          3.8G       788M       3.1G       5.7M        55M       327M

MemTotal:        4016004 kB
MemFree:         3209452 kB
Active:           448832 kB
Mem:          3.8G       787M       3.1G       5.7M        55M       327M

MemTotal:        4016004 kB
MemFree:         3209080 kB
Active:           448932 kB
Mem:          3.8G       787M       3.1G       5.7M        55M       327M

MemTotal:        4016004 kB
MemFree:         3209188 kB
Active:           448928 kB
Mem:          3.8G       787M       3.1G       5.7M        55M       327M

MemTotal:        4016004 kB
MemFree:         3208984 kB
Active:           446880 kB
Mem:          3.8G       787M       3.1G       5.7M        55M       327M

MemTotal:        4016004 kB
MemFree:         3209596 kB
Active:           448940 kB
Mem:          3.8G       787M       3.1G       5.7M        55M       327M

MemTotal:        4016004 kB
MemFree:         3209580 kB
Active:           448932 kB
Mem:          3.8G       787M       3.1G       5.7M        55M       327M

MemTotal:        4016004 kB
MemFree:         3209440 kB
Active:           448920 kB
Mem:          3.8G       787M       3.1G       5.7M        55M       327M

MemTotal:        4016004 kB
MemFree:         3209192 kB
Active:           448964 kB
Mem:          3.8G       787M       3.1G       5.7M        55M       327M

MemTotal:        4016004 kB
MemFree:         3209564 kB
Active:           448952 kB
Mem:          3.8G       787M       3.1G       5.7M        55M       327M

MemTotal:        4016004 kB
MemFree:         3209300 kB
Active:           448968 kB
Mem:          3.8G       787M       3.1G       5.7M        55M       327M

MemTotal:        4016004 kB
MemFree:         3209904 kB
Active:           448968 kB
Mem:          3.8G       787M       3.1G       5.7M        55M       327M

MemTotal:        4016004 kB
MemFree:         3209408 kB
Active:           448972 kB
Mem:          3.8G       787M       3.1G       5.7M        55M       327M

MemTotal:        4016004 kB
MemFree:         3209764 kB
Active:           448956 kB
Mem:          3.8G       787M       3.1G       5.7M        55M       327M

MemTotal:        4016004 kB
MemFree:         3210028 kB
Active:           448976 kB
Mem:          3.8G       787M       3.1G       5.7M        55M       327M

MemTotal:        4016004 kB
MemFree:         3209656 kB
Active:           448952 kB
Mem:          3.8G       787M       3.1G       5.7M        55M       327M

MemTotal:        4016004 kB
MemFree:         3210060 kB
Active:           448944 kB
Mem:          3.8G       787M       3.1G       5.7M        55M       327M

MemTotal:        4016004 kB
MemFree:         3209440 kB
Active:           448976 kB
Mem:          3.8G       787M       3.1G       5.7M        55M       327M

MemTotal:        4016004 kB
MemFree:         3209688 kB
Active:           448948 kB
Mem:          3.8G       787M       3.1G       5.7M        55M       327M

MemTotal:        4016004 kB
MemFree:         3209440 kB
Active:           448944 kB
Mem:          3.8G       787M       3.1G       5.7M        55M       327M

MemTotal:        4016004 kB
MemFree:         3209936 kB
Active:           448936 kB
Mem:          3.8G       787M       3.1G       5.7M        55M       327M

MemTotal:        4016004 kB
MemFree:         3209688 kB
Active:           448984 kB
Mem:          3.8G       787M       3.1G       5.7M        55M       327M

MemTotal:        4016004 kB
MemFree:         3210184 kB
Active:           448948 kB
Mem:          3.8G       787M       3.1G       5.7M        55M       327M

MemTotal:        4016004 kB
MemFree:         3210060 kB
Active:           448936 kB
Mem:          3.8G       787M       3.1G       5.7M        55M       327M

MemTotal:        4016004 kB
MemFree:         3207600 kB
Active:           448960 kB
Mem:          3.8G       789M       3.1G       5.7M        55M       327M

MemTotal:        4016004 kB
MemFree:         3207476 kB
Active:           448960 kB
Mem:          3.8G       789M       3.1G       5.7M        55M       327M

MemTotal:        4016004 kB
MemFree:         3207972 kB
Active:           450964 kB
Mem:          3.8G       789M       3.1G       5.7M        55M       327M

MemTotal:        4016004 kB
MemFree:         3207476 kB
Active:           451012 kB
Mem:          3.8G       789M       3.1G       5.7M        55M       327M

MemTotal:        4016004 kB
MemFree:         3207476 kB
Active:           451020 kB
Mem:          3.8G       789M       3.1G       5.7M        55M       327M

MemTotal:        4016004 kB
MemFree:         3207708 kB
Active:           450996 kB
Mem:          3.8G       789M       3.1G       5.7M        55M       327M

MemTotal:        4016004 kB
MemFree:         3207956 kB
Active:           450980 kB
Mem:          3.8G       789M       3.1G       5.7M        55M       327M

MemTotal:        4016004 kB
MemFree:         3207804 kB
Active:           451020 kB
Mem:          3.8G       789M       3.1G       5.7M        55M       327M

MemTotal:        4016004 kB
MemFree:         3207928 kB
Active:           451020 kB
Mem:          3.8G       789M       3.1G       5.7M        55M       327M

MemTotal:        4016004 kB
MemFree:         3208052 kB
Active:           451016 kB
Mem:          3.8G       789M       3.1G       5.7M        55M       327M

MemTotal:        4016004 kB
MemFree:         3208044 kB
Active:           448976 kB
Mem:          3.8G       789M       3.1G       5.7M        55M       327M

MemTotal:        4016004 kB
MemFree:         3207920 kB
Active:           451016 kB
Mem:          3.8G       789M       3.1G       5.7M        55M       327M

MemTotal:        4016004 kB
MemFree:         3207920 kB
Active:           451052 kB
Mem:          3.8G       789M       3.1G       5.7M        55M       327M

MemTotal:        4016004 kB
MemFree:         3207920 kB
Active:           451012 kB
Mem:          3.8G       789M       3.1G       5.7M        55M       327M

MemTotal:        4016004 kB
MemFree:         3208028 kB
Active:           451016 kB
Mem:          3.8G       789M       3.1G       5.7M        55M       327M

MemTotal:        4016004 kB
MemFree:         3207764 kB
Active:           451028 kB
Mem:          3.8G       789M       3.1G       5.7M        55M       327M

MemTotal:        4016004 kB
MemFree:         3207872 kB
Active:           451032 kB
Mem:          3.8G       789M       3.1G       5.7M        55M       327M

MemTotal:        4016004 kB
MemFree:         3207980 kB
Active:           451020 kB
Mem:          3.8G       789M       3.1G       5.7M        55M       327M

MemTotal:        4016004 kB
MemFree:         3207608 kB
Active:           451052 kB
Mem:          3.8G       789M       3.1G       5.7M        55M       327M

MemTotal:        4016004 kB
MemFree:         3207872 kB
Active:           451032 kB
Mem:          3.8G       789M       3.1G       5.7M        55M       327M

MemTotal:        4016004 kB
MemFree:         3207500 kB
Active:           451076 kB
Mem:          3.8G       789M       3.1G       5.7M        55M       327M

MemTotal:        4016004 kB
MemFree:         3207748 kB
Active:           451060 kB
Mem:          3.8G       789M       3.1G       5.7M        55M       327M

MemTotal:        4016004 kB
MemFree:         3207748 kB
Active:           451028 kB
Mem:          3.8G       789M       3.1G       5.7M        55M       327M

MemTotal:        4016004 kB
MemFree:         3207872 kB
Active:           451064 kB
Mem:          3.8G       789M       3.1G       5.7M        55M       327M

MemTotal:        4016004 kB
MemFree:         3207748 kB
Active:           451032 kB
Mem:          3.8G       789M       3.1G       5.7M        55M       327M

MemTotal:        4016004 kB
MemFree:         3207376 kB
Active:           451068 kB
Mem:          3.8G       789M       3.1G       5.7M        55M       327M

MemTotal:        4016004 kB
MemFree:         3207872 kB
Active:           451044 kB
Mem:          3.8G       789M       3.1G       5.7M        55M       327M

MemTotal:        4016004 kB
MemFree:         3207872 kB
Active:           451036 kB
Mem:          3.8G       789M       3.1G       5.7M        55M       327M

MemTotal:        4016004 kB
MemFree:         3207996 kB
Active:           451108 kB
Mem:          3.8G       789M       3.1G       5.7M        55M       327M

MemTotal:        4016004 kB
MemFree:         3208244 kB
Active:           451104 kB
Mem:          3.8G       788M       3.1G       5.7M        55M       327M

MemTotal:        4016004 kB
MemFree:         3206940 kB
Active:           449064 kB
Mem:          3.8G       789M       3.1G       5.7M        55M       327M

MemTotal:        4016004 kB
MemFree:         3207544 kB
Active:           451112 kB
Mem:          3.8G       789M       3.1G       5.7M        55M       327M

MemTotal:        4016004 kB
MemFree:         3207544 kB
Active:           451092 kB
Mem:          3.8G       789M       3.1G       5.7M        55M       327M

MemTotal:        4016004 kB
MemFree:         3207916 kB
Active:           451104 kB
Mem:          3.8G       789M       3.1G       5.7M        55M       327M

MemTotal:        4016004 kB
MemFree:         3207668 kB
Active:           451080 kB
Mem:          3.8G       789M       3.1G       5.7M        55M       327M

MemTotal:        4016004 kB
MemFree:         3207668 kB
Active:           451108 kB
Mem:          3.8G       789M       3.1G       5.7M        55M       327M

MemTotal:        4016004 kB
MemFree:         3208164 kB
Active:           451100 kB
Mem:          3.8G       788M       3.1G       5.7M        55M       327M

MemTotal:        4016004 kB
MemFree:         3207792 kB
Active:           451124 kB
Mem:          3.8G       789M       3.1G       5.7M        55M       327M

MemTotal:        4016004 kB
MemFree:         3207916 kB
Active:           451084 kB
Mem:          3.8G       789M       3.1G       5.7M        55M       327M

MemTotal:        4016004 kB
MemFree:         3207792 kB
Active:           451076 kB
Mem:          3.8G       789M       3.1G       5.7M        55M       327M

MemTotal:        4016004 kB
MemFree:         3207668 kB
Active:           451100 kB
Mem:          3.8G       789M       3.1G       5.7M        55M       327M

MemTotal:        4016004 kB
MemFree:         3207900 kB
Active:           451096 kB
Mem:          3.8G       789M       3.1G       5.7M        55M       327M

MemTotal:        4016004 kB
MemFree:         3208272 kB
Active:           451080 kB
Mem:          3.8G       789M       3.1G       5.7M        55M       327M

MemTotal:        4016004 kB
MemFree:         3208008 kB
Active:           451112 kB
Mem:          3.8G       789M       3.1G       5.7M        55M       327M

MemTotal:        4016004 kB
MemFree:         3208132 kB
Active:           451084 kB
Mem:          3.8G       789M       3.1G       5.7M        55M       327M

MemTotal:        4016004 kB
MemFree:         3207868 kB
Active:           451080 kB
Mem:          3.8G       789M       3.1G       5.7M        55M       327M

MemTotal:        4016004 kB
MemFree:         3207744 kB
Active:           451116 kB
Mem:          3.8G       789M       3.1G       5.7M        55M       327M

MemTotal:        4016004 kB
MemFree:         3207604 kB
Active:           451136 kB
Mem:          3.8G       789M       3.1G       5.7M        55M       327M

MemTotal:        4016004 kB
MemFree:         3207588 kB
Active:           451124 kB
Mem:          3.8G       789M       3.1G       5.7M        55M       327M

MemTotal:        4016004 kB
MemFree:         3207960 kB
Active:           451108 kB
Mem:          3.8G       789M       3.1G       5.7M        55M       327M

MemTotal:        4016004 kB
MemFree:         3207836 kB
Active:           451116 kB
Mem:          3.8G       789M       3.1G       5.7M        55M       327M

MemTotal:        4016004 kB
MemFree:         3207836 kB
Active:           451124 kB
Mem:          3.8G       789M       3.1G       5.7M        55M       327M

MemTotal:        4016004 kB
MemFree:         3207820 kB
Active:           451108 kB
Mem:          3.8G       789M       3.1G       5.7M        55M       327M

MemTotal:        4016004 kB
MemFree:         3207804 kB
Active:           451088 kB
Mem:          3.8G       789M       3.1G       5.7M        55M       327M

MemTotal:        4016004 kB
MemFree:         3207912 kB
Active:           451136 kB
Mem:          3.8G       789M       3.1G       5.7M        55M       327M

MemTotal:        4016004 kB
MemFree:         3207912 kB
Active:           451088 kB
Mem:          3.8G       789M       3.1G       5.7M        55M       327M

MemTotal:        4016004 kB
MemFree:         3207992 kB
Active:           451120 kB
Mem:          3.8G       789M       3.1G       5.7M        55M       327M

MemTotal:        4016004 kB
MemFree:         3207868 kB
Active:           451140 kB
Mem:          3.8G       789M       3.1G       5.7M        55M       327M

MemTotal:        4016004 kB
MemFree:         3207744 kB
Active:           451128 kB
Mem:          3.8G       789M       3.1G       5.7M        55M       327M

MemTotal:        4016004 kB
MemFree:         3208116 kB
Active:           451140 kB
Mem:          3.8G       789M       3.1G       5.7M        55M       327M

MemTotal:        4016004 kB
MemFree:         3207108 kB
Active:           449148 kB
Mem:          3.8G       790M       3.1G       5.7M        55M       327M

MemTotal:        4016004 kB
MemFree:         3207108 kB
Active:           451204 kB
Mem:          3.8G       789M       3.1G       5.7M        55M       327M

MemTotal:        4016004 kB
MemFree:         3207728 kB
Active:           451232 kB
Mem:          3.8G       789M       3.1G       5.7M        55M       327M

MemTotal:        4016004 kB
MemFree:         3207976 kB
Active:           451180 kB
Mem:          3.8G       789M       3.1G       5.7M        55M       327M

MemTotal:        4016004 kB
MemFree:         3207480 kB
Active:           451216 kB
Mem:          3.8G       789M       3.1G       5.7M        55M       327M

MemTotal:        4016004 kB
MemFree:         3207356 kB
Active:           451216 kB
Mem:          3.8G       789M       3.1G       5.7M        55M       327M

MemTotal:        4016004 kB
MemFree:         3207356 kB
Active:           451192 kB
Mem:          3.8G       789M       3.1G       5.7M        55M       327M

MemTotal:        4016004 kB
MemFree:         3207356 kB
Active:           451236 kB
Mem:          3.8G       789M       3.1G       5.7M        55M       327M

MemTotal:        4016004 kB
MemFree:         3207108 kB
Active:           451220 kB
Mem:          3.8G       789M       3.1G       5.7M        55M       327M

MemTotal:        4016004 kB
MemFree:         3207232 kB
Active:           451204 kB
Mem:          3.8G       789M       3.1G       5.7M        55M       327M

MemTotal:        4016004 kB
MemFree:         3206920 kB
Active:           449184 kB
Mem:          3.8G       789M       3.1G       5.7M        55M       327M

MemTotal:        4016004 kB
MemFree:         3207044 kB
Active:           451240 kB
Mem:          3.8G       790M       3.1G       5.7M        55M       327M

MemTotal:        4016004 kB
MemFree:         3207416 kB
Active:           451264 kB
Mem:          3.8G       789M       3.1G       5.7M        55M       327M

MemTotal:        4016004 kB
MemFree:         3207652 kB
Active:           451236 kB
Mem:          3.8G       789M       3.1G       5.7M        55M       327M

MemTotal:        4016004 kB
MemFree:         3207652 kB
Active:           451264 kB
Mem:          3.8G       789M       3.1G       5.7M        55M       327M

MemTotal:        4016004 kB
MemFree:         3207528 kB
Active:           451244 kB
Mem:          3.8G       789M       3.1G       5.7M        55M       327M

MemTotal:        4016004 kB
MemFree:         3207480 kB
Active:           451520 kB
Mem:          3.8G       789M       3.1G       5.7M        55M       327M

MemTotal:        4016004 kB
MemFree:         3167284 kB
Active:           452264 kB
Mem:          3.8G       829M       3.0G       5.7M        55M       367M

MemTotal:        4016004 kB
MemFree:         3122796 kB
Active:           452284 kB
Mem:          3.8G       872M       3.0G       5.7M        55M       409M

MemTotal:        4016004 kB
MemFree:         3081036 kB
Active:           452308 kB
Mem:          3.8G       913M       2.9G       5.7M        55M       449M

MemTotal:        4016004 kB
MemFree:         3036672 kB
Active:           452328 kB
Mem:          3.8G       956M       2.9G       5.7M        55M       491M

MemTotal:        4016004 kB
MemFree:         2993284 kB
Active:           452356 kB
Mem:          3.8G       998M       2.9G       5.7M        55M       532M

MemTotal:        4016004 kB
MemFree:         2949400 kB
Active:           452380 kB
Mem:          3.8G       1.0G       2.8G       5.7M        55M       575M

MemTotal:        4016004 kB
MemFree:         2905376 kB
Active:           452408 kB
Mem:          3.8G       1.1G       2.8G       5.7M        55M       616M

MemTotal:        4016004 kB
MemFree:         2861880 kB
Active:           452424 kB
Mem:          3.8G       1.1G       2.7G       5.7M        55M       658M

MemTotal:        4016004 kB
MemFree:         2818992 kB
Active:           452444 kB
Mem:          3.8G       1.1G       2.7G       5.7M        55M       700M

MemTotal:        4016004 kB
MemFree:         2777100 kB
Active:           452472 kB
Mem:          3.8G       1.2G       2.6G       5.7M        55M       741M

MemTotal:        4016004 kB
MemFree:         2733156 kB
Active:           452504 kB
Mem:          3.8G       1.2G       2.6G       5.7M        55M       782M

MemTotal:        4016004 kB
MemFree:         2689272 kB
Active:           452532 kB
Mem:          3.8G       1.3G       2.6G       5.7M        55M       824M

MemTotal:        4016004 kB
MemFree:         2647072 kB
Active:           452552 kB
Mem:          3.8G       1.3G       2.5G       5.7M        55M       866M

MemTotal:        4016004 kB
MemFree:         2601584 kB
Active:           452576 kB
Mem:          3.8G       1.3G       2.5G       5.7M        55M       908M

MemTotal:        4016004 kB
MemFree:         2558460 kB
Active:           452604 kB
Mem:          3.8G       1.4G       2.4G       5.7M        55M       950M

MemTotal:        4016004 kB
MemFree:         2515216 kB
Active:           452628 kB
Mem:          3.8G       1.4G       2.4G       5.7M        55M       992M

MemTotal:        4016004 kB
MemFree:         2471772 kB
Active:           452656 kB
Mem:          3.8G       1.5G       2.4G       5.7M        55M       1.0G

MemTotal:        4016004 kB
MemFree:         2428296 kB
Active:           452680 kB
Mem:          3.8G       1.5G       2.3G       5.7M        55M       1.1G

MemTotal:        4016004 kB
MemFree:         2385172 kB
Active:           452700 kB
Mem:          3.8G       1.6G       2.3G       5.7M        55M       1.1G

MemTotal:        4016004 kB
MemFree:         2342404 kB
Active:           452724 kB
Mem:          3.8G       1.6G       2.2G       5.7M        55M       1.1G

MemTotal:        4016004 kB
MemFree:         2299264 kB
Active:           452744 kB
Mem:          3.8G       1.6G       2.2G       5.7M        55M       1.2G

MemTotal:        4016004 kB
MemFree:         2255008 kB
Active:           452776 kB
Mem:          3.8G       1.7G       2.2G       5.7M        55M       1.2G

MemTotal:        4016004 kB
MemFree:         2211108 kB
Active:           452812 kB
Mem:          3.8G       1.7G       2.1G       5.7M        55M       1.3G

MemTotal:        4016004 kB
MemFree:         2167748 kB
Active:           452832 kB
Mem:          3.8G       1.8G       2.1G       5.7M        55M       1.3G

MemTotal:        4016004 kB
MemFree:         2123536 kB
Active:           452856 kB
Mem:          3.8G       1.8G       2.0G       5.7M        55M       1.3G

MemTotal:        4016004 kB
MemFree:         2079596 kB
Active:           452888 kB
Mem:          3.8G       1.8G       2.0G       5.7M        55M       1.4G

MemTotal:        4016004 kB
MemFree:         2035668 kB
Active:           452912 kB
Mem:          3.8G       1.9G       1.9G       5.7M        55M       1.4G

MemTotal:        4016004 kB
MemFree:         1992404 kB
Active:           452932 kB
Mem:          3.8G       1.9G       1.9G       5.7M        55M       1.5G

MemTotal:        4016004 kB
MemFree:         1950092 kB
Active:           452960 kB
Mem:          3.8G       2.0G       1.9G       5.7M        55M       1.5G

MemTotal:        4016004 kB
MemFree:         1906340 kB
Active:           452984 kB
Mem:          3.8G       2.0G       1.8G       5.7M        55M       1.5G

MemTotal:        4016004 kB
MemFree:         1862740 kB
Active:           453036 kB
Mem:          3.8G       2.1G       1.8G       5.7M        55M       1.6G

MemTotal:        4016004 kB
MemFree:         1819416 kB
Active:           453020 kB
Mem:          3.8G       2.1G       1.7G       5.7M        55M       1.6G

MemTotal:        4016004 kB
MemFree:         1775552 kB
Active:           453084 kB
Mem:          3.8G       2.1G       1.7G       5.7M        55M       1.7G

MemTotal:        4016004 kB
MemFree:         1732004 kB
Active:           453108 kB
Mem:          3.8G       2.2G       1.7G       5.7M        55M       1.7G

MemTotal:        4016004 kB
MemFree:         1688756 kB
Active:           453128 kB
Mem:          3.8G       2.2G       1.6G       5.7M        56M       1.7G

MemTotal:        4016004 kB
MemFree:         1645384 kB
Active:           453164 kB
Mem:          3.8G       2.3G       1.6G       5.7M        56M       1.8G

MemTotal:        4016004 kB
MemFree:         1601252 kB
Active:           453188 kB
Mem:          3.8G       2.3G       1.5G       5.7M        56M       1.8G

MemTotal:        4016004 kB
MemFree:         1559972 kB
Active:           453208 kB
Mem:          3.8G       2.3G       1.5G       5.7M        56M       1.9G

MemTotal:        4016004 kB
MemFree:         1515644 kB
Active:           453188 kB
Mem:          3.8G       2.4G       1.4G       5.7M        56M       1.9G

MemTotal:        4016004 kB
MemFree:         1471964 kB
Active:           453260 kB
Mem:          3.8G       2.4G       1.4G       5.7M        56M       1.9G

MemTotal:        4016004 kB
MemFree:         1426936 kB
Active:           453288 kB
Mem:          3.8G       2.5G       1.4G       5.7M        56M       2.0G

MemTotal:        4016004 kB
MemFree:         1384448 kB
Active:           453316 kB
Mem:          3.8G       2.5G       1.3G       5.7M        56M       2.0G

MemTotal:        4016004 kB
MemFree:         1342184 kB
Active:           453336 kB
Mem:          3.8G       2.6G       1.3G       5.7M        56M       2.1G

MemTotal:        4016004 kB
MemFree:         1295364 kB
Active:           455380 kB
Mem:          3.8G       2.6G       1.2G       5.7M        56M       2.1G

MemTotal:        4016004 kB
MemFree:         1251476 kB
Active:           455408 kB
Mem:          3.8G       2.6G       1.2G       5.7M        56M       2.2G

MemTotal:        4016004 kB
MemFree:         1209632 kB
Active:           455440 kB
Mem:          3.8G       2.7G       1.2G       5.7M        56M       2.2G

MemTotal:        4016004 kB
MemFree:         1166424 kB
Active:           455448 kB
Mem:          3.8G       2.7G       1.1G       5.7M        56M       2.2G

MemTotal:        4016004 kB
MemFree:         1123200 kB
Active:           455492 kB
Mem:          3.8G       2.8G       1.1G       5.7M        56M       2.3G

MemTotal:        4016004 kB
MemFree:         1079596 kB
Active:           455512 kB
Mem:          3.8G       2.8G       1.0G       5.7M        56M       2.3G

MemTotal:        4016004 kB
MemFree:         1036100 kB
Active:           455536 kB
Mem:          3.8G       2.8G       1.0G       5.7M        56M       2.4G

MemTotal:        4016004 kB
MemFree:          992356 kB
Active:           455556 kB
Mem:          3.8G       2.9G       968M       5.7M        56M       2.4G

MemTotal:        4016004 kB
MemFree:          948628 kB
Active:           455596 kB
Mem:          3.8G       2.9G       926M       5.7M        56M       2.4G

MemTotal:        4016004 kB
MemFree:          905696 kB
Active:           455620 kB
Mem:          3.8G       3.0G       884M       5.7M        56M       2.5G

MemTotal:        4016004 kB
MemFree:          862416 kB
Active:           455656 kB
Mem:          3.8G       3.0G       841M       5.7M        56M       2.5G

MemTotal:        4016004 kB
MemFree:          818308 kB
Active:           455676 kB
Mem:          3.8G       3.0G       798M       5.7M        56M       2.6G

MemTotal:        4016004 kB
MemFree:          774256 kB
Active:           455700 kB
Mem:          3.8G       3.1G       756M       5.7M        56M       2.6G

MemTotal:        4016004 kB
MemFree:          731384 kB
Active:           455724 kB
Mem:          3.8G       3.1G       714M       5.7M        56M       2.6G

MemTotal:        4016004 kB
MemFree:          688880 kB
Active:           455724 kB
Mem:          3.8G       3.2G       672M       5.7M        56M       2.7G

MemTotal:        4016004 kB
MemFree:          646792 kB
Active:           455768 kB
Mem:          3.8G       3.2G       630M       5.7M        56M       2.7G

MemTotal:        4016004 kB
MemFree:          603184 kB
Active:           455816 kB
Mem:          3.8G       3.3G       588M       5.7M        56M       2.8G

MemTotal:        4016004 kB
MemFree:          558868 kB
Active:           455848 kB
Mem:          3.8G       3.3G       545M       5.7M        56M       2.8G

MemTotal:        4016004 kB
MemFree:          514412 kB
Active:           455868 kB
Mem:          3.8G       3.3G       502M       5.7M        56M       2.8G

MemTotal:        4016004 kB
MemFree:          471668 kB
Active:           455888 kB
Mem:          3.8G       3.4G       460M       5.7M        56M       2.9G

MemTotal:        4016004 kB
MemFree:          426996 kB
Active:           457940 kB
Mem:          3.8G       3.4G       416M       5.7M        56M       2.9G

MemTotal:        4016004 kB
MemFree:          383608 kB
Active:           457964 kB
Mem:          3.8G       3.5G       373M       5.7M        56M       3.0G

MemTotal:        4016004 kB
MemFree:          329596 kB
Active:           467036 kB
Mem:          3.8G       3.5G       321M       5.7M        56M       3.0G

MemTotal:        4016004 kB
MemFree:          294568 kB
Active:           458776 kB
Mem:          3.8G       3.5G       287M       5.7M        56M       3.1G

MemTotal:        4016004 kB
MemFree:          251096 kB
Active:           458920 kB
Mem:          3.8G       3.6G       244M       5.7M        56M       3.1G

MemTotal:        4016004 kB
MemFree:          206824 kB
Active:           458952 kB
Mem:          3.8G       3.6G       201M       5.7M        56M       3.1G

MemTotal:        4016004 kB
MemFree:          162988 kB
Active:           458972 kB
Mem:          3.8G       3.7G       158M       5.7M        56M       3.2G

MemTotal:        4016004 kB
MemFree:          119064 kB
Active:           458948 kB
Mem:          3.8G       3.7G       116M       5.7M        56M       3.2G

MemTotal:        4016004 kB
MemFree:          129928 kB
Active:           462460 kB
Mem:          3.8G       3.7G       125M       5.7M        23M       3.2G

MemTotal:        4016004 kB
MemFree:          126840 kB
Active:           472176 kB
Mem:          3.8G       3.7G       122M       5.7M        23M       3.2G

MemTotal:        4016004 kB
MemFree:          130068 kB
Active:           518120 kB
Mem:          3.8G       3.7G       136M       5.7M        23M       3.2G

MemTotal:        4016004 kB
MemFree:          105284 kB
Active:           512724 kB
Mem:          3.8G       3.7G       102M       5.7M        23M       3.3G

MemTotal:        4016004 kB
MemFree:          130428 kB
Active:           505012 kB
Mem:          3.8G       3.7G       126M       5.7M        23M       3.2G

MemTotal:        4016004 kB
MemFree:          128752 kB
Active:           494384 kB
Mem:          3.8G       3.7G       125M       5.7M        23M       3.2G

MemTotal:        4016004 kB
MemFree:          123324 kB
Active:           490948 kB
Mem:          3.8G       3.7G       120M       5.7M        23M       3.2G

MemTotal:        4016004 kB
MemFree:          127400 kB
Active:           483260 kB
Mem:          3.8G       3.7G       123M       5.7M        23M       3.2G

MemTotal:        4016004 kB
MemFree:          113228 kB
Active:           480208 kB
Mem:          3.8G       3.7G       110M       5.7M        23M       3.2G

MemTotal:        4016004 kB
MemFree:          122012 kB
Active:           473324 kB
Mem:          3.8G       3.7G       119M       5.7M        23M       3.2G

MemTotal:        4016004 kB
MemFree:          113860 kB
Active:           469916 kB
Mem:          3.8G       3.7G       111M       5.7M        23M       3.2G

MemTotal:        4016004 kB
MemFree:          126496 kB
Active:           468008 kB
Mem:          3.8G       3.7G       123M       5.7M        23M       3.2G

MemTotal:        4016004 kB
MemFree:          134632 kB
Active:           466880 kB
Mem:          3.8G       3.7G       131M       5.7M        23M       3.2G

MemTotal:        4016004 kB
MemFree:          106504 kB
Active:           466900 kB
Mem:          3.8G       3.7G       103M       5.7M        23M       3.3G

MemTotal:        4016004 kB
MemFree:          116452 kB
Active:           464864 kB
Mem:          3.8G       3.7G       113M       5.7M        23M       3.2G

MemTotal:        4016004 kB
MemFree:          108808 kB
Active:           463732 kB
Mem:          3.8G       3.7G       105M       5.7M        23M       3.3G

MemTotal:        4016004 kB
MemFree:          114764 kB
Active:           462992 kB
Mem:          3.8G       3.7G       111M       5.7M        23M       3.2G

MemTotal:        4016004 kB
MemFree:          140988 kB
Active:           461104 kB
Mem:          3.8G       3.7G       137M       5.7M        23M       3.2G

MemTotal:        4016004 kB
MemFree:          133416 kB
Active:           459984 kB
Mem:          3.8G       3.7G       130M       5.7M        23M       3.2G

MemTotal:        4016004 kB
MemFree:          137012 kB
Active:           457956 kB
Mem:          3.8G       3.7G       133M       5.7M        23M       3.2G

MemTotal:        4016004 kB
MemFree:          130668 kB
Active:           456832 kB
Mem:          3.8G       3.7G       127M       5.7M        23M       3.2G

MemTotal:        4016004 kB
MemFree:          111600 kB
Active:           456088 kB
Mem:          3.8G       3.7G       108M       5.7M        24M       3.3G

MemTotal:        4016004 kB
MemFree:          132688 kB
Active:           453936 kB
Mem:          3.8G       3.7G       129M       5.7M        24M       3.2G

MemTotal:        4016004 kB
MemFree:          108176 kB
Active:           452936 kB
Mem:          3.8G       3.7G       105M       5.7M        24M       3.3G

MemTotal:        4016004 kB
MemFree:          135752 kB
Active:           450784 kB
Mem:          3.8G       3.7G       131M       5.7M        24M       3.2G

MemTotal:        4016004 kB
MemFree:          127740 kB
Active:           449652 kB
Mem:          3.8G       3.7G       124M       5.7M        24M       3.2G

MemTotal:        4016004 kB
MemFree:          107896 kB
Active:           448264 kB
Mem:          3.8G       3.7G       105M       5.7M        24M       3.3G

MemTotal:        4016004 kB
MemFree:          112908 kB
Active:           446372 kB
Mem:          3.8G       3.7G       110M       5.7M        24M       3.2G

MemTotal:        4016004 kB
MemFree:          132024 kB
Active:           444476 kB
Mem:          3.8G       3.7G       128M       5.7M        24M       3.2G

MemTotal:        4016004 kB
MemFree:          125652 kB
Active:           441276 kB
Mem:          3.8G       3.7G       122M       5.7M        24M       3.2G

MemTotal:        4016004 kB
MemFree:          123296 kB
Active:           439428 kB
Mem:          3.8G       3.7G       119M       5.7M        24M       3.2G

MemTotal:        4016004 kB
MemFree:          129892 kB
Active:           437272 kB
Mem:          3.8G       3.7G       127M       5.7M        24M       3.2G

MemTotal:        4016004 kB
MemFree:          123008 kB
Active:           433996 kB
Mem:          3.8G       3.7G       119M       5.7M        24M       3.2G

MemTotal:        4016004 kB
MemFree:          133080 kB
Active:           432364 kB
Mem:          3.8G       3.7G       129M       5.7M        24M       3.2G

MemTotal:        4016004 kB
MemFree:          125268 kB
Active:           431240 kB
Mem:          3.8G       3.7G       122M       5.7M        24M       3.2G

MemTotal:        4016004 kB
MemFree:          111948 kB
Active:           430240 kB
Mem:          3.8G       3.7G       109M       5.7M        24M       3.2G

MemTotal:        4016004 kB
MemFree:          128300 kB
Active:           428612 kB
Mem:          3.8G       3.7G       124M       5.7M        24M       3.2G

MemTotal:        4016004 kB
MemFree:          121436 kB
Active:           427188 kB
Mem:          3.8G       3.7G       118M       5.7M        24M       3.2G

MemTotal:        4016004 kB
MemFree:          113612 kB
Active:           425972 kB
Mem:          3.8G       3.7G       110M       5.7M        24M       3.2G

MemTotal:        4016004 kB
MemFree:          129512 kB
Active:           424208 kB
Mem:          3.8G       3.7G       125M       5.7M        24M       3.2G

MemTotal:        4016004 kB
MemFree:          122284 kB
Active:           420904 kB
Mem:          3.8G       3.7G       118M       5.7M        24M       3.2G

MemTotal:        4016004 kB
MemFree:          114084 kB
Active:           419288 kB
Mem:          3.8G       3.7G       110M       5.7M        24M       3.2G

MemTotal:        4016004 kB
MemFree:          140452 kB
Active:           415368 kB
Mem:          3.8G       3.7G       136M       5.7M        24M       3.2G

MemTotal:        4016004 kB
MemFree:          140240 kB
Active:           415360 kB
Mem:          3.8G       3.7G       136M       5.7M        24M       3.2G

MemTotal:        4016004 kB
MemFree:          123552 kB
Active:           415376 kB
Mem:          3.8G       3.7G       120M       5.7M        24M       3.2G

MemTotal:        4016004 kB
MemFree:          109816 kB
Active:           414368 kB
Mem:          3.8G       3.7G       106M       5.7M        24M       3.3G

MemTotal:        4016004 kB
MemFree:          125832 kB
Active:           412596 kB
Mem:          3.8G       3.7G       122M       5.7M        24M       3.2G

MemTotal:        4016004 kB
MemFree:          122864 kB
Active:           410704 kB
Mem:          3.8G       3.7G       119M       5.7M        24M       3.2G

MemTotal:        4016004 kB
MemFree:          117160 kB
Active:           409584 kB
Mem:          3.8G       3.7G       113M       5.7M        24M       3.2G

MemTotal:        4016004 kB
MemFree:          133028 kB
Active:           407936 kB
Mem:          3.8G       3.7G       129M       5.7M        24M       3.2G

MemTotal:        4016004 kB
MemFree:          125116 kB
Active:           406684 kB
Mem:          3.8G       3.7G       121M       5.7M        24M       3.2G

MemTotal:        4016004 kB
MemFree:          107424 kB
Active:           405948 kB
Mem:          3.8G       3.7G       104M       5.7M        24M       3.3G

MemTotal:        4016004 kB
MemFree:          137340 kB
Active:           403492 kB
Mem:          3.8G       3.7G       134M       5.7M        24M       3.2G

MemTotal:        4016004 kB
MemFree:          130160 kB
Active:           402404 kB
Mem:          3.8G       3.7G       126M       5.7M        24M       3.2G

MemTotal:        4016004 kB
MemFree:          112432 kB
Active:           401664 kB
Mem:          3.8G       3.7G       109M       5.7M        24M       3.2G

MemTotal:        4016004 kB
MemFree:          128244 kB
Active:           398072 kB
Mem:          3.8G       3.7G       124M       5.7M        24M       3.2G

MemTotal:        4016004 kB
MemFree:          126900 kB
Active:           396440 kB
Mem:          3.8G       3.7G       123M       5.7M        24M       3.2G

MemTotal:        4016004 kB
MemFree:          108404 kB
Active:           395700 kB
Mem:          3.8G       3.7G       105M       5.7M        24M       3.3G

MemTotal:        4016004 kB
MemFree:          116092 kB
Active:           394064 kB
Mem:          3.8G       3.7G       112M       5.7M        24M       3.2G

MemTotal:        4016004 kB
MemFree:          108828 kB
Active:           392680 kB
Mem:          3.8G       3.7G       105M       5.7M        24M       3.3G

MemTotal:        4016004 kB
MemFree:          133980 kB
Active:           392556 kB
Mem:          3.8G       3.7G       130M       5.7M        24M       3.2G

MemTotal:        4016004 kB
MemFree:          129300 kB
Active:           391804 kB
Mem:          3.8G       3.7G       126M       5.7M        24M       3.2G

MemTotal:        4016004 kB
MemFree:          122072 kB
Active:           391828 kB
Mem:          3.8G       3.7G       118M       5.7M        24M       3.2G

MemTotal:        4016004 kB
MemFree:          115308 kB
Active:           391732 kB
Mem:          3.8G       3.7G       112M       5.7M        24M       3.2G

MemTotal:        4016004 kB
MemFree:          135108 kB
Active:           391748 kB
Mem:          3.8G       3.7G       131M       5.7M        24M       3.2G

MemTotal:        4016004 kB
MemFree:          125380 kB
Active:           391640 kB
Mem:          3.8G       3.7G       122M       5.7M        24M       3.2G

MemTotal:        4016004 kB
MemFree:          130968 kB
Active:           391664 kB
Mem:          3.8G       3.7G       127M       5.7M        24M       3.2G

MemTotal:        4016004 kB
MemFree:          119088 kB
Active:           391676 kB
Mem:          3.8G       3.7G       116M       5.7M        25M       3.2G

MemTotal:        4016004 kB
MemFree:          111412 kB
Active:           391708 kB
Mem:          3.8G       3.7G       108M       5.7M        25M       3.2G

MemTotal:        4016004 kB
MemFree:          117148 kB
Active:           391732 kB
Mem:          3.8G       3.7G       113M       5.7M        25M       3.2G

MemTotal:        4016004 kB
MemFree:          125360 kB
Active:           391752 kB
Mem:          3.8G       3.7G       122M       5.7M        25M       3.2G

MemTotal:        4016004 kB
MemFree:          119032 kB
Active:           391712 kB
Mem:          3.8G       3.7G       115M       5.7M        25M       3.2G

MemTotal:        4016004 kB
MemFree:          127468 kB
Active:           391684 kB
Mem:          3.8G       3.7G       124M       5.7M        25M       3.2G

MemTotal:        4016004 kB
MemFree:          119240 kB
Active:           391764 kB
Mem:          3.8G       3.7G       116M       5.7M        25M       3.2G

MemTotal:        4016004 kB
MemFree:          124080 kB
Active:           391788 kB
Mem:          3.8G       3.7G       121M       5.7M        25M       3.2G

MemTotal:        4016004 kB
MemFree:          118616 kB
Active:           391816 kB
Mem:          3.8G       3.7G       115M       5.7M        25M       3.2G

MemTotal:        4016004 kB
MemFree:          111592 kB
Active:           391832 kB
Mem:          3.8G       3.7G       108M       5.7M        25M       3.2G

MemTotal:        4016004 kB
MemFree:          127724 kB
Active:           391708 kB
Mem:          3.8G       3.7G       124M       5.7M        25M       3.2G

MemTotal:        4016004 kB
MemFree:          107852 kB
Active:           391628 kB
Mem:          3.8G       3.7G       105M       5.7M        25M       3.2G

MemTotal:        4016004 kB
MemFree:          113600 kB
Active:           391648 kB
Mem:          3.8G       3.7G       110M       5.7M        25M       3.2G

MemTotal:        4016004 kB
MemFree:          122008 kB
Active:           393072 kB
Mem:          3.8G       3.7G       118M       5.7M        25M       3.2G

MemTotal:        4016004 kB
MemFree:          114724 kB
Active:           391944 kB
Mem:          3.8G       3.7G       112M       5.7M        25M       3.2G

MemTotal:        4016004 kB
MemFree:          130624 kB
Active:           391316 kB
Mem:          3.8G       3.7G       127M       5.7M        25M       3.2G

MemTotal:        4016004 kB
MemFree:          123016 kB
Active:           391356 kB
Mem:          3.8G       3.7G       120M       5.7M        25M       3.2G

MemTotal:        4016004 kB
MemFree:          131616 kB
Active:           391188 kB
Mem:          3.8G       3.7G       127M       5.7M        25M       3.2G

MemTotal:        4016004 kB
MemFree:          125984 kB
Active:           390776 kB
Mem:          3.8G       3.7G       122M       5.7M        25M       3.2G

MemTotal:        4016004 kB
MemFree:          119436 kB
Active:           390584 kB
Mem:          3.8G       3.7G       116M       5.7M        25M       3.2G

MemTotal:        4016004 kB
MemFree:          128212 kB
Active:           390592 kB
Mem:          3.8G       3.7G       127M       5.7M        25M       3.2G

MemTotal:        4016004 kB
MemFree:          129864 kB
Active:           390664 kB
Mem:          3.8G       3.7G       126M       5.7M        25M       3.2G

MemTotal:        4016004 kB
MemFree:          123164 kB
Active:           390696 kB
Mem:          3.8G       3.7G       120M       5.7M        25M       3.2G

MemTotal:        4016004 kB
MemFree:          110984 kB
Active:           390696 kB
Mem:          3.8G       3.7G       107M       5.7M        25M       3.2G

MemTotal:        4016004 kB
MemFree:          128356 kB
Active:           390736 kB
Mem:          3.8G       3.7G       124M       5.7M        25M       3.2G

MemTotal:        4016004 kB
MemFree:          141208 kB
Active:           387032 kB
Mem:          3.8G       3.7G       137M       5.7M        25M       3.2G

MemTotal:        4016004 kB
MemFree:          128600 kB
Active:           387040 kB
Mem:          3.8G       3.7G       125M       5.7M        25M       3.2G

MemTotal:        4016004 kB
MemFree:          108284 kB
Active:           387084 kB
Mem:          3.8G       3.7G       105M       5.7M        25M       3.2G

MemTotal:        4016004 kB
MemFree:          123352 kB
Active:           387048 kB
Mem:          3.8G       3.7G       120M       5.7M        25M       3.2G

MemTotal:        4016004 kB
MemFree:          123388 kB
Active:           387076 kB
Mem:          3.8G       3.7G       120M       5.7M        25M       3.2G

MemTotal:        4016004 kB
MemFree:          120564 kB
Active:           387132 kB
Mem:          3.8G       3.7G       117M       5.7M        25M       3.2G

MemTotal:        4016004 kB
MemFree:          115108 kB
Active:           387156 kB
Mem:          3.8G       3.7G       112M       5.7M        25M       3.2G

MemTotal:        4016004 kB
MemFree:          107484 kB
Active:           387176 kB
Mem:          3.8G       3.7G       104M       5.7M        25M       3.2G

MemTotal:        4016004 kB
MemFree:          131212 kB
Active:           387200 kB
Mem:          3.8G       3.7G       128M       5.7M        25M       3.2G

MemTotal:        4016004 kB
MemFree:          112516 kB
Active:           387220 kB
Mem:          3.8G       3.7G       110M       5.7M        25M       3.2G

MemTotal:        4016004 kB
MemFree:          109320 kB
Active:           384264 kB
Mem:          3.8G       3.7G       106M       5.7M        25M       3.2G

MemTotal:        4016004 kB
MemFree:          113736 kB
Active:           384268 kB
Mem:          3.8G       3.7G       111M       5.7M        25M       3.2G

MemTotal:        4016004 kB
MemFree:          107192 kB
Active:           384296 kB
Mem:          3.8G       3.7G       104M       5.7M        25M       3.2G

MemTotal:        4016004 kB
MemFree:          112272 kB
Active:           384368 kB
Mem:          3.8G       3.7G       109M       5.7M        25M       3.2G

MemTotal:        4016004 kB
MemFree:          130436 kB
Active:           384368 kB
Mem:          3.8G       3.7G       126M       5.7M        25M       3.2G

MemTotal:        4016004 kB
MemFree:          123344 kB
Active:           384356 kB
Mem:          3.8G       3.7G       120M       5.7M        25M       3.2G

MemTotal:        4016004 kB
MemFree:          117776 kB
Active:           384428 kB
Mem:          3.8G       3.7G       114M       5.7M        25M       3.2G

MemTotal:        4016004 kB
MemFree:          138012 kB
Active:           384452 kB
Mem:          3.8G       3.7G       134M       5.7M        25M       3.2G

MemTotal:        4016004 kB
MemFree:          107040 kB
Active:           384472 kB
Mem:          3.8G       3.7G       104M       5.7M        25M       3.2G

MemTotal:        4016004 kB
MemFree:          138132 kB
Active:           383036 kB
Mem:          3.8G       3.7G       134M       5.7M        25M       3.2G

MemTotal:        4016004 kB
MemFree:          131952 kB
Active:           382984 kB
Mem:          3.8G       3.7G       128M       5.7M        25M       3.2G

MemTotal:        4016004 kB
MemFree:          130656 kB
Active:           382988 kB
Mem:          3.8G       3.7G       127M       5.7M        25M       3.2G

MemTotal:        4016004 kB
MemFree:          114700 kB
Active:           383056 kB
Mem:          3.8G       3.7G       111M       5.7M        25M       3.2G

MemTotal:        4016004 kB
MemFree:          109040 kB
Active:           383076 kB
Mem:          3.8G       3.7G       106M       5.7M        26M       3.2G

MemTotal:        4016004 kB
MemFree:          131500 kB
Active:           383100 kB
Mem:          3.8G       3.7G       128M       5.7M        26M       3.2G

MemTotal:        4016004 kB
MemFree:          117012 kB
Active:           383080 kB
Mem:          3.8G       3.7G       125M       5.7M        26M       3.2G

MemTotal:        4016004 kB
MemFree:          127376 kB
Active:           383152 kB
Mem:          3.8G       3.7G       123M       5.7M        26M       3.2G

MemTotal:        4016004 kB
MemFree:          132732 kB
Active:           383144 kB
Mem:          3.8G       3.7G       128M       5.7M        26M       3.2G

MemTotal:        4016004 kB
MemFree:          123996 kB
Active:           382308 kB
Mem:          3.8G       3.7G       120M       5.7M        26M       3.2G

MemTotal:        4016004 kB
MemFree:          118632 kB
Active:           383128 kB
Mem:          3.8G       3.7G       115M       5.7M        26M       3.2G

MemTotal:        4016004 kB
MemFree:          117568 kB
Active:           383136 kB
Mem:          3.8G       3.7G       114M       5.7M        26M       3.2G

MemTotal:        4016004 kB
MemFree:          117508 kB
Active:           383112 kB
Mem:          3.8G       3.7G       114M       5.7M        26M       3.2G

MemTotal:        4016004 kB
MemFree:          117884 kB
Active:           383148 kB
Mem:          3.8G       3.7G       115M       5.7M        26M       3.2G

MemTotal:        4016004 kB
MemFree:          129524 kB
Active:           383168 kB
Mem:          3.8G       3.7G       126M       5.7M        26M       3.2G

MemTotal:        4016004 kB
MemFree:          111392 kB
Active:           383192 kB
Mem:          3.8G       3.7G       108M       5.7M        26M       3.2G

MemTotal:        4016004 kB
MemFree:          129400 kB
Active:           383212 kB
Mem:          3.8G       3.7G       125M       5.7M        26M       3.2G

MemTotal:        4016004 kB
MemFree:          125044 kB
Active:           383224 kB
Mem:          3.8G       3.7G       121M       5.7M        26M       3.2G

MemTotal:        4016004 kB
MemFree:          109756 kB
Active:           383212 kB
Mem:          3.8G       3.7G       106M       5.7M        26M       3.2G

MemTotal:        4016004 kB
MemFree:          127064 kB
Active:           384412 kB
Mem:          3.8G       3.7G       123M       5.7M        26M       3.2G

MemTotal:        4016004 kB
MemFree:          126324 kB
Active:           383536 kB
Mem:          3.8G       3.7G       122M       5.7M        26M       3.2G

MemTotal:        4016004 kB
MemFree:          113476 kB
Active:           383428 kB
Mem:          3.8G       3.7G       110M       5.7M        26M       3.2G

MemTotal:        4016004 kB
MemFree:          130264 kB
Active:           372844 kB
Mem:          3.8G       3.7G       126M       5.7M        26M       3.2G

MemTotal:        4016004 kB
MemFree:          128688 kB
Active:           372864 kB
Mem:          3.8G       3.7G       125M       5.7M        26M       3.2G

MemTotal:        4016004 kB
MemFree:          136036 kB
Active:           372848 kB
Mem:          3.8G       3.7G       132M       5.7M        26M       3.2G

MemTotal:        4016004 kB
MemFree:          129020 kB
Active:           372904 kB
Mem:          3.8G       3.7G       125M       5.7M        26M       3.2G

MemTotal:        4016004 kB
MemFree:          123676 kB
Active:           372888 kB
Mem:          3.8G       3.7G       120M       5.7M        26M       3.2G

MemTotal:        4016004 kB
MemFree:          123832 kB
Active:           372900 kB
Mem:          3.8G       3.7G       120M       5.7M        26M       3.2G

MemTotal:        4016004 kB
MemFree:          123364 kB
Active:           372896 kB
Mem:          3.8G       3.7G       120M       5.7M        26M       3.2G

MemTotal:        4016004 kB
MemFree:          110196 kB
Active:           372912 kB
Mem:          3.8G       3.7G       107M       5.7M        26M       3.2G

MemTotal:        4016004 kB
MemFree:          127632 kB
Active:           372972 kB
Mem:          3.8G       3.7G       124M       5.7M        26M       3.2G

MemTotal:        4016004 kB
MemFree:          132132 kB
Active:           372972 kB
Mem:          3.8G       3.7G       128M       5.7M        26M       3.2G

MemTotal:        4016004 kB
MemFree:          131700 kB
Active:           373008 kB
Mem:          3.8G       3.7G       128M       5.7M        26M       3.2G

MemTotal:        4016004 kB
MemFree:          107412 kB
Active:           373020 kB
Mem:          3.8G       3.7G       104M       5.7M        26M       3.2G

MemTotal:        4016004 kB
MemFree:          119096 kB
Active:           373072 kB
Mem:          3.8G       3.7G       116M       5.7M        26M       3.2G

MemTotal:        4016004 kB
MemFree:          128696 kB
Active:           370196 kB
Mem:          3.8G       3.7G       125M       5.7M        26M       3.2G

MemTotal:        4016004 kB
MemFree:          128824 kB
Active:           370216 kB
Mem:          3.8G       3.7G       125M       5.7M        26M       3.2G

MemTotal:        4016004 kB
MemFree:          128360 kB
Active:           370200 kB
Mem:          3.8G       3.7G       125M       5.7M        26M       3.2G

MemTotal:        4016004 kB
MemFree:          116496 kB
Active:           370272 kB
Mem:          3.8G       3.7G       113M       5.7M        26M       3.2G

MemTotal:        4016004 kB
MemFree:          110464 kB
Active:           370292 kB
Mem:          3.8G       3.7G       107M       5.7M        26M       3.2G

MemTotal:        4016004 kB
MemFree:          129296 kB
Active:           370328 kB
Mem:          3.8G       3.7G       126M       5.7M        26M       3.2G

MemTotal:        4016004 kB
MemFree:          112992 kB
Active:           370328 kB
Mem:          3.8G       3.7G       110M       5.7M        26M       3.2G

MemTotal:        4016004 kB
MemFree:          109228 kB
Active:           370356 kB
Mem:          3.8G       3.7G       106M       5.7M        26M       3.2G

MemTotal:        4016004 kB
MemFree:          109480 kB
Active:           370336 kB
Mem:          3.8G       3.7G       106M       5.7M        26M       3.2G

MemTotal:        4016004 kB
MemFree:          108896 kB
Active:           370344 kB
Mem:          3.8G       3.7G       106M       5.7M        26M       3.2G

MemTotal:        4016004 kB
MemFree:          129104 kB
Active:           370384 kB
Mem:          3.8G       3.7G       125M       5.7M        26M       3.2G

MemTotal:        4016004 kB
MemFree:          122672 kB
Active:           370408 kB
Mem:          3.8G       3.7G       119M       5.7M        26M       3.2G

MemTotal:        4016004 kB
MemFree:          114596 kB
Active:           370408 kB
Mem:          3.8G       3.7G       111M       5.7M        26M       3.2G

MemTotal:        4016004 kB
MemFree:          118948 kB
Active:           370420 kB
Mem:          3.8G       3.7G       116M       5.7M        26M       3.2G

MemTotal:        4016004 kB
MemFree:          135600 kB
Active:           370348 kB
Mem:          3.8G       3.7G       132M       5.7M        26M       3.2G

MemTotal:        4016004 kB
MemFree:          146252 kB
Active:           370364 kB
Mem:          3.8G       3.7G       151M       5.7M        26M       3.2G

MemTotal:        4016004 kB
MemFree:          113172 kB
Active:           370252 kB
Mem:          3.8G       3.7G       110M       5.7M        26M       3.2G

MemTotal:        4016004 kB
MemFree:          132544 kB
Active:           370280 kB
Mem:          3.8G       3.7G       128M       5.7M        26M       3.2G

MemTotal:        4016004 kB
MemFree:          124980 kB
Active:           370300 kB
Mem:          3.8G       3.7G       121M       5.7M        26M       3.2G

MemTotal:        4016004 kB
MemFree:          135936 kB
Active:           370316 kB
Mem:          3.8G       3.7G       132M       5.7M        26M       3.2G

MemTotal:        4016004 kB
MemFree:          130208 kB
Active:           370168 kB
Mem:          3.8G       3.7G       126M       5.7M        26M       3.2G

MemTotal:        4016004 kB
MemFree:          114128 kB
Active:           370240 kB
Mem:          3.8G       3.7G       111M       5.7M        26M       3.2G

MemTotal:        4016004 kB
MemFree:          110024 kB
Active:           370244 kB
Mem:          3.8G       3.7G       106M       5.7M        26M       3.2G

MemTotal:        4016004 kB
MemFree:          121060 kB
Active:           370292 kB
Mem:          3.8G       3.7G       117M       5.7M        26M       3.2G

MemTotal:        4016004 kB
MemFree:          113000 kB
Active:           370248 kB
Mem:          3.8G       3.7G       110M       5.7M        26M       3.2G

MemTotal:        4016004 kB
MemFree:          124828 kB
Active:           371444 kB
Mem:          3.8G       3.7G       127M       5.7M        27M       3.2G

MemTotal:        4016004 kB
MemFree:          111720 kB
Active:           368492 kB
Mem:          3.8G       3.7G       109M       5.7M        27M       3.2G

MemTotal:        4016004 kB
MemFree:          134180 kB
Active:           368524 kB
Mem:          3.8G       3.7G       130M       5.7M        27M       3.2G

MemTotal:        4016004 kB
MemFree:          127216 kB
Active:           368508 kB
Mem:          3.8G       3.7G       124M       5.7M        27M       3.2G

MemTotal:        4016004 kB
MemFree:          137588 kB
Active:           368576 kB
Mem:          3.8G       3.7G       134M       5.7M        27M       3.2G

MemTotal:        4016004 kB
MemFree:          108676 kB
Active:           368572 kB
Mem:          3.8G       3.7G       106M       5.7M        27M       3.2G

MemTotal:        4016004 kB
MemFree:          137524 kB
Active:           368588 kB
Mem:          3.8G       3.7G       134M       5.7M        27M       3.2G

MemTotal:        4016004 kB
MemFree:          130968 kB
Active:           368624 kB
Mem:          3.8G       3.7G       127M       5.7M        27M       3.2G

MemTotal:        4016004 kB
MemFree:          133332 kB
Active:           368672 kB
Mem:          3.8G       3.7G       130M       5.7M        27M       3.2G

MemTotal:        4016004 kB
MemFree:          130484 kB
Active:           368700 kB
Mem:          3.8G       3.7G       126M       5.7M        27M       3.2G

MemTotal:        4016004 kB
MemFree:          114688 kB
Active:           368672 kB
Mem:          3.8G       3.7G       112M       5.7M        27M       3.2G

MemTotal:        4016004 kB
MemFree:          113788 kB
Active:           368700 kB
Mem:          3.8G       3.7G       111M       5.7M        27M       3.2G

MemTotal:        4016004 kB
MemFree:          137008 kB
Active:           368760 kB
Mem:          3.8G       3.7G       134M       5.7M        27M       3.2G

MemTotal:        4016004 kB
MemFree:          130736 kB
Active:           368784 kB
Mem:          3.8G       3.7G       127M       5.7M        27M       3.2G

MemTotal:        4016004 kB
MemFree:          112432 kB
Active:           368768 kB
Mem:          3.8G       3.7G       110M       5.7M        27M       3.2G

MemTotal:        4016004 kB
MemFree:          127560 kB
Active:           365600 kB
Mem:          3.8G       3.7G       124M       5.7M        27M       3.2G

MemTotal:        4016004 kB
MemFree:          127320 kB
Active:           365612 kB
Mem:          3.8G       3.7G       123M       5.7M        27M       3.2G

MemTotal:        4016004 kB
MemFree:          111504 kB
Active:           365556 kB
Mem:          3.8G       3.7G       108M       5.7M        27M       3.2G

MemTotal:        4016004 kB
MemFree:          107388 kB
Active:           365532 kB
Mem:          3.8G       3.7G       108M       5.7M        27M       3.2G

MemTotal:        4016004 kB
MemFree:          107604 kB
Active:           365608 kB
Mem:          3.8G       3.7G       104M       5.7M        27M       3.2G

MemTotal:        4016004 kB
MemFree:          130436 kB
Active:           365632 kB
Mem:          3.8G       3.7G       127M       5.7M        27M       3.2G

MemTotal:        4016004 kB
MemFree:          130932 kB
Active:           365640 kB
Mem:          3.8G       3.7G       127M       5.7M        27M       3.2G

MemTotal:        4016004 kB
MemFree:          121264 kB
Active:           365648 kB
Mem:          3.8G       3.7G       118M       5.7M        27M       3.2G

MemTotal:        4016004 kB
MemFree:          139720 kB
Active:           365700 kB
Mem:          3.8G       3.7G       136M       5.7M        27M       3.2G

MemTotal:        4016004 kB
MemFree:          133300 kB
Active:           365720 kB
Mem:          3.8G       3.7G       130M       5.7M        27M       3.2G

MemTotal:        4016004 kB
MemFree:          128560 kB
Active:           365740 kB
Mem:          3.8G       3.7G       124M       5.7M        27M       3.2G

MemTotal:        4016004 kB
MemFree:          132788 kB
Active:           365760 kB
Mem:          3.8G       3.7G       129M       5.7M        27M       3.2G

MemTotal:        4016004 kB
MemFree:          126112 kB
Active:           365784 kB
Mem:          3.8G       3.7G       123M       5.7M        27M       3.2G

MemTotal:        4016004 kB
MemFree:          131668 kB
Active:           365788 kB
Mem:          3.8G       3.7G       128M       5.7M        27M       3.2G

MemTotal:        4016004 kB
MemFree:          136380 kB
Active:           365824 kB
Mem:          3.8G       3.7G       132M       5.7M        27M       3.2G

MemTotal:        4016004 kB
MemFree:          129304 kB
Active:           365856 kB
Mem:          3.8G       3.7G       125M       5.7M        27M       3.2G

MemTotal:        4016004 kB
MemFree:          122636 kB
Active:           363188 kB
Mem:          3.8G       3.7G       118M       5.7M        27M       3.2G

MemTotal:        4016004 kB
MemFree:          110932 kB
Active:           363240 kB
Mem:          3.8G       3.7G       107M       5.7M        27M       3.2G

MemTotal:        4016004 kB
MemFree:          128800 kB
Active:           363280 kB
Mem:          3.8G       3.7G       125M       5.7M        27M       3.2G

MemTotal:        4016004 kB
MemFree:          127964 kB
Active:           363252 kB
Mem:          3.8G       3.7G       124M       5.7M        27M       3.2G

MemTotal:        4016004 kB
MemFree:          118416 kB
Active:           363304 kB
Mem:          3.8G       3.7G       115M       5.7M        27M       3.2G

MemTotal:        4016004 kB
MemFree:          130224 kB
Active:           363288 kB
Mem:          3.8G       3.7G       127M       5.7M        27M       3.2G

MemTotal:        4016004 kB
MemFree:          112968 kB
Active:           363352 kB
Mem:          3.8G       3.7G       110M       5.7M        27M       3.2G

MemTotal:        4016004 kB
MemFree:          135840 kB
Active:           363376 kB
Mem:          3.8G       3.7G       132M       5.7M        27M       3.2G

MemTotal:        4016004 kB
MemFree:          131060 kB
Active:           363392 kB
Mem:          3.8G       3.7G       127M       5.7M        27M       3.2G

MemTotal:        4016004 kB
MemFree:          113100 kB
Active:           363376 kB
Mem:          3.8G       3.7G       110M       5.7M        27M       3.2G

MemTotal:        4016004 kB
MemFree:          129248 kB
Active:           363388 kB
Mem:          3.8G       3.7G       127M       5.7M        27M       3.2G

MemTotal:        4016004 kB
MemFree:          110840 kB
Active:           363324 kB
Mem:          3.8G       3.7G       107M       5.7M        27M       3.2G

MemTotal:        4016004 kB
MemFree:          110376 kB
Active:           363152 kB
Mem:          3.8G       3.7G       107M       5.7M        27M       3.2G

MemTotal:        4016004 kB
MemFree:          110252 kB
Active:           363152 kB
Mem:          3.8G       3.7G       107M       5.7M        27M       3.2G

MemTotal:        4016004 kB
MemFree:          109632 kB
Active:           363164 kB
Mem:          3.8G       3.7G       107M       5.7M        27M       3.2G

MemTotal:        4016004 kB
MemFree:          109880 kB
Active:           363116 kB
Mem:          3.8G       3.7G       107M       5.7M        27M       3.2G

MemTotal:        4016004 kB
MemFree:          109756 kB
Active:           363112 kB
Mem:          3.8G       3.7G       106M       5.7M        27M       3.2G

MemTotal:        4016004 kB
MemFree:          109756 kB
Active:           363132 kB
Mem:          3.8G       3.7G       107M       5.7M        27M       3.2G

MemTotal:        4016004 kB
MemFree:          109632 kB
Active:           363116 kB
Mem:          3.8G       3.7G       107M       5.7M        27M       3.2G

MemTotal:        4016004 kB
MemFree:          109756 kB
Active:           363148 kB
Mem:          3.8G       3.7G       107M       5.7M        27M       3.2G

MemTotal:        4016004 kB
MemFree:          109632 kB
Active:           363148 kB
Mem:          3.8G       3.7G       107M       5.7M        27M       3.2G

MemTotal:        4016004 kB
MemFree:          109508 kB
Active:           363176 kB
Mem:          3.8G       3.7G       107M       5.7M        27M       3.2G

MemTotal:        4016004 kB
MemFree:          109880 kB
Active:           363148 kB
Mem:          3.8G       3.7G       107M       5.7M        27M       3.2G

MemTotal:        4016004 kB
MemFree:          109880 kB
Active:           363124 kB
Mem:          3.8G       3.7G       107M       5.7M        27M       3.2G

MemTotal:        4016004 kB
MemFree:          109508 kB
Active:           363184 kB
Mem:          3.8G       3.7G       107M       5.7M        27M       3.2G

MemTotal:        4016004 kB
MemFree:          109756 kB
Active:           363144 kB
Mem:          3.8G       3.7G       107M       5.7M        27M       3.2G

MemTotal:        4016004 kB
MemFree:          109880 kB
Active:           363132 kB
Mem:          3.8G       3.7G       107M       5.7M        27M       3.2G

MemTotal:        4016004 kB
MemFree:          109756 kB
Active:           363156 kB
Mem:          3.8G       3.7G       107M       5.7M        27M       3.2G

MemTotal:        4016004 kB
MemFree:          109880 kB
Active:           363180 kB
Mem:          3.8G       3.7G       107M       5.7M        27M       3.2G

MemTotal:        4016004 kB
MemFree:          109880 kB
Active:           363148 kB
Mem:          3.8G       3.7G       107M       5.7M        27M       3.2G

MemTotal:        4016004 kB
MemFree:          109880 kB
Active:           363184 kB
Mem:          3.8G       3.7G       107M       5.7M        27M       3.2G

MemTotal:        4016004 kB
MemFree:          109880 kB
Active:           363168 kB
Mem:          3.8G       3.7G       107M       5.7M        27M       3.2G

MemTotal:        4016004 kB
MemFree:          109880 kB
Active:           363156 kB
Mem:          3.8G       3.7G       107M       5.7M        27M       3.2G

MemTotal:        4016004 kB
MemFree:          109880 kB
Active:           363192 kB
Mem:          3.8G       3.7G       107M       5.7M        27M       3.2G

MemTotal:        4016004 kB
MemFree:          109408 kB
Active:           363204 kB
Mem:          3.8G       3.7G       106M       5.7M        27M       3.2G

MemTotal:        4016004 kB
MemFree:          109064 kB
Active:           363216 kB
Mem:          3.8G       3.7G       106M       5.7M        27M       3.2G

MemTotal:        4016004 kB
MemFree:          109284 kB
Active:           363176 kB
Mem:          3.8G       3.7G       106M       5.7M        27M       3.2G

MemTotal:        4016004 kB
MemFree:          109536 kB
Active:           363212 kB
Mem:          3.8G       3.7G       107M       5.7M        27M       3.2G

MemTotal:        4016004 kB
MemFree:          109476 kB
Active:           362296 kB
Mem:          3.8G       3.7G       107M       5.7M        27M       3.2G

MemTotal:        4016004 kB
MemFree:          110220 kB
Active:           362284 kB
Mem:          3.8G       3.7G       107M       5.7M        27M       3.2G

MemTotal:        4016004 kB
MemFree:          109972 kB
Active:           364364 kB
Mem:          3.8G       3.7G       107M       5.7M        27M       3.2G

MemTotal:        4016004 kB
MemFree:          110096 kB
Active:           364336 kB
Mem:          3.8G       3.7G       107M       5.7M        27M       3.2G

MemTotal:        4016004 kB
MemFree:          110344 kB
Active:           364336 kB
Mem:          3.8G       3.7G       107M       5.7M        27M       3.2G

MemTotal:        4016004 kB
MemFree:          109972 kB
Active:           364392 kB
Mem:          3.8G       3.7G       107M       5.7M        27M       3.2G

MemTotal:        4016004 kB
MemFree:          110096 kB
Active:           364372 kB
Mem:          3.8G       3.7G       107M       5.7M        27M       3.2G

MemTotal:        4016004 kB
MemFree:          110468 kB
Active:           364360 kB
Mem:          3.8G       3.7G       107M       5.7M        27M       3.2G

MemTotal:        4016004 kB
MemFree:          110468 kB
Active:           364380 kB
Mem:          3.8G       3.7G       107M       5.7M        27M       3.2G

MemTotal:        4016004 kB
MemFree:          110220 kB
Active:           364396 kB
Mem:          3.8G       3.7G       107M       5.7M        27M       3.2G

MemTotal:        4016004 kB
MemFree:          110220 kB
Active:           364400 kB
Mem:          3.8G       3.7G       107M       5.7M        27M       3.2G

MemTotal:        4016004 kB
MemFree:          110344 kB
Active:           364352 kB
Mem:          3.8G       3.7G       107M       5.7M        27M       3.2G

MemTotal:        4016004 kB
MemFree:          110220 kB
Active:           364348 kB
Mem:          3.8G       3.7G       107M       5.7M        27M       3.2G

MemTotal:        4016004 kB
MemFree:          110096 kB
Active:           364388 kB
Mem:          3.8G       3.7G       107M       5.7M        27M       3.2G

MemTotal:        4016004 kB
MemFree:          110096 kB
Active:           364384 kB
Mem:          3.8G       3.7G       107M       5.7M        27M       3.2G

MemTotal:        4016004 kB
MemFree:          110344 kB
Active:           364372 kB
Mem:          3.8G       3.7G       107M       5.7M        27M       3.2G

MemTotal:        4016004 kB
MemFree:          110096 kB
Active:           364404 kB
Mem:          3.8G       3.7G       107M       5.7M        27M       3.2G

MemTotal:        4016004 kB
MemFree:          109972 kB
Active:           364416 kB
Mem:          3.8G       3.7G       107M       5.7M        27M       3.2G

MemTotal:        4016004 kB
MemFree:          110964 kB
Active:           364372 kB
Mem:          3.8G       3.7G       108M       5.7M        27M       3.2G

MemTotal:        4016004 kB
MemFree:          110840 kB
Active:           364360 kB
Mem:          3.8G       3.7G       107M       5.7M        27M       3.2G

MemTotal:        4016004 kB
MemFree:          108296 kB
Active:           364380 kB
Mem:          3.8G       3.7G       105M       5.7M        27M       3.2G

MemTotal:        4016004 kB
MemFree:          108296 kB
Active:           366408 kB
Mem:          3.8G       3.7G       105M       5.7M        27M       3.2G

MemTotal:        4016004 kB
MemFree:          108296 kB
Active:           366388 kB
Mem:          3.8G       3.7G       105M       5.7M        27M       3.2G

MemTotal:        4016004 kB
MemFree:          108544 kB
Active:           366440 kB
Mem:          3.8G       3.7G       105M       5.7M        27M       3.2G

MemTotal:        4016004 kB
MemFree:          108420 kB
Active:           366428 kB
Mem:          3.8G       3.7G       105M       5.7M        27M       3.2G

MemTotal:        4016004 kB
MemFree:          108544 kB
Active:           366420 kB
Mem:          3.8G       3.7G       106M       5.7M        27M       3.2G

MemTotal:        4016004 kB
MemFree:          108792 kB
Active:           366400 kB
Mem:          3.8G       3.7G       106M       5.7M        27M       3.2G

MemTotal:        4016004 kB
MemFree:          108792 kB
Active:           366444 kB
Mem:          3.8G       3.7G       106M       5.7M        27M       3.2G

MemTotal:        4016004 kB
MemFree:          108792 kB
Active:           366432 kB
Mem:          3.8G       3.7G       106M       5.7M        27M       3.2G

MemTotal:        4016004 kB
MemFree:          108420 kB
Active:           366456 kB
Mem:          3.8G       3.7G       106M       5.7M        27M       3.2G

MemTotal:        4016004 kB
MemFree:          108296 kB
Active:           366456 kB
Mem:          3.8G       3.7G       106M       5.7M        27M       3.2G

MemTotal:        4016004 kB
MemFree:          108668 kB
Active:           366432 kB
Mem:          3.8G       3.7G       105M       5.7M        27M       3.2G

MemTotal:        4016004 kB
MemFree:          108792 kB
Active:           366424 kB
Mem:          3.8G       3.7G       106M       5.7M        27M       3.2G

MemTotal:        4016004 kB
MemFree:          108668 kB
Active:           366408 kB
Mem:          3.8G       3.7G       106M       5.7M        27M       3.2G

MemTotal:        4016004 kB
MemFree:          108296 kB
Active:           366460 kB
Mem:          3.8G       3.7G       105M       5.7M        27M       3.2G

MemTotal:        4016004 kB
MemFree:          108544 kB
Active:           366432 kB
Mem:          3.8G       3.7G       106M       5.7M        27M       3.2G

MemTotal:        4016004 kB
MemFree:          108668 kB
Active:           366420 kB
Mem:          3.8G       3.7G       106M       5.7M        27M       3.2G

MemTotal:        4016004 kB
MemFree:          108296 kB
Active:           366464 kB
Mem:          3.8G       3.7G       106M       5.7M        27M       3.2G

MemTotal:        4016004 kB
MemFree:          108296 kB
Active:           366476 kB
Mem:          3.8G       3.7G       105M       5.7M        27M       3.2G

MemTotal:        4016004 kB
MemFree:          108668 kB
Active:           366460 kB
Mem:          3.8G       3.7G       105M       5.7M        27M       3.2G

MemTotal:        4016004 kB
MemFree:          108792 kB
Active:           366452 kB
Mem:          3.8G       3.7G       105M       5.7M        27M       3.2G

MemTotal:        4016004 kB
MemFree:          107924 kB
Active:           366484 kB
Mem:          3.8G       3.7G       105M       5.7M        27M       3.2G

MemTotal:        4016004 kB
MemFree:          107924 kB
Active:           366448 kB
Mem:          3.8G       3.7G       105M       5.7M        27M       3.2G

MemTotal:        4016004 kB
MemFree:          108048 kB
Active:           366480 kB
Mem:          3.8G       3.7G       105M       5.7M        27M       3.2G

MemTotal:        4016004 kB
MemFree:          107676 kB
Active:           366484 kB
Mem:          3.8G       3.7G       105M       5.7M        27M       3.2G

MemTotal:        4016004 kB
MemFree:          107552 kB
Active:           366464 kB
Mem:          3.8G       3.7G       105M       5.7M        27M       3.2G

MemTotal:        4016004 kB
MemFree:          107676 kB
Active:           366452 kB
Mem:          3.8G       3.7G       104M       5.7M        27M       3.2G

MemTotal:        4016004 kB
MemFree:          107676 kB
Active:           366496 kB
Mem:          3.8G       3.7G       105M       5.7M        27M       3.2G

MemTotal:        4016004 kB
MemFree:          107924 kB
Active:           366472 kB
Mem:          3.8G       3.7G       105M       5.7M        27M       3.2G

MemTotal:        4016004 kB
MemFree:          107924 kB
Active:           366460 kB
Mem:          3.8G       3.7G       105M       5.7M        27M       3.2G

MemTotal:        4016004 kB
MemFree:          107924 kB
Active:           366656 kB
Mem:          3.8G       3.7G       104M       5.7M        27M       3.2G

MemTotal:        4016004 kB
MemFree:          129352 kB
Active:           368408 kB
Mem:          3.8G       3.7G       126M       5.7M        30M       3.2G

MemTotal:        4016004 kB
MemFree:          129600 kB
Active:           368084 kB
Mem:          3.8G       3.7G       126M       5.7M        30M       3.2G

MemTotal:        4016004 kB
MemFree:          129476 kB
Active:           368120 kB
Mem:          3.8G       3.7G       126M       5.7M        30M       3.2G

MemTotal:        4016004 kB
MemFree:          129104 kB
Active:           368136 kB
Mem:          3.8G       3.7G       126M       5.7M        30M       3.2G

MemTotal:        4016004 kB
MemFree:          129228 kB
Active:           368128 kB
Mem:          3.8G       3.7G       126M       5.7M        30M       3.2G

MemTotal:        4016004 kB
MemFree:          129476 kB
Active:           368112 kB
Mem:          3.8G       3.7G       126M       5.7M        30M       3.2G

MemTotal:        4016004 kB
MemFree:          129848 kB
Active:           368116 kB
Mem:          3.8G       3.7G       126M       5.7M        30M       3.2G

MemTotal:        4016004 kB
MemFree:          129352 kB
Active:           368140 kB
Mem:          3.8G       3.7G       126M       5.7M        30M       3.2G

MemTotal:        4016004 kB
MemFree:          129848 kB
Active:           368132 kB
Mem:          3.8G       3.7G       126M       5.7M        30M       3.2G

MemTotal:        4016004 kB
MemFree:          129848 kB
Active:           368108 kB
Mem:          3.8G       3.7G       126M       5.7M        30M       3.2G

MemTotal:        4016004 kB
MemFree:          129352 kB
Active:           368148 kB
Mem:          3.8G       3.7G       126M       5.7M        30M       3.2G

MemTotal:        4016004 kB
MemFree:          129476 kB
Active:           368096 kB
Mem:          3.8G       3.7G       126M       5.7M        30M       3.2G

MemTotal:        4016004 kB
MemFree:          129476 kB
Active:           368124 kB
Mem:          3.8G       3.7G       126M       5.7M        30M       3.2G

MemTotal:        4016004 kB
MemFree:          129600 kB
Active:           368164 kB
Mem:          3.8G       3.7G       126M       5.7M        30M       3.2G

MemTotal:        4016004 kB
MemFree:          128980 kB
Active:           368452 kB
Mem:          3.8G       3.7G       126M       5.7M        30M       3.2G

MemTotal:        4016004 kB
MemFree:          129212 kB
Active:           368236 kB
Mem:          3.8G       3.7G       126M       5.7M        30M       3.2G

MemTotal:        4016004 kB
MemFree:          128856 kB
Active:           368236 kB
Mem:          3.8G       3.7G       125M       5.7M        30M       3.2G

MemTotal:        4016004 kB
MemFree:          128608 kB
Active:           368236 kB
Mem:          3.8G       3.7G       125M       5.7M        30M       3.2G

MemTotal:        4016004 kB
MemFree:          128980 kB
Active:           368220 kB
Mem:          3.8G       3.7G       125M       5.7M        30M       3.2G

MemTotal:        4016004 kB
MemFree:          128856 kB
Active:           368212 kB
Mem:          3.8G       3.7G       125M       5.7M        30M       3.2G

MemTotal:        4016004 kB
MemFree:          128608 kB
Active:           368240 kB
Mem:          3.8G       3.7G       125M       5.7M        30M       3.2G

MemTotal:        4016004 kB
MemFree:          128980 kB
Active:           368240 kB
Mem:          3.8G       3.7G       125M       5.7M        30M       3.2G

MemTotal:        4016004 kB
MemFree:          128980 kB
Active:           368200 kB
Mem:          3.8G       3.7G       125M       5.7M        30M       3.2G

MemTotal:        4016004 kB
MemFree:          128608 kB
Active:           368248 kB
Mem:          3.8G       3.7G       125M       5.7M        30M       3.2G

MemTotal:        4016004 kB
MemFree:          128980 kB
Active:           368200 kB
Mem:          3.8G       3.7G       125M       5.7M        30M       3.2G

MemTotal:        4016004 kB
MemFree:          129104 kB
Active:           368220 kB
Mem:          3.8G       3.7G       125M       5.7M        30M       3.2G

MemTotal:        4016004 kB
MemFree:          128732 kB
Active:           368248 kB
Mem:          3.8G       3.7G       125M       5.7M        30M       3.2G

MemTotal:        4016004 kB
MemFree:          128608 kB
Active:           368240 kB
Mem:          3.8G       3.7G       125M       5.7M        30M       3.2G

MemTotal:        4016004 kB
MemFree:          128608 kB
Active:           368244 kB
Mem:          3.8G       3.7G       125M       5.7M        30M       3.2G

MemTotal:        4016004 kB
MemFree:          129104 kB
Active:           368236 kB
Mem:          3.8G       3.7G       126M       5.7M        30M       3.2G

MemTotal:        4016004 kB
MemFree:          129228 kB
Active:           368232 kB
Mem:          3.8G       3.7G       126M       5.7M        30M       3.2G

MemTotal:        4016004 kB
MemFree:          129120 kB
Active:           368236 kB
Mem:          3.8G       3.7G       126M       5.7M        30M       3.2G

MemTotal:        4016004 kB
MemFree:          129616 kB
Active:           368216 kB
Mem:          3.8G       3.7G       126M       5.7M        30M       3.2G

MemTotal:        4016004 kB
MemFree:          129492 kB
Active:           368196 kB
Mem:          3.8G       3.7G       126M       5.7M        30M       3.2G

MemTotal:        4016004 kB
MemFree:          129244 kB
Active:           368252 kB
Mem:          3.8G       3.7G       126M       5.7M        30M       3.2G

MemTotal:        4016004 kB
MemFree:          129244 kB
Active:           368200 kB
Mem:          3.8G       3.7G       126M       5.7M        30M       3.2G

MemTotal:        4016004 kB
MemFree:          129368 kB
Active:           368256 kB
Mem:          3.8G       3.7G       125M       5.7M        30M       3.2G

MemTotal:        4016004 kB
MemFree:          129120 kB
Active:           368224 kB
Mem:          3.8G       3.7G       126M       5.7M        30M       3.2G

MemTotal:        4016004 kB
MemFree:          129244 kB
Active:           368224 kB
Mem:          3.8G       3.7G       126M       5.7M        30M       3.2G

MemTotal:        4016004 kB
MemFree:          129244 kB
Active:           368216 kB
Mem:          3.8G       3.7G       126M       5.7M        30M       3.2G

MemTotal:        4016004 kB
MemFree:          129368 kB
Active:           368212 kB
Mem:          3.8G       3.7G       126M       5.7M        30M       3.2G

MemTotal:        4016004 kB
MemFree:          129120 kB
Active:           368264 kB
Mem:          3.8G       3.7G       126M       5.7M        30M       3.2G

MemTotal:        4016004 kB
MemFree:          129244 kB
Active:           368260 kB
Mem:          3.8G       3.7G       126M       5.7M        30M       3.2G

MemTotal:        4016004 kB
MemFree:          128748 kB
Active:           368280 kB
Mem:          3.8G       3.7G       126M       5.7M        30M       3.2G

MemTotal:        4016004 kB
MemFree:          129244 kB
Active:           368232 kB
Mem:          3.8G       3.7G       126M       5.7M        30M       3.2G

MemTotal:        4016004 kB
MemFree:          129244 kB
Active:           368228 kB
Mem:          3.8G       3.7G       126M       5.7M        30M       3.2G

MemTotal:        4016004 kB
MemFree:          129368 kB
Active:           368268 kB
Mem:          3.8G       3.7G       126M       5.7M        30M       3.2G

MemTotal:        4016004 kB
MemFree:          129492 kB
Active:           368288 kB
Mem:          3.8G       3.7G       126M       5.7M        30M       3.2G

MemTotal:        4016004 kB
MemFree:          129492 kB
Active:           368276 kB
Mem:          3.8G       3.7G       126M       5.7M        30M       3.2G

MemTotal:        4016004 kB
MemFree:          129368 kB
Active:           368264 kB
Mem:          3.8G       3.7G       126M       5.7M        30M       3.2G

MemTotal:        4016004 kB
MemFree:          129616 kB
Active:           368244 kB
Mem:          3.8G       3.7G       126M       5.7M        30M       3.2G

MemTotal:        4016004 kB
MemFree:          129492 kB
Active:           368240 kB
Mem:          3.8G       3.7G       126M       5.7M        30M       3.2G

MemTotal:        4016004 kB
MemFree:          129368 kB
Active:           368272 kB
Mem:          3.8G       3.7G       126M       5.7M        30M       3.2G

MemTotal:        4016004 kB
MemFree:          129500 kB
Active:           368264 kB
Mem:          3.8G       3.7G       126M       5.7M        30M       3.2G

MemTotal:        4016004 kB
MemFree:          129376 kB
Active:           368272 kB
Mem:          3.8G       3.7G       126M       5.7M        30M       3.2G

MemTotal:        4016004 kB
MemFree:          129252 kB
Active:           368296 kB
Mem:          3.8G       3.7G       126M       5.7M        30M       3.2G

MemTotal:        4016004 kB
MemFree:          129128 kB
Active:           368280 kB
Mem:          3.8G       3.7G       125M       5.7M        30M       3.2G

MemTotal:        4016004 kB
MemFree:          129376 kB
Active:           368268 kB
Mem:          3.8G       3.7G       126M       5.7M        30M       3.2G

MemTotal:        4016004 kB
MemFree:          129252 kB
Active:           368284 kB
Mem:          3.8G       3.7G       126M       5.7M        30M       3.2G

MemTotal:        4016004 kB
MemFree:          129376 kB
Active:           368280 kB
Mem:          3.8G       3.7G       126M       5.7M        30M       3.2G

MemTotal:        4016004 kB
MemFree:          129376 kB
Active:           368280 kB
Mem:          3.8G       3.7G       126M       5.7M        30M       3.2G

MemTotal:        4016004 kB
MemFree:          129252 kB
Active:           368320 kB
Mem:          3.8G       3.7G       126M       5.7M        30M       3.2G

MemTotal:        4016004 kB
MemFree:          129376 kB
Active:           368284 kB
Mem:          3.8G       3.7G       126M       5.7M        30M       3.2G

MemTotal:        4016004 kB
MemFree:          129500 kB
Active:           368264 kB
Mem:          3.8G       3.7G       125M       5.7M        30M       3.2G

MemTotal:        4016004 kB
MemFree:          129128 kB
Active:           368316 kB
Mem:          3.8G       3.7G       126M       5.7M        30M       3.2G

MemTotal:        4016004 kB
MemFree:          129128 kB
Active:           368308 kB
Mem:          3.8G       3.7G       126M       5.7M        30M       3.2G

MemTotal:        4016004 kB
MemFree:          129748 kB
Active:           368296 kB
Mem:          3.8G       3.7G       126M       5.7M        30M       3.2G

MemTotal:        4016004 kB
MemFree:          129376 kB
Active:           368328 kB
Mem:          3.8G       3.7G       126M       5.7M        30M       3.2G

MemTotal:        4016004 kB
MemFree:          129128 kB
Active:           368280 kB
Mem:          3.8G       3.7G       126M       5.7M        30M       3.2G

MemTotal:        4016004 kB
MemFree:          129252 kB
Active:           368324 kB
Mem:          3.8G       3.7G       126M       5.7M        30M       3.2G

MemTotal:        4016004 kB
MemFree:          128880 kB
Active:           368332 kB
Mem:          3.8G       3.7G       126M       5.7M        30M       3.2G

MemTotal:        4016004 kB
MemFree:          129004 kB
Active:           368332 kB
Mem:          3.8G       3.7G       126M       5.7M        30M       3.2G

MemTotal:        4016004 kB
MemFree:          128880 kB
Active:           368332 kB
Mem:          3.8G       3.7G       125M       5.7M        30M       3.2G

MemTotal:        4016004 kB
MemFree:          128260 kB
Active:           368332 kB
Mem:          3.8G       3.7G       125M       5.7M        30M       3.2G

MemTotal:        4016004 kB
MemFree:          129128 kB
Active:           368320 kB
Mem:          3.8G       3.7G       126M       5.7M        30M       3.2G

MemTotal:        4016004 kB
MemFree:          129252 kB
Active:           368312 kB
Mem:          3.8G       3.7G       126M       5.7M        30M       3.2G

MemTotal:        4016004 kB
MemFree:          129252 kB
Active:           368320 kB
Mem:          3.8G       3.7G       126M       5.7M        30M       3.2G

MemTotal:        4016004 kB
MemFree:          128880 kB
Active:           368340 kB
Mem:          3.8G       3.7G       126M       5.7M        30M       3.2G

MemTotal:        4016004 kB
MemFree:          128756 kB
Active:           368340 kB
Mem:          3.8G       3.7G       125M       5.7M        30M       3.2G

MemTotal:        4016004 kB
MemFree:          128756 kB
Active:           368340 kB
Mem:          3.8G       3.7G       125M       5.7M        30M       3.2G

MemTotal:        4016004 kB
MemFree:          129376 kB
Active:           368316 kB
Mem:          3.8G       3.7G       126M       5.7M        30M       3.2G

MemTotal:        4016004 kB
MemFree:          129376 kB
Active:           368340 kB
Mem:          3.8G       3.7G       126M       5.7M        30M       3.2G

MemTotal:        4016004 kB
MemFree:          129500 kB
Active:           368292 kB
Mem:          3.8G       3.7G       126M       5.7M        30M       3.2G

MemTotal:        4016004 kB
MemFree:          129872 kB
Active:           368332 kB
Mem:          3.8G       3.7G       126M       5.7M        30M       3.2G

MemTotal:        4016004 kB
MemFree:          129376 kB
Active:           368312 kB
Mem:          3.8G       3.7G       126M       5.7M        30M       3.2G

MemTotal:        4016004 kB
MemFree:          129376 kB
Active:           368300 kB
Mem:          3.8G       3.7G       126M       5.7M        30M       3.2G

MemTotal:        4016004 kB
MemFree:          129252 kB
Active:           368352 kB
Mem:          3.8G       3.7G       126M       5.7M        30M       3.2G

MemTotal:        4016004 kB
MemFree:          129004 kB
Active:           368356 kB
Mem:          3.8G       3.7G       126M       5.7M        30M       3.2G

MemTotal:        4016004 kB
MemFree:          129128 kB
Active:           368356 kB
Mem:          3.8G       3.7G       125M       5.7M        30M       3.2G

MemTotal:        4016004 kB
MemFree:          128756 kB
Active:           368360 kB
Mem:          3.8G       3.7G       125M       5.7M        30M       3.2G

MemTotal:        4016004 kB
MemFree:          128756 kB
Active:           368312 kB
Mem:          3.8G       3.7G       125M       5.7M        30M       3.2G

MemTotal:        4016004 kB
MemFree:          128880 kB
Active:           368324 kB
Mem:          3.8G       3.7G       126M       5.7M        30M       3.2G

MemTotal:        4016004 kB
MemFree:          129252 kB
Active:           368320 kB
Mem:          3.8G       3.7G       126M       5.7M        30M       3.2G

MemTotal:        4016004 kB
MemFree:          129252 kB
Active:           368316 kB
Mem:          3.8G       3.7G       126M       5.7M        30M       3.2G

MemTotal:        4016004 kB
MemFree:          128880 kB
Active:           368372 kB
Mem:          3.8G       3.7G       125M       5.7M        30M       3.2G

MemTotal:        4016004 kB
MemFree:          129004 kB
Active:           368344 kB
Mem:          3.8G       3.7G       125M       5.7M        30M       3.2G

MemTotal:        4016004 kB
MemFree:          128756 kB
Active:           368320 kB
Mem:          3.8G       3.7G       125M       5.7M        30M       3.2G

MemTotal:        4016004 kB
MemFree:          128632 kB
Active:           368332 kB
Mem:          3.8G       3.7G       125M       5.7M        30M       3.2G

MemTotal:        4016004 kB
MemFree:          128756 kB
Active:           368360 kB
Mem:          3.8G       3.7G       125M       5.7M        30M       3.2G

MemTotal:        4016004 kB
MemFree:          128880 kB
Active:           368332 kB
Mem:          3.8G       3.7G       125M       5.7M        30M       3.2G

MemTotal:        4016004 kB
MemFree:          129500 kB
Active:           368376 kB
Mem:          3.8G       3.7G       126M       5.7M        30M       3.2G

MemTotal:        4016004 kB
MemFree:          129252 kB
Active:           368372 kB
Mem:          3.8G       3.7G       126M       5.7M        30M       3.2G

MemTotal:        4016004 kB
MemFree:          128880 kB
Active:           368384 kB
Mem:          3.8G       3.7G       126M       5.7M        30M       3.2G

MemTotal:        4016004 kB
MemFree:          129376 kB
Active:           368368 kB
Mem:          3.8G       3.7G       126M       5.7M        30M       3.2G

MemTotal:        4016004 kB
MemFree:          129376 kB
Active:           368336 kB
Mem:          3.8G       3.7G       126M       5.7M        30M       3.2G

MemTotal:        4016004 kB
MemFree:          129128 kB
Active:           368392 kB
Mem:          3.8G       3.7G       126M       5.7M        30M       3.2G

MemTotal:        4016004 kB
MemFree:          129376 kB
Active:           368380 kB
Mem:          3.8G       3.7G       126M       5.7M        30M       3.2G

MemTotal:        4016004 kB
MemFree:          129500 kB
Active:           368344 kB
Mem:          3.8G       3.7G       126M       5.7M        30M       3.2G

MemTotal:        4016004 kB
MemFree:          129252 kB
Active:           368396 kB
Mem:          3.8G       3.7G       126M       5.7M        30M       3.2G

MemTotal:        4016004 kB
MemFree:          129128 kB
Active:           368400 kB
Mem:          3.8G       3.7G       126M       5.7M        30M       3.2G

MemTotal:        4016004 kB
MemFree:          129500 kB
Active:           368364 kB
Mem:          3.8G       3.7G       126M       5.7M        30M       3.2G

MemTotal:        4016004 kB
MemFree:          129004 kB
Active:           368408 kB
Mem:          3.8G       3.7G       126M       5.7M        30M       3.2G

MemTotal:        4016004 kB
MemFree:          129252 kB
Active:           368392 kB
Mem:          3.8G       3.7G       126M       5.7M        30M       3.2G

MemTotal:        4016004 kB
MemFree:          129252 kB
Active:           368396 kB
Mem:          3.8G       3.7G       126M       5.7M        30M       3.2G

MemTotal:        4016004 kB
MemFree:          129624 kB
Active:           368388 kB
Mem:          3.8G       3.7G       126M       5.7M        30M       3.2G

MemTotal:        4016004 kB
MemFree:          129624 kB
Active:           368388 kB
Mem:          3.8G       3.7G       126M       5.7M        30M       3.2G

MemTotal:        4016004 kB
MemFree:          129624 kB
Active:           368368 kB
Mem:          3.8G       3.7G       126M       5.7M        30M       3.2G

MemTotal:        4016004 kB
MemFree:          129500 kB
Active:           368376 kB
Mem:          3.8G       3.7G       126M       5.7M        30M       3.2G

MemTotal:        4016004 kB
MemFree:          129748 kB
Active:           368396 kB
Mem:          3.8G       3.7G       126M       5.7M        30M       3.2G

MemTotal:        4016004 kB
MemFree:          129748 kB
Active:           368404 kB
Mem:          3.8G       3.7G       126M       5.7M        30M       3.2G

MemTotal:        4016004 kB
MemFree:          129500 kB
Active:           368388 kB
Mem:          3.8G       3.7G       126M       5.7M        30M       3.2G

MemTotal:        4016004 kB
MemFree:          129624 kB
Active:           368376 kB
Mem:          3.8G       3.7G       126M       5.7M        30M       3.2G

MemTotal:        4016004 kB
MemFree:          129500 kB
Active:           368412 kB
Mem:          3.8G       3.7G       126M       5.7M        30M       3.2G

MemTotal:        4016004 kB
MemFree:          129128 kB
Active:           368428 kB
Mem:          3.8G       3.7G       125M       5.7M        30M       3.2G

MemTotal:        4016004 kB
MemFree:          129128 kB
Active:           368416 kB
Mem:          3.8G       3.7G       126M       5.7M        30M       3.2G

MemTotal:        4016004 kB
MemFree:          129376 kB
Active:           368408 kB
Mem:          3.8G       3.7G       125M       5.7M        30M       3.2G

MemTotal:        4016004 kB
MemFree:          129128 kB
Active:           368432 kB
Mem:          3.8G       3.7G       126M       5.7M        30M       3.2G

MemTotal:        4016004 kB
MemFree:          129252 kB
Active:           368416 kB
Mem:          3.8G       3.7G       126M       5.7M        30M       3.2G

MemTotal:        4016004 kB
MemFree:          129252 kB
Active:           368416 kB
Mem:          3.8G       3.7G       126M       5.7M        30M       3.2G

MemTotal:        4016004 kB
MemFree:          129252 kB
Active:           368428 kB
Mem:          3.8G       3.7G       126M       5.7M        30M       3.2G

MemTotal:        4016004 kB
MemFree:          129128 kB
Active:           368424 kB
Mem:          3.8G       3.7G       126M       5.7M        30M       3.2G

MemTotal:        4016004 kB
MemFree:          129624 kB
Active:           368420 kB
Mem:          3.8G       3.7G       126M       5.7M        30M       3.2G

MemTotal:        4016004 kB
MemFree:          129624 kB
Active:           368396 kB
Mem:          3.8G       3.7G       126M       5.7M        30M       3.2G

MemTotal:        4016004 kB
MemFree:          129004 kB
Active:           368384 kB
Mem:          3.8G       3.7G       126M       5.7M        30M       3.2G

MemTotal:        4016004 kB
MemFree:          129624 kB
Active:           368432 kB
Mem:          3.8G       3.7G       126M       5.7M        30M       3.2G

MemTotal:        4016004 kB
MemFree:          129252 kB
Active:           368396 kB
Mem:          3.8G       3.7G       126M       5.7M        30M       3.2G

MemTotal:        4016004 kB
MemFree:          129128 kB
Active:           368388 kB
Mem:          3.8G       3.7G       125M       5.7M        30M       3.2G

MemTotal:        4016004 kB
MemFree:          128756 kB
Active:           368400 kB
Mem:          3.8G       3.7G       125M       5.7M        30M       3.2G

MemTotal:        4016004 kB
MemFree:          128880 kB
Active:           368452 kB
Mem:          3.8G       3.7G       125M       5.7M        30M       3.2G

MemTotal:        4016004 kB
MemFree:          128880 kB
Active:           368448 kB
Mem:          3.8G       3.7G       125M       5.7M        30M       3.2G

MemTotal:        4016004 kB
MemFree:          128632 kB
Active:           368408 kB
Mem:          3.8G       3.7G       125M       5.7M        30M       3.2G

MemTotal:        4016004 kB
MemFree:          128136 kB
Active:           368456 kB
Mem:          3.8G       3.7G       125M       5.7M        30M       3.2G

MemTotal:        4016004 kB
MemFree:          129004 kB
Active:           368452 kB
Mem:          3.8G       3.7G       125M       5.7M        30M       3.2G

MemTotal:        4016004 kB
MemFree:          128492 kB
Active:           368456 kB
Mem:          3.8G       3.7G       125M       5.7M        30M       3.2G

MemTotal:        4016004 kB
MemFree:          128864 kB
Active:           368444 kB
Mem:          3.8G       3.7G       125M       5.7M        30M       3.2G

MemTotal:        4016004 kB
MemFree:          129112 kB
Active:           368448 kB
Mem:          3.8G       3.7G       126M       5.7M        30M       3.2G

MemTotal:        4016004 kB
MemFree:          129484 kB
Active:           368440 kB
Mem:          3.8G       3.7G       126M       5.7M        30M       3.2G

MemTotal:        4016004 kB
MemFree:          128864 kB
Active:           368476 kB
Mem:          3.8G       3.7G       125M       5.7M        30M       3.2G

MemTotal:        4016004 kB
MemFree:          129112 kB
Active:           368436 kB
Mem:          3.8G       3.7G       125M       5.7M        30M       3.2G

MemTotal:        4016004 kB
MemFree:          129112 kB
Active:           368420 kB
Mem:          3.8G       3.7G       125M       5.7M        30M       3.2G

MemTotal:        4016004 kB
MemFree:          128740 kB
Active:           368444 kB
Mem:          3.8G       3.7G       125M       5.7M        30M       3.2G

MemTotal:        4016004 kB
MemFree:          128616 kB
Active:           368444 kB
Mem:          3.8G       3.7G       125M       5.7M        30M       3.2G

MemTotal:        4016004 kB
MemFree:          128492 kB
Active:           368440 kB
Mem:          3.8G       3.7G       125M       5.7M        30M       3.2G

MemTotal:        4016004 kB
MemFree:          128740 kB
Active:           368480 kB
Mem:          3.8G       3.7G       125M       5.7M        30M       3.2G

MemTotal:        4016004 kB
MemFree:          128740 kB
Active:           368480 kB
Mem:          3.8G       3.7G       125M       5.7M        30M       3.2G

MemTotal:        4016004 kB
MemFree:          128740 kB
Active:           368472 kB
Mem:          3.8G       3.7G       125M       5.7M        30M       3.2G

MemTotal:        4016004 kB
MemFree:          128492 kB
Active:           368484 kB
Mem:          3.8G       3.7G       125M       5.7M        30M       3.2G

MemTotal:        4016004 kB
MemFree:          128740 kB
Active:           368488 kB
Mem:          3.8G       3.7G       125M       5.7M        30M       3.2G

MemTotal:        4016004 kB
MemFree:          128740 kB
Active:           368488 kB
Mem:          3.8G       3.7G       125M       5.7M        30M       3.2G

MemTotal:        4016004 kB
MemFree:          128740 kB
Active:           368496 kB
Mem:          3.8G       3.7G       126M       5.7M        30M       3.2G

MemTotal:        4016004 kB
MemFree:          129112 kB
Active:           368460 kB
Mem:          3.8G       3.7G       126M       5.7M        30M       3.2G

MemTotal:        4016004 kB
MemFree:          129112 kB
Active:           368444 kB
Mem:          3.8G       3.7G       126M       5.7M        30M       3.2G

MemTotal:        4016004 kB
MemFree:          128864 kB
Active:           368500 kB
Mem:          3.8G       3.7G       125M       5.7M        30M       3.2G

MemTotal:        4016004 kB
MemFree:          129004 kB
Active:           368472 kB
Mem:          3.8G       3.7G       125M       5.7M        30M       3.2G

MemTotal:        4016004 kB
MemFree:          128508 kB
Active:           368508 kB
Mem:          3.8G       3.7G       125M       5.7M        30M       3.2G

MemTotal:        4016004 kB
MemFree:          129004 kB
Active:           368488 kB
