MemTotal:        4016008 kB
MemFree:         3297636 kB
Active:           376308 kB
Mem:          3.8G       701M       3.1G       1.8M        50M       272M

MemTotal:        4016008 kB
MemFree:         3291044 kB
Active:           380196 kB
Mem:          3.8G       707M       3.1G       1.8M        50M       274M

MemTotal:        4016008 kB
MemFree:         3291136 kB
Active:           380488 kB
Mem:          3.8G       707M       3.1G       1.8M        50M       275M

MemTotal:        4016008 kB
MemFree:         3291260 kB
Active:           380544 kB
Mem:          3.8G       707M       3.1G       1.8M        50M       275M

MemTotal:        4016008 kB
MemFree:         3289176 kB
Active:           382560 kB
Mem:          3.8G       709M       3.1G       1.8M        50M       275M

MemTotal:        4016008 kB
MemFree:         3272448 kB
Active:           382924 kB
Mem:          3.8G       726M       3.1G       9.7M        50M       285M

MemTotal:        4016008 kB
MemFree:         3272440 kB
Active:           383012 kB
Mem:          3.8G       726M       3.1G       9.9M        50M       285M

MemTotal:        4016008 kB
MemFree:         3271324 kB
Active:           383104 kB
Mem:          3.8G       727M       3.1G       9.9M        50M       285M

MemTotal:        4016008 kB
MemFree:         3271136 kB
Active:           381300 kB
Mem:          3.8G       727M       3.1G       9.9M        50M       285M

MemTotal:        4016008 kB
MemFree:         3271508 kB
Active:           383084 kB
Mem:          3.8G       726M       3.1G       9.9M        50M       285M

MemTotal:        4016008 kB
MemFree:         3271508 kB
Active:           383128 kB
Mem:          3.8G       726M       3.1G       9.9M        50M       285M

MemTotal:        4016008 kB
MemFree:         3272004 kB
Active:           383076 kB
Mem:          3.8G       726M       3.1G       9.9M        50M       285M

MemTotal:        4016008 kB
MemFree:         3272376 kB
Active:           383088 kB
Mem:          3.8G       726M       3.1G       9.9M        50M       285M

MemTotal:        4016008 kB
MemFree:         3272360 kB
Active:           383120 kB
Mem:          3.8G       726M       3.1G       9.9M        50M       285M

MemTotal:        4016008 kB
MemFree:         3271864 kB
Active:           383180 kB
Mem:          3.8G       726M       3.1G       9.9M        50M       285M

MemTotal:        4016008 kB
MemFree:         3271092 kB
Active:           383636 kB
Mem:          3.8G       727M       3.1G       9.9M        50M       285M

MemTotal:        4016008 kB
MemFree:         3271296 kB
Active:           383440 kB
Mem:          3.8G       727M       3.1G       9.9M        50M       285M

MemTotal:        4016008 kB
MemFree:         3271380 kB
Active:           383332 kB
Mem:          3.8G       727M       3.1G       9.9M        50M       286M

MemTotal:        4016008 kB
MemFree:         3269836 kB
Active:           384860 kB
Mem:          3.8G       728M       3.1G       9.9M        50M       286M

MemTotal:        4016008 kB
MemFree:         3265896 kB
Active:           388840 kB
Mem:          3.8G       732M       3.1G         9M        50M       286M

MemTotal:        4016008 kB
MemFree:         3236520 kB
Active:           405628 kB
Mem:          3.8G       761M       3.1G         9M        50M       298M

MemTotal:        4016008 kB
MemFree:         3223856 kB
Active:           405596 kB
Mem:          3.8G       773M       3.1G         9M        50M       311M

MemTotal:        4016008 kB
MemFree:         3213068 kB
Active:           405808 kB
Mem:          3.8G       784M       3.1G         9M        50M       321M

MemTotal:        4016008 kB
MemFree:         3207860 kB
Active:           405832 kB
Mem:          3.8G       789M       3.1G         9M        50M       327M

MemTotal:        4016008 kB
MemFree:         3204000 kB
Active:           408508 kB
Mem:          3.8G       793M       3.1G         9M        50M       328M

MemTotal:        4016008 kB
MemFree:         3175740 kB
Active:           436040 kB
Mem:          3.8G       820M       3.0G         9M        50M       328M

MemTotal:        4016008 kB
MemFree:         3220032 kB
Active:           433940 kB
Mem:          3.8G       777M       3.1G         9M        50M       328M

MemTotal:        4016008 kB
MemFree:         3219036 kB
Active:           433932 kB
Mem:          3.8G       778M       3.1G         9M        50M       328M

MemTotal:        4016008 kB
MemFree:         3209044 kB
Active:           442032 kB
Mem:          3.8G       788M       3.1G         9M        50M       328M

MemTotal:        4016008 kB
MemFree:         3218964 kB
Active:           434048 kB
Mem:          3.8G       778M       3.1G         9M        50M       328M

MemTotal:        4016008 kB
MemFree:         3218992 kB
Active:           434128 kB
Mem:          3.8G       778M       3.1G         9M        50M       328M

MemTotal:        4016008 kB
MemFree:         3218992 kB
Active:           434084 kB
Mem:          3.8G       778M       3.1G         9M        50M       328M

MemTotal:        4016008 kB
MemFree:         3218992 kB
Active:           434120 kB
Mem:          3.8G       778M       3.1G         9M        50M       328M

MemTotal:        4016008 kB
MemFree:         3218868 kB
Active:           434124 kB
Mem:          3.8G       778M       3.1G         9M        50M       328M

MemTotal:        4016008 kB
MemFree:         3219224 kB
Active:           434140 kB
Mem:          3.8G       778M       3.1G         9M        50M       328M

MemTotal:        4016008 kB
MemFree:         3226224 kB
Active:           427800 kB
Mem:          3.8G       771M       3.1G       9.9M        50M       328M

MemTotal:        4016008 kB
MemFree:         3226100 kB
Active:           428288 kB
Mem:          3.8G       771M       3.1G       9.9M        50M       328M

MemTotal:        4016008 kB
MemFree:         3226472 kB
Active:           428340 kB
Mem:          3.8G       771M       3.1G       9.9M        50M       328M

MemTotal:        4016008 kB
MemFree:         3226348 kB
Active:           428332 kB
Mem:          3.8G       771M       3.1G       9.9M        50M       328M

MemTotal:        4016008 kB
MemFree:         3213692 kB
Active:           437512 kB
Mem:          3.8G       783M       3.1G       9.9M        50M       331M

MemTotal:        4016008 kB
MemFree:         3208620 kB
Active:           440740 kB
Mem:          3.8G       788M       3.1G        10M        50M       334M

MemTotal:        4016008 kB
MemFree:         3202120 kB
Active:           446028 kB
Mem:          3.8G       795M       3.1G        10M        50M       334M

MemTotal:        4016008 kB
MemFree:         3201392 kB
Active:           446056 kB
Mem:          3.8G       795M       3.1G        10M        50M       335M

MemTotal:        4016008 kB
MemFree:         3217104 kB
Active:           432656 kB
Mem:          3.8G       779M       3.1G       9.9M        50M       334M

MemTotal:        4016008 kB
MemFree:         3214436 kB
Active:           433776 kB
Mem:          3.8G       783M       3.1G       9.9M        50M       337M

MemTotal:        4016008 kB
MemFree:         3209316 kB
Active:           435532 kB
Mem:          3.8G       788M       3.1G       9.9M        51M       339M

MemTotal:        4016008 kB
MemFree:         3208696 kB
Active:           435588 kB
Mem:          3.8G       788M       3.1G       9.9M        51M       339M

MemTotal:        4016008 kB
MemFree:         3208540 kB
Active:           435656 kB
Mem:          3.8G       788M       3.1G       9.9M        51M       339M

MemTotal:        4016008 kB
MemFree:         3207468 kB
Active:           433628 kB
Mem:          3.8G       789M       3.1G       9.9M        51M       339M

MemTotal:        4016008 kB
MemFree:         3208012 kB
Active:           435668 kB
Mem:          3.8G       789M       3.1G       9.9M        51M       339M

MemTotal:        4016008 kB
MemFree:         3208120 kB
Active:           435676 kB
Mem:          3.8G       789M       3.1G       9.9M        51M       339M

MemTotal:        4016008 kB
MemFree:         3208120 kB
Active:           435688 kB
MemTotal:        4016008 kB
MemFree:         3303364 kB
Active:           371648 kB
Mem:          3.8G       696M       3.1G       1.8M        50M       271M

MemTotal:        4016008 kB
MemFree:         3294804 kB
Active:           375892 kB
Mem:          3.8G       704M       3.1G       1.8M        50M       273M

MemTotal:        4016008 kB
MemFree:         3294672 kB
Active:           376404 kB
Mem:          3.8G       704M       3.1G       1.8M        50M       274M

MemTotal:        4016008 kB
MemFree:         3270116 kB
Active:           386596 kB
Mem:          3.8G       728M       3.1G       9.7M        50M       282M

MemTotal:        4016008 kB
MemFree:         3269636 kB
Active:           387120 kB
Mem:          3.8G       728M       3.1G       9.9M        50M       282M

MemTotal:        4016008 kB
MemFree:         3269132 kB
Active:           387164 kB
Mem:          3.8G       729M       3.1G       9.9M        50M       282M

MemTotal:        4016008 kB
MemFree:         3269132 kB
Active:           387152 kB
Mem:          3.8G       729M       3.1G       9.9M        50M       282M

MemTotal:        4016008 kB
MemFree:         3269380 kB
Active:           387172 kB
Mem:          3.8G       729M       3.1G       9.9M        50M       282M

MemTotal:        4016008 kB
MemFree:         3269256 kB
Active:           387200 kB
Mem:          3.8G       729M       3.1G       9.9M        50M       282M

MemTotal:        4016008 kB
MemFree:         3269304 kB
Active:           387204 kB
Mem:          3.8G       729M       3.1G       9.9M        50M       282M

MemTotal:        4016008 kB
MemFree:         3269320 kB
Active:           387216 kB
Mem:          3.8G       729M       3.1G       9.9M        50M       282M

MemTotal:        4016008 kB
MemFree:         3269320 kB
Active:           387188 kB
Mem:          3.8G       729M       3.1G       9.9M        50M       282M

MemTotal:        4016008 kB
MemFree:         3269180 kB
Active:           387236 kB
Mem:          3.8G       729M       3.1G       9.9M        50M       282M

MemTotal:        4016008 kB
MemFree:         3268560 kB
Active:           387248 kB
Mem:          3.8G       729M       3.1G       9.9M        50M       282M

MemTotal:        4016008 kB
MemFree:         3269180 kB
Active:           387276 kB
Mem:          3.8G       729M       3.1G       9.9M        50M       282M

MemTotal:        4016008 kB
MemFree:         3268932 kB
Active:           387276 kB
Mem:          3.8G       729M       3.1G       9.9M        50M       282M

MemTotal:        4016008 kB
MemFree:         3268740 kB
Active:           385436 kB
Mem:          3.8G       729M       3.1G       9.9M        50M       282M

MemTotal:        4016008 kB
MemFree:         3268868 kB
Active:           387272 kB
Mem:          3.8G       729M       3.1G       9.9M        50M       282M

MemTotal:        4016008 kB
MemFree:         3270940 kB
Active:           385444 kB
Mem:          3.8G       727M       3.1G       9.9M        50M       282M

MemTotal:        4016008 kB
MemFree:         3275780 kB
Active:           379164 kB
Mem:          3.8G       722M       3.1G       9.9M        50M       285M

MemTotal:        4016008 kB
MemFree:         3276180 kB
Active:           379188 kB
Mem:          3.8G       722M       3.1G       9.9M        50M       284M

MemTotal:        4016008 kB
MemFree:         3276436 kB
Active:           378960 kB
Mem:          3.8G       722M       3.1G       9.9M        50M       284M

MemTotal:        4016008 kB
MemFree:         3275924 kB
Active:           378964 kB
Mem:          3.8G       722M       3.1G       9.9M        50M       284M

MemTotal:        4016008 kB
MemFree:         3276312 kB
Active:           378924 kB
Mem:          3.8G       722M       3.1G       9.9M        50M       284M

MemTotal:        4016008 kB
MemFree:         3276560 kB
Active:           378944 kB
Mem:          3.8G       722M       3.1G       9.9M        50M       284M

MemTotal:        4016008 kB
MemFree:         3276792 kB
Active:           378964 kB
Mem:          3.8G       722M       3.1G       9.9M        50M       284M

MemTotal:        4016008 kB
MemFree:         3275924 kB
Active:           378980 kB
Mem:          3.8G       722M       3.1G       9.9M        50M       284M

MemTotal:        4016008 kB
MemFree:         3276404 kB
Active:           378944 kB
Mem:          3.8G       722M       3.1G       9.9M        50M       284M

MemTotal:        4016008 kB
MemFree:         3276164 kB
Active:           378972 kB
Mem:          3.8G       722M       3.1G       9.9M        50M       285M

MemTotal:        4016008 kB
MemFree:         3276040 kB
Active:           378956 kB
Mem:          3.8G       722M       3.1G       9.9M        50M       285M

MemTotal:        4016008 kB
MemFree:         3276412 kB
Active:           378848 kB
Mem:          3.8G       722M       3.1G       9.9M        50M       285M

MemTotal:        4016008 kB
MemFree:         3276644 kB
Active:           378852 kB
Mem:          3.8G       722M       3.1G       9.9M        50M       285M

MemTotal:        4016008 kB
MemFree:         3274084 kB
Active:           380908 kB
Mem:          3.8G       724M       3.1G       9.9M        50M       285M

MemTotal:        4016008 kB
MemFree:         3272176 kB
Active:           382076 kB
Mem:          3.8G       726M       3.1G       9.9M        50M       285M

MemTotal:        4016008 kB
MemFree:         3243696 kB
Active:           399056 kB
Mem:          3.8G       754M       3.1G       9.9M        50M       297M

MemTotal:        4016008 kB
MemFree:         3230024 kB
Active:           399060 kB
Mem:          3.8G       767M       3.1G       9.9M        50M       310M

MemTotal:        4016008 kB
MemFree:         3217312 kB
Active:           401088 kB
Mem:          3.8G       779M       3.1G       9.9M        50M       321M

MemTotal:        4016008 kB
MemFree:         3210740 kB
Active:           401304 kB
Mem:          3.8G       786M       3.1G       9.9M        50M       326M

MemTotal:        4016008 kB
MemFree:         3207888 kB
Active:           403932 kB
Mem:          3.8G       789M       3.1G       9.9M        50M       327M

MemTotal:        4016008 kB
MemFree:         3179676 kB
Active:           431308 kB
Mem:          3.8G       816M       3.0G       9.9M        50M       327M

MemTotal:        4016008 kB
MemFree:         3225372 kB
Active:           429576 kB
Mem:          3.8G       772M       3.1G       9.9M        50M       327M

MemTotal:        4016008 kB
MemFree:         3223880 kB
Active:           429576 kB
Mem:          3.8G       773M       3.1G       9.9M        50M       327M

MemTotal:        4016008 kB
MemFree:         3216516 kB
Active:           437640 kB
Mem:          3.8G       781M       3.1G       9.9M        50M       327M

MemTotal:        4016008 kB
MemFree:         3224220 kB
Active:           429656 kB
Mem:          3.8G       773M       3.1G       9.9M        50M       327M

MemTotal:        4016008 kB
MemFree:         3223848 kB
Active:           429656 kB
Mem:          3.8G       773M       3.1G       9.9M        50M       327M

MemTotal:        4016008 kB
MemFree:         3224096 kB
Active:           429676 kB
Mem:          3.8G       773M       3.1G       9.9M        50M       327M

MemTotal:        4016008 kB
MemFree:         3223584 kB
Active:           429696 kB
Mem:          3.8G       773M       3.1G       9.9M        50M       327M

MemTotal:        4016008 kB
MemFree:         3223956 kB
Active:           429684 kB
Mem:          3.8G       773M       3.1G       9.9M        50M       327M

MemTotal:        4016008 kB
MemFree:         3223956 kB
Active:           429704 kB
Mem:          3.8G       773M       3.1G       9.9M        50M       327M

MemTotal:        4016008 kB
MemFree:         3223848 kB
Active:           429704 kB
Mem:          3.8G       773M       3.1G       9.9M        50M       327M

MemTotal:        4016008 kB
MemFree:         3223972 kB
Active:           429676 kB
Mem:          3.8G       773M       3.1G       9.9M        50M       327M

MemTotal:        4016008 kB
MemFree:         3223972 kB
Active:           429716 kB
Mem:          3.8G       773M       3.1G       9.9M        50M       327M

MemTotal:        4016008 kB
MemFree:         3224096 kB
Active:           429704 kB
Mem:          3.8G       773M       3.1G       9.9M        50M       327M

MemTotal:        4016008 kB
MemFree:         3223972 kB
Active:           429732 kB
Mem:          3.8G       773M       3.1G       9.9M        50M       327M

MemTotal:        4016008 kB
MemFree:         3224096 kB
Active:           429704 kB
Mem:          3.8G       773M       3.1G       9.9M        50M       327M

MemTotal:        4016008 kB
MemFree:         3223608 kB
Active:           429740 kB
Mem:          3.8G       773M       3.1G       9.9M        50M       327M

MemTotal:        4016008 kB
MemFree:         3223608 kB
Active:           429744 kB
Mem:          3.8G       773M       3.1G       9.9M        50M       327M

MemTotal:        4016008 kB
MemFree:         3223996 kB
Active:           429712 kB
Mem:          3.8G       773M       3.1G       9.9M        50M       327M

MemTotal:        4016008 kB
MemFree:         3223748 kB
Active:           429736 kB
Mem:          3.8G       773M       3.1G       9.9M        50M       327M

MemTotal:        4016008 kB
MemFree:         3223500 kB
Active:           429716 kB
Mem:          3.8G       773M       3.1G       9.9M        50M       328M

MemTotal:        4016008 kB
MemFree:         3223376 kB
Active:           429752 kB
Mem:          3.8G       773M       3.1G       9.9M        50M       328M

MemTotal:        4016008 kB
MemFree:         3224228 kB
Active:           429752 kB
Mem:          3.8G       773M       3.1G       9.9M        50M       328M

MemTotal:        4016008 kB
MemFree:         3224212 kB
Active:           429708 kB
Mem:          3.8G       773M       3.1G       9.9M        50M       328M

MemTotal:        4016008 kB
MemFree:         3223964 kB
Active:           429744 kB
Mem:          3.8G       773M       3.1G       9.9M        50M       328M

MemTotal:        4016008 kB
MemFree:         3223948 kB
Active:           429704 kB
Mem:          3.8G       773M       3.1G       9.9M        50M       327M

MemTotal:        4016008 kB
MemFree:         3223948 kB
Active:           429720 kB
Mem:          3.8G       773M       3.1G       9.9M        50M       328M

MemTotal:        4016008 kB
MemFree:         3224064 kB
Active:           429736 kB
Mem:          3.8G       773M       3.1G       9.9M        50M       328M

MemTotal:        4016008 kB
MemFree:         3224172 kB
Active:           429736 kB
Mem:          3.8G       773M       3.1G       9.9M        50M       328M

MemTotal:        4016008 kB
MemFree:         3224048 kB
Active:           429764 kB
Mem:          3.8G       773M       3.1G       9.9M        50M       328M

MemTotal:        4016008 kB
MemFree:         3223924 kB
Active:           429712 kB
Mem:          3.8G       773M       3.1G       9.9M        50M       328M

MemTotal:        4016008 kB
MemFree:         3224048 kB
Active:           429752 kB
Mem:          3.8G       773M       3.1G       9.9M        50M       328M

MemTotal:        4016008 kB
MemFree:         3224048 kB
Active:           429720 kB
Mem:          3.8G       773M       3.1G       9.9M        50M       328M

MemTotal:        4016008 kB
MemFree:         3223800 kB
Active:           429748 kB
Mem:          3.8G       773M       3.1G       9.9M        50M       328M

MemTotal:        4016008 kB
MemFree:         3223428 kB
Active:           429776 kB
Mem:          3.8G       773M       3.1G       9.9M        50M       328M

MemTotal:        4016008 kB
MemFree:         3223800 kB
Active:           429760 kB
Mem:          3.8G       773M       3.1G       9.9M        50M       328M

MemTotal:        4016008 kB
MemFree:         3223552 kB
Active:           429776 kB
Mem:          3.8G       773M       3.1G       9.9M        50M       328M

MemTotal:        4016008 kB
MemFree:         3223924 kB
Active:           429732 kB
Mem:          3.8G       773M       3.1G       9.9M        50M       328M

MemTotal:        4016008 kB
MemFree:         3223908 kB
Active:           429728 kB
Mem:          3.8G       773M       3.1G       9.9M        50M       328M

MemTotal:        4016008 kB
MemFree:         3224528 kB
Active:           429744 kB
Mem:          3.8G       773M       3.1G       9.9M        50M       328M

MemTotal:        4016008 kB
MemFree:         3224280 kB
Active:           429784 kB
Mem:          3.8G       773M       3.1G       9.9M        50M       328M

MemTotal:        4016008 kB
MemFree:         3224652 kB
Active:           429768 kB
Mem:          3.8G       772M       3.1G       9.9M        50M       328M

MemTotal:        4016008 kB
MemFree:         3224404 kB
Active:           429776 kB
Mem:          3.8G       773M       3.1G       9.9M        50M       328M

MemTotal:        4016008 kB
MemFree:         3224156 kB
Active:           429784 kB
Mem:          3.8G       773M       3.1G       9.9M        50M       328M

MemTotal:        4016008 kB
MemFree:         3224636 kB
Active:           429740 kB
Mem:          3.8G       772M       3.1G       9.9M        50M       328M

MemTotal:        4016008 kB
MemFree:         3224512 kB
Active:           429776 kB
Mem:          3.8G       773M       3.1G       9.9M        50M       328M

MemTotal:        4016008 kB
MemFree:         3224388 kB
Active:           429740 kB
Mem:          3.8G       773M       3.1G       9.9M        50M       328M

MemTotal:        4016008 kB
MemFree:         3224388 kB
Active:           429764 kB
Mem:          3.8G       773M       3.1G       9.9M        50M       328M

MemTotal:        4016008 kB
MemFree:         3223908 kB
Active:           429744 kB
Mem:          3.8G       773M       3.1G       9.9M        50M       328M

MemTotal:        4016008 kB
MemFree:         3223908 kB
Active:           430000 kB
Mem:          3.8G       773M       3.1G       9.9M        50M       328M

MemTotal:        4016008 kB
MemFree:         3224280 kB
Active:           429964 kB
Mem:          3.8G       773M       3.1G       9.9M        50M       328M

MemTotal:        4016008 kB
MemFree:         3223064 kB
Active:           430876 kB
Mem:          3.8G       774M       3.1G       9.9M        51M       328M

MemTotal:        4016008 kB
MemFree:         3222248 kB
Active:           431172 kB
Mem:          3.8G       774M       3.1G       9.9M        51M       328M

MemTotal:        4016008 kB
MemFree:         3220740 kB
Active:           432104 kB
Mem:          3.8G       776M       3.1G       9.9M        51M       328M

MemTotal:        4016008 kB
MemFree:         3221112 kB
Active:           432140 kB
Mem:          3.8G       776M       3.1G       9.9M        51M       328M

MemTotal:        4016008 kB
MemFree:         3220988 kB
Active:           432180 kB
Mem:          3.8G       776M       3.1G       9.9M        51M       328M

MemTotal:        4016008 kB
MemFree:         3219064 kB
Active:           432160 kB
Mem:          3.8G       778M       3.1G       9.9M        51M       328M

MemTotal:        4016008 kB
MemFree:         3218940 kB
Active:           434196 kB
Mem:          3.8G       778M       3.1G       9.9M        51M       328M

MemTotal:        4016008 kB
MemFree:         3218692 kB
Active:           434220 kB
Mem:          3.8G       778M       3.1G       9.9M        51M       328M

MemTotal:        4016008 kB
MemFree:         3219064 kB
Active:           434204 kB
Mem:          3.8G       778M       3.1G       9.9M        51M       328M

MemTotal:        4016008 kB
MemFree:         3218940 kB
Active:           434208 kB
Mem:          3.8G       778M       3.1G       9.9M        51M       328M

MemTotal:        4016008 kB
MemFree:         3219064 kB
Active:           434204 kB
Mem:          3.8G       778M       3.1G       9.9M        51M       328M

MemTotal:        4016008 kB
MemFree:         3219064 kB
Active:           434208 kB
Mem:          3.8G       778M       3.1G       9.9M        51M       328M

MemTotal:        4016008 kB
MemFree:         3218568 kB
Active:           434228 kB
Mem:          3.8G       778M       3.1G       9.9M        51M       328M

MemTotal:        4016008 kB
MemFree:         3218940 kB
Active:           434208 kB
Mem:          3.8G       778M       3.1G       9.9M        51M       328M

MemTotal:        4016008 kB
MemFree:         3218816 kB
Active:           434232 kB
Mem:          3.8G       778M       3.1G       9.9M        51M       328M

MemTotal:        4016008 kB
MemFree:         3218132 kB
Active:           432200 kB
Mem:          3.8G       779M       3.1G       9.9M        51M       328M

MemTotal:        4016008 kB
MemFree:         3219000 kB
Active:           434220 kB
Mem:          3.8G       778M       3.1G       9.9M        51M       328M

MemTotal:        4016008 kB
MemFree:         3218660 kB
Active:           434248 kB
Mem:          3.8G       778M       3.1G       9.9M        51M       328M

MemTotal:        4016008 kB
MemFree:         3218660 kB
Active:           434248 kB
Mem:          3.8G       778M       3.1G       9.9M        51M       328M

MemTotal:        4016008 kB
MemFree:         3219156 kB
Active:           434232 kB
Mem:          3.8G       778M       3.1G       9.9M        51M       328M

MemTotal:        4016008 kB
MemFree:         3218908 kB
Active:           434232 kB
Mem:          3.8G       778M       3.1G       9.9M        51M       328M

MemTotal:        4016008 kB
MemFree:         3218908 kB
Active:           434244 kB
Mem:          3.8G       778M       3.1G       9.9M        51M       328M

MemTotal:        4016008 kB
MemFree:         3218784 kB
Active:           434196 kB
Mem:          3.8G       778M       3.1G       9.9M        51M       328M

MemTotal:        4016008 kB
MemFree:         3218536 kB
Active:           434216 kB
Mem:          3.8G       778M       3.1G       9.9M        51M       328M

MemTotal:        4016008 kB
MemFree:         3218412 kB
Active:           434220 kB
Mem:          3.8G       778M       3.1G       9.9M        51M       328M

MemTotal:        4016008 kB
MemFree:         3218784 kB
Active:           434220 kB
Mem:          3.8G       778M       3.1G       9.9M        51M       328M

MemTotal:        4016008 kB
MemFree:         3218536 kB
Active:           434244 kB
Mem:          3.8G       778M       3.1G       9.9M        51M       328M

MemTotal:        4016008 kB
MemFree:         3218536 kB
Active:           434268 kB
Mem:          3.8G       778M       3.1G       9.9M        51M       328M

MemTotal:        4016008 kB
MemFree:         3218148 kB
Active:           434272 kB
Mem:          3.8G       778M       3.1G       9.9M        51M       328M

MemTotal:        4016008 kB
MemFree:         3218628 kB
Active:           434260 kB
Mem:          3.8G       778M       3.1G       9.9M        51M       328M

MemTotal:        4016008 kB
MemFree:         3218504 kB
Active:           434272 kB
Mem:          3.8G       778M       3.1G       9.9M        51M       328M

MemTotal:        4016008 kB
MemFree:         3218752 kB
Active:           434268 kB
Mem:          3.8G       778M       3.1G       9.9M        51M       328M

MemTotal:        4016008 kB
MemFree:         3218504 kB
Active:           434228 kB
Mem:          3.8G       778M       3.1G       9.9M        51M       328M

MemTotal:        4016008 kB
MemFree:         3218876 kB
Active:           434264 kB
Mem:          3.8G       778M       3.1G       9.9M        51M       328M

MemTotal:        4016008 kB
MemFree:         3218364 kB
Active:           434256 kB
Mem:          3.8G       778M       3.1G       9.9M        51M       328M

MemTotal:        4016008 kB
MemFree:         3218488 kB
Active:           434252 kB
Mem:          3.8G       778M       3.1G       9.9M        51M       328M

MemTotal:        4016008 kB
MemFree:         3218488 kB
Active:           434252 kB
Mem:          3.8G       778M       3.1G       9.9M        51M       328M

MemTotal:        4016008 kB
MemFree:         3218860 kB
Active:           434236 kB
Mem:          3.8G       778M       3.1G       9.9M        51M       328M

MemTotal:        4016008 kB
MemFree:         3218596 kB
Active:           434292 kB
Mem:          3.8G       778M       3.1G       9.9M        51M       328M

MemTotal:        4016008 kB
MemFree:         3218644 kB
Active:           434276 kB
Mem:          3.8G       778M       3.1G       9.9M        51M       328M

MemTotal:        4016008 kB
MemFree:         3218768 kB
Active:           434280 kB
Mem:          3.8G       778M       3.1G       9.9M        51M       328M

MemTotal:        4016008 kB
MemFree:         3218520 kB
Active:           434268 kB
Mem:          3.8G       778M       3.1G       9.9M        51M       328M

MemTotal:        4016008 kB
MemFree:         3218892 kB
Active:           434284 kB
Mem:          3.8G       778M       3.1G       9.9M        51M       328M

MemTotal:        4016008 kB
MemFree:         3218272 kB
Active:           434300 kB
Mem:          3.8G       778M       3.1G       9.9M        51M       328M

MemTotal:        4016008 kB
MemFree:         3218768 kB
Active:           434260 kB
Mem:          3.8G       778M       3.1G       9.9M        51M       328M

MemTotal:        4016008 kB
MemFree:         3218520 kB
Active:           434304 kB
Mem:          3.8G       778M       3.1G       9.9M        51M       328M

MemTotal:        4016008 kB
MemFree:         3218644 kB
Active:           434304 kB
Mem:          3.8G       778M       3.1G       9.9M        51M       328M

MemTotal:        4016008 kB
MemFree:         3218520 kB
Active:           434280 kB
Mem:          3.8G       778M       3.1G       9.9M        51M       328M

MemTotal:        4016008 kB
MemFree:         3218644 kB
Active:           434316 kB
Mem:          3.8G       778M       3.1G       9.9M        51M       328M

MemTotal:        4016008 kB
MemFree:         3218768 kB
Active:           434300 kB
Mem:          3.8G       778M       3.1G       9.9M        51M       328M

MemTotal:        4016008 kB
MemFree:         3218520 kB
Active:           434292 kB
Mem:          3.8G       778M       3.1G       9.9M        51M       328M

MemTotal:        4016008 kB
MemFree:         3218644 kB
Active:           434332 kB
Mem:          3.8G       778M       3.1G       9.9M        51M       328M

MemTotal:        4016008 kB
MemFree:         3218768 kB
Active:           434288 kB
Mem:          3.8G       778M       3.1G       9.9M        51M       328M

MemTotal:        4016008 kB
MemFree:         3218396 kB
Active:           434332 kB
Mem:          3.8G       778M       3.1G       9.9M        51M       328M

MemTotal:        4016008 kB
MemFree:         3216596 kB
Active:           434280 kB
Mem:          3.8G       780M       3.1G       9.9M        51M       328M

MemTotal:        4016008 kB
MemFree:         3216596 kB
Active:           436344 kB
Mem:          3.8G       780M       3.1G       9.9M        51M       328M

MemTotal:        4016008 kB
MemFree:         3216844 kB
Active:           436320 kB
Mem:          3.8G       780M       3.1G       9.9M        51M       328M

MemTotal:        4016008 kB
MemFree:         3216844 kB
Active:           436336 kB
Mem:          3.8G       780M       3.1G       9.9M        51M       328M

MemTotal:        4016008 kB
MemFree:         3217092 kB
Active:           436332 kB
Mem:          3.8G       780M       3.1G       9.9M        51M       328M

MemTotal:        4016008 kB
MemFree:         3217092 kB
Active:           436340 kB
Mem:          3.8G       780M       3.1G       9.9M        51M       328M

MemTotal:        4016008 kB
MemFree:         3217216 kB
Active:           436364 kB
Mem:          3.8G       780M       3.1G       9.9M        51M       328M

MemTotal:        4016008 kB
MemFree:         3217216 kB
Active:           436364 kB
Mem:          3.8G       780M       3.1G       9.9M        51M       328M

MemTotal:        4016008 kB
MemFree:         3216720 kB
Active:           436364 kB
Mem:          3.8G       780M       3.1G       9.9M        51M       328M

MemTotal:        4016008 kB
MemFree:         3216348 kB
Active:           436388 kB
Mem:          3.8G       780M       3.1G       9.9M        51M       328M

MemTotal:        4016008 kB
MemFree:         3216968 kB
Active:           436360 kB
Mem:          3.8G       780M       3.1G       9.9M        51M       328M

MemTotal:        4016008 kB
MemFree:         3216720 kB
Active:           436364 kB
Mem:          3.8G       780M       3.1G       9.9M        51M       328M

MemTotal:        4016008 kB
MemFree:         3216596 kB
Active:           436376 kB
Mem:          3.8G       780M       3.1G       9.9M        51M       328M

MemTotal:        4016008 kB
MemFree:         3216968 kB
Active:           436368 kB
Mem:          3.8G       780M       3.1G       9.9M        51M       328M

MemTotal:        4016008 kB
MemFree:         3216968 kB
Active:           436368 kB
Mem:          3.8G       780M       3.1G       9.9M        51M       328M

MemTotal:        4016008 kB
MemFree:         3216580 kB
Active:           436400 kB
Mem:          3.8G       780M       3.1G       9.9M        51M       328M

MemTotal:        4016008 kB
MemFree:         3216596 kB
Active:           436388 kB
Mem:          3.8G       780M       3.1G       9.9M        51M       328M

MemTotal:        4016008 kB
MemFree:         3216720 kB
Active:           436380 kB
Mem:          3.8G       780M       3.1G       9.9M        51M       328M

MemTotal:        4016008 kB
MemFree:         3216720 kB
Active:           436356 kB
Mem:          3.8G       780M       3.1G       9.9M        51M       328M

MemTotal:        4016008 kB
MemFree:         3216348 kB
Active:           436400 kB
Mem:          3.8G       780M       3.1G       9.9M        51M       328M

MemTotal:        4016008 kB
MemFree:         3213988 kB
Active:           436388 kB
Mem:          3.8G       782M       3.1G       9.9M        51M       328M

MemTotal:        4016008 kB
MemFree:         3214360 kB
Active:           438412 kB
Mem:          3.8G       782M       3.1G       9.9M        51M       328M

MemTotal:        4016008 kB
MemFree:         3214236 kB
Active:           438408 kB
Mem:          3.8G       783M       3.1G       9.9M        51M       328M

MemTotal:        4016008 kB
MemFree:         3213864 kB
Active:           438444 kB
Mem:          3.8G       783M       3.1G       9.9M        51M       328M

MemTotal:        4016008 kB
MemFree:         3214236 kB
Active:           438388 kB
Mem:          3.8G       783M       3.1G       9.9M        51M       328M

MemTotal:        4016008 kB
MemFree:         3213864 kB
Active:           438448 kB
Mem:          3.8G       783M       3.1G       9.9M        51M       328M

MemTotal:        4016008 kB
MemFree:         3213864 kB
Active:           438428 kB
Mem:          3.8G       783M       3.1G       9.9M        51M       328M

MemTotal:        4016008 kB
MemFree:         3214112 kB
Active:           438436 kB
Mem:          3.8G       783M       3.1G       9.9M        51M       328M

MemTotal:        4016008 kB
MemFree:         3214112 kB
Active:           438448 kB
Mem:          3.8G       783M       3.1G       9.9M        51M       328M

MemTotal:        4016008 kB
MemFree:         3214112 kB
Active:           438416 kB
Mem:          3.8G       782M       3.1G       9.9M        51M       328M

MemTotal:        4016008 kB
MemFree:         3213864 kB
Active:           438456 kB
Mem:          3.8G       782M       3.1G       9.9M        51M       328M

MemTotal:        4016008 kB
MemFree:         3214608 kB
Active:           438436 kB
Mem:          3.8G       782M       3.1G       9.9M        51M       328M

MemTotal:        4016008 kB
MemFree:         3214608 kB
Active:           438452 kB
Mem:          3.8G       782M       3.1G       9.9M        51M       328M

MemTotal:        4016008 kB
MemFree:         3214484 kB
Active:           438424 kB
Mem:          3.8G       782M       3.1G       9.9M        51M       328M

MemTotal:        4016008 kB
MemFree:         3214484 kB
Active:           438436 kB
Mem:          3.8G       782M       3.1G       9.9M        51M       328M

MemTotal:        4016008 kB
MemFree:         3214732 kB
Active:           438444 kB
Mem:          3.8G       782M       3.1G       9.9M        51M       328M

MemTotal:        4016008 kB
MemFree:         3215104 kB
Active:           438436 kB
Mem:          3.8G       782M       3.1G       9.9M        51M       328M

MemTotal:        4016008 kB
MemFree:         3215104 kB
Active:           438456 kB
Mem:          3.8G       782M       3.1G       9.9M        51M       328M

MemTotal:        4016008 kB
MemFree:         3215184 kB
Active:           438432 kB
Mem:          3.8G       782M       3.1G       9.9M        51M       328M

MemTotal:        4016008 kB
MemFree:         3215060 kB
Active:           438464 kB
Mem:          3.8G       782M       3.1G       9.9M        51M       328M

MemTotal:        4016008 kB
MemFree:         3213012 kB
Active:           438412 kB
Mem:          3.8G       784M       3.1G       9.9M        51M       328M

MemTotal:        4016008 kB
MemFree:         3213012 kB
Active:           440492 kB
Mem:          3.8G       784M       3.1G       9.9M        51M       328M

MemTotal:        4016008 kB
MemFree:         3213136 kB
Active:           440500 kB
Mem:          3.8G       784M       3.1G       9.9M        51M       328M

MemTotal:        4016008 kB
MemFree:         3213136 kB
Active:           440476 kB
Mem:          3.8G       784M       3.1G       9.9M        51M       328M

MemTotal:        4016008 kB
MemFree:         3213136 kB
Active:           440492 kB
Mem:          3.8G       784M       3.1G       9.9M        51M       328M

MemTotal:        4016008 kB
MemFree:         3213136 kB
Active:           440488 kB
Mem:          3.8G       783M       3.1G       9.9M        51M       328M

MemTotal:        4016008 kB
MemFree:         3213260 kB
Active:           440496 kB
Mem:          3.8G       783M       3.1G       9.9M        51M       328M

MemTotal:        4016008 kB
MemFree:         3213260 kB
Active:           440460 kB
Mem:          3.8G       784M       3.1G       9.9M        51M       328M

MemTotal:        4016008 kB
MemFree:         3213136 kB
Active:           440500 kB
Mem:          3.8G       784M       3.1G       9.9M        51M       328M

MemTotal:        4016008 kB
MemFree:         3213136 kB
Active:           440464 kB
Mem:          3.8G       784M       3.1G       9.9M        51M       328M

MemTotal:        4016008 kB
MemFree:         3212624 kB
Active:           440524 kB
Mem:          3.8G       784M       3.1G       9.9M        51M       328M

MemTotal:        4016008 kB
MemFree:         3212980 kB
Active:           440468 kB
Mem:          3.8G       784M       3.1G       9.9M        51M       328M

MemTotal:        4016008 kB
MemFree:         3213104 kB
Active:           440472 kB
Mem:          3.8G       784M       3.1G       9.9M        51M       328M

MemTotal:        4016008 kB
MemFree:         3212732 kB
Active:           440524 kB
Mem:          3.8G       784M       3.1G       9.9M        51M       328M

MemTotal:        4016008 kB
MemFree:         3212964 kB
Active:           440516 kB
Mem:          3.8G       784M       3.1G       9.9M        51M       328M

MemTotal:        4016008 kB
MemFree:         3213072 kB
Active:           440528 kB
Mem:          3.8G       784M       3.1G       9.9M        51M       328M

MemTotal:        4016008 kB
MemFree:         3213072 kB
Active:           440512 kB
Mem:          3.8G       784M       3.1G       9.9M        51M       328M

MemTotal:        4016008 kB
MemFree:         3212948 kB
Active:           440528 kB
Mem:          3.8G       784M       3.1G       9.9M        51M       328M

MemTotal:        4016008 kB
MemFree:         3213072 kB
Active:           440488 kB
Mem:          3.8G       784M       3.1G       9.9M        51M       328M

MemTotal:        4016008 kB
MemFree:         3213072 kB
Active:           440488 kB
Mem:          3.8G       784M       3.1G       9.9M        51M       328M

MemTotal:        4016008 kB
MemFree:         3213180 kB
Active:           440492 kB
Mem:          3.8G       784M       3.1G       9.9M        51M       328M

MemTotal:        4016008 kB
MemFree:         3212560 kB
Active:           440548 kB
Mem:          3.8G       784M       3.1G       9.9M        51M       328M

MemTotal:        4016008 kB
MemFree:         3212436 kB
Active:           440552 kB
Mem:          3.8G       784M       3.1G       9.9M        51M       328M

MemTotal:        4016008 kB
MemFree:         3212932 kB
Active:           440544 kB
Mem:          3.8G       784M       3.1G       9.9M        51M       328M

MemTotal:        4016008 kB
MemFree:         3212560 kB
Active:           440504 kB
Mem:          3.8G       784M       3.1G       9.9M        51M       328M

MemTotal:        4016008 kB
MemFree:         3212684 kB
Active:           440564 kB
Mem:          3.8G       784M       3.1G       9.9M        51M       328M

MemTotal:        4016008 kB
MemFree:         3212932 kB
Active:           440568 kB
Mem:          3.8G       784M       3.1G       9.9M        51M       328M

MemTotal:        4016008 kB
MemFree:         3211940 kB
Active:           440576 kB
Mem:          3.8G       785M       3.1G       9.9M        51M       328M

MemTotal:        4016008 kB
MemFree:         3212064 kB
Active:           440576 kB
Mem:          3.8G       784M       3.1G       9.9M        51M       328M

MemTotal:        4016008 kB
MemFree:         3212436 kB
Active:           440540 kB
Mem:          3.8G       784M       3.1G       9.9M        51M       328M

MemTotal:        4016008 kB
MemFree:         3212064 kB
Active:           440556 kB
Mem:          3.8G       785M       3.1G       9.9M        51M       328M

MemTotal:        4016008 kB
MemFree:         3212188 kB
Active:           440536 kB
Mem:          3.8G       784M       3.1G       9.9M        51M       328M

MemTotal:        4016008 kB
MemFree:         3212668 kB
Active:           440560 kB
Mem:          3.8G       784M       3.1G       9.9M        51M       328M

MemTotal:        4016008 kB
MemFree:         3212172 kB
Active:           440552 kB
Mem:          3.8G       784M       3.1G       9.9M        51M       328M

MemTotal:        4016008 kB
MemFree:         3212296 kB
Active:           440536 kB
Mem:          3.8G       784M       3.1G       9.9M        51M       328M

MemTotal:        4016008 kB
MemFree:         3211908 kB
Active:           440584 kB
Mem:          3.8G       784M       3.1G       9.9M        51M       328M

MemTotal:        4016008 kB
MemFree:         3212404 kB
Active:           440536 kB
Mem:          3.8G       784M       3.1G       9.9M        51M       328M

MemTotal:        4016008 kB
MemFree:         3212156 kB
Active:           440596 kB
Mem:          3.8G       784M       3.1G       9.9M        51M       328M

MemTotal:        4016008 kB
MemFree:         3212652 kB
Active:           440548 kB
Mem:          3.8G       784M       3.1G       9.9M        51M       328M

MemTotal:        4016008 kB
MemFree:         3209544 kB
Active:           440740 kB
Mem:          3.8G       787M       3.1G       9.9M        51M       328M

MemTotal:        4016008 kB
MemFree:         3209776 kB
Active:           442732 kB
Mem:          3.8G       787M       3.1G       9.9M        51M       328M

MemTotal:        4016008 kB
MemFree:         3209744 kB
Active:           442732 kB
Mem:          3.8G       787M       3.1G       9.9M        51M       328M

MemTotal:        4016008 kB
MemFree:         3210116 kB
Active:           442692 kB
Mem:          3.8G       786M       3.1G       9.9M        51M       328M

MemTotal:        4016008 kB
MemFree:         3210488 kB
Active:           442720 kB
Mem:          3.8G       786M       3.1G       9.9M        51M       328M

MemTotal:        4016008 kB
MemFree:         3210240 kB
Active:           442736 kB
Mem:          3.8G       787M       3.1G       9.9M        51M       328M

MemTotal:        4016008 kB
MemFree:         3210612 kB
Active:           442716 kB
Mem:          3.8G       786M       3.1G       9.9M        51M       328M

MemTotal:        4016008 kB
MemFree:         3210240 kB
Active:           442740 kB
Mem:          3.8G       786M       3.1G       9.9M        51M       328M

MemTotal:        4016008 kB
MemFree:         3210244 kB
Active:           442684 kB
Mem:          3.8G       786M       3.1G       9.9M        51M       328M

MemTotal:        4016008 kB
MemFree:         3210632 kB
Active:           442696 kB
Mem:          3.8G       786M       3.1G       9.9M        51M       328M

MemTotal:        4016008 kB
MemFree:         3209616 kB
Active:           440928 kB
Mem:          3.8G       787M       3.1G       9.9M        51M       328M

MemTotal:        4016008 kB
MemFree:         3209988 kB
Active:           440904 kB
Mem:          3.8G       787M       3.1G       9.9M        51M       328M

MemTotal:        4016008 kB
MemFree:         3209864 kB
Active:           442952 kB
Mem:          3.8G       787M       3.1G       9.9M        51M       328M

MemTotal:        4016008 kB
MemFree:         3209616 kB
Active:           442980 kB
Mem:          3.8G       787M       3.1G       9.9M        51M       328M

MemTotal:        4016008 kB
MemFree:         3210112 kB
Active:           442932 kB
Mem:          3.8G       786M       3.1G       9.9M        51M       328M

MemTotal:        4016008 kB
MemFree:         3209988 kB
Active:           442988 kB
Mem:          3.8G       787M       3.1G       9.9M        51M       328M

MemTotal:        4016008 kB
MemFree:         3209492 kB
Active:           442988 kB
Mem:          3.8G       787M       3.1G       9.9M        51M       328M

MemTotal:        4016008 kB
MemFree:         3209760 kB
Active:           442976 kB
Mem:          3.8G       787M       3.1G       9.9M        51M       328M

MemTotal:        4016008 kB
MemFree:         3209760 kB
Active:           442932 kB
Mem:          3.8G       787M       3.1G       9.9M        51M       328M

MemTotal:        4016008 kB
MemFree:         3209884 kB
Active:           442944 kB
Mem:          3.8G       787M       3.1G       9.9M        51M       328M

MemTotal:        4016008 kB
MemFree:         3207712 kB
Active:           442964 kB
Mem:          3.8G       789M       3.1G       9.9M        51M       328M

MemTotal:        4016008 kB
MemFree:         3207960 kB
Active:           444996 kB
Mem:          3.8G       789M       3.1G       9.9M        51M       328M

MemTotal:        4016008 kB
MemFree:         3207960 kB
Active:           445016 kB
Mem:          3.8G       789M       3.1G       9.9M        51M       328M

MemTotal:        4016008 kB
MemFree:         3208084 kB
Active:           444972 kB
Mem:          3.8G       789M       3.1G       9.9M        51M       328M

MemTotal:        4016008 kB
MemFree:         3208208 kB
Active:           444992 kB
Mem:          3.8G       789M       3.1G       9.9M        51M       328M

MemTotal:        4016008 kB
MemFree:         3207960 kB
Active:           444980 kB
Mem:          3.8G       789M       3.1G       9.9M        51M       328M

MemTotal:        4016008 kB
MemFree:         3208208 kB
Active:           445024 kB
Mem:          3.8G       788M       3.1G       9.9M        51M       328M

MemTotal:        4016008 kB
MemFree:         3207588 kB
Active:           445036 kB
Mem:          3.8G       789M       3.1G       9.9M        51M       328M

MemTotal:        4016008 kB
MemFree:         3208056 kB
Active:           444988 kB
Mem:          3.8G       789M       3.1G       9.9M        51M       328M

MemTotal:        4016008 kB
MemFree:         3207932 kB
Active:           444996 kB
Mem:          3.8G       789M       3.1G       9.9M        51M       328M

MemTotal:        4016008 kB
MemFree:         3208056 kB
Active:           445036 kB
Mem:          3.8G       788M       3.1G       9.9M        51M       328M

MemTotal:        4016008 kB
MemFree:         3208056 kB
Active:           445004 kB
Mem:          3.8G       788M       3.1G       9.9M        51M       328M

MemTotal:        4016008 kB
MemFree:         3208072 kB
Active:           445004 kB
Mem:          3.8G       788M       3.1G       9.9M        51M       328M

MemTotal:        4016008 kB
MemFree:         3208072 kB
Active:           445044 kB
Mem:          3.8G       789M       3.1G       9.9M        51M       328M

MemTotal:        4016008 kB
MemFree:         3208444 kB
Active:           445024 kB
Mem:          3.8G       788M       3.1G       9.9M        51M       328M

MemTotal:        4016008 kB
MemFree:         3208444 kB
Active:           445016 kB
Mem:          3.8G       788M       3.1G       9.9M        51M       328M

MemTotal:        4016008 kB
MemFree:         3208444 kB
Active:           445056 kB
Mem:          3.8G       788M       3.1G       9.9M        51M       328M

MemTotal:        4016008 kB
MemFree:         3208444 kB
Active:           445056 kB
Mem:          3.8G       788M       3.1G       9.9M        51M       328M

MemTotal:        4016008 kB
MemFree:         3208692 kB
Active:           445056 kB
Mem:          3.8G       788M       3.1G       9.9M        51M       328M

MemTotal:        4016008 kB
MemFree:         3208708 kB
Active:           445048 kB
Mem:          3.8G       788M       3.1G       9.9M        51M       328M

MemTotal:        4016008 kB
MemFree:         3208336 kB
Active:           445068 kB
Mem:          3.8G       788M       3.1G       9.9M        51M       328M

MemTotal:        4016008 kB
MemFree:         3208676 kB
Active:           445024 kB
Mem:          3.8G       788M       3.1G       9.9M        51M       328M

MemTotal:        4016008 kB
MemFree:         3208428 kB
Active:           445028 kB
Mem:          3.8G       788M       3.1G       9.9M        51M       328M

MemTotal:        4016008 kB
MemFree:         3208428 kB
Active:           445060 kB
Mem:          3.8G       788M       3.1G       9.9M        51M       328M

MemTotal:        4016008 kB
MemFree:         3208924 kB
Active:           444940 kB
Mem:          3.8G       788M       3.1G       9.9M        51M       328M

MemTotal:        4016008 kB
MemFree:         3208196 kB
Active:           444852 kB
Mem:          3.8G       788M       3.1G       9.9M        51M       328M

MemTotal:        4016008 kB
MemFree:         3208196 kB
Active:           444892 kB
Mem:          3.8G       788M       3.1G       9.9M        51M       328M

MemTotal:        4016008 kB
MemFree:         3208196 kB
Active:           444904 kB
Mem:          3.8G       788M       3.1G       9.9M        51M       328M

MemTotal:        4016008 kB
MemFree:         3207980 kB
Active:           444908 kB
Mem:          3.8G       788M       3.1G       9.9M        51M       328M

MemTotal:        4016008 kB
MemFree:         3208132 kB
Active:           442980 kB
Mem:          3.8G       788M       3.1G       9.9M        51M       328M

MemTotal:        4016008 kB
MemFree:         3208660 kB
Active:           444924 kB
Mem:          3.8G       788M       3.1G       9.9M        51M       328M

MemTotal:        4016008 kB
MemFree:         3208164 kB
Active:           444920 kB
Mem:          3.8G       789M       3.1G       9.9M        51M       328M

MemTotal:        4016008 kB
MemFree:         3208164 kB
Active:           444876 kB
Mem:          3.8G       788M       3.1G       9.9M        51M       328M

MemTotal:        4016008 kB
MemFree:         3208536 kB
Active:           444892 kB
Mem:          3.8G       788M       3.1G       9.9M        51M       328M

MemTotal:        4016008 kB
MemFree:         3208536 kB
Active:           444884 kB
Mem:          3.8G       788M       3.1G       9.9M        51M       328M

MemTotal:        4016008 kB
MemFree:         3208288 kB
Active:           444884 kB
Mem:          3.8G       788M       3.1G       9.9M        51M       328M

MemTotal:        4016008 kB
MemFree:         3208288 kB
Active:           444892 kB
Mem:          3.8G       788M       3.1G       9.9M        51M       328M

MemTotal:        4016008 kB
MemFree:         3208660 kB
Active:           444940 kB
Mem:          3.8G       788M       3.1G       9.9M        51M       328M

MemTotal:        4016008 kB
MemFree:         3208908 kB
Active:           444896 kB
Mem:          3.8G       788M       3.1G       9.9M        51M       328M

MemTotal:        4016008 kB
MemFree:         3207108 kB
Active:           446992 kB
Mem:          3.8G       790M       3.1G       9.9M        51M       328M

MemTotal:        4016008 kB
MemFree:         3207108 kB
Active:           446920 kB
Mem:          3.8G       789M       3.1G       9.9M        51M       328M

MemTotal:        4016008 kB
MemFree:         3207108 kB
Active:           446948 kB
Mem:          3.8G       790M       3.1G       9.9M        51M       328M

MemTotal:        4016008 kB
MemFree:         3206860 kB
Active:           446936 kB
Mem:          3.8G       790M       3.1G       9.9M        51M       328M

MemTotal:        4016008 kB
MemFree:         3206984 kB
Active:           446936 kB
Mem:          3.8G       790M       3.1G       9.9M        51M       328M

MemTotal:        4016008 kB
MemFree:         3206984 kB
Active:           446940 kB
Mem:          3.8G       790M       3.1G       9.9M        51M       328M

MemTotal:        4016008 kB
MemFree:         3206488 kB
Active:           446980 kB
Mem:          3.8G       790M       3.1G       9.9M        51M       328M

MemTotal:        4016008 kB
MemFree:         3206364 kB
Active:           446984 kB
Mem:          3.8G       790M       3.1G       9.9M        51M       328M

MemTotal:        4016008 kB
MemFree:         3206612 kB
Active:           446952 kB
Mem:          3.8G       790M       3.1G       9.9M        51M       328M

MemTotal:        4016008 kB
MemFree:         3206612 kB
Active:           446952 kB
Mem:          3.8G       790M       3.1G       9.9M        51M       328M

MemTotal:        4016008 kB
MemFree:         3206364 kB
Active:           446968 kB
Mem:          3.8G       791M       3.1G       9.9M        51M       328M

MemTotal:        4016008 kB
MemFree:         3205976 kB
Active:           447008 kB
Mem:          3.8G       790M       3.1G       9.9M        51M       328M

MemTotal:        4016008 kB
MemFree:         3206488 kB
Active:           446972 kB
Mem:          3.8G       790M       3.1G       9.9M        51M       328M

MemTotal:        4016008 kB
MemFree:         3206472 kB
Active:           446992 kB
Mem:          3.8G       790M       3.1G       9.9M        51M       328M

MemTotal:        4016008 kB
MemFree:         3206612 kB
Active:           446972 kB
Mem:          3.8G       790M       3.1G       9.9M        51M       328M

MemTotal:        4016008 kB
MemFree:         3206488 kB
Active:           447012 kB
Mem:          3.8G       790M       3.1G       9.9M        51M       328M

MemTotal:        4016008 kB
MemFree:         3206240 kB
Active:           447016 kB
Mem:          3.8G       790M       3.1G       9.9M        51M       328M

MemTotal:        4016008 kB
MemFree:         3206612 kB
Active:           446996 kB
Mem:          3.8G       790M       3.1G       9.9M        51M       328M

MemTotal:        4016008 kB
MemFree:         3426412 kB
Active:           159256 kB
Mem:          3.8G       575M       3.3G       9.9M        18M       146M

MemTotal:        4016008 kB
MemFree:         3427396 kB
Active:           159440 kB
Mem:          3.8G       575M       3.3G       9.9M        18M       147M

MemTotal:        4016008 kB
MemFree:         3426900 kB
Active:           159612 kB
Mem:          3.8G       575M       3.3G       9.9M        18M       147M

MemTotal:        4016008 kB
MemFree:         3427396 kB
Active:           159696 kB
Mem:          3.8G       575M       3.3G       9.9M        18M       147M

MemTotal:        4016008 kB
MemFree:         3427396 kB
Active:           159688 kB
Mem:          3.8G       575M       3.3G       9.9M        18M       147M

MemTotal:        4016008 kB
MemFree:         3427644 kB
Active:           159684 kB
Mem:          3.8G       574M       3.3G       9.9M        18M       147M

MemTotal:        4016008 kB
MemFree:         3427892 kB
Active:           159676 kB
Mem:          3.8G       574M       3.3G       9.9M        18M       147M

MemTotal:        4016008 kB
MemFree:         3427644 kB
Active:           159728 kB
Mem:          3.8G       574M       3.3G       9.9M        18M       147M

MemTotal:        4016008 kB
MemFree:         3427892 kB
Active:           159688 kB
Mem:          3.8G       574M       3.3G       9.9M        18M       147M

MemTotal:        4016008 kB
MemFree:         3428016 kB
Active:           159696 kB
Mem:          3.8G       574M       3.3G       9.9M        18M       147M

MemTotal:        4016008 kB
MemFree:         3427888 kB
Active:           161784 kB
Mem:          3.8G       574M       3.3G       9.9M        18M       147M

MemTotal:        4016008 kB
MemFree:         3427888 kB
Active:           163804 kB
Mem:          3.8G       574M       3.3G       9.9M        18M       147M

MemTotal:        4016008 kB
MemFree:         3427516 kB
Active:           163840 kB
Mem:          3.8G       574M       3.3G       9.9M        18M       147M

MemTotal:        4016008 kB
MemFree:         3428136 kB
Active:           163856 kB
Mem:          3.8G       574M       3.3G       9.9M        18M       147M

MemTotal:        4016008 kB
MemFree:         3427888 kB
Active:           163872 kB
Mem:          3.8G       574M       3.3G       9.9M        18M       147M

MemTotal:        4016008 kB
MemFree:         3428012 kB
Active:           163828 kB
Mem:          3.8G       574M       3.3G       9.9M        18M       147M

MemTotal:        4016008 kB
MemFree:         3428012 kB
Active:           163848 kB
Mem:          3.8G       574M       3.3G       9.9M        18M       147M

MemTotal:        4016008 kB
MemFree:         3428012 kB
Active:           163864 kB
Mem:          3.8G       574M       3.3G       9.9M        18M       147M

MemTotal:        4016008 kB
MemFree:         3428172 kB
Active:           163864 kB
Mem:          3.8G       574M       3.3G       9.9M        18M       147M

MemTotal:        4016008 kB
MemFree:         3428048 kB
Active:           163860 kB
Mem:          3.8G       574M       3.3G       9.9M        18M       147M

MemTotal:        4016008 kB
MemFree:         3428172 kB
Active:           163876 kB
Mem:          3.8G       574M       3.3G       9.9M        18M       147M

MemTotal:        4016008 kB
MemFree:         3428296 kB
Active:           163864 kB
Mem:          3.8G       574M       3.3G       9.9M        18M       147M

MemTotal:        4016008 kB
MemFree:         3428172 kB
Active:           163872 kB
Mem:          3.8G       574M       3.3G       9.9M        18M       147M

MemTotal:        4016008 kB
MemFree:         3428048 kB
Active:           163884 kB
Mem:          3.8G       574M       3.3G       9.9M        18M       147M

MemTotal:        4016008 kB
MemFree:         3427676 kB
Active:           163912 kB
Mem:          3.8G       574M       3.3G       9.9M        18M       147M

MemTotal:        4016008 kB
MemFree:         3427924 kB
Active:           163880 kB
Mem:          3.8G       574M       3.3G       9.9M        18M       147M

MemTotal:        4016008 kB
MemFree:         3427800 kB
Active:           163892 kB
Mem:          3.8G       574M       3.3G       9.9M        18M       147M

MemTotal:        4016008 kB
MemFree:         3427676 kB
Active:           163920 kB
Mem:          3.8G       574M       3.3G       9.9M        18M       147M

MemTotal:        4016008 kB
MemFree:         3428048 kB
Active:           163880 kB
Mem:          3.8G       574M       3.3G       9.9M        18M       147M

MemTotal:        4016008 kB
MemFree:         3428048 kB
Active:           163900 kB
Mem:          3.8G       574M       3.3G       9.9M        18M       147M

MemTotal:        4016008 kB
MemFree:         3427800 kB
Active:           163908 kB
Mem:          3.8G       574M       3.3G       9.9M        18M       147M

MemTotal:        4016008 kB
MemFree:         3428048 kB
Active:           163912 kB
Mem:          3.8G       574M       3.3G       9.9M        18M       147M

MemTotal:        4016008 kB
MemFree:         3428048 kB
Active:           163912 kB
Mem:          3.8G       574M       3.3G       9.9M        18M       147M

MemTotal:        4016008 kB
MemFree:         3427676 kB
Active:           163936 kB
Mem:          3.8G       574M       3.3G       9.9M        18M       147M

MemTotal:        4016008 kB
MemFree:         3428172 kB
Active:           163880 kB
Mem:          3.8G       574M       3.3G       9.9M        18M       147M

MemTotal:        4016008 kB
MemFree:         3428156 kB
Active:           163936 kB
Mem:          3.8G       574M       3.3G       9.9M        18M       147M

MemTotal:        4016008 kB
MemFree:         3427800 kB
Active:           163936 kB
Mem:          3.8G       574M       3.3G       9.9M        18M       147M

MemTotal:        4016008 kB
MemFree:         3427428 kB
Active:           163940 kB
Mem:          3.8G       574M       3.3G       9.9M        18M       147M

MemTotal:        4016008 kB
MemFree:         3427800 kB
Active:           163932 kB
Mem:          3.8G       574M       3.3G       9.9M        18M       147M

MemTotal:        4016008 kB
MemFree:         3427676 kB
Active:           163948 kB
Mem:          3.8G       574M       3.3G       9.9M        18M       147M

MemTotal:        4016008 kB
MemFree:         3427924 kB
Active:           163936 kB
Mem:          3.8G       574M       3.3G       9.9M        18M       147M

MemTotal:        4016008 kB
MemFree:         3427924 kB
Active:           163896 kB
Mem:          3.8G       574M       3.3G       9.9M        18M       147M

MemTotal:        4016008 kB
MemFree:         3427552 kB
Active:           163956 kB
Mem:          3.8G       574M       3.3G       9.9M        18M       147M

MemTotal:        4016008 kB
MemFree:         3427552 kB
Active:           163956 kB
Mem:          3.8G       574M       3.3G       9.9M        18M       147M

MemTotal:        4016008 kB
MemFree:         3427676 kB
Active:           163924 kB
Mem:          3.8G       574M       3.3G       9.9M        18M       147M

MemTotal:        4016008 kB
MemFree:         3428172 kB
Active:           163928 kB
Mem:          3.8G       574M       3.3G       9.9M        18M       147M

MemTotal:        4016008 kB
MemFree:         3427924 kB
Active:           163932 kB
Mem:          3.8G       574M       3.3G       9.9M        18M       147M

MemTotal:        4016008 kB
MemFree:         3427552 kB
Active:           163980 kB
Mem:          3.8G       574M       3.3G       9.9M        18M       147M

MemTotal:        4016008 kB
MemFree:         3428296 kB
Active:           163924 kB
Mem:          3.8G       574M       3.3G       9.9M        18M       147M

MemTotal:        4016008 kB
MemFree:         3427924 kB
Active:           163944 kB
Mem:          3.8G       574M       3.3G       9.9M        18M       147M

MemTotal:        4016008 kB
MemFree:         3427924 kB
Active:           163956 kB
Mem:          3.8G       574M       3.3G       9.9M        18M       147M

MemTotal:        4016008 kB
MemFree:         3427924 kB
Active:           163972 kB
Mem:          3.8G       574M       3.3G       9.9M        18M       147M

MemTotal:        4016008 kB
MemFree:         3427924 kB
Active:           163940 kB
Mem:          3.8G       574M       3.3G       9.9M        18M       147M

MemTotal:        4016008 kB
MemFree:         3427924 kB
Active:           163936 kB
Mem:          3.8G       574M       3.3G       9.9M        18M       147M

MemTotal:        4016008 kB
MemFree:         3428296 kB
Active:           163936 kB
Mem:          3.8G       574M       3.3G       9.9M        18M       147M

MemTotal:        4016008 kB
MemFree:         3428420 kB
Active:           163992 kB
Mem:          3.8G       573M       3.3G       9.9M        18M       147M

MemTotal:        4016008 kB
MemFree:         3427676 kB
Active:           163996 kB
Mem:          3.8G       574M       3.3G       9.9M        18M       147M

MemTotal:        4016008 kB
MemFree:         3427800 kB
Active:           164000 kB
Mem:          3.8G       574M       3.3G       9.9M        18M       147M

MemTotal:        4016008 kB
MemFree:         3427800 kB
Active:           163988 kB
Mem:          3.8G       574M       3.3G       9.9M        18M       147M

MemTotal:        4016008 kB
MemFree:         3427428 kB
Active:           163980 kB
Mem:          3.8G       574M       3.3G       9.9M        18M       147M

MemTotal:        4016008 kB
MemFree:         3427428 kB
Active:           163948 kB
Mem:          3.8G       574M       3.3G       9.9M        18M       147M

MemTotal:        4016008 kB
MemFree:         3427676 kB
Active:           163996 kB
Mem:          3.8G       574M       3.3G       9.9M        18M       147M

MemTotal:        4016008 kB
MemFree:         3427676 kB
Active:           163948 kB
Mem:          3.8G       574M       3.3G       9.9M        18M       147M

MemTotal:        4016008 kB
MemFree:         3427552 kB
Active:           164020 kB
Mem:          3.8G       574M       3.3G       9.9M        18M       147M

MemTotal:        4016008 kB
MemFree:         3428048 kB
Active:           164004 kB
Mem:          3.8G       574M       3.3G       9.9M        18M       147M

MemTotal:        4016008 kB
MemFree:         3428048 kB
Active:           164012 kB
Mem:          3.8G       574M       3.3G       9.9M        18M       147M

MemTotal:        4016008 kB
MemFree:         3428048 kB
Active:           164004 kB
Mem:          3.8G       574M       3.3G       9.9M        18M       147M

MemTotal:        4016008 kB
MemFree:         3428048 kB
Active:           164012 kB
Mem:          3.8G       574M       3.3G       9.9M        18M       147M

MemTotal:        4016008 kB
MemFree:         3427800 kB
Active:           164068 kB
Mem:          3.8G       574M       3.3G       9.9M        18M       147M

MemTotal:        4016008 kB
MemFree:         3428048 kB
Active:           164024 kB
Mem:          3.8G       574M       3.3G       9.9M        18M       147M

MemTotal:        4016008 kB
MemFree:         3427908 kB
Active:           164028 kB
Mem:          3.8G       574M       3.3G       9.9M        18M       147M

MemTotal:        4016008 kB
MemFree:         3428156 kB
Active:           164028 kB
Mem:          3.8G       574M       3.3G       9.9M        18M       147M

MemTotal:        4016008 kB
MemFree:         3427908 kB
Active:           164064 kB
Mem:          3.8G       574M       3.3G       9.9M        18M       147M

MemTotal:        4016008 kB
MemFree:         3427768 kB
Active:           164036 kB
Mem:          3.8G       574M       3.3G       9.9M        18M       147M

MemTotal:        4016008 kB
MemFree:         3428468 kB
Active:           164036 kB
Mem:          3.8G       573M       3.3G       9.9M        18M       147M

MemTotal:        4016008 kB
MemFree:         3428220 kB
Active:           164052 kB
Mem:          3.8G       573M       3.3G       9.9M        18M       147M

MemTotal:        4016008 kB
MemFree:         3428344 kB
Active:           164092 kB
Mem:          3.8G       573M       3.3G       9.9M        18M       147M

MemTotal:        4016008 kB
MemFree:         3428344 kB
Active:           164088 kB
Mem:          3.8G       573M       3.3G       9.9M        18M       147M

MemTotal:        4016008 kB
MemFree:         3428096 kB
Active:           164100 kB
Mem:          3.8G       574M       3.3G       9.9M        18M       147M

MemTotal:        4016008 kB
MemFree:         3428096 kB
Active:           164072 kB
Mem:          3.8G       574M       3.3G       9.9M        18M       147M

MemTotal:        4016008 kB
MemFree:         3427972 kB
Active:           164068 kB
Mem:          3.8G       574M       3.3G       9.9M        18M       147M

MemTotal:        4016008 kB
MemFree:         3427972 kB
Active:           164092 kB
Mem:          3.8G       574M       3.3G       9.9M        18M       147M

MemTotal:        4016008 kB
MemFree:         3427972 kB
Active:           164076 kB
Mem:          3.8G       574M       3.3G       9.9M        18M       147M

MemTotal:        4016008 kB
MemFree:         3428096 kB
Active:           164068 kB
Mem:          3.8G       574M       3.3G       9.9M        18M       147M

MemTotal:        4016008 kB
MemFree:         3427848 kB
Active:           164104 kB
Mem:          3.8G       574M       3.3G       9.9M        18M       147M

MemTotal:        4016008 kB
MemFree:         3428096 kB
Active:           164092 kB
Mem:          3.8G       574M       3.3G       9.9M        18M       147M

MemTotal:        4016008 kB
MemFree:         3428096 kB
Active:           164068 kB
Mem:          3.8G       574M       3.3G       9.9M        18M       147M

MemTotal:        4016008 kB
MemFree:         3428096 kB
Active:           164080 kB
Mem:          3.8G       574M       3.3G       9.9M        18M       147M

MemTotal:        4016008 kB
MemFree:         3428468 kB
Active:           164072 kB
Mem:          3.8G       574M       3.3G       9.9M        18M       147M

MemTotal:        4016008 kB
MemFree:         3428220 kB
Active:           164072 kB
Mem:          3.8G       574M       3.3G       9.9M        18M       147M

MemTotal:        4016008 kB
MemFree:         3428344 kB
Active:           164068 kB
Mem:          3.8G       573M       3.3G       9.9M        18M       147M

MemTotal:        4016008 kB
MemFree:         3428096 kB
Active:           164128 kB
Mem:          3.8G       574M       3.3G       9.9M        18M       147M

MemTotal:        4016008 kB
MemFree:         3427972 kB
Active:           164112 kB
Mem:          3.8G       574M       3.3G       9.9M        18M       147M

MemTotal:        4016008 kB
MemFree:         3428096 kB
Active:           164116 kB
Mem:          3.8G       574M       3.3G       9.9M        18M       147M

MemTotal:        4016008 kB
MemFree:         3427972 kB
Active:           164120 kB
Mem:          3.8G       574M       3.3G       9.9M        18M       147M

MemTotal:        4016008 kB
MemFree:         3427848 kB
Active:           164084 kB
Mem:          3.8G       574M       3.3G       9.9M        18M       147M

MemTotal:        4016008 kB
MemFree:         3427972 kB
Active:           164100 kB
Mem:          3.8G       574M       3.3G       9.9M        18M       147M

MemTotal:        4016008 kB
MemFree:         3427956 kB
Active:           164108 kB
Mem:          3.8G       574M       3.3G       9.9M        18M       147M

MemTotal:        4016008 kB
MemFree:         3428140 kB
Active:           164128 kB
Mem:          3.8G       574M       3.3G       9.9M        18M       147M

MemTotal:        4016008 kB
MemFree:         3428204 kB
Active:           164144 kB
Mem:          3.8G       574M       3.3G       9.9M        18M       147M

MemTotal:        4016008 kB
MemFree:         3428328 kB
Active:           164140 kB
Mem:          3.8G       574M       3.3G       9.9M        18M       147M

MemTotal:        4016008 kB
MemFree:         3428328 kB
Active:           164132 kB
Mem:          3.8G       573M       3.3G       9.9M        18M       147M

MemTotal:        4016008 kB
MemFree:         3428204 kB
Active:           164168 kB
Mem:          3.8G       573M       3.3G       9.9M        18M       147M

MemTotal:        4016008 kB
MemFree:         3427832 kB
Active:           164168 kB
Mem:          3.8G       574M       3.3G       9.9M        18M       147M

MemTotal:        4016008 kB
MemFree:         3428328 kB
Active:           164172 kB
Mem:          3.8G       573M       3.3G       9.9M        18M       147M

MemTotal:        4016008 kB
MemFree:         3428328 kB
Active:           164136 kB
Mem:          3.8G       574M       3.3G       9.9M        18M       147M

MemTotal:        4016008 kB
MemFree:         3427956 kB
Active:           164144 kB
Mem:          3.8G       574M       3.3G       9.9M        18M       147M

MemTotal:        4016008 kB
MemFree:         3427832 kB
Active:           164148 kB
Mem:          3.8G       574M       3.3G       9.9M        18M       147M

MemTotal:        4016008 kB
MemFree:         3427956 kB
Active:           164140 kB
Mem:          3.8G       574M       3.3G       9.9M        18M       147M

MemTotal:        4016008 kB
MemFree:         3427336 kB
Active:           164184 kB
Mem:          3.8G       574M       3.3G       9.9M        18M       147M

MemTotal:        4016008 kB
MemFree:         3427584 kB
Active:           164152 kB
Mem:          3.8G       574M       3.3G       9.9M        18M       147M

MemTotal:        4016008 kB
MemFree:         3427708 kB
Active:           164180 kB
Mem:          3.8G       574M       3.3G       9.9M        18M       147M

MemTotal:        4016008 kB
MemFree:         3427832 kB
Active:           164180 kB
Mem:          3.8G       574M       3.3G       9.9M        18M       147M

MemTotal:        4016008 kB
MemFree:         3427584 kB
Active:           164184 kB
Mem:          3.8G       574M       3.3G       9.9M        18M       147M

MemTotal:        4016008 kB
MemFree:         3428204 kB
Active:           164184 kB
Mem:          3.8G       574M       3.3G       9.9M        18M       147M

MemTotal:        4016008 kB
MemFree:         3428204 kB
Active:           164172 kB
Mem:          3.8G       574M       3.3G       9.9M        18M       147M

MemTotal:        4016008 kB
MemFree:         3427708 kB
Active:           164196 kB
Mem:          3.8G       574M       3.3G       9.9M        18M       147M

MemTotal:        4016008 kB
MemFree:         3428080 kB
Active:           164176 kB
Mem:          3.8G       574M       3.3G       9.9M        18M       147M

MemTotal:        4016008 kB
MemFree:         3428204 kB
Active:           164188 kB
Mem:          3.8G       574M       3.3G       9.9M        18M       147M

MemTotal:        4016008 kB
MemFree:         3427584 kB
Active:           164148 kB
Mem:          3.8G       574M       3.3G       9.9M        18M       147M

MemTotal:        4016008 kB
MemFree:         3427460 kB
Active:           164148 kB
Mem:          3.8G       574M       3.3G       9.9M        18M       147M

MemTotal:        4016008 kB
MemFree:         3427708 kB
Active:           164152 kB
Mem:          3.8G       574M       3.3G       9.9M        18M       147M

MemTotal:        4016008 kB
MemFree:         3427832 kB
Active:           164192 kB
Mem:          3.8G       574M       3.3G       9.9M        18M       147M

MemTotal:        4016008 kB
MemFree:         3427708 kB
Active:           164204 kB
Mem:          3.8G       574M       3.3G       9.9M        18M       147M

MemTotal:        4016008 kB
MemFree:         3427832 kB
Active:           164208 kB
Mem:          3.8G       574M       3.3G       9.9M        18M       147M

MemTotal:        4016008 kB
MemFree:         3427584 kB
Active:           164212 kB
Mem:          3.8G       574M       3.3G       9.9M        18M       147M

MemTotal:        4016008 kB
MemFree:         3427196 kB
Active:           164212 kB
Mem:          3.8G       574M       3.3G       9.9M        18M       147M

MemTotal:        4016008 kB
MemFree:         3427304 kB
Active:           164208 kB
Mem:          3.8G       574M       3.3G       9.9M        18M       147M

MemTotal:        4016008 kB
MemFree:         3426932 kB
Active:           164212 kB
Mem:          3.8G       575M       3.3G       9.9M        18M       147M

MemTotal:        4016008 kB
MemFree:         3427056 kB
Active:           164224 kB
Mem:          3.8G       574M       3.3G       9.9M        18M       147M

MemTotal:        4016008 kB
MemFree:         3427412 kB
Active:           164192 kB
Mem:          3.8G       574M       3.3G       9.9M        18M       147M

MemTotal:        4016008 kB
MemFree:         3427412 kB
Active:           164184 kB
Mem:          3.8G       574M       3.3G       9.9M        18M       147M

MemTotal:        4016008 kB
MemFree:         3427644 kB
Active:           164196 kB
Mem:          3.8G       574M       3.3G       9.9M        18M       147M

MemTotal:        4016008 kB
MemFree:         3427768 kB
Active:           164220 kB
Mem:          3.8G       574M       3.3G       9.9M        18M       147M

MemTotal:        4016008 kB
MemFree:         3427892 kB
Active:           164224 kB
Mem:          3.8G       574M       3.3G       9.9M        18M       147M

MemTotal:        4016008 kB
MemFree:         3427520 kB
Active:           164208 kB
Mem:          3.8G       574M       3.3G       9.9M        18M       147M

MemTotal:        4016008 kB
MemFree:         3427768 kB
Active:           164176 kB
Mem:          3.8G       574M       3.3G       9.9M        18M       147M

MemTotal:        4016008 kB
MemFree:         3427876 kB
Active:           164184 kB
Mem:          3.8G       574M       3.3G       9.9M        18M       147M

MemTotal:        4016008 kB
MemFree:         3428000 kB
Active:           164232 kB
Mem:          3.8G       574M       3.3G       9.9M        18M       147M

MemTotal:        4016008 kB
MemFree:         3427628 kB
Active:           164248 kB
Mem:          3.8G       574M       3.3G       9.9M        18M       147M

MemTotal:        4016008 kB
MemFree:         3428248 kB
Active:           164240 kB
Mem:          3.8G       574M       3.3G       9.9M        18M       147M

MemTotal:        4016008 kB
MemFree:         3427752 kB
Active:           164248 kB
Mem:          3.8G       574M       3.3G       9.9M        18M       147M

MemTotal:        4016008 kB
MemFree:         3427256 kB
Active:           164248 kB
Mem:          3.8G       574M       3.3G       9.9M        18M       147M

MemTotal:        4016008 kB
MemFree:         3427612 kB
Active:           164232 kB
Mem:          3.8G       574M       3.3G       9.9M        18M       147M

MemTotal:        4016008 kB
MemFree:         3427612 kB
Active:           164200 kB
Mem:          3.8G       574M       3.3G       9.9M        18M       147M

MemTotal:        4016008 kB
MemFree:         3427736 kB
Active:           164236 kB
Mem:          3.8G       574M       3.3G       9.9M        18M       147M

MemTotal:        4016008 kB
MemFree:         3427612 kB
Active:           164240 kB
Mem:          3.8G       574M       3.3G       9.9M        18M       147M

MemTotal:        4016008 kB
MemFree:         3427736 kB
Active:           164200 kB
Mem:          3.8G       574M       3.3G       9.9M        18M       147M

MemTotal:        4016008 kB
MemFree:         3427736 kB
Active:           164212 kB
Mem:          3.8G       574M       3.3G       9.9M        18M       147M

MemTotal:        4016008 kB
MemFree:         3428108 kB
Active:           164220 kB
Mem:          3.8G       574M       3.3G       9.9M        18M       147M

MemTotal:        4016008 kB
MemFree:         3427736 kB
Active:           164236 kB
Mem:          3.8G       574M       3.3G       9.9M        18M       147M

MemTotal:        4016008 kB
MemFree:         3427488 kB
Active:           164276 kB
Mem:          3.8G       574M       3.3G       9.9M        18M       147M

MemTotal:        4016008 kB
MemFree:         3427736 kB
Active:           164264 kB
Mem:          3.8G       574M       3.3G       9.9M        18M       147M

MemTotal:        4016008 kB
MemFree:         3427536 kB
Active:           164280 kB
Mem:          3.8G       574M       3.3G       9.9M        18M       147M

MemTotal:        4016008 kB
MemFree:         3427412 kB
Active:           164284 kB
Mem:          3.8G       574M       3.3G       9.9M        18M       147M

MemTotal:        4016008 kB
MemFree:         3427412 kB
Active:           164284 kB
Mem:          3.8G       574M       3.3G       9.9M        18M       147M

MemTotal:        4016008 kB
MemFree:         3427412 kB
Active:           164248 kB
Mem:          3.8G       574M       3.3G       9.9M        18M       147M

MemTotal:        4016008 kB
MemFree:         3427536 kB
Active:           164272 kB
Mem:          3.8G       574M       3.3G       9.9M        18M       147M

MemTotal:        4016008 kB
MemFree:         3427908 kB
Active:           164272 kB
Mem:          3.8G       574M       3.3G       9.9M        18M       147M

MemTotal:        4016008 kB
MemFree:         3427908 kB
Active:           164296 kB
Mem:          3.8G       574M       3.3G       9.9M        18M       147M

MemTotal:        4016008 kB
MemFree:         3427784 kB
Active:           164300 kB
Mem:          3.8G       574M       3.3G       9.9M        18M       147M

MemTotal:        4016008 kB
MemFree:         3427784 kB
Active:           164296 kB
Mem:          3.8G       574M       3.3G       9.9M        18M       147M

MemTotal:        4016008 kB
MemFree:         3427164 kB
Active:           164320 kB
Mem:          3.8G       574M       3.3G       9.9M        18M       147M

MemTotal:        4016008 kB
MemFree:         3427784 kB
Active:           164304 kB
Mem:          3.8G       574M       3.3G       9.9M        18M       147M

MemTotal:        4016008 kB
MemFree:         3427660 kB
Active:           164316 kB
Mem:          3.8G       574M       3.3G       9.9M        18M       147M

MemTotal:        4016008 kB
MemFree:         3427272 kB
Active:           164328 kB
Mem:          3.8G       574M       3.3G       9.9M        18M       147M

MemTotal:        4016008 kB
MemFree:         3427380 kB
Active:           164312 kB
Mem:          3.8G       575M       3.3G       9.9M        18M       147M

MemTotal:        4016008 kB
MemFree:         3427288 kB
Active:           164320 kB
Mem:          3.8G       575M       3.3G       9.9M        18M       147M

MemTotal:        4016008 kB
MemFree:         3427164 kB
Active:           164336 kB
Mem:          3.8G       575M       3.3G       9.9M        18M       147M

MemTotal:        4016008 kB
MemFree:         3427784 kB
Active:           164320 kB
Mem:          3.8G       574M       3.3G       9.9M        18M       147M

MemTotal:        4016008 kB
MemFree:         3427536 kB
Active:           164320 kB
Mem:          3.8G       574M       3.3G       9.9M        18M       147M

MemTotal:        4016008 kB
MemFree:         3427164 kB
Active:           164340 kB
Mem:          3.8G       574M       3.3G       9.9M        18M       147M

MemTotal:        4016008 kB
MemFree:         3427660 kB
Active:           164288 kB
Mem:          3.8G       574M       3.3G       9.9M        18M       147M

MemTotal:        4016008 kB
MemFree:         3427660 kB
Active:           164300 kB
Mem:          3.8G       574M       3.3G       9.9M        18M       147M

MemTotal:        4016008 kB
MemFree:         3427536 kB
Active:           164308 kB
Mem:          3.8G       574M       3.3G       9.9M        18M       147M

MemTotal:        4016008 kB
MemFree:         3427908 kB
Active:           164312 kB
Mem:          3.8G       574M       3.3G       9.9M        18M       147M

MemTotal:        4016008 kB
MemFree:         3427908 kB
Active:           164344 kB
Mem:          3.8G       574M       3.3G       9.9M        18M       147M

MemTotal:        4016008 kB
MemFree:         3427908 kB
Active:           164308 kB
Mem:          3.8G       574M       3.3G       9.9M        18M       147M

MemTotal:        4016008 kB
MemFree:         3428032 kB
Active:           164308 kB
Mem:          3.8G       574M       3.3G       9.9M        18M       147M

MemTotal:        4016008 kB
MemFree:         3427660 kB
Active:           164352 kB
Mem:          3.8G       574M       3.3G       9.9M        18M       147M

MemTotal:        4016008 kB
MemFree:         3427660 kB
Active:           164356 kB
Mem:          3.8G       574M       3.3G       9.9M        18M       147M

MemTotal:        4016008 kB
MemFree:         3428032 kB
Active:           164328 kB
Mem:          3.8G       574M       3.3G       9.9M        18M       147M

MemTotal:        4016008 kB
MemFree:         3428032 kB
Active:           164340 kB
Mem:          3.8G       574M       3.3G       9.9M        18M       147M

MemTotal:        4016008 kB
MemFree:         3428032 kB
Active:           164304 kB
Mem:          3.8G       574M       3.3G       9.9M        18M       147M

MemTotal:        4016008 kB
MemFree:         3428032 kB
Active:           164352 kB
Mem:          3.8G       574M       3.3G       9.9M        18M       147M

MemTotal:        4016008 kB
MemFree:         3428156 kB
Active:           164356 kB
Mem:          3.8G       574M       3.3G       9.9M        18M       147M

MemTotal:        4016008 kB
MemFree:         3427784 kB
Active:           164368 kB
Mem:          3.8G       574M       3.3G       9.9M        18M       147M

MemTotal:        4016008 kB
MemFree:         3428032 kB
Active:           164344 kB
Mem:          3.8G       574M       3.3G       9.9M        18M       147M

MemTotal:        4016008 kB
MemFree:         3428032 kB
Active:           164356 kB
Mem:          3.8G       574M       3.3G       9.9M        18M       147M

MemTotal:        4016008 kB
MemFree:         3427660 kB
Active:           164372 kB
Mem:          3.8G       574M       3.3G       9.9M        18M       147M

MemTotal:        4016008 kB
MemFree:         3427908 kB
Active:           164320 kB
Mem:          3.8G       574M       3.3G       9.9M        18M       147M

MemTotal:        4016008 kB
MemFree:         3427908 kB
Active:           164328 kB
Mem:          3.8G       574M       3.3G       9.9M        18M       147M

MemTotal:        4016008 kB
MemFree:         3428048 kB
Active:           164340 kB
Mem:          3.8G       574M       3.3G       9.9M        18M       147M

MemTotal:        4016008 kB
MemFree:         3427800 kB
Active:           164372 kB
Mem:          3.8G       574M       3.3G       9.9M        18M       147M

MemTotal:        4016008 kB
MemFree:         3427924 kB
Active:           164336 kB
Mem:          3.8G       574M       3.3G       9.9M        18M       147M

MemTotal:        4016008 kB
MemFree:         3427676 kB
Active:           164360 kB
Mem:          3.8G       574M       3.3G       9.9M        18M       147M

MemTotal:        4016008 kB
MemFree:         3427552 kB
Active:           164368 kB
Mem:          3.8G       574M       3.3G       9.9M        18M       147M

MemTotal:        4016008 kB
MemFree:         3427180 kB
Active:           164380 kB
Mem:          3.8G       574M       3.3G       9.9M        18M       147M

MemTotal:        4016008 kB
MemFree:         3427800 kB
Active:           164344 kB
Mem:          3.8G       574M       3.3G       9.9M        18M       147M

MemTotal:        4016008 kB
MemFree:         3427800 kB
Active:           164344 kB
Mem:          3.8G       574M       3.3G       9.9M        18M       147M

MemTotal:        4016008 kB
MemFree:         3427676 kB
Active:           164388 kB
Mem:          3.8G       574M       3.3G       9.9M        18M       147M

MemTotal:        4016008 kB
MemFree:         3427304 kB
Active:           164396 kB
Mem:          3.8G       574M       3.3G       9.9M        18M       147M

MemTotal:        4016008 kB
MemFree:         3427552 kB
Active:           164372 kB
Mem:          3.8G       574M       3.3G       9.9M        18M       147M

MemTotal:        4016008 kB
MemFree:         3427924 kB
Active:           164364 kB
Mem:          3.8G       574M       3.3G       9.9M        18M       147M

MemTotal:        4016008 kB
MemFree:         3427428 kB
Active:           164404 kB
Mem:          3.8G       574M       3.3G       9.9M        18M       147M

MemTotal:        4016008 kB
MemFree:         3427428 kB
Active:           164384 kB
Mem:          3.8G       574M       3.3G       9.9M        18M       147M

MemTotal:        4016008 kB
MemFree:         3427428 kB
Active:           164396 kB
Mem:          3.8G       574M       3.3G       9.9M        18M       147M

MemTotal:        4016008 kB
MemFree:         3427180 kB
Active:           164408 kB
Mem:          3.8G       574M       3.3G       9.9M        18M       147M

MemTotal:        4016008 kB
MemFree:         3427552 kB
Active:           164384 kB
Mem:          3.8G       574M       3.3G       9.9M        18M       147M

MemTotal:        4016008 kB
MemFree:         3427800 kB
Active:           164392 kB
Mem:          3.8G       574M       3.3G       9.9M        18M       147M

MemTotal:        4016008 kB
MemFree:         3427304 kB
Active:           164420 kB
Mem:          3.8G       574M       3.3G       9.9M        18M       147M

MemTotal:        4016008 kB
MemFree:         3427676 kB
Active:           164416 kB
Mem:          3.8G       574M       3.3G       9.9M        18M       147M

MemTotal:        4016008 kB
MemFree:         3427800 kB
Active:           164408 kB
Mem:          3.8G       574M       3.3G       9.9M        18M       147M

MemTotal:        4016008 kB
MemFree:         3427552 kB
Active:           164424 kB
Mem:          3.8G       574M       3.3G       9.9M        18M       147M

MemTotal:        4016008 kB
MemFree:         3427056 kB
Active:           164440 kB
Mem:          3.8G       574M       3.3G       9.9M        18M       147M

MemTotal:        4016008 kB
MemFree:         3427552 kB
Active:           164396 kB
Mem:          3.8G       574M       3.3G       9.9M        18M       147M

MemTotal:        4016008 kB
MemFree:         3427536 kB
Active:           164396 kB
Mem:          3.8G       574M       3.3G       9.9M        18M       147M

MemTotal:        4016008 kB
MemFree:         3427412 kB
Active:           164404 kB
Mem:          3.8G       574M       3.3G       9.9M        18M       147M

MemTotal:        4016008 kB
MemFree:         3427784 kB
Active:           164412 kB
Mem:          3.8G       574M       3.3G       9.9M        18M       147M

MemTotal:        4016008 kB
MemFree:         3427660 kB
Active:           164432 kB
Mem:          3.8G       574M       3.3G       9.9M        18M       147M

MemTotal:        4016008 kB
MemFree:         3427660 kB
Active:           164416 kB
Mem:          3.8G       574M       3.3G       9.9M        18M       147M

MemTotal:        4016008 kB
MemFree:         3427288 kB
Active:           164428 kB
Mem:          3.8G       575M       3.3G       9.9M        18M       147M

MemTotal:        4016008 kB
MemFree:         3426792 kB
Active:           164464 kB
Mem:          3.8G       574M       3.3G       9.9M        18M       147M

MemTotal:        4016008 kB
MemFree:         3427536 kB
Active:           164412 kB
Mem:          3.8G       574M       3.3G       9.9M        18M       147M

MemTotal:        4016008 kB
MemFree:         3427520 kB
Active:           164452 kB
Mem:          3.8G       574M       3.3G       9.9M        18M       147M

MemTotal:        4016008 kB
MemFree:         3427272 kB
Active:           164424 kB
Mem:          3.8G       574M       3.3G       9.9M        18M       147M

MemTotal:        4016008 kB
MemFree:         3427024 kB
Active:           164464 kB
Mem:          3.8G       575M       3.3G       9.9M        18M       147M

MemTotal:        4016008 kB
MemFree:         3427272 kB
Active:           164440 kB
Mem:          3.8G       575M       3.3G       9.9M        18M       147M

MemTotal:        4016008 kB
MemFree:         3427396 kB
Active:           164468 kB
Mem:          3.8G       574M       3.3G       9.9M        18M       147M

MemTotal:        4016008 kB
MemFree:         3427644 kB
Active:           164468 kB
Mem:          3.8G       574M       3.3G       9.9M        18M       147M

MemTotal:        4016008 kB
MemFree:         3427396 kB
Active:           164428 kB
Mem:          3.8G       574M       3.3G       9.9M        18M       147M

MemTotal:        4016008 kB
MemFree:         3427628 kB
Active:           164444 kB
Mem:          3.8G       574M       3.3G       9.9M        18M       147M

MemTotal:        4016008 kB
MemFree:         3427628 kB
Active:           164428 kB
Mem:          3.8G       574M       3.3G       9.9M        18M       147M

MemTotal:        4016008 kB
MemFree:         3427596 kB
Active:           164464 kB
Mem:          3.8G       574M       3.3G       9.9M        18M       147M

MemTotal:        4016008 kB
MemFree:         3427008 kB
Active:           164484 kB
Mem:          3.8G       575M       3.3G       9.9M        18M       147M

MemTotal:        4016008 kB
MemFree:         3427008 kB
Active:           164484 kB
Mem:          3.8G       575M       3.3G       9.9M        18M       147M

MemTotal:        4016008 kB
MemFree:         3426884 kB
Active:           164444 kB
Mem:          3.8G       575M       3.3G       9.9M        18M       147M

MemTotal:        4016008 kB
MemFree:         3427008 kB
Active:           164440 kB
Mem:          3.8G       574M       3.3G       9.9M        18M       147M

MemTotal:        4016008 kB
MemFree:         3427380 kB
Active:           164452 kB
Mem:          3.8G       574M       3.3G       9.9M        18M       147M

MemTotal:        4016008 kB
MemFree:         3427488 kB
Active:           164452 kB
Mem:          3.8G       575M       3.3G       9.9M        18M       147M

MemTotal:        4016008 kB
MemFree:         3427116 kB
Active:           164496 kB
Mem:          3.8G       575M       3.3G       9.9M        18M       147M

MemTotal:        4016008 kB
MemFree:         3426868 kB
Active:           164504 kB
Mem:          3.8G       575M       3.3G       9.9M        18M       147M

MemTotal:        4016008 kB
MemFree:         3427348 kB
Active:           164488 kB
Mem:          3.8G       574M       3.3G       9.9M        18M       147M

MemTotal:        4016008 kB
MemFree:         3427472 kB
Active:           164480 kB
Mem:          3.8G       575M       3.3G       9.9M        18M       147M

MemTotal:        4016008 kB
MemFree:         3426976 kB
Active:           164512 kB
Mem:          3.8G       574M       3.3G       9.9M        18M       147M

MemTotal:        4016008 kB
MemFree:         3427332 kB
Active:           164492 kB
Mem:          3.8G       575M       3.3G       9.9M        18M       147M

MemTotal:        4016008 kB
MemFree:         3427688 kB
Active:           164500 kB
Mem:          3.8G       574M       3.3G       9.9M        18M       147M

MemTotal:        4016008 kB
MemFree:         3427192 kB
Active:           164516 kB
Mem:          3.8G       575M       3.3G       9.9M        18M       147M

MemTotal:        4016008 kB
MemFree:         3427068 kB
Active:           164492 kB
Mem:          3.8G       575M       3.3G       9.9M        18M       147M

MemTotal:        4016008 kB
MemFree:         3427240 kB
Active:           164504 kB
Mem:          3.8G       575M       3.3G       9.9M        18M       147M

MemTotal:        4016008 kB
MemFree:         3427364 kB
Active:           164500 kB
Mem:          3.8G       574M       3.3G       9.9M        18M       147M

MemTotal:        4016008 kB
MemFree:         3427364 kB
Active:           164504 kB
Mem:          3.8G       574M       3.3G       9.9M        18M       147M

MemTotal:        4016008 kB
MemFree:         3426992 kB
Active:           164528 kB
Mem:          3.8G       574M       3.3G       9.9M        18M       147M

MemTotal:        4016008 kB
MemFree:         3427488 kB
Active:           164504 kB
Mem:          3.8G       574M       3.3G       9.9M        18M       147M

MemTotal:        4016008 kB
MemFree:         3427488 kB
Active:           164504 kB
Mem:          3.8G       574M       3.3G       9.9M        18M       147M

MemTotal:        4016008 kB
MemFree:         3427364 kB
Active:           164508 kB
Mem:          3.8G       574M       3.3G       9.9M        18M       147M

MemTotal:        4016008 kB
MemFree:         3425564 kB
Active:           164512 kB
Mem:          3.8G       576M       3.3G       9.9M        18M       147M

MemTotal:        4016008 kB
MemFree:         3425316 kB
Active:           166560 kB
Mem:          3.8G       576M       3.3G       9.9M        18M       147M

MemTotal:        4016008 kB
MemFree:         3424960 kB
Active:           166592 kB
Mem:          3.8G       576M       3.3G       9.9M        18M       147M

MemTotal:        4016008 kB
MemFree:         3425084 kB
Active:           166596 kB
Mem:          3.8G       577M       3.3G       9.9M        18M       147M

MemTotal:        4016008 kB
MemFree:         3424836 kB
Active:           166600 kB
Mem:          3.8G       577M       3.3G       9.9M        18M       147M

MemTotal:        4016008 kB
MemFree:         3425208 kB
Active:           166552 kB
Mem:          3.8G       577M       3.3G       9.9M        18M       147M

MemTotal:        4016008 kB
MemFree:         3425456 kB
Active:           166576 kB
Mem:          3.8G       576M       3.3G       9.9M        18M       147M

MemTotal:        4016008 kB
MemFree:         3425580 kB
Active:           166560 kB
Mem:          3.8G       576M       3.3G       9.9M        18M       147M

MemTotal:        4016008 kB
MemFree:         3425332 kB
Active:           166600 kB
Mem:          3.8G       576M       3.3G       9.9M        18M       147M

MemTotal:        4016008 kB
MemFree:         3424944 kB
Active:           166604 kB
Mem:          3.8G       577M       3.3G       9.9M        18M       147M

MemTotal:        4016008 kB
MemFree:         3425316 kB
Active:           166564 kB
Mem:          3.8G       576M       3.3G       9.9M        18M       147M

MemTotal:        4016008 kB
MemFree:         3425600 kB
Active:           166596 kB
Mem:          3.8G       576M       3.3G       9.9M        18M       147M

MemTotal:        4016008 kB
MemFree:         3425476 kB
Active:           166596 kB
Mem:          3.8G       576M       3.3G       9.9M        18M       147M

MemTotal:        4016008 kB
MemFree:         3425476 kB
Active:           166568 kB
Mem:          3.8G       576M       3.3G       9.9M        18M       147M

MemTotal:        4016008 kB
MemFree:         3425476 kB
Active:           166632 kB
Mem:          3.8G       576M       3.3G       9.9M        18M       147M

MemTotal:        4016008 kB
MemFree:         3425352 kB
Active:           166576 kB
Mem:          3.8G       576M       3.3G       9.9M        18M       147M

MemTotal:        4016008 kB
MemFree:         3425352 kB
Active:           166584 kB
Mem:          3.8G       576M       3.3G       9.9M        18M       147M

MemTotal:        4016008 kB
MemFree:         3425352 kB
Active:           166600 kB
Mem:          3.8G       576M       3.3G       9.9M        18M       147M

MemTotal:        4016008 kB
MemFree:         3425476 kB
Active:           166612 kB
Mem:          3.8G       576M       3.3G       9.9M        18M       147M

MemTotal:        4016008 kB
MemFree:         3425476 kB
Active:           166616 kB
Mem:          3.8G       576M       3.3G       9.9M        18M       147M

MemTotal:        4016008 kB
MemFree:         3425600 kB
Active:           166620 kB
Mem:          3.8G       576M       3.3G       9.9M        18M       147M

MemTotal:        4016008 kB
MemFree:         3425600 kB
