MemTotal:        4016004 kB
MemFree:         3234168 kB
Active:           426920 kB
Mem:          3.8G       764M       3.1G       5.7M        52M       321M

MemTotal:        4016004 kB
MemFree:         3233888 kB
Active:           427372 kB
Mem:          3.8G       763M       3.1G       5.7M        52M       321M

MemTotal:        4016004 kB
MemFree:         3233144 kB
Active:           427476 kB
Mem:          3.8G       764M       3.1G       5.7M        52M       321M

MemTotal:        4016004 kB
MemFree:         3233500 kB
Active:           427496 kB
Mem:          3.8G       764M       3.1G       5.7M        52M       321M

MemTotal:        4016004 kB
MemFree:         3233484 kB
Active:           427492 kB
Mem:          3.8G       764M       3.1G       5.7M        52M       321M

MemTotal:        4016004 kB
MemFree:         3233608 kB
Active:           427484 kB
Mem:          3.8G       764M       3.1G       5.7M        52M       321M

MemTotal:        4016004 kB
MemFree:         3233344 kB
Active:           427476 kB
Mem:          3.8G       764M       3.1G       5.7M        52M       321M

MemTotal:        4016004 kB
MemFree:         3233328 kB
Active:           427528 kB
Mem:          3.8G       764M       3.1G       5.7M        52M       321M

MemTotal:        4016004 kB
MemFree:         3233484 kB
Active:           427524 kB
Mem:          3.8G       764M       3.1G       5.7M        52M       321M

MemTotal:        4016004 kB
MemFree:         3233236 kB
Active:           427484 kB
Mem:          3.8G       764M       3.1G       5.7M        52M       321M

MemTotal:        4016004 kB
MemFree:         3233608 kB
Active:           427520 kB
Mem:          3.8G       764M       3.1G       5.7M        52M       321M

MemTotal:        4016004 kB
MemFree:         3233484 kB
Active:           427508 kB
Mem:          3.8G       764M       3.1G       5.7M        52M       321M

MemTotal:        4016004 kB
MemFree:         3233360 kB
Active:           427512 kB
Mem:          3.8G       764M       3.1G       5.7M        52M       321M

MemTotal:        4016004 kB
MemFree:         3233360 kB
Active:           427508 kB
Mem:          3.8G       764M       3.1G       5.7M        52M       321M

MemTotal:        4016004 kB
MemFree:         3233468 kB
Active:           427496 kB
Mem:          3.8G       764M       3.1G       5.7M        52M       321M

MemTotal:        4016004 kB
MemFree:         3233996 kB
Active:           427496 kB
Mem:          3.8G       763M       3.1G       5.7M        52M       321M

MemTotal:        4016004 kB
MemFree:         3233996 kB
Active:           427536 kB
Mem:          3.8G       763M       3.1G       5.7M        52M       321M

MemTotal:        4016004 kB
MemFree:         3233996 kB
Active:           427516 kB
Mem:          3.8G       763M       3.1G       5.7M        52M       321M

MemTotal:        4016004 kB
MemFree:         3233996 kB
Active:           427512 kB
Mem:          3.8G       763M       3.1G       5.7M        52M       321M

MemTotal:        4016004 kB
MemFree:         3233732 kB
Active:           427524 kB
Mem:          3.8G       763M       3.1G       5.7M        52M       321M

MemTotal:        4016004 kB
MemFree:         3233996 kB
Active:           427528 kB
Mem:          3.8G       763M       3.1G       5.7M        52M       321M

MemTotal:        4016004 kB
MemFree:         3234228 kB
Active:           427500 kB
Mem:          3.8G       763M       3.1G       5.7M        52M       321M

MemTotal:        4016004 kB
MemFree:         3233996 kB
Active:           427520 kB
Mem:          3.8G       763M       3.1G       5.7M        52M       321M

MemTotal:        4016004 kB
MemFree:         3233872 kB
Active:           427508 kB
Mem:          3.8G       763M       3.1G       5.7M        52M       321M

MemTotal:        4016004 kB
MemFree:         3234060 kB
Active:           427520 kB
Mem:          3.8G       763M       3.1G       5.7M        52M       321M

MemTotal:        4016004 kB
MemFree:         3233564 kB
Active:           427504 kB
Mem:          3.8G       764M       3.1G       5.7M        52M       321M

MemTotal:        4016004 kB
MemFree:         3233068 kB
Active:           427552 kB
Mem:          3.8G       764M       3.1G       5.7M        52M       321M

MemTotal:        4016004 kB
MemFree:         3233440 kB
Active:           427548 kB
Mem:          3.8G       764M       3.1G       5.7M        52M       321M

MemTotal:        4016004 kB
MemFree:         3233688 kB
Active:           427536 kB
Mem:          3.8G       764M       3.1G       5.7M        52M       321M

MemTotal:        4016004 kB
MemFree:         3233548 kB
Active:           427520 kB
Mem:          3.8G       764M       3.1G       5.7M        52M       321M

MemTotal:        4016004 kB
MemFree:         3233672 kB
Active:           427552 kB
Mem:          3.8G       764M       3.1G       5.7M        52M       321M

MemTotal:        4016004 kB
MemFree:         3233548 kB
Active:           427524 kB
Mem:          3.8G       764M       3.1G       5.7M        52M       321M

MemTotal:        4016004 kB
MemFree:         3233292 kB
Active:           427568 kB
Mem:          3.8G       764M       3.1G       5.7M        52M       321M

MemTotal:        4016004 kB
MemFree:         3233524 kB
Active:           427564 kB
Mem:          3.8G       764M       3.1G       5.7M        52M       321M

MemTotal:        4016004 kB
MemFree:         3233384 kB
Active:           427540 kB
Mem:          3.8G       764M       3.1G       5.7M        52M       321M

MemTotal:        4016004 kB
MemFree:         3233756 kB
Active:           427568 kB
Mem:          3.8G       763M       3.1G       5.7M        52M       321M

MemTotal:        4016004 kB
MemFree:         3233632 kB
Active:           427564 kB
Mem:          3.8G       764M       3.1G       5.7M        52M       321M

MemTotal:        4016004 kB
MemFree:         3233632 kB
Active:           427544 kB
Mem:          3.8G       764M       3.1G       5.7M        52M       321M

MemTotal:        4016004 kB
MemFree:         3234144 kB
Active:           427528 kB
Mem:          3.8G       763M       3.1G       5.7M        52M       321M

MemTotal:        4016004 kB
MemFree:         3234020 kB
Active:           427564 kB
Mem:          3.8G       763M       3.1G       5.7M        52M       321M

MemTotal:        4016004 kB
MemFree:         3233648 kB
Active:           427584 kB
Mem:          3.8G       763M       3.1G       5.7M        52M       321M

MemTotal:        4016004 kB
MemFree:         3233648 kB
Active:           427576 kB
Mem:          3.8G       763M       3.1G       5.7M        52M       321M

MemTotal:        4016004 kB
MemFree:         3233400 kB
Active:           427540 kB
Mem:          3.8G       764M       3.1G       5.7M        52M       321M

MemTotal:        4016004 kB
MemFree:         3232732 kB
Active:           425528 kB
Mem:          3.8G       764M       3.1G       5.7M        52M       321M

MemTotal:        4016004 kB
MemFree:         3232856 kB
Active:           425496 kB
Mem:          3.8G       764M       3.1G       5.7M        52M       321M

MemTotal:        4016004 kB
MemFree:         3232856 kB
Active:           427556 kB
Mem:          3.8G       764M       3.1G       5.7M        52M       321M

MemTotal:        4016004 kB
MemFree:         3233228 kB
Active:           427572 kB
Mem:          3.8G       764M       3.1G       5.7M        52M       321M

MemTotal:        4016004 kB
MemFree:         3233336 kB
Active:           427600 kB
Mem:          3.8G       764M       3.1G       5.7M        52M       321M

MemTotal:        4016004 kB
MemFree:         3233568 kB
Active:           427584 kB
Mem:          3.8G       763M       3.1G       5.7M        52M       321M

MemTotal:        4016004 kB
MemFree:         3233800 kB
Active:           427560 kB
Mem:          3.8G       763M       3.1G       5.7M        52M       321M

MemTotal:        4016004 kB
MemFree:         3234172 kB
Active:           427580 kB
Mem:          3.8G       763M       3.1G       5.7M        52M       321M

MemTotal:        4016004 kB
MemFree:         3233552 kB
Active:           427596 kB
Mem:          3.8G       764M       3.1G       5.7M        52M       321M

MemTotal:        4016004 kB
MemFree:         3233056 kB
Active:           427636 kB
Mem:          3.8G       764M       3.1G       5.7M        52M       321M

MemTotal:        4016004 kB
MemFree:         3232244 kB
Active:           425588 kB
Mem:          3.8G       765M       3.1G       5.7M        52M       321M

MemTotal:        4016004 kB
MemFree:         3232988 kB
Active:           427608 kB
Mem:          3.8G       764M       3.1G       5.7M        52M       321M

MemTotal:        4016004 kB
MemFree:         3232988 kB
Active:           427632 kB
Mem:          3.8G       764M       3.1G       5.7M        52M       321M

MemTotal:        4016004 kB
MemFree:         3233236 kB
Active:           427600 kB
Mem:          3.8G       764M       3.1G       5.7M        52M       321M

MemTotal:        4016004 kB
MemFree:         3233128 kB
Active:           427584 kB
Mem:          3.8G       764M       3.1G       5.7M        52M       321M

MemTotal:        4016004 kB
MemFree:         3233252 kB
Active:           427612 kB
Mem:          3.8G       764M       3.1G       5.7M        52M       321M

MemTotal:        4016004 kB
MemFree:         3233128 kB
Active:           427620 kB
Mem:          3.8G       764M       3.1G       5.7M        52M       321M

MemTotal:        4016004 kB
MemFree:         3232632 kB
Active:           427636 kB
Mem:          3.8G       764M       3.1G       5.7M        52M       321M

MemTotal:        4016004 kB
MemFree:         3232880 kB
Active:           427600 kB
Mem:          3.8G       764M       3.1G       5.7M        52M       321M

MemTotal:        4016004 kB
MemFree:         3233004 kB
Active:           427620 kB
Mem:          3.8G       764M       3.1G       5.7M        52M       321M

MemTotal:        4016004 kB
MemFree:         3233624 kB
Active:           427592 kB
Mem:          3.8G       764M       3.1G       5.7M        52M       321M

MemTotal:        4016004 kB
MemFree:         3233748 kB
Active:           427620 kB
Mem:          3.8G       764M       3.1G       5.7M        52M       321M

MemTotal:        4016004 kB
MemFree:         3233624 kB
Active:           427652 kB
Mem:          3.8G       764M       3.1G       5.7M        52M       321M

MemTotal:        4016004 kB
MemFree:         3233672 kB
Active:           427640 kB
Mem:          3.8G       763M       3.1G       5.7M        52M       321M

MemTotal:        4016004 kB
MemFree:         3233672 kB
Active:           427620 kB
Mem:          3.8G       763M       3.1G       5.7M        52M       321M

MemTotal:        4016004 kB
MemFree:         3233796 kB
Active:           427648 kB
Mem:          3.8G       764M       3.1G       5.7M        52M       321M

MemTotal:        4016004 kB
MemFree:         3233780 kB
Active:           427616 kB
Mem:          3.8G       764M       3.1G       5.7M        52M       321M

MemTotal:        4016004 kB
MemFree:         3233160 kB
Active:           427620 kB
Mem:          3.8G       764M       3.1G       5.7M        52M       321M

MemTotal:        4016004 kB
MemFree:         3232664 kB
Active:           427660 kB
Mem:          3.8G       764M       3.1G       5.7M        52M       321M

MemTotal:        4016004 kB
MemFree:         3230848 kB
Active:           427632 kB
Mem:          3.8G       766M       3.1G       5.7M        52M       321M

MemTotal:        4016004 kB
MemFree:         3230956 kB
Active:           429652 kB
Mem:          3.8G       766M       3.1G       5.7M        52M       321M

MemTotal:        4016004 kB
MemFree:         3230956 kB
Active:           429680 kB
Mem:          3.8G       766M       3.1G       5.7M        52M       321M

MemTotal:        4016004 kB
MemFree:         3230568 kB
Active:           429684 kB
Mem:          3.8G       766M       3.1G       5.7M        52M       321M

MemTotal:        4016004 kB
MemFree:         3231468 kB
Active:           429640 kB
Mem:          3.8G       766M       3.1G       5.7M        52M       321M

MemTotal:        4016004 kB
MemFree:         3231096 kB
Active:           429688 kB
Mem:          3.8G       766M       3.1G       5.7M        52M       321M

MemTotal:        4016004 kB
MemFree:         3231344 kB
Active:           429692 kB
Mem:          3.8G       766M       3.1G       5.7M        52M       321M

MemTotal:        4016004 kB
MemFree:         3231468 kB
Active:           429648 kB
Mem:          3.8G       766M       3.1G       5.7M        52M       321M

MemTotal:        4016004 kB
MemFree:         3231452 kB
Active:           429668 kB
Mem:          3.8G       766M       3.1G       5.7M        52M       321M

MemTotal:        4016004 kB
MemFree:         3231452 kB
Active:           429644 kB
Mem:          3.8G       766M       3.1G       5.7M        52M       321M

MemTotal:        4016004 kB
MemFree:         3231452 kB
Active:           429664 kB
Mem:          3.8G       766M       3.1G       5.7M        52M       321M

MemTotal:        4016004 kB
MemFree:         3231576 kB
Active:           429676 kB
Mem:          3.8G       766M       3.1G       5.7M        52M       321M

MemTotal:        4016004 kB
MemFree:         3231576 kB
Active:           429664 kB
Mem:          3.8G       766M       3.1G       5.7M        52M       321M

MemTotal:        4016004 kB
MemFree:         3231236 kB
Active:           429672 kB
Mem:          3.8G       766M       3.1G       5.7M        52M       321M

MemTotal:        4016004 kB
MemFree:         3231112 kB
Active:           429656 kB
Mem:          3.8G       766M       3.1G       5.7M        52M       321M

MemTotal:        4016004 kB
MemFree:         3231220 kB
Active:           429708 kB
Mem:          3.8G       766M       3.1G       5.7M        52M       321M

MemTotal:        4016004 kB
MemFree:         3231188 kB
Active:           429688 kB
Mem:          3.8G       766M       3.1G       5.7M        52M       321M

MemTotal:        4016004 kB
MemFree:         3231408 kB
Active:           429700 kB
Mem:          3.8G       766M       3.1G       5.7M        52M       321M

MemTotal:        4016004 kB
MemFree:         3231268 kB
Active:           429704 kB
Mem:          3.8G       766M       3.1G       5.7M        52M       321M

MemTotal:        4016004 kB
MemFree:         3231252 kB
Active:           429716 kB
Mem:          3.8G       766M       3.1G       5.7M        52M       321M

MemTotal:        4016004 kB
MemFree:         3231252 kB
Active:           429696 kB
Mem:          3.8G       766M       3.1G       5.7M        52M       321M

MemTotal:        4016004 kB
MemFree:         3231128 kB
Active:           429672 kB
Mem:          3.8G       766M       3.1G       5.7M        52M       321M

MemTotal:        4016004 kB
MemFree:         3231252 kB
Active:           429700 kB
Mem:          3.8G       766M       3.1G       5.7M        52M       321M

MemTotal:        4016004 kB
MemFree:         3231004 kB
Active:           429688 kB
Mem:          3.8G       766M       3.1G       5.7M        52M       321M

MemTotal:        4016004 kB
MemFree:         3231128 kB
Active:           429720 kB
Mem:          3.8G       766M       3.1G       5.7M        52M       321M

MemTotal:        4016004 kB
MemFree:         3231500 kB
Active:           429712 kB
Mem:          3.8G       766M       3.1G       5.7M        52M       321M

MemTotal:        4016004 kB
MemFree:         3231360 kB
Active:           429692 kB
Mem:          3.8G       766M       3.1G       5.7M        52M       321M

MemTotal:        4016004 kB
MemFree:         3231236 kB
Active:           429716 kB
Mem:          3.8G       766M       3.1G       5.7M        52M       321M

MemTotal:        4016004 kB
MemFree:         3230988 kB
Active:           429724 kB
Mem:          3.8G       766M       3.1G       5.7M        52M       321M

MemTotal:        4016004 kB
MemFree:         3190032 kB
Active:           430040 kB
Mem:          3.8G       806M       3.0G       5.7M        52M       361M

MemTotal:        4016004 kB
MemFree:         3145216 kB
Active:           430076 kB
Mem:          3.8G       850M       3.0G       5.7M        52M       402M

MemTotal:        4016004 kB
MemFree:         3101208 kB
Active:           432136 kB
Mem:          3.8G       892M       3.0G       5.7M        52M       444M

MemTotal:        4016004 kB
MemFree:         3058812 kB
Active:           432120 kB
Mem:          3.8G       934M       2.9G       5.7M        52M       485M

MemTotal:        4016004 kB
MemFree:         3015424 kB
Active:           432180 kB
Mem:          3.8G       977M       2.9G       5.7M        52M       527M

MemTotal:        4016004 kB
MemFree:         2972424 kB
Active:           432208 kB
Mem:          3.8G       1.0G       2.8G       5.7M        52M       568M

MemTotal:        4016004 kB
MemFree:         2931036 kB
Active:           432204 kB
Mem:          3.8G       1.0G       2.8G       5.7M        52M       609M

MemTotal:        4016004 kB
MemFree:         2887168 kB
Active:           432256 kB
Mem:          3.8G       1.1G       2.8G       5.7M        52M       650M

MemTotal:        4016004 kB
MemFree:         2844284 kB
Active:           432232 kB
Mem:          3.8G       1.1G       2.7G       5.7M        52M       691M

MemTotal:        4016004 kB
MemFree:         2801508 kB
Active:           432280 kB
Mem:          3.8G       1.2G       2.7G       5.7M        52M       732M

MemTotal:        4016004 kB
MemFree:         2774512 kB
Active:           432296 kB
Mem:          3.8G       1.2G       2.6G       5.7M        52M       758M

MemTotal:        4016004 kB
MemFree:         2773356 kB
Active:           430284 kB
Mem:          3.8G       1.2G       2.6G       5.7M        52M       758M

MemTotal:        4016004 kB
MemFree:         2773204 kB
Active:           432292 kB
Mem:          3.8G       1.2G       2.6G       5.7M        52M       758M

MemTotal:        4016004 kB
MemFree:         2738044 kB
Active:           432348 kB
Mem:          3.8G       1.2G       2.6G       5.7M        52M       793M

MemTotal:        4016004 kB
MemFree:         2695896 kB
Active:           432368 kB
Mem:          3.8G       1.3G       2.6G       5.7M        52M       834M

MemTotal:        4016004 kB
MemFree:         2654808 kB
Active:           432332 kB
Mem:          3.8G       1.3G       2.5G       5.7M        52M       875M

MemTotal:        4016004 kB
MemFree:         2612040 kB
Active:           432360 kB
Mem:          3.8G       1.3G       2.5G       5.7M        52M       916M

MemTotal:        4016004 kB
MemFree:         2567784 kB
Active:           432424 kB
Mem:          3.8G       1.4G       2.4G       5.7M        52M       957M

MemTotal:        4016004 kB
MemFree:         2524660 kB
Active:           432420 kB
Mem:          3.8G       1.4G       2.4G       5.7M        52M       999M

MemTotal:        4016004 kB
MemFree:         2481660 kB
Active:           432432 kB
Mem:          3.8G       1.5G       2.4G       5.7M        52M       1.0G

MemTotal:        4016004 kB
MemFree:         2439528 kB
Active:           432488 kB
Mem:          3.8G       1.5G       2.3G       5.7M        52M       1.1G

MemTotal:        4016004 kB
MemFree:         2413128 kB
Active:           432528 kB
Mem:          3.8G       1.5G       2.3G       5.7M        52M       1.1G

MemTotal:        4016004 kB
MemFree:         2368812 kB
Active:           432540 kB
Mem:          3.8G       1.6G       2.3G       5.7M        52M       1.1G

MemTotal:        4016004 kB
MemFree:         2325068 kB
Active:           432536 kB
Mem:          3.8G       1.6G       2.2G       5.7M        52M       1.2G

MemTotal:        4016004 kB
MemFree:         2319496 kB
Active:           432596 kB
Mem:          3.8G       1.6G       2.2G       5.7M        52M       1.2G

MemTotal:        4016004 kB
MemFree:         2290384 kB
Active:           432616 kB
Mem:          3.8G       1.6G       2.2G       5.7M        52M       1.2G

MemTotal:        4016004 kB
MemFree:         2245712 kB
Active:           432620 kB
Mem:          3.8G       1.7G       2.1G       5.7M        52M       1.2G

MemTotal:        4016004 kB
MemFree:         2200764 kB
Active:           432664 kB
Mem:          3.8G       1.7G       2.1G       5.7M        52M       1.3G

MemTotal:        4016004 kB
MemFree:         2158308 kB
Active:           432652 kB
Mem:          3.8G       1.8G       2.1G       5.7M        52M       1.3G

MemTotal:        4016004 kB
MemFree:         2115280 kB
Active:           432696 kB
Mem:          3.8G       1.8G       2.0G       5.7M        52M       1.4G

MemTotal:        4016004 kB
MemFree:         2072760 kB
Active:           432692 kB
Mem:          3.8G       1.9G       2.0G       5.7M        52M       1.4G

MemTotal:        4016004 kB
MemFree:         2028144 kB
Active:           434724 kB
Mem:          3.8G       1.9G       1.9G       5.7M        52M       1.4G

MemTotal:        4016004 kB
MemFree:         1985516 kB
Active:           434800 kB
Mem:          3.8G       1.9G       1.9G       5.7M        52M       1.5G

MemTotal:        4016004 kB
MemFree:         1965504 kB
Active:           434792 kB
Mem:          3.8G       2.0G       1.9G       5.7M        52M       1.5G

MemTotal:        4016004 kB
MemFree:         1932696 kB
Active:           434804 kB
Mem:          3.8G       2.0G       1.8G       5.7M        52M       1.5G

MemTotal:        4016004 kB
MemFree:         1889680 kB
Active:           434844 kB
Mem:          3.8G       2.0G       1.8G       5.7M        52M       1.6G

MemTotal:        4016004 kB
MemFree:         1866072 kB
Active:           434840 kB
Mem:          3.8G       2.1G       1.8G       5.7M        52M       1.6G

MemTotal:        4016004 kB
MemFree:         1860108 kB
Active:           434904 kB
Mem:          3.8G       2.1G       1.8G       5.7M        52M       1.6G

MemTotal:        4016004 kB
MemFree:         1817604 kB
Active:           434896 kB
Mem:          3.8G       2.1G       1.7G       5.7M        52M       1.6G

MemTotal:        4016004 kB
MemFree:         1774048 kB
Active:           434956 kB
Mem:          3.8G       2.1G       1.7G       5.7M        52M       1.7G

MemTotal:        4016004 kB
MemFree:         1731552 kB
Active:           434940 kB
Mem:          3.8G       2.2G       1.7G       5.7M        53M       1.7G

MemTotal:        4016004 kB
MemFree:         1688244 kB
Active:           434996 kB
Mem:          3.8G       2.2G       1.6G       5.7M        53M       1.8G

MemTotal:        4016004 kB
MemFree:         1644996 kB
Active:           435024 kB
Mem:          3.8G       2.3G       1.6G       5.7M        53M       1.8G

MemTotal:        4016004 kB
MemFree:         1601872 kB
Active:           435040 kB
Mem:          3.8G       2.3G       1.5G       5.7M        53M       1.8G

MemTotal:        4016004 kB
MemFree:         1556656 kB
Active:           435064 kB
Mem:          3.8G       2.3G       1.5G       5.7M        53M       1.9G

MemTotal:        4016004 kB
MemFree:         1514636 kB
Active:           435060 kB
Mem:          3.8G       2.4G       1.4G       5.7M        53M       1.9G

MemTotal:        4016004 kB
MemFree:         1471572 kB
Active:           435104 kB
Mem:          3.8G       2.4G       1.4G       5.7M        53M       2.0G

MemTotal:        4016004 kB
MemFree:         1427456 kB
Active:           435132 kB
Mem:          3.8G       2.5G       1.4G       5.7M        53M       2.0G

MemTotal:        4016004 kB
MemFree:         1420516 kB
Active:           435152 kB
Mem:          3.8G       2.5G       1.4G       5.7M        53M       2.0G

MemTotal:        4016004 kB
MemFree:         1380544 kB
Active:           435164 kB
Mem:          3.8G       2.5G       1.3G       5.7M        53M       2.0G

MemTotal:        4016004 kB
MemFree:         1337920 kB
Active:           435136 kB
Mem:          3.8G       2.6G       1.3G       5.7M        53M       2.1G

MemTotal:        4016004 kB
MemFree:         1295020 kB
Active:           435224 kB
Mem:          3.8G       2.6G       1.2G       5.7M        53M       2.1G

MemTotal:        4016004 kB
MemFree:         1251368 kB
Active:           435220 kB
Mem:          3.8G       2.6G       1.2G       5.7M        53M       2.2G

MemTotal:        4016004 kB
MemFree:         1207956 kB
Active:           435248 kB
Mem:          3.8G       2.7G       1.2G       5.7M        53M       2.2G

MemTotal:        4016004 kB
MemFree:         1165296 kB
Active:           435312 kB
Mem:          3.8G       2.7G       1.1G       5.7M        53M       2.3G

MemTotal:        4016004 kB
MemFree:         1120980 kB
Active:           435340 kB
Mem:          3.8G       2.8G       1.1G       5.7M        53M       2.3G

MemTotal:        4016004 kB
MemFree:         1078724 kB
Active:           435328 kB
Mem:          3.8G       2.8G       1.0G       5.7M        53M       2.3G

MemTotal:        4016004 kB
MemFree:         1053024 kB
Active:           435380 kB
Mem:          3.8G       2.8G       1.0G       5.7M        53M       2.4G

MemTotal:        4016004 kB
MemFree:         1010212 kB
Active:           435352 kB
Mem:          3.8G       2.9G       986M       5.7M        53M       2.4G

MemTotal:        4016004 kB
MemFree:          983588 kB
Active:           435424 kB
Mem:          3.8G       2.9G       960M       5.7M        53M       2.4G

MemTotal:        4016004 kB
MemFree:          983208 kB
Active:           433440 kB
Mem:          3.8G       2.9G       960M       5.7M        53M       2.4G

MemTotal:        4016004 kB
MemFree:          983272 kB
Active:           433392 kB
Mem:          3.8G       2.9G       959M       5.7M        53M       2.4G

MemTotal:        4016004 kB
MemFree:          981788 kB
Active:           435468 kB
Mem:          3.8G       2.9G       958M       5.7M        53M       2.4G

MemTotal:        4016004 kB
MemFree:          938384 kB
Active:           435516 kB
Mem:          3.8G       2.9G       915M       5.7M        53M       2.5G

MemTotal:        4016004 kB
MemFree:          894380 kB
Active:           435536 kB
Mem:          3.8G       3.0G       873M       5.7M        53M       2.5G

MemTotal:        4016004 kB
MemFree:          852388 kB
Active:           435560 kB
Mem:          3.8G       3.0G       831M       5.7M        53M       2.5G

MemTotal:        4016004 kB
MemFree:          810256 kB
Active:           435592 kB
Mem:          3.8G       3.1G       790M       5.7M        53M       2.6G

MemTotal:        4016004 kB
MemFree:          768248 kB
Active:           435572 kB
Mem:          3.8G       3.1G       750M       5.7M        53M       2.6G

MemTotal:        4016004 kB
MemFree:          725372 kB
Active:           435616 kB
Mem:          3.8G       3.1G       708M       5.7M        53M       2.7G

MemTotal:        4016004 kB
MemFree:          682124 kB
Active:           435604 kB
Mem:          3.8G       3.2G       665M       5.7M        53M       2.7G

MemTotal:        4016004 kB
MemFree:          639488 kB
Active:           433656 kB
Mem:          3.8G       3.2G       623M       5.7M        53M       2.7G

MemTotal:        4016004 kB
MemFree:          595944 kB
Active:           435688 kB
Mem:          3.8G       3.3G       581M       5.7M        53M       2.8G

MemTotal:        4016004 kB
MemFree:          553380 kB
Active:           435736 kB
Mem:          3.8G       3.3G       540M       5.7M        53M       2.8G

MemTotal:        4016004 kB
MemFree:          548308 kB
Active:           435760 kB
Mem:          3.8G       3.3G       535M       5.7M        53M       2.8G

MemTotal:        4016004 kB
MemFree:          547952 kB
Active:           435544 kB
Mem:          3.8G       3.3G       534M       5.7M        53M       2.8G

MemTotal:        4016004 kB
MemFree:          522240 kB
Active:           435616 kB
Mem:          3.8G       3.3G       509M       5.7M        53M       2.9G

MemTotal:        4016004 kB
MemFree:          480808 kB
Active:           435640 kB
Mem:          3.8G       3.4G       468M       5.7M        53M       2.9G

MemTotal:        4016004 kB
MemFree:          437660 kB
Active:           435660 kB
Mem:          3.8G       3.4G       426M       5.7M        53M       2.9G

MemTotal:        4016004 kB
MemFree:          394660 kB
Active:           435664 kB
Mem:          3.8G       3.5G       385M       5.7M        53M       3.0G

MemTotal:        4016004 kB
MemFree:          351164 kB
Active:           435712 kB
Mem:          3.8G       3.5G       342M       5.7M        53M       3.0G

MemTotal:        4016004 kB
MemFree:          308644 kB
Active:           435732 kB
Mem:          3.8G       3.5G       301M       5.7M        53M       3.1G

MemTotal:        4016004 kB
MemFree:          265396 kB
Active:           435724 kB
Mem:          3.8G       3.6G       258M       5.7M        53M       3.1G

MemTotal:        4016004 kB
MemFree:          221900 kB
Active:           435740 kB
Mem:          3.8G       3.6G       216M       5.7M        53M       3.1G

MemTotal:        4016004 kB
MemFree:          179076 kB
Active:           435800 kB
Mem:          3.8G       3.7G       174M       5.7M        53M       3.2G

MemTotal:        4016004 kB
MemFree:          136420 kB
Active:           435824 kB
Mem:          3.8G       3.7G       132M       5.7M        53M       3.2G

MemTotal:        4016004 kB
MemFree:          114308 kB
Active:           435852 kB
Mem:          3.8G       3.7G       111M       5.7M        53M       3.2G

MemTotal:        4016004 kB
MemFree:          114124 kB
Active:           435832 kB
Mem:          3.8G       3.7G       111M       5.7M        53M       3.2G

MemTotal:        4016004 kB
MemFree:          115464 kB
Active:           432588 kB
Mem:          3.8G       3.7G       133M       5.7M        21M       3.2G

MemTotal:        4016004 kB
MemFree:          126824 kB
Active:           494808 kB
Mem:          3.8G       3.7G       123M       5.7M        21M       3.3G

MemTotal:        4016004 kB
MemFree:          113336 kB
Active:           489820 kB
Mem:          3.8G       3.7G       110M       5.7M        21M       3.3G

MemTotal:        4016004 kB
MemFree:          105924 kB
Active:           486408 kB
Mem:          3.8G       3.7G       103M       5.7M        21M       3.3G

MemTotal:        4016004 kB
MemFree:          129492 kB
Active:           480028 kB
Mem:          3.8G       3.7G       126M       5.7M        21M       3.3G

MemTotal:        4016004 kB
MemFree:          105872 kB
Active:           478344 kB
Mem:          3.8G       3.7G       103M       5.7M        21M       3.3G

MemTotal:        4016004 kB
MemFree:          105040 kB
Active:           475352 kB
Mem:          3.8G       3.7G       122M       5.7M        21M       3.3G

MemTotal:        4016004 kB
MemFree:          127884 kB
Active:           468588 kB
Mem:          3.8G       3.7G       124M       5.7M        21M       3.3G

MemTotal:        4016004 kB
MemFree:          112120 kB
Active:           468588 kB
Mem:          3.8G       3.7G       109M       5.7M        21M       3.3G

MemTotal:        4016004 kB
MemFree:          130272 kB
Active:           461344 kB
Mem:          3.8G       3.7G       127M       5.7M        21M       3.3G

MemTotal:        4016004 kB
MemFree:          111992 kB
Active:           457400 kB
Mem:          3.8G       3.7G       109M       5.7M        21M       3.3G

MemTotal:        4016004 kB
MemFree:          106660 kB
Active:           455992 kB
Mem:          3.8G       3.7G       103M       5.7M        21M       3.3G

MemTotal:        4016004 kB
MemFree:          130552 kB
Active:           449320 kB
Mem:          3.8G       3.7G       127M       5.7M        21M       3.3G

MemTotal:        4016004 kB
MemFree:          124672 kB
Active:           448188 kB
Mem:          3.8G       3.7G       122M       5.7M        21M       3.3G

MemTotal:        4016004 kB
MemFree:          136212 kB
Active:           446160 kB
Mem:          3.8G       3.7G       132M       5.7M        21M       3.2G

MemTotal:        4016004 kB
MemFree:          130172 kB
Active:           445124 kB
Mem:          3.8G       3.7G       127M       5.7M        21M       3.3G

MemTotal:        4016004 kB
MemFree:          126012 kB
Active:           443768 kB
Mem:          3.8G       3.7G       122M       5.7M        21M       3.3G

MemTotal:        4016004 kB
MemFree:          132784 kB
Active:           441876 kB
Mem:          3.8G       3.7G       130M       5.7M        21M       3.2G

MemTotal:        4016004 kB
MemFree:          127044 kB
Active:           441376 kB
Mem:          3.8G       3.7G       123M       5.7M        21M       3.3G

MemTotal:        4016004 kB
MemFree:          113676 kB
Active:           441240 kB
Mem:          3.8G       3.7G       110M       5.7M        21M       3.3G

MemTotal:        4016004 kB
MemFree:          126800 kB
Active:           439996 kB
Mem:          3.8G       3.7G       123M       5.7M        21M       3.3G

MemTotal:        4016004 kB
MemFree:          120940 kB
Active:           436928 kB
Mem:          3.8G       3.7G       117M       5.7M        21M       3.3G

MemTotal:        4016004 kB
MemFree:          114092 kB
Active:           435804 kB
Mem:          3.8G       3.7G       111M       5.7M        21M       3.3G

MemTotal:        4016004 kB
MemFree:          107180 kB
Active:           434524 kB
Mem:          3.8G       3.7G       104M       5.7M        21M       3.3G

MemTotal:        4016004 kB
MemFree:          125096 kB
Active:           432900 kB
Mem:          3.8G       3.7G       121M       5.7M        21M       3.3G

MemTotal:        4016004 kB
MemFree:          143192 kB
Active:           430700 kB
Mem:          3.8G       3.7G       139M       5.7M        21M       3.2G

MemTotal:        4016004 kB
MemFree:          124360 kB
Active:           427976 kB
Mem:          3.8G       3.7G       121M       5.7M        21M       3.3G

MemTotal:        4016004 kB
MemFree:          117828 kB
Active:           426584 kB
Mem:          3.8G       3.7G       115M       5.7M        21M       3.3G

MemTotal:        4016004 kB
MemFree:          137788 kB
Active:           424708 kB
Mem:          3.8G       3.7G       134M       5.7M        21M       3.2G

MemTotal:        4016004 kB
MemFree:          131144 kB
Active:           421472 kB
Mem:          3.8G       3.7G       128M       5.7M        21M       3.2G

MemTotal:        4016004 kB
MemFree:          140488 kB
Active:           419920 kB
Mem:          3.8G       3.7G       137M       5.7M        21M       3.2G

MemTotal:        4016004 kB
MemFree:          140960 kB
Active:           419796 kB
Mem:          3.8G       3.7G       137M       5.7M        21M       3.2G

MemTotal:        4016004 kB
MemFree:          140188 kB
Active:           419856 kB
Mem:          3.8G       3.7G       137M       5.7M        21M       3.2G

MemTotal:        4016004 kB
MemFree:          127472 kB
Active:           419364 kB
Mem:          3.8G       3.7G       124M       5.7M        21M       3.3G

MemTotal:        4016004 kB
MemFree:          126424 kB
Active:           415808 kB
Mem:          3.8G       3.7G       123M       5.7M        21M       3.3G

MemTotal:        4016004 kB
MemFree:          110976 kB
Active:           414904 kB
Mem:          3.8G       3.7G       108M       5.7M        21M       3.3G

MemTotal:        4016004 kB
MemFree:          128128 kB
Active:           411116 kB
Mem:          3.8G       3.7G       124M       5.7M        21M       3.3G

MemTotal:        4016004 kB
MemFree:          126624 kB
Active:           409716 kB
Mem:          3.8G       3.7G       123M       5.7M        21M       3.3G

MemTotal:        4016004 kB
MemFree:          110484 kB
Active:           408856 kB
Mem:          3.8G       3.7G       107M       5.7M        21M       3.3G

MemTotal:        4016004 kB
MemFree:          127980 kB
Active:           405100 kB
Mem:          3.8G       3.7G       124M       5.7M        21M       3.3G

MemTotal:        4016004 kB
MemFree:          127384 kB
Active:           403560 kB
Mem:          3.8G       3.7G       123M       5.7M        22M       3.3G

MemTotal:        4016004 kB
MemFree:          125628 kB
Active:           402976 kB
Mem:          3.8G       3.7G       122M       5.7M        22M       3.3G

MemTotal:        4016004 kB
MemFree:          109984 kB
Active:           401804 kB
Mem:          3.8G       3.7G       106M       5.7M        22M       3.3G

MemTotal:        4016004 kB
MemFree:          110440 kB
Active:           400208 kB
Mem:          3.8G       3.7G       107M       5.7M        22M       3.3G

MemTotal:        4016004 kB
MemFree:          106732 kB
Active:           400056 kB
Mem:          3.8G       3.7G       104M       5.7M        22M       3.3G

MemTotal:        4016004 kB
MemFree:          125024 kB
Active:           398460 kB
Mem:          3.8G       3.7G       130M       5.7M        22M       3.2G

MemTotal:        4016004 kB
MemFree:          106228 kB
Active:           397292 kB
Mem:          3.8G       3.7G       103M       5.7M        22M       3.3G

MemTotal:        4016004 kB
MemFree:          110696 kB
Active:           395688 kB
Mem:          3.8G       3.7G       108M       5.7M        22M       3.3G

MemTotal:        4016004 kB
MemFree:          118444 kB
Active:           390864 kB
Mem:          3.8G       3.7G       115M       5.7M        22M       3.3G

MemTotal:        4016004 kB
MemFree:          111372 kB
Active:           389608 kB
Mem:          3.8G       3.7G       108M       5.7M        22M       3.3G

MemTotal:        4016004 kB
MemFree:          105672 kB
Active:           388476 kB
Mem:          3.8G       3.7G       103M       5.7M        22M       3.3G

MemTotal:        4016004 kB
MemFree:          135252 kB
Active:           386288 kB
Mem:          3.8G       3.7G       131M       5.7M        22M       3.2G

MemTotal:        4016004 kB
MemFree:          128148 kB
Active:           385200 kB
Mem:          3.8G       3.7G       125M       5.7M        22M       3.3G

MemTotal:        4016004 kB
MemFree:          132084 kB
Active:           383300 kB
Mem:          3.8G       3.7G       128M       5.7M        22M       3.2G

MemTotal:        4016004 kB
MemFree:          140584 kB
Active:           383012 kB
Mem:          3.8G       3.7G       137M       5.7M        23M       3.2G

MemTotal:        4016004 kB
MemFree:          134764 kB
Active:           387220 kB
Mem:          3.8G       3.7G       131M       5.7M        27M       3.2G

MemTotal:        4016004 kB
MemFree:          134364 kB
Active:           387208 kB
Mem:          3.8G       3.7G       130M       5.7M        27M       3.2G

MemTotal:        4016004 kB
MemFree:          134492 kB
Active:           386904 kB
Mem:          3.8G       3.7G       131M       5.7M        27M       3.2G

MemTotal:        4016004 kB
MemFree:          122036 kB
Active:           386396 kB
Mem:          3.8G       3.7G       119M       5.7M        27M       3.2G

MemTotal:        4016004 kB
MemFree:          107184 kB
Active:           385344 kB
Mem:          3.8G       3.7G       104M       5.7M        27M       3.3G

MemTotal:        4016004 kB
MemFree:          128680 kB
Active:           383300 kB
Mem:          3.8G       3.7G       125M       5.7M        27M       3.2G

MemTotal:        4016004 kB
MemFree:          113312 kB
Active:           382384 kB
Mem:          3.8G       3.7G       110M       5.7M        27M       3.3G

MemTotal:        4016004 kB
MemFree:          129040 kB
Active:           381352 kB
Mem:          3.8G       3.7G       125M       5.7M        27M       3.2G

MemTotal:        4016004 kB
MemFree:          114052 kB
Active:           381280 kB
Mem:          3.8G       3.7G       110M       5.7M        27M       3.3G

MemTotal:        4016004 kB
MemFree:          120304 kB
Active:           381244 kB
Mem:          3.8G       3.7G       117M       5.7M        27M       3.3G

MemTotal:        4016004 kB
MemFree:          111816 kB
Active:           381280 kB
Mem:          3.8G       3.7G       109M       5.7M        27M       3.3G

MemTotal:        4016004 kB
MemFree:          104860 kB
Active:           381288 kB
Mem:          3.8G       3.7G       109M       5.7M        27M       3.3G

MemTotal:        4016004 kB
MemFree:          120376 kB
Active:           381112 kB
Mem:          3.8G       3.7G       116M       5.7M        27M       3.3G

MemTotal:        4016004 kB
MemFree:          118160 kB
Active:           381160 kB
Mem:          3.8G       3.7G       125M       5.7M        27M       3.2G

MemTotal:        4016004 kB
MemFree:          124588 kB
Active:           380916 kB
Mem:          3.8G       3.7G       121M       5.7M        27M       3.2G

MemTotal:        4016004 kB
MemFree:          124436 kB
Active:           380952 kB
Mem:          3.8G       3.7G       121M       5.7M        27M       3.2G

MemTotal:        4016004 kB
MemFree:          124268 kB
Active:           380992 kB
Mem:          3.8G       3.7G       121M       5.7M        27M       3.2G

MemTotal:        4016004 kB
MemFree:          124616 kB
Active:           380964 kB
Mem:          3.8G       3.7G       121M       5.7M        27M       3.2G

MemTotal:        4016004 kB
MemFree:          125820 kB
Active:           381004 kB
Mem:          3.8G       3.7G       122M       5.7M        27M       3.2G

MemTotal:        4016004 kB
MemFree:          124216 kB
Active:           380956 kB
Mem:          3.8G       3.7G       120M       5.7M        27M       3.2G

MemTotal:        4016004 kB
MemFree:          105520 kB
Active:           380996 kB
Mem:          3.8G       3.7G       103M       5.7M        27M       3.3G

MemTotal:        4016004 kB
MemFree:          126364 kB
Active:           381012 kB
Mem:          3.8G       3.7G       123M       5.7M        27M       3.2G

MemTotal:        4016004 kB
MemFree:          117464 kB
Active:           381020 kB
Mem:          3.8G       3.7G       114M       5.7M        27M       3.3G

MemTotal:        4016004 kB
MemFree:          120824 kB
Active:           381020 kB
Mem:          3.8G       3.7G       117M       5.7M        27M       3.3G

MemTotal:        4016004 kB
MemFree:          112032 kB
Active:           380968 kB
Mem:          3.8G       3.7G       109M       5.7M        27M       3.3G

MemTotal:        4016004 kB
MemFree:          115056 kB
Active:           380880 kB
Mem:          3.8G       3.7G       112M       5.7M        27M       3.3G

MemTotal:        4016004 kB
MemFree:          105600 kB
Active:           380920 kB
Mem:          3.8G       3.7G       102M       5.7M        27M       3.3G

MemTotal:        4016004 kB
MemFree:          133624 kB
Active:           380920 kB
Mem:          3.8G       3.7G       130M       5.7M        27M       3.2G

MemTotal:        4016004 kB
MemFree:          134200 kB
Active:           380920 kB
Mem:          3.8G       3.7G       130M       5.7M        27M       3.2G

MemTotal:        4016004 kB
MemFree:          121352 kB
Active:           380920 kB
Mem:          3.8G       3.7G       117M       5.7M        27M       3.3G

MemTotal:        4016004 kB
MemFree:          128512 kB
Active:           380908 kB
Mem:          3.8G       3.7G       125M       5.7M        27M       3.2G

MemTotal:        4016004 kB
MemFree:          128588 kB
Active:           380884 kB
Mem:          3.8G       3.7G       125M       5.7M        27M       3.2G

MemTotal:        4016004 kB
MemFree:          123360 kB
Active:           381940 kB
Mem:          3.8G       3.7G       119M       5.7M        27M       3.2G

MemTotal:        4016004 kB
MemFree:          130868 kB
Active:           381812 kB
Mem:          3.8G       3.7G       127M       5.7M        27M       3.2G

MemTotal:        4016004 kB
MemFree:          115964 kB
Active:           381772 kB
Mem:          3.8G       3.7G       112M       5.7M        27M       3.3G

MemTotal:        4016004 kB
MemFree:          107112 kB
Active:           381792 kB
Mem:          3.8G       3.7G       103M       5.7M        27M       3.3G

MemTotal:        4016004 kB
MemFree:          123260 kB
Active:           381804 kB
Mem:          3.8G       3.7G       120M       5.7M        27M       3.2G

MemTotal:        4016004 kB
MemFree:          113944 kB
Active:           381804 kB
Mem:          3.8G       3.7G       111M       5.7M        27M       3.3G

MemTotal:        4016004 kB
MemFree:          122776 kB
Active:           381804 kB
Mem:          3.8G       3.7G       119M       5.7M        27M       3.2G

MemTotal:        4016004 kB
MemFree:          119324 kB
Active:           381812 kB
Mem:          3.8G       3.7G       116M       5.7M        27M       3.2G

MemTotal:        4016004 kB
MemFree:          110116 kB
Active:           381820 kB
Mem:          3.8G       3.7G       107M       5.7M        27M       3.3G

MemTotal:        4016004 kB
MemFree:          119228 kB
Active:           381808 kB
Mem:          3.8G       3.7G       116M       5.7M        27M       3.2G

MemTotal:        4016004 kB
MemFree:          110064 kB
Active:           381816 kB
Mem:          3.8G       3.7G       107M       5.7M        27M       3.3G

MemTotal:        4016004 kB
MemFree:          125652 kB
Active:           381816 kB
Mem:          3.8G       3.7G       122M       5.7M        27M       3.2G

MemTotal:        4016004 kB
MemFree:          126964 kB
Active:           381816 kB
Mem:          3.8G       3.7G       123M       5.7M        27M       3.2G

MemTotal:        4016004 kB
MemFree:          126592 kB
Active:           381832 kB
Mem:          3.8G       3.7G       123M       5.7M        27M       3.2G

MemTotal:        4016004 kB
MemFree:          116200 kB
Active:           381852 kB
Mem:          3.8G       3.7G       113M       5.7M        27M       3.3G

MemTotal:        4016004 kB
MemFree:          126456 kB
Active:           381828 kB
Mem:          3.8G       3.7G       122M       5.7M        27M       3.2G

MemTotal:        4016004 kB
MemFree:          123308 kB
Active:           381824 kB
Mem:          3.8G       3.7G       120M       5.7M        27M       3.2G

MemTotal:        4016004 kB
MemFree:          104916 kB
Active:           381800 kB
Mem:          3.8G       3.7G       107M       5.7M        27M       3.3G

MemTotal:        4016004 kB
MemFree:          125104 kB
Active:           381864 kB
Mem:          3.8G       3.7G       122M       5.7M        27M       3.2G

MemTotal:        4016004 kB
MemFree:          113420 kB
Active:           379100 kB
Mem:          3.8G       3.7G       110M       5.7M        27M       3.3G

MemTotal:        4016004 kB
MemFree:          105024 kB
Active:           379012 kB
Mem:          3.8G       3.7G       102M       5.7M        27M       3.3G

MemTotal:        4016004 kB
MemFree:          131256 kB
Active:           378988 kB
Mem:          3.8G       3.7G       127M       5.7M        27M       3.2G

MemTotal:        4016004 kB
MemFree:          134268 kB
Active:           378996 kB
Mem:          3.8G       3.7G       130M       5.7M        27M       3.2G

MemTotal:        4016004 kB
MemFree:          143620 kB
Active:           379036 kB
Mem:          3.8G       3.7G       139M       5.7M        27M       3.2G

MemTotal:        4016004 kB
MemFree:          134048 kB
Active:           379024 kB
Mem:          3.8G       3.7G       130M       5.7M        27M       3.2G

MemTotal:        4016004 kB
MemFree:          117016 kB
Active:           379016 kB
Mem:          3.8G       3.7G       114M       5.7M        27M       3.2G

MemTotal:        4016004 kB
MemFree:          113480 kB
Active:           379036 kB
Mem:          3.8G       3.7G       111M       5.7M        27M       3.3G

MemTotal:        4016004 kB
MemFree:          106396 kB
Active:           378996 kB
Mem:          3.8G       3.7G       103M       5.7M        27M       3.3G

MemTotal:        4016004 kB
MemFree:          117212 kB
Active:           374616 kB
Mem:          3.8G       3.7G       114M       5.7M        27M       3.2G

MemTotal:        4016004 kB
MemFree:          109196 kB
Active:           374656 kB
Mem:          3.8G       3.7G       106M       5.7M        27M       3.3G

MemTotal:        4016004 kB
MemFree:          127072 kB
Active:           374672 kB
Mem:          3.8G       3.7G       124M       5.7M        27M       3.2G

MemTotal:        4016004 kB
MemFree:          143340 kB
Active:           374664 kB
Mem:          3.8G       3.7G       140M       5.7M        27M       3.2G

MemTotal:        4016004 kB
MemFree:          134216 kB
Active:           374640 kB
Mem:          3.8G       3.7G       131M       5.7M        27M       3.2G

MemTotal:        4016004 kB
MemFree:          153084 kB
Active:           374676 kB
Mem:          3.8G       3.7G       149M       5.7M        27M       3.2G

MemTotal:        4016004 kB
MemFree:          125672 kB
Active:           374628 kB
Mem:          3.8G       3.7G       122M       5.7M        27M       3.2G

MemTotal:        4016004 kB
MemFree:          130896 kB
Active:           374652 kB
Mem:          3.8G       3.7G       127M       5.7M        27M       3.2G

MemTotal:        4016004 kB
MemFree:          124864 kB
Active:           374680 kB
Mem:          3.8G       3.7G       121M       5.7M        27M       3.2G

MemTotal:        4016004 kB
MemFree:          107688 kB
Active:           373948 kB
Mem:          3.8G       3.7G       104M       5.7M        27M       3.3G

MemTotal:        4016004 kB
MemFree:          134812 kB
Active:           373912 kB
Mem:          3.8G       3.7G       131M       5.7M        27M       3.2G

MemTotal:        4016004 kB
MemFree:          132156 kB
Active:           373344 kB
Mem:          3.8G       3.7G       129M       5.7M        27M       3.2G

MemTotal:        4016004 kB
MemFree:          134304 kB
Active:           373348 kB
Mem:          3.8G       3.7G       131M       5.7M        27M       3.2G

MemTotal:        4016004 kB
MemFree:          131004 kB
Active:           373224 kB
Mem:          3.8G       3.7G       128M       5.7M        27M       3.2G

MemTotal:        4016004 kB
MemFree:          138704 kB
Active:           373232 kB
Mem:          3.8G       3.7G       135M       5.7M        27M       3.2G

MemTotal:        4016004 kB
MemFree:          130424 kB
Active:           373232 kB
Mem:          3.8G       3.7G       126M       5.7M        27M       3.2G

MemTotal:        4016004 kB
MemFree:          121884 kB
Active:           373240 kB
Mem:          3.8G       3.7G       119M       5.7M        27M       3.2G

MemTotal:        4016004 kB
MemFree:          127028 kB
Active:           371400 kB
Mem:          3.8G       3.7G       123M       5.7M        27M       3.2G

MemTotal:        4016004 kB
MemFree:          112952 kB
Active:           371400 kB
Mem:          3.8G       3.7G       110M       5.7M        27M       3.3G

MemTotal:        4016004 kB
MemFree:          110436 kB
Active:           371384 kB
Mem:          3.8G       3.7G       107M       5.7M        27M       3.3G

MemTotal:        4016004 kB
MemFree:          110028 kB
Active:           371424 kB
Mem:          3.8G       3.7G       107M       5.7M        27M       3.3G

MemTotal:        4016004 kB
MemFree:          108232 kB
Active:           371392 kB
Mem:          3.8G       3.7G       105M       5.7M        27M       3.3G

MemTotal:        4016004 kB
MemFree:          108360 kB
Active:           371364 kB
Mem:          3.8G       3.7G       105M       5.7M        27M       3.3G

MemTotal:        4016004 kB
MemFree:          135436 kB
Active:           373324 kB
Mem:          3.8G       3.7G       132M       5.7M        27M       3.2G

MemTotal:        4016004 kB
MemFree:          108296 kB
Active:           373328 kB
Mem:          3.8G       3.7G       105M       5.7M        27M       3.3G

MemTotal:        4016004 kB
MemFree:          135600 kB
Active:           373332 kB
Mem:          3.8G       3.7G       132M       5.7M        27M       3.2G

MemTotal:        4016004 kB
MemFree:          143988 kB
Active:           373336 kB
Mem:          3.8G       3.7G       140M       5.7M        27M       3.2G

MemTotal:        4016004 kB
MemFree:          125212 kB
Active:           373304 kB
Mem:          3.8G       3.7G       132M       5.7M        27M       3.2G

MemTotal:        4016004 kB
MemFree:          127196 kB
Active:           373336 kB
Mem:          3.8G       3.7G       123M       5.7M        27M       3.2G

MemTotal:        4016004 kB
MemFree:          126380 kB
Active:           373292 kB
Mem:          3.8G       3.7G       122M       5.7M        27M       3.2G

MemTotal:        4016004 kB
MemFree:          118352 kB
Active:           373348 kB
Mem:          3.8G       3.7G       115M       5.7M        27M       3.2G

MemTotal:        4016004 kB
MemFree:          135320 kB
Active:           365940 kB
Mem:          3.8G       3.7G       132M       5.7M        27M       3.2G

MemTotal:        4016004 kB
MemFree:          127036 kB
Active:           365920 kB
Mem:          3.8G       3.7G       124M       5.7M        27M       3.2G

MemTotal:        4016004 kB
MemFree:          117284 kB
Active:           365876 kB
Mem:          3.8G       3.7G       114M       5.7M        27M       3.2G

MemTotal:        4016004 kB
MemFree:          120208 kB
Active:           365920 kB
Mem:          3.8G       3.7G       117M       5.7M        27M       3.2G

MemTotal:        4016004 kB
MemFree:          111528 kB
Active:           365932 kB
Mem:          3.8G       3.7G       109M       5.7M        27M       3.2G

MemTotal:        4016004 kB
MemFree:          127392 kB
Active:           365932 kB
Mem:          3.8G       3.7G       124M       5.7M        27M       3.2G

MemTotal:        4016004 kB
MemFree:          127072 kB
Active:           365932 kB
Mem:          3.8G       3.7G       123M       5.7M        27M       3.2G

MemTotal:        4016004 kB
MemFree:          121692 kB
Active:           365944 kB
Mem:          3.8G       3.7G       118M       5.7M        27M       3.2G

MemTotal:        4016004 kB
MemFree:          128236 kB
Active:           365944 kB
Mem:          3.8G       3.7G       124M       5.7M        27M       3.2G

MemTotal:        4016004 kB
MemFree:          124904 kB
Active:           365956 kB
Mem:          3.8G       3.7G       121M       5.7M        27M       3.2G

MemTotal:        4016004 kB
MemFree:          115780 kB
Active:           366172 kB
Mem:          3.8G       3.7G       112M       5.7M        27M       3.2G

MemTotal:        4016004 kB
MemFree:          127836 kB
Active:           363988 kB
Mem:          3.8G       3.7G       124M       5.7M        27M       3.2G

MemTotal:        4016004 kB
MemFree:          134248 kB
Active:           363912 kB
Mem:          3.8G       3.7G       131M       5.7M        27M       3.2G

MemTotal:        4016004 kB
MemFree:          133396 kB
Active:           363956 kB
Mem:          3.8G       3.7G       130M       5.7M        27M       3.2G

MemTotal:        4016004 kB
MemFree:          133180 kB
Active:           363988 kB
Mem:          3.8G       3.7G       130M       5.7M        27M       3.2G

MemTotal:        4016004 kB
MemFree:          133028 kB
Active:           363980 kB
Mem:          3.8G       3.7G       130M       5.7M        27M       3.2G

MemTotal:        4016004 kB
MemFree:          115884 kB
Active:           363972 kB
Mem:          3.8G       3.7G       112M       5.7M        27M       3.2G

MemTotal:        4016004 kB
MemFree:          107636 kB
Active:           363992 kB
Mem:          3.8G       3.7G       104M       5.7M        27M       3.3G

MemTotal:        4016004 kB
MemFree:          135204 kB
Active:           363944 kB
Mem:          3.8G       3.7G       131M       5.7M        27M       3.2G

MemTotal:        4016004 kB
MemFree:          108188 kB
Active:           363868 kB
Mem:          3.8G       3.7G       105M       5.7M        27M       3.3G

MemTotal:        4016004 kB
MemFree:          134188 kB
Active:           363872 kB
Mem:          3.8G       3.7G       131M       5.7M        27M       3.2G

MemTotal:        4016004 kB
MemFree:          151896 kB
Active:           364868 kB
Mem:          3.8G       3.7G       148M       5.7M        27M       3.2G

MemTotal:        4016004 kB
MemFree:          106580 kB
Active:           364848 kB
Mem:          3.8G       3.7G       103M       5.7M        27M       3.3G

MemTotal:        4016004 kB
MemFree:          115892 kB
Active:           364876 kB
Mem:          3.8G       3.7G       112M       5.7M        27M       3.2G

MemTotal:        4016004 kB
MemFree:          106576 kB
Active:           364904 kB
Mem:          3.8G       3.7G       104M       5.7M        27M       3.3G

MemTotal:        4016004 kB
MemFree:          122336 kB
Active:           364856 kB
Mem:          3.8G       3.7G       119M       5.7M        27M       3.2G

MemTotal:        4016004 kB
MemFree:          131496 kB
Active:           364876 kB
Mem:          3.8G       3.7G       128M       5.7M        27M       3.2G

MemTotal:        4016004 kB
MemFree:          131468 kB
Active:           364908 kB
Mem:          3.8G       3.7G       128M       5.7M        27M       3.2G

MemTotal:        4016004 kB
MemFree:          143828 kB
Active:           362640 kB
Mem:          3.8G       3.7G       140M       5.7M        27M       3.2G

MemTotal:        4016004 kB
MemFree:          134392 kB
Active:           362524 kB
Mem:          3.8G       3.7G       131M       5.7M        27M       3.2G

MemTotal:        4016004 kB
MemFree:          127684 kB
Active:           362532 kB
Mem:          3.8G       3.7G       124M       5.7M        27M       3.2G

MemTotal:        4016004 kB
MemFree:          124820 kB
Active:           362388 kB
Mem:          3.8G       3.7G       121M       5.7M        27M       3.2G

MemTotal:        4016004 kB
MemFree:          111612 kB
Active:           362416 kB
Mem:          3.8G       3.7G       108M       5.7M        27M       3.2G

MemTotal:        4016004 kB
MemFree:          127552 kB
Active:           362416 kB
Mem:          3.8G       3.7G       124M       5.7M        27M       3.2G

MemTotal:        4016004 kB
MemFree:          121456 kB
Active:           362416 kB
Mem:          3.8G       3.7G       118M       5.7M        27M       3.2G

MemTotal:        4016004 kB
MemFree:          113888 kB
Active:           362416 kB
Mem:          3.8G       3.7G       111M       5.7M        27M       3.2G

MemTotal:        4016004 kB
MemFree:          124608 kB
Active:           362392 kB
Mem:          3.8G       3.7G       121M       5.7M        27M       3.2G

MemTotal:        4016004 kB
MemFree:          124360 kB
Active:           362420 kB
Mem:          3.8G       3.7G       121M       5.7M        27M       3.2G

MemTotal:        4016004 kB
MemFree:          120916 kB
Active:           362436 kB
Mem:          3.8G       3.7G       118M       5.7M        27M       3.2G

MemTotal:        4016004 kB
MemFree:          112924 kB
Active:           362412 kB
Mem:          3.8G       3.7G       109M       5.7M        27M       3.2G

MemTotal:        4016004 kB
MemFree:          105488 kB
Active:           362404 kB
Mem:          3.8G       3.7G       102M       5.7M        27M       3.3G

MemTotal:        4016004 kB
MemFree:          106004 kB
Active:           358344 kB
Mem:          3.8G       3.7G       103M       5.7M        27M       3.3G

MemTotal:        4016004 kB
MemFree:          127976 kB
Active:           358348 kB
Mem:          3.8G       3.7G       124M       5.7M        27M       3.2G

MemTotal:        4016004 kB
MemFree:          118724 kB
Active:           358352 kB
Mem:          3.8G       3.7G       116M       5.7M        27M       3.2G

MemTotal:        4016004 kB
MemFree:          120968 kB
Active:           358352 kB
Mem:          3.8G       3.7G       118M       5.7M        27M       3.2G

MemTotal:        4016004 kB
MemFree:          130048 kB
Active:           358352 kB
Mem:          3.8G       3.7G       126M       5.7M        27M       3.2G

MemTotal:        4016004 kB
MemFree:          105696 kB
Active:           358364 kB
Mem:          3.8G       3.7G       102M       5.7M        27M       3.3G

MemTotal:        4016004 kB
MemFree:          134496 kB
Active:           358372 kB
Mem:          3.8G       3.7G       130M       5.7M        27M       3.2G

MemTotal:        4016004 kB
MemFree:          137060 kB
Active:           358340 kB
Mem:          3.8G       3.7G       133M       5.7M        27M       3.2G

MemTotal:        4016004 kB
MemFree:          136544 kB
Active:           358356 kB
Mem:          3.8G       3.7G       133M       5.7M        27M       3.2G

MemTotal:        4016004 kB
MemFree:          127308 kB
Active:           358384 kB
Mem:          3.8G       3.7G       124M       5.7M        27M       3.2G

MemTotal:        4016004 kB
MemFree:          130068 kB
Active:           358384 kB
Mem:          3.8G       3.7G       126M       5.7M        27M       3.2G

MemTotal:        4016004 kB
MemFree:          121132 kB
Active:           358344 kB
Mem:          3.8G       3.7G       117M       5.7M        27M       3.2G

MemTotal:        4016004 kB
MemFree:          125284 kB
Active:           358392 kB
Mem:          3.8G       3.7G       122M       5.7M        27M       3.2G

MemTotal:        4016004 kB
MemFree:          117728 kB
Active:           358396 kB
Mem:          3.8G       3.7G       115M       5.7M        27M       3.2G

MemTotal:        4016004 kB
MemFree:          109220 kB
Active:           358396 kB
Mem:          3.8G       3.7G       106M       5.7M        27M       3.2G

MemTotal:        4016004 kB
MemFree:          127724 kB
Active:           358396 kB
Mem:          3.8G       3.7G       124M       5.7M        27M       3.2G

MemTotal:        4016004 kB
MemFree:          119384 kB
Active:           357068 kB
Mem:          3.8G       3.7G       116M       5.7M        27M       3.2G

MemTotal:        4016004 kB
MemFree:          111436 kB
Active:           356900 kB
Mem:          3.8G       3.7G       108M       5.7M        27M       3.2G

MemTotal:        4016004 kB
MemFree:          128196 kB
Active:           356856 kB
Mem:          3.8G       3.7G       124M       5.7M        27M       3.2G

MemTotal:        4016004 kB
MemFree:          130684 kB
Active:           356932 kB
Mem:          3.8G       3.7G       127M       5.7M        27M       3.2G

MemTotal:        4016004 kB
MemFree:          124588 kB
Active:           356940 kB
Mem:          3.8G       3.7G       121M       5.7M        27M       3.2G

MemTotal:        4016004 kB
MemFree:          129940 kB
Active:           356928 kB
Mem:          3.8G       3.7G       126M       5.7M        27M       3.2G

MemTotal:        4016004 kB
MemFree:          130336 kB
Active:           356948 kB
Mem:          3.8G       3.7G       127M       5.7M        27M       3.2G

MemTotal:        4016004 kB
MemFree:          110376 kB
Active:           356920 kB
Mem:          3.8G       3.7G       107M       5.7M        27M       3.2G

MemTotal:        4016004 kB
MemFree:          127168 kB
Active:           356920 kB
Mem:          3.8G       3.7G       123M       5.7M        27M       3.2G

MemTotal:        4016004 kB
MemFree:          112096 kB
Active:           356956 kB
Mem:          3.8G       3.7G       109M       5.7M        27M       3.2G

MemTotal:        4016004 kB
MemFree:          105040 kB
Active:           356968 kB
Mem:          3.8G       3.7G       107M       5.7M        27M       3.2G

MemTotal:        4016004 kB
MemFree:          127052 kB
Active:           356972 kB
Mem:          3.8G       3.7G       123M       5.7M        27M       3.2G

MemTotal:        4016004 kB
MemFree:          111052 kB
Active:           356932 kB
Mem:          3.8G       3.7G       108M       5.7M        27M       3.2G

MemTotal:        4016004 kB
MemFree:          128892 kB
Active:           356852 kB
Mem:          3.8G       3.7G       125M       5.7M        27M       3.2G

MemTotal:        4016004 kB
MemFree:          128708 kB
Active:           356640 kB
Mem:          3.8G       3.7G       125M       5.7M        27M       3.2G

MemTotal:        4016004 kB
MemFree:          128584 kB
Active:           356660 kB
Mem:          3.8G       3.7G       125M       5.7M        27M       3.2G

MemTotal:        4016004 kB
MemFree:          128460 kB
Active:           356660 kB
Mem:          3.8G       3.7G       125M       5.7M        27M       3.2G

MemTotal:        4016004 kB
MemFree:          128708 kB
Active:           356648 kB
Mem:          3.8G       3.7G       125M       5.7M        27M       3.2G

MemTotal:        4016004 kB
MemFree:          128280 kB
Active:           356672 kB
Mem:          3.8G       3.7G       124M       5.7M        27M       3.2G

MemTotal:        4016004 kB
MemFree:          128152 kB
Active:           356680 kB
Mem:          3.8G       3.7G       125M       5.7M        27M       3.2G

MemTotal:        4016004 kB
MemFree:          128312 kB
Active:           356672 kB
Mem:          3.8G       3.7G       125M       5.7M        27M       3.2G

MemTotal:        4016004 kB
MemFree:          128348 kB
Active:           356652 kB
Mem:          3.8G       3.7G       125M       5.7M        27M       3.2G

MemTotal:        4016004 kB
MemFree:          128444 kB
Active:           356664 kB
Mem:          3.8G       3.7G       125M       5.7M        27M       3.2G

MemTotal:        4016004 kB
MemFree:          128940 kB
Active:           356664 kB
Mem:          3.8G       3.7G       125M       5.7M        27M       3.2G

MemTotal:        4016004 kB
MemFree:          128816 kB
Active:           356648 kB
Mem:          3.8G       3.7G       125M       5.7M        27M       3.2G

MemTotal:        4016004 kB
MemFree:          129312 kB
Active:           356648 kB
Mem:          3.8G       3.7G       126M       5.7M        27M       3.2G

MemTotal:        4016004 kB
MemFree:          129436 kB
Active:           356688 kB
Mem:          3.8G       3.7G       126M       5.7M        27M       3.2G

MemTotal:        4016004 kB
MemFree:          129188 kB
Active:           356652 kB
Mem:          3.8G       3.7G       126M       5.7M        27M       3.2G

MemTotal:        4016004 kB
MemFree:          129312 kB
Active:           356664 kB
Mem:          3.8G       3.7G       125M       5.7M        27M       3.2G

MemTotal:        4016004 kB
MemFree:          129188 kB
Active:           356704 kB
Mem:          3.8G       3.7G       126M       5.7M        27M       3.2G

MemTotal:        4016004 kB
MemFree:          128692 kB
Active:           356712 kB
Mem:          3.8G       3.7G       125M       5.7M        27M       3.2G

MemTotal:        4016004 kB
MemFree:          128320 kB
Active:           356708 kB
Mem:          3.8G       3.7G       125M       5.7M        27M       3.2G

MemTotal:        4016004 kB
MemFree:          128320 kB
Active:           356692 kB
Mem:          3.8G       3.7G       125M       5.7M        27M       3.2G

MemTotal:        4016004 kB
MemFree:          128304 kB
Active:           356668 kB
Mem:          3.8G       3.7G       125M       5.7M        27M       3.2G

MemTotal:        4016004 kB
MemFree:          128444 kB
Active:           356716 kB
Mem:          3.8G       3.7G       125M       5.7M        27M       3.2G

MemTotal:        4016004 kB
MemFree:          128552 kB
Active:           356716 kB
Mem:          3.8G       3.7G       125M       5.7M        27M       3.2G

MemTotal:        4016004 kB
MemFree:          128816 kB
Active:           356676 kB
Mem:          3.8G       3.7G       125M       5.7M        27M       3.2G

MemTotal:        4016004 kB
MemFree:          128816 kB
Active:           356712 kB
Mem:          3.8G       3.7G       125M       5.7M        27M       3.2G

MemTotal:        4016004 kB
MemFree:          128444 kB
Active:           356720 kB
Mem:          3.8G       3.7G       125M       5.7M        27M       3.2G

MemTotal:        4016004 kB
MemFree:          128816 kB
Active:           356688 kB
Mem:          3.8G       3.7G       125M       5.7M        27M       3.2G

MemTotal:        4016004 kB
MemFree:          126892 kB
Active:           356692 kB
Mem:          3.8G       3.7G       123M       5.7M        27M       3.2G

MemTotal:        4016004 kB
MemFree:          126892 kB
Active:           358724 kB
Mem:          3.8G       3.7G       123M       5.7M        27M       3.2G

MemTotal:        4016004 kB
MemFree:          126768 kB
Active:           358736 kB
Mem:          3.8G       3.7G       123M       5.7M        27M       3.2G

MemTotal:        4016004 kB
MemFree:          126396 kB
Active:           358744 kB
Mem:          3.8G       3.7G       123M       5.7M        27M       3.2G

MemTotal:        4016004 kB
MemFree:          126768 kB
Active:           358720 kB
Mem:          3.8G       3.7G       123M       5.7M        27M       3.2G

MemTotal:        4016004 kB
MemFree:          126768 kB
Active:           358692 kB
Mem:          3.8G       3.7G       123M       5.7M        27M       3.2G

MemTotal:        4016004 kB
MemFree:          126892 kB
Active:           358724 kB
Mem:          3.8G       3.7G       123M       5.7M        27M       3.2G

MemTotal:        4016004 kB
MemFree:          126644 kB
Active:           358760 kB
Mem:          3.8G       3.7G       123M       5.7M        27M       3.2G

MemTotal:        4016004 kB
MemFree:          126644 kB
Active:           358760 kB
Mem:          3.8G       3.7G       123M       5.7M        27M       3.2G

MemTotal:        4016004 kB
MemFree:          126644 kB
Active:           358736 kB
Mem:          3.8G       3.7G       123M       5.7M        27M       3.2G

MemTotal:        4016004 kB
MemFree:          126644 kB
Active:           358760 kB
Mem:          3.8G       3.7G       123M       5.7M        27M       3.2G

MemTotal:        4016004 kB
MemFree:          126768 kB
Active:           358716 kB
Mem:          3.8G       3.7G       123M       5.7M        27M       3.2G

MemTotal:        4016004 kB
MemFree:          126892 kB
Active:           358748 kB
Mem:          3.8G       3.7G       123M       5.7M        27M       3.2G

MemTotal:        4016004 kB
MemFree:          126768 kB
Active:           358728 kB
Mem:          3.8G       3.7G       123M       5.7M        27M       3.2G

MemTotal:        4016004 kB
MemFree:          126768 kB
Active:           358724 kB
Mem:          3.8G       3.7G       123M       5.7M        27M       3.2G

MemTotal:        4016004 kB
MemFree:          126768 kB
Active:           358744 kB
Mem:          3.8G       3.7G       123M       5.7M        27M       3.2G

MemTotal:        4016004 kB
MemFree:          127016 kB
Active:           358732 kB
Mem:          3.8G       3.7G       123M       5.7M        27M       3.2G

MemTotal:        4016004 kB
MemFree:          126892 kB
Active:           358720 kB
Mem:          3.8G       3.7G       123M       5.7M        27M       3.2G

MemTotal:        4016004 kB
MemFree:          126644 kB
Active:           358772 kB
Mem:          3.8G       3.7G       123M       5.7M        27M       3.2G

MemTotal:        4016004 kB
MemFree:          126768 kB
Active:           358756 kB
Mem:          3.8G       3.7G       123M       5.7M        27M       3.2G

MemTotal:        4016004 kB
MemFree:          126768 kB
Active:           358780 kB
Mem:          3.8G       3.7G       123M       5.7M        27M       3.2G

MemTotal:        4016004 kB
MemFree:          126768 kB
Active:           358744 kB
Mem:          3.8G       3.7G       123M       5.7M        27M       3.2G

MemTotal:        4016004 kB
MemFree:          126768 kB
Active:           358728 kB
Mem:          3.8G       3.7G       123M       5.7M        27M       3.2G

MemTotal:        4016004 kB
MemFree:          126892 kB
Active:           358748 kB
Mem:          3.8G       3.7G       123M       5.7M        27M       3.2G

MemTotal:        4016004 kB
MemFree:          127016 kB
Active:           358784 kB
Mem:          3.8G       3.7G       123M       5.7M        27M       3.2G

MemTotal:        4016004 kB
MemFree:          126768 kB
Active:           358784 kB
Mem:          3.8G       3.7G       123M       5.7M        27M       3.2G

MemTotal:        4016004 kB
MemFree:          126272 kB
Active:           358808 kB
Mem:          3.8G       3.7G       123M       5.7M        27M       3.2G

MemTotal:        4016004 kB
MemFree:          126768 kB
Active:           358804 kB
Mem:          3.8G       3.7G       123M       5.7M        27M       3.2G

MemTotal:        4016004 kB
MemFree:          126520 kB
Active:           358800 kB
Mem:          3.8G       3.7G       123M       5.7M        27M       3.2G

MemTotal:        4016004 kB
MemFree:          126644 kB
Active:           358780 kB
Mem:          3.8G       3.7G       123M       5.7M        27M       3.2G

MemTotal:        4016004 kB
MemFree:          126396 kB
Active:           358816 kB
Mem:          3.8G       3.7G       123M       5.7M        27M       3.2G

MemTotal:        4016004 kB
MemFree:          126148 kB
Active:           358820 kB
Mem:          3.8G       3.7G       123M       5.7M        27M       3.2G

MemTotal:        4016004 kB
MemFree:          126644 kB
Active:           358764 kB
Mem:          3.8G       3.7G       123M       5.7M        27M       3.2G

MemTotal:        4016004 kB
MemFree:          126892 kB
Active:           358812 kB
Mem:          3.8G       3.7G       123M       5.7M        27M       3.2G

MemTotal:        4016004 kB
MemFree:          126892 kB
Active:           358848 kB
Mem:          3.8G       3.7G       123M       5.7M        27M       3.2G

MemTotal:        4016004 kB
MemFree:          126644 kB
Active:           358832 kB
Mem:          3.8G       3.7G       123M       5.7M        27M       3.2G

MemTotal:        4016004 kB
MemFree:          126768 kB
Active:           358968 kB
Mem:          3.8G       3.7G       123M       5.7M        27M       3.2G

MemTotal:        4016004 kB
MemFree:          126256 kB
Active:           358904 kB
Mem:          3.8G       3.7G       123M       5.7M        27M       3.2G

MemTotal:        4016004 kB
MemFree:          126752 kB
Active:           358892 kB
Mem:          3.8G       3.7G       123M       5.7M        27M       3.2G

MemTotal:        4016004 kB
MemFree:          126628 kB
Active:           358880 kB
Mem:          3.8G       3.7G       123M       5.7M        27M       3.2G

MemTotal:        4016004 kB
MemFree:          126752 kB
Active:           358884 kB
Mem:          3.8G       3.7G       123M       5.7M        27M       3.2G

MemTotal:        4016004 kB
MemFree:          126752 kB
Active:           358872 kB
Mem:          3.8G       3.7G       123M       5.7M        27M       3.2G

MemTotal:        4016004 kB
MemFree:          126628 kB
Active:           358864 kB
Mem:          3.8G       3.7G       123M       5.7M        27M       3.2G

MemTotal:        4016004 kB
MemFree:          126504 kB
Active:           358916 kB
Mem:          3.8G       3.7G       123M       5.7M        27M       3.2G

MemTotal:        4016004 kB
MemFree:          126256 kB
Active:           358908 kB
Mem:          3.8G       3.7G       123M       5.7M        27M       3.2G

MemTotal:        4016004 kB
MemFree:          126628 kB
Active:           358884 kB
Mem:          3.8G       3.7G       123M       5.7M        27M       3.2G

MemTotal:        4016004 kB
MemFree:          126628 kB
Active:           358900 kB
Mem:          3.8G       3.7G       123M       5.7M        27M       3.2G

MemTotal:        4016004 kB
MemFree:          126628 kB
Active:           358892 kB
Mem:          3.8G       3.7G       123M       5.7M        27M       3.2G

MemTotal:        4016004 kB
MemFree:          126504 kB
Active:           358868 kB
Mem:          3.8G       3.7G       123M       5.7M        27M       3.2G

MemTotal:        4016004 kB
MemFree:          126504 kB
Active:           358868 kB
Mem:          3.8G       3.7G       123M       5.7M        27M       3.2G

MemTotal:        4016004 kB
MemFree:          126504 kB
Active:           358904 kB
Mem:          3.8G       3.7G       123M       5.7M        27M       3.2G

MemTotal:        4016004 kB
MemFree:          126628 kB
Active:           358900 kB
Mem:          3.8G       3.7G       123M       5.7M        27M       3.2G

MemTotal:        4016004 kB
MemFree:          126752 kB
Active:           358892 kB
Mem:          3.8G       3.7G       123M       5.7M        27M       3.2G

MemTotal:        4016004 kB
MemFree:          126644 kB
Active:           358900 kB
Mem:          3.8G       3.7G       123M       5.7M        27M       3.2G

MemTotal:        4016004 kB
MemFree:          126644 kB
Active:           358884 kB
Mem:          3.8G       3.7G       123M       5.7M        27M       3.2G

MemTotal:        4016004 kB
MemFree:          126768 kB
Active:           358868 kB
Mem:          3.8G       3.7G       123M       5.7M        27M       3.2G

MemTotal:        4016004 kB
MemFree:          126644 kB
Active:           358908 kB
Mem:          3.8G       3.7G       123M       5.7M        27M       3.2G

MemTotal:        4016004 kB
MemFree:          126768 kB
Active:           358888 kB
Mem:          3.8G       3.7G       123M       5.7M        27M       3.2G

MemTotal:        4016004 kB
MemFree:          126892 kB
Active:           358896 kB
Mem:          3.8G       3.7G       123M       5.7M        27M       3.2G

MemTotal:        4016004 kB
MemFree:          126520 kB
Active:           358924 kB
Mem:          3.8G       3.7G       123M       5.7M        27M       3.2G

MemTotal:        4016004 kB
MemFree:          126768 kB
Active:           358880 kB
Mem:          3.8G       3.7G       123M       5.7M        27M       3.2G

MemTotal:        4016004 kB
MemFree:          126892 kB
Active:           358924 kB
Mem:          3.8G       3.7G       123M       5.7M        27M       3.2G

MemTotal:        4016004 kB
MemFree:          126644 kB
Active:           358900 kB
Mem:          3.8G       3.7G       123M       5.7M        27M       3.2G

MemTotal:        4016004 kB
MemFree:          126892 kB
Active:           358884 kB
Mem:          3.8G       3.7G       123M       5.7M        27M       3.2G

MemTotal:        4016004 kB
MemFree:          126768 kB
Active:           358876 kB
Mem:          3.8G       3.7G       123M       5.7M        27M       3.2G

MemTotal:        4016004 kB
MemFree:          126768 kB
Active:           358912 kB
Mem:          3.8G       3.7G       123M       5.7M        27M       3.2G

MemTotal:        4016004 kB
MemFree:          127016 kB
Active:           358892 kB
Mem:          3.8G       3.7G       123M       5.7M        27M       3.2G

MemTotal:        4016004 kB
MemFree:          127016 kB
Active:           358884 kB
Mem:          3.8G       3.7G       123M       5.7M        27M       3.2G

MemTotal:        4016004 kB
MemFree:          126892 kB
Active:           358912 kB
Mem:          3.8G       3.7G       123M       5.7M        27M       3.2G

MemTotal:        4016004 kB
MemFree:          126892 kB
Active:           358892 kB
Mem:          3.8G       3.7G       123M       5.7M        27M       3.2G

MemTotal:        4016004 kB
MemFree:          126768 kB
Active:           358932 kB
Mem:          3.8G       3.7G       123M       5.7M        27M       3.2G

MemTotal:        4016004 kB
MemFree:          126768 kB
Active:           358904 kB
Mem:          3.8G       3.7G       123M       5.7M        27M       3.2G

MemTotal:        4016004 kB
MemFree:          126892 kB
Active:           358892 kB
Mem:          3.8G       3.7G       123M       5.7M        27M       3.2G

MemTotal:        4016004 kB
MemFree:          126396 kB
Active:           358940 kB
Mem:          3.8G       3.7G       123M       5.7M        27M       3.2G

MemTotal:        4016004 kB
MemFree:          126396 kB
Active:           358932 kB
Mem:          3.8G       3.7G       123M       5.7M        27M       3.2G

MemTotal:        4016004 kB
MemFree:          126644 kB
Active:           358912 kB
Mem:          3.8G       3.7G       123M       5.7M        27M       3.2G

MemTotal:        4016004 kB
MemFree:          126396 kB
Active:           358936 kB
Mem:          3.8G       3.7G       123M       5.7M        27M       3.2G

MemTotal:        4016004 kB
MemFree:          126272 kB
Active:           358956 kB
Mem:          3.8G       3.7G       123M       5.7M        27M       3.2G

MemTotal:        4016004 kB
MemFree:          126148 kB
Active:           358952 kB
Mem:          3.8G       3.7G       123M       5.7M        27M       3.2G

MemTotal:        4016004 kB
MemFree:          126024 kB
Active:           358936 kB
Mem:          3.8G       3.7G       123M       5.7M        27M       3.2G

MemTotal:        4016004 kB
MemFree:          126148 kB
Active:           358956 kB
Mem:          3.8G       3.7G       123M       5.7M        27M       3.2G

MemTotal:        4016004 kB
MemFree:          126148 kB
Active:           358920 kB
Mem:          3.8G       3.7G       123M       5.7M        27M       3.2G

MemTotal:        4016004 kB
MemFree:          126148 kB
Active:           358948 kB
Mem:          3.8G       3.7G       123M       5.7M        27M       3.2G

MemTotal:        4016004 kB
MemFree:          126396 kB
Active:           358964 kB
Mem:          3.8G       3.7G       122M       5.7M        27M       3.2G

MemTotal:        4016004 kB
MemFree:          125900 kB
Active:           358972 kB
Mem:          3.8G       3.7G       123M       5.7M        27M       3.2G

MemTotal:        4016004 kB
MemFree:          126024 kB
Active:           358972 kB
Mem:          3.8G       3.7G       123M       5.7M        27M       3.2G

MemTotal:        4016004 kB
MemFree:          126768 kB
Active:           358932 kB
Mem:          3.8G       3.7G       123M       5.7M        27M       3.2G

MemTotal:        4016004 kB
MemFree:          126644 kB
Active:           358980 kB
Mem:          3.8G       3.7G       123M       5.7M        27M       3.2G

MemTotal:        4016004 kB
MemFree:          126644 kB
Active:           358968 kB
Mem:          3.8G       3.7G       123M       5.7M        27M       3.2G

MemTotal:        4016004 kB
MemFree:          126396 kB
Active:           358932 kB
Mem:          3.8G       3.7G       123M       5.7M        27M       3.2G

MemTotal:        4016004 kB
MemFree:          126272 kB
Active:           358936 kB
Mem:          3.8G       3.7G       123M       5.7M        27M       3.2G

MemTotal:        4016004 kB
MemFree:          126396 kB
Active:           358984 kB
Mem:          3.8G       3.7G       123M       5.7M        27M       3.2G

MemTotal:        4016004 kB
MemFree:          126148 kB
Active:           358976 kB
Mem:          3.8G       3.7G       123M       5.7M        27M       3.2G

MemTotal:        4016004 kB
MemFree:          126272 kB
Active:           358952 kB
Mem:          3.8G       3.7G       123M       5.7M        27M       3.2G

MemTotal:        4016004 kB
MemFree:          126272 kB
Active:           358988 kB
Mem:          3.8G       3.7G       123M       5.7M        27M       3.2G

MemTotal:        4016004 kB
MemFree:          126396 kB
Active:           358952 kB
Mem:          3.8G       3.7G       123M       5.7M        27M       3.2G

MemTotal:        4016004 kB
MemFree:          126272 kB
Active:           358968 kB
Mem:          3.8G       3.7G       123M       5.7M        27M       3.2G

MemTotal:        4016004 kB
MemFree:          126396 kB
Active:           359000 kB
Mem:          3.8G       3.7G       123M       5.7M        27M       3.2G

MemTotal:        4016004 kB
MemFree:          126272 kB
Active:           358952 kB
Mem:          3.8G       3.7G       123M       5.7M        27M       3.2G

MemTotal:        4016004 kB
MemFree:          126396 kB
Active:           358944 kB
Mem:          3.8G       3.7G       123M       5.7M        27M       3.2G

MemTotal:        4016004 kB
MemFree:          126396 kB
Active:           358988 kB
Mem:          3.8G       3.7G       123M       5.7M        27M       3.2G

MemTotal:        4016004 kB
MemFree:          126520 kB
Active:           358948 kB
Mem:          3.8G       3.7G       123M       5.7M        27M       3.2G

MemTotal:        4016004 kB
MemFree:          126520 kB
Active:           358964 kB
Mem:          3.8G       3.7G       123M       5.7M        27M       3.2G

MemTotal:        4016004 kB
MemFree:          126148 kB
Active:           358952 kB
Mem:          3.8G       3.7G       122M       5.7M        27M       3.2G

MemTotal:        4016004 kB
MemFree:          126024 kB
Active:           358968 kB
Mem:          3.8G       3.7G       122M       5.7M        27M       3.2G

MemTotal:        4016004 kB
MemFree:          125900 kB
Active:           358996 kB
Mem:          3.8G       3.7G       122M       5.7M        27M       3.2G

MemTotal:        4016004 kB
MemFree:          126272 kB
Active:           358980 kB
Mem:          3.8G       3.7G       123M       5.7M        27M       3.2G

MemTotal:        4016004 kB
MemFree:          126272 kB
Active:           358980 kB
Mem:          3.8G       3.7G       122M       5.7M        27M       3.2G

MemTotal:        4016004 kB
MemFree:          126024 kB
Active:           358960 kB
Mem:          3.8G       3.7G       123M       5.7M        27M       3.2G

MemTotal:        4016004 kB
MemFree:          126520 kB
Active:           358960 kB
Mem:          3.8G       3.7G       123M       5.7M        27M       3.2G

MemTotal:        4016004 kB
MemFree:          126768 kB
Active:           359004 kB
Mem:          3.8G       3.7G       123M       5.7M        27M       3.2G

MemTotal:        4016004 kB
MemFree:          126768 kB
Active:           358980 kB
Mem:          3.8G       3.7G       123M       5.7M        27M       3.2G

MemTotal:        4016004 kB
MemFree:          126644 kB
Active:           358972 kB
Mem:          3.8G       3.7G       123M       5.7M        27M       3.2G

MemTotal:        4016004 kB
MemFree:          126644 kB
Active:           359008 kB
Mem:          3.8G       3.7G       123M       5.7M        27M       3.2G

MemTotal:        4016004 kB
MemFree:          126892 kB
Active:           358976 kB
Mem:          3.8G       3.7G       123M       5.7M        27M       3.2G

MemTotal:        4016004 kB
MemFree:          126768 kB
Active:           359020 kB
Mem:          3.8G       3.7G       123M       5.7M        27M       3.2G

MemTotal:        4016004 kB
MemFree:          126024 kB
Active:           359032 kB
Mem:          3.8G       3.7G       123M       5.7M        27M       3.2G

MemTotal:        4016004 kB
MemFree:          126396 kB
Active:           359012 kB
Mem:          3.8G       3.7G       123M       5.7M        27M       3.2G

MemTotal:        4016004 kB
MemFree:          126520 kB
Active:           359024 kB
Mem:          3.8G       3.7G       123M       5.7M        27M       3.2G

MemTotal:        4016004 kB
MemFree:          126148 kB
Active:           359008 kB
Mem:          3.8G       3.7G       123M       5.7M        27M       3.2G

MemTotal:        4016004 kB
MemFree:          126024 kB
Active:           359036 kB
Mem:          3.8G       3.7G       123M       5.7M        27M       3.2G

MemTotal:        4016004 kB
MemFree:          126520 kB
Active:           358988 kB
Mem:          3.8G       3.7G       123M       5.7M        27M       3.2G

MemTotal:        4016004 kB
MemFree:          126396 kB
Active:           359044 kB
Mem:          3.8G       3.7G       123M       5.7M        27M       3.2G

MemTotal:        4016004 kB
MemFree:          126396 kB
Active:           359012 kB
Mem:          3.8G       3.7G       123M       5.7M        27M       3.2G

MemTotal:        4016004 kB
MemFree:          125900 kB
Active:           359052 kB
Mem:          3.8G       3.7G       122M       5.7M        27M       3.2G

MemTotal:        4016004 kB
MemFree:          125776 kB
Active:           359044 kB
Mem:          3.8G       3.7G       122M       5.7M        27M       3.2G

MemTotal:        4016004 kB
MemFree:          126024 kB
Active:           359024 kB
Mem:          3.8G       3.7G       123M       5.7M        27M       3.2G

MemTotal:        4016004 kB
MemFree:          125744 kB
Active:           359052 kB
Mem:          3.8G       3.7G       123M       5.7M        27M       3.2G

MemTotal:        4016004 kB
MemFree:          126272 kB
Active:           359044 kB
Mem:          3.8G       3.7G       123M       5.7M        27M       3.2G

MemTotal:        4016004 kB
MemFree:          126272 kB
Active:           359012 kB
Mem:          3.8G       3.7G       123M       5.7M        27M       3.2G

MemTotal:        4016004 kB
MemFree:          125900 kB
Active:           359060 kB
Mem:          3.8G       3.7G       123M       5.7M        27M       3.2G

MemTotal:        4016004 kB
MemFree:          126024 kB
Active:           359016 kB
Mem:          3.8G       3.7G       123M       5.7M        27M       3.2G

MemTotal:        4016004 kB
MemFree:          126148 kB
Active:           359032 kB
Mem:          3.8G       3.7G       123M       5.7M        27M       3.2G

MemTotal:        4016004 kB
MemFree:          126024 kB
Active:           359012 kB
Mem:          3.8G       3.7G       123M       5.7M        27M       3.2G

MemTotal:        4016004 kB
MemFree:          126148 kB
Active:           359016 kB
Mem:          3.8G       3.7G       123M       5.7M        27M       3.2G

MemTotal:        4016004 kB
MemFree:          126396 kB
Active:           359036 kB
Mem:          3.8G       3.7G       123M       5.7M        27M       3.2G

MemTotal:        4016004 kB
MemFree:          126396 kB
Active:           359060 kB
Mem:          3.8G       3.7G       123M       5.7M        27M       3.2G

MemTotal:        4016004 kB
MemFree:          126272 kB
Active:           359028 kB
Mem:          3.8G       3.7G       123M       5.7M        27M       3.2G

MemTotal:        4016004 kB
MemFree:          125900 kB
Active:           359076 kB
Mem:          3.8G       3.7G       123M       5.7M        27M       3.2G

MemTotal:        4016004 kB
MemFree:          125900 kB
Active:           359076 kB
Mem:          3.8G       3.7G       123M       5.7M        27M       3.2G

MemTotal:        4016004 kB
MemFree:          126024 kB
Active:           359064 kB
Mem:          3.8G       3.7G       123M       5.7M        27M       3.2G

MemTotal:        4016004 kB
MemFree:          126024 kB
Active:           359020 kB
Mem:          3.8G       3.7G       122M       5.7M        27M       3.2G

MemTotal:        4016004 kB
MemFree:          126024 kB
Active:           359060 kB
Mem:          3.8G       3.7G       123M       5.7M        27M       3.2G

MemTotal:        4016004 kB
MemFree:          126148 kB
Active:           359084 kB
Mem:          3.8G       3.7G       123M       5.7M        27M       3.2G

MemTotal:        4016004 kB
MemFree:          126272 kB
Active:           359084 kB
Mem:          3.8G       3.7G       123M       5.7M        27M       3.2G

MemTotal:        4016004 kB
MemFree:          126272 kB
Active:           359036 kB
Mem:          3.8G       3.7G       123M       5.7M        27M       3.2G

MemTotal:        4016004 kB
MemFree:          126644 kB
Active:           359088 kB
Mem:          3.8G       3.7G       123M       5.7M        27M       3.2G

MemTotal:        4016004 kB
MemFree:          125900 kB
Active:           359088 kB
Mem:          3.8G       3.7G       123M       5.7M        27M       3.2G

MemTotal:        4016004 kB
MemFree:          126272 kB
Active:           359032 kB
Mem:          3.8G       3.7G       123M       5.7M        27M       3.2G

MemTotal:        4016004 kB
MemFree:          126148 kB
Active:           359068 kB
Mem:          3.8G       3.7G       123M       5.7M        27M       3.2G

MemTotal:        4016004 kB
MemFree:          126272 kB
Active:           359084 kB
Mem:          3.8G       3.7G       123M       5.7M        27M       3.2G

MemTotal:        4016004 kB
MemFree:          126272 kB
Active:           359072 kB
Mem:          3.8G       3.7G       123M       5.7M        27M       3.2G

MemTotal:        4016004 kB
MemFree:          125900 kB
Active:           359080 kB
Mem:          3.8G       3.7G       122M       5.7M        27M       3.2G

MemTotal:        4016004 kB
MemFree:          125776 kB
Active:           359052 kB
Mem:          3.8G       3.7G       122M       5.7M        27M       3.2G

MemTotal:        4016004 kB
MemFree:          126024 kB
Active:           359096 kB
Mem:          3.8G       3.7G       123M       5.7M        27M       3.2G

MemTotal:        4016004 kB
MemFree:          126520 kB
Active:           359088 kB
Mem:          3.8G       3.7G       123M       5.7M        27M       3.2G

MemTotal:        4016004 kB
MemFree:          126024 kB
Active:           359108 kB
Mem:          3.8G       3.7G       123M       5.7M        27M       3.2G

MemTotal:        4016004 kB
MemFree:          126272 kB
Active:           359080 kB
Mem:          3.8G       3.7G       123M       5.7M        27M       3.2G

MemTotal:        4016004 kB
MemFree:          126520 kB
Active:           359056 kB
Mem:          3.8G       3.7G       123M       5.7M        27M       3.2G

MemTotal:        4016004 kB
MemFree:          126396 kB
Active:           359092 kB
Mem:          3.8G       3.7G       123M       5.7M        27M       3.2G

MemTotal:        4016004 kB
MemFree:          126396 kB
Active:           359096 kB
Mem:          3.8G       3.7G       123M       5.7M        27M       3.2G

MemTotal:        4016004 kB
MemFree:          126520 kB
Active:           359064 kB
Mem:          3.8G       3.7G       123M       5.7M        27M       3.2G

MemTotal:        4016004 kB
MemFree:          126272 kB
Active:           359100 kB
Mem:          3.8G       3.7G       123M       5.7M        27M       3.2G

MemTotal:        4016004 kB
MemFree:          126520 kB
Active:           359104 kB
Mem:          3.8G       3.7G       123M       5.7M        27M       3.2G

MemTotal:        4016004 kB
MemFree:          126768 kB
Active:           359056 kB
Mem:          3.8G       3.7G       123M       5.7M        27M       3.2G

MemTotal:        4016004 kB
MemFree:          126768 kB
Active:           359084 kB
Mem:          3.8G       3.7G       123M       5.7M        27M       3.2G

MemTotal:        4016004 kB
MemFree:          126644 kB
Active:           359084 kB
Mem:          3.8G       3.7G       123M       5.7M        27M       3.2G

MemTotal:        4016004 kB
MemFree:          126768 kB
Active:           359056 kB
Mem:          3.8G       3.7G       123M       5.7M        27M       3.2G

MemTotal:        4016004 kB
MemFree:          126396 kB
Active:           359096 kB
Mem:          3.8G       3.7G       123M       5.7M        27M       3.2G

MemTotal:        4016004 kB
MemFree:          126396 kB
Active:           359096 kB
Mem:          3.8G       3.7G       123M       5.7M        27M       3.2G

MemTotal:        4016004 kB
MemFree:          126644 kB
Active:           359064 kB
Mem:          3.8G       3.7G       123M       5.7M        27M       3.2G

MemTotal:        4016004 kB
MemFree:          126644 kB
Active:           359116 kB
Mem:          3.8G       3.7G       123M       5.7M        27M       3.2G

MemTotal:        4016004 kB
MemFree:          126768 kB
Active:           359060 kB
Mem:          3.8G       3.7G       123M       5.7M        27M       3.2G

MemTotal:        4016004 kB
MemFree:          126644 kB
Active:           359120 kB
Mem:          3.8G       3.7G       123M       5.7M        27M       3.2G

MemTotal:        4016004 kB
MemFree:          126644 kB
Active:           359084 kB
Mem:          3.8G       3.7G       123M       5.7M        27M       3.2G

MemTotal:        4016004 kB
MemFree:          126520 kB
Active:           359072 kB
Mem:          3.8G       3.7G       123M       5.7M        27M       3.2G

MemTotal:        4016004 kB
MemFree:          126520 kB
Active:           359136 kB
Mem:          3.8G       3.7G       123M       5.7M        27M       3.2G

MemTotal:        4016004 kB
MemFree:          126272 kB
Active:           359144 kB
Mem:          3.8G       3.7G       123M       5.7M        27M       3.2G

MemTotal:        4016004 kB
MemFree:          126768 kB
Active:           359120 kB
Mem:          3.8G       3.7G       123M       5.7M        27M       3.2G

MemTotal:        4016004 kB
MemFree:          126644 kB
Active:           359100 kB
Mem:          3.8G       3.7G       123M       5.7M        27M       3.2G

MemTotal:        4016004 kB
MemFree:          126892 kB
Active:           359100 kB
Mem:          3.8G       3.7G       123M       5.7M        27M       3.2G

MemTotal:        4016004 kB
MemFree:          127016 kB
Active:           359148 kB
Mem:          3.8G       3.7G       123M       5.7M        27M       3.2G

MemTotal:        4016004 kB
MemFree:          126520 kB
Active:           359148 kB
Mem:          3.8G       3.7G       123M       5.7M        27M       3.2G

MemTotal:        4016004 kB
MemFree:          126520 kB
Active:           359132 kB
Mem:          3.8G       3.7G       123M       5.7M        27M       3.2G

MemTotal:        4016004 kB
MemFree:          126520 kB
Active:           359116 kB
Mem:          3.8G       3.7G       123M       5.7M        27M       3.2G

MemTotal:        4016004 kB
MemFree:          126644 kB
Active:           359148 kB
Mem:          3.8G       3.7G       123M       5.7M        27M       3.2G

MemTotal:        4016004 kB
MemFree:          126644 kB
Active:           359136 kB
Mem:          3.8G       3.7G       123M       5.7M        27M       3.2G

MemTotal:        4016004 kB
MemFree:          126272 kB
Active:           359128 kB
Mem:          3.8G       3.7G       123M       5.7M        27M       3.2G

MemTotal:        4016004 kB
MemFree:          126272 kB
Active:           359112 kB
Mem:          3.8G       3.7G       123M       5.7M        27M       3.2G

MemTotal:        4016004 kB
MemFree:          126396 kB
Active:           359144 kB
Mem:          3.8G       3.7G       123M       5.7M        27M       3.2G

MemTotal:        4016004 kB
MemFree:          126396 kB
Active:           359128 kB
Mem:          3.8G       3.7G       123M       5.7M        27M       3.2G

MemTotal:        4016004 kB
MemFree:          126272 kB
Active:           359160 kB
Mem:          3.8G       3.7G       123M       5.7M        27M       3.2G

MemTotal:        4016004 kB
MemFree:          126272 kB
Active:           359164 kB
Mem:          3.8G       3.7G       123M       5.7M        27M       3.2G

MemTotal:        4016004 kB
MemFree:          126272 kB
Active:           359140 kB
Mem:          3.8G       3.7G       123M       5.7M        27M       3.2G

MemTotal:        4016004 kB
MemFree:          126024 kB
Active:           359172 kB
Mem:          3.8G       3.7G       123M       5.7M        27M       3.2G

MemTotal:        4016004 kB
MemFree:          126520 kB
Active:           359120 kB
Mem:          3.8G       3.7G       123M       5.7M        27M       3.2G

MemTotal:        4016004 kB
MemFree:          126396 kB
Active:           359148 kB
Mem:          3.8G       3.7G       123M       5.7M        27M       3.2G

MemTotal:        4016004 kB
MemFree:          126768 kB
Active:           359136 kB
