MemTotal:        4016004 kB
MemFree:         3204436 kB
Active:           457552 kB
Mem:          3.8G       792M       3.1G       5.7M        56M       327M

MemTotal:        4016004 kB
MemFree:         3203836 kB
Active:           457224 kB
Mem:          3.8G       793M       3.1G       5.7M        56M       327M

MemTotal:        4016004 kB
MemFree:         3203572 kB
Active:           457308 kB
Mem:          3.8G       793M       3.1G       5.7M        56M       327M

MemTotal:        4016004 kB
MemFree:         3201384 kB
Active:           457264 kB
Mem:          3.8G       795M       3.1G       5.7M        56M       327M

MemTotal:        4016004 kB
MemFree:         3201616 kB
Active:           459328 kB
Mem:          3.8G       795M       3.1G       5.7M        56M       327M

MemTotal:        4016004 kB
MemFree:         3201228 kB
Active:           459344 kB
Mem:          3.8G       795M       3.1G       5.7M        56M       327M

MemTotal:        4016004 kB
MemFree:         3201228 kB
Active:           459340 kB
Mem:          3.8G       795M       3.1G       5.7M        56M       327M

MemTotal:        4016004 kB
MemFree:         3201600 kB
Active:           459332 kB
Mem:          3.8G       795M       3.1G       5.7M        56M       327M

MemTotal:        4016004 kB
MemFree:         3201584 kB
Active:           459328 kB
Mem:          3.8G       795M       3.1G       5.7M        56M       327M

MemTotal:        4016004 kB
MemFree:         3201072 kB
Active:           459308 kB
Mem:          3.8G       795M       3.1G       5.7M        56M       327M

MemTotal:        4016004 kB
MemFree:         3201180 kB
Active:           459292 kB
Mem:          3.8G       795M       3.1G       5.7M        56M       327M

MemTotal:        4016004 kB
MemFree:         3201164 kB
Active:           459340 kB
Mem:          3.8G       795M       3.1G       5.7M        56M       327M

MemTotal:        4016004 kB
MemFree:         3201444 kB
Active:           459336 kB
Mem:          3.8G       795M       3.1G       5.7M        56M       327M

MemTotal:        4016004 kB
MemFree:         3201568 kB
Active:           459300 kB
Mem:          3.8G       795M       3.1G       5.7M        56M       327M

MemTotal:        4016004 kB
MemFree:         3201600 kB
Active:           459360 kB
Mem:          3.8G       795M       3.1G       5.7M        56M       327M

MemTotal:        4016004 kB
MemFree:         3201352 kB
Active:           459360 kB
Mem:          3.8G       795M       3.1G       5.7M        56M       327M

MemTotal:        4016004 kB
MemFree:         3201724 kB
Active:           459340 kB
Mem:          3.8G       795M       3.1G       5.7M        56M       327M

MemTotal:        4016004 kB
MemFree:         3201352 kB
Active:           459356 kB
Mem:          3.8G       795M       3.1G       5.7M        56M       327M

MemTotal:        4016004 kB
MemFree:         3201476 kB
Active:           459320 kB
Mem:          3.8G       795M       3.1G       5.7M        56M       327M

MemTotal:        4016004 kB
MemFree:         3201228 kB
Active:           459360 kB
Mem:          3.8G       795M       3.1G       5.7M        56M       327M

MemTotal:        4016004 kB
MemFree:         3201724 kB
Active:           459364 kB
Mem:          3.8G       795M       3.1G       5.7M        56M       327M

MemTotal:        4016004 kB
MemFree:         3201600 kB
Active:           459344 kB
Mem:          3.8G       795M       3.1G       5.7M        56M       327M

MemTotal:        4016004 kB
MemFree:         3201476 kB
Active:           459352 kB
Mem:          3.8G       795M       3.1G       5.7M        56M       327M

MemTotal:        4016004 kB
MemFree:         3201724 kB
Active:           459368 kB
Mem:          3.8G       795M       3.1G       5.7M        56M       327M

MemTotal:        4016004 kB
MemFree:         3201584 kB
Active:           459344 kB
Mem:          3.8G       795M       3.1G       5.7M        56M       327M

MemTotal:        4016004 kB
MemFree:         3201568 kB
Active:           459340 kB
Mem:          3.8G       795M       3.1G       5.7M        56M       327M

MemTotal:        4016004 kB
MemFree:         3201320 kB
Active:           459332 kB
Mem:          3.8G       795M       3.1G       5.7M        56M       327M

MemTotal:        4016004 kB
MemFree:         3201180 kB
Active:           459328 kB
Mem:          3.8G       795M       3.1G       5.7M        56M       327M

MemTotal:        4016004 kB
MemFree:         3201164 kB
Active:           459348 kB
Mem:          3.8G       795M       3.1G       5.7M        56M       327M

MemTotal:        4016004 kB
MemFree:         3200900 kB
Active:           459376 kB
Mem:          3.8G       795M       3.1G       5.7M        56M       327M

MemTotal:        4016004 kB
MemFree:         3201008 kB
Active:           459356 kB
Mem:          3.8G       796M       3.1G       5.7M        56M       327M

MemTotal:        4016004 kB
MemFree:         3201228 kB
Active:           459376 kB
Mem:          3.8G       795M       3.1G       5.7M        56M       327M

MemTotal:        4016004 kB
MemFree:         3200980 kB
Active:           459380 kB
Mem:          3.8G       795M       3.1G       5.7M        56M       327M

MemTotal:        4016004 kB
MemFree:         3199304 kB
Active:           459332 kB
Mem:          3.8G       797M       3.1G       5.7M        56M       327M

MemTotal:        4016004 kB
MemFree:         3199180 kB
Active:           461408 kB
Mem:          3.8G       797M       3.1G       5.7M        56M       327M

MemTotal:        4016004 kB
MemFree:         3199304 kB
Active:           461364 kB
Mem:          3.8G       797M       3.1G       5.7M        56M       327M

MemTotal:        4016004 kB
MemFree:         3199428 kB
Active:           461392 kB
Mem:          3.8G       797M       3.1G       5.7M        56M       327M

MemTotal:        4016004 kB
MemFree:         3199056 kB
Active:           461420 kB
Mem:          3.8G       797M       3.1G       5.7M        56M       327M

MemTotal:        4016004 kB
MemFree:         3199552 kB
Active:           461408 kB
Mem:          3.8G       797M       3.1G       5.7M        56M       327M

MemTotal:        4016004 kB
MemFree:         3199988 kB
Active:           461368 kB
Mem:          3.8G       796M       3.1G       5.7M        56M       327M

MemTotal:        4016004 kB
MemFree:         3199492 kB
Active:           461416 kB
Mem:          3.8G       797M       3.1G       5.7M        56M       327M

MemTotal:        4016004 kB
MemFree:         3199492 kB
Active:           461388 kB
Mem:          3.8G       797M       3.1G       5.7M        56M       327M

MemTotal:        4016004 kB
MemFree:         3199740 kB
Active:           461384 kB
Mem:          3.8G       797M       3.1G       5.7M        56M       327M

MemTotal:        4016004 kB
MemFree:         3196636 kB
Active:           459512 kB
Mem:          3.8G       800M       3.0G       5.7M        56M       327M

MemTotal:        4016004 kB
MemFree:         3197008 kB
Active:           463580 kB
Mem:          3.8G       799M       3.0G       5.7M        56M       327M

MemTotal:        4016004 kB
MemFree:         3197256 kB
Active:           463608 kB
Mem:          3.8G       800M       3.0G       5.7M        56M       327M

MemTotal:        4016004 kB
MemFree:         3197380 kB
Active:           463600 kB
Mem:          3.8G       799M       3.0G       5.7M        56M       327M

MemTotal:        4016004 kB
MemFree:         3197132 kB
Active:           463612 kB
Mem:          3.8G       799M       3.0G       5.7M        56M       327M

MemTotal:        4016004 kB
MemFree:         3197628 kB
Active:           463560 kB
Mem:          3.8G       799M       3.0G       5.7M        56M       327M

MemTotal:        4016004 kB
MemFree:         3197488 kB
Active:           463584 kB
Mem:          3.8G       799M       3.0G       5.7M        56M       327M

MemTotal:        4016004 kB
MemFree:         3197364 kB
Active:           463612 kB
Mem:          3.8G       799M       3.0G       5.7M        56M       327M

MemTotal:        4016004 kB
MemFree:         3196976 kB
Active:           463628 kB
Mem:          3.8G       799M       3.0G       5.7M        56M       327M

MemTotal:        4016004 kB
MemFree:         3197456 kB
Active:           463592 kB
Mem:          3.8G       799M       3.0G       5.7M        56M       327M

MemTotal:        4016004 kB
MemFree:         3197888 kB
Active:           461544 kB
Mem:          3.8G       799M       3.0G       5.7M        56M       327M

MemTotal:        4016004 kB
MemFree:         3197252 kB
Active:           463612 kB
Mem:          3.8G       799M       3.0G       5.7M        56M       327M

MemTotal:        4016004 kB
MemFree:         3196864 kB
Active:           463648 kB
Mem:          3.8G       799M       3.0G       5.7M        56M       327M

MemTotal:        4016004 kB
MemFree:         3197220 kB
Active:           463636 kB
Mem:          3.8G       799M       3.0G       5.7M        56M       327M

MemTotal:        4016004 kB
MemFree:         3197344 kB
Active:           463644 kB
Mem:          3.8G       799M       3.0G       5.7M        56M       327M

MemTotal:        4016004 kB
MemFree:         3197344 kB
Active:           463628 kB
Mem:          3.8G       799M       3.0G       5.7M        56M       327M

MemTotal:        4016004 kB
MemFree:         3197344 kB
Active:           463648 kB
Mem:          3.8G       799M       3.0G       5.7M        56M       327M

MemTotal:        4016004 kB
MemFree:         3197344 kB
Active:           463660 kB
Mem:          3.8G       799M       3.0G       5.7M        56M       327M

MemTotal:        4016004 kB
MemFree:         3197468 kB
Active:           463616 kB
Mem:          3.8G       799M       3.0G       5.7M        56M       327M

MemTotal:        4016004 kB
MemFree:         3197576 kB
Active:           463656 kB
Mem:          3.8G       799M       3.0G       5.7M        56M       327M

MemTotal:        4016004 kB
MemFree:         3197948 kB
Active:           463616 kB
Mem:          3.8G       798M       3.0G       5.7M        56M       327M

MemTotal:        4016004 kB
MemFree:         3197824 kB
Active:           463636 kB
Mem:          3.8G       798M       3.0G       5.7M        56M       327M

MemTotal:        4016004 kB
MemFree:         3197824 kB
Active:           463656 kB
Mem:          3.8G       798M       3.0G       5.7M        56M       327M

MemTotal:        4016004 kB
MemFree:         3197948 kB
Active:           463636 kB
Mem:          3.8G       798M       3.0G       5.7M        56M       327M

MemTotal:        4016004 kB
MemFree:         3197452 kB
Active:           463668 kB
Mem:          3.8G       799M       3.0G       5.7M        56M       327M

MemTotal:        4016004 kB
MemFree:         3197204 kB
Active:           463668 kB
Mem:          3.8G       799M       3.0G       5.7M        56M       327M

MemTotal:        4016004 kB
MemFree:         3197204 kB
Active:           463616 kB
Mem:          3.8G       799M       3.0G       5.7M        56M       327M

MemTotal:        4016004 kB
MemFree:         3197204 kB
Active:           463640 kB
Mem:          3.8G       799M       3.0G       5.7M        56M       327M

MemTotal:        4016004 kB
MemFree:         3197204 kB
Active:           463620 kB
Mem:          3.8G       799M       3.0G       5.7M        56M       327M

MemTotal:        4016004 kB
MemFree:         3196708 kB
Active:           463672 kB
Mem:          3.8G       799M       3.0G       5.7M        56M       327M

MemTotal:        4016004 kB
MemFree:         3197204 kB
Active:           463660 kB
Mem:          3.8G       799M       3.0G       5.7M        56M       327M

MemTotal:        4016004 kB
MemFree:         3196116 kB
Active:           464264 kB
Mem:          3.8G       799M       3.0G       5.7M        56M       327M

MemTotal:        4016004 kB
MemFree:         3197312 kB
Active:           463692 kB
Mem:          3.8G       799M       3.0G       5.7M        56M       327M

MemTotal:        4016004 kB
MemFree:         3197312 kB
Active:           463668 kB
Mem:          3.8G       799M       3.0G       5.7M        56M       327M

MemTotal:        4016004 kB
MemFree:         3197172 kB
Active:           463732 kB
Mem:          3.8G       799M       3.0G       5.7M        56M       327M

MemTotal:        4016004 kB
MemFree:         3197528 kB
Active:           463712 kB
Mem:          3.8G       799M       3.0G       5.7M        56M       327M

MemTotal:        4016004 kB
MemFree:         3197140 kB
Active:           463732 kB
Mem:          3.8G       799M       3.0G       5.7M        56M       327M

MemTotal:        4016004 kB
MemFree:         3197140 kB
Active:           463716 kB
Mem:          3.8G       799M       3.0G       5.7M        56M       327M

MemTotal:        4016004 kB
MemFree:         3197264 kB
Active:           463692 kB
Mem:          3.8G       799M       3.0G       5.7M        56M       327M

MemTotal:        4016004 kB
MemFree:         3197388 kB
Active:           463688 kB
Mem:          3.8G       799M       3.0G       5.7M        56M       327M

MemTotal:        4016004 kB
MemFree:         3196880 kB
Active:           461664 kB
Mem:          3.8G       799M       3.0G       5.7M        56M       327M

MemTotal:        4016004 kB
MemFree:         3196880 kB
Active:           463740 kB
Mem:          3.8G       800M       3.0G       5.7M        56M       327M

MemTotal:        4016004 kB
MemFree:         3197004 kB
Active:           463736 kB
Mem:          3.8G       800M       3.0G       5.7M        56M       327M

MemTotal:        4016004 kB
MemFree:         3196756 kB
Active:           463724 kB
Mem:          3.8G       799M       3.0G       5.7M        56M       327M

MemTotal:        4016004 kB
MemFree:         3197004 kB
Active:           463704 kB
Mem:          3.8G       799M       3.0G       5.7M        56M       327M

MemTotal:        4016004 kB
MemFree:         3197500 kB
Active:           463700 kB
Mem:          3.8G       799M       3.0G       5.7M        56M       327M

MemTotal:        4016004 kB
MemFree:         3197504 kB
Active:           463748 kB
Mem:          3.8G       799M       3.0G       5.7M        56M       327M

MemTotal:        4016004 kB
MemFree:         3197380 kB
Active:           463724 kB
Mem:          3.8G       799M       3.0G       5.7M        56M       327M

MemTotal:        4016004 kB
MemFree:         3197504 kB
Active:           463756 kB
Mem:          3.8G       799M       3.0G       5.7M        56M       327M

MemTotal:        4016004 kB
MemFree:         3197504 kB
Active:           463724 kB
Mem:          3.8G       799M       3.0G       5.7M        56M       327M

MemTotal:        4016004 kB
MemFree:         3197504 kB
Active:           463736 kB
Mem:          3.8G       799M       3.0G       5.7M        56M       327M

MemTotal:        4016004 kB
MemFree:         3197380 kB
Active:           463716 kB
Mem:          3.8G       799M       3.0G       5.7M        56M       327M

MemTotal:        4016004 kB
MemFree:         3197256 kB
Active:           463748 kB
Mem:          3.8G       799M       3.0G       5.7M        56M       327M

MemTotal:        4016004 kB
MemFree:         3196760 kB
Active:           463768 kB
Mem:          3.8G       800M       3.0G       5.7M        56M       327M

MemTotal:        4016004 kB
MemFree:         3196512 kB
Active:           463772 kB
Mem:          3.8G       800M       3.0G       5.7M        56M       327M

MemTotal:        4016004 kB
MemFree:         3196620 kB
Active:           463732 kB
Mem:          3.8G       800M       3.0G       5.7M        56M       327M

MemTotal:        4016004 kB
MemFree:         3196620 kB
Active:           463736 kB
Mem:          3.8G       800M       3.0G       5.7M        56M       327M

MemTotal:        4016004 kB
MemFree:         3196076 kB
Active:           463772 kB
Mem:          3.8G       800M       3.0G       5.7M        56M       327M

MemTotal:        4016004 kB
MemFree:         3155476 kB
Active:           464296 kB
Mem:          3.8G       840M       3.0G       5.7M        56M       368M

MemTotal:        4016004 kB
MemFree:         3111068 kB
Active:           464344 kB
Mem:          3.8G       883M       3.0G       5.7M        56M       410M

MemTotal:        4016004 kB
MemFree:         3068624 kB
Active:           464416 kB
Mem:          3.8G       925M       2.9G       5.7M        56M       453M

MemTotal:        4016004 kB
MemFree:         3022988 kB
Active:           464400 kB
Mem:          3.8G       970M       2.9G       5.7M        56M       496M

MemTotal:        4016004 kB
MemFree:         2978624 kB
Active:           464460 kB
Mem:          3.8G       1.0G       2.8G       5.7M        56M       539M

MemTotal:        4016004 kB
MemFree:         2933996 kB
Active:           464488 kB
Mem:          3.8G       1.0G       2.8G       5.7M        56M       581M

MemTotal:        4016004 kB
MemFree:         2889260 kB
Active:           464520 kB
Mem:          3.8G       1.1G       2.8G       5.7M        56M       624M

MemTotal:        4016004 kB
MemFree:         2844588 kB
Active:           464508 kB
Mem:          3.8G       1.1G       2.7G       5.7M        56M       667M

MemTotal:        4016004 kB
MemFree:         2799628 kB
Active:           464560 kB
Mem:          3.8G       1.2G       2.7G       5.7M        56M       710M

MemTotal:        4016004 kB
MemFree:         2755172 kB
Active:           464548 kB
Mem:          3.8G       1.2G       2.6G       5.7M        56M       753M

MemTotal:        4016004 kB
MemFree:         2711284 kB
Active:           464620 kB
Mem:          3.8G       1.2G       2.6G       5.7M        56M       795M

MemTotal:        4016004 kB
MemFree:         2682300 kB
Active:           464636 kB
Mem:          3.8G       1.3G       2.6G       5.7M        56M       823M

MemTotal:        4016004 kB
MemFree:         2638804 kB
Active:           464664 kB
Mem:          3.8G       1.3G       2.5G       5.7M        56M       865M

MemTotal:        4016004 kB
MemFree:         2594348 kB
Active:           464684 kB
Mem:          3.8G       1.4G       2.5G       5.7M        56M       908M

MemTotal:        4016004 kB
MemFree:         2550156 kB
Active:           464664 kB
Mem:          3.8G       1.4G       2.4G       5.7M        56M       951M

MemTotal:        4016004 kB
MemFree:         2543368 kB
Active:           464716 kB
Mem:          3.8G       1.4G       2.4G       5.7M        56M       956M

MemTotal:        4016004 kB
MemFree:         2542628 kB
Active:           464696 kB
Mem:          3.8G       1.4G       2.4G       5.7M        56M       956M

MemTotal:        4016004 kB
MemFree:         2542584 kB
Active:           464712 kB
Mem:          3.8G       1.4G       2.4G       5.7M        56M       956M

MemTotal:        4016004 kB
MemFree:         2507756 kB
Active:           464768 kB
Mem:          3.8G       1.4G       2.4G       5.7M        56M       991M

MemTotal:        4016004 kB
MemFree:         2463100 kB
Active:           464792 kB
Mem:          3.8G       1.5G       2.3G       5.7M        56M       1.0G

MemTotal:        4016004 kB
MemFree:         2418472 kB
Active:           464812 kB
Mem:          3.8G       1.5G       2.3G       5.7M        56M       1.1G

MemTotal:        4016004 kB
MemFree:         2374232 kB
Active:           464840 kB
Mem:          3.8G       1.6G       2.3G       5.7M        56M       1.1G

MemTotal:        4016004 kB
MemFree:         2328688 kB
Active:           462920 kB
Mem:          3.8G       1.6G       2.2G       5.7M        56M       1.1G

MemTotal:        4016004 kB
MemFree:         2284944 kB
Active:           464988 kB
Mem:          3.8G       1.7G       2.2G       5.7M        56M       1.2G

MemTotal:        4016004 kB
MemFree:         2240208 kB
Active:           465008 kB
Mem:          3.8G       1.7G       2.1G       5.7M        56M       1.2G

MemTotal:        4016004 kB
MemFree:         2196076 kB
Active:           465032 kB
Mem:          3.8G       1.7G       2.1G       5.7M        56M       1.3G

MemTotal:        4016004 kB
MemFree:         2151120 kB
Active:           465064 kB
Mem:          3.8G       1.8G       2.1G       5.7M        56M       1.3G

MemTotal:        4016004 kB
MemFree:         2106512 kB
Active:           465088 kB
Mem:          3.8G       1.8G       2.0G       5.7M        56M       1.3G

MemTotal:        4016004 kB
MemFree:         2089144 kB
Active:           465100 kB
Mem:          3.8G       1.8G       2.0G       5.7M        56M       1.4G

MemTotal:        4016004 kB
MemFree:         2085464 kB
Active:           465112 kB
Mem:          3.8G       1.8G       2.0G       5.7M        56M       1.4G

MemTotal:        4016004 kB
MemFree:         2042372 kB
Active:           465096 kB
Mem:          3.8G       1.9G       1.9G       5.7M        56M       1.4G

MemTotal:        4016004 kB
MemFree:         2042096 kB
Active:           465128 kB
Mem:          3.8G       1.9G       1.9G       5.7M        56M       1.4G

MemTotal:        4016004 kB
MemFree:         2035052 kB
Active:           465116 kB
Mem:          3.8G       1.9G       1.9G       5.7M        56M       1.4G

MemTotal:        4016004 kB
MemFree:         1991308 kB
Active:           465176 kB
Mem:          3.8G       1.9G       1.9G       5.7M        56M       1.5G

MemTotal:        4016004 kB
MemFree:         1945828 kB
Active:           465204 kB
Mem:          3.8G       2.0G       1.9G       5.7M        56M       1.5G

MemTotal:        4016004 kB
MemFree:         1901696 kB
Active:           465224 kB
Mem:          3.8G       2.0G       1.8G       5.7M        56M       1.5G

MemTotal:        4016004 kB
MemFree:         1857084 kB
Active:           465264 kB
Mem:          3.8G       2.1G       1.8G       5.7M        56M       1.6G

MemTotal:        4016004 kB
MemFree:         1812084 kB
Active:           465284 kB
Mem:          3.8G       2.1G       1.7G       5.7M        56M       1.6G

MemTotal:        4016004 kB
MemFree:         1768092 kB
Active:           465304 kB
Mem:          3.8G       2.1G       1.7G       5.7M        56M       1.7G

MemTotal:        4016004 kB
MemFree:         1736160 kB
Active:           465328 kB
Mem:          3.8G       2.2G       1.7G       5.7M        56M       1.7G

MemTotal:        4016004 kB
MemFree:         1694476 kB
Active:           465356 kB
Mem:          3.8G       2.2G       1.6G       5.7M        56M       1.7G

MemTotal:        4016004 kB
MemFree:         1649492 kB
Active:           465384 kB
Mem:          3.8G       2.3G       1.6G       5.7M        56M       1.8G

MemTotal:        4016004 kB
MemFree:         1632740 kB
Active:           465376 kB
Mem:          3.8G       2.3G       1.6G       5.7M        56M       1.8G

MemTotal:        4016004 kB
MemFree:         1610184 kB
Active:           467440 kB
Mem:          3.8G       2.3G       1.5G       5.7M        56M       1.8G

MemTotal:        4016004 kB
MemFree:         1565636 kB
Active:           467464 kB
Mem:          3.8G       2.3G       1.5G       5.7M        56M       1.9G

MemTotal:        4016004 kB
MemFree:         1521632 kB
Active:           467452 kB
Mem:          3.8G       2.4G       1.5G       5.7M        57M       1.9G

MemTotal:        4016004 kB
MemFree:         1477104 kB
Active:           467512 kB
Mem:          3.8G       2.4G       1.4G       5.7M        57M       1.9G

MemTotal:        4016004 kB
MemFree:         1432648 kB
Active:           467492 kB
Mem:          3.8G       2.5G       1.4G       5.7M        57M       2.0G

MemTotal:        4016004 kB
MemFree:         1388084 kB
Active:           467512 kB
Mem:          3.8G       2.5G       1.3G       5.7M        57M       2.0G

MemTotal:        4016004 kB
MemFree:         1343704 kB
Active:           467584 kB
Mem:          3.8G       2.5G       1.3G       5.7M        57M       2.1G

MemTotal:        4016004 kB
MemFree:         1299232 kB
Active:           467600 kB
Mem:          3.8G       2.6G       1.2G       5.7M        57M       2.1G

MemTotal:        4016004 kB
MemFree:         1254000 kB
Active:           467640 kB
Mem:          3.8G       2.6G       1.2G       5.7M        57M       2.1G

MemTotal:        4016004 kB
MemFree:         1209652 kB
Active:           467664 kB
Mem:          3.8G       2.7G       1.2G       5.7M        57M       2.2G

MemTotal:        4016004 kB
MemFree:         1184928 kB
Active:           467680 kB
Mem:          3.8G       2.7G       1.1G       5.7M        57M       2.2G

MemTotal:        4016004 kB
MemFree:         1140456 kB
Active:           467708 kB
Mem:          3.8G       2.7G       1.1G       5.7M        57M       2.3G

MemTotal:        4016004 kB
MemFree:         1098080 kB
Active:           467732 kB
Mem:          3.8G       2.8G       1.0G       5.7M        57M       2.3G

MemTotal:        4016004 kB
MemFree:         1097568 kB
Active:           467688 kB
Mem:          3.8G       2.8G       1.0G       5.7M        57M       2.3G

MemTotal:        4016004 kB
MemFree:         1097416 kB
Active:           467748 kB
Mem:          3.8G       2.8G       1.0G       5.7M        57M       2.3G

MemTotal:        4016004 kB
MemFree:         1088772 kB
Active:           467708 kB
Mem:          3.8G       2.8G       1.0G       5.7M        57M       2.3G

MemTotal:        4016004 kB
MemFree:         1044236 kB
Active:           467776 kB
Mem:          3.8G       2.8G       1.0G       5.7M        57M       2.3G

MemTotal:        4016004 kB
MemFree:          999488 kB
Active:           467796 kB
Mem:          3.8G       2.9G       975M       5.7M        57M       2.4G

MemTotal:        4016004 kB
MemFree:          954628 kB
Active:           467816 kB
Mem:          3.8G       2.9G       931M       5.7M        57M       2.4G

MemTotal:        4016004 kB
MemFree:          910232 kB
Active:           467844 kB
Mem:          3.8G       3.0G       888M       5.7M        57M       2.5G

MemTotal:        4016004 kB
MemFree:          865372 kB
Active:           467824 kB
Mem:          3.8G       3.0G       844M       5.7M        57M       2.5G

MemTotal:        4016004 kB
MemFree:          820900 kB
Active:           467860 kB
Mem:          3.8G       3.0G       801M       5.7M        57M       2.5G

MemTotal:        4016004 kB
MemFree:          775404 kB
Active:           467916 kB
Mem:          3.8G       3.1G       756M       5.7M        57M       2.6G

MemTotal:        4016004 kB
MemFree:          746856 kB
Active:           467940 kB
Mem:          3.8G       3.1G       729M       5.7M        57M       2.6G

MemTotal:        4016004 kB
MemFree:          746484 kB
Active:           467908 kB
Mem:          3.8G       3.1G       728M       5.7M        57M       2.6G

MemTotal:        4016004 kB
MemFree:          709328 kB
Active:           467980 kB
Mem:          3.8G       3.2G       692M       5.7M        57M       2.7G

MemTotal:        4016004 kB
MemFree:          664840 kB
Active:           468000 kB
Mem:          3.8G       3.2G       649M       5.7M        57M       2.7G

MemTotal:        4016004 kB
MemFree:          621608 kB
Active:           468024 kB
Mem:          3.8G       3.2G       606M       5.7M        57M       2.7G

MemTotal:        4016004 kB
MemFree:          576484 kB
Active:           468044 kB
Mem:          3.8G       3.3G       562M       5.7M        57M       2.8G

MemTotal:        4016004 kB
MemFree:          561472 kB
Active:           468076 kB
Mem:          3.8G       3.3G       548M       5.7M        57M       2.8G

MemTotal:        4016004 kB
MemFree:          561088 kB
Active:           468096 kB
Mem:          3.8G       3.3G       547M       5.7M        57M       2.8G

MemTotal:        4016004 kB
MemFree:          561184 kB
Active:           468068 kB
Mem:          3.8G       3.3G       547M       5.7M        57M       2.8G

MemTotal:        4016004 kB
MemFree:          557316 kB
Active:           468044 kB
Mem:          3.8G       3.3G       543M       5.7M        57M       2.8G

MemTotal:        4016004 kB
MemFree:          513016 kB
Active:           467948 kB
Mem:          3.8G       3.3G       500M       5.7M        57M       2.8G

MemTotal:        4016004 kB
MemFree:          468204 kB
Active:           467968 kB
Mem:          3.8G       3.4G       457M       5.7M        57M       2.9G

MemTotal:        4016004 kB
MemFree:          424088 kB
Active:           467996 kB
Mem:          3.8G       3.4G       413M       5.7M        57M       2.9G

MemTotal:        4016004 kB
MemFree:          378980 kB
Active:           468020 kB
Mem:          3.8G       3.5G       369M       5.7M        57M       3.0G

MemTotal:        4016004 kB
MemFree:          334368 kB
Active:           468040 kB
Mem:          3.8G       3.5G       325M       5.7M        57M       3.0G

MemTotal:        4016004 kB
MemFree:          290608 kB
Active:           468060 kB
Mem:          3.8G       3.6G       282M       5.7M        57M       3.0G

MemTotal:        4016004 kB
MemFree:          245700 kB
Active:           468180 kB
Mem:          3.8G       3.6G       239M       5.7M        57M       3.1G

MemTotal:        4016004 kB
MemFree:          201568 kB
Active:           468200 kB
Mem:          3.8G       3.6G       196M       5.7M        57M       3.1G

MemTotal:        4016004 kB
MemFree:          156644 kB
Active:           468228 kB
Mem:          3.8G       3.7G       152M       5.7M        57M       3.2G

MemTotal:        4016004 kB
MemFree:          111720 kB
Active:           468252 kB
Mem:          3.8G       3.7G       108M       5.7M        57M       3.2G

MemTotal:        4016004 kB
MemFree:          137364 kB
Active:           478220 kB
Mem:          3.8G       3.7G       132M       5.7M        24M       3.2G

MemTotal:        4016004 kB
MemFree:          115768 kB
Active:           478336 kB
Mem:          3.8G       3.7G       113M       5.7M        24M       3.2G

MemTotal:        4016004 kB
MemFree:          115060 kB
Active:           478324 kB
Mem:          3.8G       3.7G       112M       5.7M        24M       3.2G

MemTotal:        4016004 kB
MemFree:          114868 kB
Active:           478336 kB
Mem:          3.8G       3.7G       111M       5.7M        24M       3.2G

MemTotal:        4016004 kB
MemFree:          114976 kB
Active:           478364 kB
Mem:          3.8G       3.7G       112M       5.7M        24M       3.2G

MemTotal:        4016004 kB
MemFree:          112696 kB
Active:           484168 kB
Mem:          3.8G       3.7G       109M       5.7M        24M       3.2G

MemTotal:        4016004 kB
MemFree:          119096 kB
Active:           527668 kB
Mem:          3.8G       3.7G       115M       5.7M        24M       3.2G

MemTotal:        4016004 kB
MemFree:          109592 kB
Active:           524712 kB
Mem:          3.8G       3.7G       106M       5.7M        24M       3.2G

MemTotal:        4016004 kB
MemFree:          131392 kB
Active:           518356 kB
Mem:          3.8G       3.7G       128M       5.7M        24M       3.2G

MemTotal:        4016004 kB
MemFree:          116308 kB
Active:           513360 kB
Mem:          3.8G       3.7G       113M       5.7M        24M       3.2G

MemTotal:        4016004 kB
MemFree:          107552 kB
Active:           509796 kB
Mem:          3.8G       3.7G       105M       5.7M        24M       3.3G

MemTotal:        4016004 kB
MemFree:          135552 kB
Active:           503032 kB
Mem:          3.8G       3.7G       131M       5.7M        24M       3.2G

MemTotal:        4016004 kB
MemFree:          126820 kB
Active:           499612 kB
Mem:          3.8G       3.7G       123M       5.7M        24M       3.2G

MemTotal:        4016004 kB
MemFree:          125708 kB
Active:           492320 kB
Mem:          3.8G       3.7G       122M       5.7M        24M       3.2G

MemTotal:        4016004 kB
MemFree:          122968 kB
Active:           487608 kB
Mem:          3.8G       3.7G       119M       5.7M        24M       3.2G

MemTotal:        4016004 kB
MemFree:          129204 kB
Active:           482632 kB
Mem:          3.8G       3.7G       125M       5.7M        24M       3.2G

MemTotal:        4016004 kB
MemFree:          124756 kB
Active:           480736 kB
Mem:          3.8G       3.7G       122M       5.7M        24M       3.2G

MemTotal:        4016004 kB
MemFree:          124664 kB
Active:           478980 kB
Mem:          3.8G       3.7G       121M       5.7M        24M       3.2G

MemTotal:        4016004 kB
MemFree:          120232 kB
Active:           477340 kB
Mem:          3.8G       3.7G       116M       5.7M        24M       3.2G

MemTotal:        4016004 kB
MemFree:          111132 kB
Active:           476216 kB
Mem:          3.8G       3.7G       108M       5.7M        24M       3.2G

MemTotal:        4016004 kB
MemFree:          125900 kB
Active:           472352 kB
Mem:          3.8G       3.7G       122M       5.7M        24M       3.2G

MemTotal:        4016004 kB
MemFree:          110488 kB
Active:           471352 kB
Mem:          3.8G       3.7G       107M       5.7M        24M       3.2G

MemTotal:        4016004 kB
MemFree:          125016 kB
Active:           469712 kB
Mem:          3.8G       3.7G       121M       5.7M        24M       3.2G

MemTotal:        4016004 kB
MemFree:          121868 kB
Active:           466072 kB
Mem:          3.8G       3.7G       118M       5.7M        24M       3.2G

MemTotal:        4016004 kB
MemFree:          112416 kB
Active:           464944 kB
Mem:          3.8G       3.7G       109M       5.7M        24M       3.2G

MemTotal:        4016004 kB
MemFree:          121000 kB
Active:           463300 kB
Mem:          3.8G       3.7G       117M       5.7M        24M       3.2G

MemTotal:        4016004 kB
MemFree:          111356 kB
Active:           462172 kB
Mem:          3.8G       3.7G       107M       5.7M        24M       3.2G

MemTotal:        4016004 kB
MemFree:          125976 kB
Active:           460528 kB
Mem:          3.8G       3.7G       122M       5.7M        24M       3.2G

MemTotal:        4016004 kB
MemFree:          125496 kB
Active:           459276 kB
Mem:          3.8G       3.7G       122M       5.7M        24M       3.2G

MemTotal:        4016004 kB
MemFree:          121276 kB
Active:           459288 kB
Mem:          3.8G       3.7G       117M       5.7M        24M       3.2G

MemTotal:        4016004 kB
MemFree:          112188 kB
Active:           458416 kB
Mem:          3.8G       3.7G       109M       5.7M        24M       3.2G

MemTotal:        4016004 kB
MemFree:          126996 kB
Active:           456644 kB
Mem:          3.8G       3.7G       124M       5.7M        24M       3.2G

MemTotal:        4016004 kB
MemFree:          126044 kB
Active:           452708 kB
Mem:          3.8G       3.7G       122M       5.7M        24M       3.2G

MemTotal:        4016004 kB
MemFree:          121716 kB
Active:           451300 kB
Mem:          3.8G       3.7G       118M       5.7M        24M       3.2G

MemTotal:        4016004 kB
MemFree:          105880 kB
Active:           450204 kB
Mem:          3.8G       3.7G       102M       5.7M        25M       3.3G

MemTotal:        4016004 kB
MemFree:          122672 kB
Active:           448180 kB
Mem:          3.8G       3.7G       119M       5.7M        25M       3.2G

MemTotal:        4016004 kB
MemFree:          128100 kB
Active:           446668 kB
Mem:          3.8G       3.7G       124M       5.7M        25M       3.2G

MemTotal:        4016004 kB
MemFree:          121084 kB
Active:           445160 kB
Mem:          3.8G       3.7G       117M       5.7M        25M       3.2G

MemTotal:        4016004 kB
MemFree:          104712 kB
Active:           444288 kB
Mem:          3.8G       3.7G       108M       5.7M        25M       3.2G

MemTotal:        4016004 kB
MemFree:          108056 kB
Active:           442900 kB
Mem:          3.8G       3.7G       105M       5.7M        25M       3.2G

MemTotal:        4016004 kB
MemFree:          128412 kB
Active:           440744 kB
Mem:          3.8G       3.7G       124M       5.7M        25M       3.2G

MemTotal:        4016004 kB
MemFree:          119832 kB
Active:           439616 kB
Mem:          3.8G       3.7G       116M       5.7M        25M       3.2G

MemTotal:        4016004 kB
MemFree:          111224 kB
Active:           438492 kB
Mem:          3.8G       3.7G       108M       5.7M        25M       3.2G

MemTotal:        4016004 kB
MemFree:          128028 kB
Active:           437504 kB
Mem:          3.8G       3.7G       124M       5.7M        25M       3.2G

MemTotal:        4016004 kB
MemFree:          138208 kB
Active:           433932 kB
Mem:          3.8G       3.7G       139M       5.7M        25M       3.2G

MemTotal:        4016004 kB
MemFree:          129236 kB
Active:           432792 kB
Mem:          3.8G       3.7G       125M       5.7M        25M       3.2G

MemTotal:        4016004 kB
MemFree:          124140 kB
Active:           433440 kB
Mem:          3.8G       3.7G       121M       5.7M        25M       3.2G

MemTotal:        4016004 kB
MemFree:          107444 kB
Active:           432700 kB
Mem:          3.8G       3.7G       104M       5.7M        25M       3.2G

MemTotal:        4016004 kB
MemFree:          133240 kB
Active:           430416 kB
Mem:          3.8G       3.7G       130M       5.7M        25M       3.2G

MemTotal:        4016004 kB
MemFree:          118520 kB
Active:           429288 kB
Mem:          3.8G       3.7G       115M       5.7M        25M       3.2G

MemTotal:        4016004 kB
MemFree:          109900 kB
Active:           428160 kB
Mem:          3.8G       3.7G       107M       5.7M        25M       3.2G

MemTotal:        4016004 kB
MemFree:          126280 kB
Active:           424368 kB
Mem:          3.8G       3.7G       122M       5.7M        25M       3.2G

MemTotal:        4016004 kB
MemFree:          132156 kB
Active:           423364 kB
Mem:          3.8G       3.7G       128M       5.7M        25M       3.2G

MemTotal:        4016004 kB
MemFree:          134636 kB
Active:           421540 kB
Mem:          3.8G       3.7G       131M       5.7M        25M       3.2G

MemTotal:        4016004 kB
MemFree:          120456 kB
Active:           421484 kB
Mem:          3.8G       3.7G       117M       5.7M        25M       3.2G

MemTotal:        4016004 kB
MemFree:          126120 kB
Active:           419836 kB
Mem:          3.8G       3.7G       123M       5.7M        25M       3.2G

MemTotal:        4016004 kB
MemFree:          134664 kB
Active:           417940 kB
Mem:          3.8G       3.7G       131M       5.7M        25M       3.2G

MemTotal:        4016004 kB
MemFree:          119796 kB
Active:           417796 kB
Mem:          3.8G       3.7G       116M       5.7M        25M       3.2G

MemTotal:        4016004 kB
MemFree:          105456 kB
Active:           417812 kB
Mem:          3.8G       3.7G       102M       5.7M        25M       3.2G

MemTotal:        4016004 kB
MemFree:          132580 kB
Active:           415684 kB
Mem:          3.8G       3.7G       129M       5.7M        25M       3.2G

MemTotal:        4016004 kB
MemFree:          135744 kB
Active:           411636 kB
Mem:          3.8G       3.7G       131M       5.7M        25M       3.2G

MemTotal:        4016004 kB
MemFree:          127040 kB
Active:           410636 kB
Mem:          3.8G       3.7G       124M       5.7M        25M       3.2G

MemTotal:        4016004 kB
MemFree:          136392 kB
Active:           408872 kB
Mem:          3.8G       3.7G       132M       5.7M        25M       3.2G

MemTotal:        4016004 kB
MemFree:          127716 kB
Active:           407872 kB
Mem:          3.8G       3.7G       124M       5.7M        25M       3.2G

MemTotal:        4016004 kB
MemFree:          132028 kB
Active:           404700 kB
Mem:          3.8G       3.7G       128M       5.7M        25M       3.2G

MemTotal:        4016004 kB
MemFree:          124300 kB
Active:           403696 kB
Mem:          3.8G       3.7G       121M       5.7M        25M       3.2G

MemTotal:        4016004 kB
MemFree:          112724 kB
Active:           403584 kB
Mem:          3.8G       3.7G       109M       5.7M        25M       3.2G

MemTotal:        4016004 kB
MemFree:          110180 kB
Active:           403604 kB
Mem:          3.8G       3.7G       107M       5.7M        25M       3.2G

MemTotal:        4016004 kB
MemFree:          109964 kB
Active:           403564 kB
Mem:          3.8G       3.7G       106M       5.7M        25M       3.2G

MemTotal:        4016004 kB
MemFree:          109876 kB
Active:           403564 kB
Mem:          3.8G       3.7G       107M       5.7M        25M       3.2G

MemTotal:        4016004 kB
MemFree:          137636 kB
Active:           401696 kB
Mem:          3.8G       3.7G       133M       5.7M        25M       3.2G

MemTotal:        4016004 kB
MemFree:          129092 kB
Active:           400596 kB
Mem:          3.8G       3.7G       125M       5.7M        25M       3.2G

MemTotal:        4016004 kB
MemFree:          120804 kB
Active:           399352 kB
Mem:          3.8G       3.7G       117M       5.7M        25M       3.2G

MemTotal:        4016004 kB
MemFree:          123316 kB
Active:           397580 kB
Mem:          3.8G       3.7G       119M       5.7M        25M       3.2G

MemTotal:        4016004 kB
MemFree:          131460 kB
Active:           397220 kB
Mem:          3.8G       3.7G       127M       5.7M        25M       3.2G

MemTotal:        4016004 kB
MemFree:          123108 kB
Active:           397244 kB
Mem:          3.8G       3.7G       119M       5.7M        25M       3.2G

MemTotal:        4016004 kB
MemFree:          105348 kB
Active:           397040 kB
Mem:          3.8G       3.7G       102M       5.7M        25M       3.2G

MemTotal:        4016004 kB
MemFree:          123192 kB
Active:           397508 kB
Mem:          3.8G       3.7G       119M       5.7M        25M       3.2G

MemTotal:        4016004 kB
MemFree:          127884 kB
Active:           397532 kB
Mem:          3.8G       3.7G       124M       5.7M        25M       3.2G

MemTotal:        4016004 kB
MemFree:          122084 kB
Active:           397564 kB
Mem:          3.8G       3.7G       119M       5.7M        25M       3.2G

MemTotal:        4016004 kB
MemFree:          128112 kB
Active:           397588 kB
Mem:          3.8G       3.7G       125M       5.7M        25M       3.2G

MemTotal:        4016004 kB
MemFree:          113480 kB
Active:           397620 kB
Mem:          3.8G       3.7G       111M       5.7M        25M       3.2G

MemTotal:        4016004 kB
MemFree:          105096 kB
Active:           397640 kB
Mem:          3.8G       3.7G       102M       5.7M        25M       3.2G

MemTotal:        4016004 kB
MemFree:          128336 kB
Active:           397556 kB
Mem:          3.8G       3.7G       125M       5.7M        25M       3.2G

MemTotal:        4016004 kB
MemFree:          128620 kB
Active:           397516 kB
Mem:          3.8G       3.7G       125M       5.7M        25M       3.2G

MemTotal:        4016004 kB
MemFree:          111428 kB
Active:           397528 kB
Mem:          3.8G       3.7G       108M       5.7M        25M       3.2G

MemTotal:        4016004 kB
MemFree:          126776 kB
Active:           398380 kB
Mem:          3.8G       3.7G       123M       5.7M        25M       3.2G

MemTotal:        4016004 kB
MemFree:          118056 kB
Active:           398412 kB
Mem:          3.8G       3.7G       114M       5.7M        26M       3.2G

MemTotal:        4016004 kB
MemFree:          129684 kB
Active:           398432 kB
Mem:          3.8G       3.7G       126M       5.7M        26M       3.2G

MemTotal:        4016004 kB
MemFree:          120512 kB
Active:           398456 kB
Mem:          3.8G       3.7G       117M       5.7M        26M       3.2G

MemTotal:        4016004 kB
MemFree:          105792 kB
Active:           398480 kB
Mem:          3.8G       3.7G       103M       5.7M        26M       3.2G

MemTotal:        4016004 kB
MemFree:          127136 kB
Active:           398500 kB
Mem:          3.8G       3.7G       123M       5.7M        26M       3.2G

MemTotal:        4016004 kB
MemFree:          118488 kB
Active:           398532 kB
Mem:          3.8G       3.7G       115M       5.7M        26M       3.2G

MemTotal:        4016004 kB
MemFree:          110108 kB
Active:           398404 kB
Mem:          3.8G       3.7G       107M       5.7M        26M       3.2G

MemTotal:        4016004 kB
MemFree:          118848 kB
Active:           398424 kB
Mem:          3.8G       3.7G       115M       5.7M        26M       3.2G

MemTotal:        4016004 kB
MemFree:          110024 kB
Active:           398448 kB
Mem:          3.8G       3.7G       107M       5.7M        26M       3.2G

MemTotal:        4016004 kB
MemFree:          122884 kB
Active:           397904 kB
Mem:          3.8G       3.7G       119M       5.7M        26M       3.2G

MemTotal:        4016004 kB
MemFree:          123528 kB
Active:           399812 kB
Mem:          3.8G       3.7G       120M       5.7M        26M       3.2G

MemTotal:        4016004 kB
MemFree:          123780 kB
Active:           399768 kB
Mem:          3.8G       3.7G       120M       5.7M        26M       3.2G

MemTotal:        4016004 kB
MemFree:          119800 kB
Active:           399776 kB
Mem:          3.8G       3.7G       116M       5.7M        26M       3.2G

MemTotal:        4016004 kB
MemFree:          110448 kB
Active:           398680 kB
Mem:          3.8G       3.7G       107M       5.7M        26M       3.2G

MemTotal:        4016004 kB
MemFree:          121016 kB
Active:           397940 kB
Mem:          3.8G       3.7G       117M       5.7M        26M       3.2G

MemTotal:        4016004 kB
MemFree:          117428 kB
Active:           397916 kB
Mem:          3.8G       3.7G       114M       5.7M        26M       3.2G

MemTotal:        4016004 kB
MemFree:          109416 kB
Active:           397936 kB
Mem:          3.8G       3.7G       106M       5.7M        26M       3.2G

MemTotal:        4016004 kB
MemFree:          117892 kB
Active:           397960 kB
Mem:          3.8G       3.7G       114M       5.7M        26M       3.2G

MemTotal:        4016004 kB
MemFree:          108976 kB
Active:           397984 kB
Mem:          3.8G       3.7G       106M       5.7M        26M       3.2G

MemTotal:        4016004 kB
MemFree:          124852 kB
Active:           399092 kB
Mem:          3.8G       3.7G       121M       5.7M        26M       3.2G

MemTotal:        4016004 kB
MemFree:          123244 kB
Active:           397500 kB
Mem:          3.8G       3.7G       119M       5.7M        26M       3.2G

MemTotal:        4016004 kB
MemFree:          106916 kB
Active:           397160 kB
Mem:          3.8G       3.7G       103M       5.7M        26M       3.2G

MemTotal:        4016004 kB
MemFree:          124076 kB
Active:           390756 kB
Mem:          3.8G       3.7G       120M       5.7M        26M       3.2G

MemTotal:        4016004 kB
MemFree:          130756 kB
Active:           390600 kB
Mem:          3.8G       3.7G       127M       5.7M        26M       3.2G

MemTotal:        4016004 kB
MemFree:          126092 kB
Active:           390616 kB
Mem:          3.8G       3.7G       122M       5.7M        26M       3.2G

MemTotal:        4016004 kB
MemFree:          125968 kB
Active:           390604 kB
Mem:          3.8G       3.7G       122M       5.7M        26M       3.2G

MemTotal:        4016004 kB
MemFree:          125912 kB
Active:           390584 kB
Mem:          3.8G       3.7G       122M       5.7M        26M       3.2G

MemTotal:        4016004 kB
MemFree:          110604 kB
Active:           390600 kB
Mem:          3.8G       3.7G       107M       5.7M        26M       3.2G

MemTotal:        4016004 kB
MemFree:          131500 kB
Active:           390656 kB
Mem:          3.8G       3.7G       128M       5.7M        26M       3.2G

MemTotal:        4016004 kB
MemFree:          123528 kB
Active:           390636 kB
Mem:          3.8G       3.7G       119M       5.7M        26M       3.2G

MemTotal:        4016004 kB
MemFree:          125732 kB
Active:           390704 kB
Mem:          3.8G       3.7G       122M       5.7M        26M       3.2G

MemTotal:        4016004 kB
MemFree:          111548 kB
Active:           390728 kB
Mem:          3.8G       3.7G       108M       5.7M        26M       3.2G

MemTotal:        4016004 kB
MemFree:          126824 kB
Active:           390748 kB
Mem:          3.8G       3.7G       123M       5.7M        26M       3.2G

MemTotal:        4016004 kB
MemFree:          124756 kB
Active:           390732 kB
Mem:          3.8G       3.7G       121M       5.7M        26M       3.2G

MemTotal:        4016004 kB
MemFree:          122548 kB
Active:           390148 kB
Mem:          3.8G       3.7G       119M       5.7M        26M       3.2G

MemTotal:        4016004 kB
MemFree:          128828 kB
Active:           390196 kB
Mem:          3.8G       3.7G       125M       5.7M        26M       3.2G

MemTotal:        4016004 kB
MemFree:          125704 kB
Active:           390220 kB
Mem:          3.8G       3.7G       122M       5.7M        26M       3.2G

MemTotal:        4016004 kB
MemFree:          116948 kB
Active:           390204 kB
Mem:          3.8G       3.7G       114M       5.7M        26M       3.2G

MemTotal:        4016004 kB
MemFree:          133452 kB
Active:           390264 kB
Mem:          3.8G       3.7G       130M       5.7M        26M       3.2G

MemTotal:        4016004 kB
MemFree:          135440 kB
Active:           391316 kB
Mem:          3.8G       3.7G       131M       5.7M        26M       3.2G

MemTotal:        4016004 kB
MemFree:          132400 kB
Active:           391340 kB
Mem:          3.8G       3.7G       129M       5.7M        26M       3.2G

MemTotal:        4016004 kB
MemFree:          139312 kB
Active:           391320 kB
Mem:          3.8G       3.7G       135M       5.7M        26M       3.2G

MemTotal:        4016004 kB
MemFree:          134924 kB
Active:           389836 kB
Mem:          3.8G       3.7G       130M       5.7M        26M       3.2G

MemTotal:        4016004 kB
MemFree:          127520 kB
Active:           389636 kB
Mem:          3.8G       3.7G       124M       5.7M        26M       3.2G

MemTotal:        4016004 kB
MemFree:          128704 kB
Active:           389656 kB
Mem:          3.8G       3.7G       125M       5.7M        26M       3.2G

MemTotal:        4016004 kB
MemFree:          140844 kB
Active:           389688 kB
Mem:          3.8G       3.7G       136M       5.7M        26M       3.2G

MemTotal:        4016004 kB
MemFree:          132756 kB
Active:           389712 kB
Mem:          3.8G       3.7G       128M       5.7M        26M       3.2G

MemTotal:        4016004 kB
MemFree:          123540 kB
Active:           389744 kB
Mem:          3.8G       3.7G       120M       5.7M        26M       3.2G

MemTotal:        4016004 kB
MemFree:          109184 kB
Active:           389768 kB
Mem:          3.8G       3.7G       106M       5.7M        26M       3.2G

MemTotal:        4016004 kB
MemFree:          128796 kB
Active:           389788 kB
Mem:          3.8G       3.7G       125M       5.7M        26M       3.2G

MemTotal:        4016004 kB
MemFree:          128896 kB
Active:           389760 kB
Mem:          3.8G       3.7G       125M       5.7M        26M       3.2G

MemTotal:        4016004 kB
MemFree:          128900 kB
Active:           389816 kB
Mem:          3.8G       3.7G       125M       5.7M        26M       3.2G

MemTotal:        4016004 kB
MemFree:          130684 kB
Active:           388864 kB
Mem:          3.8G       3.7G       127M       5.7M        27M       3.2G

MemTotal:        4016004 kB
MemFree:          121932 kB
Active:           388696 kB
Mem:          3.8G       3.7G       119M       5.7M        27M       3.2G

MemTotal:        4016004 kB
MemFree:          124548 kB
Active:           388760 kB
Mem:          3.8G       3.7G       121M       5.7M        27M       3.2G

MemTotal:        4016004 kB
MemFree:          136332 kB
Active:           388784 kB
Mem:          3.8G       3.7G       132M       5.7M        27M       3.2G

MemTotal:        4016004 kB
MemFree:          129904 kB
Active:           388784 kB
Mem:          3.8G       3.7G       126M       5.7M        27M       3.2G

MemTotal:        4016004 kB
MemFree:          121592 kB
Active:           388800 kB
Mem:          3.8G       3.7G       118M       5.7M        27M       3.2G

MemTotal:        4016004 kB
MemFree:          124148 kB
Active:           388864 kB
Mem:          3.8G       3.7G       120M       5.7M        27M       3.2G

MemTotal:        4016004 kB
MemFree:          109732 kB
Active:           388892 kB
Mem:          3.8G       3.7G       106M       5.7M        27M       3.2G

MemTotal:        4016004 kB
MemFree:          125188 kB
Active:           388912 kB
Mem:          3.8G       3.7G       122M       5.7M        27M       3.2G

MemTotal:        4016004 kB
MemFree:          130708 kB
Active:           376192 kB
Mem:          3.8G       3.7G       126M       5.7M        27M       3.2G

MemTotal:        4016004 kB
MemFree:          106888 kB
Active:           376024 kB
Mem:          3.8G       3.7G       103M       5.7M        27M       3.2G

MemTotal:        4016004 kB
MemFree:          119600 kB
Active:           375984 kB
Mem:          3.8G       3.7G       116M       5.7M        27M       3.2G

MemTotal:        4016004 kB
MemFree:          111456 kB
Active:           376052 kB
Mem:          3.8G       3.7G       108M       5.7M        27M       3.2G

MemTotal:        4016004 kB
MemFree:          127412 kB
Active:           376072 kB
Mem:          3.8G       3.7G       123M       5.7M        27M       3.2G

MemTotal:        4016004 kB
MemFree:          112512 kB
Active:           376088 kB
Mem:          3.8G       3.7G       109M       5.7M        27M       3.2G

MemTotal:        4016004 kB
MemFree:          128644 kB
Active:           376112 kB
Mem:          3.8G       3.7G       125M       5.7M        27M       3.2G

MemTotal:        4016004 kB
MemFree:          120124 kB
Active:           376112 kB
Mem:          3.8G       3.7G       116M       5.7M        27M       3.2G

MemTotal:        4016004 kB
MemFree:          106656 kB
Active:           379904 kB
Mem:          3.8G       3.7G       103M       5.7M        27M       3.2G

MemTotal:        4016004 kB
MemFree:          126264 kB
Active:           377712 kB
Mem:          3.8G       3.7G       122M       5.7M        27M       3.2G

MemTotal:        4016004 kB
MemFree:          106464 kB
Active:           376976 kB
Mem:          3.8G       3.7G       103M       5.7M        27M       3.2G

MemTotal:        4016004 kB
MemFree:          105304 kB
Active:           376492 kB
Mem:          3.8G       3.7G       107M       5.7M        27M       3.2G

MemTotal:        4016004 kB
MemFree:          128120 kB
Active:           373876 kB
Mem:          3.8G       3.7G       124M       5.7M        27M       3.2G

MemTotal:        4016004 kB
MemFree:          136880 kB
Active:           373732 kB
Mem:          3.8G       3.7G       133M       5.7M        27M       3.2G

MemTotal:        4016004 kB
MemFree:          131780 kB
Active:           373772 kB
Mem:          3.8G       3.7G       128M       5.7M        27M       3.2G

MemTotal:        4016004 kB
MemFree:          128448 kB
Active:           373812 kB
Mem:          3.8G       3.7G       125M       5.7M        27M       3.2G

MemTotal:        4016004 kB
MemFree:          128328 kB
Active:           373796 kB
Mem:          3.8G       3.7G       124M       5.7M        27M       3.2G

MemTotal:        4016004 kB
MemFree:          128380 kB
Active:           373788 kB
Mem:          3.8G       3.7G       125M       5.7M        27M       3.2G

MemTotal:        4016004 kB
MemFree:          125960 kB
Active:           371944 kB
Mem:          3.8G       3.7G       122M       5.7M        27M       3.2G

MemTotal:        4016004 kB
MemFree:          110936 kB
Active:           371908 kB
Mem:          3.8G       3.7G       107M       5.7M        27M       3.2G

MemTotal:        4016004 kB
MemFree:          127600 kB
Active:           371940 kB
Mem:          3.8G       3.7G       123M       5.7M        27M       3.2G

MemTotal:        4016004 kB
MemFree:          119360 kB
Active:           371904 kB
Mem:          3.8G       3.7G       116M       5.7M        27M       3.2G

MemTotal:        4016004 kB
MemFree:          108892 kB
Active:           371980 kB
Mem:          3.8G       3.7G       111M       5.7M        27M       3.2G

MemTotal:        4016004 kB
MemFree:          126536 kB
Active:           372004 kB
Mem:          3.8G       3.7G       123M       5.7M        27M       3.2G

MemTotal:        4016004 kB
MemFree:          111708 kB
Active:           371976 kB
Mem:          3.8G       3.7G       109M       5.7M        27M       3.2G

MemTotal:        4016004 kB
MemFree:          116416 kB
Active:           372056 kB
Mem:          3.8G       3.7G       123M       5.7M        27M       3.2G

MemTotal:        4016004 kB
MemFree:          119472 kB
Active:           372080 kB
Mem:          3.8G       3.7G       116M       5.7M        27M       3.2G

MemTotal:        4016004 kB
MemFree:          107236 kB
Active:           369384 kB
Mem:          3.8G       3.7G       104M       5.7M        27M       3.2G

MemTotal:        4016004 kB
MemFree:          126900 kB
Active:           371452 kB
Mem:          3.8G       3.7G       123M       5.7M        27M       3.2G

MemTotal:        4016004 kB
MemFree:          117800 kB
Active:           371456 kB
Mem:          3.8G       3.7G       114M       5.7M        27M       3.2G

MemTotal:        4016004 kB
MemFree:          108452 kB
Active:           371488 kB
Mem:          3.8G       3.7G       105M       5.7M        27M       3.2G

MemTotal:        4016004 kB
MemFree:          107744 kB
Active:           371468 kB
Mem:          3.8G       3.7G       104M       5.7M        27M       3.2G

MemTotal:        4016004 kB
MemFree:          126692 kB
Active:           371520 kB
Mem:          3.8G       3.7G       123M       5.7M        27M       3.2G

MemTotal:        4016004 kB
MemFree:          120912 kB
Active:           371512 kB
Mem:          3.8G       3.7G       117M       5.7M        27M       3.2G

MemTotal:        4016004 kB
MemFree:          128028 kB
Active:           371564 kB
Mem:          3.8G       3.7G       124M       5.7M        27M       3.2G

MemTotal:        4016004 kB
MemFree:          121772 kB
Active:           371556 kB
Mem:          3.8G       3.7G       118M       5.7M        27M       3.2G

MemTotal:        4016004 kB
MemFree:          127120 kB
Active:           371616 kB
Mem:          3.8G       3.7G       123M       5.7M        27M       3.2G

MemTotal:        4016004 kB
MemFree:          124008 kB
Active:           371636 kB
Mem:          3.8G       3.7G       120M       5.7M        27M       3.2G

MemTotal:        4016004 kB
MemFree:          115284 kB
Active:           371656 kB
Mem:          3.8G       3.7G       122M       5.7M        27M       3.2G

MemTotal:        4016004 kB
MemFree:          121132 kB
Active:           371680 kB
Mem:          3.8G       3.7G       117M       5.7M        27M       3.2G

MemTotal:        4016004 kB
MemFree:          123620 kB
Active:           370044 kB
Mem:          3.8G       3.7G       119M       5.7M        28M       3.2G

MemTotal:        4016004 kB
MemFree:          115288 kB
Active:           372128 kB
Mem:          3.8G       3.7G       111M       5.7M        30M       3.2G

MemTotal:        4016004 kB
MemFree:          120780 kB
Active:           372660 kB
Mem:          3.8G       3.7G       117M       5.7M        30M       3.2G

MemTotal:        4016004 kB
MemFree:          118968 kB
Active:           372136 kB
Mem:          3.8G       3.7G       115M       5.7M        30M       3.2G

MemTotal:        4016004 kB
MemFree:          127196 kB
Active:           371828 kB
Mem:          3.8G       3.7G       123M       5.7M        30M       3.2G

MemTotal:        4016004 kB
MemFree:          128764 kB
Active:           371836 kB
Mem:          3.8G       3.7G       125M       5.7M        30M       3.2G

MemTotal:        4016004 kB
MemFree:          128800 kB
Active:           371868 kB
Mem:          3.8G       3.7G       125M       5.7M        30M       3.2G

MemTotal:        4016004 kB
MemFree:          124036 kB
Active:           371860 kB
Mem:          3.8G       3.7G       121M       5.7M        30M       3.2G

MemTotal:        4016004 kB
MemFree:          127272 kB
Active:           371884 kB
Mem:          3.8G       3.7G       123M       5.7M        30M       3.2G

MemTotal:        4016004 kB
MemFree:          123264 kB
Active:           371884 kB
Mem:          3.8G       3.7G       119M       5.7M        30M       3.2G

MemTotal:        4016004 kB
MemFree:          125096 kB
Active:           371884 kB
Mem:          3.8G       3.7G       122M       5.7M        30M       3.2G

MemTotal:        4016004 kB
MemFree:          120592 kB
Active:           371892 kB
Mem:          3.8G       3.7G       117M       5.7M        30M       3.2G

MemTotal:        4016004 kB
MemFree:          125020 kB
Active:           371892 kB
Mem:          3.8G       3.7G       121M       5.7M        30M       3.2G

MemTotal:        4016004 kB
MemFree:          120308 kB
Active:           371896 kB
Mem:          3.8G       3.7G       117M       5.7M        30M       3.2G

MemTotal:        4016004 kB
MemFree:          127620 kB
Active:           371896 kB
Mem:          3.8G       3.7G       124M       5.7M        30M       3.2G

MemTotal:        4016004 kB
MemFree:          116372 kB
Active:           371904 kB
Mem:          3.8G       3.7G       113M       5.7M        30M       3.2G

MemTotal:        4016004 kB
MemFree:          105432 kB
Active:           371916 kB
Mem:          3.8G       3.7G       103M       5.7M        30M       3.2G

MemTotal:        4016004 kB
MemFree:          125112 kB
Active:           369372 kB
Mem:          3.8G       3.7G       121M       5.7M        30M       3.2G

MemTotal:        4016004 kB
MemFree:          126300 kB
Active:           371304 kB
Mem:          3.8G       3.7G       122M       5.7M        30M       3.2G

MemTotal:        4016004 kB
MemFree:          116312 kB
Active:           371336 kB
Mem:          3.8G       3.7G       113M       5.7M        30M       3.2G

MemTotal:        4016004 kB
MemFree:          105436 kB
Active:           371356 kB
Mem:          3.8G       3.7G       102M       5.7M        30M       3.2G

MemTotal:        4016004 kB
MemFree:          107324 kB
Active:           371356 kB
Mem:          3.8G       3.7G       103M       5.7M        30M       3.2G

MemTotal:        4016004 kB
MemFree:          120992 kB
Active:           371356 kB
Mem:          3.8G       3.7G       117M       5.7M        30M       3.2G

MemTotal:        4016004 kB
MemFree:          130284 kB
Active:           371360 kB
Mem:          3.8G       3.7G       126M       5.7M        30M       3.2G

MemTotal:        4016004 kB
MemFree:          120004 kB
Active:           371340 kB
Mem:          3.8G       3.7G       116M       5.7M        30M       3.2G

MemTotal:        4016004 kB
MemFree:          133692 kB
Active:           371356 kB
Mem:          3.8G       3.7G       130M       5.7M        30M       3.2G

MemTotal:        4016004 kB
MemFree:          117156 kB
Active:           371384 kB
Mem:          3.8G       3.7G       113M       5.7M        30M       3.2G

MemTotal:        4016004 kB
MemFree:          143524 kB
Active:           371356 kB
Mem:          3.8G       3.7G       139M       5.7M        30M       3.2G

MemTotal:        4016004 kB
MemFree:          133228 kB
Active:           371368 kB
Mem:          3.8G       3.7G       130M       5.7M        30M       3.2G

MemTotal:        4016004 kB
MemFree:          124340 kB
Active:           371368 kB
Mem:          3.8G       3.7G       120M       5.7M        30M       3.2G

MemTotal:        4016004 kB
MemFree:          124864 kB
Active:           371408 kB
Mem:          3.8G       3.7G       121M       5.7M        30M       3.2G

MemTotal:        4016004 kB
MemFree:          127176 kB
Active:           371416 kB
Mem:          3.8G       3.7G       123M       5.7M        30M       3.2G

MemTotal:        4016004 kB
MemFree:          133164 kB
Active:           371416 kB
Mem:          3.8G       3.7G       129M       5.7M        30M       3.2G

MemTotal:        4016004 kB
MemFree:          129796 kB
Active:           368996 kB
Mem:          3.8G       3.7G       126M       5.7M        30M       3.2G

MemTotal:        4016004 kB
MemFree:          140696 kB
Active:           368852 kB
Mem:          3.8G       3.7G       136M       5.7M        30M       3.2G

MemTotal:        4016004 kB
MemFree:          113464 kB
Active:           368872 kB
Mem:          3.8G       3.7G       110M       5.7M        30M       3.2G

MemTotal:        4016004 kB
MemFree:          126620 kB
Active:           368908 kB
Mem:          3.8G       3.7G       123M       5.7M        30M       3.2G

MemTotal:        4016004 kB
MemFree:          128788 kB
Active:           368784 kB
Mem:          3.8G       3.7G       126M       5.7M        30M       3.2G

MemTotal:        4016004 kB
MemFree:          127268 kB
Active:           368564 kB
Mem:          3.8G       3.7G       124M       5.7M        30M       3.2G

MemTotal:        4016004 kB
MemFree:          127268 kB
Active:           370608 kB
Mem:          3.8G       3.7G       124M       5.7M        30M       3.2G

MemTotal:        4016004 kB
MemFree:          127144 kB
Active:           370592 kB
Mem:          3.8G       3.7G       123M       5.7M        30M       3.2G

MemTotal:        4016004 kB
MemFree:          127268 kB
Active:           370628 kB
Mem:          3.8G       3.7G       124M       5.7M        30M       3.2G

MemTotal:        4016004 kB
MemFree:          127008 kB
Active:           370608 kB
Mem:          3.8G       3.7G       123M       5.7M        30M       3.2G

MemTotal:        4016004 kB
MemFree:          127032 kB
Active:           370624 kB
Mem:          3.8G       3.7G       123M       5.7M        30M       3.2G

MemTotal:        4016004 kB
MemFree:          126908 kB
Active:           370652 kB
Mem:          3.8G       3.7G       123M       5.7M        30M       3.2G

MemTotal:        4016004 kB
MemFree:          127040 kB
Active:           370616 kB
Mem:          3.8G       3.7G       123M       5.7M        30M       3.2G

MemTotal:        4016004 kB
MemFree:          127196 kB
Active:           370664 kB
Mem:          3.8G       3.7G       123M       5.7M        30M       3.2G

MemTotal:        4016004 kB
MemFree:          127196 kB
Active:           370648 kB
Mem:          3.8G       3.7G       123M       5.7M        30M       3.2G

MemTotal:        4016004 kB
MemFree:          127196 kB
Active:           370644 kB
Mem:          3.8G       3.7G       124M       5.7M        30M       3.2G

MemTotal:        4016004 kB
MemFree:          127072 kB
Active:           370632 kB
Mem:          3.8G       3.7G       123M       5.7M        30M       3.2G

MemTotal:        4016004 kB
MemFree:          127196 kB
Active:           370624 kB
Mem:          3.8G       3.7G       123M       5.7M        30M       3.2G

MemTotal:        4016004 kB
MemFree:          127196 kB
Active:           370648 kB
Mem:          3.8G       3.7G       123M       5.7M        30M       3.2G

MemTotal:        4016004 kB
MemFree:          127072 kB
Active:           370648 kB
Mem:          3.8G       3.7G       123M       5.7M        30M       3.2G

MemTotal:        4016004 kB
MemFree:          127072 kB
Active:           370632 kB
Mem:          3.8G       3.7G       123M       5.7M        30M       3.2G

MemTotal:        4016004 kB
MemFree:          127072 kB
Active:           370652 kB
Mem:          3.8G       3.7G       123M       5.7M        30M       3.2G

MemTotal:        4016004 kB
MemFree:          127072 kB
Active:           370632 kB
Mem:          3.8G       3.7G       123M       5.7M        30M       3.2G

MemTotal:        4016004 kB
MemFree:          127072 kB
Active:           370640 kB
Mem:          3.8G       3.7G       123M       5.7M        30M       3.2G

MemTotal:        4016004 kB
MemFree:          126948 kB
Active:           370644 kB
Mem:          3.8G       3.7G       123M       5.7M        30M       3.2G

MemTotal:        4016004 kB
MemFree:          127072 kB
Active:           370644 kB
Mem:          3.8G       3.7G       123M       5.7M        30M       3.2G

MemTotal:        4016004 kB
MemFree:          126948 kB
Active:           370688 kB
Mem:          3.8G       3.7G       123M       5.7M        30M       3.2G

MemTotal:        4016004 kB
MemFree:          127072 kB
Active:           370668 kB
Mem:          3.8G       3.7G       123M       5.7M        30M       3.2G

MemTotal:        4016004 kB
MemFree:          127072 kB
Active:           370640 kB
Mem:          3.8G       3.7G       124M       5.7M        30M       3.2G

MemTotal:        4016004 kB
MemFree:          127072 kB
Active:           370660 kB
Mem:          3.8G       3.7G       123M       5.7M        30M       3.2G

MemTotal:        4016004 kB
MemFree:          127072 kB
Active:           370676 kB
Mem:          3.8G       3.7G       123M       5.7M        30M       3.2G

MemTotal:        4016004 kB
MemFree:          127072 kB
Active:           370660 kB
Mem:          3.8G       3.7G       123M       5.7M        30M       3.2G

MemTotal:        4016004 kB
MemFree:          127072 kB
Active:           370688 kB
Mem:          3.8G       3.7G       123M       5.7M        30M       3.2G

MemTotal:        4016004 kB
MemFree:          127072 kB
Active:           370656 kB
Mem:          3.8G       3.7G       123M       5.7M        30M       3.2G

MemTotal:        4016004 kB
MemFree:          127088 kB
Active:           370664 kB
Mem:          3.8G       3.7G       124M       5.7M        30M       3.2G

MemTotal:        4016004 kB
MemFree:          127460 kB
Active:           370656 kB
Mem:          3.8G       3.7G       124M       5.7M        30M       3.2G

MemTotal:        4016004 kB
MemFree:          127336 kB
Active:           370660 kB
Mem:          3.8G       3.7G       123M       5.7M        30M       3.2G

MemTotal:        4016004 kB
MemFree:          127336 kB
Active:           370668 kB
Mem:          3.8G       3.7G       123M       5.7M        30M       3.2G

MemTotal:        4016004 kB
MemFree:          127088 kB
Active:           370668 kB
Mem:          3.8G       3.7G       124M       5.7M        30M       3.2G

MemTotal:        4016004 kB
MemFree:          127212 kB
Active:           370664 kB
Mem:          3.8G       3.7G       123M       5.7M        30M       3.2G

MemTotal:        4016004 kB
MemFree:          127336 kB
Active:           370656 kB
Mem:          3.8G       3.7G       124M       5.7M        30M       3.2G

MemTotal:        4016004 kB
MemFree:          127212 kB
Active:           370680 kB
Mem:          3.8G       3.7G       123M       5.7M        30M       3.2G

MemTotal:        4016004 kB
MemFree:          127212 kB
Active:           370684 kB
Mem:          3.8G       3.7G       123M       5.7M        30M       3.2G

MemTotal:        4016004 kB
MemFree:          127088 kB
Active:           370680 kB
Mem:          3.8G       3.7G       123M       5.7M        30M       3.2G

MemTotal:        4016004 kB
MemFree:          127212 kB
Active:           370680 kB
Mem:          3.8G       3.7G       123M       5.7M        30M       3.2G

MemTotal:        4016004 kB
MemFree:          126964 kB
Active:           370696 kB
Mem:          3.8G       3.7G       123M       5.7M        30M       3.2G

MemTotal:        4016004 kB
MemFree:          127088 kB
Active:           370688 kB
Mem:          3.8G       3.7G       123M       5.7M        30M       3.2G

MemTotal:        4016004 kB
MemFree:          126964 kB
Active:           370716 kB
Mem:          3.8G       3.7G       123M       5.7M        30M       3.2G

MemTotal:        4016004 kB
MemFree:          126964 kB
Active:           370704 kB
Mem:          3.8G       3.7G       123M       5.7M        30M       3.2G

MemTotal:        4016004 kB
MemFree:          127088 kB
Active:           370692 kB
Mem:          3.8G       3.7G       123M       5.7M        30M       3.2G

MemTotal:        4016004 kB
MemFree:          126856 kB
Active:           370696 kB
Mem:          3.8G       3.7G       123M       5.7M        30M       3.2G

MemTotal:        4016004 kB
MemFree:          127352 kB
Active:           370740 kB
Mem:          3.8G       3.7G       123M       5.7M        30M       3.2G

MemTotal:        4016004 kB
MemFree:          127352 kB
Active:           370752 kB
Mem:          3.8G       3.7G       123M       5.7M        30M       3.2G

MemTotal:        4016004 kB
MemFree:          127228 kB
Active:           370728 kB
Mem:          3.8G       3.7G       124M       5.7M        30M       3.2G

MemTotal:        4016004 kB
MemFree:          126980 kB
Active:           370716 kB
Mem:          3.8G       3.7G       123M       5.7M        30M       3.2G

MemTotal:        4016004 kB
MemFree:          124808 kB
Active:           370736 kB
Mem:          3.8G       3.7G       121M       5.7M        30M       3.2G

MemTotal:        4016004 kB
MemFree:          124932 kB
Active:           372752 kB
Mem:          3.8G       3.7G       121M       5.7M        30M       3.2G

MemTotal:        4016004 kB
MemFree:          125056 kB
Active:           372752 kB
Mem:          3.8G       3.7G       121M       5.7M        30M       3.2G

MemTotal:        4016004 kB
MemFree:          124932 kB
Active:           372760 kB
Mem:          3.8G       3.7G       121M       5.7M        30M       3.2G

MemTotal:        4016004 kB
MemFree:          125056 kB
Active:           372756 kB
Mem:          3.8G       3.7G       121M       5.7M        30M       3.2G

MemTotal:        4016004 kB
MemFree:          125056 kB
Active:           372772 kB
Mem:          3.8G       3.7G       121M       5.7M        30M       3.2G

MemTotal:        4016004 kB
MemFree:          125180 kB
Active:           372788 kB
Mem:          3.8G       3.7G       121M       5.7M        30M       3.2G

MemTotal:        4016004 kB
MemFree:          125180 kB
Active:           372760 kB
Mem:          3.8G       3.7G       121M       5.7M        30M       3.2G

MemTotal:        4016004 kB
MemFree:          125180 kB
Active:           372752 kB
Mem:          3.8G       3.7G       121M       5.7M        30M       3.2G

MemTotal:        4016004 kB
MemFree:          125304 kB
Active:           372780 kB
Mem:          3.8G       3.7G       121M       5.7M        30M       3.2G

MemTotal:        4016004 kB
MemFree:          125056 kB
Active:           372764 kB
Mem:          3.8G       3.7G       121M       5.7M        30M       3.2G

MemTotal:        4016004 kB
MemFree:          125180 kB
Active:           372764 kB
Mem:          3.8G       3.7G       121M       5.7M        30M       3.2G

MemTotal:        4016004 kB
MemFree:          125304 kB
Active:           372792 kB
Mem:          3.8G       3.7G       121M       5.7M        30M       3.2G

MemTotal:        4016004 kB
MemFree:          125180 kB
Active:           372768 kB
Mem:          3.8G       3.7G       122M       5.7M        30M       3.2G

MemTotal:        4016004 kB
MemFree:          125056 kB
Active:           372800 kB
Mem:          3.8G       3.7G       121M       5.7M        30M       3.2G

MemTotal:        4016004 kB
MemFree:          124808 kB
Active:           372796 kB
Mem:          3.8G       3.7G       121M       5.7M        30M       3.2G

MemTotal:        4016004 kB
MemFree:          124544 kB
Active:           372944 kB
Mem:          3.8G       3.7G       121M       5.7M        30M       3.2G

MemTotal:        4016004 kB
MemFree:          124668 kB
Active:           372896 kB
Mem:          3.8G       3.7G       121M       5.7M        30M       3.2G

MemTotal:        4016004 kB
MemFree:          124420 kB
Active:           372860 kB
Mem:          3.8G       3.7G       121M       5.7M        30M       3.2G

MemTotal:        4016004 kB
MemFree:          125288 kB
Active:           372860 kB
Mem:          3.8G       3.7G       122M       5.7M        30M       3.2G

MemTotal:        4016004 kB
MemFree:          125412 kB
Active:           372868 kB
Mem:          3.8G       3.7G       121M       5.7M        30M       3.2G

MemTotal:        4016004 kB
MemFree:          125288 kB
Active:           372880 kB
Mem:          3.8G       3.7G       121M       5.7M        30M       3.2G

MemTotal:        4016004 kB
MemFree:          125280 kB
Active:           372848 kB
Mem:          3.8G       3.7G       121M       5.7M        30M       3.2G

MemTotal:        4016004 kB
MemFree:          125156 kB
Active:           372868 kB
Mem:          3.8G       3.7G       121M       5.7M        30M       3.2G

MemTotal:        4016004 kB
MemFree:          125156 kB
Active:           372892 kB
Mem:          3.8G       3.7G       121M       5.7M        30M       3.2G

MemTotal:        4016004 kB
MemFree:          125156 kB
Active:           372872 kB
Mem:          3.8G       3.7G       121M       5.7M        30M       3.2G

MemTotal:        4016004 kB
MemFree:          125156 kB
Active:           372880 kB
Mem:          3.8G       3.7G       121M       5.7M        30M       3.2G

MemTotal:        4016004 kB
MemFree:          125156 kB
Active:           372884 kB
Mem:          3.8G       3.7G       122M       5.7M        30M       3.2G

MemTotal:        4016004 kB
MemFree:          125280 kB
Active:           372908 kB
Mem:          3.8G       3.7G       122M       5.7M        30M       3.2G

MemTotal:        4016004 kB
MemFree:          125156 kB
Active:           372876 kB
Mem:          3.8G       3.7G       121M       5.7M        30M       3.2G

MemTotal:        4016004 kB
MemFree:          125528 kB
Active:           372900 kB
Mem:          3.8G       3.7G       122M       5.7M        30M       3.2G

MemTotal:        4016004 kB
MemFree:          125528 kB
Active:           372928 kB
Mem:          3.8G       3.7G       122M       5.7M        30M       3.2G

MemTotal:        4016004 kB
MemFree:          125404 kB
Active:           372904 kB
Mem:          3.8G       3.7G       122M       5.7M        30M       3.2G

MemTotal:        4016004 kB
MemFree:          125668 kB
Active:           372876 kB
Mem:          3.8G       3.7G       122M       5.7M        30M       3.2G

MemTotal:        4016004 kB
MemFree:          125668 kB
Active:           372896 kB
Mem:          3.8G       3.7G       122M       5.7M        30M       3.2G

MemTotal:        4016004 kB
MemFree:          125668 kB
Active:           372888 kB
Mem:          3.8G       3.7G       122M       5.7M        30M       3.2G

MemTotal:        4016004 kB
MemFree:          125420 kB
Active:           372896 kB
Mem:          3.8G       3.7G       121M       5.7M        30M       3.2G

MemTotal:        4016004 kB
MemFree:          125420 kB
Active:           372896 kB
Mem:          3.8G       3.7G       122M       5.7M        30M       3.2G

MemTotal:        4016004 kB
MemFree:          125296 kB
Active:           372932 kB
Mem:          3.8G       3.7G       121M       5.7M        30M       3.2G

MemTotal:        4016004 kB
MemFree:          125296 kB
Active:           372892 kB
Mem:          3.8G       3.7G       122M       5.7M        30M       3.2G

MemTotal:        4016004 kB
MemFree:          125048 kB
Active:           372892 kB
Mem:          3.8G       3.7G       121M       5.7M        30M       3.2G

MemTotal:        4016004 kB
MemFree:          125172 kB
Active:           372936 kB
Mem:          3.8G       3.7G       121M       5.7M        30M       3.2G

MemTotal:        4016004 kB
MemFree:          125172 kB
Active:           372904 kB
Mem:          3.8G       3.7G       121M       5.7M        30M       3.2G

MemTotal:        4016004 kB
MemFree:          125172 kB
Active:           372928 kB
Mem:          3.8G       3.7G       122M       5.7M        30M       3.2G

MemTotal:        4016004 kB
MemFree:          125048 kB
Active:           372912 kB
Mem:          3.8G       3.7G       121M       5.7M        30M       3.2G

MemTotal:        4016004 kB
MemFree:          125296 kB
Active:           372896 kB
Mem:          3.8G       3.7G       121M       5.7M        30M       3.2G

MemTotal:        4016004 kB
MemFree:          125172 kB
Active:           372920 kB
Mem:          3.8G       3.7G       121M       5.7M        30M       3.2G

MemTotal:        4016004 kB
MemFree:          125544 kB
Active:           372928 kB
Mem:          3.8G       3.7G       122M       5.7M        30M       3.2G

MemTotal:        4016004 kB
MemFree:          125420 kB
Active:           372908 kB
Mem:          3.8G       3.7G       121M       5.7M        30M       3.2G

MemTotal:        4016004 kB
MemFree:          125420 kB
Active:           372908 kB
Mem:          3.8G       3.7G       122M       5.7M        30M       3.2G

MemTotal:        4016004 kB
MemFree:          125420 kB
Active:           372924 kB
Mem:          3.8G       3.7G       121M       5.7M        30M       3.2G

MemTotal:        4016004 kB
MemFree:          125296 kB
Active:           372924 kB
Mem:          3.8G       3.7G       122M       5.7M        30M       3.2G

MemTotal:        4016004 kB
MemFree:          125420 kB
Active:           372920 kB
Mem:          3.8G       3.7G       122M       5.7M        30M       3.2G

MemTotal:        4016004 kB
MemFree:          125172 kB
Active:           372904 kB
Mem:          3.8G       3.7G       121M       5.7M        30M       3.2G

MemTotal:        4016004 kB
MemFree:          125172 kB
Active:           372944 kB
Mem:          3.8G       3.7G       122M       5.7M        30M       3.2G

MemTotal:        4016004 kB
MemFree:          124908 kB
Active:           372936 kB
Mem:          3.8G       3.7G       121M       5.7M        30M       3.2G

MemTotal:        4016004 kB
MemFree:          125156 kB
Active:           372932 kB
Mem:          3.8G       3.7G       121M       5.7M        30M       3.2G

MemTotal:        4016004 kB
MemFree:          124908 kB
Active:           372940 kB
Mem:          3.8G       3.7G       121M       5.7M        30M       3.2G

MemTotal:        4016004 kB
MemFree:          125156 kB
Active:           372948 kB
Mem:          3.8G       3.7G       122M       5.7M        30M       3.2G

MemTotal:        4016004 kB
MemFree:          125032 kB
Active:           372932 kB
Mem:          3.8G       3.7G       121M       5.7M        30M       3.2G

MemTotal:        4016004 kB
MemFree:          125032 kB
Active:           372936 kB
Mem:          3.8G       3.7G       121M       5.7M        30M       3.2G

MemTotal:        4016004 kB
MemFree:          125280 kB
Active:           372960 kB
Mem:          3.8G       3.7G       122M       5.7M        30M       3.2G

MemTotal:        4016004 kB
MemFree:          125280 kB
Active:           372960 kB
Mem:          3.8G       3.7G       121M       5.7M        30M       3.2G

MemTotal:        4016004 kB
MemFree:          125280 kB
Active:           372960 kB
Mem:          3.8G       3.7G       121M       5.7M        30M       3.2G

MemTotal:        4016004 kB
MemFree:          125156 kB
Active:           372956 kB
Mem:          3.8G       3.7G       121M       5.7M        30M       3.2G

MemTotal:        4016004 kB
MemFree:          125156 kB
Active:           372984 kB
Mem:          3.8G       3.7G       121M       5.7M        30M       3.2G

MemTotal:        4016004 kB
MemFree:          125280 kB
Active:           372948 kB
Mem:          3.8G       3.7G       122M       5.7M        30M       3.2G

MemTotal:        4016004 kB
MemFree:          125280 kB
Active:           372944 kB
Mem:          3.8G       3.7G       121M       5.7M        30M       3.2G

MemTotal:        4016004 kB
MemFree:          125280 kB
Active:           372948 kB
Mem:          3.8G       3.7G       122M       5.7M        30M       3.2G

MemTotal:        4016004 kB
MemFree:          125280 kB
Active:           372960 kB
Mem:          3.8G       3.7G       121M       5.7M        30M       3.2G

MemTotal:        4016004 kB
MemFree:          125032 kB
Active:           372960 kB
Mem:          3.8G       3.7G       121M       5.7M        30M       3.2G

MemTotal:        4016004 kB
MemFree:          124908 kB
Active:           372996 kB
Mem:          3.8G       3.7G       121M       5.7M        30M       3.2G

MemTotal:        4016004 kB
MemFree:          125156 kB
Active:           372964 kB
Mem:          3.8G       3.7G       122M       5.7M        30M       3.2G

MemTotal:        4016004 kB
MemFree:          125280 kB
Active:           372944 kB
Mem:          3.8G       3.7G       122M       5.7M        30M       3.2G

MemTotal:        4016004 kB
MemFree:          125156 kB
Active:           372948 kB
Mem:          3.8G       3.7G       121M       5.7M        30M       3.2G

MemTotal:        4016004 kB
MemFree:          125280 kB
Active:           372960 kB
Mem:          3.8G       3.7G       122M       5.7M        30M       3.2G

MemTotal:        4016004 kB
MemFree:          125280 kB
Active:           372996 kB
Mem:          3.8G       3.7G       121M       5.7M        30M       3.2G

MemTotal:        4016004 kB
MemFree:          125156 kB
Active:           372952 kB
Mem:          3.8G       3.7G       122M       5.7M        30M       3.2G

MemTotal:        4016004 kB
MemFree:          124908 kB
Active:           372964 kB
Mem:          3.8G       3.7G       121M       5.7M        30M       3.2G

MemTotal:        4016004 kB
MemFree:          124908 kB
Active:           372956 kB
Mem:          3.8G       3.7G       121M       5.7M        30M       3.2G

MemTotal:        4016004 kB
MemFree:          124908 kB
Active:           372968 kB
Mem:          3.8G       3.7G       121M       5.7M        30M       3.2G

MemTotal:        4016004 kB
MemFree:          125032 kB
Active:           372976 kB
Mem:          3.8G       3.7G       121M       5.7M        30M       3.2G

MemTotal:        4016004 kB
MemFree:          125156 kB
Active:           372980 kB
Mem:          3.8G       3.7G       121M       5.7M        30M       3.2G

MemTotal:        4016004 kB
MemFree:          125032 kB
Active:           372984 kB
Mem:          3.8G       3.7G       121M       5.7M        30M       3.2G

MemTotal:        4016004 kB
MemFree:          125032 kB
Active:           373000 kB
Mem:          3.8G       3.7G       121M       5.7M        30M       3.2G

MemTotal:        4016004 kB
MemFree:          125032 kB
Active:           373004 kB
Mem:          3.8G       3.7G       121M       5.7M        30M       3.2G

MemTotal:        4016004 kB
MemFree:          125156 kB
Active:           373008 kB
Mem:          3.8G       3.7G       122M       5.7M        30M       3.2G

MemTotal:        4016004 kB
MemFree:          125280 kB
Active:           372988 kB
Mem:          3.8G       3.7G       121M       5.7M        30M       3.2G

MemTotal:        4016004 kB
MemFree:          125156 kB
Active:           373004 kB
Mem:          3.8G       3.7G       121M       5.7M        30M       3.2G

MemTotal:        4016004 kB
MemFree:          125280 kB
Active:           373008 kB
Mem:          3.8G       3.7G       122M       5.7M        30M       3.2G

MemTotal:        4016004 kB
MemFree:          125280 kB
Active:           373012 kB
Mem:          3.8G       3.7G       121M       5.7M        30M       3.2G

MemTotal:        4016004 kB
MemFree:          125280 kB
Active:           373044 kB
Mem:          3.8G       3.7G       122M       5.7M        30M       3.2G

MemTotal:        4016004 kB
MemFree:          125404 kB
Active:           373012 kB
Mem:          3.8G       3.7G       122M       5.7M        30M       3.2G

MemTotal:        4016004 kB
MemFree:          125156 kB
Active:           372992 kB
Mem:          3.8G       3.7G       121M       5.7M        30M       3.2G

MemTotal:        4016004 kB
MemFree:          125280 kB
Active:           373004 kB
Mem:          3.8G       3.7G       121M       5.7M        30M       3.2G

MemTotal:        4016004 kB
MemFree:          125032 kB
Active:           373044 kB
Mem:          3.8G       3.7G       121M       5.7M        30M       3.2G

MemTotal:        4016004 kB
MemFree:          124784 kB
Active:           373004 kB
Mem:          3.8G       3.7G       121M       5.7M        30M       3.2G

MemTotal:        4016004 kB
MemFree:          125032 kB
Active:           373008 kB
Mem:          3.8G       3.7G       122M       5.7M        30M       3.2G

MemTotal:        4016004 kB
MemFree:          125032 kB
Active:           372996 kB
Mem:          3.8G       3.7G       121M       5.7M        30M       3.2G

MemTotal:        4016004 kB
MemFree:          125032 kB
Active:           373016 kB
Mem:          3.8G       3.7G       121M       5.7M        30M       3.2G

MemTotal:        4016004 kB
MemFree:          125156 kB
Active:           373008 kB
Mem:          3.8G       3.7G       121M       5.7M        30M       3.2G

MemTotal:        4016004 kB
MemFree:          125156 kB
Active:           373008 kB
Mem:          3.8G       3.7G       121M       5.7M        30M       3.2G

MemTotal:        4016004 kB
MemFree:          125156 kB
Active:           373048 kB
Mem:          3.8G       3.7G       121M       5.7M        30M       3.2G

MemTotal:        4016004 kB
MemFree:          125156 kB
Active:           373012 kB
Mem:          3.8G       3.7G       121M       5.7M        30M       3.2G

MemTotal:        4016004 kB
MemFree:          125280 kB
Active:           373020 kB
Mem:          3.8G       3.7G       121M       5.7M        30M       3.2G

MemTotal:        4016004 kB
MemFree:          125404 kB
Active:           373052 kB
Mem:          3.8G       3.7G       121M       5.7M        30M       3.2G

MemTotal:        4016004 kB
MemFree:          125156 kB
Active:           373028 kB
Mem:          3.8G       3.7G       121M       5.7M        30M       3.2G

MemTotal:        4016004 kB
MemFree:          125280 kB
Active:           373040 kB
Mem:          3.8G       3.7G       122M       5.7M        30M       3.2G

MemTotal:        4016004 kB
MemFree:          125032 kB
Active:           373028 kB
Mem:          3.8G       3.7G       121M       5.7M        30M       3.2G

MemTotal:        4016004 kB
MemFree:          125156 kB
Active:           373056 kB
Mem:          3.8G       3.7G       121M       5.7M        30M       3.2G

MemTotal:        4016004 kB
MemFree:          125280 kB
Active:           373044 kB
Mem:          3.8G       3.7G       121M       5.7M        31M       3.2G

MemTotal:        4016004 kB
MemFree:          125032 kB
Active:           373044 kB
Mem:          3.8G       3.7G       122M       5.7M        31M       3.2G

MemTotal:        4016004 kB
MemFree:          124908 kB
Active:           373028 kB
Mem:          3.8G       3.7G       121M       5.7M        31M       3.2G

MemTotal:        4016004 kB
MemFree:          125156 kB
Active:           373056 kB
Mem:          3.8G       3.7G       121M       5.7M        31M       3.2G

MemTotal:        4016004 kB
MemFree:          125032 kB
Active:           373040 kB
Mem:          3.8G       3.7G       122M       5.7M        31M       3.2G

MemTotal:        4016004 kB
MemFree:          124908 kB
Active:           373060 kB
Mem:          3.8G       3.7G       122M       5.7M        31M       3.2G

MemTotal:        4016004 kB
MemFree:          125156 kB
Active:           373044 kB
Mem:          3.8G       3.7G       121M       5.7M        31M       3.2G

MemTotal:        4016004 kB
MemFree:          125156 kB
Active:           373052 kB
Mem:          3.8G       3.7G       121M       5.7M        31M       3.2G

MemTotal:        4016004 kB
MemFree:          125032 kB
Active:           373044 kB
Mem:          3.8G       3.7G       121M       5.7M        31M       3.2G

MemTotal:        4016004 kB
MemFree:          125032 kB
Active:           373064 kB
Mem:          3.8G       3.7G       121M       5.7M        31M       3.2G

MemTotal:        4016004 kB
MemFree:          125280 kB
Active:           373064 kB
Mem:          3.8G       3.7G       122M       5.7M        31M       3.2G

MemTotal:        4016004 kB
MemFree:          125280 kB
Active:           373040 kB
Mem:          3.8G       3.7G       121M       5.7M        31M       3.2G

MemTotal:        4016004 kB
MemFree:          125156 kB
Active:           373064 kB
Mem:          3.8G       3.7G       121M       5.7M        31M       3.2G

MemTotal:        4016004 kB
MemFree:          125032 kB
Active:           373084 kB
Mem:          3.8G       3.7G       121M       5.7M        31M       3.2G

MemTotal:        4016004 kB
MemFree:          124908 kB
Active:           373072 kB
Mem:          3.8G       3.7G       121M       5.7M        31M       3.2G

MemTotal:        4016004 kB
MemFree:          125032 kB
Active:           373056 kB
Mem:          3.8G       3.7G       121M       5.7M        31M       3.2G

MemTotal:        4016004 kB
MemFree:          124908 kB
Active:           373096 kB
Mem:          3.8G       3.7G       122M       5.7M        31M       3.2G

MemTotal:        4016004 kB
MemFree:          124784 kB
Active:           373060 kB
Mem:          3.8G       3.7G       121M       5.7M        31M       3.2G

MemTotal:        4016004 kB
MemFree:          124784 kB
Active:           373076 kB
Mem:          3.8G       3.7G       121M       5.7M        31M       3.2G

MemTotal:        4016004 kB
MemFree:          124908 kB
Active:           373076 kB
Mem:          3.8G       3.7G       121M       5.7M        31M       3.2G

MemTotal:        4016004 kB
MemFree:          125032 kB
Active:           373052 kB
Mem:          3.8G       3.7G       121M       5.7M        31M       3.2G

MemTotal:        4016004 kB
MemFree:          124908 kB
Active:           373056 kB
Mem:          3.8G       3.7G       121M       5.7M        31M       3.2G

MemTotal:        4016004 kB
MemFree:          125032 kB
Active:           373044 kB
Mem:          3.8G       3.7G       121M       5.7M        31M       3.2G

MemTotal:        4016004 kB
MemFree:          125032 kB
Active:           373068 kB
Mem:          3.8G       3.7G       121M       5.7M        31M       3.2G

MemTotal:        4016004 kB
MemFree:          124908 kB
Active:           373080 kB
Mem:          3.8G       3.7G       121M       5.7M        31M       3.2G

MemTotal:        4016004 kB
MemFree:          125032 kB
Active:           373080 kB
Mem:          3.8G       3.7G       121M       5.7M        31M       3.2G

MemTotal:        4016004 kB
MemFree:          125156 kB
Active:           373080 kB
Mem:          3.8G       3.7G       121M       5.7M        31M       3.2G

MemTotal:        4016004 kB
MemFree:          125280 kB
Active:           373072 kB
Mem:          3.8G       3.7G       122M       5.7M        31M       3.2G

MemTotal:        4016004 kB
MemFree:          125344 kB
Active:           372860 kB
Mem:          3.8G       3.7G       122M       5.7M        31M       3.2G

MemTotal:        4016004 kB
MemFree:          125344 kB
Active:           372864 kB
Mem:          3.8G       3.7G       122M       5.7M        31M       3.2G

MemTotal:        4016004 kB
MemFree:          125220 kB
Active:           372840 kB
Mem:          3.8G       3.7G       122M       5.7M        31M       3.2G

MemTotal:        4016004 kB
MemFree:          124848 kB
Active:           372832 kB
Mem:          3.8G       3.7G       121M       5.7M        31M       3.2G

MemTotal:        4016004 kB
MemFree:          124724 kB
Active:           372832 kB
Mem:          3.8G       3.7G       121M       5.7M        31M       3.2G

MemTotal:        4016004 kB
MemFree:          124848 kB
Active:           372872 kB
Mem:          3.8G       3.7G       121M       5.7M        31M       3.2G

MemTotal:        4016004 kB
MemFree:          124600 kB
Active:           372852 kB
Mem:          3.8G       3.7G       121M       5.7M        31M       3.2G

MemTotal:        4016004 kB
MemFree:          124228 kB
Active:           372896 kB
Mem:          3.8G       3.7G       121M       5.7M        31M       3.2G

MemTotal:        4016004 kB
MemFree:          125096 kB
Active:           372860 kB
Mem:          3.8G       3.7G       122M       5.7M        31M       3.2G

MemTotal:        4016004 kB
MemFree:          124600 kB
Active:           372900 kB
Mem:          3.8G       3.7G       121M       5.7M        31M       3.2G

MemTotal:        4016004 kB
MemFree:          124352 kB
Active:           372900 kB
Mem:          3.8G       3.7G       121M       5.7M        31M       3.2G

MemTotal:        4016004 kB
MemFree:          124848 kB
Active:           372884 kB
Mem:          3.8G       3.7G       121M       5.7M        31M       3.2G

MemTotal:        4016004 kB
MemFree:          124476 kB
Active:           372888 kB
Mem:          3.8G       3.7G       121M       5.7M        31M       3.2G

MemTotal:        4016004 kB
MemFree:          124600 kB
Active:           372852 kB
Mem:          3.8G       3.7G       121M       5.7M        31M       3.2G

MemTotal:        4016004 kB
MemFree:          123980 kB
Active:           372908 kB
Mem:          3.8G       3.7G       121M       5.7M        31M       3.2G

MemTotal:        4016004 kB
MemFree:          124352 kB
Active:           372868 kB
Mem:          3.8G       3.7G       121M       5.7M        31M       3.2G

MemTotal:        4016004 kB
MemFree:          123980 kB
Active:           372908 kB
Mem:          3.8G       3.7G       121M       5.7M        31M       3.2G

MemTotal:        4016004 kB
MemFree:          124104 kB
Active:           372908 kB
Mem:          3.8G       3.7G       121M       5.7M        31M       3.2G

MemTotal:        4016004 kB
MemFree:          124476 kB
Active:           372868 kB
Mem:          3.8G       3.7G       121M       5.7M        31M       3.2G

MemTotal:        4016004 kB
MemFree:          124848 kB
Active:           372912 kB
Mem:          3.8G       3.7G       121M       5.7M        31M       3.2G

MemTotal:        4016004 kB
MemFree:          124972 kB
Active:           372892 kB
Mem:          3.8G       3.7G       121M       5.7M        31M       3.2G

MemTotal:        4016004 kB
MemFree:          124476 kB
Active:           372928 kB
Mem:          3.8G       3.7G       121M       5.7M        31M       3.2G

MemTotal:        4016004 kB
MemFree:          124848 kB
Active:           372896 kB
Mem:          3.8G       3.7G       121M       5.7M        31M       3.2G

MemTotal:        4016004 kB
MemFree:          124848 kB
Active:           372884 kB
Mem:          3.8G       3.7G       121M       5.7M        31M       3.2G

MemTotal:        4016004 kB
MemFree:          124600 kB
Active:           372932 kB
Mem:          3.8G       3.7G       121M       5.7M        31M       3.2G

MemTotal:        4016004 kB
MemFree:          124848 kB
Active:           372924 kB
Mem:          3.8G       3.7G       121M       5.7M        31M       3.2G

MemTotal:        4016004 kB
MemFree:          124600 kB
Active:           372892 kB
Mem:          3.8G       3.7G       121M       5.7M        31M       3.2G

MemTotal:        4016004 kB
MemFree:          124848 kB
Active:           372924 kB
