MemTotal:        4016004 kB
MemFree:         3213820 kB
Active:           445572 kB
Mem:          3.8G       783M       3.1G       5.7M        62M       317M

MemTotal:        4016004 kB
MemFree:         3213220 kB
Active:           446364 kB
Mem:          3.8G       783M       3.1G       5.7M        62M       318M

MemTotal:        4016004 kB
MemFree:         3213220 kB
Active:           446416 kB
Mem:          3.8G       783M       3.1G       5.7M        62M       318M

MemTotal:        4016004 kB
MemFree:         3212724 kB
Active:           446392 kB
Mem:          3.8G       784M       3.1G       5.7M        62M       318M

MemTotal:        4016004 kB
MemFree:         3212724 kB
Active:           446420 kB
Mem:          3.8G       784M       3.1G       5.7M        62M       318M

MemTotal:        4016004 kB
MemFree:         3212708 kB
Active:           446440 kB
Mem:          3.8G       784M       3.1G       5.7M        62M       318M

MemTotal:        4016004 kB
MemFree:         3212196 kB
Active:           446388 kB
Mem:          3.8G       785M       3.1G       5.7M        62M       318M

MemTotal:        4016004 kB
MemFree:         3211932 kB
Active:           446392 kB
Mem:          3.8G       785M       3.1G       5.7M        62M       318M

MemTotal:        4016004 kB
MemFree:         3212296 kB
Active:           446416 kB
Mem:          3.8G       784M       3.1G       5.7M        62M       318M

MemTotal:        4016004 kB
MemFree:         3212404 kB
Active:           446432 kB
Mem:          3.8G       784M       3.1G       5.7M        62M       318M

MemTotal:        4016004 kB
MemFree:         3212032 kB
Active:           446444 kB
Mem:          3.8G       785M       3.1G       5.7M        62M       318M

MemTotal:        4016004 kB
MemFree:         3211536 kB
Active:           446452 kB
Mem:          3.8G       785M       3.1G       5.7M        62M       318M

MemTotal:        4016004 kB
MemFree:         3211784 kB
Active:           446400 kB
Mem:          3.8G       785M       3.1G       5.7M        62M       318M

MemTotal:        4016004 kB
MemFree:         3211892 kB
Active:           446436 kB
Mem:          3.8G       785M       3.1G       5.7M        62M       318M

MemTotal:        4016004 kB
MemFree:         3211520 kB
Active:           446468 kB
Mem:          3.8G       785M       3.1G       5.7M        62M       318M

MemTotal:        4016004 kB
MemFree:         3211396 kB
Active:           446464 kB
Mem:          3.8G       785M       3.1G       5.7M        62M       318M

MemTotal:        4016004 kB
MemFree:         3213612 kB
Active:           444444 kB
Mem:          3.8G       783M       3.1G       5.7M        62M       318M

MemTotal:        4016004 kB
MemFree:         3213364 kB
Active:           444440 kB
Mem:          3.8G       783M       3.1G       5.7M        62M       318M

MemTotal:        4016004 kB
MemFree:         3213720 kB
Active:           444412 kB
Mem:          3.8G       783M       3.1G       5.7M        62M       318M

MemTotal:        4016004 kB
MemFree:         3213596 kB
Active:           444440 kB
Mem:          3.8G       783M       3.1G       5.7M        62M       318M

MemTotal:        4016004 kB
MemFree:         3213704 kB
Active:           444416 kB
Mem:          3.8G       783M       3.1G       5.7M        62M       318M

MemTotal:        4016004 kB
MemFree:         3213192 kB
Active:           444448 kB
Mem:          3.8G       783M       3.1G       5.7M        62M       318M

MemTotal:        4016004 kB
MemFree:         3213688 kB
Active:           444396 kB
Mem:          3.8G       783M       3.1G       5.7M        62M       318M

MemTotal:        4016004 kB
MemFree:         3213920 kB
Active:           444428 kB
Mem:          3.8G       783M       3.1G       5.7M        62M       318M

MemTotal:        4016004 kB
MemFree:         3213688 kB
Active:           444452 kB
Mem:          3.8G       783M       3.1G       5.7M        62M       318M

MemTotal:        4016004 kB
MemFree:         3213812 kB
Active:           444448 kB
Mem:          3.8G       783M       3.1G       5.7M        62M       318M

MemTotal:        4016004 kB
MemFree:         3213936 kB
Active:           444428 kB
Mem:          3.8G       783M       3.1G       5.7M        62M       318M

MemTotal:        4016004 kB
MemFree:         3213688 kB
Active:           444452 kB
Mem:          3.8G       783M       3.1G       5.7M        62M       318M

MemTotal:        4016004 kB
MemFree:         3213936 kB
Active:           444448 kB
Mem:          3.8G       783M       3.1G       5.7M        62M       318M

MemTotal:        4016004 kB
MemFree:         3213380 kB
Active:           444460 kB
Mem:          3.8G       783M       3.1G       5.7M        62M       318M

MemTotal:        4016004 kB
MemFree:         3213876 kB
Active:           444428 kB
Mem:          3.8G       783M       3.1G       5.7M        62M       318M

MemTotal:        4016004 kB
MemFree:         3213380 kB
Active:           444460 kB
Mem:          3.8G       783M       3.1G       5.7M        62M       318M

MemTotal:        4016004 kB
MemFree:         3213628 kB
Active:           444428 kB
Mem:          3.8G       783M       3.1G       5.7M        62M       318M

MemTotal:        4016004 kB
MemFree:         3213628 kB
Active:           444440 kB
Mem:          3.8G       783M       3.1G       5.7M        62M       318M

MemTotal:        4016004 kB
MemFree:         3213628 kB
Active:           444416 kB
Mem:          3.8G       783M       3.1G       5.7M        62M       318M

MemTotal:        4016004 kB
MemFree:         3213628 kB
Active:           444424 kB
Mem:          3.8G       783M       3.1G       5.7M        62M       318M

MemTotal:        4016004 kB
MemFree:         3213752 kB
Active:           442532 kB
Mem:          3.8G       783M       3.1G       5.7M        62M       318M

MemTotal:        4016004 kB
MemFree:         3213688 kB
Active:           444468 kB
Mem:          3.8G       783M       3.1G       5.7M        62M       318M

MemTotal:        4016004 kB
MemFree:         3213316 kB
Active:           444472 kB
Mem:          3.8G       783M       3.1G       5.7M        62M       318M

MemTotal:        4016004 kB
MemFree:         3214184 kB
Active:           444460 kB
Mem:          3.8G       783M       3.1G       5.7M        62M       318M

MemTotal:        4016004 kB
MemFree:         3214432 kB
Active:           444428 kB
Mem:          3.8G       783M       3.1G       5.7M        62M       318M

MemTotal:        4016004 kB
MemFree:         3213784 kB
Active:           444480 kB
Mem:          3.8G       783M       3.1G       5.7M        62M       318M

MemTotal:        4016004 kB
MemFree:         3213536 kB
Active:           444488 kB
Mem:          3.8G       783M       3.1G       5.7M        62M       318M

MemTotal:        4016004 kB
MemFree:         3213784 kB
Active:           444468 kB
Mem:          3.8G       783M       3.1G       5.7M        62M       318M

MemTotal:        4016004 kB
MemFree:         3213892 kB
Active:           444452 kB
Mem:          3.8G       783M       3.1G       5.7M        62M       318M

MemTotal:        4016004 kB
MemFree:         3213644 kB
Active:           444488 kB
Mem:          3.8G       783M       3.1G       5.7M        62M       318M

MemTotal:        4016004 kB
MemFree:         3213892 kB
Active:           444484 kB
Mem:          3.8G       783M       3.1G       5.7M        62M       318M

MemTotal:        4016004 kB
MemFree:         3214140 kB
Active:           444456 kB
Mem:          3.8G       783M       3.1G       5.7M        62M       318M

MemTotal:        4016004 kB
MemFree:         3214388 kB
Active:           444480 kB
Mem:          3.8G       782M       3.1G       5.7M        62M       318M

MemTotal:        4016004 kB
MemFree:         3214140 kB
Active:           444484 kB
Mem:          3.8G       782M       3.1G       5.7M        62M       318M

MemTotal:        4016004 kB
MemFree:         3214388 kB
Active:           444496 kB
Mem:          3.8G       782M       3.1G       5.7M        62M       318M

MemTotal:        4016004 kB
MemFree:         3214604 kB
Active:           444452 kB
Mem:          3.8G       782M       3.1G       5.7M        62M       318M

MemTotal:        4016004 kB
MemFree:         3214232 kB
Active:           444492 kB
Mem:          3.8G       782M       3.1G       5.7M        62M       318M

MemTotal:        4016004 kB
MemFree:         3213844 kB
Active:           444504 kB
Mem:          3.8G       783M       3.1G       5.7M        62M       318M

MemTotal:        4016004 kB
MemFree:         3214076 kB
Active:           444512 kB
Mem:          3.8G       783M       3.1G       5.7M        62M       318M

MemTotal:        4016004 kB
MemFree:         3213952 kB
Active:           444520 kB
Mem:          3.8G       783M       3.1G       5.7M        62M       318M

MemTotal:        4016004 kB
MemFree:         3213496 kB
Active:           442668 kB
Mem:          3.8G       783M       3.1G       5.7M        62M       318M

MemTotal:        4016004 kB
MemFree:         3213608 kB
Active:           444556 kB
Mem:          3.8G       783M       3.1G       5.7M        62M       318M

MemTotal:        4016004 kB
MemFree:         3213220 kB
Active:           444596 kB
Mem:          3.8G       783M       3.1G       5.7M        62M       318M

MemTotal:        4016004 kB
MemFree:         3213840 kB
Active:           444588 kB
Mem:          3.8G       783M       3.1G       5.7M        62M       318M

MemTotal:        4016004 kB
MemFree:         3213468 kB
Active:           444596 kB
Mem:          3.8G       783M       3.1G       5.7M        62M       318M

MemTotal:        4016004 kB
MemFree:         3213824 kB
Active:           444560 kB
Mem:          3.8G       783M       3.1G       5.7M        62M       318M

MemTotal:        4016004 kB
MemFree:         3213932 kB
Active:           444596 kB
Mem:          3.8G       783M       3.1G       5.7M        62M       318M

MemTotal:        4016004 kB
MemFree:         3213916 kB
Active:           444604 kB
Mem:          3.8G       783M       3.1G       5.7M        62M       318M

MemTotal:        4016004 kB
MemFree:         3214288 kB
Active:           444588 kB
Mem:          3.8G       783M       3.1G       5.7M        62M       318M

MemTotal:        4016004 kB
MemFree:         3214132 kB
Active:           444604 kB
Mem:          3.8G       783M       3.1G       5.7M        62M       318M

MemTotal:        4016004 kB
MemFree:         3211960 kB
Active:           444600 kB
Mem:          3.8G       785M       3.1G       5.7M        62M       318M

MemTotal:        4016004 kB
MemFree:         3211836 kB
Active:           446584 kB
Mem:          3.8G       785M       3.1G       5.7M        62M       318M

MemTotal:        4016004 kB
MemFree:         3211712 kB
Active:           446580 kB
Mem:          3.8G       785M       3.1G       5.7M        62M       318M

MemTotal:        4016004 kB
MemFree:         3211712 kB
Active:           446628 kB
Mem:          3.8G       785M       3.1G       5.7M        62M       318M

MemTotal:        4016004 kB
MemFree:         3211340 kB
Active:           446600 kB
Mem:          3.8G       785M       3.1G       5.7M        62M       318M

MemTotal:        4016004 kB
MemFree:         3211468 kB
Active:           446608 kB
Mem:          3.8G       785M       3.1G       5.7M        62M       318M

MemTotal:        4016004 kB
MemFree:         3211468 kB
Active:           446624 kB
Mem:          3.8G       785M       3.1G       5.7M        62M       318M

MemTotal:        4016004 kB
MemFree:         3212088 kB
Active:           446576 kB
Mem:          3.8G       785M       3.1G       5.7M        62M       318M

MemTotal:        4016004 kB
MemFree:         3211716 kB
Active:           446632 kB
Mem:          3.8G       785M       3.1G       5.7M        62M       318M

MemTotal:        4016004 kB
MemFree:         3212088 kB
Active:           446628 kB
Mem:          3.8G       785M       3.1G       5.7M        62M       318M

MemTotal:        4016004 kB
MemFree:         3211964 kB
Active:           446624 kB
Mem:          3.8G       785M       3.1G       5.7M        62M       318M

MemTotal:        4016004 kB
MemFree:         3211840 kB
Active:           446636 kB
Mem:          3.8G       785M       3.1G       5.7M        62M       318M

MemTotal:        4016004 kB
MemFree:         3212196 kB
Active:           446604 kB
Mem:          3.8G       785M       3.1G       5.7M        62M       318M

MemTotal:        4016004 kB
MemFree:         3211576 kB
Active:           446640 kB
Mem:          3.8G       785M       3.1G       5.7M        62M       318M

MemTotal:        4016004 kB
MemFree:         3211700 kB
Active:           446640 kB
Mem:          3.8G       785M       3.1G       5.7M        62M       318M

MemTotal:        4016004 kB
MemFree:         3212320 kB
Active:           446592 kB
Mem:          3.8G       784M       3.1G       5.7M        62M       318M

MemTotal:        4016004 kB
MemFree:         3212304 kB
Active:           446604 kB
Mem:          3.8G       784M       3.1G       5.7M        62M       318M

MemTotal:        4016004 kB
MemFree:         3212040 kB
Active:           446600 kB
Mem:          3.8G       785M       3.1G       5.7M        62M       318M

MemTotal:        4016004 kB
MemFree:         3212040 kB
Active:           446624 kB
Mem:          3.8G       785M       3.1G       5.7M        62M       318M

MemTotal:        4016004 kB
MemFree:         3212024 kB
Active:           446616 kB
Mem:          3.8G       785M       3.1G       5.7M        62M       318M

MemTotal:        4016004 kB
MemFree:         3209464 kB
Active:           446664 kB
Mem:          3.8G       787M       3.1G       5.7M        62M       318M

MemTotal:        4016004 kB
MemFree:         3209108 kB
Active:           448688 kB
Mem:          3.8G       787M       3.1G       5.7M        62M       318M

MemTotal:        4016004 kB
MemFree:         3209604 kB
Active:           448684 kB
Mem:          3.8G       787M       3.1G       5.7M        62M       318M

MemTotal:        4016004 kB
MemFree:         3209604 kB
Active:           448660 kB
Mem:          3.8G       787M       3.1G       5.7M        62M       318M

MemTotal:        4016004 kB
MemFree:         3209976 kB
Active:           448692 kB
Mem:          3.8G       787M       3.1G       5.7M        62M       318M

MemTotal:        4016004 kB
MemFree:         3209976 kB
Active:           448664 kB
Mem:          3.8G       787M       3.1G       5.7M        62M       318M

MemTotal:        4016004 kB
MemFree:         3210040 kB
Active:           448668 kB
Mem:          3.8G       787M       3.1G       5.7M        62M       318M

MemTotal:        4016004 kB
MemFree:         3210040 kB
Active:           448684 kB
Mem:          3.8G       787M       3.1G       5.7M        62M       318M

MemTotal:        4016004 kB
MemFree:         3210164 kB
Active:           448680 kB
Mem:          3.8G       787M       3.1G       5.7M        62M       318M

MemTotal:        4016004 kB
MemFree:         3210412 kB
Active:           448660 kB
Mem:          3.8G       786M       3.1G       5.7M        62M       318M

MemTotal:        4016004 kB
MemFree:         3210288 kB
Active:           448704 kB
Mem:          3.8G       787M       3.1G       5.7M        62M       318M

MemTotal:        4016004 kB
MemFree:         3210040 kB
Active:           448656 kB
Mem:          3.8G       786M       3.1G       5.7M        62M       318M

MemTotal:        4016004 kB
MemFree:         3210288 kB
Active:           448660 kB
Mem:          3.8G       786M       3.1G       5.7M        62M       318M

MemTotal:        4016004 kB
MemFree:         3210288 kB
Active:           448660 kB
Mem:          3.8G       786M       3.1G       5.7M        62M       318M

MemTotal:        4016004 kB
MemFree:         3209680 kB
Active:           449112 kB
Mem:          3.8G       787M       3.1G       5.7M        62M       318M

MemTotal:        4016004 kB
MemFree:         3166352 kB
Active:           449876 kB
Mem:          3.8G       830M       3.0G       5.7M        62M       360M

MemTotal:        4016004 kB
MemFree:         3118872 kB
Active:           449884 kB
Mem:          3.8G       876M       3.0G       5.7M        62M       406M

MemTotal:        4016004 kB
MemFree:         3072508 kB
Active:           449884 kB
Mem:          3.8G       921M       2.9G       5.7M        62M       451M

MemTotal:        4016004 kB
MemFree:         3025756 kB
Active:           449892 kB
Mem:          3.8G       967M       2.9G       5.7M        62M       495M

MemTotal:        4016004 kB
MemFree:         2978168 kB
Active:           449900 kB
Mem:          3.8G       1.0G       2.8G       5.7M        62M       541M

MemTotal:        4016004 kB
MemFree:         2931076 kB
Active:           449900 kB
Mem:          3.8G       1.0G       2.8G       5.7M        62M       586M

MemTotal:        4016004 kB
MemFree:         2883984 kB
Active:           449904 kB
Mem:          3.8G       1.1G       2.8G       5.7M        62M       631M

MemTotal:        4016004 kB
MemFree:         2837436 kB
Active:           449908 kB
Mem:          3.8G       1.1G       2.7G       5.7M        62M       676M

MemTotal:        4016004 kB
MemFree:         2790368 kB
Active:           449908 kB
Mem:          3.8G       1.2G       2.7G       5.7M        62M       721M

MemTotal:        4016004 kB
MemFree:         2744128 kB
Active:           449920 kB
Mem:          3.8G       1.2G       2.6G       5.7M        62M       766M

MemTotal:        4016004 kB
MemFree:         2696924 kB
Active:           449920 kB
Mem:          3.8G       1.3G       2.6G       5.7M        62M       812M

MemTotal:        4016004 kB
MemFree:         2650564 kB
Active:           449928 kB
Mem:          3.8G       1.3G       2.5G       5.7M        62M       856M

MemTotal:        4016004 kB
MemFree:         2603580 kB
Active:           449928 kB
Mem:          3.8G       1.3G       2.5G       5.7M        62M       902M

MemTotal:        4016004 kB
MemFree:         2556436 kB
Active:           449928 kB
Mem:          3.8G       1.4G       2.4G       5.7M        62M       947M

MemTotal:        4016004 kB
MemFree:         2510212 kB
Active:           449924 kB
Mem:          3.8G       1.4G       2.4G       5.7M        62M       991M

MemTotal:        4016004 kB
MemFree:         2462868 kB
Active:           449948 kB
Mem:          3.8G       1.5G       2.3G       5.7M        62M       1.0G

MemTotal:        4016004 kB
MemFree:         2445304 kB
Active:           449928 kB
Mem:          3.8G       1.5G       2.3G       5.7M        62M       1.0G

MemTotal:        4016004 kB
MemFree:         2398780 kB
Active:           449980 kB
Mem:          3.8G       1.5G       2.3G       5.7M        62M       1.1G

MemTotal:        4016004 kB
MemFree:         2351908 kB
Active:           449980 kB
Mem:          3.8G       1.6G       2.2G       5.7M        62M       1.1G

MemTotal:        4016004 kB
MemFree:         2304960 kB
Active:           449984 kB
Mem:          3.8G       1.6G       2.2G       5.7M        62M       1.2G

MemTotal:        4016004 kB
MemFree:         2256984 kB
Active:           449988 kB
Mem:          3.8G       1.7G       2.2G       5.7M        62M       1.2G

MemTotal:        4016004 kB
MemFree:         2210264 kB
Active:           449988 kB
Mem:          3.8G       1.7G       2.1G       5.7M        62M       1.3G

MemTotal:        4016004 kB
MemFree:         2163784 kB
Active:           449992 kB
Mem:          3.8G       1.8G       2.1G       5.7M        62M       1.3G

MemTotal:        4016004 kB
MemFree:         2116776 kB
Active:           449992 kB
Mem:          3.8G       1.8G       2.0G       5.7M        62M       1.3G

MemTotal:        4016004 kB
MemFree:         2069668 kB
Active:           450004 kB
Mem:          3.8G       1.9G       2.0G       5.7M        62M       1.4G

MemTotal:        4016004 kB
MemFree:         2023488 kB
Active:           450056 kB
Mem:          3.8G       1.9G       1.9G       5.7M        62M       1.4G

MemTotal:        4016004 kB
MemFree:         1975984 kB
Active:           450020 kB
Mem:          3.8G       1.9G       1.9G       5.7M        62M       1.5G

MemTotal:        4016004 kB
MemFree:         1929408 kB
Active:           450024 kB
Mem:          3.8G       2.0G       1.8G       5.7M        62M       1.5G

MemTotal:        4016004 kB
MemFree:         1882300 kB
Active:           450024 kB
Mem:          3.8G       2.0G       1.8G       5.7M        62M       1.6G

MemTotal:        4016004 kB
MemFree:         1835904 kB
Active:           450028 kB
Mem:          3.8G       2.1G       1.8G       5.7M        62M       1.6G

MemTotal:        4016004 kB
MemFree:         1787172 kB
Active:           450040 kB
Mem:          3.8G       2.1G       1.7G       5.7M        62M       1.6G

MemTotal:        4016004 kB
MemFree:         1740964 kB
Active:           450032 kB
Mem:          3.8G       2.2G       1.7G       5.7M        62M       1.7G

MemTotal:        4016004 kB
MemFree:         1693856 kB
Active:           450040 kB
Mem:          3.8G       2.2G       1.6G       5.7M        62M       1.7G

MemTotal:        4016004 kB
MemFree:         1647696 kB
Active:           450032 kB
Mem:          3.8G       2.3G       1.6G       5.7M        62M       1.8G

MemTotal:        4016004 kB
MemFree:         1599860 kB
Active:           450048 kB
Mem:          3.8G       2.3G       1.5G       5.7M        62M       1.8G

MemTotal:        4016004 kB
MemFree:         1553804 kB
Active:           450120 kB
Mem:          3.8G       2.3G       1.5G       5.7M        62M       1.9G

MemTotal:        4016004 kB
MemFree:         1509100 kB
Active:           450052 kB
Mem:          3.8G       2.4G       1.4G       5.7M        62M       1.9G

MemTotal:        4016004 kB
MemFree:         1462100 kB
Active:           450068 kB
Mem:          3.8G       2.4G       1.4G       5.7M        62M       2.0G

MemTotal:        4016004 kB
MemFree:         1415148 kB
Active:           450068 kB
Mem:          3.8G       2.5G       1.3G       5.7M        62M       2.0G

MemTotal:        4016004 kB
MemFree:         1368240 kB
Active:           450068 kB
Mem:          3.8G       2.5G       1.3G       5.7M        62M       2.0G

MemTotal:        4016004 kB
MemFree:         1321380 kB
Active:           450084 kB
Mem:          3.8G       2.6G       1.3G       5.7M        62M       2.1G

MemTotal:        4016004 kB
MemFree:         1274796 kB
Active:           450084 kB
Mem:          3.8G       2.6G       1.2G       5.7M        62M       2.1G

MemTotal:        4016004 kB
MemFree:         1226144 kB
Active:           450104 kB
Mem:          3.8G       2.7G       1.2G       5.7M        62M       2.2G

MemTotal:        4016004 kB
MemFree:         1180456 kB
Active:           450112 kB
Mem:          3.8G       2.7G       1.1G       5.7M        62M       2.2G

MemTotal:        4016004 kB
MemFree:         1133276 kB
Active:           450116 kB
Mem:          3.8G       2.7G       1.1G       5.7M        62M       2.3G

MemTotal:        4016004 kB
MemFree:         1087704 kB
Active:           450272 kB
Mem:          3.8G       2.8G       1.0G       5.7M        62M       2.3G

MemTotal:        4016004 kB
MemFree:         1041004 kB
Active:           450172 kB
Mem:          3.8G       2.8G       1.0G       5.7M        62M       2.3G

MemTotal:        4016004 kB
MemFree:          994020 kB
Active:           450208 kB
Mem:          3.8G       2.9G       969M       5.7M        62M       2.4G

MemTotal:        4016004 kB
MemFree:          946788 kB
Active:           450208 kB
Mem:          3.8G       2.9G       924M       5.7M        62M       2.4G

MemTotal:        4016004 kB
MemFree:          900608 kB
Active:           450212 kB
Mem:          3.8G       3.0G       879M       5.7M        62M       2.5G

MemTotal:        4016004 kB
MemFree:          853304 kB
Active:           450216 kB
Mem:          3.8G       3.0G       833M       5.7M        62M       2.5G

MemTotal:        4016004 kB
MemFree:          808352 kB
Active:           450240 kB
Mem:          3.8G       3.1G       788M       5.7M        62M       2.6G

MemTotal:        4016004 kB
MemFree:          760316 kB
Active:           450264 kB
Mem:          3.8G       3.1G       741M       5.7M        62M       2.6G

MemTotal:        4016004 kB
MemFree:          713792 kB
Active:           450256 kB
Mem:          3.8G       3.1G       696M       5.7M        62M       2.7G

MemTotal:        4016004 kB
MemFree:          666728 kB
Active:           450268 kB
Mem:          3.8G       3.2G       650M       5.7M        62M       2.7G

MemTotal:        4016004 kB
MemFree:          619520 kB
Active:           450332 kB
Mem:          3.8G       3.2G       604M       5.7M        62M       2.7G

MemTotal:        4016004 kB
MemFree:          586316 kB
Active:           450292 kB
Mem:          3.8G       3.3G       572M       5.7M        62M       2.8G

MemTotal:        4016004 kB
MemFree:          586460 kB
Active:           450280 kB
Mem:          3.8G       3.3G       572M       5.7M        62M       2.8G

MemTotal:        4016004 kB
MemFree:          547292 kB
Active:           450300 kB
Mem:          3.8G       3.3G       533M       5.7M        62M       2.8G

MemTotal:        4016004 kB
MemFree:          500556 kB
Active:           450272 kB
Mem:          3.8G       3.4G       488M       5.7M        62M       2.9G

MemTotal:        4016004 kB
MemFree:          454084 kB
Active:           450288 kB
Mem:          3.8G       3.4G       442M       5.7M        62M       2.9G

MemTotal:        4016004 kB
MemFree:          406976 kB
Active:           450272 kB
Mem:          3.8G       3.4G       397M       5.7M        62M       2.9G

MemTotal:        4016004 kB
MemFree:          361248 kB
Active:           450292 kB
Mem:          3.8G       3.5G       352M       5.7M        62M       3.0G

MemTotal:        4016004 kB
MemFree:          314816 kB
Active:           450316 kB
Mem:          3.8G       3.5G       307M       5.7M        62M       3.0G

MemTotal:        4016004 kB
MemFree:          267916 kB
Active:           450324 kB
Mem:          3.8G       3.6G       261M       5.7M        62M       3.1G

MemTotal:        4016004 kB
MemFree:          220064 kB
Active:           450276 kB
Mem:          3.8G       3.6G       214M       5.7M        62M       3.1G

MemTotal:        4016004 kB
MemFree:          187236 kB
Active:           450332 kB
Mem:          3.8G       3.7G       182M       5.7M        62M       3.2G

MemTotal:        4016004 kB
MemFree:          186648 kB
Active:           450292 kB
Mem:          3.8G       3.7G       182M       5.7M        62M       3.2G

MemTotal:        4016004 kB
MemFree:          186576 kB
Active:           450344 kB
Mem:          3.8G       3.7G       182M       5.7M        62M       3.2G

MemTotal:        4016004 kB
MemFree:          183696 kB
Active:           450296 kB
Mem:          3.8G       3.7G       178M       5.7M        62M       3.2G

MemTotal:        4016004 kB
MemFree:          137364 kB
Active:           450348 kB
Mem:          3.8G       3.7G       133M       5.7M        62M       3.2G

MemTotal:        4016004 kB
MemFree:          125908 kB
Active:           447464 kB
Mem:          3.8G       3.7G       121M       5.7M        29M       3.2G

MemTotal:        4016004 kB
MemFree:          113660 kB
Active:           459032 kB
Mem:          3.8G       3.7G       110M       5.7M        28M       3.3G

MemTotal:        4016004 kB
MemFree:          144448 kB
Active:           508360 kB
Mem:          3.8G       3.7G       137M       5.7M        27M       3.2G

MemTotal:        4016004 kB
MemFree:          133612 kB
Active:           505012 kB
Mem:          3.8G       3.7G       130M       5.7M        27M       3.2G

MemTotal:        4016004 kB
MemFree:          135456 kB
Active:           502592 kB
Mem:          3.8G       3.7G       132M       5.7M        27M       3.2G

MemTotal:        4016004 kB
MemFree:          147748 kB
Active:           496172 kB
Mem:          3.8G       3.7G       144M       5.7M        27M       3.2G

MemTotal:        4016004 kB
MemFree:          135068 kB
Active:           496040 kB
Mem:          3.8G       3.7G       131M       5.7M        27M       3.2G

MemTotal:        4016004 kB
MemFree:          126224 kB
Active:           494268 kB
Mem:          3.8G       3.7G       123M       5.7M        27M       3.2G

MemTotal:        4016004 kB
MemFree:          109712 kB
Active:           485792 kB
Mem:          3.8G       3.7G       106M       5.7M        27M       3.3G

MemTotal:        4016004 kB
MemFree:          134472 kB
Active:           479008 kB
Mem:          3.8G       3.7G       131M       5.7M        27M       3.2G

MemTotal:        4016004 kB
MemFree:          141076 kB
Active:           470784 kB
Mem:          3.8G       3.7G       137M       5.7M        27M       3.2G

MemTotal:        4016004 kB
MemFree:          130764 kB
Active:           467456 kB
Mem:          3.8G       3.7G       127M       5.7M        27M       3.2G

MemTotal:        4016004 kB
MemFree:          110768 kB
Active:           467332 kB
Mem:          3.8G       3.7G       107M       5.7M        27M       3.3G

MemTotal:        4016004 kB
MemFree:          129524 kB
Active:           460944 kB
Mem:          3.8G       3.7G       125M       5.7M        27M       3.2G

MemTotal:        4016004 kB
MemFree:          112504 kB
Active:           455932 kB
Mem:          3.8G       3.7G       109M       5.7M        27M       3.3G

MemTotal:        4016004 kB
MemFree:          125696 kB
Active:           451456 kB
Mem:          3.8G       3.7G       122M       5.7M        27M       3.2G

MemTotal:        4016004 kB
MemFree:          109276 kB
Active:           448140 kB
Mem:          3.8G       3.7G       106M       5.7M        27M       3.3G

MemTotal:        4016004 kB
MemFree:          134164 kB
Active:           445964 kB
Mem:          3.8G       3.7G       130M       5.7M        27M       3.2G

MemTotal:        4016004 kB
MemFree:          124304 kB
Active:           444816 kB
Mem:          3.8G       3.7G       120M       5.7M        27M       3.2G

MemTotal:        4016004 kB
MemFree:          131396 kB
Active:           443152 kB
Mem:          3.8G       3.7G       128M       5.7M        27M       3.2G

MemTotal:        4016004 kB
MemFree:          139556 kB
Active:           440984 kB
Mem:          3.8G       3.7G       136M       5.7M        27M       3.2G

MemTotal:        4016004 kB
MemFree:          135192 kB
Active:           439320 kB
Mem:          3.8G       3.7G       131M       5.7M        27M       3.2G

MemTotal:        4016004 kB
MemFree:          135200 kB
Active:           435792 kB
Mem:          3.8G       3.7G       131M       5.7M        27M       3.2G

MemTotal:        4016004 kB
MemFree:          130412 kB
Active:           434272 kB
Mem:          3.8G       3.7G       127M       5.7M        27M       3.2G

MemTotal:        4016004 kB
MemFree:          130416 kB
Active:           430316 kB
Mem:          3.8G       3.7G       127M       5.7M        27M       3.2G

MemTotal:        4016004 kB
MemFree:          131952 kB
Active:           428396 kB
Mem:          3.8G       3.7G       128M       5.7M        27M       3.2G

MemTotal:        4016004 kB
MemFree:          139860 kB
Active:           426348 kB
Mem:          3.8G       3.7G       135M       5.7M        27M       3.2G

MemTotal:        4016004 kB
MemFree:          135040 kB
Active:           421368 kB
Mem:          3.8G       3.7G       131M       5.7M        27M       3.2G

MemTotal:        4016004 kB
MemFree:          105408 kB
Active:           421260 kB
Mem:          3.8G       3.7G       102M       5.7M        27M       3.3G

MemTotal:        4016004 kB
MemFree:          130200 kB
Active:           416820 kB
Mem:          3.8G       3.7G       127M       5.7M        27M       3.2G

MemTotal:        4016004 kB
MemFree:          125844 kB
Active:           415284 kB
Mem:          3.8G       3.7G       122M       5.7M        27M       3.2G

MemTotal:        4016004 kB
MemFree:          126788 kB
Active:           413752 kB
Mem:          3.8G       3.7G       123M       5.7M        27M       3.2G

MemTotal:        4016004 kB
MemFree:          108052 kB
Active:           412728 kB
Mem:          3.8G       3.7G       104M       5.7M        27M       3.3G

MemTotal:        4016004 kB
MemFree:          133732 kB
Active:           408520 kB
Mem:          3.8G       3.7G       130M       5.7M        27M       3.2G

MemTotal:        4016004 kB
MemFree:          123012 kB
Active:           407372 kB
Mem:          3.8G       3.7G       120M       5.7M        27M       3.2G

MemTotal:        4016004 kB
MemFree:          124540 kB
Active:           405584 kB
Mem:          3.8G       3.7G       121M       5.7M        27M       3.2G

MemTotal:        4016004 kB
MemFree:          108348 kB
Active:           405588 kB
Mem:          3.8G       3.7G       105M       5.7M        27M       3.3G

MemTotal:        4016004 kB
MemFree:          109544 kB
Active:           404456 kB
Mem:          3.8G       3.7G       106M       5.7M        27M       3.3G

MemTotal:        4016004 kB
MemFree:          128060 kB
Active:           402280 kB
Mem:          3.8G       3.7G       124M       5.7M        27M       3.2G

MemTotal:        4016004 kB
MemFree:          135084 kB
Active:           400360 kB
Mem:          3.8G       3.7G       131M       5.7M        27M       3.2G

MemTotal:        4016004 kB
MemFree:          114800 kB
Active:           399336 kB
Mem:          3.8G       3.7G       111M       5.7M        27M       3.2G

MemTotal:        4016004 kB
MemFree:          129936 kB
Active:           397548 kB
Mem:          3.8G       3.7G       126M       5.7M        27M       3.2G

MemTotal:        4016004 kB
MemFree:          116844 kB
Active:           397428 kB
Mem:          3.8G       3.7G       113M       5.7M        27M       3.2G

MemTotal:        4016004 kB
MemFree:          116320 kB
Active:           397428 kB
Mem:          3.8G       3.7G       113M       5.7M        27M       3.2G

MemTotal:        4016004 kB
MemFree:          106416 kB
Active:           398060 kB
Mem:          3.8G       3.7G       103M       5.7M        27M       3.3G

MemTotal:        4016004 kB
MemFree:          133244 kB
Active:           395748 kB
Mem:          3.8G       3.7G       129M       5.7M        27M       3.2G

MemTotal:        4016004 kB
MemFree:          138116 kB
Active:           393572 kB
Mem:          3.8G       3.7G       134M       5.7M        27M       3.2G

MemTotal:        4016004 kB
MemFree:          129328 kB
Active:           392300 kB
Mem:          3.8G       3.7G       126M       5.7M        27M       3.2G

MemTotal:        4016004 kB
MemFree:          118456 kB
Active:           391280 kB
Mem:          3.8G       3.7G       115M       5.7M        27M       3.2G

MemTotal:        4016004 kB
MemFree:          125932 kB
Active:           389236 kB
Mem:          3.8G       3.7G       122M       5.7M        27M       3.2G

MemTotal:        4016004 kB
MemFree:          116976 kB
Active:           387960 kB
Mem:          3.8G       3.7G       113M       5.7M        27M       3.2G

MemTotal:        4016004 kB
MemFree:          105740 kB
Active:           386808 kB
Mem:          3.8G       3.7G       103M       5.7M        27M       3.3G

MemTotal:        4016004 kB
MemFree:          111848 kB
Active:           384768 kB
Mem:          3.8G       3.7G       108M       5.7M        27M       3.3G

MemTotal:        4016004 kB
MemFree:          126524 kB
Active:           383744 kB
Mem:          3.8G       3.7G       123M       5.7M        27M       3.2G

MemTotal:        4016004 kB
MemFree:          112068 kB
Active:           385176 kB
Mem:          3.8G       3.7G       108M       5.7M        27M       3.3G

MemTotal:        4016004 kB
MemFree:          115848 kB
Active:           383852 kB
Mem:          3.8G       3.7G       112M       5.7M        27M       3.2G

MemTotal:        4016004 kB
MemFree:          109708 kB
Active:           383596 kB
Mem:          3.8G       3.7G       107M       5.7M        27M       3.3G

MemTotal:        4016004 kB
MemFree:          123692 kB
Active:           383596 kB
Mem:          3.8G       3.7G       121M       5.7M        27M       3.2G

MemTotal:        4016004 kB
MemFree:          126364 kB
Active:           383604 kB
Mem:          3.8G       3.7G       123M       5.7M        27M       3.2G

MemTotal:        4016004 kB
MemFree:          109648 kB
Active:           383608 kB
Mem:          3.8G       3.7G       106M       5.7M        27M       3.3G

MemTotal:        4016004 kB
MemFree:          135336 kB
Active:           383608 kB
Mem:          3.8G       3.7G       131M       5.7M        27M       3.2G

MemTotal:        4016004 kB
MemFree:          113060 kB
Active:           383552 kB
Mem:          3.8G       3.7G       110M       5.7M        27M       3.2G

MemTotal:        4016004 kB
MemFree:          128256 kB
Active:           383612 kB
Mem:          3.8G       3.7G       124M       5.7M        27M       3.2G

MemTotal:        4016004 kB
MemFree:          128292 kB
Active:           383620 kB
Mem:          3.8G       3.7G       125M       5.7M        27M       3.2G

MemTotal:        4016004 kB
MemFree:          134424 kB
Active:           383260 kB
Mem:          3.8G       3.7G       130M       5.7M        27M       3.2G

MemTotal:        4016004 kB
MemFree:          141620 kB
Active:           381724 kB
Mem:          3.8G       3.7G       137M       5.7M        27M       3.2G

MemTotal:        4016004 kB
MemFree:          132196 kB
Active:           381700 kB
Mem:          3.8G       3.7G       128M       5.7M        27M       3.2G

MemTotal:        4016004 kB
MemFree:          137216 kB
Active:           379136 kB
Mem:          3.8G       3.7G       134M       5.7M        27M       3.2G

MemTotal:        4016004 kB
MemFree:          128028 kB
Active:           378976 kB
Mem:          3.8G       3.7G       124M       5.7M        28M       3.2G

MemTotal:        4016004 kB
MemFree:          116860 kB
Active:           379008 kB
Mem:          3.8G       3.7G       113M       5.7M        28M       3.2G

MemTotal:        4016004 kB
MemFree:          122216 kB
Active:           379008 kB
Mem:          3.8G       3.7G       118M       5.7M        28M       3.2G

MemTotal:        4016004 kB
MemFree:          113400 kB
Active:           379008 kB
Mem:          3.8G       3.7G       110M       5.7M        28M       3.2G

MemTotal:        4016004 kB
MemFree:          135304 kB
Active:           379012 kB
Mem:          3.8G       3.7G       132M       5.7M        28M       3.2G

MemTotal:        4016004 kB
MemFree:          139228 kB
Active:           379020 kB
Mem:          3.8G       3.7G       135M       5.7M        28M       3.2G

MemTotal:        4016004 kB
MemFree:          139384 kB
Active:           378936 kB
Mem:          3.8G       3.7G       135M       5.7M        28M       3.2G

MemTotal:        4016004 kB
MemFree:          104820 kB
Active:           378940 kB
Mem:          3.8G       3.7G       102M       5.7M        28M       3.3G

MemTotal:        4016004 kB
MemFree:          148708 kB
Active:           378940 kB
Mem:          3.8G       3.7G       144M       5.7M        28M       3.2G

MemTotal:        4016004 kB
MemFree:          126164 kB
Active:           378952 kB
Mem:          3.8G       3.7G       122M       5.7M        28M       3.2G

MemTotal:        4016004 kB
MemFree:          127908 kB
Active:           378964 kB
Mem:          3.8G       3.7G       124M       5.7M        28M       3.2G

MemTotal:        4016004 kB
MemFree:          122260 kB
Active:           378964 kB
Mem:          3.8G       3.7G       118M       5.7M        28M       3.2G

MemTotal:        4016004 kB
MemFree:          127428 kB
Active:           378964 kB
Mem:          3.8G       3.7G       124M       5.7M        28M       3.2G

MemTotal:        4016004 kB
MemFree:          119632 kB
Active:           378548 kB
Mem:          3.8G       3.7G       116M       5.7M        28M       3.2G

MemTotal:        4016004 kB
MemFree:          127192 kB
Active:           378560 kB
Mem:          3.8G       3.7G       123M       5.7M        28M       3.2G

MemTotal:        4016004 kB
MemFree:          123556 kB
Active:           378568 kB
Mem:          3.8G       3.7G       120M       5.7M        28M       3.2G

MemTotal:        4016004 kB
MemFree:          126900 kB
Active:           378572 kB
Mem:          3.8G       3.7G       123M       5.7M        28M       3.2G

MemTotal:        4016004 kB
MemFree:          122008 kB
Active:           378528 kB
Mem:          3.8G       3.7G       119M       5.7M        28M       3.2G

MemTotal:        4016004 kB
MemFree:          125924 kB
Active:           378572 kB
Mem:          3.8G       3.7G       122M       5.7M        28M       3.2G

MemTotal:        4016004 kB
MemFree:          122020 kB
Active:           377492 kB
Mem:          3.8G       3.7G       118M       5.7M        28M       3.2G

MemTotal:        4016004 kB
MemFree:          126828 kB
Active:           377500 kB
Mem:          3.8G       3.7G       123M       5.7M        28M       3.2G

MemTotal:        4016004 kB
MemFree:          122400 kB
Active:           377504 kB
Mem:          3.8G       3.7G       119M       5.7M        28M       3.2G

MemTotal:        4016004 kB
MemFree:          126016 kB
Active:           377504 kB
Mem:          3.8G       3.7G       123M       5.7M        28M       3.2G

MemTotal:        4016004 kB
MemFree:          122492 kB
Active:           377512 kB
Mem:          3.8G       3.7G       119M       5.7M        28M       3.2G

MemTotal:        4016004 kB
MemFree:          125092 kB
Active:           377504 kB
Mem:          3.8G       3.7G       122M       5.7M        28M       3.2G

MemTotal:        4016004 kB
MemFree:          114604 kB
Active:           377528 kB
Mem:          3.8G       3.7G       112M       5.7M        28M       3.2G

MemTotal:        4016004 kB
MemFree:          137148 kB
Active:           373204 kB
Mem:          3.8G       3.7G       133M       5.7M        28M       3.2G

MemTotal:        4016004 kB
MemFree:          107616 kB
Active:           375132 kB
Mem:          3.8G       3.7G       104M       5.7M        28M       3.3G

MemTotal:        4016004 kB
MemFree:          133700 kB
Active:           375132 kB
Mem:          3.8G       3.7G       130M       5.7M        28M       3.2G

MemTotal:        4016004 kB
MemFree:          121272 kB
Active:           375112 kB
Mem:          3.8G       3.7G       118M       5.7M        28M       3.2G

MemTotal:        4016004 kB
MemFree:          127640 kB
Active:           375136 kB
Mem:          3.8G       3.7G       124M       5.7M        28M       3.2G

MemTotal:        4016004 kB
MemFree:          117104 kB
Active:           375140 kB
Mem:          3.8G       3.7G       114M       5.7M        28M       3.2G

MemTotal:        4016004 kB
MemFree:          124832 kB
Active:           375140 kB
Mem:          3.8G       3.7G       121M       5.7M        28M       3.2G

MemTotal:        4016004 kB
MemFree:          114380 kB
Active:           375140 kB
Mem:          3.8G       3.7G       111M       5.7M        28M       3.2G

MemTotal:        4016004 kB
MemFree:          105388 kB
Active:           375152 kB
Mem:          3.8G       3.7G       109M       5.7M        28M       3.2G

MemTotal:        4016004 kB
MemFree:          105416 kB
Active:           375152 kB
Mem:          3.8G       3.7G       103M       5.7M        28M       3.3G

MemTotal:        4016004 kB
MemFree:          104612 kB
Active:           376932 kB
Mem:          3.8G       3.7G       124M       5.7M        28M       3.2G

MemTotal:        4016004 kB
MemFree:          136504 kB
Active:           374552 kB
Mem:          3.8G       3.7G       132M       5.7M        28M       3.2G

MemTotal:        4016004 kB
MemFree:          129128 kB
Active:           374536 kB
Mem:          3.8G       3.7G       125M       5.7M        28M       3.2G

MemTotal:        4016004 kB
MemFree:          117292 kB
Active:           374576 kB
Mem:          3.8G       3.7G       114M       5.7M        28M       3.2G

MemTotal:        4016004 kB
MemFree:          107008 kB
Active:           374580 kB
Mem:          3.8G       3.7G       104M       5.7M        28M       3.2G

MemTotal:        4016004 kB
MemFree:          133920 kB
Active:           374580 kB
Mem:          3.8G       3.7G       130M       5.7M        28M       3.2G

MemTotal:        4016004 kB
MemFree:          128504 kB
Active:           374584 kB
Mem:          3.8G       3.7G       124M       5.7M        28M       3.2G

MemTotal:        4016004 kB
MemFree:          106160 kB
Active:           374584 kB
Mem:          3.8G       3.7G       103M       5.7M        28M       3.3G

MemTotal:        4016004 kB
MemFree:          135028 kB
Active:           371608 kB
Mem:          3.8G       3.7G       131M       5.7M        28M       3.2G

MemTotal:        4016004 kB
MemFree:          148436 kB
Active:           371424 kB
Mem:          3.8G       3.7G       143M       5.7M        28M       3.2G

MemTotal:        4016004 kB
MemFree:          126748 kB
Active:           371424 kB
Mem:          3.8G       3.7G       123M       5.7M        28M       3.2G

MemTotal:        4016004 kB
MemFree:          109208 kB
Active:           371424 kB
Mem:          3.8G       3.7G       105M       5.7M        28M       3.2G

MemTotal:        4016004 kB
MemFree:          135692 kB
Active:           371424 kB
Mem:          3.8G       3.7G       131M       5.7M        28M       3.2G

MemTotal:        4016004 kB
MemFree:          129272 kB
Active:           371428 kB
Mem:          3.8G       3.7G       126M       5.7M        28M       3.2G

MemTotal:        4016004 kB
MemFree:          133436 kB
Active:           371448 kB
Mem:          3.8G       3.7G       129M       5.7M        28M       3.2G

MemTotal:        4016004 kB
MemFree:          128612 kB
Active:           371452 kB
Mem:          3.8G       3.7G       125M       5.7M        28M       3.2G

MemTotal:        4016004 kB
MemFree:          129992 kB
Active:           371404 kB
Mem:          3.8G       3.7G       126M       5.7M        28M       3.2G

MemTotal:        4016004 kB
MemFree:          108668 kB
Active:           370712 kB
Mem:          3.8G       3.7G       105M       5.7M        28M       3.2G

MemTotal:        4016004 kB
MemFree:          117672 kB
Active:           370696 kB
Mem:          3.8G       3.7G       115M       5.7M        28M       3.2G

MemTotal:        4016004 kB
MemFree:          125264 kB
Active:           370704 kB
Mem:          3.8G       3.7G       122M       5.7M        28M       3.2G

MemTotal:        4016004 kB
MemFree:          114744 kB
Active:           370648 kB
Mem:          3.8G       3.7G       112M       5.7M        28M       3.2G

MemTotal:        4016004 kB
MemFree:          105244 kB
Active:           370704 kB
Mem:          3.8G       3.7G       102M       5.7M        28M       3.3G

MemTotal:        4016004 kB
MemFree:          106156 kB
Active:           370720 kB
Mem:          3.8G       3.7G       103M       5.7M        28M       3.2G

MemTotal:        4016004 kB
MemFree:          115824 kB
Active:           370720 kB
Mem:          3.8G       3.7G       112M       5.7M        28M       3.2G

MemTotal:        4016004 kB
MemFree:          124684 kB
Active:           370728 kB
Mem:          3.8G       3.7G       121M       5.7M        28M       3.2G

MemTotal:        4016004 kB
MemFree:          124960 kB
Active:           370740 kB
Mem:          3.8G       3.7G       121M       5.7M        28M       3.2G

MemTotal:        4016004 kB
MemFree:          110176 kB
Active:           365456 kB
Mem:          3.8G       3.7G       107M       5.7M        28M       3.2G

MemTotal:        4016004 kB
MemFree:          124592 kB
Active:           365320 kB
Mem:          3.8G       3.7G       120M       5.7M        28M       3.2G

MemTotal:        4016004 kB
MemFree:          124972 kB
Active:           365324 kB
Mem:          3.8G       3.7G       121M       5.7M        28M       3.2G

MemTotal:        4016004 kB
MemFree:          116112 kB
Active:           365328 kB
Mem:          3.8G       3.7G       113M       5.7M        28M       3.2G

MemTotal:        4016004 kB
MemFree:          127696 kB
Active:           367376 kB
Mem:          3.8G       3.7G       124M       5.7M        28M       3.2G

MemTotal:        4016004 kB
MemFree:          135536 kB
Active:           367368 kB
Mem:          3.8G       3.7G       132M       5.7M        28M       3.2G

MemTotal:        4016004 kB
MemFree:          123384 kB
Active:           367320 kB
Mem:          3.8G       3.7G       120M       5.7M        28M       3.2G

MemTotal:        4016004 kB
MemFree:          124844 kB
Active:           367388 kB
Mem:          3.8G       3.7G       121M       5.7M        28M       3.2G

MemTotal:        4016004 kB
MemFree:          125452 kB
Active:           367400 kB
Mem:          3.8G       3.7G       122M       5.7M        28M       3.2G

MemTotal:        4016004 kB
MemFree:          108740 kB
Active:           367400 kB
Mem:          3.8G       3.7G       106M       5.7M        28M       3.2G

MemTotal:        4016004 kB
MemFree:          126200 kB
Active:           364824 kB
Mem:          3.8G       3.7G       122M       5.7M        28M       3.2G

MemTotal:        4016004 kB
MemFree:          115664 kB
Active:           364844 kB
Mem:          3.8G       3.7G       112M       5.7M        28M       3.2G

MemTotal:        4016004 kB
MemFree:          109588 kB
Active:           364848 kB
Mem:          3.8G       3.7G       107M       5.7M        28M       3.2G

MemTotal:        4016004 kB
MemFree:          109688 kB
Active:           364844 kB
Mem:          3.8G       3.7G       106M       5.7M        28M       3.2G

MemTotal:        4016004 kB
MemFree:          121280 kB
Active:           365560 kB
Mem:          3.8G       3.7G       117M       5.7M        28M       3.2G

MemTotal:        4016004 kB
MemFree:          109632 kB
Active:           365532 kB
Mem:          3.8G       3.7G       106M       5.7M        28M       3.2G

MemTotal:        4016004 kB
MemFree:          117832 kB
Active:           365532 kB
Mem:          3.8G       3.7G       114M       5.7M        28M       3.2G

MemTotal:        4016004 kB
MemFree:          105956 kB
Active:           365536 kB
Mem:          3.8G       3.7G       103M       5.7M        28M       3.2G

MemTotal:        4016004 kB
MemFree:          131772 kB
Active:           365544 kB
Mem:          3.8G       3.7G       128M       5.7M        28M       3.2G

MemTotal:        4016004 kB
MemFree:          133812 kB
Active:           365544 kB
Mem:          3.8G       3.7G       130M       5.7M        28M       3.2G

MemTotal:        4016004 kB
MemFree:          140164 kB
Active:           365544 kB
Mem:          3.8G       3.7G       136M       5.7M        28M       3.2G

MemTotal:        4016004 kB
MemFree:          127136 kB
Active:           365544 kB
Mem:          3.8G       3.7G       123M       5.7M        28M       3.2G

MemTotal:        4016004 kB
MemFree:          119860 kB
Active:           365560 kB
Mem:          3.8G       3.7G       116M       5.7M        28M       3.2G

MemTotal:        4016004 kB
MemFree:          119024 kB
Active:           365552 kB
Mem:          3.8G       3.7G       115M       5.7M        28M       3.2G

MemTotal:        4016004 kB
MemFree:          119308 kB
Active:           365572 kB
Mem:          3.8G       3.7G       116M       5.7M        28M       3.2G

MemTotal:        4016004 kB
MemFree:          130236 kB
Active:           365584 kB
Mem:          3.8G       3.7G       126M       5.7M        28M       3.2G

MemTotal:        4016004 kB
MemFree:          121864 kB
Active:           362676 kB
Mem:          3.8G       3.7G       119M       5.7M        28M       3.2G

MemTotal:        4016004 kB
MemFree:          135600 kB
Active:           362596 kB
Mem:          3.8G       3.7G       132M       5.7M        28M       3.2G

MemTotal:        4016004 kB
MemFree:          143544 kB
Active:           362600 kB
Mem:          3.8G       3.7G       139M       5.7M        28M       3.2G

MemTotal:        4016004 kB
MemFree:          133528 kB
Active:           362608 kB
Mem:          3.8G       3.7G       129M       5.7M        28M       3.2G

MemTotal:        4016004 kB
MemFree:          123016 kB
Active:           362608 kB
Mem:          3.8G       3.7G       119M       5.7M        28M       3.2G

MemTotal:        4016004 kB
MemFree:          128796 kB
Active:           362612 kB
Mem:          3.8G       3.7G       125M       5.7M        28M       3.2G

MemTotal:        4016004 kB
MemFree:          133504 kB
Active:           362612 kB
Mem:          3.8G       3.7G       129M       5.7M        28M       3.2G

MemTotal:        4016004 kB
MemFree:          107888 kB
Active:           362624 kB
Mem:          3.8G       3.7G       105M       5.7M        28M       3.2G

MemTotal:        4016004 kB
MemFree:          125072 kB
Active:           362632 kB
Mem:          3.8G       3.7G       121M       5.7M        28M       3.2G

MemTotal:        4016004 kB
MemFree:          111544 kB
Active:           362588 kB
Mem:          3.8G       3.7G       108M       5.7M        28M       3.2G

MemTotal:        4016004 kB
MemFree:          124636 kB
Active:           362644 kB
Mem:          3.8G       3.7G       121M       5.7M        28M       3.2G

MemTotal:        4016004 kB
MemFree:          126024 kB
Active:           362648 kB
Mem:          3.8G       3.7G       122M       5.7M        28M       3.2G

MemTotal:        4016004 kB
MemFree:          129576 kB
Active:           359984 kB
Mem:          3.8G       3.7G       126M       5.7M        28M       3.2G

MemTotal:        4016004 kB
MemFree:          106408 kB
Active:           359784 kB
Mem:          3.8G       3.7G       103M       5.7M        28M       3.2G

MemTotal:        4016004 kB
MemFree:          121176 kB
Active:           359788 kB
Mem:          3.8G       3.7G       118M       5.7M        28M       3.2G

MemTotal:        4016004 kB
MemFree:          110788 kB
Active:           359748 kB
Mem:          3.8G       3.7G       107M       5.7M        28M       3.2G

MemTotal:        4016004 kB
MemFree:          135488 kB
Active:           359792 kB
Mem:          3.8G       3.7G       132M       5.7M        28M       3.2G

MemTotal:        4016004 kB
MemFree:          126436 kB
Active:           359808 kB
Mem:          3.8G       3.7G       123M       5.7M        28M       3.2G

MemTotal:        4016004 kB
MemFree:          128852 kB
Active:           359808 kB
Mem:          3.8G       3.7G       126M       5.7M        28M       3.2G

MemTotal:        4016004 kB
MemFree:          137544 kB
Active:           359812 kB
Mem:          3.8G       3.7G       133M       5.7M        28M       3.2G

MemTotal:        4016004 kB
MemFree:          134328 kB
Active:           359780 kB
Mem:          3.8G       3.7G       130M       5.7M        28M       3.2G

MemTotal:        4016004 kB
MemFree:          124424 kB
Active:           359836 kB
Mem:          3.8G       3.7G       121M       5.7M        28M       3.2G

MemTotal:        4016004 kB
MemFree:          133272 kB
Active:           359836 kB
Mem:          3.8G       3.7G       130M       5.7M        28M       3.2G

MemTotal:        4016004 kB
MemFree:          123136 kB
Active:           359840 kB
Mem:          3.8G       3.7G       120M       5.7M        28M       3.2G

MemTotal:        4016004 kB
MemFree:          106552 kB
Active:           359816 kB
Mem:          3.8G       3.7G       104M       5.7M        28M       3.2G

MemTotal:        4016004 kB
MemFree:          129708 kB
Active:           356832 kB
Mem:          3.8G       3.7G       126M       5.7M        28M       3.2G

MemTotal:        4016004 kB
MemFree:          119144 kB
Active:           356612 kB
Mem:          3.8G       3.7G       116M       5.7M        28M       3.2G

MemTotal:        4016004 kB
MemFree:          121952 kB
Active:           356620 kB
Mem:          3.8G       3.7G       118M       5.7M        28M       3.2G

MemTotal:        4016004 kB
MemFree:          127812 kB
Active:           358284 kB
Mem:          3.8G       3.7G       124M       5.7M        28M       3.2G

MemTotal:        4016004 kB
MemFree:          117216 kB
Active:           358220 kB
Mem:          3.8G       3.7G       113M       5.7M        28M       3.2G

MemTotal:        4016004 kB
MemFree:          106440 kB
Active:           358260 kB
Mem:          3.8G       3.7G       103M       5.7M        28M       3.2G

MemTotal:        4016004 kB
MemFree:          132264 kB
Active:           358260 kB
Mem:          3.8G       3.7G       128M       5.7M        28M       3.2G

MemTotal:        4016004 kB
MemFree:          127152 kB
Active:           358284 kB
Mem:          3.8G       3.7G       123M       5.7M        28M       3.2G

MemTotal:        4016004 kB
MemFree:          125456 kB
Active:           358168 kB
Mem:          3.8G       3.7G       122M       5.7M        28M       3.2G

MemTotal:        4016004 kB
MemFree:          127028 kB
Active:           358172 kB
Mem:          3.8G       3.7G       123M       5.7M        28M       3.2G

MemTotal:        4016004 kB
MemFree:          107088 kB
Active:           358172 kB
Mem:          3.8G       3.7G       104M       5.7M        28M       3.2G

MemTotal:        4016004 kB
MemFree:          134128 kB
Active:           358172 kB
Mem:          3.8G       3.7G       130M       5.7M        28M       3.2G

MemTotal:        4016004 kB
MemFree:          110936 kB
Active:           358180 kB
Mem:          3.8G       3.7G       108M       5.7M        28M       3.2G

MemTotal:        4016004 kB
MemFree:          125048 kB
Active:           358180 kB
Mem:          3.8G       3.7G       121M       5.7M        28M       3.2G

MemTotal:        4016004 kB
MemFree:          143740 kB
Active:           358180 kB
Mem:          3.8G       3.7G       140M       5.7M        28M       3.2G

MemTotal:        4016004 kB
MemFree:          133668 kB
Active:           357988 kB
Mem:          3.8G       3.7G       130M       5.7M        28M       3.2G

MemTotal:        4016004 kB
MemFree:          118924 kB
Active:           358000 kB
Mem:          3.8G       3.7G       115M       5.7M        28M       3.2G

MemTotal:        4016004 kB
MemFree:          108232 kB
Active:           358012 kB
Mem:          3.8G       3.7G       105M       5.7M        28M       3.2G

MemTotal:        4016004 kB
MemFree:          121188 kB
Active:           358016 kB
Mem:          3.8G       3.7G       118M       5.7M        28M       3.2G

MemTotal:        4016004 kB
MemFree:          135844 kB
Active:           358016 kB
Mem:          3.8G       3.7G       132M       5.7M        28M       3.2G

MemTotal:        4016004 kB
MemFree:          135916 kB
Active:           357680 kB
Mem:          3.8G       3.7G       132M       5.7M        28M       3.2G

MemTotal:        4016004 kB
MemFree:          135652 kB
Active:           357724 kB
Mem:          3.8G       3.7G       131M       5.7M        28M       3.2G

MemTotal:        4016004 kB
MemFree:          135344 kB
Active:           357692 kB
Mem:          3.8G       3.7G       131M       5.7M        28M       3.2G

MemTotal:        4016004 kB
MemFree:          135596 kB
Active:           357736 kB
Mem:          3.8G       3.7G       132M       5.7M        28M       3.2G

MemTotal:        4016004 kB
MemFree:          135504 kB
Active:           357744 kB
Mem:          3.8G       3.7G       132M       5.7M        28M       3.2G

MemTotal:        4016004 kB
MemFree:          135380 kB
Active:           357732 kB
Mem:          3.8G       3.7G       131M       5.7M        28M       3.2G

MemTotal:        4016004 kB
MemFree:          135256 kB
Active:           357740 kB
Mem:          3.8G       3.7G       132M       5.7M        28M       3.2G

MemTotal:        4016004 kB
MemFree:          135504 kB
Active:           357744 kB
Mem:          3.8G       3.7G       131M       5.7M        28M       3.2G

MemTotal:        4016004 kB
MemFree:          135380 kB
Active:           357744 kB
Mem:          3.8G       3.7G       131M       5.7M        28M       3.2G

MemTotal:        4016004 kB
MemFree:          135380 kB
Active:           357740 kB
Mem:          3.8G       3.7G       132M       5.7M        28M       3.2G

MemTotal:        4016004 kB
MemFree:          135256 kB
Active:           357748 kB
Mem:          3.8G       3.7G       132M       5.7M        28M       3.2G

MemTotal:        4016004 kB
MemFree:          135380 kB
Active:           357736 kB
Mem:          3.8G       3.7G       131M       5.7M        28M       3.2G

MemTotal:        4016004 kB
MemFree:          135380 kB
Active:           357740 kB
Mem:          3.8G       3.7G       132M       5.7M        28M       3.2G

MemTotal:        4016004 kB
MemFree:          135628 kB
Active:           357700 kB
Mem:          3.8G       3.7G       132M       5.7M        28M       3.2G

MemTotal:        4016004 kB
MemFree:          135628 kB
Active:           357744 kB
Mem:          3.8G       3.7G       132M       5.7M        28M       3.2G

MemTotal:        4016004 kB
MemFree:          135504 kB
Active:           357732 kB
Mem:          3.8G       3.7G       132M       5.7M        28M       3.2G

MemTotal:        4016004 kB
MemFree:          135132 kB
Active:           357752 kB
Mem:          3.8G       3.7G       131M       5.7M        28M       3.2G

MemTotal:        4016004 kB
MemFree:          135256 kB
Active:           357748 kB
Mem:          3.8G       3.7G       132M       5.7M        28M       3.2G

MemTotal:        4016004 kB
MemFree:          135752 kB
Active:           357748 kB
Mem:          3.8G       3.7G       132M       5.7M        28M       3.2G

MemTotal:        4016004 kB
MemFree:          135752 kB
Active:           357744 kB
Mem:          3.8G       3.7G       132M       5.7M        28M       3.2G

MemTotal:        4016004 kB
MemFree:          135380 kB
Active:           357756 kB
Mem:          3.8G       3.7G       132M       5.7M        28M       3.2G

MemTotal:        4016004 kB
MemFree:          135380 kB
Active:           357752 kB
Mem:          3.8G       3.7G       132M       5.7M        28M       3.2G

MemTotal:        4016004 kB
MemFree:          135380 kB
Active:           357744 kB
Mem:          3.8G       3.7G       132M       5.7M        28M       3.2G

MemTotal:        4016004 kB
MemFree:          135504 kB
Active:           357748 kB
Mem:          3.8G       3.7G       131M       5.7M        28M       3.2G

MemTotal:        4016004 kB
MemFree:          135256 kB
Active:           357720 kB
Mem:          3.8G       3.7G       131M       5.7M        28M       3.2G

MemTotal:        4016004 kB
MemFree:          135256 kB
Active:           357764 kB
Mem:          3.8G       3.7G       131M       5.7M        28M       3.2G

MemTotal:        4016004 kB
MemFree:          135380 kB
Active:           357768 kB
Mem:          3.8G       3.7G       132M       5.7M        28M       3.2G

MemTotal:        4016004 kB
MemFree:          135504 kB
Active:           357768 kB
Mem:          3.8G       3.7G       132M       5.7M        28M       3.2G

MemTotal:        4016004 kB
MemFree:          135504 kB
Active:           357768 kB
Mem:          3.8G       3.7G       131M       5.7M        28M       3.2G

MemTotal:        4016004 kB
MemFree:          135008 kB
Active:           357724 kB
Mem:          3.8G       3.7G       131M       5.7M        28M       3.2G

MemTotal:        4016004 kB
MemFree:          135380 kB
Active:           357768 kB
Mem:          3.8G       3.7G       131M       5.7M        28M       3.2G

MemTotal:        4016004 kB
MemFree:          135256 kB
Active:           357780 kB
Mem:          3.8G       3.7G       131M       5.7M        28M       3.2G

MemTotal:        4016004 kB
MemFree:          135256 kB
Active:           357732 kB
Mem:          3.8G       3.7G       131M       5.7M        28M       3.2G

MemTotal:        4016004 kB
MemFree:          135256 kB
Active:           357728 kB
Mem:          3.8G       3.7G       131M       5.7M        28M       3.2G

MemTotal:        4016004 kB
MemFree:          135256 kB
Active:           357780 kB
Mem:          3.8G       3.7G       131M       5.7M        28M       3.2G

MemTotal:        4016004 kB
MemFree:          135132 kB
Active:           357792 kB
Mem:          3.8G       3.7G       131M       5.7M        28M       3.2G

MemTotal:        4016004 kB
MemFree:          135132 kB
Active:           357792 kB
Mem:          3.8G       3.7G       131M       5.7M        28M       3.2G

MemTotal:        4016004 kB
MemFree:          135752 kB
Active:           357784 kB
Mem:          3.8G       3.7G       132M       5.7M        28M       3.2G

MemTotal:        4016004 kB
MemFree:          135752 kB
Active:           357788 kB
Mem:          3.8G       3.7G       132M       5.7M        28M       3.2G

MemTotal:        4016004 kB
MemFree:          135256 kB
Active:           357792 kB
Mem:          3.8G       3.7G       132M       5.7M        28M       3.2G

MemTotal:        4016004 kB
MemFree:          135628 kB
Active:           357784 kB
Mem:          3.8G       3.7G       132M       5.7M        28M       3.2G

MemTotal:        4016004 kB
MemFree:          135628 kB
Active:           357784 kB
Mem:          3.8G       3.7G       132M       5.7M        28M       3.2G

MemTotal:        4016004 kB
MemFree:          135628 kB
Active:           357800 kB
Mem:          3.8G       3.7G       132M       5.7M        28M       3.2G

MemTotal:        4016004 kB
MemFree:          135008 kB
Active:           357804 kB
Mem:          3.8G       3.7G       131M       5.7M        28M       3.2G

MemTotal:        4016004 kB
MemFree:          135256 kB
Active:           357756 kB
Mem:          3.8G       3.7G       131M       5.7M        28M       3.2G

MemTotal:        4016004 kB
MemFree:          135504 kB
Active:           357804 kB
Mem:          3.8G       3.7G       132M       5.7M        28M       3.2G

MemTotal:        4016004 kB
MemFree:          135504 kB
Active:           357760 kB
Mem:          3.8G       3.7G       132M       5.7M        28M       3.2G

MemTotal:        4016004 kB
MemFree:          135504 kB
Active:           357768 kB
Mem:          3.8G       3.7G       131M       5.7M        28M       3.2G

MemTotal:        4016004 kB
MemFree:          135380 kB
Active:           357812 kB
Mem:          3.8G       3.7G       131M       5.7M        28M       3.2G

MemTotal:        4016004 kB
MemFree:          135504 kB
Active:           357812 kB
Mem:          3.8G       3.7G       132M       5.7M        28M       3.2G

MemTotal:        4016004 kB
MemFree:          135504 kB
Active:           357808 kB
Mem:          3.8G       3.7G       131M       5.7M        28M       3.2G

MemTotal:        4016004 kB
MemFree:          135380 kB
Active:           357812 kB
Mem:          3.8G       3.7G       132M       5.7M        28M       3.2G

MemTotal:        4016004 kB
MemFree:          135504 kB
Active:           357768 kB
Mem:          3.8G       3.7G       131M       5.7M        28M       3.2G

MemTotal:        4016004 kB
MemFree:          135256 kB
Active:           357816 kB
Mem:          3.8G       3.7G       131M       5.7M        28M       3.2G

MemTotal:        4016004 kB
MemFree:          135380 kB
Active:           357808 kB
Mem:          3.8G       3.7G       132M       5.7M        28M       3.2G

MemTotal:        4016004 kB
MemFree:          135504 kB
Active:           357764 kB
Mem:          3.8G       3.7G       132M       5.7M        28M       3.2G

MemTotal:        4016004 kB
MemFree:          135504 kB
Active:           357780 kB
Mem:          3.8G       3.7G       132M       5.7M        28M       3.2G

MemTotal:        4016004 kB
MemFree:          135132 kB
Active:           357828 kB
Mem:          3.8G       3.7G       131M       5.7M        28M       3.2G

MemTotal:        4016004 kB
MemFree:          135132 kB
Active:           357828 kB
Mem:          3.8G       3.7G       131M       5.7M        28M       3.2G

MemTotal:        4016004 kB
MemFree:          135380 kB
Active:           357824 kB
Mem:          3.8G       3.7G       132M       5.7M        28M       3.2G

MemTotal:        4016004 kB
MemFree:          135132 kB
Active:           357772 kB
Mem:          3.8G       3.7G       131M       5.7M        28M       3.2G

MemTotal:        4016004 kB
MemFree:          135132 kB
Active:           357788 kB
Mem:          3.8G       3.7G       131M       5.7M        28M       3.2G

MemTotal:        4016004 kB
MemFree:          134884 kB
Active:           357836 kB
Mem:          3.8G       3.7G       131M       5.7M        28M       3.2G

MemTotal:        4016004 kB
MemFree:          135256 kB
Active:           357784 kB
Mem:          3.8G       3.7G       132M       5.7M        28M       3.2G

MemTotal:        4016004 kB
MemFree:          135504 kB
Active:           357812 kB
Mem:          3.8G       3.7G       132M       5.7M        28M       3.2G

MemTotal:        4016004 kB
MemFree:          135380 kB
Active:           357788 kB
Mem:          3.8G       3.7G       131M       5.7M        28M       3.2G

MemTotal:        4016004 kB
MemFree:          135380 kB
Active:           357788 kB
Mem:          3.8G       3.7G       132M       5.7M        28M       3.2G

MemTotal:        4016004 kB
MemFree:          135380 kB
Active:           357812 kB
Mem:          3.8G       3.7G       131M       5.7M        28M       3.2G

MemTotal:        4016004 kB
MemFree:          135132 kB
Active:           357836 kB
Mem:          3.8G       3.7G       131M       5.7M        28M       3.2G

MemTotal:        4016004 kB
MemFree:          135256 kB
Active:           357788 kB
Mem:          3.8G       3.7G       131M       5.7M        28M       3.2G

MemTotal:        4016004 kB
MemFree:          134884 kB
Active:           357844 kB
Mem:          3.8G       3.7G       131M       5.7M        28M       3.2G

MemTotal:        4016004 kB
MemFree:          134760 kB
Active:           357836 kB
Mem:          3.8G       3.7G       131M       5.7M        28M       3.2G

MemTotal:        4016004 kB
MemFree:          135008 kB
Active:           357840 kB
Mem:          3.8G       3.7G       131M       5.7M        28M       3.2G

MemTotal:        4016004 kB
MemFree:          135008 kB
Active:           357840 kB
Mem:          3.8G       3.7G       131M       5.7M        28M       3.2G

MemTotal:        4016004 kB
MemFree:          134636 kB
Active:           357844 kB
Mem:          3.8G       3.7G       131M       5.7M        28M       3.2G

MemTotal:        4016004 kB
MemFree:          134760 kB
Active:           357840 kB
Mem:          3.8G       3.7G       131M       5.7M        28M       3.2G

MemTotal:        4016004 kB
MemFree:          134884 kB
Active:           357852 kB
Mem:          3.8G       3.7G       131M       5.7M        28M       3.2G

MemTotal:        4016004 kB
MemFree:          135256 kB
Active:           357808 kB
Mem:          3.8G       3.7G       131M       5.7M        28M       3.2G

MemTotal:        4016004 kB
MemFree:          134760 kB
Active:           357860 kB
Mem:          3.8G       3.7G       131M       5.7M        28M       3.2G

MemTotal:        4016004 kB
MemFree:          135380 kB
Active:           357856 kB
Mem:          3.8G       3.7G       132M       5.7M        28M       3.2G

MemTotal:        4016004 kB
MemFree:          135628 kB
Active:           357808 kB
Mem:          3.8G       3.7G       132M       5.7M        28M       3.2G

MemTotal:        4016004 kB
MemFree:          135628 kB
Active:           357812 kB
Mem:          3.8G       3.7G       131M       5.7M        28M       3.2G

MemTotal:        4016004 kB
MemFree:          135504 kB
Active:           357872 kB
Mem:          3.8G       3.7G       132M       5.7M        28M       3.2G

MemTotal:        4016004 kB
MemFree:          135504 kB
Active:           357876 kB
Mem:          3.8G       3.7G       132M       5.7M        28M       3.2G

MemTotal:        4016004 kB
MemFree:          135504 kB
Active:           357868 kB
Mem:          3.8G       3.7G       132M       5.7M        28M       3.2G

MemTotal:        4016004 kB
MemFree:          135008 kB
Active:           357880 kB
Mem:          3.8G       3.7G       131M       5.7M        28M       3.2G

MemTotal:        4016004 kB
MemFree:          135132 kB
Active:           357836 kB
Mem:          3.8G       3.7G       131M       5.7M        28M       3.2G

MemTotal:        4016004 kB
MemFree:          135132 kB
Active:           357884 kB
Mem:          3.8G       3.7G       131M       5.7M        28M       3.2G

MemTotal:        4016004 kB
MemFree:          135380 kB
Active:           357884 kB
Mem:          3.8G       3.7G       131M       5.7M        28M       3.2G

MemTotal:        4016004 kB
MemFree:          135256 kB
Active:           357892 kB
Mem:          3.8G       3.7G       131M       5.7M        28M       3.2G

MemTotal:        4016004 kB
MemFree:          134884 kB
Active:           357896 kB
Mem:          3.8G       3.7G       131M       5.7M        28M       3.2G

MemTotal:        4016004 kB
MemFree:          135256 kB
Active:           357896 kB
Mem:          3.8G       3.7G       131M       5.7M        28M       3.2G

MemTotal:        4016004 kB
MemFree:          135132 kB
Active:           357896 kB
Mem:          3.8G       3.7G       131M       5.7M        28M       3.2G

MemTotal:        4016004 kB
MemFree:          134884 kB
Active:           357908 kB
Mem:          3.8G       3.7G       131M       5.7M        28M       3.2G

MemTotal:        4016004 kB
MemFree:          134884 kB
Active:           357852 kB
Mem:          3.8G       3.7G       131M       5.7M        28M       3.2G

MemTotal:        4016004 kB
MemFree:          134636 kB
Active:           357908 kB
Mem:          3.8G       3.7G       131M       5.7M        28M       3.2G

MemTotal:        4016004 kB
MemFree:          135380 kB
Active:           357852 kB
Mem:          3.8G       3.7G       131M       5.7M        28M       3.2G

MemTotal:        4016004 kB
MemFree:          134884 kB
Active:           357908 kB
Mem:          3.8G       3.7G       131M       5.7M        28M       3.2G

MemTotal:        4016004 kB
MemFree:          135008 kB
Active:           357904 kB
Mem:          3.8G       3.7G       131M       5.7M        28M       3.2G

MemTotal:        4016004 kB
MemFree:          135132 kB
Active:           357916 kB
Mem:          3.8G       3.7G       131M       5.7M        28M       3.2G

MemTotal:        4016004 kB
MemFree:          135256 kB
Active:           357912 kB
Mem:          3.8G       3.7G       131M       5.7M        28M       3.2G

MemTotal:        4016004 kB
MemFree:          135008 kB
Active:           357864 kB
Mem:          3.8G       3.7G       131M       5.7M        28M       3.2G

MemTotal:        4016004 kB
MemFree:          134760 kB
Active:           357916 kB
Mem:          3.8G       3.7G       131M       5.7M        28M       3.2G

MemTotal:        4016004 kB
MemFree:          135008 kB
Active:           357864 kB
Mem:          3.8G       3.7G       131M       5.7M        28M       3.2G

MemTotal:        4016004 kB
MemFree:          135008 kB
Active:           357916 kB
Mem:          3.8G       3.7G       131M       5.7M        28M       3.2G

MemTotal:        4016004 kB
MemFree:          135256 kB
Active:           357896 kB
Mem:          3.8G       3.7G       131M       5.7M        28M       3.2G

MemTotal:        4016004 kB
MemFree:          134760 kB
Active:           357928 kB
Mem:          3.8G       3.7G       131M       5.7M        28M       3.2G

MemTotal:        4016004 kB
MemFree:          134992 kB
Active:           357936 kB
Mem:          3.8G       3.7G       131M       5.7M        28M       3.2G

MemTotal:        4016004 kB
MemFree:          134868 kB
Active:           357960 kB
Mem:          3.8G       3.7G       131M       5.7M        28M       3.2G

MemTotal:        4016004 kB
MemFree:          134744 kB
Active:           358184 kB
Mem:          3.8G       3.7G       131M       5.7M        28M       3.2G

MemTotal:        4016004 kB
MemFree:          134496 kB
Active:           357988 kB
Mem:          3.8G       3.7G       131M       5.7M        28M       3.2G

MemTotal:        4016004 kB
MemFree:          134992 kB
Active:           357932 kB
Mem:          3.8G       3.7G       131M       5.7M        28M       3.2G

MemTotal:        4016004 kB
MemFree:          134992 kB
Active:           357992 kB
Mem:          3.8G       3.7G       131M       5.7M        28M       3.2G

MemTotal:        4016004 kB
MemFree:          135240 kB
Active:           357948 kB
Mem:          3.8G       3.7G       131M       5.7M        28M       3.2G

MemTotal:        4016004 kB
MemFree:          135240 kB
Active:           357948 kB
Mem:          3.8G       3.7G       131M       5.7M        28M       3.2G

MemTotal:        4016004 kB
MemFree:          135240 kB
Active:           357996 kB
Mem:          3.8G       3.7G       131M       5.7M        28M       3.2G

MemTotal:        4016004 kB
MemFree:          134868 kB
Active:           358000 kB
Mem:          3.8G       3.7G       131M       5.7M        28M       3.2G

MemTotal:        4016004 kB
MemFree:          135364 kB
Active:           357992 kB
Mem:          3.8G       3.7G       131M       5.7M        28M       3.2G

MemTotal:        4016004 kB
MemFree:          135240 kB
Active:           357976 kB
Mem:          3.8G       3.7G       131M       5.7M        28M       3.2G

MemTotal:        4016004 kB
MemFree:          135240 kB
Active:           358004 kB
Mem:          3.8G       3.7G       132M       5.7M        28M       3.2G

MemTotal:        4016004 kB
MemFree:          134620 kB
Active:           358012 kB
Mem:          3.8G       3.7G       131M       5.7M        28M       3.2G

MemTotal:        4016004 kB
MemFree:          134992 kB
Active:           357996 kB
Mem:          3.8G       3.7G       131M       5.7M        28M       3.2G

MemTotal:        4016004 kB
MemFree:          134992 kB
Active:           357956 kB
Mem:          3.8G       3.7G       131M       5.7M        28M       3.2G

MemTotal:        4016004 kB
MemFree:          134992 kB
Active:           358004 kB
Mem:          3.8G       3.7G       131M       5.7M        28M       3.2G

MemTotal:        4016004 kB
MemFree:          134868 kB
Active:           358008 kB
Mem:          3.8G       3.7G       131M       5.7M        28M       3.2G

MemTotal:        4016004 kB
MemFree:          134620 kB
Active:           358020 kB
Mem:          3.8G       3.7G       131M       5.7M        28M       3.2G

MemTotal:        4016004 kB
MemFree:          134512 kB
Active:           358004 kB
Mem:          3.8G       3.7G       130M       5.7M        28M       3.2G

MemTotal:        4016004 kB
MemFree:          134760 kB
Active:           358016 kB
Mem:          3.8G       3.7G       131M       5.7M        28M       3.2G

MemTotal:        4016004 kB
MemFree:          134512 kB
Active:           358008 kB
Mem:          3.8G       3.7G       131M       5.7M        28M       3.2G

MemTotal:        4016004 kB
MemFree:          134388 kB
Active:           358020 kB
Mem:          3.8G       3.7G       131M       5.7M        28M       3.2G

MemTotal:        4016004 kB
MemFree:          134760 kB
Active:           358016 kB
Mem:          3.8G       3.7G       131M       5.7M        28M       3.2G

MemTotal:        4016004 kB
MemFree:          134636 kB
Active:           358012 kB
Mem:          3.8G       3.7G       131M       5.7M        28M       3.2G

MemTotal:        4016004 kB
MemFree:          134388 kB
Active:           358024 kB
Mem:          3.8G       3.7G       131M       5.7M        28M       3.2G

MemTotal:        4016004 kB
MemFree:          132464 kB
Active:           357988 kB
Mem:          3.8G       3.7G       129M       5.7M        28M       3.2G

MemTotal:        4016004 kB
MemFree:          132712 kB
Active:           360048 kB
Mem:          3.8G       3.7G       129M       5.7M        28M       3.2G

MemTotal:        4016004 kB
MemFree:          132340 kB
Active:           360060 kB
Mem:          3.8G       3.7G       129M       5.7M        28M       3.2G

MemTotal:        4016004 kB
MemFree:          132960 kB
Active:           360056 kB
Mem:          3.8G       3.7G       129M       5.7M        28M       3.2G

MemTotal:        4016004 kB
MemFree:          133208 kB
Active:           360012 kB
Mem:          3.8G       3.7G       129M       5.7M        28M       3.2G

MemTotal:        4016004 kB
MemFree:          133084 kB
Active:           360016 kB
Mem:          3.8G       3.7G       129M       5.7M        28M       3.2G

MemTotal:        4016004 kB
MemFree:          132836 kB
Active:           360068 kB
Mem:          3.8G       3.7G       129M       5.7M        28M       3.2G

MemTotal:        4016004 kB
MemFree:          132960 kB
Active:           360020 kB
Mem:          3.8G       3.7G       129M       5.7M        28M       3.2G

MemTotal:        4016004 kB
MemFree:          133208 kB
Active:           360060 kB
Mem:          3.8G       3.7G       129M       5.7M        28M       3.2G

MemTotal:        4016004 kB
MemFree:          132712 kB
Active:           360060 kB
Mem:          3.8G       3.7G       129M       5.7M        28M       3.2G

MemTotal:        4016004 kB
MemFree:          132340 kB
Active:           360068 kB
Mem:          3.8G       3.7G       129M       5.7M        28M       3.2G

MemTotal:        4016004 kB
MemFree:          132340 kB
Active:           360080 kB
Mem:          3.8G       3.7G       129M       5.7M        28M       3.2G

MemTotal:        4016004 kB
MemFree:          132712 kB
Active:           360032 kB
Mem:          3.8G       3.7G       129M       5.7M        28M       3.2G

MemTotal:        4016004 kB
MemFree:          132712 kB
Active:           360028 kB
Mem:          3.8G       3.7G       129M       5.7M        28M       3.2G

MemTotal:        4016004 kB
MemFree:          132340 kB
Active:           360084 kB
Mem:          3.8G       3.7G       129M       5.7M        28M       3.2G

MemTotal:        4016004 kB
MemFree:          132712 kB
Active:           360040 kB
Mem:          3.8G       3.7G       129M       5.7M        28M       3.2G

MemTotal:        4016004 kB
MemFree:          132712 kB
Active:           360028 kB
Mem:          3.8G       3.7G       129M       5.7M        28M       3.2G

MemTotal:        4016004 kB
MemFree:          132216 kB
Active:           360092 kB
Mem:          3.8G       3.7G       129M       5.7M        28M       3.2G

MemTotal:        4016004 kB
MemFree:          132836 kB
Active:           360036 kB
Mem:          3.8G       3.7G       129M       5.7M        28M       3.2G

MemTotal:        4016004 kB
MemFree:          132712 kB
Active:           360084 kB
Mem:          3.8G       3.7G       129M       5.7M        28M       3.2G

MemTotal:        4016004 kB
MemFree:          132588 kB
Active:           360076 kB
Mem:          3.8G       3.7G       129M       5.7M        28M       3.2G

MemTotal:        4016004 kB
MemFree:          132588 kB
Active:           360084 kB
Mem:          3.8G       3.7G       129M       5.7M        28M       3.2G

MemTotal:        4016004 kB
MemFree:          132712 kB
Active:           360080 kB
Mem:          3.8G       3.7G       129M       5.7M        28M       3.2G

MemTotal:        4016004 kB
MemFree:          132588 kB
Active:           360084 kB
Mem:          3.8G       3.7G       129M       5.7M        28M       3.2G

MemTotal:        4016004 kB
MemFree:          132712 kB
Active:           360084 kB
Mem:          3.8G       3.7G       129M       5.7M        28M       3.2G

MemTotal:        4016004 kB
MemFree:          132588 kB
Active:           360076 kB
Mem:          3.8G       3.7G       129M       5.7M        28M       3.2G

MemTotal:        4016004 kB
MemFree:          132464 kB
Active:           360088 kB
Mem:          3.8G       3.7G       129M       5.7M        28M       3.2G

MemTotal:        4016004 kB
MemFree:          132712 kB
Active:           360100 kB
Mem:          3.8G       3.7G       129M       5.7M        28M       3.2G

MemTotal:        4016004 kB
MemFree:          132588 kB
Active:           360092 kB
Mem:          3.8G       3.7G       129M       5.7M        28M       3.2G

MemTotal:        4016004 kB
MemFree:          132712 kB
Active:           360076 kB
Mem:          3.8G       3.7G       129M       5.7M        28M       3.2G

MemTotal:        4016004 kB
MemFree:          132588 kB
Active:           360088 kB
Mem:          3.8G       3.7G       129M       5.7M        28M       3.2G

MemTotal:        4016004 kB
MemFree:          132588 kB
Active:           360096 kB
Mem:          3.8G       3.7G       129M       5.7M        28M       3.2G

MemTotal:        4016004 kB
MemFree:          132588 kB
Active:           360104 kB
Mem:          3.8G       3.7G       129M       5.7M        28M       3.2G

MemTotal:        4016004 kB
MemFree:          132588 kB
Active:           360100 kB
Mem:          3.8G       3.7G       128M       5.7M        28M       3.2G

MemTotal:        4016004 kB
MemFree:          132216 kB
Active:           360112 kB
Mem:          3.8G       3.7G       129M       5.7M        28M       3.2G

MemTotal:        4016004 kB
MemFree:          132340 kB
Active:           360112 kB
Mem:          3.8G       3.7G       129M       5.7M        28M       3.2G

MemTotal:        4016004 kB
MemFree:          132464 kB
Active:           360096 kB
Mem:          3.8G       3.7G       129M       5.7M        28M       3.2G

MemTotal:        4016004 kB
MemFree:          132588 kB
Active:           360108 kB
Mem:          3.8G       3.7G       129M       5.7M        28M       3.2G

MemTotal:        4016004 kB
MemFree:          132712 kB
Active:           360108 kB
Mem:          3.8G       3.7G       129M       5.7M        28M       3.2G

MemTotal:        4016004 kB
MemFree:          132712 kB
Active:           360108 kB
Mem:          3.8G       3.7G       129M       5.7M        28M       3.2G

MemTotal:        4016004 kB
MemFree:          132712 kB
Active:           360104 kB
Mem:          3.8G       3.7G       129M       5.7M        28M       3.2G

MemTotal:        4016004 kB
MemFree:          132340 kB
Active:           360128 kB
Mem:          3.8G       3.7G       129M       5.7M        28M       3.2G

MemTotal:        4016004 kB
MemFree:          132340 kB
Active:           360128 kB
Mem:          3.8G       3.7G       129M       5.7M        28M       3.2G

MemTotal:        4016004 kB
MemFree:          132588 kB
Active:           360120 kB
Mem:          3.8G       3.7G       129M       5.7M        28M       3.2G

MemTotal:        4016004 kB
MemFree:          132464 kB
Active:           360072 kB
Mem:          3.8G       3.7G       128M       5.7M        28M       3.2G

MemTotal:        4016004 kB
MemFree:          132216 kB
Active:           360132 kB
Mem:          3.8G       3.7G       129M       5.7M        28M       3.2G

MemTotal:        4016004 kB
MemFree:          132216 kB
Active:           360140 kB
Mem:          3.8G       3.7G       129M       5.7M        28M       3.2G

MemTotal:        4016004 kB
MemFree:          132464 kB
Active:           360132 kB
Mem:          3.8G       3.7G       128M       5.7M        28M       3.2G

MemTotal:        4016004 kB
MemFree:          132464 kB
Active:           360132 kB
Mem:          3.8G       3.7G       129M       5.7M        28M       3.2G

MemTotal:        4016004 kB
MemFree:          132340 kB
Active:           360096 kB
Mem:          3.8G       3.7G       128M       5.7M        28M       3.2G

MemTotal:        4016004 kB
MemFree:          132340 kB
Active:           360104 kB
Mem:          3.8G       3.7G       128M       5.7M        28M       3.2G

MemTotal:        4016004 kB
MemFree:          132464 kB
Active:           360140 kB
Mem:          3.8G       3.7G       129M       5.7M        28M       3.2G

MemTotal:        4016004 kB
MemFree:          132216 kB
Active:           360152 kB
Mem:          3.8G       3.7G       129M       5.7M        28M       3.2G

MemTotal:        4016004 kB
MemFree:          132588 kB
Active:           360104 kB
Mem:          3.8G       3.7G       129M       5.7M        28M       3.2G

MemTotal:        4016004 kB
MemFree:          133084 kB
Active:           360116 kB
Mem:          3.8G       3.7G       129M       5.7M        28M       3.2G

MemTotal:        4016004 kB
MemFree:          132960 kB
Active:           360096 kB
Mem:          3.8G       3.7G       129M       5.7M        28M       3.2G

MemTotal:        4016004 kB
MemFree:          132464 kB
Active:           360152 kB
Mem:          3.8G       3.7G       129M       5.7M        28M       3.2G

MemTotal:        4016004 kB
MemFree:          132960 kB
Active:           360148 kB
Mem:          3.8G       3.7G       129M       5.7M        28M       3.2G

MemTotal:        4016004 kB
MemFree:          133084 kB
Active:           360144 kB
Mem:          3.8G       3.7G       129M       5.7M        28M       3.2G

MemTotal:        4016004 kB
MemFree:          132836 kB
Active:           360156 kB
Mem:          3.8G       3.7G       129M       5.7M        28M       3.2G

MemTotal:        4016004 kB
MemFree:          132712 kB
Active:           360128 kB
Mem:          3.8G       3.7G       129M       5.7M        28M       3.2G

MemTotal:        4016004 kB
MemFree:          132588 kB
Active:           360152 kB
Mem:          3.8G       3.7G       129M       5.7M        28M       3.2G

MemTotal:        4016004 kB
MemFree:          132588 kB
Active:           360156 kB
Mem:          3.8G       3.7G       129M       5.7M        28M       3.2G

MemTotal:        4016004 kB
MemFree:          132464 kB
Active:           360160 kB
Mem:          3.8G       3.7G       128M       5.7M        28M       3.2G

MemTotal:        4016004 kB
MemFree:          132092 kB
Active:           360172 kB
Mem:          3.8G       3.7G       128M       5.7M        28M       3.2G

MemTotal:        4016004 kB
MemFree:          132216 kB
Active:           360120 kB
Mem:          3.8G       3.7G       129M       5.7M        28M       3.2G

MemTotal:        4016004 kB
MemFree:          132092 kB
Active:           360172 kB
Mem:          3.8G       3.7G       128M       5.7M        28M       3.2G

MemTotal:        4016004 kB
MemFree:          132464 kB
Active:           360116 kB
Mem:          3.8G       3.7G       129M       5.7M        28M       3.2G

MemTotal:        4016004 kB
MemFree:          132588 kB
Active:           360176 kB
Mem:          3.8G       3.7G       129M       5.7M        28M       3.2G

MemTotal:        4016004 kB
MemFree:          132340 kB
Active:           360180 kB
Mem:          3.8G       3.7G       129M       5.7M        28M       3.2G

MemTotal:        4016004 kB
MemFree:          132464 kB
Active:           360176 kB
Mem:          3.8G       3.7G       129M       5.7M        28M       3.2G

MemTotal:        4016004 kB
MemFree:          132216 kB
Active:           360184 kB
Mem:          3.8G       3.7G       129M       5.7M        28M       3.2G

MemTotal:        4016004 kB
MemFree:          132340 kB
Active:           360180 kB
Mem:          3.8G       3.7G       128M       5.7M        28M       3.2G

MemTotal:        4016004 kB
MemFree:          132464 kB
Active:           360180 kB
Mem:          3.8G       3.7G       129M       5.7M        28M       3.2G

MemTotal:        4016004 kB
MemFree:          132588 kB
Active:           360180 kB
Mem:          3.8G       3.7G       129M       5.7M        28M       3.2G

MemTotal:        4016004 kB
MemFree:          132588 kB
Active:           360164 kB
Mem:          3.8G       3.7G       128M       5.7M        28M       3.2G

MemTotal:        4016004 kB
MemFree:          132588 kB
Active:           360196 kB
Mem:          3.8G       3.7G       129M       5.7M        28M       3.2G

MemTotal:        4016004 kB
MemFree:          132216 kB
Active:           360196 kB
Mem:          3.8G       3.7G       129M       5.7M        28M       3.2G

MemTotal:        4016004 kB
MemFree:          132572 kB
Active:           360188 kB
Mem:          3.8G       3.7G       129M       5.7M        28M       3.2G

MemTotal:        4016004 kB
MemFree:          131876 kB
Active:           360284 kB
Mem:          3.8G       3.7G       128M       5.7M        28M       3.2G

MemTotal:        4016004 kB
MemFree:          131968 kB
Active:           360292 kB
Mem:          3.8G       3.7G       128M       5.7M        28M       3.2G

MemTotal:        4016004 kB
MemFree:          132092 kB
Active:           360304 kB
Mem:          3.8G       3.7G       128M       5.7M        28M       3.2G

MemTotal:        4016004 kB
MemFree:          132092 kB
Active:           360308 kB
Mem:          3.8G       3.7G       128M       5.7M        28M       3.2G

MemTotal:        4016004 kB
MemFree:          132216 kB
Active:           360300 kB
Mem:          3.8G       3.7G       128M       5.7M        28M       3.2G

MemTotal:        4016004 kB
MemFree:          132216 kB
Active:           360300 kB
Mem:          3.8G       3.7G       128M       5.7M        28M       3.2G

MemTotal:        4016004 kB
MemFree:          132092 kB
Active:           360292 kB
Mem:          3.8G       3.7G       128M       5.7M        28M       3.2G

MemTotal:        4016004 kB
MemFree:          132216 kB
Active:           360304 kB
Mem:          3.8G       3.7G       128M       5.7M        28M       3.2G

MemTotal:        4016004 kB
MemFree:          132216 kB
Active:           360300 kB
Mem:          3.8G       3.7G       128M       5.7M        28M       3.2G

MemTotal:        4016004 kB
MemFree:          132092 kB
Active:           360300 kB
Mem:          3.8G       3.7G       128M       5.7M        28M       3.2G

MemTotal:        4016004 kB
MemFree:          132216 kB
Active:           360296 kB
Mem:          3.8G       3.7G       128M       5.7M        28M       3.2G

MemTotal:        4016004 kB
MemFree:          132216 kB
Active:           360308 kB
Mem:          3.8G       3.7G       128M       5.7M        28M       3.2G

MemTotal:        4016004 kB
MemFree:          132092 kB
Active:           360308 kB
Mem:          3.8G       3.7G       128M       5.7M        28M       3.2G

MemTotal:        4016004 kB
MemFree:          132092 kB
Active:           360300 kB
Mem:          3.8G       3.7G       128M       5.7M        28M       3.2G

MemTotal:        4016004 kB
MemFree:          131844 kB
Active:           360304 kB
Mem:          3.8G       3.7G       128M       5.7M        28M       3.2G

MemTotal:        4016004 kB
MemFree:          131992 kB
Active:           360300 kB
Mem:          3.8G       3.7G       129M       5.7M        28M       3.2G

MemTotal:        4016004 kB
MemFree:          132388 kB
Active:           360112 kB
Mem:          3.8G       3.7G       129M       5.7M        28M       3.2G

MemTotal:        4016004 kB
MemFree:          132016 kB
Active:           360120 kB
Mem:          3.8G       3.7G       128M       5.7M        28M       3.2G

MemTotal:        4016004 kB
MemFree:          132140 kB
Active:           360112 kB
Mem:          3.8G       3.7G       129M       5.7M        28M       3.2G

MemTotal:        4016004 kB
MemFree:          132016 kB
Active:           360116 kB
Mem:          3.8G       3.7G       128M       5.7M        28M       3.2G

MemTotal:        4016004 kB
MemFree:          132140 kB
Active:           360080 kB
Mem:          3.8G       3.7G       128M       5.7M        28M       3.2G

MemTotal:        4016004 kB
MemFree:          131892 kB
Active:           360124 kB
Mem:          3.8G       3.7G       129M       5.7M        28M       3.2G

MemTotal:        4016004 kB
MemFree:          132388 kB
Active:           360136 kB
Mem:          3.8G       3.7G       129M       5.7M        28M       3.2G

MemTotal:        4016004 kB
MemFree:          132636 kB
Active:           360112 kB
Mem:          3.8G       3.7G       129M       5.7M        28M       3.2G

MemTotal:        4016004 kB
MemFree:          132264 kB
Active:           360140 kB
Mem:          3.8G       3.7G       129M       5.7M        28M       3.2G

MemTotal:        4016004 kB
MemFree:          132140 kB
Active:           360132 kB
Mem:          3.8G       3.7G       129M       5.7M        28M       3.2G

MemTotal:        4016004 kB
MemFree:          132388 kB
Active:           360096 kB
Mem:          3.8G       3.7G       129M       5.7M        28M       3.2G

MemTotal:        4016004 kB
MemFree:          132388 kB
Active:           360116 kB
Mem:          3.8G       3.7G       129M       5.7M        28M       3.2G

MemTotal:        4016004 kB
MemFree:          132884 kB
Active:           360100 kB
Mem:          3.8G       3.7G       129M       5.7M        28M       3.2G

MemTotal:        4016004 kB
MemFree:          132636 kB
Active:           360104 kB
Mem:          3.8G       3.7G       129M       5.7M        28M       3.2G

MemTotal:        4016004 kB
MemFree:          132636 kB
Active:           360132 kB
Mem:          3.8G       3.7G       129M       5.7M        28M       3.2G

MemTotal:        4016004 kB
MemFree:          132512 kB
Active:           360112 kB
Mem:          3.8G       3.7G       129M       5.7M        28M       3.2G

MemTotal:        4016004 kB
MemFree:          132140 kB
Active:           360152 kB
Mem:          3.8G       3.7G       129M       5.7M        28M       3.2G

MemTotal:        4016004 kB
MemFree:          132264 kB
Active:           360120 kB
Mem:          3.8G       3.7G       129M       5.7M        28M       3.2G

MemTotal:        4016004 kB
MemFree:          132388 kB
Active:           360148 kB
Mem:          3.8G       3.7G       129M       5.7M        28M       3.2G

MemTotal:        4016004 kB
MemFree:          132388 kB
Active:           360104 kB
Mem:          3.8G       3.7G       129M       5.7M        28M       3.2G

MemTotal:        4016004 kB
MemFree:          132264 kB
Active:           360124 kB
Mem:          3.8G       3.7G       129M       5.7M        28M       3.2G

MemTotal:        4016004 kB
MemFree:          132636 kB
Active:           360112 kB
Mem:          3.8G       3.7G       129M       5.7M        28M       3.2G

MemTotal:        4016004 kB
MemFree:          132760 kB
Active:           360124 kB
Mem:          3.8G       3.7G       129M       5.7M        28M       3.2G

MemTotal:        4016004 kB
MemFree:          132884 kB
Active:           360140 kB
Mem:          3.8G       3.7G       129M       5.7M        28M       3.2G

MemTotal:        4016004 kB
MemFree:          132388 kB
Active:           360176 kB
Mem:          3.8G       3.7G       129M       5.7M        28M       3.2G

MemTotal:        4016004 kB
MemFree:          132760 kB
Active:           360152 kB
Mem:          3.8G       3.7G       129M       5.7M        28M       3.2G

MemTotal:        4016004 kB
MemFree:          132636 kB
Active:           360148 kB
Mem:          3.8G       3.7G       129M       5.7M        28M       3.2G

MemTotal:        4016004 kB
MemFree:          132636 kB
Active:           360168 kB
