MemTotal:        4016004 kB
MemFree:         3244772 kB
Active:           414576 kB
Mem:          3.8G       753M       3.1G       5.7M        54M       315M

MemTotal:        4016004 kB
MemFree:         3243308 kB
Active:           415860 kB
Mem:          3.8G       754M       3.1G       5.7M        54M       315M

MemTotal:        4016004 kB
MemFree:         3242952 kB
Active:           415988 kB
Mem:          3.8G       755M       3.1G       5.7M        54M       315M

MemTotal:        4016004 kB
MemFree:         3242828 kB
Active:           415988 kB
Mem:          3.8G       755M       3.1G       5.7M        54M       315M

MemTotal:        4016004 kB
MemFree:         3242812 kB
Active:           415988 kB
Mem:          3.8G       754M       3.1G       5.7M        54M       315M

MemTotal:        4016004 kB
MemFree:         3242796 kB
Active:           415996 kB
Mem:          3.8G       755M       3.1G       5.7M        54M       315M

MemTotal:        4016004 kB
MemFree:         3242532 kB
Active:           416036 kB
Mem:          3.8G       755M       3.1G       5.7M        54M       315M

MemTotal:        4016004 kB
MemFree:         3242624 kB
Active:           416016 kB
Mem:          3.8G       755M       3.1G       5.7M        54M       315M

MemTotal:        4016004 kB
MemFree:         3242252 kB
Active:           416040 kB
Mem:          3.8G       755M       3.1G       5.7M        54M       315M

MemTotal:        4016004 kB
MemFree:         3242500 kB
Active:           416012 kB
Mem:          3.8G       755M       3.1G       5.7M        54M       315M

MemTotal:        4016004 kB
MemFree:         3242500 kB
Active:           416024 kB
Mem:          3.8G       755M       3.1G       5.7M        54M       315M

MemTotal:        4016004 kB
MemFree:         3242004 kB
Active:           416008 kB
Mem:          3.8G       755M       3.1G       5.7M        54M       315M

MemTotal:        4016004 kB
MemFree:         3242004 kB
Active:           416056 kB
Mem:          3.8G       755M       3.1G       5.7M        54M       315M

MemTotal:        4016004 kB
MemFree:         3242376 kB
Active:           416000 kB
Mem:          3.8G       755M       3.1G       5.7M        54M       315M

MemTotal:        4016004 kB
MemFree:         3242360 kB
Active:           416004 kB
Mem:          3.8G       755M       3.1G       5.7M        54M       315M

MemTotal:        4016004 kB
MemFree:         3242236 kB
Active:           416056 kB
Mem:          3.8G       755M       3.1G       5.7M        54M       315M

MemTotal:        4016004 kB
MemFree:         3242484 kB
Active:           416012 kB
Mem:          3.8G       755M       3.1G       5.7M        54M       315M

MemTotal:        4016004 kB
MemFree:         3242608 kB
Active:           416024 kB
Mem:          3.8G       755M       3.1G       5.7M        54M       315M

MemTotal:        4016004 kB
MemFree:         3242732 kB
Active:           416044 kB
Mem:          3.8G       755M       3.1G       5.7M        54M       315M

MemTotal:        4016004 kB
MemFree:         3242484 kB
Active:           416016 kB
Mem:          3.8G       755M       3.1G       5.7M        54M       315M

MemTotal:        4016004 kB
MemFree:         3242484 kB
Active:           416020 kB
Mem:          3.8G       755M       3.1G       5.7M        54M       315M

MemTotal:        4016004 kB
MemFree:         3242392 kB
Active:           416028 kB
Mem:          3.8G       755M       3.1G       5.7M        54M       315M

MemTotal:        4016004 kB
MemFree:         3242764 kB
Active:           416044 kB
Mem:          3.8G       755M       3.1G       5.7M        54M       315M

MemTotal:        4016004 kB
MemFree:         3242516 kB
Active:           416064 kB
Mem:          3.8G       755M       3.1G       5.7M        54M       315M

MemTotal:        4016004 kB
MemFree:         3242516 kB
Active:           416020 kB
Mem:          3.8G       755M       3.1G       5.7M        54M       315M

MemTotal:        4016004 kB
MemFree:         3242268 kB
Active:           416064 kB
Mem:          3.8G       755M       3.1G       5.7M        54M       315M

MemTotal:        4016004 kB
MemFree:         3242640 kB
Active:           416020 kB
Mem:          3.8G       755M       3.1G       5.7M        54M       315M

MemTotal:        4016004 kB
MemFree:         3242516 kB
Active:           416028 kB
Mem:          3.8G       755M       3.1G       5.7M        54M       315M

MemTotal:        4016004 kB
MemFree:         3242640 kB
Active:           416020 kB
Mem:          3.8G       755M       3.1G       5.7M        54M       315M

MemTotal:        4016004 kB
MemFree:         3242440 kB
Active:           416020 kB
Mem:          3.8G       755M       3.1G       5.7M        54M       315M

MemTotal:        4016004 kB
MemFree:         3242192 kB
Active:           416072 kB
Mem:          3.8G       755M       3.1G       5.7M        54M       315M

MemTotal:        4016004 kB
MemFree:         3242324 kB
Active:           416024 kB
Mem:          3.8G       755M       3.1G       5.7M        54M       315M

MemTotal:        4016004 kB
MemFree:         3242324 kB
Active:           416020 kB
Mem:          3.8G       755M       3.1G       5.7M        54M       315M

MemTotal:        4016004 kB
MemFree:         3242076 kB
Active:           416072 kB
Mem:          3.8G       755M       3.1G       5.7M        54M       315M

MemTotal:        4016004 kB
MemFree:         3242324 kB
Active:           416032 kB
Mem:          3.8G       755M       3.1G       5.7M        54M       315M

MemTotal:        4016004 kB
MemFree:         3242324 kB
Active:           416032 kB
Mem:          3.8G       755M       3.1G       5.7M        54M       315M

MemTotal:        4016004 kB
MemFree:         3239888 kB
Active:           416060 kB
Mem:          3.8G       757M       3.1G       5.7M        54M       315M

MemTotal:        4016004 kB
MemFree:         3239888 kB
Active:           418108 kB
Mem:          3.8G       757M       3.1G       5.7M        54M       315M

MemTotal:        4016004 kB
MemFree:         3240244 kB
Active:           418052 kB
Mem:          3.8G       757M       3.1G       5.7M        54M       315M

MemTotal:        4016004 kB
MemFree:         3240476 kB
Active:           418052 kB
Mem:          3.8G       757M       3.1G       5.7M        54M       315M

MemTotal:        4016004 kB
MemFree:         3240584 kB
Active:           418064 kB
Mem:          3.8G       757M       3.1G       5.7M        54M       315M

MemTotal:        4016004 kB
MemFree:         3240212 kB
Active:           418120 kB
Mem:          3.8G       757M       3.1G       5.7M        54M       315M

MemTotal:        4016004 kB
MemFree:         3240320 kB
Active:           418100 kB
Mem:          3.8G       757M       3.1G       5.7M        54M       315M

MemTotal:        4016004 kB
MemFree:         3240444 kB
Active:           418104 kB
Mem:          3.8G       757M       3.1G       5.7M        54M       315M

MemTotal:        4016004 kB
MemFree:         3240304 kB
Active:           418072 kB
Mem:          3.8G       757M       3.1G       5.7M        54M       315M

MemTotal:        4016004 kB
MemFree:         3240412 kB
Active:           418068 kB
Mem:          3.8G       757M       3.1G       5.7M        54M       315M

MemTotal:        4016004 kB
MemFree:         3240396 kB
Active:           418080 kB
Mem:          3.8G       757M       3.1G       5.7M        54M       315M

MemTotal:        4016004 kB
MemFree:         3240396 kB
Active:           418124 kB
Mem:          3.8G       757M       3.1G       5.7M        55M       315M

MemTotal:        4016004 kB
MemFree:         3240148 kB
Active:           418128 kB
Mem:          3.8G       757M       3.1G       5.7M        55M       315M

MemTotal:        4016004 kB
MemFree:         3240164 kB
Active:           418132 kB
Mem:          3.8G       757M       3.1G       5.7M        55M       315M

MemTotal:        4016004 kB
MemFree:         3240288 kB
Active:           418132 kB
Mem:          3.8G       757M       3.1G       5.7M        55M       315M

MemTotal:        4016004 kB
MemFree:         3240288 kB
Active:           418120 kB
Mem:          3.8G       757M       3.1G       5.7M        55M       315M

MemTotal:        4016004 kB
MemFree:         3240288 kB
Active:           418108 kB
Mem:          3.8G       757M       3.1G       5.7M        55M       315M

MemTotal:        4016004 kB
MemFree:         3239916 kB
Active:           418128 kB
Mem:          3.8G       757M       3.1G       5.7M        55M       315M

MemTotal:        4016004 kB
MemFree:         3240040 kB
Active:           418148 kB
Mem:          3.8G       758M       3.1G       5.7M        55M       315M

MemTotal:        4016004 kB
MemFree:         3240040 kB
Active:           418140 kB
Mem:          3.8G       757M       3.1G       5.7M        55M       315M

MemTotal:        4016004 kB
MemFree:         3239916 kB
Active:           418128 kB
Mem:          3.8G       757M       3.1G       5.7M        55M       315M

MemTotal:        4016004 kB
MemFree:         3239916 kB
Active:           418136 kB
Mem:          3.8G       757M       3.1G       5.7M        55M       315M

MemTotal:        4016004 kB
MemFree:         3239544 kB
Active:           418176 kB
Mem:          3.8G       757M       3.1G       5.7M        55M       315M

MemTotal:        4016004 kB
MemFree:         3239916 kB
Active:           418156 kB
Mem:          3.8G       757M       3.1G       5.7M        55M       315M

MemTotal:        4016004 kB
MemFree:         3239916 kB
Active:           418160 kB
Mem:          3.8G       758M       3.1G       5.7M        55M       315M

MemTotal:        4016004 kB
MemFree:         3126292 kB
Active:           418608 kB
Mem:          3.8G       869M       3.0G       5.7M        55M       425M

MemTotal:        4016004 kB
MemFree:         3047004 kB
Active:           418604 kB
Mem:          3.8G       946M       2.9G       5.7M        55M       502M

MemTotal:        4016004 kB
MemFree:         3046428 kB
Active:           418624 kB
Mem:          3.8G       947M       2.9G       5.7M        55M       502M

MemTotal:        4016004 kB
MemFree:         2948852 kB
Active:           418624 kB
Mem:          3.8G       1.0G       2.8G       5.7M        55M       596M

MemTotal:        4016004 kB
MemFree:         2830408 kB
Active:           418608 kB
Mem:          3.8G       1.1G       2.7G       5.7M        55M       710M

MemTotal:        4016004 kB
MemFree:         2782116 kB
Active:           418608 kB
Mem:          3.8G       1.2G       2.7G       5.7M        55M       754M

MemTotal:        4016004 kB
MemFree:         2745088 kB
Active:           420660 kB
Mem:          3.8G       1.2G       2.6G       5.7M        55M       789M

MemTotal:        4016004 kB
MemFree:         2684044 kB
Active:           420660 kB
Mem:          3.8G       1.3G       2.6G       5.7M        55M       849M

MemTotal:        4016004 kB
MemFree:         2681364 kB
Active:           420688 kB
Mem:          3.8G       1.3G       2.6G       5.7M        55M       851M

MemTotal:        4016004 kB
MemFree:         2680264 kB
Active:           420692 kB
Mem:          3.8G       1.3G       2.6G       5.7M        55M       852M

MemTotal:        4016004 kB
MemFree:         2679736 kB
Active:           420708 kB
Mem:          3.8G       1.3G       2.6G       5.7M        55M       853M

MemTotal:        4016004 kB
MemFree:         2606884 kB
Active:           420716 kB
Mem:          3.8G       1.3G       2.5G       5.7M        55M       923M

MemTotal:        4016004 kB
MemFree:         2469312 kB
Active:           420680 kB
Mem:          3.8G       1.5G       2.4G       5.7M        55M       1.0G

MemTotal:        4016004 kB
MemFree:         2342296 kB
Active:           420692 kB
Mem:          3.8G       1.6G       2.2G       5.7M        55M       1.2G

MemTotal:        4016004 kB
MemFree:         2214520 kB
Active:           420696 kB
Mem:          3.8G       1.7G       2.1G       5.7M        55M       1.3G

MemTotal:        4016004 kB
MemFree:         2097828 kB
Active:           420696 kB
Mem:          3.8G       1.8G       2.0G       5.7M        55M       1.4G

MemTotal:        4016004 kB
MemFree:         2000744 kB
Active:           420720 kB
Mem:          3.8G       1.9G       1.9G       5.7M        55M       1.5G

MemTotal:        4016004 kB
MemFree:         1997044 kB
Active:           420720 kB
Mem:          3.8G       1.9G       1.9G       5.7M        55M       1.5G

MemTotal:        4016004 kB
MemFree:         1995896 kB
Active:           420736 kB
Mem:          3.8G       1.9G       1.9G       5.7M        55M       1.5G

MemTotal:        4016004 kB
MemFree:         1995620 kB
Active:           420696 kB
Mem:          3.8G       1.9G       1.9G       5.7M        55M       1.5G

MemTotal:        4016004 kB
MemFree:         1995592 kB
Active:           420696 kB
Mem:          3.8G       1.9G       1.9G       5.7M        55M       1.5G

MemTotal:        4016004 kB
MemFree:         1996040 kB
Active:           420696 kB
Mem:          3.8G       1.9G       1.9G       5.7M        55M       1.5G

MemTotal:        4016004 kB
MemFree:         1992044 kB
Active:           420724 kB
Mem:          3.8G       1.9G       1.9G       5.7M        55M       1.5G

MemTotal:        4016004 kB
MemFree:         1911692 kB
Active:           420764 kB
Mem:          3.8G       2.0G       1.8G       5.7M        55M       1.6G

MemTotal:        4016004 kB
MemFree:         1910480 kB
Active:           420776 kB
Mem:          3.8G       2.0G       1.8G       5.7M        55M       1.6G

MemTotal:        4016004 kB
MemFree:         1909456 kB
Active:           418736 kB
Mem:          3.8G       2.0G       1.8G       5.7M        55M       1.6G

MemTotal:        4016004 kB
MemFree:         1908468 kB
Active:           418724 kB
Mem:          3.8G       2.0G       1.8G       5.7M        55M       1.6G

MemTotal:        4016004 kB
MemFree:         1907436 kB
Active:           420796 kB
Mem:          3.8G       2.0G       1.8G       5.7M        55M       1.6G

MemTotal:        4016004 kB
MemFree:         1805084 kB
Active:           420796 kB
Mem:          3.8G       2.1G       1.7G       5.7M        55M       1.7G

MemTotal:        4016004 kB
MemFree:         1677680 kB
Active:           420788 kB
Mem:          3.8G       2.2G       1.6G       5.7M        55M       1.8G

MemTotal:        4016004 kB
MemFree:         1556380 kB
Active:           420760 kB
Mem:          3.8G       2.3G       1.5G       5.7M        55M       1.9G

MemTotal:        4016004 kB
MemFree:         1549840 kB
Active:           420768 kB
Mem:          3.8G       2.4G       1.5G       5.7M        55M       1.9G

MemTotal:        4016004 kB
MemFree:         1483032 kB
Active:           420784 kB
Mem:          3.8G       2.4G       1.4G       5.7M        55M       2.0G

MemTotal:        4016004 kB
MemFree:         1451952 kB
Active:           420804 kB
Mem:          3.8G       2.4G       1.4G       5.7M        55M       2.0G

MemTotal:        4016004 kB
MemFree:         1408168 kB
Active:           420816 kB
Mem:          3.8G       2.5G       1.3G       5.7M        55M       2.0G

MemTotal:        4016004 kB
MemFree:         1331932 kB
Active:           420800 kB
Mem:          3.8G       2.6G       1.3G       5.7M        55M       2.1G

MemTotal:        4016004 kB
MemFree:         1330360 kB
Active:           420832 kB
Mem:          3.8G       2.6G       1.3G       5.7M        55M       2.1G

MemTotal:        4016004 kB
MemFree:         1328996 kB
Active:           420824 kB
Mem:          3.8G       2.6G       1.3G       5.7M        55M       2.1G

MemTotal:        4016004 kB
MemFree:         1328228 kB
Active:           420840 kB
Mem:          3.8G       2.6G       1.3G       5.7M        55M       2.1G

MemTotal:        4016004 kB
MemFree:         1328364 kB
Active:           420800 kB
Mem:          3.8G       2.6G       1.3G       5.7M        55M       2.1G

MemTotal:        4016004 kB
MemFree:         1233432 kB
Active:           420840 kB
Mem:          3.8G       2.7G       1.2G       5.7M        55M       2.2G

MemTotal:        4016004 kB
MemFree:         1106960 kB
Active:           420840 kB
Mem:          3.8G       2.8G       1.1G       5.7M        55M       2.3G

MemTotal:        4016004 kB
MemFree:          982812 kB
Active:           420836 kB
Mem:          3.8G       2.9G       959M       5.7M        55M       2.4G

MemTotal:        4016004 kB
MemFree:          978756 kB
Active:           420828 kB
Mem:          3.8G       2.9G       955M       5.7M        55M       2.4G

MemTotal:        4016004 kB
MemFree:          898788 kB
Active:           420840 kB
Mem:          3.8G       3.0G       877M       5.7M        55M       2.5G

MemTotal:        4016004 kB
MemFree:          880864 kB
Active:           418816 kB
Mem:          3.8G       3.0G       860M       5.7M        55M       2.5G

MemTotal:        4016004 kB
MemFree:          813868 kB
Active:           420880 kB
Mem:          3.8G       3.1G       794M       5.7M        55M       2.6G

MemTotal:        4016004 kB
MemFree:          788664 kB
Active:           420860 kB
Mem:          3.8G       3.1G       769M       5.7M        55M       2.6G

MemTotal:        4016004 kB
MemFree:          651620 kB
Active:           420880 kB
Mem:          3.8G       3.2G       635M       5.7M        55M       2.7G

MemTotal:        4016004 kB
MemFree:          621824 kB
Active:           420892 kB
Mem:          3.8G       3.2G       607M       5.7M        55M       2.8G

MemTotal:        4016004 kB
MemFree:          620172 kB
Active:           420900 kB
Mem:          3.8G       3.2G       605M       5.7M        55M       2.8G

MemTotal:        4016004 kB
MemFree:          619272 kB
Active:           420920 kB
Mem:          3.8G       3.2G       604M       5.7M        55M       2.8G

MemTotal:        4016004 kB
MemFree:          618004 kB
Active:           420920 kB
Mem:          3.8G       3.2G       603M       5.7M        55M       2.8G

MemTotal:        4016004 kB
MemFree:          616180 kB
Active:           420920 kB
Mem:          3.8G       3.2G       601M       5.7M        55M       2.8G

MemTotal:        4016004 kB
MemFree:          615952 kB
Active:           420888 kB
Mem:          3.8G       3.2G       601M       5.7M        55M       2.8G

MemTotal:        4016004 kB
MemFree:          520488 kB
Active:           418880 kB
Mem:          3.8G       3.3G       508M       5.7M        55M       2.9G

MemTotal:        4016004 kB
MemFree:          392248 kB
Active:           420928 kB
Mem:          3.8G       3.5G       383M       5.7M        55M       3.0G

MemTotal:        4016004 kB
MemFree:          273556 kB
Active:           420928 kB
Mem:          3.8G       3.6G       267M       5.7M        55M       3.1G

MemTotal:        4016004 kB
MemFree:          152756 kB
Active:           420928 kB
Mem:          3.8G       3.7G       148M       5.7M        55M       3.2G

MemTotal:        4016004 kB
MemFree:          141476 kB
Active:           428372 kB
Mem:          3.8G       3.7G       136M       5.7M        20M       3.3G

MemTotal:        4016004 kB
MemFree:          140544 kB
Active:           428464 kB
Mem:          3.8G       3.7G       137M       5.7M        20M       3.3G

MemTotal:        4016004 kB
MemFree:          138416 kB
Active:           428432 kB
Mem:          3.8G       3.7G       135M       5.7M        20M       3.3G

MemTotal:        4016004 kB
MemFree:          136680 kB
Active:           428432 kB
Mem:          3.8G       3.7G       133M       5.7M        20M       3.3G

MemTotal:        4016004 kB
MemFree:          135352 kB
Active:           428440 kB
Mem:          3.8G       3.7G       132M       5.7M        20M       3.3G

MemTotal:        4016004 kB
MemFree:          136080 kB
Active:           426372 kB
Mem:          3.8G       3.7G       133M       5.7M        20M       3.3G

MemTotal:        4016004 kB
MemFree:          136692 kB
Active:           428416 kB
Mem:          3.8G       3.7G       133M       5.7M        20M       3.3G

MemTotal:        4016004 kB
MemFree:          126624 kB
Active:           472924 kB
Mem:          3.8G       3.7G       139M       5.7M        20M       3.2G

MemTotal:        4016004 kB
MemFree:          141632 kB
Active:           440632 kB
Mem:          3.8G       3.7G       138M       5.7M        20M       3.3G

MemTotal:        4016004 kB
MemFree:          137268 kB
Active:           437484 kB
Mem:          3.8G       3.7G       134M       5.7M        20M       3.3G

MemTotal:        4016004 kB
MemFree:          132860 kB
Active:           435820 kB
Mem:          3.8G       3.7G       129M       5.7M        20M       3.3G

MemTotal:        4016004 kB
MemFree:          122884 kB
Active:           434996 kB
Mem:          3.8G       3.7G       119M       5.7M        20M       3.3G

MemTotal:        4016004 kB
MemFree:          127368 kB
Active:           433772 kB
Mem:          3.8G       3.7G       123M       5.7M        20M       3.3G

MemTotal:        4016004 kB
MemFree:          125560 kB
Active:           433784 kB
Mem:          3.8G       3.7G       122M       5.7M        20M       3.3G

MemTotal:        4016004 kB
MemFree:          123672 kB
Active:           433784 kB
Mem:          3.8G       3.7G       120M       5.7M        20M       3.3G

MemTotal:        4016004 kB
MemFree:          122856 kB
Active:           433744 kB
Mem:          3.8G       3.7G       119M       5.7M        20M       3.3G

MemTotal:        4016004 kB
MemFree:          117268 kB
Active:           433284 kB
Mem:          3.8G       3.7G       124M       5.7M        20M       3.3G

MemTotal:        4016004 kB
MemFree:          114840 kB
Active:           429708 kB
Mem:          3.8G       3.7G       111M       5.7M        20M       3.3G

MemTotal:        4016004 kB
MemFree:          124524 kB
Active:           425996 kB
Mem:          3.8G       3.7G       121M       5.7M        20M       3.3G

MemTotal:        4016004 kB
MemFree:          129420 kB
Active:           420748 kB
Mem:          3.8G       3.7G       126M       5.7M        20M       3.3G

MemTotal:        4016004 kB
MemFree:          133476 kB
Active:           417944 kB
Mem:          3.8G       3.7G       130M       5.7M        20M       3.3G

MemTotal:        4016004 kB
MemFree:          129552 kB
Active:           411908 kB
Mem:          3.8G       3.7G       126M       5.7M        20M       3.3G

MemTotal:        4016004 kB
MemFree:          131948 kB
Active:           405856 kB
Mem:          3.8G       3.7G       128M       5.7M        20M       3.3G

MemTotal:        4016004 kB
MemFree:          149996 kB
Active:           401504 kB
Mem:          3.8G       3.7G       146M       5.7M        20M       3.2G

MemTotal:        4016004 kB
MemFree:          149208 kB
Active:           401512 kB
Mem:          3.8G       3.7G       145M       5.7M        20M       3.2G

MemTotal:        4016004 kB
MemFree:          148872 kB
Active:           401524 kB
Mem:          3.8G       3.7G       145M       5.7M        20M       3.2G

MemTotal:        4016004 kB
MemFree:          149064 kB
Active:           401516 kB
Mem:          3.8G       3.7G       145M       5.7M        20M       3.2G

MemTotal:        4016004 kB
MemFree:          146032 kB
Active:           401528 kB
Mem:          3.8G       3.7G       142M       5.7M        20M       3.2G

MemTotal:        4016004 kB
MemFree:          120984 kB
Active:           401496 kB
Mem:          3.8G       3.7G       117M       5.7M        20M       3.3G

MemTotal:        4016004 kB
MemFree:          116888 kB
Active:           401500 kB
Mem:          3.8G       3.7G       114M       5.7M        20M       3.3G

MemTotal:        4016004 kB
MemFree:          116792 kB
Active:           401548 kB
Mem:          3.8G       3.7G       113M       5.7M        20M       3.3G

MemTotal:        4016004 kB
MemFree:          116828 kB
Active:           401524 kB
Mem:          3.8G       3.7G       113M       5.7M        20M       3.3G

MemTotal:        4016004 kB
MemFree:          116956 kB
Active:           401516 kB
Mem:          3.8G       3.7G       114M       5.7M        20M       3.3G

MemTotal:        4016004 kB
MemFree:          139024 kB
Active:           393256 kB
Mem:          3.8G       3.7G       135M       5.7M        20M       3.3G

MemTotal:        4016004 kB
MemFree:          122872 kB
Active:           392104 kB
Mem:          3.8G       3.7G       119M       5.7M        20M       3.3G

MemTotal:        4016004 kB
MemFree:          128648 kB
Active:           389156 kB
Mem:          3.8G       3.7G       125M       5.7M        20M       3.3G

MemTotal:        4016004 kB
MemFree:          107600 kB
Active:           387848 kB
Mem:          3.8G       3.7G       104M       5.7M        20M       3.3G

MemTotal:        4016004 kB
MemFree:          132664 kB
Active:           386748 kB
Mem:          3.8G       3.7G       129M       5.7M        20M       3.3G

MemTotal:        4016004 kB
MemFree:          124308 kB
Active:           384444 kB
Mem:          3.8G       3.7G       120M       5.7M        20M       3.3G

MemTotal:        4016004 kB
MemFree:          119632 kB
Active:           383884 kB
Mem:          3.8G       3.7G       116M       5.7M        20M       3.3G

MemTotal:        4016004 kB
MemFree:          119160 kB
Active:           382340 kB
Mem:          3.8G       3.7G       125M       5.7M        20M       3.3G

MemTotal:        4016004 kB
MemFree:          128864 kB
Active:           381600 kB
Mem:          3.8G       3.7G       125M       5.7M        20M       3.3G

MemTotal:        4016004 kB
MemFree:          127548 kB
Active:           381652 kB
Mem:          3.8G       3.7G       124M       5.7M        20M       3.3G

MemTotal:        4016004 kB
MemFree:          126460 kB
Active:           379656 kB
Mem:          3.8G       3.7G       123M       5.7M        20M       3.3G

MemTotal:        4016004 kB
MemFree:          120840 kB
Active:           381708 kB
Mem:          3.8G       3.7G       117M       5.7M        20M       3.3G

MemTotal:        4016004 kB
MemFree:          125912 kB
Active:           378512 kB
Mem:          3.8G       3.7G       122M       5.7M        20M       3.3G

MemTotal:        4016004 kB
MemFree:          125036 kB
Active:           374548 kB
Mem:          3.8G       3.7G       121M       5.7M        20M       3.3G

MemTotal:        4016004 kB
MemFree:          131112 kB
Active:           370452 kB
Mem:          3.8G       3.7G       128M       5.7M        20M       3.3G

MemTotal:        4016004 kB
MemFree:          129856 kB
Active:           370324 kB
Mem:          3.8G       3.7G       126M       5.7M        20M       3.3G

MemTotal:        4016004 kB
MemFree:          146592 kB
Active:           367256 kB
Mem:          3.8G       3.7G       142M       5.7M        20M       3.2G

MemTotal:        4016004 kB
MemFree:          141584 kB
Active:           367128 kB
Mem:          3.8G       3.7G       137M       5.7M        20M       3.2G

MemTotal:        4016004 kB
MemFree:          136084 kB
Active:           364832 kB
Mem:          3.8G       3.7G       132M       5.7M        20M       3.3G

MemTotal:        4016004 kB
MemFree:          144348 kB
Active:           363552 kB
Mem:          3.8G       3.7G       140M       5.7M        20M       3.2G

MemTotal:        4016004 kB
MemFree:          141984 kB
Active:           363536 kB
Mem:          3.8G       3.7G       138M       5.7M        20M       3.2G

MemTotal:        4016004 kB
MemFree:          141336 kB
Active:           365612 kB
Mem:          3.8G       3.7G       138M       5.7M        20M       3.2G

MemTotal:        4016004 kB
MemFree:          140132 kB
Active:           365616 kB
Mem:          3.8G       3.7G       137M       5.7M        20M       3.2G

MemTotal:        4016004 kB
MemFree:          138772 kB
Active:           365616 kB
Mem:          3.8G       3.7G       135M       5.7M        20M       3.2G

MemTotal:        4016004 kB
MemFree:          131324 kB
Active:           363316 kB
Mem:          3.8G       3.7G       127M       5.7M        20M       3.3G

MemTotal:        4016004 kB
MemFree:          125776 kB
Active:           362324 kB
Mem:          3.8G       3.7G       122M       5.7M        20M       3.3G

MemTotal:        4016004 kB
MemFree:          134868 kB
Active:           362048 kB
Mem:          3.8G       3.7G       131M       5.7M        20M       3.3G

MemTotal:        4016004 kB
MemFree:          130024 kB
Active:           362064 kB
Mem:          3.8G       3.7G       127M       5.7M        20M       3.3G

MemTotal:        4016004 kB
MemFree:          129124 kB
Active:           359804 kB
Mem:          3.8G       3.7G       126M       5.7M        20M       3.3G

MemTotal:        4016004 kB
MemFree:          125796 kB
Active:           359808 kB
Mem:          3.8G       3.7G       122M       5.7M        20M       3.3G

MemTotal:        4016004 kB
MemFree:          122664 kB
Active:           359808 kB
Mem:          3.8G       3.7G       119M       5.7M        20M       3.3G

MemTotal:        4016004 kB
MemFree:          124868 kB
Active:           359788 kB
Mem:          3.8G       3.7G       121M       5.7M        20M       3.3G

MemTotal:        4016004 kB
MemFree:          131172 kB
Active:           359808 kB
Mem:          3.8G       3.7G       128M       5.7M        20M       3.3G

MemTotal:        4016004 kB
MemFree:          130448 kB
Active:           359820 kB
Mem:          3.8G       3.7G       127M       5.7M        20M       3.3G

MemTotal:        4016004 kB
MemFree:          129860 kB
Active:           359832 kB
Mem:          3.8G       3.7G       126M       5.7M        20M       3.3G

MemTotal:        4016004 kB
MemFree:          130236 kB
Active:           359784 kB
Mem:          3.8G       3.7G       127M       5.7M        20M       3.3G

MemTotal:        4016004 kB
MemFree:          125444 kB
Active:           359788 kB
Mem:          3.8G       3.7G       122M       5.7M        20M       3.3G

MemTotal:        4016004 kB
MemFree:          121664 kB
Active:           359840 kB
Mem:          3.8G       3.7G       117M       5.7M        20M       3.3G

MemTotal:        4016004 kB
MemFree:          127664 kB
Active:           359840 kB
Mem:          3.8G       3.7G       124M       5.7M        20M       3.3G

MemTotal:        4016004 kB
MemFree:          128024 kB
Active:           359852 kB
Mem:          3.8G       3.7G       125M       5.7M        20M       3.3G

MemTotal:        4016004 kB
MemFree:          128676 kB
Active:           357824 kB
Mem:          3.8G       3.7G       125M       5.7M        20M       3.3G

MemTotal:        4016004 kB
MemFree:          130872 kB
Active:           359360 kB
Mem:          3.8G       3.7G       127M       5.7M        20M       3.3G

MemTotal:        4016004 kB
MemFree:          134932 kB
Active:           359360 kB
Mem:          3.8G       3.7G       131M       5.7M        20M       3.3G

MemTotal:        4016004 kB
MemFree:          145296 kB
Active:           359360 kB
Mem:          3.8G       3.7G       142M       5.7M        20M       3.2G

MemTotal:        4016004 kB
MemFree:          115128 kB
Active:           359524 kB
Mem:          3.8G       3.7G       111M       5.7M        20M       3.3G

MemTotal:        4016004 kB
MemFree:          106992 kB
Active:           359364 kB
Mem:          3.8G       3.7G       104M       5.7M        20M       3.3G

MemTotal:        4016004 kB
MemFree:          106124 kB
Active:           359348 kB
Mem:          3.8G       3.7G       103M       5.7M        20M       3.3G

MemTotal:        4016004 kB
MemFree:          129160 kB
Active:           359396 kB
Mem:          3.8G       3.7G       125M       5.7M        20M       3.3G

MemTotal:        4016004 kB
MemFree:          129504 kB
Active:           359388 kB
Mem:          3.8G       3.7G       126M       5.7M        20M       3.3G

MemTotal:        4016004 kB
MemFree:          116940 kB
Active:           359396 kB
Mem:          3.8G       3.7G       114M       5.7M        20M       3.3G

MemTotal:        4016004 kB
MemFree:          121304 kB
Active:           358124 kB
Mem:          3.8G       3.7G       118M       5.7M        20M       3.3G

MemTotal:        4016004 kB
MemFree:          120320 kB
Active:           358108 kB
Mem:          3.8G       3.7G       117M       5.7M        20M       3.3G

MemTotal:        4016004 kB
MemFree:          141344 kB
Active:           358120 kB
Mem:          3.8G       3.7G       138M       5.7M        20M       3.2G

MemTotal:        4016004 kB
MemFree:          127336 kB
Active:           358132 kB
Mem:          3.8G       3.7G       123M       5.7M        20M       3.3G

MemTotal:        4016004 kB
MemFree:          136340 kB
Active:           358272 kB
Mem:          3.8G       3.7G       133M       5.7M        20M       3.2G

MemTotal:        4016004 kB
MemFree:          135132 kB
Active:           353424 kB
Mem:          3.8G       3.7G       131M       5.7M        20M       3.3G

MemTotal:        4016004 kB
MemFree:          124464 kB
Active:           353304 kB
Mem:          3.8G       3.7G       121M       5.7M        20M       3.3G

MemTotal:        4016004 kB
MemFree:          123472 kB
Active:           353348 kB
Mem:          3.8G       3.7G       120M       5.7M        20M       3.3G

MemTotal:        4016004 kB
MemFree:          121644 kB
Active:           353364 kB
Mem:          3.8G       3.7G       118M       5.7M        20M       3.3G

MemTotal:        4016004 kB
MemFree:          119664 kB
Active:           353336 kB
Mem:          3.8G       3.7G       116M       5.7M        20M       3.3G

MemTotal:        4016004 kB
MemFree:          122736 kB
Active:           354924 kB
Mem:          3.8G       3.7G       119M       5.7M        20M       3.3G

MemTotal:        4016004 kB
MemFree:          131272 kB
Active:           354524 kB
Mem:          3.8G       3.7G       127M       5.7M        20M       3.3G

MemTotal:        4016004 kB
MemFree:          122740 kB
Active:           354396 kB
Mem:          3.8G       3.7G       120M       5.7M        20M       3.3G

MemTotal:        4016004 kB
MemFree:          133948 kB
Active:           353444 kB
Mem:          3.8G       3.7G       130M       5.7M        20M       3.2G

MemTotal:        4016004 kB
MemFree:          133328 kB
Active:           353436 kB
Mem:          3.8G       3.7G       129M       5.7M        20M       3.2G

MemTotal:        4016004 kB
MemFree:          141912 kB
Active:           353448 kB
Mem:          3.8G       3.7G       138M       5.7M        20M       3.2G

MemTotal:        4016004 kB
MemFree:          138440 kB
Active:           353652 kB
Mem:          3.8G       3.7G       135M       5.7M        20M       3.2G

MemTotal:        4016004 kB
MemFree:          128140 kB
Active:           353696 kB
Mem:          3.8G       3.7G       125M       5.7M        20M       3.3G

MemTotal:        4016004 kB
MemFree:          144540 kB
Active:           353624 kB
Mem:          3.8G       3.7G       141M       5.7M        20M       3.2G

MemTotal:        4016004 kB
MemFree:          143164 kB
Active:           353700 kB
Mem:          3.8G       3.7G       139M       5.7M        20M       3.2G

MemTotal:        4016004 kB
MemFree:          143256 kB
Active:           352804 kB
Mem:          3.8G       3.7G       140M       5.7M        20M       3.2G

MemTotal:        4016004 kB
MemFree:          143540 kB
Active:           355128 kB
Mem:          3.8G       3.7G       140M       5.7M        20M       3.2G

MemTotal:        4016004 kB
MemFree:          135904 kB
Active:           360380 kB
Mem:          3.8G       3.7G       132M       5.7M        25M       3.2G

MemTotal:        4016004 kB
MemFree:          130832 kB
Active:           357420 kB
Mem:          3.8G       3.7G       127M       5.7M        27M       3.2G

MemTotal:        4016004 kB
MemFree:          119056 kB
Active:           357264 kB
Mem:          3.8G       3.7G       125M       5.7M        27M       3.2G

MemTotal:        4016004 kB
MemFree:          125788 kB
Active:           356404 kB
Mem:          3.8G       3.7G       122M       5.7M        27M       3.2G

MemTotal:        4016004 kB
MemFree:          135964 kB
Active:           356452 kB
Mem:          3.8G       3.7G       132M       5.7M        27M       3.2G

MemTotal:        4016004 kB
MemFree:          133804 kB
Active:           356456 kB
Mem:          3.8G       3.7G       130M       5.7M        27M       3.2G

MemTotal:        4016004 kB
MemFree:          129888 kB
Active:           355980 kB
Mem:          3.8G       3.7G       131M       5.7M        27M       3.2G

MemTotal:        4016004 kB
MemFree:          135960 kB
Active:           355784 kB
Mem:          3.8G       3.7G       132M       5.7M        27M       3.2G

MemTotal:        4016004 kB
MemFree:          135576 kB
Active:           355828 kB
Mem:          3.8G       3.7G       132M       5.7M        27M       3.2G

MemTotal:        4016004 kB
MemFree:          135796 kB
Active:           355848 kB
Mem:          3.8G       3.7G       132M       5.7M        27M       3.2G

MemTotal:        4016004 kB
MemFree:          136172 kB
Active:           355812 kB
Mem:          3.8G       3.7G       132M       5.7M        27M       3.2G

MemTotal:        4016004 kB
MemFree:          134348 kB
Active:           355860 kB
Mem:          3.8G       3.7G       131M       5.7M        27M       3.2G

MemTotal:        4016004 kB
MemFree:          129008 kB
Active:           355848 kB
Mem:          3.8G       3.7G       125M       5.7M        27M       3.2G

MemTotal:        4016004 kB
MemFree:          109696 kB
Active:           355860 kB
Mem:          3.8G       3.7G       106M       5.7M        27M       3.3G

MemTotal:        4016004 kB
MemFree:          124440 kB
Active:           355860 kB
Mem:          3.8G       3.7G       121M       5.7M        27M       3.2G

MemTotal:        4016004 kB
MemFree:          130584 kB
Active:           352332 kB
Mem:          3.8G       3.7G       127M       5.7M        27M       3.2G

MemTotal:        4016004 kB
MemFree:          106652 kB
Active:           352168 kB
Mem:          3.8G       3.7G       103M       5.7M        27M       3.3G

MemTotal:        4016004 kB
MemFree:          113512 kB
Active:           352116 kB
Mem:          3.8G       3.7G       110M       5.7M        27M       3.3G

MemTotal:        4016004 kB
MemFree:          122704 kB
Active:           352172 kB
Mem:          3.8G       3.7G       119M       5.7M        27M       3.2G

MemTotal:        4016004 kB
MemFree:          138988 kB
Active:           352188 kB
Mem:          3.8G       3.7G       135M       5.7M        27M       3.2G

MemTotal:        4016004 kB
MemFree:          125796 kB
Active:           352184 kB
Mem:          3.8G       3.7G       122M       5.7M        27M       3.2G

MemTotal:        4016004 kB
MemFree:          124616 kB
Active:           352196 kB
Mem:          3.8G       3.7G       121M       5.7M        27M       3.2G

MemTotal:        4016004 kB
MemFree:          123572 kB
Active:           352208 kB
Mem:          3.8G       3.7G       120M       5.7M        27M       3.2G

MemTotal:        4016004 kB
MemFree:          122148 kB
Active:           352184 kB
Mem:          3.8G       3.7G       119M       5.7M        27M       3.2G

MemTotal:        4016004 kB
MemFree:          121220 kB
Active:           352180 kB
Mem:          3.8G       3.7G       118M       5.7M        27M       3.2G

MemTotal:        4016004 kB
MemFree:          117324 kB
Active:           352216 kB
Mem:          3.8G       3.7G       113M       5.7M        27M       3.3G

MemTotal:        4016004 kB
MemFree:          137524 kB
Active:           352220 kB
Mem:          3.8G       3.7G       134M       5.7M        27M       3.2G

MemTotal:        4016004 kB
MemFree:          136540 kB
Active:           351060 kB
Mem:          3.8G       3.7G       133M       5.7M        27M       3.2G

MemTotal:        4016004 kB
MemFree:          106096 kB
Active:           350912 kB
Mem:          3.8G       3.7G       103M       5.7M        27M       3.3G

MemTotal:        4016004 kB
MemFree:          127032 kB
Active:           350912 kB
Mem:          3.8G       3.7G       123M       5.7M        27M       3.2G

MemTotal:        4016004 kB
MemFree:          124768 kB
Active:           350936 kB
Mem:          3.8G       3.7G       121M       5.7M        27M       3.2G

MemTotal:        4016004 kB
MemFree:          119384 kB
Active:           350936 kB
Mem:          3.8G       3.7G       116M       5.7M        27M       3.3G

MemTotal:        4016004 kB
MemFree:          130592 kB
Active:           350952 kB
Mem:          3.8G       3.7G       127M       5.7M        27M       3.2G

MemTotal:        4016004 kB
MemFree:          132328 kB
Active:           350920 kB
Mem:          3.8G       3.7G       129M       5.7M        27M       3.2G

MemTotal:        4016004 kB
MemFree:          132464 kB
Active:           350944 kB
Mem:          3.8G       3.7G       129M       5.7M        27M       3.2G

MemTotal:        4016004 kB
MemFree:          132560 kB
Active:           350928 kB
Mem:          3.8G       3.7G       129M       5.7M        27M       3.2G

MemTotal:        4016004 kB
MemFree:          130196 kB
Active:           350976 kB
Mem:          3.8G       3.7G       126M       5.7M        27M       3.2G

MemTotal:        4016004 kB
MemFree:          113468 kB
Active:           350980 kB
Mem:          3.8G       3.7G       110M       5.7M        27M       3.3G

MemTotal:        4016004 kB
MemFree:          116376 kB
Active:           349164 kB
Mem:          3.8G       3.7G       112M       5.7M        27M       3.3G

MemTotal:        4016004 kB
MemFree:          120184 kB
Active:           349168 kB
Mem:          3.8G       3.7G       116M       5.7M        27M       3.2G

MemTotal:        4016004 kB
MemFree:          131424 kB
Active:           349132 kB
Mem:          3.8G       3.7G       128M       5.7M        27M       3.2G

MemTotal:        4016004 kB
MemFree:          135728 kB
Active:           349172 kB
Mem:          3.8G       3.7G       131M       5.7M        27M       3.2G

MemTotal:        4016004 kB
MemFree:          126404 kB
Active:           349180 kB
Mem:          3.8G       3.7G       123M       5.7M        27M       3.2G

MemTotal:        4016004 kB
MemFree:          129544 kB
Active:           349188 kB
Mem:          3.8G       3.7G       126M       5.7M        27M       3.2G

MemTotal:        4016004 kB
MemFree:          131520 kB
Active:           349168 kB
Mem:          3.8G       3.7G       128M       5.7M        27M       3.2G

MemTotal:        4016004 kB
MemFree:          120848 kB
Active:           349140 kB
Mem:          3.8G       3.7G       117M       5.7M        27M       3.2G

MemTotal:        4016004 kB
MemFree:          132200 kB
Active:           349196 kB
Mem:          3.8G       3.7G       128M       5.7M        27M       3.2G

MemTotal:        4016004 kB
MemFree:          128904 kB
Active:           349208 kB
Mem:          3.8G       3.7G       125M       5.7M        27M       3.2G

MemTotal:        4016004 kB
MemFree:          127000 kB
Active:           349208 kB
Mem:          3.8G       3.7G       123M       5.7M        27M       3.2G

MemTotal:        4016004 kB
MemFree:          126012 kB
Active:           349168 kB
Mem:          3.8G       3.7G       122M       5.7M        27M       3.2G

MemTotal:        4016004 kB
MemFree:          124600 kB
Active:           349200 kB
Mem:          3.8G       3.7G       121M       5.7M        27M       3.2G

MemTotal:        4016004 kB
MemFree:          129680 kB
Active:           347260 kB
Mem:          3.8G       3.7G       125M       5.7M        27M       3.2G

MemTotal:        4016004 kB
MemFree:          137020 kB
Active:           347288 kB
Mem:          3.8G       3.7G       133M       5.7M        27M       3.2G

MemTotal:        4016004 kB
MemFree:          138048 kB
Active:           347260 kB
Mem:          3.8G       3.7G       134M       5.7M        27M       3.2G

MemTotal:        4016004 kB
MemFree:          136044 kB
Active:           347300 kB
Mem:          3.8G       3.7G       133M       5.7M        27M       3.2G

MemTotal:        4016004 kB
MemFree:          133408 kB
Active:           347308 kB
Mem:          3.8G       3.7G       130M       5.7M        27M       3.2G

MemTotal:        4016004 kB
MemFree:          138100 kB
Active:           347308 kB
Mem:          3.8G       3.7G       135M       5.7M        27M       3.2G

MemTotal:        4016004 kB
MemFree:          105704 kB
Active:           347308 kB
Mem:          3.8G       3.7G       103M       5.7M        28M       3.3G

MemTotal:        4016004 kB
MemFree:          127428 kB
Active:           347320 kB
Mem:          3.8G       3.7G       124M       5.7M        28M       3.2G

MemTotal:        4016004 kB
MemFree:          126408 kB
Active:           347304 kB
Mem:          3.8G       3.7G       123M       5.7M        28M       3.2G

MemTotal:        4016004 kB
MemFree:          125792 kB
Active:           347296 kB
Mem:          3.8G       3.7G       122M       5.7M        28M       3.2G

MemTotal:        4016004 kB
MemFree:          121476 kB
Active:           347324 kB
Mem:          3.8G       3.7G       118M       5.7M        28M       3.2G

MemTotal:        4016004 kB
MemFree:          133896 kB
Active:           347296 kB
Mem:          3.8G       3.7G       130M       5.7M        28M       3.2G

MemTotal:        4016004 kB
MemFree:          131108 kB
Active:           347184 kB
Mem:          3.8G       3.7G       127M       5.7M        28M       3.2G

MemTotal:        4016004 kB
MemFree:          118812 kB
Active:           347152 kB
Mem:          3.8G       3.7G       116M       5.7M        28M       3.2G

MemTotal:        4016004 kB
MemFree:          125700 kB
Active:           347160 kB
Mem:          3.8G       3.7G       122M       5.7M        28M       3.2G

MemTotal:        4016004 kB
MemFree:          133180 kB
Active:           347180 kB
Mem:          3.8G       3.7G       129M       5.7M        28M       3.2G

MemTotal:        4016004 kB
MemFree:          127992 kB
Active:           347180 kB
Mem:          3.8G       3.7G       124M       5.7M        28M       3.2G

MemTotal:        4016004 kB
MemFree:          122728 kB
Active:           347140 kB
Mem:          3.8G       3.7G       118M       5.7M        28M       3.2G

MemTotal:        4016004 kB
MemFree:          139856 kB
Active:           347180 kB
Mem:          3.8G       3.7G       136M       5.7M        28M       3.2G

MemTotal:        4016004 kB
MemFree:          140320 kB
Active:           347192 kB
Mem:          3.8G       3.7G       137M       5.7M        28M       3.2G

MemTotal:        4016004 kB
MemFree:          138248 kB
Active:           347196 kB
Mem:          3.8G       3.7G       135M       5.7M        28M       3.2G

MemTotal:        4016004 kB
MemFree:          137344 kB
Active:           347200 kB
Mem:          3.8G       3.7G       134M       5.7M        28M       3.2G

MemTotal:        4016004 kB
MemFree:          122280 kB
Active:           346952 kB
Mem:          3.8G       3.7G       119M       5.7M        28M       3.2G

MemTotal:        4016004 kB
MemFree:          122252 kB
Active:           346884 kB
Mem:          3.8G       3.7G       119M       5.7M        28M       3.2G

MemTotal:        4016004 kB
MemFree:          122376 kB
Active:           346844 kB
Mem:          3.8G       3.7G       119M       5.7M        28M       3.2G

MemTotal:        4016004 kB
MemFree:          122500 kB
Active:           346896 kB
Mem:          3.8G       3.7G       119M       5.7M        28M       3.2G

MemTotal:        4016004 kB
MemFree:          122376 kB
Active:           346844 kB
Mem:          3.8G       3.7G       119M       5.7M        28M       3.2G

MemTotal:        4016004 kB
MemFree:          120452 kB
Active:           346860 kB
Mem:          3.8G       3.7G       117M       5.7M        28M       3.2G

MemTotal:        4016004 kB
MemFree:          120576 kB
Active:           346856 kB
Mem:          3.8G       3.7G       117M       5.7M        28M       3.2G

MemTotal:        4016004 kB
MemFree:          120576 kB
Active:           346848 kB
Mem:          3.8G       3.7G       117M       5.7M        28M       3.2G

MemTotal:        4016004 kB
MemFree:          120080 kB
Active:           348928 kB
Mem:          3.8G       3.7G       117M       5.7M        28M       3.2G

MemTotal:        4016004 kB
MemFree:          119956 kB
Active:           348928 kB
Mem:          3.8G       3.7G       117M       5.7M        28M       3.2G

MemTotal:        4016004 kB
MemFree:          120080 kB
Active:           348916 kB
Mem:          3.8G       3.7G       117M       5.7M        28M       3.2G

MemTotal:        4016004 kB
MemFree:          120204 kB
Active:           348912 kB
Mem:          3.8G       3.7G       117M       5.7M        28M       3.2G

MemTotal:        4016004 kB
MemFree:          119832 kB
Active:           348940 kB
Mem:          3.8G       3.7G       117M       5.7M        28M       3.2G

MemTotal:        4016004 kB
MemFree:          120824 kB
Active:           348932 kB
Mem:          3.8G       3.7G       117M       5.7M        28M       3.2G

MemTotal:        4016004 kB
MemFree:          120948 kB
Active:           348896 kB
Mem:          3.8G       3.7G       118M       5.7M        28M       3.2G

MemTotal:        4016004 kB
MemFree:          118776 kB
Active:           348896 kB
Mem:          3.8G       3.7G       116M       5.7M        28M       3.2G

MemTotal:        4016004 kB
MemFree:          118776 kB
Active:           350916 kB
Mem:          3.8G       3.7G       116M       5.7M        28M       3.2G

MemTotal:        4016004 kB
MemFree:          118404 kB
Active:           350972 kB
Mem:          3.8G       3.7G       115M       5.7M        28M       3.2G

MemTotal:        4016004 kB
MemFree:          118776 kB
Active:           350940 kB
Mem:          3.8G       3.7G       115M       5.7M        28M       3.2G

MemTotal:        4016004 kB
MemFree:          118528 kB
Active:           350928 kB
Mem:          3.8G       3.7G       115M       5.7M        28M       3.2G

MemTotal:        4016004 kB
MemFree:          118528 kB
Active:           350936 kB
Mem:          3.8G       3.7G       115M       5.7M        28M       3.2G

MemTotal:        4016004 kB
MemFree:          118900 kB
Active:           350928 kB
Mem:          3.8G       3.7G       116M       5.7M        28M       3.2G

MemTotal:        4016004 kB
MemFree:          118900 kB
Active:           350980 kB
Mem:          3.8G       3.7G       116M       5.7M        28M       3.2G

MemTotal:        4016004 kB
MemFree:          118776 kB
Active:           350940 kB
Mem:          3.8G       3.7G       115M       5.7M        28M       3.2G

MemTotal:        4016004 kB
MemFree:          118900 kB
Active:           350944 kB
Mem:          3.8G       3.7G       116M       5.7M        28M       3.2G

MemTotal:        4016004 kB
MemFree:          118776 kB
Active:           350948 kB
Mem:          3.8G       3.7G       116M       5.7M        28M       3.2G

MemTotal:        4016004 kB
MemFree:          118280 kB
Active:           350988 kB
Mem:          3.8G       3.7G       115M       5.7M        28M       3.2G

MemTotal:        4016004 kB
MemFree:          118776 kB
Active:           350952 kB
Mem:          3.8G       3.7G       115M       5.7M        28M       3.2G

MemTotal:        4016004 kB
MemFree:          118900 kB
Active:           350968 kB
Mem:          3.8G       3.7G       115M       5.7M        28M       3.2G

MemTotal:        4016004 kB
MemFree:          118404 kB
Active:           350996 kB
Mem:          3.8G       3.7G       115M       5.7M        28M       3.2G

MemTotal:        4016004 kB
MemFree:          118528 kB
Active:           350976 kB
Mem:          3.8G       3.7G       115M       5.7M        28M       3.2G

MemTotal:        4016004 kB
MemFree:          118404 kB
Active:           350964 kB
Mem:          3.8G       3.7G       115M       5.7M        28M       3.2G

MemTotal:        4016004 kB
MemFree:          118404 kB
Active:           350996 kB
Mem:          3.8G       3.7G       115M       5.7M        28M       3.2G

MemTotal:        4016004 kB
MemFree:          118404 kB
Active:           351000 kB
Mem:          3.8G       3.7G       115M       5.7M        28M       3.2G

MemTotal:        4016004 kB
MemFree:          118652 kB
Active:           351004 kB
Mem:          3.8G       3.7G       115M       5.7M        28M       3.2G

MemTotal:        4016004 kB
MemFree:          118900 kB
Active:           351012 kB
Mem:          3.8G       3.7G       115M       5.7M        28M       3.2G

MemTotal:        4016004 kB
MemFree:          118900 kB
Active:           350960 kB
Mem:          3.8G       3.7G       115M       5.7M        28M       3.2G

MemTotal:        4016004 kB
MemFree:          118776 kB
Active:           351008 kB
Mem:          3.8G       3.7G       116M       5.7M        28M       3.2G

MemTotal:        4016004 kB
MemFree:          118652 kB
Active:           351004 kB
Mem:          3.8G       3.7G       116M       5.7M        28M       3.2G

MemTotal:        4016004 kB
MemFree:          118900 kB
Active:           351008 kB
Mem:          3.8G       3.7G       116M       5.7M        28M       3.2G

MemTotal:        4016004 kB
MemFree:          118776 kB
Active:           350968 kB
Mem:          3.8G       3.7G       116M       5.7M        28M       3.2G

MemTotal:        4016004 kB
MemFree:          119024 kB
Active:           350960 kB
Mem:          3.8G       3.7G       116M       5.7M        28M       3.2G

MemTotal:        4016004 kB
MemFree:          118900 kB
Active:           351012 kB
Mem:          3.8G       3.7G       116M       5.7M        28M       3.2G

MemTotal:        4016004 kB
MemFree:          118776 kB
Active:           350972 kB
Mem:          3.8G       3.7G       115M       5.7M        28M       3.2G

MemTotal:        4016004 kB
MemFree:          118528 kB
Active:           351032 kB
Mem:          3.8G       3.7G       115M       5.7M        28M       3.2G

MemTotal:        4016004 kB
MemFree:          118528 kB
Active:           350992 kB
Mem:          3.8G       3.7G       115M       5.7M        28M       3.2G

MemTotal:        4016004 kB
MemFree:          118776 kB
Active:           350992 kB
Mem:          3.8G       3.7G       115M       5.7M        28M       3.2G

MemTotal:        4016004 kB
MemFree:          118404 kB
Active:           351040 kB
Mem:          3.8G       3.7G       115M       5.7M        28M       3.2G

MemTotal:        4016004 kB
MemFree:          118776 kB
Active:           350992 kB
Mem:          3.8G       3.7G       116M       5.7M        28M       3.2G

MemTotal:        4016004 kB
MemFree:          118652 kB
Active:           350984 kB
Mem:          3.8G       3.7G       115M       5.7M        28M       3.2G

MemTotal:        4016004 kB
MemFree:          118652 kB
Active:           351052 kB
Mem:          3.8G       3.7G       115M       5.7M        28M       3.2G

MemTotal:        4016004 kB
MemFree:          118652 kB
Active:           351052 kB
Mem:          3.8G       3.7G       115M       5.7M        28M       3.2G

MemTotal:        4016004 kB
MemFree:          118528 kB
Active:           351004 kB
Mem:          3.8G       3.7G       115M       5.7M        28M       3.2G

MemTotal:        4016004 kB
MemFree:          118652 kB
Active:           351004 kB
Mem:          3.8G       3.7G       115M       5.7M        28M       3.2G

MemTotal:        4016004 kB
MemFree:          118776 kB
Active:           351008 kB
Mem:          3.8G       3.7G       115M       5.7M        28M       3.2G

MemTotal:        4016004 kB
MemFree:          118652 kB
Active:           351056 kB
Mem:          3.8G       3.7G       115M       5.7M        28M       3.2G

MemTotal:        4016004 kB
MemFree:          118652 kB
Active:           351028 kB
Mem:          3.8G       3.7G       115M       5.7M        28M       3.2G

MemTotal:        4016004 kB
MemFree:          118404 kB
Active:           351056 kB
Mem:          3.8G       3.7G       115M       5.7M        28M       3.2G

MemTotal:        4016004 kB
MemFree:          118528 kB
Active:           351056 kB
Mem:          3.8G       3.7G       115M       5.7M        28M       3.2G

MemTotal:        4016004 kB
MemFree:          118900 kB
Active:           351024 kB
Mem:          3.8G       3.7G       116M       5.7M        28M       3.2G

MemTotal:        4016004 kB
MemFree:          118776 kB
Active:           351016 kB
Mem:          3.8G       3.7G       116M       5.7M        28M       3.2G

MemTotal:        4016004 kB
MemFree:          118776 kB
Active:           351012 kB
Mem:          3.8G       3.7G       115M       5.7M        28M       3.2G

MemTotal:        4016004 kB
MemFree:          118652 kB
Active:           351048 kB
Mem:          3.8G       3.7G       115M       5.7M        28M       3.2G

MemTotal:        4016004 kB
MemFree:          118528 kB
Active:           351040 kB
Mem:          3.8G       3.7G       115M       5.7M        28M       3.2G

MemTotal:        4016004 kB
MemFree:          118652 kB
Active:           351052 kB
Mem:          3.8G       3.7G       115M       5.7M        28M       3.2G

MemTotal:        4016004 kB
MemFree:          118776 kB
Active:           351044 kB
Mem:          3.8G       3.7G       115M       5.7M        28M       3.2G

MemTotal:        4016004 kB
MemFree:          118776 kB
Active:           351060 kB
Mem:          3.8G       3.7G       116M       5.7M        28M       3.2G

MemTotal:        4016004 kB
MemFree:          118652 kB
Active:           351064 kB
Mem:          3.8G       3.7G       115M       5.7M        28M       3.2G

MemTotal:        4016004 kB
MemFree:          117908 kB
Active:           351088 kB
Mem:          3.8G       3.7G       115M       5.7M        28M       3.2G

MemTotal:        4016004 kB
MemFree:          117908 kB
Active:           351088 kB
Mem:          3.8G       3.7G       114M       5.7M        28M       3.2G

MemTotal:        4016004 kB
MemFree:          117660 kB
Active:           351048 kB
Mem:          3.8G       3.7G       114M       5.7M        28M       3.2G

MemTotal:        4016004 kB
MemFree:          117660 kB
Active:           351088 kB
Mem:          3.8G       3.7G       114M       5.7M        28M       3.2G

MemTotal:        4016004 kB
MemFree:          118032 kB
Active:           351048 kB
Mem:          3.8G       3.7G       115M       5.7M        28M       3.2G

MemTotal:        4016004 kB
MemFree:          117908 kB
Active:           351064 kB
Mem:          3.8G       3.7G       115M       5.7M        28M       3.2G

MemTotal:        4016004 kB
MemFree:          117784 kB
Active:           351088 kB
Mem:          3.8G       3.7G       115M       5.7M        28M       3.2G

MemTotal:        4016004 kB
MemFree:          118156 kB
Active:           351084 kB
Mem:          3.8G       3.7G       115M       5.7M        28M       3.2G

MemTotal:        4016004 kB
MemFree:          118156 kB
Active:           351044 kB
Mem:          3.8G       3.7G       115M       5.7M        28M       3.2G

MemTotal:        4016004 kB
MemFree:          117660 kB
Active:           351096 kB
Mem:          3.8G       3.7G       114M       5.7M        28M       3.2G

MemTotal:        4016004 kB
MemFree:          118280 kB
Active:           351080 kB
Mem:          3.8G       3.7G       115M       5.7M        28M       3.2G

MemTotal:        4016004 kB
MemFree:          118156 kB
Active:           351096 kB
Mem:          3.8G       3.7G       115M       5.7M        28M       3.2G

MemTotal:        4016004 kB
MemFree:          118280 kB
Active:           351080 kB
Mem:          3.8G       3.7G       115M       5.7M        28M       3.2G

MemTotal:        4016004 kB
MemFree:          118652 kB
Active:           351084 kB
Mem:          3.8G       3.7G       116M       5.7M        28M       3.2G

MemTotal:        4016004 kB
MemFree:          118652 kB
Active:           351084 kB
Mem:          3.8G       3.7G       116M       5.7M        28M       3.2G

MemTotal:        4016004 kB
MemFree:          118776 kB
Active:           351088 kB
Mem:          3.8G       3.7G       116M       5.7M        28M       3.2G

MemTotal:        4016004 kB
MemFree:          118776 kB
Active:           351096 kB
Mem:          3.8G       3.7G       116M       5.7M        28M       3.2G

MemTotal:        4016004 kB
MemFree:          118404 kB
Active:           351084 kB
Mem:          3.8G       3.7G       115M       5.7M        28M       3.2G

MemTotal:        4016004 kB
MemFree:          118404 kB
Active:           351084 kB
Mem:          3.8G       3.7G       115M       5.7M        28M       3.2G

MemTotal:        4016004 kB
MemFree:          118900 kB
Active:           351060 kB
Mem:          3.8G       3.7G       116M       5.7M        28M       3.2G

MemTotal:        4016004 kB
MemFree:          118900 kB
Active:           351060 kB
Mem:          3.8G       3.7G       116M       5.7M        28M       3.2G

MemTotal:        4016004 kB
MemFree:          118652 kB
Active:           351076 kB
Mem:          3.8G       3.7G       116M       5.7M        28M       3.2G

MemTotal:        4016004 kB
MemFree:          118900 kB
Active:           351060 kB
Mem:          3.8G       3.7G       116M       5.7M        28M       3.2G

MemTotal:        4016004 kB
MemFree:          118900 kB
Active:           351076 kB
Mem:          3.8G       3.7G       116M       5.7M        28M       3.2G

MemTotal:        4016004 kB
MemFree:          118528 kB
Active:           351056 kB
Mem:          3.8G       3.7G       115M       5.7M        28M       3.2G

MemTotal:        4016004 kB
MemFree:          118156 kB
Active:           351112 kB
Mem:          3.8G       3.7G       115M       5.7M        28M       3.2G

MemTotal:        4016004 kB
MemFree:          118652 kB
Active:           351068 kB
Mem:          3.8G       3.7G       115M       5.7M        28M       3.2G

MemTotal:        4016004 kB
MemFree:          118528 kB
Active:           351064 kB
Mem:          3.8G       3.7G       115M       5.7M        28M       3.2G

MemTotal:        4016004 kB
MemFree:          118032 kB
Active:           351128 kB
Mem:          3.8G       3.7G       115M       5.7M        28M       3.2G

MemTotal:        4016004 kB
MemFree:          118404 kB
Active:           351112 kB
Mem:          3.8G       3.7G       115M       5.7M        28M       3.2G

MemTotal:        4016004 kB
MemFree:          118404 kB
Active:           351100 kB
Mem:          3.8G       3.7G       115M       5.7M        28M       3.2G

MemTotal:        4016004 kB
MemFree:          118156 kB
Active:           351084 kB
Mem:          3.8G       3.7G       115M       5.7M        28M       3.2G

MemTotal:        4016004 kB
MemFree:          118280 kB
Active:           351084 kB
Mem:          3.8G       3.7G       115M       5.7M        28M       3.2G

MemTotal:        4016004 kB
MemFree:          118404 kB
Active:           351088 kB
Mem:          3.8G       3.7G       115M       5.7M        28M       3.2G

MemTotal:        4016004 kB
MemFree:          117784 kB
Active:           351136 kB
Mem:          3.8G       3.7G       115M       5.7M        28M       3.2G

MemTotal:        4016004 kB
MemFree:          118280 kB
Active:           351084 kB
Mem:          3.8G       3.7G       115M       5.7M        28M       3.2G

MemTotal:        4016004 kB
MemFree:          118652 kB
Active:           351128 kB
Mem:          3.8G       3.7G       115M       5.7M        28M       3.2G

MemTotal:        4016004 kB
MemFree:          118652 kB
Active:           351112 kB
Mem:          3.8G       3.7G       115M       5.7M        28M       3.2G

MemTotal:        4016004 kB
MemFree:          118420 kB
Active:           351144 kB
Mem:          3.8G       3.7G       115M       5.7M        28M       3.2G

MemTotal:        4016004 kB
MemFree:          118792 kB
Active:           351104 kB
Mem:          3.8G       3.7G       116M       5.7M        28M       3.2G

MemTotal:        4016004 kB
MemFree:          118668 kB
Active:           351100 kB
Mem:          3.8G       3.7G       115M       5.7M        28M       3.2G

MemTotal:        4016004 kB
MemFree:          118304 kB
Active:           351144 kB
Mem:          3.8G       3.7G       115M       5.7M        28M       3.2G

MemTotal:        4016004 kB
MemFree:          118056 kB
Active:           351152 kB
Mem:          3.8G       3.7G       115M       5.7M        28M       3.2G

MemTotal:        4016004 kB
MemFree:          118428 kB
Active:           351116 kB
Mem:          3.8G       3.7G       115M       5.7M        28M       3.2G

MemTotal:        4016004 kB
MemFree:          118428 kB
Active:           351108 kB
Mem:          3.8G       3.7G       115M       5.7M        28M       3.2G

MemTotal:        4016004 kB
MemFree:          118428 kB
Active:           351108 kB
Mem:          3.8G       3.7G       115M       5.7M        28M       3.2G

MemTotal:        4016004 kB
MemFree:          118552 kB
Active:           351152 kB
Mem:          3.8G       3.7G       115M       5.7M        28M       3.2G

MemTotal:        4016004 kB
MemFree:          118552 kB
Active:           351116 kB
Mem:          3.8G       3.7G       115M       5.7M        28M       3.2G

MemTotal:        4016004 kB
MemFree:          118676 kB
Active:           351124 kB
Mem:          3.8G       3.7G       115M       5.7M        28M       3.2G

MemTotal:        4016004 kB
MemFree:          118056 kB
Active:           351168 kB
Mem:          3.8G       3.7G       115M       5.7M        28M       3.2G

MemTotal:        4016004 kB
MemFree:          118552 kB
Active:           351156 kB
Mem:          3.8G       3.7G       115M       5.7M        28M       3.2G

MemTotal:        4016004 kB
MemFree:          118552 kB
Active:           351152 kB
Mem:          3.8G       3.7G       115M       5.7M        28M       3.2G

MemTotal:        4016004 kB
MemFree:          118560 kB
Active:           351140 kB
Mem:          3.8G       3.7G       115M       5.7M        28M       3.2G

MemTotal:        4016004 kB
MemFree:          118560 kB
Active:           351164 kB
Mem:          3.8G       3.7G       115M       5.7M        28M       3.2G

MemTotal:        4016004 kB
MemFree:          118436 kB
Active:           351172 kB
Mem:          3.8G       3.7G       115M       5.7M        28M       3.2G

MemTotal:        4016004 kB
MemFree:          118436 kB
Active:           351132 kB
Mem:          3.8G       3.7G       115M       5.7M        28M       3.2G

MemTotal:        4016004 kB
MemFree:          118188 kB
Active:           351176 kB
Mem:          3.8G       3.7G       115M       5.7M        28M       3.2G

MemTotal:        4016004 kB
MemFree:          118312 kB
Active:           351168 kB
Mem:          3.8G       3.7G       115M       5.7M        28M       3.2G

MemTotal:        4016004 kB
MemFree:          118436 kB
Active:           351120 kB
Mem:          3.8G       3.7G       115M       5.7M        28M       3.2G

MemTotal:        4016004 kB
MemFree:          118188 kB
Active:           351172 kB
Mem:          3.8G       3.7G       115M       5.7M        28M       3.2G

MemTotal:        4016004 kB
MemFree:          118312 kB
Active:           351128 kB
Mem:          3.8G       3.7G       115M       5.7M        28M       3.2G

MemTotal:        4016004 kB
MemFree:          117940 kB
Active:           351176 kB
Mem:          3.8G       3.7G       115M       5.7M        28M       3.2G

MemTotal:        4016004 kB
MemFree:          118560 kB
Active:           351152 kB
Mem:          3.8G       3.7G       115M       5.7M        28M       3.2G

MemTotal:        4016004 kB
MemFree:          118188 kB
Active:           351188 kB
Mem:          3.8G       3.7G       115M       5.7M        28M       3.2G

MemTotal:        4016004 kB
MemFree:          118560 kB
Active:           351160 kB
Mem:          3.8G       3.7G       115M       5.7M        28M       3.2G

MemTotal:        4016004 kB
MemFree:          118312 kB
Active:           351176 kB
Mem:          3.8G       3.7G       115M       5.7M        28M       3.2G

MemTotal:        4016004 kB
MemFree:          117940 kB
Active:           351188 kB
Mem:          3.8G       3.7G       115M       5.7M        28M       3.2G

MemTotal:        4016004 kB
MemFree:          118188 kB
Active:           351168 kB
Mem:          3.8G       3.7G       115M       5.7M        28M       3.2G

MemTotal:        4016004 kB
MemFree:          117816 kB
Active:           351188 kB
Mem:          3.8G       3.7G       115M       5.7M        28M       3.2G

MemTotal:        4016004 kB
MemFree:          118064 kB
Active:           351140 kB
Mem:          3.8G       3.7G       115M       5.7M        28M       3.2G

MemTotal:        4016004 kB
MemFree:          118188 kB
Active:           351152 kB
Mem:          3.8G       3.7G       115M       5.7M        28M       3.2G

MemTotal:        4016004 kB
MemFree:          118560 kB
Active:           351160 kB
Mem:          3.8G       3.7G       115M       5.7M        28M       3.2G

MemTotal:        4016004 kB
MemFree:          118436 kB
Active:           351152 kB
Mem:          3.8G       3.7G       115M       5.7M        28M       3.2G

MemTotal:        4016004 kB
MemFree:          118188 kB
Active:           351196 kB
Mem:          3.8G       3.7G       115M       5.7M        28M       3.2G

MemTotal:        4016004 kB
MemFree:          118436 kB
Active:           351152 kB
Mem:          3.8G       3.7G       115M       5.7M        28M       3.2G

MemTotal:        4016004 kB
MemFree:          118436 kB
Active:           351160 kB
Mem:          3.8G       3.7G       115M       5.7M        28M       3.2G

MemTotal:        4016004 kB
MemFree:          118312 kB
Active:           351180 kB
Mem:          3.8G       3.7G       115M       5.7M        28M       3.2G

MemTotal:        4016004 kB
MemFree:          118312 kB
Active:           351176 kB
Mem:          3.8G       3.7G       115M       5.7M        28M       3.2G

MemTotal:        4016004 kB
MemFree:          118312 kB
Active:           351176 kB
Mem:          3.8G       3.7G       115M       5.7M        28M       3.2G

MemTotal:        4016004 kB
MemFree:          118312 kB
Active:           351160 kB
Mem:          3.8G       3.7G       115M       5.7M        28M       3.2G

MemTotal:        4016004 kB
MemFree:          117940 kB
Active:           351204 kB
Mem:          3.8G       3.7G       115M       5.7M        28M       3.2G

MemTotal:        4016004 kB
MemFree:          118436 kB
Active:           351152 kB
Mem:          3.8G       3.7G       115M       5.7M        28M       3.2G

MemTotal:        4016004 kB
MemFree:          118312 kB
Active:           351208 kB
Mem:          3.8G       3.7G       115M       5.7M        28M       3.2G

MemTotal:        4016004 kB
MemFree:          118312 kB
Active:           351208 kB
Mem:          3.8G       3.7G       115M       5.7M        28M       3.2G

MemTotal:        4016004 kB
MemFree:          118312 kB
Active:           351200 kB
Mem:          3.8G       3.7G       115M       5.7M        28M       3.2G

MemTotal:        4016004 kB
MemFree:          118312 kB
Active:           351200 kB
Mem:          3.8G       3.7G       115M       5.7M        28M       3.2G

MemTotal:        4016004 kB
MemFree:          118188 kB
Active:           351184 kB
Mem:          3.8G       3.7G       115M       5.7M        28M       3.2G

MemTotal:        4016004 kB
MemFree:          118064 kB
Active:           351224 kB
Mem:          3.8G       3.7G       115M       5.7M        28M       3.2G

MemTotal:        4016004 kB
MemFree:          118560 kB
Active:           351184 kB
Mem:          3.8G       3.7G       115M       5.7M        28M       3.2G

MemTotal:        4016004 kB
MemFree:          118188 kB
Active:           351232 kB
Mem:          3.8G       3.7G       115M       5.7M        28M       3.2G

MemTotal:        4016004 kB
MemFree:          118312 kB
Active:           351184 kB
Mem:          3.8G       3.7G       115M       5.7M        28M       3.2G

MemTotal:        4016004 kB
MemFree:          118312 kB
Active:           351180 kB
Mem:          3.8G       3.7G       115M       5.7M        28M       3.2G

MemTotal:        4016004 kB
MemFree:          118312 kB
Active:           351228 kB
Mem:          3.8G       3.7G       115M       5.7M        28M       3.2G

MemTotal:        4016004 kB
MemFree:          118560 kB
Active:           351196 kB
Mem:          3.8G       3.7G       115M       5.7M        28M       3.2G

MemTotal:        4016004 kB
MemFree:          118064 kB
Active:           351244 kB
Mem:          3.8G       3.7G       115M       5.7M        28M       3.2G

MemTotal:        4016004 kB
MemFree:          118436 kB
Active:           351192 kB
Mem:          3.8G       3.7G       115M       5.7M        28M       3.2G

MemTotal:        4016004 kB
MemFree:          118436 kB
Active:           351192 kB
Mem:          3.8G       3.7G       115M       5.7M        28M       3.2G

MemTotal:        4016004 kB
MemFree:          118808 kB
Active:           351192 kB
Mem:          3.8G       3.7G       115M       5.7M        28M       3.2G

MemTotal:        4016004 kB
MemFree:          118808 kB
Active:           351196 kB
Mem:          3.8G       3.7G       115M       5.7M        28M       3.2G

MemTotal:        4016004 kB
MemFree:          118188 kB
Active:           351256 kB
Mem:          3.8G       3.7G       115M       5.7M        28M       3.2G

MemTotal:        4016004 kB
MemFree:          118436 kB
Active:           351208 kB
Mem:          3.8G       3.7G       115M       5.7M        28M       3.2G

MemTotal:        4016004 kB
MemFree:          117816 kB
Active:           351264 kB
Mem:          3.8G       3.7G       115M       5.7M        28M       3.2G

MemTotal:        4016004 kB
MemFree:          118312 kB
Active:           351212 kB
Mem:          3.8G       3.7G       115M       5.7M        28M       3.2G

MemTotal:        4016004 kB
MemFree:          118312 kB
Active:           351252 kB
Mem:          3.8G       3.7G       115M       5.7M        28M       3.2G

MemTotal:        4016004 kB
MemFree:          118064 kB
Active:           351208 kB
Mem:          3.8G       3.7G       115M       5.7M        28M       3.2G

MemTotal:        4016004 kB
MemFree:          118436 kB
Active:           351256 kB
Mem:          3.8G       3.7G       115M       5.7M        28M       3.2G

MemTotal:        4016004 kB
MemFree:          118188 kB
Active:           351240 kB
Mem:          3.8G       3.7G       115M       5.7M        28M       3.2G

MemTotal:        4016004 kB
MemFree:          117940 kB
Active:           351268 kB
Mem:          3.8G       3.7G       115M       5.7M        28M       3.2G

MemTotal:        4016004 kB
MemFree:          118064 kB
Active:           351224 kB
Mem:          3.8G       3.7G       115M       5.7M        28M       3.2G

MemTotal:        4016004 kB
MemFree:          118064 kB
Active:           351212 kB
Mem:          3.8G       3.7G       114M       5.7M        28M       3.2G

MemTotal:        4016004 kB
MemFree:          117808 kB
Active:           351400 kB
Mem:          3.8G       3.7G       115M       5.7M        28M       3.2G

MemTotal:        4016004 kB
MemFree:          117560 kB
Active:           351420 kB
Mem:          3.8G       3.7G       115M       5.7M        28M       3.2G

MemTotal:        4016004 kB
MemFree:          117808 kB
Active:           351364 kB
Mem:          3.8G       3.7G       115M       5.7M        28M       3.2G

MemTotal:        4016004 kB
MemFree:          117312 kB
Active:           351552 kB
Mem:          3.8G       3.7G       114M       5.7M        28M       3.2G

