MemTotal:        4016004 kB
MemFree:         3207192 kB
Active:           455368 kB
Mem:          3.8G       790M       3.1G       5.7M        55M       327M

MemTotal:        4016004 kB
MemFree:         3207804 kB
Active:           455336 kB
Mem:          3.8G       789M       3.1G       5.7M        55M       327M

MemTotal:        4016004 kB
MemFree:         3207680 kB
Active:           455456 kB
Mem:          3.8G       789M       3.1G       5.7M        55M       327M

MemTotal:        4016004 kB
MemFree:         3207556 kB
Active:           455428 kB
Mem:          3.8G       789M       3.1G       5.7M        55M       327M

MemTotal:        4016004 kB
MemFree:         3207556 kB
Active:           455408 kB
Mem:          3.8G       789M       3.1G       5.7M        55M       327M

MemTotal:        4016004 kB
MemFree:         3207680 kB
Active:           455420 kB
Mem:          3.8G       789M       3.1G       5.7M        55M       327M

MemTotal:        4016004 kB
MemFree:         3207788 kB
Active:           455456 kB
Mem:          3.8G       789M       3.1G       5.7M        55M       327M

MemTotal:        4016004 kB
MemFree:         3207540 kB
Active:           455476 kB
Mem:          3.8G       789M       3.1G       5.7M        55M       327M

MemTotal:        4016004 kB
MemFree:         3207912 kB
Active:           455436 kB
Mem:          3.8G       788M       3.1G       5.7M        55M       327M

MemTotal:        4016004 kB
MemFree:         3208284 kB
Active:           455420 kB
Mem:          3.8G       788M       3.1G       5.7M        55M       327M

MemTotal:        4016004 kB
MemFree:         3207912 kB
Active:           455456 kB
Mem:          3.8G       789M       3.1G       5.7M        55M       327M

MemTotal:        4016004 kB
MemFree:         3208036 kB
Active:           455476 kB
Mem:          3.8G       789M       3.1G       5.7M        55M       327M

MemTotal:        4016004 kB
MemFree:         3207788 kB
Active:           455424 kB
Mem:          3.8G       789M       3.1G       5.7M        55M       327M

MemTotal:        4016004 kB
MemFree:         3207788 kB
Active:           455460 kB
Mem:          3.8G       789M       3.1G       5.7M        55M       327M

MemTotal:        4016004 kB
MemFree:         3207820 kB
Active:           455468 kB
Mem:          3.8G       789M       3.1G       5.7M        55M       327M

MemTotal:        4016004 kB
MemFree:         3207572 kB
Active:           455432 kB
Mem:          3.8G       789M       3.1G       5.7M        55M       327M

MemTotal:        4016004 kB
MemFree:         3207324 kB
Active:           455444 kB
Mem:          3.8G       789M       3.1G       5.7M        55M       327M

MemTotal:        4016004 kB
MemFree:         3207416 kB
Active:           455468 kB
Mem:          3.8G       789M       3.1G       5.7M        55M       327M

MemTotal:        4016004 kB
MemFree:         3207168 kB
Active:           455484 kB
Mem:          3.8G       789M       3.1G       5.7M        55M       327M

MemTotal:        4016004 kB
MemFree:         3207664 kB
Active:           455428 kB
Mem:          3.8G       789M       3.1G       5.7M        55M       327M

MemTotal:        4016004 kB
MemFree:         3207524 kB
Active:           455476 kB
Mem:          3.8G       789M       3.1G       5.7M        55M       327M

MemTotal:        4016004 kB
MemFree:         3207508 kB
Active:           455464 kB
Mem:          3.8G       789M       3.1G       5.7M        55M       327M

MemTotal:        4016004 kB
MemFree:         3207072 kB
Active:           453456 kB
Mem:          3.8G       789M       3.1G       5.7M        55M       327M

MemTotal:        4016004 kB
MemFree:         3207568 kB
Active:           455488 kB
Mem:          3.8G       789M       3.1G       5.7M        55M       327M

MemTotal:        4016004 kB
MemFree:         3207460 kB
Active:           455480 kB
Mem:          3.8G       789M       3.1G       5.7M        55M       327M

MemTotal:        4016004 kB
MemFree:         3207832 kB
Active:           455472 kB
Mem:          3.8G       789M       3.1G       5.7M        55M       327M

MemTotal:        4016004 kB
MemFree:         3208080 kB
Active:           455468 kB
Mem:          3.8G       789M       3.1G       5.7M        55M       327M

MemTotal:        4016004 kB
MemFree:         3208080 kB
Active:           455500 kB
Mem:          3.8G       788M       3.1G       5.7M        55M       327M

MemTotal:        4016004 kB
MemFree:         3207708 kB
Active:           455512 kB
Mem:          3.8G       789M       3.1G       5.7M        55M       327M

MemTotal:        4016004 kB
MemFree:         3207468 kB
Active:           455512 kB
Mem:          3.8G       789M       3.1G       5.7M        55M       327M

MemTotal:        4016004 kB
MemFree:         3207840 kB
Active:           455476 kB
Mem:          3.8G       789M       3.1G       5.7M        55M       327M

MemTotal:        4016004 kB
MemFree:         3207468 kB
Active:           455512 kB
Mem:          3.8G       789M       3.1G       5.7M        55M       327M

MemTotal:        4016004 kB
MemFree:         3204860 kB
Active:           455500 kB
Mem:          3.8G       791M       3.1G       5.7M        55M       327M

MemTotal:        4016004 kB
MemFree:         3205340 kB
Active:           457544 kB
Mem:          3.8G       791M       3.1G       5.7M        55M       327M

MemTotal:        4016004 kB
MemFree:         3205324 kB
Active:           457524 kB
Mem:          3.8G       791M       3.1G       5.7M        55M       327M

MemTotal:        4016004 kB
MemFree:         3205448 kB
Active:           457556 kB
Mem:          3.8G       791M       3.1G       5.7M        55M       327M

MemTotal:        4016004 kB
MemFree:         3205076 kB
Active:           457524 kB
Mem:          3.8G       791M       3.1G       5.7M        55M       327M

MemTotal:        4016004 kB
MemFree:         3205076 kB
Active:           457564 kB
Mem:          3.8G       791M       3.1G       5.7M        55M       327M

MemTotal:        4016004 kB
MemFree:         3204704 kB
Active:           457568 kB
Mem:          3.8G       792M       3.1G       5.7M        55M       327M

MemTotal:        4016004 kB
MemFree:         3205324 kB
Active:           457540 kB
Mem:          3.8G       791M       3.1G       5.7M        55M       327M

MemTotal:        4016004 kB
MemFree:         3205324 kB
Active:           457532 kB
Mem:          3.8G       791M       3.1G       5.7M        55M       327M

MemTotal:        4016004 kB
MemFree:         3205680 kB
Active:           457540 kB
Mem:          3.8G       791M       3.1G       5.7M        55M       327M

MemTotal:        4016004 kB
MemFree:         3205180 kB
Active:           455508 kB
Mem:          3.8G       791M       3.1G       5.7M        55M       327M

MemTotal:        4016004 kB
MemFree:         3205428 kB
Active:           457540 kB
Mem:          3.8G       791M       3.1G       5.7M        55M       327M

MemTotal:        4016004 kB
MemFree:         3205304 kB
Active:           457540 kB
Mem:          3.8G       791M       3.1G       5.7M        55M       327M

MemTotal:        4016004 kB
MemFree:         3205552 kB
Active:           457560 kB
Mem:          3.8G       791M       3.1G       5.7M        55M       327M

MemTotal:        4016004 kB
MemFree:         3205492 kB
Active:           457528 kB
Mem:          3.8G       791M       3.1G       5.7M        55M       327M

MemTotal:        4016004 kB
MemFree:         3205616 kB
Active:           457532 kB
Mem:          3.8G       791M       3.1G       5.7M        55M       327M

MemTotal:        4016004 kB
MemFree:         3205740 kB
Active:           457556 kB
Mem:          3.8G       791M       3.1G       5.7M        55M       327M

MemTotal:        4016004 kB
MemFree:         3205616 kB
Active:           457584 kB
Mem:          3.8G       791M       3.1G       5.7M        55M       327M

MemTotal:        4016004 kB
MemFree:         3205740 kB
Active:           457548 kB
Mem:          3.8G       791M       3.1G       5.7M        55M       327M

MemTotal:        4016004 kB
MemFree:         3205740 kB
Active:           457572 kB
Mem:          3.8G       791M       3.1G       5.7M        55M       327M

MemTotal:        4016004 kB
MemFree:         3205616 kB
Active:           457588 kB
Mem:          3.8G       791M       3.1G       5.7M        55M       327M

MemTotal:        4016004 kB
MemFree:         3205492 kB
Active:           457584 kB
Mem:          3.8G       791M       3.1G       5.7M        55M       327M

MemTotal:        4016004 kB
MemFree:         3205740 kB
Active:           457564 kB
Mem:          3.8G       791M       3.1G       5.7M        55M       327M

MemTotal:        4016004 kB
MemFree:         3205616 kB
Active:           457612 kB
Mem:          3.8G       791M       3.1G       5.7M        55M       327M

MemTotal:        4016004 kB
MemFree:         3205244 kB
Active:           457616 kB
Mem:          3.8G       791M       3.1G       5.7M        55M       327M

MemTotal:        4016004 kB
MemFree:         3205492 kB
Active:           457600 kB
Mem:          3.8G       791M       3.1G       5.7M        55M       327M

MemTotal:        4016004 kB
MemFree:         3205616 kB
Active:           457616 kB
Mem:          3.8G       791M       3.1G       5.7M        55M       327M

MemTotal:        4016004 kB
MemFree:         3205104 kB
Active:           457624 kB
Mem:          3.8G       791M       3.1G       5.7M        55M       327M

MemTotal:        4016004 kB
MemFree:         3205368 kB
Active:           457756 kB
Mem:          3.8G       791M       3.1G       5.7M        55M       327M

MemTotal:        4016004 kB
MemFree:         3088856 kB
Active:           458340 kB
Mem:          3.8G       907M       2.9G       5.7M        55M       441M

MemTotal:        4016004 kB
MemFree:         3085872 kB
Active:           458404 kB
Mem:          3.8G       908M       2.9G       5.7M        55M       441M

MemTotal:        4016004 kB
MemFree:         3033376 kB
Active:           458396 kB
Mem:          3.8G       961M       2.9G       5.7M        55M       494M

MemTotal:        4016004 kB
MemFree:         2920280 kB
Active:           458376 kB
Mem:          3.8G       1.0G       2.8G       5.7M        55M       602M

MemTotal:        4016004 kB
MemFree:         2800348 kB
Active:           458372 kB
Mem:          3.8G       1.2G       2.7G       5.7M        55M       718M

MemTotal:        4016004 kB
MemFree:         2734636 kB
Active:           458352 kB
Mem:          3.8G       1.2G       2.6G       5.7M        55M       780M

MemTotal:        4016004 kB
MemFree:         2712364 kB
Active:           458400 kB
Mem:          3.8G       1.2G       2.6G       5.7M        55M       803M

MemTotal:        4016004 kB
MemFree:         2634256 kB
Active:           458392 kB
Mem:          3.8G       1.3G       2.5G       5.7M        55M       876M

MemTotal:        4016004 kB
MemFree:         2632788 kB
Active:           458432 kB
Mem:          3.8G       1.3G       2.5G       5.7M        55M       877M

MemTotal:        4016004 kB
MemFree:         2631580 kB
Active:           458440 kB
Mem:          3.8G       1.3G       2.5G       5.7M        55M       878M

MemTotal:        4016004 kB
MemFree:         2630052 kB
Active:           456532 kB
Mem:          3.8G       1.3G       2.5G       5.7M        55M       879M

MemTotal:        4016004 kB
MemFree:         2629584 kB
Active:           458432 kB
Mem:          3.8G       1.3G       2.5G       5.7M        55M       880M

MemTotal:        4016004 kB
MemFree:         2573028 kB
Active:           458428 kB
Mem:          3.8G       1.4G       2.4G       5.7M        55M       938M

MemTotal:        4016004 kB
MemFree:         2435440 kB
Active:           458468 kB
Mem:          3.8G       1.5G       2.3G       5.7M        55M       1.0G

MemTotal:        4016004 kB
MemFree:         2307944 kB
Active:           458468 kB
Mem:          3.8G       1.6G       2.2G       5.7M        55M       1.2G

MemTotal:        4016004 kB
MemFree:         2282208 kB
Active:           458468 kB
Mem:          3.8G       1.7G       2.2G       5.7M        55M       1.2G

MemTotal:        4016004 kB
MemFree:         2207528 kB
Active:           458468 kB
Mem:          3.8G       1.7G       2.1G       5.7M        55M       1.3G

MemTotal:        4016004 kB
MemFree:         2181296 kB
Active:           458480 kB
Mem:          3.8G       1.7G       2.1G       5.7M        55M       1.3G

MemTotal:        4016004 kB
MemFree:         2121344 kB
Active:           458480 kB
Mem:          3.8G       1.8G       2.0G       5.7M        55M       1.3G

MemTotal:        4016004 kB
MemFree:         2082580 kB
Active:           458488 kB
Mem:          3.8G       1.8G       2.0G       5.7M        55M       1.4G

MemTotal:        4016004 kB
MemFree:         2082500 kB
Active:           458504 kB
Mem:          3.8G       1.8G       2.0G       5.7M        55M       1.4G

MemTotal:        4016004 kB
MemFree:         2080392 kB
Active:           458484 kB
Mem:          3.8G       1.8G       2.0G       5.7M        55M       1.4G

MemTotal:        4016004 kB
MemFree:         2079372 kB
Active:           458532 kB
Mem:          3.8G       1.8G       2.0G       5.7M        55M       1.4G

MemTotal:        4016004 kB
MemFree:         2069880 kB
Active:           458524 kB
Mem:          3.8G       1.9G       2.0G       5.7M        55M       1.4G

MemTotal:        4016004 kB
MemFree:         1960380 kB
Active:           458512 kB
Mem:          3.8G       2.0G       1.9G       5.7M        55M       1.5G

MemTotal:        4016004 kB
MemFree:         1823180 kB
Active:           458512 kB
Mem:          3.8G       2.1G       1.7G       5.7M        55M       1.6G

MemTotal:        4016004 kB
MemFree:         1732896 kB
Active:           458536 kB
Mem:          3.8G       2.2G       1.7G       5.7M        55M       1.7G

MemTotal:        4016004 kB
MemFree:         1731768 kB
Active:           458536 kB
Mem:          3.8G       2.2G       1.7G       5.7M        55M       1.7G

MemTotal:        4016004 kB
MemFree:         1634284 kB
Active:           458492 kB
Mem:          3.8G       2.3G       1.6G       5.7M        55M       1.8G

MemTotal:        4016004 kB
MemFree:         1617444 kB
Active:           458552 kB
Mem:          3.8G       2.3G       1.5G       5.7M        55M       1.8G

MemTotal:        4016004 kB
MemFree:         1533732 kB
Active:           456812 kB
Mem:          3.8G       2.4G       1.5G       5.7M        55M       1.9G

MemTotal:        4016004 kB
MemFree:         1533380 kB
Active:           458676 kB
Mem:          3.8G       2.4G       1.5G       5.7M        55M       1.9G

MemTotal:        4016004 kB
MemFree:         1437244 kB
Active:           458708 kB
Mem:          3.8G       2.5G       1.4G       5.7M        55M       2.0G

MemTotal:        4016004 kB
MemFree:         1434080 kB
Active:           458712 kB
Mem:          3.8G       2.5G       1.4G       5.7M        55M       2.0G

MemTotal:        4016004 kB
MemFree:         1432056 kB
Active:           458724 kB
Mem:          3.8G       2.5G       1.4G       5.7M        55M       2.0G

MemTotal:        4016004 kB
MemFree:         1431020 kB
Active:           458684 kB
Mem:          3.8G       2.5G       1.4G       5.7M        55M       2.0G

MemTotal:        4016004 kB
MemFree:         1430036 kB
Active:           458716 kB
Mem:          3.8G       2.5G       1.4G       5.7M        55M       2.0G

MemTotal:        4016004 kB
MemFree:         1342364 kB
Active:           458728 kB
Mem:          3.8G       2.6G       1.3G       5.7M        55M       2.1G

MemTotal:        4016004 kB
MemFree:         1219084 kB
Active:           458728 kB
Mem:          3.8G       2.7G       1.2G       5.7M        55M       2.2G

MemTotal:        4016004 kB
MemFree:         1092440 kB
Active:           458736 kB
Mem:          3.8G       2.8G       1.0G       5.7M        55M       2.3G

MemTotal:        4016004 kB
MemFree:         1085600 kB
Active:           458740 kB
Mem:          3.8G       2.8G       1.0G       5.7M        55M       2.3G

MemTotal:        4016004 kB
MemFree:          993168 kB
Active:           458732 kB
Mem:          3.8G       2.9G       968M       5.7M        55M       2.4G

MemTotal:        4016004 kB
MemFree:          986640 kB
Active:           458732 kB
Mem:          3.8G       2.9G       963M       5.7M        55M       2.4G

MemTotal:        4016004 kB
MemFree:          945288 kB
Active:           458744 kB
Mem:          3.8G       2.9G       921M       5.7M        56M       2.4G

MemTotal:        4016004 kB
MemFree:          887528 kB
Active:           458768 kB
Mem:          3.8G       3.0G       866M       5.7M        56M       2.5G

MemTotal:        4016004 kB
MemFree:          810040 kB
Active:           458736 kB
Mem:          3.8G       3.1G       789M       5.7M        56M       2.6G

MemTotal:        4016004 kB
MemFree:          795828 kB
Active:           458748 kB
Mem:          3.8G       3.1G       777M       5.7M        56M       2.6G

MemTotal:        4016004 kB
MemFree:          794276 kB
Active:           458772 kB
Mem:          3.8G       3.1G       775M       5.7M        56M       2.6G

MemTotal:        4016004 kB
MemFree:          792480 kB
Active:           458764 kB
Mem:          3.8G       3.1G       773M       5.7M        56M       2.6G

MemTotal:        4016004 kB
MemFree:          792176 kB
Active:           458764 kB
Mem:          3.8G       3.1G       773M       5.7M        56M       2.6G

MemTotal:        4016004 kB
MemFree:          790620 kB
Active:           456820 kB
Mem:          3.8G       3.1G       772M       5.7M        56M       2.6G

MemTotal:        4016004 kB
MemFree:          674212 kB
Active:           458804 kB
Mem:          3.8G       3.2G       656M       5.7M        56M       2.7G

MemTotal:        4016004 kB
MemFree:          541600 kB
Active:           458804 kB
Mem:          3.8G       3.3G       527M       5.7M        56M       2.8G

MemTotal:        4016004 kB
MemFree:          447116 kB
Active:           458812 kB
Mem:          3.8G       3.4G       436M       5.7M        56M       2.9G

MemTotal:        4016004 kB
MemFree:          427200 kB
Active:           458816 kB
Mem:          3.8G       3.4G       414M       5.7M        56M       2.9G

MemTotal:        4016004 kB
MemFree:          365304 kB
Active:           458784 kB
Mem:          3.8G       3.5G       356M       5.7M        56M       3.0G

MemTotal:        4016004 kB
MemFree:          305936 kB
Active:           458832 kB
Mem:          3.8G       3.5G       296M       5.7M        56M       3.0G

MemTotal:        4016004 kB
MemFree:          280620 kB
Active:           458856 kB
Mem:          3.8G       3.6G       274M       5.7M        56M       3.1G

MemTotal:        4016004 kB
MemFree:          199268 kB
Active:           458856 kB
Mem:          3.8G       3.6G       193M       5.7M        56M       3.1G

MemTotal:        4016004 kB
MemFree:          198396 kB
Active:           458804 kB
Mem:          3.8G       3.6G       193M       5.7M        56M       3.1G

MemTotal:        4016004 kB
MemFree:          197896 kB
Active:           458844 kB
Mem:          3.8G       3.6G       193M       5.7M        56M       3.1G

MemTotal:        4016004 kB
MemFree:          198456 kB
Active:           458852 kB
Mem:          3.8G       3.6G       193M       5.7M        56M       3.1G

MemTotal:        4016004 kB
MemFree:          197408 kB
Active:           458856 kB
Mem:          3.8G       3.6G       192M       5.7M        56M       3.1G

MemTotal:        4016004 kB
MemFree:          121844 kB
Active:           457096 kB
Mem:          3.8G       3.7G       139M       5.7M        22M       3.2G

MemTotal:        4016004 kB
MemFree:          124828 kB
Active:           500736 kB
Mem:          3.8G       3.7G       118M       5.7M        22M       3.2G

MemTotal:        4016004 kB
MemFree:          144832 kB
Active:           488252 kB
Mem:          3.8G       3.7G       141M       5.7M        22M       3.2G

MemTotal:        4016004 kB
MemFree:          144864 kB
Active:           487952 kB
Mem:          3.8G       3.7G       141M       5.7M        22M       3.2G

MemTotal:        4016004 kB
MemFree:          144052 kB
Active:           482352 kB
Mem:          3.8G       3.7G       140M       5.7M        22M       3.2G

MemTotal:        4016004 kB
MemFree:          119036 kB
Active:           482208 kB
Mem:          3.8G       3.7G       114M       5.7M        22M       3.3G

MemTotal:        4016004 kB
MemFree:          152884 kB
Active:           473064 kB
Mem:          3.8G       3.7G       149M       5.7M        22M       3.2G

MemTotal:        4016004 kB
MemFree:          152604 kB
Active:           474996 kB
Mem:          3.8G       3.7G       149M       5.7M        22M       3.2G

MemTotal:        4016004 kB
MemFree:          150624 kB
Active:           474972 kB
Mem:          3.8G       3.7G       146M       5.7M        22M       3.2G

MemTotal:        4016004 kB
MemFree:          150036 kB
Active:           474980 kB
Mem:          3.8G       3.7G       146M       5.7M        22M       3.2G

MemTotal:        4016004 kB
MemFree:          114160 kB
Active:           474960 kB
Mem:          3.8G       3.7G       110M       5.7M        22M       3.3G

MemTotal:        4016004 kB
MemFree:          136324 kB
Active:           455448 kB
Mem:          3.8G       3.7G       132M       5.7M        22M       3.2G

MemTotal:        4016004 kB
MemFree:          133796 kB
Active:           447236 kB
Mem:          3.8G       3.7G       128M       5.7M        22M       3.2G

MemTotal:        4016004 kB
MemFree:          142488 kB
Active:           445404 kB
Mem:          3.8G       3.7G       138M       5.7M        22M       3.2G

MemTotal:        4016004 kB
MemFree:          137744 kB
Active:           444036 kB
Mem:          3.8G       3.7G       133M       5.7M        22M       3.2G

MemTotal:        4016004 kB
MemFree:          118224 kB
Active:           443404 kB
Mem:          3.8G       3.7G       115M       5.7M        22M       3.3G

MemTotal:        4016004 kB
MemFree:          142740 kB
Active:           438448 kB
Mem:          3.8G       3.7G       139M       5.7M        22M       3.2G

MemTotal:        4016004 kB
MemFree:          123192 kB
Active:           437928 kB
Mem:          3.8G       3.7G       118M       5.7M        22M       3.2G

MemTotal:        4016004 kB
MemFree:          142176 kB
Active:           436528 kB
Mem:          3.8G       3.7G       139M       5.7M        22M       3.2G

MemTotal:        4016004 kB
MemFree:          140880 kB
Active:           436516 kB
Mem:          3.8G       3.7G       137M       5.7M        22M       3.2G

MemTotal:        4016004 kB
MemFree:          139700 kB
Active:           436504 kB
Mem:          3.8G       3.7G       136M       5.7M        22M       3.2G

MemTotal:        4016004 kB
MemFree:          139552 kB
Active:           436556 kB
Mem:          3.8G       3.7G       136M       5.7M        22M       3.2G

MemTotal:        4016004 kB
MemFree:          122524 kB
Active:           436024 kB
Mem:          3.8G       3.7G       117M       5.7M        22M       3.2G

MemTotal:        4016004 kB
MemFree:          134388 kB
Active:           429948 kB
Mem:          3.8G       3.7G       129M       5.7M        22M       3.2G

MemTotal:        4016004 kB
MemFree:          154204 kB
Active:           424828 kB
Mem:          3.8G       3.7G       147M       5.7M        22M       3.2G

MemTotal:        4016004 kB
MemFree:          143092 kB
Active:           423420 kB
Mem:          3.8G       3.7G       139M       5.7M        22M       3.2G

MemTotal:        4016004 kB
MemFree:          115544 kB
Active:           423372 kB
Mem:          3.8G       3.7G       111M       5.7M        22M       3.3G

MemTotal:        4016004 kB
MemFree:          137836 kB
Active:           421120 kB
Mem:          3.8G       3.7G       134M       5.7M        22M       3.2G

MemTotal:        4016004 kB
MemFree:          136348 kB
Active:           420968 kB
Mem:          3.8G       3.7G       133M       5.7M        22M       3.2G

MemTotal:        4016004 kB
MemFree:          107656 kB
Active:           419164 kB
Mem:          3.8G       3.7G       102M       5.7M        22M       3.3G

MemTotal:        4016004 kB
MemFree:          127992 kB
Active:           415092 kB
Mem:          3.8G       3.7G       125M       5.7M        22M       3.2G

MemTotal:        4016004 kB
MemFree:          128012 kB
Active:           414992 kB
Mem:          3.8G       3.7G       125M       5.7M        22M       3.2G

MemTotal:        4016004 kB
MemFree:          125076 kB
Active:           415008 kB
Mem:          3.8G       3.7G       121M       5.7M        22M       3.2G

MemTotal:        4016004 kB
MemFree:          123676 kB
Active:           415036 kB
Mem:          3.8G       3.7G       120M       5.7M        22M       3.2G

MemTotal:        4016004 kB
MemFree:          121260 kB
Active:           414996 kB
Mem:          3.8G       3.7G       118M       5.7M        22M       3.2G

MemTotal:        4016004 kB
MemFree:          120708 kB
Active:           415000 kB
Mem:          3.8G       3.7G       117M       5.7M        22M       3.2G

MemTotal:        4016004 kB
MemFree:          106572 kB
Active:           414736 kB
Mem:          3.8G       3.7G       124M       5.7M        22M       3.2G

MemTotal:        4016004 kB
MemFree:          129248 kB
Active:           410808 kB
Mem:          3.8G       3.7G       122M       5.7M        22M       3.2G

MemTotal:        4016004 kB
MemFree:          113492 kB
Active:           407088 kB
Mem:          3.8G       3.7G       109M       5.7M        22M       3.3G

MemTotal:        4016004 kB
MemFree:          125820 kB
Active:           404660 kB
Mem:          3.8G       3.7G       122M       5.7M        22M       3.2G

MemTotal:        4016004 kB
MemFree:          135492 kB
Active:           403260 kB
Mem:          3.8G       3.7G       129M       5.7M        22M       3.2G

MemTotal:        4016004 kB
MemFree:          120376 kB
Active:           402764 kB
Mem:          3.8G       3.7G       117M       5.7M        22M       3.2G

MemTotal:        4016004 kB
MemFree:          135048 kB
Active:           400104 kB
Mem:          3.8G       3.7G       131M       5.7M        22M       3.2G

MemTotal:        4016004 kB
MemFree:          134184 kB
Active:           398056 kB
Mem:          3.8G       3.7G       130M       5.7M        22M       3.2G

MemTotal:        4016004 kB
MemFree:          133668 kB
Active:           397888 kB
Mem:          3.8G       3.7G       130M       5.7M        22M       3.2G

MemTotal:        4016004 kB
MemFree:          132520 kB
Active:           397940 kB
Mem:          3.8G       3.7G       129M       5.7M        22M       3.2G

MemTotal:        4016004 kB
MemFree:          129828 kB
Active:           397932 kB
Mem:          3.8G       3.7G       126M       5.7M        22M       3.2G

MemTotal:        4016004 kB
MemFree:          130016 kB
Active:           399984 kB
Mem:          3.8G       3.7G       127M       5.7M        22M       3.2G

MemTotal:        4016004 kB
MemFree:          134916 kB
Active:           397668 kB
Mem:          3.8G       3.7G       130M       5.7M        22M       3.2G

MemTotal:        4016004 kB
MemFree:          149880 kB
Active:           392576 kB
Mem:          3.8G       3.7G       144M       5.7M        22M       3.2G

MemTotal:        4016004 kB
MemFree:          140432 kB
Active:           391168 kB
Mem:          3.8G       3.7G       134M       5.7M        22M       3.2G

MemTotal:        4016004 kB
MemFree:          148148 kB
Active:           391040 kB
Mem:          3.8G       3.7G       144M       5.7M        22M       3.2G

MemTotal:        4016004 kB
MemFree:          137272 kB
Active:           391048 kB
Mem:          3.8G       3.7G       134M       5.7M        22M       3.2G

MemTotal:        4016004 kB
MemFree:          135428 kB
Active:           391008 kB
Mem:          3.8G       3.7G       130M       5.7M        22M       3.2G

MemTotal:        4016004 kB
MemFree:          146612 kB
Active:           390900 kB
Mem:          3.8G       3.7G       143M       5.7M        22M       3.2G

MemTotal:        4016004 kB
MemFree:          131844 kB
Active:           390876 kB
Mem:          3.8G       3.7G       126M       5.7M        22M       3.2G

MemTotal:        4016004 kB
MemFree:          138088 kB
Active:           390904 kB
Mem:          3.8G       3.7G       134M       5.7M        22M       3.2G

MemTotal:        4016004 kB
MemFree:          137252 kB
Active:           390916 kB
Mem:          3.8G       3.7G       134M       5.7M        22M       3.2G

MemTotal:        4016004 kB
MemFree:          136020 kB
Active:           390896 kB
Mem:          3.8G       3.7G       132M       5.7M        22M       3.2G

MemTotal:        4016004 kB
MemFree:          131084 kB
Active:           390924 kB
Mem:          3.8G       3.7G       126M       5.7M        22M       3.2G

MemTotal:        4016004 kB
MemFree:          146856 kB
Active:           390848 kB
Mem:          3.8G       3.7G       141M       5.7M        22M       3.2G

MemTotal:        4016004 kB
MemFree:          111556 kB
Active:           390856 kB
Mem:          3.8G       3.7G       108M       5.7M        22M       3.2G

MemTotal:        4016004 kB
MemFree:          144276 kB
Active:           390880 kB
Mem:          3.8G       3.7G       139M       5.7M        22M       3.2G

MemTotal:        4016004 kB
MemFree:          140936 kB
Active:           390772 kB
Mem:          3.8G       3.7G       137M       5.7M        22M       3.2G

MemTotal:        4016004 kB
MemFree:          139408 kB
Active:           390612 kB
Mem:          3.8G       3.7G       136M       5.7M        22M       3.2G

MemTotal:        4016004 kB
MemFree:          141024 kB
Active:           390716 kB
Mem:          3.8G       3.7G       137M       5.7M        22M       3.2G

MemTotal:        4016004 kB
MemFree:          140684 kB
Active:           390772 kB
Mem:          3.8G       3.7G       137M       5.7M        22M       3.2G

MemTotal:        4016004 kB
MemFree:          138692 kB
Active:           390788 kB
Mem:          3.8G       3.7G       135M       5.7M        22M       3.2G

MemTotal:        4016004 kB
MemFree:          137548 kB
Active:           390796 kB
Mem:          3.8G       3.7G       133M       5.7M        22M       3.2G

MemTotal:        4016004 kB
MemFree:          134684 kB
Active:           390796 kB
Mem:          3.8G       3.7G       131M       5.7M        22M       3.2G

MemTotal:        4016004 kB
MemFree:          116276 kB
Active:           390796 kB
Mem:          3.8G       3.7G       113M       5.7M        22M       3.2G

MemTotal:        4016004 kB
MemFree:          115508 kB
Active:           390684 kB
Mem:          3.8G       3.7G       110M       5.7M        22M       3.2G

MemTotal:        4016004 kB
MemFree:          146004 kB
Active:           389652 kB
Mem:          3.8G       3.7G       140M       5.7M        22M       3.2G

MemTotal:        4016004 kB
MemFree:          147408 kB
Active:           389664 kB
Mem:          3.8G       3.7G       143M       5.7M        22M       3.2G

MemTotal:        4016004 kB
MemFree:          117776 kB
Active:           387688 kB
Mem:          3.8G       3.7G       112M       5.7M        22M       3.2G

MemTotal:        4016004 kB
MemFree:          131876 kB
Active:           389736 kB
Mem:          3.8G       3.7G       128M       5.7M        22M       3.2G

MemTotal:        4016004 kB
MemFree:          128528 kB
Active:           389744 kB
Mem:          3.8G       3.7G       132M       5.7M        22M       3.2G

MemTotal:        4016004 kB
MemFree:          111956 kB
Active:           387248 kB
Mem:          3.8G       3.7G       109M       5.7M        22M       3.2G

MemTotal:        4016004 kB
MemFree:          151688 kB
Active:           387264 kB
Mem:          3.8G       3.7G       148M       5.7M        22M       3.2G

MemTotal:        4016004 kB
MemFree:          151504 kB
Active:           387216 kB
Mem:          3.8G       3.7G       147M       5.7M        22M       3.2G

MemTotal:        4016004 kB
MemFree:          150296 kB
Active:           387228 kB
Mem:          3.8G       3.7G       146M       5.7M        22M       3.2G

MemTotal:        4016004 kB
MemFree:          149400 kB
Active:           387272 kB
Mem:          3.8G       3.7G       145M       5.7M        22M       3.2G

MemTotal:        4016004 kB
MemFree:          149284 kB
Active:           387272 kB
Mem:          3.8G       3.7G       145M       5.7M        22M       3.2G

MemTotal:        4016004 kB
MemFree:          122944 kB
Active:           387280 kB
Mem:          3.8G       3.7G       118M       5.7M        22M       3.2G

MemTotal:        4016004 kB
MemFree:          136204 kB
Active:           387284 kB
Mem:          3.8G       3.7G       131M       5.7M        22M       3.2G

MemTotal:        4016004 kB
MemFree:          135300 kB
Active:           382244 kB
Mem:          3.8G       3.7G       129M       5.7M        22M       3.2G

MemTotal:        4016004 kB
MemFree:          122524 kB
Active:           382248 kB
Mem:          3.8G       3.7G       119M       5.7M        22M       3.2G

MemTotal:        4016004 kB
MemFree:          140688 kB
Active:           382244 kB
Mem:          3.8G       3.7G       135M       5.7M        22M       3.2G

MemTotal:        4016004 kB
MemFree:          130548 kB
Active:           382260 kB
Mem:          3.8G       3.7G       127M       5.7M        22M       3.2G

MemTotal:        4016004 kB
MemFree:          139472 kB
Active:           382272 kB
Mem:          3.8G       3.7G       136M       5.7M        22M       3.2G

MemTotal:        4016004 kB
MemFree:          138140 kB
Active:           382268 kB
Mem:          3.8G       3.7G       134M       5.7M        22M       3.2G

MemTotal:        4016004 kB
MemFree:          137384 kB
Active:           382252 kB
Mem:          3.8G       3.7G       133M       5.7M        22M       3.2G

MemTotal:        4016004 kB
MemFree:          136396 kB
Active:           382248 kB
Mem:          3.8G       3.7G       133M       5.7M        22M       3.2G

MemTotal:        4016004 kB
MemFree:          136312 kB
Active:           382248 kB
Mem:          3.8G       3.7G       132M       5.7M        22M       3.2G

MemTotal:        4016004 kB
MemFree:          107104 kB
Active:           382032 kB
Mem:          3.8G       3.7G       124M       5.7M        22M       3.2G

MemTotal:        4016004 kB
MemFree:          123556 kB
Active:           382004 kB
Mem:          3.8G       3.7G       119M       5.7M        22M       3.2G

MemTotal:        4016004 kB
MemFree:          126476 kB
Active:           382016 kB
Mem:          3.8G       3.7G       122M       5.7M        22M       3.2G

MemTotal:        4016004 kB
MemFree:          137336 kB
Active:           382024 kB
Mem:          3.8G       3.7G       134M       5.7M        22M       3.2G

MemTotal:        4016004 kB
MemFree:          123588 kB
Active:           375540 kB
Mem:          3.8G       3.7G       117M       5.7M        22M       3.2G

MemTotal:        4016004 kB
MemFree:          109016 kB
Active:           375432 kB
Mem:          3.8G       3.7G       106M       5.7M        22M       3.2G

MemTotal:        4016004 kB
MemFree:          144908 kB
Active:           375440 kB
Mem:          3.8G       3.7G       141M       5.7M        22M       3.2G

MemTotal:        4016004 kB
MemFree:          144784 kB
Active:           375428 kB
Mem:          3.8G       3.7G       141M       5.7M        22M       3.2G

MemTotal:        4016004 kB
MemFree:          144136 kB
Active:           375448 kB
Mem:          3.8G       3.7G       140M       5.7M        22M       3.2G

MemTotal:        4016004 kB
MemFree:          144108 kB
Active:           375428 kB
Mem:          3.8G       3.7G       140M       5.7M        22M       3.2G

MemTotal:        4016004 kB
MemFree:          143800 kB
Active:           375456 kB
Mem:          3.8G       3.7G       140M       5.7M        22M       3.2G

MemTotal:        4016004 kB
MemFree:          123416 kB
Active:           376972 kB
Mem:          3.8G       3.7G       119M       5.7M        22M       3.2G

MemTotal:        4016004 kB
MemFree:          135024 kB
Active:           375876 kB
Mem:          3.8G       3.7G       130M       5.7M        22M       3.2G

MemTotal:        4016004 kB
MemFree:          145372 kB
Active:           374692 kB
Mem:          3.8G       3.7G       138M       5.7M        22M       3.2G

MemTotal:        4016004 kB
MemFree:          138392 kB
Active:           374628 kB
Mem:          3.8G       3.7G       132M       5.7M        22M       3.2G

MemTotal:        4016004 kB
MemFree:          141608 kB
Active:           374652 kB
Mem:          3.8G       3.7G       138M       5.7M        22M       3.2G

MemTotal:        4016004 kB
MemFree:          139604 kB
Active:           374652 kB
Mem:          3.8G       3.7G       136M       5.7M        22M       3.2G

MemTotal:        4016004 kB
MemFree:          125280 kB
Active:           374648 kB
Mem:          3.8G       3.7G       121M       5.7M        22M       3.2G

MemTotal:        4016004 kB
MemFree:          136284 kB
Active:           374692 kB
Mem:          3.8G       3.7G       132M       5.7M        23M       3.2G

MemTotal:        4016004 kB
MemFree:          126924 kB
Active:           374664 kB
Mem:          3.8G       3.7G       123M       5.7M        23M       3.2G

MemTotal:        4016004 kB
MemFree:          126644 kB
Active:           374248 kB
Mem:          3.8G       3.7G       123M       5.7M        23M       3.2G

MemTotal:        4016004 kB
MemFree:          126864 kB
Active:           374272 kB
Mem:          3.8G       3.7G       123M       5.7M        23M       3.2G

MemTotal:        4016004 kB
MemFree:          126248 kB
Active:           376340 kB
Mem:          3.8G       3.7G       122M       5.7M        23M       3.2G

MemTotal:        4016004 kB
MemFree:          137424 kB
Active:           374932 kB
Mem:          3.8G       3.7G       133M       5.7M        23M       3.2G

MemTotal:        4016004 kB
MemFree:          133280 kB
Active:           362496 kB
Mem:          3.8G       3.7G       128M       5.7M        23M       3.2G

MemTotal:        4016004 kB
MemFree:          151112 kB
Active:           362504 kB
Mem:          3.8G       3.7G       144M       5.7M        23M       3.2G

MemTotal:        4016004 kB
MemFree:          147400 kB
Active:           362508 kB
Mem:          3.8G       3.7G       143M       5.7M        23M       3.2G

MemTotal:        4016004 kB
MemFree:          112260 kB
Active:           362460 kB
Mem:          3.8G       3.7G       108M       5.7M        23M       3.2G

MemTotal:        4016004 kB
MemFree:          133964 kB
Active:           362480 kB
Mem:          3.8G       3.7G       130M       5.7M        23M       3.2G

MemTotal:        4016004 kB
MemFree:          123580 kB
Active:           362488 kB
Mem:          3.8G       3.7G       120M       5.7M        23M       3.2G

MemTotal:        4016004 kB
MemFree:          145188 kB
Active:           360736 kB
Mem:          3.8G       3.7G       141M       5.7M        23M       3.2G

MemTotal:        4016004 kB
MemFree:          113712 kB
Active:           362792 kB
Mem:          3.8G       3.7G       110M       5.7M        23M       3.2G

MemTotal:        4016004 kB
MemFree:          112032 kB
Active:           362824 kB
Mem:          3.8G       3.7G       109M       5.7M        23M       3.2G

MemTotal:        4016004 kB
MemFree:          110020 kB
Active:           362824 kB
Mem:          3.8G       3.7G       107M       5.7M        23M       3.2G

MemTotal:        4016004 kB
MemFree:          109032 kB
Active:           362824 kB
Mem:          3.8G       3.7G       106M       5.7M        23M       3.2G

MemTotal:        4016004 kB
MemFree:          105800 kB
Active:           362824 kB
Mem:          3.8G       3.7G       123M       5.7M        23M       3.2G

MemTotal:        4016004 kB
MemFree:          124592 kB
Active:           358536 kB
Mem:          3.8G       3.7G       120M       5.7M        23M       3.2G

MemTotal:        4016004 kB
MemFree:          147508 kB
Active:           358536 kB
Mem:          3.8G       3.7G       142M       5.7M        23M       3.2G

MemTotal:        4016004 kB
MemFree:          135068 kB
Active:           358540 kB
Mem:          3.8G       3.7G       131M       5.7M        23M       3.2G

MemTotal:        4016004 kB
MemFree:          119108 kB
Active:           358540 kB
Mem:          3.8G       3.7G       124M       5.7M        23M       3.2G

MemTotal:        4016004 kB
MemFree:          132380 kB
Active:           353364 kB
Mem:          3.8G       3.7G       128M       5.7M        23M       3.2G

MemTotal:        4016004 kB
MemFree:          115100 kB
Active:           353276 kB
Mem:          3.8G       3.7G       111M       5.7M        23M       3.2G

MemTotal:        4016004 kB
MemFree:          124564 kB
Active:           355304 kB
Mem:          3.8G       3.7G       120M       5.7M        23M       3.2G

MemTotal:        4016004 kB
MemFree:          141952 kB
Active:           355320 kB
Mem:          3.8G       3.7G       138M       5.7M        23M       3.2G

MemTotal:        4016004 kB
MemFree:          140240 kB
Active:           355352 kB
Mem:          3.8G       3.7G       136M       5.7M        23M       3.2G

MemTotal:        4016004 kB
MemFree:          139360 kB
Active:           355380 kB
Mem:          3.8G       3.7G       135M       5.7M        23M       3.2G

MemTotal:        4016004 kB
MemFree:          139336 kB
Active:           355368 kB
Mem:          3.8G       3.7G       136M       5.7M        23M       3.2G

MemTotal:        4016004 kB
MemFree:          144000 kB
Active:           355340 kB
Mem:          3.8G       3.7G       137M       5.7M        23M       3.2G

MemTotal:        4016004 kB
MemFree:          140240 kB
Active:           355392 kB
Mem:          3.8G       3.7G       136M       5.7M        23M       3.2G

MemTotal:        4016004 kB
MemFree:          144416 kB
Active:           355392 kB
Mem:          3.8G       3.7G       139M       5.7M        23M       3.2G

MemTotal:        4016004 kB
MemFree:          126120 kB
Active:           355368 kB
Mem:          3.8G       3.7G       123M       5.7M        23M       3.2G

MemTotal:        4016004 kB
MemFree:          163604 kB
Active:           311516 kB
Mem:          3.8G       3.7G       158M       5.7M        23M       3.2G

MemTotal:        4016004 kB
MemFree:          113040 kB
Active:           311508 kB
Mem:          3.8G       3.7G       110M       5.7M        23M       3.2G

MemTotal:        4016004 kB
MemFree:          134460 kB
Active:           311532 kB
Mem:          3.8G       3.7G       130M       5.7M        23M       3.2G

MemTotal:        4016004 kB
MemFree:          130912 kB
Active:           311524 kB
Mem:          3.8G       3.7G       127M       5.7M        23M       3.2G

MemTotal:        4016004 kB
MemFree:          129312 kB
Active:           311532 kB
Mem:          3.8G       3.7G       126M       5.7M        23M       3.2G

MemTotal:        4016004 kB
MemFree:          129160 kB
Active:           311556 kB
Mem:          3.8G       3.7G       126M       5.7M        23M       3.2G

MemTotal:        4016004 kB
MemFree:          129444 kB
Active:           311536 kB
Mem:          3.8G       3.7G       126M       5.7M        23M       3.2G

MemTotal:        4016004 kB
MemFree:          131960 kB
Active:           311568 kB
Mem:          3.8G       3.7G       125M       5.7M        23M       3.2G

MemTotal:        4016004 kB
MemFree:          136436 kB
Active:           311576 kB
Mem:          3.8G       3.7G       130M       5.7M        23M       3.2G

MemTotal:        4016004 kB
MemFree:          123608 kB
Active:           311576 kB
Mem:          3.8G       3.7G       117M       5.7M        23M       3.2G

MemTotal:        4016004 kB
MemFree:          138776 kB
Active:           311576 kB
Mem:          3.8G       3.7G       135M       5.7M        23M       3.2G

MemTotal:        4016004 kB
MemFree:          128128 kB
Active:           311584 kB
Mem:          3.8G       3.7G       124M       5.7M        23M       3.2G

MemTotal:        4016004 kB
MemFree:          135952 kB
Active:           311584 kB
Mem:          3.8G       3.7G       132M       5.7M        23M       3.2G

MemTotal:        4016004 kB
MemFree:          126944 kB
Active:           311584 kB
Mem:          3.8G       3.7G       123M       5.7M        23M       3.2G

MemTotal:        4016004 kB
MemFree:          129040 kB
Active:           309576 kB
Mem:          3.8G       3.7G       126M       5.7M        23M       3.2G

MemTotal:        4016004 kB
MemFree:          128076 kB
Active:           309588 kB
Mem:          3.8G       3.7G       125M       5.7M        23M       3.2G

MemTotal:        4016004 kB
MemFree:          128484 kB
Active:           309588 kB
Mem:          3.8G       3.7G       125M       5.7M        23M       3.2G

MemTotal:        4016004 kB
MemFree:          129016 kB
Active:           309572 kB
Mem:          3.8G       3.7G       125M       5.7M        23M       3.2G

MemTotal:        4016004 kB
MemFree:          120792 kB
Active:           309596 kB
Mem:          3.8G       3.7G       116M       5.7M        23M       3.2G

MemTotal:        4016004 kB
MemFree:          139352 kB
Active:           309468 kB
Mem:          3.8G       3.7G       134M       5.7M        23M       3.2G

MemTotal:        4016004 kB
MemFree:          121828 kB
Active:           309472 kB
Mem:          3.8G       3.7G       117M       5.7M        23M       3.2G

MemTotal:        4016004 kB
MemFree:          125976 kB
Active:           309484 kB
Mem:          3.8G       3.7G       123M       5.7M        23M       3.2G

MemTotal:        4016004 kB
MemFree:          117840 kB
Active:           309156 kB
Mem:          3.8G       3.7G       115M       5.7M        23M       3.2G

MemTotal:        4016004 kB
MemFree:          118212 kB
Active:           309176 kB
Mem:          3.8G       3.7G       115M       5.7M        23M       3.2G

MemTotal:        4016004 kB
MemFree:          118212 kB
Active:           309124 kB
Mem:          3.8G       3.7G       115M       5.7M        23M       3.2G

MemTotal:        4016004 kB
MemFree:          118088 kB
Active:           309164 kB
Mem:          3.8G       3.7G       115M       5.7M        23M       3.2G

MemTotal:        4016004 kB
MemFree:          117804 kB
Active:           309152 kB
Mem:          3.8G       3.7G       114M       5.7M        23M       3.2G

MemTotal:        4016004 kB
MemFree:          117452 kB
Active:           309192 kB
Mem:          3.8G       3.7G       114M       5.7M        23M       3.2G

MemTotal:        4016004 kB
MemFree:          117516 kB
Active:           309188 kB
Mem:          3.8G       3.7G       114M       5.7M        23M       3.2G

MemTotal:        4016004 kB
MemFree:          116960 kB
Active:           307500 kB
Mem:          3.8G       3.7G       114M       5.7M        23M       3.2G

MemTotal:        4016004 kB
MemFree:          117648 kB
Active:           309524 kB
Mem:          3.8G       3.7G       114M       5.7M        23M       3.2G

MemTotal:        4016004 kB
MemFree:          117804 kB
Active:           309548 kB
Mem:          3.8G       3.7G       114M       5.7M        23M       3.2G

MemTotal:        4016004 kB
MemFree:          117680 kB
Active:           309548 kB
Mem:          3.8G       3.7G       115M       5.7M        23M       3.2G

MemTotal:        4016004 kB
MemFree:          117804 kB
Active:           309516 kB
Mem:          3.8G       3.7G       114M       5.7M        23M       3.2G

MemTotal:        4016004 kB
MemFree:          117680 kB
Active:           309520 kB
Mem:          3.8G       3.7G       114M       5.7M        23M       3.2G

MemTotal:        4016004 kB
MemFree:          117432 kB
Active:           309524 kB
Mem:          3.8G       3.7G       114M       5.7M        23M       3.2G

MemTotal:        4016004 kB
MemFree:          117556 kB
Active:           309544 kB
Mem:          3.8G       3.7G       114M       5.7M        23M       3.2G

MemTotal:        4016004 kB
MemFree:          117556 kB
Active:           309520 kB
Mem:          3.8G       3.7G       114M       5.7M        23M       3.2G

MemTotal:        4016004 kB
MemFree:          118584 kB
Active:           309120 kB
Mem:          3.8G       3.7G       115M       5.7M        23M       3.2G

MemTotal:        4016004 kB
MemFree:          118832 kB
Active:           309080 kB
Mem:          3.8G       3.7G       115M       5.7M        23M       3.2G

MemTotal:        4016004 kB
MemFree:          118584 kB
Active:           309072 kB
Mem:          3.8G       3.7G       116M       5.7M        23M       3.2G

MemTotal:        4016004 kB
MemFree:          119576 kB
Active:           309088 kB
Mem:          3.8G       3.7G       116M       5.7M        23M       3.2G

MemTotal:        4016004 kB
MemFree:          119328 kB
Active:           309088 kB
Mem:          3.8G       3.7G       116M       5.7M        23M       3.2G

MemTotal:        4016004 kB
MemFree:          118956 kB
Active:           309116 kB
Mem:          3.8G       3.7G       116M       5.7M        23M       3.2G

MemTotal:        4016004 kB
MemFree:          119080 kB
Active:           309132 kB
Mem:          3.8G       3.7G       116M       5.7M        23M       3.2G

MemTotal:        4016004 kB
MemFree:          119204 kB
Active:           309128 kB
Mem:          3.8G       3.7G       116M       5.7M        23M       3.2G

MemTotal:        4016004 kB
MemFree:          118708 kB
Active:           309140 kB
Mem:          3.8G       3.7G       116M       5.7M        23M       3.2G

MemTotal:        4016004 kB
MemFree:          119204 kB
Active:           309148 kB
Mem:          3.8G       3.7G       116M       5.7M        23M       3.2G

MemTotal:        4016004 kB
MemFree:          119080 kB
Active:           309132 kB
Mem:          3.8G       3.7G       116M       5.7M        23M       3.2G

MemTotal:        4016004 kB
MemFree:          119452 kB
Active:           309132 kB
Mem:          3.8G       3.7G       116M       5.7M        23M       3.2G

MemTotal:        4016004 kB
MemFree:          119328 kB
Active:           309156 kB
Mem:          3.8G       3.7G       116M       5.7M        23M       3.2G

MemTotal:        4016004 kB
MemFree:          119328 kB
Active:           309156 kB
Mem:          3.8G       3.7G       116M       5.7M        23M       3.2G

MemTotal:        4016004 kB
MemFree:          119452 kB
Active:           309112 kB
Mem:          3.8G       3.7G       116M       5.7M        23M       3.2G

MemTotal:        4016004 kB
MemFree:          119204 kB
Active:           309160 kB
Mem:          3.8G       3.7G       116M       5.7M        23M       3.2G

MemTotal:        4016004 kB
MemFree:          119452 kB
Active:           309112 kB
Mem:          3.8G       3.7G       116M       5.7M        23M       3.2G

MemTotal:        4016004 kB
MemFree:          118956 kB
Active:           309164 kB
Mem:          3.8G       3.7G       116M       5.7M        23M       3.2G

MemTotal:        4016004 kB
MemFree:          119080 kB
Active:           309144 kB
Mem:          3.8G       3.7G       116M       5.7M        23M       3.2G

MemTotal:        4016004 kB
MemFree:          119080 kB
Active:           309120 kB
Mem:          3.8G       3.7G       116M       5.7M        23M       3.2G

MemTotal:        4016004 kB
MemFree:          119204 kB
Active:           309124 kB
Mem:          3.8G       3.7G       116M       5.7M        23M       3.2G

MemTotal:        4016004 kB
MemFree:          119080 kB
Active:           309156 kB
Mem:          3.8G       3.7G       116M       5.7M        23M       3.2G

MemTotal:        4016004 kB
MemFree:          118788 kB
Active:           309168 kB
Mem:          3.8G       3.7G       116M       5.7M        23M       3.2G

MemTotal:        4016004 kB
MemFree:          118912 kB
Active:           309164 kB
Mem:          3.8G       3.7G       116M       5.7M        23M       3.2G

MemTotal:        4016004 kB
MemFree:          119036 kB
Active:           309156 kB
Mem:          3.8G       3.7G       116M       5.7M        23M       3.2G

MemTotal:        4016004 kB
MemFree:          119036 kB
Active:           309148 kB
Mem:          3.8G       3.7G       116M       5.7M        23M       3.2G

MemTotal:        4016004 kB
MemFree:          119160 kB
Active:           309148 kB
Mem:          3.8G       3.7G       116M       5.7M        23M       3.2G

MemTotal:        4016004 kB
MemFree:          119284 kB
Active:           309140 kB
Mem:          3.8G       3.7G       116M       5.7M        23M       3.2G

MemTotal:        4016004 kB
MemFree:          119284 kB
Active:           309128 kB
Mem:          3.8G       3.7G       116M       5.7M        23M       3.2G

MemTotal:        4016004 kB
MemFree:          118912 kB
Active:           309188 kB
Mem:          3.8G       3.7G       116M       5.7M        23M       3.2G

MemTotal:        4016004 kB
MemFree:          119284 kB
Active:           309180 kB
Mem:          3.8G       3.7G       116M       5.7M        23M       3.2G

MemTotal:        4016004 kB
MemFree:          119284 kB
Active:           309172 kB
Mem:          3.8G       3.7G       116M       5.7M        23M       3.2G

MemTotal:        4016004 kB
MemFree:          119284 kB
Active:           309164 kB
Mem:          3.8G       3.7G       116M       5.7M        23M       3.2G

MemTotal:        4016004 kB
MemFree:          119408 kB
Active:           309148 kB
Mem:          3.8G       3.7G       116M       5.7M        23M       3.2G

MemTotal:        4016004 kB
MemFree:          119656 kB
Active:           309188 kB
Mem:          3.8G       3.7G       116M       5.7M        23M       3.2G

MemTotal:        4016004 kB
MemFree:          119656 kB
Active:           309168 kB
Mem:          3.8G       3.7G       116M       5.7M        23M       3.2G

MemTotal:        4016004 kB
MemFree:          119780 kB
Active:           309188 kB
Mem:          3.8G       3.7G       116M       5.7M        23M       3.2G

MemTotal:        4016004 kB
MemFree:          119408 kB
Active:           309156 kB
Mem:          3.8G       3.7G       116M       5.7M        23M       3.2G

MemTotal:        4016004 kB
MemFree:          119284 kB
Active:           309184 kB
Mem:          3.8G       3.7G       116M       5.7M        23M       3.2G

MemTotal:        4016004 kB
MemFree:          119408 kB
Active:           309156 kB
Mem:          3.8G       3.7G       116M       5.7M        23M       3.2G

MemTotal:        4016004 kB
MemFree:          119036 kB
Active:           309220 kB
Mem:          3.8G       3.7G       116M       5.7M        23M       3.2G

MemTotal:        4016004 kB
MemFree:          119160 kB
Active:           309216 kB
Mem:          3.8G       3.7G       116M       5.7M        23M       3.2G

MemTotal:        4016004 kB
MemFree:          119160 kB
Active:           309196 kB
Mem:          3.8G       3.7G       116M       5.7M        23M       3.2G

MemTotal:        4016004 kB
MemFree:          119532 kB
Active:           309184 kB
Mem:          3.8G       3.7G       116M       5.7M        23M       3.2G

MemTotal:        4016004 kB
MemFree:          119656 kB
Active:           309168 kB
Mem:          3.8G       3.7G       116M       5.7M        23M       3.2G

MemTotal:        4016004 kB
MemFree:          119688 kB
Active:           309220 kB
Mem:          3.8G       3.7G       116M       5.7M        23M       3.2G

MemTotal:        4016004 kB
MemFree:          119812 kB
Active:           309216 kB
Mem:          3.8G       3.7G       117M       5.7M        23M       3.2G

MemTotal:        4016004 kB
MemFree:          119688 kB
Active:           309200 kB
Mem:          3.8G       3.7G       116M       5.7M        23M       3.2G

MemTotal:        4016004 kB
MemFree:          119812 kB
Active:           309224 kB
Mem:          3.8G       3.7G       116M       5.7M        23M       3.2G

MemTotal:        4016004 kB
MemFree:          119564 kB
Active:           309228 kB
Mem:          3.8G       3.7G       116M       5.7M        23M       3.2G

MemTotal:        4016004 kB
MemFree:          119192 kB
Active:           309232 kB
Mem:          3.8G       3.7G       116M       5.7M        23M       3.2G

MemTotal:        4016004 kB
MemFree:          117516 kB
Active:           309164 kB
Mem:          3.8G       3.7G       114M       5.7M        23M       3.2G

MemTotal:        4016004 kB
MemFree:          117516 kB
Active:           309204 kB
Mem:          3.8G       3.7G       114M       5.7M        23M       3.2G

MemTotal:        4016004 kB
MemFree:          117516 kB
Active:           309180 kB
Mem:          3.8G       3.7G       114M       5.7M        23M       3.2G

MemTotal:        4016004 kB
MemFree:          117516 kB
Active:           311220 kB
Mem:          3.8G       3.7G       114M       5.7M        23M       3.2G

MemTotal:        4016004 kB
MemFree:          117516 kB
Active:           311212 kB
Mem:          3.8G       3.7G       114M       5.7M        23M       3.2G

MemTotal:        4016004 kB
MemFree:          117392 kB
Active:           311212 kB
Mem:          3.8G       3.7G       114M       5.7M        23M       3.2G

MemTotal:        4016004 kB
MemFree:          117516 kB
Active:           311216 kB
Mem:          3.8G       3.7G       114M       5.7M        23M       3.2G

MemTotal:        4016004 kB
MemFree:          117392 kB
Active:           311212 kB
Mem:          3.8G       3.7G       114M       5.7M        23M       3.2G

MemTotal:        4016004 kB
MemFree:          117736 kB
Active:           311268 kB
Mem:          3.8G       3.7G       114M       5.7M        23M       3.2G

MemTotal:        4016004 kB
MemFree:          117612 kB
Active:           311252 kB
Mem:          3.8G       3.7G       114M       5.7M        23M       3.2G

MemTotal:        4016004 kB
MemFree:          116992 kB
Active:           311284 kB
Mem:          3.8G       3.7G       114M       5.7M        23M       3.2G

MemTotal:        4016004 kB
MemFree:          117116 kB
Active:           311228 kB
Mem:          3.8G       3.7G       114M       5.7M        23M       3.2G

MemTotal:        4016004 kB
MemFree:          117240 kB
Active:           311232 kB
Mem:          3.8G       3.7G       114M       5.7M        23M       3.2G

MemTotal:        4016004 kB
MemFree:          116868 kB
Active:           311284 kB
Mem:          3.8G       3.7G       114M       5.7M        23M       3.2G

MemTotal:        4016004 kB
MemFree:          116744 kB
Active:           311292 kB
Mem:          3.8G       3.7G       114M       5.7M        23M       3.2G

MemTotal:        4016004 kB
MemFree:          117240 kB
Active:           311244 kB
Mem:          3.8G       3.7G       114M       5.7M        23M       3.2G

MemTotal:        4016004 kB
MemFree:          117240 kB
Active:           311284 kB
Mem:          3.8G       3.7G       114M       5.7M        23M       3.2G

MemTotal:        4016004 kB
MemFree:          116992 kB
Active:           311256 kB
Mem:          3.8G       3.7G       114M       5.7M        23M       3.2G

MemTotal:        4016004 kB
MemFree:          116992 kB
Active:           311296 kB
Mem:          3.8G       3.7G       113M       5.7M        23M       3.2G

MemTotal:        4016004 kB
MemFree:          117116 kB
Active:           311252 kB
Mem:          3.8G       3.7G       114M       5.7M        23M       3.2G

MemTotal:        4016004 kB
MemFree:          116744 kB
Active:           311296 kB
Mem:          3.8G       3.7G       114M       5.7M        23M       3.2G

MemTotal:        4016004 kB
MemFree:          116992 kB
Active:           311248 kB
Mem:          3.8G       3.7G       114M       5.7M        23M       3.2G

MemTotal:        4016004 kB
MemFree:          116868 kB
Active:           311276 kB
Mem:          3.8G       3.7G       114M       5.7M        23M       3.2G

MemTotal:        4016004 kB
MemFree:          116868 kB
Active:           311296 kB
Mem:          3.8G       3.7G       113M       5.7M        23M       3.2G

MemTotal:        4016004 kB
MemFree:          116868 kB
Active:           311260 kB
Mem:          3.8G       3.7G       113M       5.7M        23M       3.2G

MemTotal:        4016004 kB
MemFree:          116248 kB
Active:           311304 kB
Mem:          3.8G       3.7G       113M       5.7M        23M       3.2G

MemTotal:        4016004 kB
MemFree:          116620 kB
Active:           311256 kB
Mem:          3.8G       3.7G       113M       5.7M        23M       3.2G

MemTotal:        4016004 kB
MemFree:          116744 kB
Active:           311276 kB
Mem:          3.8G       3.7G       113M       5.7M        23M       3.2G

MemTotal:        4016004 kB
MemFree:          116372 kB
Active:           311304 kB
Mem:          3.8G       3.7G       113M       5.7M        23M       3.2G

MemTotal:        4016004 kB
MemFree:          116868 kB
Active:           311264 kB
Mem:          3.8G       3.7G       114M       5.7M        23M       3.2G

MemTotal:        4016004 kB
MemFree:          116496 kB
Active:           311312 kB
Mem:          3.8G       3.7G       114M       5.7M        23M       3.2G

MemTotal:        4016004 kB
MemFree:          116992 kB
Active:           311284 kB
Mem:          3.8G       3.7G       113M       5.7M        23M       3.2G

MemTotal:        4016004 kB
MemFree:          116868 kB
Active:           311300 kB
Mem:          3.8G       3.7G       114M       5.7M        23M       3.2G

MemTotal:        4016004 kB
MemFree:          116868 kB
Active:           311272 kB
Mem:          3.8G       3.7G       114M       5.7M        23M       3.2G

MemTotal:        4016004 kB
MemFree:          116900 kB
Active:           311320 kB
Mem:          3.8G       3.7G       114M       5.7M        23M       3.2G

MemTotal:        4016004 kB
MemFree:          117272 kB
Active:           311300 kB
Mem:          3.8G       3.7G       114M       5.7M        23M       3.2G

MemTotal:        4016004 kB
MemFree:          117148 kB
Active:           311276 kB
Mem:          3.8G       3.7G       114M       5.7M        23M       3.2G

MemTotal:        4016004 kB
MemFree:          117520 kB
Active:           311280 kB
Mem:          3.8G       3.7G       114M       5.7M        23M       3.2G

MemTotal:        4016004 kB
MemFree:          117148 kB
Active:           311332 kB
Mem:          3.8G       3.7G       114M       5.7M        23M       3.2G

MemTotal:        4016004 kB
MemFree:          116776 kB
Active:           311336 kB
Mem:          3.8G       3.7G       114M       5.7M        23M       3.2G

MemTotal:        4016004 kB
MemFree:          117288 kB
Active:           311328 kB
Mem:          3.8G       3.7G       114M       5.7M        23M       3.2G

MemTotal:        4016004 kB
MemFree:          117164 kB
Active:           311296 kB
Mem:          3.8G       3.7G       114M       5.7M        23M       3.2G

MemTotal:        4016004 kB
MemFree:          116792 kB
Active:           311344 kB
Mem:          3.8G       3.7G       114M       5.7M        23M       3.2G

MemTotal:        4016004 kB
MemFree:          116792 kB
Active:           311308 kB
Mem:          3.8G       3.7G       114M       5.7M        23M       3.2G

MemTotal:        4016004 kB
MemFree:          116792 kB
Active:           311332 kB
Mem:          3.8G       3.7G       114M       5.7M        23M       3.2G

MemTotal:        4016004 kB
MemFree:          116916 kB
Active:           311360 kB
Mem:          3.8G       3.7G       114M       5.7M        23M       3.2G

MemTotal:        4016004 kB
MemFree:          117040 kB
Active:           311348 kB
Mem:          3.8G       3.7G       114M       5.7M        23M       3.2G

MemTotal:        4016004 kB
MemFree:          117040 kB
Active:           311344 kB
Mem:          3.8G       3.7G       114M       5.7M        23M       3.2G

MemTotal:        4016004 kB
MemFree:          116792 kB
Active:           311360 kB
Mem:          3.8G       3.7G       114M       5.7M        23M       3.2G

MemTotal:        4016004 kB
MemFree:          117164 kB
Active:           311312 kB
Mem:          3.8G       3.7G       114M       5.7M        23M       3.2G

MemTotal:        4016004 kB
MemFree:          117288 kB
Active:           311336 kB
Mem:          3.8G       3.7G       114M       5.7M        23M       3.2G

MemTotal:        4016004 kB
MemFree:          117536 kB
Active:           311364 kB
Mem:          3.8G       3.7G       114M       5.7M        23M       3.2G

MemTotal:        4016004 kB
MemFree:          117412 kB
Active:           311316 kB
Mem:          3.8G       3.7G       114M       5.7M        23M       3.2G

MemTotal:        4016004 kB
MemFree:          117784 kB
Active:           311348 kB
Mem:          3.8G       3.7G       114M       5.7M        23M       3.2G

MemTotal:        4016004 kB
MemFree:          117660 kB
Active:           311324 kB
Mem:          3.8G       3.7G       114M       5.7M        23M       3.2G

MemTotal:        4016004 kB
MemFree:          117040 kB
Active:           311360 kB
Mem:          3.8G       3.7G       114M       5.7M        23M       3.2G

MemTotal:        4016004 kB
MemFree:          117040 kB
Active:           311328 kB
Mem:          3.8G       3.7G       114M       5.7M        23M       3.2G

MemTotal:        4016004 kB
MemFree:          117040 kB
Active:           311356 kB
Mem:          3.8G       3.7G       114M       5.7M        23M       3.2G

MemTotal:        4016004 kB
MemFree:          116668 kB
Active:           311384 kB
Mem:          3.8G       3.7G       114M       5.7M        23M       3.2G

MemTotal:        4016004 kB
MemFree:          116792 kB
Active:           311328 kB
Mem:          3.8G       3.7G       114M       5.7M        23M       3.2G

MemTotal:        4016004 kB
MemFree:          116668 kB
Active:           311376 kB
Mem:          3.8G       3.7G       113M       5.7M        23M       3.2G

MemTotal:        4016004 kB
MemFree:          116792 kB
Active:           311372 kB
Mem:          3.8G       3.7G       114M       5.7M        23M       3.2G

MemTotal:        4016004 kB
MemFree:          117412 kB
Active:           311352 kB
Mem:          3.8G       3.7G       114M       5.7M        23M       3.2G

MemTotal:        4016004 kB
MemFree:          117288 kB
Active:           311356 kB
Mem:          3.8G       3.7G       114M       5.7M        23M       3.2G

MemTotal:        4016004 kB
MemFree:          117288 kB
Active:           311352 kB
Mem:          3.8G       3.7G       114M       5.7M        23M       3.2G

MemTotal:        4016004 kB
MemFree:          117536 kB
Active:           311340 kB
Mem:          3.8G       3.7G       114M       5.7M        23M       3.2G

MemTotal:        4016004 kB
MemFree:          116916 kB
Active:           311392 kB
Mem:          3.8G       3.7G       114M       5.7M        23M       3.2G

MemTotal:        4016004 kB
MemFree:          117412 kB
Active:           311384 kB
Mem:          3.8G       3.7G       114M       5.7M        23M       3.2G

MemTotal:        4016004 kB
MemFree:          117288 kB
Active:           311368 kB
Mem:          3.8G       3.7G       114M       5.7M        23M       3.2G

MemTotal:        4016004 kB
MemFree:          117164 kB
Active:           311368 kB
Mem:          3.8G       3.7G       114M       5.7M        23M       3.2G

MemTotal:        4016004 kB
MemFree:          117288 kB
Active:           311368 kB
Mem:          3.8G       3.7G       114M       5.7M        23M       3.2G

MemTotal:        4016004 kB
MemFree:          117536 kB
Active:           311388 kB
Mem:          3.8G       3.7G       114M       5.7M        23M       3.2G

MemTotal:        4016004 kB
MemFree:          117164 kB
Active:           311412 kB
Mem:          3.8G       3.7G       114M       5.7M        23M       3.2G

MemTotal:        4016004 kB
MemFree:          117164 kB
Active:           311396 kB
Mem:          3.8G       3.7G       114M       5.7M        23M       3.2G

MemTotal:        4016004 kB
MemFree:          117288 kB
Active:           311380 kB
Mem:          3.8G       3.7G       114M       5.7M        23M       3.2G

MemTotal:        4016004 kB
MemFree:          116544 kB
Active:           311416 kB
Mem:          3.8G       3.7G       114M       5.7M        23M       3.2G

MemTotal:        4016004 kB
MemFree:          117412 kB
Active:           311376 kB
Mem:          3.8G       3.7G       114M       5.7M        23M       3.2G

MemTotal:        4016004 kB
MemFree:          117412 kB
Active:           311408 kB
Mem:          3.8G       3.7G       114M       5.7M        23M       3.2G

MemTotal:        4016004 kB
MemFree:          117288 kB
Active:           311404 kB
Mem:          3.8G       3.7G       114M       5.7M        23M       3.2G

MemTotal:        4016004 kB
MemFree:          116420 kB
Active:           311420 kB
Mem:          3.8G       3.7G       113M       5.7M        23M       3.2G

MemTotal:        4016004 kB
MemFree:          116916 kB
Active:           311408 kB
Mem:          3.8G       3.7G       114M       5.7M        23M       3.2G

MemTotal:        4016004 kB
MemFree:          116544 kB
Active:           311428 kB
Mem:          3.8G       3.7G       114M       5.7M        23M       3.2G

MemTotal:        4016004 kB
MemFree:          116792 kB
Active:           311376 kB
Mem:          3.8G       3.7G       114M       5.7M        23M       3.2G

MemTotal:        4016004 kB
MemFree:          116792 kB
Active:           311412 kB
Mem:          3.8G       3.7G       114M       5.7M        23M       3.2G

MemTotal:        4016004 kB
MemFree:          116668 kB
Active:           311400 kB
Mem:          3.8G       3.7G       114M       5.7M        23M       3.2G

MemTotal:        4016004 kB
MemFree:          117412 kB
Active:           311388 kB
Mem:          3.8G       3.7G       114M       5.7M        23M       3.2G

MemTotal:        4016004 kB
MemFree:          117536 kB
Active:           311376 kB
Mem:          3.8G       3.7G       114M       5.7M        23M       3.2G

MemTotal:        4016004 kB
MemFree:          117288 kB
Active:           311408 kB
Mem:          3.8G       3.7G       114M       5.7M        23M       3.2G

MemTotal:        4016004 kB
MemFree:          117412 kB
Active:           311400 kB
Mem:          3.8G       3.7G       114M       5.7M        23M       3.2G

MemTotal:        4016004 kB
MemFree:          117288 kB
Active:           311412 kB
Mem:          3.8G       3.7G       114M       5.7M        23M       3.2G

MemTotal:        4016004 kB
MemFree:          117040 kB
Active:           311448 kB
Mem:          3.8G       3.7G       114M       5.7M        23M       3.2G

MemTotal:        4016004 kB
MemFree:          116668 kB
Active:           311448 kB
Mem:          3.8G       3.7G       114M       5.7M        23M       3.2G

MemTotal:        4016004 kB
MemFree:          116916 kB
Active:           311396 kB
Mem:          3.8G       3.7G       114M       5.7M        23M       3.2G

MemTotal:        4016004 kB
MemFree:          116544 kB
Active:           311452 kB
Mem:          3.8G       3.7G       113M       5.7M        23M       3.2G

MemTotal:        4016004 kB
MemFree:          116792 kB
Active:           311412 kB
Mem:          3.8G       3.7G       113M       5.7M        23M       3.2G

MemTotal:        4016004 kB
MemFree:          117040 kB
Active:           311460 kB
Mem:          3.8G       3.7G       114M       5.7M        23M       3.2G

MemTotal:        4016004 kB
MemFree:          117412 kB
Active:           311408 kB
Mem:          3.8G       3.7G       114M       5.7M        23M       3.2G

MemTotal:        4016004 kB
MemFree:          117288 kB
Active:           311444 kB
Mem:          3.8G       3.7G       114M       5.7M        23M       3.2G

MemTotal:        4016004 kB
MemFree:          117536 kB
Active:           311444 kB
Mem:          3.8G       3.7G       114M       5.7M        23M       3.2G

MemTotal:        4016004 kB
MemFree:          117784 kB
Active:           311464 kB
Mem:          3.8G       3.7G       114M       5.7M        23M       3.2G

MemTotal:        4016004 kB
MemFree:          117660 kB
Active:           311436 kB
Mem:          3.8G       3.7G       114M       5.7M        23M       3.2G

MemTotal:        4016004 kB
MemFree:          117164 kB
Active:           311456 kB
Mem:          3.8G       3.7G       114M       5.7M        23M       3.2G

MemTotal:        4016004 kB
MemFree:          117536 kB
Active:           311480 kB
Mem:          3.8G       3.7G       114M       5.7M        23M       3.2G

MemTotal:        4016004 kB
MemFree:          117660 kB
Active:           311464 kB
Mem:          3.8G       3.7G       114M       5.7M        23M       3.2G

MemTotal:        4016004 kB
MemFree:          117536 kB
Active:           311464 kB
Mem:          3.8G       3.7G       114M       5.7M        23M       3.2G

MemTotal:        4016004 kB
MemFree:          117536 kB
Active:           311448 kB
Mem:          3.8G       3.7G       114M       5.7M        23M       3.2G

MemTotal:        4016004 kB
MemFree:          117660 kB
Active:           311472 kB
Mem:          3.8G       3.7G       114M       5.7M        23M       3.2G

MemTotal:        4016004 kB
MemFree:          117288 kB
Active:           311492 kB
Mem:          3.8G       3.7G       114M       5.7M        23M       3.2G

MemTotal:        4016004 kB
MemFree:          117536 kB
Active:           311456 kB
Mem:          3.8G       3.7G       114M       5.7M        23M       3.2G

MemTotal:        4016004 kB
MemFree:          117536 kB
Active:           311496 kB
Mem:          3.8G       3.7G       114M       5.7M        23M       3.2G

MemTotal:        4016004 kB
MemFree:          117536 kB
Active:           311484 kB
Mem:          3.8G       3.7G       114M       5.7M        23M       3.2G

MemTotal:        4016004 kB
MemFree:          117040 kB
Active:           311500 kB
Mem:          3.8G       3.7G       114M       5.7M        23M       3.2G

MemTotal:        4016004 kB
MemFree:          117164 kB
Active:           311464 kB
Mem:          3.8G       3.7G       114M       5.7M        23M       3.2G

MemTotal:        4016004 kB
MemFree:          117536 kB
Active:           311476 kB
Mem:          3.8G       3.7G       114M       5.7M        23M       3.2G

MemTotal:        4016004 kB
MemFree:          116916 kB
Active:           311500 kB
Mem:          3.8G       3.7G       114M       5.7M        23M       3.2G

MemTotal:        4016004 kB
MemFree:          116668 kB
Active:           311496 kB
Mem:          3.8G       3.7G       113M       5.7M        23M       3.2G

MemTotal:        4016004 kB
MemFree:          116792 kB
Active:           311504 kB
Mem:          3.8G       3.7G       114M       5.7M        23M       3.2G

MemTotal:        4016004 kB
MemFree:          116792 kB
Active:           311532 kB
Mem:          3.8G       3.7G       114M       5.7M        23M       3.2G

MemTotal:        4016004 kB
MemFree:          116544 kB
Active:           311536 kB
Mem:          3.8G       3.7G       113M       5.7M        23M       3.2G

MemTotal:        4016004 kB
MemFree:          116032 kB
Active:           311552 kB
Mem:          3.8G       3.7G       113M       5.7M        23M       3.2G

MemTotal:        4016004 kB
MemFree:          116900 kB
Active:           311528 kB
Mem:          3.8G       3.7G       114M       5.7M        23M       3.2G

MemTotal:        4016004 kB
MemFree:          116900 kB
Active:           311508 kB
Mem:          3.8G       3.7G       114M       5.7M        23M       3.2G

