MemTotal:        4016004 kB
MemFree:         3229976 kB
Active:           430844 kB
Mem:          3.8G       767M       3.1G       5.7M        55M       317M

MemTotal:        4016004 kB
MemFree:         3230324 kB
Active:           430824 kB
Mem:          3.8G       767M       3.1G       5.7M        55M       317M

MemTotal:        4016004 kB
MemFree:         3230308 kB
Active:           430888 kB
Mem:          3.8G       767M       3.1G       5.7M        55M       317M

MemTotal:        4016004 kB
MemFree:         3230664 kB
Active:           430884 kB
Mem:          3.8G       767M       3.1G       5.7M        55M       317M

MemTotal:        4016004 kB
MemFree:         3230772 kB
Active:           430864 kB
Mem:          3.8G       767M       3.1G       5.7M        55M       317M

MemTotal:        4016004 kB
MemFree:         3230260 kB
Active:           430904 kB
Mem:          3.8G       767M       3.1G       5.7M        55M       317M

MemTotal:        4016004 kB
MemFree:         3230584 kB
Active:           430900 kB
Mem:          3.8G       766M       3.1G       5.7M        55M       317M

MemTotal:        4016004 kB
MemFree:         3230536 kB
Active:           430900 kB
Mem:          3.8G       767M       3.1G       5.7M        55M       317M

MemTotal:        4016004 kB
MemFree:         3230520 kB
Active:           430900 kB
Mem:          3.8G       767M       3.1G       5.7M        55M       317M

MemTotal:        4016004 kB
MemFree:         3230628 kB
Active:           430872 kB
Mem:          3.8G       767M       3.1G       5.7M        55M       317M

MemTotal:        4016004 kB
MemFree:         3230612 kB
Active:           430872 kB
Mem:          3.8G       767M       3.1G       5.7M        55M       317M

MemTotal:        4016004 kB
MemFree:         3230720 kB
Active:           430872 kB
Mem:          3.8G       767M       3.1G       5.7M        55M       317M

MemTotal:        4016004 kB
MemFree:         3230164 kB
Active:           430916 kB
Mem:          3.8G       767M       3.1G       5.7M        55M       317M

MemTotal:        4016004 kB
MemFree:         3230536 kB
Active:           430872 kB
Mem:          3.8G       767M       3.1G       5.7M        55M       317M

MemTotal:        4016004 kB
MemFree:         3230164 kB
Active:           430920 kB
Mem:          3.8G       767M       3.1G       5.7M        55M       317M

MemTotal:        4016004 kB
MemFree:         3232584 kB
Active:           428984 kB
Mem:          3.8G       765M       3.1G       5.7M        55M       317M

MemTotal:        4016004 kB
MemFree:         3232552 kB
Active:           428868 kB
Mem:          3.8G       765M       3.1G       5.7M        55M       317M

MemTotal:        4016004 kB
MemFree:         3232304 kB
Active:           428896 kB
Mem:          3.8G       765M       3.1G       5.7M        55M       317M

MemTotal:        4016004 kB
MemFree:         3232552 kB
Active:           428840 kB
Mem:          3.8G       765M       3.1G       5.7M        55M       317M

MemTotal:        4016004 kB
MemFree:         3232676 kB
Active:           428856 kB
Mem:          3.8G       764M       3.1G       5.7M        55M       317M

MemTotal:        4016004 kB
MemFree:         3232552 kB
Active:           428876 kB
Mem:          3.8G       765M       3.1G       5.7M        55M       317M

MemTotal:        4016004 kB
MemFree:         3232304 kB
Active:           428904 kB
Mem:          3.8G       765M       3.1G       5.7M        55M       317M

MemTotal:        4016004 kB
MemFree:         3232644 kB
Active:           428900 kB
Mem:          3.8G       764M       3.1G       5.7M        55M       317M

MemTotal:        4016004 kB
MemFree:         3232616 kB
Active:           428892 kB
Mem:          3.8G       764M       3.1G       5.7M        55M       317M

MemTotal:        4016004 kB
MemFree:         3232616 kB
Active:           428900 kB
Mem:          3.8G       764M       3.1G       5.7M        55M       317M

MemTotal:        4016004 kB
MemFree:         3231996 kB
Active:           428904 kB
Mem:          3.8G       765M       3.1G       5.7M        55M       317M

MemTotal:        4016004 kB
MemFree:         3231996 kB
Active:           428864 kB
Mem:          3.8G       766M       3.1G       5.7M        55M       317M

MemTotal:        4016004 kB
MemFree:         3232368 kB
Active:           428900 kB
Mem:          3.8G       765M       3.1G       5.7M        55M       317M

MemTotal:        4016004 kB
MemFree:         3232476 kB
Active:           428880 kB
Mem:          3.8G       765M       3.1G       5.7M        55M       317M

MemTotal:        4016004 kB
MemFree:         3232584 kB
Active:           428868 kB
Mem:          3.8G       765M       3.1G       5.7M        55M       317M

MemTotal:        4016004 kB
MemFree:         3232692 kB
Active:           428856 kB
Mem:          3.8G       765M       3.1G       5.7M        55M       317M

MemTotal:        4016004 kB
MemFree:         3232676 kB
Active:           428904 kB
Mem:          3.8G       765M       3.1G       5.7M        55M       317M

MemTotal:        4016004 kB
MemFree:         3232536 kB
Active:           428888 kB
Mem:          3.8G       765M       3.1G       5.7M        55M       317M

MemTotal:        4016004 kB
MemFree:         3232644 kB
Active:           428892 kB
Mem:          3.8G       765M       3.1G       5.7M        55M       317M

MemTotal:        4016004 kB
MemFree:         3232676 kB
Active:           428884 kB
Mem:          3.8G       765M       3.1G       5.7M        55M       317M

MemTotal:        4016004 kB
MemFree:         3232924 kB
Active:           428876 kB
Mem:          3.8G       764M       3.1G       5.7M        55M       317M

MemTotal:        4016004 kB
MemFree:         3232304 kB
Active:           428928 kB
Mem:          3.8G       765M       3.1G       5.7M        55M       317M

MemTotal:        4016004 kB
MemFree:         3232480 kB
Active:           427072 kB
Mem:          3.8G       764M       3.1G       5.7M        55M       317M

MemTotal:        4016004 kB
MemFree:         3232612 kB
Active:           428928 kB
Mem:          3.8G       765M       3.1G       5.7M        55M       317M

MemTotal:        4016004 kB
MemFree:         3232488 kB
Active:           428928 kB
Mem:          3.8G       765M       3.1G       5.7M        55M       317M

MemTotal:        4016004 kB
MemFree:         3232116 kB
Active:           428944 kB
Mem:          3.8G       765M       3.1G       5.7M        55M       317M

MemTotal:        4016004 kB
MemFree:         3232240 kB
Active:           428912 kB
Mem:          3.8G       765M       3.1G       5.7M        55M       317M

MemTotal:        4016004 kB
MemFree:         3231992 kB
Active:           428960 kB
Mem:          3.8G       765M       3.1G       5.7M        55M       317M

MemTotal:        4016004 kB
MemFree:         3232240 kB
Active:           428960 kB
Mem:          3.8G       765M       3.1G       5.7M        55M       317M

MemTotal:        4016004 kB
MemFree:         3232612 kB
Active:           428940 kB
Mem:          3.8G       765M       3.1G       5.7M        55M       317M

MemTotal:        4016004 kB
MemFree:         3232460 kB
Active:           428960 kB
Mem:          3.8G       765M       3.1G       5.7M        55M       317M

MemTotal:        4016004 kB
MemFree:         3232212 kB
Active:           428960 kB
Mem:          3.8G       764M       3.1G       5.7M        55M       317M

MemTotal:        4016004 kB
MemFree:         3232708 kB
Active:           428936 kB
Mem:          3.8G       764M       3.1G       5.7M        55M       317M

MemTotal:        4016004 kB
MemFree:         3232196 kB
Active:           428968 kB
Mem:          3.8G       765M       3.1G       5.7M        55M       317M

MemTotal:        4016004 kB
MemFree:         3232304 kB
Active:           428972 kB
Mem:          3.8G       765M       3.1G       5.7M        55M       317M

MemTotal:        4016004 kB
MemFree:         3231932 kB
Active:           428972 kB
Mem:          3.8G       765M       3.1G       5.7M        55M       317M

MemTotal:        4016004 kB
MemFree:         3232428 kB
Active:           428964 kB
Mem:          3.8G       764M       3.1G       5.7M        55M       317M

MemTotal:        4016004 kB
MemFree:         3232908 kB
Active:           428952 kB
Mem:          3.8G       765M       3.1G       5.7M        55M       317M

MemTotal:        4016004 kB
MemFree:         3232768 kB
Active:           428992 kB
Mem:          3.8G       765M       3.1G       5.7M        55M       317M

MemTotal:        4016004 kB
MemFree:         3232768 kB
Active:           428984 kB
Mem:          3.8G       765M       3.1G       5.7M        55M       317M

MemTotal:        4016004 kB
MemFree:         3232256 kB
Active:           428996 kB
Mem:          3.8G       765M       3.1G       5.7M        55M       317M

MemTotal:        4016004 kB
MemFree:         3232132 kB
Active:           429000 kB
Mem:          3.8G       765M       3.1G       5.7M        55M       317M

MemTotal:        4016004 kB
MemFree:         3232008 kB
Active:           429000 kB
Mem:          3.8G       765M       3.1G       5.7M        55M       317M

MemTotal:        4016004 kB
MemFree:         3232488 kB
Active:           429004 kB
Mem:          3.8G       765M       3.1G       5.7M        55M       317M

MemTotal:        4016004 kB
MemFree:         3231868 kB
Active:           429008 kB
Mem:          3.8G       765M       3.1G       5.7M        55M       317M

MemTotal:        4016004 kB
MemFree:         3231696 kB
Active:           429008 kB
Mem:          3.8G       765M       3.1G       5.7M        55M       317M

MemTotal:        4016004 kB
MemFree:         3116160 kB
Active:           429216 kB
Mem:          3.8G       878M       3.0G       5.7M        55M       429M

MemTotal:        4016004 kB
MemFree:         3112464 kB
Active:           429464 kB
Mem:          3.8G       882M       3.0G       5.7M        55M       433M

MemTotal:        4016004 kB
MemFree:         3046880 kB
Active:           429412 kB
Mem:          3.8G       947M       2.9G       5.7M        55M       496M

MemTotal:        4016004 kB
MemFree:         2931196 kB
Active:           429444 kB
Mem:          3.8G       1.0G       2.8G       5.7M        55M       608M

MemTotal:        4016004 kB
MemFree:         2813512 kB
Active:           429428 kB
Mem:          3.8G       1.1G       2.7G       5.7M        55M       720M

MemTotal:        4016004 kB
MemFree:         2776852 kB
Active:           429416 kB
Mem:          3.8G       1.2G       2.6G       5.7M        55M       755M

MemTotal:        4016004 kB
MemFree:         2728376 kB
Active:           429476 kB
Mem:          3.8G       1.2G       2.6G       5.7M        55M       800M

MemTotal:        4016004 kB
MemFree:         2676868 kB
Active:           431500 kB
Mem:          3.8G       1.3G       2.6G       5.7M        55M       850M

MemTotal:        4016004 kB
MemFree:         2675284 kB
Active:           431512 kB
Mem:          3.8G       1.3G       2.6G       5.7M        55M       850M

MemTotal:        4016004 kB
MemFree:         2674200 kB
Active:           431532 kB
Mem:          3.8G       1.3G       2.6G       5.7M        55M       852M

MemTotal:        4016004 kB
MemFree:         2672944 kB
Active:           431552 kB
Mem:          3.8G       1.3G       2.5G       5.7M        55M       852M

MemTotal:        4016004 kB
MemFree:         2670936 kB
Active:           431532 kB
Mem:          3.8G       1.3G       2.5G       5.7M        55M       855M

MemTotal:        4016004 kB
MemFree:         2571048 kB
Active:           431552 kB
Mem:          3.8G       1.4G       2.5G       5.7M        55M       951M

MemTotal:        4016004 kB
MemFree:         2435568 kB
Active:           431560 kB
Mem:          3.8G       1.5G       2.3G       5.7M        55M       1.1G

MemTotal:        4016004 kB
MemFree:         2319868 kB
Active:           431560 kB
Mem:          3.8G       1.6G       2.2G       5.7M        55M       1.2G

MemTotal:        4016004 kB
MemFree:         2319384 kB
Active:           431560 kB
Mem:          3.8G       1.6G       2.2G       5.7M        55M       1.2G

MemTotal:        4016004 kB
MemFree:         2224248 kB
Active:           431552 kB
Mem:          3.8G       1.7G       2.1G       5.7M        55M       1.3G

MemTotal:        4016004 kB
MemFree:         2220776 kB
Active:           431560 kB
Mem:          3.8G       1.7G       2.1G       5.7M        55M       1.3G

MemTotal:        4016004 kB
MemFree:         2157564 kB
Active:           431576 kB
Mem:          3.8G       1.8G       2.1G       5.7M        55M       1.3G

MemTotal:        4016004 kB
MemFree:         2122408 kB
Active:           431528 kB
Mem:          3.8G       1.8G       2.0G       5.7M        55M       1.4G

MemTotal:        4016004 kB
MemFree:         2074172 kB
Active:           431572 kB
Mem:          3.8G       1.9G       2.0G       5.7M        55M       1.4G

MemTotal:        4016004 kB
MemFree:         2022292 kB
Active:           431556 kB
Mem:          3.8G       1.9G       1.9G       5.7M        55M       1.4G

MemTotal:        4016004 kB
MemFree:         2020920 kB
Active:           431568 kB
Mem:          3.8G       1.9G       1.9G       5.7M        55M       1.4G

MemTotal:        4016004 kB
MemFree:         2020808 kB
Active:           431600 kB
Mem:          3.8G       1.9G       1.9G       5.7M        55M       1.4G

MemTotal:        4016004 kB
MemFree:         2020548 kB
Active:           431616 kB
Mem:          3.8G       1.9G       1.9G       5.7M        55M       1.4G

MemTotal:        4016004 kB
MemFree:         1990976 kB
Active:           431592 kB
Mem:          3.8G       1.9G       1.9G       5.7M        55M       1.5G

MemTotal:        4016004 kB
MemFree:         1851264 kB
Active:           431588 kB
Mem:          3.8G       2.1G       1.8G       5.7M        55M       1.6G

MemTotal:        4016004 kB
MemFree:         1723844 kB
Active:           433644 kB
Mem:          3.8G       2.2G       1.6G       5.7M        55M       1.7G

MemTotal:        4016004 kB
MemFree:         1666552 kB
Active:           433644 kB
Mem:          3.8G       2.2G       1.6G       5.7M        55M       1.8G

MemTotal:        4016004 kB
MemFree:         1569252 kB
Active:           433632 kB
Mem:          3.8G       2.3G       1.5G       5.7M        55M       1.9G

MemTotal:        4016004 kB
MemFree:         1564800 kB
Active:           433664 kB
Mem:          3.8G       2.3G       1.5G       5.7M        55M       1.9G

MemTotal:        4016004 kB
MemFree:         1538436 kB
Active:           433628 kB
Mem:          3.8G       2.4G       1.5G       5.7M        55M       1.9G

MemTotal:        4016004 kB
MemFree:         1467352 kB
Active:           433656 kB
Mem:          3.8G       2.4G       1.4G       5.7M        55M       2.0G

MemTotal:        4016004 kB
MemFree:         1466504 kB
Active:           433668 kB
Mem:          3.8G       2.4G       1.4G       5.7M        55M       2.0G

MemTotal:        4016004 kB
MemFree:         1464764 kB
Active:           433636 kB
Mem:          3.8G       2.4G       1.4G       5.7M        55M       2.0G

MemTotal:        4016004 kB
MemFree:         1463112 kB
Active:           433764 kB
Mem:          3.8G       2.4G       1.4G       5.7M        55M       2.0G

MemTotal:        4016004 kB
MemFree:         1461692 kB
Active:           433656 kB
Mem:          3.8G       2.4G       1.4G       5.7M        55M       2.0G

MemTotal:        4016004 kB
MemFree:         1366344 kB
Active:           433632 kB
Mem:          3.8G       2.5G       1.3G       5.7M        55M       2.1G

MemTotal:        4016004 kB
MemFree:         1244040 kB
Active:           433788 kB
Mem:          3.8G       2.6G       1.2G       5.7M        55M       2.2G

MemTotal:        4016004 kB
MemFree:         1117040 kB
Active:           433820 kB
Mem:          3.8G       2.8G       1.1G       5.7M        55M       2.3G

MemTotal:        4016004 kB
MemFree:         1047280 kB
Active:           433588 kB
Mem:          3.8G       2.8G       1.0G       5.7M        55M       2.4G

MemTotal:        4016004 kB
MemFree:          985320 kB
Active:           433884 kB
Mem:          3.8G       2.9G       962M       5.7M        55M       2.4G

MemTotal:        4016004 kB
MemFree:          985304 kB
Active:           433700 kB
Mem:          3.8G       2.9G       961M       5.7M        55M       2.4G

MemTotal:        4016004 kB
MemFree:          930980 kB
Active:           433732 kB
Mem:          3.8G       2.9G       909M       5.7M        55M       2.5G

MemTotal:        4016004 kB
MemFree:          930164 kB
Active:           433824 kB
Mem:          3.8G       2.9G       908M       5.7M        55M       2.5G

MemTotal:        4016004 kB
MemFree:          849052 kB
Active:           433764 kB
Mem:          3.8G       3.0G       828M       5.7M        55M       2.5G

MemTotal:        4016004 kB
MemFree:          787108 kB
Active:           431888 kB
Mem:          3.8G       3.1G       768M       5.7M        55M       2.6G

MemTotal:        4016004 kB
MemFree:          782428 kB
Active:           433776 kB
Mem:          3.8G       3.1G       764M       5.7M        55M       2.6G

MemTotal:        4016004 kB
MemFree:          781500 kB
Active:           433860 kB
Mem:          3.8G       3.1G       763M       5.7M        55M       2.6G

MemTotal:        4016004 kB
MemFree:          781692 kB
Active:           433796 kB
Mem:          3.8G       3.1G       763M       5.7M        55M       2.6G

MemTotal:        4016004 kB
MemFree:          653508 kB
Active:           433764 kB
Mem:          3.8G       3.2G       637M       5.7M        55M       2.7G

MemTotal:        4016004 kB
MemFree:          579544 kB
Active:           433900 kB
Mem:          3.8G       3.3G       565M       5.7M        55M       2.8G

MemTotal:        4016004 kB
MemFree:          545268 kB
Active:           433880 kB
Mem:          3.8G       3.3G       531M       5.7M        55M       2.8G

MemTotal:        4016004 kB
MemFree:          487232 kB
Active:           433796 kB
Mem:          3.8G       3.4G       475M       5.7M        55M       2.9G

MemTotal:        4016004 kB
MemFree:          485644 kB
Active:           433920 kB
Mem:          3.8G       3.4G       474M       5.7M        55M       2.9G

MemTotal:        4016004 kB
MemFree:          484876 kB
Active:           433948 kB
Mem:          3.8G       3.4G       473M       5.7M        55M       2.9G

MemTotal:        4016004 kB
MemFree:          483776 kB
Active:           431780 kB
Mem:          3.8G       3.4G       472M       5.7M        55M       2.9G

MemTotal:        4016004 kB
MemFree:          471552 kB
Active:           434040 kB
Mem:          3.8G       3.4G       459M       5.7M        55M       2.9G

MemTotal:        4016004 kB
MemFree:          343652 kB
Active:           433844 kB
Mem:          3.8G       3.5G       335M       5.7M        55M       3.0G

MemTotal:        4016004 kB
MemFree:          239268 kB
Active:           433948 kB
Mem:          3.8G       3.6G       232M       5.7M        55M       3.1G

MemTotal:        4016004 kB
MemFree:          136712 kB
Active:           433836 kB
Mem:          3.8G       3.7G       133M       5.7M        55M       3.2G

MemTotal:        4016004 kB
MemFree:          127104 kB
Active:           433824 kB
Mem:          3.8G       3.7G       123M       5.7M        55M       3.2G

MemTotal:        4016004 kB
MemFree:          142380 kB
Active:           446084 kB
Mem:          3.8G       3.7G       131M       5.7M        20M       3.2G

MemTotal:        4016004 kB
MemFree:          135048 kB
Active:           486496 kB
Mem:          3.8G       3.7G       132M       5.7M        20M       3.2G

MemTotal:        4016004 kB
MemFree:          138328 kB
Active:           483496 kB
Mem:          3.8G       3.7G       134M       5.7M        20M       3.2G

MemTotal:        4016004 kB
MemFree:          137208 kB
Active:           483484 kB
Mem:          3.8G       3.7G       133M       5.7M        20M       3.2G

MemTotal:        4016004 kB
MemFree:          136168 kB
Active:           481416 kB
Mem:          3.8G       3.7G       132M       5.7M        20M       3.2G

MemTotal:        4016004 kB
MemFree:          135412 kB
Active:           483516 kB
Mem:          3.8G       3.7G       132M       5.7M        20M       3.2G

MemTotal:        4016004 kB
MemFree:          130788 kB
Active:           474300 kB
Mem:          3.8G       3.7G       146M       5.7M        20M       3.2G

MemTotal:        4016004 kB
MemFree:          148788 kB
Active:           430344 kB
Mem:          3.8G       3.7G       145M       5.7M        20M       3.2G

MemTotal:        4016004 kB
MemFree:          147436 kB
Active:           430124 kB
Mem:          3.8G       3.7G       144M       5.7M        20M       3.2G

MemTotal:        4016004 kB
MemFree:          147508 kB
Active:           430124 kB
Mem:          3.8G       3.7G       143M       5.7M        20M       3.2G

MemTotal:        4016004 kB
MemFree:          147172 kB
Active:           430132 kB
Mem:          3.8G       3.7G       144M       5.7M        20M       3.2G

MemTotal:        4016004 kB
MemFree:          147640 kB
Active:           430124 kB
Mem:          3.8G       3.7G       143M       5.7M        20M       3.2G

MemTotal:        4016004 kB
MemFree:          144724 kB
Active:           430148 kB
Mem:          3.8G       3.7G       140M       5.7M        20M       3.2G

MemTotal:        4016004 kB
MemFree:          108172 kB
Active:           430156 kB
Mem:          3.8G       3.7G       105M       5.7M        20M       3.3G

MemTotal:        4016004 kB
MemFree:          107148 kB
Active:           430172 kB
Mem:          3.8G       3.7G       104M       5.7M        20M       3.3G

MemTotal:        4016004 kB
MemFree:          128836 kB
Active:           429664 kB
Mem:          3.8G       3.7G       125M       5.7M        20M       3.3G

MemTotal:        4016004 kB
MemFree:          128012 kB
Active:           429484 kB
Mem:          3.8G       3.7G       124M       5.7M        20M       3.3G

MemTotal:        4016004 kB
MemFree:          127260 kB
Active:           427748 kB
Mem:          3.8G       3.7G       123M       5.7M        20M       3.3G

MemTotal:        4016004 kB
MemFree:          120328 kB
Active:           419344 kB
Mem:          3.8G       3.7G       117M       5.7M        20M       3.3G

MemTotal:        4016004 kB
MemFree:          133612 kB
Active:           413256 kB
Mem:          3.8G       3.7G       130M       5.7M        20M       3.3G

MemTotal:        4016004 kB
MemFree:          132780 kB
Active:           410568 kB
Mem:          3.8G       3.7G       129M       5.7M        20M       3.3G

MemTotal:        4016004 kB
MemFree:          142428 kB
Active:           409816 kB
Mem:          3.8G       3.7G       138M       5.7M        20M       3.2G

MemTotal:        4016004 kB
MemFree:          129560 kB
Active:           409820 kB
Mem:          3.8G       3.7G       126M       5.7M        20M       3.3G

MemTotal:        4016004 kB
MemFree:          128832 kB
Active:           408668 kB
Mem:          3.8G       3.7G       125M       5.7M        20M       3.3G

MemTotal:        4016004 kB
MemFree:          107468 kB
Active:           408544 kB
Mem:          3.8G       3.7G       104M       5.7M        20M       3.3G

MemTotal:        4016004 kB
MemFree:          122008 kB
Active:           405096 kB
Mem:          3.8G       3.7G       118M       5.7M        20M       3.3G

MemTotal:        4016004 kB
MemFree:          132576 kB
Active:           404580 kB
Mem:          3.8G       3.7G       129M       5.7M        20M       3.3G

MemTotal:        4016004 kB
MemFree:          131400 kB
Active:           404596 kB
Mem:          3.8G       3.7G       128M       5.7M        20M       3.3G

MemTotal:        4016004 kB
MemFree:          130288 kB
Active:           404564 kB
Mem:          3.8G       3.7G       127M       5.7M        20M       3.3G

MemTotal:        4016004 kB
MemFree:          141268 kB
Active:           403080 kB
Mem:          3.8G       3.7G       138M       5.7M        20M       3.2G

MemTotal:        4016004 kB
MemFree:          137048 kB
Active:           397344 kB
Mem:          3.8G       3.7G       133M       5.7M        20M       3.2G

MemTotal:        4016004 kB
MemFree:          106268 kB
Active:           394144 kB
Mem:          3.8G       3.7G       103M       5.7M        20M       3.3G

MemTotal:        4016004 kB
MemFree:          125580 kB
Active:           389284 kB
Mem:          3.8G       3.7G       122M       5.7M        20M       3.3G

MemTotal:        4016004 kB
MemFree:          120672 kB
Active:           385828 kB
Mem:          3.8G       3.7G       117M       5.7M        20M       3.3G

MemTotal:        4016004 kB
MemFree:          150064 kB
Active:           382104 kB
Mem:          3.8G       3.7G       146M       5.7M        20M       3.2G

MemTotal:        4016004 kB
MemFree:          147900 kB
Active:           382088 kB
Mem:          3.8G       3.7G       144M       5.7M        20M       3.2G

MemTotal:        4016004 kB
MemFree:          145216 kB
Active:           382136 kB
Mem:          3.8G       3.7G       141M       5.7M        20M       3.2G

MemTotal:        4016004 kB
MemFree:          144520 kB
Active:           382132 kB
Mem:          3.8G       3.7G       141M       5.7M        20M       3.2G

MemTotal:        4016004 kB
MemFree:          143084 kB
Active:           382136 kB
Mem:          3.8G       3.7G       139M       5.7M        20M       3.2G

MemTotal:        4016004 kB
MemFree:          141588 kB
Active:           382152 kB
Mem:          3.8G       3.7G       137M       5.7M        20M       3.2G

MemTotal:        4016004 kB
MemFree:          139152 kB
Active:           384176 kB
Mem:          3.8G       3.7G       135M       5.7M        20M       3.2G

MemTotal:        4016004 kB
MemFree:          139108 kB
Active:           384172 kB
Mem:          3.8G       3.7G       135M       5.7M        20M       3.2G

MemTotal:        4016004 kB
MemFree:          139052 kB
Active:           384184 kB
Mem:          3.8G       3.7G       136M       5.7M        20M       3.2G

MemTotal:        4016004 kB
MemFree:          139180 kB
Active:           384276 kB
Mem:          3.8G       3.7G       135M       5.7M        20M       3.2G

MemTotal:        4016004 kB
MemFree:          114172 kB
Active:           381228 kB
Mem:          3.8G       3.7G       110M       5.7M        20M       3.3G

MemTotal:        4016004 kB
MemFree:          128356 kB
Active:           377024 kB
Mem:          3.8G       3.7G       124M       5.7M        20M       3.3G

MemTotal:        4016004 kB
MemFree:          123792 kB
Active:           372244 kB
Mem:          3.8G       3.7G       123M       5.7M        20M       3.3G

MemTotal:        4016004 kB
MemFree:          121960 kB
Active:           372248 kB
Mem:          3.8G       3.7G       125M       5.7M        20M       3.3G

MemTotal:        4016004 kB
MemFree:          120264 kB
Active:           372132 kB
Mem:          3.8G       3.7G       117M       5.7M        20M       3.3G

MemTotal:        4016004 kB
MemFree:          105824 kB
Active:           372092 kB
Mem:          3.8G       3.7G       102M       5.7M        20M       3.3G

MemTotal:        4016004 kB
MemFree:          126944 kB
Active:           372004 kB
Mem:          3.8G       3.7G       124M       5.7M        20M       3.3G

MemTotal:        4016004 kB
MemFree:          133600 kB
Active:           371988 kB
Mem:          3.8G       3.7G       130M       5.7M        20M       3.2G

MemTotal:        4016004 kB
MemFree:          132900 kB
Active:           371896 kB
Mem:          3.8G       3.7G       129M       5.7M        20M       3.2G

MemTotal:        4016004 kB
MemFree:          131864 kB
Active:           371952 kB
Mem:          3.8G       3.7G       128M       5.7M        20M       3.2G

MemTotal:        4016004 kB
MemFree:          130368 kB
Active:           371980 kB
Mem:          3.8G       3.7G       127M       5.7M        20M       3.2G

MemTotal:        4016004 kB
MemFree:          130168 kB
Active:           371936 kB
Mem:          3.8G       3.7G       126M       5.7M        20M       3.3G

MemTotal:        4016004 kB
MemFree:          144760 kB
Active:           371968 kB
Mem:          3.8G       3.7G       140M       5.7M        20M       3.2G

MemTotal:        4016004 kB
MemFree:          112488 kB
Active:           371928 kB
Mem:          3.8G       3.7G       109M       5.7M        20M       3.3G

MemTotal:        4016004 kB
MemFree:          138524 kB
Active:           371988 kB
Mem:          3.8G       3.7G       135M       5.7M        20M       3.2G

MemTotal:        4016004 kB
MemFree:          120172 kB
Active:           371960 kB
Mem:          3.8G       3.7G       117M       5.7M        20M       3.3G

MemTotal:        4016004 kB
MemFree:          132788 kB
Active:           371992 kB
Mem:          3.8G       3.7G       129M       5.7M        20M       3.2G

MemTotal:        4016004 kB
MemFree:          127312 kB
Active:           371996 kB
Mem:          3.8G       3.7G       123M       5.7M        20M       3.3G

MemTotal:        4016004 kB
MemFree:          116320 kB
Active:           371884 kB
Mem:          3.8G       3.7G       112M       5.7M        20M       3.3G

MemTotal:        4016004 kB
MemFree:          126540 kB
Active:           371884 kB
Mem:          3.8G       3.7G       123M       5.7M        20M       3.3G

MemTotal:        4016004 kB
MemFree:          140332 kB
Active:           371884 kB
Mem:          3.8G       3.7G       137M       5.7M        20M       3.2G

MemTotal:        4016004 kB
MemFree:          139852 kB
Active:           371880 kB
Mem:          3.8G       3.7G       136M       5.7M        20M       3.2G

MemTotal:        4016004 kB
MemFree:          138888 kB
Active:           371884 kB
Mem:          3.8G       3.7G       135M       5.7M        20M       3.2G

MemTotal:        4016004 kB
MemFree:          137052 kB
Active:           371880 kB
Mem:          3.8G       3.7G       133M       5.7M        20M       3.2G

MemTotal:        4016004 kB
MemFree:          134360 kB
Active:           371900 kB
Mem:          3.8G       3.7G       131M       5.7M        20M       3.2G

MemTotal:        4016004 kB
MemFree:          126640 kB
Active:           371908 kB
Mem:          3.8G       3.7G       123M       5.7M        20M       3.3G

MemTotal:        4016004 kB
MemFree:          146164 kB
Active:           371872 kB
Mem:          3.8G       3.7G       141M       5.7M        20M       3.2G

MemTotal:        4016004 kB
MemFree:          133776 kB
Active:           371844 kB
Mem:          3.8G       3.7G       130M       5.7M        20M       3.2G

MemTotal:        4016004 kB
MemFree:          123076 kB
Active:           371868 kB
Mem:          3.8G       3.7G       119M       5.7M        20M       3.3G

MemTotal:        4016004 kB
MemFree:          135032 kB
Active:           371916 kB
Mem:          3.8G       3.7G       131M       5.7M        20M       3.2G

MemTotal:        4016004 kB
MemFree:          147824 kB
Active:           371916 kB
Mem:          3.8G       3.7G       144M       5.7M        20M       3.2G

MemTotal:        4016004 kB
MemFree:          131668 kB
Active:           371916 kB
Mem:          3.8G       3.7G       128M       5.7M        20M       3.2G

MemTotal:        4016004 kB
MemFree:          113908 kB
Active:           371912 kB
Mem:          3.8G       3.7G       110M       5.7M        20M       3.3G

MemTotal:        4016004 kB
MemFree:          112648 kB
Active:           371912 kB
Mem:          3.8G       3.7G       109M       5.7M        20M       3.3G

MemTotal:        4016004 kB
MemFree:          110232 kB
Active:           371928 kB
Mem:          3.8G       3.7G       107M       5.7M        20M       3.3G

MemTotal:        4016004 kB
MemFree:          109476 kB
Active:           371924 kB
Mem:          3.8G       3.7G       106M       5.7M        20M       3.3G

MemTotal:        4016004 kB
MemFree:          135048 kB
Active:           370344 kB
Mem:          3.8G       3.7G       131M       5.7M        20M       3.2G

MemTotal:        4016004 kB
MemFree:          123296 kB
Active:           370320 kB
Mem:          3.8G       3.7G       120M       5.7M        20M       3.3G

MemTotal:        4016004 kB
MemFree:          140492 kB
Active:           370324 kB
Mem:          3.8G       3.7G       136M       5.7M        20M       3.2G

MemTotal:        4016004 kB
MemFree:          130016 kB
Active:           366000 kB
Mem:          3.8G       3.7G       126M       5.7M        20M       3.2G

MemTotal:        4016004 kB
MemFree:          111632 kB
Active:           365832 kB
Mem:          3.8G       3.7G       109M       5.7M        20M       3.3G

MemTotal:        4016004 kB
MemFree:          126092 kB
Active:           365844 kB
Mem:          3.8G       3.7G       122M       5.7M        20M       3.3G

MemTotal:        4016004 kB
MemFree:          132880 kB
Active:           365844 kB
Mem:          3.8G       3.7G       129M       5.7M        20M       3.2G

MemTotal:        4016004 kB
MemFree:          149404 kB
Active:           365836 kB
Mem:          3.8G       3.7G       145M       5.7M        20M       3.2G

MemTotal:        4016004 kB
MemFree:          115180 kB
Active:           365800 kB
Mem:          3.8G       3.7G       112M       5.7M        20M       3.3G

MemTotal:        4016004 kB
MemFree:          113316 kB
Active:           365856 kB
Mem:          3.8G       3.7G       110M       5.7M        20M       3.3G

MemTotal:        4016004 kB
MemFree:          112296 kB
Active:           365848 kB
Mem:          3.8G       3.7G       109M       5.7M        20M       3.3G

MemTotal:        4016004 kB
MemFree:          111328 kB
Active:           365824 kB
Mem:          3.8G       3.7G       108M       5.7M        20M       3.3G

MemTotal:        4016004 kB
MemFree:          122552 kB
Active:           365876 kB
Mem:          3.8G       3.7G       119M       5.7M        20M       3.3G

MemTotal:        4016004 kB
MemFree:          112024 kB
Active:           363432 kB
Mem:          3.8G       3.7G       108M       5.7M        20M       3.3G

MemTotal:        4016004 kB
MemFree:          129076 kB
Active:           363356 kB
Mem:          3.8G       3.7G       125M       5.7M        20M       3.2G

MemTotal:        4016004 kB
MemFree:          104892 kB
Active:           363356 kB
Mem:          3.8G       3.7G       106M       5.7M        20M       3.3G

MemTotal:        4016004 kB
MemFree:          122768 kB
Active:           363360 kB
Mem:          3.8G       3.7G       119M       5.7M        20M       3.3G

MemTotal:        4016004 kB
MemFree:          123452 kB
Active:           363364 kB
Mem:          3.8G       3.7G       120M       5.7M        20M       3.3G

MemTotal:        4016004 kB
MemFree:          114056 kB
Active:           356544 kB
Mem:          3.8G       3.7G       111M       5.7M        20M       3.3G

MemTotal:        4016004 kB
MemFree:          121560 kB
Active:           356520 kB
Mem:          3.8G       3.7G       118M       5.7M        20M       3.3G

MemTotal:        4016004 kB
MemFree:          137816 kB
Active:           356520 kB
Mem:          3.8G       3.7G       134M       5.7M        20M       3.2G

MemTotal:        4016004 kB
MemFree:          137808 kB
Active:           356500 kB
Mem:          3.8G       3.7G       134M       5.7M        20M       3.2G

MemTotal:        4016004 kB
MemFree:          136352 kB
Active:           356544 kB
Mem:          3.8G       3.7G       132M       5.7M        20M       3.2G

MemTotal:        4016004 kB
MemFree:          135608 kB
Active:           356528 kB
Mem:          3.8G       3.7G       132M       5.7M        20M       3.2G

MemTotal:        4016004 kB
MemFree:          134900 kB
Active:           356512 kB
Mem:          3.8G       3.7G       131M       5.7M        20M       3.2G

MemTotal:        4016004 kB
MemFree:          104956 kB
Active:           356492 kB
Mem:          3.8G       3.7G       116M       5.7M        20M       3.3G

MemTotal:        4016004 kB
MemFree:          137580 kB
Active:           356552 kB
Mem:          3.8G       3.7G       133M       5.7M        20M       3.2G

MemTotal:        4016004 kB
MemFree:          125096 kB
Active:           355688 kB
Mem:          3.8G       3.7G       121M       5.7M        20M       3.3G

MemTotal:        4016004 kB
MemFree:          119948 kB
Active:           355500 kB
Mem:          3.8G       3.7G       117M       5.7M        20M       3.3G

MemTotal:        4016004 kB
MemFree:          116704 kB
Active:           354984 kB
Mem:          3.8G       3.7G       114M       5.7M        20M       3.3G

MemTotal:        4016004 kB
MemFree:          128476 kB
Active:           353560 kB
Mem:          3.8G       3.7G       125M       5.7M        20M       3.2G

MemTotal:        4016004 kB
MemFree:          136588 kB
Active:           353560 kB
Mem:          3.8G       3.7G       132M       5.7M        20M       3.2G

MemTotal:        4016004 kB
MemFree:          114180 kB
Active:           353616 kB
Mem:          3.8G       3.7G       111M       5.7M        20M       3.3G

MemTotal:        4016004 kB
MemFree:          106156 kB
Active:           353632 kB
Mem:          3.8G       3.7G       103M       5.7M        20M       3.3G

MemTotal:        4016004 kB
MemFree:          105844 kB
Active:           353644 kB
Mem:          3.8G       3.7G       103M       5.7M        20M       3.3G

MemTotal:        4016004 kB
MemFree:          106208 kB
Active:           353644 kB
Mem:          3.8G       3.7G       103M       5.7M        20M       3.3G

MemTotal:        4016004 kB
MemFree:          128508 kB
Active:           353648 kB
Mem:          3.8G       3.7G       125M       5.7M        20M       3.2G

MemTotal:        4016004 kB
MemFree:          124996 kB
Active:           348700 kB
Mem:          3.8G       3.7G       121M       5.7M        20M       3.2G

MemTotal:        4016004 kB
MemFree:          120360 kB
Active:           348656 kB
Mem:          3.8G       3.7G       117M       5.7M        20M       3.3G

MemTotal:        4016004 kB
MemFree:          127900 kB
Active:           348704 kB
Mem:          3.8G       3.7G       124M       5.7M        20M       3.2G

MemTotal:        4016004 kB
MemFree:          126176 kB
Active:           348668 kB
Mem:          3.8G       3.7G       123M       5.7M        20M       3.2G

MemTotal:        4016004 kB
MemFree:          121900 kB
Active:           348716 kB
Mem:          3.8G       3.7G       118M       5.7M        20M       3.3G

MemTotal:        4016004 kB
MemFree:          124440 kB
Active:           348716 kB
Mem:          3.8G       3.7G       121M       5.7M        20M       3.2G

MemTotal:        4016004 kB
MemFree:          118928 kB
Active:           348564 kB
Mem:          3.8G       3.7G       115M       5.7M        20M       3.3G

MemTotal:        4016004 kB
MemFree:          134948 kB
Active:           348504 kB
Mem:          3.8G       3.7G       131M       5.7M        20M       3.2G

MemTotal:        4016004 kB
MemFree:          108592 kB
Active:           348484 kB
Mem:          3.8G       3.7G       105M       5.7M        20M       3.3G

MemTotal:        4016004 kB
MemFree:          107740 kB
Active:           348480 kB
Mem:          3.8G       3.7G       104M       5.7M        20M       3.3G

MemTotal:        4016004 kB
MemFree:          106704 kB
Active:           348484 kB
Mem:          3.8G       3.7G       103M       5.7M        20M       3.3G

MemTotal:        4016004 kB
MemFree:          104772 kB
Active:           348552 kB
Mem:          3.8G       3.7G       102M       5.7M        20M       3.3G

MemTotal:        4016004 kB
MemFree:          116372 kB
Active:           346576 kB
Mem:          3.8G       3.7G       112M       5.7M        20M       3.3G

MemTotal:        4016004 kB
MemFree:          130404 kB
Active:           348248 kB
Mem:          3.8G       3.7G       126M       5.7M        20M       3.2G

MemTotal:        4016004 kB
MemFree:          130844 kB
Active:           348176 kB
Mem:          3.8G       3.7G       127M       5.7M        20M       3.2G

MemTotal:        4016004 kB
MemFree:          130160 kB
Active:           348176 kB
Mem:          3.8G       3.7G       127M       5.7M        20M       3.2G

MemTotal:        4016004 kB
MemFree:          119404 kB
Active:           348180 kB
Mem:          3.8G       3.7G       116M       5.7M        20M       3.3G

MemTotal:        4016004 kB
MemFree:          106940 kB
Active:           346076 kB
Mem:          3.8G       3.7G       104M       5.7M        20M       3.3G

MemTotal:        4016004 kB
MemFree:          120432 kB
Active:           346040 kB
Mem:          3.8G       3.7G       116M       5.7M        20M       3.3G

MemTotal:        4016004 kB
MemFree:          129552 kB
Active:           346100 kB
Mem:          3.8G       3.7G       126M       5.7M        20M       3.2G

MemTotal:        4016004 kB
MemFree:          138468 kB
Active:           346076 kB
Mem:          3.8G       3.7G       135M       5.7M        20M       3.2G

MemTotal:        4016004 kB
MemFree:          111372 kB
Active:           346076 kB
Mem:          3.8G       3.7G       108M       5.7M        20M       3.3G

MemTotal:        4016004 kB
MemFree:          108528 kB
Active:           346240 kB
Mem:          3.8G       3.7G       105M       5.7M        20M       3.3G

MemTotal:        4016004 kB
MemFree:          105640 kB
Active:           346096 kB
Mem:          3.8G       3.7G       103M       5.7M        20M       3.3G

MemTotal:        4016004 kB
MemFree:          128652 kB
Active:           346128 kB
Mem:          3.8G       3.7G       124M       5.7M        20M       3.2G

MemTotal:        4016004 kB
MemFree:          131332 kB
Active:           346128 kB
Mem:          3.8G       3.7G       128M       5.7M        20M       3.2G

MemTotal:        4016004 kB
MemFree:          140804 kB
Active:           343828 kB
Mem:          3.8G       3.7G       137M       5.7M        20M       3.2G

MemTotal:        4016004 kB
MemFree:          108760 kB
Active:           343692 kB
Mem:          3.8G       3.7G       105M       5.7M        20M       3.3G

MemTotal:        4016004 kB
MemFree:          105344 kB
Active:           343680 kB
Mem:          3.8G       3.7G       102M       5.7M        20M       3.3G

MemTotal:        4016004 kB
MemFree:          122128 kB
Active:           343680 kB
Mem:          3.8G       3.7G       119M       5.7M        20M       3.3G

MemTotal:        4016004 kB
MemFree:          125412 kB
Active:           343704 kB
Mem:          3.8G       3.7G       122M       5.7M        20M       3.2G

MemTotal:        4016004 kB
MemFree:          124960 kB
Active:           345680 kB
Mem:          3.8G       3.7G       121M       5.7M        20M       3.2G

MemTotal:        4016004 kB
MemFree:          125352 kB
Active:           345724 kB
Mem:          3.8G       3.7G       122M       5.7M        20M       3.2G

MemTotal:        4016004 kB
MemFree:          121976 kB
Active:           345748 kB
Mem:          3.8G       3.7G       119M       5.7M        20M       3.2G

MemTotal:        4016004 kB
MemFree:          111648 kB
Active:           345096 kB
Mem:          3.8G       3.7G       109M       5.7M        20M       3.3G

MemTotal:        4016004 kB
MemFree:          132420 kB
Active:           345112 kB
Mem:          3.8G       3.7G       128M       5.7M        20M       3.2G

MemTotal:        4016004 kB
MemFree:          139784 kB
Active:           344984 kB
Mem:          3.8G       3.7G       136M       5.7M        20M       3.2G

MemTotal:        4016004 kB
MemFree:          147528 kB
Active:           343120 kB
Mem:          3.8G       3.7G       143M       5.7M        20M       3.2G

MemTotal:        4016004 kB
MemFree:          143012 kB
Active:           342888 kB
Mem:          3.8G       3.7G       140M       5.7M        20M       3.2G

MemTotal:        4016004 kB
MemFree:          143880 kB
Active:           342904 kB
Mem:          3.8G       3.7G       140M       5.7M        20M       3.2G

MemTotal:        4016004 kB
MemFree:          143232 kB
Active:           342896 kB
Mem:          3.8G       3.7G       139M       5.7M        20M       3.2G

MemTotal:        4016004 kB
MemFree:          142956 kB
Active:           342920 kB
Mem:          3.8G       3.7G       139M       5.7M        20M       3.2G

MemTotal:        4016004 kB
MemFree:          139640 kB
Active:           342908 kB
Mem:          3.8G       3.7G       136M       5.7M        20M       3.2G

MemTotal:        4016004 kB
MemFree:          138772 kB
Active:           342940 kB
Mem:          3.8G       3.7G       135M       5.7M        20M       3.2G

MemTotal:        4016004 kB
MemFree:          138276 kB
Active:           342928 kB
Mem:          3.8G       3.7G       135M       5.7M        20M       3.2G

MemTotal:        4016004 kB
MemFree:          137412 kB
Active:           342908 kB
Mem:          3.8G       3.7G       134M       5.7M        20M       3.2G

MemTotal:        4016004 kB
MemFree:          135008 kB
Active:           342956 kB
Mem:          3.8G       3.7G       132M       5.7M        20M       3.2G

MemTotal:        4016004 kB
MemFree:          133200 kB
Active:           342932 kB
Mem:          3.8G       3.7G       129M       5.7M        20M       3.2G

MemTotal:        4016004 kB
MemFree:          124148 kB
Active:           342768 kB
Mem:          3.8G       3.7G       121M       5.7M        20M       3.2G

MemTotal:        4016004 kB
MemFree:          136148 kB
Active:           340596 kB
Mem:          3.8G       3.7G       132M       5.7M        20M       3.2G

MemTotal:        4016004 kB
MemFree:          136396 kB
Active:           340592 kB
Mem:          3.8G       3.7G       132M       5.7M        20M       3.2G

MemTotal:        4016004 kB
MemFree:          136024 kB
Active:           340580 kB
Mem:          3.8G       3.7G       132M       5.7M        20M       3.2G

MemTotal:        4016004 kB
MemFree:          136024 kB
Active:           340580 kB
Mem:          3.8G       3.7G       132M       5.7M        20M       3.2G

MemTotal:        4016004 kB
MemFree:          135776 kB
Active:           340608 kB
Mem:          3.8G       3.7G       132M       5.7M        20M       3.2G

MemTotal:        4016004 kB
MemFree:          136024 kB
Active:           340604 kB
Mem:          3.8G       3.7G       132M       5.7M        20M       3.2G

MemTotal:        4016004 kB
MemFree:          135776 kB
Active:           340608 kB
Mem:          3.8G       3.7G       132M       5.7M        20M       3.2G

MemTotal:        4016004 kB
MemFree:          136148 kB
Active:           340596 kB
Mem:          3.8G       3.7G       132M       5.7M        20M       3.2G

MemTotal:        4016004 kB
MemFree:          136024 kB
Active:           340608 kB
Mem:          3.8G       3.7G       132M       5.7M        20M       3.2G

MemTotal:        4016004 kB
MemFree:          136332 kB
Active:           340056 kB
Mem:          3.8G       3.7G       133M       5.7M        20M       3.2G

MemTotal:        4016004 kB
MemFree:          136456 kB
Active:           342100 kB
Mem:          3.8G       3.7G       132M       5.7M        20M       3.2G

MemTotal:        4016004 kB
MemFree:          135960 kB
Active:           342116 kB
Mem:          3.8G       3.7G       133M       5.7M        20M       3.2G

MemTotal:        4016004 kB
MemFree:          136580 kB
Active:           342108 kB
Mem:          3.8G       3.7G       133M       5.7M        20M       3.2G

MemTotal:        4016004 kB
MemFree:          136208 kB
Active:           342116 kB
Mem:          3.8G       3.7G       132M       5.7M        20M       3.2G

MemTotal:        4016004 kB
MemFree:          135836 kB
Active:           342104 kB
Mem:          3.8G       3.7G       132M       5.7M        20M       3.2G

MemTotal:        4016004 kB
MemFree:          135836 kB
Active:           342104 kB
Mem:          3.8G       3.7G       132M       5.7M        20M       3.2G

MemTotal:        4016004 kB
MemFree:          135836 kB
Active:           342088 kB
Mem:          3.8G       3.7G       132M       5.7M        20M       3.2G

MemTotal:        4016004 kB
MemFree:          136332 kB
Active:           342116 kB
Mem:          3.8G       3.7G       133M       5.7M        20M       3.2G

MemTotal:        4016004 kB
MemFree:          135960 kB
Active:           342120 kB
Mem:          3.8G       3.7G       132M       5.7M        20M       3.2G

MemTotal:        4016004 kB
MemFree:          136328 kB
Active:           340060 kB
Mem:          3.8G       3.7G       132M       5.7M        20M       3.2G

MemTotal:        4016004 kB
MemFree:          135832 kB
Active:           342132 kB
Mem:          3.8G       3.7G       132M       5.7M        20M       3.2G

MemTotal:        4016004 kB
MemFree:          135956 kB
Active:           342120 kB
Mem:          3.8G       3.7G       132M       5.7M        20M       3.2G

MemTotal:        4016004 kB
MemFree:          136204 kB
Active:           342104 kB
Mem:          3.8G       3.7G       132M       5.7M        20M       3.2G

MemTotal:        4016004 kB
MemFree:          135832 kB
Active:           342136 kB
Mem:          3.8G       3.7G       132M       5.7M        20M       3.2G

MemTotal:        4016004 kB
MemFree:          136204 kB
Active:           342084 kB
Mem:          3.8G       3.7G       132M       5.7M        20M       3.2G

MemTotal:        4016004 kB
MemFree:          136204 kB
Active:           342112 kB
Mem:          3.8G       3.7G       132M       5.7M        20M       3.2G

MemTotal:        4016004 kB
MemFree:          136204 kB
Active:           342128 kB
Mem:          3.8G       3.7G       133M       5.7M        20M       3.2G

MemTotal:        4016004 kB
MemFree:          136204 kB
Active:           342124 kB
Mem:          3.8G       3.7G       133M       5.7M        20M       3.2G

MemTotal:        4016004 kB
MemFree:          136204 kB
Active:           342120 kB
Mem:          3.8G       3.7G       133M       5.7M        20M       3.2G

MemTotal:        4016004 kB
MemFree:          134016 kB
Active:           344140 kB
Mem:          3.8G       3.7G       130M       5.7M        20M       3.2G

MemTotal:        4016004 kB
MemFree:          133232 kB
Active:           344184 kB
Mem:          3.8G       3.7G       130M       5.7M        20M       3.2G

MemTotal:        4016004 kB
MemFree:          133724 kB
Active:           344132 kB
Mem:          3.8G       3.7G       130M       5.7M        20M       3.2G

MemTotal:        4016004 kB
MemFree:          133788 kB
Active:           344176 kB
Mem:          3.8G       3.7G       130M       5.7M        20M       3.2G

MemTotal:        4016004 kB
MemFree:          133664 kB
Active:           344168 kB
Mem:          3.8G       3.7G       130M       5.7M        20M       3.2G

MemTotal:        4016004 kB
MemFree:          133292 kB
Active:           344184 kB
Mem:          3.8G       3.7G       130M       5.7M        20M       3.2G

MemTotal:        4016004 kB
MemFree:          133788 kB
Active:           344176 kB
Mem:          3.8G       3.7G       130M       5.7M        20M       3.2G

MemTotal:        4016004 kB
MemFree:          134284 kB
Active:           344176 kB
Mem:          3.8G       3.7G       131M       5.7M        20M       3.2G

MemTotal:        4016004 kB
MemFree:          134160 kB
Active:           344164 kB
Mem:          3.8G       3.7G       130M       5.7M        20M       3.2G

MemTotal:        4016004 kB
MemFree:          133664 kB
Active:           344192 kB
Mem:          3.8G       3.7G       130M       5.7M        20M       3.2G

MemTotal:        4016004 kB
MemFree:          133912 kB
Active:           344172 kB
Mem:          3.8G       3.7G       130M       5.7M        20M       3.2G

MemTotal:        4016004 kB
MemFree:          134036 kB
Active:           344160 kB
Mem:          3.8G       3.7G       130M       5.7M        20M       3.2G

MemTotal:        4016004 kB
MemFree:          133664 kB
Active:           344204 kB
Mem:          3.8G       3.7G       130M       5.7M        20M       3.2G

MemTotal:        4016004 kB
MemFree:          133540 kB
Active:           344204 kB
Mem:          3.8G       3.7G       130M       5.7M        20M       3.2G

MemTotal:        4016004 kB
MemFree:          133912 kB
Active:           344184 kB
Mem:          3.8G       3.7G       130M       5.7M        20M       3.2G

MemTotal:        4016004 kB
MemFree:          134160 kB
Active:           344164 kB
Mem:          3.8G       3.7G       130M       5.7M        20M       3.2G

MemTotal:        4016004 kB
MemFree:          134284 kB
Active:           344200 kB
Mem:          3.8G       3.7G       131M       5.7M        20M       3.2G

MemTotal:        4016004 kB
MemFree:          134284 kB
Active:           344188 kB
Mem:          3.8G       3.7G       131M       5.7M        20M       3.2G

MemTotal:        4016004 kB
MemFree:          134284 kB
Active:           344164 kB
Mem:          3.8G       3.7G       131M       5.7M        20M       3.2G

MemTotal:        4016004 kB
MemFree:          134284 kB
Active:           344204 kB
Mem:          3.8G       3.7G       131M       5.7M        20M       3.2G

MemTotal:        4016004 kB
MemFree:          133896 kB
Active:           343316 kB
Mem:          3.8G       3.7G       130M       5.7M        20M       3.2G

MemTotal:        4016004 kB
MemFree:          133896 kB
Active:           345400 kB
Mem:          3.8G       3.7G       130M       5.7M        20M       3.2G

MemTotal:        4016004 kB
MemFree:          133400 kB
Active:           345412 kB
Mem:          3.8G       3.7G       130M       5.7M        20M       3.2G

MemTotal:        4016004 kB
MemFree:          133896 kB
Active:           345380 kB
Mem:          3.8G       3.7G       130M       5.7M        20M       3.2G

MemTotal:        4016004 kB
MemFree:          134020 kB
Active:           345364 kB
Mem:          3.8G       3.7G       130M       5.7M        20M       3.2G

MemTotal:        4016004 kB
MemFree:          134020 kB
Active:           345408 kB
Mem:          3.8G       3.7G       130M       5.7M        20M       3.2G

MemTotal:        4016004 kB
MemFree:          133648 kB
Active:           345420 kB
Mem:          3.8G       3.7G       130M       5.7M        20M       3.2G

MemTotal:        4016004 kB
MemFree:          133524 kB
Active:           345412 kB
Mem:          3.8G       3.7G       130M       5.7M        20M       3.2G

MemTotal:        4016004 kB
MemFree:          133648 kB
Active:           345388 kB
Mem:          3.8G       3.7G       130M       5.7M        20M       3.2G

MemTotal:        4016004 kB
MemFree:          133648 kB
Active:           345380 kB
Mem:          3.8G       3.7G       130M       5.7M        20M       3.2G

MemTotal:        4016004 kB
MemFree:          133460 kB
Active:           345524 kB
Mem:          3.8G       3.7G       130M       5.7M        20M       3.2G

MemTotal:        4016004 kB
MemFree:          133460 kB
Active:           345580 kB
Mem:          3.8G       3.7G       130M       5.7M        20M       3.2G

MemTotal:        4016004 kB
MemFree:          133832 kB
Active:           345580 kB
Mem:          3.8G       3.7G       130M       5.7M        20M       3.2G

MemTotal:        4016004 kB
MemFree:          133336 kB
Active:           345592 kB
Mem:          3.8G       3.7G       130M       5.7M        20M       3.2G

MemTotal:        4016004 kB
MemFree:          132964 kB
Active:           345592 kB
Mem:          3.8G       3.7G       129M       5.7M        20M       3.2G

MemTotal:        4016004 kB
MemFree:          133460 kB
Active:           345592 kB
Mem:          3.8G       3.7G       130M       5.7M        20M       3.2G

MemTotal:        4016004 kB
MemFree:          133460 kB
Active:           345576 kB
Mem:          3.8G       3.7G       130M       5.7M        20M       3.2G

MemTotal:        4016004 kB
MemFree:          133336 kB
Active:           345552 kB
Mem:          3.8G       3.7G       130M       5.7M        20M       3.2G

MemTotal:        4016004 kB
MemFree:          133336 kB
Active:           345560 kB
Mem:          3.8G       3.7G       130M       5.7M        20M       3.2G

MemTotal:        4016004 kB
MemFree:          133460 kB
Active:           345552 kB
Mem:          3.8G       3.7G       130M       5.7M        20M       3.2G

MemTotal:        4016004 kB
MemFree:          133956 kB
Active:           345584 kB
Mem:          3.8G       3.7G       130M       5.7M        20M       3.2G

MemTotal:        4016004 kB
MemFree:          133956 kB
Active:           345572 kB
Mem:          3.8G       3.7G       130M       5.7M        20M       3.2G

MemTotal:        4016004 kB
MemFree:          133832 kB
Active:           345588 kB
Mem:          3.8G       3.7G       130M       5.7M        20M       3.2G

MemTotal:        4016004 kB
MemFree:          133956 kB
Active:           345588 kB
Mem:          3.8G       3.7G       130M       5.7M        20M       3.2G

MemTotal:        4016004 kB
MemFree:          134080 kB
Active:           345544 kB
Mem:          3.8G       3.7G       130M       5.7M        20M       3.2G

MemTotal:        4016004 kB
MemFree:          133956 kB
Active:           345544 kB
Mem:          3.8G       3.7G       130M       5.7M        20M       3.2G

MemTotal:        4016004 kB
MemFree:          133460 kB
Active:           345600 kB
Mem:          3.8G       3.7G       130M       5.7M        20M       3.2G

MemTotal:        4016004 kB
MemFree:          133832 kB
Active:           345596 kB
Mem:          3.8G       3.7G       130M       5.7M        20M       3.2G

MemTotal:        4016004 kB
MemFree:          133832 kB
Active:           345584 kB
Mem:          3.8G       3.7G       130M       5.7M        20M       3.2G

MemTotal:        4016004 kB
MemFree:          133832 kB
Active:           345576 kB
Mem:          3.8G       3.7G       130M       5.7M        20M       3.2G

MemTotal:        4016004 kB
MemFree:          133460 kB
Active:           345612 kB
Mem:          3.8G       3.7G       130M       5.7M        20M       3.2G

MemTotal:        4016004 kB
MemFree:          132840 kB
Active:           345612 kB
Mem:          3.8G       3.7G       130M       5.7M        20M       3.2G

MemTotal:        4016004 kB
MemFree:          132964 kB
Active:           345612 kB
Mem:          3.8G       3.7G       130M       5.7M        20M       3.2G

MemTotal:        4016004 kB
MemFree:          132964 kB
Active:           345612 kB
Mem:          3.8G       3.7G       129M       5.7M        20M       3.2G

MemTotal:        4016004 kB
MemFree:          133212 kB
Active:           345560 kB
Mem:          3.8G       3.7G       130M       5.7M        20M       3.2G

MemTotal:        4016004 kB
MemFree:          133088 kB
Active:           345556 kB
Mem:          3.8G       3.7G       130M       5.7M        20M       3.2G

MemTotal:        4016004 kB
MemFree:          133708 kB
Active:           345588 kB
Mem:          3.8G       3.7G       130M       5.7M        20M       3.2G

MemTotal:        4016004 kB
MemFree:          133460 kB
Active:           345616 kB
Mem:          3.8G       3.7G       130M       5.7M        20M       3.2G

MemTotal:        4016004 kB
MemFree:          133336 kB
Active:           345616 kB
Mem:          3.8G       3.7G       130M       5.7M        20M       3.2G

MemTotal:        4016004 kB
MemFree:          133460 kB
Active:           345608 kB
Mem:          3.8G       3.7G       130M       5.7M        20M       3.2G

MemTotal:        4016004 kB
MemFree:          131040 kB
Active:           347648 kB
Mem:          3.8G       3.7G       127M       5.7M        20M       3.2G

MemTotal:        4016004 kB
MemFree:          130916 kB
Active:           347640 kB
Mem:          3.8G       3.7G       127M       5.7M        20M       3.2G

MemTotal:        4016004 kB
MemFree:          130916 kB
Active:           347648 kB
Mem:          3.8G       3.7G       127M       5.7M        20M       3.2G

MemTotal:        4016004 kB
MemFree:          131676 kB
Active:           347628 kB
Mem:          3.8G       3.7G       128M       5.7M        20M       3.2G

MemTotal:        4016004 kB
MemFree:          131800 kB
Active:           347604 kB
Mem:          3.8G       3.7G       128M       5.7M        20M       3.2G

MemTotal:        4016004 kB
MemFree:          131800 kB
Active:           347648 kB
Mem:          3.8G       3.7G       128M       5.7M        20M       3.2G

MemTotal:        4016004 kB
MemFree:          131800 kB
Active:           347636 kB
Mem:          3.8G       3.7G       128M       5.7M        20M       3.2G

MemTotal:        4016004 kB
MemFree:          131924 kB
Active:           347628 kB
Mem:          3.8G       3.7G       128M       5.7M        20M       3.2G

MemTotal:        4016004 kB
MemFree:          131800 kB
Active:           347624 kB
Mem:          3.8G       3.7G       128M       5.7M        20M       3.2G

MemTotal:        4016004 kB
MemFree:          131800 kB
Active:           347624 kB
Mem:          3.8G       3.7G       128M       5.7M        20M       3.2G

MemTotal:        4016004 kB
MemFree:          131428 kB
Active:           347652 kB
Mem:          3.8G       3.7G       128M       5.7M        20M       3.2G

MemTotal:        4016004 kB
MemFree:          131800 kB
Active:           347640 kB
Mem:          3.8G       3.7G       128M       5.7M        20M       3.2G

MemTotal:        4016004 kB
MemFree:          131800 kB
Active:           347624 kB
Mem:          3.8G       3.7G       128M       5.7M        20M       3.2G

MemTotal:        4016004 kB
MemFree:          131924 kB
Active:           347600 kB
Mem:          3.8G       3.7G       128M       5.7M        20M       3.2G

MemTotal:        4016004 kB
MemFree:          131552 kB
Active:           347652 kB
Mem:          3.8G       3.7G       128M       5.7M        20M       3.2G

MemTotal:        4016004 kB
MemFree:          131552 kB
Active:           347636 kB
Mem:          3.8G       3.7G       128M       5.7M        20M       3.2G

MemTotal:        4016004 kB
MemFree:          131676 kB
Active:           347624 kB
Mem:          3.8G       3.7G       128M       5.7M        20M       3.2G

MemTotal:        4016004 kB
MemFree:          131056 kB
Active:           347672 kB
Mem:          3.8G       3.7G       128M       5.7M        20M       3.2G

MemTotal:        4016004 kB
MemFree:          130932 kB
Active:           347672 kB
Mem:          3.8G       3.7G       127M       5.7M        20M       3.2G

MemTotal:        4016004 kB
MemFree:          131428 kB
Active:           347664 kB
Mem:          3.8G       3.7G       128M       5.7M        20M       3.2G

MemTotal:        4016004 kB
MemFree:          129752 kB
Active:           349680 kB
Mem:          3.8G       3.7G       126M       5.7M        20M       3.2G

MemTotal:        4016004 kB
MemFree:          129256 kB
Active:           349712 kB
Mem:          3.8G       3.7G       126M       5.7M        20M       3.2G

MemTotal:        4016004 kB
MemFree:          129256 kB
Active:           349712 kB
Mem:          3.8G       3.7G       125M       5.7M        20M       3.2G

MemTotal:        4016004 kB
MemFree:          128636 kB
Active:           349712 kB
Mem:          3.8G       3.7G       125M       5.7M        20M       3.2G

MemTotal:        4016004 kB
MemFree:          129008 kB
Active:           349704 kB
Mem:          3.8G       3.7G       126M       5.7M        20M       3.2G

MemTotal:        4016004 kB
MemFree:          128760 kB
Active:           349720 kB
Mem:          3.8G       3.7G       125M       5.7M        20M       3.2G

MemTotal:        4016004 kB
MemFree:          129132 kB
Active:           349716 kB
Mem:          3.8G       3.7G       126M       5.7M        20M       3.2G

MemTotal:        4016004 kB
MemFree:          129628 kB
Active:           349708 kB
Mem:          3.8G       3.7G       126M       5.7M        20M       3.2G

MemTotal:        4016004 kB
MemFree:          129380 kB
Active:           349720 kB
Mem:          3.8G       3.7G       126M       5.7M        20M       3.2G

MemTotal:        4016004 kB
MemFree:          129628 kB
Active:           349704 kB
Mem:          3.8G       3.7G       126M       5.7M        20M       3.2G

MemTotal:        4016004 kB
MemFree:          129628 kB
Active:           349704 kB
Mem:          3.8G       3.7G       126M       5.7M        20M       3.2G

MemTotal:        4016004 kB
MemFree:          129504 kB
Active:           349724 kB
Mem:          3.8G       3.7G       126M       5.7M        20M       3.2G

MemTotal:        4016004 kB
MemFree:          129380 kB
Active:           349716 kB
Mem:          3.8G       3.7G       126M       5.7M        20M       3.2G

MemTotal:        4016004 kB
MemFree:          129380 kB
Active:           349700 kB
Mem:          3.8G       3.7G       126M       5.7M        20M       3.2G

MemTotal:        4016004 kB
MemFree:          129504 kB
Active:           349684 kB
Mem:          3.8G       3.7G       126M       5.7M        20M       3.2G

MemTotal:        4016004 kB
MemFree:          129628 kB
Active:           349728 kB
Mem:          3.8G       3.7G       126M       5.7M        20M       3.2G

MemTotal:        4016004 kB
MemFree:          129504 kB
Active:           349724 kB
Mem:          3.8G       3.7G       126M       5.7M        20M       3.2G

MemTotal:        4016004 kB
MemFree:          129380 kB
Active:           349708 kB
Mem:          3.8G       3.7G       126M       5.7M        20M       3.2G

MemTotal:        4016004 kB
MemFree:          129132 kB
Active:           349744 kB
Mem:          3.8G       3.7G       126M       5.7M        20M       3.2G

MemTotal:        4016004 kB
MemFree:          129008 kB
Active:           349744 kB
Mem:          3.8G       3.7G       126M       5.7M        20M       3.2G

MemTotal:        4016004 kB
MemFree:          129256 kB
Active:           349728 kB
Mem:          3.8G       3.7G       126M       5.7M        20M       3.2G

MemTotal:        4016004 kB
MemFree:          129380 kB
Active:           349732 kB
Mem:          3.8G       3.7G       126M       5.7M        20M       3.2G

MemTotal:        4016004 kB
MemFree:          129008 kB
Active:           349744 kB
Mem:          3.8G       3.7G       125M       5.7M        20M       3.2G

MemTotal:        4016004 kB
MemFree:          129380 kB
Active:           349752 kB
Mem:          3.8G       3.7G       126M       5.7M        20M       3.2G

MemTotal:        4016004 kB
MemFree:          129628 kB
Active:           349700 kB
Mem:          3.8G       3.7G       126M       5.7M        20M       3.2G

MemTotal:        4016004 kB
MemFree:          129380 kB
Active:           349708 kB
Mem:          3.8G       3.7G       126M       5.7M        20M       3.2G

MemTotal:        4016004 kB
MemFree:          129752 kB
Active:           349704 kB
Mem:          3.8G       3.7G       126M       5.7M        20M       3.2G

MemTotal:        4016004 kB
MemFree:          129628 kB
Active:           349700 kB
Mem:          3.8G       3.7G       126M       5.7M        20M       3.2G

MemTotal:        4016004 kB
MemFree:          129628 kB
Active:           349696 kB
Mem:          3.8G       3.7G       126M       5.7M        20M       3.2G

MemTotal:        4016004 kB
MemFree:          129256 kB
Active:           349752 kB
Mem:          3.8G       3.7G       126M       5.7M        20M       3.2G

MemTotal:        4016004 kB
MemFree:          129628 kB
Active:           349700 kB
Mem:          3.8G       3.7G       126M       5.7M        20M       3.2G

MemTotal:        4016004 kB
MemFree:          129628 kB
Active:           349736 kB
Mem:          3.8G       3.7G       126M       5.7M        20M       3.2G

MemTotal:        4016004 kB
MemFree:          129256 kB
Active:           349764 kB
Mem:          3.8G       3.7G       126M       5.7M        20M       3.2G

MemTotal:        4016004 kB
MemFree:          129504 kB
Active:           349712 kB
Mem:          3.8G       3.7G       126M       5.7M        20M       3.2G

MemTotal:        4016004 kB
MemFree:          129504 kB
Active:           349760 kB
Mem:          3.8G       3.7G       126M       5.7M        20M       3.2G

MemTotal:        4016004 kB
MemFree:          129504 kB
Active:           349752 kB
Mem:          3.8G       3.7G       126M       5.7M        20M       3.2G

MemTotal:        4016004 kB
MemFree:          129256 kB
Active:           349768 kB
Mem:          3.8G       3.7G       126M       5.7M        20M       3.2G

MemTotal:        4016004 kB
MemFree:          129256 kB
Active:           349776 kB
Mem:          3.8G       3.7G       126M       5.7M        20M       3.2G

MemTotal:        4016004 kB
MemFree:          129628 kB
Active:           349772 kB
Mem:          3.8G       3.7G       126M       5.7M        20M       3.2G

MemTotal:        4016004 kB
MemFree:          129256 kB
Active:           349776 kB
Mem:          3.8G       3.7G       126M       5.7M        20M       3.2G

MemTotal:        4016004 kB
MemFree:          129008 kB
Active:           349728 kB
Mem:          3.8G       3.7G       125M       5.7M        20M       3.2G

MemTotal:        4016004 kB
MemFree:          129380 kB
Active:           349720 kB
Mem:          3.8G       3.7G       126M       5.7M        20M       3.2G

MemTotal:        4016004 kB
MemFree:          128884 kB
Active:           349776 kB
Mem:          3.8G       3.7G       126M       5.7M        20M       3.2G

MemTotal:        4016004 kB
MemFree:          129008 kB
Active:           349780 kB
Mem:          3.8G       3.7G       125M       5.7M        20M       3.2G

MemTotal:        4016004 kB
MemFree:          129008 kB
Active:           349728 kB
Mem:          3.8G       3.7G       125M       5.7M        20M       3.2G

MemTotal:        4016004 kB
MemFree:          128884 kB
Active:           349760 kB
Mem:          3.8G       3.7G       125M       5.7M        20M       3.2G

MemTotal:        4016004 kB
MemFree:          128884 kB
Active:           349756 kB
Mem:          3.8G       3.7G       125M       5.7M        20M       3.2G

MemTotal:        4016004 kB
MemFree:          128512 kB
Active:           349784 kB
Mem:          3.8G       3.7G       125M       5.7M        20M       3.2G

MemTotal:        4016004 kB
MemFree:          129256 kB
Active:           349776 kB
Mem:          3.8G       3.7G       126M       5.7M        20M       3.2G

MemTotal:        4016004 kB
MemFree:          129380 kB
Active:           349768 kB
Mem:          3.8G       3.7G       126M       5.7M        20M       3.2G

MemTotal:        4016004 kB
MemFree:          129380 kB
Active:           349760 kB
Mem:          3.8G       3.7G       126M       5.7M        20M       3.2G

MemTotal:        4016004 kB
MemFree:          129008 kB
Active:           349796 kB
Mem:          3.8G       3.7G       125M       5.7M        20M       3.2G

MemTotal:        4016004 kB
MemFree:          129380 kB
Active:           349752 kB
Mem:          3.8G       3.7G       126M       5.7M        20M       3.2G

MemTotal:        4016004 kB
MemFree:          129380 kB
Active:           349796 kB
Mem:          3.8G       3.7G       126M       5.7M        20M       3.2G

MemTotal:        4016004 kB
MemFree:          129132 kB
Active:           349800 kB
Mem:          3.8G       3.7G       126M       5.7M        20M       3.2G

MemTotal:        4016004 kB
MemFree:          129256 kB
Active:           349748 kB
Mem:          3.8G       3.7G       126M       5.7M        20M       3.2G

MemTotal:        4016004 kB
MemFree:          128884 kB
Active:           349804 kB
Mem:          3.8G       3.7G       125M       5.7M        20M       3.2G

MemTotal:        4016004 kB
MemFree:          128760 kB
Active:           349816 kB
Mem:          3.8G       3.7G       125M       5.7M        20M       3.2G

MemTotal:        4016004 kB
MemFree:          129008 kB
Active:           349784 kB
Mem:          3.8G       3.7G       125M       5.7M        20M       3.2G

MemTotal:        4016004 kB
MemFree:          129380 kB
Active:           349764 kB
Mem:          3.8G       3.7G       125M       5.7M        20M       3.2G

MemTotal:        4016004 kB
MemFree:          129256 kB
Active:           349820 kB
Mem:          3.8G       3.7G       126M       5.7M        20M       3.2G

MemTotal:        4016004 kB
MemFree:          129380 kB
Active:           349808 kB
Mem:          3.8G       3.7G       126M       5.7M        20M       3.2G

MemTotal:        4016004 kB
MemFree:          129396 kB
Active:           349800 kB
Mem:          3.8G       3.7G       126M       5.7M        20M       3.2G

MemTotal:        4016004 kB
MemFree:          129132 kB
Active:           349816 kB
Mem:          3.8G       3.7G       126M       5.7M        20M       3.2G

MemTotal:        4016004 kB
MemFree:          129008 kB
Active:           349836 kB
Mem:          3.8G       3.7G       125M       5.7M        20M       3.2G

MemTotal:        4016004 kB
MemFree:          129132 kB
Active:           349820 kB
Mem:          3.8G       3.7G       126M       5.7M        20M       3.2G

MemTotal:        4016004 kB
MemFree:          128356 kB
Active:           350208 kB
Mem:          3.8G       3.7G       125M       5.7M        20M       3.2G

MemTotal:        4016004 kB
MemFree:          119052 kB
Active:           357796 kB
Mem:          3.8G       3.7G       116M       5.7M        28M       3.2G

MemTotal:        4016004 kB
MemFree:          119156 kB
Active:           357544 kB
Mem:          3.8G       3.7G       116M       5.7M        28M       3.2G

MemTotal:        4016004 kB
MemFree:          119280 kB
Active:           357588 kB
Mem:          3.8G       3.7G       116M       5.7M        28M       3.2G

MemTotal:        4016004 kB
MemFree:          119032 kB
Active:           357588 kB
Mem:          3.8G       3.7G       116M       5.7M        28M       3.2G

MemTotal:        4016004 kB
MemFree:          119280 kB
Active:           357580 kB
Mem:          3.8G       3.7G       116M       5.7M        28M       3.2G

MemTotal:        4016004 kB
MemFree:          119016 kB
Active:           357688 kB
Mem:          3.8G       3.7G       116M       5.7M        28M       3.2G

MemTotal:        4016004 kB
MemFree:          118892 kB
Active:           357960 kB
Mem:          3.8G       3.7G       115M       5.7M        28M       3.2G

MemTotal:        4016004 kB
MemFree:          119248 kB
Active:           357768 kB
Mem:          3.8G       3.7G       116M       5.7M        28M       3.2G

MemTotal:        4016004 kB
MemFree:          118752 kB
Active:           357768 kB
Mem:          3.8G       3.7G       115M       5.7M        28M       3.2G

MemTotal:        4016004 kB
MemFree:          119000 kB
Active:           357764 kB
Mem:          3.8G       3.7G       115M       5.7M        28M       3.2G

MemTotal:        4016004 kB
MemFree:          118876 kB
Active:           357768 kB
Mem:          3.8G       3.7G       115M       5.7M        28M       3.2G

MemTotal:        4016004 kB
MemFree:          118504 kB
Active:           357776 kB
Mem:          3.8G       3.7G       115M       5.7M        28M       3.2G

MemTotal:        4016004 kB
MemFree:          118876 kB
Active:           357764 kB
Mem:          3.8G       3.7G       116M       5.7M        28M       3.2G

MemTotal:        4016004 kB
MemFree:          118876 kB
Active:           357764 kB
Mem:          3.8G       3.7G       116M       5.7M        28M       3.2G

MemTotal:        4016004 kB
MemFree:          118840 kB
Active:           357780 kB
Mem:          3.8G       3.7G       116M       5.7M        28M       3.2G

