MemTotal:        4016004 kB
MemFree:         3240084 kB
Active:           419616 kB
Mem:          3.8G       757M       3.1G       5.7M        50M       319M

MemTotal:        4016004 kB
MemFree:         3240752 kB
Active:           419236 kB
Mem:          3.8G       757M       3.1G       5.7M        50M       319M

MemTotal:        4016004 kB
MemFree:         3240612 kB
Active:           419328 kB
Mem:          3.8G       756M       3.1G       5.7M        50M       319M

MemTotal:        4016004 kB
MemFree:         3241216 kB
Active:           419344 kB
Mem:          3.8G       756M       3.1G       5.7M        50M       319M

MemTotal:        4016004 kB
MemFree:         3241340 kB
Active:           419328 kB
Mem:          3.8G       756M       3.1G       5.7M        50M       319M

MemTotal:        4016004 kB
MemFree:         3241216 kB
Active:           419344 kB
Mem:          3.8G       756M       3.1G       5.7M        50M       319M

MemTotal:        4016004 kB
MemFree:         3240968 kB
Active:           419348 kB
Mem:          3.8G       756M       3.1G       5.7M        50M       319M

MemTotal:        4016004 kB
MemFree:         3241216 kB
Active:           419300 kB
Mem:          3.8G       756M       3.1G       5.7M        50M       319M

MemTotal:        4016004 kB
MemFree:         3241572 kB
Active:           419336 kB
Mem:          3.8G       756M       3.1G       5.7M        50M       319M

MemTotal:        4016004 kB
MemFree:         3241324 kB
Active:           419296 kB
Mem:          3.8G       756M       3.1G       5.7M        50M       319M

MemTotal:        4016004 kB
MemFree:         3241308 kB
Active:           419308 kB
Mem:          3.8G       756M       3.1G       5.7M        50M       319M

MemTotal:        4016004 kB
MemFree:         3241540 kB
Active:           419320 kB
Mem:          3.8G       756M       3.1G       5.7M        50M       319M

MemTotal:        4016004 kB
MemFree:         3241028 kB
Active:           419336 kB
Mem:          3.8G       756M       3.1G       5.7M        50M       319M

MemTotal:        4016004 kB
MemFree:         3241152 kB
Active:           419316 kB
Mem:          3.8G       756M       3.1G       5.7M        50M       319M

MemTotal:        4016004 kB
MemFree:         3240408 kB
Active:           417480 kB
Mem:          3.8G       757M       3.1G       5.7M        50M       319M

MemTotal:        4016004 kB
MemFree:         3240888 kB
Active:           419312 kB
Mem:          3.8G       756M       3.1G       5.7M        50M       319M

MemTotal:        4016004 kB
MemFree:         3240888 kB
Active:           419356 kB
Mem:          3.8G       756M       3.1G       5.7M        50M       319M

MemTotal:        4016004 kB
MemFree:         3241012 kB
Active:           419356 kB
Mem:          3.8G       756M       3.1G       5.7M        50M       319M

MemTotal:        4016004 kB
MemFree:         3241260 kB
Active:           419348 kB
Mem:          3.8G       756M       3.1G       5.7M        50M       319M

MemTotal:        4016004 kB
MemFree:         3241260 kB
Active:           419328 kB
Mem:          3.8G       756M       3.1G       5.7M        50M       319M

MemTotal:        4016004 kB
MemFree:         3241384 kB
Active:           419352 kB
Mem:          3.8G       756M       3.1G       5.7M        50M       319M

MemTotal:        4016004 kB
MemFree:         3241384 kB
Active:           419340 kB
Mem:          3.8G       756M       3.1G       5.7M        50M       319M

MemTotal:        4016004 kB
MemFree:         3241384 kB
Active:           419320 kB
Mem:          3.8G       756M       3.1G       5.7M        50M       319M

MemTotal:        4016004 kB
MemFree:         3241384 kB
Active:           419312 kB
Mem:          3.8G       756M       3.1G       5.7M        50M       319M

MemTotal:        4016004 kB
MemFree:         3241136 kB
Active:           419320 kB
Mem:          3.8G       756M       3.1G       5.7M        50M       319M

MemTotal:        4016004 kB
MemFree:         3241508 kB
Active:           419360 kB
Mem:          3.8G       756M       3.1G       5.7M        50M       319M

MemTotal:        4016004 kB
MemFree:         3241508 kB
Active:           419312 kB
Mem:          3.8G       756M       3.1G       5.7M        50M       319M

MemTotal:        4016004 kB
MemFree:         3241616 kB
Active:           419336 kB
Mem:          3.8G       756M       3.1G       5.7M        50M       319M

MemTotal:        4016004 kB
MemFree:         3241384 kB
Active:           419356 kB
Mem:          3.8G       756M       3.1G       5.7M        50M       319M

MemTotal:        4016004 kB
MemFree:         3241260 kB
Active:           419360 kB
Mem:          3.8G       756M       3.1G       5.7M        50M       319M

MemTotal:        4016004 kB
MemFree:         3241384 kB
Active:           419360 kB
Mem:          3.8G       756M       3.1G       5.7M        50M       319M

MemTotal:        4016004 kB
MemFree:         3241260 kB
Active:           419340 kB
Mem:          3.8G       756M       3.1G       5.7M        50M       319M

MemTotal:        4016004 kB
MemFree:         3241384 kB
Active:           419336 kB
Mem:          3.8G       756M       3.1G       5.7M        50M       319M

MemTotal:        4016004 kB
MemFree:         3241632 kB
Active:           419356 kB
Mem:          3.8G       756M       3.1G       5.7M        50M       319M

MemTotal:        4016004 kB
MemFree:         3240524 kB
Active:           417352 kB
Mem:          3.8G       757M       3.1G       5.7M        50M       319M

MemTotal:        4016004 kB
MemFree:         3241272 kB
Active:           419336 kB
Mem:          3.8G       756M       3.1G       5.7M        50M       319M

MemTotal:        4016004 kB
MemFree:         3241148 kB
Active:           419372 kB
Mem:          3.8G       756M       3.1G       5.7M        50M       319M

MemTotal:        4016004 kB
MemFree:         3240776 kB
Active:           419392 kB
Mem:          3.8G       756M       3.1G       5.7M        50M       319M

MemTotal:        4016004 kB
MemFree:         3241148 kB
Active:           419372 kB
Mem:          3.8G       756M       3.1G       5.7M        50M       319M

MemTotal:        4016004 kB
MemFree:         3241024 kB
Active:           419384 kB
Mem:          3.8G       756M       3.1G       5.7M        50M       319M

MemTotal:        4016004 kB
MemFree:         3241272 kB
Active:           419392 kB
Mem:          3.8G       756M       3.1G       5.7M        50M       319M

MemTotal:        4016004 kB
MemFree:         3241396 kB
Active:           419364 kB
Mem:          3.8G       756M       3.1G       5.7M        50M       319M

MemTotal:        4016004 kB
MemFree:         3241396 kB
Active:           419400 kB
Mem:          3.8G       756M       3.1G       5.7M        50M       319M

MemTotal:        4016004 kB
MemFree:         3241148 kB
Active:           419364 kB
Mem:          3.8G       756M       3.1G       5.7M        50M       319M

MemTotal:        4016004 kB
MemFree:         3241380 kB
Active:           419364 kB
Mem:          3.8G       756M       3.1G       5.7M        50M       319M

MemTotal:        4016004 kB
MemFree:         3241116 kB
Active:           419404 kB
Mem:          3.8G       756M       3.1G       5.7M        50M       319M

MemTotal:        4016004 kB
MemFree:         3240976 kB
Active:           419356 kB
Mem:          3.8G       756M       3.1G       5.7M        50M       319M

MemTotal:        4016004 kB
MemFree:         3240976 kB
Active:           419356 kB
Mem:          3.8G       757M       3.1G       5.7M        50M       319M

MemTotal:        4016004 kB
MemFree:         3241208 kB
Active:           419368 kB
Mem:          3.8G       756M       3.1G       5.7M        50M       319M

MemTotal:        4016004 kB
MemFree:         3240960 kB
Active:           419412 kB
Mem:          3.8G       757M       3.1G       5.7M        50M       319M

MemTotal:        4016004 kB
MemFree:         3240944 kB
Active:           419416 kB
Mem:          3.8G       756M       3.1G       5.7M        50M       319M

MemTotal:        4016004 kB
MemFree:         3241316 kB
Active:           419420 kB
Mem:          3.8G       756M       3.1G       5.7M        50M       319M

MemTotal:        4016004 kB
MemFree:         3241192 kB
Active:           419388 kB
Mem:          3.8G       756M       3.1G       5.7M        50M       319M

MemTotal:        4016004 kB
MemFree:         3241144 kB
Active:           419424 kB
Mem:          3.8G       756M       3.1G       5.7M        50M       319M

MemTotal:        4016004 kB
MemFree:         3241160 kB
Active:           419436 kB
Mem:          3.8G       756M       3.1G       5.7M        50M       319M

MemTotal:        4016004 kB
MemFree:         3241160 kB
Active:           419412 kB
Mem:          3.8G       756M       3.1G       5.7M        50M       319M

MemTotal:        4016004 kB
MemFree:         3241440 kB
Active:           419408 kB
Mem:          3.8G       756M       3.1G       5.7M        50M       319M

MemTotal:        4016004 kB
MemFree:         3241812 kB
Active:           419412 kB
Mem:          3.8G       756M       3.1G       5.7M        50M       319M

MemTotal:        4016004 kB
MemFree:         3241812 kB
Active:           419428 kB
Mem:          3.8G       756M       3.1G       5.7M        50M       319M

MemTotal:        4016004 kB
MemFree:         3241564 kB
Active:           419448 kB
Mem:          3.8G       756M       3.1G       5.7M        50M       319M

MemTotal:        4016004 kB
MemFree:         3241564 kB
Active:           419424 kB
Mem:          3.8G       756M       3.1G       5.7M        50M       319M

MemTotal:        4016004 kB
MemFree:         3241564 kB
Active:           419428 kB
Mem:          3.8G       756M       3.1G       5.7M        50M       319M

MemTotal:        4016004 kB
MemFree:         3241440 kB
Active:           419408 kB
Mem:          3.8G       756M       3.1G       5.7M        50M       319M

MemTotal:        4016004 kB
MemFree:         3241192 kB
Active:           419452 kB
Mem:          3.8G       756M       3.1G       5.7M        50M       319M

MemTotal:        4016004 kB
MemFree:         3241068 kB
Active:           419456 kB
Mem:          3.8G       756M       3.1G       5.7M        50M       319M

MemTotal:        4016004 kB
MemFree:         3241564 kB
Active:           419424 kB
Mem:          3.8G       756M       3.1G       5.7M        50M       319M

MemTotal:        4016004 kB
MemFree:         3241440 kB
Active:           419452 kB
Mem:          3.8G       756M       3.1G       5.7M        50M       319M

MemTotal:        4016004 kB
MemFree:         3241440 kB
Active:           419412 kB
Mem:          3.8G       756M       3.1G       5.7M        50M       319M

MemTotal:        4016004 kB
MemFree:         3241768 kB
Active:           419420 kB
Mem:          3.8G       755M       3.1G       5.7M        50M       319M

MemTotal:        4016004 kB
MemFree:         3241892 kB
Active:           419428 kB
Mem:          3.8G       756M       3.1G       5.7M        50M       319M

MemTotal:        4016004 kB
MemFree:         3241892 kB
Active:           419428 kB
Mem:          3.8G       755M       3.1G       5.7M        50M       319M

MemTotal:        4016004 kB
MemFree:         3241892 kB
Active:           419452 kB
Mem:          3.8G       755M       3.1G       5.7M        50M       319M

MemTotal:        4016004 kB
MemFree:         3241768 kB
Active:           419424 kB
Mem:          3.8G       756M       3.1G       5.7M        50M       319M

MemTotal:        4016004 kB
MemFree:         3241708 kB
Active:           419432 kB
Mem:          3.8G       756M       3.1G       5.7M        50M       319M

MemTotal:        4016004 kB
MemFree:         3241460 kB
Active:           419416 kB
Mem:          3.8G       756M       3.1G       5.7M        50M       319M

MemTotal:        4016004 kB
MemFree:         3241460 kB
Active:           419448 kB
Mem:          3.8G       756M       3.1G       5.7M        50M       319M

MemTotal:        4016004 kB
MemFree:         3241708 kB
Active:           419464 kB
Mem:          3.8G       756M       3.1G       5.7M        50M       319M

MemTotal:        4016004 kB
MemFree:         3241584 kB
Active:           419420 kB
Mem:          3.8G       756M       3.1G       5.7M        50M       319M

MemTotal:        4016004 kB
MemFree:         3241816 kB
Active:           419416 kB
Mem:          3.8G       756M       3.1G       5.7M        50M       319M

MemTotal:        4016004 kB
MemFree:         3241924 kB
Active:           419460 kB
Mem:          3.8G       756M       3.1G       5.7M        50M       319M

MemTotal:        4016004 kB
MemFree:         3241784 kB
Active:           419452 kB
Mem:          3.8G       756M       3.1G       5.7M        50M       319M

MemTotal:        4016004 kB
MemFree:         3241784 kB
Active:           419456 kB
Mem:          3.8G       756M       3.1G       5.7M        50M       319M

MemTotal:        4016004 kB
MemFree:         3241908 kB
Active:           419476 kB
Mem:          3.8G       756M       3.1G       5.7M        50M       319M

MemTotal:        4016004 kB
MemFree:         3238624 kB
Active:           419648 kB
Mem:          3.8G       759M       3.1G       5.7M        50M       319M

MemTotal:        4016004 kB
MemFree:         3238680 kB
Active:           419528 kB
Mem:          3.8G       759M       3.1G       5.7M        50M       319M

MemTotal:        4016004 kB
MemFree:         3238804 kB
Active:           421612 kB
Mem:          3.8G       758M       3.1G       5.7M        50M       319M

MemTotal:        4016004 kB
MemFree:         3238804 kB
Active:           421588 kB
Mem:          3.8G       758M       3.1G       5.7M        50M       319M

MemTotal:        4016004 kB
MemFree:         3239052 kB
Active:           421588 kB
Mem:          3.8G       758M       3.1G       5.7M        50M       319M

MemTotal:        4016004 kB
MemFree:         3239176 kB
Active:           421588 kB
Mem:          3.8G       758M       3.1G       5.7M        50M       319M

MemTotal:        4016004 kB
MemFree:         3239532 kB
Active:           421592 kB
Mem:          3.8G       758M       3.1G       5.7M        50M       319M

MemTotal:        4016004 kB
MemFree:         3239580 kB
Active:           421596 kB
Mem:          3.8G       758M       3.1G       5.7M        50M       319M

MemTotal:        4016004 kB
MemFree:         3239208 kB
Active:           421648 kB
Mem:          3.8G       758M       3.1G       5.7M        50M       319M

MemTotal:        4016004 kB
MemFree:         3239208 kB
Active:           421608 kB
Mem:          3.8G       758M       3.1G       5.7M        50M       319M

MemTotal:        4016004 kB
MemFree:         3238692 kB
Active:           419676 kB
Mem:          3.8G       759M       3.1G       5.7M        50M       319M

MemTotal:        4016004 kB
MemFree:         3238524 kB
Active:           419572 kB
Mem:          3.8G       759M       3.1G       5.7M        50M       319M

MemTotal:        4016004 kB
MemFree:         3238524 kB
Active:           421676 kB
Mem:          3.8G       759M       3.1G       5.7M        50M       319M

MemTotal:        4016004 kB
MemFree:         3239128 kB
Active:           421668 kB
Mem:          3.8G       758M       3.1G       5.7M        50M       319M

MemTotal:        4016004 kB
MemFree:         3239360 kB
Active:           421624 kB
Mem:          3.8G       758M       3.1G       5.7M        50M       319M

MemTotal:        4016004 kB
MemFree:         3238864 kB
Active:           421628 kB
Mem:          3.8G       758M       3.1G       5.7M        50M       319M

MemTotal:        4016004 kB
MemFree:         3238988 kB
Active:           421672 kB
Mem:          3.8G       758M       3.1G       5.7M        50M       319M

MemTotal:        4016004 kB
MemFree:         3238864 kB
Active:           421628 kB
Mem:          3.8G       759M       3.1G       5.7M        50M       319M

MemTotal:        4016004 kB
MemFree:         3238864 kB
Active:           421664 kB
Mem:          3.8G       758M       3.1G       5.7M        50M       319M

MemTotal:        4016004 kB
MemFree:         3238864 kB
Active:           421664 kB
Mem:          3.8G       758M       3.1G       5.7M        50M       319M

MemTotal:        4016004 kB
MemFree:         3238848 kB
Active:           421684 kB
Mem:          3.8G       758M       3.1G       5.7M        50M       319M

MemTotal:        4016004 kB
MemFree:         3238956 kB
Active:           421672 kB
Mem:          3.8G       758M       3.1G       5.7M        50M       319M

MemTotal:        4016004 kB
MemFree:         3239188 kB
Active:           421648 kB
Mem:          3.8G       758M       3.1G       5.7M        50M       319M

MemTotal:        4016004 kB
MemFree:         3239172 kB
Active:           421668 kB
Mem:          3.8G       758M       3.1G       5.7M        50M       319M

MemTotal:        4016004 kB
MemFree:         3239156 kB
Active:           421660 kB
Mem:          3.8G       758M       3.1G       5.7M        50M       319M

MemTotal:        4016004 kB
MemFree:         3239280 kB
Active:           421660 kB
Mem:          3.8G       758M       3.1G       5.7M        50M       319M

MemTotal:        4016004 kB
MemFree:         3238892 kB
Active:           421692 kB
Mem:          3.8G       758M       3.1G       5.7M        50M       319M

MemTotal:        4016004 kB
MemFree:         3238644 kB
Active:           421696 kB
Mem:          3.8G       758M       3.1G       5.7M        50M       319M

MemTotal:        4016004 kB
MemFree:         3239016 kB
Active:           421676 kB
Mem:          3.8G       758M       3.1G       5.7M        50M       319M

MemTotal:        4016004 kB
MemFree:         3238504 kB
Active:           421704 kB
Mem:          3.8G       759M       3.1G       5.7M        50M       319M

MemTotal:        4016004 kB
MemFree:         3238088 kB
Active:           419716 kB
Mem:          3.8G       759M       3.1G       5.7M        50M       319M

MemTotal:        4016004 kB
MemFree:         3238192 kB
Active:           421692 kB
Mem:          3.8G       759M       3.1G       5.7M        50M       319M

MemTotal:        4016004 kB
MemFree:         3238424 kB
Active:           421716 kB
Mem:          3.8G       759M       3.1G       5.7M        50M       319M

MemTotal:        4016004 kB
MemFree:         3238316 kB
Active:           421700 kB
Mem:          3.8G       759M       3.1G       5.7M        50M       319M

MemTotal:        4016004 kB
MemFree:         3238316 kB
Active:           421724 kB
Mem:          3.8G       759M       3.1G       5.7M        50M       319M

MemTotal:        4016004 kB
MemFree:         3238316 kB
Active:           421732 kB
Mem:          3.8G       759M       3.1G       5.7M        50M       319M

MemTotal:        4016004 kB
MemFree:         3238688 kB
Active:           421708 kB
Mem:          3.8G       759M       3.1G       5.7M        50M       319M

MemTotal:        4016004 kB
MemFree:         3238316 kB
Active:           421732 kB
Mem:          3.8G       759M       3.1G       5.7M        50M       319M

MemTotal:        4016004 kB
MemFree:         3238812 kB
Active:           421676 kB
Mem:          3.8G       759M       3.1G       5.7M        50M       319M

MemTotal:        4016004 kB
MemFree:         3238936 kB
Active:           421676 kB
Mem:          3.8G       759M       3.1G       5.7M        50M       319M

MemTotal:        4016004 kB
MemFree:         3238376 kB
Active:           419684 kB
Mem:          3.8G       759M       3.1G       5.7M        50M       319M

MemTotal:        4016004 kB
MemFree:         3238748 kB
Active:           421700 kB
Mem:          3.8G       759M       3.1G       5.7M        50M       319M

MemTotal:        4016004 kB
MemFree:         3238828 kB
Active:           421692 kB
Mem:          3.8G       759M       3.1G       5.7M        50M       319M

MemTotal:        4016004 kB
MemFree:         3238580 kB
Active:           421736 kB
Mem:          3.8G       758M       3.1G       5.7M        50M       319M

MemTotal:        4016004 kB
MemFree:         3238828 kB
Active:           421732 kB
Mem:          3.8G       759M       3.1G       5.7M        50M       319M

MemTotal:        4016004 kB
MemFree:         3238456 kB
Active:           421724 kB
Mem:          3.8G       759M       3.1G       5.7M        50M       319M

MemTotal:        4016004 kB
MemFree:         3238208 kB
Active:           421740 kB
Mem:          3.8G       759M       3.1G       5.7M        50M       319M

MemTotal:        4016004 kB
MemFree:         3238952 kB
Active:           421688 kB
Mem:          3.8G       758M       3.1G       5.7M        50M       319M

MemTotal:        4016004 kB
MemFree:         3238952 kB
Active:           421700 kB
Mem:          3.8G       758M       3.1G       5.7M        50M       319M

MemTotal:        4016004 kB
MemFree:         3239076 kB
Active:           421692 kB
Mem:          3.8G       758M       3.1G       5.7M        50M       319M

MemTotal:        4016004 kB
MemFree:         3238704 kB
Active:           421744 kB
Mem:          3.8G       758M       3.1G       5.7M        50M       319M

MemTotal:        4016004 kB
MemFree:         3238812 kB
Active:           421736 kB
Mem:          3.8G       758M       3.1G       5.7M        50M       319M

MemTotal:        4016004 kB
MemFree:         3238936 kB
Active:           421696 kB
Mem:          3.8G       758M       3.1G       5.7M        50M       319M

MemTotal:        4016004 kB
MemFree:         3238440 kB
Active:           421744 kB
Mem:          3.8G       759M       3.1G       5.7M        50M       319M

MemTotal:        4016004 kB
MemFree:         3238424 kB
Active:           421748 kB
Mem:          3.8G       759M       3.1G       5.7M        50M       319M

MemTotal:        4016004 kB
MemFree:         3238564 kB
Active:           421716 kB
Mem:          3.8G       759M       3.1G       5.7M        50M       319M

MemTotal:        4016004 kB
MemFree:         3238936 kB
Active:           421724 kB
Mem:          3.8G       758M       3.1G       5.7M        50M       319M

MemTotal:        4016004 kB
MemFree:         3238440 kB
Active:           421768 kB
Mem:          3.8G       759M       3.1G       5.7M        50M       319M

MemTotal:        4016004 kB
MemFree:         3238812 kB
Active:           421768 kB
Mem:          3.8G       758M       3.1G       5.7M        50M       319M

MemTotal:        4016004 kB
MemFree:         3238812 kB
Active:           421724 kB
Mem:          3.8G       758M       3.1G       5.7M        50M       319M

MemTotal:        4016004 kB
MemFree:         3239016 kB
Active:           421716 kB
Mem:          3.8G       758M       3.1G       5.7M        50M       319M

MemTotal:        4016004 kB
MemFree:         3239016 kB
Active:           421740 kB
Mem:          3.8G       758M       3.1G       5.7M        50M       319M

MemTotal:        4016004 kB
MemFree:         3239388 kB
Active:           421764 kB
Mem:          3.8G       758M       3.1G       5.7M        50M       319M

MemTotal:        4016004 kB
MemFree:         3239404 kB
Active:           421772 kB
Mem:          3.8G       758M       3.1G       5.7M        50M       319M

MemTotal:        4016004 kB
MemFree:         3238912 kB
Active:           421780 kB
Mem:          3.8G       758M       3.1G       5.7M        50M       319M

MemTotal:        4016004 kB
MemFree:         3239160 kB
Active:           421768 kB
Mem:          3.8G       758M       3.1G       5.7M        50M       319M

MemTotal:        4016004 kB
MemFree:         3239160 kB
Active:           421768 kB
Mem:          3.8G       758M       3.1G       5.7M        50M       319M

MemTotal:        4016004 kB
MemFree:         3239284 kB
Active:           421760 kB
Mem:          3.8G       758M       3.1G       5.7M        50M       319M

MemTotal:        4016004 kB
MemFree:         3239424 kB
Active:           421780 kB
Mem:          3.8G       758M       3.1G       5.7M        50M       319M

MemTotal:        4016004 kB
MemFree:         3239424 kB
Active:           421780 kB
Mem:          3.8G       758M       3.1G       5.7M        50M       319M

MemTotal:        4016004 kB
MemFree:         3239052 kB
Active:           421768 kB
Mem:          3.8G       758M       3.1G       5.7M        50M       319M

MemTotal:        4016004 kB
MemFree:         3238680 kB
Active:           421800 kB
Mem:          3.8G       759M       3.1G       5.7M        50M       319M

MemTotal:        4016004 kB
MemFree:         3238820 kB
Active:           421768 kB
Mem:          3.8G       758M       3.1G       5.7M        50M       319M

MemTotal:        4016004 kB
MemFree:         3239440 kB
Active:           421764 kB
Mem:          3.8G       758M       3.1G       5.7M        50M       319M

MemTotal:        4016004 kB
MemFree:         3239440 kB
Active:           421784 kB
Mem:          3.8G       758M       3.1G       5.7M        50M       319M

MemTotal:        4016004 kB
MemFree:         3239564 kB
Active:           421796 kB
Mem:          3.8G       758M       3.1G       5.7M        50M       319M

MemTotal:        4016004 kB
MemFree:         3239440 kB
Active:           421768 kB
Mem:          3.8G       758M       3.1G       5.7M        50M       319M

MemTotal:        4016004 kB
MemFree:         3239472 kB
Active:           421780 kB
Mem:          3.8G       758M       3.1G       5.7M        50M       319M

MemTotal:        4016004 kB
MemFree:         3239100 kB
Active:           421812 kB
Mem:          3.8G       758M       3.1G       5.7M        50M       319M

MemTotal:        4016004 kB
MemFree:         3238624 kB
Active:           419976 kB
Mem:          3.8G       759M       3.1G       5.7M        50M       319M

MemTotal:        4016004 kB
MemFree:         3238816 kB
Active:           419832 kB
Mem:          3.8G       758M       3.1G       5.7M        50M       319M

MemTotal:        4016004 kB
MemFree:         3238832 kB
Active:           421856 kB
Mem:          3.8G       759M       3.1G       5.7M        50M       319M

MemTotal:        4016004 kB
MemFree:         3238460 kB
Active:           421908 kB
Mem:          3.8G       759M       3.1G       5.7M        50M       319M

MemTotal:        4016004 kB
MemFree:         3238708 kB
Active:           421916 kB
Mem:          3.8G       758M       3.1G       5.7M        50M       319M

MemTotal:        4016004 kB
MemFree:         3239080 kB
Active:           421896 kB
Mem:          3.8G       758M       3.1G       5.7M        50M       319M

MemTotal:        4016004 kB
MemFree:         3238956 kB
Active:           421908 kB
Mem:          3.8G       758M       3.1G       5.7M        50M       319M

MemTotal:        4016004 kB
MemFree:         3239080 kB
Active:           421916 kB
Mem:          3.8G       758M       3.1G       5.7M        50M       319M

MemTotal:        4016004 kB
MemFree:         3238584 kB
Active:           421916 kB
Mem:          3.8G       759M       3.1G       5.7M        50M       319M

MemTotal:        4016004 kB
MemFree:         3238832 kB
Active:           421864 kB
Mem:          3.8G       758M       3.1G       5.7M        50M       319M

MemTotal:        4016004 kB
MemFree:         3238140 kB
Active:           419876 kB
Mem:          3.8G       759M       3.1G       5.7M        50M       319M

MemTotal:        4016004 kB
MemFree:         3238820 kB
Active:           421884 kB
Mem:          3.8G       759M       3.1G       5.7M        50M       319M

MemTotal:        4016004 kB
MemFree:         3238696 kB
Active:           421872 kB
Mem:          3.8G       758M       3.1G       5.7M        50M       319M

MemTotal:        4016004 kB
MemFree:         3238960 kB
Active:           421704 kB
Mem:          3.8G       758M       3.1G       5.7M        50M       319M

MemTotal:        4016004 kB
MemFree:         3239084 kB
Active:           421728 kB
Mem:          3.8G       758M       3.1G       5.7M        50M       319M

MemTotal:        4016004 kB
MemFree:         3238960 kB
Active:           421724 kB
Mem:          3.8G       758M       3.1G       5.7M        50M       319M

MemTotal:        4016004 kB
MemFree:         3238960 kB
Active:           421704 kB
Mem:          3.8G       758M       3.1G       5.7M        50M       319M

MemTotal:        4016004 kB
MemFree:         3239084 kB
Active:           421708 kB
Mem:          3.8G       759M       3.1G       5.7M        50M       319M

MemTotal:        4016004 kB
MemFree:         3239208 kB
Active:           421720 kB
Mem:          3.8G       758M       3.1G       5.7M        50M       319M

MemTotal:        4016004 kB
MemFree:         3238836 kB
Active:           421772 kB
Mem:          3.8G       758M       3.1G       5.7M        50M       319M

MemTotal:        4016004 kB
MemFree:         3239084 kB
Active:           421772 kB
Mem:          3.8G       758M       3.1G       5.7M        50M       319M

MemTotal:        4016004 kB
MemFree:         3239084 kB
Active:           421764 kB
Mem:          3.8G       758M       3.1G       5.7M        50M       319M

MemTotal:        4016004 kB
MemFree:         3239332 kB
Active:           421756 kB
Mem:          3.8G       758M       3.1G       5.7M        50M       319M

MemTotal:        4016004 kB
MemFree:         3239084 kB
Active:           421732 kB
Mem:          3.8G       758M       3.1G       5.7M        50M       319M

MemTotal:        4016004 kB
MemFree:         3239084 kB
Active:           421728 kB
Mem:          3.8G       758M       3.1G       5.7M        50M       319M

MemTotal:        4016004 kB
MemFree:         3239084 kB
Active:           421732 kB
Mem:          3.8G       758M       3.1G       5.7M        50M       319M

MemTotal:        4016004 kB
MemFree:         3239332 kB
Active:           421740 kB
Mem:          3.8G       758M       3.1G       5.7M        50M       319M

MemTotal:        4016004 kB
MemFree:         3239300 kB
Active:           421752 kB
Mem:          3.8G       758M       3.1G       5.7M        50M       319M

MemTotal:        4016004 kB
MemFree:         3239208 kB
Active:           421760 kB
Mem:          3.8G       758M       3.1G       5.7M        50M       319M

MemTotal:        4016004 kB
MemFree:         3239208 kB
Active:           421752 kB
Mem:          3.8G       758M       3.1G       5.7M        50M       319M

MemTotal:        4016004 kB
MemFree:         3239316 kB
Active:           421828 kB
Mem:          3.8G       758M       3.1G       5.7M        50M       319M

MemTotal:        4016004 kB
MemFree:         3239192 kB
Active:           421784 kB
Mem:          3.8G       758M       3.1G       5.7M        50M       319M

MemTotal:        4016004 kB
MemFree:         3239316 kB
Active:           421784 kB
Mem:          3.8G       758M       3.1G       5.7M        50M       319M

MemTotal:        4016004 kB
MemFree:         3239440 kB
Active:           421792 kB
Mem:          3.8G       758M       3.1G       5.7M        50M       319M

MemTotal:        4016004 kB
MemFree:         3239192 kB
Active:           421784 kB
Mem:          3.8G       758M       3.1G       5.7M        50M       319M

MemTotal:        4016004 kB
MemFree:         3239564 kB
Active:           421804 kB
Mem:          3.8G       758M       3.1G       5.7M        50M       319M

MemTotal:        4016004 kB
MemFree:         3239192 kB
Active:           421852 kB
Mem:          3.8G       758M       3.1G       5.7M        50M       319M

MemTotal:        4016004 kB
MemFree:         3239564 kB
Active:           421848 kB
Mem:          3.8G       758M       3.1G       5.7M        50M       319M

MemTotal:        4016004 kB
MemFree:         3239564 kB
Active:           421836 kB
Mem:          3.8G       758M       3.1G       5.7M        50M       319M

MemTotal:        4016004 kB
MemFree:         3239440 kB
Active:           421848 kB
Mem:          3.8G       758M       3.1G       5.7M        50M       319M

MemTotal:        4016004 kB
MemFree:         3238508 kB
Active:           419784 kB
Mem:          3.8G       759M       3.1G       5.7M        50M       319M

MemTotal:        4016004 kB
MemFree:         3238384 kB
Active:           419796 kB
Mem:          3.8G       758M       3.1G       5.7M        50M       319M

MemTotal:        4016004 kB
MemFree:         3238756 kB
Active:           419796 kB
Mem:          3.8G       759M       3.1G       5.7M        50M       319M

MemTotal:        4016004 kB
MemFree:         3238632 kB
Active:           419764 kB
Mem:          3.8G       759M       3.1G       5.7M        50M       319M

MemTotal:        4016004 kB
MemFree:         3238632 kB
Active:           421868 kB
Mem:          3.8G       759M       3.1G       5.7M        50M       319M

MemTotal:        4016004 kB
MemFree:         3238756 kB
Active:           421828 kB
Mem:          3.8G       759M       3.1G       5.7M        50M       319M

MemTotal:        4016004 kB
MemFree:         3238880 kB
Active:           421864 kB
Mem:          3.8G       758M       3.1G       5.7M        50M       319M

MemTotal:        4016004 kB
MemFree:         3238880 kB
Active:           421844 kB
Mem:          3.8G       759M       3.1G       5.7M        50M       319M

MemTotal:        4016004 kB
MemFree:         3238632 kB
Active:           421820 kB
Mem:          3.8G       759M       3.1G       5.7M        50M       319M

MemTotal:        4016004 kB
MemFree:         3238492 kB
Active:           419892 kB
Mem:          3.8G       759M       3.1G       5.7M        50M       319M

MemTotal:        4016004 kB
MemFree:         3238988 kB
Active:           421832 kB
Mem:          3.8G       758M       3.1G       5.7M        50M       319M

MemTotal:        4016004 kB
MemFree:         3239112 kB
Active:           421880 kB
Mem:          3.8G       759M       3.1G       5.7M        50M       319M

MemTotal:        4016004 kB
MemFree:         3238988 kB
Active:           421864 kB
Mem:          3.8G       758M       3.1G       5.7M        50M       319M

MemTotal:        4016004 kB
MemFree:         3239112 kB
Active:           421844 kB
Mem:          3.8G       758M       3.1G       5.7M        50M       319M

MemTotal:        4016004 kB
MemFree:         3239112 kB
Active:           421840 kB
Mem:          3.8G       758M       3.1G       5.7M        50M       319M

MemTotal:        4016004 kB
MemFree:         3238988 kB
Active:           421892 kB
Mem:          3.8G       758M       3.1G       5.7M        50M       319M

MemTotal:        4016004 kB
MemFree:         3238988 kB
Active:           421844 kB
Mem:          3.8G       758M       3.1G       5.7M        50M       319M

MemTotal:        4016004 kB
MemFree:         3238988 kB
Active:           421892 kB
Mem:          3.8G       758M       3.1G       5.7M        50M       319M

MemTotal:        4016004 kB
MemFree:         3238988 kB
Active:           421844 kB
Mem:          3.8G       758M       3.1G       5.7M        50M       319M

MemTotal:        4016004 kB
MemFree:         3239036 kB
Active:           419852 kB
Mem:          3.8G       758M       3.1G       5.7M        50M       319M

MemTotal:        4016004 kB
MemFree:         3238896 kB
Active:           421876 kB
Mem:          3.8G       759M       3.1G       5.7M        50M       319M

MemTotal:        4016004 kB
MemFree:         3238772 kB
Active:           421888 kB
Mem:          3.8G       758M       3.1G       5.7M        50M       319M

MemTotal:        4016004 kB
MemFree:         3238896 kB
Active:           421904 kB
Mem:          3.8G       759M       3.1G       5.7M        50M       319M

MemTotal:        4016004 kB
MemFree:         3238772 kB
Active:           421912 kB
Mem:          3.8G       759M       3.1G       5.7M        50M       319M

MemTotal:        4016004 kB
MemFree:         3238896 kB
Active:           421912 kB
Mem:          3.8G       759M       3.1G       5.7M        50M       319M

MemTotal:        4016004 kB
MemFree:         3238648 kB
Active:           421916 kB
Mem:          3.8G       759M       3.1G       5.7M        50M       319M

MemTotal:        4016004 kB
MemFree:         3238772 kB
Active:           421904 kB
Mem:          3.8G       759M       3.1G       5.7M        50M       319M

MemTotal:        4016004 kB
MemFree:         3238772 kB
Active:           421876 kB
Mem:          3.8G       759M       3.1G       5.7M        50M       319M

MemTotal:        4016004 kB
MemFree:         3238648 kB
Active:           421884 kB
Mem:          3.8G       759M       3.1G       5.7M        50M       319M

MemTotal:        4016004 kB
MemFree:         3236724 kB
Active:           421920 kB
Mem:          3.8G       760M       3.1G       5.7M        50M       319M

MemTotal:        4016004 kB
MemFree:         3236848 kB
Active:           423908 kB
Mem:          3.8G       760M       3.1G       5.7M        50M       319M

MemTotal:        4016004 kB
MemFree:         3236972 kB
Active:           423940 kB
Mem:          3.8G       760M       3.1G       5.7M        50M       319M

MemTotal:        4016004 kB
MemFree:         3237344 kB
Active:           423916 kB
Mem:          3.8G       760M       3.1G       5.7M        50M       319M

MemTotal:        4016004 kB
MemFree:         3237592 kB
Active:           423948 kB
Mem:          3.8G       760M       3.1G       5.7M        50M       319M

MemTotal:        4016004 kB
MemFree:         3237592 kB
Active:           423904 kB
Mem:          3.8G       760M       3.1G       5.7M        50M       319M

MemTotal:        4016004 kB
MemFree:         3237592 kB
Active:           423912 kB
Mem:          3.8G       760M       3.1G       5.7M        50M       319M

MemTotal:        4016004 kB
MemFree:         3237716 kB
Active:           423944 kB
Mem:          3.8G       760M       3.1G       5.7M        50M       319M

MemTotal:        4016004 kB
MemFree:         3237220 kB
Active:           423940 kB
Mem:          3.8G       760M       3.1G       5.7M        50M       319M

MemTotal:        4016004 kB
MemFree:         3236848 kB
Active:           423964 kB
Mem:          3.8G       761M       3.1G       5.7M        50M       319M

MemTotal:        4016004 kB
MemFree:         3234800 kB
Active:           423960 kB
Mem:          3.8G       763M       3.1G       5.7M        50M       319M

MemTotal:        4016004 kB
MemFree:         3235172 kB
Active:           425976 kB
Mem:          3.8G       762M       3.1G       5.7M        50M       319M

MemTotal:        4016004 kB
MemFree:         3235172 kB
Active:           425976 kB
Mem:          3.8G       762M       3.1G       5.7M        50M       319M

MemTotal:        4016004 kB
MemFree:         3235296 kB
Active:           425980 kB
Mem:          3.8G       762M       3.1G       5.7M        50M       319M

MemTotal:        4016004 kB
MemFree:         3235172 kB
Active:           425956 kB
Mem:          3.8G       762M       3.1G       5.7M        50M       319M

MemTotal:        4016004 kB
MemFree:         3234800 kB
Active:           426000 kB
Mem:          3.8G       762M       3.1G       5.7M        50M       319M

MemTotal:        4016004 kB
MemFree:         3234924 kB
Active:           426000 kB
Mem:          3.8G       762M       3.1G       5.7M        50M       319M

MemTotal:        4016004 kB
MemFree:         3235420 kB
Active:           425944 kB
Mem:          3.8G       762M       3.1G       5.7M        50M       319M

MemTotal:        4016004 kB
MemFree:         3235668 kB
Active:           425980 kB
Mem:          3.8G       762M       3.1G       5.7M        50M       319M

MemTotal:        4016004 kB
MemFree:         3234924 kB
Active:           425988 kB
Mem:          3.8G       762M       3.1G       5.7M        50M       319M

MemTotal:        4016004 kB
MemFree:         3235048 kB
Active:           426000 kB
Mem:          3.8G       762M       3.1G       5.7M        50M       319M

MemTotal:        4016004 kB
MemFree:         3234924 kB
Active:           425996 kB
Mem:          3.8G       762M       3.1G       5.7M        50M       319M

MemTotal:        4016004 kB
MemFree:         3235048 kB
Active:           425972 kB
Mem:          3.8G       762M       3.1G       5.7M        50M       319M

MemTotal:        4016004 kB
MemFree:         3234676 kB
Active:           425996 kB
Mem:          3.8G       762M       3.1G       5.7M        50M       319M

MemTotal:        4016004 kB
MemFree:         3234288 kB
Active:           426012 kB
Mem:          3.8G       762M       3.1G       5.7M        50M       319M

MemTotal:        4016004 kB
MemFree:         3234768 kB
Active:           426004 kB
Mem:          3.8G       762M       3.1G       5.7M        50M       319M

MemTotal:        4016004 kB
MemFree:         3235048 kB
Active:           426016 kB
Mem:          3.8G       762M       3.1G       5.7M        50M       319M

MemTotal:        4016004 kB
MemFree:         3235172 kB
Active:           425972 kB
Mem:          3.8G       762M       3.1G       5.7M        50M       319M

MemTotal:        4016004 kB
MemFree:         3235296 kB
Active:           425972 kB
Mem:          3.8G       762M       3.1G       5.7M        50M       319M

MemTotal:        4016004 kB
MemFree:         3225964 kB
Active:           433820 kB
Mem:          3.8G       771M       3.1G       5.7M        58M       319M

MemTotal:        4016004 kB
MemFree:         3225280 kB
Active:           431792 kB
Mem:          3.8G       771M       3.1G       5.7M        58M       319M

MemTotal:        4016004 kB
MemFree:         3226024 kB
Active:           433784 kB
Mem:          3.8G       771M       3.1G       5.7M        58M       319M

MemTotal:        4016004 kB
MemFree:         3225528 kB
Active:           433852 kB
Mem:          3.8G       771M       3.1G       5.7M        58M       319M

MemTotal:        4016004 kB
MemFree:         3225900 kB
Active:           433796 kB
Mem:          3.8G       771M       3.1G       5.7M        58M       319M

MemTotal:        4016004 kB
MemFree:         3226024 kB
Active:           433820 kB
Mem:          3.8G       771M       3.1G       5.7M        58M       319M

MemTotal:        4016004 kB
MemFree:         3226148 kB
Active:           433832 kB
Mem:          3.8G       771M       3.1G       5.7M        58M       319M

MemTotal:        4016004 kB
MemFree:         3226024 kB
Active:           433836 kB
Mem:          3.8G       771M       3.1G       5.7M        58M       319M

MemTotal:        4016004 kB
MemFree:         3226024 kB
Active:           433824 kB
Mem:          3.8G       771M       3.1G       5.7M        58M       319M

MemTotal:        4016004 kB
MemFree:         3226024 kB
Active:           433852 kB
Mem:          3.8G       771M       3.1G       5.7M        58M       319M

MemTotal:        4016004 kB
MemFree:         3226148 kB
Active:           433856 kB
Mem:          3.8G       771M       3.1G       5.7M        58M       319M

MemTotal:        4016004 kB
MemFree:         3225340 kB
Active:           431776 kB
Mem:          3.8G       772M       3.1G       5.7M        58M       319M

MemTotal:        4016004 kB
MemFree:         3225216 kB
Active:           433820 kB
Mem:          3.8G       772M       3.1G       5.7M        58M       319M

MemTotal:        4016004 kB
MemFree:         3224968 kB
Active:           433872 kB
Mem:          3.8G       772M       3.1G       5.7M        58M       319M

MemTotal:        4016004 kB
MemFree:         3224968 kB
Active:           433824 kB
Mem:          3.8G       772M       3.1G       5.7M        58M       319M

MemTotal:        4016004 kB
MemFree:         3225092 kB
Active:           433848 kB
Mem:          3.8G       772M       3.1G       5.7M        58M       319M

MemTotal:        4016004 kB
MemFree:         3224596 kB
Active:           433884 kB
Mem:          3.8G       772M       3.1G       5.7M        58M       319M

MemTotal:        4016004 kB
MemFree:         3225340 kB
Active:           433876 kB
Mem:          3.8G       772M       3.1G       5.7M        58M       319M

MemTotal:        4016004 kB
MemFree:         3225092 kB
Active:           433836 kB
Mem:          3.8G       772M       3.1G       5.7M        58M       319M

MemTotal:        4016004 kB
MemFree:         3225092 kB
Active:           433856 kB
Mem:          3.8G       772M       3.1G       5.7M        58M       319M

MemTotal:        4016004 kB
MemFree:         3224212 kB
Active:           431980 kB
Mem:          3.8G       773M       3.1G       5.7M        58M       319M

MemTotal:        4016004 kB
MemFree:         3225088 kB
Active:           433888 kB
Mem:          3.8G       772M       3.1G       5.7M        58M       319M

MemTotal:        4016004 kB
MemFree:         3225088 kB
Active:           433840 kB
Mem:          3.8G       772M       3.1G       5.7M        58M       319M

MemTotal:        4016004 kB
MemFree:         3225088 kB
Active:           433860 kB
Mem:          3.8G       772M       3.1G       5.7M        58M       319M

MemTotal:        4016004 kB
MemFree:         3225584 kB
Active:           433868 kB
Mem:          3.8G       771M       3.1G       5.7M        58M       319M

MemTotal:        4016004 kB
MemFree:         3225460 kB
Active:           433888 kB
Mem:          3.8G       771M       3.1G       5.7M        58M       319M

MemTotal:        4016004 kB
MemFree:         3225584 kB
Active:           433860 kB
Mem:          3.8G       772M       3.1G       5.7M        58M       319M

MemTotal:        4016004 kB
MemFree:         3225336 kB
Active:           433848 kB
Mem:          3.8G       771M       3.1G       5.7M        58M       319M

MemTotal:        4016004 kB
MemFree:         3225336 kB
Active:           433896 kB
Mem:          3.8G       771M       3.1G       5.7M        58M       319M

MemTotal:        4016004 kB
MemFree:         3225708 kB
Active:           433880 kB
Mem:          3.8G       771M       3.1G       5.7M        58M       319M

MemTotal:        4016004 kB
MemFree:         3225832 kB
Active:           433884 kB
Mem:          3.8G       771M       3.1G       5.7M        58M       319M

MemTotal:        4016004 kB
MemFree:         3225460 kB
Active:           433932 kB
Mem:          3.8G       771M       3.1G       5.7M        58M       319M

MemTotal:        4016004 kB
MemFree:         3225460 kB
Active:           433932 kB
Mem:          3.8G       771M       3.1G       5.7M        58M       319M

MemTotal:        4016004 kB
MemFree:         3225708 kB
Active:           433924 kB
Mem:          3.8G       771M       3.1G       5.7M        58M       319M

MemTotal:        4016004 kB
MemFree:         3225708 kB
Active:           433908 kB
Mem:          3.8G       771M       3.1G       5.7M        58M       319M

MemTotal:        4016004 kB
MemFree:         3225584 kB
Active:           433928 kB
Mem:          3.8G       771M       3.1G       5.7M        58M       319M

MemTotal:        4016004 kB
MemFree:         3225336 kB
Active:           433940 kB
Mem:          3.8G       771M       3.1G       5.7M        58M       319M

MemTotal:        4016004 kB
MemFree:         3225584 kB
Active:           433892 kB
Mem:          3.8G       771M       3.1G       5.7M        58M       319M

MemTotal:        4016004 kB
MemFree:         3226080 kB
Active:           433888 kB
Mem:          3.8G       771M       3.1G       5.7M        58M       319M

MemTotal:        4016004 kB
MemFree:         3225460 kB
Active:           433940 kB
Mem:          3.8G       772M       3.1G       5.7M        58M       319M

MemTotal:        4016004 kB
MemFree:         3225336 kB
Active:           433940 kB
Mem:          3.8G       772M       3.1G       5.7M        58M       319M

MemTotal:        4016004 kB
MemFree:         3180940 kB
Active:           434168 kB
Mem:          3.8G       815M       3.0G       5.7M        58M       362M

MemTotal:        4016004 kB
MemFree:         3135336 kB
Active:           434168 kB
Mem:          3.8G       860M       3.0G       5.7M        58M       406M

MemTotal:        4016004 kB
MemFree:         3089964 kB
Active:           434124 kB
Mem:          3.8G       904M       2.9G       5.7M        58M       450M

MemTotal:        4016004 kB
MemFree:         3043988 kB
Active:           434148 kB
Mem:          3.8G       949M       2.9G       5.7M        58M       495M

MemTotal:        4016004 kB
MemFree:         2998120 kB
Active:           434164 kB
Mem:          3.8G       994M       2.9G       5.7M        58M       539M

MemTotal:        4016004 kB
MemFree:         2952764 kB
Active:           434164 kB
Mem:          3.8G       1.0G       2.8G       5.7M        58M       583M

MemTotal:        4016004 kB
MemFree:         2906416 kB
Active:           434152 kB
Mem:          3.8G       1.1G       2.8G       5.7M        58M       627M

MemTotal:        4016004 kB
MemFree:         2860164 kB
Active:           434148 kB
Mem:          3.8G       1.1G       2.7G       5.7M        58M       671M

MemTotal:        4016004 kB
MemFree:         2816080 kB
Active:           434152 kB
Mem:          3.8G       1.1G       2.7G       5.7M        58M       715M

MemTotal:        4016004 kB
MemFree:         2770848 kB
Active:           434152 kB
Mem:          3.8G       1.2G       2.6G       5.7M        58M       757M

MemTotal:        4016004 kB
MemFree:         2768644 kB
Active:           434208 kB
Mem:          3.8G       1.2G       2.6G       5.7M        58M       759M

MemTotal:        4016004 kB
MemFree:         2767168 kB
Active:           434228 kB
Mem:          3.8G       1.2G       2.6G       5.7M        58M       760M

MemTotal:        4016004 kB
MemFree:         2766332 kB
Active:           434220 kB
Mem:          3.8G       1.2G       2.6G       5.7M        58M       761M

MemTotal:        4016004 kB
MemFree:         2721940 kB
Active:           434268 kB
Mem:          3.8G       1.2G       2.6G       5.7M        58M       804M

MemTotal:        4016004 kB
MemFree:         2676012 kB
Active:           434232 kB
Mem:          3.8G       1.3G       2.6G       5.7M        58M       848M

MemTotal:        4016004 kB
MemFree:         2629912 kB
Active:           434236 kB
Mem:          3.8G       1.3G       2.5G       5.7M        58M       892M

MemTotal:        4016004 kB
MemFree:         2584060 kB
Active:           434276 kB
Mem:          3.8G       1.4G       2.5G       5.7M        58M       936M

MemTotal:        4016004 kB
MemFree:         2539060 kB
Active:           434280 kB
Mem:          3.8G       1.4G       2.4G       5.7M        58M       981M

MemTotal:        4016004 kB
MemFree:         2492712 kB
Active:           434260 kB
Mem:          3.8G       1.5G       2.4G       5.7M        58M       1.0G

MemTotal:        4016004 kB
MemFree:         2447108 kB
Active:           434232 kB
Mem:          3.8G       1.5G       2.3G       5.7M        58M       1.0G

MemTotal:        4016004 kB
MemFree:         2414200 kB
Active:           434256 kB
Mem:          3.8G       1.5G       2.3G       5.7M        58M       1.1G

MemTotal:        4016004 kB
MemFree:         2373820 kB
Active:           434304 kB
Mem:          3.8G       1.6G       2.3G       5.7M        58M       1.1G

MemTotal:        4016004 kB
MemFree:         2328076 kB
Active:           434288 kB
Mem:          3.8G       1.6G       2.2G       5.7M        58M       1.2G

MemTotal:        4016004 kB
MemFree:         2312896 kB
Active:           434304 kB
Mem:          3.8G       1.6G       2.2G       5.7M        58M       1.2G

MemTotal:        4016004 kB
MemFree:         2311656 kB
Active:           434284 kB
Mem:          3.8G       1.6G       2.2G       5.7M        58M       1.2G

MemTotal:        4016004 kB
MemFree:         2311224 kB
Active:           434328 kB
Mem:          3.8G       1.6G       2.2G       5.7M        58M       1.2G

MemTotal:        4016004 kB
MemFree:         2311104 kB
Active:           434320 kB
Mem:          3.8G       1.6G       2.2G       5.7M        58M       1.2G

MemTotal:        4016004 kB
MemFree:         2269192 kB
Active:           434328 kB
Mem:          3.8G       1.7G       2.2G       5.7M        58M       1.2G

MemTotal:        4016004 kB
MemFree:         2223464 kB
Active:           434336 kB
Mem:          3.8G       1.7G       2.1G       5.7M        58M       1.3G

MemTotal:        4016004 kB
MemFree:         2177348 kB
Active:           434284 kB
Mem:          3.8G       1.8G       2.1G       5.7M        58M       1.3G

MemTotal:        4016004 kB
MemFree:         2132100 kB
Active:           434336 kB
Mem:          3.8G       1.8G       2.0G       5.7M        58M       1.3G

MemTotal:        4016004 kB
MemFree:         2086372 kB
Active:           434312 kB
Mem:          3.8G       1.8G       2.0G       5.7M        58M       1.4G

MemTotal:        4016004 kB
MemFree:         2040520 kB
Active:           434308 kB
Mem:          3.8G       1.9G       1.9G       5.7M        58M       1.4G

MemTotal:        4016004 kB
MemFree:         1994420 kB
Active:           434312 kB
Mem:          3.8G       1.9G       1.9G       5.7M        58M       1.5G

MemTotal:        4016004 kB
MemFree:         1952256 kB
Active:           434380 kB
Mem:          3.8G       2.0G       1.9G       5.7M        58M       1.5G

MemTotal:        4016004 kB
MemFree:         1939656 kB
Active:           434388 kB
Mem:          3.8G       2.0G       1.8G       5.7M        58M       1.5G

MemTotal:        4016004 kB
MemFree:         1894688 kB
Active:           434356 kB
Mem:          3.8G       2.0G       1.8G       5.7M        58M       1.6G

MemTotal:        4016004 kB
MemFree:         1867664 kB
Active:           434400 kB
Mem:          3.8G       2.0G       1.8G       5.7M        58M       1.6G

MemTotal:        4016004 kB
MemFree:         1866084 kB
Active:           434364 kB
Mem:          3.8G       2.1G       1.8G       5.7M        58M       1.6G

MemTotal:        4016004 kB
MemFree:         1864488 kB
Active:           434424 kB
Mem:          3.8G       2.1G       1.8G       5.7M        58M       1.6G

MemTotal:        4016004 kB
MemFree:         1826276 kB
Active:           434464 kB
Mem:          3.8G       2.1G       1.7G       5.7M        58M       1.6G

MemTotal:        4016004 kB
MemFree:         1780520 kB
Active:           434448 kB
Mem:          3.8G       2.1G       1.7G       5.7M        58M       1.7G

MemTotal:        4016004 kB
MemFree:         1734048 kB
Active:           434472 kB
Mem:          3.8G       2.2G       1.7G       5.7M        58M       1.7G

MemTotal:        4016004 kB
MemFree:         1688428 kB
Active:           434464 kB
Mem:          3.8G       2.2G       1.6G       5.7M        58M       1.8G

MemTotal:        4016004 kB
MemFree:         1643180 kB
Active:           434480 kB
Mem:          3.8G       2.3G       1.6G       5.7M        58M       1.8G

MemTotal:        4016004 kB
MemFree:         1597700 kB
Active:           434476 kB
Mem:          3.8G       2.3G       1.5G       5.7M        58M       1.8G

MemTotal:        4016004 kB
MemFree:         1550856 kB
Active:           434496 kB
Mem:          3.8G       2.4G       1.5G       5.7M        58M       1.9G

MemTotal:        4016004 kB
MemFree:         1512196 kB
Active:           434496 kB
Mem:          3.8G       2.4G       1.4G       5.7M        58M       1.9G

MemTotal:        4016004 kB
MemFree:         1476884 kB
Active:           434472 kB
Mem:          3.8G       2.4G       1.4G       5.7M        58M       2.0G

MemTotal:        4016004 kB
MemFree:         1430940 kB
Active:           436504 kB
Mem:          3.8G       2.5G       1.4G       5.7M        58M       2.0G

MemTotal:        4016004 kB
MemFree:         1424496 kB
Active:           436532 kB
Mem:          3.8G       2.5G       1.4G       5.7M        58M       2.0G

MemTotal:        4016004 kB
MemFree:         1424020 kB
Active:           436552 kB
Mem:          3.8G       2.5G       1.4G       5.7M        58M       2.0G

MemTotal:        4016004 kB
MemFree:         1423816 kB
Active:           436544 kB
Mem:          3.8G       2.5G       1.4G       5.7M        58M       2.0G

MemTotal:        4016004 kB
MemFree:         1421204 kB
Active:           436556 kB
Mem:          3.8G       2.5G       1.4G       5.7M        58M       2.0G

MemTotal:        4016004 kB
MemFree:         1375788 kB
Active:           436592 kB
Mem:          3.8G       2.5G       1.3G       5.7M        58M       2.0G

MemTotal:        4016004 kB
MemFree:         1330060 kB
Active:           436568 kB
Mem:          3.8G       2.6G       1.3G       5.7M        58M       2.1G

MemTotal:        4016004 kB
MemFree:         1284192 kB
Active:           436568 kB
Mem:          3.8G       2.6G       1.2G       5.7M        58M       2.1G

MemTotal:        4016004 kB
MemFree:         1238712 kB
Active:           436560 kB
Mem:          3.8G       2.6G       1.2G       5.7M        58M       2.2G

MemTotal:        4016004 kB
MemFree:         1192860 kB
Active:           436572 kB
Mem:          3.8G       2.7G       1.1G       5.7M        58M       2.2G

MemTotal:        4016004 kB
MemFree:         1146512 kB
Active:           436604 kB
Mem:          3.8G       2.7G       1.1G       5.7M        58M       2.3G

MemTotal:        4016004 kB
MemFree:         1100660 kB
Active:           436604 kB
Mem:          3.8G       2.8G       1.0G       5.7M        58M       2.3G

MemTotal:        4016004 kB
MemFree:         1073672 kB
Active:           436616 kB
Mem:          3.8G       2.8G       1.0G       5.7M        58M       2.3G

MemTotal:        4016004 kB
MemFree:         1028500 kB
Active:           436632 kB
Mem:          3.8G       2.8G       1.0G       5.7M        58M       2.4G

MemTotal:        4016004 kB
MemFree:          982480 kB
Active:           436620 kB
Mem:          3.8G       2.9G       958M       5.7M        58M       2.4G

MemTotal:        4016004 kB
MemFree:          936004 kB
Active:           436636 kB
Mem:          3.8G       2.9G       913M       5.7M        58M       2.5G

MemTotal:        4016004 kB
MemFree:          889904 kB
Active:           436660 kB
Mem:          3.8G       3.0G       868M       5.7M        58M       2.5G

MemTotal:        4016004 kB
MemFree:          844780 kB
Active:           436656 kB
Mem:          3.8G       3.0G       824M       5.7M        58M       2.5G

MemTotal:        4016004 kB
MemFree:          798756 kB
Active:           436676 kB
Mem:          3.8G       3.1G       779M       5.7M        58M       2.6G

MemTotal:        4016004 kB
MemFree:          751852 kB
Active:           436684 kB
Mem:          3.8G       3.1G       733M       5.7M        58M       2.6G

MemTotal:        4016004 kB
MemFree:          705924 kB
Active:           436688 kB
Mem:          3.8G       3.2G       688M       5.7M        58M       2.7G

MemTotal:        4016004 kB
MemFree:          659452 kB
Active:           436668 kB
Mem:          3.8G       3.2G       643M       5.7M        58M       2.7G

MemTotal:        4016004 kB
MemFree:          630496 kB
Active:           436712 kB
Mem:          3.8G       3.2G       615M       5.7M        58M       2.7G

MemTotal:        4016004 kB
MemFree:          584676 kB
Active:           436720 kB
Mem:          3.8G       3.3G       571M       5.7M        58M       2.8G

MemTotal:        4016004 kB
MemFree:          545768 kB
Active:           436740 kB
Mem:          3.8G       3.3G       532M       5.7M        58M       2.8G

MemTotal:        4016004 kB
MemFree:          499668 kB
Active:           436748 kB
Mem:          3.8G       3.4G       487M       5.7M        58M       2.9G

MemTotal:        4016004 kB
MemFree:          486708 kB
Active:           436760 kB
Mem:          3.8G       3.4G       475M       5.7M        58M       2.9G

MemTotal:        4016004 kB
MemFree:          439724 kB
Active:           436752 kB
Mem:          3.8G       3.4G       429M       5.7M        58M       2.9G

MemTotal:        4016004 kB
MemFree:          426948 kB
Active:           436792 kB
Mem:          3.8G       3.4G       416M       5.7M        58M       2.9G

MemTotal:        4016004 kB
MemFree:          379604 kB
Active:           437300 kB
Mem:          3.8G       3.5G       370M       5.7M        58M       3.0G

MemTotal:        4016004 kB
MemFree:          333956 kB
Active:           436820 kB
Mem:          3.8G       3.5G       326M       5.7M        58M       3.0G

MemTotal:        4016004 kB
MemFree:          321624 kB
Active:           436820 kB
Mem:          3.8G       3.5G       314M       5.7M        58M       3.0G

MemTotal:        4016004 kB
MemFree:          275560 kB
Active:           436824 kB
Mem:          3.8G       3.6G       268M       5.7M        58M       3.1G

MemTotal:        4016004 kB
MemFree:          229816 kB
Active:           436780 kB
Mem:          3.8G       3.6G       224M       5.7M        58M       3.1G

MemTotal:        4016004 kB
MemFree:          183592 kB
Active:           436824 kB
Mem:          3.8G       3.7G       179M       5.7M        58M       3.2G

MemTotal:        4016004 kB
MemFree:          137988 kB
Active:           436820 kB
Mem:          3.8G       3.7G       134M       5.7M        58M       3.2G

MemTotal:        4016004 kB
MemFree:          134464 kB
Active:           438828 kB
Mem:          3.8G       3.7G       129M       5.7M        26M       3.2G

MemTotal:        4016004 kB
MemFree:          126020 kB
Active:           448464 kB
Mem:          3.8G       3.7G       115M       5.7M        25M       3.3G

MemTotal:        4016004 kB
MemFree:          119036 kB
Active:           499148 kB
Mem:          3.8G       3.7G       115M       5.7M        25M       3.3G

MemTotal:        4016004 kB
MemFree:          111604 kB
Active:           498668 kB
Mem:          3.8G       3.7G       127M       5.7M        25M       3.2G

MemTotal:        4016004 kB
MemFree:          119636 kB
Active:           481484 kB
Mem:          3.8G       3.7G       116M       5.7M        25M       3.3G

MemTotal:        4016004 kB
MemFree:          127592 kB
Active:           473404 kB
Mem:          3.8G       3.7G       124M       5.7M        25M       3.3G

MemTotal:        4016004 kB
MemFree:          118936 kB
Active:           469908 kB
Mem:          3.8G       3.7G       116M       5.7M        25M       3.3G

MemTotal:        4016004 kB
MemFree:          110036 kB
Active:           466480 kB
Mem:          3.8G       3.7G       106M       5.7M        25M       3.3G

MemTotal:        4016004 kB
MemFree:          118304 kB
Active:           461512 kB
Mem:          3.8G       3.7G       115M       5.7M        25M       3.3G

MemTotal:        4016004 kB
MemFree:          108588 kB
Active:           458060 kB
Mem:          3.8G       3.7G       105M       5.7M        25M       3.3G

MemTotal:        4016004 kB
MemFree:          135716 kB
Active:           449024 kB
Mem:          3.8G       3.7G       132M       5.7M        25M       3.2G

MemTotal:        4016004 kB
MemFree:          126372 kB
Active:           445752 kB
Mem:          3.8G       3.7G       122M       5.7M        25M       3.3G

MemTotal:        4016004 kB
MemFree:          139736 kB
Active:           444336 kB
Mem:          3.8G       3.7G       136M       5.7M        25M       3.2G

MemTotal:        4016004 kB
MemFree:          124576 kB
Active:           444264 kB
Mem:          3.8G       3.7G       121M       5.7M        25M       3.3G

MemTotal:        4016004 kB
MemFree:          115676 kB
Active:           443064 kB
Mem:          3.8G       3.7G       112M       5.7M        25M       3.3G

MemTotal:        4016004 kB
MemFree:          120700 kB
Active:           439224 kB
Mem:          3.8G       3.7G       117M       5.7M        25M       3.3G

MemTotal:        4016004 kB
MemFree:          124728 kB
Active:           437308 kB
Mem:          3.8G       3.7G       122M       5.7M        25M       3.3G

MemTotal:        4016004 kB
MemFree:          115812 kB
Active:           436168 kB
Mem:          3.8G       3.7G       112M       5.7M        25M       3.3G

MemTotal:        4016004 kB
MemFree:          144216 kB
Active:           431996 kB
Mem:          3.8G       3.7G       140M       5.7M        25M       3.2G

MemTotal:        4016004 kB
MemFree:          134804 kB
Active:           430844 kB
Mem:          3.8G       3.7G       131M       5.7M        25M       3.2G

MemTotal:        4016004 kB
MemFree:          125428 kB
Active:           429692 kB
Mem:          3.8G       3.7G       121M       5.7M        25M       3.3G

MemTotal:        4016004 kB
MemFree:          127784 kB
Active:           427772 kB
Mem:          3.8G       3.7G       124M       5.7M        25M       3.3G

MemTotal:        4016004 kB
MemFree:          128272 kB
Active:           426708 kB
Mem:          3.8G       3.7G       125M       5.7M        25M       3.3G

MemTotal:        4016004 kB
MemFree:          118520 kB
Active:           425576 kB
Mem:          3.8G       3.7G       115M       5.7M        25M       3.3G

MemTotal:        4016004 kB
MemFree:          128544 kB
Active:           425092 kB
Mem:          3.8G       3.7G       125M       5.7M        25M       3.2G

MemTotal:        4016004 kB
MemFree:          112240 kB
Active:           423964 kB
Mem:          3.8G       3.7G       109M       5.7M        25M       3.3G

MemTotal:        4016004 kB
MemFree:          126812 kB
Active:           420376 kB
Mem:          3.8G       3.7G       123M       5.7M        25M       3.3G

MemTotal:        4016004 kB
MemFree:          123200 kB
Active:           416752 kB
Mem:          3.8G       3.7G       120M       5.7M        25M       3.3G

MemTotal:        4016004 kB
MemFree:          106676 kB
Active:           415700 kB
Mem:          3.8G       3.7G       104M       5.7M        25M       3.3G

MemTotal:        4016004 kB
MemFree:          133236 kB
Active:           413564 kB
Mem:          3.8G       3.7G       130M       5.7M        25M       3.2G

MemTotal:        4016004 kB
MemFree:          126500 kB
Active:           412144 kB
Mem:          3.8G       3.7G       123M       5.7M        25M       3.3G

MemTotal:        4016004 kB
MemFree:          124848 kB
Active:           410364 kB
Mem:          3.8G       3.7G       121M       5.7M        26M       3.3G

MemTotal:        4016004 kB
MemFree:          131168 kB
Active:           408452 kB
Mem:          3.8G       3.7G       127M       5.7M        26M       3.2G

MemTotal:        4016004 kB
MemFree:          128308 kB
Active:           406916 kB
Mem:          3.8G       3.7G       125M       5.7M        26M       3.3G

MemTotal:        4016004 kB
MemFree:          133768 kB
Active:           405380 kB
Mem:          3.8G       3.7G       130M       5.7M        26M       3.2G

MemTotal:        4016004 kB
MemFree:          110860 kB
Active:           405264 kB
Mem:          3.8G       3.7G       108M       5.7M        26M       3.3G

MemTotal:        4016004 kB
MemFree:          108516 kB
Active:           404100 kB
Mem:          3.8G       3.7G       105M       5.7M        26M       3.3G

MemTotal:        4016004 kB
MemFree:          129024 kB
Active:           402064 kB
Mem:          3.8G       3.7G       125M       5.7M        26M       3.2G

MemTotal:        4016004 kB
MemFree:          114052 kB
Active:           400920 kB
Mem:          3.8G       3.7G       110M       5.7M        26M       3.3G

MemTotal:        4016004 kB
MemFree:          129020 kB
Active:           399216 kB
Mem:          3.8G       3.7G       125M       5.7M        26M       3.2G

MemTotal:        4016004 kB
MemFree:          127288 kB
Active:           397464 kB
Mem:          3.8G       3.7G       123M       5.7M        26M       3.3G

MemTotal:        4016004 kB
MemFree:          122940 kB
Active:           395940 kB
Mem:          3.8G       3.7G       119M       5.7M        26M       3.3G

MemTotal:        4016004 kB
MemFree:          104976 kB
Active:           394916 kB
Mem:          3.8G       3.7G       107M       5.7M        26M       3.3G

MemTotal:        4016004 kB
MemFree:          122376 kB
Active:           390916 kB
Mem:          3.8G       3.7G       119M       5.7M        26M       3.3G

MemTotal:        4016004 kB
MemFree:          105620 kB
Active:           390032 kB
Mem:          3.8G       3.7G       102M       5.7M        26M       3.3G

MemTotal:        4016004 kB
MemFree:          126972 kB
Active:           386048 kB
Mem:          3.8G       3.7G       123M       5.7M        26M       3.3G

MemTotal:        4016004 kB
MemFree:          106264 kB
Active:           385920 kB
Mem:          3.8G       3.7G       103M       5.7M        26M       3.3G

MemTotal:        4016004 kB
MemFree:          118116 kB
Active:           384908 kB
Mem:          3.8G       3.7G       115M       5.7M        26M       3.3G

MemTotal:        4016004 kB
MemFree:          126628 kB
Active:           383124 kB
Mem:          3.8G       3.7G       123M       5.7M        26M       3.3G

MemTotal:        4016004 kB
MemFree:          129508 kB
Active:           381592 kB
Mem:          3.8G       3.7G       125M       5.7M        26M       3.2G

MemTotal:        4016004 kB
MemFree:          128004 kB
Active:           377592 kB
Mem:          3.8G       3.7G       124M       5.7M        26M       3.2G

MemTotal:        4016004 kB
MemFree:          118976 kB
Active:           376564 kB
Mem:          3.8G       3.7G       115M       5.7M        26M       3.3G

MemTotal:        4016004 kB
MemFree:          128580 kB
Active:           375352 kB
Mem:          3.8G       3.7G       125M       5.7M        26M       3.2G

MemTotal:        4016004 kB
MemFree:          118540 kB
Active:           375180 kB
Mem:          3.8G       3.7G       115M       5.7M        26M       3.3G

MemTotal:        4016004 kB
MemFree:          109332 kB
Active:           375224 kB
Mem:          3.8G       3.7G       106M       5.7M        26M       3.3G

MemTotal:        4016004 kB
MemFree:          124828 kB
Active:           375232 kB
Mem:          3.8G       3.7G       121M       5.7M        26M       3.3G

MemTotal:        4016004 kB
MemFree:          127284 kB
Active:           375192 kB
Mem:          3.8G       3.7G       124M       5.7M        26M       3.2G

MemTotal:        4016004 kB
MemFree:          126976 kB
Active:           375196 kB
Mem:          3.8G       3.7G       123M       5.7M        26M       3.2G

MemTotal:        4016004 kB
MemFree:          115216 kB
Active:           375244 kB
Mem:          3.8G       3.7G       112M       5.7M        26M       3.3G

MemTotal:        4016004 kB
MemFree:          105952 kB
Active:           375260 kB
Mem:          3.8G       3.7G       103M       5.7M        26M       3.3G

MemTotal:        4016004 kB
MemFree:          108444 kB
Active:           375260 kB
Mem:          3.8G       3.7G       105M       5.7M        26M       3.3G

MemTotal:        4016004 kB
MemFree:          135100 kB
Active:           375260 kB
Mem:          3.8G       3.7G       131M       5.7M        26M       3.2G

MemTotal:        4016004 kB
MemFree:          126372 kB
Active:           375228 kB
Mem:          3.8G       3.7G       123M       5.7M        26M       3.2G

MemTotal:        4016004 kB
MemFree:          109752 kB
Active:           375272 kB
Mem:          3.8G       3.7G       107M       5.7M        26M       3.3G

MemTotal:        4016004 kB
MemFree:          124700 kB
Active:           375272 kB
Mem:          3.8G       3.7G       121M       5.7M        26M       3.2G

MemTotal:        4016004 kB
MemFree:          127152 kB
Active:           375276 kB
Mem:          3.8G       3.7G       126M       5.7M        26M       3.2G

MemTotal:        4016004 kB
MemFree:          113724 kB
Active:           374940 kB
Mem:          3.8G       3.7G       110M       5.7M        26M       3.3G

MemTotal:        4016004 kB
MemFree:          118704 kB
Active:           374992 kB
Mem:          3.8G       3.7G       115M       5.7M        26M       3.3G

MemTotal:        4016004 kB
MemFree:          109088 kB
Active:           375000 kB
Mem:          3.8G       3.7G       106M       5.7M        26M       3.3G

MemTotal:        4016004 kB
MemFree:          131636 kB
Active:           375000 kB
Mem:          3.8G       3.7G       128M       5.7M        26M       3.2G

MemTotal:        4016004 kB
MemFree:          140332 kB
Active:           375016 kB
Mem:          3.8G       3.7G       136M       5.7M        26M       3.2G

MemTotal:        4016004 kB
MemFree:          142604 kB
Active:           374960 kB
Mem:          3.8G       3.7G       138M       5.7M        26M       3.2G

MemTotal:        4016004 kB
MemFree:          132704 kB
Active:           375016 kB
Mem:          3.8G       3.7G       129M       5.7M        26M       3.2G

MemTotal:        4016004 kB
MemFree:          129524 kB
Active:           374980 kB
Mem:          3.8G       3.7G       132M       5.7M        26M       3.2G

MemTotal:        4016004 kB
MemFree:          120276 kB
Active:           374916 kB
Mem:          3.8G       3.7G       117M       5.7M        26M       3.3G

MemTotal:        4016004 kB
MemFree:          110732 kB
Active:           374900 kB
Mem:          3.8G       3.7G       107M       5.7M        26M       3.3G

MemTotal:        4016004 kB
MemFree:          125640 kB
Active:           374916 kB
Mem:          3.8G       3.7G       122M       5.7M        26M       3.3G

MemTotal:        4016004 kB
MemFree:          132560 kB
Active:           374908 kB
Mem:          3.8G       3.7G       132M       5.7M        26M       3.2G

MemTotal:        4016004 kB
MemFree:          137140 kB
Active:           374936 kB
Mem:          3.8G       3.7G       133M       5.7M        26M       3.2G

MemTotal:        4016004 kB
MemFree:          106344 kB
Active:           374948 kB
Mem:          3.8G       3.7G       103M       5.7M        26M       3.3G

MemTotal:        4016004 kB
MemFree:          107364 kB
Active:           374908 kB
Mem:          3.8G       3.7G       104M       5.7M        26M       3.3G

MemTotal:        4016004 kB
MemFree:          127676 kB
Active:           374916 kB
Mem:          3.8G       3.7G       124M       5.7M        26M       3.2G

MemTotal:        4016004 kB
MemFree:          126896 kB
Active:           374908 kB
Mem:          3.8G       3.7G       123M       5.7M        26M       3.2G

MemTotal:        4016004 kB
MemFree:          126964 kB
Active:           374924 kB
Mem:          3.8G       3.7G       123M       5.7M        26M       3.2G

MemTotal:        4016004 kB
MemFree:          104832 kB
Active:           375064 kB
Mem:          3.8G       3.7G       102M       5.7M        26M       3.3G

MemTotal:        4016004 kB
MemFree:          131664 kB
Active:           374952 kB
Mem:          3.8G       3.7G       128M       5.7M        26M       3.2G

MemTotal:        4016004 kB
MemFree:          127872 kB
Active:           374940 kB
Mem:          3.8G       3.7G       124M       5.7M        26M       3.2G

MemTotal:        4016004 kB
MemFree:          130632 kB
Active:           374952 kB
Mem:          3.8G       3.7G       127M       5.7M        26M       3.2G

MemTotal:        4016004 kB
MemFree:          120244 kB
Active:           374948 kB
Mem:          3.8G       3.7G       117M       5.7M        26M       3.3G

MemTotal:        4016004 kB
MemFree:          122504 kB
Active:           374900 kB
Mem:          3.8G       3.7G       119M       5.7M        26M       3.3G

MemTotal:        4016004 kB
MemFree:          130452 kB
Active:           374952 kB
Mem:          3.8G       3.7G       127M       5.7M        26M       3.2G

MemTotal:        4016004 kB
MemFree:          120668 kB
Active:           374960 kB
Mem:          3.8G       3.7G       117M       5.7M        26M       3.3G

MemTotal:        4016004 kB
MemFree:          111336 kB
Active:           374960 kB
Mem:          3.8G       3.7G       108M       5.7M        26M       3.3G

MemTotal:        4016004 kB
MemFree:          114904 kB
Active:           374948 kB
Mem:          3.8G       3.7G       111M       5.7M        26M       3.3G

MemTotal:        4016004 kB
MemFree:          124032 kB
Active:           374948 kB
Mem:          3.8G       3.7G       121M       5.7M        26M       3.2G

MemTotal:        4016004 kB
MemFree:          114468 kB
Active:           374968 kB
Mem:          3.8G       3.7G       111M       5.7M        26M       3.3G

MemTotal:        4016004 kB
MemFree:          106728 kB
Active:           374968 kB
Mem:          3.8G       3.7G       104M       5.7M        26M       3.3G

MemTotal:        4016004 kB
MemFree:          105868 kB
Active:           374968 kB
Mem:          3.8G       3.7G       103M       5.7M        26M       3.3G

MemTotal:        4016004 kB
MemFree:          130276 kB
Active:           374980 kB
Mem:          3.8G       3.7G       126M       5.7M        26M       3.2G

MemTotal:        4016004 kB
MemFree:          147264 kB
Active:           374984 kB
Mem:          3.8G       3.7G       143M       5.7M        26M       3.2G

MemTotal:        4016004 kB
MemFree:          126868 kB
Active:           374980 kB
Mem:          3.8G       3.7G       123M       5.7M        26M       3.2G

MemTotal:        4016004 kB
MemFree:          106496 kB
Active:           374924 kB
Mem:          3.8G       3.7G       103M       5.7M        26M       3.3G

MemTotal:        4016004 kB
MemFree:          133920 kB
Active:           368548 kB
Mem:          3.8G       3.7G       129M       5.7M        26M       3.2G

MemTotal:        4016004 kB
MemFree:          124020 kB
Active:           368588 kB
Mem:          3.8G       3.7G       120M       5.7M        26M       3.2G

MemTotal:        4016004 kB
MemFree:          113868 kB
Active:           368564 kB
Mem:          3.8G       3.7G       111M       5.7M        26M       3.3G

MemTotal:        4016004 kB
MemFree:          130276 kB
Active:           368572 kB
Mem:          3.8G       3.7G       126M       5.7M        26M       3.2G

MemTotal:        4016004 kB
MemFree:          121552 kB
Active:           368596 kB
Mem:          3.8G       3.7G       118M       5.7M        26M       3.3G

MemTotal:        4016004 kB
MemFree:          120084 kB
Active:           368600 kB
Mem:          3.8G       3.7G       117M       5.7M        26M       3.3G

MemTotal:        4016004 kB
MemFree:          128780 kB
Active:           368608 kB
Mem:          3.8G       3.7G       125M       5.7M        26M       3.2G

MemTotal:        4016004 kB
MemFree:          125200 kB
Active:           368560 kB
Mem:          3.8G       3.7G       122M       5.7M        26M       3.2G

MemTotal:        4016004 kB
MemFree:          124428 kB
Active:           368604 kB
Mem:          3.8G       3.7G       121M       5.7M        26M       3.2G

MemTotal:        4016004 kB
MemFree:          124060 kB
Active:           368632 kB
Mem:          3.8G       3.7G       120M       5.7M        26M       3.2G

MemTotal:        4016004 kB
MemFree:          124000 kB
Active:           368636 kB
Mem:          3.8G       3.7G       121M       5.7M        26M       3.2G

MemTotal:        4016004 kB
MemFree:          130692 kB
Active:           367908 kB
Mem:          3.8G       3.7G       127M       5.7M        26M       3.2G

MemTotal:        4016004 kB
MemFree:          120464 kB
Active:           367928 kB
Mem:          3.8G       3.7G       117M       5.7M        26M       3.3G

MemTotal:        4016004 kB
MemFree:          105236 kB
Active:           367896 kB
Mem:          3.8G       3.7G       106M       5.7M        26M       3.3G

MemTotal:        4016004 kB
MemFree:          125192 kB
Active:           367896 kB
Mem:          3.8G       3.7G       122M       5.7M        26M       3.2G

MemTotal:        4016004 kB
MemFree:          115448 kB
Active:           367944 kB
Mem:          3.8G       3.7G       112M       5.7M        26M       3.3G

MemTotal:        4016004 kB
MemFree:          127564 kB
Active:           367944 kB
Mem:          3.8G       3.7G       124M       5.7M        26M       3.2G

MemTotal:        4016004 kB
MemFree:          119084 kB
Active:           367940 kB
Mem:          3.8G       3.7G       116M       5.7M        26M       3.3G

MemTotal:        4016004 kB
MemFree:          128272 kB
Active:           367952 kB
Mem:          3.8G       3.7G       125M       5.7M        26M       3.2G

MemTotal:        4016004 kB
MemFree:          126652 kB
Active:           365840 kB
Mem:          3.8G       3.7G       123M       5.7M        26M       3.2G

MemTotal:        4016004 kB
MemFree:          128200 kB
Active:           365712 kB
Mem:          3.8G       3.7G       125M       5.7M        26M       3.2G

MemTotal:        4016004 kB
MemFree:          116380 kB
Active:           365688 kB
Mem:          3.8G       3.7G       114M       5.7M        26M       3.3G

MemTotal:        4016004 kB
MemFree:          107668 kB
Active:           365736 kB
Mem:          3.8G       3.7G       104M       5.7M        26M       3.3G

MemTotal:        4016004 kB
MemFree:          126992 kB
Active:           365736 kB
Mem:          3.8G       3.7G       123M       5.7M        26M       3.2G

MemTotal:        4016004 kB
MemFree:          109144 kB
Active:           365748 kB
Mem:          3.8G       3.7G       106M       5.7M        26M       3.3G

MemTotal:        4016004 kB
MemFree:          130404 kB
Active:           365720 kB
Mem:          3.8G       3.7G       127M       5.7M        26M       3.2G

MemTotal:        4016004 kB
MemFree:          120812 kB
Active:           365728 kB
Mem:          3.8G       3.7G       117M       5.7M        26M       3.3G

MemTotal:        4016004 kB
MemFree:          111200 kB
Active:           365744 kB
Mem:          3.8G       3.7G       108M       5.7M        26M       3.3G

MemTotal:        4016004 kB
MemFree:          113036 kB
Active:           365752 kB
Mem:          3.8G       3.7G       110M       5.7M        26M       3.3G

MemTotal:        4016004 kB
MemFree:          129292 kB
Active:           364972 kB
Mem:          3.8G       3.7G       126M       5.7M        26M       3.2G

MemTotal:        4016004 kB
MemFree:          126968 kB
Active:           364968 kB
Mem:          3.8G       3.7G       123M       5.7M        26M       3.2G

MemTotal:        4016004 kB
MemFree:          113988 kB
Active:           364972 kB
Mem:          3.8G       3.7G       111M       5.7M        26M       3.3G

MemTotal:        4016004 kB
MemFree:          133572 kB
Active:           364972 kB
Mem:          3.8G       3.7G       129M       5.7M        26M       3.2G

MemTotal:        4016004 kB
MemFree:          135264 kB
Active:           364964 kB
Mem:          3.8G       3.7G       131M       5.7M        26M       3.2G

MemTotal:        4016004 kB
MemFree:          124964 kB
Active:           364972 kB
Mem:          3.8G       3.7G       122M       5.7M        26M       3.2G

MemTotal:        4016004 kB
MemFree:          116704 kB
Active:           364968 kB
Mem:          3.8G       3.7G       113M       5.7M        26M       3.3G

MemTotal:        4016004 kB
MemFree:          107008 kB
Active:           364936 kB
Mem:          3.8G       3.7G       104M       5.7M        26M       3.3G

MemTotal:        4016004 kB
MemFree:          128188 kB
Active:           364984 kB
Mem:          3.8G       3.7G       124M       5.7M        26M       3.2G

MemTotal:        4016004 kB
MemFree:          105532 kB
Active:           364988 kB
Mem:          3.8G       3.7G       102M       5.7M        26M       3.3G

MemTotal:        4016004 kB
MemFree:          133356 kB
Active:           364996 kB
Mem:          3.8G       3.7G       129M       5.7M        26M       3.2G

MemTotal:        4016004 kB
MemFree:          119616 kB
Active:           357332 kB
Mem:          3.8G       3.7G       117M       5.7M        26M       3.2G

MemTotal:        4016004 kB
MemFree:          129100 kB
Active:           357124 kB
Mem:          3.8G       3.7G       125M       5.7M        26M       3.2G

MemTotal:        4016004 kB
MemFree:          126660 kB
Active:           357116 kB
Mem:          3.8G       3.7G       123M       5.7M        26M       3.2G

MemTotal:        4016004 kB
MemFree:          127000 kB
Active:           357152 kB
Mem:          3.8G       3.7G       123M       5.7M        26M       3.2G

MemTotal:        4016004 kB
MemFree:          127388 kB
Active:           357136 kB
Mem:          3.8G       3.7G       124M       5.7M        26M       3.2G

MemTotal:        4016004 kB
MemFree:          112936 kB
Active:           357172 kB
Mem:          3.8G       3.7G       110M       5.7M        26M       3.3G

MemTotal:        4016004 kB
MemFree:          129028 kB
Active:           357172 kB
Mem:          3.8G       3.7G       125M       5.7M        26M       3.2G

MemTotal:        4016004 kB
MemFree:          124372 kB
Active:           357132 kB
Mem:          3.8G       3.7G       120M       5.7M        26M       3.2G

MemTotal:        4016004 kB
MemFree:          105428 kB
Active:           357172 kB
Mem:          3.8G       3.7G       103M       5.7M        26M       3.3G

MemTotal:        4016004 kB
MemFree:          125652 kB
Active:           357180 kB
Mem:          3.8G       3.7G       122M       5.7M        26M       3.2G

MemTotal:        4016004 kB
MemFree:          110304 kB
Active:           357176 kB
Mem:          3.8G       3.7G       106M       5.7M        26M       3.3G

MemTotal:        4016004 kB
MemFree:          124772 kB
Active:           357184 kB
Mem:          3.8G       3.7G       121M       5.7M        26M       3.2G

MemTotal:        4016004 kB
MemFree:          138204 kB
Active:           357188 kB
Mem:          3.8G       3.7G       134M       5.7M        26M       3.2G

MemTotal:        4016004 kB
MemFree:          128152 kB
Active:           357188 kB
Mem:          3.8G       3.7G       125M       5.7M        26M       3.2G

MemTotal:        4016004 kB
MemFree:          125440 kB
Active:           356260 kB
Mem:          3.8G       3.7G       122M       5.7M        26M       3.2G

MemTotal:        4016004 kB
MemFree:          116948 kB
Active:           356224 kB
Mem:          3.8G       3.7G       114M       5.7M        26M       3.3G

MemTotal:        4016004 kB
MemFree:          114708 kB
Active:           356260 kB
Mem:          3.8G       3.7G       121M       5.7M        26M       3.2G

MemTotal:        4016004 kB
MemFree:          125384 kB
Active:           356224 kB
Mem:          3.8G       3.7G       121M       5.7M        26M       3.2G

MemTotal:        4016004 kB
MemFree:          128532 kB
Active:           356276 kB
Mem:          3.8G       3.7G       125M       5.7M        26M       3.2G

MemTotal:        4016004 kB
MemFree:          112636 kB
Active:           356248 kB
Mem:          3.8G       3.7G       109M       5.7M        26M       3.3G

MemTotal:        4016004 kB
MemFree:          127352 kB
Active:           356256 kB
Mem:          3.8G       3.7G       124M       5.7M        26M       3.2G

MemTotal:        4016004 kB
MemFree:          111700 kB
Active:           356232 kB
Mem:          3.8G       3.7G       108M       5.7M        26M       3.3G

MemTotal:        4016004 kB
MemFree:          117680 kB
Active:           356284 kB
Mem:          3.8G       3.7G       114M       5.7M        26M       3.3G

MemTotal:        4016004 kB
MemFree:          107804 kB
Active:           356296 kB
Mem:          3.8G       3.7G       105M       5.7M        26M       3.3G

MemTotal:        4016004 kB
MemFree:          134320 kB
Active:           356296 kB
Mem:          3.8G       3.7G       131M       5.7M        26M       3.2G

MemTotal:        4016004 kB
MemFree:          107616 kB
Active:           356300 kB
Mem:          3.8G       3.7G       105M       5.7M        26M       3.3G

MemTotal:        4016004 kB
MemFree:          128308 kB
Active:           356304 kB
Mem:          3.8G       3.7G       124M       5.7M        26M       3.2G

MemTotal:        4016004 kB
MemFree:          120292 kB
Active:           356324 kB
Mem:          3.8G       3.7G       117M       5.7M        26M       3.2G

MemTotal:        4016004 kB
MemFree:          124908 kB
Active:           354008 kB
Mem:          3.8G       3.7G       121M       5.7M        26M       3.2G

MemTotal:        4016004 kB
MemFree:          128416 kB
Active:           354008 kB
Mem:          3.8G       3.7G       124M       5.7M        26M       3.2G

MemTotal:        4016004 kB
MemFree:          130588 kB
Active:           353964 kB
Mem:          3.8G       3.7G       127M       5.7M        26M       3.2G

MemTotal:        4016004 kB
MemFree:          139864 kB
Active:           353992 kB
Mem:          3.8G       3.7G       136M       5.7M        26M       3.2G

MemTotal:        4016004 kB
MemFree:          122912 kB
Active:           353980 kB
Mem:          3.8G       3.7G       119M       5.7M        26M       3.2G

MemTotal:        4016004 kB
MemFree:          129880 kB
Active:           354024 kB
Mem:          3.8G       3.7G       126M       5.7M        26M       3.2G

MemTotal:        4016004 kB
MemFree:          122316 kB
Active:           353976 kB
Mem:          3.8G       3.7G       119M       5.7M        26M       3.2G

MemTotal:        4016004 kB
MemFree:          111932 kB
Active:           354020 kB
Mem:          3.8G       3.7G       109M       5.7M        26M       3.3G

MemTotal:        4016004 kB
MemFree:          116988 kB
Active:           353972 kB
Mem:          3.8G       3.7G       113M       5.7M        26M       3.3G

MemTotal:        4016004 kB
MemFree:          108244 kB
Active:           354000 kB
Mem:          3.8G       3.7G       105M       5.7M        26M       3.3G

MemTotal:        4016004 kB
MemFree:          127864 kB
Active:           353976 kB
Mem:          3.8G       3.7G       124M       5.7M        26M       3.2G

MemTotal:        4016004 kB
MemFree:          108020 kB
Active:           354012 kB
Mem:          3.8G       3.7G       105M       5.7M        26M       3.3G

MemTotal:        4016004 kB
MemFree:          129028 kB
Active:           354056 kB
Mem:          3.8G       3.7G       125M       5.7M        26M       3.2G

MemTotal:        4016004 kB
MemFree:          120512 kB
Active:           354036 kB
Mem:          3.8G       3.7G       117M       5.7M        26M       3.2G

MemTotal:        4016004 kB
MemFree:          111160 kB
Active:           354048 kB
Mem:          3.8G       3.7G       108M       5.7M        26M       3.3G

MemTotal:        4016004 kB
MemFree:          129432 kB
Active:           352292 kB
Mem:          3.8G       3.7G       125M       5.7M        26M       3.2G

MemTotal:        4016004 kB
MemFree:          120640 kB
Active:           352176 kB
Mem:          3.8G       3.7G       116M       5.7M        26M       3.2G

MemTotal:        4016004 kB
MemFree:          109684 kB
Active:           352168 kB
Mem:          3.8G       3.7G       106M       5.7M        26M       3.3G

MemTotal:        4016004 kB
MemFree:          119180 kB
Active:           352188 kB
Mem:          3.8G       3.7G       116M       5.7M        26M       3.2G

MemTotal:        4016004 kB
MemFree:          115460 kB
Active:           352200 kB
Mem:          3.8G       3.7G       112M       5.7M        26M       3.3G

MemTotal:        4016004 kB
MemFree:          106152 kB
Active:           352164 kB
Mem:          3.8G       3.7G       103M       5.7M        26M       3.3G

MemTotal:        4016004 kB
MemFree:          125752 kB
Active:           352200 kB
Mem:          3.8G       3.7G       122M       5.7M        26M       3.2G

MemTotal:        4016004 kB
MemFree:          131732 kB
Active:           352172 kB
Mem:          3.8G       3.7G       129M       5.7M        26M       3.2G

MemTotal:        4016004 kB
MemFree:          110288 kB
Active:           352216 kB
Mem:          3.8G       3.7G       107M       5.7M        26M       3.3G

MemTotal:        4016004 kB
MemFree:          118008 kB
Active:           352200 kB
Mem:          3.8G       3.7G       115M       5.7M        26M       3.2G

MemTotal:        4016004 kB
MemFree:          109944 kB
Active:           352204 kB
Mem:          3.8G       3.7G       107M       5.7M        26M       3.3G

MemTotal:        4016004 kB
MemFree:          127904 kB
Active:           352176 kB
Mem:          3.8G       3.7G       124M       5.7M        26M       3.2G

MemTotal:        4016004 kB
MemFree:          119148 kB
Active:           352208 kB
Mem:          3.8G       3.7G       116M       5.7M        26M       3.2G

MemTotal:        4016004 kB
MemFree:          109196 kB
Active:           352180 kB
Mem:          3.8G       3.7G       106M       5.7M        26M       3.3G

MemTotal:        4016004 kB
MemFree:          111760 kB
Active:           352192 kB
Mem:          3.8G       3.7G       108M       5.7M        26M       3.3G

MemTotal:        4016004 kB
MemFree:          127168 kB
Active:           352224 kB
Mem:          3.8G       3.7G       123M       5.7M        26M       3.2G

MemTotal:        4016004 kB
MemFree:          117500 kB
Active:           352096 kB
Mem:          3.8G       3.7G       114M       5.7M        26M       3.2G

MemTotal:        4016004 kB
MemFree:          118456 kB
Active:           352012 kB
Mem:          3.8G       3.7G       115M       5.7M        26M       3.2G

MemTotal:        4016004 kB
MemFree:          118332 kB
Active:           352020 kB
Mem:          3.8G       3.7G       115M       5.7M        26M       3.2G

MemTotal:        4016004 kB
MemFree:          118408 kB
Active:           351988 kB
Mem:          3.8G       3.7G       115M       5.7M        26M       3.2G

MemTotal:        4016004 kB
MemFree:          118316 kB
Active:           351984 kB
Mem:          3.8G       3.7G       115M       5.7M        26M       3.2G

MemTotal:        4016004 kB
MemFree:          117172 kB
Active:           352056 kB
Mem:          3.8G       3.7G       114M       5.7M        26M       3.2G

MemTotal:        4016004 kB
MemFree:          117236 kB
Active:           352056 kB
Mem:          3.8G       3.7G       113M       5.7M        26M       3.2G

MemTotal:        4016004 kB
MemFree:          117024 kB
Active:           352044 kB
Mem:          3.8G       3.7G       114M       5.7M        26M       3.2G

MemTotal:        4016004 kB
MemFree:          117092 kB
Active:           352000 kB
Mem:          3.8G       3.7G       114M       5.7M        26M       3.2G

MemTotal:        4016004 kB
MemFree:          117588 kB
Active:           352004 kB
Mem:          3.8G       3.7G       114M       5.7M        26M       3.2G

MemTotal:        4016004 kB
MemFree:          117588 kB
Active:           352028 kB
Mem:          3.8G       3.7G       114M       5.7M        26M       3.2G

MemTotal:        4016004 kB
MemFree:          117588 kB
Active:           352048 kB
Mem:          3.8G       3.7G       114M       5.7M        26M       3.2G

MemTotal:        4016004 kB
MemFree:          117588 kB
Active:           352040 kB
Mem:          3.8G       3.7G       114M       5.7M        26M       3.2G

MemTotal:        4016004 kB
MemFree:          117712 kB
Active:           352044 kB
Mem:          3.8G       3.7G       114M       5.7M        26M       3.2G

MemTotal:        4016004 kB
MemFree:          117712 kB
Active:           352020 kB
Mem:          3.8G       3.7G       114M       5.7M        26M       3.2G

MemTotal:        4016004 kB
MemFree:          117216 kB
Active:           352048 kB
Mem:          3.8G       3.7G       114M       5.7M        26M       3.2G

MemTotal:        4016004 kB
MemFree:          116968 kB
Active:           352056 kB
Mem:          3.8G       3.7G       114M       5.7M        26M       3.2G

MemTotal:        4016004 kB
MemFree:          117216 kB
Active:           352068 kB
Mem:          3.8G       3.7G       114M       5.7M        26M       3.2G

MemTotal:        4016004 kB
MemFree:          117464 kB
Active:           352068 kB
Mem:          3.8G       3.7G       114M       5.7M        26M       3.2G

MemTotal:        4016004 kB
MemFree:          116968 kB
Active:           352076 kB
Mem:          3.8G       3.7G       114M       5.7M        26M       3.2G

MemTotal:        4016004 kB
MemFree:          117464 kB
Active:           352024 kB
Mem:          3.8G       3.7G       114M       5.7M        26M       3.2G

MemTotal:        4016004 kB
MemFree:          117464 kB
Active:           352084 kB
Mem:          3.8G       3.7G       114M       5.7M        26M       3.2G

MemTotal:        4016004 kB
MemFree:          117092 kB
Active:           352096 kB
Mem:          3.8G       3.7G       114M       5.7M        26M       3.2G

MemTotal:        4016004 kB
MemFree:          117340 kB
Active:           352060 kB
Mem:          3.8G       3.7G       114M       5.7M        26M       3.2G

MemTotal:        4016004 kB
MemFree:          117712 kB
Active:           352096 kB
Mem:          3.8G       3.7G       114M       5.7M        26M       3.2G

MemTotal:        4016004 kB
MemFree:          117836 kB
Active:           352040 kB
Mem:          3.8G       3.7G       114M       5.7M        26M       3.2G

MemTotal:        4016004 kB
MemFree:          117712 kB
Active:           352060 kB
Mem:          3.8G       3.7G       114M       5.7M        26M       3.2G

MemTotal:        4016004 kB
MemFree:          117340 kB
Active:           352076 kB
Mem:          3.8G       3.7G       114M       5.7M        26M       3.2G

MemTotal:        4016004 kB
MemFree:          117588 kB
Active:           352060 kB
Mem:          3.8G       3.7G       114M       5.7M        26M       3.2G

MemTotal:        4016004 kB
MemFree:          117464 kB
Active:           352052 kB
Mem:          3.8G       3.7G       114M       5.7M        26M       3.2G

MemTotal:        4016004 kB
MemFree:          117588 kB
Active:           352056 kB
Mem:          3.8G       3.7G       114M       5.7M        26M       3.2G

MemTotal:        4016004 kB
MemFree:          117588 kB
Active:           352092 kB
Mem:          3.8G       3.7G       114M       5.7M        26M       3.2G

MemTotal:        4016004 kB
MemFree:          117712 kB
Active:           352096 kB
Mem:          3.8G       3.7G       114M       5.7M        26M       3.2G

MemTotal:        4016004 kB
MemFree:          117480 kB
Active:           352084 kB
Mem:          3.8G       3.7G       114M       5.7M        26M       3.2G

MemTotal:        4016004 kB
MemFree:          117480 kB
Active:           352096 kB
Mem:          3.8G       3.7G       114M       5.7M        26M       3.2G

MemTotal:        4016004 kB
MemFree:          117604 kB
Active:           352080 kB
Mem:          3.8G       3.7G       114M       5.7M        26M       3.2G

MemTotal:        4016004 kB
MemFree:          117480 kB
Active:           352064 kB
Mem:          3.8G       3.7G       114M       5.7M        26M       3.2G

MemTotal:        4016004 kB
MemFree:          117604 kB
Active:           352072 kB
Mem:          3.8G       3.7G       114M       5.7M        26M       3.2G

MemTotal:        4016004 kB
MemFree:          117604 kB
Active:           352068 kB
Mem:          3.8G       3.7G       114M       5.7M        26M       3.2G

MemTotal:        4016004 kB
MemFree:          117232 kB
Active:           352128 kB
Mem:          3.8G       3.7G       114M       5.7M        26M       3.2G

MemTotal:        4016004 kB
MemFree:          116984 kB
Active:           352128 kB
Mem:          3.8G       3.7G       114M       5.7M        26M       3.2G

MemTotal:        4016004 kB
MemFree:          117108 kB
Active:           352100 kB
