MemTotal:        4016004 kB
MemFree:         3225924 kB
Active:           435760 kB
Mem:          3.8G       772M       3.1G       5.7M        52M       322M

MemTotal:        4016004 kB
MemFree:         3225428 kB
Active:           436000 kB
Mem:          3.8G       772M       3.1G       5.7M        52M       322M

MemTotal:        4016004 kB
MemFree:         3224544 kB
Active:           436116 kB
Mem:          3.8G       772M       3.1G       5.7M        52M       322M

MemTotal:        4016004 kB
MemFree:         3224280 kB
Active:           436148 kB
Mem:          3.8G       772M       3.1G       5.7M        52M       322M

MemTotal:        4016004 kB
MemFree:         3224684 kB
Active:           436136 kB
Mem:          3.8G       773M       3.1G       5.7M        52M       322M

MemTotal:        4016004 kB
MemFree:         3224544 kB
Active:           436132 kB
Mem:          3.8G       772M       3.1G       5.7M        52M       322M

MemTotal:        4016004 kB
MemFree:         3224420 kB
Active:           436128 kB
Mem:          3.8G       773M       3.1G       5.7M        52M       322M

MemTotal:        4016004 kB
MemFree:         3224420 kB
Active:           436124 kB
Mem:          3.8G       773M       3.1G       5.7M        52M       322M

MemTotal:        4016004 kB
MemFree:         3224420 kB
Active:           436108 kB
Mem:          3.8G       773M       3.1G       5.7M        52M       322M

MemTotal:        4016004 kB
MemFree:         3224280 kB
Active:           436152 kB
Mem:          3.8G       773M       3.1G       5.7M        52M       322M

MemTotal:        4016004 kB
MemFree:         3224032 kB
Active:           436128 kB
Mem:          3.8G       773M       3.1G       5.7M        52M       322M

MemTotal:        4016004 kB
MemFree:         3224140 kB
Active:           436156 kB
Mem:          3.8G       773M       3.1G       5.7M        52M       322M

MemTotal:        4016004 kB
MemFree:         3224264 kB
Active:           436132 kB
Mem:          3.8G       773M       3.1G       5.7M        52M       322M

MemTotal:        4016004 kB
MemFree:         3224760 kB
Active:           436140 kB
Mem:          3.8G       772M       3.1G       5.7M        52M       322M

MemTotal:        4016004 kB
MemFree:         3224420 kB
Active:           436164 kB
Mem:          3.8G       773M       3.1G       5.7M        52M       322M

MemTotal:        4016004 kB
MemFree:         3224280 kB
Active:           436112 kB
Mem:          3.8G       773M       3.1G       5.7M        52M       322M

MemTotal:        4016004 kB
MemFree:         3224776 kB
Active:           436144 kB
Mem:          3.8G       772M       3.1G       5.7M        52M       322M

MemTotal:        4016004 kB
MemFree:         3224280 kB
Active:           436124 kB
Mem:          3.8G       773M       3.1G       5.7M        52M       322M

MemTotal:        4016004 kB
MemFree:         3224140 kB
Active:           436152 kB
Mem:          3.8G       773M       3.1G       5.7M        52M       322M

MemTotal:        4016004 kB
MemFree:         3224372 kB
Active:           436144 kB
Mem:          3.8G       773M       3.1G       5.7M        52M       322M

MemTotal:        4016004 kB
MemFree:         3224356 kB
Active:           436116 kB
Mem:          3.8G       773M       3.1G       5.7M        52M       322M

MemTotal:        4016004 kB
MemFree:         3223984 kB
Active:           436172 kB
Mem:          3.8G       773M       3.1G       5.7M        52M       322M

MemTotal:        4016004 kB
MemFree:         3223720 kB
Active:           436136 kB
Mem:          3.8G       773M       3.1G       5.7M        52M       322M

MemTotal:        4016004 kB
MemFree:         3221904 kB
Active:           436120 kB
Mem:          3.8G       775M       3.1G       5.7M        52M       322M

MemTotal:        4016004 kB
MemFree:         3222012 kB
Active:           438196 kB
Mem:          3.8G       775M       3.1G       5.7M        52M       322M

MemTotal:        4016004 kB
MemFree:         3222012 kB
Active:           438140 kB
Mem:          3.8G       775M       3.1G       5.7M        52M       322M

MemTotal:        4016004 kB
MemFree:         3222260 kB
Active:           438192 kB
Mem:          3.8G       775M       3.1G       5.7M        52M       322M

MemTotal:        4016004 kB
MemFree:         3222260 kB
Active:           438172 kB
Mem:          3.8G       774M       3.1G       5.7M        52M       322M

MemTotal:        4016004 kB
MemFree:         3222244 kB
Active:           438144 kB
Mem:          3.8G       775M       3.1G       5.7M        52M       322M

MemTotal:        4016004 kB
MemFree:         3221872 kB
Active:           438200 kB
Mem:          3.8G       775M       3.1G       5.7M        52M       322M

MemTotal:        4016004 kB
MemFree:         3222120 kB
Active:           438196 kB
Mem:          3.8G       775M       3.1G       5.7M        52M       322M

MemTotal:        4016004 kB
MemFree:         3222368 kB
Active:           438176 kB
Mem:          3.8G       775M       3.1G       5.7M        52M       322M

MemTotal:        4016004 kB
MemFree:         3221624 kB
Active:           438152 kB
Mem:          3.8G       775M       3.1G       5.7M        52M       322M

MemTotal:        4016004 kB
MemFree:         3221668 kB
Active:           436160 kB
Mem:          3.8G       775M       3.1G       5.7M        52M       322M

MemTotal:        4016004 kB
MemFree:         3221792 kB
Active:           436128 kB
Mem:          3.8G       775M       3.1G       5.7M        52M       322M

MemTotal:        4016004 kB
MemFree:         3221652 kB
Active:           438204 kB
Mem:          3.8G       775M       3.1G       5.7M        52M       322M

MemTotal:        4016004 kB
MemFree:         3221512 kB
Active:           438168 kB
Mem:          3.8G       775M       3.1G       5.7M        52M       322M

MemTotal:        4016004 kB
MemFree:         3221744 kB
Active:           438184 kB
Mem:          3.8G       775M       3.1G       5.7M        52M       322M

MemTotal:        4016004 kB
MemFree:         3222240 kB
Active:           438208 kB
Mem:          3.8G       775M       3.1G       5.7M        52M       322M

MemTotal:        4016004 kB
MemFree:         3222100 kB
Active:           438200 kB
Mem:          3.8G       775M       3.1G       5.7M        52M       322M

MemTotal:        4016004 kB
MemFree:         3222208 kB
Active:           438216 kB
Mem:          3.8G       775M       3.1G       5.7M        52M       322M

MemTotal:        4016004 kB
MemFree:         3222164 kB
Active:           438184 kB
Mem:          3.8G       775M       3.1G       5.7M        52M       322M

MemTotal:        4016004 kB
MemFree:         3222164 kB
Active:           438204 kB
Mem:          3.8G       775M       3.1G       5.7M        52M       322M

MemTotal:        4016004 kB
MemFree:         3222164 kB
Active:           438228 kB
Mem:          3.8G       775M       3.1G       5.7M        52M       322M

MemTotal:        4016004 kB
MemFree:         3221916 kB
Active:           438236 kB
Mem:          3.8G       775M       3.1G       5.7M        52M       322M

MemTotal:        4016004 kB
MemFree:         3221792 kB
Active:           438212 kB
Mem:          3.8G       775M       3.1G       5.7M        52M       322M

MemTotal:        4016004 kB
MemFree:         3222412 kB
Active:           438220 kB
Mem:          3.8G       775M       3.1G       5.7M        52M       322M

MemTotal:        4016004 kB
MemFree:         3222412 kB
Active:           438232 kB
Mem:          3.8G       775M       3.1G       5.7M        52M       322M

MemTotal:        4016004 kB
MemFree:         3222288 kB
Active:           438224 kB
Mem:          3.8G       775M       3.1G       5.7M        52M       322M

MemTotal:        4016004 kB
MemFree:         3222412 kB
Active:           438244 kB
Mem:          3.8G       775M       3.1G       5.7M        52M       322M

MemTotal:        4016004 kB
MemFree:         3222412 kB
Active:           438252 kB
Mem:          3.8G       775M       3.1G       5.7M        52M       322M

MemTotal:        4016004 kB
MemFree:         3222288 kB
Active:           438232 kB
Mem:          3.8G       775M       3.1G       5.7M        52M       322M

MemTotal:        4016004 kB
MemFree:         3222288 kB
Active:           438264 kB
Mem:          3.8G       775M       3.1G       5.7M        52M       322M

MemTotal:        4016004 kB
MemFree:         3222412 kB
Active:           438260 kB
Mem:          3.8G       775M       3.1G       5.7M        52M       322M

MemTotal:        4016004 kB
MemFree:         3222412 kB
Active:           438232 kB
Mem:          3.8G       775M       3.1G       5.7M        52M       322M

MemTotal:        4016004 kB
MemFree:         3222040 kB
Active:           438272 kB
Mem:          3.8G       775M       3.1G       5.7M        52M       322M

MemTotal:        4016004 kB
MemFree:         3222536 kB
Active:           438256 kB
Mem:          3.8G       774M       3.1G       5.7M        52M       322M

MemTotal:        4016004 kB
MemFree:         3222536 kB
Active:           438228 kB
Mem:          3.8G       774M       3.1G       5.7M        52M       322M

MemTotal:        4016004 kB
MemFree:         3222536 kB
Active:           438252 kB
Mem:          3.8G       775M       3.1G       5.7M        52M       322M

MemTotal:        4016004 kB
MemFree:         3222536 kB
Active:           438264 kB
Mem:          3.8G       774M       3.1G       5.7M        52M       322M

MemTotal:        4016004 kB
MemFree:         3222288 kB
Active:           438284 kB
Mem:          3.8G       775M       3.1G       5.7M        52M       322M

MemTotal:        4016004 kB
MemFree:         3222288 kB
Active:           438240 kB
Mem:          3.8G       775M       3.1G       5.7M        52M       322M

MemTotal:        4016004 kB
MemFree:         3222412 kB
Active:           438284 kB
Mem:          3.8G       774M       3.1G       5.7M        52M       322M

MemTotal:        4016004 kB
MemFree:         3220240 kB
Active:           438216 kB
Mem:          3.8G       777M       3.1G       5.7M        52M       322M

MemTotal:        4016004 kB
MemFree:         3220612 kB
Active:           440300 kB
Mem:          3.8G       776M       3.1G       5.7M        52M       322M

MemTotal:        4016004 kB
MemFree:         3220472 kB
Active:           440304 kB
Mem:          3.8G       776M       3.1G       5.7M        52M       322M

MemTotal:        4016004 kB
MemFree:         3220208 kB
Active:           440312 kB
Mem:          3.8G       777M       3.1G       5.7M        52M       322M

MemTotal:        4016004 kB
MemFree:         3220208 kB
Active:           440312 kB
Mem:          3.8G       777M       3.1G       5.7M        52M       322M

MemTotal:        4016004 kB
MemFree:         3219944 kB
Active:           440264 kB
Mem:          3.8G       777M       3.1G       5.7M        52M       322M

MemTotal:        4016004 kB
MemFree:         3220192 kB
Active:           440288 kB
Mem:          3.8G       777M       3.1G       5.7M        52M       322M

MemTotal:        4016004 kB
MemFree:         3220316 kB
Active:           440288 kB
Mem:          3.8G       777M       3.1G       5.7M        52M       322M

MemTotal:        4016004 kB
MemFree:         3219928 kB
Active:           440320 kB
Mem:          3.8G       777M       3.1G       5.7M        52M       322M

MemTotal:        4016004 kB
MemFree:         3219912 kB
Active:           440312 kB
Mem:          3.8G       777M       3.1G       5.7M        52M       322M

MemTotal:        4016004 kB
MemFree:         3220268 kB
Active:           440276 kB
Mem:          3.8G       777M       3.1G       5.7M        52M       322M

MemTotal:        4016004 kB
MemFree:         3219880 kB
Active:           440284 kB
Mem:          3.8G       777M       3.1G       5.7M        52M       322M

MemTotal:        4016004 kB
MemFree:         3219492 kB
Active:           440320 kB
Mem:          3.8G       777M       3.1G       5.7M        52M       322M

MemTotal:        4016004 kB
MemFree:         3219476 kB
Active:           440328 kB
Mem:          3.8G       777M       3.1G       5.7M        52M       322M

MemTotal:        4016004 kB
MemFree:         3219960 kB
Active:           440272 kB
Mem:          3.8G       777M       3.1G       5.7M        52M       322M

MemTotal:        4016004 kB
MemFree:         3219680 kB
Active:           440280 kB
Mem:          3.8G       777M       3.1G       5.7M        52M       322M

MemTotal:        4016004 kB
MemFree:         3219712 kB
Active:           440272 kB
Mem:          3.8G       777M       3.1G       5.7M        52M       322M

MemTotal:        4016004 kB
MemFree:         3219804 kB
Active:           440308 kB
Mem:          3.8G       778M       3.1G       5.7M        52M       322M

MemTotal:        4016004 kB
MemFree:         3219712 kB
Active:           440324 kB
Mem:          3.8G       777M       3.1G       5.7M        52M       322M

MemTotal:        4016004 kB
MemFree:         3219648 kB
Active:           438280 kB
Mem:          3.8G       777M       3.1G       5.7M        52M       322M

MemTotal:        4016004 kB
MemFree:         3219896 kB
Active:           440344 kB
Mem:          3.8G       777M       3.1G       5.7M        52M       322M

MemTotal:        4016004 kB
MemFree:         3219896 kB
Active:           440344 kB
Mem:          3.8G       777M       3.1G       5.7M        52M       322M

MemTotal:        4016004 kB
MemFree:         3219652 kB
Active:           440344 kB
Mem:          3.8G       777M       3.1G       5.7M        52M       322M

MemTotal:        4016004 kB
MemFree:         3220072 kB
Active:           440312 kB
Mem:          3.8G       777M       3.1G       5.7M        52M       322M

MemTotal:        4016004 kB
MemFree:         3219948 kB
Active:           440340 kB
Mem:          3.8G       777M       3.1G       5.7M        52M       322M

MemTotal:        4016004 kB
MemFree:         3220072 kB
Active:           440344 kB
Mem:          3.8G       777M       3.1G       5.7M        52M       322M

MemTotal:        4016004 kB
MemFree:         3220196 kB
Active:           440320 kB
Mem:          3.8G       777M       3.1G       5.7M        52M       322M

MemTotal:        4016004 kB
MemFree:         3220072 kB
Active:           440292 kB
Mem:          3.8G       777M       3.1G       5.7M        52M       322M

MemTotal:        4016004 kB
MemFree:         3220072 kB
Active:           440328 kB
Mem:          3.8G       777M       3.1G       5.7M        52M       322M

MemTotal:        4016004 kB
MemFree:         3220072 kB
Active:           440332 kB
Mem:          3.8G       777M       3.1G       5.7M        52M       322M

MemTotal:        4016004 kB
MemFree:         3220072 kB
Active:           440348 kB
Mem:          3.8G       777M       3.1G       5.7M        52M       322M

MemTotal:        4016004 kB
MemFree:         3220288 kB
Active:           440316 kB
Mem:          3.8G       777M       3.1G       5.7M        52M       322M

MemTotal:        4016004 kB
MemFree:         3220148 kB
Active:           440316 kB
Mem:          3.8G       777M       3.1G       5.7M        52M       322M

MemTotal:        4016004 kB
MemFree:         3220272 kB
Active:           440320 kB
Mem:          3.8G       777M       3.1G       5.7M        52M       322M

MemTotal:        4016004 kB
MemFree:         3220008 kB
Active:           440360 kB
Mem:          3.8G       777M       3.1G       5.7M        52M       322M

MemTotal:        4016004 kB
MemFree:         3219964 kB
Active:           440336 kB
Mem:          3.8G       777M       3.1G       5.7M        52M       322M

MemTotal:        4016004 kB
MemFree:         3220212 kB
Active:           440348 kB
Mem:          3.8G       777M       3.1G       5.7M        52M       322M

MemTotal:        4016004 kB
MemFree:         3220180 kB
Active:           440604 kB
Mem:          3.8G       777M       3.1G       5.7M        52M       322M

MemTotal:        4016004 kB
MemFree:         3179424 kB
Active:           441324 kB
Mem:          3.8G       816M       3.0G       5.7M        52M       362M

MemTotal:        4016004 kB
MemFree:         3133216 kB
Active:           441352 kB
Mem:          3.8G       862M       3.0G       5.7M        52M       407M

MemTotal:        4016004 kB
MemFree:         3089504 kB
Active:           441372 kB
Mem:          3.8G       905M       2.9G       5.7M        52M       449M

MemTotal:        4016004 kB
MemFree:         3045048 kB
Active:           441396 kB
Mem:          3.8G       948M       2.9G       5.7M        52M       491M

MemTotal:        4016004 kB
MemFree:         3000964 kB
Active:           441420 kB
Mem:          3.8G       991M       2.9G       5.7M        52M       533M

MemTotal:        4016004 kB
MemFree:         2957856 kB
Active:           441440 kB
Mem:          3.8G       1.0G       2.8G       5.7M        52M       575M

MemTotal:        4016004 kB
MemFree:         2913616 kB
Active:           441468 kB
Mem:          3.8G       1.1G       2.8G       5.7M        52M       617M

MemTotal:        4016004 kB
MemFree:         2868508 kB
Active:           441488 kB
Mem:          3.8G       1.1G       2.7G       5.7M        52M       659M

MemTotal:        4016004 kB
MemFree:         2823160 kB
Active:           441532 kB
Mem:          3.8G       1.1G       2.7G       5.7M        52M       703M

MemTotal:        4016004 kB
MemFree:         2779076 kB
Active:           441564 kB
Mem:          3.8G       1.2G       2.7G       5.7M        52M       746M

MemTotal:        4016004 kB
MemFree:         2734780 kB
Active:           441588 kB
Mem:          3.8G       1.2G       2.6G       5.7M        52M       788M

MemTotal:        4016004 kB
MemFree:         2691904 kB
Active:           441616 kB
Mem:          3.8G       1.3G       2.6G       5.7M        52M       830M

MemTotal:        4016004 kB
MemFree:         2647296 kB
Active:           441640 kB
Mem:          3.8G       1.3G       2.5G       5.7M        52M       873M

MemTotal:        4016004 kB
MemFree:         2601972 kB
Active:           441672 kB
Mem:          3.8G       1.3G       2.5G       5.7M        52M       917M

MemTotal:        4016004 kB
MemFree:         2557424 kB
Active:           441692 kB
Mem:          3.8G       1.4G       2.4G       5.7M        52M       959M

MemTotal:        4016004 kB
MemFree:         2513420 kB
Active:           441716 kB
Mem:          3.8G       1.4G       2.4G       5.7M        52M       1.0G

MemTotal:        4016004 kB
MemFree:         2469652 kB
Active:           441740 kB
Mem:          3.8G       1.5G       2.4G       5.7M        52M       1.0G

MemTotal:        4016004 kB
MemFree:         2423412 kB
Active:           441772 kB
Mem:          3.8G       1.5G       2.3G       5.7M        52M       1.1G

MemTotal:        4016004 kB
MemFree:         2379776 kB
Active:           441792 kB
Mem:          3.8G       1.6G       2.3G       5.7M        52M       1.1G

MemTotal:        4016004 kB
MemFree:         2335908 kB
Active:           441816 kB
Mem:          3.8G       1.6G       2.2G       5.7M        52M       1.1G

MemTotal:        4016004 kB
MemFree:         2291176 kB
Active:           441832 kB
Mem:          3.8G       1.6G       2.2G       5.7M        52M       1.2G

MemTotal:        4016004 kB
MemFree:         2246080 kB
Active:           441868 kB
Mem:          3.8G       1.7G       2.1G       5.7M        52M       1.2G

MemTotal:        4016004 kB
MemFree:         2202568 kB
Active:           441896 kB
Mem:          3.8G       1.7G       2.1G       5.7M        52M       1.3G

MemTotal:        4016004 kB
MemFree:         2156304 kB
Active:           441916 kB
Mem:          3.8G       1.8G       2.1G       5.7M        52M       1.3G

MemTotal:        4016004 kB
MemFree:         2113352 kB
Active:           441908 kB
Mem:          3.8G       1.8G       2.0G       5.7M        52M       1.4G

MemTotal:        4016004 kB
MemFree:         2068908 kB
Active:           441964 kB
Mem:          3.8G       1.9G       2.0G       5.7M        52M       1.4G

MemTotal:        4016004 kB
MemFree:         2024544 kB
Active:           441996 kB
Mem:          3.8G       1.9G       1.9G       5.7M        52M       1.4G

MemTotal:        4016004 kB
MemFree:         1979912 kB
Active:           442012 kB
Mem:          3.8G       1.9G       1.9G       5.7M        53M       1.5G

MemTotal:        4016004 kB
MemFree:         1935272 kB
Active:           442068 kB
Mem:          3.8G       2.0G       1.8G       5.7M        53M       1.5G

MemTotal:        4016004 kB
MemFree:         1892060 kB
Active:           442104 kB
Mem:          3.8G       2.0G       1.8G       5.7M        53M       1.6G

MemTotal:        4016004 kB
MemFree:         1847352 kB
Active:           442124 kB
Mem:          3.8G       2.1G       1.8G       5.7M        53M       1.6G

MemTotal:        4016004 kB
MemFree:         1802044 kB
Active:           442152 kB
Mem:          3.8G       2.1G       1.7G       5.7M        53M       1.6G

MemTotal:        4016004 kB
MemFree:         1757888 kB
Active:           442176 kB
Mem:          3.8G       2.2G       1.7G       5.7M        53M       1.7G

MemTotal:        4016004 kB
MemFree:         1713772 kB
Active:           442144 kB
Mem:          3.8G       2.2G       1.6G       5.7M        53M       1.7G

MemTotal:        4016004 kB
MemFree:         1669392 kB
Active:           442224 kB
Mem:          3.8G       2.2G       1.6G       5.7M        53M       1.8G

MemTotal:        4016004 kB
MemFree:         1626376 kB
Active:           442236 kB
Mem:          3.8G       2.3G       1.6G       5.7M        53M       1.8G

MemTotal:        4016004 kB
MemFree:         1581588 kB
Active:           442276 kB
Mem:          3.8G       2.3G       1.5G       5.7M        53M       1.9G

MemTotal:        4016004 kB
MemFree:         1535656 kB
Active:           442300 kB
Mem:          3.8G       2.4G       1.5G       5.7M        53M       1.9G

MemTotal:        4016004 kB
MemFree:         1492452 kB
Active:           442332 kB
Mem:          3.8G       2.4G       1.4G       5.7M        53M       1.9G

MemTotal:        4016004 kB
MemFree:         1448804 kB
Active:           442352 kB
Mem:          3.8G       2.4G       1.4G       5.7M        53M       2.0G

MemTotal:        4016004 kB
MemFree:         1403060 kB
Active:           442376 kB
Mem:          3.8G       2.5G       1.3G       5.7M        53M       2.0G

MemTotal:        4016004 kB
MemFree:         1358512 kB
Active:           442412 kB
Mem:          3.8G       2.5G       1.3G       5.7M        53M       2.1G

MemTotal:        4016004 kB
MemFree:         1313852 kB
Active:           442440 kB
Mem:          3.8G       2.6G       1.3G       5.7M        53M       2.1G

MemTotal:        4016004 kB
MemFree:         1270112 kB
Active:           442420 kB
Mem:          3.8G       2.6G       1.2G       5.7M        53M       2.1G

MemTotal:        4016004 kB
MemFree:         1224800 kB
Active:           442484 kB
Mem:          3.8G       2.7G       1.2G       5.7M        53M       2.2G

MemTotal:        4016004 kB
MemFree:         1181092 kB
Active:           442488 kB
Mem:          3.8G       2.7G       1.1G       5.7M        53M       2.2G

MemTotal:        4016004 kB
MemFree:         1137600 kB
Active:           442556 kB
Mem:          3.8G       2.7G       1.1G       5.7M        53M       2.3G

MemTotal:        4016004 kB
MemFree:         1092848 kB
Active:           442580 kB
Mem:          3.8G       2.8G       1.0G       5.7M        53M       2.3G

MemTotal:        4016004 kB
MemFree:         1049724 kB
Active:           442600 kB
Mem:          3.8G       2.8G       1.0G       5.7M        53M       2.4G

MemTotal:        4016004 kB
MemFree:         1006640 kB
Active:           442620 kB
Mem:          3.8G       2.9G       982M       5.7M        53M       2.4G

MemTotal:        4016004 kB
MemFree:          961856 kB
Active:           442676 kB
Mem:          3.8G       2.9G       939M       5.7M        53M       2.4G

MemTotal:        4016004 kB
MemFree:          915868 kB
Active:           442700 kB
Mem:          3.8G       3.0G       894M       5.7M        53M       2.5G

MemTotal:        4016004 kB
MemFree:          872000 kB
Active:           442724 kB
Mem:          3.8G       3.0G       851M       5.7M        53M       2.5G

MemTotal:        4016004 kB
MemFree:          829480 kB
Active:           442748 kB
Mem:          3.8G       3.0G       809M       5.7M        53M       2.6G

MemTotal:        4016004 kB
MemFree:          784728 kB
Active:           442728 kB
Mem:          3.8G       3.1G       765M       5.7M        53M       2.6G

MemTotal:        4016004 kB
MemFree:          739004 kB
Active:           442808 kB
Mem:          3.8G       3.1G       720M       5.7M        53M       2.6G

MemTotal:        4016004 kB
MemFree:          694984 kB
Active:           442800 kB
Mem:          3.8G       3.2G       678M       5.7M        53M       2.7G

MemTotal:        4016004 kB
MemFree:          650392 kB
Active:           442856 kB
Mem:          3.8G       3.2G       634M       5.7M        53M       2.7G

MemTotal:        4016004 kB
MemFree:          605508 kB
Active:           442876 kB
Mem:          3.8G       3.3G       590M       5.7M        53M       2.8G

MemTotal:        4016004 kB
MemFree:          561036 kB
Active:           442900 kB
Mem:          3.8G       3.3G       547M       5.7M        53M       2.8G

MemTotal:        4016004 kB
MemFree:          516996 kB
Active:           442928 kB
Mem:          3.8G       3.3G       504M       5.7M        53M       2.9G

MemTotal:        4016004 kB
MemFree:          471888 kB
Active:           442952 kB
Mem:          3.8G       3.4G       460M       5.7M        53M       2.9G

MemTotal:        4016004 kB
MemFree:          428296 kB
Active:           442972 kB
Mem:          3.8G       3.4G       417M       5.7M        53M       2.9G

MemTotal:        4016004 kB
MemFree:          383780 kB
Active:           443016 kB
Mem:          3.8G       3.5G       374M       5.7M        53M       3.0G

MemTotal:        4016004 kB
MemFree:          339436 kB
Active:           443032 kB
Mem:          3.8G       3.5G       331M       5.7M        53M       3.0G

MemTotal:        4016004 kB
MemFree:          314772 kB
Active:           443068 kB
Mem:          3.8G       3.5G       307M       5.7M        53M       3.0G

MemTotal:        4016004 kB
MemFree:          270256 kB
Active:           443088 kB
Mem:          3.8G       3.6G       264M       5.7M        53M       3.1G

MemTotal:        4016004 kB
MemFree:          226512 kB
Active:           443120 kB
Mem:          3.8G       3.6G       219M       5.7M        53M       3.1G

MemTotal:        4016004 kB
MemFree:          180956 kB
Active:           443140 kB
Mem:          3.8G       3.7G       176M       5.7M        53M       3.2G

MemTotal:        4016004 kB
MemFree:          136908 kB
Active:           443160 kB
Mem:          3.8G       3.7G       133M       5.7M        53M       3.2G

MemTotal:        4016004 kB
MemFree:          128448 kB
Active:           440888 kB
Mem:          3.8G       3.7G       123M       5.7M        21M       3.3G

MemTotal:        4016004 kB
MemFree:          118240 kB
Active:           453452 kB
Mem:          3.8G       3.7G       114M       5.7M        21M       3.3G

MemTotal:        4016004 kB
MemFree:          112316 kB
Active:           470624 kB
Mem:          3.8G       3.7G       108M       5.7M        21M       3.3G

MemTotal:        4016004 kB
MemFree:          132804 kB
Active:           501104 kB
Mem:          3.8G       3.7G       127M       5.7M        21M       3.2G

MemTotal:        4016004 kB
MemFree:          123912 kB
Active:           495596 kB
Mem:          3.8G       3.7G       120M       5.7M        21M       3.3G

MemTotal:        4016004 kB
MemFree:          116080 kB
Active:           492176 kB
Mem:          3.8G       3.7G       112M       5.7M        21M       3.3G

MemTotal:        4016004 kB
MemFree:          107072 kB
Active:           486328 kB
Mem:          3.8G       3.7G       104M       5.7M        21M       3.3G

MemTotal:        4016004 kB
MemFree:          123204 kB
Active:           481104 kB
Mem:          3.8G       3.7G       119M       5.7M        21M       3.3G

MemTotal:        4016004 kB
MemFree:          106460 kB
Active:           475192 kB
Mem:          3.8G       3.7G       103M       5.7M        21M       3.3G

MemTotal:        4016004 kB
MemFree:          121908 kB
Active:           468044 kB
Mem:          3.8G       3.7G       118M       5.7M        21M       3.3G

MemTotal:        4016004 kB
MemFree:          141044 kB
Active:           462060 kB
Mem:          3.8G       3.7G       137M       5.7M        21M       3.2G

MemTotal:        4016004 kB
MemFree:          107856 kB
Active:           458004 kB
Mem:          3.8G       3.7G       104M       5.7M        21M       3.3G

MemTotal:        4016004 kB
MemFree:          135112 kB
Active:           451240 kB
Mem:          3.8G       3.7G       131M       5.7M        21M       3.2G

MemTotal:        4016004 kB
MemFree:          110084 kB
Active:           449988 kB
Mem:          3.8G       3.7G       107M       5.7M        21M       3.3G

MemTotal:        4016004 kB
MemFree:          126784 kB
Active:           448356 kB
Mem:          3.8G       3.7G       123M       5.7M        21M       3.3G

MemTotal:        4016004 kB
MemFree:          124724 kB
Active:           444240 kB
Mem:          3.8G       3.7G       122M       5.7M        21M       3.3G

MemTotal:        4016004 kB
MemFree:          128976 kB
Active:           443164 kB
Mem:          3.8G       3.7G       125M       5.7M        21M       3.2G

MemTotal:        4016004 kB
MemFree:          128724 kB
Active:           439532 kB
Mem:          3.8G       3.7G       125M       5.7M        21M       3.2G

MemTotal:        4016004 kB
MemFree:          121756 kB
Active:           440040 kB
Mem:          3.8G       3.7G       118M       5.7M        21M       3.3G

MemTotal:        4016004 kB
MemFree:          126468 kB
Active:           439740 kB
Mem:          3.8G       3.7G       123M       5.7M        21M       3.3G

MemTotal:        4016004 kB
MemFree:          125020 kB
Active:           437972 kB
Mem:          3.8G       3.7G       121M       5.7M        21M       3.3G

MemTotal:        4016004 kB
MemFree:          105704 kB
Active:           437076 kB
Mem:          3.8G       3.7G       102M       5.7M        21M       3.3G

MemTotal:        4016004 kB
MemFree:          120516 kB
Active:           435464 kB
Mem:          3.8G       3.7G       117M       5.7M        21M       3.3G

MemTotal:        4016004 kB
MemFree:          130804 kB
Active:           433588 kB
Mem:          3.8G       3.7G       127M       5.7M        21M       3.2G

MemTotal:        4016004 kB
MemFree:          138872 kB
Active:           432076 kB
Mem:          3.8G       3.7G       135M       5.7M        21M       3.2G

MemTotal:        4016004 kB
MemFree:          131208 kB
Active:           431080 kB
Mem:          3.8G       3.7G       127M       5.7M        21M       3.2G

MemTotal:        4016004 kB
MemFree:          123880 kB
Active:           428020 kB
Mem:          3.8G       3.7G       119M       5.7M        21M       3.3G

MemTotal:        4016004 kB
MemFree:          116120 kB
Active:           426888 kB
Mem:          3.8G       3.7G       112M       5.7M        21M       3.3G

MemTotal:        4016004 kB
MemFree:          107824 kB
Active:           425732 kB
Mem:          3.8G       3.7G       104M       5.7M        21M       3.3G

MemTotal:        4016004 kB
MemFree:          124732 kB
Active:           421588 kB
Mem:          3.8G       3.7G       121M       5.7M        21M       3.3G

MemTotal:        4016004 kB
MemFree:          130128 kB
Active:           420456 kB
Mem:          3.8G       3.7G       126M       5.7M        21M       3.2G

MemTotal:        4016004 kB
MemFree:          129448 kB
Active:           420436 kB
Mem:          3.8G       3.7G       126M       5.7M        21M       3.2G

MemTotal:        4016004 kB
MemFree:          128708 kB
Active:           420464 kB
Mem:          3.8G       3.7G       125M       5.7M        21M       3.2G

MemTotal:        4016004 kB
MemFree:          132476 kB
Active:           419332 kB
Mem:          3.8G       3.7G       129M       5.7M        21M       3.2G

MemTotal:        4016004 kB
MemFree:          124196 kB
Active:           418204 kB
Mem:          3.8G       3.7G       121M       5.7M        21M       3.3G

MemTotal:        4016004 kB
MemFree:          110832 kB
Active:           417204 kB
Mem:          3.8G       3.7G       107M       5.7M        21M       3.3G

MemTotal:        4016004 kB
MemFree:          126716 kB
Active:           413548 kB
Mem:          3.8G       3.7G       123M       5.7M        21M       3.2G

MemTotal:        4016004 kB
MemFree:          120296 kB
Active:           412288 kB
Mem:          3.8G       3.7G       117M       5.7M        21M       3.3G

MemTotal:        4016004 kB
MemFree:          111468 kB
Active:           409116 kB
Mem:          3.8G       3.7G       108M       5.7M        22M       3.3G

MemTotal:        4016004 kB
MemFree:          127264 kB
Active:           409404 kB
Mem:          3.8G       3.7G       124M       5.7M        22M       3.2G

MemTotal:        4016004 kB
MemFree:          113656 kB
Active:           408396 kB
Mem:          3.8G       3.7G       110M       5.7M        22M       3.3G

MemTotal:        4016004 kB
MemFree:          106372 kB
Active:           407224 kB
Mem:          3.8G       3.7G       103M       5.7M        22M       3.3G

MemTotal:        4016004 kB
MemFree:          128416 kB
Active:           405128 kB
Mem:          3.8G       3.7G       125M       5.7M        22M       3.2G

MemTotal:        4016004 kB
MemFree:          108668 kB
Active:           404512 kB
Mem:          3.8G       3.7G       106M       5.7M        22M       3.3G

MemTotal:        4016004 kB
MemFree:          125468 kB
Active:           400940 kB
Mem:          3.8G       3.7G       122M       5.7M        22M       3.2G

MemTotal:        4016004 kB
MemFree:          124224 kB
Active:           397356 kB
Mem:          3.8G       3.7G       121M       5.7M        22M       3.3G

MemTotal:        4016004 kB
MemFree:          106116 kB
Active:           396748 kB
Mem:          3.8G       3.7G       102M       5.7M        22M       3.3G

MemTotal:        4016004 kB
MemFree:          132316 kB
Active:           392652 kB
Mem:          3.8G       3.7G       129M       5.7M        22M       3.2G

MemTotal:        4016004 kB
MemFree:          142208 kB
Active:           392916 kB
Mem:          3.8G       3.7G       138M       5.7M        22M       3.2G

MemTotal:        4016004 kB
MemFree:          134724 kB
Active:           391792 kB
Mem:          3.8G       3.7G       131M       5.7M        22M       3.2G

MemTotal:        4016004 kB
MemFree:          127836 kB
Active:           390660 kB
Mem:          3.8G       3.7G       124M       5.7M        22M       3.2G

MemTotal:        4016004 kB
MemFree:          125712 kB
Active:           389536 kB
Mem:          3.8G       3.7G       121M       5.7M        22M       3.2G

MemTotal:        4016004 kB
MemFree:          127556 kB
Active:           387772 kB
Mem:          3.8G       3.7G       124M       5.7M        22M       3.2G

MemTotal:        4016004 kB
MemFree:          118492 kB
Active:           386516 kB
Mem:          3.8G       3.7G       115M       5.7M        22M       3.3G

MemTotal:        4016004 kB
MemFree:          122736 kB
Active:           384752 kB
Mem:          3.8G       3.7G       119M       5.7M        22M       3.3G

MemTotal:        4016004 kB
MemFree:          115640 kB
Active:           383484 kB
Mem:          3.8G       3.7G       112M       5.7M        22M       3.3G

MemTotal:        4016004 kB
MemFree:          108868 kB
Active:           382176 kB
Mem:          3.8G       3.7G       106M       5.7M        22M       3.3G

MemTotal:        4016004 kB
MemFree:          135308 kB
Active:           380084 kB
Mem:          3.8G       3.7G       131M       5.7M        22M       3.2G

MemTotal:        4016004 kB
MemFree:          140636 kB
Active:           379980 kB
Mem:          3.8G       3.7G       137M       5.7M        22M       3.2G

MemTotal:        4016004 kB
MemFree:          133256 kB
Active:           379864 kB
Mem:          3.8G       3.7G       130M       5.7M        22M       3.2G

MemTotal:        4016004 kB
MemFree:          126976 kB
Active:           379892 kB
Mem:          3.8G       3.7G       123M       5.7M        22M       3.2G

MemTotal:        4016004 kB
MemFree:          107468 kB
Active:           379924 kB
Mem:          3.8G       3.7G       104M       5.7M        22M       3.3G

MemTotal:        4016004 kB
MemFree:          135184 kB
Active:           379960 kB
Mem:          3.8G       3.7G       132M       5.7M        22M       3.2G

MemTotal:        4016004 kB
MemFree:          133396 kB
Active:           379924 kB
Mem:          3.8G       3.7G       129M       5.7M        22M       3.2G

MemTotal:        4016004 kB
MemFree:          125048 kB
Active:           379944 kB
Mem:          3.8G       3.7G       122M       5.7M        22M       3.2G

MemTotal:        4016004 kB
MemFree:          104872 kB
Active:           379808 kB
Mem:          3.8G       3.7G       103M       5.7M        22M       3.3G

MemTotal:        4016004 kB
MemFree:          127968 kB
Active:           379880 kB
Mem:          3.8G       3.7G       124M       5.7M        22M       3.2G

MemTotal:        4016004 kB
MemFree:          118828 kB
Active:           379920 kB
Mem:          3.8G       3.7G       115M       5.7M        22M       3.3G

MemTotal:        4016004 kB
MemFree:          108052 kB
Active:           379728 kB
Mem:          3.8G       3.7G       105M       5.7M        22M       3.3G

MemTotal:        4016004 kB
MemFree:          125096 kB
Active:           379752 kB
Mem:          3.8G       3.7G       121M       5.7M        22M       3.2G

MemTotal:        4016004 kB
MemFree:          123152 kB
Active:           379764 kB
Mem:          3.8G       3.7G       120M       5.7M        22M       3.2G

MemTotal:        4016004 kB
MemFree:          109232 kB
Active:           379796 kB
Mem:          3.8G       3.7G       106M       5.7M        22M       3.3G

MemTotal:        4016004 kB
MemFree:          125756 kB
Active:           379736 kB
Mem:          3.8G       3.7G       122M       5.7M        22M       3.2G

MemTotal:        4016004 kB
MemFree:          125544 kB
Active:           379764 kB
Mem:          3.8G       3.7G       122M       5.7M        22M       3.2G

MemTotal:        4016004 kB
MemFree:          106972 kB
Active:           379780 kB
Mem:          3.8G       3.7G       104M       5.7M        22M       3.3G

MemTotal:        4016004 kB
MemFree:          134240 kB
Active:           379816 kB
Mem:          3.8G       3.7G       130M       5.7M        22M       3.2G

MemTotal:        4016004 kB
MemFree:          127364 kB
Active:           379840 kB
Mem:          3.8G       3.7G       123M       5.7M        22M       3.2G

MemTotal:        4016004 kB
MemFree:          131712 kB
Active:           379864 kB
Mem:          3.8G       3.7G       128M       5.7M        22M       3.2G

MemTotal:        4016004 kB
MemFree:          135372 kB
Active:           379768 kB
Mem:          3.8G       3.7G       131M       5.7M        22M       3.2G

MemTotal:        4016004 kB
MemFree:          138364 kB
Active:           379572 kB
Mem:          3.8G       3.7G       134M       5.7M        22M       3.2G

MemTotal:        4016004 kB
MemFree:          133672 kB
Active:           379596 kB
Mem:          3.8G       3.7G       130M       5.7M        22M       3.2G

MemTotal:        4016004 kB
MemFree:          132044 kB
Active:           379628 kB
Mem:          3.8G       3.7G       129M       5.7M        22M       3.2G

MemTotal:        4016004 kB
MemFree:          106888 kB
Active:           379616 kB
Mem:          3.8G       3.7G       103M       5.7M        22M       3.3G

MemTotal:        4016004 kB
MemFree:          115556 kB
Active:           379660 kB
Mem:          3.8G       3.7G       112M       5.7M        23M       3.3G

MemTotal:        4016004 kB
MemFree:          107152 kB
Active:           379680 kB
Mem:          3.8G       3.7G       104M       5.7M        23M       3.3G

MemTotal:        4016004 kB
MemFree:          134124 kB
Active:           379576 kB
Mem:          3.8G       3.7G       132M       5.7M        23M       3.2G

MemTotal:        4016004 kB
MemFree:          109828 kB
Active:           379392 kB
Mem:          3.8G       3.7G       106M       5.7M        23M       3.3G

MemTotal:        4016004 kB
MemFree:          125092 kB
Active:           379448 kB
Mem:          3.8G       3.7G       121M       5.7M        23M       3.2G

MemTotal:        4016004 kB
MemFree:          117332 kB
Active:           379308 kB
Mem:          3.8G       3.7G       114M       5.7M        23M       3.3G

MemTotal:        4016004 kB
MemFree:          109924 kB
Active:           379348 kB
Mem:          3.8G       3.7G       106M       5.7M        23M       3.3G

MemTotal:        4016004 kB
MemFree:          125132 kB
Active:           379356 kB
Mem:          3.8G       3.7G       122M       5.7M        23M       3.2G

MemTotal:        4016004 kB
MemFree:          128404 kB
Active:           379420 kB
Mem:          3.8G       3.7G       125M       5.7M        23M       3.2G

MemTotal:        4016004 kB
MemFree:          125828 kB
Active:           379456 kB
Mem:          3.8G       3.7G       131M       5.7M        23M       3.2G

MemTotal:        4016004 kB
MemFree:          112056 kB
Active:           379452 kB
Mem:          3.8G       3.7G       109M       5.7M        23M       3.3G

MemTotal:        4016004 kB
MemFree:          119364 kB
Active:           379496 kB
Mem:          3.8G       3.7G       116M       5.7M        23M       3.2G

MemTotal:        4016004 kB
MemFree:          127400 kB
Active:           379516 kB
Mem:          3.8G       3.7G       123M       5.7M        23M       3.2G

MemTotal:        4016004 kB
MemFree:          123032 kB
Active:           374940 kB
Mem:          3.8G       3.7G       119M       5.7M        23M       3.2G

MemTotal:        4016004 kB
MemFree:          115400 kB
Active:           374464 kB
Mem:          3.8G       3.7G       112M       5.7M        23M       3.3G

MemTotal:        4016004 kB
MemFree:          108236 kB
Active:           374496 kB
Mem:          3.8G       3.7G       104M       5.7M        23M       3.3G

MemTotal:        4016004 kB
MemFree:          136368 kB
Active:           376572 kB
Mem:          3.8G       3.7G       133M       5.7M        23M       3.2G

MemTotal:        4016004 kB
MemFree:          107176 kB
Active:           376556 kB
Mem:          3.8G       3.7G       104M       5.7M        23M       3.3G

MemTotal:        4016004 kB
MemFree:          136052 kB
Active:           376584 kB
Mem:          3.8G       3.7G       132M       5.7M        23M       3.2G

MemTotal:        4016004 kB
MemFree:          127504 kB
Active:           376644 kB
Mem:          3.8G       3.7G       124M       5.7M        23M       3.2G

MemTotal:        4016004 kB
MemFree:          128216 kB
Active:           376652 kB
Mem:          3.8G       3.7G       125M       5.7M        23M       3.2G

MemTotal:        4016004 kB
MemFree:          120200 kB
Active:           376688 kB
Mem:          3.8G       3.7G       117M       5.7M        23M       3.2G

MemTotal:        4016004 kB
MemFree:          138396 kB
Active:           374384 kB
Mem:          3.8G       3.7G       135M       5.7M        23M       3.2G

MemTotal:        4016004 kB
MemFree:          112448 kB
Active:           374424 kB
Mem:          3.8G       3.7G       108M       5.7M        23M       3.3G

MemTotal:        4016004 kB
MemFree:          126816 kB
Active:           374316 kB
Mem:          3.8G       3.7G       124M       5.7M        23M       3.2G

MemTotal:        4016004 kB
MemFree:          123252 kB
Active:           374340 kB
Mem:          3.8G       3.7G       119M       5.7M        23M       3.2G

MemTotal:        4016004 kB
MemFree:          110376 kB
Active:           374364 kB
Mem:          3.8G       3.7G       107M       5.7M        23M       3.3G

MemTotal:        4016004 kB
MemFree:          126388 kB
Active:           374384 kB
Mem:          3.8G       3.7G       123M       5.7M        23M       3.2G

MemTotal:        4016004 kB
MemFree:          123780 kB
Active:           374412 kB
Mem:          3.8G       3.7G       121M       5.7M        23M       3.2G

MemTotal:        4016004 kB
MemFree:          106340 kB
Active:           374432 kB
Mem:          3.8G       3.7G       103M       5.7M        23M       3.3G

MemTotal:        4016004 kB
MemFree:          129020 kB
Active:           372648 kB
Mem:          3.8G       3.7G       126M       5.7M        23M       3.2G

MemTotal:        4016004 kB
MemFree:          109340 kB
Active:           372636 kB
Mem:          3.8G       3.7G       106M       5.7M        23M       3.3G

MemTotal:        4016004 kB
MemFree:          116996 kB
Active:           372608 kB
Mem:          3.8G       3.7G       114M       5.7M        23M       3.2G

MemTotal:        4016004 kB
MemFree:          115908 kB
Active:           372688 kB
Mem:          3.8G       3.7G       113M       5.7M        23M       3.2G

MemTotal:        4016004 kB
MemFree:          114288 kB
Active:           374768 kB
Mem:          3.8G       3.7G       111M       5.7M        23M       3.2G

MemTotal:        4016004 kB
MemFree:          110928 kB
Active:           374740 kB
Mem:          3.8G       3.7G       108M       5.7M        23M       3.2G

MemTotal:        4016004 kB
MemFree:          115088 kB
Active:           373632 kB
Mem:          3.8G       3.7G       112M       5.7M        23M       3.2G

MemTotal:        4016004 kB
MemFree:          108224 kB
Active:           373656 kB
Mem:          3.8G       3.7G       105M       5.7M        23M       3.3G

MemTotal:        4016004 kB
MemFree:          119948 kB
Active:           373640 kB
Mem:          3.8G       3.7G       116M       5.7M        23M       3.2G

MemTotal:        4016004 kB
MemFree:          112040 kB
Active:           373540 kB
Mem:          3.8G       3.7G       109M       5.7M        23M       3.3G

MemTotal:        4016004 kB
MemFree:          128476 kB
Active:           373576 kB
Mem:          3.8G       3.7G       125M       5.7M        23M       3.2G

MemTotal:        4016004 kB
MemFree:          128248 kB
Active:           372360 kB
Mem:          3.8G       3.7G       125M       5.7M        23M       3.2G

MemTotal:        4016004 kB
MemFree:          126600 kB
Active:           372116 kB
Mem:          3.8G       3.7G       123M       5.7M        23M       3.2G

MemTotal:        4016004 kB
MemFree:          119456 kB
Active:           372188 kB
Mem:          3.8G       3.7G       116M       5.7M        23M       3.2G

MemTotal:        4016004 kB
MemFree:          112140 kB
Active:           372212 kB
Mem:          3.8G       3.7G       109M       5.7M        23M       3.2G

MemTotal:        4016004 kB
MemFree:          117208 kB
Active:           372232 kB
Mem:          3.8G       3.7G       114M       5.7M        23M       3.2G

MemTotal:        4016004 kB
MemFree:          127304 kB
Active:           372212 kB
Mem:          3.8G       3.7G       124M       5.7M        23M       3.2G

MemTotal:        4016004 kB
MemFree:          134364 kB
Active:           372240 kB
Mem:          3.8G       3.7G       131M       5.7M        24M       3.2G

MemTotal:        4016004 kB
MemFree:          117160 kB
Active:           372236 kB
Mem:          3.8G       3.7G       114M       5.7M        24M       3.2G

MemTotal:        4016004 kB
MemFree:          123732 kB
Active:           372316 kB
Mem:          3.8G       3.7G       120M       5.7M        24M       3.2G

MemTotal:        4016004 kB
MemFree:          114320 kB
Active:           372340 kB
Mem:          3.8G       3.7G       111M       5.7M        24M       3.2G

MemTotal:        4016004 kB
MemFree:          107420 kB
Active:           372364 kB
Mem:          3.8G       3.7G       104M       5.7M        24M       3.3G

MemTotal:        4016004 kB
MemFree:          133096 kB
Active:           362168 kB
Mem:          3.8G       3.7G       129M       5.7M        24M       3.2G

MemTotal:        4016004 kB
MemFree:          113384 kB
Active:           362024 kB
Mem:          3.8G       3.7G       110M       5.7M        24M       3.2G

MemTotal:        4016004 kB
MemFree:          136432 kB
Active:           362052 kB
Mem:          3.8G       3.7G       132M       5.7M        24M       3.2G

MemTotal:        4016004 kB
MemFree:          128920 kB
Active:           362068 kB
Mem:          3.8G       3.7G       125M       5.7M        24M       3.2G

MemTotal:        4016004 kB
MemFree:          110708 kB
Active:           362084 kB
Mem:          3.8G       3.7G       107M       5.7M        24M       3.3G

MemTotal:        4016004 kB
MemFree:          126184 kB
Active:           362116 kB
Mem:          3.8G       3.7G       122M       5.7M        24M       3.2G

MemTotal:        4016004 kB
MemFree:          113940 kB
Active:           362156 kB
Mem:          3.8G       3.7G       110M       5.7M        24M       3.2G

MemTotal:        4016004 kB
MemFree:          109292 kB
Active:           362132 kB
Mem:          3.8G       3.7G       106M       5.7M        24M       3.2G

MemTotal:        4016004 kB
MemFree:          125664 kB
Active:           362172 kB
Mem:          3.8G       3.7G       122M       5.7M        24M       3.2G

MemTotal:        4016004 kB
MemFree:          118036 kB
Active:           362228 kB
Mem:          3.8G       3.7G       115M       5.7M        24M       3.2G

MemTotal:        4016004 kB
MemFree:          113472 kB
Active:           362208 kB
Mem:          3.8G       3.7G       109M       5.7M        24M       3.2G

MemTotal:        4016004 kB
MemFree:          105012 kB
Active:           362256 kB
Mem:          3.8G       3.7G       107M       5.7M        24M       3.2G

MemTotal:        4016004 kB
MemFree:          127960 kB
Active:           361364 kB
Mem:          3.8G       3.7G       124M       5.7M        24M       3.2G

MemTotal:        4016004 kB
MemFree:          109828 kB
Active:           361240 kB
Mem:          3.8G       3.7G       107M       5.7M        24M       3.2G

MemTotal:        4016004 kB
MemFree:          127720 kB
Active:           361300 kB
Mem:          3.8G       3.7G       125M       5.7M        24M       3.2G

MemTotal:        4016004 kB
MemFree:          123408 kB
Active:           361276 kB
Mem:          3.8G       3.7G       120M       5.7M        24M       3.2G

MemTotal:        4016004 kB
MemFree:          123740 kB
Active:           361300 kB
Mem:          3.8G       3.7G       120M       5.7M        24M       3.2G

MemTotal:        4016004 kB
MemFree:          107476 kB
Active:           361344 kB
Mem:          3.8G       3.7G       104M       5.7M        24M       3.3G

MemTotal:        4016004 kB
MemFree:          113892 kB
Active:           361388 kB
Mem:          3.8G       3.7G       111M       5.7M        24M       3.2G

MemTotal:        4016004 kB
MemFree:          107340 kB
Active:           361380 kB
Mem:          3.8G       3.7G       104M       5.7M        24M       3.3G

MemTotal:        4016004 kB
MemFree:          136516 kB
Active:           361428 kB
Mem:          3.8G       3.7G       133M       5.7M        24M       3.2G

MemTotal:        4016004 kB
MemFree:          107080 kB
Active:           360300 kB
Mem:          3.8G       3.7G       104M       5.7M        24M       3.3G

MemTotal:        4016004 kB
MemFree:          104972 kB
Active:           361560 kB
Mem:          3.8G       3.7G       102M       5.7M        24M       3.3G

MemTotal:        4016004 kB
MemFree:          114460 kB
Active:           361348 kB
Mem:          3.8G       3.7G       111M       5.7M        24M       3.2G

MemTotal:        4016004 kB
MemFree:          125248 kB
Active:           361388 kB
Mem:          3.8G       3.7G       122M       5.7M        24M       3.2G

MemTotal:        4016004 kB
MemFree:          117220 kB
Active:           361448 kB
Mem:          3.8G       3.7G       114M       5.7M        24M       3.2G

MemTotal:        4016004 kB
MemFree:          111828 kB
Active:           359768 kB
Mem:          3.8G       3.7G       109M       5.7M        24M       3.2G

MemTotal:        4016004 kB
MemFree:          116996 kB
Active:           359636 kB
Mem:          3.8G       3.7G       113M       5.7M        24M       3.2G

MemTotal:        4016004 kB
MemFree:          125952 kB
Active:           359632 kB
Mem:          3.8G       3.7G       122M       5.7M        24M       3.2G

MemTotal:        4016004 kB
MemFree:          127816 kB
Active:           359672 kB
Mem:          3.8G       3.7G       125M       5.7M        24M       3.2G

MemTotal:        4016004 kB
MemFree:          121864 kB
Active:           359696 kB
Mem:          3.8G       3.7G       119M       5.7M        24M       3.2G

MemTotal:        4016004 kB
MemFree:          108112 kB
Active:           359728 kB
Mem:          3.8G       3.7G       105M       5.7M        24M       3.2G

MemTotal:        4016004 kB
MemFree:          113404 kB
Active:           359736 kB
Mem:          3.8G       3.7G       110M       5.7M        24M       3.2G

MemTotal:        4016004 kB
MemFree:          131648 kB
Active:           359760 kB
Mem:          3.8G       3.7G       128M       5.7M        24M       3.2G

MemTotal:        4016004 kB
MemFree:          117792 kB
Active:           359780 kB
Mem:          3.8G       3.7G       115M       5.7M        24M       3.2G

MemTotal:        4016004 kB
MemFree:          111536 kB
Active:           359784 kB
Mem:          3.8G       3.7G       108M       5.7M        24M       3.2G

MemTotal:        4016004 kB
MemFree:          115036 kB
Active:           359820 kB
Mem:          3.8G       3.7G       111M       5.7M        24M       3.2G

MemTotal:        4016004 kB
MemFree:          124224 kB
Active:           359856 kB
Mem:          3.8G       3.7G       121M       5.7M        24M       3.2G

MemTotal:        4016004 kB
MemFree:          117060 kB
Active:           359884 kB
Mem:          3.8G       3.7G       114M       5.7M        24M       3.2G

MemTotal:        4016004 kB
MemFree:          109896 kB
Active:           359912 kB
Mem:          3.8G       3.7G       107M       5.7M        24M       3.2G

MemTotal:        4016004 kB
MemFree:          120460 kB
Active:           359932 kB
Mem:          3.8G       3.7G       117M       5.7M        24M       3.2G

MemTotal:        4016004 kB
MemFree:          111840 kB
Active:           359972 kB
Mem:          3.8G       3.7G       109M       5.7M        24M       3.2G

MemTotal:        4016004 kB
MemFree:          127016 kB
Active:           356604 kB
Mem:          3.8G       3.7G       124M       5.7M        25M       3.2G

MemTotal:        4016004 kB
MemFree:          125620 kB
Active:           356660 kB
Mem:          3.8G       3.7G       122M       5.7M        25M       3.2G

MemTotal:        4016004 kB
MemFree:          121100 kB
Active:           356676 kB
Mem:          3.8G       3.7G       118M       5.7M        25M       3.2G

MemTotal:        4016004 kB
MemFree:          120980 kB
Active:           356684 kB
Mem:          3.8G       3.7G       118M       5.7M        25M       3.2G

MemTotal:        4016004 kB
MemFree:          121000 kB
Active:           356680 kB
Mem:          3.8G       3.7G       118M       5.7M        25M       3.2G

MemTotal:        4016004 kB
MemFree:          131696 kB
Active:           356704 kB
Mem:          3.8G       3.7G       128M       5.7M        25M       3.2G

MemTotal:        4016004 kB
MemFree:          123932 kB
Active:           356716 kB
Mem:          3.8G       3.7G       120M       5.7M        25M       3.2G

MemTotal:        4016004 kB
MemFree:          143108 kB
Active:           356716 kB
Mem:          3.8G       3.7G       139M       5.7M        25M       3.2G

MemTotal:        4016004 kB
MemFree:          135164 kB
Active:           356760 kB
Mem:          3.8G       3.7G       132M       5.7M        25M       3.2G

MemTotal:        4016004 kB
MemFree:          140652 kB
Active:           356756 kB
Mem:          3.8G       3.7G       137M       5.7M        25M       3.2G

MemTotal:        4016004 kB
MemFree:          133260 kB
Active:           356772 kB
Mem:          3.8G       3.7G       129M       5.7M        25M       3.2G

MemTotal:        4016004 kB
MemFree:          125248 kB
Active:           356804 kB
Mem:          3.8G       3.7G       122M       5.7M        25M       3.2G

MemTotal:        4016004 kB
MemFree:          104784 kB
Active:           356864 kB
Mem:          3.8G       3.7G       102M       5.7M        25M       3.2G

MemTotal:        4016004 kB
MemFree:          111504 kB
Active:           356896 kB
Mem:          3.8G       3.7G       108M       5.7M        25M       3.2G

MemTotal:        4016004 kB
MemFree:          114116 kB
Active:           356928 kB
Mem:          3.8G       3.7G       122M       5.7M        25M       3.2G

MemTotal:        4016004 kB
MemFree:          126948 kB
Active:           356916 kB
Mem:          3.8G       3.7G       124M       5.7M        25M       3.2G

MemTotal:        4016004 kB
MemFree:          111208 kB
Active:           356956 kB
Mem:          3.8G       3.7G       108M       5.7M        25M       3.2G

MemTotal:        4016004 kB
MemFree:          127724 kB
Active:           356976 kB
Mem:          3.8G       3.7G       124M       5.7M        25M       3.2G

MemTotal:        4016004 kB
MemFree:          125940 kB
Active:           356996 kB
Mem:          3.8G       3.7G       123M       5.7M        25M       3.2G

MemTotal:        4016004 kB
MemFree:          105764 kB
Active:           358500 kB
Mem:          3.8G       3.7G       102M       5.7M        25M       3.2G

MemTotal:        4016004 kB
MemFree:          125284 kB
Active:           358552 kB
Mem:          3.8G       3.7G       121M       5.7M        25M       3.2G

MemTotal:        4016004 kB
MemFree:          110488 kB
Active:           355636 kB
Mem:          3.8G       3.7G       108M       5.7M        25M       3.2G

MemTotal:        4016004 kB
MemFree:          127948 kB
Active:           355684 kB
Mem:          3.8G       3.7G       124M       5.7M        25M       3.2G

MemTotal:        4016004 kB
MemFree:          121852 kB
Active:           355704 kB
Mem:          3.8G       3.7G       118M       5.7M        25M       3.2G

MemTotal:        4016004 kB
MemFree:          108732 kB
Active:           355748 kB
Mem:          3.8G       3.7G       106M       5.7M        25M       3.2G

MemTotal:        4016004 kB
MemFree:          128528 kB
Active:           355596 kB
Mem:          3.8G       3.7G       125M       5.7M        25M       3.2G

MemTotal:        4016004 kB
MemFree:          128700 kB
Active:           355492 kB
Mem:          3.8G       3.7G       125M       5.7M        25M       3.2G

MemTotal:        4016004 kB
MemFree:          128080 kB
Active:           355484 kB
Mem:          3.8G       3.7G       124M       5.7M        25M       3.2G

MemTotal:        4016004 kB
MemFree:          127956 kB
Active:           355488 kB
Mem:          3.8G       3.7G       124M       5.7M        25M       3.2G

MemTotal:        4016004 kB
MemFree:          128080 kB
Active:           355460 kB
Mem:          3.8G       3.7G       124M       5.7M        25M       3.2G

MemTotal:        4016004 kB
MemFree:          127656 kB
Active:           355500 kB
Mem:          3.8G       3.7G       124M       5.7M        25M       3.2G

MemTotal:        4016004 kB
MemFree:          127780 kB
Active:           355504 kB
Mem:          3.8G       3.7G       124M       5.7M        25M       3.2G

MemTotal:        4016004 kB
MemFree:          128404 kB
Active:           355460 kB
Mem:          3.8G       3.7G       125M       5.7M        25M       3.2G

MemTotal:        4016004 kB
MemFree:          128440 kB
Active:           355500 kB
Mem:          3.8G       3.7G       125M       5.7M        25M       3.2G

MemTotal:        4016004 kB
MemFree:          127944 kB
Active:           355448 kB
Mem:          3.8G       3.7G       124M       5.7M        25M       3.2G

MemTotal:        4016004 kB
MemFree:          127944 kB
Active:           355496 kB
Mem:          3.8G       3.7G       124M       5.7M        25M       3.2G

MemTotal:        4016004 kB
MemFree:          127696 kB
Active:           355508 kB
Mem:          3.8G       3.7G       124M       5.7M        25M       3.2G

MemTotal:        4016004 kB
MemFree:          127944 kB
Active:           355492 kB
Mem:          3.8G       3.7G       124M       5.7M        25M       3.2G

MemTotal:        4016004 kB
MemFree:          126020 kB
Active:           355480 kB
Mem:          3.8G       3.7G       122M       5.7M        25M       3.2G

MemTotal:        4016004 kB
MemFree:          125896 kB
Active:           357484 kB
Mem:          3.8G       3.7G       122M       5.7M        25M       3.2G

MemTotal:        4016004 kB
MemFree:          125896 kB
Active:           357492 kB
Mem:          3.8G       3.7G       123M       5.7M        25M       3.2G

MemTotal:        4016004 kB
MemFree:          126144 kB
Active:           357516 kB
Mem:          3.8G       3.7G       123M       5.7M        25M       3.2G

MemTotal:        4016004 kB
MemFree:          126268 kB
Active:           357484 kB
Mem:          3.8G       3.7G       123M       5.7M        25M       3.2G

MemTotal:        4016004 kB
MemFree:          125648 kB
Active:           357540 kB
Mem:          3.8G       3.7G       122M       5.7M        25M       3.2G

MemTotal:        4016004 kB
MemFree:          126020 kB
Active:           357512 kB
Mem:          3.8G       3.7G       123M       5.7M        25M       3.2G

MemTotal:        4016004 kB
MemFree:          125896 kB
Active:           357548 kB
Mem:          3.8G       3.7G       122M       5.7M        25M       3.2G

MemTotal:        4016004 kB
MemFree:          125648 kB
Active:           357552 kB
Mem:          3.8G       3.7G       122M       5.7M        25M       3.2G

MemTotal:        4016004 kB
MemFree:          126020 kB
Active:           357548 kB
Mem:          3.8G       3.7G       123M       5.7M        25M       3.2G

MemTotal:        4016004 kB
MemFree:          126516 kB
Active:           357500 kB
Mem:          3.8G       3.7G       123M       5.7M        25M       3.2G

MemTotal:        4016004 kB
MemFree:          126648 kB
Active:           357516 kB
Mem:          3.8G       3.7G       123M       5.7M        25M       3.2G

MemTotal:        4016004 kB
MemFree:          126648 kB
Active:           357524 kB
Mem:          3.8G       3.7G       123M       5.7M        25M       3.2G

MemTotal:        4016004 kB
MemFree:          126028 kB
Active:           357560 kB
Mem:          3.8G       3.7G       123M       5.7M        25M       3.2G

MemTotal:        4016004 kB
MemFree:          126276 kB
Active:           357544 kB
Mem:          3.8G       3.7G       123M       5.7M        25M       3.2G

MemTotal:        4016004 kB
MemFree:          126400 kB
Active:           357548 kB
Mem:          3.8G       3.7G       123M       5.7M        25M       3.2G

MemTotal:        4016004 kB
MemFree:          126028 kB
Active:           357568 kB
Mem:          3.8G       3.7G       123M       5.7M        25M       3.2G

MemTotal:        4016004 kB
MemFree:          126276 kB
Active:           357532 kB
Mem:          3.8G       3.7G       123M       5.7M        25M       3.2G

MemTotal:        4016004 kB
MemFree:          126524 kB
Active:           357532 kB
Mem:          3.8G       3.7G       123M       5.7M        25M       3.2G

MemTotal:        4016004 kB
MemFree:          126648 kB
Active:           357516 kB
Mem:          3.8G       3.7G       123M       5.7M        25M       3.2G

MemTotal:        4016004 kB
MemFree:          125468 kB
Active:           355576 kB
Mem:          3.8G       3.7G       122M       5.7M        25M       3.2G

MemTotal:        4016004 kB
MemFree:          125468 kB
Active:           357624 kB
Mem:          3.8G       3.7G       122M       5.7M        25M       3.2G

MemTotal:        4016004 kB
MemFree:          125592 kB
Active:           357592 kB
Mem:          3.8G       3.7G       122M       5.7M        25M       3.2G

MemTotal:        4016004 kB
MemFree:          125592 kB
Active:           357624 kB
Mem:          3.8G       3.7G       122M       5.7M        25M       3.2G

MemTotal:        4016004 kB
MemFree:          125096 kB
Active:           357632 kB
Mem:          3.8G       3.7G       122M       5.7M        25M       3.2G

MemTotal:        4016004 kB
MemFree:          125716 kB
Active:           357608 kB
Mem:          3.8G       3.7G       122M       5.7M        25M       3.2G

MemTotal:        4016004 kB
MemFree:          126088 kB
Active:           357616 kB
Mem:          3.8G       3.7G       122M       5.7M        25M       3.2G

MemTotal:        4016004 kB
MemFree:          126088 kB
Active:           357616 kB
Mem:          3.8G       3.7G       123M       5.7M        25M       3.2G

MemTotal:        4016004 kB
MemFree:          125964 kB
Active:           357584 kB
Mem:          3.8G       3.7G       122M       5.7M        25M       3.2G

MemTotal:        4016004 kB
MemFree:          125840 kB
Active:           357632 kB
Mem:          3.8G       3.7G       122M       5.7M        25M       3.2G

MemTotal:        4016004 kB
MemFree:          125592 kB
Active:           357640 kB
Mem:          3.8G       3.7G       122M       5.7M        25M       3.2G

MemTotal:        4016004 kB
MemFree:          125964 kB
Active:           357592 kB
Mem:          3.8G       3.7G       122M       5.7M        25M       3.2G

MemTotal:        4016004 kB
MemFree:          125964 kB
Active:           357592 kB
Mem:          3.8G       3.7G       123M       5.7M        25M       3.2G

MemTotal:        4016004 kB
MemFree:          125716 kB
Active:           357640 kB
Mem:          3.8G       3.7G       122M       5.7M        25M       3.2G

MemTotal:        4016004 kB
MemFree:          125948 kB
Active:           357640 kB
Mem:          3.8G       3.7G       122M       5.7M        25M       3.2G

MemTotal:        4016004 kB
MemFree:          125964 kB
Active:           357620 kB
Mem:          3.8G       3.7G       122M       5.7M        25M       3.2G

MemTotal:        4016004 kB
MemFree:          125840 kB
Active:           357636 kB
Mem:          3.8G       3.7G       123M       5.7M        25M       3.2G

MemTotal:        4016004 kB
MemFree:          126584 kB
Active:           357608 kB
Mem:          3.8G       3.7G       123M       5.7M        25M       3.2G

MemTotal:        4016004 kB
MemFree:          126088 kB
Active:           357648 kB
Mem:          3.8G       3.7G       123M       5.7M        25M       3.2G

MemTotal:        4016004 kB
MemFree:          126212 kB
Active:           357596 kB
Mem:          3.8G       3.7G       123M       5.7M        25M       3.2G

MemTotal:        4016004 kB
MemFree:          126336 kB
Active:           357620 kB
Mem:          3.8G       3.7G       123M       5.7M        25M       3.2G

MemTotal:        4016004 kB
MemFree:          126212 kB
Active:           357604 kB
Mem:          3.8G       3.7G       123M       5.7M        25M       3.2G

MemTotal:        4016004 kB
MemFree:          126460 kB
Active:           357624 kB
Mem:          3.8G       3.7G       123M       5.7M        25M       3.2G

MemTotal:        4016004 kB
MemFree:          126584 kB
Active:           357644 kB
Mem:          3.8G       3.7G       123M       5.7M        25M       3.2G

MemTotal:        4016004 kB
MemFree:          126584 kB
Active:           357620 kB
Mem:          3.8G       3.7G       123M       5.7M        25M       3.2G

MemTotal:        4016004 kB
MemFree:          125840 kB
Active:           357652 kB
Mem:          3.8G       3.7G       122M       5.7M        25M       3.2G

MemTotal:        4016004 kB
MemFree:          125840 kB
Active:           357644 kB
Mem:          3.8G       3.7G       123M       5.7M        25M       3.2G

MemTotal:        4016004 kB
MemFree:          126336 kB
Active:           357660 kB
Mem:          3.8G       3.7G       123M       5.7M        25M       3.2G

MemTotal:        4016004 kB
MemFree:          126212 kB
Active:           357620 kB
Mem:          3.8G       3.7G       123M       5.7M        25M       3.2G

MemTotal:        4016004 kB
MemFree:          126088 kB
Active:           357640 kB
Mem:          3.8G       3.7G       123M       5.7M        25M       3.2G

MemTotal:        4016004 kB
MemFree:          125716 kB
Active:           357664 kB
Mem:          3.8G       3.7G       122M       5.7M        25M       3.2G

MemTotal:        4016004 kB
MemFree:          126460 kB
Active:           357668 kB
Mem:          3.8G       3.7G       123M       5.7M        25M       3.2G

MemTotal:        4016004 kB
MemFree:          122960 kB
Active:           360160 kB
Mem:          3.8G       3.7G       120M       5.7M        27M       3.2G

MemTotal:        4016004 kB
MemFree:          122908 kB
Active:           359928 kB
Mem:          3.8G       3.7G       120M       5.7M        27M       3.2G

MemTotal:        4016004 kB
MemFree:          122924 kB
Active:           359944 kB
Mem:          3.8G       3.7G       120M       5.7M        27M       3.2G

MemTotal:        4016004 kB
MemFree:          123048 kB
Active:           359900 kB
Mem:          3.8G       3.7G       119M       5.7M        27M       3.2G

MemTotal:        4016004 kB
MemFree:          123544 kB
Active:           359916 kB
Mem:          3.8G       3.7G       120M       5.7M        27M       3.2G

MemTotal:        4016004 kB
MemFree:          123296 kB
Active:           359964 kB
Mem:          3.8G       3.7G       120M       5.7M        27M       3.2G

MemTotal:        4016004 kB
MemFree:          123172 kB
Active:           359936 kB
Mem:          3.8G       3.7G       120M       5.7M        27M       3.2G

MemTotal:        4016004 kB
MemFree:          123668 kB
Active:           359964 kB
Mem:          3.8G       3.7G       120M       5.7M        27M       3.2G

MemTotal:        4016004 kB
MemFree:          123048 kB
Active:           359944 kB
Mem:          3.8G       3.7G       120M       5.7M        27M       3.2G

MemTotal:        4016004 kB
MemFree:          123172 kB
Active:           359940 kB
Mem:          3.8G       3.7G       120M       5.7M        27M       3.2G

MemTotal:        4016004 kB
MemFree:          123048 kB
Active:           359948 kB
Mem:          3.8G       3.7G       120M       5.7M        27M       3.2G

MemTotal:        4016004 kB
MemFree:          123172 kB
Active:           359964 kB
Mem:          3.8G       3.7G       120M       5.7M        27M       3.2G

MemTotal:        4016004 kB
MemFree:          122552 kB
Active:           359984 kB
Mem:          3.8G       3.7G       119M       5.7M        27M       3.2G

MemTotal:        4016004 kB
MemFree:          122056 kB
Active:           359988 kB
Mem:          3.8G       3.7G       119M       5.7M        27M       3.2G

MemTotal:        4016004 kB
MemFree:          122552 kB
Active:           359936 kB
Mem:          3.8G       3.7G       119M       5.7M        27M       3.2G

MemTotal:        4016004 kB
MemFree:          122924 kB
Active:           359980 kB
Mem:          3.8G       3.7G       119M       5.7M        27M       3.2G

MemTotal:        4016004 kB
MemFree:          123048 kB
Active:           359976 kB
Mem:          3.8G       3.7G       120M       5.7M        27M       3.2G

MemTotal:        4016004 kB
MemFree:          123048 kB
Active:           359960 kB
Mem:          3.8G       3.7G       120M       5.7M        27M       3.2G

MemTotal:        4016004 kB
MemFree:          123048 kB
Active:           359956 kB
Mem:          3.8G       3.7G       120M       5.7M        27M       3.2G

MemTotal:        4016004 kB
MemFree:          123172 kB
Active:           359968 kB
Mem:          3.8G       3.7G       120M       5.7M        27M       3.2G

MemTotal:        4016004 kB
MemFree:          122800 kB
Active:           360012 kB
Mem:          3.8G       3.7G       120M       5.7M        27M       3.2G

MemTotal:        4016004 kB
MemFree:          123048 kB
Active:           360008 kB
Mem:          3.8G       3.7G       120M       5.7M        27M       3.2G

MemTotal:        4016004 kB
MemFree:          122676 kB
Active:           360012 kB
Mem:          3.8G       3.7G       120M       5.7M        27M       3.2G

MemTotal:        4016004 kB
MemFree:          122800 kB
Active:           359968 kB
Mem:          3.8G       3.7G       120M       5.7M        27M       3.2G

MemTotal:        4016004 kB
MemFree:          123296 kB
Active:           359992 kB
Mem:          3.8G       3.7G       120M       5.7M        27M       3.2G

MemTotal:        4016004 kB
MemFree:          122940 kB
Active:           360020 kB
Mem:          3.8G       3.7G       120M       5.7M        27M       3.2G

MemTotal:        4016004 kB
MemFree:          123188 kB
Active:           360004 kB
Mem:          3.8G       3.7G       120M       5.7M        27M       3.2G

MemTotal:        4016004 kB
MemFree:          123188 kB
Active:           360012 kB
Mem:          3.8G       3.7G       120M       5.7M        27M       3.2G

MemTotal:        4016004 kB
MemFree:          123188 kB
Active:           359996 kB
Mem:          3.8G       3.7G       120M       5.7M        27M       3.2G

MemTotal:        4016004 kB
MemFree:          122692 kB
Active:           360040 kB
Mem:          3.8G       3.7G       119M       5.7M        27M       3.2G

MemTotal:        4016004 kB
MemFree:          122816 kB
Active:           360000 kB
Mem:          3.8G       3.7G       119M       5.7M        27M       3.2G

MemTotal:        4016004 kB
MemFree:          122692 kB
Active:           359996 kB
Mem:          3.8G       3.7G       119M       5.7M        27M       3.2G

MemTotal:        4016004 kB
MemFree:          123188 kB
Active:           360060 kB
Mem:          3.8G       3.7G       119M       5.7M        27M       3.2G

MemTotal:        4016004 kB
MemFree:          122692 kB
Active:           360172 kB
Mem:          3.8G       3.7G       119M       5.7M        27M       3.2G

MemTotal:        4016004 kB
MemFree:          122800 kB
Active:           360076 kB
Mem:          3.8G       3.7G       119M       5.7M        27M       3.2G

MemTotal:        4016004 kB
MemFree:          122676 kB
Active:           360116 kB
Mem:          3.8G       3.7G       120M       5.7M        27M       3.2G

MemTotal:        4016004 kB
MemFree:          123048 kB
Active:           360068 kB
Mem:          3.8G       3.7G       119M       5.7M        27M       3.2G

MemTotal:        4016004 kB
MemFree:          122924 kB
Active:           360092 kB
Mem:          3.8G       3.7G       119M       5.7M        27M       3.2G

MemTotal:        4016004 kB
MemFree:          122924 kB
Active:           360116 kB
Mem:          3.8G       3.7G       119M       5.7M        27M       3.2G

MemTotal:        4016004 kB
MemFree:          123048 kB
Active:           360084 kB
Mem:          3.8G       3.7G       120M       5.7M        27M       3.2G

MemTotal:        4016004 kB
MemFree:          122676 kB
Active:           360132 kB
Mem:          3.8G       3.7G       119M       5.7M        27M       3.2G

MemTotal:        4016004 kB
MemFree:          123048 kB
Active:           360128 kB
Mem:          3.8G       3.7G       120M       5.7M        27M       3.2G

MemTotal:        4016004 kB
MemFree:          123172 kB
Active:           360124 kB
Mem:          3.8G       3.7G       120M       5.7M        27M       3.2G

MemTotal:        4016004 kB
MemFree:          123048 kB
Active:           360120 kB
Mem:          3.8G       3.7G       120M       5.7M        27M       3.2G

MemTotal:        4016004 kB
MemFree:          123048 kB
Active:           360128 kB
Mem:          3.8G       3.7G       120M       5.7M        27M       3.2G

MemTotal:        4016004 kB
MemFree:          122924 kB
Active:           360100 kB
Mem:          3.8G       3.7G       120M       5.7M        27M       3.2G

MemTotal:        4016004 kB
MemFree:          122924 kB
Active:           360116 kB
Mem:          3.8G       3.7G       120M       5.7M        27M       3.2G

MemTotal:        4016004 kB
MemFree:          122924 kB
Active:           360124 kB
Mem:          3.8G       3.7G       120M       5.7M        27M       3.2G

MemTotal:        4016004 kB
MemFree:          122924 kB
Active:           360088 kB
Mem:          3.8G       3.7G       120M       5.7M        27M       3.2G

MemTotal:        4016004 kB
MemFree:          123248 kB
Active:           360120 kB
Mem:          3.8G       3.7G       120M       5.7M        27M       3.2G

MemTotal:        4016004 kB
MemFree:          123188 kB
Active:           360076 kB
Mem:          3.8G       3.7G       120M       5.7M        27M       3.2G

MemTotal:        4016004 kB
MemFree:          122940 kB
Active:           360132 kB
Mem:          3.8G       3.7G       120M       5.7M        27M       3.2G

MemTotal:        4016004 kB
MemFree:          123064 kB
Active:           360124 kB
Mem:          3.8G       3.7G       120M       5.7M        27M       3.2G

MemTotal:        4016004 kB
MemFree:          122692 kB
Active:           360140 kB
Mem:          3.8G       3.7G       119M       5.7M        27M       3.2G

MemTotal:        4016004 kB
MemFree:          122568 kB
Active:           360096 kB
Mem:          3.8G       3.7G       119M       5.7M        27M       3.2G

MemTotal:        4016004 kB
MemFree:          122320 kB
Active:           360140 kB
Mem:          3.8G       3.7G       119M       5.7M        27M       3.2G

MemTotal:        4016004 kB
MemFree:          122816 kB
Active:           360128 kB
Mem:          3.8G       3.7G       119M       5.7M        27M       3.2G

MemTotal:        4016004 kB
MemFree:          122692 kB
Active:           360096 kB
Mem:          3.8G       3.7G       119M       5.7M        27M       3.2G

MemTotal:        4016004 kB
MemFree:          122816 kB
Active:           360140 kB
Mem:          3.8G       3.7G       119M       5.7M        27M       3.2G

MemTotal:        4016004 kB
MemFree:          122692 kB
Active:           360144 kB
Mem:          3.8G       3.7G       119M       5.7M        27M       3.2G

MemTotal:        4016004 kB
MemFree:          122444 kB
Active:           360152 kB
Mem:          3.8G       3.7G       119M       5.7M        27M       3.2G

MemTotal:        4016004 kB
MemFree:          122692 kB
Active:           360100 kB
Mem:          3.8G       3.7G       119M       5.7M        27M       3.2G

MemTotal:        4016004 kB
MemFree:          122940 kB
Active:           360108 kB
Mem:          3.8G       3.7G       120M       5.7M        27M       3.2G

MemTotal:        4016004 kB
MemFree:          122816 kB
Active:           360136 kB
Mem:          3.8G       3.7G       119M       5.7M        27M       3.2G

MemTotal:        4016004 kB
MemFree:          123064 kB
Active:           360144 kB
Mem:          3.8G       3.7G       120M       5.7M        27M       3.2G

MemTotal:        4016004 kB
MemFree:          122940 kB
Active:           360144 kB
Mem:          3.8G       3.7G       120M       5.7M        27M       3.2G

MemTotal:        4016004 kB
MemFree:          123064 kB
Active:           360112 kB
Mem:          3.8G       3.7G       119M       5.7M        27M       3.2G

MemTotal:        4016004 kB
MemFree:          122940 kB
Active:           360144 kB
Mem:          3.8G       3.7G       120M       5.7M        27M       3.2G

MemTotal:        4016004 kB
MemFree:          122816 kB
Active:           360136 kB
Mem:          3.8G       3.7G       120M       5.7M        27M       3.2G

MemTotal:        4016004 kB
MemFree:          123064 kB
Active:           360116 kB
Mem:          3.8G       3.7G       120M       5.7M        27M       3.2G

MemTotal:        4016004 kB
MemFree:          123188 kB
Active:           360128 kB
Mem:          3.8G       3.7G       120M       5.7M        27M       3.2G

MemTotal:        4016004 kB
MemFree:          123312 kB
Active:           360148 kB
Mem:          3.8G       3.7G       120M       5.7M        27M       3.2G

MemTotal:        4016004 kB
MemFree:          123312 kB
Active:           360124 kB
Mem:          3.8G       3.7G       120M       5.7M        27M       3.2G

MemTotal:        4016004 kB
MemFree:          122940 kB
Active:           360148 kB
Mem:          3.8G       3.7G       119M       5.7M        27M       3.2G

MemTotal:        4016004 kB
MemFree:          122692 kB
Active:           360156 kB
Mem:          3.8G       3.7G       119M       5.7M        27M       3.2G

MemTotal:        4016004 kB
MemFree:          122940 kB
Active:           360136 kB
Mem:          3.8G       3.7G       119M       5.7M        27M       3.2G

MemTotal:        4016004 kB
MemFree:          122964 kB
Active:           360128 kB
Mem:          3.8G       3.7G       119M       5.7M        27M       3.2G

MemTotal:        4016004 kB
MemFree:          122840 kB
Active:           360140 kB
Mem:          3.8G       3.7G       119M       5.7M        27M       3.2G

MemTotal:        4016004 kB
MemFree:          122840 kB
Active:           360152 kB
Mem:          3.8G       3.7G       119M       5.7M        27M       3.2G

MemTotal:        4016004 kB
MemFree:          122468 kB
Active:           360156 kB
Mem:          3.8G       3.7G       119M       5.7M        27M       3.2G

MemTotal:        4016004 kB
MemFree:          122592 kB
Active:           360172 kB
Mem:          3.8G       3.7G       119M       5.7M        27M       3.2G

MemTotal:        4016004 kB
MemFree:          122096 kB
Active:           360196 kB
Mem:          3.8G       3.7G       119M       5.7M        27M       3.2G

MemTotal:        4016004 kB
MemFree:          122468 kB
Active:           360176 kB
Mem:          3.8G       3.7G       119M       5.7M        27M       3.2G

MemTotal:        4016004 kB
MemFree:          122468 kB
Active:           360160 kB
Mem:          3.8G       3.7G       119M       5.7M        27M       3.2G

MemTotal:        4016004 kB
MemFree:          122344 kB
Active:           360152 kB
Mem:          3.8G       3.7G       118M       5.7M        27M       3.2G

MemTotal:        4016004 kB
MemFree:          121848 kB
Active:           360196 kB
Mem:          3.8G       3.7G       119M       5.7M        27M       3.2G

MemTotal:        4016004 kB
MemFree:          122220 kB
Active:           360168 kB
Mem:          3.8G       3.7G       119M       5.7M        27M       3.2G

MemTotal:        4016004 kB
MemFree:          122468 kB
Active:           360164 kB
Mem:          3.8G       3.7G       119M       5.7M        27M       3.2G

MemTotal:        4016004 kB
MemFree:          122716 kB
Active:           360180 kB
Mem:          3.8G       3.7G       119M       5.7M        27M       3.2G

MemTotal:        4016004 kB
MemFree:          122716 kB
Active:           360172 kB
Mem:          3.8G       3.7G       119M       5.7M        27M       3.2G

MemTotal:        4016004 kB
MemFree:          123088 kB
Active:           360200 kB
Mem:          3.8G       3.7G       120M       5.7M        27M       3.2G

MemTotal:        4016004 kB
MemFree:          122468 kB
Active:           360208 kB
Mem:          3.8G       3.7G       119M       5.7M        27M       3.2G

MemTotal:        4016004 kB
MemFree:          122344 kB
Active:           360208 kB
Mem:          3.8G       3.7G       119M       5.7M        27M       3.2G

MemTotal:        4016004 kB
MemFree:          122344 kB
Active:           360208 kB
Mem:          3.8G       3.7G       119M       5.7M        27M       3.2G

MemTotal:        4016004 kB
MemFree:          122716 kB
Active:           360164 kB
Mem:          3.8G       3.7G       119M       5.7M        27M       3.2G

MemTotal:        4016004 kB
MemFree:          122344 kB
Active:           360216 kB
Mem:          3.8G       3.7G       119M       5.7M        27M       3.2G

MemTotal:        4016004 kB
MemFree:          122716 kB
Active:           360192 kB
Mem:          3.8G       3.7G       119M       5.7M        27M       3.2G

MemTotal:        4016004 kB
MemFree:          122468 kB
Active:           360188 kB
Mem:          3.8G       3.7G       119M       5.7M        27M       3.2G

MemTotal:        4016004 kB
MemFree:          122344 kB
Active:           360216 kB
Mem:          3.8G       3.7G       119M       5.7M        27M       3.2G

MemTotal:        4016004 kB
MemFree:          122468 kB
Active:           360200 kB
Mem:          3.8G       3.7G       119M       5.7M        27M       3.2G

MemTotal:        4016004 kB
MemFree:          122468 kB
Active:           360200 kB
Mem:          3.8G       3.7G       119M       5.7M        27M       3.2G

MemTotal:        4016004 kB
MemFree:          122344 kB
Active:           360172 kB
Mem:          3.8G       3.7G       119M       5.7M        27M       3.2G

MemTotal:        4016004 kB
MemFree:          122468 kB
Active:           360224 kB
Mem:          3.8G       3.7G       119M       5.7M        27M       3.2G

MemTotal:        4016004 kB
MemFree:          122344 kB
Active:           360192 kB
Mem:          3.8G       3.7G       119M       5.7M        27M       3.2G

MemTotal:        4016004 kB
MemFree:          122840 kB
Active:           360200 kB
Mem:          3.8G       3.7G       119M       5.7M        27M       3.2G

MemTotal:        4016004 kB
MemFree:          122716 kB
Active:           360172 kB
Mem:          3.8G       3.7G       119M       5.7M        27M       3.2G

MemTotal:        4016004 kB
MemFree:          122840 kB
Active:           360196 kB
Mem:          3.8G       3.7G       119M       5.7M        27M       3.2G

MemTotal:        4016004 kB
MemFree:          122344 kB
Active:           360212 kB
Mem:          3.8G       3.7G       119M       5.7M        27M       3.2G

MemTotal:        4016004 kB
MemFree:          122592 kB
Active:           360220 kB
Mem:          3.8G       3.7G       119M       5.7M        27M       3.2G

MemTotal:        4016004 kB
MemFree:          122468 kB
Active:           360196 kB
Mem:          3.8G       3.7G       119M       5.7M        27M       3.2G

MemTotal:        4016004 kB
MemFree:          122344 kB
Active:           360220 kB
Mem:          3.8G       3.7G       119M       5.7M        27M       3.2G

MemTotal:        4016004 kB
MemFree:          122220 kB
Active:           360220 kB
Mem:          3.8G       3.7G       119M       5.7M        27M       3.2G

MemTotal:        4016004 kB
MemFree:          122344 kB
Active:           360192 kB
Mem:          3.8G       3.7G       119M       5.7M        27M       3.2G

MemTotal:        4016004 kB
MemFree:          122840 kB
Active:           360240 kB
Mem:          3.8G       3.7G       119M       5.7M        27M       3.2G

MemTotal:        4016004 kB
MemFree:          122840 kB
Active:           360228 kB
Mem:          3.8G       3.7G       119M       5.7M        27M       3.2G

MemTotal:        4016004 kB
MemFree:          122096 kB
Active:           360260 kB
Mem:          3.8G       3.7G       119M       5.7M        27M       3.2G

MemTotal:        4016004 kB
MemFree:          122592 kB
Active:           360256 kB
Mem:          3.8G       3.7G       119M       5.7M        27M       3.2G

MemTotal:        4016004 kB
MemFree:          122468 kB
Active:           360236 kB
Mem:          3.8G       3.7G       119M       5.7M        27M       3.2G

MemTotal:        4016004 kB
MemFree:          122468 kB
Active:           360264 kB
Mem:          3.8G       3.7G       119M       5.7M        27M       3.2G

MemTotal:        4016004 kB
MemFree:          122468 kB
Active:           360224 kB
Mem:          3.8G       3.7G       119M       5.7M        27M       3.2G

MemTotal:        4016004 kB
MemFree:          122468 kB
Active:           360232 kB
Mem:          3.8G       3.7G       119M       5.7M        27M       3.2G

MemTotal:        4016004 kB
MemFree:          122468 kB
Active:           360272 kB
Mem:          3.8G       3.7G       119M       5.7M        27M       3.2G

MemTotal:        4016004 kB
MemFree:          122220 kB
Active:           360272 kB
Mem:          3.8G       3.7G       119M       5.7M        27M       3.2G

MemTotal:        4016004 kB
MemFree:          122592 kB
Active:           360236 kB
Mem:          3.8G       3.7G       119M       5.7M        27M       3.2G

MemTotal:        4016004 kB
MemFree:          122468 kB
Active:           360272 kB
Mem:          3.8G       3.7G       119M       5.7M        27M       3.2G

MemTotal:        4016004 kB
MemFree:          122840 kB
Active:           360232 kB
Mem:          3.8G       3.7G       119M       5.7M        27M       3.2G

MemTotal:        4016004 kB
MemFree:          122840 kB
Active:           360248 kB
Mem:          3.8G       3.7G       119M       5.7M        27M       3.2G

MemTotal:        4016004 kB
MemFree:          122840 kB
Active:           360260 kB
Mem:          3.8G       3.7G       119M       5.7M        27M       3.2G

MemTotal:        4016004 kB
MemFree:          122468 kB
Active:           360272 kB
Mem:          3.8G       3.7G       119M       5.7M        27M       3.2G

MemTotal:        4016004 kB
MemFree:          122840 kB
Active:           360272 kB
Mem:          3.8G       3.7G       119M       5.7M        27M       3.2G

MemTotal:        4016004 kB
MemFree:          123088 kB
Active:           360232 kB
Mem:          3.8G       3.7G       120M       5.7M        27M       3.2G

MemTotal:        4016004 kB
MemFree:          123212 kB
Active:           360244 kB
Mem:          3.8G       3.7G       120M       5.7M        27M       3.2G

MemTotal:        4016004 kB
MemFree:          122964 kB
Active:           360276 kB
Mem:          3.8G       3.7G       120M       5.7M        27M       3.2G

MemTotal:        4016004 kB
MemFree:          123212 kB
Active:           360288 kB
Mem:          3.8G       3.7G       119M       5.7M        27M       3.2G

MemTotal:        4016004 kB
MemFree:          123088 kB
Active:           360272 kB
Mem:          3.8G       3.7G       120M       5.7M        27M       3.2G

MemTotal:        4016004 kB
MemFree:          123212 kB
Active:           360240 kB
Mem:          3.8G       3.7G       119M       5.7M        27M       3.2G

MemTotal:        4016004 kB
MemFree:          122964 kB
Active:           360260 kB
Mem:          3.8G       3.7G       120M       5.7M        27M       3.2G

MemTotal:        4016004 kB
MemFree:          122964 kB
Active:           360272 kB
Mem:          3.8G       3.7G       119M       5.7M        27M       3.2G

MemTotal:        4016004 kB
MemFree:          122840 kB
Active:           360284 kB
Mem:          3.8G       3.7G       119M       5.7M        27M       3.2G

MemTotal:        4016004 kB
MemFree:          122840 kB
Active:           360272 kB
Mem:          3.8G       3.7G       119M       5.7M        27M       3.2G

MemTotal:        4016004 kB
MemFree:          122468 kB
Active:           360280 kB
Mem:          3.8G       3.7G       119M       5.7M        27M       3.2G

MemTotal:        4016004 kB
MemFree:          122220 kB
Active:           360300 kB
Mem:          3.8G       3.7G       119M       5.7M        27M       3.2G

MemTotal:        4016004 kB
MemFree:          122592 kB
Active:           360276 kB
Mem:          3.8G       3.7G       119M       5.7M        27M       3.2G

MemTotal:        4016004 kB
MemFree:          122344 kB
Active:           360308 kB
Mem:          3.8G       3.7G       119M       5.7M        27M       3.2G

MemTotal:        4016004 kB
MemFree:          122468 kB
Active:           360284 kB
Mem:          3.8G       3.7G       119M       5.7M        27M       3.2G

MemTotal:        4016004 kB
MemFree:          121972 kB
Active:           360312 kB
Mem:          3.8G       3.7G       119M       5.7M        27M       3.2G

MemTotal:        4016004 kB
MemFree:          122468 kB
Active:           360284 kB
Mem:          3.8G       3.7G       119M       5.7M        27M       3.2G

MemTotal:        4016004 kB
MemFree:          122592 kB
Active:           360260 kB
Mem:          3.8G       3.7G       119M       5.7M        27M       3.2G

MemTotal:        4016004 kB
MemFree:          122220 kB
Active:           360312 kB
Mem:          3.8G       3.7G       119M       5.7M        27M       3.2G

MemTotal:        4016004 kB
MemFree:          122964 kB
Active:           360288 kB
Mem:          3.8G       3.7G       120M       5.7M        27M       3.2G

MemTotal:        4016004 kB
MemFree:          123088 kB
Active:           360292 kB
Mem:          3.8G       3.7G       119M       5.7M        27M       3.2G

MemTotal:        4016004 kB
MemFree:          122964 kB
Active:           360312 kB
Mem:          3.8G       3.7G       120M       5.7M        27M       3.2G

MemTotal:        4016004 kB
MemFree:          122592 kB
Active:           360276 kB
Mem:          3.8G       3.7G       119M       5.7M        27M       3.2G

MemTotal:        4016004 kB
MemFree:          122592 kB
Active:           360316 kB
Mem:          3.8G       3.7G       119M       5.7M        27M       3.2G

MemTotal:        4016004 kB
MemFree:          122716 kB
Active:           360316 kB
Mem:          3.8G       3.7G       119M       5.7M        27M       3.2G

MemTotal:        4016004 kB
MemFree:          122716 kB
Active:           360288 kB
Mem:          3.8G       3.7G       119M       5.7M        27M       3.2G

MemTotal:        4016004 kB
MemFree:          122716 kB
Active:           360296 kB
Mem:          3.8G       3.7G       119M       5.7M        27M       3.2G

MemTotal:        4016004 kB
MemFree:          122716 kB
Active:           360288 kB
Mem:          3.8G       3.7G       120M       5.7M        27M       3.2G

MemTotal:        4016004 kB
MemFree:          123072 kB
Active:           360292 kB
Mem:          3.8G       3.7G       119M       5.7M        27M       3.2G

MemTotal:        4016004 kB
MemFree:          122452 kB
Active:           360268 kB
Mem:          3.8G       3.7G       119M       5.7M        27M       3.2G

MemTotal:        4016004 kB
MemFree:          122576 kB
Active:           360316 kB
Mem:          3.8G       3.7G       119M       5.7M        27M       3.2G

MemTotal:        4016004 kB
MemFree:          122824 kB
Active:           360312 kB
Mem:          3.8G       3.7G       119M       5.7M        27M       3.2G

MemTotal:        4016004 kB
MemFree:          122700 kB
Active:           360292 kB
Mem:          3.8G       3.7G       119M       5.7M        27M       3.2G

MemTotal:        4016004 kB
MemFree:          122824 kB
Active:           360292 kB
Mem:          3.8G       3.7G       119M       5.7M        27M       3.2G

MemTotal:        4016004 kB
MemFree:          122824 kB
Active:           360288 kB
Mem:          3.8G       3.7G       119M       5.7M        27M       3.2G

MemTotal:        4016004 kB
MemFree:          122824 kB
Active:           360320 kB
Mem:          3.8G       3.7G       119M       5.7M        27M       3.2G

MemTotal:        4016004 kB
MemFree:          122700 kB
Active:           360324 kB
Mem:          3.8G       3.7G       119M       5.7M        27M       3.2G

MemTotal:        4016004 kB
MemFree:          122948 kB
Active:           360328 kB
Mem:          3.8G       3.7G       119M       5.7M        27M       3.2G

MemTotal:        4016004 kB
MemFree:          122700 kB
Active:           360320 kB
Mem:          3.8G       3.7G       119M       5.7M        27M       3.2G

MemTotal:        4016004 kB
MemFree:          122948 kB
Active:           360300 kB
Mem:          3.8G       3.7G       119M       5.7M        27M       3.2G

MemTotal:        4016004 kB
MemFree:          122824 kB
Active:           360312 kB
Mem:          3.8G       3.7G       119M       5.7M        27M       3.2G

MemTotal:        4016004 kB
MemFree:          122824 kB
Active:           360332 kB
Mem:          3.8G       3.7G       119M       5.7M        27M       3.2G

MemTotal:        4016004 kB
MemFree:          122452 kB
Active:           360360 kB
Mem:          3.8G       3.7G       119M       5.7M        27M       3.2G

MemTotal:        4016004 kB
MemFree:          122576 kB
Active:           360356 kB
Mem:          3.8G       3.7G       119M       5.7M        27M       3.2G

MemTotal:        4016004 kB
MemFree:          122700 kB
Active:           360304 kB
Mem:          3.8G       3.7G       119M       5.7M        27M       3.2G

MemTotal:        4016004 kB
MemFree:          122824 kB
Active:           360316 kB
Mem:          3.8G       3.7G       119M       5.7M        27M       3.2G

MemTotal:        4016004 kB
MemFree:          122700 kB
Active:           360320 kB
Mem:          3.8G       3.7G       119M       5.7M        27M       3.2G

MemTotal:        4016004 kB
MemFree:          122700 kB
Active:           360356 kB
Mem:          3.8G       3.7G       119M       5.7M        27M       3.2G

MemTotal:        4016004 kB
MemFree:          122576 kB
Active:           360340 kB
Mem:          3.8G       3.7G       119M       5.7M        27M       3.2G

MemTotal:        4016004 kB
MemFree:          122700 kB
Active:           360348 kB
Mem:          3.8G       3.7G       119M       5.7M        27M       3.2G

MemTotal:        4016004 kB
MemFree:          122204 kB
Active:           360316 kB
Mem:          3.8G       3.7G       119M       5.7M        27M       3.2G

MemTotal:        4016004 kB
MemFree:          122328 kB
Active:           360332 kB
Mem:          3.8G       3.7G       119M       5.7M        27M       3.2G

MemTotal:        4016004 kB
MemFree:          122296 kB
Active:           360340 kB
Mem:          3.8G       3.7G       119M       5.7M        27M       3.2G

MemTotal:        4016004 kB
MemFree:          122328 kB
Active:           360356 kB
Mem:          3.8G       3.7G       119M       5.7M        27M       3.2G

MemTotal:        4016004 kB
MemFree:          122188 kB
Active:           360380 kB
Mem:          3.8G       3.7G       119M       5.7M        27M       3.2G

MemTotal:        4016004 kB
MemFree:          122700 kB
Active:           360364 kB
Mem:          3.8G       3.7G       119M       5.7M        27M       3.2G

MemTotal:        4016004 kB
MemFree:          122576 kB
Active:           360364 kB
Mem:          3.8G       3.7G       119M       5.7M        27M       3.2G

MemTotal:        4016004 kB
MemFree:          122204 kB
Active:           360388 kB
Mem:          3.8G       3.7G       119M       5.7M        27M       3.2G

MemTotal:        4016004 kB
MemFree:          122452 kB
Active:           360340 kB
Mem:          3.8G       3.7G       119M       5.7M        27M       3.2G

MemTotal:        4016004 kB
MemFree:          122700 kB
Active:           360336 kB
Mem:          3.8G       3.7G       119M       5.7M        27M       3.2G

MemTotal:        4016004 kB
MemFree:          122576 kB
Active:           360352 kB
