MemTotal:        4016004 kB
MemFree:         3230544 kB
Active:           432612 kB
Mem:          3.8G       767M       3.1G       5.7M        52M       323M

MemTotal:        4016004 kB
MemFree:         3230132 kB
Active:           433100 kB
Mem:          3.8G       767M       3.1G       5.7M        52M       323M

MemTotal:        4016004 kB
MemFree:         3230100 kB
Active:           433196 kB
Mem:          3.8G       767M       3.1G       5.7M        52M       323M

MemTotal:        4016004 kB
MemFree:         3229960 kB
Active:           433184 kB
Mem:          3.8G       768M       3.1G       5.7M        52M       323M

MemTotal:        4016004 kB
MemFree:         3229216 kB
Active:           433196 kB
Mem:          3.8G       768M       3.1G       5.7M        52M       323M

MemTotal:        4016004 kB
MemFree:         3229696 kB
Active:           433164 kB
Mem:          3.8G       767M       3.1G       5.7M        52M       323M

MemTotal:        4016004 kB
MemFree:         3229556 kB
Active:           433220 kB
Mem:          3.8G       767M       3.1G       5.7M        52M       323M

MemTotal:        4016004 kB
MemFree:         3229308 kB
Active:           433216 kB
Mem:          3.8G       768M       3.1G       5.7M        52M       323M

MemTotal:        4016004 kB
MemFree:         3229416 kB
Active:           433180 kB
Mem:          3.8G       768M       3.1G       5.7M        52M       323M

MemTotal:        4016004 kB
MemFree:         3229540 kB
Active:           433200 kB
Mem:          3.8G       768M       3.1G       5.7M        52M       323M

MemTotal:        4016004 kB
MemFree:         3229044 kB
Active:           433220 kB
Mem:          3.8G       768M       3.1G       5.7M        52M       323M

MemTotal:        4016004 kB
MemFree:         3229168 kB
Active:           433164 kB
Mem:          3.8G       768M       3.1G       5.7M        52M       323M

MemTotal:        4016004 kB
MemFree:         3229292 kB
Active:           433172 kB
Mem:          3.8G       768M       3.1G       5.7M        52M       323M

MemTotal:        4016004 kB
MemFree:         3228672 kB
Active:           433220 kB
Mem:          3.8G       768M       3.1G       5.7M        52M       323M

MemTotal:        4016004 kB
MemFree:         3227276 kB
Active:           433220 kB
Mem:          3.8G       770M       3.1G       5.7M        52M       323M

MemTotal:        4016004 kB
MemFree:         3227276 kB
Active:           435196 kB
Mem:          3.8G       770M       3.1G       5.7M        52M       323M

MemTotal:        4016004 kB
MemFree:         3227400 kB
Active:           435212 kB
Mem:          3.8G       770M       3.1G       5.7M        52M       323M

MemTotal:        4016004 kB
MemFree:         3226904 kB
Active:           435248 kB
Mem:          3.8G       770M       3.1G       5.7M        52M       323M

MemTotal:        4016004 kB
MemFree:         3227152 kB
Active:           435244 kB
Mem:          3.8G       770M       3.1G       5.7M        52M       323M

MemTotal:        4016004 kB
MemFree:         3227492 kB
Active:           435196 kB
Mem:          3.8G       770M       3.1G       5.7M        52M       323M

MemTotal:        4016004 kB
MemFree:         3227120 kB
Active:           435256 kB
Mem:          3.8G       770M       3.1G       5.7M        52M       323M

MemTotal:        4016004 kB
MemFree:         3227988 kB
Active:           435208 kB
Mem:          3.8G       769M       3.1G       5.7M        52M       323M

MemTotal:        4016004 kB
MemFree:         3227740 kB
Active:           435232 kB
Mem:          3.8G       769M       3.1G       5.7M        52M       323M

MemTotal:        4016004 kB
MemFree:         3227864 kB
Active:           435252 kB
Mem:          3.8G       769M       3.1G       5.7M        52M       323M

MemTotal:        4016004 kB
MemFree:         3227476 kB
Active:           435224 kB
Mem:          3.8G       770M       3.1G       5.7M        52M       323M

MemTotal:        4016004 kB
MemFree:         3227352 kB
Active:           435228 kB
Mem:          3.8G       770M       3.1G       5.7M        52M       323M

MemTotal:        4016004 kB
MemFree:         3227460 kB
Active:           435256 kB
Mem:          3.8G       770M       3.1G       5.7M        52M       323M

MemTotal:        4016004 kB
MemFree:         3227320 kB
Active:           435268 kB
Mem:          3.8G       770M       3.1G       5.7M        52M       323M

MemTotal:        4016004 kB
MemFree:         3227460 kB
Active:           435220 kB
Mem:          3.8G       770M       3.1G       5.7M        52M       323M

MemTotal:        4016004 kB
MemFree:         3227460 kB
Active:           435236 kB
Mem:          3.8G       770M       3.1G       5.7M        52M       323M

MemTotal:        4016004 kB
MemFree:         3227460 kB
Active:           435236 kB
Mem:          3.8G       770M       3.1G       5.7M        52M       323M

MemTotal:        4016004 kB
MemFree:         3227212 kB
Active:           435280 kB
Mem:          3.8G       770M       3.1G       5.7M        52M       323M

MemTotal:        4016004 kB
MemFree:         3227460 kB
Active:           435264 kB
Mem:          3.8G       770M       3.1G       5.7M        52M       323M

MemTotal:        4016004 kB
MemFree:         3227584 kB
Active:           435236 kB
Mem:          3.8G       770M       3.1G       5.7M        52M       323M

MemTotal:        4016004 kB
MemFree:         3225164 kB
Active:           435288 kB
Mem:          3.8G       772M       3.1G       5.7M        52M       323M

MemTotal:        4016004 kB
MemFree:         3225412 kB
Active:           437292 kB
Mem:          3.8G       772M       3.1G       5.7M        52M       323M

MemTotal:        4016004 kB
MemFree:         3225164 kB
Active:           437300 kB
Mem:          3.8G       772M       3.1G       5.7M        52M       323M

MemTotal:        4016004 kB
MemFree:         3225536 kB
Active:           437264 kB
Mem:          3.8G       771M       3.1G       5.7M        52M       323M

MemTotal:        4016004 kB
MemFree:         3225660 kB
Active:           437316 kB
Mem:          3.8G       771M       3.1G       5.7M        52M       323M

MemTotal:        4016004 kB
MemFree:         3226156 kB
Active:           437260 kB
Mem:          3.8G       771M       3.1G       5.7M        52M       323M

MemTotal:        4016004 kB
MemFree:         3226096 kB
Active:           437272 kB
Mem:          3.8G       771M       3.1G       5.7M        52M       323M

MemTotal:        4016004 kB
MemFree:         3225724 kB
Active:           437324 kB
Mem:          3.8G       771M       3.1G       5.7M        52M       323M

MemTotal:        4016004 kB
MemFree:         3226096 kB
Active:           437316 kB
Mem:          3.8G       771M       3.1G       5.7M        52M       323M

MemTotal:        4016004 kB
MemFree:         3225848 kB
Active:           437276 kB
Mem:          3.8G       771M       3.1G       5.7M        52M       323M

MemTotal:        4016004 kB
MemFree:         3224604 kB
Active:           435336 kB
Mem:          3.8G       772M       3.1G       5.7M        52M       323M

MemTotal:        4016004 kB
MemFree:         3224788 kB
Active:           437316 kB
Mem:          3.8G       772M       3.1G       5.7M        52M       323M

MemTotal:        4016004 kB
MemFree:         3224788 kB
Active:           437324 kB
Mem:          3.8G       772M       3.1G       5.7M        52M       323M

MemTotal:        4016004 kB
MemFree:         3225036 kB
Active:           437316 kB
Mem:          3.8G       772M       3.1G       5.7M        52M       323M

MemTotal:        4016004 kB
MemFree:         3224912 kB
Active:           437312 kB
Mem:          3.8G       772M       3.1G       5.7M        52M       323M

MemTotal:        4016004 kB
MemFree:         3225036 kB
Active:           437328 kB
Mem:          3.8G       772M       3.1G       5.7M        52M       323M

MemTotal:        4016004 kB
MemFree:         3225284 kB
Active:           437336 kB
Mem:          3.8G       772M       3.1G       5.7M        52M       323M

MemTotal:        4016004 kB
MemFree:         3225268 kB
Active:           437328 kB
Mem:          3.8G       772M       3.1G       5.7M        52M       323M

MemTotal:        4016004 kB
MemFree:         3225252 kB
Active:           437336 kB
Mem:          3.8G       772M       3.1G       5.7M        52M       323M

MemTotal:        4016004 kB
MemFree:         3224988 kB
Active:           437348 kB
Mem:          3.8G       772M       3.1G       5.7M        52M       323M

MemTotal:        4016004 kB
MemFree:         3225060 kB
Active:           435460 kB
Mem:          3.8G       772M       3.1G       5.7M        52M       323M

MemTotal:        4016004 kB
MemFree:         3225064 kB
Active:           437324 kB
Mem:          3.8G       772M       3.1G       5.7M        52M       323M

MemTotal:        4016004 kB
MemFree:         3224940 kB
Active:           437316 kB
Mem:          3.8G       772M       3.1G       5.7M        52M       323M

MemTotal:        4016004 kB
MemFree:         3224940 kB
Active:           437324 kB
Mem:          3.8G       772M       3.1G       5.7M        52M       323M

MemTotal:        4016004 kB
MemFree:         3225020 kB
Active:           437344 kB
Mem:          3.8G       772M       3.1G       5.7M        52M       323M

MemTotal:        4016004 kB
MemFree:         3225144 kB
Active:           437340 kB
Mem:          3.8G       772M       3.1G       5.7M        52M       323M

MemTotal:        4016004 kB
MemFree:         3225392 kB
Active:           437376 kB
Mem:          3.8G       772M       3.1G       5.7M        52M       323M

MemTotal:        4016004 kB
MemFree:         3225268 kB
Active:           437336 kB
Mem:          3.8G       772M       3.1G       5.7M        52M       323M

MemTotal:        4016004 kB
MemFree:         3225268 kB
Active:           437328 kB
Mem:          3.8G       771M       3.1G       5.7M        52M       323M

MemTotal:        4016004 kB
MemFree:         3225268 kB
Active:           437376 kB
Mem:          3.8G       772M       3.1G       5.7M        52M       323M

MemTotal:        4016004 kB
MemFree:         3225516 kB
Active:           437348 kB
Mem:          3.8G       771M       3.1G       5.7M        52M       323M

MemTotal:        4016004 kB
MemFree:         3225268 kB
Active:           437384 kB
Mem:          3.8G       772M       3.1G       5.7M        52M       323M

MemTotal:        4016004 kB
MemFree:         3224772 kB
Active:           437384 kB
Mem:          3.8G       772M       3.1G       5.7M        52M       323M

MemTotal:        4016004 kB
MemFree:         3225144 kB
Active:           437360 kB
Mem:          3.8G       772M       3.1G       5.7M        52M       323M

MemTotal:        4016004 kB
MemFree:         3225516 kB
Active:           437360 kB
Mem:          3.8G       771M       3.1G       5.7M        52M       323M

MemTotal:        4016004 kB
MemFree:         3225144 kB
Active:           437384 kB
Mem:          3.8G       772M       3.1G       5.7M        52M       323M

MemTotal:        4016004 kB
MemFree:         3225640 kB
Active:           437372 kB
Mem:          3.8G       771M       3.1G       5.7M        52M       323M

MemTotal:        4016004 kB
MemFree:         3225516 kB
Active:           437368 kB
Mem:          3.8G       771M       3.1G       5.7M        52M       323M

MemTotal:        4016004 kB
MemFree:         3225268 kB
Active:           437388 kB
Mem:          3.8G       771M       3.1G       5.7M        52M       323M

MemTotal:        4016004 kB
MemFree:         3225500 kB
Active:           437348 kB
Mem:          3.8G       771M       3.1G       5.7M        52M       323M

MemTotal:        4016004 kB
MemFree:         3225608 kB
Active:           437368 kB
Mem:          3.8G       772M       3.1G       5.7M        52M       323M

MemTotal:        4016004 kB
MemFree:         3225716 kB
Active:           437368 kB
Mem:          3.8G       771M       3.1G       5.7M        52M       323M

MemTotal:        4016004 kB
MemFree:         3225716 kB
Active:           437392 kB
Mem:          3.8G       771M       3.1G       5.7M        52M       323M

MemTotal:        4016004 kB
MemFree:         3225344 kB
Active:           437392 kB
Mem:          3.8G       772M       3.1G       5.7M        52M       323M

MemTotal:        4016004 kB
MemFree:         3225204 kB
Active:           437340 kB
Mem:          3.8G       772M       3.1G       5.7M        52M       323M

MemTotal:        4016004 kB
MemFree:         3224832 kB
Active:           437396 kB
Mem:          3.8G       772M       3.1G       5.7M        52M       323M

MemTotal:        4016004 kB
MemFree:         3225204 kB
Active:           437388 kB
Mem:          3.8G       772M       3.1G       5.7M        52M       323M

MemTotal:        4016004 kB
MemFree:         3225312 kB
Active:           437348 kB
Mem:          3.8G       772M       3.1G       5.7M        52M       323M

MemTotal:        4016004 kB
MemFree:         3225544 kB
Active:           437348 kB
Mem:          3.8G       772M       3.1G       5.7M        52M       323M

MemTotal:        4016004 kB
MemFree:         3225280 kB
Active:           437408 kB
Mem:          3.8G       772M       3.1G       5.7M        52M       323M

MemTotal:        4016004 kB
MemFree:         3223232 kB
Active:           437396 kB
Mem:          3.8G       773M       3.1G       5.7M        52M       323M

MemTotal:        4016004 kB
MemFree:         3223712 kB
Active:           439404 kB
Mem:          3.8G       774M       3.1G       5.7M        52M       323M

MemTotal:        4016004 kB
MemFree:         3223572 kB
Active:           439420 kB
Mem:          3.8G       773M       3.1G       5.7M        52M       323M

MemTotal:        4016004 kB
MemFree:         3223556 kB
Active:           439404 kB
Mem:          3.8G       774M       3.1G       5.7M        52M       323M

MemTotal:        4016004 kB
MemFree:         3223432 kB
Active:           439428 kB
Mem:          3.8G       773M       3.1G       5.7M        52M       323M

MemTotal:        4016004 kB
MemFree:         3223076 kB
Active:           439440 kB
Mem:          3.8G       774M       3.1G       5.7M        52M       323M

MemTotal:        4016004 kB
MemFree:         3222952 kB
Active:           439444 kB
Mem:          3.8G       774M       3.1G       5.7M        52M       323M

MemTotal:        4016004 kB
MemFree:         3223200 kB
Active:           439424 kB
Mem:          3.8G       774M       3.1G       5.7M        52M       323M

MemTotal:        4016004 kB
MemFree:         3223076 kB
Active:           439416 kB
Mem:          3.8G       774M       3.1G       5.7M        52M       323M

MemTotal:        4016004 kB
MemFree:         3223448 kB
Active:           439416 kB
Mem:          3.8G       773M       3.1G       5.7M        52M       323M

MemTotal:        4016004 kB
MemFree:         3223324 kB
Active:           439392 kB
Mem:          3.8G       774M       3.1G       5.7M        52M       323M

MemTotal:        4016004 kB
MemFree:         3223324 kB
Active:           439416 kB
Mem:          3.8G       774M       3.1G       5.7M        52M       323M

MemTotal:        4016004 kB
MemFree:         3223448 kB
Active:           439440 kB
Mem:          3.8G       774M       3.1G       5.7M        52M       323M

MemTotal:        4016004 kB
MemFree:         3223448 kB
Active:           439392 kB
Mem:          3.8G       774M       3.1G       5.7M        52M       324M

MemTotal:        4016004 kB
MemFree:         3223544 kB
Active:           439412 kB
Mem:          3.8G       773M       3.1G       5.7M        52M       324M

MemTotal:        4016004 kB
MemFree:         3223668 kB
Active:           439416 kB
Mem:          3.8G       774M       3.1G       5.7M        52M       324M

MemTotal:        4016004 kB
MemFree:         3223216 kB
Active:           439800 kB
Mem:          3.8G       774M       3.1G       5.7M        52M       324M

MemTotal:        4016004 kB
MemFree:         3178752 kB
Active:           440856 kB
Mem:          3.8G       818M       3.0G       5.7M        52M       365M

MemTotal:        4016004 kB
MemFree:         3132992 kB
Active:           440884 kB
Mem:          3.8G       864M       3.0G       5.7M        52M       410M

MemTotal:        4016004 kB
MemFree:         3086132 kB
Active:           440928 kB
Mem:          3.8G       907M       2.9G       5.7M        52M       453M

MemTotal:        4016004 kB
MemFree:         3039908 kB
Active:           440908 kB
Mem:          3.8G       953M       2.9G       5.7M        52M       497M

MemTotal:        4016004 kB
MemFree:         2995652 kB
Active:           440992 kB
Mem:          3.8G       998M       2.9G       5.7M        52M       542M

MemTotal:        4016004 kB
MemFree:         2949304 kB
Active:           440972 kB
Mem:          3.8G       1.0G       2.8G       5.7M        52M       585M

MemTotal:        4016004 kB
MemFree:         2903064 kB
Active:           441044 kB
Mem:          3.8G       1.1G       2.8G       5.7M        52M       630M

MemTotal:        4016004 kB
MemFree:         2858080 kB
Active:           441064 kB
Mem:          3.8G       1.1G       2.7G       5.7M        52M       674M

MemTotal:        4016004 kB
MemFree:         2812540 kB
Active:           441072 kB
Mem:          3.8G       1.1G       2.7G       5.7M        52M       718M

MemTotal:        4016004 kB
MemFree:         2765920 kB
Active:           441092 kB
Mem:          3.8G       1.2G       2.6G       5.7M        52M       761M

MemTotal:        4016004 kB
MemFree:         2721468 kB
Active:           441136 kB
Mem:          3.8G       1.2G       2.6G       5.7M        52M       803M

MemTotal:        4016004 kB
MemFree:         2684840 kB
Active:           441112 kB
Mem:          3.8G       1.3G       2.6G       5.7M        52M       841M

MemTotal:        4016004 kB
MemFree:         2638368 kB
Active:           441136 kB
Mem:          3.8G       1.3G       2.5G       5.7M        53M       884M

MemTotal:        4016004 kB
MemFree:         2592104 kB
Active:           443264 kB
Mem:          3.8G       1.4G       2.5G       5.7M        53M       926M

MemTotal:        4016004 kB
MemFree:         2547816 kB
Active:           443224 kB
Mem:          3.8G       1.4G       2.4G       5.7M        53M       971M

MemTotal:        4016004 kB
MemFree:         2501900 kB
Active:           443288 kB
Mem:          3.8G       1.4G       2.4G       5.7M        53M       1.0G

MemTotal:        4016004 kB
MemFree:         2501280 kB
Active:           443300 kB
Mem:          3.8G       1.4G       2.4G       5.7M        53M       1.0G

MemTotal:        4016004 kB
MemFree:         2501348 kB
Active:           443344 kB
Mem:          3.8G       1.4G       2.4G       5.7M        53M       1.0G

MemTotal:        4016004 kB
MemFree:         2455796 kB
Active:           443356 kB
Mem:          3.8G       1.5G       2.3G       5.7M        53M       1.0G

MemTotal:        4016004 kB
MemFree:         2411168 kB
Active:           443376 kB
Mem:          3.8G       1.5G       2.3G       5.7M        53M       1.1G

MemTotal:        4016004 kB
MemFree:         2365440 kB
Active:           443404 kB
Mem:          3.8G       1.6G       2.3G       5.7M        53M       1.1G

MemTotal:        4016004 kB
MemFree:         2318704 kB
Active:           443436 kB
Mem:          3.8G       1.6G       2.2G       5.7M        53M       1.2G

MemTotal:        4016004 kB
MemFree:         2274108 kB
Active:           443400 kB
Mem:          3.8G       1.7G       2.2G       5.7M        53M       1.2G

MemTotal:        4016004 kB
MemFree:         2226976 kB
Active:           441704 kB
Mem:          3.8G       1.7G       2.1G       5.7M        53M       1.2G

MemTotal:        4016004 kB
MemFree:         2180712 kB
Active:           443540 kB
Mem:          3.8G       1.8G       2.1G       5.7M        53M       1.3G

MemTotal:        4016004 kB
MemFree:         2137648 kB
Active:           443576 kB
Mem:          3.8G       1.8G       2.0G       5.7M        53M       1.3G

MemTotal:        4016004 kB
MemFree:         2091844 kB
Active:           443560 kB
Mem:          3.8G       1.8G       2.0G       5.7M        53M       1.4G

MemTotal:        4016004 kB
MemFree:         2047400 kB
Active:           443600 kB
Mem:          3.8G       1.9G       2.0G       5.7M        53M       1.4G

MemTotal:        4016004 kB
MemFree:         2001592 kB
Active:           443704 kB
Mem:          3.8G       1.9G       1.9G       5.7M        53M       1.5G

MemTotal:        4016004 kB
MemFree:         1956088 kB
Active:           443748 kB
Mem:          3.8G       2.0G       1.9G       5.7M        53M       1.5G

MemTotal:        4016004 kB
MemFree:         1909804 kB
Active:           443780 kB
Mem:          3.8G       2.0G       1.8G       5.7M        53M       1.5G

MemTotal:        4016004 kB
MemFree:         1863816 kB
Active:           443808 kB
Mem:          3.8G       2.1G       1.8G       5.7M        53M       1.6G

MemTotal:        4016004 kB
MemFree:         1819924 kB
Active:           443760 kB
Mem:          3.8G       2.1G       1.7G       5.7M        53M       1.6G

MemTotal:        4016004 kB
MemFree:         1773808 kB
Active:           443796 kB
Mem:          3.8G       2.1G       1.7G       5.7M        53M       1.7G

MemTotal:        4016004 kB
MemFree:         1727072 kB
Active:           443876 kB
Mem:          3.8G       2.2G       1.6G       5.7M        53M       1.7G

MemTotal:        4016004 kB
MemFree:         1682088 kB
Active:           443904 kB
Mem:          3.8G       2.2G       1.6G       5.7M        53M       1.8G

MemTotal:        4016004 kB
MemFree:         1635988 kB
Active:           443936 kB
Mem:          3.8G       2.3G       1.6G       5.7M        53M       1.8G

MemTotal:        4016004 kB
MemFree:         1590624 kB
Active:           443960 kB
Mem:          3.8G       2.3G       1.5G       5.7M        53M       1.8G

MemTotal:        4016004 kB
MemFree:         1545832 kB
Active:           443936 kB
Mem:          3.8G       2.4G       1.5G       5.7M        53M       1.9G

MemTotal:        4016004 kB
MemFree:         1499300 kB
Active:           444044 kB
Mem:          3.8G       2.4G       1.4G       5.7M        53M       1.9G

MemTotal:        4016004 kB
MemFree:         1453340 kB
Active:           444036 kB
Mem:          3.8G       2.4G       1.4G       5.7M        53M       2.0G

MemTotal:        4016004 kB
MemFree:         1408480 kB
Active:           444032 kB
Mem:          3.8G       2.5G       1.3G       5.7M        53M       2.0G

MemTotal:        4016004 kB
MemFree:         1362748 kB
Active:           444132 kB
Mem:          3.8G       2.5G       1.3G       5.7M        53M       2.1G

MemTotal:        4016004 kB
MemFree:         1318524 kB
Active:           444136 kB
Mem:          3.8G       2.6G       1.3G       5.7M        53M       2.1G

MemTotal:        4016004 kB
MemFree:         1272992 kB
Active:           444240 kB
Mem:          3.8G       2.6G       1.2G       5.7M        53M       2.1G

MemTotal:        4016004 kB
MemFree:         1229892 kB
Active:           444300 kB
Mem:          3.8G       2.7G       1.2G       5.7M        53M       2.2G

MemTotal:        4016004 kB
MemFree:         1227180 kB
Active:           444288 kB
Mem:          3.8G       2.7G       1.2G       5.7M        53M       2.2G

MemTotal:        4016004 kB
MemFree:         1180924 kB
Active:           444360 kB
Mem:          3.8G       2.7G       1.1G       5.7M        53M       2.2G

MemTotal:        4016004 kB
MemFree:         1136484 kB
Active:           444388 kB
Mem:          3.8G       2.7G       1.1G       5.7M        53M       2.3G

MemTotal:        4016004 kB
MemFree:         1090260 kB
Active:           444356 kB
Mem:          3.8G       2.8G       1.0G       5.7M        53M       2.3G

MemTotal:        4016004 kB
MemFree:         1045400 kB
Active:           444424 kB
Mem:          3.8G       2.8G       1.0G       5.7M        53M       2.4G

MemTotal:        4016004 kB
MemFree:          999532 kB
Active:           444456 kB
Mem:          3.8G       2.9G       975M       5.7M        53M       2.4G

MemTotal:        4016004 kB
MemFree:          952524 kB
Active:           444440 kB
Mem:          3.8G       2.9G       929M       5.7M        53M       2.4G

MemTotal:        4016004 kB
MemFree:          907112 kB
Active:           442540 kB
Mem:          3.8G       3.0G       885M       5.7M        54M       2.5G

MemTotal:        4016004 kB
MemFree:          861420 kB
Active:           442492 kB
Mem:          3.8G       3.0G       840M       5.7M        54M       2.5G

MemTotal:        4016004 kB
MemFree:          815304 kB
Active:           444536 kB
Mem:          3.8G       3.1G       795M       5.7M        54M       2.6G

MemTotal:        4016004 kB
MemFree:          785196 kB
Active:           444600 kB
Mem:          3.8G       3.1G       766M       5.7M        54M       2.6G

MemTotal:        4016004 kB
MemFree:          767592 kB
Active:           444608 kB
Mem:          3.8G       3.1G       748M       5.7M        54M       2.6G

MemTotal:        4016004 kB
MemFree:          722748 kB
Active:           444636 kB
Mem:          3.8G       3.1G       703M       5.7M        54M       2.7G

MemTotal:        4016004 kB
MemFree:          676432 kB
Active:           444664 kB
Mem:          3.8G       3.2G       660M       5.7M        54M       2.7G

MemTotal:        4016004 kB
MemFree:          631964 kB
Active:           444688 kB
Mem:          3.8G       3.2G       615M       5.7M        54M       2.7G

MemTotal:        4016004 kB
MemFree:          585440 kB
Active:           444672 kB
Mem:          3.8G       3.3G       570M       5.7M        54M       2.8G

MemTotal:        4016004 kB
MemFree:          582872 kB
Active:           444732 kB
Mem:          3.8G       3.3G       569M       5.7M        54M       2.8G

MemTotal:        4016004 kB
MemFree:          582996 kB
Active:           444744 kB
Mem:          3.8G       3.3G       569M       5.7M        54M       2.8G

MemTotal:        4016004 kB
MemFree:          581068 kB
Active:           444696 kB
Mem:          3.8G       3.3G       565M       5.7M        54M       2.8G

MemTotal:        4016004 kB
MemFree:          535636 kB
Active:           444720 kB
Mem:          3.8G       3.3G       522M       5.7M        54M       2.8G

MemTotal:        4016004 kB
MemFree:          489040 kB
Active:           444768 kB
Mem:          3.8G       3.4G       476M       5.7M        54M       2.9G

MemTotal:        4016004 kB
MemFree:          445652 kB
Active:           444804 kB
Mem:          3.8G       3.4G       434M       5.7M        54M       2.9G

MemTotal:        4016004 kB
MemFree:          400792 kB
Active:           444832 kB
Mem:          3.8G       3.4G       390M       5.7M        54M       3.0G

MemTotal:        4016004 kB
MemFree:          354692 kB
Active:           444852 kB
Mem:          3.8G       3.5G       345M       5.7M        54M       3.0G

MemTotal:        4016004 kB
MemFree:          309832 kB
Active:           444880 kB
Mem:          3.8G       3.5G       300M       5.7M        54M       3.0G

MemTotal:        4016004 kB
MemFree:          263732 kB
Active:           444844 kB
Mem:          3.8G       3.6G       257M       5.7M        54M       3.1G

MemTotal:        4016004 kB
MemFree:          217924 kB
Active:           444928 kB
Mem:          3.8G       3.6G       211M       5.7M        54M       3.1G

MemTotal:        4016004 kB
MemFree:          172352 kB
Active:           444968 kB
Mem:          3.8G       3.7G       166M       5.7M        54M       3.2G

MemTotal:        4016004 kB
MemFree:          126004 kB
Active:           444992 kB
Mem:          3.8G       3.7G       122M       5.7M        54M       3.2G

MemTotal:        4016004 kB
MemFree:          116916 kB
Active:           442712 kB
Mem:          3.8G       3.7G       131M       5.7M        21M       3.2G

MemTotal:        4016004 kB
MemFree:          111360 kB
Active:           451952 kB
Mem:          3.8G       3.7G       108M       5.7M        21M       3.3G

MemTotal:        4016004 kB
MemFree:          157212 kB
Active:           502692 kB
Mem:          3.8G       3.7G       132M       5.7M        21M       3.2G

MemTotal:        4016004 kB
MemFree:          122488 kB
Active:           489264 kB
Mem:          3.8G       3.7G       119M       5.7M        21M       3.3G

MemTotal:        4016004 kB
MemFree:          132616 kB
Active:           482908 kB
Mem:          3.8G       3.7G       127M       5.7M        21M       3.2G

MemTotal:        4016004 kB
MemFree:          122104 kB
Active:           477692 kB
Mem:          3.8G       3.7G       119M       5.7M        21M       3.3G

MemTotal:        4016004 kB
MemFree:          112520 kB
Active:           476156 kB
Mem:          3.8G       3.7G       107M       5.7M        21M       3.3G

MemTotal:        4016004 kB
MemFree:          120980 kB
Active:           471316 kB
Mem:          3.8G       3.7G       117M       5.7M        21M       3.3G

MemTotal:        4016004 kB
MemFree:          112152 kB
Active:           467884 kB
Mem:          3.8G       3.7G       108M       5.7M        21M       3.3G

MemTotal:        4016004 kB
MemFree:          125260 kB
Active:           462144 kB
Mem:          3.8G       3.7G       121M       5.7M        21M       3.2G

MemTotal:        4016004 kB
MemFree:          118920 kB
Active:           462120 kB
Mem:          3.8G       3.7G       116M       5.7M        21M       3.3G

MemTotal:        4016004 kB
MemFree:          107916 kB
Active:           459096 kB
Mem:          3.8G       3.7G       105M       5.7M        21M       3.3G

MemTotal:        4016004 kB
MemFree:          135652 kB
Active:           454592 kB
Mem:          3.8G       3.7G       131M       5.7M        21M       3.2G

MemTotal:        4016004 kB
MemFree:          126992 kB
Active:           451444 kB
Mem:          3.8G       3.7G       123M       5.7M        21M       3.2G

MemTotal:        4016004 kB
MemFree:          130412 kB
Active:           447816 kB
Mem:          3.8G       3.7G       126M       5.7M        21M       3.2G

MemTotal:        4016004 kB
MemFree:          122528 kB
Active:           446788 kB
Mem:          3.8G       3.7G       118M       5.7M        21M       3.3G

MemTotal:        4016004 kB
MemFree:          114152 kB
Active:           446268 kB
Mem:          3.8G       3.7G       110M       5.7M        21M       3.3G

MemTotal:        4016004 kB
MemFree:          115084 kB
Active:           444248 kB
Mem:          3.8G       3.7G       111M       5.7M        22M       3.3G

MemTotal:        4016004 kB
MemFree:          119376 kB
Active:           442652 kB
Mem:          3.8G       3.7G       115M       5.7M        22M       3.3G

MemTotal:        4016004 kB
MemFree:          109608 kB
Active:           441348 kB
Mem:          3.8G       3.7G       106M       5.7M        22M       3.3G

MemTotal:        4016004 kB
MemFree:          125568 kB
Active:           439620 kB
Mem:          3.8G       3.7G       121M       5.7M        22M       3.3G

MemTotal:        4016004 kB
MemFree:          134448 kB
Active:           437484 kB
Mem:          3.8G       3.7G       130M       5.7M        22M       3.2G

MemTotal:        4016004 kB
MemFree:          135600 kB
Active:           433552 kB
Mem:          3.8G       3.7G       131M       5.7M        22M       3.2G

MemTotal:        4016004 kB
MemFree:          133692 kB
Active:           432196 kB
Mem:          3.8G       3.7G       128M       5.7M        22M       3.2G

MemTotal:        4016004 kB
MemFree:          135984 kB
Active:           428556 kB
Mem:          3.8G       3.7G       130M       5.7M        22M       3.2G

MemTotal:        4016004 kB
MemFree:          138260 kB
Active:           426924 kB
Mem:          3.8G       3.7G       134M       5.7M        22M       3.2G

MemTotal:        4016004 kB
MemFree:          127472 kB
Active:           426004 kB
Mem:          3.8G       3.7G       125M       5.7M        22M       3.2G

MemTotal:        4016004 kB
MemFree:          133080 kB
Active:           424232 kB
Mem:          3.8G       3.7G       129M       5.7M        22M       3.2G

MemTotal:        4016004 kB
MemFree:          125860 kB
Active:           423132 kB
Mem:          3.8G       3.7G       121M       5.7M        22M       3.2G

MemTotal:        4016004 kB
MemFree:          127836 kB
Active:           421516 kB
Mem:          3.8G       3.7G       123M       5.7M        22M       3.2G

MemTotal:        4016004 kB
MemFree:          129740 kB
Active:           419868 kB
Mem:          3.8G       3.7G       125M       5.7M        22M       3.2G

MemTotal:        4016004 kB
MemFree:          128904 kB
Active:           419780 kB
Mem:          3.8G       3.7G       125M       5.7M        22M       3.2G

MemTotal:        4016004 kB
MemFree:          118264 kB
Active:           419680 kB
Mem:          3.8G       3.7G       114M       5.7M        22M       3.3G

MemTotal:        4016004 kB
MemFree:          109164 kB
Active:           418776 kB
Mem:          3.8G       3.7G       104M       5.7M        22M       3.3G

MemTotal:        4016004 kB
MemFree:          123800 kB
Active:           417008 kB
Mem:          3.8G       3.7G       125M       5.7M        22M       3.2G

MemTotal:        4016004 kB
MemFree:          109684 kB
Active:           415624 kB
Mem:          3.8G       3.7G       106M       5.7M        22M       3.3G

MemTotal:        4016004 kB
MemFree:          127496 kB
Active:           414004 kB
Mem:          3.8G       3.7G       122M       5.7M        22M       3.2G

MemTotal:        4016004 kB
MemFree:          127524 kB
Active:           411964 kB
Mem:          3.8G       3.7G       123M       5.7M        22M       3.2G

MemTotal:        4016004 kB
MemFree:          120220 kB
Active:           410960 kB
Mem:          3.8G       3.7G       115M       5.7M        22M       3.3G

MemTotal:        4016004 kB
MemFree:          126976 kB
Active:           409320 kB
Mem:          3.8G       3.7G       123M       5.7M        22M       3.2G

MemTotal:        4016004 kB
MemFree:          124636 kB
Active:           407816 kB
Mem:          3.8G       3.7G       121M       5.7M        22M       3.2G

MemTotal:        4016004 kB
MemFree:          125588 kB
Active:           407172 kB
Mem:          3.8G       3.7G       121M       5.7M        22M       3.2G

MemTotal:        4016004 kB
MemFree:          119120 kB
Active:           405932 kB
Mem:          3.8G       3.7G       115M       5.7M        22M       3.3G

MemTotal:        4016004 kB
MemFree:          108268 kB
Active:           404816 kB
Mem:          3.8G       3.7G       105M       5.7M        22M       3.3G

MemTotal:        4016004 kB
MemFree:          110452 kB
Active:           402884 kB
Mem:          3.8G       3.7G       107M       5.7M        22M       3.3G

MemTotal:        4016004 kB
MemFree:          126032 kB
Active:           401112 kB
Mem:          3.8G       3.7G       122M       5.7M        22M       3.2G

MemTotal:        4016004 kB
MemFree:          110996 kB
Active:           398036 kB
Mem:          3.8G       3.7G       107M       5.7M        22M       3.3G

MemTotal:        4016004 kB
MemFree:          127044 kB
Active:           396440 kB
Mem:          3.8G       3.7G       123M       5.7M        22M       3.2G

MemTotal:        4016004 kB
MemFree:          123252 kB
Active:           394772 kB
Mem:          3.8G       3.7G       119M       5.7M        22M       3.3G

MemTotal:        4016004 kB
MemFree:          107820 kB
Active:           393808 kB
Mem:          3.8G       3.7G       105M       5.7M        22M       3.3G

MemTotal:        4016004 kB
MemFree:          127552 kB
Active:           391664 kB
Mem:          3.8G       3.7G       123M       5.7M        22M       3.2G

MemTotal:        4016004 kB
MemFree:          118588 kB
Active:           390628 kB
Mem:          3.8G       3.7G       115M       5.7M        22M       3.3G

MemTotal:        4016004 kB
MemFree:          127608 kB
Active:           388480 kB
Mem:          3.8G       3.7G       122M       5.7M        22M       3.2G

MemTotal:        4016004 kB
MemFree:          119040 kB
Active:           387520 kB
Mem:          3.8G       3.7G       115M       5.7M        22M       3.3G

MemTotal:        4016004 kB
MemFree:          110412 kB
Active:           386376 kB
Mem:          3.8G       3.7G       107M       5.7M        22M       3.3G

MemTotal:        4016004 kB
MemFree:          124380 kB
Active:           384596 kB
Mem:          3.8G       3.7G       125M       5.7M        22M       3.2G

MemTotal:        4016004 kB
MemFree:          128080 kB
Active:           383524 kB
Mem:          3.8G       3.7G       125M       5.7M        22M       3.2G

MemTotal:        4016004 kB
MemFree:          128056 kB
Active:           383520 kB
Mem:          3.8G       3.7G       125M       5.7M        22M       3.2G

MemTotal:        4016004 kB
MemFree:          123884 kB
Active:           383012 kB
Mem:          3.8G       3.7G       131M       5.7M        22M       3.2G

MemTotal:        4016004 kB
MemFree:          127500 kB
Active:           381380 kB
Mem:          3.8G       3.7G       123M       5.7M        22M       3.2G

MemTotal:        4016004 kB
MemFree:          142516 kB
Active:           379484 kB
Mem:          3.8G       3.7G       138M       5.7M        22M       3.2G

MemTotal:        4016004 kB
MemFree:          132856 kB
Active:           378996 kB
Mem:          3.8G       3.7G       128M       5.7M        22M       3.2G

MemTotal:        4016004 kB
MemFree:          112440 kB
Active:           378896 kB
Mem:          3.8G       3.7G       109M       5.7M        22M       3.3G

MemTotal:        4016004 kB
MemFree:          125020 kB
Active:           378784 kB
Mem:          3.8G       3.7G       122M       5.7M        23M       3.2G

MemTotal:        4016004 kB
MemFree:          148596 kB
Active:           378548 kB
Mem:          3.8G       3.7G       144M       5.7M        23M       3.2G

MemTotal:        4016004 kB
MemFree:          126776 kB
Active:           378580 kB
Mem:          3.8G       3.7G       123M       5.7M        23M       3.2G

MemTotal:        4016004 kB
MemFree:          125100 kB
Active:           378600 kB
Mem:          3.8G       3.7G       120M       5.7M        23M       3.2G

MemTotal:        4016004 kB
MemFree:          106036 kB
Active:           378616 kB
Mem:          3.8G       3.7G       111M       5.7M        23M       3.3G

MemTotal:        4016004 kB
MemFree:          127064 kB
Active:           378660 kB
Mem:          3.8G       3.7G       122M       5.7M        23M       3.2G

MemTotal:        4016004 kB
MemFree:          118288 kB
Active:           378680 kB
Mem:          3.8G       3.7G       115M       5.7M        23M       3.3G

MemTotal:        4016004 kB
MemFree:          116080 kB
Active:           378700 kB
Mem:          3.8G       3.7G       113M       5.7M        23M       3.3G

MemTotal:        4016004 kB
MemFree:          110844 kB
Active:           378632 kB
Mem:          3.8G       3.7G       107M       5.7M        23M       3.3G

MemTotal:        4016004 kB
MemFree:          125168 kB
Active:           378664 kB
Mem:          3.8G       3.7G       121M       5.7M        23M       3.2G

MemTotal:        4016004 kB
MemFree:          132584 kB
Active:           378676 kB
Mem:          3.8G       3.7G       128M       5.7M        23M       3.2G

MemTotal:        4016004 kB
MemFree:          124676 kB
Active:           378712 kB
Mem:          3.8G       3.7G       119M       5.7M        23M       3.2G

MemTotal:        4016004 kB
MemFree:          125448 kB
Active:           378732 kB
Mem:          3.8G       3.7G       122M       5.7M        23M       3.2G

MemTotal:        4016004 kB
MemFree:          130964 kB
Active:           378752 kB
Mem:          3.8G       3.7G       127M       5.7M        23M       3.2G

MemTotal:        4016004 kB
MemFree:          133892 kB
Active:           378724 kB
Mem:          3.8G       3.7G       129M       5.7M        23M       3.2G

MemTotal:        4016004 kB
MemFree:          112500 kB
Active:           378752 kB
Mem:          3.8G       3.7G       109M       5.7M        23M       3.3G

MemTotal:        4016004 kB
MemFree:          127504 kB
Active:           378768 kB
Mem:          3.8G       3.7G       123M       5.7M        23M       3.2G

MemTotal:        4016004 kB
MemFree:          106548 kB
Active:           378816 kB
Mem:          3.8G       3.7G       102M       5.7M        23M       3.3G

MemTotal:        4016004 kB
MemFree:          126540 kB
Active:           378864 kB
Mem:          3.8G       3.7G       122M       5.7M        23M       3.2G

MemTotal:        4016004 kB
MemFree:          136252 kB
Active:           378908 kB
Mem:          3.8G       3.7G       133M       5.7M        23M       3.2G

MemTotal:        4016004 kB
MemFree:          136812 kB
Active:           378896 kB
Mem:          3.8G       3.7G       133M       5.7M        23M       3.2G

MemTotal:        4016004 kB
MemFree:          113524 kB
Active:           378908 kB
Mem:          3.8G       3.7G       109M       5.7M        23M       3.3G

MemTotal:        4016004 kB
MemFree:          127440 kB
Active:           378872 kB
Mem:          3.8G       3.7G       124M       5.7M        23M       3.2G

MemTotal:        4016004 kB
MemFree:          106308 kB
Active:           380944 kB
Mem:          3.8G       3.7G       103M       5.7M        23M       3.3G

MemTotal:        4016004 kB
MemFree:          134460 kB
Active:           381000 kB
Mem:          3.8G       3.7G       129M       5.7M        23M       3.2G

MemTotal:        4016004 kB
MemFree:          119012 kB
Active:           380916 kB
Mem:          3.8G       3.7G       115M       5.7M        23M       3.2G

MemTotal:        4016004 kB
MemFree:          110516 kB
Active:           380628 kB
Mem:          3.8G       3.7G       106M       5.7M        23M       3.3G

MemTotal:        4016004 kB
MemFree:          118884 kB
Active:           380344 kB
Mem:          3.8G       3.7G       115M       5.7M        23M       3.3G

MemTotal:        4016004 kB
MemFree:          109240 kB
Active:           380364 kB
Mem:          3.8G       3.7G       105M       5.7M        23M       3.3G

MemTotal:        4016004 kB
MemFree:          110804 kB
Active:           380396 kB
Mem:          3.8G       3.7G       107M       5.7M        23M       3.3G

MemTotal:        4016004 kB
MemFree:          131612 kB
Active:           380372 kB
Mem:          3.8G       3.7G       128M       5.7M        23M       3.2G

MemTotal:        4016004 kB
MemFree:          134060 kB
Active:           380432 kB
Mem:          3.8G       3.7G       130M       5.7M        23M       3.2G

MemTotal:        4016004 kB
MemFree:          117548 kB
Active:           376484 kB
Mem:          3.8G       3.7G       114M       5.7M        23M       3.3G

MemTotal:        4016004 kB
MemFree:          107272 kB
Active:           376432 kB
Mem:          3.8G       3.7G       104M       5.7M        23M       3.3G

MemTotal:        4016004 kB
MemFree:          134752 kB
Active:           376500 kB
Mem:          3.8G       3.7G       130M       5.7M        23M       3.2G

MemTotal:        4016004 kB
MemFree:          121392 kB
Active:           376520 kB
Mem:          3.8G       3.7G       118M       5.7M        23M       3.2G

MemTotal:        4016004 kB
MemFree:          121112 kB
Active:           376488 kB
Mem:          3.8G       3.7G       117M       5.7M        23M       3.2G

MemTotal:        4016004 kB
MemFree:          124960 kB
Active:           376540 kB
Mem:          3.8G       3.7G       121M       5.7M        23M       3.2G

MemTotal:        4016004 kB
MemFree:          110116 kB
Active:           376588 kB
Mem:          3.8G       3.7G       107M       5.7M        23M       3.3G

MemTotal:        4016004 kB
MemFree:          120752 kB
Active:           376560 kB
Mem:          3.8G       3.7G       117M       5.7M        23M       3.2G

MemTotal:        4016004 kB
MemFree:          105652 kB
Active:           376584 kB
Mem:          3.8G       3.7G       124M       5.7M        23M       3.2G

MemTotal:        4016004 kB
MemFree:          125148 kB
Active:           376652 kB
Mem:          3.8G       3.7G       120M       5.7M        23M       3.2G

MemTotal:        4016004 kB
MemFree:          109536 kB
Active:           376676 kB
Mem:          3.8G       3.7G       107M       5.7M        23M       3.3G

MemTotal:        4016004 kB
MemFree:          127652 kB
Active:           374740 kB
Mem:          3.8G       3.7G       123M       5.7M        23M       3.2G

MemTotal:        4016004 kB
MemFree:          119248 kB
Active:           374812 kB
Mem:          3.8G       3.7G       115M       5.7M        23M       3.2G

MemTotal:        4016004 kB
MemFree:          127456 kB
Active:           374664 kB
Mem:          3.8G       3.7G       125M       5.7M        23M       3.2G

MemTotal:        4016004 kB
MemFree:          125796 kB
Active:           374728 kB
Mem:          3.8G       3.7G       122M       5.7M        23M       3.2G

MemTotal:        4016004 kB
MemFree:          115172 kB
Active:           374716 kB
Mem:          3.8G       3.7G       112M       5.7M        23M       3.3G

MemTotal:        4016004 kB
MemFree:          116260 kB
Active:           374716 kB
Mem:          3.8G       3.7G       111M       5.7M        23M       3.3G

MemTotal:        4016004 kB
MemFree:          113576 kB
Active:           374776 kB
Mem:          3.8G       3.7G       109M       5.7M        24M       3.3G

MemTotal:        4016004 kB
MemFree:          127032 kB
Active:           374804 kB
Mem:          3.8G       3.7G       123M       5.7M        24M       3.2G

MemTotal:        4016004 kB
MemFree:          106256 kB
Active:           373036 kB
Mem:          3.8G       3.7G       102M       5.7M        24M       3.3G

MemTotal:        4016004 kB
MemFree:          124320 kB
Active:           371988 kB
Mem:          3.8G       3.7G       121M       5.7M        24M       3.2G

MemTotal:        4016004 kB
MemFree:          128552 kB
Active:           373628 kB
Mem:          3.8G       3.7G       124M       5.7M        24M       3.2G

MemTotal:        4016004 kB
MemFree:          124544 kB
Active:           373524 kB
Mem:          3.8G       3.7G       121M       5.7M        24M       3.2G

MemTotal:        4016004 kB
MemFree:          128948 kB
Active:           373556 kB
Mem:          3.8G       3.7G       124M       5.7M        24M       3.2G

MemTotal:        4016004 kB
MemFree:          124372 kB
Active:           373576 kB
Mem:          3.8G       3.7G       121M       5.7M        24M       3.2G

MemTotal:        4016004 kB
MemFree:          105772 kB
Active:           373624 kB
Mem:          3.8G       3.7G       102M       5.7M        24M       3.3G

MemTotal:        4016004 kB
MemFree:          126848 kB
Active:           373460 kB
Mem:          3.8G       3.7G       122M       5.7M        24M       3.2G

MemTotal:        4016004 kB
MemFree:          118508 kB
Active:           373500 kB
Mem:          3.8G       3.7G       114M       5.7M        24M       3.2G

MemTotal:        4016004 kB
MemFree:          126552 kB
Active:           373560 kB
Mem:          3.8G       3.7G       122M       5.7M        24M       3.2G

MemTotal:        4016004 kB
MemFree:          105820 kB
Active:           371680 kB
Mem:          3.8G       3.7G       103M       5.7M        24M       3.3G

MemTotal:        4016004 kB
MemFree:          133476 kB
Active:           371704 kB
Mem:          3.8G       3.7G       129M       5.7M        24M       3.2G

MemTotal:        4016004 kB
MemFree:          144784 kB
Active:           371736 kB
Mem:          3.8G       3.7G       140M       5.7M        24M       3.2G

MemTotal:        4016004 kB
MemFree:          124020 kB
Active:           371756 kB
Mem:          3.8G       3.7G       131M       5.7M        24M       3.2G

MemTotal:        4016004 kB
MemFree:          128164 kB
Active:           371784 kB
Mem:          3.8G       3.7G       124M       5.7M        24M       3.2G

MemTotal:        4016004 kB
MemFree:          106988 kB
Active:           371800 kB
Mem:          3.8G       3.7G       104M       5.7M        24M       3.3G

MemTotal:        4016004 kB
MemFree:          124376 kB
Active:           371828 kB
Mem:          3.8G       3.7G       125M       5.7M        24M       3.2G

MemTotal:        4016004 kB
MemFree:          120136 kB
Active:           371732 kB
Mem:          3.8G       3.7G       116M       5.7M        24M       3.2G

MemTotal:        4016004 kB
MemFree:          129740 kB
Active:           371696 kB
Mem:          3.8G       3.7G       124M       5.7M        24M       3.2G

MemTotal:        4016004 kB
MemFree:          138568 kB
Active:           371776 kB
Mem:          3.8G       3.7G       134M       5.7M        24M       3.2G

MemTotal:        4016004 kB
MemFree:          129504 kB
Active:           371812 kB
Mem:          3.8G       3.7G       125M       5.7M        24M       3.2G

MemTotal:        4016004 kB
MemFree:          118480 kB
Active:           362364 kB
Mem:          3.8G       3.7G       114M       5.7M        24M       3.2G

MemTotal:        4016004 kB
MemFree:          140496 kB
Active:           362324 kB
Mem:          3.8G       3.7G       136M       5.7M        24M       3.2G

MemTotal:        4016004 kB
MemFree:          126700 kB
Active:           362344 kB
Mem:          3.8G       3.7G       122M       5.7M        24M       3.2G

MemTotal:        4016004 kB
MemFree:          110852 kB
Active:           362360 kB
Mem:          3.8G       3.7G       107M       5.7M        24M       3.3G

MemTotal:        4016004 kB
MemFree:          132400 kB
Active:           362388 kB
Mem:          3.8G       3.7G       128M       5.7M        24M       3.2G

MemTotal:        4016004 kB
MemFree:          105888 kB
Active:           362404 kB
Mem:          3.8G       3.7G       102M       5.7M        24M       3.3G

MemTotal:        4016004 kB
MemFree:          107776 kB
Active:           362432 kB
Mem:          3.8G       3.7G       104M       5.7M        24M       3.3G

MemTotal:        4016004 kB
MemFree:          128512 kB
Active:           362456 kB
Mem:          3.8G       3.7G       125M       5.7M        24M       3.2G

MemTotal:        4016004 kB
MemFree:          113644 kB
Active:           362468 kB
Mem:          3.8G       3.7G       110M       5.7M        24M       3.2G

MemTotal:        4016004 kB
MemFree:          103108 kB
Active:           361828 kB
Mem:          3.8G       3.7G       100M       5.7M        24M       3.3G

MemTotal:        4016004 kB
MemFree:          118040 kB
Active:           363800 kB
Mem:          3.8G       3.7G       115M       5.7M        24M       3.2G

MemTotal:        4016004 kB
MemFree:          117340 kB
Active:           363828 kB
Mem:          3.8G       3.7G       113M       5.7M        24M       3.2G

MemTotal:        4016004 kB
MemFree:          110908 kB
Active:           361660 kB
Mem:          3.8G       3.7G       107M       5.7M        24M       3.3G

MemTotal:        4016004 kB
MemFree:          140920 kB
Active:           361624 kB
Mem:          3.8G       3.7G       137M       5.7M        24M       3.2G

MemTotal:        4016004 kB
MemFree:          113728 kB
Active:           361628 kB
Mem:          3.8G       3.7G       110M       5.7M        24M       3.2G

MemTotal:        4016004 kB
MemFree:          132700 kB
Active:           361660 kB
Mem:          3.8G       3.7G       129M       5.7M        24M       3.2G

MemTotal:        4016004 kB
MemFree:          132236 kB
Active:           361624 kB
Mem:          3.8G       3.7G       129M       5.7M        24M       3.2G

MemTotal:        4016004 kB
MemFree:          126584 kB
Active:           361604 kB
Mem:          3.8G       3.7G       122M       5.7M        24M       3.2G

MemTotal:        4016004 kB
MemFree:          108448 kB
Active:           361648 kB
Mem:          3.8G       3.7G       104M       5.7M        24M       3.3G

MemTotal:        4016004 kB
MemFree:          116272 kB
Active:           361708 kB
Mem:          3.8G       3.7G       113M       5.7M        24M       3.2G

MemTotal:        4016004 kB
MemFree:          105944 kB
Active:           363204 kB
Mem:          3.8G       3.7G       102M       5.7M        24M       3.3G

MemTotal:        4016004 kB
MemFree:          126804 kB
Active:           363160 kB
Mem:          3.8G       3.7G       122M       5.7M        24M       3.2G

MemTotal:        4016004 kB
MemFree:          128428 kB
Active:           363184 kB
Mem:          3.8G       3.7G       124M       5.7M        24M       3.2G

MemTotal:        4016004 kB
MemFree:          120520 kB
Active:           363196 kB
Mem:          3.8G       3.7G       117M       5.7M        24M       3.2G

MemTotal:        4016004 kB
MemFree:          111312 kB
Active:           363228 kB
Mem:          3.8G       3.7G       107M       5.7M        24M       3.2G

MemTotal:        4016004 kB
MemFree:          122676 kB
Active:           363252 kB
Mem:          3.8G       3.7G       119M       5.7M        24M       3.2G

MemTotal:        4016004 kB
MemFree:          121260 kB
Active:           363256 kB
Mem:          3.8G       3.7G       116M       5.7M        25M       3.2G

MemTotal:        4016004 kB
MemFree:          122548 kB
Active:           363292 kB
Mem:          3.8G       3.7G       118M       5.7M        25M       3.2G

MemTotal:        4016004 kB
MemFree:          116600 kB
Active:           361008 kB
Mem:          3.8G       3.7G       112M       5.7M        25M       3.2G

MemTotal:        4016004 kB
MemFree:          107704 kB
Active:           360920 kB
Mem:          3.8G       3.7G       104M       5.7M        25M       3.3G

MemTotal:        4016004 kB
MemFree:          124780 kB
Active:           360960 kB
Mem:          3.8G       3.7G       122M       5.7M        25M       3.2G

MemTotal:        4016004 kB
MemFree:          109124 kB
Active:           360844 kB
Mem:          3.8G       3.7G       105M       5.7M        25M       3.2G

MemTotal:        4016004 kB
MemFree:          124820 kB
Active:           360904 kB
Mem:          3.8G       3.7G       121M       5.7M        25M       3.2G

MemTotal:        4016004 kB
MemFree:          127508 kB
Active:           360928 kB
Mem:          3.8G       3.7G       123M       5.7M        25M       3.2G

MemTotal:        4016004 kB
MemFree:          128952 kB
Active:           360956 kB
Mem:          3.8G       3.7G       124M       5.7M        25M       3.2G

MemTotal:        4016004 kB
MemFree:          127288 kB
Active:           360980 kB
Mem:          3.8G       3.7G       122M       5.7M        25M       3.2G

MemTotal:        4016004 kB
MemFree:          117976 kB
Active:           361016 kB
Mem:          3.8G       3.7G       114M       5.7M        25M       3.2G

MemTotal:        4016004 kB
MemFree:          110048 kB
Active:           361032 kB
Mem:          3.8G       3.7G       124M       5.7M        25M       3.2G

MemTotal:        4016004 kB
MemFree:          120144 kB
Active:           361056 kB
Mem:          3.8G       3.7G       116M       5.7M        25M       3.2G

MemTotal:        4016004 kB
MemFree:          104832 kB
Active:           361076 kB
Mem:          3.8G       3.7G       124M       5.7M        25M       3.2G

MemTotal:        4016004 kB
MemFree:          131720 kB
Active:           361100 kB
Mem:          3.8G       3.7G       128M       5.7M        25M       3.2G

MemTotal:        4016004 kB
MemFree:          127360 kB
Active:           361116 kB
Mem:          3.8G       3.7G       123M       5.7M        25M       3.2G

MemTotal:        4016004 kB
MemFree:          124452 kB
Active:           361096 kB
Mem:          3.8G       3.7G       120M       5.7M        25M       3.2G

MemTotal:        4016004 kB
MemFree:          112348 kB
Active:           358096 kB
Mem:          3.8G       3.7G       108M       5.7M        25M       3.2G

MemTotal:        4016004 kB
MemFree:          126588 kB
Active:           358068 kB
Mem:          3.8G       3.7G       123M       5.7M        25M       3.2G

MemTotal:        4016004 kB
MemFree:          105180 kB
Active:           358128 kB
Mem:          3.8G       3.7G       125M       5.7M        25M       3.2G

MemTotal:        4016004 kB
MemFree:          111592 kB
Active:           358136 kB
Mem:          3.8G       3.7G       108M       5.7M        25M       3.2G

MemTotal:        4016004 kB
MemFree:          114412 kB
Active:           358188 kB
Mem:          3.8G       3.7G       110M       5.7M        25M       3.2G

MemTotal:        4016004 kB
MemFree:          136064 kB
Active:           358212 kB
Mem:          3.8G       3.7G       133M       5.7M        25M       3.2G

MemTotal:        4016004 kB
MemFree:          127932 kB
Active:           358212 kB
Mem:          3.8G       3.7G       124M       5.7M        25M       3.2G

MemTotal:        4016004 kB
MemFree:          128220 kB
Active:           358248 kB
Mem:          3.8G       3.7G       125M       5.7M        25M       3.2G

MemTotal:        4016004 kB
MemFree:          128252 kB
Active:           358232 kB
Mem:          3.8G       3.7G       124M       5.7M        25M       3.2G

MemTotal:        4016004 kB
MemFree:          120164 kB
Active:           358248 kB
Mem:          3.8G       3.7G       116M       5.7M        25M       3.2G

MemTotal:        4016004 kB
MemFree:          110644 kB
Active:           358292 kB
Mem:          3.8G       3.7G       106M       5.7M        25M       3.2G

MemTotal:        4016004 kB
MemFree:          118592 kB
Active:           358328 kB
Mem:          3.8G       3.7G       115M       5.7M        25M       3.2G

MemTotal:        4016004 kB
MemFree:          110312 kB
Active:           358352 kB
Mem:          3.8G       3.7G       107M       5.7M        25M       3.2G

MemTotal:        4016004 kB
MemFree:          131296 kB
Active:           358380 kB
Mem:          3.8G       3.7G       126M       5.7M        25M       3.2G

MemTotal:        4016004 kB
MemFree:          122628 kB
Active:           358404 kB
Mem:          3.8G       3.7G       118M       5.7M        25M       3.2G

MemTotal:        4016004 kB
MemFree:          124828 kB
Active:           358424 kB
Mem:          3.8G       3.7G       121M       5.7M        25M       3.2G

MemTotal:        4016004 kB
MemFree:          105720 kB
Active:           358444 kB
Mem:          3.8G       3.7G       103M       5.7M        25M       3.2G

MemTotal:        4016004 kB
MemFree:          105156 kB
Active:           358428 kB
Mem:          3.8G       3.7G       125M       5.7M        25M       3.2G

MemTotal:        4016004 kB
MemFree:          128656 kB
Active:           358452 kB
Mem:          3.8G       3.7G       125M       5.7M        25M       3.2G

MemTotal:        4016004 kB
MemFree:          128412 kB
Active:           358488 kB
Mem:          3.8G       3.7G       125M       5.7M        25M       3.2G

MemTotal:        4016004 kB
MemFree:          109868 kB
Active:           358376 kB
Mem:          3.8G       3.7G       106M       5.7M        25M       3.2G

MemTotal:        4016004 kB
MemFree:          129968 kB
Active:           353788 kB
Mem:          3.8G       3.7G       125M       5.7M        25M       3.2G

MemTotal:        4016004 kB
MemFree:          121344 kB
Active:           353808 kB
Mem:          3.8G       3.7G       117M       5.7M        25M       3.2G

MemTotal:        4016004 kB
MemFree:          112332 kB
Active:           353844 kB
Mem:          3.8G       3.7G       108M       5.7M        25M       3.2G

MemTotal:        4016004 kB
MemFree:          115692 kB
Active:           353824 kB
Mem:          3.8G       3.7G       112M       5.7M        25M       3.2G

MemTotal:        4016004 kB
MemFree:          118820 kB
Active:           353840 kB
Mem:          3.8G       3.7G       115M       5.7M        25M       3.2G

MemTotal:        4016004 kB
MemFree:          121932 kB
Active:           353884 kB
Mem:          3.8G       3.7G       117M       5.7M        25M       3.2G

MemTotal:        4016004 kB
MemFree:          144420 kB
Active:           353916 kB
Mem:          3.8G       3.7G       141M       5.7M        25M       3.2G

MemTotal:        4016004 kB
MemFree:          109188 kB
Active:           353952 kB
Mem:          3.8G       3.7G       104M       5.7M        25M       3.2G

MemTotal:        4016004 kB
MemFree:          136296 kB
Active:           353668 kB
Mem:          3.8G       3.7G       133M       5.7M        25M       3.2G

MemTotal:        4016004 kB
MemFree:          136452 kB
Active:           353664 kB
Mem:          3.8G       3.7G       133M       5.7M        25M       3.2G

MemTotal:        4016004 kB
MemFree:          136452 kB
Active:           353664 kB
Mem:          3.8G       3.7G       132M       5.7M        25M       3.2G

MemTotal:        4016004 kB
MemFree:          136080 kB
Active:           353652 kB
Mem:          3.8G       3.7G       132M       5.7M        25M       3.2G

MemTotal:        4016004 kB
MemFree:          136576 kB
Active:           353620 kB
Mem:          3.8G       3.7G       133M       5.7M        25M       3.2G

MemTotal:        4016004 kB
MemFree:          136452 kB
Active:           353684 kB
Mem:          3.8G       3.7G       133M       5.7M        25M       3.2G

MemTotal:        4016004 kB
MemFree:          136316 kB
Active:           353692 kB
Mem:          3.8G       3.7G       133M       5.7M        25M       3.2G

MemTotal:        4016004 kB
MemFree:          136132 kB
Active:           353704 kB
Mem:          3.8G       3.7G       132M       5.7M        25M       3.2G

MemTotal:        4016004 kB
MemFree:          136048 kB
Active:           353668 kB
Mem:          3.8G       3.7G       132M       5.7M        25M       3.2G

MemTotal:        4016004 kB
MemFree:          135832 kB
Active:           353652 kB
Mem:          3.8G       3.7G       132M       5.7M        25M       3.2G

MemTotal:        4016004 kB
MemFree:          136204 kB
Active:           353700 kB
Mem:          3.8G       3.7G       133M       5.7M        25M       3.2G

MemTotal:        4016004 kB
MemFree:          135956 kB
Active:           353672 kB
Mem:          3.8G       3.7G       132M       5.7M        25M       3.2G

MemTotal:        4016004 kB
MemFree:          135956 kB
Active:           353648 kB
Mem:          3.8G       3.7G       132M       5.7M        25M       3.2G

MemTotal:        4016004 kB
MemFree:          135708 kB
Active:           353708 kB
Mem:          3.8G       3.7G       132M       5.7M        25M       3.2G

MemTotal:        4016004 kB
MemFree:          135708 kB
Active:           353704 kB
Mem:          3.8G       3.7G       132M       5.7M        25M       3.2G

MemTotal:        4016004 kB
MemFree:          136204 kB
Active:           353720 kB
Mem:          3.8G       3.7G       132M       5.7M        25M       3.2G

MemTotal:        4016004 kB
MemFree:          135832 kB
Active:           353684 kB
Mem:          3.8G       3.7G       132M       5.7M        25M       3.2G

MemTotal:        4016004 kB
MemFree:          135956 kB
Active:           353700 kB
Mem:          3.8G       3.7G       133M       5.7M        25M       3.2G

MemTotal:        4016004 kB
MemFree:          135832 kB
Active:           353676 kB
Mem:          3.8G       3.7G       132M       5.7M        25M       3.2G

MemTotal:        4016004 kB
MemFree:          135708 kB
Active:           353720 kB
Mem:          3.8G       3.7G       132M       5.7M        25M       3.2G

MemTotal:        4016004 kB
MemFree:          135584 kB
Active:           353736 kB
Mem:          3.8G       3.7G       132M       5.7M        25M       3.2G

MemTotal:        4016004 kB
MemFree:          136080 kB
Active:           353732 kB
Mem:          3.8G       3.7G       132M       5.7M        25M       3.2G

MemTotal:        4016004 kB
MemFree:          135956 kB
Active:           353740 kB
Mem:          3.8G       3.7G       132M       5.7M        25M       3.2G

MemTotal:        4016004 kB
MemFree:          136080 kB
Active:           353740 kB
Mem:          3.8G       3.7G       133M       5.7M        25M       3.2G

MemTotal:        4016004 kB
MemFree:          136576 kB
Active:           353688 kB
Mem:          3.8G       3.7G       133M       5.7M        25M       3.2G

MemTotal:        4016004 kB
MemFree:          136204 kB
Active:           353692 kB
Mem:          3.8G       3.7G       132M       5.7M        25M       3.2G

MemTotal:        4016004 kB
MemFree:          135832 kB
Active:           353708 kB
Mem:          3.8G       3.7G       132M       5.7M        25M       3.2G

MemTotal:        4016004 kB
MemFree:          135320 kB
Active:           353748 kB
Mem:          3.8G       3.7G       132M       5.7M        25M       3.2G

MemTotal:        4016004 kB
MemFree:          135584 kB
Active:           353732 kB
Mem:          3.8G       3.7G       132M       5.7M        25M       3.2G

MemTotal:        4016004 kB
MemFree:          135336 kB
Active:           353748 kB
Mem:          3.8G       3.7G       132M       5.7M        25M       3.2G

MemTotal:        4016004 kB
MemFree:          135708 kB
Active:           353748 kB
Mem:          3.8G       3.7G       132M       5.7M        25M       3.2G

MemTotal:        4016004 kB
MemFree:          135336 kB
Active:           353736 kB
Mem:          3.8G       3.7G       132M       5.7M        25M       3.2G

MemTotal:        4016004 kB
MemFree:          135708 kB
Active:           353740 kB
Mem:          3.8G       3.7G       132M       5.7M        25M       3.2G

MemTotal:        4016004 kB
MemFree:          135460 kB
Active:           353756 kB
Mem:          3.8G       3.7G       132M       5.7M        25M       3.2G

MemTotal:        4016004 kB
MemFree:          132288 kB
Active:           355824 kB
Mem:          3.8G       3.7G       129M       5.7M        28M       3.2G

MemTotal:        4016004 kB
MemFree:          132112 kB
Active:           356044 kB
Mem:          3.8G       3.7G       129M       5.7M        28M       3.2G

MemTotal:        4016004 kB
MemFree:          132716 kB
Active:           356048 kB
Mem:          3.8G       3.7G       129M       5.7M        28M       3.2G

MemTotal:        4016004 kB
MemFree:          133228 kB
Active:           356056 kB
Mem:          3.8G       3.7G       129M       5.7M        28M       3.2G

MemTotal:        4016004 kB
MemFree:          132732 kB
Active:           356048 kB
Mem:          3.8G       3.7G       129M       5.7M        28M       3.2G

MemTotal:        4016004 kB
MemFree:          132484 kB
Active:           356056 kB
Mem:          3.8G       3.7G       129M       5.7M        28M       3.2G

MemTotal:        4016004 kB
MemFree:          132360 kB
Active:           356056 kB
Mem:          3.8G       3.7G       129M       5.7M        28M       3.2G

MemTotal:        4016004 kB
MemFree:          132732 kB
Active:           356020 kB
Mem:          3.8G       3.7G       129M       5.7M        28M       3.2G

MemTotal:        4016004 kB
MemFree:          132360 kB
Active:           356056 kB
Mem:          3.8G       3.7G       129M       5.7M        28M       3.2G

MemTotal:        4016004 kB
MemFree:          132980 kB
Active:           356012 kB
Mem:          3.8G       3.7G       129M       5.7M        28M       3.2G

MemTotal:        4016004 kB
MemFree:          132964 kB
Active:           356052 kB
Mem:          3.8G       3.7G       129M       5.7M        28M       3.2G

MemTotal:        4016004 kB
MemFree:          132732 kB
Active:           356044 kB
Mem:          3.8G       3.7G       129M       5.7M        28M       3.2G

MemTotal:        4016004 kB
MemFree:          133104 kB
Active:           356008 kB
Mem:          3.8G       3.7G       129M       5.7M        28M       3.2G

MemTotal:        4016004 kB
MemFree:          132592 kB
Active:           356068 kB
Mem:          3.8G       3.7G       129M       5.7M        28M       3.2G

MemTotal:        4016004 kB
MemFree:          133336 kB
Active:           356020 kB
Mem:          3.8G       3.7G       129M       5.7M        28M       3.2G

MemTotal:        4016004 kB
MemFree:          132592 kB
Active:           356068 kB
Mem:          3.8G       3.7G       129M       5.7M        28M       3.2G

MemTotal:        4016004 kB
MemFree:          132360 kB
Active:           356028 kB
Mem:          3.8G       3.7G       128M       5.7M        28M       3.2G

MemTotal:        4016004 kB
MemFree:          132592 kB
Active:           356068 kB
Mem:          3.8G       3.7G       129M       5.7M        28M       3.2G

MemTotal:        4016004 kB
MemFree:          132592 kB
Active:           356068 kB
Mem:          3.8G       3.7G       129M       5.7M        28M       3.2G

MemTotal:        4016004 kB
MemFree:          132220 kB
Active:           356064 kB
Mem:          3.8G       3.7G       129M       5.7M        28M       3.2G

MemTotal:        4016004 kB
MemFree:          132856 kB
Active:           356076 kB
Mem:          3.8G       3.7G       129M       5.7M        28M       3.2G

MemTotal:        4016004 kB
MemFree:          132840 kB
Active:           356076 kB
Mem:          3.8G       3.7G       129M       5.7M        28M       3.2G

MemTotal:        4016004 kB
MemFree:          132840 kB
Active:           356060 kB
Mem:          3.8G       3.7G       129M       5.7M        28M       3.2G

MemTotal:        4016004 kB
MemFree:          132964 kB
Active:           356056 kB
Mem:          3.8G       3.7G       129M       5.7M        28M       3.2G

MemTotal:        4016004 kB
MemFree:          133212 kB
Active:           356056 kB
Mem:          3.8G       3.7G       129M       5.7M        28M       3.2G

MemTotal:        4016004 kB
MemFree:          132484 kB
Active:           356088 kB
Mem:          3.8G       3.7G       129M       5.7M        28M       3.2G

MemTotal:        4016004 kB
MemFree:          133088 kB
Active:           356092 kB
Mem:          3.8G       3.7G       129M       5.7M        28M       3.2G

MemTotal:        4016004 kB
MemFree:          132980 kB
Active:           356080 kB
Mem:          3.8G       3.7G       129M       5.7M        28M       3.2G

MemTotal:        4016004 kB
MemFree:          132732 kB
Active:           356192 kB
Mem:          3.8G       3.7G       129M       5.7M        28M       3.2G

MemTotal:        4016004 kB
MemFree:          132592 kB
Active:           356208 kB
Mem:          3.8G       3.7G       129M       5.7M        28M       3.2G

MemTotal:        4016004 kB
MemFree:          132948 kB
Active:           356056 kB
Mem:          3.8G       3.7G       129M       5.7M        28M       3.2G

MemTotal:        4016004 kB
MemFree:          133336 kB
Active:           356044 kB
Mem:          3.8G       3.7G       129M       5.7M        28M       3.2G

MemTotal:        4016004 kB
MemFree:          133088 kB
Active:           356048 kB
Mem:          3.8G       3.7G       129M       5.7M        28M       3.2G

MemTotal:        4016004 kB
MemFree:          132592 kB
Active:           356064 kB
Mem:          3.8G       3.7G       129M       5.7M        28M       3.2G

MemTotal:        4016004 kB
MemFree:          132716 kB
Active:           356108 kB
Mem:          3.8G       3.7G       129M       5.7M        28M       3.2G

MemTotal:        4016004 kB
MemFree:          133088 kB
Active:           356236 kB
Mem:          3.8G       3.7G       129M       5.7M        28M       3.2G

MemTotal:        4016004 kB
MemFree:          133072 kB
Active:           356188 kB
Mem:          3.8G       3.7G       129M       5.7M        28M       3.2G

MemTotal:        4016004 kB
MemFree:          132840 kB
Active:           356096 kB
Mem:          3.8G       3.7G       129M       5.7M        28M       3.2G

MemTotal:        4016004 kB
MemFree:          132840 kB
Active:           356244 kB
Mem:          3.8G       3.7G       129M       5.7M        28M       3.2G

MemTotal:        4016004 kB
MemFree:          132964 kB
Active:           356104 kB
Mem:          3.8G       3.7G       129M       5.7M        28M       3.2G

MemTotal:        4016004 kB
MemFree:          132716 kB
Active:           356176 kB
Mem:          3.8G       3.7G       129M       5.7M        28M       3.2G

MemTotal:        4016004 kB
MemFree:          132520 kB
Active:           356104 kB
Mem:          3.8G       3.7G       129M       5.7M        28M       3.2G

MemTotal:        4016004 kB
MemFree:          132768 kB
Active:           356088 kB
Mem:          3.8G       3.7G       129M       5.7M        28M       3.2G

MemTotal:        4016004 kB
MemFree:          132644 kB
Active:           356112 kB
Mem:          3.8G       3.7G       129M       5.7M        28M       3.2G

MemTotal:        4016004 kB
MemFree:          132876 kB
Active:           356176 kB
Mem:          3.8G       3.7G       129M       5.7M        28M       3.2G

MemTotal:        4016004 kB
MemFree:          133124 kB
Active:           356084 kB
Mem:          3.8G       3.7G       130M       5.7M        28M       3.2G

MemTotal:        4016004 kB
MemFree:          132668 kB
Active:           356252 kB
Mem:          3.8G       3.7G       129M       5.7M        28M       3.2G

MemTotal:        4016004 kB
MemFree:          133016 kB
Active:           356088 kB
Mem:          3.8G       3.7G       129M       5.7M        28M       3.2G

MemTotal:        4016004 kB
MemFree:          132792 kB
Active:           356200 kB
Mem:          3.8G       3.7G       129M       5.7M        28M       3.2G

MemTotal:        4016004 kB
MemFree:          132768 kB
Active:           356136 kB
Mem:          3.8G       3.7G       129M       5.7M        28M       3.2G

MemTotal:        4016004 kB
MemFree:          132876 kB
Active:           356244 kB
Mem:          3.8G       3.7G       129M       5.7M        28M       3.2G

MemTotal:        4016004 kB
MemFree:          132892 kB
Active:           356136 kB
Mem:          3.8G       3.7G       129M       5.7M        28M       3.2G

MemTotal:        4016004 kB
MemFree:          132612 kB
Active:           356232 kB
Mem:          3.8G       3.7G       129M       5.7M        28M       3.2G

MemTotal:        4016004 kB
MemFree:          132752 kB
Active:           356232 kB
Mem:          3.8G       3.7G       129M       5.7M        28M       3.2G

MemTotal:        4016004 kB
MemFree:          132940 kB
Active:           356256 kB
Mem:          3.8G       3.7G       129M       5.7M        28M       3.2G

MemTotal:        4016004 kB
MemFree:          132644 kB
Active:           356156 kB
Mem:          3.8G       3.7G       129M       5.7M        28M       3.2G

MemTotal:        4016004 kB
MemFree:          132924 kB
Active:           356252 kB
Mem:          3.8G       3.7G       129M       5.7M        28M       3.2G

MemTotal:        4016004 kB
MemFree:          132644 kB
Active:           356268 kB
Mem:          3.8G       3.7G       129M       5.7M        28M       3.2G

MemTotal:        4016004 kB
MemFree:          132752 kB
Active:           356164 kB
Mem:          3.8G       3.7G       129M       5.7M        28M       3.2G

MemTotal:        4016004 kB
MemFree:          132752 kB
Active:           356140 kB
Mem:          3.8G       3.7G       129M       5.7M        28M       3.2G

MemTotal:        4016004 kB
MemFree:          133000 kB
Active:           356160 kB
Mem:          3.8G       3.7G       129M       5.7M        28M       3.2G

MemTotal:        4016004 kB
MemFree:          132628 kB
Active:           356316 kB
Mem:          3.8G       3.7G       129M       5.7M        28M       3.2G

MemTotal:        4016004 kB
MemFree:          132628 kB
Active:           356304 kB
Mem:          3.8G       3.7G       129M       5.7M        28M       3.2G

MemTotal:        4016004 kB
MemFree:          133000 kB
Active:           356228 kB
Mem:          3.8G       3.7G       129M       5.7M        28M       3.2G

MemTotal:        4016004 kB
MemFree:          132736 kB
Active:           356316 kB
Mem:          3.8G       3.7G       129M       5.7M        28M       3.2G

MemTotal:        4016004 kB
MemFree:          132736 kB
Active:           356180 kB
Mem:          3.8G       3.7G       129M       5.7M        28M       3.2G

MemTotal:        4016004 kB
MemFree:          132364 kB
Active:           356224 kB
Mem:          3.8G       3.7G       129M       5.7M        28M       3.2G

MemTotal:        4016004 kB
MemFree:          132628 kB
Active:           356204 kB
Mem:          3.8G       3.7G       129M       5.7M        28M       3.2G

MemTotal:        4016004 kB
MemFree:          132924 kB
Active:           356204 kB
Mem:          3.8G       3.7G       129M       5.7M        28M       3.2G

MemTotal:        4016004 kB
MemFree:          132996 kB
Active:           356268 kB
Mem:          3.8G       3.7G       129M       5.7M        28M       3.2G

MemTotal:        4016004 kB
MemFree:          132652 kB
Active:           356464 kB
Mem:          3.8G       3.7G       129M       5.7M        28M       3.2G

MemTotal:        4016004 kB
MemFree:          133064 kB
Active:           356352 kB
Mem:          3.8G       3.7G       129M       5.7M        28M       3.2G

MemTotal:        4016004 kB
MemFree:          133124 kB
Active:           356296 kB
Mem:          3.8G       3.7G       129M       5.7M        28M       3.2G

MemTotal:        4016004 kB
MemFree:          132528 kB
Active:           356296 kB
Mem:          3.8G       3.7G       128M       5.7M        28M       3.2G

MemTotal:        4016004 kB
MemFree:          132488 kB
Active:           356196 kB
Mem:          3.8G       3.7G       128M       5.7M        28M       3.2G

MemTotal:        4016004 kB
MemFree:          132488 kB
Active:           356216 kB
Mem:          3.8G       3.7G       129M       5.7M        28M       3.2G

MemTotal:        4016004 kB
MemFree:          132768 kB
Active:           356160 kB
Mem:          3.8G       3.7G       129M       5.7M        28M       3.2G

MemTotal:        4016004 kB
MemFree:          132876 kB
Active:           356220 kB
Mem:          3.8G       3.7G       129M       5.7M        28M       3.2G

MemTotal:        4016004 kB
MemFree:          132892 kB
Active:           356288 kB
Mem:          3.8G       3.7G       129M       5.7M        28M       3.2G

MemTotal:        4016004 kB
MemFree:          132916 kB
Active:           356164 kB
Mem:          3.8G       3.7G       129M       5.7M        28M       3.2G

MemTotal:        4016004 kB
MemFree:          132792 kB
Active:           356264 kB
Mem:          3.8G       3.7G       129M       5.7M        28M       3.2G

MemTotal:        4016004 kB
MemFree:          132740 kB
Active:           356140 kB
Mem:          3.8G       3.7G       129M       5.7M        28M       3.2G

MemTotal:        4016004 kB
MemFree:          132892 kB
Active:           356208 kB
Mem:          3.8G       3.7G       129M       5.7M        28M       3.2G

MemTotal:        4016004 kB
MemFree:          132536 kB
Active:           356348 kB
Mem:          3.8G       3.7G       129M       5.7M        28M       3.2G

MemTotal:        4016004 kB
MemFree:          133016 kB
Active:           356064 kB
Mem:          3.8G       3.7G       130M       5.7M        28M       3.2G

MemTotal:        4016004 kB
MemFree:          133280 kB
Active:           356312 kB
Mem:          3.8G       3.7G       130M       5.7M        28M       3.2G

MemTotal:        4016004 kB
MemFree:          133000 kB
Active:           356428 kB
Mem:          3.8G       3.7G       129M       5.7M        28M       3.2G

MemTotal:        4016004 kB
MemFree:          133012 kB
Active:           356164 kB
Mem:          3.8G       3.7G       129M       5.7M        28M       3.2G

MemTotal:        4016004 kB
MemFree:          133484 kB
Active:           356312 kB
Mem:          3.8G       3.7G       129M       5.7M        28M       3.2G

MemTotal:        4016004 kB
MemFree:          133188 kB
Active:           356324 kB
Mem:          3.8G       3.7G       130M       5.7M        28M       3.2G

MemTotal:        4016004 kB
MemFree:          133512 kB
Active:           356240 kB
Mem:          3.8G       3.7G       130M       5.7M        28M       3.2G

MemTotal:        4016004 kB
MemFree:          133388 kB
Active:           356212 kB
Mem:          3.8G       3.7G       130M       5.7M        28M       3.2G

MemTotal:        4016004 kB
MemFree:          133636 kB
Active:           356256 kB
Mem:          3.8G       3.7G       130M       5.7M        28M       3.2G

MemTotal:        4016004 kB
MemFree:          133676 kB
Active:           356388 kB
Mem:          3.8G       3.7G       130M       5.7M        28M       3.2G

MemTotal:        4016004 kB
MemFree:          133776 kB
Active:           356400 kB
Mem:          3.8G       3.7G       130M       5.7M        28M       3.2G

MemTotal:        4016004 kB
MemFree:          133248 kB
Active:           356220 kB
Mem:          3.8G       3.7G       129M       5.7M        28M       3.2G

MemTotal:        4016004 kB
MemFree:          132908 kB
Active:           356340 kB
Mem:          3.8G       3.7G       130M       5.7M        28M       3.2G

MemTotal:        4016004 kB
MemFree:          133428 kB
Active:           356408 kB
Mem:          3.8G       3.7G       130M       5.7M        28M       3.2G

MemTotal:        4016004 kB
MemFree:          133124 kB
Active:           356360 kB
Mem:          3.8G       3.7G       130M       5.7M        28M       3.2G

MemTotal:        4016004 kB
MemFree:          133372 kB
Active:           356228 kB
Mem:          3.8G       3.7G       129M       5.7M        28M       3.2G

MemTotal:        4016004 kB
MemFree:          132644 kB
Active:           356248 kB
Mem:          3.8G       3.7G       129M       5.7M        28M       3.2G

MemTotal:        4016004 kB
MemFree:          133388 kB
Active:           356172 kB
Mem:          3.8G       3.7G       129M       5.7M        28M       3.2G

MemTotal:        4016004 kB
MemFree:          132908 kB
Active:           356256 kB
Mem:          3.8G       3.7G       129M       5.7M        28M       3.2G

MemTotal:        4016004 kB
MemFree:          133204 kB
Active:           356196 kB
Mem:          3.8G       3.7G       130M       5.7M        28M       3.2G

MemTotal:        4016004 kB
MemFree:          133064 kB
Active:           356272 kB
Mem:          3.8G       3.7G       129M       5.7M        28M       3.2G

MemTotal:        4016004 kB
MemFree:          133436 kB
Active:           356312 kB
Mem:          3.8G       3.7G       130M       5.7M        28M       3.2G

MemTotal:        4016004 kB
MemFree:          133140 kB
Active:           356204 kB
Mem:          3.8G       3.7G       129M       5.7M        28M       3.2G

MemTotal:        4016004 kB
MemFree:          132628 kB
Active:           356456 kB
Mem:          3.8G       3.7G       129M       5.7M        28M       3.2G

MemTotal:        4016004 kB
MemFree:          132504 kB
Active:           356316 kB
Mem:          3.8G       3.7G       129M       5.7M        28M       3.2G

MemTotal:        4016004 kB
MemFree:          132396 kB
Active:           356272 kB
Mem:          3.8G       3.7G       129M       5.7M        28M       3.2G

MemTotal:        4016004 kB
MemFree:          132808 kB
Active:           356504 kB
Mem:          3.8G       3.7G       129M       5.7M        28M       3.2G

MemTotal:        4016004 kB
MemFree:          132768 kB
Active:           356300 kB
Mem:          3.8G       3.7G       129M       5.7M        28M       3.2G

MemTotal:        4016004 kB
MemFree:          133264 kB
Active:           356260 kB
Mem:          3.8G       3.7G       129M       5.7M        28M       3.2G

MemTotal:        4016004 kB
MemFree:          132924 kB
Active:           356292 kB
Mem:          3.8G       3.7G       130M       5.7M        28M       3.2G

MemTotal:        4016004 kB
MemFree:          133280 kB
Active:           356364 kB
Mem:          3.8G       3.7G       130M       5.7M        28M       3.2G

MemTotal:        4016004 kB
MemFree:          133372 kB
Active:           356128 kB
Mem:          3.8G       3.7G       130M       5.7M        28M       3.2G

MemTotal:        4016004 kB
MemFree:          133140 kB
Active:           356328 kB
Mem:          3.8G       3.7G       129M       5.7M        28M       3.2G

MemTotal:        4016004 kB
MemFree:          133140 kB
Active:           356148 kB
Mem:          3.8G       3.7G       129M       5.7M        28M       3.2G

MemTotal:        4016004 kB
MemFree:          132272 kB
Active:           356368 kB
Mem:          3.8G       3.7G       129M       5.7M        28M       3.2G

MemTotal:        4016004 kB
MemFree:          132552 kB
Active:           356200 kB
Mem:          3.8G       3.7G       129M       5.7M        28M       3.2G

MemTotal:        4016004 kB
MemFree:          132648 kB
Active:           356376 kB
Mem:          3.8G       3.7G       129M       5.7M        28M       3.2G

MemTotal:        4016004 kB
MemFree:          132180 kB
Active:           356296 kB
Mem:          3.8G       3.7G       129M       5.7M        28M       3.2G

MemTotal:        4016004 kB
MemFree:          133048 kB
Active:           356040 kB
Mem:          3.8G       3.7G       129M       5.7M        28M       3.2G

MemTotal:        4016004 kB
MemFree:          133048 kB
Active:           356192 kB
Mem:          3.8G       3.7G       129M       5.7M        28M       3.2G

MemTotal:        4016004 kB
MemFree:          133048 kB
Active:           356288 kB
Mem:          3.8G       3.7G       129M       5.7M        28M       3.2G

MemTotal:        4016004 kB
MemFree:          133048 kB
Active:           356260 kB
Mem:          3.8G       3.7G       129M       5.7M        28M       3.2G

MemTotal:        4016004 kB
MemFree:          132800 kB
Active:           356308 kB
Mem:          3.8G       3.7G       129M       5.7M        28M       3.2G

MemTotal:        4016004 kB
MemFree:          132924 kB
Active:           356268 kB
Mem:          3.8G       3.7G       129M       5.7M        28M       3.2G

MemTotal:        4016004 kB
MemFree:          132784 kB
Active:           356184 kB
Mem:          3.8G       3.7G       129M       5.7M        28M       3.2G

MemTotal:        4016004 kB
MemFree:          133048 kB
Active:           356244 kB
Mem:          3.8G       3.7G       129M       5.7M        28M       3.2G

MemTotal:        4016004 kB
MemFree:          133140 kB
Active:           356216 kB
Mem:          3.8G       3.7G       129M       5.7M        28M       3.2G

MemTotal:        4016004 kB
MemFree:          132412 kB
Active:           356192 kB
Mem:          3.8G       3.7G       129M       5.7M        28M       3.2G

MemTotal:        4016004 kB
MemFree:          132924 kB
Active:           356292 kB
Mem:          3.8G       3.7G       129M       5.7M        28M       3.2G

MemTotal:        4016004 kB
MemFree:          133124 kB
Active:           356328 kB
Mem:          3.8G       3.7G       129M       5.7M        28M       3.2G

MemTotal:        4016004 kB
MemFree:          133156 kB
Active:           356256 kB
Mem:          3.8G       3.7G       130M       5.7M        28M       3.2G

MemTotal:        4016004 kB
MemFree:          133296 kB
Active:           356468 kB
Mem:          3.8G       3.7G       130M       5.7M        28M       3.2G

MemTotal:        4016004 kB
MemFree:          133420 kB
Active:           356344 kB
Mem:          3.8G       3.7G       130M       5.7M        28M       3.2G

MemTotal:        4016004 kB
MemFree:          133296 kB
Active:           356300 kB
Mem:          3.8G       3.7G       129M       5.7M        28M       3.2G

MemTotal:        4016004 kB
MemFree:          133172 kB
Active:           356340 kB
Mem:          3.8G       3.7G       130M       5.7M        28M       3.2G

MemTotal:        4016004 kB
MemFree:          133172 kB
Active:           356312 kB
Mem:          3.8G       3.7G       129M       5.7M        28M       3.2G

MemTotal:        4016004 kB
MemFree:          132676 kB
Active:           356336 kB
Mem:          3.8G       3.7G       129M       5.7M        28M       3.2G

MemTotal:        4016004 kB
MemFree:          132676 kB
Active:           356296 kB
Mem:          3.8G       3.7G       129M       5.7M        28M       3.2G

MemTotal:        4016004 kB
MemFree:          132552 kB
Active:           356348 kB
Mem:          3.8G       3.7G       129M       5.7M        28M       3.2G

MemTotal:        4016004 kB
MemFree:          132676 kB
Active:           356340 kB
Mem:          3.8G       3.7G       129M       5.7M        28M       3.2G

MemTotal:        4016004 kB
MemFree:          132676 kB
Active:           356336 kB
Mem:          3.8G       3.7G       129M       5.7M        28M       3.2G

MemTotal:        4016004 kB
MemFree:          132180 kB
Active:           356356 kB
Mem:          3.8G       3.7G       129M       5.7M        28M       3.2G

MemTotal:        4016004 kB
MemFree:          132428 kB
Active:           356344 kB
Mem:          3.8G       3.7G       129M       5.7M        28M       3.2G

MemTotal:        4016004 kB
MemFree:          132552 kB
Active:           356348 kB
Mem:          3.8G       3.7G       129M       5.7M        28M       3.2G

MemTotal:        4016004 kB
MemFree:          132676 kB
Active:           356344 kB
Mem:          3.8G       3.7G       129M       5.7M        28M       3.2G

MemTotal:        4016004 kB
MemFree:          132552 kB
Active:           356344 kB
Mem:          3.8G       3.7G       129M       5.7M        28M       3.2G

MemTotal:        4016004 kB
MemFree:          132552 kB
Active:           356344 kB
Mem:          3.8G       3.7G       129M       5.7M        28M       3.2G

MemTotal:        4016004 kB
MemFree:          132552 kB
Active:           356364 kB
Mem:          3.8G       3.7G       129M       5.7M        28M       3.2G

MemTotal:        4016004 kB
MemFree:          132800 kB
Active:           356308 kB
Mem:          3.8G       3.7G       129M       5.7M        28M       3.2G

MemTotal:        4016004 kB
MemFree:          132552 kB
Active:           356368 kB
Mem:          3.8G       3.7G       129M       5.7M        28M       3.2G

MemTotal:        4016004 kB
MemFree:          132676 kB
Active:           356356 kB
Mem:          3.8G       3.7G       129M       5.7M        28M       3.2G

MemTotal:        4016004 kB
MemFree:          132304 kB
Active:           356340 kB
Mem:          3.8G       3.7G       129M       5.7M        28M       3.2G

MemTotal:        4016004 kB
MemFree:          132056 kB
Active:           356372 kB
Mem:          3.8G       3.7G       128M       5.7M        28M       3.2G

MemTotal:        4016004 kB
MemFree:          132428 kB
Active:           356368 kB
Mem:          3.8G       3.7G       129M       5.7M        28M       3.2G

MemTotal:        4016004 kB
MemFree:          132180 kB
Active:           356364 kB
Mem:          3.8G       3.7G       129M       5.7M        28M       3.2G

MemTotal:        4016004 kB
MemFree:          132676 kB
Active:           356340 kB
Mem:          3.8G       3.7G       129M       5.7M        28M       3.2G

MemTotal:        4016004 kB
MemFree:          132924 kB
Active:           356376 kB
Mem:          3.8G       3.7G       129M       5.7M        28M       3.2G

MemTotal:        4016004 kB
MemFree:          133420 kB
Active:           356332 kB
Mem:          3.8G       3.7G       130M       5.7M        28M       3.2G

MemTotal:        4016004 kB
MemFree:          133048 kB
Active:           356344 kB
Mem:          3.8G       3.7G       129M       5.7M        28M       3.2G

MemTotal:        4016004 kB
MemFree:          133296 kB
Active:           356340 kB
Mem:          3.8G       3.7G       129M       5.7M        28M       3.2G

MemTotal:        4016004 kB
MemFree:          133048 kB
Active:           356380 kB
Mem:          3.8G       3.7G       130M       5.7M        28M       3.2G

MemTotal:        4016004 kB
MemFree:          133420 kB
Active:           356356 kB
Mem:          3.8G       3.7G       130M       5.7M        28M       3.2G

MemTotal:        4016004 kB
MemFree:          132800 kB
Active:           356344 kB
Mem:          3.8G       3.7G       129M       5.7M        28M       3.2G

MemTotal:        4016004 kB
MemFree:          133172 kB
Active:           356376 kB
Mem:          3.8G       3.7G       129M       5.7M        28M       3.2G

MemTotal:        4016004 kB
MemFree:          133048 kB
Active:           356384 kB
Mem:          3.8G       3.7G       129M       5.7M        28M       3.2G

MemTotal:        4016004 kB
MemFree:          133048 kB
Active:           356396 kB
Mem:          3.8G       3.7G       130M       5.7M        28M       3.2G

MemTotal:        4016004 kB
MemFree:          133296 kB
Active:           356404 kB
Mem:          3.8G       3.7G       130M       5.7M        28M       3.2G

MemTotal:        4016004 kB
MemFree:          132800 kB
Active:           356404 kB
Mem:          3.8G       3.7G       129M       5.7M        28M       3.2G

MemTotal:        4016004 kB
MemFree:          132924 kB
Active:           356404 kB
Mem:          3.8G       3.7G       129M       5.7M        28M       3.2G

MemTotal:        4016004 kB
MemFree:          133048 kB
Active:           356372 kB
Mem:          3.8G       3.7G       129M       5.7M        28M       3.2G

MemTotal:        4016004 kB
MemFree:          132552 kB
Active:           356404 kB
Mem:          3.8G       3.7G       129M       5.7M        28M       3.2G

MemTotal:        4016004 kB
MemFree:          132676 kB
Active:           356368 kB
Mem:          3.8G       3.7G       129M       5.7M        28M       3.2G

MemTotal:        4016004 kB
MemFree:          132552 kB
Active:           356392 kB
Mem:          3.8G       3.7G       129M       5.7M        28M       3.2G

MemTotal:        4016004 kB
MemFree:          132552 kB
Active:           356404 kB
Mem:          3.8G       3.7G       129M       5.7M        28M       3.2G

MemTotal:        4016004 kB
MemFree:          132800 kB
Active:           356404 kB
Mem:          3.8G       3.7G       129M       5.7M        28M       3.2G

MemTotal:        4016004 kB
MemFree:          132924 kB
Active:           356384 kB
Mem:          3.8G       3.7G       129M       5.7M        28M       3.2G

MemTotal:        4016004 kB
MemFree:          132924 kB
Active:           356364 kB
Mem:          3.8G       3.7G       129M       5.7M        28M       3.2G

MemTotal:        4016004 kB
MemFree:          132676 kB
Active:           356396 kB
Mem:          3.8G       3.7G       129M       5.7M        28M       3.2G

MemTotal:        4016004 kB
MemFree:          132924 kB
Active:           356404 kB
Mem:          3.8G       3.7G       129M       5.7M        28M       3.2G

MemTotal:        4016004 kB
MemFree:          132924 kB
Active:           356368 kB
Mem:          3.8G       3.7G       129M       5.7M        28M       3.2G

MemTotal:        4016004 kB
MemFree:          132676 kB
Active:           356396 kB
Mem:          3.8G       3.7G       129M       5.7M        28M       3.2G

MemTotal:        4016004 kB
MemFree:          132800 kB
Active:           356380 kB
Mem:          3.8G       3.7G       129M       5.7M        28M       3.2G

MemTotal:        4016004 kB
MemFree:          132800 kB
Active:           356420 kB
Mem:          3.8G       3.7G       129M       5.7M        28M       3.2G

MemTotal:        4016004 kB
MemFree:          132924 kB
Active:           356388 kB
Mem:          3.8G       3.7G       129M       5.7M        28M       3.2G

MemTotal:        4016004 kB
MemFree:          132800 kB
Active:           356420 kB
Mem:          3.8G       3.7G       129M       5.7M        28M       3.2G

MemTotal:        4016004 kB
MemFree:          132800 kB
Active:           356428 kB
Mem:          3.8G       3.7G       129M       5.7M        28M       3.2G

MemTotal:        4016004 kB
MemFree:          132924 kB
Active:           356412 kB
Mem:          3.8G       3.7G       129M       5.7M        28M       3.2G

MemTotal:        4016004 kB
MemFree:          132552 kB
Active:           356392 kB
Mem:          3.8G       3.7G       129M       5.7M        28M       3.2G

MemTotal:        4016004 kB
MemFree:          132552 kB
Active:           356432 kB
Mem:          3.8G       3.7G       129M       5.7M        28M       3.2G

MemTotal:        4016004 kB
MemFree:          132800 kB
Active:           356444 kB
Mem:          3.8G       3.7G       129M       5.7M        28M       3.2G

MemTotal:        4016004 kB
MemFree:          132428 kB
Active:           356440 kB
Mem:          3.8G       3.7G       129M       5.7M        28M       3.2G

MemTotal:        4016004 kB
MemFree:          132800 kB
Active:           356436 kB
Mem:          3.8G       3.7G       129M       5.7M        28M       3.2G

MemTotal:        4016004 kB
MemFree:          132428 kB
Active:           356448 kB
Mem:          3.8G       3.7G       129M       5.7M        28M       3.2G

MemTotal:        4016004 kB
MemFree:          132428 kB
Active:           356448 kB
Mem:          3.8G       3.7G       129M       5.7M        28M       3.2G

MemTotal:        4016004 kB
MemFree:          132676 kB
Active:           356408 kB
Mem:          3.8G       3.7G       129M       5.7M        28M       3.2G

MemTotal:        4016004 kB
MemFree:          132428 kB
Active:           356444 kB
Mem:          3.8G       3.7G       129M       5.7M        28M       3.2G

MemTotal:        4016004 kB
MemFree:          132304 kB
Active:           356448 kB
Mem:          3.8G       3.7G       129M       5.7M        28M       3.2G

MemTotal:        4016004 kB
MemFree:          132428 kB
Active:           356404 kB
Mem:          3.8G       3.7G       128M       5.7M        28M       3.2G

MemTotal:        4016004 kB
MemFree:          132676 kB
Active:           356456 kB
Mem:          3.8G       3.7G       129M       5.7M        28M       3.2G

MemTotal:        4016004 kB
MemFree:          132552 kB
Active:           356456 kB
Mem:          3.8G       3.7G       129M       5.7M        28M       3.2G

MemTotal:        4016004 kB
MemFree:          132924 kB
Active:           356460 kB
Mem:          3.8G       3.7G       129M       5.7M        28M       3.2G

MemTotal:        4016004 kB
MemFree:          132924 kB
Active:           356452 kB
Mem:          3.8G       3.7G       129M       5.7M        28M       3.2G

MemTotal:        4016004 kB
MemFree:          132924 kB
Active:           356448 kB
Mem:          3.8G       3.7G       129M       5.7M        28M       3.2G

MemTotal:        4016004 kB
MemFree:          132676 kB
Active:           356472 kB
Mem:          3.8G       3.7G       129M       5.7M        28M       3.2G

MemTotal:        4016004 kB
MemFree:          132800 kB
Active:           356472 kB
Mem:          3.8G       3.7G       129M       5.7M        28M       3.2G

MemTotal:        4016004 kB
MemFree:          132800 kB
Active:           356444 kB
Mem:          3.8G       3.7G       129M       5.7M        28M       3.2G

MemTotal:        4016004 kB
MemFree:          133048 kB
Active:           356432 kB
Mem:          3.8G       3.7G       129M       5.7M        28M       3.2G

MemTotal:        4016004 kB
MemFree:          132304 kB
Active:           356468 kB
