MemTotal:        4016004 kB
MemFree:         3223928 kB
Active:           437184 kB
Mem:          3.8G       773M       3.1G       5.7M        55M       325M

MemTotal:        4016004 kB
MemFree:         3223044 kB
Active:           437692 kB
Mem:          3.8G       774M       3.1G       5.7M        55M       325M

MemTotal:        4016004 kB
MemFree:         3223028 kB
Active:           437756 kB
Mem:          3.8G       774M       3.1G       5.7M        55M       325M

MemTotal:        4016004 kB
MemFree:         3222904 kB
Active:           437760 kB
Mem:          3.8G       774M       3.1G       5.7M        55M       325M

MemTotal:        4016004 kB
MemFree:         3222676 kB
Active:           435864 kB
Mem:          3.8G       774M       3.1G       5.7M        55M       325M

MemTotal:        4016004 kB
MemFree:         3223020 kB
Active:           437792 kB
Mem:          3.8G       774M       3.1G       5.7M        55M       325M

MemTotal:        4016004 kB
MemFree:         3223020 kB
Active:           437812 kB
Mem:          3.8G       774M       3.1G       5.7M        55M       325M

MemTotal:        4016004 kB
MemFree:         3223144 kB
Active:           437772 kB
Mem:          3.8G       774M       3.1G       5.7M        55M       325M

MemTotal:        4016004 kB
MemFree:         3222896 kB
Active:           437812 kB
Mem:          3.8G       774M       3.1G       5.7M        55M       325M

MemTotal:        4016004 kB
MemFree:         3222896 kB
Active:           437784 kB
Mem:          3.8G       774M       3.1G       5.7M        55M       325M

MemTotal:        4016004 kB
MemFree:         3222772 kB
Active:           437804 kB
Mem:          3.8G       774M       3.1G       5.7M        55M       325M

MemTotal:        4016004 kB
MemFree:         3222772 kB
Active:           437800 kB
Mem:          3.8G       774M       3.1G       5.7M        55M       325M

MemTotal:        4016004 kB
MemFree:         3222260 kB
Active:           437824 kB
Mem:          3.8G       775M       3.1G       5.7M        55M       325M

MemTotal:        4016004 kB
MemFree:         3222244 kB
Active:           437832 kB
Mem:          3.8G       774M       3.1G       5.7M        55M       325M

MemTotal:        4016004 kB
MemFree:         3222244 kB
Active:           437808 kB
Mem:          3.8G       775M       3.1G       5.7M        55M       325M

MemTotal:        4016004 kB
MemFree:         3222384 kB
Active:           437812 kB
Mem:          3.8G       775M       3.1G       5.7M        55M       325M

MemTotal:        4016004 kB
MemFree:         3222384 kB
Active:           437828 kB
Mem:          3.8G       775M       3.1G       5.7M        55M       325M

MemTotal:        4016004 kB
MemFree:         3222384 kB
Active:           437816 kB
Mem:          3.8G       775M       3.1G       5.7M        55M       325M

MemTotal:        4016004 kB
MemFree:         3222260 kB
Active:           437828 kB
Mem:          3.8G       775M       3.1G       5.7M        55M       325M

MemTotal:        4016004 kB
MemFree:         3221748 kB
Active:           437836 kB
Mem:          3.8G       775M       3.1G       5.7M        55M       325M

MemTotal:        4016004 kB
MemFree:         3222104 kB
Active:           437836 kB
Mem:          3.8G       775M       3.1G       5.7M        55M       325M

MemTotal:        4016004 kB
MemFree:         3221856 kB
Active:           437840 kB
Mem:          3.8G       775M       3.1G       5.7M        55M       325M

MemTotal:        4016004 kB
MemFree:         3222476 kB
Active:           437812 kB
Mem:          3.8G       775M       3.1G       5.7M        55M       325M

MemTotal:        4016004 kB
MemFree:         3222352 kB
Active:           437824 kB
Mem:          3.8G       775M       3.1G       5.7M        55M       325M

MemTotal:        4016004 kB
MemFree:         3222408 kB
Active:           435936 kB
Mem:          3.8G       774M       3.1G       5.7M        55M       325M

MemTotal:        4016004 kB
MemFree:         3222412 kB
Active:           437816 kB
Mem:          3.8G       774M       3.1G       5.7M        55M       325M

MemTotal:        4016004 kB
MemFree:         3222412 kB
Active:           437824 kB
Mem:          3.8G       775M       3.1G       5.7M        55M       325M

MemTotal:        4016004 kB
MemFree:         3222536 kB
Active:           437828 kB
Mem:          3.8G       775M       3.1G       5.7M        55M       325M

MemTotal:        4016004 kB
MemFree:         3222784 kB
Active:           437828 kB
Mem:          3.8G       774M       3.1G       5.7M        55M       325M

MemTotal:        4016004 kB
MemFree:         3222164 kB
Active:           437880 kB
Mem:          3.8G       775M       3.1G       5.7M        55M       325M

MemTotal:        4016004 kB
MemFree:         3222040 kB
Active:           437876 kB
Mem:          3.8G       775M       3.1G       5.7M        55M       325M

MemTotal:        4016004 kB
MemFree:         3221916 kB
Active:           437872 kB
Mem:          3.8G       775M       3.1G       5.7M        55M       325M

MemTotal:        4016004 kB
MemFree:         3221916 kB
Active:           437824 kB
Mem:          3.8G       775M       3.1G       5.7M        55M       325M

MemTotal:        4016004 kB
MemFree:         3221776 kB
Active:           437824 kB
Mem:          3.8G       775M       3.1G       5.7M        55M       325M

MemTotal:        4016004 kB
MemFree:         3221728 kB
Active:           437840 kB
Mem:          3.8G       775M       3.1G       5.7M        55M       325M

MemTotal:        4016004 kB
MemFree:         3212732 kB
Active:           445892 kB
Mem:          3.8G       784M       3.1G       5.7M        62M       325M

MemTotal:        4016004 kB
MemFree:         3212304 kB
Active:           445848 kB
Mem:          3.8G       784M       3.1G       5.7M        62M       325M

MemTotal:        4016004 kB
MemFree:         3212800 kB
Active:           445828 kB
Mem:          3.8G       784M       3.1G       5.7M        62M       325M

MemTotal:        4016004 kB
MemFree:         3213048 kB
Active:           445824 kB
Mem:          3.8G       784M       3.1G       5.7M        62M       325M

MemTotal:        4016004 kB
MemFree:         3213048 kB
Active:           445800 kB
Mem:          3.8G       784M       3.1G       5.7M        62M       325M

MemTotal:        4016004 kB
MemFree:         3212924 kB
Active:           445808 kB
Mem:          3.8G       784M       3.1G       5.7M        62M       325M

MemTotal:        4016004 kB
MemFree:         3213376 kB
Active:           445800 kB
Mem:          3.8G       783M       3.1G       5.7M        62M       325M

MemTotal:        4016004 kB
MemFree:         3213004 kB
Active:           445860 kB
Mem:          3.8G       784M       3.1G       5.7M        62M       325M

MemTotal:        4016004 kB
MemFree:         3212756 kB
Active:           445864 kB
Mem:          3.8G       784M       3.1G       5.7M        62M       325M

MemTotal:        4016004 kB
MemFree:         3213128 kB
Active:           445848 kB
Mem:          3.8G       783M       3.1G       5.7M        62M       325M

MemTotal:        4016004 kB
MemFree:         3213252 kB
Active:           445840 kB
Mem:          3.8G       783M       3.1G       5.7M        62M       325M

MemTotal:        4016004 kB
MemFree:         3213872 kB
Active:           445820 kB
Mem:          3.8G       783M       3.1G       5.7M        62M       325M

MemTotal:        4016004 kB
MemFree:         3213624 kB
Active:           445828 kB
Mem:          3.8G       783M       3.1G       5.7M        62M       325M

MemTotal:        4016004 kB
MemFree:         3213732 kB
Active:           445848 kB
Mem:          3.8G       783M       3.1G       5.7M        62M       325M

MemTotal:        4016004 kB
MemFree:         3213748 kB
Active:           445856 kB
Mem:          3.8G       783M       3.1G       5.7M        62M       325M

MemTotal:        4016004 kB
MemFree:         3213748 kB
Active:           445864 kB
Mem:          3.8G       783M       3.1G       5.7M        62M       325M

MemTotal:        4016004 kB
MemFree:         3213904 kB
Active:           445832 kB
Mem:          3.8G       783M       3.1G       5.7M        62M       325M

MemTotal:        4016004 kB
MemFree:         3213408 kB
Active:           445900 kB
Mem:          3.8G       783M       3.1G       5.7M        62M       325M

MemTotal:        4016004 kB
MemFree:         3213532 kB
Active:           445888 kB
Mem:          3.8G       783M       3.1G       5.7M        62M       325M

MemTotal:        4016004 kB
MemFree:         3212764 kB
Active:           443996 kB
Mem:          3.8G       784M       3.1G       5.7M        62M       325M

MemTotal:        4016004 kB
MemFree:         3213264 kB
Active:           445872 kB
Mem:          3.8G       783M       3.1G       5.7M        62M       325M

MemTotal:        4016004 kB
MemFree:         3212908 kB
Active:           445908 kB
Mem:          3.8G       783M       3.1G       5.7M        62M       325M

MemTotal:        4016004 kB
MemFree:         3213156 kB
Active:           445860 kB
Mem:          3.8G       784M       3.1G       5.7M        62M       325M

MemTotal:        4016004 kB
MemFree:         3213156 kB
Active:           445876 kB
Mem:          3.8G       784M       3.1G       5.7M        62M       325M

MemTotal:        4016004 kB
MemFree:         3213404 kB
Active:           445868 kB
Mem:          3.8G       783M       3.1G       5.7M        62M       325M

MemTotal:        4016004 kB
MemFree:         3213528 kB
Active:           445904 kB
Mem:          3.8G       783M       3.1G       5.7M        62M       325M

MemTotal:        4016004 kB
MemFree:         3213140 kB
Active:           445916 kB
Mem:          3.8G       784M       3.1G       5.7M        62M       325M

MemTotal:        4016004 kB
MemFree:         3213232 kB
Active:           445912 kB
Mem:          3.8G       784M       3.1G       5.7M        62M       325M

MemTotal:        4016004 kB
MemFree:         3213676 kB
Active:           445988 kB
Mem:          3.8G       783M       3.1G       5.7M        62M       325M

MemTotal:        4016004 kB
MemFree:         3213156 kB
Active:           445912 kB
Mem:          3.8G       784M       3.1G       5.7M        62M       325M

MemTotal:        4016004 kB
MemFree:         3213296 kB
Active:           445904 kB
Mem:          3.8G       784M       3.1G       5.7M        62M       325M

MemTotal:        4016004 kB
MemFree:         3213296 kB
Active:           445912 kB
Mem:          3.8G       783M       3.1G       5.7M        62M       325M

MemTotal:        4016004 kB
MemFree:         3213312 kB
Active:           445884 kB
Mem:          3.8G       783M       3.1G       5.7M        62M       325M

MemTotal:        4016004 kB
MemFree:         3212924 kB
Active:           445924 kB
Mem:          3.8G       784M       3.1G       5.7M        62M       325M

MemTotal:        4016004 kB
MemFree:         3213140 kB
Active:           445896 kB
Mem:          3.8G       784M       3.1G       5.7M        62M       325M

MemTotal:        4016004 kB
MemFree:         3213140 kB
Active:           445884 kB
Mem:          3.8G       784M       3.1G       5.7M        62M       325M

MemTotal:        4016004 kB
MemFree:         3212536 kB
Active:           445972 kB
Mem:          3.8G       784M       3.1G       5.7M        62M       325M

MemTotal:        4016004 kB
MemFree:         3212288 kB
Active:           445952 kB
Mem:          3.8G       784M       3.1G       5.7M        62M       325M

MemTotal:        4016004 kB
MemFree:         3212752 kB
Active:           445820 kB
Mem:          3.8G       784M       3.1G       5.7M        62M       325M

MemTotal:        4016004 kB
MemFree:         3212628 kB
Active:           445808 kB
Mem:          3.8G       784M       3.1G       5.7M        62M       325M

MemTotal:        4016004 kB
MemFree:         3212752 kB
Active:           445800 kB
Mem:          3.8G       784M       3.1G       5.7M        62M       325M

MemTotal:        4016004 kB
MemFree:         3212628 kB
Active:           445804 kB
Mem:          3.8G       784M       3.1G       5.7M        62M       325M

MemTotal:        4016004 kB
MemFree:         3212380 kB
Active:           446148 kB
Mem:          3.8G       784M       3.1G       5.7M        62M       325M

MemTotal:        4016004 kB
MemFree:         3213032 kB
Active:           445944 kB
Mem:          3.8G       784M       3.1G       5.7M        62M       325M

MemTotal:        4016004 kB
MemFree:         3213032 kB
Active:           445900 kB
Mem:          3.8G       784M       3.1G       5.7M        62M       325M

MemTotal:        4016004 kB
MemFree:         3213140 kB
Active:           446060 kB
Mem:          3.8G       783M       3.1G       5.7M        62M       325M

MemTotal:        4016004 kB
MemFree:         3213264 kB
Active:           446024 kB
Mem:          3.8G       783M       3.1G       5.7M        62M       325M

MemTotal:        4016004 kB
MemFree:         3213372 kB
Active:           445912 kB
Mem:          3.8G       783M       3.1G       5.7M        62M       325M

MemTotal:        4016004 kB
MemFree:         3213172 kB
Active:           446088 kB
Mem:          3.8G       783M       3.1G       5.7M        62M       325M

MemTotal:        4016004 kB
MemFree:         3213208 kB
Active:           443988 kB
Mem:          3.8G       784M       3.1G       5.7M        62M       325M

MemTotal:        4016004 kB
MemFree:         3212704 kB
Active:           445980 kB
Mem:          3.8G       784M       3.1G       5.7M        62M       325M

MemTotal:        4016004 kB
MemFree:         3212860 kB
Active:           445952 kB
Mem:          3.8G       784M       3.1G       5.7M        62M       325M

MemTotal:        4016004 kB
MemFree:         3212596 kB
Active:           445980 kB
Mem:          3.8G       784M       3.1G       5.7M        62M       325M

MemTotal:        4016004 kB
MemFree:         3212932 kB
Active:           445988 kB
Mem:          3.8G       784M       3.1G       5.7M        62M       325M

MemTotal:        4016004 kB
MemFree:         3213056 kB
Active:           446120 kB
Mem:          3.8G       784M       3.1G       5.7M        62M       325M

MemTotal:        4016004 kB
MemFree:         3213060 kB
Active:           445988 kB
Mem:          3.8G       784M       3.1G       5.7M        62M       325M

MemTotal:        4016004 kB
MemFree:         3213060 kB
Active:           445944 kB
Mem:          3.8G       784M       3.1G       5.7M        62M       325M

MemTotal:        4016004 kB
MemFree:         3213200 kB
Active:           445940 kB
Mem:          3.8G       784M       3.1G       5.7M        62M       325M

MemTotal:        4016004 kB
MemFree:         3213572 kB
Active:           445940 kB
Mem:          3.8G       783M       3.1G       5.7M        62M       325M

MemTotal:        4016004 kB
MemFree:         3213188 kB
Active:           443960 kB
Mem:          3.8G       784M       3.1G       5.7M        62M       325M

MemTotal:        4016004 kB
MemFree:         3212972 kB
Active:           446168 kB
Mem:          3.8G       784M       3.1G       5.7M        62M       325M

MemTotal:        4016004 kB
MemFree:         3213344 kB
Active:           446012 kB
Mem:          3.8G       783M       3.1G       5.7M        62M       325M

MemTotal:        4016004 kB
MemFree:         3213064 kB
Active:           446052 kB
Mem:          3.8G       784M       3.1G       5.7M        62M       325M

MemTotal:        4016004 kB
MemFree:         3213344 kB
Active:           446048 kB
Mem:          3.8G       783M       3.1G       5.7M        62M       325M

MemTotal:        4016004 kB
MemFree:         3213204 kB
Active:           446080 kB
Mem:          3.8G       783M       3.1G       5.7M        62M       325M

MemTotal:        4016004 kB
MemFree:         3213064 kB
Active:           446084 kB
Mem:          3.8G       784M       3.1G       5.7M        62M       325M

MemTotal:        4016004 kB
MemFree:         3169472 kB
Active:           446628 kB
Mem:          3.8G       826M       3.0G       5.7M        62M       368M

MemTotal:        4016004 kB
MemFree:         3122472 kB
Active:           446588 kB
Mem:          3.8G       873M       3.0G       5.7M        62M       413M

MemTotal:        4016004 kB
MemFree:         3075504 kB
Active:           446636 kB
Mem:          3.8G       918M       2.9G       5.7M        62M       458M

MemTotal:        4016004 kB
MemFree:         3029320 kB
Active:           446688 kB
Mem:          3.8G       964M       2.9G       5.7M        62M       503M

MemTotal:        4016004 kB
MemFree:         2982352 kB
Active:           446688 kB
Mem:          3.8G       1.0G       2.8G       5.7M        62M       548M

MemTotal:        4016004 kB
MemFree:         2935088 kB
Active:           446688 kB
Mem:          3.8G       1.0G       2.8G       5.7M        62M       593M

MemTotal:        4016004 kB
MemFree:         2887252 kB
Active:           446696 kB
Mem:          3.8G       1.1G       2.8G       5.7M        62M       638M

MemTotal:        4016004 kB
MemFree:         2859216 kB
Active:           446696 kB
Mem:          3.8G       1.1G       2.7G       5.7M        62M       665M

MemTotal:        4016004 kB
MemFree:         2829704 kB
Active:           446716 kB
Mem:          3.8G       1.1G       2.7G       5.7M        62M       694M

MemTotal:        4016004 kB
MemFree:         2783404 kB
Active:           446708 kB
Mem:          3.8G       1.2G       2.7G       5.7M        62M       740M

MemTotal:        4016004 kB
MemFree:         2767628 kB
Active:           446720 kB
Mem:          3.8G       1.2G       2.6G       5.7M        62M       754M

MemTotal:        4016004 kB
MemFree:         2767780 kB
Active:           446748 kB
Mem:          3.8G       1.2G       2.6G       5.7M        62M       754M

MemTotal:        4016004 kB
MemFree:         2733860 kB
Active:           446756 kB
Mem:          3.8G       1.2G       2.6G       5.7M        62M       786M

MemTotal:        4016004 kB
MemFree:         2686632 kB
Active:           446756 kB
Mem:          3.8G       1.3G       2.6G       5.7M        62M       832M

MemTotal:        4016004 kB
MemFree:         2639900 kB
Active:           446756 kB
Mem:          3.8G       1.3G       2.5G       5.7M        62M       877M

MemTotal:        4016004 kB
MemFree:         2592792 kB
Active:           446760 kB
Mem:          3.8G       1.4G       2.5G       5.7M        62M       922M

MemTotal:        4016004 kB
MemFree:         2546056 kB
Active:           446768 kB
Mem:          3.8G       1.4G       2.4G       5.7M        62M       967M

MemTotal:        4016004 kB
MemFree:         2499956 kB
Active:           446772 kB
Mem:          3.8G       1.4G       2.4G       5.7M        62M       1.0G

MemTotal:        4016004 kB
MemFree:         2453112 kB
Active:           446764 kB
Mem:          3.8G       1.5G       2.3G       5.7M        62M       1.0G

MemTotal:        4016004 kB
MemFree:         2405784 kB
Active:           446784 kB
Mem:          3.8G       1.5G       2.3G       5.7M        62M       1.1G

MemTotal:        4016004 kB
MemFree:         2358772 kB
Active:           446784 kB
Mem:          3.8G       1.6G       2.2G       5.7M        62M       1.1G

MemTotal:        4016004 kB
MemFree:         2323120 kB
Active:           446784 kB
Mem:          3.8G       1.6G       2.2G       5.7M        62M       1.2G

MemTotal:        4016004 kB
MemFree:         2286772 kB
Active:           446808 kB
Mem:          3.8G       1.6G       2.2G       5.7M        62M       1.2G

MemTotal:        4016004 kB
MemFree:         2240284 kB
Active:           446808 kB
Mem:          3.8G       1.7G       2.1G       5.7M        62M       1.2G

MemTotal:        4016004 kB
MemFree:         2230588 kB
Active:           446824 kB
Mem:          3.8G       1.7G       2.1G       5.7M        62M       1.2G

MemTotal:        4016004 kB
MemFree:         2187132 kB
Active:           446836 kB
Mem:          3.8G       1.7G       2.1G       5.7M        62M       1.3G

MemTotal:        4016004 kB
MemFree:         2140664 kB
Active:           446836 kB
Mem:          3.8G       1.8G       2.0G       5.7M        62M       1.3G

MemTotal:        4016004 kB
MemFree:         2130252 kB
Active:           446836 kB
Mem:          3.8G       1.8G       2.0G       5.7M        62M       1.3G

MemTotal:        4016004 kB
MemFree:         2089100 kB
Active:           446844 kB
Mem:          3.8G       1.8G       2.0G       5.7M        62M       1.4G

MemTotal:        4016004 kB
MemFree:         2042488 kB
Active:           446844 kB
Mem:          3.8G       1.9G       1.9G       5.7M        62M       1.4G

MemTotal:        4016004 kB
MemFree:         1995628 kB
Active:           446844 kB
Mem:          3.8G       1.9G       1.9G       5.7M        62M       1.5G

MemTotal:        4016004 kB
MemFree:         1949760 kB
Active:           446844 kB
Mem:          3.8G       2.0G       1.9G       5.7M        62M       1.5G

MemTotal:        4016004 kB
MemFree:         1902528 kB
Active:           446852 kB
Mem:          3.8G       2.0G       1.8G       5.7M        62M       1.5G

MemTotal:        4016004 kB
MemFree:         1875576 kB
Active:           446864 kB
Mem:          3.8G       2.0G       1.8G       5.7M        62M       1.6G

MemTotal:        4016004 kB
MemFree:         1829120 kB
Active:           446812 kB
Mem:          3.8G       2.1G       1.7G       5.7M        62M       1.6G

MemTotal:        4016004 kB
MemFree:         1786248 kB
Active:           446872 kB
Mem:          3.8G       2.1G       1.7G       5.7M        62M       1.7G

MemTotal:        4016004 kB
MemFree:         1769860 kB
Active:           446884 kB
Mem:          3.8G       2.1G       1.7G       5.7M        62M       1.7G

MemTotal:        4016004 kB
MemFree:         1722880 kB
Active:           446884 kB
Mem:          3.8G       2.2G       1.6G       5.7M        62M       1.7G

MemTotal:        4016004 kB
MemFree:         1638624 kB
Active:           446888 kB
Mem:          3.8G       2.3G       1.6G       5.7M        62M       1.8G

MemTotal:        4016004 kB
MemFree:         1592464 kB
Active:           446896 kB
Mem:          3.8G       2.3G       1.5G       5.7M        62M       1.8G

MemTotal:        4016004 kB
MemFree:         1545356 kB
Active:           446852 kB
Mem:          3.8G       2.4G       1.5G       5.7M        62M       1.9G

MemTotal:        4016004 kB
MemFree:         1498992 kB
Active:           446884 kB
Mem:          3.8G       2.4G       1.4G       5.7M        62M       1.9G

MemTotal:        4016004 kB
MemFree:         1451164 kB
Active:           444932 kB
Mem:          3.8G       2.4G       1.4G       5.7M        62M       2.0G

MemTotal:        4016004 kB
MemFree:         1406576 kB
Active:           446904 kB
Mem:          3.8G       2.5G       1.3G       5.7M        62M       2.0G

MemTotal:        4016004 kB
MemFree:         1359332 kB
Active:           446908 kB
Mem:          3.8G       2.5G       1.3G       5.7M        62M       2.1G

MemTotal:        4016004 kB
MemFree:         1313052 kB
Active:           446908 kB
Mem:          3.8G       2.6G       1.3G       5.7M        62M       2.1G

MemTotal:        4016004 kB
MemFree:         1265836 kB
Active:           446924 kB
Mem:          3.8G       2.6G       1.2G       5.7M        62M       2.1G

MemTotal:        4016004 kB
MemFree:         1254072 kB
Active:           446880 kB
Mem:          3.8G       2.6G       1.2G       5.7M        62M       2.2G

MemTotal:        4016004 kB
MemFree:         1210436 kB
Active:           446944 kB
Mem:          3.8G       2.7G       1.2G       5.7M        62M       2.2G

MemTotal:        4016004 kB
MemFree:         1163128 kB
Active:           446948 kB
Mem:          3.8G       2.7G       1.1G       5.7M        62M       2.2G

MemTotal:        4016004 kB
MemFree:         1116396 kB
Active:           446948 kB
Mem:          3.8G       2.8G       1.1G       5.7M        62M       2.3G

MemTotal:        4016004 kB
MemFree:         1070132 kB
Active:           446952 kB
Mem:          3.8G       2.8G       1.0G       5.7M        62M       2.3G

MemTotal:        4016004 kB
MemFree:         1022128 kB
Active:           444940 kB
Mem:          3.8G       2.9G       997M       5.7M        62M       2.4G

MemTotal:        4016004 kB
MemFree:          976732 kB
Active:           447024 kB
Mem:          3.8G       2.9G       953M       5.7M        62M       2.4G

MemTotal:        4016004 kB
MemFree:          929360 kB
Active:           447028 kB
Mem:          3.8G       2.9G       907M       5.7M        62M       2.5G

MemTotal:        4016004 kB
MemFree:          882748 kB
Active:           447032 kB
Mem:          3.8G       3.0G       862M       5.7M        62M       2.5G

MemTotal:        4016004 kB
MemFree:          846116 kB
Active:           446992 kB
Mem:          3.8G       3.0G       826M       5.7M        62M       2.5G

MemTotal:        4016004 kB
MemFree:          811256 kB
Active:           447052 kB
Mem:          3.8G       3.1G       792M       5.7M        62M       2.6G

MemTotal:        4016004 kB
MemFree:          765848 kB
Active:           447064 kB
Mem:          3.8G       3.1G       747M       5.7M        62M       2.6G

MemTotal:        4016004 kB
MemFree:          718712 kB
Active:           447064 kB
Mem:          3.8G       3.1G       701M       5.7M        62M       2.7G

MemTotal:        4016004 kB
MemFree:          671176 kB
Active:           447100 kB
Mem:          3.8G       3.2G       655M       5.7M        62M       2.7G

MemTotal:        4016004 kB
MemFree:          652096 kB
Active:           447112 kB
Mem:          3.8G       3.2G       636M       5.7M        62M       2.7G

MemTotal:        4016004 kB
MemFree:          648936 kB
Active:           447084 kB
Mem:          3.8G       3.2G       633M       5.7M        62M       2.7G

MemTotal:        4016004 kB
MemFree:          602432 kB
Active:           449164 kB
Mem:          3.8G       3.3G       587M       5.7M        62M       2.8G

MemTotal:        4016004 kB
MemFree:          554940 kB
Active:           449164 kB
Mem:          3.8G       3.3G       541M       5.7M        62M       2.8G

MemTotal:        4016004 kB
MemFree:          509104 kB
Active:           449120 kB
Mem:          3.8G       3.3G       496M       5.7M        62M       2.9G

MemTotal:        4016004 kB
MemFree:          462508 kB
Active:           449168 kB
Mem:          3.8G       3.4G       451M       5.7M        62M       2.9G

MemTotal:        4016004 kB
MemFree:          415896 kB
Active:           449176 kB
Mem:          3.8G       3.4G       405M       5.7M        62M       2.9G

MemTotal:        4016004 kB
MemFree:          368416 kB
Active:           449176 kB
Mem:          3.8G       3.5G       359M       5.7M        62M       3.0G

MemTotal:        4016004 kB
MemFree:          321448 kB
Active:           449176 kB
Mem:          3.8G       3.5G       313M       5.7M        62M       3.0G

MemTotal:        4016004 kB
MemFree:          274804 kB
Active:           449172 kB
Mem:          3.8G       3.6G       267M       5.7M        62M       3.1G

MemTotal:        4016004 kB
MemFree:          228020 kB
Active:           449176 kB
Mem:          3.8G       3.6G       222M       5.7M        62M       3.1G

MemTotal:        4016004 kB
MemFree:          211932 kB
Active:           449184 kB
Mem:          3.8G       3.6G       206M       5.7M        62M       3.1G

MemTotal:        4016004 kB
MemFree:          164736 kB
Active:           449228 kB
Mem:          3.8G       3.7G       160M       5.7M        62M       3.2G

MemTotal:        4016004 kB
MemFree:          132892 kB
Active:           449228 kB
Mem:          3.8G       3.7G       129M       5.7M        62M       3.2G

MemTotal:        4016004 kB
MemFree:          132820 kB
Active:           449044 kB
Mem:          3.8G       3.7G       129M       5.7M        62M       3.2G

MemTotal:        4016004 kB
MemFree:          128824 kB
Active:           449080 kB
Mem:          3.8G       3.7G       125M       5.7M        62M       3.2G

MemTotal:        4016004 kB
MemFree:          118708 kB
Active:           445932 kB
Mem:          3.8G       3.7G       130M       5.7M        29M       3.2G

MemTotal:        4016004 kB
MemFree:          129860 kB
Active:           460508 kB
Mem:          3.8G       3.7G       124M       5.7M        29M       3.2G

MemTotal:        4016004 kB
MemFree:          164128 kB
Active:           503000 kB
Mem:          3.8G       3.7G       160M       5.7M        29M       3.2G

MemTotal:        4016004 kB
MemFree:          117712 kB
Active:           502936 kB
Mem:          3.8G       3.7G       114M       5.7M        29M       3.3G

MemTotal:        4016004 kB
MemFree:          107680 kB
Active:           497640 kB
Mem:          3.8G       3.7G       104M       5.7M        29M       3.3G

MemTotal:        4016004 kB
MemFree:          132536 kB
Active:           486608 kB
Mem:          3.8G       3.7G       128M       5.7M        29M       3.2G

MemTotal:        4016004 kB
MemFree:          133372 kB
Active:           481740 kB
Mem:          3.8G       3.7G       129M       5.7M        29M       3.2G

MemTotal:        4016004 kB
MemFree:          135164 kB
Active:           477132 kB
Mem:          3.8G       3.7G       131M       5.7M        29M       3.2G

MemTotal:        4016004 kB
MemFree:          140604 kB
Active:           470884 kB
Mem:          3.8G       3.7G       136M       5.7M        29M       3.2G

MemTotal:        4016004 kB
MemFree:          129404 kB
Active:           467556 kB
Mem:          3.8G       3.7G       126M       5.7M        29M       3.2G

MemTotal:        4016004 kB
MemFree:          133160 kB
Active:           464120 kB
Mem:          3.8G       3.7G       129M       5.7M        29M       3.2G

MemTotal:        4016004 kB
MemFree:          131812 kB
Active:           463968 kB
Mem:          3.8G       3.7G       128M       5.7M        29M       3.2G

MemTotal:        4016004 kB
MemFree:          130852 kB
Active:           463976 kB
Mem:          3.8G       3.7G       127M       5.7M        29M       3.2G

MemTotal:        4016004 kB
MemFree:          110344 kB
Active:           463996 kB
Mem:          3.8G       3.7G       107M       5.7M        29M       3.3G

MemTotal:        4016004 kB
MemFree:          124500 kB
Active:           460852 kB
Mem:          3.8G       3.7G       121M       5.7M        29M       3.2G

MemTotal:        4016004 kB
MemFree:          125508 kB
Active:           459144 kB
Mem:          3.8G       3.7G       122M       5.7M        29M       3.2G

MemTotal:        4016004 kB
MemFree:          126120 kB
Active:           457280 kB
Mem:          3.8G       3.7G       122M       5.7M        29M       3.2G

MemTotal:        4016004 kB
MemFree:          123408 kB
Active:           455360 kB
Mem:          3.8G       3.7G       119M       5.7M        29M       3.3G

MemTotal:        4016004 kB
MemFree:          106328 kB
Active:           454336 kB
Mem:          3.8G       3.7G       103M       5.7M        29M       3.3G

MemTotal:        4016004 kB
MemFree:          125532 kB
Active:           452160 kB
Mem:          3.8G       3.7G       122M       5.7M        29M       3.2G

MemTotal:        4016004 kB
MemFree:          108848 kB
Active:           451152 kB
Mem:          3.8G       3.7G       105M       5.7M        29M       3.3G

MemTotal:        4016004 kB
MemFree:          105528 kB
Active:           450128 kB
Mem:          3.8G       3.7G       102M       5.7M        29M       3.3G

MemTotal:        4016004 kB
MemFree:          105360 kB
Active:           448860 kB
Mem:          3.8G       3.7G       102M       5.7M        29M       3.3G

MemTotal:        4016004 kB
MemFree:          111396 kB
Active:           447328 kB
Mem:          3.8G       3.7G       108M       5.7M        29M       3.3G

MemTotal:        4016004 kB
MemFree:          130172 kB
Active:           445364 kB
Mem:          3.8G       3.7G       126M       5.7M        29M       3.2G

MemTotal:        4016004 kB
MemFree:          129412 kB
Active:           445276 kB
Mem:          3.8G       3.7G       126M       5.7M        29M       3.2G

MemTotal:        4016004 kB
MemFree:          129012 kB
Active:           445296 kB
Mem:          3.8G       3.7G       125M       5.7M        29M       3.2G

MemTotal:        4016004 kB
MemFree:          106636 kB
Active:           445304 kB
Mem:          3.8G       3.7G       103M       5.7M        29M       3.3G

MemTotal:        4016004 kB
MemFree:          131192 kB
Active:           441096 kB
Mem:          3.8G       3.7G       127M       5.7M        29M       3.2G

MemTotal:        4016004 kB
MemFree:          128944 kB
Active:           439180 kB
Mem:          3.8G       3.7G       125M       5.7M        29M       3.2G

MemTotal:        4016004 kB
MemFree:          125748 kB
Active:           437648 kB
Mem:          3.8G       3.7G       122M       5.7M        29M       3.2G

MemTotal:        4016004 kB
MemFree:          128276 kB
Active:           435864 kB
Mem:          3.8G       3.7G       125M       5.7M        29M       3.2G

MemTotal:        4016004 kB
MemFree:          124688 kB
Active:           432136 kB
Mem:          3.8G       3.7G       121M       5.7M        29M       3.2G

MemTotal:        4016004 kB
MemFree:          121208 kB
Active:           430472 kB
Mem:          3.8G       3.7G       117M       5.7M        29M       3.3G

MemTotal:        4016004 kB
MemFree:          109556 kB
Active:           429448 kB
Mem:          3.8G       3.7G       106M       5.7M        29M       3.3G

MemTotal:        4016004 kB
MemFree:          137676 kB
Active:           427784 kB
Mem:          3.8G       3.7G       134M       5.7M        29M       3.2G

MemTotal:        4016004 kB
MemFree:          125924 kB
Active:           424700 kB
Mem:          3.8G       3.7G       122M       5.7M        29M       3.2G

MemTotal:        4016004 kB
MemFree:          109352 kB
Active:           423548 kB
Mem:          3.8G       3.7G       107M       5.7M        29M       3.3G

MemTotal:        4016004 kB
MemFree:          134636 kB
Active:           421244 kB
Mem:          3.8G       3.7G       131M       5.7M        29M       3.2G

MemTotal:        4016004 kB
MemFree:          142428 kB
Active:           419720 kB
Mem:          3.8G       3.7G       138M       5.7M        29M       3.2G

MemTotal:        4016004 kB
MemFree:          131624 kB
Active:           418568 kB
Mem:          3.8G       3.7G       128M       5.7M        29M       3.2G

MemTotal:        4016004 kB
MemFree:          121272 kB
Active:           417424 kB
Mem:          3.8G       3.7G       118M       5.7M        29M       3.3G

MemTotal:        4016004 kB
MemFree:          134608 kB
Active:           415508 kB
Mem:          3.8G       3.7G       131M       5.7M        29M       3.2G

MemTotal:        4016004 kB
MemFree:          140996 kB
Active:           411552 kB
Mem:          3.8G       3.7G       137M       5.7M        29M       3.2G

MemTotal:        4016004 kB
MemFree:          130296 kB
Active:           410280 kB
Mem:          3.8G       3.7G       126M       5.7M        29M       3.2G

MemTotal:        4016004 kB
MemFree:          125804 kB
Active:           409144 kB
Mem:          3.8G       3.7G       122M       5.7M        29M       3.2G

MemTotal:        4016004 kB
MemFree:          127152 kB
Active:           408688 kB
Mem:          3.8G       3.7G       123M       5.7M        29M       3.2G

MemTotal:        4016004 kB
MemFree:          121788 kB
Active:           407208 kB
Mem:          3.8G       3.7G       118M       5.7M        29M       3.2G

MemTotal:        4016004 kB
MemFree:          128300 kB
Active:           405676 kB
Mem:          3.8G       3.7G       124M       5.7M        29M       3.2G

MemTotal:        4016004 kB
MemFree:          126340 kB
Active:           405684 kB
Mem:          3.8G       3.7G       123M       5.7M        29M       3.2G

MemTotal:        4016004 kB
MemFree:          110372 kB
Active:           405656 kB
Mem:          3.8G       3.7G       107M       5.7M        29M       3.3G

MemTotal:        4016004 kB
MemFree:          110064 kB
Active:           405716 kB
Mem:          3.8G       3.7G       107M       5.7M        29M       3.3G

MemTotal:        4016004 kB
MemFree:          126188 kB
Active:           405208 kB
Mem:          3.8G       3.7G       122M       5.7M        29M       3.2G

MemTotal:        4016004 kB
MemFree:          126736 kB
Active:           403552 kB
Mem:          3.8G       3.7G       123M       5.7M        29M       3.2G

MemTotal:        4016004 kB
MemFree:          128492 kB
Active:           402144 kB
Mem:          3.8G       3.7G       125M       5.7M        29M       3.2G

MemTotal:        4016004 kB
MemFree:          118220 kB
Active:           400864 kB
Mem:          3.8G       3.7G       115M       5.7M        29M       3.2G

MemTotal:        4016004 kB
MemFree:          125468 kB
Active:           401232 kB
Mem:          3.8G       3.7G       122M       5.7M        29M       3.2G

MemTotal:        4016004 kB
MemFree:          121024 kB
Active:           399568 kB
Mem:          3.8G       3.7G       118M       5.7M        29M       3.2G

MemTotal:        4016004 kB
MemFree:          125820 kB
Active:           398036 kB
Mem:          3.8G       3.7G       122M       5.7M        29M       3.2G

MemTotal:        4016004 kB
MemFree:          127668 kB
Active:           396756 kB
Mem:          3.8G       3.7G       124M       5.7M        29M       3.2G

MemTotal:        4016004 kB
MemFree:          117276 kB
Active:           393756 kB
Mem:          3.8G       3.7G       114M       5.7M        29M       3.3G

MemTotal:        4016004 kB
MemFree:          131732 kB
Active:           392664 kB
Mem:          3.8G       3.7G       128M       5.7M        29M       3.2G

MemTotal:        4016004 kB
MemFree:          123416 kB
Active:           391776 kB
Mem:          3.8G       3.7G       120M       5.7M        29M       3.2G

MemTotal:        4016004 kB
MemFree:          105412 kB
Active:           390464 kB
Mem:          3.8G       3.7G       102M       5.7M        29M       3.3G

MemTotal:        4016004 kB
MemFree:          124316 kB
Active:           388964 kB
Mem:          3.8G       3.7G       120M       5.7M        29M       3.2G

MemTotal:        4016004 kB
MemFree:          128484 kB
Active:           388968 kB
Mem:          3.8G       3.7G       125M       5.7M        29M       3.2G

MemTotal:        4016004 kB
MemFree:          123148 kB
Active:           388980 kB
Mem:          3.8G       3.7G       119M       5.7M        29M       3.2G

MemTotal:        4016004 kB
MemFree:          125856 kB
Active:           388916 kB
Mem:          3.8G       3.7G       122M       5.7M        29M       3.2G

MemTotal:        4016004 kB
MemFree:          120864 kB
Active:           388860 kB
Mem:          3.8G       3.7G       117M       5.7M        29M       3.2G

MemTotal:        4016004 kB
MemFree:          125524 kB
Active:           388920 kB
Mem:          3.8G       3.7G       122M       5.7M        29M       3.2G

MemTotal:        4016004 kB
MemFree:          122508 kB
Active:           388792 kB
Mem:          3.8G       3.7G       119M       5.7M        29M       3.2G

MemTotal:        4016004 kB
MemFree:          128584 kB
Active:           388804 kB
Mem:          3.8G       3.7G       124M       5.7M        29M       3.2G

MemTotal:        4016004 kB
MemFree:          114588 kB
Active:           388732 kB
Mem:          3.8G       3.7G       111M       5.7M        29M       3.3G

MemTotal:        4016004 kB
MemFree:          124792 kB
Active:           388732 kB
Mem:          3.8G       3.7G       121M       5.7M        29M       3.2G

MemTotal:        4016004 kB
MemFree:          119824 kB
Active:           388744 kB
Mem:          3.8G       3.7G       116M       5.7M        29M       3.2G

MemTotal:        4016004 kB
MemFree:          127120 kB
Active:           388744 kB
Mem:          3.8G       3.7G       124M       5.7M        29M       3.2G

MemTotal:        4016004 kB
MemFree:          120052 kB
Active:           388780 kB
Mem:          3.8G       3.7G       116M       5.7M        29M       3.2G

MemTotal:        4016004 kB
MemFree:          126256 kB
Active:           388884 kB
Mem:          3.8G       3.7G       122M       5.7M        29M       3.2G

MemTotal:        4016004 kB
MemFree:          121940 kB
Active:           388784 kB
Mem:          3.8G       3.7G       118M       5.7M        29M       3.2G

MemTotal:        4016004 kB
MemFree:          136132 kB
Active:           388700 kB
Mem:          3.8G       3.7G       132M       5.7M        29M       3.2G

MemTotal:        4016004 kB
MemFree:          134072 kB
Active:           388672 kB
Mem:          3.8G       3.7G       130M       5.7M        29M       3.2G

MemTotal:        4016004 kB
MemFree:          128128 kB
Active:           388824 kB
Mem:          3.8G       3.7G       125M       5.7M        29M       3.2G

MemTotal:        4016004 kB
MemFree:          113448 kB
Active:           388636 kB
Mem:          3.8G       3.7G       111M       5.7M        29M       3.3G

MemTotal:        4016004 kB
MemFree:          117324 kB
Active:           388700 kB
Mem:          3.8G       3.7G       114M       5.7M        29M       3.2G

MemTotal:        4016004 kB
MemFree:          112088 kB
Active:           388660 kB
Mem:          3.8G       3.7G       109M       5.7M        29M       3.3G

MemTotal:        4016004 kB
MemFree:          112552 kB
Active:           388696 kB
Mem:          3.8G       3.7G       109M       5.7M        29M       3.3G

MemTotal:        4016004 kB
MemFree:          126888 kB
Active:           388524 kB
Mem:          3.8G       3.7G       123M       5.7M        29M       3.2G

MemTotal:        4016004 kB
MemFree:          127024 kB
Active:           388492 kB
Mem:          3.8G       3.7G       123M       5.7M        29M       3.2G

MemTotal:        4016004 kB
MemFree:          113724 kB
Active:           388496 kB
Mem:          3.8G       3.7G       110M       5.7M        29M       3.3G

MemTotal:        4016004 kB
MemFree:          125984 kB
Active:           388500 kB
Mem:          3.8G       3.7G       122M       5.7M        29M       3.2G

MemTotal:        4016004 kB
MemFree:          120528 kB
Active:           388500 kB
Mem:          3.8G       3.7G       117M       5.7M        29M       3.2G

MemTotal:        4016004 kB
MemFree:          127808 kB
Active:           388504 kB
Mem:          3.8G       3.7G       124M       5.7M        29M       3.2G

MemTotal:        4016004 kB
MemFree:          122676 kB
Active:           388468 kB
Mem:          3.8G       3.7G       119M       5.7M        29M       3.2G

MemTotal:        4016004 kB
MemFree:          124572 kB
Active:           388384 kB
Mem:          3.8G       3.7G       121M       5.7M        29M       3.2G

MemTotal:        4016004 kB
MemFree:          119360 kB
Active:           388292 kB
Mem:          3.8G       3.7G       116M       5.7M        29M       3.2G

MemTotal:        4016004 kB
MemFree:          121096 kB
Active:           388296 kB
Mem:          3.8G       3.7G       118M       5.7M        29M       3.2G

MemTotal:        4016004 kB
MemFree:          121096 kB
Active:           390332 kB
Mem:          3.8G       3.7G       118M       5.7M        29M       3.2G

MemTotal:        4016004 kB
MemFree:          121196 kB
Active:           390344 kB
Mem:          3.8G       3.7G       118M       5.7M        29M       3.2G

MemTotal:        4016004 kB
MemFree:          113388 kB
Active:           390300 kB
Mem:          3.8G       3.7G       110M       5.7M        29M       3.2G

MemTotal:        4016004 kB
MemFree:          126472 kB
Active:           389204 kB
Mem:          3.8G       3.7G       123M       5.7M        29M       3.2G

MemTotal:        4016004 kB
MemFree:          121044 kB
Active:           389184 kB
Mem:          3.8G       3.7G       117M       5.7M        29M       3.2G

MemTotal:        4016004 kB
MemFree:          124048 kB
Active:           389432 kB
Mem:          3.8G       3.7G       120M       5.7M        29M       3.2G

MemTotal:        4016004 kB
MemFree:          125672 kB
Active:           389268 kB
Mem:          3.8G       3.7G       122M       5.7M        29M       3.2G

MemTotal:        4016004 kB
MemFree:          109612 kB
Active:           384340 kB
Mem:          3.8G       3.7G       106M       5.7M        29M       3.3G

MemTotal:        4016004 kB
MemFree:          123032 kB
Active:           384340 kB
Mem:          3.8G       3.7G       119M       5.7M        29M       3.2G

MemTotal:        4016004 kB
MemFree:          125028 kB
Active:           384340 kB
Mem:          3.8G       3.7G       121M       5.7M        29M       3.2G

MemTotal:        4016004 kB
MemFree:          114532 kB
Active:           384340 kB
Mem:          3.8G       3.7G       111M       5.7M        29M       3.2G

MemTotal:        4016004 kB
MemFree:          125504 kB
Active:           384348 kB
Mem:          3.8G       3.7G       122M       5.7M        29M       3.2G

MemTotal:        4016004 kB
MemFree:          120724 kB
Active:           384348 kB
Mem:          3.8G       3.7G       117M       5.7M        29M       3.2G

MemTotal:        4016004 kB
MemFree:          119140 kB
Active:           384348 kB
Mem:          3.8G       3.7G       115M       5.7M        29M       3.2G

MemTotal:        4016004 kB
MemFree:          117268 kB
Active:           384364 kB
Mem:          3.8G       3.7G       114M       5.7M        29M       3.2G

MemTotal:        4016004 kB
MemFree:          110976 kB
Active:           384376 kB
Mem:          3.8G       3.7G       108M       5.7M        29M       3.3G

MemTotal:        4016004 kB
MemFree:          126244 kB
Active:           382424 kB
Mem:          3.8G       3.7G       122M       5.7M        29M       3.2G

MemTotal:        4016004 kB
MemFree:          107632 kB
Active:           382428 kB
Mem:          3.8G       3.7G       104M       5.7M        29M       3.3G

MemTotal:        4016004 kB
MemFree:          132212 kB
Active:           382432 kB
Mem:          3.8G       3.7G       128M       5.7M        29M       3.2G

MemTotal:        4016004 kB
MemFree:          142344 kB
Active:           383688 kB
Mem:          3.8G       3.7G       138M       5.7M        29M       3.2G

MemTotal:        4016004 kB
MemFree:          131692 kB
Active:           383696 kB
Mem:          3.8G       3.7G       128M       5.7M        29M       3.2G

MemTotal:        4016004 kB
MemFree:          120544 kB
Active:           383696 kB
Mem:          3.8G       3.7G       117M       5.7M        29M       3.2G

MemTotal:        4016004 kB
MemFree:          109868 kB
Active:           383696 kB
Mem:          3.8G       3.7G       107M       5.7M        29M       3.2G

MemTotal:        4016004 kB
MemFree:          135528 kB
Active:           383696 kB
Mem:          3.8G       3.7G       131M       5.7M        29M       3.2G

MemTotal:        4016004 kB
MemFree:          137008 kB
Active:           382004 kB
Mem:          3.8G       3.7G       133M       5.7M        29M       3.2G

MemTotal:        4016004 kB
MemFree:          122716 kB
Active:           382004 kB
Mem:          3.8G       3.7G       119M       5.7M        29M       3.2G

MemTotal:        4016004 kB
MemFree:          126468 kB
Active:           382024 kB
Mem:          3.8G       3.7G       123M       5.7M        29M       3.2G

MemTotal:        4016004 kB
MemFree:          121236 kB
Active:           381896 kB
Mem:          3.8G       3.7G       118M       5.7M        29M       3.2G

MemTotal:        4016004 kB
MemFree:          128400 kB
Active:           381896 kB
Mem:          3.8G       3.7G       125M       5.7M        29M       3.2G

MemTotal:        4016004 kB
MemFree:          118216 kB
Active:           381896 kB
Mem:          3.8G       3.7G       115M       5.7M        29M       3.2G

MemTotal:        4016004 kB
MemFree:          107208 kB
Active:           381896 kB
Mem:          3.8G       3.7G       104M       5.7M        29M       3.3G

MemTotal:        4016004 kB
MemFree:          118256 kB
Active:           381908 kB
Mem:          3.8G       3.7G       115M       5.7M        29M       3.2G

MemTotal:        4016004 kB
MemFree:          108348 kB
Active:           381912 kB
Mem:          3.8G       3.7G       106M       5.7M        29M       3.2G

MemTotal:        4016004 kB
MemFree:          128708 kB
Active:           380712 kB
Mem:          3.8G       3.7G       125M       5.7M        29M       3.2G

MemTotal:        4016004 kB
MemFree:          127512 kB
Active:           380724 kB
Mem:          3.8G       3.7G       124M       5.7M        29M       3.2G

MemTotal:        4016004 kB
MemFree:          124568 kB
Active:           380724 kB
Mem:          3.8G       3.7G       121M       5.7M        29M       3.2G

MemTotal:        4016004 kB
MemFree:          107224 kB
Active:           380736 kB
Mem:          3.8G       3.7G       104M       5.7M        29M       3.3G

MemTotal:        4016004 kB
MemFree:          138980 kB
Active:           380736 kB
Mem:          3.8G       3.7G       135M       5.7M        29M       3.2G

MemTotal:        4016004 kB
MemFree:          135456 kB
Active:           380748 kB
Mem:          3.8G       3.7G       131M       5.7M        29M       3.2G

MemTotal:        4016004 kB
MemFree:          139628 kB
Active:           381752 kB
Mem:          3.8G       3.7G       135M       5.7M        29M       3.2G

MemTotal:        4016004 kB
MemFree:          128988 kB
Active:           381756 kB
Mem:          3.8G       3.7G       125M       5.7M        29M       3.2G

MemTotal:        4016004 kB
MemFree:          128908 kB
Active:           381764 kB
Mem:          3.8G       3.7G       125M       5.7M        29M       3.2G

MemTotal:        4016004 kB
MemFree:          119000 kB
Active:           381768 kB
Mem:          3.8G       3.7G       115M       5.7M        29M       3.2G

MemTotal:        4016004 kB
MemFree:          105792 kB
Active:           371648 kB
Mem:          3.8G       3.7G       103M       5.7M        29M       3.2G

MemTotal:        4016004 kB
MemFree:          113136 kB
Active:           371520 kB
Mem:          3.8G       3.7G       109M       5.7M        29M       3.2G

MemTotal:        4016004 kB
MemFree:          127168 kB
Active:           371524 kB
Mem:          3.8G       3.7G       123M       5.7M        29M       3.2G

MemTotal:        4016004 kB
MemFree:          131144 kB
Active:           371532 kB
Mem:          3.8G       3.7G       127M       5.7M        29M       3.2G

MemTotal:        4016004 kB
MemFree:          124896 kB
Active:           371544 kB
Mem:          3.8G       3.7G       121M       5.7M        29M       3.2G

MemTotal:        4016004 kB
MemFree:          107600 kB
Active:           371544 kB
Mem:          3.8G       3.7G       104M       5.7M        29M       3.2G

MemTotal:        4016004 kB
MemFree:          104996 kB
Active:           371544 kB
Mem:          3.8G       3.7G       102M       5.7M        29M       3.2G

MemTotal:        4016004 kB
MemFree:          111280 kB
Active:           373488 kB
Mem:          3.8G       3.7G       108M       5.7M        29M       3.2G

MemTotal:        4016004 kB
MemFree:          125292 kB
Active:           372724 kB
Mem:          3.8G       3.7G       121M       5.7M        29M       3.2G

MemTotal:        4016004 kB
MemFree:          126296 kB
Active:           372724 kB
Mem:          3.8G       3.7G       122M       5.7M        29M       3.2G

MemTotal:        4016004 kB
MemFree:          126672 kB
Active:           372728 kB
Mem:          3.8G       3.7G       123M       5.7M        29M       3.2G

MemTotal:        4016004 kB
MemFree:          126660 kB
Active:           372728 kB
Mem:          3.8G       3.7G       123M       5.7M        29M       3.2G

MemTotal:        4016004 kB
MemFree:          110064 kB
Active:           370012 kB
Mem:          3.8G       3.7G       106M       5.7M        29M       3.2G

MemTotal:        4016004 kB
MemFree:          104868 kB
Active:           370024 kB
Mem:          3.8G       3.7G       108M       5.7M        29M       3.2G

MemTotal:        4016004 kB
MemFree:          123976 kB
Active:           369896 kB
Mem:          3.8G       3.7G       120M       5.7M        29M       3.2G

MemTotal:        4016004 kB
MemFree:          128904 kB
Active:           369900 kB
Mem:          3.8G       3.7G       125M       5.7M        29M       3.2G

MemTotal:        4016004 kB
MemFree:          118004 kB
Active:           369900 kB
Mem:          3.8G       3.7G       114M       5.7M        29M       3.2G

MemTotal:        4016004 kB
MemFree:          124528 kB
Active:           369912 kB
Mem:          3.8G       3.7G       121M       5.7M        29M       3.2G

MemTotal:        4016004 kB
MemFree:          125812 kB
Active:           369920 kB
Mem:          3.8G       3.7G       122M       5.7M        29M       3.2G

MemTotal:        4016004 kB
MemFree:          116784 kB
Active:           369920 kB
Mem:          3.8G       3.7G       113M       5.7M        29M       3.2G

MemTotal:        4016004 kB
MemFree:          117128 kB
Active:           369936 kB
Mem:          3.8G       3.7G       113M       5.7M        29M       3.2G

MemTotal:        4016004 kB
MemFree:          130460 kB
Active:           369936 kB
Mem:          3.8G       3.7G       127M       5.7M        29M       3.2G

MemTotal:        4016004 kB
MemFree:          120064 kB
Active:           369940 kB
Mem:          3.8G       3.7G       116M       5.7M        29M       3.2G

MemTotal:        4016004 kB
MemFree:          124252 kB
Active:           367284 kB
Mem:          3.8G       3.7G       120M       5.7M        29M       3.2G

MemTotal:        4016004 kB
MemFree:          125008 kB
Active:           367284 kB
Mem:          3.8G       3.7G       121M       5.7M        29M       3.2G

MemTotal:        4016004 kB
MemFree:          125408 kB
Active:           367288 kB
Mem:          3.8G       3.7G       122M       5.7M        29M       3.2G

MemTotal:        4016004 kB
MemFree:          134100 kB
Active:           367288 kB
Mem:          3.8G       3.7G       130M       5.7M        29M       3.2G

MemTotal:        4016004 kB
MemFree:          124580 kB
Active:           367292 kB
Mem:          3.8G       3.7G       121M       5.7M        29M       3.2G

MemTotal:        4016004 kB
MemFree:          108248 kB
Active:           367312 kB
Mem:          3.8G       3.7G       105M       5.7M        29M       3.2G

MemTotal:        4016004 kB
MemFree:          126928 kB
Active:           367316 kB
Mem:          3.8G       3.7G       123M       5.7M        29M       3.2G

MemTotal:        4016004 kB
MemFree:          115224 kB
Active:           367316 kB
Mem:          3.8G       3.7G       112M       5.7M        29M       3.2G

MemTotal:        4016004 kB
MemFree:          111724 kB
Active:           367328 kB
Mem:          3.8G       3.7G       108M       5.7M        29M       3.2G

MemTotal:        4016004 kB
MemFree:          113936 kB
Active:           367340 kB
Mem:          3.8G       3.7G       110M       5.7M        29M       3.2G

MemTotal:        4016004 kB
MemFree:          121412 kB
Active:           367344 kB
Mem:          3.8G       3.7G       118M       5.7M        29M       3.2G

MemTotal:        4016004 kB
MemFree:          110888 kB
Active:           367344 kB
Mem:          3.8G       3.7G       107M       5.7M        29M       3.2G

MemTotal:        4016004 kB
MemFree:          122468 kB
Active:           364536 kB
Mem:          3.8G       3.7G       119M       5.7M        29M       3.2G

MemTotal:        4016004 kB
MemFree:          112188 kB
Active:           364536 kB
Mem:          3.8G       3.7G       109M       5.7M        29M       3.2G

MemTotal:        4016004 kB
MemFree:          125764 kB
Active:           364536 kB
Mem:          3.8G       3.7G       122M       5.7M        29M       3.2G

MemTotal:        4016004 kB
MemFree:          127108 kB
Active:           364544 kB
Mem:          3.8G       3.7G       124M       5.7M        29M       3.2G

MemTotal:        4016004 kB
MemFree:          127140 kB
Active:           364544 kB
Mem:          3.8G       3.7G       124M       5.7M        29M       3.2G

MemTotal:        4016004 kB
MemFree:          135964 kB
Active:           364544 kB
Mem:          3.8G       3.7G       133M       5.7M        29M       3.2G

MemTotal:        4016004 kB
MemFree:          119736 kB
Active:           364544 kB
Mem:          3.8G       3.7G       116M       5.7M        29M       3.2G

MemTotal:        4016004 kB
MemFree:          108792 kB
Active:           364544 kB
Mem:          3.8G       3.7G       106M       5.7M        29M       3.2G

MemTotal:        4016004 kB
MemFree:          127144 kB
Active:           364568 kB
Mem:          3.8G       3.7G       123M       5.7M        29M       3.2G

MemTotal:        4016004 kB
MemFree:          121316 kB
Active:           364580 kB
Mem:          3.8G       3.7G       117M       5.7M        29M       3.2G

MemTotal:        4016004 kB
MemFree:          110188 kB
Active:           364584 kB
Mem:          3.8G       3.7G       107M       5.7M        29M       3.2G

MemTotal:        4016004 kB
MemFree:          119072 kB
Active:           364584 kB
Mem:          3.8G       3.7G       115M       5.7M        29M       3.2G

MemTotal:        4016004 kB
MemFree:          108516 kB
Active:           364584 kB
Mem:          3.8G       3.7G       104M       5.7M        29M       3.2G

MemTotal:        4016004 kB
MemFree:          129276 kB
Active:           361732 kB
Mem:          3.8G       3.7G       126M       5.7M        29M       3.2G

MemTotal:        4016004 kB
MemFree:          130712 kB
Active:           361732 kB
Mem:          3.8G       3.7G       127M       5.7M        29M       3.2G

MemTotal:        4016004 kB
MemFree:          132876 kB
Active:           361732 kB
Mem:          3.8G       3.7G       129M       5.7M        29M       3.2G

MemTotal:        4016004 kB
MemFree:          140264 kB
Active:           361732 kB
Mem:          3.8G       3.7G       136M       5.7M        29M       3.2G

MemTotal:        4016004 kB
MemFree:          129768 kB
Active:           361732 kB
Mem:          3.8G       3.7G       126M       5.7M        29M       3.2G

MemTotal:        4016004 kB
MemFree:          104688 kB
Active:           361740 kB
Mem:          3.8G       3.7G       112M       5.7M        29M       3.2G

MemTotal:        4016004 kB
MemFree:          131516 kB
Active:           361740 kB
Mem:          3.8G       3.7G       128M       5.7M        29M       3.2G

MemTotal:        4016004 kB
MemFree:          128620 kB
Active:           361752 kB
Mem:          3.8G       3.7G       125M       5.7M        29M       3.2G

MemTotal:        4016004 kB
MemFree:          120684 kB
Active:           361764 kB
Mem:          3.8G       3.7G       118M       5.7M        29M       3.2G

MemTotal:        4016004 kB
MemFree:          129008 kB
Active:           361768 kB
Mem:          3.8G       3.7G       126M       5.7M        29M       3.2G

MemTotal:        4016004 kB
MemFree:          105440 kB
Active:           361776 kB
Mem:          3.8G       3.7G       102M       5.7M        29M       3.2G

MemTotal:        4016004 kB
MemFree:          131120 kB
Active:           361776 kB
Mem:          3.8G       3.7G       127M       5.7M        29M       3.2G

MemTotal:        4016004 kB
MemFree:          132264 kB
Active:           361776 kB
Mem:          3.8G       3.7G       128M       5.7M        29M       3.2G

MemTotal:        4016004 kB
MemFree:          136244 kB
Active:           361776 kB
Mem:          3.8G       3.7G       132M       5.7M        29M       3.2G

MemTotal:        4016004 kB
MemFree:          127576 kB
Active:           361776 kB
Mem:          3.8G       3.7G       124M       5.7M        29M       3.2G

MemTotal:        4016004 kB
MemFree:          116428 kB
Active:           361784 kB
Mem:          3.8G       3.7G       113M       5.7M        29M       3.2G

MemTotal:        4016004 kB
MemFree:          116724 kB
Active:           359184 kB
Mem:          3.8G       3.7G       113M       5.7M        29M       3.2G

MemTotal:        4016004 kB
MemFree:          123128 kB
Active:           359184 kB
Mem:          3.8G       3.7G       119M       5.7M        29M       3.2G

MemTotal:        4016004 kB
MemFree:          127508 kB
Active:           359184 kB
Mem:          3.8G       3.7G       124M       5.7M        29M       3.2G

MemTotal:        4016004 kB
MemFree:          110804 kB
Active:           359196 kB
Mem:          3.8G       3.7G       107M       5.7M        29M       3.2G

MemTotal:        4016004 kB
MemFree:          110204 kB
Active:           358980 kB
Mem:          3.8G       3.7G       107M       5.7M        29M       3.2G

MemTotal:        4016004 kB
MemFree:          110040 kB
Active:           358896 kB
Mem:          3.8G       3.7G       107M       5.7M        29M       3.2G

MemTotal:        4016004 kB
MemFree:          110228 kB
Active:           358896 kB
Mem:          3.8G       3.7G       107M       5.7M        29M       3.2G

MemTotal:        4016004 kB
MemFree:          110228 kB
Active:           358892 kB
Mem:          3.8G       3.7G       107M       5.7M        29M       3.2G

MemTotal:        4016004 kB
MemFree:          109980 kB
Active:           358904 kB
Mem:          3.8G       3.7G       107M       5.7M        29M       3.2G

MemTotal:        4016004 kB
MemFree:          110104 kB
Active:           358904 kB
Mem:          3.8G       3.7G       107M       5.7M        29M       3.2G

MemTotal:        4016004 kB
MemFree:          110352 kB
Active:           358900 kB
Mem:          3.8G       3.7G       107M       5.7M        29M       3.2G

MemTotal:        4016004 kB
MemFree:          110228 kB
Active:           358904 kB
Mem:          3.8G       3.7G       107M       5.7M        29M       3.2G

MemTotal:        4016004 kB
MemFree:          109856 kB
Active:           358908 kB
Mem:          3.8G       3.7G       107M       5.7M        29M       3.2G

MemTotal:        4016004 kB
MemFree:          110228 kB
Active:           358912 kB
Mem:          3.8G       3.7G       107M       5.7M        29M       3.2G

MemTotal:        4016004 kB
MemFree:          110352 kB
Active:           358912 kB
Mem:          3.8G       3.7G       107M       5.7M        29M       3.2G

MemTotal:        4016004 kB
MemFree:          110600 kB
Active:           358920 kB
Mem:          3.8G       3.7G       107M       5.7M        29M       3.2G

MemTotal:        4016004 kB
MemFree:          110600 kB
Active:           358912 kB
Mem:          3.8G       3.7G       107M       5.7M        29M       3.2G

MemTotal:        4016004 kB
MemFree:          110104 kB
Active:           358924 kB
Mem:          3.8G       3.7G       107M       5.7M        29M       3.2G

MemTotal:        4016004 kB
MemFree:          110476 kB
Active:           358924 kB
Mem:          3.8G       3.7G       107M       5.7M        29M       3.2G

MemTotal:        4016004 kB
MemFree:          109980 kB
Active:           358928 kB
Mem:          3.8G       3.7G       107M       5.7M        29M       3.2G

MemTotal:        4016004 kB
MemFree:          110352 kB
Active:           358916 kB
Mem:          3.8G       3.7G       107M       5.7M        29M       3.2G

MemTotal:        4016004 kB
MemFree:          110476 kB
Active:           358924 kB
Mem:          3.8G       3.7G       107M       5.7M        30M       3.2G

MemTotal:        4016004 kB
MemFree:          109980 kB
Active:           358940 kB
Mem:          3.8G       3.7G       107M       5.7M        30M       3.2G

MemTotal:        4016004 kB
MemFree:          110352 kB
Active:           358944 kB
Mem:          3.8G       3.7G       107M       5.7M        30M       3.2G

MemTotal:        4016004 kB
MemFree:          110104 kB
Active:           358944 kB
Mem:          3.8G       3.7G       107M       5.7M        30M       3.2G

MemTotal:        4016004 kB
MemFree:          110352 kB
Active:           358944 kB
Mem:          3.8G       3.7G       107M       5.7M        30M       3.2G

MemTotal:        4016004 kB
MemFree:          110104 kB
Active:           358944 kB
Mem:          3.8G       3.7G       107M       5.7M        30M       3.2G

MemTotal:        4016004 kB
MemFree:          110228 kB
Active:           358944 kB
Mem:          3.8G       3.7G       107M       5.7M        30M       3.2G

MemTotal:        4016004 kB
MemFree:          110600 kB
Active:           358948 kB
Mem:          3.8G       3.7G       107M       5.7M        30M       3.2G

MemTotal:        4016004 kB
MemFree:          110104 kB
Active:           358952 kB
Mem:          3.8G       3.7G       107M       5.7M        30M       3.2G

MemTotal:        4016004 kB
MemFree:          110104 kB
Active:           358952 kB
Mem:          3.8G       3.7G       107M       5.7M        30M       3.2G

MemTotal:        4016004 kB
MemFree:          110476 kB
Active:           358952 kB
Mem:          3.8G       3.7G       107M       5.7M        30M       3.2G

MemTotal:        4016004 kB
MemFree:          110104 kB
Active:           358952 kB
Mem:          3.8G       3.7G       107M       5.7M        30M       3.2G

MemTotal:        4016004 kB
MemFree:          110200 kB
Active:           358956 kB
Mem:          3.8G       3.7G       107M       5.7M        30M       3.2G

MemTotal:        4016004 kB
MemFree:          110108 kB
Active:           358968 kB
Mem:          3.8G       3.7G       107M       5.7M        30M       3.2G

MemTotal:        4016004 kB
MemFree:          110232 kB
Active:           358968 kB
Mem:          3.8G       3.7G       107M       5.7M        30M       3.2G

MemTotal:        4016004 kB
MemFree:          110232 kB
Active:           358968 kB
Mem:          3.8G       3.7G       107M       5.7M        30M       3.2G

MemTotal:        4016004 kB
MemFree:          110232 kB
Active:           358972 kB
Mem:          3.8G       3.7G       107M       5.7M        30M       3.2G

MemTotal:        4016004 kB
MemFree:          110728 kB
Active:           358972 kB
Mem:          3.8G       3.7G       107M       5.7M        30M       3.2G

MemTotal:        4016004 kB
MemFree:          110604 kB
Active:           358920 kB
Mem:          3.8G       3.7G       107M       5.7M        30M       3.2G

MemTotal:        4016004 kB
MemFree:          110356 kB
Active:           358980 kB
Mem:          3.8G       3.7G       107M       5.7M        30M       3.2G

MemTotal:        4016004 kB
MemFree:          110728 kB
Active:           358924 kB
Mem:          3.8G       3.7G       107M       5.7M        30M       3.2G

MemTotal:        4016004 kB
MemFree:          110232 kB
Active:           358980 kB
Mem:          3.8G       3.7G       107M       5.7M        30M       3.2G

MemTotal:        4016004 kB
MemFree:          110232 kB
Active:           358980 kB
Mem:          3.8G       3.7G       107M       5.7M        30M       3.2G

MemTotal:        4016004 kB
MemFree:          110232 kB
Active:           358980 kB
Mem:          3.8G       3.7G       107M       5.7M        30M       3.2G

MemTotal:        4016004 kB
MemFree:          110480 kB
Active:           358928 kB
Mem:          3.8G       3.7G       107M       5.7M        30M       3.2G

MemTotal:        4016004 kB
MemFree:          110232 kB
Active:           358980 kB
Mem:          3.8G       3.7G       107M       5.7M        30M       3.2G

MemTotal:        4016004 kB
MemFree:          110604 kB
Active:           358936 kB
Mem:          3.8G       3.7G       107M       5.7M        30M       3.2G

MemTotal:        4016004 kB
MemFree:          110356 kB
Active:           359000 kB
Mem:          3.8G       3.7G       107M       5.7M        30M       3.2G

MemTotal:        4016004 kB
MemFree:          110852 kB
Active:           358984 kB
Mem:          3.8G       3.7G       107M       5.7M        30M       3.2G

MemTotal:        4016004 kB
MemFree:          110356 kB
Active:           359000 kB
Mem:          3.8G       3.7G       107M       5.7M        30M       3.2G

MemTotal:        4016004 kB
MemFree:          110604 kB
Active:           358948 kB
Mem:          3.8G       3.7G       107M       5.7M        30M       3.2G

MemTotal:        4016004 kB
MemFree:          110232 kB
Active:           359000 kB
Mem:          3.8G       3.7G       107M       5.7M        30M       3.2G

MemTotal:        4016004 kB
MemFree:          110480 kB
Active:           358952 kB
Mem:          3.8G       3.7G       107M       5.7M        30M       3.2G

MemTotal:        4016004 kB
MemFree:          110108 kB
Active:           359000 kB
Mem:          3.8G       3.7G       107M       5.7M        30M       3.2G

MemTotal:        4016004 kB
MemFree:          110108 kB
Active:           359000 kB
Mem:          3.8G       3.7G       107M       5.7M        30M       3.2G

MemTotal:        4016004 kB
MemFree:          110356 kB
Active:           358952 kB
Mem:          3.8G       3.7G       107M       5.7M        30M       3.2G

MemTotal:        4016004 kB
MemFree:          110480 kB
Active:           358960 kB
Mem:          3.8G       3.7G       107M       5.7M        30M       3.2G

MemTotal:        4016004 kB
MemFree:          110480 kB
Active:           359008 kB
Mem:          3.8G       3.7G       107M       5.7M        30M       3.2G

MemTotal:        4016004 kB
MemFree:          110356 kB
Active:           359008 kB
Mem:          3.8G       3.7G       107M       5.7M        30M       3.2G

MemTotal:        4016004 kB
MemFree:          110604 kB
Active:           359012 kB
Mem:          3.8G       3.7G       107M       5.7M        30M       3.2G

MemTotal:        4016004 kB
MemFree:          110108 kB
Active:           359012 kB
Mem:          3.8G       3.7G       107M       5.7M        30M       3.2G

MemTotal:        4016004 kB
MemFree:          110108 kB
Active:           359024 kB
Mem:          3.8G       3.7G       107M       5.7M        30M       3.2G

MemTotal:        4016004 kB
MemFree:          110356 kB
Active:           359024 kB
Mem:          3.8G       3.7G       107M       5.7M        30M       3.2G

MemTotal:        4016004 kB
MemFree:          110480 kB
Active:           358972 kB
Mem:          3.8G       3.7G       107M       5.7M        30M       3.2G

MemTotal:        4016004 kB
MemFree:          110232 kB
Active:           359024 kB
Mem:          3.8G       3.7G       107M       5.7M        30M       3.2G

MemTotal:        4016004 kB
MemFree:          110480 kB
Active:           359024 kB
Mem:          3.8G       3.7G       107M       5.7M        30M       3.2G

MemTotal:        4016004 kB
MemFree:          110744 kB
Active:           359028 kB
Mem:          3.8G       3.7G       107M       5.7M        30M       3.2G

MemTotal:        4016004 kB
MemFree:          110248 kB
Active:           359036 kB
Mem:          3.8G       3.7G       107M       5.7M        30M       3.2G

MemTotal:        4016004 kB
MemFree:          110620 kB
Active:           358992 kB
Mem:          3.8G       3.7G       107M       5.7M        30M       3.2G

MemTotal:        4016004 kB
MemFree:          110496 kB
Active:           359040 kB
Mem:          3.8G       3.7G       107M       5.7M        30M       3.2G

MemTotal:        4016004 kB
MemFree:          110504 kB
Active:           358984 kB
Mem:          3.8G       3.7G       107M       5.7M        30M       3.2G

MemTotal:        4016004 kB
MemFree:          110132 kB
Active:           359044 kB
Mem:          3.8G       3.7G       107M       5.7M        30M       3.2G

MemTotal:        4016004 kB
MemFree:          110132 kB
Active:           359044 kB
Mem:          3.8G       3.7G       107M       5.7M        30M       3.2G

MemTotal:        4016004 kB
MemFree:          110256 kB
Active:           359056 kB
Mem:          3.8G       3.7G       107M       5.7M        30M       3.2G

MemTotal:        4016004 kB
MemFree:          110008 kB
Active:           359060 kB
Mem:          3.8G       3.7G       107M       5.7M        30M       3.2G

MemTotal:        4016004 kB
MemFree:          110256 kB
Active:           359064 kB
Mem:          3.8G       3.7G       107M       5.7M        30M       3.2G

MemTotal:        4016004 kB
MemFree:          110380 kB
Active:           359064 kB
Mem:          3.8G       3.7G       107M       5.7M        30M       3.2G

MemTotal:        4016004 kB
MemFree:          110008 kB
Active:           359064 kB
Mem:          3.8G       3.7G       107M       5.7M        30M       3.2G

MemTotal:        4016004 kB
MemFree:          110380 kB
Active:           359064 kB
Mem:          3.8G       3.7G       107M       5.7M        30M       3.2G

MemTotal:        4016004 kB
MemFree:          110132 kB
Active:           359076 kB
Mem:          3.8G       3.7G       107M       5.7M        30M       3.2G

MemTotal:        4016004 kB
MemFree:          110132 kB
Active:           359076 kB
Mem:          3.8G       3.7G       107M       5.7M        30M       3.2G

MemTotal:        4016004 kB
MemFree:          110008 kB
Active:           359076 kB
Mem:          3.8G       3.7G       107M       5.7M        30M       3.2G

MemTotal:        4016004 kB
MemFree:          110008 kB
Active:           359076 kB
Mem:          3.8G       3.7G       107M       5.7M        30M       3.2G

MemTotal:        4016004 kB
MemFree:          110380 kB
Active:           359088 kB
Mem:          3.8G       3.7G       107M       5.7M        30M       3.2G

MemTotal:        4016004 kB
MemFree:          110008 kB
Active:           359088 kB
Mem:          3.8G       3.7G       107M       5.7M        30M       3.2G

MemTotal:        4016004 kB
MemFree:          110380 kB
Active:           359032 kB
Mem:          3.8G       3.7G       107M       5.7M        30M       3.2G

MemTotal:        4016004 kB
MemFree:          110008 kB
Active:           359088 kB
Mem:          3.8G       3.7G       107M       5.7M        30M       3.2G

MemTotal:        4016004 kB
MemFree:          110008 kB
Active:           359088 kB
Mem:          3.8G       3.7G       107M       5.7M        30M       3.2G

MemTotal:        4016004 kB
MemFree:          110380 kB
Active:           359088 kB
Mem:          3.8G       3.7G       107M       5.7M        30M       3.2G

MemTotal:        4016004 kB
MemFree:          110132 kB
Active:           359100 kB
Mem:          3.8G       3.7G       107M       5.7M        30M       3.2G

MemTotal:        4016004 kB
MemFree:          110504 kB
Active:           359100 kB
Mem:          3.8G       3.7G       107M       5.7M        30M       3.2G

MemTotal:        4016004 kB
MemFree:          110132 kB
Active:           359100 kB
Mem:          3.8G       3.7G       107M       5.7M        30M       3.2G

MemTotal:        4016004 kB
MemFree:          110504 kB
Active:           359048 kB
Mem:          3.8G       3.7G       107M       5.7M        30M       3.2G

MemTotal:        4016004 kB
MemFree:          110504 kB
Active:           359048 kB
Mem:          3.8G       3.7G       107M       5.7M        30M       3.2G

MemTotal:        4016004 kB
MemFree:          109884 kB
Active:           359124 kB
Mem:          3.8G       3.7G       107M       5.7M        30M       3.2G

MemTotal:        4016004 kB
MemFree:          110380 kB
Active:           359084 kB
Mem:          3.8G       3.7G       107M       5.7M        30M       3.2G

MemTotal:        4016004 kB
MemFree:          110008 kB
Active:           359132 kB
Mem:          3.8G       3.7G       107M       5.7M        30M       3.2G

MemTotal:        4016004 kB
MemFree:          110116 kB
Active:           359148 kB
Mem:          3.8G       3.7G       107M       5.7M        30M       3.2G

MemTotal:        4016004 kB
MemFree:          109868 kB
Active:           359148 kB
Mem:          3.8G       3.7G       107M       5.7M        30M       3.2G

MemTotal:        4016004 kB
MemFree:          110240 kB
Active:           359148 kB
Mem:          3.8G       3.7G       107M       5.7M        30M       3.2G

MemTotal:        4016004 kB
MemFree:          109868 kB
Active:           359156 kB
Mem:          3.8G       3.7G       107M       5.7M        30M       3.2G

MemTotal:        4016004 kB
MemFree:          110240 kB
Active:           359100 kB
Mem:          3.8G       3.7G       107M       5.7M        30M       3.2G

MemTotal:        4016004 kB
MemFree:          109868 kB
Active:           359156 kB
Mem:          3.8G       3.7G       107M       5.7M        30M       3.2G

MemTotal:        4016004 kB
MemFree:          110240 kB
Active:           359144 kB
Mem:          3.8G       3.7G       107M       5.7M        30M       3.2G

MemTotal:        4016004 kB
MemFree:          110240 kB
Active:           359160 kB
Mem:          3.8G       3.7G       107M       5.7M        30M       3.2G

MemTotal:        4016004 kB
MemFree:          110116 kB
Active:           359104 kB
Mem:          3.8G       3.7G       107M       5.7M        30M       3.2G

MemTotal:        4016004 kB
MemFree:          110116 kB
Active:           359160 kB
Mem:          3.8G       3.7G       107M       5.7M        30M       3.2G

MemTotal:        4016004 kB
MemFree:          109868 kB
Active:           359164 kB
Mem:          3.8G       3.7G       107M       5.7M        30M       3.2G

MemTotal:        4016004 kB
MemFree:          110240 kB
Active:           359120 kB
Mem:          3.8G       3.7G       107M       5.7M        30M       3.2G

MemTotal:        4016004 kB
MemFree:          109992 kB
Active:           359172 kB
Mem:          3.8G       3.7G       107M       5.7M        30M       3.2G

MemTotal:        4016004 kB
MemFree:          110364 kB
Active:           359124 kB
Mem:          3.8G       3.7G       107M       5.7M        30M       3.2G

MemTotal:        4016004 kB
MemFree:          109992 kB
Active:           359172 kB
Mem:          3.8G       3.7G       107M       5.7M        30M       3.2G

MemTotal:        4016004 kB
MemFree:          110116 kB
Active:           359172 kB
Mem:          3.8G       3.7G       107M       5.7M        30M       3.2G

MemTotal:        4016004 kB
MemFree:          109884 kB
Active:           359164 kB
Mem:          3.8G       3.7G       107M       5.7M        30M       3.2G

MemTotal:        4016004 kB
MemFree:          109884 kB
Active:           359164 kB
Mem:          3.8G       3.7G       107M       5.7M        30M       3.2G

MemTotal:        4016004 kB
MemFree:          109884 kB
Active:           359168 kB
Mem:          3.8G       3.7G       107M       5.7M        30M       3.2G

MemTotal:        4016004 kB
MemFree:          110132 kB
Active:           359164 kB
Mem:          3.8G       3.7G       107M       5.7M        30M       3.2G

MemTotal:        4016004 kB
MemFree:          110132 kB
Active:           359180 kB
Mem:          3.8G       3.7G       107M       5.7M        30M       3.2G

MemTotal:        4016004 kB
MemFree:          109760 kB
Active:           359180 kB
Mem:          3.8G       3.7G       107M       5.7M        30M       3.2G

MemTotal:        4016004 kB
MemFree:          110008 kB
Active:           359128 kB
Mem:          3.8G       3.7G       107M       5.7M        30M       3.2G

MemTotal:        4016004 kB
MemFree:          109760 kB
Active:           359180 kB
Mem:          3.8G       3.7G       107M       5.7M        30M       3.2G

MemTotal:        4016004 kB
MemFree:          109760 kB
Active:           359180 kB
Mem:          3.8G       3.7G       107M       5.7M        30M       3.2G

MemTotal:        4016004 kB
MemFree:          110132 kB
Active:           359180 kB
Mem:          3.8G       3.7G       107M       5.7M        30M       3.2G

MemTotal:        4016004 kB
MemFree:          109760 kB
Active:           359188 kB
Mem:          3.8G       3.7G       107M       5.7M        30M       3.2G

MemTotal:        4016004 kB
MemFree:          110008 kB
Active:           359140 kB
Mem:          3.8G       3.7G       107M       5.7M        30M       3.2G

MemTotal:        4016004 kB
MemFree:          109636 kB
Active:           359196 kB
Mem:          3.8G       3.7G       107M       5.7M        30M       3.2G

MemTotal:        4016004 kB
MemFree:          110008 kB
Active:           359148 kB
Mem:          3.8G       3.7G       107M       5.7M        30M       3.2G

MemTotal:        4016004 kB
MemFree:          109636 kB
Active:           359196 kB
Mem:          3.8G       3.7G       107M       5.7M        30M       3.2G

MemTotal:        4016004 kB
MemFree:          110008 kB
Active:           359200 kB
Mem:          3.8G       3.7G       107M       5.7M        30M       3.2G

MemTotal:        4016004 kB
MemFree:          109760 kB
Active:           359200 kB
Mem:          3.8G       3.7G       107M       5.7M        30M       3.2G

MemTotal:        4016004 kB
MemFree:          110132 kB
Active:           359196 kB
Mem:          3.8G       3.7G       107M       5.7M        30M       3.2G

MemTotal:        4016004 kB
MemFree:          110008 kB
Active:           359212 kB
Mem:          3.8G       3.7G       107M       5.7M        30M       3.2G

MemTotal:        4016004 kB
MemFree:          109884 kB
Active:           359212 kB
Mem:          3.8G       3.7G       107M       5.7M        30M       3.2G

MemTotal:        4016004 kB
MemFree:          110256 kB
Active:           359200 kB
Mem:          3.8G       3.7G       107M       5.7M        30M       3.2G

MemTotal:        4016004 kB
MemFree:          110256 kB
Active:           359164 kB
Mem:          3.8G       3.7G       107M       5.7M        30M       3.2G

MemTotal:        4016004 kB
MemFree:          110256 kB
Active:           359168 kB
Mem:          3.8G       3.7G       107M       5.7M        30M       3.2G

MemTotal:        4016004 kB
MemFree:          110256 kB
Active:           359224 kB
Mem:          3.8G       3.7G       107M       5.7M        30M       3.2G

MemTotal:        4016004 kB
MemFree:          110008 kB
Active:           359228 kB
Mem:          3.8G       3.7G       107M       5.7M        30M       3.2G

MemTotal:        4016004 kB
MemFree:          110256 kB
Active:           359228 kB
Mem:          3.8G       3.7G       107M       5.7M        30M       3.2G

MemTotal:        4016004 kB
MemFree:          109884 kB
Active:           359228 kB
Mem:          3.8G       3.7G       107M       5.7M        30M       3.2G

MemTotal:        4016004 kB
MemFree:          110132 kB
Active:           359184 kB
Mem:          3.8G       3.7G       107M       5.7M        30M       3.2G

MemTotal:        4016004 kB
MemFree:          109636 kB
Active:           359236 kB
Mem:          3.8G       3.7G       107M       5.7M        30M       3.2G

MemTotal:        4016004 kB
MemFree:          110008 kB
Active:           359236 kB
Mem:          3.8G       3.7G       107M       5.7M        30M       3.2G

MemTotal:        4016004 kB
MemFree:          110132 kB
Active:           359236 kB
Mem:          3.8G       3.7G       107M       5.7M        30M       3.2G

MemTotal:        4016004 kB
MemFree:          110132 kB
Active:           359232 kB
Mem:          3.8G       3.7G       107M       5.7M        30M       3.2G

MemTotal:        4016004 kB
MemFree:          109636 kB
Active:           359240 kB
Mem:          3.8G       3.7G       107M       5.7M        30M       3.2G

MemTotal:        4016004 kB
MemFree:          109760 kB
Active:           359240 kB
Mem:          3.8G       3.7G       107M       5.7M        30M       3.2G

MemTotal:        4016004 kB
MemFree:          109512 kB
Active:           359240 kB
Mem:          3.8G       3.7G       106M       5.7M        30M       3.2G

MemTotal:        4016004 kB
MemFree:          109760 kB
Active:           359252 kB
Mem:          3.8G       3.7G       107M       5.7M        30M       3.2G

MemTotal:        4016004 kB
MemFree:          110132 kB
Active:           359196 kB
Mem:          3.8G       3.7G       107M       5.7M        30M       3.2G

MemTotal:        4016004 kB
MemFree:          109636 kB
Active:           359252 kB
Mem:          3.8G       3.7G       107M       5.7M        30M       3.2G

MemTotal:        4016004 kB
MemFree:          110008 kB
Active:           359248 kB
Mem:          3.8G       3.7G       107M       5.7M        30M       3.2G

MemTotal:        4016004 kB
MemFree:          109760 kB
Active:           359252 kB
Mem:          3.8G       3.7G       107M       5.7M        30M       3.2G

MemTotal:        4016004 kB
MemFree:          110132 kB
Active:           359248 kB
Mem:          3.8G       3.7G       107M       5.7M        30M       3.2G

MemTotal:        4016004 kB
MemFree:          109760 kB
Active:           359260 kB
Mem:          3.8G       3.7G       107M       5.7M        30M       3.2G

MemTotal:        4016004 kB
MemFree:          109636 kB
Active:           359260 kB
Mem:          3.8G       3.7G       107M       5.7M        30M       3.2G

MemTotal:        4016004 kB
MemFree:          109760 kB
Active:           359264 kB
Mem:          3.8G       3.7G       107M       5.7M        30M       3.2G

MemTotal:        4016004 kB
MemFree:          109636 kB
Active:           359264 kB
Mem:          3.8G       3.7G       107M       5.7M        30M       3.2G

MemTotal:        4016004 kB
MemFree:          110132 kB
Active:           359216 kB
Mem:          3.8G       3.7G       107M       5.7M        30M       3.2G

MemTotal:        4016004 kB
MemFree:          110256 kB
Active:           359220 kB
Mem:          3.8G       3.7G       107M       5.7M        30M       3.2G

MemTotal:        4016004 kB
MemFree:          110132 kB
Active:           359268 kB
Mem:          3.8G       3.7G       107M       5.7M        30M       3.2G

MemTotal:        4016004 kB
MemFree:          109760 kB
Active:           359268 kB
Mem:          3.8G       3.7G       107M       5.7M        30M       3.2G

MemTotal:        4016004 kB
MemFree:          109884 kB
Active:           359276 kB
Mem:          3.8G       3.7G       107M       5.7M        30M       3.2G

MemTotal:        4016004 kB
MemFree:          109760 kB
Active:           359276 kB
Mem:          3.8G       3.7G       107M       5.7M        30M       3.2G

MemTotal:        4016004 kB
MemFree:          109760 kB
Active:           359276 kB
Mem:          3.8G       3.7G       107M       5.7M        30M       3.2G

MemTotal:        4016004 kB
MemFree:          110132 kB
Active:           359280 kB
Mem:          3.8G       3.7G       107M       5.7M        30M       3.2G

MemTotal:        4016004 kB
MemFree:          109636 kB
Active:           359284 kB
Mem:          3.8G       3.7G       107M       5.7M        30M       3.2G

MemTotal:        4016004 kB
MemFree:          110008 kB
Active:           359284 kB
Mem:          3.8G       3.7G       107M       5.7M        30M       3.2G

MemTotal:        4016004 kB
MemFree:          109636 kB
Active:           359292 kB
Mem:          3.8G       3.7G       107M       5.7M        30M       3.2G

MemTotal:        4016004 kB
MemFree:          109636 kB
Active:           359296 kB
Mem:          3.8G       3.7G       107M       5.7M        30M       3.2G

MemTotal:        4016004 kB
MemFree:          109636 kB
Active:           359296 kB
Mem:          3.8G       3.7G       107M       5.7M        30M       3.2G

MemTotal:        4016004 kB
MemFree:          110008 kB
Active:           359296 kB
Mem:          3.8G       3.7G       107M       5.7M        30M       3.2G

MemTotal:        4016004 kB
MemFree:          109760 kB
Active:           359300 kB
Mem:          3.8G       3.7G       107M       5.7M        30M       3.2G

MemTotal:        4016004 kB
MemFree:          110008 kB
Active:           359248 kB
Mem:          3.8G       3.7G       107M       5.7M        30M       3.2G

MemTotal:        4016004 kB
MemFree:          109884 kB
Active:           359264 kB
Mem:          3.8G       3.7G       107M       5.7M        30M       3.2G

MemTotal:        4016004 kB
MemFree:          110008 kB
Active:           359256 kB
Mem:          3.8G       3.7G       107M       5.7M        30M       3.2G

MemTotal:        4016004 kB
MemFree:          110008 kB
Active:           359308 kB
Mem:          3.8G       3.7G       107M       5.7M        30M       3.2G

MemTotal:        4016004 kB
MemFree:          110008 kB
Active:           359308 kB
Mem:          3.8G       3.7G       107M       5.7M        30M       3.2G

MemTotal:        4016004 kB
MemFree:          109636 kB
Active:           359308 kB
Mem:          3.8G       3.7G       107M       5.7M        30M       3.2G

MemTotal:        4016004 kB
MemFree:          110008 kB
Active:           359268 kB
Mem:          3.8G       3.7G       107M       5.7M        30M       3.2G

MemTotal:        4016004 kB
MemFree:          109760 kB
Active:           359308 kB
Mem:          3.8G       3.7G       107M       5.7M        30M       3.2G

MemTotal:        4016004 kB
MemFree:          110008 kB
Active:           359304 kB
Mem:          3.8G       3.7G       107M       5.7M        30M       3.2G

MemTotal:        4016004 kB
MemFree:          109884 kB
Active:           359308 kB
Mem:          3.8G       3.7G       107M       5.7M        30M       3.2G

MemTotal:        4016004 kB
MemFree:          109884 kB
Active:           359312 kB
Mem:          3.8G       3.7G       107M       5.7M        30M       3.2G

MemTotal:        4016004 kB
MemFree:          109760 kB
Active:           359312 kB
Mem:          3.8G       3.7G       107M       5.7M        30M       3.2G

MemTotal:        4016004 kB
MemFree:          110132 kB
Active:           359264 kB
Mem:          3.8G       3.7G       107M       5.7M        30M       3.2G

MemTotal:        4016004 kB
MemFree:          109760 kB
Active:           359328 kB
Mem:          3.8G       3.7G       107M       5.7M        30M       3.2G

MemTotal:        4016004 kB
MemFree:          110008 kB
Active:           359328 kB
Mem:          3.8G       3.7G       107M       5.7M        30M       3.2G

MemTotal:        4016004 kB
MemFree:          109636 kB
Active:           359332 kB
Mem:          3.8G       3.7G       107M       5.7M        30M       3.2G

MemTotal:        4016004 kB
MemFree:          109636 kB
Active:           359332 kB
Mem:          3.8G       3.7G       107M       5.7M        30M       3.2G

MemTotal:        4016004 kB
MemFree:          109884 kB
Active:           359284 kB
Mem:          3.8G       3.7G       107M       5.7M        30M       3.2G

MemTotal:        4016004 kB
MemFree:          109636 kB
Active:           359340 kB
Mem:          3.8G       3.7G       107M       5.7M        30M       3.2G

MemTotal:        4016004 kB
MemFree:          110008 kB
Active:           359288 kB
Mem:          3.8G       3.7G       107M       5.7M        30M       3.2G

MemTotal:        4016004 kB
MemFree:          110008 kB
Active:           359332 kB
Mem:          3.8G       3.7G       107M       5.7M        30M       3.2G

MemTotal:        4016004 kB
MemFree:          109636 kB
Active:           359344 kB
Mem:          3.8G       3.7G       107M       5.7M        30M       3.2G

MemTotal:        4016004 kB
MemFree:          109884 kB
Active:           359292 kB
Mem:          3.8G       3.7G       107M       5.7M        30M       3.2G

MemTotal:        4016004 kB
MemFree:          110256 kB
Active:           359344 kB
Mem:          3.8G       3.7G       107M       5.7M        30M       3.2G

MemTotal:        4016004 kB
MemFree:          110132 kB
Active:           359344 kB
Mem:          3.8G       3.7G       107M       5.7M        30M       3.2G

MemTotal:        4016004 kB
MemFree:          110132 kB
Active:           359352 kB
Mem:          3.8G       3.7G       107M       5.7M        30M       3.2G

MemTotal:        4016004 kB
MemFree:          109636 kB
Active:           359356 kB
Mem:          3.8G       3.7G       107M       5.7M        30M       3.2G

MemTotal:        4016004 kB
MemFree:          109636 kB
Active:           359356 kB
Mem:          3.8G       3.7G       107M       5.7M        30M       3.2G

MemTotal:        4016004 kB
MemFree:          110008 kB
Active:           359308 kB
Mem:          3.8G       3.7G       107M       5.7M        30M       3.2G

MemTotal:        4016004 kB
MemFree:          109760 kB
Active:           359356 kB
Mem:          3.8G       3.7G       107M       5.7M        30M       3.2G

MemTotal:        4016004 kB
MemFree:          110132 kB
Active:           359312 kB
Mem:          3.8G       3.7G       107M       5.7M        30M       3.2G

MemTotal:        4016004 kB
MemFree:          110132 kB
Active:           359364 kB
Mem:          3.8G       3.7G       107M       5.7M        30M       3.2G

MemTotal:        4016004 kB
MemFree:          109884 kB
Active:           359364 kB
Mem:          3.8G       3.7G       107M       5.7M        30M       3.2G

MemTotal:        4016004 kB
MemFree:          110008 kB
Active:           359364 kB
Mem:          3.8G       3.7G       107M       5.7M        30M       3.2G

MemTotal:        4016004 kB
MemFree:          109760 kB
Active:           359364 kB
Mem:          3.8G       3.7G       107M       5.7M        30M       3.2G

MemTotal:        4016004 kB
MemFree:          109760 kB
Active:           359372 kB
Mem:          3.8G       3.7G       107M       5.7M        30M       3.2G

MemTotal:        4016004 kB
MemFree:          109760 kB
Active:           359372 kB
Mem:          3.8G       3.7G       107M       5.7M        30M       3.2G

MemTotal:        4016004 kB
MemFree:          109760 kB
Active:           359372 kB
Mem:          3.8G       3.7G       107M       5.7M        30M       3.2G

MemTotal:        4016004 kB
MemFree:          109760 kB
Active:           359372 kB
Mem:          3.8G       3.7G       107M       5.7M        30M       3.2G

MemTotal:        4016004 kB
MemFree:          109760 kB
Active:           359372 kB
Mem:          3.8G       3.7G       107M       5.7M        30M       3.2G

MemTotal:        4016004 kB
MemFree:          109636 kB
Active:           359384 kB
Mem:          3.8G       3.7G       107M       5.7M        30M       3.2G

MemTotal:        4016004 kB
MemFree:          109884 kB
Active:           359332 kB
Mem:          3.8G       3.7G       106M       5.7M        30M       3.2G

MemTotal:        4016004 kB
MemFree:          109636 kB
Active:           359384 kB
Mem:          3.8G       3.7G       107M       5.7M        30M       3.2G

MemTotal:        4016004 kB
MemFree:          109512 kB
Active:           359384 kB
Mem:          3.8G       3.7G       106M       5.7M        30M       3.2G

MemTotal:        4016004 kB
MemFree:          110056 kB
Active:           359384 kB
Mem:          3.8G       3.7G       107M       5.7M        30M       3.2G

MemTotal:        4016004 kB
MemFree:          110568 kB
Active:           359104 kB
Mem:          3.8G       3.7G       108M       5.7M        30M       3.2G

MemTotal:        4016004 kB
MemFree:          110196 kB
Active:           359160 kB
Mem:          3.8G       3.7G       107M       5.7M        30M       3.2G

MemTotal:        4016004 kB
MemFree:          110196 kB
Active:           359156 kB
Mem:          3.8G       3.7G       107M       5.7M        30M       3.2G

MemTotal:        4016004 kB
MemFree:          110072 kB
Active:           359132 kB
Mem:          3.8G       3.7G       107M       5.7M        30M       3.2G

MemTotal:        4016004 kB
MemFree:          110320 kB
Active:           359152 kB
Mem:          3.8G       3.7G       107M       5.7M        30M       3.2G

MemTotal:        4016004 kB
MemFree:          110568 kB
Active:           359152 kB
Mem:          3.8G       3.7G       108M       5.7M        30M       3.2G

MemTotal:        4016004 kB
MemFree:          110692 kB
Active:           359120 kB
Mem:          3.8G       3.7G       108M       5.7M        30M       3.2G

MemTotal:        4016004 kB
MemFree:          110320 kB
Active:           359172 kB
Mem:          3.8G       3.7G       108M       5.7M        30M       3.2G

MemTotal:        4016004 kB
MemFree:          110320 kB
Active:           359172 kB
Mem:          3.8G       3.7G       107M       5.7M        30M       3.2G

MemTotal:        4016004 kB
MemFree:          110444 kB
Active:           359176 kB
Mem:          3.8G       3.7G       107M       5.7M        30M       3.2G

MemTotal:        4016004 kB
MemFree:          110444 kB
Active:           359176 kB
Mem:          3.8G       3.7G       107M       5.7M        30M       3.2G

MemTotal:        4016004 kB
MemFree:          110196 kB
Active:           359176 kB
Mem:          3.8G       3.7G       107M       5.7M        30M       3.2G

MemTotal:        4016004 kB
MemFree:          109576 kB
Active:           359184 kB
Mem:          3.8G       3.7G       106M       5.7M        30M       3.2G

MemTotal:        4016004 kB
MemFree:          109824 kB
Active:           359132 kB
Mem:          3.8G       3.7G       107M       5.7M        30M       3.2G

MemTotal:        4016004 kB
MemFree:          110320 kB
Active:           359140 kB
Mem:          3.8G       3.7G       107M       5.7M        30M       3.2G

MemTotal:        4016004 kB
MemFree:          110444 kB
Active:           359152 kB
Mem:          3.8G       3.7G       107M       5.7M        30M       3.2G

MemTotal:        4016004 kB
MemFree:          110568 kB
Active:           359160 kB
Mem:          3.8G       3.7G       108M       5.7M        30M       3.2G

MemTotal:        4016004 kB
MemFree:          110568 kB
Active:           359156 kB
Mem:          3.8G       3.7G       108M       5.7M        30M       3.2G

MemTotal:        4016004 kB
MemFree:          110196 kB
Active:           359192 kB
Mem:          3.8G       3.7G       107M       5.7M        30M       3.2G

MemTotal:        4016004 kB
MemFree:          110196 kB
Active:           359180 kB
Mem:          3.8G       3.7G       107M       5.7M        30M       3.2G

MemTotal:        4016004 kB
MemFree:          110868 kB
Active:           359144 kB
Mem:          3.8G       3.7G       108M       5.7M        30M       3.2G

MemTotal:        4016004 kB
MemFree:          110744 kB
Active:           359160 kB
Mem:          3.8G       3.7G       107M       5.7M        30M       3.2G

MemTotal:        4016004 kB
MemFree:          110744 kB
Active:           359184 kB
Mem:          3.8G       3.7G       108M       5.7M        30M       3.2G

MemTotal:        4016004 kB
MemFree:          110620 kB
Active:           359168 kB
Mem:          3.8G       3.7G       107M       5.7M        30M       3.2G

MemTotal:        4016004 kB
MemFree:          110620 kB
Active:           359188 kB
Mem:          3.8G       3.7G       108M       5.7M        30M       3.2G

MemTotal:        4016004 kB
MemFree:          110744 kB
Active:           359204 kB
Mem:          3.8G       3.7G       108M       5.7M        30M       3.2G

MemTotal:        4016004 kB
MemFree:          110744 kB
Active:           359156 kB
Mem:          3.8G       3.7G       108M       5.7M        30M       3.2G

MemTotal:        4016004 kB
MemFree:          110744 kB
Active:           359176 kB
Mem:          3.8G       3.7G       108M       5.7M        30M       3.2G

MemTotal:        4016004 kB
MemFree:          110248 kB
Active:           359216 kB
