MemTotal:        4016004 kB
MemFree:         3198192 kB
Active:           461324 kB
Mem:          3.8G       798M       3.1G       5.7M        56M       327M

MemTotal:        4016004 kB
MemFree:         3197876 kB
Active:           461648 kB
Mem:          3.8G       799M       3.0G       5.7M        56M       327M

MemTotal:        4016004 kB
MemFree:         3197240 kB
Active:           461780 kB
Mem:          3.8G       799M       3.0G       5.7M        56M       327M

MemTotal:        4016004 kB
MemFree:         3197408 kB
Active:           459732 kB
Mem:          3.8G       799M       3.0G       5.7M        56M       327M

MemTotal:        4016004 kB
MemFree:         3198136 kB
Active:           461776 kB
Mem:          3.8G       798M       3.0G       5.7M        56M       327M

MemTotal:        4016004 kB
MemFree:         3197996 kB
Active:           461744 kB
Mem:          3.8G       798M       3.0G       5.7M        56M       327M

MemTotal:        4016004 kB
MemFree:         3197980 kB
Active:           461764 kB
Mem:          3.8G       798M       3.0G       5.7M        56M       327M

MemTotal:        4016004 kB
MemFree:         3197732 kB
Active:           461776 kB
Mem:          3.8G       799M       3.0G       5.7M        56M       327M

MemTotal:        4016004 kB
MemFree:         3197592 kB
Active:           461784 kB
Mem:          3.8G       799M       3.0G       5.7M        56M       327M

MemTotal:        4016004 kB
MemFree:         3197700 kB
Active:           461748 kB
Mem:          3.8G       799M       3.0G       5.7M        56M       327M

MemTotal:        4016004 kB
MemFree:         3198196 kB
Active:           461768 kB
Mem:          3.8G       798M       3.0G       5.7M        56M       327M

MemTotal:        4016004 kB
MemFree:         3198180 kB
Active:           461740 kB
Mem:          3.8G       798M       3.0G       5.7M        56M       327M

MemTotal:        4016004 kB
MemFree:         3198164 kB
Active:           461752 kB
Mem:          3.8G       798M       3.0G       5.7M        56M       327M

MemTotal:        4016004 kB
MemFree:         3198304 kB
Active:           461744 kB
Mem:          3.8G       798M       3.1G       5.7M        56M       327M

MemTotal:        4016004 kB
MemFree:         3197964 kB
Active:           461796 kB
Mem:          3.8G       798M       3.0G       5.7M        56M       327M

MemTotal:        4016004 kB
MemFree:         3198088 kB
Active:           461760 kB
Mem:          3.8G       798M       3.0G       5.7M        56M       327M

MemTotal:        4016004 kB
MemFree:         3198212 kB
Active:           461768 kB
Mem:          3.8G       798M       3.0G       5.7M        56M       327M

MemTotal:        4016004 kB
MemFree:         3198088 kB
Active:           461780 kB
Mem:          3.8G       798M       3.0G       5.7M        56M       327M

MemTotal:        4016004 kB
MemFree:         3198088 kB
Active:           461788 kB
Mem:          3.8G       798M       3.0G       5.7M        56M       327M

MemTotal:        4016004 kB
MemFree:         3198088 kB
Active:           461740 kB
Mem:          3.8G       798M       3.0G       5.7M        56M       327M

MemTotal:        4016004 kB
MemFree:         3198088 kB
Active:           461768 kB
Mem:          3.8G       798M       3.0G       5.7M        56M       327M

MemTotal:        4016004 kB
MemFree:         3198088 kB
Active:           461776 kB
Mem:          3.8G       798M       3.0G       5.7M        56M       327M

MemTotal:        4016004 kB
MemFree:         3198212 kB
Active:           461800 kB
Mem:          3.8G       798M       3.0G       5.7M        56M       327M

MemTotal:        4016004 kB
MemFree:         3198184 kB
Active:           461768 kB
Mem:          3.8G       798M       3.1G       5.7M        56M       327M

MemTotal:        4016004 kB
MemFree:         3198308 kB
Active:           461784 kB
Mem:          3.8G       798M       3.1G       5.7M        56M       327M

MemTotal:        4016004 kB
MemFree:         3198060 kB
Active:           461792 kB
Mem:          3.8G       798M       3.0G       5.7M        56M       327M

MemTotal:        4016004 kB
MemFree:         3197936 kB
Active:           461804 kB
Mem:          3.8G       799M       3.0G       5.7M        56M       327M

MemTotal:        4016004 kB
MemFree:         3197936 kB
Active:           461776 kB
Mem:          3.8G       799M       3.0G       5.7M        56M       327M

MemTotal:        4016004 kB
MemFree:         3197672 kB
Active:           461816 kB
Mem:          3.8G       799M       3.0G       5.7M        56M       327M

MemTotal:        4016004 kB
MemFree:         3197920 kB
Active:           461816 kB
Mem:          3.8G       798M       3.0G       5.7M        56M       327M

MemTotal:        4016004 kB
MemFree:         3198044 kB
Active:           461768 kB
Mem:          3.8G       798M       3.0G       5.7M        56M       327M

MemTotal:        4016004 kB
MemFree:         3198044 kB
Active:           461788 kB
Mem:          3.8G       799M       3.0G       5.7M        56M       327M

MemTotal:        4016004 kB
MemFree:         3197920 kB
Active:           461800 kB
Mem:          3.8G       798M       3.0G       5.7M        56M       327M

MemTotal:        4016004 kB
MemFree:         3198152 kB
Active:           461812 kB
Mem:          3.8G       798M       3.1G       5.7M        56M       327M

MemTotal:        4016004 kB
MemFree:         3198136 kB
Active:           461772 kB
Mem:          3.8G       798M       3.0G       5.7M        56M       327M

MemTotal:        4016004 kB
MemFree:         3197996 kB
Active:           461784 kB
Mem:          3.8G       798M       3.0G       5.7M        56M       327M

MemTotal:        4016004 kB
MemFree:         3197608 kB
Active:           461824 kB
Mem:          3.8G       798M       3.0G       5.7M        56M       327M

MemTotal:        4016004 kB
MemFree:         3197732 kB
Active:           461796 kB
Mem:          3.8G       798M       3.0G       5.7M        56M       327M

MemTotal:        4016004 kB
MemFree:         3197980 kB
Active:           461820 kB
Mem:          3.8G       799M       3.0G       5.7M        56M       327M

MemTotal:        4016004 kB
MemFree:         3197732 kB
Active:           461784 kB
Mem:          3.8G       799M       3.0G       5.7M        56M       327M

MemTotal:        4016004 kB
MemFree:         3197980 kB
Active:           461812 kB
Mem:          3.8G       798M       3.0G       5.7M        56M       327M

MemTotal:        4016004 kB
MemFree:         3197608 kB
Active:           461840 kB
Mem:          3.8G       798M       3.0G       5.7M        56M       327M

MemTotal:        4016004 kB
MemFree:         3197484 kB
Active:           461852 kB
Mem:          3.8G       799M       3.0G       5.7M        56M       327M

MemTotal:        4016004 kB
MemFree:         3197856 kB
Active:           461824 kB
Mem:          3.8G       798M       3.0G       5.7M        56M       327M

MemTotal:        4016004 kB
MemFree:         3198368 kB
Active:           461832 kB
Mem:          3.8G       798M       3.0G       5.7M        56M       327M

MemTotal:        4016004 kB
MemFree:         3197748 kB
Active:           461824 kB
Mem:          3.8G       798M       3.0G       5.7M        56M       327M

MemTotal:        4016004 kB
MemFree:         3197748 kB
Active:           461852 kB
Mem:          3.8G       798M       3.0G       5.7M        56M       327M

MemTotal:        4016004 kB
MemFree:         3197872 kB
Active:           461852 kB
Mem:          3.8G       798M       3.0G       5.7M        56M       327M

MemTotal:        4016004 kB
MemFree:         3197376 kB
Active:           461860 kB
Mem:          3.8G       798M       3.0G       5.7M        56M       327M

MemTotal:        4016004 kB
MemFree:         3197500 kB
Active:           461864 kB
Mem:          3.8G       799M       3.0G       5.7M        56M       327M

MemTotal:        4016004 kB
MemFree:         3197856 kB
Active:           461828 kB
Mem:          3.8G       799M       3.0G       5.7M        56M       327M

MemTotal:        4016004 kB
MemFree:         3197840 kB
Active:           461824 kB
Mem:          3.8G       798M       3.0G       5.7M        56M       327M

MemTotal:        4016004 kB
MemFree:         3198212 kB
Active:           461836 kB
Mem:          3.8G       798M       3.0G       5.7M        56M       327M

MemTotal:        4016004 kB
MemFree:         3197652 kB
Active:           459844 kB
Mem:          3.8G       798M       3.0G       5.7M        56M       327M

MemTotal:        4016004 kB
MemFree:         3197868 kB
Active:           461888 kB
Mem:          3.8G       798M       3.0G       5.7M        56M       327M

MemTotal:        4016004 kB
MemFree:         3198116 kB
Active:           461856 kB
Mem:          3.8G       798M       3.0G       5.7M        56M       327M

MemTotal:        4016004 kB
MemFree:         3198040 kB
Active:           461872 kB
Mem:          3.8G       798M       3.0G       5.7M        56M       327M

MemTotal:        4016004 kB
MemFree:         3198040 kB
Active:           461836 kB
Mem:          3.8G       799M       3.0G       5.7M        56M       327M

MemTotal:        4016004 kB
MemFree:         3198040 kB
Active:           461856 kB
Mem:          3.8G       799M       3.0G       5.7M        56M       328M

MemTotal:        4016004 kB
MemFree:         3197420 kB
Active:           461904 kB
Mem:          3.8G       799M       3.0G       5.7M        56M       328M

MemTotal:        4016004 kB
MemFree:         3197544 kB
Active:           461876 kB
Mem:          3.8G       799M       3.0G       5.7M        56M       328M

MemTotal:        4016004 kB
MemFree:         3197420 kB
Active:           461884 kB
Mem:          3.8G       799M       3.0G       5.7M        56M       328M

MemTotal:        4016004 kB
MemFree:         3197652 kB
Active:           461888 kB
Mem:          3.8G       799M       3.0G       5.7M        56M       328M

MemTotal:        4016004 kB
MemFree:         3197956 kB
Active:           459844 kB
Mem:          3.8G       799M       3.0G       5.7M        56M       327M

MemTotal:        4016004 kB
MemFree:         3197832 kB
Active:           461900 kB
Mem:          3.8G       799M       3.0G       5.7M        56M       328M

MemTotal:        4016004 kB
MemFree:         3197832 kB
Active:           461860 kB
Mem:          3.8G       799M       3.0G       5.7M        56M       328M

MemTotal:        4016004 kB
MemFree:         3197832 kB
Active:           461876 kB
Mem:          3.8G       799M       3.0G       5.7M        56M       328M

MemTotal:        4016004 kB
MemFree:         3197336 kB
Active:           461912 kB
Mem:          3.8G       799M       3.0G       5.7M        56M       328M

MemTotal:        4016004 kB
MemFree:         3197460 kB
Active:           461904 kB
Mem:          3.8G       799M       3.0G       5.7M        56M       328M

MemTotal:        4016004 kB
MemFree:         3197460 kB
Active:           461900 kB
Mem:          3.8G       799M       3.0G       5.7M        56M       328M

MemTotal:        4016004 kB
MemFree:         3197460 kB
Active:           461896 kB
Mem:          3.8G       799M       3.0G       5.7M        56M       328M

MemTotal:        4016004 kB
MemFree:         3197336 kB
Active:           461856 kB
Mem:          3.8G       799M       3.0G       5.7M        56M       328M

MemTotal:        4016004 kB
MemFree:         3197956 kB
Active:           461872 kB
Mem:          3.8G       799M       3.0G       5.7M        56M       328M

MemTotal:        4016004 kB
MemFree:         3197848 kB
Active:           461904 kB
Mem:          3.8G       799M       3.0G       5.7M        56M       328M

MemTotal:        4016004 kB
MemFree:         3197848 kB
Active:           461896 kB
Mem:          3.8G       798M       3.0G       5.7M        56M       328M

MemTotal:        4016004 kB
MemFree:         3197724 kB
Active:           461856 kB
Mem:          3.8G       799M       3.0G       5.7M        56M       328M

MemTotal:        4016004 kB
MemFree:         3197476 kB
Active:           461924 kB
Mem:          3.8G       799M       3.0G       5.7M        56M       328M

MemTotal:        4016004 kB
MemFree:         3197848 kB
Active:           461876 kB
Mem:          3.8G       798M       3.0G       5.7M        56M       328M

MemTotal:        4016004 kB
MemFree:         3197988 kB
Active:           461876 kB
Mem:          3.8G       799M       3.0G       5.7M        56M       328M

MemTotal:        4016004 kB
MemFree:         3197988 kB
Active:           461888 kB
Mem:          3.8G       798M       3.0G       5.7M        56M       328M

MemTotal:        4016004 kB
MemFree:         3197492 kB
Active:           461924 kB
Mem:          3.8G       799M       3.0G       5.7M        56M       328M

MemTotal:        4016004 kB
MemFree:         3197492 kB
Active:           461928 kB
Mem:          3.8G       799M       3.0G       5.7M        56M       328M

MemTotal:        4016004 kB
MemFree:         3197864 kB
Active:           461928 kB
Mem:          3.8G       799M       3.0G       5.7M        56M       328M

MemTotal:        4016004 kB
MemFree:         3197180 kB
Active:           459908 kB
Mem:          3.8G       799M       3.0G       5.7M        56M       328M

MemTotal:        4016004 kB
MemFree:         3197180 kB
Active:           459908 kB
Mem:          3.8G       799M       3.0G       5.7M        56M       328M

MemTotal:        4016004 kB
MemFree:         3197552 kB
Active:           461940 kB
Mem:          3.8G       799M       3.0G       5.7M        56M       328M

MemTotal:        4016004 kB
MemFree:         3197552 kB
Active:           461908 kB
Mem:          3.8G       799M       3.0G       5.7M        56M       328M

MemTotal:        4016004 kB
MemFree:         3197676 kB
Active:           461924 kB
Mem:          3.8G       799M       3.0G       5.7M        56M       328M

MemTotal:        4016004 kB
MemFree:         3197908 kB
Active:           461940 kB
Mem:          3.8G       798M       3.0G       5.7M        56M       328M

MemTotal:        4016004 kB
MemFree:         3198248 kB
Active:           461908 kB
Mem:          3.8G       798M       3.0G       5.7M        56M       328M

MemTotal:        4016004 kB
MemFree:         3197628 kB
Active:           461940 kB
Mem:          3.8G       798M       3.0G       5.7M        56M       328M

MemTotal:        4016004 kB
MemFree:         3197628 kB
Active:           461964 kB
Mem:          3.8G       799M       3.0G       5.7M        56M       328M

MemTotal:        4016004 kB
MemFree:         3197612 kB
Active:           461960 kB
Mem:          3.8G       799M       3.0G       5.7M        56M       328M

MemTotal:        4016004 kB
MemFree:         3197212 kB
Active:           459916 kB
Mem:          3.8G       799M       3.0G       5.7M        56M       328M

MemTotal:        4016004 kB
MemFree:         3197584 kB
Active:           461916 kB
Mem:          3.8G       799M       3.0G       5.7M        56M       328M

MemTotal:        4016004 kB
MemFree:         3197708 kB
Active:           461936 kB
Mem:          3.8G       799M       3.0G       5.7M        56M       328M

MemTotal:        4016004 kB
MemFree:         3197584 kB
Active:           461964 kB
Mem:          3.8G       799M       3.0G       5.7M        56M       328M

MemTotal:        4016004 kB
MemFree:         3197336 kB
Active:           461972 kB
Mem:          3.8G       799M       3.0G       5.7M        56M       328M

MemTotal:        4016004 kB
MemFree:         3197692 kB
Active:           461952 kB
Mem:          3.8G       799M       3.0G       5.7M        56M       328M

MemTotal:        4016004 kB
MemFree:         3197816 kB
Active:           461928 kB
Mem:          3.8G       799M       3.0G       5.7M        56M       328M

MemTotal:        4016004 kB
MemFree:         3197800 kB
Active:           462100 kB
Mem:          3.8G       799M       3.0G       5.7M        56M       328M

MemTotal:        4016004 kB
MemFree:         3157604 kB
Active:           462308 kB
Mem:          3.8G       838M       3.0G       5.7M        56M       366M

MemTotal:        4016004 kB
MemFree:         3114976 kB
Active:           462340 kB
Mem:          3.8G       880M       3.0G       5.7M        56M       407M

MemTotal:        4016004 kB
MemFree:         3073264 kB
Active:           462324 kB
Mem:          3.8G       920M       2.9G       5.7M        56M       448M

MemTotal:        4016004 kB
MemFree:         3030636 kB
Active:           462352 kB
Mem:          3.8G       962M       2.9G       5.7M        56M       488M

MemTotal:        4016004 kB
MemFree:         2989496 kB
Active:           462368 kB
Mem:          3.8G       1.0G       2.8G       5.7M        56M       529M

MemTotal:        4016004 kB
MemFree:         2946372 kB
Active:           462396 kB
Mem:          3.8G       1.0G       2.8G       5.7M        56M       570M

MemTotal:        4016004 kB
MemFree:         2904380 kB
Active:           462448 kB
Mem:          3.8G       1.1G       2.8G       5.7M        56M       611M

MemTotal:        4016004 kB
MemFree:         2861628 kB
Active:           462428 kB
Mem:          3.8G       1.1G       2.7G       5.7M        56M       652M

MemTotal:        4016004 kB
MemFree:         2818620 kB
Active:           462500 kB
Mem:          3.8G       1.1G       2.7G       5.7M        56M       692M

MemTotal:        4016004 kB
MemFree:         2776120 kB
Active:           462508 kB
Mem:          3.8G       1.2G       2.6G       5.7M        56M       734M

MemTotal:        4016004 kB
MemFree:         2733676 kB
Active:           462488 kB
Mem:          3.8G       1.2G       2.6G       5.7M        56M       774M

MemTotal:        4016004 kB
MemFree:         2726128 kB
Active:           462516 kB
Mem:          3.8G       1.2G       2.6G       5.7M        56M       781M

MemTotal:        4016004 kB
MemFree:         2683500 kB
Active:           460532 kB
Mem:          3.8G       1.3G       2.6G       5.7M        56M       822M

MemTotal:        4016004 kB
MemFree:         2646896 kB
Active:           462568 kB
Mem:          3.8G       1.3G       2.5G       5.7M        56M       857M

MemTotal:        4016004 kB
MemFree:         2635548 kB
Active:           462592 kB
Mem:          3.8G       1.3G       2.5G       5.7M        56M       869M

MemTotal:        4016004 kB
MemFree:         2593676 kB
Active:           462616 kB
Mem:          3.8G       1.4G       2.5G       5.7M        56M       909M

MemTotal:        4016004 kB
MemFree:         2550028 kB
Active:           462676 kB
Mem:          3.8G       1.4G       2.4G       5.7M        56M       950M

MemTotal:        4016004 kB
MemFree:         2507652 kB
Active:           462696 kB
Mem:          3.8G       1.4G       2.4G       5.7M        56M       991M

MemTotal:        4016004 kB
MemFree:         2466160 kB
Active:           462712 kB
Mem:          3.8G       1.5G       2.4G       5.7M        56M       1.0G

MemTotal:        4016004 kB
MemFree:         2423532 kB
Active:           462732 kB
Mem:          3.8G       1.5G       2.3G       5.7M        56M       1.0G

MemTotal:        4016004 kB
MemFree:         2381028 kB
Active:           462728 kB
Mem:          3.8G       1.6G       2.3G       5.7M        56M       1.1G

MemTotal:        4016004 kB
MemFree:         2338772 kB
Active:           462776 kB
Mem:          3.8G       1.6G       2.2G       5.7M        56M       1.1G

MemTotal:        4016004 kB
MemFree:         2296144 kB
Active:           462804 kB
Mem:          3.8G       1.6G       2.2G       5.7M        56M       1.2G

MemTotal:        4016004 kB
MemFree:         2285372 kB
Active:           462828 kB
Mem:          3.8G       1.7G       2.2G       5.7M        56M       1.2G

MemTotal:        4016004 kB
MemFree:         2243648 kB
Active:           462820 kB
Mem:          3.8G       1.7G       2.1G       5.7M        56M       1.2G

MemTotal:        4016004 kB
MemFree:         2201640 kB
Active:           462820 kB
Mem:          3.8G       1.7G       2.1G       5.7M        56M       1.3G

MemTotal:        4016004 kB
MemFree:         2193720 kB
Active:           462892 kB
Mem:          3.8G       1.7G       2.1G       5.7M        56M       1.3G

MemTotal:        4016004 kB
MemFree:         2191592 kB
Active:           462912 kB
Mem:          3.8G       1.7G       2.1G       5.7M        56M       1.3G

MemTotal:        4016004 kB
MemFree:         2152428 kB
Active:           462936 kB
Mem:          3.8G       1.8G       2.1G       5.7M        56M       1.3G

MemTotal:        4016004 kB
MemFree:         2110236 kB
Active:           462908 kB
Mem:          3.8G       1.8G       2.0G       5.7M        56M       1.3G

MemTotal:        4016004 kB
MemFree:         2067660 kB
Active:           462944 kB
Mem:          3.8G       1.9G       2.0G       5.7M        56M       1.4G

MemTotal:        4016004 kB
MemFree:         2024752 kB
Active:           463000 kB
Mem:          3.8G       1.9G       1.9G       5.7M        56M       1.4G

MemTotal:        4016004 kB
MemFree:         1983100 kB
Active:           462976 kB
Mem:          3.8G       1.9G       1.9G       5.7M        56M       1.5G

MemTotal:        4016004 kB
MemFree:         1940224 kB
Active:           463004 kB
Mem:          3.8G       2.0G       1.9G       5.7M        56M       1.5G

MemTotal:        4016004 kB
MemFree:         1898464 kB
Active:           463024 kB
Mem:          3.8G       2.0G       1.8G       5.7M        56M       1.5G

MemTotal:        4016004 kB
MemFree:         1856704 kB
Active:           463060 kB
Mem:          3.8G       2.1G       1.8G       5.7M        57M       1.6G

MemTotal:        4016004 kB
MemFree:         1812944 kB
Active:           463128 kB
Mem:          3.8G       2.1G       1.7G       5.7M        57M       1.6G

MemTotal:        4016004 kB
MemFree:         1771496 kB
Active:           463124 kB
Mem:          3.8G       2.1G       1.7G       5.7M        57M       1.7G

MemTotal:        4016004 kB
MemFree:         1742036 kB
Active:           463172 kB
Mem:          3.8G       2.2G       1.7G       5.7M        57M       1.7G

MemTotal:        4016004 kB
MemFree:         1738536 kB
Active:           463140 kB
Mem:          3.8G       2.2G       1.7G       5.7M        57M       1.7G

MemTotal:        4016004 kB
MemFree:         1699676 kB
Active:           463208 kB
Mem:          3.8G       2.2G       1.6G       5.7M        57M       1.7G

MemTotal:        4016004 kB
MemFree:         1657240 kB
Active:           463184 kB
Mem:          3.8G       2.2G       1.6G       5.7M        57M       1.8G

MemTotal:        4016004 kB
MemFree:         1615268 kB
Active:           463212 kB
Mem:          3.8G       2.3G       1.5G       5.7M        57M       1.8G

MemTotal:        4016004 kB
MemFree:         1572920 kB
Active:           463240 kB
Mem:          3.8G       2.3G       1.5G       5.7M        57M       1.8G

MemTotal:        4016004 kB
MemFree:         1530152 kB
Active:           463256 kB
Mem:          3.8G       2.4G       1.5G       5.7M        57M       1.9G

MemTotal:        4016004 kB
MemFree:         1488360 kB
Active:           463320 kB
Mem:          3.8G       2.4G       1.4G       5.7M        57M       1.9G

MemTotal:        4016004 kB
MemFree:         1446368 kB
Active:           463296 kB
Mem:          3.8G       2.5G       1.4G       5.7M        57M       2.0G

MemTotal:        4016004 kB
MemFree:         1403576 kB
Active:           463332 kB
Mem:          3.8G       2.5G       1.3G       5.7M        57M       2.0G

MemTotal:        4016004 kB
MemFree:         1361364 kB
Active:           463360 kB
Mem:          3.8G       2.5G       1.3G       5.7M        57M       2.0G

MemTotal:        4016004 kB
MemFree:         1318708 kB
Active:           463384 kB
Mem:          3.8G       2.6G       1.3G       5.7M        57M       2.1G

MemTotal:        4016004 kB
MemFree:         1297808 kB
Active:           463420 kB
Mem:          3.8G       2.6G       1.2G       5.7M        57M       2.1G

MemTotal:        4016004 kB
MemFree:         1297344 kB
Active:           463456 kB
Mem:          3.8G       2.6G       1.2G       5.7M        57M       2.1G

MemTotal:        4016004 kB
MemFree:         1270096 kB
Active:           463468 kB
Mem:          3.8G       2.6G       1.2G       5.7M        57M       2.1G

MemTotal:        4016004 kB
MemFree:         1228244 kB
Active:           463484 kB
Mem:          3.8G       2.7G       1.2G       5.7M        57M       2.2G

MemTotal:        4016004 kB
MemFree:         1186148 kB
Active:           463460 kB
Mem:          3.8G       2.7G       1.1G       5.7M        57M       2.2G

MemTotal:        4016004 kB
MemFree:         1143956 kB
Active:           463532 kB
Mem:          3.8G       2.7G       1.1G       5.7M        57M       2.2G

MemTotal:        4016004 kB
MemFree:         1101948 kB
Active:           463552 kB
Mem:          3.8G       2.8G       1.1G       5.7M        57M       2.3G

MemTotal:        4016004 kB
MemFree:         1059072 kB
Active:           463552 kB
Mem:          3.8G       2.8G       1.0G       5.7M        57M       2.3G

MemTotal:        4016004 kB
MemFree:         1016692 kB
Active:           463564 kB
Mem:          3.8G       2.9G       992M       5.7M        57M       2.4G

MemTotal:        4016004 kB
MemFree:          973568 kB
Active:           463588 kB
Mem:          3.8G       2.9G       950M       5.7M        57M       2.4G

MemTotal:        4016004 kB
MemFree:          931808 kB
Active:           463636 kB
Mem:          3.8G       2.9G       909M       5.7M        57M       2.4G

MemTotal:        4016004 kB
MemFree:          888212 kB
Active:           463636 kB
Mem:          3.8G       3.0G       867M       5.7M        57M       2.5G

MemTotal:        4016004 kB
MemFree:          845132 kB
Active:           463692 kB
Mem:          3.8G       3.0G       824M       5.7M        57M       2.5G

MemTotal:        4016004 kB
MemFree:          801528 kB
Active:           465732 kB
Mem:          3.8G       3.1G       782M       5.7M        57M       2.6G

MemTotal:        4016004 kB
MemFree:          758408 kB
Active:           465772 kB
Mem:          3.8G       3.1G       740M       5.7M        57M       2.6G

MemTotal:        4016004 kB
MemFree:          715068 kB
Active:           465792 kB
Mem:          3.8G       3.1G       698M       5.7M        57M       2.6G

MemTotal:        4016004 kB
MemFree:          672660 kB
Active:           465848 kB
Mem:          3.8G       3.2G       657M       5.7M        57M       2.7G

MemTotal:        4016004 kB
MemFree:          631304 kB
Active:           465852 kB
Mem:          3.8G       3.2G       615M       5.7M        57M       2.7G

MemTotal:        4016004 kB
MemFree:          588428 kB
Active:           465860 kB
Mem:          3.8G       3.3G       574M       5.7M        57M       2.8G

MemTotal:        4016004 kB
MemFree:          546420 kB
Active:           465932 kB
Mem:          3.8G       3.3G       533M       5.7M        57M       2.8G

MemTotal:        4016004 kB
MemFree:          503684 kB
Active:           465948 kB
Mem:          3.8G       3.3G       491M       5.7M        57M       2.8G

MemTotal:        4016004 kB
MemFree:          461156 kB
Active:           465968 kB
Mem:          3.8G       3.4G       449M       5.7M        57M       2.9G

MemTotal:        4016004 kB
MemFree:          418452 kB
Active:           466000 kB
Mem:          3.8G       3.4G       408M       5.7M        57M       2.9G

MemTotal:        4016004 kB
MemFree:          376032 kB
Active:           466012 kB
Mem:          3.8G       3.5G       366M       5.7M        57M       3.0G

MemTotal:        4016004 kB
MemFree:          332816 kB
Active:           466044 kB
Mem:          3.8G       3.5G       325M       5.7M        57M       3.0G

MemTotal:        4016004 kB
MemFree:          291436 kB
Active:           465916 kB
Mem:          3.8G       3.6G       284M       5.7M        57M       3.0G

MemTotal:        4016004 kB
MemFree:          272264 kB
Active:           465896 kB
Mem:          3.8G       3.6G       265M       5.7M        57M       3.1G

MemTotal:        4016004 kB
MemFree:          236084 kB
Active:           465956 kB
Mem:          3.8G       3.6G       230M       5.7M        57M       3.1G

MemTotal:        4016004 kB
MemFree:          194264 kB
Active:           465956 kB
Mem:          3.8G       3.6G       189M       5.7M        57M       3.1G

MemTotal:        4016004 kB
MemFree:          151980 kB
Active:           465948 kB
Mem:          3.8G       3.7G       148M       5.7M        57M       3.2G

MemTotal:        4016004 kB
MemFree:          109528 kB
Active:           466020 kB
Mem:          3.8G       3.7G       106M       5.7M        57M       3.2G

MemTotal:        4016004 kB
MemFree:          124904 kB
Active:           473404 kB
Mem:          3.8G       3.7G       120M       5.7M        24M       3.2G

MemTotal:        4016004 kB
MemFree:          122064 kB
Active:           479976 kB
Mem:          3.8G       3.7G       118M       5.7M        24M       3.2G

MemTotal:        4016004 kB
MemFree:          129176 kB
Active:           525156 kB
Mem:          3.8G       3.7G       125M       5.7M        24M       3.2G

MemTotal:        4016004 kB
MemFree:          134896 kB
Active:           518668 kB
Mem:          3.8G       3.7G       131M       5.7M        24M       3.2G

MemTotal:        4016004 kB
MemFree:          129756 kB
Active:           514776 kB
Mem:          3.8G       3.7G       126M       5.7M        24M       3.2G

MemTotal:        4016004 kB
MemFree:          125380 kB
Active:           508704 kB
Mem:          3.8G       3.7G       122M       5.7M        24M       3.2G

MemTotal:        4016004 kB
MemFree:          132184 kB
Active:           501016 kB
Mem:          3.8G       3.7G       129M       5.7M        24M       3.2G

MemTotal:        4016004 kB
MemFree:          136688 kB
Active:           496392 kB
Mem:          3.8G       3.7G       133M       5.7M        24M       3.2G

MemTotal:        4016004 kB
MemFree:          130684 kB
Active:           496328 kB
Mem:          3.8G       3.7G       127M       5.7M        24M       3.2G

MemTotal:        4016004 kB
MemFree:          138860 kB
Active:           491740 kB
Mem:          3.8G       3.7G       135M       5.7M        24M       3.2G

MemTotal:        4016004 kB
MemFree:          132716 kB
Active:           488392 kB
Mem:          3.8G       3.7G       128M       5.7M        24M       3.2G

MemTotal:        4016004 kB
MemFree:          113488 kB
Active:           486160 kB
Mem:          3.8G       3.7G       111M       5.7M        24M       3.2G

MemTotal:        4016004 kB
MemFree:          107744 kB
Active:           482720 kB
Mem:          3.8G       3.7G       104M       5.7M        24M       3.3G

MemTotal:        4016004 kB
MemFree:          127948 kB
Active:           475928 kB
Mem:          3.8G       3.7G       124M       5.7M        24M       3.2G

MemTotal:        4016004 kB
MemFree:          120940 kB
Active:           470012 kB
Mem:          3.8G       3.7G       117M       5.7M        24M       3.2G

MemTotal:        4016004 kB
MemFree:          113348 kB
Active:           466044 kB
Mem:          3.8G       3.7G       110M       5.7M        24M       3.2G

MemTotal:        4016004 kB
MemFree:          123692 kB
Active:           462160 kB
Mem:          3.8G       3.7G       120M       5.7M        24M       3.2G

MemTotal:        4016004 kB
MemFree:          116000 kB
Active:           460900 kB
Mem:          3.8G       3.7G       113M       5.7M        24M       3.2G

MemTotal:        4016004 kB
MemFree:          108820 kB
Active:           459776 kB
Mem:          3.8G       3.7G       106M       5.7M        25M       3.3G

MemTotal:        4016004 kB
MemFree:          119448 kB
Active:           457716 kB
Mem:          3.8G       3.7G       116M       5.7M        25M       3.2G

MemTotal:        4016004 kB
MemFree:          132476 kB
Active:           456492 kB
Mem:          3.8G       3.7G       129M       5.7M        25M       3.2G

MemTotal:        4016004 kB
MemFree:          127696 kB
Active:           456492 kB
Mem:          3.8G       3.7G       124M       5.7M        25M       3.2G

MemTotal:        4016004 kB
MemFree:          132072 kB
Active:           454560 kB
Mem:          3.8G       3.7G       128M       5.7M        25M       3.2G

MemTotal:        4016004 kB
MemFree:          124420 kB
Active:           453484 kB
Mem:          3.8G       3.7G       121M       5.7M        25M       3.2G

MemTotal:        4016004 kB
MemFree:          131224 kB
Active:           451588 kB
Mem:          3.8G       3.7G       127M       5.7M        25M       3.2G

MemTotal:        4016004 kB
MemFree:          137956 kB
Active:           449948 kB
Mem:          3.8G       3.7G       133M       5.7M        25M       3.2G

MemTotal:        4016004 kB
MemFree:          141628 kB
Active:           446176 kB
Mem:          3.8G       3.7G       138M       5.7M        25M       3.2G

MemTotal:        4016004 kB
MemFree:          126964 kB
Active:           445340 kB
Mem:          3.8G       3.7G       123M       5.7M        25M       3.2G

MemTotal:        4016004 kB
MemFree:          125832 kB
Active:           443844 kB
Mem:          3.8G       3.7G       122M       5.7M        25M       3.2G

MemTotal:        4016004 kB
MemFree:          112244 kB
Active:           442680 kB
Mem:          3.8G       3.7G       109M       5.7M        25M       3.2G

MemTotal:        4016004 kB
MemFree:          105956 kB
Active:           441544 kB
Mem:          3.8G       3.7G       106M       5.7M        25M       3.2G

MemTotal:        4016004 kB
MemFree:          124836 kB
Active:           439680 kB
Mem:          3.8G       3.7G       121M       5.7M        25M       3.2G

MemTotal:        4016004 kB
MemFree:          112344 kB
Active:           438496 kB
Mem:          3.8G       3.7G       109M       5.7M        25M       3.2G

MemTotal:        4016004 kB
MemFree:          126956 kB
Active:           437684 kB
Mem:          3.8G       3.7G       123M       5.7M        25M       3.2G

MemTotal:        4016004 kB
MemFree:          107244 kB
Active:           436932 kB
Mem:          3.8G       3.7G       104M       5.7M        25M       3.2G

MemTotal:        4016004 kB
MemFree:          132144 kB
Active:           432872 kB
Mem:          3.8G       3.7G       133M       5.7M        25M       3.2G

MemTotal:        4016004 kB
MemFree:          106700 kB
Active:           432076 kB
Mem:          3.8G       3.7G       104M       5.7M        25M       3.3G

MemTotal:        4016004 kB
MemFree:          117136 kB
Active:           430104 kB
Mem:          3.8G       3.7G       113M       5.7M        25M       3.2G

MemTotal:        4016004 kB
MemFree:          110216 kB
Active:           428980 kB
Mem:          3.8G       3.7G       107M       5.7M        25M       3.2G

MemTotal:        4016004 kB
MemFree:          119968 kB
Active:           427340 kB
Mem:          3.8G       3.7G       125M       5.7M        25M       3.2G

MemTotal:        4016004 kB
MemFree:          112324 kB
Active:           426280 kB
Mem:          3.8G       3.7G       109M       5.7M        25M       3.2G

MemTotal:        4016004 kB
MemFree:          106524 kB
Active:           425080 kB
Mem:          3.8G       3.7G       104M       5.7M        25M       3.2G

MemTotal:        4016004 kB
MemFree:          126064 kB
Active:           423448 kB
Mem:          3.8G       3.7G       123M       5.7M        25M       3.2G

MemTotal:        4016004 kB
MemFree:          106316 kB
Active:           422016 kB
Mem:          3.8G       3.7G       103M       5.7M        25M       3.3G

MemTotal:        4016004 kB
MemFree:          136108 kB
Active:           419912 kB
Mem:          3.8G       3.7G       132M       5.7M        25M       3.2G

MemTotal:        4016004 kB
MemFree:          135356 kB
Active:           419156 kB
Mem:          3.8G       3.7G       131M       5.7M        25M       3.2G

MemTotal:        4016004 kB
MemFree:          141232 kB
Active:           417648 kB
Mem:          3.8G       3.7G       138M       5.7M        25M       3.2G

MemTotal:        4016004 kB
MemFree:          104964 kB
Active:           417136 kB
Mem:          3.8G       3.7G       105M       5.7M        25M       3.2G

MemTotal:        4016004 kB
MemFree:          128392 kB
Active:           414828 kB
Mem:          3.8G       3.7G       125M       5.7M        25M       3.2G

MemTotal:        4016004 kB
MemFree:          127788 kB
Active:           413492 kB
Mem:          3.8G       3.7G       124M       5.7M        25M       3.2G

MemTotal:        4016004 kB
MemFree:          126968 kB
Active:           411976 kB
Mem:          3.8G       3.7G       123M       5.7M        25M       3.2G

MemTotal:        4016004 kB
MemFree:          134096 kB
Active:           407652 kB
Mem:          3.8G       3.7G       130M       5.7M        25M       3.2G

MemTotal:        4016004 kB
MemFree:          138376 kB
Active:           407808 kB
Mem:          3.8G       3.7G       134M       5.7M        25M       3.2G

MemTotal:        4016004 kB
MemFree:          132172 kB
Active:           406696 kB
Mem:          3.8G       3.7G       128M       5.7M        25M       3.2G

MemTotal:        4016004 kB
MemFree:          118056 kB
Active:           405788 kB
Mem:          3.8G       3.7G       115M       5.7M        25M       3.2G

MemTotal:        4016004 kB
MemFree:          130068 kB
Active:           403924 kB
Mem:          3.8G       3.7G       127M       5.7M        25M       3.2G

MemTotal:        4016004 kB
MemFree:          119248 kB
Active:           403820 kB
Mem:          3.8G       3.7G       116M       5.7M        25M       3.2G

MemTotal:        4016004 kB
MemFree:          126596 kB
Active:           402800 kB
Mem:          3.8G       3.7G       123M       5.7M        25M       3.2G

MemTotal:        4016004 kB
MemFree:          121280 kB
Active:           401680 kB
Mem:          3.8G       3.7G       118M       5.7M        25M       3.2G

MemTotal:        4016004 kB
MemFree:          131260 kB
Active:           399524 kB
Mem:          3.8G       3.7G       128M       5.7M        25M       3.2G

MemTotal:        4016004 kB
MemFree:          124812 kB
Active:           398516 kB
Mem:          3.8G       3.7G       121M       5.7M        25M       3.2G

MemTotal:        4016004 kB
MemFree:          118156 kB
Active:           397764 kB
Mem:          3.8G       3.7G       115M       5.7M        25M       3.2G

MemTotal:        4016004 kB
MemFree:          105876 kB
Active:           398784 kB
Mem:          3.8G       3.7G       103M       5.7M        25M       3.3G

MemTotal:        4016004 kB
MemFree:          124656 kB
Active:           396796 kB
Mem:          3.8G       3.7G       121M       5.7M        25M       3.2G

MemTotal:        4016004 kB
MemFree:          135348 kB
Active:           394552 kB
Mem:          3.8G       3.7G       132M       5.7M        25M       3.2G

MemTotal:        4016004 kB
MemFree:          131996 kB
Active:           394528 kB
Mem:          3.8G       3.7G       128M       5.7M        25M       3.2G

MemTotal:        4016004 kB
MemFree:          143032 kB
Active:           394564 kB
Mem:          3.8G       3.7G       139M       5.7M        25M       3.2G

MemTotal:        4016004 kB
MemFree:          125464 kB
Active:           394620 kB
Mem:          3.8G       3.7G       122M       5.7M        26M       3.2G

MemTotal:        4016004 kB
MemFree:          109236 kB
Active:           394520 kB
Mem:          3.8G       3.7G       106M       5.7M        26M       3.2G

MemTotal:        4016004 kB
MemFree:          125816 kB
Active:           394536 kB
Mem:          3.8G       3.7G       122M       5.7M        26M       3.2G

MemTotal:        4016004 kB
MemFree:          126944 kB
Active:           394552 kB
Mem:          3.8G       3.7G       123M       5.7M        26M       3.2G

MemTotal:        4016004 kB
MemFree:          124888 kB
Active:           394588 kB
Mem:          3.8G       3.7G       121M       5.7M        26M       3.2G

MemTotal:        4016004 kB
MemFree:          108076 kB
Active:           394440 kB
Mem:          3.8G       3.7G       105M       5.7M        26M       3.2G

MemTotal:        4016004 kB
MemFree:          125056 kB
Active:           394464 kB
Mem:          3.8G       3.7G       132M       5.7M        26M       3.2G

MemTotal:        4016004 kB
MemFree:          130732 kB
Active:           394484 kB
Mem:          3.8G       3.7G       127M       5.7M        26M       3.2G

MemTotal:        4016004 kB
MemFree:          131464 kB
Active:           394488 kB
Mem:          3.8G       3.7G       128M       5.7M        26M       3.2G

MemTotal:        4016004 kB
MemFree:          124960 kB
Active:           394524 kB
Mem:          3.8G       3.7G       121M       5.7M        26M       3.2G

MemTotal:        4016004 kB
MemFree:          130656 kB
Active:           394520 kB
Mem:          3.8G       3.7G       127M       5.7M        26M       3.2G

MemTotal:        4016004 kB
MemFree:          124300 kB
Active:           394556 kB
Mem:          3.8G       3.7G       121M       5.7M        26M       3.2G

MemTotal:        4016004 kB
MemFree:          117488 kB
Active:           394488 kB
Mem:          3.8G       3.7G       114M       5.7M        26M       3.2G

MemTotal:        4016004 kB
MemFree:          110912 kB
Active:           394560 kB
Mem:          3.8G       3.7G       107M       5.7M        26M       3.2G

MemTotal:        4016004 kB
MemFree:          150648 kB
Active:           395936 kB
Mem:          3.8G       3.7G       147M       5.7M        26M       3.2G

MemTotal:        4016004 kB
MemFree:          131856 kB
Active:           395960 kB
Mem:          3.8G       3.7G       128M       5.7M        26M       3.2G

MemTotal:        4016004 kB
MemFree:          133692 kB
Active:           395424 kB
Mem:          3.8G       3.7G       129M       5.7M        26M       3.2G

MemTotal:        4016004 kB
MemFree:          127176 kB
Active:           395456 kB
Mem:          3.8G       3.7G       123M       5.7M        26M       3.2G

MemTotal:        4016004 kB
MemFree:          131696 kB
Active:           395472 kB
Mem:          3.8G       3.7G       128M       5.7M        26M       3.2G

MemTotal:        4016004 kB
MemFree:          125704 kB
Active:           395388 kB
Mem:          3.8G       3.7G       122M       5.7M        26M       3.2G

MemTotal:        4016004 kB
MemFree:          119292 kB
Active:           395380 kB
Mem:          3.8G       3.7G       116M       5.7M        26M       3.2G

MemTotal:        4016004 kB
MemFree:          113376 kB
Active:           395424 kB
Mem:          3.8G       3.7G       110M       5.7M        26M       3.2G

MemTotal:        4016004 kB
MemFree:          106876 kB
Active:           395320 kB
Mem:          3.8G       3.7G       103M       5.7M        26M       3.2G

MemTotal:        4016004 kB
MemFree:          126884 kB
Active:           395352 kB
Mem:          3.8G       3.7G       123M       5.7M        26M       3.2G

MemTotal:        4016004 kB
MemFree:          125676 kB
Active:           395384 kB
Mem:          3.8G       3.7G       122M       5.7M        26M       3.2G

MemTotal:        4016004 kB
MemFree:          124436 kB
Active:           395380 kB
Mem:          3.8G       3.7G       121M       5.7M        26M       3.2G

MemTotal:        4016004 kB
MemFree:          124560 kB
Active:           395380 kB
Mem:          3.8G       3.7G       121M       5.7M        26M       3.2G

MemTotal:        4016004 kB
MemFree:          123832 kB
Active:           395392 kB
Mem:          3.8G       3.7G       120M       5.7M        26M       3.2G

MemTotal:        4016004 kB
MemFree:          110680 kB
Active:           395348 kB
Mem:          3.8G       3.7G       108M       5.7M        26M       3.2G

MemTotal:        4016004 kB
MemFree:          127024 kB
Active:           395556 kB
Mem:          3.8G       3.7G       124M       5.7M        26M       3.2G

MemTotal:        4016004 kB
MemFree:          111860 kB
Active:           398312 kB
Mem:          3.8G       3.7G       108M       5.7M        28M       3.2G

MemTotal:        4016004 kB
MemFree:          127464 kB
Active:           398524 kB
Mem:          3.8G       3.7G       124M       5.7M        29M       3.2G

MemTotal:        4016004 kB
MemFree:          113480 kB
Active:           398736 kB
Mem:          3.8G       3.7G       110M       5.7M        29M       3.2G

MemTotal:        4016004 kB
MemFree:          105328 kB
Active:           399080 kB
Mem:          3.8G       3.7G       102M       5.7M        29M       3.2G

MemTotal:        4016004 kB
MemFree:          119788 kB
Active:           398492 kB
Mem:          3.8G       3.7G       116M       5.7M        29M       3.2G

MemTotal:        4016004 kB
MemFree:          104788 kB
Active:           398736 kB
Mem:          3.8G       3.7G       106M       5.7M        30M       3.2G

MemTotal:        4016004 kB
MemFree:          126004 kB
Active:           399048 kB
Mem:          3.8G       3.7G       123M       5.7M        30M       3.2G

MemTotal:        4016004 kB
MemFree:          111440 kB
Active:           394564 kB
Mem:          3.8G       3.7G       108M       5.7M        30M       3.2G

MemTotal:        4016004 kB
MemFree:          127204 kB
Active:           394652 kB
Mem:          3.8G       3.7G       123M       5.7M        30M       3.2G

MemTotal:        4016004 kB
MemFree:          131424 kB
Active:           394760 kB
Mem:          3.8G       3.7G       128M       5.7M        30M       3.2G

MemTotal:        4016004 kB
MemFree:          126532 kB
Active:           394268 kB
Mem:          3.8G       3.7G       122M       5.7M        30M       3.2G

MemTotal:        4016004 kB
MemFree:          111348 kB
Active:           393988 kB
Mem:          3.8G       3.7G       108M       5.7M        30M       3.2G

MemTotal:        4016004 kB
MemFree:          124900 kB
Active:           394092 kB
Mem:          3.8G       3.7G       122M       5.7M        30M       3.2G

MemTotal:        4016004 kB
MemFree:          111212 kB
Active:           392452 kB
Mem:          3.8G       3.7G       108M       5.7M        30M       3.2G

MemTotal:        4016004 kB
MemFree:          128504 kB
Active:           392756 kB
Mem:          3.8G       3.7G       125M       5.7M        30M       3.2G

MemTotal:        4016004 kB
MemFree:          120012 kB
Active:           392584 kB
Mem:          3.8G       3.7G       117M       5.7M        30M       3.2G

MemTotal:        4016004 kB
MemFree:          123836 kB
Active:           392600 kB
Mem:          3.8G       3.7G       120M       5.7M        30M       3.2G

MemTotal:        4016004 kB
MemFree:          109708 kB
Active:           392580 kB
Mem:          3.8G       3.7G       107M       5.7M        30M       3.2G

MemTotal:        4016004 kB
MemFree:          125388 kB
Active:           392640 kB
Mem:          3.8G       3.7G       121M       5.7M        30M       3.2G

MemTotal:        4016004 kB
MemFree:          123736 kB
Active:           392644 kB
Mem:          3.8G       3.7G       119M       5.7M        30M       3.2G

MemTotal:        4016004 kB
MemFree:          121044 kB
Active:           392588 kB
Mem:          3.8G       3.7G       118M       5.7M        30M       3.2G

MemTotal:        4016004 kB
MemFree:          117348 kB
Active:           392600 kB
Mem:          3.8G       3.7G       114M       5.7M        30M       3.2G

MemTotal:        4016004 kB
MemFree:          113552 kB
Active:           392676 kB
Mem:          3.8G       3.7G       110M       5.7M        30M       3.2G

MemTotal:        4016004 kB
MemFree:          129500 kB
Active:           392624 kB
Mem:          3.8G       3.7G       126M       5.7M        30M       3.2G

MemTotal:        4016004 kB
MemFree:          122700 kB
Active:           391176 kB
Mem:          3.8G       3.7G       119M       5.7M        30M       3.2G

MemTotal:        4016004 kB
MemFree:          131652 kB
Active:           391032 kB
Mem:          3.8G       3.7G       128M       5.7M        30M       3.2G

MemTotal:        4016004 kB
MemFree:          123164 kB
Active:           391084 kB
Mem:          3.8G       3.7G       119M       5.7M        30M       3.2G

MemTotal:        4016004 kB
MemFree:          108072 kB
Active:           391080 kB
Mem:          3.8G       3.7G       105M       5.7M        30M       3.2G

MemTotal:        4016004 kB
MemFree:          134984 kB
Active:           391084 kB
Mem:          3.8G       3.7G       131M       5.7M        30M       3.2G

MemTotal:        4016004 kB
MemFree:          126316 kB
Active:           391084 kB
Mem:          3.8G       3.7G       123M       5.7M        30M       3.2G

MemTotal:        4016004 kB
MemFree:          129428 kB
Active:           391088 kB
Mem:          3.8G       3.7G       126M       5.7M        30M       3.2G

MemTotal:        4016004 kB
MemFree:          132244 kB
Active:           391056 kB
Mem:          3.8G       3.7G       129M       5.7M        30M       3.2G

MemTotal:        4016004 kB
MemFree:          125384 kB
Active:           389864 kB
Mem:          3.8G       3.7G       122M       5.7M        30M       3.2G

MemTotal:        4016004 kB
MemFree:          115556 kB
Active:           389812 kB
Mem:          3.8G       3.7G       112M       5.7M        30M       3.2G

MemTotal:        4016004 kB
MemFree:          105656 kB
Active:           389828 kB
Mem:          3.8G       3.7G       103M       5.7M        30M       3.2G

MemTotal:        4016004 kB
MemFree:          134420 kB
Active:           389832 kB
Mem:          3.8G       3.7G       131M       5.7M        30M       3.2G

MemTotal:        4016004 kB
MemFree:          126672 kB
Active:           389808 kB
Mem:          3.8G       3.7G       122M       5.7M        30M       3.2G

MemTotal:        4016004 kB
MemFree:          109560 kB
Active:           389844 kB
Mem:          3.8G       3.7G       107M       5.7M        30M       3.2G

MemTotal:        4016004 kB
MemFree:          113264 kB
Active:           389844 kB
Mem:          3.8G       3.7G       110M       5.7M        30M       3.2G

MemTotal:        4016004 kB
MemFree:          117192 kB
Active:           389844 kB
Mem:          3.8G       3.7G       114M       5.7M        30M       3.2G

MemTotal:        4016004 kB
MemFree:          109520 kB
Active:           389804 kB
Mem:          3.8G       3.7G       106M       5.7M        30M       3.2G

MemTotal:        4016004 kB
MemFree:          116384 kB
Active:           389856 kB
Mem:          3.8G       3.7G       113M       5.7M        30M       3.2G

MemTotal:        4016004 kB
MemFree:          136068 kB
Active:           377616 kB
Mem:          3.8G       3.7G       132M       5.7M        30M       3.2G

MemTotal:        4016004 kB
MemFree:          128376 kB
Active:           377452 kB
Mem:          3.8G       3.7G       125M       5.7M        30M       3.2G

MemTotal:        4016004 kB
MemFree:          131600 kB
Active:           377492 kB
Mem:          3.8G       3.7G       128M       5.7M        30M       3.2G

MemTotal:        4016004 kB
MemFree:          127668 kB
Active:           377492 kB
Mem:          3.8G       3.7G       124M       5.7M        30M       3.2G

MemTotal:        4016004 kB
MemFree:          127916 kB
Active:           377456 kB
Mem:          3.8G       3.7G       124M       5.7M        30M       3.2G

MemTotal:        4016004 kB
MemFree:          131576 kB
Active:           377504 kB
Mem:          3.8G       3.7G       128M       5.7M        30M       3.2G

MemTotal:        4016004 kB
MemFree:          124996 kB
Active:           377512 kB
Mem:          3.8G       3.7G       121M       5.7M        30M       3.2G

MemTotal:        4016004 kB
MemFree:          111428 kB
Active:           377480 kB
Mem:          3.8G       3.7G       108M       5.7M        30M       3.2G

MemTotal:        4016004 kB
MemFree:          104748 kB
Active:           377484 kB
Mem:          3.8G       3.7G       107M       5.7M        30M       3.2G

MemTotal:        4016004 kB
MemFree:          105996 kB
Active:           377524 kB
Mem:          3.8G       3.7G       103M       5.7M        30M       3.2G

MemTotal:        4016004 kB
MemFree:          128004 kB
Active:           377528 kB
Mem:          3.8G       3.7G       124M       5.7M        30M       3.2G

MemTotal:        4016004 kB
MemFree:          134984 kB
Active:           374600 kB
Mem:          3.8G       3.7G       131M       5.7M        30M       3.2G

MemTotal:        4016004 kB
MemFree:          142824 kB
Active:           374488 kB
Mem:          3.8G       3.7G       139M       5.7M        30M       3.2G

MemTotal:        4016004 kB
MemFree:          124508 kB
Active:           374516 kB
Mem:          3.8G       3.7G       122M       5.7M        30M       3.2G

MemTotal:        4016004 kB
MemFree:          127624 kB
Active:           374472 kB
Mem:          3.8G       3.7G       124M       5.7M        30M       3.2G

MemTotal:        4016004 kB
MemFree:          108844 kB
Active:           374508 kB
Mem:          3.8G       3.7G       105M       5.7M        30M       3.2G

MemTotal:        4016004 kB
MemFree:          133484 kB
Active:           374540 kB
Mem:          3.8G       3.7G       129M       5.7M        30M       3.2G

MemTotal:        4016004 kB
MemFree:          124880 kB
Active:           374524 kB
Mem:          3.8G       3.7G       121M       5.7M        30M       3.2G

MemTotal:        4016004 kB
MemFree:          128020 kB
Active:           374520 kB
Mem:          3.8G       3.7G       124M       5.7M        30M       3.2G

MemTotal:        4016004 kB
MemFree:          139096 kB
Active:           374504 kB
Mem:          3.8G       3.7G       135M       5.7M        30M       3.2G

MemTotal:        4016004 kB
MemFree:          129896 kB
Active:           374548 kB
Mem:          3.8G       3.7G       126M       5.7M        30M       3.2G

MemTotal:        4016004 kB
MemFree:          119352 kB
Active:           374556 kB
Mem:          3.8G       3.7G       115M       5.7M        30M       3.2G

MemTotal:        4016004 kB
MemFree:          137344 kB
Active:           373776 kB
Mem:          3.8G       3.7G       134M       5.7M        30M       3.2G

MemTotal:        4016004 kB
MemFree:          130112 kB
Active:           373592 kB
Mem:          3.8G       3.7G       127M       5.7M        30M       3.2G

MemTotal:        4016004 kB
MemFree:          109916 kB
Active:           373504 kB
Mem:          3.8G       3.7G       107M       5.7M        30M       3.2G

MemTotal:        4016004 kB
MemFree:          125888 kB
Active:           373456 kB
Mem:          3.8G       3.7G       122M       5.7M        30M       3.2G

MemTotal:        4016004 kB
MemFree:          104828 kB
Active:           373516 kB
Mem:          3.8G       3.7G       111M       5.7M        30M       3.2G

MemTotal:        4016004 kB
MemFree:          130176 kB
Active:           373516 kB
Mem:          3.8G       3.7G       126M       5.7M        30M       3.2G

MemTotal:        4016004 kB
MemFree:          127496 kB
Active:           373504 kB
Mem:          3.8G       3.7G       124M       5.7M        30M       3.2G

MemTotal:        4016004 kB
MemFree:          105736 kB
Active:           373544 kB
Mem:          3.8G       3.7G       103M       5.7M        30M       3.2G

MemTotal:        4016004 kB
MemFree:          128720 kB
Active:           373544 kB
Mem:          3.8G       3.7G       125M       5.7M        30M       3.2G

MemTotal:        4016004 kB
MemFree:          131704 kB
Active:           373540 kB
Mem:          3.8G       3.7G       128M       5.7M        30M       3.2G

MemTotal:        4016004 kB
MemFree:          123376 kB
Active:           373508 kB
Mem:          3.8G       3.7G       120M       5.7M        30M       3.2G

MemTotal:        4016004 kB
MemFree:          127176 kB
Active:           373516 kB
Mem:          3.8G       3.7G       123M       5.7M        30M       3.2G

MemTotal:        4016004 kB
MemFree:          133328 kB
Active:           370904 kB
Mem:          3.8G       3.7G       129M       5.7M        30M       3.2G

MemTotal:        4016004 kB
MemFree:          135416 kB
Active:           370896 kB
Mem:          3.8G       3.7G       132M       5.7M        30M       3.2G

MemTotal:        4016004 kB
MemFree:          139524 kB
Active:           370896 kB
Mem:          3.8G       3.7G       136M       5.7M        30M       3.2G

MemTotal:        4016004 kB
MemFree:          124708 kB
Active:           370844 kB
Mem:          3.8G       3.7G       121M       5.7M        30M       3.2G

MemTotal:        4016004 kB
MemFree:          131236 kB
Active:           370852 kB
Mem:          3.8G       3.7G       128M       5.7M        30M       3.2G

MemTotal:        4016004 kB
MemFree:          131576 kB
Active:           370868 kB
Mem:          3.8G       3.7G       128M       5.7M        30M       3.2G

MemTotal:        4016004 kB
MemFree:          132844 kB
Active:           370924 kB
Mem:          3.8G       3.7G       128M       5.7M        31M       3.2G

MemTotal:        4016004 kB
MemFree:          126024 kB
Active:           369968 kB
Mem:          3.8G       3.7G       122M       5.7M        31M       3.2G

MemTotal:        4016004 kB
MemFree:          123828 kB
Active:           371888 kB
Mem:          3.8G       3.7G       120M       5.7M        31M       3.2G

MemTotal:        4016004 kB
MemFree:          109692 kB
Active:           371872 kB
Mem:          3.8G       3.7G       107M       5.7M        31M       3.2G

MemTotal:        4016004 kB
MemFree:          125484 kB
Active:           371760 kB
Mem:          3.8G       3.7G       122M       5.7M        31M       3.2G

MemTotal:        4016004 kB
MemFree:          120880 kB
Active:           371768 kB
Mem:          3.8G       3.7G       118M       5.7M        31M       3.2G

MemTotal:        4016004 kB
MemFree:          112956 kB
Active:           371724 kB
Mem:          3.8G       3.7G       110M       5.7M        31M       3.2G

MemTotal:        4016004 kB
MemFree:          131076 kB
Active:           371768 kB
Mem:          3.8G       3.7G       127M       5.7M        31M       3.2G

MemTotal:        4016004 kB
MemFree:          136040 kB
Active:           369468 kB
Mem:          3.8G       3.7G       132M       5.7M        31M       3.2G

MemTotal:        4016004 kB
MemFree:          128092 kB
Active:           369288 kB
Mem:          3.8G       3.7G       124M       5.7M        31M       3.2G

MemTotal:        4016004 kB
MemFree:          129012 kB
Active:           369320 kB
Mem:          3.8G       3.7G       125M       5.7M        31M       3.2G

MemTotal:        4016004 kB
MemFree:          125616 kB
Active:           369296 kB
Mem:          3.8G       3.7G       122M       5.7M        31M       3.2G

MemTotal:        4016004 kB
MemFree:          133224 kB
Active:           369356 kB
Mem:          3.8G       3.7G       130M       5.7M        31M       3.2G

MemTotal:        4016004 kB
MemFree:          136044 kB
Active:           369356 kB
Mem:          3.8G       3.7G       132M       5.7M        31M       3.2G

MemTotal:        4016004 kB
MemFree:          133080 kB
Active:           369308 kB
Mem:          3.8G       3.7G       129M       5.7M        31M       3.2G

MemTotal:        4016004 kB
MemFree:          124348 kB
Active:           369368 kB
Mem:          3.8G       3.7G       121M       5.7M        31M       3.2G

MemTotal:        4016004 kB
MemFree:          128532 kB
Active:           369240 kB
Mem:          3.8G       3.7G       124M       5.7M        31M       3.2G

MemTotal:        4016004 kB
MemFree:          109492 kB
Active:           369240 kB
Mem:          3.8G       3.7G       106M       5.7M        31M       3.2G

MemTotal:        4016004 kB
MemFree:          123808 kB
Active:           369240 kB
Mem:          3.8G       3.7G       120M       5.7M        31M       3.2G

MemTotal:        4016004 kB
MemFree:          126740 kB
Active:           369240 kB
Mem:          3.8G       3.7G       123M       5.7M        31M       3.2G

MemTotal:        4016004 kB
MemFree:          136912 kB
Active:           369248 kB
Mem:          3.8G       3.7G       133M       5.7M        31M       3.2G

MemTotal:        4016004 kB
MemFree:          129556 kB
Active:           369196 kB
Mem:          3.8G       3.7G       126M       5.7M        31M       3.2G

MemTotal:        4016004 kB
MemFree:          128464 kB
Active:           369248 kB
Mem:          3.8G       3.7G       125M       5.7M        31M       3.2G

MemTotal:        4016004 kB
MemFree:          126276 kB
Active:           369248 kB
Mem:          3.8G       3.7G       122M       5.7M        31M       3.2G

MemTotal:        4016004 kB
MemFree:          123292 kB
Active:           365864 kB
Mem:          3.8G       3.7G       120M       5.7M        31M       3.2G

MemTotal:        4016004 kB
MemFree:          128176 kB
Active:           365632 kB
Mem:          3.8G       3.7G       124M       5.7M        31M       3.2G

MemTotal:        4016004 kB
MemFree:          125964 kB
Active:           365648 kB
Mem:          3.8G       3.7G       123M       5.7M        31M       3.2G

MemTotal:        4016004 kB
MemFree:          112016 kB
Active:           365596 kB
Mem:          3.8G       3.7G       109M       5.7M        31M       3.2G

MemTotal:        4016004 kB
MemFree:          127620 kB
Active:           365604 kB
Mem:          3.8G       3.7G       124M       5.7M        31M       3.2G

MemTotal:        4016004 kB
MemFree:          122068 kB
Active:           365600 kB
Mem:          3.8G       3.7G       118M       5.7M        31M       3.2G

MemTotal:        4016004 kB
MemFree:          124644 kB
Active:           365636 kB
Mem:          3.8G       3.7G       125M       5.7M        31M       3.2G

MemTotal:        4016004 kB
MemFree:          105924 kB
Active:           365544 kB
Mem:          3.8G       3.7G       103M       5.7M        31M       3.2G

MemTotal:        4016004 kB
MemFree:          125176 kB
Active:           365412 kB
Mem:          3.8G       3.7G       122M       5.7M        31M       3.2G

MemTotal:        4016004 kB
MemFree:          125332 kB
Active:           365260 kB
Mem:          3.8G       3.7G       122M       5.7M        31M       3.2G

MemTotal:        4016004 kB
MemFree:          125084 kB
Active:           365376 kB
Mem:          3.8G       3.7G       121M       5.7M        31M       3.2G

MemTotal:        4016004 kB
MemFree:          125052 kB
Active:           365280 kB
Mem:          3.8G       3.7G       122M       5.7M        31M       3.2G

MemTotal:        4016004 kB
MemFree:          124728 kB
Active:           365240 kB
Mem:          3.8G       3.7G       121M       5.7M        31M       3.2G

MemTotal:        4016004 kB
MemFree:          124356 kB
Active:           365288 kB
Mem:          3.8G       3.7G       121M       5.7M        31M       3.2G

MemTotal:        4016004 kB
MemFree:          124452 kB
Active:           365268 kB
Mem:          3.8G       3.7G       121M       5.7M        31M       3.2G

MemTotal:        4016004 kB
MemFree:          124484 kB
Active:           365272 kB
Mem:          3.8G       3.7G       121M       5.7M        31M       3.2G

MemTotal:        4016004 kB
MemFree:          124736 kB
Active:           365300 kB
Mem:          3.8G       3.7G       122M       5.7M        31M       3.2G

MemTotal:        4016004 kB
MemFree:          125080 kB
Active:           365276 kB
Mem:          3.8G       3.7G       122M       5.7M        31M       3.2G

MemTotal:        4016004 kB
MemFree:          125080 kB
Active:           365280 kB
Mem:          3.8G       3.7G       122M       5.7M        31M       3.2G

MemTotal:        4016004 kB
MemFree:          125328 kB
Active:           365292 kB
Mem:          3.8G       3.7G       122M       5.7M        31M       3.2G

MemTotal:        4016004 kB
MemFree:          125452 kB
Active:           365300 kB
Mem:          3.8G       3.7G       122M       5.7M        31M       3.2G

MemTotal:        4016004 kB
MemFree:          125080 kB
Active:           365296 kB
Mem:          3.8G       3.7G       122M       5.7M        31M       3.2G

MemTotal:        4016004 kB
MemFree:          125080 kB
Active:           365296 kB
Mem:          3.8G       3.7G       122M       5.7M        31M       3.2G

MemTotal:        4016004 kB
MemFree:          125080 kB
Active:           365308 kB
Mem:          3.8G       3.7G       122M       5.7M        31M       3.2G

MemTotal:        4016004 kB
MemFree:          125452 kB
Active:           365316 kB
Mem:          3.8G       3.7G       122M       5.7M        31M       3.2G

MemTotal:        4016004 kB
MemFree:          125452 kB
Active:           365280 kB
Mem:          3.8G       3.7G       122M       5.7M        31M       3.2G

MemTotal:        4016004 kB
MemFree:          125576 kB
Active:           365308 kB
Mem:          3.8G       3.7G       122M       5.7M        31M       3.2G

MemTotal:        4016004 kB
MemFree:          123528 kB
Active:           365244 kB
Mem:          3.8G       3.7G       120M       5.7M        31M       3.2G

MemTotal:        4016004 kB
MemFree:          123280 kB
Active:           365300 kB
Mem:          3.8G       3.7G       120M       5.7M        31M       3.2G

MemTotal:        4016004 kB
MemFree:          123528 kB
Active:           367324 kB
Mem:          3.8G       3.7G       120M       5.7M        31M       3.2G

MemTotal:        4016004 kB
MemFree:          123032 kB
Active:           367356 kB
Mem:          3.8G       3.7G       120M       5.7M        31M       3.2G

MemTotal:        4016004 kB
MemFree:          123156 kB
Active:           367312 kB
Mem:          3.8G       3.7G       120M       5.7M        31M       3.2G

MemTotal:        4016004 kB
MemFree:          123156 kB
Active:           367312 kB
Mem:          3.8G       3.7G       120M       5.7M        31M       3.2G

MemTotal:        4016004 kB
MemFree:          123280 kB
Active:           367332 kB
Mem:          3.8G       3.7G       120M       5.7M        31M       3.2G

MemTotal:        4016004 kB
MemFree:          123032 kB
Active:           367344 kB
Mem:          3.8G       3.7G       120M       5.7M        31M       3.2G

MemTotal:        4016004 kB
MemFree:          122784 kB
Active:           367316 kB
Mem:          3.8G       3.7G       120M       5.7M        31M       3.2G

MemTotal:        4016004 kB
MemFree:          123280 kB
Active:           367328 kB
Mem:          3.8G       3.7G       120M       5.7M        31M       3.2G

MemTotal:        4016004 kB
MemFree:          123280 kB
Active:           367340 kB
Mem:          3.8G       3.7G       120M       5.7M        31M       3.2G

MemTotal:        4016004 kB
MemFree:          122908 kB
Active:           367324 kB
Mem:          3.8G       3.7G       119M       5.7M        31M       3.2G

MemTotal:        4016004 kB
MemFree:          122908 kB
Active:           367356 kB
Mem:          3.8G       3.7G       119M       5.7M        31M       3.2G

MemTotal:        4016004 kB
MemFree:          122536 kB
Active:           367364 kB
Mem:          3.8G       3.7G       119M       5.7M        31M       3.2G

MemTotal:        4016004 kB
MemFree:          122288 kB
Active:           367364 kB
Mem:          3.8G       3.7G       119M       5.7M        31M       3.2G

MemTotal:        4016004 kB
MemFree:          122536 kB
Active:           367312 kB
Mem:          3.8G       3.7G       119M       5.7M        31M       3.2G

MemTotal:        4016004 kB
MemFree:          122908 kB
Active:           367340 kB
Mem:          3.8G       3.7G       119M       5.7M        31M       3.2G

MemTotal:        4016004 kB
MemFree:          123032 kB
Active:           367340 kB
Mem:          3.8G       3.7G       120M       5.7M        31M       3.2G

MemTotal:        4016004 kB
MemFree:          122908 kB
Active:           367340 kB
Mem:          3.8G       3.7G       120M       5.7M        31M       3.2G

MemTotal:        4016004 kB
MemFree:          120984 kB
Active:           367356 kB
Mem:          3.8G       3.7G       118M       5.7M        31M       3.2G

MemTotal:        4016004 kB
MemFree:          120984 kB
Active:           369360 kB
Mem:          3.8G       3.7G       118M       5.7M        31M       3.2G

MemTotal:        4016004 kB
MemFree:          120860 kB
Active:           369352 kB
Mem:          3.8G       3.7G       118M       5.7M        31M       3.2G

MemTotal:        4016004 kB
MemFree:          120860 kB
Active:           369396 kB
Mem:          3.8G       3.7G       118M       5.7M        31M       3.2G

MemTotal:        4016004 kB
MemFree:          120984 kB
Active:           369360 kB
Mem:          3.8G       3.7G       118M       5.7M        31M       3.2G

MemTotal:        4016004 kB
MemFree:          120488 kB
Active:           369408 kB
Mem:          3.8G       3.7G       117M       5.7M        31M       3.2G

MemTotal:        4016004 kB
MemFree:          120612 kB
Active:           369408 kB
Mem:          3.8G       3.7G       117M       5.7M        31M       3.2G

MemTotal:        4016004 kB
MemFree:          120612 kB
Active:           369360 kB
Mem:          3.8G       3.7G       117M       5.7M        31M       3.2G

MemTotal:        4016004 kB
MemFree:          120860 kB
Active:           369372 kB
Mem:          3.8G       3.7G       118M       5.7M        31M       3.2G

MemTotal:        4016004 kB
MemFree:          120860 kB
Active:           369400 kB
Mem:          3.8G       3.7G       117M       5.7M        31M       3.2G

MemTotal:        4016004 kB
MemFree:          120860 kB
Active:           369408 kB
Mem:          3.8G       3.7G       117M       5.7M        31M       3.2G

MemTotal:        4016004 kB
MemFree:          120736 kB
Active:           369360 kB
Mem:          3.8G       3.7G       117M       5.7M        31M       3.2G

MemTotal:        4016004 kB
MemFree:          120984 kB
Active:           369384 kB
Mem:          3.8G       3.7G       118M       5.7M        31M       3.2G

MemTotal:        4016004 kB
MemFree:          120984 kB
Active:           369388 kB
Mem:          3.8G       3.7G       118M       5.7M        31M       3.2G

MemTotal:        4016004 kB
MemFree:          120984 kB
Active:           369396 kB
Mem:          3.8G       3.7G       118M       5.7M        31M       3.2G

MemTotal:        4016004 kB
MemFree:          120860 kB
Active:           369396 kB
Mem:          3.8G       3.7G       118M       5.7M        31M       3.2G

MemTotal:        4016004 kB
MemFree:          120364 kB
Active:           369424 kB
Mem:          3.8G       3.7G       117M       5.7M        31M       3.2G

MemTotal:        4016004 kB
MemFree:          120736 kB
Active:           369416 kB
Mem:          3.8G       3.7G       117M       5.7M        31M       3.2G

MemTotal:        4016004 kB
MemFree:          120984 kB
Active:           369400 kB
Mem:          3.8G       3.7G       118M       5.7M        31M       3.2G

MemTotal:        4016004 kB
MemFree:          120736 kB
Active:           369436 kB
Mem:          3.8G       3.7G       117M       5.7M        31M       3.2G

MemTotal:        4016004 kB
MemFree:          120736 kB
Active:           369384 kB
Mem:          3.8G       3.7G       118M       5.7M        31M       3.2G

MemTotal:        4016004 kB
MemFree:          120736 kB
Active:           369404 kB
Mem:          3.8G       3.7G       117M       5.7M        31M       3.2G

MemTotal:        4016004 kB
MemFree:          120628 kB
Active:           369428 kB
Mem:          3.8G       3.7G       117M       5.7M        31M       3.2G

MemTotal:        4016004 kB
MemFree:          120752 kB
Active:           369400 kB
Mem:          3.8G       3.7G       117M       5.7M        31M       3.2G

MemTotal:        4016004 kB
MemFree:          120628 kB
Active:           369432 kB
Mem:          3.8G       3.7G       117M       5.7M        31M       3.2G

MemTotal:        4016004 kB
MemFree:          120628 kB
Active:           369400 kB
Mem:          3.8G       3.7G       118M       5.7M        31M       3.2G

MemTotal:        4016004 kB
MemFree:          121000 kB
Active:           369420 kB
Mem:          3.8G       3.7G       118M       5.7M        31M       3.2G

MemTotal:        4016004 kB
MemFree:          121124 kB
Active:           369408 kB
Mem:          3.8G       3.7G       118M       5.7M        31M       3.2G

MemTotal:        4016004 kB
MemFree:          121124 kB
Active:           369416 kB
Mem:          3.8G       3.7G       118M       5.7M        31M       3.2G

MemTotal:        4016004 kB
MemFree:          121248 kB
Active:           369424 kB
Mem:          3.8G       3.7G       118M       5.7M        31M       3.2G

MemTotal:        4016004 kB
MemFree:          120752 kB
Active:           369436 kB
Mem:          3.8G       3.7G       117M       5.7M        31M       3.2G

MemTotal:        4016004 kB
MemFree:          120380 kB
Active:           369476 kB
Mem:          3.8G       3.7G       117M       5.7M        31M       3.2G

MemTotal:        4016004 kB
MemFree:          120876 kB
Active:           369468 kB
Mem:          3.8G       3.7G       118M       5.7M        31M       3.2G

MemTotal:        4016004 kB
MemFree:          120504 kB
Active:           369476 kB
Mem:          3.8G       3.7G       117M       5.7M        31M       3.2G

MemTotal:        4016004 kB
MemFree:          120628 kB
Active:           369464 kB
Mem:          3.8G       3.7G       117M       5.7M        31M       3.2G

MemTotal:        4016004 kB
MemFree:          121124 kB
Active:           369432 kB
Mem:          3.8G       3.7G       118M       5.7M        31M       3.2G

MemTotal:        4016004 kB
MemFree:          121124 kB
Active:           369448 kB
Mem:          3.8G       3.7G       117M       5.7M        31M       3.2G

MemTotal:        4016004 kB
MemFree:          120256 kB
Active:           369472 kB
Mem:          3.8G       3.7G       117M       5.7M        31M       3.2G

MemTotal:        4016004 kB
MemFree:          120380 kB
Active:           369484 kB
Mem:          3.8G       3.7G       117M       5.7M        31M       3.2G

MemTotal:        4016004 kB
MemFree:          120628 kB
Active:           369432 kB
Mem:          3.8G       3.7G       117M       5.7M        31M       3.2G

MemTotal:        4016004 kB
MemFree:          118704 kB
Active:           369444 kB
Mem:          3.8G       3.7G       115M       5.7M        31M       3.2G

MemTotal:        4016004 kB
MemFree:          118332 kB
Active:           371516 kB
Mem:          3.8G       3.7G       115M       5.7M        31M       3.2G

MemTotal:        4016004 kB
MemFree:          118704 kB
Active:           371516 kB
Mem:          3.8G       3.7G       115M       5.7M        31M       3.2G

MemTotal:        4016004 kB
MemFree:          118580 kB
Active:           371472 kB
Mem:          3.8G       3.7G       115M       5.7M        31M       3.2G

MemTotal:        4016004 kB
MemFree:          118580 kB
Active:           371536 kB
Mem:          3.8G       3.7G       115M       5.7M        31M       3.2G

MemTotal:        4016004 kB
MemFree:          118456 kB
Active:           371556 kB
Mem:          3.8G       3.7G       115M       5.7M        31M       3.2G

MemTotal:        4016004 kB
MemFree:          118704 kB
Active:           371548 kB
Mem:          3.8G       3.7G       115M       5.7M        31M       3.2G

MemTotal:        4016004 kB
MemFree:          118704 kB
Active:           371788 kB
Mem:          3.8G       3.7G       115M       5.7M        31M       3.2G

MemTotal:        4016004 kB
MemFree:          118564 kB
Active:           371588 kB
Mem:          3.8G       3.7G       115M       5.7M        31M       3.2G

MemTotal:        4016004 kB
MemFree:          118936 kB
Active:           371576 kB
Mem:          3.8G       3.7G       116M       5.7M        31M       3.2G

MemTotal:        4016004 kB
MemFree:          119308 kB
Active:           371588 kB
Mem:          3.8G       3.7G       116M       5.7M        31M       3.2G

MemTotal:        4016004 kB
MemFree:          119184 kB
Active:           371596 kB
Mem:          3.8G       3.7G       116M       5.7M        31M       3.2G

MemTotal:        4016004 kB
MemFree:          119184 kB
Active:           371600 kB
Mem:          3.8G       3.7G       116M       5.7M        31M       3.2G

MemTotal:        4016004 kB
MemFree:          119060 kB
Active:           371612 kB
Mem:          3.8G       3.7G       116M       5.7M        31M       3.2G

MemTotal:        4016004 kB
MemFree:          119184 kB
Active:           371620 kB
Mem:          3.8G       3.7G       115M       5.7M        31M       3.2G

MemTotal:        4016004 kB
MemFree:          118440 kB
Active:           371628 kB
Mem:          3.8G       3.7G       115M       5.7M        31M       3.2G

MemTotal:        4016004 kB
MemFree:          118812 kB
Active:           371584 kB
Mem:          3.8G       3.7G       116M       5.7M        31M       3.2G

MemTotal:        4016004 kB
MemFree:          118564 kB
Active:           371616 kB
Mem:          3.8G       3.7G       115M       5.7M        31M       3.2G

MemTotal:        4016004 kB
MemFree:          118192 kB
Active:           371584 kB
Mem:          3.8G       3.7G       115M       5.7M        31M       3.2G

MemTotal:        4016004 kB
MemFree:          118068 kB
Active:           371592 kB
Mem:          3.8G       3.7G       115M       5.7M        31M       3.2G

MemTotal:        4016004 kB
MemFree:          118564 kB
Active:           371600 kB
Mem:          3.8G       3.7G       115M       5.7M        31M       3.2G

MemTotal:        4016004 kB
MemFree:          118440 kB
Active:           371636 kB
Mem:          3.8G       3.7G       115M       5.7M        31M       3.2G

MemTotal:        4016004 kB
MemFree:          118564 kB
Active:           371628 kB
Mem:          3.8G       3.7G       115M       5.7M        31M       3.2G

MemTotal:        4016004 kB
MemFree:          118564 kB
Active:           371604 kB
Mem:          3.8G       3.7G       115M       5.7M        31M       3.2G

MemTotal:        4016004 kB
MemFree:          118332 kB
Active:           371632 kB
Mem:          3.8G       3.7G       115M       5.7M        31M       3.2G

MemTotal:        4016004 kB
MemFree:          118704 kB
Active:           371596 kB
Mem:          3.8G       3.7G       115M       5.7M        31M       3.2G

MemTotal:        4016004 kB
MemFree:          118952 kB
Active:           371628 kB
Mem:          3.8G       3.7G       116M       5.7M        31M       3.2G

MemTotal:        4016004 kB
MemFree:          118952 kB
Active:           371588 kB
Mem:          3.8G       3.7G       116M       5.7M        31M       3.2G

MemTotal:        4016004 kB
MemFree:          118952 kB
Active:           371612 kB
Mem:          3.8G       3.7G       116M       5.7M        31M       3.2G

MemTotal:        4016004 kB
MemFree:          119076 kB
Active:           371632 kB
Mem:          3.8G       3.7G       116M       5.7M        31M       3.2G

MemTotal:        4016004 kB
MemFree:          119076 kB
Active:           371636 kB
Mem:          3.8G       3.7G       116M       5.7M        31M       3.2G

MemTotal:        4016004 kB
MemFree:          119076 kB
Active:           371600 kB
Mem:          3.8G       3.7G       116M       5.7M        31M       3.2G

MemTotal:        4016004 kB
MemFree:          118952 kB
Active:           371640 kB
Mem:          3.8G       3.7G       116M       5.7M        31M       3.2G

MemTotal:        4016004 kB
MemFree:          118952 kB
Active:           371600 kB
Mem:          3.8G       3.7G       116M       5.7M        31M       3.2G

MemTotal:        4016004 kB
MemFree:          118952 kB
Active:           371632 kB
Mem:          3.8G       3.7G       115M       5.7M        31M       3.2G

MemTotal:        4016004 kB
MemFree:          118456 kB
Active:           371624 kB
Mem:          3.8G       3.7G       115M       5.7M        31M       3.2G

MemTotal:        4016004 kB
MemFree:          118456 kB
Active:           371644 kB
Mem:          3.8G       3.7G       115M       5.7M        31M       3.2G

MemTotal:        4016004 kB
MemFree:          118952 kB
Active:           371612 kB
Mem:          3.8G       3.7G       116M       5.7M        31M       3.2G

MemTotal:        4016004 kB
MemFree:          118580 kB
Active:           371664 kB
Mem:          3.8G       3.7G       115M       5.7M        31M       3.2G

MemTotal:        4016004 kB
MemFree:          118704 kB
Active:           371616 kB
Mem:          3.8G       3.7G       115M       5.7M        31M       3.2G

MemTotal:        4016004 kB
MemFree:          118580 kB
Active:           371636 kB
Mem:          3.8G       3.7G       115M       5.7M        31M       3.2G

MemTotal:        4016004 kB
MemFree:          118084 kB
Active:           371672 kB
Mem:          3.8G       3.7G       115M       5.7M        31M       3.2G

MemTotal:        4016004 kB
MemFree:          118580 kB
Active:           371664 kB
Mem:          3.8G       3.7G       115M       5.7M        31M       3.2G

MemTotal:        4016004 kB
MemFree:          118828 kB
Active:           371624 kB
Mem:          3.8G       3.7G       115M       5.7M        31M       3.2G

MemTotal:        4016004 kB
MemFree:          118704 kB
Active:           371636 kB
Mem:          3.8G       3.7G       115M       5.7M        31M       3.2G

MemTotal:        4016004 kB
MemFree:          118332 kB
Active:           371628 kB
Mem:          3.8G       3.7G       115M       5.7M        31M       3.2G

MemTotal:        4016004 kB
MemFree:          118208 kB
Active:           371680 kB
Mem:          3.8G       3.7G       115M       5.7M        31M       3.2G

MemTotal:        4016004 kB
MemFree:          118332 kB
Active:           371652 kB
Mem:          3.8G       3.7G       115M       5.7M        31M       3.2G

MemTotal:        4016004 kB
MemFree:          118208 kB
Active:           371684 kB
Mem:          3.8G       3.7G       115M       5.7M        31M       3.2G

MemTotal:        4016004 kB
MemFree:          118456 kB
Active:           371644 kB
Mem:          3.8G       3.7G       115M       5.7M        31M       3.2G

MemTotal:        4016004 kB
MemFree:          118456 kB
Active:           371652 kB
Mem:          3.8G       3.7G       115M       5.7M        31M       3.2G

MemTotal:        4016004 kB
MemFree:          118580 kB
Active:           371688 kB
Mem:          3.8G       3.7G       115M       5.7M        31M       3.2G

MemTotal:        4016004 kB
MemFree:          118580 kB
Active:           371652 kB
Mem:          3.8G       3.7G       115M       5.7M        31M       3.2G

MemTotal:        4016004 kB
MemFree:          118456 kB
Active:           371640 kB
Mem:          3.8G       3.7G       115M       5.7M        31M       3.2G

MemTotal:        4016004 kB
MemFree:          118580 kB
Active:           371664 kB
Mem:          3.8G       3.7G       115M       5.7M        31M       3.2G

MemTotal:        4016004 kB
MemFree:          118456 kB
Active:           371676 kB
Mem:          3.8G       3.7G       115M       5.7M        31M       3.2G

MemTotal:        4016004 kB
MemFree:          118456 kB
Active:           371692 kB
Mem:          3.8G       3.7G       115M       5.7M        31M       3.2G

MemTotal:        4016004 kB
MemFree:          118456 kB
Active:           371696 kB
Mem:          3.8G       3.7G       115M       5.7M        31M       3.2G

MemTotal:        4016004 kB
MemFree:          118580 kB
Active:           371692 kB
Mem:          3.8G       3.7G       115M       5.7M        31M       3.2G

MemTotal:        4016004 kB
MemFree:          118084 kB
Active:           371704 kB
Mem:          3.8G       3.7G       115M       5.7M        31M       3.2G

MemTotal:        4016004 kB
MemFree:          117960 kB
Active:           371688 kB
Mem:          3.8G       3.7G       115M       5.7M        31M       3.2G

MemTotal:        4016004 kB
MemFree:          117960 kB
Active:           371684 kB
Mem:          3.8G       3.7G       115M       5.7M        31M       3.2G

MemTotal:        4016004 kB
MemFree:          117960 kB
Active:           371712 kB
Mem:          3.8G       3.7G       115M       5.7M        31M       3.2G

MemTotal:        4016004 kB
MemFree:          118208 kB
Active:           371660 kB
Mem:          3.8G       3.7G       115M       5.7M        31M       3.2G

MemTotal:        4016004 kB
MemFree:          118332 kB
Active:           371668 kB
Mem:          3.8G       3.7G       115M       5.7M        31M       3.2G

MemTotal:        4016004 kB
MemFree:          118208 kB
Active:           371684 kB
Mem:          3.8G       3.7G       115M       5.7M        31M       3.2G

MemTotal:        4016004 kB
MemFree:          118176 kB
Active:           371696 kB
Mem:          3.8G       3.7G       115M       5.7M        31M       3.2G

MemTotal:        4016004 kB
MemFree:          118084 kB
Active:           371660 kB
Mem:          3.8G       3.7G       115M       5.7M        31M       3.2G

MemTotal:        4016004 kB
MemFree:          118532 kB
Active:           371692 kB
Mem:          3.8G       3.7G       115M       5.7M        31M       3.2G

MemTotal:        4016004 kB
MemFree:          118672 kB
Active:           371712 kB
Mem:          3.8G       3.7G       115M       5.7M        31M       3.2G

MemTotal:        4016004 kB
MemFree:          118456 kB
Active:           371716 kB
Mem:          3.8G       3.7G       116M       5.7M        31M       3.2G

MemTotal:        4016004 kB
MemFree:          118440 kB
Active:           371716 kB
Mem:          3.8G       3.7G       115M       5.7M        31M       3.2G

MemTotal:        4016004 kB
MemFree:          118408 kB
Active:           371784 kB
Mem:          3.8G       3.7G       115M       5.7M        31M       3.2G

MemTotal:        4016004 kB
MemFree:          118796 kB
Active:           371676 kB
Mem:          3.8G       3.7G       116M       5.7M        31M       3.2G

MemTotal:        4016004 kB
MemFree:          118828 kB
Active:           371672 kB
Mem:          3.8G       3.7G       116M       5.7M        31M       3.2G

MemTotal:        4016004 kB
MemFree:          118752 kB
Active:           371812 kB
Mem:          3.8G       3.7G       116M       5.7M        31M       3.2G

MemTotal:        4016004 kB
MemFree:          118828 kB
Active:           371720 kB
Mem:          3.8G       3.7G       116M       5.7M        31M       3.2G

MemTotal:        4016004 kB
MemFree:          118440 kB
Active:           371740 kB
Mem:          3.8G       3.7G       115M       5.7M        31M       3.2G

MemTotal:        4016004 kB
MemFree:          118176 kB
Active:           371784 kB
Mem:          3.8G       3.7G       115M       5.7M        31M       3.2G

MemTotal:        4016004 kB
MemFree:          118480 kB
Active:           371804 kB
Mem:          3.8G       3.7G       115M       5.7M        31M       3.2G

MemTotal:        4016004 kB
MemFree:          118704 kB
Active:           371704 kB
Mem:          3.8G       3.7G       115M       5.7M        31M       3.2G

MemTotal:        4016004 kB
MemFree:          118580 kB
Active:           371724 kB
Mem:          3.8G       3.7G       115M       5.7M        31M       3.2G

MemTotal:        4016004 kB
MemFree:          118580 kB
Active:           371744 kB
Mem:          3.8G       3.7G       115M       5.7M        31M       3.2G

MemTotal:        4016004 kB
MemFree:          118704 kB
Active:           371704 kB
Mem:          3.8G       3.7G       115M       5.7M        31M       3.2G

MemTotal:        4016004 kB
MemFree:          118704 kB
Active:           371744 kB
Mem:          3.8G       3.7G       115M       5.7M        31M       3.2G

MemTotal:        4016004 kB
MemFree:          118704 kB
Active:           371736 kB
Mem:          3.8G       3.7G       115M       5.7M        31M       3.2G

MemTotal:        4016004 kB
MemFree:          118580 kB
Active:           371696 kB
Mem:          3.8G       3.7G       115M       5.7M        31M       3.2G

MemTotal:        4016004 kB
MemFree:          118052 kB
Active:           371756 kB
Mem:          3.8G       3.7G       115M       5.7M        31M       3.2G

MemTotal:        4016004 kB
MemFree:          117944 kB
Active:           371824 kB
Mem:          3.8G       3.7G       115M       5.7M        31M       3.2G

MemTotal:        4016004 kB
MemFree:          118084 kB
Active:           371748 kB
Mem:          3.8G       3.7G       115M       5.7M        31M       3.2G

MemTotal:        4016004 kB
MemFree:          118192 kB
Active:           371748 kB
Mem:          3.8G       3.7G       115M       5.7M        31M       3.2G

MemTotal:        4016004 kB
MemFree:          117556 kB
Active:           371760 kB
Mem:          3.8G       3.7G       115M       5.7M        31M       3.2G

MemTotal:        4016004 kB
MemFree:          118036 kB
Active:           371840 kB
Mem:          3.8G       3.7G       115M       5.7M        31M       3.2G

MemTotal:        4016004 kB
MemFree:          118192 kB
Active:           371756 kB
Mem:          3.8G       3.7G       115M       5.7M        31M       3.2G

MemTotal:        4016004 kB
MemFree:          117960 kB
Active:           371768 kB
Mem:          3.8G       3.7G       115M       5.7M        31M       3.2G

MemTotal:        4016004 kB
MemFree:          118440 kB
Active:           371828 kB
Mem:          3.8G       3.7G       115M       5.7M        31M       3.2G

MemTotal:        4016004 kB
MemFree:          118308 kB
Active:           371840 kB
Mem:          3.8G       3.7G       115M       5.7M        31M       3.2G

MemTotal:        4016004 kB
MemFree:          118332 kB
Active:           371888 kB
Mem:          3.8G       3.7G       115M       5.7M        31M       3.2G

MemTotal:        4016004 kB
MemFree:          118480 kB
Active:           371824 kB
Mem:          3.8G       3.7G       115M       5.7M        31M       3.2G

MemTotal:        4016004 kB
MemFree:          118176 kB
Active:           371788 kB
Mem:          3.8G       3.7G       115M       5.7M        31M       3.2G

MemTotal:        4016004 kB
MemFree:          118580 kB
Active:           371748 kB
Mem:          3.8G       3.7G       115M       5.7M        31M       3.2G

MemTotal:        4016004 kB
MemFree:          118192 kB
Active:           371780 kB
Mem:          3.8G       3.7G       115M       5.7M        31M       3.2G

MemTotal:        4016004 kB
MemFree:          117680 kB
Active:           371864 kB
Mem:          3.8G       3.7G       115M       5.7M        31M       3.2G

MemTotal:        4016004 kB
MemFree:          118332 kB
Active:           371760 kB
Mem:          3.8G       3.7G       115M       5.7M        31M       3.2G

MemTotal:        4016004 kB
MemFree:          118580 kB
Active:           371764 kB
Mem:          3.8G       3.7G       115M       5.7M        31M       3.2G

MemTotal:        4016004 kB
MemFree:          118704 kB
Active:           371792 kB
Mem:          3.8G       3.7G       115M       5.7M        31M       3.2G

MemTotal:        4016004 kB
MemFree:          118208 kB
Active:           371768 kB
Mem:          3.8G       3.7G       115M       5.7M        31M       3.2G

MemTotal:        4016004 kB
MemFree:          118108 kB
Active:           371916 kB
Mem:          3.8G       3.7G       115M       5.7M        31M       3.2G

MemTotal:        4016004 kB
MemFree:          118316 kB
Active:           371668 kB
Mem:          3.8G       3.7G       115M       5.7M        31M       3.2G

MemTotal:        4016004 kB
MemFree:          118176 kB
Active:           371912 kB
Mem:          3.8G       3.7G       115M       5.7M        31M       3.2G

MemTotal:        4016004 kB
MemFree:          118068 kB
Active:           371796 kB
Mem:          3.8G       3.7G       115M       5.7M        31M       3.2G

MemTotal:        4016004 kB
MemFree:          118532 kB
Active:           371744 kB
Mem:          3.8G       3.7G       115M       5.7M        31M       3.2G

MemTotal:        4016004 kB
MemFree:          118656 kB
Active:           371688 kB
Mem:          3.8G       3.7G       116M       5.7M        31M       3.2G

MemTotal:        4016004 kB
MemFree:          118796 kB
Active:           371932 kB
Mem:          3.8G       3.7G       115M       5.7M        31M       3.2G

MemTotal:        4016004 kB
MemFree:          118704 kB
Active:           371752 kB
Mem:          3.8G       3.7G       115M       5.7M        31M       3.2G

MemTotal:        4016004 kB
MemFree:          118828 kB
Active:           371756 kB
Mem:          3.8G       3.7G       115M       5.7M        31M       3.2G

MemTotal:        4016004 kB
MemFree:          118332 kB
Active:           371812 kB
Mem:          3.8G       3.7G       115M       5.7M        31M       3.2G

MemTotal:        4016004 kB
MemFree:          118704 kB
Active:           371796 kB
Mem:          3.8G       3.7G       115M       5.7M        31M       3.2G

MemTotal:        4016004 kB
MemFree:          118208 kB
Active:           371808 kB
Mem:          3.8G       3.7G       115M       5.7M        31M       3.2G

MemTotal:        4016004 kB
MemFree:          118332 kB
Active:           371772 kB
Mem:          3.8G       3.7G       115M       5.7M        31M       3.2G

MemTotal:        4016004 kB
MemFree:          118332 kB
Active:           371804 kB
Mem:          3.8G       3.7G       115M       5.7M        31M       3.2G

MemTotal:        4016004 kB
MemFree:          118456 kB
Active:           371808 kB
Mem:          3.8G       3.7G       115M       5.7M        31M       3.2G

MemTotal:        4016004 kB
MemFree:          118332 kB
Active:           371764 kB
Mem:          3.8G       3.7G       115M       5.7M        31M       3.2G

MemTotal:        4016004 kB
MemFree:          117960 kB
Active:           371812 kB
Mem:          3.8G       3.7G       115M       5.7M        31M       3.2G

MemTotal:        4016004 kB
MemFree:          118084 kB
Active:           371784 kB
Mem:          3.8G       3.7G       115M       5.7M        31M       3.2G

MemTotal:        4016004 kB
MemFree:          118084 kB
Active:           371804 kB
Mem:          3.8G       3.7G       115M       5.7M        31M       3.2G

MemTotal:        4016004 kB
MemFree:          117960 kB
Active:           371768 kB
Mem:          3.8G       3.7G       115M       5.7M        31M       3.2G

MemTotal:        4016004 kB
MemFree:          118332 kB
Active:           371816 kB
Mem:          3.8G       3.7G       115M       5.7M        31M       3.2G

MemTotal:        4016004 kB
MemFree:          118456 kB
Active:           371816 kB
Mem:          3.8G       3.7G       115M       5.7M        31M       3.2G

MemTotal:        4016004 kB
MemFree:          117712 kB
Active:           371816 kB
Mem:          3.8G       3.7G       115M       5.7M        31M       3.2G

MemTotal:        4016004 kB
MemFree:          117960 kB
Active:           371780 kB
Mem:          3.8G       3.7G       115M       5.7M        31M       3.2G

MemTotal:        4016004 kB
MemFree:          117960 kB
Active:           371796 kB
Mem:          3.8G       3.7G       115M       5.7M        31M       3.2G

MemTotal:        4016004 kB
MemFree:          117836 kB
Active:           371832 kB
Mem:          3.8G       3.7G       115M       5.7M        31M       3.2G

MemTotal:        4016004 kB
MemFree:          117836 kB
Active:           371812 kB
Mem:          3.8G       3.7G       115M       5.7M        31M       3.2G

MemTotal:        4016004 kB
MemFree:          117836 kB
Active:           371828 kB
Mem:          3.8G       3.7G       115M       5.7M        31M       3.2G

MemTotal:        4016004 kB
MemFree:          118208 kB
Active:           371788 kB
Mem:          3.8G       3.7G       115M       5.7M        31M       3.2G

MemTotal:        4016004 kB
MemFree:          118084 kB
Active:           371840 kB
Mem:          3.8G       3.7G       115M       5.7M        31M       3.2G

MemTotal:        4016004 kB
MemFree:          118580 kB
Active:           371848 kB
Mem:          3.8G       3.7G       115M       5.7M        31M       3.2G

MemTotal:        4016004 kB
MemFree:          118084 kB
Active:           371832 kB
Mem:          3.8G       3.7G       115M       5.7M        31M       3.2G

MemTotal:        4016004 kB
MemFree:          117960 kB
Active:           371804 kB
Mem:          3.8G       3.7G       115M       5.7M        31M       3.2G

MemTotal:        4016004 kB
MemFree:          117588 kB
Active:           371852 kB
Mem:          3.8G       3.7G       114M       5.7M        31M       3.2G

MemTotal:        4016004 kB
MemFree:          117464 kB
Active:           371852 kB
Mem:          3.8G       3.7G       115M       5.7M        31M       3.2G

MemTotal:        4016004 kB
MemFree:          117836 kB
Active:           371800 kB
Mem:          3.8G       3.7G       115M       5.7M        31M       3.2G

MemTotal:        4016004 kB
MemFree:          117960 kB
Active:           371816 kB
Mem:          3.8G       3.7G       115M       5.7M        31M       3.2G

MemTotal:        4016004 kB
MemFree:          117960 kB
Active:           371856 kB
Mem:          3.8G       3.7G       115M       5.7M        31M       3.2G

MemTotal:        4016004 kB
MemFree:          118332 kB
Active:           371848 kB
Mem:          3.8G       3.7G       115M       5.7M        31M       3.2G

MemTotal:        4016004 kB
MemFree:          118580 kB
Active:           371816 kB
Mem:          3.8G       3.7G       115M       5.7M        31M       3.2G

MemTotal:        4016004 kB
MemFree:          118456 kB
Active:           371836 kB
Mem:          3.8G       3.7G       115M       5.7M        31M       3.2G

MemTotal:        4016004 kB
MemFree:          118332 kB
Active:           371848 kB
Mem:          3.8G       3.7G       115M       5.7M        31M       3.2G

MemTotal:        4016004 kB
MemFree:          118208 kB
Active:           371816 kB
Mem:          3.8G       3.7G       115M       5.7M        31M       3.2G

MemTotal:        4016004 kB
MemFree:          118332 kB
Active:           371856 kB
Mem:          3.8G       3.7G       115M       5.7M        31M       3.2G

MemTotal:        4016004 kB
MemFree:          117960 kB
Active:           371872 kB
Mem:          3.8G       3.7G       115M       5.7M        31M       3.2G

MemTotal:        4016004 kB
MemFree:          118332 kB
Active:           371828 kB
Mem:          3.8G       3.7G       115M       5.7M        31M       3.2G

MemTotal:        4016004 kB
MemFree:          118456 kB
Active:           371844 kB
Mem:          3.8G       3.7G       115M       5.7M        31M       3.2G

MemTotal:        4016004 kB
MemFree:          117960 kB
Active:           371876 kB
Mem:          3.8G       3.7G       115M       5.7M        31M       3.2G

MemTotal:        4016004 kB
MemFree:          117836 kB
Active:           371868 kB
Mem:          3.8G       3.7G       115M       5.7M        31M       3.2G

MemTotal:        4016004 kB
MemFree:          117960 kB
Active:           371872 kB
Mem:          3.8G       3.7G       114M       5.7M        31M       3.2G

MemTotal:        4016004 kB
MemFree:          117960 kB
Active:           371872 kB
