MemTotal:        4016004 kB
MemFree:         3247632 kB
Active:           411448 kB
Mem:          3.8G       750M       3.1G       5.7M        54M       314M

MemTotal:        4016004 kB
MemFree:         3247824 kB
Active:           411104 kB
Mem:          3.8G       750M       3.1G       5.7M        54M       314M

MemTotal:        4016004 kB
MemFree:         3247964 kB
Active:           411176 kB
Mem:          3.8G       750M       3.1G       5.7M        54M       314M

MemTotal:        4016004 kB
MemFree:         3247452 kB
Active:           411180 kB
Mem:          3.8G       750M       3.1G       5.7M        54M       314M

MemTotal:        4016004 kB
MemFree:         3247684 kB
Active:           411160 kB
Mem:          3.8G       750M       3.1G       5.7M        54M       314M

MemTotal:        4016004 kB
MemFree:         3247684 kB
Active:           411176 kB
Mem:          3.8G       750M       3.1G       5.7M        54M       314M

MemTotal:        4016004 kB
MemFree:         3246008 kB
Active:           411112 kB
Mem:          3.8G       751M       3.1G       5.7M        54M       314M

MemTotal:        4016004 kB
MemFree:         3246240 kB
Active:           411116 kB
Mem:          3.8G       751M       3.1G       5.7M        54M       314M

MemTotal:        4016004 kB
MemFree:         3246596 kB
Active:           411152 kB
Mem:          3.8G       751M       3.1G       5.7M        54M       314M

MemTotal:        4016004 kB
MemFree:         3246332 kB
Active:           413192 kB
Mem:          3.8G       751M       3.1G       5.7M        54M       314M

MemTotal:        4016004 kB
MemFree:         3246332 kB
Active:           413160 kB
Mem:          3.8G       751M       3.1G       5.7M        54M       314M

MemTotal:        4016004 kB
MemFree:         3246208 kB
Active:           413156 kB
Mem:          3.8G       751M       3.1G       5.7M        54M       314M

MemTotal:        4016004 kB
MemFree:         3246324 kB
Active:           413160 kB
Mem:          3.8G       751M       3.1G       5.7M        54M       314M

MemTotal:        4016004 kB
MemFree:         3245812 kB
Active:           413212 kB
Mem:          3.8G       751M       3.1G       5.7M        54M       314M

MemTotal:        4016004 kB
MemFree:         3246292 kB
Active:           413168 kB
Mem:          3.8G       751M       3.1G       5.7M        54M       314M

MemTotal:        4016004 kB
MemFree:         3245952 kB
Active:           413216 kB
Mem:          3.8G       752M       3.1G       5.7M        54M       314M

MemTotal:        4016004 kB
MemFree:         3246464 kB
Active:           413196 kB
Mem:          3.8G       751M       3.1G       5.7M        54M       314M

MemTotal:        4016004 kB
MemFree:         3246356 kB
Active:           413192 kB
Mem:          3.8G       751M       3.1G       5.7M        54M       314M

MemTotal:        4016004 kB
MemFree:         3246356 kB
Active:           413200 kB
Mem:          3.8G       751M       3.1G       5.7M        54M       314M

MemTotal:        4016004 kB
MemFree:         3246480 kB
Active:           413212 kB
Mem:          3.8G       751M       3.1G       5.7M        54M       314M

MemTotal:        4016004 kB
MemFree:         3246108 kB
Active:           413220 kB
Mem:          3.8G       751M       3.1G       5.7M        54M       314M

MemTotal:        4016004 kB
MemFree:         3246356 kB
Active:           413208 kB
Mem:          3.8G       751M       3.1G       5.7M        54M       314M

MemTotal:        4016004 kB
MemFree:         3246108 kB
Active:           413224 kB
Mem:          3.8G       751M       3.1G       5.7M        54M       314M

MemTotal:        4016004 kB
MemFree:         3245984 kB
Active:           413228 kB
Mem:          3.8G       751M       3.1G       5.7M        54M       314M

MemTotal:        4016004 kB
MemFree:         3246480 kB
Active:           413184 kB
Mem:          3.8G       751M       3.1G       5.7M        54M       314M

MemTotal:        4016004 kB
MemFree:         3245968 kB
Active:           413228 kB
Mem:          3.8G       751M       3.1G       5.7M        54M       314M

MemTotal:        4016004 kB
MemFree:         3245952 kB
Active:           413236 kB
Mem:          3.8G       751M       3.1G       5.7M        54M       314M

MemTotal:        4016004 kB
MemFree:         3246324 kB
Active:           413216 kB
Mem:          3.8G       751M       3.1G       5.7M        54M       314M

MemTotal:        4016004 kB
MemFree:         3246372 kB
Active:           413228 kB
Mem:          3.8G       751M       3.1G       5.7M        54M       314M

MemTotal:        4016004 kB
MemFree:         3246124 kB
Active:           413244 kB
Mem:          3.8G       751M       3.1G       5.7M        54M       314M

MemTotal:        4016004 kB
MemFree:         3246496 kB
Active:           413208 kB
Mem:          3.8G       751M       3.1G       5.7M        54M       314M

MemTotal:        4016004 kB
MemFree:         3246868 kB
Active:           413200 kB
Mem:          3.8G       751M       3.1G       5.7M        54M       314M

MemTotal:        4016004 kB
MemFree:         3246744 kB
Active:           413212 kB
Mem:          3.8G       751M       3.1G       5.7M        54M       314M

MemTotal:        4016004 kB
MemFree:         3246248 kB
Active:           413204 kB
Mem:          3.8G       751M       3.1G       5.7M        54M       314M

MemTotal:        4016004 kB
MemFree:         3246248 kB
Active:           413204 kB
Mem:          3.8G       751M       3.1G       5.7M        54M       314M

MemTotal:        4016004 kB
MemFree:         3246248 kB
Active:           413224 kB
Mem:          3.8G       751M       3.1G       5.7M        54M       314M

MemTotal:        4016004 kB
MemFree:         3246000 kB
Active:           413260 kB
Mem:          3.8G       751M       3.1G       5.7M        54M       314M

MemTotal:        4016004 kB
MemFree:         3246248 kB
Active:           413216 kB
Mem:          3.8G       751M       3.1G       5.7M        54M       314M

MemTotal:        4016004 kB
MemFree:         3246372 kB
Active:           413216 kB
Mem:          3.8G       751M       3.1G       5.7M        54M       314M

MemTotal:        4016004 kB
MemFree:         3245984 kB
Active:           413260 kB
Mem:          3.8G       751M       3.1G       5.7M        54M       314M

MemTotal:        4016004 kB
MemFree:         3246324 kB
Active:           413236 kB
Mem:          3.8G       751M       3.1G       5.7M        54M       314M

MemTotal:        4016004 kB
MemFree:         3238096 kB
Active:           419760 kB
Mem:          3.8G       760M       3.1G       5.7M        60M       314M

MemTotal:        4016004 kB
MemFree:         3237032 kB
Active:           421076 kB
Mem:          3.8G       760M       3.1G       5.7M        62M       314M

MemTotal:        4016004 kB
MemFree:         3236908 kB
Active:           421076 kB
Mem:          3.8G       760M       3.1G       5.7M        62M       314M

MemTotal:        4016004 kB
MemFree:         3236536 kB
Active:           421036 kB
Mem:          3.8G       761M       3.1G       5.7M        62M       314M

MemTotal:        4016004 kB
MemFree:         3236660 kB
Active:           421028 kB
Mem:          3.8G       761M       3.1G       5.7M        62M       314M

MemTotal:        4016004 kB
MemFree:         3236288 kB
Active:           421076 kB
Mem:          3.8G       761M       3.1G       5.7M        62M       314M

MemTotal:        4016004 kB
MemFree:         3236660 kB
Active:           421048 kB
Mem:          3.8G       761M       3.1G       5.7M        62M       314M

MemTotal:        4016004 kB
MemFree:         3236412 kB
Active:           421080 kB
Mem:          3.8G       761M       3.1G       5.7M        62M       314M

MemTotal:        4016004 kB
MemFree:         3236784 kB
Active:           421044 kB
Mem:          3.8G       760M       3.1G       5.7M        62M       314M

MemTotal:        4016004 kB
MemFree:         3237156 kB
Active:           421088 kB
Mem:          3.8G       760M       3.1G       5.7M        62M       314M

MemTotal:        4016004 kB
MemFree:         3237404 kB
Active:           421080 kB
Mem:          3.8G       760M       3.1G       5.7M        62M       314M

MemTotal:        4016004 kB
MemFree:         3237264 kB
Active:           421068 kB
Mem:          3.8G       760M       3.1G       5.7M        62M       314M

MemTotal:        4016004 kB
MemFree:         3237264 kB
Active:           421104 kB
Mem:          3.8G       760M       3.1G       5.7M        62M       314M

MemTotal:        4016004 kB
MemFree:         3237264 kB
Active:           421052 kB
Mem:          3.8G       760M       3.1G       5.7M        62M       314M

MemTotal:        4016004 kB
MemFree:         3236892 kB
Active:           421104 kB
Mem:          3.8G       760M       3.1G       5.7M        62M       314M

MemTotal:        4016004 kB
MemFree:         3237124 kB
Active:           421056 kB
Mem:          3.8G       760M       3.1G       5.7M        62M       314M

MemTotal:        4016004 kB
MemFree:         3237232 kB
Active:           421072 kB
Mem:          3.8G       760M       3.1G       5.7M        62M       314M

MemTotal:        4016004 kB
MemFree:         3236844 kB
Active:           421116 kB
Mem:          3.8G       761M       3.1G       5.7M        62M       314M

MemTotal:        4016004 kB
MemFree:         3236828 kB
Active:           421112 kB
Mem:          3.8G       760M       3.1G       5.7M        62M       314M

MemTotal:        4016004 kB
MemFree:         3236580 kB
Active:           421116 kB
Mem:          3.8G       760M       3.1G       5.7M        62M       314M

MemTotal:        4016004 kB
MemFree:         3237076 kB
Active:           421080 kB
Mem:          3.8G       760M       3.1G       5.7M        62M       314M

MemTotal:        4016004 kB
MemFree:         3236952 kB
Active:           421076 kB
Mem:          3.8G       760M       3.1G       5.7M        62M       314M

MemTotal:        4016004 kB
MemFree:         3236952 kB
Active:           421068 kB
Mem:          3.8G       761M       3.1G       5.7M        62M       314M

MemTotal:        4016004 kB
MemFree:         3236936 kB
Active:           421100 kB
Mem:          3.8G       760M       3.1G       5.7M        62M       314M

MemTotal:        4016004 kB
MemFree:         3237060 kB
Active:           421108 kB
Mem:          3.8G       760M       3.1G       5.7M        62M       314M

MemTotal:        4016004 kB
MemFree:         3237292 kB
Active:           421120 kB
Mem:          3.8G       760M       3.1G       5.7M        62M       314M

MemTotal:        4016004 kB
MemFree:         3237152 kB
Active:           421104 kB
Mem:          3.8G       760M       3.1G       5.7M        62M       314M

MemTotal:        4016004 kB
MemFree:         3237152 kB
Active:           421100 kB
Mem:          3.8G       760M       3.1G       5.7M        62M       314M

MemTotal:        4016004 kB
MemFree:         3236812 kB
Active:           421124 kB
Mem:          3.8G       760M       3.1G       5.7M        62M       314M

MemTotal:        4016004 kB
MemFree:         3237184 kB
Active:           421116 kB
Mem:          3.8G       760M       3.1G       5.7M        62M       314M

MemTotal:        4016004 kB
MemFree:         3236812 kB
Active:           421128 kB
Mem:          3.8G       760M       3.1G       5.7M        62M       314M

MemTotal:        4016004 kB
MemFree:         3236316 kB
Active:           421128 kB
Mem:          3.8G       761M       3.1G       5.7M        62M       314M

MemTotal:        4016004 kB
MemFree:         3236564 kB
Active:           421112 kB
Mem:          3.8G       761M       3.1G       5.7M        62M       314M

MemTotal:        4016004 kB
MemFree:         3236812 kB
Active:           421084 kB
Mem:          3.8G       761M       3.1G       5.7M        62M       314M

MemTotal:        4016004 kB
MemFree:         3236936 kB
Active:           421076 kB
Mem:          3.8G       760M       3.1G       5.7M        62M       314M

MemTotal:        4016004 kB
MemFree:         3236936 kB
Active:           421128 kB
Mem:          3.8G       760M       3.1G       5.7M        62M       314M

MemTotal:        4016004 kB
MemFree:         3237060 kB
Active:           421140 kB
Mem:          3.8G       760M       3.1G       5.7M        62M       314M

MemTotal:        4016004 kB
MemFree:         3237080 kB
Active:           421144 kB
Mem:          3.8G       760M       3.1G       5.7M        62M       314M

MemTotal:        4016004 kB
MemFree:         3236708 kB
Active:           421144 kB
Mem:          3.8G       760M       3.1G       5.7M        62M       314M

MemTotal:        4016004 kB
MemFree:         3236956 kB
Active:           421120 kB
Mem:          3.8G       760M       3.1G       5.7M        62M       314M

MemTotal:        4016004 kB
MemFree:         3236584 kB
Active:           421148 kB
Mem:          3.8G       760M       3.1G       5.7M        62M       314M

MemTotal:        4016004 kB
MemFree:         3236444 kB
Active:           421148 kB
Mem:          3.8G       761M       3.1G       5.7M        62M       314M

MemTotal:        4016004 kB
MemFree:         3236800 kB
Active:           421148 kB
Mem:          3.8G       760M       3.1G       5.7M        62M       314M

MemTotal:        4016004 kB
MemFree:         3237064 kB
Active:           421112 kB
Mem:          3.8G       760M       3.1G       5.7M        62M       314M

MemTotal:        4016004 kB
MemFree:         3236692 kB
Active:           421172 kB
Mem:          3.8G       760M       3.1G       5.7M        62M       314M

MemTotal:        4016004 kB
MemFree:         3236940 kB
Active:           421136 kB
Mem:          3.8G       761M       3.1G       5.7M        62M       314M

MemTotal:        4016004 kB
MemFree:         3237188 kB
Active:           421152 kB
Mem:          3.8G       760M       3.1G       5.7M        62M       314M

MemTotal:        4016004 kB
MemFree:         3237560 kB
Active:           421172 kB
Mem:          3.8G       760M       3.1G       5.7M        62M       314M

MemTotal:        4016004 kB
MemFree:         3237436 kB
Active:           421148 kB
Mem:          3.8G       760M       3.1G       5.7M        62M       314M

MemTotal:        4016004 kB
MemFree:         3237312 kB
Active:           421156 kB
Mem:          3.8G       760M       3.1G       5.7M        62M       314M

MemTotal:        4016004 kB
MemFree:         3237312 kB
Active:           421172 kB
Mem:          3.8G       760M       3.1G       5.7M        62M       314M

MemTotal:        4016004 kB
MemFree:         3237064 kB
Active:           421184 kB
Mem:          3.8G       760M       3.1G       5.7M        62M       314M

MemTotal:        4016004 kB
MemFree:         3237420 kB
Active:           421160 kB
Mem:          3.8G       760M       3.1G       5.7M        62M       314M

MemTotal:        4016004 kB
MemFree:         3237528 kB
Active:           421176 kB
Mem:          3.8G       760M       3.1G       5.7M        62M       314M

MemTotal:        4016004 kB
MemFree:         3237404 kB
Active:           421140 kB
Mem:          3.8G       760M       3.1G       5.7M        62M       314M

MemTotal:        4016004 kB
MemFree:         3237216 kB
Active:           419152 kB
Mem:          3.8G       760M       3.1G       5.7M        62M       314M

MemTotal:        4016004 kB
MemFree:         3236968 kB
Active:           419192 kB
Mem:          3.8G       760M       3.1G       5.7M        62M       314M

MemTotal:        4016004 kB
MemFree:         3237184 kB
Active:           419180 kB
Mem:          3.8G       760M       3.1G       5.7M        62M       314M

MemTotal:        4016004 kB
MemFree:         3236812 kB
Active:           421216 kB
Mem:          3.8G       760M       3.1G       5.7M        62M       314M

MemTotal:        4016004 kB
MemFree:         3237044 kB
Active:           421216 kB
Mem:          3.8G       760M       3.1G       5.7M        62M       314M

MemTotal:        4016004 kB
MemFree:         3237044 kB
Active:           421208 kB
Mem:          3.8G       760M       3.1G       5.7M        62M       314M

MemTotal:        4016004 kB
MemFree:         3236672 kB
Active:           421272 kB
Mem:          3.8G       761M       3.1G       5.7M        62M       314M

MemTotal:        4016004 kB
MemFree:         3236300 kB
Active:           421216 kB
Mem:          3.8G       761M       3.1G       5.7M        62M       314M

MemTotal:        4016004 kB
MemFree:         3236160 kB
Active:           421268 kB
Mem:          3.8G       761M       3.1G       5.7M        62M       314M

MemTotal:        4016004 kB
MemFree:         3236408 kB
Active:           421260 kB
Mem:          3.8G       761M       3.1G       5.7M        62M       314M

MemTotal:        4016004 kB
MemFree:         3235912 kB
Active:           421276 kB
Mem:          3.8G       761M       3.1G       5.7M        62M       314M

MemTotal:        4016004 kB
MemFree:         3236284 kB
Active:           421220 kB
Mem:          3.8G       761M       3.1G       5.7M        62M       314M

MemTotal:        4016004 kB
MemFree:         3236392 kB
Active:           421236 kB
Mem:          3.8G       761M       3.1G       5.7M        62M       314M

MemTotal:        4016004 kB
MemFree:         3236268 kB
Active:           421244 kB
Mem:          3.8G       761M       3.1G       5.7M        62M       314M

MemTotal:        4016004 kB
MemFree:         3235880 kB
Active:           421284 kB
Mem:          3.8G       761M       3.1G       5.7M        62M       314M

MemTotal:        4016004 kB
MemFree:         3236236 kB
Active:           421252 kB
Mem:          3.8G       761M       3.1G       5.7M        62M       314M

MemTotal:        4016004 kB
MemFree:         3236112 kB
Active:           421288 kB
Mem:          3.8G       761M       3.1G       5.7M        62M       314M

MemTotal:        4016004 kB
MemFree:         3236112 kB
Active:           421288 kB
Mem:          3.8G       761M       3.1G       5.7M        62M       314M

MemTotal:        4016004 kB
MemFree:         3236468 kB
Active:           421272 kB
Mem:          3.8G       761M       3.1G       5.7M        62M       314M

MemTotal:        4016004 kB
MemFree:         3236516 kB
Active:           421268 kB
Mem:          3.8G       761M       3.1G       5.7M        62M       314M

MemTotal:        4016004 kB
MemFree:         3235956 kB
Active:           419256 kB
Mem:          3.8G       761M       3.1G       5.7M        62M       314M

MemTotal:        4016004 kB
MemFree:         3236576 kB
Active:           421272 kB
Mem:          3.8G       761M       3.1G       5.7M        62M       314M

MemTotal:        4016004 kB
MemFree:         3236576 kB
Active:           421284 kB
Mem:          3.8G       761M       3.1G       5.7M        62M       314M

MemTotal:        4016004 kB
MemFree:         3236576 kB
Active:           421284 kB
Mem:          3.8G       761M       3.1G       5.7M        62M       314M

MemTotal:        4016004 kB
MemFree:         3236824 kB
Active:           421268 kB
Mem:          3.8G       760M       3.1G       5.7M        62M       314M

MemTotal:        4016004 kB
MemFree:         3236948 kB
Active:           421276 kB
Mem:          3.8G       760M       3.1G       5.7M        62M       314M

MemTotal:        4016004 kB
MemFree:         3236948 kB
Active:           421300 kB
Mem:          3.8G       760M       3.1G       5.7M        62M       314M

MemTotal:        4016004 kB
MemFree:         3237200 kB
Active:           421316 kB
Mem:          3.8G       760M       3.1G       5.7M        62M       314M

MemTotal:        4016004 kB
MemFree:         3236828 kB
Active:           421320 kB
Mem:          3.8G       760M       3.1G       5.7M        62M       314M

MemTotal:        4016004 kB
MemFree:         3237076 kB
Active:           421264 kB
Mem:          3.8G       760M       3.1G       5.7M        62M       314M

MemTotal:        4016004 kB
MemFree:         3237324 kB
Active:           421284 kB
Mem:          3.8G       760M       3.1G       5.7M        62M       314M

MemTotal:        4016004 kB
MemFree:         3236952 kB
Active:           421272 kB
Mem:          3.8G       761M       3.1G       5.7M        62M       314M

MemTotal:        4016004 kB
MemFree:         3236704 kB
Active:           421276 kB
Mem:          3.8G       760M       3.1G       5.7M        62M       314M

MemTotal:        4016004 kB
MemFree:         3236844 kB
Active:           421296 kB
Mem:          3.8G       761M       3.1G       5.7M        62M       314M

MemTotal:        4016004 kB
MemFree:         3236348 kB
Active:           421332 kB
Mem:          3.8G       761M       3.1G       5.7M        62M       314M

MemTotal:        4016004 kB
MemFree:         3236472 kB
Active:           421332 kB
Mem:          3.8G       761M       3.1G       5.7M        62M       314M

MemTotal:        4016004 kB
MemFree:         3236720 kB
Active:           421292 kB
Mem:          3.8G       760M       3.1G       5.7M        62M       314M

MemTotal:        4016004 kB
MemFree:         3236720 kB
Active:           421276 kB
Mem:          3.8G       760M       3.1G       5.7M        62M       314M

MemTotal:        4016004 kB
MemFree:         3236968 kB
Active:           421316 kB
Mem:          3.8G       760M       3.1G       5.7M        62M       314M

MemTotal:        4016004 kB
MemFree:         3236844 kB
Active:           421308 kB
Mem:          3.8G       761M       3.1G       5.7M        62M       314M

MemTotal:        4016004 kB
MemFree:         3236092 kB
Active:           419376 kB
Mem:          3.8G       761M       3.1G       5.7M        62M       314M

MemTotal:        4016004 kB
MemFree:         3236464 kB
Active:           421420 kB
Mem:          3.8G       760M       3.1G       5.7M        62M       314M

MemTotal:        4016004 kB
MemFree:         3236712 kB
Active:           421448 kB
Mem:          3.8G       760M       3.1G       5.7M        62M       314M

MemTotal:        4016004 kB
MemFree:         3236556 kB
Active:           421428 kB
Mem:          3.8G       761M       3.1G       5.7M        62M       314M

MemTotal:        4016004 kB
MemFree:         3236680 kB
Active:           421444 kB
Mem:          3.8G       761M       3.1G       5.7M        62M       314M

MemTotal:        4016004 kB
MemFree:         3236540 kB
Active:           421432 kB
Mem:          3.8G       761M       3.1G       5.7M        62M       314M

MemTotal:        4016004 kB
MemFree:         3236276 kB
Active:           421420 kB
Mem:          3.8G       761M       3.1G       5.7M        62M       314M

MemTotal:        4016004 kB
MemFree:         3236508 kB
Active:           421420 kB
Mem:          3.8G       761M       3.1G       5.7M        62M       314M

MemTotal:        4016004 kB
MemFree:         3236368 kB
Active:           421460 kB
Mem:          3.8G       761M       3.1G       5.7M        62M       314M

MemTotal:        4016004 kB
MemFree:         3236368 kB
Active:           421460 kB
Mem:          3.8G       761M       3.1G       5.7M        62M       314M

MemTotal:        4016004 kB
MemFree:         3235660 kB
Active:           419420 kB
Mem:          3.8G       761M       3.1G       5.7M        62M       314M

MemTotal:        4016004 kB
MemFree:         3235908 kB
Active:           421468 kB
Mem:          3.8G       761M       3.1G       5.7M        62M       314M

MemTotal:        4016004 kB
MemFree:         3236760 kB
Active:           421428 kB
Mem:          3.8G       760M       3.1G       5.7M        62M       314M

MemTotal:        4016004 kB
MemFree:         3236620 kB
Active:           421420 kB
Mem:          3.8G       761M       3.1G       5.7M        62M       314M

MemTotal:        4016004 kB
MemFree:         3236852 kB
Active:           421416 kB
Mem:          3.8G       760M       3.1G       5.7M        62M       314M

MemTotal:        4016004 kB
MemFree:         3236872 kB
Active:           421468 kB
Mem:          3.8G       760M       3.1G       5.7M        62M       314M

MemTotal:        4016004 kB
MemFree:         3237000 kB
Active:           421456 kB
Mem:          3.8G       760M       3.1G       5.7M        62M       314M

MemTotal:        4016004 kB
MemFree:         3237744 kB
Active:           421436 kB
Mem:          3.8G       760M       3.1G       5.7M        62M       314M

MemTotal:        4016004 kB
MemFree:         3237496 kB
Active:           421444 kB
Mem:          3.8G       760M       3.1G       5.7M        62M       314M

MemTotal:        4016004 kB
MemFree:         3237000 kB
Active:           421456 kB
Mem:          3.8G       760M       3.1G       5.7M        62M       314M

MemTotal:        4016004 kB
MemFree:         3235076 kB
Active:           421436 kB
Mem:          3.8G       762M       3.1G       5.7M        62M       314M

MemTotal:        4016004 kB
MemFree:         3235200 kB
Active:           423500 kB
Mem:          3.8G       762M       3.1G       5.7M        62M       314M

MemTotal:        4016004 kB
MemFree:         3235076 kB
Active:           423508 kB
Mem:          3.8G       762M       3.1G       5.7M        62M       314M

MemTotal:        4016004 kB
MemFree:         3235264 kB
Active:           423512 kB
Mem:          3.8G       762M       3.1G       5.7M        62M       314M

MemTotal:        4016004 kB
MemFree:         3235620 kB
Active:           423516 kB
Mem:          3.8G       762M       3.1G       5.7M        62M       314M

MemTotal:        4016004 kB
MemFree:         3235372 kB
Active:           423520 kB
Mem:          3.8G       762M       3.1G       5.7M        62M       314M

MemTotal:        4016004 kB
MemFree:         3235372 kB
Active:           423488 kB
Mem:          3.8G       762M       3.1G       5.7M        62M       314M

MemTotal:        4016004 kB
MemFree:         3235372 kB
Active:           423476 kB
Mem:          3.8G       762M       3.1G       5.7M        62M       314M

MemTotal:        4016004 kB
MemFree:         3235420 kB
Active:           423520 kB
Mem:          3.8G       762M       3.1G       5.7M        62M       314M

MemTotal:        4016004 kB
MemFree:         3235296 kB
Active:           423476 kB
Mem:          3.8G       762M       3.1G       5.7M        62M       314M

MemTotal:        4016004 kB
MemFree:         3235576 kB
Active:           423516 kB
Mem:          3.8G       762M       3.1G       5.7M        62M       314M

MemTotal:        4016004 kB
MemFree:         3235452 kB
Active:           423512 kB
Mem:          3.8G       762M       3.1G       5.7M        62M       314M

MemTotal:        4016004 kB
MemFree:         3234972 kB
Active:           423520 kB
Mem:          3.8G       762M       3.1G       5.7M        62M       314M

MemTotal:        4016004 kB
MemFree:         3235220 kB
Active:           423520 kB
Mem:          3.8G       762M       3.1G       5.7M        62M       314M

MemTotal:        4016004 kB
MemFree:         3235220 kB
Active:           423528 kB
Mem:          3.8G       762M       3.1G       5.7M        62M       314M

MemTotal:        4016004 kB
MemFree:         3234972 kB
Active:           423504 kB
Mem:          3.8G       762M       3.1G       5.7M        62M       314M

MemTotal:        4016004 kB
MemFree:         3235096 kB
Active:           423536 kB
Mem:          3.8G       762M       3.1G       5.7M        62M       314M

MemTotal:        4016004 kB
MemFree:         3234600 kB
Active:           423540 kB
Mem:          3.8G       762M       3.1G       5.7M        62M       314M

MemTotal:        4016004 kB
MemFree:         3234848 kB
Active:           423500 kB
Mem:          3.8G       762M       3.1G       5.7M        62M       314M

MemTotal:        4016004 kB
MemFree:         3234352 kB
Active:           423544 kB
Mem:          3.8G       763M       3.1G       5.7M        62M       314M

MemTotal:        4016004 kB
MemFree:         3234724 kB
Active:           423512 kB
Mem:          3.8G       762M       3.1G       5.7M        62M       314M

MemTotal:        4016004 kB
MemFree:         3234724 kB
Active:           423528 kB
Mem:          3.8G       762M       3.1G       5.7M        62M       314M

MemTotal:        4016004 kB
MemFree:         3234724 kB
Active:           423528 kB
Mem:          3.8G       763M       3.1G       5.7M        62M       314M

MemTotal:        4016004 kB
MemFree:         3234748 kB
Active:           423380 kB
Mem:          3.8G       762M       3.1G       5.7M        62M       314M

MemTotal:        4016004 kB
MemFree:         3235120 kB
Active:           423336 kB
Mem:          3.8G       762M       3.1G       5.7M        62M       314M

MemTotal:        4016004 kB
MemFree:         3234996 kB
Active:           423376 kB
Mem:          3.8G       762M       3.1G       5.7M        62M       314M

MemTotal:        4016004 kB
MemFree:         3234624 kB
Active:           423384 kB
Mem:          3.8G       762M       3.1G       5.7M        62M       314M

MemTotal:        4016004 kB
MemFree:         3235120 kB
Active:           423328 kB
Mem:          3.8G       762M       3.1G       5.7M        62M       314M

MemTotal:        4016004 kB
MemFree:         3234996 kB
Active:           423336 kB
Mem:          3.8G       762M       3.1G       5.7M        62M       314M

MemTotal:        4016004 kB
MemFree:         3233072 kB
Active:           423364 kB
Mem:          3.8G       764M       3.1G       5.7M        62M       314M

MemTotal:        4016004 kB
MemFree:         3233196 kB
Active:           425408 kB
Mem:          3.8G       764M       3.1G       5.7M        62M       314M

MemTotal:        4016004 kB
MemFree:         3233444 kB
Active:           425368 kB
Mem:          3.8G       764M       3.1G       5.7M        62M       314M

MemTotal:        4016004 kB
MemFree:         3233692 kB
Active:           425360 kB
Mem:          3.8G       764M       3.1G       5.7M        62M       314M

MemTotal:        4016004 kB
MemFree:         3233444 kB
Active:           425368 kB
Mem:          3.8G       764M       3.1G       5.7M        62M       314M

MemTotal:        4016004 kB
MemFree:         3233568 kB
Active:           425384 kB
Mem:          3.8G       764M       3.1G       5.7M        62M       314M

MemTotal:        4016004 kB
MemFree:         3233692 kB
Active:           425384 kB
Mem:          3.8G       764M       3.1G       5.7M        62M       314M

MemTotal:        4016004 kB
MemFree:         3233196 kB
Active:           425424 kB
Mem:          3.8G       764M       3.1G       5.7M        62M       314M

MemTotal:        4016004 kB
MemFree:         3233444 kB
Active:           425368 kB
Mem:          3.8G       764M       3.1G       5.7M        62M       314M

MemTotal:        4016004 kB
MemFree:         3233444 kB
Active:           425368 kB
Mem:          3.8G       764M       3.1G       5.7M        62M       314M

MemTotal:        4016004 kB
MemFree:         3230752 kB
Active:           423528 kB
Mem:          3.8G       766M       3.1G       5.7M        62M       314M

MemTotal:        4016004 kB
MemFree:         3231084 kB
Active:           427424 kB
Mem:          3.8G       766M       3.1G       5.7M        62M       314M

MemTotal:        4016004 kB
MemFree:         3230464 kB
Active:           427468 kB
Mem:          3.8G       766M       3.1G       5.7M        62M       314M

MemTotal:        4016004 kB
MemFree:         3230836 kB
Active:           427464 kB
Mem:          3.8G       766M       3.1G       5.7M        62M       314M

MemTotal:        4016004 kB
MemFree:         3230836 kB
Active:           427460 kB
Mem:          3.8G       766M       3.1G       5.7M        62M       314M

MemTotal:        4016004 kB
MemFree:         3230712 kB
Active:           427448 kB
Mem:          3.8G       766M       3.1G       5.7M        62M       314M

MemTotal:        4016004 kB
MemFree:         3230712 kB
Active:           427440 kB
Mem:          3.8G       766M       3.1G       5.7M        62M       314M

MemTotal:        4016004 kB
MemFree:         3230464 kB
Active:           427488 kB
Mem:          3.8G       766M       3.1G       5.7M        62M       314M

MemTotal:        4016004 kB
MemFree:         3230836 kB
Active:           427480 kB
Mem:          3.8G       766M       3.1G       5.7M        62M       314M

MemTotal:        4016004 kB
MemFree:         3230836 kB
Active:           427488 kB
Mem:          3.8G       766M       3.1G       5.7M        62M       314M

MemTotal:        4016004 kB
MemFree:         3230880 kB
Active:           425508 kB
Mem:          3.8G       766M       3.1G       5.7M        62M       314M

MemTotal:        4016004 kB
MemFree:         3231136 kB
Active:           427492 kB
Mem:          3.8G       766M       3.1G       5.7M        62M       314M

MemTotal:        4016004 kB
MemFree:         3231136 kB
Active:           427460 kB
Mem:          3.8G       766M       3.1G       5.7M        62M       314M

MemTotal:        4016004 kB
MemFree:         3231012 kB
Active:           427456 kB
Mem:          3.8G       766M       3.1G       5.7M        62M       314M

MemTotal:        4016004 kB
MemFree:         3230640 kB
Active:           427512 kB
Mem:          3.8G       766M       3.1G       5.7M        62M       314M

MemTotal:        4016004 kB
MemFree:         3231012 kB
Active:           427460 kB
Mem:          3.8G       766M       3.1G       5.7M        62M       314M

MemTotal:        4016004 kB
MemFree:         3231136 kB
Active:           427472 kB
Mem:          3.8G       766M       3.1G       5.7M        62M       314M

MemTotal:        4016004 kB
MemFree:         3231012 kB
Active:           427472 kB
Mem:          3.8G       766M       3.1G       5.7M        62M       314M

MemTotal:        4016004 kB
MemFree:         3230764 kB
Active:           427512 kB
Mem:          3.8G       766M       3.1G       5.7M        62M       314M

MemTotal:        4016004 kB
MemFree:         3231260 kB
Active:           427500 kB
Mem:          3.8G       766M       3.1G       5.7M        62M       314M

MemTotal:        4016004 kB
MemFree:         3231184 kB
Active:           425576 kB
Mem:          3.8G       766M       3.1G       5.7M        62M       314M

MemTotal:        4016004 kB
MemFree:         3231368 kB
Active:           427496 kB
Mem:          3.8G       766M       3.1G       5.7M        62M       314M

MemTotal:        4016004 kB
MemFree:         3230732 kB
Active:           427504 kB
Mem:          3.8G       767M       3.1G       5.7M        62M       314M

MemTotal:        4016004 kB
MemFree:         3230980 kB
Active:           427516 kB
Mem:          3.8G       766M       3.1G       5.7M        62M       314M

MemTotal:        4016004 kB
MemFree:         3230856 kB
Active:           427512 kB
Mem:          3.8G       766M       3.1G       5.7M        62M       314M

MemTotal:        4016004 kB
MemFree:         3230988 kB
Active:           427516 kB
Mem:          3.8G       766M       3.1G       5.7M        62M       314M

MemTotal:        4016004 kB
MemFree:         3230864 kB
Active:           427476 kB
Mem:          3.8G       766M       3.1G       5.7M        62M       314M

MemTotal:        4016004 kB
MemFree:         3230740 kB
Active:           427520 kB
Mem:          3.8G       766M       3.1G       5.7M        62M       314M

MemTotal:        4016004 kB
MemFree:         3230864 kB
Active:           427512 kB
Mem:          3.8G       766M       3.1G       5.7M        62M       314M

MemTotal:        4016004 kB
MemFree:         3230740 kB
Active:           427520 kB
Mem:          3.8G       766M       3.1G       5.7M        62M       314M

MemTotal:        4016004 kB
MemFree:         3231008 kB
Active:           425488 kB
Mem:          3.8G       766M       3.1G       5.7M        62M       314M

MemTotal:        4016004 kB
MemFree:         3231044 kB
Active:           427504 kB
Mem:          3.8G       766M       3.1G       5.7M        62M       314M

MemTotal:        4016004 kB
MemFree:         3230672 kB
Active:           427540 kB
Mem:          3.8G       766M       3.1G       5.7M        62M       314M

MemTotal:        4016004 kB
MemFree:         3230672 kB
Active:           427548 kB
Mem:          3.8G       766M       3.1G       5.7M        62M       314M

MemTotal:        4016004 kB
MemFree:         3231168 kB
Active:           427504 kB
Mem:          3.8G       766M       3.1G       5.7M        62M       314M

MemTotal:        4016004 kB
MemFree:         3230672 kB
Active:           427548 kB
Mem:          3.8G       766M       3.1G       5.7M        62M       314M

MemTotal:        4016004 kB
MemFree:         3230672 kB
Active:           427496 kB
Mem:          3.8G       766M       3.1G       5.7M        62M       314M

MemTotal:        4016004 kB
MemFree:         3230796 kB
Active:           427536 kB
Mem:          3.8G       766M       3.1G       5.7M        62M       314M

MemTotal:        4016004 kB
MemFree:         3231168 kB
Active:           427496 kB
Mem:          3.8G       766M       3.1G       5.7M        62M       314M

MemTotal:        4016004 kB
MemFree:         3231168 kB
Active:           427500 kB
Mem:          3.8G       766M       3.1G       5.7M        62M       314M

MemTotal:        4016004 kB
MemFree:         3231044 kB
Active:           427504 kB
Mem:          3.8G       766M       3.1G       5.7M        62M       314M

MemTotal:        4016004 kB
MemFree:         3231012 kB
Active:           427528 kB
Mem:          3.8G       766M       3.1G       5.7M        62M       314M

MemTotal:        4016004 kB
MemFree:         3231012 kB
Active:           427536 kB
Mem:          3.8G       766M       3.1G       5.7M        62M       314M

MemTotal:        4016004 kB
MemFree:         3231136 kB
Active:           427556 kB
Mem:          3.8G       766M       3.1G       5.7M        62M       314M

MemTotal:        4016004 kB
MemFree:         3231260 kB
Active:           427532 kB
Mem:          3.8G       766M       3.1G       5.7M        62M       314M

MemTotal:        4016004 kB
MemFree:         3231384 kB
Active:           427520 kB
Mem:          3.8G       766M       3.1G       5.7M        62M       314M

MemTotal:        4016004 kB
MemFree:         3231384 kB
Active:           427560 kB
Mem:          3.8G       766M       3.1G       5.7M        62M       314M

MemTotal:        4016004 kB
MemFree:         3230640 kB
Active:           427572 kB
Mem:          3.8G       766M       3.1G       5.7M        62M       314M

MemTotal:        4016004 kB
MemFree:         3231136 kB
Active:           427568 kB
Mem:          3.8G       766M       3.1G       5.7M        62M       314M

MemTotal:        4016004 kB
MemFree:         3231136 kB
Active:           427536 kB
Mem:          3.8G       766M       3.1G       5.7M        62M       314M

MemTotal:        4016004 kB
MemFree:         3230640 kB
Active:           427576 kB
Mem:          3.8G       766M       3.1G       5.7M        62M       314M

MemTotal:        4016004 kB
MemFree:         3230888 kB
Active:           427572 kB
Mem:          3.8G       766M       3.1G       5.7M        62M       314M

MemTotal:        4016004 kB
MemFree:         3231136 kB
Active:           427524 kB
Mem:          3.8G       766M       3.1G       5.7M        62M       314M

MemTotal:        4016004 kB
MemFree:         3230780 kB
Active:           427568 kB
Mem:          3.8G       767M       3.1G       5.7M        62M       314M

MemTotal:        4016004 kB
MemFree:         3230780 kB
Active:           427572 kB
Mem:          3.8G       766M       3.1G       5.7M        62M       314M

MemTotal:        4016004 kB
MemFree:         3230780 kB
Active:           427572 kB
Mem:          3.8G       766M       3.1G       5.7M        62M       314M

MemTotal:        4016004 kB
MemFree:         3230904 kB
Active:           427584 kB
Mem:          3.8G       766M       3.1G       5.7M        62M       314M

MemTotal:        4016004 kB
MemFree:         3231276 kB
Active:           427528 kB
Mem:          3.8G       766M       3.1G       5.7M        62M       314M

MemTotal:        4016004 kB
MemFree:         3231152 kB
Active:           427564 kB
Mem:          3.8G       766M       3.1G       5.7M        62M       314M

MemTotal:        4016004 kB
MemFree:         3230656 kB
Active:           427584 kB
Mem:          3.8G       766M       3.1G       5.7M        62M       314M

MemTotal:        4016004 kB
MemFree:         3231028 kB
Active:           427556 kB
Mem:          3.8G       766M       3.1G       5.7M        62M       314M

MemTotal:        4016004 kB
MemFree:         3231028 kB
Active:           427556 kB
Mem:          3.8G       766M       3.1G       5.7M        62M       314M

MemTotal:        4016004 kB
MemFree:         3231276 kB
Active:           427592 kB
Mem:          3.8G       766M       3.1G       5.7M        62M       314M

MemTotal:        4016004 kB
MemFree:         3230904 kB
Active:           427596 kB
Mem:          3.8G       766M       3.1G       5.7M        62M       314M

MemTotal:        4016004 kB
MemFree:         3230780 kB
Active:           427600 kB
Mem:          3.8G       766M       3.1G       5.7M        62M       314M

MemTotal:        4016004 kB
MemFree:         3230656 kB
Active:           427564 kB
Mem:          3.8G       766M       3.1G       5.7M        62M       314M

MemTotal:        4016004 kB
MemFree:         3230780 kB
Active:           427556 kB
Mem:          3.8G       766M       3.1G       5.7M        62M       314M

MemTotal:        4016004 kB
MemFree:         3230548 kB
Active:           427556 kB
Mem:          3.8G       767M       3.1G       5.7M        62M       314M

MemTotal:        4016004 kB
MemFree:         3230424 kB
Active:           427580 kB
Mem:          3.8G       767M       3.1G       5.7M        62M       314M

MemTotal:        4016004 kB
MemFree:         3230672 kB
Active:           427592 kB
Mem:          3.8G       767M       3.1G       5.7M        62M       314M

MemTotal:        4016004 kB
MemFree:         3230920 kB
Active:           427584 kB
Mem:          3.8G       766M       3.1G       5.7M        62M       314M

MemTotal:        4016004 kB
MemFree:         3230672 kB
Active:           427576 kB
Mem:          3.8G       766M       3.1G       5.7M        62M       314M

MemTotal:        4016004 kB
MemFree:         3230920 kB
Active:           427608 kB
Mem:          3.8G       766M       3.1G       5.7M        62M       314M

MemTotal:        4016004 kB
MemFree:         3231044 kB
Active:           427608 kB
Mem:          3.8G       766M       3.1G       5.7M        62M       314M

MemTotal:        4016004 kB
MemFree:         3231168 kB
Active:           427592 kB
Mem:          3.8G       766M       3.1G       5.7M        62M       314M

MemTotal:        4016004 kB
MemFree:         3231044 kB
Active:           427572 kB
Mem:          3.8G       766M       3.1G       5.7M        62M       314M

MemTotal:        4016004 kB
MemFree:         3231168 kB
Active:           427572 kB
Mem:          3.8G       766M       3.1G       5.7M        62M       314M

MemTotal:        4016004 kB
MemFree:         3230796 kB
Active:           427572 kB
Mem:          3.8G       766M       3.1G       5.7M        62M       314M

MemTotal:        4016004 kB
MemFree:         3230672 kB
Active:           427604 kB
Mem:          3.8G       767M       3.1G       5.7M        62M       314M

MemTotal:        4016004 kB
MemFree:         3230672 kB
Active:           427592 kB
Mem:          3.8G       767M       3.1G       5.7M        62M       314M

MemTotal:        4016004 kB
MemFree:         3230532 kB
Active:           425684 kB
Mem:          3.8G       767M       3.1G       5.7M        62M       314M

MemTotal:        4016004 kB
MemFree:         3230608 kB
Active:           427616 kB
Mem:          3.8G       767M       3.1G       5.7M        62M       314M

MemTotal:        4016004 kB
MemFree:         3230608 kB
Active:           427600 kB
Mem:          3.8G       766M       3.1G       5.7M        62M       314M

MemTotal:        4016004 kB
MemFree:         3230484 kB
Active:           427604 kB
Mem:          3.8G       767M       3.1G       5.7M        62M       314M

MemTotal:        4016004 kB
MemFree:         3230484 kB
Active:           427612 kB
Mem:          3.8G       767M       3.1G       5.7M        62M       314M

MemTotal:        4016004 kB
MemFree:         3230112 kB
Active:           427652 kB
Mem:          3.8G       767M       3.1G       5.7M        62M       314M

MemTotal:        4016004 kB
MemFree:         3230484 kB
Active:           427636 kB
Mem:          3.8G       766M       3.1G       5.7M        62M       314M

MemTotal:        4016004 kB
MemFree:         3230856 kB
Active:           427628 kB
Mem:          3.8G       767M       3.1G       5.7M        62M       314M

MemTotal:        4016004 kB
MemFree:         3231104 kB
Active:           427636 kB
Mem:          3.8G       766M       3.1G       5.7M        62M       314M

MemTotal:        4016004 kB
MemFree:         3231228 kB
Active:           427632 kB
Mem:          3.8G       766M       3.1G       5.7M        62M       314M

MemTotal:        4016004 kB
MemFree:         3230668 kB
Active:           425608 kB
Mem:          3.8G       766M       3.1G       5.7M        62M       314M

MemTotal:        4016004 kB
MemFree:         3230976 kB
Active:           427636 kB
Mem:          3.8G       766M       3.1G       5.7M        62M       314M

MemTotal:        4016004 kB
MemFree:         3230480 kB
Active:           427664 kB
Mem:          3.8G       766M       3.1G       5.7M        62M       314M

MemTotal:        4016004 kB
MemFree:         3230976 kB
Active:           427636 kB
Mem:          3.8G       766M       3.1G       5.7M        62M       314M

MemTotal:        4016004 kB
MemFree:         3230852 kB
Active:           427616 kB
Mem:          3.8G       766M       3.1G       5.7M        62M       314M

MemTotal:        4016004 kB
MemFree:         3230728 kB
Active:           427624 kB
Mem:          3.8G       767M       3.1G       5.7M        62M       314M

MemTotal:        4016004 kB
MemFree:         3231224 kB
Active:           427660 kB
Mem:          3.8G       766M       3.1G       5.7M        62M       314M

MemTotal:        4016004 kB
MemFree:         3230604 kB
Active:           427636 kB
Mem:          3.8G       767M       3.1G       5.7M        62M       314M

MemTotal:        4016004 kB
MemFree:         3230232 kB
Active:           427688 kB
Mem:          3.8G       767M       3.1G       5.7M        62M       314M

MemTotal:        4016004 kB
MemFree:         3230356 kB
Active:           427696 kB
Mem:          3.8G       766M       3.1G       5.7M        62M       314M

MemTotal:        4016004 kB
MemFree:         3230604 kB
Active:           427680 kB
Mem:          3.8G       767M       3.1G       5.7M        62M       314M

MemTotal:        4016004 kB
MemFree:         3230604 kB
Active:           427692 kB
Mem:          3.8G       766M       3.1G       5.7M        62M       314M

MemTotal:        4016004 kB
MemFree:         3231348 kB
Active:           427656 kB
Mem:          3.8G       766M       3.1G       5.7M        62M       314M

MemTotal:        4016004 kB
MemFree:         3231348 kB
Active:           427648 kB
Mem:          3.8G       766M       3.1G       5.7M        62M       314M

MemTotal:        4016004 kB
MemFree:         3230728 kB
Active:           427696 kB
Mem:          3.8G       766M       3.1G       5.7M        62M       314M

MemTotal:        4016004 kB
MemFree:         3230728 kB
Active:           427648 kB
Mem:          3.8G       767M       3.1G       5.7M        62M       314M

MemTotal:        4016004 kB
MemFree:         3189044 kB
Active:           427964 kB
Mem:          3.8G       808M       3.0G       5.7M        62M       355M

MemTotal:        4016004 kB
MemFree:         3143688 kB
Active:           428024 kB
Mem:          3.8G       851M       3.0G       5.7M        62M       398M

MemTotal:        4016004 kB
MemFree:         3100564 kB
Active:           427996 kB
Mem:          3.8G       894M       3.0G       5.7M        62M       440M

MemTotal:        4016004 kB
MemFree:         3056324 kB
Active:           428024 kB
Mem:          3.8G       937M       2.9G       5.7M        62M       482M

MemTotal:        4016004 kB
MemFree:         3012440 kB
Active:           427968 kB
Mem:          3.8G       980M       2.9G       5.7M        62M       525M

MemTotal:        4016004 kB
MemFree:         2967704 kB
Active:           428004 kB
Mem:          3.8G       1.0G       2.8G       5.7M        62M       568M

MemTotal:        4016004 kB
MemFree:         2924192 kB
Active:           427996 kB
Mem:          3.8G       1.0G       2.8G       5.7M        62M       610M

MemTotal:        4016004 kB
MemFree:         2878836 kB
Active:           428036 kB
Mem:          3.8G       1.1G       2.7G       5.7M        62M       653M

MemTotal:        4016004 kB
MemFree:         2834108 kB
Active:           428040 kB
Mem:          3.8G       1.1G       2.7G       5.7M        62M       697M

MemTotal:        4016004 kB
MemFree:         2789408 kB
Active:           427992 kB
Mem:          3.8G       1.2G       2.7G       5.7M        62M       740M

MemTotal:        4016004 kB
MemFree:         2744776 kB
Active:           428044 kB
Mem:          3.8G       1.2G       2.6G       5.7M        62M       783M

MemTotal:        4016004 kB
MemFree:         2699948 kB
Active:           428048 kB
Mem:          3.8G       1.3G       2.6G       5.7M        62M       825M

MemTotal:        4016004 kB
MemFree:         2677180 kB
Active:           428040 kB
Mem:          3.8G       1.3G       2.6G       5.7M        62M       847M

MemTotal:        4016004 kB
MemFree:         2675032 kB
Active:           428040 kB
Mem:          3.8G       1.3G       2.6G       5.7M        62M       849M

MemTotal:        4016004 kB
MemFree:         2639964 kB
Active:           428088 kB
Mem:          3.8G       1.3G       2.5G       5.7M        62M       883M

MemTotal:        4016004 kB
MemFree:         2595916 kB
Active:           428064 kB
Mem:          3.8G       1.4G       2.5G       5.7M        62M       926M

MemTotal:        4016004 kB
MemFree:         2551988 kB
Active:           428084 kB
Mem:          3.8G       1.4G       2.4G       5.7M        62M       968M

MemTotal:        4016004 kB
MemFree:         2506976 kB
Active:           428064 kB
Mem:          3.8G       1.4G       2.4G       5.7M        62M       1.0G

MemTotal:        4016004 kB
MemFree:         2462472 kB
Active:           428096 kB
Mem:          3.8G       1.5G       2.3G       5.7M        62M       1.0G

MemTotal:        4016004 kB
MemFree:         2417984 kB
Active:           428060 kB
Mem:          3.8G       1.5G       2.3G       5.7M        62M       1.1G

MemTotal:        4016004 kB
MemFree:         2373728 kB
Active:           428060 kB
Mem:          3.8G       1.6G       2.3G       5.7M        62M       1.1G

MemTotal:        4016004 kB
MemFree:         2328884 kB
Active:           428080 kB
Mem:          3.8G       1.6G       2.2G       5.7M        62M       1.2G

MemTotal:        4016004 kB
MemFree:         2284144 kB
Active:           428096 kB
Mem:          3.8G       1.7G       2.2G       5.7M        62M       1.2G

MemTotal:        4016004 kB
MemFree:         2239424 kB
Active:           428092 kB
Mem:          3.8G       1.7G       2.1G       5.7M        62M       1.2G

MemTotal:        4016004 kB
MemFree:         2220700 kB
Active:           428112 kB
Mem:          3.8G       1.7G       2.1G       5.7M        62M       1.3G

MemTotal:        4016004 kB
MemFree:         2217480 kB
Active:           428128 kB
Mem:          3.8G       1.7G       2.1G       5.7M        62M       1.3G

MemTotal:        4016004 kB
MemFree:         2186880 kB
Active:           428128 kB
Mem:          3.8G       1.7G       2.1G       5.7M        62M       1.3G

MemTotal:        4016004 kB
MemFree:         2141448 kB
Active:           428152 kB
Mem:          3.8G       1.8G       2.0G       5.7M        62M       1.3G

MemTotal:        4016004 kB
MemFree:         2096984 kB
Active:           428120 kB
Mem:          3.8G       1.8G       2.0G       5.7M        62M       1.4G

MemTotal:        4016004 kB
MemFree:         2052500 kB
Active:           428164 kB
Mem:          3.8G       1.9G       2.0G       5.7M        62M       1.4G

MemTotal:        4016004 kB
MemFree:         2007764 kB
Active:           428120 kB
Mem:          3.8G       1.9G       1.9G       5.7M        62M       1.5G

MemTotal:        4016004 kB
MemFree:         1963896 kB
Active:           428112 kB
Mem:          3.8G       2.0G       1.9G       5.7M        62M       1.5G

MemTotal:        4016004 kB
MemFree:         1920152 kB
Active:           428132 kB
Mem:          3.8G       2.0G       1.8G       5.7M        62M       1.5G

MemTotal:        4016004 kB
MemFree:         1875260 kB
Active:           428128 kB
Mem:          3.8G       2.0G       1.8G       5.7M        62M       1.6G

MemTotal:        4016004 kB
MemFree:         1830520 kB
Active:           428144 kB
Mem:          3.8G       2.1G       1.7G       5.7M        62M       1.6G

MemTotal:        4016004 kB
MemFree:         1785492 kB
Active:           428180 kB
Mem:          3.8G       2.1G       1.7G       5.7M        62M       1.7G

MemTotal:        4016004 kB
MemFree:         1765476 kB
Active:           428180 kB
Mem:          3.8G       2.1G       1.7G       5.7M        62M       1.7G

MemTotal:        4016004 kB
MemFree:         1730096 kB
Active:           428156 kB
Mem:          3.8G       2.2G       1.6G       5.7M        62M       1.7G

MemTotal:        4016004 kB
MemFree:         1686008 kB
Active:           428264 kB
Mem:          3.8G       2.2G       1.6G       5.7M        62M       1.8G

MemTotal:        4016004 kB
MemFree:         1641756 kB
Active:           428284 kB
Mem:          3.8G       2.3G       1.6G       5.7M        62M       1.8G

MemTotal:        4016004 kB
MemFree:         1597368 kB
Active:           428216 kB
Mem:          3.8G       2.3G       1.5G       5.7M        62M       1.8G

MemTotal:        4016004 kB
MemFree:         1553356 kB
Active:           428240 kB
Mem:          3.8G       2.3G       1.5G       5.7M        62M       1.9G

MemTotal:        4016004 kB
MemFree:         1508440 kB
Active:           428196 kB
Mem:          3.8G       2.4G       1.4G       5.7M        62M       1.9G

MemTotal:        4016004 kB
MemFree:         1463472 kB
Active:           428176 kB
Mem:          3.8G       2.4G       1.4G       5.7M        62M       2.0G

MemTotal:        4016004 kB
MemFree:         1419340 kB
Active:           428176 kB
Mem:          3.8G       2.5G       1.4G       5.7M        62M       2.0G

MemTotal:        4016004 kB
MemFree:         1394600 kB
Active:           428240 kB
Mem:          3.8G       2.5G       1.3G       5.7M        62M       2.0G

MemTotal:        4016004 kB
MemFree:         1349912 kB
Active:           428248 kB
Mem:          3.8G       2.5G       1.3G       5.7M        62M       2.1G

MemTotal:        4016004 kB
MemFree:         1311024 kB
Active:           428200 kB
Mem:          3.8G       2.6G       1.3G       5.7M        62M       2.1G

MemTotal:        4016004 kB
MemFree:         1306960 kB
Active:           428244 kB
Mem:          3.8G       2.6G       1.2G       5.7M        62M       2.1G

MemTotal:        4016004 kB
MemFree:         1262180 kB
Active:           428204 kB
Mem:          3.8G       2.6G       1.2G       5.7M        62M       2.2G

MemTotal:        4016004 kB
MemFree:         1217960 kB
Active:           428252 kB
Mem:          3.8G       2.7G       1.2G       5.7M        62M       2.2G

MemTotal:        4016004 kB
MemFree:         1173696 kB
Active:           428132 kB
Mem:          3.8G       2.7G       1.1G       5.7M        62M       2.2G

MemTotal:        4016004 kB
MemFree:         1130292 kB
Active:           428420 kB
Mem:          3.8G       2.8G       1.1G       5.7M        62M       2.3G

MemTotal:        4016004 kB
MemFree:         1085572 kB
Active:           428356 kB
Mem:          3.8G       2.8G       1.0G       5.7M        62M       2.3G

MemTotal:        4016004 kB
MemFree:         1040216 kB
Active:           428268 kB
Mem:          3.8G       2.8G       1.0G       5.7M        62M       2.4G

MemTotal:        4016004 kB
MemFree:          996596 kB
Active:           428228 kB
Mem:          3.8G       2.9G       972M       5.7M        62M       2.4G

MemTotal:        4016004 kB
MemFree:          952812 kB
Active:           428232 kB
Mem:          3.8G       2.9G       930M       5.7M        62M       2.4G

MemTotal:        4016004 kB
MemFree:          907028 kB
Active:           428316 kB
Mem:          3.8G       3.0G       885M       5.7M        62M       2.5G

MemTotal:        4016004 kB
MemFree:          862124 kB
Active:           428276 kB
Mem:          3.8G       3.0G       841M       5.7M        62M       2.5G

MemTotal:        4016004 kB
MemFree:          818364 kB
Active:           428280 kB
Mem:          3.8G       3.0G       798M       5.7M        62M       2.6G

MemTotal:        4016004 kB
MemFree:          772904 kB
Active:           428288 kB
Mem:          3.8G       3.1G       754M       5.7M        62M       2.6G

MemTotal:        4016004 kB
MemFree:          728212 kB
Active:           428264 kB
Mem:          3.8G       3.1G       711M       5.7M        62M       2.7G

MemTotal:        4016004 kB
MemFree:          683836 kB
Active:           428296 kB
Mem:          3.8G       3.2G       667M       5.7M        62M       2.7G

MemTotal:        4016004 kB
MemFree:          638728 kB
Active:           428316 kB
Mem:          3.8G       3.2G       623M       5.7M        62M       2.7G

MemTotal:        4016004 kB
MemFree:          594132 kB
Active:           428316 kB
Mem:          3.8G       3.3G       579M       5.7M        62M       2.8G

MemTotal:        4016004 kB
MemFree:          550304 kB
Active:           428456 kB
Mem:          3.8G       3.3G       537M       5.7M        62M       2.8G

MemTotal:        4016004 kB
MemFree:          518084 kB
Active:           428268 kB
Mem:          3.8G       3.3G       505M       5.7M        62M       2.9G

MemTotal:        4016004 kB
MemFree:          514924 kB
Active:           428316 kB
Mem:          3.8G       3.3G       502M       5.7M        62M       2.9G

MemTotal:        4016004 kB
MemFree:          478236 kB
Active:           428352 kB
Mem:          3.8G       3.4G       467M       5.7M        62M       2.9G

MemTotal:        4016004 kB
MemFree:          433412 kB
Active:           428244 kB
Mem:          3.8G       3.4G       423M       5.7M        62M       2.9G

MemTotal:        4016004 kB
MemFree:          389116 kB
Active:           428348 kB
Mem:          3.8G       3.5G       379M       5.7M        62M       3.0G

MemTotal:        4016004 kB
MemFree:          345448 kB
Active:           428240 kB
Mem:          3.8G       3.5G       336M       5.7M        62M       3.0G

MemTotal:        4016004 kB
MemFree:          300200 kB
Active:           428192 kB
Mem:          3.8G       3.5G       293M       5.7M        62M       3.1G

MemTotal:        4016004 kB
MemFree:          255712 kB
Active:           428264 kB
Mem:          3.8G       3.6G       249M       5.7M        62M       3.1G

MemTotal:        4016004 kB
MemFree:          211472 kB
Active:           428304 kB
Mem:          3.8G       3.6G       205M       5.7M        62M       3.1G

MemTotal:        4016004 kB
MemFree:          166752 kB
Active:           428488 kB
Mem:          3.8G       3.7G       163M       5.7M        62M       3.2G

MemTotal:        4016004 kB
MemFree:          123148 kB
Active:           428188 kB
Mem:          3.8G       3.7G       119M       5.7M        62M       3.2G

MemTotal:        4016004 kB
MemFree:          122340 kB
Active:           429956 kB
Mem:          3.8G       3.7G       117M       5.7M        27M       3.3G

MemTotal:        4016004 kB
MemFree:          116924 kB
Active:           442532 kB
Mem:          3.8G       3.7G       113M       5.7M        27M       3.3G

MemTotal:        4016004 kB
MemFree:          120612 kB
Active:           484584 kB
Mem:          3.8G       3.7G       116M       5.7M        27M       3.3G

MemTotal:        4016004 kB
MemFree:          121604 kB
Active:           484740 kB
Mem:          3.8G       3.7G       118M       5.7M        27M       3.3G

MemTotal:        4016004 kB
MemFree:          121264 kB
Active:           484752 kB
Mem:          3.8G       3.7G       118M       5.7M        27M       3.3G

MemTotal:        4016004 kB
MemFree:          120988 kB
Active:           484756 kB
Mem:          3.8G       3.7G       118M       5.7M        27M       3.3G

MemTotal:        4016004 kB
MemFree:          121864 kB
Active:           484704 kB
Mem:          3.8G       3.7G       118M       5.7M        27M       3.3G

MemTotal:        4016004 kB
MemFree:          127168 kB
Active:           481712 kB
Mem:          3.8G       3.7G       123M       5.7M        27M       3.3G

MemTotal:        4016004 kB
MemFree:          112068 kB
Active:           478652 kB
Mem:          3.8G       3.7G       109M       5.7M        27M       3.3G

MemTotal:        4016004 kB
MemFree:          123716 kB
Active:           471500 kB
Mem:          3.8G       3.7G       125M       5.7M        27M       3.3G

MemTotal:        4016004 kB
MemFree:          125996 kB
Active:           466640 kB
Mem:          3.8G       3.7G       122M       5.7M        27M       3.3G

MemTotal:        4016004 kB
MemFree:          106044 kB
Active:           462692 kB
Mem:          3.8G       3.7G       103M       5.7M        27M       3.3G

MemTotal:        4016004 kB
MemFree:          128888 kB
Active:           454236 kB
Mem:          3.8G       3.7G       125M       5.7M        27M       3.3G

MemTotal:        4016004 kB
MemFree:          110812 kB
Active:           451560 kB
Mem:          3.8G       3.7G       107M       5.7M        27M       3.3G

MemTotal:        4016004 kB
MemFree:          126836 kB
Active:           446192 kB
Mem:          3.8G       3.7G       123M       5.7M        27M       3.3G

MemTotal:        4016004 kB
MemFree:          123792 kB
Active:           439832 kB
Mem:          3.8G       3.7G       120M       5.7M        27M       3.3G

MemTotal:        4016004 kB
MemFree:          123632 kB
Active:           438636 kB
Mem:          3.8G       3.7G       125M       5.7M        27M       3.3G

MemTotal:        4016004 kB
MemFree:          126840 kB
Active:           432960 kB
Mem:          3.8G       3.7G       123M       5.7M        27M       3.3G

MemTotal:        4016004 kB
MemFree:          113908 kB
Active:           432192 kB
Mem:          3.8G       3.7G       111M       5.7M        27M       3.3G

MemTotal:        4016004 kB
MemFree:          110688 kB
Active:           432208 kB
Mem:          3.8G       3.7G       108M       5.7M        27M       3.3G

MemTotal:        4016004 kB
MemFree:          110876 kB
Active:           432168 kB
Mem:          3.8G       3.7G       107M       5.7M        27M       3.3G

MemTotal:        4016004 kB
MemFree:          110508 kB
Active:           432228 kB
Mem:          3.8G       3.7G       108M       5.7M        27M       3.3G

MemTotal:        4016004 kB
MemFree:          110560 kB
Active:           432232 kB
Mem:          3.8G       3.7G       108M       5.7M        27M       3.3G

MemTotal:        4016004 kB
MemFree:          109724 kB
Active:           429216 kB
Mem:          3.8G       3.7G       106M       5.7M        27M       3.3G

MemTotal:        4016004 kB
MemFree:          125856 kB
Active:           425420 kB
Mem:          3.8G       3.7G       122M       5.7M        27M       3.3G

MemTotal:        4016004 kB
MemFree:          128272 kB
Active:           423628 kB
Mem:          3.8G       3.7G       125M       5.7M        27M       3.3G

MemTotal:        4016004 kB
MemFree:          112504 kB
Active:           422440 kB
Mem:          3.8G       3.7G       109M       5.7M        27M       3.3G

MemTotal:        4016004 kB
MemFree:          129520 kB
Active:           420652 kB
Mem:          3.8G       3.7G       126M       5.7M        27M       3.3G

MemTotal:        4016004 kB
MemFree:          140832 kB
Active:           418904 kB
Mem:          3.8G       3.7G       137M       5.7M        27M       3.2G

MemTotal:        4016004 kB
MemFree:          132676 kB
Active:           415828 kB
Mem:          3.8G       3.7G       129M       5.7M        27M       3.3G

MemTotal:        4016004 kB
MemFree:          130208 kB
Active:           414292 kB
Mem:          3.8G       3.7G       126M       5.7M        27M       3.3G

MemTotal:        4016004 kB
MemFree:          140432 kB
Active:           412636 kB
Mem:          3.8G       3.7G       136M       5.7M        27M       3.2G

MemTotal:        4016004 kB
MemFree:          132524 kB
Active:           411448 kB
Mem:          3.8G       3.7G       129M       5.7M        27M       3.3G

MemTotal:        4016004 kB
MemFree:          124312 kB
Active:           408296 kB
Mem:          3.8G       3.7G       121M       5.7M        27M       3.3G

MemTotal:        4016004 kB
MemFree:          139420 kB
Active:           406428 kB
Mem:          3.8G       3.7G       136M       5.7M        27M       3.2G

MemTotal:        4016004 kB
MemFree:          137868 kB
Active:           406444 kB
Mem:          3.8G       3.7G       134M       5.7M        27M       3.2G

MemTotal:        4016004 kB
MemFree:          137808 kB
Active:           406400 kB
Mem:          3.8G       3.7G       134M       5.7M        27M       3.2G

MemTotal:        4016004 kB
MemFree:          130868 kB
Active:           406460 kB
Mem:          3.8G       3.7G       127M       5.7M        27M       3.3G

MemTotal:        4016004 kB
MemFree:          120948 kB
Active:           403340 kB
Mem:          3.8G       3.7G       118M       5.7M        27M       3.3G

MemTotal:        4016004 kB
MemFree:          112776 kB
Active:           402188 kB
Mem:          3.8G       3.7G       110M       5.7M        27M       3.3G

MemTotal:        4016004 kB
MemFree:          116136 kB
Active:           400524 kB
Mem:          3.8G       3.7G       113M       5.7M        27M       3.3G

MemTotal:        4016004 kB
MemFree:          108724 kB
Active:           399380 kB
Mem:          3.8G       3.7G       106M       5.7M        27M       3.3G

MemTotal:        4016004 kB
MemFree:          112332 kB
Active:           397972 kB
Mem:          3.8G       3.7G       109M       5.7M        27M       3.3G

MemTotal:        4016004 kB
MemFree:          104920 kB
Active:           396820 kB
Mem:          3.8G       3.7G       108M       5.7M        27M       3.3G

MemTotal:        4016004 kB
MemFree:          121068 kB
Active:           394864 kB
Mem:          3.8G       3.7G       117M       5.7M        27M       3.3G

MemTotal:        4016004 kB
MemFree:          105720 kB
Active:           393896 kB
Mem:          3.8G       3.7G       103M       5.7M        27M       3.3G

MemTotal:        4016004 kB
MemFree:          125388 kB
Active:           391848 kB
Mem:          3.8G       3.7G       121M       5.7M        27M       3.3G

MemTotal:        4016004 kB
MemFree:          111872 kB
Active:           390784 kB
Mem:          3.8G       3.7G       109M       5.7M        27M       3.3G

MemTotal:        4016004 kB
MemFree:          134944 kB
Active:           388616 kB
Mem:          3.8G       3.7G       131M       5.7M        27M       3.2G

MemTotal:        4016004 kB
MemFree:          125992 kB
Active:           388648 kB
Mem:          3.8G       3.7G       122M       5.7M        27M       3.3G

MemTotal:        4016004 kB
MemFree:          110272 kB
Active:           387644 kB
Mem:          3.8G       3.7G       107M       5.7M        27M       3.3G

MemTotal:        4016004 kB
MemFree:          112724 kB
Active:           384544 kB
Mem:          3.8G       3.7G       110M       5.7M        27M       3.3G

MemTotal:        4016004 kB
MemFree:          104880 kB
Active:           383304 kB
Mem:          3.8G       3.7G       106M       5.7M        27M       3.3G

MemTotal:        4016004 kB
MemFree:          123616 kB
Active:           381256 kB
Mem:          3.8G       3.7G       120M       5.7M        27M       3.3G

MemTotal:        4016004 kB
MemFree:          106036 kB
Active:           380364 kB
Mem:          3.8G       3.7G       103M       5.7M        27M       3.3G

MemTotal:        4016004 kB
MemFree:          128596 kB
Active:           378192 kB
Mem:          3.8G       3.7G       125M       5.7M        27M       3.3G

MemTotal:        4016004 kB
MemFree:          113632 kB
Active:           377180 kB
Mem:          3.8G       3.7G       111M       5.7M        27M       3.3G

MemTotal:        4016004 kB
MemFree:          105820 kB
Active:           375984 kB
Mem:          3.8G       3.7G       103M       5.7M        27M       3.3G

MemTotal:        4016004 kB
MemFree:          127140 kB
Active:           373852 kB
Mem:          3.8G       3.7G       124M       5.7M        27M       3.3G

MemTotal:        4016004 kB
MemFree:          132908 kB
Active:           372192 kB
Mem:          3.8G       3.7G       130M       5.7M        27M       3.2G

MemTotal:        4016004 kB
MemFree:          118084 kB
Active:           372204 kB
Mem:          3.8G       3.7G       115M       5.7M        27M       3.3G

MemTotal:        4016004 kB
MemFree:          120840 kB
Active:           370292 kB
Mem:          3.8G       3.7G       117M       5.7M        27M       3.3G

MemTotal:        4016004 kB
MemFree:          112220 kB
Active:           369780 kB
Mem:          3.8G       3.7G       109M       5.7M        27M       3.3G

MemTotal:        4016004 kB
MemFree:          110868 kB
Active:           369784 kB
Mem:          3.8G       3.7G       120M       5.7M        27M       3.3G

MemTotal:        4016004 kB
MemFree:          121972 kB
Active:           369764 kB
Mem:          3.8G       3.7G       118M       5.7M        27M       3.3G

MemTotal:        4016004 kB
MemFree:          128456 kB
Active:           369784 kB
Mem:          3.8G       3.7G       125M       5.7M        27M       3.3G

MemTotal:        4016004 kB
MemFree:          126120 kB
Active:           369788 kB
Mem:          3.8G       3.7G       122M       5.7M        27M       3.3G

MemTotal:        4016004 kB
MemFree:          107548 kB
Active:           369788 kB
Mem:          3.8G       3.7G       104M       5.7M        27M       3.3G

MemTotal:        4016004 kB
MemFree:          117528 kB
Active:           369796 kB
Mem:          3.8G       3.7G       114M       5.7M        27M       3.3G

MemTotal:        4016004 kB
MemFree:          121536 kB
Active:           369812 kB
Mem:          3.8G       3.7G       118M       5.7M        27M       3.3G

MemTotal:        4016004 kB
MemFree:          106280 kB
Active:           369820 kB
Mem:          3.8G       3.7G       103M       5.7M        27M       3.3G

MemTotal:        4016004 kB
MemFree:          128180 kB
Active:           369820 kB
Mem:          3.8G       3.7G       125M       5.7M        27M       3.3G

MemTotal:        4016004 kB
MemFree:          113596 kB
Active:           369824 kB
Mem:          3.8G       3.7G       110M       5.7M        27M       3.3G

MemTotal:        4016004 kB
MemFree:          112312 kB
Active:           369824 kB
Mem:          3.8G       3.7G       109M       5.7M        27M       3.3G

MemTotal:        4016004 kB
MemFree:          112064 kB
Active:           369816 kB
Mem:          3.8G       3.7G       109M       5.7M        27M       3.3G

MemTotal:        4016004 kB
MemFree:          136112 kB
Active:           369872 kB
Mem:          3.8G       3.7G       132M       5.7M        27M       3.2G

MemTotal:        4016004 kB
MemFree:          128848 kB
Active:           369092 kB
Mem:          3.8G       3.7G       125M       5.7M        27M       3.3G

MemTotal:        4016004 kB
MemFree:          109660 kB
Active:           369084 kB
Mem:          3.8G       3.7G       106M       5.7M        27M       3.3G

MemTotal:        4016004 kB
MemFree:          126288 kB
Active:           369084 kB
Mem:          3.8G       3.7G       122M       5.7M        27M       3.3G

MemTotal:        4016004 kB
MemFree:          123276 kB
Active:           369056 kB
Mem:          3.8G       3.7G       119M       5.7M        27M       3.3G

MemTotal:        4016004 kB
MemFree:          106300 kB
Active:           369112 kB
Mem:          3.8G       3.7G       103M       5.7M        27M       3.3G

MemTotal:        4016004 kB
MemFree:          128328 kB
Active:           369112 kB
Mem:          3.8G       3.7G       125M       5.7M        27M       3.3G

MemTotal:        4016004 kB
MemFree:          115488 kB
Active:           367120 kB
Mem:          3.8G       3.7G       112M       5.7M        27M       3.3G

MemTotal:        4016004 kB
MemFree:          107144 kB
Active:           367120 kB
Mem:          3.8G       3.7G       104M       5.7M        27M       3.3G

MemTotal:        4016004 kB
MemFree:          129296 kB
Active:           367132 kB
Mem:          3.8G       3.7G       125M       5.7M        27M       3.3G

MemTotal:        4016004 kB
MemFree:          131536 kB
Active:           367132 kB
Mem:          3.8G       3.7G       128M       5.7M        27M       3.2G

MemTotal:        4016004 kB
MemFree:          129924 kB
Active:           367132 kB
Mem:          3.8G       3.7G       126M       5.7M        27M       3.2G

MemTotal:        4016004 kB
MemFree:          118204 kB
Active:           367096 kB
Mem:          3.8G       3.7G       114M       5.7M        27M       3.3G

MemTotal:        4016004 kB
MemFree:          115164 kB
Active:           367116 kB
Mem:          3.8G       3.7G       111M       5.7M        27M       3.3G

MemTotal:        4016004 kB
MemFree:          124752 kB
Active:           367152 kB
Mem:          3.8G       3.7G       124M       5.7M        27M       3.3G

MemTotal:        4016004 kB
MemFree:          123384 kB
Active:           367148 kB
Mem:          3.8G       3.7G       119M       5.7M        27M       3.3G

MemTotal:        4016004 kB
MemFree:          128096 kB
Active:           367104 kB
Mem:          3.8G       3.7G       124M       5.7M        27M       3.3G

MemTotal:        4016004 kB
MemFree:          131180 kB
Active:           367160 kB
Mem:          3.8G       3.7G       127M       5.7M        27M       3.2G

MemTotal:        4016004 kB
MemFree:          117068 kB
Active:           367108 kB
Mem:          3.8G       3.7G       114M       5.7M        27M       3.3G

MemTotal:        4016004 kB
MemFree:          108416 kB
Active:           367164 kB
Mem:          3.8G       3.7G       105M       5.7M        27M       3.3G

MemTotal:        4016004 kB
MemFree:          111340 kB
Active:           367172 kB
Mem:          3.8G       3.7G       108M       5.7M        27M       3.3G

MemTotal:        4016004 kB
MemFree:          123740 kB
Active:           367172 kB
Mem:          3.8G       3.7G       120M       5.7M        27M       3.3G

MemTotal:        4016004 kB
MemFree:          115536 kB
Active:           366604 kB
Mem:          3.8G       3.7G       112M       5.7M        27M       3.3G

MemTotal:        4016004 kB
MemFree:          110808 kB
Active:           366604 kB
Mem:          3.8G       3.7G       108M       5.7M        27M       3.3G

MemTotal:        4016004 kB
MemFree:          124536 kB
Active:           366632 kB
Mem:          3.8G       3.7G       121M       5.7M        27M       3.3G

MemTotal:        4016004 kB
MemFree:          115360 kB
Active:           366632 kB
Mem:          3.8G       3.7G       113M       5.7M        27M       3.3G

MemTotal:        4016004 kB
MemFree:          114956 kB
Active:           366632 kB
Mem:          3.8G       3.7G       111M       5.7M        27M       3.3G

MemTotal:        4016004 kB
MemFree:          108108 kB
Active:           366588 kB
Mem:          3.8G       3.7G       105M       5.7M        27M       3.3G

MemTotal:        4016004 kB
MemFree:          112760 kB
Active:           366656 kB
Mem:          3.8G       3.7G       110M       5.7M        27M       3.3G

MemTotal:        4016004 kB
MemFree:          128924 kB
Active:           366712 kB
Mem:          3.8G       3.7G       125M       5.7M        27M       3.3G

MemTotal:        4016004 kB
MemFree:          129372 kB
Active:           365128 kB
Mem:          3.8G       3.7G       126M       5.7M        27M       3.2G

MemTotal:        4016004 kB
MemFree:          109652 kB
Active:           365128 kB
Mem:          3.8G       3.7G       107M       5.7M        27M       3.3G

MemTotal:        4016004 kB
MemFree:          126416 kB
Active:           365132 kB
Mem:          3.8G       3.7G       123M       5.7M        27M       3.3G

MemTotal:        4016004 kB
MemFree:          117564 kB
Active:           365132 kB
Mem:          3.8G       3.7G       114M       5.7M        27M       3.3G

MemTotal:        4016004 kB
MemFree:          109608 kB
Active:           365136 kB
Mem:          3.8G       3.7G       106M       5.7M        27M       3.3G

MemTotal:        4016004 kB
MemFree:          140620 kB
Active:           365140 kB
Mem:          3.8G       3.7G       136M       5.7M        27M       3.2G

MemTotal:        4016004 kB
MemFree:          137260 kB
Active:           365104 kB
Mem:          3.8G       3.7G       134M       5.7M        27M       3.2G

MemTotal:        4016004 kB
MemFree:          134200 kB
Active:           365108 kB
Mem:          3.8G       3.7G       131M       5.7M        27M       3.2G

MemTotal:        4016004 kB
MemFree:          134088 kB
Active:           365164 kB
Mem:          3.8G       3.7G       130M       5.7M        27M       3.2G

MemTotal:        4016004 kB
MemFree:          138596 kB
Active:           363116 kB
Mem:          3.8G       3.7G       135M       5.7M        27M       3.2G

MemTotal:        4016004 kB
MemFree:          149496 kB
Active:           362924 kB
Mem:          3.8G       3.7G       145M       5.7M        27M       3.2G

MemTotal:        4016004 kB
MemFree:          105284 kB
Active:           362884 kB
Mem:          3.8G       3.7G       102M       5.7M        27M       3.3G

MemTotal:        4016004 kB
MemFree:          133556 kB
Active:           362928 kB
Mem:          3.8G       3.7G       130M       5.7M        27M       3.2G

MemTotal:        4016004 kB
MemFree:          137500 kB
Active:           362936 kB
Mem:          3.8G       3.7G       134M       5.7M        27M       3.2G

MemTotal:        4016004 kB
MemFree:          118236 kB
Active:           362940 kB
Mem:          3.8G       3.7G       115M       5.7M        27M       3.3G

MemTotal:        4016004 kB
MemFree:          109756 kB
Active:           362932 kB
Mem:          3.8G       3.7G       107M       5.7M        27M       3.3G

MemTotal:        4016004 kB
MemFree:          120844 kB
Active:           362912 kB
Mem:          3.8G       3.7G       117M       5.7M        27M       3.3G

MemTotal:        4016004 kB
MemFree:          112316 kB
Active:           362936 kB
Mem:          3.8G       3.7G       109M       5.7M        27M       3.3G

MemTotal:        4016004 kB
MemFree:          111552 kB
Active:           362928 kB
Mem:          3.8G       3.7G       108M       5.7M        27M       3.3G

MemTotal:        4016004 kB
MemFree:          126780 kB
Active:           362092 kB
Mem:          3.8G       3.7G       123M       5.7M        27M       3.3G

MemTotal:        4016004 kB
MemFree:          124680 kB
Active:           361836 kB
Mem:          3.8G       3.7G       121M       5.7M        27M       3.3G

MemTotal:        4016004 kB
MemFree:          110176 kB
Active:           361832 kB
Mem:          3.8G       3.7G       107M       5.7M        27M       3.3G

MemTotal:        4016004 kB
MemFree:          126608 kB
Active:           361860 kB
Mem:          3.8G       3.7G       123M       5.7M        27M       3.3G

MemTotal:        4016004 kB
MemFree:          124372 kB
Active:           361868 kB
Mem:          3.8G       3.7G       121M       5.7M        27M       3.3G

MemTotal:        4016004 kB
MemFree:          132692 kB
Active:           361876 kB
Mem:          3.8G       3.7G       129M       5.7M        27M       3.2G

MemTotal:        4016004 kB
MemFree:          111764 kB
Active:           361828 kB
Mem:          3.8G       3.7G       109M       5.7M        27M       3.3G

MemTotal:        4016004 kB
MemFree:          134100 kB
Active:           361828 kB
Mem:          3.8G       3.7G       130M       5.7M        27M       3.2G

MemTotal:        4016004 kB
MemFree:          122016 kB
Active:           359240 kB
Mem:          3.8G       3.7G       119M       5.7M        27M       3.3G

MemTotal:        4016004 kB
MemFree:          107744 kB
Active:           359216 kB
Mem:          3.8G       3.7G       104M       5.7M        27M       3.3G

MemTotal:        4016004 kB
MemFree:          129328 kB
Active:           359264 kB
Mem:          3.8G       3.7G       126M       5.7M        27M       3.2G

MemTotal:        4016004 kB
MemFree:          108376 kB
Active:           359228 kB
Mem:          3.8G       3.7G       105M       5.7M        27M       3.3G

MemTotal:        4016004 kB
MemFree:          129116 kB
Active:           359276 kB
Mem:          3.8G       3.7G       125M       5.7M        27M       3.2G

MemTotal:        4016004 kB
MemFree:          126372 kB
Active:           359280 kB
Mem:          3.8G       3.7G       123M       5.7M        27M       3.2G

MemTotal:        4016004 kB
MemFree:          107328 kB
Active:           359236 kB
Mem:          3.8G       3.7G       104M       5.7M        27M       3.3G

MemTotal:        4016004 kB
MemFree:          129576 kB
Active:           359292 kB
Mem:          3.8G       3.7G       126M       5.7M        27M       3.2G

MemTotal:        4016004 kB
MemFree:          122348 kB
Active:           359296 kB
Mem:          3.8G       3.7G       119M       5.7M        27M       3.3G

MemTotal:        4016004 kB
MemFree:          124484 kB
Active:           359304 kB
Mem:          3.8G       3.7G       121M       5.7M        27M       3.3G

MemTotal:        4016004 kB
MemFree:          108784 kB
Active:           357232 kB
Mem:          3.8G       3.7G       106M       5.7M        27M       3.3G

MemTotal:        4016004 kB
MemFree:          130872 kB
Active:           357232 kB
Mem:          3.8G       3.7G       128M       5.7M        27M       3.2G

MemTotal:        4016004 kB
MemFree:          116380 kB
Active:           357240 kB
Mem:          3.8G       3.7G       113M       5.7M        27M       3.3G

MemTotal:        4016004 kB
MemFree:          108100 kB
Active:           357252 kB
Mem:          3.8G       3.7G       105M       5.7M        27M       3.3G

MemTotal:        4016004 kB
MemFree:          111756 kB
Active:           357252 kB
Mem:          3.8G       3.7G       108M       5.7M        27M       3.3G

MemTotal:        4016004 kB
MemFree:          128748 kB
Active:           357252 kB
Mem:          3.8G       3.7G       125M       5.7M        27M       3.2G

MemTotal:        4016004 kB
MemFree:          131428 kB
Active:           357260 kB
Mem:          3.8G       3.7G       128M       5.7M        27M       3.2G

MemTotal:        4016004 kB
MemFree:          122680 kB
Active:           357272 kB
Mem:          3.8G       3.7G       119M       5.7M        27M       3.3G

MemTotal:        4016004 kB
MemFree:          125884 kB
Active:           357272 kB
Mem:          3.8G       3.7G       123M       5.7M        27M       3.2G

MemTotal:        4016004 kB
MemFree:          111696 kB
Active:           357272 kB
Mem:          3.8G       3.7G       108M       5.7M        27M       3.3G

MemTotal:        4016004 kB
MemFree:          136720 kB
Active:           354464 kB
Mem:          3.8G       3.7G       133M       5.7M        27M       3.2G

MemTotal:        4016004 kB
MemFree:          117264 kB
Active:           354308 kB
Mem:          3.8G       3.7G       114M       5.7M        27M       3.3G

MemTotal:        4016004 kB
MemFree:          109224 kB
Active:           354344 kB
Mem:          3.8G       3.7G       106M       5.7M        27M       3.3G

MemTotal:        4016004 kB
MemFree:          112228 kB
Active:           354344 kB
Mem:          3.8G       3.7G       109M       5.7M        27M       3.3G

MemTotal:        4016004 kB
MemFree:          128112 kB
Active:           354344 kB
Mem:          3.8G       3.7G       124M       5.7M        27M       3.2G

MemTotal:        4016004 kB
MemFree:          108360 kB
Active:           354344 kB
Mem:          3.8G       3.7G       105M       5.7M        27M       3.3G

MemTotal:        4016004 kB
MemFree:          136420 kB
Active:           354300 kB
Mem:          3.8G       3.7G       133M       5.7M        28M       3.2G

MemTotal:        4016004 kB
MemFree:          136408 kB
Active:           354360 kB
Mem:          3.8G       3.7G       133M       5.7M        28M       3.2G

MemTotal:        4016004 kB
MemFree:          136660 kB
Active:           354360 kB
Mem:          3.8G       3.7G       133M       5.7M        28M       3.2G

MemTotal:        4016004 kB
MemFree:          136540 kB
Active:           354388 kB
Mem:          3.8G       3.7G       133M       5.7M        28M       3.2G

MemTotal:        4016004 kB
MemFree:          124964 kB
Active:           354392 kB
Mem:          3.8G       3.7G       121M       5.7M        28M       3.2G

MemTotal:        4016004 kB
MemFree:          123396 kB
Active:           354396 kB
Mem:          3.8G       3.7G       120M       5.7M        28M       3.3G

MemTotal:        4016004 kB
MemFree:          125676 kB
Active:           354396 kB
Mem:          3.8G       3.7G       125M       5.7M        28M       3.2G

MemTotal:        4016004 kB
MemFree:          126576 kB
Active:           354396 kB
Mem:          3.8G       3.7G       123M       5.7M        28M       3.2G

MemTotal:        4016004 kB
MemFree:          114528 kB
Active:           352528 kB
Mem:          3.8G       3.7G       111M       5.7M        28M       3.3G

MemTotal:        4016004 kB
MemFree:          106496 kB
Active:           352556 kB
Mem:          3.8G       3.7G       104M       5.7M        28M       3.3G

MemTotal:        4016004 kB
MemFree:          128212 kB
Active:           352556 kB
Mem:          3.8G       3.7G       125M       5.7M        28M       3.2G

MemTotal:        4016004 kB
MemFree:          135840 kB
Active:           352544 kB
Mem:          3.8G       3.7G       132M       5.7M        28M       3.2G

MemTotal:        4016004 kB
MemFree:          130288 kB
Active:           352520 kB
Mem:          3.8G       3.7G       127M       5.7M        28M       3.2G

MemTotal:        4016004 kB
MemFree:          125424 kB
Active:           352580 kB
Mem:          3.8G       3.7G       122M       5.7M        28M       3.2G

MemTotal:        4016004 kB
MemFree:          127892 kB
Active:           352580 kB
Mem:          3.8G       3.7G       124M       5.7M        28M       3.2G

MemTotal:        4016004 kB
MemFree:          121584 kB
Active:           352584 kB
Mem:          3.8G       3.7G       118M       5.7M        28M       3.3G

MemTotal:        4016004 kB
MemFree:          119432 kB
Active:           352596 kB
Mem:          3.8G       3.7G       125M       5.7M        28M       3.2G

MemTotal:        4016004 kB
MemFree:          120976 kB
Active:           352596 kB
Mem:          3.8G       3.7G       117M       5.7M        28M       3.3G

MemTotal:        4016004 kB
MemFree:          112636 kB
Active:           352604 kB
Mem:          3.8G       3.7G       110M       5.7M        28M       3.3G

MemTotal:        4016004 kB
MemFree:          124148 kB
Active:           352604 kB
Mem:          3.8G       3.7G       120M       5.7M        28M       3.2G

MemTotal:        4016004 kB
MemFree:          124168 kB
Active:           350556 kB
Mem:          3.8G       3.7G       120M       5.7M        28M       3.2G

MemTotal:        4016004 kB
MemFree:          109624 kB
Active:           350320 kB
Mem:          3.8G       3.7G       107M       5.7M        28M       3.3G

MemTotal:        4016004 kB
MemFree:          125856 kB
Active:           350368 kB
Mem:          3.8G       3.7G       122M       5.7M        28M       3.2G

MemTotal:        4016004 kB
MemFree:          124784 kB
Active:           350372 kB
Mem:          3.8G       3.7G       121M       5.7M        28M       3.2G

MemTotal:        4016004 kB
MemFree:          125196 kB
Active:           350372 kB
Mem:          3.8G       3.7G       121M       5.7M        28M       3.2G

MemTotal:        4016004 kB
MemFree:          131152 kB
Active:           350368 kB
Mem:          3.8G       3.7G       128M       5.7M        28M       3.2G

MemTotal:        4016004 kB
MemFree:          131116 kB
Active:           350372 kB
Mem:          3.8G       3.7G       127M       5.7M        28M       3.2G

MemTotal:        4016004 kB
MemFree:          118892 kB
Active:           350400 kB
Mem:          3.8G       3.7G       115M       5.7M        28M       3.3G

MemTotal:        4016004 kB
MemFree:          109768 kB
Active:           350396 kB
Mem:          3.8G       3.7G       106M       5.7M        28M       3.3G

MemTotal:        4016004 kB
MemFree:          131984 kB
Active:           350404 kB
Mem:          3.8G       3.7G       128M       5.7M        28M       3.2G

MemTotal:        4016004 kB
MemFree:          135820 kB
Active:           350408 kB
Mem:          3.8G       3.7G       132M       5.7M        28M       3.2G

MemTotal:        4016004 kB
MemFree:          127812 kB
Active:           350372 kB
Mem:          3.8G       3.7G       124M       5.7M        28M       3.2G

MemTotal:        4016004 kB
MemFree:          129724 kB
Active:           350400 kB
Mem:          3.8G       3.7G       126M       5.7M        28M       3.2G

MemTotal:        4016004 kB
MemFree:          130072 kB
Active:           350376 kB
Mem:          3.8G       3.7G       127M       5.7M        28M       3.2G

MemTotal:        4016004 kB
MemFree:          122320 kB
Active:           349760 kB
Mem:          3.8G       3.7G       119M       5.7M        28M       3.2G

MemTotal:        4016004 kB
MemFree:          125256 kB
Active:           349708 kB
Mem:          3.8G       3.7G       122M       5.7M        28M       3.2G

MemTotal:        4016004 kB
MemFree:          128920 kB
Active:           349760 kB
Mem:          3.8G       3.7G       125M       5.7M        28M       3.2G

MemTotal:        4016004 kB
MemFree:          118332 kB
Active:           349772 kB
Mem:          3.8G       3.7G       115M       5.7M        28M       3.3G

MemTotal:        4016004 kB
MemFree:          110424 kB
Active:           349784 kB
Mem:          3.8G       3.7G       108M       5.7M        28M       3.3G

MemTotal:        4016004 kB
MemFree:          127180 kB
Active:           349788 kB
Mem:          3.8G       3.7G       124M       5.7M        28M       3.2G

MemTotal:        4016004 kB
MemFree:          119428 kB
Active:           349768 kB
Mem:          3.8G       3.7G       116M       5.7M        28M       3.3G

MemTotal:        4016004 kB
MemFree:          110876 kB
Active:           349752 kB
Mem:          3.8G       3.7G       108M       5.7M        28M       3.3G

MemTotal:        4016004 kB
MemFree:          110316 kB
Active:           349788 kB
Mem:          3.8G       3.7G       107M       5.7M        28M       3.3G

MemTotal:        4016004 kB
MemFree:          127124 kB
Active:           349760 kB
Mem:          3.8G       3.7G       123M       5.7M        28M       3.2G

MemTotal:        4016004 kB
MemFree:          126384 kB
Active:           349764 kB
Mem:          3.8G       3.7G       123M       5.7M        28M       3.2G

MemTotal:        4016004 kB
MemFree:          123700 kB
Active:           349808 kB
Mem:          3.8G       3.7G       120M       5.7M        28M       3.2G

MemTotal:        4016004 kB
MemFree:          128780 kB
Active:           349788 kB
Mem:          3.8G       3.7G       125M       5.7M        28M       3.2G

MemTotal:        4016004 kB
MemFree:          130428 kB
Active:           349812 kB
Mem:          3.8G       3.7G       127M       5.7M        28M       3.2G

MemTotal:        4016004 kB
MemFree:          118200 kB
Active:           349816 kB
Mem:          3.8G       3.7G       115M       5.7M        28M       3.3G

MemTotal:        4016004 kB
MemFree:          127564 kB
Active:           349828 kB
Mem:          3.8G       3.7G       124M       5.7M        28M       3.2G

MemTotal:        4016004 kB
MemFree:          124412 kB
Active:           348892 kB
Mem:          3.8G       3.7G       121M       5.7M        28M       3.2G

MemTotal:        4016004 kB
MemFree:          106460 kB
Active:           348904 kB
Mem:          3.8G       3.7G       103M       5.7M        28M       3.3G

MemTotal:        4016004 kB
MemFree:          128988 kB
Active:           348904 kB
Mem:          3.8G       3.7G       125M       5.7M        28M       3.2G

MemTotal:        4016004 kB
MemFree:          120948 kB
Active:           348912 kB
Mem:          3.8G       3.7G       117M       5.7M        28M       3.2G

MemTotal:        4016004 kB
MemFree:          130416 kB
Active:           348764 kB
Mem:          3.8G       3.7G       127M       5.7M        28M       3.2G

MemTotal:        4016004 kB
MemFree:          130848 kB
Active:           348552 kB
Mem:          3.8G       3.7G       127M       5.7M        28M       3.2G

MemTotal:        4016004 kB
MemFree:          130724 kB
Active:           348552 kB
Mem:          3.8G       3.7G       127M       5.7M        28M       3.2G

MemTotal:        4016004 kB
MemFree:          130848 kB
Active:           348560 kB
Mem:          3.8G       3.7G       127M       5.7M        28M       3.2G

MemTotal:        4016004 kB
MemFree:          130724 kB
Active:           348600 kB
Mem:          3.8G       3.7G       127M       5.7M        28M       3.2G

MemTotal:        4016004 kB
MemFree:          130724 kB
Active:           348592 kB
Mem:          3.8G       3.7G       127M       5.7M        28M       3.2G

MemTotal:        4016004 kB
MemFree:          130104 kB
Active:           348580 kB
Mem:          3.8G       3.7G       127M       5.7M        28M       3.2G

MemTotal:        4016004 kB
MemFree:          130600 kB
Active:           348580 kB
Mem:          3.8G       3.7G       127M       5.7M        28M       3.2G

MemTotal:        4016004 kB
MemFree:          130600 kB
Active:           348588 kB
Mem:          3.8G       3.7G       127M       5.7M        28M       3.2G

MemTotal:        4016004 kB
MemFree:          130848 kB
Active:           348572 kB
Mem:          3.8G       3.7G       127M       5.7M        28M       3.2G

MemTotal:        4016004 kB
MemFree:          130724 kB
Active:           348600 kB
Mem:          3.8G       3.7G       127M       5.7M        28M       3.2G

MemTotal:        4016004 kB
MemFree:          131344 kB
Active:           348600 kB
Mem:          3.8G       3.7G       128M       5.7M        28M       3.2G

MemTotal:        4016004 kB
MemFree:          131220 kB
Active:           348608 kB
Mem:          3.8G       3.7G       127M       5.7M        28M       3.2G

MemTotal:        4016004 kB
MemFree:          131344 kB
Active:           348576 kB
Mem:          3.8G       3.7G       128M       5.7M        28M       3.2G

MemTotal:        4016004 kB
MemFree:          131220 kB
Active:           348608 kB
Mem:          3.8G       3.7G       128M       5.7M        28M       3.2G

MemTotal:        4016004 kB
MemFree:          131344 kB
Active:           348612 kB
Mem:          3.8G       3.7G       128M       5.7M        28M       3.2G

MemTotal:        4016004 kB
MemFree:          131220 kB
Active:           348624 kB
Mem:          3.8G       3.7G       128M       5.7M        28M       3.2G

MemTotal:        4016004 kB
MemFree:          131096 kB
Active:           348628 kB
Mem:          3.8G       3.7G       128M       5.7M        28M       3.2G

MemTotal:        4016004 kB
MemFree:          131096 kB
Active:           348644 kB
Mem:          3.8G       3.7G       128M       5.7M        28M       3.2G

MemTotal:        4016004 kB
MemFree:          130972 kB
Active:           348624 kB
Mem:          3.8G       3.7G       127M       5.7M        28M       3.2G

MemTotal:        4016004 kB
MemFree:          131096 kB
Active:           348612 kB
Mem:          3.8G       3.7G       127M       5.7M        28M       3.2G

MemTotal:        4016004 kB
MemFree:          130972 kB
Active:           348620 kB
Mem:          3.8G       3.7G       127M       5.7M        28M       3.2G

MemTotal:        4016004 kB
MemFree:          131096 kB
Active:           348620 kB
Mem:          3.8G       3.7G       128M       5.7M        28M       3.2G

MemTotal:        4016004 kB
MemFree:          131096 kB
Active:           348624 kB
Mem:          3.8G       3.7G       127M       5.7M        28M       3.2G

MemTotal:        4016004 kB
MemFree:          131096 kB
Active:           348628 kB
Mem:          3.8G       3.7G       127M       5.7M        28M       3.2G

MemTotal:        4016004 kB
MemFree:          130680 kB
Active:           348632 kB
Mem:          3.8G       3.7G       127M       5.7M        28M       3.2G

MemTotal:        4016004 kB
MemFree:          130744 kB
Active:           348636 kB
Mem:          3.8G       3.7G       127M       5.7M        28M       3.2G

MemTotal:        4016004 kB
MemFree:          130500 kB
Active:           348676 kB
Mem:          3.8G       3.7G       127M       5.7M        28M       3.2G

MemTotal:        4016004 kB
MemFree:          130752 kB
Active:           348628 kB
Mem:          3.8G       3.7G       127M       5.7M        28M       3.2G

MemTotal:        4016004 kB
MemFree:          130628 kB
Active:           348632 kB
Mem:          3.8G       3.7G       127M       5.7M        28M       3.2G

MemTotal:        4016004 kB
MemFree:          131124 kB
Active:           348624 kB
Mem:          3.8G       3.7G       128M       5.7M        28M       3.2G

MemTotal:        4016004 kB
MemFree:          131248 kB
Active:           348628 kB
Mem:          3.8G       3.7G       128M       5.7M        28M       3.2G

MemTotal:        4016004 kB
MemFree:          131248 kB
Active:           348632 kB
Mem:          3.8G       3.7G       127M       5.7M        28M       3.2G

MemTotal:        4016004 kB
MemFree:          131248 kB
Active:           348684 kB
Mem:          3.8G       3.7G       128M       5.7M        28M       3.2G

MemTotal:        4016004 kB
MemFree:          131124 kB
Active:           348636 kB
Mem:          3.8G       3.7G       128M       5.7M        28M       3.2G

MemTotal:        4016004 kB
MemFree:          131124 kB
Active:           348684 kB
Mem:          3.8G       3.7G       127M       5.7M        28M       3.2G

MemTotal:        4016004 kB
MemFree:          130504 kB
Active:           348700 kB
Mem:          3.8G       3.7G       127M       5.7M        28M       3.2G

MemTotal:        4016004 kB
MemFree:          130256 kB
Active:           348684 kB
Mem:          3.8G       3.7G       127M       5.7M        28M       3.2G

MemTotal:        4016004 kB
MemFree:          130132 kB
Active:           348672 kB
