MemTotal:        4016004 kB
MemFree:         3239352 kB
Active:           423680 kB
Mem:          3.8G       758M       3.1G       5.7M        52M       322M

MemTotal:        4016004 kB
MemFree:         3238592 kB
Active:           423956 kB
Mem:          3.8G       759M       3.1G       5.7M        52M       322M

MemTotal:        4016004 kB
MemFree:         3238576 kB
Active:           424080 kB
Mem:          3.8G       759M       3.1G       5.7M        52M       322M

MemTotal:        4016004 kB
MemFree:         3238684 kB
Active:           424044 kB
Mem:          3.8G       759M       3.1G       5.7M        52M       322M

MemTotal:        4016004 kB
MemFree:         3238560 kB
Active:           424072 kB
Mem:          3.8G       759M       3.1G       5.7M        52M       322M

MemTotal:        4016004 kB
MemFree:         3237940 kB
Active:           424088 kB
Mem:          3.8G       759M       3.1G       5.7M        52M       322M

MemTotal:        4016004 kB
MemFree:         3237940 kB
Active:           424076 kB
Mem:          3.8G       759M       3.1G       5.7M        52M       322M

MemTotal:        4016004 kB
MemFree:         3237940 kB
Active:           424056 kB
Mem:          3.8G       759M       3.1G       5.7M        52M       322M

MemTotal:        4016004 kB
MemFree:         3237816 kB
Active:           424092 kB
Mem:          3.8G       760M       3.1G       5.7M        52M       322M

MemTotal:        4016004 kB
MemFree:         3237428 kB
Active:           424052 kB
Mem:          3.8G       760M       3.1G       5.7M        52M       322M

MemTotal:        4016004 kB
MemFree:         3237304 kB
Active:           424052 kB
Mem:          3.8G       760M       3.1G       5.7M        52M       322M

MemTotal:        4016004 kB
MemFree:         3237428 kB
Active:           424040 kB
Mem:          3.8G       760M       3.1G       5.7M        52M       322M

MemTotal:        4016004 kB
MemFree:         3237288 kB
Active:           424080 kB
Mem:          3.8G       760M       3.1G       5.7M        52M       322M

MemTotal:        4016004 kB
MemFree:         3237040 kB
Active:           424084 kB
Mem:          3.8G       760M       3.1G       5.7M        52M       322M

MemTotal:        4016004 kB
MemFree:         3236932 kB
Active:           424100 kB
Mem:          3.8G       760M       3.1G       5.7M        52M       322M

MemTotal:        4016004 kB
MemFree:         3236684 kB
Active:           424092 kB
Mem:          3.8G       761M       3.1G       5.7M        52M       322M

MemTotal:        4016004 kB
MemFree:         3236544 kB
Active:           424056 kB
Mem:          3.8G       761M       3.1G       5.7M        52M       322M

MemTotal:        4016004 kB
MemFree:         3236544 kB
Active:           424080 kB
Mem:          3.8G       761M       3.1G       5.7M        52M       322M

MemTotal:        4016004 kB
MemFree:         3236420 kB
Active:           424080 kB
Mem:          3.8G       761M       3.1G       5.7M        52M       322M

MemTotal:        4016004 kB
MemFree:         3236544 kB
Active:           424060 kB
Mem:          3.8G       761M       3.1G       5.7M        52M       322M

MemTotal:        4016004 kB
MemFree:         3236312 kB
Active:           424108 kB
Mem:          3.8G       761M       3.1G       5.7M        52M       322M

MemTotal:        4016004 kB
MemFree:         3236560 kB
Active:           424056 kB
Mem:          3.8G       761M       3.1G       5.7M        52M       322M

MemTotal:        4016004 kB
MemFree:         3237180 kB
Active:           424056 kB
Mem:          3.8G       760M       3.1G       5.7M        52M       322M

MemTotal:        4016004 kB
MemFree:         3235132 kB
Active:           424040 kB
Mem:          3.8G       762M       3.1G       5.7M        52M       322M

MemTotal:        4016004 kB
MemFree:         3235008 kB
Active:           426088 kB
Mem:          3.8G       762M       3.1G       5.7M        52M       322M

MemTotal:        4016004 kB
MemFree:         3234884 kB
Active:           426128 kB
Mem:          3.8G       762M       3.1G       5.7M        52M       322M

MemTotal:        4016004 kB
MemFree:         3235008 kB
Active:           426124 kB
Mem:          3.8G       762M       3.1G       5.7M        52M       322M

MemTotal:        4016004 kB
MemFree:         3235008 kB
Active:           426112 kB
Mem:          3.8G       762M       3.1G       5.7M        52M       322M

MemTotal:        4016004 kB
MemFree:         3234636 kB
Active:           426140 kB
Mem:          3.8G       762M       3.1G       5.7M        52M       322M

MemTotal:        4016004 kB
MemFree:         3235132 kB
Active:           426104 kB
Mem:          3.8G       762M       3.1G       5.7M        52M       322M

MemTotal:        4016004 kB
MemFree:         3234884 kB
Active:           426096 kB
Mem:          3.8G       762M       3.1G       5.7M        52M       322M

MemTotal:        4016004 kB
MemFree:         3234760 kB
Active:           426140 kB
Mem:          3.8G       762M       3.1G       5.7M        52M       322M

MemTotal:        4016004 kB
MemFree:         3235132 kB
Active:           426140 kB
Mem:          3.8G       762M       3.1G       5.7M        52M       322M

MemTotal:        4016004 kB
MemFree:         3235116 kB
Active:           426092 kB
Mem:          3.8G       762M       3.1G       5.7M        52M       322M

MemTotal:        4016004 kB
MemFree:         3235224 kB
Active:           426124 kB
Mem:          3.8G       762M       3.1G       5.7M        52M       322M

MemTotal:        4016004 kB
MemFree:         3235040 kB
Active:           426148 kB
Mem:          3.8G       762M       3.1G       5.7M        52M       322M

MemTotal:        4016004 kB
MemFree:         3235040 kB
Active:           426108 kB
Mem:          3.8G       762M       3.1G       5.7M        52M       322M

MemTotal:        4016004 kB
MemFree:         3234668 kB
Active:           426148 kB
Mem:          3.8G       762M       3.1G       5.7M        52M       322M

MemTotal:        4016004 kB
MemFree:         3234792 kB
Active:           426140 kB
Mem:          3.8G       763M       3.1G       5.7M        52M       322M

MemTotal:        4016004 kB
MemFree:         3234916 kB
Active:           426132 kB
Mem:          3.8G       762M       3.1G       5.7M        52M       322M

MemTotal:        4016004 kB
MemFree:         3235040 kB
Active:           426104 kB
Mem:          3.8G       763M       3.1G       5.7M        52M       322M

MemTotal:        4016004 kB
MemFree:         3235040 kB
Active:           426120 kB
Mem:          3.8G       762M       3.1G       5.7M        52M       322M

MemTotal:        4016004 kB
MemFree:         3234916 kB
Active:           426144 kB
Mem:          3.8G       762M       3.1G       5.7M        52M       322M

MemTotal:        4016004 kB
MemFree:         3234852 kB
Active:           424124 kB
Mem:          3.8G       762M       3.1G       5.7M        52M       322M

MemTotal:        4016004 kB
MemFree:         3234836 kB
Active:           426132 kB
Mem:          3.8G       762M       3.1G       5.7M        52M       322M

MemTotal:        4016004 kB
MemFree:         3234588 kB
Active:           426184 kB
Mem:          3.8G       763M       3.1G       5.7M        52M       322M

MemTotal:        4016004 kB
MemFree:         3234448 kB
Active:           426136 kB
Mem:          3.8G       763M       3.1G       5.7M        52M       322M

MemTotal:        4016004 kB
MemFree:         3234076 kB
Active:           426184 kB
Mem:          3.8G       763M       3.1G       5.7M        52M       322M

MemTotal:        4016004 kB
MemFree:         3234556 kB
Active:           426144 kB
Mem:          3.8G       763M       3.1G       5.7M        52M       322M

MemTotal:        4016004 kB
MemFree:         3234912 kB
Active:           426160 kB
Mem:          3.8G       763M       3.1G       5.7M        52M       322M

MemTotal:        4016004 kB
MemFree:         3234772 kB
Active:           426180 kB
Mem:          3.8G       762M       3.1G       5.7M        52M       322M

MemTotal:        4016004 kB
MemFree:         3234772 kB
Active:           426188 kB
Mem:          3.8G       762M       3.1G       5.7M        52M       322M

MemTotal:        4016004 kB
MemFree:         3234880 kB
Active:           426208 kB
Mem:          3.8G       762M       3.1G       5.7M        52M       322M

MemTotal:        4016004 kB
MemFree:         3234924 kB
Active:           424172 kB
Mem:          3.8G       762M       3.1G       5.7M        52M       322M

MemTotal:        4016004 kB
MemFree:         3235344 kB
Active:           426220 kB
Mem:          3.8G       762M       3.1G       5.7M        52M       322M

MemTotal:        4016004 kB
MemFree:         3235096 kB
Active:           426212 kB
Mem:          3.8G       762M       3.1G       5.7M        52M       322M

MemTotal:        4016004 kB
MemFree:         3234476 kB
Active:           426236 kB
Mem:          3.8G       762M       3.1G       5.7M        52M       322M

MemTotal:        4016004 kB
MemFree:         3234352 kB
Active:           426236 kB
Mem:          3.8G       762M       3.1G       5.7M        52M       322M

MemTotal:        4016004 kB
MemFree:         3234724 kB
Active:           426216 kB
Mem:          3.8G       763M       3.1G       5.7M        52M       322M

MemTotal:        4016004 kB
MemFree:         3234352 kB
Active:           426244 kB
Mem:          3.8G       763M       3.1G       5.7M        52M       322M

MemTotal:        4016004 kB
MemFree:         3234104 kB
Active:           426244 kB
Mem:          3.8G       763M       3.1G       5.7M        52M       322M

MemTotal:        4016004 kB
MemFree:         3234476 kB
Active:           426240 kB
Mem:          3.8G       763M       3.1G       5.7M        52M       322M

MemTotal:        4016004 kB
MemFree:         3234476 kB
Active:           426224 kB
Mem:          3.8G       763M       3.1G       5.7M        52M       322M

MemTotal:        4016004 kB
MemFree:         3234848 kB
Active:           426232 kB
Mem:          3.8G       762M       3.1G       5.7M        52M       322M

MemTotal:        4016004 kB
MemFree:         3234848 kB
Active:           426196 kB
Mem:          3.8G       763M       3.1G       5.7M        52M       322M

MemTotal:        4016004 kB
MemFree:         3234924 kB
Active:           426204 kB
Mem:          3.8G       762M       3.1G       5.7M        52M       322M

MemTotal:        4016004 kB
MemFree:         3235140 kB
Active:           426244 kB
Mem:          3.8G       762M       3.1G       5.7M        52M       322M

MemTotal:        4016004 kB
MemFree:         3234676 kB
Active:           426252 kB
Mem:          3.8G       762M       3.1G       5.7M        52M       322M

MemTotal:        4016004 kB
MemFree:         3234800 kB
Active:           426212 kB
Mem:          3.8G       762M       3.1G       5.7M        52M       322M

MemTotal:        4016004 kB
MemFree:         3234660 kB
Active:           426216 kB
Mem:          3.8G       763M       3.1G       5.7M        52M       322M

MemTotal:        4016004 kB
MemFree:         3234272 kB
Active:           426260 kB
Mem:          3.8G       763M       3.1G       5.7M        52M       322M

MemTotal:        4016004 kB
MemFree:         3234752 kB
Active:           426208 kB
Mem:          3.8G       763M       3.1G       5.7M        52M       322M

MemTotal:        4016004 kB
MemFree:         3234316 kB
Active:           424220 kB
Mem:          3.8G       763M       3.1G       5.7M        52M       322M

MemTotal:        4016004 kB
MemFree:         3234688 kB
Active:           424184 kB
Mem:          3.8G       763M       3.1G       5.7M        52M       322M

MemTotal:        4016004 kB
MemFree:         3234688 kB
Active:           424216 kB
Mem:          3.8G       762M       3.1G       5.7M        52M       322M

MemTotal:        4016004 kB
MemFree:         3234796 kB
Active:           426252 kB
Mem:          3.8G       762M       3.1G       5.7M        52M       322M

MemTotal:        4016004 kB
MemFree:         3234300 kB
Active:           426264 kB
Mem:          3.8G       763M       3.1G       5.7M        52M       322M

MemTotal:        4016004 kB
MemFree:         3234424 kB
Active:           426260 kB
Mem:          3.8G       763M       3.1G       5.7M        52M       322M

MemTotal:        4016004 kB
MemFree:         3234408 kB
Active:           426232 kB
Mem:          3.8G       763M       3.1G       5.7M        52M       322M

MemTotal:        4016004 kB
MemFree:         3234764 kB
Active:           426240 kB
Mem:          3.8G       763M       3.1G       5.7M        52M       322M

MemTotal:        4016004 kB
MemFree:         3234516 kB
Active:           426240 kB
Mem:          3.8G       763M       3.1G       5.7M        52M       322M

MemTotal:        4016004 kB
MemFree:         3234984 kB
Active:           426268 kB
Mem:          3.8G       762M       3.1G       5.7M        52M       322M

MemTotal:        4016004 kB
MemFree:         3234984 kB
Active:           426276 kB
Mem:          3.8G       762M       3.1G       5.7M        52M       322M

MemTotal:        4016004 kB
MemFree:         3234612 kB
Active:           426292 kB
Mem:          3.8G       762M       3.1G       5.7M        52M       322M

MemTotal:        4016004 kB
MemFree:         3234612 kB
Active:           426292 kB
Mem:          3.8G       762M       3.1G       5.7M        52M       322M

MemTotal:        4016004 kB
MemFree:         3234860 kB
Active:           426276 kB
Mem:          3.8G       762M       3.1G       5.7M        52M       322M

MemTotal:        4016004 kB
MemFree:         3234984 kB
Active:           426252 kB
Mem:          3.8G       762M       3.1G       5.7M        52M       322M

MemTotal:        4016004 kB
MemFree:         3235108 kB
Active:           426284 kB
Mem:          3.8G       762M       3.1G       5.7M        52M       322M

MemTotal:        4016004 kB
MemFree:         3234860 kB
Active:           426264 kB
Mem:          3.8G       762M       3.1G       5.7M        52M       322M

MemTotal:        4016004 kB
MemFree:         3234984 kB
Active:           426296 kB
Mem:          3.8G       762M       3.1G       5.7M        52M       322M

MemTotal:        4016004 kB
MemFree:         3235112 kB
Active:           426288 kB
Mem:          3.8G       762M       3.1G       5.7M        52M       322M

MemTotal:        4016004 kB
MemFree:         3234740 kB
Active:           426300 kB
Mem:          3.8G       762M       3.1G       5.7M        52M       322M

MemTotal:        4016004 kB
MemFree:         3234428 kB
Active:           424268 kB
Mem:          3.8G       762M       3.1G       5.7M        52M       322M

MemTotal:        4016004 kB
MemFree:         3234924 kB
Active:           426312 kB
Mem:          3.8G       763M       3.1G       5.7M        52M       322M

MemTotal:        4016004 kB
MemFree:         3234800 kB
Active:           426308 kB
Mem:          3.8G       763M       3.1G       5.7M        52M       322M

MemTotal:        4016004 kB
MemFree:         3234800 kB
Active:           426324 kB
Mem:          3.8G       762M       3.1G       5.7M        52M       322M

MemTotal:        4016004 kB
MemFree:         3235032 kB
Active:           426280 kB
Mem:          3.8G       762M       3.1G       5.7M        52M       322M

MemTotal:        4016004 kB
MemFree:         3235280 kB
Active:           426308 kB
Mem:          3.8G       762M       3.1G       5.7M        52M       322M

MemTotal:        4016004 kB
MemFree:         3235280 kB
Active:           426280 kB
Mem:          3.8G       762M       3.1G       5.7M        52M       322M

MemTotal:        4016004 kB
MemFree:         3235140 kB
Active:           426316 kB
Mem:          3.8G       762M       3.1G       5.7M        52M       322M

MemTotal:        4016004 kB
MemFree:         3235388 kB
Active:           426296 kB
Mem:          3.8G       762M       3.1G       5.7M        52M       322M

MemTotal:        4016004 kB
MemFree:         2827316 kB
Active:           436484 kB
Mem:          3.8G       1.1G       2.7G       5.7M        52M       703M

MemTotal:        4016004 kB
MemFree:         2778868 kB
Active:           436564 kB
Mem:          3.8G       1.2G       2.6G       5.7M        52M       749M

MemTotal:        4016004 kB
MemFree:         2734052 kB
Active:           436876 kB
Mem:          3.8G       1.2G       2.6G       5.7M        52M       792M

MemTotal:        4016004 kB
MemFree:         2690552 kB
Active:           437060 kB
Mem:          3.8G       1.3G       2.6G       5.7M        52M       832M

MemTotal:        4016004 kB
MemFree:         2643260 kB
Active:           437228 kB
Mem:          3.8G       1.3G       2.5G       5.7M        52M       877M

MemTotal:        4016004 kB
MemFree:         2596692 kB
Active:           437436 kB
Mem:          3.8G       1.4G       2.5G       5.7M        52M       922M

MemTotal:        4016004 kB
MemFree:         2553344 kB
Active:           437612 kB
Mem:          3.8G       1.4G       2.4G       5.7M        52M       962M

MemTotal:        4016004 kB
MemFree:         2516440 kB
Active:           437760 kB
Mem:          3.8G       1.4G       2.4G       5.7M        52M       997M

MemTotal:        4016004 kB
MemFree:         2476816 kB
Active:           437900 kB
Mem:          3.8G       1.5G       2.4G       5.7M        52M       1.0G

MemTotal:        4016004 kB
MemFree:         2426584 kB
Active:           438064 kB
Mem:          3.8G       1.5G       2.3G       5.7M        52M       1.1G

MemTotal:        4016004 kB
MemFree:         2383196 kB
Active:           438268 kB
Mem:          3.8G       1.6G       2.3G       5.7M        52M       1.1G

MemTotal:        4016004 kB
MemFree:         2355896 kB
Active:           438480 kB
Mem:          3.8G       1.6G       2.2G       5.7M        52M       1.1G

MemTotal:        4016004 kB
MemFree:         2328880 kB
Active:           438548 kB
Mem:          3.8G       1.6G       2.2G       5.7M        52M       1.1G

MemTotal:        4016004 kB
MemFree:         2305000 kB
Active:           438648 kB
Mem:          3.8G       1.6G       2.2G       5.7M        52M       1.2G

MemTotal:        4016004 kB
MemFree:         2208980 kB
Active:           439120 kB
Mem:          3.8G       1.7G       2.1G       5.7M        52M       1.3G

MemTotal:        4016004 kB
MemFree:         2160120 kB
Active:           439316 kB
Mem:          3.8G       1.8G       2.1G       5.7M        52M       1.3G

MemTotal:        4016004 kB
MemFree:         2130188 kB
Active:           439432 kB
Mem:          3.8G       1.8G       2.0G       5.7M        52M       1.3G

MemTotal:        4016004 kB
MemFree:         2129636 kB
Active:           439456 kB
Mem:          3.8G       1.8G       2.0G       5.7M        52M       1.3G

MemTotal:        4016004 kB
MemFree:         2129952 kB
Active:           439424 kB
Mem:          3.8G       1.8G       2.0G       5.7M        52M       1.3G

MemTotal:        4016004 kB
MemFree:         2047616 kB
Active:           439768 kB
Mem:          3.8G       1.9G       2.0G       5.7M        52M       1.4G

MemTotal:        4016004 kB
MemFree:         1979104 kB
Active:           440048 kB
Mem:          3.8G       1.9G       1.9G       5.7M        52M       1.5G

MemTotal:        4016004 kB
MemFree:         1915088 kB
Active:           440332 kB
Mem:          3.8G       2.0G       1.8G       5.7M        52M       1.5G

MemTotal:        4016004 kB
MemFree:         1860072 kB
Active:           440548 kB
Mem:          3.8G       2.1G       1.8G       5.7M        52M       1.6G

MemTotal:        4016004 kB
MemFree:         1816080 kB
Active:           440720 kB
Mem:          3.8G       2.1G       1.7G       5.7M        52M       1.6G

MemTotal:        4016004 kB
MemFree:         1798828 kB
Active:           440812 kB
Mem:          3.8G       2.1G       1.7G       5.7M        52M       1.6G

MemTotal:        4016004 kB
MemFree:         1798148 kB
Active:           440820 kB
Mem:          3.8G       2.1G       1.7G       5.7M        52M       1.6G

MemTotal:        4016004 kB
MemFree:         1798032 kB
Active:           440796 kB
Mem:          3.8G       2.1G       1.7G       5.7M        52M       1.6G

MemTotal:        4016004 kB
MemFree:         1680764 kB
Active:           441272 kB
Mem:          3.8G       2.2G       1.6G       5.7M        52M       1.7G

MemTotal:        4016004 kB
MemFree:         1621736 kB
Active:           441520 kB
Mem:          3.8G       2.3G       1.5G       5.7M        52M       1.8G

MemTotal:        4016004 kB
MemFree:         1564936 kB
Active:           441740 kB
Mem:          3.8G       2.3G       1.5G       5.7M        52M       1.9G

MemTotal:        4016004 kB
MemFree:         1507352 kB
Active:           444004 kB
Mem:          3.8G       2.4G       1.4G       5.7M        52M       1.9G

MemTotal:        4016004 kB
MemFree:         1457912 kB
Active:           448304 kB
Mem:          3.8G       2.4G       1.4G       5.7M        52M       2.0G

MemTotal:        4016004 kB
MemFree:         1448844 kB
Active:           448356 kB
Mem:          3.8G       2.4G       1.4G       5.7M        52M       2.0G

MemTotal:        4016004 kB
MemFree:         1397848 kB
Active:           448548 kB
Mem:          3.8G       2.5G       1.3G       5.7M        52M       2.0G

MemTotal:        4016004 kB
MemFree:         1335136 kB
Active:           448788 kB
Mem:          3.8G       2.6G       1.3G       5.7M        52M       2.1G

MemTotal:        4016004 kB
MemFree:         1281540 kB
Active:           449032 kB
Mem:          3.8G       2.6G       1.2G       5.7M        52M       2.1G

MemTotal:        4016004 kB
MemFree:         1234416 kB
Active:           449224 kB
Mem:          3.8G       2.7G       1.2G       5.7M        52M       2.2G

MemTotal:        4016004 kB
MemFree:         1205680 kB
Active:           449368 kB
Mem:          3.8G       2.7G       1.1G       5.7M        52M       2.2G

MemTotal:        4016004 kB
MemFree:         1194432 kB
Active:           449424 kB
Mem:          3.8G       2.7G       1.1G       5.7M        52M       2.2G

MemTotal:        4016004 kB
MemFree:         1162404 kB
Active:           449500 kB
Mem:          3.8G       2.7G       1.1G       5.7M        52M       2.2G

MemTotal:        4016004 kB
MemFree:         1054200 kB
Active:           449844 kB
Mem:          3.8G       2.8G       1.0G       5.7M        52M       2.3G

MemTotal:        4016004 kB
MemFree:         1002744 kB
Active:           450116 kB
Mem:          3.8G       2.9G       978M       5.7M        52M       2.4G

MemTotal:        4016004 kB
MemFree:          964572 kB
Active:           450268 kB
Mem:          3.8G       2.9G       941M       5.7M        52M       2.4G

MemTotal:        4016004 kB
MemFree:          943996 kB
Active:           450388 kB
Mem:          3.8G       2.9G       921M       5.7M        52M       2.4G

MemTotal:        4016004 kB
MemFree:          923108 kB
Active:           450472 kB
Mem:          3.8G       2.9G       901M       5.7M        52M       2.4G

MemTotal:        4016004 kB
MemFree:          889340 kB
Active:           450576 kB
Mem:          3.8G       3.0G       868M       5.7M        52M       2.5G

MemTotal:        4016004 kB
MemFree:          800884 kB
Active:           450824 kB
Mem:          3.8G       3.1G       781M       5.7M        52M       2.6G

MemTotal:        4016004 kB
MemFree:          732736 kB
Active:           451192 kB
Mem:          3.8G       3.1G       715M       5.7M        52M       2.6G

MemTotal:        4016004 kB
MemFree:          692668 kB
Active:           451356 kB
Mem:          3.8G       3.2G       675M       5.7M        52M       2.7G

MemTotal:        4016004 kB
MemFree:          650028 kB
Active:           451512 kB
Mem:          3.8G       3.2G       634M       5.7M        52M       2.7G

MemTotal:        4016004 kB
MemFree:          604508 kB
Active:           451680 kB
Mem:          3.8G       3.3G       589M       5.7M        52M       2.7G

MemTotal:        4016004 kB
MemFree:          555320 kB
Active:           451880 kB
Mem:          3.8G       3.3G       541M       5.7M        52M       2.8G

MemTotal:        4016004 kB
MemFree:          508028 kB
Active:           452064 kB
Mem:          3.8G       3.3G       495M       5.7M        52M       2.8G

MemTotal:        4016004 kB
MemFree:          488932 kB
Active:           452236 kB
Mem:          3.8G       3.4G       477M       5.7M        52M       2.8G

MemTotal:        4016004 kB
MemFree:          364656 kB
Active:           452536 kB
Mem:          3.8G       3.5G       355M       5.7M        52M       3.0G

MemTotal:        4016004 kB
MemFree:          301188 kB
Active:           452840 kB
Mem:          3.8G       3.5G       293M       5.7M        52M       3.0G

MemTotal:        4016004 kB
MemFree:          264684 kB
Active:           453032 kB
Mem:          3.8G       3.6G       258M       5.7M        52M       3.1G

MemTotal:        4016004 kB
MemFree:          236600 kB
Active:           453172 kB
Mem:          3.8G       3.6G       230M       5.7M        52M       3.1G

MemTotal:        4016004 kB
MemFree:          182300 kB
Active:           455296 kB
Mem:          3.8G       3.7G       177M       5.7M        52M       3.1G

MemTotal:        4016004 kB
MemFree:          141532 kB
Active:           435668 kB
Mem:          3.8G       3.7G       102M       5.7M        20M       3.2G

MemTotal:        4016004 kB
MemFree:          123592 kB
Active:           463236 kB
Mem:          3.8G       3.7G       119M       5.7M        19M       3.2G

MemTotal:        4016004 kB
MemFree:          107040 kB
Active:           485392 kB
Mem:          3.8G       3.7G       104M       5.7M        19M       3.2G

MemTotal:        4016004 kB
MemFree:          123992 kB
Active:           484808 kB
Mem:          3.8G       3.7G       120M       5.7M        19M       3.2G

MemTotal:        4016004 kB
MemFree:          130516 kB
Active:           477060 kB
Mem:          3.8G       3.7G       127M       5.7M        19M       3.2G

MemTotal:        4016004 kB
MemFree:          135064 kB
Active:           475768 kB
Mem:          3.8G       3.7G       131M       5.7M        19M       3.2G

MemTotal:        4016004 kB
MemFree:          127420 kB
Active:           474108 kB
Mem:          3.8G       3.7G       123M       5.7M        19M       3.2G

MemTotal:        4016004 kB
MemFree:          119704 kB
Active:           469580 kB
Mem:          3.8G       3.7G       116M       5.7M        19M       3.2G

MemTotal:        4016004 kB
MemFree:          108608 kB
Active:           468008 kB
Mem:          3.8G       3.7G       105M       5.7M        19M       3.2G

MemTotal:        4016004 kB
MemFree:          118372 kB
Active:           466900 kB
Mem:          3.8G       3.7G       115M       5.7M        19M       3.2G

MemTotal:        4016004 kB
MemFree:          109648 kB
Active:           466936 kB
Mem:          3.8G       3.7G       106M       5.7M        19M       3.2G

MemTotal:        4016004 kB
MemFree:          119100 kB
Active:           465480 kB
Mem:          3.8G       3.7G       116M       5.7M        19M       3.2G

MemTotal:        4016004 kB
MemFree:          117260 kB
Active:           462900 kB
Mem:          3.8G       3.7G       123M       5.7M        19M       3.2G

MemTotal:        4016004 kB
MemFree:          126688 kB
Active:           461768 kB
Mem:          3.8G       3.7G       123M       5.7M        19M       3.2G

MemTotal:        4016004 kB
MemFree:          126952 kB
Active:           460892 kB
Mem:          3.8G       3.7G       123M       5.7M        19M       3.2G

MemTotal:        4016004 kB
MemFree:          105456 kB
Active:           460908 kB
Mem:          3.8G       3.7G       102M       5.7M        19M       3.2G

MemTotal:        4016004 kB
MemFree:          112652 kB
Active:           457208 kB
Mem:          3.8G       3.7G       109M       5.7M        19M       3.2G

MemTotal:        4016004 kB
MemFree:          125076 kB
Active:           452676 kB
Mem:          3.8G       3.7G       121M       5.7M        19M       3.2G

MemTotal:        4016004 kB
MemFree:          120988 kB
Active:           450500 kB
Mem:          3.8G       3.7G       117M       5.7M        19M       3.2G

MemTotal:        4016004 kB
MemFree:          114544 kB
Active:           449536 kB
Mem:          3.8G       3.7G       111M       5.7M        19M       3.2G

MemTotal:        4016004 kB
MemFree:          141988 kB
Active:           441272 kB
Mem:          3.8G       3.7G       138M       5.7M        19M       3.2G

MemTotal:        4016004 kB
MemFree:          132160 kB
Active:           438684 kB
Mem:          3.8G       3.7G       128M       5.7M        19M       3.2G

MemTotal:        4016004 kB
MemFree:          135740 kB
Active:           437092 kB
Mem:          3.8G       3.7G       132M       5.7M        19M       3.2G

MemTotal:        4016004 kB
MemFree:          126984 kB
Active:           435580 kB
Mem:          3.8G       3.7G       122M       5.7M        19M       3.2G

MemTotal:        4016004 kB
MemFree:          143476 kB
Active:           432944 kB
Mem:          3.8G       3.7G       139M       5.7M        19M       3.2G

MemTotal:        4016004 kB
MemFree:          106036 kB
Active:           432896 kB
Mem:          3.8G       3.7G       103M       5.7M        19M       3.2G

MemTotal:        4016004 kB
MemFree:          118908 kB
Active:           431360 kB
Mem:          3.8G       3.7G       116M       5.7M        19M       3.2G

MemTotal:        4016004 kB
MemFree:          113240 kB
Active:           428208 kB
Mem:          3.8G       3.7G       110M       5.7M        19M       3.2G

MemTotal:        4016004 kB
MemFree:          140552 kB
Active:           425752 kB
Mem:          3.8G       3.7G       136M       5.7M        19M       3.2G

MemTotal:        4016004 kB
MemFree:          132064 kB
Active:           424936 kB
Mem:          3.8G       3.7G       131M       5.7M        19M       3.2G

MemTotal:        4016004 kB
MemFree:          125492 kB
Active:           424192 kB
Mem:          3.8G       3.7G       122M       5.7M        19M       3.2G

MemTotal:        4016004 kB
MemFree:          113620 kB
Active:           424260 kB
Mem:          3.8G       3.7G       110M       5.7M        19M       3.2G

MemTotal:        4016004 kB
MemFree:          135840 kB
Active:           423084 kB
Mem:          3.8G       3.7G       132M       5.7M        19M       3.2G

MemTotal:        4016004 kB
MemFree:          127884 kB
Active:           421636 kB
Mem:          3.8G       3.7G       123M       5.7M        19M       3.2G

MemTotal:        4016004 kB
MemFree:          132280 kB
Active:           419188 kB
Mem:          3.8G       3.7G       128M       5.7M        19M       3.2G

MemTotal:        4016004 kB
MemFree:          123432 kB
Active:           418428 kB
Mem:          3.8G       3.7G       120M       5.7M        19M       3.2G

MemTotal:        4016004 kB
MemFree:          128360 kB
Active:           417696 kB
Mem:          3.8G       3.7G       124M       5.7M        19M       3.2G

MemTotal:        4016004 kB
MemFree:          133460 kB
Active:           416136 kB
Mem:          3.8G       3.7G       130M       5.7M        19M       3.2G

MemTotal:        4016004 kB
MemFree:          111012 kB
Active:           416100 kB
Mem:          3.8G       3.7G       108M       5.7M        19M       3.2G

MemTotal:        4016004 kB
MemFree:          118652 kB
Active:           414148 kB
Mem:          3.8G       3.7G       115M       5.7M        19M       3.2G

MemTotal:        4016004 kB
MemFree:          135628 kB
Active:           410772 kB
Mem:          3.8G       3.7G       131M       5.7M        19M       3.2G

MemTotal:        4016004 kB
MemFree:          120372 kB
Active:           409676 kB
Mem:          3.8G       3.7G       117M       5.7M        19M       3.2G

MemTotal:        4016004 kB
MemFree:          131184 kB
Active:           409100 kB
Mem:          3.8G       3.7G       127M       5.7M        19M       3.2G

MemTotal:        4016004 kB
MemFree:          126256 kB
Active:           408216 kB
Mem:          3.8G       3.7G       122M       5.7M        19M       3.2G

MemTotal:        4016004 kB
MemFree:          131032 kB
Active:           406456 kB
Mem:          3.8G       3.7G       127M       5.7M        19M       3.2G

MemTotal:        4016004 kB
MemFree:          126020 kB
Active:           402952 kB
Mem:          3.8G       3.7G       122M       5.7M        19M       3.2G

MemTotal:        4016004 kB
MemFree:          128676 kB
Active:           401236 kB
Mem:          3.8G       3.7G       125M       5.7M        20M       3.2G

MemTotal:        4016004 kB
MemFree:          108600 kB
Active:           401280 kB
Mem:          3.8G       3.7G       105M       5.7M        20M       3.2G

MemTotal:        4016004 kB
MemFree:          139284 kB
Active:           399836 kB
Mem:          3.8G       3.7G       135M       5.7M        20M       3.2G

MemTotal:        4016004 kB
MemFree:          124952 kB
Active:           398668 kB
Mem:          3.8G       3.7G       121M       5.7M        20M       3.2G

MemTotal:        4016004 kB
MemFree:          110096 kB
Active:           398832 kB
Mem:          3.8G       3.7G       107M       5.7M        20M       3.2G

MemTotal:        4016004 kB
MemFree:          125136 kB
Active:           398532 kB
Mem:          3.8G       3.7G       121M       5.7M        20M       3.2G

MemTotal:        4016004 kB
MemFree:          143416 kB
Active:           398656 kB
Mem:          3.8G       3.7G       139M       5.7M        20M       3.2G

MemTotal:        4016004 kB
MemFree:          135028 kB
Active:           398888 kB
Mem:          3.8G       3.7G       131M       5.7M        20M       3.2G

MemTotal:        4016004 kB
MemFree:          129568 kB
Active:           399132 kB
Mem:          3.8G       3.7G       125M       5.7M        20M       3.2G

MemTotal:        4016004 kB
MemFree:          122172 kB
Active:           399276 kB
Mem:          3.8G       3.7G       118M       5.7M        20M       3.2G

MemTotal:        4016004 kB
MemFree:          112640 kB
Active:           399304 kB
Mem:          3.8G       3.7G       110M       5.7M        20M       3.2G

MemTotal:        4016004 kB
MemFree:          109856 kB
Active:           399412 kB
Mem:          3.8G       3.7G       107M       5.7M        20M       3.2G

MemTotal:        4016004 kB
MemFree:          134948 kB
Active:           399660 kB
Mem:          3.8G       3.7G       131M       5.7M        20M       3.2G

MemTotal:        4016004 kB
MemFree:          125664 kB
Active:           399968 kB
Mem:          3.8G       3.7G       121M       5.7M        20M       3.2G

MemTotal:        4016004 kB
MemFree:          110832 kB
Active:           400136 kB
Mem:          3.8G       3.7G       107M       5.7M        20M       3.2G

MemTotal:        4016004 kB
MemFree:          161756 kB
Active:           400336 kB
Mem:          3.8G       3.7G       157M       5.7M        20M       3.2G

MemTotal:        4016004 kB
MemFree:          130708 kB
Active:           400516 kB
Mem:          3.8G       3.7G       127M       5.7M        20M       3.2G

MemTotal:        4016004 kB
MemFree:          127704 kB
Active:           400676 kB
Mem:          3.8G       3.7G       124M       5.7M        20M       3.2G

MemTotal:        4016004 kB
MemFree:          122132 kB
Active:           400744 kB
Mem:          3.8G       3.7G       118M       5.7M        20M       3.2G

MemTotal:        4016004 kB
MemFree:          139168 kB
Active:           400884 kB
Mem:          3.8G       3.7G       135M       5.7M        20M       3.2G

MemTotal:        4016004 kB
MemFree:          135960 kB
Active:           401060 kB
Mem:          3.8G       3.7G       132M       5.7M        20M       3.2G

MemTotal:        4016004 kB
MemFree:          137060 kB
Active:           402052 kB
Mem:          3.8G       3.7G       133M       5.7M        20M       3.2G

MemTotal:        4016004 kB
MemFree:          125372 kB
Active:           402304 kB
Mem:          3.8G       3.7G       121M       5.7M        20M       3.2G

MemTotal:        4016004 kB
MemFree:          109992 kB
Active:           402564 kB
Mem:          3.8G       3.7G       106M       5.7M        20M       3.2G

MemTotal:        4016004 kB
MemFree:          132920 kB
Active:           402744 kB
Mem:          3.8G       3.7G       129M       5.7M        20M       3.2G

MemTotal:        4016004 kB
MemFree:          141832 kB
Active:           402836 kB
Mem:          3.8G       3.7G       138M       5.7M        20M       3.2G

MemTotal:        4016004 kB
MemFree:          121176 kB
Active:           403000 kB
Mem:          3.8G       3.7G       117M       5.7M        20M       3.2G

MemTotal:        4016004 kB
MemFree:          127388 kB
Active:           403044 kB
Mem:          3.8G       3.7G       123M       5.7M        20M       3.2G

MemTotal:        4016004 kB
MemFree:          132036 kB
Active:           403104 kB
Mem:          3.8G       3.7G       128M       5.7M        20M       3.2G

MemTotal:        4016004 kB
MemFree:          109116 kB
Active:           403376 kB
Mem:          3.8G       3.7G       106M       5.7M        20M       3.2G

MemTotal:        4016004 kB
MemFree:          148380 kB
Active:           403760 kB
Mem:          3.8G       3.7G       144M       5.7M        20M       3.2G

MemTotal:        4016004 kB
MemFree:          133644 kB
Active:           403992 kB
Mem:          3.8G       3.7G       130M       5.7M        20M       3.2G

MemTotal:        4016004 kB
MemFree:          121056 kB
Active:           404048 kB
Mem:          3.8G       3.7G       118M       5.7M        20M       3.2G

MemTotal:        4016004 kB
MemFree:          144348 kB
Active:           400508 kB
Mem:          3.8G       3.7G       140M       5.7M        20M       3.2G

MemTotal:        4016004 kB
MemFree:          108760 kB
Active:           400884 kB
Mem:          3.8G       3.7G       105M       5.7M        20M       3.2G

MemTotal:        4016004 kB
MemFree:          126340 kB
Active:           401040 kB
Mem:          3.8G       3.7G       122M       5.7M        20M       3.2G

MemTotal:        4016004 kB
MemFree:          139600 kB
Active:           401164 kB
Mem:          3.8G       3.7G       136M       5.7M        20M       3.2G

MemTotal:        4016004 kB
MemFree:          128644 kB
Active:           401316 kB
Mem:          3.8G       3.7G       125M       5.7M        20M       3.2G

MemTotal:        4016004 kB
MemFree:          117828 kB
Active:           401448 kB
Mem:          3.8G       3.7G       114M       5.7M        20M       3.2G

MemTotal:        4016004 kB
MemFree:          118960 kB
Active:           401580 kB
Mem:          3.8G       3.7G       115M       5.7M        20M       3.2G

MemTotal:        4016004 kB
MemFree:          128232 kB
Active:           399048 kB
Mem:          3.8G       3.7G       124M       5.7M        20M       3.2G

MemTotal:        4016004 kB
MemFree:          131244 kB
Active:           399052 kB
Mem:          3.8G       3.7G       127M       5.7M        20M       3.2G

MemTotal:        4016004 kB
MemFree:          127676 kB
Active:           399092 kB
Mem:          3.8G       3.7G       123M       5.7M        20M       3.2G

MemTotal:        4016004 kB
MemFree:          125076 kB
Active:           399688 kB
Mem:          3.8G       3.7G       122M       5.7M        20M       3.2G

MemTotal:        4016004 kB
MemFree:          137120 kB
Active:           399976 kB
Mem:          3.8G       3.7G       133M       5.7M        20M       3.2G

MemTotal:        4016004 kB
MemFree:          127764 kB
Active:           400156 kB
Mem:          3.8G       3.7G       124M       5.7M        20M       3.2G

MemTotal:        4016004 kB
MemFree:          113420 kB
Active:           400284 kB
Mem:          3.8G       3.7G       110M       5.7M        20M       3.2G

MemTotal:        4016004 kB
MemFree:          128856 kB
Active:           398716 kB
Mem:          3.8G       3.7G       125M       5.7M        20M       3.2G

MemTotal:        4016004 kB
MemFree:          128452 kB
Active:           398696 kB
Mem:          3.8G       3.7G       125M       5.7M        20M       3.2G

MemTotal:        4016004 kB
MemFree:          123396 kB
Active:           398936 kB
Mem:          3.8G       3.7G       119M       5.7M        20M       3.2G

MemTotal:        4016004 kB
MemFree:          123256 kB
Active:           399160 kB
Mem:          3.8G       3.7G       119M       5.7M        20M       3.2G

MemTotal:        4016004 kB
MemFree:          123548 kB
Active:           399316 kB
Mem:          3.8G       3.7G       119M       5.7M        20M       3.2G

MemTotal:        4016004 kB
MemFree:          111848 kB
Active:           399528 kB
Mem:          3.8G       3.7G       121M       5.7M        20M       3.2G

MemTotal:        4016004 kB
MemFree:          134148 kB
Active:           399960 kB
Mem:          3.8G       3.7G       130M       5.7M        20M       3.2G

MemTotal:        4016004 kB
MemFree:          136744 kB
Active:           399208 kB
Mem:          3.8G       3.7G       133M       5.7M        20M       3.2G

MemTotal:        4016004 kB
MemFree:          121132 kB
Active:           399168 kB
Mem:          3.8G       3.7G       118M       5.7M        20M       3.2G

MemTotal:        4016004 kB
MemFree:          125428 kB
Active:           399228 kB
Mem:          3.8G       3.7G       122M       5.7M        20M       3.2G

MemTotal:        4016004 kB
MemFree:          122612 kB
Active:           400632 kB
Mem:          3.8G       3.7G       119M       5.7M        20M       3.2G

MemTotal:        4016004 kB
MemFree:          113556 kB
Active:           400884 kB
Mem:          3.8G       3.7G       110M       5.7M        20M       3.2G

MemTotal:        4016004 kB
MemFree:          106468 kB
Active:           400928 kB
Mem:          3.8G       3.7G       103M       5.7M        20M       3.2G

MemTotal:        4016004 kB
MemFree:          128200 kB
Active:           401096 kB
Mem:          3.8G       3.7G       124M       5.7M        20M       3.2G

MemTotal:        4016004 kB
MemFree:          127700 kB
Active:           401140 kB
Mem:          3.8G       3.7G       124M       5.7M        20M       3.2G

MemTotal:        4016004 kB
MemFree:          144536 kB
Active:           401424 kB
Mem:          3.8G       3.7G       140M       5.7M        20M       3.2G

MemTotal:        4016004 kB
MemFree:          137224 kB
Active:           401740 kB
Mem:          3.8G       3.7G       133M       5.7M        20M       3.2G

MemTotal:        4016004 kB
MemFree:          129044 kB
Active:           401972 kB
Mem:          3.8G       3.7G       125M       5.7M        20M       3.2G

MemTotal:        4016004 kB
MemFree:          143504 kB
Active:           393256 kB
Mem:          3.8G       3.7G       139M       5.7M        20M       3.2G

MemTotal:        4016004 kB
MemFree:          142552 kB
Active:           393240 kB
Mem:          3.8G       3.7G       138M       5.7M        20M       3.2G

MemTotal:        4016004 kB
MemFree:          142528 kB
Active:           393384 kB
Mem:          3.8G       3.7G       138M       5.7M        20M       3.2G

MemTotal:        4016004 kB
MemFree:          108508 kB
Active:           393268 kB
Mem:          3.8G       3.7G       104M       5.7M        20M       3.2G

MemTotal:        4016004 kB
MemFree:          141760 kB
Active:           393916 kB
Mem:          3.8G       3.7G       138M       5.7M        20M       3.2G

MemTotal:        4016004 kB
MemFree:          106320 kB
Active:           394060 kB
Mem:          3.8G       3.7G       103M       5.7M        20M       3.2G

MemTotal:        4016004 kB
MemFree:          141420 kB
Active:           394972 kB
Mem:          3.8G       3.7G       137M       5.7M        20M       3.2G

MemTotal:        4016004 kB
MemFree:          129424 kB
Active:           400020 kB
Mem:          3.8G       3.7G       125M       5.7M        27M       3.2G

MemTotal:        4016004 kB
MemFree:          123596 kB
Active:           402124 kB
Mem:          3.8G       3.7G       120M       5.7M        27M       3.2G

MemTotal:        4016004 kB
MemFree:          107820 kB
Active:           401352 kB
Mem:          3.8G       3.7G       104M       5.7M        27M       3.2G

MemTotal:        4016004 kB
MemFree:          126148 kB
Active:           400548 kB
Mem:          3.8G       3.7G       122M       5.7M        27M       3.2G

MemTotal:        4016004 kB
MemFree:          133200 kB
Active:           400724 kB
Mem:          3.8G       3.7G       129M       5.7M        27M       3.2G

MemTotal:        4016004 kB
MemFree:          124560 kB
Active:           401116 kB
Mem:          3.8G       3.7G       121M       5.7M        27M       3.2G

MemTotal:        4016004 kB
MemFree:          126140 kB
Active:           401300 kB
Mem:          3.8G       3.7G       122M       5.7M        27M       3.2G

MemTotal:        4016004 kB
MemFree:          125748 kB
Active:           401248 kB
Mem:          3.8G       3.7G       122M       5.7M        27M       3.2G

MemTotal:        4016004 kB
MemFree:          122660 kB
Active:           401360 kB
Mem:          3.8G       3.7G       119M       5.7M        27M       3.2G

MemTotal:        4016004 kB
MemFree:          139828 kB
Active:           401776 kB
Mem:          3.8G       3.7G       135M       5.7M        27M       3.2G

MemTotal:        4016004 kB
MemFree:          142708 kB
Active:           402000 kB
Mem:          3.8G       3.7G       138M       5.7M        27M       3.2G

MemTotal:        4016004 kB
MemFree:          125564 kB
Active:           402152 kB
Mem:          3.8G       3.7G       121M       5.7M        27M       3.2G

MemTotal:        4016004 kB
MemFree:          120496 kB
Active:           400516 kB
Mem:          3.8G       3.7G       117M       5.7M        27M       3.2G

MemTotal:        4016004 kB
MemFree:          144212 kB
Active:           400640 kB
Mem:          3.8G       3.7G       140M       5.7M        27M       3.2G

MemTotal:        4016004 kB
MemFree:          127600 kB
Active:           400688 kB
Mem:          3.8G       3.7G       124M       5.7M        27M       3.2G

MemTotal:        4016004 kB
MemFree:          120520 kB
Active:           400804 kB
Mem:          3.8G       3.7G       117M       5.7M        27M       3.2G

MemTotal:        4016004 kB
MemFree:          119260 kB
Active:           401096 kB
Mem:          3.8G       3.7G       115M       5.7M        27M       3.2G

MemTotal:        4016004 kB
MemFree:          107532 kB
Active:           401372 kB
Mem:          3.8G       3.7G       104M       5.7M        27M       3.2G

MemTotal:        4016004 kB
MemFree:          126728 kB
Active:           401564 kB
Mem:          3.8G       3.7G       123M       5.7M        27M       3.2G

MemTotal:        4016004 kB
MemFree:          126212 kB
Active:           401516 kB
Mem:          3.8G       3.7G       123M       5.7M        27M       3.2G

MemTotal:        4016004 kB
MemFree:          131344 kB
Active:           401508 kB
Mem:          3.8G       3.7G       127M       5.7M        27M       3.2G

MemTotal:        4016004 kB
MemFree:          106012 kB
Active:           401912 kB
Mem:          3.8G       3.7G       102M       5.7M        27M       3.2G

MemTotal:        4016004 kB
MemFree:          131660 kB
Active:           402060 kB
Mem:          3.8G       3.7G       128M       5.7M        27M       3.2G

MemTotal:        4016004 kB
MemFree:          121368 kB
Active:           402244 kB
Mem:          3.8G       3.7G       117M       5.7M        27M       3.2G

MemTotal:        4016004 kB
MemFree:          132100 kB
Active:           402412 kB
Mem:          3.8G       3.7G       128M       5.7M        27M       3.2G

MemTotal:        4016004 kB
MemFree:          142228 kB
Active:           402576 kB
Mem:          3.8G       3.7G       138M       5.7M        27M       3.2G

MemTotal:        4016004 kB
MemFree:          113936 kB
Active:           402708 kB
Mem:          3.8G       3.7G       111M       5.7M        27M       3.2G

MemTotal:        4016004 kB
MemFree:          117288 kB
Active:           398456 kB
Mem:          3.8G       3.7G       114M       5.7M        27M       3.2G

MemTotal:        4016004 kB
MemFree:          114280 kB
Active:           398556 kB
Mem:          3.8G       3.7G       111M       5.7M        27M       3.2G

MemTotal:        4016004 kB
MemFree:          139232 kB
Active:           398800 kB
Mem:          3.8G       3.7G       135M       5.7M        27M       3.2G

MemTotal:        4016004 kB
MemFree:          130136 kB
Active:           399068 kB
Mem:          3.8G       3.7G       125M       5.7M        27M       3.2G

MemTotal:        4016004 kB
MemFree:          111216 kB
Active:           399268 kB
Mem:          3.8G       3.7G       108M       5.7M        27M       3.2G

MemTotal:        4016004 kB
MemFree:          109944 kB
Active:           399656 kB
Mem:          3.8G       3.7G       107M       5.7M        27M       3.2G

MemTotal:        4016004 kB
MemFree:          125528 kB
Active:           399980 kB
Mem:          3.8G       3.7G       121M       5.7M        27M       3.2G

MemTotal:        4016004 kB
MemFree:          129720 kB
Active:           400160 kB
Mem:          3.8G       3.7G       125M       5.7M        27M       3.2G

MemTotal:        4016004 kB
MemFree:          127848 kB
Active:           400308 kB
Mem:          3.8G       3.7G       123M       5.7M        27M       3.2G

MemTotal:        4016004 kB
MemFree:          135444 kB
Active:           400456 kB
Mem:          3.8G       3.7G       131M       5.7M        27M       3.2G

MemTotal:        4016004 kB
MemFree:          113344 kB
Active:           400568 kB
Mem:          3.8G       3.7G       110M       5.7M        27M       3.2G

MemTotal:        4016004 kB
MemFree:          123320 kB
Active:           400720 kB
Mem:          3.8G       3.7G       120M       5.7M        27M       3.2G

MemTotal:        4016004 kB
MemFree:          105192 kB
Active:           401296 kB
Mem:          3.8G       3.7G       102M       5.7M        27M       3.2G

MemTotal:        4016004 kB
MemFree:          128816 kB
Active:           399080 kB
Mem:          3.8G       3.7G       125M       5.7M        27M       3.2G

MemTotal:        4016004 kB
MemFree:          121936 kB
Active:           399648 kB
Mem:          3.8G       3.7G       118M       5.7M        27M       3.2G

MemTotal:        4016004 kB
MemFree:          136820 kB
Active:           399888 kB
Mem:          3.8G       3.7G       132M       5.7M        27M       3.2G

MemTotal:        4016004 kB
MemFree:          126792 kB
Active:           400056 kB
Mem:          3.8G       3.7G       123M       5.7M        27M       3.2G

MemTotal:        4016004 kB
MemFree:          109100 kB
Active:           400108 kB
Mem:          3.8G       3.7G       106M       5.7M        27M       3.2G

MemTotal:        4016004 kB
MemFree:          116496 kB
Active:           400252 kB
Mem:          3.8G       3.7G       113M       5.7M        27M       3.2G

MemTotal:        4016004 kB
MemFree:          106040 kB
Active:           401948 kB
Mem:          3.8G       3.7G       102M       5.7M        27M       3.2G

MemTotal:        4016004 kB
MemFree:          124008 kB
Active:           401980 kB
Mem:          3.8G       3.7G       120M       5.7M        27M       3.2G

MemTotal:        4016004 kB
MemFree:          123500 kB
Active:           402216 kB
Mem:          3.8G       3.7G       120M       5.7M        27M       3.2G

MemTotal:        4016004 kB
MemFree:          121780 kB
Active:           402240 kB
Mem:          3.8G       3.7G       118M       5.7M        27M       3.2G

MemTotal:        4016004 kB
MemFree:          121540 kB
Active:           402268 kB
Mem:          3.8G       3.7G       118M       5.7M        27M       3.2G

MemTotal:        4016004 kB
MemFree:          128296 kB
Active:           402280 kB
Mem:          3.8G       3.7G       124M       5.7M        27M       3.2G

MemTotal:        4016004 kB
MemFree:          104964 kB
Active:           402784 kB
Mem:          3.8G       3.7G       102M       5.7M        27M       3.2G

MemTotal:        4016004 kB
MemFree:          108388 kB
Active:           403036 kB
Mem:          3.8G       3.7G       105M       5.7M        27M       3.2G

MemTotal:        4016004 kB
MemFree:          136816 kB
Active:           403224 kB
Mem:          3.8G       3.7G       132M       5.7M        27M       3.2G

MemTotal:        4016004 kB
MemFree:          133104 kB
Active:           403420 kB
Mem:          3.8G       3.7G       129M       5.7M        27M       3.2G

MemTotal:        4016004 kB
MemFree:          133584 kB
Active:           403420 kB
Mem:          3.8G       3.7G       129M       5.7M        27M       3.2G

MemTotal:        4016004 kB
MemFree:          105928 kB
Active:           403536 kB
Mem:          3.8G       3.7G       102M       5.7M        27M       3.2G

MemTotal:        4016004 kB
MemFree:          127616 kB
Active:           403656 kB
Mem:          3.8G       3.7G       124M       5.7M        27M       3.2G

MemTotal:        4016004 kB
MemFree:          137384 kB
Active:           403780 kB
Mem:          3.8G       3.7G       133M       5.7M        27M       3.2G

MemTotal:        4016004 kB
MemFree:          129032 kB
Active:           404020 kB
Mem:          3.8G       3.7G       125M       5.7M        27M       3.2G

MemTotal:        4016004 kB
MemFree:          117884 kB
Active:           404240 kB
Mem:          3.8G       3.7G       114M       5.7M        27M       3.2G

MemTotal:        4016004 kB
MemFree:          138636 kB
Active:           404300 kB
Mem:          3.8G       3.7G       134M       5.7M        27M       3.2G

MemTotal:        4016004 kB
MemFree:          114620 kB
Active:           404484 kB
Mem:          3.8G       3.7G       111M       5.7M        27M       3.2G

MemTotal:        4016004 kB
MemFree:          107568 kB
Active:           404596 kB
Mem:          3.8G       3.7G       104M       5.7M        27M       3.2G

MemTotal:        4016004 kB
MemFree:          129192 kB
Active:           404816 kB
Mem:          3.8G       3.7G       125M       5.7M        27M       3.2G

MemTotal:        4016004 kB
MemFree:          116036 kB
Active:           405100 kB
Mem:          3.8G       3.7G       112M       5.7M        27M       3.2G

MemTotal:        4016004 kB
MemFree:          113348 kB
Active:           405344 kB
Mem:          3.8G       3.7G       109M       5.7M        27M       3.2G

MemTotal:        4016004 kB
MemFree:          110068 kB
Active:           405788 kB
Mem:          3.8G       3.7G       107M       5.7M        27M       3.2G

MemTotal:        4016004 kB
MemFree:          110392 kB
Active:           406032 kB
Mem:          3.8G       3.7G       107M       5.7M        27M       3.2G

MemTotal:        4016004 kB
MemFree:          116940 kB
Active:           406204 kB
Mem:          3.8G       3.7G       114M       5.7M        27M       3.2G

MemTotal:        4016004 kB
MemFree:          133436 kB
Active:           406248 kB
Mem:          3.8G       3.7G       130M       5.7M        27M       3.2G

MemTotal:        4016004 kB
MemFree:          109976 kB
Active:           406340 kB
Mem:          3.8G       3.7G       107M       5.7M        27M       3.2G

MemTotal:        4016004 kB
MemFree:          128508 kB
Active:           406560 kB
Mem:          3.8G       3.7G       125M       5.7M        27M       3.2G

MemTotal:        4016004 kB
MemFree:          138476 kB
Active:           406872 kB
Mem:          3.8G       3.7G       134M       5.7M        27M       3.2G

MemTotal:        4016004 kB
MemFree:          128816 kB
Active:           407080 kB
Mem:          3.8G       3.7G       125M       5.7M        27M       3.2G

MemTotal:        4016004 kB
MemFree:          114164 kB
Active:           407244 kB
Mem:          3.8G       3.7G       111M       5.7M        27M       3.2G

MemTotal:        4016004 kB
MemFree:          120032 kB
Active:           407360 kB
Mem:          3.8G       3.7G       116M       5.7M        27M       3.2G

MemTotal:        4016004 kB
MemFree:          123628 kB
Active:           407448 kB
Mem:          3.8G       3.7G       121M       5.7M        27M       3.2G

MemTotal:        4016004 kB
MemFree:          118740 kB
Active:           407604 kB
Mem:          3.8G       3.7G       115M       5.7M        27M       3.2G

MemTotal:        4016004 kB
MemFree:          109912 kB
Active:           407856 kB
Mem:          3.8G       3.7G       107M       5.7M        27M       3.2G

MemTotal:        4016004 kB
MemFree:          128176 kB
Active:           408076 kB
Mem:          3.8G       3.7G       124M       5.7M        27M       3.2G

MemTotal:        4016004 kB
MemFree:          137124 kB
Active:           408276 kB
Mem:          3.8G       3.7G       133M       5.7M        27M       3.2G

MemTotal:        4016004 kB
MemFree:          118052 kB
Active:           408400 kB
Mem:          3.8G       3.7G       103M       5.7M        27M       3.2G

MemTotal:        4016004 kB
MemFree:          105868 kB
Active:           408852 kB
Mem:          3.8G       3.7G       102M       5.7M        27M       3.2G

MemTotal:        4016004 kB
MemFree:          124280 kB
Active:           409084 kB
Mem:          3.8G       3.7G       120M       5.7M        27M       3.2G

MemTotal:        4016004 kB
MemFree:          116952 kB
Active:           409520 kB
Mem:          3.8G       3.7G       113M       5.7M        27M       3.2G

MemTotal:        4016004 kB
MemFree:          115320 kB
Active:           409756 kB
Mem:          3.8G       3.7G       112M       5.7M        27M       3.2G

MemTotal:        4016004 kB
MemFree:          104892 kB
Active:           409988 kB
Mem:          3.8G       3.7G       105M       5.7M        27M       3.2G

MemTotal:        4016004 kB
MemFree:          127984 kB
Active:           410180 kB
Mem:          3.8G       3.7G       124M       5.7M        27M       3.2G

MemTotal:        4016004 kB
MemFree:          116900 kB
Active:           410340 kB
Mem:          3.8G       3.7G       113M       5.7M        27M       3.2G

MemTotal:        4016004 kB
MemFree:          124080 kB
Active:           410436 kB
Mem:          3.8G       3.7G       121M       5.7M        27M       3.2G

MemTotal:        4016004 kB
MemFree:          105760 kB
Active:           410496 kB
Mem:          3.8G       3.7G       102M       5.7M        27M       3.2G

MemTotal:        4016004 kB
MemFree:          124020 kB
Active:           410492 kB
Mem:          3.8G       3.7G       120M       5.7M        27M       3.2G

MemTotal:        4016004 kB
MemFree:          120436 kB
Active:           410784 kB
Mem:          3.8G       3.7G       117M       5.7M        27M       3.2G

MemTotal:        4016004 kB
MemFree:          118452 kB
Active:           411100 kB
Mem:          3.8G       3.7G       115M       5.7M        27M       3.2G

MemTotal:        4016004 kB
MemFree:          121032 kB
Active:           411276 kB
Mem:          3.8G       3.7G       117M       5.7M        27M       3.2G

MemTotal:        4016004 kB
MemFree:          127808 kB
Active:           411348 kB
Mem:          3.8G       3.7G       124M       5.7M        27M       3.2G

MemTotal:        4016004 kB
MemFree:          126744 kB
Active:           411440 kB
Mem:          3.8G       3.7G       123M       5.7M        27M       3.2G

MemTotal:        4016004 kB
MemFree:          134452 kB
Active:           411640 kB
Mem:          3.8G       3.7G       130M       5.7M        27M       3.2G

MemTotal:        4016004 kB
MemFree:          124352 kB
Active:           411948 kB
Mem:          3.8G       3.7G       120M       5.7M        27M       3.2G

MemTotal:        4016004 kB
MemFree:          126272 kB
Active:           412104 kB
Mem:          3.8G       3.7G       122M       5.7M        27M       3.2G

MemTotal:        4016004 kB
MemFree:          120040 kB
Active:           412220 kB
Mem:          3.8G       3.7G       116M       5.7M        27M       3.2G

MemTotal:        4016004 kB
MemFree:          119732 kB
Active:           412336 kB
Mem:          3.8G       3.7G       116M       5.7M        27M       3.2G

MemTotal:        4016004 kB
MemFree:          130708 kB
Active:           412484 kB
Mem:          3.8G       3.7G       127M       5.7M        27M       3.2G

MemTotal:        4016004 kB
MemFree:          113296 kB
Active:           412780 kB
Mem:          3.8G       3.7G       110M       5.7M        27M       3.2G

MemTotal:        4016004 kB
MemFree:          126104 kB
Active:           412960 kB
Mem:          3.8G       3.7G       122M       5.7M        27M       3.2G

MemTotal:        4016004 kB
MemFree:          121480 kB
Active:           413104 kB
Mem:          3.8G       3.7G       118M       5.7M        27M       3.2G

MemTotal:        4016004 kB
MemFree:          125844 kB
Active:           413136 kB
Mem:          3.8G       3.7G       122M       5.7M        27M       3.2G

MemTotal:        4016004 kB
MemFree:          126408 kB
Active:           413264 kB
Mem:          3.8G       3.7G       123M       5.7M        27M       3.2G

MemTotal:        4016004 kB
MemFree:          123392 kB
Active:           413516 kB
Mem:          3.8G       3.7G       120M       5.7M        28M       3.2G

MemTotal:        4016004 kB
MemFree:          126152 kB
Active:           413824 kB
Mem:          3.8G       3.7G       122M       5.7M        28M       3.2G

MemTotal:        4016004 kB
MemFree:          123796 kB
Active:           413944 kB
Mem:          3.8G       3.7G       120M       5.7M        28M       3.2G

MemTotal:        4016004 kB
MemFree:          106436 kB
Active:           413984 kB
Mem:          3.8G       3.7G       103M       5.7M        28M       3.2G

MemTotal:        4016004 kB
MemFree:          124176 kB
Active:           414176 kB
Mem:          3.8G       3.7G       121M       5.7M        28M       3.2G

MemTotal:        4016004 kB
MemFree:          125168 kB
Active:           414548 kB
Mem:          3.8G       3.7G       122M       5.7M        28M       3.2G

MemTotal:        4016004 kB
MemFree:          124668 kB
Active:           414728 kB
Mem:          3.8G       3.7G       121M       5.7M        28M       3.2G

MemTotal:        4016004 kB
MemFree:          129164 kB
Active:           414908 kB
Mem:          3.8G       3.7G       125M       5.7M        28M       3.2G

MemTotal:        4016004 kB
MemFree:          130580 kB
Active:           415052 kB
Mem:          3.8G       3.7G       127M       5.7M        28M       3.2G

MemTotal:        4016004 kB
MemFree:          107892 kB
Active:           415200 kB
Mem:          3.8G       3.7G       105M       5.7M        28M       3.2G

MemTotal:        4016004 kB
MemFree:          124628 kB
Active:           415332 kB
Mem:          3.8G       3.7G       121M       5.7M        28M       3.2G

MemTotal:        4016004 kB
MemFree:          140216 kB
Active:           415476 kB
Mem:          3.8G       3.7G       136M       5.7M        28M       3.2G

MemTotal:        4016004 kB
MemFree:          126584 kB
Active:           415736 kB
Mem:          3.8G       3.7G       123M       5.7M        28M       3.2G

MemTotal:        4016004 kB
MemFree:          106372 kB
Active:           415964 kB
Mem:          3.8G       3.7G       103M       5.7M        28M       3.2G

MemTotal:        4016004 kB
MemFree:          112572 kB
Active:           416052 kB
Mem:          3.8G       3.7G       109M       5.7M        28M       3.2G

MemTotal:        4016004 kB
MemFree:          114684 kB
Active:           416140 kB
Mem:          3.8G       3.7G       111M       5.7M        28M       3.2G

MemTotal:        4016004 kB
MemFree:          139012 kB
Active:           416228 kB
Mem:          3.8G       3.7G       135M       5.7M        28M       3.2G

MemTotal:        4016004 kB
MemFree:          122080 kB
Active:           416584 kB
Mem:          3.8G       3.7G       118M       5.7M        28M       3.2G

MemTotal:        4016004 kB
MemFree:          133216 kB
Active:           416824 kB
Mem:          3.8G       3.7G       129M       5.7M        28M       3.2G

MemTotal:        4016004 kB
MemFree:          132660 kB
Active:           416912 kB
Mem:          3.8G       3.7G       129M       5.7M        28M       3.2G

MemTotal:        4016004 kB
MemFree:          130640 kB
Active:           416920 kB
Mem:          3.8G       3.7G       126M       5.7M        28M       3.2G

MemTotal:        4016004 kB
MemFree:          107484 kB
Active:           417260 kB
Mem:          3.8G       3.7G       104M       5.7M        28M       3.2G

MemTotal:        4016004 kB
MemFree:          104892 kB
Active:           417560 kB
Mem:          3.8G       3.7G       106M       5.7M        28M       3.2G

MemTotal:        4016004 kB
MemFree:          119344 kB
Active:           417756 kB
Mem:          3.8G       3.7G       116M       5.7M        28M       3.2G

MemTotal:        4016004 kB
MemFree:          109724 kB
Active:           417816 kB
Mem:          3.8G       3.7G       106M       5.7M        28M       3.2G

MemTotal:        4016004 kB
MemFree:          126060 kB
Active:           417888 kB
Mem:          3.8G       3.7G       108M       5.7M        28M       3.2G

MemTotal:        4016004 kB
MemFree:          140500 kB
Active:           418352 kB
Mem:          3.8G       3.7G       136M       5.7M        28M       3.2G

MemTotal:        4016004 kB
MemFree:          133552 kB
Active:           418576 kB
Mem:          3.8G       3.7G       129M       5.7M        28M       3.2G

MemTotal:        4016004 kB
MemFree:          123216 kB
Active:           418728 kB
Mem:          3.8G       3.7G       119M       5.7M        28M       3.2G

MemTotal:        4016004 kB
MemFree:          129596 kB
Active:           418816 kB
Mem:          3.8G       3.7G       126M       5.7M        28M       3.2G

MemTotal:        4016004 kB
MemFree:          124676 kB
Active:           419024 kB
Mem:          3.8G       3.7G       121M       5.7M        28M       3.2G

MemTotal:        4016004 kB
MemFree:          110120 kB
Active:           419236 kB
Mem:          3.8G       3.7G       107M       5.7M        28M       3.2G

MemTotal:        4016004 kB
MemFree:          127360 kB
Active:           419436 kB
Mem:          3.8G       3.7G       123M       5.7M        28M       3.2G

MemTotal:        4016004 kB
MemFree:          133836 kB
Active:           419552 kB
Mem:          3.8G       3.7G       130M       5.7M        28M       3.2G

MemTotal:        4016004 kB
MemFree:          112480 kB
Active:           419532 kB
Mem:          3.8G       3.7G       109M       5.7M        28M       3.2G

MemTotal:        4016004 kB
MemFree:          119796 kB
Active:           419776 kB
Mem:          3.8G       3.7G       115M       5.7M        28M       3.2G

MemTotal:        4016004 kB
MemFree:          123456 kB
Active:           420052 kB
Mem:          3.8G       3.7G       120M       5.7M        28M       3.2G

MemTotal:        4016004 kB
MemFree:          125460 kB
Active:           420272 kB
Mem:          3.8G       3.7G       122M       5.7M        28M       3.2G

MemTotal:        4016004 kB
MemFree:          134832 kB
Active:           420436 kB
Mem:          3.8G       3.7G       130M       5.7M        28M       3.2G

MemTotal:        4016004 kB
MemFree:          106724 kB
Active:           420612 kB
Mem:          3.8G       3.7G       103M       5.7M        28M       3.2G

MemTotal:        4016004 kB
MemFree:          132376 kB
Active:           420740 kB
Mem:          3.8G       3.7G       129M       5.7M        28M       3.2G

MemTotal:        4016004 kB
MemFree:          117108 kB
Active:           421240 kB
Mem:          3.8G       3.7G       113M       5.7M        28M       3.2G

MemTotal:        4016004 kB
MemFree:          123920 kB
Active:           421456 kB
Mem:          3.8G       3.7G       120M       5.7M        28M       3.2G

MemTotal:        4016004 kB
MemFree:          126032 kB
Active:           421596 kB
Mem:          3.8G       3.7G       122M       5.7M        28M       3.2G

MemTotal:        4016004 kB
MemFree:          108368 kB
Active:           421656 kB
Mem:          3.8G       3.7G       105M       5.7M        28M       3.2G

MemTotal:        4016004 kB
MemFree:          105876 kB
Active:           421760 kB
Mem:          3.8G       3.7G       102M       5.7M        28M       3.2G

MemTotal:        4016004 kB
MemFree:          140676 kB
Active:           422092 kB
Mem:          3.8G       3.7G       137M       5.7M        28M       3.2G

MemTotal:        4016004 kB
MemFree:          133200 kB
Active:           422364 kB
Mem:          3.8G       3.7G       129M       5.7M        28M       3.2G

MemTotal:        4016004 kB
MemFree:          108996 kB
Active:           422504 kB
Mem:          3.8G       3.7G       105M       5.7M        28M       3.2G

MemTotal:        4016004 kB
MemFree:          125488 kB
Active:           422548 kB
Mem:          3.8G       3.7G       122M       5.7M        28M       3.2G

MemTotal:        4016004 kB
MemFree:          138220 kB
Active:           422672 kB
Mem:          3.8G       3.7G       134M       5.7M        28M       3.2G

MemTotal:        4016004 kB
MemFree:          147656 kB
Active:           422896 kB
Mem:          3.8G       3.7G       142M       5.7M        28M       3.2G

MemTotal:        4016004 kB
MemFree:          138516 kB
Active:           423264 kB
Mem:          3.8G       3.7G       134M       5.7M        28M       3.2G

MemTotal:        4016004 kB
MemFree:          133860 kB
Active:           423440 kB
Mem:          3.8G       3.7G       130M       5.7M        28M       3.2G

MemTotal:        4016004 kB
MemFree:          113360 kB
Active:           423620 kB
Mem:          3.8G       3.7G       110M       5.7M        28M       3.2G

MemTotal:        4016004 kB
MemFree:          126392 kB
Active:           423724 kB
Mem:          3.8G       3.7G       122M       5.7M        28M       3.2G

MemTotal:        4016004 kB
MemFree:          128620 kB
Active:           423852 kB
Mem:          3.8G       3.7G       125M       5.7M        28M       3.2G

MemTotal:        4016004 kB
MemFree:          128512 kB
Active:           424064 kB
Mem:          3.8G       3.7G       125M       5.7M        28M       3.2G

MemTotal:        4016004 kB
MemFree:          130144 kB
Active:           424260 kB
Mem:          3.8G       3.7G       126M       5.7M        28M       3.2G

MemTotal:        4016004 kB
MemFree:          121504 kB
Active:           424428 kB
Mem:          3.8G       3.7G       118M       5.7M        28M       3.2G

MemTotal:        4016004 kB
MemFree:          113320 kB
Active:           424512 kB
Mem:          3.8G       3.7G       110M       5.7M        28M       3.2G

MemTotal:        4016004 kB
MemFree:          122856 kB
Active:           424544 kB
Mem:          3.8G       3.7G       120M       5.7M        28M       3.2G

MemTotal:        4016004 kB
MemFree:          140336 kB
Active:           424916 kB
Mem:          3.8G       3.7G       136M       5.7M        28M       3.2G

MemTotal:        4016004 kB
MemFree:          114296 kB
Active:           425140 kB
Mem:          3.8G       3.7G       111M       5.7M        28M       3.2G

MemTotal:        4016004 kB
MemFree:          129696 kB
Active:           425280 kB
Mem:          3.8G       3.7G       126M       5.7M        28M       3.2G

MemTotal:        4016004 kB
MemFree:          127512 kB
Active:           425496 kB
Mem:          3.8G       3.7G       123M       5.7M        28M       3.2G

MemTotal:        4016004 kB
MemFree:          121960 kB
Active:           425712 kB
Mem:          3.8G       3.7G       118M       5.7M        28M       3.2G

MemTotal:        4016004 kB
MemFree:          125732 kB
Active:           425880 kB
Mem:          3.8G       3.7G       122M       5.7M        28M       3.2G

MemTotal:        4016004 kB
MemFree:          122272 kB
Active:           426040 kB
Mem:          3.8G       3.7G       118M       5.7M        28M       3.2G

MemTotal:        4016004 kB
MemFree:          109764 kB
Active:           426456 kB
Mem:          3.8G       3.7G       106M       5.7M        28M       3.2G

MemTotal:        4016004 kB
MemFree:          144888 kB
Active:           426680 kB
Mem:          3.8G       3.7G       140M       5.7M        28M       3.2G

MemTotal:        4016004 kB
MemFree:          131212 kB
Active:           426884 kB
Mem:          3.8G       3.7G       127M       5.7M        28M       3.2G

MemTotal:        4016004 kB
MemFree:          111676 kB
Active:           427048 kB
Mem:          3.8G       3.7G       108M       5.7M        28M       3.2G

MemTotal:        4016004 kB
MemFree:          112140 kB
Active:           427212 kB
Mem:          3.8G       3.7G       108M       5.7M        28M       3.2G

MemTotal:        4016004 kB
MemFree:          111848 kB
Active:           427336 kB
Mem:          3.8G       3.7G       108M       5.7M        28M       3.2G

MemTotal:        4016004 kB
MemFree:          125568 kB
Active:           427488 kB
Mem:          3.8G       3.7G       122M       5.7M        28M       3.2G

MemTotal:        4016004 kB
MemFree:          122300 kB
Active:           427688 kB
Mem:          3.8G       3.7G       118M       5.7M        28M       3.2G

MemTotal:        4016004 kB
MemFree:          130216 kB
Active:           427896 kB
Mem:          3.8G       3.7G       127M       5.7M        28M       3.2G

MemTotal:        4016004 kB
MemFree:          123980 kB
Active:           428060 kB
Mem:          3.8G       3.7G       120M       5.7M        28M       3.2G

MemTotal:        4016004 kB
MemFree:          105596 kB
Active:           428152 kB
Mem:          3.8G       3.7G       102M       5.7M        28M       3.2G

MemTotal:        4016004 kB
MemFree:          122084 kB
Active:           428312 kB
Mem:          3.8G       3.7G       118M       5.7M        28M       3.2G

MemTotal:        4016004 kB
MemFree:          104380 kB
Active:           428520 kB
Mem:          3.8G       3.7G       108M       5.7M        28M       3.2G

MemTotal:        4016004 kB
MemFree:          140816 kB
Active:           428708 kB
Mem:          3.8G       3.7G       140M       5.7M        28M       3.2G

MemTotal:        4016004 kB
MemFree:          130028 kB
Active:           428904 kB
Mem:          3.8G       3.7G       131M       5.7M        28M       3.2G

MemTotal:        4016004 kB
MemFree:          126644 kB
Active:           429044 kB
Mem:          3.8G       3.7G       123M       5.7M        28M       3.2G

MemTotal:        4016004 kB
MemFree:          133064 kB
Active:           429172 kB
Mem:          3.8G       3.7G       129M       5.7M        28M       3.2G

MemTotal:        4016004 kB
MemFree:          129056 kB
Active:           429312 kB
Mem:          3.8G       3.7G       125M       5.7M        28M       3.2G

MemTotal:        4016004 kB
MemFree:          119052 kB
Active:           429536 kB
Mem:          3.8G       3.7G       115M       5.7M        28M       3.2G

MemTotal:        4016004 kB
MemFree:          108580 kB
Active:           429716 kB
Mem:          3.8G       3.7G       105M       5.7M        28M       3.2G

MemTotal:        4016004 kB
MemFree:          109876 kB
Active:           429844 kB
Mem:          3.8G       3.7G       106M       5.7M        28M       3.2G

MemTotal:        4016004 kB
MemFree:          121548 kB
Active:           429936 kB
Mem:          3.8G       3.7G       118M       5.7M        28M       3.2G

MemTotal:        4016004 kB
MemFree:          123512 kB
Active:           430068 kB
Mem:          3.8G       3.7G       120M       5.7M        28M       3.2G

MemTotal:        4016004 kB
MemFree:          120404 kB
Active:           430396 kB
Mem:          3.8G       3.7G       117M       5.7M        28M       3.2G

MemTotal:        4016004 kB
MemFree:          120840 kB
Active:           430640 kB
Mem:          3.8G       3.7G       117M       5.7M        28M       3.2G

MemTotal:        4016004 kB
MemFree:          143580 kB
Active:           430852 kB
Mem:          3.8G       3.7G       139M       5.7M        28M       3.2G

MemTotal:        4016004 kB
MemFree:          104980 kB
Active:           430996 kB
Mem:          3.8G       3.7G       105M       5.7M        28M       3.2G

MemTotal:        4016004 kB
MemFree:          124124 kB
Active:           431148 kB
Mem:          3.8G       3.7G       120M       5.7M        28M       3.2G

MemTotal:        4016004 kB
MemFree:          107284 kB
Active:           431304 kB
Mem:          3.8G       3.7G       104M       5.7M        28M       3.2G

MemTotal:        4016004 kB
MemFree:          105312 kB
Active:           431456 kB
Mem:          3.8G       3.7G       106M       5.7M        28M       3.2G

MemTotal:        4016004 kB
MemFree:          110924 kB
Active:           431644 kB
Mem:          3.8G       3.7G       107M       5.7M        28M       3.2G

MemTotal:        4016004 kB
MemFree:          125140 kB
Active:           431728 kB
Mem:          3.8G       3.7G       122M       5.7M        28M       3.2G

MemTotal:        4016004 kB
MemFree:          138520 kB
Active:           431840 kB
Mem:          3.8G       3.7G       135M       5.7M        28M       3.2G

MemTotal:        4016004 kB
MemFree:          112024 kB
Active:           432012 kB
Mem:          3.8G       3.7G       118M       5.7M        28M       3.2G

MemTotal:        4016004 kB
MemFree:          113676 kB
Active:           432260 kB
Mem:          3.8G       3.7G       110M       5.7M        28M       3.2G

MemTotal:        4016004 kB
MemFree:          137348 kB
Active:           432452 kB
Mem:          3.8G       3.7G       133M       5.7M        28M       3.2G

MemTotal:        4016004 kB
MemFree:          125164 kB
Active:           432628 kB
Mem:          3.8G       3.7G       121M       5.7M        28M       3.2G

MemTotal:        4016004 kB
MemFree:          130344 kB
Active:           432740 kB
Mem:          3.8G       3.7G       126M       5.7M        28M       3.2G

MemTotal:        4016004 kB
MemFree:          137496 kB
Active:           433012 kB
Mem:          3.8G       3.7G       134M       5.7M        28M       3.2G

MemTotal:        4016004 kB
MemFree:          131736 kB
Active:           433188 kB
Mem:          3.8G       3.7G       127M       5.7M        28M       3.2G

MemTotal:        4016004 kB
MemFree:          125572 kB
Active:           433360 kB
Mem:          3.8G       3.7G       122M       5.7M        28M       3.2G

MemTotal:        4016004 kB
MemFree:          137112 kB
Active:           433488 kB
Mem:          3.8G       3.7G       133M       5.7M        28M       3.2G

MemTotal:        4016004 kB
MemFree:          107876 kB
Active:           433604 kB
Mem:          3.8G       3.7G       105M       5.7M        28M       3.2G

MemTotal:        4016004 kB
MemFree:          126152 kB
Active:           433720 kB
Mem:          3.8G       3.7G       123M       5.7M        28M       3.2G

MemTotal:        4016004 kB
MemFree:          115672 kB
Active:           433964 kB
Mem:          3.8G       3.7G       111M       5.7M        28M       3.2G

MemTotal:        4016004 kB
MemFree:          121132 kB
Active:           434124 kB
Mem:          3.8G       3.7G       118M       5.7M        28M       3.2G

MemTotal:        4016004 kB
MemFree:          104612 kB
Active:           434276 kB
Mem:          3.8G       3.7G       106M       5.7M        28M       3.2G

MemTotal:        4016004 kB
MemFree:          126764 kB
Active:           434352 kB
Mem:          3.8G       3.7G       123M       5.7M        28M       3.2G

MemTotal:        4016004 kB
MemFree:          112260 kB
Active:           434596 kB
Mem:          3.8G       3.7G       109M       5.7M        28M       3.2G

MemTotal:        4016004 kB
MemFree:          111448 kB
Active:           434944 kB
Mem:          3.8G       3.7G       108M       5.7M        28M       3.2G

MemTotal:        4016004 kB
MemFree:          117044 kB
Active:           435136 kB
Mem:          3.8G       3.7G       114M       5.7M        28M       3.2G

MemTotal:        4016004 kB
MemFree:          116332 kB
Active:           435164 kB
Mem:          3.8G       3.7G       113M       5.7M        28M       3.2G

MemTotal:        4016004 kB
MemFree:          116400 kB
Active:           435184 kB
Mem:          3.8G       3.7G       113M       5.7M        28M       3.2G

MemTotal:        4016004 kB
MemFree:          116464 kB
Active:           435176 kB
Mem:          3.8G       3.7G       113M       5.7M        28M       3.2G

MemTotal:        4016004 kB
MemFree:          122744 kB
Active:           435600 kB
Mem:          3.8G       3.7G       119M       5.7M        28M       3.2G

MemTotal:        4016004 kB
MemFree:          126128 kB
Active:           435924 kB
Mem:          3.8G       3.7G       122M       5.7M        28M       3.2G

MemTotal:        4016004 kB
MemFree:          125824 kB
Active:           436144 kB
Mem:          3.8G       3.7G       122M       5.7M        28M       3.2G

MemTotal:        4016004 kB
MemFree:          128084 kB
Active:           436252 kB
Mem:          3.8G       3.7G       124M       5.7M        28M       3.2G

MemTotal:        4016004 kB
MemFree:          122184 kB
Active:           436396 kB
Mem:          3.8G       3.7G       118M       5.7M        28M       3.2G

MemTotal:        4016004 kB
MemFree:          115972 kB
Active:           436620 kB
Mem:          3.8G       3.7G       112M       5.7M        28M       3.2G

MemTotal:        4016004 kB
MemFree:          105692 kB
Active:           436880 kB
Mem:          3.8G       3.7G       102M       5.7M        28M       3.2G

MemTotal:        4016004 kB
MemFree:          106952 kB
Active:           437008 kB
Mem:          3.8G       3.7G       103M       5.7M        28M       3.2G

MemTotal:        4016004 kB
MemFree:          106640 kB
Active:           437168 kB
Mem:          3.8G       3.7G       103M       5.7M        28M       3.2G

MemTotal:        4016004 kB
MemFree:          125288 kB
Active:           437304 kB
Mem:          3.8G       3.7G       121M       5.7M        28M       3.2G

MemTotal:        4016004 kB
MemFree:          108432 kB
Active:           437464 kB
Mem:          3.8G       3.7G       105M       5.7M        28M       3.2G

MemTotal:        4016004 kB
MemFree:          120364 kB
Active:           437692 kB
Mem:          3.8G       3.7G       116M       5.7M        28M       3.2G

MemTotal:        4016004 kB
MemFree:          127544 kB
Active:           437880 kB
Mem:          3.8G       3.7G       123M       5.7M        28M       3.2G

MemTotal:        4016004 kB
MemFree:          125544 kB
Active:           437924 kB
Mem:          3.8G       3.7G       121M       5.7M        28M       3.2G

MemTotal:        4016004 kB
MemFree:          122924 kB
Active:           438176 kB
Mem:          3.8G       3.7G       119M       5.7M        28M       3.2G

MemTotal:        4016004 kB
MemFree:          135788 kB
Active:           438512 kB
Mem:          3.8G       3.7G       132M       5.7M        28M       3.2G

MemTotal:        4016004 kB
MemFree:          122308 kB
Active:           438740 kB
Mem:          3.8G       3.7G       119M       5.7M        28M       3.2G

MemTotal:        4016004 kB
MemFree:          122172 kB
Active:           438908 kB
Mem:          3.8G       3.7G       118M       5.7M        28M       3.2G

MemTotal:        4016004 kB
MemFree:          106264 kB
Active:           438984 kB
Mem:          3.8G       3.7G       103M       5.7M        28M       3.2G

MemTotal:        4016004 kB
MemFree:          126912 kB
Active:           439048 kB
Mem:          3.8G       3.7G       123M       5.7M        28M       3.2G

MemTotal:        4016004 kB
MemFree:          122824 kB
Active:           439212 kB
Mem:          3.8G       3.7G       119M       5.7M        28M       3.2G

MemTotal:        4016004 kB
MemFree:          141632 kB
Active:           439604 kB
Mem:          3.8G       3.7G       137M       5.7M        28M       3.1G

MemTotal:        4016004 kB
MemFree:          107352 kB
Active:           439820 kB
Mem:          3.8G       3.7G       104M       5.7M        28M       3.2G

MemTotal:        4016004 kB
MemFree:          110452 kB
Active:           439924 kB
Mem:          3.8G       3.7G       107M       5.7M        28M       3.2G

MemTotal:        4016004 kB
MemFree:          115748 kB
Active:           439992 kB
Mem:          3.8G       3.7G       112M       5.7M        28M       3.2G

MemTotal:        4016004 kB
MemFree:          107608 kB
Active:           440120 kB
Mem:          3.8G       3.7G       104M       5.7M        28M       3.2G

MemTotal:        4016004 kB
MemFree:          127368 kB
Active:           440484 kB
Mem:          3.8G       3.7G       123M       5.7M        28M       3.2G

MemTotal:        4016004 kB
MemFree:          134700 kB
Active:           440700 kB
Mem:          3.8G       3.7G       131M       5.7M        28M       3.2G

MemTotal:        4016004 kB
MemFree:          134024 kB
Active:           440784 kB
Mem:          3.8G       3.7G       130M       5.7M        28M       3.2G

MemTotal:        4016004 kB
MemFree:          124536 kB
Active:           440820 kB
Mem:          3.8G       3.7G       121M       5.7M        28M       3.2G

MemTotal:        4016004 kB
MemFree:          112612 kB
Active:           441220 kB
Mem:          3.8G       3.7G       109M       5.7M        28M       3.2G

MemTotal:        4016004 kB
MemFree:          106876 kB
Active:           441436 kB
Mem:          3.8G       3.7G       103M       5.7M        28M       3.2G

MemTotal:        4016004 kB
MemFree:          107800 kB
Active:           441692 kB
Mem:          3.8G       3.7G       105M       5.7M        28M       3.2G

MemTotal:        4016004 kB
MemFree:          111920 kB
Active:           441892 kB
Mem:          3.8G       3.7G       109M       5.7M        28M       3.2G

MemTotal:        4016004 kB
MemFree:          129344 kB
Active:           441976 kB
Mem:          3.8G       3.7G       125M       5.7M        28M       3.2G

MemTotal:        4016004 kB
MemFree:          117852 kB
Active:           442068 kB
Mem:          3.8G       3.7G       114M       5.7M        28M       3.2G

MemTotal:        4016004 kB
MemFree:          117196 kB
Active:           442200 kB
Mem:          3.8G       3.7G       113M       5.7M        28M       3.2G

MemTotal:        4016004 kB
MemFree:          108356 kB
Active:           442604 kB
Mem:          3.8G       3.7G       105M       5.7M        28M       3.2G

MemTotal:        4016004 kB
MemFree:          124832 kB
Active:           442772 kB
Mem:          3.8G       3.7G       121M       5.7M        28M       3.2G

MemTotal:        4016004 kB
MemFree:          106144 kB
Active:           442896 kB
Mem:          3.8G       3.7G       103M       5.7M        28M       3.2G

MemTotal:        4016004 kB
MemFree:          136688 kB
Active:           443076 kB
Mem:          3.8G       3.7G       133M       5.7M        28M       3.2G

MemTotal:        4016004 kB
MemFree:          127340 kB
Active:           443428 kB
Mem:          3.8G       3.7G       123M       5.7M        28M       3.2G

MemTotal:        4016004 kB
MemFree:          122656 kB
Active:           443640 kB
Mem:          3.8G       3.7G       119M       5.7M        28M       3.2G

MemTotal:        4016004 kB
MemFree:          131760 kB
Active:           443736 kB
Mem:          3.8G       3.7G       128M       5.7M        28M       3.2G

MemTotal:        4016004 kB
MemFree:          112420 kB
Active:           443820 kB
Mem:          3.8G       3.7G       109M       5.7M        28M       3.2G

MemTotal:        4016004 kB
MemFree:          117424 kB
Active:           444088 kB
Mem:          3.8G       3.7G       114M       5.7M        28M       3.2G

MemTotal:        4016004 kB
MemFree:          110376 kB
Active:           444336 kB
Mem:          3.8G       3.7G       107M       5.7M        28M       3.2G

MemTotal:        4016004 kB
MemFree:          112216 kB
Active:           444516 kB
Mem:          3.8G       3.7G       108M       5.7M        28M       3.2G

MemTotal:        4016004 kB
MemFree:          503992 kB
Active:           414660 kB
Mem:          3.8G       3.3G       514M       5.7M        28M       2.8G

MemTotal:        4016004 kB
MemFree:         1306000 kB
Active:           411184 kB
Mem:          3.8G       2.6G       1.2G       5.7M        28M       2.0G

MemTotal:        4016004 kB
MemFree:         1306380 kB
Active:           411172 kB
Mem:          3.8G       2.6G       1.2G       5.7M        28M       2.0G

MemTotal:        4016004 kB
MemFree:         3384572 kB
Active:           351880 kB
Mem:          3.8G       616M       3.2G       5.7M        28M       183M

MemTotal:        4016004 kB
MemFree:         3385192 kB
Active:           351856 kB
Mem:          3.8G       616M       3.2G       5.7M        28M       183M

MemTotal:        4016004 kB
MemFree:         3385308 kB
Active:           351872 kB
Mem:          3.8G       615M       3.2G       5.7M        28M       183M

MemTotal:        4016004 kB
MemFree:         3385432 kB
Active:           351892 kB
Mem:          3.8G       615M       3.2G       5.7M        28M       183M

MemTotal:        4016004 kB
MemFree:         3385680 kB
Active:           351892 kB
Mem:          3.8G       615M       3.2G       5.7M        28M       183M

MemTotal:        4016004 kB
MemFree:         3386052 kB
Active:           351896 kB
Mem:          3.8G       615M       3.2G       5.7M        28M       183M

MemTotal:        4016004 kB
MemFree:         3385804 kB
Active:           351860 kB
Mem:          3.8G       615M       3.2G       5.7M        28M       183M

MemTotal:        4016004 kB
MemFree:         3385556 kB
Active:           351860 kB
Mem:          3.8G       615M       3.2G       5.7M        28M       183M

MemTotal:        4016004 kB
MemFree:         3385308 kB
Active:           351908 kB
Mem:          3.8G       615M       3.2G       5.7M        28M       183M

MemTotal:        4016004 kB
MemFree:         3385556 kB
Active:           351852 kB
Mem:          3.8G       615M       3.2G       5.7M        28M       183M

MemTotal:        4016004 kB
MemFree:         3385184 kB
Active:           351908 kB
Mem:          3.8G       615M       3.2G       5.7M        28M       183M

MemTotal:        4016004 kB
MemFree:         3385680 kB
Active:           351896 kB
Mem:          3.8G       615M       3.2G       5.7M        28M       183M

MemTotal:        4016004 kB
MemFree:         3385928 kB
Active:           351868 kB
Mem:          3.8G       615M       3.2G       5.7M        28M       183M

MemTotal:        4016004 kB
MemFree:         3385928 kB
Active:           351888 kB
Mem:          3.8G       615M       3.2G       5.7M        28M       183M

MemTotal:        4016004 kB
MemFree:         3385680 kB
Active:           351872 kB
Mem:          3.8G       615M       3.2G       5.7M        28M       183M

MemTotal:        4016004 kB
MemFree:         3385432 kB
Active:           351920 kB
Mem:          3.8G       615M       3.2G       5.7M        28M       183M

MemTotal:        4016004 kB
MemFree:         3385308 kB
Active:           351920 kB
Mem:          3.8G       615M       3.2G       5.7M        28M       183M

MemTotal:        4016004 kB
MemFree:         3386052 kB
Active:           351912 kB
Mem:          3.8G       615M       3.2G       5.7M        28M       183M

MemTotal:        4016004 kB
MemFree:         3385680 kB
Active:           351920 kB
Mem:          3.8G       615M       3.2G       5.7M        28M       183M

MemTotal:        4016004 kB
MemFree:         3386052 kB
Active:           351872 kB
Mem:          3.8G       615M       3.2G       5.7M        28M       183M

MemTotal:        4016004 kB
MemFree:         3386176 kB
Active:           351924 kB
Mem:          3.8G       615M       3.2G       5.7M        28M       183M

MemTotal:        4016004 kB
MemFree:         3386424 kB
Active:           351904 kB
Mem:          3.8G       614M       3.2G       5.7M        28M       183M

MemTotal:        4016004 kB
MemFree:         3386300 kB
Active:           351892 kB
Mem:          3.8G       614M       3.2G       5.7M        28M       183M

MemTotal:        4016004 kB
MemFree:         3386300 kB
Active:           351880 kB
Mem:          3.8G       615M       3.2G       5.7M        28M       183M

MemTotal:        4016004 kB
MemFree:         3386176 kB
Active:           351904 kB
Mem:          3.8G       615M       3.2G       5.7M        28M       183M

MemTotal:        4016004 kB
MemFree:         3386548 kB
Active:           351888 kB
Mem:          3.8G       614M       3.2G       5.7M        28M       183M

MemTotal:        4016004 kB
MemFree:         3386548 kB
Active:           351932 kB
Mem:          3.8G       614M       3.2G       5.7M        28M       183M

MemTotal:        4016004 kB
MemFree:         3386052 kB
Active:           351940 kB
Mem:          3.8G       615M       3.2G       5.7M        28M       183M

MemTotal:        4016004 kB
MemFree:         3386424 kB
Active:           351908 kB
Mem:          3.8G       614M       3.2G       5.7M        28M       183M

MemTotal:        4016004 kB
MemFree:         3386300 kB
Active:           351888 kB
Mem:          3.8G       615M       3.2G       5.7M        28M       183M

MemTotal:        4016004 kB
MemFree:         3386300 kB
Active:           351916 kB
Mem:          3.8G       614M       3.2G       5.7M        28M       183M

MemTotal:        4016004 kB
MemFree:         3385680 kB
Active:           351940 kB
Mem:          3.8G       615M       3.2G       5.7M        28M       183M

MemTotal:        4016004 kB
MemFree:         3385928 kB
Active:           351904 kB
Mem:          3.8G       615M       3.2G       5.7M        28M       183M

MemTotal:        4016004 kB
MemFree:         3385928 kB
Active:           351920 kB
Mem:          3.8G       615M       3.2G       5.7M        28M       183M

MemTotal:        4016004 kB
MemFree:         3385804 kB
Active:           351944 kB
Mem:          3.8G       615M       3.2G       5.7M        28M       183M

MemTotal:        4016004 kB
MemFree:         3385804 kB
Active:           351932 kB
Mem:          3.8G       615M       3.2G       5.7M        28M       183M

MemTotal:        4016004 kB
MemFree:         3385928 kB
Active:           351904 kB
Mem:          3.8G       615M       3.2G       5.7M        28M       183M

MemTotal:        4016004 kB
MemFree:         3386176 kB
Active:           351916 kB
Mem:          3.8G       615M       3.2G       5.7M        28M       183M

MemTotal:        4016004 kB
MemFree:         3385928 kB
Active:           351896 kB
Mem:          3.8G       615M       3.2G       5.7M        28M       183M

MemTotal:        4016004 kB
MemFree:         3386052 kB
Active:           351916 kB
Mem:          3.8G       615M       3.2G       5.7M        28M       183M

MemTotal:        4016004 kB
MemFree:         3386052 kB
Active:           351920 kB
Mem:          3.8G       615M       3.2G       5.7M        28M       183M

MemTotal:        4016004 kB
MemFree:         3386052 kB
Active:           351920 kB
Mem:          3.8G       615M       3.2G       5.7M        28M       183M

MemTotal:        4016004 kB
MemFree:         3385680 kB
Active:           351932 kB
Mem:          3.8G       615M       3.2G       5.7M        28M       183M

MemTotal:        4016004 kB
MemFree:         3385432 kB
Active:           351944 kB
Mem:          3.8G       615M       3.2G       5.7M        28M       183M

MemTotal:        4016004 kB
MemFree:         3385556 kB
Active:           351920 kB
Mem:          3.8G       615M       3.2G       5.7M        28M       183M

MemTotal:        4016004 kB
MemFree:         3386052 kB
Active:           351940 kB
Mem:          3.8G       615M       3.2G       5.7M        28M       183M

MemTotal:        4016004 kB
MemFree:         3385680 kB
Active:           351976 kB
Mem:          3.8G       615M       3.2G       5.7M        28M       183M

MemTotal:        4016004 kB
MemFree:         3386052 kB
Active:           351932 kB
Mem:          3.8G       615M       3.2G       5.7M        28M       183M

MemTotal:        4016004 kB
MemFree:         3385928 kB
Active:           351972 kB
Mem:          3.8G       615M       3.2G       5.7M        28M       183M

MemTotal:        4016004 kB
MemFree:         3386052 kB
Active:           351932 kB
Mem:          3.8G       615M       3.2G       5.7M        28M       183M

MemTotal:        4016004 kB
MemFree:         3386176 kB
Active:           351964 kB
Mem:          3.8G       614M       3.2G       5.7M        28M       183M

MemTotal:        4016004 kB
MemFree:         3386176 kB
Active:           351980 kB
Mem:          3.8G       615M       3.2G       5.7M        28M       183M

MemTotal:        4016004 kB
MemFree:         3386300 kB
Active:           351944 kB
Mem:          3.8G       615M       3.2G       5.7M        28M       183M

MemTotal:        4016004 kB
MemFree:         3385928 kB
Active:           351984 kB
Mem:          3.8G       615M       3.2G       5.7M        28M       183M

MemTotal:        4016004 kB
MemFree:         3385928 kB
Active:           351972 kB
Mem:          3.8G       615M       3.2G       5.7M        28M       183M

MemTotal:        4016004 kB
MemFree:         3386176 kB
Active:           351940 kB
Mem:          3.8G       615M       3.2G       5.7M        28M       183M

MemTotal:        4016004 kB
MemFree:         3386176 kB
Active:           351976 kB
Mem:          3.8G       615M       3.2G       5.7M        28M       183M

MemTotal:        4016004 kB
MemFree:         3386176 kB
Active:           351936 kB
Mem:          3.8G       615M       3.2G       5.7M        28M       183M

MemTotal:        4016004 kB
MemFree:         3385788 kB
Active:           351996 kB
Mem:          3.8G       615M       3.2G       5.7M        28M       183M

MemTotal:        4016004 kB
MemFree:         3386300 kB
Active:           351964 kB
Mem:          3.8G       615M       3.2G       5.7M        28M       183M

MemTotal:        4016004 kB
MemFree:         3386424 kB
Active:           351996 kB
Mem:          3.8G       614M       3.2G       5.7M        28M       183M

MemTotal:        4016004 kB
MemFree:         3386052 kB
Active:           351972 kB
Mem:          3.8G       614M       3.2G       5.7M        28M       183M

MemTotal:        4016004 kB
MemFree:         3386176 kB
Active:           352004 kB
Mem:          3.8G       615M       3.2G       5.7M        28M       183M

MemTotal:        4016004 kB
MemFree:         3386176 kB
Active:           351976 kB
Mem:          3.8G       615M       3.2G       5.7M        28M       183M

MemTotal:        4016004 kB
MemFree:         3385928 kB
Active:           351988 kB
Mem:          3.8G       615M       3.2G       5.7M        28M       183M

MemTotal:        4016004 kB
MemFree:         3385928 kB
Active:           351980 kB
Mem:          3.8G       615M       3.2G       5.7M        28M       183M

MemTotal:        4016004 kB
MemFree:         3386052 kB
Active:           352008 kB
