MemTotal:        4016004 kB
MemFree:         3243964 kB
Active:           412856 kB
Mem:          3.8G       753M       3.1G       5.7M        55M       314M

MemTotal:        4016004 kB
MemFree:         3244612 kB
Active:           412776 kB
Mem:          3.8G       753M       3.1G       5.7M        55M       314M

MemTotal:        4016004 kB
MemFree:         3244364 kB
Active:           412852 kB
Mem:          3.8G       753M       3.1G       5.7M        55M       314M

MemTotal:        4016004 kB
MemFree:         3244488 kB
Active:           412836 kB
Mem:          3.8G       753M       3.1G       5.7M        55M       314M

MemTotal:        4016004 kB
MemFree:         3244720 kB
Active:           412848 kB
Mem:          3.8G       753M       3.1G       5.7M        55M       314M

MemTotal:        4016004 kB
MemFree:         3245076 kB
Active:           412800 kB
Mem:          3.8G       752M       3.1G       5.7M        55M       314M

MemTotal:        4016004 kB
MemFree:         3242516 kB
Active:           412852 kB
Mem:          3.8G       754M       3.1G       5.7M        55M       314M

MemTotal:        4016004 kB
MemFree:         3243260 kB
Active:           414860 kB
Mem:          3.8G       754M       3.1G       5.7M        55M       314M

MemTotal:        4016004 kB
MemFree:         3242748 kB
Active:           414880 kB
Mem:          3.8G       754M       3.1G       5.7M        55M       314M

MemTotal:        4016004 kB
MemFree:         3242980 kB
Active:           414872 kB
Mem:          3.8G       754M       3.1G       5.7M        55M       314M

MemTotal:        4016004 kB
MemFree:         3243104 kB
Active:           414872 kB
Mem:          3.8G       754M       3.1G       5.7M        55M       314M

MemTotal:        4016004 kB
MemFree:         3242716 kB
Active:           414888 kB
Mem:          3.8G       754M       3.1G       5.7M        55M       314M

MemTotal:        4016004 kB
MemFree:         3243196 kB
Active:           414844 kB
Mem:          3.8G       754M       3.1G       5.7M        55M       314M

MemTotal:        4016004 kB
MemFree:         3243072 kB
Active:           414860 kB
Mem:          3.8G       754M       3.1G       5.7M        55M       314M

MemTotal:        4016004 kB
MemFree:         3242808 kB
Active:           414892 kB
Mem:          3.8G       754M       3.1G       5.7M        55M       314M

MemTotal:        4016004 kB
MemFree:         3243056 kB
Active:           414868 kB
Mem:          3.8G       754M       3.1G       5.7M        55M       314M

MemTotal:        4016004 kB
MemFree:         3242948 kB
Active:           414868 kB
Mem:          3.8G       755M       3.1G       5.7M        55M       314M

MemTotal:        4016004 kB
MemFree:         3243072 kB
Active:           414880 kB
Mem:          3.8G       754M       3.1G       5.7M        55M       314M

MemTotal:        4016004 kB
MemFree:         3242948 kB
Active:           414892 kB
Mem:          3.8G       755M       3.1G       5.7M        55M       314M

MemTotal:        4016004 kB
MemFree:         3243056 kB
Active:           414868 kB
Mem:          3.8G       754M       3.1G       5.7M        55M       314M

MemTotal:        4016004 kB
MemFree:         3242792 kB
Active:           414888 kB
Mem:          3.8G       754M       3.1G       5.7M        55M       314M

MemTotal:        4016004 kB
MemFree:         3243148 kB
Active:           414888 kB
Mem:          3.8G       754M       3.1G       5.7M        55M       314M

MemTotal:        4016004 kB
MemFree:         3243272 kB
Active:           414864 kB
Mem:          3.8G       754M       3.1G       5.7M        55M       314M

MemTotal:        4016004 kB
MemFree:         3242776 kB
Active:           414900 kB
Mem:          3.8G       754M       3.1G       5.7M        55M       314M

MemTotal:        4016004 kB
MemFree:         3243024 kB
Active:           414844 kB
Mem:          3.8G       754M       3.1G       5.7M        55M       314M

MemTotal:        4016004 kB
MemFree:         3243148 kB
Active:           414856 kB
Mem:          3.8G       754M       3.1G       5.7M        55M       314M

MemTotal:        4016004 kB
MemFree:         3240588 kB
Active:           414892 kB
Mem:          3.8G       757M       3.1G       5.7M        55M       314M

MemTotal:        4016004 kB
MemFree:         3240168 kB
Active:           416896 kB
Mem:          3.8G       757M       3.1G       5.7M        55M       314M

MemTotal:        4016004 kB
MemFree:         3240416 kB
Active:           416920 kB
Mem:          3.8G       757M       3.1G       5.7M        55M       314M

MemTotal:        4016004 kB
MemFree:         3240540 kB
Active:           416932 kB
Mem:          3.8G       757M       3.1G       5.7M        55M       314M

MemTotal:        4016004 kB
MemFree:         3240044 kB
Active:           416944 kB
Mem:          3.8G       757M       3.1G       5.7M        55M       314M

MemTotal:        4016004 kB
MemFree:         3240664 kB
Active:           416932 kB
Mem:          3.8G       757M       3.1G       5.7M        55M       314M

MemTotal:        4016004 kB
MemFree:         3240044 kB
Active:           416944 kB
Mem:          3.8G       757M       3.1G       5.7M        55M       314M

MemTotal:        4016004 kB
MemFree:         3240540 kB
Active:           416940 kB
Mem:          3.8G       757M       3.1G       5.7M        55M       314M

MemTotal:        4016004 kB
MemFree:         3240664 kB
Active:           416892 kB
Mem:          3.8G       757M       3.1G       5.7M        55M       314M

MemTotal:        4016004 kB
MemFree:         3240540 kB
Active:           416940 kB
Mem:          3.8G       757M       3.1G       5.7M        55M       314M

MemTotal:        4016004 kB
MemFree:         3240884 kB
Active:           416952 kB
Mem:          3.8G       756M       3.1G       5.7M        55M       314M

MemTotal:        4016004 kB
MemFree:         3240760 kB
Active:           416912 kB
Mem:          3.8G       757M       3.1G       5.7M        55M       314M

MemTotal:        4016004 kB
MemFree:         3240760 kB
Active:           416928 kB
Mem:          3.8G       757M       3.1G       5.7M        55M       314M

MemTotal:        4016004 kB
MemFree:         3240884 kB
Active:           416912 kB
Mem:          3.8G       756M       3.1G       5.7M        55M       314M

MemTotal:        4016004 kB
MemFree:         3240884 kB
Active:           416936 kB
Mem:          3.8G       757M       3.1G       5.7M        55M       314M

MemTotal:        4016004 kB
MemFree:         3240636 kB
Active:           416916 kB
Mem:          3.8G       757M       3.1G       5.7M        55M       314M

MemTotal:        4016004 kB
MemFree:         3240636 kB
Active:           416924 kB
Mem:          3.8G       757M       3.1G       5.7M        55M       314M

MemTotal:        4016004 kB
MemFree:         3240620 kB
Active:           416940 kB
Mem:          3.8G       756M       3.1G       5.7M        55M       314M

MemTotal:        4016004 kB
MemFree:         3240976 kB
Active:           416956 kB
Mem:          3.8G       756M       3.1G       5.7M        55M       314M

MemTotal:        4016004 kB
MemFree:         3240976 kB
Active:           416924 kB
Mem:          3.8G       756M       3.1G       5.7M        55M       314M

MemTotal:        4016004 kB
MemFree:         3240852 kB
Active:           416956 kB
Mem:          3.8G       757M       3.1G       5.7M        55M       314M

MemTotal:        4016004 kB
MemFree:         3240960 kB
Active:           416944 kB
Mem:          3.8G       757M       3.1G       5.7M        55M       314M

MemTotal:        4016004 kB
MemFree:         3240696 kB
Active:           416944 kB
Mem:          3.8G       757M       3.1G       5.7M        55M       314M

MemTotal:        4016004 kB
MemFree:         3240820 kB
Active:           416932 kB
Mem:          3.8G       757M       3.1G       5.7M        55M       314M

MemTotal:        4016004 kB
MemFree:         3240680 kB
Active:           416936 kB
Mem:          3.8G       757M       3.1G       5.7M        55M       314M

MemTotal:        4016004 kB
MemFree:         3240680 kB
Active:           416928 kB
Mem:          3.8G       757M       3.1G       5.7M        55M       314M

MemTotal:        4016004 kB
MemFree:         3240556 kB
Active:           417004 kB
Mem:          3.8G       757M       3.1G       5.7M        55M       314M

MemTotal:        4016004 kB
MemFree:         3241052 kB
Active:           416972 kB
Mem:          3.8G       756M       3.1G       5.7M        55M       314M

MemTotal:        4016004 kB
MemFree:         3240912 kB
Active:           416988 kB
Mem:          3.8G       756M       3.1G       5.7M        55M       314M

MemTotal:        4016004 kB
MemFree:         3240912 kB
Active:           416984 kB
Mem:          3.8G       757M       3.1G       5.7M        55M       314M

MemTotal:        4016004 kB
MemFree:         3240648 kB
Active:           416992 kB
Mem:          3.8G       757M       3.1G       5.7M        55M       314M

MemTotal:        4016004 kB
MemFree:         3240756 kB
Active:           416956 kB
Mem:          3.8G       757M       3.1G       5.7M        55M       314M

MemTotal:        4016004 kB
MemFree:         3240260 kB
Active:           417008 kB
Mem:          3.8G       757M       3.1G       5.7M        55M       314M

MemTotal:        4016004 kB
MemFree:         3240244 kB
Active:           416992 kB
Mem:          3.8G       757M       3.1G       5.7M        55M       314M

MemTotal:        4016004 kB
MemFree:         3240492 kB
Active:           417004 kB
Mem:          3.8G       757M       3.1G       5.7M        55M       314M

MemTotal:        4016004 kB
MemFree:         3240724 kB
Active:           416968 kB
Mem:          3.8G       757M       3.1G       5.7M        55M       314M

MemTotal:        4016004 kB
MemFree:         3240600 kB
Active:           416972 kB
Mem:          3.8G       757M       3.1G       5.7M        55M       314M

MemTotal:        4016004 kB
MemFree:         3240724 kB
Active:           417004 kB
Mem:          3.8G       757M       3.1G       5.7M        55M       314M

MemTotal:        4016004 kB
MemFree:         3240788 kB
Active:           417008 kB
Mem:          3.8G       757M       3.1G       5.7M        55M       314M

MemTotal:        4016004 kB
MemFree:         3240912 kB
Active:           417012 kB
Mem:          3.8G       757M       3.1G       5.7M        55M       314M

MemTotal:        4016004 kB
MemFree:         3240912 kB
Active:           417000 kB
Mem:          3.8G       757M       3.1G       5.7M        55M       314M

MemTotal:        4016004 kB
MemFree:         3240664 kB
Active:           417004 kB
Mem:          3.8G       757M       3.1G       5.7M        55M       314M

MemTotal:        4016004 kB
MemFree:         3240788 kB
Active:           417000 kB
Mem:          3.8G       756M       3.1G       5.7M        55M       314M

MemTotal:        4016004 kB
MemFree:         3240912 kB
Active:           417004 kB
Mem:          3.8G       757M       3.1G       5.7M        55M       314M

MemTotal:        4016004 kB
MemFree:         3240912 kB
Active:           417000 kB
Mem:          3.8G       757M       3.1G       5.7M        55M       314M

MemTotal:        4016004 kB
MemFree:         3240788 kB
Active:           417004 kB
Mem:          3.8G       757M       3.1G       5.7M        55M       314M

MemTotal:        4016004 kB
MemFree:         3240788 kB
Active:           417016 kB
Mem:          3.8G       757M       3.1G       5.7M        55M       314M

MemTotal:        4016004 kB
MemFree:         3240416 kB
Active:           417028 kB
Mem:          3.8G       757M       3.1G       5.7M        55M       314M

MemTotal:        4016004 kB
MemFree:         3241036 kB
Active:           417000 kB
Mem:          3.8G       756M       3.1G       5.7M        55M       314M

MemTotal:        4016004 kB
MemFree:         3241160 kB
Active:           417016 kB
Mem:          3.8G       756M       3.1G       5.7M        55M       314M

MemTotal:        4016004 kB
MemFree:         3240664 kB
Active:           417032 kB
Mem:          3.8G       756M       3.1G       5.7M        55M       314M

MemTotal:        4016004 kB
MemFree:         3241036 kB
Active:           417004 kB
Mem:          3.8G       756M       3.1G       5.7M        55M       314M

MemTotal:        4016004 kB
MemFree:         3240912 kB
Active:           417028 kB
Mem:          3.8G       756M       3.1G       5.7M        55M       314M

MemTotal:        4016004 kB
MemFree:         3240912 kB
Active:           417000 kB
Mem:          3.8G       756M       3.1G       5.7M        55M       314M

MemTotal:        4016004 kB
MemFree:         3240912 kB
Active:           417000 kB
Mem:          3.8G       756M       3.1G       5.7M        55M       314M

MemTotal:        4016004 kB
MemFree:         3240912 kB
Active:           416992 kB
Mem:          3.8G       757M       3.1G       5.7M        55M       314M

MemTotal:        4016004 kB
MemFree:         3240788 kB
Active:           417048 kB
Mem:          3.8G       756M       3.1G       5.7M        55M       314M

MemTotal:        4016004 kB
MemFree:         3241160 kB
Active:           417044 kB
Mem:          3.8G       756M       3.1G       5.7M        55M       314M

MemTotal:        4016004 kB
MemFree:         3241160 kB
Active:           417040 kB
Mem:          3.8G       756M       3.1G       5.7M        55M       314M

MemTotal:        4016004 kB
MemFree:         3241428 kB
Active:           417008 kB
Mem:          3.8G       756M       3.1G       5.7M        55M       314M

MemTotal:        4016004 kB
MemFree:         3240612 kB
Active:           415012 kB
Mem:          3.8G       757M       3.1G       5.7M        55M       314M

MemTotal:        4016004 kB
MemFree:         3240496 kB
Active:           417060 kB
Mem:          3.8G       757M       3.1G       5.7M        55M       314M

MemTotal:        4016004 kB
MemFree:         3240868 kB
Active:           417064 kB
Mem:          3.8G       757M       3.1G       5.7M        55M       314M

MemTotal:        4016004 kB
MemFree:         3240868 kB
Active:           417064 kB
Mem:          3.8G       756M       3.1G       5.7M        55M       314M

MemTotal:        4016004 kB
MemFree:         3240712 kB
Active:           417068 kB
Mem:          3.8G       757M       3.1G       5.7M        55M       314M

MemTotal:        4016004 kB
MemFree:         3240820 kB
Active:           417084 kB
Mem:          3.8G       757M       3.1G       5.7M        55M       314M

MemTotal:        4016004 kB
MemFree:         3240804 kB
Active:           417040 kB
Mem:          3.8G       757M       3.1G       5.7M        55M       314M

MemTotal:        4016004 kB
MemFree:         3240664 kB
Active:           417056 kB
Mem:          3.8G       757M       3.1G       5.7M        55M       314M

MemTotal:        4016004 kB
MemFree:         3240664 kB
Active:           417076 kB
Mem:          3.8G       757M       3.1G       5.7M        55M       314M

MemTotal:        4016004 kB
MemFree:         3240648 kB
Active:           417032 kB
Mem:          3.8G       757M       3.1G       5.7M        55M       314M

MemTotal:        4016004 kB
MemFree:         3240384 kB
Active:           417088 kB
Mem:          3.8G       757M       3.1G       5.7M        55M       314M

MemTotal:        4016004 kB
MemFree:         3240756 kB
Active:           417084 kB
Mem:          3.8G       757M       3.1G       5.7M        55M       314M

MemTotal:        4016004 kB
MemFree:         3241112 kB
Active:           417088 kB
Mem:          3.8G       757M       3.1G       5.7M        55M       314M

MemTotal:        4016004 kB
MemFree:         3240600 kB
Active:           417096 kB
Mem:          3.8G       757M       3.1G       5.7M        55M       314M

MemTotal:        4016004 kB
MemFree:         3240196 kB
Active:           417236 kB
Mem:          3.8G       758M       3.1G       5.7M        55M       314M

MemTotal:        4016004 kB
MemFree:         3197948 kB
Active:           417812 kB
Mem:          3.8G       799M       3.0G       5.7M        55M       355M

MemTotal:        4016004 kB
MemFree:         3153832 kB
Active:           417880 kB
Mem:          3.8G       843M       3.0G       5.7M        55M       398M

MemTotal:        4016004 kB
MemFree:         3108600 kB
Active:           417876 kB
Mem:          3.8G       887M       3.0G       5.7M        55M       441M

MemTotal:        4016004 kB
MemFree:         3063724 kB
Active:           417908 kB
Mem:          3.8G       930M       2.9G       5.7M        55M       484M

MemTotal:        4016004 kB
MemFree:         3019360 kB
Active:           417904 kB
Mem:          3.8G       974M       2.9G       5.7M        55M       527M

MemTotal:        4016004 kB
MemFree:         2974748 kB
Active:           417960 kB
Mem:          3.8G       1.0G       2.8G       5.7M        55M       569M

MemTotal:        4016004 kB
MemFree:         2930384 kB
Active:           418000 kB
Mem:          3.8G       1.0G       2.8G       5.7M        55M       613M

MemTotal:        4016004 kB
MemFree:         2885772 kB
Active:           417992 kB
Mem:          3.8G       1.1G       2.8G       5.7M        55M       654M

MemTotal:        4016004 kB
MemFree:         2841884 kB
Active:           418008 kB
Mem:          3.8G       1.1G       2.7G       5.7M        55M       697M

MemTotal:        4016004 kB
MemFree:         2797616 kB
Active:           418016 kB
Mem:          3.8G       1.2G       2.7G       5.7M        55M       740M

MemTotal:        4016004 kB
MemFree:         2753372 kB
Active:           418036 kB
Mem:          3.8G       1.2G       2.6G       5.7M        55M       781M

MemTotal:        4016004 kB
MemFree:         2729736 kB
Active:           418084 kB
Mem:          3.8G       1.2G       2.6G       5.7M        55M       804M

MemTotal:        4016004 kB
MemFree:         2685620 kB
Active:           418100 kB
Mem:          3.8G       1.3G       2.6G       5.7M        55M       846M

MemTotal:        4016004 kB
MemFree:         2684564 kB
Active:           418140 kB
Mem:          3.8G       1.3G       2.6G       5.7M        55M       847M

MemTotal:        4016004 kB
MemFree:         2680960 kB
Active:           418184 kB
Mem:          3.8G       1.3G       2.6G       5.7M        55M       851M

MemTotal:        4016004 kB
MemFree:         2635636 kB
Active:           418192 kB
Mem:          3.8G       1.3G       2.5G       5.7M        55M       892M

MemTotal:        4016004 kB
MemFree:         2635300 kB
Active:           420188 kB
Mem:          3.8G       1.3G       2.5G       5.7M        55M       892M

MemTotal:        4016004 kB
MemFree:         2598952 kB
Active:           420192 kB
Mem:          3.8G       1.4G       2.5G       5.7M        55M       929M

MemTotal:        4016004 kB
MemFree:         2554464 kB
Active:           420264 kB
Mem:          3.8G       1.4G       2.4G       5.7M        55M       971M

MemTotal:        4016004 kB
MemFree:         2510100 kB
Active:           420272 kB
Mem:          3.8G       1.4G       2.4G       5.7M        55M       1.0G

MemTotal:        4016004 kB
MemFree:         2465720 kB
Active:           420292 kB
Mem:          3.8G       1.5G       2.3G       5.7M        55M       1.0G

MemTotal:        4016004 kB
MemFree:         2420488 kB
Active:           420312 kB
Mem:          3.8G       1.5G       2.3G       5.7M        55M       1.1G

MemTotal:        4016004 kB
MemFree:         2376620 kB
Active:           420332 kB
Mem:          3.8G       1.6G       2.3G       5.7M        55M       1.1G

MemTotal:        4016004 kB
MemFree:         2331636 kB
Active:           420336 kB
Mem:          3.8G       1.6G       2.2G       5.7M        55M       1.2G

MemTotal:        4016004 kB
MemFree:         2288168 kB
Active:           420396 kB
Mem:          3.8G       1.6G       2.2G       5.7M        55M       1.2G

MemTotal:        4016004 kB
MemFree:         2243944 kB
Active:           420384 kB
Mem:          3.8G       1.7G       2.1G       5.7M        55M       1.2G

MemTotal:        4016004 kB
MemFree:         2230024 kB
Active:           420444 kB
Mem:          3.8G       1.7G       2.1G       5.7M        55M       1.3G

MemTotal:        4016004 kB
MemFree:         2228216 kB
Active:           420464 kB
Mem:          3.8G       1.7G       2.1G       5.7M        55M       1.3G

MemTotal:        4016004 kB
MemFree:         2201020 kB
Active:           420432 kB
Mem:          3.8G       1.7G       2.1G       5.7M        55M       1.3G

MemTotal:        4016004 kB
MemFree:         2156304 kB
Active:           420456 kB
Mem:          3.8G       1.8G       2.1G       5.7M        55M       1.3G

MemTotal:        4016004 kB
MemFree:         2111868 kB
Active:           420528 kB
Mem:          3.8G       1.8G       2.0G       5.7M        55M       1.4G

MemTotal:        4016004 kB
MemFree:         2067256 kB
Active:           420504 kB
Mem:          3.8G       1.9G       2.0G       5.7M        55M       1.4G

MemTotal:        4016004 kB
MemFree:         2023016 kB
Active:           420580 kB
Mem:          3.8G       1.9G       1.9G       5.7M        55M       1.4G

MemTotal:        4016004 kB
MemFree:         1978388 kB
Active:           420584 kB
Mem:          3.8G       1.9G       1.9G       5.7M        55M       1.5G

MemTotal:        4016004 kB
MemFree:         1933528 kB
Active:           420588 kB
Mem:          3.8G       2.0G       1.8G       5.7M        55M       1.5G

MemTotal:        4016004 kB
MemFree:         1889412 kB
Active:           420648 kB
Mem:          3.8G       2.0G       1.8G       5.7M        55M       1.6G

MemTotal:        4016004 kB
MemFree:         1844828 kB
Active:           420648 kB
Mem:          3.8G       2.1G       1.8G       5.7M        55M       1.6G

MemTotal:        4016004 kB
MemFree:         1800252 kB
Active:           420700 kB
Mem:          3.8G       2.1G       1.7G       5.7M        55M       1.7G

MemTotal:        4016004 kB
MemFree:         1774700 kB
Active:           420732 kB
Mem:          3.8G       2.1G       1.7G       5.7M        55M       1.7G

MemTotal:        4016004 kB
MemFree:         1761124 kB
Active:           420716 kB
Mem:          3.8G       2.2G       1.7G       5.7M        55M       1.7G

MemTotal:        4016004 kB
MemFree:         1716680 kB
Active:           420764 kB
Mem:          3.8G       2.2G       1.6G       5.7M        55M       1.7G

MemTotal:        4016004 kB
MemFree:         1716556 kB
Active:           420784 kB
Mem:          3.8G       2.2G       1.6G       5.7M        55M       1.7G

MemTotal:        4016004 kB
MemFree:         1711960 kB
Active:           420764 kB
Mem:          3.8G       2.2G       1.6G       5.7M        55M       1.7G

MemTotal:        4016004 kB
MemFree:         1667596 kB
Active:           420788 kB
Mem:          3.8G       2.2G       1.6G       5.7M        56M       1.8G

MemTotal:        4016004 kB
MemFree:         1622860 kB
Active:           420780 kB
Mem:          3.8G       2.3G       1.5G       5.7M        56M       1.8G

MemTotal:        4016004 kB
MemFree:         1575236 kB
Active:           421080 kB
Mem:          3.8G       2.3G       1.5G       5.7M        56M       1.9G

MemTotal:        4016004 kB
MemFree:         1531520 kB
Active:           422996 kB
Mem:          3.8G       2.4G       1.5G       5.7M        56M       1.9G

MemTotal:        4016004 kB
MemFree:         1486892 kB
Active:           423012 kB
Mem:          3.8G       2.4G       1.4G       5.7M        56M       1.9G

MemTotal:        4016004 kB
MemFree:         1442404 kB
Active:           423020 kB
Mem:          3.8G       2.5G       1.4G       5.7M        56M       2.0G

MemTotal:        4016004 kB
MemFree:         1419788 kB
Active:           423028 kB
Mem:          3.8G       2.5G       1.4G       5.7M        56M       2.0G

MemTotal:        4016004 kB
MemFree:         1391396 kB
Active:           423068 kB
Mem:          3.8G       2.5G       1.3G       5.7M        56M       2.0G

MemTotal:        4016004 kB
MemFree:         1347020 kB
Active:           423100 kB
Mem:          3.8G       2.5G       1.3G       5.7M        56M       2.1G

MemTotal:        4016004 kB
MemFree:         1318612 kB
Active:           423112 kB
Mem:          3.8G       2.6G       1.3G       5.7M        56M       2.1G

MemTotal:        4016004 kB
MemFree:         1292532 kB
Active:           423152 kB
Mem:          3.8G       2.6G       1.2G       5.7M        56M       2.1G

MemTotal:        4016004 kB
MemFree:         1247892 kB
Active:           423180 kB
Mem:          3.8G       2.6G       1.2G       5.7M        56M       2.2G

MemTotal:        4016004 kB
MemFree:         1203140 kB
Active:           421208 kB
Mem:          3.8G       2.7G       1.1G       5.7M        56M       2.2G

MemTotal:        4016004 kB
MemFree:         1190816 kB
Active:           423240 kB
Mem:          3.8G       2.7G       1.1G       5.7M        56M       2.2G

MemTotal:        4016004 kB
MemFree:         1146204 kB
Active:           423312 kB
Mem:          3.8G       2.7G       1.1G       5.7M        56M       2.3G

MemTotal:        4016004 kB
MemFree:         1102320 kB
Active:           423328 kB
Mem:          3.8G       2.8G       1.1G       5.7M        56M       2.3G

MemTotal:        4016004 kB
MemFree:         1057956 kB
Active:           423320 kB
Mem:          3.8G       2.8G       1.0G       5.7M        56M       2.4G

MemTotal:        4016004 kB
MemFree:         1013220 kB
Active:           423376 kB
Mem:          3.8G       2.9G       988M       5.7M        56M       2.4G

MemTotal:        4016004 kB
MemFree:          969352 kB
Active:           423384 kB
Mem:          3.8G       2.9G       944M       5.7M        56M       2.4G

MemTotal:        4016004 kB
MemFree:          925216 kB
Active:           423376 kB
Mem:          3.8G       2.9G       902M       5.7M        56M       2.5G

MemTotal:        4016004 kB
MemFree:          880888 kB
Active:           423444 kB
Mem:          3.8G       3.0G       858M       5.7M        56M       2.5G

MemTotal:        4016004 kB
MemFree:          836520 kB
Active:           423472 kB
Mem:          3.8G       3.0G       815M       5.7M        56M       2.6G

MemTotal:        4016004 kB
MemFree:          793192 kB
Active:           423468 kB
Mem:          3.8G       3.1G       774M       5.7M        56M       2.6G

MemTotal:        4016004 kB
MemFree:          791144 kB
Active:           423520 kB
Mem:          3.8G       3.1G       772M       5.7M        56M       2.6G

MemTotal:        4016004 kB
MemFree:          779464 kB
Active:           425572 kB
Mem:          3.8G       3.1G       760M       5.7M        56M       2.6G

MemTotal:        4016004 kB
MemFree:          735472 kB
Active:           425560 kB
Mem:          3.8G       3.1G       717M       5.7M        56M       2.7G

MemTotal:        4016004 kB
MemFree:          690736 kB
Active:           425604 kB
Mem:          3.8G       3.2G       673M       5.7M        56M       2.7G

MemTotal:        4016004 kB
MemFree:          645628 kB
Active:           425584 kB
Mem:          3.8G       3.2G       629M       5.7M        56M       2.7G

MemTotal:        4016004 kB
MemFree:          601092 kB
Active:           425660 kB
Mem:          3.8G       3.3G       586M       5.7M        56M       2.8G

MemTotal:        4016004 kB
MemFree:          557008 kB
Active:           425684 kB
Mem:          3.8G       3.3G       542M       5.7M        56M       2.8G

MemTotal:        4016004 kB
MemFree:          525232 kB
Active:           425684 kB
Mem:          3.8G       3.3G       512M       5.7M        56M       2.8G

MemTotal:        4016004 kB
MemFree:          500524 kB
Active:           425692 kB
Mem:          3.8G       3.4G       488M       5.7M        56M       2.9G

MemTotal:        4016004 kB
MemFree:          455788 kB
Active:           425752 kB
Mem:          3.8G       3.4G       444M       5.7M        56M       2.9G

MemTotal:        4016004 kB
MemFree:          429624 kB
Active:           425424 kB
Mem:          3.8G       3.4G       419M       5.7M        56M       2.9G

MemTotal:        4016004 kB
MemFree:          412928 kB
Active:           427484 kB
Mem:          3.8G       3.4G       402M       5.7M        56M       3.0G

MemTotal:        4016004 kB
MemFree:          368776 kB
Active:           427300 kB
Mem:          3.8G       3.5G       359M       5.7M        56M       3.0G

MemTotal:        4016004 kB
MemFree:          325136 kB
Active:           427348 kB
Mem:          3.8G       3.5G       315M       5.7M        56M       3.0G

MemTotal:        4016004 kB
MemFree:          280344 kB
Active:           427376 kB
Mem:          3.8G       3.6G       272M       5.7M        56M       3.1G

MemTotal:        4016004 kB
MemFree:          235856 kB
Active:           427380 kB
Mem:          3.8G       3.6G       229M       5.7M        56M       3.1G

MemTotal:        4016004 kB
MemFree:          191352 kB
Active:           427428 kB
Mem:          3.8G       3.6G       185M       5.7M        56M       3.2G

MemTotal:        4016004 kB
MemFree:          146740 kB
Active:           427436 kB
Mem:          3.8G       3.7G       141M       5.7M        56M       3.2G

MemTotal:        4016004 kB
MemFree:          126488 kB
Active:           425668 kB
Mem:          3.8G       3.7G       133M       5.7M        22M       3.2G

MemTotal:        4016004 kB
MemFree:          130644 kB
Active:           436272 kB
Mem:          3.8G       3.7G       127M       5.7M        22M       3.3G

MemTotal:        4016004 kB
MemFree:          108028 kB
Active:           436456 kB
Mem:          3.8G       3.7G       104M       5.7M        22M       3.3G

MemTotal:        4016004 kB
MemFree:          160028 kB
Active:           489928 kB
Mem:          3.8G       3.7G       149M       5.7M        21M       3.2G

MemTotal:        4016004 kB
MemFree:          104884 kB
Active:           489968 kB
Mem:          3.8G       3.7G       102M       5.7M        21M       3.3G

MemTotal:        4016004 kB
MemFree:          134836 kB
Active:           486644 kB
Mem:          3.8G       3.7G       130M       5.7M        21M       3.2G

MemTotal:        4016004 kB
MemFree:          139328 kB
Active:           481528 kB
Mem:          3.8G       3.7G       135M       5.7M        21M       3.2G

MemTotal:        4016004 kB
MemFree:          142068 kB
Active:           476708 kB
Mem:          3.8G       3.7G       138M       5.7M        21M       3.2G

MemTotal:        4016004 kB
MemFree:          135752 kB
Active:           473224 kB
Mem:          3.8G       3.7G       131M       5.7M        21M       3.2G

MemTotal:        4016004 kB
MemFree:          126292 kB
Active:           467884 kB
Mem:          3.8G       3.7G       122M       5.7M        21M       3.3G

MemTotal:        4016004 kB
MemFree:          111988 kB
Active:           463556 kB
Mem:          3.8G       3.7G       108M       5.7M        21M       3.3G

MemTotal:        4016004 kB
MemFree:          127452 kB
Active:           458332 kB
Mem:          3.8G       3.7G       124M       5.7M        21M       3.3G

MemTotal:        4016004 kB
MemFree:          125916 kB
Active:           453628 kB
Mem:          3.8G       3.7G       121M       5.7M        21M       3.3G

MemTotal:        4016004 kB
MemFree:          104788 kB
Active:           451756 kB
Mem:          3.8G       3.7G       124M       5.7M        21M       3.3G

MemTotal:        4016004 kB
MemFree:          115816 kB
Active:           447840 kB
Mem:          3.8G       3.7G       113M       5.7M        21M       3.3G

MemTotal:        4016004 kB
MemFree:          109964 kB
Active:           446840 kB
Mem:          3.8G       3.7G       105M       5.7M        21M       3.3G

MemTotal:        4016004 kB
MemFree:          124780 kB
Active:           445196 kB
Mem:          3.8G       3.7G       131M       5.7M        21M       3.2G

MemTotal:        4016004 kB
MemFree:          127172 kB
Active:           441204 kB
Mem:          3.8G       3.7G       123M       5.7M        21M       3.3G

MemTotal:        4016004 kB
MemFree:          134444 kB
Active:           437672 kB
Mem:          3.8G       3.7G       130M       5.7M        21M       3.2G

MemTotal:        4016004 kB
MemFree:          131448 kB
Active:           434268 kB
Mem:          3.8G       3.7G       127M       5.7M        21M       3.3G

MemTotal:        4016004 kB
MemFree:          122580 kB
Active:           434924 kB
Mem:          3.8G       3.7G       118M       5.7M        21M       3.3G

MemTotal:        4016004 kB
MemFree:          113308 kB
Active:           433764 kB
Mem:          3.8G       3.7G       109M       5.7M        21M       3.3G

MemTotal:        4016004 kB
MemFree:          130432 kB
Active:           432164 kB
Mem:          3.8G       3.7G       126M       5.7M        21M       3.3G

MemTotal:        4016004 kB
MemFree:          104652 kB
Active:           432040 kB
Mem:          3.8G       3.7G       124M       5.7M        21M       3.3G

MemTotal:        4016004 kB
MemFree:          124428 kB
Active:           428320 kB
Mem:          3.8G       3.7G       121M       5.7M        21M       3.3G

MemTotal:        4016004 kB
MemFree:          105236 kB
Active:           427720 kB
Mem:          3.8G       3.7G       124M       5.7M        21M       3.3G

MemTotal:        4016004 kB
MemFree:          128668 kB
Active:           425600 kB
Mem:          3.8G       3.7G       125M       5.7M        21M       3.3G

MemTotal:        4016004 kB
MemFree:          127572 kB
Active:           425620 kB
Mem:          3.8G       3.7G       123M       5.7M        22M       3.3G

MemTotal:        4016004 kB
MemFree:          130484 kB
Active:           424632 kB
Mem:          3.8G       3.7G       127M       5.7M        22M       3.3G

MemTotal:        4016004 kB
MemFree:          131324 kB
Active:           424616 kB
Mem:          3.8G       3.7G       128M       5.7M        22M       3.3G

MemTotal:        4016004 kB
MemFree:          128852 kB
Active:           424632 kB
Mem:          3.8G       3.7G       124M       5.7M        22M       3.3G

MemTotal:        4016004 kB
MemFree:          120308 kB
Active:           423488 kB
Mem:          3.8G       3.7G       116M       5.7M        22M       3.3G

MemTotal:        4016004 kB
MemFree:          129636 kB
Active:           421832 kB
Mem:          3.8G       3.7G       125M       5.7M        22M       3.3G

MemTotal:        4016004 kB
MemFree:          120224 kB
Active:           420708 kB
Mem:          3.8G       3.7G       116M       5.7M        22M       3.3G

MemTotal:        4016004 kB
MemFree:          110828 kB
Active:           419556 kB
Mem:          3.8G       3.7G       107M       5.7M        22M       3.3G

MemTotal:        4016004 kB
MemFree:          113708 kB
Active:           417968 kB
Mem:          3.8G       3.7G       110M       5.7M        22M       3.3G

MemTotal:        4016004 kB
MemFree:          121904 kB
Active:           415928 kB
Mem:          3.8G       3.7G       118M       5.7M        22M       3.3G

MemTotal:        4016004 kB
MemFree:          113996 kB
Active:           414776 kB
Mem:          3.8G       3.7G       111M       5.7M        22M       3.3G

MemTotal:        4016004 kB
MemFree:          120752 kB
Active:           413680 kB
Mem:          3.8G       3.7G       116M       5.7M        22M       3.3G

MemTotal:        4016004 kB
MemFree:          131072 kB
Active:           412024 kB
Mem:          3.8G       3.7G       127M       5.7M        22M       3.3G

MemTotal:        4016004 kB
MemFree:          127800 kB
Active:           411520 kB
Mem:          3.8G       3.7G       123M       5.7M        22M       3.3G

MemTotal:        4016004 kB
MemFree:          125984 kB
Active:           408092 kB
Mem:          3.8G       3.7G       122M       5.7M        22M       3.3G

MemTotal:        4016004 kB
MemFree:          113048 kB
Active:           406924 kB
Mem:          3.8G       3.7G       109M       5.7M        22M       3.3G

MemTotal:        4016004 kB
MemFree:          113220 kB
Active:           405812 kB
Mem:          3.8G       3.7G       110M       5.7M        22M       3.3G

MemTotal:        4016004 kB
MemFree:          125028 kB
Active:           402288 kB
Mem:          3.8G       3.7G       122M       5.7M        22M       3.3G

MemTotal:        4016004 kB
MemFree:          127752 kB
Active:           401164 kB
Mem:          3.8G       3.7G       124M       5.7M        22M       3.3G

MemTotal:        4016004 kB
MemFree:          125028 kB
Active:           400996 kB
Mem:          3.8G       3.7G       122M       5.7M        22M       3.3G

MemTotal:        4016004 kB
MemFree:          106072 kB
Active:           401064 kB
Mem:          3.8G       3.7G       103M       5.7M        22M       3.3G

MemTotal:        4016004 kB
MemFree:          107360 kB
Active:           399940 kB
Mem:          3.8G       3.7G       105M       5.7M        22M       3.3G

MemTotal:        4016004 kB
MemFree:          123628 kB
Active:           399372 kB
Mem:          3.8G       3.7G       120M       5.7M        22M       3.3G

MemTotal:        4016004 kB
MemFree:          109396 kB
Active:           398304 kB
Mem:          3.8G       3.7G       106M       5.7M        22M       3.3G

MemTotal:        4016004 kB
MemFree:          131372 kB
Active:           396264 kB
Mem:          3.8G       3.7G       127M       5.7M        22M       3.3G

MemTotal:        4016004 kB
MemFree:          123696 kB
Active:           394984 kB
Mem:          3.8G       3.7G       120M       5.7M        22M       3.3G

MemTotal:        4016004 kB
MemFree:          126824 kB
Active:           393092 kB
Mem:          3.8G       3.7G       122M       5.7M        22M       3.3G

MemTotal:        4016004 kB
MemFree:          112608 kB
Active:           392100 kB
Mem:          3.8G       3.7G       109M       5.7M        22M       3.3G

MemTotal:        4016004 kB
MemFree:          104700 kB
Active:           390980 kB
Mem:          3.8G       3.7G       124M       5.7M        22M       3.3G

MemTotal:        4016004 kB
MemFree:          120984 kB
Active:           389048 kB
Mem:          3.8G       3.7G       117M       5.7M        22M       3.3G

MemTotal:        4016004 kB
MemFree:          112768 kB
Active:           387956 kB
Mem:          3.8G       3.7G       109M       5.7M        22M       3.3G

MemTotal:        4016004 kB
MemFree:          105520 kB
Active:           387980 kB
Mem:          3.8G       3.7G       103M       5.7M        22M       3.3G

MemTotal:        4016004 kB
MemFree:          105244 kB
Active:           386040 kB
Mem:          3.8G       3.7G       102M       5.7M        22M       3.3G

MemTotal:        4016004 kB
MemFree:          138876 kB
Active:           387212 kB
Mem:          3.8G       3.7G       134M       5.7M        22M       3.2G

MemTotal:        4016004 kB
MemFree:          130876 kB
Active:           386236 kB
Mem:          3.8G       3.7G       126M       5.7M        22M       3.3G

MemTotal:        4016004 kB
MemFree:          123236 kB
Active:           384988 kB
Mem:          3.8G       3.7G       119M       5.7M        22M       3.3G

MemTotal:        4016004 kB
MemFree:          131572 kB
Active:           382964 kB
Mem:          3.8G       3.7G       127M       5.7M        22M       3.2G

MemTotal:        4016004 kB
MemFree:          123044 kB
Active:           381848 kB
Mem:          3.8G       3.7G       119M       5.7M        22M       3.3G

MemTotal:        4016004 kB
MemFree:          109556 kB
Active:           380840 kB
Mem:          3.8G       3.7G       106M       5.7M        22M       3.3G

MemTotal:        4016004 kB
MemFree:          125292 kB
Active:           379200 kB
Mem:          3.8G       3.7G       122M       5.7M        22M       3.3G

MemTotal:        4016004 kB
MemFree:          123608 kB
Active:           377532 kB
Mem:          3.8G       3.7G       119M       5.7M        22M       3.3G

MemTotal:        4016004 kB
MemFree:          127664 kB
Active:           375660 kB
Mem:          3.8G       3.7G       124M       5.7M        22M       3.3G

MemTotal:        4016004 kB
MemFree:          119976 kB
Active:           374788 kB
Mem:          3.8G       3.7G       116M       5.7M        22M       3.3G

MemTotal:        4016004 kB
MemFree:          113284 kB
Active:           373496 kB
Mem:          3.8G       3.7G       109M       5.7M        22M       3.3G

MemTotal:        4016004 kB
MemFree:          128756 kB
Active:           371648 kB
Mem:          3.8G       3.7G       125M       5.7M        22M       3.3G

MemTotal:        4016004 kB
MemFree:          128632 kB
Active:           371648 kB
Mem:          3.8G       3.7G       125M       5.7M        22M       3.3G

MemTotal:        4016004 kB
MemFree:          126992 kB
Active:           371676 kB
Mem:          3.8G       3.7G       123M       5.7M        22M       3.3G

MemTotal:        4016004 kB
MemFree:          125504 kB
Active:           371696 kB
Mem:          3.8G       3.7G       122M       5.7M        22M       3.3G

MemTotal:        4016004 kB
MemFree:          112180 kB
Active:           371684 kB
Mem:          3.8G       3.7G       108M       5.7M        22M       3.3G

MemTotal:        4016004 kB
MemFree:          127644 kB
Active:           370060 kB
Mem:          3.8G       3.7G       123M       5.7M        22M       3.3G

MemTotal:        4016004 kB
MemFree:          125628 kB
Active:           367848 kB
Mem:          3.8G       3.7G       122M       5.7M        22M       3.3G

MemTotal:        4016004 kB
MemFree:          106452 kB
Active:           367116 kB
Mem:          3.8G       3.7G       103M       5.7M        22M       3.3G

MemTotal:        4016004 kB
MemFree:          134636 kB
Active:           365164 kB
Mem:          3.8G       3.7G       130M       5.7M        22M       3.2G

MemTotal:        4016004 kB
MemFree:          137552 kB
Active:           365096 kB
Mem:          3.8G       3.7G       133M       5.7M        22M       3.2G

MemTotal:        4016004 kB
MemFree:          130628 kB
Active:           367164 kB
Mem:          3.8G       3.7G       126M       5.7M        22M       3.2G

MemTotal:        4016004 kB
MemFree:          128300 kB
Active:           367184 kB
Mem:          3.8G       3.7G       123M       5.7M        23M       3.3G

MemTotal:        4016004 kB
MemFree:          120360 kB
Active:           367224 kB
Mem:          3.8G       3.7G       116M       5.7M        23M       3.3G

MemTotal:        4016004 kB
MemFree:          134128 kB
Active:           365308 kB
Mem:          3.8G       3.7G       130M       5.7M        23M       3.2G

MemTotal:        4016004 kB
MemFree:          125896 kB
Active:           365300 kB
Mem:          3.8G       3.7G       122M       5.7M        23M       3.3G

MemTotal:        4016004 kB
MemFree:          129624 kB
Active:           365352 kB
Mem:          3.8G       3.7G       126M       5.7M        23M       3.2G

MemTotal:        4016004 kB
MemFree:          105308 kB
Active:           365368 kB
Mem:          3.8G       3.7G       124M       5.7M        23M       3.2G

MemTotal:        4016004 kB
MemFree:          126572 kB
Active:           365388 kB
Mem:          3.8G       3.7G       123M       5.7M        23M       3.3G

MemTotal:        4016004 kB
MemFree:          122012 kB
Active:           365520 kB
Mem:          3.8G       3.7G       119M       5.7M        23M       3.3G

MemTotal:        4016004 kB
MemFree:          115868 kB
Active:           367408 kB
Mem:          3.8G       3.7G       112M       5.7M        23M       3.3G

MemTotal:        4016004 kB
MemFree:          133256 kB
Active:           367420 kB
Mem:          3.8G       3.7G       128M       5.7M        23M       3.2G

MemTotal:        4016004 kB
MemFree:          119148 kB
Active:           367480 kB
Mem:          3.8G       3.7G       115M       5.7M        23M       3.3G

MemTotal:        4016004 kB
MemFree:          111116 kB
Active:           367316 kB
Mem:          3.8G       3.7G       107M       5.7M        23M       3.3G

MemTotal:        4016004 kB
MemFree:          127760 kB
Active:           367356 kB
Mem:          3.8G       3.7G       123M       5.7M        23M       3.3G

MemTotal:        4016004 kB
MemFree:          119588 kB
Active:           367428 kB
Mem:          3.8G       3.7G       115M       5.7M        23M       3.3G

MemTotal:        4016004 kB
MemFree:          112300 kB
Active:           367408 kB
Mem:          3.8G       3.7G       108M       5.7M        23M       3.3G

MemTotal:        4016004 kB
MemFree:          116176 kB
Active:           367476 kB
Mem:          3.8G       3.7G       112M       5.7M        23M       3.3G

MemTotal:        4016004 kB
MemFree:          137164 kB
Active:           367504 kB
Mem:          3.8G       3.7G       133M       5.7M        23M       3.2G

MemTotal:        4016004 kB
MemFree:          137228 kB
Active:           367516 kB
Mem:          3.8G       3.7G       134M       5.7M        23M       3.2G

MemTotal:        4016004 kB
MemFree:          138072 kB
Active:           367508 kB
Mem:          3.8G       3.7G       134M       5.7M        23M       3.2G

MemTotal:        4016004 kB
MemFree:          134968 kB
Active:           367532 kB
Mem:          3.8G       3.7G       130M       5.7M        23M       3.2G

MemTotal:        4016004 kB
MemFree:          108092 kB
Active:           367424 kB
Mem:          3.8G       3.7G       104M       5.7M        23M       3.3G

MemTotal:        4016004 kB
MemFree:          124744 kB
Active:           367004 kB
Mem:          3.8G       3.7G       131M       5.7M        23M       3.2G

MemTotal:        4016004 kB
MemFree:          129228 kB
Active:           366988 kB
Mem:          3.8G       3.7G       124M       5.7M        23M       3.2G

MemTotal:        4016004 kB
MemFree:          139424 kB
Active:           367008 kB
Mem:          3.8G       3.7G       135M       5.7M        23M       3.2G

MemTotal:        4016004 kB
MemFree:          131020 kB
Active:           367028 kB
Mem:          3.8G       3.7G       127M       5.7M        23M       3.2G

MemTotal:        4016004 kB
MemFree:          123468 kB
Active:           367056 kB
Mem:          3.8G       3.7G       119M       5.7M        23M       3.3G

MemTotal:        4016004 kB
MemFree:          127216 kB
Active:           367076 kB
Mem:          3.8G       3.7G       123M       5.7M        23M       3.2G

MemTotal:        4016004 kB
MemFree:          120300 kB
Active:           367096 kB
Mem:          3.8G       3.7G       116M       5.7M        23M       3.3G

MemTotal:        4016004 kB
MemFree:          112640 kB
Active:           367124 kB
Mem:          3.8G       3.7G       108M       5.7M        23M       3.3G

MemTotal:        4016004 kB
MemFree:          125960 kB
Active:           366012 kB
Mem:          3.8G       3.7G       122M       5.7M        23M       3.2G

MemTotal:        4016004 kB
MemFree:          130512 kB
Active:           365860 kB
Mem:          3.8G       3.7G       127M       5.7M        23M       3.2G

MemTotal:        4016004 kB
MemFree:          124300 kB
Active:           365912 kB
Mem:          3.8G       3.7G       120M       5.7M        23M       3.3G

MemTotal:        4016004 kB
MemFree:          142316 kB
Active:           365932 kB
Mem:          3.8G       3.7G       138M       5.7M        23M       3.2G

MemTotal:        4016004 kB
MemFree:          140772 kB
Active:           365940 kB
Mem:          3.8G       3.7G       136M       5.7M        23M       3.2G

MemTotal:        4016004 kB
MemFree:          131920 kB
Active:           365904 kB
Mem:          3.8G       3.7G       128M       5.7M        23M       3.2G

MemTotal:        4016004 kB
MemFree:          148528 kB
Active:           365952 kB
Mem:          3.8G       3.7G       145M       5.7M        23M       3.2G

MemTotal:        4016004 kB
MemFree:          104912 kB
Active:           365952 kB
Mem:          3.8G       3.7G       123M       5.7M        23M       3.2G

MemTotal:        4016004 kB
MemFree:          116720 kB
Active:           366020 kB
Mem:          3.8G       3.7G       113M       5.7M        23M       3.3G

MemTotal:        4016004 kB
MemFree:          108192 kB
Active:           366056 kB
Mem:          3.8G       3.7G       104M       5.7M        23M       3.3G

MemTotal:        4016004 kB
MemFree:          127416 kB
Active:           364468 kB
Mem:          3.8G       3.7G       124M       5.7M        23M       3.2G

MemTotal:        4016004 kB
MemFree:          106500 kB
Active:           364308 kB
Mem:          3.8G       3.7G       102M       5.7M        23M       3.3G

MemTotal:        4016004 kB
MemFree:          137444 kB
Active:           364168 kB
Mem:          3.8G       3.7G       133M       5.7M        23M       3.2G

MemTotal:        4016004 kB
MemFree:          124432 kB
Active:           364212 kB
Mem:          3.8G       3.7G       121M       5.7M        23M       3.2G

MemTotal:        4016004 kB
MemFree:          124588 kB
Active:           364200 kB
Mem:          3.8G       3.7G       121M       5.7M        23M       3.2G

MemTotal:        4016004 kB
MemFree:          124592 kB
Active:           364164 kB
Mem:          3.8G       3.7G       121M       5.7M        23M       3.2G

MemTotal:        4016004 kB
MemFree:          115128 kB
Active:           364164 kB
Mem:          3.8G       3.7G       111M       5.7M        23M       3.3G

MemTotal:        4016004 kB
MemFree:          106848 kB
Active:           364252 kB
Mem:          3.8G       3.7G       102M       5.7M        23M       3.3G

MemTotal:        4016004 kB
MemFree:          134884 kB
Active:           364276 kB
Mem:          3.8G       3.7G       131M       5.7M        23M       3.2G

MemTotal:        4016004 kB
MemFree:          131936 kB
Active:           364304 kB
Mem:          3.8G       3.7G       127M       5.7M        23M       3.2G

MemTotal:        4016004 kB
MemFree:          124276 kB
Active:           364332 kB
Mem:          3.8G       3.7G       120M       5.7M        23M       3.2G

MemTotal:        4016004 kB
MemFree:          127900 kB
Active:           364352 kB
Mem:          3.8G       3.7G       123M       5.7M        23M       3.2G

MemTotal:        4016004 kB
MemFree:          137928 kB
Active:           363580 kB
Mem:          3.8G       3.7G       133M       5.7M        23M       3.2G

MemTotal:        4016004 kB
MemFree:          130376 kB
Active:           363484 kB
Mem:          3.8G       3.7G       126M       5.7M        23M       3.2G

MemTotal:        4016004 kB
MemFree:          125408 kB
Active:           363512 kB
Mem:          3.8G       3.7G       121M       5.7M        23M       3.2G

MemTotal:        4016004 kB
MemFree:          135048 kB
Active:           363540 kB
Mem:          3.8G       3.7G       131M       5.7M        24M       3.2G

MemTotal:        4016004 kB
MemFree:          133624 kB
Active:           363556 kB
Mem:          3.8G       3.7G       129M       5.7M        24M       3.2G

MemTotal:        4016004 kB
MemFree:          125892 kB
Active:           363404 kB
Mem:          3.8G       3.7G       122M       5.7M        24M       3.2G

MemTotal:        4016004 kB
MemFree:          112840 kB
Active:           363460 kB
Mem:          3.8G       3.7G       110M       5.7M        24M       3.3G

MemTotal:        4016004 kB
MemFree:          112840 kB
Active:           365448 kB
Mem:          3.8G       3.7G       109M       5.7M        24M       3.3G

MemTotal:        4016004 kB
MemFree:          125836 kB
Active:           364712 kB
Mem:          3.8G       3.7G       133M       5.7M        24M       3.2G

MemTotal:        4016004 kB
MemFree:          129392 kB
Active:           364768 kB
Mem:          3.8G       3.7G       125M       5.7M        24M       3.2G

MemTotal:        4016004 kB
MemFree:          114880 kB
Active:           364760 kB
Mem:          3.8G       3.7G       111M       5.7M        24M       3.3G

MemTotal:        4016004 kB
MemFree:          127260 kB
Active:           362096 kB
Mem:          3.8G       3.7G       123M       5.7M        24M       3.2G

MemTotal:        4016004 kB
MemFree:          122880 kB
Active:           362072 kB
Mem:          3.8G       3.7G       130M       5.7M        24M       3.2G

MemTotal:        4016004 kB
MemFree:          126212 kB
Active:           362136 kB
Mem:          3.8G       3.7G       122M       5.7M        24M       3.2G

MemTotal:        4016004 kB
MemFree:          111496 kB
Active:           362168 kB
Mem:          3.8G       3.7G       108M       5.7M        24M       3.3G

MemTotal:        4016004 kB
MemFree:          128072 kB
Active:           362164 kB
Mem:          3.8G       3.7G       123M       5.7M        24M       3.2G

MemTotal:        4016004 kB
MemFree:          124932 kB
Active:           362204 kB
Mem:          3.8G       3.7G       121M       5.7M        24M       3.2G

MemTotal:        4016004 kB
MemFree:          142920 kB
Active:           362224 kB
Mem:          3.8G       3.7G       139M       5.7M        24M       3.2G

MemTotal:        4016004 kB
MemFree:          123652 kB
Active:           362264 kB
Mem:          3.8G       3.7G       120M       5.7M        24M       3.2G

MemTotal:        4016004 kB
MemFree:          131840 kB
Active:           362172 kB
Mem:          3.8G       3.7G       128M       5.7M        24M       3.2G

MemTotal:        4016004 kB
MemFree:          114708 kB
Active:           362132 kB
Mem:          3.8G       3.7G       111M       5.7M        24M       3.3G

MemTotal:        4016004 kB
MemFree:          126860 kB
Active:           360272 kB
Mem:          3.8G       3.7G       128M       5.7M        24M       3.2G

MemTotal:        4016004 kB
MemFree:          134340 kB
Active:           360136 kB
Mem:          3.8G       3.7G       131M       5.7M        24M       3.2G

MemTotal:        4016004 kB
MemFree:          114408 kB
Active:           360152 kB
Mem:          3.8G       3.7G       111M       5.7M        24M       3.3G

MemTotal:        4016004 kB
MemFree:          125108 kB
Active:           360168 kB
Mem:          3.8G       3.7G       125M       5.7M        24M       3.2G

MemTotal:        4016004 kB
MemFree:          129700 kB
Active:           360200 kB
Mem:          3.8G       3.7G       125M       5.7M        24M       3.2G

MemTotal:        4016004 kB
MemFree:          133076 kB
Active:           360180 kB
Mem:          3.8G       3.7G       129M       5.7M        24M       3.2G

MemTotal:        4016004 kB
MemFree:          130748 kB
Active:           360228 kB
Mem:          3.8G       3.7G       127M       5.7M        24M       3.2G

MemTotal:        4016004 kB
MemFree:          122592 kB
Active:           360244 kB
Mem:          3.8G       3.7G       118M       5.7M        24M       3.2G

MemTotal:        4016004 kB
MemFree:          133316 kB
Active:           360284 kB
Mem:          3.8G       3.7G       129M       5.7M        24M       3.2G

MemTotal:        4016004 kB
MemFree:          126120 kB
Active:           360296 kB
Mem:          3.8G       3.7G       121M       5.7M        24M       3.2G

MemTotal:        4016004 kB
MemFree:          113176 kB
Active:           360344 kB
Mem:          3.8G       3.7G       110M       5.7M        24M       3.3G

MemTotal:        4016004 kB
MemFree:          111904 kB
Active:           360364 kB
Mem:          3.8G       3.7G       108M       5.7M        24M       3.3G

MemTotal:        4016004 kB
MemFree:          110944 kB
Active:           360388 kB
Mem:          3.8G       3.7G       108M       5.7M        24M       3.3G

MemTotal:        4016004 kB
MemFree:          110948 kB
Active:           360384 kB
Mem:          3.8G       3.7G       108M       5.7M        24M       3.3G

MemTotal:        4016004 kB
MemFree:          110456 kB
Active:           360368 kB
Mem:          3.8G       3.7G       107M       5.7M        24M       3.3G

MemTotal:        4016004 kB
MemFree:          106636 kB
Active:           357416 kB
Mem:          3.8G       3.7G       102M       5.7M        24M       3.3G

MemTotal:        4016004 kB
MemFree:          128488 kB
Active:           357436 kB
Mem:          3.8G       3.7G       124M       5.7M        24M       3.2G

MemTotal:        4016004 kB
MemFree:          111264 kB
Active:           357468 kB
Mem:          3.8G       3.7G       107M       5.7M        24M       3.3G

MemTotal:        4016004 kB
MemFree:          127000 kB
Active:           357488 kB
Mem:          3.8G       3.7G       122M       5.7M        24M       3.2G

MemTotal:        4016004 kB
MemFree:          124960 kB
Active:           357384 kB
Mem:          3.8G       3.7G       121M       5.7M        24M       3.2G

MemTotal:        4016004 kB
MemFree:          110728 kB
Active:           357404 kB
Mem:          3.8G       3.7G       107M       5.7M        24M       3.3G

MemTotal:        4016004 kB
MemFree:          131944 kB
Active:           357428 kB
Mem:          3.8G       3.7G       128M       5.7M        24M       3.2G

MemTotal:        4016004 kB
MemFree:          124780 kB
Active:           357460 kB
Mem:          3.8G       3.7G       120M       5.7M        24M       3.2G

MemTotal:        4016004 kB
MemFree:          128308 kB
Active:           357484 kB
Mem:          3.8G       3.7G       125M       5.7M        24M       3.2G

MemTotal:        4016004 kB
MemFree:          114192 kB
Active:           357504 kB
Mem:          3.8G       3.7G       111M       5.7M        24M       3.3G

MemTotal:        4016004 kB
MemFree:          136668 kB
Active:           355084 kB
Mem:          3.8G       3.7G       132M       5.7M        24M       3.2G

MemTotal:        4016004 kB
MemFree:          108488 kB
Active:           357052 kB
Mem:          3.8G       3.7G       105M       5.7M        24M       3.3G

MemTotal:        4016004 kB
MemFree:          123368 kB
Active:           354300 kB
Mem:          3.8G       3.7G       119M       5.7M        24M       3.2G

MemTotal:        4016004 kB
MemFree:          106228 kB
Active:           354292 kB
Mem:          3.8G       3.7G       103M       5.7M        24M       3.3G

MemTotal:        4016004 kB
MemFree:          136680 kB
Active:           354296 kB
Mem:          3.8G       3.7G       133M       5.7M        24M       3.2G

MemTotal:        4016004 kB
MemFree:          108956 kB
Active:           354320 kB
Mem:          3.8G       3.7G       105M       5.7M        24M       3.3G

MemTotal:        4016004 kB
MemFree:          130484 kB
Active:           354320 kB
Mem:          3.8G       3.7G       126M       5.7M        24M       3.2G

MemTotal:        4016004 kB
MemFree:          108524 kB
Active:           354388 kB
Mem:          3.8G       3.7G       105M       5.7M        24M       3.3G

MemTotal:        4016004 kB
MemFree:          124796 kB
Active:           354412 kB
Mem:          3.8G       3.7G       121M       5.7M        24M       3.2G

MemTotal:        4016004 kB
MemFree:          110068 kB
Active:           354436 kB
Mem:          3.8G       3.7G       106M       5.7M        24M       3.3G

MemTotal:        4016004 kB
MemFree:          125928 kB
Active:           354460 kB
Mem:          3.8G       3.7G       122M       5.7M        24M       3.2G

MemTotal:        4016004 kB
MemFree:          123748 kB
Active:           354484 kB
Mem:          3.8G       3.7G       119M       5.7M        25M       3.2G

MemTotal:        4016004 kB
MemFree:          116088 kB
Active:           354512 kB
Mem:          3.8G       3.7G       111M       5.7M        25M       3.2G

MemTotal:        4016004 kB
MemFree:          132484 kB
Active:           354532 kB
Mem:          3.8G       3.7G       128M       5.7M        25M       3.2G

MemTotal:        4016004 kB
MemFree:          125848 kB
Active:           354556 kB
Mem:          3.8G       3.7G       121M       5.7M        25M       3.2G

MemTotal:        4016004 kB
MemFree:          133220 kB
Active:           352216 kB
Mem:          3.8G       3.7G       129M       5.7M        25M       3.2G

MemTotal:        4016004 kB
MemFree:          128080 kB
Active:           352204 kB
Mem:          3.8G       3.7G       124M       5.7M        25M       3.2G

MemTotal:        4016004 kB
MemFree:          126220 kB
Active:           352216 kB
Mem:          3.8G       3.7G       123M       5.7M        25M       3.2G

MemTotal:        4016004 kB
MemFree:          126380 kB
Active:           352244 kB
Mem:          3.8G       3.7G       123M       5.7M        25M       3.2G

MemTotal:        4016004 kB
MemFree:          126476 kB
Active:           352200 kB
Mem:          3.8G       3.7G       123M       5.7M        25M       3.2G

MemTotal:        4016004 kB
MemFree:          133116 kB
Active:           352256 kB
Mem:          3.8G       3.7G       128M       5.7M        25M       3.2G

MemTotal:        4016004 kB
MemFree:          115520 kB
Active:           352276 kB
Mem:          3.8G       3.7G       111M       5.7M        25M       3.2G

MemTotal:        4016004 kB
MemFree:          107240 kB
Active:           352308 kB
Mem:          3.8G       3.7G       103M       5.7M        25M       3.3G

MemTotal:        4016004 kB
MemFree:          110864 kB
Active:           352328 kB
Mem:          3.8G       3.7G       107M       5.7M        25M       3.3G

MemTotal:        4016004 kB
MemFree:          115356 kB
Active:           352348 kB
Mem:          3.8G       3.7G       111M       5.7M        25M       3.2G

MemTotal:        4016004 kB
MemFree:          125676 kB
Active:           352352 kB
Mem:          3.8G       3.7G       121M       5.7M        25M       3.2G

MemTotal:        4016004 kB
MemFree:          117876 kB
Active:           352380 kB
Mem:          3.8G       3.7G       113M       5.7M        25M       3.2G

MemTotal:        4016004 kB
MemFree:          109224 kB
Active:           352424 kB
Mem:          3.8G       3.7G       105M       5.7M        25M       3.3G

MemTotal:        4016004 kB
MemFree:          112940 kB
Active:           352448 kB
Mem:          3.8G       3.7G       109M       5.7M        25M       3.2G

MemTotal:        4016004 kB
MemFree:          122764 kB
Active:           352484 kB
Mem:          3.8G       3.7G       118M       5.7M        25M       3.2G

MemTotal:        4016004 kB
MemFree:          114268 kB
Active:           352508 kB
Mem:          3.8G       3.7G       111M       5.7M        25M       3.2G

MemTotal:        4016004 kB
MemFree:          106856 kB
Active:           352528 kB
Mem:          3.8G       3.7G       103M       5.7M        25M       3.3G

MemTotal:        4016004 kB
MemFree:          136516 kB
Active:           352560 kB
Mem:          3.8G       3.7G       133M       5.7M        25M       3.2G

MemTotal:        4016004 kB
MemFree:          106796 kB
Active:           352576 kB
Mem:          3.8G       3.7G       102M       5.7M        25M       3.3G

MemTotal:        4016004 kB
MemFree:          129852 kB
Active:           352000 kB
Mem:          3.8G       3.7G       125M       5.7M        25M       3.2G

MemTotal:        4016004 kB
MemFree:          115024 kB
Active:           352028 kB
Mem:          3.8G       3.7G       111M       5.7M        25M       3.2G

MemTotal:        4016004 kB
MemFree:          107304 kB
Active:           352028 kB
Mem:          3.8G       3.7G       104M       5.7M        25M       3.3G

MemTotal:        4016004 kB
MemFree:          110912 kB
Active:           352036 kB
Mem:          3.8G       3.7G       107M       5.7M        25M       3.3G

MemTotal:        4016004 kB
MemFree:          126748 kB
Active:           352068 kB
Mem:          3.8G       3.7G       123M       5.7M        25M       3.2G

MemTotal:        4016004 kB
MemFree:          113200 kB
Active:           352120 kB
Mem:          3.8G       3.7G       109M       5.7M        25M       3.2G

MemTotal:        4016004 kB
MemFree:          126988 kB
Active:           352140 kB
Mem:          3.8G       3.7G       123M       5.7M        25M       3.2G

MemTotal:        4016004 kB
MemFree:          121364 kB
Active:           354156 kB
Mem:          3.8G       3.7G       117M       5.7M        25M       3.2G

MemTotal:        4016004 kB
MemFree:          124988 kB
Active:           354200 kB
Mem:          3.8G       3.7G       120M       5.7M        25M       3.2G

MemTotal:        4016004 kB
MemFree:          134152 kB
Active:           354260 kB
Mem:          3.8G       3.7G       129M       5.7M        25M       3.2G

MemTotal:        4016004 kB
MemFree:          131188 kB
Active:           354280 kB
Mem:          3.8G       3.7G       128M       5.7M        25M       3.2G

MemTotal:        4016004 kB
MemFree:          135252 kB
Active:           354280 kB
Mem:          3.8G       3.7G       131M       5.7M        25M       3.2G

MemTotal:        4016004 kB
MemFree:          127504 kB
Active:           354320 kB
Mem:          3.8G       3.7G       123M       5.7M        25M       3.2G

MemTotal:        4016004 kB
MemFree:          126980 kB
Active:           354312 kB
Mem:          3.8G       3.7G       123M       5.7M        25M       3.2G

MemTotal:        4016004 kB
MemFree:          115816 kB
Active:           354296 kB
Mem:          3.8G       3.7G       112M       5.7M        25M       3.2G

MemTotal:        4016004 kB
MemFree:          107396 kB
Active:           354368 kB
Mem:          3.8G       3.7G       104M       5.7M        25M       3.3G

MemTotal:        4016004 kB
MemFree:          117096 kB
Active:           354388 kB
Mem:          3.8G       3.7G       113M       5.7M        25M       3.2G

MemTotal:        4016004 kB
MemFree:          121340 kB
Active:           354388 kB
Mem:          3.8G       3.7G       117M       5.7M        25M       3.2G

MemTotal:        4016004 kB
MemFree:          132224 kB
Active:           353540 kB
Mem:          3.8G       3.7G       128M       5.7M        25M       3.2G

MemTotal:        4016004 kB
MemFree:          123944 kB
Active:           353568 kB
Mem:          3.8G       3.7G       120M       5.7M        25M       3.2G

MemTotal:        4016004 kB
MemFree:          105816 kB
Active:           353372 kB
Mem:          3.8G       3.7G       103M       5.7M        25M       3.3G

MemTotal:        4016004 kB
MemFree:          105740 kB
Active:           353244 kB
Mem:          3.8G       3.7G       103M       5.7M        25M       3.3G

MemTotal:        4016004 kB
MemFree:          105616 kB
Active:           353288 kB
Mem:          3.8G       3.7G       103M       5.7M        25M       3.3G

MemTotal:        4016004 kB
MemFree:          105740 kB
Active:           353268 kB
Mem:          3.8G       3.7G       102M       5.7M        25M       3.3G

MemTotal:        4016004 kB
MemFree:          105616 kB
Active:           353304 kB
Mem:          3.8G       3.7G       103M       5.7M        25M       3.3G

MemTotal:        4016004 kB
MemFree:          105732 kB
Active:           353304 kB
Mem:          3.8G       3.7G       102M       5.7M        25M       3.3G

MemTotal:        4016004 kB
MemFree:          105204 kB
Active:           353316 kB
Mem:          3.8G       3.7G       102M       5.7M        25M       3.3G

MemTotal:        4016004 kB
MemFree:          105332 kB
Active:           353312 kB
Mem:          3.8G       3.7G       102M       5.7M        25M       3.3G

MemTotal:        4016004 kB
MemFree:          105492 kB
Active:           353264 kB
Mem:          3.8G       3.7G       103M       5.7M        25M       3.3G

MemTotal:        4016004 kB
MemFree:          105716 kB
Active:           353264 kB
Mem:          3.8G       3.7G       103M       5.7M        25M       3.3G

MemTotal:        4016004 kB
MemFree:          105592 kB
Active:           353320 kB
Mem:          3.8G       3.7G       103M       5.7M        25M       3.3G

MemTotal:        4016004 kB
MemFree:          105716 kB
Active:           353308 kB
Mem:          3.8G       3.7G       103M       5.7M        25M       3.3G

MemTotal:        4016004 kB
MemFree:          105592 kB
Active:           353304 kB
Mem:          3.8G       3.7G       103M       5.7M        25M       3.3G

MemTotal:        4016004 kB
MemFree:          105592 kB
Active:           353304 kB
Mem:          3.8G       3.7G       103M       5.7M        25M       3.3G

MemTotal:        4016004 kB
MemFree:          105592 kB
Active:           353304 kB
Mem:          3.8G       3.7G       102M       5.7M        25M       3.3G

MemTotal:        4016004 kB
MemFree:          105592 kB
Active:           353332 kB
Mem:          3.8G       3.7G       102M       5.7M        25M       3.3G

MemTotal:        4016004 kB
MemFree:          105344 kB
Active:           353312 kB
Mem:          3.8G       3.7G       102M       5.7M        25M       3.3G

MemTotal:        4016004 kB
MemFree:          104972 kB
Active:           353344 kB
Mem:          3.8G       3.7G       102M       5.7M        25M       3.3G

MemTotal:        4016004 kB
MemFree:          105344 kB
Active:           353320 kB
Mem:          3.8G       3.7G       102M       5.7M        25M       3.3G

MemTotal:        4016004 kB
MemFree:          105468 kB
Active:           353308 kB
Mem:          3.8G       3.7G       103M       5.7M        25M       3.3G

MemTotal:        4016004 kB
MemFree:          105592 kB
Active:           353300 kB
Mem:          3.8G       3.7G       103M       5.7M        25M       3.3G

MemTotal:        4016004 kB
MemFree:          105592 kB
Active:           353308 kB
Mem:          3.8G       3.7G       102M       5.7M        25M       3.3G

MemTotal:        4016004 kB
MemFree:          105096 kB
Active:           353344 kB
Mem:          3.8G       3.7G       102M       5.7M        25M       3.3G

MemTotal:        4016004 kB
MemFree:          105468 kB
Active:           353340 kB
Mem:          3.8G       3.7G       103M       5.7M        25M       3.3G

MemTotal:        4016004 kB
MemFree:          105592 kB
Active:           353324 kB
Mem:          3.8G       3.7G       103M       5.7M        25M       3.3G

MemTotal:        4016004 kB
MemFree:          105592 kB
Active:           353324 kB
Mem:          3.8G       3.7G       103M       5.7M        25M       3.3G

MemTotal:        4016004 kB
MemFree:          105592 kB
Active:           353348 kB
Mem:          3.8G       3.7G       103M       5.7M        25M       3.3G

MemTotal:        4016004 kB
MemFree:          105592 kB
Active:           353332 kB
Mem:          3.8G       3.7G       103M       5.7M        25M       3.3G

MemTotal:        4016004 kB
MemFree:          105592 kB
Active:           353340 kB
Mem:          3.8G       3.7G       103M       5.7M        25M       3.3G

MemTotal:        4016004 kB
MemFree:          105592 kB
Active:           353328 kB
Mem:          3.8G       3.7G       103M       5.7M        25M       3.3G

MemTotal:        4016004 kB
MemFree:          105468 kB
Active:           353328 kB
Mem:          3.8G       3.7G       102M       5.7M        25M       3.3G

MemTotal:        4016004 kB
MemFree:          105452 kB
Active:           353360 kB
Mem:          3.8G       3.7G       102M       5.7M        25M       3.3G

MemTotal:        4016004 kB
MemFree:          105576 kB
Active:           353648 kB
Mem:          3.8G       3.7G       102M       5.7M        25M       3.3G

MemTotal:        4016004 kB
MemFree:          126864 kB
Active:           355652 kB
Mem:          3.8G       3.7G       123M       5.7M        27M       3.2G

MemTotal:        4016004 kB
MemFree:          127252 kB
Active:           355620 kB
Mem:          3.8G       3.7G       124M       5.7M        27M       3.2G

MemTotal:        4016004 kB
MemFree:          127872 kB
Active:           355604 kB
Mem:          3.8G       3.7G       124M       5.7M        27M       3.2G

MemTotal:        4016004 kB
MemFree:          127376 kB
Active:           355616 kB
Mem:          3.8G       3.7G       123M       5.7M        27M       3.2G

MemTotal:        4016004 kB
MemFree:          127128 kB
Active:           355664 kB
Mem:          3.8G       3.7G       123M       5.7M        27M       3.2G

MemTotal:        4016004 kB
MemFree:          126756 kB
Active:           355648 kB
Mem:          3.8G       3.7G       123M       5.7M        27M       3.2G

MemTotal:        4016004 kB
MemFree:          126508 kB
Active:           355632 kB
Mem:          3.8G       3.7G       123M       5.7M        27M       3.2G

MemTotal:        4016004 kB
MemFree:          126136 kB
Active:           355620 kB
Mem:          3.8G       3.7G       123M       5.7M        27M       3.2G

MemTotal:        4016004 kB
MemFree:          126260 kB
Active:           355652 kB
Mem:          3.8G       3.7G       123M       5.7M        27M       3.2G

MemTotal:        4016004 kB
MemFree:          126136 kB
Active:           355652 kB
Mem:          3.8G       3.7G       123M       5.7M        27M       3.2G

MemTotal:        4016004 kB
MemFree:          126136 kB
Active:           355660 kB
Mem:          3.8G       3.7G       123M       5.7M        27M       3.2G

MemTotal:        4016004 kB
MemFree:          126260 kB
Active:           355676 kB
Mem:          3.8G       3.7G       123M       5.7M        27M       3.2G

MemTotal:        4016004 kB
MemFree:          126276 kB
Active:           355648 kB
Mem:          3.8G       3.7G       123M       5.7M        27M       3.2G

MemTotal:        4016004 kB
MemFree:          126400 kB
Active:           355652 kB
Mem:          3.8G       3.7G       123M       5.7M        27M       3.2G

MemTotal:        4016004 kB
MemFree:          126152 kB
Active:           355684 kB
Mem:          3.8G       3.7G       123M       5.7M        27M       3.2G

MemTotal:        4016004 kB
MemFree:          125904 kB
Active:           355700 kB
Mem:          3.8G       3.7G       123M       5.7M        27M       3.2G

MemTotal:        4016004 kB
MemFree:          125780 kB
Active:           355700 kB
Mem:          3.8G       3.7G       123M       5.7M        27M       3.2G

MemTotal:        4016004 kB
MemFree:          126276 kB
Active:           355660 kB
Mem:          3.8G       3.7G       123M       5.7M        27M       3.2G

MemTotal:        4016004 kB
MemFree:          126276 kB
Active:           355644 kB
Mem:          3.8G       3.7G       123M       5.7M        27M       3.2G

MemTotal:        4016004 kB
MemFree:          126276 kB
Active:           355704 kB
Mem:          3.8G       3.7G       123M       5.7M        27M       3.2G

MemTotal:        4016004 kB
MemFree:          126524 kB
Active:           355684 kB
Mem:          3.8G       3.7G       123M       5.7M        27M       3.2G

MemTotal:        4016004 kB
MemFree:          126400 kB
Active:           355676 kB
Mem:          3.8G       3.7G       123M       5.7M        27M       3.2G

MemTotal:        4016004 kB
MemFree:          126276 kB
Active:           355708 kB
Mem:          3.8G       3.7G       123M       5.7M        27M       3.2G

MemTotal:        4016004 kB
MemFree:          126152 kB
Active:           355652 kB
Mem:          3.8G       3.7G       123M       5.7M        27M       3.2G

MemTotal:        4016004 kB
MemFree:          126152 kB
Active:           355692 kB
Mem:          3.8G       3.7G       123M       5.7M        27M       3.2G

MemTotal:        4016004 kB
MemFree:          126152 kB
Active:           355700 kB
Mem:          3.8G       3.7G       123M       5.7M        28M       3.2G

MemTotal:        4016004 kB
MemFree:          126028 kB
Active:           355748 kB
Mem:          3.8G       3.7G       123M       5.7M        28M       3.2G

MemTotal:        4016004 kB
MemFree:          125904 kB
Active:           355724 kB
Mem:          3.8G       3.7G       122M       5.7M        28M       3.2G

MemTotal:        4016004 kB
MemFree:          126136 kB
Active:           355760 kB
Mem:          3.8G       3.7G       122M       5.7M        28M       3.2G

MemTotal:        4016004 kB
MemFree:          126136 kB
Active:           355756 kB
Mem:          3.8G       3.7G       123M       5.7M        28M       3.2G

MemTotal:        4016004 kB
MemFree:          126384 kB
Active:           355708 kB
Mem:          3.8G       3.7G       123M       5.7M        28M       3.2G

MemTotal:        4016004 kB
MemFree:          126508 kB
Active:           355720 kB
Mem:          3.8G       3.7G       123M       5.7M        28M       3.2G

MemTotal:        4016004 kB
MemFree:          126012 kB
Active:           355760 kB
Mem:          3.8G       3.7G       122M       5.7M        28M       3.2G

MemTotal:        4016004 kB
MemFree:          126012 kB
Active:           355720 kB
Mem:          3.8G       3.7G       122M       5.7M        28M       3.2G

MemTotal:        4016004 kB
MemFree:          126012 kB
Active:           355732 kB
Mem:          3.8G       3.7G       122M       5.7M        28M       3.2G

MemTotal:        4016004 kB
MemFree:          126136 kB
Active:           355756 kB
Mem:          3.8G       3.7G       122M       5.7M        28M       3.2G

MemTotal:        4016004 kB
MemFree:          126012 kB
Active:           355744 kB
Mem:          3.8G       3.7G       123M       5.7M        28M       3.2G

MemTotal:        4016004 kB
MemFree:          126136 kB
Active:           355724 kB
Mem:          3.8G       3.7G       123M       5.7M        28M       3.2G

MemTotal:        4016004 kB
MemFree:          126260 kB
Active:           355744 kB
Mem:          3.8G       3.7G       123M       5.7M        28M       3.2G

MemTotal:        4016004 kB
MemFree:          126136 kB
Active:           355728 kB
Mem:          3.8G       3.7G       123M       5.7M        28M       3.2G

MemTotal:        4016004 kB
MemFree:          126136 kB
Active:           355780 kB
Mem:          3.8G       3.7G       123M       5.7M        28M       3.2G

MemTotal:        4016004 kB
MemFree:          126260 kB
Active:           355780 kB
Mem:          3.8G       3.7G       123M       5.7M        28M       3.2G

MemTotal:        4016004 kB
MemFree:          126508 kB
Active:           355768 kB
Mem:          3.8G       3.7G       123M       5.7M        28M       3.2G

MemTotal:        4016004 kB
MemFree:          128208 kB
Active:           353856 kB
Mem:          3.8G       3.7G       124M       5.7M        28M       3.2G

MemTotal:        4016004 kB
MemFree:          128260 kB
Active:           353728 kB
Mem:          3.8G       3.7G       125M       5.7M        28M       3.2G

MemTotal:        4016004 kB
MemFree:          128384 kB
Active:           353752 kB
Mem:          3.8G       3.7G       125M       5.7M        28M       3.2G

MemTotal:        4016004 kB
MemFree:          128384 kB
Active:           353744 kB
Mem:          3.8G       3.7G       125M       5.7M        28M       3.2G

MemTotal:        4016004 kB
MemFree:          128136 kB
Active:           353736 kB
Mem:          3.8G       3.7G       125M       5.7M        28M       3.2G

MemTotal:        4016004 kB
MemFree:          128012 kB
Active:           353728 kB
Mem:          3.8G       3.7G       125M       5.7M        28M       3.2G

MemTotal:        4016004 kB
MemFree:          127640 kB
Active:           353768 kB
Mem:          3.8G       3.7G       124M       5.7M        28M       3.2G

MemTotal:        4016004 kB
MemFree:          128012 kB
Active:           353728 kB
Mem:          3.8G       3.7G       125M       5.7M        28M       3.2G

MemTotal:        4016004 kB
MemFree:          128012 kB
Active:           353752 kB
Mem:          3.8G       3.7G       124M       5.7M        28M       3.2G

MemTotal:        4016004 kB
MemFree:          127516 kB
Active:           353776 kB
Mem:          3.8G       3.7G       124M       5.7M        28M       3.2G

MemTotal:        4016004 kB
MemFree:          128012 kB
Active:           353760 kB
Mem:          3.8G       3.7G       124M       5.7M        28M       3.2G

MemTotal:        4016004 kB
MemFree:          128012 kB
Active:           353764 kB
Mem:          3.8G       3.7G       124M       5.7M        28M       3.2G

MemTotal:        4016004 kB
MemFree:          128136 kB
Active:           353756 kB
Mem:          3.8G       3.7G       125M       5.7M        28M       3.2G

MemTotal:        4016004 kB
MemFree:          128260 kB
Active:           353752 kB
Mem:          3.8G       3.7G       125M       5.7M        28M       3.2G

MemTotal:        4016004 kB
MemFree:          128260 kB
Active:           353752 kB
Mem:          3.8G       3.7G       125M       5.7M        28M       3.2G

MemTotal:        4016004 kB
MemFree:          128260 kB
Active:           353744 kB
Mem:          3.8G       3.7G       125M       5.7M        28M       3.2G

MemTotal:        4016004 kB
MemFree:          128260 kB
Active:           353788 kB
Mem:          3.8G       3.7G       125M       5.7M        28M       3.2G

MemTotal:        4016004 kB
MemFree:          128260 kB
Active:           353780 kB
Mem:          3.8G       3.7G       125M       5.7M        28M       3.2G

MemTotal:        4016004 kB
MemFree:          128260 kB
Active:           353768 kB
Mem:          3.8G       3.7G       125M       5.7M        28M       3.2G

MemTotal:        4016004 kB
MemFree:          128012 kB
Active:           353784 kB
Mem:          3.8G       3.7G       124M       5.7M        28M       3.2G

MemTotal:        4016004 kB
MemFree:          127888 kB
Active:           353780 kB
Mem:          3.8G       3.7G       124M       5.7M        28M       3.2G

MemTotal:        4016004 kB
MemFree:          128012 kB
Active:           353764 kB
Mem:          3.8G       3.7G       124M       5.7M        28M       3.2G

MemTotal:        4016004 kB
MemFree:          128012 kB
Active:           353740 kB
Mem:          3.8G       3.7G       125M       5.7M        28M       3.2G

MemTotal:        4016004 kB
MemFree:          128012 kB
Active:           353796 kB
Mem:          3.8G       3.7G       125M       5.7M        28M       3.2G

MemTotal:        4016004 kB
MemFree:          128260 kB
Active:           353792 kB
Mem:          3.8G       3.7G       125M       5.7M        28M       3.2G

MemTotal:        4016004 kB
MemFree:          128260 kB
Active:           353804 kB
Mem:          3.8G       3.7G       125M       5.7M        28M       3.2G

MemTotal:        4016004 kB
MemFree:          128012 kB
Active:           353792 kB
Mem:          3.8G       3.7G       124M       5.7M        28M       3.2G

MemTotal:        4016004 kB
MemFree:          128260 kB
Active:           353784 kB
Mem:          3.8G       3.7G       125M       5.7M        28M       3.2G

MemTotal:        4016004 kB
MemFree:          128260 kB
Active:           353780 kB
Mem:          3.8G       3.7G       125M       5.7M        28M       3.2G

MemTotal:        4016004 kB
MemFree:          128012 kB
Active:           353756 kB
Mem:          3.8G       3.7G       125M       5.7M        28M       3.2G

MemTotal:        4016004 kB
MemFree:          128012 kB
Active:           353800 kB
Mem:          3.8G       3.7G       125M       5.7M        28M       3.2G

MemTotal:        4016004 kB
MemFree:          128632 kB
Active:           353756 kB
Mem:          3.8G       3.7G       125M       5.7M        28M       3.2G

MemTotal:        4016004 kB
MemFree:          128260 kB
Active:           353812 kB
Mem:          3.8G       3.7G       125M       5.7M        28M       3.2G

MemTotal:        4016004 kB
MemFree:          128136 kB
Active:           353792 kB
Mem:          3.8G       3.7G       125M       5.7M        28M       3.2G

MemTotal:        4016004 kB
MemFree:          128508 kB
Active:           353772 kB
Mem:          3.8G       3.7G       124M       5.7M        28M       3.2G

MemTotal:        4016004 kB
MemFree:          128136 kB
Active:           353792 kB
Mem:          3.8G       3.7G       124M       5.7M        28M       3.2G

MemTotal:        4016004 kB
MemFree:          128012 kB
Active:           353804 kB
Mem:          3.8G       3.7G       124M       5.7M        28M       3.2G

MemTotal:        4016004 kB
MemFree:          128136 kB
Active:           353776 kB
Mem:          3.8G       3.7G       124M       5.7M        28M       3.2G

MemTotal:        4016004 kB
MemFree:          128136 kB
Active:           353772 kB
Mem:          3.8G       3.7G       125M       5.7M        28M       3.2G

MemTotal:        4016004 kB
MemFree:          128012 kB
Active:           353820 kB
Mem:          3.8G       3.7G       125M       5.7M        28M       3.2G

MemTotal:        4016004 kB
MemFree:          128012 kB
Active:           353804 kB
Mem:          3.8G       3.7G       125M       5.7M        28M       3.2G

MemTotal:        4016004 kB
MemFree:          128136 kB
Active:           353800 kB
Mem:          3.8G       3.7G       124M       5.7M        28M       3.2G

MemTotal:        4016004 kB
MemFree:          128012 kB
Active:           353780 kB
Mem:          3.8G       3.7G       124M       5.7M        28M       3.2G

MemTotal:        4016004 kB
MemFree:          128136 kB
Active:           353796 kB
Mem:          3.8G       3.7G       124M       5.7M        28M       3.2G

MemTotal:        4016004 kB
MemFree:          128012 kB
Active:           353832 kB
Mem:          3.8G       3.7G       125M       5.7M        28M       3.2G

MemTotal:        4016004 kB
MemFree:          128136 kB
Active:           353816 kB
Mem:          3.8G       3.7G       125M       5.7M        28M       3.2G

MemTotal:        4016004 kB
MemFree:          127888 kB
Active:           353816 kB
Mem:          3.8G       3.7G       124M       5.7M        28M       3.2G

MemTotal:        4016004 kB
MemFree:          128632 kB
Active:           353820 kB
Mem:          3.8G       3.7G       125M       5.7M        28M       3.2G

MemTotal:        4016004 kB
MemFree:          128012 kB
Active:           353820 kB
Mem:          3.8G       3.7G       125M       5.7M        28M       3.2G

MemTotal:        4016004 kB
MemFree:          128012 kB
Active:           353848 kB
Mem:          3.8G       3.7G       125M       5.7M        28M       3.2G

MemTotal:        4016004 kB
MemFree:          128136 kB
Active:           353832 kB
Mem:          3.8G       3.7G       124M       5.7M        28M       3.2G

MemTotal:        4016004 kB
MemFree:          128136 kB
Active:           353820 kB
Mem:          3.8G       3.7G       124M       5.7M        28M       3.2G

MemTotal:        4016004 kB
MemFree:          127888 kB
Active:           353856 kB
Mem:          3.8G       3.7G       124M       5.7M        28M       3.2G

MemTotal:        4016004 kB
MemFree:          127764 kB
Active:           353840 kB
Mem:          3.8G       3.7G       124M       5.7M        28M       3.2G

MemTotal:        4016004 kB
MemFree:          127640 kB
Active:           353840 kB
Mem:          3.8G       3.7G       124M       5.7M        28M       3.2G

MemTotal:        4016004 kB
MemFree:          127640 kB
Active:           353804 kB
Mem:          3.8G       3.7G       124M       5.7M        28M       3.2G

MemTotal:        4016004 kB
MemFree:          127640 kB
Active:           353860 kB
Mem:          3.8G       3.7G       124M       5.7M        28M       3.2G

MemTotal:        4016004 kB
MemFree:          127764 kB
Active:           353832 kB
Mem:          3.8G       3.7G       124M       5.7M        28M       3.2G

MemTotal:        4016004 kB
MemFree:          128012 kB
Active:           353852 kB
Mem:          3.8G       3.7G       124M       5.7M        28M       3.2G

MemTotal:        4016004 kB
MemFree:          128012 kB
Active:           353856 kB
Mem:          3.8G       3.7G       124M       5.7M        28M       3.2G

MemTotal:        4016004 kB
MemFree:          128012 kB
Active:           353852 kB
Mem:          3.8G       3.7G       124M       5.7M        28M       3.2G

MemTotal:        4016004 kB
MemFree:          128012 kB
Active:           353860 kB
Mem:          3.8G       3.7G       124M       5.7M        28M       3.2G

MemTotal:        4016004 kB
MemFree:          128012 kB
Active:           353860 kB
Mem:          3.8G       3.7G       125M       5.7M        28M       3.2G

MemTotal:        4016004 kB
MemFree:          128136 kB
Active:           353860 kB
Mem:          3.8G       3.7G       124M       5.7M        28M       3.2G

MemTotal:        4016004 kB
MemFree:          128012 kB
Active:           353860 kB
Mem:          3.8G       3.7G       125M       5.7M        28M       3.2G

MemTotal:        4016004 kB
MemFree:          127888 kB
Active:           353844 kB
Mem:          3.8G       3.7G       124M       5.7M        28M       3.2G

MemTotal:        4016004 kB
MemFree:          127888 kB
Active:           353880 kB
Mem:          3.8G       3.7G       124M       5.7M        28M       3.2G

MemTotal:        4016004 kB
MemFree:          128012 kB
Active:           353864 kB
Mem:          3.8G       3.7G       124M       5.7M        28M       3.2G

MemTotal:        4016004 kB
MemFree:          128012 kB
Active:           353868 kB
Mem:          3.8G       3.7G       124M       5.7M        28M       3.2G

MemTotal:        4016004 kB
MemFree:          127888 kB
Active:           353848 kB
Mem:          3.8G       3.7G       124M       5.7M        28M       3.2G

MemTotal:        4016004 kB
MemFree:          127888 kB
Active:           353860 kB
Mem:          3.8G       3.7G       124M       5.7M        28M       3.2G

MemTotal:        4016004 kB
MemFree:          127888 kB
Active:           353884 kB
Mem:          3.8G       3.7G       124M       5.7M        28M       3.2G

MemTotal:        4016004 kB
MemFree:          128012 kB
Active:           353868 kB
Mem:          3.8G       3.7G       124M       5.7M        28M       3.2G

MemTotal:        4016004 kB
MemFree:          127516 kB
Active:           353892 kB
Mem:          3.8G       3.7G       124M       5.7M        28M       3.2G

MemTotal:        4016004 kB
MemFree:          127516 kB
Active:           353900 kB
Mem:          3.8G       3.7G       124M       5.7M        28M       3.2G

MemTotal:        4016004 kB
MemFree:          128012 kB
Active:           353900 kB
Mem:          3.8G       3.7G       124M       5.7M        28M       3.2G

MemTotal:        4016004 kB
MemFree:          127764 kB
Active:           353880 kB
Mem:          3.8G       3.7G       124M       5.7M        28M       3.2G

MemTotal:        4016004 kB
MemFree:          128012 kB
Active:           353860 kB
Mem:          3.8G       3.7G       125M       5.7M        28M       3.2G

MemTotal:        4016004 kB
MemFree:          127764 kB
Active:           353888 kB
Mem:          3.8G       3.7G       124M       5.7M        28M       3.2G

MemTotal:        4016004 kB
MemFree:          127764 kB
Active:           353884 kB
Mem:          3.8G       3.7G       125M       5.7M        28M       3.2G

MemTotal:        4016004 kB
MemFree:          127888 kB
Active:           353892 kB
Mem:          3.8G       3.7G       124M       5.7M        28M       3.2G

MemTotal:        4016004 kB
MemFree:          127640 kB
Active:           353916 kB
Mem:          3.8G       3.7G       124M       5.7M        28M       3.2G

MemTotal:        4016004 kB
MemFree:          128012 kB
Active:           353864 kB
Mem:          3.8G       3.7G       125M       5.7M        28M       3.2G

MemTotal:        4016004 kB
MemFree:          128020 kB
Active:           353888 kB
Mem:          3.8G       3.7G       125M       5.7M        28M       3.2G

MemTotal:        4016004 kB
MemFree:          128144 kB
Active:           353892 kB
Mem:          3.8G       3.7G       125M       5.7M        28M       3.2G

MemTotal:        4016004 kB
MemFree:          128144 kB
Active:           353872 kB
Mem:          3.8G       3.7G       125M       5.7M        28M       3.2G

MemTotal:        4016004 kB
MemFree:          128268 kB
Active:           353872 kB
Mem:          3.8G       3.7G       125M       5.7M        28M       3.2G

MemTotal:        4016004 kB
MemFree:          128144 kB
Active:           353888 kB
Mem:          3.8G       3.7G       124M       5.7M        28M       3.2G

MemTotal:        4016004 kB
MemFree:          128144 kB
Active:           353904 kB
Mem:          3.8G       3.7G       125M       5.7M        28M       3.2G

MemTotal:        4016004 kB
MemFree:          127772 kB
Active:           353932 kB
Mem:          3.8G       3.7G       125M       5.7M        28M       3.2G

MemTotal:        4016004 kB
MemFree:          127648 kB
Active:           353932 kB
Mem:          3.8G       3.7G       124M       5.7M        28M       3.2G

MemTotal:        4016004 kB
MemFree:          128268 kB
Active:           353908 kB
Mem:          3.8G       3.7G       125M       5.7M        28M       3.2G

MemTotal:        4016004 kB
MemFree:          128268 kB
Active:           353880 kB
Mem:          3.8G       3.7G       125M       5.7M        28M       3.2G

MemTotal:        4016004 kB
MemFree:          128144 kB
Active:           353888 kB
Mem:          3.8G       3.7G       125M       5.7M        28M       3.2G

MemTotal:        4016004 kB
MemFree:          128144 kB
Active:           353896 kB
Mem:          3.8G       3.7G       124M       5.7M        28M       3.2G

MemTotal:        4016004 kB
MemFree:          128144 kB
Active:           353900 kB
Mem:          3.8G       3.7G       125M       5.7M        28M       3.2G

MemTotal:        4016004 kB
MemFree:          127772 kB
Active:           353940 kB
Mem:          3.8G       3.7G       125M       5.7M        28M       3.2G

MemTotal:        4016004 kB
MemFree:          127772 kB
Active:           353940 kB
Mem:          3.8G       3.7G       125M       5.7M        28M       3.2G

MemTotal:        4016004 kB
MemFree:          128144 kB
Active:           353884 kB
Mem:          3.8G       3.7G       125M       5.7M        28M       3.2G

MemTotal:        4016004 kB
MemFree:          128144 kB
Active:           353940 kB
Mem:          3.8G       3.7G       125M       5.7M        28M       3.2G

MemTotal:        4016004 kB
MemFree:          127772 kB
Active:           353888 kB
Mem:          3.8G       3.7G       124M       5.7M        28M       3.2G

MemTotal:        4016004 kB
MemFree:          127772 kB
Active:           353944 kB
Mem:          3.8G       3.7G       124M       5.7M        28M       3.2G

MemTotal:        4016004 kB
MemFree:          127896 kB
Active:           353948 kB
Mem:          3.8G       3.7G       124M       5.7M        28M       3.2G

MemTotal:        4016004 kB
MemFree:          127896 kB
Active:           353932 kB
Mem:          3.8G       3.7G       124M       5.7M        28M       3.2G

MemTotal:        4016004 kB
MemFree:          128676 kB
Active:           353548 kB
Mem:          3.8G       3.7G       125M       5.7M        28M       3.2G

MemTotal:        4016004 kB
MemFree:          129172 kB
Active:           353492 kB
Mem:          3.8G       3.7G       126M       5.7M        28M       3.2G

MemTotal:        4016004 kB
MemFree:          129048 kB
Active:           353504 kB
Mem:          3.8G       3.7G       126M       5.7M        28M       3.2G

MemTotal:        4016004 kB
MemFree:          128676 kB
Active:           353560 kB
Mem:          3.8G       3.7G       125M       5.7M        28M       3.2G

MemTotal:        4016004 kB
MemFree:          129048 kB
Active:           353524 kB
Mem:          3.8G       3.7G       126M       5.7M        28M       3.2G

MemTotal:        4016004 kB
MemFree:          129296 kB
Active:           353544 kB
Mem:          3.8G       3.7G       126M       5.7M        28M       3.2G

MemTotal:        4016004 kB
MemFree:          129296 kB
Active:           353528 kB
Mem:          3.8G       3.7G       126M       5.7M        28M       3.2G

MemTotal:        4016004 kB
MemFree:          129048 kB
Active:           353564 kB
Mem:          3.8G       3.7G       126M       5.7M        28M       3.2G

MemTotal:        4016004 kB
MemFree:          129296 kB
Active:           353564 kB
Mem:          3.8G       3.7G       126M       5.7M        28M       3.2G

MemTotal:        4016004 kB
MemFree:          129668 kB
Active:           353568 kB
Mem:          3.8G       3.7G       126M       5.7M        28M       3.2G

MemTotal:        4016004 kB
MemFree:          129792 kB
Active:           353576 kB
Mem:          3.8G       3.7G       126M       5.7M        28M       3.2G

MemTotal:        4016004 kB
MemFree:          129668 kB
Active:           353524 kB
Mem:          3.8G       3.7G       126M       5.7M        28M       3.2G

MemTotal:        4016004 kB
MemFree:          129668 kB
Active:           353560 kB
Mem:          3.8G       3.7G       126M       5.7M        28M       3.2G

MemTotal:        4016004 kB
MemFree:          129544 kB
Active:           353568 kB
Mem:          3.8G       3.7G       126M       5.7M        28M       3.2G

MemTotal:        4016004 kB
MemFree:          129296 kB
Active:           353584 kB
Mem:          3.8G       3.7G       126M       5.7M        28M       3.2G

MemTotal:        4016004 kB
MemFree:          129792 kB
Active:           353580 kB
Mem:          3.8G       3.7G       126M       5.7M        28M       3.2G

MemTotal:        4016004 kB
MemFree:          129916 kB
Active:           353552 kB
Mem:          3.8G       3.7G       126M       5.7M        28M       3.2G

MemTotal:        4016004 kB
MemFree:          129544 kB
Active:           353588 kB
Mem:          3.8G       3.7G       126M       5.7M        28M       3.2G

MemTotal:        4016004 kB
MemFree:          129172 kB
Active:           353592 kB
Mem:          3.8G       3.7G       126M       5.7M        28M       3.2G

MemTotal:        4016004 kB
MemFree:          129544 kB
Active:           353552 kB
Mem:          3.8G       3.7G       126M       5.7M        28M       3.2G

MemTotal:        4016004 kB
MemFree:          129668 kB
Active:           353540 kB
Mem:          3.8G       3.7G       126M       5.7M        28M       3.2G

MemTotal:        4016004 kB
MemFree:          129172 kB
Active:           353592 kB
Mem:          3.8G       3.7G       126M       5.7M        28M       3.2G

MemTotal:        4016004 kB
MemFree:          129296 kB
Active:           353576 kB
Mem:          3.8G       3.7G       126M       5.7M        28M       3.2G

MemTotal:        4016004 kB
MemFree:          129420 kB
Active:           353580 kB
Mem:          3.8G       3.7G       126M       5.7M        28M       3.2G

MemTotal:        4016004 kB
MemFree:          129296 kB
Active:           353564 kB
Mem:          3.8G       3.7G       126M       5.7M        28M       3.2G

MemTotal:        4016004 kB
MemFree:          129172 kB
Active:           353572 kB
Mem:          3.8G       3.7G       126M       5.7M        28M       3.2G

MemTotal:        4016004 kB
MemFree:          129236 kB
Active:           353600 kB
Mem:          3.8G       3.7G       126M       5.7M        28M       3.2G

MemTotal:        4016004 kB
MemFree:          129360 kB
Active:           353584 kB
Mem:          3.8G       3.7G       126M       5.7M        28M       3.2G

MemTotal:        4016004 kB
MemFree:          128988 kB
Active:           353612 kB
Mem:          3.8G       3.7G       126M       5.7M        28M       3.2G

MemTotal:        4016004 kB
MemFree:          129360 kB
Active:           353584 kB
Mem:          3.8G       3.7G       126M       5.7M        28M       3.2G

MemTotal:        4016004 kB
MemFree:          129360 kB
Active:           353568 kB
