MemTotal:        4016004 kB
MemFree:         3235728 kB
Active:           421632 kB
Mem:          3.8G       761M       3.1G       5.7M        54M       315M

MemTotal:        4016004 kB
MemFree:         3236648 kB
Active:           421848 kB
Mem:          3.8G       760M       3.1G       5.7M        54M       315M

MemTotal:        4016004 kB
MemFree:         3237020 kB
Active:           421892 kB
Mem:          3.8G       760M       3.1G       5.7M        54M       315M

MemTotal:        4016004 kB
MemFree:         3237392 kB
Active:           421908 kB
Mem:          3.8G       760M       3.1G       5.7M        54M       315M

MemTotal:        4016004 kB
MemFree:         3237516 kB
Active:           421880 kB
Mem:          3.8G       760M       3.1G       5.7M        54M       315M

MemTotal:        4016004 kB
MemFree:         3237500 kB
Active:           421896 kB
Mem:          3.8G       760M       3.1G       5.7M        54M       315M

MemTotal:        4016004 kB
MemFree:         3237592 kB
Active:           421880 kB
Mem:          3.8G       760M       3.1G       5.7M        54M       315M

MemTotal:        4016004 kB
MemFree:         3237096 kB
Active:           421936 kB
Mem:          3.8G       760M       3.1G       5.7M        54M       315M

MemTotal:        4016004 kB
MemFree:         3237220 kB
Active:           421892 kB
Mem:          3.8G       760M       3.1G       5.7M        54M       315M

MemTotal:        4016004 kB
MemFree:         3236724 kB
Active:           421936 kB
Mem:          3.8G       760M       3.1G       5.7M        54M       315M

MemTotal:        4016004 kB
MemFree:         3237220 kB
Active:           421896 kB
Mem:          3.8G       760M       3.1G       5.7M        54M       315M

MemTotal:        4016004 kB
MemFree:         3237096 kB
Active:           421936 kB
Mem:          3.8G       760M       3.1G       5.7M        54M       315M

MemTotal:        4016004 kB
MemFree:         3236972 kB
Active:           421904 kB
Mem:          3.8G       760M       3.1G       5.7M        54M       315M

MemTotal:        4016004 kB
MemFree:         3237220 kB
Active:           421924 kB
Mem:          3.8G       760M       3.1G       5.7M        54M       315M

MemTotal:        4016004 kB
MemFree:         3237220 kB
Active:           421888 kB
Mem:          3.8G       760M       3.1G       5.7M        54M       315M

MemTotal:        4016004 kB
MemFree:         3238320 kB
Active:           419936 kB
Mem:          3.8G       759M       3.1G       5.7M        54M       315M

MemTotal:        4016004 kB
MemFree:         3238848 kB
Active:           419880 kB
Mem:          3.8G       759M       3.1G       5.7M        54M       315M

MemTotal:        4016004 kB
MemFree:         3238832 kB
Active:           419896 kB
Mem:          3.8G       759M       3.1G       5.7M        54M       315M

MemTotal:        4016004 kB
MemFree:         3238816 kB
Active:           419872 kB
Mem:          3.8G       759M       3.1G       5.7M        54M       315M

MemTotal:        4016004 kB
MemFree:         3239064 kB
Active:           419896 kB
Mem:          3.8G       758M       3.1G       5.7M        54M       315M

MemTotal:        4016004 kB
MemFree:         3239576 kB
Active:           419904 kB
Mem:          3.8G       758M       3.1G       5.7M        54M       315M

MemTotal:        4016004 kB
MemFree:         3239576 kB
Active:           419920 kB
Mem:          3.8G       758M       3.1G       5.7M        54M       315M

MemTotal:        4016004 kB
MemFree:         3239328 kB
Active:           419912 kB
Mem:          3.8G       758M       3.1G       5.7M        54M       315M

MemTotal:        4016004 kB
MemFree:         3239328 kB
Active:           419908 kB
Mem:          3.8G       758M       3.1G       5.7M        54M       315M

MemTotal:        4016004 kB
MemFree:         3239204 kB
Active:           419920 kB
Mem:          3.8G       758M       3.1G       5.7M        54M       315M

MemTotal:        4016004 kB
MemFree:         3236908 kB
Active:           419876 kB
Mem:          3.8G       760M       3.1G       5.7M        54M       315M

MemTotal:        4016004 kB
MemFree:         3236908 kB
Active:           421900 kB
Mem:          3.8G       760M       3.1G       5.7M        54M       315M

MemTotal:        4016004 kB
MemFree:         3237156 kB
Active:           421924 kB
Mem:          3.8G       760M       3.1G       5.7M        54M       315M

MemTotal:        4016004 kB
MemFree:         3236660 kB
Active:           421968 kB
Mem:          3.8G       760M       3.1G       5.7M        54M       315M

MemTotal:        4016004 kB
MemFree:         3237032 kB
Active:           421952 kB
Mem:          3.8G       760M       3.1G       5.7M        54M       315M

MemTotal:        4016004 kB
MemFree:         3237156 kB
Active:           421932 kB
Mem:          3.8G       760M       3.1G       5.7M        54M       315M

MemTotal:        4016004 kB
MemFree:         3237388 kB
Active:           421952 kB
Mem:          3.8G       760M       3.1G       5.7M        54M       315M

MemTotal:        4016004 kB
MemFree:         3236892 kB
Active:           421968 kB
Mem:          3.8G       760M       3.1G       5.7M        54M       315M

MemTotal:        4016004 kB
MemFree:         3237140 kB
Active:           421912 kB
Mem:          3.8G       760M       3.1G       5.7M        54M       315M

MemTotal:        4016004 kB
MemFree:         3237264 kB
Active:           421944 kB
Mem:          3.8G       760M       3.1G       5.7M        54M       315M

MemTotal:        4016004 kB
MemFree:         3237140 kB
Active:           421920 kB
Mem:          3.8G       760M       3.1G       5.7M        54M       315M

MemTotal:        4016004 kB
MemFree:         3237256 kB
Active:           421924 kB
Mem:          3.8G       760M       3.1G       5.7M        54M       315M

MemTotal:        4016004 kB
MemFree:         3237116 kB
Active:           421944 kB
Mem:          3.8G       761M       3.1G       5.7M        54M       315M

MemTotal:        4016004 kB
MemFree:         3236976 kB
Active:           421924 kB
Mem:          3.8G       760M       3.1G       5.7M        54M       315M

MemTotal:        4016004 kB
MemFree:         3236960 kB
Active:           421980 kB
Mem:          3.8G       761M       3.1G       5.7M        54M       315M

MemTotal:        4016004 kB
MemFree:         3236944 kB
Active:           421980 kB
Mem:          3.8G       760M       3.1G       5.7M        54M       315M

MemTotal:        4016004 kB
MemFree:         3236944 kB
Active:           421952 kB
Mem:          3.8G       760M       3.1G       5.7M        54M       315M

MemTotal:        4016004 kB
MemFree:         3236820 kB
Active:           421976 kB
Mem:          3.8G       761M       3.1G       5.7M        54M       315M

MemTotal:        4016004 kB
MemFree:         3236820 kB
Active:           421980 kB
Mem:          3.8G       761M       3.1G       5.7M        54M       315M

MemTotal:        4016004 kB
MemFree:         3236804 kB
Active:           421992 kB
Mem:          3.8G       760M       3.1G       5.7M        54M       315M

MemTotal:        4016004 kB
MemFree:         3237024 kB
Active:           421972 kB
Mem:          3.8G       760M       3.1G       5.7M        54M       315M

MemTotal:        4016004 kB
MemFree:         3237024 kB
Active:           421980 kB
Mem:          3.8G       760M       3.1G       5.7M        54M       315M

MemTotal:        4016004 kB
MemFree:         3237272 kB
Active:           422004 kB
Mem:          3.8G       760M       3.1G       5.7M        54M       315M

MemTotal:        4016004 kB
MemFree:         3237520 kB
Active:           421952 kB
Mem:          3.8G       760M       3.1G       5.7M        54M       315M

MemTotal:        4016004 kB
MemFree:         3237024 kB
Active:           422012 kB
Mem:          3.8G       760M       3.1G       5.7M        54M       315M

MemTotal:        4016004 kB
MemFree:         3236652 kB
Active:           422016 kB
Mem:          3.8G       760M       3.1G       5.7M        54M       315M

MemTotal:        4016004 kB
MemFree:         3237272 kB
Active:           421960 kB
Mem:          3.8G       760M       3.1G       5.7M        54M       315M

MemTotal:        4016004 kB
MemFree:         3237272 kB
Active:           422004 kB
Mem:          3.8G       760M       3.1G       5.7M        54M       315M

MemTotal:        4016004 kB
MemFree:         3236436 kB
Active:           422036 kB
Mem:          3.8G       761M       3.1G       5.7M        54M       315M

MemTotal:        4016004 kB
MemFree:         3236560 kB
Active:           422012 kB
Mem:          3.8G       761M       3.1G       5.7M        54M       315M

MemTotal:        4016004 kB
MemFree:         3236372 kB
Active:           420056 kB
Mem:          3.8G       761M       3.1G       5.7M        54M       315M

MemTotal:        4016004 kB
MemFree:         3236496 kB
Active:           422116 kB
Mem:          3.8G       760M       3.1G       5.7M        54M       315M

MemTotal:        4016004 kB
MemFree:         3236868 kB
Active:           422152 kB
Mem:          3.8G       760M       3.1G       5.7M        54M       315M

MemTotal:        4016004 kB
MemFree:         3236620 kB
Active:           422124 kB
Mem:          3.8G       761M       3.1G       5.7M        54M       315M

MemTotal:        4016004 kB
MemFree:         3236744 kB
Active:           422128 kB
Mem:          3.8G       761M       3.1G       5.7M        54M       315M

MemTotal:        4016004 kB
MemFree:         3236712 kB
Active:           422156 kB
Mem:          3.8G       761M       3.1G       5.7M        54M       315M

MemTotal:        4016004 kB
MemFree:         3122016 kB
Active:           422840 kB
Mem:          3.8G       873M       3.0G       5.7M        54M       426M

MemTotal:        4016004 kB
MemFree:         3009820 kB
Active:           422872 kB
Mem:          3.8G       984M       2.9G       5.7M        54M       535M

MemTotal:        4016004 kB
MemFree:         2891500 kB
Active:           422892 kB
Mem:          3.8G       1.1G       2.8G       5.7M        54M       648M

MemTotal:        4016004 kB
MemFree:         2878348 kB
Active:           422892 kB
Mem:          3.8G       1.1G       2.7G       5.7M        54M       660M

MemTotal:        4016004 kB
MemFree:         2832096 kB
Active:           422860 kB
Mem:          3.8G       1.1G       2.7G       5.7M        54M       705M

MemTotal:        4016004 kB
MemFree:         2780988 kB
Active:           422896 kB
Mem:          3.8G       1.2G       2.7G       5.7M        54M       754M

MemTotal:        4016004 kB
MemFree:         2779404 kB
Active:           422880 kB
Mem:          3.8G       1.2G       2.7G       5.7M        54M       755M

MemTotal:        4016004 kB
MemFree:         2777528 kB
Active:           422912 kB
Mem:          3.8G       1.2G       2.6G       5.7M        54M       757M

MemTotal:        4016004 kB
MemFree:         2776224 kB
Active:           422912 kB
Mem:          3.8G       1.2G       2.6G       5.7M        54M       758M

MemTotal:        4016004 kB
MemFree:         2730980 kB
Active:           422900 kB
Mem:          3.8G       1.2G       2.6G       5.7M        54M       803M

MemTotal:        4016004 kB
MemFree:         2626224 kB
Active:           422912 kB
Mem:          3.8G       1.3G       2.5G       5.7M        54M       904M

MemTotal:        4016004 kB
MemFree:         2491008 kB
Active:           422892 kB
Mem:          3.8G       1.5G       2.4G       5.7M        54M       1.0G

MemTotal:        4016004 kB
MemFree:         2423976 kB
Active:           422948 kB
Mem:          3.8G       1.5G       2.3G       5.7M        54M       1.1G

MemTotal:        4016004 kB
MemFree:         2421732 kB
Active:           423156 kB
Mem:          3.8G       1.5G       2.3G       5.7M        54M       1.1G

MemTotal:        4016004 kB
MemFree:         2315072 kB
Active:           430652 kB
Mem:          3.8G       1.6G       2.2G       5.7M        62M       1.2G

MemTotal:        4016004 kB
MemFree:         2310724 kB
Active:           430764 kB
Mem:          3.8G       1.6G       2.2G       5.7M        62M       1.2G

MemTotal:        4016004 kB
MemFree:         2229392 kB
Active:           430756 kB
Mem:          3.8G       1.7G       2.1G       5.7M        62M       1.2G

MemTotal:        4016004 kB
MemFree:         2215012 kB
Active:           430784 kB
Mem:          3.8G       1.7G       2.1G       5.7M        62M       1.3G

MemTotal:        4016004 kB
MemFree:         2163876 kB
Active:           430804 kB
Mem:          3.8G       1.8G       2.1G       5.7M        62M       1.3G

MemTotal:        4016004 kB
MemFree:         2115252 kB
Active:           430808 kB
Mem:          3.8G       1.8G       2.0G       5.7M        62M       1.4G

MemTotal:        4016004 kB
MemFree:         2114260 kB
Active:           430792 kB
Mem:          3.8G       1.8G       2.0G       5.7M        62M       1.4G

MemTotal:        4016004 kB
MemFree:         2111792 kB
Active:           430832 kB
Mem:          3.8G       1.8G       2.0G       5.7M        62M       1.4G

MemTotal:        4016004 kB
MemFree:         2110948 kB
Active:           430808 kB
Mem:          3.8G       1.8G       2.0G       5.7M        62M       1.4G

MemTotal:        4016004 kB
MemFree:         2094920 kB
Active:           430820 kB
Mem:          3.8G       1.8G       2.0G       5.7M        62M       1.4G

MemTotal:        4016004 kB
MemFree:         1987700 kB
Active:           430788 kB
Mem:          3.8G       1.9G       1.9G       5.7M        62M       1.5G

MemTotal:        4016004 kB
MemFree:         1850300 kB
Active:           430840 kB
Mem:          3.8G       2.1G       1.8G       5.7M        62M       1.6G

MemTotal:        4016004 kB
MemFree:         1760936 kB
Active:           430804 kB
Mem:          3.8G       2.2G       1.7G       5.7M        62M       1.7G

MemTotal:        4016004 kB
MemFree:         1720296 kB
Active:           430816 kB
Mem:          3.8G       2.2G       1.6G       5.7M        62M       1.7G

MemTotal:        4016004 kB
MemFree:         1670600 kB
Active:           430844 kB
Mem:          3.8G       2.2G       1.6G       5.7M        62M       1.8G

MemTotal:        4016004 kB
MemFree:         1655608 kB
Active:           430804 kB
Mem:          3.8G       2.3G       1.6G       5.7M        62M       1.8G

MemTotal:        4016004 kB
MemFree:         1578268 kB
Active:           430864 kB
Mem:          3.8G       2.3G       1.5G       5.7M        62M       1.9G

MemTotal:        4016004 kB
MemFree:         1576440 kB
Active:           430840 kB
Mem:          3.8G       2.3G       1.5G       5.7M        62M       1.9G

MemTotal:        4016004 kB
MemFree:         1575588 kB
Active:           430872 kB
Mem:          3.8G       2.3G       1.5G       5.7M        62M       1.9G

MemTotal:        4016004 kB
MemFree:         1574552 kB
Active:           430868 kB
Mem:          3.8G       2.3G       1.5G       5.7M        62M       1.9G

MemTotal:        4016004 kB
MemFree:         1565192 kB
Active:           430876 kB
Mem:          3.8G       2.3G       1.5G       5.7M        62M       1.9G

MemTotal:        4016004 kB
MemFree:         1453216 kB
Active:           430880 kB
Mem:          3.8G       2.4G       1.4G       5.7M        62M       2.0G

MemTotal:        4016004 kB
MemFree:          984432 kB
Active:           431028 kB
Mem:          3.8G       2.9G       961M       5.7M        62M       2.4G

MemTotal:        4016004 kB
MemFree:          981816 kB
Active:           430900 kB
Mem:          3.8G       2.9G       958M       5.7M        62M       2.4G

MemTotal:        4016004 kB
MemFree:          981304 kB
Active:           430896 kB
Mem:          3.8G       2.9G       958M       5.7M        62M       2.4G

MemTotal:        4016004 kB
MemFree:          981432 kB
Active:           430884 kB
Mem:          3.8G       2.9G       958M       5.7M        62M       2.4G

MemTotal:        4016004 kB
MemFree:          964620 kB
Active:           430872 kB
Mem:          3.8G       2.9G       941M       5.7M        62M       2.4G

MemTotal:        4016004 kB
MemFree:          925092 kB
Active:           430916 kB
Mem:          3.8G       2.9G       903M       5.7M        62M       2.5G

MemTotal:        4016004 kB
MemFree:          924132 kB
Active:           430908 kB
Mem:          3.8G       2.9G       902M       5.7M        62M       2.5G

MemTotal:        4016004 kB
MemFree:          923604 kB
Active:           430932 kB
Mem:          3.8G       2.9G       901M       5.7M        62M       2.5G

MemTotal:        4016004 kB
MemFree:          921656 kB
Active:           430920 kB
Mem:          3.8G       3.0G       899M       5.7M        62M       2.5G

MemTotal:        4016004 kB
MemFree:          842492 kB
Active:           430948 kB
Mem:          3.8G       3.0G       822M       5.7M        62M       2.6G

MemTotal:        4016004 kB
MemFree:          723180 kB
Active:           430932 kB
Mem:          3.8G       3.1G       705M       5.7M        62M       2.7G

MemTotal:        4016004 kB
MemFree:          630592 kB
Active:           430956 kB
Mem:          3.8G       3.2G       615M       5.7M        62M       2.7G

MemTotal:        4016004 kB
MemFree:          606704 kB
Active:           430932 kB
Mem:          3.8G       3.3G       591M       5.7M        62M       2.8G

MemTotal:        4016004 kB
MemFree:          565688 kB
Active:           430964 kB
Mem:          3.8G       3.3G       551M       5.7M        62M       2.8G

MemTotal:        4016004 kB
MemFree:          507028 kB
Active:           430964 kB
Mem:          3.8G       3.3G       494M       5.7M        62M       2.9G

MemTotal:        4016004 kB
MemFree:          419344 kB
Active:           430976 kB
Mem:          3.8G       3.4G       408M       5.7M        62M       2.9G

MemTotal:        4016004 kB
MemFree:          391316 kB
Active:           430944 kB
Mem:          3.8G       3.5G       381M       5.7M        62M       3.0G

MemTotal:        4016004 kB
MemFree:          347408 kB
Active:           430924 kB
Mem:          3.8G       3.5G       338M       5.7M        62M       3.0G

MemTotal:        4016004 kB
MemFree:          330584 kB
Active:           430988 kB
Mem:          3.8G       3.5G       322M       5.7M        62M       3.0G

MemTotal:        4016004 kB
MemFree:          328932 kB
Active:           431000 kB
Mem:          3.8G       3.5G       320M       5.7M        62M       3.0G

MemTotal:        4016004 kB
MemFree:          327940 kB
Active:           431000 kB
Mem:          3.8G       3.5G       320M       5.7M        62M       3.0G

MemTotal:        4016004 kB
MemFree:          326956 kB
Active:           430976 kB
Mem:          3.8G       3.5G       318M       5.7M        62M       3.0G

MemTotal:        4016004 kB
MemFree:          236616 kB
Active:           430996 kB
Mem:          3.8G       3.6G       230M       5.7M        62M       3.1G

MemTotal:        4016004 kB
MemFree:          110192 kB
Active:           431004 kB
Mem:          3.8G       3.7G       107M       5.7M        62M       3.2G

MemTotal:        4016004 kB
MemFree:          108540 kB
Active:           490308 kB
Mem:          3.8G       3.7G       145M       5.7M        27M       3.2G

MemTotal:        4016004 kB
MemFree:          147176 kB
Active:           448436 kB
Mem:          3.8G       3.7G       143M       5.7M        27M       3.2G

MemTotal:        4016004 kB
MemFree:          147272 kB
Active:           448412 kB
Mem:          3.8G       3.7G       143M       5.7M        27M       3.2G

MemTotal:        4016004 kB
MemFree:          147500 kB
Active:           448396 kB
Mem:          3.8G       3.7G       143M       5.7M        27M       3.2G

MemTotal:        4016004 kB
MemFree:          146128 kB
Active:           448564 kB
Mem:          3.8G       3.7G       142M       5.7M        27M       3.2G

MemTotal:        4016004 kB
MemFree:          128076 kB
Active:           448456 kB
Mem:          3.8G       3.7G       124M       5.7M        27M       3.3G

MemTotal:        4016004 kB
MemFree:          126456 kB
Active:           448460 kB
Mem:          3.8G       3.7G       123M       5.7M        27M       3.3G

MemTotal:        4016004 kB
MemFree:          126796 kB
Active:           448460 kB
Mem:          3.8G       3.7G       123M       5.7M        27M       3.3G

MemTotal:        4016004 kB
MemFree:          124728 kB
Active:           448476 kB
Mem:          3.8G       3.7G       121M       5.7M        27M       3.3G

MemTotal:        4016004 kB
MemFree:          123720 kB
Active:           448476 kB
Mem:          3.8G       3.7G       120M       5.7M        27M       3.3G

MemTotal:        4016004 kB
MemFree:          119688 kB
Active:           446556 kB
Mem:          3.8G       3.7G       116M       5.7M        27M       3.3G

MemTotal:        4016004 kB
MemFree:          127196 kB
Active:           442588 kB
Mem:          3.8G       3.7G       123M       5.7M        27M       3.3G

MemTotal:        4016004 kB
MemFree:          133592 kB
Active:           439268 kB
Mem:          3.8G       3.7G       129M       5.7M        27M       3.2G

MemTotal:        4016004 kB
MemFree:          124160 kB
Active:           436456 kB
Mem:          3.8G       3.7G       120M       5.7M        27M       3.3G

MemTotal:        4016004 kB
MemFree:          122584 kB
Active:           436324 kB
Mem:          3.8G       3.7G       119M       5.7M        27M       3.3G

MemTotal:        4016004 kB
MemFree:          118644 kB
Active:           435056 kB
Mem:          3.8G       3.7G       114M       5.7M        27M       3.3G

MemTotal:        4016004 kB
MemFree:          130760 kB
Active:           428272 kB
Mem:          3.8G       3.7G       127M       5.7M        27M       3.3G

MemTotal:        4016004 kB
MemFree:          123836 kB
Active:           427016 kB
Mem:          3.8G       3.7G       119M       5.7M        27M       3.3G

MemTotal:        4016004 kB
MemFree:          122428 kB
Active:           426144 kB
Mem:          3.8G       3.7G       119M       5.7M        27M       3.3G

MemTotal:        4016004 kB
MemFree:          135584 kB
Active:           422540 kB
Mem:          3.8G       3.7G       132M       5.7M        27M       3.2G

MemTotal:        4016004 kB
MemFree:          131496 kB
Active:           422548 kB
Mem:          3.8G       3.7G       128M       5.7M        27M       3.2G

MemTotal:        4016004 kB
MemFree:          130288 kB
Active:           422540 kB
Mem:          3.8G       3.7G       126M       5.7M        27M       3.3G

MemTotal:        4016004 kB
MemFree:          129640 kB
Active:           422492 kB
Mem:          3.8G       3.7G       126M       5.7M        27M       3.3G

MemTotal:        4016004 kB
MemFree:          123332 kB
Active:           422520 kB
Mem:          3.8G       3.7G       119M       5.7M        27M       3.3G

MemTotal:        4016004 kB
MemFree:          136464 kB
Active:           416420 kB
Mem:          3.8G       3.7G       133M       5.7M        27M       3.2G

MemTotal:        4016004 kB
MemFree:          127568 kB
Active:           413220 kB
Mem:          3.8G       3.7G       124M       5.7M        27M       3.3G

MemTotal:        4016004 kB
MemFree:          131792 kB
Active:           409512 kB
Mem:          3.8G       3.7G       128M       5.7M        27M       3.2G

MemTotal:        4016004 kB
MemFree:          130636 kB
Active:           410368 kB
Mem:          3.8G       3.7G       127M       5.7M        27M       3.3G

MemTotal:        4016004 kB
MemFree:          138616 kB
Active:           407308 kB
Mem:          3.8G       3.7G       135M       5.7M        27M       3.2G

MemTotal:        4016004 kB
MemFree:          137652 kB
Active:           407256 kB
Mem:          3.8G       3.7G       134M       5.7M        27M       3.2G

MemTotal:        4016004 kB
MemFree:          129036 kB
Active:           404880 kB
Mem:          3.8G       3.7G       125M       5.7M        27M       3.3G

MemTotal:        4016004 kB
MemFree:          127560 kB
Active:           404880 kB
Mem:          3.8G       3.7G       124M       5.7M        27M       3.3G

MemTotal:        4016004 kB
MemFree:          126728 kB
Active:           404912 kB
Mem:          3.8G       3.7G       123M       5.7M        27M       3.3G

MemTotal:        4016004 kB
MemFree:          124580 kB
Active:           404908 kB
Mem:          3.8G       3.7G       121M       5.7M        27M       3.3G

MemTotal:        4016004 kB
MemFree:          123840 kB
Active:           404904 kB
Mem:          3.8G       3.7G       120M       5.7M        27M       3.3G

MemTotal:        4016004 kB
MemFree:          119124 kB
Active:           401596 kB
Mem:          3.8G       3.7G       115M       5.7M        27M       3.3G

MemTotal:        4016004 kB
MemFree:          122836 kB
Active:           397244 kB
Mem:          3.8G       3.7G       119M       5.7M        27M       3.3G

MemTotal:        4016004 kB
MemFree:          131412 kB
Active:           393532 kB
Mem:          3.8G       3.7G       127M       5.7M        27M       3.3G

MemTotal:        4016004 kB
MemFree:          125928 kB
Active:           392256 kB
Mem:          3.8G       3.7G       122M       5.7M        27M       3.3G

MemTotal:        4016004 kB
MemFree:          114296 kB
Active:           390968 kB
Mem:          3.8G       3.7G       111M       5.7M        27M       3.3G

MemTotal:        4016004 kB
MemFree:          136260 kB
Active:           389700 kB
Mem:          3.8G       3.7G       133M       5.7M        27M       3.2G

MemTotal:        4016004 kB
MemFree:          131588 kB
Active:           387780 kB
Mem:          3.8G       3.7G       128M       5.7M        27M       3.3G

MemTotal:        4016004 kB
MemFree:          116924 kB
Active:           387776 kB
Mem:          3.8G       3.7G       113M       5.7M        27M       3.3G

MemTotal:        4016004 kB
MemFree:          136644 kB
Active:           386504 kB
Mem:          3.8G       3.7G       133M       5.7M        27M       3.2G

MemTotal:        4016004 kB
MemFree:          136284 kB
Active:           386484 kB
Mem:          3.8G       3.7G       133M       5.7M        27M       3.2G

MemTotal:        4016004 kB
MemFree:          135324 kB
Active:           386528 kB
Mem:          3.8G       3.7G       131M       5.7M        27M       3.2G

MemTotal:        4016004 kB
MemFree:          133360 kB
Active:           386540 kB
Mem:          3.8G       3.7G       129M       5.7M        27M       3.2G

MemTotal:        4016004 kB
MemFree:          126036 kB
Active:           387484 kB
Mem:          3.8G       3.7G       122M       5.7M        27M       3.3G

MemTotal:        4016004 kB
MemFree:          122884 kB
Active:           384784 kB
Mem:          3.8G       3.7G       119M       5.7M        27M       3.3G

MemTotal:        4016004 kB
MemFree:          129512 kB
Active:           380936 kB
Mem:          3.8G       3.7G       125M       5.7M        27M       3.3G

MemTotal:        4016004 kB
MemFree:          131884 kB
Active:           376168 kB
Mem:          3.8G       3.7G       128M       5.7M        27M       3.2G

MemTotal:        4016004 kB
MemFree:          121616 kB
Active:           375968 kB
Mem:          3.8G       3.7G       118M       5.7M        27M       3.3G

MemTotal:        4016004 kB
MemFree:          121564 kB
Active:           374052 kB
Mem:          3.8G       3.7G       118M       5.7M        27M       3.3G

MemTotal:        4016004 kB
MemFree:          142144 kB
Active:           371580 kB
Mem:          3.8G       3.7G       138M       5.7M        27M       3.2G

MemTotal:        4016004 kB
MemFree:          126676 kB
Active:           371604 kB
Mem:          3.8G       3.7G       123M       5.7M        27M       3.3G

MemTotal:        4016004 kB
MemFree:          128284 kB
Active:           371604 kB
Mem:          3.8G       3.7G       124M       5.7M        27M       3.3G

MemTotal:        4016004 kB
MemFree:          126240 kB
Active:           371616 kB
Mem:          3.8G       3.7G       122M       5.7M        27M       3.3G

MemTotal:        4016004 kB
MemFree:          122284 kB
Active:           371660 kB
Mem:          3.8G       3.7G       119M       5.7M        27M       3.3G

MemTotal:        4016004 kB
MemFree:          122068 kB
Active:           373640 kB
Mem:          3.8G       3.7G       118M       5.7M        27M       3.3G

MemTotal:        4016004 kB
MemFree:          106916 kB
Active:           373632 kB
Mem:          3.8G       3.7G       103M       5.7M        27M       3.3G

MemTotal:        4016004 kB
MemFree:          120380 kB
Active:           370444 kB
Mem:          3.8G       3.7G       117M       5.7M        27M       3.3G

MemTotal:        4016004 kB
MemFree:          125292 kB
Active:           370152 kB
Mem:          3.8G       3.7G       121M       5.7M        27M       3.3G

MemTotal:        4016004 kB
MemFree:          132648 kB
Active:           370152 kB
Mem:          3.8G       3.7G       129M       5.7M        27M       3.2G

MemTotal:        4016004 kB
MemFree:          115296 kB
Active:           370152 kB
Mem:          3.8G       3.7G       111M       5.7M        27M       3.3G

MemTotal:        4016004 kB
MemFree:          124996 kB
Active:           370128 kB
Mem:          3.8G       3.7G       121M       5.7M        27M       3.3G

MemTotal:        4016004 kB
MemFree:          117276 kB
Active:           370148 kB
Mem:          3.8G       3.7G       113M       5.7M        27M       3.3G

MemTotal:        4016004 kB
MemFree:          115940 kB
Active:           370172 kB
Mem:          3.8G       3.7G       112M       5.7M        27M       3.3G

MemTotal:        4016004 kB
MemFree:          129068 kB
Active:           370176 kB
Mem:          3.8G       3.7G       126M       5.7M        27M       3.2G

MemTotal:        4016004 kB
MemFree:          128324 kB
Active:           370152 kB
Mem:          3.8G       3.7G       124M       5.7M        27M       3.2G

MemTotal:        4016004 kB
MemFree:          128264 kB
Active:           370176 kB
Mem:          3.8G       3.7G       125M       5.7M        27M       3.2G

MemTotal:        4016004 kB
MemFree:          128484 kB
Active:           370152 kB
Mem:          3.8G       3.7G       125M       5.7M        27M       3.2G

MemTotal:        4016004 kB
MemFree:          141328 kB
Active:           370200 kB
Mem:          3.8G       3.7G       136M       5.7M        27M       3.2G

MemTotal:        4016004 kB
MemFree:          132744 kB
Active:           369816 kB
Mem:          3.8G       3.7G       129M       5.7M        27M       3.2G

MemTotal:        4016004 kB
MemFree:          132824 kB
Active:           369680 kB
Mem:          3.8G       3.7G       133M       5.7M        27M       3.2G

MemTotal:        4016004 kB
MemFree:          127976 kB
Active:           369680 kB
Mem:          3.8G       3.7G       126M       5.7M        27M       3.2G

MemTotal:        4016004 kB
MemFree:          127008 kB
Active:           368688 kB
Mem:          3.8G       3.7G       124M       5.7M        27M       3.2G

MemTotal:        4016004 kB
MemFree:          122292 kB
Active:           368576 kB
Mem:          3.8G       3.7G       119M       5.7M        27M       3.3G

MemTotal:        4016004 kB
MemFree:          132520 kB
Active:           368576 kB
Mem:          3.8G       3.7G       128M       5.7M        27M       3.2G

MemTotal:        4016004 kB
MemFree:          131752 kB
Active:           368600 kB
Mem:          3.8G       3.7G       128M       5.7M        27M       3.2G

MemTotal:        4016004 kB
MemFree:          129708 kB
Active:           368568 kB
Mem:          3.8G       3.7G       126M       5.7M        27M       3.2G

MemTotal:        4016004 kB
MemFree:          128504 kB
Active:           368588 kB
Mem:          3.8G       3.7G       124M       5.7M        27M       3.2G

MemTotal:        4016004 kB
MemFree:          128728 kB
Active:           368600 kB
Mem:          3.8G       3.7G       125M       5.7M        27M       3.2G

MemTotal:        4016004 kB
MemFree:          134824 kB
Active:           368608 kB
Mem:          3.8G       3.7G       131M       5.7M        27M       3.2G

MemTotal:        4016004 kB
MemFree:          144816 kB
Active:           366116 kB
Mem:          3.8G       3.7G       140M       5.7M        27M       3.2G

MemTotal:        4016004 kB
MemFree:          110592 kB
Active:           366012 kB
Mem:          3.8G       3.7G       107M       5.7M        27M       3.3G

MemTotal:        4016004 kB
MemFree:          134912 kB
Active:           366012 kB
Mem:          3.8G       3.7G       131M       5.7M        27M       3.2G

MemTotal:        4016004 kB
MemFree:          126444 kB
Active:           365996 kB
Mem:          3.8G       3.7G       122M       5.7M        27M       3.2G

MemTotal:        4016004 kB
MemFree:          129900 kB
Active:           366024 kB
Mem:          3.8G       3.7G       126M       5.7M        27M       3.2G

MemTotal:        4016004 kB
MemFree:          131680 kB
Active:           366040 kB
Mem:          3.8G       3.7G       128M       5.7M        27M       3.2G

MemTotal:        4016004 kB
MemFree:          105020 kB
Active:           366040 kB
Mem:          3.8G       3.7G       102M       5.7M        27M       3.3G

MemTotal:        4016004 kB
MemFree:          127060 kB
Active:           366052 kB
Mem:          3.8G       3.7G       123M       5.7M        27M       3.2G

MemTotal:        4016004 kB
MemFree:          127032 kB
Active:           366048 kB
Mem:          3.8G       3.7G       124M       5.7M        27M       3.2G

MemTotal:        4016004 kB
MemFree:          127316 kB
Active:           366000 kB
Mem:          3.8G       3.7G       124M       5.7M        27M       3.2G

MemTotal:        4016004 kB
MemFree:          115400 kB
Active:           366040 kB
Mem:          3.8G       3.7G       112M       5.7M        27M       3.3G

MemTotal:        4016004 kB
MemFree:          112908 kB
Active:           365308 kB
Mem:          3.8G       3.7G       110M       5.7M        27M       3.3G

MemTotal:        4016004 kB
MemFree:          123444 kB
Active:           365320 kB
Mem:          3.8G       3.7G       120M       5.7M        27M       3.3G

MemTotal:        4016004 kB
MemFree:          111612 kB
Active:           365328 kB
Mem:          3.8G       3.7G       108M       5.7M        27M       3.3G

MemTotal:        4016004 kB
MemFree:          124228 kB
Active:           362816 kB
Mem:          3.8G       3.7G       121M       5.7M        27M       3.2G

MemTotal:        4016004 kB
MemFree:          117904 kB
Active:           362668 kB
Mem:          3.8G       3.7G       113M       5.7M        27M       3.3G

MemTotal:        4016004 kB
MemFree:          135212 kB
Active:           362688 kB
Mem:          3.8G       3.7G       131M       5.7M        27M       3.2G

MemTotal:        4016004 kB
MemFree:          128620 kB
Active:           362700 kB
Mem:          3.8G       3.7G       125M       5.7M        27M       3.2G

MemTotal:        4016004 kB
MemFree:          127052 kB
Active:           362684 kB
Mem:          3.8G       3.7G       123M       5.7M        27M       3.2G

MemTotal:        4016004 kB
MemFree:          125896 kB
Active:           362712 kB
Mem:          3.8G       3.7G       122M       5.7M        27M       3.2G

MemTotal:        4016004 kB
MemFree:          125024 kB
Active:           362724 kB
Mem:          3.8G       3.7G       122M       5.7M        27M       3.2G

MemTotal:        4016004 kB
MemFree:          123296 kB
Active:           362724 kB
Mem:          3.8G       3.7G       119M       5.7M        27M       3.2G

MemTotal:        4016004 kB
MemFree:          110056 kB
Active:           362740 kB
Mem:          3.8G       3.7G       106M       5.7M        27M       3.3G

MemTotal:        4016004 kB
MemFree:          130044 kB
Active:           362084 kB
Mem:          3.8G       3.7G       126M       5.7M        27M       3.2G

MemTotal:        4016004 kB
MemFree:          126572 kB
Active:           362092 kB
Mem:          3.8G       3.7G       122M       5.7M        27M       3.2G

MemTotal:        4016004 kB
MemFree:          105392 kB
Active:           359172 kB
Mem:          3.8G       3.7G       106M       5.7M        27M       3.3G

MemTotal:        4016004 kB
MemFree:          127824 kB
Active:           359176 kB
Mem:          3.8G       3.7G       124M       5.7M        27M       3.2G

MemTotal:        4016004 kB
MemFree:          124196 kB
Active:           359176 kB
Mem:          3.8G       3.7G       120M       5.7M        27M       3.2G

MemTotal:        4016004 kB
MemFree:          121876 kB
Active:           359188 kB
Mem:          3.8G       3.7G       118M       5.7M        27M       3.3G

MemTotal:        4016004 kB
MemFree:          119196 kB
Active:           359196 kB
Mem:          3.8G       3.7G       116M       5.7M        27M       3.3G

MemTotal:        4016004 kB
MemFree:          125672 kB
Active:           359192 kB
Mem:          3.8G       3.7G       122M       5.7M        27M       3.2G

MemTotal:        4016004 kB
MemFree:          124704 kB
Active:           359156 kB
Mem:          3.8G       3.7G       121M       5.7M        27M       3.2G

MemTotal:        4016004 kB
MemFree:          122736 kB
Active:           357232 kB
Mem:          3.8G       3.7G       119M       5.7M        27M       3.2G

MemTotal:        4016004 kB
MemFree:          122288 kB
Active:           359212 kB
Mem:          3.8G       3.7G       119M       5.7M        27M       3.2G

MemTotal:        4016004 kB
MemFree:          122664 kB
Active:           359204 kB
Mem:          3.8G       3.7G       119M       5.7M        27M       3.2G

MemTotal:        4016004 kB
MemFree:          130604 kB
Active:           355564 kB
Mem:          3.8G       3.7G       126M       5.7M        27M       3.2G

MemTotal:        4016004 kB
MemFree:          132648 kB
Active:           355564 kB
Mem:          3.8G       3.7G       128M       5.7M        27M       3.2G

MemTotal:        4016004 kB
MemFree:          110492 kB
Active:           355564 kB
Mem:          3.8G       3.7G       106M       5.7M        27M       3.3G

MemTotal:        4016004 kB
MemFree:          135032 kB
Active:           355564 kB
Mem:          3.8G       3.7G       131M       5.7M        27M       3.2G

MemTotal:        4016004 kB
MemFree:          109132 kB
Active:           355576 kB
Mem:          3.8G       3.7G       106M       5.7M        27M       3.3G

MemTotal:        4016004 kB
MemFree:          105576 kB
Active:           355588 kB
Mem:          3.8G       3.7G       102M       5.7M        27M       3.3G

MemTotal:        4016004 kB
MemFree:          121304 kB
Active:           354056 kB
Mem:          3.8G       3.7G       117M       5.7M        27M       3.3G

MemTotal:        4016004 kB
MemFree:          121724 kB
Active:           353948 kB
Mem:          3.8G       3.7G       118M       5.7M        27M       3.2G

MemTotal:        4016004 kB
MemFree:          144056 kB
Active:           353680 kB
Mem:          3.8G       3.7G       140M       5.7M        27M       3.2G

MemTotal:        4016004 kB
MemFree:          142548 kB
Active:           353692 kB
Mem:          3.8G       3.7G       138M       5.7M        27M       3.2G

MemTotal:        4016004 kB
MemFree:          140728 kB
Active:           353700 kB
Mem:          3.8G       3.7G       136M       5.7M        27M       3.2G

MemTotal:        4016004 kB
MemFree:          140048 kB
Active:           353704 kB
Mem:          3.8G       3.7G       136M       5.7M        27M       3.2G

MemTotal:        4016004 kB
MemFree:          123504 kB
Active:           353712 kB
Mem:          3.8G       3.7G       119M       5.7M        27M       3.2G

MemTotal:        4016004 kB
MemFree:          131508 kB
Active:           353728 kB
Mem:          3.8G       3.7G       128M       5.7M        27M       3.2G

MemTotal:        4016004 kB
MemFree:          114888 kB
Active:           353736 kB
Mem:          3.8G       3.7G       111M       5.7M        27M       3.3G

MemTotal:        4016004 kB
MemFree:          135920 kB
Active:           353736 kB
Mem:          3.8G       3.7G       132M       5.7M        27M       3.2G

MemTotal:        4016004 kB
MemFree:          117936 kB
Active:           353704 kB
Mem:          3.8G       3.7G       114M       5.7M        27M       3.3G

MemTotal:        4016004 kB
MemFree:          124164 kB
Active:           351228 kB
Mem:          3.8G       3.7G       120M       5.7M        27M       3.2G

MemTotal:        4016004 kB
MemFree:          134052 kB
Active:           353264 kB
Mem:          3.8G       3.7G       130M       5.7M        27M       3.2G

MemTotal:        4016004 kB
MemFree:          130548 kB
Active:           353264 kB
Mem:          3.8G       3.7G       139M       5.7M        27M       3.2G

MemTotal:        4016004 kB
MemFree:          145204 kB
Active:           353276 kB
Mem:          3.8G       3.7G       141M       5.7M        27M       3.2G

MemTotal:        4016004 kB
MemFree:          142740 kB
Active:           353292 kB
Mem:          3.8G       3.7G       139M       5.7M        27M       3.2G

MemTotal:        4016004 kB
MemFree:          141688 kB
Active:           353292 kB
Mem:          3.8G       3.7G       138M       5.7M        27M       3.2G

MemTotal:        4016004 kB
MemFree:          140760 kB
Active:           353292 kB
Mem:          3.8G       3.7G       137M       5.7M        27M       3.2G

MemTotal:        4016004 kB
MemFree:          139176 kB
Active:           353292 kB
Mem:          3.8G       3.7G       135M       5.7M        27M       3.2G

MemTotal:        4016004 kB
MemFree:          136764 kB
Active:           353304 kB
Mem:          3.8G       3.7G       132M       5.7M        27M       3.2G

MemTotal:        4016004 kB
MemFree:          133972 kB
Active:           353304 kB
Mem:          3.8G       3.7G       130M       5.7M        27M       3.2G

MemTotal:        4016004 kB
MemFree:          127232 kB
Active:           353304 kB
Mem:          3.8G       3.7G       123M       5.7M        27M       3.2G

MemTotal:        4016004 kB
MemFree:          136824 kB
Active:           353332 kB
Mem:          3.8G       3.7G       133M       5.7M        27M       3.2G

MemTotal:        4016004 kB
MemFree:          138680 kB
Active:           352640 kB
Mem:          3.8G       3.7G       134M       5.7M        27M       3.2G

MemTotal:        4016004 kB
MemFree:          121812 kB
Active:           352628 kB
Mem:          3.8G       3.7G       118M       5.7M        27M       3.2G

MemTotal:        4016004 kB
MemFree:          110732 kB
Active:           352648 kB
Mem:          3.8G       3.7G       107M       5.7M        27M       3.3G

MemTotal:        4016004 kB
MemFree:          136752 kB
Active:           352620 kB
Mem:          3.8G       3.7G       133M       5.7M        27M       3.2G

MemTotal:        4016004 kB
MemFree:          133084 kB
Active:           352632 kB
Mem:          3.8G       3.7G       129M       5.7M        27M       3.2G

MemTotal:        4016004 kB
MemFree:          132340 kB
Active:           352644 kB
Mem:          3.8G       3.7G       128M       5.7M        27M       3.2G

MemTotal:        4016004 kB
MemFree:          131164 kB
Active:           352652 kB
Mem:          3.8G       3.7G       127M       5.7M        27M       3.2G

MemTotal:        4016004 kB
MemFree:          130984 kB
Active:           352652 kB
Mem:          3.8G       3.7G       127M       5.7M        27M       3.2G

MemTotal:        4016004 kB
MemFree:          138792 kB
Active:           352660 kB
Mem:          3.8G       3.7G       134M       5.7M        27M       3.2G

MemTotal:        4016004 kB
MemFree:          118400 kB
Active:           352660 kB
Mem:          3.8G       3.7G       115M       5.7M        27M       3.2G

MemTotal:        4016004 kB
MemFree:          126328 kB
Active:           352668 kB
Mem:          3.8G       3.7G       122M       5.7M        27M       3.2G

MemTotal:        4016004 kB
MemFree:          129124 kB
Active:           352680 kB
Mem:          3.8G       3.7G       125M       5.7M        27M       3.2G

MemTotal:        4016004 kB
MemFree:          128888 kB
Active:           352668 kB
Mem:          3.8G       3.7G       125M       5.7M        27M       3.2G

MemTotal:        4016004 kB
MemFree:          106984 kB
Active:           352688 kB
Mem:          3.8G       3.7G       103M       5.7M        27M       3.3G

MemTotal:        4016004 kB
MemFree:          135736 kB
Active:           352580 kB
Mem:          3.8G       3.7G       132M       5.7M        27M       3.2G

MemTotal:        4016004 kB
MemFree:          108580 kB
Active:           352580 kB
Mem:          3.8G       3.7G       105M       5.7M        27M       3.3G

MemTotal:        4016004 kB
MemFree:          107108 kB
Active:           352592 kB
Mem:          3.8G       3.7G       104M       5.7M        27M       3.3G

MemTotal:        4016004 kB
MemFree:          105808 kB
Active:           352588 kB
Mem:          3.8G       3.7G       103M       5.7M        27M       3.3G

MemTotal:        4016004 kB
MemFree:          103544 kB
Active:           352556 kB
Mem:          3.8G       3.7G       101M       5.7M        27M       3.3G

MemTotal:        4016004 kB
MemFree:          103892 kB
Active:           354624 kB
Mem:          3.8G       3.7G       100M       5.7M        27M       3.3G

MemTotal:        4016004 kB
MemFree:          117420 kB
Active:           353884 kB
Mem:          3.8G       3.7G       114M       5.7M        27M       3.2G

MemTotal:        4016004 kB
MemFree:          138740 kB
Active:           353884 kB
Mem:          3.8G       3.7G       134M       5.7M        27M       3.2G

MemTotal:        4016004 kB
MemFree:          132108 kB
Active:           353572 kB
Mem:          3.8G       3.7G       128M       5.7M        27M       3.2G

MemTotal:        4016004 kB
MemFree:          132232 kB
Active:           353560 kB
Mem:          3.8G       3.7G       128M       5.7M        27M       3.2G

MemTotal:        4016004 kB
MemFree:          132232 kB
Active:           353528 kB
Mem:          3.8G       3.7G       128M       5.7M        27M       3.2G

MemTotal:        4016004 kB
MemFree:          132232 kB
Active:           353572 kB
Mem:          3.8G       3.7G       128M       5.7M        27M       3.2G

MemTotal:        4016004 kB
MemFree:          132232 kB
Active:           353532 kB
Mem:          3.8G       3.7G       128M       5.7M        27M       3.2G

MemTotal:        4016004 kB
MemFree:          131860 kB
Active:           353572 kB
Mem:          3.8G       3.7G       128M       5.7M        27M       3.2G

MemTotal:        4016004 kB
MemFree:          131484 kB
Active:           351548 kB
Mem:          3.8G       3.7G       128M       5.7M        27M       3.2G

MemTotal:        4016004 kB
MemFree:          131856 kB
Active:           353592 kB
Mem:          3.8G       3.7G       128M       5.7M        27M       3.2G

MemTotal:        4016004 kB
MemFree:          131856 kB
Active:           353556 kB
Mem:          3.8G       3.7G       128M       5.7M        27M       3.2G

MemTotal:        4016004 kB
MemFree:          131732 kB
Active:           353584 kB
Mem:          3.8G       3.7G       128M       5.7M        27M       3.2G

MemTotal:        4016004 kB
MemFree:          131732 kB
Active:           353592 kB
Mem:          3.8G       3.7G       128M       5.7M        27M       3.2G

MemTotal:        4016004 kB
MemFree:          131732 kB
Active:           353540 kB
Mem:          3.8G       3.7G       128M       5.7M        27M       3.2G

MemTotal:        4016004 kB
MemFree:          132168 kB
Active:           353352 kB
Mem:          3.8G       3.7G       128M       5.7M        27M       3.2G

MemTotal:        4016004 kB
MemFree:          131920 kB
Active:           353352 kB
Mem:          3.8G       3.7G       128M       5.7M        27M       3.2G

MemTotal:        4016004 kB
MemFree:          131672 kB
Active:           353352 kB
Mem:          3.8G       3.7G       128M       5.7M        27M       3.2G

MemTotal:        4016004 kB
MemFree:          131796 kB
Active:           353304 kB
Mem:          3.8G       3.7G       128M       5.7M        27M       3.2G

MemTotal:        4016004 kB
MemFree:          129500 kB
Active:           353332 kB
Mem:          3.8G       3.7G       126M       5.7M        27M       3.2G

MemTotal:        4016004 kB
MemFree:          129748 kB
Active:           355376 kB
Mem:          3.8G       3.7G       126M       5.7M        27M       3.2G

MemTotal:        4016004 kB
MemFree:          129748 kB
Active:           355344 kB
Mem:          3.8G       3.7G       126M       5.7M        27M       3.2G

MemTotal:        4016004 kB
MemFree:          130120 kB
Active:           355360 kB
Mem:          3.8G       3.7G       127M       5.7M        27M       3.2G

MemTotal:        4016004 kB
MemFree:          130120 kB
Active:           355384 kB
Mem:          3.8G       3.7G       126M       5.7M        27M       3.2G

MemTotal:        4016004 kB
MemFree:          130324 kB
Active:           355360 kB
Mem:          3.8G       3.7G       127M       5.7M        27M       3.2G

MemTotal:        4016004 kB
MemFree:          130200 kB
Active:           355392 kB
Mem:          3.8G       3.7G       127M       5.7M        27M       3.2G

MemTotal:        4016004 kB
MemFree:          130200 kB
Active:           355392 kB
Mem:          3.8G       3.7G       127M       5.7M        27M       3.2G

MemTotal:        4016004 kB
MemFree:          130004 kB
Active:           355356 kB
Mem:          3.8G       3.7G       126M       5.7M        27M       3.2G

MemTotal:        4016004 kB
MemFree:          129972 kB
Active:           355380 kB
Mem:          3.8G       3.7G       126M       5.7M        27M       3.2G

MemTotal:        4016004 kB
MemFree:          127428 kB
Active:           355368 kB
Mem:          3.8G       3.7G       124M       5.7M        27M       3.2G

MemTotal:        4016004 kB
MemFree:          127372 kB
Active:           357456 kB
Mem:          3.8G       3.7G       124M       5.7M        27M       3.2G

MemTotal:        4016004 kB
MemFree:          127564 kB
Active:           357460 kB
Mem:          3.8G       3.7G       124M       5.7M        27M       3.2G

MemTotal:        4016004 kB
MemFree:          127688 kB
Active:           357420 kB
Mem:          3.8G       3.7G       124M       5.7M        27M       3.2G

MemTotal:        4016004 kB
MemFree:          127812 kB
Active:           357468 kB
Mem:          3.8G       3.7G       124M       5.7M        27M       3.2G

MemTotal:        4016004 kB
MemFree:          128060 kB
Active:           357416 kB
Mem:          3.8G       3.7G       125M       5.7M        27M       3.2G

MemTotal:        4016004 kB
MemFree:          128184 kB
Active:           357440 kB
Mem:          3.8G       3.7G       125M       5.7M        27M       3.2G

MemTotal:        4016004 kB
MemFree:          128060 kB
Active:           357452 kB
Mem:          3.8G       3.7G       125M       5.7M        27M       3.2G

MemTotal:        4016004 kB
MemFree:          128060 kB
Active:           357428 kB
Mem:          3.8G       3.7G       124M       5.7M        27M       3.2G

MemTotal:        4016004 kB
MemFree:          128184 kB
Active:           357440 kB
Mem:          3.8G       3.7G       124M       5.7M        27M       3.2G

MemTotal:        4016004 kB
MemFree:          128060 kB
Active:           357468 kB
Mem:          3.8G       3.7G       124M       5.7M        27M       3.2G

MemTotal:        4016004 kB
MemFree:          128200 kB
Active:           357432 kB
Mem:          3.8G       3.7G       125M       5.7M        27M       3.2G

MemTotal:        4016004 kB
MemFree:          128076 kB
Active:           357444 kB
Mem:          3.8G       3.7G       125M       5.7M        27M       3.2G

MemTotal:        4016004 kB
MemFree:          128200 kB
Active:           357472 kB
Mem:          3.8G       3.7G       125M       5.7M        27M       3.2G

MemTotal:        4016004 kB
MemFree:          128200 kB
Active:           357436 kB
Mem:          3.8G       3.7G       125M       5.7M        27M       3.2G

MemTotal:        4016004 kB
MemFree:          128200 kB
Active:           357440 kB
Mem:          3.8G       3.7G       125M       5.7M        27M       3.2G

MemTotal:        4016004 kB
MemFree:          127952 kB
Active:           357484 kB
Mem:          3.8G       3.7G       124M       5.7M        27M       3.2G

MemTotal:        4016004 kB
MemFree:          127952 kB
Active:           357476 kB
Mem:          3.8G       3.7G       124M       5.7M        27M       3.2G

MemTotal:        4016004 kB
MemFree:          128200 kB
Active:           357476 kB
Mem:          3.8G       3.7G       125M       5.7M        27M       3.2G

MemTotal:        4016004 kB
MemFree:          128200 kB
Active:           357476 kB
Mem:          3.8G       3.7G       125M       5.7M        27M       3.2G

MemTotal:        4016004 kB
MemFree:          126028 kB
Active:           357468 kB
Mem:          3.8G       3.7G       122M       5.7M        27M       3.2G

MemTotal:        4016004 kB
MemFree:          126524 kB
Active:           359488 kB
Mem:          3.8G       3.7G       123M       5.7M        27M       3.2G

MemTotal:        4016004 kB
MemFree:          126524 kB
Active:           359508 kB
Mem:          3.8G       3.7G       123M       5.7M        27M       3.2G

MemTotal:        4016004 kB
MemFree:          126152 kB
Active:           359524 kB
Mem:          3.8G       3.7G       123M       5.7M        27M       3.2G

MemTotal:        4016004 kB
MemFree:          126152 kB
Active:           359484 kB
Mem:          3.8G       3.7G       123M       5.7M        27M       3.2G

MemTotal:        4016004 kB
MemFree:          126152 kB
Active:           359492 kB
Mem:          3.8G       3.7G       123M       5.7M        27M       3.2G

MemTotal:        4016004 kB
MemFree:          126152 kB
Active:           359536 kB
Mem:          3.8G       3.7G       123M       5.7M        27M       3.2G

MemTotal:        4016004 kB
MemFree:          126028 kB
Active:           359488 kB
Mem:          3.8G       3.7G       123M       5.7M        27M       3.2G

MemTotal:        4016004 kB
MemFree:          126152 kB
Active:           359516 kB
Mem:          3.8G       3.7G       123M       5.7M        27M       3.2G

MemTotal:        4016004 kB
MemFree:          126276 kB
Active:           359520 kB
Mem:          3.8G       3.7G       123M       5.7M        27M       3.2G

MemTotal:        4016004 kB
MemFree:          125672 kB
Active:           359552 kB
Mem:          3.8G       3.7G       123M       5.7M        27M       3.2G

MemTotal:        4016004 kB
MemFree:          126044 kB
Active:           359512 kB
Mem:          3.8G       3.7G       123M       5.7M        27M       3.2G

MemTotal:        4016004 kB
MemFree:          126168 kB
Active:           359516 kB
Mem:          3.8G       3.7G       122M       5.7M        27M       3.2G

MemTotal:        4016004 kB
MemFree:          125672 kB
Active:           359552 kB
Mem:          3.8G       3.7G       123M       5.7M        27M       3.2G

MemTotal:        4016004 kB
MemFree:          126044 kB
Active:           359504 kB
Mem:          3.8G       3.7G       123M       5.7M        27M       3.2G

MemTotal:        4016004 kB
MemFree:          126416 kB
Active:           359528 kB
Mem:          3.8G       3.7G       123M       5.7M        27M       3.2G

MemTotal:        4016004 kB
MemFree:          126044 kB
Active:           359504 kB
Mem:          3.8G       3.7G       123M       5.7M        27M       3.2G

MemTotal:        4016004 kB
MemFree:          125920 kB
Active:           359532 kB
Mem:          3.8G       3.7G       122M       5.7M        27M       3.2G

MemTotal:        4016004 kB
MemFree:          126044 kB
Active:           359540 kB
Mem:          3.8G       3.7G       122M       5.7M        27M       3.2G

MemTotal:        4016004 kB
MemFree:          126044 kB
Active:           359504 kB
Mem:          3.8G       3.7G       122M       5.7M        27M       3.2G

MemTotal:        4016004 kB
MemFree:          125920 kB
Active:           359512 kB
Mem:          3.8G       3.7G       122M       5.7M        27M       3.2G

MemTotal:        4016004 kB
MemFree:          125920 kB
Active:           359528 kB
Mem:          3.8G       3.7G       123M       5.7M        27M       3.2G

MemTotal:        4016004 kB
MemFree:          126044 kB
Active:           359548 kB
Mem:          3.8G       3.7G       123M       5.7M        27M       3.2G

MemTotal:        4016004 kB
MemFree:          126044 kB
Active:           359520 kB
Mem:          3.8G       3.7G       122M       5.7M        27M       3.2G

MemTotal:        4016004 kB
MemFree:          126044 kB
Active:           359508 kB
Mem:          3.8G       3.7G       123M       5.7M        27M       3.2G

MemTotal:        4016004 kB
MemFree:          126044 kB
Active:           359524 kB
Mem:          3.8G       3.7G       123M       5.7M        27M       3.2G

MemTotal:        4016004 kB
MemFree:          126292 kB
Active:           359536 kB
Mem:          3.8G       3.7G       123M       5.7M        27M       3.2G

MemTotal:        4016004 kB
MemFree:          126044 kB
Active:           359568 kB
Mem:          3.8G       3.7G       123M       5.7M        27M       3.2G

MemTotal:        4016004 kB
MemFree:          125672 kB
Active:           359568 kB
Mem:          3.8G       3.7G       123M       5.7M        27M       3.2G

MemTotal:        4016004 kB
MemFree:          126044 kB
Active:           359528 kB
Mem:          3.8G       3.7G       123M       5.7M        27M       3.2G

MemTotal:        4016004 kB
MemFree:          125796 kB
Active:           359580 kB
Mem:          3.8G       3.7G       123M       5.7M        27M       3.2G

MemTotal:        4016004 kB
MemFree:          125796 kB
Active:           359580 kB
Mem:          3.8G       3.7G       122M       5.7M        27M       3.2G

MemTotal:        4016004 kB
MemFree:          126168 kB
Active:           359572 kB
Mem:          3.8G       3.7G       122M       5.7M        27M       3.2G

MemTotal:        4016004 kB
MemFree:          126168 kB
Active:           359540 kB
Mem:          3.8G       3.7G       123M       5.7M        27M       3.2G

MemTotal:        4016004 kB
MemFree:          126292 kB
Active:           359528 kB
Mem:          3.8G       3.7G       123M       5.7M        27M       3.2G

MemTotal:        4016004 kB
MemFree:          125548 kB
Active:           359580 kB
Mem:          3.8G       3.7G       122M       5.7M        27M       3.2G

MemTotal:        4016004 kB
MemFree:          125920 kB
Active:           359540 kB
Mem:          3.8G       3.7G       122M       5.7M        27M       3.2G

MemTotal:        4016004 kB
MemFree:          125796 kB
Active:           359572 kB
Mem:          3.8G       3.7G       122M       5.7M        27M       3.2G

MemTotal:        4016004 kB
MemFree:          125796 kB
Active:           359528 kB
Mem:          3.8G       3.7G       122M       5.7M        27M       3.2G

MemTotal:        4016004 kB
MemFree:          125920 kB
Active:           359560 kB
Mem:          3.8G       3.7G       122M       5.7M        27M       3.2G

MemTotal:        4016004 kB
MemFree:          125796 kB
Active:           359536 kB
Mem:          3.8G       3.7G       122M       5.7M        27M       3.2G

MemTotal:        4016004 kB
MemFree:          126168 kB
Active:           359548 kB
Mem:          3.8G       3.7G       123M       5.7M        27M       3.2G

MemTotal:        4016004 kB
MemFree:          126416 kB
Active:           359568 kB
Mem:          3.8G       3.7G       123M       5.7M        27M       3.2G

MemTotal:        4016004 kB
MemFree:          126292 kB
Active:           359536 kB
Mem:          3.8G       3.7G       123M       5.7M        27M       3.2G

MemTotal:        4016004 kB
MemFree:          126044 kB
Active:           359576 kB
Mem:          3.8G       3.7G       122M       5.7M        27M       3.2G

MemTotal:        4016004 kB
MemFree:          125920 kB
Active:           359588 kB
Mem:          3.8G       3.7G       122M       5.7M        27M       3.2G

MemTotal:        4016004 kB
MemFree:          125920 kB
Active:           359544 kB
Mem:          3.8G       3.7G       122M       5.7M        27M       3.2G

MemTotal:        4016004 kB
MemFree:          125920 kB
Active:           359544 kB
Mem:          3.8G       3.7G       122M       5.7M        27M       3.2G

MemTotal:        4016004 kB
MemFree:          125796 kB
Active:           359536 kB
Mem:          3.8G       3.7G       122M       5.7M        27M       3.2G

MemTotal:        4016004 kB
MemFree:          125920 kB
Active:           359564 kB
Mem:          3.8G       3.7G       122M       5.7M        27M       3.2G

MemTotal:        4016004 kB
MemFree:          123996 kB
Active:           359552 kB
Mem:          3.8G       3.7G       120M       5.7M        27M       3.2G

MemTotal:        4016004 kB
MemFree:          123748 kB
Active:           359568 kB
Mem:          3.8G       3.7G       121M       5.7M        27M       3.2G

MemTotal:        4016004 kB
MemFree:          123996 kB
Active:           361580 kB
Mem:          3.8G       3.7G       121M       5.7M        27M       3.2G

MemTotal:        4016004 kB
MemFree:          124492 kB
Active:           361608 kB
Mem:          3.8G       3.7G       121M       5.7M        27M       3.2G

MemTotal:        4016004 kB
MemFree:          124368 kB
Active:           361560 kB
Mem:          3.8G       3.7G       121M       5.7M        27M       3.2G

MemTotal:        4016004 kB
MemFree:          123996 kB
Active:           361620 kB
Mem:          3.8G       3.7G       120M       5.7M        27M       3.2G

MemTotal:        4016004 kB
MemFree:          123500 kB
Active:           361620 kB
Mem:          3.8G       3.7G       120M       5.7M        27M       3.2G

MemTotal:        4016004 kB
MemFree:          124120 kB
Active:           361616 kB
Mem:          3.8G       3.7G       121M       5.7M        27M       3.2G

MemTotal:        4016004 kB
MemFree:          124492 kB
Active:           361584 kB
Mem:          3.8G       3.7G       121M       5.7M        27M       3.2G

MemTotal:        4016004 kB
MemFree:          123996 kB
Active:           361608 kB
Mem:          3.8G       3.7G       120M       5.7M        27M       3.2G

MemTotal:        4016004 kB
MemFree:          123996 kB
Active:           361608 kB
Mem:          3.8G       3.7G       121M       5.7M        27M       3.2G

MemTotal:        4016004 kB
MemFree:          123872 kB
Active:           361628 kB
Mem:          3.8G       3.7G       121M       5.7M        27M       3.2G

MemTotal:        4016004 kB
MemFree:          123996 kB
Active:           361640 kB
Mem:          3.8G       3.7G       121M       5.7M        27M       3.2G

MemTotal:        4016004 kB
MemFree:          123996 kB
Active:           361608 kB
Mem:          3.8G       3.7G       120M       5.7M        27M       3.2G

MemTotal:        4016004 kB
MemFree:          123872 kB
Active:           361632 kB
Mem:          3.8G       3.7G       121M       5.7M        27M       3.2G

MemTotal:        4016004 kB
MemFree:          123872 kB
Active:           361600 kB
Mem:          3.8G       3.7G       121M       5.7M        27M       3.2G

MemTotal:        4016004 kB
MemFree:          124368 kB
Active:           361604 kB
Mem:          3.8G       3.7G       121M       5.7M        27M       3.2G

MemTotal:        4016004 kB
MemFree:          124616 kB
Active:           361604 kB
Mem:          3.8G       3.7G       121M       5.7M        27M       3.2G

MemTotal:        4016004 kB
MemFree:          123872 kB
Active:           361636 kB
Mem:          3.8G       3.7G       120M       5.7M        27M       3.2G

MemTotal:        4016004 kB
MemFree:          123872 kB
Active:           361660 kB
Mem:          3.8G       3.7G       120M       5.7M        27M       3.2G

MemTotal:        4016004 kB
MemFree:          123872 kB
Active:           361640 kB
Mem:          3.8G       3.7G       120M       5.7M        27M       3.2G

MemTotal:        4016004 kB
MemFree:          123996 kB
Active:           361656 kB
Mem:          3.8G       3.7G       120M       5.7M        27M       3.2G

MemTotal:        4016004 kB
MemFree:          123748 kB
Active:           361660 kB
Mem:          3.8G       3.7G       120M       5.7M        27M       3.2G

MemTotal:        4016004 kB
MemFree:          123872 kB
Active:           361612 kB
Mem:          3.8G       3.7G       121M       5.7M        27M       3.2G

MemTotal:        4016004 kB
MemFree:          123872 kB
Active:           361640 kB
Mem:          3.8G       3.7G       120M       5.7M        27M       3.2G

MemTotal:        4016004 kB
MemFree:          123748 kB
Active:           361660 kB
Mem:          3.8G       3.7G       120M       5.7M        27M       3.2G

MemTotal:        4016004 kB
MemFree:          123748 kB
Active:           361616 kB
Mem:          3.8G       3.7G       120M       5.7M        27M       3.2G

MemTotal:        4016004 kB
MemFree:          123872 kB
Active:           361628 kB
Mem:          3.8G       3.7G       120M       5.7M        27M       3.2G

MemTotal:        4016004 kB
MemFree:          123748 kB
Active:           361640 kB
Mem:          3.8G       3.7G       120M       5.7M        27M       3.2G

MemTotal:        4016004 kB
MemFree:          123872 kB
Active:           361612 kB
Mem:          3.8G       3.7G       121M       5.7M        27M       3.2G

MemTotal:        4016004 kB
MemFree:          123872 kB
Active:           361628 kB
Mem:          3.8G       3.7G       121M       5.7M        27M       3.2G

MemTotal:        4016004 kB
MemFree:          123748 kB
Active:           361648 kB
Mem:          3.8G       3.7G       120M       5.7M        27M       3.2G

MemTotal:        4016004 kB
MemFree:          123748 kB
Active:           361628 kB
Mem:          3.8G       3.7G       120M       5.7M        27M       3.2G

MemTotal:        4016004 kB
MemFree:          123500 kB
Active:           361676 kB
Mem:          3.8G       3.7G       120M       5.7M        27M       3.2G

MemTotal:        4016004 kB
MemFree:          123872 kB
Active:           361656 kB
Mem:          3.8G       3.7G       120M       5.7M        27M       3.2G

MemTotal:        4016004 kB
MemFree:          123748 kB
Active:           361640 kB
Mem:          3.8G       3.7G       120M       5.7M        27M       3.2G

MemTotal:        4016004 kB
MemFree:          123996 kB
Active:           361668 kB
Mem:          3.8G       3.7G       121M       5.7M        27M       3.2G

MemTotal:        4016004 kB
MemFree:          123872 kB
Active:           361684 kB
Mem:          3.8G       3.7G       121M       5.7M        27M       3.2G

MemTotal:        4016004 kB
MemFree:          124244 kB
Active:           361676 kB
Mem:          3.8G       3.7G       121M       5.7M        27M       3.2G

MemTotal:        4016004 kB
MemFree:          123996 kB
Active:           361688 kB
Mem:          3.8G       3.7G       121M       5.7M        27M       3.2G

MemTotal:        4016004 kB
MemFree:          124120 kB
Active:           361632 kB
Mem:          3.8G       3.7G       121M       5.7M        27M       3.2G

MemTotal:        4016004 kB
MemFree:          124120 kB
Active:           361672 kB
Mem:          3.8G       3.7G       121M       5.7M        27M       3.2G

MemTotal:        4016004 kB
MemFree:          124244 kB
Active:           361692 kB
Mem:          3.8G       3.7G       121M       5.7M        27M       3.2G

MemTotal:        4016004 kB
MemFree:          123872 kB
Active:           361652 kB
Mem:          3.8G       3.7G       120M       5.7M        27M       3.2G

MemTotal:        4016004 kB
MemFree:          123748 kB
Active:           361668 kB
Mem:          3.8G       3.7G       120M       5.7M        27M       3.2G

MemTotal:        4016004 kB
MemFree:          124120 kB
Active:           361648 kB
Mem:          3.8G       3.7G       121M       5.7M        27M       3.2G

MemTotal:        4016004 kB
MemFree:          123996 kB
Active:           361700 kB
Mem:          3.8G       3.7G       120M       5.7M        27M       3.2G

MemTotal:        4016004 kB
MemFree:          123748 kB
Active:           361648 kB
Mem:          3.8G       3.7G       120M       5.7M        27M       3.2G

MemTotal:        4016004 kB
MemFree:          123748 kB
Active:           361660 kB
Mem:          3.8G       3.7G       120M       5.7M        27M       3.2G

MemTotal:        4016004 kB
MemFree:          123748 kB
Active:           361696 kB
Mem:          3.8G       3.7G       120M       5.7M        27M       3.2G

MemTotal:        4016004 kB
MemFree:          123872 kB
Active:           361676 kB
Mem:          3.8G       3.7G       121M       5.7M        27M       3.2G

MemTotal:        4016004 kB
MemFree:          123500 kB
Active:           361664 kB
Mem:          3.8G       3.7G       120M       5.7M        27M       3.2G

MemTotal:        4016004 kB
MemFree:          123624 kB
Active:           361688 kB
Mem:          3.8G       3.7G       120M       5.7M        27M       3.2G

MemTotal:        4016004 kB
MemFree:          123624 kB
Active:           361696 kB
Mem:          3.8G       3.7G       120M       5.7M        27M       3.2G

MemTotal:        4016004 kB
MemFree:          123500 kB
Active:           361708 kB
Mem:          3.8G       3.7G       120M       5.7M        27M       3.2G

MemTotal:        4016004 kB
MemFree:          123252 kB
Active:           361712 kB
Mem:          3.8G       3.7G       120M       5.7M        27M       3.2G

MemTotal:        4016004 kB
MemFree:          123748 kB
Active:           361672 kB
Mem:          3.8G       3.7G       120M       5.7M        27M       3.2G

MemTotal:        4016004 kB
MemFree:          123500 kB
Active:           361716 kB
Mem:          3.8G       3.7G       120M       5.7M        27M       3.2G

MemTotal:        4016004 kB
MemFree:          123500 kB
Active:           361716 kB
Mem:          3.8G       3.7G       120M       5.7M        27M       3.2G

MemTotal:        4016004 kB
MemFree:          123624 kB
Active:           361668 kB
Mem:          3.8G       3.7G       120M       5.7M        27M       3.2G

MemTotal:        4016004 kB
MemFree:          123624 kB
Active:           361716 kB
Mem:          3.8G       3.7G       120M       5.7M        27M       3.2G

MemTotal:        4016004 kB
MemFree:          123748 kB
Active:           361680 kB
Mem:          3.8G       3.7G       120M       5.7M        27M       3.2G

MemTotal:        4016004 kB
MemFree:          123624 kB
Active:           361704 kB
Mem:          3.8G       3.7G       120M       5.7M        27M       3.2G

MemTotal:        4016004 kB
MemFree:          123996 kB
Active:           361688 kB
Mem:          3.8G       3.7G       120M       5.7M        27M       3.2G

MemTotal:        4016004 kB
MemFree:          123996 kB
Active:           361716 kB
Mem:          3.8G       3.7G       120M       5.7M        27M       3.2G

MemTotal:        4016004 kB
MemFree:          123872 kB
Active:           361712 kB
Mem:          3.8G       3.7G       121M       5.7M        27M       3.2G

MemTotal:        4016004 kB
MemFree:          123872 kB
Active:           361680 kB
Mem:          3.8G       3.7G       121M       5.7M        27M       3.2G

MemTotal:        4016004 kB
MemFree:          123872 kB
Active:           361688 kB
Mem:          3.8G       3.7G       121M       5.7M        27M       3.2G

MemTotal:        4016004 kB
MemFree:          123996 kB
Active:           361716 kB
Mem:          3.8G       3.7G       121M       5.7M        27M       3.2G

MemTotal:        4016004 kB
MemFree:          124492 kB
Active:           361748 kB
Mem:          3.8G       3.7G       121M       5.7M        27M       3.2G

MemTotal:        4016004 kB
MemFree:          124244 kB
Active:           361736 kB
Mem:          3.8G       3.7G       121M       5.7M        27M       3.2G

MemTotal:        4016004 kB
MemFree:          123872 kB
Active:           361756 kB
Mem:          3.8G       3.7G       121M       5.7M        27M       3.2G

MemTotal:        4016004 kB
MemFree:          123872 kB
Active:           361716 kB
Mem:          3.8G       3.7G       120M       5.7M        27M       3.2G

MemTotal:        4016004 kB
MemFree:          123872 kB
Active:           361736 kB
Mem:          3.8G       3.7G       120M       5.7M        27M       3.2G

MemTotal:        4016004 kB
MemFree:          123500 kB
Active:           361756 kB
Mem:          3.8G       3.7G       120M       5.7M        27M       3.2G

MemTotal:        4016004 kB
MemFree:          123748 kB
Active:           361716 kB
Mem:          3.8G       3.7G       120M       5.7M        27M       3.2G

MemTotal:        4016004 kB
MemFree:          123748 kB
Active:           361728 kB
Mem:          3.8G       3.7G       120M       5.7M        27M       3.2G

MemTotal:        4016004 kB
MemFree:          123748 kB
Active:           361708 kB
Mem:          3.8G       3.7G       120M       5.7M        27M       3.2G

MemTotal:        4016004 kB
MemFree:          123872 kB
Active:           361720 kB
Mem:          3.8G       3.7G       120M       5.7M        27M       3.2G

MemTotal:        4016004 kB
MemFree:          123500 kB
Active:           361772 kB
Mem:          3.8G       3.7G       120M       5.7M        27M       3.2G

MemTotal:        4016004 kB
MemFree:          123872 kB
Active:           361744 kB
Mem:          3.8G       3.7G       120M       5.7M        27M       3.2G

MemTotal:        4016004 kB
MemFree:          123996 kB
Active:           361756 kB
Mem:          3.8G       3.7G       120M       5.7M        27M       3.2G

MemTotal:        4016004 kB
MemFree:          123500 kB
Active:           361740 kB
Mem:          3.8G       3.7G       120M       5.7M        27M       3.2G

MemTotal:        4016004 kB
MemFree:          123748 kB
Active:           361744 kB
Mem:          3.8G       3.7G       120M       5.7M        27M       3.2G

MemTotal:        4016004 kB
MemFree:          123864 kB
Active:           361852 kB
Mem:          3.8G       3.7G       120M       5.7M        27M       3.2G

MemTotal:        4016004 kB
MemFree:          123864 kB
Active:           361860 kB
Mem:          3.8G       3.7G       120M       5.7M        27M       3.2G

MemTotal:        4016004 kB
MemFree:          123616 kB
Active:           362004 kB
Mem:          3.8G       3.7G       120M       5.7M        27M       3.2G

MemTotal:        4016004 kB
MemFree:          123476 kB
Active:           361892 kB
Mem:          3.8G       3.7G       120M       5.7M        27M       3.2G

MemTotal:        4016004 kB
MemFree:          123724 kB
Active:           361908 kB
Mem:          3.8G       3.7G       120M       5.7M        27M       3.2G

MemTotal:        4016004 kB
MemFree:          123724 kB
Active:           361924 kB
Mem:          3.8G       3.7G       120M       5.7M        28M       3.2G

MemTotal:        4016004 kB
MemFree:          123724 kB
Active:           361896 kB
Mem:          3.8G       3.7G       120M       5.7M        28M       3.2G

MemTotal:        4016004 kB
MemFree:          123848 kB
Active:           361924 kB
Mem:          3.8G       3.7G       120M       5.7M        28M       3.2G

MemTotal:        4016004 kB
MemFree:          123724 kB
Active:           361940 kB
Mem:          3.8G       3.7G       120M       5.7M        28M       3.2G

MemTotal:        4016004 kB
MemFree:          123476 kB
Active:           361956 kB
Mem:          3.8G       3.7G       120M       5.7M        28M       3.2G

