MemTotal:        4016004 kB
MemFree:         3248840 kB
Active:           408960 kB
Mem:          3.8G       748M       3.1G       5.7M        55M       315M

MemTotal:        4016004 kB
MemFree:         3249708 kB
Active:           408840 kB
Mem:          3.8G       748M       3.1G       5.7M        55M       316M

MemTotal:        4016004 kB
MemFree:         3249708 kB
Active:           408944 kB
Mem:          3.8G       748M       3.1G       5.7M        55M       316M

MemTotal:        4016004 kB
MemFree:         3249832 kB
Active:           408924 kB
Mem:          3.8G       748M       3.1G       5.7M        55M       316M

MemTotal:        4016004 kB
MemFree:         3249708 kB
Active:           408948 kB
Mem:          3.8G       748M       3.1G       5.7M        55M       316M

MemTotal:        4016004 kB
MemFree:         3249676 kB
Active:           408892 kB
Mem:          3.8G       748M       3.1G       5.7M        55M       316M

MemTotal:        4016004 kB
MemFree:         3249412 kB
Active:           408928 kB
Mem:          3.8G       748M       3.1G       5.7M        55M       316M

MemTotal:        4016004 kB
MemFree:         3249520 kB
Active:           408912 kB
Mem:          3.8G       748M       3.1G       5.7M        55M       316M

MemTotal:        4016004 kB
MemFree:         3249644 kB
Active:           408932 kB
Mem:          3.8G       748M       3.1G       5.7M        55M       316M

MemTotal:        4016004 kB
MemFree:         3249520 kB
Active:           408948 kB
Mem:          3.8G       748M       3.1G       5.7M        55M       316M

MemTotal:        4016004 kB
MemFree:         3249628 kB
Active:           408936 kB
Mem:          3.8G       748M       3.1G       5.7M        55M       316M

MemTotal:        4016004 kB
MemFree:         3249660 kB
Active:           408904 kB
Mem:          3.8G       748M       3.1G       5.7M        55M       316M

MemTotal:        4016004 kB
MemFree:         3249536 kB
Active:           408924 kB
Mem:          3.8G       748M       3.1G       5.7M        55M       316M

MemTotal:        4016004 kB
MemFree:         3249288 kB
Active:           408956 kB
Mem:          3.8G       748M       3.1G       5.7M        55M       316M

MemTotal:        4016004 kB
MemFree:         3249536 kB
Active:           408908 kB
Mem:          3.8G       748M       3.1G       5.7M        55M       316M

MemTotal:        4016004 kB
MemFree:         3251188 kB
Active:           407000 kB
Mem:          3.8G       747M       3.1G       5.7M        55M       316M

MemTotal:        4016004 kB
MemFree:         3251180 kB
Active:           406932 kB
Mem:          3.8G       747M       3.1G       5.7M        55M       316M

MemTotal:        4016004 kB
MemFree:         3251304 kB
Active:           406916 kB
Mem:          3.8G       746M       3.1G       5.7M        55M       316M

MemTotal:        4016004 kB
MemFree:         3251676 kB
Active:           406884 kB
Mem:          3.8G       746M       3.1G       5.7M        55M       316M

MemTotal:        4016004 kB
MemFree:         3251908 kB
Active:           406900 kB
Mem:          3.8G       746M       3.1G       5.7M        55M       316M

MemTotal:        4016004 kB
MemFree:         3251396 kB
Active:           406940 kB
Mem:          3.8G       746M       3.1G       5.7M        55M       316M

MemTotal:        4016004 kB
MemFree:         3251876 kB
Active:           406900 kB
Mem:          3.8G       746M       3.1G       5.7M        55M       316M

MemTotal:        4016004 kB
MemFree:         3251504 kB
Active:           406948 kB
Mem:          3.8G       746M       3.1G       5.7M        55M       316M

MemTotal:        4016004 kB
MemFree:         3251972 kB
Active:           406912 kB
Mem:          3.8G       746M       3.1G       5.7M        55M       316M

MemTotal:        4016004 kB
MemFree:         3252220 kB
Active:           406944 kB
Mem:          3.8G       746M       3.1G       5.7M        55M       316M

MemTotal:        4016004 kB
MemFree:         3251848 kB
Active:           406948 kB
Mem:          3.8G       746M       3.1G       5.7M        55M       316M

MemTotal:        4016004 kB
MemFree:         3251948 kB
Active:           405168 kB
Mem:          3.8G       746M       3.1G       5.7M        55M       316M

MemTotal:        4016004 kB
MemFree:         3251660 kB
Active:           406960 kB
Mem:          3.8G       746M       3.1G       5.7M        55M       316M

MemTotal:        4016004 kB
MemFree:         3252032 kB
Active:           406920 kB
Mem:          3.8G       746M       3.1G       5.7M        55M       316M

MemTotal:        4016004 kB
MemFree:         3251908 kB
Active:           406968 kB
Mem:          3.8G       746M       3.1G       5.7M        55M       316M

MemTotal:        4016004 kB
MemFree:         3251768 kB
Active:           406944 kB
Mem:          3.8G       746M       3.1G       5.7M        55M       316M

MemTotal:        4016004 kB
MemFree:         3251628 kB
Active:           406916 kB
Mem:          3.8G       746M       3.1G       5.7M        55M       316M

MemTotal:        4016004 kB
MemFree:         3251488 kB
Active:           406972 kB
Mem:          3.8G       746M       3.1G       5.7M        55M       316M

MemTotal:        4016004 kB
MemFree:         3251612 kB
Active:           406972 kB
Mem:          3.8G       746M       3.1G       5.7M        55M       316M

MemTotal:        4016004 kB
MemFree:         3251596 kB
Active:           406928 kB
Mem:          3.8G       746M       3.1G       5.7M        55M       316M

MemTotal:        4016004 kB
MemFree:         3251720 kB
Active:           406956 kB
Mem:          3.8G       746M       3.1G       5.7M        55M       316M

MemTotal:        4016004 kB
MemFree:         3251968 kB
Active:           406940 kB
Mem:          3.8G       746M       3.1G       5.7M        55M       316M

MemTotal:        4016004 kB
MemFree:         3252216 kB
Active:           406980 kB
Mem:          3.8G       746M       3.1G       5.7M        55M       316M

MemTotal:        4016004 kB
MemFree:         3251952 kB
Active:           406952 kB
Mem:          3.8G       746M       3.1G       5.7M        55M       316M

MemTotal:        4016004 kB
MemFree:         3251688 kB
Active:           406984 kB
Mem:          3.8G       746M       3.1G       5.7M        55M       316M

MemTotal:        4016004 kB
MemFree:         3251688 kB
Active:           406984 kB
Mem:          3.8G       746M       3.1G       5.7M        55M       316M

MemTotal:        4016004 kB
MemFree:         3251688 kB
Active:           406984 kB
Mem:          3.8G       746M       3.1G       5.7M        55M       316M

MemTotal:        4016004 kB
MemFree:         3251300 kB
Active:           406996 kB
Mem:          3.8G       746M       3.1G       5.7M        55M       316M

MemTotal:        4016004 kB
MemFree:         3251424 kB
Active:           406960 kB
Mem:          3.8G       746M       3.1G       5.7M        55M       316M

MemTotal:        4016004 kB
MemFree:         3251672 kB
Active:           406976 kB
Mem:          3.8G       746M       3.1G       5.7M        55M       316M

MemTotal:        4016004 kB
MemFree:         3251644 kB
Active:           406948 kB
Mem:          3.8G       746M       3.1G       5.7M        55M       316M

MemTotal:        4016004 kB
MemFree:         3251496 kB
Active:           405080 kB
Mem:          3.8G       746M       3.1G       5.7M        55M       316M

MemTotal:        4016004 kB
MemFree:         3251760 kB
Active:           405016 kB
Mem:          3.8G       746M       3.1G       5.7M        55M       316M

MemTotal:        4016004 kB
MemFree:         3252008 kB
Active:           407092 kB
Mem:          3.8G       746M       3.1G       5.7M        55M       316M

MemTotal:        4016004 kB
MemFree:         3251884 kB
Active:           407076 kB
Mem:          3.8G       746M       3.1G       5.7M        55M       316M

MemTotal:        4016004 kB
MemFree:         3251884 kB
Active:           407064 kB
Mem:          3.8G       746M       3.1G       5.7M        55M       316M

MemTotal:        4016004 kB
MemFree:         3251744 kB
Active:           407080 kB
Mem:          3.8G       746M       3.1G       5.7M        55M       316M

MemTotal:        4016004 kB
MemFree:         3251728 kB
Active:           407108 kB
Mem:          3.8G       746M       3.1G       5.7M        55M       316M

MemTotal:        4016004 kB
MemFree:         3251728 kB
Active:           407124 kB
Mem:          3.8G       746M       3.1G       5.7M        55M       316M

MemTotal:        4016004 kB
MemFree:         3251836 kB
Active:           407120 kB
Mem:          3.8G       746M       3.1G       5.7M        55M       316M

MemTotal:        4016004 kB
MemFree:         3242024 kB
Active:           415020 kB
Mem:          3.8G       756M       3.1G       5.7M        62M       315M

MemTotal:        4016004 kB
MemFree:         3242268 kB
Active:           412888 kB
Mem:          3.8G       755M       3.1G       5.7M        62M       316M

MemTotal:        4016004 kB
MemFree:         3242384 kB
Active:           414920 kB
Mem:          3.8G       755M       3.1G       5.7M        62M       316M

MemTotal:        4016004 kB
MemFree:         3242368 kB
Active:           414904 kB
Mem:          3.8G       755M       3.1G       5.7M        62M       316M

MemTotal:        4016004 kB
MemFree:         3242228 kB
Active:           414876 kB
Mem:          3.8G       755M       3.1G       5.7M        62M       316M

MemTotal:        4016004 kB
MemFree:         3242304 kB
Active:           415128 kB
Mem:          3.8G       755M       3.1G       5.7M        62M       316M

MemTotal:        4016004 kB
MemFree:         3127968 kB
Active:           415592 kB
Mem:          3.8G       867M       3.0G       5.7M        62M       426M

MemTotal:        4016004 kB
MemFree:         3015104 kB
Active:           415640 kB
Mem:          3.8G       978M       2.9G       5.7M        62M       535M

MemTotal:        4016004 kB
MemFree:         2896040 kB
Active:           415612 kB
Mem:          3.8G       1.1G       2.8G       5.7M        62M       650M

MemTotal:        4016004 kB
MemFree:         2883576 kB
Active:           415648 kB
Mem:          3.8G       1.1G       2.7G       5.7M        62M       661M

MemTotal:        4016004 kB
MemFree:         2840452 kB
Active:           415600 kB
Mem:          3.8G       1.1G       2.7G       5.7M        62M       703M

MemTotal:        4016004 kB
MemFree:         2784092 kB
Active:           415652 kB
Mem:          3.8G       1.2G       2.7G       5.7M        62M       756M

MemTotal:        4016004 kB
MemFree:         2756660 kB
Active:           415616 kB
Mem:          3.8G       1.2G       2.6G       5.7M        62M       783M

MemTotal:        4016004 kB
MemFree:         2688212 kB
Active:           415620 kB
Mem:          3.8G       1.3G       2.6G       5.7M        62M       850M

MemTotal:        4016004 kB
MemFree:         2685952 kB
Active:           415640 kB
Mem:          3.8G       1.3G       2.6G       5.7M        62M       851M

MemTotal:        4016004 kB
MemFree:         2684644 kB
Active:           415648 kB
Mem:          3.8G       1.3G       2.6G       5.7M        62M       852M

MemTotal:        4016004 kB
MemFree:         2683512 kB
Active:           415692 kB
Mem:          3.8G       1.3G       2.6G       5.7M        62M       853M

MemTotal:        4016004 kB
MemFree:         2682652 kB
Active:           415708 kB
Mem:          3.8G       1.3G       2.6G       5.7M        62M       854M

MemTotal:        4016004 kB
MemFree:         2597892 kB
Active:           415708 kB
Mem:          3.8G       1.4G       2.5G       5.7M        62M       937M

MemTotal:        4016004 kB
MemFree:         2461824 kB
Active:           415668 kB
Mem:          3.8G       1.5G       2.3G       5.7M        62M       1.0G

MemTotal:        4016004 kB
MemFree:         2334932 kB
Active:           415716 kB
Mem:          3.8G       1.6G       2.2G       5.7M        62M       1.2G

MemTotal:        4016004 kB
MemFree:         2326932 kB
Active:           415716 kB
Mem:          3.8G       1.6G       2.2G       5.7M        62M       1.2G

MemTotal:        4016004 kB
MemFree:         2250004 kB
Active:           415716 kB
Mem:          3.8G       1.7G       2.1G       5.7M        62M       1.2G

MemTotal:        4016004 kB
MemFree:         2229796 kB
Active:           415724 kB
Mem:          3.8G       1.7G       2.1G       5.7M        62M       1.3G

MemTotal:        4016004 kB
MemFree:         2178968 kB
Active:           415736 kB
Mem:          3.8G       1.8G       2.1G       5.7M        62M       1.3G

MemTotal:        4016004 kB
MemFree:         2130064 kB
Active:           415740 kB
Mem:          3.8G       1.8G       2.0G       5.7M        62M       1.4G

MemTotal:        4016004 kB
MemFree:         2102616 kB
Active:           415692 kB
Mem:          3.8G       1.8G       2.0G       5.7M        62M       1.4G

MemTotal:        4016004 kB
MemFree:         2030556 kB
Active:           415752 kB
Mem:          3.8G       1.9G       1.9G       5.7M        62M       1.4G

MemTotal:        4016004 kB
MemFree:         2030060 kB
Active:           415712 kB
Mem:          3.8G       1.9G       1.9G       5.7M        62M       1.4G

MemTotal:        4016004 kB
MemFree:         2028052 kB
Active:           415720 kB
Mem:          3.8G       1.9G       1.9G       5.7M        62M       1.4G

MemTotal:        4016004 kB
MemFree:         2025972 kB
Active:           415740 kB
Mem:          3.8G       1.9G       1.9G       5.7M        62M       1.5G

MemTotal:        4016004 kB
MemFree:         2025384 kB
Active:           415776 kB
Mem:          3.8G       1.9G       1.9G       5.7M        62M       1.5G

MemTotal:        4016004 kB
MemFree:         1896916 kB
Active:           415776 kB
Mem:          3.8G       2.0G       1.8G       5.7M        62M       1.6G

MemTotal:        4016004 kB
MemFree:         1776224 kB
Active:           415744 kB
Mem:          3.8G       2.1G       1.7G       5.7M        62M       1.7G

MemTotal:        4016004 kB
MemFree:         1676080 kB
Active:           415784 kB
Mem:          3.8G       2.2G       1.6G       5.7M        62M       1.8G

MemTotal:        4016004 kB
MemFree:         1602896 kB
Active:           415796 kB
Mem:          3.8G       2.3G       1.5G       5.7M        62M       1.8G

MemTotal:        4016004 kB
MemFree:         1573984 kB
Active:           415796 kB
Mem:          3.8G       2.3G       1.5G       5.7M        62M       1.9G

MemTotal:        4016004 kB
MemFree:         1573380 kB
Active:           415760 kB
Mem:          3.8G       2.3G       1.5G       5.7M        62M       1.9G

MemTotal:        4016004 kB
MemFree:         1480176 kB
Active:           415764 kB
Mem:          3.8G       2.4G       1.4G       5.7M        62M       2.0G

MemTotal:        4016004 kB
MemFree:         1473200 kB
Active:           415804 kB
Mem:          3.8G       2.4G       1.4G       5.7M        62M       2.0G

MemTotal:        4016004 kB
MemFree:         1419584 kB
Active:           415760 kB
Mem:          3.8G       2.5G       1.4G       5.7M        62M       2.0G

MemTotal:        4016004 kB
MemFree:         1373436 kB
Active:           415756 kB
Mem:          3.8G       2.5G       1.3G       5.7M        62M       2.1G

MemTotal:        4016004 kB
MemFree:         1372056 kB
Active:           417788 kB
Mem:          3.8G       2.5G       1.3G       5.7M        62M       2.1G

MemTotal:        4016004 kB
MemFree:         1370664 kB
Active:           417856 kB
Mem:          3.8G       2.5G       1.3G       5.7M        62M       2.1G

MemTotal:        4016004 kB
MemFree:         1368684 kB
Active:           417856 kB
Mem:          3.8G       2.5G       1.3G       5.7M        62M       2.1G

MemTotal:        4016004 kB
MemFree:         1349080 kB
Active:           417808 kB
Mem:          3.8G       2.5G       1.3G       5.7M        62M       2.1G

MemTotal:        4016004 kB
MemFree:         1215124 kB
Active:           417860 kB
Mem:          3.8G       2.7G       1.2G       5.7M        62M       2.2G

MemTotal:        4016004 kB
MemFree:         1088836 kB
Active:           417864 kB
Mem:          3.8G       2.8G       1.0G       5.7M        62M       2.3G

MemTotal:        4016004 kB
MemFree:         1018956 kB
Active:           417864 kB
Mem:          3.8G       2.9G       994M       5.7M        62M       2.4G

MemTotal:        4016004 kB
MemFree:          994556 kB
Active:           417820 kB
Mem:          3.8G       2.9G       970M       5.7M        62M       2.4G

MemTotal:        4016004 kB
MemFree:          928444 kB
Active:           417880 kB
Mem:          3.8G       2.9G       906M       5.7M        62M       2.5G

MemTotal:        4016004 kB
MemFree:          926500 kB
Active:           415992 kB
Mem:          3.8G       2.9G       904M       5.7M        62M       2.5G

MemTotal:        4016004 kB
MemFree:          882900 kB
Active:           417868 kB
Mem:          3.8G       3.0G       861M       5.7M        62M       2.5G

MemTotal:        4016004 kB
MemFree:          772316 kB
Active:           417916 kB
Mem:          3.8G       3.1G       752M       5.7M        62M       2.6G

MemTotal:        4016004 kB
MemFree:          681696 kB
Active:           417924 kB
Mem:          3.8G       3.2G       665M       5.7M        62M       2.7G

MemTotal:        4016004 kB
MemFree:          679536 kB
Active:           417944 kB
Mem:          3.8G       3.2G       663M       5.7M        62M       2.7G

MemTotal:        4016004 kB
MemFree:          678120 kB
Active:           417900 kB
Mem:          3.8G       3.2G       661M       5.7M        62M       2.7G

MemTotal:        4016004 kB
MemFree:          597284 kB
Active:           417900 kB
Mem:          3.8G       3.3G       582M       5.7M        62M       2.8G

MemTotal:        4016004 kB
MemFree:          571148 kB
Active:           417948 kB
Mem:          3.8G       3.3G       557M       5.7M        62M       2.8G

MemTotal:        4016004 kB
MemFree:          487352 kB
Active:           417932 kB
Mem:          3.8G       3.4G       475M       5.7M        62M       2.9G

MemTotal:        4016004 kB
MemFree:          482888 kB
Active:           417984 kB
Mem:          3.8G       3.4G       471M       5.7M        62M       2.9G

MemTotal:        4016004 kB
MemFree:          481028 kB
Active:           417996 kB
Mem:          3.8G       3.4G       469M       5.7M        62M       2.9G

MemTotal:        4016004 kB
MemFree:          479420 kB
Active:           417964 kB
Mem:          3.8G       3.4G       467M       5.7M        62M       2.9G

MemTotal:        4016004 kB
MemFree:          478104 kB
Active:           417952 kB
Mem:          3.8G       3.4G       466M       5.7M        62M       2.9G

MemTotal:        4016004 kB
MemFree:          433020 kB
Active:           417948 kB
Mem:          3.8G       3.4G       422M       5.7M        62M       2.9G

MemTotal:        4016004 kB
MemFree:          307120 kB
Active:           417964 kB
Mem:          3.8G       3.5G       298M       5.7M        62M       3.1G

MemTotal:        4016004 kB
MemFree:          192148 kB
Active:           418012 kB
Mem:          3.8G       3.6G       186M       5.7M        62M       3.2G

MemTotal:        4016004 kB
MemFree:          130996 kB
Active:           418012 kB
Mem:          3.8G       3.7G       127M       5.7M        62M       3.2G

MemTotal:        4016004 kB
MemFree:          123344 kB
Active:           427268 kB
Mem:          3.8G       3.7G       122M       5.7M        27M       3.3G

MemTotal:        4016004 kB
MemFree:          125456 kB
Active:           430616 kB
Mem:          3.8G       3.7G       122M       5.7M        27M       3.3G

MemTotal:        4016004 kB
MemFree:          135128 kB
Active:           476516 kB
Mem:          3.8G       3.7G       130M       5.7M        27M       3.3G

MemTotal:        4016004 kB
MemFree:          132332 kB
Active:           476656 kB
Mem:          3.8G       3.7G       129M       5.7M        27M       3.3G

MemTotal:        4016004 kB
MemFree:          131144 kB
Active:           476612 kB
Mem:          3.8G       3.7G       128M       5.7M        27M       3.3G

MemTotal:        4016004 kB
MemFree:          124848 kB
Active:           474872 kB
Mem:          3.8G       3.7G       121M       5.7M        27M       3.3G

MemTotal:        4016004 kB
MemFree:          127120 kB
Active:           462212 kB
Mem:          3.8G       3.7G       123M       5.7M        27M       3.3G

MemTotal:        4016004 kB
MemFree:          125152 kB
Active:           447620 kB
Mem:          3.8G       3.7G       121M       5.7M        27M       3.3G

MemTotal:        4016004 kB
MemFree:          130760 kB
Active:           440580 kB
Mem:          3.8G       3.7G       127M       5.7M        27M       3.3G

MemTotal:        4016004 kB
MemFree:          137712 kB
Active:           436868 kB
Mem:          3.8G       3.7G       134M       5.7M        27M       3.3G

MemTotal:        4016004 kB
MemFree:          134660 kB
Active:           433156 kB
Mem:          3.8G       3.7G       131M       5.7M        27M       3.3G

MemTotal:        4016004 kB
MemFree:          132268 kB
Active:           431744 kB
Mem:          3.8G       3.7G       128M       5.7M        27M       3.3G

MemTotal:        4016004 kB
MemFree:          137628 kB
Active:           427616 kB
Mem:          3.8G       3.7G       133M       5.7M        27M       3.3G

MemTotal:        4016004 kB
MemFree:          128592 kB
Active:           426980 kB
Mem:          3.8G       3.7G       125M       5.7M        27M       3.3G

MemTotal:        4016004 kB
MemFree:          126636 kB
Active:           426992 kB
Mem:          3.8G       3.7G       123M       5.7M        27M       3.3G

MemTotal:        4016004 kB
MemFree:          125476 kB
Active:           426956 kB
Mem:          3.8G       3.7G       122M       5.7M        27M       3.3G

MemTotal:        4016004 kB
MemFree:          125076 kB
Active:           426948 kB
Mem:          3.8G       3.7G       122M       5.7M        27M       3.3G

MemTotal:        4016004 kB
MemFree:          125220 kB
Active:           426952 kB
Mem:          3.8G       3.7G       122M       5.7M        27M       3.3G

MemTotal:        4016004 kB
MemFree:          121144 kB
Active:           425212 kB
Mem:          3.8G       3.7G       117M       5.7M        27M       3.3G

MemTotal:        4016004 kB
MemFree:          128788 kB
Active:           421756 kB
Mem:          3.8G       3.7G       125M       5.7M        27M       3.3G

MemTotal:        4016004 kB
MemFree:          114720 kB
Active:           417276 kB
Mem:          3.8G       3.7G       123M       5.7M        27M       3.3G

MemTotal:        4016004 kB
MemFree:          128348 kB
Active:           414452 kB
Mem:          3.8G       3.7G       125M       5.7M        27M       3.3G

MemTotal:        4016004 kB
MemFree:          129584 kB
Active:           413056 kB
Mem:          3.8G       3.7G       126M       5.7M        27M       3.3G

MemTotal:        4016004 kB
MemFree:          128908 kB
Active:           410892 kB
Mem:          3.8G       3.7G       125M       5.7M        27M       3.3G

MemTotal:        4016004 kB
MemFree:          129672 kB
Active:           410380 kB
Mem:          3.8G       3.7G       126M       5.7M        27M       3.3G

MemTotal:        4016004 kB
MemFree:          135208 kB
Active:           406144 kB
Mem:          3.8G       3.7G       132M       5.7M        27M       3.3G

MemTotal:        4016004 kB
MemFree:          127232 kB
Active:           404488 kB
Mem:          3.8G       3.7G       123M       5.7M        27M       3.3G

MemTotal:        4016004 kB
MemFree:          135884 kB
Active:           403988 kB
Mem:          3.8G       3.7G       132M       5.7M        27M       3.3G

MemTotal:        4016004 kB
MemFree:          134580 kB
Active:           403952 kB
Mem:          3.8G       3.7G       131M       5.7M        27M       3.3G

MemTotal:        4016004 kB
MemFree:          133464 kB
Active:           403956 kB
Mem:          3.8G       3.7G       130M       5.7M        27M       3.3G

MemTotal:        4016004 kB
MemFree:          132524 kB
Active:           403972 kB
Mem:          3.8G       3.7G       129M       5.7M        27M       3.3G

MemTotal:        4016004 kB
MemFree:          118488 kB
Active:           403736 kB
Mem:          3.8G       3.7G       118M       5.7M        27M       3.3G

MemTotal:        4016004 kB
MemFree:          137388 kB
Active:           397384 kB
Mem:          3.8G       3.7G       133M       5.7M        27M       3.3G

MemTotal:        4016004 kB
MemFree:          119896 kB
Active:           394056 kB
Mem:          3.8G       3.7G       117M       5.7M        27M       3.3G

MemTotal:        4016004 kB
MemFree:          123404 kB
Active:           392520 kB
Mem:          3.8G       3.7G       119M       5.7M        27M       3.3G

MemTotal:        4016004 kB
MemFree:          131804 kB
Active:           391496 kB
Mem:          3.8G       3.7G       128M       5.7M        27M       3.3G

MemTotal:        4016004 kB
MemFree:          145224 kB
Active:           387284 kB
Mem:          3.8G       3.7G       141M       5.7M        27M       3.2G

MemTotal:        4016004 kB
MemFree:          139352 kB
Active:           385628 kB
Mem:          3.8G       3.7G       135M       5.7M        27M       3.3G

MemTotal:        4016004 kB
MemFree:          107484 kB
Active:           385500 kB
Mem:          3.8G       3.7G       104M       5.7M        27M       3.3G

MemTotal:        4016004 kB
MemFree:          134880 kB
Active:           383720 kB
Mem:          3.8G       3.7G       131M       5.7M        27M       3.3G

MemTotal:        4016004 kB
MemFree:          134036 kB
Active:           383736 kB
Mem:          3.8G       3.7G       130M       5.7M        27M       3.3G

MemTotal:        4016004 kB
MemFree:          132520 kB
Active:           383736 kB
Mem:          3.8G       3.7G       129M       5.7M        27M       3.3G

MemTotal:        4016004 kB
MemFree:          132448 kB
Active:           383700 kB
Mem:          3.8G       3.7G       129M       5.7M        27M       3.3G

MemTotal:        4016004 kB
MemFree:          117448 kB
Active:           383744 kB
Mem:          3.8G       3.7G       113M       5.7M        27M       3.3G

MemTotal:        4016004 kB
MemFree:          125076 kB
Active:           378192 kB
Mem:          3.8G       3.7G       124M       5.7M        27M       3.3G

MemTotal:        4016004 kB
MemFree:          134532 kB
Active:           373456 kB
Mem:          3.8G       3.7G       130M       5.7M        27M       3.3G

MemTotal:        4016004 kB
MemFree:          131436 kB
Active:           370260 kB
Mem:          3.8G       3.7G       128M       5.7M        27M       3.3G

MemTotal:        4016004 kB
MemFree:          124492 kB
Active:           369756 kB
Mem:          3.8G       3.7G       121M       5.7M        27M       3.3G

MemTotal:        4016004 kB
MemFree:          144772 kB
Active:           367964 kB
Mem:          3.8G       3.7G       141M       5.7M        27M       3.2G

MemTotal:        4016004 kB
MemFree:          146808 kB
Active:           367452 kB
Mem:          3.8G       3.7G       143M       5.7M        27M       3.2G

MemTotal:        4016004 kB
MemFree:          144128 kB
Active:           367452 kB
Mem:          3.8G       3.7G       140M       5.7M        27M       3.2G

MemTotal:        4016004 kB
MemFree:          138864 kB
Active:           367472 kB
Mem:          3.8G       3.7G       135M       5.7M        27M       3.3G

MemTotal:        4016004 kB
MemFree:          139324 kB
Active:           367440 kB
Mem:          3.8G       3.7G       135M       5.7M        27M       3.3G

MemTotal:        4016004 kB
MemFree:          138956 kB
Active:           367496 kB
Mem:          3.8G       3.7G       135M       5.7M        27M       3.3G

MemTotal:        4016004 kB
MemFree:          138976 kB
Active:           367460 kB
Mem:          3.8G       3.7G       135M       5.7M        27M       3.3G

MemTotal:        4016004 kB
MemFree:          136312 kB
Active:           367516 kB
Mem:          3.8G       3.7G       133M       5.7M        27M       3.3G

MemTotal:        4016004 kB
MemFree:          129348 kB
Active:           367284 kB
Mem:          3.8G       3.7G       125M       5.7M        27M       3.3G

MemTotal:        4016004 kB
MemFree:          141616 kB
Active:           367284 kB
Mem:          3.8G       3.7G       137M       5.7M        27M       3.2G

MemTotal:        4016004 kB
MemFree:          108344 kB
Active:           367288 kB
Mem:          3.8G       3.7G       104M       5.7M        27M       3.3G

MemTotal:        4016004 kB
MemFree:          130264 kB
Active:           364120 kB
Mem:          3.8G       3.7G       126M       5.7M        27M       3.3G

MemTotal:        4016004 kB
MemFree:          137808 kB
Active:           364120 kB
Mem:          3.8G       3.7G       134M       5.7M        27M       3.3G

MemTotal:        4016004 kB
MemFree:          130624 kB
Active:           364200 kB
Mem:          3.8G       3.7G       126M       5.7M        27M       3.3G

MemTotal:        4016004 kB
MemFree:          129284 kB
Active:           364200 kB
Mem:          3.8G       3.7G       126M       5.7M        27M       3.3G

MemTotal:        4016004 kB
MemFree:          121244 kB
Active:           364176 kB
Mem:          3.8G       3.7G       118M       5.7M        27M       3.3G

MemTotal:        4016004 kB
MemFree:          145684 kB
Active:           364092 kB
Mem:          3.8G       3.7G       142M       5.7M        27M       3.2G

MemTotal:        4016004 kB
MemFree:          144576 kB
Active:           364104 kB
Mem:          3.8G       3.7G       140M       5.7M        27M       3.2G

MemTotal:        4016004 kB
MemFree:          143528 kB
Active:           364064 kB
Mem:          3.8G       3.7G       139M       5.7M        27M       3.2G

MemTotal:        4016004 kB
MemFree:          141764 kB
Active:           364068 kB
Mem:          3.8G       3.7G       137M       5.7M        27M       3.2G

MemTotal:        4016004 kB
MemFree:          108272 kB
Active:           364080 kB
Mem:          3.8G       3.7G       105M       5.7M        27M       3.3G

MemTotal:        4016004 kB
MemFree:          117720 kB
Active:           364116 kB
Mem:          3.8G       3.7G       114M       5.7M        27M       3.3G

MemTotal:        4016004 kB
MemFree:          152792 kB
Active:           364116 kB
Mem:          3.8G       3.7G       148M       5.7M        27M       3.2G

MemTotal:        4016004 kB
MemFree:          109456 kB
Active:           363984 kB
Mem:          3.8G       3.7G       105M       5.7M        27M       3.3G

MemTotal:        4016004 kB
MemFree:          107564 kB
Active:           363944 kB
Mem:          3.8G       3.7G       104M       5.7M        27M       3.3G

MemTotal:        4016004 kB
MemFree:          130272 kB
Active:           363984 kB
Mem:          3.8G       3.7G       126M       5.7M        27M       3.3G

MemTotal:        4016004 kB
MemFree:          132888 kB
Active:           363996 kB
Mem:          3.8G       3.7G       129M       5.7M        27M       3.3G

MemTotal:        4016004 kB
MemFree:          133780 kB
Active:           363972 kB
Mem:          3.8G       3.7G       130M       5.7M        27M       3.3G

MemTotal:        4016004 kB
MemFree:          131368 kB
Active:           364016 kB
Mem:          3.8G       3.7G       127M       5.7M        27M       3.3G

MemTotal:        4016004 kB
MemFree:          130312 kB
Active:           363984 kB
Mem:          3.8G       3.7G       127M       5.7M        27M       3.3G

MemTotal:        4016004 kB
MemFree:          129788 kB
Active:           364020 kB
Mem:          3.8G       3.7G       126M       5.7M        27M       3.3G

MemTotal:        4016004 kB
MemFree:          128864 kB
Active:           364020 kB
Mem:          3.8G       3.7G       125M       5.7M        27M       3.3G

MemTotal:        4016004 kB
MemFree:          132140 kB
Active:           364028 kB
Mem:          3.8G       3.7G       128M       5.7M        27M       3.3G

MemTotal:        4016004 kB
MemFree:          122032 kB
Active:           363468 kB
Mem:          3.8G       3.7G       117M       5.7M        27M       3.3G

MemTotal:        4016004 kB
MemFree:          130720 kB
Active:           363256 kB
Mem:          3.8G       3.7G       127M       5.7M        27M       3.3G

MemTotal:        4016004 kB
MemFree:          122928 kB
Active:           363256 kB
Mem:          3.8G       3.7G       119M       5.7M        27M       3.3G

MemTotal:        4016004 kB
MemFree:          121192 kB
Active:           363260 kB
Mem:          3.8G       3.7G       118M       5.7M        27M       3.3G

MemTotal:        4016004 kB
MemFree:          137776 kB
Active:           360856 kB
Mem:          3.8G       3.7G       134M       5.7M        27M       3.2G

MemTotal:        4016004 kB
MemFree:          129496 kB
Active:           360860 kB
Mem:          3.8G       3.7G       126M       5.7M        27M       3.3G

MemTotal:        4016004 kB
MemFree:          126768 kB
Active:           360872 kB
Mem:          3.8G       3.7G       123M       5.7M        27M       3.3G

MemTotal:        4016004 kB
MemFree:          126396 kB
Active:           360836 kB
Mem:          3.8G       3.7G       123M       5.7M        27M       3.3G

MemTotal:        4016004 kB
MemFree:          124596 kB
Active:           360884 kB
Mem:          3.8G       3.7G       121M       5.7M        27M       3.3G

MemTotal:        4016004 kB
MemFree:          123328 kB
Active:           360884 kB
Mem:          3.8G       3.7G       119M       5.7M        27M       3.3G

MemTotal:        4016004 kB
MemFree:          121472 kB
Active:           360824 kB
Mem:          3.8G       3.7G       118M       5.7M        27M       3.3G

MemTotal:        4016004 kB
MemFree:          132912 kB
Active:           362148 kB
Mem:          3.8G       3.7G       129M       5.7M        27M       3.3G

MemTotal:        4016004 kB
MemFree:          122280 kB
Active:           362020 kB
Mem:          3.8G       3.7G       118M       5.7M        27M       3.3G

MemTotal:        4016004 kB
MemFree:          134392 kB
Active:           361488 kB
Mem:          3.8G       3.7G       131M       5.7M        27M       3.3G

MemTotal:        4016004 kB
MemFree:          136148 kB
Active:           361360 kB
Mem:          3.8G       3.7G       132M       5.7M        27M       3.2G

MemTotal:        4016004 kB
MemFree:          115116 kB
Active:           361328 kB
Mem:          3.8G       3.7G       111M       5.7M        27M       3.3G

MemTotal:        4016004 kB
MemFree:          134516 kB
Active:           361388 kB
Mem:          3.8G       3.7G       131M       5.7M        27M       3.3G

MemTotal:        4016004 kB
MemFree:          135132 kB
Active:           361348 kB
Mem:          3.8G       3.7G       131M       5.7M        27M       3.3G

MemTotal:        4016004 kB
MemFree:          145880 kB
Active:           358152 kB
Mem:          3.8G       3.7G       142M       5.7M        27M       3.2G

MemTotal:        4016004 kB
MemFree:          127264 kB
Active:           358152 kB
Mem:          3.8G       3.7G       124M       5.7M        27M       3.3G

MemTotal:        4016004 kB
MemFree:          124840 kB
Active:           360188 kB
Mem:          3.8G       3.7G       121M       5.7M        27M       3.3G

MemTotal:        4016004 kB
MemFree:          124716 kB
Active:           360148 kB
Mem:          3.8G       3.7G       121M       5.7M        27M       3.3G

MemTotal:        4016004 kB
MemFree:          124752 kB
Active:           360144 kB
Mem:          3.8G       3.7G       121M       5.7M        27M       3.3G

MemTotal:        4016004 kB
MemFree:          123084 kB
Active:           360192 kB
Mem:          3.8G       3.7G       118M       5.7M        27M       3.3G

MemTotal:        4016004 kB
MemFree:          115556 kB
Active:           359300 kB
Mem:          3.8G       3.7G       112M       5.7M        27M       3.3G

MemTotal:        4016004 kB
MemFree:          119732 kB
Active:           359300 kB
Mem:          3.8G       3.7G       116M       5.7M        27M       3.3G

MemTotal:        4016004 kB
MemFree:          131584 kB
Active:           356300 kB
Mem:          3.8G       3.7G       127M       5.7M        27M       3.3G

MemTotal:        4016004 kB
MemFree:          118340 kB
Active:           356300 kB
Mem:          3.8G       3.7G       114M       5.7M        27M       3.3G

MemTotal:        4016004 kB
MemFree:          123256 kB
Active:           356300 kB
Mem:          3.8G       3.7G       120M       5.7M        27M       3.3G

MemTotal:        4016004 kB
MemFree:          149636 kB
Active:           352676 kB
Mem:          3.8G       3.7G       146M       5.7M        27M       3.2G

MemTotal:        4016004 kB
MemFree:          142484 kB
Active:           352688 kB
Mem:          3.8G       3.7G       138M       5.7M        27M       3.2G

MemTotal:        4016004 kB
MemFree:          141960 kB
Active:           352700 kB
Mem:          3.8G       3.7G       138M       5.7M        27M       3.2G

MemTotal:        4016004 kB
MemFree:          141492 kB
Active:           352656 kB
Mem:          3.8G       3.7G       138M       5.7M        28M       3.2G

MemTotal:        4016004 kB
MemFree:          116296 kB
Active:           352712 kB
Mem:          3.8G       3.7G       113M       5.7M        28M       3.3G

MemTotal:        4016004 kB
MemFree:          114292 kB
Active:           352664 kB
Mem:          3.8G       3.7G       111M       5.7M        28M       3.3G

MemTotal:        4016004 kB
MemFree:          113796 kB
Active:           352680 kB
Mem:          3.8G       3.7G       110M       5.7M        28M       3.3G

MemTotal:        4016004 kB
MemFree:          113892 kB
Active:           352688 kB
Mem:          3.8G       3.7G       110M       5.7M        28M       3.3G

MemTotal:        4016004 kB
MemFree:          112972 kB
Active:           352688 kB
Mem:          3.8G       3.7G       109M       5.7M        28M       3.3G

MemTotal:        4016004 kB
MemFree:          132272 kB
Active:           353732 kB
Mem:          3.8G       3.7G       129M       5.7M        28M       3.2G

MemTotal:        4016004 kB
MemFree:          114300 kB
Active:           353736 kB
Mem:          3.8G       3.7G       110M       5.7M        28M       3.3G

MemTotal:        4016004 kB
MemFree:          125184 kB
Active:           352576 kB
Mem:          3.8G       3.7G       121M       5.7M        28M       3.3G

MemTotal:        4016004 kB
MemFree:          105240 kB
Active:           352432 kB
Mem:          3.8G       3.7G       102M       5.7M        28M       3.3G

MemTotal:        4016004 kB
MemFree:          140288 kB
Active:           352392 kB
Mem:          3.8G       3.7G       136M       5.7M        28M       3.2G

MemTotal:        4016004 kB
MemFree:          124304 kB
Active:           352408 kB
Mem:          3.8G       3.7G       121M       5.7M        28M       3.3G

MemTotal:        4016004 kB
MemFree:          141660 kB
Active:           352448 kB
Mem:          3.8G       3.7G       137M       5.7M        28M       3.2G

MemTotal:        4016004 kB
MemFree:          134680 kB
Active:           352400 kB
Mem:          3.8G       3.7G       131M       5.7M        28M       3.2G

MemTotal:        4016004 kB
MemFree:          134956 kB
Active:           352424 kB
Mem:          3.8G       3.7G       131M       5.7M        28M       3.2G

MemTotal:        4016004 kB
MemFree:          133424 kB
Active:           352432 kB
Mem:          3.8G       3.7G       129M       5.7M        28M       3.2G

MemTotal:        4016004 kB
MemFree:          132532 kB
Active:           352452 kB
Mem:          3.8G       3.7G       129M       5.7M        28M       3.2G

MemTotal:        4016004 kB
MemFree:          145008 kB
Active:           352460 kB
Mem:          3.8G       3.7G       140M       5.7M        28M       3.2G

MemTotal:        4016004 kB
MemFree:          122144 kB
Active:           352496 kB
Mem:          3.8G       3.7G       118M       5.7M        28M       3.3G

MemTotal:        4016004 kB
MemFree:          122480 kB
Active:           350808 kB
Mem:          3.8G       3.7G       118M       5.7M        28M       3.3G

MemTotal:        4016004 kB
MemFree:          129084 kB
Active:           350816 kB
Mem:          3.8G       3.7G       125M       5.7M        28M       3.2G

MemTotal:        4016004 kB
MemFree:          142480 kB
Active:           350816 kB
Mem:          3.8G       3.7G       138M       5.7M        28M       3.2G

MemTotal:        4016004 kB
MemFree:          145680 kB
Active:           350764 kB
Mem:          3.8G       3.7G       141M       5.7M        28M       3.2G

MemTotal:        4016004 kB
MemFree:          138908 kB
Active:           350824 kB
Mem:          3.8G       3.7G       135M       5.7M        28M       3.2G

MemTotal:        4016004 kB
MemFree:          132816 kB
Active:           350800 kB
Mem:          3.8G       3.7G       129M       5.7M        28M       3.2G

MemTotal:        4016004 kB
MemFree:          122996 kB
Active:           350804 kB
Mem:          3.8G       3.7G       119M       5.7M        28M       3.3G

MemTotal:        4016004 kB
MemFree:          117608 kB
Active:           352232 kB
Mem:          3.8G       3.7G       114M       5.7M        28M       3.3G

MemTotal:        4016004 kB
MemFree:          130168 kB
Active:           351848 kB
Mem:          3.8G       3.7G       126M       5.7M        28M       3.2G

MemTotal:        4016004 kB
MemFree:          129016 kB
Active:           351824 kB
Mem:          3.8G       3.7G       125M       5.7M        28M       3.2G

MemTotal:        4016004 kB
MemFree:          129236 kB
Active:           351816 kB
Mem:          3.8G       3.7G       125M       5.7M        28M       3.2G

MemTotal:        4016004 kB
MemFree:          129208 kB
Active:           351816 kB
Mem:          3.8G       3.7G       125M       5.7M        28M       3.2G

MemTotal:        4016004 kB
MemFree:          127664 kB
Active:           351816 kB
Mem:          3.8G       3.7G       133M       5.7M        28M       3.2G

MemTotal:        4016004 kB
MemFree:          129940 kB
Active:           349548 kB
Mem:          3.8G       3.7G       125M       5.7M        28M       3.2G

MemTotal:        4016004 kB
MemFree:          138660 kB
Active:           349432 kB
Mem:          3.8G       3.7G       135M       5.7M        28M       3.2G

MemTotal:        4016004 kB
MemFree:          136644 kB
Active:           349432 kB
Mem:          3.8G       3.7G       133M       5.7M        28M       3.2G

MemTotal:        4016004 kB
MemFree:          150144 kB
Active:           349404 kB
Mem:          3.8G       3.7G       146M       5.7M        28M       3.2G

MemTotal:        4016004 kB
MemFree:          123532 kB
Active:           349940 kB
Mem:          3.8G       3.7G       119M       5.7M        28M       3.2G

MemTotal:        4016004 kB
MemFree:          150116 kB
Active:           349276 kB
Mem:          3.8G       3.7G       146M       5.7M        28M       3.2G

MemTotal:        4016004 kB
MemFree:          113924 kB
Active:           349152 kB
Mem:          3.8G       3.7G       110M       5.7M        28M       3.3G

MemTotal:        4016004 kB
MemFree:          112700 kB
Active:           349156 kB
Mem:          3.8G       3.7G       109M       5.7M        28M       3.3G

MemTotal:        4016004 kB
MemFree:          111392 kB
Active:           349172 kB
Mem:          3.8G       3.7G       108M       5.7M        28M       3.3G

MemTotal:        4016004 kB
MemFree:          109408 kB
Active:           349172 kB
Mem:          3.8G       3.7G       106M       5.7M        28M       3.3G

MemTotal:        4016004 kB
MemFree:          116716 kB
Active:           349140 kB
Mem:          3.8G       3.7G       123M       5.7M        28M       3.2G

MemTotal:        4016004 kB
MemFree:          140416 kB
Active:           349176 kB
Mem:          3.8G       3.7G       136M       5.7M        28M       3.2G

MemTotal:        4016004 kB
MemFree:          136384 kB
Active:           349068 kB
Mem:          3.8G       3.7G       132M       5.7M        28M       3.2G

MemTotal:        4016004 kB
MemFree:          108572 kB
Active:           349076 kB
Mem:          3.8G       3.7G       105M       5.7M        28M       3.3G

MemTotal:        4016004 kB
MemFree:          126948 kB
Active:           349088 kB
Mem:          3.8G       3.7G       123M       5.7M        28M       3.2G

MemTotal:        4016004 kB
MemFree:          134976 kB
Active:           349088 kB
Mem:          3.8G       3.7G       131M       5.7M        28M       3.2G

MemTotal:        4016004 kB
MemFree:          132428 kB
Active:           349040 kB
Mem:          3.8G       3.7G       128M       5.7M        28M       3.2G

MemTotal:        4016004 kB
MemFree:          140640 kB
Active:           349088 kB
Mem:          3.8G       3.7G       136M       5.7M        28M       3.2G

MemTotal:        4016004 kB
MemFree:          107824 kB
Active:           349088 kB
Mem:          3.8G       3.7G       104M       5.7M        28M       3.3G

MemTotal:        4016004 kB
MemFree:          105204 kB
Active:           349108 kB
Mem:          3.8G       3.7G       102M       5.7M        28M       3.3G

MemTotal:        4016004 kB
MemFree:          127928 kB
Active:           348980 kB
Mem:          3.8G       3.7G       124M       5.7M        28M       3.2G

MemTotal:        4016004 kB
MemFree:          127192 kB
Active:           348928 kB
Mem:          3.8G       3.7G       124M       5.7M        28M       3.2G

MemTotal:        4016004 kB
MemFree:          132380 kB
Active:           348952 kB
Mem:          3.8G       3.7G       128M       5.7M        28M       3.2G

MemTotal:        4016004 kB
MemFree:          139024 kB
Active:           349044 kB
Mem:          3.8G       3.7G       135M       5.7M        28M       3.2G

MemTotal:        4016004 kB
MemFree:          137416 kB
Active:           350088 kB
Mem:          3.8G       3.7G       134M       5.7M        28M       3.2G

MemTotal:        4016004 kB
MemFree:          137856 kB
Active:           349928 kB
Mem:          3.8G       3.7G       134M       5.7M        28M       3.2G

MemTotal:        4016004 kB
MemFree:          137856 kB
Active:           349928 kB
Mem:          3.8G       3.7G       134M       5.7M        28M       3.2G

MemTotal:        4016004 kB
MemFree:          137856 kB
Active:           349912 kB
Mem:          3.8G       3.7G       134M       5.7M        28M       3.2G

MemTotal:        4016004 kB
MemFree:          137856 kB
Active:           349924 kB
Mem:          3.8G       3.7G       134M       5.7M        28M       3.2G

MemTotal:        4016004 kB
MemFree:          137980 kB
Active:           349932 kB
Mem:          3.8G       3.7G       134M       5.7M        28M       3.2G

MemTotal:        4016004 kB
MemFree:          137980 kB
Active:           349972 kB
Mem:          3.8G       3.7G       134M       5.7M        28M       3.2G

MemTotal:        4016004 kB
MemFree:          138104 kB
Active:           349932 kB
Mem:          3.8G       3.7G       134M       5.7M        28M       3.2G

MemTotal:        4016004 kB
MemFree:          137856 kB
Active:           349928 kB
Mem:          3.8G       3.7G       134M       5.7M        28M       3.2G

MemTotal:        4016004 kB
MemFree:          137980 kB
Active:           349972 kB
Mem:          3.8G       3.7G       134M       5.7M        28M       3.2G

MemTotal:        4016004 kB
MemFree:          137980 kB
Active:           349976 kB
Mem:          3.8G       3.7G       134M       5.7M        28M       3.2G

MemTotal:        4016004 kB
MemFree:          137608 kB
Active:           349976 kB
Mem:          3.8G       3.7G       133M       5.7M        28M       3.2G

MemTotal:        4016004 kB
MemFree:          137608 kB
Active:           349976 kB
Mem:          3.8G       3.7G       134M       5.7M        28M       3.2G

MemTotal:        4016004 kB
MemFree:          137608 kB
Active:           349972 kB
Mem:          3.8G       3.7G       134M       5.7M        28M       3.2G

MemTotal:        4016004 kB
MemFree:          138012 kB
Active:           349932 kB
Mem:          3.8G       3.7G       134M       5.7M        28M       3.2G

MemTotal:        4016004 kB
MemFree:          138168 kB
Active:           349716 kB
Mem:          3.8G       3.7G       134M       5.7M        28M       3.2G

MemTotal:        4016004 kB
MemFree:          138168 kB
Active:           349732 kB
Mem:          3.8G       3.7G       134M       5.7M        28M       3.2G

MemTotal:        4016004 kB
MemFree:          138184 kB
Active:           349696 kB
Mem:          3.8G       3.7G       134M       5.7M        28M       3.2G

MemTotal:        4016004 kB
MemFree:          138060 kB
Active:           349708 kB
Mem:          3.8G       3.7G       134M       5.7M        28M       3.2G

MemTotal:        4016004 kB
MemFree:          138308 kB
Active:           349740 kB
Mem:          3.8G       3.7G       135M       5.7M        28M       3.2G

MemTotal:        4016004 kB
MemFree:          137936 kB
Active:           349756 kB
Mem:          3.8G       3.7G       134M       5.7M        28M       3.2G

MemTotal:        4016004 kB
MemFree:          138060 kB
Active:           349756 kB
Mem:          3.8G       3.7G       134M       5.7M        28M       3.2G

MemTotal:        4016004 kB
MemFree:          138432 kB
Active:           349756 kB
Mem:          3.8G       3.7G       135M       5.7M        28M       3.2G

MemTotal:        4016004 kB
MemFree:          138680 kB
Active:           349756 kB
Mem:          3.8G       3.7G       135M       5.7M        28M       3.2G

MemTotal:        4016004 kB
MemFree:          138060 kB
Active:           349776 kB
Mem:          3.8G       3.7G       134M       5.7M        28M       3.2G

MemTotal:        4016004 kB
MemFree:          138308 kB
Active:           349772 kB
Mem:          3.8G       3.7G       135M       5.7M        28M       3.2G

MemTotal:        4016004 kB
MemFree:          138308 kB
Active:           349748 kB
Mem:          3.8G       3.7G       135M       5.7M        28M       3.2G

MemTotal:        4016004 kB
MemFree:          137920 kB
Active:           349780 kB
Mem:          3.8G       3.7G       134M       5.7M        28M       3.2G

MemTotal:        4016004 kB
MemFree:          138556 kB
Active:           349752 kB
Mem:          3.8G       3.7G       135M       5.7M        28M       3.2G

MemTotal:        4016004 kB
MemFree:          138168 kB
Active:           349780 kB
Mem:          3.8G       3.7G       134M       5.7M        28M       3.2G

MemTotal:        4016004 kB
MemFree:          137972 kB
Active:           349736 kB
Mem:          3.8G       3.7G       134M       5.7M        28M       3.2G

MemTotal:        4016004 kB
MemFree:          137832 kB
Active:           349796 kB
Mem:          3.8G       3.7G       134M       5.7M        28M       3.2G

MemTotal:        4016004 kB
MemFree:          138244 kB
Active:           349776 kB
Mem:          3.8G       3.7G       135M       5.7M        28M       3.2G

MemTotal:        4016004 kB
MemFree:          138244 kB
Active:           349792 kB
Mem:          3.8G       3.7G       134M       5.7M        28M       3.2G

MemTotal:        4016004 kB
MemFree:          137936 kB
Active:           349800 kB
Mem:          3.8G       3.7G       134M       5.7M        28M       3.2G

MemTotal:        4016004 kB
MemFree:          138260 kB
Active:           349768 kB
Mem:          3.8G       3.7G       134M       5.7M        28M       3.2G

MemTotal:        4016004 kB
MemFree:          138136 kB
Active:           349800 kB
Mem:          3.8G       3.7G       134M       5.7M        28M       3.2G

MemTotal:        4016004 kB
MemFree:          138152 kB
Active:           349872 kB
Mem:          3.8G       3.7G       134M       5.7M        28M       3.2G

MemTotal:        4016004 kB
MemFree:          137796 kB
Active:           349812 kB
Mem:          3.8G       3.7G       134M       5.7M        28M       3.2G

MemTotal:        4016004 kB
MemFree:          138556 kB
Active:           349780 kB
Mem:          3.8G       3.7G       135M       5.7M        28M       3.2G

MemTotal:        4016004 kB
MemFree:          138416 kB
Active:           349796 kB
Mem:          3.8G       3.7G       135M       5.7M        28M       3.2G

MemTotal:        4016004 kB
MemFree:          138044 kB
Active:           349824 kB
Mem:          3.8G       3.7G       134M       5.7M        28M       3.2G

MemTotal:        4016004 kB
MemFree:          138012 kB
Active:           349820 kB
Mem:          3.8G       3.7G       134M       5.7M        28M       3.2G

MemTotal:        4016004 kB
MemFree:          137736 kB
Active:           349904 kB
Mem:          3.8G       3.7G       134M       5.7M        28M       3.2G

MemTotal:        4016004 kB
MemFree:          137760 kB
Active:           349884 kB
Mem:          3.8G       3.7G       134M       5.7M        28M       3.2G

MemTotal:        4016004 kB
MemFree:          138136 kB
Active:           349936 kB
Mem:          3.8G       3.7G       134M       5.7M        28M       3.2G

MemTotal:        4016004 kB
MemFree:          138136 kB
Active:           349884 kB
Mem:          3.8G       3.7G       134M       5.7M        28M       3.2G

MemTotal:        4016004 kB
MemFree:          138260 kB
Active:           349776 kB
Mem:          3.8G       3.7G       134M       5.7M        28M       3.2G

MemTotal:        4016004 kB
MemFree:          138384 kB
Active:           349792 kB
Mem:          3.8G       3.7G       135M       5.7M        28M       3.2G

MemTotal:        4016004 kB
MemFree:          137780 kB
Active:           349872 kB
Mem:          3.8G       3.7G       134M       5.7M        28M       3.2G

MemTotal:        4016004 kB
MemFree:          138384 kB
Active:           349824 kB
Mem:          3.8G       3.7G       135M       5.7M        28M       3.2G

MemTotal:        4016004 kB
MemFree:          138432 kB
Active:           349788 kB
Mem:          3.8G       3.7G       135M       5.7M        28M       3.2G

MemTotal:        4016004 kB
MemFree:          138168 kB
Active:           349836 kB
Mem:          3.8G       3.7G       135M       5.7M        28M       3.2G

MemTotal:        4016004 kB
MemFree:          137888 kB
Active:           349780 kB
Mem:          3.8G       3.7G       134M       5.7M        28M       3.2G

MemTotal:        4016004 kB
MemFree:          138012 kB
Active:           349748 kB
Mem:          3.8G       3.7G       134M       5.7M        28M       3.2G

MemTotal:        4016004 kB
MemFree:          137516 kB
Active:           350040 kB
Mem:          3.8G       3.7G       134M       5.7M        28M       3.2G

MemTotal:        4016004 kB
MemFree:          137764 kB
Active:           349732 kB
Mem:          3.8G       3.7G       134M       5.7M        28M       3.2G

MemTotal:        4016004 kB
MemFree:          137688 kB
Active:           349856 kB
Mem:          3.8G       3.7G       134M       5.7M        28M       3.2G

MemTotal:        4016004 kB
MemFree:          137812 kB
Active:           349856 kB
Mem:          3.8G       3.7G       134M       5.7M        28M       3.2G

MemTotal:        4016004 kB
MemFree:          137424 kB
Active:           349856 kB
Mem:          3.8G       3.7G       134M       5.7M        28M       3.2G

MemTotal:        4016004 kB
MemFree:          137440 kB
Active:           349856 kB
Mem:          3.8G       3.7G       134M       5.7M        28M       3.2G

MemTotal:        4016004 kB
MemFree:          137936 kB
Active:           349816 kB
Mem:          3.8G       3.7G       134M       5.7M        28M       3.2G

MemTotal:        4016004 kB
MemFree:          138308 kB
Active:           349840 kB
Mem:          3.8G       3.7G       134M       5.7M        28M       3.2G

MemTotal:        4016004 kB
MemFree:          138308 kB
Active:           349800 kB
Mem:          3.8G       3.7G       135M       5.7M        28M       3.2G

MemTotal:        4016004 kB
MemFree:          138184 kB
Active:           349840 kB
Mem:          3.8G       3.7G       134M       5.7M        28M       3.2G

MemTotal:        4016004 kB
MemFree:          138184 kB
Active:           349856 kB
Mem:          3.8G       3.7G       134M       5.7M        28M       3.2G

MemTotal:        4016004 kB
MemFree:          137796 kB
Active:           349848 kB
Mem:          3.8G       3.7G       134M       5.7M        28M       3.2G

MemTotal:        4016004 kB
MemFree:          138180 kB
Active:           349900 kB
Mem:          3.8G       3.7G       134M       5.7M        28M       3.2G

MemTotal:        4016004 kB
MemFree:          138136 kB
Active:           349836 kB
Mem:          3.8G       3.7G       134M       5.7M        28M       3.2G

MemTotal:        4016004 kB
MemFree:          138260 kB
Active:           349852 kB
Mem:          3.8G       3.7G       134M       5.7M        28M       3.2G

MemTotal:        4016004 kB
MemFree:          138508 kB
Active:           349828 kB
Mem:          3.8G       3.7G       135M       5.7M        28M       3.2G

MemTotal:        4016004 kB
MemFree:          138632 kB
Active:           349800 kB
Mem:          3.8G       3.7G       135M       5.7M        28M       3.2G

MemTotal:        4016004 kB
MemFree:          138508 kB
Active:           349784 kB
Mem:          3.8G       3.7G       135M       5.7M        28M       3.2G

MemTotal:        4016004 kB
MemFree:          138540 kB
Active:           349888 kB
Mem:          3.8G       3.7G       135M       5.7M        28M       3.2G

MemTotal:        4016004 kB
MemFree:          138556 kB
Active:           349852 kB
Mem:          3.8G       3.7G       135M       5.7M        28M       3.2G

MemTotal:        4016004 kB
MemFree:          138556 kB
Active:           349820 kB
Mem:          3.8G       3.7G       135M       5.7M        28M       3.2G

MemTotal:        4016004 kB
MemFree:          138384 kB
Active:           349780 kB
Mem:          3.8G       3.7G       134M       5.7M        28M       3.2G

MemTotal:        4016004 kB
MemFree:          138292 kB
Active:           349932 kB
Mem:          3.8G       3.7G       135M       5.7M        28M       3.2G

MemTotal:        4016004 kB
MemFree:          138556 kB
Active:           349820 kB
Mem:          3.8G       3.7G       135M       5.7M        28M       3.2G

MemTotal:        4016004 kB
MemFree:          138308 kB
Active:           349876 kB
Mem:          3.8G       3.7G       135M       5.7M        28M       3.2G

MemTotal:        4016004 kB
MemFree:          138432 kB
Active:           349840 kB
Mem:          3.8G       3.7G       135M       5.7M        28M       3.2G

MemTotal:        4016004 kB
MemFree:          137936 kB
Active:           349836 kB
Mem:          3.8G       3.7G       134M       5.7M        28M       3.2G

MemTotal:        4016004 kB
MemFree:          137812 kB
Active:           349852 kB
Mem:          3.8G       3.7G       134M       5.7M        28M       3.2G

MemTotal:        4016004 kB
MemFree:          137564 kB
Active:           349880 kB
Mem:          3.8G       3.7G       134M       5.7M        28M       3.2G

MemTotal:        4016004 kB
MemFree:          137936 kB
Active:           349848 kB
Mem:          3.8G       3.7G       134M       5.7M        28M       3.2G

MemTotal:        4016004 kB
MemFree:          137936 kB
Active:           349864 kB
Mem:          3.8G       3.7G       134M       5.7M        28M       3.2G

MemTotal:        4016004 kB
MemFree:          137944 kB
Active:           349880 kB
Mem:          3.8G       3.7G       134M       5.7M        28M       3.2G

MemTotal:        4016004 kB
MemFree:          137696 kB
Active:           349884 kB
Mem:          3.8G       3.7G       134M       5.7M        28M       3.2G

MemTotal:        4016004 kB
MemFree:          137944 kB
Active:           349852 kB
Mem:          3.8G       3.7G       134M       5.7M        28M       3.2G

MemTotal:        4016004 kB
MemFree:          137944 kB
Active:           349876 kB
Mem:          3.8G       3.7G       134M       5.7M        28M       3.2G

MemTotal:        4016004 kB
MemFree:          138068 kB
Active:           349868 kB
Mem:          3.8G       3.7G       134M       5.7M        28M       3.2G

MemTotal:        4016004 kB
MemFree:          138068 kB
Active:           349880 kB
Mem:          3.8G       3.7G       134M       5.7M        28M       3.2G

MemTotal:        4016004 kB
MemFree:          138192 kB
Active:           349836 kB
Mem:          3.8G       3.7G       134M       5.7M        28M       3.2G

MemTotal:        4016004 kB
MemFree:          138192 kB
Active:           349852 kB
Mem:          3.8G       3.7G       134M       5.7M        28M       3.2G

MemTotal:        4016004 kB
MemFree:          138068 kB
Active:           349884 kB
Mem:          3.8G       3.7G       134M       5.7M        28M       3.2G

MemTotal:        4016004 kB
MemFree:          138192 kB
Active:           349872 kB
Mem:          3.8G       3.7G       134M       5.7M        28M       3.2G

MemTotal:        4016004 kB
MemFree:          138316 kB
Active:           349880 kB
Mem:          3.8G       3.7G       134M       5.7M        28M       3.2G

MemTotal:        4016004 kB
MemFree:          137820 kB
Active:           349896 kB
Mem:          3.8G       3.7G       134M       5.7M        28M       3.2G

MemTotal:        4016004 kB
MemFree:          138192 kB
Active:           349844 kB
Mem:          3.8G       3.7G       134M       5.7M        28M       3.2G

MemTotal:        4016004 kB
MemFree:          138316 kB
Active:           349860 kB
Mem:          3.8G       3.7G       135M       5.7M        28M       3.2G

MemTotal:        4016004 kB
MemFree:          138316 kB
Active:           349864 kB
Mem:          3.8G       3.7G       135M       5.7M        28M       3.2G

MemTotal:        4016004 kB
MemFree:          137944 kB
Active:           349884 kB
Mem:          3.8G       3.7G       134M       5.7M        28M       3.2G

MemTotal:        4016004 kB
MemFree:          138068 kB
Active:           349908 kB
Mem:          3.8G       3.7G       134M       5.7M        28M       3.2G

MemTotal:        4016004 kB
MemFree:          138068 kB
Active:           349868 kB
Mem:          3.8G       3.7G       134M       5.7M        28M       3.2G

MemTotal:        4016004 kB
MemFree:          137944 kB
Active:           349884 kB
Mem:          3.8G       3.7G       134M       5.7M        28M       3.2G

MemTotal:        4016004 kB
MemFree:          137696 kB
Active:           349912 kB
Mem:          3.8G       3.7G       134M       5.7M        28M       3.2G

MemTotal:        4016004 kB
MemFree:          137820 kB
Active:           349912 kB
Mem:          3.8G       3.7G       134M       5.7M        28M       3.2G

MemTotal:        4016004 kB
MemFree:          137820 kB
Active:           349920 kB
Mem:          3.8G       3.7G       134M       5.7M        28M       3.2G

MemTotal:        4016004 kB
MemFree:          137820 kB
Active:           349912 kB
Mem:          3.8G       3.7G       134M       5.7M        28M       3.2G

MemTotal:        4016004 kB
MemFree:          137696 kB
Active:           349868 kB
Mem:          3.8G       3.7G       134M       5.7M        28M       3.2G

MemTotal:        4016004 kB
MemFree:          137696 kB
Active:           349896 kB
Mem:          3.8G       3.7G       134M       5.7M        28M       3.2G

MemTotal:        4016004 kB
MemFree:          137572 kB
Active:           349932 kB
Mem:          3.8G       3.7G       134M       5.7M        28M       3.2G

MemTotal:        4016004 kB
MemFree:          137944 kB
Active:           349936 kB
Mem:          3.8G       3.7G       134M       5.7M        28M       3.2G

MemTotal:        4016004 kB
MemFree:          137944 kB
Active:           349892 kB
Mem:          3.8G       3.7G       134M       5.7M        28M       3.2G

MemTotal:        4016004 kB
MemFree:          137696 kB
Active:           349932 kB
Mem:          3.8G       3.7G       134M       5.7M        28M       3.2G

MemTotal:        4016004 kB
MemFree:          137572 kB
Active:           349936 kB
Mem:          3.8G       3.7G       134M       5.7M        28M       3.2G

MemTotal:        4016004 kB
MemFree:          137944 kB
Active:           349908 kB
Mem:          3.8G       3.7G       134M       5.7M        28M       3.2G

MemTotal:        4016004 kB
MemFree:          137572 kB
Active:           349944 kB
Mem:          3.8G       3.7G       134M       5.7M        28M       3.2G

MemTotal:        4016004 kB
MemFree:          137448 kB
Active:           349944 kB
Mem:          3.8G       3.7G       134M       5.7M        28M       3.2G

MemTotal:        4016004 kB
MemFree:          137324 kB
Active:           349944 kB
Mem:          3.8G       3.7G       134M       5.7M        28M       3.2G

MemTotal:        4016004 kB
MemFree:          137696 kB
Active:           349936 kB
Mem:          3.8G       3.7G       134M       5.7M        28M       3.2G

MemTotal:        4016004 kB
MemFree:          138068 kB
Active:           349892 kB
Mem:          3.8G       3.7G       134M       5.7M        28M       3.2G

MemTotal:        4016004 kB
MemFree:          137572 kB
Active:           349948 kB
Mem:          3.8G       3.7G       134M       5.7M        28M       3.2G

MemTotal:        4016004 kB
MemFree:          138192 kB
Active:           349896 kB
Mem:          3.8G       3.7G       134M       5.7M        28M       3.2G

MemTotal:        4016004 kB
MemFree:          138068 kB
Active:           349952 kB
Mem:          3.8G       3.7G       134M       5.7M        28M       3.2G

MemTotal:        4016004 kB
MemFree:          137820 kB
Active:           349952 kB
Mem:          3.8G       3.7G       134M       5.7M        28M       3.2G

MemTotal:        4016004 kB
MemFree:          138192 kB
Active:           349944 kB
Mem:          3.8G       3.7G       134M       5.7M        28M       3.2G

MemTotal:        4016004 kB
MemFree:          138192 kB
Active:           349936 kB
Mem:          3.8G       3.7G       134M       5.7M        28M       3.2G

MemTotal:        4016004 kB
MemFree:          138068 kB
Active:           349904 kB
Mem:          3.8G       3.7G       134M       5.7M        28M       3.2G

MemTotal:        4016004 kB
MemFree:          138068 kB
Active:           349960 kB
Mem:          3.8G       3.7G       134M       5.7M        28M       3.2G

MemTotal:        4016004 kB
MemFree:          138068 kB
Active:           349940 kB
Mem:          3.8G       3.7G       134M       5.7M        28M       3.2G

MemTotal:        4016004 kB
MemFree:          137572 kB
Active:           349960 kB
Mem:          3.8G       3.7G       134M       5.7M        28M       3.2G

MemTotal:        4016004 kB
MemFree:          137944 kB
Active:           349944 kB
Mem:          3.8G       3.7G       134M       5.7M        28M       3.2G

MemTotal:        4016004 kB
MemFree:          138068 kB
Active:           349924 kB
Mem:          3.8G       3.7G       134M       5.7M        28M       3.2G

MemTotal:        4016004 kB
MemFree:          138192 kB
Active:           349912 kB
Mem:          3.8G       3.7G       134M       5.7M        28M       3.2G

MemTotal:        4016004 kB
MemFree:          137944 kB
Active:           349952 kB
Mem:          3.8G       3.7G       134M       5.7M        28M       3.2G

MemTotal:        4016004 kB
MemFree:          138068 kB
Active:           349948 kB
Mem:          3.8G       3.7G       134M       5.7M        28M       3.2G

MemTotal:        4016004 kB
MemFree:          138192 kB
Active:           349916 kB
Mem:          3.8G       3.7G       134M       5.7M        28M       3.2G

MemTotal:        4016004 kB
MemFree:          137696 kB
Active:           349972 kB
Mem:          3.8G       3.7G       134M       5.7M        28M       3.2G

MemTotal:        4016004 kB
MemFree:          138192 kB
Active:           349924 kB
Mem:          3.8G       3.7G       134M       5.7M        28M       3.2G

MemTotal:        4016004 kB
MemFree:          138192 kB
Active:           349964 kB
Mem:          3.8G       3.7G       134M       5.7M        28M       3.2G

MemTotal:        4016004 kB
MemFree:          137696 kB
Active:           349944 kB
Mem:          3.8G       3.7G       134M       5.7M        28M       3.2G

MemTotal:        4016004 kB
MemFree:          137696 kB
Active:           349968 kB
Mem:          3.8G       3.7G       134M       5.7M        28M       3.2G

MemTotal:        4016004 kB
MemFree:          137572 kB
Active:           349976 kB
Mem:          3.8G       3.7G       134M       5.7M        28M       3.2G

MemTotal:        4016004 kB
MemFree:          137820 kB
Active:           349968 kB
Mem:          3.8G       3.7G       134M       5.7M        28M       3.2G

MemTotal:        4016004 kB
MemFree:          137448 kB
Active:           349980 kB
Mem:          3.8G       3.7G       134M       5.7M        28M       3.2G

MemTotal:        4016004 kB
MemFree:          137572 kB
Active:           349980 kB
Mem:          3.8G       3.7G       134M       5.7M        28M       3.2G

MemTotal:        4016004 kB
MemFree:          137944 kB
Active:           349976 kB
Mem:          3.8G       3.7G       134M       5.7M        28M       3.2G

MemTotal:        4016004 kB
MemFree:          137820 kB
Active:           349944 kB
Mem:          3.8G       3.7G       134M       5.7M        28M       3.2G

MemTotal:        4016004 kB
MemFree:          137696 kB
Active:           349984 kB
Mem:          3.8G       3.7G       134M       5.7M        28M       3.2G

MemTotal:        4016004 kB
MemFree:          137572 kB
Active:           349984 kB
Mem:          3.8G       3.7G       134M       5.7M        28M       3.2G

MemTotal:        4016004 kB
MemFree:          137820 kB
Active:           349976 kB
Mem:          3.8G       3.7G       134M       5.7M        28M       3.2G

MemTotal:        4016004 kB
MemFree:          137820 kB
Active:           349944 kB
Mem:          3.8G       3.7G       134M       5.7M        28M       3.2G

MemTotal:        4016004 kB
MemFree:          137944 kB
Active:           349984 kB
Mem:          3.8G       3.7G       134M       5.7M        28M       3.2G

MemTotal:        4016004 kB
MemFree:          137944 kB
Active:           349956 kB
Mem:          3.8G       3.7G       134M       5.7M        28M       3.2G

MemTotal:        4016004 kB
MemFree:          138316 kB
Active:           349980 kB
Mem:          3.8G       3.7G       134M       5.7M        28M       3.2G

MemTotal:        4016004 kB
MemFree:          137820 kB
Active:           350000 kB
Mem:          3.8G       3.7G       134M       5.7M        28M       3.2G

MemTotal:        4016004 kB
MemFree:          138176 kB
Active:           349972 kB
Mem:          3.8G       3.7G       135M       5.7M        28M       3.2G

MemTotal:        4016004 kB
MemFree:          138176 kB
Active:           349996 kB
Mem:          3.8G       3.7G       134M       5.7M        28M       3.2G

MemTotal:        4016004 kB
MemFree:          138176 kB
Active:           349968 kB
Mem:          3.8G       3.7G       134M       5.7M        28M       3.2G

MemTotal:        4016004 kB
MemFree:          138176 kB
Active:           350012 kB
Mem:          3.8G       3.7G       134M       5.7M        28M       3.2G

MemTotal:        4016004 kB
MemFree:          138176 kB
Active:           349980 kB
Mem:          3.8G       3.7G       134M       5.7M        28M       3.2G

MemTotal:        4016004 kB
MemFree:          138300 kB
Active:           350012 kB
Mem:          3.8G       3.7G       134M       5.7M        28M       3.2G

MemTotal:        4016004 kB
MemFree:          138300 kB
Active:           349980 kB
Mem:          3.8G       3.7G       134M       5.7M        28M       3.2G

MemTotal:        4016004 kB
MemFree:          137680 kB
Active:           349972 kB
Mem:          3.8G       3.7G       134M       5.7M        28M       3.2G

MemTotal:        4016004 kB
MemFree:          137680 kB
Active:           349992 kB
Mem:          3.8G       3.7G       134M       5.7M        28M       3.2G

MemTotal:        4016004 kB
MemFree:          137680 kB
Active:           350008 kB
Mem:          3.8G       3.7G       134M       5.7M        28M       3.2G

MemTotal:        4016004 kB
MemFree:          137432 kB
Active:           350028 kB
Mem:          3.8G       3.7G       134M       5.7M        28M       3.2G

MemTotal:        4016004 kB
MemFree:          137432 kB
Active:           350028 kB
Mem:          3.8G       3.7G       134M       5.7M        28M       3.2G

MemTotal:        4016004 kB
MemFree:          137680 kB
Active:           349984 kB
Mem:          3.8G       3.7G       134M       5.7M        28M       3.2G

MemTotal:        4016004 kB
MemFree:          137804 kB
Active:           350012 kB
Mem:          3.8G       3.7G       134M       5.7M        28M       3.2G

MemTotal:        4016004 kB
MemFree:          137432 kB
Active:           350040 kB
Mem:          3.8G       3.7G       134M       5.7M        28M       3.2G

MemTotal:        4016004 kB
MemFree:          137060 kB
Active:           350040 kB
Mem:          3.8G       3.7G       133M       5.7M        28M       3.2G

MemTotal:        4016004 kB
MemFree:          137184 kB
Active:           349988 kB
Mem:          3.8G       3.7G       133M       5.7M        28M       3.2G

MemTotal:        4016004 kB
MemFree:          137308 kB
Active:           350024 kB
Mem:          3.8G       3.7G       134M       5.7M        28M       3.2G

MemTotal:        4016004 kB
MemFree:          137928 kB
Active:           349992 kB
Mem:          3.8G       3.7G       134M       5.7M        28M       3.2G

MemTotal:        4016004 kB
MemFree:          137928 kB
Active:           350020 kB
Mem:          3.8G       3.7G       134M       5.7M        28M       3.2G

MemTotal:        4016004 kB
MemFree:          137804 kB
Active:           350044 kB
Mem:          3.8G       3.7G       134M       5.7M        28M       3.2G

MemTotal:        4016004 kB
MemFree:          137928 kB
Active:           350044 kB
Mem:          3.8G       3.7G       134M       5.7M        28M       3.2G

MemTotal:        4016004 kB
MemFree:          137928 kB
Active:           350012 kB
Mem:          3.8G       3.7G       134M       5.7M        28M       3.2G

MemTotal:        4016004 kB
MemFree:          137680 kB
Active:           350052 kB
Mem:          3.8G       3.7G       134M       5.7M        28M       3.2G

MemTotal:        4016004 kB
MemFree:          137680 kB
Active:           350028 kB
Mem:          3.8G       3.7G       134M       5.7M        28M       3.2G

MemTotal:        4016004 kB
MemFree:          137680 kB
Active:           350000 kB
Mem:          3.8G       3.7G       134M       5.7M        28M       3.2G

MemTotal:        4016004 kB
MemFree:          137208 kB
Active:           350136 kB
Mem:          3.8G       3.7G       134M       5.7M        28M       3.2G

MemTotal:        4016004 kB
MemFree:          137332 kB
Active:           350168 kB
Mem:          3.8G       3.7G       134M       5.7M        28M       3.2G

MemTotal:        4016004 kB
MemFree:          137316 kB
Active:           350244 kB
Mem:          3.8G       3.7G       134M       5.7M        28M       3.2G

MemTotal:        4016004 kB
MemFree:          137564 kB
Active:           350220 kB
Mem:          3.8G       3.7G       134M       5.7M        28M       3.2G

MemTotal:        4016004 kB
MemFree:          138060 kB
Active:           350244 kB
Mem:          3.8G       3.7G       134M       5.7M        28M       3.2G

