MemTotal:        4016004 kB
MemFree:         3227656 kB
Active:           429672 kB
Mem:          3.8G       769M       3.1G       5.7M        62M       316M

MemTotal:        4016004 kB
MemFree:         3227996 kB
Active:           429500 kB
Mem:          3.8G       769M       3.1G       5.7M        62M       316M

MemTotal:        4016004 kB
MemFree:         3228476 kB
Active:           429576 kB
Mem:          3.8G       769M       3.1G       5.7M        62M       316M

MemTotal:        4016004 kB
MemFree:         3228460 kB
Active:           429544 kB
Mem:          3.8G       769M       3.1G       5.7M        62M       316M

MemTotal:        4016004 kB
MemFree:         3228196 kB
Active:           429552 kB
Mem:          3.8G       769M       3.1G       5.7M        62M       316M

MemTotal:        4016004 kB
MemFree:         3228196 kB
Active:           429548 kB
Mem:          3.8G       769M       3.1G       5.7M        62M       316M

MemTotal:        4016004 kB
MemFree:         3227628 kB
Active:           427616 kB
Mem:          3.8G       769M       3.1G       5.7M        62M       316M

MemTotal:        4016004 kB
MemFree:         3228256 kB
Active:           429568 kB
Mem:          3.8G       769M       3.1G       5.7M        62M       316M

MemTotal:        4016004 kB
MemFree:         3227992 kB
Active:           429608 kB
Mem:          3.8G       769M       3.1G       5.7M        62M       316M

MemTotal:        4016004 kB
MemFree:         3228100 kB
Active:           429600 kB
Mem:          3.8G       769M       3.1G       5.7M        62M       316M

MemTotal:        4016004 kB
MemFree:         3228208 kB
Active:           429584 kB
Mem:          3.8G       769M       3.1G       5.7M        62M       316M

MemTotal:        4016004 kB
MemFree:         3227836 kB
Active:           429616 kB
Mem:          3.8G       769M       3.1G       5.7M        62M       316M

MemTotal:        4016004 kB
MemFree:         3228440 kB
Active:           429560 kB
Mem:          3.8G       769M       3.1G       5.7M        62M       316M

MemTotal:        4016004 kB
MemFree:         3228440 kB
Active:           429604 kB
Mem:          3.8G       769M       3.1G       5.7M        62M       316M

MemTotal:        4016004 kB
MemFree:         3228440 kB
Active:           429572 kB
Mem:          3.8G       769M       3.1G       5.7M        62M       316M

MemTotal:        4016004 kB
MemFree:         3228456 kB
Active:           429620 kB
Mem:          3.8G       769M       3.1G       5.7M        62M       316M

MemTotal:        4016004 kB
MemFree:         3228456 kB
Active:           429608 kB
Mem:          3.8G       769M       3.1G       5.7M        62M       316M

MemTotal:        4016004 kB
MemFree:         3228596 kB
Active:           429588 kB
Mem:          3.8G       768M       3.1G       5.7M        62M       316M

MemTotal:        4016004 kB
MemFree:         3228580 kB
Active:           429620 kB
Mem:          3.8G       768M       3.1G       5.7M        62M       316M

MemTotal:        4016004 kB
MemFree:         3228456 kB
Active:           429596 kB
Mem:          3.8G       768M       3.1G       5.7M        62M       316M

MemTotal:        4016004 kB
MemFree:         3228580 kB
Active:           429584 kB
Mem:          3.8G       768M       3.1G       5.7M        62M       316M

MemTotal:        4016004 kB
MemFree:         3228580 kB
Active:           429620 kB
Mem:          3.8G       768M       3.1G       5.7M        62M       316M

MemTotal:        4016004 kB
MemFree:         3228456 kB
Active:           429624 kB
Mem:          3.8G       769M       3.1G       5.7M        62M       316M

MemTotal:        4016004 kB
MemFree:         3228332 kB
Active:           429596 kB
Mem:          3.8G       769M       3.1G       5.7M        62M       316M

MemTotal:        4016004 kB
MemFree:         3228456 kB
Active:           429584 kB
Mem:          3.8G       769M       3.1G       5.7M        62M       316M

MemTotal:        4016004 kB
MemFree:         3228580 kB
Active:           429580 kB
Mem:          3.8G       769M       3.1G       5.7M        62M       316M

MemTotal:        4016004 kB
MemFree:         3228084 kB
Active:           429628 kB
Mem:          3.8G       769M       3.1G       5.7M        62M       316M

MemTotal:        4016004 kB
MemFree:         3228208 kB
Active:           429572 kB
Mem:          3.8G       769M       3.1G       5.7M        62M       316M

MemTotal:        4016004 kB
MemFree:         3227836 kB
Active:           429632 kB
Mem:          3.8G       769M       3.1G       5.7M        62M       316M

MemTotal:        4016004 kB
MemFree:         3228208 kB
Active:           429620 kB
Mem:          3.8G       769M       3.1G       5.7M        62M       316M

MemTotal:        4016004 kB
MemFree:         3228208 kB
Active:           429612 kB
Mem:          3.8G       769M       3.1G       5.7M        62M       316M

MemTotal:        4016004 kB
MemFree:         3228440 kB
Active:           429608 kB
Mem:          3.8G       769M       3.1G       5.7M        62M       316M

MemTotal:        4016004 kB
MemFree:         3228440 kB
Active:           429632 kB
Mem:          3.8G       769M       3.1G       5.7M        62M       316M

MemTotal:        4016004 kB
MemFree:         3227944 kB
Active:           429632 kB
Mem:          3.8G       769M       3.1G       5.7M        62M       316M

MemTotal:        4016004 kB
MemFree:         3228488 kB
Active:           429596 kB
Mem:          3.8G       769M       3.1G       5.7M        62M       316M

MemTotal:        4016004 kB
MemFree:         3228488 kB
Active:           429632 kB
Mem:          3.8G       768M       3.1G       5.7M        62M       316M

MemTotal:        4016004 kB
MemFree:         3228144 kB
Active:           427716 kB
Mem:          3.8G       769M       3.1G       5.7M        62M       316M

MemTotal:        4016004 kB
MemFree:         3228424 kB
Active:           429588 kB
Mem:          3.8G       769M       3.1G       5.7M        62M       316M

MemTotal:        4016004 kB
MemFree:         3228424 kB
Active:           429600 kB
Mem:          3.8G       769M       3.1G       5.7M        62M       316M

MemTotal:        4016004 kB
MemFree:         3228300 kB
Active:           429592 kB
Mem:          3.8G       769M       3.1G       5.7M        62M       316M

MemTotal:        4016004 kB
MemFree:         3228300 kB
Active:           429596 kB
Mem:          3.8G       769M       3.1G       5.7M        62M       316M

MemTotal:        4016004 kB
MemFree:         3228424 kB
Active:           429644 kB
Mem:          3.8G       769M       3.1G       5.7M        62M       316M

MemTotal:        4016004 kB
MemFree:         3228424 kB
Active:           429624 kB
Mem:          3.8G       769M       3.1G       5.7M        62M       316M

MemTotal:        4016004 kB
MemFree:         3228408 kB
Active:           429608 kB
Mem:          3.8G       769M       3.1G       5.7M        62M       316M

MemTotal:        4016004 kB
MemFree:         3228408 kB
Active:           429604 kB
Mem:          3.8G       769M       3.1G       5.7M        62M       316M

MemTotal:        4016004 kB
MemFree:         3228160 kB
Active:           429640 kB
Mem:          3.8G       769M       3.1G       5.7M        62M       316M

MemTotal:        4016004 kB
MemFree:         3228144 kB
Active:           429616 kB
Mem:          3.8G       769M       3.1G       5.7M        62M       316M

MemTotal:        4016004 kB
MemFree:         3227648 kB
Active:           429664 kB
Mem:          3.8G       769M       3.1G       5.7M        62M       316M

MemTotal:        4016004 kB
MemFree:         3227944 kB
Active:           429648 kB
Mem:          3.8G       769M       3.1G       5.7M        62M       316M

MemTotal:        4016004 kB
MemFree:         3228068 kB
Active:           429624 kB
Mem:          3.8G       769M       3.1G       5.7M        62M       316M

MemTotal:        4016004 kB
MemFree:         3228316 kB
Active:           429648 kB
Mem:          3.8G       769M       3.1G       5.7M        62M       316M

MemTotal:        4016004 kB
MemFree:         3228192 kB
Active:           429676 kB
Mem:          3.8G       769M       3.1G       5.7M        62M       316M

MemTotal:        4016004 kB
MemFree:         3228688 kB
Active:           429692 kB
Mem:          3.8G       769M       3.1G       5.7M        62M       316M

MemTotal:        4016004 kB
MemFree:         3228688 kB
Active:           429680 kB
Mem:          3.8G       769M       3.1G       5.7M        62M       316M

MemTotal:        4016004 kB
MemFree:         3228564 kB
Active:           429680 kB
Mem:          3.8G       768M       3.1G       5.7M        62M       316M

MemTotal:        4016004 kB
MemFree:         3228688 kB
Active:           429672 kB
Mem:          3.8G       769M       3.1G       5.7M        62M       316M

MemTotal:        4016004 kB
MemFree:         3227924 kB
Active:           427712 kB
Mem:          3.8G       769M       3.1G       5.7M        62M       316M

MemTotal:        4016004 kB
MemFree:         3227632 kB
Active:           427664 kB
Mem:          3.8G       769M       3.1G       5.7M        62M       316M

MemTotal:        4016004 kB
MemFree:         3227632 kB
Active:           429720 kB
Mem:          3.8G       769M       3.1G       5.7M        62M       316M

MemTotal:        4016004 kB
MemFree:         3227944 kB
Active:           429672 kB
Mem:          3.8G       769M       3.1G       5.7M        62M       316M

MemTotal:        4016004 kB
MemFree:         3227632 kB
Active:           429812 kB
Mem:          3.8G       770M       3.1G       5.7M        62M       316M

MemTotal:        4016004 kB
MemFree:         3114004 kB
Active:           430532 kB
Mem:          3.8G       883M       3.0G       5.7M        62M       427M

MemTotal:        4016004 kB
MemFree:         3000784 kB
Active:           430604 kB
Mem:          3.8G       992M       2.9G       5.7M        62M       535M

MemTotal:        4016004 kB
MemFree:         2881596 kB
Active:           430600 kB
Mem:          3.8G       1.1G       2.7G       5.7M        62M       651M

MemTotal:        4016004 kB
MemFree:         2872180 kB
Active:           430604 kB
Mem:          3.8G       1.1G       2.7G       5.7M        62M       657M

MemTotal:        4016004 kB
MemFree:         2820208 kB
Active:           430576 kB
Mem:          3.8G       1.1G       2.7G       5.7M        62M       710M

MemTotal:        4016004 kB
MemFree:         2771020 kB
Active:           430608 kB
Mem:          3.8G       1.2G       2.6G       5.7M        62M       754M

MemTotal:        4016004 kB
MemFree:         2737448 kB
Active:           430600 kB
Mem:          3.8G       1.2G       2.6G       5.7M        62M       788M

MemTotal:        4016004 kB
MemFree:         2674312 kB
Active:           430616 kB
Mem:          3.8G       1.3G       2.6G       5.7M        62M       848M

MemTotal:        4016004 kB
MemFree:         2672520 kB
Active:           430640 kB
Mem:          3.8G       1.3G       2.5G       5.7M        62M       849M

MemTotal:        4016004 kB
MemFree:         2671156 kB
Active:           430604 kB
Mem:          3.8G       1.3G       2.5G       5.7M        62M       850M

MemTotal:        4016004 kB
MemFree:         2670288 kB
Active:           430640 kB
Mem:          3.8G       1.3G       2.5G       5.7M        62M       851M

MemTotal:        4016004 kB
MemFree:         2601064 kB
Active:           430672 kB
Mem:          3.8G       1.3G       2.5G       5.7M        62M       917M

MemTotal:        4016004 kB
MemFree:         2562456 kB
Active:           430620 kB
Mem:          3.8G       1.4G       2.4G       5.7M        62M       956M

MemTotal:        4016004 kB
MemFree:         2427984 kB
Active:           430680 kB
Mem:          3.8G       1.5G       2.3G       5.7M        62M       1.1G

MemTotal:        4016004 kB
MemFree:         2318280 kB
Active:           430680 kB
Mem:          3.8G       1.6G       2.2G       5.7M        62M       1.2G

MemTotal:        4016004 kB
MemFree:         2318652 kB
Active:           430660 kB
Mem:          3.8G       1.6G       2.2G       5.7M        62M       1.2G

MemTotal:        4016004 kB
MemFree:         2218888 kB
Active:           430664 kB
Mem:          3.8G       1.7G       2.1G       5.7M        62M       1.3G

MemTotal:        4016004 kB
MemFree:         2218144 kB
Active:           430656 kB
Mem:          3.8G       1.7G       2.1G       5.7M        62M       1.3G

MemTotal:        4016004 kB
MemFree:         2151816 kB
Active:           430704 kB
Mem:          3.8G       1.8G       2.1G       5.7M        62M       1.3G

MemTotal:        4016004 kB
MemFree:         2119804 kB
Active:           430676 kB
Mem:          3.8G       1.8G       2.0G       5.7M        62M       1.3G

MemTotal:        4016004 kB
MemFree:         2073768 kB
Active:           430680 kB
Mem:          3.8G       1.9G       2.0G       5.7M        62M       1.4G

MemTotal:        4016004 kB
MemFree:         2019944 kB
Active:           430668 kB
Mem:          3.8G       1.9G       1.9G       5.7M        62M       1.4G

MemTotal:        4016004 kB
MemFree:         2018416 kB
Active:           430680 kB
Mem:          3.8G       1.9G       1.9G       5.7M        62M       1.4G

MemTotal:        4016004 kB
MemFree:         2018044 kB
Active:           430736 kB
Mem:          3.8G       1.9G       1.9G       5.7M        62M       1.4G

MemTotal:        4016004 kB
MemFree:         2018264 kB
Active:           430728 kB
Mem:          3.8G       1.9G       1.9G       5.7M        62M       1.4G

MemTotal:        4016004 kB
MemFree:         1996464 kB
Active:           430704 kB
Mem:          3.8G       1.9G       1.9G       5.7M        62M       1.5G

MemTotal:        4016004 kB
MemFree:         1859140 kB
Active:           430744 kB
Mem:          3.8G       2.1G       1.8G       5.7M        62M       1.6G

MemTotal:        4016004 kB
MemFree:         1730760 kB
Active:           430740 kB
Mem:          3.8G       2.2G       1.6G       5.7M        62M       1.7G

MemTotal:        4016004 kB
MemFree:         1666104 kB
Active:           430712 kB
Mem:          3.8G       2.2G       1.6G       5.7M        62M       1.8G

MemTotal:        4016004 kB
MemFree:         1642204 kB
Active:           430764 kB
Mem:          3.8G       2.3G       1.6G       5.7M        62M       1.8G

MemTotal:        4016004 kB
MemFree:         1566368 kB
Active:           430756 kB
Mem:          3.8G       2.3G       1.5G       5.7M        62M       1.9G

MemTotal:        4016004 kB
MemFree:         1551584 kB
Active:           430740 kB
Mem:          3.8G       2.4G       1.5G       5.7M        62M       1.9G

MemTotal:        4016004 kB
MemFree:         1466464 kB
Active:           430752 kB
Mem:          3.8G       2.4G       1.4G       5.7M        62M       2.0G

MemTotal:        4016004 kB
MemFree:         1466416 kB
Active:           430708 kB
Mem:          3.8G       2.4G       1.4G       5.7M        62M       2.0G

MemTotal:        4016004 kB
MemFree:         1464924 kB
Active:           430764 kB
Mem:          3.8G       2.4G       1.4G       5.7M        62M       2.0G

MemTotal:        4016004 kB
MemFree:         1462632 kB
Active:           430784 kB
Mem:          3.8G       2.4G       1.4G       5.7M        62M       2.0G

MemTotal:        4016004 kB
MemFree:         1428516 kB
Active:           430764 kB
Mem:          3.8G       2.5G       1.4G       5.7M        62M       2.0G

MemTotal:        4016004 kB
MemFree:         1304120 kB
Active:           430792 kB
Mem:          3.8G       2.6G       1.2G       5.7M        62M       2.1G

MemTotal:        4016004 kB
MemFree:         1204184 kB
Active:           430792 kB
Mem:          3.8G       2.7G       1.1G       5.7M        62M       2.2G

MemTotal:        4016004 kB
MemFree:         1125768 kB
Active:           430800 kB
Mem:          3.8G       2.8G       1.1G       5.7M        62M       2.3G

MemTotal:        4016004 kB
MemFree:         1112272 kB
Active:           430812 kB
Mem:          3.8G       2.8G       1.1G       5.7M        62M       2.3G

MemTotal:        4016004 kB
MemFree:         1020676 kB
Active:           430816 kB
Mem:          3.8G       2.9G       996M       5.7M        62M       2.4G

MemTotal:        4016004 kB
MemFree:         1017144 kB
Active:           430784 kB
Mem:          3.8G       2.9G       993M       5.7M        62M       2.4G

MemTotal:        4016004 kB
MemFree:          932540 kB
Active:           430820 kB
Mem:          3.8G       2.9G       909M       5.7M        62M       2.5G

MemTotal:        4016004 kB
MemFree:          927264 kB
Active:           430824 kB
Mem:          3.8G       2.9G       905M       5.7M        62M       2.5G

MemTotal:        4016004 kB
MemFree:          904612 kB
Active:           428944 kB
Mem:          3.8G       3.0G       881M       5.7M        62M       2.5G

MemTotal:        4016004 kB
MemFree:          800464 kB
Active:           430940 kB
Mem:          3.8G       3.1G       779M       5.7M        62M       2.6G

MemTotal:        4016004 kB
MemFree:          765028 kB
Active:           430912 kB
Mem:          3.8G       3.1G       744M       5.7M        62M       2.6G

MemTotal:        4016004 kB
MemFree:          664472 kB
Active:           430948 kB
Mem:          3.8G       3.2G       649M       5.7M        62M       2.7G

MemTotal:        4016004 kB
MemFree:          662980 kB
Active:           430944 kB
Mem:          3.8G       3.2G       647M       5.7M        62M       2.7G

MemTotal:        4016004 kB
MemFree:          618868 kB
Active:           430948 kB
Mem:          3.8G       3.2G       603M       5.7M        62M       2.8G

MemTotal:        4016004 kB
MemFree:          578252 kB
Active:           430976 kB
Mem:          3.8G       3.3G       564M       5.7M        62M       2.8G

MemTotal:        4016004 kB
MemFree:          532528 kB
Active:           430988 kB
Mem:          3.8G       3.3G       517M       5.7M        62M       2.8G

MemTotal:        4016004 kB
MemFree:          502904 kB
Active:           431004 kB
Mem:          3.8G       3.4G       491M       5.7M        62M       2.9G

MemTotal:        4016004 kB
MemFree:          502656 kB
Active:           431020 kB
Mem:          3.8G       3.4G       490M       5.7M        62M       2.9G

MemTotal:        4016004 kB
MemFree:          502428 kB
Active:           429092 kB
Mem:          3.8G       3.4G       490M       5.7M        62M       2.9G

MemTotal:        4016004 kB
MemFree:          502404 kB
Active:           431012 kB
Mem:          3.8G       3.4G       490M       5.7M        62M       2.9G

MemTotal:        4016004 kB
MemFree:          445724 kB
Active:           431056 kB
Mem:          3.8G       3.4G       433M       5.7M        62M       2.9G

MemTotal:        4016004 kB
MemFree:          315344 kB
Active:           431000 kB
Mem:          3.8G       3.5G       306M       5.7M        62M       3.0G

MemTotal:        4016004 kB
MemFree:          213160 kB
Active:           431068 kB
Mem:          3.8G       3.6G       205M       5.7M        62M       3.1G

MemTotal:        4016004 kB
MemFree:          132664 kB
Active:           431072 kB
Mem:          3.8G       3.7G       126M       5.7M        62M       3.2G

MemTotal:        4016004 kB
MemFree:          122396 kB
Active:           434232 kB
Mem:          3.8G       3.7G       117M       5.7M        27M       3.3G

MemTotal:        4016004 kB
MemFree:          118176 kB
Active:           434344 kB
Mem:          3.8G       3.7G       112M       5.7M        27M       3.3G

MemTotal:        4016004 kB
MemFree:          131336 kB
Active:           490636 kB
Mem:          3.8G       3.7G       128M       5.7M        27M       3.2G

MemTotal:        4016004 kB
MemFree:          137776 kB
Active:           491176 kB
Mem:          3.8G       3.7G       121M       5.7M        27M       3.3G

MemTotal:        4016004 kB
MemFree:          127472 kB
Active:           489356 kB
Mem:          3.8G       3.7G       124M       5.7M        27M       3.3G

MemTotal:        4016004 kB
MemFree:          126776 kB
Active:           477664 kB
Mem:          3.8G       3.7G       123M       5.7M        27M       3.3G

MemTotal:        4016004 kB
MemFree:          125872 kB
Active:           477684 kB
Mem:          3.8G       3.7G       122M       5.7M        27M       3.3G

MemTotal:        4016004 kB
MemFree:          123828 kB
Active:           477668 kB
Mem:          3.8G       3.7G       120M       5.7M        27M       3.3G

MemTotal:        4016004 kB
MemFree:          123460 kB
Active:           477660 kB
Mem:          3.8G       3.7G       120M       5.7M        27M       3.3G

MemTotal:        4016004 kB
MemFree:          121144 kB
Active:           477692 kB
Mem:          3.8G       3.7G       115M       5.7M        27M       3.3G

MemTotal:        4016004 kB
MemFree:          133844 kB
Active:           460748 kB
Mem:          3.8G       3.7G       129M       5.7M        27M       3.2G

MemTotal:        4016004 kB
MemFree:          136052 kB
Active:           448568 kB
Mem:          3.8G       3.7G       130M       5.7M        27M       3.2G

MemTotal:        4016004 kB
MemFree:          135548 kB
Active:           445628 kB
Mem:          3.8G       3.7G       132M       5.7M        27M       3.2G

MemTotal:        4016004 kB
MemFree:          125540 kB
Active:           445128 kB
Mem:          3.8G       3.7G       121M       5.7M        27M       3.3G

MemTotal:        4016004 kB
MemFree:          108776 kB
Active:           441428 kB
Mem:          3.8G       3.7G       103M       5.7M        27M       3.3G

MemTotal:        4016004 kB
MemFree:          136360 kB
Active:           439508 kB
Mem:          3.8G       3.7G       132M       5.7M        27M       3.2G

MemTotal:        4016004 kB
MemFree:          139336 kB
Active:           437844 kB
Mem:          3.8G       3.7G       134M       5.7M        27M       3.2G

MemTotal:        4016004 kB
MemFree:          127212 kB
Active:           437720 kB
Mem:          3.8G       3.7G       122M       5.7M        27M       3.3G

MemTotal:        4016004 kB
MemFree:          126492 kB
Active:           435928 kB
Mem:          3.8G       3.7G       123M       5.7M        27M       3.3G

MemTotal:        4016004 kB
MemFree:          126028 kB
Active:           435936 kB
Mem:          3.8G       3.7G       123M       5.7M        27M       3.3G

MemTotal:        4016004 kB
MemFree:          124020 kB
Active:           435908 kB
Mem:          3.8G       3.7G       120M       5.7M        27M       3.3G

MemTotal:        4016004 kB
MemFree:          122628 kB
Active:           435936 kB
Mem:          3.8G       3.7G       118M       5.7M        27M       3.3G

MemTotal:        4016004 kB
MemFree:          121764 kB
Active:           435436 kB
Mem:          3.8G       3.7G       117M       5.7M        27M       3.3G

MemTotal:        4016004 kB
MemFree:          122700 kB
Active:           426600 kB
Mem:          3.8G       3.7G       128M       5.7M        27M       3.3G

MemTotal:        4016004 kB
MemFree:          140008 kB
Active:           422948 kB
Mem:          3.8G       3.7G       133M       5.7M        27M       3.2G

MemTotal:        4016004 kB
MemFree:          133000 kB
Active:           417452 kB
Mem:          3.8G       3.7G       131M       5.7M        27M       3.2G

MemTotal:        4016004 kB
MemFree:          124520 kB
Active:           416540 kB
Mem:          3.8G       3.7G       119M       5.7M        27M       3.3G

MemTotal:        4016004 kB
MemFree:          121976 kB
Active:           414032 kB
Mem:          3.8G       3.7G       119M       5.7M        27M       3.3G

MemTotal:        4016004 kB
MemFree:          113936 kB
Active:           413988 kB
Mem:          3.8G       3.7G       109M       5.7M        27M       3.3G

MemTotal:        4016004 kB
MemFree:          124132 kB
Active:           412232 kB
Mem:          3.8G       3.7G       121M       5.7M        27M       3.3G

MemTotal:        4016004 kB
MemFree:          122768 kB
Active:           412236 kB
Mem:          3.8G       3.7G       120M       5.7M        27M       3.3G

MemTotal:        4016004 kB
MemFree:          128452 kB
Active:           409072 kB
Mem:          3.8G       3.7G       122M       5.7M        27M       3.3G

MemTotal:        4016004 kB
MemFree:          110460 kB
Active:           409076 kB
Mem:          3.8G       3.7G       107M       5.7M        27M       3.3G

MemTotal:        4016004 kB
MemFree:          109144 kB
Active:           409040 kB
Mem:          3.8G       3.7G       106M       5.7M        27M       3.3G

MemTotal:        4016004 kB
MemFree:          108064 kB
Active:           409076 kB
Mem:          3.8G       3.7G       105M       5.7M        27M       3.3G

MemTotal:        4016004 kB
MemFree:          121672 kB
Active:           405224 kB
Mem:          3.8G       3.7G       116M       5.7M        27M       3.3G

MemTotal:        4016004 kB
MemFree:          137116 kB
Active:           400584 kB
Mem:          3.8G       3.7G       131M       5.7M        27M       3.2G

MemTotal:        4016004 kB
MemFree:          141484 kB
Active:           398836 kB
Mem:          3.8G       3.7G       138M       5.7M        27M       3.2G

MemTotal:        4016004 kB
MemFree:          136924 kB
Active:           397116 kB
Mem:          3.8G       3.7G       133M       5.7M        27M       3.2G

MemTotal:        4016004 kB
MemFree:          142188 kB
Active:           394320 kB
Mem:          3.8G       3.7G       135M       5.7M        27M       3.2G

MemTotal:        4016004 kB
MemFree:          125120 kB
Active:           393832 kB
Mem:          3.8G       3.7G       121M       5.7M        27M       3.3G

MemTotal:        4016004 kB
MemFree:          116812 kB
Active:           393320 kB
Mem:          3.8G       3.7G       124M       5.7M        27M       3.3G

MemTotal:        4016004 kB
MemFree:          137736 kB
Active:           391948 kB
Mem:          3.8G       3.7G       134M       5.7M        27M       3.2G

MemTotal:        4016004 kB
MemFree:          136388 kB
Active:           391920 kB
Mem:          3.8G       3.7G       132M       5.7M        27M       3.2G

MemTotal:        4016004 kB
MemFree:          134376 kB
Active:           391944 kB
Mem:          3.8G       3.7G       130M       5.7M        27M       3.2G

MemTotal:        4016004 kB
MemFree:          134212 kB
Active:           391936 kB
Mem:          3.8G       3.7G       131M       5.7M        27M       3.2G

MemTotal:        4016004 kB
MemFree:          115724 kB
Active:           391936 kB
Mem:          3.8G       3.7G       110M       5.7M        27M       3.3G

MemTotal:        4016004 kB
MemFree:          122676 kB
Active:           388612 kB
Mem:          3.8G       3.7G       128M       5.7M        27M       3.2G

MemTotal:        4016004 kB
MemFree:          134524 kB
Active:           381124 kB
Mem:          3.8G       3.7G       129M       5.7M        27M       3.2G

MemTotal:        4016004 kB
MemFree:          135836 kB
Active:           378312 kB
Mem:          3.8G       3.7G       132M       5.7M        27M       3.2G

MemTotal:        4016004 kB
MemFree:          119868 kB
Active:           377168 kB
Mem:          3.8G       3.7G       115M       5.7M        27M       3.3G

MemTotal:        4016004 kB
MemFree:          117292 kB
Active:           376392 kB
Mem:          3.8G       3.7G       110M       5.7M        27M       3.3G

MemTotal:        4016004 kB
MemFree:          123328 kB
Active:           373460 kB
Mem:          3.8G       3.7G       120M       5.7M        27M       3.3G

MemTotal:        4016004 kB
MemFree:          123288 kB
Active:           372908 kB
Mem:          3.8G       3.7G       117M       5.7M        27M       3.3G

MemTotal:        4016004 kB
MemFree:          142232 kB
Active:           370188 kB
Mem:          3.8G       3.7G       138M       5.7M        27M       3.2G

MemTotal:        4016004 kB
MemFree:          141924 kB
Active:           370184 kB
Mem:          3.8G       3.7G       138M       5.7M        27M       3.2G

MemTotal:        4016004 kB
MemFree:          141772 kB
Active:           370244 kB
Mem:          3.8G       3.7G       138M       5.7M        27M       3.2G

MemTotal:        4016004 kB
MemFree:          140912 kB
Active:           370248 kB
Mem:          3.8G       3.7G       137M       5.7M        27M       3.2G

MemTotal:        4016004 kB
MemFree:          118404 kB
Active:           370212 kB
Mem:          3.8G       3.7G       112M       5.7M        27M       3.3G

MemTotal:        4016004 kB
MemFree:          140996 kB
Active:           370072 kB
Mem:          3.8G       3.7G       134M       5.7M        27M       3.2G

MemTotal:        4016004 kB
MemFree:          128556 kB
Active:           370084 kB
Mem:          3.8G       3.7G       123M       5.7M        27M       3.3G

MemTotal:        4016004 kB
MemFree:          141676 kB
Active:           367448 kB
Mem:          3.8G       3.7G       135M       5.7M        27M       3.2G

MemTotal:        4016004 kB
MemFree:          104596 kB
Active:           367252 kB
Mem:          3.8G       3.7G       124M       5.7M        27M       3.2G

MemTotal:        4016004 kB
MemFree:          141756 kB
Active:           367252 kB
Mem:          3.8G       3.7G       135M       5.7M        27M       3.2G

MemTotal:        4016004 kB
MemFree:          150448 kB
Active:           365076 kB
Mem:          3.8G       3.7G       147M       5.7M        27M       3.2G

MemTotal:        4016004 kB
MemFree:          149492 kB
Active:           366968 kB
Mem:          3.8G       3.7G       146M       5.7M        27M       3.2G

MemTotal:        4016004 kB
MemFree:          149588 kB
Active:           367000 kB
Mem:          3.8G       3.7G       146M       5.7M        27M       3.2G

MemTotal:        4016004 kB
MemFree:          149776 kB
Active:           366992 kB
Mem:          3.8G       3.7G       145M       5.7M        27M       3.2G

MemTotal:        4016004 kB
MemFree:          147204 kB
Active:           367016 kB
Mem:          3.8G       3.7G       143M       5.7M        27M       3.2G

MemTotal:        4016004 kB
MemFree:          117536 kB
Active:           367020 kB
Mem:          3.8G       3.7G       112M       5.7M        27M       3.3G

MemTotal:        4016004 kB
MemFree:          110232 kB
Active:           367020 kB
Mem:          3.8G       3.7G       107M       5.7M        27M       3.3G

MemTotal:        4016004 kB
MemFree:          109168 kB
Active:           367032 kB
Mem:          3.8G       3.7G       106M       5.7M        27M       3.3G

MemTotal:        4016004 kB
MemFree:          109140 kB
Active:           366992 kB
Mem:          3.8G       3.7G       106M       5.7M        27M       3.3G

MemTotal:        4016004 kB
MemFree:          108988 kB
Active:           366980 kB
Mem:          3.8G       3.7G       106M       5.7M        27M       3.3G

MemTotal:        4016004 kB
MemFree:          121564 kB
Active:           364948 kB
Mem:          3.8G       3.7G       116M       5.7M        27M       3.3G

MemTotal:        4016004 kB
MemFree:          147064 kB
Active:           364996 kB
Mem:          3.8G       3.7G       140M       5.7M        27M       3.2G

MemTotal:        4016004 kB
MemFree:          118756 kB
Active:           366728 kB
Mem:          3.8G       3.7G       126M       5.7M        27M       3.2G

MemTotal:        4016004 kB
MemFree:          138916 kB
Active:           366620 kB
Mem:          3.8G       3.7G       135M       5.7M        27M       3.2G

MemTotal:        4016004 kB
MemFree:          136700 kB
Active:           366624 kB
Mem:          3.8G       3.7G       133M       5.7M        27M       3.2G

MemTotal:        4016004 kB
MemFree:          133580 kB
Active:           366628 kB
Mem:          3.8G       3.7G       128M       5.7M        27M       3.2G

MemTotal:        4016004 kB
MemFree:          134616 kB
Active:           366628 kB
Mem:          3.8G       3.7G       131M       5.7M        27M       3.2G

MemTotal:        4016004 kB
MemFree:          128936 kB
Active:           365856 kB
Mem:          3.8G       3.7G       124M       5.7M        27M       3.2G

MemTotal:        4016004 kB
MemFree:          132748 kB
Active:           365900 kB
Mem:          3.8G       3.7G       129M       5.7M        27M       3.2G

MemTotal:        4016004 kB
MemFree:          130844 kB
Active:           365928 kB
Mem:          3.8G       3.7G       127M       5.7M        27M       3.2G

MemTotal:        4016004 kB
MemFree:          130348 kB
Active:           363900 kB
Mem:          3.8G       3.7G       127M       5.7M        27M       3.2G

MemTotal:        4016004 kB
MemFree:          130756 kB
Active:           365952 kB
Mem:          3.8G       3.7G       127M       5.7M        27M       3.2G

MemTotal:        4016004 kB
MemFree:          111308 kB
Active:           365956 kB
Mem:          3.8G       3.7G       105M       5.7M        27M       3.3G

MemTotal:        4016004 kB
MemFree:          122212 kB
Active:           365704 kB
Mem:          3.8G       3.7G       116M       5.7M        27M       3.3G

MemTotal:        4016004 kB
MemFree:          121972 kB
Active:           365704 kB
Mem:          3.8G       3.7G       117M       5.7M        27M       3.3G

MemTotal:        4016004 kB
MemFree:          114184 kB
Active:           363248 kB
Mem:          3.8G       3.7G       109M       5.7M        27M       3.3G

MemTotal:        4016004 kB
MemFree:          122892 kB
Active:           363260 kB
Mem:          3.8G       3.7G       119M       5.7M        27M       3.3G

MemTotal:        4016004 kB
MemFree:          127088 kB
Active:           363272 kB
Mem:          3.8G       3.7G       123M       5.7M        27M       3.2G

MemTotal:        4016004 kB
MemFree:          112268 kB
Active:           363244 kB
Mem:          3.8G       3.7G       131M       5.7M        27M       3.2G

MemTotal:        4016004 kB
MemFree:          127612 kB
Active:           363264 kB
Mem:          3.8G       3.7G       123M       5.7M        27M       3.2G

MemTotal:        4016004 kB
MemFree:          115160 kB
Active:           363268 kB
Mem:          3.8G       3.7G       112M       5.7M        27M       3.3G

MemTotal:        4016004 kB
MemFree:          130164 kB
Active:           363300 kB
Mem:          3.8G       3.7G       126M       5.7M        27M       3.2G

MemTotal:        4016004 kB
MemFree:          129696 kB
Active:           363308 kB
Mem:          3.8G       3.7G       126M       5.7M        27M       3.2G

MemTotal:        4016004 kB
MemFree:          128644 kB
Active:           363272 kB
Mem:          3.8G       3.7G       125M       5.7M        27M       3.2G

MemTotal:        4016004 kB
MemFree:          127468 kB
Active:           363292 kB
Mem:          3.8G       3.7G       124M       5.7M        27M       3.2G

MemTotal:        4016004 kB
MemFree:          127568 kB
Active:           363304 kB
Mem:          3.8G       3.7G       124M       5.7M        27M       3.2G

MemTotal:        4016004 kB
MemFree:          130968 kB
Active:           362432 kB
Mem:          3.8G       3.7G       125M       5.7M        27M       3.2G

MemTotal:        4016004 kB
MemFree:          125556 kB
Active:           362416 kB
Mem:          3.8G       3.7G       122M       5.7M        27M       3.2G

MemTotal:        4016004 kB
MemFree:          134284 kB
Active:           362432 kB
Mem:          3.8G       3.7G       129M       5.7M        27M       3.2G

MemTotal:        4016004 kB
MemFree:          139456 kB
Active:           359992 kB
Mem:          3.8G       3.7G       136M       5.7M        27M       3.2G

MemTotal:        4016004 kB
MemFree:          127092 kB
Active:           360004 kB
Mem:          3.8G       3.7G       123M       5.7M        27M       3.2G

MemTotal:        4016004 kB
MemFree:          143448 kB
Active:           359980 kB
Mem:          3.8G       3.7G       140M       5.7M        27M       3.2G

MemTotal:        4016004 kB
MemFree:          106316 kB
Active:           359988 kB
Mem:          3.8G       3.7G       103M       5.7M        27M       3.3G

MemTotal:        4016004 kB
MemFree:          104928 kB
Active:           360040 kB
Mem:          3.8G       3.7G       125M       5.7M        27M       3.2G

MemTotal:        4016004 kB
MemFree:          128364 kB
Active:           360044 kB
Mem:          3.8G       3.7G       125M       5.7M        27M       3.2G

MemTotal:        4016004 kB
MemFree:          128152 kB
Active:           359988 kB
Mem:          3.8G       3.7G       124M       5.7M        27M       3.2G

MemTotal:        4016004 kB
MemFree:          127908 kB
Active:           360036 kB
Mem:          3.8G       3.7G       124M       5.7M        27M       3.2G

MemTotal:        4016004 kB
MemFree:          121016 kB
Active:           360016 kB
Mem:          3.8G       3.7G       116M       5.7M        27M       3.3G

MemTotal:        4016004 kB
MemFree:          120480 kB
Active:           360060 kB
Mem:          3.8G       3.7G       115M       5.7M        27M       3.3G

MemTotal:        4016004 kB
MemFree:          128812 kB
Active:           356828 kB
Mem:          3.8G       3.7G       123M       5.7M        27M       3.2G

MemTotal:        4016004 kB
MemFree:          120292 kB
Active:           358880 kB
Mem:          3.8G       3.7G       116M       5.7M        27M       3.3G

MemTotal:        4016004 kB
MemFree:          113592 kB
Active:           358200 kB
Mem:          3.8G       3.7G       110M       5.7M        27M       3.3G

MemTotal:        4016004 kB
MemFree:          138608 kB
Active:           358188 kB
Mem:          3.8G       3.7G       132M       5.7M        27M       3.2G

MemTotal:        4016004 kB
MemFree:          122920 kB
Active:           358232 kB
Mem:          3.8G       3.7G       117M       5.7M        27M       3.3G

MemTotal:        4016004 kB
MemFree:          134328 kB
Active:           358236 kB
Mem:          3.8G       3.7G       131M       5.7M        27M       3.2G

MemTotal:        4016004 kB
MemFree:          134064 kB
Active:           358244 kB
Mem:          3.8G       3.7G       130M       5.7M        27M       3.2G

MemTotal:        4016004 kB
MemFree:          133104 kB
Active:           358264 kB
Mem:          3.8G       3.7G       129M       5.7M        27M       3.2G

MemTotal:        4016004 kB
MemFree:          132892 kB
Active:           358248 kB
Mem:          3.8G       3.7G       129M       5.7M        27M       3.2G

MemTotal:        4016004 kB
MemFree:          127548 kB
Active:           358276 kB
Mem:          3.8G       3.7G       122M       5.7M        27M       3.2G

MemTotal:        4016004 kB
MemFree:          140864 kB
Active:           354780 kB
Mem:          3.8G       3.7G       137M       5.7M        27M       3.2G

MemTotal:        4016004 kB
MemFree:          117104 kB
Active:           354784 kB
Mem:          3.8G       3.7G       111M       5.7M        27M       3.3G

MemTotal:        4016004 kB
MemFree:          140612 kB
Active:           354784 kB
Mem:          3.8G       3.7G       137M       5.7M        27M       3.2G

MemTotal:        4016004 kB
MemFree:          106000 kB
Active:           354792 kB
Mem:          3.8G       3.7G       103M       5.7M        27M       3.3G

MemTotal:        4016004 kB
MemFree:          138528 kB
Active:           354796 kB
Mem:          3.8G       3.7G       135M       5.7M        27M       3.2G

MemTotal:        4016004 kB
MemFree:          105668 kB
Active:           354796 kB
Mem:          3.8G       3.7G       102M       5.7M        27M       3.3G

MemTotal:        4016004 kB
MemFree:          142648 kB
Active:           354680 kB
Mem:          3.8G       3.7G       139M       5.7M        27M       3.2G

MemTotal:        4016004 kB
MemFree:          143116 kB
Active:           354664 kB
Mem:          3.8G       3.7G       139M       5.7M        27M       3.2G

MemTotal:        4016004 kB
MemFree:          143584 kB
Active:           354704 kB
Mem:          3.8G       3.7G       140M       5.7M        27M       3.2G

MemTotal:        4016004 kB
MemFree:          143932 kB
Active:           354668 kB
Mem:          3.8G       3.7G       140M       5.7M        27M       3.2G

MemTotal:        4016004 kB
MemFree:          141856 kB
Active:           354724 kB
Mem:          3.8G       3.7G       138M       5.7M        27M       3.2G

MemTotal:        4016004 kB
MemFree:          127936 kB
Active:           353208 kB
Mem:          3.8G       3.7G       123M       5.7M        27M       3.2G

MemTotal:        4016004 kB
MemFree:          121832 kB
Active:           353212 kB
Mem:          3.8G       3.7G       116M       5.7M        27M       3.3G

MemTotal:        4016004 kB
MemFree:          131744 kB
Active:           353220 kB
Mem:          3.8G       3.7G       125M       5.7M        27M       3.2G

MemTotal:        4016004 kB
MemFree:          105436 kB
Active:           353212 kB
Mem:          3.8G       3.7G       102M       5.7M        27M       3.3G

MemTotal:        4016004 kB
MemFree:          127876 kB
Active:           353228 kB
Mem:          3.8G       3.7G       124M       5.7M        27M       3.2G

MemTotal:        4016004 kB
MemFree:          142660 kB
Active:           353208 kB
Mem:          3.8G       3.7G       137M       5.7M        27M       3.2G

MemTotal:        4016004 kB
MemFree:          122772 kB
Active:           353200 kB
Mem:          3.8G       3.7G       117M       5.7M        27M       3.2G

MemTotal:        4016004 kB
MemFree:          133360 kB
Active:           350284 kB
Mem:          3.8G       3.7G       130M       5.7M        27M       3.2G

MemTotal:        4016004 kB
MemFree:          133188 kB
Active:           350312 kB
Mem:          3.8G       3.7G       130M       5.7M        27M       3.2G

MemTotal:        4016004 kB
MemFree:          133000 kB
Active:           350320 kB
Mem:          3.8G       3.7G       129M       5.7M        27M       3.2G

MemTotal:        4016004 kB
MemFree:          130908 kB
Active:           350332 kB
Mem:          3.8G       3.7G       127M       5.7M        27M       3.2G

MemTotal:        4016004 kB
MemFree:          129952 kB
Active:           350324 kB
Mem:          3.8G       3.7G       126M       5.7M        27M       3.2G

MemTotal:        4016004 kB
MemFree:          129400 kB
Active:           350304 kB
Mem:          3.8G       3.7G       126M       5.7M        27M       3.2G

MemTotal:        4016004 kB
MemFree:          130296 kB
Active:           350292 kB
Mem:          3.8G       3.7G       133M       5.7M        27M       3.2G

MemTotal:        4016004 kB
MemFree:          123556 kB
Active:           350344 kB
Mem:          3.8G       3.7G       118M       5.7M        27M       3.2G

MemTotal:        4016004 kB
MemFree:          126616 kB
Active:           350324 kB
Mem:          3.8G       3.7G       121M       5.7M        27M       3.2G

MemTotal:        4016004 kB
MemFree:          139248 kB
Active:           350336 kB
Mem:          3.8G       3.7G       135M       5.7M        27M       3.2G

MemTotal:        4016004 kB
MemFree:          125668 kB
Active:           350352 kB
Mem:          3.8G       3.7G       117M       5.7M        27M       3.2G

MemTotal:        4016004 kB
MemFree:          141092 kB
Active:           349256 kB
Mem:          3.8G       3.7G       137M       5.7M        27M       3.2G

MemTotal:        4016004 kB
MemFree:          128196 kB
Active:           349256 kB
Mem:          3.8G       3.7G       124M       5.7M        27M       3.2G

MemTotal:        4016004 kB
MemFree:          131528 kB
Active:           349256 kB
Mem:          3.8G       3.7G       128M       5.7M        27M       3.2G

MemTotal:        4016004 kB
MemFree:          130564 kB
Active:           351280 kB
Mem:          3.8G       3.7G       127M       5.7M        27M       3.2G

MemTotal:        4016004 kB
MemFree:          129576 kB
Active:           351292 kB
Mem:          3.8G       3.7G       126M       5.7M        27M       3.2G

MemTotal:        4016004 kB
MemFree:          129332 kB
Active:           351288 kB
Mem:          3.8G       3.7G       126M       5.7M        27M       3.2G

MemTotal:        4016004 kB
MemFree:          127088 kB
Active:           351248 kB
Mem:          3.8G       3.7G       122M       5.7M        27M       3.2G

MemTotal:        4016004 kB
MemFree:          121484 kB
Active:           351268 kB
Mem:          3.8G       3.7G       117M       5.7M        27M       3.2G

MemTotal:        4016004 kB
MemFree:          131240 kB
Active:           351272 kB
Mem:          3.8G       3.7G       126M       5.7M        27M       3.2G

MemTotal:        4016004 kB
MemFree:          134860 kB
Active:           351304 kB
Mem:          3.8G       3.7G       131M       5.7M        27M       3.2G

MemTotal:        4016004 kB
MemFree:          117280 kB
Active:           351308 kB
Mem:          3.8G       3.7G       123M       5.7M        27M       3.2G

MemTotal:        4016004 kB
MemFree:          131692 kB
Active:           351312 kB
Mem:          3.8G       3.7G       128M       5.7M        27M       3.2G

MemTotal:        4016004 kB
MemFree:          125728 kB
Active:           353372 kB
Mem:          3.8G       3.7G       122M       5.7M        27M       3.2G

MemTotal:        4016004 kB
MemFree:          136896 kB
Active:           353348 kB
Mem:          3.8G       3.7G       133M       5.7M        27M       3.2G

MemTotal:        4016004 kB
MemFree:          136520 kB
Active:           353352 kB
Mem:          3.8G       3.7G       133M       5.7M        27M       3.2G

MemTotal:        4016004 kB
MemFree:          135032 kB
Active:           353352 kB
Mem:          3.8G       3.7G       131M       5.7M        27M       3.2G

MemTotal:        4016004 kB
MemFree:          134696 kB
Active:           353368 kB
Mem:          3.8G       3.7G       131M       5.7M        27M       3.2G

MemTotal:        4016004 kB
MemFree:          133616 kB
Active:           353340 kB
Mem:          3.8G       3.7G       130M       5.7M        27M       3.2G

MemTotal:        4016004 kB
MemFree:          131072 kB
Active:           353300 kB
Mem:          3.8G       3.7G       124M       5.7M        27M       3.2G

MemTotal:        4016004 kB
MemFree:          130164 kB
Active:           353300 kB
Mem:          3.8G       3.7G       123M       5.7M        27M       3.2G

MemTotal:        4016004 kB
MemFree:          120268 kB
Active:           353300 kB
Mem:          3.8G       3.7G       116M       5.7M        27M       3.2G

MemTotal:        4016004 kB
MemFree:          134696 kB
Active:           353176 kB
Mem:          3.8G       3.7G       131M       5.7M        27M       3.2G

MemTotal:        4016004 kB
MemFree:          132432 kB
Active:           352960 kB
Mem:          3.8G       3.7G       129M       5.7M        27M       3.2G

MemTotal:        4016004 kB
MemFree:          132184 kB
Active:           355016 kB
Mem:          3.8G       3.7G       129M       5.7M        27M       3.2G

MemTotal:        4016004 kB
MemFree:          132184 kB
Active:           354996 kB
Mem:          3.8G       3.7G       128M       5.7M        27M       3.2G

MemTotal:        4016004 kB
MemFree:          132184 kB
Active:           355004 kB
Mem:          3.8G       3.7G       128M       5.7M        27M       3.2G

MemTotal:        4016004 kB
MemFree:          131812 kB
Active:           355028 kB
Mem:          3.8G       3.7G       129M       5.7M        27M       3.2G

MemTotal:        4016004 kB
MemFree:          132020 kB
Active:           355032 kB
Mem:          3.8G       3.7G       128M       5.7M        27M       3.2G

MemTotal:        4016004 kB
MemFree:          131928 kB
Active:           355056 kB
Mem:          3.8G       3.7G       128M       5.7M        27M       3.2G

MemTotal:        4016004 kB
MemFree:          131900 kB
Active:           355056 kB
Mem:          3.8G       3.7G       128M       5.7M        27M       3.2G

MemTotal:        4016004 kB
MemFree:          132064 kB
Active:           355056 kB
Mem:          3.8G       3.7G       129M       5.7M        27M       3.2G

MemTotal:        4016004 kB
MemFree:          131940 kB
Active:           355044 kB
Mem:          3.8G       3.7G       128M       5.7M        27M       3.2G

MemTotal:        4016004 kB
MemFree:          131940 kB
Active:           355056 kB
Mem:          3.8G       3.7G       128M       5.7M        27M       3.2G

MemTotal:        4016004 kB
MemFree:          132188 kB
Active:           355032 kB
Mem:          3.8G       3.7G       128M       5.7M        27M       3.2G

MemTotal:        4016004 kB
MemFree:          132188 kB
Active:           355008 kB
Mem:          3.8G       3.7G       128M       5.7M        27M       3.2G

MemTotal:        4016004 kB
MemFree:          132188 kB
Active:           355064 kB
Mem:          3.8G       3.7G       129M       5.7M        27M       3.2G

MemTotal:        4016004 kB
MemFree:          133092 kB
Active:           354660 kB
Mem:          3.8G       3.7G       129M       5.7M        27M       3.2G

MemTotal:        4016004 kB
MemFree:          133216 kB
Active:           354616 kB
Mem:          3.8G       3.7G       129M       5.7M        27M       3.2G

MemTotal:        4016004 kB
MemFree:          133092 kB
Active:           354660 kB
Mem:          3.8G       3.7G       129M       5.7M        27M       3.2G

MemTotal:        4016004 kB
MemFree:          133092 kB
Active:           354660 kB
Mem:          3.8G       3.7G       130M       5.7M        27M       3.2G

MemTotal:        4016004 kB
MemFree:          132720 kB
Active:           354660 kB
Mem:          3.8G       3.7G       130M       5.7M        27M       3.2G

MemTotal:        4016004 kB
MemFree:          133588 kB
Active:           354660 kB
Mem:          3.8G       3.7G       130M       5.7M        27M       3.2G

MemTotal:        4016004 kB
MemFree:          131416 kB
Active:           354632 kB
Mem:          3.8G       3.7G       127M       5.7M        27M       3.2G

MemTotal:        4016004 kB
MemFree:          131540 kB
Active:           356704 kB
Mem:          3.8G       3.7G       128M       5.7M        27M       3.2G

MemTotal:        4016004 kB
MemFree:          131664 kB
Active:           356700 kB
Mem:          3.8G       3.7G       128M       5.7M        27M       3.2G

MemTotal:        4016004 kB
MemFree:          131788 kB
Active:           356672 kB
Mem:          3.8G       3.7G       128M       5.7M        27M       3.2G

MemTotal:        4016004 kB
MemFree:          132160 kB
Active:           356700 kB
Mem:          3.8G       3.7G       129M       5.7M        27M       3.2G

MemTotal:        4016004 kB
MemFree:          132036 kB
Active:           356708 kB
Mem:          3.8G       3.7G       128M       5.7M        27M       3.2G

MemTotal:        4016004 kB
MemFree:          131912 kB
Active:           356652 kB
Mem:          3.8G       3.7G       128M       5.7M        27M       3.2G

MemTotal:        4016004 kB
MemFree:          131664 kB
Active:           356692 kB
Mem:          3.8G       3.7G       128M       5.7M        27M       3.2G

MemTotal:        4016004 kB
MemFree:          131416 kB
Active:           356708 kB
Mem:          3.8G       3.7G       128M       5.7M        27M       3.2G

MemTotal:        4016004 kB
MemFree:          131788 kB
Active:           356684 kB
Mem:          3.8G       3.7G       128M       5.7M        27M       3.2G

MemTotal:        4016004 kB
MemFree:          129988 kB
Active:           356712 kB
Mem:          3.8G       3.7G       126M       5.7M        27M       3.2G

MemTotal:        4016004 kB
MemFree:          130236 kB
Active:           358720 kB
Mem:          3.8G       3.7G       127M       5.7M        27M       3.2G

MemTotal:        4016004 kB
MemFree:          129740 kB
Active:           358740 kB
Mem:          3.8G       3.7G       126M       5.7M        27M       3.2G

MemTotal:        4016004 kB
MemFree:          130112 kB
Active:           358700 kB
Mem:          3.8G       3.7G       127M       5.7M        27M       3.2G

MemTotal:        4016004 kB
MemFree:          130236 kB
Active:           358696 kB
Mem:          3.8G       3.7G       126M       5.7M        27M       3.2G

MemTotal:        4016004 kB
MemFree:          130112 kB
Active:           358732 kB
Mem:          3.8G       3.7G       127M       5.7M        27M       3.2G

MemTotal:        4016004 kB
MemFree:          129616 kB
Active:           358756 kB
Mem:          3.8G       3.7G       126M       5.7M        27M       3.2G

MemTotal:        4016004 kB
MemFree:          129492 kB
Active:           358744 kB
Mem:          3.8G       3.7G       126M       5.7M        27M       3.2G

MemTotal:        4016004 kB
MemFree:          129616 kB
Active:           358716 kB
Mem:          3.8G       3.7G       126M       5.7M        27M       3.2G

MemTotal:        4016004 kB
MemFree:          129740 kB
Active:           358724 kB
Mem:          3.8G       3.7G       126M       5.7M        27M       3.2G

MemTotal:        4016004 kB
MemFree:          129492 kB
Active:           358764 kB
Mem:          3.8G       3.7G       126M       5.7M        27M       3.2G

MemTotal:        4016004 kB
MemFree:          129864 kB
Active:           358732 kB
Mem:          3.8G       3.7G       126M       5.7M        27M       3.2G

MemTotal:        4016004 kB
MemFree:          129864 kB
Active:           358712 kB
Mem:          3.8G       3.7G       126M       5.7M        27M       3.2G

MemTotal:        4016004 kB
MemFree:          129740 kB
Active:           358748 kB
Mem:          3.8G       3.7G       126M       5.7M        27M       3.2G

MemTotal:        4016004 kB
MemFree:          129740 kB
Active:           358736 kB
Mem:          3.8G       3.7G       126M       5.7M        27M       3.2G

MemTotal:        4016004 kB
MemFree:          130084 kB
Active:           358764 kB
Mem:          3.8G       3.7G       127M       5.7M        27M       3.2G

MemTotal:        4016004 kB
MemFree:          129836 kB
Active:           358752 kB
Mem:          3.8G       3.7G       126M       5.7M        27M       3.2G

MemTotal:        4016004 kB
MemFree:          129712 kB
Active:           358752 kB
Mem:          3.8G       3.7G       126M       5.7M        27M       3.2G

MemTotal:        4016004 kB
MemFree:          129712 kB
Active:           358780 kB
Mem:          3.8G       3.7G       126M       5.7M        27M       3.2G

MemTotal:        4016004 kB
MemFree:          129712 kB
Active:           358756 kB
Mem:          3.8G       3.7G       126M       5.7M        27M       3.2G

MemTotal:        4016004 kB
MemFree:          129960 kB
Active:           358760 kB
Mem:          3.8G       3.7G       126M       5.7M        27M       3.2G

MemTotal:        4016004 kB
MemFree:          129960 kB
Active:           358744 kB
Mem:          3.8G       3.7G       126M       5.7M        27M       3.2G

MemTotal:        4016004 kB
MemFree:          129960 kB
Active:           358736 kB
Mem:          3.8G       3.7G       126M       5.7M        27M       3.2G

MemTotal:        4016004 kB
MemFree:          130208 kB
Active:           358784 kB
Mem:          3.8G       3.7G       127M       5.7M        27M       3.2G

MemTotal:        4016004 kB
MemFree:          130208 kB
Active:           358784 kB
Mem:          3.8G       3.7G       127M       5.7M        27M       3.2G

MemTotal:        4016004 kB
MemFree:          130332 kB
Active:           358764 kB
Mem:          3.8G       3.7G       127M       5.7M        27M       3.2G

MemTotal:        4016004 kB
MemFree:          130084 kB
Active:           358796 kB
Mem:          3.8G       3.7G       127M       5.7M        27M       3.2G

MemTotal:        4016004 kB
MemFree:          130208 kB
Active:           358776 kB
Mem:          3.8G       3.7G       126M       5.7M        27M       3.2G

MemTotal:        4016004 kB
MemFree:          130208 kB
Active:           358788 kB
Mem:          3.8G       3.7G       127M       5.7M        27M       3.2G

MemTotal:        4016004 kB
MemFree:          130332 kB
Active:           358772 kB
Mem:          3.8G       3.7G       127M       5.7M        27M       3.2G

MemTotal:        4016004 kB
MemFree:          129836 kB
Active:           358800 kB
Mem:          3.8G       3.7G       127M       5.7M        27M       3.2G

MemTotal:        4016004 kB
MemFree:          129712 kB
Active:           358800 kB
Mem:          3.8G       3.7G       126M       5.7M        27M       3.2G

MemTotal:        4016004 kB
MemFree:          129588 kB
Active:           358756 kB
Mem:          3.8G       3.7G       126M       5.7M        27M       3.2G

MemTotal:        4016004 kB
MemFree:          129712 kB
Active:           358748 kB
Mem:          3.8G       3.7G       126M       5.7M        27M       3.2G

MemTotal:        4016004 kB
MemFree:          129464 kB
Active:           358804 kB
Mem:          3.8G       3.7G       126M       5.7M        27M       3.2G

MemTotal:        4016004 kB
MemFree:          129836 kB
Active:           358768 kB
Mem:          3.8G       3.7G       126M       5.7M        27M       3.2G

MemTotal:        4016004 kB
MemFree:          129712 kB
Active:           358792 kB
Mem:          3.8G       3.7G       126M       5.7M        27M       3.2G

MemTotal:        4016004 kB
MemFree:          129588 kB
Active:           358808 kB
Mem:          3.8G       3.7G       126M       5.7M        27M       3.2G

MemTotal:        4016004 kB
MemFree:          129464 kB
Active:           358808 kB
Mem:          3.8G       3.7G       126M       5.7M        27M       3.2G

MemTotal:        4016004 kB
MemFree:          129836 kB
Active:           358776 kB
Mem:          3.8G       3.7G       126M       5.7M        27M       3.2G

MemTotal:        4016004 kB
MemFree:          129276 kB
Active:           356812 kB
Mem:          3.8G       3.7G       126M       5.7M        27M       3.2G

MemTotal:        4016004 kB
MemFree:          129772 kB
Active:           358784 kB
Mem:          3.8G       3.7G       126M       5.7M        27M       3.2G

MemTotal:        4016004 kB
MemFree:          129152 kB
Active:           358828 kB
Mem:          3.8G       3.7G       126M       5.7M        27M       3.2G

MemTotal:        4016004 kB
MemFree:          129896 kB
Active:           358796 kB
Mem:          3.8G       3.7G       126M       5.7M        27M       3.2G

MemTotal:        4016004 kB
MemFree:          129400 kB
Active:           358828 kB
Mem:          3.8G       3.7G       126M       5.7M        27M       3.2G

MemTotal:        4016004 kB
MemFree:          129772 kB
Active:           358804 kB
Mem:          3.8G       3.7G       126M       5.7M        27M       3.2G

MemTotal:        4016004 kB
MemFree:          129772 kB
Active:           358776 kB
Mem:          3.8G       3.7G       126M       5.7M        27M       3.2G

MemTotal:        4016004 kB
MemFree:          130020 kB
Active:           358788 kB
Mem:          3.8G       3.7G       126M       5.7M        27M       3.2G

MemTotal:        4016004 kB
MemFree:          129772 kB
Active:           358832 kB
Mem:          3.8G       3.7G       126M       5.7M        27M       3.2G

MemTotal:        4016004 kB
MemFree:          129400 kB
Active:           358812 kB
Mem:          3.8G       3.7G       126M       5.7M        27M       3.2G

MemTotal:        4016004 kB
MemFree:          129648 kB
Active:           358792 kB
Mem:          3.8G       3.7G       126M       5.7M        27M       3.2G

MemTotal:        4016004 kB
MemFree:          129772 kB
Active:           358816 kB
Mem:          3.8G       3.7G       126M       5.7M        27M       3.2G

MemTotal:        4016004 kB
MemFree:          129772 kB
Active:           358776 kB
Mem:          3.8G       3.7G       126M       5.7M        27M       3.2G

MemTotal:        4016004 kB
MemFree:          129884 kB
Active:           358820 kB
Mem:          3.8G       3.7G       126M       5.7M        27M       3.2G

MemTotal:        4016004 kB
MemFree:          129884 kB
Active:           358800 kB
Mem:          3.8G       3.7G       126M       5.7M        27M       3.2G

MemTotal:        4016004 kB
MemFree:          129884 kB
Active:           358796 kB
Mem:          3.8G       3.7G       126M       5.7M        27M       3.2G

MemTotal:        4016004 kB
MemFree:          130008 kB
Active:           358816 kB
Mem:          3.8G       3.7G       126M       5.7M        27M       3.2G

MemTotal:        4016004 kB
MemFree:          129884 kB
Active:           358804 kB
Mem:          3.8G       3.7G       127M       5.7M        27M       3.2G

MemTotal:        4016004 kB
MemFree:          129884 kB
Active:           358840 kB
Mem:          3.8G       3.7G       126M       5.7M        27M       3.2G

MemTotal:        4016004 kB
MemFree:          129884 kB
Active:           358816 kB
Mem:          3.8G       3.7G       126M       5.7M        27M       3.2G

MemTotal:        4016004 kB
MemFree:          129884 kB
Active:           358796 kB
Mem:          3.8G       3.7G       126M       5.7M        27M       3.2G

MemTotal:        4016004 kB
MemFree:          129512 kB
Active:           358840 kB
Mem:          3.8G       3.7G       126M       5.7M        27M       3.2G

MemTotal:        4016004 kB
MemFree:          130008 kB
Active:           358812 kB
Mem:          3.8G       3.7G       126M       5.7M        27M       3.2G

MemTotal:        4016004 kB
MemFree:          130008 kB
Active:           358792 kB
Mem:          3.8G       3.7G       127M       5.7M        27M       3.2G

MemTotal:        4016004 kB
MemFree:          129636 kB
Active:           358844 kB
Mem:          3.8G       3.7G       126M       5.7M        27M       3.2G

MemTotal:        4016004 kB
MemFree:          129884 kB
Active:           358816 kB
Mem:          3.8G       3.7G       126M       5.7M        27M       3.2G

MemTotal:        4016004 kB
MemFree:          130256 kB
Active:           358800 kB
Mem:          3.8G       3.7G       127M       5.7M        27M       3.2G

MemTotal:        4016004 kB
MemFree:          130256 kB
Active:           358816 kB
Mem:          3.8G       3.7G       127M       5.7M        27M       3.2G

MemTotal:        4016004 kB
MemFree:          130132 kB
Active:           358856 kB
Mem:          3.8G       3.7G       126M       5.7M        27M       3.2G

MemTotal:        4016004 kB
MemFree:          129760 kB
Active:           358860 kB
Mem:          3.8G       3.7G       126M       5.7M        27M       3.2G

MemTotal:        4016004 kB
MemFree:          130008 kB
Active:           358844 kB
Mem:          3.8G       3.7G       126M       5.7M        27M       3.2G

MemTotal:        4016004 kB
MemFree:          130008 kB
Active:           358820 kB
Mem:          3.8G       3.7G       126M       5.7M        27M       3.2G

MemTotal:        4016004 kB
MemFree:          129760 kB
Active:           358852 kB
Mem:          3.8G       3.7G       126M       5.7M        27M       3.2G

MemTotal:        4016004 kB
MemFree:          129884 kB
Active:           358864 kB
Mem:          3.8G       3.7G       126M       5.7M        27M       3.2G

MemTotal:        4016004 kB
MemFree:          129760 kB
Active:           358832 kB
Mem:          3.8G       3.7G       126M       5.7M        27M       3.2G

MemTotal:        4016004 kB
MemFree:          129512 kB
Active:           358868 kB
Mem:          3.8G       3.7G       126M       5.7M        27M       3.2G

MemTotal:        4016004 kB
MemFree:          130008 kB
Active:           358860 kB
Mem:          3.8G       3.7G       126M       5.7M        27M       3.2G

MemTotal:        4016004 kB
MemFree:          130008 kB
Active:           358836 kB
Mem:          3.8G       3.7G       126M       5.7M        27M       3.2G

MemTotal:        4016004 kB
MemFree:          130008 kB
Active:           358820 kB
Mem:          3.8G       3.7G       126M       5.7M        27M       3.2G

MemTotal:        4016004 kB
MemFree:          129512 kB
Active:           358884 kB
Mem:          3.8G       3.7G       126M       5.7M        27M       3.2G

MemTotal:        4016004 kB
MemFree:          129512 kB
Active:           358876 kB
Mem:          3.8G       3.7G       126M       5.7M        27M       3.2G

MemTotal:        4016004 kB
MemFree:          129512 kB
Active:           358844 kB
Mem:          3.8G       3.7G       126M       5.7M        27M       3.2G

MemTotal:        4016004 kB
MemFree:          129140 kB
Active:           358888 kB
Mem:          3.8G       3.7G       126M       5.7M        27M       3.2G

MemTotal:        4016004 kB
MemFree:          129388 kB
Active:           358876 kB
Mem:          3.8G       3.7G       126M       5.7M        27M       3.2G

MemTotal:        4016004 kB
MemFree:          129512 kB
Active:           358844 kB
Mem:          3.8G       3.7G       126M       5.7M        27M       3.2G

MemTotal:        4016004 kB
MemFree:          129140 kB
Active:           358896 kB
Mem:          3.8G       3.7G       126M       5.7M        27M       3.2G

MemTotal:        4016004 kB
MemFree:          129016 kB
Active:           358896 kB
Mem:          3.8G       3.7G       126M       5.7M        27M       3.2G

MemTotal:        4016004 kB
MemFree:          129388 kB
Active:           358888 kB
Mem:          3.8G       3.7G       126M       5.7M        27M       3.2G

MemTotal:        4016004 kB
MemFree:          129636 kB
Active:           358864 kB
Mem:          3.8G       3.7G       126M       5.7M        27M       3.2G

MemTotal:        4016004 kB
MemFree:          129652 kB
Active:           358884 kB
Mem:          3.8G       3.7G       126M       5.7M        27M       3.2G

MemTotal:        4016004 kB
MemFree:          129652 kB
Active:           358864 kB
Mem:          3.8G       3.7G       126M       5.7M        27M       3.2G

MemTotal:        4016004 kB
MemFree:          129776 kB
Active:           358860 kB
Mem:          3.8G       3.7G       126M       5.7M        27M       3.2G

MemTotal:        4016004 kB
MemFree:          129776 kB
Active:           358848 kB
Mem:          3.8G       3.7G       126M       5.7M        27M       3.2G

MemTotal:        4016004 kB
MemFree:          129652 kB
Active:           358864 kB
Mem:          3.8G       3.7G       126M       5.7M        27M       3.2G

MemTotal:        4016004 kB
MemFree:          129528 kB
Active:           358872 kB
Mem:          3.8G       3.7G       126M       5.7M        27M       3.2G

MemTotal:        4016004 kB
MemFree:          129156 kB
Active:           358908 kB
Mem:          3.8G       3.7G       126M       5.7M        27M       3.2G

MemTotal:        4016004 kB
MemFree:          129528 kB
Active:           358896 kB
Mem:          3.8G       3.7G       126M       5.7M        27M       3.2G

MemTotal:        4016004 kB
MemFree:          129900 kB
Active:           358896 kB
Mem:          3.8G       3.7G       126M       5.7M        27M       3.2G

MemTotal:        4016004 kB
MemFree:          129776 kB
Active:           358872 kB
Mem:          3.8G       3.7G       126M       5.7M        27M       3.2G

MemTotal:        4016004 kB
MemFree:          130272 kB
Active:           358868 kB
Mem:          3.8G       3.7G       126M       5.7M        27M       3.2G

MemTotal:        4016004 kB
MemFree:          130024 kB
Active:           358884 kB
Mem:          3.8G       3.7G       127M       5.7M        27M       3.2G

MemTotal:        4016004 kB
MemFree:          129900 kB
Active:           358876 kB
Mem:          3.8G       3.7G       126M       5.7M        27M       3.2G

MemTotal:        4016004 kB
MemFree:          129900 kB
Active:           358924 kB
Mem:          3.8G       3.7G       126M       5.7M        27M       3.2G

MemTotal:        4016004 kB
MemFree:          130024 kB
Active:           358904 kB
Mem:          3.8G       3.7G       126M       5.7M        27M       3.2G

MemTotal:        4016004 kB
MemFree:          130024 kB
Active:           358880 kB
Mem:          3.8G       3.7G       127M       5.7M        27M       3.2G

MemTotal:        4016004 kB
MemFree:          130148 kB
Active:           358916 kB
Mem:          3.8G       3.7G       126M       5.7M        27M       3.2G

MemTotal:        4016004 kB
MemFree:          129280 kB
Active:           358932 kB
Mem:          3.8G       3.7G       126M       5.7M        27M       3.2G

MemTotal:        4016004 kB
MemFree:          130024 kB
Active:           358912 kB
Mem:          3.8G       3.7G       127M       5.7M        27M       3.2G

MemTotal:        4016004 kB
MemFree:          130272 kB
Active:           358904 kB
Mem:          3.8G       3.7G       127M       5.7M        27M       3.2G

MemTotal:        4016004 kB
MemFree:          130148 kB
Active:           358880 kB
Mem:          3.8G       3.7G       127M       5.7M        27M       3.2G

MemTotal:        4016004 kB
MemFree:          129528 kB
Active:           358940 kB
Mem:          3.8G       3.7G       126M       5.7M        27M       3.2G

MemTotal:        4016004 kB
MemFree:          129776 kB
Active:           358928 kB
Mem:          3.8G       3.7G       126M       5.7M        27M       3.2G

MemTotal:        4016004 kB
MemFree:          129792 kB
Active:           358920 kB
Mem:          3.8G       3.7G       126M       5.7M        27M       3.2G

MemTotal:        4016004 kB
MemFree:          129420 kB
Active:           358936 kB
Mem:          3.8G       3.7G       126M       5.7M        27M       3.2G

MemTotal:        4016004 kB
MemFree:          129048 kB
Active:           358944 kB
Mem:          3.8G       3.7G       126M       5.7M        27M       3.2G

MemTotal:        4016004 kB
MemFree:          129420 kB
Active:           358932 kB
Mem:          3.8G       3.7G       126M       5.7M        27M       3.2G

MemTotal:        4016004 kB
MemFree:          129544 kB
Active:           358948 kB
Mem:          3.8G       3.7G       126M       5.7M        27M       3.2G

MemTotal:        4016004 kB
MemFree:          129916 kB
Active:           358896 kB
Mem:          3.8G       3.7G       126M       5.7M        27M       3.2G

MemTotal:        4016004 kB
MemFree:          130040 kB
Active:           358932 kB
Mem:          3.8G       3.7G       126M       5.7M        27M       3.2G

MemTotal:        4016004 kB
MemFree:          130040 kB
Active:           358920 kB
Mem:          3.8G       3.7G       126M       5.7M        27M       3.2G

MemTotal:        4016004 kB
MemFree:          130040 kB
Active:           358908 kB
Mem:          3.8G       3.7G       126M       5.7M        27M       3.2G

MemTotal:        4016004 kB
MemFree:          130164 kB
Active:           358936 kB
Mem:          3.8G       3.7G       127M       5.7M        27M       3.2G

MemTotal:        4016004 kB
MemFree:          130288 kB
Active:           358912 kB
Mem:          3.8G       3.7G       127M       5.7M        27M       3.2G

MemTotal:        4016004 kB
MemFree:          130288 kB
Active:           358916 kB
Mem:          3.8G       3.7G       127M       5.7M        27M       3.2G

MemTotal:        4016004 kB
MemFree:          130164 kB
Active:           358964 kB
Mem:          3.8G       3.7G       127M       5.7M        27M       3.2G

MemTotal:        4016004 kB
MemFree:          130164 kB
Active:           358948 kB
Mem:          3.8G       3.7G       127M       5.7M        27M       3.2G

MemTotal:        4016004 kB
MemFree:          130180 kB
Active:           358924 kB
Mem:          3.8G       3.7G       127M       5.7M        27M       3.2G

MemTotal:        4016004 kB
MemFree:          130056 kB
Active:           358968 kB
Mem:          3.8G       3.7G       126M       5.7M        27M       3.2G

MemTotal:        4016004 kB
MemFree:          129684 kB
Active:           358980 kB
Mem:          3.8G       3.7G       126M       5.7M        27M       3.2G

MemTotal:        4016004 kB
MemFree:          130428 kB
Active:           358948 kB
Mem:          3.8G       3.7G       127M       5.7M        27M       3.2G

MemTotal:        4016004 kB
MemFree:          130056 kB
Active:           358952 kB
Mem:          3.8G       3.7G       126M       5.7M        27M       3.2G

MemTotal:        4016004 kB
MemFree:          129808 kB
Active:           358940 kB
Mem:          3.8G       3.7G       126M       5.7M        27M       3.2G

MemTotal:        4016004 kB
MemFree:          130180 kB
Active:           358932 kB
Mem:          3.8G       3.7G       127M       5.7M        27M       3.2G

MemTotal:        4016004 kB
MemFree:          130180 kB
Active:           358976 kB
Mem:          3.8G       3.7G       126M       5.7M        27M       3.2G

MemTotal:        4016004 kB
MemFree:          129312 kB
Active:           358992 kB
Mem:          3.8G       3.7G       126M       5.7M        27M       3.2G

MemTotal:        4016004 kB
MemFree:          129188 kB
Active:           358996 kB
Mem:          3.8G       3.7G       126M       5.7M        27M       3.2G

MemTotal:        4016004 kB
MemFree:          129684 kB
Active:           358984 kB
Mem:          3.8G       3.7G       126M       5.7M        27M       3.2G

MemTotal:        4016004 kB
MemFree:          129312 kB
Active:           359004 kB
Mem:          3.8G       3.7G       125M       5.7M        27M       3.2G

MemTotal:        4016004 kB
MemFree:          129312 kB
Active:           358952 kB
Mem:          3.8G       3.7G       126M       5.7M        27M       3.2G

MemTotal:        4016004 kB
MemFree:          129436 kB
Active:           358976 kB
Mem:          3.8G       3.7G       126M       5.7M        27M       3.2G

MemTotal:        4016004 kB
MemFree:          129560 kB
Active:           358960 kB
Mem:          3.8G       3.7G       126M       5.7M        27M       3.2G

MemTotal:        4016004 kB
MemFree:          129560 kB
Active:           358996 kB
Mem:          3.8G       3.7G       126M       5.7M        27M       3.2G

MemTotal:        4016004 kB
MemFree:          129684 kB
Active:           358976 kB
Mem:          3.8G       3.7G       126M       5.7M        27M       3.2G

MemTotal:        4016004 kB
MemFree:          129312 kB
Active:           359016 kB
Mem:          3.8G       3.7G       126M       5.7M        27M       3.2G

MemTotal:        4016004 kB
MemFree:          129692 kB
Active:           358996 kB
Mem:          3.8G       3.7G       126M       5.7M        27M       3.2G

MemTotal:        4016004 kB
MemFree:          129692 kB
Active:           359012 kB
Mem:          3.8G       3.7G       126M       5.7M        27M       3.2G

MemTotal:        4016004 kB
MemFree:          129072 kB
Active:           358996 kB
Mem:          3.8G       3.7G       125M       5.7M        27M       3.2G

MemTotal:        4016004 kB
MemFree:          129072 kB
Active:           358976 kB
Mem:          3.8G       3.7G       126M       5.7M        27M       3.2G

MemTotal:        4016004 kB
MemFree:          128948 kB
Active:           359020 kB
Mem:          3.8G       3.7G       126M       5.7M        27M       3.2G

MemTotal:        4016004 kB
MemFree:          129568 kB
Active:           358980 kB
Mem:          3.8G       3.7G       126M       5.7M        27M       3.2G

MemTotal:        4016004 kB
MemFree:          129692 kB
Active:           359008 kB
Mem:          3.8G       3.7G       126M       5.7M        27M       3.2G

MemTotal:        4016004 kB
MemFree:          129320 kB
Active:           359028 kB
Mem:          3.8G       3.7G       126M       5.7M        27M       3.2G

MemTotal:        4016004 kB
MemFree:          129692 kB
Active:           359020 kB
Mem:          3.8G       3.7G       126M       5.7M        28M       3.2G

MemTotal:        4016004 kB
MemFree:          129816 kB
Active:           359088 kB
Mem:          3.8G       3.7G       126M       5.7M        28M       3.2G

