MemTotal:        4016004 kB
MemFree:         3245004 kB
Active:           415964 kB
Mem:          3.8G       752M       3.1G       5.7M        54M       316M

MemTotal:        4016004 kB
MemFree:         3247512 kB
Active:           414028 kB
Mem:          3.8G       750M       3.1G       5.7M        54M       317M

MemTotal:        4016004 kB
MemFree:         3247512 kB
Active:           414100 kB
Mem:          3.8G       750M       3.1G       5.7M        54M       317M

MemTotal:        4016004 kB
MemFree:         3247992 kB
Active:           414116 kB
Mem:          3.8G       750M       3.1G       5.7M        54M       317M

MemTotal:        4016004 kB
MemFree:         3248100 kB
Active:           414088 kB
Mem:          3.8G       750M       3.1G       5.7M        54M       317M

MemTotal:        4016004 kB
MemFree:         3247464 kB
Active:           414132 kB
Mem:          3.8G       750M       3.1G       5.7M        54M       317M

MemTotal:        4016004 kB
MemFree:         3245692 kB
Active:           412100 kB
Mem:          3.8G       752M       3.1G       5.7M        54M       317M

MemTotal:        4016004 kB
MemFree:         3245768 kB
Active:           416160 kB
Mem:          3.8G       752M       3.1G       5.7M        54M       317M

MemTotal:        4016004 kB
MemFree:         3245612 kB
Active:           416120 kB
Mem:          3.8G       752M       3.1G       5.7M        54M       317M

MemTotal:        4016004 kB
MemFree:         3245100 kB
Active:           416176 kB
Mem:          3.8G       752M       3.1G       5.7M        54M       317M

MemTotal:        4016004 kB
MemFree:         3245456 kB
Active:           416164 kB
Mem:          3.8G       752M       3.1G       5.7M        54M       317M

MemTotal:        4016004 kB
MemFree:         3245564 kB
Active:           416140 kB
Mem:          3.8G       752M       3.1G       5.7M        54M       317M

MemTotal:        4016004 kB
MemFree:         3245424 kB
Active:           416132 kB
Mem:          3.8G       752M       3.1G       5.7M        54M       317M

MemTotal:        4016004 kB
MemFree:         3245160 kB
Active:           416132 kB
Mem:          3.8G       752M       3.1G       5.7M        54M       317M

MemTotal:        4016004 kB
MemFree:         3245256 kB
Active:           416136 kB
Mem:          3.8G       752M       3.1G       5.7M        54M       317M

MemTotal:        4016004 kB
MemFree:         3245008 kB
Active:           416184 kB
Mem:          3.8G       752M       3.1G       5.7M        54M       317M

MemTotal:        4016004 kB
MemFree:         3244900 kB
Active:           414260 kB
Mem:          3.8G       753M       3.1G       5.7M        54M       317M

MemTotal:        4016004 kB
MemFree:         3245348 kB
Active:           416132 kB
Mem:          3.8G       752M       3.1G       5.7M        54M       317M

MemTotal:        4016004 kB
MemFree:         3245472 kB
Active:           416172 kB
Mem:          3.8G       752M       3.1G       5.7M        54M       317M

MemTotal:        4016004 kB
MemFree:         3245100 kB
Active:           416184 kB
Mem:          3.8G       752M       3.1G       5.7M        54M       317M

MemTotal:        4016004 kB
MemFree:         3245596 kB
Active:           416188 kB
Mem:          3.8G       752M       3.1G       5.7M        54M       317M

MemTotal:        4016004 kB
MemFree:         3245596 kB
Active:           416136 kB
Mem:          3.8G       752M       3.1G       5.7M        54M       317M

MemTotal:        4016004 kB
MemFree:         3245580 kB
Active:           416160 kB
Mem:          3.8G       752M       3.1G       5.7M        54M       317M

MemTotal:        4016004 kB
MemFree:         3245564 kB
Active:           416160 kB
Mem:          3.8G       752M       3.1G       5.7M        54M       317M

MemTotal:        4016004 kB
MemFree:         3245424 kB
Active:           416148 kB
Mem:          3.8G       752M       3.1G       5.7M        54M       317M

MemTotal:        4016004 kB
MemFree:         3245532 kB
Active:           416152 kB
Mem:          3.8G       752M       3.1G       5.7M        54M       317M

MemTotal:        4016004 kB
MemFree:         3245640 kB
Active:           416148 kB
Mem:          3.8G       752M       3.1G       5.7M        54M       317M

MemTotal:        4016004 kB
MemFree:         3245624 kB
Active:           416152 kB
Mem:          3.8G       752M       3.1G       5.7M        54M       317M

MemTotal:        4016004 kB
MemFree:         3245100 kB
Active:           416204 kB
Mem:          3.8G       752M       3.1G       5.7M        54M       317M

MemTotal:        4016004 kB
MemFree:         3245596 kB
Active:           416196 kB
Mem:          3.8G       752M       3.1G       5.7M        54M       317M

MemTotal:        4016004 kB
MemFree:         3245596 kB
Active:           416192 kB
Mem:          3.8G       752M       3.1G       5.7M        54M       317M

MemTotal:        4016004 kB
MemFree:         3245224 kB
Active:           416204 kB
Mem:          3.8G       752M       3.1G       5.7M        54M       317M

MemTotal:        4016004 kB
MemFree:         3245348 kB
Active:           416184 kB
Mem:          3.8G       752M       3.1G       5.7M        54M       317M

MemTotal:        4016004 kB
MemFree:         3245348 kB
Active:           416204 kB
Mem:          3.8G       753M       3.1G       5.7M        54M       317M

MemTotal:        4016004 kB
MemFree:         3244976 kB
Active:           416184 kB
Mem:          3.8G       753M       3.1G       5.7M        54M       317M

MemTotal:        4016004 kB
MemFree:         3244604 kB
Active:           416216 kB
Mem:          3.8G       753M       3.1G       5.7M        54M       317M

MemTotal:        4016004 kB
MemFree:         3244976 kB
Active:           416200 kB
Mem:          3.8G       752M       3.1G       5.7M        54M       317M

MemTotal:        4016004 kB
MemFree:         3245100 kB
Active:           416200 kB
Mem:          3.8G       752M       3.1G       5.7M        54M       317M

MemTotal:        4016004 kB
MemFree:         3244836 kB
Active:           416220 kB
Mem:          3.8G       753M       3.1G       5.7M        54M       317M

MemTotal:        4016004 kB
MemFree:         3245068 kB
Active:           416196 kB
Mem:          3.8G       752M       3.1G       5.7M        54M       317M

MemTotal:        4016004 kB
MemFree:         3245176 kB
Active:           416196 kB
Mem:          3.8G       752M       3.1G       5.7M        54M       317M

MemTotal:        4016004 kB
MemFree:         3245408 kB
Active:           416216 kB
Mem:          3.8G       752M       3.1G       5.7M        54M       317M

MemTotal:        4016004 kB
MemFree:         3245020 kB
Active:           416236 kB
Mem:          3.8G       752M       3.1G       5.7M        54M       317M

MemTotal:        4016004 kB
MemFree:         3244884 kB
Active:           416216 kB
Mem:          3.8G       752M       3.1G       5.7M        54M       317M

MemTotal:        4016004 kB
MemFree:         3245008 kB
Active:           416208 kB
Mem:          3.8G       752M       3.1G       5.7M        54M       317M

MemTotal:        4016004 kB
MemFree:         3244792 kB
Active:           416236 kB
Mem:          3.8G       753M       3.1G       5.7M        54M       317M

MemTotal:        4016004 kB
MemFree:         3242992 kB
Active:           416216 kB
Mem:          3.8G       754M       3.1G       5.7M        54M       317M

MemTotal:        4016004 kB
MemFree:         3243116 kB
Active:           418228 kB
Mem:          3.8G       754M       3.1G       5.7M        54M       317M

MemTotal:        4016004 kB
MemFree:         3243364 kB
Active:           418224 kB
Mem:          3.8G       754M       3.1G       5.7M        54M       317M

MemTotal:        4016004 kB
MemFree:         3242992 kB
Active:           418272 kB
Mem:          3.8G       754M       3.1G       5.7M        54M       317M

MemTotal:        4016004 kB
MemFree:         3242728 kB
Active:           418272 kB
Mem:          3.8G       755M       3.1G       5.7M        54M       317M

MemTotal:        4016004 kB
MemFree:         3242628 kB
Active:           418272 kB
Mem:          3.8G       754M       3.1G       5.7M        54M       317M

MemTotal:        4016004 kB
MemFree:         3242612 kB
Active:           418292 kB
Mem:          3.8G       755M       3.1G       5.7M        54M       317M

MemTotal:        4016004 kB
MemFree:         3242968 kB
Active:           418248 kB
Mem:          3.8G       754M       3.1G       5.7M        54M       317M

MemTotal:        4016004 kB
MemFree:         3242952 kB
Active:           418292 kB
Mem:          3.8G       754M       3.1G       5.7M        54M       317M

MemTotal:        4016004 kB
MemFree:         3242812 kB
Active:           418292 kB
Mem:          3.8G       755M       3.1G       5.7M        54M       317M

MemTotal:        4016004 kB
MemFree:         3242424 kB
Active:           418312 kB
Mem:          3.8G       755M       3.1G       5.7M        54M       317M

MemTotal:        4016004 kB
MemFree:         3242780 kB
Active:           418268 kB
Mem:          3.8G       755M       3.1G       5.7M        54M       317M

MemTotal:        4016004 kB
MemFree:         3243000 kB
Active:           418280 kB
Mem:          3.8G       755M       3.1G       5.7M        54M       317M

MemTotal:        4016004 kB
MemFree:         3243372 kB
Active:           418268 kB
Mem:          3.8G       754M       3.1G       5.7M        54M       317M

MemTotal:        4016004 kB
MemFree:         3243372 kB
Active:           418308 kB
Mem:          3.8G       754M       3.1G       5.7M        54M       317M

MemTotal:        4016004 kB
MemFree:         3133236 kB
Active:           418740 kB
Mem:          3.8G       862M       3.0G       5.7M        55M       423M

MemTotal:        4016004 kB
MemFree:         3097284 kB
Active:           418740 kB
Mem:          3.8G       897M       3.0G       5.7M        55M       458M

MemTotal:        4016004 kB
MemFree:         3012648 kB
Active:           418776 kB
Mem:          3.8G       980M       2.9G       5.7M        55M       539M

MemTotal:        4016004 kB
MemFree:         2884316 kB
Active:           418764 kB
Mem:          3.8G       1.1G       2.8G       5.7M        55M       662M

MemTotal:        4016004 kB
MemFree:         2787848 kB
Active:           418744 kB
Mem:          3.8G       1.2G       2.7G       5.7M        55M       755M

MemTotal:        4016004 kB
MemFree:         2785180 kB
Active:           418728 kB
Mem:          3.8G       1.2G       2.7G       5.7M        55M       755M

MemTotal:        4016004 kB
MemFree:         2741964 kB
Active:           420816 kB
Mem:          3.8G       1.2G       2.6G       5.7M        55M       797M

MemTotal:        4016004 kB
MemFree:         2685868 kB
Active:           420796 kB
Mem:          3.8G       1.3G       2.6G       5.7M        55M       851M

MemTotal:        4016004 kB
MemFree:         2684808 kB
Active:           420824 kB
Mem:          3.8G       1.3G       2.6G       5.7M        55M       852M

MemTotal:        4016004 kB
MemFree:         2683488 kB
Active:           420824 kB
Mem:          3.8G       1.3G       2.6G       5.7M        55M       853M

MemTotal:        4016004 kB
MemFree:         2682092 kB
Active:           420860 kB
Mem:          3.8G       1.3G       2.6G       5.7M        55M       854M

MemTotal:        4016004 kB
MemFree:         2679940 kB
Active:           420860 kB
Mem:          3.8G       1.3G       2.6G       5.7M        55M       856M

MemTotal:        4016004 kB
MemFree:         2570584 kB
Active:           420860 kB
Mem:          3.8G       1.4G       2.5G       5.7M        55M       962M

MemTotal:        4016004 kB
MemFree:         2436376 kB
Active:           420868 kB
Mem:          3.8G       1.5G       2.3G       5.7M        55M       1.1G

MemTotal:        4016004 kB
MemFree:         2327232 kB
Active:           420868 kB
Mem:          3.8G       1.6G       2.2G       5.7M        55M       1.2G

MemTotal:        4016004 kB
MemFree:         2293388 kB
Active:           418932 kB
Mem:          3.8G       1.6G       2.2G       5.7M        55M       1.2G

MemTotal:        4016004 kB
MemFree:         2229872 kB
Active:           420916 kB
Mem:          3.8G       1.7G       2.1G       5.7M        55M       1.3G

MemTotal:        4016004 kB
MemFree:         2227820 kB
Active:           420936 kB
Mem:          3.8G       1.7G       2.1G       5.7M        55M       1.3G

MemTotal:        4016004 kB
MemFree:         2152268 kB
Active:           420880 kB
Mem:          3.8G       1.8G       2.1G       5.7M        55M       1.3G

MemTotal:        4016004 kB
MemFree:         2129068 kB
Active:           420892 kB
Mem:          3.8G       1.8G       2.0G       5.7M        55M       1.4G

MemTotal:        4016004 kB
MemFree:         2074812 kB
Active:           420924 kB
Mem:          3.8G       1.9G       2.0G       5.7M        55M       1.4G

MemTotal:        4016004 kB
MemFree:         2029188 kB
Active:           420920 kB
Mem:          3.8G       1.9G       1.9G       5.7M        55M       1.4G

MemTotal:        4016004 kB
MemFree:         2027904 kB
Active:           420956 kB
Mem:          3.8G       1.9G       1.9G       5.7M        55M       1.4G

MemTotal:        4016004 kB
MemFree:         2025816 kB
Active:           420924 kB
Mem:          3.8G       1.9G       1.9G       5.7M        55M       1.5G

MemTotal:        4016004 kB
MemFree:         2024704 kB
Active:           420956 kB
Mem:          3.8G       1.9G       1.9G       5.7M        55M       1.5G

MemTotal:        4016004 kB
MemFree:         2014648 kB
Active:           418948 kB
Mem:          3.8G       1.9G       1.9G       5.7M        55M       1.5G

MemTotal:        4016004 kB
MemFree:         1890452 kB
Active:           420964 kB
Mem:          3.8G       2.0G       1.8G       5.7M        55M       1.6G

MemTotal:        4016004 kB
MemFree:         1760460 kB
Active:           420964 kB
Mem:          3.8G       2.2G       1.7G       5.7M        55M       1.7G

MemTotal:        4016004 kB
MemFree:         1675908 kB
Active:           420984 kB
Mem:          3.8G       2.2G       1.6G       5.7M        55M       1.8G

MemTotal:        4016004 kB
MemFree:         1596472 kB
Active:           420996 kB
Mem:          3.8G       2.3G       1.5G       5.7M        55M       1.9G

MemTotal:        4016004 kB
MemFree:         1576604 kB
Active:           420996 kB
Mem:          3.8G       2.3G       1.5G       5.7M        55M       1.9G

MemTotal:        4016004 kB
MemFree:         1573136 kB
Active:           420992 kB
Mem:          3.8G       2.3G       1.5G       5.7M        55M       1.9G

MemTotal:        4016004 kB
MemFree:         1476348 kB
Active:           420956 kB
Mem:          3.8G       2.4G       1.4G       5.7M        55M       2.0G

MemTotal:        4016004 kB
MemFree:         1474620 kB
Active:           421008 kB
Mem:          3.8G       2.4G       1.4G       5.7M        55M       2.0G

MemTotal:        4016004 kB
MemFree:         1474744 kB
Active:           420968 kB
Mem:          3.8G       2.4G       1.4G       5.7M        55M       2.0G

MemTotal:        4016004 kB
MemFree:         1472696 kB
Active:           420968 kB
Mem:          3.8G       2.4G       1.4G       5.7M        55M       2.0G

MemTotal:        4016004 kB
MemFree:         1472532 kB
Active:           420996 kB
Mem:          3.8G       2.4G       1.4G       5.7M        55M       2.0G

MemTotal:        4016004 kB
MemFree:         1429288 kB
Active:           420992 kB
Mem:          3.8G       2.5G       1.4G       5.7M        55M       2.0G

MemTotal:        4016004 kB
MemFree:         1300384 kB
Active:           420988 kB
Mem:          3.8G       2.6G       1.2G       5.7M        55M       2.1G

MemTotal:        4016004 kB
MemFree:         1170144 kB
Active:           421020 kB
Mem:          3.8G       2.7G       1.1G       5.7M        55M       2.3G

MemTotal:        4016004 kB
MemFree:         1121424 kB
Active:           421028 kB
Mem:          3.8G       2.8G       1.1G       5.7M        55M       2.3G

MemTotal:        4016004 kB
MemFree:         1096272 kB
Active:           421028 kB
Mem:          3.8G       2.8G       1.0G       5.7M        55M       2.3G

MemTotal:        4016004 kB
MemFree:         1022612 kB
Active:           421032 kB
Mem:          3.8G       2.9G       998M       5.7M        55M       2.4G

MemTotal:        4016004 kB
MemFree:         1000840 kB
Active:           421052 kB
Mem:          3.8G       2.9G       976M       5.7M        55M       2.4G

MemTotal:        4016004 kB
MemFree:          922608 kB
Active:           421056 kB
Mem:          3.8G       3.0G       900M       5.7M        55M       2.5G

MemTotal:        4016004 kB
MemFree:          921168 kB
Active:           421008 kB
Mem:          3.8G       3.0G       899M       5.7M        55M       2.5G

MemTotal:        4016004 kB
MemFree:          921024 kB
Active:           421064 kB
Mem:          3.8G       3.0G       899M       5.7M        55M       2.5G

MemTotal:        4016004 kB
MemFree:          919152 kB
Active:           421088 kB
Mem:          3.8G       3.0G       897M       5.7M        55M       2.5G

MemTotal:        4016004 kB
MemFree:          854420 kB
Active:           421056 kB
Mem:          3.8G       3.0G       834M       5.7M        55M       2.6G

MemTotal:        4016004 kB
MemFree:          735356 kB
Active:           421100 kB
Mem:          3.8G       3.1G       717M       5.7M        55M       2.7G

MemTotal:        4016004 kB
MemFree:          644860 kB
Active:           421060 kB
Mem:          3.8G       3.2G       629M       5.7M        55M       2.7G

MemTotal:        4016004 kB
MemFree:          643664 kB
Active:           421056 kB
Mem:          3.8G       3.2G       628M       5.7M        55M       2.7G

MemTotal:        4016004 kB
MemFree:          554568 kB
Active:           421128 kB
Mem:          3.8G       3.3G       541M       5.7M        55M       2.8G

MemTotal:        4016004 kB
MemFree:          496856 kB
Active:           421128 kB
Mem:          3.8G       3.4G       484M       5.7M        55M       2.9G

MemTotal:        4016004 kB
MemFree:          470628 kB
Active:           421128 kB
Mem:          3.8G       3.4G       459M       5.7M        55M       2.9G

MemTotal:        4016004 kB
MemFree:          414316 kB
Active:           421136 kB
Mem:          3.8G       3.4G       404M       5.7M        55M       3.0G

MemTotal:        4016004 kB
MemFree:          386096 kB
Active:           423168 kB
Mem:          3.8G       3.5G       376M       5.7M        55M       3.0G

MemTotal:        4016004 kB
MemFree:          385368 kB
Active:           423180 kB
Mem:          3.8G       3.5G       376M       5.7M        55M       3.0G

MemTotal:        4016004 kB
MemFree:          383900 kB
Active:           423180 kB
Mem:          3.8G       3.5G       374M       5.7M        55M       3.0G

MemTotal:        4016004 kB
MemFree:          382836 kB
Active:           423176 kB
Mem:          3.8G       3.5G       373M       5.7M        55M       3.0G

MemTotal:        4016004 kB
MemFree:          319132 kB
Active:           423180 kB
Mem:          3.8G       3.5G       311M       5.7M        55M       3.1G

MemTotal:        4016004 kB
MemFree:          207524 kB
Active:           423192 kB
Mem:          3.8G       3.6G       202M       5.7M        55M       3.2G

MemTotal:        4016004 kB
MemFree:          116408 kB
Active:           421404 kB
Mem:          3.8G       3.7G       126M       5.7M        20M       3.3G

MemTotal:        4016004 kB
MemFree:          131524 kB
Active:           472132 kB
Mem:          3.8G       3.7G       127M       5.7M        20M       3.3G

MemTotal:        4016004 kB
MemFree:          144292 kB
Active:           468396 kB
Mem:          3.8G       3.7G       140M       5.7M        20M       3.2G

MemTotal:        4016004 kB
MemFree:          137060 kB
Active:           462496 kB
Mem:          3.8G       3.7G       133M       5.7M        20M       3.3G

MemTotal:        4016004 kB
MemFree:          147212 kB
Active:           459108 kB
Mem:          3.8G       3.7G       143M       5.7M        20M       3.2G

MemTotal:        4016004 kB
MemFree:          145440 kB
Active:           458876 kB
Mem:          3.8G       3.7G       141M       5.7M        20M       3.2G

MemTotal:        4016004 kB
MemFree:          144216 kB
Active:           458880 kB
Mem:          3.8G       3.7G       140M       5.7M        20M       3.2G

MemTotal:        4016004 kB
MemFree:          144096 kB
Active:           459168 kB
Mem:          3.8G       3.7G       140M       5.7M        20M       3.2G

MemTotal:        4016004 kB
MemFree:          125808 kB
Active:           455284 kB
Mem:          3.8G       3.7G       122M       5.7M        20M       3.3G

MemTotal:        4016004 kB
MemFree:          106932 kB
Active:           445916 kB
Mem:          3.8G       3.7G       104M       5.7M        20M       3.3G

MemTotal:        4016004 kB
MemFree:          126932 kB
Active:           430996 kB
Mem:          3.8G       3.7G       123M       5.7M        20M       3.3G

MemTotal:        4016004 kB
MemFree:          118140 kB
Active:           428060 kB
Mem:          3.8G       3.7G       115M       5.7M        20M       3.3G

MemTotal:        4016004 kB
MemFree:          134252 kB
Active:           426024 kB
Mem:          3.8G       3.7G       131M       5.7M        20M       3.3G

MemTotal:        4016004 kB
MemFree:          119712 kB
Active:           426032 kB
Mem:          3.8G       3.7G       116M       5.7M        20M       3.3G

MemTotal:        4016004 kB
MemFree:          135364 kB
Active:           423988 kB
Mem:          3.8G       3.7G       132M       5.7M        20M       3.3G

MemTotal:        4016004 kB
MemFree:          120224 kB
Active:           421240 kB
Mem:          3.8G       3.7G       117M       5.7M        20M       3.3G

MemTotal:        4016004 kB
MemFree:          134680 kB
Active:           419488 kB
Mem:          3.8G       3.7G       131M       5.7M        20M       3.3G

MemTotal:        4016004 kB
MemFree:          132904 kB
Active:           419452 kB
Mem:          3.8G       3.7G       129M       5.7M        20M       3.3G

MemTotal:        4016004 kB
MemFree:          131452 kB
Active:           419472 kB
Mem:          3.8G       3.7G       127M       5.7M        20M       3.3G

MemTotal:        4016004 kB
MemFree:          130524 kB
Active:           419352 kB
Mem:          3.8G       3.7G       127M       5.7M        20M       3.3G

MemTotal:        4016004 kB
MemFree:          133660 kB
Active:           418228 kB
Mem:          3.8G       3.7G       130M       5.7M        20M       3.3G

MemTotal:        4016004 kB
MemFree:          122788 kB
Active:           414196 kB
Mem:          3.8G       3.7G       119M       5.7M        20M       3.3G

MemTotal:        4016004 kB
MemFree:          130596 kB
Active:           410900 kB
Mem:          3.8G       3.7G       127M       5.7M        20M       3.3G

MemTotal:        4016004 kB
MemFree:          130092 kB
Active:           409364 kB
Mem:          3.8G       3.7G       127M       5.7M        20M       3.3G

MemTotal:        4016004 kB
MemFree:          127436 kB
Active:           407424 kB
Mem:          3.8G       3.7G       123M       5.7M        20M       3.3G

MemTotal:        4016004 kB
MemFree:          125788 kB
Active:           407412 kB
Mem:          3.8G       3.7G       122M       5.7M        20M       3.3G

MemTotal:        4016004 kB
MemFree:          133732 kB
Active:           404720 kB
Mem:          3.8G       3.7G       130M       5.7M        20M       3.3G

MemTotal:        4016004 kB
MemFree:          132152 kB
Active:           404780 kB
Mem:          3.8G       3.7G       129M       5.7M        20M       3.3G

MemTotal:        4016004 kB
MemFree:          134552 kB
Active:           402332 kB
Mem:          3.8G       3.7G       131M       5.7M        20M       3.3G

MemTotal:        4016004 kB
MemFree:          137196 kB
Active:           400400 kB
Mem:          3.8G       3.7G       134M       5.7M        20M       3.3G

MemTotal:        4016004 kB
MemFree:          135572 kB
Active:           398404 kB
Mem:          3.8G       3.7G       132M       5.7M        20M       3.3G

MemTotal:        4016004 kB
MemFree:          135172 kB
Active:           400412 kB
Mem:          3.8G       3.7G       132M       5.7M        20M       3.3G

MemTotal:        4016004 kB
MemFree:          119696 kB
Active:           393740 kB
Mem:          3.8G       3.7G       116M       5.7M        20M       3.3G

MemTotal:        4016004 kB
MemFree:          142412 kB
Active:           389484 kB
Mem:          3.8G       3.7G       139M       5.7M        20M       3.3G

MemTotal:        4016004 kB
MemFree:          139624 kB
Active:           389520 kB
Mem:          3.8G       3.7G       135M       5.7M        20M       3.3G

MemTotal:        4016004 kB
MemFree:          141756 kB
Active:           387092 kB
Mem:          3.8G       3.7G       138M       5.7M        20M       3.3G

MemTotal:        4016004 kB
MemFree:          141332 kB
Active:           387104 kB
Mem:          3.8G       3.7G       138M       5.7M        20M       3.3G

MemTotal:        4016004 kB
MemFree:          140340 kB
Active:           387048 kB
Mem:          3.8G       3.7G       137M       5.7M        20M       3.3G

MemTotal:        4016004 kB
MemFree:          139632 kB
Active:           387108 kB
Mem:          3.8G       3.7G       136M       5.7M        20M       3.3G

MemTotal:        4016004 kB
MemFree:          138832 kB
Active:           387052 kB
Mem:          3.8G       3.7G       135M       5.7M        20M       3.3G

MemTotal:        4016004 kB
MemFree:          131584 kB
Active:           381864 kB
Mem:          3.8G       3.7G       128M       5.7M        20M       3.3G

MemTotal:        4016004 kB
MemFree:          105896 kB
Active:           380560 kB
Mem:          3.8G       3.7G       102M       5.7M        20M       3.3G

MemTotal:        4016004 kB
MemFree:          130316 kB
Active:           376116 kB
Mem:          3.8G       3.7G       127M       5.7M        20M       3.3G

MemTotal:        4016004 kB
MemFree:          131812 kB
Active:           373084 kB
Mem:          3.8G       3.7G       128M       5.7M        20M       3.3G

MemTotal:        4016004 kB
MemFree:          127344 kB
Active:           371308 kB
Mem:          3.8G       3.7G       123M       5.7M        20M       3.3G

MemTotal:        4016004 kB
MemFree:          127708 kB
Active:           369260 kB
Mem:          3.8G       3.7G       124M       5.7M        20M       3.3G

MemTotal:        4016004 kB
MemFree:          126920 kB
Active:           369260 kB
Mem:          3.8G       3.7G       123M       5.7M        20M       3.3G

MemTotal:        4016004 kB
MemFree:          122788 kB
Active:           367476 kB
Mem:          3.8G       3.7G       120M       5.7M        20M       3.3G

MemTotal:        4016004 kB
MemFree:          121632 kB
Active:           367492 kB
Mem:          3.8G       3.7G       118M       5.7M        20M       3.3G

MemTotal:        4016004 kB
MemFree:          120632 kB
Active:           367492 kB
Mem:          3.8G       3.7G       117M       5.7M        20M       3.3G

MemTotal:        4016004 kB
MemFree:          119180 kB
Active:           367488 kB
Mem:          3.8G       3.7G       116M       5.7M        20M       3.3G

MemTotal:        4016004 kB
MemFree:          137436 kB
Active:           366344 kB
Mem:          3.8G       3.7G       134M       5.7M        20M       3.3G

MemTotal:        4016004 kB
MemFree:          124316 kB
Active:           363376 kB
Mem:          3.8G       3.7G       121M       5.7M        20M       3.3G

MemTotal:        4016004 kB
MemFree:          118644 kB
Active:           363376 kB
Mem:          3.8G       3.7G       115M       5.7M        20M       3.3G

MemTotal:        4016004 kB
MemFree:          135060 kB
Active:           363376 kB
Mem:          3.8G       3.7G       131M       5.7M        20M       3.3G

MemTotal:        4016004 kB
MemFree:          123120 kB
Active:           363404 kB
Mem:          3.8G       3.7G       119M       5.7M        20M       3.3G

MemTotal:        4016004 kB
MemFree:          139600 kB
Active:           363404 kB
Mem:          3.8G       3.7G       136M       5.7M        20M       3.3G

MemTotal:        4016004 kB
MemFree:          125576 kB
Active:           360648 kB
Mem:          3.8G       3.7G       122M       5.7M        20M       3.3G

MemTotal:        4016004 kB
MemFree:          137376 kB
Active:           360652 kB
Mem:          3.8G       3.7G       134M       5.7M        20M       3.3G

MemTotal:        4016004 kB
MemFree:          135508 kB
Active:           360660 kB
Mem:          3.8G       3.7G       132M       5.7M        20M       3.3G

MemTotal:        4016004 kB
MemFree:          134580 kB
Active:           360636 kB
Mem:          3.8G       3.7G       131M       5.7M        20M       3.3G

MemTotal:        4016004 kB
MemFree:          133544 kB
Active:           360660 kB
Mem:          3.8G       3.7G       130M       5.7M        20M       3.3G

MemTotal:        4016004 kB
MemFree:          133020 kB
Active:           360640 kB
Mem:          3.8G       3.7G       129M       5.7M        20M       3.3G

MemTotal:        4016004 kB
MemFree:          116100 kB
Active:           360664 kB
Mem:          3.8G       3.7G       112M       5.7M        20M       3.3G

MemTotal:        4016004 kB
MemFree:          128000 kB
Active:           360668 kB
Mem:          3.8G       3.7G       124M       5.7M        20M       3.3G

MemTotal:        4016004 kB
MemFree:          113728 kB
Active:           360644 kB
Mem:          3.8G       3.7G       110M       5.7M        20M       3.3G

MemTotal:        4016004 kB
MemFree:          141832 kB
Active:           360644 kB
Mem:          3.8G       3.7G       138M       5.7M        20M       3.2G

MemTotal:        4016004 kB
MemFree:          119200 kB
Active:           360644 kB
Mem:          3.8G       3.7G       115M       5.7M        20M       3.3G

MemTotal:        4016004 kB
MemFree:          107132 kB
Active:           360652 kB
Mem:          3.8G       3.7G       104M       5.7M        20M       3.3G

MemTotal:        4016004 kB
MemFree:          131268 kB
Active:           360668 kB
Mem:          3.8G       3.7G       127M       5.7M        20M       3.3G

MemTotal:        4016004 kB
MemFree:          131420 kB
Active:           361404 kB
Mem:          3.8G       3.7G       128M       5.7M        20M       3.3G

MemTotal:        4016004 kB
MemFree:          130296 kB
Active:           361412 kB
Mem:          3.8G       3.7G       127M       5.7M        20M       3.3G

MemTotal:        4016004 kB
MemFree:          129288 kB
Active:           361416 kB
Mem:          3.8G       3.7G       126M       5.7M        20M       3.3G

MemTotal:        4016004 kB
MemFree:          129160 kB
Active:           361420 kB
Mem:          3.8G       3.7G       126M       5.7M        20M       3.3G

MemTotal:        4016004 kB
MemFree:          114380 kB
Active:           361424 kB
Mem:          3.8G       3.7G       111M       5.7M        20M       3.3G

MemTotal:        4016004 kB
MemFree:          140540 kB
Active:           358964 kB
Mem:          3.8G       3.7G       137M       5.7M        20M       3.3G

MemTotal:        4016004 kB
MemFree:          138044 kB
Active:           358964 kB
Mem:          3.8G       3.7G       134M       5.7M        20M       3.3G

MemTotal:        4016004 kB
MemFree:          146520 kB
Active:           358176 kB
Mem:          3.8G       3.7G       143M       5.7M        20M       3.2G

MemTotal:        4016004 kB
MemFree:          120660 kB
Active:           358124 kB
Mem:          3.8G       3.7G       117M       5.7M        20M       3.3G

MemTotal:        4016004 kB
MemFree:          134192 kB
Active:           358188 kB
Mem:          3.8G       3.7G       130M       5.7M        20M       3.3G

MemTotal:        4016004 kB
MemFree:          124436 kB
Active:           358188 kB
Mem:          3.8G       3.7G       121M       5.7M        20M       3.3G

MemTotal:        4016004 kB
MemFree:          137756 kB
Active:           358192 kB
Mem:          3.8G       3.7G       134M       5.7M        20M       3.3G

MemTotal:        4016004 kB
MemFree:          142316 kB
Active:           358192 kB
Mem:          3.8G       3.7G       138M       5.7M        20M       3.2G

MemTotal:        4016004 kB
MemFree:          140984 kB
Active:           358188 kB
Mem:          3.8G       3.7G       137M       5.7M        20M       3.2G

MemTotal:        4016004 kB
MemFree:          138880 kB
Active:           358192 kB
Mem:          3.8G       3.7G       135M       5.7M        20M       3.3G

MemTotal:        4016004 kB
MemFree:          137080 kB
Active:           358224 kB
Mem:          3.8G       3.7G       133M       5.7M        20M       3.3G

MemTotal:        4016004 kB
MemFree:          117508 kB
Active:           358192 kB
Mem:          3.8G       3.7G       114M       5.7M        20M       3.3G

MemTotal:        4016004 kB
MemFree:          129332 kB
Active:           355624 kB
Mem:          3.8G       3.7G       125M       5.7M        20M       3.3G

MemTotal:        4016004 kB
MemFree:          126960 kB
Active:           355624 kB
Mem:          3.8G       3.7G       123M       5.7M        20M       3.3G

MemTotal:        4016004 kB
MemFree:          118676 kB
Active:           355624 kB
Mem:          3.8G       3.7G       115M       5.7M        20M       3.3G

MemTotal:        4016004 kB
MemFree:          135680 kB
Active:           355480 kB
Mem:          3.8G       3.7G       132M       5.7M        20M       3.3G

MemTotal:        4016004 kB
MemFree:          134360 kB
Active:           355480 kB
Mem:          3.8G       3.7G       130M       5.7M        20M       3.3G

MemTotal:        4016004 kB
MemFree:          140464 kB
Active:           355500 kB
Mem:          3.8G       3.7G       137M       5.7M        20M       3.2G

MemTotal:        4016004 kB
MemFree:          111944 kB
Active:           355500 kB
Mem:          3.8G       3.7G       108M       5.7M        20M       3.3G

MemTotal:        4016004 kB
MemFree:          138416 kB
Active:           355500 kB
Mem:          3.8G       3.7G       135M       5.7M        20M       3.2G

MemTotal:        4016004 kB
MemFree:          137664 kB
Active:           355500 kB
Mem:          3.8G       3.7G       134M       5.7M        20M       3.3G

MemTotal:        4016004 kB
MemFree:          137140 kB
Active:           355512 kB
Mem:          3.8G       3.7G       133M       5.7M        20M       3.3G

MemTotal:        4016004 kB
MemFree:          136184 kB
Active:           355516 kB
Mem:          3.8G       3.7G       132M       5.7M        20M       3.3G

MemTotal:        4016004 kB
MemFree:          108412 kB
Active:           355524 kB
Mem:          3.8G       3.7G       105M       5.7M        20M       3.3G

MemTotal:        4016004 kB
MemFree:          129520 kB
Active:           355528 kB
Mem:          3.8G       3.7G       125M       5.7M        20M       3.3G

MemTotal:        4016004 kB
MemFree:          125652 kB
Active:           352684 kB
Mem:          3.8G       3.7G       122M       5.7M        20M       3.3G

MemTotal:        4016004 kB
MemFree:          132664 kB
Active:           352688 kB
Mem:          3.8G       3.7G       129M       5.7M        20M       3.3G

MemTotal:        4016004 kB
MemFree:          130456 kB
Active:           352704 kB
Mem:          3.8G       3.7G       127M       5.7M        20M       3.3G

MemTotal:        4016004 kB
MemFree:          134628 kB
Active:           352708 kB
Mem:          3.8G       3.7G       131M       5.7M        20M       3.3G

MemTotal:        4016004 kB
MemFree:          120404 kB
Active:           352700 kB
Mem:          3.8G       3.7G       116M       5.7M        20M       3.3G

MemTotal:        4016004 kB
MemFree:          136440 kB
Active:           348540 kB
Mem:          3.8G       3.7G       132M       5.7M        20M       3.3G

MemTotal:        4016004 kB
MemFree:          118372 kB
Active:           348540 kB
Mem:          3.8G       3.7G       125M       5.7M        20M       3.3G

MemTotal:        4016004 kB
MemFree:          128324 kB
Active:           348512 kB
Mem:          3.8G       3.7G       125M       5.7M        20M       3.3G

MemTotal:        4016004 kB
MemFree:          127820 kB
Active:           348560 kB
Mem:          3.8G       3.7G       124M       5.7M        20M       3.3G

MemTotal:        4016004 kB
MemFree:          126412 kB
Active:           348564 kB
Mem:          3.8G       3.7G       123M       5.7M        20M       3.3G

MemTotal:        4016004 kB
MemFree:          105568 kB
Active:           348564 kB
Mem:          3.8G       3.7G       107M       5.7M        20M       3.3G

MemTotal:        4016004 kB
MemFree:          116236 kB
Active:           348568 kB
Mem:          3.8G       3.7G       113M       5.7M        20M       3.3G

MemTotal:        4016004 kB
MemFree:          120992 kB
Active:           348568 kB
Mem:          3.8G       3.7G       118M       5.7M        20M       3.3G

MemTotal:        4016004 kB
MemFree:          150372 kB
Active:           347260 kB
Mem:          3.8G       3.7G       147M       5.7M        20M       3.2G

MemTotal:        4016004 kB
MemFree:          118480 kB
Active:           347212 kB
Mem:          3.8G       3.7G       114M       5.7M        20M       3.3G

MemTotal:        4016004 kB
MemFree:          129476 kB
Active:           347212 kB
Mem:          3.8G       3.7G       126M       5.7M        20M       3.3G

MemTotal:        4016004 kB
MemFree:          138256 kB
Active:           347208 kB
Mem:          3.8G       3.7G       135M       5.7M        20M       3.2G

MemTotal:        4016004 kB
MemFree:          116888 kB
Active:           347220 kB
Mem:          3.8G       3.7G       113M       5.7M        20M       3.3G

MemTotal:        4016004 kB
MemFree:          126168 kB
Active:           347220 kB
Mem:          3.8G       3.7G       123M       5.7M        20M       3.3G

MemTotal:        4016004 kB
MemFree:          125964 kB
Active:           347224 kB
Mem:          3.8G       3.7G       122M       5.7M        20M       3.3G

MemTotal:        4016004 kB
MemFree:          125320 kB
Active:           347192 kB
Mem:          3.8G       3.7G       122M       5.7M        20M       3.3G

MemTotal:        4016004 kB
MemFree:          124456 kB
Active:           347240 kB
Mem:          3.8G       3.7G       121M       5.7M        20M       3.3G

MemTotal:        4016004 kB
MemFree:          126784 kB
Active:           347256 kB
Mem:          3.8G       3.7G       123M       5.7M        20M       3.3G

MemTotal:        4016004 kB
MemFree:          121272 kB
Active:           347224 kB
Mem:          3.8G       3.7G       117M       5.7M        20M       3.3G

MemTotal:        4016004 kB
MemFree:          120112 kB
Active:           344468 kB
Mem:          3.8G       3.7G       116M       5.7M        20M       3.3G

MemTotal:        4016004 kB
MemFree:          120916 kB
Active:           344252 kB
Mem:          3.8G       3.7G       117M       5.7M        20M       3.3G

MemTotal:        4016004 kB
MemFree:          137764 kB
Active:           344256 kB
Mem:          3.8G       3.7G       134M       5.7M        20M       3.2G

MemTotal:        4016004 kB
MemFree:          134800 kB
Active:           344256 kB
Mem:          3.8G       3.7G       131M       5.7M        20M       3.2G

MemTotal:        4016004 kB
MemFree:          138940 kB
Active:           344244 kB
Mem:          3.8G       3.7G       135M       5.7M        20M       3.2G

MemTotal:        4016004 kB
MemFree:          135276 kB
Active:           344248 kB
Mem:          3.8G       3.7G       132M       5.7M        20M       3.2G

MemTotal:        4016004 kB
MemFree:          125420 kB
Active:           346160 kB
Mem:          3.8G       3.7G       121M       5.7M        20M       3.3G

MemTotal:        4016004 kB
MemFree:          111744 kB
Active:           346184 kB
Mem:          3.8G       3.7G       109M       5.7M        20M       3.3G

MemTotal:        4016004 kB
MemFree:          109580 kB
Active:           346196 kB
Mem:          3.8G       3.7G       106M       5.7M        20M       3.3G

MemTotal:        4016004 kB
MemFree:          107780 kB
Active:           346212 kB
Mem:          3.8G       3.7G       105M       5.7M        20M       3.3G

MemTotal:        4016004 kB
MemFree:          122992 kB
Active:           346212 kB
Mem:          3.8G       3.7G       119M       5.7M        20M       3.3G

MemTotal:        4016004 kB
MemFree:          132628 kB
Active:           343552 kB
Mem:          3.8G       3.7G       129M       5.7M        20M       3.3G

MemTotal:        4016004 kB
MemFree:          141860 kB
Active:           343468 kB
Mem:          3.8G       3.7G       138M       5.7M        20M       3.2G

MemTotal:        4016004 kB
MemFree:          128656 kB
Active:           343468 kB
Mem:          3.8G       3.7G       125M       5.7M        20M       3.3G

MemTotal:        4016004 kB
MemFree:          117124 kB
Active:           343436 kB
Mem:          3.8G       3.7G       114M       5.7M        20M       3.3G

MemTotal:        4016004 kB
MemFree:          138668 kB
Active:           342152 kB
Mem:          3.8G       3.7G       135M       5.7M        20M       3.2G

MemTotal:        4016004 kB
MemFree:          128668 kB
Active:           343812 kB
Mem:          3.8G       3.7G       125M       5.7M        20M       3.3G

MemTotal:        4016004 kB
MemFree:          125028 kB
Active:           343728 kB
Mem:          3.8G       3.7G       122M       5.7M        20M       3.3G

MemTotal:        4016004 kB
MemFree:          124212 kB
Active:           343608 kB
Mem:          3.8G       3.7G       120M       5.7M        20M       3.3G

MemTotal:        4016004 kB
MemFree:          146076 kB
Active:           343616 kB
Mem:          3.8G       3.7G       142M       5.7M        20M       3.2G

MemTotal:        4016004 kB
MemFree:          145712 kB
Active:           343612 kB
Mem:          3.8G       3.7G       142M       5.7M        20M       3.2G

MemTotal:        4016004 kB
MemFree:          144596 kB
Active:           343640 kB
Mem:          3.8G       3.7G       141M       5.7M        20M       3.2G

MemTotal:        4016004 kB
MemFree:          144140 kB
Active:           343636 kB
Mem:          3.8G       3.7G       140M       5.7M        20M       3.2G

MemTotal:        4016004 kB
MemFree:          126360 kB
Active:           339872 kB
Mem:          3.8G       3.7G       122M       5.7M        20M       3.3G

MemTotal:        4016004 kB
MemFree:          132588 kB
Active:           339708 kB
Mem:          3.8G       3.7G       128M       5.7M        20M       3.2G

MemTotal:        4016004 kB
MemFree:          128580 kB
Active:           340084 kB
Mem:          3.8G       3.7G       124M       5.7M        20M       3.3G

MemTotal:        4016004 kB
MemFree:          116484 kB
Active:           339564 kB
Mem:          3.8G       3.7G       113M       5.7M        20M       3.3G

MemTotal:        4016004 kB
MemFree:          128952 kB
Active:           339568 kB
Mem:          3.8G       3.7G       126M       5.7M        20M       3.3G

MemTotal:        4016004 kB
MemFree:          130264 kB
Active:           339532 kB
Mem:          3.8G       3.7G       126M       5.7M        20M       3.3G

MemTotal:        4016004 kB
MemFree:          126460 kB
Active:           339576 kB
Mem:          3.8G       3.7G       123M       5.7M        20M       3.3G

MemTotal:        4016004 kB
MemFree:          131212 kB
Active:           339468 kB
Mem:          3.8G       3.7G       128M       5.7M        20M       3.2G

MemTotal:        4016004 kB
MemFree:          131124 kB
Active:           339424 kB
Mem:          3.8G       3.7G       128M       5.7M        20M       3.2G

MemTotal:        4016004 kB
MemFree:          129048 kB
Active:           339480 kB
Mem:          3.8G       3.7G       126M       5.7M        20M       3.3G

MemTotal:        4016004 kB
MemFree:          128420 kB
Active:           339480 kB
Mem:          3.8G       3.7G       124M       5.7M        20M       3.3G

MemTotal:        4016004 kB
MemFree:          119368 kB
Active:           339468 kB
Mem:          3.8G       3.7G       115M       5.7M        20M       3.3G

MemTotal:        4016004 kB
MemFree:          117456 kB
Active:           337736 kB
Mem:          3.8G       3.7G       114M       5.7M        20M       3.3G

MemTotal:        4016004 kB
MemFree:          137584 kB
Active:           337636 kB
Mem:          3.8G       3.7G       133M       5.7M        20M       3.2G

MemTotal:        4016004 kB
MemFree:          131176 kB
Active:           337636 kB
Mem:          3.8G       3.7G       128M       5.7M        20M       3.2G

MemTotal:        4016004 kB
MemFree:          131896 kB
Active:           337588 kB
Mem:          3.8G       3.7G       128M       5.7M        20M       3.2G

MemTotal:        4016004 kB
MemFree:          119276 kB
Active:           337608 kB
Mem:          3.8G       3.7G       115M       5.7M        20M       3.3G

MemTotal:        4016004 kB
MemFree:          118280 kB
Active:           337644 kB
Mem:          3.8G       3.7G       115M       5.7M        20M       3.3G

MemTotal:        4016004 kB
MemFree:          143924 kB
Active:           337648 kB
Mem:          3.8G       3.7G       140M       5.7M        20M       3.2G

MemTotal:        4016004 kB
MemFree:          142804 kB
Active:           337660 kB
Mem:          3.8G       3.7G       139M       5.7M        20M       3.2G

MemTotal:        4016004 kB
MemFree:          141660 kB
Active:           337672 kB
Mem:          3.8G       3.7G       138M       5.7M        20M       3.2G

MemTotal:        4016004 kB
MemFree:          141276 kB
Active:           337656 kB
Mem:          3.8G       3.7G       137M       5.7M        20M       3.2G

MemTotal:        4016004 kB
MemFree:          138356 kB
Active:           337672 kB
Mem:          3.8G       3.7G       135M       5.7M        20M       3.2G

MemTotal:        4016004 kB
MemFree:          136948 kB
Active:           339696 kB
Mem:          3.8G       3.7G       133M       5.7M        20M       3.2G

MemTotal:        4016004 kB
MemFree:          138980 kB
Active:           339556 kB
Mem:          3.8G       3.7G       136M       5.7M        20M       3.2G

MemTotal:        4016004 kB
MemFree:          139624 kB
Active:           339392 kB
Mem:          3.8G       3.7G       136M       5.7M        20M       3.2G

MemTotal:        4016004 kB
MemFree:          139252 kB
Active:           339360 kB
Mem:          3.8G       3.7G       135M       5.7M        20M       3.2G

MemTotal:        4016004 kB
MemFree:          138384 kB
Active:           339396 kB
Mem:          3.8G       3.7G       135M       5.7M        20M       3.2G

MemTotal:        4016004 kB
MemFree:          138756 kB
Active:           339340 kB
Mem:          3.8G       3.7G       135M       5.7M        20M       3.2G

MemTotal:        4016004 kB
MemFree:          139128 kB
Active:           339400 kB
Mem:          3.8G       3.7G       135M       5.7M        20M       3.2G

MemTotal:        4016004 kB
MemFree:          139128 kB
Active:           339368 kB
Mem:          3.8G       3.7G       135M       5.7M        20M       3.2G

MemTotal:        4016004 kB
MemFree:          138880 kB
Active:           339404 kB
Mem:          3.8G       3.7G       135M       5.7M        20M       3.2G

MemTotal:        4016004 kB
MemFree:          139128 kB
Active:           339500 kB
Mem:          3.8G       3.7G       135M       5.7M        20M       3.2G

MemTotal:        4016004 kB
MemFree:          129200 kB
Active:           347080 kB
Mem:          3.8G       3.7G       126M       5.7M        27M       3.2G

MemTotal:        4016004 kB
MemFree:          129820 kB
Active:           347144 kB
Mem:          3.8G       3.7G       126M       5.7M        27M       3.2G

MemTotal:        4016004 kB
MemFree:          129820 kB
Active:           347116 kB
Mem:          3.8G       3.7G       126M       5.7M        27M       3.2G

MemTotal:        4016004 kB
MemFree:          129820 kB
Active:           347124 kB
Mem:          3.8G       3.7G       126M       5.7M        27M       3.2G

MemTotal:        4016004 kB
MemFree:          129448 kB
Active:           347156 kB
Mem:          3.8G       3.7G       126M       5.7M        28M       3.2G

MemTotal:        4016004 kB
MemFree:          129448 kB
Active:           347156 kB
Mem:          3.8G       3.7G       126M       5.7M        28M       3.2G

MemTotal:        4016004 kB
MemFree:          129696 kB
Active:           347144 kB
Mem:          3.8G       3.7G       126M       5.7M        28M       3.2G

MemTotal:        4016004 kB
MemFree:          129820 kB
Active:           347140 kB
Mem:          3.8G       3.7G       126M       5.7M        28M       3.2G

MemTotal:        4016004 kB
MemFree:          129200 kB
Active:           347168 kB
Mem:          3.8G       3.7G       126M       5.7M        28M       3.2G

MemTotal:        4016004 kB
MemFree:          129572 kB
Active:           347136 kB
Mem:          3.8G       3.7G       126M       5.7M        28M       3.2G

MemTotal:        4016004 kB
MemFree:          129448 kB
Active:           347160 kB
Mem:          3.8G       3.7G       126M       5.7M        28M       3.2G

MemTotal:        4016004 kB
MemFree:          129448 kB
Active:           347152 kB
Mem:          3.8G       3.7G       126M       5.7M        28M       3.2G

MemTotal:        4016004 kB
MemFree:          129696 kB
Active:           347156 kB
Mem:          3.8G       3.7G       126M       5.7M        28M       3.2G

MemTotal:        4016004 kB
MemFree:          129696 kB
Active:           347156 kB
Mem:          3.8G       3.7G       126M       5.7M        28M       3.2G

MemTotal:        4016004 kB
MemFree:          129324 kB
Active:           347188 kB
Mem:          3.8G       3.7G       126M       5.7M        28M       3.2G

MemTotal:        4016004 kB
MemFree:          129448 kB
Active:           347188 kB
Mem:          3.8G       3.7G       126M       5.7M        28M       3.2G

MemTotal:        4016004 kB
MemFree:          129448 kB
Active:           347168 kB
Mem:          3.8G       3.7G       126M       5.7M        28M       3.2G

MemTotal:        4016004 kB
MemFree:          129032 kB
Active:           347192 kB
Mem:          3.8G       3.7G       126M       5.7M        28M       3.2G

MemTotal:        4016004 kB
MemFree:          128752 kB
Active:           347192 kB
Mem:          3.8G       3.7G       126M       5.7M        28M       3.2G

MemTotal:        4016004 kB
MemFree:          127296 kB
Active:           347136 kB
Mem:          3.8G       3.7G       124M       5.7M        28M       3.2G

MemTotal:        4016004 kB
MemFree:          126960 kB
Active:           349240 kB
Mem:          3.8G       3.7G       123M       5.7M        28M       3.2G

MemTotal:        4016004 kB
MemFree:          127456 kB
Active:           349212 kB
Mem:          3.8G       3.7G       124M       5.7M        28M       3.2G

MemTotal:        4016004 kB
MemFree:          126836 kB
Active:           349248 kB
Mem:          3.8G       3.7G       123M       5.7M        28M       3.2G

MemTotal:        4016004 kB
MemFree:          126960 kB
Active:           349224 kB
Mem:          3.8G       3.7G       124M       5.7M        28M       3.2G

MemTotal:        4016004 kB
MemFree:          126836 kB
Active:           349248 kB
Mem:          3.8G       3.7G       124M       5.7M        28M       3.2G

MemTotal:        4016004 kB
MemFree:          126836 kB
Active:           349248 kB
Mem:          3.8G       3.7G       124M       5.7M        28M       3.2G

MemTotal:        4016004 kB
MemFree:          127208 kB
Active:           349244 kB
Mem:          3.8G       3.7G       124M       5.7M        28M       3.2G

MemTotal:        4016004 kB
MemFree:          126836 kB
Active:           349256 kB
Mem:          3.8G       3.7G       123M       5.7M        28M       3.2G

MemTotal:        4016004 kB
MemFree:          127332 kB
Active:           349228 kB
Mem:          3.8G       3.7G       124M       5.7M        28M       3.2G

MemTotal:        4016004 kB
MemFree:          127580 kB
Active:           349240 kB
Mem:          3.8G       3.7G       124M       5.7M        28M       3.2G

MemTotal:        4016004 kB
MemFree:          127704 kB
Active:           349244 kB
Mem:          3.8G       3.7G       124M       5.7M        28M       3.2G

MemTotal:        4016004 kB
MemFree:          127092 kB
Active:           349272 kB
Mem:          3.8G       3.7G       124M       5.7M        28M       3.2G

MemTotal:        4016004 kB
MemFree:          127216 kB
Active:           349252 kB
Mem:          3.8G       3.7G       124M       5.7M        28M       3.2G

MemTotal:        4016004 kB
MemFree:          127340 kB
Active:           349252 kB
Mem:          3.8G       3.7G       124M       5.7M        28M       3.2G

MemTotal:        4016004 kB
MemFree:          126844 kB
Active:           349272 kB
Mem:          3.8G       3.7G       123M       5.7M        28M       3.2G

MemTotal:        4016004 kB
MemFree:          127232 kB
Active:           349248 kB
Mem:          3.8G       3.7G       123M       5.7M        28M       3.2G

MemTotal:        4016004 kB
MemFree:          127108 kB
Active:           349244 kB
Mem:          3.8G       3.7G       124M       5.7M        28M       3.2G

MemTotal:        4016004 kB
MemFree:          127480 kB
Active:           349244 kB
Mem:          3.8G       3.7G       124M       5.7M        28M       3.2G

MemTotal:        4016004 kB
MemFree:          126860 kB
Active:           349280 kB
Mem:          3.8G       3.7G       124M       5.7M        28M       3.2G

MemTotal:        4016004 kB
MemFree:          127356 kB
Active:           349260 kB
Mem:          3.8G       3.7G       124M       5.7M        28M       3.2G

MemTotal:        4016004 kB
MemFree:          127356 kB
Active:           349264 kB
Mem:          3.8G       3.7G       124M       5.7M        28M       3.2G

MemTotal:        4016004 kB
MemFree:          127364 kB
Active:           349260 kB
Mem:          3.8G       3.7G       124M       5.7M        28M       3.2G

MemTotal:        4016004 kB
MemFree:          127116 kB
Active:           349292 kB
Mem:          3.8G       3.7G       124M       5.7M        28M       3.2G

MemTotal:        4016004 kB
MemFree:          127488 kB
Active:           349240 kB
Mem:          3.8G       3.7G       124M       5.7M        28M       3.2G

MemTotal:        4016004 kB
MemFree:          127860 kB
Active:           349256 kB
Mem:          3.8G       3.7G       124M       5.7M        28M       3.2G

MemTotal:        4016004 kB
MemFree:          127240 kB
Active:           349308 kB
Mem:          3.8G       3.7G       123M       5.7M        28M       3.2G

MemTotal:        4016004 kB
MemFree:          126868 kB
Active:           349308 kB
Mem:          3.8G       3.7G       123M       5.7M        28M       3.2G

MemTotal:        4016004 kB
MemFree:          127116 kB
Active:           349280 kB
Mem:          3.8G       3.7G       124M       5.7M        28M       3.2G

MemTotal:        4016004 kB
MemFree:          127612 kB
Active:           349280 kB
Mem:          3.8G       3.7G       124M       5.7M        28M       3.2G

MemTotal:        4016004 kB
MemFree:          127736 kB
Active:           349280 kB
Mem:          3.8G       3.7G       124M       5.7M        28M       3.2G

MemTotal:        4016004 kB
MemFree:          127860 kB
Active:           349296 kB
Mem:          3.8G       3.7G       124M       5.7M        28M       3.2G

MemTotal:        4016004 kB
MemFree:          127364 kB
Active:           349308 kB
Mem:          3.8G       3.7G       124M       5.7M        28M       3.2G

MemTotal:        4016004 kB
MemFree:          127488 kB
Active:           349308 kB
Mem:          3.8G       3.7G       124M       5.7M        28M       3.2G

MemTotal:        4016004 kB
MemFree:          127488 kB
Active:           349288 kB
Mem:          3.8G       3.7G       124M       5.7M        28M       3.2G

MemTotal:        4016004 kB
MemFree:          127736 kB
Active:           349288 kB
Mem:          3.8G       3.7G       124M       5.7M        28M       3.2G

MemTotal:        4016004 kB
MemFree:          127736 kB
Active:           349300 kB
Mem:          3.8G       3.7G       124M       5.7M        28M       3.2G

MemTotal:        4016004 kB
MemFree:          127256 kB
Active:           349308 kB
Mem:          3.8G       3.7G       124M       5.7M        28M       3.2G

MemTotal:        4016004 kB
MemFree:          127380 kB
Active:           349268 kB
Mem:          3.8G       3.7G       124M       5.7M        28M       3.2G

MemTotal:        4016004 kB
MemFree:          127504 kB
Active:           349300 kB
Mem:          3.8G       3.7G       124M       5.7M        28M       3.2G

MemTotal:        4016004 kB
MemFree:          127008 kB
Active:           349320 kB
Mem:          3.8G       3.7G       124M       5.7M        28M       3.2G

MemTotal:        4016004 kB
MemFree:          127380 kB
Active:           349308 kB
Mem:          3.8G       3.7G       124M       5.7M        28M       3.2G

MemTotal:        4016004 kB
MemFree:          127628 kB
Active:           349316 kB
Mem:          3.8G       3.7G       124M       5.7M        28M       3.2G

MemTotal:        4016004 kB
MemFree:          127008 kB
Active:           349324 kB
Mem:          3.8G       3.7G       124M       5.7M        28M       3.2G

MemTotal:        4016004 kB
MemFree:          127132 kB
Active:           349332 kB
Mem:          3.8G       3.7G       124M       5.7M        28M       3.2G

MemTotal:        4016004 kB
MemFree:          127504 kB
Active:           349328 kB
Mem:          3.8G       3.7G       124M       5.7M        28M       3.2G

MemTotal:        4016004 kB
MemFree:          127504 kB
Active:           349280 kB
Mem:          3.8G       3.7G       124M       5.7M        28M       3.2G

MemTotal:        4016004 kB
MemFree:          127380 kB
Active:           349332 kB
Mem:          3.8G       3.7G       124M       5.7M        28M       3.2G

MemTotal:        4016004 kB
MemFree:          127628 kB
Active:           349296 kB
Mem:          3.8G       3.7G       124M       5.7M        28M       3.2G

MemTotal:        4016004 kB
MemFree:          127628 kB
Active:           349304 kB
Mem:          3.8G       3.7G       124M       5.7M        28M       3.2G

MemTotal:        4016004 kB
MemFree:          127256 kB
Active:           349340 kB
Mem:          3.8G       3.7G       124M       5.7M        28M       3.2G

MemTotal:        4016004 kB
MemFree:          127752 kB
Active:           349324 kB
Mem:          3.8G       3.7G       124M       5.7M        28M       3.2G

MemTotal:        4016004 kB
MemFree:          127628 kB
Active:           349328 kB
Mem:          3.8G       3.7G       124M       5.7M        28M       3.2G

MemTotal:        4016004 kB
MemFree:          127380 kB
Active:           349344 kB
Mem:          3.8G       3.7G       124M       5.7M        28M       3.2G

MemTotal:        4016004 kB
MemFree:          127380 kB
Active:           349304 kB
Mem:          3.8G       3.7G       124M       5.7M        28M       3.2G

MemTotal:        4016004 kB
MemFree:          127876 kB
Active:           349304 kB
Mem:          3.8G       3.7G       124M       5.7M        28M       3.2G

MemTotal:        4016004 kB
MemFree:          127504 kB
Active:           349348 kB
Mem:          3.8G       3.7G       124M       5.7M        28M       3.2G

MemTotal:        4016004 kB
MemFree:          127752 kB
Active:           349324 kB
Mem:          3.8G       3.7G       124M       5.7M        28M       3.2G

MemTotal:        4016004 kB
MemFree:          127752 kB
Active:           349332 kB
Mem:          3.8G       3.7G       124M       5.7M        28M       3.2G

MemTotal:        4016004 kB
MemFree:          127504 kB
Active:           349356 kB
Mem:          3.8G       3.7G       124M       5.7M        28M       3.2G

MemTotal:        4016004 kB
MemFree:          127752 kB
Active:           349352 kB
Mem:          3.8G       3.7G       124M       5.7M        28M       3.2G

MemTotal:        4016004 kB
MemFree:          127628 kB
Active:           349356 kB
Mem:          3.8G       3.7G       124M       5.7M        28M       3.2G

MemTotal:        4016004 kB
MemFree:          127504 kB
Active:           349316 kB
Mem:          3.8G       3.7G       124M       5.7M        28M       3.2G

MemTotal:        4016004 kB
MemFree:          127008 kB
Active:           349356 kB
Mem:          3.8G       3.7G       124M       5.7M        28M       3.2G

MemTotal:        4016004 kB
MemFree:          127628 kB
Active:           349332 kB
Mem:          3.8G       3.7G       124M       5.7M        28M       3.2G

MemTotal:        4016004 kB
MemFree:          127628 kB
Active:           349304 kB
Mem:          3.8G       3.7G       124M       5.7M        28M       3.2G

MemTotal:        4016004 kB
MemFree:          127628 kB
Active:           349300 kB
Mem:          3.8G       3.7G       124M       5.7M        28M       3.2G

MemTotal:        4016004 kB
MemFree:          127504 kB
Active:           349348 kB
Mem:          3.8G       3.7G       124M       5.7M        28M       3.2G

MemTotal:        4016004 kB
MemFree:          127628 kB
Active:           349344 kB
Mem:          3.8G       3.7G       124M       5.7M        28M       3.2G

MemTotal:        4016004 kB
MemFree:          127628 kB
Active:           349332 kB
Mem:          3.8G       3.7G       124M       5.7M        28M       3.2G

MemTotal:        4016004 kB
MemFree:          127876 kB
Active:           349320 kB
Mem:          3.8G       3.7G       124M       5.7M        28M       3.2G

MemTotal:        4016004 kB
MemFree:          127876 kB
Active:           349316 kB
Mem:          3.8G       3.7G       124M       5.7M        28M       3.2G

MemTotal:        4016004 kB
MemFree:          127768 kB
Active:           349360 kB
Mem:          3.8G       3.7G       124M       5.7M        28M       3.2G

MemTotal:        4016004 kB
MemFree:          127892 kB
Active:           349344 kB
Mem:          3.8G       3.7G       124M       5.7M        28M       3.2G

MemTotal:        4016004 kB
MemFree:          127520 kB
Active:           349376 kB
Mem:          3.8G       3.7G       124M       5.7M        28M       3.2G

MemTotal:        4016004 kB
MemFree:          127768 kB
Active:           349320 kB
Mem:          3.8G       3.7G       124M       5.7M        28M       3.2G

MemTotal:        4016004 kB
MemFree:          127768 kB
Active:           349364 kB
Mem:          3.8G       3.7G       124M       5.7M        28M       3.2G

MemTotal:        4016004 kB
MemFree:          127892 kB
Active:           349352 kB
Mem:          3.8G       3.7G       124M       5.7M        28M       3.2G

MemTotal:        4016004 kB
MemFree:          127396 kB
Active:           349384 kB
Mem:          3.8G       3.7G       124M       5.7M        28M       3.2G

MemTotal:        4016004 kB
MemFree:          127148 kB
Active:           349336 kB
Mem:          3.8G       3.7G       124M       5.7M        28M       3.2G

MemTotal:        4016004 kB
MemFree:          126900 kB
Active:           349396 kB
Mem:          3.8G       3.7G       124M       5.7M        28M       3.2G

MemTotal:        4016004 kB
MemFree:          126792 kB
Active:           349396 kB
Mem:          3.8G       3.7G       123M       5.7M        28M       3.2G

MemTotal:        4016004 kB
MemFree:          127164 kB
Active:           349372 kB
Mem:          3.8G       3.7G       124M       5.7M        28M       3.2G

MemTotal:        4016004 kB
MemFree:          127040 kB
Active:           349364 kB
Mem:          3.8G       3.7G       123M       5.7M        28M       3.2G

MemTotal:        4016004 kB
MemFree:          126916 kB
Active:           349368 kB
Mem:          3.8G       3.7G       123M       5.7M        28M       3.2G

MemTotal:        4016004 kB
MemFree:          126544 kB
Active:           349400 kB
Mem:          3.8G       3.7G       123M       5.7M        28M       3.2G

MemTotal:        4016004 kB
MemFree:          127040 kB
Active:           349396 kB
Mem:          3.8G       3.7G       123M       5.7M        28M       3.2G

MemTotal:        4016004 kB
MemFree:          126916 kB
Active:           349408 kB
Mem:          3.8G       3.7G       123M       5.7M        28M       3.2G

MemTotal:        4016004 kB
MemFree:          127288 kB
Active:           349400 kB
Mem:          3.8G       3.7G       124M       5.7M        28M       3.2G

MemTotal:        4016004 kB
MemFree:          127396 kB
Active:           349388 kB
Mem:          3.8G       3.7G       124M       5.7M        28M       3.2G

MemTotal:        4016004 kB
MemFree:          127768 kB
Active:           349364 kB
Mem:          3.8G       3.7G       124M       5.7M        28M       3.2G

MemTotal:        4016004 kB
MemFree:          127520 kB
Active:           349356 kB
Mem:          3.8G       3.7G       124M       5.7M        28M       3.2G

MemTotal:        4016004 kB
MemFree:          127396 kB
Active:           349352 kB
Mem:          3.8G       3.7G       124M       5.7M        28M       3.2G

MemTotal:        4016004 kB
MemFree:          127644 kB
Active:           349352 kB
Mem:          3.8G       3.7G       124M       5.7M        28M       3.2G

MemTotal:        4016004 kB
MemFree:          127644 kB
Active:           349364 kB
Mem:          3.8G       3.7G       124M       5.7M        28M       3.2G

MemTotal:        4016004 kB
MemFree:          127272 kB
Active:           349416 kB
Mem:          3.8G       3.7G       124M       5.7M        28M       3.2G

MemTotal:        4016004 kB
MemFree:          127148 kB
Active:           349408 kB
Mem:          3.8G       3.7G       124M       5.7M        28M       3.2G

MemTotal:        4016004 kB
MemFree:          126652 kB
Active:           349416 kB
Mem:          3.8G       3.7G       123M       5.7M        28M       3.2G

MemTotal:        4016004 kB
MemFree:          126652 kB
Active:           349424 kB
Mem:          3.8G       3.7G       123M       5.7M        28M       3.2G

MemTotal:        4016004 kB
MemFree:          126404 kB
Active:           349424 kB
Mem:          3.8G       3.7G       123M       5.7M        28M       3.2G

MemTotal:        4016004 kB
MemFree:          124356 kB
Active:           349424 kB
Mem:          3.8G       3.7G       121M       5.7M        28M       3.2G

MemTotal:        4016004 kB
MemFree:          124480 kB
Active:           351448 kB
Mem:          3.8G       3.7G       121M       5.7M        28M       3.2G

MemTotal:        4016004 kB
MemFree:          124480 kB
Active:           351448 kB
Mem:          3.8G       3.7G       121M       5.7M        28M       3.2G

MemTotal:        4016004 kB
MemFree:          124480 kB
Active:           351448 kB
Mem:          3.8G       3.7G       121M       5.7M        28M       3.2G

MemTotal:        4016004 kB
MemFree:          124728 kB
Active:           351432 kB
Mem:          3.8G       3.7G       121M       5.7M        28M       3.2G

MemTotal:        4016004 kB
MemFree:          124356 kB
Active:           351448 kB
Mem:          3.8G       3.7G       121M       5.7M        28M       3.2G

MemTotal:        4016004 kB
MemFree:          124976 kB
Active:           351440 kB
Mem:          3.8G       3.7G       122M       5.7M        28M       3.2G

MemTotal:        4016004 kB
MemFree:          124976 kB
Active:           351432 kB
Mem:          3.8G       3.7G       122M       5.7M        28M       3.2G

MemTotal:        4016004 kB
MemFree:          125100 kB
Active:           351424 kB
Mem:          3.8G       3.7G       122M       5.7M        28M       3.2G

MemTotal:        4016004 kB
MemFree:          124604 kB
Active:           351460 kB
Mem:          3.8G       3.7G       121M       5.7M        28M       3.2G

MemTotal:        4016004 kB
MemFree:          124976 kB
Active:           351444 kB
Mem:          3.8G       3.7G       122M       5.7M        28M       3.2G

MemTotal:        4016004 kB
MemFree:          125100 kB
Active:           351404 kB
Mem:          3.8G       3.7G       122M       5.7M        28M       3.2G

MemTotal:        4016004 kB
MemFree:          125224 kB
Active:           351408 kB
Mem:          3.8G       3.7G       122M       5.7M        28M       3.2G

MemTotal:        4016004 kB
MemFree:          125472 kB
Active:           351424 kB
Mem:          3.8G       3.7G       122M       5.7M        28M       3.2G

MemTotal:        4016004 kB
MemFree:          124836 kB
Active:           351468 kB
Mem:          3.8G       3.7G       122M       5.7M        28M       3.2G

MemTotal:        4016004 kB
MemFree:          124976 kB
Active:           351428 kB
Mem:          3.8G       3.7G       122M       5.7M        28M       3.2G

MemTotal:        4016004 kB
MemFree:          125100 kB
Active:           351428 kB
Mem:          3.8G       3.7G       122M       5.7M        28M       3.2G

MemTotal:        4016004 kB
MemFree:          124976 kB
Active:           351448 kB
Mem:          3.8G       3.7G       122M       5.7M        28M       3.2G

MemTotal:        4016004 kB
MemFree:          124588 kB
Active:           351468 kB
Mem:          3.8G       3.7G       121M       5.7M        28M       3.2G

MemTotal:        4016004 kB
MemFree:          124852 kB
Active:           351448 kB
Mem:          3.8G       3.7G       121M       5.7M        28M       3.2G

MemTotal:        4016004 kB
MemFree:          124852 kB
Active:           351460 kB
Mem:          3.8G       3.7G       121M       5.7M        28M       3.2G

MemTotal:        4016004 kB
MemFree:          124588 kB
Active:           351484 kB
Mem:          3.8G       3.7G       121M       5.7M        28M       3.2G

MemTotal:        4016004 kB
MemFree:          124960 kB
Active:           351428 kB
Mem:          3.8G       3.7G       122M       5.7M        28M       3.2G

MemTotal:        4016004 kB
MemFree:          124340 kB
Active:           351484 kB
Mem:          3.8G       3.7G       121M       5.7M        28M       3.2G

MemTotal:        4016004 kB
MemFree:          124464 kB
Active:           351468 kB
Mem:          3.8G       3.7G       121M       5.7M        28M       3.2G

MemTotal:        4016004 kB
MemFree:          124092 kB
Active:           351568 kB
Mem:          3.8G       3.7G       121M       5.7M        28M       3.2G

MemTotal:        4016004 kB
MemFree:          124604 kB
Active:           351480 kB
Mem:          3.8G       3.7G       121M       5.7M        28M       3.2G

MemTotal:        4016004 kB
MemFree:          124588 kB
Active:           351492 kB
Mem:          3.8G       3.7G       121M       5.7M        28M       3.2G

MemTotal:        4016004 kB
MemFree:          124108 kB
Active:           351648 kB
Mem:          3.8G       3.7G       121M       5.7M        28M       3.2G

MemTotal:        4016004 kB
MemFree:          124184 kB
Active:           351540 kB
Mem:          3.8G       3.7G       121M       5.7M        28M       3.2G

MemTotal:        4016004 kB
MemFree:          124464 kB
Active:           351460 kB
Mem:          3.8G       3.7G       121M       5.7M        28M       3.2G

MemTotal:        4016004 kB
MemFree:          124572 kB
Active:           351456 kB
Mem:          3.8G       3.7G       121M       5.7M        28M       3.2G

MemTotal:        4016004 kB
MemFree:          124216 kB
Active:           351652 kB
Mem:          3.8G       3.7G       121M       5.7M        28M       3.2G

MemTotal:        4016004 kB
MemFree:          124572 kB
Active:           351508 kB
Mem:          3.8G       3.7G       121M       5.7M        28M       3.2G

MemTotal:        4016004 kB
MemFree:          124572 kB
Active:           351632 kB
Mem:          3.8G       3.7G       121M       5.7M        28M       3.2G

MemTotal:        4016004 kB
MemFree:          124448 kB
Active:           351576 kB
Mem:          3.8G       3.7G       121M       5.7M        28M       3.2G

MemTotal:        4016004 kB
MemFree:          124324 kB
Active:           351516 kB
Mem:          3.8G       3.7G       121M       5.7M        28M       3.2G

MemTotal:        4016004 kB
MemFree:          124604 kB
Active:           351620 kB
Mem:          3.8G       3.7G       121M       5.7M        28M       3.2G

MemTotal:        4016004 kB
MemFree:          125052 kB
Active:           351636 kB
Mem:          3.8G       3.7G       122M       5.7M        28M       3.2G

MemTotal:        4016004 kB
MemFree:          124696 kB
Active:           351568 kB
Mem:          3.8G       3.7G       121M       5.7M        28M       3.2G

MemTotal:        4016004 kB
MemFree:          125068 kB
Active:           351504 kB
Mem:          3.8G       3.7G       122M       5.7M        28M       3.2G

MemTotal:        4016004 kB
MemFree:          125048 kB
Active:           351580 kB
Mem:          3.8G       3.7G       122M       5.7M        28M       3.2G

MemTotal:        4016004 kB
MemFree:          125024 kB
Active:           351580 kB
Mem:          3.8G       3.7G       122M       5.7M        28M       3.2G

MemTotal:        4016004 kB
MemFree:          124824 kB
Active:           351676 kB
Mem:          3.8G       3.7G       122M       5.7M        28M       3.2G

MemTotal:        4016004 kB
MemFree:          124928 kB
Active:           351516 kB
Mem:          3.8G       3.7G       122M       5.7M        28M       3.2G

MemTotal:        4016004 kB
MemFree:          124572 kB
Active:           351644 kB
Mem:          3.8G       3.7G       121M       5.7M        28M       3.2G

MemTotal:        4016004 kB
MemFree:          124928 kB
Active:           351496 kB
Mem:          3.8G       3.7G       122M       5.7M        28M       3.2G

MemTotal:        4016004 kB
MemFree:          125052 kB
Active:           351500 kB
Mem:          3.8G       3.7G       122M       5.7M        28M       3.2G

MemTotal:        4016004 kB
MemFree:          124928 kB
Active:           351400 kB
Mem:          3.8G       3.7G       122M       5.7M        28M       3.2G

MemTotal:        4016004 kB
MemFree:          124820 kB
Active:           351620 kB
Mem:          3.8G       3.7G       122M       5.7M        28M       3.2G

MemTotal:        4016004 kB
MemFree:          124448 kB
Active:           351676 kB
Mem:          3.8G       3.7G       121M       5.7M        28M       3.2G

MemTotal:        4016004 kB
MemFree:          124680 kB
Active:           351468 kB
Mem:          3.8G       3.7G       121M       5.7M        28M       3.2G

MemTotal:        4016004 kB
MemFree:          124200 kB
Active:           351672 kB
Mem:          3.8G       3.7G       121M       5.7M        28M       3.2G

MemTotal:        4016004 kB
MemFree:          124680 kB
Active:           351460 kB
Mem:          3.8G       3.7G       121M       5.7M        28M       3.2G

MemTotal:        4016004 kB
MemFree:          124464 kB
Active:           351568 kB
Mem:          3.8G       3.7G       121M       5.7M        28M       3.2G

MemTotal:        4016004 kB
MemFree:          124712 kB
Active:           351580 kB
Mem:          3.8G       3.7G       121M       5.7M        28M       3.2G

MemTotal:        4016004 kB
MemFree:          124712 kB
Active:           351580 kB
Mem:          3.8G       3.7G       121M       5.7M        28M       3.2G

MemTotal:        4016004 kB
MemFree:          124448 kB
Active:           351636 kB
Mem:          3.8G       3.7G       121M       5.7M        28M       3.2G

