MemTotal:        4016004 kB
MemFree:         3255112 kB
Active:           404996 kB
Mem:          3.8G       743M       3.1G       5.7M        54M       315M

MemTotal:        4016004 kB
MemFree:         3253172 kB
Active:           406100 kB
Mem:          3.8G       744M       3.1G       5.7M        54M       315M

MemTotal:        4016004 kB
MemFree:         3253140 kB
Active:           406188 kB
Mem:          3.8G       744M       3.1G       5.7M        54M       315M

MemTotal:        4016004 kB
MemFree:         3253000 kB
Active:           406220 kB
Mem:          3.8G       745M       3.1G       5.7M        54M       315M

MemTotal:        4016004 kB
MemFree:         3253108 kB
Active:           406220 kB
Mem:          3.8G       745M       3.1G       5.7M        54M       315M

MemTotal:        4016004 kB
MemFree:         3253464 kB
Active:           406180 kB
Mem:          3.8G       744M       3.1G       5.7M        54M       315M

MemTotal:        4016004 kB
MemFree:         3253324 kB
Active:           406176 kB
Mem:          3.8G       744M       3.1G       5.7M        54M       315M

MemTotal:        4016004 kB
MemFree:         3253060 kB
Active:           406228 kB
Mem:          3.8G       745M       3.1G       5.7M        54M       315M

MemTotal:        4016004 kB
MemFree:         3253308 kB
Active:           406192 kB
Mem:          3.8G       745M       3.1G       5.7M        54M       315M

MemTotal:        4016004 kB
MemFree:         3252796 kB
Active:           406228 kB
Mem:          3.8G       745M       3.1G       5.7M        54M       315M

MemTotal:        4016004 kB
MemFree:         3252796 kB
Active:           406192 kB
Mem:          3.8G       744M       3.1G       5.7M        54M       315M

MemTotal:        4016004 kB
MemFree:         3253028 kB
Active:           406176 kB
Mem:          3.8G       745M       3.1G       5.7M        54M       315M

MemTotal:        4016004 kB
MemFree:         3252888 kB
Active:           406232 kB
Mem:          3.8G       745M       3.1G       5.7M        54M       315M

MemTotal:        4016004 kB
MemFree:         3253120 kB
Active:           406212 kB
Mem:          3.8G       745M       3.1G       5.7M        54M       315M

MemTotal:        4016004 kB
MemFree:         3252672 kB
Active:           406240 kB
Mem:          3.8G       745M       3.1G       5.7M        54M       315M

MemTotal:        4016004 kB
MemFree:         3253168 kB
Active:           406200 kB
Mem:          3.8G       745M       3.1G       5.7M        54M       315M

MemTotal:        4016004 kB
MemFree:         3254440 kB
Active:           404216 kB
Mem:          3.8G       743M       3.1G       5.7M        54M       315M

MemTotal:        4016004 kB
MemFree:         3254564 kB
Active:           404180 kB
Mem:          3.8G       743M       3.1G       5.7M        54M       315M

MemTotal:        4016004 kB
MemFree:         3254316 kB
Active:           404216 kB
Mem:          3.8G       743M       3.1G       5.7M        54M       315M

MemTotal:        4016004 kB
MemFree:         3254936 kB
Active:           404200 kB
Mem:          3.8G       743M       3.1G       5.7M        54M       315M

MemTotal:        4016004 kB
MemFree:         3254936 kB
Active:           404188 kB
Mem:          3.8G       743M       3.1G       5.7M        54M       315M

MemTotal:        4016004 kB
MemFree:         3254936 kB
Active:           404180 kB
Mem:          3.8G       743M       3.1G       5.7M        54M       315M

MemTotal:        4016004 kB
MemFree:         3254936 kB
Active:           404196 kB
Mem:          3.8G       743M       3.1G       5.7M        54M       315M

MemTotal:        4016004 kB
MemFree:         3254796 kB
Active:           404176 kB
Mem:          3.8G       743M       3.1G       5.7M        54M       315M

MemTotal:        4016004 kB
MemFree:         3254532 kB
Active:           404224 kB
Mem:          3.8G       743M       3.1G       5.7M        54M       315M

MemTotal:        4016004 kB
MemFree:         3254860 kB
Active:           404200 kB
Mem:          3.8G       743M       3.1G       5.7M        54M       315M

MemTotal:        4016004 kB
MemFree:         3254984 kB
Active:           404176 kB
Mem:          3.8G       743M       3.1G       5.7M        54M       315M

MemTotal:        4016004 kB
MemFree:         3254860 kB
Active:           404200 kB
Mem:          3.8G       743M       3.1G       5.7M        54M       315M

MemTotal:        4016004 kB
MemFree:         3254860 kB
Active:           404240 kB
Mem:          3.8G       743M       3.1G       5.7M        54M       315M

MemTotal:        4016004 kB
MemFree:         3254860 kB
Active:           404196 kB
Mem:          3.8G       743M       3.1G       5.7M        54M       315M

MemTotal:        4016004 kB
MemFree:         3254844 kB
Active:           404192 kB
Mem:          3.8G       743M       3.1G       5.7M        54M       315M

MemTotal:        4016004 kB
MemFree:         3254952 kB
Active:           404196 kB
Mem:          3.8G       743M       3.1G       5.7M        54M       315M

MemTotal:        4016004 kB
MemFree:         3254952 kB
Active:           404224 kB
Mem:          3.8G       743M       3.1G       5.7M        54M       315M

MemTotal:        4016004 kB
MemFree:         3255060 kB
Active:           404212 kB
Mem:          3.8G       743M       3.1G       5.7M        54M       315M

MemTotal:        4016004 kB
MemFree:         3254920 kB
Active:           404244 kB
Mem:          3.8G       743M       3.1G       5.7M        54M       315M

MemTotal:        4016004 kB
MemFree:         3254780 kB
Active:           404204 kB
Mem:          3.8G       743M       3.1G       5.7M        54M       315M

MemTotal:        4016004 kB
MemFree:         3254860 kB
Active:           404208 kB
Mem:          3.8G       743M       3.1G       5.7M        54M       315M

MemTotal:        4016004 kB
MemFree:         3254984 kB
Active:           404220 kB
Mem:          3.8G       743M       3.1G       5.7M        54M       315M

MemTotal:        4016004 kB
MemFree:         3255108 kB
Active:           404252 kB
Mem:          3.8G       743M       3.1G       5.7M        54M       315M

MemTotal:        4016004 kB
MemFree:         3254860 kB
Active:           404236 kB
Mem:          3.8G       743M       3.1G       5.7M        54M       315M

MemTotal:        4016004 kB
MemFree:         3254860 kB
Active:           404216 kB
Mem:          3.8G       743M       3.1G       5.7M        54M       315M

MemTotal:        4016004 kB
MemFree:         3254844 kB
Active:           404236 kB
Mem:          3.8G       743M       3.1G       5.7M        54M       315M

MemTotal:        4016004 kB
MemFree:         3254828 kB
Active:           404216 kB
Mem:          3.8G       743M       3.1G       5.7M        54M       315M

MemTotal:        4016004 kB
MemFree:         3254440 kB
Active:           404268 kB
Mem:          3.8G       743M       3.1G       5.7M        54M       315M

MemTotal:        4016004 kB
MemFree:         3254672 kB
Active:           404224 kB
Mem:          3.8G       743M       3.1G       5.7M        54M       315M

MemTotal:        4016004 kB
MemFree:         3254736 kB
Active:           404244 kB
Mem:          3.8G       743M       3.1G       5.7M        54M       315M

MemTotal:        4016004 kB
MemFree:         3254176 kB
Active:           402228 kB
Mem:          3.8G       743M       3.1G       5.7M        54M       315M

MemTotal:        4016004 kB
MemFree:         3254796 kB
Active:           404232 kB
Mem:          3.8G       743M       3.1G       5.7M        54M       315M

MemTotal:        4016004 kB
MemFree:         3254920 kB
Active:           404244 kB
Mem:          3.8G       743M       3.1G       5.7M        54M       315M

MemTotal:        4016004 kB
MemFree:         3254672 kB
Active:           404272 kB
Mem:          3.8G       743M       3.1G       5.7M        54M       315M

MemTotal:        4016004 kB
MemFree:         3254904 kB
Active:           404280 kB
Mem:          3.8G       743M       3.1G       5.7M        54M       315M

MemTotal:        4016004 kB
MemFree:         3254764 kB
Active:           404248 kB
Mem:          3.8G       743M       3.1G       5.7M        54M       315M

MemTotal:        4016004 kB
MemFree:         3254748 kB
Active:           404304 kB
Mem:          3.8G       743M       3.1G       5.7M        54M       315M

MemTotal:        4016004 kB
MemFree:         3254732 kB
Active:           404260 kB
Mem:          3.8G       743M       3.1G       5.7M        54M       315M

MemTotal:        4016004 kB
MemFree:         3254716 kB
Active:           404292 kB
Mem:          3.8G       743M       3.1G       5.7M        54M       315M

MemTotal:        4016004 kB
MemFree:         3254576 kB
Active:           404276 kB
Mem:          3.8G       743M       3.1G       5.7M        54M       315M

MemTotal:        4016004 kB
MemFree:         3254808 kB
Active:           404268 kB
Mem:          3.8G       743M       3.1G       5.7M        54M       315M

MemTotal:        4016004 kB
MemFree:         3254996 kB
Active:           404256 kB
Mem:          3.8G       743M       3.1G       5.7M        54M       315M

MemTotal:        4016004 kB
MemFree:         3254996 kB
Active:           404284 kB
Mem:          3.8G       743M       3.1G       5.7M        54M       315M

MemTotal:        4016004 kB
MemFree:         3254376 kB
Active:           404320 kB
Mem:          3.8G       743M       3.1G       5.7M        54M       315M

MemTotal:        4016004 kB
MemFree:         3254996 kB
Active:           404292 kB
Mem:          3.8G       743M       3.1G       5.7M        54M       315M

MemTotal:        4016004 kB
MemFree:         3138504 kB
Active:           404640 kB
Mem:          3.8G       856M       3.0G       5.7M        54M       427M

MemTotal:        4016004 kB
MemFree:         3026648 kB
Active:           404640 kB
Mem:          3.8G       966M       2.9G       5.7M        54M       535M

MemTotal:        4016004 kB
MemFree:         2912560 kB
Active:           404604 kB
Mem:          3.8G       1.1G       2.8G       5.7M        54M       645M

MemTotal:        4016004 kB
MemFree:         2896216 kB
Active:           404648 kB
Mem:          3.8G       1.1G       2.8G       5.7M        54M       660M

MemTotal:        4016004 kB
MemFree:         2847856 kB
Active:           404624 kB
Mem:          3.8G       1.1G       2.7G       5.7M        54M       707M

MemTotal:        4016004 kB
MemFree:         2798000 kB
Active:           404648 kB
Mem:          3.8G       1.2G       2.7G       5.7M        54M       755M

MemTotal:        4016004 kB
MemFree:         2764276 kB
Active:           404604 kB
Mem:          3.8G       1.2G       2.6G       5.7M        54M       788M

MemTotal:        4016004 kB
MemFree:         2698348 kB
Active:           404672 kB
Mem:          3.8G       1.3G       2.6G       5.7M        54M       850M

MemTotal:        4016004 kB
MemFree:         2697176 kB
Active:           404688 kB
Mem:          3.8G       1.3G       2.6G       5.7M        54M       851M

MemTotal:        4016004 kB
MemFree:         2696060 kB
Active:           404704 kB
Mem:          3.8G       1.3G       2.6G       5.7M        54M       853M

MemTotal:        4016004 kB
MemFree:         2695132 kB
Active:           404672 kB
Mem:          3.8G       1.3G       2.6G       5.7M        54M       854M

MemTotal:        4016004 kB
MemFree:         2694052 kB
Active:           404648 kB
Mem:          3.8G       1.3G       2.6G       5.7M        54M       854M

MemTotal:        4016004 kB
MemFree:         2602396 kB
Active:           404680 kB
Mem:          3.8G       1.3G       2.5G       5.7M        54M       943M

MemTotal:        4016004 kB
MemFree:         2466280 kB
Active:           404704 kB
Mem:          3.8G       1.5G       2.4G       5.7M        54M       1.0G

MemTotal:        4016004 kB
MemFree:         2339760 kB
Active:           404668 kB
Mem:          3.8G       1.6G       2.2G       5.7M        54M       1.2G

MemTotal:        4016004 kB
MemFree:         2315096 kB
Active:           404712 kB
Mem:          3.8G       1.6G       2.2G       5.7M        54M       1.2G

MemTotal:        4016004 kB
MemFree:         2240488 kB
Active:           404712 kB
Mem:          3.8G       1.7G       2.1G       5.7M        54M       1.3G

MemTotal:        4016004 kB
MemFree:         2239932 kB
Active:           404728 kB
Mem:          3.8G       1.7G       2.1G       5.7M        54M       1.3G

MemTotal:        4016004 kB
MemFree:         2186656 kB
Active:           404728 kB
Mem:          3.8G       1.7G       2.1G       5.7M        55M       1.3G

MemTotal:        4016004 kB
MemFree:         2140228 kB
Active:           404732 kB
Mem:          3.8G       1.8G       2.0G       5.7M        55M       1.4G

MemTotal:        4016004 kB
MemFree:         2103136 kB
Active:           404736 kB
Mem:          3.8G       1.8G       2.0G       5.7M        55M       1.4G

MemTotal:        4016004 kB
MemFree:         2040244 kB
Active:           404744 kB
Mem:          3.8G       1.9G       1.9G       5.7M        55M       1.4G

MemTotal:        4016004 kB
MemFree:         2038296 kB
Active:           404760 kB
Mem:          3.8G       1.9G       1.9G       5.7M        55M       1.4G

MemTotal:        4016004 kB
MemFree:         2038012 kB
Active:           404768 kB
Mem:          3.8G       1.9G       1.9G       5.7M        55M       1.4G

MemTotal:        4016004 kB
MemFree:         2038668 kB
Active:           404728 kB
Mem:          3.8G       1.9G       1.9G       5.7M        55M       1.4G

MemTotal:        4016004 kB
MemFree:         2030752 kB
Active:           404768 kB
Mem:          3.8G       1.9G       1.9G       5.7M        55M       1.5G

MemTotal:        4016004 kB
MemFree:         1894296 kB
Active:           404772 kB
Mem:          3.8G       2.0G       1.8G       5.7M        55M       1.6G

MemTotal:        4016004 kB
MemFree:         1766008 kB
Active:           404772 kB
Mem:          3.8G       2.1G       1.7G       5.7M        55M       1.7G

MemTotal:        4016004 kB
MemFree:         1685604 kB
Active:           404780 kB
Mem:          3.8G       2.2G       1.6G       5.7M        55M       1.8G

MemTotal:        4016004 kB
MemFree:         1603156 kB
Active:           404792 kB
Mem:          3.8G       2.3G       1.5G       5.7M        55M       1.9G

MemTotal:        4016004 kB
MemFree:         1583652 kB
Active:           404792 kB
Mem:          3.8G       2.3G       1.5G       5.7M        55M       1.9G

MemTotal:        4016004 kB
MemFree:         1581844 kB
Active:           404792 kB
Mem:          3.8G       2.3G       1.5G       5.7M        55M       1.9G

MemTotal:        4016004 kB
MemFree:         1485428 kB
Active:           404792 kB
Mem:          3.8G       2.4G       1.4G       5.7M        55M       2.0G

MemTotal:        4016004 kB
MemFree:         1485216 kB
Active:           404800 kB
Mem:          3.8G       2.4G       1.4G       5.7M        55M       2.0G

MemTotal:        4016004 kB
MemFree:         1480024 kB
Active:           404816 kB
Mem:          3.8G       2.4G       1.4G       5.7M        55M       2.0G

MemTotal:        4016004 kB
MemFree:         1478552 kB
Active:           404816 kB
Mem:          3.8G       2.4G       1.4G       5.7M        55M       2.0G

MemTotal:        4016004 kB
MemFree:         1477720 kB
Active:           404816 kB
Mem:          3.8G       2.4G       1.4G       5.7M        55M       2.0G

MemTotal:        4016004 kB
MemFree:         1384792 kB
Active:           404816 kB
Mem:          3.8G       2.5G       1.3G       5.7M        55M       2.1G

MemTotal:        4016004 kB
MemFree:         1249544 kB
Active:           404816 kB
Mem:          3.8G       2.6G       1.2G       5.7M        55M       2.2G

MemTotal:        4016004 kB
MemFree:         1130124 kB
Active:           404800 kB
Mem:          3.8G       2.8G       1.1G       5.7M        55M       2.3G

MemTotal:        4016004 kB
MemFree:         1126892 kB
Active:           404840 kB
Mem:          3.8G       2.8G       1.1G       5.7M        55M       2.3G

MemTotal:        4016004 kB
MemFree:         1066732 kB
Active:           404840 kB
Mem:          3.8G       2.8G       1.0G       5.7M        55M       2.4G

MemTotal:        4016004 kB
MemFree:         1027500 kB
Active:           404856 kB
Mem:          3.8G       2.9G       1.0G       5.7M        55M       2.4G

MemTotal:        4016004 kB
MemFree:          988888 kB
Active:           404824 kB
Mem:          3.8G       2.9G       965M       5.7M        55M       2.4G

MemTotal:        4016004 kB
MemFree:          937640 kB
Active:           404852 kB
Mem:          3.8G       2.9G       915M       5.7M        55M       2.5G

MemTotal:        4016004 kB
MemFree:          934896 kB
Active:           402792 kB
Mem:          3.8G       2.9G       912M       5.7M        55M       2.5G

MemTotal:        4016004 kB
MemFree:          882212 kB
Active:           404852 kB
Mem:          3.8G       3.0G       861M       5.7M        55M       2.5G

MemTotal:        4016004 kB
MemFree:          768356 kB
Active:           404836 kB
Mem:          3.8G       3.1G       749M       5.7M        55M       2.6G

MemTotal:        4016004 kB
MemFree:          650284 kB
Active:           404904 kB
Mem:          3.8G       3.2G       634M       5.7M        55M       2.8G

MemTotal:        4016004 kB
MemFree:          646340 kB
Active:           404924 kB
Mem:          3.8G       3.2G       631M       5.7M        55M       2.8G

MemTotal:        4016004 kB
MemFree:          645396 kB
Active:           404924 kB
Mem:          3.8G       3.2G       629M       5.7M        55M       2.8G

MemTotal:        4016004 kB
MemFree:          599904 kB
Active:           404924 kB
Mem:          3.8G       3.3G       585M       5.7M        55M       2.8G

MemTotal:        4016004 kB
MemFree:          578588 kB
Active:           404924 kB
Mem:          3.8G       3.3G       565M       5.7M        55M       2.8G

MemTotal:        4016004 kB
MemFree:          504108 kB
Active:           404924 kB
Mem:          3.8G       3.3G       492M       5.7M        55M       2.9G

MemTotal:        4016004 kB
MemFree:          491204 kB
Active:           404944 kB
Mem:          3.8G       3.4G       479M       5.7M        55M       2.9G

MemTotal:        4016004 kB
MemFree:          489220 kB
Active:           404956 kB
Mem:          3.8G       3.4G       477M       5.7M        55M       2.9G

MemTotal:        4016004 kB
MemFree:          488136 kB
Active:           404964 kB
Mem:          3.8G       3.4G       476M       5.7M        55M       2.9G

MemTotal:        4016004 kB
MemFree:          487360 kB
Active:           404964 kB
Mem:          3.8G       3.4G       475M       5.7M        55M       2.9G

MemTotal:        4016004 kB
MemFree:          424120 kB
Active:           404964 kB
Mem:          3.8G       3.4G       413M       5.7M        55M       3.0G

MemTotal:        4016004 kB
MemFree:          302840 kB
Active:           404928 kB
Mem:          3.8G       3.5G       295M       5.7M        55M       3.1G

MemTotal:        4016004 kB
MemFree:          184272 kB
Active:           404972 kB
Mem:          3.8G       3.7G       178M       5.7M        55M       3.2G

MemTotal:        4016004 kB
MemFree:          137596 kB
Active:           404972 kB
Mem:          3.8G       3.7G       134M       5.7M        55M       3.2G

MemTotal:        4016004 kB
MemFree:          145996 kB
Active:           415612 kB
Mem:          3.8G       3.7G       131M       5.7M        19M       3.3G

MemTotal:        4016004 kB
MemFree:          131452 kB
Active:           468356 kB
Mem:          3.8G       3.7G       127M       5.7M        19M       3.3G

MemTotal:        4016004 kB
MemFree:          130604 kB
Active:           468364 kB
Mem:          3.8G       3.7G       127M       5.7M        19M       3.3G

MemTotal:        4016004 kB
MemFree:          126060 kB
Active:           457228 kB
Mem:          3.8G       3.7G       122M       5.7M        19M       3.3G

MemTotal:        4016004 kB
MemFree:          129936 kB
Active:           456020 kB
Mem:          3.8G       3.7G       126M       5.7M        19M       3.3G

MemTotal:        4016004 kB
MemFree:          129104 kB
Active:           456000 kB
Mem:          3.8G       3.7G       126M       5.7M        19M       3.3G

MemTotal:        4016004 kB
MemFree:          127152 kB
Active:           456008 kB
Mem:          3.8G       3.7G       124M       5.7M        19M       3.3G

MemTotal:        4016004 kB
MemFree:          126576 kB
Active:           455996 kB
Mem:          3.8G       3.7G       123M       5.7M        19M       3.3G

MemTotal:        4016004 kB
MemFree:          145180 kB
Active:           446512 kB
Mem:          3.8G       3.7G       141M       5.7M        19M       3.3G

MemTotal:        4016004 kB
MemFree:          133160 kB
Active:           430640 kB
Mem:          3.8G       3.7G       136M       5.7M        19M       3.3G

MemTotal:        4016004 kB
MemFree:          138820 kB
Active:           423328 kB
Mem:          3.8G       3.7G       135M       5.7M        19M       3.3G

MemTotal:        4016004 kB
MemFree:          133776 kB
Active:           421232 kB
Mem:          3.8G       3.7G       130M       5.7M        19M       3.3G

MemTotal:        4016004 kB
MemFree:          132144 kB
Active:           419644 kB
Mem:          3.8G       3.7G       132M       5.7M        19M       3.3G

MemTotal:        4016004 kB
MemFree:          134000 kB
Active:           419524 kB
Mem:          3.8G       3.7G       130M       5.7M        19M       3.3G

MemTotal:        4016004 kB
MemFree:          141904 kB
Active:           416976 kB
Mem:          3.8G       3.7G       138M       5.7M        19M       3.3G

MemTotal:        4016004 kB
MemFree:          141348 kB
Active:           416980 kB
Mem:          3.8G       3.7G       138M       5.7M        19M       3.3G

MemTotal:        4016004 kB
MemFree:          140596 kB
Active:           417140 kB
Mem:          3.8G       3.7G       137M       5.7M        19M       3.3G

MemTotal:        4016004 kB
MemFree:          138684 kB
Active:           416996 kB
Mem:          3.8G       3.7G       135M       5.7M        19M       3.3G

MemTotal:        4016004 kB
MemFree:          122432 kB
Active:           416488 kB
Mem:          3.8G       3.7G       118M       5.7M        19M       3.3G

MemTotal:        4016004 kB
MemFree:          129092 kB
Active:           411752 kB
Mem:          3.8G       3.7G       125M       5.7M        19M       3.3G

MemTotal:        4016004 kB
MemFree:          135148 kB
Active:           406248 kB
Mem:          3.8G       3.7G       131M       5.7M        19M       3.3G

MemTotal:        4016004 kB
MemFree:          135456 kB
Active:           401004 kB
Mem:          3.8G       3.7G       131M       5.7M        19M       3.3G

MemTotal:        4016004 kB
MemFree:          129000 kB
Active:           393160 kB
Mem:          3.8G       3.7G       125M       5.7M        19M       3.3G

MemTotal:        4016004 kB
MemFree:          125080 kB
Active:           392536 kB
Mem:          3.8G       3.7G       121M       5.7M        19M       3.3G

MemTotal:        4016004 kB
MemFree:          123964 kB
Active:           392540 kB
Mem:          3.8G       3.7G       121M       5.7M        19M       3.3G

MemTotal:        4016004 kB
MemFree:          123380 kB
Active:           392540 kB
Mem:          3.8G       3.7G       120M       5.7M        19M       3.3G

MemTotal:        4016004 kB
MemFree:          114752 kB
Active:           392520 kB
Mem:          3.8G       3.7G       111M       5.7M        19M       3.3G

MemTotal:        4016004 kB
MemFree:          135840 kB
Active:           390248 kB
Mem:          3.8G       3.7G       132M       5.7M        20M       3.3G

MemTotal:        4016004 kB
MemFree:          133920 kB
Active:           390212 kB
Mem:          3.8G       3.7G       130M       5.7M        20M       3.3G

MemTotal:        4016004 kB
MemFree:          132736 kB
Active:           390276 kB
Mem:          3.8G       3.7G       129M       5.7M        20M       3.3G

MemTotal:        4016004 kB
MemFree:          131716 kB
Active:           390280 kB
Mem:          3.8G       3.7G       128M       5.7M        20M       3.3G

MemTotal:        4016004 kB
MemFree:          107660 kB
Active:           389008 kB
Mem:          3.8G       3.7G       105M       5.7M        20M       3.3G

MemTotal:        4016004 kB
MemFree:          132584 kB
Active:           383640 kB
Mem:          3.8G       3.7G       129M       5.7M        20M       3.3G

MemTotal:        4016004 kB
MemFree:          147612 kB
Active:           380184 kB
Mem:          3.8G       3.7G       144M       5.7M        20M       3.3G

MemTotal:        4016004 kB
MemFree:          141844 kB
Active:           378392 kB
Mem:          3.8G       3.7G       138M       5.7M        20M       3.3G

MemTotal:        4016004 kB
MemFree:          125840 kB
Active:           378392 kB
Mem:          3.8G       3.7G       122M       5.7M        20M       3.3G

MemTotal:        4016004 kB
MemFree:          137956 kB
Active:           376584 kB
Mem:          3.8G       3.7G       134M       5.7M        20M       3.3G

MemTotal:        4016004 kB
MemFree:          134032 kB
Active:           374816 kB
Mem:          3.8G       3.7G       130M       5.7M        20M       3.3G

MemTotal:        4016004 kB
MemFree:          137260 kB
Active:           373520 kB
Mem:          3.8G       3.7G       133M       5.7M        20M       3.3G

MemTotal:        4016004 kB
MemFree:          138128 kB
Active:           372272 kB
Mem:          3.8G       3.7G       134M       5.7M        20M       3.3G

MemTotal:        4016004 kB
MemFree:          137368 kB
Active:           372276 kB
Mem:          3.8G       3.7G       133M       5.7M        20M       3.3G

MemTotal:        4016004 kB
MemFree:          136084 kB
Active:           372288 kB
Mem:          3.8G       3.7G       132M       5.7M        20M       3.3G

MemTotal:        4016004 kB
MemFree:          136216 kB
Active:           372264 kB
Mem:          3.8G       3.7G       133M       5.7M        20M       3.3G

MemTotal:        4016004 kB
MemFree:          121096 kB
Active:           371768 kB
Mem:          3.8G       3.7G       125M       5.7M        20M       3.3G

MemTotal:        4016004 kB
MemFree:          119080 kB
Active:           369172 kB
Mem:          3.8G       3.7G       115M       5.7M        20M       3.3G

MemTotal:        4016004 kB
MemFree:          130736 kB
Active:           364364 kB
Mem:          3.8G       3.7G       127M       5.7M        20M       3.3G

MemTotal:        4016004 kB
MemFree:          134724 kB
Active:           362060 kB
Mem:          3.8G       3.7G       130M       5.7M        20M       3.3G

MemTotal:        4016004 kB
MemFree:          119336 kB
Active:           361036 kB
Mem:          3.8G       3.7G       116M       5.7M        20M       3.3G

MemTotal:        4016004 kB
MemFree:          127312 kB
Active:           359764 kB
Mem:          3.8G       3.7G       123M       5.7M        20M       3.3G

MemTotal:        4016004 kB
MemFree:          136292 kB
Active:           356308 kB
Mem:          3.8G       3.7G       133M       5.7M        20M       3.3G

MemTotal:        4016004 kB
MemFree:          134836 kB
Active:           356284 kB
Mem:          3.8G       3.7G       131M       5.7M        20M       3.3G

MemTotal:        4016004 kB
MemFree:          137516 kB
Active:           355132 kB
Mem:          3.8G       3.7G       134M       5.7M        20M       3.3G

MemTotal:        4016004 kB
MemFree:          137636 kB
Active:           355136 kB
Mem:          3.8G       3.7G       134M       5.7M        20M       3.3G

MemTotal:        4016004 kB
MemFree:          137484 kB
Active:           355160 kB
Mem:          3.8G       3.7G       134M       5.7M        20M       3.3G

MemTotal:        4016004 kB
MemFree:          136824 kB
Active:           355116 kB
Mem:          3.8G       3.7G       133M       5.7M        20M       3.3G

MemTotal:        4016004 kB
MemFree:          120904 kB
Active:           355172 kB
Mem:          3.8G       3.7G       117M       5.7M        20M       3.3G

MemTotal:        4016004 kB
MemFree:          126412 kB
Active:           355044 kB
Mem:          3.8G       3.7G       123M       5.7M        20M       3.3G

MemTotal:        4016004 kB
MemFree:          118628 kB
Active:           354544 kB
Mem:          3.8G       3.7G       115M       5.7M        20M       3.3G

MemTotal:        4016004 kB
MemFree:          144988 kB
Active:           354552 kB
Mem:          3.8G       3.7G       141M       5.7M        20M       3.3G

MemTotal:        4016004 kB
MemFree:          124276 kB
Active:           354560 kB
Mem:          3.8G       3.7G       121M       5.7M        20M       3.3G

MemTotal:        4016004 kB
MemFree:          143908 kB
Active:           352476 kB
Mem:          3.8G       3.7G       140M       5.7M        20M       3.3G

MemTotal:        4016004 kB
MemFree:          142780 kB
Active:           350452 kB
Mem:          3.8G       3.7G       139M       5.7M        20M       3.3G

MemTotal:        4016004 kB
MemFree:          136016 kB
Active:           351912 kB
Mem:          3.8G       3.7G       132M       5.7M        20M       3.3G

MemTotal:        4016004 kB
MemFree:          135676 kB
Active:           351916 kB
Mem:          3.8G       3.7G       132M       5.7M        20M       3.3G

MemTotal:        4016004 kB
MemFree:          144056 kB
Active:           351932 kB
Mem:          3.8G       3.7G       140M       5.7M        20M       3.3G

MemTotal:        4016004 kB
MemFree:          144116 kB
Active:           351944 kB
Mem:          3.8G       3.7G       140M       5.7M        20M       3.3G

MemTotal:        4016004 kB
MemFree:          142992 kB
Active:           351944 kB
Mem:          3.8G       3.7G       139M       5.7M        20M       3.3G

MemTotal:        4016004 kB
MemFree:          141168 kB
Active:           351944 kB
Mem:          3.8G       3.7G       137M       5.7M        20M       3.3G

MemTotal:        4016004 kB
MemFree:          117796 kB
Active:           351944 kB
Mem:          3.8G       3.7G       114M       5.7M        20M       3.3G

MemTotal:        4016004 kB
MemFree:          127588 kB
Active:           351952 kB
Mem:          3.8G       3.7G       125M       5.7M        20M       3.3G

MemTotal:        4016004 kB
MemFree:          126592 kB
Active:           351952 kB
Mem:          3.8G       3.7G       123M       5.7M        20M       3.3G

MemTotal:        4016004 kB
MemFree:          132732 kB
Active:           351956 kB
Mem:          3.8G       3.7G       129M       5.7M        20M       3.3G

MemTotal:        4016004 kB
MemFree:          104904 kB
Active:           351960 kB
Mem:          3.8G       3.7G       102M       5.7M        20M       3.3G

MemTotal:        4016004 kB
MemFree:          129768 kB
Active:           351468 kB
Mem:          3.8G       3.7G       126M       5.7M        20M       3.3G

MemTotal:        4016004 kB
MemFree:          106048 kB
Active:           351468 kB
Mem:          3.8G       3.7G       103M       5.7M        20M       3.3G

MemTotal:        4016004 kB
MemFree:          129416 kB
Active:           351488 kB
Mem:          3.8G       3.7G       126M       5.7M        20M       3.3G

MemTotal:        4016004 kB
MemFree:          128368 kB
Active:           351500 kB
Mem:          3.8G       3.7G       125M       5.7M        20M       3.3G

MemTotal:        4016004 kB
MemFree:          126376 kB
Active:           351508 kB
Mem:          3.8G       3.7G       123M       5.7M        20M       3.3G

MemTotal:        4016004 kB
MemFree:          125944 kB
Active:           351460 kB
Mem:          3.8G       3.7G       122M       5.7M        20M       3.3G

MemTotal:        4016004 kB
MemFree:          124832 kB
Active:           351476 kB
Mem:          3.8G       3.7G       121M       5.7M        20M       3.3G

MemTotal:        4016004 kB
MemFree:          109556 kB
Active:           351508 kB
Mem:          3.8G       3.7G       106M       5.7M        20M       3.3G

MemTotal:        4016004 kB
MemFree:          131240 kB
Active:           351516 kB
Mem:          3.8G       3.7G       127M       5.7M        20M       3.3G

MemTotal:        4016004 kB
MemFree:          126352 kB
Active:           350304 kB
Mem:          3.8G       3.7G       122M       5.7M        20M       3.3G

MemTotal:        4016004 kB
MemFree:          132544 kB
Active:           350308 kB
Mem:          3.8G       3.7G       128M       5.7M        20M       3.3G

MemTotal:        4016004 kB
MemFree:          120556 kB
Active:           350312 kB
Mem:          3.8G       3.7G       117M       5.7M        20M       3.3G

MemTotal:        4016004 kB
MemFree:          120212 kB
Active:           350316 kB
Mem:          3.8G       3.7G       117M       5.7M        20M       3.3G

MemTotal:        4016004 kB
MemFree:          112012 kB
Active:           350336 kB
Mem:          3.8G       3.7G       109M       5.7M        20M       3.3G

MemTotal:        4016004 kB
MemFree:          136356 kB
Active:           350336 kB
Mem:          3.8G       3.7G       133M       5.7M        20M       3.3G

MemTotal:        4016004 kB
MemFree:          134244 kB
Active:           350348 kB
Mem:          3.8G       3.7G       131M       5.7M        20M       3.3G

MemTotal:        4016004 kB
MemFree:          133580 kB
Active:           350348 kB
Mem:          3.8G       3.7G       130M       5.7M        20M       3.3G

MemTotal:        4016004 kB
MemFree:          132840 kB
Active:           350308 kB
Mem:          3.8G       3.7G       129M       5.7M        20M       3.3G

MemTotal:        4016004 kB
MemFree:          131828 kB
Active:           350324 kB
Mem:          3.8G       3.7G       128M       5.7M        20M       3.3G

MemTotal:        4016004 kB
MemFree:          117436 kB
Active:           348528 kB
Mem:          3.8G       3.7G       114M       5.7M        20M       3.3G

MemTotal:        4016004 kB
MemFree:          134140 kB
Active:           348404 kB
Mem:          3.8G       3.7G       130M       5.7M        20M       3.3G

MemTotal:        4016004 kB
MemFree:          128656 kB
Active:           348404 kB
Mem:          3.8G       3.7G       125M       5.7M        20M       3.3G

MemTotal:        4016004 kB
MemFree:          146828 kB
Active:           347672 kB
Mem:          3.8G       3.7G       143M       5.7M        20M       3.3G

MemTotal:        4016004 kB
MemFree:          137820 kB
Active:           347680 kB
Mem:          3.8G       3.7G       134M       5.7M        20M       3.3G

MemTotal:        4016004 kB
MemFree:          123680 kB
Active:           347696 kB
Mem:          3.8G       3.7G       120M       5.7M        20M       3.3G

MemTotal:        4016004 kB
MemFree:          111848 kB
Active:           347700 kB
Mem:          3.8G       3.7G       109M       5.7M        20M       3.3G

MemTotal:        4016004 kB
MemFree:          128964 kB
Active:           347652 kB
Mem:          3.8G       3.7G       126M       5.7M        20M       3.3G

MemTotal:        4016004 kB
MemFree:          129200 kB
Active:           347696 kB
Mem:          3.8G       3.7G       125M       5.7M        20M       3.3G

MemTotal:        4016004 kB
MemFree:          128112 kB
Active:           347108 kB
Mem:          3.8G       3.7G       124M       5.7M        20M       3.3G

MemTotal:        4016004 kB
MemFree:          126516 kB
Active:           349160 kB
Mem:          3.8G       3.7G       123M       5.7M        20M       3.3G

MemTotal:        4016004 kB
MemFree:          121216 kB
Active:           349108 kB
Mem:          3.8G       3.7G       118M       5.7M        20M       3.3G

MemTotal:        4016004 kB
MemFree:          134208 kB
Active:           348136 kB
Mem:          3.8G       3.7G       130M       5.7M        20M       3.3G

MemTotal:        4016004 kB
MemFree:          119904 kB
Active:           345500 kB
Mem:          3.8G       3.7G       117M       5.7M        20M       3.3G

MemTotal:        4016004 kB
MemFree:          127120 kB
Active:           345504 kB
Mem:          3.8G       3.7G       124M       5.7M        20M       3.3G

MemTotal:        4016004 kB
MemFree:          130872 kB
Active:           345468 kB
Mem:          3.8G       3.7G       127M       5.7M        20M       3.3G

MemTotal:        4016004 kB
MemFree:          127772 kB
Active:           343544 kB
Mem:          3.8G       3.7G       123M       5.7M        20M       3.3G

MemTotal:        4016004 kB
MemFree:          149420 kB
Active:           343544 kB
Mem:          3.8G       3.7G       145M       5.7M        20M       3.3G

MemTotal:        4016004 kB
MemFree:          146208 kB
Active:           343536 kB
Mem:          3.8G       3.7G       142M       5.7M        20M       3.3G

MemTotal:        4016004 kB
MemFree:          143976 kB
Active:           343532 kB
Mem:          3.8G       3.7G       140M       5.7M        20M       3.3G

MemTotal:        4016004 kB
MemFree:          143608 kB
Active:           345588 kB
Mem:          3.8G       3.7G       140M       5.7M        20M       3.3G

MemTotal:        4016004 kB
MemFree:          142824 kB
Active:           345672 kB
Mem:          3.8G       3.7G       139M       5.7M        20M       3.3G

MemTotal:        4016004 kB
MemFree:          130424 kB
Active:           345608 kB
Mem:          3.8G       3.7G       127M       5.7M        20M       3.3G

MemTotal:        4016004 kB
MemFree:          129216 kB
Active:           345620 kB
Mem:          3.8G       3.7G       125M       5.7M        20M       3.3G

MemTotal:        4016004 kB
MemFree:          127156 kB
Active:           345588 kB
Mem:          3.8G       3.7G       124M       5.7M        20M       3.3G

MemTotal:        4016004 kB
MemFree:          126040 kB
Active:           345568 kB
Mem:          3.8G       3.7G       123M       5.7M        20M       3.3G

MemTotal:        4016004 kB
MemFree:          114892 kB
Active:           345088 kB
Mem:          3.8G       3.7G       112M       5.7M        20M       3.3G

MemTotal:        4016004 kB
MemFree:          109372 kB
Active:           344604 kB
Mem:          3.8G       3.7G       106M       5.7M        20M       3.3G

MemTotal:        4016004 kB
MemFree:          139372 kB
Active:           341176 kB
Mem:          3.8G       3.7G       136M       5.7M        20M       3.3G

MemTotal:        4016004 kB
MemFree:          134328 kB
Active:           341164 kB
Mem:          3.8G       3.7G       131M       5.7M        20M       3.3G

MemTotal:        4016004 kB
MemFree:          126748 kB
Active:           342572 kB
Mem:          3.8G       3.7G       123M       5.7M        20M       3.3G

MemTotal:        4016004 kB
MemFree:          141652 kB
Active:           342572 kB
Mem:          3.8G       3.7G       138M       5.7M        20M       3.3G

MemTotal:        4016004 kB
MemFree:          136176 kB
Active:           342568 kB
Mem:          3.8G       3.7G       132M       5.7M        20M       3.3G

MemTotal:        4016004 kB
MemFree:          125900 kB
Active:           342588 kB
Mem:          3.8G       3.7G       122M       5.7M        20M       3.3G

MemTotal:        4016004 kB
MemFree:          131320 kB
Active:           342592 kB
Mem:          3.8G       3.7G       128M       5.7M        20M       3.3G

MemTotal:        4016004 kB
MemFree:          131164 kB
Active:           342604 kB
Mem:          3.8G       3.7G       127M       5.7M        20M       3.3G

MemTotal:        4016004 kB
MemFree:          129616 kB
Active:           342628 kB
Mem:          3.8G       3.7G       126M       5.7M        20M       3.3G

MemTotal:        4016004 kB
MemFree:          128500 kB
Active:           342636 kB
Mem:          3.8G       3.7G       125M       5.7M        20M       3.3G

MemTotal:        4016004 kB
MemFree:          137968 kB
Active:           340264 kB
Mem:          3.8G       3.7G       134M       5.7M        20M       3.3G

MemTotal:        4016004 kB
MemFree:          137212 kB
Active:           340420 kB
Mem:          3.8G       3.7G       134M       5.7M        20M       3.3G

MemTotal:        4016004 kB
MemFree:          118532 kB
Active:           340292 kB
Mem:          3.8G       3.7G       115M       5.7M        20M       3.3G

MemTotal:        4016004 kB
MemFree:          114276 kB
Active:           340296 kB
Mem:          3.8G       3.7G       111M       5.7M        20M       3.3G

MemTotal:        4016004 kB
MemFree:          112488 kB
Active:           340296 kB
Mem:          3.8G       3.7G       109M       5.7M        20M       3.3G

MemTotal:        4016004 kB
MemFree:          149276 kB
Active:           338048 kB
Mem:          3.8G       3.7G       145M       5.7M        20M       3.2G

MemTotal:        4016004 kB
MemFree:          147136 kB
Active:           337928 kB
Mem:          3.8G       3.7G       143M       5.7M        20M       3.2G

MemTotal:        4016004 kB
MemFree:          147284 kB
Active:           337936 kB
Mem:          3.8G       3.7G       143M       5.7M        20M       3.2G

MemTotal:        4016004 kB
MemFree:          147136 kB
Active:           337968 kB
Mem:          3.8G       3.7G       143M       5.7M        20M       3.2G

MemTotal:        4016004 kB
MemFree:          145872 kB
Active:           337984 kB
Mem:          3.8G       3.7G       142M       5.7M        20M       3.2G

MemTotal:        4016004 kB
MemFree:          130776 kB
Active:           337984 kB
Mem:          3.8G       3.7G       127M       5.7M        20M       3.3G

MemTotal:        4016004 kB
MemFree:          112768 kB
Active:           337988 kB
Mem:          3.8G       3.7G       109M       5.7M        20M       3.3G

MemTotal:        4016004 kB
MemFree:          112232 kB
Active:           338000 kB
Mem:          3.8G       3.7G       109M       5.7M        20M       3.3G

MemTotal:        4016004 kB
MemFree:          112296 kB
Active:           337948 kB
Mem:          3.8G       3.7G       109M       5.7M        20M       3.3G

MemTotal:        4016004 kB
MemFree:          112424 kB
Active:           337964 kB
Mem:          3.8G       3.7G       109M       5.7M        20M       3.3G

MemTotal:        4016004 kB
MemFree:          130768 kB
Active:           337968 kB
Mem:          3.8G       3.7G       126M       5.7M        20M       3.3G

MemTotal:        4016004 kB
MemFree:          126176 kB
Active:           337852 kB
Mem:          3.8G       3.7G       123M       5.7M        20M       3.3G

MemTotal:        4016004 kB
MemFree:          126952 kB
Active:           337880 kB
Mem:          3.8G       3.7G       123M       5.7M        20M       3.3G

MemTotal:        4016004 kB
MemFree:          143680 kB
Active:           337888 kB
Mem:          3.8G       3.7G       140M       5.7M        20M       3.2G

MemTotal:        4016004 kB
MemFree:          139628 kB
Active:           337900 kB
Mem:          3.8G       3.7G       136M       5.7M        20M       3.3G

MemTotal:        4016004 kB
MemFree:          119012 kB
Active:           337048 kB
Mem:          3.8G       3.7G       116M       5.7M        20M       3.3G

MemTotal:        4016004 kB
MemFree:          130092 kB
Active:           337936 kB
Mem:          3.8G       3.7G       126M       5.7M        20M       3.3G

MemTotal:        4016004 kB
MemFree:          126452 kB
Active:           337936 kB
Mem:          3.8G       3.7G       123M       5.7M        20M       3.3G

MemTotal:        4016004 kB
MemFree:          124016 kB
Active:           337948 kB
Mem:          3.8G       3.7G       121M       5.7M        20M       3.3G

MemTotal:        4016004 kB
MemFree:          123120 kB
Active:           337916 kB
Mem:          3.8G       3.7G       120M       5.7M        20M       3.3G

MemTotal:        4016004 kB
MemFree:          122348 kB
Active:           337928 kB
Mem:          3.8G       3.7G       119M       5.7M        20M       3.3G

MemTotal:        4016004 kB
MemFree:          130712 kB
Active:           337936 kB
Mem:          3.8G       3.7G       127M       5.7M        20M       3.3G

MemTotal:        4016004 kB
MemFree:          138112 kB
Active:           337960 kB
Mem:          3.8G       3.7G       134M       5.7M        20M       3.3G

MemTotal:        4016004 kB
MemFree:          126608 kB
Active:           337916 kB
Mem:          3.8G       3.7G       123M       5.7M        20M       3.3G

MemTotal:        4016004 kB
MemFree:          143588 kB
Active:           337940 kB
Mem:          3.8G       3.7G       140M       5.7M        20M       3.2G

MemTotal:        4016004 kB
MemFree:          136636 kB
Active:           337980 kB
Mem:          3.8G       3.7G       133M       5.7M        20M       3.3G

MemTotal:        4016004 kB
MemFree:          137056 kB
Active:           339948 kB
Mem:          3.8G       3.7G       133M       5.7M        20M       3.3G

MemTotal:        4016004 kB
MemFree:          131652 kB
Active:           339236 kB
Mem:          3.8G       3.7G       128M       5.7M        20M       3.3G

MemTotal:        4016004 kB
MemFree:          137740 kB
Active:           339180 kB
Mem:          3.8G       3.7G       133M       5.7M        20M       3.3G

MemTotal:        4016004 kB
MemFree:          135852 kB
Active:           339044 kB
Mem:          3.8G       3.7G       132M       5.7M        20M       3.3G

MemTotal:        4016004 kB
MemFree:          135812 kB
Active:           339016 kB
Mem:          3.8G       3.7G       132M       5.7M        20M       3.3G

MemTotal:        4016004 kB
MemFree:          133884 kB
Active:           339064 kB
Mem:          3.8G       3.7G       130M       5.7M        20M       3.3G

MemTotal:        4016004 kB
MemFree:          133036 kB
Active:           339008 kB
Mem:          3.8G       3.7G       129M       5.7M        20M       3.3G

MemTotal:        4016004 kB
MemFree:          118876 kB
Active:           339012 kB
Mem:          3.8G       3.7G       116M       5.7M        20M       3.3G

MemTotal:        4016004 kB
MemFree:          115652 kB
Active:           339080 kB
Mem:          3.8G       3.7G       112M       5.7M        20M       3.3G

MemTotal:        4016004 kB
MemFree:          105360 kB
Active:           338932 kB
Mem:          3.8G       3.7G       102M       5.7M        20M       3.3G

MemTotal:        4016004 kB
MemFree:          105268 kB
Active:           338772 kB
Mem:          3.8G       3.7G       102M       5.7M        20M       3.3G

MemTotal:        4016004 kB
MemFree:          129324 kB
Active:           338768 kB
Mem:          3.8G       3.7G       126M       5.7M        20M       3.3G

MemTotal:        4016004 kB
MemFree:          129820 kB
Active:           338732 kB
Mem:          3.8G       3.7G       126M       5.7M        20M       3.3G

MemTotal:        4016004 kB
MemFree:          129820 kB
Active:           338772 kB
Mem:          3.8G       3.7G       127M       5.7M        20M       3.3G

MemTotal:        4016004 kB
MemFree:          130316 kB
Active:           338764 kB
Mem:          3.8G       3.7G       127M       5.7M        20M       3.3G

MemTotal:        4016004 kB
MemFree:          130316 kB
Active:           338724 kB
Mem:          3.8G       3.7G       127M       5.7M        20M       3.3G

MemTotal:        4016004 kB
MemFree:          130192 kB
Active:           338744 kB
Mem:          3.8G       3.7G       127M       5.7M        20M       3.3G

MemTotal:        4016004 kB
MemFree:          129820 kB
Active:           338780 kB
Mem:          3.8G       3.7G       127M       5.7M        20M       3.3G

MemTotal:        4016004 kB
MemFree:          130316 kB
Active:           338740 kB
Mem:          3.8G       3.7G       127M       5.7M        20M       3.3G

MemTotal:        4016004 kB
MemFree:          130316 kB
Active:           338740 kB
Mem:          3.8G       3.7G       127M       5.7M        20M       3.3G

MemTotal:        4016004 kB
MemFree:          129944 kB
Active:           338780 kB
Mem:          3.8G       3.7G       126M       5.7M        20M       3.3G

MemTotal:        4016004 kB
MemFree:          130440 kB
Active:           338728 kB
Mem:          3.8G       3.7G       127M       5.7M        20M       3.3G

MemTotal:        4016004 kB
MemFree:          130316 kB
Active:           338736 kB
Mem:          3.8G       3.7G       127M       5.7M        20M       3.3G

MemTotal:        4016004 kB
MemFree:          130440 kB
Active:           338736 kB
Mem:          3.8G       3.7G       127M       5.7M        20M       3.3G

MemTotal:        4016004 kB
MemFree:          130068 kB
Active:           338792 kB
Mem:          3.8G       3.7G       127M       5.7M        20M       3.3G

MemTotal:        4016004 kB
MemFree:          130316 kB
Active:           338744 kB
Mem:          3.8G       3.7G       127M       5.7M        20M       3.3G

MemTotal:        4016004 kB
MemFree:          130316 kB
Active:           338768 kB
Mem:          3.8G       3.7G       127M       5.7M        20M       3.3G

MemTotal:        4016004 kB
MemFree:          129944 kB
Active:           338796 kB
Mem:          3.8G       3.7G       127M       5.7M        20M       3.3G

MemTotal:        4016004 kB
MemFree:          130316 kB
Active:           338776 kB
Mem:          3.8G       3.7G       127M       5.7M        20M       3.3G

MemTotal:        4016004 kB
MemFree:          130440 kB
Active:           338764 kB
Mem:          3.8G       3.7G       127M       5.7M        20M       3.3G

MemTotal:        4016004 kB
MemFree:          129820 kB
Active:           338804 kB
Mem:          3.8G       3.7G       126M       5.7M        20M       3.3G

MemTotal:        4016004 kB
MemFree:          129944 kB
Active:           338776 kB
Mem:          3.8G       3.7G       126M       5.7M        20M       3.3G

MemTotal:        4016004 kB
MemFree:          130068 kB
Active:           338800 kB
Mem:          3.8G       3.7G       127M       5.7M        20M       3.3G

MemTotal:        4016004 kB
MemFree:          129820 kB
Active:           338816 kB
Mem:          3.8G       3.7G       126M       5.7M        20M       3.3G

MemTotal:        4016004 kB
MemFree:          129944 kB
Active:           338768 kB
Mem:          3.8G       3.7G       126M       5.7M        20M       3.3G

MemTotal:        4016004 kB
MemFree:          130192 kB
Active:           338776 kB
Mem:          3.8G       3.7G       127M       5.7M        20M       3.3G

MemTotal:        4016004 kB
MemFree:          130068 kB
Active:           338812 kB
Mem:          3.8G       3.7G       127M       5.7M        20M       3.3G

MemTotal:        4016004 kB
MemFree:          129696 kB
Active:           338824 kB
Mem:          3.8G       3.7G       126M       5.7M        20M       3.3G

MemTotal:        4016004 kB
MemFree:          119892 kB
Active:           346560 kB
Mem:          3.8G       3.7G       117M       5.7M        27M       3.3G

MemTotal:        4016004 kB
MemFree:          120256 kB
Active:           346556 kB
Mem:          3.8G       3.7G       117M       5.7M        27M       3.3G

MemTotal:        4016004 kB
MemFree:          120092 kB
Active:           346572 kB
Mem:          3.8G       3.7G       117M       5.7M        27M       3.3G

MemTotal:        4016004 kB
MemFree:          120308 kB
Active:           346536 kB
Mem:          3.8G       3.7G       117M       5.7M        27M       3.3G

MemTotal:        4016004 kB
MemFree:          120436 kB
Active:           346568 kB
Mem:          3.8G       3.7G       117M       5.7M        27M       3.3G

MemTotal:        4016004 kB
MemFree:          120936 kB
Active:           346576 kB
Mem:          3.8G       3.7G       118M       5.7M        27M       3.3G

MemTotal:        4016004 kB
MemFree:          120504 kB
Active:           346580 kB
Mem:          3.8G       3.7G       117M       5.7M        27M       3.3G

MemTotal:        4016004 kB
MemFree:          120256 kB
Active:           346584 kB
Mem:          3.8G       3.7G       117M       5.7M        27M       3.3G

MemTotal:        4016004 kB
MemFree:          120628 kB
Active:           346576 kB
Mem:          3.8G       3.7G       117M       5.7M        27M       3.3G

MemTotal:        4016004 kB
MemFree:          120256 kB
Active:           346596 kB
Mem:          3.8G       3.7G       117M       5.7M        27M       3.3G

MemTotal:        4016004 kB
MemFree:          120504 kB
Active:           346560 kB
Mem:          3.8G       3.7G       117M       5.7M        27M       3.3G

MemTotal:        4016004 kB
MemFree:          120504 kB
Active:           346568 kB
Mem:          3.8G       3.7G       117M       5.7M        27M       3.3G

MemTotal:        4016004 kB
MemFree:          120008 kB
Active:           346604 kB
Mem:          3.8G       3.7G       117M       5.7M        27M       3.3G

MemTotal:        4016004 kB
MemFree:          120132 kB
Active:           346588 kB
Mem:          3.8G       3.7G       117M       5.7M        27M       3.3G

MemTotal:        4016004 kB
MemFree:          120132 kB
Active:           346600 kB
Mem:          3.8G       3.7G       117M       5.7M        27M       3.3G

MemTotal:        4016004 kB
MemFree:          119760 kB
Active:           346604 kB
Mem:          3.8G       3.7G       117M       5.7M        27M       3.3G

MemTotal:        4016004 kB
MemFree:          119884 kB
Active:           346612 kB
Mem:          3.8G       3.7G       117M       5.7M        27M       3.3G

MemTotal:        4016004 kB
MemFree:          120380 kB
Active:           346604 kB
Mem:          3.8G       3.7G       117M       5.7M        27M       3.3G

MemTotal:        4016004 kB
MemFree:          120256 kB
Active:           346576 kB
Mem:          3.8G       3.7G       117M       5.7M        27M       3.3G

MemTotal:        4016004 kB
MemFree:          120132 kB
Active:           346612 kB
Mem:          3.8G       3.7G       117M       5.7M        27M       3.3G

MemTotal:        4016004 kB
MemFree:          120504 kB
Active:           346580 kB
Mem:          3.8G       3.7G       117M       5.7M        27M       3.3G

MemTotal:        4016004 kB
MemFree:          120380 kB
Active:           346596 kB
Mem:          3.8G       3.7G       117M       5.7M        27M       3.3G

MemTotal:        4016004 kB
MemFree:          120008 kB
Active:           346620 kB
Mem:          3.8G       3.7G       117M       5.7M        27M       3.3G

MemTotal:        4016004 kB
MemFree:          120008 kB
Active:           346628 kB
Mem:          3.8G       3.7G       117M       5.7M        27M       3.3G

MemTotal:        4016004 kB
MemFree:          120380 kB
Active:           346596 kB
Mem:          3.8G       3.7G       117M       5.7M        27M       3.3G

MemTotal:        4016004 kB
MemFree:          120504 kB
Active:           346596 kB
Mem:          3.8G       3.7G       117M       5.7M        27M       3.3G

MemTotal:        4016004 kB
MemFree:          120132 kB
Active:           346636 kB
Mem:          3.8G       3.7G       117M       5.7M        27M       3.3G

MemTotal:        4016004 kB
MemFree:          120008 kB
Active:           346636 kB
Mem:          3.8G       3.7G       117M       5.7M        27M       3.3G

MemTotal:        4016004 kB
MemFree:          119884 kB
Active:           346636 kB
Mem:          3.8G       3.7G       117M       5.7M        27M       3.3G

MemTotal:        4016004 kB
MemFree:          119760 kB
Active:           346644 kB
Mem:          3.8G       3.7G       116M       5.7M        27M       3.3G

MemTotal:        4016004 kB
MemFree:          120132 kB
Active:           346632 kB
Mem:          3.8G       3.7G       117M       5.7M        27M       3.3G

MemTotal:        4016004 kB
MemFree:          120256 kB
Active:           346592 kB
Mem:          3.8G       3.7G       117M       5.7M        27M       3.3G

MemTotal:        4016004 kB
MemFree:          120008 kB
Active:           346644 kB
Mem:          3.8G       3.7G       117M       5.7M        27M       3.3G

MemTotal:        4016004 kB
MemFree:          120256 kB
Active:           346628 kB
Mem:          3.8G       3.7G       117M       5.7M        27M       3.3G

MemTotal:        4016004 kB
MemFree:          120132 kB
Active:           346588 kB
Mem:          3.8G       3.7G       117M       5.7M        27M       3.3G

MemTotal:        4016004 kB
MemFree:          120380 kB
Active:           346608 kB
Mem:          3.8G       3.7G       117M       5.7M        27M       3.3G

MemTotal:        4016004 kB
MemFree:          119760 kB
Active:           346644 kB
Mem:          3.8G       3.7G       117M       5.7M        27M       3.3G

MemTotal:        4016004 kB
MemFree:          120008 kB
Active:           346636 kB
Mem:          3.8G       3.7G       117M       5.7M        27M       3.3G

MemTotal:        4016004 kB
MemFree:          120256 kB
Active:           346600 kB
Mem:          3.8G       3.7G       117M       5.7M        27M       3.3G

MemTotal:        4016004 kB
MemFree:          120008 kB
Active:           346656 kB
Mem:          3.8G       3.7G       117M       5.7M        27M       3.3G

MemTotal:        4016004 kB
MemFree:          120256 kB
Active:           346604 kB
Mem:          3.8G       3.7G       117M       5.7M        27M       3.3G

MemTotal:        4016004 kB
MemFree:          120380 kB
Active:           346648 kB
Mem:          3.8G       3.7G       117M       5.7M        27M       3.3G

MemTotal:        4016004 kB
MemFree:          120380 kB
Active:           346620 kB
Mem:          3.8G       3.7G       117M       5.7M        27M       3.3G

MemTotal:        4016004 kB
MemFree:          119760 kB
Active:           346664 kB
Mem:          3.8G       3.7G       116M       5.7M        27M       3.3G

MemTotal:        4016004 kB
MemFree:          120256 kB
Active:           346624 kB
Mem:          3.8G       3.7G       117M       5.7M        27M       3.3G

MemTotal:        4016004 kB
MemFree:          120256 kB
Active:           346636 kB
Mem:          3.8G       3.7G       117M       5.7M        27M       3.3G

MemTotal:        4016004 kB
MemFree:          119884 kB
Active:           346672 kB
Mem:          3.8G       3.7G       117M       5.7M        27M       3.3G

MemTotal:        4016004 kB
MemFree:          119636 kB
Active:           346672 kB
Mem:          3.8G       3.7G       116M       5.7M        27M       3.3G

MemTotal:        4016004 kB
MemFree:          120008 kB
Active:           346636 kB
Mem:          3.8G       3.7G       116M       5.7M        27M       3.3G

MemTotal:        4016004 kB
MemFree:          119512 kB
Active:           346672 kB
Mem:          3.8G       3.7G       116M       5.7M        27M       3.3G

MemTotal:        4016004 kB
MemFree:          120008 kB
Active:           346644 kB
Mem:          3.8G       3.7G       117M       5.7M        27M       3.3G

MemTotal:        4016004 kB
MemFree:          120132 kB
Active:           346628 kB
Mem:          3.8G       3.7G       117M       5.7M        27M       3.3G

MemTotal:        4016004 kB
MemFree:          120132 kB
Active:           346644 kB
Mem:          3.8G       3.7G       117M       5.7M        27M       3.3G

MemTotal:        4016004 kB
MemFree:          119760 kB
Active:           346676 kB
Mem:          3.8G       3.7G       116M       5.7M        27M       3.3G

MemTotal:        4016004 kB
MemFree:          119760 kB
Active:           346676 kB
Mem:          3.8G       3.7G       117M       5.7M        27M       3.3G

MemTotal:        4016004 kB
MemFree:          120504 kB
Active:           346628 kB
Mem:          3.8G       3.7G       117M       5.7M        27M       3.3G

MemTotal:        4016004 kB
MemFree:          120132 kB
Active:           346676 kB
Mem:          3.8G       3.7G       117M       5.7M        27M       3.3G

MemTotal:        4016004 kB
MemFree:          120256 kB
Active:           346672 kB
Mem:          3.8G       3.7G       117M       5.7M        27M       3.3G

MemTotal:        4016004 kB
MemFree:          120504 kB
Active:           346652 kB
Mem:          3.8G       3.7G       117M       5.7M        27M       3.3G

MemTotal:        4016004 kB
MemFree:          120504 kB
Active:           346676 kB
Mem:          3.8G       3.7G       117M       5.7M        27M       3.3G

MemTotal:        4016004 kB
MemFree:          120132 kB
Active:           346684 kB
Mem:          3.8G       3.7G       117M       5.7M        27M       3.3G

MemTotal:        4016004 kB
MemFree:          120504 kB
Active:           346648 kB
Mem:          3.8G       3.7G       117M       5.7M        27M       3.3G

MemTotal:        4016004 kB
MemFree:          120380 kB
Active:           346636 kB
Mem:          3.8G       3.7G       117M       5.7M        27M       3.3G

MemTotal:        4016004 kB
MemFree:          120008 kB
Active:           346684 kB
Mem:          3.8G       3.7G       116M       5.7M        27M       3.3G

MemTotal:        4016004 kB
MemFree:          119512 kB
Active:           346692 kB
Mem:          3.8G       3.7G       116M       5.7M        27M       3.3G

MemTotal:        4016004 kB
MemFree:          120008 kB
Active:           346656 kB
Mem:          3.8G       3.7G       116M       5.7M        27M       3.3G

MemTotal:        4016004 kB
MemFree:          120380 kB
Active:           346660 kB
Mem:          3.8G       3.7G       117M       5.7M        27M       3.3G

MemTotal:        4016004 kB
MemFree:          120380 kB
Active:           346664 kB
Mem:          3.8G       3.7G       117M       5.7M        27M       3.3G

MemTotal:        4016004 kB
MemFree:          120008 kB
Active:           346696 kB
Mem:          3.8G       3.7G       117M       5.7M        27M       3.3G

MemTotal:        4016004 kB
MemFree:          120628 kB
Active:           346640 kB
Mem:          3.8G       3.7G       117M       5.7M        27M       3.3G

MemTotal:        4016004 kB
MemFree:          120132 kB
Active:           346696 kB
Mem:          3.8G       3.7G       117M       5.7M        27M       3.3G

MemTotal:        4016004 kB
MemFree:          120008 kB
Active:           346700 kB
Mem:          3.8G       3.7G       117M       5.7M        27M       3.3G

MemTotal:        4016004 kB
MemFree:          120504 kB
Active:           346656 kB
Mem:          3.8G       3.7G       117M       5.7M        27M       3.3G

MemTotal:        4016004 kB
MemFree:          120132 kB
Active:           346712 kB
Mem:          3.8G       3.7G       117M       5.7M        27M       3.3G

MemTotal:        4016004 kB
MemFree:          120380 kB
Active:           346672 kB
Mem:          3.8G       3.7G       117M       5.7M        27M       3.3G

MemTotal:        4016004 kB
MemFree:          120256 kB
Active:           346692 kB
Mem:          3.8G       3.7G       117M       5.7M        27M       3.3G

MemTotal:        4016004 kB
MemFree:          120380 kB
Active:           346660 kB
Mem:          3.8G       3.7G       117M       5.7M        27M       3.3G

MemTotal:        4016004 kB
MemFree:          120008 kB
Active:           346720 kB
Mem:          3.8G       3.7G       117M       5.7M        27M       3.3G

MemTotal:        4016004 kB
MemFree:          120256 kB
Active:           346664 kB
Mem:          3.8G       3.7G       117M       5.7M        27M       3.3G

MemTotal:        4016004 kB
MemFree:          120256 kB
Active:           346672 kB
Mem:          3.8G       3.7G       117M       5.7M        27M       3.3G

MemTotal:        4016004 kB
MemFree:          120256 kB
Active:           346672 kB
Mem:          3.8G       3.7G       117M       5.7M        27M       3.3G

MemTotal:        4016004 kB
MemFree:          119760 kB
Active:           346732 kB
Mem:          3.8G       3.7G       117M       5.7M        27M       3.3G

MemTotal:        4016004 kB
MemFree:          120008 kB
Active:           346688 kB
Mem:          3.8G       3.7G       117M       5.7M        27M       3.3G

MemTotal:        4016004 kB
MemFree:          120380 kB
Active:           346720 kB
Mem:          3.8G       3.7G       117M       5.7M        27M       3.3G

MemTotal:        4016004 kB
MemFree:          120132 kB
Active:           346700 kB
Mem:          3.8G       3.7G       117M       5.7M        27M       3.3G

MemTotal:        4016004 kB
MemFree:          120256 kB
Active:           346712 kB
Mem:          3.8G       3.7G       117M       5.7M        27M       3.3G

MemTotal:        4016004 kB
MemFree:          120256 kB
Active:           346688 kB
Mem:          3.8G       3.7G       117M       5.7M        27M       3.3G

MemTotal:        4016004 kB
MemFree:          120256 kB
Active:           346708 kB
Mem:          3.8G       3.7G       117M       5.7M        27M       3.3G

MemTotal:        4016004 kB
MemFree:          120132 kB
Active:           346736 kB
Mem:          3.8G       3.7G       117M       5.7M        27M       3.3G

MemTotal:        4016004 kB
MemFree:          120256 kB
Active:           346740 kB
Mem:          3.8G       3.7G       117M       5.7M        27M       3.3G

MemTotal:        4016004 kB
MemFree:          120380 kB
Active:           346728 kB
Mem:          3.8G       3.7G       117M       5.7M        27M       3.3G

MemTotal:        4016004 kB
MemFree:          120132 kB
Active:           346744 kB
Mem:          3.8G       3.7G       117M       5.7M        27M       3.3G

MemTotal:        4016004 kB
MemFree:          120008 kB
Active:           346712 kB
Mem:          3.8G       3.7G       117M       5.7M        27M       3.3G

MemTotal:        4016004 kB
MemFree:          120008 kB
Active:           346732 kB
Mem:          3.8G       3.7G       117M       5.7M        27M       3.3G

MemTotal:        4016004 kB
MemFree:          119620 kB
Active:           346752 kB
Mem:          3.8G       3.7G       116M       5.7M        27M       3.3G

MemTotal:        4016004 kB
MemFree:          119496 kB
Active:           346752 kB
Mem:          3.8G       3.7G       116M       5.7M        27M       3.3G

MemTotal:        4016004 kB
MemFree:          119884 kB
Active:           346720 kB
Mem:          3.8G       3.7G       117M       5.7M        27M       3.3G

MemTotal:        4016004 kB
MemFree:          120256 kB
Active:           346732 kB
Mem:          3.8G       3.7G       117M       5.7M        27M       3.3G

MemTotal:        4016004 kB
MemFree:          119868 kB
Active:           346760 kB
Mem:          3.8G       3.7G       117M       5.7M        27M       3.3G

MemTotal:        4016004 kB
MemFree:          120256 kB
Active:           346720 kB
Mem:          3.8G       3.7G       117M       5.7M        27M       3.3G

MemTotal:        4016004 kB
MemFree:          120256 kB
Active:           346724 kB
Mem:          3.8G       3.7G       117M       5.7M        27M       3.3G

MemTotal:        4016004 kB
MemFree:          117960 kB
Active:           346760 kB
Mem:          3.8G       3.7G       115M       5.7M        27M       3.3G

MemTotal:        4016004 kB
MemFree:          118332 kB
Active:           348728 kB
Mem:          3.8G       3.7G       115M       5.7M        27M       3.3G

MemTotal:        4016004 kB
MemFree:          118456 kB
Active:           348728 kB
Mem:          3.8G       3.7G       115M       5.7M        27M       3.3G

MemTotal:        4016004 kB
MemFree:          118456 kB
Active:           348764 kB
Mem:          3.8G       3.7G       115M       5.7M        27M       3.3G

MemTotal:        4016004 kB
MemFree:          118316 kB
Active:           348732 kB
Mem:          3.8G       3.7G       115M       5.7M        27M       3.3G

MemTotal:        4016004 kB
MemFree:          118440 kB
Active:           348756 kB
Mem:          3.8G       3.7G       115M       5.7M        27M       3.3G

MemTotal:        4016004 kB
MemFree:          117960 kB
Active:           348840 kB
Mem:          3.8G       3.7G       115M       5.7M        27M       3.3G

MemTotal:        4016004 kB
MemFree:          117836 kB
Active:           348944 kB
Mem:          3.8G       3.7G       115M       5.7M        27M       3.3G

MemTotal:        4016004 kB
MemFree:          118084 kB
Active:           348728 kB
Mem:          3.8G       3.7G       115M       5.7M        27M       3.3G

MemTotal:        4016004 kB
MemFree:          118084 kB
Active:           348812 kB
Mem:          3.8G       3.7G       115M       5.7M        27M       3.3G

MemTotal:        4016004 kB
MemFree:          117720 kB
Active:           348880 kB
Mem:          3.8G       3.7G       114M       5.7M        27M       3.3G

MemTotal:        4016004 kB
MemFree:          117804 kB
Active:           348792 kB
Mem:          3.8G       3.7G       115M       5.7M        27M       3.3G

MemTotal:        4016004 kB
MemFree:          118176 kB
Active:           348876 kB
Mem:          3.8G       3.7G       115M       5.7M        27M       3.3G

MemTotal:        4016004 kB
MemFree:          118300 kB
Active:           348860 kB
Mem:          3.8G       3.7G       115M       5.7M        27M       3.3G

MemTotal:        4016004 kB
MemFree:          117944 kB
Active:           348804 kB
Mem:          3.8G       3.7G       115M       5.7M        27M       3.3G

MemTotal:        4016004 kB
MemFree:          117960 kB
Active:           348884 kB
Mem:          3.8G       3.7G       115M       5.7M        27M       3.3G

MemTotal:        4016004 kB
MemFree:          118084 kB
Active:           348892 kB
Mem:          3.8G       3.7G       115M       5.7M        27M       3.3G

MemTotal:        4016004 kB
MemFree:          117680 kB
Active:           348808 kB
Mem:          3.8G       3.7G       115M       5.7M        27M       3.3G

MemTotal:        4016004 kB
MemFree:          118156 kB
Active:           348888 kB
Mem:          3.8G       3.7G       115M       5.7M        27M       3.3G

MemTotal:        4016004 kB
MemFree:          118008 kB
Active:           348900 kB
Mem:          3.8G       3.7G       115M       5.7M        27M       3.3G

MemTotal:        4016004 kB
MemFree:          118156 kB
Active:           348768 kB
Mem:          3.8G       3.7G       115M       5.7M        27M       3.3G

MemTotal:        4016004 kB
MemFree:          117944 kB
Active:           348820 kB
Mem:          3.8G       3.7G       115M       5.7M        27M       3.3G

MemTotal:        4016004 kB
MemFree:          118548 kB
Active:           348804 kB
Mem:          3.8G       3.7G       115M       5.7M        27M       3.3G

MemTotal:        4016004 kB
MemFree:          118904 kB
Active:           348764 kB
Mem:          3.8G       3.7G       116M       5.7M        27M       3.3G

MemTotal:        4016004 kB
MemFree:          118316 kB
Active:           348832 kB
Mem:          3.8G       3.7G       115M       5.7M        27M       3.3G

MemTotal:        4016004 kB
MemFree:          118084 kB
Active:           348824 kB
Mem:          3.8G       3.7G       115M       5.7M        27M       3.3G

MemTotal:        4016004 kB
MemFree:          118548 kB
Active:           348656 kB
Mem:          3.8G       3.7G       115M       5.7M        27M       3.3G

MemTotal:        4016004 kB
MemFree:          118068 kB
Active:           348956 kB
Mem:          3.8G       3.7G       115M       5.7M        27M       3.3G

MemTotal:        4016004 kB
MemFree:          118300 kB
Active:           348696 kB
Mem:          3.8G       3.7G       115M       5.7M        27M       3.3G

MemTotal:        4016004 kB
MemFree:          118424 kB
Active:           348740 kB
Mem:          3.8G       3.7G       115M       5.7M        27M       3.3G

MemTotal:        4016004 kB
MemFree:          118068 kB
Active:           348932 kB
Mem:          3.8G       3.7G       115M       5.7M        27M       3.3G

MemTotal:        4016004 kB
MemFree:          117820 kB
Active:           348948 kB
Mem:          3.8G       3.7G       115M       5.7M        27M       3.3G

MemTotal:        4016004 kB
MemFree:          117604 kB
Active:           348852 kB
Mem:          3.8G       3.7G       114M       5.7M        27M       3.3G

MemTotal:        4016004 kB
MemFree:          117852 kB
Active:           348816 kB
Mem:          3.8G       3.7G       114M       5.7M        27M       3.3G

MemTotal:        4016004 kB
MemFree:          117232 kB
Active:           348860 kB
Mem:          3.8G       3.7G       114M       5.7M        27M       3.3G

MemTotal:        4016004 kB
MemFree:          117728 kB
Active:           348840 kB
Mem:          3.8G       3.7G       114M       5.7M        27M       3.3G

MemTotal:        4016004 kB
MemFree:          117604 kB
Active:           348816 kB
Mem:          3.8G       3.7G       114M       5.7M        27M       3.3G

MemTotal:        4016004 kB
MemFree:          117480 kB
Active:           348860 kB
Mem:          3.8G       3.7G       114M       5.7M        27M       3.3G

MemTotal:        4016004 kB
MemFree:          117728 kB
Active:           348828 kB
Mem:          3.8G       3.7G       114M       5.7M        27M       3.3G

MemTotal:        4016004 kB
MemFree:          117728 kB
Active:           348856 kB
Mem:          3.8G       3.7G       114M       5.7M        27M       3.3G

MemTotal:        4016004 kB
MemFree:          117728 kB
Active:           348872 kB
Mem:          3.8G       3.7G       114M       5.7M        27M       3.3G

MemTotal:        4016004 kB
MemFree:          118100 kB
Active:           348844 kB
Mem:          3.8G       3.7G       115M       5.7M        27M       3.3G

MemTotal:        4016004 kB
MemFree:          118224 kB
Active:           348816 kB
Mem:          3.8G       3.7G       115M       5.7M        27M       3.3G

MemTotal:        4016004 kB
MemFree:          118100 kB
Active:           348860 kB
Mem:          3.8G       3.7G       115M       5.7M        27M       3.3G

MemTotal:        4016004 kB
MemFree:          118224 kB
Active:           348824 kB
Mem:          3.8G       3.7G       115M       5.7M        27M       3.3G

MemTotal:        4016004 kB
MemFree:          118224 kB
Active:           348844 kB
Mem:          3.8G       3.7G       115M       5.7M        27M       3.3G

MemTotal:        4016004 kB
MemFree:          118348 kB
Active:           348848 kB
Mem:          3.8G       3.7G       115M       5.7M        27M       3.3G

MemTotal:        4016004 kB
MemFree:          118224 kB
Active:           348872 kB
Mem:          3.8G       3.7G       115M       5.7M        27M       3.3G

MemTotal:        4016004 kB
MemFree:          118348 kB
Active:           348828 kB
Mem:          3.8G       3.7G       115M       5.7M        27M       3.3G

MemTotal:        4016004 kB
MemFree:          118348 kB
Active:           348856 kB
Mem:          3.8G       3.7G       115M       5.7M        27M       3.3G

MemTotal:        4016004 kB
MemFree:          118348 kB
Active:           348872 kB
Mem:          3.8G       3.7G       115M       5.7M        27M       3.3G

MemTotal:        4016004 kB
MemFree:          118348 kB
Active:           348824 kB
Mem:          3.8G       3.7G       115M       5.7M        27M       3.3G

MemTotal:        4016004 kB
MemFree:          118100 kB
Active:           348888 kB
Mem:          3.8G       3.7G       115M       5.7M        27M       3.3G

MemTotal:        4016004 kB
MemFree:          117976 kB
Active:           349036 kB
Mem:          3.8G       3.7G       115M       5.7M        28M       3.3G

MemTotal:        4016004 kB
MemFree:          117728 kB
Active:           349064 kB
Mem:          3.8G       3.7G       114M       5.7M        28M       3.3G

MemTotal:        4016004 kB
MemFree:          117356 kB
Active:           349064 kB
Mem:          3.8G       3.7G       114M       5.7M        28M       3.3G

MemTotal:        4016004 kB
MemFree:          117356 kB
Active:           349064 kB
Mem:          3.8G       3.7G       114M       5.7M        28M       3.3G

