MemTotal:        4016004 kB
MemFree:         3212144 kB
Active:           446284 kB
Mem:          3.8G       784M       3.1G       5.7M        54M       327M

MemTotal:        4016004 kB
MemFree:         3212652 kB
Active:           446112 kB
Mem:          3.8G       784M       3.1G       5.7M        54M       327M

MemTotal:        4016004 kB
MemFree:         3212884 kB
Active:           446172 kB
Mem:          3.8G       784M       3.1G       5.7M        54M       327M

MemTotal:        4016004 kB
MemFree:         3212620 kB
Active:           446152 kB
Mem:          3.8G       784M       3.1G       5.7M        54M       327M

MemTotal:        4016004 kB
MemFree:         3212372 kB
Active:           446208 kB
Mem:          3.8G       784M       3.1G       5.7M        54M       327M

MemTotal:        4016004 kB
MemFree:         3212356 kB
Active:           446208 kB
Mem:          3.8G       784M       3.1G       5.7M        54M       327M

MemTotal:        4016004 kB
MemFree:         3212960 kB
Active:           446172 kB
Mem:          3.8G       784M       3.1G       5.7M        54M       327M

MemTotal:        4016004 kB
MemFree:         3212572 kB
Active:           446216 kB
Mem:          3.8G       784M       3.1G       5.7M        54M       327M

MemTotal:        4016004 kB
MemFree:         3212928 kB
Active:           446208 kB
Mem:          3.8G       784M       3.1G       5.7M        54M       327M

MemTotal:        4016004 kB
MemFree:         3212556 kB
Active:           446216 kB
Mem:          3.8G       784M       3.1G       5.7M        54M       327M

MemTotal:        4016004 kB
MemFree:         3212912 kB
Active:           446200 kB
Mem:          3.8G       784M       3.1G       5.7M        54M       327M

MemTotal:        4016004 kB
MemFree:         3212540 kB
Active:           446216 kB
Mem:          3.8G       784M       3.1G       5.7M        54M       327M

MemTotal:        4016004 kB
MemFree:         3213284 kB
Active:           446168 kB
Mem:          3.8G       784M       3.1G       5.7M        54M       327M

MemTotal:        4016004 kB
MemFree:         3213284 kB
Active:           446180 kB
Mem:          3.8G       783M       3.1G       5.7M        54M       327M

MemTotal:        4016004 kB
MemFree:         3213036 kB
Active:           446164 kB
Mem:          3.8G       783M       3.1G       5.7M        54M       327M

MemTotal:        4016004 kB
MemFree:         3213440 kB
Active:           446200 kB
Mem:          3.8G       784M       3.1G       5.7M        54M       327M

MemTotal:        4016004 kB
MemFree:         3213068 kB
Active:           446188 kB
Mem:          3.8G       784M       3.1G       5.7M        54M       327M

MemTotal:        4016004 kB
MemFree:         3212944 kB
Active:           446216 kB
Mem:          3.8G       784M       3.1G       5.7M        54M       327M

MemTotal:        4016004 kB
MemFree:         3213192 kB
Active:           446184 kB
Mem:          3.8G       784M       3.1G       5.7M        54M       327M

MemTotal:        4016004 kB
MemFree:         3212696 kB
Active:           446220 kB
Mem:          3.8G       784M       3.1G       5.7M        54M       327M

MemTotal:        4016004 kB
MemFree:         3213440 kB
Active:           446208 kB
Mem:          3.8G       784M       3.1G       5.7M        54M       327M

MemTotal:        4016004 kB
MemFree:         3213192 kB
Active:           446172 kB
Mem:          3.8G       784M       3.1G       5.7M        54M       327M

MemTotal:        4016004 kB
MemFree:         3213316 kB
Active:           446204 kB
Mem:          3.8G       784M       3.1G       5.7M        54M       327M

MemTotal:        4016004 kB
MemFree:         3213372 kB
Active:           444212 kB
Mem:          3.8G       783M       3.1G       5.7M        54M       327M

MemTotal:        4016004 kB
MemFree:         3213620 kB
Active:           446196 kB
Mem:          3.8G       783M       3.1G       5.7M        54M       327M

MemTotal:        4016004 kB
MemFree:         3213248 kB
Active:           446204 kB
Mem:          3.8G       784M       3.1G       5.7M        54M       327M

MemTotal:        4016004 kB
MemFree:         3213124 kB
Active:           446184 kB
Mem:          3.8G       784M       3.1G       5.7M        54M       327M

MemTotal:        4016004 kB
MemFree:         3212984 kB
Active:           446196 kB
Mem:          3.8G       784M       3.1G       5.7M        54M       327M

MemTotal:        4016004 kB
MemFree:         3212844 kB
Active:           446240 kB
Mem:          3.8G       784M       3.1G       5.7M        54M       327M

MemTotal:        4016004 kB
MemFree:         3213076 kB
Active:           446232 kB
Mem:          3.8G       784M       3.1G       5.7M        54M       327M

MemTotal:        4016004 kB
MemFree:         3213076 kB
Active:           446236 kB
Mem:          3.8G       784M       3.1G       5.7M        54M       327M

MemTotal:        4016004 kB
MemFree:         3213060 kB
Active:           446192 kB
Mem:          3.8G       784M       3.1G       5.7M        54M       327M

MemTotal:        4016004 kB
MemFree:         3212796 kB
Active:           446184 kB
Mem:          3.8G       784M       3.1G       5.7M        54M       327M

MemTotal:        4016004 kB
MemFree:         3212828 kB
Active:           444316 kB
Mem:          3.8G       784M       3.1G       5.7M        54M       327M

MemTotal:        4016004 kB
MemFree:         3212888 kB
Active:           444172 kB
Mem:          3.8G       784M       3.1G       5.7M        54M       327M

MemTotal:        4016004 kB
MemFree:         3213012 kB
Active:           446212 kB
Mem:          3.8G       784M       3.1G       5.7M        54M       327M

MemTotal:        4016004 kB
MemFree:         3212888 kB
Active:           446216 kB
Mem:          3.8G       784M       3.1G       5.7M        54M       327M

MemTotal:        4016004 kB
MemFree:         3212888 kB
Active:           446224 kB
Mem:          3.8G       784M       3.1G       5.7M        54M       327M

MemTotal:        4016004 kB
MemFree:         3212888 kB
Active:           446236 kB
Mem:          3.8G       784M       3.1G       5.7M        54M       327M

MemTotal:        4016004 kB
MemFree:         3212640 kB
Active:           446264 kB
Mem:          3.8G       784M       3.1G       5.7M        54M       327M

MemTotal:        4016004 kB
MemFree:         3212888 kB
Active:           446212 kB
Mem:          3.8G       784M       3.1G       5.7M        54M       327M

MemTotal:        4016004 kB
MemFree:         3213012 kB
Active:           446236 kB
Mem:          3.8G       784M       3.1G       5.7M        54M       327M

MemTotal:        4016004 kB
MemFree:         3213260 kB
Active:           446236 kB
Mem:          3.8G       784M       3.1G       5.7M        54M       327M

MemTotal:        4016004 kB
MemFree:         3212992 kB
Active:           444352 kB
Mem:          3.8G       784M       3.1G       5.7M        54M       327M

MemTotal:        4016004 kB
MemFree:         3213196 kB
Active:           446256 kB
Mem:          3.8G       784M       3.1G       5.7M        54M       327M

MemTotal:        4016004 kB
MemFree:         3213196 kB
Active:           446256 kB
Mem:          3.8G       783M       3.1G       5.7M        54M       327M

MemTotal:        4016004 kB
MemFree:         3212700 kB
Active:           446300 kB
Mem:          3.8G       784M       3.1G       5.7M        54M       327M

MemTotal:        4016004 kB
MemFree:         3213072 kB
Active:           446280 kB
Mem:          3.8G       784M       3.1G       5.7M        54M       327M

MemTotal:        4016004 kB
MemFree:         3212560 kB
Active:           446308 kB
Mem:          3.8G       784M       3.1G       5.7M        54M       327M

MemTotal:        4016004 kB
MemFree:         3212792 kB
Active:           446296 kB
Mem:          3.8G       784M       3.1G       5.7M        54M       327M

MemTotal:        4016004 kB
MemFree:         3212280 kB
Active:           446312 kB
Mem:          3.8G       784M       3.1G       5.7M        54M       327M

MemTotal:        4016004 kB
MemFree:         3212388 kB
Active:           446296 kB
Mem:          3.8G       784M       3.1G       5.7M        54M       327M

MemTotal:        4016004 kB
MemFree:         3212000 kB
Active:           446328 kB
Mem:          3.8G       784M       3.1G       5.7M        54M       327M

MemTotal:        4016004 kB
MemFree:         3211984 kB
Active:           446328 kB
Mem:          3.8G       784M       3.1G       5.7M        54M       327M

MemTotal:        4016004 kB
MemFree:         3212480 kB
Active:           446296 kB
Mem:          3.8G       785M       3.1G       5.7M        54M       327M

MemTotal:        4016004 kB
MemFree:         3212356 kB
Active:           446276 kB
Mem:          3.8G       784M       3.1G       5.7M        54M       327M

MemTotal:        4016004 kB
MemFree:         3212340 kB
Active:           446304 kB
Mem:          3.8G       784M       3.1G       5.7M        54M       327M

MemTotal:        4016004 kB
MemFree:         3212900 kB
Active:           446296 kB
Mem:          3.8G       784M       3.1G       5.7M        54M       327M

MemTotal:        4016004 kB
MemFree:         3212900 kB
Active:           446328 kB
Mem:          3.8G       784M       3.1G       5.7M        54M       327M

MemTotal:        4016004 kB
MemFree:         3212900 kB
Active:           446284 kB
Mem:          3.8G       784M       3.1G       5.7M        54M       327M

MemTotal:        4016004 kB
MemFree:         3212776 kB
Active:           446288 kB
Mem:          3.8G       784M       3.1G       5.7M        54M       327M

MemTotal:        4016004 kB
MemFree:         3212900 kB
Active:           446300 kB
Mem:          3.8G       784M       3.1G       5.7M        54M       327M

MemTotal:        4016004 kB
MemFree:         3212900 kB
Active:           446308 kB
Mem:          3.8G       784M       3.1G       5.7M        54M       327M

MemTotal:        4016004 kB
MemFree:         3212616 kB
Active:           444400 kB
Mem:          3.8G       784M       3.1G       5.7M        54M       327M

MemTotal:        4016004 kB
MemFree:         3212868 kB
Active:           444316 kB
Mem:          3.8G       784M       3.1G       5.7M        54M       327M

MemTotal:        4016004 kB
MemFree:         3212868 kB
Active:           446352 kB
Mem:          3.8G       784M       3.1G       5.7M        54M       327M

MemTotal:        4016004 kB
MemFree:         3213116 kB
Active:           446312 kB
Mem:          3.8G       783M       3.1G       5.7M        54M       327M

MemTotal:        4016004 kB
MemFree:         3212744 kB
Active:           446368 kB
Mem:          3.8G       784M       3.1G       5.7M        54M       327M

MemTotal:        4016004 kB
MemFree:         3212868 kB
Active:           446336 kB
Mem:          3.8G       784M       3.1G       5.7M        54M       327M

MemTotal:        4016004 kB
MemFree:         3212992 kB
Active:           446352 kB
Mem:          3.8G       784M       3.1G       5.7M        54M       327M

MemTotal:        4016004 kB
MemFree:         3213116 kB
Active:           446356 kB
Mem:          3.8G       784M       3.1G       5.7M        54M       327M

MemTotal:        4016004 kB
MemFree:         3213240 kB
Active:           446324 kB
Mem:          3.8G       784M       3.1G       5.7M        54M       327M

MemTotal:        4016004 kB
MemFree:         3213492 kB
Active:           446352 kB
Mem:          3.8G       783M       3.1G       5.7M        54M       327M

MemTotal:        4016004 kB
MemFree:         3213200 kB
Active:           444420 kB
Mem:          3.8G       783M       3.1G       5.7M        54M       327M

MemTotal:        4016004 kB
MemFree:         3213304 kB
Active:           446324 kB
Mem:          3.8G       784M       3.1G       5.7M        54M       327M

MemTotal:        4016004 kB
MemFree:         3213412 kB
Active:           446356 kB
Mem:          3.8G       783M       3.1G       5.7M        54M       327M

MemTotal:        4016004 kB
MemFree:         3213272 kB
Active:           446332 kB
Mem:          3.8G       784M       3.1G       5.7M        54M       327M

MemTotal:        4016004 kB
MemFree:         3213256 kB
Active:           446368 kB
Mem:          3.8G       783M       3.1G       5.7M        54M       327M

MemTotal:        4016004 kB
MemFree:         3213256 kB
Active:           446336 kB
Mem:          3.8G       784M       3.1G       5.7M        54M       327M

MemTotal:        4016004 kB
MemFree:         3213132 kB
Active:           446384 kB
Mem:          3.8G       784M       3.1G       5.7M        54M       327M

MemTotal:        4016004 kB
MemFree:         3213008 kB
Active:           446388 kB
Mem:          3.8G       784M       3.1G       5.7M        54M       327M

MemTotal:        4016004 kB
MemFree:         3213380 kB
Active:           446384 kB
Mem:          3.8G       784M       3.1G       5.7M        54M       327M

MemTotal:        4016004 kB
MemFree:         3213132 kB
Active:           446344 kB
Mem:          3.8G       784M       3.1G       5.7M        54M       327M

MemTotal:        4016004 kB
MemFree:         3213132 kB
Active:           446348 kB
Mem:          3.8G       784M       3.1G       5.7M        54M       327M

MemTotal:        4016004 kB
MemFree:         3212744 kB
Active:           446404 kB
Mem:          3.8G       784M       3.1G       5.7M        54M       327M

MemTotal:        4016004 kB
MemFree:         3212976 kB
Active:           446396 kB
Mem:          3.8G       784M       3.1G       5.7M        54M       327M

MemTotal:        4016004 kB
MemFree:         3212604 kB
Active:           446404 kB
Mem:          3.8G       784M       3.1G       5.7M        54M       327M

MemTotal:        4016004 kB
MemFree:         3212712 kB
Active:           446404 kB
Mem:          3.8G       784M       3.1G       5.7M        54M       327M

MemTotal:        4016004 kB
MemFree:         3213068 kB
Active:           446376 kB
Mem:          3.8G       784M       3.1G       5.7M        54M       327M

MemTotal:        4016004 kB
MemFree:         3213068 kB
Active:           446392 kB
Mem:          3.8G       784M       3.1G       5.7M        54M       327M

MemTotal:        4016004 kB
MemFree:         3213192 kB
Active:           446408 kB
Mem:          3.8G       783M       3.1G       5.7M        54M       327M

MemTotal:        4016004 kB
MemFree:         3213192 kB
Active:           446416 kB
Mem:          3.8G       784M       3.1G       5.7M        54M       327M

MemTotal:        4016004 kB
MemFree:         3213068 kB
Active:           446380 kB
Mem:          3.8G       784M       3.1G       5.7M        54M       327M

MemTotal:        4016004 kB
MemFree:         3213116 kB
Active:           446416 kB
Mem:          3.8G       784M       3.1G       5.7M        54M       327M

MemTotal:        4016004 kB
MemFree:         3213116 kB
Active:           446384 kB
Mem:          3.8G       784M       3.1G       5.7M        54M       327M

MemTotal:        4016004 kB
MemFree:         3213116 kB
Active:           446416 kB
Mem:          3.8G       783M       3.1G       5.7M        54M       327M

MemTotal:        4016004 kB
MemFree:         3213364 kB
Active:           446380 kB
Mem:          3.8G       784M       3.1G       5.7M        54M       327M

MemTotal:        4016004 kB
MemFree:         3213240 kB
Active:           446392 kB
Mem:          3.8G       784M       3.1G       5.7M        54M       327M

MemTotal:        4016004 kB
MemFree:         3212744 kB
Active:           446432 kB
Mem:          3.8G       784M       3.1G       5.7M        54M       327M

MemTotal:        4016004 kB
MemFree:         3213100 kB
Active:           446384 kB
Mem:          3.8G       784M       3.1G       5.7M        54M       327M

MemTotal:        4016004 kB
MemFree:         3212696 kB
Active:           446728 kB
Mem:          3.8G       784M       3.1G       5.7M        54M       327M

MemTotal:        4016004 kB
MemFree:         3172792 kB
Active:           447380 kB
Mem:          3.8G       823M       3.0G       5.7M        54M       366M

MemTotal:        4016004 kB
MemFree:         3129536 kB
Active:           447424 kB
Mem:          3.8G       865M       3.0G       5.7M        55M       408M

MemTotal:        4016004 kB
MemFree:         3085032 kB
Active:           447400 kB
Mem:          3.8G       909M       2.9G       5.7M        55M       450M

MemTotal:        4016004 kB
MemFree:         3042016 kB
Active:           447416 kB
Mem:          3.8G       952M       2.9G       5.7M        55M       493M

MemTotal:        4016004 kB
MemFree:         2998148 kB
Active:           447492 kB
Mem:          3.8G       994M       2.9G       5.7M        55M       534M

MemTotal:        4016004 kB
MemFree:         2953768 kB
Active:           447516 kB
Mem:          3.8G       1.0G       2.8G       5.7M        55M       576M

MemTotal:        4016004 kB
MemFree:         2910396 kB
Active:           447532 kB
Mem:          3.8G       1.1G       2.8G       5.7M        55M       618M

MemTotal:        4016004 kB
MemFree:         2866900 kB
Active:           447560 kB
Mem:          3.8G       1.1G       2.7G       5.7M        55M       660M

MemTotal:        4016004 kB
MemFree:         2822964 kB
Active:           447584 kB
Mem:          3.8G       1.1G       2.7G       5.7M        55M       702M

MemTotal:        4016004 kB
MemFree:         2778708 kB
Active:           447616 kB
Mem:          3.8G       1.2G       2.6G       5.7M        55M       743M

MemTotal:        4016004 kB
MemFree:         2735216 kB
Active:           447592 kB
Mem:          3.8G       1.2G       2.6G       5.7M        55M       785M

MemTotal:        4016004 kB
MemFree:         2691404 kB
Active:           447660 kB
Mem:          3.8G       1.3G       2.6G       5.7M        55M       827M

MemTotal:        4016004 kB
MemFree:         2646108 kB
Active:           449736 kB
Mem:          3.8G       1.3G       2.5G       5.7M        55M       869M

MemTotal:        4016004 kB
MemFree:         2604348 kB
Active:           449732 kB
Mem:          3.8G       1.3G       2.5G       5.7M        55M       909M

MemTotal:        4016004 kB
MemFree:         2560200 kB
Active:           449756 kB
Mem:          3.8G       1.4G       2.4G       5.7M        55M       952M

MemTotal:        4016004 kB
MemFree:         2516672 kB
Active:           449792 kB
Mem:          3.8G       1.4G       2.4G       5.7M        55M       994M

MemTotal:        4016004 kB
MemFree:         2473448 kB
Active:           449812 kB
Mem:          3.8G       1.5G       2.4G       5.7M        55M       1.0G

MemTotal:        4016004 kB
MemFree:         2429936 kB
Active:           449836 kB
Mem:          3.8G       1.5G       2.3G       5.7M        55M       1.1G

MemTotal:        4016004 kB
MemFree:         2386024 kB
Active:           449860 kB
Mem:          3.8G       1.6G       2.3G       5.7M        55M       1.1G

MemTotal:        4016004 kB
MemFree:         2343024 kB
Active:           449888 kB
Mem:          3.8G       1.6G       2.2G       5.7M        55M       1.1G

MemTotal:        4016004 kB
MemFree:         2301172 kB
Active:           449904 kB
Mem:          3.8G       1.6G       2.2G       5.7M        55M       1.2G

MemTotal:        4016004 kB
MemFree:         2257988 kB
Active:           449920 kB
Mem:          3.8G       1.7G       2.2G       5.7M        55M       1.2G

MemTotal:        4016004 kB
MemFree:         2213376 kB
Active:           449948 kB
Mem:          3.8G       1.7G       2.1G       5.7M        55M       1.3G

MemTotal:        4016004 kB
MemFree:         2170144 kB
Active:           449988 kB
Mem:          3.8G       1.8G       2.1G       5.7M        55M       1.3G

MemTotal:        4016004 kB
MemFree:         2125556 kB
Active:           450012 kB
Mem:          3.8G       1.8G       2.0G       5.7M        55M       1.3G

MemTotal:        4016004 kB
MemFree:         2083752 kB
Active:           450036 kB
Mem:          3.8G       1.8G       2.0G       5.7M        55M       1.4G

MemTotal:        4016004 kB
MemFree:         2039532 kB
Active:           450056 kB
Mem:          3.8G       1.9G       1.9G       5.7M        55M       1.4G

MemTotal:        4016004 kB
MemFree:         1996968 kB
Active:           450084 kB
Mem:          3.8G       1.9G       1.9G       5.7M        55M       1.5G

MemTotal:        4016004 kB
MemFree:         1954324 kB
Active:           450108 kB
Mem:          3.8G       2.0G       1.9G       5.7M        55M       1.5G

MemTotal:        4016004 kB
MemFree:         1910336 kB
Active:           450140 kB
Mem:          3.8G       2.0G       1.8G       5.7M        55M       1.5G

MemTotal:        4016004 kB
MemFree:         1867016 kB
Active:           450176 kB
Mem:          3.8G       2.1G       1.8G       5.7M        55M       1.6G

MemTotal:        4016004 kB
MemFree:         1822544 kB
Active:           450216 kB
Mem:          3.8G       2.1G       1.7G       5.7M        55M       1.6G

MemTotal:        4016004 kB
MemFree:         1778332 kB
Active:           450196 kB
Mem:          3.8G       2.1G       1.7G       5.7M        55M       1.7G

MemTotal:        4016004 kB
MemFree:         1736392 kB
Active:           450264 kB
Mem:          3.8G       2.2G       1.7G       5.7M        55M       1.7G

MemTotal:        4016004 kB
MemFree:         1692184 kB
Active:           450284 kB
Mem:          3.8G       2.2G       1.6G       5.7M        55M       1.7G

MemTotal:        4016004 kB
MemFree:         1649480 kB
Active:           450316 kB
Mem:          3.8G       2.3G       1.6G       5.7M        55M       1.8G

MemTotal:        4016004 kB
MemFree:         1605472 kB
Active:           450348 kB
Mem:          3.8G       2.3G       1.5G       5.7M        55M       1.8G

MemTotal:        4016004 kB
MemFree:         1561356 kB
Active:           450368 kB
Mem:          3.8G       2.3G       1.5G       5.7M        55M       1.9G

MemTotal:        4016004 kB
MemFree:         1518604 kB
Active:           450388 kB
Mem:          3.8G       2.4G       1.4G       5.7M        55M       1.9G

MemTotal:        4016004 kB
MemFree:         1474888 kB
Active:           450416 kB
Mem:          3.8G       2.4G       1.4G       5.7M        55M       1.9G

MemTotal:        4016004 kB
MemFree:         1430368 kB
Active:           450444 kB
Mem:          3.8G       2.5G       1.4G       5.7M        55M       2.0G

MemTotal:        4016004 kB
MemFree:         1387216 kB
Active:           450468 kB
Mem:          3.8G       2.5G       1.3G       5.7M        55M       2.0G

MemTotal:        4016004 kB
MemFree:         1343636 kB
Active:           450496 kB
Mem:          3.8G       2.5G       1.3G       5.7M        55M       2.1G

MemTotal:        4016004 kB
MemFree:         1300460 kB
Active:           450520 kB
Mem:          3.8G       2.6G       1.2G       5.7M        55M       2.1G

MemTotal:        4016004 kB
MemFree:         1258016 kB
Active:           450548 kB
Mem:          3.8G       2.6G       1.2G       5.7M        55M       2.2G

MemTotal:        4016004 kB
MemFree:         1214520 kB
Active:           450576 kB
Mem:          3.8G       2.7G       1.2G       5.7M        56M       2.2G

MemTotal:        4016004 kB
MemFree:         1170720 kB
Active:           450596 kB
Mem:          3.8G       2.7G       1.1G       5.7M        56M       2.2G

MemTotal:        4016004 kB
MemFree:         1127740 kB
Active:           450624 kB
Mem:          3.8G       2.8G       1.1G       5.7M        56M       2.3G

MemTotal:        4016004 kB
MemFree:         1083460 kB
Active:           450652 kB
Mem:          3.8G       2.8G       1.0G       5.7M        56M       2.3G

MemTotal:        4016004 kB
MemFree:         1040832 kB
Active:           450676 kB
Mem:          3.8G       2.8G       1.0G       5.7M        56M       2.4G

MemTotal:        4016004 kB
MemFree:          999104 kB
Active:           450692 kB
Mem:          3.8G       2.9G       974M       5.7M        56M       2.4G

MemTotal:        4016004 kB
MemFree:          956104 kB
Active:           450720 kB
Mem:          3.8G       2.9G       933M       5.7M        56M       2.4G

MemTotal:        4016004 kB
MemFree:          910432 kB
Active:           452848 kB
Mem:          3.8G       3.0G       889M       5.7M        56M       2.5G

MemTotal:        4016004 kB
MemFree:          867140 kB
Active:           452836 kB
Mem:          3.8G       3.0G       846M       5.7M        56M       2.5G

MemTotal:        4016004 kB
MemFree:          824460 kB
Active:           452800 kB
Mem:          3.8G       3.0G       804M       5.7M        56M       2.6G

MemTotal:        4016004 kB
MemFree:          780404 kB
Active:           452880 kB
Mem:          3.8G       3.1G       761M       5.7M        56M       2.6G

MemTotal:        4016004 kB
MemFree:          736604 kB
Active:           452900 kB
Mem:          3.8G       3.1G       719M       5.7M        56M       2.6G

MemTotal:        4016004 kB
MemFree:          695448 kB
Active:           452888 kB
Mem:          3.8G       3.2G       677M       5.7M        56M       2.7G

MemTotal:        4016004 kB
MemFree:          651332 kB
Active:           452908 kB
Mem:          3.8G       3.2G       635M       5.7M        56M       2.7G

MemTotal:        4016004 kB
MemFree:          608836 kB
Active:           452976 kB
Mem:          3.8G       3.3G       593M       5.7M        56M       2.8G

MemTotal:        4016004 kB
MemFree:          563960 kB
Active:           453004 kB
Mem:          3.8G       3.3G       549M       5.7M        56M       2.8G

MemTotal:        4016004 kB
MemFree:          519968 kB
Active:           453036 kB
Mem:          3.8G       3.3G       507M       5.7M        56M       2.8G

MemTotal:        4016004 kB
MemFree:          477712 kB
Active:           453104 kB
Mem:          3.8G       3.4G       465M       5.7M        56M       2.9G

MemTotal:        4016004 kB
MemFree:          433204 kB
Active:           453076 kB
Mem:          3.8G       3.4G       423M       5.7M        56M       2.9G

MemTotal:        4016004 kB
MemFree:          389692 kB
Active:           453120 kB
Mem:          3.8G       3.5G       380M       5.7M        56M       3.0G

MemTotal:        4016004 kB
MemFree:          344848 kB
Active:           453140 kB
Mem:          3.8G       3.5G       336M       5.7M        56M       3.0G

MemTotal:        4016004 kB
MemFree:          300328 kB
Active:           453156 kB
Mem:          3.8G       3.5G       292M       5.7M        56M       3.1G

MemTotal:        4016004 kB
MemFree:          257924 kB
Active:           453188 kB
Mem:          3.8G       3.6G       251M       5.7M        56M       3.1G

MemTotal:        4016004 kB
MemFree:          213668 kB
Active:           453216 kB
Mem:          3.8G       3.6G       208M       5.7M        56M       3.1G

MemTotal:        4016004 kB
MemFree:          170340 kB
Active:           453240 kB
Mem:          3.8G       3.7G       165M       5.7M        56M       3.2G

MemTotal:        4016004 kB
MemFree:          126132 kB
Active:           453260 kB
Mem:          3.8G       3.7G       123M       5.7M        56M       3.2G

MemTotal:        4016004 kB
MemFree:          134436 kB
Active:           456552 kB
Mem:          3.8G       3.7G       130M       5.7M        23M       3.2G

MemTotal:        4016004 kB
MemFree:          127564 kB
Active:           467192 kB
Mem:          3.8G       3.7G       124M       5.7M        23M       3.2G

MemTotal:        4016004 kB
MemFree:          133396 kB
Active:           515204 kB
Mem:          3.8G       3.7G       130M       5.7M        23M       3.2G

MemTotal:        4016004 kB
MemFree:          122268 kB
Active:           512136 kB
Mem:          3.8G       3.7G       123M       5.7M        23M       3.2G

MemTotal:        4016004 kB
MemFree:          126572 kB
Active:           505676 kB
Mem:          3.8G       3.7G       123M       5.7M        23M       3.2G

MemTotal:        4016004 kB
MemFree:          127732 kB
Active:           500284 kB
Mem:          3.8G       3.7G       124M       5.7M        23M       3.2G

MemTotal:        4016004 kB
MemFree:          130164 kB
Active:           492620 kB
Mem:          3.8G       3.7G       127M       5.7M        23M       3.2G

MemTotal:        4016004 kB
MemFree:          123540 kB
Active:           489188 kB
Mem:          3.8G       3.7G       120M       5.7M        23M       3.2G

MemTotal:        4016004 kB
MemFree:          127612 kB
Active:           485120 kB
Mem:          3.8G       3.7G       124M       5.7M        23M       3.2G

MemTotal:        4016004 kB
MemFree:          144712 kB
Active:           479640 kB
Mem:          3.8G       3.7G       141M       5.7M        23M       3.2G

MemTotal:        4016004 kB
MemFree:          126192 kB
Active:           477872 kB
Mem:          3.8G       3.7G       122M       5.7M        23M       3.2G

MemTotal:        4016004 kB
MemFree:          123692 kB
Active:           473672 kB
Mem:          3.8G       3.7G       120M       5.7M        23M       3.2G

MemTotal:        4016004 kB
MemFree:          106132 kB
Active:           470884 kB
Mem:          3.8G       3.7G       103M       5.7M        23M       3.3G

MemTotal:        4016004 kB
MemFree:          105544 kB
Active:           468604 kB
Mem:          3.8G       3.7G       102M       5.7M        23M       3.3G

MemTotal:        4016004 kB
MemFree:          127692 kB
Active:           466328 kB
Mem:          3.8G       3.7G       124M       5.7M        23M       3.2G

MemTotal:        4016004 kB
MemFree:          119460 kB
Active:           465204 kB
Mem:          3.8G       3.7G       116M       5.7M        23M       3.3G

MemTotal:        4016004 kB
MemFree:          123216 kB
Active:           463304 kB
Mem:          3.8G       3.7G       120M       5.7M        23M       3.2G

MemTotal:        4016004 kB
MemFree:          132972 kB
Active:           461160 kB
Mem:          3.8G       3.7G       129M       5.7M        23M       3.2G

MemTotal:        4016004 kB
MemFree:          124960 kB
Active:           460160 kB
Mem:          3.8G       3.7G       121M       5.7M        23M       3.2G

MemTotal:        4016004 kB
MemFree:          117256 kB
Active:           459024 kB
Mem:          3.8G       3.7G       113M       5.7M        23M       3.3G

MemTotal:        4016004 kB
MemFree:          128332 kB
Active:           457388 kB
Mem:          3.8G       3.7G       125M       5.7M        23M       3.2G

MemTotal:        4016004 kB
MemFree:          126416 kB
Active:           453740 kB
Mem:          3.8G       3.7G       123M       5.7M        23M       3.2G

MemTotal:        4016004 kB
MemFree:          138596 kB
Active:           451976 kB
Mem:          3.8G       3.7G       135M       5.7M        23M       3.2G

MemTotal:        4016004 kB
MemFree:          146480 kB
Active:           450328 kB
Mem:          3.8G       3.7G       142M       5.7M        23M       3.2G

MemTotal:        4016004 kB
MemFree:          128900 kB
Active:           449844 kB
Mem:          3.8G       3.7G       124M       5.7M        23M       3.2G

MemTotal:        4016004 kB
MemFree:          124344 kB
Active:           448460 kB
Mem:          3.8G       3.7G       121M       5.7M        23M       3.2G

MemTotal:        4016004 kB
MemFree:          122520 kB
Active:           446828 kB
Mem:          3.8G       3.7G       119M       5.7M        23M       3.2G

MemTotal:        4016004 kB
MemFree:          109976 kB
Active:           445836 kB
Mem:          3.8G       3.7G       107M       5.7M        23M       3.3G

MemTotal:        4016004 kB
MemFree:          126924 kB
Active:           444192 kB
Mem:          3.8G       3.7G       123M       5.7M        23M       3.2G

MemTotal:        4016004 kB
MemFree:          126700 kB
Active:           442684 kB
Mem:          3.8G       3.7G       123M       5.7M        23M       3.2G

MemTotal:        4016004 kB
MemFree:          126500 kB
Active:           440788 kB
Mem:          3.8G       3.7G       123M       5.7M        23M       3.2G

MemTotal:        4016004 kB
MemFree:          119092 kB
Active:           439788 kB
Mem:          3.8G       3.7G       115M       5.7M        23M       3.2G

MemTotal:        4016004 kB
MemFree:          135520 kB
Active:           437636 kB
Mem:          3.8G       3.7G       132M       5.7M        23M       3.2G

MemTotal:        4016004 kB
MemFree:          130208 kB
Active:           436636 kB
Mem:          3.8G       3.7G       126M       5.7M        23M       3.2G

MemTotal:        4016004 kB
MemFree:          121540 kB
Active:           435512 kB
Mem:          3.8G       3.7G       118M       5.7M        23M       3.2G

MemTotal:        4016004 kB
MemFree:          127380 kB
Active:           433868 kB
Mem:          3.8G       3.7G       123M       5.7M        23M       3.2G

MemTotal:        4016004 kB
MemFree:          137212 kB
Active:           431708 kB
Mem:          3.8G       3.7G       133M       5.7M        23M       3.2G

MemTotal:        4016004 kB
MemFree:          130612 kB
Active:           430724 kB
Mem:          3.8G       3.7G       127M       5.7M        23M       3.2G

MemTotal:        4016004 kB
MemFree:          122156 kB
Active:           429608 kB
Mem:          3.8G       3.7G       119M       5.7M        23M       3.2G

MemTotal:        4016004 kB
MemFree:          132840 kB
Active:           425536 kB
Mem:          3.8G       3.7G       128M       5.7M        24M       3.2G

MemTotal:        4016004 kB
MemFree:          125424 kB
Active:           426476 kB
Mem:          3.8G       3.7G       122M       5.7M        24M       3.2G

MemTotal:        4016004 kB
MemFree:          119952 kB
Active:           425336 kB
Mem:          3.8G       3.7G       115M       5.7M        24M       3.3G

MemTotal:        4016004 kB
MemFree:          113572 kB
Active:           424188 kB
Mem:          3.8G       3.7G       110M       5.7M        24M       3.3G

MemTotal:        4016004 kB
MemFree:          104752 kB
Active:           422960 kB
Mem:          3.8G       3.7G       108M       5.7M        24M       3.3G

MemTotal:        4016004 kB
MemFree:          128796 kB
Active:           420932 kB
Mem:          3.8G       3.7G       125M       5.7M        24M       3.2G

MemTotal:        4016004 kB
MemFree:          111052 kB
Active:           420308 kB
Mem:          3.8G       3.7G       108M       5.7M        24M       3.3G

MemTotal:        4016004 kB
MemFree:          126836 kB
Active:           418540 kB
Mem:          3.8G       3.7G       123M       5.7M        24M       3.2G

MemTotal:        4016004 kB
MemFree:          122544 kB
Active:           417168 kB
Mem:          3.8G       3.7G       119M       5.7M        24M       3.2G

MemTotal:        4016004 kB
MemFree:          106808 kB
Active:           416300 kB
Mem:          3.8G       3.7G       104M       5.7M        24M       3.3G

MemTotal:        4016004 kB
MemFree:          124860 kB
Active:           414536 kB
Mem:          3.8G       3.7G       121M       5.7M        24M       3.2G

MemTotal:        4016004 kB
MemFree:          123464 kB
Active:           413152 kB
Mem:          3.8G       3.7G       120M       5.7M        24M       3.2G

MemTotal:        4016004 kB
MemFree:          119476 kB
Active:           411884 kB
Mem:          3.8G       3.7G       116M       5.7M        24M       3.2G

MemTotal:        4016004 kB
MemFree:          104904 kB
Active:           410904 kB
Mem:          3.8G       3.7G       107M       5.7M        24M       3.3G

MemTotal:        4016004 kB
MemFree:          127696 kB
Active:           404780 kB
Mem:          3.8G       3.7G       124M       5.7M        24M       3.2G

MemTotal:        4016004 kB
MemFree:          118884 kB
Active:           403528 kB
Mem:          3.8G       3.7G       116M       5.7M        24M       3.2G

MemTotal:        4016004 kB
MemFree:          107432 kB
Active:           402648 kB
Mem:          3.8G       3.7G       104M       5.7M        24M       3.3G

MemTotal:        4016004 kB
MemFree:          134844 kB
Active:           400228 kB
Mem:          3.8G       3.7G       130M       5.7M        24M       3.2G

MemTotal:        4016004 kB
MemFree:          115012 kB
Active:           399372 kB
Mem:          3.8G       3.7G       111M       5.7M        24M       3.3G

MemTotal:        4016004 kB
MemFree:          107988 kB
Active:           398372 kB
Mem:          3.8G       3.7G       104M       5.7M        24M       3.3G

MemTotal:        4016004 kB
MemFree:          117440 kB
Active:           396352 kB
Mem:          3.8G       3.7G       114M       5.7M        24M       3.3G

MemTotal:        4016004 kB
MemFree:          110596 kB
Active:           395212 kB
Mem:          3.8G       3.7G       106M       5.7M        24M       3.3G

MemTotal:        4016004 kB
MemFree:          108144 kB
Active:           393836 kB
Mem:          3.8G       3.7G       105M       5.7M        24M       3.3G

MemTotal:        4016004 kB
MemFree:          112144 kB
Active:           392052 kB
Mem:          3.8G       3.7G       109M       5.7M        24M       3.3G

MemTotal:        4016004 kB
MemFree:          104992 kB
Active:           390788 kB
Mem:          3.8G       3.7G       107M       5.7M        24M       3.3G

MemTotal:        4016004 kB
MemFree:          124260 kB
Active:           388892 kB
Mem:          3.8G       3.7G       121M       5.7M        24M       3.2G

MemTotal:        4016004 kB
MemFree:          133872 kB
Active:           386708 kB
Mem:          3.8G       3.7G       130M       5.7M        24M       3.2G

MemTotal:        4016004 kB
MemFree:          144392 kB
Active:           386508 kB
Mem:          3.8G       3.7G       141M       5.7M        24M       3.2G

MemTotal:        4016004 kB
MemFree:          125484 kB
Active:           386304 kB
Mem:          3.8G       3.7G       122M       5.7M        24M       3.2G

MemTotal:        4016004 kB
MemFree:          124260 kB
Active:           386204 kB
Mem:          3.8G       3.7G       121M       5.7M        24M       3.2G

MemTotal:        4016004 kB
MemFree:          106212 kB
Active:           387172 kB
Mem:          3.8G       3.7G       103M       5.7M        24M       3.3G

MemTotal:        4016004 kB
MemFree:          126296 kB
Active:           385120 kB
Mem:          3.8G       3.7G       123M       5.7M        24M       3.2G

MemTotal:        4016004 kB
MemFree:          121124 kB
Active:           385144 kB
Mem:          3.8G       3.7G       118M       5.7M        24M       3.2G

MemTotal:        4016004 kB
MemFree:          112472 kB
Active:           385180 kB
Mem:          3.8G       3.7G       109M       5.7M        24M       3.3G

MemTotal:        4016004 kB
MemFree:          117832 kB
Active:           385192 kB
Mem:          3.8G       3.7G       115M       5.7M        24M       3.2G

MemTotal:        4016004 kB
MemFree:          124080 kB
Active:           385216 kB
Mem:          3.8G       3.7G       121M       5.7M        24M       3.2G

MemTotal:        4016004 kB
MemFree:          117356 kB
Active:           385240 kB
Mem:          3.8G       3.7G       114M       5.7M        24M       3.2G

MemTotal:        4016004 kB
MemFree:          124984 kB
Active:           385260 kB
Mem:          3.8G       3.7G       122M       5.7M        24M       3.2G

MemTotal:        4016004 kB
MemFree:          117868 kB
Active:           385188 kB
Mem:          3.8G       3.7G       115M       5.7M        24M       3.2G

MemTotal:        4016004 kB
MemFree:          124124 kB
Active:           385320 kB
Mem:          3.8G       3.7G       120M       5.7M        24M       3.2G

MemTotal:        4016004 kB
MemFree:          143096 kB
Active:           384188 kB
Mem:          3.8G       3.7G       139M       5.7M        24M       3.2G

MemTotal:        4016004 kB
MemFree:          111824 kB
Active:           385808 kB
Mem:          3.8G       3.7G       109M       5.7M        24M       3.3G

MemTotal:        4016004 kB
MemFree:          129780 kB
Active:           385476 kB
Mem:          3.8G       3.7G       126M       5.7M        24M       3.2G

MemTotal:        4016004 kB
MemFree:          123172 kB
Active:           385544 kB
Mem:          3.8G       3.7G       120M       5.7M        24M       3.2G

MemTotal:        4016004 kB
MemFree:          134528 kB
Active:           385560 kB
Mem:          3.8G       3.7G       131M       5.7M        24M       3.2G

MemTotal:        4016004 kB
MemFree:          127856 kB
Active:           385604 kB
Mem:          3.8G       3.7G       124M       5.7M        25M       3.2G

MemTotal:        4016004 kB
MemFree:          120916 kB
Active:           385628 kB
Mem:          3.8G       3.7G       118M       5.7M        25M       3.2G

MemTotal:        4016004 kB
MemFree:          114992 kB
Active:           385648 kB
Mem:          3.8G       3.7G       111M       5.7M        25M       3.3G

MemTotal:        4016004 kB
MemFree:          113084 kB
Active:           385680 kB
Mem:          3.8G       3.7G       110M       5.7M        25M       3.3G

MemTotal:        4016004 kB
MemFree:          107276 kB
Active:           385432 kB
Mem:          3.8G       3.7G       104M       5.7M        25M       3.3G

MemTotal:        4016004 kB
MemFree:          112152 kB
Active:           385264 kB
Mem:          3.8G       3.7G       109M       5.7M        25M       3.3G

MemTotal:        4016004 kB
MemFree:          105348 kB
Active:           385284 kB
Mem:          3.8G       3.7G       102M       5.7M        25M       3.3G

MemTotal:        4016004 kB
MemFree:          109868 kB
Active:           385304 kB
Mem:          3.8G       3.7G       107M       5.7M        25M       3.3G

MemTotal:        4016004 kB
MemFree:          134064 kB
Active:           385328 kB
Mem:          3.8G       3.7G       130M       5.7M        25M       3.2G

MemTotal:        4016004 kB
MemFree:          127100 kB
Active:           385356 kB
Mem:          3.8G       3.7G       123M       5.7M        25M       3.2G

MemTotal:        4016004 kB
MemFree:          121912 kB
Active:           385364 kB
Mem:          3.8G       3.7G       119M       5.7M        25M       3.2G

MemTotal:        4016004 kB
MemFree:          109496 kB
Active:           385392 kB
Mem:          3.8G       3.7G       106M       5.7M        25M       3.3G

MemTotal:        4016004 kB
MemFree:          133184 kB
Active:           379740 kB
Mem:          3.8G       3.7G       129M       5.7M        25M       3.2G

MemTotal:        4016004 kB
MemFree:          112784 kB
Active:           379508 kB
Mem:          3.8G       3.7G       110M       5.7M        25M       3.3G

MemTotal:        4016004 kB
MemFree:          118028 kB
Active:           379504 kB
Mem:          3.8G       3.7G       115M       5.7M        25M       3.2G

MemTotal:        4016004 kB
MemFree:          123708 kB
Active:           379576 kB
Mem:          3.8G       3.7G       120M       5.7M        25M       3.2G

MemTotal:        4016004 kB
MemFree:          117744 kB
Active:           379544 kB
Mem:          3.8G       3.7G       115M       5.7M        25M       3.2G

MemTotal:        4016004 kB
MemFree:          119304 kB
Active:           379576 kB
Mem:          3.8G       3.7G       116M       5.7M        25M       3.2G

MemTotal:        4016004 kB
MemFree:          115452 kB
Active:           379596 kB
Mem:          3.8G       3.7G       112M       5.7M        25M       3.2G

MemTotal:        4016004 kB
MemFree:          124892 kB
Active:           379632 kB
Mem:          3.8G       3.7G       121M       5.7M        25M       3.2G

MemTotal:        4016004 kB
MemFree:          130600 kB
Active:           379640 kB
Mem:          3.8G       3.7G       126M       5.7M        25M       3.2G

MemTotal:        4016004 kB
MemFree:          124276 kB
Active:           379684 kB
Mem:          3.8G       3.7G       120M       5.7M        25M       3.2G

MemTotal:        4016004 kB
MemFree:          127020 kB
Active:           378904 kB
Mem:          3.8G       3.7G       123M       5.7M        25M       3.2G

MemTotal:        4016004 kB
MemFree:          120264 kB
Active:           378852 kB
Mem:          3.8G       3.7G       117M       5.7M        25M       3.2G

MemTotal:        4016004 kB
MemFree:          131496 kB
Active:           378840 kB
Mem:          3.8G       3.7G       128M       5.7M        25M       3.2G

MemTotal:        4016004 kB
MemFree:          130772 kB
Active:           378856 kB
Mem:          3.8G       3.7G       127M       5.7M        25M       3.2G

MemTotal:        4016004 kB
MemFree:          123392 kB
Active:           378892 kB
Mem:          3.8G       3.7G       120M       5.7M        25M       3.2G

MemTotal:        4016004 kB
MemFree:          134512 kB
Active:           378936 kB
Mem:          3.8G       3.7G       130M       5.7M        25M       3.2G

MemTotal:        4016004 kB
MemFree:          127388 kB
Active:           378960 kB
Mem:          3.8G       3.7G       124M       5.7M        25M       3.2G

MemTotal:        4016004 kB
MemFree:          125348 kB
Active:           378992 kB
Mem:          3.8G       3.7G       122M       5.7M        25M       3.2G

MemTotal:        4016004 kB
MemFree:          121680 kB
Active:           379008 kB
Mem:          3.8G       3.7G       118M       5.7M        25M       3.2G

MemTotal:        4016004 kB
MemFree:          115820 kB
Active:           376996 kB
Mem:          3.8G       3.7G       113M       5.7M        25M       3.2G

MemTotal:        4016004 kB
MemFree:          107312 kB
Active:           376936 kB
Mem:          3.8G       3.7G       105M       5.7M        25M       3.3G

MemTotal:        4016004 kB
MemFree:          114992 kB
Active:           376984 kB
Mem:          3.8G       3.7G       112M       5.7M        25M       3.2G

MemTotal:        4016004 kB
MemFree:          135636 kB
Active:           376984 kB
Mem:          3.8G       3.7G       132M       5.7M        25M       3.2G

MemTotal:        4016004 kB
MemFree:          127160 kB
Active:           377012 kB
Mem:          3.8G       3.7G       124M       5.7M        25M       3.2G

MemTotal:        4016004 kB
MemFree:          137816 kB
Active:           377024 kB
Mem:          3.8G       3.7G       134M       5.7M        25M       3.2G

MemTotal:        4016004 kB
MemFree:          146432 kB
Active:           378356 kB
Mem:          3.8G       3.7G       143M       5.7M        25M       3.2G

MemTotal:        4016004 kB
MemFree:          128084 kB
Active:           378400 kB
Mem:          3.8G       3.7G       125M       5.7M        25M       3.2G

MemTotal:        4016004 kB
MemFree:          126952 kB
Active:           378248 kB
Mem:          3.8G       3.7G       124M       5.7M        25M       3.2G

MemTotal:        4016004 kB
MemFree:          120064 kB
Active:           378280 kB
Mem:          3.8G       3.7G       117M       5.7M        25M       3.2G

MemTotal:        4016004 kB
MemFree:          114592 kB
Active:           377716 kB
Mem:          3.8G       3.7G       111M       5.7M        25M       3.2G

MemTotal:        4016004 kB
MemFree:          108576 kB
Active:           377628 kB
Mem:          3.8G       3.7G       106M       5.7M        25M       3.2G

MemTotal:        4016004 kB
MemFree:          127624 kB
Active:           377640 kB
Mem:          3.8G       3.7G       123M       5.7M        25M       3.2G

MemTotal:        4016004 kB
MemFree:          120496 kB
Active:           377628 kB
Mem:          3.8G       3.7G       117M       5.7M        25M       3.2G

MemTotal:        4016004 kB
MemFree:          118288 kB
Active:           377656 kB
Mem:          3.8G       3.7G       115M       5.7M        25M       3.2G

MemTotal:        4016004 kB
MemFree:          125248 kB
Active:           379584 kB
Mem:          3.8G       3.7G       122M       5.7M        25M       3.2G

MemTotal:        4016004 kB
MemFree:          124132 kB
Active:           379504 kB
Mem:          3.8G       3.7G       121M       5.7M        25M       3.2G

MemTotal:        4016004 kB
MemFree:          118292 kB
Active:           379504 kB
Mem:          3.8G       3.7G       115M       5.7M        25M       3.2G

MemTotal:        4016004 kB
MemFree:          105824 kB
Active:           379512 kB
Mem:          3.8G       3.7G       103M       5.7M        26M       3.3G

MemTotal:        4016004 kB
MemFree:          135792 kB
Active:           379536 kB
Mem:          3.8G       3.7G       132M       5.7M        26M       3.2G

MemTotal:        4016004 kB
MemFree:          129248 kB
Active:           368052 kB
Mem:          3.8G       3.7G       126M       5.7M        26M       3.2G

MemTotal:        4016004 kB
MemFree:          123076 kB
Active:           367888 kB
Mem:          3.8G       3.7G       119M       5.7M        26M       3.2G

MemTotal:        4016004 kB
MemFree:          110404 kB
Active:           367880 kB
Mem:          3.8G       3.7G       107M       5.7M        26M       3.2G

MemTotal:        4016004 kB
MemFree:          128512 kB
Active:           367916 kB
Mem:          3.8G       3.7G       124M       5.7M        26M       3.2G

MemTotal:        4016004 kB
MemFree:          122816 kB
Active:           367976 kB
Mem:          3.8G       3.7G       119M       5.7M        26M       3.2G

MemTotal:        4016004 kB
MemFree:          128908 kB
Active:           369212 kB
Mem:          3.8G       3.7G       126M       5.7M        26M       3.2G

MemTotal:        4016004 kB
MemFree:          126228 kB
Active:           369092 kB
Mem:          3.8G       3.7G       123M       5.7M        26M       3.2G

MemTotal:        4016004 kB
MemFree:          133300 kB
Active:           369108 kB
Mem:          3.8G       3.7G       129M       5.7M        26M       3.2G

MemTotal:        4016004 kB
MemFree:          126264 kB
Active:           369056 kB
Mem:          3.8G       3.7G       127M       5.7M        26M       3.2G

MemTotal:        4016004 kB
MemFree:          131952 kB
Active:           368936 kB
Mem:          3.8G       3.7G       128M       5.7M        26M       3.2G

MemTotal:        4016004 kB
MemFree:          140964 kB
Active:           368976 kB
Mem:          3.8G       3.7G       137M       5.7M        26M       3.2G

MemTotal:        4016004 kB
MemFree:          133992 kB
Active:           368940 kB
Mem:          3.8G       3.7G       130M       5.7M        26M       3.2G

MemTotal:        4016004 kB
MemFree:          127544 kB
Active:           369020 kB
Mem:          3.8G       3.7G       124M       5.7M        26M       3.2G

MemTotal:        4016004 kB
MemFree:          112648 kB
Active:           366356 kB
Mem:          3.8G       3.7G       110M       5.7M        26M       3.2G

MemTotal:        4016004 kB
MemFree:          107016 kB
Active:           366208 kB
Mem:          3.8G       3.7G       104M       5.7M        26M       3.2G

MemTotal:        4016004 kB
MemFree:          120848 kB
Active:           366244 kB
Mem:          3.8G       3.7G       118M       5.7M        26M       3.2G

MemTotal:        4016004 kB
MemFree:          114752 kB
Active:           366268 kB
Mem:          3.8G       3.7G       112M       5.7M        26M       3.2G

MemTotal:        4016004 kB
MemFree:          108284 kB
Active:           366296 kB
Mem:          3.8G       3.7G       105M       5.7M        26M       3.2G

MemTotal:        4016004 kB
MemFree:          136324 kB
Active:           366336 kB
Mem:          3.8G       3.7G       133M       5.7M        26M       3.2G

MemTotal:        4016004 kB
MemFree:          107776 kB
Active:           366332 kB
Mem:          3.8G       3.7G       105M       5.7M        26M       3.2G

MemTotal:        4016004 kB
MemFree:          125556 kB
Active:           366380 kB
Mem:          3.8G       3.7G       122M       5.7M        26M       3.2G

MemTotal:        4016004 kB
MemFree:          125684 kB
Active:           366400 kB
Mem:          3.8G       3.7G       122M       5.7M        26M       3.2G

MemTotal:        4016004 kB
MemFree:          124716 kB
Active:           366424 kB
Mem:          3.8G       3.7G       122M       5.7M        26M       3.2G

MemTotal:        4016004 kB
MemFree:          136052 kB
Active:           366448 kB
Mem:          3.8G       3.7G       133M       5.7M        26M       3.2G

MemTotal:        4016004 kB
MemFree:          129556 kB
Active:           366444 kB
Mem:          3.8G       3.7G       126M       5.7M        26M       3.2G

MemTotal:        4016004 kB
MemFree:          112860 kB
Active:           366484 kB
Mem:          3.8G       3.7G       110M       5.7M        26M       3.2G

MemTotal:        4016004 kB
MemFree:          127724 kB
Active:           363420 kB
Mem:          3.8G       3.7G       124M       5.7M        26M       3.2G

MemTotal:        4016004 kB
MemFree:          133412 kB
Active:           363300 kB
Mem:          3.8G       3.7G       130M       5.7M        26M       3.2G

MemTotal:        4016004 kB
MemFree:          126696 kB
Active:           363372 kB
Mem:          3.8G       3.7G       123M       5.7M        26M       3.2G

MemTotal:        4016004 kB
MemFree:          107144 kB
Active:           363400 kB
Mem:          3.8G       3.7G       104M       5.7M        26M       3.2G

MemTotal:        4016004 kB
MemFree:          106840 kB
Active:           363416 kB
Mem:          3.8G       3.7G       104M       5.7M        26M       3.2G

MemTotal:        4016004 kB
MemFree:          107428 kB
Active:           363416 kB
Mem:          3.8G       3.7G       104M       5.7M        26M       3.2G

MemTotal:        4016004 kB
MemFree:          116036 kB
Active:           363428 kB
Mem:          3.8G       3.7G       113M       5.7M        26M       3.2G

MemTotal:        4016004 kB
MemFree:          121844 kB
Active:           363448 kB
Mem:          3.8G       3.7G       118M       5.7M        26M       3.2G

MemTotal:        4016004 kB
MemFree:          127136 kB
Active:           363440 kB
Mem:          3.8G       3.7G       123M       5.7M        26M       3.2G

MemTotal:        4016004 kB
MemFree:          132020 kB
Active:           363660 kB
Mem:          3.8G       3.7G       128M       5.7M        26M       3.2G

MemTotal:        4016004 kB
MemFree:          126748 kB
Active:           366716 kB
Mem:          3.8G       3.7G       123M       5.7M        29M       3.2G

MemTotal:        4016004 kB
MemFree:          118340 kB
Active:           367112 kB
Mem:          3.8G       3.7G       115M       5.7M        29M       3.2G

MemTotal:        4016004 kB
MemFree:          110060 kB
Active:           367108 kB
Mem:          3.8G       3.7G       107M       5.7M        29M       3.2G

MemTotal:        4016004 kB
MemFree:          120796 kB
Active:           366496 kB
Mem:          3.8G       3.7G       117M       5.7M        29M       3.2G

MemTotal:        4016004 kB
MemFree:          114024 kB
Active:           364428 kB
Mem:          3.8G       3.7G       111M       5.7M        29M       3.2G

MemTotal:        4016004 kB
MemFree:          117168 kB
Active:           364260 kB
Mem:          3.8G       3.7G       114M       5.7M        29M       3.2G

MemTotal:        4016004 kB
MemFree:          126704 kB
Active:           364212 kB
Mem:          3.8G       3.7G       123M       5.7M        29M       3.2G

MemTotal:        4016004 kB
MemFree:          104808 kB
Active:           364296 kB
Mem:          3.8G       3.7G       102M       5.7M        29M       3.2G

MemTotal:        4016004 kB
MemFree:          127128 kB
Active:           364160 kB
Mem:          3.8G       3.7G       123M       5.7M        29M       3.2G

MemTotal:        4016004 kB
MemFree:          107020 kB
Active:           364168 kB
Mem:          3.8G       3.7G       104M       5.7M        29M       3.2G

MemTotal:        4016004 kB
MemFree:          134988 kB
Active:           364144 kB
Mem:          3.8G       3.7G       131M       5.7M        29M       3.2G

MemTotal:        4016004 kB
MemFree:          132688 kB
Active:           364116 kB
Mem:          3.8G       3.7G       134M       5.7M        29M       3.2G

MemTotal:        4016004 kB
MemFree:          129588 kB
Active:           364160 kB
Mem:          3.8G       3.7G       125M       5.7M        29M       3.2G

MemTotal:        4016004 kB
MemFree:          128504 kB
Active:           364128 kB
Mem:          3.8G       3.7G       125M       5.7M        29M       3.2G

MemTotal:        4016004 kB
MemFree:          131164 kB
Active:           364136 kB
Mem:          3.8G       3.7G       127M       5.7M        29M       3.2G

MemTotal:        4016004 kB
MemFree:          123072 kB
Active:           364192 kB
Mem:          3.8G       3.7G       119M       5.7M        29M       3.2G

MemTotal:        4016004 kB
MemFree:          131512 kB
Active:           364184 kB
Mem:          3.8G       3.7G       128M       5.7M        29M       3.2G

MemTotal:        4016004 kB
MemFree:          134916 kB
Active:           364148 kB
Mem:          3.8G       3.7G       130M       5.7M        29M       3.2G

MemTotal:        4016004 kB
MemFree:          121480 kB
Active:           364208 kB
Mem:          3.8G       3.7G       118M       5.7M        29M       3.2G

MemTotal:        4016004 kB
MemFree:          126900 kB
Active:           364180 kB
Mem:          3.8G       3.7G       123M       5.7M        29M       3.2G

MemTotal:        4016004 kB
MemFree:          130716 kB
Active:           362424 kB
Mem:          3.8G       3.7G       128M       5.7M        29M       3.2G

MemTotal:        4016004 kB
MemFree:          128624 kB
Active:           362256 kB
Mem:          3.8G       3.7G       125M       5.7M        29M       3.2G

MemTotal:        4016004 kB
MemFree:          120548 kB
Active:           362268 kB
Mem:          3.8G       3.7G       117M       5.7M        29M       3.2G

MemTotal:        4016004 kB
MemFree:          105120 kB
Active:           362268 kB
Mem:          3.8G       3.7G       102M       5.7M        29M       3.2G

MemTotal:        4016004 kB
MemFree:          133284 kB
Active:           362268 kB
Mem:          3.8G       3.7G       130M       5.7M        29M       3.2G

MemTotal:        4016004 kB
MemFree:          125668 kB
Active:           362216 kB
Mem:          3.8G       3.7G       122M       5.7M        29M       3.2G

MemTotal:        4016004 kB
MemFree:          147384 kB
Active:           362268 kB
Mem:          3.8G       3.7G       143M       5.7M        29M       3.2G

MemTotal:        4016004 kB
MemFree:          128368 kB
Active:           362284 kB
Mem:          3.8G       3.7G       124M       5.7M        29M       3.2G

MemTotal:        4016004 kB
MemFree:          110996 kB
Active:           362284 kB
Mem:          3.8G       3.7G       108M       5.7M        29M       3.2G

MemTotal:        4016004 kB
MemFree:          127444 kB
Active:           363704 kB
Mem:          3.8G       3.7G       124M       5.7M        29M       3.2G

MemTotal:        4016004 kB
MemFree:          114932 kB
Active:           363704 kB
Mem:          3.8G       3.7G       112M       5.7M        29M       3.2G

MemTotal:        4016004 kB
MemFree:          105984 kB
Active:           363588 kB
Mem:          3.8G       3.7G       103M       5.7M        29M       3.2G

MemTotal:        4016004 kB
MemFree:          108948 kB
Active:           363588 kB
Mem:          3.8G       3.7G       106M       5.7M        29M       3.2G

MemTotal:        4016004 kB
MemFree:          151480 kB
Active:           363280 kB
Mem:          3.8G       3.7G       147M       5.7M        29M       3.2G

MemTotal:        4016004 kB
MemFree:          151548 kB
Active:           363260 kB
Mem:          3.8G       3.7G       148M       5.7M        29M       3.2G

MemTotal:        4016004 kB
MemFree:          151672 kB
Active:           363268 kB
Mem:          3.8G       3.7G       148M       5.7M        29M       3.2G

MemTotal:        4016004 kB
MemFree:          151672 kB
Active:           363280 kB
Mem:          3.8G       3.7G       148M       5.7M        29M       3.2G

MemTotal:        4016004 kB
MemFree:          151672 kB
Active:           363248 kB
Mem:          3.8G       3.7G       148M       5.7M        29M       3.2G

MemTotal:        4016004 kB
MemFree:          151796 kB
Active:           363248 kB
Mem:          3.8G       3.7G       148M       5.7M        29M       3.2G

MemTotal:        4016004 kB
MemFree:          151424 kB
Active:           363268 kB
Mem:          3.8G       3.7G       147M       5.7M        29M       3.2G

MemTotal:        4016004 kB
MemFree:          151300 kB
Active:           363292 kB
Mem:          3.8G       3.7G       147M       5.7M        29M       3.2G

MemTotal:        4016004 kB
MemFree:          151548 kB
Active:           363280 kB
Mem:          3.8G       3.7G       148M       5.7M        29M       3.2G

MemTotal:        4016004 kB
MemFree:          151548 kB
Active:           363244 kB
Mem:          3.8G       3.7G       148M       5.7M        29M       3.2G

MemTotal:        4016004 kB
MemFree:          151548 kB
Active:           363248 kB
Mem:          3.8G       3.7G       147M       5.7M        29M       3.2G

MemTotal:        4016004 kB
MemFree:          151672 kB
Active:           363264 kB
Mem:          3.8G       3.7G       148M       5.7M        29M       3.2G

MemTotal:        4016004 kB
MemFree:          151548 kB
Active:           363280 kB
Mem:          3.8G       3.7G       147M       5.7M        29M       3.2G

MemTotal:        4016004 kB
MemFree:          151176 kB
Active:           363244 kB
Mem:          3.8G       3.7G       147M       5.7M        29M       3.2G

MemTotal:        4016004 kB
MemFree:          151548 kB
Active:           363244 kB
Mem:          3.8G       3.7G       147M       5.7M        29M       3.2G

MemTotal:        4016004 kB
MemFree:          151424 kB
Active:           363260 kB
Mem:          3.8G       3.7G       147M       5.7M        29M       3.2G

MemTotal:        4016004 kB
MemFree:          151548 kB
Active:           363272 kB
Mem:          3.8G       3.7G       148M       5.7M        29M       3.2G

MemTotal:        4016004 kB
MemFree:          151548 kB
Active:           363292 kB
Mem:          3.8G       3.7G       147M       5.7M        29M       3.2G

MemTotal:        4016004 kB
MemFree:          151052 kB
Active:           363312 kB
Mem:          3.8G       3.7G       147M       5.7M        29M       3.2G

MemTotal:        4016004 kB
MemFree:          151672 kB
Active:           363308 kB
Mem:          3.8G       3.7G       148M       5.7M        29M       3.2G

MemTotal:        4016004 kB
MemFree:          151672 kB
Active:           363268 kB
Mem:          3.8G       3.7G       148M       5.7M        29M       3.2G

MemTotal:        4016004 kB
MemFree:          151796 kB
Active:           363288 kB
Mem:          3.8G       3.7G       148M       5.7M        29M       3.2G

MemTotal:        4016004 kB
MemFree:          151424 kB
Active:           363316 kB
Mem:          3.8G       3.7G       148M       5.7M        29M       3.2G

MemTotal:        4016004 kB
MemFree:          151672 kB
Active:           363284 kB
Mem:          3.8G       3.7G       147M       5.7M        29M       3.2G

MemTotal:        4016004 kB
MemFree:          151672 kB
Active:           363280 kB
Mem:          3.8G       3.7G       147M       5.7M        29M       3.2G

MemTotal:        4016004 kB
MemFree:          151424 kB
Active:           363320 kB
Mem:          3.8G       3.7G       147M       5.7M        29M       3.2G

MemTotal:        4016004 kB
MemFree:          151548 kB
Active:           363308 kB
Mem:          3.8G       3.7G       148M       5.7M        29M       3.2G

MemTotal:        4016004 kB
MemFree:          151496 kB
Active:           363316 kB
Mem:          3.8G       3.7G       147M       5.7M        29M       3.2G

MemTotal:        4016004 kB
MemFree:          151056 kB
Active:           363336 kB
Mem:          3.8G       3.7G       147M       5.7M        29M       3.2G

MemTotal:        4016004 kB
MemFree:          151588 kB
Active:           363332 kB
Mem:          3.8G       3.7G       147M       5.7M        29M       3.2G

MemTotal:        4016004 kB
MemFree:          151588 kB
Active:           363296 kB
Mem:          3.8G       3.7G       147M       5.7M        29M       3.2G

MemTotal:        4016004 kB
MemFree:          151464 kB
Active:           363320 kB
Mem:          3.8G       3.7G       147M       5.7M        29M       3.2G

MemTotal:        4016004 kB
MemFree:          151464 kB
Active:           363336 kB
Mem:          3.8G       3.7G       148M       5.7M        29M       3.2G

MemTotal:        4016004 kB
MemFree:          151464 kB
Active:           363288 kB
Mem:          3.8G       3.7G       148M       5.7M        29M       3.2G

MemTotal:        4016004 kB
MemFree:          151836 kB
Active:           363296 kB
Mem:          3.8G       3.7G       148M       5.7M        29M       3.2G

MemTotal:        4016004 kB
MemFree:          151588 kB
Active:           363344 kB
Mem:          3.8G       3.7G       148M       5.7M        29M       3.2G

MemTotal:        4016004 kB
MemFree:          151464 kB
Active:           363328 kB
Mem:          3.8G       3.7G       147M       5.7M        29M       3.2G

MemTotal:        4016004 kB
MemFree:          151464 kB
Active:           363288 kB
Mem:          3.8G       3.7G       147M       5.7M        29M       3.2G

MemTotal:        4016004 kB
MemFree:          151340 kB
Active:           363352 kB
Mem:          3.8G       3.7G       148M       5.7M        29M       3.2G

MemTotal:        4016004 kB
MemFree:          151216 kB
Active:           363360 kB
Mem:          3.8G       3.7G       147M       5.7M        29M       3.2G

MemTotal:        4016004 kB
MemFree:          151340 kB
Active:           363324 kB
Mem:          3.8G       3.7G       147M       5.7M        29M       3.2G

MemTotal:        4016004 kB
MemFree:          151340 kB
Active:           363340 kB
Mem:          3.8G       3.7G       147M       5.7M        29M       3.2G

MemTotal:        4016004 kB
MemFree:          151588 kB
Active:           363308 kB
Mem:          3.8G       3.7G       148M       5.7M        29M       3.2G

MemTotal:        4016004 kB
MemFree:          151588 kB
Active:           363360 kB
Mem:          3.8G       3.7G       147M       5.7M        29M       3.2G

MemTotal:        4016004 kB
MemFree:          151340 kB
Active:           363320 kB
Mem:          3.8G       3.7G       147M       5.7M        29M       3.2G

MemTotal:        4016004 kB
MemFree:          151340 kB
Active:           363336 kB
Mem:          3.8G       3.7G       147M       5.7M        29M       3.2G

MemTotal:        4016004 kB
MemFree:          151340 kB
Active:           363344 kB
Mem:          3.8G       3.7G       147M       5.7M        29M       3.2G

MemTotal:        4016004 kB
MemFree:          150968 kB
Active:           363368 kB
Mem:          3.8G       3.7G       147M       5.7M        29M       3.2G

MemTotal:        4016004 kB
MemFree:          151464 kB
Active:           363348 kB
Mem:          3.8G       3.7G       147M       5.7M        29M       3.2G

MemTotal:        4016004 kB
MemFree:          150968 kB
Active:           363368 kB
Mem:          3.8G       3.7G       147M       5.7M        29M       3.2G

MemTotal:        4016004 kB
MemFree:          151712 kB
Active:           363352 kB
Mem:          3.8G       3.7G       148M       5.7M        29M       3.2G

MemTotal:        4016004 kB
MemFree:          151588 kB
Active:           363312 kB
Mem:          3.8G       3.7G       148M       5.7M        29M       3.2G

MemTotal:        4016004 kB
MemFree:          151340 kB
Active:           363368 kB
Mem:          3.8G       3.7G       148M       5.7M        29M       3.2G

MemTotal:        4016004 kB
MemFree:          151588 kB
Active:           363360 kB
Mem:          3.8G       3.7G       148M       5.7M        29M       3.2G

MemTotal:        4016004 kB
MemFree:          151712 kB
Active:           363328 kB
Mem:          3.8G       3.7G       148M       5.7M        29M       3.2G

MemTotal:        4016004 kB
MemFree:          151712 kB
Active:           363348 kB
Mem:          3.8G       3.7G       148M       5.7M        29M       3.2G

MemTotal:        4016004 kB
MemFree:          151588 kB
Active:           363380 kB
Mem:          3.8G       3.7G       148M       5.7M        29M       3.2G

MemTotal:        4016004 kB
MemFree:          151712 kB
Active:           363360 kB
Mem:          3.8G       3.7G       148M       5.7M        29M       3.2G

MemTotal:        4016004 kB
MemFree:          151836 kB
Active:           363380 kB
Mem:          3.8G       3.7G       148M       5.7M        29M       3.2G

MemTotal:        4016004 kB
MemFree:          151712 kB
Active:           363388 kB
Mem:          3.8G       3.7G       148M       5.7M        29M       3.2G

MemTotal:        4016004 kB
MemFree:          151340 kB
Active:           363396 kB
Mem:          3.8G       3.7G       148M       5.7M        29M       3.2G

MemTotal:        4016004 kB
MemFree:          151712 kB
Active:           363364 kB
Mem:          3.8G       3.7G       148M       5.7M        29M       3.2G

MemTotal:        4016004 kB
MemFree:          151960 kB
Active:           363340 kB
Mem:          3.8G       3.7G       148M       5.7M        29M       3.2G

MemTotal:        4016004 kB
MemFree:          151588 kB
Active:           363396 kB
Mem:          3.8G       3.7G       148M       5.7M        29M       3.2G

MemTotal:        4016004 kB
MemFree:          151960 kB
Active:           363360 kB
Mem:          3.8G       3.7G       148M       5.7M        29M       3.2G

MemTotal:        4016004 kB
MemFree:          152208 kB
Active:           363396 kB
Mem:          3.8G       3.7G       148M       5.7M        29M       3.2G

MemTotal:        4016004 kB
MemFree:          151712 kB
Active:           363400 kB
Mem:          3.8G       3.7G       148M       5.7M        29M       3.2G

MemTotal:        4016004 kB
MemFree:          151340 kB
Active:           363388 kB
Mem:          3.8G       3.7G       147M       5.7M        29M       3.2G

MemTotal:        4016004 kB
MemFree:          151464 kB
Active:           363360 kB
Mem:          3.8G       3.7G       148M       5.7M        29M       3.2G

MemTotal:        4016004 kB
MemFree:          151092 kB
Active:           363404 kB
Mem:          3.8G       3.7G       147M       5.7M        29M       3.2G

MemTotal:        4016004 kB
MemFree:          151464 kB
Active:           363392 kB
Mem:          3.8G       3.7G       147M       5.7M        29M       3.2G

MemTotal:        4016004 kB
MemFree:          151340 kB
Active:           363364 kB
Mem:          3.8G       3.7G       147M       5.7M        29M       3.2G

MemTotal:        4016004 kB
MemFree:          151340 kB
Active:           363388 kB
Mem:          3.8G       3.7G       147M       5.7M        29M       3.2G

MemTotal:        4016004 kB
MemFree:          150968 kB
Active:           363420 kB
Mem:          3.8G       3.7G       147M       5.7M        29M       3.2G

MemTotal:        4016004 kB
MemFree:          151216 kB
Active:           363380 kB
Mem:          3.8G       3.7G       147M       5.7M        29M       3.2G

MemTotal:        4016004 kB
MemFree:          151092 kB
Active:           363420 kB
Mem:          3.8G       3.7G       147M       5.7M        29M       3.2G

MemTotal:        4016004 kB
MemFree:          151340 kB
Active:           363424 kB
Mem:          3.8G       3.7G       148M       5.7M        29M       3.2G

MemTotal:        4016004 kB
MemFree:          151216 kB
Active:           363428 kB
Mem:          3.8G       3.7G       147M       5.7M        29M       3.2G

MemTotal:        4016004 kB
MemFree:          151588 kB
Active:           363416 kB
Mem:          3.8G       3.7G       148M       5.7M        29M       3.2G

MemTotal:        4016004 kB
MemFree:          151588 kB
Active:           363392 kB
Mem:          3.8G       3.7G       148M       5.7M        29M       3.2G

MemTotal:        4016004 kB
MemFree:          151588 kB
Active:           363408 kB
Mem:          3.8G       3.7G       148M       5.7M        29M       3.2G

MemTotal:        4016004 kB
MemFree:          151340 kB
Active:           363448 kB
Mem:          3.8G       3.7G       147M       5.7M        29M       3.2G

MemTotal:        4016004 kB
MemFree:          151464 kB
Active:           363396 kB
Mem:          3.8G       3.7G       147M       5.7M        29M       3.2G

MemTotal:        4016004 kB
MemFree:          151712 kB
Active:           363400 kB
Mem:          3.8G       3.7G       148M       5.7M        29M       3.2G

MemTotal:        4016004 kB
MemFree:          151588 kB
Active:           363432 kB
Mem:          3.8G       3.7G       147M       5.7M        29M       3.2G

MemTotal:        4016004 kB
MemFree:          151588 kB
Active:           363416 kB
Mem:          3.8G       3.7G       148M       5.7M        29M       3.2G

MemTotal:        4016004 kB
MemFree:          151588 kB
Active:           363448 kB
Mem:          3.8G       3.7G       148M       5.7M        29M       3.2G

MemTotal:        4016004 kB
MemFree:          151216 kB
Active:           363460 kB
Mem:          3.8G       3.7G       147M       5.7M        29M       3.2G

MemTotal:        4016004 kB
MemFree:          151464 kB
Active:           363416 kB
Mem:          3.8G       3.7G       147M       5.7M        29M       3.2G

MemTotal:        4016004 kB
MemFree:          151836 kB
Active:           363436 kB
Mem:          3.8G       3.7G       148M       5.7M        29M       3.2G

MemTotal:        4016004 kB
MemFree:          151588 kB
Active:           363420 kB
Mem:          3.8G       3.7G       148M       5.7M        29M       3.2G

MemTotal:        4016004 kB
MemFree:          151588 kB
Active:           363456 kB
Mem:          3.8G       3.7G       147M       5.7M        29M       3.2G

MemTotal:        4016004 kB
MemFree:          151588 kB
Active:           363460 kB
Mem:          3.8G       3.7G       148M       5.7M        29M       3.2G

MemTotal:        4016004 kB
MemFree:          151712 kB
Active:           363456 kB
Mem:          3.8G       3.7G       148M       5.7M        29M       3.2G

MemTotal:        4016004 kB
MemFree:          151340 kB
Active:           363464 kB
Mem:          3.8G       3.7G       147M       5.7M        29M       3.2G

MemTotal:        4016004 kB
MemFree:          151588 kB
Active:           363440 kB
Mem:          3.8G       3.7G       148M       5.7M        29M       3.2G

MemTotal:        4016004 kB
MemFree:          151712 kB
Active:           363456 kB
Mem:          3.8G       3.7G       147M       5.7M        29M       3.2G

MemTotal:        4016004 kB
MemFree:          151216 kB
Active:           363476 kB
Mem:          3.8G       3.7G       147M       5.7M        29M       3.2G

MemTotal:        4016004 kB
MemFree:          151572 kB
Active:           363504 kB
Mem:          3.8G       3.7G       148M       5.7M        29M       3.2G

MemTotal:        4016004 kB
MemFree:          151944 kB
Active:           363504 kB
Mem:          3.8G       3.7G       148M       5.7M        29M       3.2G

MemTotal:        4016004 kB
MemFree:          151820 kB
Active:           363628 kB
Mem:          3.8G       3.7G       147M       5.7M        29M       3.2G

MemTotal:        4016004 kB
MemFree:          151440 kB
Active:           363556 kB
Mem:          3.8G       3.7G       147M       5.7M        29M       3.2G

MemTotal:        4016004 kB
MemFree:          151564 kB
Active:           363524 kB
Mem:          3.8G       3.7G       148M       5.7M        29M       3.2G

MemTotal:        4016004 kB
MemFree:          151580 kB
Active:           363532 kB
Mem:          3.8G       3.7G       148M       5.7M        29M       3.2G

MemTotal:        4016004 kB
MemFree:          151208 kB
Active:           363564 kB
Mem:          3.8G       3.7G       147M       5.7M        29M       3.2G

MemTotal:        4016004 kB
MemFree:          151456 kB
Active:           363548 kB
Mem:          3.8G       3.7G       147M       5.7M        29M       3.2G

MemTotal:        4016004 kB
MemFree:          151456 kB
Active:           363512 kB
Mem:          3.8G       3.7G       147M       5.7M        29M       3.2G

MemTotal:        4016004 kB
MemFree:          150960 kB
Active:           363564 kB
Mem:          3.8G       3.7G       147M       5.7M        29M       3.2G

MemTotal:        4016004 kB
MemFree:          150836 kB
Active:           363552 kB
Mem:          3.8G       3.7G       147M       5.7M        29M       3.2G

MemTotal:        4016004 kB
MemFree:          150960 kB
Active:           363512 kB
Mem:          3.8G       3.7G       147M       5.7M        29M       3.2G

MemTotal:        4016004 kB
MemFree:          150960 kB
Active:           363528 kB
Mem:          3.8G       3.7G       147M       5.7M        29M       3.2G

MemTotal:        4016004 kB
MemFree:          150836 kB
Active:           363548 kB
Mem:          3.8G       3.7G       147M       5.7M        29M       3.2G

MemTotal:        4016004 kB
MemFree:          150960 kB
Active:           363556 kB
Mem:          3.8G       3.7G       147M       5.7M        29M       3.2G

MemTotal:        4016004 kB
MemFree:          151084 kB
Active:           363524 kB
Mem:          3.8G       3.7G       147M       5.7M        29M       3.2G

MemTotal:        4016004 kB
MemFree:          151332 kB
Active:           363544 kB
Mem:          3.8G       3.7G       147M       5.7M        29M       3.2G

MemTotal:        4016004 kB
MemFree:          151580 kB
Active:           363548 kB
Mem:          3.8G       3.7G       147M       5.7M        29M       3.2G

MemTotal:        4016004 kB
MemFree:          153504 kB
Active:           361640 kB
Mem:          3.8G       3.7G       149M       5.7M        29M       3.2G

MemTotal:        4016004 kB
MemFree:          153456 kB
Active:           361488 kB
Mem:          3.8G       3.7G       149M       5.7M        29M       3.2G

MemTotal:        4016004 kB
MemFree:          153332 kB
Active:           361492 kB
Mem:          3.8G       3.7G       149M       5.7M        29M       3.2G

MemTotal:        4016004 kB
MemFree:          153456 kB
Active:           361540 kB
Mem:          3.8G       3.7G       150M       5.7M        29M       3.2G

MemTotal:        4016004 kB
MemFree:          153580 kB
Active:           361496 kB
Mem:          3.8G       3.7G       150M       5.7M        29M       3.2G

MemTotal:        4016004 kB
MemFree:          153332 kB
Active:           361552 kB
Mem:          3.8G       3.7G       150M       5.7M        29M       3.2G

MemTotal:        4016004 kB
MemFree:          153580 kB
Active:           361536 kB
Mem:          3.8G       3.7G       149M       5.7M        29M       3.2G

MemTotal:        4016004 kB
MemFree:          153828 kB
Active:           361508 kB
Mem:          3.8G       3.7G       149M       5.7M        29M       3.2G

MemTotal:        4016004 kB
MemFree:          153332 kB
Active:           361520 kB
Mem:          3.8G       3.7G       149M       5.7M        29M       3.2G

MemTotal:        4016004 kB
MemFree:          153208 kB
Active:           361516 kB
Mem:          3.8G       3.7G       149M       5.7M        29M       3.2G

MemTotal:        4016004 kB
MemFree:          152712 kB
Active:           361564 kB
Mem:          3.8G       3.7G       149M       5.7M        29M       3.2G

MemTotal:        4016004 kB
MemFree:          152836 kB
Active:           361536 kB
Mem:          3.8G       3.7G       149M       5.7M        29M       3.2G

MemTotal:        4016004 kB
MemFree:          152836 kB
Active:           361544 kB
Mem:          3.8G       3.7G       148M       5.7M        29M       3.2G

MemTotal:        4016004 kB
MemFree:          152960 kB
Active:           361516 kB
Mem:          3.8G       3.7G       149M       5.7M        29M       3.2G

MemTotal:        4016004 kB
MemFree:          152836 kB
Active:           361536 kB
Mem:          3.8G       3.7G       149M       5.7M        29M       3.2G

MemTotal:        4016004 kB
MemFree:          153704 kB
Active:           361536 kB
Mem:          3.8G       3.7G       150M       5.7M        29M       3.2G

MemTotal:        4016004 kB
MemFree:          153332 kB
Active:           361552 kB
Mem:          3.8G       3.7G       149M       5.7M        29M       3.2G

MemTotal:        4016004 kB
MemFree:          153208 kB
Active:           361576 kB
Mem:          3.8G       3.7G       149M       5.7M        29M       3.2G

MemTotal:        4016004 kB
MemFree:          153208 kB
Active:           361528 kB
Mem:          3.8G       3.7G       149M       5.7M        29M       3.2G

MemTotal:        4016004 kB
MemFree:          152588 kB
Active:           361584 kB
Mem:          3.8G       3.7G       149M       5.7M        29M       3.2G

MemTotal:        4016004 kB
MemFree:          152960 kB
Active:           361532 kB
Mem:          3.8G       3.7G       149M       5.7M        29M       3.2G

MemTotal:        4016004 kB
MemFree:          153084 kB
Active:           361584 kB
Mem:          3.8G       3.7G       149M       5.7M        29M       3.2G

MemTotal:        4016004 kB
MemFree:          153084 kB
Active:           361536 kB
Mem:          3.8G       3.7G       149M       5.7M        29M       3.2G

MemTotal:        4016004 kB
MemFree:          153580 kB
Active:           361552 kB
Mem:          3.8G       3.7G       149M       5.7M        29M       3.2G

MemTotal:        4016004 kB
MemFree:          153580 kB
Active:           361568 kB
Mem:          3.8G       3.7G       149M       5.7M        29M       3.2G

MemTotal:        4016004 kB
MemFree:          153580 kB
Active:           361540 kB
Mem:          3.8G       3.7G       150M       5.7M        29M       3.2G

MemTotal:        4016004 kB
MemFree:          153704 kB
Active:           361596 kB
Mem:          3.8G       3.7G       149M       5.7M        29M       3.2G

MemTotal:        4016004 kB
MemFree:          153704 kB
Active:           361540 kB
Mem:          3.8G       3.7G       150M       5.7M        29M       3.2G

MemTotal:        4016004 kB
MemFree:          153704 kB
Active:           361564 kB
Mem:          3.8G       3.7G       149M       5.7M        29M       3.2G

MemTotal:        4016004 kB
MemFree:          153704 kB
Active:           361564 kB
Mem:          3.8G       3.7G       150M       5.7M        29M       3.2G

MemTotal:        4016004 kB
MemFree:          153704 kB
Active:           361552 kB
Mem:          3.8G       3.7G       150M       5.7M        29M       3.2G

MemTotal:        4016004 kB
MemFree:          153828 kB
Active:           361572 kB
Mem:          3.8G       3.7G       149M       5.7M        29M       3.2G

MemTotal:        4016004 kB
MemFree:          153704 kB
Active:           361564 kB
Mem:          3.8G       3.7G       150M       5.7M        29M       3.2G

MemTotal:        4016004 kB
MemFree:          153456 kB
Active:           361616 kB
Mem:          3.8G       3.7G       149M       5.7M        29M       3.2G

MemTotal:        4016004 kB
MemFree:          153332 kB
Active:           361580 kB
Mem:          3.8G       3.7G       149M       5.7M        29M       3.2G

MemTotal:        4016004 kB
MemFree:          153456 kB
Active:           361596 kB
Mem:          3.8G       3.7G       149M       5.7M        29M       3.2G

MemTotal:        4016004 kB
MemFree:          153084 kB
Active:           361620 kB
Mem:          3.8G       3.7G       149M       5.7M        29M       3.2G

MemTotal:        4016004 kB
MemFree:          153208 kB
Active:           361604 kB
Mem:          3.8G       3.7G       149M       5.7M        29M       3.2G

MemTotal:        4016004 kB
MemFree:          153332 kB
Active:           361608 kB
Mem:          3.8G       3.7G       149M       5.7M        29M       3.2G

MemTotal:        4016004 kB
MemFree:          153332 kB
Active:           361584 kB
Mem:          3.8G       3.7G       149M       5.7M        29M       3.2G

MemTotal:        4016004 kB
MemFree:          153456 kB
Active:           361620 kB
Mem:          3.8G       3.7G       149M       5.7M        29M       3.2G

MemTotal:        4016004 kB
MemFree:          153084 kB
Active:           361628 kB
Mem:          3.8G       3.7G       149M       5.7M        29M       3.2G

MemTotal:        4016004 kB
MemFree:          153456 kB
Active:           361580 kB
Mem:          3.8G       3.7G       149M       5.7M        29M       3.2G

MemTotal:        4016004 kB
MemFree:          153332 kB
Active:           361596 kB
Mem:          3.8G       3.7G       149M       5.7M        29M       3.2G

MemTotal:        4016004 kB
MemFree:          153332 kB
Active:           361616 kB
Mem:          3.8G       3.7G       149M       5.7M        29M       3.2G

MemTotal:        4016004 kB
MemFree:          153332 kB
Active:           361580 kB
Mem:          3.8G       3.7G       149M       5.7M        29M       3.2G

MemTotal:        4016004 kB
MemFree:          153456 kB
Active:           361620 kB
Mem:          3.8G       3.7G       149M       5.7M        29M       3.2G

MemTotal:        4016004 kB
MemFree:          153084 kB
Active:           361636 kB
Mem:          3.8G       3.7G       149M       5.7M        29M       3.2G

MemTotal:        4016004 kB
MemFree:          153456 kB
Active:           361604 kB
Mem:          3.8G       3.7G       149M       5.7M        29M       3.2G

MemTotal:        4016004 kB
MemFree:          153704 kB
Active:           361632 kB
Mem:          3.8G       3.7G       149M       5.7M        29M       3.2G

MemTotal:        4016004 kB
MemFree:          153208 kB
Active:           361600 kB
Mem:          3.8G       3.7G       149M       5.7M        29M       3.2G

MemTotal:        4016004 kB
MemFree:          153332 kB
Active:           361644 kB
Mem:          3.8G       3.7G       149M       5.7M        29M       3.2G

MemTotal:        4016004 kB
MemFree:          153580 kB
Active:           361644 kB
Mem:          3.8G       3.7G       149M       5.7M        29M       3.2G

MemTotal:        4016004 kB
MemFree:          153580 kB
Active:           361624 kB
Mem:          3.8G       3.7G       150M       5.7M        29M       3.2G

MemTotal:        4016004 kB
MemFree:          153332 kB
Active:           361636 kB
Mem:          3.8G       3.7G       149M       5.7M        29M       3.2G

MemTotal:        4016004 kB
MemFree:          153208 kB
Active:           361640 kB
Mem:          3.8G       3.7G       149M       5.7M        29M       3.2G

MemTotal:        4016004 kB
MemFree:          153456 kB
Active:           361616 kB
Mem:          3.8G       3.7G       149M       5.7M        29M       3.2G

MemTotal:        4016004 kB
MemFree:          152712 kB
Active:           361648 kB
Mem:          3.8G       3.7G       149M       5.7M        29M       3.2G

MemTotal:        4016004 kB
MemFree:          152836 kB
Active:           361660 kB
Mem:          3.8G       3.7G       149M       5.7M        29M       3.2G

MemTotal:        4016004 kB
MemFree:          152960 kB
Active:           361628 kB
Mem:          3.8G       3.7G       149M       5.7M        29M       3.2G

MemTotal:        4016004 kB
MemFree:          153084 kB
Active:           361676 kB
Mem:          3.8G       3.7G       149M       5.7M        29M       3.2G

MemTotal:        4016004 kB
MemFree:          153456 kB
Active:           361644 kB
Mem:          3.8G       3.7G       149M       5.7M        29M       3.2G

MemTotal:        4016004 kB
MemFree:          153332 kB
Active:           361668 kB
Mem:          3.8G       3.7G       149M       5.7M        29M       3.2G

MemTotal:        4016004 kB
MemFree:          153456 kB
Active:           361644 kB
Mem:          3.8G       3.7G       149M       5.7M        29M       3.2G

MemTotal:        4016004 kB
MemFree:          153084 kB
Active:           361680 kB
Mem:          3.8G       3.7G       149M       5.7M        29M       3.2G

MemTotal:        4016004 kB
MemFree:          152960 kB
Active:           361680 kB
Mem:          3.8G       3.7G       149M       5.7M        29M       3.2G

MemTotal:        4016004 kB
MemFree:          152836 kB
Active:           361640 kB
Mem:          3.8G       3.7G       149M       5.7M        29M       3.2G

MemTotal:        4016004 kB
MemFree:          152960 kB
Active:           361660 kB
Mem:          3.8G       3.7G       149M       5.7M        29M       3.2G

MemTotal:        4016004 kB
MemFree:          153332 kB
Active:           361672 kB
Mem:          3.8G       3.7G       149M       5.7M        29M       3.2G

MemTotal:        4016004 kB
MemFree:          153456 kB
Active:           361644 kB
Mem:          3.8G       3.7G       149M       5.7M        29M       3.2G

MemTotal:        4016004 kB
MemFree:          153580 kB
Active:           361656 kB
Mem:          3.8G       3.7G       149M       5.7M        29M       3.2G

MemTotal:        4016004 kB
MemFree:          153332 kB
Active:           361684 kB
Mem:          3.8G       3.7G       149M       5.7M        29M       3.2G

MemTotal:        4016004 kB
MemFree:          153456 kB
Active:           361640 kB
Mem:          3.8G       3.7G       149M       5.7M        29M       3.2G

MemTotal:        4016004 kB
MemFree:          153456 kB
Active:           361636 kB
Mem:          3.8G       3.7G       149M       5.7M        29M       3.2G

MemTotal:        4016004 kB
MemFree:          153580 kB
Active:           361656 kB
Mem:          3.8G       3.7G       149M       5.7M        29M       3.2G

MemTotal:        4016004 kB
MemFree:          153208 kB
Active:           361692 kB
Mem:          3.8G       3.7G       149M       5.7M        29M       3.2G

MemTotal:        4016004 kB
MemFree:          153208 kB
Active:           361684 kB
Mem:          3.8G       3.7G       149M       5.7M        29M       3.2G

MemTotal:        4016004 kB
MemFree:          153580 kB
Active:           361648 kB
Mem:          3.8G       3.7G       150M       5.7M        29M       3.2G

MemTotal:        4016004 kB
MemFree:          153456 kB
Active:           361684 kB
Mem:          3.8G       3.7G       149M       5.7M        29M       3.2G

MemTotal:        4016004 kB
MemFree:          152960 kB
Active:           361704 kB
Mem:          3.8G       3.7G       149M       5.7M        29M       3.2G

MemTotal:        4016004 kB
MemFree:          153456 kB
Active:           361668 kB
Mem:          3.8G       3.7G       149M       5.7M        29M       3.2G

MemTotal:        4016004 kB
MemFree:          152960 kB
Active:           361704 kB
Mem:          3.8G       3.7G       149M       5.7M        29M       3.2G

MemTotal:        4016004 kB
MemFree:          153332 kB
Active:           361700 kB
Mem:          3.8G       3.7G       149M       5.7M        29M       3.2G

MemTotal:        4016004 kB
MemFree:          152960 kB
Active:           361708 kB
Mem:          3.8G       3.7G       149M       5.7M        29M       3.2G

MemTotal:        4016004 kB
MemFree:          152960 kB
Active:           361664 kB
Mem:          3.8G       3.7G       149M       5.7M        29M       3.2G

MemTotal:        4016004 kB
MemFree:          153456 kB
Active:           361672 kB
Mem:          3.8G       3.7G       149M       5.7M        29M       3.2G

MemTotal:        4016004 kB
MemFree:          153332 kB
Active:           361688 kB
Mem:          3.8G       3.7G       149M       5.7M        29M       3.2G

MemTotal:        4016004 kB
MemFree:          153456 kB
Active:           361692 kB
Mem:          3.8G       3.7G       149M       5.7M        29M       3.2G

MemTotal:        4016004 kB
MemFree:          153332 kB
Active:           361708 kB
Mem:          3.8G       3.7G       149M       5.7M        29M       3.2G

MemTotal:        4016004 kB
MemFree:          153084 kB
Active:           361720 kB
Mem:          3.8G       3.7G       149M       5.7M        29M       3.2G

MemTotal:        4016004 kB
MemFree:          153084 kB
Active:           361684 kB
Mem:          3.8G       3.7G       149M       5.7M        29M       3.2G

MemTotal:        4016004 kB
MemFree:          153084 kB
Active:           361688 kB
Mem:          3.8G       3.7G       149M       5.7M        29M       3.2G

MemTotal:        4016004 kB
MemFree:          152836 kB
Active:           361680 kB
Mem:          3.8G       3.7G       149M       5.7M        29M       3.2G

MemTotal:        4016004 kB
MemFree:          153208 kB
Active:           361684 kB
Mem:          3.8G       3.7G       149M       5.7M        29M       3.2G

MemTotal:        4016004 kB
MemFree:          153456 kB
Active:           361688 kB
Mem:          3.8G       3.7G       149M       5.7M        29M       3.2G

MemTotal:        4016004 kB
MemFree:          153208 kB
Active:           361720 kB
Mem:          3.8G       3.7G       149M       5.7M        29M       3.2G

MemTotal:        4016004 kB
MemFree:          153208 kB
Active:           361724 kB
Mem:          3.8G       3.7G       149M       5.7M        29M       3.2G

MemTotal:        4016004 kB
MemFree:          153332 kB
Active:           361728 kB
Mem:          3.8G       3.7G       149M       5.7M        29M       3.2G

MemTotal:        4016004 kB
MemFree:          152836 kB
Active:           361736 kB
Mem:          3.8G       3.7G       149M       5.7M        29M       3.2G

MemTotal:        4016004 kB
MemFree:          153704 kB
Active:           361680 kB
Mem:          3.8G       3.7G       149M       5.7M        29M       3.2G

MemTotal:        4016004 kB
MemFree:          153704 kB
Active:           361684 kB
Mem:          3.8G       3.7G       150M       5.7M        29M       3.2G

MemTotal:        4016004 kB
MemFree:          153580 kB
Active:           361696 kB
Mem:          3.8G       3.7G       150M       5.7M        29M       3.2G

MemTotal:        4016004 kB
MemFree:          153704 kB
Active:           361680 kB
Mem:          3.8G       3.7G       150M       5.7M        29M       3.2G

MemTotal:        4016004 kB
MemFree:          153704 kB
Active:           361688 kB
Mem:          3.8G       3.7G       150M       5.7M        29M       3.2G

MemTotal:        4016004 kB
MemFree:          153828 kB
Active:           361700 kB
Mem:          3.8G       3.7G       150M       5.7M        29M       3.2G

MemTotal:        4016004 kB
MemFree:          153828 kB
Active:           361720 kB
Mem:          3.8G       3.7G       150M       5.7M        29M       3.2G

MemTotal:        4016004 kB
MemFree:          153456 kB
Active:           361692 kB
Mem:          3.8G       3.7G       149M       5.7M        29M       3.2G

MemTotal:        4016004 kB
MemFree:          153084 kB
Active:           361740 kB
Mem:          3.8G       3.7G       149M       5.7M        29M       3.2G

MemTotal:        4016004 kB
MemFree:          153208 kB
Active:           361728 kB
Mem:          3.8G       3.7G       149M       5.7M        29M       3.2G

MemTotal:        4016004 kB
MemFree:          153208 kB
Active:           361748 kB
Mem:          3.8G       3.7G       149M       5.7M        29M       3.2G

MemTotal:        4016004 kB
MemFree:          153580 kB
Active:           361716 kB
Mem:          3.8G       3.7G       149M       5.7M        29M       3.2G

MemTotal:        4016004 kB
MemFree:          153828 kB
Active:           361732 kB
Mem:          3.8G       3.7G       150M       5.7M        29M       3.2G

MemTotal:        4016004 kB
MemFree:          153580 kB
Active:           361744 kB
Mem:          3.8G       3.7G       149M       5.7M        29M       3.2G

MemTotal:        4016004 kB
MemFree:          153208 kB
Active:           361756 kB
Mem:          3.8G       3.7G       149M       5.7M        29M       3.2G

MemTotal:        4016004 kB
MemFree:          153456 kB
Active:           361712 kB
Mem:          3.8G       3.7G       149M       5.7M        29M       3.2G

MemTotal:        4016004 kB
MemFree:          153456 kB
Active:           361736 kB
Mem:          3.8G       3.7G       149M       5.7M        29M       3.2G

MemTotal:        4016004 kB
MemFree:          153332 kB
Active:           361764 kB
Mem:          3.8G       3.7G       149M       5.7M        29M       3.2G

MemTotal:        4016004 kB
MemFree:          152836 kB
Active:           361716 kB
Mem:          3.8G       3.7G       149M       5.7M        29M       3.2G

MemTotal:        4016004 kB
MemFree:          153084 kB
Active:           361740 kB
Mem:          3.8G       3.7G       149M       5.7M        29M       3.2G

MemTotal:        4016004 kB
MemFree:          153084 kB
Active:           361756 kB
Mem:          3.8G       3.7G       149M       5.7M        29M       3.2G

MemTotal:        4016004 kB
MemFree:          152960 kB
Active:           361748 kB
Mem:          3.8G       3.7G       149M       5.7M        29M       3.2G

MemTotal:        4016004 kB
MemFree:          153332 kB
Active:           361760 kB
Mem:          3.8G       3.7G       149M       5.7M        29M       3.2G

MemTotal:        4016004 kB
MemFree:          153332 kB
Active:           361724 kB
Mem:          3.8G       3.7G       149M       5.7M        29M       3.2G

MemTotal:        4016004 kB
MemFree:          152960 kB
Active:           361784 kB
Mem:          3.8G       3.7G       149M       5.7M        29M       3.2G

MemTotal:        4016004 kB
MemFree:          153456 kB
Active:           361740 kB
Mem:          3.8G       3.7G       149M       5.7M        29M       3.2G

MemTotal:        4016004 kB
MemFree:          153704 kB
Active:           361756 kB
Mem:          3.8G       3.7G       150M       5.7M        29M       3.2G

MemTotal:        4016004 kB
MemFree:          153332 kB
Active:           361784 kB
Mem:          3.8G       3.7G       149M       5.7M        29M       3.2G

MemTotal:        4016004 kB
MemFree:          153208 kB
Active:           361784 kB
Mem:          3.8G       3.7G       149M       5.7M        29M       3.2G

MemTotal:        4016004 kB
MemFree:          153084 kB
Active:           361772 kB
Mem:          3.8G       3.7G       149M       5.7M        29M       3.2G

MemTotal:        4016004 kB
MemFree:          153084 kB
Active:           361756 kB
Mem:          3.8G       3.7G       149M       5.7M        29M       3.2G

MemTotal:        4016004 kB
MemFree:          152960 kB
Active:           361784 kB
Mem:          3.8G       3.7G       149M       5.7M        29M       3.2G

MemTotal:        4016004 kB
MemFree:          152464 kB
Active:           361808 kB
Mem:          3.8G       3.7G       149M       5.7M        29M       3.2G

MemTotal:        4016004 kB
MemFree:          152960 kB
Active:           361796 kB
Mem:          3.8G       3.7G       149M       5.7M        29M       3.2G

MemTotal:        4016004 kB
MemFree:          152960 kB
Active:           361808 kB
Mem:          3.8G       3.7G       149M       5.7M        29M       3.2G

MemTotal:        4016004 kB
MemFree:          152836 kB
Active:           361764 kB
Mem:          3.8G       3.7G       149M       5.7M        29M       3.2G

MemTotal:        4016004 kB
MemFree:          152960 kB
Active:           361784 kB
Mem:          3.8G       3.7G       149M       5.7M        29M       3.2G

MemTotal:        4016004 kB
MemFree:          153456 kB
Active:           361800 kB
