MemTotal:        4016004 kB
MemFree:         3234600 kB
Active:           427396 kB
Mem:          3.8G       763M       3.1G       5.7M        52M       322M

MemTotal:        4016004 kB
MemFree:         3233700 kB
Active:           427788 kB
Mem:          3.8G       764M       3.1G       5.7M        52M       322M

MemTotal:        4016004 kB
MemFree:         3232816 kB
Active:           427876 kB
Mem:          3.8G       764M       3.1G       5.7M        52M       322M

MemTotal:        4016004 kB
MemFree:         3233172 kB
Active:           427864 kB
Mem:          3.8G       764M       3.1G       5.7M        52M       322M

MemTotal:        4016004 kB
MemFree:         3233172 kB
Active:           427896 kB
Mem:          3.8G       764M       3.1G       5.7M        52M       322M

MemTotal:        4016004 kB
MemFree:         3232660 kB
Active:           427872 kB
Mem:          3.8G       765M       3.1G       5.7M        52M       322M

MemTotal:        4016004 kB
MemFree:         3232164 kB
Active:           427904 kB
Mem:          3.8G       765M       3.1G       5.7M        52M       322M

MemTotal:        4016004 kB
MemFree:         3231900 kB
Active:           427912 kB
Mem:          3.8G       765M       3.1G       5.7M        52M       322M

MemTotal:        4016004 kB
MemFree:         3232008 kB
Active:           427868 kB
Mem:          3.8G       765M       3.1G       5.7M        52M       322M

MemTotal:        4016004 kB
MemFree:         3231744 kB
Active:           427916 kB
Mem:          3.8G       765M       3.1G       5.7M        52M       322M

MemTotal:        4016004 kB
MemFree:         3231728 kB
Active:           427884 kB
Mem:          3.8G       765M       3.1G       5.7M        52M       322M

MemTotal:        4016004 kB
MemFree:         3231712 kB
Active:           427896 kB
Mem:          3.8G       765M       3.1G       5.7M        52M       322M

MemTotal:        4016004 kB
MemFree:         3232192 kB
Active:           427904 kB
Mem:          3.8G       765M       3.1G       5.7M        52M       322M

MemTotal:        4016004 kB
MemFree:         3232068 kB
Active:           427860 kB
Mem:          3.8G       765M       3.1G       5.7M        52M       322M

MemTotal:        4016004 kB
MemFree:         3232192 kB
Active:           427904 kB
Mem:          3.8G       765M       3.1G       5.7M        52M       322M

MemTotal:        4016004 kB
MemFree:         3232208 kB
Active:           427868 kB
Mem:          3.8G       765M       3.1G       5.7M        52M       322M

MemTotal:        4016004 kB
MemFree:         3232332 kB
Active:           427912 kB
Mem:          3.8G       765M       3.1G       5.7M        52M       322M

MemTotal:        4016004 kB
MemFree:         3232332 kB
Active:           427884 kB
Mem:          3.8G       765M       3.1G       5.7M        52M       322M

MemTotal:        4016004 kB
MemFree:         3232332 kB
Active:           427892 kB
Mem:          3.8G       765M       3.1G       5.7M        52M       322M

MemTotal:        4016004 kB
MemFree:         3232456 kB
Active:           427876 kB
Mem:          3.8G       765M       3.1G       5.7M        52M       322M

MemTotal:        4016004 kB
MemFree:         3232084 kB
Active:           427924 kB
Mem:          3.8G       765M       3.1G       5.7M        52M       322M

MemTotal:        4016004 kB
MemFree:         3231960 kB
Active:           427892 kB
Mem:          3.8G       765M       3.1G       5.7M        52M       322M

MemTotal:        4016004 kB
MemFree:         3232084 kB
Active:           427904 kB
Mem:          3.8G       765M       3.1G       5.7M        52M       322M

MemTotal:        4016004 kB
MemFree:         3232036 kB
Active:           427876 kB
Mem:          3.8G       765M       3.1G       5.7M        52M       322M

MemTotal:        4016004 kB
MemFree:         3232084 kB
Active:           427900 kB
Mem:          3.8G       765M       3.1G       5.7M        52M       322M

MemTotal:        4016004 kB
MemFree:         3231960 kB
Active:           427892 kB
Mem:          3.8G       765M       3.1G       5.7M        52M       322M

MemTotal:        4016004 kB
MemFree:         3231712 kB
Active:           427936 kB
Mem:          3.8G       765M       3.1G       5.7M        52M       322M

MemTotal:        4016004 kB
MemFree:         3231960 kB
Active:           427904 kB
Mem:          3.8G       765M       3.1G       5.7M        52M       322M

MemTotal:        4016004 kB
MemFree:         3232336 kB
Active:           427904 kB
Mem:          3.8G       765M       3.1G       5.7M        52M       322M

MemTotal:        4016004 kB
MemFree:         3231716 kB
Active:           427944 kB
Mem:          3.8G       765M       3.1G       5.7M        52M       322M

MemTotal:        4016004 kB
MemFree:         3231964 kB
Active:           427892 kB
Mem:          3.8G       765M       3.1G       5.7M        52M       322M

MemTotal:        4016004 kB
MemFree:         3232212 kB
Active:           427896 kB
Mem:          3.8G       765M       3.1G       5.7M        52M       322M

MemTotal:        4016004 kB
MemFree:         3232056 kB
Active:           427896 kB
Mem:          3.8G       765M       3.1G       5.7M        52M       322M

MemTotal:        4016004 kB
MemFree:         3232180 kB
Active:           427912 kB
Mem:          3.8G       765M       3.1G       5.7M        52M       322M

MemTotal:        4016004 kB
MemFree:         3230256 kB
Active:           427928 kB
Mem:          3.8G       767M       3.1G       5.7M        52M       322M

MemTotal:        4016004 kB
MemFree:         3229992 kB
Active:           429968 kB
Mem:          3.8G       767M       3.1G       5.7M        52M       322M

MemTotal:        4016004 kB
MemFree:         3229356 kB
Active:           429976 kB
Mem:          3.8G       767M       3.1G       5.7M        52M       322M

MemTotal:        4016004 kB
MemFree:         3229976 kB
Active:           429940 kB
Mem:          3.8G       767M       3.1G       5.7M        52M       322M

MemTotal:        4016004 kB
MemFree:         3229976 kB
Active:           429944 kB
Mem:          3.8G       767M       3.1G       5.7M        52M       322M

MemTotal:        4016004 kB
MemFree:         3230456 kB
Active:           429948 kB
Mem:          3.8G       767M       3.1G       5.7M        52M       322M

MemTotal:        4016004 kB
MemFree:         3230208 kB
Active:           429924 kB
Mem:          3.8G       767M       3.1G       5.7M        52M       322M

MemTotal:        4016004 kB
MemFree:         3230208 kB
Active:           429932 kB
Mem:          3.8G       767M       3.1G       5.7M        52M       322M

MemTotal:        4016004 kB
MemFree:         3230332 kB
Active:           429968 kB
Mem:          3.8G       767M       3.1G       5.7M        52M       322M

MemTotal:        4016004 kB
MemFree:         3230208 kB
Active:           429956 kB
Mem:          3.8G       767M       3.1G       5.7M        52M       322M

MemTotal:        4016004 kB
MemFree:         3230208 kB
Active:           429952 kB
Mem:          3.8G       767M       3.1G       5.7M        52M       322M

MemTotal:        4016004 kB
MemFree:         3230440 kB
Active:           429948 kB
Mem:          3.8G       767M       3.1G       5.7M        52M       322M

MemTotal:        4016004 kB
MemFree:         3230424 kB
Active:           429936 kB
Mem:          3.8G       767M       3.1G       5.7M        52M       322M

MemTotal:        4016004 kB
MemFree:         3229912 kB
Active:           429996 kB
Mem:          3.8G       767M       3.1G       5.7M        52M       322M

MemTotal:        4016004 kB
MemFree:         3230020 kB
Active:           429972 kB
Mem:          3.8G       767M       3.1G       5.7M        52M       322M

MemTotal:        4016004 kB
MemFree:         3230004 kB
Active:           430004 kB
Mem:          3.8G       767M       3.1G       5.7M        52M       322M

MemTotal:        4016004 kB
MemFree:         3229740 kB
Active:           430004 kB
Mem:          3.8G       767M       3.1G       5.7M        52M       322M

MemTotal:        4016004 kB
MemFree:         3229740 kB
Active:           430000 kB
Mem:          3.8G       768M       3.1G       5.7M        52M       322M

MemTotal:        4016004 kB
MemFree:         3229368 kB
Active:           430028 kB
Mem:          3.8G       768M       3.1G       5.7M        52M       322M

MemTotal:        4016004 kB
MemFree:         3230344 kB
Active:           429980 kB
Mem:          3.8G       767M       3.1G       5.7M        52M       322M

MemTotal:        4016004 kB
MemFree:         3228156 kB
Active:           430004 kB
Mem:          3.8G       769M       3.1G       5.7M        52M       322M

MemTotal:        4016004 kB
MemFree:         3228048 kB
Active:           432004 kB
Mem:          3.8G       769M       3.1G       5.7M        52M       322M

MemTotal:        4016004 kB
MemFree:         3228296 kB
Active:           432000 kB
Mem:          3.8G       769M       3.1G       5.7M        52M       322M

MemTotal:        4016004 kB
MemFree:         3228296 kB
Active:           432000 kB
Mem:          3.8G       769M       3.1G       5.7M        52M       322M

MemTotal:        4016004 kB
MemFree:         3227800 kB
Active:           432064 kB
Mem:          3.8G       769M       3.1G       5.7M        52M       322M

MemTotal:        4016004 kB
MemFree:         3228048 kB
Active:           432012 kB
Mem:          3.8G       769M       3.1G       5.7M        52M       322M

MemTotal:        4016004 kB
MemFree:         3228296 kB
Active:           432028 kB
Mem:          3.8G       769M       3.1G       5.7M        52M       322M

MemTotal:        4016004 kB
MemFree:         3228296 kB
Active:           432060 kB
Mem:          3.8G       769M       3.1G       5.7M        52M       322M

MemTotal:        4016004 kB
MemFree:         3228172 kB
Active:           432008 kB
Mem:          3.8G       769M       3.1G       5.7M        52M       322M

MemTotal:        4016004 kB
MemFree:         3228172 kB
Active:           432008 kB
Mem:          3.8G       769M       3.1G       5.7M        52M       322M

MemTotal:        4016004 kB
MemFree:         3228172 kB
Active:           432052 kB
Mem:          3.8G       769M       3.1G       5.7M        52M       322M

MemTotal:        4016004 kB
MemFree:         3228172 kB
Active:           432048 kB
Mem:          3.8G       769M       3.1G       5.7M        52M       322M

MemTotal:        4016004 kB
MemFree:         3228296 kB
Active:           432056 kB
Mem:          3.8G       769M       3.1G       5.7M        52M       322M

MemTotal:        4016004 kB
MemFree:         3227864 kB
Active:           432072 kB
Mem:          3.8G       769M       3.1G       5.7M        52M       322M

MemTotal:        4016004 kB
MemFree:         3227864 kB
Active:           432056 kB
Mem:          3.8G       769M       3.1G       5.7M        52M       322M

MemTotal:        4016004 kB
MemFree:         3227988 kB
Active:           432068 kB
Mem:          3.8G       769M       3.1G       5.7M        52M       322M

MemTotal:        4016004 kB
MemFree:         3228360 kB
Active:           432048 kB
Mem:          3.8G       769M       3.1G       5.7M        52M       322M

MemTotal:        4016004 kB
MemFree:         3227696 kB
Active:           432052 kB
Mem:          3.8G       770M       3.1G       5.7M        52M       322M

MemTotal:        4016004 kB
MemFree:         3227448 kB
Active:           432028 kB
Mem:          3.8G       770M       3.1G       5.7M        52M       322M

MemTotal:        4016004 kB
MemFree:         3227572 kB
Active:           432028 kB
Mem:          3.8G       769M       3.1G       5.7M        52M       322M

MemTotal:        4016004 kB
MemFree:         3227324 kB
Active:           432064 kB
Mem:          3.8G       770M       3.1G       5.7M        52M       322M

MemTotal:        4016004 kB
MemFree:         3227572 kB
Active:           432060 kB
Mem:          3.8G       769M       3.1G       5.7M        52M       322M

MemTotal:        4016004 kB
MemFree:         3227572 kB
Active:           432052 kB
Mem:          3.8G       769M       3.1G       5.7M        52M       322M

MemTotal:        4016004 kB
MemFree:         3227820 kB
Active:           432064 kB
Mem:          3.8G       769M       3.1G       5.7M        52M       322M

MemTotal:        4016004 kB
MemFree:         3227944 kB
Active:           432048 kB
Mem:          3.8G       770M       3.1G       5.7M        52M       322M

MemTotal:        4016004 kB
MemFree:         3227944 kB
Active:           432080 kB
Mem:          3.8G       769M       3.1G       5.7M        52M       322M

MemTotal:        4016004 kB
MemFree:         3227820 kB
Active:           432084 kB
Mem:          3.8G       769M       3.1G       5.7M        52M       322M

MemTotal:        4016004 kB
MemFree:         3227944 kB
Active:           432048 kB
Mem:          3.8G       769M       3.1G       5.7M        52M       322M

MemTotal:        4016004 kB
MemFree:         3227944 kB
Active:           432080 kB
Mem:          3.8G       769M       3.1G       5.7M        52M       322M

MemTotal:        4016004 kB
MemFree:         3227944 kB
Active:           432056 kB
Mem:          3.8G       769M       3.1G       5.7M        52M       322M

MemTotal:        4016004 kB
MemFree:         3227960 kB
Active:           432044 kB
Mem:          3.8G       769M       3.1G       5.7M        52M       322M

MemTotal:        4016004 kB
MemFree:         3227960 kB
Active:           432064 kB
Mem:          3.8G       769M       3.1G       5.7M        52M       322M

MemTotal:        4016004 kB
MemFree:         3228084 kB
Active:           432060 kB
Mem:          3.8G       769M       3.1G       5.7M        52M       322M

MemTotal:        4016004 kB
MemFree:         3227696 kB
Active:           432100 kB
Mem:          3.8G       769M       3.1G       5.7M        52M       322M

MemTotal:        4016004 kB
MemFree:         3228200 kB
Active:           432080 kB
Mem:          3.8G       769M       3.1G       5.7M        52M       322M

MemTotal:        4016004 kB
MemFree:         3228424 kB
Active:           432100 kB
Mem:          3.8G       769M       3.1G       5.7M        52M       322M

MemTotal:        4016004 kB
MemFree:         3228052 kB
Active:           432056 kB
Mem:          3.8G       769M       3.1G       5.7M        52M       322M

MemTotal:        4016004 kB
MemFree:         3227756 kB
Active:           432064 kB
Mem:          3.8G       769M       3.1G       5.7M        52M       322M

MemTotal:        4016004 kB
MemFree:         3227848 kB
Active:           432060 kB
Mem:          3.8G       769M       3.1G       5.7M        52M       322M

MemTotal:        4016004 kB
MemFree:         3227756 kB
Active:           432056 kB
Mem:          3.8G       769M       3.1G       5.7M        52M       322M

MemTotal:        4016004 kB
MemFree:         3227988 kB
Active:           432076 kB
Mem:          3.8G       769M       3.1G       5.7M        52M       322M

MemTotal:        4016004 kB
MemFree:         3227972 kB
Active:           432104 kB
Mem:          3.8G       769M       3.1G       5.7M        52M       322M

MemTotal:        4016004 kB
MemFree:         3227708 kB
Active:           432068 kB
Mem:          3.8G       770M       3.1G       5.7M        52M       322M

MemTotal:        4016004 kB
MemFree:         3227584 kB
Active:           432064 kB
Mem:          3.8G       770M       3.1G       5.7M        52M       322M

MemTotal:        4016004 kB
MemFree:         3227664 kB
Active:           432064 kB
Mem:          3.8G       770M       3.1G       5.7M        52M       322M

MemTotal:        4016004 kB
MemFree:         3227540 kB
Active:           432088 kB
Mem:          3.8G       769M       3.1G       5.7M        52M       322M

MemTotal:        4016004 kB
MemFree:         3227664 kB
Active:           432104 kB
Mem:          3.8G       770M       3.1G       5.7M        52M       322M

MemTotal:        4016004 kB
MemFree:         2822016 kB
Active:           442352 kB
Mem:          3.8G       1.1G       2.7G       5.7M        52M       701M

MemTotal:        4016004 kB
MemFree:         2773788 kB
Active:           442532 kB
Mem:          3.8G       1.2G       2.6G       5.7M        52M       747M

MemTotal:        4016004 kB
MemFree:         2726172 kB
Active:           442748 kB
Mem:          3.8G       1.2G       2.6G       5.7M        52M       793M

MemTotal:        4016004 kB
MemFree:         2684228 kB
Active:           442916 kB
Mem:          3.8G       1.3G       2.6G       5.7M        52M       831M

MemTotal:        4016004 kB
MemFree:         2639260 kB
Active:           443080 kB
Mem:          3.8G       1.3G       2.5G       5.7M        52M       874M

MemTotal:        4016004 kB
MemFree:         2591468 kB
Active:           443280 kB
Mem:          3.8G       1.4G       2.5G       5.7M        52M       919M

MemTotal:        4016004 kB
MemFree:         2553040 kB
Active:           443452 kB
Mem:          3.8G       1.4G       2.4G       5.7M        52M       956M

MemTotal:        4016004 kB
MemFree:         2515224 kB
Active:           443552 kB
Mem:          3.8G       1.4G       2.4G       5.7M        52M       992M

MemTotal:        4016004 kB
MemFree:         2475948 kB
Active:           443740 kB
Mem:          3.8G       1.5G       2.4G       5.7M        52M       1.0G

MemTotal:        4016004 kB
MemFree:         2421344 kB
Active:           443908 kB
Mem:          3.8G       1.5G       2.3G       5.7M        52M       1.1G

MemTotal:        4016004 kB
MemFree:         2376484 kB
Active:           444124 kB
Mem:          3.8G       1.6G       2.3G       5.7M        52M       1.1G

MemTotal:        4016004 kB
MemFree:         2353932 kB
Active:           444232 kB
Mem:          3.8G       1.6G       2.2G       5.7M        52M       1.1G

MemTotal:        4016004 kB
MemFree:         2317484 kB
Active:           444296 kB
Mem:          3.8G       1.6G       2.2G       5.7M        52M       1.2G

MemTotal:        4016004 kB
MemFree:         2253464 kB
Active:           444616 kB
Mem:          3.8G       1.7G       2.1G       5.7M        52M       1.2G

MemTotal:        4016004 kB
MemFree:         2207736 kB
Active:           444808 kB
Mem:          3.8G       1.7G       2.1G       5.7M        52M       1.3G

MemTotal:        4016004 kB
MemFree:         2167372 kB
Active:           444968 kB
Mem:          3.8G       1.8G       2.1G       5.7M        52M       1.3G

MemTotal:        4016004 kB
MemFree:         2128572 kB
Active:           445104 kB
Mem:          3.8G       1.8G       2.0G       5.7M        52M       1.3G

MemTotal:        4016004 kB
MemFree:         2103460 kB
Active:           445268 kB
Mem:          3.8G       1.8G       2.0G       5.7M        52M       1.4G

MemTotal:        4016004 kB
MemFree:         2091664 kB
Active:           445300 kB
Mem:          3.8G       1.8G       2.0G       5.7M        52M       1.4G

MemTotal:        4016004 kB
MemFree:         2068388 kB
Active:           445308 kB
Mem:          3.8G       1.9G       2.0G       5.7M        52M       1.4G

MemTotal:        4016004 kB
MemFree:         1969588 kB
Active:           445544 kB
Mem:          3.8G       2.0G       1.9G       5.7M        52M       1.5G

MemTotal:        4016004 kB
MemFree:         1899440 kB
Active:           446012 kB
Mem:          3.8G       2.0G       1.8G       5.7M        52M       1.5G

MemTotal:        4016004 kB
MemFree:         1857316 kB
Active:           448240 kB
Mem:          3.8G       2.1G       1.8G       5.7M        52M       1.6G

MemTotal:        4016004 kB
MemFree:         1817660 kB
Active:           448288 kB
Mem:          3.8G       2.1G       1.7G       5.7M        52M       1.6G

MemTotal:        4016004 kB
MemFree:         1671956 kB
Active:           448900 kB
Mem:          3.8G       2.2G       1.6G       5.7M        52M       1.7G

MemTotal:        4016004 kB
MemFree:         1627192 kB
Active:           449072 kB
Mem:          3.8G       2.3G       1.6G       5.7M        52M       1.8G

MemTotal:        4016004 kB
MemFree:         1580324 kB
Active:           449232 kB
Mem:          3.8G       2.3G       1.5G       5.7M        52M       1.8G

MemTotal:        4016004 kB
MemFree:         1541160 kB
Active:           449480 kB
Mem:          3.8G       2.4G       1.5G       5.7M        52M       1.9G

MemTotal:        4016004 kB
MemFree:         1497672 kB
Active:           449664 kB
Mem:          3.8G       2.4G       1.4G       5.7M        52M       1.9G

MemTotal:        4016004 kB
MemFree:         1453812 kB
Active:           449848 kB
Mem:          3.8G       2.4G       1.4G       5.7M        52M       2.0G

MemTotal:        4016004 kB
MemFree:         1411248 kB
Active:           450072 kB
Mem:          3.8G       2.5G       1.3G       5.7M        52M       2.0G

MemTotal:        4016004 kB
MemFree:         1388984 kB
Active:           450244 kB
Mem:          3.8G       2.5G       1.3G       5.7M        52M       2.0G

MemTotal:        4016004 kB
MemFree:         1351504 kB
Active:           450284 kB
Mem:          3.8G       2.5G       1.3G       5.7M        52M       2.0G

MemTotal:        4016004 kB
MemFree:         1292824 kB
Active:           450468 kB
Mem:          3.8G       2.6G       1.2G       5.7M        52M       2.1G

MemTotal:        4016004 kB
MemFree:         1239732 kB
Active:           450720 kB
Mem:          3.8G       2.6G       1.2G       5.7M        52M       2.2G

MemTotal:        4016004 kB
MemFree:         1189216 kB
Active:           450920 kB
Mem:          3.8G       2.7G       1.1G       5.7M        52M       2.2G

MemTotal:        4016004 kB
MemFree:         1142904 kB
Active:           451116 kB
Mem:          3.8G       2.7G       1.1G       5.7M        52M       2.2G

MemTotal:        4016004 kB
MemFree:         1117420 kB
Active:           451268 kB
Mem:          3.8G       2.8G       1.1G       5.7M        52M       2.3G

MemTotal:        4016004 kB
MemFree:         1093908 kB
Active:           451384 kB
Mem:          3.8G       2.8G       1.0G       5.7M        52M       2.3G

MemTotal:        4016004 kB
MemFree:         1066388 kB
Active:           451476 kB
Mem:          3.8G       2.8G       1.0G       5.7M        52M       2.3G

MemTotal:        4016004 kB
MemFree:         1009004 kB
Active:           451580 kB
Mem:          3.8G       2.9G       984M       5.7M        52M       2.4G

MemTotal:        4016004 kB
MemFree:          944156 kB
Active:           451868 kB
Mem:          3.8G       2.9G       921M       5.7M        52M       2.4G

MemTotal:        4016004 kB
MemFree:          920240 kB
Active:           452092 kB
Mem:          3.8G       3.0G       898M       5.7M        52M       2.4G

MemTotal:        4016004 kB
MemFree:          919272 kB
Active:           452168 kB
Mem:          3.8G       3.0G       897M       5.7M        52M       2.4G

MemTotal:        4016004 kB
MemFree:          830764 kB
Active:           452516 kB
Mem:          3.8G       3.0G       811M       5.7M        52M       2.5G

MemTotal:        4016004 kB
MemFree:          758488 kB
Active:           452792 kB
Mem:          3.8G       3.1G       740M       5.7M        52M       2.6G

MemTotal:        4016004 kB
MemFree:          700080 kB
Active:           453024 kB
Mem:          3.8G       3.2G       682M       5.7M        52M       2.7G

MemTotal:        4016004 kB
MemFree:          649040 kB
Active:           453228 kB
Mem:          3.8G       3.2G       632M       5.7M        52M       2.7G

MemTotal:        4016004 kB
MemFree:          604336 kB
Active:           453392 kB
Mem:          3.8G       3.3G       589M       5.7M        52M       2.7G

MemTotal:        4016004 kB
MemFree:          572792 kB
Active:           453536 kB
Mem:          3.8G       3.3G       558M       5.7M        52M       2.8G

MemTotal:        4016004 kB
MemFree:          542816 kB
Active:           453656 kB
Mem:          3.8G       3.3G       529M       5.7M        52M       2.8G

MemTotal:        4016004 kB
MemFree:          510708 kB
Active:           453780 kB
Mem:          3.8G       3.3G       498M       5.7M        52M       2.8G

MemTotal:        4016004 kB
MemFree:          437204 kB
Active:           454008 kB
Mem:          3.8G       3.4G       425M       5.7M        52M       2.9G

MemTotal:        4016004 kB
MemFree:          379052 kB
Active:           454236 kB
Mem:          3.8G       3.5G       369M       5.7M        52M       2.9G

MemTotal:        4016004 kB
MemFree:          337944 kB
Active:           454400 kB
Mem:          3.8G       3.5G       329M       5.7M        52M       3.0G

MemTotal:        4016004 kB
MemFree:          303100 kB
Active:           454560 kB
Mem:          3.8G       3.5G       295M       5.7M        52M       3.0G

MemTotal:        4016004 kB
MemFree:          264292 kB
Active:           454700 kB
Mem:          3.8G       3.6G       257M       5.7M        52M       3.1G

MemTotal:        4016004 kB
MemFree:          215300 kB
Active:           454808 kB
Mem:          3.8G       3.6G       209M       5.7M        52M       3.1G

MemTotal:        4016004 kB
MemFree:          171732 kB
Active:           443304 kB
Mem:          3.8G       3.7G       166M       5.7M        44M       3.1G

MemTotal:        4016004 kB
MemFree:          149796 kB
Active:           433228 kB
Mem:          3.8G       3.7G       103M       5.7M        38M       3.2G

MemTotal:        4016004 kB
MemFree:          140512 kB
Active:           461396 kB
Mem:          3.8G       3.7G       119M       5.7M        19M       3.2G

MemTotal:        4016004 kB
MemFree:          126788 kB
Active:           468324 kB
Mem:          3.8G       3.7G       135M       5.7M        19M       3.2G

MemTotal:        4016004 kB
MemFree:          157508 kB
Active:           463736 kB
Mem:          3.8G       3.7G       153M       5.7M        19M       3.2G

MemTotal:        4016004 kB
MemFree:          115648 kB
Active:           463892 kB
Mem:          3.8G       3.7G       112M       5.7M        19M       3.2G

MemTotal:        4016004 kB
MemFree:          128184 kB
Active:           462408 kB
Mem:          3.8G       3.7G       124M       5.7M        19M       3.2G

MemTotal:        4016004 kB
MemFree:          129080 kB
Active:           455404 kB
Mem:          3.8G       3.7G       125M       5.7M        19M       3.2G

MemTotal:        4016004 kB
MemFree:          130352 kB
Active:           453840 kB
Mem:          3.8G       3.7G       126M       5.7M        19M       3.2G

MemTotal:        4016004 kB
MemFree:          116356 kB
Active:           452408 kB
Mem:          3.8G       3.7G       113M       5.7M        19M       3.2G

MemTotal:        4016004 kB
MemFree:          117468 kB
Active:           450944 kB
Mem:          3.8G       3.7G       114M       5.7M        19M       3.2G

MemTotal:        4016004 kB
MemFree:          123864 kB
Active:           449500 kB
Mem:          3.8G       3.7G       125M       5.7M        19M       3.2G

MemTotal:        4016004 kB
MemFree:          106348 kB
Active:           446968 kB
Mem:          3.8G       3.7G       103M       5.7M        19M       3.2G

MemTotal:        4016004 kB
MemFree:          127788 kB
Active:           446524 kB
Mem:          3.8G       3.7G       124M       5.7M        19M       3.2G

MemTotal:        4016004 kB
MemFree:          110164 kB
Active:           443444 kB
Mem:          3.8G       3.7G       115M       5.7M        19M       3.2G

MemTotal:        4016004 kB
MemFree:          134444 kB
Active:           439828 kB
Mem:          3.8G       3.7G       130M       5.7M        19M       3.2G

MemTotal:        4016004 kB
MemFree:          119004 kB
Active:           438980 kB
Mem:          3.8G       3.7G       116M       5.7M        19M       3.2G

MemTotal:        4016004 kB
MemFree:          109468 kB
Active:           437996 kB
Mem:          3.8G       3.7G       106M       5.7M        19M       3.2G

MemTotal:        4016004 kB
MemFree:          109804 kB
Active:           436564 kB
Mem:          3.8G       3.7G       106M       5.7M        19M       3.2G

MemTotal:        4016004 kB
MemFree:          105732 kB
Active:           435476 kB
Mem:          3.8G       3.7G       102M       5.7M        19M       3.2G

MemTotal:        4016004 kB
MemFree:          112528 kB
Active:           434468 kB
Mem:          3.8G       3.7G       109M       5.7M        19M       3.2G

MemTotal:        4016004 kB
MemFree:          139092 kB
Active:           426548 kB
Mem:          3.8G       3.7G       135M       5.7M        19M       3.2G

MemTotal:        4016004 kB
MemFree:          132144 kB
Active:           425820 kB
Mem:          3.8G       3.7G       128M       5.7M        19M       3.2G

MemTotal:        4016004 kB
MemFree:          112820 kB
Active:           424840 kB
Mem:          3.8G       3.7G       109M       5.7M        19M       3.2G

MemTotal:        4016004 kB
MemFree:          128868 kB
Active:           423380 kB
Mem:          3.8G       3.7G       125M       5.7M        19M       3.2G

MemTotal:        4016004 kB
MemFree:          139968 kB
Active:           422188 kB
Mem:          3.8G       3.7G       136M       5.7M        19M       3.2G

MemTotal:        4016004 kB
MemFree:          139052 kB
Active:           419552 kB
Mem:          3.8G       3.7G       135M       5.7M        19M       3.2G

MemTotal:        4016004 kB
MemFree:          132508 kB
Active:           418348 kB
Mem:          3.8G       3.7G       129M       5.7M        19M       3.2G

MemTotal:        4016004 kB
MemFree:          142828 kB
Active:           415792 kB
Mem:          3.8G       3.7G       139M       5.7M        19M       3.2G

MemTotal:        4016004 kB
MemFree:          123692 kB
Active:           415308 kB
Mem:          3.8G       3.7G       120M       5.7M        19M       3.2G

MemTotal:        4016004 kB
MemFree:          117572 kB
Active:           413476 kB
Mem:          3.8G       3.7G       114M       5.7M        19M       3.2G

MemTotal:        4016004 kB
MemFree:          108840 kB
Active:           412180 kB
Mem:          3.8G       3.7G       105M       5.7M        19M       3.2G

MemTotal:        4016004 kB
MemFree:          124764 kB
Active:           410200 kB
Mem:          3.8G       3.7G       121M       5.7M        19M       3.2G

MemTotal:        4016004 kB
MemFree:          118780 kB
Active:           409280 kB
Mem:          3.8G       3.7G       115M       5.7M        19M       3.2G

MemTotal:        4016004 kB
MemFree:          140152 kB
Active:           407104 kB
Mem:          3.8G       3.7G       136M       5.7M        19M       3.2G

MemTotal:        4016004 kB
MemFree:          131928 kB
Active:           404928 kB
Mem:          3.8G       3.7G       127M       5.7M        19M       3.2G

MemTotal:        4016004 kB
MemFree:          142980 kB
Active:           403364 kB
Mem:          3.8G       3.7G       139M       5.7M        19M       3.2G

MemTotal:        4016004 kB
MemFree:          144052 kB
Active:           402264 kB
Mem:          3.8G       3.7G       140M       5.7M        19M       3.2G

MemTotal:        4016004 kB
MemFree:          115716 kB
Active:           402468 kB
Mem:          3.8G       3.7G       112M       5.7M        19M       3.2G

MemTotal:        4016004 kB
MemFree:          135516 kB
Active:           401764 kB
Mem:          3.8G       3.7G       131M       5.7M        19M       3.2G

MemTotal:        4016004 kB
MemFree:          109140 kB
Active:           401916 kB
Mem:          3.8G       3.7G       106M       5.7M        19M       3.2G

MemTotal:        4016004 kB
MemFree:          108572 kB
Active:           400688 kB
Mem:          3.8G       3.7G       105M       5.7M        19M       3.2G

MemTotal:        4016004 kB
MemFree:          134416 kB
Active:           399724 kB
Mem:          3.8G       3.7G       130M       5.7M        19M       3.2G

MemTotal:        4016004 kB
MemFree:          124880 kB
Active:           399796 kB
Mem:          3.8G       3.7G       121M       5.7M        19M       3.2G

MemTotal:        4016004 kB
MemFree:          105052 kB
Active:           400120 kB
Mem:          3.8G       3.7G       105M       5.7M        19M       3.2G

MemTotal:        4016004 kB
MemFree:          133816 kB
Active:           400264 kB
Mem:          3.8G       3.7G       130M       5.7M        19M       3.2G

MemTotal:        4016004 kB
MemFree:          150800 kB
Active:           400360 kB
Mem:          3.8G       3.7G       146M       5.7M        19M       3.2G

MemTotal:        4016004 kB
MemFree:          123684 kB
Active:           400568 kB
Mem:          3.8G       3.7G       130M       5.7M        19M       3.2G

MemTotal:        4016004 kB
MemFree:          119020 kB
Active:           400928 kB
Mem:          3.8G       3.7G       115M       5.7M        19M       3.2G

MemTotal:        4016004 kB
MemFree:          127440 kB
Active:           401188 kB
Mem:          3.8G       3.7G       123M       5.7M        19M       3.2G

MemTotal:        4016004 kB
MemFree:          135636 kB
Active:           401400 kB
Mem:          3.8G       3.7G       131M       5.7M        19M       3.2G

MemTotal:        4016004 kB
MemFree:          125260 kB
Active:           401596 kB
Mem:          3.8G       3.7G       121M       5.7M        19M       3.2G

MemTotal:        4016004 kB
MemFree:          120312 kB
Active:           401696 kB
Mem:          3.8G       3.7G       117M       5.7M        19M       3.2G

MemTotal:        4016004 kB
MemFree:          129928 kB
Active:           403024 kB
Mem:          3.8G       3.7G       126M       5.7M        19M       3.2G

MemTotal:        4016004 kB
MemFree:          128848 kB
Active:           403008 kB
Mem:          3.8G       3.7G       125M       5.7M        19M       3.2G

MemTotal:        4016004 kB
MemFree:          133784 kB
Active:           403144 kB
Mem:          3.8G       3.7G       129M       5.7M        20M       3.2G

MemTotal:        4016004 kB
MemFree:          136936 kB
Active:           403376 kB
Mem:          3.8G       3.7G       133M       5.7M        20M       3.2G

MemTotal:        4016004 kB
MemFree:          131552 kB
Active:           403556 kB
Mem:          3.8G       3.7G       127M       5.7M        20M       3.2G

MemTotal:        4016004 kB
MemFree:          137536 kB
Active:           403676 kB
Mem:          3.8G       3.7G       133M       5.7M        20M       3.2G

MemTotal:        4016004 kB
MemFree:          110936 kB
Active:           403692 kB
Mem:          3.8G       3.7G       107M       5.7M        20M       3.2G

MemTotal:        4016004 kB
MemFree:          106528 kB
Active:           403892 kB
Mem:          3.8G       3.7G       103M       5.7M        20M       3.2G

MemTotal:        4016004 kB
MemFree:          123548 kB
Active:           404144 kB
Mem:          3.8G       3.7G       119M       5.7M        20M       3.2G

MemTotal:        4016004 kB
MemFree:          139044 kB
Active:           404252 kB
Mem:          3.8G       3.7G       135M       5.7M        20M       3.2G

MemTotal:        4016004 kB
MemFree:          152780 kB
Active:           403600 kB
Mem:          3.8G       3.7G       148M       5.7M        20M       3.2G

MemTotal:        4016004 kB
MemFree:          128440 kB
Active:           403784 kB
Mem:          3.8G       3.7G       125M       5.7M        20M       3.2G

MemTotal:        4016004 kB
MemFree:          128340 kB
Active:           403928 kB
Mem:          3.8G       3.7G       124M       5.7M        20M       3.2G

MemTotal:        4016004 kB
MemFree:          133348 kB
Active:           403944 kB
Mem:          3.8G       3.7G       129M       5.7M        20M       3.2G

MemTotal:        4016004 kB
MemFree:          131160 kB
Active:           403944 kB
Mem:          3.8G       3.7G       127M       5.7M        20M       3.2G

MemTotal:        4016004 kB
MemFree:          125956 kB
Active:           404172 kB
Mem:          3.8G       3.7G       122M       5.7M        20M       3.2G

MemTotal:        4016004 kB
MemFree:          124100 kB
Active:           404328 kB
Mem:          3.8G       3.7G       120M       5.7M        20M       3.2G

MemTotal:        4016004 kB
MemFree:          123056 kB
Active:           404524 kB
Mem:          3.8G       3.7G       120M       5.7M        20M       3.2G

MemTotal:        4016004 kB
MemFree:          104816 kB
Active:           407324 kB
Mem:          3.8G       3.7G       105M       5.7M        20M       3.2G

MemTotal:        4016004 kB
MemFree:          135496 kB
Active:           402908 kB
Mem:          3.8G       3.7G       131M       5.7M        20M       3.2G

MemTotal:        4016004 kB
MemFree:          133176 kB
Active:           402804 kB
Mem:          3.8G       3.7G       129M       5.7M        20M       3.2G

MemTotal:        4016004 kB
MemFree:          142768 kB
Active:           402988 kB
Mem:          3.8G       3.7G       139M       5.7M        20M       3.2G

MemTotal:        4016004 kB
MemFree:          146700 kB
Active:           403208 kB
Mem:          3.8G       3.7G       142M       5.7M        20M       3.2G

MemTotal:        4016004 kB
MemFree:          124564 kB
Active:           403328 kB
Mem:          3.8G       3.7G       121M       5.7M        20M       3.2G

MemTotal:        4016004 kB
MemFree:          120500 kB
Active:           403864 kB
Mem:          3.8G       3.7G       117M       5.7M        20M       3.2G

MemTotal:        4016004 kB
MemFree:          116964 kB
Active:           400988 kB
Mem:          3.8G       3.7G       113M       5.7M        20M       3.2G

MemTotal:        4016004 kB
MemFree:          131468 kB
Active:           399100 kB
Mem:          3.8G       3.7G       127M       5.7M        20M       3.2G

MemTotal:        4016004 kB
MemFree:          134472 kB
Active:           401272 kB
Mem:          3.8G       3.7G       130M       5.7M        20M       3.2G

MemTotal:        4016004 kB
MemFree:          121336 kB
Active:           401408 kB
Mem:          3.8G       3.7G       117M       5.7M        20M       3.2G

MemTotal:        4016004 kB
MemFree:          106472 kB
Active:           401640 kB
Mem:          3.8G       3.7G       103M       5.7M        20M       3.2G

MemTotal:        4016004 kB
MemFree:          143908 kB
Active:           401860 kB
Mem:          3.8G       3.7G       140M       5.7M        20M       3.2G

MemTotal:        4016004 kB
MemFree:          126396 kB
Active:           402052 kB
Mem:          3.8G       3.7G       122M       5.7M        20M       3.2G

MemTotal:        4016004 kB
MemFree:          135236 kB
Active:           402192 kB
Mem:          3.8G       3.7G       131M       5.7M        20M       3.2G

MemTotal:        4016004 kB
MemFree:          133648 kB
Active:           402336 kB
Mem:          3.8G       3.7G       129M       5.7M        20M       3.2G

MemTotal:        4016004 kB
MemFree:          132968 kB
Active:           400860 kB
Mem:          3.8G       3.7G       129M       5.7M        20M       3.2G

MemTotal:        4016004 kB
MemFree:          141304 kB
Active:           401056 kB
Mem:          3.8G       3.7G       137M       5.7M        20M       3.2G

MemTotal:        4016004 kB
MemFree:          114340 kB
Active:           401228 kB
Mem:          3.8G       3.7G       110M       5.7M        20M       3.2G

MemTotal:        4016004 kB
MemFree:          120728 kB
Active:           401304 kB
Mem:          3.8G       3.7G       117M       5.7M        20M       3.2G

MemTotal:        4016004 kB
MemFree:          129744 kB
Active:           401380 kB
Mem:          3.8G       3.7G       126M       5.7M        20M       3.2G

MemTotal:        4016004 kB
MemFree:          142364 kB
Active:           401600 kB
Mem:          3.8G       3.7G       138M       5.7M        20M       3.2G

MemTotal:        4016004 kB
MemFree:          134648 kB
Active:           401948 kB
Mem:          3.8G       3.7G       130M       5.7M        20M       3.2G

MemTotal:        4016004 kB
MemFree:          125564 kB
Active:           402148 kB
Mem:          3.8G       3.7G       122M       5.7M        20M       3.2G

MemTotal:        4016004 kB
MemFree:          114876 kB
Active:           402188 kB
Mem:          3.8G       3.7G       112M       5.7M        20M       3.2G

MemTotal:        4016004 kB
MemFree:          113532 kB
Active:           402204 kB
Mem:          3.8G       3.7G       111M       5.7M        20M       3.2G

MemTotal:        4016004 kB
MemFree:          142064 kB
Active:           401056 kB
Mem:          3.8G       3.7G       138M       5.7M        20M       3.2G

MemTotal:        4016004 kB
MemFree:          135176 kB
Active:           401376 kB
Mem:          3.8G       3.7G       131M       5.7M        20M       3.2G

MemTotal:        4016004 kB
MemFree:          124780 kB
Active:           401524 kB
Mem:          3.8G       3.7G       110M       5.7M        20M       3.2G

MemTotal:        4016004 kB
MemFree:          141228 kB
Active:           402016 kB
Mem:          3.8G       3.7G       137M       5.7M        20M       3.2G

MemTotal:        4016004 kB
MemFree:          127724 kB
Active:           402348 kB
Mem:          3.8G       3.7G       124M       5.7M        20M       3.2G

MemTotal:        4016004 kB
MemFree:          127032 kB
Active:           402416 kB
Mem:          3.8G       3.7G       124M       5.7M        20M       3.2G

MemTotal:        4016004 kB
MemFree:          127312 kB
Active:           402392 kB
Mem:          3.8G       3.7G       124M       5.7M        20M       3.2G

MemTotal:        4016004 kB
MemFree:          109232 kB
Active:           391696 kB
Mem:          3.8G       3.7G       105M       5.7M        20M       3.2G

MemTotal:        4016004 kB
MemFree:          119052 kB
Active:           392676 kB
Mem:          3.8G       3.7G       115M       5.7M        20M       3.2G

MemTotal:        4016004 kB
MemFree:          122820 kB
Active:           392864 kB
Mem:          3.8G       3.7G       119M       5.7M        20M       3.2G

MemTotal:        4016004 kB
MemFree:          117412 kB
Active:           393108 kB
Mem:          3.8G       3.7G       114M       5.7M        20M       3.2G

MemTotal:        4016004 kB
MemFree:          109712 kB
Active:           393352 kB
Mem:          3.8G       3.7G       106M       5.7M        20M       3.2G

MemTotal:        4016004 kB
MemFree:          128440 kB
Active:           393512 kB
Mem:          3.8G       3.7G       125M       5.7M        20M       3.2G

MemTotal:        4016004 kB
MemFree:          110256 kB
Active:           393676 kB
Mem:          3.8G       3.7G       107M       5.7M        20M       3.2G

MemTotal:        4016004 kB
MemFree:          126596 kB
Active:           393740 kB
Mem:          3.8G       3.7G       123M       5.7M        20M       3.2G

MemTotal:        4016004 kB
MemFree:          126136 kB
Active:           393764 kB
Mem:          3.8G       3.7G       123M       5.7M        20M       3.2G

MemTotal:        4016004 kB
MemFree:          126328 kB
Active:           393772 kB
Mem:          3.8G       3.7G       123M       5.7M        20M       3.2G

MemTotal:        4016004 kB
MemFree:          128512 kB
Active:           393432 kB
Mem:          3.8G       3.7G       125M       5.7M        20M       3.2G

MemTotal:        4016004 kB
MemFree:          118880 kB
Active:           393552 kB
Mem:          3.8G       3.7G       115M       5.7M        20M       3.2G

MemTotal:        4016004 kB
MemFree:          115020 kB
Active:           393756 kB
Mem:          3.8G       3.7G       111M       5.7M        20M       3.2G

MemTotal:        4016004 kB
MemFree:          142064 kB
Active:           393932 kB
Mem:          3.8G       3.7G       138M       5.7M        20M       3.2G

MemTotal:        4016004 kB
MemFree:          126900 kB
Active:           394064 kB
Mem:          3.8G       3.7G       123M       5.7M        20M       3.2G

MemTotal:        4016004 kB
MemFree:          150944 kB
Active:           394088 kB
Mem:          3.8G       3.7G       146M       5.7M        20M       3.2G

MemTotal:        4016004 kB
MemFree:          140256 kB
Active:           394316 kB
Mem:          3.8G       3.7G       139M       5.7M        20M       3.2G

MemTotal:        4016004 kB
MemFree:          118864 kB
Active:           394560 kB
Mem:          3.8G       3.7G       115M       5.7M        20M       3.2G

MemTotal:        4016004 kB
MemFree:          108900 kB
Active:           394648 kB
Mem:          3.8G       3.7G       106M       5.7M        20M       3.2G

MemTotal:        4016004 kB
MemFree:          114472 kB
Active:           394652 kB
Mem:          3.8G       3.7G       111M       5.7M        20M       3.2G

MemTotal:        4016004 kB
MemFree:          121228 kB
Active:           396264 kB
Mem:          3.8G       3.7G       126M       5.7M        20M       3.2G

MemTotal:        4016004 kB
MemFree:          142372 kB
Active:           394632 kB
Mem:          3.8G       3.7G       138M       5.7M        20M       3.2G

MemTotal:        4016004 kB
MemFree:          112424 kB
Active:           394720 kB
Mem:          3.8G       3.7G       109M       5.7M        20M       3.2G

MemTotal:        4016004 kB
MemFree:          123568 kB
Active:           394732 kB
Mem:          3.8G       3.7G       120M       5.7M        20M       3.2G

MemTotal:        4016004 kB
MemFree:          108416 kB
Active:           394660 kB
Mem:          3.8G       3.7G       105M       5.7M        20M       3.2G

MemTotal:        4016004 kB
MemFree:          116232 kB
Active:           402892 kB
Mem:          3.8G       3.7G       113M       5.7M        27M       3.2G

MemTotal:        4016004 kB
MemFree:          129188 kB
Active:           403376 kB
Mem:          3.8G       3.7G       125M       5.7M        27M       3.2G

MemTotal:        4016004 kB
MemFree:          125884 kB
Active:           403184 kB
Mem:          3.8G       3.7G       121M       5.7M        27M       3.2G

MemTotal:        4016004 kB
MemFree:          108760 kB
Active:           403172 kB
Mem:          3.8G       3.7G       105M       5.7M        27M       3.2G

MemTotal:        4016004 kB
MemFree:          127512 kB
Active:           403324 kB
Mem:          3.8G       3.7G       124M       5.7M        27M       3.2G

MemTotal:        4016004 kB
MemFree:          124908 kB
Active:           403492 kB
Mem:          3.8G       3.7G       121M       5.7M        27M       3.2G

MemTotal:        4016004 kB
MemFree:          145640 kB
Active:           403624 kB
Mem:          3.8G       3.7G       142M       5.7M        27M       3.2G

MemTotal:        4016004 kB
MemFree:          114444 kB
Active:           403716 kB
Mem:          3.8G       3.7G       111M       5.7M        27M       3.2G

MemTotal:        4016004 kB
MemFree:          126444 kB
Active:           399652 kB
Mem:          3.8G       3.7G       122M       5.7M        27M       3.2G

MemTotal:        4016004 kB
MemFree:          113140 kB
Active:           399900 kB
Mem:          3.8G       3.7G       109M       5.7M        27M       3.2G

MemTotal:        4016004 kB
MemFree:          148620 kB
Active:           400112 kB
Mem:          3.8G       3.7G       144M       5.7M        27M       3.2G

MemTotal:        4016004 kB
MemFree:          107952 kB
Active:           400300 kB
Mem:          3.8G       3.7G       104M       5.7M        27M       3.2G

MemTotal:        4016004 kB
MemFree:          126900 kB
Active:           400460 kB
Mem:          3.8G       3.7G       123M       5.7M        27M       3.2G

MemTotal:        4016004 kB
MemFree:          125900 kB
Active:           400608 kB
Mem:          3.8G       3.7G       122M       5.7M        27M       3.2G

MemTotal:        4016004 kB
MemFree:          117368 kB
Active:           400780 kB
Mem:          3.8G       3.7G       113M       5.7M        27M       3.2G

MemTotal:        4016004 kB
MemFree:          124676 kB
Active:           400932 kB
Mem:          3.8G       3.7G       121M       5.7M        27M       3.2G

MemTotal:        4016004 kB
MemFree:          126520 kB
Active:           401084 kB
Mem:          3.8G       3.7G       123M       5.7M        27M       3.2G

MemTotal:        4016004 kB
MemFree:          133588 kB
Active:           401288 kB
Mem:          3.8G       3.7G       129M       5.7M        27M       3.2G

MemTotal:        4016004 kB
MemFree:          107024 kB
Active:           401444 kB
Mem:          3.8G       3.7G       103M       5.7M        27M       3.2G

MemTotal:        4016004 kB
MemFree:          106208 kB
Active:           401584 kB
Mem:          3.8G       3.7G       102M       5.7M        27M       3.2G

MemTotal:        4016004 kB
MemFree:          107604 kB
Active:           401744 kB
Mem:          3.8G       3.7G       104M       5.7M        27M       3.2G

MemTotal:        4016004 kB
MemFree:          106772 kB
Active:           401812 kB
Mem:          3.8G       3.7G       104M       5.7M        27M       3.2G

MemTotal:        4016004 kB
MemFree:          139552 kB
Active:           403232 kB
Mem:          3.8G       3.7G       135M       5.7M        27M       3.2G

MemTotal:        4016004 kB
MemFree:          134984 kB
Active:           401624 kB
Mem:          3.8G       3.7G       131M       5.7M        27M       3.2G

MemTotal:        4016004 kB
MemFree:          129860 kB
Active:           401736 kB
Mem:          3.8G       3.7G       126M       5.7M        27M       3.2G

MemTotal:        4016004 kB
MemFree:          124780 kB
Active:           401932 kB
Mem:          3.8G       3.7G       121M       5.7M        27M       3.2G

MemTotal:        4016004 kB
MemFree:          117168 kB
Active:           402140 kB
Mem:          3.8G       3.7G       114M       5.7M        27M       3.2G

MemTotal:        4016004 kB
MemFree:          110520 kB
Active:           402232 kB
Mem:          3.8G       3.7G       107M       5.7M        27M       3.2G

MemTotal:        4016004 kB
MemFree:          152312 kB
Active:           402224 kB
Mem:          3.8G       3.7G       148M       5.7M        27M       3.2G

MemTotal:        4016004 kB
MemFree:          126344 kB
Active:           402376 kB
Mem:          3.8G       3.7G       123M       5.7M        27M       3.2G

MemTotal:        4016004 kB
MemFree:          142008 kB
Active:           402736 kB
Mem:          3.8G       3.7G       137M       5.7M        27M       3.2G

MemTotal:        4016004 kB
MemFree:          132828 kB
Active:           403076 kB
Mem:          3.8G       3.7G       129M       5.7M        27M       3.2G

MemTotal:        4016004 kB
MemFree:          116780 kB
Active:           403232 kB
Mem:          3.8G       3.7G       113M       5.7M        27M       3.2G

MemTotal:        4016004 kB
MemFree:          130188 kB
Active:           403388 kB
Mem:          3.8G       3.7G       126M       5.7M        27M       3.2G

MemTotal:        4016004 kB
MemFree:          143764 kB
Active:           403528 kB
Mem:          3.8G       3.7G       140M       5.7M        27M       3.2G

MemTotal:        4016004 kB
MemFree:          133156 kB
Active:           403752 kB
Mem:          3.8G       3.7G       130M       5.7M        27M       3.2G

MemTotal:        4016004 kB
MemFree:          121376 kB
Active:           403920 kB
Mem:          3.8G       3.7G       118M       5.7M        27M       3.2G

MemTotal:        4016004 kB
MemFree:          128428 kB
Active:           404068 kB
Mem:          3.8G       3.7G       124M       5.7M        27M       3.2G

MemTotal:        4016004 kB
MemFree:          127032 kB
Active:           404148 kB
Mem:          3.8G       3.7G       123M       5.7M        27M       3.2G

MemTotal:        4016004 kB
MemFree:          143876 kB
Active:           404244 kB
Mem:          3.8G       3.7G       140M       5.7M        27M       3.2G

MemTotal:        4016004 kB
MemFree:          123084 kB
Active:           404428 kB
Mem:          3.8G       3.7G       119M       5.7M        27M       3.2G

MemTotal:        4016004 kB
MemFree:          110060 kB
Active:           404996 kB
Mem:          3.8G       3.7G       107M       5.7M        27M       3.2G

MemTotal:        4016004 kB
MemFree:          111132 kB
Active:           404816 kB
Mem:          3.8G       3.7G       108M       5.7M        27M       3.2G

MemTotal:        4016004 kB
MemFree:          110184 kB
Active:           404836 kB
Mem:          3.8G       3.7G       107M       5.7M        27M       3.2G

MemTotal:        4016004 kB
MemFree:          127604 kB
Active:           404992 kB
Mem:          3.8G       3.7G       123M       5.7M        27M       3.2G

MemTotal:        4016004 kB
MemFree:          110432 kB
Active:           405272 kB
Mem:          3.8G       3.7G       107M       5.7M        27M       3.2G

MemTotal:        4016004 kB
MemFree:          108492 kB
Active:           405512 kB
Mem:          3.8G       3.7G       105M       5.7M        27M       3.2G

MemTotal:        4016004 kB
MemFree:          123060 kB
Active:           405688 kB
Mem:          3.8G       3.7G       119M       5.7M        27M       3.2G

MemTotal:        4016004 kB
MemFree:          141856 kB
Active:           405860 kB
Mem:          3.8G       3.7G       137M       5.7M        27M       3.2G

MemTotal:        4016004 kB
MemFree:          133972 kB
Active:           406004 kB
Mem:          3.8G       3.7G       130M       5.7M        27M       3.2G

MemTotal:        4016004 kB
MemFree:          106904 kB
Active:           406124 kB
Mem:          3.8G       3.7G       103M       5.7M        27M       3.2G

MemTotal:        4016004 kB
MemFree:          118100 kB
Active:           407268 kB
Mem:          3.8G       3.7G       114M       5.7M        27M       3.2G

MemTotal:        4016004 kB
MemFree:          105984 kB
Active:           407480 kB
Mem:          3.8G       3.7G       102M       5.7M        27M       3.2G

MemTotal:        4016004 kB
MemFree:          116200 kB
Active:           407452 kB
Mem:          3.8G       3.7G       113M       5.7M        27M       3.2G

MemTotal:        4016004 kB
MemFree:          115892 kB
Active:           407680 kB
Mem:          3.8G       3.7G       112M       5.7M        27M       3.2G

MemTotal:        4016004 kB
MemFree:          111800 kB
Active:           407788 kB
Mem:          3.8G       3.7G       109M       5.7M        27M       3.2G

MemTotal:        4016004 kB
MemFree:          124588 kB
Active:           407968 kB
Mem:          3.8G       3.7G       120M       5.7M        27M       3.2G

MemTotal:        4016004 kB
MemFree:          109180 kB
Active:           408168 kB
Mem:          3.8G       3.7G       106M       5.7M        27M       3.2G

MemTotal:        4016004 kB
MemFree:          113952 kB
Active:           408380 kB
Mem:          3.8G       3.7G       111M       5.7M        27M       3.2G

MemTotal:        4016004 kB
MemFree:          143568 kB
Active:           408532 kB
Mem:          3.8G       3.7G       140M       5.7M        27M       3.2G

MemTotal:        4016004 kB
MemFree:          105496 kB
Active:           408700 kB
Mem:          3.8G       3.7G       102M       5.7M        27M       3.2G

MemTotal:        4016004 kB
MemFree:          131536 kB
Active:           408848 kB
Mem:          3.8G       3.7G       128M       5.7M        27M       3.2G

MemTotal:        4016004 kB
MemFree:          134560 kB
Active:           409008 kB
Mem:          3.8G       3.7G       131M       5.7M        27M       3.2G

MemTotal:        4016004 kB
MemFree:          132304 kB
Active:           409232 kB
Mem:          3.8G       3.7G       128M       5.7M        27M       3.2G

MemTotal:        4016004 kB
MemFree:          134032 kB
Active:           409420 kB
Mem:          3.8G       3.7G       130M       5.7M        27M       3.2G

MemTotal:        4016004 kB
MemFree:          110992 kB
Active:           409528 kB
Mem:          3.8G       3.7G       107M       5.7M        27M       3.2G

MemTotal:        4016004 kB
MemFree:          145516 kB
Active:           409800 kB
Mem:          3.8G       3.7G       142M       5.7M        27M       3.2G

MemTotal:        4016004 kB
MemFree:          131312 kB
Active:           410048 kB
Mem:          3.8G       3.7G       127M       5.7M        27M       3.2G

MemTotal:        4016004 kB
MemFree:          130200 kB
Active:           410304 kB
Mem:          3.8G       3.7G       126M       5.7M        27M       3.2G

MemTotal:        4016004 kB
MemFree:          119296 kB
Active:           410464 kB
Mem:          3.8G       3.7G       116M       5.7M        27M       3.2G

MemTotal:        4016004 kB
MemFree:          121484 kB
Active:           410548 kB
Mem:          3.8G       3.7G       117M       5.7M        27M       3.2G

MemTotal:        4016004 kB
MemFree:          112760 kB
Active:           410688 kB
Mem:          3.8G       3.7G       109M       5.7M        27M       3.2G

MemTotal:        4016004 kB
MemFree:          110860 kB
Active:           410952 kB
Mem:          3.8G       3.7G       107M       5.7M        27M       3.2G

MemTotal:        4016004 kB
MemFree:          132988 kB
Active:           411148 kB
Mem:          3.8G       3.7G       129M       5.7M        27M       3.2G

MemTotal:        4016004 kB
MemFree:          134584 kB
Active:           411300 kB
Mem:          3.8G       3.7G       130M       5.7M        27M       3.2G

MemTotal:        4016004 kB
MemFree:          134156 kB
Active:           411444 kB
Mem:          3.8G       3.7G       130M       5.7M        27M       3.2G

MemTotal:        4016004 kB
MemFree:          116628 kB
Active:           411808 kB
Mem:          3.8G       3.7G       113M       5.7M        27M       3.2G

MemTotal:        4016004 kB
MemFree:          109780 kB
Active:           412012 kB
Mem:          3.8G       3.7G       106M       5.7M        27M       3.2G

MemTotal:        4016004 kB
MemFree:          133928 kB
Active:           412124 kB
Mem:          3.8G       3.7G       130M       5.7M        27M       3.2G

MemTotal:        4016004 kB
MemFree:          119628 kB
Active:           412324 kB
Mem:          3.8G       3.7G       116M       5.7M        27M       3.2G

MemTotal:        4016004 kB
MemFree:          122156 kB
Active:           412464 kB
Mem:          3.8G       3.7G       119M       5.7M        27M       3.2G

MemTotal:        4016004 kB
MemFree:          119044 kB
Active:           412604 kB
Mem:          3.8G       3.7G       115M       5.7M        27M       3.2G

MemTotal:        4016004 kB
MemFree:          112624 kB
Active:           412848 kB
Mem:          3.8G       3.7G       109M       5.7M        27M       3.2G

MemTotal:        4016004 kB
MemFree:          107024 kB
Active:           413044 kB
Mem:          3.8G       3.7G       104M       5.7M        27M       3.2G

MemTotal:        4016004 kB
MemFree:          128808 kB
Active:           413172 kB
Mem:          3.8G       3.7G       125M       5.7M        27M       3.2G

MemTotal:        4016004 kB
MemFree:          123976 kB
Active:           413252 kB
Mem:          3.8G       3.7G       120M       5.7M        27M       3.2G

MemTotal:        4016004 kB
MemFree:          133552 kB
Active:           413492 kB
Mem:          3.8G       3.7G       129M       5.7M        27M       3.2G

MemTotal:        4016004 kB
MemFree:          125464 kB
Active:           413712 kB
Mem:          3.8G       3.7G       122M       5.7M        27M       3.2G

MemTotal:        4016004 kB
MemFree:          117964 kB
Active:           413944 kB
Mem:          3.8G       3.7G       114M       5.7M        27M       3.2G

MemTotal:        4016004 kB
MemFree:          134632 kB
Active:           414100 kB
Mem:          3.8G       3.7G       130M       5.7M        27M       3.2G

MemTotal:        4016004 kB
MemFree:          134168 kB
Active:           414072 kB
Mem:          3.8G       3.7G       130M       5.7M        27M       3.2G

MemTotal:        4016004 kB
MemFree:          133716 kB
Active:           414084 kB
Mem:          3.8G       3.7G       130M       5.7M        27M       3.2G

MemTotal:        4016004 kB
MemFree:          137920 kB
Active:           414288 kB
Mem:          3.8G       3.7G       134M       5.7M        27M       3.2G

MemTotal:        4016004 kB
MemFree:          121496 kB
Active:           414668 kB
Mem:          3.8G       3.7G       118M       5.7M        27M       3.2G

MemTotal:        4016004 kB
MemFree:          119624 kB
Active:           414912 kB
Mem:          3.8G       3.7G       116M       5.7M        27M       3.2G

MemTotal:        4016004 kB
MemFree:          112296 kB
Active:           415120 kB
Mem:          3.8G       3.7G       108M       5.7M        27M       3.2G

MemTotal:        4016004 kB
MemFree:          112184 kB
Active:           415328 kB
Mem:          3.8G       3.7G       109M       5.7M        27M       3.2G

MemTotal:        4016004 kB
MemFree:          139228 kB
Active:           415504 kB
Mem:          3.8G       3.7G       135M       5.7M        27M       3.2G

MemTotal:        4016004 kB
MemFree:          111432 kB
Active:           415588 kB
Mem:          3.8G       3.7G       108M       5.7M        27M       3.2G

MemTotal:        4016004 kB
MemFree:          125380 kB
Active:           415676 kB
Mem:          3.8G       3.7G       122M       5.7M        27M       3.2G

MemTotal:        4016004 kB
MemFree:          135276 kB
Active:           416080 kB
Mem:          3.8G       3.7G       131M       5.7M        27M       3.2G

MemTotal:        4016004 kB
MemFree:          119152 kB
Active:           416368 kB
Mem:          3.8G       3.7G       115M       5.7M        27M       3.2G

MemTotal:        4016004 kB
MemFree:          126360 kB
Active:           416456 kB
Mem:          3.8G       3.7G       123M       5.7M        27M       3.2G

MemTotal:        4016004 kB
MemFree:          114212 kB
Active:           416400 kB
Mem:          3.8G       3.7G       111M       5.7M        27M       3.2G

MemTotal:        4016004 kB
MemFree:          137456 kB
Active:           416748 kB
Mem:          3.8G       3.7G       133M       5.7M        27M       3.2G

MemTotal:        4016004 kB
MemFree:          118760 kB
Active:           417020 kB
Mem:          3.8G       3.7G       115M       5.7M        27M       3.2G

MemTotal:        4016004 kB
MemFree:          120064 kB
Active:           417248 kB
Mem:          3.8G       3.7G       116M       5.7M        27M       3.2G

MemTotal:        4016004 kB
MemFree:          134492 kB
Active:           417412 kB
Mem:          3.8G       3.7G       130M       5.7M        27M       3.2G

MemTotal:        4016004 kB
MemFree:          127232 kB
Active:           417576 kB
Mem:          3.8G       3.7G       123M       5.7M        27M       3.2G

MemTotal:        4016004 kB
MemFree:          109944 kB
Active:           417676 kB
Mem:          3.8G       3.7G       107M       5.7M        28M       3.2G

MemTotal:        4016004 kB
MemFree:          125864 kB
Active:           417744 kB
Mem:          3.8G       3.7G       122M       5.7M        28M       3.2G

MemTotal:        4016004 kB
MemFree:          124164 kB
Active:           417852 kB
Mem:          3.8G       3.7G       120M       5.7M        28M       3.2G

MemTotal:        4016004 kB
MemFree:          127520 kB
Active:           418152 kB
Mem:          3.8G       3.7G       124M       5.7M        28M       3.2G

MemTotal:        4016004 kB
MemFree:          116556 kB
Active:           418472 kB
Mem:          3.8G       3.7G       113M       5.7M        28M       3.2G

MemTotal:        4016004 kB
MemFree:          145904 kB
Active:           418620 kB
Mem:          3.8G       3.7G       141M       5.7M        28M       3.2G

MemTotal:        4016004 kB
MemFree:          109248 kB
Active:           419152 kB
Mem:          3.8G       3.7G       106M       5.7M        28M       3.2G

MemTotal:        4016004 kB
MemFree:          111316 kB
Active:           419352 kB
Mem:          3.8G       3.7G       108M       5.7M        28M       3.2G

MemTotal:        4016004 kB
MemFree:          129072 kB
Active:           419496 kB
Mem:          3.8G       3.7G       125M       5.7M        28M       3.2G

MemTotal:        4016004 kB
MemFree:          134180 kB
Active:           419592 kB
Mem:          3.8G       3.7G       130M       5.7M        28M       3.2G

MemTotal:        4016004 kB
MemFree:          126324 kB
Active:           419712 kB
Mem:          3.8G       3.7G       123M       5.7M        28M       3.2G

MemTotal:        4016004 kB
MemFree:          105904 kB
Active:           419964 kB
Mem:          3.8G       3.7G       102M       5.7M        28M       3.2G

MemTotal:        4016004 kB
MemFree:          143508 kB
Active:           420188 kB
Mem:          3.8G       3.7G       139M       5.7M        28M       3.2G

MemTotal:        4016004 kB
MemFree:          111648 kB
Active:           420356 kB
Mem:          3.8G       3.7G       108M       5.7M        28M       3.2G

MemTotal:        4016004 kB
MemFree:          110060 kB
Active:           420528 kB
Mem:          3.8G       3.7G       107M       5.7M        28M       3.2G

MemTotal:        4016004 kB
MemFree:          140584 kB
Active:           420676 kB
Mem:          3.8G       3.7G       136M       5.7M        28M       3.2G

MemTotal:        4016004 kB
MemFree:          122688 kB
Active:           420820 kB
Mem:          3.8G       3.7G       119M       5.7M        28M       3.2G

MemTotal:        4016004 kB
MemFree:          140156 kB
Active:           421060 kB
Mem:          3.8G       3.7G       136M       5.7M        28M       3.2G

MemTotal:        4016004 kB
MemFree:          133296 kB
Active:           421256 kB
Mem:          3.8G       3.7G       129M       5.7M        28M       3.2G

MemTotal:        4016004 kB
MemFree:          114972 kB
Active:           421264 kB
Mem:          3.8G       3.7G       112M       5.7M        28M       3.2G

MemTotal:        4016004 kB
MemFree:          119220 kB
Active:           421364 kB
Mem:          3.8G       3.7G       116M       5.7M        28M       3.2G

MemTotal:        4016004 kB
MemFree:          140568 kB
Active:           421488 kB
Mem:          3.8G       3.7G       137M       5.7M        28M       3.2G

MemTotal:        4016004 kB
MemFree:          129932 kB
Active:           421668 kB
Mem:          3.8G       3.7G       126M       5.7M        28M       3.2G

MemTotal:        4016004 kB
MemFree:          119608 kB
Active:           421924 kB
Mem:          3.8G       3.7G       116M       5.7M        28M       3.2G

MemTotal:        4016004 kB
MemFree:          144236 kB
Active:           422076 kB
Mem:          3.8G       3.7G       140M       5.7M        28M       3.2G

MemTotal:        4016004 kB
MemFree:          130772 kB
Active:           422228 kB
Mem:          3.8G       3.7G       126M       5.7M        28M       3.2G

MemTotal:        4016004 kB
MemFree:          132460 kB
Active:           422352 kB
Mem:          3.8G       3.7G       129M       5.7M        28M       3.2G

MemTotal:        4016004 kB
MemFree:          119844 kB
Active:           422520 kB
Mem:          3.8G       3.7G       116M       5.7M        28M       3.2G

MemTotal:        4016004 kB
MemFree:          122616 kB
Active:           422760 kB
Mem:          3.8G       3.7G       119M       5.7M        28M       3.2G

MemTotal:        4016004 kB
MemFree:          142260 kB
Active:           422980 kB
Mem:          3.8G       3.7G       138M       5.7M        28M       3.2G

MemTotal:        4016004 kB
MemFree:          119860 kB
Active:           423056 kB
Mem:          3.8G       3.7G       116M       5.7M        28M       3.2G

MemTotal:        4016004 kB
MemFree:          133932 kB
Active:           423204 kB
Mem:          3.8G       3.7G       130M       5.7M        28M       3.2G

MemTotal:        4016004 kB
MemFree:          132856 kB
Active:           423320 kB
Mem:          3.8G       3.7G       129M       5.7M        28M       3.2G

MemTotal:        4016004 kB
MemFree:          133392 kB
Active:           423556 kB
Mem:          3.8G       3.7G       130M       5.7M        28M       3.2G

MemTotal:        4016004 kB
MemFree:          115132 kB
Active:           423844 kB
Mem:          3.8G       3.7G       112M       5.7M        28M       3.2G

MemTotal:        4016004 kB
MemFree:          116632 kB
Active:           424052 kB
Mem:          3.8G       3.7G       113M       5.7M        28M       3.2G

MemTotal:        4016004 kB
MemFree:          124972 kB
Active:           424164 kB
Mem:          3.8G       3.7G       121M       5.7M        28M       3.2G

MemTotal:        4016004 kB
MemFree:          137664 kB
Active:           424268 kB
Mem:          3.8G       3.7G       133M       5.7M        28M       3.2G

MemTotal:        4016004 kB
MemFree:          136300 kB
Active:           424440 kB
Mem:          3.8G       3.7G       132M       5.7M        28M       3.2G

MemTotal:        4016004 kB
MemFree:          124304 kB
Active:           424668 kB
Mem:          3.8G       3.7G       121M       5.7M        28M       3.2G

MemTotal:        4016004 kB
MemFree:          118320 kB
Active:           424892 kB
Mem:          3.8G       3.7G       115M       5.7M        28M       3.2G

MemTotal:        4016004 kB
MemFree:          146912 kB
Active:           425128 kB
Mem:          3.8G       3.7G       142M       5.7M        28M       3.2G

MemTotal:        4016004 kB
MemFree:          135008 kB
Active:           425284 kB
Mem:          3.8G       3.7G       139M       5.7M        28M       3.2G

MemTotal:        4016004 kB
MemFree:          108860 kB
Active:           425460 kB
Mem:          3.8G       3.7G       105M       5.7M        28M       3.2G

MemTotal:        4016004 kB
MemFree:          120064 kB
Active:           425636 kB
Mem:          3.8G       3.7G       116M       5.7M        28M       3.2G

MemTotal:        4016004 kB
MemFree:          116048 kB
Active:           425800 kB
Mem:          3.8G       3.7G       112M       5.7M        28M       3.2G

MemTotal:        4016004 kB
MemFree:          111944 kB
Active:           426424 kB
Mem:          3.8G       3.7G       108M       5.7M        28M       3.2G

MemTotal:        4016004 kB
MemFree:          112500 kB
Active:           426640 kB
Mem:          3.8G       3.7G       109M       5.7M        28M       3.2G

MemTotal:        4016004 kB
MemFree:          118812 kB
Active:           426808 kB
Mem:          3.8G       3.7G       115M       5.7M        28M       3.2G

MemTotal:        4016004 kB
MemFree:          134536 kB
Active:           426940 kB
Mem:          3.8G       3.7G       131M       5.7M        28M       3.2G

MemTotal:        4016004 kB
MemFree:          134788 kB
Active:           426900 kB
Mem:          3.8G       3.7G       131M       5.7M        28M       3.2G

MemTotal:        4016004 kB
MemFree:          138536 kB
Active:           427068 kB
Mem:          3.8G       3.7G       133M       5.7M        28M       3.2G

MemTotal:        4016004 kB
MemFree:          116276 kB
Active:           427368 kB
Mem:          3.8G       3.7G       112M       5.7M        28M       3.2G

MemTotal:        4016004 kB
MemFree:          130892 kB
Active:           427624 kB
Mem:          3.8G       3.7G       127M       5.7M        28M       3.2G

MemTotal:        4016004 kB
MemFree:          124016 kB
Active:           427856 kB
Mem:          3.8G       3.7G       120M       5.7M        28M       3.2G

MemTotal:        4016004 kB
MemFree:          118892 kB
Active:           428032 kB
Mem:          3.8G       3.7G       115M       5.7M        28M       3.2G

MemTotal:        4016004 kB
MemFree:          118876 kB
Active:           428192 kB
Mem:          3.8G       3.7G       115M       5.7M        28M       3.2G

MemTotal:        4016004 kB
MemFree:          133624 kB
Active:           428188 kB
Mem:          3.8G       3.7G       130M       5.7M        28M       3.2G

MemTotal:        4016004 kB
MemFree:          130004 kB
Active:           428620 kB
Mem:          3.8G       3.7G       126M       5.7M        28M       3.2G

MemTotal:        4016004 kB
MemFree:          107932 kB
Active:           428852 kB
Mem:          3.8G       3.7G       104M       5.7M        28M       3.2G

MemTotal:        4016004 kB
MemFree:          124520 kB
Active:           429040 kB
Mem:          3.8G       3.7G       120M       5.7M        28M       3.2G

MemTotal:        4016004 kB
MemFree:          114792 kB
Active:           429244 kB
Mem:          3.8G       3.7G       111M       5.7M        28M       3.2G

MemTotal:        4016004 kB
MemFree:          114428 kB
Active:           429208 kB
Mem:          3.8G       3.7G       111M       5.7M        28M       3.2G

MemTotal:        4016004 kB
MemFree:          128912 kB
Active:           429784 kB
Mem:          3.8G       3.7G       125M       5.7M        28M       3.2G

MemTotal:        4016004 kB
MemFree:          117008 kB
Active:           430004 kB
Mem:          3.8G       3.7G       112M       5.7M        28M       3.2G

MemTotal:        4016004 kB
MemFree:          116868 kB
Active:           430208 kB
Mem:          3.8G       3.7G       113M       5.7M        28M       3.2G

MemTotal:        4016004 kB
MemFree:          115360 kB
Active:           430392 kB
Mem:          3.8G       3.7G       112M       5.7M        28M       3.2G

MemTotal:        4016004 kB
MemFree:          119324 kB
Active:           430544 kB
Mem:          3.8G       3.7G       116M       5.7M        28M       3.2G

MemTotal:        4016004 kB
MemFree:          136108 kB
Active:           431012 kB
Mem:          3.8G       3.7G       131M       5.7M        28M       3.2G

MemTotal:        4016004 kB
MemFree:          141608 kB
Active:           431292 kB
Mem:          3.8G       3.7G       138M       5.7M        28M       3.2G

MemTotal:        4016004 kB
MemFree:          113072 kB
Active:           431452 kB
Mem:          3.8G       3.7G       109M       5.7M        28M       3.2G

MemTotal:        4016004 kB
MemFree:          120016 kB
Active:           431580 kB
Mem:          3.8G       3.7G       117M       5.7M        28M       3.2G

MemTotal:        4016004 kB
MemFree:          120228 kB
Active:           431716 kB
Mem:          3.8G       3.7G       116M       5.7M        28M       3.2G

MemTotal:        4016004 kB
MemFree:          108924 kB
Active:           431880 kB
Mem:          3.8G       3.7G       105M       5.7M        28M       3.2G

MemTotal:        4016004 kB
MemFree:          125564 kB
Active:           432108 kB
Mem:          3.8G       3.7G       122M       5.7M        28M       3.2G

MemTotal:        4016004 kB
MemFree:          116224 kB
Active:           432304 kB
Mem:          3.8G       3.7G       122M       5.7M        28M       3.2G

MemTotal:        4016004 kB
MemFree:          134492 kB
Active:           432404 kB
Mem:          3.8G       3.7G       130M       5.7M        28M       3.2G

MemTotal:        4016004 kB
MemFree:          135276 kB
Active:           432624 kB
Mem:          3.8G       3.7G       131M       5.7M        28M       3.2G

MemTotal:        4016004 kB
MemFree:          134724 kB
Active:           432764 kB
Mem:          3.8G       3.7G       131M       5.7M        28M       3.2G

MemTotal:        4016004 kB
MemFree:          113580 kB
Active:           432968 kB
Mem:          3.8G       3.7G       110M       5.7M        28M       3.2G

MemTotal:        4016004 kB
MemFree:          142752 kB
Active:           433132 kB
Mem:          3.8G       3.7G       139M       5.7M        28M       3.1G

MemTotal:        4016004 kB
MemFree:          108132 kB
Active:           433308 kB
Mem:          3.8G       3.7G       105M       5.7M        28M       3.2G

MemTotal:        4016004 kB
MemFree:          123352 kB
Active:           433408 kB
Mem:          3.8G       3.7G       119M       5.7M        28M       3.2G

MemTotal:        4016004 kB
MemFree:          129792 kB
Active:           433492 kB
Mem:          3.8G       3.7G       126M       5.7M        28M       3.2G

MemTotal:        4016004 kB
MemFree:          126364 kB
Active:           433612 kB
Mem:          3.8G       3.7G       122M       5.7M        28M       3.2G

MemTotal:        4016004 kB
MemFree:          124296 kB
Active:           433900 kB
Mem:          3.8G       3.7G       120M       5.7M        28M       3.2G

MemTotal:        4016004 kB
MemFree:          145044 kB
Active:           434128 kB
Mem:          3.8G       3.7G       141M       5.7M        28M       3.1G

MemTotal:        4016004 kB
MemFree:          136168 kB
Active:           434220 kB
Mem:          3.8G       3.7G       132M       5.7M        28M       3.2G

MemTotal:        4016004 kB
MemFree:          117156 kB
Active:           434288 kB
Mem:          3.8G       3.7G       114M       5.7M        28M       3.2G

MemTotal:        4016004 kB
MemFree:          147656 kB
Active:           434432 kB
Mem:          3.8G       3.7G       143M       5.7M        28M       3.1G

MemTotal:        4016004 kB
MemFree:          130060 kB
Active:           434880 kB
Mem:          3.8G       3.7G       126M       5.7M        28M       3.2G

MemTotal:        4016004 kB
MemFree:          131096 kB
Active:           435080 kB
Mem:          3.8G       3.7G       127M       5.7M        28M       3.2G

MemTotal:        4016004 kB
MemFree:          132312 kB
Active:           435240 kB
Mem:          3.8G       3.7G       128M       5.7M        28M       3.2G

MemTotal:        4016004 kB
MemFree:          124580 kB
Active:           435364 kB
Mem:          3.8G       3.7G       121M       5.7M        28M       3.2G

MemTotal:        4016004 kB
MemFree:          107044 kB
Active:           435500 kB
Mem:          3.8G       3.7G       104M       5.7M        28M       3.2G

MemTotal:        4016004 kB
MemFree:          111772 kB
Active:           435704 kB
Mem:          3.8G       3.7G       108M       5.7M        28M       3.2G

MemTotal:        4016004 kB
MemFree:          128364 kB
Active:           435856 kB
Mem:          3.8G       3.7G       124M       5.7M        28M       3.2G

MemTotal:        4016004 kB
MemFree:          126116 kB
Active:           436068 kB
Mem:          3.8G       3.7G       122M       5.7M        28M       3.2G

MemTotal:        4016004 kB
MemFree:          112092 kB
Active:           436152 kB
Mem:          3.8G       3.7G       109M       5.7M        28M       3.2G

MemTotal:        4016004 kB
MemFree:          123036 kB
Active:           436264 kB
Mem:          3.8G       3.7G       119M       5.7M        28M       3.2G

MemTotal:        4016004 kB
MemFree:          111332 kB
Active:           436528 kB
Mem:          3.8G       3.7G       107M       5.7M        28M       3.2G

MemTotal:        4016004 kB
MemFree:          105376 kB
Active:           436760 kB
Mem:          3.8G       3.7G       102M       5.7M        28M       3.2G

MemTotal:        4016004 kB
MemFree:          123300 kB
Active:           436964 kB
Mem:          3.8G       3.7G       120M       5.7M        28M       3.2G

MemTotal:        4016004 kB
MemFree:          128048 kB
Active:           437080 kB
Mem:          3.8G       3.7G       124M       5.7M        28M       3.2G

MemTotal:        4016004 kB
MemFree:          133932 kB
Active:           437192 kB
Mem:          3.8G       3.7G       130M       5.7M        28M       3.2G

MemTotal:        4016004 kB
MemFree:          134404 kB
Active:           437316 kB
Mem:          3.8G       3.7G       130M       5.7M        28M       3.2G

MemTotal:        4016004 kB
MemFree:          123804 kB
Active:           437560 kB
Mem:          3.8G       3.7G       120M       5.7M        28M       3.2G

MemTotal:        4016004 kB
MemFree:          133076 kB
Active:           437784 kB
Mem:          3.8G       3.7G       129M       5.7M        28M       3.2G

MemTotal:        4016004 kB
MemFree:          132192 kB
Active:           437868 kB
Mem:          3.8G       3.7G       129M       5.7M        28M       3.2G

MemTotal:        4016004 kB
MemFree:          132232 kB
Active:           437872 kB
Mem:          3.8G       3.7G       128M       5.7M        28M       3.2G

MemTotal:        4016004 kB
MemFree:          108276 kB
Active:           437956 kB
Mem:          3.8G       3.7G       104M       5.7M        28M       3.2G

MemTotal:        4016004 kB
MemFree:          122576 kB
Active:           438496 kB
Mem:          3.8G       3.7G       118M       5.7M        28M       3.2G

MemTotal:        4016004 kB
MemFree:          138512 kB
Active:           438764 kB
Mem:          3.8G       3.7G       134M       5.7M        28M       3.2G

MemTotal:        4016004 kB
MemFree:          136992 kB
Active:           438976 kB
Mem:          3.8G       3.7G       133M       5.7M        28M       3.2G

MemTotal:        4016004 kB
MemFree:          134868 kB
Active:           439140 kB
Mem:          3.8G       3.7G       131M       5.7M        28M       3.2G

MemTotal:        4016004 kB
MemFree:          131704 kB
Active:           439292 kB
Mem:          3.8G       3.7G       128M       5.7M        28M       3.2G

MemTotal:        4016004 kB
MemFree:          123860 kB
Active:           439396 kB
Mem:          3.8G       3.7G       120M       5.7M        28M       3.2G

MemTotal:        4016004 kB
MemFree:          114120 kB
Active:           439576 kB
Mem:          3.8G       3.7G       110M       5.7M        28M       3.2G

MemTotal:        4016004 kB
MemFree:          137548 kB
Active:           439820 kB
Mem:          3.8G       3.7G       133M       5.7M        28M       3.2G

MemTotal:        4016004 kB
MemFree:          131520 kB
Active:           440040 kB
Mem:          3.8G       3.7G       124M       5.7M        28M       3.2G

MemTotal:        4016004 kB
MemFree:          128704 kB
Active:           440224 kB
Mem:          3.8G       3.7G       125M       5.7M        28M       3.2G

MemTotal:        4016004 kB
MemFree:          109068 kB
Active:           440360 kB
Mem:          3.8G       3.7G       106M       5.7M        28M       3.2G

MemTotal:        4016004 kB
MemFree:          138288 kB
Active:           440656 kB
Mem:          3.8G       3.7G       134M       5.7M        28M       3.2G

MemTotal:        4016004 kB
MemFree:          119664 kB
Active:           440956 kB
Mem:          3.8G       3.7G       116M       5.7M        28M       3.2G

MemTotal:        4016004 kB
MemFree:          126260 kB
Active:           441124 kB
Mem:          3.8G       3.7G       122M       5.7M        28M       3.2G

MemTotal:        4016004 kB
MemFree:          131532 kB
Active:           441308 kB
Mem:          3.8G       3.7G       127M       5.7M        28M       3.2G

MemTotal:        4016004 kB
MemFree:          132044 kB
Active:           441468 kB
Mem:          3.8G       3.7G       128M       5.7M        28M       3.2G

MemTotal:        4016004 kB
MemFree:          130100 kB
Active:           441656 kB
Mem:          3.8G       3.7G       126M       5.7M        28M       3.2G

MemTotal:        4016004 kB
MemFree:          131304 kB
Active:           441852 kB
Mem:          3.8G       3.7G       127M       5.7M        28M       3.2G

MemTotal:        4016004 kB
MemFree:          124916 kB
Active:           442016 kB
Mem:          3.8G       3.7G       121M       5.7M        28M       3.2G

MemTotal:        4016004 kB
MemFree:          123724 kB
Active:           442188 kB
Mem:          3.8G       3.7G       120M       5.7M        28M       3.2G

MemTotal:        4016004 kB
MemFree:          123340 kB
Active:           442312 kB
Mem:          3.8G       3.7G       119M       5.7M        28M       3.2G

MemTotal:        4016004 kB
MemFree:          134268 kB
Active:           442444 kB
Mem:          3.8G       3.7G       130M       5.7M        28M       3.2G

MemTotal:        4016004 kB
MemFree:          122936 kB
Active:           442660 kB
Mem:          3.8G       3.7G       119M       5.7M        28M       3.2G

MemTotal:        4016004 kB
MemFree:          117336 kB
Active:           442864 kB
Mem:          3.8G       3.7G       114M       5.7M        28M       3.2G

MemTotal:        4016004 kB
MemFree:          117380 kB
Active:           443044 kB
Mem:          3.8G       3.7G       114M       5.7M        28M       3.2G

MemTotal:        4016004 kB
MemFree:          123300 kB
Active:           443168 kB
Mem:          3.8G       3.7G       120M       5.7M        28M       3.2G

MemTotal:        4016004 kB
MemFree:          128076 kB
Active:           443228 kB
Mem:          3.8G       3.7G       124M       5.7M        28M       3.2G

MemTotal:        4016004 kB
MemFree:          125604 kB
Active:           443372 kB
Mem:          3.8G       3.7G       122M       5.7M        28M       3.2G

MemTotal:        4016004 kB
MemFree:          108752 kB
Active:           443584 kB
Mem:          3.8G       3.7G       105M       5.7M        28M       3.2G

MemTotal:        4016004 kB
MemFree:          135180 kB
Active:           443856 kB
Mem:          3.8G       3.7G       131M       5.7M        28M       3.2G

MemTotal:        4016004 kB
MemFree:          111180 kB
Active:           444004 kB
Mem:          3.8G       3.7G       107M       5.7M        28M       3.2G

MemTotal:        4016004 kB
MemFree:          118964 kB
Active:           444104 kB
Mem:          3.8G       3.7G       115M       5.7M        28M       3.2G

MemTotal:        4016004 kB
MemFree:          132700 kB
Active:           444220 kB
Mem:          3.8G       3.7G       127M       5.7M        28M       3.2G

MemTotal:        4016004 kB
MemFree:          126132 kB
Active:           444452 kB
Mem:          3.8G       3.7G       122M       5.7M        28M       3.2G

MemTotal:        4016004 kB
MemFree:          149096 kB
Active:           444712 kB
Mem:          3.8G       3.7G       145M       5.7M        28M       3.1G

MemTotal:        4016004 kB
MemFree:          126844 kB
Active:           444872 kB
Mem:          3.8G       3.7G       123M       5.7M        28M       3.2G

MemTotal:        4016004 kB
MemFree:          133292 kB
Active:           445000 kB
Mem:          3.8G       3.7G       129M       5.7M        28M       3.2G

MemTotal:        4016004 kB
MemFree:          105968 kB
Active:           445104 kB
Mem:          3.8G       3.7G       102M       5.7M        28M       3.2G

MemTotal:        4016004 kB
MemFree:          134596 kB
Active:           445608 kB
Mem:          3.8G       3.7G       130M       5.7M        28M       3.2G

MemTotal:        4016004 kB
MemFree:          134624 kB
Active:           445792 kB
Mem:          3.8G       3.7G       131M       5.7M        28M       3.2G

MemTotal:        4016004 kB
MemFree:          118104 kB
Active:           445868 kB
Mem:          3.8G       3.7G       115M       5.7M        28M       3.2G

MemTotal:        4016004 kB
MemFree:          140684 kB
Active:           445944 kB
Mem:          3.8G       3.7G       137M       5.7M        28M       3.1G

MemTotal:        4016004 kB
MemFree:          105652 kB
Active:           446080 kB
Mem:          3.8G       3.7G       104M       5.7M        28M       3.2G

MemTotal:        4016004 kB
MemFree:         3296276 kB
Active:           354168 kB
Mem:          3.8G       702M       3.1G       5.7M        28M       262M

MemTotal:        4016004 kB
MemFree:         3344464 kB
Active:           353996 kB
Mem:          3.8G       655M       3.2G       5.7M        28M       217M

MemTotal:        4016004 kB
MemFree:         3381828 kB
Active:           353632 kB
Mem:          3.8G       619M       3.2G       5.7M        28M       184M

MemTotal:        4016004 kB
MemFree:         3381084 kB
Active:           353672 kB
Mem:          3.8G       620M       3.2G       5.7M        28M       184M

MemTotal:        4016004 kB
MemFree:         3381580 kB
Active:           353628 kB
Mem:          3.8G       619M       3.2G       5.7M        28M       184M

MemTotal:        4016004 kB
MemFree:         3381596 kB
Active:           353672 kB
Mem:          3.8G       619M       3.2G       5.7M        28M       184M

MemTotal:        4016004 kB
MemFree:         3382340 kB
Active:           353656 kB
Mem:          3.8G       618M       3.2G       5.7M        28M       184M

MemTotal:        4016004 kB
MemFree:         3382960 kB
Active:           353664 kB
Mem:          3.8G       618M       3.2G       5.7M        28M       184M

MemTotal:        4016004 kB
MemFree:         3382216 kB
Active:           353672 kB
Mem:          3.8G       618M       3.2G       5.7M        28M       184M

MemTotal:        4016004 kB
MemFree:         3382712 kB
Active:           353660 kB
Mem:          3.8G       618M       3.2G       5.7M        28M       184M

MemTotal:        4016004 kB
MemFree:         3382712 kB
Active:           353672 kB
Mem:          3.8G       618M       3.2G       5.7M        28M       184M

MemTotal:        4016004 kB
MemFree:         3382588 kB
Active:           353624 kB
Mem:          3.8G       618M       3.2G       5.7M        28M       184M

MemTotal:        4016004 kB
MemFree:         3381968 kB
Active:           353680 kB
Mem:          3.8G       619M       3.2G       5.7M        28M       184M

MemTotal:        4016004 kB
MemFree:         3382216 kB
Active:           353640 kB
Mem:          3.8G       618M       3.2G       5.7M        28M       184M

MemTotal:        4016004 kB
MemFree:         3382340 kB
Active:           353648 kB
Mem:          3.8G       618M       3.2G       5.7M        28M       184M

MemTotal:        4016004 kB
MemFree:         3382340 kB
Active:           353664 kB
Mem:          3.8G       618M       3.2G       5.7M        28M       184M

MemTotal:        4016004 kB
MemFree:         3382588 kB
Active:           353636 kB
Mem:          3.8G       618M       3.2G       5.7M        28M       184M

MemTotal:        4016004 kB
MemFree:         3382464 kB
Active:           353632 kB
Mem:          3.8G       618M       3.2G       5.7M        28M       184M

MemTotal:        4016004 kB
MemFree:         3382464 kB
Active:           353664 kB
Mem:          3.8G       618M       3.2G       5.7M        28M       184M

MemTotal:        4016004 kB
MemFree:         3382588 kB
Active:           353676 kB
Mem:          3.8G       618M       3.2G       5.7M        28M       184M

MemTotal:        4016004 kB
MemFree:         3382588 kB
Active:           353684 kB
Mem:          3.8G       618M       3.2G       5.7M        28M       184M

MemTotal:        4016004 kB
MemFree:         3382588 kB
Active:           353672 kB
Mem:          3.8G       618M       3.2G       5.7M        28M       184M

MemTotal:        4016004 kB
MemFree:         3382588 kB
Active:           353640 kB
Mem:          3.8G       618M       3.2G       5.7M        28M       184M

MemTotal:        4016004 kB
MemFree:         3382588 kB
Active:           353648 kB
Mem:          3.8G       618M       3.2G       5.7M        28M       184M

MemTotal:        4016004 kB
MemFree:         3382216 kB
Active:           353704 kB
Mem:          3.8G       618M       3.2G       5.7M        28M       184M

MemTotal:        4016004 kB
MemFree:         3382060 kB
Active:           353708 kB
Mem:          3.8G       618M       3.2G       5.7M        28M       184M

MemTotal:        4016004 kB
MemFree:         3382556 kB
Active:           353692 kB
Mem:          3.8G       619M       3.2G       5.7M        28M       184M

MemTotal:        4016004 kB
MemFree:         3382432 kB
Active:           353680 kB
Mem:          3.8G       618M       3.2G       5.7M        28M       184M

MemTotal:        4016004 kB
MemFree:         3382432 kB
Active:           353696 kB
Mem:          3.8G       618M       3.2G       5.7M        28M       184M

MemTotal:        4016004 kB
MemFree:         3382804 kB
Active:           353660 kB
Mem:          3.8G       618M       3.2G       5.7M        28M       184M

MemTotal:        4016004 kB
MemFree:         3382928 kB
Active:           353680 kB
Mem:          3.8G       618M       3.2G       5.7M        28M       184M

MemTotal:        4016004 kB
MemFree:         3382928 kB
Active:           353712 kB
Mem:          3.8G       618M       3.2G       5.7M        28M       184M

MemTotal:        4016004 kB
MemFree:         3382928 kB
Active:           353688 kB
Mem:          3.8G       618M       3.2G       5.7M        28M       184M

MemTotal:        4016004 kB
MemFree:         3382556 kB
Active:           353668 kB
Mem:          3.8G       618M       3.2G       5.7M        28M       184M

MemTotal:        4016004 kB
MemFree:         3382680 kB
Active:           353684 kB
Mem:          3.8G       618M       3.2G       5.7M        28M       184M

MemTotal:        4016004 kB
MemFree:         3382680 kB
Active:           353668 kB
Mem:          3.8G       618M       3.2G       5.7M        28M       184M

MemTotal:        4016004 kB
MemFree:         3382308 kB
Active:           353724 kB
Mem:          3.8G       618M       3.2G       5.7M        28M       184M

MemTotal:        4016004 kB
MemFree:         3382680 kB
Active:           353692 kB
Mem:          3.8G       618M       3.2G       5.7M        28M       184M

MemTotal:        4016004 kB
MemFree:         3382928 kB
Active:           353704 kB
Mem:          3.8G       618M       3.2G       5.7M        28M       184M

MemTotal:        4016004 kB
MemFree:         3382432 kB
Active:           353700 kB
Mem:          3.8G       618M       3.2G       5.7M        28M       184M

MemTotal:        4016004 kB
MemFree:         3381812 kB
Active:           353728 kB
Mem:          3.8G       619M       3.2G       5.7M        28M       184M

MemTotal:        4016004 kB
MemFree:         3382184 kB
Active:           353672 kB
Mem:          3.8G       618M       3.2G       5.7M        28M       184M

MemTotal:        4016004 kB
MemFree:         3382184 kB
Active:           353672 kB
Mem:          3.8G       618M       3.2G       5.7M        28M       184M

MemTotal:        4016004 kB
MemFree:         3382308 kB
Active:           353676 kB
Mem:          3.8G       618M       3.2G       5.7M        28M       184M

MemTotal:        4016004 kB
MemFree:         3382308 kB
Active:           353712 kB
Mem:          3.8G       618M       3.2G       5.7M        28M       184M

MemTotal:        4016004 kB
MemFree:         3381936 kB
Active:           353732 kB
Mem:          3.8G       619M       3.2G       5.7M        28M       184M

MemTotal:        4016004 kB
MemFree:         3382308 kB
Active:           353728 kB
Mem:          3.8G       618M       3.2G       5.7M        28M       184M

MemTotal:        4016004 kB
MemFree:         3382308 kB
Active:           353680 kB
Mem:          3.8G       618M       3.2G       5.7M        28M       184M

MemTotal:        4016004 kB
MemFree:         3382060 kB
Active:           353692 kB
Mem:          3.8G       618M       3.2G       5.7M        28M       184M

MemTotal:        4016004 kB
MemFree:         3382060 kB
Active:           353732 kB
Mem:          3.8G       618M       3.2G       5.7M        28M       184M

MemTotal:        4016004 kB
MemFree:         3382432 kB
Active:           353688 kB
Mem:          3.8G       618M       3.2G       5.7M        28M       184M

MemTotal:        4016004 kB
MemFree:         3382432 kB
Active:           353740 kB
Mem:          3.8G       618M       3.2G       5.7M        28M       184M

MemTotal:        4016004 kB
MemFree:         3382308 kB
Active:           353708 kB
Mem:          3.8G       618M       3.2G       5.7M        28M       184M

MemTotal:        4016004 kB
MemFree:         3382432 kB
Active:           353720 kB
Mem:          3.8G       618M       3.2G       5.7M        28M       184M

MemTotal:        4016004 kB
MemFree:         3382432 kB
Active:           353720 kB
Mem:          3.8G       618M       3.2G       5.7M        28M       184M

MemTotal:        4016004 kB
MemFree:         3382556 kB
Active:           353704 kB
Mem:          3.8G       619M       3.2G       5.7M        28M       184M

MemTotal:        4016004 kB
MemFree:         3382556 kB
Active:           353708 kB
Mem:          3.8G       618M       3.2G       5.7M        28M       184M

MemTotal:        4016004 kB
MemFree:         3382680 kB
Active:           353712 kB
Mem:          3.8G       618M       3.2G       5.7M        28M       184M

MemTotal:        4016004 kB
MemFree:         3382772 kB
Active:           353716 kB
Mem:          3.8G       618M       3.2G       5.7M        28M       184M

MemTotal:        4016004 kB
MemFree:         3382804 kB
Active:           353732 kB
Mem:          3.8G       618M       3.2G       5.7M        28M       184M

MemTotal:        4016004 kB
MemFree:         3382804 kB
Active:           353736 kB
Mem:          3.8G       618M       3.2G       5.7M        28M       184M

MemTotal:        4016004 kB
MemFree:         3382432 kB
Active:           353768 kB
Mem:          3.8G       618M       3.2G       5.7M        28M       184M

MemTotal:        4016004 kB
MemFree:         3382432 kB
Active:           353728 kB
Mem:          3.8G       618M       3.2G       5.7M        28M       184M

MemTotal:        4016004 kB
MemFree:         3382928 kB
Active:           353732 kB
Mem:          3.8G       618M       3.2G       5.7M        28M       184M

MemTotal:        4016004 kB
MemFree:         3382308 kB
Active:           353772 kB
Mem:          3.8G       618M       3.2G       5.7M        28M       184M

MemTotal:        4016004 kB
MemFree:         3382680 kB
Active:           353740 kB
Mem:          3.8G       618M       3.2G       5.7M        28M       184M

MemTotal:        4016004 kB
MemFree:         3382928 kB
Active:           353744 kB
Mem:          3.8G       618M       3.2G       5.7M        28M       184M

MemTotal:        4016004 kB
MemFree:         3382432 kB
Active:           353768 kB
Mem:          3.8G       618M       3.2G       5.7M        28M       184M

MemTotal:        4016004 kB
MemFree:         3382680 kB
Active:           353736 kB
Mem:          3.8G       618M       3.2G       5.7M        28M       184M

MemTotal:        4016004 kB
MemFree:         3382680 kB
Active:           353728 kB
Mem:          3.8G       618M       3.2G       5.7M        28M       184M

MemTotal:        4016004 kB
MemFree:         3382432 kB
Active:           353784 kB
Mem:          3.8G       618M       3.2G       5.7M        28M       184M

MemTotal:        4016004 kB
MemFree:         3382308 kB
Active:           353788 kB
Mem:          3.8G       619M       3.2G       5.7M        28M       184M

MemTotal:        4016004 kB
MemFree:         3381812 kB
Active:           353792 kB
Mem:          3.8G       619M       3.2G       5.7M        28M       184M

MemTotal:        4016004 kB
MemFree:         3382060 kB
Active:           353772 kB
Mem:          3.8G       618M       3.2G       5.7M        28M       184M

MemTotal:        4016004 kB
MemFree:         3382556 kB
Active:           353792 kB
Mem:          3.8G       618M       3.2G       5.7M        28M       184M

MemTotal:        4016004 kB
MemFree:         3382184 kB
Active:           353800 kB
Mem:          3.8G       618M       3.2G       5.7M        28M       184M

MemTotal:        4016004 kB
MemFree:         3382184 kB
Active:           353800 kB
Mem:          3.8G       618M       3.2G       5.7M        28M       184M

MemTotal:        4016004 kB
MemFree:         3382680 kB
Active:           353764 kB
