MemTotal:        4016004 kB
MemFree:         3244296 kB
Active:           412792 kB
Mem:          3.8G       753M       3.1G       5.7M        54M       315M

MemTotal:        4016004 kB
MemFree:         3244924 kB
Active:           412764 kB
Mem:          3.8G       753M       3.1G       5.7M        54M       315M

MemTotal:        4016004 kB
MemFree:         3244908 kB
Active:           412828 kB
Mem:          3.8G       753M       3.1G       5.7M        54M       315M

MemTotal:        4016004 kB
MemFree:         3244784 kB
Active:           412824 kB
Mem:          3.8G       753M       3.1G       5.7M        54M       315M

MemTotal:        4016004 kB
MemFree:         3244644 kB
Active:           412816 kB
Mem:          3.8G       753M       3.1G       5.7M        54M       315M

MemTotal:        4016004 kB
MemFree:         3244272 kB
Active:           412852 kB
Mem:          3.8G       753M       3.1G       5.7M        54M       315M

MemTotal:        4016004 kB
MemFree:         3244396 kB
Active:           412852 kB
Mem:          3.8G       753M       3.1G       5.7M        54M       315M

MemTotal:        4016004 kB
MemFree:         3244892 kB
Active:           412856 kB
Mem:          3.8G       753M       3.1G       5.7M        54M       315M

MemTotal:        4016004 kB
MemFree:         3245124 kB
Active:           412812 kB
Mem:          3.8G       752M       3.1G       5.7M        54M       315M

MemTotal:        4016004 kB
MemFree:         3245372 kB
Active:           412804 kB
Mem:          3.8G       752M       3.1G       5.7M        54M       315M

MemTotal:        4016004 kB
MemFree:         3245232 kB
Active:           412844 kB
Mem:          3.8G       752M       3.1G       5.7M        54M       315M

MemTotal:        4016004 kB
MemFree:         3244860 kB
Active:           412864 kB
Mem:          3.8G       752M       3.1G       5.7M        54M       315M

MemTotal:        4016004 kB
MemFree:         3245356 kB
Active:           412856 kB
Mem:          3.8G       752M       3.1G       5.7M        54M       315M

MemTotal:        4016004 kB
MemFree:         3244984 kB
Active:           412836 kB
Mem:          3.8G       752M       3.1G       5.7M        54M       315M

MemTotal:        4016004 kB
MemFree:         3245092 kB
Active:           412816 kB
Mem:          3.8G       752M       3.1G       5.7M        54M       315M

MemTotal:        4016004 kB
MemFree:         3245076 kB
Active:           412872 kB
Mem:          3.8G       753M       3.1G       5.7M        54M       315M

MemTotal:        4016004 kB
MemFree:         3244612 kB
Active:           412872 kB
Mem:          3.8G       753M       3.1G       5.7M        54M       315M

MemTotal:        4016004 kB
MemFree:         3244596 kB
Active:           412868 kB
Mem:          3.8G       753M       3.1G       5.7M        54M       315M

MemTotal:        4016004 kB
MemFree:         3244596 kB
Active:           412852 kB
Mem:          3.8G       753M       3.1G       5.7M        54M       315M

MemTotal:        4016004 kB
MemFree:         3244720 kB
Active:           412840 kB
Mem:          3.8G       753M       3.1G       5.7M        54M       315M

MemTotal:        4016004 kB
MemFree:         3244596 kB
Active:           412832 kB
Mem:          3.8G       753M       3.1G       5.7M        54M       315M

MemTotal:        4016004 kB
MemFree:         3244596 kB
Active:           412824 kB
Mem:          3.8G       753M       3.1G       5.7M        54M       315M

MemTotal:        4016004 kB
MemFree:         3244224 kB
Active:           412880 kB
Mem:          3.8G       753M       3.1G       5.7M        54M       315M

MemTotal:        4016004 kB
MemFree:         3244968 kB
Active:           412844 kB
Mem:          3.8G       753M       3.1G       5.7M        54M       315M

MemTotal:        4016004 kB
MemFree:         3244704 kB
Active:           412824 kB
Mem:          3.8G       753M       3.1G       5.7M        54M       315M

MemTotal:        4016004 kB
MemFree:         3244936 kB
Active:           412824 kB
Mem:          3.8G       753M       3.1G       5.7M        54M       315M

MemTotal:        4016004 kB
MemFree:         3244608 kB
Active:           410840 kB
Mem:          3.8G       753M       3.1G       5.7M        54M       315M

MemTotal:        4016004 kB
MemFree:         3245212 kB
Active:           412836 kB
Mem:          3.8G       752M       3.1G       5.7M        54M       315M

MemTotal:        4016004 kB
MemFree:         3245196 kB
Active:           412876 kB
Mem:          3.8G       752M       3.1G       5.7M        54M       315M

MemTotal:        4016004 kB
MemFree:         3244808 kB
Active:           412896 kB
Mem:          3.8G       752M       3.1G       5.7M        54M       315M

MemTotal:        4016004 kB
MemFree:         3245164 kB
Active:           412840 kB
Mem:          3.8G       753M       3.1G       5.7M        54M       315M

MemTotal:        4016004 kB
MemFree:         3245272 kB
Active:           412880 kB
Mem:          3.8G       753M       3.1G       5.7M        54M       315M

MemTotal:        4016004 kB
MemFree:         3245132 kB
Active:           412888 kB
Mem:          3.8G       752M       3.1G       5.7M        54M       315M

MemTotal:        4016004 kB
MemFree:         3245256 kB
Active:           412860 kB
Mem:          3.8G       752M       3.1G       5.7M        54M       315M

MemTotal:        4016004 kB
MemFree:         3245244 kB
Active:           412860 kB
Mem:          3.8G       752M       3.1G       5.7M        54M       315M

MemTotal:        4016004 kB
MemFree:         3245244 kB
Active:           412844 kB
Mem:          3.8G       752M       3.1G       5.7M        54M       315M

MemTotal:        4016004 kB
MemFree:         3245120 kB
Active:           412900 kB
Mem:          3.8G       752M       3.1G       5.7M        54M       315M

MemTotal:        4016004 kB
MemFree:         3244748 kB
Active:           412908 kB
Mem:          3.8G       752M       3.1G       5.7M        54M       315M

MemTotal:        4016004 kB
MemFree:         3245368 kB
Active:           412868 kB
Mem:          3.8G       752M       3.1G       5.7M        54M       315M

MemTotal:        4016004 kB
MemFree:         3245492 kB
Active:           412904 kB
Mem:          3.8G       752M       3.1G       5.7M        54M       315M

MemTotal:        4016004 kB
MemFree:         3245616 kB
Active:           412888 kB
Mem:          3.8G       752M       3.1G       5.7M        54M       315M

MemTotal:        4016004 kB
MemFree:         3245616 kB
Active:           412888 kB
Mem:          3.8G       752M       3.1G       5.7M        54M       315M

MemTotal:        4016004 kB
MemFree:         3245492 kB
Active:           412872 kB
Mem:          3.8G       752M       3.1G       5.7M        54M       315M

MemTotal:        4016004 kB
MemFree:         3245244 kB
Active:           412924 kB
Mem:          3.8G       752M       3.1G       5.7M        54M       315M

MemTotal:        4016004 kB
MemFree:         3245492 kB
Active:           412896 kB
Mem:          3.8G       752M       3.1G       5.7M        54M       315M

MemTotal:        4016004 kB
MemFree:         3243692 kB
Active:           412868 kB
Mem:          3.8G       754M       3.1G       5.7M        54M       315M

MemTotal:        4016004 kB
MemFree:         3242700 kB
Active:           414928 kB
Mem:          3.8G       755M       3.1G       5.7M        54M       315M

MemTotal:        4016004 kB
MemFree:         3242080 kB
Active:           414956 kB
Mem:          3.8G       755M       3.1G       5.7M        54M       315M

MemTotal:        4016004 kB
MemFree:         3242948 kB
Active:           414956 kB
Mem:          3.8G       755M       3.1G       5.7M        54M       315M

MemTotal:        4016004 kB
MemFree:         3243072 kB
Active:           414924 kB
Mem:          3.8G       754M       3.1G       5.7M        54M       315M

MemTotal:        4016004 kB
MemFree:         3243320 kB
Active:           414952 kB
Mem:          3.8G       754M       3.1G       5.7M        54M       315M

MemTotal:        4016004 kB
MemFree:         3243320 kB
Active:           414920 kB
Mem:          3.8G       754M       3.1G       5.7M        54M       315M

MemTotal:        4016004 kB
MemFree:         3243196 kB
Active:           414932 kB
Mem:          3.8G       754M       3.1G       5.7M        54M       315M

MemTotal:        4016004 kB
MemFree:         3242824 kB
Active:           414984 kB
Mem:          3.8G       754M       3.1G       5.7M        54M       315M

MemTotal:        4016004 kB
MemFree:         3243072 kB
Active:           414936 kB
Mem:          3.8G       755M       3.1G       5.7M        54M       315M

MemTotal:        4016004 kB
MemFree:         3243072 kB
Active:           414972 kB
Mem:          3.8G       754M       3.1G       5.7M        54M       315M

MemTotal:        4016004 kB
MemFree:         3243196 kB
Active:           414964 kB
Mem:          3.8G       754M       3.1G       5.7M        54M       315M

MemTotal:        4016004 kB
MemFree:         3242824 kB
Active:           414948 kB
Mem:          3.8G       755M       3.1G       5.7M        54M       315M

MemTotal:        4016004 kB
MemFree:         3242824 kB
Active:           414996 kB
Mem:          3.8G       755M       3.1G       5.7M        54M       316M

MemTotal:        4016004 kB
MemFree:         3242808 kB
Active:           414972 kB
Mem:          3.8G       755M       3.1G       5.7M        54M       316M

MemTotal:        4016004 kB
MemFree:         3242668 kB
Active:           414956 kB
Mem:          3.8G       755M       3.1G       5.7M        54M       316M

MemTotal:        4016004 kB
MemFree:         3128480 kB
Active:           415812 kB
Mem:          3.8G       868M       3.0G       5.7M        54M       427M

MemTotal:        4016004 kB
MemFree:         3015260 kB
Active:           415892 kB
Mem:          3.8G       978M       2.9G       5.7M        55M       535M

MemTotal:        4016004 kB
MemFree:         2895808 kB
Active:           415868 kB
Mem:          3.8G       1.1G       2.8G       5.7M        55M       651M

MemTotal:        4016004 kB
MemFree:         2862544 kB
Active:           415892 kB
Mem:          3.8G       1.1G       2.7G       5.7M        55M       683M

MemTotal:        4016004 kB
MemFree:         2788044 kB
Active:           415872 kB
Mem:          3.8G       1.2G       2.7G       5.7M        55M       752M

MemTotal:        4016004 kB
MemFree:         2787012 kB
Active:           415904 kB
Mem:          3.8G       1.2G       2.7G       5.7M        55M       753M

MemTotal:        4016004 kB
MemFree:         2745816 kB
Active:           415908 kB
Mem:          3.8G       1.2G       2.6G       5.7M        55M       793M

MemTotal:        4016004 kB
MemFree:         2688648 kB
Active:           415908 kB
Mem:          3.8G       1.3G       2.6G       5.7M        55M       847M

MemTotal:        4016004 kB
MemFree:         2686904 kB
Active:           415936 kB
Mem:          3.8G       1.3G       2.6G       5.7M        55M       849M

MemTotal:        4016004 kB
MemFree:         2685980 kB
Active:           415900 kB
Mem:          3.8G       1.3G       2.6G       5.7M        55M       849M

MemTotal:        4016004 kB
MemFree:         2684740 kB
Active:           415924 kB
Mem:          3.8G       1.3G       2.6G       5.7M        55M       850M

MemTotal:        4016004 kB
MemFree:         2602604 kB
Active:           415968 kB
Mem:          3.8G       1.3G       2.5G       5.7M        55M       929M

MemTotal:        4016004 kB
MemFree:         2562120 kB
Active:           415920 kB
Mem:          3.8G       1.4G       2.4G       5.7M        55M       971M

MemTotal:        4016004 kB
MemFree:         2428640 kB
Active:           415964 kB
Mem:          3.8G       1.5G       2.3G       5.7M        55M       1.1G

MemTotal:        4016004 kB
MemFree:         2332160 kB
Active:           414128 kB
Mem:          3.8G       1.6G       2.2G       5.7M        55M       1.2G

MemTotal:        4016004 kB
MemFree:         2331052 kB
Active:           416048 kB
Mem:          3.8G       1.6G       2.2G       5.7M        55M       1.2G

MemTotal:        4016004 kB
MemFree:         2233520 kB
Active:           416040 kB
Mem:          3.8G       1.7G       2.1G       5.7M        55M       1.3G

MemTotal:        4016004 kB
MemFree:         2233116 kB
Active:           416040 kB
Mem:          3.8G       1.7G       2.1G       5.7M        55M       1.3G

MemTotal:        4016004 kB
MemFree:         2158836 kB
Active:           416064 kB
Mem:          3.8G       1.8G       2.1G       5.7M        55M       1.3G

MemTotal:        4016004 kB
MemFree:         2133040 kB
Active:           416084 kB
Mem:          3.8G       1.8G       2.0G       5.7M        55M       1.4G

MemTotal:        4016004 kB
MemFree:         2082524 kB
Active:           416084 kB
Mem:          3.8G       1.8G       2.0G       5.7M        55M       1.4G

MemTotal:        4016004 kB
MemFree:         2033556 kB
Active:           416092 kB
Mem:          3.8G       1.9G       1.9G       5.7M        55M       1.4G

MemTotal:        4016004 kB
MemFree:         2031780 kB
Active:           416068 kB
Mem:          3.8G       1.9G       1.9G       5.7M        55M       1.4G

MemTotal:        4016004 kB
MemFree:         2031296 kB
Active:           416072 kB
Mem:          3.8G       1.9G       1.9G       5.7M        55M       1.4G

MemTotal:        4016004 kB
MemFree:         2031300 kB
Active:           416084 kB
Mem:          3.8G       1.9G       1.9G       5.7M        55M       1.4G

MemTotal:        4016004 kB
MemFree:         2001396 kB
Active:           414076 kB
Mem:          3.8G       1.9G       1.9G       5.7M        55M       1.5G

MemTotal:        4016004 kB
MemFree:         1864444 kB
Active:           416120 kB
Mem:          3.8G       2.1G       1.8G       5.7M        55M       1.6G

MemTotal:        4016004 kB
MemFree:         1737180 kB
Active:           416124 kB
Mem:          3.8G       2.2G       1.7G       5.7M        55M       1.7G

MemTotal:        4016004 kB
MemFree:         1677468 kB
Active:           416108 kB
Mem:          3.8G       2.2G       1.6G       5.7M        55M       1.8G

MemTotal:        4016004 kB
MemFree:         1653956 kB
Active:           416104 kB
Mem:          3.8G       2.3G       1.6G       5.7M        55M       1.8G

MemTotal:        4016004 kB
MemFree:         1578104 kB
Active:           416148 kB
Mem:          3.8G       2.3G       1.5G       5.7M        55M       1.9G

MemTotal:        4016004 kB
MemFree:         1568760 kB
Active:           416132 kB
Mem:          3.8G       2.3G       1.5G       5.7M        55M       1.9G

MemTotal:        4016004 kB
MemFree:         1479780 kB
Active:           416112 kB
Mem:          3.8G       2.4G       1.4G       5.7M        55M       2.0G

MemTotal:        4016004 kB
MemFree:         1479780 kB
Active:           416084 kB
Mem:          3.8G       2.4G       1.4G       5.7M        55M       2.0G

MemTotal:        4016004 kB
MemFree:         1477000 kB
Active:           416108 kB
Mem:          3.8G       2.4G       1.4G       5.7M        55M       2.0G

MemTotal:        4016004 kB
MemFree:         1475900 kB
Active:           416120 kB
Mem:          3.8G       2.4G       1.4G       5.7M        55M       2.0G

MemTotal:        4016004 kB
MemFree:         1474600 kB
Active:           416128 kB
Mem:          3.8G       2.4G       1.4G       5.7M        55M       2.0G

MemTotal:        4016004 kB
MemFree:         1389068 kB
Active:           416168 kB
Mem:          3.8G       2.5G       1.3G       5.7M        55M       2.0G

MemTotal:        4016004 kB
MemFree:         1273276 kB
Active:           416168 kB
Mem:          3.8G       2.6G       1.2G       5.7M        55M       2.2G

MemTotal:        4016004 kB
MemFree:         1145268 kB
Active:           416176 kB
Mem:          3.8G       2.7G       1.1G       5.7M        55M       2.3G

MemTotal:        4016004 kB
MemFree:         1126248 kB
Active:           416184 kB
Mem:          3.8G       2.8G       1.1G       5.7M        55M       2.3G

MemTotal:        4016004 kB
MemFree:         1049596 kB
Active:           416192 kB
Mem:          3.8G       2.8G       1.0G       5.7M        55M       2.4G

MemTotal:        4016004 kB
MemFree:         1025708 kB
Active:           416192 kB
Mem:          3.8G       2.9G       1.0G       5.7M        55M       2.4G

MemTotal:        4016004 kB
MemFree:          968912 kB
Active:           416184 kB
Mem:          3.8G       2.9G       944M       5.7M        55M       2.4G

MemTotal:        4016004 kB
MemFree:          936096 kB
Active:           416180 kB
Mem:          3.8G       2.9G       914M       5.7M        55M       2.5G

MemTotal:        4016004 kB
MemFree:          934468 kB
Active:           416408 kB
Mem:          3.8G       2.9G       912M       5.7M        55M       2.5G

MemTotal:        4016004 kB
MemFree:          842892 kB
Active:           423932 kB
Mem:          3.8G       3.0G       820M       5.7M        62M       2.6G

MemTotal:        4016004 kB
MemFree:          772320 kB
Active:           424016 kB
Mem:          3.8G       3.1G       753M       5.7M        62M       2.6G

MemTotal:        4016004 kB
MemFree:          772196 kB
Active:           424004 kB
Mem:          3.8G       3.1G       753M       5.7M        62M       2.6G

MemTotal:        4016004 kB
MemFree:          772172 kB
Active:           424052 kB
Mem:          3.8G       3.1G       754M       5.7M        62M       2.6G

MemTotal:        4016004 kB
MemFree:          704280 kB
Active:           424036 kB
Mem:          3.8G       3.2G       685M       5.7M        62M       2.7G

MemTotal:        4016004 kB
MemFree:          573912 kB
Active:           424044 kB
Mem:          3.8G       3.3G       560M       5.7M        62M       2.8G

MemTotal:        4016004 kB
MemFree:          572672 kB
Active:           424020 kB
Mem:          3.8G       3.3G       559M       5.7M        62M       2.8G

MemTotal:        4016004 kB
MemFree:          485448 kB
Active:           424036 kB
Mem:          3.8G       3.4G       474M       5.7M        62M       2.9G

MemTotal:        4016004 kB
MemFree:          484044 kB
Active:           424076 kB
Mem:          3.8G       3.4G       472M       5.7M        62M       2.9G

MemTotal:        4016004 kB
MemFree:          482340 kB
Active:           424108 kB
Mem:          3.8G       3.4G       471M       5.7M        62M       2.9G

MemTotal:        4016004 kB
MemFree:          481100 kB
Active:           424068 kB
Mem:          3.8G       3.4G       469M       5.7M        62M       2.9G

MemTotal:        4016004 kB
MemFree:          479584 kB
Active:           424116 kB
Mem:          3.8G       3.4G       468M       5.7M        62M       2.9G

MemTotal:        4016004 kB
MemFree:          411324 kB
Active:           424116 kB
Mem:          3.8G       3.4G       400M       5.7M        62M       3.0G

MemTotal:        4016004 kB
MemFree:          287796 kB
Active:           424096 kB
Mem:          3.8G       3.6G       279M       5.7M        62M       3.1G

MemTotal:        4016004 kB
MemFree:          171848 kB
Active:           424124 kB
Mem:          3.8G       3.7G       166M       5.7M        62M       3.2G

MemTotal:        4016004 kB
MemFree:          132784 kB
Active:           424112 kB
Mem:          3.8G       3.7G       129M       5.7M        62M       3.2G

MemTotal:        4016004 kB
MemFree:          117964 kB
Active:           431112 kB
Mem:          3.8G       3.7G       123M       5.7M        27M       3.3G

MemTotal:        4016004 kB
MemFree:          126452 kB
Active:           455816 kB
Mem:          3.8G       3.7G       122M       5.7M        27M       3.3G

MemTotal:        4016004 kB
MemFree:          131364 kB
Active:           479948 kB
Mem:          3.8G       3.7G       106M       5.7M        27M       3.3G

MemTotal:        4016004 kB
MemFree:          107056 kB
Active:           475336 kB
Mem:          3.8G       3.7G       104M       5.7M        27M       3.3G

MemTotal:        4016004 kB
MemFree:          107664 kB
Active:           475324 kB
Mem:          3.8G       3.7G       105M       5.7M        27M       3.3G

MemTotal:        4016004 kB
MemFree:          107544 kB
Active:           475344 kB
Mem:          3.8G       3.7G       105M       5.7M        27M       3.3G

MemTotal:        4016004 kB
MemFree:          120996 kB
Active:           466412 kB
Mem:          3.8G       3.7G       116M       5.7M        27M       3.3G

MemTotal:        4016004 kB
MemFree:          136192 kB
Active:           449096 kB
Mem:          3.8G       3.7G       130M       5.7M        27M       3.3G

MemTotal:        4016004 kB
MemFree:          120544 kB
Active:           445692 kB
Mem:          3.8G       3.7G       116M       5.7M        27M       3.3G

MemTotal:        4016004 kB
MemFree:          129180 kB
Active:           445024 kB
Mem:          3.8G       3.7G       125M       5.7M        27M       3.3G

MemTotal:        4016004 kB
MemFree:          146500 kB
Active:           440540 kB
Mem:          3.8G       3.7G       143M       5.7M        27M       3.2G

MemTotal:        4016004 kB
MemFree:          118584 kB
Active:           439412 kB
Mem:          3.8G       3.7G       114M       5.7M        27M       3.3G

MemTotal:        4016004 kB
MemFree:          137348 kB
Active:           438276 kB
Mem:          3.8G       3.7G       133M       5.7M        27M       3.2G

MemTotal:        4016004 kB
MemFree:          113660 kB
Active:           437980 kB
Mem:          3.8G       3.7G       110M       5.7M        27M       3.3G

MemTotal:        4016004 kB
MemFree:          142072 kB
Active:           436192 kB
Mem:          3.8G       3.7G       138M       5.7M        27M       3.2G

MemTotal:        4016004 kB
MemFree:          135688 kB
Active:           435040 kB
Mem:          3.8G       3.7G       132M       5.7M        27M       3.3G

MemTotal:        4016004 kB
MemFree:          134760 kB
Active:           435096 kB
Mem:          3.8G       3.7G       131M       5.7M        27M       3.3G

MemTotal:        4016004 kB
MemFree:          133892 kB
Active:           435048 kB
Mem:          3.8G       3.7G       130M       5.7M        27M       3.3G

MemTotal:        4016004 kB
MemFree:          133524 kB
Active:           435056 kB
Mem:          3.8G       3.7G       130M       5.7M        27M       3.3G

MemTotal:        4016004 kB
MemFree:          142448 kB
Active:           429956 kB
Mem:          3.8G       3.7G       139M       5.7M        27M       3.2G

MemTotal:        4016004 kB
MemFree:          119184 kB
Active:           427668 kB
Mem:          3.8G       3.7G       113M       5.7M        27M       3.3G

MemTotal:        4016004 kB
MemFree:          134272 kB
Active:           421312 kB
Mem:          3.8G       3.7G       129M       5.7M        27M       3.3G

MemTotal:        4016004 kB
MemFree:          149220 kB
Active:           417636 kB
Mem:          3.8G       3.7G       145M       5.7M        27M       3.2G

MemTotal:        4016004 kB
MemFree:          115664 kB
Active:           417144 kB
Mem:          3.8G       3.7G       121M       5.7M        27M       3.3G

MemTotal:        4016004 kB
MemFree:          136588 kB
Active:           415820 kB
Mem:          3.8G       3.7G       133M       5.7M        27M       3.2G

MemTotal:        4016004 kB
MemFree:          138148 kB
Active:           414212 kB
Mem:          3.8G       3.7G       134M       5.7M        27M       3.2G

MemTotal:        4016004 kB
MemFree:          125752 kB
Active:           412804 kB
Mem:          3.8G       3.7G       131M       5.7M        27M       3.3G

MemTotal:        4016004 kB
MemFree:          126496 kB
Active:           412248 kB
Mem:          3.8G       3.7G       123M       5.7M        27M       3.3G

MemTotal:        4016004 kB
MemFree:          124920 kB
Active:           412328 kB
Mem:          3.8G       3.7G       121M       5.7M        27M       3.3G

MemTotal:        4016004 kB
MemFree:          123868 kB
Active:           412324 kB
Mem:          3.8G       3.7G       120M       5.7M        27M       3.3G

MemTotal:        4016004 kB
MemFree:          122748 kB
Active:           412436 kB
Mem:          3.8G       3.7G       119M       5.7M        27M       3.3G

MemTotal:        4016004 kB
MemFree:          130292 kB
Active:           409268 kB
Mem:          3.8G       3.7G       134M       5.7M        27M       3.2G

MemTotal:        4016004 kB
MemFree:          127136 kB
Active:           402304 kB
Mem:          3.8G       3.7G       120M       5.7M        27M       3.3G

MemTotal:        4016004 kB
MemFree:          144492 kB
Active:           399852 kB
Mem:          3.8G       3.7G       140M       5.7M        27M       3.2G

MemTotal:        4016004 kB
MemFree:          139364 kB
Active:           398064 kB
Mem:          3.8G       3.7G       135M       5.7M        27M       3.2G

MemTotal:        4016004 kB
MemFree:          124220 kB
Active:           397556 kB
Mem:          3.8G       3.7G       119M       5.7M        27M       3.3G

MemTotal:        4016004 kB
MemFree:          134736 kB
Active:           396288 kB
Mem:          3.8G       3.7G       131M       5.7M        27M       3.3G

MemTotal:        4016004 kB
MemFree:          129120 kB
Active:           394580 kB
Mem:          3.8G       3.7G       125M       5.7M        27M       3.3G

MemTotal:        4016004 kB
MemFree:          125336 kB
Active:           392544 kB
Mem:          3.8G       3.7G       120M       5.7M        27M       3.3G

MemTotal:        4016004 kB
MemFree:          122428 kB
Active:           392584 kB
Mem:          3.8G       3.7G       119M       5.7M        27M       3.3G

MemTotal:        4016004 kB
MemFree:          121468 kB
Active:           392616 kB
Mem:          3.8G       3.7G       118M       5.7M        27M       3.3G

MemTotal:        4016004 kB
MemFree:          121192 kB
Active:           392620 kB
Mem:          3.8G       3.7G       118M       5.7M        27M       3.3G

MemTotal:        4016004 kB
MemFree:          121444 kB
Active:           392596 kB
Mem:          3.8G       3.7G       118M       5.7M        27M       3.3G

MemTotal:        4016004 kB
MemFree:          106112 kB
Active:           391344 kB
Mem:          3.8G       3.7G       118M       5.7M        27M       3.3G

MemTotal:        4016004 kB
MemFree:          122348 kB
Active:           387476 kB
Mem:          3.8G       3.7G       127M       5.7M        27M       3.3G

MemTotal:        4016004 kB
MemFree:          134460 kB
Active:           382352 kB
Mem:          3.8G       3.7G       127M       5.7M        27M       3.3G

MemTotal:        4016004 kB
MemFree:          135340 kB
Active:           380732 kB
Mem:          3.8G       3.7G       132M       5.7M        27M       3.2G

MemTotal:        4016004 kB
MemFree:          132240 kB
Active:           378632 kB
Mem:          3.8G       3.7G       129M       5.7M        27M       3.3G

MemTotal:        4016004 kB
MemFree:          121664 kB
Active:           378132 kB
Mem:          3.8G       3.7G       114M       5.7M        27M       3.3G

MemTotal:        4016004 kB
MemFree:          138228 kB
Active:           374732 kB
Mem:          3.8G       3.7G       134M       5.7M        27M       3.2G

MemTotal:        4016004 kB
MemFree:          127668 kB
Active:           373176 kB
Mem:          3.8G       3.7G       124M       5.7M        27M       3.3G

MemTotal:        4016004 kB
MemFree:          126640 kB
Active:           375120 kB
Mem:          3.8G       3.7G       123M       5.7M        27M       3.3G

MemTotal:        4016004 kB
MemFree:          124408 kB
Active:           375144 kB
Mem:          3.8G       3.7G       121M       5.7M        27M       3.3G

MemTotal:        4016004 kB
MemFree:          123544 kB
Active:           375136 kB
Mem:          3.8G       3.7G       120M       5.7M        27M       3.3G

MemTotal:        4016004 kB
MemFree:          136388 kB
Active:           372840 kB
Mem:          3.8G       3.7G       131M       5.7M        27M       3.2G

MemTotal:        4016004 kB
MemFree:          143032 kB
Active:           369884 kB
Mem:          3.8G       3.7G       139M       5.7M        27M       3.2G

MemTotal:        4016004 kB
MemFree:          145164 kB
Active:           369656 kB
Mem:          3.8G       3.7G       139M       5.7M        27M       3.2G

MemTotal:        4016004 kB
MemFree:          136772 kB
Active:           369660 kB
Mem:          3.8G       3.7G       133M       5.7M        27M       3.2G

MemTotal:        4016004 kB
MemFree:          118140 kB
Active:           369672 kB
Mem:          3.8G       3.7G       113M       5.7M        27M       3.3G

MemTotal:        4016004 kB
MemFree:          121668 kB
Active:           367240 kB
Mem:          3.8G       3.7G       117M       5.7M        27M       3.3G

MemTotal:        4016004 kB
MemFree:          128052 kB
Active:           367072 kB
Mem:          3.8G       3.7G       125M       5.7M        27M       3.3G

MemTotal:        4016004 kB
MemFree:          120116 kB
Active:           367068 kB
Mem:          3.8G       3.7G       115M       5.7M        27M       3.3G

MemTotal:        4016004 kB
MemFree:          121588 kB
Active:           367036 kB
Mem:          3.8G       3.7G       115M       5.7M        27M       3.3G

MemTotal:        4016004 kB
MemFree:          120716 kB
Active:           367056 kB
Mem:          3.8G       3.7G       117M       5.7M        27M       3.3G

MemTotal:        4016004 kB
MemFree:          120312 kB
Active:           367060 kB
Mem:          3.8G       3.7G       117M       5.7M        27M       3.3G

MemTotal:        4016004 kB
MemFree:          120100 kB
Active:           367072 kB
Mem:          3.8G       3.7G       117M       5.7M        27M       3.3G

MemTotal:        4016004 kB
MemFree:          118676 kB
Active:           367068 kB
Mem:          3.8G       3.7G       116M       5.7M        27M       3.3G

MemTotal:        4016004 kB
MemFree:          118008 kB
Active:           367084 kB
Mem:          3.8G       3.7G       116M       5.7M        27M       3.3G

MemTotal:        4016004 kB
MemFree:          123464 kB
Active:           367088 kB
Mem:          3.8G       3.7G       117M       5.7M        27M       3.3G

MemTotal:        4016004 kB
MemFree:          126168 kB
Active:           367108 kB
Mem:          3.8G       3.7G       120M       5.7M        27M       3.3G

MemTotal:        4016004 kB
MemFree:          129928 kB
Active:           367116 kB
Mem:          3.8G       3.7G       126M       5.7M        27M       3.3G

MemTotal:        4016004 kB
MemFree:          128840 kB
Active:           367116 kB
Mem:          3.8G       3.7G       125M       5.7M        27M       3.3G

MemTotal:        4016004 kB
MemFree:          123636 kB
Active:           367124 kB
Mem:          3.8G       3.7G       134M       5.7M        27M       3.2G

MemTotal:        4016004 kB
MemFree:          117460 kB
Active:           366912 kB
Mem:          3.8G       3.7G       112M       5.7M        27M       3.3G

MemTotal:        4016004 kB
MemFree:          133652 kB
Active:           366912 kB
Mem:          3.8G       3.7G       130M       5.7M        27M       3.2G

MemTotal:        4016004 kB
MemFree:          134364 kB
Active:           366880 kB
Mem:          3.8G       3.7G       131M       5.7M        27M       3.2G

MemTotal:        4016004 kB
MemFree:          134364 kB
Active:           366916 kB
Mem:          3.8G       3.7G       130M       5.7M        27M       3.2G

MemTotal:        4016004 kB
MemFree:          133156 kB
Active:           366916 kB
Mem:          3.8G       3.7G       129M       5.7M        27M       3.2G

MemTotal:        4016004 kB
MemFree:          131796 kB
Active:           366944 kB
Mem:          3.8G       3.7G       128M       5.7M        27M       3.2G

MemTotal:        4016004 kB
MemFree:          131272 kB
Active:           366948 kB
Mem:          3.8G       3.7G       127M       5.7M        27M       3.2G

MemTotal:        4016004 kB
MemFree:          129332 kB
Active:           366392 kB
Mem:          3.8G       3.7G       125M       5.7M        27M       3.3G

MemTotal:        4016004 kB
MemFree:          136548 kB
Active:           366576 kB
Mem:          3.8G       3.7G       131M       5.7M        27M       3.2G

MemTotal:        4016004 kB
MemFree:          128696 kB
Active:           366444 kB
Mem:          3.8G       3.7G       125M       5.7M        27M       3.3G

MemTotal:        4016004 kB
MemFree:          132324 kB
Active:           366400 kB
Mem:          3.8G       3.7G       129M       5.7M        27M       3.2G

MemTotal:        4016004 kB
MemFree:          131492 kB
Active:           366444 kB
Mem:          3.8G       3.7G       128M       5.7M        27M       3.2G

MemTotal:        4016004 kB
MemFree:          122904 kB
Active:           366444 kB
Mem:          3.8G       3.7G       119M       5.7M        27M       3.3G

MemTotal:        4016004 kB
MemFree:          114920 kB
Active:           366420 kB
Mem:          3.8G       3.7G       112M       5.7M        27M       3.3G

MemTotal:        4016004 kB
MemFree:          115012 kB
Active:           366456 kB
Mem:          3.8G       3.7G       111M       5.7M        27M       3.3G

MemTotal:        4016004 kB
MemFree:          112256 kB
Active:           366484 kB
Mem:          3.8G       3.7G       109M       5.7M        27M       3.3G

MemTotal:        4016004 kB
MemFree:          111360 kB
Active:           366436 kB
Mem:          3.8G       3.7G       108M       5.7M        27M       3.3G

MemTotal:        4016004 kB
MemFree:          110424 kB
Active:           365140 kB
Mem:          3.8G       3.7G       107M       5.7M        27M       3.3G

MemTotal:        4016004 kB
MemFree:          125364 kB
Active:           363280 kB
Mem:          3.8G       3.7G       119M       5.7M        27M       3.3G

MemTotal:        4016004 kB
MemFree:          128224 kB
Active:           363020 kB
Mem:          3.8G       3.7G       123M       5.7M        27M       3.3G

MemTotal:        4016004 kB
MemFree:          123224 kB
Active:           362860 kB
Mem:          3.8G       3.7G       120M       5.7M        27M       3.3G

MemTotal:        4016004 kB
MemFree:          139904 kB
Active:           362180 kB
Mem:          3.8G       3.7G       134M       5.7M        27M       3.2G

MemTotal:        4016004 kB
MemFree:          125684 kB
Active:           362216 kB
Mem:          3.8G       3.7G       122M       5.7M        27M       3.3G

MemTotal:        4016004 kB
MemFree:          135364 kB
Active:           362228 kB
Mem:          3.8G       3.7G       131M       5.7M        27M       3.2G

MemTotal:        4016004 kB
MemFree:          139324 kB
Active:           362200 kB
Mem:          3.8G       3.7G       136M       5.7M        27M       3.2G

MemTotal:        4016004 kB
MemFree:          129916 kB
Active:           362208 kB
Mem:          3.8G       3.7G       126M       5.7M        27M       3.2G

MemTotal:        4016004 kB
MemFree:          129272 kB
Active:           362248 kB
Mem:          3.8G       3.7G       125M       5.7M        27M       3.2G

MemTotal:        4016004 kB
MemFree:          126896 kB
Active:           360276 kB
Mem:          3.8G       3.7G       123M       5.7M        27M       3.2G

MemTotal:        4016004 kB
MemFree:          126908 kB
Active:           362236 kB
Mem:          3.8G       3.7G       123M       5.7M        27M       3.2G

MemTotal:        4016004 kB
MemFree:          114608 kB
Active:           362264 kB
Mem:          3.8G       3.7G       110M       5.7M        27M       3.3G

MemTotal:        4016004 kB
MemFree:          125512 kB
Active:           362268 kB
Mem:          3.8G       3.7G       130M       5.7M        27M       3.2G

MemTotal:        4016004 kB
MemFree:          125456 kB
Active:           359388 kB
Mem:          3.8G       3.7G       121M       5.7M        27M       3.3G

MemTotal:        4016004 kB
MemFree:          139536 kB
Active:           359400 kB
Mem:          3.8G       3.7G       136M       5.7M        27M       3.2G

MemTotal:        4016004 kB
MemFree:          129072 kB
Active:           359408 kB
Mem:          3.8G       3.7G       124M       5.7M        27M       3.3G

MemTotal:        4016004 kB
MemFree:          135856 kB
Active:           359408 kB
Mem:          3.8G       3.7G       132M       5.7M        27M       3.2G

MemTotal:        4016004 kB
MemFree:          137312 kB
Active:           359356 kB
Mem:          3.8G       3.7G       133M       5.7M        27M       3.2G

MemTotal:        4016004 kB
MemFree:          115796 kB
Active:           359376 kB
Mem:          3.8G       3.7G       118M       5.7M        27M       3.3G

MemTotal:        4016004 kB
MemFree:          134940 kB
Active:           356480 kB
Mem:          3.8G       3.7G       131M       5.7M        27M       3.2G

MemTotal:        4016004 kB
MemFree:          134580 kB
Active:           356464 kB
Mem:          3.8G       3.7G       131M       5.7M        27M       3.2G

MemTotal:        4016004 kB
MemFree:          134336 kB
Active:           356460 kB
Mem:          3.8G       3.7G       130M       5.7M        27M       3.2G

MemTotal:        4016004 kB
MemFree:          133236 kB
Active:           356468 kB
Mem:          3.8G       3.7G       129M       5.7M        27M       3.2G

MemTotal:        4016004 kB
MemFree:          136112 kB
Active:           356368 kB
Mem:          3.8G       3.7G       131M       5.7M        27M       3.2G

MemTotal:        4016004 kB
MemFree:          124696 kB
Active:           356368 kB
Mem:          3.8G       3.7G       130M       5.7M        27M       3.2G

MemTotal:        4016004 kB
MemFree:          131492 kB
Active:           356252 kB
Mem:          3.8G       3.7G       128M       5.7M        27M       3.2G

MemTotal:        4016004 kB
MemFree:          122812 kB
Active:           356252 kB
Mem:          3.8G       3.7G       118M       5.7M        27M       3.3G

MemTotal:        4016004 kB
MemFree:          108128 kB
Active:           352808 kB
Mem:          3.8G       3.7G       105M       5.7M        27M       3.3G

MemTotal:        4016004 kB
MemFree:          116280 kB
Active:           352772 kB
Mem:          3.8G       3.7G       110M       5.7M        27M       3.3G

MemTotal:        4016004 kB
MemFree:          129048 kB
Active:           352804 kB
Mem:          3.8G       3.7G       125M       5.7M        27M       3.2G

MemTotal:        4016004 kB
MemFree:          113064 kB
Active:           352816 kB
Mem:          3.8G       3.7G       108M       5.7M        27M       3.3G

MemTotal:        4016004 kB
MemFree:          124820 kB
Active:           352832 kB
Mem:          3.8G       3.7G       121M       5.7M        27M       3.2G

MemTotal:        4016004 kB
MemFree:          123200 kB
Active:           352844 kB
Mem:          3.8G       3.7G       120M       5.7M        27M       3.3G

MemTotal:        4016004 kB
MemFree:          122644 kB
Active:           352800 kB
Mem:          3.8G       3.7G       119M       5.7M        27M       3.3G

MemTotal:        4016004 kB
MemFree:          121408 kB
Active:           352828 kB
Mem:          3.8G       3.7G       118M       5.7M        27M       3.3G

MemTotal:        4016004 kB
MemFree:          121764 kB
Active:           352800 kB
Mem:          3.8G       3.7G       118M       5.7M        27M       3.3G

MemTotal:        4016004 kB
MemFree:          122892 kB
Active:           352808 kB
Mem:          3.8G       3.7G       119M       5.7M        27M       3.3G

MemTotal:        4016004 kB
MemFree:          129952 kB
Active:           352828 kB
Mem:          3.8G       3.7G       122M       5.7M        27M       3.2G

MemTotal:        4016004 kB
MemFree:          118784 kB
Active:           351292 kB
Mem:          3.8G       3.7G       114M       5.7M        27M       3.3G

MemTotal:        4016004 kB
MemFree:          127816 kB
Active:           351320 kB
Mem:          3.8G       3.7G       124M       5.7M        27M       3.2G

MemTotal:        4016004 kB
MemFree:          131564 kB
Active:           351368 kB
Mem:          3.8G       3.7G       126M       5.7M        27M       3.2G

MemTotal:        4016004 kB
MemFree:          129204 kB
Active:           351384 kB
Mem:          3.8G       3.7G       126M       5.7M        27M       3.2G

MemTotal:        4016004 kB
MemFree:          123420 kB
Active:           351372 kB
Mem:          3.8G       3.7G       117M       5.7M        27M       3.3G

MemTotal:        4016004 kB
MemFree:          124612 kB
Active:           351352 kB
Mem:          3.8G       3.7G       120M       5.7M        27M       3.3G

MemTotal:        4016004 kB
MemFree:          129480 kB
Active:           351352 kB
Mem:          3.8G       3.7G       126M       5.7M        27M       3.2G

MemTotal:        4016004 kB
MemFree:          129408 kB
Active:           351356 kB
Mem:          3.8G       3.7G       126M       5.7M        27M       3.2G

MemTotal:        4016004 kB
MemFree:          129196 kB
Active:           351360 kB
Mem:          3.8G       3.7G       126M       5.7M        27M       3.2G

MemTotal:        4016004 kB
MemFree:          129604 kB
Active:           351360 kB
Mem:          3.8G       3.7G       126M       5.7M        27M       3.2G

MemTotal:        4016004 kB
MemFree:          126480 kB
Active:           351416 kB
Mem:          3.8G       3.7G       121M       5.7M        27M       3.2G

MemTotal:        4016004 kB
MemFree:          123540 kB
Active:           347924 kB
Mem:          3.8G       3.7G       117M       5.7M        27M       3.3G

MemTotal:        4016004 kB
MemFree:          123548 kB
Active:           349504 kB
Mem:          3.8G       3.7G       116M       5.7M        27M       3.3G

MemTotal:        4016004 kB
MemFree:          121880 kB
Active:           349472 kB
Mem:          3.8G       3.7G       116M       5.7M        27M       3.3G

MemTotal:        4016004 kB
MemFree:          127792 kB
Active:           349384 kB
Mem:          3.8G       3.7G       122M       5.7M        27M       3.2G

MemTotal:        4016004 kB
MemFree:          121072 kB
Active:           349384 kB
Mem:          3.8G       3.7G       117M       5.7M        27M       3.3G

MemTotal:        4016004 kB
MemFree:          150232 kB
Active:           348604 kB
Mem:          3.8G       3.7G       146M       5.7M        27M       3.2G

MemTotal:        4016004 kB
MemFree:          146560 kB
Active:           348616 kB
Mem:          3.8G       3.7G       142M       5.7M        27M       3.2G

MemTotal:        4016004 kB
MemFree:          146004 kB
Active:           348632 kB
Mem:          3.8G       3.7G       142M       5.7M        27M       3.2G

MemTotal:        4016004 kB
MemFree:          146536 kB
Active:           348632 kB
Mem:          3.8G       3.7G       142M       5.7M        27M       3.2G

MemTotal:        4016004 kB
MemFree:          146632 kB
Active:           348628 kB
Mem:          3.8G       3.7G       143M       5.7M        27M       3.2G

MemTotal:        4016004 kB
MemFree:          128716 kB
Active:           350628 kB
Mem:          3.8G       3.7G       123M       5.7M        27M       3.2G

MemTotal:        4016004 kB
MemFree:          124040 kB
Active:           352680 kB
Mem:          3.8G       3.7G       121M       5.7M        27M       3.2G

MemTotal:        4016004 kB
MemFree:          123012 kB
Active:           352672 kB
Mem:          3.8G       3.7G       120M       5.7M        27M       3.2G

MemTotal:        4016004 kB
MemFree:          122804 kB
Active:           352696 kB
Mem:          3.8G       3.7G       119M       5.7M        27M       3.2G

MemTotal:        4016004 kB
MemFree:          121484 kB
Active:           352696 kB
Mem:          3.8G       3.7G       118M       5.7M        27M       3.2G

MemTotal:        4016004 kB
MemFree:          141588 kB
Active:           351040 kB
Mem:          3.8G       3.7G       135M       5.7M        27M       3.2G

MemTotal:        4016004 kB
MemFree:          106192 kB
Active:           350912 kB
Mem:          3.8G       3.7G       115M       5.7M        27M       3.2G

MemTotal:        4016004 kB
MemFree:          131148 kB
Active:           350912 kB
Mem:          3.8G       3.7G       128M       5.7M        27M       3.2G

MemTotal:        4016004 kB
MemFree:          138020 kB
Active:           350884 kB
Mem:          3.8G       3.7G       134M       5.7M        27M       3.2G

MemTotal:        4016004 kB
MemFree:          113916 kB
Active:           350864 kB
Mem:          3.8G       3.7G       110M       5.7M        27M       3.3G

MemTotal:        4016004 kB
MemFree:          133300 kB
Active:           350932 kB
Mem:          3.8G       3.7G       130M       5.7M        27M       3.2G

MemTotal:        4016004 kB
MemFree:          135112 kB
Active:           350804 kB
Mem:          3.8G       3.7G       132M       5.7M        27M       3.2G

MemTotal:        4016004 kB
MemFree:          111172 kB
Active:           350804 kB
Mem:          3.8G       3.7G       108M       5.7M        27M       3.3G

MemTotal:        4016004 kB
MemFree:          110492 kB
Active:           350820 kB
Mem:          3.8G       3.7G       107M       5.7M        27M       3.3G

MemTotal:        4016004 kB
MemFree:          108476 kB
Active:           350816 kB
Mem:          3.8G       3.7G       105M       5.7M        27M       3.3G

MemTotal:        4016004 kB
MemFree:          107020 kB
Active:           350824 kB
Mem:          3.8G       3.7G       104M       5.7M        27M       3.3G

MemTotal:        4016004 kB
MemFree:          132040 kB
Active:           350824 kB
Mem:          3.8G       3.7G       126M       5.7M        27M       3.2G

MemTotal:        4016004 kB
MemFree:          119352 kB
Active:           350760 kB
Mem:          3.8G       3.7G       114M       5.7M        27M       3.3G

MemTotal:        4016004 kB
MemFree:          130008 kB
Active:           350728 kB
Mem:          3.8G       3.7G       124M       5.7M        27M       3.2G

MemTotal:        4016004 kB
MemFree:          125400 kB
Active:           350628 kB
Mem:          3.8G       3.7G       122M       5.7M        27M       3.2G

MemTotal:        4016004 kB
MemFree:          125308 kB
Active:           350464 kB
Mem:          3.8G       3.7G       122M       5.7M        27M       3.2G

MemTotal:        4016004 kB
MemFree:          125308 kB
Active:           350448 kB
Mem:          3.8G       3.7G       122M       5.7M        27M       3.2G

MemTotal:        4016004 kB
MemFree:          125432 kB
Active:           350420 kB
Mem:          3.8G       3.7G       122M       5.7M        27M       3.2G

MemTotal:        4016004 kB
MemFree:          125556 kB
Active:           350440 kB
Mem:          3.8G       3.7G       122M       5.7M        27M       3.2G

MemTotal:        4016004 kB
MemFree:          124872 kB
Active:           350480 kB
Mem:          3.8G       3.7G       121M       5.7M        27M       3.2G

MemTotal:        4016004 kB
MemFree:          124364 kB
Active:           350492 kB
Mem:          3.8G       3.7G       121M       5.7M        27M       3.2G

MemTotal:        4016004 kB
MemFree:          123528 kB
Active:           350492 kB
Mem:          3.8G       3.7G       120M       5.7M        27M       3.2G

MemTotal:        4016004 kB
MemFree:          124184 kB
Active:           350460 kB
Mem:          3.8G       3.7G       121M       5.7M        27M       3.2G

MemTotal:        4016004 kB
MemFree:          124532 kB
Active:           350472 kB
Mem:          3.8G       3.7G       121M       5.7M        27M       3.2G

MemTotal:        4016004 kB
MemFree:          124440 kB
Active:           350492 kB
Mem:          3.8G       3.7G       119M       5.7M        27M       3.2G

MemTotal:        4016004 kB
MemFree:          122764 kB
Active:           352524 kB
Mem:          3.8G       3.7G       119M       5.7M        27M       3.2G

MemTotal:        4016004 kB
MemFree:          122764 kB
Active:           352524 kB
Mem:          3.8G       3.7G       119M       5.7M        27M       3.2G

MemTotal:        4016004 kB
MemFree:          122640 kB
Active:           352472 kB
Mem:          3.8G       3.7G       119M       5.7M        27M       3.2G

MemTotal:        4016004 kB
MemFree:          123136 kB
Active:           352472 kB
Mem:          3.8G       3.7G       119M       5.7M        27M       3.2G

MemTotal:        4016004 kB
MemFree:          123428 kB
Active:           352084 kB
Mem:          3.8G       3.7G       120M       5.7M        27M       3.2G

MemTotal:        4016004 kB
MemFree:          123180 kB
Active:           352084 kB
Mem:          3.8G       3.7G       120M       5.7M        27M       3.2G

MemTotal:        4016004 kB
MemFree:          123304 kB
Active:           352084 kB
Mem:          3.8G       3.7G       120M       5.7M        27M       3.2G

MemTotal:        4016004 kB
MemFree:          123552 kB
Active:           352032 kB
Mem:          3.8G       3.7G       120M       5.7M        27M       3.2G

MemTotal:        4016004 kB
MemFree:          123800 kB
Active:           352040 kB
Mem:          3.8G       3.7G       120M       5.7M        27M       3.2G

MemTotal:        4016004 kB
MemFree:          123732 kB
Active:           351108 kB
Mem:          3.8G       3.7G       120M       5.7M        27M       3.2G

MemTotal:        4016004 kB
MemFree:          123860 kB
Active:           352996 kB
Mem:          3.8G       3.7G       120M       5.7M        27M       3.2G

MemTotal:        4016004 kB
MemFree:          123984 kB
Active:           352988 kB
Mem:          3.8G       3.7G       120M       5.7M        27M       3.2G

MemTotal:        4016004 kB
MemFree:          124128 kB
Active:           352968 kB
Mem:          3.8G       3.7G       121M       5.7M        27M       3.2G

MemTotal:        4016004 kB
MemFree:          123880 kB
Active:           352968 kB
Mem:          3.8G       3.7G       121M       5.7M        27M       3.2G

MemTotal:        4016004 kB
MemFree:          124004 kB
Active:           352960 kB
Mem:          3.8G       3.7G       121M       5.7M        27M       3.2G

MemTotal:        4016004 kB
MemFree:          124128 kB
Active:           353004 kB
Mem:          3.8G       3.7G       121M       5.7M        27M       3.2G

MemTotal:        4016004 kB
MemFree:          124004 kB
Active:           352992 kB
Mem:          3.8G       3.7G       121M       5.7M        27M       3.2G

MemTotal:        4016004 kB
MemFree:          124252 kB
Active:           352984 kB
Mem:          3.8G       3.7G       121M       5.7M        27M       3.2G

MemTotal:        4016004 kB
MemFree:          124500 kB
Active:           352972 kB
Mem:          3.8G       3.7G       121M       5.7M        27M       3.2G

MemTotal:        4016004 kB
MemFree:          122328 kB
Active:           353012 kB
Mem:          3.8G       3.7G       119M       5.7M        27M       3.2G

MemTotal:        4016004 kB
MemFree:          122080 kB
Active:           355036 kB
Mem:          3.8G       3.7G       119M       5.7M        27M       3.2G

MemTotal:        4016004 kB
MemFree:          122688 kB
Active:           355016 kB
Mem:          3.8G       3.7G       119M       5.7M        27M       3.2G

MemTotal:        4016004 kB
MemFree:          122316 kB
Active:           355008 kB
Mem:          3.8G       3.7G       119M       5.7M        27M       3.2G

MemTotal:        4016004 kB
MemFree:          121944 kB
Active:           354988 kB
Mem:          3.8G       3.7G       118M       5.7M        27M       3.2G

MemTotal:        4016004 kB
MemFree:          121820 kB
Active:           355016 kB
Mem:          3.8G       3.7G       118M       5.7M        27M       3.2G

MemTotal:        4016004 kB
MemFree:          121944 kB
Active:           355016 kB
Mem:          3.8G       3.7G       119M       5.7M        27M       3.2G

MemTotal:        4016004 kB
MemFree:          122192 kB
Active:           355004 kB
Mem:          3.8G       3.7G       119M       5.7M        27M       3.2G

MemTotal:        4016004 kB
MemFree:          122068 kB
Active:           355016 kB
Mem:          3.8G       3.7G       119M       5.7M        27M       3.2G

MemTotal:        4016004 kB
MemFree:          122316 kB
Active:           355052 kB
Mem:          3.8G       3.7G       119M       5.7M        27M       3.2G

MemTotal:        4016004 kB
MemFree:          122316 kB
Active:           355028 kB
Mem:          3.8G       3.7G       119M       5.7M        27M       3.2G

MemTotal:        4016004 kB
MemFree:          122068 kB
Active:           355060 kB
Mem:          3.8G       3.7G       119M       5.7M        27M       3.2G

MemTotal:        4016004 kB
MemFree:          122192 kB
Active:           355024 kB
Mem:          3.8G       3.7G       119M       5.7M        27M       3.2G

MemTotal:        4016004 kB
MemFree:          122316 kB
Active:           355020 kB
Mem:          3.8G       3.7G       119M       5.7M        27M       3.2G

MemTotal:        4016004 kB
MemFree:          122068 kB
Active:           355060 kB
Mem:          3.8G       3.7G       119M       5.7M        27M       3.2G

MemTotal:        4016004 kB
MemFree:          122440 kB
Active:           355060 kB
Mem:          3.8G       3.7G       119M       5.7M        27M       3.2G

MemTotal:        4016004 kB
MemFree:          122564 kB
Active:           355060 kB
Mem:          3.8G       3.7G       119M       5.7M        27M       3.2G

MemTotal:        4016004 kB
MemFree:          122564 kB
Active:           355052 kB
Mem:          3.8G       3.7G       119M       5.7M        27M       3.2G

MemTotal:        4016004 kB
MemFree:          122192 kB
Active:           355056 kB
Mem:          3.8G       3.7G       119M       5.7M        27M       3.2G

MemTotal:        4016004 kB
MemFree:          122192 kB
Active:           355076 kB
Mem:          3.8G       3.7G       119M       5.7M        27M       3.2G

MemTotal:        4016004 kB
MemFree:          122316 kB
Active:           355076 kB
Mem:          3.8G       3.7G       119M       5.7M        27M       3.2G

MemTotal:        4016004 kB
MemFree:          122844 kB
Active:           355052 kB
Mem:          3.8G       3.7G       119M       5.7M        27M       3.2G

MemTotal:        4016004 kB
MemFree:          122224 kB
Active:           355088 kB
Mem:          3.8G       3.7G       119M       5.7M        27M       3.2G

MemTotal:        4016004 kB
MemFree:          122472 kB
Active:           355088 kB
Mem:          3.8G       3.7G       119M       5.7M        27M       3.2G

MemTotal:        4016004 kB
MemFree:          122596 kB
Active:           355048 kB
Mem:          3.8G       3.7G       119M       5.7M        27M       3.2G

MemTotal:        4016004 kB
MemFree:          122224 kB
Active:           355100 kB
Mem:          3.8G       3.7G       119M       5.7M        27M       3.2G

MemTotal:        4016004 kB
MemFree:          122348 kB
Active:           355084 kB
Mem:          3.8G       3.7G       119M       5.7M        27M       3.2G

MemTotal:        4016004 kB
MemFree:          122348 kB
Active:           355080 kB
Mem:          3.8G       3.7G       119M       5.7M        27M       3.2G

MemTotal:        4016004 kB
MemFree:          122348 kB
Active:           355068 kB
Mem:          3.8G       3.7G       119M       5.7M        27M       3.2G

MemTotal:        4016004 kB
MemFree:          122224 kB
Active:           355100 kB
Mem:          3.8G       3.7G       119M       5.7M        27M       3.2G

MemTotal:        4016004 kB
MemFree:          122720 kB
Active:           355100 kB
Mem:          3.8G       3.7G       119M       5.7M        27M       3.2G

MemTotal:        4016004 kB
MemFree:          122348 kB
Active:           355052 kB
Mem:          3.8G       3.7G       119M       5.7M        27M       3.2G

MemTotal:        4016004 kB
MemFree:          121728 kB
Active:           355108 kB
Mem:          3.8G       3.7G       119M       5.7M        27M       3.2G

MemTotal:        4016004 kB
MemFree:          122224 kB
Active:           355088 kB
Mem:          3.8G       3.7G       119M       5.7M        27M       3.2G

MemTotal:        4016004 kB
MemFree:          122224 kB
Active:           355060 kB
Mem:          3.8G       3.7G       119M       5.7M        27M       3.2G

MemTotal:        4016004 kB
MemFree:          121852 kB
Active:           355108 kB
Mem:          3.8G       3.7G       119M       5.7M        27M       3.2G

MemTotal:        4016004 kB
MemFree:          122348 kB
Active:           355072 kB
Mem:          3.8G       3.7G       119M       5.7M        27M       3.2G

MemTotal:        4016004 kB
MemFree:          122348 kB
Active:           355100 kB
Mem:          3.8G       3.7G       119M       5.7M        27M       3.2G

MemTotal:        4016004 kB
MemFree:          122472 kB
Active:           355092 kB
Mem:          3.8G       3.7G       119M       5.7M        27M       3.2G

MemTotal:        4016004 kB
MemFree:          122596 kB
Active:           355068 kB
Mem:          3.8G       3.7G       119M       5.7M        27M       3.2G

MemTotal:        4016004 kB
MemFree:          120796 kB
Active:           355052 kB
Mem:          3.8G       3.7G       117M       5.7M        27M       3.2G

MemTotal:        4016004 kB
MemFree:          120796 kB
Active:           357124 kB
Mem:          3.8G       3.7G       117M       5.7M        27M       3.2G

MemTotal:        4016004 kB
MemFree:          120300 kB
Active:           357140 kB
Mem:          3.8G       3.7G       117M       5.7M        27M       3.2G

MemTotal:        4016004 kB
MemFree:          120424 kB
Active:           357120 kB
Mem:          3.8G       3.7G       117M       5.7M        27M       3.2G

MemTotal:        4016004 kB
MemFree:          120176 kB
Active:           357104 kB
Mem:          3.8G       3.7G       117M       5.7M        27M       3.2G

MemTotal:        4016004 kB
MemFree:          120424 kB
Active:           357096 kB
Mem:          3.8G       3.7G       117M       5.7M        27M       3.2G

MemTotal:        4016004 kB
MemFree:          120456 kB
Active:           357144 kB
Mem:          3.8G       3.7G       117M       5.7M        27M       3.2G

MemTotal:        4016004 kB
MemFree:          120332 kB
Active:           357132 kB
Mem:          3.8G       3.7G       117M       5.7M        27M       3.2G

MemTotal:        4016004 kB
MemFree:          120456 kB
Active:           357120 kB
Mem:          3.8G       3.7G       117M       5.7M        27M       3.2G

MemTotal:        4016004 kB
MemFree:          120456 kB
Active:           357140 kB
Mem:          3.8G       3.7G       117M       5.7M        27M       3.2G

MemTotal:        4016004 kB
MemFree:          120456 kB
Active:           357132 kB
Mem:          3.8G       3.7G       117M       5.7M        27M       3.2G

MemTotal:        4016004 kB
MemFree:          120456 kB
Active:           357124 kB
Mem:          3.8G       3.7G       117M       5.7M        27M       3.2G

MemTotal:        4016004 kB
MemFree:          120332 kB
Active:           357100 kB
Mem:          3.8G       3.7G       117M       5.7M        27M       3.2G

MemTotal:        4016004 kB
MemFree:          120704 kB
Active:           357144 kB
Mem:          3.8G       3.7G       118M       5.7M        27M       3.2G

MemTotal:        4016004 kB
MemFree:          120704 kB
Active:           357140 kB
Mem:          3.8G       3.7G       117M       5.7M        27M       3.2G

MemTotal:        4016004 kB
MemFree:          120580 kB
Active:           357148 kB
Mem:          3.8G       3.7G       117M       5.7M        27M       3.2G

MemTotal:        4016004 kB
MemFree:          120828 kB
Active:           357124 kB
Mem:          3.8G       3.7G       118M       5.7M        27M       3.2G

MemTotal:        4016004 kB
MemFree:          120828 kB
Active:           357104 kB
Mem:          3.8G       3.7G       118M       5.7M        27M       3.2G

MemTotal:        4016004 kB
MemFree:          120952 kB
Active:           357132 kB
Mem:          3.8G       3.7G       117M       5.7M        27M       3.2G

MemTotal:        4016004 kB
MemFree:          120828 kB
Active:           357116 kB
Mem:          3.8G       3.7G       118M       5.7M        27M       3.2G

MemTotal:        4016004 kB
MemFree:          120952 kB
Active:           357156 kB
Mem:          3.8G       3.7G       117M       5.7M        27M       3.2G

MemTotal:        4016004 kB
MemFree:          120456 kB
Active:           357164 kB
Mem:          3.8G       3.7G       117M       5.7M        27M       3.2G

MemTotal:        4016004 kB
MemFree:          120208 kB
Active:           357160 kB
Mem:          3.8G       3.7G       116M       5.7M        27M       3.2G

MemTotal:        4016004 kB
MemFree:          119464 kB
Active:           357164 kB
Mem:          3.8G       3.7G       117M       5.7M        27M       3.2G

MemTotal:        4016004 kB
MemFree:          119960 kB
Active:           357156 kB
Mem:          3.8G       3.7G       117M       5.7M        27M       3.2G

MemTotal:        4016004 kB
MemFree:          120456 kB
Active:           357140 kB
Mem:          3.8G       3.7G       117M       5.7M        27M       3.2G

MemTotal:        4016004 kB
MemFree:          120456 kB
Active:           357108 kB
Mem:          3.8G       3.7G       117M       5.7M        27M       3.2G

MemTotal:        4016004 kB
MemFree:          120580 kB
Active:           357136 kB
Mem:          3.8G       3.7G       117M       5.7M        27M       3.2G

MemTotal:        4016004 kB
MemFree:          120580 kB
Active:           357112 kB
Mem:          3.8G       3.7G       117M       5.7M        27M       3.2G

MemTotal:        4016004 kB
MemFree:          120456 kB
Active:           357140 kB
Mem:          3.8G       3.7G       117M       5.7M        27M       3.2G

MemTotal:        4016004 kB
MemFree:          119268 kB
Active:           355268 kB
Mem:          3.8G       3.7G       116M       5.7M        27M       3.2G

MemTotal:        4016004 kB
MemFree:          119772 kB
Active:           357172 kB
Mem:          3.8G       3.7G       116M       5.7M        27M       3.2G

MemTotal:        4016004 kB
MemFree:          120392 kB
Active:           357144 kB
Mem:          3.8G       3.7G       117M       5.7M        27M       3.2G

MemTotal:        4016004 kB
MemFree:          120516 kB
Active:           357172 kB
Mem:          3.8G       3.7G       117M       5.7M        27M       3.2G

MemTotal:        4016004 kB
MemFree:          120392 kB
Active:           357136 kB
Mem:          3.8G       3.7G       117M       5.7M        27M       3.2G

MemTotal:        4016004 kB
MemFree:          120392 kB
Active:           357144 kB
Mem:          3.8G       3.7G       117M       5.7M        27M       3.2G

MemTotal:        4016004 kB
MemFree:          120268 kB
Active:           357192 kB
Mem:          3.8G       3.7G       117M       5.7M        27M       3.2G

MemTotal:        4016004 kB
MemFree:          120640 kB
Active:           357180 kB
Mem:          3.8G       3.7G       117M       5.7M        27M       3.2G

MemTotal:        4016004 kB
MemFree:          120640 kB
Active:           357152 kB
Mem:          3.8G       3.7G       117M       5.7M        27M       3.2G

MemTotal:        4016004 kB
MemFree:          120276 kB
Active:           357184 kB
Mem:          3.8G       3.7G       117M       5.7M        27M       3.2G

MemTotal:        4016004 kB
MemFree:          117732 kB
Active:           357200 kB
Mem:          3.8G       3.7G       115M       5.7M        27M       3.2G

MemTotal:        4016004 kB
MemFree:          118104 kB
Active:           357176 kB
Mem:          3.8G       3.7G       115M       5.7M        27M       3.2G

MemTotal:        4016004 kB
MemFree:          118228 kB
Active:           359196 kB
Mem:          3.8G       3.7G       115M       5.7M        27M       3.2G

MemTotal:        4016004 kB
MemFree:          117608 kB
Active:           359260 kB
Mem:          3.8G       3.7G       114M       5.7M        27M       3.2G

MemTotal:        4016004 kB
MemFree:          117732 kB
Active:           359232 kB
Mem:          3.8G       3.7G       114M       5.7M        27M       3.2G

MemTotal:        4016004 kB
MemFree:          117980 kB
Active:           359256 kB
Mem:          3.8G       3.7G       115M       5.7M        27M       3.2G

MemTotal:        4016004 kB
MemFree:          117980 kB
Active:           359232 kB
Mem:          3.8G       3.7G       115M       5.7M        27M       3.2G

MemTotal:        4016004 kB
MemFree:          118104 kB
Active:           359216 kB
Mem:          3.8G       3.7G       115M       5.7M        27M       3.2G

MemTotal:        4016004 kB
MemFree:          118104 kB
Active:           359248 kB
Mem:          3.8G       3.7G       115M       5.7M        27M       3.2G

MemTotal:        4016004 kB
MemFree:          117980 kB
Active:           359220 kB
Mem:          3.8G       3.7G       115M       5.7M        27M       3.2G

MemTotal:        4016004 kB
MemFree:          117856 kB
Active:           359240 kB
Mem:          3.8G       3.7G       115M       5.7M        27M       3.2G

MemTotal:        4016004 kB
MemFree:          118352 kB
Active:           359228 kB
Mem:          3.8G       3.7G       115M       5.7M        27M       3.2G

MemTotal:        4016004 kB
MemFree:          118476 kB
Active:           359216 kB
Mem:          3.8G       3.7G       115M       5.7M        27M       3.2G

MemTotal:        4016004 kB
MemFree:          118352 kB
Active:           359212 kB
Mem:          3.8G       3.7G       115M       5.7M        27M       3.2G

MemTotal:        4016004 kB
MemFree:          117980 kB
Active:           359268 kB
Mem:          3.8G       3.7G       115M       5.7M        27M       3.2G

MemTotal:        4016004 kB
MemFree:          118228 kB
Active:           359236 kB
Mem:          3.8G       3.7G       115M       5.7M        27M       3.2G

MemTotal:        4016004 kB
MemFree:          117980 kB
Active:           359264 kB
Mem:          3.8G       3.7G       115M       5.7M        27M       3.2G

MemTotal:        4016004 kB
MemFree:          117732 kB
Active:           359268 kB
Mem:          3.8G       3.7G       115M       5.7M        27M       3.2G

MemTotal:        4016004 kB
MemFree:          117856 kB
Active:           359264 kB
Mem:          3.8G       3.7G       115M       5.7M        27M       3.2G

MemTotal:        4016004 kB
MemFree:          117484 kB
Active:           359276 kB
Mem:          3.8G       3.7G       114M       5.7M        27M       3.2G

MemTotal:        4016004 kB
MemFree:          115560 kB
Active:           359272 kB
Mem:          3.8G       3.7G       113M       5.7M        27M       3.2G

MemTotal:        4016004 kB
MemFree:          115808 kB
Active:           361300 kB
Mem:          3.8G       3.7G       113M       5.7M        27M       3.2G

MemTotal:        4016004 kB
MemFree:          116056 kB
Active:           361300 kB
Mem:          3.8G       3.7G       113M       5.7M        27M       3.2G

MemTotal:        4016004 kB
MemFree:          116304 kB
Active:           361272 kB
Mem:          3.8G       3.7G       113M       5.7M        27M       3.2G

MemTotal:        4016004 kB
MemFree:          116304 kB
Active:           361320 kB
Mem:          3.8G       3.7G       113M       5.7M        27M       3.2G

MemTotal:        4016004 kB
MemFree:          116304 kB
Active:           361316 kB
Mem:          3.8G       3.7G       113M       5.7M        27M       3.2G

MemTotal:        4016004 kB
MemFree:          116056 kB
Active:           361328 kB
Mem:          3.8G       3.7G       113M       5.7M        27M       3.2G

MemTotal:        4016004 kB
MemFree:          116304 kB
Active:           361284 kB
Mem:          3.8G       3.7G       113M       5.7M        27M       3.2G

MemTotal:        4016004 kB
MemFree:          116428 kB
Active:           361280 kB
Mem:          3.8G       3.7G       113M       5.7M        27M       3.2G

MemTotal:        4016004 kB
MemFree:          116800 kB
Active:           361328 kB
Mem:          3.8G       3.7G       113M       5.7M        27M       3.2G

MemTotal:        4016004 kB
MemFree:          116428 kB
Active:           361328 kB
Mem:          3.8G       3.7G       113M       5.7M        27M       3.2G

MemTotal:        4016004 kB
MemFree:          116304 kB
Active:           361300 kB
Mem:          3.8G       3.7G       113M       5.7M        27M       3.2G

MemTotal:        4016004 kB
MemFree:          116428 kB
Active:           361296 kB
Mem:          3.8G       3.7G       113M       5.7M        27M       3.2G

MemTotal:        4016004 kB
MemFree:          115808 kB
Active:           361344 kB
Mem:          3.8G       3.7G       112M       5.7M        27M       3.2G

MemTotal:        4016004 kB
MemFree:          116056 kB
Active:           361328 kB
Mem:          3.8G       3.7G       113M       5.7M        27M       3.2G

MemTotal:        4016004 kB
MemFree:          116428 kB
Active:           361308 kB
Mem:          3.8G       3.7G       113M       5.7M        27M       3.2G

MemTotal:        4016004 kB
MemFree:          116180 kB
Active:           361288 kB
Mem:          3.8G       3.7G       113M       5.7M        27M       3.2G

MemTotal:        4016004 kB
MemFree:          116180 kB
Active:           361332 kB
Mem:          3.8G       3.7G       113M       5.7M        27M       3.2G

MemTotal:        4016004 kB
MemFree:          116304 kB
Active:           361308 kB
Mem:          3.8G       3.7G       113M       5.7M        27M       3.2G

MemTotal:        4016004 kB
MemFree:          116304 kB
Active:           361296 kB
Mem:          3.8G       3.7G       113M       5.7M        27M       3.2G

MemTotal:        4016004 kB
MemFree:          116056 kB
Active:           361348 kB
Mem:          3.8G       3.7G       113M       5.7M        27M       3.2G

MemTotal:        4016004 kB
MemFree:          115808 kB
Active:           361340 kB
Mem:          3.8G       3.7G       113M       5.7M        27M       3.2G

MemTotal:        4016004 kB
MemFree:          115932 kB
Active:           361332 kB
Mem:          3.8G       3.7G       113M       5.7M        27M       3.2G

MemTotal:        4016004 kB
MemFree:          115932 kB
Active:           361312 kB
Mem:          3.8G       3.7G       113M       5.7M        27M       3.2G

MemTotal:        4016004 kB
MemFree:          115436 kB
Active:           361352 kB
Mem:          3.8G       3.7G       113M       5.7M        27M       3.2G

MemTotal:        4016004 kB
MemFree:          115932 kB
Active:           361348 kB
Mem:          3.8G       3.7G       113M       5.7M        27M       3.2G

MemTotal:        4016004 kB
MemFree:          116180 kB
Active:           361332 kB
Mem:          3.8G       3.7G       113M       5.7M        27M       3.2G

MemTotal:        4016004 kB
MemFree:          116056 kB
Active:           361364 kB
Mem:          3.8G       3.7G       113M       5.7M        27M       3.2G

MemTotal:        4016004 kB
MemFree:          116320 kB
Active:           361312 kB
Mem:          3.8G       3.7G       113M       5.7M        27M       3.2G

MemTotal:        4016004 kB
MemFree:          116444 kB
Active:           361352 kB
Mem:          3.8G       3.7G       113M       5.7M        27M       3.2G

MemTotal:        4016004 kB
MemFree:          116196 kB
Active:           361368 kB
Mem:          3.8G       3.7G       113M       5.7M        27M       3.2G

MemTotal:        4016004 kB
MemFree:          116444 kB
Active:           361368 kB
Mem:          3.8G       3.7G       113M       5.7M        27M       3.2G

MemTotal:        4016004 kB
MemFree:          116444 kB
Active:           361348 kB
Mem:          3.8G       3.7G       113M       5.7M        27M       3.2G

MemTotal:        4016004 kB
MemFree:          116196 kB
Active:           361384 kB
Mem:          3.8G       3.7G       113M       5.7M        27M       3.2G

MemTotal:        4016004 kB
MemFree:          116444 kB
Active:           361380 kB
Mem:          3.8G       3.7G       113M       5.7M        27M       3.2G

MemTotal:        4016004 kB
MemFree:          116196 kB
Active:           361392 kB
Mem:          3.8G       3.7G       113M       5.7M        27M       3.2G

MemTotal:        4016004 kB
MemFree:          116072 kB
Active:           361352 kB
Mem:          3.8G       3.7G       113M       5.7M        27M       3.2G

MemTotal:        4016004 kB
MemFree:          115824 kB
Active:           361392 kB
Mem:          3.8G       3.7G       113M       5.7M        27M       3.2G

MemTotal:        4016004 kB
MemFree:          116072 kB
Active:           361368 kB
Mem:          3.8G       3.7G       113M       5.7M        27M       3.2G

MemTotal:        4016004 kB
MemFree:          116080 kB
Active:           361348 kB
Mem:          3.8G       3.7G       113M       5.7M        27M       3.2G

MemTotal:        4016004 kB
MemFree:          113536 kB
Active:           361404 kB
Mem:          3.8G       3.7G       111M       5.7M        27M       3.2G

MemTotal:        4016004 kB
MemFree:          113908 kB
Active:           363408 kB
Mem:          3.8G       3.7G       110M       5.7M        27M       3.2G

MemTotal:        4016004 kB
MemFree:          113660 kB
Active:           363396 kB
Mem:          3.8G       3.7G       110M       5.7M        27M       3.2G

MemTotal:        4016004 kB
MemFree:          113536 kB
Active:           363428 kB
Mem:          3.8G       3.7G       110M       5.7M        27M       3.2G

MemTotal:        4016004 kB
MemFree:          113412 kB
Active:           363444 kB
Mem:          3.8G       3.7G       110M       5.7M        27M       3.2G

MemTotal:        4016004 kB
MemFree:          113660 kB
Active:           363440 kB
Mem:          3.8G       3.7G       111M       5.7M        27M       3.2G

MemTotal:        4016004 kB
MemFree:          113784 kB
Active:           363436 kB
Mem:          3.8G       3.7G       111M       5.7M        27M       3.2G

MemTotal:        4016004 kB
MemFree:          113536 kB
Active:           363444 kB
Mem:          3.8G       3.7G       111M       5.7M        27M       3.2G

MemTotal:        4016004 kB
MemFree:          113660 kB
Active:           363400 kB
Mem:          3.8G       3.7G       110M       5.7M        27M       3.2G

MemTotal:        4016004 kB
MemFree:          113536 kB
Active:           363428 kB
Mem:          3.8G       3.7G       110M       5.7M        27M       3.2G

MemTotal:        4016004 kB
MemFree:          113908 kB
Active:           363400 kB
Mem:          3.8G       3.7G       111M       5.7M        27M       3.2G

MemTotal:        4016004 kB
MemFree:          114156 kB
Active:           363420 kB
Mem:          3.8G       3.7G       111M       5.7M        27M       3.2G

MemTotal:        4016004 kB
MemFree:          114156 kB
Active:           363420 kB
Mem:          3.8G       3.7G       111M       5.7M        27M       3.2G

MemTotal:        4016004 kB
MemFree:          114776 kB
Active:           363392 kB
Mem:          3.8G       3.7G       111M       5.7M        28M       3.2G

MemTotal:        4016004 kB
MemFree:          113768 kB
Active:           363600 kB
Mem:          3.8G       3.7G       111M       5.7M        28M       3.2G

MemTotal:        4016004 kB
MemFree:          113892 kB
Active:           363764 kB
Mem:          3.8G       3.7G       111M       5.7M        28M       3.2G

MemTotal:        4016004 kB
MemFree:          114124 kB
Active:           363672 kB
Mem:          3.8G       3.7G       111M       5.7M        28M       3.2G

MemTotal:        4016004 kB
MemFree:          114124 kB
Active:           363668 kB
Mem:          3.8G       3.7G       111M       5.7M        28M       3.2G

