MemTotal:        4016004 kB
MemFree:         3247352 kB
Active:           414816 kB
Mem:          3.8G       750M       3.1G       5.7M        54M       314M

MemTotal:        4016004 kB
MemFree:         3247700 kB
Active:           414668 kB
Mem:          3.8G       750M       3.1G       5.7M        54M       314M

MemTotal:        4016004 kB
MemFree:         3247808 kB
Active:           414728 kB
Mem:          3.8G       750M       3.1G       5.7M        54M       314M

MemTotal:        4016004 kB
MemFree:         3247792 kB
Active:           414720 kB
Mem:          3.8G       750M       3.1G       5.7M        54M       314M

MemTotal:        4016004 kB
MemFree:         3247404 kB
Active:           414740 kB
Mem:          3.8G       750M       3.1G       5.7M        54M       314M

MemTotal:        4016004 kB
MemFree:         3247652 kB
Active:           414716 kB
Mem:          3.8G       750M       3.1G       5.7M        54M       314M

MemTotal:        4016004 kB
MemFree:         3247564 kB
Active:           414728 kB
Mem:          3.8G       750M       3.1G       5.7M        54M       314M

MemTotal:        4016004 kB
MemFree:         3245872 kB
Active:           414704 kB
Mem:          3.8G       752M       3.1G       5.7M        54M       314M

MemTotal:        4016004 kB
MemFree:         3245980 kB
Active:           414716 kB
Mem:          3.8G       751M       3.1G       5.7M        54M       314M

MemTotal:        4016004 kB
MemFree:         3245964 kB
Active:           416764 kB
Mem:          3.8G       751M       3.1G       5.7M        54M       314M

MemTotal:        4016004 kB
MemFree:         3245328 kB
Active:           416776 kB
Mem:          3.8G       752M       3.1G       5.7M        54M       314M

MemTotal:        4016004 kB
MemFree:         3245312 kB
Active:           416776 kB
Mem:          3.8G       752M       3.1G       5.7M        54M       314M

MemTotal:        4016004 kB
MemFree:         3245544 kB
Active:           416728 kB
Mem:          3.8G       752M       3.1G       5.7M        54M       314M

MemTotal:        4016004 kB
MemFree:         3245776 kB
Active:           416720 kB
Mem:          3.8G       752M       3.1G       5.7M        54M       314M

MemTotal:        4016004 kB
MemFree:         3245636 kB
Active:           416780 kB
Mem:          3.8G       752M       3.1G       5.7M        54M       314M

MemTotal:        4016004 kB
MemFree:         3245900 kB
Active:           416784 kB
Mem:          3.8G       752M       3.1G       5.7M        54M       314M

MemTotal:        4016004 kB
MemFree:         3246008 kB
Active:           416740 kB
Mem:          3.8G       751M       3.1G       5.7M        54M       314M

MemTotal:        4016004 kB
MemFree:         3245556 kB
Active:           414716 kB
Mem:          3.8G       752M       3.1G       5.7M        54M       314M

MemTotal:        4016004 kB
MemFree:         3245184 kB
Active:           416800 kB
Mem:          3.8G       752M       3.1G       5.7M        54M       314M

MemTotal:        4016004 kB
MemFree:         3245308 kB
Active:           416772 kB
Mem:          3.8G       752M       3.1G       5.7M        54M       314M

MemTotal:        4016004 kB
MemFree:         3245044 kB
Active:           416808 kB
Mem:          3.8G       752M       3.1G       5.7M        54M       314M

MemTotal:        4016004 kB
MemFree:         3245480 kB
Active:           416780 kB
Mem:          3.8G       752M       3.1G       5.7M        54M       314M

MemTotal:        4016004 kB
MemFree:         3245604 kB
Active:           416796 kB
Mem:          3.8G       752M       3.1G       5.7M        54M       314M

MemTotal:        4016004 kB
MemFree:         3245604 kB
Active:           416792 kB
Mem:          3.8G       752M       3.1G       5.7M        54M       314M

MemTotal:        4016004 kB
MemFree:         3244984 kB
Active:           416808 kB
Mem:          3.8G       752M       3.1G       5.7M        54M       314M

MemTotal:        4016004 kB
MemFree:         3245356 kB
Active:           416808 kB
Mem:          3.8G       752M       3.1G       5.7M        54M       314M

MemTotal:        4016004 kB
MemFree:         3245604 kB
Active:           416760 kB
Mem:          3.8G       752M       3.1G       5.7M        54M       314M

MemTotal:        4016004 kB
MemFree:         3245232 kB
Active:           416808 kB
Mem:          3.8G       752M       3.1G       5.7M        54M       314M

MemTotal:        4016004 kB
MemFree:         3245480 kB
Active:           416780 kB
Mem:          3.8G       752M       3.1G       5.7M        54M       314M

MemTotal:        4016004 kB
MemFree:         3245480 kB
Active:           416784 kB
Mem:          3.8G       752M       3.1G       5.7M        54M       314M

MemTotal:        4016004 kB
MemFree:         3245480 kB
Active:           416796 kB
Mem:          3.8G       752M       3.1G       5.7M        54M       314M

MemTotal:        4016004 kB
MemFree:         3245100 kB
Active:           416828 kB
Mem:          3.8G       752M       3.1G       5.7M        54M       314M

MemTotal:        4016004 kB
MemFree:         3245332 kB
Active:           416816 kB
Mem:          3.8G       752M       3.1G       5.7M        54M       314M

MemTotal:        4016004 kB
MemFree:         3245316 kB
Active:           416828 kB
Mem:          3.8G       752M       3.1G       5.7M        55M       314M

MemTotal:        4016004 kB
MemFree:         3245800 kB
Active:           416820 kB
Mem:          3.8G       752M       3.1G       5.7M        55M       314M

MemTotal:        4016004 kB
MemFree:         3245800 kB
Active:           416796 kB
Mem:          3.8G       752M       3.1G       5.7M        55M       314M

MemTotal:        4016004 kB
MemFree:         3245552 kB
Active:           416808 kB
Mem:          3.8G       752M       3.1G       5.7M        55M       314M

MemTotal:        4016004 kB
MemFree:         3245304 kB
Active:           416840 kB
Mem:          3.8G       752M       3.1G       5.7M        55M       314M

MemTotal:        4016004 kB
MemFree:         3245676 kB
Active:           416828 kB
Mem:          3.8G       752M       3.1G       5.7M        55M       314M

MemTotal:        4016004 kB
MemFree:         3245800 kB
Active:           416836 kB
Mem:          3.8G       752M       3.1G       5.7M        55M       314M

MemTotal:        4016004 kB
MemFree:         3245784 kB
Active:           416796 kB
Mem:          3.8G       752M       3.1G       5.7M        55M       314M

MemTotal:        4016004 kB
MemFree:         3245272 kB
Active:           416852 kB
Mem:          3.8G       752M       3.1G       5.7M        55M       314M

MemTotal:        4016004 kB
MemFree:         3245752 kB
Active:           416800 kB
Mem:          3.8G       752M       3.1G       5.7M        55M       314M

MemTotal:        4016004 kB
MemFree:         3245860 kB
Active:           416800 kB
Mem:          3.8G       752M       3.1G       5.7M        55M       314M

MemTotal:        4016004 kB
MemFree:         3245224 kB
Active:           416860 kB
Mem:          3.8G       752M       3.1G       5.7M        55M       314M

MemTotal:        4016004 kB
MemFree:         3245332 kB
Active:           416828 kB
Mem:          3.8G       752M       3.1G       5.7M        55M       314M

MemTotal:        4016004 kB
MemFree:         3245316 kB
Active:           416828 kB
Mem:          3.8G       752M       3.1G       5.7M        55M       314M

MemTotal:        4016004 kB
MemFree:         3245548 kB
Active:           416812 kB
Mem:          3.8G       752M       3.1G       5.7M        55M       314M

MemTotal:        4016004 kB
MemFree:         3245532 kB
Active:           416816 kB
Mem:          3.8G       752M       3.1G       5.7M        55M       314M

MemTotal:        4016004 kB
MemFree:         3245516 kB
Active:           416824 kB
Mem:          3.8G       752M       3.1G       5.7M        55M       314M

MemTotal:        4016004 kB
MemFree:         3245688 kB
Active:           416816 kB
Mem:          3.8G       752M       3.1G       5.7M        55M       314M

MemTotal:        4016004 kB
MemFree:         3245192 kB
Active:           416872 kB
Mem:          3.8G       752M       3.1G       5.7M        55M       314M

MemTotal:        4016004 kB
MemFree:         3245052 kB
Active:           416888 kB
Mem:          3.8G       752M       3.1G       5.7M        55M       314M

MemTotal:        4016004 kB
MemFree:         3245052 kB
Active:           416888 kB
Mem:          3.8G       753M       3.1G       5.7M        55M       314M

MemTotal:        4016004 kB
MemFree:         3245052 kB
Active:           416880 kB
Mem:          3.8G       753M       3.1G       5.7M        55M       314M

MemTotal:        4016004 kB
MemFree:         3244680 kB
Active:           416888 kB
Mem:          3.8G       753M       3.1G       5.7M        55M       314M

MemTotal:        4016004 kB
MemFree:         3244680 kB
Active:           416892 kB
Mem:          3.8G       753M       3.1G       5.7M        55M       314M

MemTotal:        4016004 kB
MemFree:         3243128 kB
Active:           416816 kB
Mem:          3.8G       754M       3.1G       5.7M        55M       314M

MemTotal:        4016004 kB
MemFree:         3242880 kB
Active:           418924 kB
Mem:          3.8G       754M       3.1G       5.7M        55M       314M

MemTotal:        4016004 kB
MemFree:         3243004 kB
Active:           418920 kB
Mem:          3.8G       755M       3.1G       5.7M        55M       314M

MemTotal:        4016004 kB
MemFree:         3242740 kB
Active:           418916 kB
Mem:          3.8G       755M       3.1G       5.7M        55M       314M

MemTotal:        4016004 kB
MemFree:         3126956 kB
Active:           419672 kB
Mem:          3.8G       868M       3.0G       5.7M        55M       425M

MemTotal:        4016004 kB
MemFree:         3013504 kB
Active:           419680 kB
Mem:          3.8G       980M       2.9G       5.7M        55M       535M

MemTotal:        4016004 kB
MemFree:         2893572 kB
Active:           419684 kB
Mem:          3.8G       1.1G       2.8G       5.7M        55M       650M

MemTotal:        4016004 kB
MemFree:         2887868 kB
Active:           419640 kB
Mem:          3.8G       1.1G       2.8G       5.7M        55M       654M

MemTotal:        4016004 kB
MemFree:         2817992 kB
Active:           419684 kB
Mem:          3.8G       1.1G       2.7G       5.7M        55M       723M

MemTotal:        4016004 kB
MemFree:         2787488 kB
Active:           419672 kB
Mem:          3.8G       1.2G       2.7G       5.7M        55M       751M

MemTotal:        4016004 kB
MemFree:         2688716 kB
Active:           419704 kB
Mem:          3.8G       1.3G       2.6G       5.7M        55M       846M

MemTotal:        4016004 kB
MemFree:         2688592 kB
Active:           419708 kB
Mem:          3.8G       1.3G       2.6G       5.7M        55M       846M

MemTotal:        4016004 kB
MemFree:         2688400 kB
Active:           419712 kB
Mem:          3.8G       1.3G       2.6G       5.7M        55M       846M

MemTotal:        4016004 kB
MemFree:         2687192 kB
Active:           419668 kB
Mem:          3.8G       1.3G       2.6G       5.7M        55M       847M

MemTotal:        4016004 kB
MemFree:         2685092 kB
Active:           419732 kB
Mem:          3.8G       1.3G       2.6G       5.7M        55M       849M

MemTotal:        4016004 kB
MemFree:         2662340 kB
Active:           419712 kB
Mem:          3.8G       1.3G       2.5G       5.7M        55M       871M

MemTotal:        4016004 kB
MemFree:         2549384 kB
Active:           419740 kB
Mem:          3.8G       1.4G       2.4G       5.7M        55M       982M

MemTotal:        4016004 kB
MemFree:         2416276 kB
Active:           419748 kB
Mem:          3.8G       1.5G       2.3G       5.7M        55M       1.1G

MemTotal:        4016004 kB
MemFree:         2335784 kB
Active:           419756 kB
Mem:          3.8G       1.6G       2.2G       5.7M        55M       1.2G

MemTotal:        4016004 kB
MemFree:         2316548 kB
Active:           419764 kB
Mem:          3.8G       1.6G       2.2G       5.7M        55M       1.2G

MemTotal:        4016004 kB
MemFree:         2235908 kB
Active:           419772 kB
Mem:          3.8G       1.7G       2.1G       5.7M        55M       1.3G

MemTotal:        4016004 kB
MemFree:         2222820 kB
Active:           419736 kB
Mem:          3.8G       1.7G       2.1G       5.7M        55M       1.3G

MemTotal:        4016004 kB
MemFree:         2136160 kB
Active:           419756 kB
Mem:          3.8G       1.8G       2.0G       5.7M        55M       1.3G

MemTotal:        4016004 kB
MemFree:         2127000 kB
Active:           419764 kB
Mem:          3.8G       1.8G       2.0G       5.7M        55M       1.4G

MemTotal:        4016004 kB
MemFree:         2037036 kB
Active:           419788 kB
Mem:          3.8G       1.9G       1.9G       5.7M        55M       1.4G

MemTotal:        4016004 kB
MemFree:         2036900 kB
Active:           419800 kB
Mem:          3.8G       1.9G       1.9G       5.7M        55M       1.4G

MemTotal:        4016004 kB
MemFree:         2037060 kB
Active:           419792 kB
Mem:          3.8G       1.9G       1.9G       5.7M        55M       1.4G

MemTotal:        4016004 kB
MemFree:         2037060 kB
Active:           419836 kB
Mem:          3.8G       1.9G       1.9G       5.7M        55M       1.4G

MemTotal:        4016004 kB
MemFree:         2037376 kB
Active:           419828 kB
Mem:          3.8G       1.9G       1.9G       5.7M        55M       1.4G

MemTotal:        4016004 kB
MemFree:         1961688 kB
Active:           419852 kB
Mem:          3.8G       2.0G       1.9G       5.7M        55M       1.5G

MemTotal:        4016004 kB
MemFree:         1826612 kB
Active:           419852 kB
Mem:          3.8G       2.1G       1.7G       5.7M        55M       1.6G

MemTotal:        4016004 kB
MemFree:         1708044 kB
Active:           419852 kB
Mem:          3.8G       2.2G       1.6G       5.7M        55M       1.7G

MemTotal:        4016004 kB
MemFree:         1678164 kB
Active:           419860 kB
Mem:          3.8G       2.2G       1.6G       5.7M        55M       1.8G

MemTotal:        4016004 kB
MemFree:         1593768 kB
Active:           419852 kB
Mem:          3.8G       2.3G       1.5G       5.7M        55M       1.9G

MemTotal:        4016004 kB
MemFree:         1592904 kB
Active:           419844 kB
Mem:          3.8G       2.3G       1.5G       5.7M        55M       1.9G

MemTotal:        4016004 kB
MemFree:         1511312 kB
Active:           419828 kB
Mem:          3.8G       2.4G       1.4G       5.7M        55M       1.9G

MemTotal:        4016004 kB
MemFree:         1490588 kB
Active:           419868 kB
Mem:          3.8G       2.4G       1.4G       5.7M        55M       2.0G

MemTotal:        4016004 kB
MemFree:         1427500 kB
Active:           419872 kB
Mem:          3.8G       2.5G       1.4G       5.7M        55M       2.0G

MemTotal:        4016004 kB
MemFree:         1426472 kB
Active:           419844 kB
Mem:          3.8G       2.5G       1.4G       5.7M        55M       2.0G

MemTotal:        4016004 kB
MemFree:         1425480 kB
Active:           419892 kB
Mem:          3.8G       2.5G       1.4G       5.7M        55M       2.0G

MemTotal:        4016004 kB
MemFree:         1423264 kB
Active:           417824 kB
Mem:          3.8G       2.5G       1.4G       5.7M        55M       2.0G

MemTotal:        4016004 kB
MemFree:         1350676 kB
Active:           419900 kB
Mem:          3.8G       2.5G       1.3G       5.7M        55M       2.1G

MemTotal:        4016004 kB
MemFree:         1306672 kB
Active:           419908 kB
Mem:          3.8G       2.6G       1.2G       5.7M        55M       2.1G

MemTotal:        4016004 kB
MemFree:         1175944 kB
Active:           419912 kB
Mem:          3.8G       2.7G       1.1G       5.7M        55M       2.2G

MemTotal:        4016004 kB
MemFree:         1076588 kB
Active:           419916 kB
Mem:          3.8G       2.8G       1.0G       5.7M        55M       2.3G

MemTotal:        4016004 kB
MemFree:         1065924 kB
Active:           419912 kB
Mem:          3.8G       2.8G       1.0G       5.7M        55M       2.4G

MemTotal:        4016004 kB
MemFree:          993380 kB
Active:           419880 kB
Mem:          3.8G       2.9G       969M       5.7M        55M       2.4G

MemTotal:        4016004 kB
MemFree:          962392 kB
Active:           419988 kB
Mem:          3.8G       2.9G       938M       5.7M        55M       2.4G

MemTotal:        4016004 kB
MemFree:          912488 kB
Active:           419940 kB
Mem:          3.8G       3.0G       890M       5.7M        55M       2.5G

MemTotal:        4016004 kB
MemFree:          911444 kB
Active:           419904 kB
Mem:          3.8G       3.0G       890M       5.7M        55M       2.5G

MemTotal:        4016004 kB
MemFree:          829184 kB
Active:           419912 kB
Mem:          3.8G       3.0G       809M       5.7M        55M       2.6G

MemTotal:        4016004 kB
MemFree:          764032 kB
Active:           419940 kB
Mem:          3.8G       3.1G       746M       5.7M        55M       2.6G

MemTotal:        4016004 kB
MemFree:          763960 kB
Active:           419964 kB
Mem:          3.8G       3.1G       746M       5.7M        55M       2.6G

MemTotal:        4016004 kB
MemFree:          763900 kB
Active:           419984 kB
Mem:          3.8G       3.1G       746M       5.7M        55M       2.6G

MemTotal:        4016004 kB
MemFree:          761936 kB
Active:           419960 kB
Mem:          3.8G       3.1G       744M       5.7M        55M       2.6G

MemTotal:        4016004 kB
MemFree:          734968 kB
Active:           419952 kB
Mem:          3.8G       3.1G       715M       5.7M        55M       2.7G

MemTotal:        4016004 kB
MemFree:          600776 kB
Active:           419972 kB
Mem:          3.8G       3.3G       584M       5.7M        55M       2.8G

MemTotal:        4016004 kB
MemFree:          473636 kB
Active:           419988 kB
Mem:          3.8G       3.4G       460M       5.7M        55M       2.9G

MemTotal:        4016004 kB
MemFree:          404780 kB
Active:           419996 kB
Mem:          3.8G       3.4G       395M       5.7M        55M       3.0G

MemTotal:        4016004 kB
MemFree:          348048 kB
Active:           420020 kB
Mem:          3.8G       3.5G       337M       5.7M        55M       3.0G

MemTotal:        4016004 kB
MemFree:          338360 kB
Active:           420032 kB
Mem:          3.8G       3.5G       330M       5.7M        55M       3.0G

MemTotal:        4016004 kB
MemFree:          263728 kB
Active:           420032 kB
Mem:          3.8G       3.6G       257M       5.7M        55M       3.1G

MemTotal:        4016004 kB
MemFree:          219056 kB
Active:           420036 kB
Mem:          3.8G       3.6G       211M       5.7M        55M       3.1G

MemTotal:        4016004 kB
MemFree:          195840 kB
Active:           420036 kB
Mem:          3.8G       3.6G       191M       5.7M        55M       3.2G

MemTotal:        4016004 kB
MemFree:          131036 kB
Active:           420044 kB
Mem:          3.8G       3.7G       127M       5.7M        55M       3.2G

MemTotal:        4016004 kB
MemFree:          129896 kB
Active:           420028 kB
Mem:          3.8G       3.7G       126M       5.7M        55M       3.2G

MemTotal:        4016004 kB
MemFree:          128780 kB
Active:           420064 kB
Mem:          3.8G       3.7G       125M       5.7M        55M       3.2G

MemTotal:        4016004 kB
MemFree:          128504 kB
Active:           420060 kB
Mem:          3.8G       3.7G       125M       5.7M        55M       3.2G

MemTotal:        4016004 kB
MemFree:          126216 kB
Active:           420068 kB
Mem:          3.8G       3.7G       123M       5.7M        55M       3.2G

MemTotal:        4016004 kB
MemFree:          115636 kB
Active:           434276 kB
Mem:          3.8G       3.7G       134M       5.7M        19M       3.3G

MemTotal:        4016004 kB
MemFree:          137408 kB
Active:           446784 kB
Mem:          3.8G       3.7G       133M       5.7M        19M       3.3G

MemTotal:        4016004 kB
MemFree:          134700 kB
Active:           441792 kB
Mem:          3.8G       3.7G       131M       5.7M        19M       3.3G

MemTotal:        4016004 kB
MemFree:          146532 kB
Active:           439516 kB
Mem:          3.8G       3.7G       142M       5.7M        19M       3.2G

MemTotal:        4016004 kB
MemFree:          145608 kB
Active:           439520 kB
Mem:          3.8G       3.7G       142M       5.7M        19M       3.2G

MemTotal:        4016004 kB
MemFree:          145252 kB
Active:           439512 kB
Mem:          3.8G       3.7G       141M       5.7M        19M       3.2G

MemTotal:        4016004 kB
MemFree:          143992 kB
Active:           439504 kB
Mem:          3.8G       3.7G       140M       5.7M        19M       3.3G

MemTotal:        4016004 kB
MemFree:          144028 kB
Active:           439544 kB
Mem:          3.8G       3.7G       140M       5.7M        19M       3.3G

MemTotal:        4016004 kB
MemFree:          137904 kB
Active:           437756 kB
Mem:          3.8G       3.7G       132M       5.7M        19M       3.3G

MemTotal:        4016004 kB
MemFree:          134612 kB
Active:           432904 kB
Mem:          3.8G       3.7G       128M       5.7M        19M       3.3G

MemTotal:        4016004 kB
MemFree:          135860 kB
Active:           427444 kB
Mem:          3.8G       3.7G       131M       5.7M        19M       3.3G

MemTotal:        4016004 kB
MemFree:          142892 kB
Active:           425904 kB
Mem:          3.8G       3.7G       139M       5.7M        19M       3.3G

MemTotal:        4016004 kB
MemFree:          135788 kB
Active:           422244 kB
Mem:          3.8G       3.7G       132M       5.7M        19M       3.3G

MemTotal:        4016004 kB
MemFree:          136080 kB
Active:           420848 kB
Mem:          3.8G       3.7G       132M       5.7M        19M       3.3G

MemTotal:        4016004 kB
MemFree:          117732 kB
Active:           420340 kB
Mem:          3.8G       3.7G       113M       5.7M        19M       3.3G

MemTotal:        4016004 kB
MemFree:          113924 kB
Active:           419188 kB
Mem:          3.8G       3.7G       111M       5.7M        19M       3.3G

MemTotal:        4016004 kB
MemFree:          138608 kB
Active:           414256 kB
Mem:          3.8G       3.7G       135M       5.7M        19M       3.3G

MemTotal:        4016004 kB
MemFree:          138604 kB
Active:           414272 kB
Mem:          3.8G       3.7G       135M       5.7M        19M       3.3G

MemTotal:        4016004 kB
MemFree:          137076 kB
Active:           412432 kB
Mem:          3.8G       3.7G       134M       5.7M        19M       3.3G

MemTotal:        4016004 kB
MemFree:          137852 kB
Active:           414300 kB
Mem:          3.8G       3.7G       134M       5.7M        19M       3.3G

MemTotal:        4016004 kB
MemFree:          137988 kB
Active:           414260 kB
Mem:          3.8G       3.7G       135M       5.7M        19M       3.3G

MemTotal:        4016004 kB
MemFree:          133132 kB
Active:           411068 kB
Mem:          3.8G       3.7G       126M       5.7M        19M       3.3G

MemTotal:        4016004 kB
MemFree:          128164 kB
Active:           406056 kB
Mem:          3.8G       3.7G       124M       5.7M        19M       3.3G

MemTotal:        4016004 kB
MemFree:          123304 kB
Active:           403128 kB
Mem:          3.8G       3.7G       119M       5.7M        19M       3.3G

MemTotal:        4016004 kB
MemFree:          146264 kB
Active:           401432 kB
Mem:          3.8G       3.7G       142M       5.7M        19M       3.2G

MemTotal:        4016004 kB
MemFree:          144476 kB
Active:           401316 kB
Mem:          3.8G       3.7G       141M       5.7M        19M       3.2G

MemTotal:        4016004 kB
MemFree:          112932 kB
Active:           398540 kB
Mem:          3.8G       3.7G       107M       5.7M        19M       3.3G

MemTotal:        4016004 kB
MemFree:          107856 kB
Active:           398416 kB
Mem:          3.8G       3.7G       105M       5.7M        19M       3.3G

MemTotal:        4016004 kB
MemFree:          133396 kB
Active:           394704 kB
Mem:          3.8G       3.7G       128M       5.7M        19M       3.3G

MemTotal:        4016004 kB
MemFree:          134472 kB
Active:           393308 kB
Mem:          3.8G       3.7G       131M       5.7M        19M       3.3G

MemTotal:        4016004 kB
MemFree:          133096 kB
Active:           393316 kB
Mem:          3.8G       3.7G       129M       5.7M        19M       3.3G

MemTotal:        4016004 kB
MemFree:          132024 kB
Active:           393328 kB
Mem:          3.8G       3.7G       128M       5.7M        19M       3.3G

MemTotal:        4016004 kB
MemFree:          131288 kB
Active:           393332 kB
Mem:          3.8G       3.7G       128M       5.7M        19M       3.3G

MemTotal:        4016004 kB
MemFree:          131100 kB
Active:           393332 kB
Mem:          3.8G       3.7G       128M       5.7M        19M       3.3G

MemTotal:        4016004 kB
MemFree:          122120 kB
Active:           389748 kB
Mem:          3.8G       3.7G       116M       5.7M        19M       3.3G

MemTotal:        4016004 kB
MemFree:          129068 kB
Active:           385148 kB
Mem:          3.8G       3.7G       124M       5.7M        19M       3.3G

MemTotal:        4016004 kB
MemFree:          133656 kB
Active:           382076 kB
Mem:          3.8G       3.7G       129M       5.7M        19M       3.3G

MemTotal:        4016004 kB
MemFree:          125376 kB
Active:           382072 kB
Mem:          3.8G       3.7G       122M       5.7M        19M       3.3G

MemTotal:        4016004 kB
MemFree:          105128 kB
Active:           380800 kB
Mem:          3.8G       3.7G       102M       5.7M        19M       3.3G

MemTotal:        4016004 kB
MemFree:          139452 kB
Active:           379388 kB
Mem:          3.8G       3.7G       132M       5.7M        19M       3.3G

MemTotal:        4016004 kB
MemFree:          121816 kB
Active:           378752 kB
Mem:          3.8G       3.7G       118M       5.7M        19M       3.3G

MemTotal:        4016004 kB
MemFree:          134572 kB
Active:           377440 kB
Mem:          3.8G       3.7G       129M       5.7M        19M       3.3G

MemTotal:        4016004 kB
MemFree:          112784 kB
Active:           377472 kB
Mem:          3.8G       3.7G       109M       5.7M        19M       3.3G

MemTotal:        4016004 kB
MemFree:          110828 kB
Active:           377488 kB
Mem:          3.8G       3.7G       108M       5.7M        19M       3.3G

MemTotal:        4016004 kB
MemFree:          111076 kB
Active:           377488 kB
Mem:          3.8G       3.7G       108M       5.7M        19M       3.3G

MemTotal:        4016004 kB
MemFree:          111172 kB
Active:           377488 kB
Mem:          3.8G       3.7G       108M       5.7M        19M       3.3G

MemTotal:        4016004 kB
MemFree:          104864 kB
Active:           375188 kB
Mem:          3.8G       3.7G       125M       5.7M        19M       3.3G

MemTotal:        4016004 kB
MemFree:          130156 kB
Active:           369336 kB
Mem:          3.8G       3.7G       125M       5.7M        19M       3.3G

MemTotal:        4016004 kB
MemFree:          128656 kB
Active:           366556 kB
Mem:          3.8G       3.7G       124M       5.7M        20M       3.3G

MemTotal:        4016004 kB
MemFree:          104736 kB
Active:           365796 kB
Mem:          3.8G       3.7G       125M       5.7M        20M       3.3G

MemTotal:        4016004 kB
MemFree:          121188 kB
Active:           362864 kB
Mem:          3.8G       3.7G       118M       5.7M        20M       3.3G

MemTotal:        4016004 kB
MemFree:          115024 kB
Active:           362852 kB
Mem:          3.8G       3.7G       108M       5.7M        20M       3.3G

MemTotal:        4016004 kB
MemFree:          126492 kB
Active:           362864 kB
Mem:          3.8G       3.7G       123M       5.7M        20M       3.3G

MemTotal:        4016004 kB
MemFree:          126036 kB
Active:           362896 kB
Mem:          3.8G       3.7G       123M       5.7M        20M       3.3G

MemTotal:        4016004 kB
MemFree:          122932 kB
Active:           361072 kB
Mem:          3.8G       3.7G       119M       5.7M        20M       3.3G

MemTotal:        4016004 kB
MemFree:          121600 kB
Active:           360840 kB
Mem:          3.8G       3.7G       118M       5.7M        20M       3.3G

MemTotal:        4016004 kB
MemFree:          120424 kB
Active:           360892 kB
Mem:          3.8G       3.7G       117M       5.7M        20M       3.3G

MemTotal:        4016004 kB
MemFree:          119468 kB
Active:           360908 kB
Mem:          3.8G       3.7G       116M       5.7M        20M       3.3G

MemTotal:        4016004 kB
MemFree:          125276 kB
Active:           360804 kB
Mem:          3.8G       3.7G       122M       5.7M        20M       3.3G

MemTotal:        4016004 kB
MemFree:          123428 kB
Active:           360856 kB
Mem:          3.8G       3.7G       119M       5.7M        20M       3.3G

MemTotal:        4016004 kB
MemFree:          122260 kB
Active:           360916 kB
Mem:          3.8G       3.7G       117M       5.7M        20M       3.3G

MemTotal:        4016004 kB
MemFree:          127732 kB
Active:           360916 kB
Mem:          3.8G       3.7G       124M       5.7M        20M       3.3G

MemTotal:        4016004 kB
MemFree:          128804 kB
Active:           360896 kB
Mem:          3.8G       3.7G       123M       5.7M        20M       3.3G

MemTotal:        4016004 kB
MemFree:          131708 kB
Active:           360928 kB
Mem:          3.8G       3.7G       128M       5.7M        20M       3.3G

MemTotal:        4016004 kB
MemFree:          132632 kB
Active:           360988 kB
Mem:          3.8G       3.7G       129M       5.7M        20M       3.3G

MemTotal:        4016004 kB
MemFree:          131648 kB
Active:           361020 kB
Mem:          3.8G       3.7G       128M       5.7M        20M       3.3G

MemTotal:        4016004 kB
MemFree:          130368 kB
Active:           360972 kB
Mem:          3.8G       3.7G       127M       5.7M        20M       3.3G

MemTotal:        4016004 kB
MemFree:          129640 kB
Active:           360872 kB
Mem:          3.8G       3.7G       126M       5.7M        20M       3.3G

MemTotal:        4016004 kB
MemFree:          128340 kB
Active:           360244 kB
Mem:          3.8G       3.7G       125M       5.7M        20M       3.3G

MemTotal:        4016004 kB
MemFree:          127520 kB
Active:           362344 kB
Mem:          3.8G       3.7G       124M       5.7M        20M       3.3G

MemTotal:        4016004 kB
MemFree:          126052 kB
Active:           360484 kB
Mem:          3.8G       3.7G       122M       5.7M        20M       3.3G

MemTotal:        4016004 kB
MemFree:          125804 kB
Active:           360252 kB
Mem:          3.8G       3.7G       124M       5.7M        20M       3.3G

MemTotal:        4016004 kB
MemFree:          141236 kB
Active:           359216 kB
Mem:          3.8G       3.7G       138M       5.7M        20M       3.2G

MemTotal:        4016004 kB
MemFree:          128760 kB
Active:           359104 kB
Mem:          3.8G       3.7G       129M       5.7M        20M       3.3G

MemTotal:        4016004 kB
MemFree:          133120 kB
Active:           359104 kB
Mem:          3.8G       3.7G       129M       5.7M        20M       3.3G

MemTotal:        4016004 kB
MemFree:          128332 kB
Active:           359104 kB
Mem:          3.8G       3.7G       125M       5.7M        20M       3.3G

MemTotal:        4016004 kB
MemFree:          125108 kB
Active:           359112 kB
Mem:          3.8G       3.7G       121M       5.7M        20M       3.3G

MemTotal:        4016004 kB
MemFree:          136408 kB
Active:           357204 kB
Mem:          3.8G       3.7G       133M       5.7M        20M       3.3G

MemTotal:        4016004 kB
MemFree:          135684 kB
Active:           359220 kB
Mem:          3.8G       3.7G       132M       5.7M        20M       3.3G

MemTotal:        4016004 kB
MemFree:          133888 kB
Active:           359236 kB
Mem:          3.8G       3.7G       130M       5.7M        20M       3.3G

MemTotal:        4016004 kB
MemFree:          134144 kB
Active:           359236 kB
Mem:          3.8G       3.7G       130M       5.7M        20M       3.3G

MemTotal:        4016004 kB
MemFree:          122936 kB
Active:           358476 kB
Mem:          3.8G       3.7G       142M       5.7M        20M       3.2G

MemTotal:        4016004 kB
MemFree:          116404 kB
Active:           355796 kB
Mem:          3.8G       3.7G       112M       5.7M        20M       3.3G

MemTotal:        4016004 kB
MemFree:          114504 kB
Active:           355796 kB
Mem:          3.8G       3.7G       109M       5.7M        20M       3.3G

MemTotal:        4016004 kB
MemFree:          120236 kB
Active:           355796 kB
Mem:          3.8G       3.7G       117M       5.7M        20M       3.3G

MemTotal:        4016004 kB
MemFree:          126888 kB
Active:           353080 kB
Mem:          3.8G       3.7G       121M       5.7M        20M       3.3G

MemTotal:        4016004 kB
MemFree:          126044 kB
Active:           352968 kB
Mem:          3.8G       3.7G       123M       5.7M        20M       3.3G

MemTotal:        4016004 kB
MemFree:          135104 kB
Active:           352960 kB
Mem:          3.8G       3.7G       129M       5.7M        20M       3.3G

MemTotal:        4016004 kB
MemFree:          139224 kB
Active:           352968 kB
Mem:          3.8G       3.7G       135M       5.7M        20M       3.2G

MemTotal:        4016004 kB
MemFree:          109452 kB
Active:           352968 kB
Mem:          3.8G       3.7G       106M       5.7M        20M       3.3G

MemTotal:        4016004 kB
MemFree:          108152 kB
Active:           352944 kB
Mem:          3.8G       3.7G       105M       5.7M        20M       3.3G

MemTotal:        4016004 kB
MemFree:          108000 kB
Active:           352984 kB
Mem:          3.8G       3.7G       105M       5.7M        20M       3.3G

MemTotal:        4016004 kB
MemFree:          108160 kB
Active:           352984 kB
Mem:          3.8G       3.7G       105M       5.7M        20M       3.3G

MemTotal:        4016004 kB
MemFree:          129992 kB
Active:           353000 kB
Mem:          3.8G       3.7G       126M       5.7M        20M       3.3G

MemTotal:        4016004 kB
MemFree:          109020 kB
Active:           353004 kB
Mem:          3.8G       3.7G       105M       5.7M        20M       3.3G

MemTotal:        4016004 kB
MemFree:          116800 kB
Active:           347644 kB
Mem:          3.8G       3.7G       135M       5.7M        20M       3.2G

MemTotal:        4016004 kB
MemFree:          128416 kB
Active:           347648 kB
Mem:          3.8G       3.7G       123M       5.7M        20M       3.3G

MemTotal:        4016004 kB
MemFree:          132600 kB
Active:           347648 kB
Mem:          3.8G       3.7G       128M       5.7M        20M       3.3G

MemTotal:        4016004 kB
MemFree:          137004 kB
Active:           347056 kB
Mem:          3.8G       3.7G       132M       5.7M        20M       3.2G

MemTotal:        4016004 kB
MemFree:          149064 kB
Active:           346868 kB
Mem:          3.8G       3.7G       145M       5.7M        20M       3.2G

MemTotal:        4016004 kB
MemFree:          144532 kB
Active:           346876 kB
Mem:          3.8G       3.7G       140M       5.7M        20M       3.2G

MemTotal:        4016004 kB
MemFree:          143964 kB
Active:           346872 kB
Mem:          3.8G       3.7G       140M       5.7M        20M       3.2G

MemTotal:        4016004 kB
MemFree:          144156 kB
Active:           346888 kB
Mem:          3.8G       3.7G       140M       5.7M        20M       3.2G

MemTotal:        4016004 kB
MemFree:          144280 kB
Active:           346892 kB
Mem:          3.8G       3.7G       140M       5.7M        20M       3.2G

MemTotal:        4016004 kB
MemFree:          144348 kB
Active:           346836 kB
Mem:          3.8G       3.7G       140M       5.7M        20M       3.2G

MemTotal:        4016004 kB
MemFree:          127480 kB
Active:           346872 kB
Mem:          3.8G       3.7G       124M       5.7M        20M       3.3G

MemTotal:        4016004 kB
MemFree:          126948 kB
Active:           346900 kB
Mem:          3.8G       3.7G       123M       5.7M        20M       3.3G

MemTotal:        4016004 kB
MemFree:          126920 kB
Active:           346884 kB
Mem:          3.8G       3.7G       123M       5.7M        20M       3.3G

MemTotal:        4016004 kB
MemFree:          126960 kB
Active:           346908 kB
Mem:          3.8G       3.7G       124M       5.7M        20M       3.3G

MemTotal:        4016004 kB
MemFree:          134972 kB
Active:           346896 kB
Mem:          3.8G       3.7G       134M       5.7M        20M       3.2G

MemTotal:        4016004 kB
MemFree:          145336 kB
Active:           345296 kB
Mem:          3.8G       3.7G       140M       5.7M        20M       3.2G

MemTotal:        4016004 kB
MemFree:          124604 kB
Active:           345168 kB
Mem:          3.8G       3.7G       120M       5.7M        20M       3.3G

MemTotal:        4016004 kB
MemFree:          133792 kB
Active:           345192 kB
Mem:          3.8G       3.7G       130M       5.7M        20M       3.3G

MemTotal:        4016004 kB
MemFree:          132140 kB
Active:           345196 kB
Mem:          3.8G       3.7G       129M       5.7M        20M       3.3G

MemTotal:        4016004 kB
MemFree:          125752 kB
Active:           345164 kB
Mem:          3.8G       3.7G       121M       5.7M        20M       3.3G

MemTotal:        4016004 kB
MemFree:          138216 kB
Active:           345168 kB
Mem:          3.8G       3.7G       134M       5.7M        20M       3.2G

MemTotal:        4016004 kB
MemFree:          125180 kB
Active:           345156 kB
Mem:          3.8G       3.7G       121M       5.7M        20M       3.3G

MemTotal:        4016004 kB
MemFree:          145400 kB
Active:           344320 kB
Mem:          3.8G       3.7G       141M       5.7M        20M       3.2G

MemTotal:        4016004 kB
MemFree:          144692 kB
Active:           344184 kB
Mem:          3.8G       3.7G       141M       5.7M        20M       3.2G

MemTotal:        4016004 kB
MemFree:          143796 kB
Active:           344228 kB
Mem:          3.8G       3.7G       140M       5.7M        20M       3.2G

MemTotal:        4016004 kB
MemFree:          143492 kB
Active:           344196 kB
Mem:          3.8G       3.7G       139M       5.7M        20M       3.2G

MemTotal:        4016004 kB
MemFree:          142596 kB
Active:           344232 kB
Mem:          3.8G       3.7G       139M       5.7M        20M       3.2G

MemTotal:        4016004 kB
MemFree:          131560 kB
Active:           344248 kB
Mem:          3.8G       3.7G       127M       5.7M        20M       3.3G

MemTotal:        4016004 kB
MemFree:          126420 kB
Active:           344256 kB
Mem:          3.8G       3.7G       121M       5.7M        20M       3.3G

MemTotal:        4016004 kB
MemFree:          128504 kB
Active:           344256 kB
Mem:          3.8G       3.7G       124M       5.7M        20M       3.3G

MemTotal:        4016004 kB
MemFree:          131896 kB
Active:           344260 kB
Mem:          3.8G       3.7G       126M       5.7M        20M       3.3G

MemTotal:        4016004 kB
MemFree:          130108 kB
Active:           344260 kB
Mem:          3.8G       3.7G       126M       5.7M        20M       3.3G

MemTotal:        4016004 kB
MemFree:          116896 kB
Active:           345240 kB
Mem:          3.8G       3.7G       112M       5.7M        20M       3.3G

MemTotal:        4016004 kB
MemFree:          130644 kB
Active:           345016 kB
Mem:          3.8G       3.7G       127M       5.7M        20M       3.3G

MemTotal:        4016004 kB
MemFree:          121796 kB
Active:           342768 kB
Mem:          3.8G       3.7G       118M       5.7M        20M       3.3G

MemTotal:        4016004 kB
MemFree:          122324 kB
Active:           342716 kB
Mem:          3.8G       3.7G       119M       5.7M        20M       3.3G

MemTotal:        4016004 kB
MemFree:          121380 kB
Active:           342740 kB
Mem:          3.8G       3.7G       118M       5.7M        20M       3.3G

MemTotal:        4016004 kB
MemFree:          120460 kB
Active:           342740 kB
Mem:          3.8G       3.7G       117M       5.7M        20M       3.3G

MemTotal:        4016004 kB
MemFree:          120556 kB
Active:           342724 kB
Mem:          3.8G       3.7G       117M       5.7M        20M       3.3G

MemTotal:        4016004 kB
MemFree:          112108 kB
Active:           342744 kB
Mem:          3.8G       3.7G       107M       5.7M        20M       3.3G

MemTotal:        4016004 kB
MemFree:          126956 kB
Active:           342628 kB
Mem:          3.8G       3.7G       123M       5.7M        20M       3.3G

MemTotal:        4016004 kB
MemFree:          105612 kB
Active:           342628 kB
Mem:          3.8G       3.7G       124M       5.7M        20M       3.3G

MemTotal:        4016004 kB
MemFree:          105308 kB
Active:           342912 kB
Mem:          3.8G       3.7G       102M       5.7M        20M       3.3G

MemTotal:        4016004 kB
MemFree:          137096 kB
Active:           342304 kB
Mem:          3.8G       3.7G       132M       5.7M        20M       3.2G

MemTotal:        4016004 kB
MemFree:          133072 kB
Active:           342320 kB
Mem:          3.8G       3.7G       128M       5.7M        20M       3.2G

MemTotal:        4016004 kB
MemFree:          136156 kB
Active:           338636 kB
Mem:          3.8G       3.7G       132M       5.7M        20M       3.2G

MemTotal:        4016004 kB
MemFree:          121472 kB
Active:           338432 kB
Mem:          3.8G       3.7G       118M       5.7M        20M       3.3G

MemTotal:        4016004 kB
MemFree:          120092 kB
Active:           338436 kB
Mem:          3.8G       3.7G       117M       5.7M        20M       3.3G

MemTotal:        4016004 kB
MemFree:          118968 kB
Active:           338420 kB
Mem:          3.8G       3.7G       116M       5.7M        20M       3.3G

MemTotal:        4016004 kB
MemFree:          119156 kB
Active:           338412 kB
Mem:          3.8G       3.7G       116M       5.7M        20M       3.3G

MemTotal:        4016004 kB
MemFree:          109208 kB
Active:           338428 kB
Mem:          3.8G       3.7G       103M       5.7M        20M       3.3G

MemTotal:        4016004 kB
MemFree:          119748 kB
Active:           338452 kB
Mem:          3.8G       3.7G       114M       5.7M        20M       3.3G

MemTotal:        4016004 kB
MemFree:          128024 kB
Active:           338452 kB
Mem:          3.8G       3.7G       123M       5.7M        20M       3.3G

MemTotal:        4016004 kB
MemFree:          139920 kB
Active:           338456 kB
Mem:          3.8G       3.7G       136M       5.7M        20M       3.2G

MemTotal:        4016004 kB
MemFree:          128148 kB
Active:           338428 kB
Mem:          3.8G       3.7G       125M       5.7M        20M       3.3G

MemTotal:        4016004 kB
MemFree:          114812 kB
Active:           338476 kB
Mem:          3.8G       3.7G       111M       5.7M        20M       3.3G

MemTotal:        4016004 kB
MemFree:          117816 kB
Active:           338476 kB
Mem:          3.8G       3.7G       113M       5.7M        20M       3.3G

MemTotal:        4016004 kB
MemFree:          130648 kB
Active:           338480 kB
Mem:          3.8G       3.7G       127M       5.7M        20M       3.2G

MemTotal:        4016004 kB
MemFree:          127204 kB
Active:           338480 kB
Mem:          3.8G       3.7G       124M       5.7M        20M       3.3G

MemTotal:        4016004 kB
MemFree:          125804 kB
Active:           338492 kB
Mem:          3.8G       3.7G       122M       5.7M        20M       3.3G

MemTotal:        4016004 kB
MemFree:          126056 kB
Active:           338488 kB
Mem:          3.8G       3.7G       122M       5.7M        20M       3.3G

MemTotal:        4016004 kB
MemFree:          126028 kB
Active:           338496 kB
Mem:          3.8G       3.7G       123M       5.7M        20M       3.3G

MemTotal:        4016004 kB
MemFree:          122628 kB
Active:           336476 kB
Mem:          3.8G       3.7G       117M       5.7M        20M       3.3G

MemTotal:        4016004 kB
MemFree:          126712 kB
Active:           336372 kB
Mem:          3.8G       3.7G       122M       5.7M        20M       3.3G

MemTotal:        4016004 kB
MemFree:          124564 kB
Active:           336360 kB
Mem:          3.8G       3.7G       119M       5.7M        20M       3.3G

MemTotal:        4016004 kB
MemFree:          128300 kB
Active:           336340 kB
Mem:          3.8G       3.7G       122M       5.7M        20M       3.3G

MemTotal:        4016004 kB
MemFree:          128732 kB
Active:           336380 kB
Mem:          3.8G       3.7G       124M       5.7M        20M       3.3G

MemTotal:        4016004 kB
MemFree:          122080 kB
Active:           336380 kB
Mem:          3.8G       3.7G       117M       5.7M        20M       3.3G

MemTotal:        4016004 kB
MemFree:          135172 kB
Active:           336364 kB
Mem:          3.8G       3.7G       131M       5.7M        20M       3.2G

MemTotal:        4016004 kB
MemFree:          133924 kB
Active:           336228 kB
Mem:          3.8G       3.7G       130M       5.7M        20M       3.2G

MemTotal:        4016004 kB
MemFree:          134208 kB
Active:           336072 kB
Mem:          3.8G       3.7G       131M       5.7M        20M       3.2G

MemTotal:        4016004 kB
MemFree:          134596 kB
Active:           336080 kB
Mem:          3.8G       3.7G       131M       5.7M        20M       3.2G

MemTotal:        4016004 kB
MemFree:          132548 kB
Active:           336048 kB
Mem:          3.8G       3.7G       129M       5.7M        20M       3.2G

MemTotal:        4016004 kB
MemFree:          132796 kB
Active:           338088 kB
Mem:          3.8G       3.7G       129M       5.7M        20M       3.2G

MemTotal:        4016004 kB
MemFree:          132796 kB
Active:           338076 kB
Mem:          3.8G       3.7G       129M       5.7M        20M       3.2G

MemTotal:        4016004 kB
MemFree:          132276 kB
Active:           338124 kB
Mem:          3.8G       3.7G       129M       5.7M        20M       3.2G

MemTotal:        4016004 kB
MemFree:          132308 kB
Active:           338096 kB
Mem:          3.8G       3.7G       129M       5.7M        20M       3.2G

MemTotal:        4016004 kB
MemFree:          132408 kB
Active:           338104 kB
Mem:          3.8G       3.7G       129M       5.7M        20M       3.2G

MemTotal:        4016004 kB
MemFree:          132068 kB
Active:           338140 kB
Mem:          3.8G       3.7G       128M       5.7M        20M       3.2G

MemTotal:        4016004 kB
MemFree:          131824 kB
Active:           338144 kB
Mem:          3.8G       3.7G       128M       5.7M        20M       3.2G

MemTotal:        4016004 kB
MemFree:          132196 kB
Active:           338116 kB
Mem:          3.8G       3.7G       129M       5.7M        20M       3.2G

MemTotal:        4016004 kB
MemFree:          132568 kB
Active:           338116 kB
Mem:          3.8G       3.7G       129M       5.7M        20M       3.2G

MemTotal:        4016004 kB
MemFree:          130768 kB
Active:           338120 kB
Mem:          3.8G       3.7G       127M       5.7M        20M       3.2G

MemTotal:        4016004 kB
MemFree:          130272 kB
Active:           340168 kB
Mem:          3.8G       3.7G       127M       5.7M        20M       3.2G

MemTotal:        4016004 kB
MemFree:          130644 kB
Active:           340168 kB
Mem:          3.8G       3.7G       127M       5.7M        20M       3.2G

MemTotal:        4016004 kB
MemFree:          131140 kB
Active:           339880 kB
Mem:          3.8G       3.7G       128M       5.7M        20M       3.2G

MemTotal:        4016004 kB
MemFree:          131300 kB
Active:           339772 kB
Mem:          3.8G       3.7G       128M       5.7M        20M       3.2G

MemTotal:        4016004 kB
MemFree:          131548 kB
Active:           339744 kB
Mem:          3.8G       3.7G       128M       5.7M        20M       3.2G

MemTotal:        4016004 kB
MemFree:          131176 kB
Active:           339772 kB
Mem:          3.8G       3.7G       128M       5.7M        20M       3.2G

MemTotal:        4016004 kB
MemFree:          131176 kB
Active:           339776 kB
Mem:          3.8G       3.7G       128M       5.7M        20M       3.2G

MemTotal:        4016004 kB
MemFree:          131176 kB
Active:           339736 kB
Mem:          3.8G       3.7G       128M       5.7M        20M       3.2G

MemTotal:        4016004 kB
MemFree:          131052 kB
Active:           339732 kB
Mem:          3.8G       3.7G       128M       5.7M        20M       3.2G

MemTotal:        4016004 kB
MemFree:          129128 kB
Active:           339764 kB
Mem:          3.8G       3.7G       125M       5.7M        20M       3.2G

MemTotal:        4016004 kB
MemFree:          129644 kB
Active:           341784 kB
Mem:          3.8G       3.7G       126M       5.7M        20M       3.2G

MemTotal:        4016004 kB
MemFree:          129396 kB
Active:           341808 kB
Mem:          3.8G       3.7G       126M       5.7M        20M       3.2G

MemTotal:        4016004 kB
MemFree:          129768 kB
Active:           341796 kB
Mem:          3.8G       3.7G       126M       5.7M        20M       3.2G

MemTotal:        4016004 kB
MemFree:          129768 kB
Active:           341784 kB
Mem:          3.8G       3.7G       126M       5.7M        20M       3.2G

MemTotal:        4016004 kB
MemFree:          129644 kB
Active:           341788 kB
Mem:          3.8G       3.7G       126M       5.7M        20M       3.2G

MemTotal:        4016004 kB
MemFree:          129644 kB
Active:           341796 kB
Mem:          3.8G       3.7G       126M       5.7M        20M       3.2G

MemTotal:        4016004 kB
MemFree:          129272 kB
Active:           341832 kB
Mem:          3.8G       3.7G       126M       5.7M        20M       3.2G

MemTotal:        4016004 kB
MemFree:          129644 kB
Active:           341824 kB
Mem:          3.8G       3.7G       126M       5.7M        20M       3.2G

MemTotal:        4016004 kB
MemFree:          129520 kB
Active:           341816 kB
Mem:          3.8G       3.7G       126M       5.7M        20M       3.2G

MemTotal:        4016004 kB
MemFree:          129768 kB
Active:           341804 kB
Mem:          3.8G       3.7G       126M       5.7M        20M       3.2G

MemTotal:        4016004 kB
MemFree:          129908 kB
Active:           341804 kB
Mem:          3.8G       3.7G       126M       5.7M        20M       3.2G

MemTotal:        4016004 kB
MemFree:          129784 kB
Active:           341800 kB
Mem:          3.8G       3.7G       126M       5.7M        20M       3.2G

MemTotal:        4016004 kB
MemFree:          129288 kB
Active:           341840 kB
Mem:          3.8G       3.7G       126M       5.7M        20M       3.2G

MemTotal:        4016004 kB
MemFree:          129536 kB
Active:           341800 kB
Mem:          3.8G       3.7G       126M       5.7M        20M       3.2G

MemTotal:        4016004 kB
MemFree:          129660 kB
Active:           341792 kB
Mem:          3.8G       3.7G       126M       5.7M        20M       3.2G

MemTotal:        4016004 kB
MemFree:          129164 kB
Active:           341844 kB
Mem:          3.8G       3.7G       126M       5.7M        20M       3.2G

MemTotal:        4016004 kB
MemFree:          129164 kB
Active:           341852 kB
Mem:          3.8G       3.7G       126M       5.7M        20M       3.2G

MemTotal:        4016004 kB
MemFree:          129784 kB
Active:           341796 kB
Mem:          3.8G       3.7G       126M       5.7M        20M       3.2G

MemTotal:        4016004 kB
MemFree:          129288 kB
Active:           341868 kB
Mem:          3.8G       3.7G       126M       5.7M        20M       3.2G

MemTotal:        4016004 kB
MemFree:          129660 kB
Active:           341820 kB
Mem:          3.8G       3.7G       126M       5.7M        20M       3.2G

MemTotal:        4016004 kB
MemFree:          129536 kB
Active:           341832 kB
Mem:          3.8G       3.7G       126M       5.7M        20M       3.2G

MemTotal:        4016004 kB
MemFree:          129552 kB
Active:           341828 kB
Mem:          3.8G       3.7G       126M       5.7M        20M       3.2G

MemTotal:        4016004 kB
MemFree:          129056 kB
Active:           341868 kB
Mem:          3.8G       3.7G       126M       5.7M        20M       3.2G

MemTotal:        4016004 kB
MemFree:          129180 kB
Active:           341868 kB
Mem:          3.8G       3.7G       126M       5.7M        20M       3.2G

MemTotal:        4016004 kB
MemFree:          129552 kB
Active:           341836 kB
Mem:          3.8G       3.7G       126M       5.7M        20M       3.2G

MemTotal:        4016004 kB
MemFree:          129304 kB
Active:           341876 kB
Mem:          3.8G       3.7G       126M       5.7M        20M       3.2G

MemTotal:        4016004 kB
MemFree:          129676 kB
Active:           341820 kB
Mem:          3.8G       3.7G       126M       5.7M        20M       3.2G

MemTotal:        4016004 kB
MemFree:          129056 kB
Active:           341876 kB
Mem:          3.8G       3.7G       126M       5.7M        20M       3.2G

MemTotal:        4016004 kB
MemFree:          129552 kB
Active:           341860 kB
Mem:          3.8G       3.7G       126M       5.7M        20M       3.2G

MemTotal:        4016004 kB
MemFree:          129180 kB
Active:           341880 kB
Mem:          3.8G       3.7G       126M       5.7M        20M       3.2G

MemTotal:        4016004 kB
MemFree:          129552 kB
Active:           341856 kB
Mem:          3.8G       3.7G       126M       5.7M        20M       3.2G

MemTotal:        4016004 kB
MemFree:          129552 kB
Active:           341852 kB
Mem:          3.8G       3.7G       126M       5.7M        20M       3.2G

MemTotal:        4016004 kB
MemFree:          129056 kB
Active:           341896 kB
Mem:          3.8G       3.7G       126M       5.7M        20M       3.2G

MemTotal:        4016004 kB
MemFree:          129552 kB
Active:           341848 kB
Mem:          3.8G       3.7G       126M       5.7M        20M       3.2G

MemTotal:        4016004 kB
MemFree:          129552 kB
Active:           341860 kB
Mem:          3.8G       3.7G       126M       5.7M        20M       3.2G

MemTotal:        4016004 kB
MemFree:          129552 kB
Active:           341860 kB
Mem:          3.8G       3.7G       126M       5.7M        20M       3.2G

MemTotal:        4016004 kB
MemFree:          129676 kB
Active:           341876 kB
Mem:          3.8G       3.7G       126M       5.7M        20M       3.2G

MemTotal:        4016004 kB
MemFree:          129304 kB
Active:           341904 kB
Mem:          3.8G       3.7G       126M       5.7M        20M       3.2G

MemTotal:        4016004 kB
MemFree:          129304 kB
Active:           341860 kB
Mem:          3.8G       3.7G       126M       5.7M        20M       3.2G

MemTotal:        4016004 kB
MemFree:          128932 kB
Active:           341904 kB
Mem:          3.8G       3.7G       125M       5.7M        20M       3.2G

MemTotal:        4016004 kB
MemFree:          128808 kB
Active:           341904 kB
Mem:          3.8G       3.7G       126M       5.7M        20M       3.2G

MemTotal:        4016004 kB
MemFree:          129212 kB
Active:           341896 kB
Mem:          3.8G       3.7G       126M       5.7M        20M       3.2G

MemTotal:        4016004 kB
MemFree:          128964 kB
Active:           341912 kB
Mem:          3.8G       3.7G       125M       5.7M        20M       3.2G

MemTotal:        4016004 kB
MemFree:          128964 kB
Active:           341912 kB
Mem:          3.8G       3.7G       125M       5.7M        20M       3.2G

MemTotal:        4016004 kB
MemFree:          129212 kB
Active:           341892 kB
Mem:          3.8G       3.7G       126M       5.7M        20M       3.2G

MemTotal:        4016004 kB
MemFree:          129212 kB
Active:           341884 kB
Mem:          3.8G       3.7G       126M       5.7M        20M       3.2G

MemTotal:        4016004 kB
MemFree:          129212 kB
Active:           341916 kB
Mem:          3.8G       3.7G       126M       5.7M        20M       3.2G

MemTotal:        4016004 kB
MemFree:          129708 kB
Active:           341888 kB
Mem:          3.8G       3.7G       126M       5.7M        20M       3.2G

MemTotal:        4016004 kB
MemFree:          129708 kB
Active:           341892 kB
Mem:          3.8G       3.7G       126M       5.7M        20M       3.2G

MemTotal:        4016004 kB
MemFree:          129460 kB
Active:           341928 kB
Mem:          3.8G       3.7G       126M       5.7M        20M       3.2G

MemTotal:        4016004 kB
MemFree:          129708 kB
Active:           341920 kB
Mem:          3.8G       3.7G       126M       5.7M        20M       3.2G

MemTotal:        4016004 kB
MemFree:          129212 kB
Active:           341932 kB
Mem:          3.8G       3.7G       126M       5.7M        20M       3.2G

MemTotal:        4016004 kB
MemFree:          129212 kB
Active:           341920 kB
Mem:          3.8G       3.7G       126M       5.7M        20M       3.2G

MemTotal:        4016004 kB
MemFree:          128840 kB
Active:           341932 kB
Mem:          3.8G       3.7G       125M       5.7M        20M       3.2G

MemTotal:        4016004 kB
MemFree:          129212 kB
Active:           341924 kB
Mem:          3.8G       3.7G       126M       5.7M        20M       3.2G

MemTotal:        4016004 kB
MemFree:          129460 kB
Active:           341916 kB
Mem:          3.8G       3.7G       126M       5.7M        20M       3.2G

MemTotal:        4016004 kB
MemFree:          129212 kB
Active:           341940 kB
Mem:          3.8G       3.7G       126M       5.7M        20M       3.2G

MemTotal:        4016004 kB
MemFree:          129460 kB
Active:           341936 kB
Mem:          3.8G       3.7G       126M       5.7M        20M       3.2G

MemTotal:        4016004 kB
MemFree:          129460 kB
Active:           341884 kB
Mem:          3.8G       3.7G       126M       5.7M        20M       3.2G

MemTotal:        4016004 kB
MemFree:          129476 kB
Active:           341884 kB
Mem:          3.8G       3.7G       126M       5.7M        20M       3.2G

MemTotal:        4016004 kB
MemFree:          129228 kB
Active:           341944 kB
Mem:          3.8G       3.7G       125M       5.7M        20M       3.2G

MemTotal:        4016004 kB
MemFree:          129104 kB
Active:           341892 kB
Mem:          3.8G       3.7G       125M       5.7M        20M       3.2G

MemTotal:        4016004 kB
MemFree:          128980 kB
Active:           341896 kB
Mem:          3.8G       3.7G       125M       5.7M        20M       3.2G

MemTotal:        4016004 kB
MemFree:          128856 kB
Active:           341944 kB
Mem:          3.8G       3.7G       126M       5.7M        20M       3.2G

MemTotal:        4016004 kB
MemFree:          128980 kB
Active:           341944 kB
Mem:          3.8G       3.7G       126M       5.7M        20M       3.2G

MemTotal:        4016004 kB
MemFree:          129352 kB
Active:           341932 kB
Mem:          3.8G       3.7G       126M       5.7M        20M       3.2G

MemTotal:        4016004 kB
MemFree:          128732 kB
Active:           341952 kB
Mem:          3.8G       3.7G       125M       5.7M        20M       3.2G

MemTotal:        4016004 kB
MemFree:          128856 kB
Active:           341952 kB
Mem:          3.8G       3.7G       126M       5.7M        20M       3.2G

MemTotal:        4016004 kB
MemFree:          129352 kB
Active:           341896 kB
Mem:          3.8G       3.7G       126M       5.7M        20M       3.2G

MemTotal:        4016004 kB
MemFree:          129724 kB
Active:           341936 kB
Mem:          3.8G       3.7G       126M       5.7M        20M       3.2G

MemTotal:        4016004 kB
MemFree:          129352 kB
Active:           341952 kB
Mem:          3.8G       3.7G       126M       5.7M        20M       3.2G

MemTotal:        4016004 kB
MemFree:          129600 kB
Active:           341948 kB
Mem:          3.8G       3.7G       126M       5.7M        20M       3.2G

MemTotal:        4016004 kB
MemFree:          129724 kB
Active:           341944 kB
Mem:          3.8G       3.7G       126M       5.7M        20M       3.2G

MemTotal:        4016004 kB
MemFree:          129228 kB
Active:           341960 kB
Mem:          3.8G       3.7G       126M       5.7M        20M       3.2G

MemTotal:        4016004 kB
MemFree:          129352 kB
Active:           341932 kB
Mem:          3.8G       3.7G       126M       5.7M        20M       3.2G

MemTotal:        4016004 kB
MemFree:          129104 kB
Active:           341964 kB
Mem:          3.8G       3.7G       126M       5.7M        20M       3.2G

MemTotal:        4016004 kB
MemFree:          129600 kB
Active:           341948 kB
Mem:          3.8G       3.7G       126M       5.7M        20M       3.2G

MemTotal:        4016004 kB
MemFree:          128856 kB
Active:           341964 kB
Mem:          3.8G       3.7G       125M       5.7M        20M       3.2G

MemTotal:        4016004 kB
MemFree:          128608 kB
Active:           341964 kB
Mem:          3.8G       3.7G       125M       5.7M        20M       3.2G

MemTotal:        4016004 kB
MemFree:          129104 kB
Active:           341952 kB
Mem:          3.8G       3.7G       125M       5.7M        20M       3.2G

MemTotal:        4016004 kB
MemFree:          128980 kB
Active:           341980 kB
Mem:          3.8G       3.7G       126M       5.7M        20M       3.2G

MemTotal:        4016004 kB
MemFree:          129352 kB
Active:           341952 kB
Mem:          3.8G       3.7G       126M       5.7M        20M       3.2G

MemTotal:        4016004 kB
MemFree:          129476 kB
Active:           341940 kB
Mem:          3.8G       3.7G       126M       5.7M        20M       3.2G

MemTotal:        4016004 kB
MemFree:          129352 kB
Active:           341940 kB
Mem:          3.8G       3.7G       126M       5.7M        20M       3.2G

MemTotal:        4016004 kB
MemFree:          129352 kB
Active:           341940 kB
Mem:          3.8G       3.7G       126M       5.7M        20M       3.2G

MemTotal:        4016004 kB
MemFree:          129476 kB
Active:           341936 kB
Mem:          3.8G       3.7G       126M       5.7M        20M       3.2G

MemTotal:        4016004 kB
MemFree:          129600 kB
Active:           341980 kB
Mem:          3.8G       3.7G       126M       5.7M        20M       3.2G

MemTotal:        4016004 kB
MemFree:          129352 kB
Active:           341988 kB
Mem:          3.8G       3.7G       126M       5.7M        20M       3.2G

MemTotal:        4016004 kB
MemFree:          129848 kB
Active:           341960 kB
Mem:          3.8G       3.7G       126M       5.7M        20M       3.2G

MemTotal:        4016004 kB
MemFree:          129724 kB
Active:           341960 kB
Mem:          3.8G       3.7G       126M       5.7M        20M       3.2G

MemTotal:        4016004 kB
MemFree:          129724 kB
Active:           341960 kB
Mem:          3.8G       3.7G       126M       5.7M        20M       3.2G

MemTotal:        4016004 kB
MemFree:          129352 kB
Active:           342004 kB
Mem:          3.8G       3.7G       126M       5.7M        20M       3.2G

MemTotal:        4016004 kB
MemFree:          129352 kB
Active:           341972 kB
Mem:          3.8G       3.7G       126M       5.7M        20M       3.2G

MemTotal:        4016004 kB
MemFree:          129476 kB
Active:           341960 kB
Mem:          3.8G       3.7G       126M       5.7M        20M       3.2G

MemTotal:        4016004 kB
MemFree:          129476 kB
Active:           341960 kB
Mem:          3.8G       3.7G       126M       5.7M        20M       3.2G

MemTotal:        4016004 kB
MemFree:          128980 kB
Active:           342012 kB
Mem:          3.8G       3.7G       126M       5.7M        20M       3.2G

MemTotal:        4016004 kB
MemFree:          129228 kB
Active:           341996 kB
Mem:          3.8G       3.7G       126M       5.7M        20M       3.2G

MemTotal:        4016004 kB
MemFree:          129476 kB
Active:           341984 kB
Mem:          3.8G       3.7G       126M       5.7M        20M       3.2G

MemTotal:        4016004 kB
MemFree:          129476 kB
Active:           341960 kB
Mem:          3.8G       3.7G       126M       5.7M        20M       3.2G

MemTotal:        4016004 kB
MemFree:          129600 kB
Active:           342000 kB
Mem:          3.8G       3.7G       126M       5.7M        20M       3.2G

MemTotal:        4016004 kB
MemFree:          129600 kB
Active:           341984 kB
Mem:          3.8G       3.7G       126M       5.7M        20M       3.2G

MemTotal:        4016004 kB
MemFree:          129492 kB
Active:           341988 kB
Mem:          3.8G       3.7G       126M       5.7M        20M       3.2G

MemTotal:        4016004 kB
MemFree:          129492 kB
Active:           342000 kB
Mem:          3.8G       3.7G       126M       5.7M        20M       3.2G

MemTotal:        4016004 kB
MemFree:          129368 kB
Active:           342012 kB
Mem:          3.8G       3.7G       126M       5.7M        20M       3.2G

MemTotal:        4016004 kB
MemFree:          129492 kB
Active:           342012 kB
Mem:          3.8G       3.7G       126M       5.7M        20M       3.2G

MemTotal:        4016004 kB
MemFree:          129120 kB
Active:           342028 kB
Mem:          3.8G       3.7G       125M       5.7M        20M       3.2G

MemTotal:        4016004 kB
MemFree:          128500 kB
Active:           342028 kB
Mem:          3.8G       3.7G       125M       5.7M        20M       3.2G

MemTotal:        4016004 kB
MemFree:          128872 kB
Active:           341984 kB
Mem:          3.8G       3.7G       125M       5.7M        20M       3.2G

MemTotal:        4016004 kB
MemFree:          128872 kB
Active:           342012 kB
Mem:          3.8G       3.7G       125M       5.7M        20M       3.2G

MemTotal:        4016004 kB
MemFree:          128872 kB
Active:           342016 kB
Mem:          3.8G       3.7G       125M       5.7M        20M       3.2G

MemTotal:        4016004 kB
MemFree:          128872 kB
Active:           342024 kB
Mem:          3.8G       3.7G       125M       5.7M        20M       3.2G

MemTotal:        4016004 kB
MemFree:          128872 kB
Active:           342000 kB
Mem:          3.8G       3.7G       125M       5.7M        20M       3.2G

MemTotal:        4016004 kB
MemFree:          128872 kB
Active:           342036 kB
Mem:          3.8G       3.7G       125M       5.7M        20M       3.2G

MemTotal:        4016004 kB
MemFree:          129120 kB
Active:           342044 kB
Mem:          3.8G       3.7G       125M       5.7M        20M       3.2G

MemTotal:        4016004 kB
MemFree:          129120 kB
Active:           342008 kB
Mem:          3.8G       3.7G       126M       5.7M        20M       3.2G

MemTotal:        4016004 kB
MemFree:          129492 kB
Active:           342000 kB
Mem:          3.8G       3.7G       126M       5.7M        20M       3.2G

MemTotal:        4016004 kB
MemFree:          129368 kB
Active:           342024 kB
Mem:          3.8G       3.7G       126M       5.7M        20M       3.2G

MemTotal:        4016004 kB
MemFree:          129492 kB
Active:           342044 kB
Mem:          3.8G       3.7G       126M       5.7M        20M       3.2G

MemTotal:        4016004 kB
MemFree:          129616 kB
Active:           342044 kB
Mem:          3.8G       3.7G       126M       5.7M        20M       3.2G

MemTotal:        4016004 kB
MemFree:          129244 kB
Active:           342040 kB
Mem:          3.8G       3.7G       126M       5.7M        20M       3.2G

MemTotal:        4016004 kB
MemFree:          129368 kB
Active:           342044 kB
Mem:          3.8G       3.7G       126M       5.7M        20M       3.2G

MemTotal:        4016004 kB
MemFree:          129120 kB
Active:           342064 kB
Mem:          3.8G       3.7G       126M       5.7M        20M       3.2G

MemTotal:        4016004 kB
MemFree:          129244 kB
Active:           342060 kB
Mem:          3.8G       3.7G       126M       5.7M        20M       3.2G

MemTotal:        4016004 kB
MemFree:          129368 kB
Active:           342012 kB
Mem:          3.8G       3.7G       126M       5.7M        20M       3.2G

MemTotal:        4016004 kB
MemFree:          129368 kB
Active:           342012 kB
Mem:          3.8G       3.7G       126M       5.7M        20M       3.2G

MemTotal:        4016004 kB
MemFree:          129244 kB
Active:           342032 kB
Mem:          3.8G       3.7G       126M       5.7M        20M       3.2G

MemTotal:        4016004 kB
MemFree:          128872 kB
Active:           342072 kB
Mem:          3.8G       3.7G       125M       5.7M        20M       3.2G

MemTotal:        4016004 kB
MemFree:          129368 kB
Active:           342072 kB
Mem:          3.8G       3.7G       126M       5.7M        20M       3.2G

MemTotal:        4016004 kB
MemFree:          128988 kB
Active:           342228 kB
Mem:          3.8G       3.7G       125M       5.7M        20M       3.2G

MemTotal:        4016004 kB
MemFree:          118928 kB
Active:           350072 kB
Mem:          3.8G       3.7G       116M       5.7M        27M       3.2G

MemTotal:        4016004 kB
MemFree:          119260 kB
Active:           349828 kB
Mem:          3.8G       3.7G       116M       5.7M        27M       3.2G

MemTotal:        4016004 kB
MemFree:          119120 kB
Active:           349832 kB
Mem:          3.8G       3.7G       116M       5.7M        27M       3.2G

MemTotal:        4016004 kB
MemFree:          118996 kB
Active:           349832 kB
Mem:          3.8G       3.7G       116M       5.7M        27M       3.2G

MemTotal:        4016004 kB
MemFree:          119120 kB
Active:           349844 kB
Mem:          3.8G       3.7G       116M       5.7M        27M       3.2G

MemTotal:        4016004 kB
MemFree:          119260 kB
Active:           349832 kB
Mem:          3.8G       3.7G       116M       5.7M        27M       3.2G

MemTotal:        4016004 kB
MemFree:          119384 kB
Active:           349836 kB
Mem:          3.8G       3.7G       116M       5.7M        27M       3.2G

MemTotal:        4016004 kB
MemFree:          119136 kB
Active:           349816 kB
Mem:          3.8G       3.7G       116M       5.7M        27M       3.2G

MemTotal:        4016004 kB
MemFree:          119260 kB
Active:           349828 kB
Mem:          3.8G       3.7G       116M       5.7M        27M       3.2G

MemTotal:        4016004 kB
MemFree:          119260 kB
Active:           349828 kB
Mem:          3.8G       3.7G       116M       5.7M        27M       3.2G

MemTotal:        4016004 kB
MemFree:          119260 kB
Active:           349844 kB
Mem:          3.8G       3.7G       116M       5.7M        27M       3.2G

MemTotal:        4016004 kB
MemFree:          119120 kB
Active:           349860 kB
Mem:          3.8G       3.7G       116M       5.7M        27M       3.2G

MemTotal:        4016004 kB
MemFree:          119616 kB
Active:           349836 kB
Mem:          3.8G       3.7G       116M       5.7M        27M       3.2G

MemTotal:        4016004 kB
MemFree:          119244 kB
Active:           349868 kB
Mem:          3.8G       3.7G       116M       5.7M        27M       3.2G

MemTotal:        4016004 kB
MemFree:          119384 kB
Active:           349824 kB
Mem:          3.8G       3.7G       116M       5.7M        27M       3.2G

MemTotal:        4016004 kB
MemFree:          119260 kB
Active:           349804 kB
Mem:          3.8G       3.7G       116M       5.7M        27M       3.2G

MemTotal:        4016004 kB
MemFree:          119244 kB
Active:           349832 kB
Mem:          3.8G       3.7G       116M       5.7M        27M       3.2G

MemTotal:        4016004 kB
MemFree:          118872 kB
Active:           349872 kB
Mem:          3.8G       3.7G       116M       5.7M        27M       3.2G

MemTotal:        4016004 kB
MemFree:          119368 kB
Active:           349824 kB
Mem:          3.8G       3.7G       116M       5.7M        27M       3.2G

MemTotal:        4016004 kB
MemFree:          119284 kB
Active:           349864 kB
Mem:          3.8G       3.7G       116M       5.7M        27M       3.2G

MemTotal:        4016004 kB
MemFree:          119160 kB
Active:           349924 kB
Mem:          3.8G       3.7G       116M       5.7M        27M       3.2G

MemTotal:        4016004 kB
MemFree:          118788 kB
Active:           349884 kB
Mem:          3.8G       3.7G       116M       5.7M        27M       3.2G

MemTotal:        4016004 kB
MemFree:          119176 kB
Active:           349992 kB
Mem:          3.8G       3.7G       116M       5.7M        27M       3.2G

MemTotal:        4016004 kB
MemFree:          119020 kB
Active:           349888 kB
Mem:          3.8G       3.7G       116M       5.7M        27M       3.2G

MemTotal:        4016004 kB
MemFree:          119200 kB
Active:           349968 kB
Mem:          3.8G       3.7G       116M       5.7M        27M       3.2G

MemTotal:        4016004 kB
MemFree:          119356 kB
Active:           349940 kB
Mem:          3.8G       3.7G       116M       5.7M        27M       3.2G

MemTotal:        4016004 kB
MemFree:          118976 kB
Active:           349980 kB
Mem:          3.8G       3.7G       116M       5.7M        27M       3.2G

MemTotal:        4016004 kB
MemFree:          119232 kB
Active:           349900 kB
Mem:          3.8G       3.7G       116M       5.7M        27M       3.2G

MemTotal:        4016004 kB
MemFree:          119432 kB
Active:           349976 kB
Mem:          3.8G       3.7G       116M       5.7M        27M       3.2G

MemTotal:        4016004 kB
MemFree:          119384 kB
Active:           349892 kB
Mem:          3.8G       3.7G       116M       5.7M        27M       3.2G

MemTotal:        4016004 kB
MemFree:          119028 kB
Active:           349980 kB
Mem:          3.8G       3.7G       116M       5.7M        27M       3.2G

MemTotal:        4016004 kB
MemFree:          119136 kB
Active:           349868 kB
Mem:          3.8G       3.7G       116M       5.7M        27M       3.2G

MemTotal:        4016004 kB
MemFree:          119128 kB
Active:           349884 kB
Mem:          3.8G       3.7G       116M       5.7M        28M       3.2G

MemTotal:        4016004 kB
MemFree:          118880 kB
Active:           349912 kB
Mem:          3.8G       3.7G       116M       5.7M        28M       3.2G

MemTotal:        4016004 kB
MemFree:          118880 kB
Active:           349908 kB
Mem:          3.8G       3.7G       115M       5.7M        28M       3.2G

MemTotal:        4016004 kB
MemFree:          118788 kB
Active:           349956 kB
Mem:          3.8G       3.7G       116M       5.7M        28M       3.2G

MemTotal:        4016004 kB
MemFree:          119268 kB
Active:           349852 kB
Mem:          3.8G       3.7G       116M       5.7M        28M       3.2G

