MemTotal:        4016004 kB
MemFree:         3228808 kB
Active:           429164 kB
Mem:          3.8G       768M       3.1G       5.7M        62M       317M

MemTotal:        4016004 kB
MemFree:         3229176 kB
Active:           428892 kB
Mem:          3.8G       768M       3.1G       5.7M        62M       318M

MemTotal:        4016004 kB
MemFree:         3228804 kB
Active:           428972 kB
Mem:          3.8G       768M       3.1G       5.7M        62M       318M

MemTotal:        4016004 kB
MemFree:         3229176 kB
Active:           428928 kB
Mem:          3.8G       768M       3.1G       5.7M        62M       318M

MemTotal:        4016004 kB
MemFree:         3229300 kB
Active:           428948 kB
Mem:          3.8G       768M       3.1G       5.7M        62M       318M

MemTotal:        4016004 kB
MemFree:         3229656 kB
Active:           428924 kB
Mem:          3.8G       768M       3.1G       5.7M        62M       318M

MemTotal:        4016004 kB
MemFree:         3229144 kB
Active:           428976 kB
Mem:          3.8G       768M       3.1G       5.7M        62M       318M

MemTotal:        4016004 kB
MemFree:         3229144 kB
Active:           428988 kB
Mem:          3.8G       768M       3.1G       5.7M        62M       318M

MemTotal:        4016004 kB
MemFree:         3229252 kB
Active:           428940 kB
Mem:          3.8G       768M       3.1G       5.7M        62M       318M

MemTotal:        4016004 kB
MemFree:         3229376 kB
Active:           428952 kB
Mem:          3.8G       768M       3.1G       5.7M        62M       318M

MemTotal:        4016004 kB
MemFree:         3228880 kB
Active:           428988 kB
Mem:          3.8G       768M       3.1G       5.7M        62M       318M

MemTotal:        4016004 kB
MemFree:         3229376 kB
Active:           428968 kB
Mem:          3.8G       768M       3.1G       5.7M        62M       318M

MemTotal:        4016004 kB
MemFree:         3229360 kB
Active:           428972 kB
Mem:          3.8G       768M       3.1G       5.7M        62M       318M

MemTotal:        4016004 kB
MemFree:         3229360 kB
Active:           428964 kB
Mem:          3.8G       767M       3.1G       5.7M        62M       318M

MemTotal:        4016004 kB
MemFree:         3229640 kB
Active:           428956 kB
Mem:          3.8G       768M       3.1G       5.7M        62M       318M

MemTotal:        4016004 kB
MemFree:         3229408 kB
Active:           428980 kB
Mem:          3.8G       768M       3.1G       5.7M        62M       318M

MemTotal:        4016004 kB
MemFree:         3229176 kB
Active:           428996 kB
Mem:          3.8G       768M       3.1G       5.7M        62M       318M

MemTotal:        4016004 kB
MemFree:         3228928 kB
Active:           429004 kB
Mem:          3.8G       768M       3.1G       5.7M        62M       318M

MemTotal:        4016004 kB
MemFree:         3229036 kB
Active:           429004 kB
Mem:          3.8G       768M       3.1G       5.7M        62M       318M

MemTotal:        4016004 kB
MemFree:         3229252 kB
Active:           428956 kB
Mem:          3.8G       768M       3.1G       5.7M        62M       318M

MemTotal:        4016004 kB
MemFree:         3229360 kB
Active:           428964 kB
Mem:          3.8G       768M       3.1G       5.7M        62M       318M

MemTotal:        4016004 kB
MemFree:         3229220 kB
Active:           428988 kB
Mem:          3.8G       768M       3.1G       5.7M        62M       318M

MemTotal:        4016004 kB
MemFree:         3229220 kB
Active:           429000 kB
Mem:          3.8G       768M       3.1G       5.7M        62M       318M

MemTotal:        4016004 kB
MemFree:         3228896 kB
Active:           429012 kB
Mem:          3.8G       768M       3.1G       5.7M        62M       318M

MemTotal:        4016004 kB
MemFree:         3229268 kB
Active:           428992 kB
Mem:          3.8G       768M       3.1G       5.7M        62M       318M

MemTotal:        4016004 kB
MemFree:         3228896 kB
Active:           429012 kB
Mem:          3.8G       768M       3.1G       5.7M        62M       318M

MemTotal:        4016004 kB
MemFree:         3229144 kB
Active:           428988 kB
Mem:          3.8G       768M       3.1G       5.7M        62M       318M

MemTotal:        4016004 kB
MemFree:         3229144 kB
Active:           429008 kB
Mem:          3.8G       768M       3.1G       5.7M        62M       318M

MemTotal:        4016004 kB
MemFree:         3229020 kB
Active:           429012 kB
Mem:          3.8G       768M       3.1G       5.7M        62M       318M

MemTotal:        4016004 kB
MemFree:         3229516 kB
Active:           428984 kB
Mem:          3.8G       768M       3.1G       5.7M        62M       318M

MemTotal:        4016004 kB
MemFree:         3229764 kB
Active:           429020 kB
Mem:          3.8G       767M       3.1G       5.7M        62M       318M

MemTotal:        4016004 kB
MemFree:         3229764 kB
Active:           428988 kB
Mem:          3.8G       767M       3.1G       5.7M        62M       318M

MemTotal:        4016004 kB
MemFree:         3229888 kB
Active:           428992 kB
Mem:          3.8G       767M       3.1G       5.7M        62M       318M

MemTotal:        4016004 kB
MemFree:         3229952 kB
Active:           429016 kB
Mem:          3.8G       767M       3.1G       5.7M        62M       318M

MemTotal:        4016004 kB
MemFree:         3229828 kB
Active:           428988 kB
Mem:          3.8G       767M       3.1G       5.7M        62M       318M

MemTotal:        4016004 kB
MemFree:         3229456 kB
Active:           429028 kB
Mem:          3.8G       767M       3.1G       5.7M        62M       318M

MemTotal:        4016004 kB
MemFree:         3229580 kB
Active:           429028 kB
Mem:          3.8G       767M       3.1G       5.7M        62M       318M

MemTotal:        4016004 kB
MemFree:         3229704 kB
Active:           429012 kB
Mem:          3.8G       767M       3.1G       5.7M        62M       318M

MemTotal:        4016004 kB
MemFree:         3229580 kB
Active:           428992 kB
Mem:          3.8G       768M       3.1G       5.7M        62M       318M

MemTotal:        4016004 kB
MemFree:         3229488 kB
Active:           429008 kB
Mem:          3.8G       768M       3.1G       5.7M        62M       318M

MemTotal:        4016004 kB
MemFree:         3229488 kB
Active:           429028 kB
Mem:          3.8G       767M       3.1G       5.7M        62M       318M

MemTotal:        4016004 kB
MemFree:         3229596 kB
Active:           429040 kB
Mem:          3.8G       767M       3.1G       5.7M        62M       318M

MemTotal:        4016004 kB
MemFree:         3229596 kB
Active:           428992 kB
Mem:          3.8G       767M       3.1G       5.7M        62M       318M

MemTotal:        4016004 kB
MemFree:         3229596 kB
Active:           429004 kB
Mem:          3.8G       767M       3.1G       5.7M        62M       318M

MemTotal:        4016004 kB
MemFree:         3229348 kB
Active:           429000 kB
Mem:          3.8G       768M       3.1G       5.7M        62M       318M

MemTotal:        4016004 kB
MemFree:         3229580 kB
Active:           429004 kB
Mem:          3.8G       768M       3.1G       5.7M        62M       318M

MemTotal:        4016004 kB
MemFree:         3229692 kB
Active:           427080 kB
Mem:          3.8G       768M       3.1G       5.7M        62M       318M

MemTotal:        4016004 kB
MemFree:         3229692 kB
Active:           427116 kB
Mem:          3.8G       767M       3.1G       5.7M        62M       318M

MemTotal:        4016004 kB
MemFree:         3229568 kB
Active:           429116 kB
Mem:          3.8G       767M       3.1G       5.7M        62M       318M

MemTotal:        4016004 kB
MemFree:         3228948 kB
Active:           429176 kB
Mem:          3.8G       768M       3.1G       5.7M        62M       318M

MemTotal:        4016004 kB
MemFree:         3229196 kB
Active:           429140 kB
Mem:          3.8G       768M       3.1G       5.7M        62M       318M

MemTotal:        4016004 kB
MemFree:         3228576 kB
Active:           429176 kB
Mem:          3.8G       768M       3.1G       5.7M        62M       318M

MemTotal:        4016004 kB
MemFree:         3228824 kB
Active:           429144 kB
Mem:          3.8G       768M       3.1G       5.7M        62M       318M

MemTotal:        4016004 kB
MemFree:         3229180 kB
Active:           429192 kB
Mem:          3.8G       768M       3.1G       5.7M        62M       318M

MemTotal:        4016004 kB
MemFree:         3229040 kB
Active:           429196 kB
Mem:          3.8G       768M       3.1G       5.7M        62M       318M

MemTotal:        4016004 kB
MemFree:         3229148 kB
Active:           429148 kB
Mem:          3.8G       768M       3.1G       5.7M        62M       318M

MemTotal:        4016004 kB
MemFree:         3228584 kB
Active:           427216 kB
Mem:          3.8G       768M       3.1G       5.7M        62M       318M

MemTotal:        4016004 kB
MemFree:         3228956 kB
Active:           429220 kB
Mem:          3.8G       768M       3.1G       5.7M        62M       318M

MemTotal:        4016004 kB
MemFree:         3229204 kB
Active:           429276 kB
Mem:          3.8G       768M       3.1G       5.7M        62M       318M

MemTotal:        4016004 kB
MemFree:         3229080 kB
Active:           429272 kB
Mem:          3.8G       768M       3.1G       5.7M        62M       318M

MemTotal:        4016004 kB
MemFree:         3229204 kB
Active:           429236 kB
Mem:          3.8G       768M       3.1G       5.7M        62M       318M

MemTotal:        4016004 kB
MemFree:         3229204 kB
Active:           429244 kB
Mem:          3.8G       768M       3.1G       5.7M        62M       318M

MemTotal:        4016004 kB
MemFree:         3228816 kB
Active:           429288 kB
Mem:          3.8G       768M       3.1G       5.7M        62M       318M

MemTotal:        4016004 kB
MemFree:         3229420 kB
Active:           429276 kB
Mem:          3.8G       768M       3.1G       5.7M        62M       318M

MemTotal:        4016004 kB
MemFree:         3229420 kB
Active:           429280 kB
Mem:          3.8G       768M       3.1G       5.7M        62M       318M

MemTotal:        4016004 kB
MemFree:         3229280 kB
Active:           429240 kB
Mem:          3.8G       768M       3.1G       5.7M        62M       318M

MemTotal:        4016004 kB
MemFree:         3228768 kB
Active:           429256 kB
Mem:          3.8G       768M       3.1G       5.7M        62M       318M

MemTotal:        4016004 kB
MemFree:         3229000 kB
Active:           429260 kB
Mem:          3.8G       768M       3.1G       5.7M        62M       318M

MemTotal:        4016004 kB
MemFree:         3228924 kB
Active:           429276 kB
Mem:          3.8G       768M       3.1G       5.7M        62M       318M

MemTotal:        4016004 kB
MemFree:         3228800 kB
Active:           429288 kB
Mem:          3.8G       768M       3.1G       5.7M        62M       318M

MemTotal:        4016004 kB
MemFree:         3229048 kB
Active:           429252 kB
Mem:          3.8G       768M       3.1G       5.7M        62M       318M

MemTotal:        4016004 kB
MemFree:         3229172 kB
Active:           429256 kB
Mem:          3.8G       768M       3.1G       5.7M        62M       318M

MemTotal:        4016004 kB
MemFree:         3229048 kB
Active:           429244 kB
Mem:          3.8G       768M       3.1G       5.7M        62M       318M

MemTotal:        4016004 kB
MemFree:         3229172 kB
Active:           429288 kB
Mem:          3.8G       768M       3.1G       5.7M        62M       318M

MemTotal:        4016004 kB
MemFree:         3229392 kB
Active:           429244 kB
Mem:          3.8G       768M       3.1G       5.7M        62M       318M

MemTotal:        4016004 kB
MemFree:         3229144 kB
Active:           429292 kB
Mem:          3.8G       768M       3.1G       5.7M        63M       318M

MemTotal:        4016004 kB
MemFree:         3228896 kB
Active:           429296 kB
Mem:          3.8G       768M       3.1G       5.7M        63M       318M

MemTotal:        4016004 kB
MemFree:         3229144 kB
Active:           429284 kB
Mem:          3.8G       768M       3.1G       5.7M        63M       318M

MemTotal:        4016004 kB
MemFree:         3228788 kB
Active:           429300 kB
Mem:          3.8G       768M       3.1G       5.7M        63M       318M

MemTotal:        4016004 kB
MemFree:         3229284 kB
Active:           429296 kB
Mem:          3.8G       768M       3.1G       5.7M        63M       318M

MemTotal:        4016004 kB
MemFree:         3228912 kB
Active:           429300 kB
Mem:          3.8G       768M       3.1G       5.7M        63M       318M

MemTotal:        4016004 kB
MemFree:         3229408 kB
Active:           429268 kB
Mem:          3.8G       768M       3.1G       5.7M        63M       318M

MemTotal:        4016004 kB
MemFree:         3229516 kB
Active:           429276 kB
Mem:          3.8G       768M       3.1G       5.7M        63M       318M

MemTotal:        4016004 kB
MemFree:         3229376 kB
Active:           429276 kB
Mem:          3.8G       768M       3.1G       5.7M        63M       318M

MemTotal:        4016004 kB
MemFree:         3229376 kB
Active:           429292 kB
Mem:          3.8G       768M       3.1G       5.7M        63M       318M

MemTotal:        4016004 kB
MemFree:         3229004 kB
Active:           429316 kB
Mem:          3.8G       768M       3.1G       5.7M        63M       318M

MemTotal:        4016004 kB
MemFree:         3229376 kB
Active:           429312 kB
Mem:          3.8G       768M       3.1G       5.7M        63M       318M

MemTotal:        4016004 kB
MemFree:         3229252 kB
Active:           429264 kB
Mem:          3.8G       768M       3.1G       5.7M        63M       318M

MemTotal:        4016004 kB
MemFree:         3229360 kB
Active:           429284 kB
Mem:          3.8G       768M       3.1G       5.7M        63M       318M

MemTotal:        4016004 kB
MemFree:         3228988 kB
Active:           429320 kB
Mem:          3.8G       768M       3.1G       5.7M        63M       318M

MemTotal:        4016004 kB
MemFree:         3228864 kB
Active:           429332 kB
Mem:          3.8G       768M       3.1G       5.7M        63M       318M

MemTotal:        4016004 kB
MemFree:         3228600 kB
Active:           429292 kB
Mem:          3.8G       768M       3.1G       5.7M        63M       318M

MemTotal:        4016004 kB
MemFree:         3229252 kB
Active:           429300 kB
Mem:          3.8G       768M       3.1G       5.7M        63M       318M

MemTotal:        4016004 kB
MemFree:         3228880 kB
Active:           429332 kB
Mem:          3.8G       768M       3.1G       5.7M        63M       318M

MemTotal:        4016004 kB
MemFree:         3229128 kB
Active:           429312 kB
Mem:          3.8G       768M       3.1G       5.7M        63M       318M

MemTotal:        4016004 kB
MemFree:         3229252 kB
Active:           429316 kB
Mem:          3.8G       768M       3.1G       5.7M        63M       318M

MemTotal:        4016004 kB
MemFree:         3229004 kB
Active:           429288 kB
Mem:          3.8G       768M       3.1G       5.7M        63M       318M

MemTotal:        4016004 kB
MemFree:         3228756 kB
Active:           429340 kB
Mem:          3.8G       768M       3.1G       5.7M        63M       318M

MemTotal:        4016004 kB
MemFree:         3229020 kB
Active:           429320 kB
Mem:          3.8G       768M       3.1G       5.7M        63M       318M

MemTotal:        4016004 kB
MemFree:         3229020 kB
Active:           429324 kB
Mem:          3.8G       768M       3.1G       5.7M        63M       318M

MemTotal:        4016004 kB
MemFree:         3228800 kB
Active:           429444 kB
Mem:          3.8G       768M       3.1G       5.7M        63M       318M

MemTotal:        4016004 kB
MemFree:         3184960 kB
Active:           430520 kB
Mem:          3.8G       812M       3.0G       5.7M        63M       360M

MemTotal:        4016004 kB
MemFree:         3137620 kB
Active:           430528 kB
Mem:          3.8G       858M       3.0G       5.7M        63M       405M

MemTotal:        4016004 kB
MemFree:         3090884 kB
Active:           430484 kB
Mem:          3.8G       903M       2.9G       5.7M        63M       450M

MemTotal:        4016004 kB
MemFree:         3045388 kB
Active:           430500 kB
Mem:          3.8G       948M       2.9G       5.7M        63M       494M

MemTotal:        4016004 kB
MemFree:         2998760 kB
Active:           430544 kB
Mem:          3.8G       994M       2.9G       5.7M        63M       540M

MemTotal:        4016004 kB
MemFree:         2952040 kB
Active:           430544 kB
Mem:          3.8G       1.0G       2.8G       5.7M        63M       584M

MemTotal:        4016004 kB
MemFree:         2904808 kB
Active:           430552 kB
Mem:          3.8G       1.1G       2.8G       5.7M        63M       630M

MemTotal:        4016004 kB
MemFree:         2857980 kB
Active:           430552 kB
Mem:          3.8G       1.1G       2.7G       5.7M        63M       674M

MemTotal:        4016004 kB
MemFree:         2813060 kB
Active:           430512 kB
Mem:          3.8G       1.1G       2.7G       5.7M        63M       717M

MemTotal:        4016004 kB
MemFree:         2765388 kB
Active:           430572 kB
Mem:          3.8G       1.2G       2.6G       5.7M        63M       762M

MemTotal:        4016004 kB
MemFree:         2718840 kB
Active:           430572 kB
Mem:          3.8G       1.2G       2.6G       5.7M        63M       807M

MemTotal:        4016004 kB
MemFree:         2672792 kB
Active:           430580 kB
Mem:          3.8G       1.3G       2.5G       5.7M        63M       852M

MemTotal:        4016004 kB
MemFree:         2626180 kB
Active:           430540 kB
Mem:          3.8G       1.3G       2.5G       5.7M        63M       897M

MemTotal:        4016004 kB
MemFree:         2579584 kB
Active:           430584 kB
Mem:          3.8G       1.4G       2.5G       5.7M        63M       941M

MemTotal:        4016004 kB
MemFree:         2534312 kB
Active:           430588 kB
Mem:          3.8G       1.4G       2.4G       5.7M        63M       985M

MemTotal:        4016004 kB
MemFree:         2488492 kB
Active:           430604 kB
Mem:          3.8G       1.5G       2.4G       5.7M        63M       1.0G

MemTotal:        4016004 kB
MemFree:         2467548 kB
Active:           430624 kB
Mem:          3.8G       1.5G       2.4G       5.7M        63M       1.0G

MemTotal:        4016004 kB
MemFree:         2422456 kB
Active:           430636 kB
Mem:          3.8G       1.5G       2.3G       5.7M        63M       1.1G

MemTotal:        4016004 kB
MemFree:         2376344 kB
Active:           430636 kB
Mem:          3.8G       1.6G       2.3G       5.7M        63M       1.1G

MemTotal:        4016004 kB
MemFree:         2330108 kB
Active:           430636 kB
Mem:          3.8G       1.6G       2.2G       5.7M        63M       1.2G

MemTotal:        4016004 kB
MemFree:         2283140 kB
Active:           430640 kB
Mem:          3.8G       1.7G       2.2G       5.7M        63M       1.2G

MemTotal:        4016004 kB
MemFree:         2237148 kB
Active:           430648 kB
Mem:          3.8G       1.7G       2.1G       5.7M        63M       1.2G

MemTotal:        4016004 kB
MemFree:         2190676 kB
Active:           430648 kB
Mem:          3.8G       1.7G       2.1G       5.7M        63M       1.3G

MemTotal:        4016004 kB
MemFree:         2144080 kB
Active:           430648 kB
Mem:          3.8G       1.8G       2.0G       5.7M        63M       1.3G

MemTotal:        4016004 kB
MemFree:         2097892 kB
Active:           430660 kB
Mem:          3.8G       1.8G       2.0G       5.7M        63M       1.4G

MemTotal:        4016004 kB
MemFree:         2051884 kB
Active:           430672 kB
Mem:          3.8G       1.9G       2.0G       5.7M        63M       1.4G

MemTotal:        4016004 kB
MemFree:         2051608 kB
Active:           430672 kB
Mem:          3.8G       1.9G       2.0G       5.7M        63M       1.4G

MemTotal:        4016004 kB
MemFree:         2039868 kB
Active:           430628 kB
Mem:          3.8G       1.9G       1.9G       5.7M        63M       1.4G

MemTotal:        4016004 kB
MemFree:         1994560 kB
Active:           430680 kB
Mem:          3.8G       1.9G       1.9G       5.7M        63M       1.5G

MemTotal:        4016004 kB
MemFree:         1947344 kB
Active:           430680 kB
Mem:          3.8G       2.0G       1.9G       5.7M        63M       1.5G

MemTotal:        4016004 kB
MemFree:         1902024 kB
Active:           430680 kB
Mem:          3.8G       2.0G       1.8G       5.7M        63M       1.6G

MemTotal:        4016004 kB
MemFree:         1901684 kB
Active:           430648 kB
Mem:          3.8G       2.0G       1.8G       5.7M        63M       1.6G

MemTotal:        4016004 kB
MemFree:         1888140 kB
Active:           430668 kB
Mem:          3.8G       2.0G       1.8G       5.7M        63M       1.6G

MemTotal:        4016004 kB
MemFree:         1842416 kB
Active:           430700 kB
Mem:          3.8G       2.1G       1.8G       5.7M        63M       1.6G

MemTotal:        4016004 kB
MemFree:         1795944 kB
Active:           430708 kB
Mem:          3.8G       2.1G       1.7G       5.7M        63M       1.7G

MemTotal:        4016004 kB
MemFree:         1749332 kB
Active:           430712 kB
Mem:          3.8G       2.2G       1.7G       5.7M        63M       1.7G

MemTotal:        4016004 kB
MemFree:         1702488 kB
Active:           430720 kB
Mem:          3.8G       2.2G       1.6G       5.7M        63M       1.7G

MemTotal:        4016004 kB
MemFree:         1655768 kB
Active:           430720 kB
Mem:          3.8G       2.3G       1.6G       5.7M        63M       1.8G

MemTotal:        4016004 kB
MemFree:         1609792 kB
Active:           430720 kB
Mem:          3.8G       2.3G       1.5G       5.7M        63M       1.8G

MemTotal:        4016004 kB
MemFree:         1563184 kB
Active:           430724 kB
Mem:          3.8G       2.3G       1.5G       5.7M        63M       1.9G

MemTotal:        4016004 kB
MemFree:         1516292 kB
Active:           430736 kB
Mem:          3.8G       2.4G       1.4G       5.7M        63M       1.9G

MemTotal:        4016004 kB
MemFree:         1469944 kB
Active:           430740 kB
Mem:          3.8G       2.4G       1.4G       5.7M        63M       2.0G

MemTotal:        4016004 kB
MemFree:         1424020 kB
Active:           430704 kB
Mem:          3.8G       2.5G       1.4G       5.7M        63M       2.0G

MemTotal:        4016004 kB
MemFree:         1376948 kB
Active:           430744 kB
Mem:          3.8G       2.5G       1.3G       5.7M        63M       2.0G

MemTotal:        4016004 kB
MemFree:         1331220 kB
Active:           430748 kB
Mem:          3.8G       2.6G       1.3G       5.7M        63M       2.1G

MemTotal:        4016004 kB
MemFree:         1287376 kB
Active:           430752 kB
Mem:          3.8G       2.6G       1.2G       5.7M        63M       2.1G

MemTotal:        4016004 kB
MemFree:         1286632 kB
Active:           430716 kB
Mem:          3.8G       2.6G       1.2G       5.7M        63M       2.1G

MemTotal:        4016004 kB
MemFree:         1269832 kB
Active:           430768 kB
Mem:          3.8G       2.6G       1.2G       5.7M        63M       2.1G

MemTotal:        4016004 kB
MemFree:         1224800 kB
Active:           430768 kB
Mem:          3.8G       2.7G       1.2G       5.7M        63M       2.2G

MemTotal:        4016004 kB
MemFree:         1178136 kB
Active:           430772 kB
Mem:          3.8G       2.7G       1.1G       5.7M        63M       2.2G

MemTotal:        4016004 kB
MemFree:         1130876 kB
Active:           430772 kB
Mem:          3.8G       2.8G       1.1G       5.7M        63M       2.3G

MemTotal:        4016004 kB
MemFree:         1085816 kB
Active:           430776 kB
Mem:          3.8G       2.8G       1.0G       5.7M        63M       2.3G

MemTotal:        4016004 kB
MemFree:         1037980 kB
Active:           430784 kB
Mem:          3.8G       2.8G       1.0G       5.7M        63M       2.4G

MemTotal:        4016004 kB
MemFree:          992268 kB
Active:           430788 kB
Mem:          3.8G       2.9G       968M       5.7M        63M       2.4G

MemTotal:        4016004 kB
MemFree:          945672 kB
Active:           430788 kB
Mem:          3.8G       2.9G       922M       5.7M        63M       2.5G

MemTotal:        4016004 kB
MemFree:          899084 kB
Active:           428904 kB
Mem:          3.8G       3.0G       877M       5.7M        63M       2.5G

MemTotal:        4016004 kB
MemFree:          852784 kB
Active:           430972 kB
Mem:          3.8G       3.0G       832M       5.7M        63M       2.5G

MemTotal:        4016004 kB
MemFree:          806480 kB
Active:           430984 kB
Mem:          3.8G       3.1G       787M       5.7M        63M       2.6G

MemTotal:        4016004 kB
MemFree:          759856 kB
Active:           430992 kB
Mem:          3.8G       3.1G       741M       5.7M        63M       2.6G

MemTotal:        4016004 kB
MemFree:          714108 kB
Active:           430992 kB
Mem:          3.8G       3.1G       696M       5.7M        63M       2.7G

MemTotal:        4016004 kB
MemFree:          666432 kB
Active:           430996 kB
Mem:          3.8G       3.2G       650M       5.7M        63M       2.7G

MemTotal:        4016004 kB
MemFree:          638996 kB
Active:           431004 kB
Mem:          3.8G       3.2G       623M       5.7M        63M       2.7G

MemTotal:        4016004 kB
MemFree:          638396 kB
Active:           430960 kB
Mem:          3.8G       3.2G       623M       5.7M        63M       2.7G

MemTotal:        4016004 kB
MemFree:          638772 kB
Active:           430980 kB
Mem:          3.8G       3.2G       623M       5.7M        63M       2.7G

MemTotal:        4016004 kB
MemFree:          597760 kB
Active:           431016 kB
Mem:          3.8G       3.3G       582M       5.7M        63M       2.8G

MemTotal:        4016004 kB
MemFree:          550604 kB
Active:           431032 kB
Mem:          3.8G       3.3G       537M       5.7M        63M       2.8G

MemTotal:        4016004 kB
MemFree:          505108 kB
Active:           431040 kB
Mem:          3.8G       3.3G       492M       5.7M        63M       2.9G

MemTotal:        4016004 kB
MemFree:          458032 kB
Active:           431040 kB
Mem:          3.8G       3.4G       447M       5.7M        63M       2.9G

MemTotal:        4016004 kB
MemFree:          411916 kB
Active:           431036 kB
Mem:          3.8G       3.4G       402M       5.7M        63M       3.0G

MemTotal:        4016004 kB
MemFree:          365568 kB
Active:           431040 kB
Mem:          3.8G       3.5G       356M       5.7M        63M       3.0G

MemTotal:        4016004 kB
MemFree:          320540 kB
Active:           431044 kB
Mem:          3.8G       3.5G       312M       5.7M        63M       3.0G

MemTotal:        4016004 kB
MemFree:          291572 kB
Active:           431052 kB
Mem:          3.8G       3.6G       284M       5.7M        63M       3.1G

MemTotal:        4016004 kB
MemFree:          263828 kB
Active:           431060 kB
Mem:          3.8G       3.6G       257M       5.7M        63M       3.1G

MemTotal:        4016004 kB
MemFree:          218472 kB
Active:           431064 kB
Mem:          3.8G       3.6G       212M       5.7M        63M       3.1G

MemTotal:        4016004 kB
MemFree:          170564 kB
Active:           431064 kB
Mem:          3.8G       3.7G       166M       5.7M        63M       3.2G

MemTotal:        4016004 kB
MemFree:          123836 kB
Active:           429020 kB
Mem:          3.8G       3.7G       120M       5.7M        63M       3.2G

MemTotal:        4016004 kB
MemFree:          132940 kB
Active:           427708 kB
Mem:          3.8G       3.7G       129M       5.7M        29M       3.3G

MemTotal:        4016004 kB
MemFree:          132744 kB
Active:           427600 kB
Mem:          3.8G       3.7G       129M       5.7M        29M       3.3G

MemTotal:        4016004 kB
MemFree:          127356 kB
Active:           427592 kB
Mem:          3.8G       3.7G       123M       5.7M        29M       3.3G

MemTotal:        4016004 kB
MemFree:          113732 kB
Active:           439756 kB
Mem:          3.8G       3.7G       110M       5.7M        28M       3.3G

MemTotal:        4016004 kB
MemFree:          158604 kB
Active:           488796 kB
Mem:          3.8G       3.7G       153M       5.7M        28M       3.2G

MemTotal:        4016004 kB
MemFree:          113520 kB
Active:           488828 kB
Mem:          3.8G       3.7G       110M       5.7M        28M       3.3G

MemTotal:        4016004 kB
MemFree:          127652 kB
Active:           483580 kB
Mem:          3.8G       3.7G       124M       5.7M        28M       3.3G

MemTotal:        4016004 kB
MemFree:          122528 kB
Active:           478972 kB
Mem:          3.8G       3.7G       119M       5.7M        28M       3.3G

MemTotal:        4016004 kB
MemFree:          126308 kB
Active:           475132 kB
Mem:          3.8G       3.7G       123M       5.7M        28M       3.3G

MemTotal:        4016004 kB
MemFree:          119444 kB
Active:           470792 kB
Mem:          3.8G       3.7G       116M       5.7M        28M       3.3G

MemTotal:        4016004 kB
MemFree:          127344 kB
Active:           461916 kB
Mem:          3.8G       3.7G       124M       5.7M        28M       3.3G

MemTotal:        4016004 kB
MemFree:          123664 kB
Active:           457308 kB
Mem:          3.8G       3.7G       120M       5.7M        28M       3.3G

MemTotal:        4016004 kB
MemFree:          125776 kB
Active:           453468 kB
Mem:          3.8G       3.7G       122M       5.7M        28M       3.3G

MemTotal:        4016004 kB
MemFree:          121176 kB
Active:           448860 kB
Mem:          3.8G       3.7G       117M       5.7M        28M       3.3G

MemTotal:        4016004 kB
MemFree:          124272 kB
Active:           446052 kB
Mem:          3.8G       3.7G       121M       5.7M        28M       3.3G

MemTotal:        4016004 kB
MemFree:          120856 kB
Active:           444392 kB
Mem:          3.8G       3.7G       117M       5.7M        28M       3.3G

MemTotal:        4016004 kB
MemFree:          125712 kB
Active:           443000 kB
Mem:          3.8G       3.7G       121M       5.7M        28M       3.3G

MemTotal:        4016004 kB
MemFree:          121760 kB
Active:           441312 kB
Mem:          3.8G       3.7G       118M       5.7M        28M       3.3G

MemTotal:        4016004 kB
MemFree:          111576 kB
Active:           439324 kB
Mem:          3.8G       3.7G       108M       5.7M        28M       3.3G

MemTotal:        4016004 kB
MemFree:          118792 kB
Active:           438148 kB
Mem:          3.8G       3.7G       115M       5.7M        28M       3.3G

MemTotal:        4016004 kB
MemFree:          133136 kB
Active:           437080 kB
Mem:          3.8G       3.7G       129M       5.7M        28M       3.3G

MemTotal:        4016004 kB
MemFree:          134164 kB
Active:           435212 kB
Mem:          3.8G       3.7G       131M       5.7M        28M       3.3G

MemTotal:        4016004 kB
MemFree:          120412 kB
Active:           434060 kB
Mem:          3.8G       3.7G       117M       5.7M        28M       3.3G

MemTotal:        4016004 kB
MemFree:          110132 kB
Active:           432916 kB
Mem:          3.8G       3.7G       107M       5.7M        28M       3.3G

MemTotal:        4016004 kB
MemFree:          114484 kB
Active:           430996 kB
Mem:          3.8G       3.7G       111M       5.7M        28M       3.3G

MemTotal:        4016004 kB
MemFree:          127576 kB
Active:           429076 kB
Mem:          3.8G       3.7G       124M       5.7M        28M       3.3G

MemTotal:        4016004 kB
MemFree:          106456 kB
Active:           428448 kB
Mem:          3.8G       3.7G       103M       5.7M        28M       3.3G

MemTotal:        4016004 kB
MemFree:          115340 kB
Active:           427808 kB
Mem:          3.8G       3.7G       112M       5.7M        28M       3.3G

MemTotal:        4016004 kB
MemFree:          126488 kB
Active:           426796 kB
Mem:          3.8G       3.7G       123M       5.7M        28M       3.3G

MemTotal:        4016004 kB
MemFree:          107528 kB
Active:           426032 kB
Mem:          3.8G       3.7G       104M       5.7M        28M       3.3G

MemTotal:        4016004 kB
MemFree:          131708 kB
Active:           421704 kB
Mem:          3.8G       3.7G       128M       5.7M        28M       3.3G

MemTotal:        4016004 kB
MemFree:          142872 kB
Active:           419792 kB
Mem:          3.8G       3.7G       139M       5.7M        28M       3.2G

MemTotal:        4016004 kB
MemFree:          127664 kB
Active:           419672 kB
Mem:          3.8G       3.7G       124M       5.7M        28M       3.3G

MemTotal:        4016004 kB
MemFree:          123932 kB
Active:           419640 kB
Mem:          3.8G       3.7G       120M       5.7M        28M       3.3G

MemTotal:        4016004 kB
MemFree:          113852 kB
Active:           418528 kB
Mem:          3.8G       3.7G       110M       5.7M        28M       3.3G

MemTotal:        4016004 kB
MemFree:          116440 kB
Active:           416608 kB
Mem:          3.8G       3.7G       112M       5.7M        28M       3.3G

MemTotal:        4016004 kB
MemFree:          132220 kB
Active:           414816 kB
Mem:          3.8G       3.7G       128M       5.7M        28M       3.3G

MemTotal:        4016004 kB
MemFree:          120660 kB
Active:           413672 kB
Mem:          3.8G       3.7G       117M       5.7M        28M       3.3G

MemTotal:        4016004 kB
MemFree:          129532 kB
Active:           411624 kB
Mem:          3.8G       3.7G       125M       5.7M        28M       3.3G

MemTotal:        4016004 kB
MemFree:          119456 kB
Active:           410472 kB
Mem:          3.8G       3.7G       116M       5.7M        28M       3.3G

MemTotal:        4016004 kB
MemFree:          109360 kB
Active:           409192 kB
Mem:          3.8G       3.7G       106M       5.7M        28M       3.3G

MemTotal:        4016004 kB
MemFree:          117500 kB
Active:           407144 kB
Mem:          3.8G       3.7G       114M       5.7M        28M       3.3G

MemTotal:        4016004 kB
MemFree:          134960 kB
Active:           405624 kB
Mem:          3.8G       3.7G       132M       5.7M        28M       3.2G

MemTotal:        4016004 kB
MemFree:          106936 kB
Active:           405632 kB
Mem:          3.8G       3.7G       103M       5.7M        28M       3.3G

MemTotal:        4016004 kB
MemFree:          132756 kB
Active:           401320 kB
Mem:          3.8G       3.7G       129M       5.7M        28M       3.3G

MemTotal:        4016004 kB
MemFree:          128072 kB
Active:           397916 kB
Mem:          3.8G       3.7G       124M       5.7M        28M       3.3G

MemTotal:        4016004 kB
MemFree:          130056 kB
Active:           396260 kB
Mem:          3.8G       3.7G       126M       5.7M        28M       3.3G

MemTotal:        4016004 kB
MemFree:          129264 kB
Active:           394348 kB
Mem:          3.8G       3.7G       125M       5.7M        28M       3.3G

MemTotal:        4016004 kB
MemFree:          118732 kB
Active:           393328 kB
Mem:          3.8G       3.7G       116M       5.7M        28M       3.3G

MemTotal:        4016004 kB
MemFree:          119972 kB
Active:           391408 kB
Mem:          3.8G       3.7G       116M       5.7M        28M       3.3G

MemTotal:        4016004 kB
MemFree:          110772 kB
Active:           390132 kB
Mem:          3.8G       3.7G       107M       5.7M        28M       3.3G

MemTotal:        4016004 kB
MemFree:          111948 kB
Active:           388468 kB
Mem:          3.8G       3.7G       109M       5.7M        28M       3.3G

MemTotal:        4016004 kB
MemFree:          116440 kB
Active:           384568 kB
Mem:          3.8G       3.7G       113M       5.7M        28M       3.3G

MemTotal:        4016004 kB
MemFree:          109044 kB
Active:           383416 kB
Mem:          3.8G       3.7G       105M       5.7M        28M       3.3G

MemTotal:        4016004 kB
MemFree:          128548 kB
Active:           381500 kB
Mem:          3.8G       3.7G       125M       5.7M        28M       3.3G

MemTotal:        4016004 kB
MemFree:          123576 kB
Active:           379848 kB
Mem:          3.8G       3.7G       120M       5.7M        28M       3.3G

MemTotal:        4016004 kB
MemFree:          143728 kB
Active:           377672 kB
Mem:          3.8G       3.7G       140M       5.7M        28M       3.2G

MemTotal:        4016004 kB
MemFree:          134996 kB
Active:           376528 kB
Mem:          3.8G       3.7G       131M       5.7M        28M       3.2G

MemTotal:        4016004 kB
MemFree:          123616 kB
Active:           375380 kB
Mem:          3.8G       3.7G       120M       5.7M        28M       3.3G

MemTotal:        4016004 kB
MemFree:          126132 kB
Active:           373600 kB
Mem:          3.8G       3.7G       122M       5.7M        28M       3.3G

MemTotal:        4016004 kB
MemFree:          133164 kB
Active:           371936 kB
Mem:          3.8G       3.7G       129M       5.7M        28M       3.2G

MemTotal:        4016004 kB
MemFree:          124164 kB
Active:           371808 kB
Mem:          3.8G       3.7G       120M       5.7M        28M       3.3G

MemTotal:        4016004 kB
MemFree:          104592 kB
Active:           371816 kB
Mem:          3.8G       3.7G       107M       5.7M        28M       3.3G

MemTotal:        4016004 kB
MemFree:          123600 kB
Active:           371816 kB
Mem:          3.8G       3.7G       120M       5.7M        28M       3.3G

MemTotal:        4016004 kB
MemFree:          126596 kB
Active:           371816 kB
Mem:          3.8G       3.7G       123M       5.7M        28M       3.3G

MemTotal:        4016004 kB
MemFree:          122336 kB
Active:           371816 kB
Mem:          3.8G       3.7G       118M       5.7M        28M       3.3G

MemTotal:        4016004 kB
MemFree:          125236 kB
Active:           371820 kB
Mem:          3.8G       3.7G       121M       5.7M        28M       3.3G

MemTotal:        4016004 kB
MemFree:          114080 kB
Active:           369072 kB
Mem:          3.8G       3.7G       110M       5.7M        28M       3.3G

MemTotal:        4016004 kB
MemFree:          125640 kB
Active:           367692 kB
Mem:          3.8G       3.7G       122M       5.7M        28M       3.3G

MemTotal:        4016004 kB
MemFree:          115396 kB
Active:           367692 kB
Mem:          3.8G       3.7G       112M       5.7M        28M       3.3G

MemTotal:        4016004 kB
MemFree:          106832 kB
Active:           369776 kB
Mem:          3.8G       3.7G       103M       5.7M        28M       3.3G

MemTotal:        4016004 kB
MemFree:          124368 kB
Active:           369492 kB
Mem:          3.8G       3.7G       121M       5.7M        28M       3.3G

MemTotal:        4016004 kB
MemFree:          126980 kB
Active:           369504 kB
Mem:          3.8G       3.7G       123M       5.7M        28M       3.3G

MemTotal:        4016004 kB
MemFree:          127292 kB
Active:           369488 kB
Mem:          3.8G       3.7G       124M       5.7M        28M       3.3G

MemTotal:        4016004 kB
MemFree:          127516 kB
Active:           369476 kB
Mem:          3.8G       3.7G       124M       5.7M        28M       3.3G

MemTotal:        4016004 kB
MemFree:          120928 kB
Active:           369512 kB
Mem:          3.8G       3.7G       117M       5.7M        28M       3.3G

MemTotal:        4016004 kB
MemFree:          105456 kB
Active:           369296 kB
Mem:          3.8G       3.7G       102M       5.7M        28M       3.3G

MemTotal:        4016004 kB
MemFree:          121952 kB
Active:           369304 kB
Mem:          3.8G       3.7G       118M       5.7M        28M       3.3G

MemTotal:        4016004 kB
MemFree:          124488 kB
Active:           369096 kB
Mem:          3.8G       3.7G       121M       5.7M        28M       3.3G

MemTotal:        4016004 kB
MemFree:          119748 kB
Active:           368796 kB
Mem:          3.8G       3.7G       116M       5.7M        28M       3.3G

MemTotal:        4016004 kB
MemFree:          104976 kB
Active:           368796 kB
Mem:          3.8G       3.7G       107M       5.7M        28M       3.3G

MemTotal:        4016004 kB
MemFree:          125944 kB
Active:           368668 kB
Mem:          3.8G       3.7G       122M       5.7M        28M       3.3G

MemTotal:        4016004 kB
MemFree:          117308 kB
Active:           368640 kB
Mem:          3.8G       3.7G       114M       5.7M        28M       3.3G

MemTotal:        4016004 kB
MemFree:          133916 kB
Active:           368356 kB
Mem:          3.8G       3.7G       130M       5.7M        28M       3.2G

MemTotal:        4016004 kB
MemFree:          119172 kB
Active:           368360 kB
Mem:          3.8G       3.7G       115M       5.7M        28M       3.3G

MemTotal:        4016004 kB
MemFree:          108800 kB
Active:           368060 kB
Mem:          3.8G       3.7G       106M       5.7M        28M       3.3G

MemTotal:        4016004 kB
MemFree:          137188 kB
Active:           368064 kB
Mem:          3.8G       3.7G       133M       5.7M        28M       3.2G

MemTotal:        4016004 kB
MemFree:          133376 kB
Active:           368032 kB
Mem:          3.8G       3.7G       129M       5.7M        28M       3.2G

MemTotal:        4016004 kB
MemFree:          111572 kB
Active:           368056 kB
Mem:          3.8G       3.7G       108M       5.7M        28M       3.3G

MemTotal:        4016004 kB
MemFree:          115552 kB
Active:           368084 kB
Mem:          3.8G       3.7G       112M       5.7M        28M       3.3G

MemTotal:        4016004 kB
MemFree:          105396 kB
Active:           368084 kB
Mem:          3.8G       3.7G       102M       5.7M        28M       3.3G

MemTotal:        4016004 kB
MemFree:          126632 kB
Active:           367156 kB
Mem:          3.8G       3.7G       122M       5.7M        28M       3.3G

MemTotal:        4016004 kB
MemFree:          128064 kB
Active:           367172 kB
Mem:          3.8G       3.7G       124M       5.7M        28M       3.3G

MemTotal:        4016004 kB
MemFree:          127476 kB
Active:           367136 kB
Mem:          3.8G       3.7G       124M       5.7M        28M       3.3G

MemTotal:        4016004 kB
MemFree:          127604 kB
Active:           367168 kB
Mem:          3.8G       3.7G       124M       5.7M        28M       3.3G

MemTotal:        4016004 kB
MemFree:          122928 kB
Active:           367128 kB
Mem:          3.8G       3.7G       119M       5.7M        28M       3.3G

MemTotal:        4016004 kB
MemFree:          125376 kB
Active:           367188 kB
Mem:          3.8G       3.7G       121M       5.7M        28M       3.3G

MemTotal:        4016004 kB
MemFree:          118820 kB
Active:           367192 kB
Mem:          3.8G       3.7G       115M       5.7M        28M       3.3G

MemTotal:        4016004 kB
MemFree:          126364 kB
Active:           367192 kB
Mem:          3.8G       3.7G       123M       5.7M        28M       3.3G

MemTotal:        4016004 kB
MemFree:          119856 kB
Active:           367204 kB
Mem:          3.8G       3.7G       116M       5.7M        28M       3.3G

MemTotal:        4016004 kB
MemFree:          127104 kB
Active:           367200 kB
Mem:          3.8G       3.7G       123M       5.7M        28M       3.3G

MemTotal:        4016004 kB
MemFree:          124880 kB
Active:           364972 kB
Mem:          3.8G       3.7G       121M       5.7M        28M       3.3G

MemTotal:        4016004 kB
MemFree:          127364 kB
Active:           364976 kB
Mem:          3.8G       3.7G       123M       5.7M        28M       3.3G

MemTotal:        4016004 kB
MemFree:          132972 kB
Active:           364976 kB
Mem:          3.8G       3.7G       129M       5.7M        28M       3.2G

MemTotal:        4016004 kB
MemFree:          123896 kB
Active:           364980 kB
Mem:          3.8G       3.7G       120M       5.7M        28M       3.3G

MemTotal:        4016004 kB
MemFree:          114232 kB
Active:           364984 kB
Mem:          3.8G       3.7G       111M       5.7M        28M       3.3G

MemTotal:        4016004 kB
MemFree:          134516 kB
Active:           364984 kB
Mem:          3.8G       3.7G       130M       5.7M        28M       3.2G

MemTotal:        4016004 kB
MemFree:          121956 kB
Active:           364960 kB
Mem:          3.8G       3.7G       118M       5.7M        28M       3.3G

MemTotal:        4016004 kB
MemFree:          127160 kB
Active:           366636 kB
Mem:          3.8G       3.7G       124M       5.7M        28M       3.3G

MemTotal:        4016004 kB
MemFree:          122796 kB
Active:           366644 kB
Mem:          3.8G       3.7G       119M       5.7M        28M       3.3G

MemTotal:        4016004 kB
MemFree:          123020 kB
Active:           366644 kB
Mem:          3.8G       3.7G       119M       5.7M        28M       3.3G

MemTotal:        4016004 kB
MemFree:          108676 kB
Active:           365904 kB
Mem:          3.8G       3.7G       106M       5.7M        28M       3.3G

MemTotal:        4016004 kB
MemFree:          123412 kB
Active:           365904 kB
Mem:          3.8G       3.7G       120M       5.7M        28M       3.3G

MemTotal:        4016004 kB
MemFree:          119104 kB
Active:           365776 kB
Mem:          3.8G       3.7G       116M       5.7M        28M       3.3G

MemTotal:        4016004 kB
MemFree:          108964 kB
Active:           365788 kB
Mem:          3.8G       3.7G       106M       5.7M        28M       3.3G

MemTotal:        4016004 kB
MemFree:          116104 kB
Active:           365760 kB
Mem:          3.8G       3.7G       113M       5.7M        28M       3.3G

MemTotal:        4016004 kB
MemFree:          105452 kB
Active:           365776 kB
Mem:          3.8G       3.7G       102M       5.7M        28M       3.3G

MemTotal:        4016004 kB
MemFree:          125860 kB
Active:           365788 kB
Mem:          3.8G       3.7G       123M       5.7M        28M       3.3G

MemTotal:        4016004 kB
MemFree:          131528 kB
Active:           364056 kB
Mem:          3.8G       3.7G       127M       5.7M        28M       3.2G

MemTotal:        4016004 kB
MemFree:          131192 kB
Active:           364064 kB
Mem:          3.8G       3.7G       127M       5.7M        28M       3.2G

MemTotal:        4016004 kB
MemFree:          127564 kB
Active:           364068 kB
Mem:          3.8G       3.7G       123M       5.7M        28M       3.2G

MemTotal:        4016004 kB
MemFree:          131092 kB
Active:           364068 kB
Mem:          3.8G       3.7G       127M       5.7M        28M       3.2G

MemTotal:        4016004 kB
MemFree:          108816 kB
Active:           364068 kB
Mem:          3.8G       3.7G       106M       5.7M        28M       3.3G

MemTotal:        4016004 kB
MemFree:          124660 kB
Active:           364068 kB
Mem:          3.8G       3.7G       121M       5.7M        28M       3.3G

MemTotal:        4016004 kB
MemFree:          127844 kB
Active:           364076 kB
Mem:          3.8G       3.7G       123M       5.7M        28M       3.2G

MemTotal:        4016004 kB
MemFree:          125552 kB
Active:           364080 kB
Mem:          3.8G       3.7G       122M       5.7M        28M       3.3G

MemTotal:        4016004 kB
MemFree:          110216 kB
Active:           364080 kB
Mem:          3.8G       3.7G       106M       5.7M        28M       3.3G

MemTotal:        4016004 kB
MemFree:          130980 kB
Active:           362504 kB
Mem:          3.8G       3.7G       127M       5.7M        28M       3.2G

MemTotal:        4016004 kB
MemFree:          115108 kB
Active:           363348 kB
Mem:          3.8G       3.7G       111M       5.7M        28M       3.3G

MemTotal:        4016004 kB
MemFree:          128512 kB
Active:           362996 kB
Mem:          3.8G       3.7G       125M       5.7M        28M       3.2G

MemTotal:        4016004 kB
MemFree:          126644 kB
Active:           363004 kB
Mem:          3.8G       3.7G       123M       5.7M        28M       3.2G

MemTotal:        4016004 kB
MemFree:          129116 kB
Active:           363016 kB
Mem:          3.8G       3.7G       125M       5.7M        28M       3.2G

MemTotal:        4016004 kB
MemFree:          119552 kB
Active:           363016 kB
Mem:          3.8G       3.7G       116M       5.7M        28M       3.3G

MemTotal:        4016004 kB
MemFree:          122216 kB
Active:           363016 kB
Mem:          3.8G       3.7G       118M       5.7M        28M       3.3G

MemTotal:        4016004 kB
MemFree:          124064 kB
Active:           363016 kB
Mem:          3.8G       3.7G       120M       5.7M        28M       3.3G

MemTotal:        4016004 kB
MemFree:          123748 kB
Active:           363028 kB
Mem:          3.8G       3.7G       120M       5.7M        28M       3.3G

MemTotal:        4016004 kB
MemFree:          107988 kB
Active:           357912 kB
Mem:          3.8G       3.7G       104M       5.7M        28M       3.3G

MemTotal:        4016004 kB
MemFree:          123488 kB
Active:           357916 kB
Mem:          3.8G       3.7G       120M       5.7M        28M       3.3G

MemTotal:        4016004 kB
MemFree:          126536 kB
Active:           357916 kB
Mem:          3.8G       3.7G       123M       5.7M        28M       3.3G

MemTotal:        4016004 kB
MemFree:          118984 kB
Active:           357864 kB
Mem:          3.8G       3.7G       115M       5.7M        28M       3.3G

MemTotal:        4016004 kB
MemFree:          126304 kB
Active:           357928 kB
Mem:          3.8G       3.7G       122M       5.7M        28M       3.3G

MemTotal:        4016004 kB
MemFree:          122892 kB
Active:           357940 kB
Mem:          3.8G       3.7G       119M       5.7M        28M       3.3G

MemTotal:        4016004 kB
MemFree:          120184 kB
Active:           357944 kB
Mem:          3.8G       3.7G       117M       5.7M        28M       3.3G

MemTotal:        4016004 kB
MemFree:          108084 kB
Active:           357940 kB
Mem:          3.8G       3.7G       105M       5.7M        28M       3.3G

MemTotal:        4016004 kB
MemFree:          127080 kB
Active:           357952 kB
Mem:          3.8G       3.7G       123M       5.7M        28M       3.2G

MemTotal:        4016004 kB
MemFree:          126680 kB
Active:           357924 kB
Mem:          3.8G       3.7G       123M       5.7M        28M       3.2G

MemTotal:        4016004 kB
MemFree:          111096 kB
Active:           357964 kB
Mem:          3.8G       3.7G       108M       5.7M        28M       3.3G

MemTotal:        4016004 kB
MemFree:          133960 kB
Active:           355176 kB
Mem:          3.8G       3.7G       130M       5.7M        28M       3.2G

MemTotal:        4016004 kB
MemFree:          133648 kB
Active:           356132 kB
Mem:          3.8G       3.7G       130M       5.7M        28M       3.2G

MemTotal:        4016004 kB
MemFree:          125404 kB
Active:           356132 kB
Mem:          3.8G       3.7G       121M       5.7M        28M       3.3G

MemTotal:        4016004 kB
MemFree:          125552 kB
Active:           356140 kB
Mem:          3.8G       3.7G       122M       5.7M        28M       3.2G

MemTotal:        4016004 kB
MemFree:          127024 kB
Active:           356140 kB
Mem:          3.8G       3.7G       123M       5.7M        28M       3.2G

MemTotal:        4016004 kB
MemFree:          135664 kB
Active:           356144 kB
Mem:          3.8G       3.7G       132M       5.7M        28M       3.2G

MemTotal:        4016004 kB
MemFree:          130284 kB
Active:           356112 kB
Mem:          3.8G       3.7G       126M       5.7M        28M       3.2G

MemTotal:        4016004 kB
MemFree:          127180 kB
Active:           356164 kB
Mem:          3.8G       3.7G       124M       5.7M        28M       3.2G

MemTotal:        4016004 kB
MemFree:          127108 kB
Active:           356236 kB
Mem:          3.8G       3.7G       124M       5.7M        28M       3.2G

MemTotal:        4016004 kB
MemFree:          117640 kB
Active:           356172 kB
Mem:          3.8G       3.7G       114M       5.7M        28M       3.3G

MemTotal:        4016004 kB
MemFree:          125656 kB
Active:           356196 kB
Mem:          3.8G       3.7G       122M       5.7M        28M       3.2G

MemTotal:        4016004 kB
MemFree:          115836 kB
Active:           356200 kB
Mem:          3.8G       3.7G       112M       5.7M        28M       3.3G

MemTotal:        4016004 kB
MemFree:          134824 kB
Active:           356204 kB
Mem:          3.8G       3.7G       132M       5.7M        28M       3.2G

MemTotal:        4016004 kB
MemFree:          122244 kB
Active:           353652 kB
Mem:          3.8G       3.7G       119M       5.7M        28M       3.3G

MemTotal:        4016004 kB
MemFree:          112604 kB
Active:           353652 kB
Mem:          3.8G       3.7G       109M       5.7M        28M       3.3G

MemTotal:        4016004 kB
MemFree:          121344 kB
Active:           353656 kB
Mem:          3.8G       3.7G       117M       5.7M        28M       3.3G

MemTotal:        4016004 kB
MemFree:          112196 kB
Active:           353664 kB
Mem:          3.8G       3.7G       109M       5.7M        28M       3.3G

MemTotal:        4016004 kB
MemFree:          116264 kB
Active:           353664 kB
Mem:          3.8G       3.7G       113M       5.7M        28M       3.3G

MemTotal:        4016004 kB
MemFree:          105760 kB
Active:           353680 kB
Mem:          3.8G       3.7G       102M       5.7M        28M       3.3G

MemTotal:        4016004 kB
MemFree:          108080 kB
Active:           353552 kB
Mem:          3.8G       3.7G       104M       5.7M        28M       3.3G

MemTotal:        4016004 kB
MemFree:          128956 kB
Active:           353520 kB
Mem:          3.8G       3.7G       125M       5.7M        28M       3.2G

MemTotal:        4016004 kB
MemFree:          114760 kB
Active:           353564 kB
Mem:          3.8G       3.7G       111M       5.7M        28M       3.3G

MemTotal:        4016004 kB
MemFree:          114268 kB
Active:           353432 kB
Mem:          3.8G       3.7G       111M       5.7M        28M       3.3G

MemTotal:        4016004 kB
MemFree:          128256 kB
Active:           353588 kB
Mem:          3.8G       3.7G       125M       5.7M        28M       3.2G

MemTotal:        4016004 kB
MemFree:          119144 kB
Active:           353544 kB
Mem:          3.8G       3.7G       115M       5.7M        28M       3.3G

MemTotal:        4016004 kB
MemFree:          126936 kB
Active:           353596 kB
Mem:          3.8G       3.7G       122M       5.7M        28M       3.2G

MemTotal:        4016004 kB
MemFree:          119424 kB
Active:           351024 kB
Mem:          3.8G       3.7G       116M       5.7M        28M       3.3G

MemTotal:        4016004 kB
MemFree:          124580 kB
Active:           350896 kB
Mem:          3.8G       3.7G       126M       5.7M        28M       3.2G

MemTotal:        4016004 kB
MemFree:          120420 kB
Active:           350896 kB
Mem:          3.8G       3.7G       117M       5.7M        28M       3.3G

MemTotal:        4016004 kB
MemFree:          128500 kB
Active:           350868 kB
Mem:          3.8G       3.7G       125M       5.7M        28M       3.2G

MemTotal:        4016004 kB
MemFree:          112188 kB
Active:           350896 kB
Mem:          3.8G       3.7G       109M       5.7M        28M       3.3G

MemTotal:        4016004 kB
MemFree:          126104 kB
Active:           350904 kB
Mem:          3.8G       3.7G       123M       5.7M        28M       3.2G

MemTotal:        4016004 kB
MemFree:          131448 kB
Active:           350904 kB
Mem:          3.8G       3.7G       131M       5.7M        28M       3.2G

MemTotal:        4016004 kB
MemFree:          121124 kB
Active:           350912 kB
Mem:          3.8G       3.7G       117M       5.7M        28M       3.3G

MemTotal:        4016004 kB
MemFree:          127112 kB
Active:           350916 kB
Mem:          3.8G       3.7G       124M       5.7M        28M       3.2G

MemTotal:        4016004 kB
MemFree:          108440 kB
Active:           350916 kB
Mem:          3.8G       3.7G       105M       5.7M        28M       3.3G

MemTotal:        4016004 kB
MemFree:          105124 kB
Active:           350928 kB
Mem:          3.8G       3.7G       102M       5.7M        28M       3.3G

MemTotal:        4016004 kB
MemFree:          106548 kB
Active:           350932 kB
Mem:          3.8G       3.7G       103M       5.7M        28M       3.3G

MemTotal:        4016004 kB
MemFree:          114620 kB
Active:           350944 kB
Mem:          3.8G       3.7G       111M       5.7M        28M       3.3G

MemTotal:        4016004 kB
MemFree:          131484 kB
Active:           348940 kB
Mem:          3.8G       3.7G       128M       5.7M        28M       3.2G

MemTotal:        4016004 kB
MemFree:          116472 kB
Active:           348820 kB
Mem:          3.8G       3.7G       113M       5.7M        28M       3.3G

MemTotal:        4016004 kB
MemFree:          105688 kB
Active:           348840 kB
Mem:          3.8G       3.7G       103M       5.7M        28M       3.3G

MemTotal:        4016004 kB
MemFree:          126312 kB
Active:           348840 kB
Mem:          3.8G       3.7G       122M       5.7M        28M       3.2G

MemTotal:        4016004 kB
MemFree:          128796 kB
Active:           348804 kB
Mem:          3.8G       3.7G       125M       5.7M        28M       3.2G

MemTotal:        4016004 kB
MemFree:          120912 kB
Active:           348840 kB
Mem:          3.8G       3.7G       118M       5.7M        28M       3.2G

MemTotal:        4016004 kB
MemFree:          114560 kB
Active:           348796 kB
Mem:          3.8G       3.7G       112M       5.7M        28M       3.3G

MemTotal:        4016004 kB
MemFree:          125148 kB
Active:           348852 kB
Mem:          3.8G       3.7G       122M       5.7M        28M       3.2G

MemTotal:        4016004 kB
MemFree:          116024 kB
Active:           348836 kB
Mem:          3.8G       3.7G       113M       5.7M        28M       3.3G

MemTotal:        4016004 kB
MemFree:          119740 kB
Active:           348816 kB
Mem:          3.8G       3.7G       116M       5.7M        28M       3.2G

MemTotal:        4016004 kB
MemFree:          108144 kB
Active:           350624 kB
Mem:          3.8G       3.7G       105M       5.7M        28M       3.3G

MemTotal:        4016004 kB
MemFree:          122904 kB
Active:           350508 kB
Mem:          3.8G       3.7G       119M       5.7M        28M       3.2G

MemTotal:        4016004 kB
MemFree:          116980 kB
Active:           350512 kB
Mem:          3.8G       3.7G       114M       5.7M        28M       3.2G

MemTotal:        4016004 kB
MemFree:          133944 kB
Active:           350484 kB
Mem:          3.8G       3.7G       132M       5.7M        28M       3.2G

MemTotal:        4016004 kB
MemFree:          119804 kB
Active:           350480 kB
Mem:          3.8G       3.7G       116M       5.7M        28M       3.2G

MemTotal:        4016004 kB
MemFree:          127824 kB
Active:           350524 kB
Mem:          3.8G       3.7G       124M       5.7M        28M       3.2G

MemTotal:        4016004 kB
MemFree:          123044 kB
Active:           350524 kB
Mem:          3.8G       3.7G       120M       5.7M        28M       3.2G

MemTotal:        4016004 kB
MemFree:          127288 kB
Active:           350380 kB
Mem:          3.8G       3.7G       123M       5.7M        28M       3.2G

MemTotal:        4016004 kB
MemFree:          118944 kB
Active:           350256 kB
Mem:          3.8G       3.7G       116M       5.7M        28M       3.2G

MemTotal:        4016004 kB
MemFree:          128032 kB
Active:           350256 kB
Mem:          3.8G       3.7G       124M       5.7M        28M       3.2G

MemTotal:        4016004 kB
MemFree:          107420 kB
Active:           350256 kB
Mem:          3.8G       3.7G       104M       5.7M        28M       3.3G

MemTotal:        4016004 kB
MemFree:          123816 kB
Active:           350240 kB
Mem:          3.8G       3.7G       125M       5.7M        28M       3.2G

MemTotal:        4016004 kB
MemFree:          123880 kB
Active:           350280 kB
Mem:          3.8G       3.7G       121M       5.7M        28M       3.2G

MemTotal:        4016004 kB
MemFree:          123976 kB
Active:           350260 kB
Mem:          3.8G       3.7G       121M       5.7M        28M       3.2G

MemTotal:        4016004 kB
MemFree:          108532 kB
Active:           350240 kB
Mem:          3.8G       3.7G       105M       5.7M        28M       3.3G

MemTotal:        4016004 kB
MemFree:          123108 kB
Active:           350288 kB
Mem:          3.8G       3.7G       119M       5.7M        28M       3.2G

MemTotal:        4016004 kB
MemFree:          126064 kB
Active:           350292 kB
Mem:          3.8G       3.7G       122M       5.7M        28M       3.2G

MemTotal:        4016004 kB
MemFree:          121412 kB
Active:           350272 kB
Mem:          3.8G       3.7G       118M       5.7M        28M       3.2G

MemTotal:        4016004 kB
MemFree:          133928 kB
Active:           350300 kB
Mem:          3.8G       3.7G       132M       5.7M        28M       3.2G

MemTotal:        4016004 kB
MemFree:          121040 kB
Active:           350300 kB
Mem:          3.8G       3.7G       117M       5.7M        28M       3.2G

MemTotal:        4016004 kB
MemFree:          108468 kB
Active:           349976 kB
Mem:          3.8G       3.7G       106M       5.7M        28M       3.3G

MemTotal:        4016004 kB
MemFree:          108716 kB
Active:           351988 kB
Mem:          3.8G       3.7G       105M       5.7M        28M       3.3G

MemTotal:        4016004 kB
MemFree:          108716 kB
Active:           351972 kB
Mem:          3.8G       3.7G       105M       5.7M        28M       3.3G

MemTotal:        4016004 kB
MemFree:          108716 kB
Active:           351984 kB
Mem:          3.8G       3.7G       105M       5.7M        28M       3.3G

MemTotal:        4016004 kB
MemFree:          108716 kB
Active:           351992 kB
Mem:          3.8G       3.7G       105M       5.7M        28M       3.3G

MemTotal:        4016004 kB
MemFree:          108716 kB
Active:           352008 kB
Mem:          3.8G       3.7G       105M       5.7M        28M       3.3G

MemTotal:        4016004 kB
MemFree:          108716 kB
Active:           352008 kB
Mem:          3.8G       3.7G       105M       5.7M        28M       3.3G

MemTotal:        4016004 kB
MemFree:          108716 kB
Active:           352032 kB
Mem:          3.8G       3.7G       105M       5.7M        28M       3.3G

MemTotal:        4016004 kB
MemFree:          108592 kB
Active:           352012 kB
Mem:          3.8G       3.7G       105M       5.7M        28M       3.3G

MemTotal:        4016004 kB
MemFree:          108716 kB
Active:           352000 kB
Mem:          3.8G       3.7G       105M       5.7M        28M       3.3G

MemTotal:        4016004 kB
MemFree:          108840 kB
Active:           352004 kB
Mem:          3.8G       3.7G       105M       5.7M        28M       3.3G

MemTotal:        4016004 kB
MemFree:          108716 kB
Active:           352020 kB
Mem:          3.8G       3.7G       106M       5.7M        28M       3.3G

MemTotal:        4016004 kB
MemFree:          108468 kB
Active:           352008 kB
Mem:          3.8G       3.7G       105M       5.7M        28M       3.3G

MemTotal:        4016004 kB
MemFree:          108716 kB
Active:           352000 kB
Mem:          3.8G       3.7G       105M       5.7M        28M       3.3G

MemTotal:        4016004 kB
MemFree:          108468 kB
Active:           352008 kB
Mem:          3.8G       3.7G       105M       5.7M        28M       3.3G

MemTotal:        4016004 kB
MemFree:          108592 kB
Active:           352016 kB
Mem:          3.8G       3.7G       106M       5.7M        28M       3.3G

MemTotal:        4016004 kB
MemFree:          108592 kB
Active:           352012 kB
Mem:          3.8G       3.7G       105M       5.7M        28M       3.3G

MemTotal:        4016004 kB
MemFree:          108592 kB
Active:           352024 kB
Mem:          3.8G       3.7G       105M       5.7M        28M       3.3G

MemTotal:        4016004 kB
MemFree:          108468 kB
Active:           352020 kB
Mem:          3.8G       3.7G       105M       5.7M        28M       3.3G

MemTotal:        4016004 kB
MemFree:          108468 kB
Active:           352004 kB
Mem:          3.8G       3.7G       105M       5.7M        28M       3.3G

MemTotal:        4016004 kB
MemFree:          108716 kB
Active:           352012 kB
Mem:          3.8G       3.7G       105M       5.7M        28M       3.3G

MemTotal:        4016004 kB
MemFree:          108520 kB
Active:           352032 kB
Mem:          3.8G       3.7G       105M       5.7M        28M       3.3G

MemTotal:        4016004 kB
MemFree:          108364 kB
Active:           352024 kB
Mem:          3.8G       3.7G       105M       5.7M        28M       3.3G

MemTotal:        4016004 kB
MemFree:          108396 kB
Active:           352080 kB
Mem:          3.8G       3.7G       105M       5.7M        28M       3.3G

MemTotal:        4016004 kB
MemFree:          108368 kB
Active:           352024 kB
Mem:          3.8G       3.7G       105M       5.7M        28M       3.3G

MemTotal:        4016004 kB
MemFree:          108780 kB
Active:           352052 kB
Mem:          3.8G       3.7G       105M       5.7M        28M       3.3G

MemTotal:        4016004 kB
MemFree:          108316 kB
Active:           352044 kB
Mem:          3.8G       3.7G       105M       5.7M        28M       3.3G

MemTotal:        4016004 kB
MemFree:          108564 kB
Active:           352044 kB
Mem:          3.8G       3.7G       105M       5.7M        28M       3.3G

MemTotal:        4016004 kB
MemFree:          108688 kB
Active:           352088 kB
Mem:          3.8G       3.7G       106M       5.7M        28M       3.3G

MemTotal:        4016004 kB
MemFree:          108936 kB
Active:           352068 kB
Mem:          3.8G       3.7G       106M       5.7M        28M       3.3G

MemTotal:        4016004 kB
MemFree:          108812 kB
Active:           352052 kB
Mem:          3.8G       3.7G       106M       5.7M        28M       3.3G

MemTotal:        4016004 kB
MemFree:          108812 kB
Active:           352048 kB
Mem:          3.8G       3.7G       106M       5.7M        28M       3.3G

MemTotal:        4016004 kB
MemFree:          108936 kB
Active:           352052 kB
Mem:          3.8G       3.7G       105M       5.7M        28M       3.3G

MemTotal:        4016004 kB
MemFree:          108936 kB
Active:           352088 kB
Mem:          3.8G       3.7G       105M       5.7M        28M       3.3G

MemTotal:        4016004 kB
MemFree:          108812 kB
Active:           352056 kB
Mem:          3.8G       3.7G       105M       5.7M        28M       3.3G

MemTotal:        4016004 kB
MemFree:          108812 kB
Active:           352076 kB
Mem:          3.8G       3.7G       105M       5.7M        28M       3.3G

MemTotal:        4016004 kB
MemFree:          108936 kB
Active:           352096 kB
Mem:          3.8G       3.7G       105M       5.7M        28M       3.3G

MemTotal:        4016004 kB
MemFree:          108440 kB
Active:           352076 kB
Mem:          3.8G       3.7G       105M       5.7M        28M       3.3G

MemTotal:        4016004 kB
MemFree:          108316 kB
Active:           352072 kB
Mem:          3.8G       3.7G       105M       5.7M        28M       3.3G

MemTotal:        4016004 kB
MemFree:          108316 kB
Active:           352108 kB
Mem:          3.8G       3.7G       105M       5.7M        28M       3.3G

MemTotal:        4016004 kB
MemFree:          108564 kB
Active:           352080 kB
Mem:          3.8G       3.7G       105M       5.7M        28M       3.3G

MemTotal:        4016004 kB
MemFree:          108316 kB
Active:           352068 kB
Mem:          3.8G       3.7G       105M       5.7M        28M       3.3G

MemTotal:        4016004 kB
MemFree:          108440 kB
Active:           352080 kB
Mem:          3.8G       3.7G       105M       5.7M        28M       3.3G

MemTotal:        4016004 kB
MemFree:          108688 kB
Active:           352116 kB
Mem:          3.8G       3.7G       105M       5.7M        28M       3.3G

MemTotal:        4016004 kB
MemFree:          108688 kB
Active:           352072 kB
Mem:          3.8G       3.7G       105M       5.7M        28M       3.3G

MemTotal:        4016004 kB
MemFree:          108812 kB
Active:           352096 kB
Mem:          3.8G       3.7G       106M       5.7M        28M       3.3G

MemTotal:        4016004 kB
MemFree:          108812 kB
Active:           352072 kB
Mem:          3.8G       3.7G       106M       5.7M        28M       3.3G

MemTotal:        4016004 kB
MemFree:          109060 kB
Active:           352072 kB
Mem:          3.8G       3.7G       106M       5.7M        28M       3.3G

MemTotal:        4016004 kB
MemFree:          108936 kB
Active:           352092 kB
Mem:          3.8G       3.7G       106M       5.7M        28M       3.3G

MemTotal:        4016004 kB
MemFree:          108936 kB
Active:           352108 kB
Mem:          3.8G       3.7G       106M       5.7M        28M       3.3G

MemTotal:        4016004 kB
MemFree:          109060 kB
Active:           352080 kB
Mem:          3.8G       3.7G       106M       5.7M        28M       3.3G

MemTotal:        4016004 kB
MemFree:          108440 kB
Active:           352080 kB
Mem:          3.8G       3.7G       105M       5.7M        28M       3.3G

MemTotal:        4016004 kB
MemFree:          108564 kB
Active:           352104 kB
Mem:          3.8G       3.7G       105M       5.7M        28M       3.3G

MemTotal:        4016004 kB
MemFree:          108564 kB
Active:           352092 kB
Mem:          3.8G       3.7G       106M       5.7M        28M       3.3G

MemTotal:        4016004 kB
MemFree:          108812 kB
Active:           352100 kB
Mem:          3.8G       3.7G       105M       5.7M        28M       3.3G

MemTotal:        4016004 kB
MemFree:          108688 kB
Active:           352092 kB
Mem:          3.8G       3.7G       105M       5.7M        28M       3.3G

MemTotal:        4016004 kB
MemFree:          108812 kB
Active:           352108 kB
Mem:          3.8G       3.7G       105M       5.7M        28M       3.3G

MemTotal:        4016004 kB
MemFree:          108688 kB
Active:           352124 kB
Mem:          3.8G       3.7G       105M       5.7M        28M       3.3G

MemTotal:        4016004 kB
MemFree:          108688 kB
Active:           352140 kB
Mem:          3.8G       3.7G       105M       5.7M        28M       3.3G

MemTotal:        4016004 kB
MemFree:          108936 kB
Active:           352112 kB
Mem:          3.8G       3.7G       106M       5.7M        28M       3.3G

MemTotal:        4016004 kB
MemFree:          108812 kB
Active:           352128 kB
Mem:          3.8G       3.7G       106M       5.7M        28M       3.3G

MemTotal:        4016004 kB
MemFree:          108812 kB
Active:           352112 kB
Mem:          3.8G       3.7G       105M       5.7M        28M       3.3G

MemTotal:        4016004 kB
MemFree:          108688 kB
Active:           352128 kB
Mem:          3.8G       3.7G       105M       5.7M        28M       3.3G

MemTotal:        4016004 kB
MemFree:          108564 kB
Active:           352112 kB
Mem:          3.8G       3.7G       105M       5.7M        28M       3.3G

MemTotal:        4016004 kB
MemFree:          108564 kB
Active:           352124 kB
Mem:          3.8G       3.7G       105M       5.7M        28M       3.3G

MemTotal:        4016004 kB
MemFree:          108440 kB
Active:           352124 kB
Mem:          3.8G       3.7G       105M       5.7M        28M       3.3G

MemTotal:        4016004 kB
MemFree:          108440 kB
Active:           352172 kB
Mem:          3.8G       3.7G       105M       5.7M        28M       3.3G

MemTotal:        4016004 kB
MemFree:          108548 kB
Active:           352176 kB
Mem:          3.8G       3.7G       105M       5.7M        28M       3.3G

MemTotal:        4016004 kB
MemFree:          108672 kB
Active:           352164 kB
Mem:          3.8G       3.7G       105M       5.7M        28M       3.3G

MemTotal:        4016004 kB
MemFree:          108548 kB
Active:           352160 kB
Mem:          3.8G       3.7G       105M       5.7M        28M       3.3G

MemTotal:        4016004 kB
MemFree:          108672 kB
Active:           352156 kB
Mem:          3.8G       3.7G       105M       5.7M        28M       3.3G

MemTotal:        4016004 kB
MemFree:          108796 kB
Active:           352156 kB
Mem:          3.8G       3.7G       106M       5.7M        28M       3.3G

MemTotal:        4016004 kB
MemFree:          108796 kB
Active:           352148 kB
Mem:          3.8G       3.7G       105M       5.7M        28M       3.3G

MemTotal:        4016004 kB
MemFree:          108920 kB
Active:           352148 kB
Mem:          3.8G       3.7G       106M       5.7M        28M       3.3G

MemTotal:        4016004 kB
MemFree:          108920 kB
Active:           352184 kB
Mem:          3.8G       3.7G       106M       5.7M        28M       3.3G

MemTotal:        4016004 kB
MemFree:          108796 kB
Active:           352160 kB
Mem:          3.8G       3.7G       106M       5.7M        28M       3.3G

MemTotal:        4016004 kB
MemFree:          108440 kB
Active:           352152 kB
Mem:          3.8G       3.7G       105M       5.7M        28M       3.3G

MemTotal:        4016004 kB
MemFree:          108440 kB
Active:           352176 kB
Mem:          3.8G       3.7G       105M       5.7M        28M       3.3G

MemTotal:        4016004 kB
MemFree:          108440 kB
Active:           352152 kB
Mem:          3.8G       3.7G       105M       5.7M        28M       3.3G

MemTotal:        4016004 kB
MemFree:          108564 kB
Active:           352176 kB
Mem:          3.8G       3.7G       105M       5.7M        28M       3.3G

MemTotal:        4016004 kB
MemFree:          108564 kB
Active:           352156 kB
Mem:          3.8G       3.7G       105M       5.7M        28M       3.3G

MemTotal:        4016004 kB
MemFree:          108440 kB
Active:           352152 kB
Mem:          3.8G       3.7G       105M       5.7M        28M       3.3G

MemTotal:        4016004 kB
MemFree:          108564 kB
Active:           352176 kB
Mem:          3.8G       3.7G       105M       5.7M        28M       3.3G

MemTotal:        4016004 kB
MemFree:          108564 kB
Active:           352180 kB
Mem:          3.8G       3.7G       105M       5.7M        28M       3.3G

MemTotal:        4016004 kB
MemFree:          107804 kB
Active:           352412 kB
Mem:          3.8G       3.7G       105M       5.7M        28M       3.3G

MemTotal:        4016004 kB
MemFree:          107432 kB
Active:           352376 kB
Mem:          3.8G       3.7G       104M       5.7M        28M       3.3G

MemTotal:        4016004 kB
MemFree:          107928 kB
Active:           352340 kB
Mem:          3.8G       3.7G       105M       5.7M        28M       3.3G

MemTotal:        4016004 kB
MemFree:          108052 kB
Active:           352324 kB
Mem:          3.8G       3.7G       105M       5.7M        28M       3.3G

MemTotal:        4016004 kB
MemFree:          107928 kB
Active:           352328 kB
Mem:          3.8G       3.7G       105M       5.7M        28M       3.3G

MemTotal:        4016004 kB
MemFree:          107928 kB
Active:           352352 kB
Mem:          3.8G       3.7G       105M       5.7M        28M       3.3G

MemTotal:        4016004 kB
MemFree:          107928 kB
Active:           352360 kB
Mem:          3.8G       3.7G       105M       5.7M        28M       3.3G

MemTotal:        4016004 kB
MemFree:          108052 kB
Active:           352344 kB
Mem:          3.8G       3.7G       105M       5.7M        28M       3.3G

MemTotal:        4016004 kB
MemFree:          108176 kB
Active:           352360 kB
Mem:          3.8G       3.7G       105M       5.7M        28M       3.3G

MemTotal:        4016004 kB
MemFree:          108052 kB
Active:           352364 kB
Mem:          3.8G       3.7G       105M       5.7M        28M       3.3G

MemTotal:        4016004 kB
MemFree:          108300 kB
Active:           352372 kB
Mem:          3.8G       3.7G       105M       5.7M        28M       3.3G

MemTotal:        4016004 kB
MemFree:          108052 kB
Active:           352364 kB
Mem:          3.8G       3.7G       105M       5.7M        28M       3.3G

MemTotal:        4016004 kB
MemFree:          108176 kB
Active:           352364 kB
Mem:          3.8G       3.7G       105M       5.7M        28M       3.3G

MemTotal:        4016004 kB
MemFree:          108176 kB
Active:           352368 kB
Mem:          3.8G       3.7G       105M       5.7M        28M       3.3G

MemTotal:        4016004 kB
MemFree:          107928 kB
Active:           352360 kB
Mem:          3.8G       3.7G       105M       5.7M        28M       3.3G

MemTotal:        4016004 kB
MemFree:          108052 kB
Active:           352352 kB
Mem:          3.8G       3.7G       105M       5.7M        28M       3.3G

MemTotal:        4016004 kB
MemFree:          107928 kB
Active:           352368 kB
Mem:          3.8G       3.7G       104M       5.7M        28M       3.3G

MemTotal:        4016004 kB
MemFree:          108068 kB
Active:           352364 kB
Mem:          3.8G       3.7G       105M       5.7M        28M       3.3G

MemTotal:        4016004 kB
MemFree:          107944 kB
Active:           352356 kB
Mem:          3.8G       3.7G       105M       5.7M        28M       3.3G

MemTotal:        4016004 kB
MemFree:          108068 kB
Active:           352344 kB
Mem:          3.8G       3.7G       105M       5.7M        28M       3.3G

MemTotal:        4016004 kB
MemFree:          108068 kB
Active:           352348 kB
Mem:          3.8G       3.7G       105M       5.7M        28M       3.3G

MemTotal:        4016004 kB
MemFree:          108208 kB
Active:           352356 kB
Mem:          3.8G       3.7G       105M       5.7M        28M       3.3G

MemTotal:        4016004 kB
MemFree:          108084 kB
Active:           352364 kB
Mem:          3.8G       3.7G       105M       5.7M        28M       3.3G

MemTotal:        4016004 kB
MemFree:          108084 kB
Active:           352352 kB
Mem:          3.8G       3.7G       105M       5.7M        28M       3.3G

MemTotal:        4016004 kB
MemFree:          108332 kB
Active:           352360 kB
Mem:          3.8G       3.7G       105M       5.7M        28M       3.3G

MemTotal:        4016004 kB
MemFree:          108332 kB
Active:           352364 kB
Mem:          3.8G       3.7G       105M       5.7M        28M       3.3G

MemTotal:        4016004 kB
MemFree:          108456 kB
Active:           352360 kB
Mem:          3.8G       3.7G       105M       5.7M        28M       3.3G

MemTotal:        4016004 kB
MemFree:          107836 kB
Active:           352376 kB
Mem:          3.8G       3.7G       105M       5.7M        28M       3.3G

MemTotal:        4016004 kB
MemFree:          108084 kB
Active:           352380 kB
Mem:          3.8G       3.7G       105M       5.7M        28M       3.3G

MemTotal:        4016004 kB
MemFree:          107960 kB
Active:           352384 kB
Mem:          3.8G       3.7G       105M       5.7M        28M       3.3G

MemTotal:        4016004 kB
MemFree:          108084 kB
Active:           352364 kB
Mem:          3.8G       3.7G       105M       5.7M        28M       3.3G

MemTotal:        4016004 kB
MemFree:          107836 kB
Active:           352360 kB
Mem:          3.8G       3.7G       105M       5.7M        28M       3.3G

MemTotal:        4016004 kB
MemFree:          107960 kB
Active:           352380 kB
Mem:          3.8G       3.7G       105M       5.7M        28M       3.3G

MemTotal:        4016004 kB
MemFree:          108084 kB
Active:           352408 kB
Mem:          3.8G       3.7G       105M       5.7M        28M       3.3G

MemTotal:        4016004 kB
MemFree:          107960 kB
Active:           352376 kB
Mem:          3.8G       3.7G       105M       5.7M        28M       3.3G

MemTotal:        4016004 kB
MemFree:          108208 kB
Active:           352364 kB
Mem:          3.8G       3.7G       105M       5.7M        28M       3.3G

MemTotal:        4016004 kB
MemFree:          108332 kB
Active:           352372 kB
Mem:          3.8G       3.7G       105M       5.7M        28M       3.3G

MemTotal:        4016004 kB
MemFree:          108456 kB
Active:           352384 kB
Mem:          3.8G       3.7G       105M       5.7M        28M       3.3G

MemTotal:        4016004 kB
MemFree:          108208 kB
Active:           352416 kB
Mem:          3.8G       3.7G       105M       5.7M        28M       3.3G

MemTotal:        4016004 kB
MemFree:          108332 kB
Active:           352380 kB
Mem:          3.8G       3.7G       105M       5.7M        28M       3.3G

MemTotal:        4016004 kB
MemFree:          108208 kB
Active:           352396 kB
Mem:          3.8G       3.7G       105M       5.7M        28M       3.3G

MemTotal:        4016004 kB
MemFree:          108208 kB
Active:           352432 kB
Mem:          3.8G       3.7G       105M       5.7M        28M       3.3G

MemTotal:        4016004 kB
MemFree:          108084 kB
Active:           352400 kB
Mem:          3.8G       3.7G       105M       5.7M        28M       3.3G

MemTotal:        4016004 kB
MemFree:          108208 kB
Active:           352404 kB
Mem:          3.8G       3.7G       105M       5.7M        28M       3.3G

MemTotal:        4016004 kB
MemFree:          107836 kB
Active:           352412 kB
Mem:          3.8G       3.7G       104M       5.7M        28M       3.3G

MemTotal:        4016004 kB
MemFree:          107712 kB
Active:           352400 kB
Mem:          3.8G       3.7G       104M       5.7M        28M       3.3G

MemTotal:        4016004 kB
MemFree:          107836 kB
Active:           352416 kB
Mem:          3.8G       3.7G       104M       5.7M        28M       3.3G

MemTotal:        4016004 kB
MemFree:          107588 kB
Active:           352396 kB
Mem:          3.8G       3.7G       104M       5.7M        28M       3.3G

MemTotal:        4016004 kB
MemFree:          107588 kB
Active:           352420 kB
Mem:          3.8G       3.7G       104M       5.7M        28M       3.3G

MemTotal:        4016004 kB
MemFree:          107712 kB
Active:           352416 kB
Mem:          3.8G       3.7G       105M       5.7M        28M       3.3G

MemTotal:        4016004 kB
MemFree:          107836 kB
Active:           352416 kB
Mem:          3.8G       3.7G       105M       5.7M        28M       3.3G

MemTotal:        4016004 kB
MemFree:          107836 kB
Active:           352400 kB
Mem:          3.8G       3.7G       104M       5.7M        28M       3.3G

MemTotal:        4016004 kB
MemFree:          107960 kB
Active:           352440 kB
Mem:          3.8G       3.7G       105M       5.7M        28M       3.3G

MemTotal:        4016004 kB
MemFree:          107836 kB
Active:           352416 kB
Mem:          3.8G       3.7G       105M       5.7M        28M       3.3G

MemTotal:        4016004 kB
MemFree:          107960 kB
Active:           352408 kB
Mem:          3.8G       3.7G       104M       5.7M        28M       3.3G

MemTotal:        4016004 kB
MemFree:          107960 kB
Active:           352456 kB
Mem:          3.8G       3.7G       105M       5.7M        28M       3.3G

MemTotal:        4016004 kB
MemFree:          107960 kB
Active:           352412 kB
Mem:          3.8G       3.7G       104M       5.7M        28M       3.3G

MemTotal:        4016004 kB
MemFree:          107836 kB
Active:           352424 kB
Mem:          3.8G       3.7G       105M       5.7M        28M       3.3G

MemTotal:        4016004 kB
MemFree:          107712 kB
Active:           352416 kB
Mem:          3.8G       3.7G       104M       5.7M        28M       3.3G

MemTotal:        4016004 kB
MemFree:          107712 kB
Active:           352416 kB
Mem:          3.8G       3.7G       104M       5.7M        28M       3.3G

MemTotal:        4016004 kB
MemFree:          107712 kB
Active:           352416 kB
Mem:          3.8G       3.7G       105M       5.7M        28M       3.3G

MemTotal:        4016004 kB
MemFree:          107836 kB
Active:           352444 kB
Mem:          3.8G       3.7G       105M       5.7M        28M       3.3G

MemTotal:        4016004 kB
MemFree:          107712 kB
Active:           352420 kB
Mem:          3.8G       3.7G       104M       5.7M        28M       3.3G

MemTotal:        4016004 kB
MemFree:          107712 kB
Active:           352420 kB
Mem:          3.8G       3.7G       104M       5.7M        28M       3.3G

MemTotal:        4016004 kB
MemFree:          107712 kB
Active:           352412 kB
Mem:          3.8G       3.7G       104M       5.7M        28M       3.3G

MemTotal:        4016004 kB
MemFree:          107836 kB
Active:           352440 kB
Mem:          3.8G       3.7G       104M       5.7M        28M       3.3G

MemTotal:        4016004 kB
MemFree:          107836 kB
Active:           352424 kB
Mem:          3.8G       3.7G       105M       5.7M        28M       3.3G

MemTotal:        4016004 kB
MemFree:          107836 kB
Active:           352456 kB
Mem:          3.8G       3.7G       104M       5.7M        28M       3.3G

MemTotal:        4016004 kB
MemFree:          107960 kB
Active:           352420 kB
Mem:          3.8G       3.7G       104M       5.7M        28M       3.3G

MemTotal:        4016004 kB
MemFree:          107712 kB
Active:           352432 kB
Mem:          3.8G       3.7G       104M       5.7M        28M       3.3G

MemTotal:        4016004 kB
MemFree:          107836 kB
Active:           352432 kB
Mem:          3.8G       3.7G       104M       5.7M        28M       3.3G

MemTotal:        4016004 kB
MemFree:          107712 kB
Active:           352460 kB
Mem:          3.8G       3.7G       104M       5.7M        28M       3.3G

MemTotal:        4016004 kB
MemFree:          107712 kB
Active:           352452 kB
Mem:          3.8G       3.7G       105M       5.7M        28M       3.3G

MemTotal:        4016004 kB
MemFree:          107712 kB
Active:           352444 kB
Mem:          3.8G       3.7G       104M       5.7M        28M       3.3G

MemTotal:        4016004 kB
MemFree:          107712 kB
Active:           352440 kB
Mem:          3.8G       3.7G       104M       5.7M        28M       3.3G

MemTotal:        4016004 kB
MemFree:          107712 kB
Active:           352456 kB
Mem:          3.8G       3.7G       104M       5.7M        28M       3.3G

MemTotal:        4016004 kB
MemFree:          107588 kB
Active:           352472 kB
Mem:          3.8G       3.7G       104M       5.7M        28M       3.3G

MemTotal:        4016004 kB
MemFree:          107588 kB
Active:           352456 kB
Mem:          3.8G       3.7G       105M       5.7M        28M       3.3G

MemTotal:        4016004 kB
MemFree:          107836 kB
Active:           352464 kB
Mem:          3.8G       3.7G       105M       5.7M        28M       3.3G

MemTotal:        4016004 kB
MemFree:          107960 kB
Active:           352456 kB
Mem:          3.8G       3.7G       104M       5.7M        28M       3.3G

MemTotal:        4016004 kB
MemFree:          107712 kB
Active:           352464 kB
Mem:          3.8G       3.7G       104M       5.7M        28M       3.3G

MemTotal:        4016004 kB
MemFree:          107836 kB
Active:           352504 kB
Mem:          3.8G       3.7G       104M       5.7M        28M       3.3G

MemTotal:        4016004 kB
MemFree:          107836 kB
Active:           352448 kB
Mem:          3.8G       3.7G       105M       5.7M        28M       3.3G

MemTotal:        4016004 kB
MemFree:          107960 kB
Active:           352464 kB
Mem:          3.8G       3.7G       105M       5.7M        28M       3.3G

MemTotal:        4016004 kB
MemFree:          107960 kB
Active:           352456 kB
Mem:          3.8G       3.7G       105M       5.7M        28M       3.3G

MemTotal:        4016004 kB
MemFree:          107960 kB
Active:           352448 kB
Mem:          3.8G       3.7G       104M       5.7M        28M       3.3G

MemTotal:        4016004 kB
MemFree:          107588 kB
Active:           352460 kB
Mem:          3.8G       3.7G       104M       5.7M        28M       3.3G

MemTotal:        4016004 kB
MemFree:          107712 kB
Active:           352460 kB
Mem:          3.8G       3.7G       104M       5.7M        28M       3.3G

MemTotal:        4016004 kB
MemFree:          106712 kB
Active:           352916 kB
Mem:          3.8G       3.7G       103M       5.7M        28M       3.3G

MemTotal:        4016004 kB
MemFree:          106456 kB
Active:           352800 kB
Mem:          3.8G       3.7G       103M       5.7M        28M       3.3G

MemTotal:        4016004 kB
MemFree:          106844 kB
Active:           352572 kB
Mem:          3.8G       3.7G       104M       5.7M        28M       3.3G

MemTotal:        4016004 kB
MemFree:          107216 kB
Active:           352572 kB
Mem:          3.8G       3.7G       104M       5.7M        28M       3.3G

MemTotal:        4016004 kB
MemFree:          107092 kB
Active:           352588 kB
Mem:          3.8G       3.7G       104M       5.7M        28M       3.3G

MemTotal:        4016004 kB
MemFree:          107092 kB
Active:           352592 kB
Mem:          3.8G       3.7G       104M       5.7M        28M       3.3G

MemTotal:        4016004 kB
MemFree:          107216 kB
Active:           352592 kB
Mem:          3.8G       3.7G       104M       5.7M        28M       3.3G

MemTotal:        4016004 kB
MemFree:          107092 kB
Active:           352596 kB
Mem:          3.8G       3.7G       104M       5.7M        28M       3.3G

MemTotal:        4016004 kB
MemFree:          107216 kB
Active:           352600 kB
Mem:          3.8G       3.7G       104M       5.7M        28M       3.3G

MemTotal:        4016004 kB
MemFree:          107216 kB
Active:           352596 kB
Mem:          3.8G       3.7G       104M       5.7M        28M       3.3G

MemTotal:        4016004 kB
MemFree:          107092 kB
Active:           352604 kB
Mem:          3.8G       3.7G       104M       5.7M        28M       3.3G

MemTotal:        4016004 kB
MemFree:          107216 kB
Active:           352592 kB
Mem:          3.8G       3.7G       104M       5.7M        28M       3.3G

MemTotal:        4016004 kB
MemFree:          107216 kB
Active:           352608 kB
Mem:          3.8G       3.7G       104M       5.7M        28M       3.3G

MemTotal:        4016004 kB
MemFree:          107340 kB
Active:           352616 kB
Mem:          3.8G       3.7G       104M       5.7M        28M       3.3G

MemTotal:        4016004 kB
MemFree:          107340 kB
Active:           352632 kB
Mem:          3.8G       3.7G       104M       5.7M        28M       3.3G

MemTotal:        4016004 kB
MemFree:          107092 kB
Active:           352596 kB
Mem:          3.8G       3.7G       104M       5.7M        28M       3.3G

MemTotal:        4016004 kB
MemFree:          107216 kB
Active:           352644 kB
Mem:          3.8G       3.7G       104M       5.7M        28M       3.3G

MemTotal:        4016004 kB
MemFree:          107340 kB
Active:           352652 kB
Mem:          3.8G       3.7G       104M       5.7M        28M       3.3G

MemTotal:        4016004 kB
MemFree:          107340 kB
Active:           352628 kB
Mem:          3.8G       3.7G       104M       5.7M        28M       3.3G

MemTotal:        4016004 kB
MemFree:          107216 kB
Active:           352620 kB
Mem:          3.8G       3.7G       104M       5.7M        28M       3.3G

MemTotal:        4016004 kB
MemFree:          107340 kB
Active:           352616 kB
Mem:          3.8G       3.7G       104M       5.7M        28M       3.3G

MemTotal:        4016004 kB
MemFree:          107216 kB
Active:           352616 kB
Mem:          3.8G       3.7G       104M       5.7M        28M       3.3G

MemTotal:        4016004 kB
MemFree:          107200 kB
Active:           352640 kB
Mem:          3.8G       3.7G       104M       5.7M        28M       3.3G

MemTotal:        4016004 kB
MemFree:          107324 kB
Active:           352628 kB
Mem:          3.8G       3.7G       104M       5.7M        28M       3.3G

MemTotal:        4016004 kB
MemFree:          107200 kB
Active:           352636 kB
Mem:          3.8G       3.7G       104M       5.7M        28M       3.3G

MemTotal:        4016004 kB
MemFree:          107076 kB
Active:           352628 kB
Mem:          3.8G       3.7G       104M       5.7M        28M       3.3G

MemTotal:        4016004 kB
MemFree:          107448 kB
Active:           352612 kB
Mem:          3.8G       3.7G       104M       5.7M        28M       3.3G

MemTotal:        4016004 kB
MemFree:          107448 kB
Active:           352604 kB
Mem:          3.8G       3.7G       104M       5.7M        28M       3.3G

MemTotal:        4016004 kB
MemFree:          107572 kB
Active:           352632 kB
Mem:          3.8G       3.7G       104M       5.7M        28M       3.3G

MemTotal:        4016004 kB
MemFree:          107572 kB
Active:           352652 kB
Mem:          3.8G       3.7G       104M       5.7M        28M       3.3G

MemTotal:        4016004 kB
MemFree:          107324 kB
Active:           352624 kB
Mem:          3.8G       3.7G       104M       5.7M        28M       3.3G

MemTotal:        4016004 kB
MemFree:          107448 kB
Active:           352620 kB
Mem:          3.8G       3.7G       104M       5.7M        28M       3.3G

MemTotal:        4016004 kB
MemFree:          107596 kB
Active:           352672 kB
Mem:          3.8G       3.7G       104M       5.7M        28M       3.3G

MemTotal:        4016004 kB
MemFree:          108264 kB
Active:           352392 kB
Mem:          3.8G       3.7G       105M       5.7M        28M       3.3G

MemTotal:        4016004 kB
MemFree:          108512 kB
Active:           352412 kB
Mem:          3.8G       3.7G       105M       5.7M        28M       3.3G

MemTotal:        4016004 kB
MemFree:          108140 kB
Active:           352424 kB
Mem:          3.8G       3.7G       105M       5.7M        28M       3.3G

MemTotal:        4016004 kB
MemFree:          108264 kB
Active:           352408 kB
Mem:          3.8G       3.7G       105M       5.7M        28M       3.3G

MemTotal:        4016004 kB
MemFree:          108388 kB
Active:           352428 kB
Mem:          3.8G       3.7G       105M       5.7M        28M       3.3G

MemTotal:        4016004 kB
MemFree:          108512 kB
Active:           352428 kB
Mem:          3.8G       3.7G       105M       5.7M        28M       3.3G

MemTotal:        4016004 kB
MemFree:          108264 kB
Active:           352384 kB
Mem:          3.8G       3.7G       105M       5.7M        28M       3.3G

MemTotal:        4016004 kB
MemFree:          108512 kB
Active:           352404 kB
Mem:          3.8G       3.7G       105M       5.7M        28M       3.3G

MemTotal:        4016004 kB
MemFree:          108388 kB
Active:           352428 kB
Mem:          3.8G       3.7G       105M       5.7M        28M       3.3G

MemTotal:        4016004 kB
MemFree:          108636 kB
Active:           352392 kB
Mem:          3.8G       3.7G       105M       5.7M        28M       3.3G

MemTotal:        4016004 kB
MemFree:          108636 kB
Active:           352452 kB
Mem:          3.8G       3.7G       105M       5.7M        28M       3.3G

MemTotal:        4016004 kB
MemFree:          108636 kB
Active:           352452 kB
Mem:          3.8G       3.7G       106M       5.7M        28M       3.3G

MemTotal:        4016004 kB
MemFree:          108512 kB
Active:           352416 kB
Mem:          3.8G       3.7G       105M       5.7M        28M       3.3G

MemTotal:        4016004 kB
MemFree:          108264 kB
Active:           352460 kB
Mem:          3.8G       3.7G       105M       5.7M        28M       3.3G

MemTotal:        4016004 kB
MemFree:          108264 kB
Active:           352408 kB
Mem:          3.8G       3.7G       105M       5.7M        28M       3.3G

MemTotal:        4016004 kB
MemFree:          108388 kB
Active:           352432 kB
Mem:          3.8G       3.7G       105M       5.7M        28M       3.3G

MemTotal:        4016004 kB
MemFree:          108264 kB
Active:           352456 kB
Mem:          3.8G       3.7G       105M       5.7M        28M       3.3G

MemTotal:        4016004 kB
MemFree:          108140 kB
Active:           352412 kB
Mem:          3.8G       3.7G       105M       5.7M        28M       3.3G

MemTotal:        4016004 kB
MemFree:          107768 kB
Active:           352416 kB
Mem:          3.8G       3.7G       105M       5.7M        28M       3.3G

MemTotal:        4016004 kB
MemFree:          107768 kB
Active:           352432 kB
Mem:          3.8G       3.7G       104M       5.7M        28M       3.3G

MemTotal:        4016004 kB
MemFree:          107396 kB
Active:           352468 kB
Mem:          3.8G       3.7G       105M       5.7M        28M       3.3G

MemTotal:        4016004 kB
MemFree:          107644 kB
Active:           352432 kB
Mem:          3.8G       3.7G       105M       5.7M        28M       3.3G

MemTotal:        4016004 kB
MemFree:          107520 kB
Active:           352476 kB
Mem:          3.8G       3.7G       105M       5.7M        28M       3.3G

MemTotal:        4016004 kB
MemFree:          107892 kB
Active:           352432 kB
Mem:          3.8G       3.7G       105M       5.7M        28M       3.3G

MemTotal:        4016004 kB
MemFree:          107892 kB
Active:           352444 kB
Mem:          3.8G       3.7G       105M       5.7M        28M       3.3G

MemTotal:        4016004 kB
MemFree:          107892 kB
Active:           352440 kB
Mem:          3.8G       3.7G       105M       5.7M        28M       3.3G

MemTotal:        4016004 kB
MemFree:          108140 kB
Active:           352444 kB
Mem:          3.8G       3.7G       105M       5.7M        28M       3.3G

MemTotal:        4016004 kB
MemFree:          107644 kB
Active:           352484 kB
Mem:          3.8G       3.7G       105M       5.7M        28M       3.3G

MemTotal:        4016004 kB
MemFree:          107892 kB
Active:           352460 kB
Mem:          3.8G       3.7G       105M       5.7M        28M       3.3G

MemTotal:        4016004 kB
MemFree:          108264 kB
Active:           352448 kB
Mem:          3.8G       3.7G       105M       5.7M        28M       3.3G

MemTotal:        4016004 kB
MemFree:          107768 kB
Active:           352492 kB
