MemTotal:        4016004 kB
MemFree:         3225544 kB
Active:           435780 kB
Mem:          3.8G       772M       3.1G       5.7M        63M       319M

MemTotal:        4016004 kB
MemFree:         3224740 kB
Active:           436464 kB
Mem:          3.8G       772M       3.1G       5.7M        63M       319M

MemTotal:        4016004 kB
MemFree:         3224772 kB
Active:           436588 kB
Mem:          3.8G       772M       3.1G       5.7M        63M       319M

MemTotal:        4016004 kB
MemFree:         3225252 kB
Active:           436604 kB
Mem:          3.8G       772M       3.1G       5.7M        63M       319M

MemTotal:        4016004 kB
MemFree:         3224616 kB
Active:           436632 kB
Mem:          3.8G       772M       3.1G       5.7M        63M       319M

MemTotal:        4016004 kB
MemFree:         3224848 kB
Active:           436576 kB
Mem:          3.8G       772M       3.1G       5.7M        63M       319M

MemTotal:        4016004 kB
MemFree:         3224460 kB
Active:           436632 kB
Mem:          3.8G       772M       3.1G       5.7M        63M       319M

MemTotal:        4016004 kB
MemFree:         3225000 kB
Active:           436612 kB
Mem:          3.8G       772M       3.1G       5.7M        63M       319M

MemTotal:        4016004 kB
MemFree:         3224984 kB
Active:           436612 kB
Mem:          3.8G       772M       3.1G       5.7M        63M       319M

MemTotal:        4016004 kB
MemFree:         3224596 kB
Active:           436640 kB
Mem:          3.8G       772M       3.1G       5.7M        63M       319M

MemTotal:        4016004 kB
MemFree:         3224828 kB
Active:           436600 kB
Mem:          3.8G       772M       3.1G       5.7M        63M       319M

MemTotal:        4016004 kB
MemFree:         3224812 kB
Active:           436600 kB
Mem:          3.8G       772M       3.1G       5.7M        63M       319M

MemTotal:        4016004 kB
MemFree:         3224596 kB
Active:           436644 kB
Mem:          3.8G       772M       3.1G       5.7M        63M       319M

MemTotal:        4016004 kB
MemFree:         3224844 kB
Active:           436608 kB
Mem:          3.8G       772M       3.1G       5.7M        63M       319M

MemTotal:        4016004 kB
MemFree:         3224604 kB
Active:           436620 kB
Mem:          3.8G       772M       3.1G       5.7M        63M       319M

MemTotal:        4016004 kB
MemFree:         3224852 kB
Active:           436612 kB
Mem:          3.8G       772M       3.1G       5.7M        63M       319M

MemTotal:        4016004 kB
MemFree:         3224232 kB
Active:           436648 kB
Mem:          3.8G       773M       3.1G       5.7M        63M       319M

MemTotal:        4016004 kB
MemFree:         3224264 kB
Active:           436648 kB
Mem:          3.8G       772M       3.1G       5.7M        63M       319M

MemTotal:        4016004 kB
MemFree:         3223800 kB
Active:           434744 kB
Mem:          3.8G       773M       3.1G       5.7M        63M       319M

MemTotal:        4016004 kB
MemFree:         3224448 kB
Active:           436620 kB
Mem:          3.8G       773M       3.1G       5.7M        63M       319M

MemTotal:        4016004 kB
MemFree:         3224076 kB
Active:           436612 kB
Mem:          3.8G       773M       3.1G       5.7M        63M       319M

MemTotal:        4016004 kB
MemFree:         3224572 kB
Active:           436632 kB
Mem:          3.8G       772M       3.1G       5.7M        63M       319M

MemTotal:        4016004 kB
MemFree:         3224804 kB
Active:           436600 kB
Mem:          3.8G       772M       3.1G       5.7M        63M       319M

MemTotal:        4016004 kB
MemFree:         3224636 kB
Active:           436656 kB
Mem:          3.8G       772M       3.1G       5.7M        63M       319M

MemTotal:        4016004 kB
MemFree:         3225008 kB
Active:           436600 kB
Mem:          3.8G       772M       3.1G       5.7M        63M       319M

MemTotal:        4016004 kB
MemFree:         3224884 kB
Active:           436628 kB
Mem:          3.8G       772M       3.1G       5.7M        63M       319M

MemTotal:        4016004 kB
MemFree:         3225008 kB
Active:           436616 kB
Mem:          3.8G       772M       3.1G       5.7M        63M       319M

MemTotal:        4016004 kB
MemFree:         3224512 kB
Active:           436656 kB
Mem:          3.8G       772M       3.1G       5.7M        63M       319M

MemTotal:        4016004 kB
MemFree:         3223656 kB
Active:           434732 kB
Mem:          3.8G       773M       3.1G       5.7M        63M       319M

MemTotal:        4016004 kB
MemFree:         3224120 kB
Active:           436640 kB
Mem:          3.8G       773M       3.1G       5.7M        63M       319M

MemTotal:        4016004 kB
MemFree:         3224228 kB
Active:           436656 kB
Mem:          3.8G       773M       3.1G       5.7M        63M       319M

MemTotal:        4016004 kB
MemFree:         3224336 kB
Active:           436632 kB
Mem:          3.8G       773M       3.1G       5.7M        63M       319M

MemTotal:        4016004 kB
MemFree:         3224320 kB
Active:           436616 kB
Mem:          3.8G       773M       3.1G       5.7M        63M       319M

MemTotal:        4016004 kB
MemFree:         3224304 kB
Active:           436632 kB
Mem:          3.8G       773M       3.1G       5.7M        63M       319M

MemTotal:        4016004 kB
MemFree:         3223948 kB
Active:           436676 kB
Mem:          3.8G       773M       3.1G       5.7M        63M       319M

MemTotal:        4016004 kB
MemFree:         3224444 kB
Active:           436660 kB
Mem:          3.8G       773M       3.1G       5.7M        63M       319M

MemTotal:        4016004 kB
MemFree:         3224444 kB
Active:           436644 kB
Mem:          3.8G       773M       3.1G       5.7M        63M       319M

MemTotal:        4016004 kB
MemFree:         3224568 kB
Active:           436664 kB
Mem:          3.8G       772M       3.1G       5.7M        63M       319M

MemTotal:        4016004 kB
MemFree:         3224444 kB
Active:           436680 kB
Mem:          3.8G       772M       3.1G       5.7M        63M       319M

MemTotal:        4016004 kB
MemFree:         3224568 kB
Active:           436680 kB
Mem:          3.8G       772M       3.1G       5.7M        63M       319M

MemTotal:        4016004 kB
MemFree:         3224692 kB
Active:           436692 kB
Mem:          3.8G       772M       3.1G       5.7M        63M       319M

MemTotal:        4016004 kB
MemFree:         3224692 kB
Active:           436696 kB
Mem:          3.8G       772M       3.1G       5.7M        63M       319M

MemTotal:        4016004 kB
MemFree:         3224940 kB
Active:           436684 kB
Mem:          3.8G       772M       3.1G       5.7M        63M       319M

MemTotal:        4016004 kB
MemFree:         3225064 kB
Active:           436652 kB
Mem:          3.8G       772M       3.1G       5.7M        63M       319M

MemTotal:        4016004 kB
MemFree:         3224940 kB
Active:           436680 kB
Mem:          3.8G       772M       3.1G       5.7M        63M       319M

MemTotal:        4016004 kB
MemFree:         3225048 kB
Active:           436640 kB
Mem:          3.8G       772M       3.1G       5.7M        63M       319M

MemTotal:        4016004 kB
MemFree:         3225252 kB
Active:           436644 kB
Mem:          3.8G       772M       3.1G       5.7M        63M       319M

MemTotal:        4016004 kB
MemFree:         3225128 kB
Active:           436672 kB
Mem:          3.8G       772M       3.1G       5.7M        63M       319M

MemTotal:        4016004 kB
MemFree:         3224560 kB
Active:           434724 kB
Mem:          3.8G       772M       3.1G       5.7M        63M       319M

MemTotal:        4016004 kB
MemFree:         3225064 kB
Active:           436716 kB
Mem:          3.8G       772M       3.1G       5.7M        63M       319M

MemTotal:        4016004 kB
MemFree:         3224816 kB
Active:           436720 kB
Mem:          3.8G       773M       3.1G       5.7M        63M       319M

MemTotal:        4016004 kB
MemFree:         3224072 kB
Active:           436720 kB
Mem:          3.8G       773M       3.1G       5.7M        63M       319M

MemTotal:        4016004 kB
MemFree:         3223824 kB
Active:           436736 kB
Mem:          3.8G       773M       3.1G       5.7M        63M       319M

MemTotal:        4016004 kB
MemFree:         3224180 kB
Active:           436736 kB
Mem:          3.8G       773M       3.1G       5.7M        63M       319M

MemTotal:        4016004 kB
MemFree:         3224304 kB
Active:           436704 kB
Mem:          3.8G       773M       3.1G       5.7M        63M       319M

MemTotal:        4016004 kB
MemFree:         3224024 kB
Active:           436744 kB
Mem:          3.8G       773M       3.1G       5.7M        63M       319M

MemTotal:        4016004 kB
MemFree:         3224380 kB
Active:           436732 kB
Mem:          3.8G       773M       3.1G       5.7M        63M       319M

MemTotal:        4016004 kB
MemFree:         3223992 kB
Active:           436748 kB
Mem:          3.8G       773M       3.1G       5.7M        63M       319M

MemTotal:        4016004 kB
MemFree:         3224148 kB
Active:           436712 kB
Mem:          3.8G       773M       3.1G       5.7M        63M       319M

MemTotal:        4016004 kB
MemFree:         3224520 kB
Active:           436744 kB
Mem:          3.8G       772M       3.1G       5.7M        63M       319M

MemTotal:        4016004 kB
MemFree:         3224644 kB
Active:           436712 kB
Mem:          3.8G       773M       3.1G       5.7M        63M       319M

MemTotal:        4016004 kB
MemFree:         3223776 kB
Active:           436748 kB
Mem:          3.8G       773M       3.1G       5.7M        63M       319M

MemTotal:        4016004 kB
MemFree:         3224148 kB
Active:           436724 kB
Mem:          3.8G       773M       3.1G       5.7M        63M       319M

MemTotal:        4016004 kB
MemFree:         3223776 kB
Active:           436756 kB
Mem:          3.8G       773M       3.1G       5.7M        63M       319M

MemTotal:        4016004 kB
MemFree:         3224024 kB
Active:           436700 kB
Mem:          3.8G       773M       3.1G       5.7M        63M       319M

MemTotal:        4016004 kB
MemFree:         3223652 kB
Active:           436756 kB
Mem:          3.8G       773M       3.1G       5.7M        63M       319M

MemTotal:        4016004 kB
MemFree:         3224024 kB
Active:           436716 kB
Mem:          3.8G       773M       3.1G       5.7M        63M       319M

MemTotal:        4016004 kB
MemFree:         3224024 kB
Active:           436756 kB
Mem:          3.8G       773M       3.1G       5.7M        63M       319M

MemTotal:        4016004 kB
MemFree:         3224272 kB
Active:           436704 kB
Mem:          3.8G       773M       3.1G       5.7M        63M       319M

MemTotal:        4016004 kB
MemFree:         3224272 kB
Active:           436700 kB
Mem:          3.8G       773M       3.1G       5.7M        63M       319M

MemTotal:        4016004 kB
MemFree:         3224504 kB
Active:           436712 kB
Mem:          3.8G       772M       3.1G       5.7M        63M       319M

MemTotal:        4016004 kB
MemFree:         3224692 kB
Active:           436736 kB
Mem:          3.8G       772M       3.1G       5.7M        63M       319M

MemTotal:        4016004 kB
MemFree:         3224320 kB
Active:           436760 kB
Mem:          3.8G       772M       3.1G       5.7M        63M       319M

MemTotal:        4016004 kB
MemFree:         3224568 kB
Active:           436720 kB
Mem:          3.8G       772M       3.1G       5.7M        63M       319M

MemTotal:        4016004 kB
MemFree:         3224320 kB
Active:           436760 kB
Mem:          3.8G       773M       3.1G       5.7M        63M       319M

MemTotal:        4016004 kB
MemFree:         3224692 kB
Active:           436728 kB
Mem:          3.8G       772M       3.1G       5.7M        63M       319M

MemTotal:        4016004 kB
MemFree:         3224536 kB
Active:           436760 kB
Mem:          3.8G       773M       3.1G       5.7M        63M       319M

MemTotal:        4016004 kB
MemFree:         3224520 kB
Active:           436720 kB
Mem:          3.8G       773M       3.1G       5.7M        63M       319M

MemTotal:        4016004 kB
MemFree:         3224504 kB
Active:           436740 kB
Mem:          3.8G       772M       3.1G       5.7M        63M       319M

MemTotal:        4016004 kB
MemFree:         3224364 kB
Active:           436752 kB
Mem:          3.8G       773M       3.1G       5.7M        63M       319M

MemTotal:        4016004 kB
MemFree:         3224644 kB
Active:           436720 kB
Mem:          3.8G       773M       3.1G       5.7M        63M       319M

MemTotal:        4016004 kB
MemFree:         3224148 kB
Active:           436772 kB
Mem:          3.8G       773M       3.1G       5.7M        63M       319M

MemTotal:        4016004 kB
MemFree:         3224520 kB
Active:           436728 kB
Mem:          3.8G       773M       3.1G       5.7M        63M       319M

MemTotal:        4016004 kB
MemFree:         3224024 kB
Active:           436788 kB
Mem:          3.8G       773M       3.1G       5.7M        63M       319M

MemTotal:        4016004 kB
MemFree:         3224148 kB
Active:           436752 kB
Mem:          3.8G       773M       3.1G       5.7M        63M       319M

MemTotal:        4016004 kB
MemFree:         3224396 kB
Active:           436740 kB
Mem:          3.8G       773M       3.1G       5.7M        63M       319M

MemTotal:        4016004 kB
MemFree:         3224272 kB
Active:           436772 kB
Mem:          3.8G       773M       3.1G       5.7M        63M       319M

MemTotal:        4016004 kB
MemFree:         3224520 kB
Active:           436752 kB
Mem:          3.8G       772M       3.1G       5.7M        63M       319M

MemTotal:        4016004 kB
MemFree:         3224148 kB
Active:           436788 kB
Mem:          3.8G       773M       3.1G       5.7M        63M       319M

MemTotal:        4016004 kB
MemFree:         3224504 kB
Active:           436772 kB
Mem:          3.8G       773M       3.1G       5.7M        63M       319M

MemTotal:        4016004 kB
MemFree:         3224488 kB
Active:           436796 kB
Mem:          3.8G       772M       3.1G       5.7M        63M       319M

MemTotal:        4016004 kB
MemFree:         3224304 kB
Active:           436800 kB
Mem:          3.8G       773M       3.1G       5.7M        63M       319M

MemTotal:        4016004 kB
MemFree:         3224552 kB
Active:           436776 kB
Mem:          3.8G       772M       3.1G       5.7M        63M       319M

MemTotal:        4016004 kB
MemFree:         3224552 kB
Active:           436744 kB
Mem:          3.8G       773M       3.1G       5.7M        63M       319M

MemTotal:        4016004 kB
MemFree:         3224552 kB
Active:           436764 kB
Mem:          3.8G       773M       3.1G       5.7M        63M       319M

MemTotal:        4016004 kB
MemFree:         3224180 kB
Active:           436808 kB
Mem:          3.8G       773M       3.1G       5.7M        63M       319M

MemTotal:        4016004 kB
MemFree:         3224056 kB
Active:           436752 kB
Mem:          3.8G       773M       3.1G       5.7M        63M       319M

MemTotal:        4016004 kB
MemFree:         3224056 kB
Active:           436752 kB
Mem:          3.8G       773M       3.1G       5.7M        63M       319M

MemTotal:        4016004 kB
MemFree:         3221992 kB
Active:           436796 kB
Mem:          3.8G       775M       3.1G       5.7M        63M       319M

MemTotal:        4016004 kB
MemFree:         3221852 kB
Active:           438792 kB
Mem:          3.8G       775M       3.1G       5.7M        63M       319M

MemTotal:        4016004 kB
MemFree:         3221788 kB
Active:           439208 kB
Mem:          3.8G       775M       3.1G       5.7M        63M       319M

MemTotal:        4016004 kB
MemFree:         3176736 kB
Active:           440004 kB
Mem:          3.8G       819M       3.0G       5.7M        63M       362M

MemTotal:        4016004 kB
MemFree:         3130264 kB
Active:           440012 kB
Mem:          3.8G       865M       3.0G       5.7M        63M       407M

MemTotal:        4016004 kB
MemFree:         3084892 kB
Active:           440012 kB
Mem:          3.8G       910M       2.9G       5.7M        63M       451M

MemTotal:        4016004 kB
MemFree:         3037180 kB
Active:           440036 kB
Mem:          3.8G       956M       2.9G       5.7M        63M       496M

MemTotal:        4016004 kB
MemFree:         2990212 kB
Active:           440036 kB
Mem:          3.8G       1.0G       2.9G       5.7M        63M       542M

MemTotal:        4016004 kB
MemFree:         2944344 kB
Active:           440036 kB
Mem:          3.8G       1.0G       2.8G       5.7M        63M       586M

MemTotal:        4016004 kB
MemFree:         2897236 kB
Active:           440044 kB
Mem:          3.8G       1.1G       2.8G       5.7M        63M       631M

MemTotal:        4016004 kB
MemFree:         2852300 kB
Active:           440044 kB
Mem:          3.8G       1.1G       2.7G       5.7M        63M       675M

MemTotal:        4016004 kB
MemFree:         2805208 kB
Active:           440060 kB
Mem:          3.8G       1.2G       2.7G       5.7M        63M       719M

MemTotal:        4016004 kB
MemFree:         2758752 kB
Active:           440068 kB
Mem:          3.8G       1.2G       2.6G       5.7M        63M       764M

MemTotal:        4016004 kB
MemFree:         2712280 kB
Active:           440072 kB
Mem:          3.8G       1.2G       2.6G       5.7M        63M       809M

MemTotal:        4016004 kB
MemFree:         2684352 kB
Active:           440040 kB
Mem:          3.8G       1.3G       2.6G       5.7M        63M       836M

MemTotal:        4016004 kB
MemFree:         2638548 kB
Active:           440080 kB
Mem:          3.8G       1.3G       2.5G       5.7M        63M       880M

MemTotal:        4016004 kB
MemFree:         2591828 kB
Active:           440080 kB
Mem:          3.8G       1.4G       2.5G       5.7M        63M       925M

MemTotal:        4016004 kB
MemFree:         2546768 kB
Active:           440080 kB
Mem:          3.8G       1.4G       2.4G       5.7M        63M       968M

MemTotal:        4016004 kB
MemFree:         2500992 kB
Active:           440088 kB
Mem:          3.8G       1.4G       2.4G       5.7M        63M       1.0G

MemTotal:        4016004 kB
MemFree:         2474912 kB
Active:           440088 kB
Mem:          3.8G       1.5G       2.4G       5.7M        63M       1.0G

MemTotal:        4016004 kB
MemFree:         2428500 kB
Active:           440136 kB
Mem:          3.8G       1.5G       2.3G       5.7M        63M       1.1G

MemTotal:        4016004 kB
MemFree:         2381848 kB
Active:           440136 kB
Mem:          3.8G       1.6G       2.3G       5.7M        63M       1.1G

MemTotal:        4016004 kB
MemFree:         2336116 kB
Active:           440136 kB
Mem:          3.8G       1.6G       2.2G       5.7M        63M       1.1G

MemTotal:        4016004 kB
MemFree:         2289256 kB
Active:           440136 kB
Mem:          3.8G       1.6G       2.2G       5.7M        63M       1.2G

MemTotal:        4016004 kB
MemFree:         2243388 kB
Active:           440152 kB
Mem:          3.8G       1.7G       2.1G       5.7M        63M       1.2G

MemTotal:        4016004 kB
MemFree:         2196560 kB
Active:           440152 kB
Mem:          3.8G       1.7G       2.1G       5.7M        63M       1.3G

MemTotal:        4016004 kB
MemFree:         2150540 kB
Active:           440116 kB
Mem:          3.8G       1.8G       2.1G       5.7M        63M       1.3G

MemTotal:        4016004 kB
MemFree:         2104012 kB
Active:           440164 kB
Mem:          3.8G       1.8G       2.0G       5.7M        63M       1.4G

MemTotal:        4016004 kB
MemFree:         2057572 kB
Active:           440164 kB
Mem:          3.8G       1.9G       2.0G       5.7M        63M       1.4G

MemTotal:        4016004 kB
MemFree:         2057108 kB
Active:           440176 kB
Mem:          3.8G       1.9G       2.0G       5.7M        63M       1.4G

MemTotal:        4016004 kB
MemFree:         2032312 kB
Active:           442224 kB
Mem:          3.8G       1.9G       1.9G       5.7M        63M       1.4G

MemTotal:        4016004 kB
MemFree:         1986492 kB
Active:           442204 kB
Mem:          3.8G       1.9G       1.9G       5.7M        63M       1.5G

MemTotal:        4016004 kB
MemFree:         1939772 kB
Active:           442176 kB
Mem:          3.8G       2.0G       1.8G       5.7M        63M       1.5G

MemTotal:        4016004 kB
MemFree:         1893380 kB
Active:           442204 kB
Mem:          3.8G       2.0G       1.8G       5.7M        63M       1.6G

MemTotal:        4016004 kB
MemFree:         1893040 kB
Active:           442224 kB
Mem:          3.8G       2.0G       1.8G       5.7M        63M       1.6G

MemTotal:        4016004 kB
MemFree:         1893072 kB
Active:           442224 kB
Mem:          3.8G       2.0G       1.8G       5.7M        63M       1.6G

MemTotal:        4016004 kB
MemFree:         1848364 kB
Active:           442224 kB
Mem:          3.8G       2.1G       1.8G       5.7M        63M       1.6G

MemTotal:        4016004 kB
MemFree:         1802096 kB
Active:           442236 kB
Mem:          3.8G       2.1G       1.7G       5.7M        63M       1.6G

MemTotal:        4016004 kB
MemFree:         1755748 kB
Active:           442240 kB
Mem:          3.8G       2.2G       1.7G       5.7M        63M       1.7G

MemTotal:        4016004 kB
MemFree:         1708888 kB
Active:           442248 kB
Mem:          3.8G       2.2G       1.6G       5.7M        63M       1.7G

MemTotal:        4016004 kB
MemFree:         1662292 kB
Active:           442248 kB
Mem:          3.8G       2.2G       1.6G       5.7M        63M       1.8G

MemTotal:        4016004 kB
MemFree:         1616548 kB
Active:           442252 kB
Mem:          3.8G       2.3G       1.5G       5.7M        63M       1.8G

MemTotal:        4016004 kB
MemFree:         1569704 kB
Active:           442252 kB
Mem:          3.8G       2.3G       1.5G       5.7M        63M       1.9G

MemTotal:        4016004 kB
MemFree:         1525860 kB
Active:           442252 kB
Mem:          3.8G       2.4G       1.5G       5.7M        63M       1.9G

MemTotal:        4016004 kB
MemFree:         1525456 kB
Active:           442344 kB
Mem:          3.8G       2.4G       1.5G       5.7M        63M       1.9G

MemTotal:        4016004 kB
MemFree:         1501748 kB
Active:           442268 kB
Mem:          3.8G       2.4G       1.4G       5.7M        63M       1.9G

MemTotal:        4016004 kB
MemFree:         1455668 kB
Active:           442272 kB
Mem:          3.8G       2.4G       1.4G       5.7M        63M       2.0G

MemTotal:        4016004 kB
MemFree:         1408684 kB
Active:           442276 kB
Mem:          3.8G       2.5G       1.3G       5.7M        63M       2.0G

MemTotal:        4016004 kB
MemFree:         1361672 kB
Active:           442500 kB
Mem:          3.8G       2.5G       1.3G       5.7M        63M       2.1G

MemTotal:        4016004 kB
MemFree:         1360472 kB
Active:           442280 kB
Mem:          3.8G       2.5G       1.3G       5.7M        63M       2.1G

MemTotal:        4016004 kB
MemFree:         1360784 kB
Active:           442292 kB
Mem:          3.8G       2.5G       1.3G       5.7M        63M       2.1G

MemTotal:        4016004 kB
MemFree:         1350016 kB
Active:           442292 kB
Mem:          3.8G       2.5G       1.3G       5.7M        63M       2.1G

MemTotal:        4016004 kB
MemFree:         1304352 kB
Active:           442300 kB
Mem:          3.8G       2.6G       1.2G       5.7M        63M       2.1G

MemTotal:        4016004 kB
MemFree:         1257000 kB
Active:           442408 kB
Mem:          3.8G       2.6G       1.2G       5.7M        63M       2.2G

MemTotal:        4016004 kB
MemFree:         1211396 kB
Active:           442304 kB
Mem:          3.8G       2.7G       1.2G       5.7M        63M       2.2G

MemTotal:        4016004 kB
MemFree:         1164612 kB
Active:           442428 kB
Mem:          3.8G       2.7G       1.1G       5.7M        63M       2.2G

MemTotal:        4016004 kB
MemFree:         1117940 kB
Active:           442428 kB
Mem:          3.8G       2.8G       1.1G       5.7M        63M       2.3G

MemTotal:        4016004 kB
MemFree:         1072104 kB
Active:           442360 kB
Mem:          3.8G       2.8G       1.0G       5.7M        63M       2.3G

MemTotal:        4016004 kB
MemFree:         1025260 kB
Active:           442364 kB
Mem:          3.8G       2.9G       1.0G       5.7M        63M       2.4G

MemTotal:        4016004 kB
MemFree:          979416 kB
Active:           442420 kB
Mem:          3.8G       2.9G       956M       5.7M        63M       2.4G

MemTotal:        4016004 kB
MemFree:          978576 kB
Active:           442404 kB
Mem:          3.8G       2.9G       955M       5.7M        63M       2.4G

MemTotal:        4016004 kB
MemFree:          943708 kB
Active:           442476 kB
Mem:          3.8G       2.9G       921M       5.7M        63M       2.4G

MemTotal:        4016004 kB
MemFree:          897236 kB
Active:           442440 kB
Mem:          3.8G       3.0G       875M       5.7M        63M       2.5G

MemTotal:        4016004 kB
MemFree:          851368 kB
Active:           442436 kB
Mem:          3.8G       3.0G       831M       5.7M        63M       2.5G

MemTotal:        4016004 kB
MemFree:          804532 kB
Active:           442352 kB
Mem:          3.8G       3.1G       784M       5.7M        63M       2.6G

MemTotal:        4016004 kB
MemFree:          762532 kB
Active:           442404 kB
Mem:          3.8G       3.1G       744M       5.7M        63M       2.6G

MemTotal:        4016004 kB
MemFree:          762020 kB
Active:           442412 kB
Mem:          3.8G       3.1G       744M       5.7M        63M       2.6G

MemTotal:        4016004 kB
MemFree:          762212 kB
Active:           442504 kB
Mem:          3.8G       3.1G       744M       5.7M        63M       2.6G

MemTotal:        4016004 kB
MemFree:          759116 kB
Active:           442520 kB
Mem:          3.8G       3.1G       741M       5.7M        63M       2.6G

MemTotal:        4016004 kB
MemFree:          711188 kB
Active:           442380 kB
Mem:          3.8G       3.2G       693M       5.7M        63M       2.7G

MemTotal:        4016004 kB
MemFree:          664468 kB
Active:           444412 kB
Mem:          3.8G       3.2G       648M       5.7M        63M       2.7G

MemTotal:        4016004 kB
MemFree:          618864 kB
Active:           444412 kB
Mem:          3.8G       3.2G       603M       5.7M        63M       2.8G

MemTotal:        4016004 kB
MemFree:          572004 kB
Active:           444412 kB
Mem:          3.8G       3.3G       557M       5.7M        63M       2.8G

MemTotal:        4016004 kB
MemFree:          525392 kB
Active:           444412 kB
Mem:          3.8G       3.3G       512M       5.7M        63M       2.8G

MemTotal:        4016004 kB
MemFree:          479540 kB
Active:           444412 kB
Mem:          3.8G       3.4G       467M       5.7M        63M       2.9G

MemTotal:        4016004 kB
MemFree:          434160 kB
Active:           444420 kB
Mem:          3.8G       3.4G       423M       5.7M        63M       2.9G

MemTotal:        4016004 kB
MemFree:          386752 kB
Active:           444428 kB
Mem:          3.8G       3.5G       377M       5.7M        63M       3.0G

MemTotal:        4016004 kB
MemFree:          341312 kB
Active:           444436 kB
Mem:          3.8G       3.5G       332M       5.7M        63M       3.0G

MemTotal:        4016004 kB
MemFree:          294456 kB
Active:           444436 kB
Mem:          3.8G       3.5G       287M       5.7M        63M       3.1G

MemTotal:        4016004 kB
MemFree:          247676 kB
Active:           444436 kB
Mem:          3.8G       3.6G       241M       5.7M        63M       3.1G

MemTotal:        4016004 kB
MemFree:          200940 kB
Active:           444444 kB
Mem:          3.8G       3.6G       195M       5.7M        63M       3.1G

MemTotal:        4016004 kB
MemFree:          154956 kB
Active:           444444 kB
Mem:          3.8G       3.7G       151M       5.7M        63M       3.2G

MemTotal:        4016004 kB
MemFree:          107408 kB
Active:           444328 kB
Mem:          3.8G       3.7G       104M       5.7M        63M       3.2G

MemTotal:        4016004 kB
MemFree:          131052 kB
Active:           454692 kB
Mem:          3.8G       3.7G       112M       5.7M        28M       3.3G

MemTotal:        4016004 kB
MemFree:          112736 kB
Active:           499660 kB
Mem:          3.8G       3.7G       109M       5.7M        28M       3.3G

MemTotal:        4016004 kB
MemFree:          113028 kB
Active:           498132 kB
Mem:          3.8G       3.7G       108M       5.7M        28M       3.3G

MemTotal:        4016004 kB
MemFree:          127896 kB
Active:           492896 kB
Mem:          3.8G       3.7G       124M       5.7M        28M       3.2G

MemTotal:        4016004 kB
MemFree:          127884 kB
Active:           487136 kB
Mem:          3.8G       3.7G       124M       5.7M        28M       3.2G

MemTotal:        4016004 kB
MemFree:          124208 kB
Active:           480520 kB
Mem:          3.8G       3.7G       120M       5.7M        28M       3.3G

MemTotal:        4016004 kB
MemFree:          127696 kB
Active:           475404 kB
Mem:          3.8G       3.7G       124M       5.7M        28M       3.2G

MemTotal:        4016004 kB
MemFree:          116884 kB
Active:           471956 kB
Mem:          3.8G       3.7G       113M       5.7M        28M       3.3G

MemTotal:        4016004 kB
MemFree:          106376 kB
Active:           468504 kB
Mem:          3.8G       3.7G       102M       5.7M        28M       3.3G

MemTotal:        4016004 kB
MemFree:          133152 kB
Active:           461728 kB
Mem:          3.8G       3.7G       129M       5.7M        28M       3.2G

MemTotal:        4016004 kB
MemFree:          110700 kB
Active:           460064 kB
Mem:          3.8G       3.7G       107M       5.7M        28M       3.3G

MemTotal:        4016004 kB
MemFree:          110052 kB
Active:           460072 kB
Mem:          3.8G       3.7G       107M       5.7M        28M       3.3G

MemTotal:        4016004 kB
MemFree:          110120 kB
Active:           460072 kB
Mem:          3.8G       3.7G       107M       5.7M        28M       3.3G

MemTotal:        4016004 kB
MemFree:          109548 kB
Active:           457136 kB
Mem:          3.8G       3.7G       106M       5.7M        28M       3.3G

MemTotal:        4016004 kB
MemFree:          135336 kB
Active:           453008 kB
Mem:          3.8G       3.7G       131M       5.7M        28M       3.2G

MemTotal:        4016004 kB
MemFree:          126048 kB
Active:           453904 kB
Mem:          3.8G       3.7G       122M       5.7M        28M       3.2G

MemTotal:        4016004 kB
MemFree:          126160 kB
Active:           449936 kB
Mem:          3.8G       3.7G       122M       5.7M        28M       3.2G

MemTotal:        4016004 kB
MemFree:          122880 kB
Active:           448144 kB
Mem:          3.8G       3.7G       118M       5.7M        28M       3.3G

MemTotal:        4016004 kB
MemFree:          112972 kB
Active:           447000 kB
Mem:          3.8G       3.7G       109M       5.7M        28M       3.3G

MemTotal:        4016004 kB
MemFree:          114608 kB
Active:           445084 kB
Mem:          3.8G       3.7G       111M       5.7M        28M       3.3G

MemTotal:        4016004 kB
MemFree:          117140 kB
Active:           443428 kB
Mem:          3.8G       3.7G       113M       5.7M        28M       3.3G

MemTotal:        4016004 kB
MemFree:          123852 kB
Active:           441380 kB
Mem:          3.8G       3.7G       120M       5.7M        28M       3.3G

MemTotal:        4016004 kB
MemFree:          126484 kB
Active:           440100 kB
Mem:          3.8G       3.7G       123M       5.7M        28M       3.2G

MemTotal:        4016004 kB
MemFree:          115552 kB
Active:           438956 kB
Mem:          3.8G       3.7G       112M       5.7M        28M       3.3G

MemTotal:        4016004 kB
MemFree:          107272 kB
Active:           437812 kB
Mem:          3.8G       3.7G       104M       5.7M        28M       3.3G

MemTotal:        4016004 kB
MemFree:          121344 kB
Active:           433280 kB
Mem:          3.8G       3.7G       118M       5.7M        28M       3.3G

MemTotal:        4016004 kB
MemFree:          123832 kB
Active:           431236 kB
Mem:          3.8G       3.7G       120M       5.7M        28M       3.3G

MemTotal:        4016004 kB
MemFree:          119280 kB
Active:           429832 kB
Mem:          3.8G       3.7G       115M       5.7M        28M       3.3G

MemTotal:        4016004 kB
MemFree:          122404 kB
Active:           428688 kB
Mem:          3.8G       3.7G       119M       5.7M        28M       3.3G

MemTotal:        4016004 kB
MemFree:          124804 kB
Active:           427024 kB
Mem:          3.8G       3.7G       121M       5.7M        28M       3.3G

MemTotal:        4016004 kB
MemFree:          114896 kB
Active:           425872 kB
Mem:          3.8G       3.7G       111M       5.7M        28M       3.3G

MemTotal:        4016004 kB
MemFree:          105360 kB
Active:           424720 kB
Mem:          3.8G       3.7G       102M       5.7M        28M       3.3G

MemTotal:        4016004 kB
MemFree:          112208 kB
Active:           420712 kB
Mem:          3.8G       3.7G       109M       5.7M        28M       3.3G

MemTotal:        4016004 kB
MemFree:          126216 kB
Active:           419068 kB
Mem:          3.8G       3.7G       122M       5.7M        28M       3.2G

MemTotal:        4016004 kB
MemFree:          121820 kB
Active:           417532 kB
Mem:          3.8G       3.7G       118M       5.7M        28M       3.3G

MemTotal:        4016004 kB
MemFree:          127736 kB
Active:           417892 kB
Mem:          3.8G       3.7G       124M       5.7M        28M       3.2G

MemTotal:        4016004 kB
MemFree:          124252 kB
Active:           416228 kB
Mem:          3.8G       3.7G       120M       5.7M        28M       3.2G

MemTotal:        4016004 kB
MemFree:          107664 kB
Active:           415588 kB
Mem:          3.8G       3.7G       104M       5.7M        28M       3.3G

MemTotal:        4016004 kB
MemFree:          107484 kB
Active:           414472 kB
Mem:          3.8G       3.7G       104M       5.7M        28M       3.3G

MemTotal:        4016004 kB
MemFree:          133524 kB
Active:           412296 kB
Mem:          3.8G       3.7G       130M       5.7M        28M       3.2G

MemTotal:        4016004 kB
MemFree:          143088 kB
Active:           410636 kB
Mem:          3.8G       3.7G       139M       5.7M        28M       3.2G

MemTotal:        4016004 kB
MemFree:          145168 kB
Active:           409232 kB
Mem:          3.8G       3.7G       141M       5.7M        28M       3.2G

MemTotal:        4016004 kB
MemFree:          134952 kB
Active:           408208 kB
Mem:          3.8G       3.7G       131M       5.7M        28M       3.2G

MemTotal:        4016004 kB
MemFree:          141984 kB
Active:           406168 kB
Mem:          3.8G       3.7G       137M       5.7M        28M       3.2G

MemTotal:        4016004 kB
MemFree:          132200 kB
Active:           405016 kB
Mem:          3.8G       3.7G       128M       5.7M        28M       3.2G

MemTotal:        4016004 kB
MemFree:          122868 kB
Active:           403736 kB
Mem:          3.8G       3.7G       118M       5.7M        28M       3.3G

MemTotal:        4016004 kB
MemFree:          129636 kB
Active:           401640 kB
Mem:          3.8G       3.7G       125M       5.7M        28M       3.2G

MemTotal:        4016004 kB
MemFree:          125160 kB
Active:           400524 kB
Mem:          3.8G       3.7G       121M       5.7M        28M       3.2G

MemTotal:        4016004 kB
MemFree:          107196 kB
Active:           400544 kB
Mem:          3.8G       3.7G       103M       5.7M        28M       3.3G

MemTotal:        4016004 kB
MemFree:          127560 kB
Active:           398372 kB
Mem:          3.8G       3.7G       123M       5.7M        28M       3.2G

MemTotal:        4016004 kB
MemFree:          105252 kB
Active:           397732 kB
Mem:          3.8G       3.7G       125M       5.7M        28M       3.2G

MemTotal:        4016004 kB
MemFree:          132584 kB
Active:           393564 kB
Mem:          3.8G       3.7G       128M       5.7M        28M       3.2G

MemTotal:        4016004 kB
MemFree:          115244 kB
Active:           392420 kB
Mem:          3.8G       3.7G       112M       5.7M        28M       3.3G

MemTotal:        4016004 kB
MemFree:          120908 kB
Active:           391268 kB
Mem:          3.8G       3.7G       117M       5.7M        28M       3.3G

MemTotal:        4016004 kB
MemFree:          120704 kB
Active:           391272 kB
Mem:          3.8G       3.7G       117M       5.7M        28M       3.3G

MemTotal:        4016004 kB
MemFree:          117500 kB
Active:           394152 kB
Mem:          3.8G       3.7G       114M       5.7M        28M       3.3G

MemTotal:        4016004 kB
MemFree:          108640 kB
Active:           392268 kB
Mem:          3.8G       3.7G       105M       5.7M        28M       3.3G

MemTotal:        4016004 kB
MemFree:          134212 kB
Active:           390092 kB
Mem:          3.8G       3.7G       130M       5.7M        28M       3.2G

MemTotal:        4016004 kB
MemFree:          124056 kB
Active:           388692 kB
Mem:          3.8G       3.7G       131M       5.7M        28M       3.2G

MemTotal:        4016004 kB
MemFree:          125780 kB
Active:           387028 kB
Mem:          3.8G       3.7G       122M       5.7M        28M       3.2G

MemTotal:        4016004 kB
MemFree:          109216 kB
Active:           385492 kB
Mem:          3.8G       3.7G       105M       5.7M        28M       3.3G

MemTotal:        4016004 kB
MemFree:          111960 kB
Active:           384212 kB
Mem:          3.8G       3.7G       109M       5.7M        28M       3.3G

MemTotal:        4016004 kB
MemFree:          114940 kB
Active:           382936 kB
Mem:          3.8G       3.7G       111M       5.7M        28M       3.3G

MemTotal:        4016004 kB
MemFree:          134844 kB
Active:           382824 kB
Mem:          3.8G       3.7G       131M       5.7M        28M       3.2G

MemTotal:        4016004 kB
MemFree:          105508 kB
Active:           383228 kB
Mem:          3.8G       3.7G       102M       5.7M        28M       3.3G

MemTotal:        4016004 kB
MemFree:          125656 kB
Active:           380916 kB
Mem:          3.8G       3.7G       121M       5.7M        28M       3.2G

MemTotal:        4016004 kB
MemFree:          109548 kB
Active:           380920 kB
Mem:          3.8G       3.7G       106M       5.7M        28M       3.3G

MemTotal:        4016004 kB
MemFree:          127316 kB
Active:           378444 kB
Mem:          3.8G       3.7G       124M       5.7M        28M       3.2G

MemTotal:        4016004 kB
MemFree:          117348 kB
Active:           378192 kB
Mem:          3.8G       3.7G       114M       5.7M        28M       3.3G

MemTotal:        4016004 kB
MemFree:          115728 kB
Active:           378204 kB
Mem:          3.8G       3.7G       112M       5.7M        28M       3.3G

MemTotal:        4016004 kB
MemFree:          115452 kB
Active:           378216 kB
Mem:          3.8G       3.7G       112M       5.7M        28M       3.3G

MemTotal:        4016004 kB
MemFree:          115676 kB
Active:           378216 kB
Mem:          3.8G       3.7G       112M       5.7M        28M       3.3G

MemTotal:        4016004 kB
MemFree:          149716 kB
Active:           378216 kB
Mem:          3.8G       3.7G       145M       5.7M        28M       3.2G

MemTotal:        4016004 kB
MemFree:          127160 kB
Active:           378220 kB
Mem:          3.8G       3.7G       123M       5.7M        28M       3.2G

MemTotal:        4016004 kB
MemFree:          111084 kB
Active:           378220 kB
Mem:          3.8G       3.7G       107M       5.7M        28M       3.3G

MemTotal:        4016004 kB
MemFree:          124300 kB
Active:           378232 kB
Mem:          3.8G       3.7G       120M       5.7M        28M       3.2G

MemTotal:        4016004 kB
MemFree:          127184 kB
Active:           378236 kB
Mem:          3.8G       3.7G       123M       5.7M        28M       3.2G

MemTotal:        4016004 kB
MemFree:          128948 kB
Active:           378156 kB
Mem:          3.8G       3.7G       125M       5.7M        28M       3.2G

MemTotal:        4016004 kB
MemFree:          137020 kB
Active:           378160 kB
Mem:          3.8G       3.7G       132M       5.7M        28M       3.2G

MemTotal:        4016004 kB
MemFree:          107892 kB
Active:           378160 kB
Mem:          3.8G       3.7G       104M       5.7M        28M       3.3G

MemTotal:        4016004 kB
MemFree:          107340 kB
Active:           378168 kB
Mem:          3.8G       3.7G       104M       5.7M        28M       3.3G

MemTotal:        4016004 kB
MemFree:          107392 kB
Active:           378184 kB
Mem:          3.8G       3.7G       104M       5.7M        28M       3.3G

MemTotal:        4016004 kB
MemFree:          132872 kB
Active:           378192 kB
Mem:          3.8G       3.7G       129M       5.7M        28M       3.2G

MemTotal:        4016004 kB
MemFree:          133768 kB
Active:           378192 kB
Mem:          3.8G       3.7G       130M       5.7M        28M       3.2G

MemTotal:        4016004 kB
MemFree:          127780 kB
Active:           380024 kB
Mem:          3.8G       3.7G       123M       5.7M        28M       3.2G

MemTotal:        4016004 kB
MemFree:          135164 kB
Active:           379264 kB
Mem:          3.8G       3.7G       131M       5.7M        28M       3.2G

MemTotal:        4016004 kB
MemFree:          143428 kB
Active:           379284 kB
Mem:          3.8G       3.7G       139M       5.7M        28M       3.2G

MemTotal:        4016004 kB
MemFree:          145860 kB
Active:           379288 kB
Mem:          3.8G       3.7G       141M       5.7M        28M       3.2G

MemTotal:        4016004 kB
MemFree:          134736 kB
Active:           379296 kB
Mem:          3.8G       3.7G       131M       5.7M        28M       3.2G

MemTotal:        4016004 kB
MemFree:          126132 kB
Active:           379296 kB
Mem:          3.8G       3.7G       122M       5.7M        28M       3.2G

MemTotal:        4016004 kB
MemFree:          127240 kB
Active:           379296 kB
Mem:          3.8G       3.7G       123M       5.7M        28M       3.2G

MemTotal:        4016004 kB
MemFree:          135376 kB
Active:           378192 kB
Mem:          3.8G       3.7G       131M       5.7M        28M       3.2G

MemTotal:        4016004 kB
MemFree:          125236 kB
Active:           378116 kB
Mem:          3.8G       3.7G       121M       5.7M        28M       3.2G

MemTotal:        4016004 kB
MemFree:          109160 kB
Active:           377972 kB
Mem:          3.8G       3.7G       105M       5.7M        28M       3.3G

MemTotal:        4016004 kB
MemFree:          134664 kB
Active:           377820 kB
Mem:          3.8G       3.7G       131M       5.7M        28M       3.2G

MemTotal:        4016004 kB
MemFree:          136840 kB
Active:           377820 kB
Mem:          3.8G       3.7G       133M       5.7M        28M       3.2G

MemTotal:        4016004 kB
MemFree:          127088 kB
Active:           377828 kB
Mem:          3.8G       3.7G       123M       5.7M        28M       3.2G

MemTotal:        4016004 kB
MemFree:          117700 kB
Active:           377832 kB
Mem:          3.8G       3.7G       114M       5.7M        28M       3.3G

MemTotal:        4016004 kB
MemFree:          107500 kB
Active:           377840 kB
Mem:          3.8G       3.7G       104M       5.7M        28M       3.3G

MemTotal:        4016004 kB
MemFree:          151948 kB
Active:           375812 kB
Mem:          3.8G       3.7G       147M       5.7M        28M       3.2G

MemTotal:        4016004 kB
MemFree:          142564 kB
Active:           375816 kB
Mem:          3.8G       3.7G       138M       5.7M        28M       3.2G

MemTotal:        4016004 kB
MemFree:          141852 kB
Active:           375828 kB
Mem:          3.8G       3.7G       138M       5.7M        28M       3.2G

MemTotal:        4016004 kB
MemFree:          141824 kB
Active:           375828 kB
Mem:          3.8G       3.7G       138M       5.7M        28M       3.2G

MemTotal:        4016004 kB
MemFree:          122996 kB
Active:           375828 kB
Mem:          3.8G       3.7G       119M       5.7M        28M       3.2G

MemTotal:        4016004 kB
MemFree:          113476 kB
Active:           377032 kB
Mem:          3.8G       3.7G       110M       5.7M        28M       3.3G

MemTotal:        4016004 kB
MemFree:          134336 kB
Active:           377032 kB
Mem:          3.8G       3.7G       130M       5.7M        28M       3.2G

MemTotal:        4016004 kB
MemFree:          143276 kB
Active:           377040 kB
Mem:          3.8G       3.7G       139M       5.7M        28M       3.2G

MemTotal:        4016004 kB
MemFree:          133012 kB
Active:           377040 kB
Mem:          3.8G       3.7G       129M       5.7M        28M       3.2G

MemTotal:        4016004 kB
MemFree:          123228 kB
Active:           377044 kB
Mem:          3.8G       3.7G       119M       5.7M        28M       3.2G

MemTotal:        4016004 kB
MemFree:          131612 kB
Active:           370504 kB
Mem:          3.8G       3.7G       128M       5.7M        28M       3.2G

MemTotal:        4016004 kB
MemFree:          121736 kB
Active:           370380 kB
Mem:          3.8G       3.7G       118M       5.7M        28M       3.2G

MemTotal:        4016004 kB
MemFree:          112324 kB
Active:           370392 kB
Mem:          3.8G       3.7G       109M       5.7M        28M       3.3G

MemTotal:        4016004 kB
MemFree:          126564 kB
Active:           370392 kB
Mem:          3.8G       3.7G       123M       5.7M        28M       3.2G

MemTotal:        4016004 kB
MemFree:          105400 kB
Active:           370392 kB
Mem:          3.8G       3.7G       125M       5.7M        28M       3.2G

MemTotal:        4016004 kB
MemFree:          123992 kB
Active:           372756 kB
Mem:          3.8G       3.7G       120M       5.7M        28M       3.2G

MemTotal:        4016004 kB
MemFree:          107184 kB
Active:           371732 kB
Mem:          3.8G       3.7G       103M       5.7M        28M       3.3G

MemTotal:        4016004 kB
MemFree:          118948 kB
Active:           371612 kB
Mem:          3.8G       3.7G       115M       5.7M        28M       3.2G

MemTotal:        4016004 kB
MemFree:          127720 kB
Active:           371616 kB
Mem:          3.8G       3.7G       124M       5.7M        28M       3.2G

MemTotal:        4016004 kB
MemFree:          126564 kB
Active:           368880 kB
Mem:          3.8G       3.7G       123M       5.7M        28M       3.2G

MemTotal:        4016004 kB
MemFree:          117420 kB
Active:           368692 kB
Mem:          3.8G       3.7G       114M       5.7M        28M       3.2G

MemTotal:        4016004 kB
MemFree:          108184 kB
Active:           368692 kB
Mem:          3.8G       3.7G       104M       5.7M        28M       3.3G

MemTotal:        4016004 kB
MemFree:          134176 kB
Active:           368704 kB
Mem:          3.8G       3.7G       130M       5.7M        28M       3.2G

MemTotal:        4016004 kB
MemFree:          125152 kB
Active:           368704 kB
Mem:          3.8G       3.7G       121M       5.7M        28M       3.2G

MemTotal:        4016004 kB
MemFree:          127024 kB
Active:           368708 kB
Mem:          3.8G       3.7G       123M       5.7M        28M       3.2G

MemTotal:        4016004 kB
MemFree:          129408 kB
Active:           368704 kB
Mem:          3.8G       3.7G       125M       5.7M        28M       3.2G

MemTotal:        4016004 kB
MemFree:          120136 kB
Active:           368704 kB
Mem:          3.8G       3.7G       116M       5.7M        28M       3.2G

MemTotal:        4016004 kB
MemFree:          173352 kB
Active:           323064 kB
Mem:          3.8G       3.7G       169M       5.7M        28M       3.2G

MemTotal:        4016004 kB
MemFree:          129832 kB
Active:           322844 kB
Mem:          3.8G       3.7G       126M       5.7M        28M       3.2G

MemTotal:        4016004 kB
MemFree:          129396 kB
Active:           322848 kB
Mem:          3.8G       3.7G       126M       5.7M        28M       3.2G

MemTotal:        4016004 kB
MemFree:          122172 kB
Active:           322864 kB
Mem:          3.8G       3.7G       118M       5.7M        28M       3.2G

MemTotal:        4016004 kB
MemFree:          133904 kB
Active:           322864 kB
Mem:          3.8G       3.7G       130M       5.7M        28M       3.2G

MemTotal:        4016004 kB
MemFree:          133444 kB
Active:           322868 kB
Mem:          3.8G       3.7G       130M       5.7M        28M       3.2G

MemTotal:        4016004 kB
MemFree:          127100 kB
Active:           322880 kB
Mem:          3.8G       3.7G       123M       5.7M        28M       3.2G

MemTotal:        4016004 kB
MemFree:          105776 kB
Active:           322884 kB
Mem:          3.8G       3.7G       102M       5.7M        28M       3.3G

MemTotal:        4016004 kB
MemFree:          108656 kB
Active:           322884 kB
Mem:          3.8G       3.7G       105M       5.7M        28M       3.3G

MemTotal:        4016004 kB
MemFree:          111536 kB
Active:           322888 kB
Mem:          3.8G       3.7G       107M       5.7M        28M       3.3G

MemTotal:        4016004 kB
MemFree:          127056 kB
Active:           322896 kB
Mem:          3.8G       3.7G       123M       5.7M        28M       3.2G

MemTotal:        4016004 kB
MemFree:          124224 kB
Active:           322896 kB
Mem:          3.8G       3.7G       120M       5.7M        28M       3.2G

MemTotal:        4016004 kB
MemFree:          120620 kB
Active:           317016 kB
Mem:          3.8G       3.7G       117M       5.7M        28M       3.2G

MemTotal:        4016004 kB
MemFree:          113896 kB
Active:           316856 kB
Mem:          3.8G       3.7G       110M       5.7M        28M       3.2G

MemTotal:        4016004 kB
MemFree:          119108 kB
Active:           316868 kB
Mem:          3.8G       3.7G       115M       5.7M        28M       3.2G

MemTotal:        4016004 kB
MemFree:          118240 kB
Active:           316872 kB
Mem:          3.8G       3.7G       115M       5.7M        28M       3.2G

MemTotal:        4016004 kB
MemFree:          118400 kB
Active:           316872 kB
Mem:          3.8G       3.7G       115M       5.7M        28M       3.2G

MemTotal:        4016004 kB
MemFree:          121652 kB
Active:           316872 kB
Mem:          3.8G       3.7G       118M       5.7M        28M       3.2G

MemTotal:        4016004 kB
MemFree:          112240 kB
Active:           316876 kB
Mem:          3.8G       3.7G       108M       5.7M        28M       3.2G

MemTotal:        4016004 kB
MemFree:          132976 kB
Active:           316876 kB
Mem:          3.8G       3.7G       128M       5.7M        28M       3.2G

MemTotal:        4016004 kB
MemFree:          134972 kB
Active:           316884 kB
Mem:          3.8G       3.7G       130M       5.7M        28M       3.2G

MemTotal:        4016004 kB
MemFree:          126072 kB
Active:           316884 kB
Mem:          3.8G       3.7G       122M       5.7M        28M       3.2G

MemTotal:        4016004 kB
MemFree:          128812 kB
Active:           316888 kB
Mem:          3.8G       3.7G       125M       5.7M        28M       3.2G

MemTotal:        4016004 kB
MemFree:          131940 kB
Active:           316892 kB
Mem:          3.8G       3.7G       128M       5.7M        28M       3.2G

MemTotal:        4016004 kB
MemFree:          134564 kB
Active:           315140 kB
Mem:          3.8G       3.7G       131M       5.7M        28M       3.2G

MemTotal:        4016004 kB
MemFree:          135648 kB
Active:           314964 kB
Mem:          3.8G       3.7G       131M       5.7M        28M       3.2G

MemTotal:        4016004 kB
MemFree:          127356 kB
Active:           314964 kB
Mem:          3.8G       3.7G       123M       5.7M        28M       3.2G

MemTotal:        4016004 kB
MemFree:          136744 kB
Active:           314964 kB
Mem:          3.8G       3.7G       133M       5.7M        28M       3.2G

MemTotal:        4016004 kB
MemFree:          127968 kB
Active:           314964 kB
Mem:          3.8G       3.7G       123M       5.7M        28M       3.2G

MemTotal:        4016004 kB
MemFree:          119208 kB
Active:           314964 kB
Mem:          3.8G       3.7G       115M       5.7M        28M       3.2G

MemTotal:        4016004 kB
MemFree:          113380 kB
Active:           314972 kB
Mem:          3.8G       3.7G       110M       5.7M        28M       3.2G

MemTotal:        4016004 kB
MemFree:          113008 kB
Active:           314988 kB
Mem:          3.8G       3.7G       110M       5.7M        28M       3.2G

MemTotal:        4016004 kB
MemFree:          129224 kB
Active:           315004 kB
Mem:          3.8G       3.7G       125M       5.7M        28M       3.2G

MemTotal:        4016004 kB
MemFree:          120220 kB
Active:           315012 kB
Mem:          3.8G       3.7G       116M       5.7M        28M       3.2G

MemTotal:        4016004 kB
MemFree:          123400 kB
Active:           315012 kB
Mem:          3.8G       3.7G       120M       5.7M        28M       3.2G

MemTotal:        4016004 kB
MemFree:          131844 kB
Active:           315024 kB
Mem:          3.8G       3.7G       128M       5.7M        28M       3.2G

MemTotal:        4016004 kB
MemFree:          122324 kB
Active:           315024 kB
Mem:          3.8G       3.7G       119M       5.7M        28M       3.2G

MemTotal:        4016004 kB
MemFree:          113800 kB
Active:           314904 kB
Mem:          3.8G       3.7G       110M       5.7M        28M       3.2G

MemTotal:        4016004 kB
MemFree:          126876 kB
Active:           316148 kB
Mem:          3.8G       3.7G       123M       5.7M        28M       3.2G

MemTotal:        4016004 kB
MemFree:          124068 kB
Active:           315896 kB
Mem:          3.8G       3.7G       120M       5.7M        28M       3.2G

MemTotal:        4016004 kB
MemFree:          108776 kB
Active:           315904 kB
Mem:          3.8G       3.7G       105M       5.7M        28M       3.2G

MemTotal:        4016004 kB
MemFree:          129960 kB
Active:           315776 kB
Mem:          3.8G       3.7G       126M       5.7M        28M       3.2G

MemTotal:        4016004 kB
MemFree:          136432 kB
Active:           315788 kB
Mem:          3.8G       3.7G       133M       5.7M        28M       3.2G

MemTotal:        4016004 kB
MemFree:          108900 kB
Active:           315792 kB
Mem:          3.8G       3.7G       106M       5.7M        28M       3.2G

MemTotal:        4016004 kB
MemFree:          111812 kB
Active:           315800 kB
Mem:          3.8G       3.7G       108M       5.7M        28M       3.2G

MemTotal:        4016004 kB
MemFree:          111428 kB
Active:           315804 kB
Mem:          3.8G       3.7G       108M       5.7M        28M       3.2G

MemTotal:        4016004 kB
MemFree:          128112 kB
Active:           315804 kB
Mem:          3.8G       3.7G       124M       5.7M        28M       3.2G

MemTotal:        4016004 kB
MemFree:          124932 kB
Active:           315808 kB
Mem:          3.8G       3.7G       121M       5.7M        28M       3.2G

MemTotal:        4016004 kB
MemFree:          145916 kB
Active:           315808 kB
Mem:          3.8G       3.7G       141M       5.7M        28M       3.2G

MemTotal:        4016004 kB
MemFree:          123756 kB
Active:           315808 kB
Mem:          3.8G       3.7G       131M       5.7M        28M       3.2G

MemTotal:        4016004 kB
MemFree:          129156 kB
Active:           314284 kB
Mem:          3.8G       3.7G       125M       5.7M        28M       3.2G

MemTotal:        4016004 kB
MemFree:          119636 kB
Active:           314068 kB
Mem:          3.8G       3.7G       116M       5.7M        28M       3.2G

MemTotal:        4016004 kB
MemFree:          110356 kB
Active:           314068 kB
Mem:          3.8G       3.7G       107M       5.7M        28M       3.2G

MemTotal:        4016004 kB
MemFree:          113116 kB
Active:           314068 kB
Mem:          3.8G       3.7G       109M       5.7M        28M       3.2G

MemTotal:        4016004 kB
MemFree:          131052 kB
Active:           314072 kB
Mem:          3.8G       3.7G       128M       5.7M        28M       3.2G

MemTotal:        4016004 kB
MemFree:          131296 kB
Active:           314092 kB
Mem:          3.8G       3.7G       128M       5.7M        28M       3.2G

MemTotal:        4016004 kB
MemFree:          131392 kB
Active:           314104 kB
Mem:          3.8G       3.7G       128M       5.7M        28M       3.2G

MemTotal:        4016004 kB
MemFree:          131740 kB
Active:           314104 kB
Mem:          3.8G       3.7G       128M       5.7M        28M       3.2G

MemTotal:        4016004 kB
MemFree:          127044 kB
Active:           314108 kB
Mem:          3.8G       3.7G       123M       5.7M        28M       3.2G

MemTotal:        4016004 kB
MemFree:          124424 kB
Active:           314112 kB
Mem:          3.8G       3.7G       120M       5.7M        28M       3.2G

MemTotal:        4016004 kB
MemFree:          127148 kB
Active:           314112 kB
Mem:          3.8G       3.7G       123M       5.7M        28M       3.2G

MemTotal:        4016004 kB
MemFree:          120868 kB
Active:           314120 kB
Mem:          3.8G       3.7G       117M       5.7M        28M       3.2G

MemTotal:        4016004 kB
MemFree:          105008 kB
Active:           314120 kB
Mem:          3.8G       3.7G       102M       5.7M        28M       3.3G

MemTotal:        4016004 kB
MemFree:          125868 kB
Active:           314120 kB
Mem:          3.8G       3.7G       122M       5.7M        28M       3.2G

MemTotal:        4016004 kB
MemFree:          110752 kB
Active:           314120 kB
Mem:          3.8G       3.7G       107M       5.7M        28M       3.2G

MemTotal:        4016004 kB
MemFree:          125952 kB
Active:           314120 kB
Mem:          3.8G       3.7G       122M       5.7M        28M       3.2G

MemTotal:        4016004 kB
MemFree:          106408 kB
Active:           310892 kB
Mem:          3.8G       3.7G       103M       5.7M        28M       3.2G

MemTotal:        4016004 kB
MemFree:          108916 kB
Active:           310896 kB
Mem:          3.8G       3.7G       105M       5.7M        28M       3.2G

MemTotal:        4016004 kB
MemFree:          144180 kB
Active:           310896 kB
Mem:          3.8G       3.7G       140M       5.7M        28M       3.2G

MemTotal:        4016004 kB
MemFree:          108604 kB
Active:           310908 kB
Mem:          3.8G       3.7G       105M       5.7M        28M       3.2G

MemTotal:        4016004 kB
MemFree:          122444 kB
Active:           310912 kB
Mem:          3.8G       3.7G       119M       5.7M        28M       3.2G

MemTotal:        4016004 kB
MemFree:          122108 kB
Active:           310916 kB
Mem:          3.8G       3.7G       119M       5.7M        28M       3.2G

MemTotal:        4016004 kB
MemFree:          127784 kB
Active:           310916 kB
Mem:          3.8G       3.7G       123M       5.7M        28M       3.2G

MemTotal:        4016004 kB
MemFree:          106720 kB
Active:           310920 kB
Mem:          3.8G       3.7G       103M       5.7M        28M       3.2G

MemTotal:        4016004 kB
MemFree:          133656 kB
Active:           310920 kB
Mem:          3.8G       3.7G       130M       5.7M        28M       3.2G

MemTotal:        4016004 kB
MemFree:          124988 kB
Active:           310920 kB
Mem:          3.8G       3.7G       121M       5.7M        28M       3.2G

MemTotal:        4016004 kB
MemFree:          128116 kB
Active:           310928 kB
Mem:          3.8G       3.7G       123M       5.7M        28M       3.2G

MemTotal:        4016004 kB
MemFree:          118580 kB
Active:           310928 kB
Mem:          3.8G       3.7G       115M       5.7M        28M       3.2G

MemTotal:        4016004 kB
MemFree:          116392 kB
Active:           310928 kB
Mem:          3.8G       3.7G       113M       5.7M        28M       3.2G

MemTotal:        4016004 kB
MemFree:          137488 kB
Active:           310932 kB
Mem:          3.8G       3.7G       133M       5.7M        28M       3.2G

MemTotal:        4016004 kB
MemFree:          108480 kB
Active:           310940 kB
Mem:          3.8G       3.7G       105M       5.7M        28M       3.2G

MemTotal:        4016004 kB
MemFree:          127184 kB
Active:           310956 kB
Mem:          3.8G       3.7G       123M       5.7M        28M       3.2G

MemTotal:        4016004 kB
MemFree:          111448 kB
Active:           310964 kB
Mem:          3.8G       3.7G       108M       5.7M        28M       3.2G

MemTotal:        4016004 kB
MemFree:          132652 kB
Active:           310964 kB
Mem:          3.8G       3.7G       129M       5.7M        28M       3.2G

MemTotal:        4016004 kB
MemFree:          135824 kB
Active:           310816 kB
Mem:          3.8G       3.7G       132M       5.7M        28M       3.2G

MemTotal:        4016004 kB
MemFree:          127516 kB
Active:           310612 kB
Mem:          3.8G       3.7G       123M       5.7M        28M       3.2G

MemTotal:        4016004 kB
MemFree:          117872 kB
Active:           310624 kB
Mem:          3.8G       3.7G       114M       5.7M        28M       3.2G

MemTotal:        4016004 kB
MemFree:          108956 kB
Active:           310628 kB
Mem:          3.8G       3.7G       105M       5.7M        28M       3.2G

MemTotal:        4016004 kB
MemFree:          111712 kB
Active:           310628 kB
Mem:          3.8G       3.7G       108M       5.7M        28M       3.2G

MemTotal:        4016004 kB
MemFree:          120376 kB
Active:           310628 kB
Mem:          3.8G       3.7G       117M       5.7M        28M       3.2G

MemTotal:        4016004 kB
MemFree:          127148 kB
Active:           310480 kB
Mem:          3.8G       3.7G       124M       5.7M        28M       3.2G

MemTotal:        4016004 kB
MemFree:          127120 kB
Active:           310336 kB
Mem:          3.8G       3.7G       124M       5.7M        28M       3.2G

MemTotal:        4016004 kB
MemFree:          127120 kB
Active:           310340 kB
Mem:          3.8G       3.7G       124M       5.7M        28M       3.2G

MemTotal:        4016004 kB
MemFree:          127368 kB
Active:           310340 kB
Mem:          3.8G       3.7G       124M       5.7M        28M       3.2G

MemTotal:        4016004 kB
MemFree:          127120 kB
Active:           310340 kB
Mem:          3.8G       3.7G       124M       5.7M        28M       3.2G

MemTotal:        4016004 kB
MemFree:          126892 kB
Active:           310344 kB
Mem:          3.8G       3.7G       123M       5.7M        28M       3.2G

MemTotal:        4016004 kB
MemFree:          126788 kB
Active:           310364 kB
Mem:          3.8G       3.7G       123M       5.7M        28M       3.2G

MemTotal:        4016004 kB
MemFree:          126768 kB
Active:           310368 kB
Mem:          3.8G       3.7G       123M       5.7M        28M       3.2G

MemTotal:        4016004 kB
MemFree:          126864 kB
Active:           310368 kB
Mem:          3.8G       3.7G       123M       5.7M        28M       3.2G

MemTotal:        4016004 kB
MemFree:          127180 kB
Active:           310368 kB
Mem:          3.8G       3.7G       124M       5.7M        28M       3.2G

MemTotal:        4016004 kB
MemFree:          127180 kB
Active:           310368 kB
Mem:          3.8G       3.7G       124M       5.7M        28M       3.2G

MemTotal:        4016004 kB
MemFree:          127056 kB
Active:           310368 kB
Mem:          3.8G       3.7G       124M       5.7M        28M       3.2G

MemTotal:        4016004 kB
MemFree:          127056 kB
Active:           310376 kB
Mem:          3.8G       3.7G       124M       5.7M        28M       3.2G

MemTotal:        4016004 kB
MemFree:          127056 kB
Active:           310376 kB
Mem:          3.8G       3.7G       124M       5.7M        28M       3.2G

MemTotal:        4016004 kB
MemFree:          127056 kB
Active:           310376 kB
Mem:          3.8G       3.7G       124M       5.7M        28M       3.2G

MemTotal:        4016004 kB
MemFree:          127056 kB
Active:           310376 kB
Mem:          3.8G       3.7G       124M       5.7M        28M       3.2G

MemTotal:        4016004 kB
MemFree:          127056 kB
Active:           310376 kB
Mem:          3.8G       3.7G       124M       5.7M        28M       3.2G

MemTotal:        4016004 kB
MemFree:          127056 kB
Active:           310380 kB
Mem:          3.8G       3.7G       124M       5.7M        28M       3.2G

MemTotal:        4016004 kB
MemFree:          127056 kB
Active:           310384 kB
Mem:          3.8G       3.7G       124M       5.7M        28M       3.2G

MemTotal:        4016004 kB
MemFree:          127056 kB
Active:           310384 kB
Mem:          3.8G       3.7G       124M       5.7M        28M       3.2G

MemTotal:        4016004 kB
MemFree:          127056 kB
Active:           310384 kB
Mem:          3.8G       3.7G       124M       5.7M        28M       3.2G

MemTotal:        4016004 kB
MemFree:          126932 kB
Active:           310384 kB
Mem:          3.8G       3.7G       123M       5.7M        28M       3.2G

MemTotal:        4016004 kB
MemFree:          126932 kB
Active:           310384 kB
Mem:          3.8G       3.7G       123M       5.7M        28M       3.2G

MemTotal:        4016004 kB
MemFree:          126932 kB
Active:           310392 kB
Mem:          3.8G       3.7G       124M       5.7M        28M       3.2G

MemTotal:        4016004 kB
MemFree:          127056 kB
Active:           310392 kB
Mem:          3.8G       3.7G       124M       5.7M        28M       3.2G

MemTotal:        4016004 kB
MemFree:          127056 kB
Active:           310392 kB
Mem:          3.8G       3.7G       123M       5.7M        28M       3.2G

MemTotal:        4016004 kB
MemFree:          127180 kB
Active:           310392 kB
Mem:          3.8G       3.7G       124M       5.7M        28M       3.2G

MemTotal:        4016004 kB
MemFree:          127056 kB
Active:           310392 kB
Mem:          3.8G       3.7G       124M       5.7M        28M       3.2G

MemTotal:        4016004 kB
MemFree:          127056 kB
Active:           310392 kB
Mem:          3.8G       3.7G       124M       5.7M        28M       3.2G

MemTotal:        4016004 kB
MemFree:          127056 kB
Active:           310392 kB
Mem:          3.8G       3.7G       124M       5.7M        28M       3.2G

MemTotal:        4016004 kB
MemFree:          127056 kB
Active:           310392 kB
Mem:          3.8G       3.7G       124M       5.7M        28M       3.2G

MemTotal:        4016004 kB
MemFree:          126932 kB
Active:           310392 kB
Mem:          3.8G       3.7G       123M       5.7M        28M       3.2G

MemTotal:        4016004 kB
MemFree:          126932 kB
Active:           310404 kB
Mem:          3.8G       3.7G       123M       5.7M        28M       3.2G

MemTotal:        4016004 kB
MemFree:          126932 kB
Active:           310404 kB
Mem:          3.8G       3.7G       123M       5.7M        28M       3.2G

MemTotal:        4016004 kB
MemFree:          126932 kB
Active:           310404 kB
Mem:          3.8G       3.7G       123M       5.7M        28M       3.2G

MemTotal:        4016004 kB
MemFree:          127056 kB
Active:           310404 kB
Mem:          3.8G       3.7G       124M       5.7M        28M       3.2G

MemTotal:        4016004 kB
MemFree:          127056 kB
Active:           310412 kB
Mem:          3.8G       3.7G       124M       5.7M        28M       3.2G

MemTotal:        4016004 kB
MemFree:          127056 kB
Active:           310412 kB
Mem:          3.8G       3.7G       124M       5.7M        28M       3.2G

MemTotal:        4016004 kB
MemFree:          127056 kB
Active:           310412 kB
Mem:          3.8G       3.7G       124M       5.7M        28M       3.2G

MemTotal:        4016004 kB
MemFree:          127056 kB
Active:           310412 kB
Mem:          3.8G       3.7G       124M       5.7M        28M       3.2G

MemTotal:        4016004 kB
MemFree:          127056 kB
Active:           310412 kB
Mem:          3.8G       3.7G       124M       5.7M        28M       3.2G

MemTotal:        4016004 kB
MemFree:          126932 kB
Active:           310412 kB
Mem:          3.8G       3.7G       123M       5.7M        28M       3.2G

MemTotal:        4016004 kB
MemFree:          126808 kB
Active:           310412 kB
Mem:          3.8G       3.7G       123M       5.7M        28M       3.2G

MemTotal:        4016004 kB
MemFree:          126932 kB
Active:           310412 kB
Mem:          3.8G       3.7G       123M       5.7M        28M       3.2G

MemTotal:        4016004 kB
MemFree:          127056 kB
Active:           310416 kB
Mem:          3.8G       3.7G       123M       5.7M        28M       3.2G

MemTotal:        4016004 kB
MemFree:          127056 kB
Active:           310416 kB
Mem:          3.8G       3.7G       124M       5.7M        28M       3.2G

MemTotal:        4016004 kB
MemFree:          127056 kB
Active:           310420 kB
Mem:          3.8G       3.7G       124M       5.7M        28M       3.2G

MemTotal:        4016004 kB
MemFree:          126932 kB
Active:           310420 kB
Mem:          3.8G       3.7G       123M       5.7M        28M       3.2G

MemTotal:        4016004 kB
MemFree:          126932 kB
Active:           310420 kB
Mem:          3.8G       3.7G       123M       5.7M        28M       3.2G

MemTotal:        4016004 kB
MemFree:          126808 kB
Active:           310420 kB
Mem:          3.8G       3.7G       123M       5.7M        28M       3.2G

MemTotal:        4016004 kB
MemFree:          126808 kB
Active:           310420 kB
Mem:          3.8G       3.7G       123M       5.7M        28M       3.2G

MemTotal:        4016004 kB
MemFree:          126932 kB
Active:           310424 kB
Mem:          3.8G       3.7G       123M       5.7M        28M       3.2G

MemTotal:        4016004 kB
MemFree:          126932 kB
Active:           310432 kB
Mem:          3.8G       3.7G       123M       5.7M        28M       3.2G

MemTotal:        4016004 kB
MemFree:          127056 kB
Active:           310436 kB
Mem:          3.8G       3.7G       124M       5.7M        28M       3.2G

MemTotal:        4016004 kB
MemFree:          126932 kB
Active:           310436 kB
Mem:          3.8G       3.7G       123M       5.7M        28M       3.2G

MemTotal:        4016004 kB
MemFree:          126932 kB
Active:           310436 kB
Mem:          3.8G       3.7G       123M       5.7M        28M       3.2G

MemTotal:        4016004 kB
MemFree:          126932 kB
Active:           310440 kB
Mem:          3.8G       3.7G       123M       5.7M        28M       3.2G

MemTotal:        4016004 kB
MemFree:          126932 kB
Active:           310440 kB
Mem:          3.8G       3.7G       123M       5.7M        28M       3.2G

MemTotal:        4016004 kB
MemFree:          126932 kB
Active:           310444 kB
Mem:          3.8G       3.7G       123M       5.7M        28M       3.2G

MemTotal:        4016004 kB
MemFree:          126932 kB
Active:           310448 kB
Mem:          3.8G       3.7G       123M       5.7M        28M       3.2G

MemTotal:        4016004 kB
MemFree:          126808 kB
Active:           310452 kB
Mem:          3.8G       3.7G       123M       5.7M        28M       3.2G

MemTotal:        4016004 kB
MemFree:          126808 kB
Active:           310452 kB
Mem:          3.8G       3.7G       123M       5.7M        28M       3.2G

MemTotal:        4016004 kB
MemFree:          126808 kB
Active:           310452 kB
Mem:          3.8G       3.7G       123M       5.7M        28M       3.2G

MemTotal:        4016004 kB
MemFree:          126932 kB
Active:           310452 kB
Mem:          3.8G       3.7G       123M       5.7M        28M       3.2G

MemTotal:        4016004 kB
MemFree:          126824 kB
Active:           310464 kB
Mem:          3.8G       3.7G       123M       5.7M        28M       3.2G

MemTotal:        4016004 kB
MemFree:          126824 kB
Active:           310464 kB
Mem:          3.8G       3.7G       123M       5.7M        28M       3.2G

MemTotal:        4016004 kB
MemFree:          126824 kB
Active:           310464 kB
Mem:          3.8G       3.7G       123M       5.7M        28M       3.2G

MemTotal:        4016004 kB
MemFree:          126824 kB
Active:           310464 kB
Mem:          3.8G       3.7G       123M       5.7M        28M       3.2G

MemTotal:        4016004 kB
MemFree:          126948 kB
Active:           310468 kB
Mem:          3.8G       3.7G       123M       5.7M        28M       3.2G

MemTotal:        4016004 kB
MemFree:          126824 kB
Active:           310476 kB
Mem:          3.8G       3.7G       123M       5.7M        28M       3.2G

MemTotal:        4016004 kB
MemFree:          126824 kB
Active:           310476 kB
Mem:          3.8G       3.7G       123M       5.7M        28M       3.2G

MemTotal:        4016004 kB
MemFree:          126700 kB
Active:           310476 kB
Mem:          3.8G       3.7G       123M       5.7M        28M       3.2G

MemTotal:        4016004 kB
MemFree:          126700 kB
Active:           310476 kB
Mem:          3.8G       3.7G       123M       5.7M        28M       3.2G

MemTotal:        4016004 kB
MemFree:          126824 kB
Active:           310476 kB
Mem:          3.8G       3.7G       123M       5.7M        28M       3.2G

MemTotal:        4016004 kB
MemFree:          126824 kB
Active:           310480 kB
Mem:          3.8G       3.7G       123M       5.7M        28M       3.2G

MemTotal:        4016004 kB
MemFree:          126824 kB
Active:           310480 kB
Mem:          3.8G       3.7G       123M       5.7M        28M       3.2G

MemTotal:        4016004 kB
MemFree:          126824 kB
Active:           310480 kB
Mem:          3.8G       3.7G       123M       5.7M        28M       3.2G

MemTotal:        4016004 kB
MemFree:          126948 kB
Active:           310480 kB
Mem:          3.8G       3.7G       123M       5.7M        28M       3.2G

MemTotal:        4016004 kB
MemFree:          126948 kB
Active:           310480 kB
Mem:          3.8G       3.7G       123M       5.7M        28M       3.2G

MemTotal:        4016004 kB
MemFree:          126824 kB
Active:           310480 kB
Mem:          3.8G       3.7G       123M       5.7M        28M       3.2G

MemTotal:        4016004 kB
MemFree:          126700 kB
Active:           310488 kB
Mem:          3.8G       3.7G       123M       5.7M        28M       3.2G

MemTotal:        4016004 kB
MemFree:          126452 kB
Active:           310884 kB
Mem:          3.8G       3.7G       123M       5.7M        28M       3.2G

MemTotal:        4016004 kB
MemFree:          126436 kB
Active:           310680 kB
Mem:          3.8G       3.7G       123M       5.7M        28M       3.2G

MemTotal:        4016004 kB
MemFree:          126560 kB
Active:           310680 kB
Mem:          3.8G       3.7G       123M       5.7M        28M       3.2G

MemTotal:        4016004 kB
MemFree:          126436 kB
Active:           310680 kB
Mem:          3.8G       3.7G       123M       5.7M        28M       3.2G

MemTotal:        4016004 kB
MemFree:          126560 kB
Active:           310680 kB
Mem:          3.8G       3.7G       123M       5.7M        28M       3.2G

MemTotal:        4016004 kB
MemFree:          126560 kB
Active:           310680 kB
Mem:          3.8G       3.7G       123M       5.7M        29M       3.2G

MemTotal:        4016004 kB
MemFree:          126436 kB
Active:           310688 kB
Mem:          3.8G       3.7G       123M       5.7M        29M       3.2G

MemTotal:        4016004 kB
MemFree:          126560 kB
Active:           310692 kB
Mem:          3.8G       3.7G       123M       5.7M        29M       3.2G

MemTotal:        4016004 kB
MemFree:          126560 kB
Active:           310692 kB
Mem:          3.8G       3.7G       123M       5.7M        29M       3.2G

MemTotal:        4016004 kB
MemFree:          126560 kB
Active:           310692 kB
Mem:          3.8G       3.7G       123M       5.7M        29M       3.2G

MemTotal:        4016004 kB
MemFree:          126560 kB
Active:           310696 kB
Mem:          3.8G       3.7G       123M       5.7M        29M       3.2G

MemTotal:        4016004 kB
MemFree:          126560 kB
Active:           310696 kB
Mem:          3.8G       3.7G       123M       5.7M        29M       3.2G

MemTotal:        4016004 kB
MemFree:          126436 kB
Active:           310696 kB
Mem:          3.8G       3.7G       123M       5.7M        29M       3.2G

MemTotal:        4016004 kB
MemFree:          126560 kB
Active:           310704 kB
Mem:          3.8G       3.7G       123M       5.7M        29M       3.2G

MemTotal:        4016004 kB
MemFree:          126312 kB
Active:           310704 kB
Mem:          3.8G       3.7G       123M       5.7M        29M       3.2G

MemTotal:        4016004 kB
MemFree:          126312 kB
Active:           310704 kB
Mem:          3.8G       3.7G       123M       5.7M        29M       3.2G

MemTotal:        4016004 kB
MemFree:          126312 kB
Active:           310704 kB
Mem:          3.8G       3.7G       123M       5.7M        29M       3.2G

MemTotal:        4016004 kB
MemFree:          126452 kB
Active:           310696 kB
Mem:          3.8G       3.7G       123M       5.7M        29M       3.2G

MemTotal:        4016004 kB
MemFree:          126452 kB
Active:           310696 kB
Mem:          3.8G       3.7G       123M       5.7M        29M       3.2G

MemTotal:        4016004 kB
MemFree:          126576 kB
Active:           310700 kB
Mem:          3.8G       3.7G       123M       5.7M        29M       3.2G

MemTotal:        4016004 kB
MemFree:          126016 kB
Active:           310828 kB
Mem:          3.8G       3.7G       123M       5.7M        29M       3.2G

MemTotal:        4016004 kB
MemFree:          125956 kB
Active:           310824 kB
Mem:          3.8G       3.7G       123M       5.7M        29M       3.2G

MemTotal:        4016004 kB
MemFree:          125956 kB
Active:           310824 kB
Mem:          3.8G       3.7G       123M       5.7M        29M       3.2G

MemTotal:        4016004 kB
MemFree:          125956 kB
Active:           310824 kB
Mem:          3.8G       3.7G       123M       5.7M        29M       3.2G

MemTotal:        4016004 kB
MemFree:          125956 kB
Active:           310824 kB
Mem:          3.8G       3.7G       123M       5.7M        29M       3.2G

MemTotal:        4016004 kB
MemFree:          125956 kB
Active:           310824 kB
Mem:          3.8G       3.7G       122M       5.7M        29M       3.2G

MemTotal:        4016004 kB
MemFree:          125956 kB
Active:           310824 kB
Mem:          3.8G       3.7G       123M       5.7M        29M       3.2G

MemTotal:        4016004 kB
MemFree:          125956 kB
Active:           310836 kB
Mem:          3.8G       3.7G       123M       5.7M        29M       3.2G

MemTotal:        4016004 kB
MemFree:          126080 kB
Active:           310840 kB
Mem:          3.8G       3.7G       123M       5.7M        29M       3.2G

MemTotal:        4016004 kB
MemFree:          126080 kB
Active:           310840 kB
Mem:          3.8G       3.7G       123M       5.7M        29M       3.2G

MemTotal:        4016004 kB
MemFree:          125948 kB
Active:           310840 kB
Mem:          3.8G       3.7G       122M       5.7M        29M       3.2G

MemTotal:        4016004 kB
MemFree:          125948 kB
Active:           310840 kB
Mem:          3.8G       3.7G       122M       5.7M        29M       3.2G

MemTotal:        4016004 kB
MemFree:          125948 kB
Active:           310844 kB
Mem:          3.8G       3.7G       122M       5.7M        29M       3.2G

MemTotal:        4016004 kB
MemFree:          125948 kB
Active:           310844 kB
Mem:          3.8G       3.7G       122M       5.7M        29M       3.2G

MemTotal:        4016004 kB
MemFree:          125948 kB
Active:           310848 kB
Mem:          3.8G       3.7G       122M       5.7M        29M       3.2G

MemTotal:        4016004 kB
MemFree:          125948 kB
Active:           310848 kB
Mem:          3.8G       3.7G       122M       5.7M        29M       3.2G

MemTotal:        4016004 kB
MemFree:          125948 kB
Active:           310848 kB
Mem:          3.8G       3.7G       122M       5.7M        29M       3.2G

MemTotal:        4016004 kB
MemFree:          125948 kB
Active:           310848 kB
Mem:          3.8G       3.7G       122M       5.7M        29M       3.2G

MemTotal:        4016004 kB
MemFree:          125948 kB
Active:           310848 kB
Mem:          3.8G       3.7G       122M       5.7M        29M       3.2G

MemTotal:        4016004 kB
MemFree:          125824 kB
Active:           310860 kB
Mem:          3.8G       3.7G       122M       5.7M        29M       3.2G

MemTotal:        4016004 kB
MemFree:          125824 kB
Active:           310864 kB
Mem:          3.8G       3.7G       122M       5.7M        29M       3.2G

MemTotal:        4016004 kB
MemFree:          125824 kB
Active:           310864 kB
Mem:          3.8G       3.7G       122M       5.7M        29M       3.2G

MemTotal:        4016004 kB
MemFree:          125824 kB
Active:           310864 kB
Mem:          3.8G       3.7G       122M       5.7M        29M       3.2G

MemTotal:        4016004 kB
MemFree:          125948 kB
Active:           310864 kB
Mem:          3.8G       3.7G       122M       5.7M        29M       3.2G

MemTotal:        4016004 kB
MemFree:          125700 kB
Active:           310864 kB
Mem:          3.8G       3.7G       122M       5.7M        29M       3.2G

MemTotal:        4016004 kB
MemFree:          125948 kB
Active:           310872 kB
Mem:          3.8G       3.7G       122M       5.7M        29M       3.2G

MemTotal:        4016004 kB
MemFree:          125948 kB
Active:           310872 kB
Mem:          3.8G       3.7G       122M       5.7M        29M       3.2G

MemTotal:        4016004 kB
MemFree:          125948 kB
Active:           310872 kB
Mem:          3.8G       3.7G       122M       5.7M        29M       3.2G

MemTotal:        4016004 kB
MemFree:          125824 kB
Active:           310876 kB
Mem:          3.8G       3.7G       122M       5.7M        29M       3.2G

MemTotal:        4016004 kB
MemFree:          125824 kB
Active:           310876 kB
Mem:          3.8G       3.7G       122M       5.7M        29M       3.2G

MemTotal:        4016004 kB
MemFree:          125824 kB
Active:           310876 kB
Mem:          3.8G       3.7G       122M       5.7M        29M       3.2G

MemTotal:        4016004 kB
MemFree:          125824 kB
Active:           310876 kB
Mem:          3.8G       3.7G       122M       5.7M        29M       3.2G

MemTotal:        4016004 kB
MemFree:          125824 kB
Active:           310876 kB
Mem:          3.8G       3.7G       122M       5.7M        29M       3.2G

MemTotal:        4016004 kB
MemFree:          125824 kB
Active:           310876 kB
Mem:          3.8G       3.7G       123M       5.7M        29M       3.2G

MemTotal:        4016004 kB
MemFree:          125824 kB
Active:           310884 kB
Mem:          3.8G       3.7G       122M       5.7M        29M       3.2G

MemTotal:        4016004 kB
MemFree:          125824 kB
Active:           310888 kB
Mem:          3.8G       3.7G       122M       5.7M        29M       3.2G

MemTotal:        4016004 kB
MemFree:          125948 kB
Active:           310888 kB
Mem:          3.8G       3.7G       122M       5.7M        29M       3.2G

MemTotal:        4016004 kB
MemFree:          125948 kB
Active:           310888 kB
Mem:          3.8G       3.7G       122M       5.7M        29M       3.2G

MemTotal:        4016004 kB
MemFree:          125948 kB
Active:           310888 kB
Mem:          3.8G       3.7G       122M       5.7M        29M       3.2G

MemTotal:        4016004 kB
MemFree:          125948 kB
Active:           310888 kB
Mem:          3.8G       3.7G       122M       5.7M        29M       3.2G

MemTotal:        4016004 kB
MemFree:          125948 kB
Active:           310892 kB
Mem:          3.8G       3.7G       122M       5.7M        29M       3.2G

MemTotal:        4016004 kB
MemFree:          126072 kB
Active:           310900 kB
Mem:          3.8G       3.7G       122M       5.7M        29M       3.2G

MemTotal:        4016004 kB
MemFree:          125948 kB
Active:           310904 kB
Mem:          3.8G       3.7G       123M       5.7M        29M       3.2G

MemTotal:        4016004 kB
MemFree:          125948 kB
Active:           310904 kB
Mem:          3.8G       3.7G       122M       5.7M        29M       3.2G

MemTotal:        4016004 kB
MemFree:          125948 kB
Active:           310904 kB
Mem:          3.8G       3.7G       122M       5.7M        29M       3.2G

MemTotal:        4016004 kB
MemFree:          125948 kB
Active:           310904 kB
Mem:          3.8G       3.7G       122M       5.7M        29M       3.2G

MemTotal:        4016004 kB
MemFree:          125948 kB
Active:           310904 kB
Mem:          3.8G       3.7G       122M       5.7M        29M       3.2G

MemTotal:        4016004 kB
MemFree:          125948 kB
Active:           310904 kB
Mem:          3.8G       3.7G       122M       5.7M        29M       3.2G

MemTotal:        4016004 kB
MemFree:          125948 kB
Active:           310912 kB
Mem:          3.8G       3.7G       122M       5.7M        29M       3.2G

MemTotal:        4016004 kB
MemFree:          125948 kB
Active:           310920 kB
Mem:          3.8G       3.7G       122M       5.7M        29M       3.2G

MemTotal:        4016004 kB
MemFree:          125948 kB
Active:           310920 kB
Mem:          3.8G       3.7G       122M       5.7M        29M       3.2G

MemTotal:        4016004 kB
MemFree:          125948 kB
Active:           310920 kB
Mem:          3.8G       3.7G       122M       5.7M        29M       3.2G

MemTotal:        4016004 kB
MemFree:          125948 kB
Active:           310920 kB
Mem:          3.8G       3.7G       122M       5.7M        29M       3.2G

MemTotal:        4016004 kB
MemFree:          125948 kB
Active:           310924 kB
Mem:          3.8G       3.7G       122M       5.7M        29M       3.2G

MemTotal:        4016004 kB
MemFree:          125824 kB
Active:           310932 kB
Mem:          3.8G       3.7G       122M       5.7M        29M       3.2G

MemTotal:        4016004 kB
MemFree:          125824 kB
Active:           310932 kB
Mem:          3.8G       3.7G       122M       5.7M        29M       3.2G

MemTotal:        4016004 kB
MemFree:          125948 kB
Active:           310936 kB
Mem:          3.8G       3.7G       122M       5.7M        29M       3.2G

MemTotal:        4016004 kB
MemFree:          125824 kB
Active:           310936 kB
Mem:          3.8G       3.7G       122M       5.7M        29M       3.2G

MemTotal:        4016004 kB
MemFree:          125824 kB
Active:           310936 kB
Mem:          3.8G       3.7G       122M       5.7M        29M       3.2G

MemTotal:        4016004 kB
MemFree:          125832 kB
Active:           310936 kB
Mem:          3.8G       3.7G       122M       5.7M        29M       3.2G

MemTotal:        4016004 kB
MemFree:          125832 kB
Active:           310936 kB
Mem:          3.8G       3.7G       122M       5.7M        29M       3.2G

MemTotal:        4016004 kB
MemFree:          125832 kB
Active:           310936 kB
Mem:          3.8G       3.7G       122M       5.7M        29M       3.2G

MemTotal:        4016004 kB
MemFree:          125832 kB
Active:           310944 kB
Mem:          3.8G       3.7G       122M       5.7M        29M       3.2G

MemTotal:        4016004 kB
MemFree:          125832 kB
Active:           310944 kB
Mem:          3.8G       3.7G       122M       5.7M        29M       3.2G

MemTotal:        4016004 kB
MemFree:          125832 kB
Active:           310944 kB
Mem:          3.8G       3.7G       122M       5.7M        29M       3.2G

MemTotal:        4016004 kB
MemFree:          125832 kB
Active:           310944 kB
Mem:          3.8G       3.7G       122M       5.7M        29M       3.2G

MemTotal:        4016004 kB
MemFree:          125832 kB
Active:           310944 kB
Mem:          3.8G       3.7G       122M       5.7M        29M       3.2G

MemTotal:        4016004 kB
MemFree:          125832 kB
Active:           310948 kB
Mem:          3.8G       3.7G       122M       5.7M        29M       3.2G

MemTotal:        4016004 kB
MemFree:          125832 kB
Active:           310948 kB
Mem:          3.8G       3.7G       122M       5.7M        29M       3.2G

MemTotal:        4016004 kB
MemFree:          125832 kB
Active:           310948 kB
Mem:          3.8G       3.7G       122M       5.7M        29M       3.2G

MemTotal:        4016004 kB
MemFree:          125708 kB
Active:           310956 kB
Mem:          3.8G       3.7G       122M       5.7M        29M       3.2G

MemTotal:        4016004 kB
MemFree:          125708 kB
Active:           310960 kB
Mem:          3.8G       3.7G       122M       5.7M        29M       3.2G

MemTotal:        4016004 kB
MemFree:          125708 kB
Active:           310960 kB
Mem:          3.8G       3.7G       122M       5.7M        29M       3.2G

MemTotal:        4016004 kB
MemFree:          125832 kB
Active:           310960 kB
Mem:          3.8G       3.7G       122M       5.7M        29M       3.2G

MemTotal:        4016004 kB
MemFree:          125832 kB
Active:           310960 kB
Mem:          3.8G       3.7G       122M       5.7M        29M       3.2G

MemTotal:        4016004 kB
MemFree:          125832 kB
Active:           310960 kB
Mem:          3.8G       3.7G       123M       5.7M        29M       3.2G

MemTotal:        4016004 kB
MemFree:          125832 kB
Active:           310968 kB
Mem:          3.8G       3.7G       122M       5.7M        29M       3.2G

MemTotal:        4016004 kB
MemFree:          125832 kB
Active:           310968 kB
Mem:          3.8G       3.7G       122M       5.7M        29M       3.2G

MemTotal:        4016004 kB
MemFree:          125708 kB
Active:           310972 kB
Mem:          3.8G       3.7G       122M       5.7M        29M       3.2G

MemTotal:        4016004 kB
MemFree:          125708 kB
Active:           310972 kB
Mem:          3.8G       3.7G       122M       5.7M        29M       3.2G

MemTotal:        4016004 kB
MemFree:          125832 kB
Active:           310972 kB
Mem:          3.8G       3.7G       122M       5.7M        29M       3.2G

MemTotal:        4016004 kB
MemFree:          125708 kB
Active:           310972 kB
Mem:          3.8G       3.7G       122M       5.7M        29M       3.2G

MemTotal:        4016004 kB
MemFree:          125832 kB
Active:           310972 kB
Mem:          3.8G       3.7G       122M       5.7M        29M       3.2G

MemTotal:        4016004 kB
MemFree:          125832 kB
Active:           310984 kB
Mem:          3.8G       3.7G       122M       5.7M        29M       3.2G

MemTotal:        4016004 kB
MemFree:          125832 kB
Active:           310984 kB
Mem:          3.8G       3.7G       122M       5.7M        29M       3.2G

MemTotal:        4016004 kB
MemFree:          125832 kB
Active:           310984 kB
Mem:          3.8G       3.7G       122M       5.7M        29M       3.2G

MemTotal:        4016004 kB
MemFree:          125708 kB
Active:           310984 kB
Mem:          3.8G       3.7G       122M       5.7M        29M       3.2G

MemTotal:        4016004 kB
MemFree:          125708 kB
Active:           310984 kB
Mem:          3.8G       3.7G       122M       5.7M        29M       3.2G

MemTotal:        4016004 kB
MemFree:          125708 kB
Active:           310984 kB
Mem:          3.8G       3.7G       122M       5.7M        29M       3.2G

MemTotal:        4016004 kB
MemFree:          125708 kB
Active:           310992 kB
Mem:          3.8G       3.7G       122M       5.7M        29M       3.2G

MemTotal:        4016004 kB
MemFree:          125708 kB
Active:           310992 kB
Mem:          3.8G       3.7G       122M       5.7M        29M       3.2G

MemTotal:        4016004 kB
MemFree:          125832 kB
Active:           310992 kB
Mem:          3.8G       3.7G       122M       5.7M        29M       3.2G

MemTotal:        4016004 kB
MemFree:          125708 kB
Active:           310992 kB
Mem:          3.8G       3.7G       122M       5.7M        29M       3.2G

MemTotal:        4016004 kB
MemFree:          125832 kB
Active:           310992 kB
Mem:          3.8G       3.7G       122M       5.7M        29M       3.2G

MemTotal:        4016004 kB
MemFree:          125708 kB
Active:           310992 kB
Mem:          3.8G       3.7G       122M       5.7M        29M       3.2G

MemTotal:        4016004 kB
MemFree:          125584 kB
Active:           310992 kB
Mem:          3.8G       3.7G       122M       5.7M        29M       3.2G

MemTotal:        4016004 kB
MemFree:          125584 kB
Active:           310992 kB
Mem:          3.8G       3.7G       122M       5.7M        29M       3.2G

MemTotal:        4016004 kB
MemFree:          125584 kB
Active:           310996 kB
Mem:          3.8G       3.7G       122M       5.7M        29M       3.2G

MemTotal:        4016004 kB
MemFree:          125708 kB
Active:           310996 kB
Mem:          3.8G       3.7G       122M       5.7M        29M       3.2G

MemTotal:        4016004 kB
MemFree:          125708 kB
Active:           310996 kB
Mem:          3.8G       3.7G       122M       5.7M        29M       3.2G

MemTotal:        4016004 kB
MemFree:          126268 kB
Active:           310752 kB
Mem:          3.8G       3.7G       123M       5.7M        29M       3.2G

MemTotal:        4016004 kB
MemFree:          126640 kB
Active:           310748 kB
Mem:          3.8G       3.7G       123M       5.7M        29M       3.2G

MemTotal:        4016004 kB
MemFree:          126764 kB
Active:           310716 kB
Mem:          3.8G       3.7G       123M       5.7M        29M       3.2G

MemTotal:        4016004 kB
MemFree:          126516 kB
Active:           310764 kB
Mem:          3.8G       3.7G       123M       5.7M        29M       3.2G

MemTotal:        4016004 kB
MemFree:          126516 kB
Active:           310768 kB
Mem:          3.8G       3.7G       123M       5.7M        29M       3.2G

MemTotal:        4016004 kB
MemFree:          126888 kB
Active:           310740 kB
Mem:          3.8G       3.7G       123M       5.7M        29M       3.2G

MemTotal:        4016004 kB
MemFree:          127000 kB
Active:           310712 kB
Mem:          3.8G       3.7G       123M       5.7M        29M       3.2G

MemTotal:        4016004 kB
MemFree:          126876 kB
Active:           310768 kB
Mem:          3.8G       3.7G       124M       5.7M        29M       3.2G

MemTotal:        4016004 kB
MemFree:          127248 kB
Active:           310732 kB
Mem:          3.8G       3.7G       124M       5.7M        29M       3.2G

MemTotal:        4016004 kB
MemFree:          127372 kB
Active:           310756 kB
Mem:          3.8G       3.7G       124M       5.7M        29M       3.2G

MemTotal:        4016004 kB
MemFree:          127372 kB
Active:           310732 kB
Mem:          3.8G       3.7G       124M       5.7M        29M       3.2G

MemTotal:        4016004 kB
MemFree:          127000 kB
Active:           310788 kB
Mem:          3.8G       3.7G       124M       5.7M        29M       3.2G

MemTotal:        4016004 kB
MemFree:          127124 kB
Active:           310748 kB
Mem:          3.8G       3.7G       124M       5.7M        29M       3.2G

MemTotal:        4016004 kB
MemFree:          127496 kB
Active:           310776 kB
Mem:          3.8G       3.7G       124M       5.7M        29M       3.2G

MemTotal:        4016004 kB
MemFree:          127496 kB
Active:           310752 kB
Mem:          3.8G       3.7G       124M       5.7M        29M       3.2G

MemTotal:        4016004 kB
MemFree:          127372 kB
Active:           310768 kB
Mem:          3.8G       3.7G       124M       5.7M        29M       3.2G

MemTotal:        4016004 kB
MemFree:          127620 kB
Active:           310788 kB
Mem:          3.8G       3.7G       124M       5.7M        29M       3.2G

MemTotal:        4016004 kB
MemFree:          127620 kB
Active:           310776 kB
Mem:          3.8G       3.7G       124M       5.7M        29M       3.2G

MemTotal:        4016004 kB
MemFree:          126752 kB
Active:           310796 kB
Mem:          3.8G       3.7G       123M       5.7M        29M       3.2G

MemTotal:        4016004 kB
MemFree:          126488 kB
Active:           310796 kB
Mem:          3.8G       3.7G       123M       5.7M        29M       3.2G

MemTotal:        4016004 kB
MemFree:          126928 kB
Active:           310760 kB
Mem:          3.8G       3.7G       123M       5.7M        29M       3.2G

MemTotal:        4016004 kB
MemFree:          127052 kB
Active:           310784 kB
Mem:          3.8G       3.7G       124M       5.7M        29M       3.2G

MemTotal:        4016004 kB
MemFree:          127052 kB
Active:           310744 kB
Mem:          3.8G       3.7G       124M       5.7M        29M       3.2G

MemTotal:        4016004 kB
MemFree:          127176 kB
Active:           310760 kB
Mem:          3.8G       3.7G       123M       5.7M        29M       3.2G

MemTotal:        4016004 kB
MemFree:          127176 kB
Active:           310788 kB
Mem:          3.8G       3.7G       124M       5.7M        29M       3.2G

MemTotal:        4016004 kB
MemFree:          126788 kB
Active:           310812 kB
Mem:          3.8G       3.7G       123M       5.7M        29M       3.2G

MemTotal:        4016004 kB
MemFree:          126556 kB
Active:           310780 kB
Mem:          3.8G       3.7G       123M       5.7M        29M       3.2G

MemTotal:        4016004 kB
MemFree:          126168 kB
Active:           310920 kB
Mem:          3.8G       3.7G       123M       5.7M        29M       3.2G

MemTotal:        4016004 kB
MemFree:          126524 kB
Active:           310772 kB
Mem:          3.8G       3.7G       123M       5.7M        29M       3.2G

MemTotal:        4016004 kB
MemFree:          126556 kB
Active:           310796 kB
Mem:          3.8G       3.7G       123M       5.7M        29M       3.2G

MemTotal:        4016004 kB
MemFree:          126432 kB
Active:           310764 kB
