MemTotal:        4016004 kB
MemFree:         3214548 kB
Active:           447656 kB
Mem:          3.8G       782M       3.1G       5.7M        54M       324M

MemTotal:        4016004 kB
MemFree:         3214036 kB
Active:           448008 kB
Mem:          3.8G       783M       3.1G       5.7M        54M       324M

MemTotal:        4016004 kB
MemFree:         3213664 kB
Active:           448144 kB
Mem:          3.8G       783M       3.1G       5.7M        54M       324M

MemTotal:        4016004 kB
MemFree:         3213540 kB
Active:           448116 kB
Mem:          3.8G       783M       3.1G       5.7M        54M       324M

MemTotal:        4016004 kB
MemFree:         3212920 kB
Active:           448156 kB
Mem:          3.8G       784M       3.1G       5.7M        54M       324M

MemTotal:        4016004 kB
MemFree:         3213168 kB
Active:           448148 kB
Mem:          3.8G       783M       3.1G       5.7M        54M       324M

MemTotal:        4016004 kB
MemFree:         3213168 kB
Active:           448156 kB
Mem:          3.8G       783M       3.1G       5.7M        54M       324M

MemTotal:        4016004 kB
MemFree:         3213416 kB
Active:           448124 kB
Mem:          3.8G       783M       3.1G       5.7M        54M       324M

MemTotal:        4016004 kB
MemFree:         3213292 kB
Active:           448148 kB
Mem:          3.8G       783M       3.1G       5.7M        54M       324M

MemTotal:        4016004 kB
MemFree:         3213540 kB
Active:           448124 kB
Mem:          3.8G       783M       3.1G       5.7M        54M       324M

MemTotal:        4016004 kB
MemFree:         3214160 kB
Active:           448156 kB
Mem:          3.8G       783M       3.1G       5.7M        54M       324M

MemTotal:        4016004 kB
MemFree:         3213912 kB
Active:           448168 kB
Mem:          3.8G       783M       3.1G       5.7M        54M       324M

MemTotal:        4016004 kB
MemFree:         3213912 kB
Active:           448128 kB
Mem:          3.8G       783M       3.1G       5.7M        54M       324M

MemTotal:        4016004 kB
MemFree:         3213540 kB
Active:           448168 kB
Mem:          3.8G       783M       3.1G       5.7M        54M       324M

MemTotal:        4016004 kB
MemFree:         3213680 kB
Active:           448132 kB
Mem:          3.8G       783M       3.1G       5.7M        54M       324M

MemTotal:        4016004 kB
MemFree:         3213432 kB
Active:           448168 kB
Mem:          3.8G       783M       3.1G       5.7M        54M       324M

MemTotal:        4016004 kB
MemFree:         3213292 kB
Active:           448132 kB
Mem:          3.8G       783M       3.1G       5.7M        54M       324M

MemTotal:        4016004 kB
MemFree:         3213416 kB
Active:           448124 kB
Mem:          3.8G       783M       3.1G       5.7M        54M       324M

MemTotal:        4016004 kB
MemFree:         3212904 kB
Active:           448168 kB
Mem:          3.8G       783M       3.1G       5.7M        54M       324M

MemTotal:        4016004 kB
MemFree:         3213028 kB
Active:           448168 kB
Mem:          3.8G       783M       3.1G       5.7M        54M       324M

MemTotal:        4016004 kB
MemFree:         3213408 kB
Active:           448152 kB
Mem:          3.8G       783M       3.1G       5.7M        54M       324M

MemTotal:        4016004 kB
MemFree:         3213020 kB
Active:           448176 kB
Mem:          3.8G       783M       3.1G       5.7M        54M       324M

MemTotal:        4016004 kB
MemFree:         3213392 kB
Active:           448144 kB
Mem:          3.8G       783M       3.1G       5.7M        54M       324M

MemTotal:        4016004 kB
MemFree:         3213376 kB
Active:           448140 kB
Mem:          3.8G       783M       3.1G       5.7M        54M       324M

MemTotal:        4016004 kB
MemFree:         3213484 kB
Active:           448136 kB
Mem:          3.8G       783M       3.1G       5.7M        54M       324M

MemTotal:        4016004 kB
MemFree:         3213608 kB
Active:           448120 kB
Mem:          3.8G       783M       3.1G       5.7M        54M       324M

MemTotal:        4016004 kB
MemFree:         3213220 kB
Active:           448176 kB
Mem:          3.8G       783M       3.1G       5.7M        54M       324M

MemTotal:        4016004 kB
MemFree:         3213576 kB
Active:           448172 kB
Mem:          3.8G       783M       3.1G       5.7M        54M       324M

MemTotal:        4016004 kB
MemFree:         3213560 kB
Active:           448136 kB
Mem:          3.8G       783M       3.1G       5.7M        54M       324M

MemTotal:        4016004 kB
MemFree:         3213436 kB
Active:           448168 kB
Mem:          3.8G       783M       3.1G       5.7M        54M       324M

MemTotal:        4016004 kB
MemFree:         3213436 kB
Active:           448144 kB
Mem:          3.8G       783M       3.1G       5.7M        54M       324M

MemTotal:        4016004 kB
MemFree:         3213420 kB
Active:           448164 kB
Mem:          3.8G       783M       3.1G       5.7M        54M       324M

MemTotal:        4016004 kB
MemFree:         3213452 kB
Active:           448132 kB
Mem:          3.8G       783M       3.1G       5.7M        54M       324M

MemTotal:        4016004 kB
MemFree:         3211404 kB
Active:           448184 kB
Mem:          3.8G       785M       3.1G       5.7M        54M       324M

MemTotal:        4016004 kB
MemFree:         3211652 kB
Active:           450200 kB
Mem:          3.8G       785M       3.1G       5.7M        54M       324M

MemTotal:        4016004 kB
MemFree:         3211652 kB
Active:           450172 kB
Mem:          3.8G       785M       3.1G       5.7M        54M       324M

MemTotal:        4016004 kB
MemFree:         3211776 kB
Active:           450188 kB
Mem:          3.8G       785M       3.1G       5.7M        54M       324M

MemTotal:        4016004 kB
MemFree:         3211404 kB
Active:           450224 kB
Mem:          3.8G       785M       3.1G       5.7M        54M       324M

MemTotal:        4016004 kB
MemFree:         3211776 kB
Active:           450224 kB
Mem:          3.8G       785M       3.1G       5.7M        54M       324M

MemTotal:        4016004 kB
MemFree:         3211652 kB
Active:           450188 kB
Mem:          3.8G       785M       3.1G       5.7M        54M       324M

MemTotal:        4016004 kB
MemFree:         3211280 kB
Active:           450228 kB
Mem:          3.8G       785M       3.1G       5.7M        54M       324M

MemTotal:        4016004 kB
MemFree:         3211900 kB
Active:           450200 kB
Mem:          3.8G       785M       3.1G       5.7M        54M       324M

MemTotal:        4016004 kB
MemFree:         3211776 kB
Active:           450180 kB
Mem:          3.8G       785M       3.1G       5.7M        54M       324M

MemTotal:        4016004 kB
MemFree:         3210960 kB
Active:           448316 kB
Mem:          3.8G       785M       3.1G       5.7M        54M       324M

MemTotal:        4016004 kB
MemFree:         3211092 kB
Active:           450220 kB
Mem:          3.8G       785M       3.1G       5.7M        54M       324M

MemTotal:        4016004 kB
MemFree:         3211340 kB
Active:           450232 kB
Mem:          3.8G       785M       3.1G       5.7M        54M       324M

MemTotal:        4016004 kB
MemFree:         3211332 kB
Active:           450208 kB
Mem:          3.8G       785M       3.1G       5.7M        54M       324M

MemTotal:        4016004 kB
MemFree:         3210944 kB
Active:           450244 kB
Mem:          3.8G       786M       3.1G       5.7M        54M       324M

MemTotal:        4016004 kB
MemFree:         3211192 kB
Active:           450256 kB
Mem:          3.8G       785M       3.1G       5.7M        54M       324M

MemTotal:        4016004 kB
MemFree:         3211424 kB
Active:           450212 kB
Mem:          3.8G       785M       3.1G       5.7M        54M       324M

MemTotal:        4016004 kB
MemFree:         3211656 kB
Active:           450204 kB
Mem:          3.8G       785M       3.1G       5.7M        54M       324M

MemTotal:        4016004 kB
MemFree:         3211656 kB
Active:           450224 kB
Mem:          3.8G       785M       3.1G       5.7M        54M       324M

MemTotal:        4016004 kB
MemFree:         3211640 kB
Active:           450264 kB
Mem:          3.8G       785M       3.1G       5.7M        54M       324M

MemTotal:        4016004 kB
MemFree:         3210632 kB
Active:           448312 kB
Mem:          3.8G       786M       3.1G       5.7M        54M       324M

MemTotal:        4016004 kB
MemFree:         3211060 kB
Active:           450228 kB
Mem:          3.8G       786M       3.1G       5.7M        54M       324M

MemTotal:        4016004 kB
MemFree:         3210936 kB
Active:           450232 kB
Mem:          3.8G       786M       3.1G       5.7M        54M       324M

MemTotal:        4016004 kB
MemFree:         3211184 kB
Active:           450276 kB
Mem:          3.8G       786M       3.1G       5.7M        54M       324M

MemTotal:        4016004 kB
MemFree:         3210688 kB
Active:           450284 kB
Mem:          3.8G       786M       3.1G       5.7M        54M       324M

MemTotal:        4016004 kB
MemFree:         3211432 kB
Active:           450252 kB
Mem:          3.8G       785M       3.1G       5.7M        54M       324M

MemTotal:        4016004 kB
MemFree:         3211432 kB
Active:           450228 kB
Mem:          3.8G       785M       3.1G       5.7M        54M       324M

MemTotal:        4016004 kB
MemFree:         3211416 kB
Active:           450244 kB
Mem:          3.8G       785M       3.1G       5.7M        54M       324M

MemTotal:        4016004 kB
MemFree:         3211044 kB
Active:           450284 kB
Mem:          3.8G       786M       3.1G       5.7M        54M       324M

MemTotal:        4016004 kB
MemFree:         3211044 kB
Active:           450288 kB
Mem:          3.8G       786M       3.1G       5.7M        54M       324M

MemTotal:        4016004 kB
MemFree:         3210672 kB
Active:           448416 kB
Mem:          3.8G       786M       3.1G       5.7M        54M       324M

MemTotal:        4016004 kB
MemFree:         3210456 kB
Active:           448276 kB
Mem:          3.8G       786M       3.1G       5.7M        54M       324M

MemTotal:        4016004 kB
MemFree:         3210952 kB
Active:           450312 kB
Mem:          3.8G       786M       3.1G       5.7M        54M       324M

MemTotal:        4016004 kB
MemFree:         3211076 kB
Active:           450292 kB
Mem:          3.8G       785M       3.1G       5.7M        54M       324M

MemTotal:        4016004 kB
MemFree:         3211448 kB
Active:           450312 kB
Mem:          3.8G       785M       3.1G       5.7M        54M       324M

MemTotal:        4016004 kB
MemFree:         3211572 kB
Active:           450284 kB
Mem:          3.8G       785M       3.1G       5.7M        54M       324M

MemTotal:        4016004 kB
MemFree:         3211448 kB
Active:           450300 kB
Mem:          3.8G       785M       3.1G       5.7M        54M       324M

MemTotal:        4016004 kB
MemFree:         3211388 kB
Active:           450296 kB
Mem:          3.8G       785M       3.1G       5.7M        54M       324M

MemTotal:        4016004 kB
MemFree:         3211388 kB
Active:           450284 kB
Mem:          3.8G       785M       3.1G       5.7M        54M       324M

MemTotal:        4016004 kB
MemFree:         3211264 kB
Active:           450288 kB
Mem:          3.8G       786M       3.1G       5.7M        54M       324M

MemTotal:        4016004 kB
MemFree:         3211140 kB
Active:           450316 kB
Mem:          3.8G       786M       3.1G       5.7M        54M       324M

MemTotal:        4016004 kB
MemFree:         3211140 kB
Active:           450316 kB
Mem:          3.8G       786M       3.1G       5.7M        54M       324M

MemTotal:        4016004 kB
MemFree:         3211140 kB
Active:           450272 kB
Mem:          3.8G       786M       3.1G       5.7M        54M       324M

MemTotal:        4016004 kB
MemFree:         3211264 kB
Active:           450292 kB
Mem:          3.8G       785M       3.1G       5.7M        54M       324M

MemTotal:        4016004 kB
MemFree:         3211264 kB
Active:           450316 kB
Mem:          3.8G       785M       3.1G       5.7M        54M       324M

MemTotal:        4016004 kB
MemFree:         3210768 kB
Active:           450336 kB
Mem:          3.8G       786M       3.1G       5.7M        54M       324M

MemTotal:        4016004 kB
MemFree:         3211264 kB
Active:           450296 kB
Mem:          3.8G       785M       3.1G       5.7M        54M       324M

MemTotal:        4016004 kB
MemFree:         3211312 kB
Active:           450304 kB
Mem:          3.8G       785M       3.1G       5.7M        54M       324M

MemTotal:        4016004 kB
MemFree:         3203604 kB
Active:           456192 kB
Mem:          3.8G       793M       3.1G       5.7M        59M       324M

MemTotal:        4016004 kB
MemFree:         3202468 kB
Active:           458288 kB
Mem:          3.8G       794M       3.1G       5.7M        61M       324M

MemTotal:        4016004 kB
MemFree:         3202156 kB
Active:           456380 kB
Mem:          3.8G       795M       3.1G       5.7M        61M       324M

MemTotal:        4016004 kB
MemFree:         3201784 kB
Active:           456264 kB
Mem:          3.8G       795M       3.1G       5.7M        61M       324M

MemTotal:        4016004 kB
MemFree:         3201908 kB
Active:           458308 kB
Mem:          3.8G       794M       3.1G       5.7M        61M       324M

MemTotal:        4016004 kB
MemFree:         3201908 kB
Active:           458268 kB
Mem:          3.8G       794M       3.1G       5.7M        61M       324M

MemTotal:        4016004 kB
MemFree:         3202032 kB
Active:           458304 kB
Mem:          3.8G       794M       3.1G       5.7M        61M       324M

MemTotal:        4016004 kB
MemFree:         3202016 kB
Active:           458292 kB
Mem:          3.8G       794M       3.1G       5.7M        61M       324M

MemTotal:        4016004 kB
MemFree:         3201752 kB
Active:           458320 kB
Mem:          3.8G       795M       3.1G       5.7M        61M       324M

MemTotal:        4016004 kB
MemFree:         3201876 kB
Active:           458268 kB
Mem:          3.8G       794M       3.1G       5.7M        61M       324M

MemTotal:        4016004 kB
MemFree:         3202124 kB
Active:           458304 kB
Mem:          3.8G       795M       3.1G       5.7M        61M       324M

MemTotal:        4016004 kB
MemFree:         3201860 kB
Active:           458292 kB
Mem:          3.8G       794M       3.1G       5.7M        61M       324M

MemTotal:        4016004 kB
MemFree:         3201912 kB
Active:           456344 kB
Mem:          3.8G       794M       3.1G       5.7M        61M       324M

MemTotal:        4016004 kB
MemFree:         3202540 kB
Active:           458316 kB
Mem:          3.8G       794M       3.1G       5.7M        61M       324M

MemTotal:        4016004 kB
MemFree:         3202168 kB
Active:           458308 kB
Mem:          3.8G       794M       3.1G       5.7M        61M       324M

MemTotal:        4016004 kB
MemFree:         3202028 kB
Active:           458300 kB
Mem:          3.8G       794M       3.1G       5.7M        61M       324M

MemTotal:        4016004 kB
MemFree:         3202152 kB
Active:           458324 kB
Mem:          3.8G       794M       3.1G       5.7M        61M       324M

MemTotal:        4016004 kB
MemFree:         3201656 kB
Active:           458336 kB
Mem:          3.8G       795M       3.1G       5.7M        61M       324M

MemTotal:        4016004 kB
MemFree:         3202012 kB
Active:           458320 kB
Mem:          3.8G       795M       3.1G       5.7M        61M       324M

MemTotal:        4016004 kB
MemFree:         3201608 kB
Active:           458460 kB
Mem:          3.8G       794M       3.1G       5.7M        61M       324M

MemTotal:        4016004 kB
MemFree:         3200472 kB
Active:           458956 kB
Mem:          3.8G       796M       3.1G       5.7M        62M       325M

MemTotal:        4016004 kB
MemFree:         3197932 kB
Active:           459184 kB
Mem:          3.8G       799M       3.0G       5.7M        62M       327M

MemTotal:        4016004 kB
MemFree:         3196380 kB
Active:           459308 kB
Mem:          3.8G       800M       3.0G       5.7M        62M       328M

MemTotal:        4016004 kB
MemFree:         3195228 kB
Active:           459536 kB
Mem:          3.8G       801M       3.0G       5.7M        62M       329M

MemTotal:        4016004 kB
MemFree:         3193508 kB
Active:           460116 kB
Mem:          3.8G       803M       3.0G       5.7M        63M       330M

MemTotal:        4016004 kB
MemFree:         3190932 kB
Active:           460224 kB
Mem:          3.8G       805M       3.0G       5.7M        63M       331M

MemTotal:        4016004 kB
MemFree:         3189820 kB
Active:           460412 kB
Mem:          3.8G       807M       3.0G       5.7M        63M       332M

MemTotal:        4016004 kB
MemFree:         3188484 kB
Active:           460512 kB
Mem:          3.8G       808M       3.0G       5.7M        63M       333M

MemTotal:        4016004 kB
MemFree:         3186712 kB
Active:           460548 kB
Mem:          3.8G       809M       3.0G       5.7M        63M       334M

MemTotal:        4016004 kB
MemFree:         3185404 kB
Active:           460564 kB
Mem:          3.8G       811M       3.0G       5.7M        63M       336M

MemTotal:        4016004 kB
MemFree:         3184612 kB
Active:           460604 kB
Mem:          3.8G       812M       3.0G       5.7M        63M       336M

MemTotal:        4016004 kB
MemFree:         3183092 kB
Active:           460640 kB
Mem:          3.8G       813M       3.0G       5.7M        63M       337M

MemTotal:        4016004 kB
MemFree:         3182420 kB
Active:           460652 kB
Mem:          3.8G       814M       3.0G       5.7M        63M       338M

MemTotal:        4016004 kB
MemFree:         3181472 kB
Active:           460632 kB
Mem:          3.8G       815M       3.0G       5.7M        63M       339M

MemTotal:        4016004 kB
MemFree:         3180276 kB
Active:           460656 kB
Mem:          3.8G       816M       3.0G       5.7M        63M       339M

MemTotal:        4016004 kB
MemFree:         3179764 kB
Active:           460720 kB
Mem:          3.8G       817M       3.0G       5.7M        63M       340M

MemTotal:        4016004 kB
MemFree:         3178040 kB
Active:           460824 kB
Mem:          3.8G       818M       3.0G       5.7M        63M       341M

MemTotal:        4016004 kB
MemFree:         3176448 kB
Active:           460876 kB
Mem:          3.8G       819M       3.0G       5.7M        63M       342M

MemTotal:        4016004 kB
MemFree:         3175808 kB
Active:           460920 kB
Mem:          3.8G       820M       3.0G       5.7M        63M       342M

MemTotal:        4016004 kB
MemFree:         3175016 kB
Active:           460928 kB
Mem:          3.8G       821M       3.0G       5.7M        63M       343M

MemTotal:        4016004 kB
MemFree:         3173552 kB
Active:           460948 kB
Mem:          3.8G       823M       3.0G       5.7M        63M       344M

MemTotal:        4016004 kB
MemFree:         3173024 kB
Active:           460936 kB
Mem:          3.8G       823M       3.0G       5.7M        63M       344M

MemTotal:        4016004 kB
MemFree:         3171384 kB
Active:           460964 kB
Mem:          3.8G       825M       3.0G       5.7M        63M       346M

MemTotal:        4016004 kB
MemFree:         3170604 kB
Active:           461052 kB
Mem:          3.8G       825M       3.0G       5.7M        64M       346M

MemTotal:        4016004 kB
MemFree:         3169888 kB
Active:           461060 kB
Mem:          3.8G       826M       3.0G       5.7M        64M       347M

MemTotal:        4016004 kB
MemFree:         3168272 kB
Active:           461120 kB
Mem:          3.8G       828M       3.0G       5.7M        64M       348M

MemTotal:        4016004 kB
MemFree:         3166780 kB
Active:           461172 kB
Mem:          3.8G       829M       3.0G       5.7M        64M       349M

MemTotal:        4016004 kB
MemFree:         3164900 kB
Active:           461276 kB
Mem:          3.8G       831M       3.0G       5.7M        64M       350M

MemTotal:        4016004 kB
MemFree:         3164388 kB
Active:           461336 kB
Mem:          3.8G       831M       3.0G       5.7M        64M       350M

MemTotal:        4016004 kB
MemFree:         3163736 kB
Active:           461348 kB
Mem:          3.8G       832M       3.0G       5.7M        64M       351M

MemTotal:        4016004 kB
MemFree:         3162428 kB
Active:           461336 kB
Mem:          3.8G       833M       3.0G       5.7M        64M       352M

MemTotal:        4016004 kB
MemFree:         3161216 kB
Active:           461376 kB
Mem:          3.8G       834M       3.0G       5.7M        64M       353M

MemTotal:        4016004 kB
MemFree:         3160124 kB
Active:           461504 kB
Mem:          3.8G       835M       3.0G       5.7M        64M       354M

MemTotal:        4016004 kB
MemFree:         3158912 kB
Active:           461492 kB
Mem:          3.8G       837M       3.0G       5.7M        64M       355M

MemTotal:        4016004 kB
MemFree:         3157728 kB
Active:           461544 kB
Mem:          3.8G       838M       3.0G       5.7M        64M       356M

MemTotal:        4016004 kB
MemFree:         3157060 kB
Active:           461580 kB
Mem:          3.8G       839M       3.0G       5.7M        64M       356M

MemTotal:        4016004 kB
MemFree:         3156204 kB
Active:           461628 kB
Mem:          3.8G       839M       3.0G       5.7M        64M       357M

MemTotal:        4016004 kB
MemFree:         3154568 kB
Active:           461660 kB
Mem:          3.8G       841M       3.0G       5.7M        64M       358M

MemTotal:        4016004 kB
MemFree:         3153744 kB
Active:           461672 kB
Mem:          3.8G       842M       3.0G       5.7M        64M       358M

MemTotal:        4016004 kB
MemFree:         3152516 kB
Active:           461716 kB
Mem:          3.8G       842M       3.0G       5.7M        64M       359M

MemTotal:        4016004 kB
MemFree:         3152176 kB
Active:           461708 kB
Mem:          3.8G       843M       3.0G       5.7M        64M       360M

MemTotal:        4016004 kB
MemFree:         3150744 kB
Active:           461860 kB
Mem:          3.8G       845M       3.0G       5.7M        64M       361M

MemTotal:        4016004 kB
MemFree:         3147612 kB
Active:           459908 kB
Mem:          3.8G       847M       3.0G       5.7M        64M       362M

MemTotal:        4016004 kB
MemFree:         3146532 kB
Active:           461976 kB
Mem:          3.8G       849M       3.0G       5.7M        64M       363M

MemTotal:        4016004 kB
MemFree:         3145636 kB
Active:           462028 kB
Mem:          3.8G       850M       3.0G       5.7M        64M       364M

MemTotal:        4016004 kB
MemFree:         3145248 kB
Active:           462060 kB
Mem:          3.8G       850M       3.0G       5.7M        64M       365M

MemTotal:        4016004 kB
MemFree:         3144988 kB
Active:           462072 kB
Mem:          3.8G       850M       3.0G       5.7M        64M       365M

MemTotal:        4016004 kB
MemFree:         3144848 kB
Active:           462096 kB
Mem:          3.8G       850M       3.0G       5.7M        65M       365M

MemTotal:        4016004 kB
MemFree:         3144380 kB
Active:           462124 kB
Mem:          3.8G       851M       3.0G       5.7M        65M       366M

MemTotal:        4016004 kB
MemFree:         3143868 kB
Active:           462184 kB
Mem:          3.8G       851M       3.0G       5.7M        65M       366M

MemTotal:        4016004 kB
MemFree:         3143596 kB
Active:           462180 kB
Mem:          3.8G       852M       3.0G       5.7M        65M       366M

MemTotal:        4016004 kB
MemFree:         3143052 kB
Active:           462264 kB
Mem:          3.8G       852M       3.0G       5.7M        65M       367M

MemTotal:        4016004 kB
MemFree:         3142644 kB
Active:           462276 kB
Mem:          3.8G       853M       3.0G       5.7M        65M       368M

MemTotal:        4016004 kB
MemFree:         3141048 kB
Active:           462796 kB
Mem:          3.8G       854M       3.0G       5.7M        65M       368M

MemTotal:        4016004 kB
MemFree:         3140316 kB
Active:           462908 kB
Mem:          3.8G       855M       3.0G       5.7M        65M       369M

MemTotal:        4016004 kB
MemFree:         3140040 kB
Active:           462972 kB
Mem:          3.8G       855M       3.0G       5.7M        65M       370M

MemTotal:        4016004 kB
MemFree:         3138516 kB
Active:           462992 kB
Mem:          3.8G       857M       3.0G       5.7M        65M       370M

MemTotal:        4016004 kB
MemFree:         3137164 kB
Active:           463028 kB
Mem:          3.8G       858M       3.0G       5.7M        65M       371M

MemTotal:        4016004 kB
MemFree:         3136772 kB
Active:           463048 kB
Mem:          3.8G       859M       3.0G       5.7M        66M       371M

MemTotal:        4016004 kB
MemFree:         3136028 kB
Active:           463184 kB
Mem:          3.8G       859M       3.0G       5.7M        66M       372M

MemTotal:        4016004 kB
MemFree:         3135156 kB
Active:           463184 kB
Mem:          3.8G       860M       3.0G       5.7M        66M       372M

MemTotal:        4016004 kB
MemFree:         3133820 kB
Active:           463300 kB
Mem:          3.8G       861M       3.0G       5.7M        66M       373M

MemTotal:        4016004 kB
MemFree:         3133144 kB
Active:           463304 kB
Mem:          3.8G       862M       3.0G       5.7M        66M       373M

MemTotal:        4016004 kB
MemFree:         3132352 kB
Active:           463344 kB
Mem:          3.8G       863M       3.0G       5.7M        66M       373M

MemTotal:        4016004 kB
MemFree:         3132056 kB
Active:           463380 kB
Mem:          3.8G       863M       3.0G       5.7M        66M       374M

MemTotal:        4016004 kB
MemFree:         3131616 kB
Active:           463480 kB
Mem:          3.8G       863M       3.0G       5.7M        66M       374M

MemTotal:        4016004 kB
MemFree:         3130712 kB
Active:           463564 kB
Mem:          3.8G       864M       3.0G       5.7M        66M       375M

MemTotal:        4016004 kB
MemFree:         3129700 kB
Active:           463632 kB
Mem:          3.8G       865M       3.0G       5.7M        66M       375M

MemTotal:        4016004 kB
MemFree:         3129404 kB
Active:           463620 kB
Mem:          3.8G       866M       3.0G       5.7M        66M       376M

MemTotal:        4016004 kB
MemFree:         3128920 kB
Active:           463664 kB
Mem:          3.8G       866M       3.0G       5.7M        66M       376M

MemTotal:        4016004 kB
MemFree:         3128132 kB
Active:           463724 kB
Mem:          3.8G       867M       3.0G       5.7M        66M       377M

MemTotal:        4016004 kB
MemFree:         3127244 kB
Active:           463848 kB
Mem:          3.8G       867M       3.0G       5.7M        66M       377M

MemTotal:        4016004 kB
MemFree:         3125684 kB
Active:           462060 kB
Mem:          3.8G       869M       3.0G       5.7M        66M       378M

MemTotal:        4016004 kB
MemFree:         3125660 kB
Active:           463980 kB
Mem:          3.8G       869M       3.0G       5.7M        66M       378M

MemTotal:        4016004 kB
MemFree:         3125240 kB
Active:           463988 kB
Mem:          3.8G       869M       3.0G       5.7M        66M       378M

MemTotal:        4016004 kB
MemFree:         3124524 kB
Active:           463988 kB
Mem:          3.8G       870M       3.0G       5.7M        66M       379M

MemTotal:        4016004 kB
MemFree:         3124320 kB
Active:           463884 kB
Mem:          3.8G       871M       3.0G       5.7M        66M       379M

MemTotal:        4016004 kB
MemFree:         3123512 kB
Active:           463936 kB
Mem:          3.8G       871M       3.0G       5.7M        66M       380M

MemTotal:        4016004 kB
MemFree:         3122148 kB
Active:           464108 kB
Mem:          3.8G       873M       3.0G       5.7M        67M       381M

MemTotal:        4016004 kB
MemFree:         3121136 kB
Active:           464176 kB
Mem:          3.8G       874M       3.0G       5.7M        67M       381M

MemTotal:        4016004 kB
MemFree:         3120652 kB
Active:           464204 kB
Mem:          3.8G       874M       3.0G       5.7M        67M       381M

MemTotal:        4016004 kB
MemFree:         3120200 kB
Active:           464324 kB
Mem:          3.8G       875M       3.0G       5.7M        67M       382M

MemTotal:        4016004 kB
MemFree:         3118164 kB
Active:           464468 kB
Mem:          3.8G       876M       3.0G       5.7M        67M       382M

MemTotal:        4016004 kB
MemFree:         3117772 kB
Active:           464424 kB
Mem:          3.8G       877M       3.0G       5.7M        67M       383M

MemTotal:        4016004 kB
MemFree:         3117772 kB
Active:           464436 kB
Mem:          3.8G       877M       3.0G       5.7M        67M       383M

MemTotal:        4016004 kB
MemFree:         3116636 kB
Active:           464456 kB
Mem:          3.8G       878M       3.0G       5.7M        67M       383M

MemTotal:        4016004 kB
MemFree:         3116788 kB
Active:           464468 kB
Mem:          3.8G       878M       3.0G       5.7M        67M       384M

MemTotal:        4016004 kB
MemFree:         3115404 kB
Active:           464580 kB
Mem:          3.8G       879M       3.0G       5.7M        67M       385M

MemTotal:        4016004 kB
MemFree:         3115168 kB
Active:           464560 kB
Mem:          3.8G       880M       3.0G       5.7M        67M       385M

MemTotal:        4016004 kB
MemFree:         3113876 kB
Active:           464648 kB
Mem:          3.8G       881M       3.0G       5.7M        67M       386M

MemTotal:        4016004 kB
MemFree:         3113968 kB
Active:           464660 kB
Mem:          3.8G       881M       3.0G       5.7M        67M       386M

MemTotal:        4016004 kB
MemFree:         3113456 kB
Active:           464660 kB
Mem:          3.8G       881M       3.0G       5.7M        67M       386M

MemTotal:        4016004 kB
MemFree:         3112756 kB
Active:           464616 kB
Mem:          3.8G       882M       3.0G       5.7M        67M       387M

MemTotal:        4016004 kB
MemFree:         3112328 kB
Active:           464692 kB
Mem:          3.8G       882M       3.0G       5.7M        67M       387M

MemTotal:        4016004 kB
MemFree:         3111908 kB
Active:           464712 kB
Mem:          3.8G       883M       3.0G       5.7M        67M       387M

MemTotal:        4016004 kB
MemFree:         3111396 kB
Active:           464712 kB
Mem:          3.8G       882M       3.0G       5.7M        67M       387M

MemTotal:        4016004 kB
MemFree:         3111736 kB
Active:           464708 kB
Mem:          3.8G       883M       3.0G       5.7M        67M       387M

MemTotal:        4016004 kB
MemFree:         3111300 kB
Active:           464748 kB
Mem:          3.8G       883M       3.0G       5.7M        67M       387M

MemTotal:        4016004 kB
MemFree:         3111300 kB
Active:           464756 kB
Mem:          3.8G       883M       3.0G       5.7M        67M       387M

MemTotal:        4016004 kB
MemFree:         3111624 kB
Active:           464748 kB
Mem:          3.8G       883M       3.0G       5.7M        67M       387M

MemTotal:        4016004 kB
MemFree:         3111188 kB
Active:           464768 kB
Mem:          3.8G       883M       3.0G       5.7M        67M       387M

MemTotal:        4016004 kB
MemFree:         3109780 kB
Active:           464864 kB
Mem:          3.8G       884M       3.0G       5.7M        67M       388M

MemTotal:        4016004 kB
MemFree:         3108688 kB
Active:           464996 kB
Mem:          3.8G       886M       3.0G       5.7M        67M       389M

MemTotal:        4016004 kB
MemFree:         3107772 kB
Active:           465108 kB
Mem:          3.8G       887M       3.0G       5.7M        68M       390M

MemTotal:        4016004 kB
MemFree:         3106140 kB
Active:           465228 kB
Mem:          3.8G       888M       3.0G       5.7M        68M       391M

MemTotal:        4016004 kB
MemFree:         3105332 kB
Active:           465300 kB
Mem:          3.8G       889M       3.0G       5.7M        68M       391M

MemTotal:        4016004 kB
MemFree:         3105704 kB
Active:           465320 kB
Mem:          3.8G       889M       3.0G       5.7M        68M       391M

MemTotal:        4016004 kB
MemFree:         3104708 kB
Active:           465404 kB
Mem:          3.8G       890M       3.0G       5.7M        68M       392M

MemTotal:        4016004 kB
MemFree:         3102520 kB
Active:           465512 kB
Mem:          3.8G       891M       3.0G       5.7M        68M       393M

MemTotal:        4016004 kB
MemFree:         3102612 kB
Active:           465688 kB
Mem:          3.8G       892M       3.0G       5.7M        68M       393M

MemTotal:        4016004 kB
MemFree:         3102548 kB
Active:           465696 kB
Mem:          3.8G       892M       3.0G       5.7M        68M       393M

MemTotal:        4016004 kB
MemFree:         3101288 kB
Active:           465904 kB
Mem:          3.8G       893M       3.0G       5.7M        68M       394M

MemTotal:        4016004 kB
MemFree:         3100208 kB
Active:           466072 kB
Mem:          3.8G       894M       3.0G       5.7M        68M       395M

MemTotal:        4016004 kB
MemFree:         3098160 kB
Active:           466212 kB
Mem:          3.8G       896M       3.0G       5.7M        69M       396M

MemTotal:        4016004 kB
MemFree:         3096932 kB
Active:           466320 kB
Mem:          3.8G       897M       3.0G       5.7M        69M       397M

MemTotal:        4016004 kB
MemFree:         3096760 kB
Active:           466364 kB
Mem:          3.8G       897M       3.0G       5.7M        69M       397M

MemTotal:        4016004 kB
MemFree:         3095108 kB
Active:           466504 kB
Mem:          3.8G       899M       3.0G       5.7M        69M       398M

MemTotal:        4016004 kB
MemFree:         3093632 kB
Active:           466648 kB
Mem:          3.8G       900M       3.0G       5.7M        69M       399M

MemTotal:        4016004 kB
MemFree:         3092776 kB
Active:           466700 kB
Mem:          3.8G       901M       2.9G       5.7M        69M       401M

MemTotal:        4016004 kB
MemFree:         3092044 kB
Active:           466768 kB
Mem:          3.8G       902M       2.9G       5.7M        69M       401M

MemTotal:        4016004 kB
MemFree:         3089264 kB
Active:           466776 kB
Mem:          3.8G       905M       2.9G       5.7M        69M       403M

MemTotal:        4016004 kB
MemFree:         3088768 kB
Active:           466992 kB
Mem:          3.8G       905M       2.9G       5.7M        69M       403M

MemTotal:        4016004 kB
MemFree:         3087356 kB
Active:           467056 kB
Mem:          3.8G       906M       2.9G       5.7M        69M       404M

MemTotal:        4016004 kB
MemFree:         3087788 kB
Active:           467004 kB
Mem:          3.8G       906M       2.9G       5.7M        69M       404M

MemTotal:        4016004 kB
MemFree:         3086264 kB
Active:           467024 kB
Mem:          3.8G       907M       2.9G       5.7M        69M       405M

MemTotal:        4016004 kB
MemFree:         3085112 kB
Active:           467032 kB
Mem:          3.8G       909M       2.9G       5.7M        69M       406M

MemTotal:        4016004 kB
MemFree:         3083680 kB
Active:           467060 kB
Mem:          3.8G       910M       2.9G       5.7M        69M       407M

MemTotal:        4016004 kB
MemFree:         3082096 kB
Active:           467120 kB
Mem:          3.8G       912M       2.9G       5.7M        69M       408M

MemTotal:        4016004 kB
MemFree:         3080728 kB
Active:           467196 kB
Mem:          3.8G       913M       2.9G       5.7M        70M       409M

MemTotal:        4016004 kB
MemFree:         3079624 kB
Active:           467432 kB
Mem:          3.8G       914M       2.9G       5.7M        70M       410M

MemTotal:        4016004 kB
MemFree:         3078504 kB
Active:           467436 kB
Mem:          3.8G       916M       2.9G       5.7M        70M       411M

MemTotal:        4016004 kB
MemFree:         3077788 kB
Active:           467528 kB
Mem:          3.8G       916M       2.9G       5.7M        70M       411M

MemTotal:        4016004 kB
MemFree:         3076288 kB
Active:           467580 kB
Mem:          3.8G       917M       2.9G       5.7M        70M       411M

MemTotal:        4016004 kB
MemFree:         3074844 kB
Active:           467744 kB
Mem:          3.8G       919M       2.9G       5.7M        70M       413M

MemTotal:        4016004 kB
MemFree:         3073648 kB
Active:           467840 kB
Mem:          3.8G       920M       2.9G       5.7M        70M       414M

MemTotal:        4016004 kB
MemFree:         3071672 kB
Active:           467876 kB
Mem:          3.8G       922M       2.9G       5.7M        70M       415M

MemTotal:        4016004 kB
MemFree:         3070632 kB
Active:           467888 kB
Mem:          3.8G       923M       2.9G       5.7M        70M       415M

MemTotal:        4016004 kB
MemFree:         3069900 kB
Active:           467900 kB
Mem:          3.8G       924M       2.9G       5.7M        70M       416M

MemTotal:        4016004 kB
MemFree:         3068500 kB
Active:           467984 kB
Mem:          3.8G       925M       2.9G       5.7M        70M       417M

MemTotal:        4016004 kB
MemFree:         3067552 kB
Active:           467992 kB
Mem:          3.8G       926M       2.9G       5.7M        70M       418M

MemTotal:        4016004 kB
MemFree:         3063284 kB
Active:           467960 kB
Mem:          3.8G       930M       2.9G       5.7M        70M       422M

MemTotal:        4016004 kB
MemFree:         3062260 kB
Active:           468044 kB
Mem:          3.8G       931M       2.9G       5.7M        70M       422M

MemTotal:        4016004 kB
MemFree:         3061888 kB
Active:           468004 kB
Mem:          3.8G       932M       2.9G       5.7M        70M       423M

MemTotal:        4016004 kB
MemFree:         3061840 kB
Active:           468028 kB
Mem:          3.8G       932M       2.9G       5.7M        70M       423M

MemTotal:        4016004 kB
MemFree:         3061760 kB
Active:           468036 kB
Mem:          3.8G       932M       2.9G       5.7M        70M       423M

MemTotal:        4016004 kB
MemFree:         3060860 kB
Active:           468084 kB
Mem:          3.8G       932M       2.9G       5.7M        70M       423M

MemTotal:        4016004 kB
MemFree:         3061184 kB
Active:           468068 kB
Mem:          3.8G       932M       2.9G       5.7M        70M       424M

MemTotal:        4016004 kB
MemFree:         3061028 kB
Active:           468076 kB
Mem:          3.8G       932M       2.9G       5.7M        70M       424M

MemTotal:        4016004 kB
MemFree:         3060272 kB
Active:           468136 kB
Mem:          3.8G       933M       2.9G       5.7M        70M       424M

MemTotal:        4016004 kB
MemFree:         3060232 kB
Active:           468128 kB
Mem:          3.8G       933M       2.9G       5.7M        70M       424M

MemTotal:        4016004 kB
MemFree:         3059704 kB
Active:           468148 kB
Mem:          3.8G       934M       2.9G       5.7M        70M       425M

MemTotal:        4016004 kB
MemFree:         3059192 kB
Active:           468228 kB
Mem:          3.8G       934M       2.9G       5.7M        71M       425M

MemTotal:        4016004 kB
MemFree:         3058344 kB
Active:           468280 kB
Mem:          3.8G       935M       2.9G       5.7M        71M       426M

MemTotal:        4016004 kB
MemFree:         3056912 kB
Active:           468300 kB
Mem:          3.8G       936M       2.9G       5.7M        71M       427M

MemTotal:        4016004 kB
MemFree:         3055840 kB
Active:           468324 kB
Mem:          3.8G       937M       2.9G       5.7M        71M       428M

MemTotal:        4016004 kB
MemFree:         3054752 kB
Active:           468408 kB
Mem:          3.8G       939M       2.9G       5.7M        71M       428M

MemTotal:        4016004 kB
MemFree:         3051708 kB
Active:           468512 kB
Mem:          3.8G       941M       2.9G       5.7M        71M       430M

MemTotal:        4016004 kB
MemFree:         3050044 kB
Active:           468532 kB
Mem:          3.8G       943M       2.9G       5.7M        71M       432M

MemTotal:        4016004 kB
MemFree:         3049548 kB
Active:           468600 kB
Mem:          3.8G       943M       2.9G       5.7M        71M       432M

MemTotal:        4016004 kB
MemFree:         3049376 kB
Active:           468656 kB
Mem:          3.8G       944M       2.9G       5.7M        71M       432M

MemTotal:        4016004 kB
MemFree:         3047704 kB
Active:           468648 kB
Mem:          3.8G       945M       2.9G       5.7M        71M       433M

MemTotal:        4016004 kB
MemFree:         3047004 kB
Active:           468736 kB
Mem:          3.8G       946M       2.9G       5.7M        71M       434M

MemTotal:        4016004 kB
MemFree:         3046784 kB
Active:           468752 kB
Mem:          3.8G       946M       2.9G       5.7M        71M       434M

MemTotal:        4016004 kB
MemFree:         3045584 kB
Active:           468828 kB
Mem:          3.8G       947M       2.9G       5.7M        71M       435M

MemTotal:        4016004 kB
MemFree:         3044680 kB
Active:           469044 kB
Mem:          3.8G       948M       2.9G       5.7M        71M       436M

MemTotal:        4016004 kB
MemFree:         3042180 kB
Active:           469100 kB
Mem:          3.8G       951M       2.9G       5.7M        71M       438M

MemTotal:        4016004 kB
MemFree:         3040688 kB
Active:           469248 kB
Mem:          3.8G       952M       2.9G       5.7M        72M       439M

MemTotal:        4016004 kB
MemFree:         3037312 kB
Active:           469476 kB
Mem:          3.8G       955M       2.9G       5.7M        72M       442M

MemTotal:        4016004 kB
MemFree:         3036348 kB
Active:           469504 kB
Mem:          3.8G       957M       2.9G       5.7M        72M       442M

MemTotal:        4016004 kB
MemFree:         3035480 kB
Active:           469508 kB
Mem:          3.8G       957M       2.9G       5.7M        72M       443M

MemTotal:        4016004 kB
MemFree:         3034672 kB
Active:           469528 kB
Mem:          3.8G       958M       2.9G       5.7M        72M       443M

MemTotal:        4016004 kB
MemFree:         3034532 kB
Active:           469484 kB
Mem:          3.8G       958M       2.9G       5.7M        72M       443M

MemTotal:        4016004 kB
MemFree:         3033676 kB
Active:           469556 kB
Mem:          3.8G       959M       2.9G       5.7M        72M       444M

MemTotal:        4016004 kB
MemFree:         3032308 kB
Active:           469580 kB
Mem:          3.8G       961M       2.9G       5.7M        72M       444M

MemTotal:        4016004 kB
MemFree:         3031640 kB
Active:           469636 kB
Mem:          3.8G       961M       2.9G       5.7M        72M       445M

MemTotal:        4016004 kB
MemFree:         3031268 kB
Active:           469592 kB
Mem:          3.8G       961M       2.9G       5.7M        72M       445M

MemTotal:        4016004 kB
MemFree:         3031080 kB
Active:           469648 kB
Mem:          3.8G       962M       2.9G       5.7M        72M       445M

MemTotal:        4016004 kB
MemFree:         3029252 kB
Active:           469760 kB
Mem:          3.8G       963M       2.9G       5.7M        72M       447M

MemTotal:        4016004 kB
MemFree:         3028056 kB
Active:           469828 kB
Mem:          3.8G       964M       2.9G       5.7M        72M       447M

MemTotal:        4016004 kB
MemFree:         3026516 kB
Active:           469860 kB
Mem:          3.8G       966M       2.9G       5.7M        72M       449M

MemTotal:        4016004 kB
MemFree:         3026144 kB
Active:           469944 kB
Mem:          3.8G       966M       2.9G       5.7M        72M       449M

MemTotal:        4016004 kB
MemFree:         3026252 kB
Active:           469940 kB
Mem:          3.8G       966M       2.9G       5.7M        72M       450M

MemTotal:        4016004 kB
MemFree:         3022712 kB
Active:           472092 kB
Mem:          3.8G       969M       2.9G       5.7M        72M       450M

MemTotal:        4016004 kB
MemFree:         3023084 kB
Active:           472012 kB
Mem:          3.8G       969M       2.9G       5.7M        72M       450M

MemTotal:        4016004 kB
MemFree:         3022572 kB
Active:           472020 kB
Mem:          3.8G       970M       2.9G       5.7M        72M       450M

MemTotal:        4016004 kB
MemFree:         3022416 kB
Active:           471992 kB
Mem:          3.8G       970M       2.9G       5.7M        72M       450M

MemTotal:        4016004 kB
MemFree:         3021980 kB
Active:           472012 kB
Mem:          3.8G       970M       2.9G       5.7M        72M       451M

MemTotal:        4016004 kB
MemFree:         3021556 kB
Active:           472008 kB
Mem:          3.8G       971M       2.9G       5.7M        72M       451M

MemTotal:        4016004 kB
MemFree:         3020388 kB
Active:           472040 kB
Mem:          3.8G       972M       2.9G       5.7M        72M       452M

MemTotal:        4016004 kB
MemFree:         3018508 kB
Active:           472016 kB
Mem:          3.8G       974M       2.9G       5.7M        72M       454M

MemTotal:        4016004 kB
MemFree:         3017932 kB
Active:           472088 kB
Mem:          3.8G       974M       2.9G       5.7M        72M       454M

MemTotal:        4016004 kB
MemFree:         3016688 kB
Active:           472128 kB
Mem:          3.8G       975M       2.9G       5.7M        72M       455M

MemTotal:        4016004 kB
MemFree:         3015664 kB
Active:           472144 kB
Mem:          3.8G       977M       2.9G       5.7M        72M       456M

MemTotal:        4016004 kB
MemFree:         3015540 kB
Active:           472172 kB
Mem:          3.8G       977M       2.9G       5.7M        72M       456M

MemTotal:        4016004 kB
MemFree:         3014872 kB
Active:           472184 kB
Mem:          3.8G       977M       2.9G       5.7M        72M       456M

MemTotal:        4016004 kB
MemFree:         3013068 kB
Active:           472196 kB
Mem:          3.8G       979M       2.9G       5.7M        72M       458M

MemTotal:        4016004 kB
MemFree:         3011600 kB
Active:           472224 kB
Mem:          3.8G       981M       2.9G       5.7M        72M       459M

MemTotal:        4016004 kB
MemFree:         3010960 kB
Active:           472284 kB
Mem:          3.8G       981M       2.9G       5.7M        72M       460M

MemTotal:        4016004 kB
MemFree:         3009320 kB
Active:           472604 kB
Mem:          3.8G       983M       2.9G       5.7M        73M       460M

MemTotal:        4016004 kB
MemFree:         3008200 kB
Active:           472828 kB
Mem:          3.8G       984M       2.9G       5.7M        73M       461M

MemTotal:        4016004 kB
MemFree:         3006636 kB
Active:           472856 kB
Mem:          3.8G       985M       2.9G       5.7M        73M       462M

MemTotal:        4016004 kB
MemFree:         3005224 kB
Active:           472936 kB
Mem:          3.8G       987M       2.9G       5.7M        73M       463M

MemTotal:        4016004 kB
MemFree:         3004608 kB
Active:           471112 kB
Mem:          3.8G       987M       2.9G       5.7M        73M       463M

MemTotal:        4016004 kB
MemFree:         3004864 kB
Active:           473172 kB
Mem:          3.8G       987M       2.9G       5.7M        73M       463M

MemTotal:        4016004 kB
MemFree:         3004476 kB
Active:           473156 kB
Mem:          3.8G       987M       2.9G       5.7M        73M       463M

MemTotal:        4016004 kB
MemFree:         3004476 kB
Active:           473172 kB
Mem:          3.8G       988M       2.9G       5.7M        73M       463M

MemTotal:        4016004 kB
MemFree:         3003932 kB
Active:           473232 kB
Mem:          3.8G       988M       2.9G       5.7M        73M       463M

MemTotal:        4016004 kB
MemFree:         3004304 kB
Active:           473232 kB
Mem:          3.8G       988M       2.9G       5.7M        73M       463M

MemTotal:        4016004 kB
MemFree:         3004380 kB
Active:           473228 kB
Mem:          3.8G       988M       2.9G       5.7M        73M       463M

MemTotal:        4016004 kB
MemFree:         3003884 kB
Active:           473200 kB
Mem:          3.8G       988M       2.9G       5.7M        73M       463M

MemTotal:        4016004 kB
MemFree:         3003356 kB
Active:           473244 kB
Mem:          3.8G       989M       2.9G       5.7M        73M       464M

MemTotal:        4016004 kB
MemFree:         3002968 kB
Active:           473236 kB
Mem:          3.8G       989M       2.9G       5.7M        73M       464M

MemTotal:        4016004 kB
MemFree:         3002728 kB
Active:           471312 kB
Mem:          3.8G       989M       2.9G       5.7M        73M       464M

MemTotal:        4016004 kB
MemFree:         3002824 kB
Active:           473284 kB
Mem:          3.8G       989M       2.9G       5.7M        73M       464M

MemTotal:        4016004 kB
MemFree:         3002168 kB
Active:           473292 kB
Mem:          3.8G       990M       2.9G       5.7M        73M       465M

MemTotal:        4016004 kB
MemFree:         3002008 kB
Active:           473456 kB
Mem:          3.8G       990M       2.9G       5.7M        74M       466M

MemTotal:        4016004 kB
MemFree:         2999132 kB
Active:           473568 kB
Mem:          3.8G       993M       2.9G       5.7M        74M       468M

MemTotal:        4016004 kB
MemFree:         2998836 kB
Active:           473588 kB
Mem:          3.8G       993M       2.9G       5.7M        74M       468M

MemTotal:        4016004 kB
MemFree:         2996180 kB
Active:           473672 kB
Mem:          3.8G       995M       2.9G       5.7M        74M       470M

MemTotal:        4016004 kB
MemFree:         2994036 kB
Active:           473752 kB
Mem:          3.8G       998M       2.9G       5.7M        74M       471M

MemTotal:        4016004 kB
MemFree:         2993056 kB
Active:           473780 kB
Mem:          3.8G       999M       2.9G       5.7M        74M       472M

MemTotal:        4016004 kB
MemFree:         2991068 kB
Active:           473832 kB
Mem:          3.8G       1.0G       2.9G       5.7M        74M       473M

MemTotal:        4016004 kB
MemFree:         2990524 kB
Active:           474024 kB
Mem:          3.8G       1.0G       2.9G       5.7M        74M       473M

MemTotal:        4016004 kB
MemFree:         2990260 kB
Active:           473904 kB
Mem:          3.8G       1.0G       2.9G       5.7M        74M       473M

MemTotal:        4016004 kB
MemFree:         2989856 kB
Active:           473944 kB
Mem:          3.8G       1.0G       2.9G       5.7M        74M       474M

MemTotal:        4016004 kB
MemFree:         2989856 kB
Active:           473940 kB
Mem:          3.8G       1.0G       2.9G       5.7M        74M       474M

MemTotal:        4016004 kB
MemFree:         2989716 kB
Active:           473948 kB
Mem:          3.8G       1.0G       2.9G       5.7M        74M       474M

MemTotal:        4016004 kB
MemFree:         2989356 kB
Active:           473932 kB
Mem:          3.8G       1.0G       2.9G       5.7M        74M       474M

MemTotal:        4016004 kB
MemFree:         2988424 kB
Active:           474228 kB
Mem:          3.8G       1.0G       2.8G       5.7M        74M       474M

MemTotal:        4016004 kB
MemFree:         2987192 kB
Active:           474196 kB
Mem:          3.8G       1.0G       2.8G       5.7M        74M       476M

MemTotal:        4016004 kB
MemFree:         2986820 kB
Active:           474256 kB
Mem:          3.8G       1.0G       2.8G       5.7M        74M       476M

MemTotal:        4016004 kB
MemFree:         2985900 kB
Active:           474312 kB
Mem:          3.8G       1.0G       2.8G       5.7M        74M       476M

MemTotal:        4016004 kB
MemFree:         2984856 kB
Active:           474344 kB
Mem:          3.8G       1.0G       2.8G       5.7M        74M       477M

MemTotal:        4016004 kB
MemFree:         2984216 kB
Active:           474464 kB
Mem:          3.8G       1.0G       2.8G       5.7M        75M       478M

MemTotal:        4016004 kB
MemFree:         2982832 kB
Active:           474812 kB
Mem:          3.8G       1.0G       2.8G       5.7M        75M       478M

MemTotal:        4016004 kB
MemFree:         2981680 kB
Active:           474820 kB
Mem:          3.8G       1.0G       2.8G       5.7M        75M       479M

MemTotal:        4016004 kB
MemFree:         2981336 kB
Active:           474792 kB
Mem:          3.8G       1.0G       2.8G       5.7M        75M       480M

MemTotal:        4016004 kB
MemFree:         2980948 kB
Active:           474920 kB
Mem:          3.8G       1.0G       2.8G       5.7M        75M       480M

MemTotal:        4016004 kB
MemFree:         2980312 kB
Active:           474916 kB
Mem:          3.8G       1.0G       2.8G       5.7M        75M       480M

MemTotal:        4016004 kB
MemFree:         2979828 kB
Active:           475020 kB
Mem:          3.8G       1.0G       2.8G       5.7M        75M       480M

MemTotal:        4016004 kB
MemFree:         2979392 kB
Active:           475012 kB
Mem:          3.8G       1.0G       2.8G       5.7M        75M       481M

MemTotal:        4016004 kB
MemFree:         2979104 kB
Active:           475096 kB
Mem:          3.8G       1.0G       2.8G       5.7M        75M       481M

MemTotal:        4016004 kB
MemFree:         2978388 kB
Active:           475096 kB
Mem:          3.8G       1.0G       2.8G       5.7M        75M       481M

MemTotal:        4016004 kB
MemFree:         2977468 kB
Active:           475392 kB
Mem:          3.8G       1.0G       2.8G       5.7M        75M       482M

MemTotal:        4016004 kB
MemFree:         2975696 kB
Active:           475392 kB
Mem:          3.8G       1.0G       2.8G       5.7M        75M       483M

MemTotal:        4016004 kB
MemFree:         2975040 kB
Active:           475512 kB
Mem:          3.8G       1.0G       2.8G       5.7M        76M       484M

MemTotal:        4016004 kB
MemFree:         2973492 kB
Active:           475648 kB
Mem:          3.8G       1.0G       2.8G       5.7M        76M       484M

MemTotal:        4016004 kB
MemFree:         2972124 kB
Active:           475772 kB
Mem:          3.8G       1.0G       2.8G       5.7M        76M       485M

MemTotal:        4016004 kB
MemFree:         2971984 kB
Active:           475756 kB
Mem:          3.8G       1.0G       2.8G       5.7M        76M       485M

MemTotal:        4016004 kB
MemFree:         2971472 kB
Active:           475844 kB
Mem:          3.8G       1.0G       2.8G       5.7M        76M       485M

MemTotal:        4016004 kB
MemFree:         2971176 kB
Active:           475868 kB
Mem:          3.8G       1.0G       2.8G       5.7M        76M       486M

MemTotal:        4016004 kB
MemFree:         2970640 kB
Active:           475880 kB
Mem:          3.8G       1.0G       2.8G       5.7M        76M       486M

MemTotal:        4016004 kB
MemFree:         2968056 kB
Active:           477996 kB
Mem:          3.8G       1.0G       2.8G       5.7M        76M       486M

MemTotal:        4016004 kB
MemFree:         2966732 kB
Active:           477968 kB
Mem:          3.8G       1.0G       2.8G       5.7M        76M       487M

MemTotal:        4016004 kB
MemFree:         2965380 kB
Active:           477920 kB
Mem:          3.8G       1.0G       2.8G       5.7M        76M       489M

MemTotal:        4016004 kB
MemFree:         2963980 kB
Active:           478072 kB
Mem:          3.8G       1.0G       2.8G       5.7M        76M       489M

MemTotal:        4016004 kB
MemFree:         2963060 kB
Active:           478108 kB
Mem:          3.8G       1.0G       2.8G       5.7M        76M       490M

MemTotal:        4016004 kB
MemFree:         2962064 kB
Active:           478224 kB
Mem:          3.8G       1.0G       2.8G       5.7M        76M       491M

MemTotal:        4016004 kB
MemFree:         2961036 kB
Active:           478124 kB
Mem:          3.8G       1.0G       2.8G       5.7M        76M       492M

MemTotal:        4016004 kB
MemFree:         2960648 kB
Active:           478136 kB
Mem:          3.8G       1.0G       2.8G       5.7M        76M       492M

MemTotal:        4016004 kB
MemFree:         2960368 kB
Active:           478012 kB
Mem:          3.8G       1.0G       2.8G       5.7M        76M       492M

MemTotal:        4016004 kB
MemFree:         2959964 kB
Active:           478040 kB
Mem:          3.8G       1.0G       2.8G       5.7M        76M       492M

MemTotal:        4016004 kB
MemFree:         2958084 kB
Active:           478284 kB
Mem:          3.8G       1.0G       2.8G       5.7M        76M       494M

MemTotal:        4016004 kB
MemFree:         2956452 kB
Active:           478064 kB
Mem:          3.8G       1.0G       2.8G       5.7M        76M       495M

MemTotal:        4016004 kB
MemFree:         2955612 kB
Active:           478196 kB
Mem:          3.8G       1.0G       2.8G       5.7M        76M       496M

MemTotal:        4016004 kB
MemFree:         2955488 kB
Active:           478204 kB
Mem:          3.8G       1.0G       2.8G       5.7M        76M       496M

MemTotal:        4016004 kB
MemFree:         2954508 kB
Active:           478376 kB
Mem:          3.8G       1.0G       2.8G       5.7M        76M       497M

MemTotal:        4016004 kB
MemFree:         2952348 kB
Active:           478444 kB
Mem:          3.8G       1.0G       2.8G       5.7M        76M       499M

MemTotal:        4016004 kB
MemFree:         2951520 kB
Active:           478524 kB
Mem:          3.8G       1.0G       2.8G       5.7M        76M       499M

MemTotal:        4016004 kB
MemFree:         2950492 kB
Active:           478564 kB
Mem:          3.8G       1.0G       2.8G       5.7M        76M       500M

MemTotal:        4016004 kB
MemFree:         2949000 kB
Active:           478580 kB
Mem:          3.8G       1.0G       2.8G       5.7M        76M       501M

MemTotal:        4016004 kB
MemFree:         2947072 kB
Active:           478612 kB
Mem:          3.8G       1.0G       2.8G       5.7M        77M       503M

MemTotal:        4016004 kB
MemFree:         2943616 kB
Active:           480892 kB
Mem:          3.8G       1.0G       2.8G       5.7M        77M       504M

MemTotal:        4016004 kB
MemFree:         2943476 kB
Active:           480864 kB
Mem:          3.8G       1.0G       2.8G       5.7M        77M       504M

MemTotal:        4016004 kB
MemFree:         2941892 kB
Active:           480980 kB
Mem:          3.8G       1.0G       2.8G       5.7M        77M       505M

MemTotal:        4016004 kB
MemFree:         2939856 kB
Active:           481096 kB
Mem:          3.8G       1.0G       2.8G       5.7M        77M       506M

MemTotal:        4016004 kB
MemFree:         2938920 kB
Active:           481156 kB
Mem:          3.8G       1.0G       2.8G       5.7M        77M       507M

MemTotal:        4016004 kB
MemFree:         2937272 kB
Active:           481180 kB
Mem:          3.8G       1.0G       2.8G       5.7M        77M       508M

MemTotal:        4016004 kB
MemFree:         2936152 kB
Active:           481208 kB
Mem:          3.8G       1.0G       2.8G       5.7M        77M       509M

MemTotal:        4016004 kB
MemFree:         2934504 kB
Active:           481276 kB
Mem:          3.8G       1.0G       2.8G       5.7M        77M       510M

MemTotal:        4016004 kB
MemFree:         2932980 kB
Active:           481364 kB
Mem:          3.8G       1.0G       2.8G       5.7M        77M       511M

MemTotal:        4016004 kB
MemFree:         2931812 kB
Active:           481608 kB
Mem:          3.8G       1.0G       2.8G       5.7M        77M       512M

MemTotal:        4016004 kB
MemFree:         2931424 kB
Active:           481672 kB
Mem:          3.8G       1.0G       2.8G       5.7M        77M       512M

MemTotal:        4016004 kB
MemFree:         2930756 kB
Active:           481624 kB
Mem:          3.8G       1.0G       2.8G       5.7M        77M       512M

MemTotal:        4016004 kB
MemFree:         2930148 kB
Active:           481700 kB
Mem:          3.8G       1.0G       2.8G       5.7M        78M       513M

MemTotal:        4016004 kB
MemFree:         2929104 kB
Active:           481816 kB
Mem:          3.8G       1.0G       2.8G       5.7M        78M       514M

MemTotal:        4016004 kB
MemFree:         2928460 kB
Active:           481944 kB
Mem:          3.8G       1.0G       2.8G       5.7M        78M       514M

MemTotal:        4016004 kB
MemFree:         2927916 kB
Active:           481980 kB
Mem:          3.8G       1.0G       2.8G       5.7M        78M       514M

MemTotal:        4016004 kB
MemFree:         2927280 kB
Active:           481936 kB
Mem:          3.8G       1.0G       2.8G       5.7M        78M       514M

MemTotal:        4016004 kB
MemFree:         2926596 kB
Active:           482120 kB
Mem:          3.8G       1.0G       2.8G       5.7M        78M       515M

MemTotal:        4016004 kB
MemFree:         2925908 kB
Active:           482160 kB
Mem:          3.8G       1.0G       2.8G       5.7M        78M       516M

MemTotal:        4016004 kB
MemFree:         2924588 kB
Active:           482176 kB
Mem:          3.8G       1.0G       2.8G       5.7M        78M       516M

MemTotal:        4016004 kB
MemFree:         2923328 kB
Active:           482164 kB
Mem:          3.8G       1.0G       2.8G       5.7M        78M       517M

MemTotal:        4016004 kB
MemFree:         2922596 kB
Active:           482212 kB
Mem:          3.8G       1.0G       2.8G       5.7M        78M       518M

MemTotal:        4016004 kB
MemFree:         2921676 kB
Active:           482220 kB
Mem:          3.8G       1.0G       2.8G       5.7M        78M       518M

MemTotal:        4016004 kB
MemFree:         2920976 kB
Active:           482228 kB
Mem:          3.8G       1.0G       2.8G       5.7M        78M       519M

MemTotal:        4016004 kB
MemFree:         2920960 kB
Active:           482180 kB
Mem:          3.8G       1.0G       2.8G       5.7M        78M       519M

MemTotal:        4016004 kB
MemFree:         2920604 kB
Active:           482244 kB
Mem:          3.8G       1.0G       2.8G       5.7M        78M       519M

MemTotal:        4016004 kB
MemFree:         2919532 kB
Active:           482220 kB
Mem:          3.8G       1.0G       2.8G       5.7M        78M       520M

MemTotal:        4016004 kB
MemFree:         2918644 kB
Active:           482280 kB
Mem:          3.8G       1.0G       2.8G       5.7M        78M       521M

MemTotal:        4016004 kB
MemFree:         2917508 kB
Active:           482336 kB
Mem:          3.8G       1.0G       2.8G       5.7M        78M       522M

MemTotal:        4016004 kB
MemFree:         2916744 kB
Active:           482308 kB
Mem:          3.8G       1.0G       2.8G       5.7M        78M       522M

MemTotal:        4016004 kB
MemFree:         2914260 kB
Active:           482524 kB
Mem:          3.8G       1.1G       2.8G       5.7M        78M       524M

MemTotal:        4016004 kB
MemFree:         2913496 kB
Active:           482508 kB
Mem:          3.8G       1.1G       2.8G       5.7M        78M       525M

MemTotal:        4016004 kB
MemFree:         2912284 kB
Active:           482548 kB
Mem:          3.8G       1.1G       2.8G       5.7M        78M       526M

MemTotal:        4016004 kB
MemFree:         2911896 kB
Active:           482572 kB
Mem:          3.8G       1.1G       2.8G       5.7M        78M       526M

MemTotal:        4016004 kB
MemFree:         2911088 kB
Active:           482592 kB
Mem:          3.8G       1.1G       2.8G       5.7M        78M       527M

MemTotal:        4016004 kB
MemFree:         2910916 kB
Active:           482644 kB
Mem:          3.8G       1.1G       2.8G       5.7M        78M       527M

MemTotal:        4016004 kB
MemFree:         2910900 kB
Active:           482628 kB
Mem:          3.8G       1.1G       2.8G       5.7M        78M       527M

MemTotal:        4016004 kB
MemFree:         2910264 kB
Active:           482620 kB
Mem:          3.8G       1.1G       2.8G       5.7M        78M       527M

MemTotal:        4016004 kB
MemFree:         2909696 kB
Active:           482676 kB
Mem:          3.8G       1.1G       2.8G       5.7M        78M       527M

MemTotal:        4016004 kB
MemFree:         2908832 kB
Active:           482684 kB
Mem:          3.8G       1.1G       2.8G       5.7M        78M       529M

MemTotal:        4016004 kB
MemFree:         2904872 kB
Active:           484716 kB
Mem:          3.8G       1.1G       2.8G       5.7M        78M       530M

MemTotal:        4016004 kB
MemFree:         2904808 kB
Active:           484688 kB
Mem:          3.8G       1.1G       2.8G       5.7M        78M       530M

MemTotal:        4016004 kB
MemFree:         2904932 kB
Active:           484760 kB
Mem:          3.8G       1.1G       2.8G       5.7M        79M       530M

MemTotal:        4016004 kB
MemFree:         2903984 kB
Active:           484768 kB
Mem:          3.8G       1.1G       2.8G       5.7M        79M       531M

MemTotal:        4016004 kB
MemFree:         2902104 kB
Active:           484776 kB
Mem:          3.8G       1.1G       2.8G       5.7M        79M       531M

MemTotal:        4016004 kB
MemFree:         2900860 kB
Active:           484820 kB
Mem:          3.8G       1.1G       2.8G       5.7M        79M       532M

MemTotal:        4016004 kB
MemFree:         2900968 kB
Active:           484820 kB
Mem:          3.8G       1.1G       2.8G       5.7M        79M       532M

MemTotal:        4016004 kB
MemFree:         2900704 kB
Active:           484828 kB
Mem:          3.8G       1.1G       2.8G       5.7M        79M       532M

MemTotal:        4016004 kB
MemFree:         2900284 kB
Active:           484852 kB
Mem:          3.8G       1.1G       2.8G       5.7M        79M       532M

MemTotal:        4016004 kB
MemFree:         2900204 kB
Active:           484888 kB
Mem:          3.8G       1.1G       2.8G       5.7M        79M       533M

MemTotal:        4016004 kB
MemFree:         2898648 kB
Active:           484896 kB
Mem:          3.8G       1.1G       2.8G       5.7M        79M       534M

MemTotal:        4016004 kB
MemFree:         2896520 kB
Active:           484972 kB
Mem:          3.8G       1.1G       2.8G       5.7M        79M       536M

MemTotal:        4016004 kB
MemFree:         2894872 kB
Active:           485032 kB
Mem:          3.8G       1.1G       2.8G       5.7M        79M       537M

MemTotal:        4016004 kB
MemFree:         2893488 kB
Active:           485056 kB
Mem:          3.8G       1.1G       2.8G       5.7M        79M       538M

MemTotal:        4016004 kB
MemFree:         2891732 kB
Active:           485112 kB
Mem:          3.8G       1.1G       2.8G       5.7M        79M       540M

MemTotal:        4016004 kB
MemFree:         2890940 kB
Active:           485116 kB
Mem:          3.8G       1.1G       2.8G       5.7M        79M       540M

MemTotal:        4016004 kB
MemFree:         2889820 kB
Active:           485088 kB
Mem:          3.8G       1.1G       2.8G       5.7M        79M       541M

MemTotal:        4016004 kB
MemFree:         2888188 kB
Active:           485140 kB
Mem:          3.8G       1.1G       2.8G       5.7M        79M       542M

MemTotal:        4016004 kB
MemFree:         2885936 kB
Active:           485168 kB
Mem:          3.8G       1.1G       2.8G       5.7M        79M       544M

MemTotal:        4016004 kB
MemFree:         2884460 kB
Active:           485196 kB
Mem:          3.8G       1.1G       2.8G       5.7M        79M       546M

MemTotal:        4016004 kB
MemFree:         2884320 kB
Active:           485232 kB
Mem:          3.8G       1.1G       2.8G       5.7M        79M       546M

MemTotal:        4016004 kB
MemFree:         2884164 kB
Active:           485232 kB
Mem:          3.8G       1.1G       2.8G       5.7M        79M       546M

MemTotal:        4016004 kB
MemFree:         2883028 kB
Active:           485284 kB
Mem:          3.8G       1.1G       2.7G       5.7M        79M       546M

MemTotal:        4016004 kB
MemFree:         2881924 kB
Active:           485292 kB
Mem:          3.8G       1.1G       2.7G       5.7M        79M       547M

MemTotal:        4016004 kB
MemFree:         2881644 kB
Active:           485296 kB
Mem:          3.8G       1.1G       2.7G       5.7M        79M       547M

MemTotal:        4016004 kB
MemFree:         2880868 kB
Active:           485296 kB
Mem:          3.8G       1.1G       2.7G       5.7M        79M       548M

MemTotal:        4016004 kB
MemFree:         2880852 kB
Active:           485292 kB
Mem:          3.8G       1.1G       2.7G       5.7M        79M       548M

MemTotal:        4016004 kB
MemFree:         2880788 kB
Active:           485280 kB
Mem:          3.8G       1.1G       2.7G       5.7M        79M       548M

MemTotal:        4016004 kB
MemFree:         2880104 kB
Active:           485324 kB
Mem:          3.8G       1.1G       2.7G       5.7M        79M       548M

MemTotal:        4016004 kB
MemFree:         2880136 kB
Active:           485308 kB
Mem:          3.8G       1.1G       2.7G       5.7M        79M       548M

MemTotal:        4016004 kB
MemFree:         2879948 kB
Active:           485300 kB
Mem:          3.8G       1.1G       2.7G       5.7M        79M       548M

MemTotal:        4016004 kB
MemFree:         2879684 kB
Active:           485340 kB
Mem:          3.8G       1.1G       2.7G       5.7M        79M       549M

MemTotal:        4016004 kB
MemFree:         2877972 kB
Active:           485384 kB
Mem:          3.8G       1.1G       2.7G       5.7M        79M       551M

MemTotal:        4016004 kB
MemFree:         2876340 kB
Active:           485464 kB
Mem:          3.8G       1.1G       2.7G       5.7M        79M       551M

MemTotal:        4016004 kB
MemFree:         2874248 kB
Active:           485660 kB
Mem:          3.8G       1.1G       2.7G       5.7M        79M       552M

MemTotal:        4016004 kB
MemFree:         2873136 kB
Active:           486156 kB
Mem:          3.8G       1.1G       2.7G       5.7M        80M       553M

MemTotal:        4016004 kB
MemFree:         2871876 kB
Active:           486560 kB
Mem:          3.8G       1.1G       2.7G       5.7M        80M       554M

MemTotal:        4016004 kB
MemFree:         2870152 kB
Active:           486692 kB
Mem:          3.8G       1.1G       2.7G       5.7M        80M       554M

MemTotal:        4016004 kB
MemFree:         2869204 kB
Active:           486704 kB
Mem:          3.8G       1.1G       2.7G       5.7M        80M       555M

MemTotal:        4016004 kB
MemFree:         2868348 kB
Active:           486716 kB
Mem:          3.8G       1.1G       2.7G       5.7M        80M       556M

MemTotal:        4016004 kB
MemFree:         2867664 kB
Active:           486732 kB
Mem:          3.8G       1.1G       2.7G       5.7M        80M       557M

MemTotal:        4016004 kB
MemFree:         2866840 kB
Active:           486704 kB
Mem:          3.8G       1.1G       2.7G       5.7M        80M       557M

MemTotal:        4016004 kB
MemFree:         2865736 kB
Active:           486768 kB
Mem:          3.8G       1.1G       2.7G       5.7M        80M       558M

MemTotal:        4016004 kB
MemFree:         2864632 kB
Active:           486796 kB
Mem:          3.8G       1.1G       2.7G       5.7M        80M       559M

MemTotal:        4016004 kB
MemFree:         2863452 kB
Active:           486808 kB
Mem:          3.8G       1.1G       2.7G       5.7M        80M       560M

MemTotal:        4016004 kB
MemFree:         2862704 kB
Active:           486816 kB
Mem:          3.8G       1.1G       2.7G       5.7M        80M       561M

MemTotal:        4016004 kB
MemFree:         2861336 kB
Active:           486824 kB
Mem:          3.8G       1.1G       2.7G       5.7M        80M       561M

MemTotal:        4016004 kB
MemFree:         2860884 kB
Active:           486824 kB
Mem:          3.8G       1.1G       2.7G       5.7M        80M       562M

MemTotal:        4016004 kB
MemFree:         2860136 kB
Active:           486844 kB
Mem:          3.8G       1.1G       2.7G       5.7M        80M       563M

MemTotal:        4016004 kB
MemFree:         2859748 kB
Active:           486856 kB
Mem:          3.8G       1.1G       2.7G       5.7M        80M       563M

MemTotal:        4016004 kB
MemFree:         2859236 kB
Active:           486864 kB
Mem:          3.8G       1.1G       2.7G       5.7M        80M       564M

MemTotal:        4016004 kB
MemFree:         2858052 kB
Active:           486872 kB
Mem:          3.8G       1.1G       2.7G       5.7M        80M       564M

MemTotal:        4016004 kB
MemFree:         2856484 kB
Active:           486868 kB
Mem:          3.8G       1.1G       2.7G       5.7M        80M       565M

MemTotal:        4016004 kB
MemFree:         2856124 kB
Active:           486884 kB
Mem:          3.8G       1.1G       2.7G       5.7M        80M       566M

MemTotal:        4016004 kB
MemFree:         2854696 kB
Active:           486900 kB
Mem:          3.8G       1.1G       2.7G       5.7M        80M       567M

MemTotal:        4016004 kB
MemFree:         2853424 kB
Active:           486900 kB
Mem:          3.8G       1.1G       2.7G       5.7M        80M       567M

MemTotal:        4016004 kB
MemFree:         2853392 kB
Active:           486900 kB
Mem:          3.8G       1.1G       2.7G       5.7M        80M       567M

MemTotal:        4016004 kB
MemFree:         2852568 kB
Active:           486916 kB
Mem:          3.8G       1.1G       2.7G       5.7M        80M       568M

MemTotal:        4016004 kB
MemFree:         2851852 kB
Active:           486912 kB
Mem:          3.8G       1.1G       2.7G       5.7M        81M       568M

MemTotal:        4016004 kB
MemFree:         2850764 kB
Active:           486936 kB
Mem:          3.8G       1.1G       2.7G       5.7M        81M       569M

MemTotal:        4016004 kB
MemFree:         2849956 kB
Active:           486956 kB
Mem:          3.8G       1.1G       2.7G       5.7M        81M       570M

MemTotal:        4016004 kB
MemFree:         2849332 kB
Active:           486964 kB
Mem:          3.8G       1.1G       2.7G       5.7M        81M       571M

MemTotal:        4016004 kB
MemFree:         2849192 kB
Active:           486968 kB
Mem:          3.8G       1.1G       2.7G       5.7M        81M       571M

MemTotal:        4016004 kB
MemFree:         2848680 kB
Active:           487008 kB
Mem:          3.8G       1.1G       2.7G       5.7M        81M       571M

MemTotal:        4016004 kB
MemFree:         2847360 kB
Active:           487016 kB
Mem:          3.8G       1.1G       2.7G       5.7M        81M       572M

MemTotal:        4016004 kB
MemFree:         2847576 kB
Active:           487024 kB
Mem:          3.8G       1.1G       2.7G       5.7M        81M       573M

MemTotal:        4016004 kB
MemFree:         2847064 kB
Active:           487016 kB
Mem:          3.8G       1.1G       2.7G       5.7M        81M       573M

MemTotal:        4016004 kB
MemFree:         2846272 kB
Active:           487068 kB
Mem:          3.8G       1.1G       2.7G       5.7M        81M       573M

MemTotal:        4016004 kB
MemFree:         2846256 kB
Active:           487076 kB
Mem:          3.8G       1.1G       2.7G       5.7M        81M       573M

MemTotal:        4016004 kB
MemFree:         2845464 kB
Active:           487084 kB
Mem:          3.8G       1.1G       2.7G       5.7M        81M       573M

MemTotal:        4016004 kB
MemFree:         2845028 kB
Active:           487104 kB
Mem:          3.8G       1.1G       2.7G       5.7M        81M       574M

MemTotal:        4016004 kB
MemFree:         2844624 kB
Active:           487104 kB
Mem:          3.8G       1.1G       2.7G       5.7M        81M       574M

MemTotal:        4016004 kB
MemFree:         2844484 kB
Active:           487108 kB
Mem:          3.8G       1.1G       2.7G       5.7M        81M       574M

MemTotal:        4016004 kB
MemFree:         2843988 kB
Active:           487108 kB
Mem:          3.8G       1.1G       2.7G       5.7M        81M       574M

MemTotal:        4016004 kB
MemFree:         2844188 kB
Active:           487116 kB
Mem:          3.8G       1.1G       2.7G       5.7M        81M       574M

MemTotal:        4016004 kB
MemFree:         2844140 kB
Active:           487068 kB
Mem:          3.8G       1.1G       2.7G       5.7M        81M       575M

MemTotal:        4016004 kB
MemFree:         2843324 kB
Active:           487124 kB
Mem:          3.8G       1.1G       2.7G       5.7M        81M       575M

MemTotal:        4016004 kB
MemFree:         2843944 kB
Active:           487124 kB
Mem:          3.8G       1.1G       2.7G       5.7M        81M       575M

MemTotal:        4016004 kB
MemFree:         2843416 kB
Active:           487132 kB
Mem:          3.8G       1.1G       2.7G       5.7M        81M       575M

MemTotal:        4016004 kB
MemFree:         2843568 kB
Active:           487132 kB
Mem:          3.8G       1.1G       2.7G       5.7M        81M       575M

MemTotal:        4016004 kB
MemFree:         2843272 kB
Active:           487096 kB
Mem:          3.8G       1.1G       2.7G       5.7M        81M       575M

MemTotal:        4016004 kB
MemFree:         2842968 kB
Active:           487120 kB
Mem:          3.8G       1.1G       2.7G       5.7M        81M       576M

MemTotal:        4016004 kB
MemFree:         2843748 kB
Active:           485208 kB
Mem:          3.8G       1.1G       2.7G       5.7M        81M       576M

MemTotal:        4016004 kB
MemFree:         2843312 kB
Active:           485128 kB
Mem:          3.8G       1.1G       2.7G       5.7M        81M       576M

MemTotal:        4016004 kB
MemFree:         2843280 kB
Active:           485128 kB
Mem:          3.8G       1.1G       2.7G       5.7M        81M       576M

MemTotal:        4016004 kB
MemFree:         2842804 kB
Active:           485136 kB
Mem:          3.8G       1.1G       2.7G       5.7M        81M       577M

MemTotal:        4016004 kB
MemFree:         2842648 kB
Active:           485140 kB
Mem:          3.8G       1.1G       2.7G       5.7M        81M       577M

MemTotal:        4016004 kB
MemFree:         2842484 kB
Active:           485148 kB
Mem:          3.8G       1.1G       2.7G       5.7M        81M       577M

MemTotal:        4016004 kB
MemFree:         2842560 kB
Active:           485148 kB
Mem:          3.8G       1.1G       2.7G       5.7M        81M       577M

MemTotal:        4016004 kB
MemFree:         2842560 kB
Active:           485148 kB
Mem:          3.8G       1.1G       2.7G       5.7M        81M       577M

MemTotal:        4016004 kB
MemFree:         2843180 kB
Active:           485112 kB
Mem:          3.8G       1.1G       2.7G       5.7M        81M       577M

MemTotal:        4016004 kB
MemFree:         2843180 kB
Active:           485104 kB
Mem:          3.8G       1.1G       2.7G       5.7M        81M       577M

MemTotal:        4016004 kB
MemFree:         2842932 kB
Active:           485128 kB
Mem:          3.8G       1.1G       2.7G       5.7M        81M       577M

MemTotal:        4016004 kB
MemFree:         2841940 kB
Active:           485164 kB
Mem:          3.8G       1.1G       2.7G       5.7M        81M       577M

MemTotal:        4016004 kB
MemFree:         2842196 kB
Active:           485164 kB
Mem:          3.8G       1.1G       2.7G       5.7M        81M       577M

MemTotal:        4016004 kB
MemFree:         2841900 kB
Active:           485172 kB
Mem:          3.8G       1.1G       2.7G       5.7M        81M       578M

MemTotal:        4016004 kB
MemFree:         2840892 kB
Active:           485172 kB
Mem:          3.8G       1.1G       2.7G       5.7M        81M       578M

MemTotal:        4016004 kB
MemFree:         2841544 kB
Active:           485176 kB
Mem:          3.8G       1.1G       2.7G       5.7M        81M       578M

MemTotal:        4016004 kB
MemFree:         2840548 kB
Active:           485196 kB
Mem:          3.8G       1.1G       2.7G       5.7M        81M       579M

MemTotal:        4016004 kB
MemFree:         2840624 kB
Active:           485200 kB
Mem:          3.8G       1.1G       2.7G       5.7M        81M       579M

MemTotal:        4016004 kB
MemFree:         2839616 kB
Active:           485204 kB
Mem:          3.8G       1.1G       2.7G       5.7M        81M       580M

MemTotal:        4016004 kB
MemFree:         2839212 kB
Active:           485204 kB
Mem:          3.8G       1.1G       2.7G       5.7M        81M       580M

MemTotal:        4016004 kB
MemFree:         2839056 kB
Active:           485180 kB
Mem:          3.8G       1.1G       2.7G       5.7M        81M       580M

MemTotal:        4016004 kB
MemFree:         2838792 kB
Active:           485228 kB
Mem:          3.8G       1.1G       2.7G       5.7M        81M       580M

MemTotal:        4016004 kB
MemFree:         2837392 kB
Active:           485288 kB
Mem:          3.8G       1.1G       2.7G       5.7M        81M       581M

MemTotal:        4016004 kB
MemFree:         2836676 kB
Active:           485388 kB
Mem:          3.8G       1.1G       2.7G       5.7M        81M       582M

MemTotal:        4016004 kB
MemFree:         2835492 kB
Active:           485480 kB
Mem:          3.8G       1.1G       2.7G       5.7M        81M       583M

MemTotal:        4016004 kB
MemFree:         2833968 kB
Active:           485548 kB
Mem:          3.8G       1.1G       2.7G       5.7M        81M       584M

MemTotal:        4016004 kB
MemFree:         2832692 kB
Active:           485592 kB
Mem:          3.8G       1.1G       2.7G       5.7M        81M       584M

MemTotal:        4016004 kB
MemFree:         2832320 kB
Active:           485644 kB
Mem:          3.8G       1.1G       2.7G       5.7M        81M       585M

MemTotal:        4016004 kB
MemFree:         2831868 kB
Active:           485644 kB
Mem:          3.8G       1.1G       2.7G       5.7M        81M       585M

MemTotal:        4016004 kB
MemFree:         2831152 kB
Active:           485660 kB
Mem:          3.8G       1.1G       2.7G       5.7M        81M       585M

MemTotal:        4016004 kB
MemFree:         2830404 kB
Active:           485752 kB
Mem:          3.8G       1.1G       2.7G       5.7M        81M       586M

MemTotal:        4016004 kB
MemFree:         2829648 kB
Active:           485892 kB
Mem:          3.8G       1.1G       2.7G       5.7M        81M       587M

MemTotal:        4016004 kB
MemFree:         2827472 kB
Active:           485904 kB
Mem:          3.8G       1.1G       2.7G       5.7M        81M       589M

MemTotal:        4016004 kB
MemFree:         2826152 kB
Active:           485936 kB
Mem:          3.8G       1.1G       2.7G       5.7M        81M       589M

MemTotal:        4016004 kB
MemFree:         2825904 kB
Active:           485920 kB
Mem:          3.8G       1.1G       2.7G       5.7M        81M       589M

MemTotal:        4016004 kB
MemFree:         2825608 kB
Active:           485912 kB
Mem:          3.8G       1.1G       2.7G       5.7M        81M       589M

MemTotal:        4016004 kB
MemFree:         2825244 kB
Active:           485948 kB
Mem:          3.8G       1.1G       2.7G       5.7M        81M       590M

MemTotal:        4016004 kB
MemFree:         2823144 kB
Active:           486000 kB
Mem:          3.8G       1.1G       2.7G       5.7M        81M       591M

MemTotal:        4016004 kB
MemFree:         2821760 kB
Active:           486000 kB
Mem:          3.8G       1.1G       2.7G       5.7M        82M       592M

MemTotal:        4016004 kB
MemFree:         2819956 kB
Active:           486060 kB
Mem:          3.8G       1.1G       2.7G       5.7M        82M       594M

MemTotal:        4016004 kB
MemFree:         2817828 kB
Active:           486144 kB
Mem:          3.8G       1.1G       2.7G       5.7M        82M       595M

MemTotal:        4016004 kB
MemFree:         2817512 kB
Active:           486212 kB
Mem:          3.8G       1.1G       2.7G       5.7M        82M       596M

MemTotal:        4016004 kB
MemFree:         2817028 kB
Active:           486260 kB
Mem:          3.8G       1.1G       2.7G       5.7M        82M       597M

MemTotal:        4016004 kB
MemFree:         2815536 kB
Active:           486312 kB
Mem:          3.8G       1.1G       2.7G       5.7M        82M       597M

MemTotal:        4016004 kB
MemFree:         2813484 kB
Active:           486376 kB
Mem:          3.8G       1.1G       2.7G       5.7M        82M       599M

MemTotal:        4016004 kB
MemFree:         2813140 kB
Active:           486420 kB
Mem:          3.8G       1.1G       2.7G       5.7M        82M       599M

MemTotal:        4016004 kB
MemFree:         2812144 kB
Active:           486464 kB
Mem:          3.8G       1.1G       2.7G       5.7M        82M       600M

MemTotal:        4016004 kB
MemFree:         2810372 kB
Active:           486440 kB
Mem:          3.8G       1.2G       2.7G       5.7M        82M       601M

MemTotal:        4016004 kB
MemFree:         2809764 kB
Active:           486468 kB
Mem:          3.8G       1.2G       2.7G       5.7M        82M       601M

MemTotal:        4016004 kB
MemFree:         2809376 kB
Active:           486504 kB
Mem:          3.8G       1.2G       2.7G       5.7M        82M       601M

MemTotal:        4016004 kB
MemFree:         2808988 kB
Active:           486516 kB
Mem:          3.8G       1.2G       2.7G       5.7M        82M       601M

MemTotal:        4016004 kB
MemFree:         2808288 kB
Active:           486532 kB
Mem:          3.8G       1.2G       2.7G       5.7M        82M       602M

MemTotal:        4016004 kB
MemFree:         2807912 kB
Active:           486588 kB
Mem:          3.8G       1.2G       2.7G       5.7M        82M       602M

MemTotal:        4016004 kB
MemFree:         2806448 kB
Active:           486676 kB
Mem:          3.8G       1.2G       2.7G       5.7M        82M       603M

MemTotal:        4016004 kB
MemFree:         2805872 kB
Active:           486720 kB
Mem:          3.8G       1.2G       2.7G       5.7M        82M       604M

MemTotal:        4016004 kB
MemFree:         2804612 kB
Active:           486812 kB
Mem:          3.8G       1.2G       2.7G       5.7M        82M       605M

MemTotal:        4016004 kB
MemFree:         2803992 kB
Active:           486828 kB
Mem:          3.8G       1.2G       2.7G       5.7M        82M       605M

MemTotal:        4016004 kB
MemFree:         2803308 kB
Active:           486836 kB
Mem:          3.8G       1.2G       2.7G       5.7M        82M       605M

MemTotal:        4016004 kB
MemFree:         2803168 kB
Active:           486836 kB
Mem:          3.8G       1.2G       2.7G       5.7M        82M       605M

MemTotal:        4016004 kB
MemFree:         2802872 kB
Active:           486840 kB
Mem:          3.8G       1.2G       2.7G       5.7M        82M       606M

MemTotal:        4016004 kB
MemFree:         2802468 kB
Active:           486848 kB
Mem:          3.8G       1.2G       2.7G       5.7M        82M       606M

MemTotal:        4016004 kB
MemFree:         2802412 kB
Active:           486808 kB
Mem:          3.8G       1.2G       2.7G       5.7M        82M       606M

MemTotal:        4016004 kB
MemFree:         2801912 kB
Active:           486856 kB
Mem:          3.8G       1.2G       2.7G       5.7M        82M       606M

MemTotal:        4016004 kB
MemFree:         2801384 kB
Active:           486868 kB
Mem:          3.8G       1.2G       2.7G       5.7M        82M       607M

MemTotal:        4016004 kB
MemFree:         2799676 kB
Active:           486896 kB
Mem:          3.8G       1.2G       2.7G       5.7M        82M       608M

MemTotal:        4016004 kB
MemFree:         2798492 kB
Active:           486912 kB
Mem:          3.8G       1.2G       2.7G       5.7M        82M       610M

MemTotal:        4016004 kB
MemFree:         2797636 kB
Active:           486924 kB
Mem:          3.8G       1.2G       2.7G       5.7M        82M       611M

MemTotal:        4016004 kB
MemFree:         2795384 kB
Active:           486960 kB
Mem:          3.8G       1.2G       2.7G       5.7M        82M       613M

MemTotal:        4016004 kB
MemFree:         2794252 kB
Active:           486960 kB
Mem:          3.8G       1.2G       2.7G       5.7M        82M       613M

MemTotal:        4016004 kB
MemFree:         2794112 kB
Active:           486964 kB
Mem:          3.8G       1.2G       2.7G       5.7M        82M       613M

MemTotal:        4016004 kB
MemFree:         2793164 kB
Active:           486964 kB
Mem:          3.8G       1.2G       2.7G       5.7M        82M       613M

MemTotal:        4016004 kB
MemFree:         2792508 kB
Active:           486944 kB
Mem:          3.8G       1.2G       2.7G       5.7M        82M       615M

MemTotal:        4016004 kB
MemFree:         2791248 kB
Active:           487032 kB
Mem:          3.8G       1.2G       2.7G       5.7M        82M       616M

MemTotal:        4016004 kB
MemFree:         2789848 kB
Active:           487092 kB
Mem:          3.8G       1.2G       2.7G       5.7M        83M       617M

MemTotal:        4016004 kB
MemFree:         2788448 kB
Active:           487284 kB
Mem:          3.8G       1.2G       2.7G       5.7M        83M       618M

MemTotal:        4016004 kB
MemFree:         2787156 kB
Active:           487476 kB
Mem:          3.8G       1.2G       2.7G       5.7M        83M       618M

MemTotal:        4016004 kB
MemFree:         2786252 kB
Active:           487552 kB
Mem:          3.8G       1.2G       2.7G       5.7M        83M       619M

MemTotal:        4016004 kB
MemFree:         2784976 kB
Active:           487580 kB
Mem:          3.8G       1.2G       2.7G       5.7M        83M       620M

MemTotal:        4016004 kB
MemFree:         2783204 kB
Active:           487772 kB
Mem:          3.8G       1.2G       2.7G       5.7M        83M       621M

MemTotal:        4016004 kB
MemFree:         2782112 kB
Active:           487848 kB
Mem:          3.8G       1.2G       2.7G       5.7M        83M       622M

MemTotal:        4016004 kB
MemFree:         2780884 kB
Active:           487940 kB
Mem:          3.8G       1.2G       2.7G       5.7M        83M       622M

MemTotal:        4016004 kB
MemFree:         2779112 kB
Active:           488200 kB
Mem:          3.8G       1.2G       2.7G       5.7M        84M       623M

MemTotal:        4016004 kB
MemFree:         2778460 kB
Active:           488248 kB
Mem:          3.8G       1.2G       2.6G       5.7M        84M       623M

MemTotal:        4016004 kB
MemFree:         2777892 kB
Active:           488248 kB
Mem:          3.8G       1.2G       2.6G       5.7M        84M       623M

MemTotal:        4016004 kB
MemFree:         2777160 kB
Active:           488300 kB
Mem:          3.8G       1.2G       2.6G       5.7M        84M       624M

MemTotal:        4016004 kB
MemFree:         2775372 kB
Active:           488372 kB
Mem:          3.8G       1.2G       2.6G       5.7M        84M       625M

MemTotal:        4016004 kB
MemFree:         2774424 kB
Active:           488444 kB
Mem:          3.8G       1.2G       2.6G       5.7M        84M       626M

MemTotal:        4016004 kB
MemFree:         2773848 kB
Active:           488480 kB
Mem:          3.8G       1.2G       2.6G       5.7M        84M       627M

MemTotal:        4016004 kB
MemFree:         2772820 kB
Active:           488592 kB
Mem:          3.8G       1.2G       2.6G       5.7M        84M       627M

MemTotal:        4016004 kB
MemFree:         2771576 kB
Active:           488672 kB
Mem:          3.8G       1.2G       2.6G       5.7M        84M       628M

MemTotal:        4016004 kB
MemFree:         2771452 kB
Active:           488652 kB
Mem:          3.8G       1.2G       2.6G       5.7M        84M       628M

MemTotal:        4016004 kB
MemFree:         2771172 kB
Active:           488672 kB
Mem:          3.8G       1.2G       2.6G       5.7M        84M       628M

MemTotal:        4016004 kB
MemFree:         2771048 kB
Active:           488648 kB
Mem:          3.8G       1.2G       2.6G       5.7M        84M       628M

MemTotal:        4016004 kB
MemFree:         2770100 kB
Active:           488688 kB
Mem:          3.8G       1.2G       2.6G       5.7M        84M       629M

MemTotal:        4016004 kB
MemFree:         2769944 kB
Active:           488712 kB
Mem:          3.8G       1.2G       2.6G       5.7M        84M       629M

MemTotal:        4016004 kB
MemFree:         2769540 kB
Active:           488724 kB
Mem:          3.8G       1.2G       2.6G       5.7M        84M       629M

MemTotal:        4016004 kB
MemFree:         2769104 kB
Active:           488748 kB
Mem:          3.8G       1.2G       2.6G       5.7M        84M       630M

MemTotal:        4016004 kB
MemFree:         2768868 kB
Active:           488816 kB
Mem:          3.8G       1.2G       2.6G       5.7M        84M       630M

MemTotal:        4016004 kB
MemFree:         2768200 kB
Active:           488792 kB
Mem:          3.8G       1.2G       2.6G       5.7M        84M       631M

MemTotal:        4016004 kB
MemFree:         2767124 kB
Active:           488920 kB
Mem:          3.8G       1.2G       2.6G       5.7M        84M       632M

MemTotal:        4016004 kB
MemFree:         2765492 kB
Active:           489008 kB
Mem:          3.8G       1.2G       2.6G       5.7M        84M       633M

MemTotal:        4016004 kB
MemFree:         2762620 kB
Active:           489128 kB
Mem:          3.8G       1.2G       2.6G       5.7M        84M       635M

MemTotal:        4016004 kB
MemFree:         2759316 kB
Active:           489136 kB
Mem:          3.8G       1.2G       2.6G       5.7M        85M       638M

MemTotal:        4016004 kB
MemFree:         2758552 kB
Active:           489252 kB
Mem:          3.8G       1.2G       2.6G       5.7M        85M       638M

MemTotal:        4016004 kB
MemFree:         2757760 kB
Active:           489252 kB
Mem:          3.8G       1.2G       2.6G       5.7M        85M       639M

MemTotal:        4016004 kB
MemFree:         2757076 kB
Active:           489304 kB
Mem:          3.8G       1.2G       2.6G       5.7M        85M       639M

MemTotal:        4016004 kB
MemFree:         2755380 kB
Active:           489376 kB
Mem:          3.8G       1.2G       2.6G       5.7M        85M       641M

MemTotal:        4016004 kB
MemFree:         2753840 kB
Active:           489448 kB
Mem:          3.8G       1.2G       2.6G       5.7M        85M       642M

MemTotal:        4016004 kB
MemFree:         2753200 kB
Active:           489532 kB
Mem:          3.8G       1.2G       2.6G       5.7M        85M       642M

MemTotal:        4016004 kB
MemFree:         2752220 kB
Active:           489600 kB
Mem:          3.8G       1.2G       2.6G       5.7M        85M       643M

MemTotal:        4016004 kB
MemFree:         2751116 kB
Active:           489692 kB
Mem:          3.8G       1.2G       2.6G       5.7M        85M       644M

MemTotal:        4016004 kB
MemFree:         2750120 kB
Active:           489788 kB
Mem:          3.8G       1.2G       2.6G       5.7M        85M       644M

MemTotal:        4016004 kB
MemFree:         2749372 kB
Active:           489872 kB
Mem:          3.8G       1.2G       2.6G       5.7M        85M       645M

MemTotal:        4016004 kB
MemFree:         2746964 kB
Active:           489924 kB
Mem:          3.8G       1.2G       2.6G       5.7M        85M       646M

MemTotal:        4016004 kB
MemFree:         2746216 kB
Active:           489988 kB
Mem:          3.8G       1.2G       2.6G       5.7M        85M       647M

MemTotal:        4016004 kB
MemFree:         2745236 kB
Active:           490012 kB
Mem:          3.8G       1.2G       2.6G       5.7M        85M       648M

MemTotal:        4016004 kB
MemFree:         2742596 kB
Active:           490028 kB
Mem:          3.8G       1.2G       2.6G       5.7M        85M       649M

MemTotal:        4016004 kB
MemFree:         2742284 kB
Active:           490036 kB
Mem:          3.8G       1.2G       2.6G       5.7M        85M       650M

MemTotal:        4016004 kB
MemFree:         2741164 kB
Active:           490104 kB
Mem:          3.8G       1.2G       2.6G       5.7M        85M       651M

MemTotal:        4016004 kB
MemFree:         2740164 kB
Active:           490188 kB
Mem:          3.8G       1.2G       2.6G       5.7M        86M       651M

MemTotal:        4016004 kB
MemFree:         2737712 kB
Active:           490264 kB
Mem:          3.8G       1.2G       2.6G       5.7M        86M       654M

MemTotal:        4016004 kB
MemFree:         2735336 kB
Active:           490320 kB
Mem:          3.8G       1.2G       2.6G       5.7M        86M       655M

MemTotal:        4016004 kB
MemFree:         2733596 kB
Active:           490380 kB
Mem:          3.8G       1.2G       2.6G       5.7M        86M       657M

MemTotal:        4016004 kB
MemFree:         2732164 kB
Active:           490444 kB
Mem:          3.8G       1.2G       2.6G       5.7M        86M       657M

MemTotal:        4016004 kB
MemFree:         2731200 kB
Active:           490488 kB
Mem:          3.8G       1.2G       2.6G       5.7M        86M       658M

MemTotal:        4016004 kB
MemFree:         2730344 kB
Active:           490528 kB
Mem:          3.8G       1.2G       2.6G       5.7M        86M       659M

MemTotal:        4016004 kB
MemFree:         2728684 kB
Active:           490576 kB
Mem:          3.8G       1.2G       2.6G       5.7M        86M       660M

MemTotal:        4016004 kB
MemFree:         2728048 kB
Active:           490600 kB
Mem:          3.8G       1.2G       2.6G       5.7M        86M       661M

MemTotal:        4016004 kB
MemFree:         2726540 kB
Active:           490692 kB
Mem:          3.8G       1.2G       2.6G       5.7M        86M       662M

MemTotal:        4016004 kB
MemFree:         2724116 kB
Active:           490748 kB
Mem:          3.8G       1.2G       2.6G       5.7M        86M       663M

MemTotal:        4016004 kB
MemFree:         2722128 kB
Active:           490752 kB
Mem:          3.8G       1.2G       2.6G       5.7M        86M       665M

MemTotal:        4016004 kB
MemFree:         2720760 kB
Active:           490796 kB
Mem:          3.8G       1.2G       2.6G       5.7M        86M       666M

MemTotal:        4016004 kB
MemFree:         2718616 kB
Active:           490796 kB
Mem:          3.8G       1.2G       2.6G       5.7M        86M       668M

MemTotal:        4016004 kB
MemFree:         2714848 kB
Active:           490816 kB
