MemTotal:        4016004 kB
MemFree:         3226232 kB
Active:           434840 kB
Mem:          3.8G       771M       3.1G       5.7M        55M       319M

MemTotal:        4016004 kB
MemFree:         3226640 kB
Active:           435040 kB
Mem:          3.8G       770M       3.1G       5.7M        55M       319M

MemTotal:        4016004 kB
MemFree:         3226392 kB
Active:           435116 kB
Mem:          3.8G       771M       3.1G       5.7M        55M       319M

MemTotal:        4016004 kB
MemFree:         3226500 kB
Active:           435100 kB
Mem:          3.8G       771M       3.1G       5.7M        55M       319M

MemTotal:        4016004 kB
MemFree:         3225864 kB
Active:           435116 kB
Mem:          3.8G       771M       3.1G       5.7M        55M       319M

MemTotal:        4016004 kB
MemFree:         3225956 kB
Active:           435116 kB
Mem:          3.8G       771M       3.1G       5.7M        55M       319M

MemTotal:        4016004 kB
MemFree:         3224248 kB
Active:           435096 kB
Mem:          3.8G       773M       3.1G       5.7M        55M       319M

MemTotal:        4016004 kB
MemFree:         3224248 kB
Active:           437104 kB
Mem:          3.8G       773M       3.1G       5.7M        55M       319M

MemTotal:        4016004 kB
MemFree:         3223876 kB
Active:           437148 kB
Mem:          3.8G       773M       3.1G       5.7M        55M       319M

MemTotal:        4016004 kB
MemFree:         3223876 kB
Active:           437120 kB
Mem:          3.8G       773M       3.1G       5.7M        55M       319M

MemTotal:        4016004 kB
MemFree:         3224496 kB
Active:           437124 kB
Mem:          3.8G       772M       3.1G       5.7M        55M       319M

MemTotal:        4016004 kB
MemFree:         3224636 kB
Active:           437116 kB
Mem:          3.8G       772M       3.1G       5.7M        55M       319M

MemTotal:        4016004 kB
MemFree:         3224636 kB
Active:           437100 kB
Mem:          3.8G       772M       3.1G       5.7M        55M       319M

MemTotal:        4016004 kB
MemFree:         3224388 kB
Active:           437152 kB
Mem:          3.8G       772M       3.1G       5.7M        55M       319M

MemTotal:        4016004 kB
MemFree:         3224264 kB
Active:           437156 kB
Mem:          3.8G       773M       3.1G       5.7M        55M       319M

MemTotal:        4016004 kB
MemFree:         3226776 kB
Active:           435096 kB
Mem:          3.8G       770M       3.1G       5.7M        55M       319M

MemTotal:        4016004 kB
MemFree:         3226668 kB
Active:           435104 kB
Mem:          3.8G       770M       3.1G       5.7M        55M       319M

MemTotal:        4016004 kB
MemFree:         3226296 kB
Active:           435132 kB
Mem:          3.8G       771M       3.1G       5.7M        55M       319M

MemTotal:        4016004 kB
MemFree:         3226544 kB
Active:           435128 kB
Mem:          3.8G       771M       3.1G       5.7M        55M       319M

MemTotal:        4016004 kB
MemFree:         3226668 kB
Active:           435080 kB
Mem:          3.8G       771M       3.1G       5.7M        55M       319M

MemTotal:        4016004 kB
MemFree:         3226048 kB
Active:           435140 kB
Mem:          3.8G       771M       3.1G       5.7M        55M       319M

MemTotal:        4016004 kB
MemFree:         3226420 kB
Active:           435092 kB
Mem:          3.8G       770M       3.1G       5.7M        55M       319M

MemTotal:        4016004 kB
MemFree:         3226544 kB
Active:           435092 kB
Mem:          3.8G       770M       3.1G       5.7M        55M       319M

MemTotal:        4016004 kB
MemFree:         3226296 kB
Active:           435140 kB
Mem:          3.8G       771M       3.1G       5.7M        55M       319M

MemTotal:        4016004 kB
MemFree:         3226668 kB
Active:           435084 kB
Mem:          3.8G       770M       3.1G       5.7M        55M       319M

MemTotal:        4016004 kB
MemFree:         3226544 kB
Active:           435092 kB
Mem:          3.8G       770M       3.1G       5.7M        55M       319M

MemTotal:        4016004 kB
MemFree:         3226544 kB
Active:           435120 kB
Mem:          3.8G       770M       3.1G       5.7M        55M       319M

MemTotal:        4016004 kB
MemFree:         3226296 kB
Active:           435140 kB
Mem:          3.8G       771M       3.1G       5.7M        55M       319M

MemTotal:        4016004 kB
MemFree:         3225924 kB
Active:           435152 kB
Mem:          3.8G       771M       3.1G       5.7M        55M       319M

MemTotal:        4016004 kB
MemFree:         3226296 kB
Active:           435144 kB
Mem:          3.8G       771M       3.1G       5.7M        55M       319M

MemTotal:        4016004 kB
MemFree:         3226544 kB
Active:           435140 kB
Mem:          3.8G       771M       3.1G       5.7M        55M       319M

MemTotal:        4016004 kB
MemFree:         3226420 kB
Active:           435116 kB
Mem:          3.8G       771M       3.1G       5.7M        55M       319M

MemTotal:        4016004 kB
MemFree:         3226420 kB
Active:           435104 kB
Mem:          3.8G       771M       3.1G       5.7M        55M       319M

MemTotal:        4016004 kB
MemFree:         3226420 kB
Active:           435108 kB
Mem:          3.8G       771M       3.1G       5.7M        55M       319M

MemTotal:        4016004 kB
MemFree:         3226064 kB
Active:           435160 kB
Mem:          3.8G       771M       3.1G       5.7M        55M       319M

MemTotal:        4016004 kB
MemFree:         3226436 kB
Active:           435160 kB
Mem:          3.8G       771M       3.1G       5.7M        55M       319M

MemTotal:        4016004 kB
MemFree:         3224636 kB
Active:           435160 kB
Mem:          3.8G       773M       3.1G       5.7M        55M       319M

MemTotal:        4016004 kB
MemFree:         3224620 kB
Active:           437184 kB
Mem:          3.8G       772M       3.1G       5.7M        55M       319M

MemTotal:        4016004 kB
MemFree:         3224496 kB
Active:           437180 kB
Mem:          3.8G       772M       3.1G       5.7M        55M       319M

MemTotal:        4016004 kB
MemFree:         3224496 kB
Active:           437168 kB
Mem:          3.8G       773M       3.1G       5.7M        55M       319M

MemTotal:        4016004 kB
MemFree:         3224512 kB
Active:           437188 kB
Mem:          3.8G       772M       3.1G       5.7M        55M       319M

MemTotal:        4016004 kB
MemFree:         3224140 kB
Active:           437224 kB
Mem:          3.8G       773M       3.1G       5.7M        55M       319M

MemTotal:        4016004 kB
MemFree:         3224388 kB
Active:           437208 kB
Mem:          3.8G       773M       3.1G       5.7M        55M       319M

MemTotal:        4016004 kB
MemFree:         3224264 kB
Active:           437168 kB
Mem:          3.8G       773M       3.1G       5.7M        55M       319M

MemTotal:        4016004 kB
MemFree:         3224496 kB
Active:           437200 kB
Mem:          3.8G       772M       3.1G       5.7M        55M       319M

MemTotal:        4016004 kB
MemFree:         3224124 kB
Active:           437228 kB
Mem:          3.8G       773M       3.1G       5.7M        55M       319M

MemTotal:        4016004 kB
MemFree:         3224372 kB
Active:           437180 kB
Mem:          3.8G       773M       3.1G       5.7M        55M       319M

MemTotal:        4016004 kB
MemFree:         3224372 kB
Active:           437172 kB
Mem:          3.8G       773M       3.1G       5.7M        55M       319M

MemTotal:        4016004 kB
MemFree:         3224372 kB
Active:           437208 kB
Mem:          3.8G       773M       3.1G       5.7M        55M       319M

MemTotal:        4016004 kB
MemFree:         3223752 kB
Active:           437240 kB
Mem:          3.8G       773M       3.1G       5.7M        55M       319M

MemTotal:        4016004 kB
MemFree:         3223752 kB
Active:           437240 kB
Mem:          3.8G       773M       3.1G       5.7M        55M       319M

MemTotal:        4016004 kB
MemFree:         3224372 kB
Active:           437188 kB
Mem:          3.8G       773M       3.1G       5.7M        55M       319M

MemTotal:        4016004 kB
MemFree:         3224248 kB
Active:           437208 kB
Mem:          3.8G       773M       3.1G       5.7M        55M       319M

MemTotal:        4016004 kB
MemFree:         3224124 kB
Active:           437244 kB
Mem:          3.8G       773M       3.1G       5.7M        55M       319M

MemTotal:        4016004 kB
MemFree:         3224000 kB
Active:           437236 kB
Mem:          3.8G       773M       3.1G       5.7M        55M       319M

MemTotal:        4016004 kB
MemFree:         3224124 kB
Active:           437256 kB
Mem:          3.8G       773M       3.1G       5.7M        55M       319M

MemTotal:        4016004 kB
MemFree:         3224248 kB
Active:           437216 kB
Mem:          3.8G       773M       3.1G       5.7M        55M       319M

MemTotal:        4016004 kB
MemFree:         3224248 kB
Active:           437232 kB
Mem:          3.8G       773M       3.1G       5.7M        55M       319M

MemTotal:        4016004 kB
MemFree:         3224248 kB
Active:           437236 kB
Mem:          3.8G       773M       3.1G       5.7M        55M       319M

MemTotal:        4016004 kB
MemFree:         3224124 kB
Active:           437260 kB
Mem:          3.8G       773M       3.1G       5.7M        55M       319M

MemTotal:        4016004 kB
MemFree:         3224124 kB
Active:           437252 kB
Mem:          3.8G       773M       3.1G       5.7M        55M       319M

MemTotal:        4016004 kB
MemFree:         3224124 kB
Active:           437228 kB
Mem:          3.8G       773M       3.1G       5.7M        55M       319M

MemTotal:        4016004 kB
MemFree:         3224248 kB
Active:           437212 kB
Mem:          3.8G       773M       3.1G       5.7M        55M       319M

MemTotal:        4016004 kB
MemFree:         3223752 kB
Active:           437268 kB
Mem:          3.8G       773M       3.1G       5.7M        55M       319M

MemTotal:        4016004 kB
MemFree:         3224000 kB
Active:           437268 kB
Mem:          3.8G       773M       3.1G       5.7M        55M       319M

MemTotal:        4016004 kB
MemFree:         3223504 kB
Active:           437276 kB
Mem:          3.8G       773M       3.1G       5.7M        55M       319M

MemTotal:        4016004 kB
MemFree:         3223752 kB
Active:           437236 kB
Mem:          3.8G       773M       3.1G       5.7M        55M       319M

MemTotal:        4016004 kB
MemFree:         3223844 kB
Active:           437272 kB
Mem:          3.8G       773M       3.1G       5.7M        55M       319M

MemTotal:        4016004 kB
MemFree:         3224076 kB
Active:           437264 kB
Mem:          3.8G       773M       3.1G       5.7M        55M       319M

MemTotal:        4016004 kB
MemFree:         3223564 kB
Active:           437276 kB
Mem:          3.8G       773M       3.1G       5.7M        55M       319M

MemTotal:        4016004 kB
MemFree:         3223564 kB
Active:           437228 kB
Mem:          3.8G       773M       3.1G       5.7M        55M       319M

MemTotal:        4016004 kB
MemFree:         3223688 kB
Active:           437272 kB
Mem:          3.8G       773M       3.1G       5.7M        55M       319M

MemTotal:        4016004 kB
MemFree:         3223688 kB
Active:           437280 kB
Mem:          3.8G       773M       3.1G       5.7M        55M       319M

MemTotal:        4016004 kB
MemFree:         3223564 kB
Active:           437280 kB
Mem:          3.8G       773M       3.1G       5.7M        55M       319M

MemTotal:        4016004 kB
MemFree:         3223564 kB
Active:           437280 kB
Mem:          3.8G       773M       3.1G       5.7M        55M       319M

MemTotal:        4016004 kB
MemFree:         3223812 kB
Active:           437276 kB
Mem:          3.8G       773M       3.1G       5.7M        55M       319M

MemTotal:        4016004 kB
MemFree:         3223812 kB
Active:           437280 kB
Mem:          3.8G       773M       3.1G       5.7M        55M       319M

MemTotal:        4016004 kB
MemFree:         3223628 kB
Active:           437288 kB
Mem:          3.8G       773M       3.1G       5.7M        55M       319M

MemTotal:        4016004 kB
MemFree:         3223752 kB
Active:           437264 kB
Mem:          3.8G       773M       3.1G       5.7M        55M       319M

MemTotal:        4016004 kB
MemFree:         3223876 kB
Active:           437260 kB
Mem:          3.8G       773M       3.1G       5.7M        55M       319M

MemTotal:        4016004 kB
MemFree:         3223364 kB
Active:           437288 kB
Mem:          3.8G       773M       3.1G       5.7M        55M       319M

MemTotal:        4016004 kB
MemFree:         3223860 kB
Active:           437280 kB
Mem:          3.8G       773M       3.1G       5.7M        55M       319M

MemTotal:        4016004 kB
MemFree:         3223860 kB
Active:           437244 kB
Mem:          3.8G       773M       3.1G       5.7M        55M       319M

MemTotal:        4016004 kB
MemFree:         3224356 kB
Active:           437272 kB
Mem:          3.8G       773M       3.1G       5.7M        55M       319M

MemTotal:        4016004 kB
MemFree:         3224016 kB
Active:           437304 kB
Mem:          3.8G       773M       3.1G       5.7M        55M       319M

MemTotal:        4016004 kB
MemFree:         3224264 kB
Active:           437248 kB
Mem:          3.8G       773M       3.1G       5.7M        55M       319M

MemTotal:        4016004 kB
MemFree:         3223572 kB
Active:           435304 kB
Mem:          3.8G       773M       3.1G       5.7M        55M       319M

MemTotal:        4016004 kB
MemFree:         3223580 kB
Active:           437316 kB
Mem:          3.8G       773M       3.1G       5.7M        55M       319M

MemTotal:        4016004 kB
MemFree:         3223316 kB
Active:           437324 kB
Mem:          3.8G       773M       3.1G       5.7M        55M       319M

MemTotal:        4016004 kB
MemFree:         3223672 kB
Active:           437280 kB
Mem:          3.8G       773M       3.1G       5.7M        55M       319M

MemTotal:        4016004 kB
MemFree:         3223672 kB
Active:           437328 kB
Mem:          3.8G       773M       3.1G       5.7M        55M       319M

MemTotal:        4016004 kB
MemFree:         3223920 kB
Active:           437308 kB
Mem:          3.8G       773M       3.1G       5.7M        55M       319M

MemTotal:        4016004 kB
MemFree:         3224044 kB
Active:           437320 kB
Mem:          3.8G       773M       3.1G       5.7M        55M       319M

MemTotal:        4016004 kB
MemFree:         3223936 kB
Active:           437292 kB
Mem:          3.8G       773M       3.1G       5.7M        55M       319M

MemTotal:        4016004 kB
MemFree:         3223936 kB
Active:           437276 kB
Mem:          3.8G       773M       3.1G       5.7M        55M       319M

MemTotal:        4016004 kB
MemFree:         3223812 kB
Active:           437300 kB
Mem:          3.8G       773M       3.1G       5.7M        55M       319M

MemTotal:        4016004 kB
MemFree:         3223880 kB
Active:           435436 kB
Mem:          3.8G       773M       3.1G       5.7M        55M       319M

MemTotal:        4016004 kB
MemFree:         3223608 kB
Active:           437340 kB
Mem:          3.8G       773M       3.1G       5.7M        55M       319M

MemTotal:        4016004 kB
MemFree:         3223484 kB
Active:           437284 kB
Mem:          3.8G       774M       3.1G       5.7M        55M       319M

MemTotal:        4016004 kB
MemFree:         3223608 kB
Active:           437332 kB
Mem:          3.8G       773M       3.1G       5.7M        55M       319M

MemTotal:        4016004 kB
MemFree:         3223048 kB
Active:           437620 kB
Mem:          3.8G       774M       3.1G       5.7M        55M       319M

MemTotal:        4016004 kB
MemFree:         3180820 kB
Active:           438496 kB
Mem:          3.8G       815M       3.0G       5.7M        55M       360M

MemTotal:        4016004 kB
MemFree:         3133960 kB
Active:           438528 kB
Mem:          3.8G       861M       3.0G       5.7M        55M       405M

MemTotal:        4016004 kB
MemFree:         3090324 kB
Active:           438520 kB
Mem:          3.8G       904M       2.9G       5.7M        55M       447M

MemTotal:        4016004 kB
MemFree:         3043868 kB
Active:           438580 kB
Mem:          3.8G       949M       2.9G       5.7M        55M       492M

MemTotal:        4016004 kB
MemFree:         2998852 kB
Active:           438604 kB
Mem:          3.8G       993M       2.9G       5.7M        55M       534M

MemTotal:        4016004 kB
MemFree:         2953444 kB
Active:           438776 kB
Mem:          3.8G       1.0G       2.8G       5.7M        55M       578M

MemTotal:        4016004 kB
MemFree:         2908284 kB
Active:           438760 kB
Mem:          3.8G       1.1G       2.8G       5.7M        55M       621M

MemTotal:        4016004 kB
MemFree:         2862232 kB
Active:           438788 kB
Mem:          3.8G       1.1G       2.7G       5.7M        55M       666M

MemTotal:        4016004 kB
MemFree:         2816860 kB
Active:           438808 kB
Mem:          3.8G       1.1G       2.7G       5.7M        55M       709M

MemTotal:        4016004 kB
MemFree:         2771564 kB
Active:           438808 kB
Mem:          3.8G       1.2G       2.6G       5.7M        55M       753M

MemTotal:        4016004 kB
MemFree:         2726952 kB
Active:           438852 kB
Mem:          3.8G       1.2G       2.6G       5.7M        55M       796M

MemTotal:        4016004 kB
MemFree:         2680728 kB
Active:           438852 kB
Mem:          3.8G       1.3G       2.6G       5.7M        55M       840M

MemTotal:        4016004 kB
MemFree:         2636720 kB
Active:           438908 kB
Mem:          3.8G       1.3G       2.5G       5.7M        56M       883M

MemTotal:        4016004 kB
MemFree:         2591108 kB
Active:           438928 kB
Mem:          3.8G       1.4G       2.5G       5.7M        56M       927M

MemTotal:        4016004 kB
MemFree:         2545404 kB
Active:           438932 kB
Mem:          3.8G       1.4G       2.4G       5.7M        56M       970M

MemTotal:        4016004 kB
MemFree:         2500784 kB
Active:           439012 kB
Mem:          3.8G       1.4G       2.4G       5.7M        56M       1.0G

MemTotal:        4016004 kB
MemFree:         2454796 kB
Active:           439004 kB
Mem:          3.8G       1.5G       2.3G       5.7M        56M       1.0G

MemTotal:        4016004 kB
MemFree:         2408572 kB
Active:           439040 kB
Mem:          3.8G       1.5G       2.3G       5.7M        56M       1.1G

MemTotal:        4016004 kB
MemFree:         2363936 kB
Active:           439080 kB
Mem:          3.8G       1.6G       2.3G       5.7M        56M       1.1G

MemTotal:        4016004 kB
MemFree:         2318520 kB
Active:           439112 kB
Mem:          3.8G       1.6G       2.2G       5.7M        56M       1.2G

MemTotal:        4016004 kB
MemFree:         2272444 kB
Active:           439108 kB
Mem:          3.8G       1.7G       2.2G       5.7M        56M       1.2G

MemTotal:        4016004 kB
MemFree:         2227836 kB
Active:           439160 kB
Mem:          3.8G       1.7G       2.1G       5.7M        56M       1.2G

MemTotal:        4016004 kB
MemFree:         2182464 kB
Active:           439184 kB
Mem:          3.8G       1.7G       2.1G       5.7M        56M       1.3G

MemTotal:        4016004 kB
MemFree:         2137584 kB
Active:           439208 kB
Mem:          3.8G       1.8G       2.0G       5.7M        56M       1.3G

MemTotal:        4016004 kB
MemFree:         2091236 kB
Active:           439232 kB
Mem:          3.8G       1.8G       2.0G       5.7M        56M       1.4G

MemTotal:        4016004 kB
MemFree:         2046608 kB
Active:           439256 kB
Mem:          3.8G       1.9G       2.0G       5.7M        56M       1.4G

MemTotal:        4016004 kB
MemFree:         2001680 kB
Active:           439300 kB
Mem:          3.8G       1.9G       1.9G       5.7M        56M       1.5G

MemTotal:        4016004 kB
MemFree:         1955356 kB
Active:           439324 kB
Mem:          3.8G       2.0G       1.9G       5.7M        56M       1.5G

MemTotal:        4016004 kB
MemFree:         1911088 kB
Active:           439300 kB
Mem:          3.8G       2.0G       1.8G       5.7M        56M       1.5G

MemTotal:        4016004 kB
MemFree:         1865084 kB
Active:           439352 kB
Mem:          3.8G       2.1G       1.8G       5.7M        56M       1.6G

MemTotal:        4016004 kB
MemFree:         1820312 kB
Active:           439396 kB
Mem:          3.8G       2.1G       1.7G       5.7M        56M       1.6G

MemTotal:        4016004 kB
MemFree:         1813212 kB
Active:           439400 kB
Mem:          3.8G       2.1G       1.7G       5.7M        56M       1.6G

MemTotal:        4016004 kB
MemFree:         1766388 kB
Active:           439440 kB
Mem:          3.8G       2.1G       1.7G       5.7M        56M       1.7G

MemTotal:        4016004 kB
MemFree:         1721376 kB
Active:           439460 kB
Mem:          3.8G       2.2G       1.6G       5.7M        56M       1.7G

MemTotal:        4016004 kB
MemFree:         1674728 kB
Active:           439492 kB
Mem:          3.8G       2.2G       1.6G       5.7M        56M       1.8G

MemTotal:        4016004 kB
MemFree:         1631712 kB
Active:           439516 kB
Mem:          3.8G       2.3G       1.6G       5.7M        56M       1.8G

MemTotal:        4016004 kB
MemFree:         1585596 kB
Active:           439540 kB
Mem:          3.8G       2.3G       1.5G       5.7M        56M       1.8G

MemTotal:        4016004 kB
MemFree:         1540116 kB
Active:           439572 kB
Mem:          3.8G       2.4G       1.5G       5.7M        56M       1.9G

MemTotal:        4016004 kB
MemFree:         1494744 kB
Active:           439592 kB
Mem:          3.8G       2.4G       1.4G       5.7M        56M       1.9G

MemTotal:        4016004 kB
MemFree:         1450628 kB
Active:           439592 kB
Mem:          3.8G       2.4G       1.4G       5.7M        56M       2.0G

MemTotal:        4016004 kB
MemFree:         1404348 kB
Active:           439644 kB
Mem:          3.8G       2.5G       1.3G       5.7M        56M       2.0G

MemTotal:        4016004 kB
MemFree:         1359280 kB
Active:           439676 kB
Mem:          3.8G       2.5G       1.3G       5.7M        56M       2.1G

MemTotal:        4016004 kB
MemFree:         1313272 kB
Active:           439648 kB
Mem:          3.8G       2.6G       1.3G       5.7M        56M       2.1G

MemTotal:        4016004 kB
MemFree:         1268912 kB
Active:           439724 kB
Mem:          3.8G       2.6G       1.2G       5.7M        56M       2.1G

MemTotal:        4016004 kB
MemFree:         1223108 kB
Active:           442020 kB
Mem:          3.8G       2.7G       1.2G       5.7M        58M       2.2G

MemTotal:        4016004 kB
MemFree:         1179612 kB
Active:           443288 kB
Mem:          3.8G       2.7G       1.1G       5.7M        59M       2.2G

MemTotal:        4016004 kB
MemFree:         1136348 kB
Active:           445040 kB
Mem:          3.8G       2.7G       1.1G       5.7M        61M       2.3G

MemTotal:        4016004 kB
MemFree:         1133848 kB
Active:           447316 kB
Mem:          3.8G       2.7G       1.1G       5.7M        63M       2.3G

MemTotal:        4016004 kB
MemFree:         1133424 kB
Active:           447016 kB
Mem:          3.8G       2.7G       1.1G       5.7M        63M       2.3G

MemTotal:        4016004 kB
MemFree:         1133856 kB
Active:           446988 kB
Mem:          3.8G       2.7G       1.1G       5.7M        63M       2.3G

MemTotal:        4016004 kB
MemFree:         1105260 kB
Active:           446712 kB
Mem:          3.8G       2.8G       1.1G       5.7M        63M       2.3G

MemTotal:        4016004 kB
MemFree:         1058852 kB
Active:           446644 kB
Mem:          3.8G       2.8G       1.0G       5.7M        63M       2.3G

MemTotal:        4016004 kB
MemFree:         1011636 kB
Active:           446644 kB
Mem:          3.8G       2.9G       987M       5.7M        63M       2.4G

MemTotal:        4016004 kB
MemFree:          964172 kB
Active:           446648 kB
Mem:          3.8G       2.9G       941M       5.7M        63M       2.4G

MemTotal:        4016004 kB
MemFree:          918312 kB
Active:           446660 kB
Mem:          3.8G       3.0G       896M       5.7M        63M       2.5G

MemTotal:        4016004 kB
MemFree:          871964 kB
Active:           446620 kB
Mem:          3.8G       3.0G       851M       5.7M        63M       2.5G

MemTotal:        4016004 kB
MemFree:          824980 kB
Active:           446644 kB
Mem:          3.8G       3.0G       805M       5.7M        63M       2.6G

MemTotal:        4016004 kB
MemFree:          780108 kB
Active:           446660 kB
Mem:          3.8G       3.1G       761M       5.7M        63M       2.6G

MemTotal:        4016004 kB
MemFree:          747076 kB
Active:           446664 kB
Mem:          3.8G       3.1G       729M       5.7M        63M       2.6G

MemTotal:        4016004 kB
MemFree:          709892 kB
Active:           446680 kB
Mem:          3.8G       3.2G       692M       5.7M        63M       2.7G

MemTotal:        4016004 kB
MemFree:          663664 kB
Active:           446680 kB
Mem:          3.8G       3.2G       647M       5.7M        63M       2.7G

MemTotal:        4016004 kB
MemFree:          616596 kB
Active:           446692 kB
Mem:          3.8G       3.2G       601M       5.7M        63M       2.8G

MemTotal:        4016004 kB
MemFree:          568768 kB
Active:           446692 kB
Mem:          3.8G       3.3G       554M       5.7M        63M       2.8G

MemTotal:        4016004 kB
MemFree:          538700 kB
Active:           446688 kB
Mem:          3.8G       3.3G       525M       5.7M        63M       2.8G

MemTotal:        4016004 kB
MemFree:          538364 kB
Active:           446696 kB
Mem:          3.8G       3.3G       525M       5.7M        63M       2.8G

MemTotal:        4016004 kB
MemFree:          502020 kB
Active:           446752 kB
Mem:          3.8G       3.4G       489M       5.7M        63M       2.9G

MemTotal:        4016004 kB
MemFree:          455472 kB
Active:           446708 kB
Mem:          3.8G       3.4G       444M       5.7M        63M       2.9G

MemTotal:        4016004 kB
MemFree:          409124 kB
Active:           446696 kB
Mem:          3.8G       3.4G       399M       5.7M        63M       2.9G

MemTotal:        4016004 kB
MemFree:          361908 kB
Active:           446684 kB
Mem:          3.8G       3.5G       352M       5.7M        63M       3.0G

MemTotal:        4016004 kB
MemFree:          315932 kB
Active:           446668 kB
Mem:          3.8G       3.5G       308M       5.7M        63M       3.0G

MemTotal:        4016004 kB
MemFree:          268452 kB
Active:           446716 kB
Mem:          3.8G       3.6G       261M       5.7M        63M       3.1G

MemTotal:        4016004 kB
MemFree:          222644 kB
Active:           446720 kB
Mem:          3.8G       3.6G       216M       5.7M        63M       3.1G

MemTotal:        4016004 kB
MemFree:          175796 kB
Active:           446728 kB
Mem:          3.8G       3.7G       171M       5.7M        63M       3.2G

MemTotal:        4016004 kB
MemFree:          144884 kB
Active:           446736 kB
Mem:          3.8G       3.7G       141M       5.7M        63M       3.2G

MemTotal:        4016004 kB
MemFree:          144700 kB
Active:           446716 kB
Mem:          3.8G       3.7G       141M       5.7M        63M       3.2G

MemTotal:        4016004 kB
MemFree:          133104 kB
Active:           446836 kB
Mem:          3.8G       3.7G       129M       5.7M        63M       3.2G

MemTotal:        4016004 kB
MemFree:          139836 kB
Active:           453248 kB
Mem:          3.8G       3.7G       116M       5.7M        28M       3.3G

MemTotal:        4016004 kB
MemFree:          139148 kB
Active:           461640 kB
Mem:          3.8G       3.7G       134M       5.7M        28M       3.2G

MemTotal:        4016004 kB
MemFree:          146024 kB
Active:           505964 kB
Mem:          3.8G       3.7G       141M       5.7M        28M       3.2G

MemTotal:        4016004 kB
MemFree:          135424 kB
Active:           502440 kB
Mem:          3.8G       3.7G       131M       5.7M        28M       3.2G

MemTotal:        4016004 kB
MemFree:          124868 kB
Active:           498988 kB
Mem:          3.8G       3.7G       121M       5.7M        28M       3.2G

MemTotal:        4016004 kB
MemFree:          128056 kB
Active:           493488 kB
Mem:          3.8G       3.7G       125M       5.7M        28M       3.2G

MemTotal:        4016004 kB
MemFree:          135064 kB
Active:           488624 kB
Mem:          3.8G       3.7G       131M       5.7M        28M       3.2G

MemTotal:        4016004 kB
MemFree:          130764 kB
Active:           485428 kB
Mem:          3.8G       3.7G       127M       5.7M        28M       3.2G

MemTotal:        4016004 kB
MemFree:          105828 kB
Active:           485396 kB
Mem:          3.8G       3.7G       102M       5.7M        28M       3.3G

MemTotal:        4016004 kB
MemFree:          124548 kB
Active:           481072 kB
Mem:          3.8G       3.7G       121M       5.7M        28M       3.2G

MemTotal:        4016004 kB
MemFree:          125140 kB
Active:           475148 kB
Mem:          3.8G       3.7G       122M       5.7M        28M       3.2G

MemTotal:        4016004 kB
MemFree:          120076 kB
Active:           468560 kB
Mem:          3.8G       3.7G       117M       5.7M        28M       3.2G

MemTotal:        4016004 kB
MemFree:          126104 kB
Active:           463824 kB
Mem:          3.8G       3.7G       122M       5.7M        28M       3.2G

MemTotal:        4016004 kB
MemFree:          112660 kB
Active:           463700 kB
Mem:          3.8G       3.7G       109M       5.7M        28M       3.3G

MemTotal:        4016004 kB
MemFree:          115252 kB
Active:           458960 kB
Mem:          3.8G       3.7G       112M       5.7M        28M       3.3G

MemTotal:        4016004 kB
MemFree:          128592 kB
Active:           457172 kB
Mem:          3.8G       3.7G       125M       5.7M        28M       3.2G

MemTotal:        4016004 kB
MemFree:          119336 kB
Active:           456020 kB
Mem:          3.8G       3.7G       116M       5.7M        28M       3.3G

MemTotal:        4016004 kB
MemFree:          108512 kB
Active:           454740 kB
Mem:          3.8G       3.7G       105M       5.7M        28M       3.3G

MemTotal:        4016004 kB
MemFree:          105852 kB
Active:           452952 kB
Mem:          3.8G       3.7G       103M       5.7M        28M       3.3G

MemTotal:        4016004 kB
MemFree:          126448 kB
Active:           448752 kB
Mem:          3.8G       3.7G       123M       5.7M        28M       3.2G

MemTotal:        4016004 kB
MemFree:          133876 kB
Active:           446832 kB
Mem:          3.8G       3.7G       130M       5.7M        28M       3.2G

MemTotal:        4016004 kB
MemFree:          140412 kB
Active:           442832 kB
Mem:          3.8G       3.7G       137M       5.7M        28M       3.2G

MemTotal:        4016004 kB
MemFree:          130728 kB
Active:           441692 kB
Mem:          3.8G       3.7G       127M       5.7M        28M       3.2G

MemTotal:        4016004 kB
MemFree:          119048 kB
Active:           440552 kB
Mem:          3.8G       3.7G       116M       5.7M        28M       3.2G

MemTotal:        4016004 kB
MemFree:          124288 kB
Active:           438632 kB
Mem:          3.8G       3.7G       120M       5.7M        28M       3.2G

MemTotal:        4016004 kB
MemFree:          126252 kB
Active:           436968 kB
Mem:          3.8G       3.7G       122M       5.7M        28M       3.2G

MemTotal:        4016004 kB
MemFree:          129752 kB
Active:           435048 kB
Mem:          3.8G       3.7G       126M       5.7M        28M       3.2G

MemTotal:        4016004 kB
MemFree:          138396 kB
Active:           433400 kB
Mem:          3.8G       3.7G       135M       5.7M        28M       3.2G

MemTotal:        4016004 kB
MemFree:          138496 kB
Active:           433284 kB
Mem:          3.8G       3.7G       134M       5.7M        28M       3.2G

MemTotal:        4016004 kB
MemFree:          138376 kB
Active:           433248 kB
Mem:          3.8G       3.7G       132M       5.7M        28M       3.2G

MemTotal:        4016004 kB
MemFree:          126268 kB
Active:           433568 kB
Mem:          3.8G       3.7G       123M       5.7M        28M       3.2G

MemTotal:        4016004 kB
MemFree:          110320 kB
Active:           432276 kB
Mem:          3.8G       3.7G       107M       5.7M        28M       3.3G

MemTotal:        4016004 kB
MemFree:          129764 kB
Active:           430104 kB
Mem:          3.8G       3.7G       126M       5.7M        28M       3.2G

MemTotal:        4016004 kB
MemFree:          119948 kB
Active:           429080 kB
Mem:          3.8G       3.7G       116M       5.7M        28M       3.2G

MemTotal:        4016004 kB
MemFree:          123388 kB
Active:           427168 kB
Mem:          3.8G       3.7G       120M       5.7M        28M       3.2G

MemTotal:        4016004 kB
MemFree:          125836 kB
Active:           425504 kB
Mem:          3.8G       3.7G       122M       5.7M        28M       3.2G

MemTotal:        4016004 kB
MemFree:          133816 kB
Active:           421460 kB
Mem:          3.8G       3.7G       130M       5.7M        28M       3.2G

MemTotal:        4016004 kB
MemFree:          123244 kB
Active:           420308 kB
Mem:          3.8G       3.7G       119M       5.7M        28M       3.2G

MemTotal:        4016004 kB
MemFree:          109428 kB
Active:           420184 kB
Mem:          3.8G       3.7G       106M       5.7M        28M       3.3G

MemTotal:        4016004 kB
MemFree:          108228 kB
Active:           418168 kB
Mem:          3.8G       3.7G       105M       5.7M        28M       3.3G

MemTotal:        4016004 kB
MemFree:          114820 kB
Active:           418544 kB
Mem:          3.8G       3.7G       111M       5.7M        28M       3.3G

MemTotal:        4016004 kB
MemFree:          135828 kB
Active:           414452 kB
Mem:          3.8G       3.7G       132M       5.7M        28M       3.2G

MemTotal:        4016004 kB
MemFree:          124084 kB
Active:           413304 kB
Mem:          3.8G       3.7G       120M       5.7M        28M       3.2G

MemTotal:        4016004 kB
MemFree:          125956 kB
Active:           411384 kB
Mem:          3.8G       3.7G       122M       5.7M        28M       3.2G

MemTotal:        4016004 kB
MemFree:          110340 kB
Active:           410116 kB
Mem:          3.8G       3.7G       107M       5.7M        28M       3.3G

MemTotal:        4016004 kB
MemFree:          128440 kB
Active:           408076 kB
Mem:          3.8G       3.7G       125M       5.7M        28M       3.2G

MemTotal:        4016004 kB
MemFree:          106860 kB
Active:           407444 kB
Mem:          3.8G       3.7G       104M       5.7M        28M       3.3G

MemTotal:        4016004 kB
MemFree:          131856 kB
Active:           405140 kB
Mem:          3.8G       3.7G       128M       5.7M        28M       3.2G

MemTotal:        4016004 kB
MemFree:          130760 kB
Active:           403988 kB
Mem:          3.8G       3.7G       126M       5.7M        28M       3.2G

MemTotal:        4016004 kB
MemFree:          113128 kB
Active:           403944 kB
Mem:          3.8G       3.7G       109M       5.7M        28M       3.3G

MemTotal:        4016004 kB
MemFree:          127204 kB
Active:           402332 kB
Mem:          3.8G       3.7G       123M       5.7M        28M       3.2G

MemTotal:        4016004 kB
MemFree:          110176 kB
Active:           401188 kB
Mem:          3.8G       3.7G       107M       5.7M        28M       3.3G

MemTotal:        4016004 kB
MemFree:          123728 kB
Active:           399268 kB
Mem:          3.8G       3.7G       120M       5.7M        28M       3.2G

MemTotal:        4016004 kB
MemFree:          127680 kB
Active:           395900 kB
Mem:          3.8G       3.7G       123M       5.7M        28M       3.2G

MemTotal:        4016004 kB
MemFree:          105412 kB
Active:           395144 kB
Mem:          3.8G       3.7G       102M       5.7M        28M       3.3G

MemTotal:        4016004 kB
MemFree:          132724 kB
Active:           392980 kB
Mem:          3.8G       3.7G       128M       5.7M        28M       3.2G

MemTotal:        4016004 kB
MemFree:          135684 kB
Active:           391316 kB
Mem:          3.8G       3.7G       132M       5.7M        28M       3.2G

MemTotal:        4016004 kB
MemFree:          126896 kB
Active:           389996 kB
Mem:          3.8G       3.7G       123M       5.7M        28M       3.2G

MemTotal:        4016004 kB
MemFree:          131828 kB
Active:           389016 kB
Mem:          3.8G       3.7G       127M       5.7M        28M       3.2G

MemTotal:        4016004 kB
MemFree:          128044 kB
Active:           389092 kB
Mem:          3.8G       3.7G       124M       5.7M        28M       3.2G

MemTotal:        4016004 kB
MemFree:          105636 kB
Active:           388400 kB
Mem:          3.8G       3.7G       102M       5.7M        28M       3.3G

MemTotal:        4016004 kB
MemFree:          125636 kB
Active:           386096 kB
Mem:          3.8G       3.7G       123M       5.7M        28M       3.2G

MemTotal:        4016004 kB
MemFree:          128936 kB
Active:           384816 kB
Mem:          3.8G       3.7G       125M       5.7M        28M       3.2G

MemTotal:        4016004 kB
MemFree:          123508 kB
Active:           383536 kB
Mem:          3.8G       3.7G       120M       5.7M        28M       3.2G

MemTotal:        4016004 kB
MemFree:          125912 kB
Active:           383408 kB
Mem:          3.8G       3.7G       122M       5.7M        28M       3.2G

MemTotal:        4016004 kB
MemFree:          123196 kB
Active:           383416 kB
Mem:          3.8G       3.7G       119M       5.7M        28M       3.2G

MemTotal:        4016004 kB
MemFree:          136128 kB
Active:           383416 kB
Mem:          3.8G       3.7G       132M       5.7M        28M       3.2G

MemTotal:        4016004 kB
MemFree:          127128 kB
Active:           383420 kB
Mem:          3.8G       3.7G       123M       5.7M        28M       3.2G

MemTotal:        4016004 kB
MemFree:          127572 kB
Active:           383264 kB
Mem:          3.8G       3.7G       124M       5.7M        28M       3.2G

MemTotal:        4016004 kB
MemFree:          114116 kB
Active:           380632 kB
Mem:          3.8G       3.7G       110M       5.7M        28M       3.3G

MemTotal:        4016004 kB
MemFree:          134872 kB
Active:           380532 kB
Mem:          3.8G       3.7G       131M       5.7M        28M       3.2G

MemTotal:        4016004 kB
MemFree:          122308 kB
Active:           380536 kB
Mem:          3.8G       3.7G       119M       5.7M        28M       3.2G

MemTotal:        4016004 kB
MemFree:          131632 kB
Active:           380552 kB
Mem:          3.8G       3.7G       127M       5.7M        28M       3.2G

MemTotal:        4016004 kB
MemFree:          120460 kB
Active:           380512 kB
Mem:          3.8G       3.7G       117M       5.7M        28M       3.2G

MemTotal:        4016004 kB
MemFree:          125528 kB
Active:           380560 kB
Mem:          3.8G       3.7G       122M       5.7M        28M       3.2G

MemTotal:        4016004 kB
MemFree:          117352 kB
Active:           380528 kB
Mem:          3.8G       3.7G       114M       5.7M        28M       3.2G

MemTotal:        4016004 kB
MemFree:          107604 kB
Active:           380576 kB
Mem:          3.8G       3.7G       105M       5.7M        28M       3.3G

MemTotal:        4016004 kB
MemFree:          128512 kB
Active:           380576 kB
Mem:          3.8G       3.7G       124M       5.7M        28M       3.2G

MemTotal:        4016004 kB
MemFree:          125068 kB
Active:           380492 kB
Mem:          3.8G       3.7G       121M       5.7M        28M       3.2G

MemTotal:        4016004 kB
MemFree:          115284 kB
Active:           380448 kB
Mem:          3.8G       3.7G       111M       5.7M        28M       3.3G

MemTotal:        4016004 kB
MemFree:          134544 kB
Active:           380504 kB
Mem:          3.8G       3.7G       130M       5.7M        28M       3.2G

MemTotal:        4016004 kB
MemFree:          122428 kB
Active:           380488 kB
Mem:          3.8G       3.7G       119M       5.7M        28M       3.2G

MemTotal:        4016004 kB
MemFree:          125464 kB
Active:           380472 kB
Mem:          3.8G       3.7G       122M       5.7M        28M       3.2G

MemTotal:        4016004 kB
MemFree:          114152 kB
Active:           380472 kB
Mem:          3.8G       3.7G       111M       5.7M        28M       3.3G

MemTotal:        4016004 kB
MemFree:          105476 kB
Active:           380176 kB
Mem:          3.8G       3.7G       102M       5.7M        28M       3.3G

MemTotal:        4016004 kB
MemFree:          125880 kB
Active:           379912 kB
Mem:          3.8G       3.7G       122M       5.7M        28M       3.2G

MemTotal:        4016004 kB
MemFree:          114844 kB
Active:           379928 kB
Mem:          3.8G       3.7G       111M       5.7M        28M       3.3G

MemTotal:        4016004 kB
MemFree:          105788 kB
Active:           379928 kB
Mem:          3.8G       3.7G       102M       5.7M        28M       3.3G

MemTotal:        4016004 kB
MemFree:          104928 kB
Active:           379928 kB
Mem:          3.8G       3.7G       102M       5.7M        28M       3.3G

MemTotal:        4016004 kB
MemFree:          131704 kB
Active:           379928 kB
Mem:          3.8G       3.7G       128M       5.7M        28M       3.2G

MemTotal:        4016004 kB
MemFree:          133352 kB
Active:           378856 kB
Mem:          3.8G       3.7G       129M       5.7M        28M       3.2G

MemTotal:        4016004 kB
MemFree:          129024 kB
Active:           378856 kB
Mem:          3.8G       3.7G       125M       5.7M        28M       3.2G

MemTotal:        4016004 kB
MemFree:          106648 kB
Active:           378856 kB
Mem:          3.8G       3.7G       103M       5.7M        28M       3.3G

MemTotal:        4016004 kB
MemFree:          132324 kB
Active:           378808 kB
Mem:          3.8G       3.7G       128M       5.7M        28M       3.2G

MemTotal:        4016004 kB
MemFree:          132836 kB
Active:           378864 kB
Mem:          3.8G       3.7G       129M       5.7M        28M       3.2G

MemTotal:        4016004 kB
MemFree:          124160 kB
Active:           378840 kB
Mem:          3.8G       3.7G       120M       5.7M        28M       3.2G

MemTotal:        4016004 kB
MemFree:          108704 kB
Active:           378860 kB
Mem:          3.8G       3.7G       105M       5.7M        28M       3.3G

MemTotal:        4016004 kB
MemFree:          123624 kB
Active:           376660 kB
Mem:          3.8G       3.7G       120M       5.7M        28M       3.2G

MemTotal:        4016004 kB
MemFree:          111784 kB
Active:           376476 kB
Mem:          3.8G       3.7G       109M       5.7M        28M       3.3G

MemTotal:        4016004 kB
MemFree:          126556 kB
Active:           376644 kB
Mem:          3.8G       3.7G       123M       5.7M        28M       3.2G

MemTotal:        4016004 kB
MemFree:          120028 kB
Active:           376476 kB
Mem:          3.8G       3.7G       116M       5.7M        28M       3.2G

MemTotal:        4016004 kB
MemFree:          126300 kB
Active:           376476 kB
Mem:          3.8G       3.7G       123M       5.7M        28M       3.2G

MemTotal:        4016004 kB
MemFree:          122548 kB
Active:           376480 kB
Mem:          3.8G       3.7G       119M       5.7M        28M       3.2G

MemTotal:        4016004 kB
MemFree:          135232 kB
Active:           376480 kB
Mem:          3.8G       3.7G       131M       5.7M        28M       3.2G

MemTotal:        4016004 kB
MemFree:          118444 kB
Active:           373836 kB
Mem:          3.8G       3.7G       115M       5.7M        28M       3.2G

MemTotal:        4016004 kB
MemFree:          109500 kB
Active:           373692 kB
Mem:          3.8G       3.7G       106M       5.7M        28M       3.3G

MemTotal:        4016004 kB
MemFree:          111880 kB
Active:           373708 kB
Mem:          3.8G       3.7G       109M       5.7M        28M       3.3G

MemTotal:        4016004 kB
MemFree:          115324 kB
Active:           373728 kB
Mem:          3.8G       3.7G       112M       5.7M        28M       3.2G

MemTotal:        4016004 kB
MemFree:          126676 kB
Active:           373696 kB
Mem:          3.8G       3.7G       123M       5.7M        28M       3.2G

MemTotal:        4016004 kB
MemFree:          104836 kB
Active:           373752 kB
Mem:          3.8G       3.7G       124M       5.7M        28M       3.2G

MemTotal:        4016004 kB
MemFree:          128324 kB
Active:           373724 kB
Mem:          3.8G       3.7G       124M       5.7M        28M       3.2G

MemTotal:        4016004 kB
MemFree:          121508 kB
Active:           373716 kB
Mem:          3.8G       3.7G       118M       5.7M        28M       3.2G

MemTotal:        4016004 kB
MemFree:          111028 kB
Active:           373764 kB
Mem:          3.8G       3.7G       108M       5.7M        28M       3.3G

MemTotal:        4016004 kB
MemFree:          130400 kB
Active:           373768 kB
Mem:          3.8G       3.7G       126M       5.7M        28M       3.2G

MemTotal:        4016004 kB
MemFree:          114540 kB
Active:           373712 kB
Mem:          3.8G       3.7G       111M       5.7M        28M       3.3G

MemTotal:        4016004 kB
MemFree:          130840 kB
Active:           370024 kB
Mem:          3.8G       3.7G       127M       5.7M        28M       3.2G

MemTotal:        4016004 kB
MemFree:          120504 kB
Active:           369972 kB
Mem:          3.8G       3.7G       117M       5.7M        28M       3.2G

MemTotal:        4016004 kB
MemFree:          112396 kB
Active:           369972 kB
Mem:          3.8G       3.7G       108M       5.7M        28M       3.3G

MemTotal:        4016004 kB
MemFree:          120152 kB
Active:           370084 kB
Mem:          3.8G       3.7G       116M       5.7M        28M       3.2G

MemTotal:        4016004 kB
MemFree:          107492 kB
Active:           370996 kB
Mem:          3.8G       3.7G       104M       5.7M        28M       3.3G

MemTotal:        4016004 kB
MemFree:          126084 kB
Active:           371176 kB
Mem:          3.8G       3.7G       122M       5.7M        28M       3.2G

MemTotal:        4016004 kB
MemFree:          115264 kB
Active:           371028 kB
Mem:          3.8G       3.7G       112M       5.7M        28M       3.2G

MemTotal:        4016004 kB
MemFree:          115700 kB
Active:           370964 kB
Mem:          3.8G       3.7G       112M       5.7M        28M       3.2G

MemTotal:        4016004 kB
MemFree:          105552 kB
Active:           370956 kB
Mem:          3.8G       3.7G       103M       5.7M        28M       3.3G

MemTotal:        4016004 kB
MemFree:          109456 kB
Active:           369312 kB
Mem:          3.8G       3.7G       106M       5.7M        28M       3.3G

MemTotal:        4016004 kB
MemFree:          113188 kB
Active:           369316 kB
Mem:          3.8G       3.7G       110M       5.7M        28M       3.2G

MemTotal:        4016004 kB
MemFree:          126112 kB
Active:           369320 kB
Mem:          3.8G       3.7G       122M       5.7M        28M       3.2G

MemTotal:        4016004 kB
MemFree:          122536 kB
Active:           369324 kB
Mem:          3.8G       3.7G       119M       5.7M        28M       3.2G

MemTotal:        4016004 kB
MemFree:          126112 kB
Active:           369268 kB
Mem:          3.8G       3.7G       123M       5.7M        28M       3.2G

MemTotal:        4016004 kB
MemFree:          109692 kB
Active:           369332 kB
Mem:          3.8G       3.7G       106M       5.7M        28M       3.3G

MemTotal:        4016004 kB
MemFree:          127080 kB
Active:           369300 kB
Mem:          3.8G       3.7G       123M       5.7M        28M       3.2G

MemTotal:        4016004 kB
MemFree:          112908 kB
Active:           369316 kB
Mem:          3.8G       3.7G       109M       5.7M        28M       3.2G

MemTotal:        4016004 kB
MemFree:          115908 kB
Active:           369444 kB
Mem:          3.8G       3.7G       113M       5.7M        28M       3.2G

MemTotal:        4016004 kB
MemFree:          142328 kB
Active:           363072 kB
Mem:          3.8G       3.7G       138M       5.7M        28M       3.2G

MemTotal:        4016004 kB
MemFree:          119736 kB
Active:           363072 kB
Mem:          3.8G       3.7G       116M       5.7M        28M       3.2G

MemTotal:        4016004 kB
MemFree:          123568 kB
Active:           363080 kB
Mem:          3.8G       3.7G       120M       5.7M        28M       3.2G

MemTotal:        4016004 kB
MemFree:          126432 kB
Active:           363088 kB
Mem:          3.8G       3.7G       122M       5.7M        28M       3.2G

MemTotal:        4016004 kB
MemFree:          121376 kB
Active:           363092 kB
Mem:          3.8G       3.7G       118M       5.7M        28M       3.2G

MemTotal:        4016004 kB
MemFree:          111096 kB
Active:           363092 kB
Mem:          3.8G       3.7G       108M       5.7M        28M       3.2G

MemTotal:        4016004 kB
MemFree:          123940 kB
Active:           364232 kB
Mem:          3.8G       3.7G       120M       5.7M        28M       3.2G

MemTotal:        4016004 kB
MemFree:          125324 kB
Active:           364232 kB
Mem:          3.8G       3.7G       122M       5.7M        28M       3.2G

MemTotal:        4016004 kB
MemFree:          120192 kB
Active:           364232 kB
Mem:          3.8G       3.7G       117M       5.7M        28M       3.2G

MemTotal:        4016004 kB
MemFree:          124840 kB
Active:           364108 kB
Mem:          3.8G       3.7G       121M       5.7M        28M       3.2G

MemTotal:        4016004 kB
MemFree:          120932 kB
Active:           364120 kB
Mem:          3.8G       3.7G       117M       5.7M        28M       3.2G

MemTotal:        4016004 kB
MemFree:          115488 kB
Active:           364132 kB
Mem:          3.8G       3.7G       112M       5.7M        28M       3.2G

MemTotal:        4016004 kB
MemFree:          115212 kB
Active:           364124 kB
Mem:          3.8G       3.7G       112M       5.7M        28M       3.2G

MemTotal:        4016004 kB
MemFree:          114472 kB
Active:           364136 kB
Mem:          3.8G       3.7G       111M       5.7M        28M       3.2G

MemTotal:        4016004 kB
MemFree:          106120 kB
Active:           364140 kB
Mem:          3.8G       3.7G       103M       5.7M        28M       3.3G

MemTotal:        4016004 kB
MemFree:          133028 kB
Active:           363056 kB
Mem:          3.8G       3.7G       129M       5.7M        28M       3.2G

MemTotal:        4016004 kB
MemFree:          136404 kB
Active:           363064 kB
Mem:          3.8G       3.7G       132M       5.7M        28M       3.2G

MemTotal:        4016004 kB
MemFree:          126992 kB
Active:           363064 kB
Mem:          3.8G       3.7G       123M       5.7M        28M       3.2G

MemTotal:        4016004 kB
MemFree:          134568 kB
Active:           363064 kB
Mem:          3.8G       3.7G       130M       5.7M        28M       3.2G

MemTotal:        4016004 kB
MemFree:          124428 kB
Active:           363068 kB
Mem:          3.8G       3.7G       121M       5.7M        28M       3.2G

MemTotal:        4016004 kB
MemFree:          108700 kB
Active:           363072 kB
Mem:          3.8G       3.7G       118M       5.7M        28M       3.2G

MemTotal:        4016004 kB
MemFree:          124592 kB
Active:           363080 kB
Mem:          3.8G       3.7G       121M       5.7M        28M       3.2G

MemTotal:        4016004 kB
MemFree:          125676 kB
Active:           363080 kB
Mem:          3.8G       3.7G       122M       5.7M        28M       3.2G

MemTotal:        4016004 kB
MemFree:          122372 kB
Active:           363084 kB
Mem:          3.8G       3.7G       118M       5.7M        28M       3.2G

MemTotal:        4016004 kB
MemFree:          123532 kB
Active:           363084 kB
Mem:          3.8G       3.7G       120M       5.7M        28M       3.2G

MemTotal:        4016004 kB
MemFree:          104960 kB
Active:           360980 kB
Mem:          3.8G       3.7G       102M       5.7M        28M       3.3G

MemTotal:        4016004 kB
MemFree:          106664 kB
Active:           360880 kB
Mem:          3.8G       3.7G       103M       5.7M        28M       3.3G

MemTotal:        4016004 kB
MemFree:          115216 kB
Active:           360884 kB
Mem:          3.8G       3.7G       112M       5.7M        28M       3.2G

MemTotal:        4016004 kB
MemFree:          113372 kB
Active:           360896 kB
Mem:          3.8G       3.7G       110M       5.7M        28M       3.2G

MemTotal:        4016004 kB
MemFree:          112408 kB
Active:           360912 kB
Mem:          3.8G       3.7G       109M       5.7M        28M       3.2G

MemTotal:        4016004 kB
MemFree:          125972 kB
Active:           360912 kB
Mem:          3.8G       3.7G       122M       5.7M        28M       3.2G

MemTotal:        4016004 kB
MemFree:          126732 kB
Active:           360920 kB
Mem:          3.8G       3.7G       123M       5.7M        28M       3.2G

MemTotal:        4016004 kB
MemFree:          116716 kB
Active:           360924 kB
Mem:          3.8G       3.7G       114M       5.7M        28M       3.2G

MemTotal:        4016004 kB
MemFree:          106328 kB
Active:           360924 kB
Mem:          3.8G       3.7G       103M       5.7M        28M       3.2G

MemTotal:        4016004 kB
MemFree:          108076 kB
Active:           360928 kB
Mem:          3.8G       3.7G       104M       5.7M        28M       3.2G

MemTotal:        4016004 kB
MemFree:          134144 kB
Active:           360936 kB
Mem:          3.8G       3.7G       130M       5.7M        28M       3.2G

MemTotal:        4016004 kB
MemFree:          131180 kB
Active:           360948 kB
Mem:          3.8G       3.7G       127M       5.7M        28M       3.2G

MemTotal:        4016004 kB
MemFree:          132388 kB
Active:           357724 kB
Mem:          3.8G       3.7G       129M       5.7M        28M       3.2G

MemTotal:        4016004 kB
MemFree:          122748 kB
Active:           357724 kB
Mem:          3.8G       3.7G       119M       5.7M        28M       3.2G

MemTotal:        4016004 kB
MemFree:          135068 kB
Active:           357728 kB
Mem:          3.8G       3.7G       131M       5.7M        28M       3.2G

MemTotal:        4016004 kB
MemFree:          124432 kB
Active:           357736 kB
Mem:          3.8G       3.7G       121M       5.7M        28M       3.2G

MemTotal:        4016004 kB
MemFree:          112640 kB
Active:           357736 kB
Mem:          3.8G       3.7G       110M       5.7M        28M       3.2G

MemTotal:        4016004 kB
MemFree:          112992 kB
Active:           357720 kB
Mem:          3.8G       3.7G       109M       5.7M        28M       3.2G

MemTotal:        4016004 kB
MemFree:          107216 kB
Active:           357740 kB
Mem:          3.8G       3.7G       104M       5.7M        28M       3.2G

MemTotal:        4016004 kB
MemFree:          127436 kB
Active:           357744 kB
Mem:          3.8G       3.7G       123M       5.7M        28M       3.2G

MemTotal:        4016004 kB
MemFree:          118184 kB
Active:           357744 kB
Mem:          3.8G       3.7G       115M       5.7M        28M       3.2G

MemTotal:        4016004 kB
MemFree:          107160 kB
Active:           357748 kB
Mem:          3.8G       3.7G       104M       5.7M        28M       3.2G

MemTotal:        4016004 kB
MemFree:          109172 kB
Active:           357752 kB
Mem:          3.8G       3.7G       106M       5.7M        28M       3.2G

MemTotal:        4016004 kB
MemFree:          124544 kB
Active:           357752 kB
Mem:          3.8G       3.7G       121M       5.7M        28M       3.2G

MemTotal:        4016004 kB
MemFree:          114900 kB
Active:           357752 kB
Mem:          3.8G       3.7G       111M       5.7M        28M       3.2G

MemTotal:        4016004 kB
MemFree:          115596 kB
Active:           357768 kB
Mem:          3.8G       3.7G       112M       5.7M        28M       3.2G

MemTotal:        4016004 kB
MemFree:          135488 kB
Active:           357768 kB
Mem:          3.8G       3.7G       131M       5.7M        28M       3.2G

MemTotal:        4016004 kB
MemFree:          134800 kB
Active:           357932 kB
Mem:          3.8G       3.7G       131M       5.7M        28M       3.2G

MemTotal:        4016004 kB
MemFree:          124316 kB
Active:           357792 kB
Mem:          3.8G       3.7G       121M       5.7M        28M       3.2G

MemTotal:        4016004 kB
MemFree:          108416 kB
Active:           355312 kB
Mem:          3.8G       3.7G       105M       5.7M        28M       3.2G

MemTotal:        4016004 kB
MemFree:          127768 kB
Active:           355312 kB
Mem:          3.8G       3.7G       124M       5.7M        28M       3.2G

MemTotal:        4016004 kB
MemFree:          117368 kB
Active:           355320 kB
Mem:          3.8G       3.7G       114M       5.7M        28M       3.2G

MemTotal:        4016004 kB
MemFree:          108344 kB
Active:           355320 kB
Mem:          3.8G       3.7G       105M       5.7M        28M       3.2G

MemTotal:        4016004 kB
MemFree:          115052 kB
Active:           355320 kB
Mem:          3.8G       3.7G       111M       5.7M        28M       3.2G

MemTotal:        4016004 kB
MemFree:          104912 kB
Active:           355320 kB
Mem:          3.8G       3.7G       102M       5.7M        28M       3.2G

MemTotal:        4016004 kB
MemFree:          124640 kB
Active:           355320 kB
Mem:          3.8G       3.7G       121M       5.7M        28M       3.2G

MemTotal:        4016004 kB
MemFree:          127496 kB
Active:           355328 kB
Mem:          3.8G       3.7G       124M       5.7M        28M       3.2G

MemTotal:        4016004 kB
MemFree:          106724 kB
Active:           355328 kB
Mem:          3.8G       3.7G       103M       5.7M        28M       3.2G

MemTotal:        4016004 kB
MemFree:          114504 kB
Active:           355340 kB
Mem:          3.8G       3.7G       110M       5.7M        28M       3.2G

MemTotal:        4016004 kB
MemFree:          123564 kB
Active:           355340 kB
Mem:          3.8G       3.7G       120M       5.7M        28M       3.2G

MemTotal:        4016004 kB
MemFree:          121436 kB
Active:           355356 kB
Mem:          3.8G       3.7G       117M       5.7M        28M       3.2G

MemTotal:        4016004 kB
MemFree:          105156 kB
Active:           355360 kB
Mem:          3.8G       3.7G       118M       5.7M        28M       3.2G

MemTotal:        4016004 kB
MemFree:          120996 kB
Active:           355360 kB
Mem:          3.8G       3.7G       117M       5.7M        28M       3.2G

MemTotal:        4016004 kB
MemFree:          110552 kB
Active:           355364 kB
Mem:          3.8G       3.7G       107M       5.7M        28M       3.2G

MemTotal:        4016004 kB
MemFree:          124472 kB
Active:           355184 kB
Mem:          3.8G       3.7G       121M       5.7M        28M       3.2G

MemTotal:        4016004 kB
MemFree:          126640 kB
Active:           355184 kB
Mem:          3.8G       3.7G       123M       5.7M        28M       3.2G

MemTotal:        4016004 kB
MemFree:          117212 kB
Active:           355192 kB
Mem:          3.8G       3.7G       113M       5.7M        28M       3.2G

MemTotal:        4016004 kB
MemFree:          135828 kB
Active:           355192 kB
Mem:          3.8G       3.7G       132M       5.7M        28M       3.2G

MemTotal:        4016004 kB
MemFree:          125560 kB
Active:           355192 kB
Mem:          3.8G       3.7G       122M       5.7M        28M       3.2G

MemTotal:        4016004 kB
MemFree:          127696 kB
Active:           353172 kB
Mem:          3.8G       3.7G       124M       5.7M        28M       3.2G

MemTotal:        4016004 kB
MemFree:          106428 kB
Active:           352796 kB
Mem:          3.8G       3.7G       103M       5.7M        28M       3.2G

MemTotal:        4016004 kB
MemFree:          106056 kB
Active:           352744 kB
Mem:          3.8G       3.7G       103M       5.7M        28M       3.2G

MemTotal:        4016004 kB
MemFree:          105312 kB
Active:           352752 kB
Mem:          3.8G       3.7G       102M       5.7M        28M       3.2G

MemTotal:        4016004 kB
MemFree:          105064 kB
Active:           352808 kB
Mem:          3.8G       3.7G       102M       5.7M        28M       3.2G

MemTotal:        4016004 kB
MemFree:          104840 kB
Active:           352808 kB
Mem:          3.8G       3.7G       102M       5.7M        28M       3.2G

MemTotal:        4016004 kB
MemFree:          105120 kB
Active:           352784 kB
Mem:          3.8G       3.7G       102M       5.7M        28M       3.2G

MemTotal:        4016004 kB
MemFree:          129440 kB
Active:           352792 kB
Mem:          3.8G       3.7G       126M       5.7M        28M       3.2G

MemTotal:        4016004 kB
MemFree:          129412 kB
Active:           352836 kB
Mem:          3.8G       3.7G       126M       5.7M        28M       3.2G

MemTotal:        4016004 kB
MemFree:          129644 kB
Active:           352840 kB
Mem:          3.8G       3.7G       126M       5.7M        28M       3.2G

MemTotal:        4016004 kB
MemFree:          129776 kB
Active:           352796 kB
Mem:          3.8G       3.7G       126M       5.7M        28M       3.2G

MemTotal:        4016004 kB
MemFree:          129652 kB
Active:           352796 kB
Mem:          3.8G       3.7G       126M       5.7M        28M       3.2G

MemTotal:        4016004 kB
MemFree:          129652 kB
Active:           352844 kB
Mem:          3.8G       3.7G       126M       5.7M        28M       3.2G

MemTotal:        4016004 kB
MemFree:          129776 kB
Active:           352840 kB
Mem:          3.8G       3.7G       126M       5.7M        28M       3.2G

MemTotal:        4016004 kB
MemFree:          129776 kB
Active:           352812 kB
Mem:          3.8G       3.7G       126M       5.7M        28M       3.2G

MemTotal:        4016004 kB
MemFree:          129280 kB
Active:           352860 kB
Mem:          3.8G       3.7G       126M       5.7M        28M       3.2G

MemTotal:        4016004 kB
MemFree:          129776 kB
Active:           352852 kB
Mem:          3.8G       3.7G       126M       5.7M        28M       3.2G

MemTotal:        4016004 kB
MemFree:          129652 kB
Active:           352820 kB
Mem:          3.8G       3.7G       126M       5.7M        28M       3.2G

MemTotal:        4016004 kB
MemFree:          129900 kB
Active:           352804 kB
Mem:          3.8G       3.7G       126M       5.7M        28M       3.2G

MemTotal:        4016004 kB
MemFree:          129900 kB
Active:           352860 kB
Mem:          3.8G       3.7G       126M       5.7M        28M       3.2G

MemTotal:        4016004 kB
MemFree:          129900 kB
Active:           352816 kB
Mem:          3.8G       3.7G       126M       5.7M        28M       3.2G

MemTotal:        4016004 kB
MemFree:          129900 kB
Active:           352812 kB
Mem:          3.8G       3.7G       126M       5.7M        28M       3.2G

MemTotal:        4016004 kB
MemFree:          129900 kB
Active:           352860 kB
Mem:          3.8G       3.7G       126M       5.7M        28M       3.2G

MemTotal:        4016004 kB
MemFree:          129900 kB
Active:           352816 kB
Mem:          3.8G       3.7G       126M       5.7M        28M       3.2G

MemTotal:        4016004 kB
MemFree:          130024 kB
Active:           352840 kB
Mem:          3.8G       3.7G       126M       5.7M        28M       3.2G

MemTotal:        4016004 kB
MemFree:          129900 kB
Active:           352872 kB
Mem:          3.8G       3.7G       126M       5.7M        28M       3.2G

MemTotal:        4016004 kB
MemFree:          129404 kB
Active:           352876 kB
Mem:          3.8G       3.7G       126M       5.7M        28M       3.2G

MemTotal:        4016004 kB
MemFree:          129652 kB
Active:           352872 kB
Mem:          3.8G       3.7G       126M       5.7M        28M       3.2G

MemTotal:        4016004 kB
MemFree:          129652 kB
Active:           352868 kB
Mem:          3.8G       3.7G       126M       5.7M        28M       3.2G

MemTotal:        4016004 kB
MemFree:          129280 kB
Active:           352876 kB
Mem:          3.8G       3.7G       126M       5.7M        28M       3.2G

MemTotal:        4016004 kB
MemFree:          129528 kB
Active:           352824 kB
Mem:          3.8G       3.7G       126M       5.7M        28M       3.2G

MemTotal:        4016004 kB
MemFree:          129156 kB
Active:           352884 kB
Mem:          3.8G       3.7G       126M       5.7M        28M       3.2G

MemTotal:        4016004 kB
MemFree:          129280 kB
Active:           352844 kB
Mem:          3.8G       3.7G       126M       5.7M        28M       3.2G

MemTotal:        4016004 kB
MemFree:          129652 kB
Active:           352876 kB
Mem:          3.8G       3.7G       126M       5.7M        28M       3.2G

MemTotal:        4016004 kB
MemFree:          129652 kB
Active:           352832 kB
Mem:          3.8G       3.7G       126M       5.7M        28M       3.2G

MemTotal:        4016004 kB
MemFree:          129156 kB
Active:           352884 kB
Mem:          3.8G       3.7G       126M       5.7M        28M       3.2G

MemTotal:        4016004 kB
MemFree:          129280 kB
Active:           352884 kB
Mem:          3.8G       3.7G       125M       5.7M        28M       3.2G

MemTotal:        4016004 kB
MemFree:          129528 kB
Active:           352892 kB
Mem:          3.8G       3.7G       126M       5.7M        28M       3.2G

MemTotal:        4016004 kB
MemFree:          129528 kB
Active:           352844 kB
Mem:          3.8G       3.7G       125M       5.7M        28M       3.2G

MemTotal:        4016004 kB
MemFree:          129032 kB
Active:           352892 kB
Mem:          3.8G       3.7G       126M       5.7M        28M       3.2G

MemTotal:        4016004 kB
MemFree:          129280 kB
Active:           352844 kB
Mem:          3.8G       3.7G       126M       5.7M        28M       3.2G

MemTotal:        4016004 kB
MemFree:          129528 kB
Active:           352848 kB
Mem:          3.8G       3.7G       126M       5.7M        28M       3.2G

MemTotal:        4016004 kB
MemFree:          129528 kB
Active:           352848 kB
Mem:          3.8G       3.7G       126M       5.7M        28M       3.2G

MemTotal:        4016004 kB
MemFree:          129776 kB
Active:           352888 kB
Mem:          3.8G       3.7G       126M       5.7M        28M       3.2G

MemTotal:        4016004 kB
MemFree:          129900 kB
Active:           352856 kB
Mem:          3.8G       3.7G       126M       5.7M        28M       3.2G

MemTotal:        4016004 kB
MemFree:          129776 kB
Active:           352904 kB
Mem:          3.8G       3.7G       126M       5.7M        28M       3.2G

MemTotal:        4016004 kB
MemFree:          129776 kB
Active:           352856 kB
Mem:          3.8G       3.7G       126M       5.7M        28M       3.2G

MemTotal:        4016004 kB
MemFree:          129900 kB
Active:           352864 kB
Mem:          3.8G       3.7G       126M       5.7M        28M       3.2G

MemTotal:        4016004 kB
MemFree:          129900 kB
Active:           352856 kB
Mem:          3.8G       3.7G       126M       5.7M        28M       3.2G

MemTotal:        4016004 kB
MemFree:          129776 kB
Active:           352868 kB
Mem:          3.8G       3.7G       126M       5.7M        28M       3.2G

MemTotal:        4016004 kB
MemFree:          129404 kB
Active:           352912 kB
Mem:          3.8G       3.7G       126M       5.7M        28M       3.2G

MemTotal:        4016004 kB
MemFree:          129776 kB
Active:           352912 kB
Mem:          3.8G       3.7G       126M       5.7M        28M       3.2G

MemTotal:        4016004 kB
MemFree:          129404 kB
Active:           352908 kB
Mem:          3.8G       3.7G       126M       5.7M        28M       3.2G

MemTotal:        4016004 kB
MemFree:          129404 kB
Active:           352872 kB
Mem:          3.8G       3.7G       126M       5.7M        28M       3.2G

MemTotal:        4016004 kB
MemFree:          129404 kB
Active:           352916 kB
Mem:          3.8G       3.7G       126M       5.7M        28M       3.2G

MemTotal:        4016004 kB
MemFree:          129528 kB
Active:           352916 kB
Mem:          3.8G       3.7G       126M       5.7M        28M       3.2G

MemTotal:        4016004 kB
MemFree:          129156 kB
Active:           352920 kB
Mem:          3.8G       3.7G       126M       5.7M        28M       3.2G

MemTotal:        4016004 kB
MemFree:          129280 kB
Active:           352872 kB
Mem:          3.8G       3.7G       126M       5.7M        28M       3.2G

MemTotal:        4016004 kB
MemFree:          129512 kB
Active:           352896 kB
Mem:          3.8G       3.7G       126M       5.7M        28M       3.2G

MemTotal:        4016004 kB
MemFree:          129512 kB
Active:           352884 kB
Mem:          3.8G       3.7G       126M       5.7M        28M       3.2G

MemTotal:        4016004 kB
MemFree:          129512 kB
Active:           352936 kB
Mem:          3.8G       3.7G       126M       5.7M        28M       3.2G

MemTotal:        4016004 kB
MemFree:          129388 kB
Active:           352936 kB
Mem:          3.8G       3.7G       126M       5.7M        28M       3.2G

MemTotal:        4016004 kB
MemFree:          129272 kB
Active:           352936 kB
Mem:          3.8G       3.7G       126M       5.7M        28M       3.2G

MemTotal:        4016004 kB
MemFree:          129892 kB
Active:           352932 kB
Mem:          3.8G       3.7G       126M       5.7M        28M       3.2G

MemTotal:        4016004 kB
MemFree:          129768 kB
Active:           352916 kB
Mem:          3.8G       3.7G       126M       5.7M        28M       3.2G

MemTotal:        4016004 kB
MemFree:          129768 kB
Active:           352896 kB
Mem:          3.8G       3.7G       126M       5.7M        28M       3.2G

MemTotal:        4016004 kB
MemFree:          129644 kB
Active:           352948 kB
Mem:          3.8G       3.7G       126M       5.7M        28M       3.2G

MemTotal:        4016004 kB
MemFree:          129644 kB
Active:           352900 kB
Mem:          3.8G       3.7G       126M       5.7M        28M       3.2G

MemTotal:        4016004 kB
MemFree:          129644 kB
Active:           352896 kB
Mem:          3.8G       3.7G       126M       5.7M        28M       3.2G

MemTotal:        4016004 kB
MemFree:          129520 kB
Active:           352948 kB
Mem:          3.8G       3.7G       126M       5.7M        28M       3.2G

MemTotal:        4016004 kB
MemFree:          129520 kB
Active:           352944 kB
Mem:          3.8G       3.7G       126M       5.7M        28M       3.2G

MemTotal:        4016004 kB
MemFree:          129520 kB
Active:           352956 kB
Mem:          3.8G       3.7G       126M       5.7M        28M       3.2G

MemTotal:        4016004 kB
MemFree:          129520 kB
Active:           352928 kB
Mem:          3.8G       3.7G       126M       5.7M        28M       3.2G

MemTotal:        4016004 kB
MemFree:          129520 kB
Active:           352944 kB
Mem:          3.8G       3.7G       126M       5.7M        28M       3.2G

MemTotal:        4016004 kB
MemFree:          129396 kB
Active:           352964 kB
Mem:          3.8G       3.7G       126M       5.7M        28M       3.2G

MemTotal:        4016004 kB
MemFree:          129272 kB
Active:           352968 kB
Mem:          3.8G       3.7G       126M       5.7M        28M       3.2G

MemTotal:        4016004 kB
MemFree:          129520 kB
Active:           352952 kB
Mem:          3.8G       3.7G       126M       5.7M        28M       3.2G

MemTotal:        4016004 kB
MemFree:          129396 kB
Active:           352976 kB
Mem:          3.8G       3.7G       126M       5.7M        28M       3.2G

MemTotal:        4016004 kB
MemFree:          129520 kB
Active:           352928 kB
Mem:          3.8G       3.7G       126M       5.7M        28M       3.2G

MemTotal:        4016004 kB
MemFree:          129148 kB
Active:           352980 kB
Mem:          3.8G       3.7G       126M       5.7M        28M       3.2G

MemTotal:        4016004 kB
MemFree:          127224 kB
Active:           352980 kB
Mem:          3.8G       3.7G       124M       5.7M        28M       3.2G

MemTotal:        4016004 kB
MemFree:          127596 kB
Active:           354980 kB
Mem:          3.8G       3.7G       124M       5.7M        28M       3.2G

MemTotal:        4016004 kB
MemFree:          127224 kB
Active:           355016 kB
Mem:          3.8G       3.7G       124M       5.7M        28M       3.2G

MemTotal:        4016004 kB
MemFree:          127100 kB
Active:           354960 kB
Mem:          3.8G       3.7G       123M       5.7M        28M       3.2G

MemTotal:        4016004 kB
MemFree:          127348 kB
Active:           354964 kB
Mem:          3.8G       3.7G       123M       5.7M        28M       3.2G

MemTotal:        4016004 kB
MemFree:          127224 kB
Active:           355008 kB
Mem:          3.8G       3.7G       124M       5.7M        28M       3.2G

MemTotal:        4016004 kB
MemFree:          127472 kB
Active:           354988 kB
Mem:          3.8G       3.7G       124M       5.7M        28M       3.2G

MemTotal:        4016004 kB
MemFree:          127100 kB
Active:           355028 kB
Mem:          3.8G       3.7G       124M       5.7M        28M       3.2G

MemTotal:        4016004 kB
MemFree:          127472 kB
Active:           355020 kB
Mem:          3.8G       3.7G       124M       5.7M        28M       3.2G

MemTotal:        4016004 kB
MemFree:          127348 kB
Active:           354984 kB
Mem:          3.8G       3.7G       124M       5.7M        28M       3.2G

MemTotal:        4016004 kB
MemFree:          126976 kB
Active:           355028 kB
Mem:          3.8G       3.7G       124M       5.7M        28M       3.2G

MemTotal:        4016004 kB
MemFree:          127472 kB
Active:           355024 kB
Mem:          3.8G       3.7G       124M       5.7M        28M       3.2G

MemTotal:        4016004 kB
MemFree:          127472 kB
Active:           355016 kB
Mem:          3.8G       3.7G       124M       5.7M        28M       3.2G

MemTotal:        4016004 kB
MemFree:          127472 kB
Active:           355028 kB
Mem:          3.8G       3.7G       124M       5.7M        28M       3.2G

MemTotal:        4016004 kB
MemFree:          127224 kB
Active:           355044 kB
Mem:          3.8G       3.7G       124M       5.7M        28M       3.2G

MemTotal:        4016004 kB
MemFree:          127224 kB
Active:           355072 kB
Mem:          3.8G       3.7G       124M       5.7M        28M       3.2G

MemTotal:        4016004 kB
MemFree:          127208 kB
Active:           355128 kB
Mem:          3.8G       3.7G       123M       5.7M        28M       3.2G

MemTotal:        4016004 kB
MemFree:          127332 kB
Active:           355128 kB
Mem:          3.8G       3.7G       124M       5.7M        28M       3.2G

MemTotal:        4016004 kB
MemFree:          126836 kB
Active:           355128 kB
Mem:          3.8G       3.7G       123M       5.7M        28M       3.2G

MemTotal:        4016004 kB
MemFree:          127224 kB
Active:           355120 kB
Mem:          3.8G       3.7G       124M       5.7M        28M       3.2G

MemTotal:        4016004 kB
MemFree:          127100 kB
Active:           355104 kB
Mem:          3.8G       3.7G       124M       5.7M        28M       3.2G

MemTotal:        4016004 kB
MemFree:          127348 kB
Active:           355084 kB
Mem:          3.8G       3.7G       124M       5.7M        28M       3.2G

MemTotal:        4016004 kB
MemFree:          126852 kB
Active:           355144 kB
Mem:          3.8G       3.7G       123M       5.7M        28M       3.2G

MemTotal:        4016004 kB
MemFree:          126976 kB
Active:           355140 kB
Mem:          3.8G       3.7G       123M       5.7M        28M       3.2G

MemTotal:        4016004 kB
MemFree:          127348 kB
Active:           355096 kB
Mem:          3.8G       3.7G       123M       5.7M        28M       3.2G

MemTotal:        4016004 kB
MemFree:          127224 kB
Active:           355140 kB
Mem:          3.8G       3.7G       123M       5.7M        28M       3.2G

MemTotal:        4016004 kB
MemFree:          126976 kB
Active:           355144 kB
Mem:          3.8G       3.7G       124M       5.7M        28M       3.2G

MemTotal:        4016004 kB
MemFree:          126976 kB
Active:           355152 kB
Mem:          3.8G       3.7G       124M       5.7M        28M       3.2G

MemTotal:        4016004 kB
MemFree:          127224 kB
Active:           355100 kB
Mem:          3.8G       3.7G       123M       5.7M        28M       3.2G

MemTotal:        4016004 kB
MemFree:          127472 kB
Active:           355104 kB
Mem:          3.8G       3.7G       124M       5.7M        28M       3.2G

MemTotal:        4016004 kB
MemFree:          127472 kB
Active:           355104 kB
Mem:          3.8G       3.7G       124M       5.7M        28M       3.2G

MemTotal:        4016004 kB
MemFree:          127472 kB
Active:           355144 kB
Mem:          3.8G       3.7G       124M       5.7M        28M       3.2G

MemTotal:        4016004 kB
MemFree:          127488 kB
Active:           355144 kB
Mem:          3.8G       3.7G       124M       5.7M        28M       3.2G

MemTotal:        4016004 kB
MemFree:          127488 kB
Active:           355120 kB
Mem:          3.8G       3.7G       124M       5.7M        28M       3.2G

MemTotal:        4016004 kB
MemFree:          127116 kB
Active:           355160 kB
Mem:          3.8G       3.7G       124M       5.7M        28M       3.2G

MemTotal:        4016004 kB
MemFree:          126992 kB
Active:           355156 kB
Mem:          3.8G       3.7G       123M       5.7M        28M       3.2G

MemTotal:        4016004 kB
MemFree:          127116 kB
Active:           355108 kB
Mem:          3.8G       3.7G       123M       5.7M        28M       3.2G

MemTotal:        4016004 kB
MemFree:          127116 kB
Active:           355156 kB
Mem:          3.8G       3.7G       124M       5.7M        28M       3.2G

MemTotal:        4016004 kB
MemFree:          127364 kB
Active:           355116 kB
Mem:          3.8G       3.7G       123M       5.7M        28M       3.2G

MemTotal:        4016004 kB
MemFree:          127364 kB
Active:           355124 kB
Mem:          3.8G       3.7G       124M       5.7M        28M       3.2G

MemTotal:        4016004 kB
MemFree:          127364 kB
Active:           355168 kB
Mem:          3.8G       3.7G       124M       5.7M        28M       3.2G

MemTotal:        4016004 kB
MemFree:          127240 kB
Active:           355164 kB
Mem:          3.8G       3.7G       124M       5.7M        28M       3.2G

MemTotal:        4016004 kB
MemFree:          126868 kB
Active:           355176 kB
Mem:          3.8G       3.7G       123M       5.7M        28M       3.2G

MemTotal:        4016004 kB
MemFree:          127364 kB
Active:           355172 kB
Mem:          3.8G       3.7G       124M       5.7M        28M       3.2G

MemTotal:        4016004 kB
MemFree:          127364 kB
Active:           355128 kB
Mem:          3.8G       3.7G       124M       5.7M        28M       3.2G

MemTotal:        4016004 kB
MemFree:          126992 kB
Active:           355184 kB
Mem:          3.8G       3.7G       124M       5.7M        28M       3.2G

MemTotal:        4016004 kB
MemFree:          127488 kB
Active:           355136 kB
Mem:          3.8G       3.7G       124M       5.7M        28M       3.2G

MemTotal:        4016004 kB
MemFree:          127488 kB
Active:           355152 kB
Mem:          3.8G       3.7G       124M       5.7M        28M       3.2G

MemTotal:        4016004 kB
MemFree:          127488 kB
Active:           355184 kB
Mem:          3.8G       3.7G       124M       5.7M        28M       3.2G

MemTotal:        4016004 kB
MemFree:          127488 kB
Active:           355196 kB
Mem:          3.8G       3.7G       124M       5.7M        28M       3.2G

MemTotal:        4016004 kB
MemFree:          127488 kB
Active:           355192 kB
Mem:          3.8G       3.7G       124M       5.7M        28M       3.2G

MemTotal:        4016004 kB
MemFree:          127488 kB
Active:           355164 kB
Mem:          3.8G       3.7G       124M       5.7M        28M       3.2G

MemTotal:        4016004 kB
MemFree:          126992 kB
Active:           355152 kB
Mem:          3.8G       3.7G       123M       5.7M        28M       3.2G

MemTotal:        4016004 kB
MemFree:          126868 kB
Active:           355212 kB
Mem:          3.8G       3.7G       123M       5.7M        28M       3.2G

MemTotal:        4016004 kB
MemFree:          127240 kB
Active:           355168 kB
Mem:          3.8G       3.7G       124M       5.7M        28M       3.2G

MemTotal:        4016004 kB
MemFree:          127364 kB
Active:           355172 kB
Mem:          3.8G       3.7G       124M       5.7M        28M       3.2G

MemTotal:        4016004 kB
MemFree:          127488 kB
Active:           355160 kB
Mem:          3.8G       3.7G       124M       5.7M        28M       3.2G

MemTotal:        4016004 kB
MemFree:          127116 kB
Active:           355216 kB
Mem:          3.8G       3.7G       124M       5.7M        28M       3.2G

MemTotal:        4016004 kB
MemFree:          127248 kB
Active:           355160 kB
Mem:          3.8G       3.7G       124M       5.7M        28M       3.2G

MemTotal:        4016004 kB
MemFree:          127124 kB
Active:           355224 kB
Mem:          3.8G       3.7G       124M       5.7M        28M       3.2G

MemTotal:        4016004 kB
MemFree:          127372 kB
Active:           355180 kB
Mem:          3.8G       3.7G       124M       5.7M        28M       3.2G

MemTotal:        4016004 kB
MemFree:          127496 kB
Active:           355216 kB
Mem:          3.8G       3.7G       124M       5.7M        28M       3.2G

MemTotal:        4016004 kB
MemFree:          127496 kB
Active:           355208 kB
Mem:          3.8G       3.7G       124M       5.7M        28M       3.2G

MemTotal:        4016004 kB
MemFree:          127124 kB
Active:           355224 kB
Mem:          3.8G       3.7G       123M       5.7M        28M       3.2G

MemTotal:        4016004 kB
MemFree:          127248 kB
Active:           355216 kB
Mem:          3.8G       3.7G       123M       5.7M        28M       3.2G

MemTotal:        4016004 kB
MemFree:          127248 kB
Active:           355216 kB
Mem:          3.8G       3.7G       124M       5.7M        28M       3.2G

MemTotal:        4016004 kB
MemFree:          126876 kB
Active:           355228 kB
Mem:          3.8G       3.7G       123M       5.7M        28M       3.2G

MemTotal:        4016004 kB
MemFree:          127248 kB
Active:           355228 kB
Mem:          3.8G       3.7G       124M       5.7M        28M       3.2G

MemTotal:        4016004 kB
MemFree:          127248 kB
Active:           355232 kB
Mem:          3.8G       3.7G       123M       5.7M        28M       3.2G

MemTotal:        4016004 kB
MemFree:          127000 kB
Active:           355180 kB
Mem:          3.8G       3.7G       123M       5.7M        28M       3.2G

MemTotal:        4016004 kB
MemFree:          127248 kB
Active:           355228 kB
Mem:          3.8G       3.7G       123M       5.7M        28M       3.2G

MemTotal:        4016004 kB
MemFree:          127000 kB
Active:           355236 kB
Mem:          3.8G       3.7G       124M       5.7M        28M       3.2G

MemTotal:        4016004 kB
MemFree:          127496 kB
Active:           355236 kB
Mem:          3.8G       3.7G       124M       5.7M        28M       3.2G

MemTotal:        4016004 kB
MemFree:          127000 kB
Active:           355236 kB
Mem:          3.8G       3.7G       124M       5.7M        28M       3.2G

MemTotal:        4016004 kB
MemFree:          127248 kB
Active:           355196 kB
Mem:          3.8G       3.7G       124M       5.7M        28M       3.2G

MemTotal:        4016004 kB
MemFree:          127372 kB
Active:           355232 kB
Mem:          3.8G       3.7G       124M       5.7M        28M       3.2G

MemTotal:        4016004 kB
MemFree:          127248 kB
Active:           355228 kB
Mem:          3.8G       3.7G       124M       5.7M        28M       3.2G

MemTotal:        4016004 kB
MemFree:          126876 kB
Active:           355244 kB
Mem:          3.8G       3.7G       123M       5.7M        28M       3.2G

MemTotal:        4016004 kB
MemFree:          127124 kB
Active:           355212 kB
Mem:          3.8G       3.7G       124M       5.7M        28M       3.2G

MemTotal:        4016004 kB
MemFree:          127124 kB
Active:           355224 kB
Mem:          3.8G       3.7G       123M       5.7M        28M       3.2G

MemTotal:        4016004 kB
MemFree:          127000 kB
Active:           355248 kB
Mem:          3.8G       3.7G       124M       5.7M        28M       3.2G

MemTotal:        4016004 kB
MemFree:          126876 kB
Active:           355252 kB
Mem:          3.8G       3.7G       123M       5.7M        28M       3.2G

MemTotal:        4016004 kB
MemFree:          127124 kB
Active:           355256 kB
Mem:          3.8G       3.7G       123M       5.7M        28M       3.2G

MemTotal:        4016004 kB
MemFree:          127124 kB
Active:           355256 kB
Mem:          3.8G       3.7G       123M       5.7M        28M       3.2G

MemTotal:        4016004 kB
MemFree:          127124 kB
Active:           355204 kB
Mem:          3.8G       3.7G       123M       5.7M        28M       3.2G

MemTotal:        4016004 kB
MemFree:          126752 kB
Active:           355268 kB
Mem:          3.8G       3.7G       123M       5.7M        28M       3.2G

MemTotal:        4016004 kB
MemFree:          126876 kB
Active:           355212 kB
Mem:          3.8G       3.7G       123M       5.7M        28M       3.2G

MemTotal:        4016004 kB
MemFree:          126876 kB
Active:           355272 kB
Mem:          3.8G       3.7G       123M       5.7M        28M       3.2G

MemTotal:        4016004 kB
MemFree:          127000 kB
Active:           355216 kB
Mem:          3.8G       3.7G       124M       5.7M        28M       3.2G

MemTotal:        4016004 kB
MemFree:          127248 kB
Active:           355228 kB
Mem:          3.8G       3.7G       124M       5.7M        28M       3.2G

MemTotal:        4016004 kB
MemFree:          127000 kB
Active:           355276 kB
Mem:          3.8G       3.7G       124M       5.7M        28M       3.2G

MemTotal:        4016004 kB
MemFree:          127124 kB
Active:           355268 kB
Mem:          3.8G       3.7G       123M       5.7M        28M       3.2G

MemTotal:        4016004 kB
MemFree:          126752 kB
Active:           355276 kB
Mem:          3.8G       3.7G       123M       5.7M        28M       3.2G

MemTotal:        4016004 kB
MemFree:          126876 kB
Active:           355284 kB
Mem:          3.8G       3.7G       123M       5.7M        28M       3.2G

MemTotal:        4016004 kB
MemFree:          127248 kB
Active:           355228 kB
Mem:          3.8G       3.7G       124M       5.7M        28M       3.2G

MemTotal:        4016004 kB
MemFree:          127620 kB
Active:           355264 kB
Mem:          3.8G       3.7G       124M       5.7M        28M       3.2G

MemTotal:        4016004 kB
MemFree:          127620 kB
Active:           355232 kB
Mem:          3.8G       3.7G       124M       5.7M        28M       3.2G

MemTotal:        4016004 kB
MemFree:          127124 kB
Active:           355272 kB
Mem:          3.8G       3.7G       124M       5.7M        28M       3.2G

MemTotal:        4016004 kB
MemFree:          127000 kB
Active:           355284 kB
Mem:          3.8G       3.7G       124M       5.7M        28M       3.2G

MemTotal:        4016004 kB
MemFree:          127124 kB
Active:           355228 kB
Mem:          3.8G       3.7G       123M       5.7M        28M       3.2G

MemTotal:        4016004 kB
MemFree:          127124 kB
Active:           355268 kB
Mem:          3.8G       3.7G       123M       5.7M        28M       3.2G

MemTotal:        4016004 kB
MemFree:          126752 kB
Active:           355288 kB
Mem:          3.8G       3.7G       123M       5.7M        28M       3.2G

MemTotal:        4016004 kB
MemFree:          126876 kB
Active:           355288 kB
Mem:          3.8G       3.7G       123M       5.7M        28M       3.2G

MemTotal:        4016004 kB
MemFree:          126876 kB
Active:           355284 kB
Mem:          3.8G       3.7G       123M       5.7M        28M       3.2G

MemTotal:        4016004 kB
MemFree:          127000 kB
Active:           355280 kB
Mem:          3.8G       3.7G       123M       5.7M        28M       3.2G

MemTotal:        4016004 kB
MemFree:          127000 kB
Active:           355304 kB
Mem:          3.8G       3.7G       124M       5.7M        28M       3.2G

MemTotal:        4016004 kB
MemFree:          127248 kB
Active:           355296 kB
Mem:          3.8G       3.7G       124M       5.7M        28M       3.2G

MemTotal:        4016004 kB
MemFree:          127248 kB
Active:           355284 kB
Mem:          3.8G       3.7G       124M       5.7M        28M       3.2G

MemTotal:        4016004 kB
MemFree:          127248 kB
Active:           355300 kB
Mem:          3.8G       3.7G       123M       5.7M        28M       3.2G

MemTotal:        4016004 kB
MemFree:          127124 kB
Active:           355292 kB
Mem:          3.8G       3.7G       123M       5.7M        28M       3.2G

MemTotal:        4016004 kB
MemFree:          127248 kB
Active:           355304 kB
Mem:          3.8G       3.7G       124M       5.7M        28M       3.2G

MemTotal:        4016004 kB
MemFree:          127248 kB
Active:           355308 kB
Mem:          3.8G       3.7G       124M       5.7M        28M       3.2G

MemTotal:        4016004 kB
MemFree:          127124 kB
Active:           355320 kB
Mem:          3.8G       3.7G       123M       5.7M        28M       3.2G

MemTotal:        4016004 kB
MemFree:          127248 kB
Active:           355264 kB
Mem:          3.8G       3.7G       123M       5.7M        28M       3.2G

MemTotal:        4016004 kB
MemFree:          127000 kB
Active:           355280 kB
Mem:          3.8G       3.7G       123M       5.7M        28M       3.2G

MemTotal:        4016004 kB
MemFree:          126876 kB
Active:           355312 kB
Mem:          3.8G       3.7G       123M       5.7M        28M       3.2G

MemTotal:        4016004 kB
MemFree:          127124 kB
Active:           355316 kB
Mem:          3.8G       3.7G       123M       5.7M        28M       3.2G

MemTotal:        4016004 kB
MemFree:          127000 kB
Active:           355320 kB
Mem:          3.8G       3.7G       123M       5.7M        28M       3.2G

MemTotal:        4016004 kB
MemFree:          127000 kB
Active:           355280 kB
Mem:          3.8G       3.7G       123M       5.7M        28M       3.2G

MemTotal:        4016004 kB
MemFree:          127000 kB
Active:           355328 kB
Mem:          3.8G       3.7G       123M       5.7M        28M       3.2G

MemTotal:        4016004 kB
MemFree:          126752 kB
Active:           355332 kB
Mem:          3.8G       3.7G       123M       5.7M        28M       3.2G

MemTotal:        4016004 kB
MemFree:          126876 kB
Active:           355276 kB
Mem:          3.8G       3.7G       123M       5.7M        28M       3.2G

MemTotal:        4016004 kB
MemFree:          127000 kB
Active:           355332 kB
Mem:          3.8G       3.7G       124M       5.7M        28M       3.2G

MemTotal:        4016004 kB
MemFree:          127248 kB
Active:           355328 kB
Mem:          3.8G       3.7G       124M       5.7M        28M       3.2G

MemTotal:        4016004 kB
MemFree:          126876 kB
Active:           355344 kB
Mem:          3.8G       3.7G       123M       5.7M        28M       3.2G

MemTotal:        4016004 kB
MemFree:          127124 kB
Active:           355300 kB
Mem:          3.8G       3.7G       124M       5.7M        28M       3.2G

MemTotal:        4016004 kB
MemFree:          127248 kB
Active:           355288 kB
Mem:          3.8G       3.7G       124M       5.7M        28M       3.2G

MemTotal:        4016004 kB
MemFree:          127124 kB
Active:           355288 kB
Mem:          3.8G       3.7G       123M       5.7M        28M       3.2G

MemTotal:        4016004 kB
MemFree:          127124 kB
Active:           355344 kB
Mem:          3.8G       3.7G       124M       5.7M        28M       3.2G

MemTotal:        4016004 kB
MemFree:          127124 kB
Active:           355316 kB
Mem:          3.8G       3.7G       123M       5.7M        28M       3.2G

MemTotal:        4016004 kB
MemFree:          127124 kB
Active:           355300 kB
Mem:          3.8G       3.7G       123M       5.7M        28M       3.2G

MemTotal:        4016004 kB
MemFree:          127124 kB
Active:           355336 kB
Mem:          3.8G       3.7G       123M       5.7M        28M       3.2G

MemTotal:        4016004 kB
MemFree:          126752 kB
Active:           355356 kB
Mem:          3.8G       3.7G       123M       5.7M        28M       3.2G

MemTotal:        4016004 kB
MemFree:          126876 kB
Active:           355344 kB
Mem:          3.8G       3.7G       124M       5.7M        28M       3.2G

MemTotal:        4016004 kB
MemFree:          127124 kB
Active:           355324 kB
Mem:          3.8G       3.7G       123M       5.7M        28M       3.2G

MemTotal:        4016004 kB
MemFree:          127296 kB
Active:           355144 kB
Mem:          3.8G       3.7G       124M       5.7M        28M       3.2G

MemTotal:        4016004 kB
MemFree:          126924 kB
Active:           355144 kB
Mem:          3.8G       3.7G       124M       5.7M        28M       3.2G

MemTotal:        4016004 kB
MemFree:          127420 kB
Active:           355116 kB
Mem:          3.8G       3.7G       124M       5.7M        28M       3.2G

MemTotal:        4016004 kB
MemFree:          127048 kB
Active:           355160 kB
Mem:          3.8G       3.7G       123M       5.7M        28M       3.2G

MemTotal:        4016004 kB
MemFree:          127544 kB
Active:           355108 kB
Mem:          3.8G       3.7G       124M       5.7M        28M       3.2G

MemTotal:        4016004 kB
MemFree:          127916 kB
Active:           355148 kB
Mem:          3.8G       3.7G       124M       5.7M        28M       3.2G

MemTotal:        4016004 kB
MemFree:          128040 kB
Active:           355144 kB
Mem:          3.8G       3.7G       125M       5.7M        28M       3.2G

MemTotal:        4016004 kB
MemFree:          127544 kB
Active:           355164 kB
Mem:          3.8G       3.7G       124M       5.7M        28M       3.2G

MemTotal:        4016004 kB
MemFree:          127916 kB
Active:           355128 kB
Mem:          3.8G       3.7G       124M       5.7M        28M       3.2G

MemTotal:        4016004 kB
MemFree:          128040 kB
Active:           355172 kB
Mem:          3.8G       3.7G       124M       5.7M        28M       3.2G

MemTotal:        4016004 kB
MemFree:          128072 kB
Active:           355140 kB
Mem:          3.8G       3.7G       124M       5.7M        28M       3.2G

MemTotal:        4016004 kB
MemFree:          128072 kB
Active:           355120 kB
Mem:          3.8G       3.7G       125M       5.7M        28M       3.2G

MemTotal:        4016004 kB
MemFree:          128072 kB
Active:           355160 kB
Mem:          3.8G       3.7G       125M       5.7M        28M       3.2G

MemTotal:        4016004 kB
MemFree:          127452 kB
Active:           355180 kB
Mem:          3.8G       3.7G       124M       5.7M        28M       3.2G

MemTotal:        4016004 kB
MemFree:          127328 kB
Active:           355132 kB
Mem:          3.8G       3.7G       124M       5.7M        28M       3.2G

MemTotal:        4016004 kB
MemFree:          127328 kB
Active:           355148 kB
Mem:          3.8G       3.7G       124M       5.7M        28M       3.2G

MemTotal:        4016004 kB
MemFree:          127452 kB
Active:           355132 kB
Mem:          3.8G       3.7G       124M       5.7M        28M       3.2G

MemTotal:        4016004 kB
MemFree:          127080 kB
Active:           355188 kB
Mem:          3.8G       3.7G       124M       5.7M        28M       3.2G

MemTotal:        4016004 kB
MemFree:          127328 kB
Active:           355144 kB
Mem:          3.8G       3.7G       124M       5.7M        28M       3.2G

MemTotal:        4016004 kB
MemFree:          127700 kB
Active:           355132 kB
Mem:          3.8G       3.7G       124M       5.7M        28M       3.2G

MemTotal:        4016004 kB
MemFree:          127576 kB
Active:           355172 kB
Mem:          3.8G       3.7G       124M       5.7M        28M       3.2G

MemTotal:        4016004 kB
MemFree:          127204 kB
Active:           355196 kB
Mem:          3.8G       3.7G       124M       5.7M        28M       3.2G

MemTotal:        4016004 kB
MemFree:          127576 kB
Active:           355180 kB
Mem:          3.8G       3.7G       124M       5.7M        28M       3.2G

MemTotal:        4016004 kB
MemFree:          127452 kB
Active:           355156 kB
Mem:          3.8G       3.7G       124M       5.7M        28M       3.2G

MemTotal:        4016004 kB
MemFree:          127452 kB
Active:           355180 kB
Mem:          3.8G       3.7G       124M       5.7M        28M       3.2G

MemTotal:        4016004 kB
MemFree:          127452 kB
Active:           355156 kB
Mem:          3.8G       3.7G       124M       5.7M        28M       3.2G

MemTotal:        4016004 kB
MemFree:          127576 kB
Active:           355180 kB
Mem:          3.8G       3.7G       124M       5.7M        28M       3.2G

MemTotal:        4016004 kB
MemFree:          127576 kB
Active:           355160 kB
Mem:          3.8G       3.7G       124M       5.7M        28M       3.2G

MemTotal:        4016004 kB
MemFree:          127576 kB
Active:           355180 kB
Mem:          3.8G       3.7G       124M       5.7M        28M       3.2G

MemTotal:        4016004 kB
MemFree:          127204 kB
Active:           355212 kB
