MemTotal:        4016004 kB
MemFree:         3201156 kB
Active:           460232 kB
Mem:          3.8G       796M       3.1G       5.7M        56M       327M

MemTotal:        4016004 kB
MemFree:         3201056 kB
Active:           460676 kB
Mem:          3.8G       796M       3.1G       5.7M        56M       327M

MemTotal:        4016004 kB
MemFree:         3200916 kB
Active:           460752 kB
Mem:          3.8G       796M       3.1G       5.7M        56M       327M

MemTotal:        4016004 kB
MemFree:         3200652 kB
Active:           460736 kB
Mem:          3.8G       796M       3.1G       5.7M        56M       327M

MemTotal:        4016004 kB
MemFree:         3200636 kB
Active:           460760 kB
Mem:          3.8G       796M       3.1G       5.7M        56M       327M

MemTotal:        4016004 kB
MemFree:         3200496 kB
Active:           460752 kB
Mem:          3.8G       796M       3.1G       5.7M        56M       327M

MemTotal:        4016004 kB
MemFree:         3200480 kB
Active:           460768 kB
Mem:          3.8G       796M       3.1G       5.7M        56M       327M

MemTotal:        4016004 kB
MemFree:         3200264 kB
Active:           460804 kB
Mem:          3.8G       796M       3.1G       5.7M        56M       327M

MemTotal:        4016004 kB
MemFree:         3200264 kB
Active:           460752 kB
Mem:          3.8G       796M       3.1G       5.7M        56M       327M

MemTotal:        4016004 kB
MemFree:         3200512 kB
Active:           460764 kB
Mem:          3.8G       796M       3.1G       5.7M        56M       327M

MemTotal:        4016004 kB
MemFree:         3200388 kB
Active:           460756 kB
Mem:          3.8G       796M       3.1G       5.7M        56M       327M

MemTotal:        4016004 kB
MemFree:         3200248 kB
Active:           460804 kB
Mem:          3.8G       796M       3.1G       5.7M        56M       327M

MemTotal:        4016004 kB
MemFree:         3200108 kB
Active:           460812 kB
Mem:          3.8G       796M       3.1G       5.7M        56M       327M

MemTotal:        4016004 kB
MemFree:         3198324 kB
Active:           460812 kB
Mem:          3.8G       798M       3.1G       5.7M        56M       327M

MemTotal:        4016004 kB
MemFree:         3198448 kB
Active:           462816 kB
Mem:          3.8G       798M       3.1G       5.7M        56M       327M

MemTotal:        4016004 kB
MemFree:         3198448 kB
Active:           462820 kB
Mem:          3.8G       798M       3.1G       5.7M        56M       327M

MemTotal:        4016004 kB
MemFree:         3198448 kB
Active:           462816 kB
Mem:          3.8G       798M       3.1G       5.7M        56M       327M

MemTotal:        4016004 kB
MemFree:         3198200 kB
Active:           462812 kB
Mem:          3.8G       798M       3.1G       5.7M        56M       327M

MemTotal:        4016004 kB
MemFree:         3197936 kB
Active:           462808 kB
Mem:          3.8G       798M       3.0G       5.7M        56M       327M

MemTotal:        4016004 kB
MemFree:         3198060 kB
Active:           462792 kB
Mem:          3.8G       798M       3.0G       5.7M        56M       327M

MemTotal:        4016004 kB
MemFree:         3198060 kB
Active:           462832 kB
Mem:          3.8G       798M       3.0G       5.7M        56M       327M

MemTotal:        4016004 kB
MemFree:         3198168 kB
Active:           462836 kB
Mem:          3.8G       798M       3.0G       5.7M        56M       327M

MemTotal:        4016004 kB
MemFree:         3197720 kB
Active:           462804 kB
Mem:          3.8G       799M       3.0G       5.7M        56M       327M

MemTotal:        4016004 kB
MemFree:         3197400 kB
Active:           460884 kB
Mem:          3.8G       799M       3.0G       5.7M        56M       327M

MemTotal:        4016004 kB
MemFree:         3197780 kB
Active:           462844 kB
Mem:          3.8G       798M       3.0G       5.7M        56M       327M

MemTotal:        4016004 kB
MemFree:         3198028 kB
Active:           462808 kB
Mem:          3.8G       798M       3.0G       5.7M        56M       327M

MemTotal:        4016004 kB
MemFree:         3198028 kB
Active:           462804 kB
Mem:          3.8G       798M       3.0G       5.7M        56M       327M

MemTotal:        4016004 kB
MemFree:         3198028 kB
Active:           462800 kB
Mem:          3.8G       798M       3.0G       5.7M        56M       327M

MemTotal:        4016004 kB
MemFree:         3197904 kB
Active:           462800 kB
Mem:          3.8G       799M       3.0G       5.7M        56M       327M

MemTotal:        4016004 kB
MemFree:         3197656 kB
Active:           462856 kB
Mem:          3.8G       799M       3.0G       5.7M        56M       327M

MemTotal:        4016004 kB
MemFree:         3197904 kB
Active:           462852 kB
Mem:          3.8G       798M       3.0G       5.7M        56M       327M

MemTotal:        4016004 kB
MemFree:         3198136 kB
Active:           462836 kB
Mem:          3.8G       798M       3.1G       5.7M        56M       327M

MemTotal:        4016004 kB
MemFree:         3198012 kB
Active:           462856 kB
Mem:          3.8G       798M       3.1G       5.7M        56M       327M

MemTotal:        4016004 kB
MemFree:         3198120 kB
Active:           462828 kB
Mem:          3.8G       798M       3.0G       5.7M        56M       327M

MemTotal:        4016004 kB
MemFree:         3198120 kB
Active:           462820 kB
Mem:          3.8G       798M       3.0G       5.7M        56M       327M

MemTotal:        4016004 kB
MemFree:         3198244 kB
Active:           462852 kB
Mem:          3.8G       798M       3.0G       5.7M        56M       327M

MemTotal:        4016004 kB
MemFree:         3197732 kB
Active:           462856 kB
Mem:          3.8G       799M       3.0G       5.7M        56M       327M

MemTotal:        4016004 kB
MemFree:         3197732 kB
Active:           462840 kB
Mem:          3.8G       799M       3.0G       5.7M        56M       327M

MemTotal:        4016004 kB
MemFree:         3197468 kB
Active:           462828 kB
Mem:          3.8G       799M       3.0G       5.7M        56M       327M

MemTotal:        4016004 kB
MemFree:         3197724 kB
Active:           462812 kB
Mem:          3.8G       798M       3.0G       5.7M        56M       327M

MemTotal:        4016004 kB
MemFree:         3197956 kB
Active:           462868 kB
Mem:          3.8G       798M       3.0G       5.7M        56M       327M

MemTotal:        4016004 kB
MemFree:         3197956 kB
Active:           462860 kB
Mem:          3.8G       798M       3.0G       5.7M        56M       327M

MemTotal:        4016004 kB
MemFree:         3197692 kB
Active:           462848 kB
Mem:          3.8G       799M       3.0G       5.7M        56M       327M

MemTotal:        4016004 kB
MemFree:         3195768 kB
Active:           462844 kB
Mem:          3.8G       800M       3.0G       5.7M        56M       327M

MemTotal:        4016004 kB
MemFree:         3196124 kB
Active:           464880 kB
Mem:          3.8G       800M       3.0G       5.7M        56M       327M

MemTotal:        4016004 kB
MemFree:         3195752 kB
Active:           464908 kB
Mem:          3.8G       801M       3.0G       5.7M        56M       327M

MemTotal:        4016004 kB
MemFree:         3195612 kB
Active:           464868 kB
Mem:          3.8G       801M       3.0G       5.7M        56M       327M

MemTotal:        4016004 kB
MemFree:         3195860 kB
Active:           464900 kB
Mem:          3.8G       801M       3.0G       5.7M        56M       327M

MemTotal:        4016004 kB
MemFree:         3195488 kB
Active:           464916 kB
Mem:          3.8G       801M       3.0G       5.7M        56M       327M

MemTotal:        4016004 kB
MemFree:         3195612 kB
Active:           464868 kB
Mem:          3.8G       801M       3.0G       5.7M        56M       327M

MemTotal:        4016004 kB
MemFree:         3195100 kB
Active:           464920 kB
Mem:          3.8G       801M       3.0G       5.7M        56M       327M

MemTotal:        4016004 kB
MemFree:         3195580 kB
Active:           464884 kB
Mem:          3.8G       801M       3.0G       5.7M        56M       327M

MemTotal:        4016004 kB
MemFree:         3195084 kB
Active:           464940 kB
Mem:          3.8G       801M       3.0G       5.7M        56M       327M

MemTotal:        4016004 kB
MemFree:         3194744 kB
Active:           462904 kB
Mem:          3.8G       801M       3.0G       5.7M        56M       327M

MemTotal:        4016004 kB
MemFree:         3195180 kB
Active:           464892 kB
Mem:          3.8G       801M       3.0G       5.7M        56M       327M

MemTotal:        4016004 kB
MemFree:         3195288 kB
Active:           464928 kB
Mem:          3.8G       801M       3.0G       5.7M        56M       327M

MemTotal:        4016004 kB
MemFree:         3195784 kB
Active:           464904 kB
Mem:          3.8G       801M       3.0G       5.7M        56M       327M

MemTotal:        4016004 kB
MemFree:         3195644 kB
Active:           464896 kB
Mem:          3.8G       801M       3.0G       5.7M        56M       327M

MemTotal:        4016004 kB
MemFree:         3195940 kB
Active:           464932 kB
Mem:          3.8G       800M       3.0G       5.7M        56M       327M

MemTotal:        4016004 kB
MemFree:         3196188 kB
Active:           464912 kB
Mem:          3.8G       800M       3.0G       5.7M        56M       327M

MemTotal:        4016004 kB
MemFree:         3195692 kB
Active:           464952 kB
Mem:          3.8G       801M       3.0G       5.7M        56M       327M

MemTotal:        4016004 kB
MemFree:         3195816 kB
Active:           464936 kB
Mem:          3.8G       800M       3.0G       5.7M        56M       327M

MemTotal:        4016004 kB
MemFree:         3195816 kB
Active:           464916 kB
Mem:          3.8G       800M       3.0G       5.7M        56M       327M

MemTotal:        4016004 kB
MemFree:         3195816 kB
Active:           464952 kB
Mem:          3.8G       801M       3.0G       5.7M        56M       327M

MemTotal:        4016004 kB
MemFree:         3195072 kB
Active:           464904 kB
Mem:          3.8G       801M       3.0G       5.7M        56M       327M

MemTotal:        4016004 kB
MemFree:         3195072 kB
Active:           464940 kB
Mem:          3.8G       801M       3.0G       5.7M        56M       327M

MemTotal:        4016004 kB
MemFree:         3195320 kB
Active:           464924 kB
Mem:          3.8G       801M       3.0G       5.7M        56M       327M

MemTotal:        4016004 kB
MemFree:         3195444 kB
Active:           464944 kB
Mem:          3.8G       801M       3.0G       5.7M        56M       327M

MemTotal:        4016004 kB
MemFree:         3195444 kB
Active:           464924 kB
Mem:          3.8G       801M       3.0G       5.7M        56M       327M

MemTotal:        4016004 kB
MemFree:         3195196 kB
Active:           464960 kB
Mem:          3.8G       801M       3.0G       5.7M        56M       327M

MemTotal:        4016004 kB
MemFree:         3195568 kB
Active:           464940 kB
Mem:          3.8G       801M       3.0G       5.7M        56M       327M

MemTotal:        4016004 kB
MemFree:         3195444 kB
Active:           464924 kB
Mem:          3.8G       801M       3.0G       5.7M        56M       327M

MemTotal:        4016004 kB
MemFree:         3195568 kB
Active:           464904 kB
Mem:          3.8G       801M       3.0G       5.7M        56M       327M

MemTotal:        4016004 kB
MemFree:         3195356 kB
Active:           463080 kB
Mem:          3.8G       801M       3.0G       5.7M        56M       327M

MemTotal:        4016004 kB
MemFree:         3194976 kB
Active:           464972 kB
Mem:          3.8G       801M       3.0G       5.7M        56M       327M

MemTotal:        4016004 kB
MemFree:         3195224 kB
Active:           464936 kB
Mem:          3.8G       801M       3.0G       5.7M        56M       327M

MemTotal:        4016004 kB
MemFree:         3194960 kB
Active:           464984 kB
Mem:          3.8G       801M       3.0G       5.7M        56M       327M

MemTotal:        4016004 kB
MemFree:         3194820 kB
Active:           464984 kB
Mem:          3.8G       801M       3.0G       5.7M        56M       327M

MemTotal:        4016004 kB
MemFree:         3195052 kB
Active:           464944 kB
Mem:          3.8G       801M       3.0G       5.7M        56M       327M

MemTotal:        4016004 kB
MemFree:         3195380 kB
Active:           464976 kB
Mem:          3.8G       801M       3.0G       5.7M        56M       327M

MemTotal:        4016004 kB
MemFree:         3195008 kB
Active:           464984 kB
Mem:          3.8G       801M       3.0G       5.7M        56M       327M

MemTotal:        4016004 kB
MemFree:         3195256 kB
Active:           464988 kB
Mem:          3.8G       801M       3.0G       5.7M        56M       327M

MemTotal:        4016004 kB
MemFree:         3195752 kB
Active:           464948 kB
Mem:          3.8G       801M       3.0G       5.7M        56M       327M

MemTotal:        4016004 kB
MemFree:         3193332 kB
Active:           465004 kB
Mem:          3.8G       803M       3.0G       5.7M        56M       327M

MemTotal:        4016004 kB
MemFree:         3193332 kB
Active:           467028 kB
Mem:          3.8G       803M       3.0G       5.7M        56M       327M

MemTotal:        4016004 kB
MemFree:         3193828 kB
Active:           466992 kB
Mem:          3.8G       802M       3.0G       5.7M        56M       327M

MemTotal:        4016004 kB
MemFree:         3193580 kB
Active:           466984 kB
Mem:          3.8G       803M       3.0G       5.7M        56M       327M

MemTotal:        4016004 kB
MemFree:         3193332 kB
Active:           467020 kB
Mem:          3.8G       803M       3.0G       5.7M        56M       327M

MemTotal:        4016004 kB
MemFree:         3193332 kB
Active:           466996 kB
Mem:          3.8G       803M       3.0G       5.7M        56M       327M

MemTotal:        4016004 kB
MemFree:         3193580 kB
Active:           467032 kB
Mem:          3.8G       802M       3.0G       5.7M        56M       327M

MemTotal:        4016004 kB
MemFree:         3193208 kB
Active:           467036 kB
Mem:          3.8G       803M       3.0G       5.7M        56M       327M

MemTotal:        4016004 kB
MemFree:         3193456 kB
Active:           467036 kB
Mem:          3.8G       803M       3.0G       5.7M        56M       327M

MemTotal:        4016004 kB
MemFree:         3193456 kB
Active:           467028 kB
Mem:          3.8G       803M       3.0G       5.7M        56M       327M

MemTotal:        4016004 kB
MemFree:         3193184 kB
Active:           465100 kB
Mem:          3.8G       803M       3.0G       5.7M        56M       327M

MemTotal:        4016004 kB
MemFree:         3193268 kB
Active:           467036 kB
Mem:          3.8G       803M       3.0G       5.7M        56M       327M

MemTotal:        4016004 kB
MemFree:         3193392 kB
Active:           466996 kB
Mem:          3.8G       803M       3.0G       5.7M        56M       327M

MemTotal:        4016004 kB
MemFree:         3193392 kB
Active:           467000 kB
Mem:          3.8G       803M       3.0G       5.7M        56M       327M

MemTotal:        4016004 kB
MemFree:         3193128 kB
Active:           467060 kB
Mem:          3.8G       803M       3.0G       5.7M        56M       327M

MemTotal:        4016004 kB
MemFree:         3193360 kB
Active:           467036 kB
Mem:          3.8G       803M       3.0G       5.7M        56M       327M

MemTotal:        4016004 kB
MemFree:         3193468 kB
Active:           467024 kB
Mem:          3.8G       803M       3.0G       5.7M        56M       327M

MemTotal:        4016004 kB
MemFree:         3193472 kB
Active:           467052 kB
Mem:          3.8G       803M       3.0G       5.7M        56M       327M

MemTotal:        4016004 kB
MemFree:         3154920 kB
Active:           467368 kB
Mem:          3.8G       840M       3.0G       5.7M        56M       366M

MemTotal:        4016004 kB
MemFree:         3112292 kB
Active:           467408 kB
Mem:          3.8G       883M       3.0G       5.7M        56M       407M

MemTotal:        4016004 kB
MemFree:         3066756 kB
Active:           467444 kB
Mem:          3.8G       927M       2.9G       5.7M        56M       447M

MemTotal:        4016004 kB
MemFree:         3024220 kB
Active:           469496 kB
Mem:          3.8G       968M       2.9G       5.7M        56M       488M

MemTotal:        4016004 kB
MemFree:         2982320 kB
Active:           469504 kB
Mem:          3.8G       1.0G       2.8G       5.7M        56M       529M

MemTotal:        4016004 kB
MemFree:         2940516 kB
Active:           469544 kB
Mem:          3.8G       1.0G       2.8G       5.7M        56M       570M

MemTotal:        4016004 kB
MemFree:         2898384 kB
Active:           469544 kB
Mem:          3.8G       1.1G       2.8G       5.7M        56M       611M

MemTotal:        4016004 kB
MemFree:         2855508 kB
Active:           469552 kB
Mem:          3.8G       1.1G       2.7G       5.7M        56M       652M

MemTotal:        4016004 kB
MemFree:         2812068 kB
Active:           469612 kB
Mem:          3.8G       1.1G       2.7G       5.7M        56M       693M

MemTotal:        4016004 kB
MemFree:         2769828 kB
Active:           469612 kB
Mem:          3.8G       1.2G       2.6G       5.7M        56M       733M

MemTotal:        4016004 kB
MemFree:         2726936 kB
Active:           469636 kB
Mem:          3.8G       1.2G       2.6G       5.7M        56M       774M

MemTotal:        4016004 kB
MemFree:         2684764 kB
Active:           469664 kB
Mem:          3.8G       1.3G       2.6G       5.7M        56M       815M

MemTotal:        4016004 kB
MemFree:         2642356 kB
Active:           469672 kB
Mem:          3.8G       1.3G       2.5G       5.7M        56M       856M

MemTotal:        4016004 kB
MemFree:         2634904 kB
Active:           469736 kB
Mem:          3.8G       1.3G       2.5G       5.7M        56M       862M

MemTotal:        4016004 kB
MemFree:         2592436 kB
Active:           469696 kB
Mem:          3.8G       1.4G       2.5G       5.7M        56M       903M

MemTotal:        4016004 kB
MemFree:         2550180 kB
Active:           469776 kB
Mem:          3.8G       1.4G       2.4G       5.7M        56M       944M

MemTotal:        4016004 kB
MemFree:         2507960 kB
Active:           469756 kB
Mem:          3.8G       1.4G       2.4G       5.7M        56M       985M

MemTotal:        4016004 kB
MemFree:         2464944 kB
Active:           469824 kB
Mem:          3.8G       1.5G       2.4G       5.7M        56M       1.0G

MemTotal:        4016004 kB
MemFree:         2423060 kB
Active:           469828 kB
Mem:          3.8G       1.5G       2.3G       5.7M        56M       1.0G

MemTotal:        4016004 kB
MemFree:         2380556 kB
Active:           469872 kB
Mem:          3.8G       1.6G       2.3G       5.7M        56M       1.1G

MemTotal:        4016004 kB
MemFree:         2338424 kB
Active:           469888 kB
Mem:          3.8G       1.6G       2.2G       5.7M        56M       1.1G

MemTotal:        4016004 kB
MemFree:         2295548 kB
Active:           469908 kB
Mem:          3.8G       1.6G       2.2G       5.7M        56M       1.2G

MemTotal:        4016004 kB
MemFree:         2286952 kB
Active:           469944 kB
Mem:          3.8G       1.6G       2.2G       5.7M        56M       1.2G

MemTotal:        4016004 kB
MemFree:         2244916 kB
Active:           469940 kB
Mem:          3.8G       1.7G       2.1G       5.7M        56M       1.2G

MemTotal:        4016004 kB
MemFree:         2202396 kB
Active:           469980 kB
Mem:          3.8G       1.7G       2.1G       5.7M        56M       1.2G

MemTotal:        4016004 kB
MemFree:         2187748 kB
Active:           470008 kB
Mem:          3.8G       1.7G       2.1G       5.7M        56M       1.3G

MemTotal:        4016004 kB
MemFree:         2186976 kB
Active:           469972 kB
Mem:          3.8G       1.7G       2.1G       5.7M        56M       1.3G

MemTotal:        4016004 kB
MemFree:         2186576 kB
Active:           470020 kB
Mem:          3.8G       1.7G       2.1G       5.7M        56M       1.3G

MemTotal:        4016004 kB
MemFree:         2162284 kB
Active:           470028 kB
Mem:          3.8G       1.8G       2.1G       5.7M        56M       1.3G

MemTotal:        4016004 kB
MemFree:         2118016 kB
Active:           470064 kB
Mem:          3.8G       1.8G       2.0G       5.7M        56M       1.3G

MemTotal:        4016004 kB
MemFree:         2073684 kB
Active:           470088 kB
Mem:          3.8G       1.9G       2.0G       5.7M        56M       1.4G

MemTotal:        4016004 kB
MemFree:         2032156 kB
Active:           470100 kB
Mem:          3.8G       1.9G       1.9G       5.7M        56M       1.4G

MemTotal:        4016004 kB
MemFree:         1989652 kB
Active:           470096 kB
Mem:          3.8G       1.9G       1.9G       5.7M        56M       1.4G

MemTotal:        4016004 kB
MemFree:         1947504 kB
Active:           470124 kB
Mem:          3.8G       2.0G       1.9G       5.7M        56M       1.5G

MemTotal:        4016004 kB
MemFree:         1903760 kB
Active:           470128 kB
Mem:          3.8G       2.0G       1.8G       5.7M        56M       1.5G

MemTotal:        4016004 kB
MemFree:         1861364 kB
Active:           470168 kB
Mem:          3.8G       2.1G       1.8G       5.7M        56M       1.6G

MemTotal:        4016004 kB
MemFree:         1818224 kB
Active:           470232 kB
Mem:          3.8G       2.1G       1.7G       5.7M        57M       1.6G

MemTotal:        4016004 kB
MemFree:         1775624 kB
Active:           470248 kB
Mem:          3.8G       2.1G       1.7G       5.7M        57M       1.6G

MemTotal:        4016004 kB
MemFree:         1736268 kB
Active:           470256 kB
Mem:          3.8G       2.2G       1.7G       5.7M        57M       1.7G

MemTotal:        4016004 kB
MemFree:         1733128 kB
Active:           470304 kB
Mem:          3.8G       2.2G       1.7G       5.7M        57M       1.7G

MemTotal:        4016004 kB
MemFree:         1705856 kB
Active:           470324 kB
Mem:          3.8G       2.2G       1.6G       5.7M        57M       1.7G

MemTotal:        4016004 kB
MemFree:         1663604 kB
Active:           470344 kB
Mem:          3.8G       2.2G       1.6G       5.7M        57M       1.8G

MemTotal:        4016004 kB
MemFree:         1620436 kB
Active:           470356 kB
Mem:          3.8G       2.3G       1.5G       5.7M        57M       1.8G

MemTotal:        4016004 kB
MemFree:         1578032 kB
Active:           470332 kB
Mem:          3.8G       2.3G       1.5G       5.7M        57M       1.8G

MemTotal:        4016004 kB
MemFree:         1536024 kB
Active:           470408 kB
Mem:          3.8G       2.4G       1.5G       5.7M        57M       1.9G

MemTotal:        4016004 kB
MemFree:         1493288 kB
Active:           470436 kB
Mem:          3.8G       2.4G       1.4G       5.7M        57M       1.9G

MemTotal:        4016004 kB
MemFree:         1450972 kB
Active:           470432 kB
Mem:          3.8G       2.4G       1.4G       5.7M        57M       2.0G

MemTotal:        4016004 kB
MemFree:         1408564 kB
Active:           470484 kB
Mem:          3.8G       2.5G       1.3G       5.7M        57M       2.0G

MemTotal:        4016004 kB
MemFree:         1366200 kB
Active:           470504 kB
Mem:          3.8G       2.5G       1.3G       5.7M        57M       2.0G

MemTotal:        4016004 kB
MemFree:         1323988 kB
Active:           470488 kB
Mem:          3.8G       2.6G       1.3G       5.7M        57M       2.1G

MemTotal:        4016004 kB
MemFree:         1293252 kB
Active:           470552 kB
Mem:          3.8G       2.6G       1.2G       5.7M        57M       2.1G

MemTotal:        4016004 kB
MemFree:         1292508 kB
Active:           470524 kB
Mem:          3.8G       2.6G       1.2G       5.7M        57M       2.1G

MemTotal:        4016004 kB
MemFree:         1277180 kB
Active:           470988 kB
Mem:          3.8G       2.6G       1.2G       5.7M        57M       2.1G

MemTotal:        4016004 kB
MemFree:         1235196 kB
Active:           470668 kB
Mem:          3.8G       2.7G       1.2G       5.7M        57M       2.2G

MemTotal:        4016004 kB
MemFree:         1193064 kB
Active:           470676 kB
Mem:          3.8G       2.7G       1.1G       5.7M        57M       2.2G

MemTotal:        4016004 kB
MemFree:         1153460 kB
Active:           474128 kB
Mem:          3.8G       2.7G       1.1G       5.7M        60M       2.2G

MemTotal:        4016004 kB
MemFree:         1107912 kB
Active:           474408 kB
Mem:          3.8G       2.8G       1.1G       5.7M        60M       2.3G

MemTotal:        4016004 kB
MemFree:         1063548 kB
Active:           474640 kB
Mem:          3.8G       2.8G       1.0G       5.7M        60M       2.3G

MemTotal:        4016004 kB
MemFree:         1019300 kB
Active:           474872 kB
Mem:          3.8G       2.9G       995M       5.7M        60M       2.4G

MemTotal:        4016004 kB
MemFree:          975200 kB
Active:           475132 kB
Mem:          3.8G       2.9G       951M       5.7M        60M       2.4G

MemTotal:        4016004 kB
MemFree:          934004 kB
Active:           476920 kB
Mem:          3.8G       2.9G       911M       5.7M        62M       2.4G

MemTotal:        4016004 kB
MemFree:          896776 kB
Active:           477700 kB
Mem:          3.8G       3.0G       875M       5.7M        63M       2.5G

MemTotal:        4016004 kB
MemFree:          851020 kB
Active:           475644 kB
Mem:          3.8G       3.0G       830M       5.7M        63M       2.5G

MemTotal:        4016004 kB
MemFree:          805944 kB
Active:           477680 kB
Mem:          3.8G       3.1G       786M       5.7M        63M       2.6G

MemTotal:        4016004 kB
MemFree:          761192 kB
Active:           477696 kB
Mem:          3.8G       3.1G       743M       5.7M        63M       2.6G

MemTotal:        4016004 kB
MemFree:          718224 kB
Active:           477708 kB
Mem:          3.8G       3.1G       700M       5.7M        63M       2.6G

MemTotal:        4016004 kB
MemFree:          673120 kB
Active:           477736 kB
Mem:          3.8G       3.2G       656M       5.7M        63M       2.7G

MemTotal:        4016004 kB
MemFree:          629212 kB
Active:           477728 kB
Mem:          3.8G       3.2G       614M       5.7M        63M       2.7G

MemTotal:        4016004 kB
MemFree:          585716 kB
Active:           477716 kB
Mem:          3.8G       3.3G       571M       5.7M        63M       2.8G

MemTotal:        4016004 kB
MemFree:          542220 kB
Active:           477704 kB
Mem:          3.8G       3.3G       528M       5.7M        63M       2.8G

MemTotal:        4016004 kB
MemFree:          497096 kB
Active:           477744 kB
Mem:          3.8G       3.4G       484M       5.7M        63M       2.8G

MemTotal:        4016004 kB
MemFree:          452164 kB
Active:           477688 kB
Mem:          3.8G       3.4G       441M       5.7M        63M       2.9G

MemTotal:        4016004 kB
MemFree:          407368 kB
Active:           477744 kB
Mem:          3.8G       3.4G       397M       5.7M        63M       2.9G

MemTotal:        4016004 kB
MemFree:          362816 kB
Active:           477724 kB
Mem:          3.8G       3.5G       354M       5.7M        63M       3.0G

MemTotal:        4016004 kB
MemFree:          319508 kB
Active:           477756 kB
Mem:          3.8G       3.5G       311M       5.7M        63M       3.0G

MemTotal:        4016004 kB
MemFree:          274632 kB
Active:           477756 kB
Mem:          3.8G       3.6G       268M       5.7M        63M       3.1G

MemTotal:        4016004 kB
MemFree:          262164 kB
Active:           477596 kB
Mem:          3.8G       3.6G       256M       5.7M        63M       3.1G

MemTotal:        4016004 kB
MemFree:          261668 kB
Active:           477608 kB
Mem:          3.8G       3.6G       255M       5.7M        63M       3.1G

MemTotal:        4016004 kB
MemFree:          261272 kB
Active:           477612 kB
Mem:          3.8G       3.6G       255M       5.7M        63M       3.1G

MemTotal:        4016004 kB
MemFree:          250564 kB
Active:           477560 kB
Mem:          3.8G       3.6G       244M       5.7M        63M       3.1G

MemTotal:        4016004 kB
MemFree:          205784 kB
Active:           477616 kB
Mem:          3.8G       3.6G       200M       5.7M        63M       3.1G

MemTotal:        4016004 kB
MemFree:          160304 kB
Active:           477608 kB
Mem:          3.8G       3.7G       156M       5.7M        63M       3.2G

MemTotal:        4016004 kB
MemFree:          114976 kB
Active:           476112 kB
Mem:          3.8G       3.7G       112M       5.7M        63M       3.2G

MemTotal:        4016004 kB
MemFree:          106356 kB
Active:           475136 kB
Mem:          3.8G       3.7G       114M       5.7M        30M       3.2G

MemTotal:        4016004 kB
MemFree:          130716 kB
Active:           493832 kB
Mem:          3.8G       3.7G       127M       5.7M        30M       3.2G

MemTotal:        4016004 kB
MemFree:          139444 kB
Active:           536288 kB
Mem:          3.8G       3.7G       135M       5.7M        30M       3.2G

MemTotal:        4016004 kB
MemFree:          120824 kB
Active:           534392 kB
Mem:          3.8G       3.7G       117M       5.7M        30M       3.2G

MemTotal:        4016004 kB
MemFree:          112360 kB
Active:           528748 kB
Mem:          3.8G       3.7G       109M       5.7M        30M       3.2G

MemTotal:        4016004 kB
MemFree:          114604 kB
Active:           521776 kB
Mem:          3.8G       3.7G       112M       5.7M        30M       3.2G

MemTotal:        4016004 kB
MemFree:          122496 kB
Active:           515760 kB
Mem:          3.8G       3.7G       119M       5.7M        30M       3.2G

MemTotal:        4016004 kB
MemFree:          119816 kB
Active:           512304 kB
Mem:          3.8G       3.7G       117M       5.7M        30M       3.2G

MemTotal:        4016004 kB
MemFree:          110904 kB
Active:           512196 kB
Mem:          3.8G       3.7G       107M       5.7M        30M       3.2G

MemTotal:        4016004 kB
MemFree:          119320 kB
Active:           506068 kB
Mem:          3.8G       3.7G       116M       5.7M        30M       3.2G

MemTotal:        4016004 kB
MemFree:          106212 kB
Active:           499156 kB
Mem:          3.8G       3.7G       103M       5.7M        30M       3.2G

MemTotal:        4016004 kB
MemFree:          132052 kB
Active:           490424 kB
Mem:          3.8G       3.7G       128M       5.7M        30M       3.2G

MemTotal:        4016004 kB
MemFree:          125304 kB
Active:           486924 kB
Mem:          3.8G       3.7G       122M       5.7M        30M       3.2G

MemTotal:        4016004 kB
MemFree:          128640 kB
Active:           481196 kB
Mem:          3.8G       3.7G       125M       5.7M        30M       3.2G

MemTotal:        4016004 kB
MemFree:          120476 kB
Active:           477716 kB
Mem:          3.8G       3.7G       117M       5.7M        30M       3.2G

MemTotal:        4016004 kB
MemFree:          113144 kB
Active:           476560 kB
Mem:          3.8G       3.7G       110M       5.7M        30M       3.2G

MemTotal:        4016004 kB
MemFree:          104968 kB
Active:           475428 kB
Mem:          3.8G       3.7G       102M       5.7M        30M       3.2G

MemTotal:        4016004 kB
MemFree:          105648 kB
Active:           473484 kB
Mem:          3.8G       3.7G       103M       5.7M        30M       3.2G

MemTotal:        4016004 kB
MemFree:          132772 kB
Active:           469320 kB
Mem:          3.8G       3.7G       129M       5.7M        30M       3.2G

MemTotal:        4016004 kB
MemFree:          124304 kB
Active:           469352 kB
Mem:          3.8G       3.7G       121M       5.7M        30M       3.2G

MemTotal:        4016004 kB
MemFree:          107212 kB
Active:           469364 kB
Mem:          3.8G       3.7G       104M       5.7M        30M       3.2G

MemTotal:        4016004 kB
MemFree:          124328 kB
Active:           467716 kB
Mem:          3.8G       3.7G       121M       5.7M        30M       3.2G

MemTotal:        4016004 kB
MemFree:          127688 kB
Active:           466296 kB
Mem:          3.8G       3.7G       124M       5.7M        30M       3.2G

MemTotal:        4016004 kB
MemFree:          126092 kB
Active:           464780 kB
Mem:          3.8G       3.7G       122M       5.7M        30M       3.2G

MemTotal:        4016004 kB
MemFree:          111192 kB
Active:           463616 kB
Mem:          3.8G       3.7G       108M       5.7M        30M       3.2G

MemTotal:        4016004 kB
MemFree:          126912 kB
Active:           461972 kB
Mem:          3.8G       3.7G       123M       5.7M        30M       3.2G

MemTotal:        4016004 kB
MemFree:          124168 kB
Active:           460440 kB
Mem:          3.8G       3.7G       121M       5.7M        30M       3.2G

MemTotal:        4016004 kB
MemFree:          105612 kB
Active:           459504 kB
Mem:          3.8G       3.7G       103M       5.7M        30M       3.2G

MemTotal:        4016004 kB
MemFree:          132680 kB
Active:           455316 kB
Mem:          3.8G       3.7G       129M       5.7M        30M       3.2G

MemTotal:        4016004 kB
MemFree:          125888 kB
Active:           454196 kB
Mem:          3.8G       3.7G       122M       5.7M        30M       3.2G

MemTotal:        4016004 kB
MemFree:          135072 kB
Active:           452512 kB
Mem:          3.8G       3.7G       131M       5.7M        30M       3.2G

MemTotal:        4016004 kB
MemFree:          132820 kB
Active:           451324 kB
Mem:          3.8G       3.7G       129M       5.7M        30M       3.2G

MemTotal:        4016004 kB
MemFree:          127312 kB
Active:           451232 kB
Mem:          3.8G       3.7G       124M       5.7M        30M       3.2G

MemTotal:        4016004 kB
MemFree:          111588 kB
Active:           450196 kB
Mem:          3.8G       3.7G       108M       5.7M        30M       3.2G

MemTotal:        4016004 kB
MemFree:          127316 kB
Active:           448584 kB
Mem:          3.8G       3.7G       124M       5.7M        30M       3.2G

MemTotal:        4016004 kB
MemFree:          106028 kB
Active:           447180 kB
Mem:          3.8G       3.7G       103M       5.7M        30M       3.2G

MemTotal:        4016004 kB
MemFree:          127756 kB
Active:           445132 kB
Mem:          3.8G       3.7G       124M       5.7M        30M       3.2G

MemTotal:        4016004 kB
MemFree:          118880 kB
Active:           443948 kB
Mem:          3.8G       3.7G       116M       5.7M        30M       3.2G

MemTotal:        4016004 kB
MemFree:          127120 kB
Active:           441944 kB
Mem:          3.8G       3.7G       124M       5.7M        30M       3.2G

MemTotal:        4016004 kB
MemFree:          119432 kB
Active:           438664 kB
Mem:          3.8G       3.7G       116M       5.7M        30M       3.2G

MemTotal:        4016004 kB
MemFree:          111196 kB
Active:           435536 kB
Mem:          3.8G       3.7G       108M       5.7M        30M       3.2G

MemTotal:        4016004 kB
MemFree:          116964 kB
Active:           433668 kB
Mem:          3.8G       3.7G       114M       5.7M        30M       3.2G

MemTotal:        4016004 kB
MemFree:          125308 kB
Active:           431744 kB
Mem:          3.8G       3.7G       122M       5.7M        30M       3.2G

MemTotal:        4016004 kB
MemFree:          119660 kB
Active:           430556 kB
Mem:          3.8G       3.7G       116M       5.7M        30M       3.2G

MemTotal:        4016004 kB
MemFree:          108096 kB
Active:           430472 kB
Mem:          3.8G       3.7G       105M       5.7M        30M       3.2G

MemTotal:        4016004 kB
MemFree:          125592 kB
Active:           428416 kB
Mem:          3.8G       3.7G       121M       5.7M        30M       3.2G

MemTotal:        4016004 kB
MemFree:          128608 kB
Active:           427168 kB
Mem:          3.8G       3.7G       125M       5.7M        30M       3.2G

MemTotal:        4016004 kB
MemFree:          126264 kB
Active:           425620 kB
Mem:          3.8G       3.7G       123M       5.7M        30M       3.2G

MemTotal:        4016004 kB
MemFree:          119416 kB
Active:           424232 kB
Mem:          3.8G       3.7G       116M       5.7M        30M       3.2G

MemTotal:        4016004 kB
MemFree:          111272 kB
Active:           423084 kB
Mem:          3.8G       3.7G       108M       5.7M        30M       3.2G

MemTotal:        4016004 kB
MemFree:          125816 kB
Active:           421420 kB
Mem:          3.8G       3.7G       122M       5.7M        30M       3.2G

MemTotal:        4016004 kB
MemFree:          115916 kB
Active:           420268 kB
Mem:          3.8G       3.7G       113M       5.7M        30M       3.2G

MemTotal:        4016004 kB
MemFree:          128284 kB
Active:           418960 kB
Mem:          3.8G       3.7G       124M       5.7M        30M       3.2G

MemTotal:        4016004 kB
MemFree:          126176 kB
Active:           417952 kB
Mem:          3.8G       3.7G       122M       5.7M        30M       3.2G

MemTotal:        4016004 kB
MemFree:          128112 kB
Active:           416784 kB
Mem:          3.8G       3.7G       124M       5.7M        30M       3.2G

MemTotal:        4016004 kB
MemFree:          127772 kB
Active:           416660 kB
Mem:          3.8G       3.7G       124M       5.7M        30M       3.2G

MemTotal:        4016004 kB
MemFree:          128360 kB
Active:           415680 kB
Mem:          3.8G       3.7G       125M       5.7M        30M       3.2G

MemTotal:        4016004 kB
MemFree:          113672 kB
Active:           414544 kB
Mem:          3.8G       3.7G       110M       5.7M        30M       3.2G

MemTotal:        4016004 kB
MemFree:          127552 kB
Active:           412312 kB
Mem:          3.8G       3.7G       124M       5.7M        30M       3.2G

MemTotal:        4016004 kB
MemFree:          124856 kB
Active:           410184 kB
Mem:          3.8G       3.7G       122M       5.7M        30M       3.2G

MemTotal:        4016004 kB
MemFree:          117168 kB
Active:           408908 kB
Mem:          3.8G       3.7G       114M       5.7M        30M       3.2G

MemTotal:        4016004 kB
MemFree:          108608 kB
Active:           407588 kB
Mem:          3.8G       3.7G       106M       5.7M        30M       3.2G

MemTotal:        4016004 kB
MemFree:          113928 kB
Active:           405712 kB
Mem:          3.8G       3.7G       110M       5.7M        30M       3.2G

MemTotal:        4016004 kB
MemFree:          115820 kB
Active:           403932 kB
Mem:          3.8G       3.7G       113M       5.7M        30M       3.2G

MemTotal:        4016004 kB
MemFree:          132564 kB
Active:           403644 kB
Mem:          3.8G       3.7G       129M       5.7M        30M       3.2G

MemTotal:        4016004 kB
MemFree:          123804 kB
Active:           403632 kB
Mem:          3.8G       3.7G       120M       5.7M        30M       3.2G

MemTotal:        4016004 kB
MemFree:          130296 kB
Active:           403628 kB
Mem:          3.8G       3.7G       127M       5.7M        30M       3.2G

MemTotal:        4016004 kB
MemFree:          127116 kB
Active:           403696 kB
Mem:          3.8G       3.7G       124M       5.7M        30M       3.2G

MemTotal:        4016004 kB
MemFree:          126636 kB
Active:           403804 kB
Mem:          3.8G       3.7G       123M       5.7M        30M       3.2G

MemTotal:        4016004 kB
MemFree:          127548 kB
Active:           405832 kB
Mem:          3.8G       3.7G       124M       5.7M        30M       3.2G

MemTotal:        4016004 kB
MemFree:          107496 kB
Active:           405868 kB
Mem:          3.8G       3.7G       104M       5.7M        30M       3.2G

MemTotal:        4016004 kB
MemFree:          117380 kB
Active:           403928 kB
Mem:          3.8G       3.7G       114M       5.7M        30M       3.2G

MemTotal:        4016004 kB
MemFree:          110684 kB
Active:           403804 kB
Mem:          3.8G       3.7G       108M       5.7M        30M       3.2G

MemTotal:        4016004 kB
MemFree:          127256 kB
Active:           403780 kB
Mem:          3.8G       3.7G       124M       5.7M        30M       3.2G

MemTotal:        4016004 kB
MemFree:          125068 kB
Active:           403684 kB
Mem:          3.8G       3.7G       121M       5.7M        30M       3.2G

MemTotal:        4016004 kB
MemFree:          110716 kB
Active:           403684 kB
Mem:          3.8G       3.7G       107M       5.7M        30M       3.2G

MemTotal:        4016004 kB
MemFree:          126740 kB
Active:           403656 kB
Mem:          3.8G       3.7G       123M       5.7M        30M       3.2G

MemTotal:        4016004 kB
MemFree:          108936 kB
Active:           403540 kB
Mem:          3.8G       3.7G       106M       5.7M        30M       3.2G

MemTotal:        4016004 kB
MemFree:          111376 kB
Active:           402400 kB
Mem:          3.8G       3.7G       108M       5.7M        30M       3.2G

MemTotal:        4016004 kB
MemFree:          118972 kB
Active:           403496 kB
Mem:          3.8G       3.7G       116M       5.7M        30M       3.2G

MemTotal:        4016004 kB
MemFree:          110040 kB
Active:           403544 kB
Mem:          3.8G       3.7G       107M       5.7M        30M       3.2G

MemTotal:        4016004 kB
MemFree:          125856 kB
Active:           403552 kB
Mem:          3.8G       3.7G       123M       5.7M        30M       3.2G

MemTotal:        4016004 kB
MemFree:          109988 kB
Active:           403576 kB
Mem:          3.8G       3.7G       107M       5.7M        30M       3.2G

MemTotal:        4016004 kB
MemFree:          126680 kB
Active:           403552 kB
Mem:          3.8G       3.7G       123M       5.7M        30M       3.2G

MemTotal:        4016004 kB
MemFree:          109116 kB
Active:           403588 kB
Mem:          3.8G       3.7G       106M       5.7M        30M       3.2G

MemTotal:        4016004 kB
MemFree:          125536 kB
Active:           403452 kB
Mem:          3.8G       3.7G       122M       5.7M        30M       3.2G

MemTotal:        4016004 kB
MemFree:          127412 kB
Active:           403456 kB
Mem:          3.8G       3.7G       124M       5.7M        30M       3.2G

MemTotal:        4016004 kB
MemFree:          108736 kB
Active:           403432 kB
Mem:          3.8G       3.7G       105M       5.7M        30M       3.2G

MemTotal:        4016004 kB
MemFree:          128072 kB
Active:           403416 kB
Mem:          3.8G       3.7G       132M       5.7M        30M       3.2G

MemTotal:        4016004 kB
MemFree:          132444 kB
Active:           403336 kB
Mem:          3.8G       3.7G       136M       5.7M        30M       3.2G

MemTotal:        4016004 kB
MemFree:          125544 kB
Active:           403312 kB
Mem:          3.8G       3.7G       121M       5.7M        30M       3.2G

MemTotal:        4016004 kB
MemFree:          127284 kB
Active:           403228 kB
Mem:          3.8G       3.7G       124M       5.7M        30M       3.2G

MemTotal:        4016004 kB
MemFree:          107804 kB
Active:           403224 kB
Mem:          3.8G       3.7G       105M       5.7M        30M       3.2G

MemTotal:        4016004 kB
MemFree:          120320 kB
Active:           403224 kB
Mem:          3.8G       3.7G       117M       5.7M        30M       3.2G

MemTotal:        4016004 kB
MemFree:          124076 kB
Active:           403236 kB
Mem:          3.8G       3.7G       121M       5.7M        30M       3.2G

MemTotal:        4016004 kB
MemFree:          132300 kB
Active:           403220 kB
Mem:          3.8G       3.7G       129M       5.7M        30M       3.2G

MemTotal:        4016004 kB
MemFree:          111892 kB
Active:           403240 kB
Mem:          3.8G       3.7G       109M       5.7M        30M       3.2G

MemTotal:        4016004 kB
MemFree:          121472 kB
Active:           403232 kB
Mem:          3.8G       3.7G       125M       5.7M        30M       3.2G

MemTotal:        4016004 kB
MemFree:          111864 kB
Active:           403248 kB
Mem:          3.8G       3.7G       109M       5.7M        30M       3.2G

MemTotal:        4016004 kB
MemFree:          118240 kB
Active:           403192 kB
Mem:          3.8G       3.7G       114M       5.7M        30M       3.2G

MemTotal:        4016004 kB
MemFree:          126516 kB
Active:           397992 kB
Mem:          3.8G       3.7G       122M       5.7M        30M       3.2G

MemTotal:        4016004 kB
MemFree:          127684 kB
Active:           397992 kB
Mem:          3.8G       3.7G       124M       5.7M        30M       3.2G

MemTotal:        4016004 kB
MemFree:          124504 kB
Active:           397992 kB
Mem:          3.8G       3.7G       121M       5.7M        30M       3.2G

MemTotal:        4016004 kB
MemFree:          106412 kB
Active:           397980 kB
Mem:          3.8G       3.7G       104M       5.7M        30M       3.2G

MemTotal:        4016004 kB
MemFree:          134148 kB
Active:           397984 kB
Mem:          3.8G       3.7G       131M       5.7M        30M       3.2G

MemTotal:        4016004 kB
MemFree:          121932 kB
Active:           397972 kB
Mem:          3.8G       3.7G       119M       5.7M        30M       3.2G

MemTotal:        4016004 kB
MemFree:          125008 kB
Active:           397984 kB
Mem:          3.8G       3.7G       122M       5.7M        30M       3.2G

MemTotal:        4016004 kB
MemFree:          116532 kB
Active:           398008 kB
Mem:          3.8G       3.7G       114M       5.7M        30M       3.2G

MemTotal:        4016004 kB
MemFree:          129296 kB
Active:           396892 kB
Mem:          3.8G       3.7G       126M       5.7M        30M       3.2G

MemTotal:        4016004 kB
MemFree:          145640 kB
Active:           396572 kB
Mem:          3.8G       3.7G       142M       5.7M        30M       3.2G

MemTotal:        4016004 kB
MemFree:          125496 kB
Active:           396436 kB
Mem:          3.8G       3.7G       122M       5.7M        30M       3.2G

MemTotal:        4016004 kB
MemFree:          146468 kB
Active:           396456 kB
Mem:          3.8G       3.7G       142M       5.7M        30M       3.2G

MemTotal:        4016004 kB
MemFree:          125404 kB
Active:           396480 kB
Mem:          3.8G       3.7G       122M       5.7M        30M       3.2G

MemTotal:        4016004 kB
MemFree:          128124 kB
Active:           396356 kB
Mem:          3.8G       3.7G       124M       5.7M        30M       3.2G

MemTotal:        4016004 kB
MemFree:          126876 kB
Active:           396336 kB
Mem:          3.8G       3.7G       123M       5.7M        30M       3.2G

MemTotal:        4016004 kB
MemFree:          133804 kB
Active:           396364 kB
Mem:          3.8G       3.7G       130M       5.7M        30M       3.2G

MemTotal:        4016004 kB
MemFree:          126796 kB
Active:           394788 kB
Mem:          3.8G       3.7G       123M       5.7M        30M       3.2G

MemTotal:        4016004 kB
MemFree:          118024 kB
Active:           394668 kB
Mem:          3.8G       3.7G       115M       5.7M        30M       3.2G

MemTotal:        4016004 kB
MemFree:          125804 kB
Active:           394644 kB
Mem:          3.8G       3.7G       122M       5.7M        30M       3.2G

MemTotal:        4016004 kB
MemFree:          128356 kB
Active:           395896 kB
Mem:          3.8G       3.7G       124M       5.7M        30M       3.2G

MemTotal:        4016004 kB
MemFree:          120504 kB
Active:           395920 kB
Mem:          3.8G       3.7G       117M       5.7M        30M       3.2G

MemTotal:        4016004 kB
MemFree:          123240 kB
Active:           395776 kB
Mem:          3.8G       3.7G       120M       5.7M        30M       3.2G

MemTotal:        4016004 kB
MemFree:          131604 kB
Active:           395692 kB
Mem:          3.8G       3.7G       128M       5.7M        30M       3.2G

MemTotal:        4016004 kB
MemFree:          123164 kB
Active:           395672 kB
Mem:          3.8G       3.7G       120M       5.7M        30M       3.2G

MemTotal:        4016004 kB
MemFree:          108100 kB
Active:           395648 kB
Mem:          3.8G       3.7G       105M       5.7M        30M       3.2G

MemTotal:        4016004 kB
MemFree:          124140 kB
Active:           394724 kB
Mem:          3.8G       3.7G       121M       5.7M        30M       3.2G

MemTotal:        4016004 kB
MemFree:          133592 kB
Active:           394568 kB
Mem:          3.8G       3.7G       130M       5.7M        30M       3.2G

MemTotal:        4016004 kB
MemFree:          125144 kB
Active:           394552 kB
Mem:          3.8G       3.7G       121M       5.7M        30M       3.2G

MemTotal:        4016004 kB
MemFree:          109452 kB
Active:           394604 kB
Mem:          3.8G       3.7G       106M       5.7M        30M       3.2G

MemTotal:        4016004 kB
MemFree:          127512 kB
Active:           394628 kB
Mem:          3.8G       3.7G       124M       5.7M        30M       3.2G

MemTotal:        4016004 kB
MemFree:          119084 kB
Active:           394644 kB
Mem:          3.8G       3.7G       116M       5.7M        30M       3.2G

MemTotal:        4016004 kB
MemFree:          134916 kB
Active:           394628 kB
Mem:          3.8G       3.7G       131M       5.7M        30M       3.2G

MemTotal:        4016004 kB
MemFree:          127268 kB
Active:           394600 kB
Mem:          3.8G       3.7G       124M       5.7M        30M       3.2G

MemTotal:        4016004 kB
MemFree:          131776 kB
Active:           394600 kB
Mem:          3.8G       3.7G       128M       5.7M        30M       3.2G

MemTotal:        4016004 kB
MemFree:          146408 kB
Active:           382168 kB
Mem:          3.8G       3.7G       143M       5.7M        30M       3.2G

MemTotal:        4016004 kB
MemFree:          126340 kB
Active:           382040 kB
Mem:          3.8G       3.7G       122M       5.7M        30M       3.2G

MemTotal:        4016004 kB
MemFree:          125716 kB
Active:           382076 kB
Mem:          3.8G       3.7G       122M       5.7M        30M       3.2G

MemTotal:        4016004 kB
MemFree:          124168 kB
Active:           382076 kB
Mem:          3.8G       3.7G       121M       5.7M        30M       3.2G

MemTotal:        4016004 kB
MemFree:          115500 kB
Active:           382080 kB
Mem:          3.8G       3.7G       113M       5.7M        30M       3.2G

MemTotal:        4016004 kB
MemFree:          124920 kB
Active:           382084 kB
Mem:          3.8G       3.7G       121M       5.7M        30M       3.2G

MemTotal:        4016004 kB
MemFree:          110648 kB
Active:           382084 kB
Mem:          3.8G       3.7G       107M       5.7M        30M       3.2G

MemTotal:        4016004 kB
MemFree:          130964 kB
Active:           382056 kB
Mem:          3.8G       3.7G       127M       5.7M        30M       3.2G

MemTotal:        4016004 kB
MemFree:          111600 kB
Active:           382064 kB
Mem:          3.8G       3.7G       108M       5.7M        30M       3.2G

MemTotal:        4016004 kB
MemFree:          126360 kB
Active:           382080 kB
Mem:          3.8G       3.7G       123M       5.7M        30M       3.2G

MemTotal:        4016004 kB
MemFree:          109984 kB
Active:           382072 kB
Mem:          3.8G       3.7G       107M       5.7M        30M       3.2G

MemTotal:        4016004 kB
MemFree:          129460 kB
Active:           378812 kB
Mem:          3.8G       3.7G       126M       5.7M        30M       3.2G

MemTotal:        4016004 kB
MemFree:          110452 kB
Active:           378860 kB
Mem:          3.8G       3.7G       107M       5.7M        30M       3.2G

MemTotal:        4016004 kB
MemFree:          125088 kB
Active:           378860 kB
Mem:          3.8G       3.7G       124M       5.7M        30M       3.2G

MemTotal:        4016004 kB
MemFree:          129000 kB
Active:           378824 kB
Mem:          3.8G       3.7G       126M       5.7M        30M       3.2G

MemTotal:        4016004 kB
MemFree:          138532 kB
Active:           378888 kB
Mem:          3.8G       3.7G       135M       5.7M        30M       3.2G

MemTotal:        4016004 kB
MemFree:          131208 kB
Active:           378852 kB
Mem:          3.8G       3.7G       127M       5.7M        30M       3.2G

MemTotal:        4016004 kB
MemFree:          122496 kB
Active:           378860 kB
Mem:          3.8G       3.7G       119M       5.7M        30M       3.2G

MemTotal:        4016004 kB
MemFree:          115188 kB
Active:           378892 kB
Mem:          3.8G       3.7G       112M       5.7M        30M       3.2G

MemTotal:        4016004 kB
MemFree:          114688 kB
Active:           378880 kB
Mem:          3.8G       3.7G       112M       5.7M        30M       3.2G

MemTotal:        4016004 kB
MemFree:          114472 kB
Active:           378904 kB
Mem:          3.8G       3.7G       111M       5.7M        30M       3.2G

MemTotal:        4016004 kB
MemFree:          128148 kB
Active:           378884 kB
Mem:          3.8G       3.7G       124M       5.7M        30M       3.2G

MemTotal:        4016004 kB
MemFree:          131684 kB
Active:           378912 kB
Mem:          3.8G       3.7G       128M       5.7M        30M       3.2G

MemTotal:        4016004 kB
MemFree:          123204 kB
Active:           378864 kB
Mem:          3.8G       3.7G       120M       5.7M        30M       3.2G

MemTotal:        4016004 kB
MemFree:          129204 kB
Active:           376884 kB
Mem:          3.8G       3.7G       126M       5.7M        30M       3.2G

MemTotal:        4016004 kB
MemFree:          122816 kB
Active:           376840 kB
Mem:          3.8G       3.7G       119M       5.7M        30M       3.2G

MemTotal:        4016004 kB
MemFree:          108288 kB
Active:           376864 kB
Mem:          3.8G       3.7G       105M       5.7M        30M       3.2G

MemTotal:        4016004 kB
MemFree:          124064 kB
Active:           376880 kB
Mem:          3.8G       3.7G       122M       5.7M        30M       3.2G

MemTotal:        4016004 kB
MemFree:          137668 kB
Active:           376840 kB
Mem:          3.8G       3.7G       134M       5.7M        30M       3.2G

MemTotal:        4016004 kB
MemFree:          108492 kB
Active:           376892 kB
Mem:          3.8G       3.7G       105M       5.7M        30M       3.2G

MemTotal:        4016004 kB
MemFree:          126648 kB
Active:           376876 kB
Mem:          3.8G       3.7G       123M       5.7M        30M       3.2G

MemTotal:        4016004 kB
MemFree:          105952 kB
Active:           376860 kB
Mem:          3.8G       3.7G       103M       5.7M        30M       3.2G

MemTotal:        4016004 kB
MemFree:          112392 kB
Active:           376888 kB
Mem:          3.8G       3.7G       109M       5.7M        30M       3.2G

MemTotal:        4016004 kB
MemFree:          122616 kB
Active:           376880 kB
Mem:          3.8G       3.7G       119M       5.7M        30M       3.2G

MemTotal:        4016004 kB
MemFree:          125956 kB
Active:           376916 kB
Mem:          3.8G       3.7G       123M       5.7M        30M       3.2G

MemTotal:        4016004 kB
MemFree:          132032 kB
Active:           376908 kB
Mem:          3.8G       3.7G       128M       5.7M        30M       3.2G

MemTotal:        4016004 kB
MemFree:          125580 kB
Active:           374904 kB
Mem:          3.8G       3.7G       122M       5.7M        30M       3.2G

MemTotal:        4016004 kB
MemFree:          117436 kB
Active:           374800 kB
Mem:          3.8G       3.7G       114M       5.7M        30M       3.2G

MemTotal:        4016004 kB
MemFree:          116988 kB
Active:           374812 kB
Mem:          3.8G       3.7G       114M       5.7M        30M       3.2G

MemTotal:        4016004 kB
MemFree:          108988 kB
Active:           374792 kB
Mem:          3.8G       3.7G       105M       5.7M        30M       3.2G

MemTotal:        4016004 kB
MemFree:          119788 kB
Active:           374836 kB
Mem:          3.8G       3.7G       116M       5.7M        30M       3.2G

MemTotal:        4016004 kB
MemFree:          111280 kB
Active:           374836 kB
Mem:          3.8G       3.7G       109M       5.7M        30M       3.2G

MemTotal:        4016004 kB
MemFree:          117420 kB
Active:           374812 kB
Mem:          3.8G       3.7G       114M       5.7M        30M       3.2G

MemTotal:        4016004 kB
MemFree:          132924 kB
Active:           374864 kB
Mem:          3.8G       3.7G       129M       5.7M        30M       3.2G

MemTotal:        4016004 kB
MemFree:          128676 kB
Active:           374848 kB
Mem:          3.8G       3.7G       125M       5.7M        30M       3.2G

MemTotal:        4016004 kB
MemFree:          108720 kB
Active:           374836 kB
Mem:          3.8G       3.7G       106M       5.7M        30M       3.2G

MemTotal:        4016004 kB
MemFree:          125012 kB
Active:           374864 kB
Mem:          3.8G       3.7G       121M       5.7M        30M       3.2G

MemTotal:        4016004 kB
MemFree:          122104 kB
Active:           374888 kB
Mem:          3.8G       3.7G       119M       5.7M        30M       3.2G

MemTotal:        4016004 kB
MemFree:          107284 kB
Active:           374880 kB
Mem:          3.8G       3.7G       105M       5.7M        30M       3.2G

MemTotal:        4016004 kB
MemFree:          135084 kB
Active:           368764 kB
Mem:          3.8G       3.7G       132M       5.7M        30M       3.2G

MemTotal:        4016004 kB
MemFree:          133404 kB
Active:           368660 kB
Mem:          3.8G       3.7G       130M       5.7M        30M       3.2G

MemTotal:        4016004 kB
MemFree:          124572 kB
Active:           368648 kB
Mem:          3.8G       3.7G       121M       5.7M        30M       3.2G

MemTotal:        4016004 kB
MemFree:          128372 kB
Active:           368676 kB
Mem:          3.8G       3.7G       125M       5.7M        30M       3.2G

MemTotal:        4016004 kB
MemFree:          108556 kB
Active:           368660 kB
Mem:          3.8G       3.7G       105M       5.7M        30M       3.2G

MemTotal:        4016004 kB
MemFree:          135768 kB
Active:           368696 kB
Mem:          3.8G       3.7G       132M       5.7M        30M       3.2G

MemTotal:        4016004 kB
MemFree:          128372 kB
Active:           368692 kB
Mem:          3.8G       3.7G       125M       5.7M        30M       3.2G

MemTotal:        4016004 kB
MemFree:          137972 kB
Active:           368584 kB
Mem:          3.8G       3.7G       134M       5.7M        30M       3.2G

MemTotal:        4016004 kB
MemFree:          118188 kB
Active:           368560 kB
Mem:          3.8G       3.7G       115M       5.7M        30M       3.2G

MemTotal:        4016004 kB
MemFree:          125204 kB
Active:           368544 kB
Mem:          3.8G       3.7G       122M       5.7M        30M       3.2G

MemTotal:        4016004 kB
MemFree:          116596 kB
Active:           368584 kB
Mem:          3.8G       3.7G       114M       5.7M        30M       3.2G

MemTotal:        4016004 kB
MemFree:          108872 kB
Active:           368572 kB
Mem:          3.8G       3.7G       105M       5.7M        30M       3.2G

MemTotal:        4016004 kB
MemFree:          125788 kB
Active:           368596 kB
Mem:          3.8G       3.7G       122M       5.7M        30M       3.2G

MemTotal:        4016004 kB
MemFree:          137012 kB
Active:           368604 kB
Mem:          3.8G       3.7G       133M       5.7M        30M       3.2G

MemTotal:        4016004 kB
MemFree:          140796 kB
Active:           368600 kB
Mem:          3.8G       3.7G       137M       5.7M        30M       3.2G

MemTotal:        4016004 kB
MemFree:          127472 kB
Active:           368292 kB
Mem:          3.8G       3.7G       123M       5.7M        30M       3.2G

MemTotal:        4016004 kB
MemFree:          124088 kB
Active:           368124 kB
Mem:          3.8G       3.7G       121M       5.7M        30M       3.2G

MemTotal:        4016004 kB
MemFree:          128944 kB
Active:           368088 kB
Mem:          3.8G       3.7G       125M       5.7M        30M       3.2G

MemTotal:        4016004 kB
MemFree:          132640 kB
Active:           368156 kB
Mem:          3.8G       3.7G       129M       5.7M        30M       3.2G

MemTotal:        4016004 kB
MemFree:          136532 kB
Active:           368168 kB
Mem:          3.8G       3.7G       133M       5.7M        30M       3.2G

MemTotal:        4016004 kB
MemFree:          136980 kB
Active:           368144 kB
Mem:          3.8G       3.7G       133M       5.7M        30M       3.2G

MemTotal:        4016004 kB
MemFree:          136364 kB
Active:           368172 kB
Mem:          3.8G       3.7G       133M       5.7M        30M       3.2G

MemTotal:        4016004 kB
MemFree:          130668 kB
Active:           368180 kB
Mem:          3.8G       3.7G       127M       5.7M        30M       3.2G

MemTotal:        4016004 kB
MemFree:          112000 kB
Active:           368180 kB
Mem:          3.8G       3.7G       109M       5.7M        30M       3.2G

MemTotal:        4016004 kB
MemFree:          128304 kB
Active:           368180 kB
Mem:          3.8G       3.7G       124M       5.7M        30M       3.2G

MemTotal:        4016004 kB
MemFree:          130388 kB
Active:           368188 kB
Mem:          3.8G       3.7G       127M       5.7M        30M       3.2G

MemTotal:        4016004 kB
MemFree:          127548 kB
Active:           368192 kB
Mem:          3.8G       3.7G       124M       5.7M        30M       3.2G

MemTotal:        4016004 kB
MemFree:          145316 kB
Active:           367888 kB
Mem:          3.8G       3.7G       141M       5.7M        30M       3.2G

MemTotal:        4016004 kB
MemFree:          145564 kB
Active:           367868 kB
Mem:          3.8G       3.7G       142M       5.7M        30M       3.2G

MemTotal:        4016004 kB
MemFree:          145440 kB
Active:           367848 kB
Mem:          3.8G       3.7G       142M       5.7M        30M       3.2G

MemTotal:        4016004 kB
MemFree:          145192 kB
Active:           367880 kB
Mem:          3.8G       3.7G       141M       5.7M        30M       3.2G

MemTotal:        4016004 kB
MemFree:          145316 kB
Active:           367864 kB
Mem:          3.8G       3.7G       141M       5.7M        30M       3.2G

MemTotal:        4016004 kB
MemFree:          145068 kB
Active:           367860 kB
Mem:          3.8G       3.7G       141M       5.7M        30M       3.2G

MemTotal:        4016004 kB
MemFree:          144944 kB
Active:           367888 kB
Mem:          3.8G       3.7G       141M       5.7M        30M       3.2G

MemTotal:        4016004 kB
MemFree:          144572 kB
Active:           367860 kB
Mem:          3.8G       3.7G       141M       5.7M        30M       3.2G

MemTotal:        4016004 kB
MemFree:          144944 kB
Active:           367884 kB
Mem:          3.8G       3.7G       141M       5.7M        30M       3.2G

MemTotal:        4016004 kB
MemFree:          144820 kB
Active:           367908 kB
Mem:          3.8G       3.7G       141M       5.7M        30M       3.2G

MemTotal:        4016004 kB
MemFree:          145192 kB
Active:           367864 kB
Mem:          3.8G       3.7G       141M       5.7M        30M       3.2G

MemTotal:        4016004 kB
MemFree:          144944 kB
Active:           367880 kB
Mem:          3.8G       3.7G       141M       5.7M        30M       3.2G

MemTotal:        4016004 kB
MemFree:          145068 kB
Active:           367876 kB
Mem:          3.8G       3.7G       141M       5.7M        30M       3.2G

MemTotal:        4016004 kB
MemFree:          145068 kB
Active:           367900 kB
Mem:          3.8G       3.7G       141M       5.7M        30M       3.2G

MemTotal:        4016004 kB
MemFree:          145068 kB
Active:           367868 kB
Mem:          3.8G       3.7G       141M       5.7M        30M       3.2G

MemTotal:        4016004 kB
MemFree:          145068 kB
Active:           367868 kB
Mem:          3.8G       3.7G       141M       5.7M        30M       3.2G

MemTotal:        4016004 kB
MemFree:          144696 kB
Active:           367904 kB
Mem:          3.8G       3.7G       141M       5.7M        30M       3.2G

MemTotal:        4016004 kB
MemFree:          144696 kB
Active:           367892 kB
Mem:          3.8G       3.7G       141M       5.7M        30M       3.2G

MemTotal:        4016004 kB
MemFree:          144448 kB
Active:           367920 kB
Mem:          3.8G       3.7G       141M       5.7M        30M       3.2G

MemTotal:        4016004 kB
MemFree:          144820 kB
Active:           367896 kB
Mem:          3.8G       3.7G       141M       5.7M        30M       3.2G

MemTotal:        4016004 kB
MemFree:          144324 kB
Active:           367924 kB
Mem:          3.8G       3.7G       141M       5.7M        30M       3.2G

MemTotal:        4016004 kB
MemFree:          144412 kB
Active:           367916 kB
Mem:          3.8G       3.7G       140M       5.7M        30M       3.2G

MemTotal:        4016004 kB
MemFree:          144532 kB
Active:           367940 kB
Mem:          3.8G       3.7G       141M       5.7M        30M       3.2G

MemTotal:        4016004 kB
MemFree:          144596 kB
Active:           367936 kB
Mem:          3.8G       3.7G       141M       5.7M        30M       3.2G

MemTotal:        4016004 kB
MemFree:          144600 kB
Active:           367900 kB
Mem:          3.8G       3.7G       141M       5.7M        30M       3.2G

MemTotal:        4016004 kB
MemFree:          144696 kB
Active:           367924 kB
Mem:          3.8G       3.7G       141M       5.7M        30M       3.2G

MemTotal:        4016004 kB
MemFree:          144820 kB
Active:           367892 kB
Mem:          3.8G       3.7G       141M       5.7M        30M       3.2G

MemTotal:        4016004 kB
MemFree:          144820 kB
Active:           367944 kB
Mem:          3.8G       3.7G       141M       5.7M        30M       3.2G

MemTotal:        4016004 kB
MemFree:          144820 kB
Active:           367896 kB
Mem:          3.8G       3.7G       141M       5.7M        30M       3.2G

MemTotal:        4016004 kB
MemFree:          144944 kB
Active:           367940 kB
Mem:          3.8G       3.7G       141M       5.7M        30M       3.2G

MemTotal:        4016004 kB
MemFree:          145440 kB
Active:           367920 kB
Mem:          3.8G       3.7G       141M       5.7M        30M       3.2G

MemTotal:        4016004 kB
MemFree:          145068 kB
Active:           367916 kB
Mem:          3.8G       3.7G       141M       5.7M        30M       3.2G

MemTotal:        4016004 kB
MemFree:          145068 kB
Active:           367948 kB
Mem:          3.8G       3.7G       141M       5.7M        30M       3.2G

MemTotal:        4016004 kB
MemFree:          145440 kB
Active:           367952 kB
Mem:          3.8G       3.7G       141M       5.7M        30M       3.2G

MemTotal:        4016004 kB
MemFree:          144944 kB
Active:           367936 kB
Mem:          3.8G       3.7G       141M       5.7M        30M       3.2G

MemTotal:        4016004 kB
MemFree:          144572 kB
Active:           367912 kB
Mem:          3.8G       3.7G       141M       5.7M        30M       3.2G

MemTotal:        4016004 kB
MemFree:          144572 kB
Active:           367960 kB
Mem:          3.8G       3.7G       141M       5.7M        30M       3.2G

MemTotal:        4016004 kB
MemFree:          144696 kB
Active:           367956 kB
Mem:          3.8G       3.7G       141M       5.7M        30M       3.2G

MemTotal:        4016004 kB
MemFree:          144696 kB
Active:           367936 kB
Mem:          3.8G       3.7G       141M       5.7M        30M       3.2G

MemTotal:        4016004 kB
MemFree:          144696 kB
Active:           367936 kB
Mem:          3.8G       3.7G       141M       5.7M        30M       3.2G

MemTotal:        4016004 kB
MemFree:          144944 kB
Active:           367948 kB
Mem:          3.8G       3.7G       141M       5.7M        30M       3.2G

MemTotal:        4016004 kB
MemFree:          145440 kB
Active:           367940 kB
Mem:          3.8G       3.7G       142M       5.7M        30M       3.2G

MemTotal:        4016004 kB
MemFree:          145564 kB
Active:           367948 kB
Mem:          3.8G       3.7G       142M       5.7M        30M       3.2G

MemTotal:        4016004 kB
MemFree:          145564 kB
Active:           367928 kB
Mem:          3.8G       3.7G       142M       5.7M        30M       3.2G

MemTotal:        4016004 kB
MemFree:          145192 kB
Active:           367976 kB
Mem:          3.8G       3.7G       141M       5.7M        30M       3.2G

MemTotal:        4016004 kB
MemFree:          145316 kB
Active:           367940 kB
Mem:          3.8G       3.7G       142M       5.7M        30M       3.2G

MemTotal:        4016004 kB
MemFree:          145440 kB
Active:           367916 kB
Mem:          3.8G       3.7G       142M       5.7M        30M       3.2G

MemTotal:        4016004 kB
MemFree:          145440 kB
Active:           367972 kB
Mem:          3.8G       3.7G       142M       5.7M        30M       3.2G

MemTotal:        4016004 kB
MemFree:          145564 kB
Active:           367940 kB
Mem:          3.8G       3.7G       141M       5.7M        30M       3.2G

MemTotal:        4016004 kB
MemFree:          145068 kB
Active:           367968 kB
Mem:          3.8G       3.7G       142M       5.7M        30M       3.2G

MemTotal:        4016004 kB
MemFree:          145192 kB
Active:           367980 kB
Mem:          3.8G       3.7G       141M       5.7M        30M       3.2G

MemTotal:        4016004 kB
MemFree:          144944 kB
Active:           367968 kB
Mem:          3.8G       3.7G       141M       5.7M        30M       3.2G

MemTotal:        4016004 kB
MemFree:          144696 kB
Active:           367992 kB
Mem:          3.8G       3.7G       141M       5.7M        30M       3.2G

MemTotal:        4016004 kB
MemFree:          144944 kB
Active:           367944 kB
Mem:          3.8G       3.7G       141M       5.7M        30M       3.2G

MemTotal:        4016004 kB
MemFree:          145192 kB
Active:           367956 kB
Mem:          3.8G       3.7G       141M       5.7M        30M       3.2G

MemTotal:        4016004 kB
MemFree:          145192 kB
Active:           367944 kB
Mem:          3.8G       3.7G       141M       5.7M        30M       3.2G

MemTotal:        4016004 kB
MemFree:          145564 kB
Active:           367992 kB
Mem:          3.8G       3.7G       142M       5.7M        30M       3.2G

MemTotal:        4016004 kB
MemFree:          145564 kB
Active:           367996 kB
Mem:          3.8G       3.7G       142M       5.7M        30M       3.2G

MemTotal:        4016004 kB
MemFree:          145564 kB
Active:           367988 kB
Mem:          3.8G       3.7G       141M       5.7M        30M       3.2G

MemTotal:        4016004 kB
MemFree:          145068 kB
Active:           367968 kB
Mem:          3.8G       3.7G       141M       5.7M        30M       3.2G

MemTotal:        4016004 kB
MemFree:          144944 kB
Active:           367960 kB
Mem:          3.8G       3.7G       141M       5.7M        30M       3.2G

MemTotal:        4016004 kB
MemFree:          145192 kB
Active:           368000 kB
Mem:          3.8G       3.7G       142M       5.7M        30M       3.2G

MemTotal:        4016004 kB
MemFree:          145192 kB
Active:           368020 kB
Mem:          3.8G       3.7G       141M       5.7M        30M       3.2G

MemTotal:        4016004 kB
MemFree:          144820 kB
Active:           368024 kB
Mem:          3.8G       3.7G       141M       5.7M        30M       3.2G

MemTotal:        4016004 kB
MemFree:          145068 kB
Active:           367972 kB
Mem:          3.8G       3.7G       141M       5.7M        30M       3.2G

MemTotal:        4016004 kB
MemFree:          145068 kB
Active:           367996 kB
Mem:          3.8G       3.7G       141M       5.7M        30M       3.2G

MemTotal:        4016004 kB
MemFree:          144820 kB
Active:           367988 kB
Mem:          3.8G       3.7G       141M       5.7M        30M       3.2G

MemTotal:        4016004 kB
MemFree:          145192 kB
Active:           368036 kB
Mem:          3.8G       3.7G       141M       5.7M        30M       3.2G

MemTotal:        4016004 kB
MemFree:          145316 kB
Active:           368028 kB
Mem:          3.8G       3.7G       141M       5.7M        30M       3.2G

MemTotal:        4016004 kB
MemFree:          144820 kB
Active:           368036 kB
Mem:          3.8G       3.7G       141M       5.7M        30M       3.2G

MemTotal:        4016004 kB
MemFree:          144960 kB
Active:           367980 kB
Mem:          3.8G       3.7G       141M       5.7M        30M       3.2G

MemTotal:        4016004 kB
MemFree:          144836 kB
Active:           368004 kB
Mem:          3.8G       3.7G       141M       5.7M        30M       3.2G

MemTotal:        4016004 kB
MemFree:          145084 kB
Active:           367996 kB
Mem:          3.8G       3.7G       141M       5.7M        30M       3.2G

MemTotal:        4016004 kB
MemFree:          145332 kB
Active:           367996 kB
Mem:          3.8G       3.7G       141M       5.7M        30M       3.2G

MemTotal:        4016004 kB
MemFree:          145084 kB
Active:           367992 kB
Mem:          3.8G       3.7G       141M       5.7M        30M       3.2G

MemTotal:        4016004 kB
MemFree:          145084 kB
Active:           368040 kB
Mem:          3.8G       3.7G       141M       5.7M        30M       3.2G

MemTotal:        4016004 kB
MemFree:          145084 kB
Active:           368012 kB
Mem:          3.8G       3.7G       141M       5.7M        30M       3.2G

MemTotal:        4016004 kB
MemFree:          145332 kB
Active:           368044 kB
Mem:          3.8G       3.7G       141M       5.7M        30M       3.2G

MemTotal:        4016004 kB
MemFree:          145332 kB
Active:           368032 kB
Mem:          3.8G       3.7G       141M       5.7M        30M       3.2G

MemTotal:        4016004 kB
MemFree:          145332 kB
Active:           367996 kB
Mem:          3.8G       3.7G       141M       5.7M        30M       3.2G

MemTotal:        4016004 kB
MemFree:          144960 kB
Active:           368052 kB
Mem:          3.8G       3.7G       141M       5.7M        30M       3.2G

MemTotal:        4016004 kB
MemFree:          144960 kB
Active:           368080 kB
Mem:          3.8G       3.7G       141M       5.7M        31M       3.2G

MemTotal:        4016004 kB
MemFree:          144960 kB
Active:           368076 kB
Mem:          3.8G       3.7G       141M       5.7M        31M       3.2G

MemTotal:        4016004 kB
MemFree:          144712 kB
Active:           368032 kB
Mem:          3.8G       3.7G       141M       5.7M        31M       3.2G

MemTotal:        4016004 kB
MemFree:          144588 kB
Active:           368088 kB
Mem:          3.8G       3.7G       141M       5.7M        31M       3.2G

MemTotal:        4016004 kB
MemFree:          144572 kB
Active:           368096 kB
Mem:          3.8G       3.7G       141M       5.7M        31M       3.2G

MemTotal:        4016004 kB
MemFree:          144448 kB
Active:           368128 kB
Mem:          3.8G       3.7G       141M       5.7M        31M       3.2G

MemTotal:        4016004 kB
MemFree:          144448 kB
Active:           368092 kB
Mem:          3.8G       3.7G       140M       5.7M        31M       3.2G

MemTotal:        4016004 kB
MemFree:          144448 kB
Active:           368136 kB
Mem:          3.8G       3.7G       140M       5.7M        31M       3.2G

MemTotal:        4016004 kB
MemFree:          144572 kB
Active:           368128 kB
Mem:          3.8G       3.7G       141M       5.7M        31M       3.2G

MemTotal:        4016004 kB
MemFree:          144200 kB
Active:           368144 kB
Mem:          3.8G       3.7G       141M       5.7M        31M       3.2G

MemTotal:        4016004 kB
MemFree:          144200 kB
Active:           368140 kB
Mem:          3.8G       3.7G       140M       5.7M        31M       3.2G

MemTotal:        4016004 kB
MemFree:          144324 kB
Active:           368104 kB
Mem:          3.8G       3.7G       140M       5.7M        31M       3.2G

MemTotal:        4016004 kB
MemFree:          144324 kB
Active:           368112 kB
Mem:          3.8G       3.7G       140M       5.7M        31M       3.2G

MemTotal:        4016004 kB
MemFree:          144200 kB
Active:           368120 kB
Mem:          3.8G       3.7G       140M       5.7M        31M       3.2G

MemTotal:        4016004 kB
MemFree:          144324 kB
Active:           368104 kB
Mem:          3.8G       3.7G       140M       5.7M        31M       3.2G

MemTotal:        4016004 kB
MemFree:          144324 kB
Active:           368112 kB
Mem:          3.8G       3.7G       141M       5.7M        31M       3.2G

MemTotal:        4016004 kB
MemFree:          144448 kB
Active:           368156 kB
Mem:          3.8G       3.7G       141M       5.7M        31M       3.2G

MemTotal:        4016004 kB
MemFree:          144572 kB
Active:           368104 kB
Mem:          3.8G       3.7G       141M       5.7M        31M       3.2G

MemTotal:        4016004 kB
MemFree:          144696 kB
Active:           368148 kB
Mem:          3.8G       3.7G       141M       5.7M        31M       3.2G

MemTotal:        4016004 kB
MemFree:          144696 kB
Active:           368136 kB
Mem:          3.8G       3.7G       141M       5.7M        31M       3.2G

MemTotal:        4016004 kB
MemFree:          144216 kB
Active:           368148 kB
Mem:          3.8G       3.7G       141M       5.7M        31M       3.2G

MemTotal:        4016004 kB
MemFree:          144216 kB
Active:           368148 kB
Mem:          3.8G       3.7G       141M       5.7M        31M       3.2G

MemTotal:        4016004 kB
MemFree:          144588 kB
Active:           368128 kB
Mem:          3.8G       3.7G       141M       5.7M        31M       3.2G

MemTotal:        4016004 kB
MemFree:          144588 kB
Active:           368116 kB
Mem:          3.8G       3.7G       141M       5.7M        31M       3.2G

MemTotal:        4016004 kB
MemFree:          145332 kB
Active:           368136 kB
Mem:          3.8G       3.7G       141M       5.7M        31M       3.2G

MemTotal:        4016004 kB
MemFree:          145332 kB
Active:           368128 kB
Mem:          3.8G       3.7G       141M       5.7M        31M       3.2G

MemTotal:        4016004 kB
MemFree:          145332 kB
Active:           368164 kB
Mem:          3.8G       3.7G       141M       5.7M        31M       3.2G

MemTotal:        4016004 kB
MemFree:          145084 kB
Active:           368156 kB
Mem:          3.8G       3.7G       141M       5.7M        31M       3.2G

MemTotal:        4016004 kB
MemFree:          145084 kB
Active:           368152 kB
Mem:          3.8G       3.7G       141M       5.7M        31M       3.2G

MemTotal:        4016004 kB
MemFree:          144836 kB
Active:           368136 kB
Mem:          3.8G       3.7G       141M       5.7M        31M       3.2G

MemTotal:        4016004 kB
MemFree:          144588 kB
Active:           368176 kB
Mem:          3.8G       3.7G       141M       5.7M        31M       3.2G

MemTotal:        4016004 kB
MemFree:          145084 kB
Active:           368124 kB
Mem:          3.8G       3.7G       141M       5.7M        31M       3.2G

MemTotal:        4016004 kB
MemFree:          145332 kB
Active:           368176 kB
Mem:          3.8G       3.7G       141M       5.7M        31M       3.2G

MemTotal:        4016004 kB
MemFree:          145332 kB
Active:           368172 kB
Mem:          3.8G       3.7G       141M       5.7M        31M       3.2G

MemTotal:        4016004 kB
MemFree:          144836 kB
Active:           368168 kB
Mem:          3.8G       3.7G       141M       5.7M        31M       3.2G

MemTotal:        4016004 kB
MemFree:          144216 kB
Active:           368152 kB
Mem:          3.8G       3.7G       140M       5.7M        31M       3.2G

MemTotal:        4016004 kB
MemFree:          144340 kB
Active:           368152 kB
Mem:          3.8G       3.7G       140M       5.7M        31M       3.2G

MemTotal:        4016004 kB
MemFree:          144092 kB
Active:           368136 kB
Mem:          3.8G       3.7G       140M       5.7M        31M       3.2G

MemTotal:        4016004 kB
MemFree:          144224 kB
Active:           368136 kB
Mem:          3.8G       3.7G       140M       5.7M        31M       3.2G

MemTotal:        4016004 kB
MemFree:          144348 kB
Active:           368176 kB
Mem:          3.8G       3.7G       140M       5.7M        31M       3.2G

MemTotal:        4016004 kB
MemFree:          144348 kB
Active:           368152 kB
Mem:          3.8G       3.7G       140M       5.7M        31M       3.2G

MemTotal:        4016004 kB
MemFree:          144348 kB
Active:           368188 kB
Mem:          3.8G       3.7G       141M       5.7M        31M       3.2G

MemTotal:        4016004 kB
MemFree:          144348 kB
Active:           368192 kB
Mem:          3.8G       3.7G       141M       5.7M        31M       3.2G

MemTotal:        4016004 kB
MemFree:          144596 kB
Active:           368168 kB
Mem:          3.8G       3.7G       141M       5.7M        31M       3.2G

MemTotal:        4016004 kB
MemFree:          144348 kB
Active:           368200 kB
Mem:          3.8G       3.7G       141M       5.7M        31M       3.2G

MemTotal:        4016004 kB
MemFree:          144720 kB
Active:           368152 kB
Mem:          3.8G       3.7G       141M       5.7M        31M       3.2G

MemTotal:        4016004 kB
MemFree:          144596 kB
Active:           368200 kB
Mem:          3.8G       3.7G       141M       5.7M        31M       3.2G

MemTotal:        4016004 kB
MemFree:          144596 kB
Active:           368184 kB
Mem:          3.8G       3.7G       141M       5.7M        31M       3.2G

MemTotal:        4016004 kB
MemFree:          144224 kB
Active:           368204 kB
Mem:          3.8G       3.7G       141M       5.7M        31M       3.2G

MemTotal:        4016004 kB
MemFree:          144472 kB
Active:           368176 kB
Mem:          3.8G       3.7G       141M       5.7M        31M       3.2G

MemTotal:        4016004 kB
MemFree:          144844 kB
Active:           368160 kB
Mem:          3.8G       3.7G       141M       5.7M        31M       3.2G

MemTotal:        4016004 kB
MemFree:          144472 kB
Active:           368216 kB
Mem:          3.8G       3.7G       140M       5.7M        31M       3.2G

MemTotal:        4016004 kB
MemFree:          144596 kB
Active:           368192 kB
Mem:          3.8G       3.7G       141M       5.7M        31M       3.2G

MemTotal:        4016004 kB
MemFree:          144720 kB
Active:           368172 kB
Mem:          3.8G       3.7G       141M       5.7M        31M       3.2G

MemTotal:        4016004 kB
MemFree:          144596 kB
Active:           368200 kB
Mem:          3.8G       3.7G       141M       5.7M        31M       3.2G

MemTotal:        4016004 kB
MemFree:          144224 kB
Active:           368216 kB
Mem:          3.8G       3.7G       140M       5.7M        31M       3.2G

MemTotal:        4016004 kB
MemFree:          144596 kB
Active:           368180 kB
Mem:          3.8G       3.7G       141M       5.7M        31M       3.2G

MemTotal:        4016004 kB
MemFree:          144472 kB
Active:           368160 kB
Mem:          3.8G       3.7G       141M       5.7M        31M       3.2G

MemTotal:        4016004 kB
MemFree:          144844 kB
Active:           368216 kB
Mem:          3.8G       3.7G       141M       5.7M        31M       3.2G

MemTotal:        4016004 kB
MemFree:          144844 kB
Active:           368208 kB
Mem:          3.8G       3.7G       141M       5.7M        31M       3.2G

MemTotal:        4016004 kB
MemFree:          144596 kB
Active:           368168 kB
Mem:          3.8G       3.7G       141M       5.7M        31M       3.2G

MemTotal:        4016004 kB
MemFree:          144720 kB
Active:           368208 kB
Mem:          3.8G       3.7G       141M       5.7M        31M       3.2G

MemTotal:        4016004 kB
MemFree:          144224 kB
Active:           368224 kB
Mem:          3.8G       3.7G       140M       5.7M        31M       3.2G

MemTotal:        4016004 kB
MemFree:          144100 kB
Active:           368228 kB
Mem:          3.8G       3.7G       141M       5.7M        31M       3.2G

MemTotal:        4016004 kB
MemFree:          144472 kB
Active:           368188 kB
Mem:          3.8G       3.7G       141M       5.7M        31M       3.2G

MemTotal:        4016004 kB
MemFree:          144472 kB
Active:           368172 kB
Mem:          3.8G       3.7G       141M       5.7M        31M       3.2G

MemTotal:        4016004 kB
MemFree:          143976 kB
Active:           368232 kB
Mem:          3.8G       3.7G       140M       5.7M        31M       3.2G

MemTotal:        4016004 kB
MemFree:          144100 kB
Active:           368184 kB
Mem:          3.8G       3.7G       140M       5.7M        31M       3.2G

MemTotal:        4016004 kB
MemFree:          144224 kB
Active:           368228 kB
Mem:          3.8G       3.7G       140M       5.7M        31M       3.2G

MemTotal:        4016004 kB
MemFree:          144720 kB
Active:           368188 kB
Mem:          3.8G       3.7G       141M       5.7M        31M       3.2G

MemTotal:        4016004 kB
MemFree:          144348 kB
Active:           368240 kB
Mem:          3.8G       3.7G       141M       5.7M        31M       3.2G

MemTotal:        4016004 kB
MemFree:          144844 kB
Active:           368240 kB
Mem:          3.8G       3.7G       141M       5.7M        31M       3.2G

MemTotal:        4016004 kB
MemFree:          144844 kB
Active:           368240 kB
Mem:          3.8G       3.7G       141M       5.7M        31M       3.2G

MemTotal:        4016004 kB
MemFree:          144472 kB
Active:           368248 kB
Mem:          3.8G       3.7G       141M       5.7M        31M       3.2G

MemTotal:        4016004 kB
MemFree:          144224 kB
Active:           368248 kB
Mem:          3.8G       3.7G       140M       5.7M        31M       3.2G

MemTotal:        4016004 kB
MemFree:          144348 kB
Active:           368196 kB
Mem:          3.8G       3.7G       140M       5.7M        31M       3.2G

MemTotal:        4016004 kB
MemFree:          144348 kB
Active:           368252 kB
Mem:          3.8G       3.7G       140M       5.7M        31M       3.2G

MemTotal:        4016004 kB
MemFree:          144348 kB
Active:           368252 kB
Mem:          3.8G       3.7G       141M       5.7M        31M       3.2G

MemTotal:        4016004 kB
MemFree:          144472 kB
Active:           368208 kB
Mem:          3.8G       3.7G       140M       5.7M        31M       3.2G

MemTotal:        4016004 kB
MemFree:          144472 kB
Active:           368236 kB
Mem:          3.8G       3.7G       141M       5.7M        31M       3.2G

MemTotal:        4016004 kB
MemFree:          144596 kB
Active:           368220 kB
Mem:          3.8G       3.7G       140M       5.7M        31M       3.2G

MemTotal:        4016004 kB
MemFree:          144100 kB
Active:           368264 kB
Mem:          3.8G       3.7G       141M       5.7M        31M       3.2G

MemTotal:        4016004 kB
MemFree:          144472 kB
Active:           368228 kB
Mem:          3.8G       3.7G       141M       5.7M        31M       3.2G

MemTotal:        4016004 kB
MemFree:          144596 kB
Active:           368240 kB
Mem:          3.8G       3.7G       141M       5.7M        31M       3.2G

MemTotal:        4016004 kB
MemFree:          144720 kB
Active:           368236 kB
Mem:          3.8G       3.7G       141M       5.7M        31M       3.2G

MemTotal:        4016004 kB
MemFree:          144596 kB
Active:           368216 kB
Mem:          3.8G       3.7G       141M       5.7M        31M       3.2G

MemTotal:        4016004 kB
MemFree:          144720 kB
Active:           368248 kB
Mem:          3.8G       3.7G       141M       5.7M        31M       3.2G

MemTotal:        4016004 kB
MemFree:          144596 kB
Active:           368236 kB
Mem:          3.8G       3.7G       141M       5.7M        31M       3.2G

MemTotal:        4016004 kB
MemFree:          144720 kB
Active:           368260 kB
Mem:          3.8G       3.7G       141M       5.7M        31M       3.2G

MemTotal:        4016004 kB
MemFree:          144596 kB
Active:           368244 kB
Mem:          3.8G       3.7G       141M       5.7M        31M       3.2G

MemTotal:        4016004 kB
MemFree:          144596 kB
Active:           368272 kB
Mem:          3.8G       3.7G       141M       5.7M        31M       3.2G

MemTotal:        4016004 kB
MemFree:          144720 kB
Active:           368248 kB
Mem:          3.8G       3.7G       141M       5.7M        31M       3.2G

MemTotal:        4016004 kB
MemFree:          144472 kB
Active:           368276 kB
Mem:          3.8G       3.7G       141M       5.7M        31M       3.2G

MemTotal:        4016004 kB
MemFree:          144720 kB
Active:           368228 kB
Mem:          3.8G       3.7G       141M       5.7M        31M       3.2G

MemTotal:        4016004 kB
MemFree:          144968 kB
Active:           368248 kB
Mem:          3.8G       3.7G       141M       5.7M        31M       3.2G

MemTotal:        4016004 kB
MemFree:          144844 kB
Active:           368224 kB
Mem:          3.8G       3.7G       141M       5.7M        31M       3.2G

MemTotal:        4016004 kB
MemFree:          144968 kB
Active:           368248 kB
Mem:          3.8G       3.7G       141M       5.7M        31M       3.2G

MemTotal:        4016004 kB
MemFree:          144968 kB
Active:           368268 kB
Mem:          3.8G       3.7G       141M       5.7M        31M       3.2G

MemTotal:        4016004 kB
MemFree:          145092 kB
Active:           368240 kB
Mem:          3.8G       3.7G       141M       5.7M        31M       3.2G

MemTotal:        4016004 kB
MemFree:          144596 kB
Active:           368276 kB
Mem:          3.8G       3.7G       141M       5.7M        31M       3.2G

MemTotal:        4016004 kB
MemFree:          144596 kB
Active:           368252 kB
Mem:          3.8G       3.7G       140M       5.7M        31M       3.2G

MemTotal:        4016004 kB
MemFree:          144224 kB
Active:           368292 kB
Mem:          3.8G       3.7G       140M       5.7M        31M       3.2G

MemTotal:        4016004 kB
MemFree:          144224 kB
Active:           368296 kB
Mem:          3.8G       3.7G       141M       5.7M        31M       3.2G

MemTotal:        4016004 kB
MemFree:          144472 kB
Active:           368280 kB
Mem:          3.8G       3.7G       140M       5.7M        31M       3.2G

MemTotal:        4016004 kB
MemFree:          144596 kB
Active:           368280 kB
Mem:          3.8G       3.7G       141M       5.7M        31M       3.2G

MemTotal:        4016004 kB
MemFree:          144472 kB
Active:           368300 kB
Mem:          3.8G       3.7G       141M       5.7M        31M       3.2G

MemTotal:        4016004 kB
MemFree:          144472 kB
Active:           368300 kB
Mem:          3.8G       3.7G       141M       5.7M        31M       3.2G

MemTotal:        4016004 kB
MemFree:          144472 kB
Active:           368304 kB
Mem:          3.8G       3.7G       141M       5.7M        31M       3.2G

MemTotal:        4016004 kB
MemFree:          144472 kB
Active:           368284 kB
Mem:          3.8G       3.7G       140M       5.7M        31M       3.2G

MemTotal:        4016004 kB
MemFree:          144472 kB
Active:           368284 kB
Mem:          3.8G       3.7G       141M       5.7M        31M       3.2G

MemTotal:        4016004 kB
MemFree:          144224 kB
Active:           368312 kB
Mem:          3.8G       3.7G       141M       5.7M        31M       3.2G

MemTotal:        4016004 kB
MemFree:          144224 kB
Active:           368280 kB
Mem:          3.8G       3.7G       140M       5.7M        31M       3.2G

MemTotal:        4016004 kB
MemFree:          144472 kB
Active:           368292 kB
Mem:          3.8G       3.7G       140M       5.7M        31M       3.2G

MemTotal:        4016004 kB
MemFree:          144348 kB
Active:           368272 kB
Mem:          3.8G       3.7G       140M       5.7M        31M       3.2G

MemTotal:        4016004 kB
MemFree:          144472 kB
Active:           368268 kB
Mem:          3.8G       3.7G       141M       5.7M        31M       3.2G

MemTotal:        4016004 kB
MemFree:          144348 kB
Active:           368268 kB
Mem:          3.8G       3.7G       140M       5.7M        31M       3.2G

MemTotal:        4016004 kB
MemFree:          143976 kB
Active:           368300 kB
Mem:          3.8G       3.7G       140M       5.7M        31M       3.2G

MemTotal:        4016004 kB
MemFree:          144596 kB
Active:           368268 kB
Mem:          3.8G       3.7G       141M       5.7M        31M       3.2G

MemTotal:        4016004 kB
MemFree:          144596 kB
Active:           368268 kB
Mem:          3.8G       3.7G       141M       5.7M        31M       3.2G

MemTotal:        4016004 kB
MemFree:          144844 kB
Active:           368316 kB
Mem:          3.8G       3.7G       140M       5.7M        31M       3.2G

MemTotal:        4016004 kB
MemFree:          144596 kB
Active:           368308 kB
Mem:          3.8G       3.7G       141M       5.7M        31M       3.2G

MemTotal:        4016004 kB
MemFree:          144224 kB
Active:           368300 kB
Mem:          3.8G       3.7G       141M       5.7M        31M       3.2G

MemTotal:        4016004 kB
MemFree:          144472 kB
Active:           368292 kB
Mem:          3.8G       3.7G       141M       5.7M        31M       3.2G

MemTotal:        4016004 kB
MemFree:          144596 kB
Active:           368312 kB
Mem:          3.8G       3.7G       141M       5.7M        31M       3.2G

MemTotal:        4016004 kB
MemFree:          144456 kB
Active:           368316 kB
Mem:          3.8G       3.7G       141M       5.7M        31M       3.2G

MemTotal:        4016004 kB
MemFree:          144208 kB
Active:           368284 kB
Mem:          3.8G       3.7G       140M       5.7M        31M       3.2G

MemTotal:        4016004 kB
MemFree:          144456 kB
Active:           368332 kB
Mem:          3.8G       3.7G       140M       5.7M        31M       3.2G

MemTotal:        4016004 kB
MemFree:          144564 kB
Active:           368340 kB
Mem:          3.8G       3.7G       141M       5.7M        31M       3.2G

MemTotal:        4016004 kB
MemFree:          144564 kB
Active:           368332 kB
Mem:          3.8G       3.7G       141M       5.7M        31M       3.2G

MemTotal:        4016004 kB
MemFree:          144564 kB
Active:           368316 kB
Mem:          3.8G       3.7G       141M       5.7M        31M       3.2G

MemTotal:        4016004 kB
MemFree:          144316 kB
Active:           368348 kB
Mem:          3.8G       3.7G       141M       5.7M        31M       3.2G

MemTotal:        4016004 kB
MemFree:          144192 kB
Active:           368348 kB
Mem:          3.8G       3.7G       141M       5.7M        31M       3.2G

MemTotal:        4016004 kB
MemFree:          144440 kB
Active:           368340 kB
Mem:          3.8G       3.7G       141M       5.7M        31M       3.2G

MemTotal:        4016004 kB
MemFree:          144564 kB
Active:           368328 kB
Mem:          3.8G       3.7G       140M       5.7M        31M       3.2G

MemTotal:        4016004 kB
MemFree:          144812 kB
Active:           368312 kB
Mem:          3.8G       3.7G       141M       5.7M        31M       3.2G

MemTotal:        4016004 kB
MemFree:          144316 kB
Active:           368352 kB
Mem:          3.8G       3.7G       140M       5.7M        31M       3.2G

MemTotal:        4016004 kB
MemFree:          144440 kB
Active:           368348 kB
Mem:          3.8G       3.7G       140M       5.7M        31M       3.2G

MemTotal:        4016004 kB
MemFree:          144316 kB
Active:           368324 kB
Mem:          3.8G       3.7G       140M       5.7M        31M       3.2G

MemTotal:        4016004 kB
MemFree:          144316 kB
Active:           368356 kB
Mem:          3.8G       3.7G       140M       5.7M        31M       3.2G

MemTotal:        4016004 kB
MemFree:          144316 kB
Active:           368332 kB
Mem:          3.8G       3.7G       140M       5.7M        31M       3.2G

MemTotal:        4016004 kB
MemFree:          144440 kB
Active:           368316 kB
Mem:          3.8G       3.7G       141M       5.7M        31M       3.2G

MemTotal:        4016004 kB
MemFree:          144440 kB
Active:           368324 kB
Mem:          3.8G       3.7G       140M       5.7M        31M       3.2G

MemTotal:        4016004 kB
MemFree:          143820 kB
Active:           368372 kB
Mem:          3.8G       3.7G       140M       5.7M        31M       3.2G

MemTotal:        4016004 kB
MemFree:          144068 kB
Active:           368324 kB
Mem:          3.8G       3.7G       140M       5.7M        31M       3.2G

MemTotal:        4016004 kB
MemFree:          143696 kB
Active:           368376 kB
Mem:          3.8G       3.7G       140M       5.7M        31M       3.2G

MemTotal:        4016004 kB
MemFree:          143696 kB
Active:           368384 kB
Mem:          3.8G       3.7G       140M       5.7M        31M       3.2G

MemTotal:        4016004 kB
MemFree:          144068 kB
Active:           368348 kB
Mem:          3.8G       3.7G       140M       5.7M        31M       3.2G

MemTotal:        4016004 kB
MemFree:          144068 kB
Active:           368332 kB
Mem:          3.8G       3.7G       140M       5.7M        31M       3.2G

MemTotal:        4016004 kB
MemFree:          143572 kB
Active:           368392 kB
Mem:          3.8G       3.7G       140M       5.7M        31M       3.2G

MemTotal:        4016004 kB
MemFree:          143944 kB
Active:           368340 kB
Mem:          3.8G       3.7G       140M       5.7M        31M       3.2G

MemTotal:        4016004 kB
MemFree:          143944 kB
Active:           368368 kB
Mem:          3.8G       3.7G       140M       5.7M        31M       3.2G

MemTotal:        4016004 kB
MemFree:          144192 kB
Active:           368396 kB
Mem:          3.8G       3.7G       140M       5.7M        31M       3.2G

MemTotal:        4016004 kB
MemFree:          144316 kB
Active:           368376 kB
Mem:          3.8G       3.7G       140M       5.7M        31M       3.2G

MemTotal:        4016004 kB
MemFree:          144192 kB
Active:           368344 kB
