MemTotal:        4016004 kB
MemFree:         3242532 kB
Active:           416392 kB
Mem:          3.8G       755M       3.1G       5.7M        55M       315M

MemTotal:        4016004 kB
MemFree:         3242712 kB
Active:           416588 kB
Mem:          3.8G       754M       3.1G       5.7M        55M       315M

MemTotal:        4016004 kB
MemFree:         3242820 kB
Active:           416660 kB
Mem:          3.8G       755M       3.1G       5.7M        55M       315M

MemTotal:        4016004 kB
MemFree:         3243424 kB
Active:           416656 kB
Mem:          3.8G       754M       3.1G       5.7M        55M       315M

MemTotal:        4016004 kB
MemFree:         3243408 kB
Active:           416604 kB
Mem:          3.8G       754M       3.1G       5.7M        55M       315M

MemTotal:        4016004 kB
MemFree:         3243408 kB
Active:           416628 kB
Mem:          3.8G       754M       3.1G       5.7M        55M       315M

MemTotal:        4016004 kB
MemFree:         3242772 kB
Active:           416660 kB
Mem:          3.8G       754M       3.1G       5.7M        55M       315M

MemTotal:        4016004 kB
MemFree:         3243072 kB
Active:           416652 kB
Mem:          3.8G       754M       3.1G       5.7M        55M       315M

MemTotal:        4016004 kB
MemFree:         3243412 kB
Active:           416612 kB
Mem:          3.8G       754M       3.1G       5.7M        55M       315M

MemTotal:        4016004 kB
MemFree:         3242792 kB
Active:           416668 kB
Mem:          3.8G       754M       3.1G       5.7M        55M       315M

MemTotal:        4016004 kB
MemFree:         3243164 kB
Active:           416632 kB
Mem:          3.8G       754M       3.1G       5.7M        55M       315M

MemTotal:        4016004 kB
MemFree:         3242916 kB
Active:           416648 kB
Mem:          3.8G       754M       3.1G       5.7M        55M       315M

MemTotal:        4016004 kB
MemFree:         3243040 kB
Active:           416660 kB
Mem:          3.8G       754M       3.1G       5.7M        55M       315M

MemTotal:        4016004 kB
MemFree:         3242668 kB
Active:           416668 kB
Mem:          3.8G       755M       3.1G       5.7M        55M       315M

MemTotal:        4016004 kB
MemFree:         3243040 kB
Active:           416624 kB
Mem:          3.8G       754M       3.1G       5.7M        55M       315M

MemTotal:        4016004 kB
MemFree:         3243040 kB
Active:           416644 kB
Mem:          3.8G       754M       3.1G       5.7M        55M       315M

MemTotal:        4016004 kB
MemFree:         3244928 kB
Active:           414648 kB
Mem:          3.8G       753M       3.1G       5.7M        55M       315M

MemTotal:        4016004 kB
MemFree:         3244556 kB
Active:           414648 kB
Mem:          3.8G       753M       3.1G       5.7M        55M       315M

MemTotal:        4016004 kB
MemFree:         3244900 kB
Active:           414600 kB
Mem:          3.8G       753M       3.1G       5.7M        55M       315M

MemTotal:        4016004 kB
MemFree:         3244900 kB
Active:           414604 kB
Mem:          3.8G       753M       3.1G       5.7M        55M       315M

MemTotal:        4016004 kB
MemFree:         3244528 kB
Active:           414656 kB
Mem:          3.8G       753M       3.1G       5.7M        55M       315M

MemTotal:        4016004 kB
MemFree:         3244404 kB
Active:           414656 kB
Mem:          3.8G       753M       3.1G       5.7M        55M       315M

MemTotal:        4016004 kB
MemFree:         3244900 kB
Active:           414624 kB
Mem:          3.8G       752M       3.1G       5.7M        55M       315M

MemTotal:        4016004 kB
MemFree:         3245520 kB
Active:           414640 kB
Mem:          3.8G       752M       3.1G       5.7M        55M       315M

MemTotal:        4016004 kB
MemFree:         3245240 kB
Active:           414604 kB
Mem:          3.8G       752M       3.1G       5.7M        55M       315M

MemTotal:        4016004 kB
MemFree:         3245224 kB
Active:           414632 kB
Mem:          3.8G       752M       3.1G       5.7M        55M       315M

MemTotal:        4016004 kB
MemFree:         3245160 kB
Active:           412600 kB
Mem:          3.8G       752M       3.1G       5.7M        55M       315M

MemTotal:        4016004 kB
MemFree:         3244772 kB
Active:           414660 kB
Mem:          3.8G       753M       3.1G       5.7M        55M       315M

MemTotal:        4016004 kB
MemFree:         3245176 kB
Active:           414660 kB
Mem:          3.8G       752M       3.1G       5.7M        55M       315M

MemTotal:        4016004 kB
MemFree:         3245176 kB
Active:           414624 kB
Mem:          3.8G       752M       3.1G       5.7M        55M       315M

MemTotal:        4016004 kB
MemFree:         3245052 kB
Active:           414672 kB
Mem:          3.8G       752M       3.1G       5.7M        55M       315M

MemTotal:        4016004 kB
MemFree:         3245176 kB
Active:           414668 kB
Mem:          3.8G       752M       3.1G       5.7M        55M       315M

MemTotal:        4016004 kB
MemFree:         3245424 kB
Active:           414628 kB
Mem:          3.8G       752M       3.1G       5.7M        55M       315M

MemTotal:        4016004 kB
MemFree:         3245300 kB
Active:           414656 kB
Mem:          3.8G       752M       3.1G       5.7M        55M       315M

MemTotal:        4016004 kB
MemFree:         3245408 kB
Active:           414628 kB
Mem:          3.8G       752M       3.1G       5.7M        55M       315M

MemTotal:        4016004 kB
MemFree:         3244836 kB
Active:           414680 kB
Mem:          3.8G       753M       3.1G       5.7M        55M       315M

MemTotal:        4016004 kB
MemFree:         3245392 kB
Active:           412600 kB
Mem:          3.8G       752M       3.1G       5.7M        55M       315M

MemTotal:        4016004 kB
MemFree:         3245268 kB
Active:           414668 kB
Mem:          3.8G       752M       3.1G       5.7M        55M       315M

MemTotal:        4016004 kB
MemFree:         3244880 kB
Active:           414696 kB
Mem:          3.8G       753M       3.1G       5.7M        55M       315M

MemTotal:        4016004 kB
MemFree:         3245112 kB
Active:           414688 kB
Mem:          3.8G       753M       3.1G       5.7M        55M       315M

MemTotal:        4016004 kB
MemFree:         3245220 kB
Active:           414656 kB
Mem:          3.8G       752M       3.1G       5.7M        55M       315M

MemTotal:        4016004 kB
MemFree:         3245236 kB
Active:           414672 kB
Mem:          3.8G       752M       3.1G       5.7M        55M       315M

MemTotal:        4016004 kB
MemFree:         3245236 kB
Active:           414684 kB
Mem:          3.8G       752M       3.1G       5.7M        55M       315M

MemTotal:        4016004 kB
MemFree:         3245236 kB
Active:           414684 kB
Mem:          3.8G       752M       3.1G       5.7M        55M       315M

MemTotal:        4016004 kB
MemFree:         3245236 kB
Active:           414692 kB
Mem:          3.8G       752M       3.1G       5.7M        55M       315M

MemTotal:        4016004 kB
MemFree:         3244740 kB
Active:           414708 kB
Mem:          3.8G       753M       3.1G       5.7M        55M       315M

MemTotal:        4016004 kB
MemFree:         3244368 kB
Active:           414708 kB
Mem:          3.8G       753M       3.1G       5.7M        55M       315M

MemTotal:        4016004 kB
MemFree:         3244864 kB
Active:           414684 kB
Mem:          3.8G       753M       3.1G       5.7M        55M       315M

MemTotal:        4016004 kB
MemFree:         3244988 kB
Active:           414700 kB
Mem:          3.8G       752M       3.1G       5.7M        55M       315M

MemTotal:        4016004 kB
MemFree:         3244988 kB
Active:           414724 kB
Mem:          3.8G       752M       3.1G       5.7M        55M       315M

MemTotal:        4016004 kB
MemFree:         3245344 kB
Active:           414672 kB
Mem:          3.8G       753M       3.1G       5.7M        55M       315M

MemTotal:        4016004 kB
MemFree:         3244832 kB
Active:           414724 kB
Mem:          3.8G       753M       3.1G       5.7M        55M       315M

MemTotal:        4016004 kB
MemFree:         3244880 kB
Active:           414740 kB
Mem:          3.8G       752M       3.1G       5.7M        55M       315M

MemTotal:        4016004 kB
MemFree:         3245376 kB
Active:           414704 kB
Mem:          3.8G       752M       3.1G       5.7M        55M       315M

MemTotal:        4016004 kB
MemFree:         3244880 kB
Active:           414740 kB
Mem:          3.8G       753M       3.1G       5.7M        55M       315M

MemTotal:        4016004 kB
MemFree:         3245004 kB
Active:           414736 kB
Mem:          3.8G       753M       3.1G       5.7M        55M       315M

MemTotal:        4016004 kB
MemFree:         3242832 kB
Active:           414676 kB
Mem:          3.8G       754M       3.1G       5.7M        55M       315M

MemTotal:        4016004 kB
MemFree:         3243080 kB
Active:           416740 kB
Mem:          3.8G       754M       3.1G       5.7M        55M       315M

MemTotal:        4016004 kB
MemFree:         3242552 kB
Active:           416776 kB
Mem:          3.8G       755M       3.1G       5.7M        55M       315M

MemTotal:        4016004 kB
MemFree:         3242692 kB
Active:           416776 kB
Mem:          3.8G       755M       3.1G       5.7M        55M       315M

MemTotal:        4016004 kB
MemFree:         3242536 kB
Active:           416924 kB
Mem:          3.8G       755M       3.1G       5.7M        55M       315M

MemTotal:        4016004 kB
MemFree:         3126384 kB
Active:           417284 kB
Mem:          3.8G       870M       3.0G       5.7M        55M       428M

MemTotal:        4016004 kB
MemFree:         3122508 kB
Active:           417288 kB
Mem:          3.8G       872M       3.0G       5.7M        55M       429M

MemTotal:        4016004 kB
MemFree:         3057144 kB
Active:           417288 kB
Mem:          3.8G       937M       2.9G       5.7M        55M       494M

MemTotal:        4016004 kB
MemFree:         2941196 kB
Active:           417296 kB
Mem:          3.8G       1.0G       2.8G       5.7M        55M       606M

MemTotal:        4016004 kB
MemFree:         2823620 kB
Active:           417296 kB
Mem:          3.8G       1.1G       2.7G       5.7M        55M       718M

MemTotal:        4016004 kB
MemFree:         2788668 kB
Active:           417296 kB
Mem:          3.8G       1.2G       2.7G       5.7M        55M       751M

MemTotal:        4016004 kB
MemFree:         2743812 kB
Active:           417300 kB
Mem:          3.8G       1.2G       2.6G       5.7M        55M       795M

MemTotal:        4016004 kB
MemFree:         2689324 kB
Active:           417308 kB
Mem:          3.8G       1.3G       2.6G       5.7M        55M       847M

MemTotal:        4016004 kB
MemFree:         2687880 kB
Active:           417324 kB
Mem:          3.8G       1.3G       2.6G       5.7M        55M       848M

MemTotal:        4016004 kB
MemFree:         2686716 kB
Active:           417352 kB
Mem:          3.8G       1.3G       2.6G       5.7M        55M       849M

MemTotal:        4016004 kB
MemFree:         2684400 kB
Active:           417352 kB
Mem:          3.8G       1.3G       2.6G       5.7M        55M       851M

MemTotal:        4016004 kB
MemFree:         2683196 kB
Active:           417352 kB
Mem:          3.8G       1.3G       2.6G       5.7M        55M       853M

MemTotal:        4016004 kB
MemFree:         2579172 kB
Active:           417360 kB
Mem:          3.8G       1.4G       2.5G       5.7M        55M       953M

MemTotal:        4016004 kB
MemFree:         2443956 kB
Active:           417360 kB
Mem:          3.8G       1.5G       2.3G       5.7M        55M       1.1G

MemTotal:        4016004 kB
MemFree:         2333236 kB
Active:           417360 kB
Mem:          3.8G       1.6G       2.2G       5.7M        55M       1.2G

MemTotal:        4016004 kB
MemFree:         2294452 kB
Active:           417360 kB
Mem:          3.8G       1.6G       2.2G       5.7M        55M       1.2G

MemTotal:        4016004 kB
MemFree:         2235820 kB
Active:           417360 kB
Mem:          3.8G       1.7G       2.1G       5.7M        55M       1.3G

MemTotal:        4016004 kB
MemFree:         2234976 kB
Active:           417364 kB
Mem:          3.8G       1.7G       2.1G       5.7M        55M       1.3G

MemTotal:        4016004 kB
MemFree:         2158892 kB
Active:           417380 kB
Mem:          3.8G       1.8G       2.1G       5.7M        55M       1.3G

MemTotal:        4016004 kB
MemFree:         2135864 kB
Active:           417380 kB
Mem:          3.8G       1.8G       2.0G       5.7M        55M       1.3G

MemTotal:        4016004 kB
MemFree:         2079224 kB
Active:           417384 kB
Mem:          3.8G       1.8G       2.0G       5.7M        55M       1.4G

MemTotal:        4016004 kB
MemFree:         2034972 kB
Active:           417392 kB
Mem:          3.8G       1.9G       1.9G       5.7M        55M       1.4G

MemTotal:        4016004 kB
MemFree:         2033156 kB
Active:           417412 kB
Mem:          3.8G       1.9G       1.9G       5.7M        55M       1.4G

MemTotal:        4016004 kB
MemFree:         2032908 kB
Active:           417412 kB
Mem:          3.8G       1.9G       1.9G       5.7M        55M       1.4G

MemTotal:        4016004 kB
MemFree:         2032944 kB
Active:           417416 kB
Mem:          3.8G       1.9G       1.9G       5.7M        55M       1.4G

MemTotal:        4016004 kB
MemFree:         1995576 kB
Active:           417416 kB
Mem:          3.8G       1.9G       1.9G       5.7M        55M       1.5G

MemTotal:        4016004 kB
MemFree:         1858112 kB
Active:           417420 kB
Mem:          3.8G       2.1G       1.8G       5.7M        55M       1.6G

MemTotal:        4016004 kB
MemFree:         1731236 kB
Active:           417420 kB
Mem:          3.8G       2.2G       1.6G       5.7M        55M       1.7G

MemTotal:        4016004 kB
MemFree:         1680872 kB
Active:           417428 kB
Mem:          3.8G       2.2G       1.6G       5.7M        55M       1.8G

MemTotal:        4016004 kB
MemFree:         1640984 kB
Active:           417440 kB
Mem:          3.8G       2.3G       1.6G       5.7M        55M       1.8G

MemTotal:        4016004 kB
MemFree:         1581536 kB
Active:           417440 kB
Mem:          3.8G       2.3G       1.5G       5.7M        55M       1.9G

MemTotal:        4016004 kB
MemFree:         1494504 kB
Active:           417440 kB
Mem:          3.8G       2.4G       1.4G       5.7M        55M       2.0G

MemTotal:        4016004 kB
MemFree:         1481680 kB
Active:           417440 kB
Mem:          3.8G       2.4G       1.4G       5.7M        55M       2.0G

MemTotal:        4016004 kB
MemFree:         1480484 kB
Active:           417440 kB
Mem:          3.8G       2.4G       1.4G       5.7M        55M       2.0G

MemTotal:        4016004 kB
MemFree:         1382536 kB
Active:           417448 kB
Mem:          3.8G       2.5G       1.3G       5.7M        55M       2.1G

MemTotal:        4016004 kB
MemFree:         1381856 kB
Active:           415500 kB
Mem:          3.8G       2.5G       1.3G       5.7M        55M       2.1G

MemTotal:        4016004 kB
MemFree:         1379856 kB
Active:           415516 kB
Mem:          3.8G       2.5G       1.3G       5.7M        55M       2.1G

MemTotal:        4016004 kB
MemFree:         1378652 kB
Active:           415516 kB
Mem:          3.8G       2.5G       1.3G       5.7M        55M       2.1G

MemTotal:        4016004 kB
MemFree:         1370472 kB
Active:           415516 kB
Mem:          3.8G       2.5G       1.3G       5.7M        55M       2.1G

MemTotal:        4016004 kB
MemFree:         1278476 kB
Active:           415524 kB
Mem:          3.8G       2.6G       1.2G       5.7M        55M       2.2G

MemTotal:        4016004 kB
MemFree:         1150112 kB
Active:           415524 kB
Mem:          3.8G       2.7G       1.1G       5.7M        55M       2.3G

MemTotal:        4016004 kB
MemFree:         1029436 kB
Active:           415524 kB
Mem:          3.8G       2.8G       1.0G       5.7M        55M       2.4G

MemTotal:        4016004 kB
MemFree:          999260 kB
Active:           415524 kB
Mem:          3.8G       2.9G       975M       5.7M        55M       2.4G

MemTotal:        4016004 kB
MemFree:          939816 kB
Active:           415532 kB
Mem:          3.8G       2.9G       917M       5.7M        55M       2.5G

MemTotal:        4016004 kB
MemFree:          938472 kB
Active:           415544 kB
Mem:          3.8G       2.9G       916M       5.7M        55M       2.5G

MemTotal:        4016004 kB
MemFree:          927276 kB
Active:           415592 kB
Mem:          3.8G       2.9G       904M       5.7M        55M       2.5G

MemTotal:        4016004 kB
MemFree:          822288 kB
Active:           415592 kB
Mem:          3.8G       3.0G       802M       5.7M        55M       2.6G

MemTotal:        4016004 kB
MemFree:          693128 kB
Active:           415596 kB
Mem:          3.8G       3.2G       675M       5.7M        55M       2.7G

MemTotal:        4016004 kB
MemFree:          622164 kB
Active:           415596 kB
Mem:          3.8G       3.2G       607M       5.7M        55M       2.8G

MemTotal:        4016004 kB
MemFree:          619744 kB
Active:           415608 kB
Mem:          3.8G       3.2G       604M       5.7M        55M       2.8G

MemTotal:        4016004 kB
MemFree:          589516 kB
Active:           415616 kB
Mem:          3.8G       3.3G       575M       5.7M        55M       2.8G

MemTotal:        4016004 kB
MemFree:          589112 kB
Active:           415620 kB
Mem:          3.8G       3.3G       575M       5.7M        55M       2.8G

MemTotal:        4016004 kB
MemFree:          507112 kB
Active:           415632 kB
Mem:          3.8G       3.3G       494M       5.7M        55M       2.9G

MemTotal:        4016004 kB
MemFree:          506640 kB
Active:           415636 kB
Mem:          3.8G       3.3G       494M       5.7M        55M       2.9G

MemTotal:        4016004 kB
MemFree:          505644 kB
Active:           415648 kB
Mem:          3.8G       3.3G       493M       5.7M        55M       2.9G

MemTotal:        4016004 kB
MemFree:          503520 kB
Active:           415672 kB
Mem:          3.8G       3.4G       491M       5.7M        55M       2.9G

MemTotal:        4016004 kB
MemFree:          502592 kB
Active:           415672 kB
Mem:          3.8G       3.4G       490M       5.7M        55M       2.9G

MemTotal:        4016004 kB
MemFree:          451784 kB
Active:           415672 kB
Mem:          3.8G       3.4G       440M       5.7M        55M       2.9G

MemTotal:        4016004 kB
MemFree:          335464 kB
Active:           417720 kB
Mem:          3.8G       3.5G       326M       5.7M        55M       3.0G

MemTotal:        4016004 kB
MemFree:          223748 kB
Active:           417728 kB
Mem:          3.8G       3.6G       217M       5.7M        55M       3.1G

MemTotal:        4016004 kB
MemFree:          156124 kB
Active:           417736 kB
Mem:          3.8G       3.7G       151M       5.7M        55M       3.2G

MemTotal:        4016004 kB
MemFree:          125108 kB
Active:           415944 kB
Mem:          3.8G       3.7G       124M       5.7M        20M       3.3G

MemTotal:        4016004 kB
MemFree:          127200 kB
Active:           476736 kB
Mem:          3.8G       3.7G       124M       5.7M        20M       3.3G

MemTotal:        4016004 kB
MemFree:          127268 kB
Active:           476928 kB
Mem:          3.8G       3.7G       124M       5.7M        20M       3.3G

MemTotal:        4016004 kB
MemFree:          124580 kB
Active:           476864 kB
Mem:          3.8G       3.7G       120M       5.7M        20M       3.3G

MemTotal:        4016004 kB
MemFree:          121284 kB
Active:           476892 kB
Mem:          3.8G       3.7G       118M       5.7M        20M       3.3G

MemTotal:        4016004 kB
MemFree:          120188 kB
Active:           476888 kB
Mem:          3.8G       3.7G       117M       5.7M        20M       3.3G

MemTotal:        4016004 kB
MemFree:          126596 kB
Active:           469728 kB
Mem:          3.8G       3.7G       122M       5.7M        20M       3.3G

MemTotal:        4016004 kB
MemFree:          131132 kB
Active:           452948 kB
Mem:          3.8G       3.7G       126M       5.7M        20M       3.3G

MemTotal:        4016004 kB
MemFree:          134204 kB
Active:           438356 kB
Mem:          3.8G       3.7G       130M       5.7M        20M       3.3G

MemTotal:        4016004 kB
MemFree:          127376 kB
Active:           432980 kB
Mem:          3.8G       3.7G       122M       5.7M        20M       3.3G

MemTotal:        4016004 kB
MemFree:          130568 kB
Active:           429524 kB
Mem:          3.8G       3.7G       127M       5.7M        20M       3.3G

MemTotal:        4016004 kB
MemFree:          108536 kB
Active:           427884 kB
Mem:          3.8G       3.7G       105M       5.7M        20M       3.3G

MemTotal:        4016004 kB
MemFree:          133280 kB
Active:           424108 kB
Mem:          3.8G       3.7G       129M       5.7M        20M       3.3G

MemTotal:        4016004 kB
MemFree:          131332 kB
Active:           419716 kB
Mem:          3.8G       3.7G       127M       5.7M        20M       3.3G

MemTotal:        4016004 kB
MemFree:          130196 kB
Active:           419728 kB
Mem:          3.8G       3.7G       126M       5.7M        20M       3.3G

MemTotal:        4016004 kB
MemFree:          128844 kB
Active:           419736 kB
Mem:          3.8G       3.7G       125M       5.7M        20M       3.3G

MemTotal:        4016004 kB
MemFree:          127824 kB
Active:           419736 kB
Mem:          3.8G       3.7G       124M       5.7M        20M       3.3G

MemTotal:        4016004 kB
MemFree:          127704 kB
Active:           419744 kB
Mem:          3.8G       3.7G       124M       5.7M        20M       3.3G

MemTotal:        4016004 kB
MemFree:          132956 kB
Active:           418084 kB
Mem:          3.8G       3.7G       129M       5.7M        20M       3.3G

MemTotal:        4016004 kB
MemFree:          116476 kB
Active:           415268 kB
Mem:          3.8G       3.7G       113M       5.7M        20M       3.3G

MemTotal:        4016004 kB
MemFree:          140756 kB
Active:           410788 kB
Mem:          3.8G       3.7G       136M       5.7M        20M       3.3G

MemTotal:        4016004 kB
MemFree:          124328 kB
Active:           406352 kB
Mem:          3.8G       3.7G       120M       5.7M        20M       3.3G

MemTotal:        4016004 kB
MemFree:          141088 kB
Active:           402636 kB
Mem:          3.8G       3.7G       137M       5.7M        20M       3.3G

MemTotal:        4016004 kB
MemFree:          114376 kB
Active:           402524 kB
Mem:          3.8G       3.7G       111M       5.7M        20M       3.3G

MemTotal:        4016004 kB
MemFree:          136940 kB
Active:           398580 kB
Mem:          3.8G       3.7G       133M       5.7M        20M       3.3G

MemTotal:        4016004 kB
MemFree:          142624 kB
Active:           396276 kB
Mem:          3.8G       3.7G       139M       5.7M        20M       3.3G

MemTotal:        4016004 kB
MemFree:          141144 kB
Active:           396288 kB
Mem:          3.8G       3.7G       137M       5.7M        20M       3.3G

MemTotal:        4016004 kB
MemFree:          141000 kB
Active:           396288 kB
Mem:          3.8G       3.7G       137M       5.7M        20M       3.3G

MemTotal:        4016004 kB
MemFree:          141064 kB
Active:           396296 kB
Mem:          3.8G       3.7G       137M       5.7M        20M       3.3G

MemTotal:        4016004 kB
MemFree:          141348 kB
Active:           396296 kB
Mem:          3.8G       3.7G       138M       5.7M        20M       3.3G

MemTotal:        4016004 kB
MemFree:          134664 kB
Active:           394132 kB
Mem:          3.8G       3.7G       130M       5.7M        20M       3.3G

MemTotal:        4016004 kB
MemFree:          134416 kB
Active:           388948 kB
Mem:          3.8G       3.7G       130M       5.7M        20M       3.3G

MemTotal:        4016004 kB
MemFree:          122348 kB
Active:           384860 kB
Mem:          3.8G       3.7G       118M       5.7M        20M       3.3G

MemTotal:        4016004 kB
MemFree:          124756 kB
Active:           382572 kB
Mem:          3.8G       3.7G       121M       5.7M        20M       3.3G

MemTotal:        4016004 kB
MemFree:          120516 kB
Active:           382572 kB
Mem:          3.8G       3.7G       117M       5.7M        20M       3.3G

MemTotal:        4016004 kB
MemFree:          145292 kB
Active:           377836 kB
Mem:          3.8G       3.7G       141M       5.7M        20M       3.2G

MemTotal:        4016004 kB
MemFree:          144672 kB
Active:           377708 kB
Mem:          3.8G       3.7G       141M       5.7M        20M       3.2G

MemTotal:        4016004 kB
MemFree:          141152 kB
Active:           376052 kB
Mem:          3.8G       3.7G       137M       5.7M        20M       3.3G

MemTotal:        4016004 kB
MemFree:          140380 kB
Active:           376064 kB
Mem:          3.8G       3.7G       136M       5.7M        20M       3.3G

MemTotal:        4016004 kB
MemFree:          139368 kB
Active:           376064 kB
Mem:          3.8G       3.7G       135M       5.7M        20M       3.3G

MemTotal:        4016004 kB
MemFree:          138440 kB
Active:           376064 kB
Mem:          3.8G       3.7G       135M       5.7M        20M       3.3G

MemTotal:        4016004 kB
MemFree:          136844 kB
Active:           376064 kB
Mem:          3.8G       3.7G       133M       5.7M        20M       3.3G

MemTotal:        4016004 kB
MemFree:          134780 kB
Active:           371864 kB
Mem:          3.8G       3.7G       131M       5.7M        20M       3.3G

MemTotal:        4016004 kB
MemFree:          122032 kB
Active:           369048 kB
Mem:          3.8G       3.7G       117M       5.7M        20M       3.3G

MemTotal:        4016004 kB
MemFree:          135136 kB
Active:           363932 kB
Mem:          3.8G       3.7G       130M       5.7M        20M       3.3G

MemTotal:        4016004 kB
MemFree:          154192 kB
Active:           362144 kB
Mem:          3.8G       3.7G       150M       5.7M        20M       3.2G

MemTotal:        4016004 kB
MemFree:          120564 kB
Active:           361128 kB
Mem:          3.8G       3.7G       117M       5.7M        20M       3.3G

MemTotal:        4016004 kB
MemFree:          119772 kB
Active:           361128 kB
Mem:          3.8G       3.7G       116M       5.7M        20M       3.3G

MemTotal:        4016004 kB
MemFree:          130680 kB
Active:           361136 kB
Mem:          3.8G       3.7G       126M       5.7M        20M       3.3G

MemTotal:        4016004 kB
MemFree:          118096 kB
Active:           361136 kB
Mem:          3.8G       3.7G       115M       5.7M        20M       3.3G

MemTotal:        4016004 kB
MemFree:          115480 kB
Active:           361152 kB
Mem:          3.8G       3.7G       112M       5.7M        20M       3.3G

MemTotal:        4016004 kB
MemFree:          114584 kB
Active:           361152 kB
Mem:          3.8G       3.7G       111M       5.7M        20M       3.3G

MemTotal:        4016004 kB
MemFree:          113628 kB
Active:           361156 kB
Mem:          3.8G       3.7G       110M       5.7M        20M       3.3G

MemTotal:        4016004 kB
MemFree:          112704 kB
Active:           361156 kB
Mem:          3.8G       3.7G       108M       5.7M        20M       3.3G

MemTotal:        4016004 kB
MemFree:          129644 kB
Active:           361164 kB
Mem:          3.8G       3.7G       125M       5.7M        20M       3.3G

MemTotal:        4016004 kB
MemFree:          122424 kB
Active:           360920 kB
Mem:          3.8G       3.7G       118M       5.7M        20M       3.3G

MemTotal:        4016004 kB
MemFree:          122292 kB
Active:           360920 kB
Mem:          3.8G       3.7G       119M       5.7M        20M       3.3G

MemTotal:        4016004 kB
MemFree:          130364 kB
Active:           360944 kB
Mem:          3.8G       3.7G       126M       5.7M        20M       3.3G

MemTotal:        4016004 kB
MemFree:          126788 kB
Active:           360960 kB
Mem:          3.8G       3.7G       123M       5.7M        20M       3.3G

MemTotal:        4016004 kB
MemFree:          117656 kB
Active:           357956 kB
Mem:          3.8G       3.7G       113M       5.7M        20M       3.3G

MemTotal:        4016004 kB
MemFree:          109452 kB
Active:           357956 kB
Mem:          3.8G       3.7G       106M       5.7M        20M       3.3G

MemTotal:        4016004 kB
MemFree:          138260 kB
Active:           357392 kB
Mem:          3.8G       3.7G       134M       5.7M        20M       3.3G

MemTotal:        4016004 kB
MemFree:          136952 kB
Active:           357400 kB
Mem:          3.8G       3.7G       133M       5.7M        20M       3.3G

MemTotal:        4016004 kB
MemFree:          135720 kB
Active:           357396 kB
Mem:          3.8G       3.7G       132M       5.7M        20M       3.3G

MemTotal:        4016004 kB
MemFree:          135012 kB
Active:           357352 kB
Mem:          3.8G       3.7G       131M       5.7M        20M       3.3G

MemTotal:        4016004 kB
MemFree:          132984 kB
Active:           357360 kB
Mem:          3.8G       3.7G       129M       5.7M        20M       3.3G

MemTotal:        4016004 kB
MemFree:          113032 kB
Active:           357404 kB
Mem:          3.8G       3.7G       109M       5.7M        20M       3.3G

MemTotal:        4016004 kB
MemFree:          125456 kB
Active:           357404 kB
Mem:          3.8G       3.7G       122M       5.7M        20M       3.3G

MemTotal:        4016004 kB
MemFree:          112396 kB
Active:           357404 kB
Mem:          3.8G       3.7G       109M       5.7M        20M       3.3G

MemTotal:        4016004 kB
MemFree:          146244 kB
Active:           357408 kB
Mem:          3.8G       3.7G       142M       5.7M        20M       3.2G

MemTotal:        4016004 kB
MemFree:          130944 kB
Active:           357416 kB
Mem:          3.8G       3.7G       127M       5.7M        20M       3.3G

MemTotal:        4016004 kB
MemFree:          130412 kB
Active:           357428 kB
Mem:          3.8G       3.7G       127M       5.7M        20M       3.3G

MemTotal:        4016004 kB
MemFree:          140340 kB
Active:           357204 kB
Mem:          3.8G       3.7G       137M       5.7M        20M       3.3G

MemTotal:        4016004 kB
MemFree:          140192 kB
Active:           357216 kB
Mem:          3.8G       3.7G       136M       5.7M        20M       3.3G

MemTotal:        4016004 kB
MemFree:          138868 kB
Active:           357216 kB
Mem:          3.8G       3.7G       135M       5.7M        20M       3.3G

MemTotal:        4016004 kB
MemFree:          139492 kB
Active:           357192 kB
Mem:          3.8G       3.7G       136M       5.7M        20M       3.3G

MemTotal:        4016004 kB
MemFree:          139808 kB
Active:           357192 kB
Mem:          3.8G       3.7G       136M       5.7M        20M       3.3G

MemTotal:        4016004 kB
MemFree:          138456 kB
Active:           357240 kB
Mem:          3.8G       3.7G       134M       5.7M        20M       3.3G

MemTotal:        4016004 kB
MemFree:          138204 kB
Active:           357240 kB
Mem:          3.8G       3.7G       134M       5.7M        20M       3.3G

MemTotal:        4016004 kB
MemFree:          129180 kB
Active:           356152 kB
Mem:          3.8G       3.7G       125M       5.7M        20M       3.3G

MemTotal:        4016004 kB
MemFree:          126548 kB
Active:           356008 kB
Mem:          3.8G       3.7G       123M       5.7M        20M       3.3G

MemTotal:        4016004 kB
MemFree:          136264 kB
Active:           356160 kB
Mem:          3.8G       3.7G       133M       5.7M        20M       3.3G

MemTotal:        4016004 kB
MemFree:          127424 kB
Active:           356180 kB
Mem:          3.8G       3.7G       124M       5.7M        20M       3.3G

MemTotal:        4016004 kB
MemFree:          133440 kB
Active:           356184 kB
Mem:          3.8G       3.7G       130M       5.7M        20M       3.3G

MemTotal:        4016004 kB
MemFree:          132632 kB
Active:           356200 kB
Mem:          3.8G       3.7G       129M       5.7M        20M       3.3G

MemTotal:        4016004 kB
MemFree:          130140 kB
Active:           356204 kB
Mem:          3.8G       3.7G       126M       5.7M        20M       3.3G

MemTotal:        4016004 kB
MemFree:          129388 kB
Active:           356156 kB
Mem:          3.8G       3.7G       126M       5.7M        20M       3.3G

MemTotal:        4016004 kB
MemFree:          133384 kB
Active:           356204 kB
Mem:          3.8G       3.7G       129M       5.7M        20M       3.3G

MemTotal:        4016004 kB
MemFree:          127392 kB
Active:           352556 kB
Mem:          3.8G       3.7G       123M       5.7M        20M       3.3G

MemTotal:        4016004 kB
MemFree:          136644 kB
Active:           352556 kB
Mem:          3.8G       3.7G       132M       5.7M        20M       3.3G

MemTotal:        4016004 kB
MemFree:          119164 kB
Active:           352556 kB
Mem:          3.8G       3.7G       115M       5.7M        20M       3.3G

MemTotal:        4016004 kB
MemFree:          129404 kB
Active:           351136 kB
Mem:          3.8G       3.7G       126M       5.7M        20M       3.3G

MemTotal:        4016004 kB
MemFree:          150100 kB
Active:           351136 kB
Mem:          3.8G       3.7G       146M       5.7M        20M       3.2G

MemTotal:        4016004 kB
MemFree:          146864 kB
Active:           351140 kB
Mem:          3.8G       3.7G       143M       5.7M        20M       3.2G

MemTotal:        4016004 kB
MemFree:          147104 kB
Active:           351136 kB
Mem:          3.8G       3.7G       143M       5.7M        20M       3.2G

MemTotal:        4016004 kB
MemFree:          147200 kB
Active:           351100 kB
Mem:          3.8G       3.7G       143M       5.7M        20M       3.2G

MemTotal:        4016004 kB
MemFree:          147452 kB
Active:           351108 kB
Mem:          3.8G       3.7G       144M       5.7M        20M       3.2G

MemTotal:        4016004 kB
MemFree:          145756 kB
Active:           351128 kB
Mem:          3.8G       3.7G       141M       5.7M        20M       3.2G

MemTotal:        4016004 kB
MemFree:          116608 kB
Active:           351168 kB
Mem:          3.8G       3.7G       113M       5.7M        20M       3.3G

MemTotal:        4016004 kB
MemFree:          116300 kB
Active:           351188 kB
Mem:          3.8G       3.7G       113M       5.7M        20M       3.3G

MemTotal:        4016004 kB
MemFree:          116476 kB
Active:           351180 kB
Mem:          3.8G       3.7G       113M       5.7M        20M       3.3G

MemTotal:        4016004 kB
MemFree:          116104 kB
Active:           349144 kB
Mem:          3.8G       3.7G       112M       5.7M        20M       3.3G

MemTotal:        4016004 kB
MemFree:          114044 kB
Active:           351216 kB
Mem:          3.8G       3.7G       111M       5.7M        20M       3.3G

MemTotal:        4016004 kB
MemFree:          140392 kB
Active:           346684 kB
Mem:          3.8G       3.7G       136M       5.7M        20M       3.2G

MemTotal:        4016004 kB
MemFree:          112572 kB
Active:           346684 kB
Mem:          3.8G       3.7G       109M       5.7M        20M       3.3G

MemTotal:        4016004 kB
MemFree:          146940 kB
Active:           346692 kB
Mem:          3.8G       3.7G       143M       5.7M        20M       3.2G

MemTotal:        4016004 kB
MemFree:          132340 kB
Active:           346692 kB
Mem:          3.8G       3.7G       129M       5.7M        20M       3.3G

MemTotal:        4016004 kB
MemFree:          132400 kB
Active:           346124 kB
Mem:          3.8G       3.7G       129M       5.7M        20M       3.3G

MemTotal:        4016004 kB
MemFree:          140320 kB
Active:           346008 kB
Mem:          3.8G       3.7G       137M       5.7M        20M       3.2G

MemTotal:        4016004 kB
MemFree:          125096 kB
Active:           346020 kB
Mem:          3.8G       3.7G       121M       5.7M        20M       3.3G

MemTotal:        4016004 kB
MemFree:          127840 kB
Active:           346028 kB
Mem:          3.8G       3.7G       124M       5.7M        20M       3.3G

MemTotal:        4016004 kB
MemFree:          122948 kB
Active:           345964 kB
Mem:          3.8G       3.7G       120M       5.7M        20M       3.3G

MemTotal:        4016004 kB
MemFree:          132836 kB
Active:           348052 kB
Mem:          3.8G       3.7G       129M       5.7M        20M       3.3G

MemTotal:        4016004 kB
MemFree:          131688 kB
Active:           348064 kB
Mem:          3.8G       3.7G       128M       5.7M        20M       3.3G

MemTotal:        4016004 kB
MemFree:          130232 kB
Active:           348048 kB
Mem:          3.8G       3.7G       126M       5.7M        20M       3.3G

MemTotal:        4016004 kB
MemFree:          129596 kB
Active:           348072 kB
Mem:          3.8G       3.7G       126M       5.7M        20M       3.3G

MemTotal:        4016004 kB
MemFree:          126612 kB
Active:           348120 kB
Mem:          3.8G       3.7G       123M       5.7M        20M       3.3G

MemTotal:        4016004 kB
MemFree:          130576 kB
Active:           348220 kB
Mem:          3.8G       3.7G       126M       5.7M        20M       3.3G

MemTotal:        4016004 kB
MemFree:          147948 kB
Active:           344932 kB
Mem:          3.8G       3.7G       143M       5.7M        20M       3.2G

MemTotal:        4016004 kB
MemFree:          136572 kB
Active:           344932 kB
Mem:          3.8G       3.7G       132M       5.7M        20M       3.2G

MemTotal:        4016004 kB
MemFree:          126684 kB
Active:           344968 kB
Mem:          3.8G       3.7G       123M       5.7M        20M       3.3G

MemTotal:        4016004 kB
MemFree:          133112 kB
Active:           345004 kB
Mem:          3.8G       3.7G       129M       5.7M        20M       3.3G

MemTotal:        4016004 kB
MemFree:          141868 kB
Active:           345024 kB
Mem:          3.8G       3.7G       138M       5.7M        20M       3.2G

MemTotal:        4016004 kB
MemFree:          141436 kB
Active:           345004 kB
Mem:          3.8G       3.7G       137M       5.7M        20M       3.2G

MemTotal:        4016004 kB
MemFree:          131828 kB
Active:           343920 kB
Mem:          3.8G       3.7G       128M       5.7M        20M       3.3G

MemTotal:        4016004 kB
MemFree:          131272 kB
Active:           343932 kB
Mem:          3.8G       3.7G       128M       5.7M        20M       3.3G

MemTotal:        4016004 kB
MemFree:          129380 kB
Active:           343968 kB
Mem:          3.8G       3.7G       126M       5.7M        20M       3.3G

MemTotal:        4016004 kB
MemFree:          128016 kB
Active:           343984 kB
Mem:          3.8G       3.7G       124M       5.7M        20M       3.3G

MemTotal:        4016004 kB
MemFree:          126448 kB
Active:           343992 kB
Mem:          3.8G       3.7G       122M       5.7M        20M       3.3G

MemTotal:        4016004 kB
MemFree:          106668 kB
Active:           344016 kB
Mem:          3.8G       3.7G       103M       5.7M        20M       3.3G

MemTotal:        4016004 kB
MemFree:          140016 kB
Active:           344056 kB
Mem:          3.8G       3.7G       136M       5.7M        20M       3.2G

MemTotal:        4016004 kB
MemFree:          121416 kB
Active:           345072 kB
Mem:          3.8G       3.7G       118M       5.7M        20M       3.3G

MemTotal:        4016004 kB
MemFree:          141636 kB
Active:           345104 kB
Mem:          3.8G       3.7G       138M       5.7M        20M       3.2G

MemTotal:        4016004 kB
MemFree:          107084 kB
Active:           345160 kB
Mem:          3.8G       3.7G       104M       5.7M        20M       3.3G

MemTotal:        4016004 kB
MemFree:          118352 kB
Active:           345292 kB
Mem:          3.8G       3.7G       115M       5.7M        20M       3.3G

MemTotal:        4016004 kB
MemFree:          134100 kB
Active:           343304 kB
Mem:          3.8G       3.7G       130M       5.7M        20M       3.2G

MemTotal:        4016004 kB
MemFree:          134916 kB
Active:           343392 kB
Mem:          3.8G       3.7G       131M       5.7M        20M       3.2G

MemTotal:        4016004 kB
MemFree:          133608 kB
Active:           343216 kB
Mem:          3.8G       3.7G       130M       5.7M        20M       3.2G

MemTotal:        4016004 kB
MemFree:          132648 kB
Active:           343172 kB
Mem:          3.8G       3.7G       129M       5.7M        20M       3.2G

MemTotal:        4016004 kB
MemFree:          129976 kB
Active:           343392 kB
Mem:          3.8G       3.7G       126M       5.7M        20M       3.3G

MemTotal:        4016004 kB
MemFree:          130176 kB
Active:           343476 kB
Mem:          3.8G       3.7G       127M       5.7M        20M       3.3G

MemTotal:        4016004 kB
MemFree:          118964 kB
Active:           350880 kB
Mem:          3.8G       3.7G       115M       5.7M        28M       3.3G

MemTotal:        4016004 kB
MemFree:          110248 kB
Active:           351084 kB
Mem:          3.8G       3.7G       107M       5.7M        28M       3.3G

MemTotal:        4016004 kB
MemFree:          125608 kB
Active:           351084 kB
Mem:          3.8G       3.7G       121M       5.7M        28M       3.2G

MemTotal:        4016004 kB
MemFree:          125116 kB
Active:           351088 kB
Mem:          3.8G       3.7G       122M       5.7M        28M       3.2G

MemTotal:        4016004 kB
MemFree:          124764 kB
Active:           350256 kB
Mem:          3.8G       3.7G       122M       5.7M        28M       3.2G

MemTotal:        4016004 kB
MemFree:          128768 kB
Active:           347968 kB
Mem:          3.8G       3.7G       125M       5.7M        28M       3.2G

MemTotal:        4016004 kB
MemFree:          123716 kB
Active:           347968 kB
Mem:          3.8G       3.7G       120M       5.7M        28M       3.2G

MemTotal:        4016004 kB
MemFree:          122508 kB
Active:           347980 kB
Mem:          3.8G       3.7G       119M       5.7M        28M       3.2G

MemTotal:        4016004 kB
MemFree:          121068 kB
Active:           347980 kB
Mem:          3.8G       3.7G       117M       5.7M        28M       3.3G

MemTotal:        4016004 kB
MemFree:          120708 kB
Active:           347964 kB
Mem:          3.8G       3.7G       117M       5.7M        28M       3.3G

MemTotal:        4016004 kB
MemFree:          120244 kB
Active:           347932 kB
Mem:          3.8G       3.7G       116M       5.7M        28M       3.3G

MemTotal:        4016004 kB
MemFree:          130188 kB
Active:           347936 kB
Mem:          3.8G       3.7G       126M       5.7M        28M       3.2G

MemTotal:        4016004 kB
MemFree:          122624 kB
Active:           347992 kB
Mem:          3.8G       3.7G       119M       5.7M        28M       3.2G

MemTotal:        4016004 kB
MemFree:          124180 kB
Active:           347992 kB
Mem:          3.8G       3.7G       121M       5.7M        28M       3.2G

MemTotal:        4016004 kB
MemFree:          124152 kB
Active:           347992 kB
Mem:          3.8G       3.7G       121M       5.7M        28M       3.2G

MemTotal:        4016004 kB
MemFree:          135884 kB
Active:           347956 kB
Mem:          3.8G       3.7G       132M       5.7M        28M       3.2G

MemTotal:        4016004 kB
MemFree:          136468 kB
Active:           348004 kB
Mem:          3.8G       3.7G       133M       5.7M        28M       3.2G

MemTotal:        4016004 kB
MemFree:          132272 kB
Active:           347616 kB
Mem:          3.8G       3.7G       129M       5.7M        28M       3.2G

MemTotal:        4016004 kB
MemFree:          135352 kB
Active:           347476 kB
Mem:          3.8G       3.7G       132M       5.7M        28M       3.2G

MemTotal:        4016004 kB
MemFree:          135544 kB
Active:           347468 kB
Mem:          3.8G       3.7G       132M       5.7M        28M       3.2G

MemTotal:        4016004 kB
MemFree:          133272 kB
Active:           347496 kB
Mem:          3.8G       3.7G       130M       5.7M        28M       3.2G

MemTotal:        4016004 kB
MemFree:          132256 kB
Active:           347520 kB
Mem:          3.8G       3.7G       129M       5.7M        28M       3.2G

MemTotal:        4016004 kB
MemFree:          131548 kB
Active:           347504 kB
Mem:          3.8G       3.7G       128M       5.7M        28M       3.2G

MemTotal:        4016004 kB
MemFree:          132868 kB
Active:           347516 kB
Mem:          3.8G       3.7G       129M       5.7M        28M       3.2G

MemTotal:        4016004 kB
MemFree:          128080 kB
Active:           347524 kB
Mem:          3.8G       3.7G       124M       5.7M        28M       3.2G

MemTotal:        4016004 kB
MemFree:          110576 kB
Active:           347532 kB
Mem:          3.8G       3.7G       122M       5.7M        28M       3.2G

MemTotal:        4016004 kB
MemFree:          127808 kB
Active:           347532 kB
Mem:          3.8G       3.7G       124M       5.7M        28M       3.2G

MemTotal:        4016004 kB
MemFree:          135868 kB
Active:           347536 kB
Mem:          3.8G       3.7G       132M       5.7M        28M       3.2G

MemTotal:        4016004 kB
MemFree:          115476 kB
Active:           347544 kB
Mem:          3.8G       3.7G       112M       5.7M        28M       3.3G

MemTotal:        4016004 kB
MemFree:          115248 kB
Active:           347504 kB
Mem:          3.8G       3.7G       112M       5.7M        28M       3.3G

MemTotal:        4016004 kB
MemFree:          145348 kB
Active:           347528 kB
Mem:          3.8G       3.7G       141M       5.7M        28M       3.2G

MemTotal:        4016004 kB
MemFree:          138368 kB
Active:           347360 kB
Mem:          3.8G       3.7G       134M       5.7M        28M       3.2G

MemTotal:        4016004 kB
MemFree:          137868 kB
Active:           347208 kB
Mem:          3.8G       3.7G       134M       5.7M        28M       3.2G

MemTotal:        4016004 kB
MemFree:          137940 kB
Active:           347248 kB
Mem:          3.8G       3.7G       134M       5.7M        28M       3.2G

MemTotal:        4016004 kB
MemFree:          138056 kB
Active:           347380 kB
Mem:          3.8G       3.7G       134M       5.7M        28M       3.2G

MemTotal:        4016004 kB
MemFree:          138104 kB
Active:           347140 kB
Mem:          3.8G       3.7G       134M       5.7M        28M       3.2G

MemTotal:        4016004 kB
MemFree:          138228 kB
Active:           347100 kB
Mem:          3.8G       3.7G       134M       5.7M        28M       3.2G

MemTotal:        4016004 kB
MemFree:          138104 kB
Active:           347120 kB
Mem:          3.8G       3.7G       134M       5.7M        28M       3.2G

MemTotal:        4016004 kB
MemFree:          137928 kB
Active:           347296 kB
Mem:          3.8G       3.7G       134M       5.7M        28M       3.2G

MemTotal:        4016004 kB
MemFree:          136128 kB
Active:           347440 kB
Mem:          3.8G       3.7G       133M       5.7M        28M       3.2G

MemTotal:        4016004 kB
MemFree:          136180 kB
Active:           349296 kB
Mem:          3.8G       3.7G       132M       5.7M        28M       3.2G

MemTotal:        4016004 kB
MemFree:          136228 kB
Active:           349396 kB
Mem:          3.8G       3.7G       132M       5.7M        28M       3.2G

MemTotal:        4016004 kB
MemFree:          136180 kB
Active:           349300 kB
Mem:          3.8G       3.7G       132M       5.7M        28M       3.2G

MemTotal:        4016004 kB
MemFree:          136180 kB
Active:           349256 kB
Mem:          3.8G       3.7G       132M       5.7M        28M       3.2G

MemTotal:        4016004 kB
MemFree:          136460 kB
Active:           348936 kB
Mem:          3.8G       3.7G       133M       5.7M        28M       3.2G

MemTotal:        4016004 kB
MemFree:          136120 kB
Active:           349224 kB
Mem:          3.8G       3.7G       132M       5.7M        28M       3.2G

MemTotal:        4016004 kB
MemFree:          135856 kB
Active:           349064 kB
Mem:          3.8G       3.7G       132M       5.7M        28M       3.2G

MemTotal:        4016004 kB
MemFree:          135856 kB
Active:           349048 kB
Mem:          3.8G       3.7G       132M       5.7M        28M       3.2G

MemTotal:        4016004 kB
MemFree:          135252 kB
Active:           349200 kB
Mem:          3.8G       3.7G       132M       5.7M        28M       3.2G

MemTotal:        4016004 kB
MemFree:          135856 kB
Active:           348968 kB
Mem:          3.8G       3.7G       132M       5.7M        28M       3.2G

MemTotal:        4016004 kB
MemFree:          135980 kB
Active:           349016 kB
Mem:          3.8G       3.7G       132M       5.7M        28M       3.2G

MemTotal:        4016004 kB
MemFree:          136000 kB
Active:           349108 kB
Mem:          3.8G       3.7G       132M       5.7M        28M       3.2G

MemTotal:        4016004 kB
MemFree:          136000 kB
Active:           349088 kB
Mem:          3.8G       3.7G       132M       5.7M        28M       3.2G

MemTotal:        4016004 kB
MemFree:          135256 kB
Active:           349132 kB
Mem:          3.8G       3.7G       132M       5.7M        28M       3.2G

MemTotal:        4016004 kB
MemFree:          135628 kB
Active:           349132 kB
Mem:          3.8G       3.7G       132M       5.7M        28M       3.2G

MemTotal:        4016004 kB
MemFree:          135628 kB
Active:           349096 kB
Mem:          3.8G       3.7G       132M       5.7M        28M       3.2G

MemTotal:        4016004 kB
MemFree:          135876 kB
Active:           349116 kB
Mem:          3.8G       3.7G       132M       5.7M        28M       3.2G

MemTotal:        4016004 kB
MemFree:          136124 kB
Active:           349084 kB
Mem:          3.8G       3.7G       132M       5.7M        28M       3.2G

MemTotal:        4016004 kB
MemFree:          136000 kB
Active:           349124 kB
Mem:          3.8G       3.7G       132M       5.7M        28M       3.2G

MemTotal:        4016004 kB
MemFree:          136000 kB
Active:           349092 kB
Mem:          3.8G       3.7G       132M       5.7M        28M       3.2G

MemTotal:        4016004 kB
MemFree:          135504 kB
Active:           349136 kB
Mem:          3.8G       3.7G       132M       5.7M        28M       3.2G

MemTotal:        4016004 kB
MemFree:          135876 kB
Active:           349100 kB
Mem:          3.8G       3.7G       132M       5.7M        28M       3.2G

MemTotal:        4016004 kB
MemFree:          135752 kB
Active:           349096 kB
Mem:          3.8G       3.7G       132M       5.7M        28M       3.2G

MemTotal:        4016004 kB
MemFree:          135752 kB
Active:           349144 kB
Mem:          3.8G       3.7G       132M       5.7M        28M       3.2G

MemTotal:        4016004 kB
MemFree:          135752 kB
Active:           349104 kB
Mem:          3.8G       3.7G       132M       5.7M        28M       3.2G

MemTotal:        4016004 kB
MemFree:          135892 kB
Active:           349116 kB
Mem:          3.8G       3.7G       132M       5.7M        28M       3.2G

MemTotal:        4016004 kB
MemFree:          136016 kB
Active:           349092 kB
Mem:          3.8G       3.7G       132M       5.7M        28M       3.2G

MemTotal:        4016004 kB
MemFree:          135644 kB
Active:           349152 kB
Mem:          3.8G       3.7G       132M       5.7M        28M       3.2G

MemTotal:        4016004 kB
MemFree:          136140 kB
Active:           349120 kB
Mem:          3.8G       3.7G       132M       5.7M        28M       3.2G

MemTotal:        4016004 kB
MemFree:          135892 kB
Active:           349148 kB
Mem:          3.8G       3.7G       132M       5.7M        28M       3.2G

MemTotal:        4016004 kB
MemFree:          135520 kB
Active:           349164 kB
Mem:          3.8G       3.7G       132M       5.7M        28M       3.2G

MemTotal:        4016004 kB
MemFree:          135520 kB
Active:           349164 kB
Mem:          3.8G       3.7G       132M       5.7M        28M       3.2G

MemTotal:        4016004 kB
MemFree:          135768 kB
Active:           349112 kB
Mem:          3.8G       3.7G       132M       5.7M        28M       3.2G

MemTotal:        4016004 kB
MemFree:          135644 kB
Active:           349124 kB
Mem:          3.8G       3.7G       132M       5.7M        28M       3.2G

MemTotal:        4016004 kB
MemFree:          135892 kB
Active:           349144 kB
Mem:          3.8G       3.7G       132M       5.7M        28M       3.2G

MemTotal:        4016004 kB
MemFree:          135892 kB
Active:           349168 kB
Mem:          3.8G       3.7G       132M       5.7M        28M       3.2G

MemTotal:        4016004 kB
MemFree:          135396 kB
Active:           349172 kB
Mem:          3.8G       3.7G       132M       5.7M        28M       3.2G

MemTotal:        4016004 kB
MemFree:          135396 kB
Active:           349176 kB
Mem:          3.8G       3.7G       132M       5.7M        28M       3.2G

MemTotal:        4016004 kB
MemFree:          135396 kB
Active:           349176 kB
Mem:          3.8G       3.7G       132M       5.7M        28M       3.2G

MemTotal:        4016004 kB
MemFree:          135892 kB
Active:           349132 kB
Mem:          3.8G       3.7G       132M       5.7M        28M       3.2G

MemTotal:        4016004 kB
MemFree:          135644 kB
Active:           349180 kB
Mem:          3.8G       3.7G       132M       5.7M        28M       3.2G

MemTotal:        4016004 kB
MemFree:          136016 kB
Active:           349136 kB
Mem:          3.8G       3.7G       132M       5.7M        28M       3.2G

MemTotal:        4016004 kB
MemFree:          135892 kB
Active:           349144 kB
Mem:          3.8G       3.7G       132M       5.7M        28M       3.2G

MemTotal:        4016004 kB
MemFree:          135768 kB
Active:           349148 kB
Mem:          3.8G       3.7G       132M       5.7M        28M       3.2G

MemTotal:        4016004 kB
MemFree:          135396 kB
Active:           349204 kB
Mem:          3.8G       3.7G       132M       5.7M        28M       3.2G

MemTotal:        4016004 kB
MemFree:          135396 kB
Active:           349204 kB
Mem:          3.8G       3.7G       132M       5.7M        28M       3.2G

MemTotal:        4016004 kB
MemFree:          135768 kB
Active:           349176 kB
Mem:          3.8G       3.7G       132M       5.7M        28M       3.2G

MemTotal:        4016004 kB
MemFree:          135396 kB
Active:           349204 kB
Mem:          3.8G       3.7G       132M       5.7M        28M       3.2G

MemTotal:        4016004 kB
MemFree:          135420 kB
Active:           349152 kB
Mem:          3.8G       3.7G       132M       5.7M        28M       3.2G

MemTotal:        4016004 kB
MemFree:          135544 kB
Active:           349156 kB
Mem:          3.8G       3.7G       132M       5.7M        28M       3.2G

MemTotal:        4016004 kB
MemFree:          135544 kB
Active:           349172 kB
Mem:          3.8G       3.7G       132M       5.7M        28M       3.2G

MemTotal:        4016004 kB
MemFree:          135420 kB
Active:           349212 kB
Mem:          3.8G       3.7G       132M       5.7M        28M       3.2G

MemTotal:        4016004 kB
MemFree:          135916 kB
Active:           349208 kB
Mem:          3.8G       3.7G       132M       5.7M        28M       3.2G

MemTotal:        4016004 kB
MemFree:          135916 kB
Active:           349160 kB
Mem:          3.8G       3.7G       132M       5.7M        28M       3.2G

MemTotal:        4016004 kB
MemFree:          135420 kB
Active:           349232 kB
Mem:          3.8G       3.7G       132M       5.7M        28M       3.2G

MemTotal:        4016004 kB
MemFree:          135668 kB
Active:           349248 kB
Mem:          3.8G       3.7G       132M       5.7M        28M       3.2G

MemTotal:        4016004 kB
MemFree:          135792 kB
Active:           349200 kB
Mem:          3.8G       3.7G       132M       5.7M        28M       3.2G

MemTotal:        4016004 kB
MemFree:          135792 kB
Active:           349260 kB
Mem:          3.8G       3.7G       132M       5.7M        28M       3.2G

MemTotal:        4016004 kB
MemFree:          135916 kB
Active:           349220 kB
Mem:          3.8G       3.7G       132M       5.7M        28M       3.2G

MemTotal:        4016004 kB
MemFree:          135420 kB
Active:           349264 kB
Mem:          3.8G       3.7G       132M       5.7M        28M       3.2G

MemTotal:        4016004 kB
MemFree:          135792 kB
Active:           349240 kB
Mem:          3.8G       3.7G       132M       5.7M        28M       3.2G

MemTotal:        4016004 kB
MemFree:          135792 kB
Active:           349268 kB
Mem:          3.8G       3.7G       132M       5.7M        28M       3.2G

MemTotal:        4016004 kB
MemFree:          135916 kB
Active:           349216 kB
Mem:          3.8G       3.7G       132M       5.7M        28M       3.2G

MemTotal:        4016004 kB
MemFree:          135916 kB
Active:           349244 kB
Mem:          3.8G       3.7G       132M       5.7M        28M       3.2G

MemTotal:        4016004 kB
MemFree:          135420 kB
Active:           349276 kB
Mem:          3.8G       3.7G       132M       5.7M        28M       3.2G

MemTotal:        4016004 kB
MemFree:          135916 kB
Active:           349220 kB
Mem:          3.8G       3.7G       132M       5.7M        28M       3.2G

MemTotal:        4016004 kB
MemFree:          135916 kB
Active:           349240 kB
Mem:          3.8G       3.7G       132M       5.7M        28M       3.2G

MemTotal:        4016004 kB
MemFree:          135916 kB
Active:           349272 kB
Mem:          3.8G       3.7G       132M       5.7M        28M       3.2G

MemTotal:        4016004 kB
MemFree:          135916 kB
Active:           349240 kB
Mem:          3.8G       3.7G       132M       5.7M        28M       3.2G

MemTotal:        4016004 kB
MemFree:          135420 kB
Active:           349284 kB
Mem:          3.8G       3.7G       132M       5.7M        28M       3.2G

MemTotal:        4016004 kB
MemFree:          135792 kB
Active:           349268 kB
Mem:          3.8G       3.7G       132M       5.7M        28M       3.2G

MemTotal:        4016004 kB
MemFree:          135420 kB
Active:           349288 kB
Mem:          3.8G       3.7G       132M       5.7M        28M       3.2G

MemTotal:        4016004 kB
MemFree:          135172 kB
Active:           349288 kB
Mem:          3.8G       3.7G       131M       5.7M        28M       3.2G

MemTotal:        4016004 kB
MemFree:          135544 kB
Active:           349268 kB
Mem:          3.8G       3.7G       132M       5.7M        28M       3.2G

MemTotal:        4016004 kB
MemFree:          135544 kB
Active:           349276 kB
Mem:          3.8G       3.7G       132M       5.7M        28M       3.2G

MemTotal:        4016004 kB
MemFree:          136040 kB
Active:           349280 kB
Mem:          3.8G       3.7G       132M       5.7M        28M       3.2G

MemTotal:        4016004 kB
MemFree:          135916 kB
Active:           349248 kB
Mem:          3.8G       3.7G       132M       5.7M        28M       3.2G

MemTotal:        4016004 kB
MemFree:          135916 kB
Active:           349256 kB
Mem:          3.8G       3.7G       132M       5.7M        28M       3.2G

MemTotal:        4016004 kB
MemFree:          135544 kB
Active:           349296 kB
Mem:          3.8G       3.7G       132M       5.7M        28M       3.2G

MemTotal:        4016004 kB
MemFree:          135420 kB
Active:           349296 kB
Mem:          3.8G       3.7G       132M       5.7M        28M       3.2G

MemTotal:        4016004 kB
MemFree:          135420 kB
Active:           349296 kB
Mem:          3.8G       3.7G       132M       5.7M        28M       3.2G

MemTotal:        4016004 kB
MemFree:          135544 kB
Active:           349276 kB
Mem:          3.8G       3.7G       132M       5.7M        28M       3.2G

MemTotal:        4016004 kB
MemFree:          135172 kB
Active:           349296 kB
Mem:          3.8G       3.7G       131M       5.7M        28M       3.2G

MemTotal:        4016004 kB
MemFree:          135544 kB
Active:           349292 kB
Mem:          3.8G       3.7G       132M       5.7M        28M       3.2G

MemTotal:        4016004 kB
MemFree:          135792 kB
Active:           349296 kB
Mem:          3.8G       3.7G       132M       5.7M        28M       3.2G

MemTotal:        4016004 kB
MemFree:          135792 kB
Active:           349252 kB
Mem:          3.8G       3.7G       132M       5.7M        28M       3.2G

MemTotal:        4016004 kB
MemFree:          135420 kB
Active:           349308 kB
Mem:          3.8G       3.7G       132M       5.7M        28M       3.2G

MemTotal:        4016004 kB
MemFree:          135916 kB
Active:           349260 kB
Mem:          3.8G       3.7G       132M       5.7M        28M       3.2G

MemTotal:        4016004 kB
MemFree:          135792 kB
Active:           349264 kB
Mem:          3.8G       3.7G       132M       5.7M        28M       3.2G

MemTotal:        4016004 kB
MemFree:          135916 kB
Active:           349268 kB
Mem:          3.8G       3.7G       132M       5.7M        28M       3.2G

MemTotal:        4016004 kB
MemFree:          135544 kB
Active:           349312 kB
Mem:          3.8G       3.7G       132M       5.7M        28M       3.2G

MemTotal:        4016004 kB
MemFree:          135668 kB
Active:           349276 kB
Mem:          3.8G       3.7G       132M       5.7M        28M       3.2G

MemTotal:        4016004 kB
MemFree:          135916 kB
Active:           349280 kB
Mem:          3.8G       3.7G       132M       5.7M        28M       3.2G

MemTotal:        4016004 kB
MemFree:          135792 kB
Active:           349280 kB
Mem:          3.8G       3.7G       132M       5.7M        28M       3.2G

MemTotal:        4016004 kB
MemFree:          135668 kB
Active:           349268 kB
Mem:          3.8G       3.7G       132M       5.7M        28M       3.2G

MemTotal:        4016004 kB
MemFree:          135296 kB
Active:           349328 kB
Mem:          3.8G       3.7G       132M       5.7M        28M       3.2G

MemTotal:        4016004 kB
MemFree:          135668 kB
Active:           349276 kB
Mem:          3.8G       3.7G       132M       5.7M        28M       3.2G

MemTotal:        4016004 kB
MemFree:          135792 kB
Active:           349288 kB
Mem:          3.8G       3.7G       132M       5.7M        28M       3.2G

MemTotal:        4016004 kB
MemFree:          135792 kB
Active:           349300 kB
Mem:          3.8G       3.7G       132M       5.7M        28M       3.2G

MemTotal:        4016004 kB
MemFree:          135552 kB
Active:           349344 kB
Mem:          3.8G       3.7G       132M       5.7M        28M       3.2G

MemTotal:        4016004 kB
MemFree:          135676 kB
Active:           349336 kB
Mem:          3.8G       3.7G       132M       5.7M        28M       3.2G

MemTotal:        4016004 kB
MemFree:          135676 kB
Active:           349336 kB
Mem:          3.8G       3.7G       132M       5.7M        28M       3.2G

MemTotal:        4016004 kB
MemFree:          135180 kB
Active:           349348 kB
Mem:          3.8G       3.7G       132M       5.7M        28M       3.2G

MemTotal:        4016004 kB
MemFree:          135676 kB
Active:           349304 kB
Mem:          3.8G       3.7G       132M       5.7M        28M       3.2G

MemTotal:        4016004 kB
MemFree:          135676 kB
Active:           349308 kB
Mem:          3.8G       3.7G       132M       5.7M        28M       3.2G

MemTotal:        4016004 kB
MemFree:          135800 kB
Active:           349332 kB
Mem:          3.8G       3.7G       132M       5.7M        28M       3.2G

MemTotal:        4016004 kB
MemFree:          135924 kB
Active:           349340 kB
Mem:          3.8G       3.7G       132M       5.7M        28M       3.2G

MemTotal:        4016004 kB
MemFree:          135676 kB
Active:           349316 kB
Mem:          3.8G       3.7G       132M       5.7M        28M       3.2G

MemTotal:        4016004 kB
MemFree:          135800 kB
Active:           349320 kB
Mem:          3.8G       3.7G       132M       5.7M        28M       3.2G

MemTotal:        4016004 kB
MemFree:          135800 kB
Active:           349336 kB
Mem:          3.8G       3.7G       132M       5.7M        28M       3.2G

MemTotal:        4016004 kB
MemFree:          135552 kB
Active:           349356 kB
Mem:          3.8G       3.7G       132M       5.7M        28M       3.2G

MemTotal:        4016004 kB
MemFree:          135676 kB
Active:           349316 kB
Mem:          3.8G       3.7G       131M       5.7M        28M       3.2G

MemTotal:        4016004 kB
MemFree:          135180 kB
Active:           349364 kB
Mem:          3.8G       3.7G       132M       5.7M        28M       3.2G

MemTotal:        4016004 kB
MemFree:          135676 kB
Active:           349320 kB
Mem:          3.8G       3.7G       132M       5.7M        28M       3.2G

MemTotal:        4016004 kB
MemFree:          135676 kB
Active:           349344 kB
Mem:          3.8G       3.7G       132M       5.7M        28M       3.2G

MemTotal:        4016004 kB
MemFree:          135676 kB
Active:           349312 kB
Mem:          3.8G       3.7G       132M       5.7M        28M       3.2G

MemTotal:        4016004 kB
MemFree:          135676 kB
Active:           349332 kB
Mem:          3.8G       3.7G       132M       5.7M        28M       3.2G

MemTotal:        4016004 kB
MemFree:          135056 kB
Active:           349372 kB
Mem:          3.8G       3.7G       132M       5.7M        28M       3.2G

MemTotal:        4016004 kB
MemFree:          135428 kB
Active:           349332 kB
Mem:          3.8G       3.7G       132M       5.7M        28M       3.2G

MemTotal:        4016004 kB
MemFree:          135428 kB
Active:           349332 kB
Mem:          3.8G       3.7G       132M       5.7M        28M       3.2G

MemTotal:        4016004 kB
MemFree:          135304 kB
Active:           349344 kB
Mem:          3.8G       3.7G       132M       5.7M        28M       3.2G

MemTotal:        4016004 kB
MemFree:          135304 kB
Active:           349356 kB
Mem:          3.8G       3.7G       132M       5.7M        28M       3.2G

MemTotal:        4016004 kB
MemFree:          135304 kB
Active:           349360 kB
Mem:          3.8G       3.7G       132M       5.7M        28M       3.2G

MemTotal:        4016004 kB
MemFree:          135304 kB
Active:           349380 kB
Mem:          3.8G       3.7G       132M       5.7M        28M       3.2G

MemTotal:        4016004 kB
MemFree:          135676 kB
Active:           349332 kB
Mem:          3.8G       3.7G       132M       5.7M        28M       3.2G

MemTotal:        4016004 kB
MemFree:          135552 kB
Active:           349356 kB
Mem:          3.8G       3.7G       132M       5.7M        28M       3.2G

MemTotal:        4016004 kB
MemFree:          135676 kB
Active:           349364 kB
Mem:          3.8G       3.7G       132M       5.7M        28M       3.2G

MemTotal:        4016004 kB
MemFree:          135304 kB
Active:           349392 kB
Mem:          3.8G       3.7G       132M       5.7M        28M       3.2G

MemTotal:        4016004 kB
MemFree:          135304 kB
Active:           349392 kB
Mem:          3.8G       3.7G       132M       5.7M        28M       3.2G

MemTotal:        4016004 kB
MemFree:          135676 kB
Active:           349348 kB
Mem:          3.8G       3.7G       132M       5.7M        28M       3.2G

MemTotal:        4016004 kB
MemFree:          135304 kB
Active:           349392 kB
Mem:          3.8G       3.7G       132M       5.7M        28M       3.2G

MemTotal:        4016004 kB
MemFree:          135552 kB
Active:           349352 kB
Mem:          3.8G       3.7G       131M       5.7M        28M       3.2G

MemTotal:        4016004 kB
MemFree:          135428 kB
Active:           349364 kB
Mem:          3.8G       3.7G       132M       5.7M        28M       3.2G

MemTotal:        4016004 kB
MemFree:          135428 kB
Active:           349384 kB
Mem:          3.8G       3.7G       132M       5.7M        28M       3.2G

MemTotal:        4016004 kB
MemFree:          135304 kB
Active:           349400 kB
Mem:          3.8G       3.7G       132M       5.7M        28M       3.2G

MemTotal:        4016004 kB
MemFree:          135552 kB
Active:           349368 kB
Mem:          3.8G       3.7G       132M       5.7M        28M       3.2G

MemTotal:        4016004 kB
MemFree:          135552 kB
Active:           349392 kB
Mem:          3.8G       3.7G       132M       5.7M        28M       3.2G

MemTotal:        4016004 kB
MemFree:          135180 kB
Active:           349400 kB
Mem:          3.8G       3.7G       132M       5.7M        28M       3.2G

MemTotal:        4016004 kB
MemFree:          135428 kB
Active:           349392 kB
Mem:          3.8G       3.7G       132M       5.7M        28M       3.2G

MemTotal:        4016004 kB
MemFree:          135428 kB
Active:           349376 kB
Mem:          3.8G       3.7G       132M       5.7M        28M       3.2G

MemTotal:        4016004 kB
MemFree:          135428 kB
Active:           349372 kB
Mem:          3.8G       3.7G       132M       5.7M        28M       3.2G

MemTotal:        4016004 kB
MemFree:          135056 kB
Active:           349416 kB
Mem:          3.8G       3.7G       131M       5.7M        28M       3.2G

MemTotal:        4016004 kB
MemFree:          134684 kB
Active:           349416 kB
Mem:          3.8G       3.7G       131M       5.7M        28M       3.2G

MemTotal:        4016004 kB
MemFree:          134808 kB
Active:           349376 kB
Mem:          3.8G       3.7G       131M       5.7M        28M       3.2G

MemTotal:        4016004 kB
MemFree:          134808 kB
Active:           349412 kB
Mem:          3.8G       3.7G       131M       5.7M        28M       3.2G

MemTotal:        4016004 kB
MemFree:          134560 kB
Active:           349420 kB
Mem:          3.8G       3.7G       131M       5.7M        28M       3.2G

MemTotal:        4016004 kB
MemFree:          134932 kB
Active:           349380 kB
Mem:          3.8G       3.7G       131M       5.7M        28M       3.2G

MemTotal:        4016004 kB
MemFree:          134808 kB
Active:           349404 kB
Mem:          3.8G       3.7G       131M       5.7M        28M       3.2G

MemTotal:        4016004 kB
MemFree:          135428 kB
Active:           349416 kB
Mem:          3.8G       3.7G       132M       5.7M        28M       3.2G

MemTotal:        4016004 kB
MemFree:          135056 kB
Active:           349432 kB
Mem:          3.8G       3.7G       131M       5.7M        28M       3.2G

MemTotal:        4016004 kB
MemFree:          135552 kB
Active:           349388 kB
Mem:          3.8G       3.7G       132M       5.7M        28M       3.2G

MemTotal:        4016004 kB
MemFree:          134932 kB
Active:           349436 kB
Mem:          3.8G       3.7G       131M       5.7M        28M       3.2G

MemTotal:        4016004 kB
MemFree:          135304 kB
Active:           349392 kB
Mem:          3.8G       3.7G       132M       5.7M        28M       3.2G

MemTotal:        4016004 kB
MemFree:          134932 kB
Active:           349444 kB
Mem:          3.8G       3.7G       131M       5.7M        28M       3.2G

MemTotal:        4016004 kB
MemFree:          135304 kB
Active:           349388 kB
Mem:          3.8G       3.7G       132M       5.7M        28M       3.2G

MemTotal:        4016004 kB
MemFree:          135304 kB
Active:           349404 kB
Mem:          3.8G       3.7G       132M       5.7M        28M       3.2G

MemTotal:        4016004 kB
MemFree:          135552 kB
Active:           349428 kB
Mem:          3.8G       3.7G       132M       5.7M        28M       3.2G

MemTotal:        4016004 kB
MemFree:          135428 kB
Active:           349444 kB
Mem:          3.8G       3.7G       132M       5.7M        28M       3.2G

MemTotal:        4016004 kB
MemFree:          135056 kB
Active:           349460 kB
Mem:          3.8G       3.7G       132M       5.7M        28M       3.2G

MemTotal:        4016004 kB
MemFree:          135304 kB
Active:           349408 kB
Mem:          3.8G       3.7G       131M       5.7M        28M       3.2G

MemTotal:        4016004 kB
MemFree:          135180 kB
Active:           349428 kB
Mem:          3.8G       3.7G       131M       5.7M        28M       3.2G

MemTotal:        4016004 kB
MemFree:          134684 kB
Active:           349460 kB
Mem:          3.8G       3.7G       131M       5.7M        28M       3.2G

MemTotal:        4016004 kB
MemFree:          135180 kB
Active:           349468 kB
Mem:          3.8G       3.7G       132M       5.7M        28M       3.2G

MemTotal:        4016004 kB
MemFree:          135180 kB
Active:           349436 kB
Mem:          3.8G       3.7G       131M       5.7M        28M       3.2G

MemTotal:        4016004 kB
MemFree:          134948 kB
Active:           349476 kB
Mem:          3.8G       3.7G       131M       5.7M        28M       3.2G

MemTotal:        4016004 kB
MemFree:          135196 kB
Active:           349432 kB
Mem:          3.8G       3.7G       131M       5.7M        28M       3.2G

MemTotal:        4016004 kB
MemFree:          134948 kB
Active:           349440 kB
Mem:          3.8G       3.7G       131M       5.7M        28M       3.2G

MemTotal:        4016004 kB
MemFree:          135444 kB
Active:           349436 kB
Mem:          3.8G       3.7G       132M       5.7M        28M       3.2G

MemTotal:        4016004 kB
MemFree:          135444 kB
Active:           349452 kB
Mem:          3.8G       3.7G       132M       5.7M        28M       3.2G

MemTotal:        4016004 kB
MemFree:          135072 kB
Active:           349480 kB
Mem:          3.8G       3.7G       131M       5.7M        28M       3.2G

MemTotal:        4016004 kB
MemFree:          135072 kB
Active:           349480 kB
Mem:          3.8G       3.7G       131M       5.7M        28M       3.2G

MemTotal:        4016004 kB
MemFree:          135444 kB
Active:           349452 kB
Mem:          3.8G       3.7G       132M       5.7M        28M       3.2G

MemTotal:        4016004 kB
MemFree:          134924 kB
Active:           349604 kB
Mem:          3.8G       3.7G       131M       5.7M        28M       3.2G

MemTotal:        4016004 kB
MemFree:          134800 kB
Active:           349628 kB
Mem:          3.8G       3.7G       131M       5.7M        28M       3.2G

MemTotal:        4016004 kB
MemFree:          135048 kB
Active:           349584 kB
Mem:          3.8G       3.7G       131M       5.7M        28M       3.2G

MemTotal:        4016004 kB
MemFree:          135048 kB
Active:           349620 kB
Mem:          3.8G       3.7G       131M       5.7M        28M       3.2G

MemTotal:        4016004 kB
MemFree:          134784 kB
Active:           349644 kB
Mem:          3.8G       3.7G       131M       5.7M        28M       3.2G

