MemTotal:        4016004 kB
MemFree:         3226312 kB
Active:           433772 kB
Mem:          3.8G       771M       3.1G       5.7M        55M       319M

MemTotal:        4016004 kB
MemFree:         3228292 kB
Active:           431800 kB
Mem:          3.8G       769M       3.1G       5.7M        55M       319M

MemTotal:        4016004 kB
MemFree:         3228816 kB
Active:           431780 kB
Mem:          3.8G       768M       3.1G       5.7M        55M       319M

MemTotal:        4016004 kB
MemFree:         3228800 kB
Active:           431700 kB
Mem:          3.8G       768M       3.1G       5.7M        55M       319M

MemTotal:        4016004 kB
MemFree:         3228676 kB
Active:           431908 kB
Mem:          3.8G       768M       3.1G       5.7M        55M       319M

MemTotal:        4016004 kB
MemFree:         3229248 kB
Active:           431676 kB
Mem:          3.8G       768M       3.1G       5.7M        55M       319M

MemTotal:        4016004 kB
MemFree:         3228544 kB
Active:           429820 kB
Mem:          3.8G       768M       3.1G       5.7M        55M       319M

MemTotal:        4016004 kB
MemFree:         3228512 kB
Active:           431720 kB
Mem:          3.8G       769M       3.1G       5.7M        55M       319M

MemTotal:        4016004 kB
MemFree:         3228884 kB
Active:           431732 kB
Mem:          3.8G       769M       3.1G       5.7M        55M       319M

MemTotal:        4016004 kB
MemFree:         3229148 kB
Active:           431848 kB
Mem:          3.8G       768M       3.1G       5.7M        55M       319M

MemTotal:        4016004 kB
MemFree:         3229256 kB
Active:           431848 kB
Mem:          3.8G       768M       3.1G       5.7M        55M       319M

MemTotal:        4016004 kB
MemFree:         3229240 kB
Active:           431804 kB
Mem:          3.8G       768M       3.1G       5.7M        55M       319M

MemTotal:        4016004 kB
MemFree:         3229272 kB
Active:           431808 kB
Mem:          3.8G       768M       3.1G       5.7M        55M       319M

MemTotal:        4016004 kB
MemFree:         3229272 kB
Active:           431804 kB
Mem:          3.8G       768M       3.1G       5.7M        55M       319M

MemTotal:        4016004 kB
MemFree:         3228776 kB
Active:           431860 kB
Mem:          3.8G       768M       3.1G       5.7M        55M       319M

MemTotal:        4016004 kB
MemFree:         3229024 kB
Active:           431860 kB
Mem:          3.8G       768M       3.1G       5.7M        55M       319M

MemTotal:        4016004 kB
MemFree:         3229180 kB
Active:           431860 kB
Mem:          3.8G       768M       3.1G       5.7M        55M       319M

MemTotal:        4016004 kB
MemFree:         3229180 kB
Active:           431848 kB
Mem:          3.8G       768M       3.1G       5.7M        55M       319M

MemTotal:        4016004 kB
MemFree:         3229056 kB
Active:           431820 kB
Mem:          3.8G       768M       3.1G       5.7M        55M       319M

MemTotal:        4016004 kB
MemFree:         3229056 kB
Active:           431832 kB
Mem:          3.8G       768M       3.1G       5.7M        55M       319M

MemTotal:        4016004 kB
MemFree:         3228916 kB
Active:           431824 kB
Mem:          3.8G       768M       3.1G       5.7M        55M       319M

MemTotal:        4016004 kB
MemFree:         3228624 kB
Active:           431868 kB
Mem:          3.8G       768M       3.1G       5.7M        55M       319M

MemTotal:        4016004 kB
MemFree:         3229244 kB
Active:           431860 kB
Mem:          3.8G       768M       3.1G       5.7M        55M       319M

MemTotal:        4016004 kB
MemFree:         3229252 kB
Active:           431840 kB
Mem:          3.8G       768M       3.1G       5.7M        55M       319M

MemTotal:        4016004 kB
MemFree:         3228880 kB
Active:           431868 kB
Mem:          3.8G       768M       3.1G       5.7M        55M       319M

MemTotal:        4016004 kB
MemFree:         3229128 kB
Active:           431820 kB
Mem:          3.8G       768M       3.1G       5.7M        55M       319M

MemTotal:        4016004 kB
MemFree:         3227064 kB
Active:           431792 kB
Mem:          3.8G       770M       3.1G       5.7M        55M       319M

MemTotal:        4016004 kB
MemFree:         3227172 kB
Active:           433856 kB
Mem:          3.8G       770M       3.1G       5.7M        55M       319M

MemTotal:        4016004 kB
MemFree:         3226660 kB
Active:           433900 kB
Mem:          3.8G       770M       3.1G       5.7M        55M       319M

MemTotal:        4016004 kB
MemFree:         3227016 kB
Active:           433892 kB
Mem:          3.8G       770M       3.1G       5.7M        55M       319M

MemTotal:        4016004 kB
MemFree:         3227016 kB
Active:           433884 kB
Mem:          3.8G       770M       3.1G       5.7M        55M       319M

MemTotal:        4016004 kB
MemFree:         3227000 kB
Active:           433848 kB
Mem:          3.8G       770M       3.1G       5.7M        55M       319M

MemTotal:        4016004 kB
MemFree:         3226504 kB
Active:           433900 kB
Mem:          3.8G       770M       3.1G       5.7M        55M       319M

MemTotal:        4016004 kB
MemFree:         3226488 kB
Active:           433900 kB
Mem:          3.8G       771M       3.1G       5.7M        55M       319M

MemTotal:        4016004 kB
MemFree:         3226644 kB
Active:           433900 kB
Mem:          3.8G       770M       3.1G       5.7M        55M       319M

MemTotal:        4016004 kB
MemFree:         3226644 kB
Active:           433900 kB
Mem:          3.8G       770M       3.1G       5.7M        55M       319M

MemTotal:        4016004 kB
MemFree:         3227140 kB
Active:           433892 kB
Mem:          3.8G       770M       3.1G       5.7M        55M       319M

MemTotal:        4016004 kB
MemFree:         3227140 kB
Active:           433896 kB
Mem:          3.8G       770M       3.1G       5.7M        55M       319M

MemTotal:        4016004 kB
MemFree:         3227140 kB
Active:           433888 kB
Mem:          3.8G       770M       3.1G       5.7M        55M       319M

MemTotal:        4016004 kB
MemFree:         3227264 kB
Active:           433904 kB
Mem:          3.8G       770M       3.1G       5.7M        55M       319M

MemTotal:        4016004 kB
MemFree:         3227140 kB
Active:           433912 kB
Mem:          3.8G       770M       3.1G       5.7M        55M       319M

MemTotal:        4016004 kB
MemFree:         3227124 kB
Active:           433896 kB
Mem:          3.8G       770M       3.1G       5.7M        55M       319M

MemTotal:        4016004 kB
MemFree:         3226832 kB
Active:           433928 kB
Mem:          3.8G       770M       3.1G       5.7M        55M       319M

MemTotal:        4016004 kB
MemFree:         3227328 kB
Active:           433920 kB
Mem:          3.8G       770M       3.1G       5.7M        55M       319M

MemTotal:        4016004 kB
MemFree:         3227204 kB
Active:           433888 kB
Mem:          3.8G       770M       3.1G       5.7M        55M       319M

MemTotal:        4016004 kB
MemFree:         3227080 kB
Active:           433928 kB
Mem:          3.8G       770M       3.1G       5.7M        55M       319M

MemTotal:        4016004 kB
MemFree:         3226380 kB
Active:           431892 kB
Mem:          3.8G       770M       3.1G       5.7M        55M       319M

MemTotal:        4016004 kB
MemFree:         3226860 kB
Active:           433912 kB
Mem:          3.8G       770M       3.1G       5.7M        55M       319M

MemTotal:        4016004 kB
MemFree:         3226844 kB
Active:           433944 kB
Mem:          3.8G       770M       3.1G       5.7M        55M       319M

MemTotal:        4016004 kB
MemFree:         3226456 kB
Active:           433952 kB
Mem:          3.8G       771M       3.1G       5.7M        55M       319M

MemTotal:        4016004 kB
MemFree:         3226440 kB
Active:           433952 kB
Mem:          3.8G       771M       3.1G       5.7M        55M       319M

MemTotal:        4016004 kB
MemFree:         3226332 kB
Active:           433952 kB
Mem:          3.8G       771M       3.1G       5.7M        55M       319M

MemTotal:        4016004 kB
MemFree:         3226704 kB
Active:           433916 kB
Mem:          3.8G       771M       3.1G       5.7M        55M       319M

MemTotal:        4016004 kB
MemFree:         3226456 kB
Active:           433928 kB
Mem:          3.8G       771M       3.1G       5.7M        55M       319M

MemTotal:        4016004 kB
MemFree:         3226580 kB
Active:           433932 kB
Mem:          3.8G       770M       3.1G       5.7M        55M       319M

MemTotal:        4016004 kB
MemFree:         3226580 kB
Active:           433936 kB
Mem:          3.8G       770M       3.1G       5.7M        55M       319M

MemTotal:        4016004 kB
MemFree:         3226288 kB
Active:           433976 kB
Mem:          3.8G       770M       3.1G       5.7M        55M       320M

MemTotal:        4016004 kB
MemFree:         3226784 kB
Active:           433976 kB
Mem:          3.8G       770M       3.1G       5.7M        55M       319M

MemTotal:        4016004 kB
MemFree:         3226784 kB
Active:           433972 kB
Mem:          3.8G       770M       3.1G       5.7M        55M       320M

MemTotal:        4016004 kB
MemFree:         3226752 kB
Active:           433972 kB
Mem:          3.8G       770M       3.1G       5.7M        55M       320M

MemTotal:        4016004 kB
MemFree:         3227108 kB
Active:           433964 kB
Mem:          3.8G       770M       3.1G       5.7M        55M       320M

MemTotal:        4016004 kB
MemFree:         3226720 kB
Active:           433984 kB
Mem:          3.8G       770M       3.1G       5.7M        55M       320M

MemTotal:        4016004 kB
MemFree:         3226828 kB
Active:           433980 kB
Mem:          3.8G       770M       3.1G       5.7M        55M       320M

MemTotal:        4016004 kB
MemFree:         3226440 kB
Active:           433984 kB
Mem:          3.8G       771M       3.1G       5.7M        55M       320M

MemTotal:        4016004 kB
MemFree:         3226456 kB
Active:           433988 kB
Mem:          3.8G       770M       3.1G       5.7M        55M       320M

MemTotal:        4016004 kB
MemFree:         3226456 kB
Active:           433984 kB
Mem:          3.8G       771M       3.1G       5.7M        55M       320M

MemTotal:        4016004 kB
MemFree:         3226640 kB
Active:           431936 kB
Mem:          3.8G       771M       3.1G       5.7M        55M       320M

MemTotal:        4016004 kB
MemFree:         3226540 kB
Active:           431928 kB
Mem:          3.8G       770M       3.1G       5.7M        55M       320M

MemTotal:        4016004 kB
MemFree:         3226516 kB
Active:           433956 kB
Mem:          3.8G       771M       3.1G       5.7M        55M       320M

MemTotal:        4016004 kB
MemFree:         3226640 kB
Active:           433968 kB
Mem:          3.8G       771M       3.1G       5.7M        55M       320M

MemTotal:        4016004 kB
MemFree:         3226640 kB
Active:           433952 kB
Mem:          3.8G       771M       3.1G       5.7M        55M       320M

MemTotal:        4016004 kB
MemFree:         3226736 kB
Active:           433980 kB
Mem:          3.8G       770M       3.1G       5.7M        55M       320M

MemTotal:        4016004 kB
MemFree:         3226860 kB
Active:           433964 kB
Mem:          3.8G       770M       3.1G       5.7M        55M       320M

MemTotal:        4016004 kB
MemFree:         3226348 kB
Active:           434000 kB
Mem:          3.8G       771M       3.1G       5.7M        55M       320M

MemTotal:        4016004 kB
MemFree:         3226332 kB
Active:           434000 kB
Mem:          3.8G       770M       3.1G       5.7M        55M       320M

MemTotal:        4016004 kB
MemFree:         3226936 kB
Active:           433972 kB
Mem:          3.8G       770M       3.1G       5.7M        55M       320M

MemTotal:        4016004 kB
MemFree:         3226672 kB
Active:           433968 kB
Mem:          3.8G       770M       3.1G       5.7M        55M       320M

MemTotal:        4016004 kB
MemFree:         3226160 kB
Active:           434008 kB
Mem:          3.8G       771M       3.1G       5.7M        55M       320M

MemTotal:        4016004 kB
MemFree:         3226764 kB
Active:           434000 kB
Mem:          3.8G       770M       3.1G       5.7M        55M       320M

MemTotal:        4016004 kB
MemFree:         3226748 kB
Active:           433972 kB
Mem:          3.8G       770M       3.1G       5.7M        55M       320M

MemTotal:        4016004 kB
MemFree:         3226764 kB
Active:           434000 kB
Mem:          3.8G       770M       3.1G       5.7M        55M       320M

MemTotal:        4016004 kB
MemFree:         3226144 kB
Active:           434012 kB
Mem:          3.8G       771M       3.1G       5.7M        55M       320M

MemTotal:        4016004 kB
MemFree:         3226516 kB
Active:           434004 kB
Mem:          3.8G       771M       3.1G       5.7M        55M       320M

MemTotal:        4016004 kB
MemFree:         3226764 kB
Active:           433992 kB
Mem:          3.8G       770M       3.1G       5.7M        55M       320M

MemTotal:        4016004 kB
MemFree:         3226888 kB
Active:           433984 kB
Mem:          3.8G       770M       3.1G       5.7M        55M       320M

MemTotal:        4016004 kB
MemFree:         3226888 kB
Active:           433972 kB
Mem:          3.8G       770M       3.1G       5.7M        55M       320M

MemTotal:        4016004 kB
MemFree:         3226576 kB
Active:           431976 kB
Mem:          3.8G       771M       3.1G       5.7M        55M       320M

MemTotal:        4016004 kB
MemFree:         3226700 kB
Active:           434040 kB
Mem:          3.8G       771M       3.1G       5.7M        55M       320M

MemTotal:        4016004 kB
MemFree:         3226700 kB
Active:           434032 kB
Mem:          3.8G       771M       3.1G       5.7M        55M       320M

MemTotal:        4016004 kB
MemFree:         3226328 kB
Active:           434048 kB
Mem:          3.8G       771M       3.1G       5.7M        55M       320M

MemTotal:        4016004 kB
MemFree:         3226452 kB
Active:           434048 kB
Mem:          3.8G       770M       3.1G       5.7M        55M       320M

MemTotal:        4016004 kB
MemFree:         3226436 kB
Active:           434048 kB
Mem:          3.8G       771M       3.1G       5.7M        55M       320M

MemTotal:        4016004 kB
MemFree:         3226392 kB
Active:           434048 kB
Mem:          3.8G       770M       3.1G       5.7M        55M       320M

MemTotal:        4016004 kB
MemFree:         3226764 kB
Active:           434032 kB
Mem:          3.8G       770M       3.1G       5.7M        55M       320M

MemTotal:        4016004 kB
MemFree:         3226268 kB
Active:           434048 kB
Mem:          3.8G       770M       3.1G       5.7M        55M       320M

MemTotal:        4016004 kB
MemFree:         3226640 kB
Active:           434020 kB
Mem:          3.8G       770M       3.1G       5.7M        55M       320M

MemTotal:        4016004 kB
MemFree:         3226624 kB
Active:           434052 kB
Mem:          3.8G       770M       3.1G       5.7M        55M       320M

MemTotal:        4016004 kB
MemFree:         3226608 kB
Active:           434020 kB
Mem:          3.8G       771M       3.1G       5.7M        55M       320M

MemTotal:        4016004 kB
MemFree:         3226220 kB
Active:           434060 kB
Mem:          3.8G       771M       3.1G       5.7M        55M       320M

MemTotal:        4016004 kB
MemFree:         3225832 kB
Active:           434052 kB
Mem:          3.8G       771M       3.1G       5.7M        55M       320M

MemTotal:        4016004 kB
MemFree:         3225504 kB
Active:           434332 kB
Mem:          3.8G       772M       3.1G       5.7M        55M       320M

MemTotal:        4016004 kB
MemFree:         3121764 kB
Active:           435360 kB
Mem:          3.8G       873M       3.0G       5.7M        55M       419M

MemTotal:        4016004 kB
MemFree:         3018000 kB
Active:           435436 kB
Mem:          3.8G       976M       2.9G       5.7M        55M       521M

MemTotal:        4016004 kB
MemFree:         2900176 kB
Active:           435436 kB
Mem:          3.8G       1.1G       2.8G       5.7M        55M       634M

MemTotal:        4016004 kB
MemFree:         2787328 kB
Active:           435448 kB
Mem:          3.8G       1.2G       2.7G       5.7M        55M       743M

MemTotal:        4016004 kB
MemFree:         2657708 kB
Active:           435440 kB
Mem:          3.8G       1.3G       2.5G       5.7M        55M       867M

MemTotal:        4016004 kB
MemFree:         2555520 kB
Active:           435448 kB
Mem:          3.8G       1.4G       2.4G       5.7M        55M       964M

MemTotal:        4016004 kB
MemFree:         2550796 kB
Active:           435472 kB
Mem:          3.8G       1.4G       2.4G       5.7M        55M       968M

MemTotal:        4016004 kB
MemFree:         2546656 kB
Active:           435492 kB
Mem:          3.8G       1.4G       2.4G       5.7M        55M       972M

MemTotal:        4016004 kB
MemFree:         2543788 kB
Active:           435496 kB
Mem:          3.8G       1.4G       2.4G       5.7M        55M       975M

MemTotal:        4016004 kB
MemFree:         2539952 kB
Active:           435528 kB
Mem:          3.8G       1.4G       2.4G       5.7M        55M       978M

MemTotal:        4016004 kB
MemFree:         2537076 kB
Active:           435532 kB
Mem:          3.8G       1.4G       2.4G       5.7M        55M       981M

MemTotal:        4016004 kB
MemFree:         2436544 kB
Active:           435504 kB
Mem:          3.8G       1.5G       2.3G       5.7M        55M       1.1G

MemTotal:        4016004 kB
MemFree:         2309156 kB
Active:           435536 kB
Mem:          3.8G       1.6G       2.2G       5.7M        55M       1.2G

MemTotal:        4016004 kB
MemFree:         2180016 kB
Active:           435544 kB
Mem:          3.8G       1.8G       2.1G       5.7M        55M       1.3G

MemTotal:        4016004 kB
MemFree:         2119056 kB
Active:           435556 kB
Mem:          3.8G       1.8G       2.0G       5.7M        55M       1.4G

MemTotal:        4016004 kB
MemFree:         2116004 kB
Active:           435564 kB
Mem:          3.8G       1.8G       2.0G       5.7M        55M       1.4G

MemTotal:        4016004 kB
MemFree:         2110340 kB
Active:           435560 kB
Mem:          3.8G       1.8G       2.0G       5.7M        55M       1.4G

MemTotal:        4016004 kB
MemFree:         2108168 kB
Active:           435584 kB
Mem:          3.8G       1.8G       2.0G       5.7M        55M       1.4G

MemTotal:        4016004 kB
MemFree:         2105236 kB
Active:           435548 kB
Mem:          3.8G       1.8G       2.0G       5.7M        55M       1.4G

MemTotal:        4016004 kB
MemFree:         2101984 kB
Active:           435600 kB
Mem:          3.8G       1.8G       2.0G       5.7M        55M       1.4G

MemTotal:        4016004 kB
MemFree:         2099376 kB
Active:           435580 kB
Mem:          3.8G       1.8G       2.0G       5.7M        55M       1.4G

MemTotal:        4016004 kB
MemFree:         2042476 kB
Active:           435612 kB
Mem:          3.8G       1.9G       1.9G       5.7M        55M       1.4G

MemTotal:        4016004 kB
MemFree:         1953848 kB
Active:           435616 kB
Mem:          3.8G       2.0G       1.9G       5.7M        55M       1.5G

MemTotal:        4016004 kB
MemFree:         1950060 kB
Active:           435632 kB
Mem:          3.8G       2.0G       1.9G       5.7M        55M       1.5G

MemTotal:        4016004 kB
MemFree:         1947724 kB
Active:           435632 kB
Mem:          3.8G       2.0G       1.9G       5.7M        55M       1.5G

MemTotal:        4016004 kB
MemFree:         1849028 kB
Active:           433576 kB
Mem:          3.8G       2.1G       1.8G       5.7M        55M       1.6G

MemTotal:        4016004 kB
MemFree:         1755716 kB
Active:           435640 kB
Mem:          3.8G       2.2G       1.7G       5.7M        55M       1.7G

MemTotal:        4016004 kB
MemFree:         1752328 kB
Active:           435632 kB
Mem:          3.8G       2.2G       1.7G       5.7M        55M       1.7G

MemTotal:        4016004 kB
MemFree:         1649960 kB
Active:           435624 kB
Mem:          3.8G       2.3G       1.6G       5.7M        55M       1.8G

MemTotal:        4016004 kB
MemFree:         1638288 kB
Active:           435644 kB
Mem:          3.8G       2.3G       1.6G       5.7M        55M       1.8G

MemTotal:        4016004 kB
MemFree:         1633524 kB
Active:           435672 kB
Mem:          3.8G       2.3G       1.6G       5.7M        55M       1.8G

MemTotal:        4016004 kB
MemFree:         1632876 kB
Active:           435644 kB
Mem:          3.8G       2.3G       1.6G       5.7M        55M       1.8G

MemTotal:        4016004 kB
MemFree:         1633004 kB
Active:           435660 kB
Mem:          3.8G       2.3G       1.6G       5.7M        55M       1.8G

MemTotal:        4016004 kB
MemFree:         1625848 kB
Active:           435668 kB
Mem:          3.8G       2.3G       1.5G       5.7M        55M       1.8G

MemTotal:        4016004 kB
MemFree:         1497888 kB
Active:           435668 kB
Mem:          3.8G       2.4G       1.4G       5.7M        55M       1.9G

MemTotal:        4016004 kB
MemFree:         1388464 kB
Active:           435640 kB
Mem:          3.8G       2.5G       1.3G       5.7M        55M       2.0G

MemTotal:        4016004 kB
MemFree:         1284312 kB
Active:           437724 kB
Mem:          3.8G       2.6G       1.2G       5.7M        55M       2.1G

MemTotal:        4016004 kB
MemFree:         1156800 kB
Active:           437720 kB
Mem:          3.8G       2.7G       1.1G       5.7M        55M       2.3G

MemTotal:        4016004 kB
MemFree:         1027180 kB
Active:           437728 kB
Mem:          3.8G       2.9G       1.0G       5.7M        55M       2.4G

MemTotal:        4016004 kB
MemFree:          922672 kB
Active:           437732 kB
Mem:          3.8G       3.0G       898M       5.7M        55M       2.5G

MemTotal:        4016004 kB
MemFree:          911348 kB
Active:           437752 kB
Mem:          3.8G       3.0G       889M       5.7M        55M       2.5G

MemTotal:        4016004 kB
MemFree:          910812 kB
Active:           437748 kB
Mem:          3.8G       3.0G       889M       5.7M        55M       2.5G

MemTotal:        4016004 kB
MemFree:          908624 kB
Active:           437768 kB
Mem:          3.8G       3.0G       887M       5.7M        55M       2.5G

MemTotal:        4016004 kB
MemFree:          906708 kB
Active:           437792 kB
Mem:          3.8G       3.0G       885M       5.7M        55M       2.5G

MemTotal:        4016004 kB
MemFree:          902604 kB
Active:           437796 kB
Mem:          3.8G       3.0G       880M       5.7M        55M       2.5G

MemTotal:        4016004 kB
MemFree:          827768 kB
Active:           435756 kB
Mem:          3.8G       3.0G       807M       5.7M        55M       2.6G

MemTotal:        4016004 kB
MemFree:          824848 kB
Active:           435780 kB
Mem:          3.8G       3.0G       805M       5.7M        55M       2.6G

MemTotal:        4016004 kB
MemFree:          821792 kB
Active:           435788 kB
Mem:          3.8G       3.0G       802M       5.7M        55M       2.6G

MemTotal:        4016004 kB
MemFree:          821300 kB
Active:           435788 kB
Mem:          3.8G       3.0G       802M       5.7M        55M       2.6G

MemTotal:        4016004 kB
MemFree:          821460 kB
Active:           435784 kB
Mem:          3.8G       3.0G       801M       5.7M        55M       2.6G

MemTotal:        4016004 kB
MemFree:          738368 kB
Active:           435800 kB
Mem:          3.8G       3.1G       718M       5.7M        55M       2.6G

MemTotal:        4016004 kB
MemFree:          610128 kB
Active:           437824 kB
Mem:          3.8G       3.3G       593M       5.7M        55M       2.8G

MemTotal:        4016004 kB
MemFree:          525704 kB
Active:           437852 kB
Mem:          3.8G       3.3G       513M       5.7M        55M       2.8G

MemTotal:        4016004 kB
MemFree:          510456 kB
Active:           437864 kB
Mem:          3.8G       3.3G       495M       5.7M        55M       2.9G

MemTotal:        4016004 kB
MemFree:          442364 kB
Active:           437876 kB
Mem:          3.8G       3.4G       431M       5.7M        55M       2.9G

MemTotal:        4016004 kB
MemFree:          368668 kB
Active:           435988 kB
Mem:          3.8G       3.5G       358M       5.7M        55M       3.0G

MemTotal:        4016004 kB
MemFree:          340800 kB
Active:           435864 kB
Mem:          3.8G       3.5G       332M       5.7M        55M       3.0G

MemTotal:        4016004 kB
MemFree:          286488 kB
Active:           435876 kB
Mem:          3.8G       3.6G       277M       5.7M        55M       3.1G

MemTotal:        4016004 kB
MemFree:          164572 kB
Active:           437928 kB
Mem:          3.8G       3.7G       157M       5.7M        55M       3.2G

MemTotal:        4016004 kB
MemFree:          129628 kB
Active:           445936 kB
Mem:          3.8G       3.7G       127M       5.7M        20M       3.2G

MemTotal:        4016004 kB
MemFree:          129740 kB
Active:           461424 kB
Mem:          3.8G       3.7G       126M       5.7M        20M       3.2G

MemTotal:        4016004 kB
MemFree:          128376 kB
Active:           461440 kB
Mem:          3.8G       3.7G       125M       5.7M        20M       3.3G

MemTotal:        4016004 kB
MemFree:          126548 kB
Active:           461444 kB
Mem:          3.8G       3.7G       123M       5.7M        20M       3.3G

MemTotal:        4016004 kB
MemFree:          126240 kB
Active:           461456 kB
Mem:          3.8G       3.7G       123M       5.7M        20M       3.3G

MemTotal:        4016004 kB
MemFree:          126492 kB
Active:           461416 kB
Mem:          3.8G       3.7G       123M       5.7M        20M       3.3G

MemTotal:        4016004 kB
MemFree:          121960 kB
Active:           461532 kB
Mem:          3.8G       3.7G       117M       5.7M        20M       3.3G

MemTotal:        4016004 kB
MemFree:          117000 kB
Active:           461596 kB
Mem:          3.8G       3.7G       114M       5.7M        20M       3.3G

MemTotal:        4016004 kB
MemFree:          114800 kB
Active:           496608 kB
Mem:          3.8G       3.7G       130M       5.7M        20M       3.2G

MemTotal:        4016004 kB
MemFree:          117320 kB
Active:           465224 kB
Mem:          3.8G       3.7G       114M       5.7M        20M       3.3G

MemTotal:        4016004 kB
MemFree:          128228 kB
Active:           459820 kB
Mem:          3.8G       3.7G       124M       5.7M        20M       3.3G

MemTotal:        4016004 kB
MemFree:          135764 kB
Active:           456012 kB
Mem:          3.8G       3.7G       132M       5.7M        20M       3.2G

MemTotal:        4016004 kB
MemFree:          131780 kB
Active:           456088 kB
Mem:          3.8G       3.7G       126M       5.7M        20M       3.2G

MemTotal:        4016004 kB
MemFree:          127404 kB
Active:           450512 kB
Mem:          3.8G       3.7G       124M       5.7M        20M       3.3G

MemTotal:        4016004 kB
MemFree:          127580 kB
Active:           449904 kB
Mem:          3.8G       3.7G       124M       5.7M        20M       3.3G

MemTotal:        4016004 kB
MemFree:          126960 kB
Active:           449800 kB
Mem:          3.8G       3.7G       123M       5.7M        20M       3.3G

MemTotal:        4016004 kB
MemFree:          122420 kB
Active:           449828 kB
Mem:          3.8G       3.7G       119M       5.7M        20M       3.3G

MemTotal:        4016004 kB
MemFree:          115808 kB
Active:           449844 kB
Mem:          3.8G       3.7G       113M       5.7M        20M       3.3G

MemTotal:        4016004 kB
MemFree:          113180 kB
Active:           449948 kB
Mem:          3.8G       3.7G       110M       5.7M        20M       3.3G

MemTotal:        4016004 kB
MemFree:          118816 kB
Active:           446864 kB
Mem:          3.8G       3.7G       114M       5.7M        20M       3.3G

MemTotal:        4016004 kB
MemFree:          123816 kB
Active:           443572 kB
Mem:          3.8G       3.7G       118M       5.7M        21M       3.3G

MemTotal:        4016004 kB
MemFree:          131516 kB
Active:           438164 kB
Mem:          3.8G       3.7G       137M       5.7M        21M       3.2G

MemTotal:        4016004 kB
MemFree:          140716 kB
Active:           436108 kB
Mem:          3.8G       3.7G       137M       5.7M        21M       3.2G

MemTotal:        4016004 kB
MemFree:          132940 kB
Active:           433924 kB
Mem:          3.8G       3.7G       127M       5.7M        21M       3.2G

MemTotal:        4016004 kB
MemFree:          127976 kB
Active:           433232 kB
Mem:          3.8G       3.7G       124M       5.7M        21M       3.3G

MemTotal:        4016004 kB
MemFree:          127532 kB
Active:           433384 kB
Mem:          3.8G       3.7G       124M       5.7M        21M       3.3G

MemTotal:        4016004 kB
MemFree:          139112 kB
Active:           431028 kB
Mem:          3.8G       3.7G       134M       5.7M        21M       3.2G

MemTotal:        4016004 kB
MemFree:          125388 kB
Active:           429288 kB
Mem:          3.8G       3.7G       122M       5.7M        21M       3.3G

MemTotal:        4016004 kB
MemFree:          123356 kB
Active:           429016 kB
Mem:          3.8G       3.7G       119M       5.7M        21M       3.3G

MemTotal:        4016004 kB
MemFree:          120036 kB
Active:           429068 kB
Mem:          3.8G       3.7G       117M       5.7M        21M       3.3G

MemTotal:        4016004 kB
MemFree:          117808 kB
Active:           429052 kB
Mem:          3.8G       3.7G       114M       5.7M        21M       3.3G

MemTotal:        4016004 kB
MemFree:          114496 kB
Active:           429188 kB
Mem:          3.8G       3.7G       111M       5.7M        21M       3.3G

MemTotal:        4016004 kB
MemFree:          147836 kB
Active:           427268 kB
Mem:          3.8G       3.7G       141M       5.7M        21M       3.2G

MemTotal:        4016004 kB
MemFree:          134196 kB
Active:           423940 kB
Mem:          3.8G       3.7G       129M       5.7M        21M       3.2G

MemTotal:        4016004 kB
MemFree:          134092 kB
Active:           419468 kB
Mem:          3.8G       3.7G       129M       5.7M        21M       3.2G

MemTotal:        4016004 kB
MemFree:          135008 kB
Active:           419952 kB
Mem:          3.8G       3.7G       131M       5.7M        21M       3.2G

MemTotal:        4016004 kB
MemFree:          141272 kB
Active:           419164 kB
Mem:          3.8G       3.7G       134M       5.7M        21M       3.2G

MemTotal:        4016004 kB
MemFree:          129516 kB
Active:           417664 kB
Mem:          3.8G       3.7G       124M       5.7M        21M       3.2G

MemTotal:        4016004 kB
MemFree:          141788 kB
Active:           415732 kB
Mem:          3.8G       3.7G       138M       5.7M        21M       3.2G

MemTotal:        4016004 kB
MemFree:          107128 kB
Active:           415576 kB
Mem:          3.8G       3.7G       104M       5.7M        21M       3.3G

MemTotal:        4016004 kB
MemFree:          106368 kB
Active:           415740 kB
Mem:          3.8G       3.7G       104M       5.7M        21M       3.3G

MemTotal:        4016004 kB
MemFree:          105212 kB
Active:           415776 kB
Mem:          3.8G       3.7G       102M       5.7M        21M       3.3G

MemTotal:        4016004 kB
MemFree:          125340 kB
Active:           415124 kB
Mem:          3.8G       3.7G       122M       5.7M        21M       3.3G

MemTotal:        4016004 kB
MemFree:          120544 kB
Active:           414980 kB
Mem:          3.8G       3.7G       117M       5.7M        21M       3.3G

MemTotal:        4016004 kB
MemFree:          125444 kB
Active:           412036 kB
Mem:          3.8G       3.7G       121M       5.7M        21M       3.3G

MemTotal:        4016004 kB
MemFree:          121416 kB
Active:           408880 kB
Mem:          3.8G       3.7G       117M       5.7M        21M       3.3G

MemTotal:        4016004 kB
MemFree:          133392 kB
Active:           405436 kB
Mem:          3.8G       3.7G       127M       5.7M        21M       3.2G

MemTotal:        4016004 kB
MemFree:          135292 kB
Active:           404380 kB
Mem:          3.8G       3.7G       131M       5.7M        21M       3.2G

MemTotal:        4016004 kB
MemFree:          124948 kB
Active:           402232 kB
Mem:          3.8G       3.7G       121M       5.7M        21M       3.3G

MemTotal:        4016004 kB
MemFree:          142920 kB
Active:           401084 kB
Mem:          3.8G       3.7G       139M       5.7M        21M       3.2G

MemTotal:        4016004 kB
MemFree:          143316 kB
Active:           398268 kB
Mem:          3.8G       3.7G       140M       5.7M        21M       3.2G

MemTotal:        4016004 kB
MemFree:          141324 kB
Active:           398168 kB
Mem:          3.8G       3.7G       138M       5.7M        21M       3.2G

MemTotal:        4016004 kB
MemFree:          121960 kB
Active:           397628 kB
Mem:          3.8G       3.7G       116M       5.7M        21M       3.3G

MemTotal:        4016004 kB
MemFree:          134692 kB
Active:           395584 kB
Mem:          3.8G       3.7G       131M       5.7M        21M       3.2G

MemTotal:        4016004 kB
MemFree:          130848 kB
Active:           395452 kB
Mem:          3.8G       3.7G       127M       5.7M        21M       3.2G

MemTotal:        4016004 kB
MemFree:          126960 kB
Active:           395316 kB
Mem:          3.8G       3.7G       123M       5.7M        21M       3.2G

MemTotal:        4016004 kB
MemFree:          123948 kB
Active:           395452 kB
Mem:          3.8G       3.7G       121M       5.7M        21M       3.3G

MemTotal:        4016004 kB
MemFree:          122272 kB
Active:           395140 kB
Mem:          3.8G       3.7G       119M       5.7M        21M       3.3G

MemTotal:        4016004 kB
MemFree:          108800 kB
Active:           393628 kB
Mem:          3.8G       3.7G       104M       5.7M        21M       3.3G

MemTotal:        4016004 kB
MemFree:          130372 kB
Active:           388568 kB
Mem:          3.8G       3.7G       125M       5.7M        21M       3.2G

MemTotal:        4016004 kB
MemFree:          128056 kB
Active:           380828 kB
Mem:          3.8G       3.7G       125M       5.7M        21M       3.2G

MemTotal:        4016004 kB
MemFree:          137428 kB
Active:           375404 kB
Mem:          3.8G       3.7G       133M       5.7M        21M       3.2G

MemTotal:        4016004 kB
MemFree:          137176 kB
Active:           375176 kB
Mem:          3.8G       3.7G       132M       5.7M        21M       3.2G

MemTotal:        4016004 kB
MemFree:          112488 kB
Active:           375216 kB
Mem:          3.8G       3.7G       109M       5.7M        21M       3.3G

MemTotal:        4016004 kB
MemFree:          117332 kB
Active:           372156 kB
Mem:          3.8G       3.7G       111M       5.7M        21M       3.3G

MemTotal:        4016004 kB
MemFree:          134172 kB
Active:           373272 kB
Mem:          3.8G       3.7G       130M       5.7M        21M       3.2G

MemTotal:        4016004 kB
MemFree:          131108 kB
Active:           373104 kB
Mem:          3.8G       3.7G       127M       5.7M        21M       3.2G

MemTotal:        4016004 kB
MemFree:          130424 kB
Active:           373152 kB
Mem:          3.8G       3.7G       127M       5.7M        21M       3.2G

MemTotal:        4016004 kB
MemFree:          130696 kB
Active:           373044 kB
Mem:          3.8G       3.7G       127M       5.7M        21M       3.2G

MemTotal:        4016004 kB
MemFree:          110176 kB
Active:           373132 kB
Mem:          3.8G       3.7G       104M       5.7M        21M       3.3G

MemTotal:        4016004 kB
MemFree:          120968 kB
Active:           373136 kB
Mem:          3.8G       3.7G       126M       5.7M        21M       3.2G

MemTotal:        4016004 kB
MemFree:          124836 kB
Active:           373088 kB
Mem:          3.8G       3.7G       120M       5.7M        21M       3.3G

MemTotal:        4016004 kB
MemFree:          120072 kB
Active:           373100 kB
Mem:          3.8G       3.7G       116M       5.7M        21M       3.3G

MemTotal:        4016004 kB
MemFree:          126692 kB
Active:           372888 kB
Mem:          3.8G       3.7G       121M       5.7M        21M       3.2G

MemTotal:        4016004 kB
MemFree:          127264 kB
Active:           372936 kB
Mem:          3.8G       3.7G       123M       5.7M        21M       3.2G

MemTotal:        4016004 kB
MemFree:          129224 kB
Active:           372532 kB
Mem:          3.8G       3.7G       125M       5.7M        21M       3.2G

MemTotal:        4016004 kB
MemFree:          142384 kB
Active:           372436 kB
Mem:          3.8G       3.7G       139M       5.7M        21M       3.2G

MemTotal:        4016004 kB
MemFree:          142924 kB
Active:           372444 kB
Mem:          3.8G       3.7G       139M       5.7M        21M       3.2G

MemTotal:        4016004 kB
MemFree:          143284 kB
Active:           372324 kB
Mem:          3.8G       3.7G       140M       5.7M        21M       3.2G

MemTotal:        4016004 kB
MemFree:          139312 kB
Active:           372328 kB
Mem:          3.8G       3.7G       135M       5.7M        21M       3.2G

MemTotal:        4016004 kB
MemFree:          126880 kB
Active:           372464 kB
Mem:          3.8G       3.7G       123M       5.7M        21M       3.2G

MemTotal:        4016004 kB
MemFree:          118908 kB
Active:           372444 kB
Mem:          3.8G       3.7G       135M       5.7M        21M       3.2G

MemTotal:        4016004 kB
MemFree:          118644 kB
Active:           372392 kB
Mem:          3.8G       3.7G       135M       5.7M        21M       3.2G

MemTotal:        4016004 kB
MemFree:          144648 kB
Active:           371276 kB
Mem:          3.8G       3.7G       141M       5.7M        21M       3.2G

MemTotal:        4016004 kB
MemFree:          123416 kB
Active:           371284 kB
Mem:          3.8G       3.7G       118M       5.7M        21M       3.3G

MemTotal:        4016004 kB
MemFree:          130992 kB
Active:           371292 kB
Mem:          3.8G       3.7G       127M       5.7M        21M       3.2G

MemTotal:        4016004 kB
MemFree:          138088 kB
Active:           366044 kB
Mem:          3.8G       3.7G       134M       5.7M        21M       3.2G

MemTotal:        4016004 kB
MemFree:          122656 kB
Active:           365944 kB
Mem:          3.8G       3.7G       118M       5.7M        21M       3.3G

MemTotal:        4016004 kB
MemFree:          142832 kB
Active:           365948 kB
Mem:          3.8G       3.7G       139M       5.7M        21M       3.2G

MemTotal:        4016004 kB
MemFree:          139820 kB
Active:           365960 kB
Mem:          3.8G       3.7G       136M       5.7M        21M       3.2G

MemTotal:        4016004 kB
MemFree:          138180 kB
Active:           365960 kB
Mem:          3.8G       3.7G       134M       5.7M        21M       3.2G

MemTotal:        4016004 kB
MemFree:          137720 kB
Active:           365952 kB
Mem:          3.8G       3.7G       134M       5.7M        21M       3.2G

MemTotal:        4016004 kB
MemFree:          121356 kB
Active:           365960 kB
Mem:          3.8G       3.7G       117M       5.7M        21M       3.3G

MemTotal:        4016004 kB
MemFree:          121768 kB
Active:           365820 kB
Mem:          3.8G       3.7G       116M       5.7M        21M       3.3G

MemTotal:        4016004 kB
MemFree:          137416 kB
Active:           365616 kB
Mem:          3.8G       3.7G       132M       5.7M        21M       3.2G

MemTotal:        4016004 kB
MemFree:          145524 kB
Active:           365612 kB
Mem:          3.8G       3.7G       141M       5.7M        21M       3.2G

MemTotal:        4016004 kB
MemFree:          129240 kB
Active:           365648 kB
Mem:          3.8G       3.7G       122M       5.7M        21M       3.2G

MemTotal:        4016004 kB
MemFree:          139132 kB
Active:           360512 kB
Mem:          3.8G       3.7G       134M       5.7M        21M       3.2G

MemTotal:        4016004 kB
MemFree:          147044 kB
Active:           360384 kB
Mem:          3.8G       3.7G       144M       5.7M        21M       3.2G

MemTotal:        4016004 kB
MemFree:          146616 kB
Active:           360384 kB
Mem:          3.8G       3.7G       143M       5.7M        21M       3.2G

MemTotal:        4016004 kB
MemFree:          141852 kB
Active:           360388 kB
Mem:          3.8G       3.7G       138M       5.7M        21M       3.2G

MemTotal:        4016004 kB
MemFree:          141636 kB
Active:           360408 kB
Mem:          3.8G       3.7G       138M       5.7M        21M       3.2G

MemTotal:        4016004 kB
MemFree:          140888 kB
Active:           360420 kB
Mem:          3.8G       3.7G       137M       5.7M        21M       3.2G

MemTotal:        4016004 kB
MemFree:          137916 kB
Active:           361492 kB
Mem:          3.8G       3.7G       134M       5.7M        21M       3.2G

MemTotal:        4016004 kB
MemFree:          120272 kB
Active:           363412 kB
Mem:          3.8G       3.7G       117M       5.7M        21M       3.3G

MemTotal:        4016004 kB
MemFree:          119652 kB
Active:           363428 kB
Mem:          3.8G       3.7G       116M       5.7M        21M       3.3G

MemTotal:        4016004 kB
MemFree:          118228 kB
Active:           363428 kB
Mem:          3.8G       3.7G       115M       5.7M        21M       3.3G

MemTotal:        4016004 kB
MemFree:          117860 kB
Active:           363432 kB
Mem:          3.8G       3.7G       115M       5.7M        21M       3.3G

MemTotal:        4016004 kB
MemFree:          123660 kB
Active:           362920 kB
Mem:          3.8G       3.7G       120M       5.7M        21M       3.2G

MemTotal:        4016004 kB
MemFree:          135792 kB
Active:           359848 kB
Mem:          3.8G       3.7G       128M       5.7M        21M       3.2G

MemTotal:        4016004 kB
MemFree:          134712 kB
Active:           359352 kB
Mem:          3.8G       3.7G       131M       5.7M        21M       3.2G

MemTotal:        4016004 kB
MemFree:          122868 kB
Active:           359368 kB
Mem:          3.8G       3.7G       120M       5.7M        21M       3.2G

MemTotal:        4016004 kB
MemFree:          137244 kB
Active:           359388 kB
Mem:          3.8G       3.7G       131M       5.7M        21M       3.2G

MemTotal:        4016004 kB
MemFree:          127868 kB
Active:           357428 kB
Mem:          3.8G       3.7G       121M       5.7M        21M       3.2G

MemTotal:        4016004 kB
MemFree:          120556 kB
Active:           350392 kB
Mem:          3.8G       3.7G       117M       5.7M        21M       3.2G

MemTotal:        4016004 kB
MemFree:          110664 kB
Active:           350280 kB
Mem:          3.8G       3.7G       107M       5.7M        21M       3.3G

MemTotal:        4016004 kB
MemFree:          108848 kB
Active:           350268 kB
Mem:          3.8G       3.7G       106M       5.7M        21M       3.3G

MemTotal:        4016004 kB
MemFree:          107812 kB
Active:           350292 kB
Mem:          3.8G       3.7G       105M       5.7M        21M       3.3G

MemTotal:        4016004 kB
MemFree:          117928 kB
Active:           350160 kB
Mem:          3.8G       3.7G       112M       5.7M        21M       3.3G

MemTotal:        4016004 kB
MemFree:          126400 kB
Active:           351196 kB
Mem:          3.8G       3.7G       121M       5.7M        21M       3.2G

MemTotal:        4016004 kB
MemFree:          136668 kB
Active:           349804 kB
Mem:          3.8G       3.7G       132M       5.7M        21M       3.2G

MemTotal:        4016004 kB
MemFree:          132332 kB
Active:           349972 kB
Mem:          3.8G       3.7G       129M       5.7M        21M       3.2G

MemTotal:        4016004 kB
MemFree:          127804 kB
Active:           349984 kB
Mem:          3.8G       3.7G       123M       5.7M        21M       3.2G

MemTotal:        4016004 kB
MemFree:          113340 kB
Active:           349988 kB
Mem:          3.8G       3.7G       108M       5.7M        21M       3.3G

MemTotal:        4016004 kB
MemFree:          133564 kB
Active:           349912 kB
Mem:          3.8G       3.7G       128M       5.7M        21M       3.2G

MemTotal:        4016004 kB
MemFree:          143448 kB
Active:           349948 kB
Mem:          3.8G       3.7G       140M       5.7M        21M       3.2G

MemTotal:        4016004 kB
MemFree:          106136 kB
Active:           350048 kB
Mem:          3.8G       3.7G       103M       5.7M        21M       3.3G

MemTotal:        4016004 kB
MemFree:          127652 kB
Active:           350212 kB
Mem:          3.8G       3.7G       124M       5.7M        21M       3.2G

MemTotal:        4016004 kB
MemFree:          127136 kB
Active:           349852 kB
Mem:          3.8G       3.7G       123M       5.7M        21M       3.2G

MemTotal:        4016004 kB
MemFree:          125884 kB
Active:           349748 kB
Mem:          3.8G       3.7G       122M       5.7M        21M       3.2G

MemTotal:        4016004 kB
MemFree:          108900 kB
Active:           349748 kB
Mem:          3.8G       3.7G       106M       5.7M        21M       3.3G

MemTotal:        4016004 kB
MemFree:          119900 kB
Active:           349744 kB
Mem:          3.8G       3.7G       114M       5.7M        21M       3.3G

MemTotal:        4016004 kB
MemFree:          131084 kB
Active:           348480 kB
Mem:          3.8G       3.7G       126M       5.7M        21M       3.2G

MemTotal:        4016004 kB
MemFree:          124016 kB
Active:           348480 kB
Mem:          3.8G       3.7G       121M       5.7M        21M       3.2G

MemTotal:        4016004 kB
MemFree:          131016 kB
Active:           348484 kB
Mem:          3.8G       3.7G       127M       5.7M        21M       3.2G

MemTotal:        4016004 kB
MemFree:          112540 kB
Active:           348476 kB
Mem:          3.8G       3.7G       107M       5.7M        21M       3.3G

MemTotal:        4016004 kB
MemFree:          123036 kB
Active:           348492 kB
Mem:          3.8G       3.7G       120M       5.7M        21M       3.2G

MemTotal:        4016004 kB
MemFree:          128504 kB
Active:           348492 kB
Mem:          3.8G       3.7G       125M       5.7M        21M       3.2G

MemTotal:        4016004 kB
MemFree:          139880 kB
Active:           348488 kB
Mem:          3.8G       3.7G       135M       5.7M        21M       3.2G

MemTotal:        4016004 kB
MemFree:          138008 kB
Active:           348496 kB
Mem:          3.8G       3.7G       134M       5.7M        21M       3.2G

MemTotal:        4016004 kB
MemFree:          137112 kB
Active:           348516 kB
Mem:          3.8G       3.7G       133M       5.7M        21M       3.2G

MemTotal:        4016004 kB
MemFree:          137336 kB
Active:           348516 kB
Mem:          3.8G       3.7G       134M       5.7M        21M       3.2G

MemTotal:        4016004 kB
MemFree:          131172 kB
Active:           344916 kB
Mem:          3.8G       3.7G       127M       5.7M        21M       3.2G

MemTotal:        4016004 kB
MemFree:          134936 kB
Active:           346836 kB
Mem:          3.8G       3.7G       130M       5.7M        21M       3.2G

MemTotal:        4016004 kB
MemFree:          146372 kB
Active:           346840 kB
Mem:          3.8G       3.7G       141M       5.7M        21M       3.2G

MemTotal:        4016004 kB
MemFree:          129520 kB
Active:           346836 kB
Mem:          3.8G       3.7G       126M       5.7M        21M       3.2G

MemTotal:        4016004 kB
MemFree:          134312 kB
Active:           346844 kB
Mem:          3.8G       3.7G       128M       5.7M        21M       3.2G

MemTotal:        4016004 kB
MemFree:          127724 kB
Active:           346844 kB
Mem:          3.8G       3.7G       125M       5.7M        21M       3.2G

MemTotal:        4016004 kB
MemFree:          139096 kB
Active:           344520 kB
Mem:          3.8G       3.7G       135M       5.7M        21M       3.2G

MemTotal:        4016004 kB
MemFree:          113680 kB
Active:           344520 kB
Mem:          3.8G       3.7G       111M       5.7M        21M       3.3G

MemTotal:        4016004 kB
MemFree:          112560 kB
Active:           344552 kB
Mem:          3.8G       3.7G       109M       5.7M        21M       3.3G

MemTotal:        4016004 kB
MemFree:          111896 kB
Active:           344528 kB
Mem:          3.8G       3.7G       108M       5.7M        21M       3.3G

MemTotal:        4016004 kB
MemFree:          111808 kB
Active:           344548 kB
Mem:          3.8G       3.7G       109M       5.7M        21M       3.3G

MemTotal:        4016004 kB
MemFree:          111968 kB
Active:           344568 kB
Mem:          3.8G       3.7G       109M       5.7M        21M       3.3G

MemTotal:        4016004 kB
MemFree:          136332 kB
Active:           344572 kB
Mem:          3.8G       3.7G       132M       5.7M        21M       3.2G

MemTotal:        4016004 kB
MemFree:          130884 kB
Active:           344552 kB
Mem:          3.8G       3.7G       126M       5.7M        21M       3.2G

MemTotal:        4016004 kB
MemFree:          138812 kB
Active:           344588 kB
Mem:          3.8G       3.7G       133M       5.7M        21M       3.2G

MemTotal:        4016004 kB
MemFree:          133136 kB
Active:           344596 kB
Mem:          3.8G       3.7G       129M       5.7M        21M       3.2G

MemTotal:        4016004 kB
MemFree:          135152 kB
Active:           344596 kB
Mem:          3.8G       3.7G       131M       5.7M        21M       3.2G

MemTotal:        4016004 kB
MemFree:          133052 kB
Active:           344324 kB
Mem:          3.8G       3.7G       128M       5.7M        21M       3.2G

MemTotal:        4016004 kB
MemFree:          139404 kB
Active:           344268 kB
Mem:          3.8G       3.7G       136M       5.7M        21M       3.2G

MemTotal:        4016004 kB
MemFree:          112380 kB
Active:           344268 kB
Mem:          3.8G       3.7G       109M       5.7M        21M       3.3G

MemTotal:        4016004 kB
MemFree:          112452 kB
Active:           344284 kB
Mem:          3.8G       3.7G       109M       5.7M        21M       3.3G

MemTotal:        4016004 kB
MemFree:          112368 kB
Active:           344284 kB
Mem:          3.8G       3.7G       110M       5.7M        21M       3.3G

MemTotal:        4016004 kB
MemFree:          111008 kB
Active:           344288 kB
Mem:          3.8G       3.7G       108M       5.7M        21M       3.3G

MemTotal:        4016004 kB
MemFree:          137940 kB
Active:           344276 kB
Mem:          3.8G       3.7G       133M       5.7M        21M       3.2G

MemTotal:        4016004 kB
MemFree:          135772 kB
Active:           344288 kB
Mem:          3.8G       3.7G       131M       5.7M        21M       3.2G

MemTotal:        4016004 kB
MemFree:          129164 kB
Active:           344296 kB
Mem:          3.8G       3.7G       123M       5.7M        21M       3.2G

MemTotal:        4016004 kB
MemFree:          127932 kB
Active:           344296 kB
Mem:          3.8G       3.7G       124M       5.7M        21M       3.2G

MemTotal:        4016004 kB
MemFree:          123628 kB
Active:           344300 kB
Mem:          3.8G       3.7G       119M       5.7M        21M       3.2G

MemTotal:        4016004 kB
MemFree:          128016 kB
Active:           344304 kB
Mem:          3.8G       3.7G       125M       5.7M        21M       3.2G

MemTotal:        4016004 kB
MemFree:          126700 kB
Active:           344304 kB
Mem:          3.8G       3.7G       123M       5.7M        21M       3.2G

MemTotal:        4016004 kB
MemFree:          121320 kB
Active:           344036 kB
Mem:          3.8G       3.7G       118M       5.7M        21M       3.2G

MemTotal:        4016004 kB
MemFree:          121452 kB
Active:           344024 kB
Mem:          3.8G       3.7G       118M       5.7M        21M       3.2G

MemTotal:        4016004 kB
MemFree:          121824 kB
Active:           343984 kB
Mem:          3.8G       3.7G       119M       5.7M        21M       3.2G

MemTotal:        4016004 kB
MemFree:          121824 kB
Active:           343984 kB
Mem:          3.8G       3.7G       119M       5.7M        21M       3.2G

MemTotal:        4016004 kB
MemFree:          121700 kB
Active:           344012 kB
Mem:          3.8G       3.7G       118M       5.7M        21M       3.2G

MemTotal:        4016004 kB
MemFree:          121792 kB
Active:           344024 kB
Mem:          3.8G       3.7G       118M       5.7M        21M       3.2G

MemTotal:        4016004 kB
MemFree:          121344 kB
Active:           344036 kB
Mem:          3.8G       3.7G       118M       5.7M        21M       3.2G

MemTotal:        4016004 kB
MemFree:          122412 kB
Active:           344004 kB
Mem:          3.8G       3.7G       119M       5.7M        21M       3.2G

MemTotal:        4016004 kB
MemFree:          122292 kB
Active:           344044 kB
Mem:          3.8G       3.7G       119M       5.7M        21M       3.2G

MemTotal:        4016004 kB
MemFree:          122016 kB
Active:           344048 kB
Mem:          3.8G       3.7G       119M       5.7M        21M       3.2G

MemTotal:        4016004 kB
MemFree:          122140 kB
Active:           344032 kB
Mem:          3.8G       3.7G       119M       5.7M        21M       3.2G

MemTotal:        4016004 kB
MemFree:          122140 kB
Active:           344024 kB
Mem:          3.8G       3.7G       119M       5.7M        21M       3.2G

MemTotal:        4016004 kB
MemFree:          122760 kB
Active:           344036 kB
Mem:          3.8G       3.7G       119M       5.7M        21M       3.2G

MemTotal:        4016004 kB
MemFree:          122760 kB
Active:           344032 kB
Mem:          3.8G       3.7G       119M       5.7M        21M       3.2G

MemTotal:        4016004 kB
MemFree:          122760 kB
Active:           344036 kB
Mem:          3.8G       3.7G       119M       5.7M        21M       3.2G

MemTotal:        4016004 kB
MemFree:          122388 kB
Active:           344072 kB
Mem:          3.8G       3.7G       119M       5.7M        21M       3.2G

MemTotal:        4016004 kB
MemFree:          122388 kB
Active:           344056 kB
Mem:          3.8G       3.7G       119M       5.7M        21M       3.2G

MemTotal:        4016004 kB
MemFree:          122388 kB
Active:           344036 kB
Mem:          3.8G       3.7G       119M       5.7M        21M       3.2G

MemTotal:        4016004 kB
MemFree:          122388 kB
Active:           344036 kB
Mem:          3.8G       3.7G       119M       5.7M        21M       3.2G

MemTotal:        4016004 kB
MemFree:          122512 kB
Active:           344028 kB
Mem:          3.8G       3.7G       119M       5.7M        21M       3.2G

MemTotal:        4016004 kB
MemFree:          122388 kB
Active:           344044 kB
Mem:          3.8G       3.7G       119M       5.7M        21M       3.2G

MemTotal:        4016004 kB
MemFree:          122884 kB
Active:           344052 kB
Mem:          3.8G       3.7G       119M       5.7M        21M       3.2G

MemTotal:        4016004 kB
MemFree:          122760 kB
Active:           344084 kB
Mem:          3.8G       3.7G       119M       5.7M        21M       3.2G

MemTotal:        4016004 kB
MemFree:          122264 kB
Active:           344084 kB
Mem:          3.8G       3.7G       119M       5.7M        21M       3.2G

MemTotal:        4016004 kB
MemFree:          122264 kB
Active:           344048 kB
Mem:          3.8G       3.7G       119M       5.7M        21M       3.2G

MemTotal:        4016004 kB
MemFree:          122264 kB
Active:           344044 kB
Mem:          3.8G       3.7G       119M       5.7M        21M       3.2G

MemTotal:        4016004 kB
MemFree:          121892 kB
Active:           344084 kB
Mem:          3.8G       3.7G       119M       5.7M        21M       3.2G

MemTotal:        4016004 kB
MemFree:          122016 kB
Active:           344080 kB
Mem:          3.8G       3.7G       119M       5.7M        21M       3.2G

MemTotal:        4016004 kB
MemFree:          122140 kB
Active:           344084 kB
Mem:          3.8G       3.7G       119M       5.7M        21M       3.2G

MemTotal:        4016004 kB
MemFree:          122140 kB
Active:           344088 kB
Mem:          3.8G       3.7G       119M       5.7M        21M       3.2G

MemTotal:        4016004 kB
MemFree:          122388 kB
Active:           344036 kB
Mem:          3.8G       3.7G       119M       5.7M        21M       3.2G

MemTotal:        4016004 kB
MemFree:          122512 kB
Active:           344048 kB
Mem:          3.8G       3.7G       119M       5.7M        21M       3.2G

MemTotal:        4016004 kB
MemFree:          122512 kB
Active:           344088 kB
Mem:          3.8G       3.7G       119M       5.7M        21M       3.2G

MemTotal:        4016004 kB
MemFree:          122512 kB
Active:           344064 kB
Mem:          3.8G       3.7G       119M       5.7M        21M       3.2G

MemTotal:        4016004 kB
MemFree:          122512 kB
Active:           344100 kB
Mem:          3.8G       3.7G       119M       5.7M        21M       3.2G

MemTotal:        4016004 kB
MemFree:          122388 kB
Active:           344052 kB
Mem:          3.8G       3.7G       119M       5.7M        21M       3.2G

MemTotal:        4016004 kB
MemFree:          122636 kB
Active:           344080 kB
Mem:          3.8G       3.7G       119M       5.7M        21M       3.2G

MemTotal:        4016004 kB
MemFree:          122636 kB
Active:           344104 kB
Mem:          3.8G       3.7G       119M       5.7M        21M       3.2G

MemTotal:        4016004 kB
MemFree:          122636 kB
Active:           344052 kB
Mem:          3.8G       3.7G       119M       5.7M        21M       3.2G

MemTotal:        4016004 kB
MemFree:          122636 kB
Active:           344100 kB
Mem:          3.8G       3.7G       119M       5.7M        21M       3.2G

MemTotal:        4016004 kB
MemFree:          122264 kB
Active:           344104 kB
Mem:          3.8G       3.7G       119M       5.7M        21M       3.2G

MemTotal:        4016004 kB
MemFree:          122140 kB
Active:           344048 kB
Mem:          3.8G       3.7G       119M       5.7M        21M       3.2G

MemTotal:        4016004 kB
MemFree:          122140 kB
Active:           344068 kB
Mem:          3.8G       3.7G       119M       5.7M        21M       3.2G

MemTotal:        4016004 kB
MemFree:          122140 kB
Active:           344084 kB
Mem:          3.8G       3.7G       119M       5.7M        21M       3.2G

MemTotal:        4016004 kB
MemFree:          122140 kB
Active:           344104 kB
Mem:          3.8G       3.7G       119M       5.7M        21M       3.2G

MemTotal:        4016004 kB
MemFree:          122140 kB
Active:           344096 kB
Mem:          3.8G       3.7G       119M       5.7M        21M       3.2G

MemTotal:        4016004 kB
MemFree:          122264 kB
Active:           344052 kB
Mem:          3.8G       3.7G       119M       5.7M        21M       3.2G

MemTotal:        4016004 kB
MemFree:          122388 kB
Active:           344108 kB
Mem:          3.8G       3.7G       119M       5.7M        21M       3.2G

MemTotal:        4016004 kB
MemFree:          121768 kB
Active:           344116 kB
Mem:          3.8G       3.7G       119M       5.7M        21M       3.2G

MemTotal:        4016004 kB
MemFree:          121424 kB
Active:           342156 kB
Mem:          3.8G       3.7G       118M       5.7M        21M       3.2G

MemTotal:        4016004 kB
MemFree:          121456 kB
Active:           342076 kB
Mem:          3.8G       3.7G       118M       5.7M        21M       3.2G

MemTotal:        4016004 kB
MemFree:          121456 kB
Active:           342088 kB
Mem:          3.8G       3.7G       118M       5.7M        21M       3.2G

MemTotal:        4016004 kB
MemFree:          121456 kB
Active:           342100 kB
Mem:          3.8G       3.7G       118M       5.7M        21M       3.2G

MemTotal:        4016004 kB
MemFree:          121828 kB
Active:           342056 kB
Mem:          3.8G       3.7G       118M       5.7M        21M       3.2G

MemTotal:        4016004 kB
MemFree:          121952 kB
Active:           342104 kB
Mem:          3.8G       3.7G       118M       5.7M        21M       3.2G

MemTotal:        4016004 kB
MemFree:          121704 kB
Active:           342112 kB
Mem:          3.8G       3.7G       119M       5.7M        21M       3.2G

MemTotal:        4016004 kB
MemFree:          121580 kB
Active:           342116 kB
Mem:          3.8G       3.7G       119M       5.7M        21M       3.2G

MemTotal:        4016004 kB
MemFree:          121828 kB
Active:           342112 kB
Mem:          3.8G       3.7G       119M       5.7M        21M       3.2G

MemTotal:        4016004 kB
MemFree:          121952 kB
Active:           342108 kB
Mem:          3.8G       3.7G       118M       5.7M        21M       3.2G

MemTotal:        4016004 kB
MemFree:          121580 kB
Active:           342116 kB
Mem:          3.8G       3.7G       119M       5.7M        21M       3.2G

MemTotal:        4016004 kB
MemFree:          121828 kB
Active:           342108 kB
Mem:          3.8G       3.7G       119M       5.7M        21M       3.2G

MemTotal:        4016004 kB
MemFree:          121828 kB
Active:           342120 kB
Mem:          3.8G       3.7G       118M       5.7M        21M       3.2G

MemTotal:        4016004 kB
MemFree:          121828 kB
Active:           342132 kB
Mem:          3.8G       3.7G       118M       5.7M        21M       3.2G

MemTotal:        4016004 kB
MemFree:          121828 kB
Active:           342128 kB
Mem:          3.8G       3.7G       118M       5.7M        21M       3.2G

MemTotal:        4016004 kB
MemFree:          121952 kB
Active:           342120 kB
Mem:          3.8G       3.7G       118M       5.7M        21M       3.2G

MemTotal:        4016004 kB
MemFree:          121952 kB
Active:           342128 kB
Mem:          3.8G       3.7G       118M       5.7M        21M       3.2G

MemTotal:        4016004 kB
MemFree:          121952 kB
Active:           342132 kB
Mem:          3.8G       3.7G       119M       5.7M        21M       3.2G

MemTotal:        4016004 kB
MemFree:          122076 kB
Active:           342136 kB
Mem:          3.8G       3.7G       119M       5.7M        21M       3.2G

MemTotal:        4016004 kB
MemFree:          121580 kB
Active:           344196 kB
Mem:          3.8G       3.7G       119M       5.7M        21M       3.2G

MemTotal:        4016004 kB
MemFree:          121952 kB
Active:           344196 kB
Mem:          3.8G       3.7G       118M       5.7M        21M       3.2G

MemTotal:        4016004 kB
MemFree:          121332 kB
Active:           344184 kB
Mem:          3.8G       3.7G       118M       5.7M        21M       3.2G

MemTotal:        4016004 kB
MemFree:          121456 kB
Active:           344196 kB
Mem:          3.8G       3.7G       118M       5.7M        21M       3.2G

MemTotal:        4016004 kB
MemFree:          122076 kB
Active:           344180 kB
Mem:          3.8G       3.7G       118M       5.7M        21M       3.2G

MemTotal:        4016004 kB
MemFree:          121580 kB
Active:           344204 kB
Mem:          3.8G       3.7G       119M       5.7M        21M       3.2G

MemTotal:        4016004 kB
MemFree:          121952 kB
Active:           344204 kB
Mem:          3.8G       3.7G       118M       5.7M        21M       3.2G

MemTotal:        4016004 kB
MemFree:          121828 kB
Active:           344204 kB
Mem:          3.8G       3.7G       118M       5.7M        21M       3.2G

MemTotal:        4016004 kB
MemFree:          121704 kB
Active:           344212 kB
Mem:          3.8G       3.7G       118M       5.7M        21M       3.2G

MemTotal:        4016004 kB
MemFree:          121704 kB
Active:           344164 kB
Mem:          3.8G       3.7G       118M       5.7M        21M       3.2G

MemTotal:        4016004 kB
MemFree:          121208 kB
Active:           344208 kB
Mem:          3.8G       3.7G       118M       5.7M        21M       3.2G

MemTotal:        4016004 kB
MemFree:          121332 kB
Active:           344156 kB
Mem:          3.8G       3.7G       118M       5.7M        21M       3.2G

MemTotal:        4016004 kB
MemFree:          121208 kB
Active:           344212 kB
Mem:          3.8G       3.7G       118M       5.7M        21M       3.2G

MemTotal:        4016004 kB
MemFree:          121580 kB
Active:           344212 kB
Mem:          3.8G       3.7G       118M       5.7M        21M       3.2G

MemTotal:        4016004 kB
MemFree:          121456 kB
Active:           344216 kB
Mem:          3.8G       3.7G       118M       5.7M        21M       3.2G

MemTotal:        4016004 kB
MemFree:          121084 kB
Active:           344220 kB
Mem:          3.8G       3.7G       118M       5.7M        21M       3.2G

MemTotal:        4016004 kB
MemFree:          121084 kB
Active:           344220 kB
Mem:          3.8G       3.7G       118M       5.7M        21M       3.2G

MemTotal:        4016004 kB
MemFree:          121580 kB
Active:           344184 kB
Mem:          3.8G       3.7G       118M       5.7M        21M       3.2G

MemTotal:        4016004 kB
MemFree:          121828 kB
Active:           344204 kB
Mem:          3.8G       3.7G       118M       5.7M        21M       3.2G

MemTotal:        4016004 kB
MemFree:          121580 kB
Active:           344220 kB
Mem:          3.8G       3.7G       118M       5.7M        21M       3.2G

MemTotal:        4016004 kB
MemFree:          121704 kB
Active:           344228 kB
Mem:          3.8G       3.7G       118M       5.7M        21M       3.2G

MemTotal:        4016004 kB
MemFree:          121456 kB
Active:           344228 kB
Mem:          3.8G       3.7G       118M       5.7M        21M       3.2G

MemTotal:        4016004 kB
MemFree:          121332 kB
Active:           344208 kB
Mem:          3.8G       3.7G       118M       5.7M        21M       3.2G

MemTotal:        4016004 kB
MemFree:          121456 kB
Active:           344204 kB
Mem:          3.8G       3.7G       118M       5.7M        21M       3.2G

MemTotal:        4016004 kB
MemFree:          121456 kB
Active:           344172 kB
Mem:          3.8G       3.7G       118M       5.7M        21M       3.2G

MemTotal:        4016004 kB
MemFree:          121208 kB
Active:           344224 kB
Mem:          3.8G       3.7G       118M       5.7M        21M       3.2G

MemTotal:        4016004 kB
MemFree:          121208 kB
Active:           344200 kB
Mem:          3.8G       3.7G       118M       5.7M        21M       3.2G

MemTotal:        4016004 kB
MemFree:          121580 kB
Active:           344224 kB
Mem:          3.8G       3.7G       118M       5.7M        21M       3.2G

MemTotal:        4016004 kB
MemFree:          121084 kB
Active:           344232 kB
Mem:          3.8G       3.7G       118M       5.7M        21M       3.2G

MemTotal:        4016004 kB
MemFree:          121704 kB
Active:           344236 kB
Mem:          3.8G       3.7G       118M       5.7M        21M       3.2G

MemTotal:        4016004 kB
MemFree:          121456 kB
Active:           344184 kB
Mem:          3.8G       3.7G       118M       5.7M        21M       3.2G

MemTotal:        4016004 kB
MemFree:          121580 kB
Active:           344184 kB
Mem:          3.8G       3.7G       118M       5.7M        21M       3.2G

MemTotal:        4016004 kB
MemFree:          121580 kB
Active:           344200 kB
Mem:          3.8G       3.7G       118M       5.7M        21M       3.2G

MemTotal:        4016004 kB
MemFree:          121580 kB
Active:           344204 kB
Mem:          3.8G       3.7G       118M       5.7M        21M       3.2G

MemTotal:        4016004 kB
MemFree:          121580 kB
Active:           344240 kB
Mem:          3.8G       3.7G       118M       5.7M        21M       3.2G

MemTotal:        4016004 kB
MemFree:          121208 kB
Active:           344248 kB
Mem:          3.8G       3.7G       118M       5.7M        21M       3.2G

MemTotal:        4016004 kB
MemFree:          121704 kB
Active:           344200 kB
Mem:          3.8G       3.7G       118M       5.7M        21M       3.2G

MemTotal:        4016004 kB
MemFree:          121208 kB
Active:           344248 kB
Mem:          3.8G       3.7G       118M       5.7M        21M       3.2G

MemTotal:        4016004 kB
MemFree:          120836 kB
Active:           344248 kB
Mem:          3.8G       3.7G       118M       5.7M        21M       3.2G

MemTotal:        4016004 kB
MemFree:          121332 kB
Active:           344228 kB
Mem:          3.8G       3.7G       118M       5.7M        21M       3.2G

MemTotal:        4016004 kB
MemFree:          121332 kB
Active:           344216 kB
Mem:          3.8G       3.7G       118M       5.7M        21M       3.2G

MemTotal:        4016004 kB
MemFree:          121208 kB
Active:           344224 kB
Mem:          3.8G       3.7G       118M       5.7M        21M       3.2G

MemTotal:        4016004 kB
MemFree:          121208 kB
Active:           344252 kB
Mem:          3.8G       3.7G       118M       5.7M        21M       3.2G

MemTotal:        4016004 kB
MemFree:          121580 kB
Active:           344220 kB
Mem:          3.8G       3.7G       118M       5.7M        21M       3.2G

MemTotal:        4016004 kB
MemFree:          121580 kB
Active:           344256 kB
Mem:          3.8G       3.7G       118M       5.7M        21M       3.2G

MemTotal:        4016004 kB
MemFree:          121456 kB
Active:           344244 kB
Mem:          3.8G       3.7G       118M       5.7M        21M       3.2G

MemTotal:        4016004 kB
MemFree:          121084 kB
Active:           344256 kB
Mem:          3.8G       3.7G       118M       5.7M        21M       3.2G

MemTotal:        4016004 kB
MemFree:          121456 kB
Active:           344220 kB
Mem:          3.8G       3.7G       118M       5.7M        21M       3.2G

MemTotal:        4016004 kB
MemFree:          121580 kB
Active:           344216 kB
Mem:          3.8G       3.7G       118M       5.7M        21M       3.2G

MemTotal:        4016004 kB
MemFree:          121580 kB
Active:           344268 kB
Mem:          3.8G       3.7G       118M       5.7M        21M       3.2G

MemTotal:        4016004 kB
MemFree:          121580 kB
Active:           344240 kB
Mem:          3.8G       3.7G       118M       5.7M        21M       3.2G

MemTotal:        4016004 kB
MemFree:          121084 kB
Active:           344272 kB
Mem:          3.8G       3.7G       118M       5.7M        21M       3.2G

MemTotal:        4016004 kB
MemFree:          121208 kB
Active:           344232 kB
Mem:          3.8G       3.7G       118M       5.7M        21M       3.2G

MemTotal:        4016004 kB
MemFree:          121084 kB
Active:           344252 kB
Mem:          3.8G       3.7G       118M       5.7M        21M       3.2G

MemTotal:        4016004 kB
MemFree:          121580 kB
Active:           344256 kB
Mem:          3.8G       3.7G       118M       5.7M        21M       3.2G

MemTotal:        4016004 kB
MemFree:          121580 kB
Active:           344268 kB
Mem:          3.8G       3.7G       118M       5.7M        21M       3.2G

MemTotal:        4016004 kB
MemFree:          121456 kB
Active:           344268 kB
Mem:          3.8G       3.7G       118M       5.7M        21M       3.2G

MemTotal:        4016004 kB
MemFree:          121580 kB
Active:           344268 kB
Mem:          3.8G       3.7G       118M       5.7M        21M       3.2G

MemTotal:        4016004 kB
MemFree:          121580 kB
Active:           344224 kB
Mem:          3.8G       3.7G       118M       5.7M        21M       3.2G

MemTotal:        4016004 kB
MemFree:          121580 kB
Active:           344288 kB
Mem:          3.8G       3.7G       118M       5.7M        21M       3.2G

MemTotal:        4016004 kB
MemFree:          121456 kB
Active:           344248 kB
Mem:          3.8G       3.7G       118M       5.7M        21M       3.2G

MemTotal:        4016004 kB
MemFree:          121580 kB
Active:           344296 kB
Mem:          3.8G       3.7G       118M       5.7M        21M       3.2G

MemTotal:        4016004 kB
MemFree:          121580 kB
Active:           344300 kB
Mem:          3.8G       3.7G       118M       5.7M        21M       3.2G

MemTotal:        4016004 kB
MemFree:          121580 kB
Active:           344260 kB
Mem:          3.8G       3.7G       118M       5.7M        21M       3.2G

MemTotal:        4016004 kB
MemFree:          121456 kB
Active:           344280 kB
Mem:          3.8G       3.7G       118M       5.7M        21M       3.2G

MemTotal:        4016004 kB
MemFree:          121456 kB
Active:           344284 kB
Mem:          3.8G       3.7G       118M       5.7M        21M       3.2G

MemTotal:        4016004 kB
MemFree:          121456 kB
Active:           344280 kB
Mem:          3.8G       3.7G       118M       5.7M        21M       3.2G

MemTotal:        4016004 kB
MemFree:          121456 kB
Active:           344300 kB
Mem:          3.8G       3.7G       118M       5.7M        21M       3.2G

MemTotal:        4016004 kB
MemFree:          121456 kB
Active:           344280 kB
Mem:          3.8G       3.7G       118M       5.7M        21M       3.2G

MemTotal:        4016004 kB
MemFree:          121456 kB
Active:           344300 kB
Mem:          3.8G       3.7G       118M       5.7M        21M       3.2G

MemTotal:        4016004 kB
MemFree:          121208 kB
Active:           344304 kB
Mem:          3.8G       3.7G       118M       5.7M        21M       3.2G

MemTotal:        4016004 kB
MemFree:          120960 kB
Active:           344256 kB
Mem:          3.8G       3.7G       118M       5.7M        21M       3.2G

MemTotal:        4016004 kB
MemFree:          121084 kB
Active:           344284 kB
Mem:          3.8G       3.7G       118M       5.7M        21M       3.2G

MemTotal:        4016004 kB
MemFree:          120836 kB
Active:           344316 kB
Mem:          3.8G       3.7G       118M       5.7M        21M       3.2G

MemTotal:        4016004 kB
MemFree:          121100 kB
Active:           344472 kB
Mem:          3.8G       3.7G       118M       5.7M        21M       3.2G

MemTotal:        4016004 kB
MemFree:          121100 kB
Active:           344452 kB
Mem:          3.8G       3.7G       118M       5.7M        21M       3.2G

MemTotal:        4016004 kB
MemFree:          121456 kB
Active:           344492 kB
Mem:          3.8G       3.7G       118M       5.7M        21M       3.2G

MemTotal:        4016004 kB
MemFree:          121456 kB
Active:           344452 kB
Mem:          3.8G       3.7G       118M       5.7M        21M       3.2G

MemTotal:        4016004 kB
MemFree:          121332 kB
Active:           344492 kB
Mem:          3.8G       3.7G       118M       5.7M        21M       3.2G

MemTotal:        4016004 kB
MemFree:          121348 kB
Active:           344448 kB
Mem:          3.8G       3.7G       118M       5.7M        21M       3.2G

MemTotal:        4016004 kB
MemFree:          120976 kB
Active:           344500 kB
Mem:          3.8G       3.7G       118M       5.7M        21M       3.2G

MemTotal:        4016004 kB
MemFree:          121348 kB
Active:           344488 kB
Mem:          3.8G       3.7G       118M       5.7M        21M       3.2G

MemTotal:        4016004 kB
MemFree:          121348 kB
Active:           344488 kB
Mem:          3.8G       3.7G       118M       5.7M        21M       3.2G

MemTotal:        4016004 kB
MemFree:          120976 kB
Active:           344500 kB
Mem:          3.8G       3.7G       118M       5.7M        21M       3.2G

MemTotal:        4016004 kB
MemFree:          120852 kB
Active:           344500 kB
Mem:          3.8G       3.7G       118M       5.7M        21M       3.2G

MemTotal:        4016004 kB
MemFree:          120976 kB
Active:           344488 kB
Mem:          3.8G       3.7G       118M       5.7M        21M       3.2G

MemTotal:        4016004 kB
MemFree:          121720 kB
Active:           344476 kB
Mem:          3.8G       3.7G       118M       5.7M        21M       3.2G

MemTotal:        4016004 kB
MemFree:          121100 kB
Active:           344504 kB
Mem:          3.8G       3.7G       118M       5.7M        21M       3.2G

MemTotal:        4016004 kB
MemFree:          121472 kB
Active:           344456 kB
Mem:          3.8G       3.7G       118M       5.7M        21M       3.2G

MemTotal:        4016004 kB
MemFree:          121472 kB
Active:           344508 kB
Mem:          3.8G       3.7G       118M       5.7M        21M       3.2G

MemTotal:        4016004 kB
MemFree:          121472 kB
Active:           344504 kB
Mem:          3.8G       3.7G       118M       5.7M        21M       3.2G

MemTotal:        4016004 kB
MemFree:          119424 kB
Active:           344512 kB
Mem:          3.8G       3.7G       116M       5.7M        21M       3.2G

MemTotal:        4016004 kB
MemFree:          118820 kB
Active:           344484 kB
Mem:          3.8G       3.7G       116M       5.7M        21M       3.2G

MemTotal:        4016004 kB
MemFree:          119068 kB
Active:           344484 kB
Mem:          3.8G       3.7G       116M       5.7M        21M       3.2G

MemTotal:        4016004 kB
MemFree:          119068 kB
Active:           344484 kB
Mem:          3.8G       3.7G       116M       5.7M        21M       3.2G

MemTotal:        4016004 kB
MemFree:          119068 kB
Active:           344452 kB
Mem:          3.8G       3.7G       116M       5.7M        21M       3.2G

MemTotal:        4016004 kB
MemFree:          118696 kB
Active:           344484 kB
Mem:          3.8G       3.7G       116M       5.7M        21M       3.2G

MemTotal:        4016004 kB
MemFree:          119068 kB
Active:           344436 kB
Mem:          3.8G       3.7G       116M       5.7M        21M       3.2G

MemTotal:        4016004 kB
MemFree:          118572 kB
Active:           344492 kB
Mem:          3.8G       3.7G       115M       5.7M        21M       3.2G

MemTotal:        4016004 kB
MemFree:          119068 kB
Active:           344492 kB
Mem:          3.8G       3.7G       116M       5.7M        21M       3.2G

MemTotal:        4016004 kB
MemFree:          119068 kB
Active:           344460 kB
Mem:          3.8G       3.7G       116M       5.7M        21M       3.2G

MemTotal:        4016004 kB
MemFree:          119068 kB
Active:           344460 kB
Mem:          3.8G       3.7G       116M       5.7M        21M       3.2G

MemTotal:        4016004 kB
MemFree:          119068 kB
Active:           344480 kB
Mem:          3.8G       3.7G       116M       5.7M        21M       3.2G

MemTotal:        4016004 kB
MemFree:          119068 kB
Active:           344500 kB
Mem:          3.8G       3.7G       116M       5.7M        21M       3.2G

MemTotal:        4016004 kB
MemFree:          119068 kB
Active:           344500 kB
Mem:          3.8G       3.7G       116M       5.7M        21M       3.2G

MemTotal:        4016004 kB
MemFree:          119068 kB
Active:           344488 kB
Mem:          3.8G       3.7G       116M       5.7M        21M       3.2G

MemTotal:        4016004 kB
MemFree:          118696 kB
Active:           344508 kB
Mem:          3.8G       3.7G       115M       5.7M        21M       3.2G

MemTotal:        4016004 kB
MemFree:          118944 kB
Active:           344504 kB
Mem:          3.8G       3.7G       116M       5.7M        21M       3.2G

MemTotal:        4016004 kB
MemFree:          118944 kB
Active:           344512 kB
Mem:          3.8G       3.7G       116M       5.7M        21M       3.2G

MemTotal:        4016004 kB
MemFree:          119068 kB
Active:           344512 kB
Mem:          3.8G       3.7G       116M       5.7M        21M       3.2G

MemTotal:        4016004 kB
MemFree:          119068 kB
Active:           344464 kB
Mem:          3.8G       3.7G       116M       5.7M        21M       3.2G

MemTotal:        4016004 kB
MemFree:          118944 kB
Active:           344492 kB
Mem:          3.8G       3.7G       116M       5.7M        21M       3.2G

MemTotal:        4016004 kB
MemFree:          118572 kB
Active:           344528 kB
Mem:          3.8G       3.7G       116M       5.7M        21M       3.2G

MemTotal:        4016004 kB
MemFree:          118944 kB
Active:           344524 kB
Mem:          3.8G       3.7G       116M       5.7M        21M       3.2G

MemTotal:        4016004 kB
MemFree:          118944 kB
Active:           344524 kB
Mem:          3.8G       3.7G       116M       5.7M        21M       3.2G

MemTotal:        4016004 kB
MemFree:          118944 kB
Active:           344516 kB
Mem:          3.8G       3.7G       116M       5.7M        21M       3.2G

MemTotal:        4016004 kB
MemFree:          118944 kB
Active:           344500 kB
Mem:          3.8G       3.7G       116M       5.7M        21M       3.2G

MemTotal:        4016004 kB
MemFree:          119068 kB
Active:           344492 kB
Mem:          3.8G       3.7G       115M       5.7M        21M       3.2G

MemTotal:        4016004 kB
MemFree:          119068 kB
Active:           344500 kB
Mem:          3.8G       3.7G       115M       5.7M        21M       3.2G

MemTotal:        4016004 kB
MemFree:          118944 kB
Active:           346568 kB
Mem:          3.8G       3.7G       116M       5.7M        21M       3.2G

MemTotal:        4016004 kB
MemFree:          118944 kB
Active:           346588 kB
Mem:          3.8G       3.7G       116M       5.7M        21M       3.2G

MemTotal:        4016004 kB
MemFree:          118944 kB
Active:           346564 kB
Mem:          3.8G       3.7G       116M       5.7M        21M       3.2G

MemTotal:        4016004 kB
MemFree:          118820 kB
Active:           346536 kB
Mem:          3.8G       3.7G       116M       5.7M        21M       3.2G

MemTotal:        4016004 kB
MemFree:          118820 kB
Active:           346556 kB
Mem:          3.8G       3.7G       116M       5.7M        21M       3.2G

MemTotal:        4016004 kB
MemFree:          118944 kB
Active:           346600 kB
Mem:          3.8G       3.7G       116M       5.7M        21M       3.2G

MemTotal:        4016004 kB
MemFree:          118944 kB
Active:           346572 kB
Mem:          3.8G       3.7G       116M       5.7M        21M       3.2G

MemTotal:        4016004 kB
MemFree:          118820 kB
Active:           346584 kB
Mem:          3.8G       3.7G       116M       5.7M        21M       3.2G

MemTotal:        4016004 kB
MemFree:          118944 kB
Active:           346576 kB
Mem:          3.8G       3.7G       116M       5.7M        21M       3.2G

MemTotal:        4016004 kB
MemFree:          118448 kB
Active:           346604 kB
Mem:          3.8G       3.7G       115M       5.7M        21M       3.2G

MemTotal:        4016004 kB
MemFree:          118944 kB
Active:           346604 kB
Mem:          3.8G       3.7G       116M       5.7M        21M       3.2G

MemTotal:        4016004 kB
MemFree:          118944 kB
Active:           346560 kB
Mem:          3.8G       3.7G       116M       5.7M        21M       3.2G

MemTotal:        4016004 kB
MemFree:          118820 kB
Active:           346564 kB
Mem:          3.8G       3.7G       116M       5.7M        21M       3.2G

MemTotal:        4016004 kB
MemFree:          118944 kB
Active:           346580 kB
Mem:          3.8G       3.7G       116M       5.7M        21M       3.2G

MemTotal:        4016004 kB
MemFree:          119068 kB
Active:           346572 kB
Mem:          3.8G       3.7G       116M       5.7M        21M       3.2G

MemTotal:        4016004 kB
MemFree:          118944 kB
Active:           346612 kB
Mem:          3.8G       3.7G       116M       5.7M        21M       3.2G

MemTotal:        4016004 kB
MemFree:          119068 kB
Active:           346612 kB
Mem:          3.8G       3.7G       116M       5.7M        21M       3.2G

MemTotal:        4016004 kB
MemFree:          118572 kB
Active:           346612 kB
Mem:          3.8G       3.7G       116M       5.7M        21M       3.2G

MemTotal:        4016004 kB
MemFree:          119068 kB
Active:           346596 kB
Mem:          3.8G       3.7G       116M       5.7M        21M       3.2G

MemTotal:        4016004 kB
MemFree:          118944 kB
Active:           346616 kB
Mem:          3.8G       3.7G       116M       5.7M        21M       3.2G

MemTotal:        4016004 kB
MemFree:          119068 kB
Active:           346616 kB
Mem:          3.8G       3.7G       115M       5.7M        21M       3.2G

MemTotal:        4016004 kB
MemFree:          119068 kB
Active:           346592 kB
Mem:          3.8G       3.7G       116M       5.7M        21M       3.2G

MemTotal:        4016004 kB
MemFree:          118944 kB
Active:           346568 kB
Mem:          3.8G       3.7G       116M       5.7M        21M       3.2G

MemTotal:        4016004 kB
MemFree:          118944 kB
Active:           346584 kB
Mem:          3.8G       3.7G       116M       5.7M        21M       3.2G

MemTotal:        4016004 kB
MemFree:          118944 kB
Active:           346612 kB
Mem:          3.8G       3.7G       116M       5.7M        21M       3.2G

MemTotal:        4016004 kB
MemFree:          118944 kB
Active:           346624 kB
Mem:          3.8G       3.7G       116M       5.7M        21M       3.2G

MemTotal:        4016004 kB
MemFree:          118944 kB
Active:           346604 kB
Mem:          3.8G       3.7G       116M       5.7M        21M       3.2G

MemTotal:        4016004 kB
MemFree:          118944 kB
Active:           346600 kB
Mem:          3.8G       3.7G       116M       5.7M        21M       3.2G

MemTotal:        4016004 kB
MemFree:          118696 kB
Active:           346640 kB
Mem:          3.8G       3.7G       116M       5.7M        21M       3.2G

MemTotal:        4016004 kB
MemFree:          118944 kB
Active:           346628 kB
Mem:          3.8G       3.7G       116M       5.7M        21M       3.2G

MemTotal:        4016004 kB
MemFree:          118820 kB
Active:           346640 kB
Mem:          3.8G       3.7G       116M       5.7M        21M       3.2G

MemTotal:        4016004 kB
MemFree:          118572 kB
Active:           346640 kB
Mem:          3.8G       3.7G       116M       5.7M        21M       3.2G

MemTotal:        4016004 kB
MemFree:          118944 kB
Active:           346612 kB
Mem:          3.8G       3.7G       116M       5.7M        21M       3.2G

MemTotal:        4016004 kB
MemFree:          118944 kB
Active:           346636 kB
Mem:          3.8G       3.7G       116M       5.7M        21M       3.2G

MemTotal:        4016004 kB
MemFree:          118820 kB
Active:           346652 kB
Mem:          3.8G       3.7G       116M       5.7M        21M       3.2G

MemTotal:        4016004 kB
MemFree:          118448 kB
Active:           346656 kB
Mem:          3.8G       3.7G       115M       5.7M        21M       3.2G

MemTotal:        4016004 kB
MemFree:          118944 kB
Active:           346624 kB
Mem:          3.8G       3.7G       116M       5.7M        21M       3.2G

MemTotal:        4016004 kB
MemFree:          118944 kB
Active:           346656 kB
Mem:          3.8G       3.7G       116M       5.7M        21M       3.2G

MemTotal:        4016004 kB
MemFree:          118820 kB
Active:           346620 kB
Mem:          3.8G       3.7G       116M       5.7M        21M       3.2G

MemTotal:        4016004 kB
MemFree:          118820 kB
Active:           346636 kB
Mem:          3.8G       3.7G       116M       5.7M        21M       3.2G

MemTotal:        4016004 kB
MemFree:          118820 kB
Active:           346640 kB
Mem:          3.8G       3.7G       116M       5.7M        21M       3.2G

MemTotal:        4016004 kB
MemFree:          118820 kB
Active:           346656 kB
Mem:          3.8G       3.7G       116M       5.7M        21M       3.2G

MemTotal:        4016004 kB
MemFree:          118448 kB
Active:           346664 kB
Mem:          3.8G       3.7G       115M       5.7M        21M       3.2G

MemTotal:        4016004 kB
MemFree:          118820 kB
Active:           346632 kB
Mem:          3.8G       3.7G       116M       5.7M        21M       3.2G

MemTotal:        4016004 kB
MemFree:          118820 kB
Active:           346644 kB
Mem:          3.8G       3.7G       116M       5.7M        21M       3.2G

MemTotal:        4016004 kB
MemFree:          118820 kB
Active:           346664 kB
Mem:          3.8G       3.7G       116M       5.7M        21M       3.2G

MemTotal:        4016004 kB
MemFree:          118820 kB
Active:           346644 kB
Mem:          3.8G       3.7G       116M       5.7M        21M       3.2G

MemTotal:        4016004 kB
MemFree:          118820 kB
Active:           346644 kB
Mem:          3.8G       3.7G       116M       5.7M        21M       3.2G

MemTotal:        4016004 kB
MemFree:          118944 kB
Active:           346636 kB
Mem:          3.8G       3.7G       116M       5.7M        21M       3.2G

MemTotal:        4016004 kB
MemFree:          118820 kB
Active:           346652 kB
Mem:          3.8G       3.7G       115M       5.7M        21M       3.2G

MemTotal:        4016004 kB
MemFree:          118820 kB
Active:           346644 kB
Mem:          3.8G       3.7G       116M       5.7M        21M       3.2G

MemTotal:        4016004 kB
MemFree:          118820 kB
Active:           346660 kB
Mem:          3.8G       3.7G       116M       5.7M        21M       3.2G

MemTotal:        4016004 kB
MemFree:          118572 kB
Active:           346680 kB
Mem:          3.8G       3.7G       116M       5.7M        21M       3.2G

MemTotal:        4016004 kB
MemFree:          118820 kB
Active:           346680 kB
Mem:          3.8G       3.7G       116M       5.7M        21M       3.2G

MemTotal:        4016004 kB
MemFree:          118820 kB
Active:           346680 kB
Mem:          3.8G       3.7G       116M       5.7M        21M       3.2G

MemTotal:        4016004 kB
MemFree:          118820 kB
Active:           346652 kB
Mem:          3.8G       3.7G       116M       5.7M        21M       3.2G

MemTotal:        4016004 kB
MemFree:          118820 kB
Active:           346688 kB
Mem:          3.8G       3.7G       116M       5.7M        21M       3.2G

MemTotal:        4016004 kB
MemFree:          118820 kB
Active:           346668 kB
Mem:          3.8G       3.7G       116M       5.7M        21M       3.2G

MemTotal:        4016004 kB
MemFree:          118820 kB
Active:           346668 kB
Mem:          3.8G       3.7G       116M       5.7M        21M       3.2G

MemTotal:        4016004 kB
MemFree:          118820 kB
Active:           346688 kB
Mem:          3.8G       3.7G       116M       5.7M        21M       3.2G

MemTotal:        4016004 kB
MemFree:          118820 kB
Active:           346692 kB
Mem:          3.8G       3.7G       115M       5.7M        21M       3.2G

MemTotal:        4016004 kB
MemFree:          118572 kB
Active:           346688 kB
Mem:          3.8G       3.7G       115M       5.7M        21M       3.2G

MemTotal:        4016004 kB
MemFree:          118808 kB
Active:           346676 kB
Mem:          3.8G       3.7G       116M       5.7M        21M       3.2G

MemTotal:        4016004 kB
MemFree:          118684 kB
Active:           346672 kB
Mem:          3.8G       3.7G       115M       5.7M        21M       3.2G

MemTotal:        4016004 kB
MemFree:          118684 kB
Active:           346684 kB
Mem:          3.8G       3.7G       115M       5.7M        21M       3.2G

MemTotal:        4016004 kB
MemFree:          118684 kB
Active:           346700 kB
Mem:          3.8G       3.7G       115M       5.7M        21M       3.2G

MemTotal:        4016004 kB
MemFree:          118808 kB
Active:           346676 kB
Mem:          3.8G       3.7G       115M       5.7M        21M       3.2G

MemTotal:        4016004 kB
MemFree:          118808 kB
Active:           346700 kB
Mem:          3.8G       3.7G       116M       5.7M        21M       3.2G

MemTotal:        4016004 kB
MemFree:          118808 kB
Active:           346692 kB
Mem:          3.8G       3.7G       115M       5.7M        21M       3.2G

MemTotal:        4016004 kB
MemFree:          118808 kB
Active:           346660 kB
Mem:          3.8G       3.7G       115M       5.7M        21M       3.2G

MemTotal:        4016004 kB
MemFree:          118808 kB
Active:           346704 kB
Mem:          3.8G       3.7G       115M       5.7M        21M       3.2G

MemTotal:        4016004 kB
MemFree:          118684 kB
Active:           346696 kB
Mem:          3.8G       3.7G       115M       5.7M        21M       3.2G

MemTotal:        4016004 kB
MemFree:          118808 kB
Active:           346684 kB
Mem:          3.8G       3.7G       116M       5.7M        21M       3.2G

MemTotal:        4016004 kB
MemFree:          118808 kB
Active:           346676 kB
Mem:          3.8G       3.7G       116M       5.7M        21M       3.2G

MemTotal:        4016004 kB
MemFree:          118808 kB
Active:           346692 kB
Mem:          3.8G       3.7G       116M       5.7M        21M       3.2G

MemTotal:        4016004 kB
MemFree:          118684 kB
Active:           346696 kB
Mem:          3.8G       3.7G       115M       5.7M        21M       3.2G

MemTotal:        4016004 kB
MemFree:          119456 kB
Active:           346540 kB
Mem:          3.8G       3.7G       116M       5.7M        21M       3.2G

MemTotal:        4016004 kB
MemFree:          119836 kB
Active:           346276 kB
Mem:          3.8G       3.7G       117M       5.7M        21M       3.2G

MemTotal:        4016004 kB
MemFree:          119960 kB
Active:           346260 kB
Mem:          3.8G       3.7G       117M       5.7M        21M       3.2G

MemTotal:        4016004 kB
MemFree:          120084 kB
Active:           346268 kB
Mem:          3.8G       3.7G       117M       5.7M        21M       3.2G

MemTotal:        4016004 kB
MemFree:          120084 kB
Active:           346244 kB
Mem:          3.8G       3.7G       117M       5.7M        21M       3.2G

MemTotal:        4016004 kB
MemFree:          120208 kB
Active:           346288 kB
Mem:          3.8G       3.7G       117M       5.7M        21M       3.2G

MemTotal:        4016004 kB
MemFree:          120084 kB
Active:           346288 kB
Mem:          3.8G       3.7G       117M       5.7M        21M       3.2G

MemTotal:        4016004 kB
MemFree:          120084 kB
Active:           346264 kB
Mem:          3.8G       3.7G       117M       5.7M        21M       3.2G

MemTotal:        4016004 kB
MemFree:          119960 kB
Active:           346292 kB
Mem:          3.8G       3.7G       117M       5.7M        21M       3.2G

MemTotal:        4016004 kB
MemFree:          119960 kB
Active:           346288 kB
Mem:          3.8G       3.7G       117M       5.7M        21M       3.2G

MemTotal:        4016004 kB
MemFree:          120084 kB
Active:           346312 kB
Mem:          3.8G       3.7G       117M       5.7M        21M       3.2G

MemTotal:        4016004 kB
MemFree:          119712 kB
Active:           346316 kB
Mem:          3.8G       3.7G       116M       5.7M        21M       3.2G

MemTotal:        4016004 kB
MemFree:          120084 kB
Active:           346320 kB
Mem:          3.8G       3.7G       117M       5.7M        21M       3.2G

MemTotal:        4016004 kB
MemFree:          120084 kB
Active:           346292 kB
Mem:          3.8G       3.7G       117M       5.7M        21M       3.2G

MemTotal:        4016004 kB
MemFree:          119588 kB
Active:           346336 kB
Mem:          3.8G       3.7G       116M       5.7M        21M       3.2G

MemTotal:        4016004 kB
MemFree:          119588 kB
Active:           346336 kB
Mem:          3.8G       3.7G       117M       5.7M        21M       3.2G

MemTotal:        4016004 kB
MemFree:          120084 kB
Active:           346308 kB
Mem:          3.8G       3.7G       117M       5.7M        21M       3.2G

MemTotal:        4016004 kB
MemFree:          120084 kB
Active:           346288 kB
Mem:          3.8G       3.7G       117M       5.7M        21M       3.2G

MemTotal:        4016004 kB
MemFree:          120084 kB
Active:           346332 kB
Mem:          3.8G       3.7G       117M       5.7M        21M       3.2G

MemTotal:        4016004 kB
MemFree:          119712 kB
Active:           346336 kB
Mem:          3.8G       3.7G       116M       5.7M        21M       3.2G

MemTotal:        4016004 kB
MemFree:          120084 kB
Active:           346316 kB
Mem:          3.8G       3.7G       117M       5.7M        21M       3.2G

MemTotal:        4016004 kB
MemFree:          120084 kB
Active:           346304 kB
Mem:          3.8G       3.7G       117M       5.7M        21M       3.2G

MemTotal:        4016004 kB
MemFree:          119712 kB
Active:           346344 kB
Mem:          3.8G       3.7G       117M       5.7M        21M       3.2G

MemTotal:        4016004 kB
MemFree:          119960 kB
Active:           346304 kB
Mem:          3.8G       3.7G       116M       5.7M        21M       3.2G

MemTotal:        4016004 kB
MemFree:          119712 kB
Active:           346340 kB
Mem:          3.8G       3.7G       116M       5.7M        21M       3.2G

MemTotal:        4016004 kB
MemFree:          119960 kB
Active:           346300 kB
Mem:          3.8G       3.7G       116M       5.7M        21M       3.2G

MemTotal:        4016004 kB
MemFree:          119960 kB
Active:           346348 kB
Mem:          3.8G       3.7G       117M       5.7M        21M       3.2G

MemTotal:        4016004 kB
MemFree:          119960 kB
Active:           346348 kB
Mem:          3.8G       3.7G       117M       5.7M        21M       3.2G

MemTotal:        4016004 kB
MemFree:          119960 kB
Active:           346336 kB
Mem:          3.8G       3.7G       117M       5.7M        21M       3.2G

MemTotal:        4016004 kB
MemFree:          119960 kB
Active:           346308 kB
Mem:          3.8G       3.7G       116M       5.7M        21M       3.2G

MemTotal:        4016004 kB
MemFree:          119836 kB
Active:           346308 kB
Mem:          3.8G       3.7G       117M       5.7M        21M       3.2G

MemTotal:        4016004 kB
MemFree:          119588 kB
Active:           346368 kB
Mem:          3.8G       3.7G       116M       5.7M        21M       3.2G

MemTotal:        4016004 kB
MemFree:          119712 kB
Active:           346312 kB
Mem:          3.8G       3.7G       116M       5.7M        21M       3.2G

MemTotal:        4016004 kB
MemFree:          119588 kB
Active:           346368 kB
