MemTotal:        4016004 kB
MemFree:         3249328 kB
Active:           412852 kB
Mem:          3.8G       748M       3.1G       5.7M        50M       318M

MemTotal:        4016004 kB
MemFree:         3249940 kB
Active:           412988 kB
Mem:          3.8G       748M       3.1G       5.7M        50M       318M

MemTotal:        4016004 kB
MemFree:         3249552 kB
Active:           413124 kB
Mem:          3.8G       748M       3.1G       5.7M        50M       318M

MemTotal:        4016004 kB
MemFree:         3249536 kB
Active:           413128 kB
Mem:          3.8G       748M       3.1G       5.7M        50M       318M

MemTotal:        4016004 kB
MemFree:         3250016 kB
Active:           413112 kB
Mem:          3.8G       748M       3.1G       5.7M        50M       318M

MemTotal:        4016004 kB
MemFree:         3250060 kB
Active:           413088 kB
Mem:          3.8G       747M       3.1G       5.7M        50M       318M

MemTotal:        4016004 kB
MemFree:         3250044 kB
Active:           413136 kB
Mem:          3.8G       748M       3.1G       5.7M        50M       318M

MemTotal:        4016004 kB
MemFree:         3250300 kB
Active:           413080 kB
Mem:          3.8G       747M       3.1G       5.7M        50M       318M

MemTotal:        4016004 kB
MemFree:         3249432 kB
Active:           413136 kB
Mem:          3.8G       748M       3.1G       5.7M        50M       318M

MemTotal:        4016004 kB
MemFree:         3249556 kB
Active:           413136 kB
Mem:          3.8G       748M       3.1G       5.7M        50M       318M

MemTotal:        4016004 kB
MemFree:         3249804 kB
Active:           413108 kB
Mem:          3.8G       748M       3.1G       5.7M        50M       318M

MemTotal:        4016004 kB
MemFree:         3249928 kB
Active:           413128 kB
Mem:          3.8G       748M       3.1G       5.7M        50M       318M

MemTotal:        4016004 kB
MemFree:         3250024 kB
Active:           413112 kB
Mem:          3.8G       747M       3.1G       5.7M        50M       318M

MemTotal:        4016004 kB
MemFree:         3250024 kB
Active:           413132 kB
Mem:          3.8G       748M       3.1G       5.7M        50M       318M

MemTotal:        4016004 kB
MemFree:         3249792 kB
Active:           413144 kB
Mem:          3.8G       748M       3.1G       5.7M        50M       318M

MemTotal:        4016004 kB
MemFree:         3250148 kB
Active:           413092 kB
Mem:          3.8G       747M       3.1G       5.7M        50M       318M

MemTotal:        4016004 kB
MemFree:         3250132 kB
Active:           413116 kB
Mem:          3.8G       747M       3.1G       5.7M        50M       318M

MemTotal:        4016004 kB
MemFree:         3250256 kB
Active:           413116 kB
Mem:          3.8G       747M       3.1G       5.7M        50M       318M

MemTotal:        4016004 kB
MemFree:         3250380 kB
Active:           413136 kB
Mem:          3.8G       747M       3.1G       5.7M        50M       318M

MemTotal:        4016004 kB
MemFree:         3250380 kB
Active:           413116 kB
Mem:          3.8G       747M       3.1G       5.7M        50M       318M

MemTotal:        4016004 kB
MemFree:         3250412 kB
Active:           413140 kB
Mem:          3.8G       747M       3.1G       5.7M        50M       318M

MemTotal:        4016004 kB
MemFree:         3250412 kB
Active:           413120 kB
Mem:          3.8G       747M       3.1G       5.7M        50M       318M

MemTotal:        4016004 kB
MemFree:         3250288 kB
Active:           413096 kB
Mem:          3.8G       747M       3.1G       5.7M        50M       318M

MemTotal:        4016004 kB
MemFree:         3250148 kB
Active:           413128 kB
Mem:          3.8G       747M       3.1G       5.7M        50M       318M

MemTotal:        4016004 kB
MemFree:         3248100 kB
Active:           413116 kB
Mem:          3.8G       749M       3.1G       5.7M        50M       318M

MemTotal:        4016004 kB
MemFree:         3248224 kB
Active:           415120 kB
Mem:          3.8G       749M       3.1G       5.7M        50M       318M

MemTotal:        4016004 kB
MemFree:         3248100 kB
Active:           415136 kB
Mem:          3.8G       749M       3.1G       5.7M        50M       318M

MemTotal:        4016004 kB
MemFree:         3248240 kB
Active:           415124 kB
Mem:          3.8G       749M       3.1G       5.7M        50M       318M

MemTotal:        4016004 kB
MemFree:         3248240 kB
Active:           415148 kB
Mem:          3.8G       749M       3.1G       5.7M        50M       318M

MemTotal:        4016004 kB
MemFree:         3248240 kB
Active:           415132 kB
Mem:          3.8G       749M       3.1G       5.7M        50M       318M

MemTotal:        4016004 kB
MemFree:         3247852 kB
Active:           415184 kB
Mem:          3.8G       750M       3.1G       5.7M        50M       318M

MemTotal:        4016004 kB
MemFree:         3247976 kB
Active:           415132 kB
Mem:          3.8G       750M       3.1G       5.7M        50M       318M

MemTotal:        4016004 kB
MemFree:         3247960 kB
Active:           415136 kB
Mem:          3.8G       750M       3.1G       5.7M        50M       318M

MemTotal:        4016004 kB
MemFree:         3247976 kB
Active:           415196 kB
Mem:          3.8G       749M       3.1G       5.7M        50M       318M

MemTotal:        4016004 kB
MemFree:         3247992 kB
Active:           415188 kB
Mem:          3.8G       749M       3.1G       5.7M        50M       318M

MemTotal:        4016004 kB
MemFree:         3248116 kB
Active:           415184 kB
Mem:          3.8G       750M       3.1G       5.7M        50M       318M

MemTotal:        4016004 kB
MemFree:         3247744 kB
Active:           415208 kB
Mem:          3.8G       749M       3.1G       5.7M        50M       318M

MemTotal:        4016004 kB
MemFree:         3247976 kB
Active:           415152 kB
Mem:          3.8G       749M       3.1G       5.7M        50M       318M

MemTotal:        4016004 kB
MemFree:         3248100 kB
Active:           415196 kB
Mem:          3.8G       750M       3.1G       5.7M        50M       318M

MemTotal:        4016004 kB
MemFree:         3247480 kB
Active:           415216 kB
Mem:          3.8G       750M       3.1G       5.7M        50M       318M

MemTotal:        4016004 kB
MemFree:         3247852 kB
Active:           415180 kB
Mem:          3.8G       750M       3.1G       5.7M        50M       318M

MemTotal:        4016004 kB
MemFree:         3247744 kB
Active:           415172 kB
Mem:          3.8G       750M       3.1G       5.7M        50M       318M

MemTotal:        4016004 kB
MemFree:         3247496 kB
Active:           415224 kB
Mem:          3.8G       750M       3.1G       5.7M        50M       318M

MemTotal:        4016004 kB
MemFree:         3247824 kB
Active:           413296 kB
Mem:          3.8G       750M       3.1G       5.7M        50M       318M

MemTotal:        4016004 kB
MemFree:         3247664 kB
Active:           415180 kB
Mem:          3.8G       750M       3.1G       5.7M        50M       318M

MemTotal:        4016004 kB
MemFree:         3247416 kB
Active:           415224 kB
Mem:          3.8G       750M       3.1G       5.7M        50M       318M

MemTotal:        4016004 kB
MemFree:         3247664 kB
Active:           415168 kB
Mem:          3.8G       750M       3.1G       5.7M        50M       318M

MemTotal:        4016004 kB
MemFree:         3247788 kB
Active:           415204 kB
Mem:          3.8G       750M       3.1G       5.7M        50M       318M

MemTotal:        4016004 kB
MemFree:         3247928 kB
Active:           415204 kB
Mem:          3.8G       750M       3.1G       5.7M        50M       318M

MemTotal:        4016004 kB
MemFree:         3247432 kB
Active:           415232 kB
Mem:          3.8G       750M       3.1G       5.7M        50M       318M

MemTotal:        4016004 kB
MemFree:         3247804 kB
Active:           415212 kB
Mem:          3.8G       750M       3.1G       5.7M        50M       318M

MemTotal:        4016004 kB
MemFree:         3247804 kB
Active:           415220 kB
Mem:          3.8G       750M       3.1G       5.7M        50M       318M

MemTotal:        4016004 kB
MemFree:         3247680 kB
Active:           415248 kB
Mem:          3.8G       750M       3.1G       5.7M        50M       318M

MemTotal:        4016004 kB
MemFree:         3247184 kB
Active:           415256 kB
Mem:          3.8G       750M       3.1G       5.7M        50M       318M

MemTotal:        4016004 kB
MemFree:         3247680 kB
Active:           415216 kB
Mem:          3.8G       750M       3.1G       5.7M        50M       318M

MemTotal:        4016004 kB
MemFree:         3248036 kB
Active:           415224 kB
Mem:          3.8G       750M       3.1G       5.7M        50M       318M

MemTotal:        4016004 kB
MemFree:         3247540 kB
Active:           415268 kB
Mem:          3.8G       750M       3.1G       5.7M        50M       318M

MemTotal:        4016004 kB
MemFree:         3247540 kB
Active:           415268 kB
Mem:          3.8G       750M       3.1G       5.7M        50M       318M

MemTotal:        4016004 kB
MemFree:         3247912 kB
Active:           415268 kB
Mem:          3.8G       750M       3.1G       5.7M        50M       318M

MemTotal:        4016004 kB
MemFree:         3247292 kB
Active:           415268 kB
Mem:          3.8G       750M       3.1G       5.7M        50M       318M

MemTotal:        4016004 kB
MemFree:         3247772 kB
Active:           415236 kB
Mem:          3.8G       750M       3.1G       5.7M        50M       318M

MemTotal:        4016004 kB
MemFree:         3247788 kB
Active:           415252 kB
Mem:          3.8G       750M       3.1G       5.7M        50M       318M

MemTotal:        4016004 kB
MemFree:         3247912 kB
Active:           415256 kB
Mem:          3.8G       750M       3.1G       5.7M        50M       318M

MemTotal:        4016004 kB
MemFree:         3247420 kB
Active:           413352 kB
Mem:          3.8G       750M       3.1G       5.7M        50M       318M

MemTotal:        4016004 kB
MemFree:         3247724 kB
Active:           415272 kB
Mem:          3.8G       750M       3.1G       5.7M        50M       318M

MemTotal:        4016004 kB
MemFree:         3247724 kB
Active:           415272 kB
Mem:          3.8G       750M       3.1G       5.7M        50M       318M

MemTotal:        4016004 kB
MemFree:         3247972 kB
Active:           415232 kB
Mem:          3.8G       750M       3.1G       5.7M        50M       318M

MemTotal:        4016004 kB
MemFree:         3248220 kB
Active:           415280 kB
Mem:          3.8G       749M       3.1G       5.7M        50M       318M

MemTotal:        4016004 kB
MemFree:         3248096 kB
Active:           415232 kB
Mem:          3.8G       749M       3.1G       5.7M        50M       318M

MemTotal:        4016004 kB
MemFree:         3248096 kB
Active:           415256 kB
Mem:          3.8G       749M       3.1G       5.7M        50M       318M

MemTotal:        4016004 kB
MemFree:         3247724 kB
Active:           415288 kB
Mem:          3.8G       750M       3.1G       5.7M        50M       318M

MemTotal:        4016004 kB
MemFree:         3247724 kB
Active:           415288 kB
Mem:          3.8G       749M       3.1G       5.7M        50M       318M

MemTotal:        4016004 kB
MemFree:         3247832 kB
Active:           415240 kB
Mem:          3.8G       750M       3.1G       5.7M        50M       318M

MemTotal:        4016004 kB
MemFree:         3247212 kB
Active:           415288 kB
Mem:          3.8G       750M       3.1G       5.7M        50M       318M

MemTotal:        4016004 kB
MemFree:         3247460 kB
Active:           415288 kB
Mem:          3.8G       750M       3.1G       5.7M        50M       318M

MemTotal:        4016004 kB
MemFree:         3247460 kB
Active:           415268 kB
Mem:          3.8G       750M       3.1G       5.7M        50M       318M

MemTotal:        4016004 kB
MemFree:         3247708 kB
Active:           415288 kB
Mem:          3.8G       750M       3.1G       5.7M        50M       318M

MemTotal:        4016004 kB
MemFree:         3247600 kB
Active:           415284 kB
Mem:          3.8G       750M       3.1G       5.7M        50M       318M

MemTotal:        4016004 kB
MemFree:         3247228 kB
Active:           415296 kB
Mem:          3.8G       750M       3.1G       5.7M        50M       318M

MemTotal:        4016004 kB
MemFree:         3247600 kB
Active:           415240 kB
Mem:          3.8G       750M       3.1G       5.7M        50M       318M

MemTotal:        4016004 kB
MemFree:         3247228 kB
Active:           415296 kB
Mem:          3.8G       750M       3.1G       5.7M        50M       318M

MemTotal:        4016004 kB
MemFree:         3247848 kB
Active:           415292 kB
Mem:          3.8G       750M       3.1G       5.7M        50M       318M

MemTotal:        4016004 kB
MemFree:         3247848 kB
Active:           415288 kB
Mem:          3.8G       750M       3.1G       5.7M        50M       318M

MemTotal:        4016004 kB
MemFree:         3247752 kB
Active:           413324 kB
Mem:          3.8G       750M       3.1G       5.7M        50M       319M

MemTotal:        4016004 kB
MemFree:         3247428 kB
Active:           415320 kB
Mem:          3.8G       750M       3.1G       5.7M        50M       319M

MemTotal:        4016004 kB
MemFree:         3247428 kB
Active:           415320 kB
Mem:          3.8G       750M       3.1G       5.7M        50M       319M

MemTotal:        4016004 kB
MemFree:         3247800 kB
Active:           415312 kB
Mem:          3.8G       750M       3.1G       5.7M        50M       319M

MemTotal:        4016004 kB
MemFree:         3247784 kB
Active:           415316 kB
Mem:          3.8G       750M       3.1G       5.7M        50M       318M

MemTotal:        4016004 kB
MemFree:         3247288 kB
Active:           415328 kB
Mem:          3.8G       750M       3.1G       5.7M        50M       319M

MemTotal:        4016004 kB
MemFree:         3247536 kB
Active:           415296 kB
Mem:          3.8G       750M       3.1G       5.7M        50M       319M

MemTotal:        4016004 kB
MemFree:         3247676 kB
Active:           415284 kB
Mem:          3.8G       750M       3.1G       5.7M        50M       319M

MemTotal:        4016004 kB
MemFree:         3247304 kB
Active:           415332 kB
Mem:          3.8G       750M       3.1G       5.7M        50M       319M

MemTotal:        4016004 kB
MemFree:         3247304 kB
Active:           415296 kB
Mem:          3.8G       750M       3.1G       5.7M        50M       319M

MemTotal:        4016004 kB
MemFree:         3244884 kB
Active:           415336 kB
Mem:          3.8G       753M       3.1G       5.7M        50M       319M

MemTotal:        4016004 kB
MemFree:         3245132 kB
Active:           417360 kB
Mem:          3.8G       753M       3.1G       5.7M        50M       319M

MemTotal:        4016004 kB
MemFree:         3245224 kB
Active:           417324 kB
Mem:          3.8G       752M       3.1G       5.7M        50M       319M

MemTotal:        4016004 kB
MemFree:         3245720 kB
Active:           417332 kB
Mem:          3.8G       752M       3.1G       5.7M        50M       319M

MemTotal:        4016004 kB
MemFree:         3245348 kB
Active:           417372 kB
Mem:          3.8G       752M       3.1G       5.7M        50M       319M

MemTotal:        4016004 kB
MemFree:         3245720 kB
Active:           417360 kB
Mem:          3.8G       752M       3.1G       5.7M        50M       319M

MemTotal:        4016004 kB
MemFree:         3245844 kB
Active:           417316 kB
Mem:          3.8G       752M       3.1G       5.7M        50M       319M

MemTotal:        4016004 kB
MemFree:         3245688 kB
Active:           417320 kB
Mem:          3.8G       752M       3.1G       5.7M        50M       319M

MemTotal:        4016004 kB
MemFree:         3245752 kB
Active:           417364 kB
Mem:          3.8G       752M       3.1G       5.7M        50M       319M

MemTotal:        4016004 kB
MemFree:         3245540 kB
Active:           415348 kB
Mem:          3.8G       752M       3.1G       5.7M        50M       319M

MemTotal:        4016004 kB
MemFree:         3245624 kB
Active:           417364 kB
Mem:          3.8G       752M       3.1G       5.7M        50M       319M

MemTotal:        4016004 kB
MemFree:         3245624 kB
Active:           417352 kB
Mem:          3.8G       752M       3.1G       5.7M        50M       319M

MemTotal:        4016004 kB
MemFree:         3245376 kB
Active:           417384 kB
Mem:          3.8G       752M       3.1G       5.7M        50M       319M

MemTotal:        4016004 kB
MemFree:         3245376 kB
Active:           417336 kB
Mem:          3.8G       752M       3.1G       5.7M        50M       319M

MemTotal:        4016004 kB
MemFree:         3245252 kB
Active:           417344 kB
Mem:          3.8G       752M       3.1G       5.7M        50M       319M

MemTotal:        4016004 kB
MemFree:         3245500 kB
Active:           417360 kB
Mem:          3.8G       752M       3.1G       5.7M        50M       319M

MemTotal:        4016004 kB
MemFree:         3245376 kB
Active:           417380 kB
Mem:          3.8G       752M       3.1G       5.7M        50M       319M

MemTotal:        4016004 kB
MemFree:         3245376 kB
Active:           417388 kB
Mem:          3.8G       752M       3.1G       5.7M        50M       319M

MemTotal:        4016004 kB
MemFree:         3245376 kB
Active:           417388 kB
Mem:          3.8G       752M       3.1G       5.7M        50M       319M

MemTotal:        4016004 kB
MemFree:         3244744 kB
Active:           415488 kB
Mem:          3.8G       752M       3.1G       5.7M        50M       319M

MemTotal:        4016004 kB
MemFree:         3245052 kB
Active:           417460 kB
Mem:          3.8G       752M       3.1G       5.7M        50M       319M

MemTotal:        4016004 kB
MemFree:         3245424 kB
Active:           417460 kB
Mem:          3.8G       752M       3.1G       5.7M        50M       319M

MemTotal:        4016004 kB
MemFree:         3245284 kB
Active:           417456 kB
Mem:          3.8G       752M       3.1G       5.7M        50M       319M

MemTotal:        4016004 kB
MemFree:         3244664 kB
Active:           417508 kB
Mem:          3.8G       752M       3.1G       5.7M        50M       319M

MemTotal:        4016004 kB
MemFree:         3245036 kB
Active:           417472 kB
Mem:          3.8G       753M       3.1G       5.7M        50M       319M

MemTotal:        4016004 kB
MemFree:         3244540 kB
Active:           417520 kB
Mem:          3.8G       753M       3.1G       5.7M        50M       319M

MemTotal:        4016004 kB
MemFree:         3244648 kB
Active:           417520 kB
Mem:          3.8G       752M       3.1G       5.7M        50M       319M

MemTotal:        4016004 kB
MemFree:         3244664 kB
Active:           417520 kB
Mem:          3.8G       753M       3.1G       5.7M        50M       319M

MemTotal:        4016004 kB
MemFree:         3245036 kB
Active:           417464 kB
Mem:          3.8G       752M       3.1G       5.7M        50M       319M

MemTotal:        4016004 kB
MemFree:         3245420 kB
Active:           415596 kB
Mem:          3.8G       752M       3.1G       5.7M        50M       319M

MemTotal:        4016004 kB
MemFree:         3245280 kB
Active:           417536 kB
Mem:          3.8G       752M       3.1G       5.7M        50M       319M

MemTotal:        4016004 kB
MemFree:         3245280 kB
Active:           417488 kB
Mem:          3.8G       752M       3.1G       5.7M        50M       319M

MemTotal:        4016004 kB
MemFree:         3245280 kB
Active:           417504 kB
Mem:          3.8G       752M       3.1G       5.7M        50M       319M

MemTotal:        4016004 kB
MemFree:         3244908 kB
Active:           417548 kB
Mem:          3.8G       752M       3.1G       5.7M        50M       319M

MemTotal:        4016004 kB
MemFree:         3244908 kB
Active:           417548 kB
Mem:          3.8G       753M       3.1G       5.7M        50M       319M

MemTotal:        4016004 kB
MemFree:         3245296 kB
Active:           417516 kB
Mem:          3.8G       752M       3.1G       5.7M        50M       319M

MemTotal:        4016004 kB
MemFree:         3245420 kB
Active:           417508 kB
Mem:          3.8G       752M       3.1G       5.7M        50M       319M

MemTotal:        4016004 kB
MemFree:         3245048 kB
Active:           417556 kB
Mem:          3.8G       753M       3.1G       5.7M        50M       319M

MemTotal:        4016004 kB
MemFree:         3245420 kB
Active:           417524 kB
Mem:          3.8G       752M       3.1G       5.7M        50M       319M

MemTotal:        4016004 kB
MemFree:         3245404 kB
Active:           417536 kB
Mem:          3.8G       752M       3.1G       5.7M        50M       319M

MemTotal:        4016004 kB
MemFree:         3244784 kB
Active:           417556 kB
Mem:          3.8G       753M       3.1G       5.7M        50M       319M

MemTotal:        4016004 kB
MemFree:         3245280 kB
Active:           417516 kB
Mem:          3.8G       752M       3.1G       5.7M        50M       319M

MemTotal:        4016004 kB
MemFree:         3245156 kB
Active:           417516 kB
Mem:          3.8G       752M       3.1G       5.7M        50M       319M

MemTotal:        4016004 kB
MemFree:         3244784 kB
Active:           417556 kB
Mem:          3.8G       752M       3.1G       5.7M        50M       319M

MemTotal:        4016004 kB
MemFree:         3245156 kB
Active:           417552 kB
Mem:          3.8G       752M       3.1G       5.7M        50M       319M

MemTotal:        4016004 kB
MemFree:         3245404 kB
Active:           417564 kB
Mem:          3.8G       752M       3.1G       5.7M        50M       319M

MemTotal:        4016004 kB
MemFree:         3245280 kB
Active:           417540 kB
Mem:          3.8G       752M       3.1G       5.7M        50M       319M

MemTotal:        4016004 kB
MemFree:         3245280 kB
Active:           417536 kB
Mem:          3.8G       752M       3.1G       5.7M        50M       319M

MemTotal:        4016004 kB
MemFree:         3245156 kB
Active:           417532 kB
Mem:          3.8G       752M       3.1G       5.7M        50M       319M

MemTotal:        4016004 kB
MemFree:         3244892 kB
Active:           417580 kB
Mem:          3.8G       752M       3.1G       5.7M        50M       319M

MemTotal:        4016004 kB
MemFree:         3245032 kB
Active:           417580 kB
Mem:          3.8G       752M       3.1G       5.7M        50M       319M

MemTotal:        4016004 kB
MemFree:         3245404 kB
Active:           417572 kB
Mem:          3.8G       752M       3.1G       5.7M        50M       319M

MemTotal:        4016004 kB
MemFree:         3245404 kB
Active:           417532 kB
Mem:          3.8G       752M       3.1G       5.7M        50M       319M

MemTotal:        4016004 kB
MemFree:         3245020 kB
Active:           417588 kB
Mem:          3.8G       752M       3.1G       5.7M        50M       319M

MemTotal:        4016004 kB
MemFree:         3245392 kB
Active:           417552 kB
Mem:          3.8G       752M       3.1G       5.7M        50M       319M

MemTotal:        4016004 kB
MemFree:         3245144 kB
Active:           417592 kB
Mem:          3.8G       752M       3.1G       5.7M        50M       319M

MemTotal:        4016004 kB
MemFree:         3245268 kB
Active:           417572 kB
Mem:          3.8G       752M       3.1G       5.7M        50M       319M

MemTotal:        4016004 kB
MemFree:         3245020 kB
Active:           417592 kB
Mem:          3.8G       753M       3.1G       5.7M        50M       319M

MemTotal:        4016004 kB
MemFree:         3245268 kB
Active:           417572 kB
Mem:          3.8G       752M       3.1G       5.7M        50M       319M

MemTotal:        4016004 kB
MemFree:         3244912 kB
Active:           417576 kB
Mem:          3.8G       752M       3.1G       5.7M        50M       319M

MemTotal:        4016004 kB
MemFree:         3245036 kB
Active:           417556 kB
Mem:          3.8G       753M       3.1G       5.7M        50M       319M

MemTotal:        4016004 kB
MemFree:         3245408 kB
Active:           417556 kB
Mem:          3.8G       752M       3.1G       5.7M        50M       319M

MemTotal:        4016004 kB
MemFree:         3245408 kB
Active:           417560 kB
Mem:          3.8G       752M       3.1G       5.7M        50M       319M

MemTotal:        4016004 kB
MemFree:         3244788 kB
Active:           417608 kB
Mem:          3.8G       752M       3.1G       5.7M        50M       319M

MemTotal:        4016004 kB
MemFree:         3245408 kB
Active:           417584 kB
Mem:          3.8G       752M       3.1G       5.7M        50M       319M

MemTotal:        4016004 kB
MemFree:         3245284 kB
Active:           417596 kB
Mem:          3.8G       752M       3.1G       5.7M        50M       319M

MemTotal:        4016004 kB
MemFree:         3245116 kB
Active:           417576 kB
Mem:          3.8G       752M       3.1G       5.7M        50M       319M

MemTotal:        4016004 kB
MemFree:         3245116 kB
Active:           417584 kB
Mem:          3.8G       752M       3.1G       5.7M        50M       319M

MemTotal:        4016004 kB
MemFree:         3245240 kB
Active:           417596 kB
Mem:          3.8G       752M       3.1G       5.7M        50M       319M

MemTotal:        4016004 kB
MemFree:         3245240 kB
Active:           417580 kB
Mem:          3.8G       752M       3.1G       5.7M        50M       319M

MemTotal:        4016004 kB
MemFree:         3245380 kB
Active:           417612 kB
Mem:          3.8G       752M       3.1G       5.7M        50M       319M

MemTotal:        4016004 kB
MemFree:         3245132 kB
Active:           417616 kB
Mem:          3.8G       752M       3.1G       5.7M        50M       319M

MemTotal:        4016004 kB
MemFree:         3245380 kB
Active:           417564 kB
Mem:          3.8G       752M       3.1G       5.7M        50M       319M

MemTotal:        4016004 kB
MemFree:         3245504 kB
Active:           417576 kB
Mem:          3.8G       752M       3.1G       5.7M        50M       319M

MemTotal:        4016004 kB
MemFree:         3245488 kB
Active:           417584 kB
Mem:          3.8G       752M       3.1G       5.7M        50M       319M

MemTotal:        4016004 kB
MemFree:         3245132 kB
Active:           417624 kB
Mem:          3.8G       752M       3.1G       5.7M        50M       319M

MemTotal:        4016004 kB
MemFree:         3245132 kB
Active:           417624 kB
Mem:          3.8G       752M       3.1G       5.7M        50M       319M

MemTotal:        4016004 kB
MemFree:         3245504 kB
Active:           417616 kB
Mem:          3.8G       752M       3.1G       5.7M        50M       319M

MemTotal:        4016004 kB
MemFree:         3245236 kB
Active:           415600 kB
Mem:          3.8G       752M       3.1G       5.7M        50M       319M

MemTotal:        4016004 kB
MemFree:         3245488 kB
Active:           417620 kB
Mem:          3.8G       752M       3.1G       5.7M        50M       319M

MemTotal:        4016004 kB
MemFree:         3245116 kB
Active:           417668 kB
Mem:          3.8G       752M       3.1G       5.7M        50M       319M

MemTotal:        4016004 kB
MemFree:         3245628 kB
Active:           417496 kB
Mem:          3.8G       752M       3.1G       5.7M        50M       319M

MemTotal:        4016004 kB
MemFree:         3245628 kB
Active:           417452 kB
Mem:          3.8G       752M       3.1G       5.7M        50M       319M

MemTotal:        4016004 kB
MemFree:         3245752 kB
Active:           417452 kB
Mem:          3.8G       752M       3.1G       5.7M        50M       319M

MemTotal:        4016004 kB
MemFree:         3245256 kB
Active:           417504 kB
Mem:          3.8G       752M       3.1G       5.7M        50M       319M

MemTotal:        4016004 kB
MemFree:         3245256 kB
Active:           417512 kB
Mem:          3.8G       752M       3.1G       5.7M        50M       319M

MemTotal:        4016004 kB
MemFree:         3245752 kB
Active:           417512 kB
Mem:          3.8G       752M       3.1G       5.7M        50M       319M

MemTotal:        4016004 kB
MemFree:         3245256 kB
Active:           417516 kB
Mem:          3.8G       752M       3.1G       5.7M        50M       319M

MemTotal:        4016004 kB
MemFree:         3245544 kB
Active:           415444 kB
Mem:          3.8G       752M       3.1G       5.7M        50M       319M

MemTotal:        4016004 kB
MemFree:         3245752 kB
Active:           417468 kB
Mem:          3.8G       752M       3.1G       5.7M        50M       319M

MemTotal:        4016004 kB
MemFree:         3245628 kB
Active:           417472 kB
Mem:          3.8G       752M       3.1G       5.7M        50M       319M

MemTotal:        4016004 kB
MemFree:         3245504 kB
Active:           417480 kB
Mem:          3.8G       752M       3.1G       5.7M        50M       319M

MemTotal:        4016004 kB
MemFree:         3245628 kB
Active:           417484 kB
Mem:          3.8G       752M       3.1G       5.7M        50M       319M

MemTotal:        4016004 kB
MemFree:         3245504 kB
Active:           417520 kB
Mem:          3.8G       752M       3.1G       5.7M        50M       319M

MemTotal:        4016004 kB
MemFree:         3245380 kB
Active:           417500 kB
Mem:          3.8G       752M       3.1G       5.7M        50M       319M

MemTotal:        4016004 kB
MemFree:         3245256 kB
Active:           417528 kB
Mem:          3.8G       752M       3.1G       5.7M        50M       319M

MemTotal:        4016004 kB
MemFree:         3245752 kB
Active:           417472 kB
Mem:          3.8G       752M       3.1G       5.7M        50M       319M

MemTotal:        4016004 kB
MemFree:         3245504 kB
Active:           417484 kB
Mem:          3.8G       752M       3.1G       5.7M        50M       319M

MemTotal:        4016004 kB
MemFree:         3245504 kB
Active:           417480 kB
Mem:          3.8G       752M       3.1G       5.7M        50M       319M

MemTotal:        4016004 kB
MemFree:         3245496 kB
Active:           417492 kB
Mem:          3.8G       752M       3.1G       5.7M        50M       319M

MemTotal:        4016004 kB
MemFree:         3245496 kB
Active:           417508 kB
Mem:          3.8G       752M       3.1G       5.7M        50M       319M

MemTotal:        4016004 kB
MemFree:         3245372 kB
Active:           417484 kB
Mem:          3.8G       752M       3.1G       5.7M        50M       319M

MemTotal:        4016004 kB
MemFree:         3245000 kB
Active:           417544 kB
Mem:          3.8G       752M       3.1G       5.7M        50M       319M

MemTotal:        4016004 kB
MemFree:         3245372 kB
Active:           417544 kB
Mem:          3.8G       752M       3.1G       5.7M        50M       319M

MemTotal:        4016004 kB
MemFree:         3245000 kB
Active:           417552 kB
Mem:          3.8G       752M       3.1G       5.7M        50M       319M

MemTotal:        4016004 kB
MemFree:         3245372 kB
Active:           417540 kB
Mem:          3.8G       752M       3.1G       5.7M        50M       319M

MemTotal:        4016004 kB
MemFree:         3245232 kB
Active:           417552 kB
Mem:          3.8G       752M       3.1G       5.7M        50M       319M

MemTotal:        4016004 kB
MemFree:         3245480 kB
Active:           417532 kB
Mem:          3.8G       752M       3.1G       5.7M        50M       319M

MemTotal:        4016004 kB
MemFree:         3243184 kB
Active:           419556 kB
Mem:          3.8G       754M       3.1G       5.7M        50M       319M

MemTotal:        4016004 kB
MemFree:         3243308 kB
Active:           419564 kB
Mem:          3.8G       754M       3.1G       5.7M        50M       319M

MemTotal:        4016004 kB
MemFree:         3243184 kB
Active:           419544 kB
Mem:          3.8G       754M       3.1G       5.7M        50M       319M

MemTotal:        4016004 kB
MemFree:         3242936 kB
Active:           419584 kB
Mem:          3.8G       754M       3.1G       5.7M        50M       319M

MemTotal:        4016004 kB
MemFree:         3242812 kB
Active:           419584 kB
Mem:          3.8G       755M       3.1G       5.7M        50M       319M

MemTotal:        4016004 kB
MemFree:         3243184 kB
Active:           419580 kB
Mem:          3.8G       754M       3.1G       5.7M        50M       319M

MemTotal:        4016004 kB
MemFree:         3243184 kB
Active:           419588 kB
Mem:          3.8G       754M       3.1G       5.7M        50M       319M

MemTotal:        4016004 kB
MemFree:         3243308 kB
Active:           419548 kB
Mem:          3.8G       754M       3.1G       5.7M        50M       319M

MemTotal:        4016004 kB
MemFree:         3242688 kB
Active:           419608 kB
Mem:          3.8G       755M       3.1G       5.7M        50M       319M

MemTotal:        4016004 kB
MemFree:         3242812 kB
Active:           419552 kB
Mem:          3.8G       755M       3.1G       5.7M        50M       319M

MemTotal:        4016004 kB
MemFree:         3242812 kB
Active:           419608 kB
Mem:          3.8G       755M       3.1G       5.7M        50M       319M

MemTotal:        4016004 kB
MemFree:         3242936 kB
Active:           419568 kB
Mem:          3.8G       755M       3.1G       5.7M        50M       319M

MemTotal:        4016004 kB
MemFree:         3242564 kB
Active:           419608 kB
Mem:          3.8G       755M       3.1G       5.7M        50M       319M

MemTotal:        4016004 kB
MemFree:         3242688 kB
Active:           419616 kB
Mem:          3.8G       755M       3.1G       5.7M        50M       319M

MemTotal:        4016004 kB
MemFree:         3243308 kB
Active:           419600 kB
Mem:          3.8G       754M       3.1G       5.7M        50M       319M

MemTotal:        4016004 kB
MemFree:         3243308 kB
Active:           419576 kB
Mem:          3.8G       754M       3.1G       5.7M        50M       319M

MemTotal:        4016004 kB
MemFree:         3243432 kB
Active:           419592 kB
Mem:          3.8G       754M       3.1G       5.7M        50M       319M

MemTotal:        4016004 kB
MemFree:         3243432 kB
Active:           419600 kB
Mem:          3.8G       754M       3.1G       5.7M        50M       319M

MemTotal:        4016004 kB
MemFree:         3243060 kB
Active:           419616 kB
Mem:          3.8G       754M       3.1G       5.7M        50M       319M

MemTotal:        4016004 kB
MemFree:         3243556 kB
Active:           419608 kB
Mem:          3.8G       754M       3.1G       5.7M        50M       319M

MemTotal:        4016004 kB
MemFree:         3243556 kB
Active:           419612 kB
Mem:          3.8G       754M       3.1G       5.7M        50M       319M

MemTotal:        4016004 kB
MemFree:         3243308 kB
Active:           419608 kB
Mem:          3.8G       754M       3.1G       5.7M        50M       319M

MemTotal:        4016004 kB
MemFree:         3243060 kB
Active:           419636 kB
Mem:          3.8G       754M       3.1G       5.7M        50M       319M

MemTotal:        4016004 kB
MemFree:         3243184 kB
Active:           419616 kB
Mem:          3.8G       754M       3.1G       5.7M        50M       319M

MemTotal:        4016004 kB
MemFree:         3243184 kB
Active:           419624 kB
Mem:          3.8G       755M       3.1G       5.7M        50M       319M

MemTotal:        4016004 kB
MemFree:         3242696 kB
Active:           419636 kB
Mem:          3.8G       754M       3.1G       5.7M        50M       319M

MemTotal:        4016004 kB
MemFree:         3243192 kB
Active:           419580 kB
Mem:          3.8G       754M       3.1G       5.7M        50M       319M

MemTotal:        4016004 kB
MemFree:         3243068 kB
Active:           419592 kB
Mem:          3.8G       754M       3.1G       5.7M        50M       319M

MemTotal:        4016004 kB
MemFree:         3243068 kB
Active:           419604 kB
Mem:          3.8G       754M       3.1G       5.7M        50M       319M

MemTotal:        4016004 kB
MemFree:         3242572 kB
Active:           419636 kB
Mem:          3.8G       755M       3.1G       5.7M        50M       319M

MemTotal:        4016004 kB
MemFree:         3242572 kB
Active:           419640 kB
Mem:          3.8G       755M       3.1G       5.7M        50M       319M

MemTotal:        4016004 kB
MemFree:         3243192 kB
Active:           419612 kB
Mem:          3.8G       754M       3.1G       5.7M        50M       319M

MemTotal:        4016004 kB
MemFree:         3243052 kB
Active:           419648 kB
Mem:          3.8G       754M       3.1G       5.7M        50M       319M

MemTotal:        4016004 kB
MemFree:         3243408 kB
Active:           419632 kB
Mem:          3.8G       754M       3.1G       5.7M        50M       319M

MemTotal:        4016004 kB
MemFree:         3243268 kB
Active:           419640 kB
Mem:          3.8G       754M       3.1G       5.7M        50M       319M

MemTotal:        4016004 kB
MemFree:         3242944 kB
Active:           419652 kB
Mem:          3.8G       754M       3.1G       5.7M        50M       319M

MemTotal:        4016004 kB
MemFree:         3243316 kB
Active:           419624 kB
Mem:          3.8G       754M       3.1G       5.7M        50M       319M

MemTotal:        4016004 kB
MemFree:         3243068 kB
Active:           419652 kB
Mem:          3.8G       754M       3.1G       5.7M        50M       319M

MemTotal:        4016004 kB
MemFree:         3243068 kB
Active:           419652 kB
Mem:          3.8G       754M       3.1G       5.7M        50M       319M

MemTotal:        4016004 kB
MemFree:         3243044 kB
Active:           417728 kB
Mem:          3.8G       754M       3.1G       5.7M        50M       319M

MemTotal:        4016004 kB
MemFree:         3243252 kB
Active:           419624 kB
Mem:          3.8G       754M       3.1G       5.7M        50M       319M

MemTotal:        4016004 kB
MemFree:         3243376 kB
Active:           419632 kB
Mem:          3.8G       754M       3.1G       5.7M        50M       319M

MemTotal:        4016004 kB
MemFree:         3243624 kB
Active:           419644 kB
Mem:          3.8G       754M       3.1G       5.7M        50M       319M

MemTotal:        4016004 kB
MemFree:         3243872 kB
Active:           419636 kB
Mem:          3.8G       754M       3.1G       5.7M        50M       319M

MemTotal:        4016004 kB
MemFree:         3243624 kB
Active:           419632 kB
Mem:          3.8G       754M       3.1G       5.7M        50M       319M

MemTotal:        4016004 kB
MemFree:         3243624 kB
Active:           419640 kB
Mem:          3.8G       754M       3.1G       5.7M        50M       319M

MemTotal:        4016004 kB
MemFree:         3243748 kB
Active:           419652 kB
Mem:          3.8G       754M       3.1G       5.7M        50M       319M

MemTotal:        4016004 kB
MemFree:         3243872 kB
Active:           419656 kB
Mem:          3.8G       754M       3.1G       5.7M        50M       319M

MemTotal:        4016004 kB
MemFree:         3243748 kB
Active:           419656 kB
Mem:          3.8G       754M       3.1G       5.7M        50M       319M

MemTotal:        4016004 kB
MemFree:         3243284 kB
Active:           417672 kB
Mem:          3.8G       754M       3.1G       5.7M        50M       319M

MemTotal:        4016004 kB
MemFree:         3243496 kB
Active:           419624 kB
Mem:          3.8G       754M       3.1G       5.7M        50M       319M

MemTotal:        4016004 kB
MemFree:         3243248 kB
Active:           419684 kB
Mem:          3.8G       754M       3.1G       5.7M        50M       319M

MemTotal:        4016004 kB
MemFree:         3243496 kB
Active:           419648 kB
Mem:          3.8G       754M       3.1G       5.7M        50M       319M

MemTotal:        4016004 kB
MemFree:         3243620 kB
Active:           419636 kB
Mem:          3.8G       754M       3.1G       5.7M        50M       319M

MemTotal:        4016004 kB
MemFree:         3243620 kB
Active:           419644 kB
Mem:          3.8G       754M       3.1G       5.7M        50M       319M

MemTotal:        4016004 kB
MemFree:         3243744 kB
Active:           419676 kB
Mem:          3.8G       754M       3.1G       5.7M        50M       319M

MemTotal:        4016004 kB
MemFree:         3243744 kB
Active:           419692 kB
Mem:          3.8G       754M       3.1G       5.7M        50M       319M

MemTotal:        4016004 kB
MemFree:         3243744 kB
Active:           419648 kB
Mem:          3.8G       754M       3.1G       5.7M        50M       319M

MemTotal:        4016004 kB
MemFree:         3243620 kB
Active:           419676 kB
Mem:          3.8G       754M       3.1G       5.7M        50M       319M

MemTotal:        4016004 kB
MemFree:         3241200 kB
Active:           421756 kB
Mem:          3.8G       756M       3.1G       5.7M        50M       319M

MemTotal:        4016004 kB
MemFree:         3241448 kB
Active:           421728 kB
Mem:          3.8G       756M       3.1G       5.7M        50M       319M

MemTotal:        4016004 kB
MemFree:         3241076 kB
Active:           421740 kB
Mem:          3.8G       756M       3.1G       5.7M        50M       319M

MemTotal:        4016004 kB
MemFree:         3241448 kB
Active:           421696 kB
Mem:          3.8G       756M       3.1G       5.7M        50M       319M

MemTotal:        4016004 kB
MemFree:         3240952 kB
Active:           421748 kB
Mem:          3.8G       756M       3.1G       5.7M        50M       319M

MemTotal:        4016004 kB
MemFree:         3241448 kB
Active:           421728 kB
Mem:          3.8G       756M       3.1G       5.7M        50M       319M

MemTotal:        4016004 kB
MemFree:         3241324 kB
Active:           421720 kB
Mem:          3.8G       756M       3.1G       5.7M        50M       319M

MemTotal:        4016004 kB
MemFree:         3241448 kB
Active:           421724 kB
Mem:          3.8G       756M       3.1G       5.7M        50M       319M

MemTotal:        4016004 kB
MemFree:         3241448 kB
Active:           421732 kB
Mem:          3.8G       756M       3.1G       5.7M        50M       319M

MemTotal:        4016004 kB
MemFree:         3241448 kB
Active:           421724 kB
Mem:          3.8G       756M       3.1G       5.7M        50M       319M

MemTotal:        4016004 kB
MemFree:         3241076 kB
Active:           421760 kB
Mem:          3.8G       756M       3.1G       5.7M        50M       319M

MemTotal:        4016004 kB
MemFree:         3241572 kB
Active:           421732 kB
Mem:          3.8G       756M       3.1G       5.7M        50M       319M

MemTotal:        4016004 kB
MemFree:         3241572 kB
Active:           421732 kB
Mem:          3.8G       756M       3.1G       5.7M        50M       319M

MemTotal:        4016004 kB
MemFree:         3241696 kB
Active:           421744 kB
Mem:          3.8G       756M       3.1G       5.7M        50M       319M

MemTotal:        4016004 kB
MemFree:         3241696 kB
Active:           421712 kB
Mem:          3.8G       756M       3.1G       5.7M        50M       319M

MemTotal:        4016004 kB
MemFree:         3241572 kB
Active:           421708 kB
Mem:          3.8G       756M       3.1G       5.7M        50M       319M

MemTotal:        4016004 kB
MemFree:         3241572 kB
Active:           421740 kB
Mem:          3.8G       756M       3.1G       5.7M        50M       319M

MemTotal:        4016004 kB
MemFree:         3241324 kB
Active:           421764 kB
Mem:          3.8G       756M       3.1G       5.7M        50M       319M

MemTotal:        4016004 kB
MemFree:         3241324 kB
Active:           421720 kB
Mem:          3.8G       756M       3.1G       5.7M        50M       319M

MemTotal:        4016004 kB
MemFree:         3241448 kB
Active:           421728 kB
Mem:          3.8G       756M       3.1G       5.7M        50M       319M

MemTotal:        4016004 kB
MemFree:         3241448 kB
Active:           421748 kB
Mem:          3.8G       756M       3.1G       5.7M        50M       319M

MemTotal:        4016004 kB
MemFree:         3240952 kB
Active:           421728 kB
Mem:          3.8G       757M       3.1G       5.7M        50M       319M

MemTotal:        4016004 kB
MemFree:         3241076 kB
Active:           421748 kB
Mem:          3.8G       756M       3.1G       5.7M        50M       319M

MemTotal:        4016004 kB
MemFree:         3241076 kB
Active:           421748 kB
Mem:          3.8G       756M       3.1G       5.7M        50M       319M

MemTotal:        4016004 kB
MemFree:         3240952 kB
Active:           421784 kB
Mem:          3.8G       756M       3.1G       5.7M        50M       319M

MemTotal:        4016004 kB
MemFree:         3241332 kB
Active:           421744 kB
Mem:          3.8G       756M       3.1G       5.7M        50M       319M

MemTotal:        4016004 kB
MemFree:         3241332 kB
Active:           421740 kB
Mem:          3.8G       756M       3.1G       5.7M        50M       319M

MemTotal:        4016004 kB
MemFree:         3241208 kB
Active:           421744 kB
Mem:          3.8G       756M       3.1G       5.7M        50M       319M

MemTotal:        4016004 kB
MemFree:         3240960 kB
Active:           421784 kB
Mem:          3.8G       756M       3.1G       5.7M        50M       319M

MemTotal:        4016004 kB
MemFree:         3241208 kB
Active:           421780 kB
Mem:          3.8G       756M       3.1G       5.7M        50M       319M

MemTotal:        4016004 kB
MemFree:         3239284 kB
Active:           423792 kB
Mem:          3.8G       758M       3.1G       5.7M        50M       319M

MemTotal:        4016004 kB
MemFree:         3239392 kB
Active:           423788 kB
Mem:          3.8G       758M       3.1G       5.7M        50M       319M

MemTotal:        4016004 kB
MemFree:         3239268 kB
Active:           423796 kB
Mem:          3.8G       758M       3.1G       5.7M        50M       319M

MemTotal:        4016004 kB
MemFree:         3239392 kB
Active:           423792 kB
Mem:          3.8G       758M       3.1G       5.7M        50M       319M

MemTotal:        4016004 kB
MemFree:         3239392 kB
Active:           423828 kB
Mem:          3.8G       758M       3.1G       5.7M        50M       319M

MemTotal:        4016004 kB
MemFree:         3239516 kB
Active:           423812 kB
Mem:          3.8G       758M       3.1G       5.7M        50M       319M

MemTotal:        4016004 kB
MemFree:         3239020 kB
Active:           423840 kB
Mem:          3.8G       758M       3.1G       5.7M        50M       319M

MemTotal:        4016004 kB
MemFree:         3238896 kB
Active:           423840 kB
Mem:          3.8G       759M       3.1G       5.7M        50M       319M

MemTotal:        4016004 kB
MemFree:         3238896 kB
Active:           423820 kB
Mem:          3.8G       759M       3.1G       5.7M        50M       319M

MemTotal:        4016004 kB
MemFree:         3238524 kB
Active:           423840 kB
Mem:          3.8G       759M       3.1G       5.7M        50M       319M

MemTotal:        4016004 kB
MemFree:         3238772 kB
Active:           423824 kB
Mem:          3.8G       759M       3.1G       5.7M        50M       319M

MemTotal:        4016004 kB
MemFree:         3196188 kB
Active:           424056 kB
Mem:          3.8G       801M       3.0G       5.7M        50M       361M

MemTotal:        4016004 kB
MemFree:         3152104 kB
Active:           424120 kB
Mem:          3.8G       843M       3.0G       5.7M        50M       403M

MemTotal:        4016004 kB
MemFree:         3107508 kB
Active:           424140 kB
Mem:          3.8G       887M       3.0G       5.7M        50M       445M

MemTotal:        4016004 kB
MemFree:         3063516 kB
Active:           424160 kB
Mem:          3.8G       930M       2.9G       5.7M        50M       487M

MemTotal:        4016004 kB
MemFree:         3019400 kB
Active:           424188 kB
Mem:          3.8G       973M       2.9G       5.7M        50M       530M

MemTotal:        4016004 kB
MemFree:         2975656 kB
Active:           424204 kB
Mem:          3.8G       1.0G       2.8G       5.7M        50M       573M

MemTotal:        4016004 kB
MemFree:         2931400 kB
Active:           424224 kB
Mem:          3.8G       1.0G       2.8G       5.7M        50M       615M

MemTotal:        4016004 kB
MemFree:         2888788 kB
Active:           424228 kB
Mem:          3.8G       1.1G       2.8G       5.7M        50M       657M

MemTotal:        4016004 kB
MemFree:         2844636 kB
Active:           424280 kB
Mem:          3.8G       1.1G       2.7G       5.7M        50M       699M

MemTotal:        4016004 kB
MemFree:         2799252 kB
Active:           424304 kB
Mem:          3.8G       1.2G       2.7G       5.7M        50M       741M

MemTotal:        4016004 kB
MemFree:         2783808 kB
Active:           424296 kB
Mem:          3.8G       1.2G       2.7G       5.7M        50M       757M

MemTotal:        4016004 kB
MemFree:         2780920 kB
Active:           424332 kB
Mem:          3.8G       1.2G       2.7G       5.7M        50M       759M

MemTotal:        4016004 kB
MemFree:         2779192 kB
Active:           424380 kB
Mem:          3.8G       1.2G       2.7G       5.7M        50M       760M

MemTotal:        4016004 kB
MemFree:         2769088 kB
Active:           424408 kB
Mem:          3.8G       1.2G       2.6G       5.7M        50M       771M

MemTotal:        4016004 kB
MemFree:         2725376 kB
Active:           424428 kB
Mem:          3.8G       1.2G       2.6G       5.7M        50M       812M

MemTotal:        4016004 kB
MemFree:         2682624 kB
Active:           424404 kB
Mem:          3.8G       1.3G       2.6G       5.7M        51M       854M

MemTotal:        4016004 kB
MemFree:         2638120 kB
Active:           424476 kB
Mem:          3.8G       1.3G       2.5G       5.7M        51M       896M

MemTotal:        4016004 kB
MemFree:         2594128 kB
Active:           424504 kB
Mem:          3.8G       1.4G       2.5G       5.7M        51M       938M

MemTotal:        4016004 kB
MemFree:         2548088 kB
Active:           426572 kB
Mem:          3.8G       1.4G       2.4G       5.7M        51M       980M

MemTotal:        4016004 kB
MemFree:         2505088 kB
Active:           426560 kB
Mem:          3.8G       1.4G       2.4G       5.7M        51M       1.0G

MemTotal:        4016004 kB
MemFree:         2460848 kB
Active:           426600 kB
Mem:          3.8G       1.5G       2.3G       5.7M        51M       1.0G

MemTotal:        4016004 kB
MemFree:         2423692 kB
Active:           426588 kB
Mem:          3.8G       1.5G       2.3G       5.7M        51M       1.1G

MemTotal:        4016004 kB
MemFree:         2390424 kB
Active:           426644 kB
Mem:          3.8G       1.6G       2.3G       5.7M        51M       1.1G

MemTotal:        4016004 kB
MemFree:         2346340 kB
Active:           426668 kB
Mem:          3.8G       1.6G       2.2G       5.7M        51M       1.1G

MemTotal:        4016004 kB
MemFree:         2321792 kB
Active:           426684 kB
Mem:          3.8G       1.6G       2.2G       5.7M        51M       1.2G

MemTotal:        4016004 kB
MemFree:         2320864 kB
Active:           426696 kB
Mem:          3.8G       1.6G       2.2G       5.7M        51M       1.2G

MemTotal:        4016004 kB
MemFree:         2309520 kB
Active:           426692 kB
Mem:          3.8G       1.6G       2.2G       5.7M        51M       1.2G

MemTotal:        4016004 kB
MemFree:         2265596 kB
Active:           426736 kB
Mem:          3.8G       1.7G       2.2G       5.7M        51M       1.2G

MemTotal:        4016004 kB
MemFree:         2221496 kB
Active:           431104 kB
Mem:          3.8G       1.7G       2.1G       5.7M        52M       1.3G

MemTotal:        4016004 kB
MemFree:         2182100 kB
Active:           435596 kB
Mem:          3.8G       1.8G       2.1G       5.7M        57M       1.3G

MemTotal:        4016004 kB
MemFree:         2135076 kB
Active:           435748 kB
Mem:          3.8G       1.8G       2.0G       5.7M        57M       1.3G

MemTotal:        4016004 kB
MemFree:         2090736 kB
Active:           436020 kB
Mem:          3.8G       1.8G       2.0G       5.7M        57M       1.4G

MemTotal:        4016004 kB
MemFree:         2047124 kB
Active:           436232 kB
Mem:          3.8G       1.9G       2.0G       5.7M        57M       1.4G

MemTotal:        4016004 kB
MemFree:         2001016 kB
Active:           436480 kB
Mem:          3.8G       1.9G       1.9G       5.7M        58M       1.5G

MemTotal:        4016004 kB
MemFree:         1956792 kB
Active:           436784 kB
Mem:          3.8G       2.0G       1.9G       5.7M        58M       1.5G

MemTotal:        4016004 kB
MemFree:         1933168 kB
Active:           436284 kB
Mem:          3.8G       2.0G       1.8G       5.7M        58M       1.5G

MemTotal:        4016004 kB
MemFree:         1886876 kB
Active:           436152 kB
Mem:          3.8G       2.0G       1.8G       5.7M        58M       1.6G

MemTotal:        4016004 kB
MemFree:         1864508 kB
Active:           436144 kB
Mem:          3.8G       2.1G       1.8G       5.7M        58M       1.6G

MemTotal:        4016004 kB
MemFree:         1863040 kB
Active:           436132 kB
Mem:          3.8G       2.1G       1.8G       5.7M        58M       1.6G

MemTotal:        4016004 kB
MemFree:         1862096 kB
Active:           436188 kB
Mem:          3.8G       2.1G       1.8G       5.7M        58M       1.6G

MemTotal:        4016004 kB
MemFree:         1816528 kB
Active:           436212 kB
Mem:          3.8G       2.1G       1.7G       5.7M        58M       1.6G

MemTotal:        4016004 kB
MemFree:         1769952 kB
Active:           436232 kB
Mem:          3.8G       2.1G       1.7G       5.7M        58M       1.7G

MemTotal:        4016004 kB
MemFree:         1723480 kB
Active:           436204 kB
Mem:          3.8G       2.2G       1.6G       5.7M        58M       1.7G

MemTotal:        4016004 kB
MemFree:         1675892 kB
Active:           436240 kB
Mem:          3.8G       2.2G       1.6G       5.7M        58M       1.8G

MemTotal:        4016004 kB
MemFree:         1629528 kB
Active:           436244 kB
Mem:          3.8G       2.3G       1.6G       5.7M        58M       1.8G

MemTotal:        4016004 kB
MemFree:         1585784 kB
Active:           436248 kB
Mem:          3.8G       2.3G       1.5G       5.7M        58M       1.9G

MemTotal:        4016004 kB
MemFree:         1538428 kB
Active:           436256 kB
Mem:          3.8G       2.4G       1.5G       5.7M        58M       1.9G

MemTotal:        4016004 kB
MemFree:         1510464 kB
Active:           436260 kB
Mem:          3.8G       2.4G       1.4G       5.7M        58M       1.9G

MemTotal:        4016004 kB
MemFree:         1470724 kB
Active:           436224 kB
Mem:          3.8G       2.4G       1.4G       5.7M        58M       2.0G

MemTotal:        4016004 kB
MemFree:         1427076 kB
Active:           436280 kB
Mem:          3.8G       2.5G       1.4G       5.7M        58M       2.0G

MemTotal:        4016004 kB
MemFree:         1424064 kB
Active:           436284 kB
Mem:          3.8G       2.5G       1.4G       5.7M        58M       2.0G

MemTotal:        4016004 kB
MemFree:         1424220 kB
Active:           436244 kB
Mem:          3.8G       2.5G       1.4G       5.7M        58M       2.0G

MemTotal:        4016004 kB
MemFree:         1424008 kB
Active:           436304 kB
Mem:          3.8G       2.5G       1.4G       5.7M        58M       2.0G

MemTotal:        4016004 kB
MemFree:         1407460 kB
Active:           436308 kB
Mem:          3.8G       2.5G       1.3G       5.7M        58M       2.0G

MemTotal:        4016004 kB
MemFree:         1361084 kB
Active:           436340 kB
Mem:          3.8G       2.5G       1.3G       5.7M        58M       2.1G

MemTotal:        4016004 kB
MemFree:         1316084 kB
Active:           436340 kB
Mem:          3.8G       2.6G       1.3G       5.7M        58M       2.1G

MemTotal:        4016004 kB
MemFree:         1271100 kB
Active:           436340 kB
Mem:          3.8G       2.6G       1.2G       5.7M        58M       2.1G

MemTotal:        4016004 kB
MemFree:         1223496 kB
Active:           436284 kB
Mem:          3.8G       2.7G       1.2G       5.7M        58M       2.2G

MemTotal:        4016004 kB
MemFree:         1176140 kB
Active:           436340 kB
Mem:          3.8G       2.7G       1.1G       5.7M        58M       2.2G

MemTotal:        4016004 kB
MemFree:         1131280 kB
Active:           436352 kB
Mem:          3.8G       2.8G       1.1G       5.7M        58M       2.3G

MemTotal:        4016004 kB
MemFree:         1086528 kB
Active:           436356 kB
Mem:          3.8G       2.8G       1.0G       5.7M        58M       2.3G

MemTotal:        4016004 kB
MemFree:         1057076 kB
Active:           436316 kB
Mem:          3.8G       2.8G       1.0G       5.7M        58M       2.3G

MemTotal:        4016004 kB
MemFree:         1010464 kB
Active:           436372 kB
Mem:          3.8G       2.9G       986M       5.7M        58M       2.4G

MemTotal:        4016004 kB
MemFree:          964020 kB
Active:           436372 kB
Mem:          3.8G       2.9G       940M       5.7M        58M       2.4G

MemTotal:        4016004 kB
MemFree:          919440 kB
Active:           436376 kB
Mem:          3.8G       3.0G       897M       5.7M        58M       2.5G

MemTotal:        4016004 kB
MemFree:          872672 kB
Active:           436376 kB
Mem:          3.8G       3.0G       852M       5.7M        58M       2.5G

MemTotal:        4016004 kB
MemFree:          827120 kB
Active:           436444 kB
Mem:          3.8G       3.0G       806M       5.7M        58M       2.6G

MemTotal:        4016004 kB
MemFree:          781120 kB
Active:           436468 kB
Mem:          3.8G       3.1G       762M       5.7M        58M       2.6G

MemTotal:        4016004 kB
MemFree:          736288 kB
Active:           436492 kB
Mem:          3.8G       3.1G       719M       5.7M        58M       2.7G

MemTotal:        4016004 kB
MemFree:          689288 kB
Active:           436468 kB
Mem:          3.8G       3.2G       672M       5.7M        58M       2.7G

MemTotal:        4016004 kB
MemFree:          643096 kB
Active:           436472 kB
Mem:          3.8G       3.2G       627M       5.7M        58M       2.7G

MemTotal:        4016004 kB
MemFree:          628068 kB
Active:           436512 kB
Mem:          3.8G       3.2G       613M       5.7M        58M       2.8G

MemTotal:        4016004 kB
MemFree:          581084 kB
Active:           436496 kB
Mem:          3.8G       3.3G       567M       5.7M        58M       2.8G

MemTotal:        4016004 kB
MemFree:          535796 kB
Active:           436500 kB
Mem:          3.8G       3.3G       522M       5.7M        58M       2.8G

MemTotal:        4016004 kB
MemFree:          490520 kB
Active:           436524 kB
Mem:          3.8G       3.4G       478M       5.7M        58M       2.9G

MemTotal:        4016004 kB
MemFree:          445076 kB
Active:           436536 kB
Mem:          3.8G       3.4G       434M       5.7M        58M       2.9G

MemTotal:        4016004 kB
MemFree:          408300 kB
Active:           436536 kB
Mem:          3.8G       3.4G       398M       5.7M        58M       3.0G

MemTotal:        4016004 kB
MemFree:          403016 kB
Active:           436552 kB
Mem:          3.8G       3.4G       393M       5.7M        58M       3.0G

MemTotal:        4016004 kB
MemFree:          356740 kB
Active:           436564 kB
Mem:          3.8G       3.5G       348M       5.7M        58M       3.0G

MemTotal:        4016004 kB
MemFree:          312800 kB
Active:           436568 kB
Mem:          3.8G       3.5G       304M       5.7M        58M       3.0G

MemTotal:        4016004 kB
MemFree:          268040 kB
Active:           436572 kB
Mem:          3.8G       3.6G       261M       5.7M        58M       3.1G

MemTotal:        4016004 kB
MemFree:          221320 kB
Active:           436536 kB
Mem:          3.8G       3.6G       215M       5.7M        58M       3.1G

MemTotal:        4016004 kB
MemFree:          172972 kB
Active:           436572 kB
Mem:          3.8G       3.7G       168M       5.7M        58M       3.2G

MemTotal:        4016004 kB
MemFree:          126376 kB
Active:           436580 kB
Mem:          3.8G       3.7G       123M       5.7M        58M       3.2G

MemTotal:        4016004 kB
MemFree:          115244 kB
Active:           435380 kB
Mem:          3.8G       3.7G       111M       5.7M        26M       3.3G

MemTotal:        4016004 kB
MemFree:          122868 kB
Active:           450520 kB
Mem:          3.8G       3.7G       117M       5.7M        25M       3.3G

MemTotal:        4016004 kB
MemFree:          133472 kB
Active:           498132 kB
Mem:          3.8G       3.7G       109M       5.7M        25M       3.3G

MemTotal:        4016004 kB
MemFree:          117900 kB
Active:           496788 kB
Mem:          3.8G       3.7G       115M       5.7M        25M       3.3G

MemTotal:        4016004 kB
MemFree:          115140 kB
Active:           493728 kB
Mem:          3.8G       3.7G       112M       5.7M        25M       3.3G

MemTotal:        4016004 kB
MemFree:          105532 kB
Active:           490272 kB
Mem:          3.8G       3.7G       103M       5.7M        25M       3.3G

MemTotal:        4016004 kB
MemFree:          128352 kB
Active:           483744 kB
Mem:          3.8G       3.7G       125M       5.7M        25M       3.3G

MemTotal:        4016004 kB
MemFree:          127376 kB
Active:           476384 kB
Mem:          3.8G       3.7G       123M       5.7M        25M       3.3G

MemTotal:        4016004 kB
MemFree:          117236 kB
Active:           472928 kB
Mem:          3.8G       3.7G       114M       5.7M        25M       3.3G

MemTotal:        4016004 kB
MemFree:          118240 kB
Active:           467176 kB
Mem:          3.8G       3.7G       115M       5.7M        25M       3.3G

MemTotal:        4016004 kB
MemFree:          107728 kB
Active:           463720 kB
Mem:          3.8G       3.7G       105M       5.7M        25M       3.3G

MemTotal:        4016004 kB
MemFree:          134288 kB
Active:           456944 kB
Mem:          3.8G       3.7G       131M       5.7M        25M       3.2G

MemTotal:        4016004 kB
MemFree:          136488 kB
Active:           453108 kB
Mem:          3.8G       3.7G       133M       5.7M        25M       3.2G

MemTotal:        4016004 kB
MemFree:          126472 kB
Active:           449644 kB
Mem:          3.8G       3.7G       123M       5.7M        25M       3.3G

MemTotal:        4016004 kB
MemFree:          134880 kB
Active:           445552 kB
Mem:          3.8G       3.7G       132M       5.7M        25M       3.2G

MemTotal:        4016004 kB
MemFree:          135192 kB
Active:           445552 kB
Mem:          3.8G       3.7G       131M       5.7M        25M       3.2G

MemTotal:        4016004 kB
MemFree:          125088 kB
Active:           445068 kB
Mem:          3.8G       3.7G       121M       5.7M        25M       3.3G

MemTotal:        4016004 kB
MemFree:          127384 kB
Active:           443404 kB
Mem:          3.8G       3.7G       123M       5.7M        25M       3.2G

MemTotal:        4016004 kB
MemFree:          125224 kB
Active:           441624 kB
Mem:          3.8G       3.7G       122M       5.7M        25M       3.3G

MemTotal:        4016004 kB
MemFree:          117456 kB
Active:           440344 kB
Mem:          3.8G       3.7G       114M       5.7M        25M       3.3G

MemTotal:        4016004 kB
MemFree:          107688 kB
Active:           439192 kB
Mem:          3.8G       3.7G       105M       5.7M        25M       3.3G

MemTotal:        4016004 kB
MemFree:          112164 kB
Active:           433588 kB
Mem:          3.8G       3.7G       108M       5.7M        25M       3.3G

MemTotal:        4016004 kB
MemFree:          117276 kB
Active:           431700 kB
Mem:          3.8G       3.7G       114M       5.7M        25M       3.3G

MemTotal:        4016004 kB
MemFree:          108624 kB
Active:           430556 kB
Mem:          3.8G       3.7G       105M       5.7M        25M       3.3G

MemTotal:        4016004 kB
MemFree:          115972 kB
Active:           429416 kB
Mem:          3.8G       3.7G       113M       5.7M        25M       3.3G

MemTotal:        4016004 kB
MemFree:          118152 kB
Active:           427488 kB
Mem:          3.8G       3.7G       115M       5.7M        25M       3.3G

MemTotal:        4016004 kB
MemFree:          109664 kB
Active:           426344 kB
Mem:          3.8G       3.7G       107M       5.7M        25M       3.3G

MemTotal:        4016004 kB
MemFree:          144208 kB
Active:           424428 kB
Mem:          3.8G       3.7G       140M       5.7M        25M       3.2G

MemTotal:        4016004 kB
MemFree:          143900 kB
Active:           424436 kB
Mem:          3.8G       3.7G       140M       5.7M        25M       3.2G

MemTotal:        4016004 kB
MemFree:          112236 kB
Active:           424448 kB
Mem:          3.8G       3.7G       109M       5.7M        25M       3.3G

MemTotal:        4016004 kB
MemFree:          127192 kB
Active:           422788 kB
Mem:          3.8G       3.7G       123M       5.7M        25M       3.2G

MemTotal:        4016004 kB
MemFree:          128272 kB
Active:           418716 kB
Mem:          3.8G       3.7G       125M       5.7M        25M       3.2G

MemTotal:        4016004 kB
MemFree:          128268 kB
Active:           417052 kB
Mem:          3.8G       3.7G       124M       5.7M        25M       3.2G

MemTotal:        4016004 kB
MemFree:          126256 kB
Active:           415524 kB
Mem:          3.8G       3.7G       122M       5.7M        25M       3.3G

MemTotal:        4016004 kB
MemFree:          107172 kB
Active:           414628 kB
Mem:          3.8G       3.7G       104M       5.7M        25M       3.3G

MemTotal:        4016004 kB
MemFree:          134640 kB
Active:           412324 kB
Mem:          3.8G       3.7G       131M       5.7M        25M       3.2G

MemTotal:        4016004 kB
MemFree:          123624 kB
Active:           410916 kB
Mem:          3.8G       3.7G       120M       5.7M        25M       3.3G

MemTotal:        4016004 kB
MemFree:          126856 kB
Active:           409768 kB
Mem:          3.8G       3.7G       123M       5.7M        25M       3.2G

MemTotal:        4016004 kB
MemFree:          122096 kB
Active:           408084 kB
Mem:          3.8G       3.7G       118M       5.7M        25M       3.3G

MemTotal:        4016004 kB
MemFree:          106712 kB
Active:           407096 kB
Mem:          3.8G       3.7G       104M       5.7M        25M       3.3G

MemTotal:        4016004 kB
MemFree:          128588 kB
Active:           404924 kB
Mem:          3.8G       3.7G       125M       5.7M        25M       3.2G

MemTotal:        4016004 kB
MemFree:          120744 kB
Active:           403908 kB
Mem:          3.8G       3.7G       117M       5.7M        25M       3.3G

MemTotal:        4016004 kB
MemFree:          111292 kB
Active:           400624 kB
Mem:          3.8G       3.7G       108M       5.7M        25M       3.3G

MemTotal:        4016004 kB
MemFree:          114168 kB
Active:           398964 kB
Mem:          3.8G       3.7G       111M       5.7M        25M       3.3G

MemTotal:        4016004 kB
MemFree:          123728 kB
Active:           397052 kB
Mem:          3.8G       3.7G       120M       5.7M        25M       3.3G

MemTotal:        4016004 kB
MemFree:          115132 kB
Active:           393940 kB
Mem:          3.8G       3.7G       112M       5.7M        25M       3.3G

MemTotal:        4016004 kB
MemFree:          107032 kB
Active:           392784 kB
Mem:          3.8G       3.7G       104M       5.7M        25M       3.3G

MemTotal:        4016004 kB
MemFree:          113764 kB
Active:           390700 kB
Mem:          3.8G       3.7G       110M       5.7M        25M       3.3G

MemTotal:        4016004 kB
MemFree:          104948 kB
Active:           389560 kB
Mem:          3.8G       3.7G       111M       5.7M        25M       3.3G

MemTotal:        4016004 kB
MemFree:          125324 kB
Active:           387420 kB
Mem:          3.8G       3.7G       122M       5.7M        25M       3.2G

MemTotal:        4016004 kB
MemFree:          128180 kB
Active:           383472 kB
Mem:          3.8G       3.7G       125M       5.7M        25M       3.2G

MemTotal:        4016004 kB
MemFree:          106752 kB
Active:           383436 kB
Mem:          3.8G       3.7G       104M       5.7M        25M       3.3G

MemTotal:        4016004 kB
MemFree:          107012 kB
Active:           382400 kB
Mem:          3.8G       3.7G       104M       5.7M        25M       3.3G

MemTotal:        4016004 kB
MemFree:          134128 kB
Active:           380296 kB
Mem:          3.8G       3.7G       130M       5.7M        25M       3.2G

MemTotal:        4016004 kB
MemFree:          128144 kB
Active:           378888 kB
Mem:          3.8G       3.7G       124M       5.7M        25M       3.2G

MemTotal:        4016004 kB
MemFree:          110924 kB
Active:           377828 kB
Mem:          3.8G       3.7G       108M       5.7M        25M       3.3G

MemTotal:        4016004 kB
MemFree:          128096 kB
Active:           376964 kB
Mem:          3.8G       3.7G       124M       5.7M        25M       3.2G

MemTotal:        4016004 kB
MemFree:          125852 kB
Active:           376848 kB
Mem:          3.8G       3.7G       122M       5.7M        25M       3.2G

MemTotal:        4016004 kB
MemFree:          105044 kB
Active:           376828 kB
Mem:          3.8G       3.7G       102M       5.7M        25M       3.3G

MemTotal:        4016004 kB
MemFree:          125268 kB
Active:           376840 kB
Mem:          3.8G       3.7G       122M       5.7M        25M       3.3G

MemTotal:        4016004 kB
MemFree:          104888 kB
Active:           376860 kB
Mem:          3.8G       3.7G       106M       5.7M        25M       3.3G

MemTotal:        4016004 kB
MemFree:          104840 kB
Active:           376744 kB
Mem:          3.8G       3.7G       102M       5.7M        25M       3.3G

MemTotal:        4016004 kB
MemFree:          124000 kB
Active:           376744 kB
Mem:          3.8G       3.7G       120M       5.7M        25M       3.3G

MemTotal:        4016004 kB
MemFree:          105076 kB
Active:           376756 kB
Mem:          3.8G       3.7G       102M       5.7M        25M       3.3G

MemTotal:        4016004 kB
MemFree:          125004 kB
Active:           376684 kB
Mem:          3.8G       3.7G       121M       5.7M        25M       3.2G

MemTotal:        4016004 kB
MemFree:          109856 kB
Active:           376684 kB
Mem:          3.8G       3.7G       106M       5.7M        25M       3.3G

MemTotal:        4016004 kB
MemFree:          126208 kB
Active:           376688 kB
Mem:          3.8G       3.7G       122M       5.7M        25M       3.2G

MemTotal:        4016004 kB
MemFree:          122752 kB
Active:           376688 kB
Mem:          3.8G       3.7G       119M       5.7M        25M       3.3G

MemTotal:        4016004 kB
MemFree:          123660 kB
Active:           376700 kB
Mem:          3.8G       3.7G       120M       5.7M        25M       3.3G

MemTotal:        4016004 kB
MemFree:          114636 kB
Active:           376700 kB
Mem:          3.8G       3.7G       111M       5.7M        25M       3.3G

MemTotal:        4016004 kB
MemFree:          130824 kB
Active:           376552 kB
Mem:          3.8G       3.7G       127M       5.7M        25M       3.2G

MemTotal:        4016004 kB
MemFree:          120860 kB
Active:           376560 kB
Mem:          3.8G       3.7G       118M       5.7M        25M       3.3G

MemTotal:        4016004 kB
MemFree:          125168 kB
Active:           376436 kB
Mem:          3.8G       3.7G       121M       5.7M        25M       3.3G

MemTotal:        4016004 kB
MemFree:          115700 kB
Active:           376444 kB
Mem:          3.8G       3.7G       112M       5.7M        25M       3.3G

MemTotal:        4016004 kB
MemFree:          117620 kB
Active:           376456 kB
Mem:          3.8G       3.7G       114M       5.7M        25M       3.3G

MemTotal:        4016004 kB
MemFree:          124300 kB
Active:           376472 kB
Mem:          3.8G       3.7G       121M       5.7M        25M       3.2G

MemTotal:        4016004 kB
MemFree:          109460 kB
Active:           376472 kB
Mem:          3.8G       3.7G       106M       5.7M        25M       3.3G

MemTotal:        4016004 kB
MemFree:          124984 kB
Active:           376472 kB
Mem:          3.8G       3.7G       121M       5.7M        25M       3.2G

MemTotal:        4016004 kB
MemFree:          134112 kB
Active:           376456 kB
Mem:          3.8G       3.7G       131M       5.7M        25M       3.2G

MemTotal:        4016004 kB
MemFree:          126012 kB
Active:           376460 kB
Mem:          3.8G       3.7G       122M       5.7M        25M       3.2G

MemTotal:        4016004 kB
MemFree:          128600 kB
Active:           376464 kB
Mem:          3.8G       3.7G       125M       5.7M        25M       3.2G

MemTotal:        4016004 kB
MemFree:          127568 kB
Active:           376464 kB
Mem:          3.8G       3.7G       124M       5.7M        25M       3.2G

MemTotal:        4016004 kB
MemFree:          120196 kB
Active:           376464 kB
Mem:          3.8G       3.7G       116M       5.7M        25M       3.3G

MemTotal:        4016004 kB
MemFree:          110172 kB
Active:           376472 kB
Mem:          3.8G       3.7G       107M       5.7M        25M       3.3G

MemTotal:        4016004 kB
MemFree:          114620 kB
Active:           376496 kB
Mem:          3.8G       3.7G       111M       5.7M        25M       3.3G

MemTotal:        4016004 kB
MemFree:          105752 kB
Active:           376440 kB
Mem:          3.8G       3.7G       103M       5.7M        25M       3.3G

MemTotal:        4016004 kB
MemFree:          121612 kB
Active:           376444 kB
Mem:          3.8G       3.7G       118M       5.7M        25M       3.3G

MemTotal:        4016004 kB
MemFree:          135208 kB
Active:           376480 kB
Mem:          3.8G       3.7G       131M       5.7M        25M       3.2G

MemTotal:        4016004 kB
MemFree:          125216 kB
Active:           376480 kB
Mem:          3.8G       3.7G       122M       5.7M        25M       3.2G

MemTotal:        4016004 kB
MemFree:          107224 kB
Active:           376432 kB
Mem:          3.8G       3.7G       104M       5.7M        25M       3.3G

MemTotal:        4016004 kB
MemFree:          111628 kB
Active:           376632 kB
Mem:          3.8G       3.7G       108M       5.7M        25M       3.3G

MemTotal:        4016004 kB
MemFree:          120088 kB
Active:           376532 kB
Mem:          3.8G       3.7G       117M       5.7M        25M       3.3G

MemTotal:        4016004 kB
MemFree:          112304 kB
Active:           376512 kB
Mem:          3.8G       3.7G       109M       5.7M        25M       3.3G

MemTotal:        4016004 kB
MemFree:          128120 kB
Active:           376532 kB
Mem:          3.8G       3.7G       124M       5.7M        25M       3.2G

MemTotal:        4016004 kB
MemFree:          106780 kB
Active:           376528 kB
Mem:          3.8G       3.7G       104M       5.7M        25M       3.3G

MemTotal:        4016004 kB
MemFree:          127776 kB
Active:           376528 kB
Mem:          3.8G       3.7G       124M       5.7M        25M       3.2G

MemTotal:        4016004 kB
MemFree:          108176 kB
Active:           376528 kB
Mem:          3.8G       3.7G       105M       5.7M        25M       3.3G

MemTotal:        4016004 kB
MemFree:          127792 kB
Active:           376508 kB
Mem:          3.8G       3.7G       124M       5.7M        25M       3.2G

MemTotal:        4016004 kB
MemFree:          111264 kB
Active:           376520 kB
Mem:          3.8G       3.7G       108M       5.7M        25M       3.3G

MemTotal:        4016004 kB
MemFree:          127028 kB
Active:           376544 kB
Mem:          3.8G       3.7G       123M       5.7M        25M       3.2G

MemTotal:        4016004 kB
MemFree:          123396 kB
Active:           376540 kB
Mem:          3.8G       3.7G       120M       5.7M        25M       3.2G

MemTotal:        4016004 kB
MemFree:          106068 kB
Active:           376540 kB
Mem:          3.8G       3.7G       102M       5.7M        25M       3.3G

MemTotal:        4016004 kB
MemFree:          133868 kB
Active:           369552 kB
Mem:          3.8G       3.7G       130M       5.7M        25M       3.2G

MemTotal:        4016004 kB
MemFree:          114072 kB
Active:           369448 kB
Mem:          3.8G       3.7G       111M       5.7M        25M       3.3G

MemTotal:        4016004 kB
MemFree:          106380 kB
Active:           369452 kB
Mem:          3.8G       3.7G       103M       5.7M        25M       3.3G

MemTotal:        4016004 kB
MemFree:          133344 kB
Active:           369460 kB
Mem:          3.8G       3.7G       129M       5.7M        25M       3.2G

MemTotal:        4016004 kB
MemFree:          132148 kB
Active:           369408 kB
Mem:          3.8G       3.7G       129M       5.7M        25M       3.2G

MemTotal:        4016004 kB
MemFree:          148052 kB
Active:           369464 kB
Mem:          3.8G       3.7G       144M       5.7M        25M       3.2G

MemTotal:        4016004 kB
MemFree:          127296 kB
Active:           369464 kB
Mem:          3.8G       3.7G       123M       5.7M        25M       3.2G

MemTotal:        4016004 kB
MemFree:          131224 kB
Active:           369468 kB
Mem:          3.8G       3.7G       128M       5.7M        25M       3.2G

MemTotal:        4016004 kB
MemFree:          132084 kB
Active:           369432 kB
Mem:          3.8G       3.7G       129M       5.7M        25M       3.2G

MemTotal:        4016004 kB
MemFree:          124284 kB
Active:           369492 kB
Mem:          3.8G       3.7G       125M       5.7M        25M       3.2G

MemTotal:        4016004 kB
MemFree:          109336 kB
Active:           369496 kB
Mem:          3.8G       3.7G       106M       5.7M        25M       3.3G

MemTotal:        4016004 kB
MemFree:          124900 kB
Active:           369024 kB
Mem:          3.8G       3.7G       121M       5.7M        25M       3.2G

MemTotal:        4016004 kB
MemFree:          127948 kB
Active:           369060 kB
Mem:          3.8G       3.7G       124M       5.7M        25M       3.2G

MemTotal:        4016004 kB
MemFree:          130704 kB
Active:           369060 kB
Mem:          3.8G       3.7G       127M       5.7M        25M       3.2G

MemTotal:        4016004 kB
MemFree:          137768 kB
Active:           369068 kB
Mem:          3.8G       3.7G       134M       5.7M        25M       3.2G

MemTotal:        4016004 kB
MemFree:          129876 kB
Active:           369068 kB
Mem:          3.8G       3.7G       126M       5.7M        25M       3.2G

MemTotal:        4016004 kB
MemFree:          121968 kB
Active:           369068 kB
Mem:          3.8G       3.7G       119M       5.7M        25M       3.2G

MemTotal:        4016004 kB
MemFree:          114200 kB
Active:           369068 kB
Mem:          3.8G       3.7G       111M       5.7M        25M       3.3G

MemTotal:        4016004 kB
MemFree:          128880 kB
Active:           369072 kB
Mem:          3.8G       3.7G       125M       5.7M        25M       3.2G

MemTotal:        4016004 kB
MemFree:          119528 kB
Active:           369096 kB
Mem:          3.8G       3.7G       116M       5.7M        25M       3.3G

MemTotal:        4016004 kB
MemFree:          109220 kB
Active:           369100 kB
Mem:          3.8G       3.7G       106M       5.7M        25M       3.3G

MemTotal:        4016004 kB
MemFree:          115952 kB
Active:           369100 kB
Mem:          3.8G       3.7G       113M       5.7M        25M       3.3G

MemTotal:        4016004 kB
MemFree:          109172 kB
Active:           367432 kB
Mem:          3.8G       3.7G       106M       5.7M        25M       3.3G

MemTotal:        4016004 kB
MemFree:          125468 kB
Active:           367208 kB
Mem:          3.8G       3.7G       122M       5.7M        25M       3.2G

MemTotal:        4016004 kB
MemFree:          117156 kB
Active:           367212 kB
Mem:          3.8G       3.7G       113M       5.7M        25M       3.3G

MemTotal:        4016004 kB
MemFree:          107552 kB
Active:           367200 kB
Mem:          3.8G       3.7G       104M       5.7M        25M       3.3G

MemTotal:        4016004 kB
MemFree:          112156 kB
Active:           367224 kB
Mem:          3.8G       3.7G       109M       5.7M        25M       3.3G

MemTotal:        4016004 kB
MemFree:          127588 kB
Active:           367224 kB
Mem:          3.8G       3.7G       124M       5.7M        25M       3.2G

MemTotal:        4016004 kB
MemFree:          125448 kB
Active:           367232 kB
Mem:          3.8G       3.7G       122M       5.7M        25M       3.2G

MemTotal:        4016004 kB
MemFree:          110148 kB
Active:           367232 kB
Mem:          3.8G       3.7G       107M       5.7M        25M       3.3G

MemTotal:        4016004 kB
MemFree:          127384 kB
Active:           367236 kB
Mem:          3.8G       3.7G       123M       5.7M        25M       3.2G

MemTotal:        4016004 kB
MemFree:          109812 kB
Active:           367248 kB
Mem:          3.8G       3.7G       107M       5.7M        25M       3.3G

MemTotal:        4016004 kB
MemFree:          120580 kB
Active:           362372 kB
Mem:          3.8G       3.7G       117M       5.7M        25M       3.2G

MemTotal:        4016004 kB
MemFree:          110660 kB
Active:           362372 kB
Mem:          3.8G       3.7G       107M       5.7M        25M       3.3G

MemTotal:        4016004 kB
MemFree:          127312 kB
Active:           362376 kB
Mem:          3.8G       3.7G       124M       5.7M        25M       3.2G

MemTotal:        4016004 kB
MemFree:          110276 kB
Active:           362380 kB
Mem:          3.8G       3.7G       107M       5.7M        25M       3.3G

MemTotal:        4016004 kB
MemFree:          136108 kB
Active:           362380 kB
Mem:          3.8G       3.7G       132M       5.7M        25M       3.2G

MemTotal:        4016004 kB
MemFree:          137360 kB
Active:           362380 kB
Mem:          3.8G       3.7G       133M       5.7M        25M       3.2G

MemTotal:        4016004 kB
MemFree:          139196 kB
Active:           362364 kB
Mem:          3.8G       3.7G       147M       5.7M        25M       3.2G

MemTotal:        4016004 kB
MemFree:          109364 kB
Active:           362376 kB
Mem:          3.8G       3.7G       106M       5.7M        25M       3.3G

MemTotal:        4016004 kB
MemFree:          116972 kB
Active:           362392 kB
Mem:          3.8G       3.7G       114M       5.7M        25M       3.3G

MemTotal:        4016004 kB
MemFree:          107760 kB
Active:           362392 kB
Mem:          3.8G       3.7G       105M       5.7M        25M       3.3G

MemTotal:        4016004 kB
MemFree:          110924 kB
Active:           362392 kB
Mem:          3.8G       3.7G       108M       5.7M        25M       3.3G

MemTotal:        4016004 kB
MemFree:          111084 kB
Active:           362364 kB
Mem:          3.8G       3.7G       108M       5.7M        25M       3.3G

MemTotal:        4016004 kB
MemFree:          126496 kB
Active:           358812 kB
Mem:          3.8G       3.7G       122M       5.7M        25M       3.2G

MemTotal:        4016004 kB
MemFree:          120516 kB
Active:           358808 kB
Mem:          3.8G       3.7G       117M       5.7M        25M       3.2G

MemTotal:        4016004 kB
MemFree:          111780 kB
Active:           358812 kB
Mem:          3.8G       3.7G       109M       5.7M        25M       3.3G

MemTotal:        4016004 kB
MemFree:          131040 kB
Active:           358776 kB
Mem:          3.8G       3.7G       127M       5.7M        25M       3.2G

MemTotal:        4016004 kB
MemFree:          122624 kB
Active:           358812 kB
Mem:          3.8G       3.7G       119M       5.7M        25M       3.2G

MemTotal:        4016004 kB
MemFree:          112980 kB
Active:           358820 kB
Mem:          3.8G       3.7G       109M       5.7M        25M       3.3G

MemTotal:        4016004 kB
MemFree:          126564 kB
Active:           358820 kB
Mem:          3.8G       3.7G       123M       5.7M        25M       3.2G

MemTotal:        4016004 kB
MemFree:          123000 kB
Active:           358820 kB
Mem:          3.8G       3.7G       119M       5.7M        25M       3.2G

MemTotal:        4016004 kB
MemFree:          127772 kB
Active:           358836 kB
Mem:          3.8G       3.7G       124M       5.7M        25M       3.2G

MemTotal:        4016004 kB
MemFree:          135384 kB
Active:           358792 kB
Mem:          3.8G       3.7G       132M       5.7M        25M       3.2G

MemTotal:        4016004 kB
MemFree:          109240 kB
Active:           358848 kB
Mem:          3.8G       3.7G       106M       5.7M        25M       3.3G

MemTotal:        4016004 kB
MemFree:          124808 kB
Active:           358860 kB
Mem:          3.8G       3.7G       121M       5.7M        25M       3.2G

MemTotal:        4016004 kB
MemFree:          125164 kB
Active:           357352 kB
Mem:          3.8G       3.7G       121M       5.7M        25M       3.2G

MemTotal:        4016004 kB
MemFree:          105092 kB
Active:           357304 kB
Mem:          3.8G       3.7G       102M       5.7M        25M       3.3G

MemTotal:        4016004 kB
MemFree:          127416 kB
Active:           357296 kB
Mem:          3.8G       3.7G       124M       5.7M        25M       3.2G

MemTotal:        4016004 kB
MemFree:          118128 kB
Active:           357312 kB
Mem:          3.8G       3.7G       114M       5.7M        25M       3.2G

MemTotal:        4016004 kB
MemFree:          107848 kB
Active:           357312 kB
Mem:          3.8G       3.7G       104M       5.7M        25M       3.3G

MemTotal:        4016004 kB
MemFree:          115068 kB
Active:           357312 kB
Mem:          3.8G       3.7G       111M       5.7M        25M       3.3G

MemTotal:        4016004 kB
MemFree:          107160 kB
Active:           357300 kB
Mem:          3.8G       3.7G       104M       5.7M        25M       3.3G

MemTotal:        4016004 kB
MemFree:          134852 kB
Active:           357312 kB
Mem:          3.8G       3.7G       131M       5.7M        25M       3.2G

MemTotal:        4016004 kB
MemFree:          127452 kB
Active:           357336 kB
Mem:          3.8G       3.7G       123M       5.7M        25M       3.2G

MemTotal:        4016004 kB
MemFree:          135008 kB
Active:           357316 kB
Mem:          3.8G       3.7G       131M       5.7M        25M       3.2G

MemTotal:        4016004 kB
MemFree:          127668 kB
Active:           357352 kB
Mem:          3.8G       3.7G       124M       5.7M        25M       3.2G

MemTotal:        4016004 kB
MemFree:          125372 kB
Active:           357356 kB
Mem:          3.8G       3.7G       122M       5.7M        25M       3.2G

MemTotal:        4016004 kB
MemFree:          105812 kB
Active:           357356 kB
Mem:          3.8G       3.7G       102M       5.7M        25M       3.3G

MemTotal:        4016004 kB
MemFree:          123968 kB
Active:           354248 kB
Mem:          3.8G       3.7G       120M       5.7M        25M       3.2G

MemTotal:        4016004 kB
MemFree:          115828 kB
Active:           354088 kB
Mem:          3.8G       3.7G       112M       5.7M        25M       3.3G

MemTotal:        4016004 kB
MemFree:          106804 kB
Active:           354088 kB
Mem:          3.8G       3.7G       103M       5.7M        25M       3.3G

MemTotal:        4016004 kB
MemFree:          108756 kB
Active:           354088 kB
Mem:          3.8G       3.7G       105M       5.7M        25M       3.3G

MemTotal:        4016004 kB
MemFree:          116456 kB
Active:           354096 kB
Mem:          3.8G       3.7G       113M       5.7M        25M       3.2G

MemTotal:        4016004 kB
MemFree:          107876 kB
Active:           354096 kB
Mem:          3.8G       3.7G       104M       5.7M        25M       3.3G

MemTotal:        4016004 kB
MemFree:          135220 kB
Active:           354096 kB
Mem:          3.8G       3.7G       131M       5.7M        25M       3.2G

MemTotal:        4016004 kB
MemFree:          123820 kB
Active:           354096 kB
Mem:          3.8G       3.7G       120M       5.7M        25M       3.2G

MemTotal:        4016004 kB
MemFree:          107256 kB
Active:           354116 kB
Mem:          3.8G       3.7G       104M       5.7M        25M       3.3G

MemTotal:        4016004 kB
MemFree:          133752 kB
Active:           354128 kB
Mem:          3.8G       3.7G       130M       5.7M        25M       3.2G

MemTotal:        4016004 kB
MemFree:          116360 kB
Active:           354128 kB
Mem:          3.8G       3.7G       112M       5.7M        25M       3.2G

MemTotal:        4016004 kB
MemFree:          107148 kB
Active:           354132 kB
Mem:          3.8G       3.7G       104M       5.7M        25M       3.3G

MemTotal:        4016004 kB
MemFree:          116804 kB
Active:           354144 kB
Mem:          3.8G       3.7G       114M       5.7M        25M       3.2G

MemTotal:        4016004 kB
MemFree:          108280 kB
Active:           354144 kB
Mem:          3.8G       3.7G       105M       5.7M        25M       3.3G

MemTotal:        4016004 kB
MemFree:          125492 kB
Active:           354156 kB
Mem:          3.8G       3.7G       122M       5.7M        25M       3.2G

MemTotal:        4016004 kB
MemFree:          127600 kB
Active:           354124 kB
Mem:          3.8G       3.7G       124M       5.7M        25M       3.2G

MemTotal:        4016004 kB
MemFree:          106680 kB
Active:           353612 kB
Mem:          3.8G       3.7G       103M       5.7M        25M       3.3G

MemTotal:        4016004 kB
MemFree:          135016 kB
Active:           353612 kB
Mem:          3.8G       3.7G       131M       5.7M        25M       3.2G

MemTotal:        4016004 kB
MemFree:          122236 kB
Active:           353588 kB
Mem:          3.8G       3.7G       119M       5.7M        25M       3.2G

MemTotal:        4016004 kB
MemFree:          131828 kB
Active:           353620 kB
Mem:          3.8G       3.7G       128M       5.7M        25M       3.2G

MemTotal:        4016004 kB
MemFree:          111696 kB
Active:           353608 kB
Mem:          3.8G       3.7G       108M       5.7M        25M       3.3G

MemTotal:        4016004 kB
MemFree:          126680 kB
Active:           353636 kB
Mem:          3.8G       3.7G       123M       5.7M        25M       3.2G

MemTotal:        4016004 kB
MemFree:          119204 kB
Active:           353636 kB
Mem:          3.8G       3.7G       116M       5.7M        25M       3.2G

MemTotal:        4016004 kB
MemFree:          124600 kB
Active:           353636 kB
Mem:          3.8G       3.7G       121M       5.7M        25M       3.2G

MemTotal:        4016004 kB
MemFree:          117292 kB
Active:           353644 kB
Mem:          3.8G       3.7G       114M       5.7M        25M       3.2G

MemTotal:        4016004 kB
MemFree:          124188 kB
Active:           353648 kB
Mem:          3.8G       3.7G       121M       5.7M        25M       3.2G

MemTotal:        4016004 kB
MemFree:          116480 kB
Active:           353648 kB
Mem:          3.8G       3.7G       113M       5.7M        25M       3.2G

MemTotal:        4016004 kB
MemFree:          107932 kB
Active:           353660 kB
Mem:          3.8G       3.7G       105M       5.7M        25M       3.3G

MemTotal:        4016004 kB
MemFree:          122260 kB
Active:           353444 kB
Mem:          3.8G       3.7G       119M       5.7M        25M       3.2G

MemTotal:        4016004 kB
MemFree:          122632 kB
Active:           353400 kB
Mem:          3.8G       3.7G       119M       5.7M        25M       3.2G

MemTotal:        4016004 kB
MemFree:          122632 kB
Active:           353404 kB
Mem:          3.8G       3.7G       119M       5.7M        25M       3.2G

MemTotal:        4016004 kB
MemFree:          122632 kB
Active:           353412 kB
Mem:          3.8G       3.7G       119M       5.7M        25M       3.2G

MemTotal:        4016004 kB
MemFree:          122312 kB
Active:           353428 kB
Mem:          3.8G       3.7G       119M       5.7M        25M       3.2G

MemTotal:        4016004 kB
MemFree:          122936 kB
Active:           353456 kB
Mem:          3.8G       3.7G       120M       5.7M        25M       3.2G

MemTotal:        4016004 kB
MemFree:          123032 kB
Active:           353408 kB
Mem:          3.8G       3.7G       120M       5.7M        25M       3.2G

MemTotal:        4016004 kB
MemFree:          122820 kB
Active:           353428 kB
Mem:          3.8G       3.7G       119M       5.7M        25M       3.2G

MemTotal:        4016004 kB
MemFree:          122544 kB
Active:           353472 kB
Mem:          3.8G       3.7G       119M       5.7M        25M       3.2G

MemTotal:        4016004 kB
MemFree:          122668 kB
Active:           353472 kB
Mem:          3.8G       3.7G       119M       5.7M        25M       3.2G

MemTotal:        4016004 kB
MemFree:          122668 kB
Active:           353472 kB
Mem:          3.8G       3.7G       119M       5.7M        25M       3.2G

MemTotal:        4016004 kB
MemFree:          122792 kB
Active:           353448 kB
Mem:          3.8G       3.7G       119M       5.7M        25M       3.2G

MemTotal:        4016004 kB
MemFree:          122916 kB
Active:           353456 kB
Mem:          3.8G       3.7G       120M       5.7M        25M       3.2G

MemTotal:        4016004 kB
MemFree:          122792 kB
Active:           353440 kB
Mem:          3.8G       3.7G       119M       5.7M        25M       3.2G

MemTotal:        4016004 kB
MemFree:          122792 kB
Active:           353448 kB
Mem:          3.8G       3.7G       119M       5.7M        25M       3.2G

MemTotal:        4016004 kB
MemFree:          122916 kB
Active:           353448 kB
Mem:          3.8G       3.7G       119M       5.7M        25M       3.2G

MemTotal:        4016004 kB
MemFree:          123040 kB
Active:           353472 kB
Mem:          3.8G       3.7G       120M       5.7M        26M       3.2G

MemTotal:        4016004 kB
MemFree:          123164 kB
Active:           353436 kB
Mem:          3.8G       3.7G       120M       5.7M        26M       3.2G

MemTotal:        4016004 kB
MemFree:          122668 kB
Active:           353484 kB
Mem:          3.8G       3.7G       119M       5.7M        26M       3.2G

MemTotal:        4016004 kB
MemFree:          123040 kB
Active:           353484 kB
Mem:          3.8G       3.7G       120M       5.7M        26M       3.2G

MemTotal:        4016004 kB
MemFree:          122916 kB
Active:           353488 kB
Mem:          3.8G       3.7G       119M       5.7M        26M       3.2G

MemTotal:        4016004 kB
MemFree:          122916 kB
Active:           353484 kB
Mem:          3.8G       3.7G       120M       5.7M        26M       3.2G

MemTotal:        4016004 kB
MemFree:          122668 kB
Active:           353492 kB
Mem:          3.8G       3.7G       119M       5.7M        26M       3.2G

MemTotal:        4016004 kB
MemFree:          122916 kB
Active:           353484 kB
Mem:          3.8G       3.7G       119M       5.7M        26M       3.2G

MemTotal:        4016004 kB
MemFree:          123040 kB
Active:           353476 kB
Mem:          3.8G       3.7G       119M       5.7M        26M       3.2G

MemTotal:        4016004 kB
MemFree:          122916 kB
Active:           353464 kB
Mem:          3.8G       3.7G       120M       5.7M        26M       3.2G

MemTotal:        4016004 kB
MemFree:          122420 kB
Active:           353512 kB
Mem:          3.8G       3.7G       119M       5.7M        26M       3.2G

MemTotal:        4016004 kB
MemFree:          122420 kB
Active:           353512 kB
Mem:          3.8G       3.7G       119M       5.7M        26M       3.2G

MemTotal:        4016004 kB
MemFree:          122792 kB
Active:           353492 kB
Mem:          3.8G       3.7G       119M       5.7M        26M       3.2G

MemTotal:        4016004 kB
MemFree:          122420 kB
Active:           353512 kB
Mem:          3.8G       3.7G       119M       5.7M        26M       3.2G

MemTotal:        4016004 kB
MemFree:          122544 kB
Active:           353512 kB
Mem:          3.8G       3.7G       119M       5.7M        26M       3.2G

MemTotal:        4016004 kB
MemFree:          122544 kB
Active:           353520 kB
Mem:          3.8G       3.7G       119M       5.7M        26M       3.2G

MemTotal:        4016004 kB
MemFree:          122544 kB
Active:           353488 kB
Mem:          3.8G       3.7G       119M       5.7M        26M       3.2G

MemTotal:        4016004 kB
MemFree:          122544 kB
Active:           353476 kB
Mem:          3.8G       3.7G       119M       5.7M        26M       3.2G

MemTotal:        4016004 kB
MemFree:          122172 kB
Active:           353520 kB
Mem:          3.8G       3.7G       119M       5.7M        26M       3.2G

MemTotal:        4016004 kB
MemFree:          122668 kB
Active:           353504 kB
Mem:          3.8G       3.7G       119M       5.7M        26M       3.2G

MemTotal:        4016004 kB
MemFree:          122172 kB
Active:           353528 kB
Mem:          3.8G       3.7G       119M       5.7M        26M       3.2G

MemTotal:        4016004 kB
MemFree:          122296 kB
Active:           353528 kB
Mem:          3.8G       3.7G       119M       5.7M        26M       3.2G

MemTotal:        4016004 kB
MemFree:          122792 kB
Active:           353488 kB
Mem:          3.8G       3.7G       119M       5.7M        26M       3.2G

MemTotal:        4016004 kB
MemFree:          122544 kB
Active:           353536 kB
Mem:          3.8G       3.7G       119M       5.7M        26M       3.2G

MemTotal:        4016004 kB
MemFree:          122172 kB
Active:           353536 kB
Mem:          3.8G       3.7G       119M       5.7M        26M       3.2G

MemTotal:        4016004 kB
MemFree:          122296 kB
Active:           353496 kB
Mem:          3.8G       3.7G       119M       5.7M        26M       3.2G

MemTotal:        4016004 kB
MemFree:          123040 kB
Active:           353492 kB
Mem:          3.8G       3.7G       120M       5.7M        26M       3.2G

MemTotal:        4016004 kB
MemFree:          123040 kB
Active:           353500 kB
Mem:          3.8G       3.7G       120M       5.7M        26M       3.2G

MemTotal:        4016004 kB
MemFree:          122544 kB
Active:           353544 kB
