MemTotal:        4016004 kB
MemFree:         3247324 kB
Active:           414064 kB
Mem:          3.8G       750M       3.1G       5.7M        55M       318M

MemTotal:        4016004 kB
MemFree:         3246764 kB
Active:           414876 kB
Mem:          3.8G       751M       3.1G       5.7M        55M       318M

MemTotal:        4016004 kB
MemFree:         3246392 kB
Active:           414892 kB
Mem:          3.8G       751M       3.1G       5.7M        55M       318M

MemTotal:        4016004 kB
MemFree:         3246516 kB
Active:           414900 kB
Mem:          3.8G       751M       3.1G       5.7M        55M       318M

MemTotal:        4016004 kB
MemFree:         3245972 kB
Active:           414928 kB
Mem:          3.8G       752M       3.1G       5.7M        55M       318M

MemTotal:        4016004 kB
MemFree:         3245584 kB
Active:           414948 kB
Mem:          3.8G       752M       3.1G       5.7M        55M       318M

MemTotal:        4016004 kB
MemFree:         3245552 kB
Active:           414916 kB
Mem:          3.8G       752M       3.1G       5.7M        55M       318M

MemTotal:        4016004 kB
MemFree:         3245536 kB
Active:           414952 kB
Mem:          3.8G       752M       3.1G       5.7M        55M       318M

MemTotal:        4016004 kB
MemFree:         3245660 kB
Active:           414956 kB
Mem:          3.8G       752M       3.1G       5.7M        55M       318M

MemTotal:        4016004 kB
MemFree:         3245536 kB
Active:           414936 kB
Mem:          3.8G       752M       3.1G       5.7M        55M       318M

MemTotal:        4016004 kB
MemFree:         3245148 kB
Active:           414984 kB
Mem:          3.8G       752M       3.1G       5.7M        55M       318M

MemTotal:        4016004 kB
MemFree:         3245008 kB
Active:           414956 kB
Mem:          3.8G       752M       3.1G       5.7M        55M       318M

MemTotal:        4016004 kB
MemFree:         3244992 kB
Active:           414944 kB
Mem:          3.8G       752M       3.1G       5.7M        55M       318M

MemTotal:        4016004 kB
MemFree:         3244728 kB
Active:           414984 kB
Mem:          3.8G       753M       3.1G       5.7M        55M       318M

MemTotal:        4016004 kB
MemFree:         3244728 kB
Active:           414988 kB
Mem:          3.8G       753M       3.1G       5.7M        55M       318M

MemTotal:        4016004 kB
MemFree:         3247192 kB
Active:           412992 kB
Mem:          3.8G       751M       3.1G       5.7M        55M       318M

MemTotal:        4016004 kB
MemFree:         3244616 kB
Active:           412952 kB
Mem:          3.8G       753M       3.1G       5.7M        55M       318M

MemTotal:        4016004 kB
MemFree:         3244864 kB
Active:           415000 kB
Mem:          3.8G       752M       3.1G       5.7M        55M       318M

MemTotal:        4016004 kB
MemFree:         3244848 kB
Active:           414964 kB
Mem:          3.8G       753M       3.1G       5.7M        55M       318M

MemTotal:        4016004 kB
MemFree:         3244956 kB
Active:           414992 kB
Mem:          3.8G       753M       3.1G       5.7M        55M       318M

MemTotal:        4016004 kB
MemFree:         3245080 kB
Active:           414980 kB
Mem:          3.8G       752M       3.1G       5.7M        55M       318M

MemTotal:        4016004 kB
MemFree:         3245080 kB
Active:           414960 kB
Mem:          3.8G       752M       3.1G       5.7M        55M       318M

MemTotal:        4016004 kB
MemFree:         3245080 kB
Active:           414984 kB
Mem:          3.8G       753M       3.1G       5.7M        55M       318M

MemTotal:        4016004 kB
MemFree:         3244832 kB
Active:           415012 kB
Mem:          3.8G       752M       3.1G       5.7M        55M       318M

MemTotal:        4016004 kB
MemFree:         3245312 kB
Active:           415000 kB
Mem:          3.8G       752M       3.1G       5.7M        55M       318M

MemTotal:        4016004 kB
MemFree:         3245312 kB
Active:           415012 kB
Mem:          3.8G       752M       3.1G       5.7M        55M       318M

MemTotal:        4016004 kB
MemFree:         3245344 kB
Active:           415012 kB
Mem:          3.8G       752M       3.1G       5.7M        55M       318M

MemTotal:        4016004 kB
MemFree:         3244972 kB
Active:           415016 kB
Mem:          3.8G       752M       3.1G       5.7M        55M       318M

MemTotal:        4016004 kB
MemFree:         3244848 kB
Active:           415028 kB
Mem:          3.8G       752M       3.1G       5.7M        55M       318M

MemTotal:        4016004 kB
MemFree:         3245220 kB
Active:           414988 kB
Mem:          3.8G       752M       3.1G       5.7M        55M       318M

MemTotal:        4016004 kB
MemFree:         3244848 kB
Active:           415028 kB
Mem:          3.8G       752M       3.1G       5.7M        55M       318M

MemTotal:        4016004 kB
MemFree:         3245220 kB
Active:           414972 kB
Mem:          3.8G       752M       3.1G       5.7M        55M       318M

MemTotal:        4016004 kB
MemFree:         3245096 kB
Active:           414988 kB
Mem:          3.8G       752M       3.1G       5.7M        55M       318M

MemTotal:        4016004 kB
MemFree:         3245344 kB
Active:           415004 kB
Mem:          3.8G       752M       3.1G       5.7M        55M       318M

MemTotal:        4016004 kB
MemFree:         3245220 kB
Active:           415032 kB
Mem:          3.8G       752M       3.1G       5.7M        55M       318M

MemTotal:        4016004 kB
MemFree:         3242348 kB
Active:           415188 kB
Mem:          3.8G       755M       3.1G       5.7M        55M       318M

MemTotal:        4016004 kB
MemFree:         3242968 kB
Active:           417036 kB
Mem:          3.8G       754M       3.1G       5.7M        55M       318M

MemTotal:        4016004 kB
MemFree:         3243340 kB
Active:           417072 kB
Mem:          3.8G       754M       3.1G       5.7M        55M       318M

MemTotal:        4016004 kB
MemFree:         3243296 kB
Active:           417088 kB
Mem:          3.8G       754M       3.1G       5.7M        55M       318M

MemTotal:        4016004 kB
MemFree:         3243172 kB
Active:           417084 kB
Mem:          3.8G       754M       3.1G       5.7M        55M       318M

MemTotal:        4016004 kB
MemFree:         3243668 kB
Active:           417060 kB
Mem:          3.8G       754M       3.1G       5.7M        55M       318M

MemTotal:        4016004 kB
MemFree:         3243792 kB
Active:           417084 kB
Mem:          3.8G       754M       3.1G       5.7M        55M       318M

MemTotal:        4016004 kB
MemFree:         3243420 kB
Active:           417104 kB
Mem:          3.8G       754M       3.1G       5.7M        55M       318M

MemTotal:        4016004 kB
MemFree:         3243420 kB
Active:           417100 kB
Mem:          3.8G       754M       3.1G       5.7M        55M       318M

MemTotal:        4016004 kB
MemFree:         3243404 kB
Active:           417060 kB
Mem:          3.8G       754M       3.1G       5.7M        55M       318M

MemTotal:        4016004 kB
MemFree:         3243280 kB
Active:           417064 kB
Mem:          3.8G       754M       3.1G       5.7M        55M       318M

MemTotal:        4016004 kB
MemFree:         3243528 kB
Active:           417072 kB
Mem:          3.8G       754M       3.1G       5.7M        55M       318M

MemTotal:        4016004 kB
MemFree:         3243760 kB
Active:           417104 kB
Mem:          3.8G       754M       3.1G       5.7M        55M       318M

MemTotal:        4016004 kB
MemFree:         3243512 kB
Active:           417096 kB
Mem:          3.8G       754M       3.1G       5.7M        55M       318M

MemTotal:        4016004 kB
MemFree:         3242892 kB
Active:           417120 kB
Mem:          3.8G       754M       3.1G       5.7M        55M       318M

MemTotal:        4016004 kB
MemFree:         3243388 kB
Active:           417072 kB
Mem:          3.8G       754M       3.1G       5.7M        55M       318M

MemTotal:        4016004 kB
MemFree:         3243388 kB
Active:           417092 kB
Mem:          3.8G       754M       3.1G       5.7M        55M       318M

MemTotal:        4016004 kB
MemFree:         3243248 kB
Active:           417088 kB
Mem:          3.8G       754M       3.1G       5.7M        55M       318M

MemTotal:        4016004 kB
MemFree:         3243232 kB
Active:           417112 kB
Mem:          3.8G       754M       3.1G       5.7M        55M       318M

MemTotal:        4016004 kB
MemFree:         3243216 kB
Active:           417088 kB
Mem:          3.8G       754M       3.1G       5.7M        55M       318M

MemTotal:        4016004 kB
MemFree:         3242476 kB
Active:           415288 kB
Mem:          3.8G       755M       3.1G       5.7M        55M       318M

MemTotal:        4016004 kB
MemFree:         3242780 kB
Active:           417124 kB
Mem:          3.8G       755M       3.1G       5.7M        55M       318M

MemTotal:        4016004 kB
MemFree:         3243012 kB
Active:           417140 kB
Mem:          3.8G       754M       3.1G       5.7M        55M       318M

MemTotal:        4016004 kB
MemFree:         3242376 kB
Active:           417152 kB
Mem:          3.8G       755M       3.1G       5.7M        55M       318M

MemTotal:        4016004 kB
MemFree:         3242608 kB
Active:           417104 kB
Mem:          3.8G       755M       3.1G       5.7M        55M       318M

MemTotal:        4016004 kB
MemFree:         3242732 kB
Active:           417148 kB
Mem:          3.8G       755M       3.1G       5.7M        55M       318M

MemTotal:        4016004 kB
MemFree:         3242856 kB
Active:           417156 kB
Mem:          3.8G       754M       3.1G       5.7M        55M       318M

MemTotal:        4016004 kB
MemFree:         3243104 kB
Active:           417124 kB
Mem:          3.8G       754M       3.1G       5.7M        55M       318M

MemTotal:        4016004 kB
MemFree:         3242856 kB
Active:           417160 kB
Mem:          3.8G       754M       3.1G       5.7M        55M       318M

MemTotal:        4016004 kB
MemFree:         3243212 kB
Active:           417128 kB
Mem:          3.8G       754M       3.1G       5.7M        55M       318M

MemTotal:        4016004 kB
MemFree:         3242384 kB
Active:           415184 kB
Mem:          3.8G       755M       3.1G       5.7M        55M       318M

MemTotal:        4016004 kB
MemFree:         3242496 kB
Active:           417152 kB
Mem:          3.8G       755M       3.1G       5.7M        55M       318M

MemTotal:        4016004 kB
MemFree:         3242620 kB
Active:           417144 kB
Mem:          3.8G       755M       3.1G       5.7M        55M       318M

MemTotal:        4016004 kB
MemFree:         3242668 kB
Active:           417148 kB
Mem:          3.8G       755M       3.1G       5.7M        55M       318M

MemTotal:        4016004 kB
MemFree:         3242296 kB
Active:           417168 kB
Mem:          3.8G       755M       3.1G       5.7M        55M       318M

MemTotal:        4016004 kB
MemFree:         3242420 kB
Active:           417136 kB
Mem:          3.8G       755M       3.1G       5.7M        55M       318M

MemTotal:        4016004 kB
MemFree:         3242420 kB
Active:           417156 kB
Mem:          3.8G       755M       3.1G       5.7M        55M       318M

MemTotal:        4016004 kB
MemFree:         3242172 kB
Active:           417172 kB
Mem:          3.8G       755M       3.1G       5.7M        55M       318M

MemTotal:        4016004 kB
MemFree:         3242668 kB
Active:           417120 kB
Mem:          3.8G       755M       3.1G       5.7M        55M       318M

MemTotal:        4016004 kB
MemFree:         3242544 kB
Active:           417152 kB
Mem:          3.8G       755M       3.1G       5.7M        55M       318M

MemTotal:        4016004 kB
MemFree:         3242668 kB
Active:           417152 kB
Mem:          3.8G       755M       3.1G       5.7M        55M       318M

MemTotal:        4016004 kB
MemFree:         3242296 kB
Active:           417180 kB
Mem:          3.8G       755M       3.1G       5.7M        55M       318M

MemTotal:        4016004 kB
MemFree:         3242172 kB
Active:           417180 kB
Mem:          3.8G       755M       3.1G       5.7M        55M       318M

MemTotal:        4016004 kB
MemFree:         3243164 kB
Active:           417136 kB
Mem:          3.8G       754M       3.1G       5.7M        55M       318M

MemTotal:        4016004 kB
MemFree:         3243040 kB
Active:           417140 kB
Mem:          3.8G       754M       3.1G       5.7M        55M       318M

MemTotal:        4016004 kB
MemFree:         3242916 kB
Active:           417136 kB
Mem:          3.8G       754M       3.1G       5.7M        55M       318M

MemTotal:        4016004 kB
MemFree:         3242900 kB
Active:           417152 kB
Mem:          3.8G       754M       3.1G       5.7M        55M       318M

MemTotal:        4016004 kB
MemFree:         3243380 kB
Active:           417168 kB
Mem:          3.8G       754M       3.1G       5.7M        55M       318M

MemTotal:        4016004 kB
MemFree:         3243008 kB
Active:           417160 kB
Mem:          3.8G       754M       3.1G       5.7M        55M       318M

MemTotal:        4016004 kB
MemFree:         3243008 kB
Active:           417172 kB
Mem:          3.8G       754M       3.1G       5.7M        55M       318M

MemTotal:        4016004 kB
MemFree:         3242992 kB
Active:           417144 kB
Mem:          3.8G       754M       3.1G       5.7M        55M       318M

MemTotal:        4016004 kB
MemFree:         3243212 kB
Active:           417172 kB
Mem:          3.8G       754M       3.1G       5.7M        55M       318M

MemTotal:        4016004 kB
MemFree:         3243460 kB
Active:           417196 kB
Mem:          3.8G       754M       3.1G       5.7M        55M       318M

MemTotal:        4016004 kB
MemFree:         3243336 kB
Active:           417172 kB
Mem:          3.8G       754M       3.1G       5.7M        55M       318M

MemTotal:        4016004 kB
MemFree:         3243460 kB
Active:           417148 kB
Mem:          3.8G       754M       3.1G       5.7M        55M       318M

MemTotal:        4016004 kB
MemFree:         3243584 kB
Active:           417172 kB
Mem:          3.8G       754M       3.1G       5.7M        55M       318M

MemTotal:        4016004 kB
MemFree:         3243212 kB
Active:           417196 kB
Mem:          3.8G       754M       3.1G       5.7M        55M       318M

MemTotal:        4016004 kB
MemFree:         3243212 kB
Active:           417204 kB
Mem:          3.8G       754M       3.1G       5.7M        55M       318M

MemTotal:        4016004 kB
MemFree:         3243088 kB
Active:           417156 kB
Mem:          3.8G       754M       3.1G       5.7M        55M       318M

MemTotal:        4016004 kB
MemFree:         3243212 kB
Active:           417188 kB
Mem:          3.8G       754M       3.1G       5.7M        55M       318M

MemTotal:        4016004 kB
MemFree:         3242644 kB
Active:           415196 kB
Mem:          3.8G       755M       3.1G       5.7M        55M       318M

MemTotal:        4016004 kB
MemFree:         3242572 kB
Active:           415180 kB
Mem:          3.8G       755M       3.1G       5.7M        55M       318M

MemTotal:        4016004 kB
MemFree:         3242184 kB
Active:           417272 kB
Mem:          3.8G       755M       3.1G       5.7M        55M       318M

MemTotal:        4016004 kB
MemFree:         3242556 kB
Active:           417248 kB
Mem:          3.8G       755M       3.1G       5.7M        55M       318M

MemTotal:        4016004 kB
MemFree:         3242680 kB
Active:           417256 kB
Mem:          3.8G       755M       3.1G       5.7M        55M       318M

MemTotal:        4016004 kB
MemFree:         3241968 kB
Active:           417568 kB
Mem:          3.8G       755M       3.1G       5.7M        55M       318M

MemTotal:        4016004 kB
MemFree:         3198324 kB
Active:           418556 kB
Mem:          3.8G       799M       3.0G       5.7M        55M       360M

MemTotal:        4016004 kB
MemFree:         3153588 kB
Active:           418656 kB
Mem:          3.8G       842M       3.0G       5.7M        55M       403M

MemTotal:        4016004 kB
MemFree:         3107100 kB
Active:           418660 kB
Mem:          3.8G       888M       3.0G       5.7M        55M       448M

MemTotal:        4016004 kB
MemFree:         3060472 kB
Active:           418724 kB
Mem:          3.8G       933M       2.9G       5.7M        55M       492M

MemTotal:        4016004 kB
MemFree:         3015044 kB
Active:           416736 kB
Mem:          3.8G       979M       2.9G       5.7M        55M       537M

MemTotal:        4016004 kB
MemFree:         2968772 kB
Active:           418720 kB
Mem:          3.8G       1.0G       2.8G       5.7M        55M       580M

MemTotal:        4016004 kB
MemFree:         2922284 kB
Active:           418752 kB
Mem:          3.8G       1.0G       2.8G       5.7M        55M       625M

MemTotal:        4016004 kB
MemFree:         2877688 kB
Active:           418824 kB
Mem:          3.8G       1.1G       2.7G       5.7M        55M       667M

MemTotal:        4016004 kB
MemFree:         2831484 kB
Active:           418856 kB
Mem:          3.8G       1.1G       2.7G       5.7M        55M       711M

MemTotal:        4016004 kB
MemFree:         2784852 kB
Active:           418880 kB
Mem:          3.8G       1.2G       2.7G       5.7M        55M       755M

MemTotal:        4016004 kB
MemFree:         2740384 kB
Active:           418896 kB
Mem:          3.8G       1.2G       2.6G       5.7M        55M       799M

MemTotal:        4016004 kB
MemFree:         2719920 kB
Active:           419072 kB
Mem:          3.8G       1.2G       2.6G       5.7M        55M       819M

MemTotal:        4016004 kB
MemFree:         2675184 kB
Active:           418952 kB
Mem:          3.8G       1.3G       2.5G       5.7M        55M       863M

MemTotal:        4016004 kB
MemFree:         2629540 kB
Active:           418960 kB
Mem:          3.8G       1.3G       2.5G       5.7M        55M       906M

MemTotal:        4016004 kB
MemFree:         2581832 kB
Active:           418980 kB
Mem:          3.8G       1.4G       2.5G       5.7M        55M       949M

MemTotal:        4016004 kB
MemFree:         2536008 kB
Active:           420980 kB
Mem:          3.8G       1.4G       2.4G       5.7M        55M       993M

MemTotal:        4016004 kB
MemFree:         2526528 kB
Active:           421020 kB
Mem:          3.8G       1.4G       2.4G       5.7M        55M       1.0G

MemTotal:        4016004 kB
MemFree:         2480428 kB
Active:           421036 kB
Mem:          3.8G       1.5G       2.4G       5.7M        55M       1.0G

MemTotal:        4016004 kB
MemFree:         2434296 kB
Active:           421044 kB
Mem:          3.8G       1.5G       2.3G       5.7M        55M       1.1G

MemTotal:        4016004 kB
MemFree:         2389560 kB
Active:           421028 kB
Mem:          3.8G       1.6G       2.3G       5.7M        55M       1.1G

MemTotal:        4016004 kB
MemFree:         2343072 kB
Active:           421104 kB
Mem:          3.8G       1.6G       2.2G       5.7M        55M       1.2G

MemTotal:        4016004 kB
MemFree:         2296708 kB
Active:           421140 kB
Mem:          3.8G       1.6G       2.2G       5.7M        55M       1.2G

MemTotal:        4016004 kB
MemFree:         2252308 kB
Active:           421156 kB
Mem:          3.8G       1.7G       2.1G       5.7M        55M       1.2G

MemTotal:        4016004 kB
MemFree:         2205432 kB
Active:           421148 kB
Mem:          3.8G       1.7G       2.1G       5.7M        55M       1.3G

MemTotal:        4016004 kB
MemFree:         2160932 kB
Active:           421320 kB
Mem:          3.8G       1.8G       2.1G       5.7M        56M       1.3G

MemTotal:        4016004 kB
MemFree:         2115368 kB
Active:           421212 kB
Mem:          3.8G       1.8G       2.0G       5.7M        56M       1.4G

MemTotal:        4016004 kB
MemFree:         2070452 kB
Active:           421228 kB
Mem:          3.8G       1.9G       2.0G       5.7M        56M       1.4G

MemTotal:        4016004 kB
MemFree:         2023088 kB
Active:           421248 kB
Mem:          3.8G       1.9G       1.9G       5.7M        56M       1.5G

MemTotal:        4016004 kB
MemFree:         1978680 kB
Active:           421304 kB
Mem:          3.8G       1.9G       1.9G       5.7M        56M       1.5G

MemTotal:        4016004 kB
MemFree:         1932036 kB
Active:           421348 kB
Mem:          3.8G       2.0G       1.8G       5.7M        56M       1.5G

MemTotal:        4016004 kB
MemFree:         1886328 kB
Active:           421380 kB
Mem:          3.8G       2.0G       1.8G       5.7M        56M       1.6G

MemTotal:        4016004 kB
MemFree:         1850556 kB
Active:           421352 kB
Mem:          3.8G       2.1G       1.8G       5.7M        56M       1.6G

MemTotal:        4016004 kB
MemFree:         1804440 kB
Active:           421368 kB
Mem:          3.8G       2.1G       1.7G       5.7M        56M       1.7G

MemTotal:        4016004 kB
MemFree:         1759580 kB
Active:           421408 kB
Mem:          3.8G       2.2G       1.7G       5.7M        56M       1.7G

MemTotal:        4016004 kB
MemFree:         1713232 kB
Active:           421428 kB
Mem:          3.8G       2.2G       1.6G       5.7M        56M       1.7G

MemTotal:        4016004 kB
MemFree:         1668572 kB
Active:           421368 kB
Mem:          3.8G       2.2G       1.6G       5.7M        56M       1.8G

MemTotal:        4016004 kB
MemFree:         1639904 kB
Active:           421516 kB
Mem:          3.8G       2.3G       1.6G       5.7M        56M       1.8G

MemTotal:        4016004 kB
MemFree:         1593940 kB
Active:           421500 kB
Mem:          3.8G       2.3G       1.5G       5.7M        56M       1.9G

MemTotal:        4016004 kB
MemFree:         1548180 kB
Active:           421680 kB
Mem:          3.8G       2.4G       1.5G       5.7M        56M       1.9G

MemTotal:        4016004 kB
MemFree:         1502176 kB
Active:           421628 kB
Mem:          3.8G       2.4G       1.4G       5.7M        56M       1.9G

MemTotal:        4016004 kB
MemFree:         1455372 kB
Active:           421800 kB
Mem:          3.8G       2.4G       1.4G       5.7M        56M       2.0G

MemTotal:        4016004 kB
MemFree:         1439412 kB
Active:           428684 kB
Mem:          3.8G       2.5G       1.4G       5.7M        62M       2.0G

MemTotal:        4016004 kB
MemFree:         1429076 kB
Active:           428536 kB
Mem:          3.8G       2.5G       1.4G       5.7M        62M       2.0G

MemTotal:        4016004 kB
MemFree:         1383216 kB
Active:           428976 kB
Mem:          3.8G       2.5G       1.3G       5.7M        62M       2.0G

MemTotal:        4016004 kB
MemFree:         1335216 kB
Active:           428760 kB
Mem:          3.8G       2.6G       1.3G       5.7M        62M       2.1G

MemTotal:        4016004 kB
MemFree:         1288744 kB
Active:           428900 kB
Mem:          3.8G       2.6G       1.2G       5.7M        62M       2.1G

MemTotal:        4016004 kB
MemFree:         1241660 kB
Active:           428876 kB
Mem:          3.8G       2.6G       1.2G       5.7M        62M       2.2G

MemTotal:        4016004 kB
MemFree:         1195876 kB
Active:           428716 kB
Mem:          3.8G       2.7G       1.1G       5.7M        62M       2.2G

MemTotal:        4016004 kB
MemFree:         1149048 kB
Active:           428732 kB
Mem:          3.8G       2.7G       1.1G       5.7M        62M       2.3G

MemTotal:        4016004 kB
MemFree:         1101912 kB
Active:           428764 kB
Mem:          3.8G       2.8G       1.0G       5.7M        62M       2.3G

MemTotal:        4016004 kB
MemFree:         1054560 kB
Active:           429024 kB
Mem:          3.8G       2.8G       1.0G       5.7M        63M       2.4G

MemTotal:        4016004 kB
MemFree:         1044020 kB
Active:           429008 kB
Mem:          3.8G       2.8G       1.0G       5.7M        63M       2.4G

MemTotal:        4016004 kB
MemFree:         1042428 kB
Active:           428804 kB
Mem:          3.8G       2.8G       1.0G       5.7M        63M       2.4G

MemTotal:        4016004 kB
MemFree:          994804 kB
Active:           428816 kB
Mem:          3.8G       2.9G       970M       5.7M        63M       2.4G

MemTotal:        4016004 kB
MemFree:          947480 kB
Active:           428856 kB
Mem:          3.8G       2.9G       924M       5.7M        63M       2.5G

MemTotal:        4016004 kB
MemFree:          901256 kB
Active:           428860 kB
Mem:          3.8G       3.0G       879M       5.7M        63M       2.5G

MemTotal:        4016004 kB
MemFree:          853900 kB
Active:           428840 kB
Mem:          3.8G       3.0G       832M       5.7M        63M       2.5G

MemTotal:        4016004 kB
MemFree:          807288 kB
Active:           428852 kB
Mem:          3.8G       3.1G       787M       5.7M        63M       2.6G

MemTotal:        4016004 kB
MemFree:          760196 kB
Active:           428872 kB
Mem:          3.8G       3.1G       742M       5.7M        63M       2.6G

MemTotal:        4016004 kB
MemFree:          714052 kB
Active:           428868 kB
Mem:          3.8G       3.1G       696M       5.7M        63M       2.7G

MemTotal:        4016004 kB
MemFree:          665844 kB
Active:           428884 kB
Mem:          3.8G       3.2G       650M       5.7M        63M       2.7G

MemTotal:        4016004 kB
MemFree:          658028 kB
Active:           428884 kB
Mem:          3.8G       3.2G       642M       5.7M        63M       2.7G

MemTotal:        4016004 kB
MemFree:          657956 kB
Active:           428840 kB
Mem:          3.8G       3.2G       642M       5.7M        63M       2.7G

MemTotal:        4016004 kB
MemFree:          616108 kB
Active:           428896 kB
Mem:          3.8G       3.2G       600M       5.7M        63M       2.8G

MemTotal:        4016004 kB
MemFree:          566960 kB
Active:           428872 kB
Mem:          3.8G       3.3G       552M       5.7M        63M       2.8G

MemTotal:        4016004 kB
MemFree:          521808 kB
Active:           430920 kB
Mem:          3.8G       3.3G       507M       5.7M        63M       2.9G

MemTotal:        4016004 kB
MemFree:          512432 kB
Active:           430940 kB
Mem:          3.8G       3.3G       500M       5.7M        63M       2.9G

MemTotal:        4016004 kB
MemFree:          512684 kB
Active:           430932 kB
Mem:          3.8G       3.3G       500M       5.7M        63M       2.9G

MemTotal:        4016004 kB
MemFree:          495920 kB
Active:           430884 kB
Mem:          3.8G       3.4G       483M       5.7M        63M       2.9G

MemTotal:        4016004 kB
MemFree:          449928 kB
Active:           430944 kB
Mem:          3.8G       3.4G       438M       5.7M        63M       2.9G

MemTotal:        4016004 kB
MemFree:          402216 kB
Active:           430944 kB
Mem:          3.8G       3.4G       391M       5.7M        63M       3.0G

MemTotal:        4016004 kB
MemFree:          355480 kB
Active:           430952 kB
Mem:          3.8G       3.5G       346M       5.7M        63M       3.0G

MemTotal:        4016004 kB
MemFree:          309156 kB
Active:           430952 kB
Mem:          3.8G       3.5G       301M       5.7M        63M       3.1G

MemTotal:        4016004 kB
MemFree:          261304 kB
Active:           430952 kB
Mem:          3.8G       3.6G       254M       5.7M        63M       3.1G

MemTotal:        4016004 kB
MemFree:          215012 kB
Active:           429016 kB
Mem:          3.8G       3.6G       209M       5.7M        63M       3.1G

MemTotal:        4016004 kB
MemFree:          168036 kB
Active:           430960 kB
Mem:          3.8G       3.7G       163M       5.7M        63M       3.2G

MemTotal:        4016004 kB
MemFree:          140700 kB
Active:           430940 kB
Mem:          3.8G       3.7G       137M       5.7M        63M       3.2G

MemTotal:        4016004 kB
MemFree:          140456 kB
Active:           430976 kB
Mem:          3.8G       3.7G       137M       5.7M        63M       3.2G

MemTotal:        4016004 kB
MemFree:          132016 kB
Active:           430800 kB
Mem:          3.8G       3.7G       127M       5.7M        63M       3.2G

MemTotal:        4016004 kB
MemFree:          136136 kB
Active:           436256 kB
Mem:          3.8G       3.7G       131M       5.7M        28M       3.3G

MemTotal:        4016004 kB
MemFree:          125980 kB
Active:           446352 kB
Mem:          3.8G       3.7G       121M       5.7M        27M       3.3G

MemTotal:        4016004 kB
MemFree:          133076 kB
Active:           494048 kB
Mem:          3.8G       3.7G       129M       5.7M        27M       3.3G

MemTotal:        4016004 kB
MemFree:          122092 kB
Active:           494072 kB
Mem:          3.8G       3.7G       118M       5.7M        27M       3.3G

MemTotal:        4016004 kB
MemFree:          123208 kB
Active:           490840 kB
Mem:          3.8G       3.7G       130M       5.7M        27M       3.3G

MemTotal:        4016004 kB
MemFree:          122548 kB
Active:           479620 kB
Mem:          3.8G       3.7G       118M       5.7M        27M       3.3G

MemTotal:        4016004 kB
MemFree:          111704 kB
Active:           474388 kB
Mem:          3.8G       3.7G       108M       5.7M        27M       3.3G

MemTotal:        4016004 kB
MemFree:          126108 kB
Active:           472888 kB
Mem:          3.8G       3.7G       122M       5.7M        27M       3.3G

MemTotal:        4016004 kB
MemFree:          127040 kB
Active:           467904 kB
Mem:          3.8G       3.7G       123M       5.7M        27M       3.3G

MemTotal:        4016004 kB
MemFree:          107268 kB
Active:           464064 kB
Mem:          3.8G       3.7G       103M       5.7M        27M       3.3G

MemTotal:        4016004 kB
MemFree:          120536 kB
Active:           458688 kB
Mem:          3.8G       3.7G       116M       5.7M        27M       3.3G

MemTotal:        4016004 kB
MemFree:          109468 kB
Active:           455364 kB
Mem:          3.8G       3.7G       105M       5.7M        27M       3.3G

MemTotal:        4016004 kB
MemFree:          132124 kB
Active:           451920 kB
Mem:          3.8G       3.7G       128M       5.7M        27M       3.3G

MemTotal:        4016004 kB
MemFree:          109468 kB
Active:           451720 kB
Mem:          3.8G       3.7G       106M       5.7M        27M       3.3G

MemTotal:        4016004 kB
MemFree:          135312 kB
Active:           444888 kB
Mem:          3.8G       3.7G       131M       5.7M        27M       3.2G

MemTotal:        4016004 kB
MemFree:          124620 kB
Active:           441436 kB
Mem:          3.8G       3.7G       144M       5.7M        27M       3.2G

MemTotal:        4016004 kB
MemFree:          127524 kB
Active:           437596 kB
Mem:          3.8G       3.7G       123M       5.7M        27M       3.3G

MemTotal:        4016004 kB
MemFree:          137180 kB
Active:           434656 kB
Mem:          3.8G       3.7G       134M       5.7M        27M       3.2G

MemTotal:        4016004 kB
MemFree:          137620 kB
Active:           434568 kB
Mem:          3.8G       3.7G       134M       5.7M        27M       3.2G

MemTotal:        4016004 kB
MemFree:          137624 kB
Active:           434540 kB
Mem:          3.8G       3.7G       134M       5.7M        27M       3.2G

MemTotal:        4016004 kB
MemFree:          106276 kB
Active:           434676 kB
Mem:          3.8G       3.7G       102M       5.7M        27M       3.3G

MemTotal:        4016004 kB
MemFree:          132052 kB
Active:           430356 kB
Mem:          3.8G       3.7G       128M       5.7M        27M       3.2G

MemTotal:        4016004 kB
MemFree:          132204 kB
Active:           428436 kB
Mem:          3.8G       3.7G       127M       5.7M        27M       3.3G

MemTotal:        4016004 kB
MemFree:          140152 kB
Active:           426388 kB
Mem:          3.8G       3.7G       135M       5.7M        27M       3.2G

MemTotal:        4016004 kB
MemFree:          127468 kB
Active:           425236 kB
Mem:          3.8G       3.7G       123M       5.7M        27M       3.3G

MemTotal:        4016004 kB
MemFree:          117188 kB
Active:           424064 kB
Mem:          3.8G       3.7G       113M       5.7M        27M       3.3G

MemTotal:        4016004 kB
MemFree:          107280 kB
Active:           424972 kB
Mem:          3.8G       3.7G       104M       5.7M        27M       3.3G

MemTotal:        4016004 kB
MemFree:          108632 kB
Active:           423316 kB
Mem:          3.8G       3.7G       105M       5.7M        27M       3.3G

MemTotal:        4016004 kB
MemFree:          132888 kB
Active:           419004 kB
Mem:          3.8G       3.7G       129M       5.7M        27M       3.2G

MemTotal:        4016004 kB
MemFree:          123680 kB
Active:           417852 kB
Mem:          3.8G       3.7G       119M       5.7M        27M       3.3G

MemTotal:        4016004 kB
MemFree:          124812 kB
Active:           414144 kB
Mem:          3.8G       3.7G       121M       5.7M        27M       3.3G

MemTotal:        4016004 kB
MemFree:          139224 kB
Active:           412360 kB
Mem:          3.8G       3.7G       134M       5.7M        28M       3.2G

MemTotal:        4016004 kB
MemFree:          142636 kB
Active:           411084 kB
Mem:          3.8G       3.7G       138M       5.7M        28M       3.2G

MemTotal:        4016004 kB
MemFree:          135944 kB
Active:           409556 kB
Mem:          3.8G       3.7G       132M       5.7M        28M       3.2G

MemTotal:        4016004 kB
MemFree:          125216 kB
Active:           408108 kB
Mem:          3.8G       3.7G       122M       5.7M        28M       3.3G

MemTotal:        4016004 kB
MemFree:          121604 kB
Active:           406892 kB
Mem:          3.8G       3.7G       117M       5.7M        28M       3.3G

MemTotal:        4016004 kB
MemFree:          104976 kB
Active:           406892 kB
Mem:          3.8G       3.7G       125M       5.7M        28M       3.2G

MemTotal:        4016004 kB
MemFree:          109928 kB
Active:           406260 kB
Mem:          3.8G       3.7G       106M       5.7M        28M       3.3G

MemTotal:        4016004 kB
MemFree:          124448 kB
Active:           404468 kB
Mem:          3.8G       3.7G       131M       5.7M        28M       3.2G

MemTotal:        4016004 kB
MemFree:          125840 kB
Active:           402808 kB
Mem:          3.8G       3.7G       122M       5.7M        28M       3.3G

MemTotal:        4016004 kB
MemFree:          127588 kB
Active:           401144 kB
Mem:          3.8G       3.7G       123M       5.7M        28M       3.3G

MemTotal:        4016004 kB
MemFree:          134560 kB
Active:           399108 kB
Mem:          3.8G       3.7G       130M       5.7M        28M       3.2G

MemTotal:        4016004 kB
MemFree:          123248 kB
Active:           397844 kB
Mem:          3.8G       3.7G       119M       5.7M        28M       3.3G

MemTotal:        4016004 kB
MemFree:          114380 kB
Active:           396692 kB
Mem:          3.8G       3.7G       109M       5.7M        28M       3.3G

MemTotal:        4016004 kB
MemFree:          127808 kB
Active:           394900 kB
Mem:          3.8G       3.7G       123M       5.7M        28M       3.3G

MemTotal:        4016004 kB
MemFree:          117720 kB
Active:           391724 kB
Mem:          3.8G       3.7G       114M       5.7M        28M       3.3G

MemTotal:        4016004 kB
MemFree:          124692 kB
Active:           389684 kB
Mem:          3.8G       3.7G       121M       5.7M        28M       3.3G

MemTotal:        4016004 kB
MemFree:          113560 kB
Active:           388544 kB
Mem:          3.8G       3.7G       110M       5.7M        28M       3.3G

MemTotal:        4016004 kB
MemFree:          127044 kB
Active:           384796 kB
Mem:          3.8G       3.7G       122M       5.7M        28M       3.3G

MemTotal:        4016004 kB
MemFree:          107372 kB
Active:           383516 kB
Mem:          3.8G       3.7G       103M       5.7M        28M       3.3G

MemTotal:        4016004 kB
MemFree:          111312 kB
Active:           381600 kB
Mem:          3.8G       3.7G       107M       5.7M        28M       3.3G

MemTotal:        4016004 kB
MemFree:          122664 kB
Active:           380456 kB
Mem:          3.8G       3.7G       118M       5.7M        28M       3.3G

MemTotal:        4016004 kB
MemFree:          112648 kB
Active:           379304 kB
Mem:          3.8G       3.7G       109M       5.7M        28M       3.3G

MemTotal:        4016004 kB
MemFree:          115760 kB
Active:           377384 kB
Mem:          3.8G       3.7G       112M       5.7M        28M       3.3G

MemTotal:        4016004 kB
MemFree:          116964 kB
Active:           376364 kB
Mem:          3.8G       3.7G       113M       5.7M        28M       3.3G

MemTotal:        4016004 kB
MemFree:          124408 kB
Active:           374612 kB
Mem:          3.8G       3.7G       120M       5.7M        28M       3.3G

MemTotal:        4016004 kB
MemFree:          108040 kB
Active:           374612 kB
Mem:          3.8G       3.7G       105M       5.7M        28M       3.3G

MemTotal:        4016004 kB
MemFree:          107920 kB
Active:           374596 kB
Mem:          3.8G       3.7G       105M       5.7M        28M       3.3G

MemTotal:        4016004 kB
MemFree:          130992 kB
Active:           374624 kB
Mem:          3.8G       3.7G       127M       5.7M        28M       3.2G

MemTotal:        4016004 kB
MemFree:          132384 kB
Active:           374624 kB
Mem:          3.8G       3.7G       128M       5.7M        28M       3.2G

MemTotal:        4016004 kB
MemFree:          121492 kB
Active:           374508 kB
Mem:          3.8G       3.7G       117M       5.7M        28M       3.3G

MemTotal:        4016004 kB
MemFree:          105180 kB
Active:           374508 kB
Mem:          3.8G       3.7G       102M       5.7M        28M       3.3G

MemTotal:        4016004 kB
MemFree:          105276 kB
Active:           374512 kB
Mem:          3.8G       3.7G       102M       5.7M        28M       3.3G

MemTotal:        4016004 kB
MemFree:          136096 kB
Active:           374516 kB
Mem:          3.8G       3.7G       131M       5.7M        28M       3.2G

MemTotal:        4016004 kB
MemFree:          126088 kB
Active:           374520 kB
Mem:          3.8G       3.7G       122M       5.7M        28M       3.3G

MemTotal:        4016004 kB
MemFree:          115312 kB
Active:           374520 kB
Mem:          3.8G       3.7G       111M       5.7M        28M       3.3G

MemTotal:        4016004 kB
MemFree:          124272 kB
Active:           374528 kB
Mem:          3.8G       3.7G       120M       5.7M        28M       3.3G

MemTotal:        4016004 kB
MemFree:          113504 kB
Active:           374532 kB
Mem:          3.8G       3.7G       109M       5.7M        28M       3.3G

MemTotal:        4016004 kB
MemFree:          126800 kB
Active:           374532 kB
Mem:          3.8G       3.7G       122M       5.7M        28M       3.3G

MemTotal:        4016004 kB
MemFree:          127392 kB
Active:           374536 kB
Mem:          3.8G       3.7G       124M       5.7M        28M       3.2G

MemTotal:        4016004 kB
MemFree:          105776 kB
Active:           374564 kB
Mem:          3.8G       3.7G       118M       5.7M        28M       3.3G

MemTotal:        4016004 kB
MemFree:          126300 kB
Active:           374576 kB
Mem:          3.8G       3.7G       123M       5.7M        28M       3.3G

MemTotal:        4016004 kB
MemFree:          132472 kB
Active:           374580 kB
Mem:          3.8G       3.7G       142M       5.7M        28M       3.2G

MemTotal:        4016004 kB
MemFree:          126024 kB
Active:           371368 kB
Mem:          3.8G       3.7G       122M       5.7M        28M       3.3G

MemTotal:        4016004 kB
MemFree:          126920 kB
Active:           371372 kB
Mem:          3.8G       3.7G       122M       5.7M        28M       3.3G

MemTotal:        4016004 kB
MemFree:          128440 kB
Active:           371380 kB
Mem:          3.8G       3.7G       124M       5.7M        28M       3.2G

MemTotal:        4016004 kB
MemFree:          141692 kB
Active:           371388 kB
Mem:          3.8G       3.7G       138M       5.7M        28M       3.2G

MemTotal:        4016004 kB
MemFree:          142688 kB
Active:           371348 kB
Mem:          3.8G       3.7G       139M       5.7M        28M       3.2G

MemTotal:        4016004 kB
MemFree:          143096 kB
Active:           371348 kB
Mem:          3.8G       3.7G       139M       5.7M        28M       3.2G

MemTotal:        4016004 kB
MemFree:          117896 kB
Active:           371368 kB
Mem:          3.8G       3.7G       114M       5.7M        28M       3.3G

MemTotal:        4016004 kB
MemFree:          108112 kB
Active:           371396 kB
Mem:          3.8G       3.7G       104M       5.7M        28M       3.3G

MemTotal:        4016004 kB
MemFree:          121904 kB
Active:           371308 kB
Mem:          3.8G       3.7G       118M       5.7M        28M       3.3G

MemTotal:        4016004 kB
MemFree:          123652 kB
Active:           371284 kB
Mem:          3.8G       3.7G       119M       5.7M        28M       3.3G

MemTotal:        4016004 kB
MemFree:          137196 kB
Active:           371324 kB
Mem:          3.8G       3.7G       133M       5.7M        28M       3.2G

MemTotal:        4016004 kB
MemFree:          126724 kB
Active:           371284 kB
Mem:          3.8G       3.7G       122M       5.7M        28M       3.3G

MemTotal:        4016004 kB
MemFree:          142096 kB
Active:           373072 kB
Mem:          3.8G       3.7G       137M       5.7M        28M       3.2G

MemTotal:        4016004 kB
MemFree:          105220 kB
Active:           373108 kB
Mem:          3.8G       3.7G       102M       5.7M        28M       3.3G

MemTotal:        4016004 kB
MemFree:          122148 kB
Active:           372996 kB
Mem:          3.8G       3.7G       118M       5.7M        28M       3.3G

MemTotal:        4016004 kB
MemFree:          123912 kB
Active:           372888 kB
Mem:          3.8G       3.7G       120M       5.7M        28M       3.3G

MemTotal:        4016004 kB
MemFree:          113684 kB
Active:           372936 kB
Mem:          3.8G       3.7G       110M       5.7M        28M       3.3G

MemTotal:        4016004 kB
MemFree:          125748 kB
Active:           372956 kB
Mem:          3.8G       3.7G       122M       5.7M        28M       3.3G

MemTotal:        4016004 kB
MemFree:          114076 kB
Active:           372952 kB
Mem:          3.8G       3.7G       111M       5.7M        28M       3.3G

MemTotal:        4016004 kB
MemFree:          113680 kB
Active:           372924 kB
Mem:          3.8G       3.7G       110M       5.7M        28M       3.3G

MemTotal:        4016004 kB
MemFree:          109108 kB
Active:           372928 kB
Mem:          3.8G       3.7G       105M       5.7M        28M       3.3G

MemTotal:        4016004 kB
MemFree:          133392 kB
Active:           372668 kB
Mem:          3.8G       3.7G       129M       5.7M        28M       3.2G

MemTotal:        4016004 kB
MemFree:          123780 kB
Active:           373372 kB
Mem:          3.8G       3.7G       119M       5.7M        28M       3.3G

MemTotal:        4016004 kB
MemFree:          125280 kB
Active:           373380 kB
Mem:          3.8G       3.7G       121M       5.7M        28M       3.3G

MemTotal:        4016004 kB
MemFree:          140096 kB
Active:           372592 kB
Mem:          3.8G       3.7G       135M       5.7M        28M       3.2G

MemTotal:        4016004 kB
MemFree:          140340 kB
Active:           372592 kB
Mem:          3.8G       3.7G       136M       5.7M        28M       3.2G

MemTotal:        4016004 kB
MemFree:          105912 kB
Active:           372592 kB
Mem:          3.8G       3.7G       103M       5.7M        28M       3.3G

MemTotal:        4016004 kB
MemFree:          126692 kB
Active:           372560 kB
Mem:          3.8G       3.7G       122M       5.7M        28M       3.2G

MemTotal:        4016004 kB
MemFree:          116664 kB
Active:           372612 kB
Mem:          3.8G       3.7G       113M       5.7M        28M       3.3G

MemTotal:        4016004 kB
MemFree:          105936 kB
Active:           372612 kB
Mem:          3.8G       3.7G       102M       5.7M        28M       3.3G

MemTotal:        4016004 kB
MemFree:          133028 kB
Active:           372612 kB
Mem:          3.8G       3.7G       129M       5.7M        28M       3.2G

MemTotal:        4016004 kB
MemFree:          154276 kB
Active:           372624 kB
Mem:          3.8G       3.7G       149M       5.7M        28M       3.2G

MemTotal:        4016004 kB
MemFree:          107468 kB
Active:           372624 kB
Mem:          3.8G       3.7G       104M       5.7M        28M       3.3G

MemTotal:        4016004 kB
MemFree:          131744 kB
Active:           370088 kB
Mem:          3.8G       3.7G       128M       5.7M        28M       3.2G

MemTotal:        4016004 kB
MemFree:          109320 kB
Active:           370096 kB
Mem:          3.8G       3.7G       105M       5.7M        28M       3.3G

MemTotal:        4016004 kB
MemFree:          134668 kB
Active:           370084 kB
Mem:          3.8G       3.7G       131M       5.7M        28M       3.2G

MemTotal:        4016004 kB
MemFree:          105996 kB
Active:           370080 kB
Mem:          3.8G       3.7G       113M       5.7M        28M       3.3G

MemTotal:        4016004 kB
MemFree:          131816 kB
Active:           370064 kB
Mem:          3.8G       3.7G       128M       5.7M        28M       3.2G

MemTotal:        4016004 kB
MemFree:          115212 kB
Active:           370068 kB
Mem:          3.8G       3.7G       112M       5.7M        28M       3.3G

MemTotal:        4016004 kB
MemFree:          105100 kB
Active:           370080 kB
Mem:          3.8G       3.7G       124M       5.7M        28M       3.2G

MemTotal:        4016004 kB
MemFree:          113004 kB
Active:           369932 kB
Mem:          3.8G       3.7G       109M       5.7M        28M       3.3G

MemTotal:        4016004 kB
MemFree:          125896 kB
Active:           369920 kB
Mem:          3.8G       3.7G       122M       5.7M        28M       3.2G

MemTotal:        4016004 kB
MemFree:          106552 kB
Active:           369916 kB
Mem:          3.8G       3.7G       104M       5.7M        28M       3.3G

MemTotal:        4016004 kB
MemFree:          106056 kB
Active:           369972 kB
Mem:          3.8G       3.7G       103M       5.7M        28M       3.3G

MemTotal:        4016004 kB
MemFree:          105748 kB
Active:           369988 kB
Mem:          3.8G       3.7G       103M       5.7M        28M       3.3G

MemTotal:        4016004 kB
MemFree:          106000 kB
Active:           369996 kB
Mem:          3.8G       3.7G       103M       5.7M        28M       3.3G

MemTotal:        4016004 kB
MemFree:          114036 kB
Active:           369988 kB
Mem:          3.8G       3.7G       110M       5.7M        28M       3.3G

MemTotal:        4016004 kB
MemFree:          127672 kB
Active:           369980 kB
Mem:          3.8G       3.7G       124M       5.7M        28M       3.2G

MemTotal:        4016004 kB
MemFree:          128056 kB
Active:           370000 kB
Mem:          3.8G       3.7G       124M       5.7M        28M       3.2G

MemTotal:        4016004 kB
MemFree:          105408 kB
Active:           370008 kB
Mem:          3.8G       3.7G       125M       5.7M        28M       3.2G

MemTotal:        4016004 kB
MemFree:          105916 kB
Active:           369972 kB
Mem:          3.8G       3.7G       102M       5.7M        28M       3.3G

MemTotal:        4016004 kB
MemFree:          125964 kB
Active:           367264 kB
Mem:          3.8G       3.7G       128M       5.7M        28M       3.2G

MemTotal:        4016004 kB
MemFree:          127828 kB
Active:           367180 kB
Mem:          3.8G       3.7G       124M       5.7M        28M       3.2G

MemTotal:        4016004 kB
MemFree:          135768 kB
Active:           367184 kB
Mem:          3.8G       3.7G       132M       5.7M        28M       3.2G

MemTotal:        4016004 kB
MemFree:          115936 kB
Active:           367200 kB
Mem:          3.8G       3.7G       112M       5.7M        28M       3.3G

MemTotal:        4016004 kB
MemFree:          111420 kB
Active:           367220 kB
Mem:          3.8G       3.7G       107M       5.7M        28M       3.3G

MemTotal:        4016004 kB
MemFree:          125028 kB
Active:           367212 kB
Mem:          3.8G       3.7G       121M       5.7M        28M       3.2G

MemTotal:        4016004 kB
MemFree:          130172 kB
Active:           367196 kB
Mem:          3.8G       3.7G       126M       5.7M        28M       3.2G

MemTotal:        4016004 kB
MemFree:          123788 kB
Active:           367236 kB
Mem:          3.8G       3.7G       120M       5.7M        28M       3.2G

MemTotal:        4016004 kB
MemFree:          135196 kB
Active:           367268 kB
Mem:          3.8G       3.7G       131M       5.7M        28M       3.2G

MemTotal:        4016004 kB
MemFree:          134580 kB
Active:           367224 kB
Mem:          3.8G       3.7G       131M       5.7M        28M       3.2G

MemTotal:        4016004 kB
MemFree:          113368 kB
Active:           367288 kB
Mem:          3.8G       3.7G       110M       5.7M        28M       3.3G

MemTotal:        4016004 kB
MemFree:          127376 kB
Active:           367288 kB
Mem:          3.8G       3.7G       123M       5.7M        28M       3.2G

MemTotal:        4016004 kB
MemFree:          124912 kB
Active:           366532 kB
Mem:          3.8G       3.7G       120M       5.7M        28M       3.2G

MemTotal:        4016004 kB
MemFree:          113408 kB
Active:           366556 kB
Mem:          3.8G       3.7G       109M       5.7M        28M       3.3G

MemTotal:        4016004 kB
MemFree:          115032 kB
Active:           366552 kB
Mem:          3.8G       3.7G       111M       5.7M        28M       3.3G

MemTotal:        4016004 kB
MemFree:          117416 kB
Active:           366556 kB
Mem:          3.8G       3.7G       113M       5.7M        28M       3.3G

MemTotal:        4016004 kB
MemFree:          106144 kB
Active:           366564 kB
Mem:          3.8G       3.7G       102M       5.7M        28M       3.3G

MemTotal:        4016004 kB
MemFree:          132488 kB
Active:           366552 kB
Mem:          3.8G       3.7G       128M       5.7M        28M       3.2G

MemTotal:        4016004 kB
MemFree:          123752 kB
Active:           366536 kB
Mem:          3.8G       3.7G       120M       5.7M        28M       3.2G

MemTotal:        4016004 kB
MemFree:          114896 kB
Active:           366540 kB
Mem:          3.8G       3.7G       111M       5.7M        28M       3.3G

MemTotal:        4016004 kB
MemFree:          131184 kB
Active:           366564 kB
Mem:          3.8G       3.7G       127M       5.7M        28M       3.2G

MemTotal:        4016004 kB
MemFree:          121328 kB
Active:           366580 kB
Mem:          3.8G       3.7G       117M       5.7M        28M       3.2G

MemTotal:        4016004 kB
MemFree:          105244 kB
Active:           360312 kB
Mem:          3.8G       3.7G       125M       5.7M        28M       3.2G

MemTotal:        4016004 kB
MemFree:          142044 kB
Active:           360328 kB
Mem:          3.8G       3.7G       138M       5.7M        28M       3.2G

MemTotal:        4016004 kB
MemFree:          132564 kB
Active:           360356 kB
Mem:          3.8G       3.7G       128M       5.7M        28M       3.2G

MemTotal:        4016004 kB
MemFree:          133816 kB
Active:           360356 kB
Mem:          3.8G       3.7G       129M       5.7M        28M       3.2G

MemTotal:        4016004 kB
MemFree:          128760 kB
Active:           360352 kB
Mem:          3.8G       3.7G       124M       5.7M        28M       3.2G

MemTotal:        4016004 kB
MemFree:          118728 kB
Active:           360340 kB
Mem:          3.8G       3.7G       114M       5.7M        28M       3.3G

MemTotal:        4016004 kB
MemFree:          126352 kB
Active:           360352 kB
Mem:          3.8G       3.7G       122M       5.7M        28M       3.2G

MemTotal:        4016004 kB
MemFree:          116196 kB
Active:           360356 kB
Mem:          3.8G       3.7G       112M       5.7M        28M       3.3G

MemTotal:        4016004 kB
MemFree:          126776 kB
Active:           360392 kB
Mem:          3.8G       3.7G       123M       5.7M        28M       3.2G

MemTotal:        4016004 kB
MemFree:          109648 kB
Active:           360400 kB
Mem:          3.8G       3.7G       106M       5.7M        28M       3.3G

MemTotal:        4016004 kB
MemFree:          113304 kB
Active:           358152 kB
Mem:          3.8G       3.7G       110M       5.7M        28M       3.3G

MemTotal:        4016004 kB
MemFree:          124668 kB
Active:           358192 kB
Mem:          3.8G       3.7G       121M       5.7M        28M       3.2G

MemTotal:        4016004 kB
MemFree:          126656 kB
Active:           358168 kB
Mem:          3.8G       3.7G       123M       5.7M        28M       3.2G

MemTotal:        4016004 kB
MemFree:          122344 kB
Active:           358168 kB
Mem:          3.8G       3.7G       118M       5.7M        28M       3.2G

MemTotal:        4016004 kB
MemFree:          111940 kB
Active:           358164 kB
Mem:          3.8G       3.7G       108M       5.7M        28M       3.3G

MemTotal:        4016004 kB
MemFree:          113456 kB
Active:           358168 kB
Mem:          3.8G       3.7G       110M       5.7M        28M       3.3G

MemTotal:        4016004 kB
MemFree:          127108 kB
Active:           358168 kB
Mem:          3.8G       3.7G       123M       5.7M        28M       3.2G

MemTotal:        4016004 kB
MemFree:          141768 kB
Active:           358200 kB
Mem:          3.8G       3.7G       137M       5.7M        28M       3.2G

MemTotal:        4016004 kB
MemFree:          144040 kB
Active:           358204 kB
Mem:          3.8G       3.7G       139M       5.7M        28M       3.2G

MemTotal:        4016004 kB
MemFree:          132740 kB
Active:           360256 kB
Mem:          3.8G       3.7G       129M       5.7M        28M       3.2G

MemTotal:        4016004 kB
MemFree:          129728 kB
Active:           360276 kB
Mem:          3.8G       3.7G       126M       5.7M        28M       3.2G

MemTotal:        4016004 kB
MemFree:          119068 kB
Active:           360284 kB
Mem:          3.8G       3.7G       115M       5.7M        28M       3.2G

MemTotal:        4016004 kB
MemFree:          107260 kB
Active:           356720 kB
Mem:          3.8G       3.7G       103M       5.7M        28M       3.3G

MemTotal:        4016004 kB
MemFree:          132356 kB
Active:           356780 kB
Mem:          3.8G       3.7G       133M       5.7M        28M       3.2G

MemTotal:        4016004 kB
MemFree:          129784 kB
Active:           356740 kB
Mem:          3.8G       3.7G       126M       5.7M        28M       3.2G

MemTotal:        4016004 kB
MemFree:          129920 kB
Active:           356772 kB
Mem:          3.8G       3.7G       126M       5.7M        28M       3.2G

MemTotal:        4016004 kB
MemFree:          120400 kB
Active:           356744 kB
Mem:          3.8G       3.7G       117M       5.7M        28M       3.2G

MemTotal:        4016004 kB
MemFree:          121776 kB
Active:           356756 kB
Mem:          3.8G       3.7G       117M       5.7M        28M       3.2G

MemTotal:        4016004 kB
MemFree:          136372 kB
Active:           356784 kB
Mem:          3.8G       3.7G       132M       5.7M        28M       3.2G

MemTotal:        4016004 kB
MemFree:          148848 kB
Active:           356796 kB
Mem:          3.8G       3.7G       144M       5.7M        28M       3.2G

MemTotal:        4016004 kB
MemFree:          126440 kB
Active:           356788 kB
Mem:          3.8G       3.7G       122M       5.7M        28M       3.2G

MemTotal:        4016004 kB
MemFree:          112164 kB
Active:           356784 kB
Mem:          3.8G       3.7G       109M       5.7M        28M       3.3G

MemTotal:        4016004 kB
MemFree:          127016 kB
Active:           356784 kB
Mem:          3.8G       3.7G       122M       5.7M        28M       3.2G

MemTotal:        4016004 kB
MemFree:          131720 kB
Active:           354144 kB
Mem:          3.8G       3.7G       127M       5.7M        28M       3.2G

MemTotal:        4016004 kB
MemFree:          121180 kB
Active:           354120 kB
Mem:          3.8G       3.7G       117M       5.7M        28M       3.2G

MemTotal:        4016004 kB
MemFree:          111280 kB
Active:           354112 kB
Mem:          3.8G       3.7G       107M       5.7M        28M       3.3G

MemTotal:        4016004 kB
MemFree:          125428 kB
Active:           354128 kB
Mem:          3.8G       3.7G       125M       5.7M        28M       3.2G

MemTotal:        4016004 kB
MemFree:          126928 kB
Active:           354132 kB
Mem:          3.8G       3.7G       122M       5.7M        28M       3.2G

MemTotal:        4016004 kB
MemFree:          128072 kB
Active:           354156 kB
Mem:          3.8G       3.7G       124M       5.7M        28M       3.2G

MemTotal:        4016004 kB
MemFree:          124412 kB
Active:           354164 kB
Mem:          3.8G       3.7G       121M       5.7M        28M       3.2G

MemTotal:        4016004 kB
MemFree:          140964 kB
Active:           354176 kB
Mem:          3.8G       3.7G       136M       5.7M        28M       3.2G

MemTotal:        4016004 kB
MemFree:          130496 kB
Active:           354184 kB
Mem:          3.8G       3.7G       126M       5.7M        28M       3.2G

MemTotal:        4016004 kB
MemFree:          120700 kB
Active:           354184 kB
Mem:          3.8G       3.7G       117M       5.7M        28M       3.2G

MemTotal:        4016004 kB
MemFree:          110800 kB
Active:           354184 kB
Mem:          3.8G       3.7G       108M       5.7M        28M       3.3G

MemTotal:        4016004 kB
MemFree:          125920 kB
Active:           354196 kB
Mem:          3.8G       3.7G       122M       5.7M        28M       3.2G

MemTotal:        4016004 kB
MemFree:          123684 kB
Active:           354196 kB
Mem:          3.8G       3.7G       144M       5.7M        28M       3.2G

MemTotal:        4016004 kB
MemFree:          130320 kB
Active:           351024 kB
Mem:          3.8G       3.7G       126M       5.7M        28M       3.2G

MemTotal:        4016004 kB
MemFree:          125636 kB
Active:           350832 kB
Mem:          3.8G       3.7G       121M       5.7M        28M       3.2G

MemTotal:        4016004 kB
MemFree:          108552 kB
Active:           350836 kB
Mem:          3.8G       3.7G       105M       5.7M        28M       3.3G

MemTotal:        4016004 kB
MemFree:          134108 kB
Active:           350836 kB
Mem:          3.8G       3.7G       129M       5.7M        28M       3.2G

MemTotal:        4016004 kB
MemFree:          127920 kB
Active:           350836 kB
Mem:          3.8G       3.7G       124M       5.7M        28M       3.2G

MemTotal:        4016004 kB
MemFree:          128800 kB
Active:           350836 kB
Mem:          3.8G       3.7G       125M       5.7M        28M       3.2G

MemTotal:        4016004 kB
MemFree:          136472 kB
Active:           350844 kB
Mem:          3.8G       3.7G       132M       5.7M        28M       3.2G

MemTotal:        4016004 kB
MemFree:          109252 kB
Active:           350856 kB
Mem:          3.8G       3.7G       106M       5.7M        28M       3.3G

MemTotal:        4016004 kB
MemFree:          135720 kB
Active:           350856 kB
Mem:          3.8G       3.7G       132M       5.7M        28M       3.2G

MemTotal:        4016004 kB
MemFree:          136128 kB
Active:           350860 kB
Mem:          3.8G       3.7G       132M       5.7M        28M       3.2G

MemTotal:        4016004 kB
MemFree:          135000 kB
Active:           350868 kB
Mem:          3.8G       3.7G       131M       5.7M        28M       3.2G

MemTotal:        4016004 kB
MemFree:          140800 kB
Active:           350868 kB
Mem:          3.8G       3.7G       137M       5.7M        28M       3.2G

MemTotal:        4016004 kB
MemFree:          139068 kB
Active:           350844 kB
Mem:          3.8G       3.7G       135M       5.7M        28M       3.2G

MemTotal:        4016004 kB
MemFree:          105048 kB
Active:           352924 kB
Mem:          3.8G       3.7G       125M       5.7M        28M       3.2G

MemTotal:        4016004 kB
MemFree:          130744 kB
Active:           352156 kB
Mem:          3.8G       3.7G       126M       5.7M        28M       3.2G

MemTotal:        4016004 kB
MemFree:          109304 kB
Active:           352156 kB
Mem:          3.8G       3.7G       105M       5.7M        28M       3.3G

MemTotal:        4016004 kB
MemFree:          134752 kB
Active:           352040 kB
Mem:          3.8G       3.7G       130M       5.7M        28M       3.2G

MemTotal:        4016004 kB
MemFree:          138236 kB
Active:           352040 kB
Mem:          3.8G       3.7G       134M       5.7M        28M       3.2G

MemTotal:        4016004 kB
MemFree:          140372 kB
Active:           352040 kB
Mem:          3.8G       3.7G       136M       5.7M        28M       3.2G

MemTotal:        4016004 kB
MemFree:          135100 kB
Active:           351776 kB
Mem:          3.8G       3.7G       131M       5.7M        28M       3.2G

MemTotal:        4016004 kB
MemFree:          126964 kB
Active:           351776 kB
Mem:          3.8G       3.7G       123M       5.7M        28M       3.2G

MemTotal:        4016004 kB
MemFree:          126848 kB
Active:           351772 kB
Mem:          3.8G       3.7G       123M       5.7M        28M       3.2G

MemTotal:        4016004 kB
MemFree:          133380 kB
Active:           351804 kB
Mem:          3.8G       3.7G       129M       5.7M        28M       3.2G

MemTotal:        4016004 kB
MemFree:          112636 kB
Active:           351496 kB
Mem:          3.8G       3.7G       110M       5.7M        28M       3.2G

MemTotal:        4016004 kB
MemFree:          112952 kB
Active:           351476 kB
Mem:          3.8G       3.7G       110M       5.7M        28M       3.2G

MemTotal:        4016004 kB
MemFree:          113264 kB
Active:           351448 kB
Mem:          3.8G       3.7G       110M       5.7M        28M       3.2G

MemTotal:        4016004 kB
MemFree:          113140 kB
Active:           351500 kB
Mem:          3.8G       3.7G       110M       5.7M        28M       3.2G

MemTotal:        4016004 kB
MemFree:          113016 kB
Active:           351488 kB
Mem:          3.8G       3.7G       110M       5.7M        28M       3.2G

MemTotal:        4016004 kB
MemFree:          113016 kB
Active:           351464 kB
Mem:          3.8G       3.7G       110M       5.7M        28M       3.2G

MemTotal:        4016004 kB
MemFree:          113636 kB
Active:           351468 kB
Mem:          3.8G       3.7G       110M       5.7M        28M       3.2G

MemTotal:        4016004 kB
MemFree:          113636 kB
Active:           351448 kB
Mem:          3.8G       3.7G       110M       5.7M        28M       3.2G

MemTotal:        4016004 kB
MemFree:          113636 kB
Active:           351504 kB
Mem:          3.8G       3.7G       110M       5.7M        28M       3.2G

MemTotal:        4016004 kB
MemFree:          110968 kB
Active:           351504 kB
Mem:          3.8G       3.7G       108M       5.7M        28M       3.2G

MemTotal:        4016004 kB
MemFree:          111464 kB
Active:           353556 kB
Mem:          3.8G       3.7G       108M       5.7M        28M       3.2G

MemTotal:        4016004 kB
MemFree:          111216 kB
Active:           353536 kB
Mem:          3.8G       3.7G       108M       5.7M        28M       3.2G

MemTotal:        4016004 kB
MemFree:          111216 kB
Active:           353516 kB
Mem:          3.8G       3.7G       108M       5.7M        28M       3.2G

MemTotal:        4016004 kB
MemFree:          111340 kB
Active:           353564 kB
Mem:          3.8G       3.7G       108M       5.7M        28M       3.2G

MemTotal:        4016004 kB
MemFree:          111340 kB
Active:           353564 kB
Mem:          3.8G       3.7G       108M       5.7M        28M       3.2G

MemTotal:        4016004 kB
MemFree:          111340 kB
Active:           353520 kB
Mem:          3.8G       3.7G       108M       5.7M        28M       3.2G

MemTotal:        4016004 kB
MemFree:          111216 kB
Active:           353548 kB
Mem:          3.8G       3.7G       108M       5.7M        28M       3.2G

MemTotal:        4016004 kB
MemFree:          111464 kB
Active:           353540 kB
Mem:          3.8G       3.7G       108M       5.7M        28M       3.2G

MemTotal:        4016004 kB
MemFree:          111464 kB
Active:           353552 kB
Mem:          3.8G       3.7G       108M       5.7M        28M       3.2G

MemTotal:        4016004 kB
MemFree:          109168 kB
Active:           353540 kB
Mem:          3.8G       3.7G       106M       5.7M        28M       3.2G

MemTotal:        4016004 kB
MemFree:          109168 kB
Active:           355620 kB
Mem:          3.8G       3.7G       106M       5.7M        28M       3.2G

MemTotal:        4016004 kB
MemFree:          109044 kB
Active:           355592 kB
Mem:          3.8G       3.7G       106M       5.7M        28M       3.2G

MemTotal:        4016004 kB
MemFree:          109044 kB
Active:           355604 kB
Mem:          3.8G       3.7G       106M       5.7M        28M       3.2G

MemTotal:        4016004 kB
MemFree:          109168 kB
Active:           355600 kB
Mem:          3.8G       3.7G       106M       5.7M        28M       3.2G

MemTotal:        4016004 kB
MemFree:          109044 kB
Active:           355632 kB
Mem:          3.8G       3.7G       106M       5.7M        28M       3.2G

MemTotal:        4016004 kB
MemFree:          108920 kB
Active:           355604 kB
Mem:          3.8G       3.7G       106M       5.7M        28M       3.2G

MemTotal:        4016004 kB
MemFree:          108920 kB
Active:           355620 kB
Mem:          3.8G       3.7G       106M       5.7M        28M       3.2G

MemTotal:        4016004 kB
MemFree:          108920 kB
Active:           355580 kB
Mem:          3.8G       3.7G       106M       5.7M        28M       3.2G

MemTotal:        4016004 kB
MemFree:          109292 kB
Active:           355632 kB
Mem:          3.8G       3.7G       106M       5.7M        28M       3.2G

MemTotal:        4016004 kB
MemFree:          109168 kB
Active:           355608 kB
Mem:          3.8G       3.7G       106M       5.7M        28M       3.2G

MemTotal:        4016004 kB
MemFree:          109200 kB
Active:           355636 kB
Mem:          3.8G       3.7G       106M       5.7M        28M       3.2G

MemTotal:        4016004 kB
MemFree:          109324 kB
Active:           355640 kB
Mem:          3.8G       3.7G       106M       5.7M        28M       3.2G

MemTotal:        4016004 kB
MemFree:          109200 kB
Active:           355648 kB
Mem:          3.8G       3.7G       106M       5.7M        28M       3.2G

MemTotal:        4016004 kB
MemFree:          109324 kB
Active:           355652 kB
Mem:          3.8G       3.7G       106M       5.7M        28M       3.2G

MemTotal:        4016004 kB
MemFree:          109324 kB
Active:           355624 kB
Mem:          3.8G       3.7G       106M       5.7M        28M       3.2G

MemTotal:        4016004 kB
MemFree:          109324 kB
Active:           355640 kB
Mem:          3.8G       3.7G       106M       5.7M        28M       3.2G

MemTotal:        4016004 kB
MemFree:          109200 kB
Active:           355644 kB
Mem:          3.8G       3.7G       106M       5.7M        28M       3.2G

MemTotal:        4016004 kB
MemFree:          109076 kB
Active:           355668 kB
Mem:          3.8G       3.7G       106M       5.7M        28M       3.2G

MemTotal:        4016004 kB
MemFree:          109324 kB
Active:           355624 kB
Mem:          3.8G       3.7G       106M       5.7M        28M       3.2G

MemTotal:        4016004 kB
MemFree:          109076 kB
Active:           355668 kB
Mem:          3.8G       3.7G       106M       5.7M        28M       3.2G

MemTotal:        4016004 kB
MemFree:          108952 kB
Active:           355628 kB
Mem:          3.8G       3.7G       106M       5.7M        28M       3.2G

MemTotal:        4016004 kB
MemFree:          108952 kB
Active:           355644 kB
Mem:          3.8G       3.7G       106M       5.7M        28M       3.2G

MemTotal:        4016004 kB
MemFree:          109076 kB
Active:           355628 kB
Mem:          3.8G       3.7G       106M       5.7M        28M       3.2G

MemTotal:        4016004 kB
MemFree:          109076 kB
Active:           355656 kB
Mem:          3.8G       3.7G       106M       5.7M        28M       3.2G

MemTotal:        4016004 kB
MemFree:          109200 kB
Active:           355668 kB
Mem:          3.8G       3.7G       106M       5.7M        28M       3.2G

MemTotal:        4016004 kB
MemFree:          109200 kB
Active:           355628 kB
Mem:          3.8G       3.7G       106M       5.7M        28M       3.2G

MemTotal:        4016004 kB
MemFree:          109324 kB
Active:           355640 kB
Mem:          3.8G       3.7G       106M       5.7M        28M       3.2G

MemTotal:        4016004 kB
MemFree:          109572 kB
Active:           355672 kB
Mem:          3.8G       3.7G       106M       5.7M        28M       3.2G

MemTotal:        4016004 kB
MemFree:          109324 kB
Active:           355640 kB
Mem:          3.8G       3.7G       106M       5.7M        28M       3.2G

MemTotal:        4016004 kB
MemFree:          109324 kB
Active:           355656 kB
Mem:          3.8G       3.7G       106M       5.7M        28M       3.2G

MemTotal:        4016004 kB
MemFree:          109200 kB
Active:           355636 kB
Mem:          3.8G       3.7G       106M       5.7M        28M       3.2G

MemTotal:        4016004 kB
MemFree:          109324 kB
Active:           355656 kB
Mem:          3.8G       3.7G       106M       5.7M        28M       3.2G

MemTotal:        4016004 kB
MemFree:          109076 kB
Active:           355636 kB
Mem:          3.8G       3.7G       106M       5.7M        28M       3.2G

MemTotal:        4016004 kB
MemFree:          109076 kB
Active:           355656 kB
Mem:          3.8G       3.7G       106M       5.7M        28M       3.2G

MemTotal:        4016004 kB
MemFree:          109200 kB
Active:           355688 kB
Mem:          3.8G       3.7G       106M       5.7M        28M       3.2G

MemTotal:        4016004 kB
MemFree:          109216 kB
Active:           355664 kB
Mem:          3.8G       3.7G       106M       5.7M        28M       3.2G

MemTotal:        4016004 kB
MemFree:          109092 kB
Active:           355696 kB
Mem:          3.8G       3.7G       106M       5.7M        28M       3.2G

MemTotal:        4016004 kB
MemFree:          109216 kB
Active:           355704 kB
Mem:          3.8G       3.7G       106M       5.7M        28M       3.2G

MemTotal:        4016004 kB
MemFree:          109216 kB
Active:           355700 kB
Mem:          3.8G       3.7G       106M       5.7M        28M       3.2G

MemTotal:        4016004 kB
MemFree:          109216 kB
Active:           355708 kB
Mem:          3.8G       3.7G       106M       5.7M        28M       3.2G

MemTotal:        4016004 kB
MemFree:          109092 kB
Active:           355684 kB
Mem:          3.8G       3.7G       106M       5.7M        28M       3.2G

MemTotal:        4016004 kB
MemFree:          109216 kB
Active:           355684 kB
Mem:          3.8G       3.7G       106M       5.7M        28M       3.2G

MemTotal:        4016004 kB
MemFree:          108968 kB
Active:           355708 kB
Mem:          3.8G       3.7G       106M       5.7M        28M       3.2G

MemTotal:        4016004 kB
MemFree:          108844 kB
Active:           355692 kB
Mem:          3.8G       3.7G       106M       5.7M        28M       3.2G

MemTotal:        4016004 kB
MemFree:          109712 kB
Active:           355696 kB
Mem:          3.8G       3.7G       106M       5.7M        28M       3.2G

MemTotal:        4016004 kB
MemFree:          109216 kB
Active:           355752 kB
Mem:          3.8G       3.7G       106M       5.7M        28M       3.2G

MemTotal:        4016004 kB
MemFree:          109092 kB
Active:           355720 kB
Mem:          3.8G       3.7G       106M       5.7M        28M       3.2G

MemTotal:        4016004 kB
MemFree:          109216 kB
Active:           355752 kB
Mem:          3.8G       3.7G       106M       5.7M        28M       3.2G

MemTotal:        4016004 kB
MemFree:          109092 kB
Active:           355740 kB
Mem:          3.8G       3.7G       106M       5.7M        28M       3.2G

MemTotal:        4016004 kB
MemFree:          107168 kB
Active:           355764 kB
Mem:          3.8G       3.7G       104M       5.7M        28M       3.2G

MemTotal:        4016004 kB
MemFree:          107044 kB
Active:           357748 kB
Mem:          3.8G       3.7G       104M       5.7M        28M       3.2G

MemTotal:        4016004 kB
MemFree:          106920 kB
Active:           357748 kB
Mem:          3.8G       3.7G       104M       5.7M        28M       3.2G

MemTotal:        4016004 kB
MemFree:          107044 kB
Active:           357788 kB
Mem:          3.8G       3.7G       104M       5.7M        28M       3.2G

MemTotal:        4016004 kB
MemFree:          107044 kB
Active:           357784 kB
Mem:          3.8G       3.7G       104M       5.7M        28M       3.2G

MemTotal:        4016004 kB
MemFree:          107168 kB
Active:           357788 kB
Mem:          3.8G       3.7G       104M       5.7M        28M       3.2G

MemTotal:        4016004 kB
MemFree:          107168 kB
Active:           357764 kB
Mem:          3.8G       3.7G       104M       5.7M        28M       3.2G

MemTotal:        4016004 kB
MemFree:          107168 kB
Active:           357768 kB
Mem:          3.8G       3.7G       104M       5.7M        28M       3.2G

MemTotal:        4016004 kB
MemFree:          107292 kB
Active:           357760 kB
Mem:          3.8G       3.7G       104M       5.7M        28M       3.2G

MemTotal:        4016004 kB
MemFree:          107168 kB
Active:           357772 kB
Mem:          3.8G       3.7G       104M       5.7M        28M       3.2G

MemTotal:        4016004 kB
MemFree:          107416 kB
Active:           357804 kB
Mem:          3.8G       3.7G       104M       5.7M        28M       3.2G

MemTotal:        4016004 kB
MemFree:          107292 kB
Active:           357776 kB
Mem:          3.8G       3.7G       104M       5.7M        28M       3.2G

MemTotal:        4016004 kB
MemFree:          107044 kB
Active:           357760 kB
Mem:          3.8G       3.7G       104M       5.7M        28M       3.2G

MemTotal:        4016004 kB
MemFree:          106920 kB
Active:           357792 kB
Mem:          3.8G       3.7G       104M       5.7M        28M       3.2G

MemTotal:        4016004 kB
MemFree:          106788 kB
Active:           357900 kB
Mem:          3.8G       3.7G       104M       5.7M        28M       3.2G

MemTotal:        4016004 kB
MemFree:          107036 kB
Active:           357900 kB
Mem:          3.8G       3.7G       104M       5.7M        28M       3.2G

MemTotal:        4016004 kB
MemFree:          107284 kB
Active:           357896 kB
Mem:          3.8G       3.7G       104M       5.7M        28M       3.2G

MemTotal:        4016004 kB
MemFree:          107392 kB
Active:           357912 kB
Mem:          3.8G       3.7G       104M       5.7M        28M       3.2G

MemTotal:        4016004 kB
MemFree:          107640 kB
Active:           357920 kB
Mem:          3.8G       3.7G       104M       5.7M        28M       3.2G

MemTotal:        4016004 kB
MemFree:          107516 kB
Active:           357920 kB
Mem:          3.8G       3.7G       104M       5.7M        28M       3.2G

MemTotal:        4016004 kB
MemFree:          107020 kB
Active:           357920 kB
Mem:          3.8G       3.7G       104M       5.7M        28M       3.2G

MemTotal:        4016004 kB
MemFree:          107020 kB
Active:           357908 kB
Mem:          3.8G       3.7G       104M       5.7M        28M       3.2G

MemTotal:        4016004 kB
MemFree:          107144 kB
Active:           357916 kB
Mem:          3.8G       3.7G       104M       5.7M        28M       3.2G

MemTotal:        4016004 kB
MemFree:          107144 kB
Active:           357936 kB
Mem:          3.8G       3.7G       104M       5.7M        28M       3.2G

MemTotal:        4016004 kB
MemFree:          106772 kB
Active:           357940 kB
Mem:          3.8G       3.7G       104M       5.7M        28M       3.2G

MemTotal:        4016004 kB
MemFree:          106648 kB
Active:           357928 kB
Mem:          3.8G       3.7G       104M       5.7M        28M       3.2G

MemTotal:        4016004 kB
MemFree:          106772 kB
Active:           357940 kB
Mem:          3.8G       3.7G       104M       5.7M        28M       3.2G

MemTotal:        4016004 kB
MemFree:          106400 kB
Active:           357964 kB
Mem:          3.8G       3.7G       104M       5.7M        28M       3.2G

MemTotal:        4016004 kB
MemFree:          106772 kB
Active:           357932 kB
Mem:          3.8G       3.7G       104M       5.7M        28M       3.2G

MemTotal:        4016004 kB
MemFree:          106896 kB
Active:           357928 kB
Mem:          3.8G       3.7G       104M       5.7M        28M       3.2G

MemTotal:        4016004 kB
MemFree:          106772 kB
Active:           357932 kB
Mem:          3.8G       3.7G       104M       5.7M        28M       3.2G

MemTotal:        4016004 kB
MemFree:          106896 kB
Active:           357944 kB
Mem:          3.8G       3.7G       104M       5.7M        28M       3.2G

MemTotal:        4016004 kB
MemFree:          108880 kB
Active:           355940 kB
Mem:          3.8G       3.7G       106M       5.7M        28M       3.2G

MemTotal:        4016004 kB
MemFree:          108904 kB
Active:           355924 kB
Mem:          3.8G       3.7G       106M       5.7M        28M       3.2G

MemTotal:        4016004 kB
MemFree:          109028 kB
Active:           355896 kB
Mem:          3.8G       3.7G       106M       5.7M        28M       3.2G

MemTotal:        4016004 kB
MemFree:          108780 kB
Active:           355912 kB
Mem:          3.8G       3.7G       106M       5.7M        28M       3.2G

MemTotal:        4016004 kB
MemFree:          108780 kB
Active:           355900 kB
Mem:          3.8G       3.7G       106M       5.7M        28M       3.2G

MemTotal:        4016004 kB
MemFree:          108656 kB
Active:           355912 kB
Mem:          3.8G       3.7G       106M       5.7M        28M       3.2G

MemTotal:        4016004 kB
MemFree:          108656 kB
Active:           355916 kB
Mem:          3.8G       3.7G       105M       5.7M        28M       3.2G

MemTotal:        4016004 kB
MemFree:          108780 kB
Active:           355948 kB
Mem:          3.8G       3.7G       105M       5.7M        28M       3.2G

MemTotal:        4016004 kB
MemFree:          108532 kB
Active:           355948 kB
Mem:          3.8G       3.7G       106M       5.7M        28M       3.2G

MemTotal:        4016004 kB
MemFree:          108656 kB
Active:           355944 kB
Mem:          3.8G       3.7G       105M       5.7M        28M       3.2G

MemTotal:        4016004 kB
MemFree:          108532 kB
Active:           355960 kB
Mem:          3.8G       3.7G       105M       5.7M        28M       3.2G

MemTotal:        4016004 kB
MemFree:          108532 kB
Active:           355952 kB
Mem:          3.8G       3.7G       106M       5.7M        28M       3.2G

MemTotal:        4016004 kB
MemFree:          108780 kB
Active:           355952 kB
Mem:          3.8G       3.7G       106M       5.7M        28M       3.2G

MemTotal:        4016004 kB
MemFree:          108532 kB
Active:           355920 kB
Mem:          3.8G       3.7G       106M       5.7M        28M       3.2G

MemTotal:        4016004 kB
MemFree:          108408 kB
Active:           355956 kB
Mem:          3.8G       3.7G       105M       5.7M        28M       3.2G

MemTotal:        4016004 kB
MemFree:          108408 kB
Active:           355952 kB
Mem:          3.8G       3.7G       105M       5.7M        28M       3.2G

MemTotal:        4016004 kB
MemFree:          108532 kB
Active:           355916 kB
Mem:          3.8G       3.7G       106M       5.7M        28M       3.2G

MemTotal:        4016004 kB
MemFree:          108656 kB
Active:           355924 kB
Mem:          3.8G       3.7G       106M       5.7M        28M       3.2G

MemTotal:        4016004 kB
MemFree:          108780 kB
Active:           355968 kB
Mem:          3.8G       3.7G       106M       5.7M        28M       3.2G

MemTotal:        4016004 kB
MemFree:          108656 kB
Active:           355976 kB
Mem:          3.8G       3.7G       105M       5.7M        28M       3.2G

MemTotal:        4016004 kB
MemFree:          108780 kB
Active:           355968 kB
Mem:          3.8G       3.7G       106M       5.7M        28M       3.2G

MemTotal:        4016004 kB
MemFree:          108780 kB
Active:           355972 kB
Mem:          3.8G       3.7G       106M       5.7M        28M       3.2G

MemTotal:        4016004 kB
MemFree:          108656 kB
Active:           355988 kB
Mem:          3.8G       3.7G       106M       5.7M        28M       3.2G

MemTotal:        4016004 kB
MemFree:          108656 kB
Active:           355976 kB
Mem:          3.8G       3.7G       106M       5.7M        28M       3.2G

MemTotal:        4016004 kB
MemFree:          108780 kB
Active:           355956 kB
Mem:          3.8G       3.7G       106M       5.7M        28M       3.2G

MemTotal:        4016004 kB
MemFree:          108780 kB
Active:           355952 kB
Mem:          3.8G       3.7G       106M       5.7M        28M       3.2G

MemTotal:        4016004 kB
MemFree:          108656 kB
Active:           355972 kB
Mem:          3.8G       3.7G       105M       5.7M        28M       3.2G

MemTotal:        4016004 kB
MemFree:          108532 kB
Active:           355960 kB
Mem:          3.8G       3.7G       105M       5.7M        28M       3.2G

MemTotal:        4016004 kB
MemFree:          108532 kB
Active:           355996 kB
Mem:          3.8G       3.7G       105M       5.7M        28M       3.2G

MemTotal:        4016004 kB
MemFree:          108656 kB
Active:           355988 kB
Mem:          3.8G       3.7G       106M       5.7M        28M       3.2G

MemTotal:        4016004 kB
MemFree:          108656 kB
Active:           355984 kB
Mem:          3.8G       3.7G       105M       5.7M        28M       3.2G

MemTotal:        4016004 kB
MemFree:          108656 kB
Active:           355956 kB
Mem:          3.8G       3.7G       106M       5.7M        28M       3.2G

MemTotal:        4016004 kB
MemFree:          108656 kB
Active:           355956 kB
Mem:          3.8G       3.7G       106M       5.7M        28M       3.2G

MemTotal:        4016004 kB
MemFree:          108532 kB
Active:           355988 kB
Mem:          3.8G       3.7G       106M       5.7M        28M       3.2G

MemTotal:        4016004 kB
MemFree:          108656 kB
Active:           355984 kB
Mem:          3.8G       3.7G       105M       5.7M        28M       3.2G

MemTotal:        4016004 kB
MemFree:          108780 kB
Active:           355996 kB
Mem:          3.8G       3.7G       105M       5.7M        28M       3.2G

MemTotal:        4016004 kB
MemFree:          108656 kB
Active:           355972 kB
Mem:          3.8G       3.7G       106M       5.7M        28M       3.2G

MemTotal:        4016004 kB
MemFree:          108656 kB
Active:           356008 kB
Mem:          3.8G       3.7G       106M       5.7M        28M       3.2G

MemTotal:        4016004 kB
MemFree:          108408 kB
Active:           355996 kB
Mem:          3.8G       3.7G       106M       5.7M        28M       3.2G

MemTotal:        4016004 kB
MemFree:          108284 kB
Active:           356028 kB
Mem:          3.8G       3.7G       105M       5.7M        28M       3.2G

MemTotal:        4016004 kB
MemFree:          108656 kB
Active:           356000 kB
Mem:          3.8G       3.7G       106M       5.7M        28M       3.2G

MemTotal:        4016004 kB
MemFree:          108656 kB
Active:           355988 kB
Mem:          3.8G       3.7G       106M       5.7M        28M       3.2G

MemTotal:        4016004 kB
MemFree:          108904 kB
Active:           355992 kB
Mem:          3.8G       3.7G       105M       5.7M        28M       3.2G

MemTotal:        4016004 kB
MemFree:          108656 kB
Active:           355996 kB
Mem:          3.8G       3.7G       105M       5.7M        28M       3.2G

MemTotal:        4016004 kB
MemFree:          109028 kB
Active:           356036 kB
Mem:          3.8G       3.7G       106M       5.7M        28M       3.2G

MemTotal:        4016004 kB
MemFree:          108656 kB
Active:           356008 kB
Mem:          3.8G       3.7G       106M       5.7M        28M       3.2G

MemTotal:        4016004 kB
MemFree:          108532 kB
Active:           356024 kB
Mem:          3.8G       3.7G       105M       5.7M        28M       3.2G

MemTotal:        4016004 kB
MemFree:          108780 kB
Active:           356020 kB
Mem:          3.8G       3.7G       106M       5.7M        28M       3.2G

MemTotal:        4016004 kB
MemFree:          108904 kB
Active:           356028 kB
Mem:          3.8G       3.7G       106M       5.7M        28M       3.2G

MemTotal:        4016004 kB
MemFree:          108780 kB
Active:           356020 kB
Mem:          3.8G       3.7G       106M       5.7M        28M       3.2G

MemTotal:        4016004 kB
MemFree:          108780 kB
Active:           356052 kB
Mem:          3.8G       3.7G       106M       5.7M        28M       3.2G

MemTotal:        4016004 kB
MemFree:          108780 kB
Active:           356032 kB
Mem:          3.8G       3.7G       106M       5.7M        28M       3.2G

MemTotal:        4016004 kB
MemFree:          109028 kB
Active:           356028 kB
Mem:          3.8G       3.7G       106M       5.7M        28M       3.2G

MemTotal:        4016004 kB
MemFree:          109152 kB
Active:           356016 kB
Mem:          3.8G       3.7G       106M       5.7M        28M       3.2G

MemTotal:        4016004 kB
MemFree:          109028 kB
Active:           356032 kB
Mem:          3.8G       3.7G       106M       5.7M        28M       3.2G

MemTotal:        4016004 kB
MemFree:          108780 kB
Active:           356064 kB
Mem:          3.8G       3.7G       106M       5.7M        28M       3.2G

MemTotal:        4016004 kB
MemFree:          108532 kB
Active:           356068 kB
Mem:          3.8G       3.7G       106M       5.7M        28M       3.2G

MemTotal:        4016004 kB
MemFree:          108656 kB
Active:           356052 kB
Mem:          3.8G       3.7G       106M       5.7M        28M       3.2G

MemTotal:        4016004 kB
MemFree:          108780 kB
Active:           356048 kB
Mem:          3.8G       3.7G       106M       5.7M        28M       3.2G

MemTotal:        4016004 kB
MemFree:          108532 kB
Active:           356056 kB
Mem:          3.8G       3.7G       106M       5.7M        28M       3.2G

MemTotal:        4016004 kB
MemFree:          108656 kB
Active:           356036 kB
Mem:          3.8G       3.7G       106M       5.7M        28M       3.2G

MemTotal:        4016004 kB
MemFree:          108656 kB
Active:           356044 kB
Mem:          3.8G       3.7G       106M       5.7M        28M       3.2G

MemTotal:        4016004 kB
MemFree:          108656 kB
Active:           356068 kB
Mem:          3.8G       3.7G       105M       5.7M        28M       3.2G

MemTotal:        4016004 kB
MemFree:          108408 kB
Active:           356024 kB
Mem:          3.8G       3.7G       105M       5.7M        28M       3.2G

MemTotal:        4016004 kB
MemFree:          108656 kB
Active:           356048 kB
Mem:          3.8G       3.7G       105M       5.7M        28M       3.2G

MemTotal:        4016004 kB
MemFree:          108656 kB
Active:           356056 kB
Mem:          3.8G       3.7G       106M       5.7M        28M       3.2G

MemTotal:        4016004 kB
MemFree:          108780 kB
Active:           356048 kB
Mem:          3.8G       3.7G       105M       5.7M        28M       3.2G

MemTotal:        4016004 kB
MemFree:          108656 kB
Active:           356048 kB
Mem:          3.8G       3.7G       105M       5.7M        28M       3.2G

MemTotal:        4016004 kB
MemFree:          108532 kB
Active:           356072 kB
Mem:          3.8G       3.7G       106M       5.7M        28M       3.2G

MemTotal:        4016004 kB
MemFree:          108656 kB
Active:           356072 kB
Mem:          3.8G       3.7G       105M       5.7M        28M       3.2G

MemTotal:        4016004 kB
MemFree:          108780 kB
Active:           356052 kB
Mem:          3.8G       3.7G       106M       5.7M        28M       3.2G

MemTotal:        4016004 kB
MemFree:          109028 kB
Active:           356052 kB
Mem:          3.8G       3.7G       106M       5.7M        28M       3.2G

MemTotal:        4016004 kB
MemFree:          109028 kB
Active:           356072 kB
Mem:          3.8G       3.7G       106M       5.7M        28M       3.2G

MemTotal:        4016004 kB
MemFree:          108780 kB
Active:           356076 kB
Mem:          3.8G       3.7G       105M       5.7M        28M       3.2G

MemTotal:        4016004 kB
MemFree:          108656 kB
Active:           356076 kB
Mem:          3.8G       3.7G       106M       5.7M        28M       3.2G

MemTotal:        4016004 kB
MemFree:          108780 kB
Active:           356072 kB
Mem:          3.8G       3.7G       106M       5.7M        28M       3.2G

MemTotal:        4016004 kB
MemFree:          108656 kB
Active:           356080 kB
Mem:          3.8G       3.7G       105M       5.7M        28M       3.2G

MemTotal:        4016004 kB
MemFree:          108656 kB
Active:           356104 kB
Mem:          3.8G       3.7G       106M       5.7M        28M       3.2G

MemTotal:        4016004 kB
MemFree:          109152 kB
Active:           356072 kB
Mem:          3.8G       3.7G       106M       5.7M        28M       3.2G

MemTotal:        4016004 kB
MemFree:          108904 kB
Active:           356104 kB
Mem:          3.8G       3.7G       106M       5.7M        28M       3.2G

MemTotal:        4016004 kB
MemFree:          108408 kB
Active:           356084 kB
Mem:          3.8G       3.7G       105M       5.7M        28M       3.2G

MemTotal:        4016004 kB
MemFree:          108656 kB
Active:           356056 kB
Mem:          3.8G       3.7G       106M       5.7M        28M       3.2G

MemTotal:        4016004 kB
MemFree:          108656 kB
Active:           356108 kB
Mem:          3.8G       3.7G       106M       5.7M        28M       3.2G

MemTotal:        4016004 kB
MemFree:          108656 kB
Active:           356120 kB
Mem:          3.8G       3.7G       106M       5.7M        28M       3.2G

MemTotal:        4016004 kB
MemFree:          108656 kB
Active:           356120 kB
Mem:          3.8G       3.7G       106M       5.7M        28M       3.2G

MemTotal:        4016004 kB
MemFree:          108780 kB
Active:           356124 kB
Mem:          3.8G       3.7G       106M       5.7M        28M       3.2G

MemTotal:        4016004 kB
MemFree:          108656 kB
Active:           356100 kB
Mem:          3.8G       3.7G       105M       5.7M        28M       3.2G

MemTotal:        4016004 kB
MemFree:          108780 kB
Active:           356100 kB
Mem:          3.8G       3.7G       105M       5.7M        28M       3.2G

MemTotal:        4016004 kB
MemFree:          108284 kB
Active:           356132 kB
Mem:          3.8G       3.7G       105M       5.7M        28M       3.2G

MemTotal:        4016004 kB
MemFree:          108656 kB
Active:           356128 kB
Mem:          3.8G       3.7G       106M       5.7M        28M       3.2G

MemTotal:        4016004 kB
MemFree:          108160 kB
Active:           356132 kB
Mem:          3.8G       3.7G       105M       5.7M        28M       3.2G

MemTotal:        4016004 kB
MemFree:          108532 kB
Active:           356132 kB
Mem:          3.8G       3.7G       106M       5.7M        28M       3.2G

MemTotal:        4016004 kB
MemFree:          108656 kB
Active:           356136 kB
Mem:          3.8G       3.7G       105M       5.7M        28M       3.2G

MemTotal:        4016004 kB
MemFree:          108656 kB
Active:           356084 kB
Mem:          3.8G       3.7G       105M       5.7M        28M       3.2G

MemTotal:        4016004 kB
MemFree:          108532 kB
Active:           356136 kB
Mem:          3.8G       3.7G       105M       5.7M        28M       3.2G

MemTotal:        4016004 kB
MemFree:          108532 kB
Active:           356124 kB
Mem:          3.8G       3.7G       105M       5.7M        28M       3.2G

MemTotal:        4016004 kB
MemFree:          108408 kB
Active:           356140 kB
Mem:          3.8G       3.7G       105M       5.7M        28M       3.2G

MemTotal:        4016004 kB
MemFree:          108408 kB
Active:           356132 kB
Mem:          3.8G       3.7G       105M       5.7M        28M       3.2G

MemTotal:        4016004 kB
MemFree:          108036 kB
Active:           356148 kB
Mem:          3.8G       3.7G       105M       5.7M        28M       3.2G

MemTotal:        4016004 kB
MemFree:          108284 kB
Active:           356128 kB
Mem:          3.8G       3.7G       105M       5.7M        28M       3.2G

MemTotal:        4016004 kB
MemFree:          108284 kB
Active:           356128 kB
Mem:          3.8G       3.7G       105M       5.7M        28M       3.2G

MemTotal:        4016004 kB
MemFree:          108284 kB
Active:           356136 kB
Mem:          3.8G       3.7G       105M       5.7M        28M       3.2G

MemTotal:        4016004 kB
MemFree:          108284 kB
Active:           356120 kB
Mem:          3.8G       3.7G       105M       5.7M        28M       3.2G

MemTotal:        4016004 kB
MemFree:          109312 kB
Active:           355740 kB
Mem:          3.8G       3.7G       106M       5.7M        28M       3.2G

MemTotal:        4016004 kB
MemFree:          109932 kB
Active:           355708 kB
Mem:          3.8G       3.7G       107M       5.7M        28M       3.2G

MemTotal:        4016004 kB
MemFree:          109808 kB
Active:           355720 kB
Mem:          3.8G       3.7G       107M       5.7M        28M       3.2G

MemTotal:        4016004 kB
MemFree:          110056 kB
Active:           355740 kB
Mem:          3.8G       3.7G       107M       5.7M        28M       3.2G

MemTotal:        4016004 kB
MemFree:          110140 kB
Active:           355704 kB
Mem:          3.8G       3.7G       107M       5.7M        28M       3.2G

MemTotal:        4016004 kB
MemFree:          110140 kB
Active:           355712 kB
Mem:          3.8G       3.7G       107M       5.7M        28M       3.2G

MemTotal:        4016004 kB
MemFree:          109892 kB
Active:           355756 kB
Mem:          3.8G       3.7G       107M       5.7M        28M       3.2G

MemTotal:        4016004 kB
MemFree:          109768 kB
Active:           355756 kB
Mem:          3.8G       3.7G       107M       5.7M        28M       3.2G

MemTotal:        4016004 kB
MemFree:          110140 kB
Active:           355724 kB
Mem:          3.8G       3.7G       107M       5.7M        28M       3.2G

MemTotal:        4016004 kB
MemFree:          110264 kB
Active:           355744 kB
Mem:          3.8G       3.7G       107M       5.7M        28M       3.2G

MemTotal:        4016004 kB
MemFree:          110636 kB
Active:           355708 kB
Mem:          3.8G       3.7G       108M       5.7M        28M       3.2G

MemTotal:        4016004 kB
MemFree:          110388 kB
Active:           355776 kB
Mem:          3.8G       3.7G       107M       5.7M        28M       3.2G

MemTotal:        4016004 kB
MemFree:          110264 kB
Active:           355732 kB
Mem:          3.8G       3.7G       107M       5.7M        28M       3.2G

MemTotal:        4016004 kB
MemFree:          110264 kB
Active:           355756 kB
Mem:          3.8G       3.7G       107M       5.7M        28M       3.2G

MemTotal:        4016004 kB
MemFree:          110388 kB
Active:           355720 kB
Mem:          3.8G       3.7G       107M       5.7M        28M       3.2G

MemTotal:        4016004 kB
MemFree:          110016 kB
Active:           355776 kB
Mem:          3.8G       3.7G       107M       5.7M        28M       3.2G

MemTotal:        4016004 kB
MemFree:          110264 kB
Active:           355752 kB
Mem:          3.8G       3.7G       107M       5.7M        28M       3.2G

MemTotal:        4016004 kB
MemFree:          110264 kB
Active:           355776 kB
Mem:          3.8G       3.7G       107M       5.7M        28M       3.2G

MemTotal:        4016004 kB
MemFree:          110024 kB
Active:           355784 kB
Mem:          3.8G       3.7G       107M       5.7M        28M       3.2G

MemTotal:        4016004 kB
MemFree:          110148 kB
Active:           355740 kB
Mem:          3.8G       3.7G       107M       5.7M        28M       3.2G

MemTotal:        4016004 kB
MemFree:          110272 kB
Active:           355768 kB
Mem:          3.8G       3.7G       107M       5.7M        28M       3.2G

MemTotal:        4016004 kB
MemFree:          110396 kB
Active:           355760 kB
Mem:          3.8G       3.7G       107M       5.7M        28M       3.2G

MemTotal:        4016004 kB
MemFree:          110272 kB
Active:           355764 kB
Mem:          3.8G       3.7G       107M       5.7M        28M       3.2G

MemTotal:        4016004 kB
MemFree:          110148 kB
Active:           355784 kB
Mem:          3.8G       3.7G       107M       5.7M        28M       3.2G

MemTotal:        4016004 kB
MemFree:          110228 kB
Active:           355748 kB
Mem:          3.8G       3.7G       107M       5.7M        28M       3.2G

MemTotal:        4016004 kB
MemFree:          110228 kB
Active:           355784 kB
Mem:          3.8G       3.7G       107M       5.7M        28M       3.2G

MemTotal:        4016004 kB
MemFree:          109980 kB
Active:           355764 kB
Mem:          3.8G       3.7G       107M       5.7M        28M       3.2G

MemTotal:        4016004 kB
MemFree:          110352 kB
Active:           355792 kB
Mem:          3.8G       3.7G       107M       5.7M        28M       3.2G

MemTotal:        4016004 kB
MemFree:          110228 kB
Active:           355764 kB
Mem:          3.8G       3.7G       107M       5.7M        28M       3.2G

MemTotal:        4016004 kB
MemFree:          110352 kB
Active:           355784 kB
