MemTotal:        4016004 kB
MemFree:         3236952 kB
Active:           422888 kB
Mem:          3.8G       760M       3.1G       5.7M        51M       319M

MemTotal:        4016004 kB
MemFree:         3237776 kB
Active:           422908 kB
Mem:          3.8G       760M       3.1G       5.7M        51M       319M

MemTotal:        4016004 kB
MemFree:         3237404 kB
Active:           422992 kB
Mem:          3.8G       760M       3.1G       5.7M        51M       319M

MemTotal:        4016004 kB
MemFree:         3237264 kB
Active:           422992 kB
Mem:          3.8G       760M       3.1G       5.7M        51M       319M

MemTotal:        4016004 kB
MemFree:         3237372 kB
Active:           423008 kB
Mem:          3.8G       760M       3.1G       5.7M        51M       319M

MemTotal:        4016004 kB
MemFree:         3237264 kB
Active:           423016 kB
Mem:          3.8G       760M       3.1G       5.7M        51M       319M

MemTotal:        4016004 kB
MemFree:         3237884 kB
Active:           423008 kB
Mem:          3.8G       759M       3.1G       5.7M        51M       319M

MemTotal:        4016004 kB
MemFree:         3237884 kB
Active:           423008 kB
Mem:          3.8G       759M       3.1G       5.7M        51M       319M

MemTotal:        4016004 kB
MemFree:         3238256 kB
Active:           423044 kB
Mem:          3.8G       759M       3.1G       5.7M        51M       319M

MemTotal:        4016004 kB
MemFree:         3238380 kB
Active:           423048 kB
Mem:          3.8G       759M       3.1G       5.7M        51M       319M

MemTotal:        4016004 kB
MemFree:         3238628 kB
Active:           423044 kB
Mem:          3.8G       759M       3.1G       5.7M        51M       319M

MemTotal:        4016004 kB
MemFree:         3238240 kB
Active:           423056 kB
Mem:          3.8G       759M       3.1G       5.7M        51M       319M

MemTotal:        4016004 kB
MemFree:         3238240 kB
Active:           423036 kB
Mem:          3.8G       759M       3.1G       5.7M        51M       319M

MemTotal:        4016004 kB
MemFree:         3238488 kB
Active:           423024 kB
Mem:          3.8G       759M       3.1G       5.7M        51M       319M

MemTotal:        4016004 kB
MemFree:         3238132 kB
Active:           423044 kB
Mem:          3.8G       759M       3.1G       5.7M        51M       319M

MemTotal:        4016004 kB
MemFree:         3238008 kB
Active:           423064 kB
Mem:          3.8G       759M       3.1G       5.7M        51M       319M

MemTotal:        4016004 kB
MemFree:         3237760 kB
Active:           423024 kB
Mem:          3.8G       760M       3.1G       5.7M        51M       319M

MemTotal:        4016004 kB
MemFree:         3237992 kB
Active:           423016 kB
Mem:          3.8G       759M       3.1G       5.7M        51M       319M

MemTotal:        4016004 kB
MemFree:         3237744 kB
Active:           423064 kB
Mem:          3.8G       760M       3.1G       5.7M        51M       319M

MemTotal:        4016004 kB
MemFree:         3238240 kB
Active:           423028 kB
Mem:          3.8G       759M       3.1G       5.7M        51M       319M

MemTotal:        4016004 kB
MemFree:         3238256 kB
Active:           423064 kB
Mem:          3.8G       759M       3.1G       5.7M        51M       319M

MemTotal:        4016004 kB
MemFree:         3238140 kB
Active:           423016 kB
Mem:          3.8G       759M       3.1G       5.7M        51M       319M

MemTotal:        4016004 kB
MemFree:         3238140 kB
Active:           423052 kB
Mem:          3.8G       759M       3.1G       5.7M        51M       319M

MemTotal:        4016004 kB
MemFree:         3238512 kB
Active:           423048 kB
Mem:          3.8G       759M       3.1G       5.7M        51M       319M

MemTotal:        4016004 kB
MemFree:         3238196 kB
Active:           421176 kB
Mem:          3.8G       759M       3.1G       5.7M        51M       319M

MemTotal:        4016004 kB
MemFree:         3237952 kB
Active:           423164 kB
Mem:          3.8G       759M       3.1G       5.7M        51M       319M

MemTotal:        4016004 kB
MemFree:         3238076 kB
Active:           423160 kB
Mem:          3.8G       759M       3.1G       5.7M        51M       319M

MemTotal:        4016004 kB
MemFree:         3238248 kB
Active:           423156 kB
Mem:          3.8G       759M       3.1G       5.7M        51M       319M

MemTotal:        4016004 kB
MemFree:         3238000 kB
Active:           423132 kB
Mem:          3.8G       759M       3.1G       5.7M        51M       319M

MemTotal:        4016004 kB
MemFree:         3237876 kB
Active:           423152 kB
Mem:          3.8G       759M       3.1G       5.7M        51M       319M

MemTotal:        4016004 kB
MemFree:         3238000 kB
Active:           423116 kB
Mem:          3.8G       759M       3.1G       5.7M        51M       319M

MemTotal:        4016004 kB
MemFree:         3238000 kB
Active:           423152 kB
Mem:          3.8G       759M       3.1G       5.7M        51M       319M

MemTotal:        4016004 kB
MemFree:         3238248 kB
Active:           423124 kB
Mem:          3.8G       759M       3.1G       5.7M        51M       319M

MemTotal:        4016004 kB
MemFree:         3238000 kB
Active:           423168 kB
Mem:          3.8G       759M       3.1G       5.7M        51M       319M

MemTotal:        4016004 kB
MemFree:         3238000 kB
Active:           423172 kB
Mem:          3.8G       759M       3.1G       5.7M        51M       319M

MemTotal:        4016004 kB
MemFree:         3238000 kB
Active:           423132 kB
Mem:          3.8G       759M       3.1G       5.7M        51M       319M

MemTotal:        4016004 kB
MemFree:         3237628 kB
Active:           423188 kB
Mem:          3.8G       759M       3.1G       5.7M        51M       319M

MemTotal:        4016004 kB
MemFree:         3237752 kB
Active:           423180 kB
Mem:          3.8G       759M       3.1G       5.7M        51M       319M

MemTotal:        4016004 kB
MemFree:         3237736 kB
Active:           423184 kB
Mem:          3.8G       759M       3.1G       5.7M        51M       319M

MemTotal:        4016004 kB
MemFree:         3237752 kB
Active:           423168 kB
Mem:          3.8G       760M       3.1G       5.7M        51M       319M

MemTotal:        4016004 kB
MemFree:         3237876 kB
Active:           423176 kB
Mem:          3.8G       760M       3.1G       5.7M        51M       319M

MemTotal:        4016004 kB
MemFree:         3237520 kB
Active:           423200 kB
Mem:          3.8G       760M       3.1G       5.7M        51M       319M

MemTotal:        4016004 kB
MemFree:         3237644 kB
Active:           423204 kB
Mem:          3.8G       759M       3.1G       5.7M        51M       319M

MemTotal:        4016004 kB
MemFree:         3237644 kB
Active:           423200 kB
Mem:          3.8G       760M       3.1G       5.7M        51M       319M

MemTotal:        4016004 kB
MemFree:         3237208 kB
Active:           421168 kB
Mem:          3.8G       760M       3.1G       5.7M        51M       319M

MemTotal:        4016004 kB
MemFree:         3237332 kB
Active:           423216 kB
Mem:          3.8G       760M       3.1G       5.7M        51M       319M

MemTotal:        4016004 kB
MemFree:         3237812 kB
Active:           423208 kB
Mem:          3.8G       760M       3.1G       5.7M        51M       319M

MemTotal:        4016004 kB
MemFree:         3237936 kB
Active:           423180 kB
Mem:          3.8G       759M       3.1G       5.7M        51M       319M

MemTotal:        4016004 kB
MemFree:         3237688 kB
Active:           423204 kB
Mem:          3.8G       760M       3.1G       5.7M        51M       319M

MemTotal:        4016004 kB
MemFree:         3237688 kB
Active:           423216 kB
Mem:          3.8G       760M       3.1G       5.7M        51M       319M

MemTotal:        4016004 kB
MemFree:         3237936 kB
Active:           423216 kB
Mem:          3.8G       759M       3.1G       5.7M        51M       319M

MemTotal:        4016004 kB
MemFree:         3237440 kB
Active:           423232 kB
Mem:          3.8G       760M       3.1G       5.7M        51M       319M

MemTotal:        4016004 kB
MemFree:         3237688 kB
Active:           423196 kB
Mem:          3.8G       760M       3.1G       5.7M        51M       319M

MemTotal:        4016004 kB
MemFree:         3237548 kB
Active:           423232 kB
Mem:          3.8G       760M       3.1G       5.7M        51M       319M

MemTotal:        4016004 kB
MemFree:         3237608 kB
Active:           421148 kB
Mem:          3.8G       760M       3.1G       5.7M        51M       319M

MemTotal:        4016004 kB
MemFree:         3237608 kB
Active:           421192 kB
Mem:          3.8G       760M       3.1G       5.7M        51M       319M

MemTotal:        4016004 kB
MemFree:         3237732 kB
Active:           421164 kB
Mem:          3.8G       760M       3.1G       5.7M        51M       319M

MemTotal:        4016004 kB
MemFree:         3237640 kB
Active:           421208 kB
Mem:          3.8G       760M       3.1G       5.7M        51M       319M

MemTotal:        4016004 kB
MemFree:         3237516 kB
Active:           423220 kB
Mem:          3.8G       760M       3.1G       5.7M        51M       319M

MemTotal:        4016004 kB
MemFree:         3228732 kB
Active:           431044 kB
Mem:          3.8G       769M       3.1G       5.7M        58M       319M

MemTotal:        4016004 kB
MemFree:         3228820 kB
Active:           430980 kB
Mem:          3.8G       768M       3.1G       5.7M        58M       319M

MemTotal:        4016004 kB
MemFree:         3228976 kB
Active:           431016 kB
Mem:          3.8G       768M       3.1G       5.7M        58M       319M

MemTotal:        4016004 kB
MemFree:         3228604 kB
Active:           431056 kB
Mem:          3.8G       768M       3.1G       5.7M        58M       319M

MemTotal:        4016004 kB
MemFree:         3228604 kB
Active:           431040 kB
Mem:          3.8G       768M       3.1G       5.7M        58M       319M

MemTotal:        4016004 kB
MemFree:         3228588 kB
Active:           431020 kB
Mem:          3.8G       768M       3.1G       5.7M        58M       319M

MemTotal:        4016004 kB
MemFree:         3228588 kB
Active:           431060 kB
Mem:          3.8G       769M       3.1G       5.7M        58M       319M

MemTotal:        4016004 kB
MemFree:         3228572 kB
Active:           431060 kB
Mem:          3.8G       769M       3.1G       5.7M        58M       319M

MemTotal:        4016004 kB
MemFree:         3228184 kB
Active:           431068 kB
Mem:          3.8G       769M       3.1G       5.7M        58M       319M

MemTotal:        4016004 kB
MemFree:         3228524 kB
Active:           431044 kB
Mem:          3.8G       768M       3.1G       5.7M        58M       319M

MemTotal:        4016004 kB
MemFree:         3228400 kB
Active:           431060 kB
Mem:          3.8G       769M       3.1G       5.7M        58M       319M

MemTotal:        4016004 kB
MemFree:         3228524 kB
Active:           431012 kB
Mem:          3.8G       768M       3.1G       5.7M        58M       319M

MemTotal:        4016004 kB
MemFree:         3228260 kB
Active:           431044 kB
Mem:          3.8G       769M       3.1G       5.7M        58M       319M

MemTotal:        4016004 kB
MemFree:         3228616 kB
Active:           431060 kB
Mem:          3.8G       769M       3.1G       5.7M        58M       319M

MemTotal:        4016004 kB
MemFree:         3228452 kB
Active:           429188 kB
Mem:          3.8G       768M       3.1G       5.7M        58M       319M

MemTotal:        4016004 kB
MemFree:         3228460 kB
Active:           431064 kB
Mem:          3.8G       768M       3.1G       5.7M        58M       319M

MemTotal:        4016004 kB
MemFree:         3227964 kB
Active:           431076 kB
Mem:          3.8G       769M       3.1G       5.7M        58M       319M

MemTotal:        4016004 kB
MemFree:         3227964 kB
Active:           431124 kB
Mem:          3.8G       769M       3.1G       5.7M        58M       319M

MemTotal:        4016004 kB
MemFree:         3227700 kB
Active:           431104 kB
Mem:          3.8G       769M       3.1G       5.7M        58M       319M

MemTotal:        4016004 kB
MemFree:         3227684 kB
Active:           431104 kB
Mem:          3.8G       769M       3.1G       5.7M        58M       319M

MemTotal:        4016004 kB
MemFree:         3227716 kB
Active:           431100 kB
Mem:          3.8G       769M       3.1G       5.7M        58M       319M

MemTotal:        4016004 kB
MemFree:         3227716 kB
Active:           431120 kB
Mem:          3.8G       769M       3.1G       5.7M        58M       319M

MemTotal:        4016004 kB
MemFree:         3228088 kB
Active:           431084 kB
Mem:          3.8G       769M       3.1G       5.7M        58M       319M

MemTotal:        4016004 kB
MemFree:         3228088 kB
Active:           431092 kB
Mem:          3.8G       769M       3.1G       5.7M        58M       319M

MemTotal:        4016004 kB
MemFree:         3227808 kB
Active:           429168 kB
Mem:          3.8G       769M       3.1G       5.7M        58M       319M

MemTotal:        4016004 kB
MemFree:         3227964 kB
Active:           431144 kB
Mem:          3.8G       769M       3.1G       5.7M        58M       319M

MemTotal:        4016004 kB
MemFree:         3228088 kB
Active:           431152 kB
Mem:          3.8G       769M       3.1G       5.7M        58M       319M

MemTotal:        4016004 kB
MemFree:         3228088 kB
Active:           431148 kB
Mem:          3.8G       769M       3.1G       5.7M        58M       319M

MemTotal:        4016004 kB
MemFree:         3227840 kB
Active:           431200 kB
Mem:          3.8G       769M       3.1G       5.7M        58M       319M

MemTotal:        4016004 kB
MemFree:         3228088 kB
Active:           431176 kB
Mem:          3.8G       769M       3.1G       5.7M        58M       319M

MemTotal:        4016004 kB
MemFree:         3228088 kB
Active:           431196 kB
Mem:          3.8G       769M       3.1G       5.7M        58M       319M

MemTotal:        4016004 kB
MemFree:         3228212 kB
Active:           431204 kB
Mem:          3.8G       769M       3.1G       5.7M        58M       319M

MemTotal:        4016004 kB
MemFree:         3228584 kB
Active:           431212 kB
Mem:          3.8G       768M       3.1G       5.7M        58M       319M

MemTotal:        4016004 kB
MemFree:         3228832 kB
Active:           431180 kB
Mem:          3.8G       769M       3.1G       5.7M        58M       319M

MemTotal:        4016004 kB
MemFree:         3228600 kB
Active:           431212 kB
Mem:          3.8G       768M       3.1G       5.7M        58M       319M

MemTotal:        4016004 kB
MemFree:         3228476 kB
Active:           431180 kB
Mem:          3.8G       768M       3.1G       5.7M        58M       319M

MemTotal:        4016004 kB
MemFree:         3228228 kB
Active:           431216 kB
Mem:          3.8G       769M       3.1G       5.7M        58M       319M

MemTotal:        4016004 kB
MemFree:         3228600 kB
Active:           431176 kB
Mem:          3.8G       768M       3.1G       5.7M        58M       319M

MemTotal:        4016004 kB
MemFree:         3228600 kB
Active:           431212 kB
Mem:          3.8G       769M       3.1G       5.7M        58M       319M

MemTotal:        4016004 kB
MemFree:         3228600 kB
Active:           431188 kB
Mem:          3.8G       768M       3.1G       5.7M        58M       319M

MemTotal:        4016004 kB
MemFree:         3228632 kB
Active:           431216 kB
Mem:          3.8G       769M       3.1G       5.7M        58M       319M

MemTotal:        4016004 kB
MemFree:         3228336 kB
Active:           431448 kB
Mem:          3.8G       769M       3.1G       5.7M        58M       319M

MemTotal:        4016004 kB
MemFree:         3183308 kB
Active:           431812 kB
Mem:          3.8G       814M       3.0G       5.7M        58M       364M

MemTotal:        4016004 kB
MemFree:         3133596 kB
Active:           431900 kB
Mem:          3.8G       862M       3.0G       5.7M        58M       411M

MemTotal:        4016004 kB
MemFree:         3081900 kB
Active:           431864 kB
Mem:          3.8G       913M       2.9G       5.7M        58M       461M

MemTotal:        4016004 kB
MemFree:         3032436 kB
Active:           431916 kB
Mem:          3.8G       961M       2.9G       5.7M        58M       508M

MemTotal:        4016004 kB
MemFree:         2981608 kB
Active:           431924 kB
Mem:          3.8G       1.0G       2.8G       5.7M        58M       557M

MemTotal:        4016004 kB
MemFree:         2931260 kB
Active:           431908 kB
Mem:          3.8G       1.0G       2.8G       5.7M        58M       605M

MemTotal:        4016004 kB
MemFree:         2880928 kB
Active:           431928 kB
Mem:          3.8G       1.1G       2.7G       5.7M        58M       653M

MemTotal:        4016004 kB
MemFree:         2871512 kB
Active:           431916 kB
Mem:          3.8G       1.1G       2.7G       5.7M        58M       661M

MemTotal:        4016004 kB
MemFree:         2827660 kB
Active:           431956 kB
Mem:          3.8G       1.1G       2.7G       5.7M        58M       704M

MemTotal:        4016004 kB
MemFree:         2777576 kB
Active:           431944 kB
Mem:          3.8G       1.2G       2.6G       5.7M        58M       752M

MemTotal:        4016004 kB
MemFree:         2773236 kB
Active:           431940 kB
Mem:          3.8G       1.2G       2.6G       5.7M        58M       755M

MemTotal:        4016004 kB
MemFree:         2745456 kB
Active:           432036 kB
Mem:          3.8G       1.2G       2.6G       5.7M        58M       782M

MemTotal:        4016004 kB
MemFree:         2695220 kB
Active:           431992 kB
Mem:          3.8G       1.3G       2.6G       5.7M        58M       830M

MemTotal:        4016004 kB
MemFree:         2645824 kB
Active:           432008 kB
Mem:          3.8G       1.3G       2.5G       5.7M        58M       878M

MemTotal:        4016004 kB
MemFree:         2596484 kB
Active:           432028 kB
Mem:          3.8G       1.4G       2.5G       5.7M        58M       927M

MemTotal:        4016004 kB
MemFree:         2545532 kB
Active:           432040 kB
Mem:          3.8G       1.4G       2.4G       5.7M        58M       975M

MemTotal:        4016004 kB
MemFree:         2495076 kB
Active:           432000 kB
Mem:          3.8G       1.5G       2.4G       5.7M        58M       1.0G

MemTotal:        4016004 kB
MemFree:         2445364 kB
Active:           432048 kB
Mem:          3.8G       1.5G       2.3G       5.7M        58M       1.0G

MemTotal:        4016004 kB
MemFree:         2420872 kB
Active:           432052 kB
Mem:          3.8G       1.5G       2.3G       5.7M        58M       1.1G

MemTotal:        4016004 kB
MemFree:         2382508 kB
Active:           432004 kB
Mem:          3.8G       1.6G       2.3G       5.7M        58M       1.1G

MemTotal:        4016004 kB
MemFree:         2334284 kB
Active:           432032 kB
Mem:          3.8G       1.6G       2.2G       5.7M        58M       1.2G

MemTotal:        4016004 kB
MemFree:         2318964 kB
Active:           432020 kB
Mem:          3.8G       1.6G       2.2G       5.7M        58M       1.2G

MemTotal:        4016004 kB
MemFree:         2270296 kB
Active:           434112 kB
Mem:          3.8G       1.7G       2.2G       5.7M        58M       1.2G

MemTotal:        4016004 kB
MemFree:         2221268 kB
Active:           434080 kB
Mem:          3.8G       1.7G       2.1G       5.7M        58M       1.3G

MemTotal:        4016004 kB
MemFree:         2170632 kB
Active:           434072 kB
Mem:          3.8G       1.8G       2.1G       5.7M        58M       1.3G

MemTotal:        4016004 kB
MemFree:         2128284 kB
Active:           434120 kB
Mem:          3.8G       1.8G       2.0G       5.7M        58M       1.3G

MemTotal:        4016004 kB
MemFree:         2078200 kB
Active:           434116 kB
Mem:          3.8G       1.8G       2.0G       5.7M        58M       1.4G

MemTotal:        4016004 kB
MemFree:         2028240 kB
Active:           434116 kB
Mem:          3.8G       1.9G       1.9G       5.7M        58M       1.4G

MemTotal:        4016004 kB
MemFree:         1978032 kB
Active:           434092 kB
Mem:          3.8G       1.9G       1.9G       5.7M        58M       1.5G

MemTotal:        4016004 kB
MemFree:         1941372 kB
Active:           434132 kB
Mem:          3.8G       2.0G       1.9G       5.7M        58M       1.5G

MemTotal:        4016004 kB
MemFree:         1907816 kB
Active:           434108 kB
Mem:          3.8G       2.0G       1.8G       5.7M        58M       1.6G

MemTotal:        4016004 kB
MemFree:         1867772 kB
Active:           434132 kB
Mem:          3.8G       2.0G       1.8G       5.7M        58M       1.6G

MemTotal:        4016004 kB
MemFree:         1841132 kB
Active:           434144 kB
Mem:          3.8G       2.1G       1.8G       5.7M        58M       1.6G

MemTotal:        4016004 kB
MemFree:         1791764 kB
Active:           434132 kB
Mem:          3.8G       2.1G       1.7G       5.7M        58M       1.7G

MemTotal:        4016004 kB
MemFree:         1766280 kB
Active:           434096 kB
Mem:          3.8G       2.1G       1.7G       5.7M        58M       1.7G

MemTotal:        4016004 kB
MemFree:         1751408 kB
Active:           434148 kB
Mem:          3.8G       2.2G       1.7G       5.7M        58M       1.7G

MemTotal:        4016004 kB
MemFree:         1700952 kB
Active:           434144 kB
Mem:          3.8G       2.2G       1.6G       5.7M        58M       1.7G

MemTotal:        4016004 kB
MemFree:         1651364 kB
Active:           434116 kB
Mem:          3.8G       2.3G       1.6G       5.7M        58M       1.8G

MemTotal:        4016004 kB
MemFree:         1600908 kB
Active:           434156 kB
Mem:          3.8G       2.3G       1.5G       5.7M        58M       1.8G

MemTotal:        4016004 kB
MemFree:         1550312 kB
Active:           434144 kB
Mem:          3.8G       2.4G       1.5G       5.7M        58M       1.9G

MemTotal:        4016004 kB
MemFree:         1515852 kB
Active:           434144 kB
Mem:          3.8G       2.4G       1.4G       5.7M        58M       1.9G

MemTotal:        4016004 kB
MemFree:         1484680 kB
Active:           436200 kB
Mem:          3.8G       2.4G       1.4G       5.7M        58M       1.9G

MemTotal:        4016004 kB
MemFree:         1433356 kB
Active:           436204 kB
Mem:          3.8G       2.5G       1.4G       5.7M        58M       2.0G

MemTotal:        4016004 kB
MemFree:         1415272 kB
Active:           436180 kB
Mem:          3.8G       2.5G       1.3G       5.7M        58M       2.0G

MemTotal:        4016004 kB
MemFree:         1415340 kB
Active:           436200 kB
Mem:          3.8G       2.5G       1.3G       5.7M        58M       2.0G

MemTotal:        4016004 kB
MemFree:         1415280 kB
Active:           436252 kB
Mem:          3.8G       2.5G       1.3G       5.7M        58M       2.0G

MemTotal:        4016004 kB
MemFree:         1401708 kB
Active:           436256 kB
Mem:          3.8G       2.5G       1.3G       5.7M        58M       2.0G

MemTotal:        4016004 kB
MemFree:         1350632 kB
Active:           436228 kB
Mem:          3.8G       2.5G       1.3G       5.7M        58M       2.1G

MemTotal:        4016004 kB
MemFree:         1300176 kB
Active:           436220 kB
Mem:          3.8G       2.6G       1.2G       5.7M        58M       2.1G

MemTotal:        4016004 kB
MemFree:         1248524 kB
Active:           434324 kB
Mem:          3.8G       2.6G       1.2G       5.7M        58M       2.2G

MemTotal:        4016004 kB
MemFree:         1199200 kB
Active:           436236 kB
Mem:          3.8G       2.7G       1.1G       5.7M        58M       2.2G

MemTotal:        4016004 kB
MemFree:         1150108 kB
Active:           436272 kB
Mem:          3.8G       2.7G       1.1G       5.7M        58M       2.3G

MemTotal:        4016004 kB
MemFree:         1099900 kB
Active:           436244 kB
Mem:          3.8G       2.8G       1.0G       5.7M        58M       2.3G

MemTotal:        4016004 kB
MemFree:         1060248 kB
Active:           436240 kB
Mem:          3.8G       2.8G       1.0G       5.7M        58M       2.3G

MemTotal:        4016004 kB
MemFree:         1018148 kB
Active:           436256 kB
Mem:          3.8G       2.9G       993M       5.7M        58M       2.4G

MemTotal:        4016004 kB
MemFree:          967752 kB
Active:           436284 kB
Mem:          3.8G       2.9G       944M       5.7M        58M       2.4G

MemTotal:        4016004 kB
MemFree:          918164 kB
Active:           436320 kB
Mem:          3.8G       3.0G       895M       5.7M        58M       2.5G

MemTotal:        4016004 kB
MemFree:          881784 kB
Active:           436320 kB
Mem:          3.8G       3.0G       860M       5.7M        58M       2.5G

MemTotal:        4016004 kB
MemFree:          831084 kB
Active:           436356 kB
Mem:          3.8G       3.0G       810M       5.7M        58M       2.6G

MemTotal:        4016004 kB
MemFree:          814380 kB
Active:           434308 kB
Mem:          3.8G       3.1G       795M       5.7M        58M       2.6G

MemTotal:        4016004 kB
MemFree:          815284 kB
Active:           436332 kB
Mem:          3.8G       3.1G       796M       5.7M        58M       2.6G

MemTotal:        4016004 kB
MemFree:          778736 kB
Active:           436376 kB
Mem:          3.8G       3.1G       759M       5.7M        58M       2.6G

MemTotal:        4016004 kB
MemFree:          728156 kB
Active:           436384 kB
Mem:          3.8G       3.1G       710M       5.7M        58M       2.7G

MemTotal:        4016004 kB
MemFree:          677948 kB
Active:           436380 kB
Mem:          3.8G       3.2G       661M       5.7M        58M       2.7G

MemTotal:        4016004 kB
MemFree:          627864 kB
Active:           436352 kB
Mem:          3.8G       3.2G       611M       5.7M        58M       2.8G

MemTotal:        4016004 kB
MemFree:          577408 kB
Active:           436340 kB
Mem:          3.8G       3.3G       563M       5.7M        58M       2.8G

MemTotal:        4016004 kB
MemFree:          527880 kB
Active:           436368 kB
Mem:          3.8G       3.3G       515M       5.7M        58M       2.8G

MemTotal:        4016004 kB
MemFree:          477952 kB
Active:           436388 kB
Mem:          3.8G       3.4G       466M       5.7M        58M       2.9G

MemTotal:        4016004 kB
MemFree:          427168 kB
Active:           434380 kB
Mem:          3.8G       3.4G       416M       5.7M        58M       2.9G

MemTotal:        4016004 kB
MemFree:          376436 kB
Active:           434344 kB
Mem:          3.8G       3.5G       367M       5.7M        58M       3.0G

MemTotal:        4016004 kB
MemFree:          342196 kB
Active:           436460 kB
Mem:          3.8G       3.5G       333M       5.7M        58M       3.0G

MemTotal:        4016004 kB
MemFree:          294484 kB
Active:           436328 kB
Mem:          3.8G       3.5G       287M       5.7M        58M       3.1G

MemTotal:        4016004 kB
MemFree:          294360 kB
Active:           436324 kB
Mem:          3.8G       3.5G       287M       5.7M        58M       3.1G

MemTotal:        4016004 kB
MemFree:          294268 kB
Active:           436292 kB
Mem:          3.8G       3.5G       287M       5.7M        58M       3.1G

MemTotal:        4016004 kB
MemFree:          294144 kB
Active:           436336 kB
Mem:          3.8G       3.5G       287M       5.7M        58M       3.1G

MemTotal:        4016004 kB
MemFree:          271080 kB
Active:           436364 kB
Mem:          3.8G       3.6G       263M       5.7M        58M       3.1G

MemTotal:        4016004 kB
MemFree:          220624 kB
Active:           436396 kB
Mem:          3.8G       3.6G       214M       5.7M        58M       3.1G

MemTotal:        4016004 kB
MemFree:          171052 kB
Active:           436356 kB
Mem:          3.8G       3.7G       166M       5.7M        58M       3.2G

MemTotal:        4016004 kB
MemFree:          118672 kB
Active:           436352 kB
Mem:          3.8G       3.7G       114M       5.7M        58M       3.2G

MemTotal:        4016004 kB
MemFree:          137568 kB
Active:           447088 kB
Mem:          3.8G       3.7G       131M       5.7M        26M       3.2G

MemTotal:        4016004 kB
MemFree:          158020 kB
Active:           498740 kB
Mem:          3.8G       3.7G       152M       5.7M        26M       3.2G

MemTotal:        4016004 kB
MemFree:          107548 kB
Active:           499000 kB
Mem:          3.8G       3.7G       104M       5.7M        26M       3.3G

MemTotal:        4016004 kB
MemFree:          119992 kB
Active:           494724 kB
Mem:          3.8G       3.7G       102M       5.7M        26M       3.3G

MemTotal:        4016004 kB
MemFree:          121088 kB
Active:           484220 kB
Mem:          3.8G       3.7G       117M       5.7M        26M       3.3G

MemTotal:        4016004 kB
MemFree:          121100 kB
Active:           481152 kB
Mem:          3.8G       3.7G       117M       5.7M        26M       3.3G

MemTotal:        4016004 kB
MemFree:          126080 kB
Active:           476292 kB
Mem:          3.8G       3.7G       122M       5.7M        26M       3.3G

MemTotal:        4016004 kB
MemFree:          122888 kB
Active:           475044 kB
Mem:          3.8G       3.7G       118M       5.7M        26M       3.3G

MemTotal:        4016004 kB
MemFree:          127480 kB
Active:           470188 kB
Mem:          3.8G       3.7G       123M       5.7M        26M       3.2G

MemTotal:        4016004 kB
MemFree:          119928 kB
Active:           465544 kB
Mem:          3.8G       3.7G       116M       5.7M        26M       3.3G

MemTotal:        4016004 kB
MemFree:          122072 kB
Active:           462400 kB
Mem:          3.8G       3.7G       118M       5.7M        26M       3.3G

MemTotal:        4016004 kB
MemFree:          106832 kB
Active:           458940 kB
Mem:          3.8G       3.7G       103M       5.7M        26M       3.3G

MemTotal:        4016004 kB
MemFree:          120732 kB
Active:           455096 kB
Mem:          3.8G       3.7G       116M       5.7M        26M       3.3G

MemTotal:        4016004 kB
MemFree:          106856 kB
Active:           453960 kB
Mem:          3.8G       3.7G       103M       5.7M        26M       3.3G

MemTotal:        4016004 kB
MemFree:          127636 kB
Active:           451536 kB
Mem:          3.8G       3.7G       123M       5.7M        26M       3.3G

MemTotal:        4016004 kB
MemFree:          120364 kB
Active:           449724 kB
Mem:          3.8G       3.7G       116M       5.7M        26M       3.3G

MemTotal:        4016004 kB
MemFree:          117532 kB
Active:           447828 kB
Mem:          3.8G       3.7G       113M       5.7M        26M       3.3G

MemTotal:        4016004 kB
MemFree:          107052 kB
Active:           446676 kB
Mem:          3.8G       3.7G       103M       5.7M        26M       3.3G

MemTotal:        4016004 kB
MemFree:          139188 kB
Active:           444992 kB
Mem:          3.8G       3.7G       135M       5.7M        26M       3.2G

MemTotal:        4016004 kB
MemFree:          108756 kB
Active:           445008 kB
Mem:          3.8G       3.7G       105M       5.7M        26M       3.3G

MemTotal:        4016004 kB
MemFree:          131812 kB
Active:           440872 kB
Mem:          3.8G       3.7G       127M       5.7M        26M       3.2G

MemTotal:        4016004 kB
MemFree:          118408 kB
Active:           437604 kB
Mem:          3.8G       3.7G       114M       5.7M        26M       3.3G

MemTotal:        4016004 kB
MemFree:          116376 kB
Active:           435948 kB
Mem:          3.8G       3.7G       112M       5.7M        26M       3.3G

MemTotal:        4016004 kB
MemFree:          114280 kB
Active:           434284 kB
Mem:          3.8G       3.7G       110M       5.7M        26M       3.3G

MemTotal:        4016004 kB
MemFree:          116772 kB
Active:           432364 kB
Mem:          3.8G       3.7G       112M       5.7M        26M       3.3G

MemTotal:        4016004 kB
MemFree:          126688 kB
Active:           430444 kB
Mem:          3.8G       3.7G       123M       5.7M        26M       3.2G

MemTotal:        4016004 kB
MemFree:          136172 kB
Active:           428144 kB
Mem:          3.8G       3.7G       131M       5.7M        26M       3.2G

MemTotal:        4016004 kB
MemFree:          127040 kB
Active:           424892 kB
Mem:          3.8G       3.7G       122M       5.7M        26M       3.3G

MemTotal:        4016004 kB
MemFree:          124728 kB
Active:           421220 kB
Mem:          3.8G       3.7G       121M       5.7M        26M       3.3G

MemTotal:        4016004 kB
MemFree:          128304 kB
Active:           420596 kB
Mem:          3.8G       3.7G       125M       5.7M        26M       3.2G

MemTotal:        4016004 kB
MemFree:          122820 kB
Active:           420648 kB
Mem:          3.8G       3.7G       119M       5.7M        26M       3.3G

MemTotal:        4016004 kB
MemFree:          116500 kB
Active:           419480 kB
Mem:          3.8G       3.7G       113M       5.7M        26M       3.3G

MemTotal:        4016004 kB
MemFree:          116816 kB
Active:           419452 kB
Mem:          3.8G       3.7G       114M       5.7M        26M       3.3G

MemTotal:        4016004 kB
MemFree:          118644 kB
Active:           417840 kB
Mem:          3.8G       3.7G       115M       5.7M        26M       3.3G

MemTotal:        4016004 kB
MemFree:          116284 kB
Active:           416176 kB
Mem:          3.8G       3.7G       112M       5.7M        26M       3.3G

MemTotal:        4016004 kB
MemFree:          119768 kB
Active:           414128 kB
Mem:          3.8G       3.7G       116M       5.7M        26M       3.3G

MemTotal:        4016004 kB
MemFree:          105892 kB
Active:           412984 kB
Mem:          3.8G       3.7G       125M       5.7M        26M       3.2G

MemTotal:        4016004 kB
MemFree:          122148 kB
Active:           410896 kB
Mem:          3.8G       3.7G       118M       5.7M        26M       3.3G

MemTotal:        4016004 kB
MemFree:          126436 kB
Active:           409268 kB
Mem:          3.8G       3.7G       122M       5.7M        26M       3.3G

MemTotal:        4016004 kB
MemFree:          144860 kB
Active:           406824 kB
Mem:          3.8G       3.7G       139M       5.7M        26M       3.2G

MemTotal:        4016004 kB
MemFree:          131732 kB
Active:           405668 kB
Mem:          3.8G       3.7G       127M       5.7M        26M       3.2G

MemTotal:        4016004 kB
MemFree:          129756 kB
Active:           404512 kB
Mem:          3.8G       3.7G       126M       5.7M        26M       3.2G

MemTotal:        4016004 kB
MemFree:          125544 kB
Active:           403860 kB
Mem:          3.8G       3.7G       122M       5.7M        26M       3.3G

MemTotal:        4016004 kB
MemFree:          134880 kB
Active:           399360 kB
Mem:          3.8G       3.7G       131M       5.7M        26M       3.2G

MemTotal:        4016004 kB
MemFree:          127604 kB
Active:           397948 kB
Mem:          3.8G       3.7G       123M       5.7M        26M       3.2G

MemTotal:        4016004 kB
MemFree:          126008 kB
Active:           394560 kB
Mem:          3.8G       3.7G       122M       5.7M        26M       3.2G

MemTotal:        4016004 kB
MemFree:          127688 kB
Active:           389644 kB
Mem:          3.8G       3.7G       123M       5.7M        26M       3.2G

MemTotal:        4016004 kB
MemFree:          120376 kB
Active:           388056 kB
Mem:          3.8G       3.7G       116M       5.7M        26M       3.3G

MemTotal:        4016004 kB
MemFree:          124356 kB
Active:           386344 kB
Mem:          3.8G       3.7G       131M       5.7M        26M       3.2G

MemTotal:        4016004 kB
MemFree:          124368 kB
Active:           382712 kB
Mem:          3.8G       3.7G       120M       5.7M        26M       3.3G

MemTotal:        4016004 kB
MemFree:          121468 kB
Active:           380840 kB
Mem:          3.8G       3.7G       117M       5.7M        26M       3.3G

MemTotal:        4016004 kB
MemFree:          107468 kB
Active:           379648 kB
Mem:          3.8G       3.7G       103M       5.7M        26M       3.3G

MemTotal:        4016004 kB
MemFree:          133904 kB
Active:           378112 kB
Mem:          3.8G       3.7G       130M       5.7M        26M       3.2G

MemTotal:        4016004 kB
MemFree:          131916 kB
Active:           377108 kB
Mem:          3.8G       3.7G       127M       5.7M        26M       3.2G

MemTotal:        4016004 kB
MemFree:          117764 kB
Active:           376588 kB
Mem:          3.8G       3.7G       114M       5.7M        26M       3.3G

MemTotal:        4016004 kB
MemFree:          124652 kB
Active:           376624 kB
Mem:          3.8G       3.7G       121M       5.7M        26M       3.3G

MemTotal:        4016004 kB
MemFree:          121440 kB
Active:           376632 kB
Mem:          3.8G       3.7G       117M       5.7M        26M       3.3G

MemTotal:        4016004 kB
MemFree:          124552 kB
Active:           376632 kB
Mem:          3.8G       3.7G       120M       5.7M        26M       3.2G

MemTotal:        4016004 kB
MemFree:          111296 kB
Active:           377656 kB
Mem:          3.8G       3.7G       108M       5.7M        26M       3.3G

MemTotal:        4016004 kB
MemFree:          133876 kB
Active:           377640 kB
Mem:          3.8G       3.7G       129M       5.7M        26M       3.2G

MemTotal:        4016004 kB
MemFree:          112964 kB
Active:           377620 kB
Mem:          3.8G       3.7G       109M       5.7M        26M       3.3G

MemTotal:        4016004 kB
MemFree:          109908 kB
Active:           377676 kB
Mem:          3.8G       3.7G       106M       5.7M        26M       3.3G

MemTotal:        4016004 kB
MemFree:          126752 kB
Active:           377620 kB
Mem:          3.8G       3.7G       123M       5.7M        26M       3.2G

MemTotal:        4016004 kB
MemFree:          126320 kB
Active:           377628 kB
Mem:          3.8G       3.7G       122M       5.7M        26M       3.2G

MemTotal:        4016004 kB
MemFree:          118144 kB
Active:           377688 kB
Mem:          3.8G       3.7G       114M       5.7M        26M       3.3G

MemTotal:        4016004 kB
MemFree:          115384 kB
Active:           377672 kB
Mem:          3.8G       3.7G       112M       5.7M        26M       3.3G

MemTotal:        4016004 kB
MemFree:          115452 kB
Active:           379704 kB
Mem:          3.8G       3.7G       112M       5.7M        26M       3.3G

MemTotal:        4016004 kB
MemFree:          128392 kB
Active:           379200 kB
Mem:          3.8G       3.7G       123M       5.7M        26M       3.2G

MemTotal:        4016004 kB
MemFree:          121016 kB
Active:           378768 kB
Mem:          3.8G       3.7G       117M       5.7M        26M       3.3G

MemTotal:        4016004 kB
MemFree:          124956 kB
Active:           378808 kB
Mem:          3.8G       3.7G       132M       5.7M        26M       3.2G

MemTotal:        4016004 kB
MemFree:          117072 kB
Active:           378676 kB
Mem:          3.8G       3.7G       113M       5.7M        26M       3.3G

MemTotal:        4016004 kB
MemFree:          127932 kB
Active:           378568 kB
Mem:          3.8G       3.7G       124M       5.7M        26M       3.2G

MemTotal:        4016004 kB
MemFree:          118352 kB
Active:           378528 kB
Mem:          3.8G       3.7G       114M       5.7M        26M       3.3G

MemTotal:        4016004 kB
MemFree:          105344 kB
Active:           378572 kB
Mem:          3.8G       3.7G       124M       5.7M        26M       3.2G

MemTotal:        4016004 kB
MemFree:          116060 kB
Active:           378444 kB
Mem:          3.8G       3.7G       112M       5.7M        26M       3.3G

MemTotal:        4016004 kB
MemFree:          127688 kB
Active:           378348 kB
Mem:          3.8G       3.7G       122M       5.7M        26M       3.2G

MemTotal:        4016004 kB
MemFree:          118868 kB
Active:           378360 kB
Mem:          3.8G       3.7G       114M       5.7M        26M       3.3G

MemTotal:        4016004 kB
MemFree:          105176 kB
Active:           378360 kB
Mem:          3.8G       3.7G       125M       5.7M        26M       3.2G

MemTotal:        4016004 kB
MemFree:          108784 kB
Active:           378364 kB
Mem:          3.8G       3.7G       105M       5.7M        26M       3.3G

MemTotal:        4016004 kB
MemFree:          134324 kB
Active:           378368 kB
Mem:          3.8G       3.7G       131M       5.7M        26M       3.2G

MemTotal:        4016004 kB
MemFree:          116904 kB
Active:           378372 kB
Mem:          3.8G       3.7G       113M       5.7M        26M       3.3G

MemTotal:        4016004 kB
MemFree:          114080 kB
Active:           378388 kB
Mem:          3.8G       3.7G       111M       5.7M        26M       3.3G

MemTotal:        4016004 kB
MemFree:          118192 kB
Active:           378292 kB
Mem:          3.8G       3.7G       114M       5.7M        26M       3.3G

MemTotal:        4016004 kB
MemFree:          111824 kB
Active:           378260 kB
Mem:          3.8G       3.7G       108M       5.7M        26M       3.3G

MemTotal:        4016004 kB
MemFree:          128264 kB
Active:           377540 kB
Mem:          3.8G       3.7G       124M       5.7M        26M       3.2G

MemTotal:        4016004 kB
MemFree:          125796 kB
Active:           378952 kB
Mem:          3.8G       3.7G       121M       5.7M        26M       3.2G

MemTotal:        4016004 kB
MemFree:          124628 kB
Active:           378960 kB
Mem:          3.8G       3.7G       120M       5.7M        26M       3.2G

MemTotal:        4016004 kB
MemFree:          121124 kB
Active:           378836 kB
Mem:          3.8G       3.7G       117M       5.7M        26M       3.2G

MemTotal:        4016004 kB
MemFree:          113032 kB
Active:           378832 kB
Mem:          3.8G       3.7G       109M       5.7M        26M       3.3G

MemTotal:        4016004 kB
MemFree:          134712 kB
Active:           378796 kB
Mem:          3.8G       3.7G       130M       5.7M        26M       3.2G

MemTotal:        4016004 kB
MemFree:          127420 kB
Active:           378800 kB
Mem:          3.8G       3.7G       124M       5.7M        26M       3.2G

MemTotal:        4016004 kB
MemFree:          123828 kB
Active:           378836 kB
Mem:          3.8G       3.7G       119M       5.7M        26M       3.2G

MemTotal:        4016004 kB
MemFree:          127904 kB
Active:           378840 kB
Mem:          3.8G       3.7G       123M       5.7M        26M       3.2G

MemTotal:        4016004 kB
MemFree:          133048 kB
Active:           378844 kB
Mem:          3.8G       3.7G       129M       5.7M        26M       3.2G

MemTotal:        4016004 kB
MemFree:          113592 kB
Active:           378868 kB
Mem:          3.8G       3.7G       110M       5.7M        26M       3.3G

MemTotal:        4016004 kB
MemFree:          124160 kB
Active:           378872 kB
Mem:          3.8G       3.7G       127M       5.7M        26M       3.2G

MemTotal:        4016004 kB
MemFree:          124104 kB
Active:           373096 kB
Mem:          3.8G       3.7G       131M       5.7M        26M       3.2G

MemTotal:        4016004 kB
MemFree:          118112 kB
Active:           373108 kB
Mem:          3.8G       3.7G       114M       5.7M        26M       3.2G

MemTotal:        4016004 kB
MemFree:          108576 kB
Active:           373120 kB
Mem:          3.8G       3.7G       105M       5.7M        26M       3.3G

MemTotal:        4016004 kB
MemFree:          130784 kB
Active:           373120 kB
Mem:          3.8G       3.7G       127M       5.7M        26M       3.2G

MemTotal:        4016004 kB
MemFree:          115784 kB
Active:           373120 kB
Mem:          3.8G       3.7G       113M       5.7M        26M       3.3G

MemTotal:        4016004 kB
MemFree:          130480 kB
Active:           373132 kB
Mem:          3.8G       3.7G       127M       5.7M        26M       3.2G

MemTotal:        4016004 kB
MemFree:          116624 kB
Active:           373132 kB
Mem:          3.8G       3.7G       113M       5.7M        26M       3.3G

MemTotal:        4016004 kB
MemFree:          116660 kB
Active:           373120 kB
Mem:          3.8G       3.7G       113M       5.7M        26M       3.3G

MemTotal:        4016004 kB
MemFree:          148456 kB
Active:           373140 kB
Mem:          3.8G       3.7G       144M       5.7M        26M       3.2G

MemTotal:        4016004 kB
MemFree:          123636 kB
Active:           373140 kB
Mem:          3.8G       3.7G       131M       5.7M        26M       3.2G

MemTotal:        4016004 kB
MemFree:          123456 kB
Active:           371880 kB
Mem:          3.8G       3.7G       119M       5.7M        26M       3.2G

MemTotal:        4016004 kB
MemFree:          121732 kB
Active:           371752 kB
Mem:          3.8G       3.7G       117M       5.7M        26M       3.2G

MemTotal:        4016004 kB
MemFree:          124968 kB
Active:           371756 kB
Mem:          3.8G       3.7G       121M       5.7M        26M       3.2G

MemTotal:        4016004 kB
MemFree:          111256 kB
Active:           371756 kB
Mem:          3.8G       3.7G       107M       5.7M        26M       3.3G

MemTotal:        4016004 kB
MemFree:          134616 kB
Active:           371756 kB
Mem:          3.8G       3.7G       130M       5.7M        26M       3.2G

MemTotal:        4016004 kB
MemFree:          125980 kB
Active:           371720 kB
Mem:          3.8G       3.7G       132M       5.7M        26M       3.2G

MemTotal:        4016004 kB
MemFree:          130968 kB
Active:           371724 kB
Mem:          3.8G       3.7G       127M       5.7M        26M       3.2G

MemTotal:        4016004 kB
MemFree:          124684 kB
Active:           371764 kB
Mem:          3.8G       3.7G       131M       5.7M        26M       3.2G

MemTotal:        4016004 kB
MemFree:          121960 kB
Active:           371784 kB
Mem:          3.8G       3.7G       118M       5.7M        26M       3.2G

MemTotal:        4016004 kB
MemFree:          122732 kB
Active:           369648 kB
Mem:          3.8G       3.7G       118M       5.7M        26M       3.2G

MemTotal:        4016004 kB
MemFree:          109104 kB
Active:           369656 kB
Mem:          3.8G       3.7G       105M       5.7M        26M       3.3G

MemTotal:        4016004 kB
MemFree:          132444 kB
Active:           369644 kB
Mem:          3.8G       3.7G       128M       5.7M        26M       3.2G

MemTotal:        4016004 kB
MemFree:          137788 kB
Active:           369692 kB
Mem:          3.8G       3.7G       134M       5.7M        26M       3.2G

MemTotal:        4016004 kB
MemFree:          124780 kB
Active:           369688 kB
Mem:          3.8G       3.7G       121M       5.7M        26M       3.2G

MemTotal:        4016004 kB
MemFree:          123860 kB
Active:           369672 kB
Mem:          3.8G       3.7G       131M       5.7M        26M       3.2G

MemTotal:        4016004 kB
MemFree:          121984 kB
Active:           369688 kB
Mem:          3.8G       3.7G       118M       5.7M        26M       3.2G

MemTotal:        4016004 kB
MemFree:          119020 kB
Active:           369668 kB
Mem:          3.8G       3.7G       115M       5.7M        26M       3.2G

MemTotal:        4016004 kB
MemFree:          113004 kB
Active:           369680 kB
Mem:          3.8G       3.7G       110M       5.7M        26M       3.3G

MemTotal:        4016004 kB
MemFree:          111548 kB
Active:           369696 kB
Mem:          3.8G       3.7G       108M       5.7M        26M       3.3G

MemTotal:        4016004 kB
MemFree:          108080 kB
Active:           368924 kB
Mem:          3.8G       3.7G       104M       5.7M        26M       3.3G

MemTotal:        4016004 kB
MemFree:          107308 kB
Active:           368908 kB
Mem:          3.8G       3.7G       104M       5.7M        26M       3.3G

MemTotal:        4016004 kB
MemFree:          112384 kB
Active:           368948 kB
Mem:          3.8G       3.7G       109M       5.7M        26M       3.3G

MemTotal:        4016004 kB
MemFree:          128268 kB
Active:           368904 kB
Mem:          3.8G       3.7G       124M       5.7M        26M       3.2G

MemTotal:        4016004 kB
MemFree:          132372 kB
Active:           368924 kB
Mem:          3.8G       3.7G       128M       5.7M        26M       3.2G

MemTotal:        4016004 kB
MemFree:          129656 kB
Active:           368936 kB
Mem:          3.8G       3.7G       125M       5.7M        26M       3.2G

MemTotal:        4016004 kB
MemFree:          127312 kB
Active:           368936 kB
Mem:          3.8G       3.7G       123M       5.7M        26M       3.2G

MemTotal:        4016004 kB
MemFree:          107856 kB
Active:           368924 kB
Mem:          3.8G       3.7G       104M       5.7M        26M       3.3G

MemTotal:        4016004 kB
MemFree:          124732 kB
Active:           368912 kB
Mem:          3.8G       3.7G       120M       5.7M        26M       3.2G

MemTotal:        4016004 kB
MemFree:          107456 kB
Active:           368924 kB
Mem:          3.8G       3.7G       104M       5.7M        26M       3.3G

MemTotal:        4016004 kB
MemFree:          106772 kB
Active:           368944 kB
Mem:          3.8G       3.7G       104M       5.7M        26M       3.3G

MemTotal:        4016004 kB
MemFree:          106932 kB
Active:           368956 kB
Mem:          3.8G       3.7G       104M       5.7M        26M       3.3G

MemTotal:        4016004 kB
MemFree:          128696 kB
Active:           368932 kB
Mem:          3.8G       3.7G       124M       5.7M        26M       3.2G

MemTotal:        4016004 kB
MemFree:          114448 kB
Active:           368968 kB
Mem:          3.8G       3.7G       111M       5.7M        26M       3.3G

MemTotal:        4016004 kB
MemFree:          108696 kB
Active:           360328 kB
Mem:          3.8G       3.7G       104M       5.7M        26M       3.3G

MemTotal:        4016004 kB
MemFree:          123028 kB
Active:           360268 kB
Mem:          3.8G       3.7G       118M       5.7M        26M       3.2G

MemTotal:        4016004 kB
MemFree:          127340 kB
Active:           361564 kB
Mem:          3.8G       3.7G       123M       5.7M        26M       3.2G

MemTotal:        4016004 kB
MemFree:          119704 kB
Active:           361576 kB
Mem:          3.8G       3.7G       116M       5.7M        26M       3.2G

MemTotal:        4016004 kB
MemFree:          124860 kB
Active:           361560 kB
Mem:          3.8G       3.7G       125M       5.7M        26M       3.2G

MemTotal:        4016004 kB
MemFree:          123324 kB
Active:           361476 kB
Mem:          3.8G       3.7G       119M       5.7M        26M       3.2G

MemTotal:        4016004 kB
MemFree:          130808 kB
Active:           361484 kB
Mem:          3.8G       3.7G       127M       5.7M        26M       3.2G

MemTotal:        4016004 kB
MemFree:          133240 kB
Active:           361460 kB
Mem:          3.8G       3.7G       129M       5.7M        26M       3.2G

MemTotal:        4016004 kB
MemFree:          119080 kB
Active:           361480 kB
Mem:          3.8G       3.7G       116M       5.7M        26M       3.2G

MemTotal:        4016004 kB
MemFree:          130016 kB
Active:           361492 kB
Mem:          3.8G       3.7G       125M       5.7M        26M       3.2G

MemTotal:        4016004 kB
MemFree:          125844 kB
Active:           361508 kB
Mem:          3.8G       3.7G       121M       5.7M        26M       3.2G

MemTotal:        4016004 kB
MemFree:          122064 kB
Active:           363504 kB
Mem:          3.8G       3.7G       119M       5.7M        26M       3.2G

MemTotal:        4016004 kB
MemFree:          123324 kB
Active:           360148 kB
Mem:          3.8G       3.7G       119M       5.7M        26M       3.2G

MemTotal:        4016004 kB
MemFree:          109324 kB
Active:           360068 kB
Mem:          3.8G       3.7G       105M       5.7M        26M       3.3G

MemTotal:        4016004 kB
MemFree:          113536 kB
Active:           360056 kB
Mem:          3.8G       3.7G       109M       5.7M        26M       3.2G

MemTotal:        4016004 kB
MemFree:          134768 kB
Active:           360072 kB
Mem:          3.8G       3.7G       131M       5.7M        26M       3.2G

MemTotal:        4016004 kB
MemFree:          121388 kB
Active:           360060 kB
Mem:          3.8G       3.7G       117M       5.7M        26M       3.2G

MemTotal:        4016004 kB
MemFree:          108504 kB
Active:           360076 kB
Mem:          3.8G       3.7G       104M       5.7M        26M       3.3G

MemTotal:        4016004 kB
MemFree:          131132 kB
Active:           360072 kB
Mem:          3.8G       3.7G       127M       5.7M        26M       3.2G

MemTotal:        4016004 kB
MemFree:          110296 kB
Active:           360060 kB
Mem:          3.8G       3.7G       107M       5.7M        26M       3.2G

MemTotal:        4016004 kB
MemFree:          108660 kB
Active:           359760 kB
Mem:          3.8G       3.7G       105M       5.7M        26M       3.2G

MemTotal:        4016004 kB
MemFree:          108228 kB
Active:           361832 kB
Mem:          3.8G       3.7G       105M       5.7M        26M       3.2G

MemTotal:        4016004 kB
MemFree:          108204 kB
Active:           361836 kB
Mem:          3.8G       3.7G       105M       5.7M        26M       3.2G

MemTotal:        4016004 kB
MemFree:          132628 kB
Active:           361600 kB
Mem:          3.8G       3.7G       128M       5.7M        26M       3.2G

MemTotal:        4016004 kB
MemFree:          119620 kB
Active:           361596 kB
Mem:          3.8G       3.7G       116M       5.7M        26M       3.2G

MemTotal:        4016004 kB
MemFree:          118020 kB
Active:           361548 kB
Mem:          3.8G       3.7G       114M       5.7M        26M       3.2G

MemTotal:        4016004 kB
MemFree:          119848 kB
Active:           358744 kB
Mem:          3.8G       3.7G       115M       5.7M        26M       3.2G

MemTotal:        4016004 kB
MemFree:          106840 kB
Active:           358584 kB
Mem:          3.8G       3.7G       103M       5.7M        26M       3.3G

MemTotal:        4016004 kB
MemFree:          128800 kB
Active:           358356 kB
Mem:          3.8G       3.7G       125M       5.7M        26M       3.2G

MemTotal:        4016004 kB
MemFree:          127384 kB
Active:           358300 kB
Mem:          3.8G       3.7G       123M       5.7M        26M       3.2G

MemTotal:        4016004 kB
MemFree:          127784 kB
Active:           358316 kB
Mem:          3.8G       3.7G       124M       5.7M        26M       3.2G

MemTotal:        4016004 kB
MemFree:          127920 kB
Active:           358348 kB
Mem:          3.8G       3.7G       124M       5.7M        26M       3.2G

MemTotal:        4016004 kB
MemFree:          108232 kB
Active:           358344 kB
Mem:          3.8G       3.7G       104M       5.7M        26M       3.3G

MemTotal:        4016004 kB
MemFree:          132332 kB
Active:           358332 kB
Mem:          3.8G       3.7G       129M       5.7M        26M       3.2G

MemTotal:        4016004 kB
MemFree:          130636 kB
Active:           358332 kB
Mem:          3.8G       3.7G       127M       5.7M        26M       3.2G

MemTotal:        4016004 kB
MemFree:          112936 kB
Active:           358352 kB
Mem:          3.8G       3.7G       110M       5.7M        26M       3.2G

MemTotal:        4016004 kB
MemFree:          112724 kB
Active:           358364 kB
Mem:          3.8G       3.7G       109M       5.7M        26M       3.2G

MemTotal:        4016004 kB
MemFree:          122704 kB
Active:           358376 kB
Mem:          3.8G       3.7G       118M       5.7M        26M       3.2G

MemTotal:        4016004 kB
MemFree:          135668 kB
Active:           358352 kB
Mem:          3.8G       3.7G       132M       5.7M        26M       3.2G

MemTotal:        4016004 kB
MemFree:          116300 kB
Active:           357444 kB
Mem:          3.8G       3.7G       113M       5.7M        26M       3.2G

MemTotal:        4016004 kB
MemFree:          127400 kB
Active:           358716 kB
Mem:          3.8G       3.7G       123M       5.7M        26M       3.2G

MemTotal:        4016004 kB
MemFree:          133676 kB
Active:           358604 kB
Mem:          3.8G       3.7G       129M       5.7M        26M       3.2G

MemTotal:        4016004 kB
MemFree:          121040 kB
Active:           358568 kB
Mem:          3.8G       3.7G       116M       5.7M        26M       3.2G

MemTotal:        4016004 kB
MemFree:          119612 kB
Active:           357852 kB
Mem:          3.8G       3.7G       115M       5.7M        26M       3.2G

MemTotal:        4016004 kB
MemFree:          129576 kB
Active:           357876 kB
Mem:          3.8G       3.7G       125M       5.7M        26M       3.2G

MemTotal:        4016004 kB
MemFree:          107788 kB
Active:           357880 kB
Mem:          3.8G       3.7G       105M       5.7M        26M       3.2G

MemTotal:        4016004 kB
MemFree:          114716 kB
Active:           357904 kB
Mem:          3.8G       3.7G       111M       5.7M        26M       3.2G

MemTotal:        4016004 kB
MemFree:          125208 kB
Active:           357904 kB
Mem:          3.8G       3.7G       121M       5.7M        26M       3.2G

MemTotal:        4016004 kB
MemFree:          123676 kB
Active:           357904 kB
Mem:          3.8G       3.7G       119M       5.7M        26M       3.2G

MemTotal:        4016004 kB
MemFree:          121892 kB
Active:           357904 kB
Mem:          3.8G       3.7G       118M       5.7M        26M       3.2G

MemTotal:        4016004 kB
MemFree:          132816 kB
Active:           357912 kB
Mem:          3.8G       3.7G       129M       5.7M        26M       3.2G

MemTotal:        4016004 kB
MemFree:          119932 kB
Active:           357916 kB
Mem:          3.8G       3.7G       116M       5.7M        26M       3.2G

MemTotal:        4016004 kB
MemFree:          130608 kB
Active:           357792 kB
Mem:          3.8G       3.7G       126M       5.7M        26M       3.2G

MemTotal:        4016004 kB
MemFree:          134560 kB
Active:           357792 kB
Mem:          3.8G       3.7G       130M       5.7M        26M       3.2G

MemTotal:        4016004 kB
MemFree:          109620 kB
Active:           357816 kB
Mem:          3.8G       3.7G       105M       5.7M        26M       3.2G

MemTotal:        4016004 kB
MemFree:          130864 kB
Active:           357820 kB
Mem:          3.8G       3.7G       127M       5.7M        26M       3.2G

MemTotal:        4016004 kB
MemFree:          118484 kB
Active:           357820 kB
Mem:          3.8G       3.7G       115M       5.7M        26M       3.2G

MemTotal:        4016004 kB
MemFree:          124140 kB
Active:           357768 kB
Mem:          3.8G       3.7G       119M       5.7M        26M       3.2G

MemTotal:        4016004 kB
MemFree:          110424 kB
Active:           357804 kB
Mem:          3.8G       3.7G       106M       5.7M        26M       3.2G

MemTotal:        4016004 kB
MemFree:          133480 kB
Active:           357428 kB
Mem:          3.8G       3.7G       130M       5.7M        26M       3.2G

MemTotal:        4016004 kB
MemFree:          108736 kB
Active:           357268 kB
Mem:          3.8G       3.7G       106M       5.7M        26M       3.2G

MemTotal:        4016004 kB
MemFree:          108644 kB
Active:           357112 kB
Mem:          3.8G       3.7G       105M       5.7M        26M       3.2G

MemTotal:        4016004 kB
MemFree:          108768 kB
Active:           357100 kB
Mem:          3.8G       3.7G       106M       5.7M        26M       3.2G

MemTotal:        4016004 kB
MemFree:          108768 kB
Active:           357132 kB
Mem:          3.8G       3.7G       106M       5.7M        26M       3.2G

MemTotal:        4016004 kB
MemFree:          108520 kB
Active:           357084 kB
Mem:          3.8G       3.7G       106M       5.7M        26M       3.2G

MemTotal:        4016004 kB
MemFree:          108148 kB
Active:           357140 kB
Mem:          3.8G       3.7G       105M       5.7M        26M       3.2G

MemTotal:        4016004 kB
MemFree:          108644 kB
Active:           357128 kB
Mem:          3.8G       3.7G       106M       5.7M        26M       3.2G

MemTotal:        4016004 kB
MemFree:          108644 kB
Active:           357128 kB
Mem:          3.8G       3.7G       106M       5.7M        26M       3.2G

MemTotal:        4016004 kB
MemFree:          108752 kB
Active:           357104 kB
Mem:          3.8G       3.7G       106M       5.7M        26M       3.2G

MemTotal:        4016004 kB
MemFree:          108892 kB
Active:           357128 kB
Mem:          3.8G       3.7G       106M       5.7M        26M       3.2G

MemTotal:        4016004 kB
MemFree:          109140 kB
Active:           357112 kB
Mem:          3.8G       3.7G       106M       5.7M        26M       3.2G

MemTotal:        4016004 kB
MemFree:          108644 kB
Active:           357148 kB
Mem:          3.8G       3.7G       105M       5.7M        26M       3.2G

MemTotal:        4016004 kB
MemFree:          108520 kB
Active:           357108 kB
Mem:          3.8G       3.7G       106M       5.7M        26M       3.2G

MemTotal:        4016004 kB
MemFree:          108520 kB
Active:           357152 kB
Mem:          3.8G       3.7G       106M       5.7M        26M       3.2G

MemTotal:        4016004 kB
MemFree:          108520 kB
Active:           357148 kB
Mem:          3.8G       3.7G       105M       5.7M        26M       3.2G

MemTotal:        4016004 kB
MemFree:          108644 kB
Active:           357120 kB
Mem:          3.8G       3.7G       105M       5.7M        26M       3.2G

MemTotal:        4016004 kB
MemFree:          108520 kB
Active:           357108 kB
Mem:          3.8G       3.7G       106M       5.7M        26M       3.2G

MemTotal:        4016004 kB
MemFree:          108520 kB
Active:           357160 kB
Mem:          3.8G       3.7G       106M       5.7M        26M       3.2G

MemTotal:        4016004 kB
MemFree:          108644 kB
Active:           357104 kB
Mem:          3.8G       3.7G       106M       5.7M        26M       3.2G

MemTotal:        4016004 kB
MemFree:          108504 kB
Active:           357132 kB
Mem:          3.8G       3.7G       105M       5.7M        26M       3.2G

MemTotal:        4016004 kB
MemFree:          108628 kB
Active:           357132 kB
Mem:          3.8G       3.7G       106M       5.7M        26M       3.2G

MemTotal:        4016004 kB
MemFree:          108628 kB
Active:           357172 kB
Mem:          3.8G       3.7G       106M       5.7M        26M       3.2G

MemTotal:        4016004 kB
MemFree:          108628 kB
Active:           357176 kB
Mem:          3.8G       3.7G       106M       5.7M        26M       3.2G

MemTotal:        4016004 kB
MemFree:          108752 kB
Active:           357152 kB
Mem:          3.8G       3.7G       105M       5.7M        26M       3.2G

MemTotal:        4016004 kB
MemFree:          108628 kB
Active:           357156 kB
Mem:          3.8G       3.7G       106M       5.7M        26M       3.2G

MemTotal:        4016004 kB
MemFree:          108408 kB
Active:           357144 kB
Mem:          3.8G       3.7G       105M       5.7M        26M       3.2G

MemTotal:        4016004 kB
MemFree:          108596 kB
Active:           357160 kB
Mem:          3.8G       3.7G       105M       5.7M        26M       3.2G

MemTotal:        4016004 kB
MemFree:          108348 kB
Active:           357148 kB
Mem:          3.8G       3.7G       105M       5.7M        26M       3.2G

MemTotal:        4016004 kB
MemFree:          108224 kB
Active:           357168 kB
Mem:          3.8G       3.7G       105M       5.7M        26M       3.2G

MemTotal:        4016004 kB
MemFree:          108224 kB
Active:           357188 kB
Mem:          3.8G       3.7G       105M       5.7M        26M       3.2G

MemTotal:        4016004 kB
MemFree:          108224 kB
Active:           357192 kB
Mem:          3.8G       3.7G       105M       5.7M        26M       3.2G

MemTotal:        4016004 kB
MemFree:          108348 kB
Active:           357188 kB
Mem:          3.8G       3.7G       105M       5.7M        26M       3.2G

MemTotal:        4016004 kB
MemFree:          108348 kB
Active:           357204 kB
Mem:          3.8G       3.7G       105M       5.7M        26M       3.2G

MemTotal:        4016004 kB
MemFree:          108472 kB
Active:           357152 kB
Mem:          3.8G       3.7G       105M       5.7M        26M       3.2G

MemTotal:        4016004 kB
MemFree:          108348 kB
Active:           357164 kB
Mem:          3.8G       3.7G       105M       5.7M        26M       3.2G

MemTotal:        4016004 kB
MemFree:          108224 kB
Active:           357204 kB
Mem:          3.8G       3.7G       105M       5.7M        26M       3.2G

MemTotal:        4016004 kB
MemFree:          108348 kB
Active:           357196 kB
Mem:          3.8G       3.7G       105M       5.7M        26M       3.2G

MemTotal:        4016004 kB
MemFree:          108348 kB
Active:           357160 kB
Mem:          3.8G       3.7G       105M       5.7M        26M       3.2G

MemTotal:        4016004 kB
MemFree:          108224 kB
Active:           357172 kB
Mem:          3.8G       3.7G       105M       5.7M        26M       3.2G

MemTotal:        4016004 kB
MemFree:          108348 kB
Active:           357156 kB
Mem:          3.8G       3.7G       105M       5.7M        26M       3.2G

MemTotal:        4016004 kB
MemFree:          108348 kB
Active:           357212 kB
Mem:          3.8G       3.7G       105M       5.7M        26M       3.2G

MemTotal:        4016004 kB
MemFree:          108224 kB
Active:           357212 kB
Mem:          3.8G       3.7G       105M       5.7M        26M       3.2G

MemTotal:        4016004 kB
MemFree:          108348 kB
Active:           357176 kB
Mem:          3.8G       3.7G       105M       5.7M        26M       3.2G

MemTotal:        4016004 kB
MemFree:          108472 kB
Active:           357176 kB
Mem:          3.8G       3.7G       105M       5.7M        26M       3.2G

MemTotal:        4016004 kB
MemFree:          108472 kB
Active:           357180 kB
Mem:          3.8G       3.7G       105M       5.7M        26M       3.2G

MemTotal:        4016004 kB
MemFree:          108348 kB
Active:           357176 kB
Mem:          3.8G       3.7G       105M       5.7M        26M       3.2G

MemTotal:        4016004 kB
MemFree:          108224 kB
Active:           357188 kB
Mem:          3.8G       3.7G       105M       5.7M        26M       3.2G

MemTotal:        4016004 kB
MemFree:          108224 kB
Active:           357180 kB
Mem:          3.8G       3.7G       105M       5.7M        26M       3.2G

MemTotal:        4016004 kB
MemFree:          108224 kB
Active:           357184 kB
Mem:          3.8G       3.7G       105M       5.7M        26M       3.2G

MemTotal:        4016004 kB
MemFree:          108348 kB
Active:           357172 kB
Mem:          3.8G       3.7G       105M       5.7M        26M       3.2G

MemTotal:        4016004 kB
MemFree:          108348 kB
Active:           357224 kB
Mem:          3.8G       3.7G       105M       5.7M        26M       3.2G

MemTotal:        4016004 kB
MemFree:          108472 kB
Active:           357216 kB
Mem:          3.8G       3.7G       105M       5.7M        26M       3.2G

MemTotal:        4016004 kB
MemFree:          108364 kB
Active:           357176 kB
Mem:          3.8G       3.7G       105M       5.7M        26M       3.2G

MemTotal:        4016004 kB
MemFree:          108364 kB
Active:           357220 kB
Mem:          3.8G       3.7G       105M       5.7M        26M       3.2G

MemTotal:        4016004 kB
MemFree:          108364 kB
Active:           357212 kB
Mem:          3.8G       3.7G       105M       5.7M        26M       3.2G

MemTotal:        4016004 kB
MemFree:          108488 kB
Active:           357204 kB
Mem:          3.8G       3.7G       105M       5.7M        26M       3.2G

MemTotal:        4016004 kB
MemFree:          108364 kB
Active:           357228 kB
Mem:          3.8G       3.7G       105M       5.7M        26M       3.2G

MemTotal:        4016004 kB
MemFree:          108488 kB
Active:           357212 kB
Mem:          3.8G       3.7G       105M       5.7M        26M       3.2G

MemTotal:        4016004 kB
MemFree:          108116 kB
Active:           357212 kB
Mem:          3.8G       3.7G       105M       5.7M        26M       3.2G

MemTotal:        4016004 kB
MemFree:          108364 kB
Active:           357220 kB
Mem:          3.8G       3.7G       105M       5.7M        26M       3.2G

MemTotal:        4016004 kB
MemFree:          108472 kB
Active:           357240 kB
Mem:          3.8G       3.7G       105M       5.7M        26M       3.2G

MemTotal:        4016004 kB
MemFree:          108612 kB
Active:           357220 kB
Mem:          3.8G       3.7G       105M       5.7M        26M       3.2G

MemTotal:        4016004 kB
MemFree:          108240 kB
Active:           357200 kB
Mem:          3.8G       3.7G       105M       5.7M        26M       3.2G

MemTotal:        4016004 kB
MemFree:          108240 kB
Active:           357216 kB
Mem:          3.8G       3.7G       105M       5.7M        26M       3.2G

MemTotal:        4016004 kB
MemFree:          108240 kB
Active:           357220 kB
Mem:          3.8G       3.7G       105M       5.7M        26M       3.2G

MemTotal:        4016004 kB
MemFree:          108240 kB
Active:           357208 kB
Mem:          3.8G       3.7G       105M       5.7M        26M       3.2G

MemTotal:        4016004 kB
MemFree:          108364 kB
Active:           357252 kB
Mem:          3.8G       3.7G       105M       5.7M        26M       3.2G

MemTotal:        4016004 kB
MemFree:          108364 kB
Active:           357212 kB
Mem:          3.8G       3.7G       105M       5.7M        26M       3.2G

MemTotal:        4016004 kB
MemFree:          108364 kB
Active:           357256 kB
Mem:          3.8G       3.7G       105M       5.7M        26M       3.2G

MemTotal:        4016004 kB
MemFree:          108240 kB
Active:           357244 kB
Mem:          3.8G       3.7G       105M       5.7M        26M       3.2G

MemTotal:        4016004 kB
MemFree:          108240 kB
Active:           357260 kB
Mem:          3.8G       3.7G       105M       5.7M        26M       3.2G

MemTotal:        4016004 kB
MemFree:          108364 kB
Active:           357244 kB
Mem:          3.8G       3.7G       105M       5.7M        26M       3.2G

MemTotal:        4016004 kB
MemFree:          108240 kB
Active:           357248 kB
Mem:          3.8G       3.7G       105M       5.7M        26M       3.2G

MemTotal:        4016004 kB
MemFree:          108364 kB
Active:           357236 kB
Mem:          3.8G       3.7G       105M       5.7M        26M       3.2G

MemTotal:        4016004 kB
MemFree:          108364 kB
Active:           357236 kB
Mem:          3.8G       3.7G       105M       5.7M        26M       3.2G

MemTotal:        4016004 kB
MemFree:          108364 kB
Active:           357216 kB
Mem:          3.8G       3.7G       105M       5.7M        26M       3.2G

MemTotal:        4016004 kB
MemFree:          108364 kB
Active:           357308 kB
Mem:          3.8G       3.7G       105M       5.7M        26M       3.2G

MemTotal:        4016004 kB
MemFree:          108240 kB
Active:           357344 kB
Mem:          3.8G       3.7G       105M       5.7M        26M       3.2G

MemTotal:        4016004 kB
MemFree:          107852 kB
Active:           357440 kB
Mem:          3.8G       3.7G       105M       5.7M        26M       3.2G

MemTotal:        4016004 kB
MemFree:          107728 kB
Active:           357412 kB
Mem:          3.8G       3.7G       105M       5.7M        26M       3.2G

MemTotal:        4016004 kB
MemFree:          108348 kB
Active:           357404 kB
Mem:          3.8G       3.7G       105M       5.7M        26M       3.2G

MemTotal:        4016004 kB
MemFree:          108348 kB
Active:           357372 kB
Mem:          3.8G       3.7G       105M       5.7M        26M       3.2G

MemTotal:        4016004 kB
MemFree:          108100 kB
Active:           357412 kB
Mem:          3.8G       3.7G       105M       5.7M        26M       3.2G

MemTotal:        4016004 kB
MemFree:          108100 kB
Active:           357416 kB
Mem:          3.8G       3.7G       105M       5.7M        26M       3.2G

MemTotal:        4016004 kB
MemFree:          108100 kB
Active:           357412 kB
Mem:          3.8G       3.7G       105M       5.7M        26M       3.2G

MemTotal:        4016004 kB
MemFree:          107976 kB
Active:           357416 kB
Mem:          3.8G       3.7G       105M       5.7M        26M       3.2G

MemTotal:        4016004 kB
MemFree:          107852 kB
Active:           357436 kB
Mem:          3.8G       3.7G       105M       5.7M        26M       3.2G

MemTotal:        4016004 kB
MemFree:          107976 kB
Active:           357424 kB
Mem:          3.8G       3.7G       105M       5.7M        26M       3.2G

MemTotal:        4016004 kB
MemFree:          107976 kB
Active:           357380 kB
Mem:          3.8G       3.7G       105M       5.7M        26M       3.2G

MemTotal:        4016004 kB
MemFree:          107976 kB
Active:           357432 kB
Mem:          3.8G       3.7G       105M       5.7M        26M       3.2G

MemTotal:        4016004 kB
MemFree:          107976 kB
Active:           357428 kB
Mem:          3.8G       3.7G       105M       5.7M        26M       3.2G

MemTotal:        4016004 kB
MemFree:          107852 kB
Active:           357408 kB
Mem:          3.8G       3.7G       105M       5.7M        26M       3.2G

MemTotal:        4016004 kB
MemFree:          107976 kB
Active:           357412 kB
Mem:          3.8G       3.7G       105M       5.7M        26M       3.2G

MemTotal:        4016004 kB
MemFree:          107976 kB
Active:           357444 kB
Mem:          3.8G       3.7G       105M       5.7M        26M       3.2G

MemTotal:        4016004 kB
MemFree:          107992 kB
Active:           357420 kB
Mem:          3.8G       3.7G       105M       5.7M        26M       3.2G

MemTotal:        4016004 kB
MemFree:          107992 kB
Active:           357416 kB
Mem:          3.8G       3.7G       105M       5.7M        26M       3.2G

MemTotal:        4016004 kB
MemFree:          107868 kB
Active:           357444 kB
Mem:          3.8G       3.7G       105M       5.7M        26M       3.2G

MemTotal:        4016004 kB
MemFree:          108084 kB
Active:           357412 kB
Mem:          3.8G       3.7G       105M       5.7M        26M       3.2G

MemTotal:        4016004 kB
MemFree:          108116 kB
Active:           357400 kB
Mem:          3.8G       3.7G       105M       5.7M        26M       3.2G

MemTotal:        4016004 kB
MemFree:          107992 kB
Active:           357452 kB
Mem:          3.8G       3.7G       105M       5.7M        26M       3.2G

MemTotal:        4016004 kB
MemFree:          108116 kB
Active:           357440 kB
Mem:          3.8G       3.7G       105M       5.7M        26M       3.2G

MemTotal:        4016004 kB
MemFree:          108116 kB
Active:           357420 kB
Mem:          3.8G       3.7G       105M       5.7M        26M       3.2G

MemTotal:        4016004 kB
MemFree:          107992 kB
Active:           357452 kB
Mem:          3.8G       3.7G       105M       5.7M        26M       3.2G

MemTotal:        4016004 kB
MemFree:          107868 kB
Active:           357396 kB
Mem:          3.8G       3.7G       105M       5.7M        26M       3.2G

MemTotal:        4016004 kB
MemFree:          107992 kB
Active:           357400 kB
Mem:          3.8G       3.7G       105M       5.7M        26M       3.2G

MemTotal:        4016004 kB
MemFree:          107992 kB
Active:           357400 kB
Mem:          3.8G       3.7G       105M       5.7M        26M       3.2G

MemTotal:        4016004 kB
MemFree:          108116 kB
Active:           357404 kB
Mem:          3.8G       3.7G       105M       5.7M        26M       3.2G

MemTotal:        4016004 kB
MemFree:          107992 kB
Active:           357416 kB
Mem:          3.8G       3.7G       105M       5.7M        26M       3.2G

MemTotal:        4016004 kB
MemFree:          107992 kB
Active:           357436 kB
Mem:          3.8G       3.7G       105M       5.7M        26M       3.2G

MemTotal:        4016004 kB
MemFree:          108116 kB
Active:           357436 kB
Mem:          3.8G       3.7G       105M       5.7M        26M       3.2G

MemTotal:        4016004 kB
MemFree:          108116 kB
Active:           357432 kB
Mem:          3.8G       3.7G       105M       5.7M        26M       3.2G

MemTotal:        4016004 kB
MemFree:          107868 kB
Active:           357424 kB
Mem:          3.8G       3.7G       105M       5.7M        26M       3.2G

MemTotal:        4016004 kB
MemFree:          107620 kB
Active:           357476 kB
Mem:          3.8G       3.7G       105M       5.7M        26M       3.2G

MemTotal:        4016004 kB
MemFree:          107992 kB
Active:           357440 kB
Mem:          3.8G       3.7G       105M       5.7M        26M       3.2G

MemTotal:        4016004 kB
MemFree:          107976 kB
Active:           357456 kB
Mem:          3.8G       3.7G       105M       5.7M        26M       3.2G

MemTotal:        4016004 kB
MemFree:          107992 kB
Active:           357440 kB
Mem:          3.8G       3.7G       105M       5.7M        26M       3.2G

MemTotal:        4016004 kB
MemFree:          107976 kB
Active:           357444 kB
Mem:          3.8G       3.7G       105M       5.7M        26M       3.2G

MemTotal:        4016004 kB
MemFree:          108100 kB
Active:           357448 kB
Mem:          3.8G       3.7G       105M       5.7M        26M       3.2G

MemTotal:        4016004 kB
MemFree:          108100 kB
Active:           357468 kB
Mem:          3.8G       3.7G       105M       5.7M        26M       3.2G

MemTotal:        4016004 kB
MemFree:          108100 kB
Active:           357460 kB
Mem:          3.8G       3.7G       105M       5.7M        26M       3.2G

MemTotal:        4016004 kB
MemFree:          107868 kB
Active:           357468 kB
Mem:          3.8G       3.7G       105M       5.7M        26M       3.2G

MemTotal:        4016004 kB
MemFree:          107992 kB
Active:           357460 kB
Mem:          3.8G       3.7G       105M       5.7M        26M       3.2G

MemTotal:        4016004 kB
MemFree:          107992 kB
Active:           357460 kB
Mem:          3.8G       3.7G       105M       5.7M        26M       3.2G

MemTotal:        4016004 kB
MemFree:          107868 kB
Active:           357464 kB
Mem:          3.8G       3.7G       105M       5.7M        26M       3.2G

MemTotal:        4016004 kB
MemFree:          107992 kB
Active:           357472 kB
Mem:          3.8G       3.7G       105M       5.7M        26M       3.2G

MemTotal:        4016004 kB
MemFree:          107992 kB
Active:           357484 kB
Mem:          3.8G       3.7G       105M       5.7M        26M       3.2G

MemTotal:        4016004 kB
MemFree:          107992 kB
Active:           357440 kB
Mem:          3.8G       3.7G       105M       5.7M        26M       3.2G

MemTotal:        4016004 kB
MemFree:          107744 kB
Active:           357496 kB
Mem:          3.8G       3.7G       105M       5.7M        26M       3.2G

MemTotal:        4016004 kB
MemFree:          107992 kB
Active:           357496 kB
Mem:          3.8G       3.7G       105M       5.7M        26M       3.2G

MemTotal:        4016004 kB
MemFree:          107868 kB
Active:           357504 kB
Mem:          3.8G       3.7G       105M       5.7M        26M       3.2G

MemTotal:        4016004 kB
MemFree:          107992 kB
Active:           357460 kB
Mem:          3.8G       3.7G       105M       5.7M        26M       3.2G

MemTotal:        4016004 kB
MemFree:          107976 kB
Active:           357464 kB
Mem:          3.8G       3.7G       105M       5.7M        26M       3.2G

MemTotal:        4016004 kB
MemFree:          107620 kB
Active:           357516 kB
Mem:          3.8G       3.7G       105M       5.7M        26M       3.2G

MemTotal:        4016004 kB
MemFree:          107868 kB
Active:           357512 kB
Mem:          3.8G       3.7G       105M       5.7M        26M       3.2G

MemTotal:        4016004 kB
MemFree:          107868 kB
Active:           357520 kB
Mem:          3.8G       3.7G       105M       5.7M        26M       3.2G

MemTotal:        4016004 kB
MemFree:          107868 kB
Active:           357512 kB
Mem:          3.8G       3.7G       105M       5.7M        26M       3.2G

MemTotal:        4016004 kB
MemFree:          107992 kB
Active:           357496 kB
Mem:          3.8G       3.7G       105M       5.7M        26M       3.2G

MemTotal:        4016004 kB
MemFree:          107744 kB
Active:           357488 kB
Mem:          3.8G       3.7G       105M       5.7M        26M       3.2G

MemTotal:        4016004 kB
MemFree:          108364 kB
Active:           357464 kB
Mem:          3.8G       3.7G       105M       5.7M        26M       3.2G

MemTotal:        4016004 kB
MemFree:          108116 kB
Active:           357516 kB
Mem:          3.8G       3.7G       105M       5.7M        26M       3.2G

MemTotal:        4016004 kB
MemFree:          107868 kB
Active:           357536 kB
Mem:          3.8G       3.7G       105M       5.7M        26M       3.2G

MemTotal:        4016004 kB
MemFree:          107992 kB
Active:           357536 kB
Mem:          3.8G       3.7G       105M       5.7M        26M       3.2G

MemTotal:        4016004 kB
MemFree:          107992 kB
Active:           357536 kB
Mem:          3.8G       3.7G       105M       5.7M        26M       3.2G

MemTotal:        4016004 kB
MemFree:          107868 kB
Active:           357532 kB
Mem:          3.8G       3.7G       105M       5.7M        26M       3.2G

MemTotal:        4016004 kB
MemFree:          107992 kB
Active:           357528 kB
Mem:          3.8G       3.7G       105M       5.7M        26M       3.2G

MemTotal:        4016004 kB
MemFree:          107868 kB
Active:           357528 kB
Mem:          3.8G       3.7G       105M       5.7M        26M       3.2G

MemTotal:        4016004 kB
MemFree:          107992 kB
Active:           357540 kB
Mem:          3.8G       3.7G       105M       5.7M        26M       3.2G

MemTotal:        4016004 kB
MemFree:          107992 kB
Active:           357540 kB
Mem:          3.8G       3.7G       105M       5.7M        26M       3.2G

MemTotal:        4016004 kB
MemFree:          107868 kB
Active:           357512 kB
Mem:          3.8G       3.7G       105M       5.7M        26M       3.2G

MemTotal:        4016004 kB
MemFree:          107852 kB
Active:           357516 kB
Mem:          3.8G       3.7G       105M       5.7M        26M       3.2G

MemTotal:        4016004 kB
MemFree:          107992 kB
Active:           357524 kB
Mem:          3.8G       3.7G       105M       5.7M        26M       3.2G

MemTotal:        4016004 kB
MemFree:          107868 kB
Active:           357512 kB
Mem:          3.8G       3.7G       105M       5.7M        26M       3.2G

MemTotal:        4016004 kB
MemFree:          107992 kB
Active:           357536 kB
Mem:          3.8G       3.7G       105M       5.7M        26M       3.2G

MemTotal:        4016004 kB
MemFree:          107992 kB
Active:           357520 kB
Mem:          3.8G       3.7G       105M       5.7M        26M       3.2G

MemTotal:        4016004 kB
MemFree:          107868 kB
Active:           357560 kB
Mem:          3.8G       3.7G       105M       5.7M        26M       3.2G

MemTotal:        4016004 kB
MemFree:          107992 kB
Active:           357560 kB
Mem:          3.8G       3.7G       105M       5.7M        26M       3.2G

MemTotal:        4016004 kB
MemFree:          107868 kB
Active:           357560 kB
Mem:          3.8G       3.7G       105M       5.7M        26M       3.2G

MemTotal:        4016004 kB
MemFree:          107868 kB
Active:           357536 kB
Mem:          3.8G       3.7G       105M       5.7M        26M       3.2G

MemTotal:        4016004 kB
MemFree:          107868 kB
Active:           357544 kB
Mem:          3.8G       3.7G       105M       5.7M        26M       3.2G

MemTotal:        4016004 kB
MemFree:          107868 kB
Active:           357564 kB
Mem:          3.8G       3.7G       105M       5.7M        26M       3.2G

MemTotal:        4016004 kB
MemFree:          107868 kB
Active:           357572 kB
Mem:          3.8G       3.7G       105M       5.7M        26M       3.2G

MemTotal:        4016004 kB
MemFree:          107992 kB
Active:           357572 kB
Mem:          3.8G       3.7G       105M       5.7M        26M       3.2G

MemTotal:        4016004 kB
MemFree:          107868 kB
Active:           357532 kB
Mem:          3.8G       3.7G       105M       5.7M        26M       3.2G

MemTotal:        4016004 kB
MemFree:          107992 kB
Active:           357548 kB
Mem:          3.8G       3.7G       105M       5.7M        26M       3.2G

MemTotal:        4016004 kB
MemFree:          107744 kB
Active:           357576 kB
Mem:          3.8G       3.7G       105M       5.7M        26M       3.2G

MemTotal:        4016004 kB
MemFree:          107744 kB
Active:           357584 kB
Mem:          3.8G       3.7G       105M       5.7M        26M       3.2G

MemTotal:        4016004 kB
MemFree:          107744 kB
Active:           357568 kB
Mem:          3.8G       3.7G       105M       5.7M        26M       3.2G

MemTotal:        4016004 kB
MemFree:          107744 kB
Active:           357584 kB
Mem:          3.8G       3.7G       105M       5.7M        26M       3.2G

MemTotal:        4016004 kB
MemFree:          107852 kB
Active:           357544 kB
Mem:          3.8G       3.7G       105M       5.7M        26M       3.2G

MemTotal:        4016004 kB
MemFree:          107744 kB
Active:           357564 kB
Mem:          3.8G       3.7G       105M       5.7M        26M       3.2G

MemTotal:        4016004 kB
MemFree:          107744 kB
Active:           357572 kB
Mem:          3.8G       3.7G       105M       5.7M        26M       3.2G

MemTotal:        4016004 kB
MemFree:          107992 kB
Active:           357588 kB
Mem:          3.8G       3.7G       105M       5.7M        26M       3.2G

MemTotal:        4016004 kB
MemFree:          107992 kB
Active:           357584 kB
Mem:          3.8G       3.7G       105M       5.7M        26M       3.2G

MemTotal:        4016004 kB
MemFree:          107992 kB
Active:           357604 kB
Mem:          3.8G       3.7G       105M       5.7M        26M       3.2G

MemTotal:        4016004 kB
MemFree:          108116 kB
Active:           357568 kB
Mem:          3.8G       3.7G       105M       5.7M        26M       3.2G

MemTotal:        4016004 kB
MemFree:          107992 kB
Active:           357592 kB
Mem:          3.8G       3.7G       105M       5.7M        26M       3.2G

MemTotal:        4016004 kB
MemFree:          107992 kB
Active:           357592 kB
Mem:          3.8G       3.7G       105M       5.7M        26M       3.2G

MemTotal:        4016004 kB
MemFree:          107868 kB
Active:           357600 kB
Mem:          3.8G       3.7G       105M       5.7M        26M       3.2G

MemTotal:        4016004 kB
MemFree:          107744 kB
Active:           357616 kB
Mem:          3.8G       3.7G       105M       5.7M        26M       3.2G

MemTotal:        4016004 kB
MemFree:          107868 kB
Active:           357596 kB
Mem:          3.8G       3.7G       105M       5.7M        26M       3.2G

MemTotal:        4016004 kB
MemFree:          107868 kB
Active:           357564 kB
Mem:          3.8G       3.7G       105M       5.7M        26M       3.2G

MemTotal:        4016004 kB
MemFree:          107744 kB
Active:           357572 kB
Mem:          3.8G       3.7G       105M       5.7M        26M       3.2G

MemTotal:        4016004 kB
MemFree:          107744 kB
Active:           357604 kB
Mem:          3.8G       3.7G       105M       5.7M        26M       3.2G

MemTotal:        4016004 kB
MemFree:          107992 kB
Active:           357616 kB
Mem:          3.8G       3.7G       105M       5.7M        26M       3.2G

MemTotal:        4016004 kB
MemFree:          107868 kB
Active:           357568 kB
Mem:          3.8G       3.7G       105M       5.7M        26M       3.2G

MemTotal:        4016004 kB
MemFree:          107868 kB
Active:           357580 kB
Mem:          3.8G       3.7G       105M       5.7M        26M       3.2G

MemTotal:        4016004 kB
MemFree:          107744 kB
Active:           357568 kB
Mem:          3.8G       3.7G       105M       5.7M        26M       3.2G

MemTotal:        4016004 kB
MemFree:          107744 kB
Active:           357624 kB
Mem:          3.8G       3.7G       105M       5.7M        26M       3.2G

MemTotal:        4016004 kB
MemFree:          107868 kB
Active:           357620 kB
Mem:          3.8G       3.7G       105M       5.7M        26M       3.2G

MemTotal:        4016004 kB
MemFree:          107744 kB
Active:           357612 kB
Mem:          3.8G       3.7G       105M       5.7M        26M       3.2G

MemTotal:        4016004 kB
MemFree:          107744 kB
Active:           357628 kB
Mem:          3.8G       3.7G       105M       5.7M        26M       3.2G

MemTotal:        4016004 kB
MemFree:          107744 kB
Active:           357576 kB
Mem:          3.8G       3.7G       105M       5.7M        26M       3.2G

MemTotal:        4016004 kB
MemFree:          107620 kB
Active:           357596 kB
Mem:          3.8G       3.7G       105M       5.7M        26M       3.2G

MemTotal:        4016004 kB
MemFree:          107744 kB
Active:           357640 kB
Mem:          3.8G       3.7G       105M       5.7M        26M       3.2G

MemTotal:        4016004 kB
MemFree:          108632 kB
Active:           357300 kB
Mem:          3.8G       3.7G       106M       5.7M        26M       3.2G

MemTotal:        4016004 kB
MemFree:          109252 kB
Active:           357264 kB
Mem:          3.8G       3.7G       106M       5.7M        26M       3.2G

MemTotal:        4016004 kB
MemFree:          108880 kB
Active:           357304 kB
Mem:          3.8G       3.7G       106M       5.7M        26M       3.2G

MemTotal:        4016004 kB
MemFree:          108632 kB
Active:           357300 kB
Mem:          3.8G       3.7G       106M       5.7M        26M       3.2G

MemTotal:        4016004 kB
MemFree:          109128 kB
Active:           357304 kB
Mem:          3.8G       3.7G       106M       5.7M        26M       3.2G

MemTotal:        4016004 kB
MemFree:          109252 kB
Active:           357280 kB
Mem:          3.8G       3.7G       106M       5.7M        26M       3.2G

MemTotal:        4016004 kB
MemFree:          109252 kB
Active:           357260 kB
Mem:          3.8G       3.7G       106M       5.7M        26M       3.2G

MemTotal:        4016004 kB
MemFree:          108756 kB
Active:           357316 kB
Mem:          3.8G       3.7G       106M       5.7M        26M       3.2G

MemTotal:        4016004 kB
MemFree:          109004 kB
Active:           357272 kB
Mem:          3.8G       3.7G       106M       5.7M        26M       3.2G

MemTotal:        4016004 kB
MemFree:          109128 kB
Active:           357276 kB
Mem:          3.8G       3.7G       106M       5.7M        26M       3.2G

MemTotal:        4016004 kB
MemFree:          109004 kB
Active:           357284 kB
Mem:          3.8G       3.7G       106M       5.7M        26M       3.2G

MemTotal:        4016004 kB
MemFree:          109128 kB
Active:           357260 kB
Mem:          3.8G       3.7G       106M       5.7M        26M       3.2G

MemTotal:        4016004 kB
MemFree:          109004 kB
Active:           357288 kB
Mem:          3.8G       3.7G       106M       5.7M        26M       3.2G

MemTotal:        4016004 kB
MemFree:          109128 kB
Active:           357276 kB
Mem:          3.8G       3.7G       106M       5.7M        26M       3.2G

MemTotal:        4016004 kB
MemFree:          109004 kB
Active:           357280 kB
Mem:          3.8G       3.7G       106M       5.7M        26M       3.2G

MemTotal:        4016004 kB
MemFree:          109128 kB
Active:           357300 kB
Mem:          3.8G       3.7G       106M       5.7M        26M       3.2G

MemTotal:        4016004 kB
MemFree:          108712 kB
Active:           357328 kB
Mem:          3.8G       3.7G       106M       5.7M        26M       3.2G

MemTotal:        4016004 kB
MemFree:          108836 kB
Active:           357324 kB
Mem:          3.8G       3.7G       106M       5.7M        26M       3.2G

MemTotal:        4016004 kB
MemFree:          108960 kB
Active:           357316 kB
Mem:          3.8G       3.7G       106M       5.7M        26M       3.2G

MemTotal:        4016004 kB
MemFree:          108464 kB
Active:           357328 kB
Mem:          3.8G       3.7G       106M       5.7M        26M       3.2G

MemTotal:        4016004 kB
MemFree:          108464 kB
Active:           357328 kB
Mem:          3.8G       3.7G       106M       5.7M        26M       3.2G

MemTotal:        4016004 kB
MemFree:          108960 kB
Active:           357276 kB
Mem:          3.8G       3.7G       106M       5.7M        26M       3.2G

MemTotal:        4016004 kB
MemFree:          108960 kB
Active:           357328 kB
Mem:          3.8G       3.7G       106M       5.7M        26M       3.2G

MemTotal:        4016004 kB
MemFree:          108712 kB
Active:           357332 kB
Mem:          3.8G       3.7G       106M       5.7M        26M       3.2G

MemTotal:        4016004 kB
MemFree:          108588 kB
Active:           357300 kB
Mem:          3.8G       3.7G       106M       5.7M        26M       3.2G

MemTotal:        4016004 kB
MemFree:          108836 kB
Active:           357316 kB
Mem:          3.8G       3.7G       106M       5.7M        26M       3.2G

MemTotal:        4016004 kB
MemFree:          108836 kB
Active:           357308 kB
Mem:          3.8G       3.7G       106M       5.7M        26M       3.2G

MemTotal:        4016004 kB
MemFree:          108836 kB
Active:           357320 kB
Mem:          3.8G       3.7G       106M       5.7M        26M       3.2G

MemTotal:        4016004 kB
MemFree:          108712 kB
Active:           357320 kB
Mem:          3.8G       3.7G       106M       5.7M        26M       3.2G

MemTotal:        4016004 kB
MemFree:          108960 kB
Active:           357336 kB
Mem:          3.8G       3.7G       106M       5.7M        26M       3.2G

MemTotal:        4016004 kB
MemFree:          108836 kB
Active:           357308 kB
Mem:          3.8G       3.7G       106M       5.7M        26M       3.2G

MemTotal:        4016004 kB
MemFree:          108464 kB
Active:           357356 kB
Mem:          3.8G       3.7G       105M       5.7M        26M       3.2G

MemTotal:        4016004 kB
MemFree:          108464 kB
Active:           357356 kB
Mem:          3.8G       3.7G       106M       5.7M        26M       3.2G

MemTotal:        4016004 kB
MemFree:          108960 kB
Active:           357352 kB
Mem:          3.8G       3.7G       106M       5.7M        26M       3.2G

MemTotal:        4016004 kB
MemFree:          108836 kB
Active:           357324 kB
Mem:          3.8G       3.7G       106M       5.7M        26M       3.2G

MemTotal:        4016004 kB
MemFree:          108588 kB
Active:           357344 kB
Mem:          3.8G       3.7G       106M       5.7M        26M       3.2G

MemTotal:        4016004 kB
MemFree:          108464 kB
Active:           357352 kB
Mem:          3.8G       3.7G       105M       5.7M        26M       3.2G

MemTotal:        4016004 kB
MemFree:          108716 kB
Active:           357364 kB
Mem:          3.8G       3.7G       106M       5.7M        26M       3.2G

MemTotal:        4016004 kB
MemFree:          108592 kB
Active:           357380 kB
Mem:          3.8G       3.7G       106M       5.7M        26M       3.2G

MemTotal:        4016004 kB
MemFree:          108840 kB
Active:           357364 kB
Mem:          3.8G       3.7G       106M       5.7M        26M       3.2G

MemTotal:        4016004 kB
MemFree:          108592 kB
Active:           357384 kB
Mem:          3.8G       3.7G       106M       5.7M        26M       3.2G

MemTotal:        4016004 kB
MemFree:          108964 kB
Active:           357376 kB
Mem:          3.8G       3.7G       106M       5.7M        26M       3.2G

MemTotal:        4016004 kB
MemFree:          108468 kB
Active:           357384 kB
Mem:          3.8G       3.7G       106M       5.7M        26M       3.2G

MemTotal:        4016004 kB
MemFree:          108840 kB
Active:           357380 kB
Mem:          3.8G       3.7G       106M       5.7M        26M       3.2G

MemTotal:        4016004 kB
MemFree:          108964 kB
Active:           357344 kB
Mem:          3.8G       3.7G       106M       5.7M        26M       3.2G

MemTotal:        4016004 kB
MemFree:          108964 kB
Active:           357364 kB
Mem:          3.8G       3.7G       106M       5.7M        26M       3.2G

MemTotal:        4016004 kB
MemFree:          108840 kB
Active:           357340 kB
Mem:          3.8G       3.7G       106M       5.7M        26M       3.2G

MemTotal:        4016004 kB
MemFree:          108840 kB
Active:           357356 kB
Mem:          3.8G       3.7G       106M       5.7M        26M       3.2G

MemTotal:        4016004 kB
MemFree:          108964 kB
Active:           357384 kB
Mem:          3.8G       3.7G       106M       5.7M        26M       3.2G

MemTotal:        4016004 kB
MemFree:          109088 kB
Active:           357348 kB
Mem:          3.8G       3.7G       106M       5.7M        26M       3.2G

MemTotal:        4016004 kB
MemFree:          108964 kB
Active:           357368 kB
Mem:          3.8G       3.7G       106M       5.7M        26M       3.2G

MemTotal:        4016004 kB
MemFree:          109088 kB
Active:           357348 kB
Mem:          3.8G       3.7G       106M       5.7M        26M       3.2G

MemTotal:        4016004 kB
MemFree:          108964 kB
Active:           357372 kB
Mem:          3.8G       3.7G       106M       5.7M        26M       3.2G

MemTotal:        4016004 kB
MemFree:          108592 kB
Active:           357408 kB
Mem:          3.8G       3.7G       106M       5.7M        26M       3.2G

MemTotal:        4016004 kB
MemFree:          108964 kB
Active:           357368 kB
Mem:          3.8G       3.7G       106M       5.7M        26M       3.2G

MemTotal:        4016004 kB
MemFree:          108964 kB
Active:           357416 kB
