MemTotal:        4016004 kB
MemFree:         3198152 kB
Active:           461480 kB
Mem:          3.8G       798M       3.0G       5.7M        56M       328M

MemTotal:        4016004 kB
MemFree:         3198416 kB
Active:           461448 kB
Mem:          3.8G       798M       3.1G       5.7M        56M       328M

MemTotal:        4016004 kB
MemFree:         3198400 kB
Active:           461516 kB
Mem:          3.8G       798M       3.1G       5.7M        56M       328M

MemTotal:        4016004 kB
MemFree:         3198276 kB
Active:           461516 kB
Mem:          3.8G       798M       3.1G       5.7M        56M       328M

MemTotal:        4016004 kB
MemFree:         3198772 kB
Active:           461532 kB
Mem:          3.8G       798M       3.1G       5.7M        56M       328M

MemTotal:        4016004 kB
MemFree:         3198880 kB
Active:           461548 kB
Mem:          3.8G       798M       3.1G       5.7M        56M       328M

MemTotal:        4016004 kB
MemFree:         3198880 kB
Active:           461552 kB
Mem:          3.8G       798M       3.1G       5.7M        56M       328M

MemTotal:        4016004 kB
MemFree:         3198740 kB
Active:           461564 kB
Mem:          3.8G       798M       3.1G       5.7M        56M       328M

MemTotal:        4016004 kB
MemFree:         3198724 kB
Active:           461524 kB
Mem:          3.8G       798M       3.1G       5.7M        56M       328M

MemTotal:        4016004 kB
MemFree:         3198460 kB
Active:           461552 kB
Mem:          3.8G       798M       3.1G       5.7M        56M       328M

MemTotal:        4016004 kB
MemFree:         3198568 kB
Active:           461568 kB
Mem:          3.8G       798M       3.1G       5.7M        56M       328M

MemTotal:        4016004 kB
MemFree:         3198492 kB
Active:           461516 kB
Mem:          3.8G       798M       3.1G       5.7M        56M       328M

MemTotal:        4016004 kB
MemFree:         3198988 kB
Active:           461528 kB
Mem:          3.8G       798M       3.1G       5.7M        56M       328M

MemTotal:        4016004 kB
MemFree:         3198616 kB
Active:           461572 kB
Mem:          3.8G       798M       3.1G       5.7M        56M       328M

MemTotal:        4016004 kB
MemFree:         3198524 kB
Active:           461576 kB
Mem:          3.8G       798M       3.1G       5.7M        56M       328M

MemTotal:        4016004 kB
MemFree:         3198524 kB
Active:           461544 kB
Mem:          3.8G       798M       3.1G       5.7M        56M       328M

MemTotal:        4016004 kB
MemFree:         3198400 kB
Active:           461544 kB
Mem:          3.8G       798M       3.1G       5.7M        56M       328M

MemTotal:        4016004 kB
MemFree:         3198152 kB
Active:           461576 kB
Mem:          3.8G       798M       3.1G       5.7M        56M       328M

MemTotal:        4016004 kB
MemFree:         3198524 kB
Active:           461576 kB
Mem:          3.8G       798M       3.1G       5.7M        56M       328M

MemTotal:        4016004 kB
MemFree:         3198648 kB
Active:           461576 kB
Mem:          3.8G       798M       3.1G       5.7M        56M       328M

MemTotal:        4016004 kB
MemFree:         3198524 kB
Active:           461564 kB
Mem:          3.8G       798M       3.1G       5.7M        56M       328M

MemTotal:        4016004 kB
MemFree:         3198508 kB
Active:           461584 kB
Mem:          3.8G       798M       3.1G       5.7M        56M       328M

MemTotal:        4016004 kB
MemFree:         3198988 kB
Active:           461584 kB
Mem:          3.8G       798M       3.1G       5.7M        56M       328M

MemTotal:        4016004 kB
MemFree:         3198848 kB
Active:           461580 kB
Mem:          3.8G       797M       3.1G       5.7M        56M       328M

MemTotal:        4016004 kB
MemFree:         3196612 kB
Active:           461560 kB
Mem:          3.8G       800M       3.0G       5.7M        56M       328M

MemTotal:        4016004 kB
MemFree:         3196240 kB
Active:           461560 kB
Mem:          3.8G       800M       3.0G       5.7M        56M       328M

MemTotal:        4016004 kB
MemFree:         3196720 kB
Active:           463564 kB
Mem:          3.8G       800M       3.0G       5.7M        56M       328M

MemTotal:        4016004 kB
MemFree:         3196580 kB
Active:           463564 kB
Mem:          3.8G       800M       3.0G       5.7M        56M       328M

MemTotal:        4016004 kB
MemFree:         3196192 kB
Active:           463620 kB
Mem:          3.8G       800M       3.0G       5.7M        56M       328M

MemTotal:        4016004 kB
MemFree:         3196052 kB
Active:           463620 kB
Mem:          3.8G       800M       3.0G       5.7M        56M       328M

MemTotal:        4016004 kB
MemFree:         3196672 kB
Active:           463604 kB
Mem:          3.8G       800M       3.0G       5.7M        56M       328M

MemTotal:        4016004 kB
MemFree:         3196672 kB
Active:           463612 kB
Mem:          3.8G       800M       3.0G       5.7M        56M       328M

MemTotal:        4016004 kB
MemFree:         3196548 kB
Active:           463620 kB
Mem:          3.8G       800M       3.0G       5.7M        56M       328M

MemTotal:        4016004 kB
MemFree:         3196672 kB
Active:           463608 kB
Mem:          3.8G       800M       3.0G       5.7M        56M       328M

MemTotal:        4016004 kB
MemFree:         3196672 kB
Active:           463604 kB
Mem:          3.8G       800M       3.0G       5.7M        56M       328M

MemTotal:        4016004 kB
MemFree:         3196548 kB
Active:           463612 kB
Mem:          3.8G       800M       3.0G       5.7M        56M       328M

MemTotal:        4016004 kB
MemFree:         3196424 kB
Active:           463612 kB
Mem:          3.8G       800M       3.0G       5.7M        56M       328M

MemTotal:        4016004 kB
MemFree:         3196672 kB
Active:           463628 kB
Mem:          3.8G       800M       3.0G       5.7M        56M       328M

MemTotal:        4016004 kB
MemFree:         3196176 kB
Active:           463632 kB
Mem:          3.8G       800M       3.0G       5.7M        56M       328M

MemTotal:        4016004 kB
MemFree:         3196548 kB
Active:           463604 kB
Mem:          3.8G       800M       3.0G       5.7M        56M       328M

MemTotal:        4016004 kB
MemFree:         3196548 kB
Active:           463620 kB
Mem:          3.8G       800M       3.0G       5.7M        56M       328M

MemTotal:        4016004 kB
MemFree:         3196548 kB
Active:           463644 kB
Mem:          3.8G       800M       3.0G       5.7M        56M       328M

MemTotal:        4016004 kB
MemFree:         3196300 kB
Active:           463636 kB
Mem:          3.8G       800M       3.0G       5.7M        56M       328M

MemTotal:        4016004 kB
MemFree:         3196424 kB
Active:           463624 kB
Mem:          3.8G       800M       3.0G       5.7M        56M       328M

MemTotal:        4016004 kB
MemFree:         3194684 kB
Active:           461556 kB
Mem:          3.8G       802M       3.0G       5.7M        56M       328M

MemTotal:        4016004 kB
MemFree:         3194528 kB
Active:           465640 kB
Mem:          3.8G       802M       3.0G       5.7M        56M       328M

MemTotal:        4016004 kB
MemFree:         3194732 kB
Active:           465648 kB
Mem:          3.8G       801M       3.0G       5.7M        56M       328M

MemTotal:        4016004 kB
MemFree:         3194732 kB
Active:           465632 kB
Mem:          3.8G       801M       3.0G       5.7M        56M       328M

MemTotal:        4016004 kB
MemFree:         3194856 kB
Active:           465684 kB
Mem:          3.8G       801M       3.0G       5.7M        56M       328M

MemTotal:        4016004 kB
MemFree:         3194856 kB
Active:           465680 kB
Mem:          3.8G       801M       3.0G       5.7M        56M       328M

MemTotal:        4016004 kB
MemFree:         3194856 kB
Active:           465676 kB
Mem:          3.8G       802M       3.0G       5.7M        56M       328M

MemTotal:        4016004 kB
MemFree:         3194964 kB
Active:           465668 kB
Mem:          3.8G       802M       3.0G       5.7M        56M       328M

MemTotal:        4016004 kB
MemFree:         3194468 kB
Active:           465692 kB
Mem:          3.8G       802M       3.0G       5.7M        56M       328M

MemTotal:        4016004 kB
MemFree:         3194468 kB
Active:           465700 kB
Mem:          3.8G       802M       3.0G       5.7M        56M       328M

MemTotal:        4016004 kB
MemFree:         3194652 kB
Active:           463664 kB
Mem:          3.8G       802M       3.0G       5.7M        56M       328M

MemTotal:        4016004 kB
MemFree:         3194528 kB
Active:           463664 kB
Mem:          3.8G       802M       3.0G       5.7M        56M       328M

MemTotal:        4016004 kB
MemFree:         3194404 kB
Active:           463672 kB
Mem:          3.8G       802M       3.0G       5.7M        56M       328M

MemTotal:        4016004 kB
MemFree:         3194404 kB
Active:           465664 kB
Mem:          3.8G       802M       3.0G       5.7M        56M       328M

MemTotal:        4016004 kB
MemFree:         3194280 kB
Active:           465688 kB
Mem:          3.8G       802M       3.0G       5.7M        56M       328M

MemTotal:        4016004 kB
MemFree:         3194032 kB
Active:           465728 kB
Mem:          3.8G       802M       3.0G       5.7M        56M       328M

MemTotal:        4016004 kB
MemFree:         3194652 kB
Active:           465684 kB
Mem:          3.8G       802M       3.0G       5.7M        56M       328M

MemTotal:        4016004 kB
MemFree:         3194776 kB
Active:           465680 kB
Mem:          3.8G       801M       3.0G       5.7M        56M       328M

MemTotal:        4016004 kB
MemFree:         3194884 kB
Active:           465712 kB
Mem:          3.8G       802M       3.0G       5.7M        56M       328M

MemTotal:        4016004 kB
MemFree:         3194512 kB
Active:           465728 kB
Mem:          3.8G       802M       3.0G       5.7M        56M       328M

MemTotal:        4016004 kB
MemFree:         3194504 kB
Active:           463632 kB
Mem:          3.8G       801M       3.0G       5.7M        56M       328M

MemTotal:        4016004 kB
MemFree:         3194612 kB
Active:           465724 kB
Mem:          3.8G       802M       3.0G       5.7M        56M       328M

MemTotal:        4016004 kB
MemFree:         3194552 kB
Active:           465736 kB
Mem:          3.8G       801M       3.0G       5.7M        56M       328M

MemTotal:        4016004 kB
MemFree:         3194800 kB
Active:           465732 kB
Mem:          3.8G       801M       3.0G       5.7M        56M       328M

MemTotal:        4016004 kB
MemFree:         3194800 kB
Active:           465720 kB
Mem:          3.8G       802M       3.0G       5.7M        56M       328M

MemTotal:        4016004 kB
MemFree:         3194800 kB
Active:           465732 kB
Mem:          3.8G       801M       3.0G       5.7M        56M       328M

MemTotal:        4016004 kB
MemFree:         3194552 kB
Active:           465740 kB
Mem:          3.8G       801M       3.0G       5.7M        56M       328M

MemTotal:        4016004 kB
MemFree:         3194304 kB
Active:           465684 kB
Mem:          3.8G       802M       3.0G       5.7M        56M       328M

MemTotal:        4016004 kB
MemFree:         3194676 kB
Active:           465728 kB
Mem:          3.8G       802M       3.0G       5.7M        56M       328M

MemTotal:        4016004 kB
MemFree:         3194304 kB
Active:           465740 kB
Mem:          3.8G       802M       3.0G       5.7M        56M       328M

MemTotal:        4016004 kB
MemFree:         3194800 kB
Active:           465700 kB
Mem:          3.8G       801M       3.0G       5.7M        56M       328M

MemTotal:        4016004 kB
MemFree:         3194800 kB
Active:           465700 kB
Mem:          3.8G       801M       3.0G       5.7M        56M       328M

MemTotal:        4016004 kB
MemFree:         3194412 kB
Active:           465700 kB
Mem:          3.8G       802M       3.0G       5.7M        56M       328M

MemTotal:        4016004 kB
MemFree:         3194784 kB
Active:           465724 kB
Mem:          3.8G       802M       3.0G       5.7M        56M       328M

MemTotal:        4016004 kB
MemFree:         3194784 kB
Active:           465700 kB
Mem:          3.8G       801M       3.0G       5.7M        56M       328M

MemTotal:        4016004 kB
MemFree:         3194660 kB
Active:           465696 kB
Mem:          3.8G       802M       3.0G       5.7M        56M       328M

MemTotal:        4016004 kB
MemFree:         3194908 kB
Active:           465700 kB
Mem:          3.8G       801M       3.0G       5.7M        56M       328M

MemTotal:        4016004 kB
MemFree:         3194396 kB
Active:           465716 kB
Mem:          3.8G       802M       3.0G       5.7M        56M       328M

MemTotal:        4016004 kB
MemFree:         3194396 kB
Active:           465724 kB
Mem:          3.8G       802M       3.0G       5.7M        56M       328M

MemTotal:        4016004 kB
MemFree:         3194504 kB
Active:           465716 kB
Mem:          3.8G       802M       3.0G       5.7M        56M       328M

MemTotal:        4016004 kB
MemFree:         3192192 kB
Active:           465744 kB
Mem:          3.8G       804M       3.0G       5.7M        56M       328M

MemTotal:        4016004 kB
MemFree:         3192316 kB
Active:           467740 kB
Mem:          3.8G       804M       3.0G       5.7M        56M       328M

MemTotal:        4016004 kB
MemFree:         3192300 kB
Active:           467744 kB
Mem:          3.8G       804M       3.0G       5.7M        56M       328M

MemTotal:        4016004 kB
MemFree:         3192160 kB
Active:           467792 kB
Mem:          3.8G       804M       3.0G       5.7M        56M       328M

MemTotal:        4016004 kB
MemFree:         3192408 kB
Active:           467736 kB
Mem:          3.8G       804M       3.0G       5.7M        56M       328M

MemTotal:        4016004 kB
MemFree:         3192656 kB
Active:           467800 kB
Mem:          3.8G       803M       3.0G       5.7M        56M       328M

MemTotal:        4016004 kB
MemFree:         3192780 kB
Active:           467796 kB
Mem:          3.8G       803M       3.0G       5.7M        56M       328M

MemTotal:        4016004 kB
MemFree:         3192284 kB
Active:           467800 kB
Mem:          3.8G       804M       3.0G       5.7M        56M       328M

MemTotal:        4016004 kB
MemFree:         3192408 kB
Active:           467764 kB
Mem:          3.8G       804M       3.0G       5.7M        56M       328M

MemTotal:        4016004 kB
MemFree:         3192408 kB
Active:           467780 kB
Mem:          3.8G       804M       3.0G       5.7M        56M       328M

MemTotal:        4016004 kB
MemFree:         3192532 kB
Active:           467784 kB
Mem:          3.8G       804M       3.0G       5.7M        56M       328M

MemTotal:        4016004 kB
MemFree:         3192532 kB
Active:           467796 kB
Mem:          3.8G       804M       3.0G       5.7M        56M       328M

MemTotal:        4016004 kB
MemFree:         3192656 kB
Active:           467772 kB
Mem:          3.8G       804M       3.0G       5.7M        56M       328M

MemTotal:        4016004 kB
MemFree:         3192656 kB
Active:           467800 kB
Mem:          3.8G       804M       3.0G       5.7M        56M       328M

MemTotal:        4016004 kB
MemFree:         3192532 kB
Active:           467800 kB
Mem:          3.8G       804M       3.0G       5.7M        56M       328M

MemTotal:        4016004 kB
MemFree:         3192640 kB
Active:           467792 kB
Mem:          3.8G       804M       3.0G       5.7M        56M       328M

MemTotal:        4016004 kB
MemFree:         3192592 kB
Active:           467936 kB
Mem:          3.8G       804M       3.0G       5.7M        56M       328M

MemTotal:        4016004 kB
MemFree:         3152224 kB
Active:           468316 kB
Mem:          3.8G       843M       3.0G       5.7M        56M       367M

MemTotal:        4016004 kB
MemFree:         3108060 kB
Active:           468356 kB
Mem:          3.8G       886M       3.0G       5.7M        56M       409M

MemTotal:        4016004 kB
MemFree:         3064672 kB
Active:           468368 kB
Mem:          3.8G       929M       2.9G       5.7M        56M       451M

MemTotal:        4016004 kB
MemFree:         3020476 kB
Active:           468384 kB
Mem:          3.8G       972M       2.9G       5.7M        56M       493M

MemTotal:        4016004 kB
MemFree:         2976672 kB
Active:           468404 kB
Mem:          3.8G       1.0G       2.8G       5.7M        56M       535M

MemTotal:        4016004 kB
MemFree:         2932928 kB
Active:           468416 kB
Mem:          3.8G       1.0G       2.8G       5.7M        56M       577M

MemTotal:        4016004 kB
MemFree:         2888192 kB
Active:           468504 kB
Mem:          3.8G       1.1G       2.8G       5.7M        56M       619M

MemTotal:        4016004 kB
MemFree:         2844324 kB
Active:           468524 kB
Mem:          3.8G       1.1G       2.7G       5.7M        56M       661M

MemTotal:        4016004 kB
MemFree:         2801596 kB
Active:           468504 kB
Mem:          3.8G       1.2G       2.7G       5.7M        56M       704M

MemTotal:        4016004 kB
MemFree:         2758132 kB
Active:           468516 kB
Mem:          3.8G       1.2G       2.6G       5.7M        56M       746M

MemTotal:        4016004 kB
MemFree:         2746780 kB
Active:           468580 kB
Mem:          3.8G       1.2G       2.6G       5.7M        56M       755M

MemTotal:        4016004 kB
MemFree:         2746628 kB
Active:           468596 kB
Mem:          3.8G       1.2G       2.6G       5.7M        56M       755M

MemTotal:        4016004 kB
MemFree:         2746676 kB
Active:           468600 kB
Mem:          3.8G       1.2G       2.6G       5.7M        56M       755M

MemTotal:        4016004 kB
MemFree:         2746116 kB
Active:           466512 kB
Mem:          3.8G       1.2G       2.6G       5.7M        56M       755M

MemTotal:        4016004 kB
MemFree:         2707696 kB
Active:           468580 kB
Mem:          3.8G       1.2G       2.6G       5.7M        56M       794M

MemTotal:        4016004 kB
MemFree:         2663332 kB
Active:           468592 kB
Mem:          3.8G       1.3G       2.5G       5.7M        56M       836M

MemTotal:        4016004 kB
MemFree:         2620084 kB
Active:           468612 kB
Mem:          3.8G       1.3G       2.5G       5.7M        56M       878M

MemTotal:        4016004 kB
MemFree:         2575936 kB
Active:           468652 kB
Mem:          3.8G       1.4G       2.5G       5.7M        56M       921M

MemTotal:        4016004 kB
MemFree:         2531184 kB
Active:           468700 kB
Mem:          3.8G       1.4G       2.4G       5.7M        56M       963M

MemTotal:        4016004 kB
MemFree:         2486928 kB
Active:           468740 kB
Mem:          3.8G       1.5G       2.4G       5.7M        56M       1.0G

MemTotal:        4016004 kB
MemFree:         2443556 kB
Active:           468712 kB
Mem:          3.8G       1.5G       2.3G       5.7M        56M       1.0G

MemTotal:        4016004 kB
MemFree:         2399284 kB
Active:           468740 kB
Mem:          3.8G       1.5G       2.3G       5.7M        56M       1.1G

MemTotal:        4016004 kB
MemFree:         2355732 kB
Active:           468828 kB
Mem:          3.8G       1.6G       2.2G       5.7M        56M       1.1G

MemTotal:        4016004 kB
MemFree:         2311788 kB
Active:           468804 kB
Mem:          3.8G       1.6G       2.2G       5.7M        56M       1.1G

MemTotal:        4016004 kB
MemFree:         2300660 kB
Active:           468816 kB
Mem:          3.8G       1.6G       2.2G       5.7M        56M       1.2G

MemTotal:        4016004 kB
MemFree:         2256856 kB
Active:           468832 kB
Mem:          3.8G       1.7G       2.2G       5.7M        56M       1.2G

MemTotal:        4016004 kB
MemFree:         2243684 kB
Active:           468844 kB
Mem:          3.8G       1.7G       2.1G       5.7M        56M       1.2G

MemTotal:        4016004 kB
MemFree:         2243844 kB
Active:           468844 kB
Mem:          3.8G       1.7G       2.1G       5.7M        56M       1.2G

MemTotal:        4016004 kB
MemFree:         2212272 kB
Active:           468912 kB
Mem:          3.8G       1.7G       2.1G       5.7M        56M       1.2G

MemTotal:        4016004 kB
MemFree:         2168280 kB
Active:           468932 kB
Mem:          3.8G       1.8G       2.1G       5.7M        56M       1.3G

MemTotal:        4016004 kB
MemFree:         2124164 kB
Active:           468948 kB
Mem:          3.8G       1.8G       2.0G       5.7M        56M       1.3G

MemTotal:        4016004 kB
MemFree:         2081040 kB
Active:           468976 kB
Mem:          3.8G       1.8G       2.0G       5.7M        56M       1.4G

MemTotal:        4016004 kB
MemFree:         2036756 kB
Active:           468996 kB
Mem:          3.8G       1.9G       1.9G       5.7M        56M       1.4G

MemTotal:        4016004 kB
MemFree:         1992004 kB
Active:           469004 kB
Mem:          3.8G       1.9G       1.9G       5.7M        56M       1.4G

MemTotal:        4016004 kB
MemFree:         1948028 kB
Active:           469024 kB
Mem:          3.8G       2.0G       1.9G       5.7M        56M       1.5G

MemTotal:        4016004 kB
MemFree:         1903896 kB
Active:           469044 kB
Mem:          3.8G       2.0G       1.8G       5.7M        56M       1.5G

MemTotal:        4016004 kB
MemFree:         1861036 kB
Active:           469068 kB
Mem:          3.8G       2.1G       1.8G       5.7M        56M       1.6G

MemTotal:        4016004 kB
MemFree:         1855352 kB
Active:           469096 kB
Mem:          3.8G       2.1G       1.8G       5.7M        56M       1.6G

MemTotal:        4016004 kB
MemFree:         1811660 kB
Active:           469184 kB
Mem:          3.8G       2.1G       1.7G       5.7M        56M       1.6G

MemTotal:        4016004 kB
MemFree:         1768392 kB
Active:           469200 kB
Mem:          3.8G       2.1G       1.7G       5.7M        56M       1.7G

MemTotal:        4016004 kB
MemFree:         1723908 kB
Active:           469212 kB
Mem:          3.8G       2.2G       1.6G       5.7M        56M       1.7G

MemTotal:        4016004 kB
MemFree:         1681532 kB
Active:           469248 kB
Mem:          3.8G       2.2G       1.6G       5.7M        56M       1.7G

MemTotal:        4016004 kB
MemFree:         1637788 kB
Active:           469272 kB
Mem:          3.8G       2.3G       1.6G       5.7M        56M       1.8G

MemTotal:        4016004 kB
MemFree:         1593532 kB
Active:           469296 kB
Mem:          3.8G       2.3G       1.5G       5.7M        56M       1.8G

MemTotal:        4016004 kB
MemFree:         1550268 kB
Active:           469308 kB
Mem:          3.8G       2.4G       1.5G       5.7M        57M       1.9G

MemTotal:        4016004 kB
MemFree:         1505408 kB
Active:           469384 kB
Mem:          3.8G       2.4G       1.4G       5.7M        57M       1.9G

MemTotal:        4016004 kB
MemFree:         1461492 kB
Active:           469388 kB
Mem:          3.8G       2.4G       1.4G       5.7M        57M       1.9G

MemTotal:        4016004 kB
MemFree:         1418428 kB
Active:           469424 kB
Mem:          3.8G       2.5G       1.4G       5.7M        57M       2.0G

MemTotal:        4016004 kB
MemFree:         1407384 kB
Active:           469396 kB
Mem:          3.8G       2.5G       1.3G       5.7M        57M       2.0G

MemTotal:        4016004 kB
MemFree:         1363772 kB
Active:           469476 kB
Mem:          3.8G       2.5G       1.3G       5.7M        57M       2.0G

MemTotal:        4016004 kB
MemFree:         1320172 kB
Active:           469500 kB
Mem:          3.8G       2.6G       1.3G       5.7M        57M       2.1G

MemTotal:        4016004 kB
MemFree:         1276216 kB
Active:           469512 kB
Mem:          3.8G       2.6G       1.2G       5.7M        57M       2.1G

MemTotal:        4016004 kB
MemFree:         1232584 kB
Active:           469520 kB
Mem:          3.8G       2.7G       1.2G       5.7M        57M       2.2G

MemTotal:        4016004 kB
MemFree:         1187304 kB
Active:           467548 kB
Mem:          3.8G       2.7G       1.1G       5.7M        57M       2.2G

MemTotal:        4016004 kB
MemFree:         1144428 kB
Active:           469596 kB
Mem:          3.8G       2.7G       1.1G       5.7M        57M       2.2G

MemTotal:        4016004 kB
MemFree:         1101288 kB
Active:           469616 kB
Mem:          3.8G       2.8G       1.0G       5.7M        57M       2.3G

MemTotal:        4016004 kB
MemFree:         1056920 kB
Active:           469660 kB
Mem:          3.8G       2.8G       1.0G       5.7M        57M       2.3G

MemTotal:        4016004 kB
MemFree:         1013208 kB
Active:           469684 kB
Mem:          3.8G       2.9G       989M       5.7M        57M       2.4G

MemTotal:        4016004 kB
MemFree:          973928 kB
Active:           469656 kB
Mem:          3.8G       2.9G       950M       5.7M        57M       2.4G

MemTotal:        4016004 kB
MemFree:          958716 kB
Active:           469672 kB
Mem:          3.8G       2.9G       935M       5.7M        57M       2.4G

MemTotal:        4016004 kB
MemFree:          914848 kB
Active:           469696 kB
Mem:          3.8G       3.0G       892M       5.7M        57M       2.5G

MemTotal:        4016004 kB
MemFree:          870472 kB
Active:           469772 kB
Mem:          3.8G       3.0G       849M       5.7M        57M       2.5G

MemTotal:        4016004 kB
MemFree:          826904 kB
Active:           469744 kB
Mem:          3.8G       3.0G       807M       5.7M        57M       2.5G

MemTotal:        4016004 kB
MemFree:          783068 kB
Active:           469788 kB
Mem:          3.8G       3.1G       764M       5.7M        57M       2.6G

MemTotal:        4016004 kB
MemFree:          739448 kB
Active:           469820 kB
Mem:          3.8G       3.1G       721M       5.7M        57M       2.6G

MemTotal:        4016004 kB
MemFree:          695580 kB
Active:           469836 kB
Mem:          3.8G       3.2G       678M       5.7M        57M       2.7G

MemTotal:        4016004 kB
MemFree:          650596 kB
Active:           469888 kB
Mem:          3.8G       3.2G       634M       5.7M        57M       2.7G

MemTotal:        4016004 kB
MemFree:          621904 kB
Active:           469940 kB
Mem:          3.8G       3.2G       607M       5.7M        57M       2.7G

MemTotal:        4016004 kB
MemFree:          605320 kB
Active:           469956 kB
Mem:          3.8G       3.3G       590M       5.7M        57M       2.7G

MemTotal:        4016004 kB
MemFree:          561948 kB
Active:           469972 kB
Mem:          3.8G       3.3G       548M       5.7M        57M       2.8G

MemTotal:        4016004 kB
MemFree:          519072 kB
Active:           469936 kB
Mem:          3.8G       3.3G       505M       5.7M        57M       2.8G

MemTotal:        4016004 kB
MemFree:          507716 kB
Active:           470004 kB
Mem:          3.8G       3.3G       495M       5.7M        57M       2.8G

MemTotal:        4016004 kB
MemFree:          507192 kB
Active:           469984 kB
Mem:          3.8G       3.3G       495M       5.7M        57M       2.8G

MemTotal:        4016004 kB
MemFree:          507320 kB
Active:           469972 kB
Mem:          3.8G       3.3G       495M       5.7M        57M       2.8G

MemTotal:        4016004 kB
MemFree:          484808 kB
Active:           470024 kB
Mem:          3.8G       3.4G       472M       5.7M        57M       2.9G

MemTotal:        4016004 kB
MemFree:          439948 kB
Active:           470008 kB
Mem:          3.8G       3.4G       429M       5.7M        57M       2.9G

MemTotal:        4016004 kB
MemFree:          396592 kB
Active:           469860 kB
Mem:          3.8G       3.5G       386M       5.7M        57M       2.9G

MemTotal:        4016004 kB
MemFree:          352352 kB
Active:           469880 kB
Mem:          3.8G       3.5G       343M       5.7M        57M       3.0G

MemTotal:        4016004 kB
MemFree:          308236 kB
Active:           469948 kB
Mem:          3.8G       3.5G       300M       5.7M        57M       3.0G

MemTotal:        4016004 kB
MemFree:          264120 kB
Active:           469956 kB
Mem:          3.8G       3.6G       257M       5.7M        57M       3.1G

MemTotal:        4016004 kB
MemFree:          220128 kB
Active:           469964 kB
Mem:          3.8G       3.6G       214M       5.7M        57M       3.1G

MemTotal:        4016004 kB
MemFree:          176368 kB
Active:           469968 kB
Mem:          3.8G       3.7G       171M       5.7M        57M       3.2G

MemTotal:        4016004 kB
MemFree:          158144 kB
Active:           470000 kB
Mem:          3.8G       3.7G       153M       5.7M        57M       3.2G

MemTotal:        4016004 kB
MemFree:          130612 kB
Active:           472064 kB
Mem:          3.8G       3.7G       127M       5.7M        57M       3.2G

MemTotal:        4016004 kB
MemFree:          122952 kB
Active:           468708 kB
Mem:          3.8G       3.7G       119M       5.7M        25M       3.2G

MemTotal:        4016004 kB
MemFree:          137096 kB
Active:           482356 kB
Mem:          3.8G       3.7G       133M       5.7M        24M       3.2G

MemTotal:        4016004 kB
MemFree:          105452 kB
Active:           482384 kB
Mem:          3.8G       3.7G       102M       5.7M        24M       3.2G

MemTotal:        4016004 kB
MemFree:          112272 kB
Active:           528952 kB
Mem:          3.8G       3.7G       106M       5.7M        24M       3.2G

MemTotal:        4016004 kB
MemFree:          108820 kB
Active:           529136 kB
Mem:          3.8G       3.7G       106M       5.7M        24M       3.2G

MemTotal:        4016004 kB
MemFree:          139172 kB
Active:           530764 kB
Mem:          3.8G       3.7G       134M       5.7M        24M       3.2G

MemTotal:        4016004 kB
MemFree:          132116 kB
Active:           525340 kB
Mem:          3.8G       3.7G       133M       5.7M        24M       3.2G

MemTotal:        4016004 kB
MemFree:          129916 kB
Active:           520888 kB
Mem:          3.8G       3.7G       126M       5.7M        24M       3.2G

MemTotal:        4016004 kB
MemFree:          132052 kB
Active:           515272 kB
Mem:          3.8G       3.7G       128M       5.7M        24M       3.2G

MemTotal:        4016004 kB
MemFree:          124144 kB
Active:           511724 kB
Mem:          3.8G       3.7G       120M       5.7M        24M       3.2G

MemTotal:        4016004 kB
MemFree:          116104 kB
Active:           507904 kB
Mem:          3.8G       3.7G       113M       5.7M        24M       3.2G

MemTotal:        4016004 kB
MemFree:          110540 kB
Active:           504472 kB
Mem:          3.8G       3.7G       107M       5.7M        24M       3.2G

MemTotal:        4016004 kB
MemFree:          125720 kB
Active:           499256 kB
Mem:          3.8G       3.7G       122M       5.7M        24M       3.2G

MemTotal:        4016004 kB
MemFree:          114568 kB
Active:           496076 kB
Mem:          3.8G       3.7G       111M       5.7M        24M       3.2G

MemTotal:        4016004 kB
MemFree:          114164 kB
Active:           496100 kB
Mem:          3.8G       3.7G       111M       5.7M        24M       3.2G

MemTotal:        4016004 kB
MemFree:          113736 kB
Active:           496100 kB
Mem:          3.8G       3.7G       111M       5.7M        24M       3.2G

MemTotal:        4016004 kB
MemFree:          114984 kB
Active:           491892 kB
Mem:          3.8G       3.7G       112M       5.7M        24M       3.2G

MemTotal:        4016004 kB
MemFree:          114056 kB
Active:           491856 kB
Mem:          3.8G       3.7G       110M       5.7M        24M       3.2G

MemTotal:        4016004 kB
MemFree:          105776 kB
Active:           488460 kB
Mem:          3.8G       3.7G       102M       5.7M        24M       3.2G

MemTotal:        4016004 kB
MemFree:          109080 kB
Active:           482192 kB
Mem:          3.8G       3.7G       105M       5.7M        24M       3.2G

MemTotal:        4016004 kB
MemFree:          135732 kB
Active:           475436 kB
Mem:          3.8G       3.7G       132M       5.7M        24M       3.2G

MemTotal:        4016004 kB
MemFree:          139004 kB
Active:           469052 kB
Mem:          3.8G       3.7G       135M       5.7M        24M       3.2G

MemTotal:        4016004 kB
MemFree:          141388 kB
Active:           467424 kB
Mem:          3.8G       3.7G       137M       5.7M        24M       3.2G

MemTotal:        4016004 kB
MemFree:          126472 kB
Active:           466424 kB
Mem:          3.8G       3.7G       122M       5.7M        24M       3.2G

MemTotal:        4016004 kB
MemFree:          123300 kB
Active:           462648 kB
Mem:          3.8G       3.7G       120M       5.7M        24M       3.2G

MemTotal:        4016004 kB
MemFree:          127724 kB
Active:           461388 kB
Mem:          3.8G       3.7G       123M       5.7M        24M       3.2G

MemTotal:        4016004 kB
MemFree:          127540 kB
Active:           460132 kB
Mem:          3.8G       3.7G       124M       5.7M        24M       3.2G

MemTotal:        4016004 kB
MemFree:          126404 kB
Active:           460148 kB
Mem:          3.8G       3.7G       123M       5.7M        24M       3.2G

MemTotal:        4016004 kB
MemFree:          126840 kB
Active:           460104 kB
Mem:          3.8G       3.7G       123M       5.7M        24M       3.2G

MemTotal:        4016004 kB
MemFree:          126956 kB
Active:           463884 kB
Mem:          3.8G       3.7G       123M       5.7M        24M       3.2G

MemTotal:        4016004 kB
MemFree:          119664 kB
Active:           460448 kB
Mem:          3.8G       3.7G       116M       5.7M        24M       3.2G

MemTotal:        4016004 kB
MemFree:          108564 kB
Active:           458804 kB
Mem:          3.8G       3.7G       116M       5.7M        24M       3.2G

MemTotal:        4016004 kB
MemFree:          125548 kB
Active:           456652 kB
Mem:          3.8G       3.7G       121M       5.7M        24M       3.2G

MemTotal:        4016004 kB
MemFree:          110928 kB
Active:           455656 kB
Mem:          3.8G       3.7G       107M       5.7M        24M       3.2G

MemTotal:        4016004 kB
MemFree:          125548 kB
Active:           454016 kB
Mem:          3.8G       3.7G       122M       5.7M        24M       3.2G

MemTotal:        4016004 kB
MemFree:          122872 kB
Active:           452376 kB
Mem:          3.8G       3.7G       119M       5.7M        24M       3.2G

MemTotal:        4016004 kB
MemFree:          106796 kB
Active:           447520 kB
Mem:          3.8G       3.7G       103M       5.7M        24M       3.2G

MemTotal:        4016004 kB
MemFree:          104744 kB
Active:           444420 kB
Mem:          3.8G       3.7G       109M       5.7M        25M       3.2G

MemTotal:        4016004 kB
MemFree:          119020 kB
Active:           443780 kB
Mem:          3.8G       3.7G       115M       5.7M        25M       3.2G

MemTotal:        4016004 kB
MemFree:          136060 kB
Active:           440464 kB
Mem:          3.8G       3.7G       132M       5.7M        25M       3.2G

MemTotal:        4016004 kB
MemFree:          113116 kB
Active:           440356 kB
Mem:          3.8G       3.7G       110M       5.7M        25M       3.2G

MemTotal:        4016004 kB
MemFree:          116768 kB
Active:           439224 kB
Mem:          3.8G       3.7G       113M       5.7M        25M       3.2G

MemTotal:        4016004 kB
MemFree:          124736 kB
Active:           437200 kB
Mem:          3.8G       3.7G       120M       5.7M        25M       3.2G

MemTotal:        4016004 kB
MemFree:          116784 kB
Active:           436072 kB
Mem:          3.8G       3.7G       113M       5.7M        25M       3.2G

MemTotal:        4016004 kB
MemFree:          108572 kB
Active:           434940 kB
Mem:          3.8G       3.7G       105M       5.7M        25M       3.2G

MemTotal:        4016004 kB
MemFree:          127820 kB
Active:           432920 kB
Mem:          3.8G       3.7G       123M       5.7M        25M       3.2G

MemTotal:        4016004 kB
MemFree:          119540 kB
Active:           431792 kB
Mem:          3.8G       3.7G       116M       5.7M        25M       3.2G

MemTotal:        4016004 kB
MemFree:          128728 kB
Active:           429764 kB
Mem:          3.8G       3.7G       124M       5.7M        25M       3.2G

MemTotal:        4016004 kB
MemFree:          120572 kB
Active:           428640 kB
Mem:          3.8G       3.7G       117M       5.7M        25M       3.2G

MemTotal:        4016004 kB
MemFree:          109992 kB
Active:           427500 kB
Mem:          3.8G       3.7G       107M       5.7M        25M       3.2G

MemTotal:        4016004 kB
MemFree:          126172 kB
Active:           423692 kB
Mem:          3.8G       3.7G       122M       5.7M        25M       3.2G

MemTotal:        4016004 kB
MemFree:          112408 kB
Active:           422688 kB
Mem:          3.8G       3.7G       109M       5.7M        25M       3.2G

MemTotal:        4016004 kB
MemFree:          132396 kB
Active:           421556 kB
Mem:          3.8G       3.7G       129M       5.7M        25M       3.2G

MemTotal:        4016004 kB
MemFree:          130280 kB
Active:           420552 kB
Mem:          3.8G       3.7G       126M       5.7M        25M       3.2G

MemTotal:        4016004 kB
MemFree:          138976 kB
Active:           418532 kB
Mem:          3.8G       3.7G       135M       5.7M        25M       3.2G

MemTotal:        4016004 kB
MemFree:          131568 kB
Active:           417400 kB
Mem:          3.8G       3.7G       127M       5.7M        25M       3.2G

MemTotal:        4016004 kB
MemFree:          124068 kB
Active:           414176 kB
Mem:          3.8G       3.7G       120M       5.7M        25M       3.2G

MemTotal:        4016004 kB
MemFree:          115788 kB
Active:           413048 kB
Mem:          3.8G       3.7G       112M       5.7M        25M       3.2G

MemTotal:        4016004 kB
MemFree:          132232 kB
Active:           411412 kB
Mem:          3.8G       3.7G       128M       5.7M        25M       3.2G

MemTotal:        4016004 kB
MemFree:          124216 kB
Active:           410156 kB
Mem:          3.8G       3.7G       121M       5.7M        25M       3.2G

MemTotal:        4016004 kB
MemFree:          133404 kB
Active:           408256 kB
Mem:          3.8G       3.7G       129M       5.7M        25M       3.2G

MemTotal:        4016004 kB
MemFree:          104760 kB
Active:           408156 kB
Mem:          3.8G       3.7G       101M       5.7M        25M       3.2G

MemTotal:        4016004 kB
MemFree:          126040 kB
Active:           406260 kB
Mem:          3.8G       3.7G       123M       5.7M        25M       3.2G

MemTotal:        4016004 kB
MemFree:          119616 kB
Active:           404876 kB
Mem:          3.8G       3.7G       116M       5.7M        25M       3.2G

MemTotal:        4016004 kB
MemFree:          118464 kB
Active:           403756 kB
Mem:          3.8G       3.7G       115M       5.7M        25M       3.2G

MemTotal:        4016004 kB
MemFree:          110740 kB
Active:           403504 kB
Mem:          3.8G       3.7G       118M       5.7M        25M       3.2G

MemTotal:        4016004 kB
MemFree:          120996 kB
Active:           401996 kB
Mem:          3.8G       3.7G       117M       5.7M        25M       3.2G

MemTotal:        4016004 kB
MemFree:          113556 kB
Active:           400868 kB
Mem:          3.8G       3.7G       109M       5.7M        25M       3.2G

MemTotal:        4016004 kB
MemFree:          129244 kB
Active:           399224 kB
Mem:          3.8G       3.7G       125M       5.7M        25M       3.2G

MemTotal:        4016004 kB
MemFree:          121120 kB
Active:           401496 kB
Mem:          3.8G       3.7G       117M       5.7M        25M       3.2G

MemTotal:        4016004 kB
MemFree:          125428 kB
Active:           399856 kB
Mem:          3.8G       3.7G       121M       5.7M        25M       3.2G

MemTotal:        4016004 kB
MemFree:          117892 kB
Active:           398636 kB
Mem:          3.8G       3.7G       114M       5.7M        25M       3.2G

MemTotal:        4016004 kB
MemFree:          121268 kB
Active:           398400 kB
Mem:          3.8G       3.7G       118M       5.7M        25M       3.2G

MemTotal:        4016004 kB
MemFree:          137284 kB
Active:           398304 kB
Mem:          3.8G       3.7G       133M       5.7M        25M       3.2G

MemTotal:        4016004 kB
MemFree:          130152 kB
Active:           398328 kB
Mem:          3.8G       3.7G       125M       5.7M        25M       3.2G

MemTotal:        4016004 kB
MemFree:          141048 kB
Active:           398368 kB
Mem:          3.8G       3.7G       137M       5.7M        25M       3.2G

MemTotal:        4016004 kB
MemFree:          132800 kB
Active:           398404 kB
Mem:          3.8G       3.7G       128M       5.7M        25M       3.2G

MemTotal:        4016004 kB
MemFree:          120864 kB
Active:           398412 kB
Mem:          3.8G       3.7G       117M       5.7M        25M       3.2G

MemTotal:        4016004 kB
MemFree:          134376 kB
Active:           398344 kB
Mem:          3.8G       3.7G       130M       5.7M        25M       3.2G

MemTotal:        4016004 kB
MemFree:          133952 kB
Active:           401856 kB
Mem:          3.8G       3.7G       130M       5.7M        25M       3.2G

MemTotal:        4016004 kB
MemFree:          134080 kB
Active:           401848 kB
Mem:          3.8G       3.7G       130M       5.7M        25M       3.2G

MemTotal:        4016004 kB
MemFree:          105020 kB
Active:           401888 kB
Mem:          3.8G       3.7G       102M       5.7M        25M       3.2G

MemTotal:        4016004 kB
MemFree:          112736 kB
Active:           398324 kB
Mem:          3.8G       3.7G       109M       5.7M        25M       3.2G

MemTotal:        4016004 kB
MemFree:          105928 kB
Active:           398348 kB
Mem:          3.8G       3.7G       103M       5.7M        25M       3.2G

MemTotal:        4016004 kB
MemFree:          132988 kB
Active:           398376 kB
Mem:          3.8G       3.7G       129M       5.7M        25M       3.2G

MemTotal:        4016004 kB
MemFree:          144556 kB
Active:           398396 kB
Mem:          3.8G       3.7G       140M       5.7M        25M       3.2G

MemTotal:        4016004 kB
MemFree:          146240 kB
Active:           398416 kB
Mem:          3.8G       3.7G       143M       5.7M        25M       3.2G

MemTotal:        4016004 kB
MemFree:          127576 kB
Active:           398356 kB
Mem:          3.8G       3.7G       123M       5.7M        26M       3.2G

MemTotal:        4016004 kB
MemFree:          131776 kB
Active:           398384 kB
Mem:          3.8G       3.7G       128M       5.7M        26M       3.2G

MemTotal:        4016004 kB
MemFree:          124532 kB
Active:           398624 kB
Mem:          3.8G       3.7G       120M       5.7M        26M       3.2G

MemTotal:        4016004 kB
MemFree:          106232 kB
Active:           398640 kB
Mem:          3.8G       3.7G       102M       5.7M        26M       3.2G

MemTotal:        4016004 kB
MemFree:          127092 kB
Active:           398552 kB
Mem:          3.8G       3.7G       123M       5.7M        26M       3.2G

MemTotal:        4016004 kB
MemFree:          113896 kB
Active:           398460 kB
Mem:          3.8G       3.7G       110M       5.7M        26M       3.2G

MemTotal:        4016004 kB
MemFree:          109720 kB
Active:           398484 kB
Mem:          3.8G       3.7G       107M       5.7M        26M       3.2G

MemTotal:        4016004 kB
MemFree:          125056 kB
Active:           398484 kB
Mem:          3.8G       3.7G       121M       5.7M        26M       3.2G

MemTotal:        4016004 kB
MemFree:          111484 kB
Active:           398380 kB
Mem:          3.8G       3.7G       107M       5.7M        26M       3.2G

MemTotal:        4016004 kB
MemFree:          125952 kB
Active:           398400 kB
Mem:          3.8G       3.7G       123M       5.7M        26M       3.2G

MemTotal:        4016004 kB
MemFree:          126880 kB
Active:           398420 kB
Mem:          3.8G       3.7G       123M       5.7M        26M       3.2G

MemTotal:        4016004 kB
MemFree:          124324 kB
Active:           398448 kB
Mem:          3.8G       3.7G       121M       5.7M        26M       3.2G

MemTotal:        4016004 kB
MemFree:          104868 kB
Active:           398472 kB
Mem:          3.8G       3.7G       112M       5.7M        26M       3.2G

MemTotal:        4016004 kB
MemFree:          125992 kB
Active:           398492 kB
Mem:          3.8G       3.7G       122M       5.7M        26M       3.2G

MemTotal:        4016004 kB
MemFree:          118332 kB
Active:           398512 kB
Mem:          3.8G       3.7G       115M       5.7M        26M       3.2G

MemTotal:        4016004 kB
MemFree:          110364 kB
Active:           398484 kB
Mem:          3.8G       3.7G       107M       5.7M        26M       3.2G

MemTotal:        4016004 kB
MemFree:          126208 kB
Active:           398504 kB
Mem:          3.8G       3.7G       122M       5.7M        26M       3.2G

MemTotal:        4016004 kB
MemFree:          106160 kB
Active:           398540 kB
Mem:          3.8G       3.7G       103M       5.7M        26M       3.2G

MemTotal:        4016004 kB
MemFree:          126324 kB
Active:           398576 kB
Mem:          3.8G       3.7G       122M       5.7M        26M       3.2G

MemTotal:        4016004 kB
MemFree:          133140 kB
Active:           398592 kB
Mem:          3.8G       3.7G       129M       5.7M        26M       3.2G

MemTotal:        4016004 kB
MemFree:          124804 kB
Active:           398616 kB
Mem:          3.8G       3.7G       121M       5.7M        26M       3.2G

MemTotal:        4016004 kB
MemFree:          127644 kB
Active:           398636 kB
Mem:          3.8G       3.7G       124M       5.7M        26M       3.2G

MemTotal:        4016004 kB
MemFree:          126168 kB
Active:           398660 kB
Mem:          3.8G       3.7G       132M       5.7M        26M       3.2G

MemTotal:        4016004 kB
MemFree:          128268 kB
Active:           392732 kB
Mem:          3.8G       3.7G       125M       5.7M        26M       3.2G

MemTotal:        4016004 kB
MemFree:          121176 kB
Active:           392656 kB
Mem:          3.8G       3.7G       117M       5.7M        26M       3.2G

MemTotal:        4016004 kB
MemFree:          124676 kB
Active:           392680 kB
Mem:          3.8G       3.7G       120M       5.7M        26M       3.2G

MemTotal:        4016004 kB
MemFree:          116132 kB
Active:           392708 kB
Mem:          3.8G       3.7G       112M       5.7M        26M       3.2G

MemTotal:        4016004 kB
MemFree:          120152 kB
Active:           392728 kB
Mem:          3.8G       3.7G       116M       5.7M        26M       3.2G

MemTotal:        4016004 kB
MemFree:          128488 kB
Active:           392748 kB
Mem:          3.8G       3.7G       124M       5.7M        26M       3.2G

MemTotal:        4016004 kB
MemFree:          121264 kB
Active:           392772 kB
Mem:          3.8G       3.7G       117M       5.7M        26M       3.2G

MemTotal:        4016004 kB
MemFree:          105520 kB
Active:           392796 kB
Mem:          3.8G       3.7G       102M       5.7M        26M       3.2G

MemTotal:        4016004 kB
MemFree:          128240 kB
Active:           392808 kB
Mem:          3.8G       3.7G       125M       5.7M        26M       3.2G

MemTotal:        4016004 kB
MemFree:          128296 kB
Active:           394676 kB
Mem:          3.8G       3.7G       125M       5.7M        26M       3.2G

MemTotal:        4016004 kB
MemFree:          128036 kB
Active:           394628 kB
Mem:          3.8G       3.7G       124M       5.7M        26M       3.2G

MemTotal:        4016004 kB
MemFree:          151008 kB
Active:           392696 kB
Mem:          3.8G       3.7G       146M       5.7M        26M       3.2G

MemTotal:        4016004 kB
MemFree:          107884 kB
Active:           392564 kB
Mem:          3.8G       3.7G       104M       5.7M        26M       3.2G

MemTotal:        4016004 kB
MemFree:          134672 kB
Active:           390436 kB
Mem:          3.8G       3.7G       131M       5.7M        26M       3.2G

MemTotal:        4016004 kB
MemFree:          127128 kB
Active:           390468 kB
Mem:          3.8G       3.7G       123M       5.7M        26M       3.2G

MemTotal:        4016004 kB
MemFree:          130024 kB
Active:           390364 kB
Mem:          3.8G       3.7G       126M       5.7M        26M       3.2G

MemTotal:        4016004 kB
MemFree:          123108 kB
Active:           390380 kB
Mem:          3.8G       3.7G       119M       5.7M        26M       3.2G

MemTotal:        4016004 kB
MemFree:          129072 kB
Active:           390404 kB
Mem:          3.8G       3.7G       125M       5.7M        26M       3.2G

MemTotal:        4016004 kB
MemFree:          132556 kB
Active:           390432 kB
Mem:          3.8G       3.7G       128M       5.7M        26M       3.2G

MemTotal:        4016004 kB
MemFree:          143172 kB
Active:           388808 kB
Mem:          3.8G       3.7G       139M       5.7M        26M       3.2G

MemTotal:        4016004 kB
MemFree:          123248 kB
Active:           388720 kB
Mem:          3.8G       3.7G       119M       5.7M        26M       3.2G

MemTotal:        4016004 kB
MemFree:          132332 kB
Active:           388744 kB
Mem:          3.8G       3.7G       128M       5.7M        26M       3.2G

MemTotal:        4016004 kB
MemFree:          125656 kB
Active:           388760 kB
Mem:          3.8G       3.7G       122M       5.7M        26M       3.2G

MemTotal:        4016004 kB
MemFree:          106776 kB
Active:           388780 kB
Mem:          3.8G       3.7G       104M       5.7M        26M       3.2G

MemTotal:        4016004 kB
MemFree:          105888 kB
Active:           390952 kB
Mem:          3.8G       3.7G       103M       5.7M        26M       3.2G

MemTotal:        4016004 kB
MemFree:          134656 kB
Active:           390076 kB
Mem:          3.8G       3.7G       130M       5.7M        26M       3.2G

MemTotal:        4016004 kB
MemFree:          142728 kB
Active:           390096 kB
Mem:          3.8G       3.7G       139M       5.7M        26M       3.2G

MemTotal:        4016004 kB
MemFree:          134976 kB
Active:           390120 kB
Mem:          3.8G       3.7G       131M       5.7M        26M       3.2G

MemTotal:        4016004 kB
MemFree:          128416 kB
Active:           390144 kB
Mem:          3.8G       3.7G       124M       5.7M        27M       3.2G

MemTotal:        4016004 kB
MemFree:          113672 kB
Active:           389912 kB
Mem:          3.8G       3.7G       110M       5.7M        27M       3.2G

MemTotal:        4016004 kB
MemFree:          113880 kB
Active:           389932 kB
Mem:          3.8G       3.7G       121M       5.7M        27M       3.2G

MemTotal:        4016004 kB
MemFree:          106724 kB
Active:           388844 kB
Mem:          3.8G       3.7G       103M       5.7M        27M       3.2G

MemTotal:        4016004 kB
MemFree:          134668 kB
Active:           388828 kB
Mem:          3.8G       3.7G       130M       5.7M        27M       3.2G

MemTotal:        4016004 kB
MemFree:          125548 kB
Active:           388868 kB
Mem:          3.8G       3.7G       122M       5.7M        27M       3.2G

MemTotal:        4016004 kB
MemFree:          147452 kB
Active:           388896 kB
Mem:          3.8G       3.7G       143M       5.7M        27M       3.2G

MemTotal:        4016004 kB
MemFree:          127496 kB
Active:           388916 kB
Mem:          3.8G       3.7G       123M       5.7M        27M       3.2G

MemTotal:        4016004 kB
MemFree:          131116 kB
Active:           388940 kB
Mem:          3.8G       3.7G       128M       5.7M        27M       3.2G

MemTotal:        4016004 kB
MemFree:          129688 kB
Active:           388964 kB
Mem:          3.8G       3.7G       126M       5.7M        27M       3.2G

MemTotal:        4016004 kB
MemFree:          126548 kB
Active:           388948 kB
Mem:          3.8G       3.7G       123M       5.7M        27M       3.2G

MemTotal:        4016004 kB
MemFree:          135840 kB
Active:           388988 kB
Mem:          3.8G       3.7G       132M       5.7M        27M       3.2G

MemTotal:        4016004 kB
MemFree:          129352 kB
Active:           389036 kB
Mem:          3.8G       3.7G       125M       5.7M        27M       3.2G

MemTotal:        4016004 kB
MemFree:          122772 kB
Active:           375408 kB
Mem:          3.8G       3.7G       119M       5.7M        27M       3.2G

MemTotal:        4016004 kB
MemFree:          116056 kB
Active:           375340 kB
Mem:          3.8G       3.7G       113M       5.7M        27M       3.2G

MemTotal:        4016004 kB
MemFree:          108412 kB
Active:           375372 kB
Mem:          3.8G       3.7G       104M       5.7M        27M       3.2G

MemTotal:        4016004 kB
MemFree:          124792 kB
Active:           375396 kB
Mem:          3.8G       3.7G       121M       5.7M        27M       3.2G

MemTotal:        4016004 kB
MemFree:          116140 kB
Active:           375416 kB
Mem:          3.8G       3.7G       113M       5.7M        27M       3.2G

MemTotal:        4016004 kB
MemFree:          124828 kB
Active:           375440 kB
Mem:          3.8G       3.7G       121M       5.7M        27M       3.2G

MemTotal:        4016004 kB
MemFree:          116512 kB
Active:           375464 kB
Mem:          3.8G       3.7G       113M       5.7M        27M       3.2G

MemTotal:        4016004 kB
MemFree:          108588 kB
Active:           375468 kB
Mem:          3.8G       3.7G       104M       5.7M        27M       3.2G

MemTotal:        4016004 kB
MemFree:          132236 kB
Active:           375492 kB
Mem:          3.8G       3.7G       128M       5.7M        27M       3.2G

MemTotal:        4016004 kB
MemFree:          112792 kB
Active:           375516 kB
Mem:          3.8G       3.7G       109M       5.7M        27M       3.2G

MemTotal:        4016004 kB
MemFree:          116120 kB
Active:           375540 kB
Mem:          3.8G       3.7G       113M       5.7M        27M       3.2G

MemTotal:        4016004 kB
MemFree:          109184 kB
Active:           375564 kB
Mem:          3.8G       3.7G       106M       5.7M        27M       3.2G

MemTotal:        4016004 kB
MemFree:          127420 kB
Active:           373368 kB
Mem:          3.8G       3.7G       123M       5.7M        27M       3.2G

MemTotal:        4016004 kB
MemFree:          110488 kB
Active:           373392 kB
Mem:          3.8G       3.7G       107M       5.7M        27M       3.2G

MemTotal:        4016004 kB
MemFree:          112732 kB
Active:           373412 kB
Mem:          3.8G       3.7G       109M       5.7M        27M       3.2G

MemTotal:        4016004 kB
MemFree:          116728 kB
Active:           373436 kB
Mem:          3.8G       3.7G       113M       5.7M        27M       3.2G

MemTotal:        4016004 kB
MemFree:          106276 kB
Active:           373456 kB
Mem:          3.8G       3.7G       103M       5.7M        27M       3.2G

MemTotal:        4016004 kB
MemFree:          127540 kB
Active:           373460 kB
Mem:          3.8G       3.7G       123M       5.7M        27M       3.2G

MemTotal:        4016004 kB
MemFree:          133368 kB
Active:           373484 kB
Mem:          3.8G       3.7G       129M       5.7M        27M       3.2G

MemTotal:        4016004 kB
MemFree:          139028 kB
Active:           377604 kB
Mem:          3.8G       3.7G       135M       5.7M        27M       3.2G

MemTotal:        4016004 kB
MemFree:          115136 kB
Active:           377624 kB
Mem:          3.8G       3.7G       112M       5.7M        27M       3.2G

MemTotal:        4016004 kB
MemFree:          114900 kB
Active:           377608 kB
Mem:          3.8G       3.7G       112M       5.7M        27M       3.2G

MemTotal:        4016004 kB
MemFree:          105104 kB
Active:           377600 kB
Mem:          3.8G       3.7G       102M       5.7M        27M       3.2G

MemTotal:        4016004 kB
MemFree:          133120 kB
Active:           377532 kB
Mem:          3.8G       3.7G       129M       5.7M        27M       3.2G

MemTotal:        4016004 kB
MemFree:          131352 kB
Active:           377552 kB
Mem:          3.8G       3.7G       127M       5.7M        27M       3.2G

MemTotal:        4016004 kB
MemFree:          126268 kB
Active:           374864 kB
Mem:          3.8G       3.7G       123M       5.7M        27M       3.2G

MemTotal:        4016004 kB
MemFree:          120220 kB
Active:           374796 kB
Mem:          3.8G       3.7G       116M       5.7M        27M       3.2G

MemTotal:        4016004 kB
MemFree:          111692 kB
Active:           374828 kB
Mem:          3.8G       3.7G       108M       5.7M        27M       3.2G

MemTotal:        4016004 kB
MemFree:          127900 kB
Active:           374852 kB
Mem:          3.8G       3.7G       123M       5.7M        27M       3.2G

MemTotal:        4016004 kB
MemFree:          119700 kB
Active:           374876 kB
Mem:          3.8G       3.7G       116M       5.7M        27M       3.2G

MemTotal:        4016004 kB
MemFree:          113016 kB
Active:           374896 kB
Mem:          3.8G       3.7G       109M       5.7M        27M       3.2G

MemTotal:        4016004 kB
MemFree:          134868 kB
Active:           374916 kB
Mem:          3.8G       3.7G       130M       5.7M        27M       3.2G

MemTotal:        4016004 kB
MemFree:          107168 kB
Active:           374944 kB
Mem:          3.8G       3.7G       104M       5.7M        27M       3.2G

MemTotal:        4016004 kB
MemFree:          126672 kB
Active:           374968 kB
Mem:          3.8G       3.7G       123M       5.7M        27M       3.2G

MemTotal:        4016004 kB
MemFree:          125172 kB
Active:           374984 kB
Mem:          3.8G       3.7G       122M       5.7M        27M       3.2G

MemTotal:        4016004 kB
MemFree:          106928 kB
Active:           374984 kB
Mem:          3.8G       3.7G       104M       5.7M        27M       3.2G

MemTotal:        4016004 kB
MemFree:          134780 kB
Active:           375020 kB
Mem:          3.8G       3.7G       131M       5.7M        27M       3.2G

MemTotal:        4016004 kB
MemFree:          108708 kB
Active:           375044 kB
Mem:          3.8G       3.7G       105M       5.7M        28M       3.2G

MemTotal:        4016004 kB
MemFree:          124720 kB
Active:           375216 kB
Mem:          3.8G       3.7G       121M       5.7M        28M       3.2G

MemTotal:        4016004 kB
MemFree:          125948 kB
Active:           372028 kB
Mem:          3.8G       3.7G       126M       5.7M        28M       3.2G

MemTotal:        4016004 kB
MemFree:          118536 kB
Active:           372048 kB
Mem:          3.8G       3.7G       115M       5.7M        28M       3.2G

MemTotal:        4016004 kB
MemFree:          128112 kB
Active:           372072 kB
Mem:          3.8G       3.7G       124M       5.7M        28M       3.2G

MemTotal:        4016004 kB
MemFree:          120824 kB
Active:           372100 kB
Mem:          3.8G       3.7G       117M       5.7M        28M       3.2G

MemTotal:        4016004 kB
MemFree:          112900 kB
Active:           372120 kB
Mem:          3.8G       3.7G       109M       5.7M        28M       3.2G

MemTotal:        4016004 kB
MemFree:          122472 kB
Active:           372140 kB
Mem:          3.8G       3.7G       118M       5.7M        28M       3.2G

MemTotal:        4016004 kB
MemFree:          114664 kB
Active:           372176 kB
Mem:          3.8G       3.7G       111M       5.7M        28M       3.2G

MemTotal:        4016004 kB
MemFree:          107880 kB
Active:           372196 kB
Mem:          3.8G       3.7G       105M       5.7M        28M       3.2G

MemTotal:        4016004 kB
MemFree:          107324 kB
Active:           372196 kB
Mem:          3.8G       3.7G       104M       5.7M        28M       3.2G

MemTotal:        4016004 kB
MemFree:          123536 kB
Active:           372172 kB
Mem:          3.8G       3.7G       120M       5.7M        28M       3.2G

MemTotal:        4016004 kB
MemFree:          116360 kB
Active:           372224 kB
Mem:          3.8G       3.7G       112M       5.7M        28M       3.2G

MemTotal:        4016004 kB
MemFree:          108392 kB
Active:           372244 kB
Mem:          3.8G       3.7G       105M       5.7M        28M       3.2G

MemTotal:        4016004 kB
MemFree:          125368 kB
Active:           372264 kB
Mem:          3.8G       3.7G       132M       5.7M        28M       3.2G

MemTotal:        4016004 kB
MemFree:          130396 kB
Active:           372288 kB
Mem:          3.8G       3.7G       126M       5.7M        28M       3.2G

MemTotal:        4016004 kB
MemFree:          110212 kB
Active:           372320 kB
Mem:          3.8G       3.7G       107M       5.7M        28M       3.2G

MemTotal:        4016004 kB
MemFree:          126444 kB
Active:           372340 kB
Mem:          3.8G       3.7G       122M       5.7M        28M       3.2G

MemTotal:        4016004 kB
MemFree:          137468 kB
Active:           370532 kB
Mem:          3.8G       3.7G       133M       5.7M        28M       3.2G

MemTotal:        4016004 kB
MemFree:          130452 kB
Active:           370292 kB
Mem:          3.8G       3.7G       126M       5.7M        28M       3.2G

MemTotal:        4016004 kB
MemFree:          133172 kB
Active:           370320 kB
Mem:          3.8G       3.7G       129M       5.7M        28M       3.2G

MemTotal:        4016004 kB
MemFree:          130092 kB
Active:           370348 kB
Mem:          3.8G       3.7G       126M       5.7M        28M       3.2G

MemTotal:        4016004 kB
MemFree:          134772 kB
Active:           370368 kB
Mem:          3.8G       3.7G       131M       5.7M        28M       3.2G

MemTotal:        4016004 kB
MemFree:          127012 kB
Active:           370384 kB
Mem:          3.8G       3.7G       123M       5.7M        28M       3.2G

MemTotal:        4016004 kB
MemFree:          131120 kB
Active:           370412 kB
Mem:          3.8G       3.7G       127M       5.7M        28M       3.2G

MemTotal:        4016004 kB
MemFree:          133820 kB
Active:           370436 kB
Mem:          3.8G       3.7G       130M       5.7M        28M       3.2G

MemTotal:        4016004 kB
MemFree:          151972 kB
Active:           370464 kB
Mem:          3.8G       3.7G       148M       5.7M        28M       3.2G

MemTotal:        4016004 kB
MemFree:          108248 kB
Active:           370492 kB
Mem:          3.8G       3.7G       105M       5.7M        28M       3.2G

MemTotal:        4016004 kB
MemFree:          119188 kB
Active:           370512 kB
Mem:          3.8G       3.7G       115M       5.7M        28M       3.2G

MemTotal:        4016004 kB
MemFree:          109536 kB
Active:           370532 kB
Mem:          3.8G       3.7G       106M       5.7M        28M       3.2G

MemTotal:        4016004 kB
MemFree:          126484 kB
Active:           370560 kB
Mem:          3.8G       3.7G       123M       5.7M        28M       3.2G

MemTotal:        4016004 kB
MemFree:          136008 kB
Active:           370592 kB
Mem:          3.8G       3.7G       132M       5.7M        28M       3.2G

MemTotal:        4016004 kB
MemFree:          133604 kB
Active:           370612 kB
Mem:          3.8G       3.7G       129M       5.7M        28M       3.2G

MemTotal:        4016004 kB
MemFree:          127476 kB
Active:           370632 kB
Mem:          3.8G       3.7G       123M       5.7M        28M       3.2G

MemTotal:        4016004 kB
MemFree:          114936 kB
Active:           370656 kB
Mem:          3.8G       3.7G       111M       5.7M        28M       3.2G

MemTotal:        4016004 kB
MemFree:          111456 kB
Active:           370652 kB
Mem:          3.8G       3.7G       107M       5.7M        28M       3.2G

MemTotal:        4016004 kB
MemFree:          120060 kB
Active:           368152 kB
Mem:          3.8G       3.7G       116M       5.7M        28M       3.2G

MemTotal:        4016004 kB
MemFree:          119356 kB
Active:           367852 kB
Mem:          3.8G       3.7G       116M       5.7M        28M       3.2G

MemTotal:        4016004 kB
MemFree:          119772 kB
Active:           367796 kB
Mem:          3.8G       3.7G       116M       5.7M        28M       3.2G

MemTotal:        4016004 kB
MemFree:          117476 kB
Active:           367804 kB
Mem:          3.8G       3.7G       114M       5.7M        28M       3.2G

MemTotal:        4016004 kB
MemFree:          117848 kB
Active:           367728 kB
Mem:          3.8G       3.7G       114M       5.7M        28M       3.2G

MemTotal:        4016004 kB
MemFree:          117476 kB
Active:           367792 kB
Mem:          3.8G       3.7G       114M       5.7M        28M       3.2G

MemTotal:        4016004 kB
MemFree:          117476 kB
Active:           367796 kB
Mem:          3.8G       3.7G       114M       5.7M        28M       3.2G

MemTotal:        4016004 kB
MemFree:          117228 kB
Active:           367796 kB
Mem:          3.8G       3.7G       114M       5.7M        28M       3.2G

MemTotal:        4016004 kB
MemFree:          117476 kB
Active:           367772 kB
Mem:          3.8G       3.7G       114M       5.7M        28M       3.2G

MemTotal:        4016004 kB
MemFree:          117600 kB
Active:           367760 kB
Mem:          3.8G       3.7G       114M       5.7M        28M       3.2G

MemTotal:        4016004 kB
MemFree:          117352 kB
Active:           367796 kB
Mem:          3.8G       3.7G       114M       5.7M        28M       3.2G

MemTotal:        4016004 kB
MemFree:          117228 kB
Active:           367804 kB
Mem:          3.8G       3.7G       114M       5.7M        28M       3.2G

MemTotal:        4016004 kB
MemFree:          117600 kB
Active:           367796 kB
Mem:          3.8G       3.7G       114M       5.7M        28M       3.2G

MemTotal:        4016004 kB
MemFree:          117228 kB
Active:           367804 kB
Mem:          3.8G       3.7G       114M       5.7M        28M       3.2G

MemTotal:        4016004 kB
MemFree:          117600 kB
Active:           367768 kB
Mem:          3.8G       3.7G       114M       5.7M        28M       3.2G

MemTotal:        4016004 kB
MemFree:          117848 kB
Active:           367788 kB
Mem:          3.8G       3.7G       114M       5.7M        28M       3.2G

MemTotal:        4016004 kB
MemFree:          117848 kB
Active:           367780 kB
Mem:          3.8G       3.7G       114M       5.7M        28M       3.2G

MemTotal:        4016004 kB
MemFree:          117352 kB
Active:           367804 kB
Mem:          3.8G       3.7G       114M       5.7M        28M       3.2G

MemTotal:        4016004 kB
MemFree:          116856 kB
Active:           367804 kB
Mem:          3.8G       3.7G       114M       5.7M        28M       3.2G

MemTotal:        4016004 kB
MemFree:          117476 kB
Active:           367784 kB
Mem:          3.8G       3.7G       114M       5.7M        28M       3.2G

MemTotal:        4016004 kB
MemFree:          117104 kB
Active:           367816 kB
Mem:          3.8G       3.7G       114M       5.7M        28M       3.2G

MemTotal:        4016004 kB
MemFree:          117104 kB
Active:           367816 kB
Mem:          3.8G       3.7G       114M       5.7M        28M       3.2G

MemTotal:        4016004 kB
MemFree:          117352 kB
Active:           367792 kB
Mem:          3.8G       3.7G       114M       5.7M        28M       3.2G

MemTotal:        4016004 kB
MemFree:          117228 kB
Active:           367764 kB
Mem:          3.8G       3.7G       114M       5.7M        28M       3.2G

MemTotal:        4016004 kB
MemFree:          117476 kB
Active:           367812 kB
Mem:          3.8G       3.7G       114M       5.7M        28M       3.2G

MemTotal:        4016004 kB
MemFree:          117104 kB
Active:           367816 kB
Mem:          3.8G       3.7G       114M       5.7M        28M       3.2G

MemTotal:        4016004 kB
MemFree:          117476 kB
Active:           367808 kB
Mem:          3.8G       3.7G       114M       5.7M        28M       3.2G

MemTotal:        4016004 kB
MemFree:          117352 kB
Active:           367768 kB
Mem:          3.8G       3.7G       114M       5.7M        28M       3.2G

MemTotal:        4016004 kB
MemFree:          116592 kB
Active:           370168 kB
Mem:          3.8G       3.7G       113M       5.7M        28M       3.2G

MemTotal:        4016004 kB
MemFree:          113944 kB
Active:           372176 kB
Mem:          3.8G       3.7G       111M       5.7M        30M       3.2G

MemTotal:        4016004 kB
MemFree:          114352 kB
Active:           372128 kB
Mem:          3.8G       3.7G       111M       5.7M        30M       3.2G

MemTotal:        4016004 kB
MemFree:          114352 kB
Active:           372120 kB
Mem:          3.8G       3.7G       111M       5.7M        30M       3.2G

MemTotal:        4016004 kB
MemFree:          114104 kB
Active:           372180 kB
Mem:          3.8G       3.7G       111M       5.7M        30M       3.2G

MemTotal:        4016004 kB
MemFree:          114104 kB
Active:           372180 kB
Mem:          3.8G       3.7G       111M       5.7M        30M       3.2G

MemTotal:        4016004 kB
MemFree:          114848 kB
Active:           372136 kB
Mem:          3.8G       3.7G       111M       5.7M        30M       3.2G

MemTotal:        4016004 kB
MemFree:          114724 kB
Active:           372192 kB
Mem:          3.8G       3.7G       112M       5.7M        30M       3.2G

MemTotal:        4016004 kB
MemFree:          114600 kB
Active:           372192 kB
Mem:          3.8G       3.7G       112M       5.7M        30M       3.2G

MemTotal:        4016004 kB
MemFree:          114600 kB
Active:           372140 kB
Mem:          3.8G       3.7G       111M       5.7M        30M       3.2G

MemTotal:        4016004 kB
MemFree:          114724 kB
Active:           372160 kB
Mem:          3.8G       3.7G       111M       5.7M        30M       3.2G

MemTotal:        4016004 kB
MemFree:          114368 kB
Active:           372196 kB
Mem:          3.8G       3.7G       111M       5.7M        30M       3.2G

MemTotal:        4016004 kB
MemFree:          114492 kB
Active:           372160 kB
Mem:          3.8G       3.7G       111M       5.7M        30M       3.2G

MemTotal:        4016004 kB
MemFree:          114492 kB
Active:           372164 kB
Mem:          3.8G       3.7G       111M       5.7M        30M       3.2G

MemTotal:        4016004 kB
MemFree:          114492 kB
Active:           372152 kB
Mem:          3.8G       3.7G       111M       5.7M        30M       3.2G

MemTotal:        4016004 kB
MemFree:          114368 kB
Active:           372208 kB
Mem:          3.8G       3.7G       111M       5.7M        30M       3.2G

MemTotal:        4016004 kB
MemFree:          114492 kB
Active:           372212 kB
Mem:          3.8G       3.7G       111M       5.7M        30M       3.2G

MemTotal:        4016004 kB
MemFree:          114740 kB
Active:           372176 kB
Mem:          3.8G       3.7G       112M       5.7M        30M       3.2G

MemTotal:        4016004 kB
MemFree:          114864 kB
Active:           372180 kB
Mem:          3.8G       3.7G       111M       5.7M        30M       3.2G

MemTotal:        4016004 kB
MemFree:          114864 kB
Active:           372224 kB
Mem:          3.8G       3.7G       112M       5.7M        30M       3.2G

MemTotal:        4016004 kB
MemFree:          114492 kB
Active:           372232 kB
Mem:          3.8G       3.7G       111M       5.7M        30M       3.2G

MemTotal:        4016004 kB
MemFree:          114368 kB
Active:           372232 kB
Mem:          3.8G       3.7G       111M       5.7M        30M       3.2G

MemTotal:        4016004 kB
MemFree:          114368 kB
Active:           372232 kB
Mem:          3.8G       3.7G       111M       5.7M        30M       3.2G

MemTotal:        4016004 kB
MemFree:          114492 kB
Active:           372184 kB
Mem:          3.8G       3.7G       111M       5.7M        30M       3.2G

MemTotal:        4016004 kB
MemFree:          114616 kB
Active:           372192 kB
Mem:          3.8G       3.7G       111M       5.7M        30M       3.2G

MemTotal:        4016004 kB
MemFree:          114244 kB
Active:           372244 kB
Mem:          3.8G       3.7G       111M       5.7M        30M       3.2G

MemTotal:        4016004 kB
MemFree:          114740 kB
Active:           372208 kB
Mem:          3.8G       3.7G       111M       5.7M        30M       3.2G

MemTotal:        4016004 kB
MemFree:          114724 kB
Active:           372200 kB
Mem:          3.8G       3.7G       112M       5.7M        30M       3.2G

MemTotal:        4016004 kB
MemFree:          114600 kB
Active:           372204 kB
Mem:          3.8G       3.7G       111M       5.7M        30M       3.2G

MemTotal:        4016004 kB
MemFree:          114600 kB
Active:           372208 kB
Mem:          3.8G       3.7G       111M       5.7M        30M       3.2G

MemTotal:        4016004 kB
MemFree:          114228 kB
Active:           372260 kB
Mem:          3.8G       3.7G       111M       5.7M        30M       3.2G

MemTotal:        4016004 kB
MemFree:          114352 kB
Active:           372260 kB
Mem:          3.8G       3.7G       111M       5.7M        30M       3.2G

MemTotal:        4016004 kB
MemFree:          114476 kB
Active:           372216 kB
Mem:          3.8G       3.7G       111M       5.7M        30M       3.2G

MemTotal:        4016004 kB
MemFree:          114600 kB
Active:           372208 kB
Mem:          3.8G       3.7G       111M       5.7M        30M       3.2G

MemTotal:        4016004 kB
MemFree:          114088 kB
Active:           372264 kB
Mem:          3.8G       3.7G       111M       5.7M        30M       3.2G

MemTotal:        4016004 kB
MemFree:          114460 kB
Active:           372240 kB
Mem:          3.8G       3.7G       111M       5.7M        30M       3.2G

MemTotal:        4016004 kB
MemFree:          114476 kB
Active:           372228 kB
Mem:          3.8G       3.7G       111M       5.7M        30M       3.2G

MemTotal:        4016004 kB
MemFree:          113964 kB
Active:           372272 kB
Mem:          3.8G       3.7G       111M       5.7M        30M       3.2G

MemTotal:        4016004 kB
MemFree:          113964 kB
Active:           372272 kB
Mem:          3.8G       3.7G       111M       5.7M        30M       3.2G

MemTotal:        4016004 kB
MemFree:          114460 kB
Active:           372252 kB
Mem:          3.8G       3.7G       111M       5.7M        30M       3.2G

MemTotal:        4016004 kB
MemFree:          114476 kB
Active:           372264 kB
Mem:          3.8G       3.7G       111M       5.7M        30M       3.2G

MemTotal:        4016004 kB
MemFree:          114072 kB
Active:           372576 kB
Mem:          3.8G       3.7G       111M       5.7M        30M       3.2G

MemTotal:        4016004 kB
MemFree:          114320 kB
Active:           372364 kB
Mem:          3.8G       3.7G       111M       5.7M        30M       3.2G

MemTotal:        4016004 kB
MemFree:          114708 kB
Active:           372316 kB
Mem:          3.8G       3.7G       111M       5.7M        30M       3.2G

MemTotal:        4016004 kB
MemFree:          114304 kB
Active:           372364 kB
Mem:          3.8G       3.7G       111M       5.7M        30M       3.2G

MemTotal:        4016004 kB
MemFree:          114304 kB
Active:           372364 kB
Mem:          3.8G       3.7G       111M       5.7M        30M       3.2G

MemTotal:        4016004 kB
MemFree:          114304 kB
Active:           372364 kB
Mem:          3.8G       3.7G       111M       5.7M        30M       3.2G

MemTotal:        4016004 kB
MemFree:          114660 kB
Active:           372308 kB
Mem:          3.8G       3.7G       111M       5.7M        30M       3.2G

MemTotal:        4016004 kB
MemFree:          114428 kB
Active:           372368 kB
Mem:          3.8G       3.7G       111M       5.7M        30M       3.2G

MemTotal:        4016004 kB
MemFree:          114692 kB
Active:           372360 kB
Mem:          3.8G       3.7G       112M       5.7M        30M       3.2G

MemTotal:        4016004 kB
MemFree:          115064 kB
Active:           372360 kB
Mem:          3.8G       3.7G       112M       5.7M        30M       3.2G

MemTotal:        4016004 kB
MemFree:          114908 kB
Active:           372328 kB
Mem:          3.8G       3.7G       112M       5.7M        30M       3.2G

MemTotal:        4016004 kB
MemFree:          114536 kB
Active:           372476 kB
Mem:          3.8G       3.7G       111M       5.7M        30M       3.2G

MemTotal:        4016004 kB
MemFree:          114536 kB
Active:           372376 kB
Mem:          3.8G       3.7G       111M       5.7M        30M       3.2G

MemTotal:        4016004 kB
MemFree:          114660 kB
Active:           372260 kB
Mem:          3.8G       3.7G       111M       5.7M        30M       3.2G

MemTotal:        4016004 kB
MemFree:          114832 kB
Active:           372440 kB
Mem:          3.8G       3.7G       111M       5.7M        30M       3.2G

MemTotal:        4016004 kB
MemFree:          114288 kB
Active:           372448 kB
Mem:          3.8G       3.7G       111M       5.7M        30M       3.2G

MemTotal:        4016004 kB
MemFree:          115940 kB
Active:           370528 kB
Mem:          3.8G       3.7G       113M       5.7M        30M       3.2G

MemTotal:        4016004 kB
MemFree:          116164 kB
Active:           370316 kB
Mem:          3.8G       3.7G       113M       5.7M        30M       3.2G

MemTotal:        4016004 kB
MemFree:          115932 kB
Active:           370508 kB
Mem:          3.8G       3.7G       113M       5.7M        30M       3.2G

MemTotal:        4016004 kB
MemFree:          116056 kB
Active:           370264 kB
Mem:          3.8G       3.7G       113M       5.7M        30M       3.2G

MemTotal:        4016004 kB
MemFree:          116336 kB
Active:           370372 kB
Mem:          3.8G       3.7G       113M       5.7M        30M       3.2G

MemTotal:        4016004 kB
MemFree:          116412 kB
Active:           370332 kB
Mem:          3.8G       3.7G       113M       5.7M        30M       3.2G

MemTotal:        4016004 kB
MemFree:          116072 kB
Active:           370372 kB
Mem:          3.8G       3.7G       113M       5.7M        30M       3.2G

MemTotal:        4016004 kB
MemFree:          116320 kB
Active:           370372 kB
Mem:          3.8G       3.7G       113M       5.7M        30M       3.2G

MemTotal:        4016004 kB
MemFree:          116536 kB
Active:           370304 kB
Mem:          3.8G       3.7G       113M       5.7M        30M       3.2G

MemTotal:        4016004 kB
MemFree:          116584 kB
Active:           370340 kB
Mem:          3.8G       3.7G       113M       5.7M        30M       3.2G

MemTotal:        4016004 kB
MemFree:          116196 kB
Active:           370520 kB
Mem:          3.8G       3.7G       113M       5.7M        30M       3.2G

MemTotal:        4016004 kB
MemFree:          116412 kB
Active:           370216 kB
Mem:          3.8G       3.7G       113M       5.7M        30M       3.2G

MemTotal:        4016004 kB
MemFree:          116536 kB
Active:           370288 kB
Mem:          3.8G       3.7G       113M       5.7M        30M       3.2G

MemTotal:        4016004 kB
MemFree:          116408 kB
Active:           370400 kB
Mem:          3.8G       3.7G       113M       5.7M        30M       3.2G

MemTotal:        4016004 kB
MemFree:          116056 kB
Active:           370420 kB
Mem:          3.8G       3.7G       113M       5.7M        30M       3.2G

MemTotal:        4016004 kB
MemFree:          116336 kB
Active:           370344 kB
Mem:          3.8G       3.7G       113M       5.7M        30M       3.2G

MemTotal:        4016004 kB
MemFree:          116584 kB
Active:           370344 kB
Mem:          3.8G       3.7G       113M       5.7M        30M       3.2G

MemTotal:        4016004 kB
MemFree:          116212 kB
Active:           370392 kB
Mem:          3.8G       3.7G       113M       5.7M        30M       3.2G

MemTotal:        4016004 kB
MemFree:          116336 kB
Active:           370396 kB
Mem:          3.8G       3.7G       113M       5.7M        30M       3.2G

MemTotal:        4016004 kB
MemFree:          116584 kB
Active:           370372 kB
Mem:          3.8G       3.7G       113M       5.7M        30M       3.2G

MemTotal:        4016004 kB
MemFree:          116584 kB
Active:           370348 kB
Mem:          3.8G       3.7G       113M       5.7M        30M       3.2G

MemTotal:        4016004 kB
MemFree:          116212 kB
Active:           370396 kB
Mem:          3.8G       3.7G       113M       5.7M        30M       3.2G

MemTotal:        4016004 kB
MemFree:          116336 kB
Active:           370392 kB
Mem:          3.8G       3.7G       113M       5.7M        30M       3.2G

MemTotal:        4016004 kB
MemFree:          116708 kB
Active:           370360 kB
Mem:          3.8G       3.7G       113M       5.7M        30M       3.2G

MemTotal:        4016004 kB
MemFree:          116212 kB
Active:           370360 kB
Mem:          3.8G       3.7G       113M       5.7M        30M       3.2G

MemTotal:        4016004 kB
MemFree:          116088 kB
Active:           370360 kB
Mem:          3.8G       3.7G       113M       5.7M        30M       3.2G

MemTotal:        4016004 kB
MemFree:          115840 kB
Active:           370412 kB
Mem:          3.8G       3.7G       113M       5.7M        30M       3.2G

MemTotal:        4016004 kB
MemFree:          116212 kB
Active:           370408 kB
Mem:          3.8G       3.7G       113M       5.7M        30M       3.2G

MemTotal:        4016004 kB
MemFree:          115840 kB
Active:           370412 kB
Mem:          3.8G       3.7G       113M       5.7M        30M       3.2G

MemTotal:        4016004 kB
MemFree:          115964 kB
Active:           370412 kB
Mem:          3.8G       3.7G       113M       5.7M        30M       3.2G

MemTotal:        4016004 kB
MemFree:          116212 kB
Active:           370404 kB
Mem:          3.8G       3.7G       113M       5.7M        30M       3.2G

MemTotal:        4016004 kB
MemFree:          116212 kB
Active:           370376 kB
Mem:          3.8G       3.7G       113M       5.7M        30M       3.2G

MemTotal:        4016004 kB
MemFree:          115716 kB
Active:           370424 kB
Mem:          3.8G       3.7G       113M       5.7M        30M       3.2G

MemTotal:        4016004 kB
MemFree:          115964 kB
Active:           370424 kB
Mem:          3.8G       3.7G       113M       5.7M        30M       3.2G

MemTotal:        4016004 kB
MemFree:          115964 kB
Active:           370368 kB
Mem:          3.8G       3.7G       112M       5.7M        30M       3.2G

MemTotal:        4016004 kB
MemFree:          116212 kB
Active:           370380 kB
Mem:          3.8G       3.7G       113M       5.7M        30M       3.2G

MemTotal:        4016004 kB
MemFree:          116336 kB
Active:           370380 kB
Mem:          3.8G       3.7G       113M       5.7M        30M       3.2G

MemTotal:        4016004 kB
MemFree:          115964 kB
Active:           370424 kB
Mem:          3.8G       3.7G       113M       5.7M        30M       3.2G

MemTotal:        4016004 kB
MemFree:          116336 kB
Active:           370400 kB
Mem:          3.8G       3.7G       113M       5.7M        30M       3.2G

MemTotal:        4016004 kB
MemFree:          116336 kB
Active:           370428 kB
Mem:          3.8G       3.7G       113M       5.7M        30M       3.2G

MemTotal:        4016004 kB
MemFree:          115964 kB
Active:           370432 kB
Mem:          3.8G       3.7G       113M       5.7M        30M       3.2G

MemTotal:        4016004 kB
MemFree:          116336 kB
Active:           370412 kB
Mem:          3.8G       3.7G       113M       5.7M        30M       3.2G

MemTotal:        4016004 kB
MemFree:          116336 kB
Active:           370392 kB
Mem:          3.8G       3.7G       113M       5.7M        30M       3.2G

MemTotal:        4016004 kB
MemFree:          115964 kB
Active:           370432 kB
Mem:          3.8G       3.7G       113M       5.7M        30M       3.2G

MemTotal:        4016004 kB
MemFree:          116088 kB
Active:           370380 kB
Mem:          3.8G       3.7G       113M       5.7M        30M       3.2G

MemTotal:        4016004 kB
MemFree:          116336 kB
Active:           370432 kB
Mem:          3.8G       3.7G       113M       5.7M        30M       3.2G

MemTotal:        4016004 kB
MemFree:          116088 kB
Active:           370392 kB
Mem:          3.8G       3.7G       113M       5.7M        30M       3.2G

MemTotal:        4016004 kB
MemFree:          115964 kB
Active:           370444 kB
Mem:          3.8G       3.7G       113M       5.7M        30M       3.2G

MemTotal:        4016004 kB
MemFree:          116088 kB
Active:           370412 kB
Mem:          3.8G       3.7G       113M       5.7M        30M       3.2G

MemTotal:        4016004 kB
MemFree:          116212 kB
Active:           370444 kB
Mem:          3.8G       3.7G       113M       5.7M        30M       3.2G

MemTotal:        4016004 kB
MemFree:          116336 kB
Active:           370444 kB
Mem:          3.8G       3.7G       113M       5.7M        30M       3.2G

MemTotal:        4016004 kB
MemFree:          115964 kB
Active:           370448 kB
Mem:          3.8G       3.7G       113M       5.7M        30M       3.2G

MemTotal:        4016004 kB
MemFree:          116584 kB
Active:           370452 kB
Mem:          3.8G       3.7G       113M       5.7M        30M       3.2G

MemTotal:        4016004 kB
MemFree:          116460 kB
Active:           370412 kB
Mem:          3.8G       3.7G       113M       5.7M        30M       3.2G

MemTotal:        4016004 kB
MemFree:          116584 kB
Active:           370420 kB
Mem:          3.8G       3.7G       113M       5.7M        30M       3.2G

MemTotal:        4016004 kB
MemFree:          116708 kB
Active:           370428 kB
Mem:          3.8G       3.7G       114M       5.7M        30M       3.2G

MemTotal:        4016004 kB
MemFree:          116708 kB
Active:           370436 kB
Mem:          3.8G       3.7G       114M       5.7M        30M       3.2G

MemTotal:        4016004 kB
MemFree:          116584 kB
Active:           370448 kB
Mem:          3.8G       3.7G       113M       5.7M        30M       3.2G

MemTotal:        4016004 kB
MemFree:          115840 kB
Active:           370468 kB
Mem:          3.8G       3.7G       112M       5.7M        30M       3.2G

MemTotal:        4016004 kB
MemFree:          115840 kB
Active:           370468 kB
Mem:          3.8G       3.7G       113M       5.7M        30M       3.2G

MemTotal:        4016004 kB
MemFree:          116336 kB
Active:           370432 kB
Mem:          3.8G       3.7G       113M       5.7M        30M       3.2G

MemTotal:        4016004 kB
MemFree:          116460 kB
Active:           370432 kB
Mem:          3.8G       3.7G       113M       5.7M        30M       3.2G

MemTotal:        4016004 kB
MemFree:          116212 kB
Active:           370472 kB
Mem:          3.8G       3.7G       113M       5.7M        30M       3.2G

MemTotal:        4016004 kB
MemFree:          116212 kB
Active:           370472 kB
Mem:          3.8G       3.7G       113M       5.7M        30M       3.2G

MemTotal:        4016004 kB
MemFree:          116460 kB
Active:           370444 kB
Mem:          3.8G       3.7G       113M       5.7M        30M       3.2G

MemTotal:        4016004 kB
MemFree:          116088 kB
Active:           370472 kB
Mem:          3.8G       3.7G       113M       5.7M        31M       3.2G

MemTotal:        4016004 kB
MemFree:          116088 kB
Active:           370480 kB
Mem:          3.8G       3.7G       113M       5.7M        31M       3.2G

MemTotal:        4016004 kB
MemFree:          116088 kB
Active:           370464 kB
Mem:          3.8G       3.7G       112M       5.7M        31M       3.2G

MemTotal:        4016004 kB
MemFree:          116088 kB
Active:           370436 kB
Mem:          3.8G       3.7G       112M       5.7M        31M       3.2G

MemTotal:        4016004 kB
MemFree:          116212 kB
Active:           370432 kB
Mem:          3.8G       3.7G       113M       5.7M        31M       3.2G

MemTotal:        4016004 kB
MemFree:          115840 kB
Active:           370480 kB
Mem:          3.8G       3.7G       113M       5.7M        31M       3.2G

MemTotal:        4016004 kB
MemFree:          116212 kB
Active:           370444 kB
Mem:          3.8G       3.7G       113M       5.7M        31M       3.2G

MemTotal:        4016004 kB
MemFree:          116212 kB
Active:           370456 kB
Mem:          3.8G       3.7G       113M       5.7M        31M       3.2G

MemTotal:        4016004 kB
MemFree:          115840 kB
Active:           370484 kB
Mem:          3.8G       3.7G       113M       5.7M        31M       3.2G

MemTotal:        4016004 kB
MemFree:          116212 kB
Active:           370436 kB
Mem:          3.8G       3.7G       113M       5.7M        31M       3.2G

MemTotal:        4016004 kB
MemFree:          116708 kB
Active:           370480 kB
Mem:          3.8G       3.7G       113M       5.7M        31M       3.2G

MemTotal:        4016004 kB
MemFree:          116584 kB
Active:           370456 kB
Mem:          3.8G       3.7G       113M       5.7M        31M       3.2G

MemTotal:        4016004 kB
MemFree:          116088 kB
Active:           370496 kB
Mem:          3.8G       3.7G       113M       5.7M        31M       3.2G

MemTotal:        4016004 kB
MemFree:          116088 kB
Active:           370460 kB
Mem:          3.8G       3.7G       113M       5.7M        31M       3.2G

MemTotal:        4016004 kB
MemFree:          116088 kB
Active:           370456 kB
Mem:          3.8G       3.7G       113M       5.7M        31M       3.2G

MemTotal:        4016004 kB
MemFree:          115716 kB
Active:           370504 kB
Mem:          3.8G       3.7G       113M       5.7M        31M       3.2G

MemTotal:        4016004 kB
MemFree:          115964 kB
Active:           370460 kB
Mem:          3.8G       3.7G       113M       5.7M        31M       3.2G

MemTotal:        4016004 kB
MemFree:          115964 kB
Active:           370464 kB
Mem:          3.8G       3.7G       112M       5.7M        31M       3.2G

MemTotal:        4016004 kB
MemFree:          116088 kB
Active:           370468 kB
Mem:          3.8G       3.7G       113M       5.7M        31M       3.2G

MemTotal:        4016004 kB
MemFree:          115964 kB
Active:           370508 kB
Mem:          3.8G       3.7G       113M       5.7M        31M       3.2G

MemTotal:        4016004 kB
MemFree:          115964 kB
Active:           370508 kB
Mem:          3.8G       3.7G       113M       5.7M        31M       3.2G

MemTotal:        4016004 kB
MemFree:          116212 kB
Active:           370488 kB
Mem:          3.8G       3.7G       112M       5.7M        31M       3.2G

MemTotal:        4016004 kB
MemFree:          116212 kB
Active:           370504 kB
Mem:          3.8G       3.7G       113M       5.7M        31M       3.2G

MemTotal:        4016004 kB
MemFree:          115840 kB
Active:           370520 kB
Mem:          3.8G       3.7G       113M       5.7M        31M       3.2G

MemTotal:        4016004 kB
MemFree:          115840 kB
Active:           370520 kB
Mem:          3.8G       3.7G       113M       5.7M        31M       3.2G

MemTotal:        4016004 kB
MemFree:          116088 kB
Active:           370496 kB
Mem:          3.8G       3.7G       113M       5.7M        31M       3.2G

MemTotal:        4016004 kB
MemFree:          115716 kB
Active:           370520 kB
Mem:          3.8G       3.7G       113M       5.7M        31M       3.2G

MemTotal:        4016004 kB
MemFree:          115840 kB
Active:           370520 kB
Mem:          3.8G       3.7G       113M       5.7M        31M       3.2G

MemTotal:        4016004 kB
MemFree:          116212 kB
Active:           370508 kB
Mem:          3.8G       3.7G       113M       5.7M        31M       3.2G

MemTotal:        4016004 kB
MemFree:          116212 kB
Active:           370480 kB
Mem:          3.8G       3.7G       113M       5.7M        31M       3.2G

MemTotal:        4016004 kB
MemFree:          116336 kB
Active:           370488 kB
Mem:          3.8G       3.7G       113M       5.7M        31M       3.2G

MemTotal:        4016004 kB
MemFree:          115964 kB
Active:           370528 kB
Mem:          3.8G       3.7G       113M       5.7M        31M       3.2G

MemTotal:        4016004 kB
MemFree:          116460 kB
Active:           370500 kB
Mem:          3.8G       3.7G       113M       5.7M        31M       3.2G

MemTotal:        4016004 kB
MemFree:          116460 kB
Active:           370488 kB
Mem:          3.8G       3.7G       113M       5.7M        31M       3.2G

MemTotal:        4016004 kB
MemFree:          116336 kB
Active:           370476 kB
Mem:          3.8G       3.7G       113M       5.7M        31M       3.2G

MemTotal:        4016004 kB
MemFree:          115964 kB
Active:           370528 kB
Mem:          3.8G       3.7G       113M       5.7M        31M       3.2G

MemTotal:        4016004 kB
MemFree:          116212 kB
Active:           370516 kB
Mem:          3.8G       3.7G       113M       5.7M        31M       3.2G

MemTotal:        4016004 kB
MemFree:          115840 kB
Active:           370532 kB
Mem:          3.8G       3.7G       113M       5.7M        31M       3.2G

MemTotal:        4016004 kB
MemFree:          116336 kB
Active:           370484 kB
Mem:          3.8G       3.7G       113M       5.7M        31M       3.2G

MemTotal:        4016004 kB
MemFree:          116212 kB
Active:           370492 kB
Mem:          3.8G       3.7G       113M       5.7M        31M       3.2G

MemTotal:        4016004 kB
MemFree:          116756 kB
Active:           370280 kB
Mem:          3.8G       3.7G       113M       5.7M        31M       3.2G

MemTotal:        4016004 kB
MemFree:          116632 kB
Active:           370272 kB
Mem:          3.8G       3.7G       113M       5.7M        31M       3.2G

MemTotal:        4016004 kB
MemFree:          116524 kB
Active:           370328 kB
Mem:          3.8G       3.7G       113M       5.7M        31M       3.2G

MemTotal:        4016004 kB
MemFree:          116896 kB
Active:           370328 kB
Mem:          3.8G       3.7G       114M       5.7M        31M       3.2G

MemTotal:        4016004 kB
MemFree:          117392 kB
Active:           370336 kB
Mem:          3.8G       3.7G       114M       5.7M        31M       3.2G

MemTotal:        4016004 kB
MemFree:          117268 kB
Active:           370324 kB
Mem:          3.8G       3.7G       114M       5.7M        31M       3.2G

MemTotal:        4016004 kB
MemFree:          117268 kB
Active:           370332 kB
Mem:          3.8G       3.7G       114M       5.7M        31M       3.2G

MemTotal:        4016004 kB
MemFree:          117268 kB
Active:           370336 kB
Mem:          3.8G       3.7G       114M       5.7M        31M       3.2G

MemTotal:        4016004 kB
MemFree:          116896 kB
Active:           370288 kB
Mem:          3.8G       3.7G       114M       5.7M        31M       3.2G

MemTotal:        4016004 kB
MemFree:          116772 kB
Active:           370352 kB
Mem:          3.8G       3.7G       114M       5.7M        31M       3.2G

MemTotal:        4016004 kB
MemFree:          117144 kB
Active:           370328 kB
Mem:          3.8G       3.7G       114M       5.7M        31M       3.2G

MemTotal:        4016004 kB
MemFree:          117144 kB
Active:           370328 kB
Mem:          3.8G       3.7G       114M       5.7M        31M       3.2G

MemTotal:        4016004 kB
MemFree:          117144 kB
Active:           370320 kB
Mem:          3.8G       3.7G       114M       5.7M        31M       3.2G

MemTotal:        4016004 kB
MemFree:          117516 kB
Active:           370312 kB
Mem:          3.8G       3.7G       114M       5.7M        31M       3.2G

MemTotal:        4016004 kB
MemFree:          117268 kB
Active:           370332 kB
Mem:          3.8G       3.7G       114M       5.7M        31M       3.2G

MemTotal:        4016004 kB
MemFree:          117392 kB
Active:           370364 kB
Mem:          3.8G       3.7G       114M       5.7M        31M       3.2G

MemTotal:        4016004 kB
MemFree:          117392 kB
Active:           370360 kB
Mem:          3.8G       3.7G       114M       5.7M        31M       3.2G

MemTotal:        4016004 kB
MemFree:          117392 kB
Active:           370312 kB
Mem:          3.8G       3.7G       114M       5.7M        31M       3.2G

MemTotal:        4016004 kB
MemFree:          117144 kB
Active:           370360 kB
Mem:          3.8G       3.7G       114M       5.7M        31M       3.2G

MemTotal:        4016004 kB
MemFree:          117144 kB
Active:           370332 kB
Mem:          3.8G       3.7G       114M       5.7M        31M       3.2G

MemTotal:        4016004 kB
MemFree:          117268 kB
Active:           370348 kB
Mem:          3.8G       3.7G       114M       5.7M        31M       3.2G

MemTotal:        4016004 kB
MemFree:          116896 kB
Active:           370372 kB
Mem:          3.8G       3.7G       114M       5.7M        31M       3.2G

MemTotal:        4016004 kB
MemFree:          116896 kB
Active:           370372 kB
Mem:          3.8G       3.7G       114M       5.7M        31M       3.2G

MemTotal:        4016004 kB
MemFree:          117144 kB
Active:           370376 kB
Mem:          3.8G       3.7G       114M       5.7M        31M       3.2G

MemTotal:        4016004 kB
MemFree:          117144 kB
Active:           370324 kB
Mem:          3.8G       3.7G       114M       5.7M        31M       3.2G

MemTotal:        4016004 kB
MemFree:          116648 kB
Active:           370380 kB
Mem:          3.8G       3.7G       114M       5.7M        31M       3.2G

MemTotal:        4016004 kB
MemFree:          116648 kB
Active:           370324 kB
Mem:          3.8G       3.7G       113M       5.7M        31M       3.2G

MemTotal:        4016004 kB
MemFree:          116648 kB
Active:           370328 kB
Mem:          3.8G       3.7G       113M       5.7M        31M       3.2G

MemTotal:        4016004 kB
MemFree:          116648 kB
Active:           370348 kB
Mem:          3.8G       3.7G       113M       5.7M        31M       3.2G

MemTotal:        4016004 kB
MemFree:          117144 kB
Active:           370368 kB
