MemTotal:        4016004 kB
MemFree:         3237864 kB
Active:           421172 kB
Mem:          3.8G       759M       3.1G       5.7M        54M       315M

MemTotal:        4016004 kB
MemFree:         3238028 kB
Active:           420980 kB
Mem:          3.8G       759M       3.1G       5.7M        54M       315M

MemTotal:        4016004 kB
MemFree:         3238648 kB
Active:           421040 kB
Mem:          3.8G       759M       3.1G       5.7M        54M       315M

MemTotal:        4016004 kB
MemFree:         3238384 kB
Active:           421044 kB
Mem:          3.8G       759M       3.1G       5.7M        54M       315M

MemTotal:        4016004 kB
MemFree:         3238120 kB
Active:           421052 kB
Mem:          3.8G       759M       3.1G       5.7M        54M       315M

MemTotal:        4016004 kB
MemFree:         3238492 kB
Active:           421048 kB
Mem:          3.8G       759M       3.1G       5.7M        54M       315M

MemTotal:        4016004 kB
MemFree:         3238776 kB
Active:           421040 kB
Mem:          3.8G       759M       3.1G       5.7M        54M       315M

MemTotal:        4016004 kB
MemFree:         3238436 kB
Active:           421060 kB
Mem:          3.8G       759M       3.1G       5.7M        54M       315M

MemTotal:        4016004 kB
MemFree:         3238684 kB
Active:           421004 kB
Mem:          3.8G       759M       3.1G       5.7M        54M       315M

MemTotal:        4016004 kB
MemFree:         3238312 kB
Active:           421060 kB
Mem:          3.8G       759M       3.1G       5.7M        54M       315M

MemTotal:        4016004 kB
MemFree:         3238560 kB
Active:           421052 kB
Mem:          3.8G       759M       3.1G       5.7M        54M       315M

MemTotal:        4016004 kB
MemFree:         3238560 kB
Active:           421016 kB
Mem:          3.8G       759M       3.1G       5.7M        54M       315M

MemTotal:        4016004 kB
MemFree:         3238188 kB
Active:           421060 kB
Mem:          3.8G       759M       3.1G       5.7M        54M       315M

MemTotal:        4016004 kB
MemFree:         3238172 kB
Active:           421004 kB
Mem:          3.8G       759M       3.1G       5.7M        54M       315M

MemTotal:        4016004 kB
MemFree:         3238156 kB
Active:           421052 kB
Mem:          3.8G       759M       3.1G       5.7M        54M       315M

MemTotal:        4016004 kB
MemFree:         3238716 kB
Active:           421040 kB
Mem:          3.8G       759M       3.1G       5.7M        54M       315M

MemTotal:        4016004 kB
MemFree:         3240484 kB
Active:           419044 kB
Mem:          3.8G       757M       3.1G       5.7M        54M       315M

MemTotal:        4016004 kB
MemFree:         3240732 kB
Active:           418988 kB
Mem:          3.8G       757M       3.1G       5.7M        54M       315M

MemTotal:        4016004 kB
MemFree:         3240360 kB
Active:           419044 kB
Mem:          3.8G       757M       3.1G       5.7M        54M       315M

MemTotal:        4016004 kB
MemFree:         3240732 kB
Active:           419028 kB
Mem:          3.8G       757M       3.1G       5.7M        54M       315M

MemTotal:        4016004 kB
MemFree:         3240592 kB
Active:           419016 kB
Mem:          3.8G       757M       3.1G       5.7M        54M       315M

MemTotal:        4016004 kB
MemFree:         3240700 kB
Active:           419016 kB
Mem:          3.8G       757M       3.1G       5.7M        54M       315M

MemTotal:        4016004 kB
MemFree:         3240560 kB
Active:           419020 kB
Mem:          3.8G       757M       3.1G       5.7M        54M       315M

MemTotal:        4016004 kB
MemFree:         3240064 kB
Active:           419052 kB
Mem:          3.8G       757M       3.1G       5.7M        54M       315M

MemTotal:        4016004 kB
MemFree:         3240188 kB
Active:           419040 kB
Mem:          3.8G       757M       3.1G       5.7M        54M       315M

MemTotal:        4016004 kB
MemFree:         3240420 kB
Active:           418996 kB
Mem:          3.8G       757M       3.1G       5.7M        54M       315M

MemTotal:        4016004 kB
MemFree:         3238528 kB
Active:           419004 kB
Mem:          3.8G       759M       3.1G       5.7M        54M       315M

MemTotal:        4016004 kB
MemFree:         3238528 kB
Active:           421060 kB
Mem:          3.8G       759M       3.1G       5.7M        54M       315M

MemTotal:        4016004 kB
MemFree:         3238404 kB
Active:           421048 kB
Mem:          3.8G       759M       3.1G       5.7M        54M       315M

MemTotal:        4016004 kB
MemFree:         3237784 kB
Active:           421088 kB
Mem:          3.8G       759M       3.1G       5.7M        54M       315M

MemTotal:        4016004 kB
MemFree:         3238032 kB
Active:           421080 kB
Mem:          3.8G       759M       3.1G       5.7M        54M       315M

MemTotal:        4016004 kB
MemFree:         3238528 kB
Active:           421084 kB
Mem:          3.8G       759M       3.1G       5.7M        54M       315M

MemTotal:        4016004 kB
MemFree:         3238016 kB
Active:           421088 kB
Mem:          3.8G       759M       3.1G       5.7M        54M       315M

MemTotal:        4016004 kB
MemFree:         3238356 kB
Active:           421040 kB
Mem:          3.8G       759M       3.1G       5.7M        54M       315M

MemTotal:        4016004 kB
MemFree:         3238464 kB
Active:           421048 kB
Mem:          3.8G       759M       3.1G       5.7M        54M       315M

MemTotal:        4016004 kB
MemFree:         3238572 kB
Active:           421064 kB
Mem:          3.8G       759M       3.1G       5.7M        54M       315M

MemTotal:        4016004 kB
MemFree:         3237568 kB
Active:           419148 kB
Mem:          3.8G       760M       3.1G       5.7M        54M       315M

MemTotal:        4016004 kB
MemFree:         3238340 kB
Active:           421064 kB
Mem:          3.8G       759M       3.1G       5.7M        54M       315M

MemTotal:        4016004 kB
MemFree:         3238464 kB
Active:           421076 kB
Mem:          3.8G       759M       3.1G       5.7M        54M       315M

MemTotal:        4016004 kB
MemFree:         3238340 kB
Active:           421076 kB
Mem:          3.8G       759M       3.1G       5.7M        54M       315M

MemTotal:        4016004 kB
MemFree:         3238464 kB
Active:           421112 kB
Mem:          3.8G       759M       3.1G       5.7M        54M       315M

MemTotal:        4016004 kB
MemFree:         3238712 kB
Active:           421064 kB
Mem:          3.8G       759M       3.1G       5.7M        54M       315M

MemTotal:        4016004 kB
MemFree:         3238944 kB
Active:           421116 kB
Mem:          3.8G       758M       3.1G       5.7M        54M       315M

MemTotal:        4016004 kB
MemFree:         3238804 kB
Active:           421104 kB
Mem:          3.8G       758M       3.1G       5.7M        54M       315M

MemTotal:        4016004 kB
MemFree:         3238416 kB
Active:           421124 kB
Mem:          3.8G       759M       3.1G       5.7M        54M       315M

MemTotal:        4016004 kB
MemFree:         3238772 kB
Active:           421104 kB
Mem:          3.8G       759M       3.1G       5.7M        54M       315M

MemTotal:        4016004 kB
MemFree:         3238756 kB
Active:           421084 kB
Mem:          3.8G       759M       3.1G       5.7M        54M       315M

MemTotal:        4016004 kB
MemFree:         3238120 kB
Active:           421124 kB
Mem:          3.8G       759M       3.1G       5.7M        54M       315M

MemTotal:        4016004 kB
MemFree:         3238680 kB
Active:           421104 kB
Mem:          3.8G       759M       3.1G       5.7M        54M       315M

MemTotal:        4016004 kB
MemFree:         3238680 kB
Active:           421100 kB
Mem:          3.8G       759M       3.1G       5.7M        54M       315M

MemTotal:        4016004 kB
MemFree:         3238308 kB
Active:           421136 kB
Mem:          3.8G       759M       3.1G       5.7M        54M       315M

MemTotal:        4016004 kB
MemFree:         3238680 kB
Active:           421124 kB
Mem:          3.8G       759M       3.1G       5.7M        54M       315M

MemTotal:        4016004 kB
MemFree:         3238680 kB
Active:           421148 kB
Mem:          3.8G       759M       3.1G       5.7M        54M       315M

MemTotal:        4016004 kB
MemFree:         3238556 kB
Active:           421104 kB
Mem:          3.8G       759M       3.1G       5.7M        54M       315M

MemTotal:        4016004 kB
MemFree:         3237936 kB
Active:           421152 kB
Mem:          3.8G       759M       3.1G       5.7M        54M       315M

MemTotal:        4016004 kB
MemFree:         3238432 kB
Active:           421144 kB
Mem:          3.8G       759M       3.1G       5.7M        54M       315M

MemTotal:        4016004 kB
MemFree:         3238060 kB
Active:           421156 kB
Mem:          3.8G       759M       3.1G       5.7M        54M       315M

MemTotal:        4016004 kB
MemFree:         3238184 kB
Active:           421136 kB
Mem:          3.8G       759M       3.1G       5.7M        54M       315M

MemTotal:        4016004 kB
MemFree:         3238044 kB
Active:           421132 kB
Mem:          3.8G       759M       3.1G       5.7M        54M       315M

MemTotal:        4016004 kB
MemFree:         3238028 kB
Active:           421120 kB
Mem:          3.8G       759M       3.1G       5.7M        54M       315M

MemTotal:        4016004 kB
MemFree:         3237608 kB
Active:           421312 kB
Mem:          3.8G       760M       3.1G       5.7M        54M       315M

MemTotal:        4016004 kB
MemFree:         3121936 kB
Active:           421688 kB
Mem:          3.8G       874M       3.0G       5.7M        54M       427M

MemTotal:        4016004 kB
MemFree:         3096740 kB
Active:           421708 kB
Mem:          3.8G       897M       3.0G       5.7M        54M       450M

MemTotal:        4016004 kB
MemFree:         3052564 kB
Active:           421700 kB
Mem:          3.8G       941M       2.9G       5.7M        54M       494M

MemTotal:        4016004 kB
MemFree:         2936104 kB
Active:           421748 kB
Mem:          3.8G       1.0G       2.8G       5.7M        54M       605M

MemTotal:        4016004 kB
MemFree:         2819040 kB
Active:           421748 kB
Mem:          3.8G       1.1G       2.7G       5.7M        54M       718M

MemTotal:        4016004 kB
MemFree:         2783344 kB
Active:           421748 kB
Mem:          3.8G       1.2G       2.7G       5.7M        54M       751M

MemTotal:        4016004 kB
MemFree:         2738844 kB
Active:           421752 kB
Mem:          3.8G       1.2G       2.6G       5.7M        54M       795M

MemTotal:        4016004 kB
MemFree:         2684092 kB
Active:           421772 kB
Mem:          3.8G       1.3G       2.6G       5.7M        54M       847M

MemTotal:        4016004 kB
MemFree:         2682788 kB
Active:           421788 kB
Mem:          3.8G       1.3G       2.6G       5.7M        54M       848M

MemTotal:        4016004 kB
MemFree:         2681648 kB
Active:           421804 kB
Mem:          3.8G       1.3G       2.6G       5.7M        54M       849M

MemTotal:        4016004 kB
MemFree:         2679480 kB
Active:           421804 kB
Mem:          3.8G       1.3G       2.6G       5.7M        54M       851M

MemTotal:        4016004 kB
MemFree:         2678368 kB
Active:           421804 kB
Mem:          3.8G       1.3G       2.6G       5.7M        54M       852M

MemTotal:        4016004 kB
MemFree:         2575364 kB
Active:           421812 kB
Mem:          3.8G       1.4G       2.5G       5.7M        54M       952M

MemTotal:        4016004 kB
MemFree:         2440504 kB
Active:           421812 kB
Mem:          3.8G       1.5G       2.3G       5.7M        54M       1.1G

MemTotal:        4016004 kB
MemFree:         2328516 kB
Active:           421812 kB
Mem:          3.8G       1.6G       2.2G       5.7M        54M       1.2G

MemTotal:        4016004 kB
MemFree:         2293676 kB
Active:           421812 kB
Mem:          3.8G       1.6G       2.2G       5.7M        54M       1.2G

MemTotal:        4016004 kB
MemFree:         2230152 kB
Active:           421812 kB
Mem:          3.8G       1.7G       2.1G       5.7M        54M       1.3G

MemTotal:        4016004 kB
MemFree:         2229884 kB
Active:           421828 kB
Mem:          3.8G       1.7G       2.1G       5.7M        54M       1.3G

MemTotal:        4016004 kB
MemFree:         2160704 kB
Active:           421832 kB
Mem:          3.8G       1.8G       2.1G       5.7M        54M       1.3G

MemTotal:        4016004 kB
MemFree:         2130040 kB
Active:           421832 kB
Mem:          3.8G       1.8G       2.0G       5.7M        54M       1.3G

MemTotal:        4016004 kB
MemFree:         2127944 kB
Active:           421848 kB
Mem:          3.8G       1.8G       2.0G       5.7M        54M       1.3G

MemTotal:        4016004 kB
MemFree:         2126676 kB
Active:           421856 kB
Mem:          3.8G       1.8G       2.0G       5.7M        54M       1.4G

MemTotal:        4016004 kB
MemFree:         2126524 kB
Active:           421872 kB
Mem:          3.8G       1.8G       2.0G       5.7M        54M       1.4G

MemTotal:        4016004 kB
MemFree:         2083992 kB
Active:           421880 kB
Mem:          3.8G       1.8G       2.0G       5.7M        54M       1.4G

MemTotal:        4016004 kB
MemFree:         1969036 kB
Active:           421880 kB
Mem:          3.8G       2.0G       1.9G       5.7M        54M       1.5G

MemTotal:        4016004 kB
MemFree:         1831648 kB
Active:           423920 kB
Mem:          3.8G       2.1G       1.7G       5.7M        54M       1.6G

MemTotal:        4016004 kB
MemFree:         1774924 kB
Active:           423904 kB
Mem:          3.8G       2.1G       1.7G       5.7M        54M       1.7G

MemTotal:        4016004 kB
MemFree:         1715028 kB
Active:           423908 kB
Mem:          3.8G       2.2G       1.6G       5.7M        55M       1.7G

MemTotal:        4016004 kB
MemFree:         1684956 kB
Active:           423920 kB
Mem:          3.8G       2.2G       1.6G       5.7M        55M       1.8G

MemTotal:        4016004 kB
MemFree:         1623760 kB
Active:           423928 kB
Mem:          3.8G       2.3G       1.5G       5.7M        55M       1.8G

MemTotal:        4016004 kB
MemFree:         1590480 kB
Active:           423928 kB
Mem:          3.8G       2.3G       1.5G       5.7M        55M       1.9G

MemTotal:        4016004 kB
MemFree:         1589308 kB
Active:           423940 kB
Mem:          3.8G       2.3G       1.5G       5.7M        55M       1.9G

MemTotal:        4016004 kB
MemFree:         1587916 kB
Active:           423940 kB
Mem:          3.8G       2.3G       1.5G       5.7M        55M       1.9G

MemTotal:        4016004 kB
MemFree:         1587732 kB
Active:           423944 kB
Mem:          3.8G       2.3G       1.5G       5.7M        55M       1.9G

MemTotal:        4016004 kB
MemFree:         1574284 kB
Active:           423944 kB
Mem:          3.8G       2.3G       1.5G       5.7M        55M       1.9G

MemTotal:        4016004 kB
MemFree:         1462240 kB
Active:           423980 kB
Mem:          3.8G       2.4G       1.4G       5.7M        55M       2.0G

MemTotal:        4016004 kB
MemFree:         1345176 kB
Active:           423952 kB
Mem:          3.8G       2.5G       1.3G       5.7M        55M       2.1G

MemTotal:        4016004 kB
MemFree:         1238660 kB
Active:           423952 kB
Mem:          3.8G       2.6G       1.2G       5.7M        55M       2.2G

MemTotal:        4016004 kB
MemFree:         1234012 kB
Active:           423952 kB
Mem:          3.8G       2.7G       1.2G       5.7M        55M       2.2G

MemTotal:        4016004 kB
MemFree:         1148424 kB
Active:           423964 kB
Mem:          3.8G       2.7G       1.1G       5.7M        55M       2.3G

MemTotal:        4016004 kB
MemFree:         1121536 kB
Active:           423972 kB
Mem:          3.8G       2.8G       1.1G       5.7M        55M       2.3G

MemTotal:        4016004 kB
MemFree:         1053396 kB
Active:           423972 kB
Mem:          3.8G       2.8G       1.0G       5.7M        55M       2.4G

MemTotal:        4016004 kB
MemFree:         1052932 kB
Active:           423976 kB
Mem:          3.8G       2.8G       1.0G       5.7M        55M       2.4G

MemTotal:        4016004 kB
MemFree:         1052112 kB
Active:           424000 kB
Mem:          3.8G       2.8G       1.0G       5.7M        55M       2.4G

MemTotal:        4016004 kB
MemFree:         1052000 kB
Active:           424016 kB
Mem:          3.8G       2.8G       1.0G       5.7M        55M       2.4G

MemTotal:        4016004 kB
MemFree:         1045412 kB
Active:           426064 kB
Mem:          3.8G       2.8G       1.0G       5.7M        55M       2.4G

MemTotal:        4016004 kB
MemFree:          924276 kB
Active:           426048 kB
Mem:          3.8G       2.9G       901M       5.7M        55M       2.5G

MemTotal:        4016004 kB
MemFree:          819256 kB
Active:           426048 kB
Mem:          3.8G       3.0G       799M       5.7M        55M       2.6G

MemTotal:        4016004 kB
MemFree:          699016 kB
Active:           426048 kB
Mem:          3.8G       3.2G       682M       5.7M        55M       2.7G

MemTotal:        4016004 kB
MemFree:          698552 kB
Active:           426048 kB
Mem:          3.8G       3.2G       682M       5.7M        55M       2.7G

MemTotal:        4016004 kB
MemFree:          698120 kB
Active:           426056 kB
Mem:          3.8G       3.2G       681M       5.7M        55M       2.7G

MemTotal:        4016004 kB
MemFree:          576392 kB
Active:           426060 kB
Mem:          3.8G       3.3G       562M       5.7M        55M       2.8G

MemTotal:        4016004 kB
MemFree:          554280 kB
Active:           426064 kB
Mem:          3.8G       3.3G       539M       5.7M        55M       2.8G

MemTotal:        4016004 kB
MemFree:          474116 kB
Active:           426088 kB
Mem:          3.8G       3.4G       462M       5.7M        55M       2.9G

MemTotal:        4016004 kB
MemFree:          409756 kB
Active:           426088 kB
Mem:          3.8G       3.4G       399M       5.7M        55M       3.0G

MemTotal:        4016004 kB
MemFree:          398988 kB
Active:           426100 kB
Mem:          3.8G       3.4G       389M       5.7M        55M       3.0G

MemTotal:        4016004 kB
MemFree:          397868 kB
Active:           426112 kB
Mem:          3.8G       3.5G       388M       5.7M        55M       3.0G

MemTotal:        4016004 kB
MemFree:          395716 kB
Active:           426112 kB
Mem:          3.8G       3.5G       386M       5.7M        55M       3.0G

MemTotal:        4016004 kB
MemFree:          394676 kB
Active:           426112 kB
Mem:          3.8G       3.5G       385M       5.7M        55M       3.0G

MemTotal:        4016004 kB
MemFree:          369188 kB
Active:           426116 kB
Mem:          3.8G       3.5G       359M       5.7M        55M       3.0G

MemTotal:        4016004 kB
MemFree:          253844 kB
Active:           426124 kB
Mem:          3.8G       3.6G       246M       5.7M        55M       3.1G

MemTotal:        4016004 kB
MemFree:          130068 kB
Active:           426124 kB
Mem:          3.8G       3.7G       126M       5.7M        55M       3.2G

MemTotal:        4016004 kB
MemFree:          130864 kB
Active:           437072 kB
Mem:          3.8G       3.7G       135M       5.7M        19M       3.2G

MemTotal:        4016004 kB
MemFree:          123852 kB
Active:           487740 kB
Mem:          3.8G       3.7G       120M       5.7M        19M       3.3G

MemTotal:        4016004 kB
MemFree:          124036 kB
Active:           481476 kB
Mem:          3.8G       3.7G       120M       5.7M        19M       3.3G

MemTotal:        4016004 kB
MemFree:          126744 kB
Active:           477508 kB
Mem:          3.8G       3.7G       123M       5.7M        19M       3.3G

MemTotal:        4016004 kB
MemFree:          113200 kB
Active:           470264 kB
Mem:          3.8G       3.7G       110M       5.7M        19M       3.3G

MemTotal:        4016004 kB
MemFree:          111776 kB
Active:           470140 kB
Mem:          3.8G       3.7G       108M       5.7M        19M       3.3G

MemTotal:        4016004 kB
MemFree:          110324 kB
Active:           470152 kB
Mem:          3.8G       3.7G       107M       5.7M        19M       3.3G

MemTotal:        4016004 kB
MemFree:          110080 kB
Active:           470152 kB
Mem:          3.8G       3.7G       107M       5.7M        19M       3.3G

MemTotal:        4016004 kB
MemFree:          110240 kB
Active:           470156 kB
Mem:          3.8G       3.7G       107M       5.7M        19M       3.3G

MemTotal:        4016004 kB
MemFree:          120620 kB
Active:           457616 kB
Mem:          3.8G       3.7G       116M       5.7M        19M       3.3G

MemTotal:        4016004 kB
MemFree:          138188 kB
Active:           444464 kB
Mem:          3.8G       3.7G       133M       5.7M        19M       3.3G

MemTotal:        4016004 kB
MemFree:          138536 kB
Active:           440624 kB
Mem:          3.8G       3.7G       135M       5.7M        19M       3.2G

MemTotal:        4016004 kB
MemFree:          127364 kB
Active:           440628 kB
Mem:          3.8G       3.7G       123M       5.7M        19M       3.3G

MemTotal:        4016004 kB
MemFree:          137660 kB
Active:           438352 kB
Mem:          3.8G       3.7G       133M       5.7M        19M       3.2G

MemTotal:        4016004 kB
MemFree:          121552 kB
Active:           437072 kB
Mem:          3.8G       3.7G       117M       5.7M        19M       3.3G

MemTotal:        4016004 kB
MemFree:          110320 kB
Active:           437072 kB
Mem:          3.8G       3.7G       107M       5.7M        19M       3.3G

MemTotal:        4016004 kB
MemFree:          127648 kB
Active:           434388 kB
Mem:          3.8G       3.7G       124M       5.7M        19M       3.3G

MemTotal:        4016004 kB
MemFree:          127168 kB
Active:           434264 kB
Mem:          3.8G       3.7G       124M       5.7M        19M       3.3G

MemTotal:        4016004 kB
MemFree:          127160 kB
Active:           434276 kB
Mem:          3.8G       3.7G       124M       5.7M        19M       3.3G

MemTotal:        4016004 kB
MemFree:          125452 kB
Active:           434280 kB
Mem:          3.8G       3.7G       122M       5.7M        20M       3.3G

MemTotal:        4016004 kB
MemFree:          114540 kB
Active:           434280 kB
Mem:          3.8G       3.7G       110M       5.7M        20M       3.3G

MemTotal:        4016004 kB
MemFree:          133660 kB
Active:           429672 kB
Mem:          3.8G       3.7G       129M       5.7M        20M       3.3G

MemTotal:        4016004 kB
MemFree:          127600 kB
Active:           427548 kB
Mem:          3.8G       3.7G       124M       5.7M        20M       3.3G

MemTotal:        4016004 kB
MemFree:          125848 kB
Active:           422548 kB
Mem:          3.8G       3.7G       122M       5.7M        20M       3.3G

MemTotal:        4016004 kB
MemFree:          126168 kB
Active:           422048 kB
Mem:          3.8G       3.7G       122M       5.7M        20M       3.3G

MemTotal:        4016004 kB
MemFree:          129276 kB
Active:           419488 kB
Mem:          3.8G       3.7G       126M       5.7M        20M       3.3G

MemTotal:        4016004 kB
MemFree:          122488 kB
Active:           416308 kB
Mem:          3.8G       3.7G       118M       5.7M        20M       3.3G

MemTotal:        4016004 kB
MemFree:          128964 kB
Active:           415160 kB
Mem:          3.8G       3.7G       125M       5.7M        20M       3.3G

MemTotal:        4016004 kB
MemFree:          127380 kB
Active:           413252 kB
Mem:          3.8G       3.7G       123M       5.7M        20M       3.3G

MemTotal:        4016004 kB
MemFree:          126400 kB
Active:           413260 kB
Mem:          3.8G       3.7G       122M       5.7M        20M       3.3G

MemTotal:        4016004 kB
MemFree:          112172 kB
Active:           413272 kB
Mem:          3.8G       3.7G       108M       5.7M        20M       3.3G

MemTotal:        4016004 kB
MemFree:          137120 kB
Active:           405356 kB
Mem:          3.8G       3.7G       133M       5.7M        20M       3.2G

MemTotal:        4016004 kB
MemFree:          131072 kB
Active:           404492 kB
Mem:          3.8G       3.7G       128M       5.7M        20M       3.3G

MemTotal:        4016004 kB
MemFree:          131288 kB
Active:           404476 kB
Mem:          3.8G       3.7G       128M       5.7M        20M       3.3G

MemTotal:        4016004 kB
MemFree:          126596 kB
Active:           402816 kB
Mem:          3.8G       3.7G       122M       5.7M        20M       3.3G

MemTotal:        4016004 kB
MemFree:          120248 kB
Active:           398212 kB
Mem:          3.8G       3.7G       121M       5.7M        20M       3.3G

MemTotal:        4016004 kB
MemFree:          139476 kB
Active:           396036 kB
Mem:          3.8G       3.7G       136M       5.7M        20M       3.2G

MemTotal:        4016004 kB
MemFree:          127276 kB
Active:           394244 kB
Mem:          3.8G       3.7G       123M       5.7M        20M       3.3G

MemTotal:        4016004 kB
MemFree:          126464 kB
Active:           394248 kB
Mem:          3.8G       3.7G       123M       5.7M        20M       3.3G

MemTotal:        4016004 kB
MemFree:          126428 kB
Active:           394260 kB
Mem:          3.8G       3.7G       123M       5.7M        20M       3.3G

MemTotal:        4016004 kB
MemFree:          125184 kB
Active:           394268 kB
Mem:          3.8G       3.7G       121M       5.7M        20M       3.3G

MemTotal:        4016004 kB
MemFree:          124036 kB
Active:           394272 kB
Mem:          3.8G       3.7G       120M       5.7M        20M       3.3G

MemTotal:        4016004 kB
MemFree:          139220 kB
Active:           389920 kB
Mem:          3.8G       3.7G       135M       5.7M        20M       3.2G

MemTotal:        4016004 kB
MemFree:          118816 kB
Active:           386048 kB
Mem:          3.8G       3.7G       137M       5.7M        20M       3.2G

MemTotal:        4016004 kB
MemFree:          143948 kB
Active:           381576 kB
Mem:          3.8G       3.7G       139M       5.7M        20M       3.2G

MemTotal:        4016004 kB
MemFree:          130116 kB
Active:           379272 kB
Mem:          3.8G       3.7G       126M       5.7M        20M       3.3G

MemTotal:        4016004 kB
MemFree:          123984 kB
Active:           375560 kB
Mem:          3.8G       3.7G       120M       5.7M        20M       3.3G

MemTotal:        4016004 kB
MemFree:          140808 kB
Active:           367016 kB
Mem:          3.8G       3.7G       136M       5.7M        20M       3.2G

MemTotal:        4016004 kB
MemFree:          149756 kB
Active:           365864 kB
Mem:          3.8G       3.7G       146M       5.7M        20M       3.2G

MemTotal:        4016004 kB
MemFree:          147836 kB
Active:           365884 kB
Mem:          3.8G       3.7G       143M       5.7M        20M       3.2G

MemTotal:        4016004 kB
MemFree:          146300 kB
Active:           365896 kB
Mem:          3.8G       3.7G       142M       5.7M        20M       3.2G

MemTotal:        4016004 kB
MemFree:          145364 kB
Active:           365900 kB
Mem:          3.8G       3.7G       141M       5.7M        20M       3.2G

MemTotal:        4016004 kB
MemFree:          143432 kB
Active:           365900 kB
Mem:          3.8G       3.7G       139M       5.7M        20M       3.2G

MemTotal:        4016004 kB
MemFree:          129392 kB
Active:           365900 kB
Mem:          3.8G       3.7G       122M       5.7M        20M       3.3G

MemTotal:        4016004 kB
MemFree:          125076 kB
Active:           365904 kB
Mem:          3.8G       3.7G       122M       5.7M        20M       3.3G

MemTotal:        4016004 kB
MemFree:          125504 kB
Active:           365904 kB
Mem:          3.8G       3.7G       122M       5.7M        20M       3.3G

MemTotal:        4016004 kB
MemFree:          124224 kB
Active:           365932 kB
Mem:          3.8G       3.7G       121M       5.7M        20M       3.3G

MemTotal:        4016004 kB
MemFree:          122992 kB
Active:           365948 kB
Mem:          3.8G       3.7G       119M       5.7M        20M       3.3G

MemTotal:        4016004 kB
MemFree:          121464 kB
Active:           365196 kB
Mem:          3.8G       3.7G       117M       5.7M        20M       3.3G

MemTotal:        4016004 kB
MemFree:          127608 kB
Active:           365044 kB
Mem:          3.8G       3.7G       123M       5.7M        20M       3.3G

MemTotal:        4016004 kB
MemFree:          125060 kB
Active:           363088 kB
Mem:          3.8G       3.7G       121M       5.7M        20M       3.3G

MemTotal:        4016004 kB
MemFree:          127184 kB
Active:           363028 kB
Mem:          3.8G       3.7G       123M       5.7M        20M       3.3G

MemTotal:        4016004 kB
MemFree:          123760 kB
Active:           363028 kB
Mem:          3.8G       3.7G       120M       5.7M        20M       3.3G

MemTotal:        4016004 kB
MemFree:          135436 kB
Active:           363028 kB
Mem:          3.8G       3.7G       132M       5.7M        20M       3.2G

MemTotal:        4016004 kB
MemFree:          135028 kB
Active:           363028 kB
Mem:          3.8G       3.7G       131M       5.7M        20M       3.2G

MemTotal:        4016004 kB
MemFree:          128276 kB
Active:           363028 kB
Mem:          3.8G       3.7G       125M       5.7M        20M       3.3G

MemTotal:        4016004 kB
MemFree:          118512 kB
Active:           363044 kB
Mem:          3.8G       3.7G       115M       5.7M        20M       3.3G

MemTotal:        4016004 kB
MemFree:          117036 kB
Active:           363060 kB
Mem:          3.8G       3.7G       114M       5.7M        20M       3.3G

MemTotal:        4016004 kB
MemFree:          116076 kB
Active:           363060 kB
Mem:          3.8G       3.7G       113M       5.7M        20M       3.3G

MemTotal:        4016004 kB
MemFree:          114356 kB
Active:           363064 kB
Mem:          3.8G       3.7G       111M       5.7M        20M       3.3G

MemTotal:        4016004 kB
MemFree:          110128 kB
Active:           363064 kB
Mem:          3.8G       3.7G       106M       5.7M        20M       3.3G

MemTotal:        4016004 kB
MemFree:          105024 kB
Active:           363076 kB
Mem:          3.8G       3.7G       123M       5.7M        20M       3.3G

MemTotal:        4016004 kB
MemFree:          125304 kB
Active:           362948 kB
Mem:          3.8G       3.7G       120M       5.7M        20M       3.3G

MemTotal:        4016004 kB
MemFree:          137520 kB
Active:           362732 kB
Mem:          3.8G       3.7G       134M       5.7M        20M       3.2G

MemTotal:        4016004 kB
MemFree:          132804 kB
Active:           362732 kB
Mem:          3.8G       3.7G       128M       5.7M        20M       3.3G

MemTotal:        4016004 kB
MemFree:          128568 kB
Active:           362732 kB
Mem:          3.8G       3.7G       125M       5.7M        20M       3.3G

MemTotal:        4016004 kB
MemFree:          135132 kB
Active:           362748 kB
Mem:          3.8G       3.7G       131M       5.7M        20M       3.2G

MemTotal:        4016004 kB
MemFree:          142484 kB
Active:           362760 kB
Mem:          3.8G       3.7G       138M       5.7M        20M       3.2G

MemTotal:        4016004 kB
MemFree:          141508 kB
Active:           362764 kB
Mem:          3.8G       3.7G       137M       5.7M        20M       3.2G

MemTotal:        4016004 kB
MemFree:          140728 kB
Active:           362772 kB
Mem:          3.8G       3.7G       136M       5.7M        20M       3.2G

MemTotal:        4016004 kB
MemFree:          139428 kB
Active:           362772 kB
Mem:          3.8G       3.7G       135M       5.7M        20M       3.2G

MemTotal:        4016004 kB
MemFree:          138596 kB
Active:           362772 kB
Mem:          3.8G       3.7G       135M       5.7M        20M       3.2G

MemTotal:        4016004 kB
MemFree:          128184 kB
Active:           362776 kB
Mem:          3.8G       3.7G       124M       5.7M        20M       3.3G

MemTotal:        4016004 kB
MemFree:          114584 kB
Active:           361552 kB
Mem:          3.8G       3.7G       110M       5.7M        20M       3.3G

MemTotal:        4016004 kB
MemFree:          134772 kB
Active:           361412 kB
Mem:          3.8G       3.7G       130M       5.7M        20M       3.2G

MemTotal:        4016004 kB
MemFree:          134648 kB
Active:           361416 kB
Mem:          3.8G       3.7G       131M       5.7M        20M       3.2G

MemTotal:        4016004 kB
MemFree:          129220 kB
Active:           356652 kB
Mem:          3.8G       3.7G       125M       5.7M        20M       3.3G

MemTotal:        4016004 kB
MemFree:          119052 kB
Active:           356520 kB
Mem:          3.8G       3.7G       115M       5.7M        20M       3.3G

MemTotal:        4016004 kB
MemFree:          142960 kB
Active:           356540 kB
Mem:          3.8G       3.7G       139M       5.7M        20M       3.2G

MemTotal:        4016004 kB
MemFree:          141844 kB
Active:           356540 kB
Mem:          3.8G       3.7G       138M       5.7M        20M       3.2G

MemTotal:        4016004 kB
MemFree:          130728 kB
Active:           356544 kB
Mem:          3.8G       3.7G       127M       5.7M        20M       3.2G

MemTotal:        4016004 kB
MemFree:          129452 kB
Active:           356552 kB
Mem:          3.8G       3.7G       125M       5.7M        20M       3.3G

MemTotal:        4016004 kB
MemFree:          128832 kB
Active:           356552 kB
Mem:          3.8G       3.7G       125M       5.7M        20M       3.3G

MemTotal:        4016004 kB
MemFree:          128960 kB
Active:           356556 kB
Mem:          3.8G       3.7G       125M       5.7M        20M       3.3G

MemTotal:        4016004 kB
MemFree:          125600 kB
Active:           356556 kB
Mem:          3.8G       3.7G       121M       5.7M        20M       3.3G

MemTotal:        4016004 kB
MemFree:          119720 kB
Active:           356560 kB
Mem:          3.8G       3.7G       115M       5.7M        20M       3.3G

MemTotal:        4016004 kB
MemFree:          133448 kB
Active:           354836 kB
Mem:          3.8G       3.7G       129M       5.7M        20M       3.2G

MemTotal:        4016004 kB
MemFree:          118516 kB
Active:           354680 kB
Mem:          3.8G       3.7G       115M       5.7M        20M       3.3G

MemTotal:        4016004 kB
MemFree:          124656 kB
Active:           354692 kB
Mem:          3.8G       3.7G       121M       5.7M        20M       3.3G

MemTotal:        4016004 kB
MemFree:          127304 kB
Active:           354708 kB
Mem:          3.8G       3.7G       122M       5.7M        20M       3.3G

MemTotal:        4016004 kB
MemFree:          106724 kB
Active:           354708 kB
Mem:          3.8G       3.7G       103M       5.7M        20M       3.3G

MemTotal:        4016004 kB
MemFree:          113076 kB
Active:           354708 kB
Mem:          3.8G       3.7G       109M       5.7M        20M       3.3G

MemTotal:        4016004 kB
MemFree:          129352 kB
Active:           351292 kB
Mem:          3.8G       3.7G       126M       5.7M        20M       3.2G

MemTotal:        4016004 kB
MemFree:          129480 kB
Active:           351208 kB
Mem:          3.8G       3.7G       126M       5.7M        20M       3.2G

MemTotal:        4016004 kB
MemFree:          127920 kB
Active:           351208 kB
Mem:          3.8G       3.7G       124M       5.7M        20M       3.3G

MemTotal:        4016004 kB
MemFree:          126804 kB
Active:           351212 kB
Mem:          3.8G       3.7G       123M       5.7M        20M       3.3G

MemTotal:        4016004 kB
MemFree:          116664 kB
Active:           351212 kB
Mem:          3.8G       3.7G       112M       5.7M        20M       3.3G

MemTotal:        4016004 kB
MemFree:          114144 kB
Active:           351088 kB
Mem:          3.8G       3.7G       110M       5.7M        20M       3.3G

MemTotal:        4016004 kB
MemFree:          123580 kB
Active:           351088 kB
Mem:          3.8G       3.7G       120M       5.7M        20M       3.3G

MemTotal:        4016004 kB
MemFree:          135632 kB
Active:           349024 kB
Mem:          3.8G       3.7G       131M       5.7M        20M       3.2G

MemTotal:        4016004 kB
MemFree:          142868 kB
Active:           348968 kB
Mem:          3.8G       3.7G       138M       5.7M        20M       3.2G

MemTotal:        4016004 kB
MemFree:          137280 kB
Active:           348968 kB
Mem:          3.8G       3.7G       133M       5.7M        20M       3.2G

MemTotal:        4016004 kB
MemFree:          155256 kB
Active:           345620 kB
Mem:          3.8G       3.7G       151M       5.7M        20M       3.2G

MemTotal:        4016004 kB
MemFree:          152316 kB
Active:           345420 kB
Mem:          3.8G       3.7G       148M       5.7M        20M       3.2G

MemTotal:        4016004 kB
MemFree:          152164 kB
Active:           345436 kB
Mem:          3.8G       3.7G       148M       5.7M        20M       3.2G

MemTotal:        4016004 kB
MemFree:          152292 kB
Active:           345436 kB
Mem:          3.8G       3.7G       148M       5.7M        20M       3.2G

MemTotal:        4016004 kB
MemFree:          151668 kB
Active:           345436 kB
Mem:          3.8G       3.7G       147M       5.7M        20M       3.2G

MemTotal:        4016004 kB
MemFree:          140800 kB
Active:           345440 kB
Mem:          3.8G       3.7G       136M       5.7M        20M       3.2G

MemTotal:        4016004 kB
MemFree:          123620 kB
Active:           345440 kB
Mem:          3.8G       3.7G       120M       5.7M        20M       3.3G

MemTotal:        4016004 kB
MemFree:          123136 kB
Active:           345452 kB
Mem:          3.8G       3.7G       120M       5.7M        20M       3.3G

MemTotal:        4016004 kB
MemFree:          123264 kB
Active:           345456 kB
Mem:          3.8G       3.7G       120M       5.7M        20M       3.3G

MemTotal:        4016004 kB
MemFree:          123552 kB
Active:           345460 kB
Mem:          3.8G       3.7G       120M       5.7M        20M       3.3G

MemTotal:        4016004 kB
MemFree:          133652 kB
Active:           345584 kB
Mem:          3.8G       3.7G       129M       5.7M        20M       3.2G

MemTotal:        4016004 kB
MemFree:          128528 kB
Active:           345464 kB
Mem:          3.8G       3.7G       124M       5.7M        20M       3.3G

MemTotal:        4016004 kB
MemFree:          125420 kB
Active:           345468 kB
Mem:          3.8G       3.7G       121M       5.7M        20M       3.3G

MemTotal:        4016004 kB
MemFree:          128200 kB
Active:           345476 kB
Mem:          3.8G       3.7G       124M       5.7M        20M       3.3G

MemTotal:        4016004 kB
MemFree:          126552 kB
Active:           345480 kB
Mem:          3.8G       3.7G       123M       5.7M        20M       3.3G

MemTotal:        4016004 kB
MemFree:          139348 kB
Active:           344604 kB
Mem:          3.8G       3.7G       135M       5.7M        20M       3.2G

MemTotal:        4016004 kB
MemFree:          136976 kB
Active:           344412 kB
Mem:          3.8G       3.7G       133M       5.7M        20M       3.2G

MemTotal:        4016004 kB
MemFree:          126748 kB
Active:           344412 kB
Mem:          3.8G       3.7G       123M       5.7M        20M       3.3G

MemTotal:        4016004 kB
MemFree:          126332 kB
Active:           344424 kB
Mem:          3.8G       3.7G       123M       5.7M        20M       3.3G

MemTotal:        4016004 kB
MemFree:          125792 kB
Active:           344444 kB
Mem:          3.8G       3.7G       122M       5.7M        20M       3.3G

MemTotal:        4016004 kB
MemFree:          124108 kB
Active:           342536 kB
Mem:          3.8G       3.7G       121M       5.7M        20M       3.3G

MemTotal:        4016004 kB
MemFree:          123776 kB
Active:           344460 kB
Mem:          3.8G       3.7G       120M       5.7M        20M       3.3G

MemTotal:        4016004 kB
MemFree:          145896 kB
Active:           343692 kB
Mem:          3.8G       3.7G       142M       5.7M        20M       3.2G

MemTotal:        4016004 kB
MemFree:          127084 kB
Active:           343700 kB
Mem:          3.8G       3.7G       123M       5.7M        20M       3.3G

MemTotal:        4016004 kB
MemFree:          141412 kB
Active:           343576 kB
Mem:          3.8G       3.7G       137M       5.7M        20M       3.2G

MemTotal:        4016004 kB
MemFree:          125708 kB
Active:           343580 kB
Mem:          3.8G       3.7G       121M       5.7M        20M       3.3G

MemTotal:        4016004 kB
MemFree:          139920 kB
Active:           341700 kB
Mem:          3.8G       3.7G       136M       5.7M        20M       3.2G

MemTotal:        4016004 kB
MemFree:          134336 kB
Active:           341700 kB
Mem:          3.8G       3.7G       130M       5.7M        20M       3.2G

MemTotal:        4016004 kB
MemFree:          138876 kB
Active:           341936 kB
Mem:          3.8G       3.7G       134M       5.7M        20M       3.2G

MemTotal:        4016004 kB
MemFree:          125848 kB
Active:           341724 kB
Mem:          3.8G       3.7G       122M       5.7M        20M       3.3G

MemTotal:        4016004 kB
MemFree:          130524 kB
Active:           341728 kB
Mem:          3.8G       3.7G       127M       5.7M        20M       3.2G

MemTotal:        4016004 kB
MemFree:          129160 kB
Active:           343760 kB
Mem:          3.8G       3.7G       125M       5.7M        20M       3.2G

MemTotal:        4016004 kB
MemFree:          127672 kB
Active:           343760 kB
Mem:          3.8G       3.7G       124M       5.7M        20M       3.2G

MemTotal:        4016004 kB
MemFree:          127716 kB
Active:           343760 kB
Mem:          3.8G       3.7G       124M       5.7M        20M       3.2G

MemTotal:        4016004 kB
MemFree:          112872 kB
Active:           343764 kB
Mem:          3.8G       3.7G       109M       5.7M        20M       3.3G

MemTotal:        4016004 kB
MemFree:          142128 kB
Active:           342872 kB
Mem:          3.8G       3.7G       137M       5.7M        20M       3.2G

MemTotal:        4016004 kB
MemFree:          117040 kB
Active:           342872 kB
Mem:          3.8G       3.7G       113M       5.7M        20M       3.3G

MemTotal:        4016004 kB
MemFree:          127488 kB
Active:           342872 kB
Mem:          3.8G       3.7G       123M       5.7M        20M       3.2G

MemTotal:        4016004 kB
MemFree:          127824 kB
Active:           340892 kB
Mem:          3.8G       3.7G       123M       5.7M        20M       3.2G

MemTotal:        4016004 kB
MemFree:          137712 kB
Active:           340720 kB
Mem:          3.8G       3.7G       133M       5.7M        20M       3.2G

MemTotal:        4016004 kB
MemFree:          117760 kB
Active:           340720 kB
Mem:          3.8G       3.7G       114M       5.7M        20M       3.3G

MemTotal:        4016004 kB
MemFree:          125528 kB
Active:           340720 kB
Mem:          3.8G       3.7G       122M       5.7M        20M       3.2G

MemTotal:        4016004 kB
MemFree:          125036 kB
Active:           340724 kB
Mem:          3.8G       3.7G       121M       5.7M        20M       3.2G

MemTotal:        4016004 kB
MemFree:          123328 kB
Active:           340728 kB
Mem:          3.8G       3.7G       119M       5.7M        20M       3.2G

MemTotal:        4016004 kB
MemFree:          122892 kB
Active:           340736 kB
Mem:          3.8G       3.7G       120M       5.7M        20M       3.2G

MemTotal:        4016004 kB
MemFree:          122864 kB
Active:           340740 kB
Mem:          3.8G       3.7G       119M       5.7M        20M       3.2G

MemTotal:        4016004 kB
MemFree:          122376 kB
Active:           340740 kB
Mem:          3.8G       3.7G       119M       5.7M        20M       3.3G

MemTotal:        4016004 kB
MemFree:          127080 kB
Active:           340744 kB
Mem:          3.8G       3.7G       123M       5.7M        20M       3.2G

MemTotal:        4016004 kB
MemFree:          124452 kB
Active:           340744 kB
Mem:          3.8G       3.7G       119M       5.7M        20M       3.2G

MemTotal:        4016004 kB
MemFree:          125220 kB
Active:           340744 kB
Mem:          3.8G       3.7G       121M       5.7M        20M       3.2G

MemTotal:        4016004 kB
MemFree:          126744 kB
Active:           341544 kB
Mem:          3.8G       3.7G       123M       5.7M        20M       3.2G

MemTotal:        4016004 kB
MemFree:          119212 kB
Active:           341528 kB
Mem:          3.8G       3.7G       115M       5.7M        20M       3.3G

MemTotal:        4016004 kB
MemFree:          136736 kB
Active:           341388 kB
Mem:          3.8G       3.7G       133M       5.7M        20M       3.2G

MemTotal:        4016004 kB
MemFree:          110056 kB
Active:           341388 kB
Mem:          3.8G       3.7G       107M       5.7M        20M       3.3G

MemTotal:        4016004 kB
MemFree:          108604 kB
Active:           341396 kB
Mem:          3.8G       3.7G       105M       5.7M        20M       3.3G

MemTotal:        4016004 kB
MemFree:          108216 kB
Active:           341404 kB
Mem:          3.8G       3.7G       105M       5.7M        20M       3.3G

MemTotal:        4016004 kB
MemFree:          107600 kB
Active:           341560 kB
Mem:          3.8G       3.7G       105M       5.7M        20M       3.3G

MemTotal:        4016004 kB
MemFree:          130952 kB
Active:           341420 kB
Mem:          3.8G       3.7G       127M       5.7M        20M       3.2G

MemTotal:        4016004 kB
MemFree:          114188 kB
Active:           341420 kB
Mem:          3.8G       3.7G       110M       5.7M        20M       3.3G

MemTotal:        4016004 kB
MemFree:          143524 kB
Active:           343220 kB
Mem:          3.8G       3.7G       140M       5.7M        20M       3.2G

MemTotal:        4016004 kB
MemFree:          143308 kB
Active:           343148 kB
Mem:          3.8G       3.7G       139M       5.7M        20M       3.2G

MemTotal:        4016004 kB
MemFree:          143184 kB
Active:           343148 kB
Mem:          3.8G       3.7G       139M       5.7M        20M       3.2G

MemTotal:        4016004 kB
MemFree:          143308 kB
Active:           343148 kB
Mem:          3.8G       3.7G       139M       5.7M        20M       3.2G

MemTotal:        4016004 kB
MemFree:          143308 kB
Active:           343148 kB
Mem:          3.8G       3.7G       139M       5.7M        20M       3.2G

MemTotal:        4016004 kB
MemFree:          143308 kB
Active:           343148 kB
Mem:          3.8G       3.7G       139M       5.7M        20M       3.2G

MemTotal:        4016004 kB
MemFree:          143308 kB
Active:           343148 kB
Mem:          3.8G       3.7G       139M       5.7M        20M       3.2G

MemTotal:        4016004 kB
MemFree:          143308 kB
Active:           343148 kB
Mem:          3.8G       3.7G       139M       5.7M        20M       3.2G

MemTotal:        4016004 kB
MemFree:          143308 kB
Active:           343148 kB
Mem:          3.8G       3.7G       139M       5.7M        20M       3.2G

MemTotal:        4016004 kB
MemFree:          143308 kB
Active:           343148 kB
Mem:          3.8G       3.7G       139M       5.7M        20M       3.2G

MemTotal:        4016004 kB
MemFree:          143308 kB
Active:           343148 kB
Mem:          3.8G       3.7G       139M       5.7M        20M       3.2G

MemTotal:        4016004 kB
MemFree:          143184 kB
Active:           343152 kB
Mem:          3.8G       3.7G       139M       5.7M        20M       3.2G

MemTotal:        4016004 kB
MemFree:          143308 kB
Active:           343152 kB
Mem:          3.8G       3.7G       139M       5.7M        20M       3.2G

MemTotal:        4016004 kB
MemFree:          143184 kB
Active:           343152 kB
Mem:          3.8G       3.7G       139M       5.7M        20M       3.2G

MemTotal:        4016004 kB
MemFree:          143432 kB
Active:           343160 kB
Mem:          3.8G       3.7G       140M       5.7M        20M       3.2G

MemTotal:        4016004 kB
MemFree:          143876 kB
Active:           342904 kB
Mem:          3.8G       3.7G       140M       5.7M        20M       3.2G

MemTotal:        4016004 kB
MemFree:          144000 kB
Active:           342896 kB
Mem:          3.8G       3.7G       140M       5.7M        20M       3.2G

MemTotal:        4016004 kB
MemFree:          144124 kB
Active:           342904 kB
Mem:          3.8G       3.7G       140M       5.7M        20M       3.2G

MemTotal:        4016004 kB
MemFree:          144000 kB
Active:           342928 kB
Mem:          3.8G       3.7G       140M       5.7M        20M       3.2G

MemTotal:        4016004 kB
MemFree:          144248 kB
Active:           342900 kB
Mem:          3.8G       3.7G       140M       5.7M        20M       3.2G

MemTotal:        4016004 kB
MemFree:          144052 kB
Active:           342336 kB
Mem:          3.8G       3.7G       140M       5.7M        20M       3.2G

MemTotal:        4016004 kB
MemFree:          144308 kB
Active:           344328 kB
Mem:          3.8G       3.7G       140M       5.7M        20M       3.2G

MemTotal:        4016004 kB
MemFree:          143812 kB
Active:           344376 kB
Mem:          3.8G       3.7G       140M       5.7M        20M       3.2G

MemTotal:        4016004 kB
MemFree:          144328 kB
Active:           344360 kB
Mem:          3.8G       3.7G       140M       5.7M        20M       3.2G

MemTotal:        4016004 kB
MemFree:          144328 kB
Active:           344372 kB
Mem:          3.8G       3.7G       140M       5.7M        20M       3.2G

MemTotal:        4016004 kB
MemFree:          144204 kB
Active:           344340 kB
Mem:          3.8G       3.7G       140M       5.7M        20M       3.2G

MemTotal:        4016004 kB
MemFree:          144080 kB
Active:           344340 kB
Mem:          3.8G       3.7G       140M       5.7M        20M       3.2G

MemTotal:        4016004 kB
MemFree:          144328 kB
Active:           344332 kB
Mem:          3.8G       3.7G       140M       5.7M        20M       3.2G

MemTotal:        4016004 kB
MemFree:          144328 kB
Active:           344332 kB
Mem:          3.8G       3.7G       140M       5.7M        20M       3.2G

MemTotal:        4016004 kB
MemFree:          144008 kB
Active:           344324 kB
Mem:          3.8G       3.7G       140M       5.7M        20M       3.2G

MemTotal:        4016004 kB
MemFree:          143596 kB
Active:           344248 kB
Mem:          3.8G       3.7G       140M       5.7M        20M       3.2G

MemTotal:        4016004 kB
MemFree:          143836 kB
Active:           346180 kB
Mem:          3.8G       3.7G       140M       5.7M        20M       3.2G

MemTotal:        4016004 kB
MemFree:          143484 kB
Active:           346208 kB
Mem:          3.8G       3.7G       139M       5.7M        20M       3.2G

MemTotal:        4016004 kB
MemFree:          143860 kB
Active:           346204 kB
Mem:          3.8G       3.7G       140M       5.7M        20M       3.2G

MemTotal:        4016004 kB
MemFree:          143860 kB
Active:           346196 kB
Mem:          3.8G       3.7G       140M       5.7M        20M       3.2G

MemTotal:        4016004 kB
MemFree:          144232 kB
Active:           346192 kB
Mem:          3.8G       3.7G       140M       5.7M        20M       3.2G

MemTotal:        4016004 kB
MemFree:          143736 kB
Active:           346224 kB
Mem:          3.8G       3.7G       140M       5.7M        20M       3.2G

MemTotal:        4016004 kB
MemFree:          143860 kB
Active:           346224 kB
Mem:          3.8G       3.7G       140M       5.7M        20M       3.2G

MemTotal:        4016004 kB
MemFree:          144356 kB
Active:           346196 kB
Mem:          3.8G       3.7G       140M       5.7M        20M       3.2G

MemTotal:        4016004 kB
MemFree:          144232 kB
Active:           346200 kB
Mem:          3.8G       3.7G       140M       5.7M        20M       3.2G

MemTotal:        4016004 kB
MemFree:          143984 kB
Active:           346232 kB
Mem:          3.8G       3.7G       140M       5.7M        20M       3.2G

MemTotal:        4016004 kB
MemFree:          144108 kB
Active:           346224 kB
Mem:          3.8G       3.7G       140M       5.7M        20M       3.2G

MemTotal:        4016004 kB
MemFree:          143984 kB
Active:           346208 kB
Mem:          3.8G       3.7G       140M       5.7M        20M       3.2G

MemTotal:        4016004 kB
MemFree:          144124 kB
Active:           346192 kB
Mem:          3.8G       3.7G       141M       5.7M        20M       3.2G

MemTotal:        4016004 kB
MemFree:          144496 kB
Active:           346228 kB
Mem:          3.8G       3.7G       141M       5.7M        20M       3.2G

MemTotal:        4016004 kB
MemFree:          144000 kB
Active:           346240 kB
Mem:          3.8G       3.7G       140M       5.7M        20M       3.2G

MemTotal:        4016004 kB
MemFree:          144248 kB
Active:           346208 kB
Mem:          3.8G       3.7G       140M       5.7M        20M       3.2G

MemTotal:        4016004 kB
MemFree:          144000 kB
Active:           346240 kB
Mem:          3.8G       3.7G       140M       5.7M        20M       3.2G

MemTotal:        4016004 kB
MemFree:          144496 kB
Active:           346208 kB
Mem:          3.8G       3.7G       140M       5.7M        20M       3.2G

MemTotal:        4016004 kB
MemFree:          144372 kB
Active:           346216 kB
Mem:          3.8G       3.7G       140M       5.7M        20M       3.2G

MemTotal:        4016004 kB
MemFree:          143876 kB
Active:           346248 kB
Mem:          3.8G       3.7G       140M       5.7M        20M       3.2G

MemTotal:        4016004 kB
MemFree:          144000 kB
Active:           346216 kB
Mem:          3.8G       3.7G       140M       5.7M        20M       3.2G

MemTotal:        4016004 kB
MemFree:          144124 kB
Active:           346212 kB
Mem:          3.8G       3.7G       140M       5.7M        20M       3.2G

MemTotal:        4016004 kB
MemFree:          143876 kB
Active:           346260 kB
Mem:          3.8G       3.7G       140M       5.7M        20M       3.2G

MemTotal:        4016004 kB
MemFree:          144124 kB
Active:           346244 kB
Mem:          3.8G       3.7G       140M       5.7M        20M       3.2G

MemTotal:        4016004 kB
MemFree:          144124 kB
Active:           346248 kB
Mem:          3.8G       3.7G       140M       5.7M        20M       3.2G

MemTotal:        4016004 kB
MemFree:          144124 kB
Active:           346256 kB
Mem:          3.8G       3.7G       140M       5.7M        20M       3.2G

MemTotal:        4016004 kB
MemFree:          134636 kB
Active:           353772 kB
Mem:          3.8G       3.7G       131M       5.7M        27M       3.2G

MemTotal:        4016004 kB
MemFree:          134148 kB
Active:           354016 kB
Mem:          3.8G       3.7G       131M       5.7M        27M       3.2G

MemTotal:        4016004 kB
MemFree:          134520 kB
Active:           354004 kB
Mem:          3.8G       3.7G       131M       5.7M        27M       3.2G

MemTotal:        4016004 kB
MemFree:          132472 kB
Active:           353996 kB
Mem:          3.8G       3.7G       129M       5.7M        27M       3.2G

MemTotal:        4016004 kB
MemFree:          131976 kB
Active:           356040 kB
Mem:          3.8G       3.7G       129M       5.7M        27M       3.2G

MemTotal:        4016004 kB
MemFree:          131852 kB
Active:           356040 kB
Mem:          3.8G       3.7G       128M       5.7M        27M       3.2G

MemTotal:        4016004 kB
MemFree:          131728 kB
Active:           356048 kB
Mem:          3.8G       3.7G       128M       5.7M        27M       3.2G

MemTotal:        4016004 kB
MemFree:          132116 kB
Active:           356008 kB
Mem:          3.8G       3.7G       129M       5.7M        27M       3.2G

MemTotal:        4016004 kB
MemFree:          131784 kB
Active:           356048 kB
Mem:          3.8G       3.7G       128M       5.7M        27M       3.2G

MemTotal:        4016004 kB
MemFree:          132032 kB
Active:           356036 kB
Mem:          3.8G       3.7G       128M       5.7M        27M       3.2G

MemTotal:        4016004 kB
MemFree:          132064 kB
Active:           356052 kB
Mem:          3.8G       3.7G       128M       5.7M        27M       3.2G

MemTotal:        4016004 kB
MemFree:          132196 kB
Active:           356036 kB
Mem:          3.8G       3.7G       129M       5.7M        27M       3.2G

MemTotal:        4016004 kB
MemFree:          132196 kB
Active:           356048 kB
Mem:          3.8G       3.7G       129M       5.7M        27M       3.2G

MemTotal:        4016004 kB
MemFree:          132568 kB
Active:           356044 kB
Mem:          3.8G       3.7G       129M       5.7M        27M       3.2G

MemTotal:        4016004 kB
MemFree:          132072 kB
Active:           356060 kB
Mem:          3.8G       3.7G       129M       5.7M        27M       3.2G

MemTotal:        4016004 kB
MemFree:          132196 kB
Active:           356060 kB
Mem:          3.8G       3.7G       129M       5.7M        27M       3.2G

MemTotal:        4016004 kB
MemFree:          132444 kB
Active:           356048 kB
Mem:          3.8G       3.7G       129M       5.7M        27M       3.2G

MemTotal:        4016004 kB
MemFree:          132444 kB
Active:           356056 kB
Mem:          3.8G       3.7G       128M       5.7M        27M       3.2G

MemTotal:        4016004 kB
MemFree:          132044 kB
Active:           356068 kB
Mem:          3.8G       3.7G       128M       5.7M        27M       3.2G

MemTotal:        4016004 kB
MemFree:          131796 kB
Active:           356068 kB
Mem:          3.8G       3.7G       128M       5.7M        27M       3.2G

MemTotal:        4016004 kB
MemFree:          132292 kB
Active:           356032 kB
Mem:          3.8G       3.7G       129M       5.7M        27M       3.2G

MemTotal:        4016004 kB
MemFree:          132540 kB
Active:           356016 kB
Mem:          3.8G       3.7G       129M       5.7M        27M       3.2G

MemTotal:        4016004 kB
MemFree:          132292 kB
Active:           356068 kB
Mem:          3.8G       3.7G       129M       5.7M        27M       3.2G

MemTotal:        4016004 kB
MemFree:          132788 kB
Active:           356020 kB
Mem:          3.8G       3.7G       129M       5.7M        27M       3.2G

MemTotal:        4016004 kB
MemFree:          132540 kB
Active:           356080 kB
Mem:          3.8G       3.7G       129M       5.7M        27M       3.2G

MemTotal:        4016004 kB
MemFree:          132912 kB
Active:           356068 kB
Mem:          3.8G       3.7G       129M       5.7M        27M       3.2G

MemTotal:        4016004 kB
MemFree:          132540 kB
Active:           356080 kB
Mem:          3.8G       3.7G       129M       5.7M        27M       3.2G

MemTotal:        4016004 kB
MemFree:          132664 kB
Active:           356040 kB
Mem:          3.8G       3.7G       129M       5.7M        27M       3.2G

MemTotal:        4016004 kB
MemFree:          132912 kB
Active:           356048 kB
Mem:          3.8G       3.7G       129M       5.7M        27M       3.2G

MemTotal:        4016004 kB
MemFree:          132540 kB
Active:           356060 kB
Mem:          3.8G       3.7G       129M       5.7M        27M       3.2G

MemTotal:        4016004 kB
MemFree:          132788 kB
Active:           356048 kB
Mem:          3.8G       3.7G       129M       5.7M        27M       3.2G

MemTotal:        4016004 kB
MemFree:          132664 kB
Active:           356036 kB
Mem:          3.8G       3.7G       129M       5.7M        27M       3.2G

MemTotal:        4016004 kB
MemFree:          132292 kB
Active:           356080 kB
Mem:          3.8G       3.7G       129M       5.7M        27M       3.2G

MemTotal:        4016004 kB
MemFree:          132664 kB
Active:           356048 kB
Mem:          3.8G       3.7G       129M       5.7M        27M       3.2G

MemTotal:        4016004 kB
MemFree:          132788 kB
Active:           356040 kB
Mem:          3.8G       3.7G       129M       5.7M        27M       3.2G

MemTotal:        4016004 kB
MemFree:          132540 kB
Active:           356080 kB
Mem:          3.8G       3.7G       129M       5.7M        27M       3.2G

MemTotal:        4016004 kB
MemFree:          132788 kB
Active:           356068 kB
Mem:          3.8G       3.7G       129M       5.7M        27M       3.2G

MemTotal:        4016004 kB
MemFree:          132788 kB
Active:           356068 kB
Mem:          3.8G       3.7G       129M       5.7M        27M       3.2G

MemTotal:        4016004 kB
MemFree:          132416 kB
Active:           356084 kB
Mem:          3.8G       3.7G       129M       5.7M        27M       3.2G

MemTotal:        4016004 kB
MemFree:          132292 kB
Active:           356072 kB
Mem:          3.8G       3.7G       129M       5.7M        27M       3.2G

MemTotal:        4016004 kB
MemFree:          132416 kB
Active:           356048 kB
Mem:          3.8G       3.7G       129M       5.7M        27M       3.2G

MemTotal:        4016004 kB
MemFree:          132292 kB
Active:           356032 kB
Mem:          3.8G       3.7G       129M       5.7M        27M       3.2G

MemTotal:        4016004 kB
MemFree:          132044 kB
Active:           356088 kB
Mem:          3.8G       3.7G       129M       5.7M        27M       3.2G

MemTotal:        4016004 kB
MemFree:          132416 kB
Active:           356092 kB
Mem:          3.8G       3.7G       128M       5.7M        27M       3.2G

MemTotal:        4016004 kB
MemFree:          132292 kB
Active:           356080 kB
Mem:          3.8G       3.7G       129M       5.7M        27M       3.2G

MemTotal:        4016004 kB
MemFree:          132416 kB
Active:           356080 kB
Mem:          3.8G       3.7G       128M       5.7M        27M       3.2G

MemTotal:        4016004 kB
MemFree:          132044 kB
Active:           356100 kB
Mem:          3.8G       3.7G       128M       5.7M        27M       3.2G

MemTotal:        4016004 kB
MemFree:          132540 kB
Active:           356092 kB
Mem:          3.8G       3.7G       128M       5.7M        27M       3.2G

MemTotal:        4016004 kB
MemFree:          131796 kB
Active:           356108 kB
Mem:          3.8G       3.7G       128M       5.7M        27M       3.2G

MemTotal:        4016004 kB
MemFree:          132292 kB
Active:           356096 kB
Mem:          3.8G       3.7G       129M       5.7M        27M       3.2G

MemTotal:        4016004 kB
MemFree:          132292 kB
Active:           356080 kB
Mem:          3.8G       3.7G       129M       5.7M        27M       3.2G

MemTotal:        4016004 kB
MemFree:          132416 kB
Active:           356060 kB
Mem:          3.8G       3.7G       129M       5.7M        27M       3.2G

MemTotal:        4016004 kB
MemFree:          131920 kB
Active:           356112 kB
Mem:          3.8G       3.7G       128M       5.7M        27M       3.2G

MemTotal:        4016004 kB
MemFree:          131796 kB
Active:           356116 kB
Mem:          3.8G       3.7G       128M       5.7M        27M       3.2G

MemTotal:        4016004 kB
MemFree:          132292 kB
Active:           356092 kB
Mem:          3.8G       3.7G       129M       5.7M        27M       3.2G

MemTotal:        4016004 kB
MemFree:          132168 kB
Active:           356088 kB
Mem:          3.8G       3.7G       129M       5.7M        27M       3.2G

MemTotal:        4016004 kB
MemFree:          132168 kB
Active:           356116 kB
Mem:          3.8G       3.7G       128M       5.7M        27M       3.2G

MemTotal:        4016004 kB
MemFree:          132044 kB
Active:           356124 kB
Mem:          3.8G       3.7G       128M       5.7M        27M       3.2G

MemTotal:        4016004 kB
MemFree:          132416 kB
Active:           356084 kB
Mem:          3.8G       3.7G       128M       5.7M        27M       3.2G

MemTotal:        4016004 kB
MemFree:          132292 kB
Active:           356072 kB
Mem:          3.8G       3.7G       129M       5.7M        27M       3.2G

MemTotal:        4016004 kB
MemFree:          132044 kB
Active:           356124 kB
Mem:          3.8G       3.7G       129M       5.7M        27M       3.2G

MemTotal:        4016004 kB
MemFree:          132044 kB
Active:           356124 kB
Mem:          3.8G       3.7G       129M       5.7M        27M       3.2G

MemTotal:        4016004 kB
MemFree:          132664 kB
Active:           356108 kB
Mem:          3.8G       3.7G       129M       5.7M        27M       3.2G

MemTotal:        4016004 kB
MemFree:          132416 kB
Active:           356128 kB
Mem:          3.8G       3.7G       129M       5.7M        27M       3.2G

MemTotal:        4016004 kB
MemFree:          132540 kB
Active:           356120 kB
Mem:          3.8G       3.7G       129M       5.7M        27M       3.2G

MemTotal:        4016004 kB
MemFree:          132416 kB
Active:           356072 kB
Mem:          3.8G       3.7G       129M       5.7M        27M       3.2G

MemTotal:        4016004 kB
MemFree:          131920 kB
Active:           356132 kB
Mem:          3.8G       3.7G       128M       5.7M        27M       3.2G

MemTotal:        4016004 kB
MemFree:          132292 kB
Active:           356112 kB
Mem:          3.8G       3.7G       129M       5.7M        27M       3.2G

MemTotal:        4016004 kB
MemFree:          132292 kB
Active:           356112 kB
Mem:          3.8G       3.7G       129M       5.7M        27M       3.2G

MemTotal:        4016004 kB
MemFree:          132292 kB
Active:           356116 kB
Mem:          3.8G       3.7G       129M       5.7M        27M       3.2G

MemTotal:        4016004 kB
MemFree:          131920 kB
Active:           356140 kB
Mem:          3.8G       3.7G       128M       5.7M        27M       3.2G

MemTotal:        4016004 kB
MemFree:          131920 kB
Active:           356084 kB
Mem:          3.8G       3.7G       128M       5.7M        27M       3.2G

MemTotal:        4016004 kB
MemFree:          132044 kB
Active:           356128 kB
Mem:          3.8G       3.7G       128M       5.7M        27M       3.2G

MemTotal:        4016004 kB
MemFree:          132308 kB
Active:           356136 kB
Mem:          3.8G       3.7G       129M       5.7M        27M       3.2G

MemTotal:        4016004 kB
MemFree:          131936 kB
Active:           356140 kB
Mem:          3.8G       3.7G       128M       5.7M        27M       3.2G

MemTotal:        4016004 kB
MemFree:          132432 kB
Active:           356116 kB
Mem:          3.8G       3.7G       129M       5.7M        27M       3.2G

MemTotal:        4016004 kB
MemFree:          132432 kB
Active:           356108 kB
Mem:          3.8G       3.7G       129M       5.7M        27M       3.2G

MemTotal:        4016004 kB
MemFree:          132308 kB
Active:           356104 kB
Mem:          3.8G       3.7G       129M       5.7M        27M       3.2G

MemTotal:        4016004 kB
MemFree:          132060 kB
Active:           356152 kB
Mem:          3.8G       3.7G       129M       5.7M        27M       3.2G

MemTotal:        4016004 kB
MemFree:          131812 kB
Active:           356152 kB
Mem:          3.8G       3.7G       128M       5.7M        27M       3.2G

MemTotal:        4016004 kB
MemFree:          132184 kB
Active:           356104 kB
Mem:          3.8G       3.7G       128M       5.7M        27M       3.2G

MemTotal:        4016004 kB
MemFree:          132184 kB
Active:           356104 kB
Mem:          3.8G       3.7G       128M       5.7M        27M       3.2G

MemTotal:        4016004 kB
MemFree:          132680 kB
Active:           356096 kB
Mem:          3.8G       3.7G       129M       5.7M        27M       3.2G

MemTotal:        4016004 kB
MemFree:          132556 kB
Active:           356100 kB
Mem:          3.8G       3.7G       129M       5.7M        27M       3.2G

MemTotal:        4016004 kB
MemFree:          132184 kB
Active:           356160 kB
Mem:          3.8G       3.7G       129M       5.7M        27M       3.2G

MemTotal:        4016004 kB
MemFree:          132184 kB
Active:           356160 kB
Mem:          3.8G       3.7G       129M       5.7M        27M       3.2G

MemTotal:        4016004 kB
MemFree:          132556 kB
Active:           356128 kB
Mem:          3.8G       3.7G       129M       5.7M        27M       3.2G

MemTotal:        4016004 kB
MemFree:          132556 kB
Active:           356144 kB
Mem:          3.8G       3.7G       129M       5.7M        27M       3.2G

MemTotal:        4016004 kB
MemFree:          132432 kB
Active:           356160 kB
Mem:          3.8G       3.7G       129M       5.7M        27M       3.2G

MemTotal:        4016004 kB
MemFree:          132432 kB
Active:           356144 kB
Mem:          3.8G       3.7G       129M       5.7M        27M       3.2G

MemTotal:        4016004 kB
MemFree:          132432 kB
Active:           356156 kB
Mem:          3.8G       3.7G       129M       5.7M        27M       3.2G

MemTotal:        4016004 kB
MemFree:          132556 kB
Active:           356112 kB
Mem:          3.8G       3.7G       129M       5.7M        27M       3.2G

MemTotal:        4016004 kB
MemFree:          132680 kB
Active:           356116 kB
Mem:          3.8G       3.7G       129M       5.7M        27M       3.2G

MemTotal:        4016004 kB
MemFree:          132928 kB
Active:           356168 kB
Mem:          3.8G       3.7G       129M       5.7M        27M       3.2G

MemTotal:        4016004 kB
MemFree:          132928 kB
Active:           356156 kB
Mem:          3.8G       3.7G       129M       5.7M        27M       3.2G

MemTotal:        4016004 kB
MemFree:          132680 kB
Active:           356152 kB
Mem:          3.8G       3.7G       129M       5.7M        27M       3.2G

MemTotal:        4016004 kB
MemFree:          132060 kB
Active:           356172 kB
Mem:          3.8G       3.7G       128M       5.7M        27M       3.2G

MemTotal:        4016004 kB
MemFree:          131936 kB
Active:           356160 kB
Mem:          3.8G       3.7G       128M       5.7M        27M       3.2G

MemTotal:        4016004 kB
MemFree:          131564 kB
Active:           356180 kB
Mem:          3.8G       3.7G       128M       5.7M        27M       3.2G

MemTotal:        4016004 kB
MemFree:          131812 kB
Active:           356184 kB
Mem:          3.8G       3.7G       128M       5.7M        27M       3.2G

MemTotal:        4016004 kB
MemFree:          132060 kB
Active:           356164 kB
Mem:          3.8G       3.7G       128M       5.7M        27M       3.2G

MemTotal:        4016004 kB
MemFree:          131688 kB
Active:           356184 kB
Mem:          3.8G       3.7G       128M       5.7M        27M       3.2G

MemTotal:        4016004 kB
MemFree:          131688 kB
Active:           356188 kB
Mem:          3.8G       3.7G       128M       5.7M        27M       3.2G

MemTotal:        4016004 kB
MemFree:          131688 kB
Active:           356188 kB
Mem:          3.8G       3.7G       128M       5.7M        27M       3.2G

MemTotal:        4016004 kB
MemFree:          132060 kB
Active:           356188 kB
Mem:          3.8G       3.7G       128M       5.7M        27M       3.2G

MemTotal:        4016004 kB
MemFree:          131812 kB
Active:           356204 kB
Mem:          3.8G       3.7G       128M       5.7M        27M       3.2G

MemTotal:        4016004 kB
MemFree:          131936 kB
Active:           356148 kB
Mem:          3.8G       3.7G       128M       5.7M        27M       3.2G

MemTotal:        4016004 kB
MemFree:          132060 kB
Active:           356156 kB
Mem:          3.8G       3.7G       128M       5.7M        27M       3.2G

MemTotal:        4016004 kB
MemFree:          132432 kB
Active:           356156 kB
Mem:          3.8G       3.7G       129M       5.7M        27M       3.2G

MemTotal:        4016004 kB
MemFree:          132060 kB
Active:           356208 kB
Mem:          3.8G       3.7G       128M       5.7M        27M       3.2G

MemTotal:        4016004 kB
MemFree:          132060 kB
Active:           356220 kB
Mem:          3.8G       3.7G       128M       5.7M        27M       3.2G

MemTotal:        4016004 kB
MemFree:          132432 kB
Active:           356216 kB
Mem:          3.8G       3.7G       129M       5.7M        27M       3.2G

MemTotal:        4016004 kB
MemFree:          132060 kB
Active:           356220 kB
Mem:          3.8G       3.7G       129M       5.7M        27M       3.2G

MemTotal:        4016004 kB
MemFree:          132184 kB
Active:           356220 kB
Mem:          3.8G       3.7G       128M       5.7M        27M       3.2G

MemTotal:        4016004 kB
MemFree:          132184 kB
Active:           356212 kB
Mem:          3.8G       3.7G       128M       5.7M        27M       3.2G

MemTotal:        4016004 kB
MemFree:          132184 kB
Active:           356216 kB
Mem:          3.8G       3.7G       128M       5.7M        27M       3.2G

MemTotal:        4016004 kB
MemFree:          131564 kB
Active:           356236 kB
Mem:          3.8G       3.7G       128M       5.7M        27M       3.2G

MemTotal:        4016004 kB
MemFree:          131812 kB
Active:           356216 kB
Mem:          3.8G       3.7G       128M       5.7M        27M       3.2G

MemTotal:        4016004 kB
MemFree:          131812 kB
Active:           356228 kB
Mem:          3.8G       3.7G       128M       5.7M        27M       3.2G

MemTotal:        4016004 kB
MemFree:          131440 kB
Active:           356236 kB
Mem:          3.8G       3.7G       128M       5.7M        27M       3.2G

MemTotal:        4016004 kB
MemFree:          131440 kB
Active:           356240 kB
Mem:          3.8G       3.7G       128M       5.7M        27M       3.2G

MemTotal:        4016004 kB
MemFree:          131936 kB
Active:           356236 kB
Mem:          3.8G       3.7G       128M       5.7M        27M       3.2G

MemTotal:        4016004 kB
MemFree:          131564 kB
Active:           356240 kB
Mem:          3.8G       3.7G       128M       5.7M        27M       3.2G

MemTotal:        4016004 kB
MemFree:          131936 kB
Active:           356240 kB
Mem:          3.8G       3.7G       128M       5.7M        27M       3.2G

MemTotal:        4016004 kB
MemFree:          131440 kB
Active:           356240 kB
Mem:          3.8G       3.7G       128M       5.7M        27M       3.2G

MemTotal:        4016004 kB
MemFree:          132184 kB
Active:           356232 kB
Mem:          3.8G       3.7G       128M       5.7M        28M       3.2G

MemTotal:        4016004 kB
MemFree:          131556 kB
Active:           356416 kB
Mem:          3.8G       3.7G       128M       5.7M        28M       3.2G

MemTotal:        4016004 kB
MemFree:          131804 kB
Active:           356412 kB
Mem:          3.8G       3.7G       128M       5.7M        28M       3.2G

MemTotal:        4016004 kB
MemFree:          131812 kB
Active:           356564 kB
Mem:          3.8G       3.7G       128M       5.7M        28M       3.2G

