MemTotal:        4016004 kB
MemFree:         3226272 kB
Active:           438176 kB
Mem:          3.8G       771M       3.1G       5.7M        55M       327M

MemTotal:        4016004 kB
MemFree:         3225744 kB
Active:           438392 kB
Mem:          3.8G       772M       3.1G       5.7M        55M       327M

MemTotal:        4016004 kB
MemFree:         3225728 kB
Active:           438516 kB
Mem:          3.8G       772M       3.1G       5.7M        55M       327M

MemTotal:        4016004 kB
MemFree:         3223184 kB
Active:           438496 kB
Mem:          3.8G       773M       3.1G       5.7M        55M       327M

MemTotal:        4016004 kB
MemFree:         3223416 kB
Active:           440512 kB
Mem:          3.8G       773M       3.1G       5.7M        55M       327M

MemTotal:        4016004 kB
MemFree:         3223276 kB
Active:           440540 kB
Mem:          3.8G       774M       3.1G       5.7M        55M       327M

MemTotal:        4016004 kB
MemFree:         3222656 kB
Active:           440512 kB
Mem:          3.8G       775M       3.1G       5.7M        55M       327M

MemTotal:        4016004 kB
MemFree:         3222640 kB
Active:           440520 kB
Mem:          3.8G       774M       3.1G       5.7M        55M       327M

MemTotal:        4016004 kB
MemFree:         3222640 kB
Active:           440572 kB
Mem:          3.8G       774M       3.1G       5.7M        55M       327M

MemTotal:        4016004 kB
MemFree:         3223012 kB
Active:           440552 kB
Mem:          3.8G       774M       3.1G       5.7M        55M       327M

MemTotal:        4016004 kB
MemFree:         3222640 kB
Active:           440552 kB
Mem:          3.8G       774M       3.1G       5.7M        55M       327M

MemTotal:        4016004 kB
MemFree:         3222392 kB
Active:           440520 kB
Mem:          3.8G       775M       3.1G       5.7M        55M       327M

MemTotal:        4016004 kB
MemFree:         3222516 kB
Active:           440548 kB
Mem:          3.8G       775M       3.1G       5.7M        55M       327M

MemTotal:        4016004 kB
MemFree:         3222500 kB
Active:           440520 kB
Mem:          3.8G       775M       3.1G       5.7M        55M       327M

MemTotal:        4016004 kB
MemFree:         3222376 kB
Active:           440532 kB
Mem:          3.8G       774M       3.1G       5.7M        55M       327M

MemTotal:        4016004 kB
MemFree:         3222020 kB
Active:           440576 kB
Mem:          3.8G       774M       3.1G       5.7M        55M       327M

MemTotal:        4016004 kB
MemFree:         3222656 kB
Active:           440520 kB
Mem:          3.8G       774M       3.1G       5.7M        55M       327M

MemTotal:        4016004 kB
MemFree:         3222376 kB
Active:           440576 kB
Mem:          3.8G       774M       3.1G       5.7M        55M       327M

MemTotal:        4016004 kB
MemFree:         3222748 kB
Active:           440532 kB
Mem:          3.8G       774M       3.1G       5.7M        55M       327M

MemTotal:        4016004 kB
MemFree:         3222748 kB
Active:           440560 kB
Mem:          3.8G       774M       3.1G       5.7M        55M       327M

MemTotal:        4016004 kB
MemFree:         3223244 kB
Active:           440568 kB
Mem:          3.8G       774M       3.1G       5.7M        55M       327M

MemTotal:        4016004 kB
MemFree:         3223244 kB
Active:           440544 kB
Mem:          3.8G       774M       3.1G       5.7M        55M       327M

MemTotal:        4016004 kB
MemFree:         3223368 kB
Active:           440532 kB
Mem:          3.8G       774M       3.1G       5.7M        55M       327M

MemTotal:        4016004 kB
MemFree:         3223180 kB
Active:           438596 kB
Mem:          3.8G       774M       3.1G       5.7M        55M       327M

MemTotal:        4016004 kB
MemFree:         3222544 kB
Active:           440664 kB
Mem:          3.8G       774M       3.1G       5.7M        55M       327M

MemTotal:        4016004 kB
MemFree:         3223412 kB
Active:           440648 kB
Mem:          3.8G       774M       3.1G       5.7M        55M       327M

MemTotal:        4016004 kB
MemFree:         3223520 kB
Active:           440624 kB
Mem:          3.8G       774M       3.1G       5.7M        55M       327M

MemTotal:        4016004 kB
MemFree:         3222884 kB
Active:           440616 kB
Mem:          3.8G       774M       3.1G       5.7M        55M       327M

MemTotal:        4016004 kB
MemFree:         3222636 kB
Active:           440676 kB
Mem:          3.8G       774M       3.1G       5.7M        55M       327M

MemTotal:        4016004 kB
MemFree:         3222744 kB
Active:           440664 kB
Mem:          3.8G       774M       3.1G       5.7M        55M       327M

MemTotal:        4016004 kB
MemFree:         3222728 kB
Active:           440644 kB
Mem:          3.8G       774M       3.1G       5.7M        55M       327M

MemTotal:        4016004 kB
MemFree:         3222728 kB
Active:           440668 kB
Mem:          3.8G       774M       3.1G       5.7M        55M       327M

MemTotal:        4016004 kB
MemFree:         3222852 kB
Active:           440664 kB
Mem:          3.8G       774M       3.1G       5.7M        55M       327M

MemTotal:        4016004 kB
MemFree:         3222852 kB
Active:           440676 kB
Mem:          3.8G       774M       3.1G       5.7M        55M       327M

MemTotal:        4016004 kB
MemFree:         3222852 kB
Active:           440668 kB
Mem:          3.8G       774M       3.1G       5.7M        55M       327M

MemTotal:        4016004 kB
MemFree:         3222668 kB
Active:           440648 kB
Mem:          3.8G       774M       3.1G       5.7M        55M       327M

MemTotal:        4016004 kB
MemFree:         3222916 kB
Active:           440644 kB
Mem:          3.8G       774M       3.1G       5.7M        55M       327M

MemTotal:        4016004 kB
MemFree:         3222544 kB
Active:           440688 kB
Mem:          3.8G       774M       3.1G       5.7M        55M       327M

MemTotal:        4016004 kB
MemFree:         3222916 kB
Active:           440676 kB
Mem:          3.8G       774M       3.1G       5.7M        55M       327M

MemTotal:        4016004 kB
MemFree:         3223040 kB
Active:           440640 kB
Mem:          3.8G       774M       3.1G       5.7M        55M       327M

MemTotal:        4016004 kB
MemFree:         3223040 kB
Active:           440656 kB
Mem:          3.8G       774M       3.1G       5.7M        55M       327M

MemTotal:        4016004 kB
MemFree:         3222792 kB
Active:           440692 kB
Mem:          3.8G       774M       3.1G       5.7M        55M       327M

MemTotal:        4016004 kB
MemFree:         3222420 kB
Active:           440696 kB
Mem:          3.8G       774M       3.1G       5.7M        55M       327M

MemTotal:        4016004 kB
MemFree:         3222668 kB
Active:           440696 kB
Mem:          3.8G       774M       3.1G       5.7M        55M       327M

MemTotal:        4016004 kB
MemFree:         3222916 kB
Active:           440672 kB
Mem:          3.8G       774M       3.1G       5.7M        55M       327M

MemTotal:        4016004 kB
MemFree:         3223164 kB
Active:           440656 kB
Mem:          3.8G       774M       3.1G       5.7M        55M       327M

MemTotal:        4016004 kB
MemFree:         3222900 kB
Active:           440696 kB
Mem:          3.8G       774M       3.1G       5.7M        55M       327M

MemTotal:        4016004 kB
MemFree:         3222884 kB
Active:           440668 kB
Mem:          3.8G       774M       3.1G       5.7M        55M       327M

MemTotal:        4016004 kB
MemFree:         3222388 kB
Active:           440708 kB
Mem:          3.8G       774M       3.1G       5.7M        55M       327M

MemTotal:        4016004 kB
MemFree:         3222512 kB
Active:           440712 kB
Mem:          3.8G       774M       3.1G       5.7M        55M       327M

MemTotal:        4016004 kB
MemFree:         3222744 kB
Active:           440708 kB
Mem:          3.8G       774M       3.1G       5.7M        55M       327M

MemTotal:        4016004 kB
MemFree:         3223224 kB
Active:           440672 kB
Mem:          3.8G       774M       3.1G       5.7M        55M       327M

MemTotal:        4016004 kB
MemFree:         3223348 kB
Active:           440696 kB
Mem:          3.8G       774M       3.1G       5.7M        55M       327M

MemTotal:        4016004 kB
MemFree:         3222604 kB
Active:           440728 kB
Mem:          3.8G       774M       3.1G       5.7M        55M       327M

MemTotal:        4016004 kB
MemFree:         3222604 kB
Active:           440692 kB
Mem:          3.8G       774M       3.1G       5.7M        55M       327M

MemTotal:        4016004 kB
MemFree:         3222588 kB
Active:           440680 kB
Mem:          3.8G       774M       3.1G       5.7M        55M       327M

MemTotal:        4016004 kB
MemFree:         3222464 kB
Active:           440732 kB
Mem:          3.8G       775M       3.1G       5.7M        55M       327M

MemTotal:        4016004 kB
MemFree:         3222324 kB
Active:           440740 kB
Mem:          3.8G       775M       3.1G       5.7M        55M       327M

MemTotal:        4016004 kB
MemFree:         3222432 kB
Active:           440708 kB
Mem:          3.8G       774M       3.1G       5.7M        55M       327M

MemTotal:        4016004 kB
MemFree:         3222292 kB
Active:           440720 kB
Mem:          3.8G       774M       3.1G       5.7M        55M       327M

MemTotal:        4016004 kB
MemFree:         3222508 kB
Active:           440848 kB
Mem:          3.8G       775M       3.1G       5.7M        55M       327M

MemTotal:        4016004 kB
MemFree:         3111456 kB
Active:           441232 kB
Mem:          3.8G       883M       3.0G       5.7M        55M       434M

MemTotal:        4016004 kB
MemFree:         2998344 kB
Active:           441232 kB
Mem:          3.8G       994M       2.9G       5.7M        55M       543M

MemTotal:        4016004 kB
MemFree:         2872196 kB
Active:           441232 kB
Mem:          3.8G       1.1G       2.7G       5.7M        55M       665M

MemTotal:        4016004 kB
MemFree:         2858776 kB
Active:           441232 kB
Mem:          3.8G       1.1G       2.7G       5.7M        55M       677M

MemTotal:        4016004 kB
MemFree:         2768808 kB
Active:           441232 kB
Mem:          3.8G       1.2G       2.6G       5.7M        55M       764M

MemTotal:        4016004 kB
MemFree:         2766992 kB
Active:           441264 kB
Mem:          3.8G       1.2G       2.6G       5.7M        55M       765M

MemTotal:        4016004 kB
MemFree:         2715608 kB
Active:           441276 kB
Mem:          3.8G       1.2G       2.6G       5.7M        55M       814M

MemTotal:        4016004 kB
MemFree:         2668164 kB
Active:           441276 kB
Mem:          3.8G       1.3G       2.5G       5.7M        55M       860M

MemTotal:        4016004 kB
MemFree:         2649828 kB
Active:           441276 kB
Mem:          3.8G       1.3G       2.5G       5.7M        55M       877M

MemTotal:        4016004 kB
MemFree:         2568888 kB
Active:           441280 kB
Mem:          3.8G       1.4G       2.4G       5.7M        55M       955M

MemTotal:        4016004 kB
MemFree:         2568012 kB
Active:           441248 kB
Mem:          3.8G       1.4G       2.4G       5.7M        55M       956M

MemTotal:        4016004 kB
MemFree:         2565444 kB
Active:           441312 kB
Mem:          3.8G       1.4G       2.4G       5.7M        55M       958M

MemTotal:        4016004 kB
MemFree:         2564268 kB
Active:           441312 kB
Mem:          3.8G       1.4G       2.4G       5.7M        55M       959M

MemTotal:        4016004 kB
MemFree:         2488464 kB
Active:           441312 kB
Mem:          3.8G       1.5G       2.4G       5.7M        55M       1.0G

MemTotal:        4016004 kB
MemFree:         2358596 kB
Active:           441312 kB
Mem:          3.8G       1.6G       2.2G       5.7M        55M       1.1G

MemTotal:        4016004 kB
MemFree:         2229968 kB
Active:           441312 kB
Mem:          3.8G       1.7G       2.1G       5.7M        55M       1.3G

MemTotal:        4016004 kB
MemFree:         2214300 kB
Active:           441316 kB
Mem:          3.8G       1.7G       2.1G       5.7M        55M       1.3G

MemTotal:        4016004 kB
MemFree:         2212860 kB
Active:           441320 kB
Mem:          3.8G       1.7G       2.1G       5.7M        55M       1.3G

MemTotal:        4016004 kB
MemFree:         2114508 kB
Active:           441292 kB
Mem:          3.8G       1.8G       2.0G       5.7M        55M       1.4G

MemTotal:        4016004 kB
MemFree:         2113824 kB
Active:           441292 kB
Mem:          3.8G       1.8G       2.0G       5.7M        55M       1.4G

MemTotal:        4016004 kB
MemFree:         2028228 kB
Active:           441324 kB
Mem:          3.8G       1.9G       1.9G       5.7M        55M       1.4G

MemTotal:        4016004 kB
MemFree:         2014928 kB
Active:           441312 kB
Mem:          3.8G       1.9G       1.9G       5.7M        55M       1.5G

MemTotal:        4016004 kB
MemFree:         2012596 kB
Active:           439316 kB
Mem:          3.8G       1.9G       1.9G       5.7M        55M       1.5G

MemTotal:        4016004 kB
MemFree:         2012224 kB
Active:           441380 kB
Mem:          3.8G       1.9G       1.9G       5.7M        55M       1.5G

MemTotal:        4016004 kB
MemFree:         2010552 kB
Active:           441380 kB
Mem:          3.8G       1.9G       1.9G       5.7M        55M       1.5G

MemTotal:        4016004 kB
MemFree:         1994544 kB
Active:           441380 kB
Mem:          3.8G       1.9G       1.9G       5.7M        55M       1.5G

MemTotal:        4016004 kB
MemFree:         1857592 kB
Active:           441352 kB
Mem:          3.8G       2.1G       1.8G       5.7M        55M       1.6G

MemTotal:        4016004 kB
MemFree:         1729088 kB
Active:           441388 kB
Mem:          3.8G       2.2G       1.6G       5.7M        55M       1.7G

MemTotal:        4016004 kB
MemFree:         1660068 kB
Active:           441388 kB
Mem:          3.8G       2.2G       1.6G       5.7M        55M       1.8G

MemTotal:        4016004 kB
MemFree:         1585988 kB
Active:           441356 kB
Mem:          3.8G       2.3G       1.5G       5.7M        55M       1.9G

MemTotal:        4016004 kB
MemFree:         1561744 kB
Active:           441392 kB
Mem:          3.8G       2.3G       1.5G       5.7M        55M       1.9G

MemTotal:        4016004 kB
MemFree:         1524156 kB
Active:           441360 kB
Mem:          3.8G       2.4G       1.5G       5.7M        55M       1.9G

MemTotal:        4016004 kB
MemFree:         1471568 kB
Active:           441420 kB
Mem:          3.8G       2.4G       1.4G       5.7M        55M       2.0G

MemTotal:        4016004 kB
MemFree:         1379528 kB
Active:           441420 kB
Mem:          3.8G       2.5G       1.3G       5.7M        55M       2.1G

MemTotal:        4016004 kB
MemFree:         1378752 kB
Active:           441376 kB
Mem:          3.8G       2.5G       1.3G       5.7M        55M       2.1G

MemTotal:        4016004 kB
MemFree:         1377664 kB
Active:           441404 kB
Mem:          3.8G       2.5G       1.3G       5.7M        55M       2.1G

MemTotal:        4016004 kB
MemFree:         1377296 kB
Active:           441436 kB
Mem:          3.8G       2.5G       1.3G       5.7M        55M       2.1G

MemTotal:        4016004 kB
MemFree:         1377392 kB
Active:           441440 kB
Mem:          3.8G       2.5G       1.3G       5.7M        55M       2.1G

MemTotal:        4016004 kB
MemFree:         1369200 kB
Active:           441424 kB
Mem:          3.8G       2.5G       1.3G       5.7M        55M       2.1G

MemTotal:        4016004 kB
MemFree:         1232124 kB
Active:           441444 kB
Mem:          3.8G       2.7G       1.2G       5.7M        55M       2.2G

MemTotal:        4016004 kB
MemFree:         1105728 kB
Active:           441444 kB
Mem:          3.8G       2.8G       1.1G       5.7M        55M       2.3G

MemTotal:        4016004 kB
MemFree:         1027072 kB
Active:           441452 kB
Mem:          3.8G       2.9G       1.0G       5.7M        55M       2.4G

MemTotal:        4016004 kB
MemFree:          979236 kB
Active:           441452 kB
Mem:          3.8G       2.9G       956M       5.7M        55M       2.4G

MemTotal:        4016004 kB
MemFree:          890176 kB
Active:           441464 kB
Mem:          3.8G       3.0G       869M       5.7M        55M       2.5G

MemTotal:        4016004 kB
MemFree:          785280 kB
Active:           441468 kB
Mem:          3.8G       3.1G       766M       5.7M        55M       2.6G

MemTotal:        4016004 kB
MemFree:          651552 kB
Active:           441468 kB
Mem:          3.8G       3.2G       635M       5.7M        55M       2.7G

MemTotal:        4016004 kB
MemFree:          649052 kB
Active:           441484 kB
Mem:          3.8G       3.2G       633M       5.7M        55M       2.7G

MemTotal:        4016004 kB
MemFree:          648092 kB
Active:           441460 kB
Mem:          3.8G       3.2G       632M       5.7M        55M       2.7G

MemTotal:        4016004 kB
MemFree:          646544 kB
Active:           441508 kB
Mem:          3.8G       3.2G       631M       5.7M        55M       2.7G

MemTotal:        4016004 kB
MemFree:          645556 kB
Active:           441508 kB
Mem:          3.8G       3.2G       630M       5.7M        55M       2.7G

MemTotal:        4016004 kB
MemFree:          587856 kB
Active:           441508 kB
Mem:          3.8G       3.3G       573M       5.7M        55M       2.8G

MemTotal:        4016004 kB
MemFree:          587000 kB
Active:           441540 kB
Mem:          3.8G       3.3G       572M       5.7M        55M       2.8G

MemTotal:        4016004 kB
MemFree:          586752 kB
Active:           439484 kB
Mem:          3.8G       3.3G       572M       5.7M        55M       2.8G

MemTotal:        4016004 kB
MemFree:          586540 kB
Active:           441568 kB
Mem:          3.8G       3.3G       572M       5.7M        55M       2.8G

MemTotal:        4016004 kB
MemFree:          584532 kB
Active:           441568 kB
Mem:          3.8G       3.3G       570M       5.7M        55M       2.8G

MemTotal:        4016004 kB
MemFree:          460988 kB
Active:           441572 kB
Mem:          3.8G       3.4G       449M       5.7M        55M       2.9G

MemTotal:        4016004 kB
MemFree:          340544 kB
Active:           441580 kB
Mem:          3.8G       3.5G       331M       5.7M        55M       3.0G

MemTotal:        4016004 kB
MemFree:          228208 kB
Active:           441584 kB
Mem:          3.8G       3.6G       222M       5.7M        55M       3.1G

MemTotal:        4016004 kB
MemFree:          125404 kB
Active:           439944 kB
Mem:          3.8G       3.7G       151M       5.7M        22M       3.2G

MemTotal:        4016004 kB
MemFree:          154144 kB
Active:           464752 kB
Mem:          3.8G       3.7G       149M       5.7M        22M       3.2G

MemTotal:        4016004 kB
MemFree:          152680 kB
Active:           464716 kB
Mem:          3.8G       3.7G       148M       5.7M        22M       3.2G

MemTotal:        4016004 kB
MemFree:          131848 kB
Active:           464616 kB
Mem:          3.8G       3.7G       128M       5.7M        22M       3.3G

MemTotal:        4016004 kB
MemFree:          131864 kB
Active:           464620 kB
Mem:          3.8G       3.7G       128M       5.7M        22M       3.3G

MemTotal:        4016004 kB
MemFree:          130184 kB
Active:           464636 kB
Mem:          3.8G       3.7G       126M       5.7M        22M       3.3G

MemTotal:        4016004 kB
MemFree:          127428 kB
Active:           464644 kB
Mem:          3.8G       3.7G       124M       5.7M        22M       3.3G

MemTotal:        4016004 kB
MemFree:          126656 kB
Active:           464644 kB
Mem:          3.8G       3.7G       123M       5.7M        22M       3.3G

MemTotal:        4016004 kB
MemFree:          119812 kB
Active:           463620 kB
Mem:          3.8G       3.7G       116M       5.7M        22M       3.3G

MemTotal:        4016004 kB
MemFree:          141468 kB
Active:           458756 kB
Mem:          3.8G       3.7G       137M       5.7M        22M       3.2G

MemTotal:        4016004 kB
MemFree:          142928 kB
Active:           455564 kB
Mem:          3.8G       3.7G       139M       5.7M        22M       3.2G

MemTotal:        4016004 kB
MemFree:          148676 kB
Active:           449356 kB
Mem:          3.8G       3.7G       144M       5.7M        22M       3.2G

MemTotal:        4016004 kB
MemFree:          144456 kB
Active:           449228 kB
Mem:          3.8G       3.7G       140M       5.7M        22M       3.2G

MemTotal:        4016004 kB
MemFree:          138544 kB
Active:           446796 kB
Mem:          3.8G       3.7G       135M       5.7M        22M       3.2G

MemTotal:        4016004 kB
MemFree:          119324 kB
Active:           446796 kB
Mem:          3.8G       3.7G       116M       5.7M        22M       3.3G

MemTotal:        4016004 kB
MemFree:          116308 kB
Active:           445016 kB
Mem:          3.8G       3.7G       113M       5.7M        22M       3.3G

MemTotal:        4016004 kB
MemFree:          116368 kB
Active:           445020 kB
Mem:          3.8G       3.7G       113M       5.7M        22M       3.3G

MemTotal:        4016004 kB
MemFree:          115392 kB
Active:           445036 kB
Mem:          3.8G       3.7G       112M       5.7M        22M       3.3G

MemTotal:        4016004 kB
MemFree:          114432 kB
Active:           445036 kB
Mem:          3.8G       3.7G       111M       5.7M        22M       3.3G

MemTotal:        4016004 kB
MemFree:          123288 kB
Active:           444268 kB
Mem:          3.8G       3.7G       120M       5.7M        22M       3.3G

MemTotal:        4016004 kB
MemFree:          126532 kB
Active:           439664 kB
Mem:          3.8G       3.7G       123M       5.7M        22M       3.3G

MemTotal:        4016004 kB
MemFree:          132472 kB
Active:           434672 kB
Mem:          3.8G       3.7G       128M       5.7M        22M       3.3G

MemTotal:        4016004 kB
MemFree:          140836 kB
Active:           432244 kB
Mem:          3.8G       3.7G       137M       5.7M        22M       3.2G

MemTotal:        4016004 kB
MemFree:          111976 kB
Active:           432248 kB
Mem:          3.8G       3.7G       109M       5.7M        22M       3.3G

MemTotal:        4016004 kB
MemFree:          122008 kB
Active:           429816 kB
Mem:          3.8G       3.7G       118M       5.7M        22M       3.3G

MemTotal:        4016004 kB
MemFree:          126748 kB
Active:           428260 kB
Mem:          3.8G       3.7G       123M       5.7M        22M       3.3G

MemTotal:        4016004 kB
MemFree:          136008 kB
Active:           427016 kB
Mem:          3.8G       3.7G       132M       5.7M        22M       3.3G

MemTotal:        4016004 kB
MemFree:          122720 kB
Active:           426132 kB
Mem:          3.8G       3.7G       119M       5.7M        22M       3.3G

MemTotal:        4016004 kB
MemFree:          121912 kB
Active:           425992 kB
Mem:          3.8G       3.7G       118M       5.7M        22M       3.3G

MemTotal:        4016004 kB
MemFree:          120860 kB
Active:           426016 kB
Mem:          3.8G       3.7G       117M       5.7M        22M       3.3G

MemTotal:        4016004 kB
MemFree:          120212 kB
Active:           425996 kB
Mem:          3.8G       3.7G       117M       5.7M        22M       3.3G

MemTotal:        4016004 kB
MemFree:          104860 kB
Active:           426024 kB
Mem:          3.8G       3.7G       102M       5.7M        22M       3.3G

MemTotal:        4016004 kB
MemFree:          106684 kB
Active:           422700 kB
Mem:          3.8G       3.7G       103M       5.7M        22M       3.3G

MemTotal:        4016004 kB
MemFree:          124128 kB
Active:           417584 kB
Mem:          3.8G       3.7G       121M       5.7M        22M       3.3G

MemTotal:        4016004 kB
MemFree:          132856 kB
Active:           412984 kB
Mem:          3.8G       3.7G       130M       5.7M        22M       3.3G

MemTotal:        4016004 kB
MemFree:          113932 kB
Active:           412984 kB
Mem:          3.8G       3.7G       111M       5.7M        22M       3.3G

MemTotal:        4016004 kB
MemFree:          127568 kB
Active:           410432 kB
Mem:          3.8G       3.7G       124M       5.7M        22M       3.3G

MemTotal:        4016004 kB
MemFree:          126436 kB
Active:           408772 kB
Mem:          3.8G       3.7G       123M       5.7M        22M       3.3G

MemTotal:        4016004 kB
MemFree:          140676 kB
Active:           407328 kB
Mem:          3.8G       3.7G       137M       5.7M        22M       3.2G

MemTotal:        4016004 kB
MemFree:          140224 kB
Active:           407336 kB
Mem:          3.8G       3.7G       136M       5.7M        22M       3.2G

MemTotal:        4016004 kB
MemFree:          138456 kB
Active:           407388 kB
Mem:          3.8G       3.7G       134M       5.7M        22M       3.2G

MemTotal:        4016004 kB
MemFree:          137732 kB
Active:           407388 kB
Mem:          3.8G       3.7G       134M       5.7M        22M       3.2G

MemTotal:        4016004 kB
MemFree:          136776 kB
Active:           407392 kB
Mem:          3.8G       3.7G       133M       5.7M        22M       3.2G

MemTotal:        4016004 kB
MemFree:          123176 kB
Active:           405604 kB
Mem:          3.8G       3.7G       120M       5.7M        22M       3.3G

MemTotal:        4016004 kB
MemFree:          140716 kB
Active:           402404 kB
Mem:          3.8G       3.7G       137M       5.7M        22M       3.2G

MemTotal:        4016004 kB
MemFree:          142660 kB
Active:           397928 kB
Mem:          3.8G       3.7G       139M       5.7M        22M       3.2G

MemTotal:        4016004 kB
MemFree:          134068 kB
Active:           395500 kB
Mem:          3.8G       3.7G       130M       5.7M        22M       3.3G

MemTotal:        4016004 kB
MemFree:          134984 kB
Active:           393716 kB
Mem:          3.8G       3.7G       131M       5.7M        22M       3.2G

MemTotal:        4016004 kB
MemFree:          121996 kB
Active:           393204 kB
Mem:          3.8G       3.7G       119M       5.7M        22M       3.3G

MemTotal:        4016004 kB
MemFree:          138328 kB
Active:           390520 kB
Mem:          3.8G       3.7G       134M       5.7M        22M       3.2G

MemTotal:        4016004 kB
MemFree:          127108 kB
Active:           390512 kB
Mem:          3.8G       3.7G       123M       5.7M        22M       3.3G

MemTotal:        4016004 kB
MemFree:          106180 kB
Active:           390512 kB
Mem:          3.8G       3.7G       103M       5.7M        22M       3.3G

MemTotal:        4016004 kB
MemFree:          105904 kB
Active:           390516 kB
Mem:          3.8G       3.7G       103M       5.7M        22M       3.3G

MemTotal:        4016004 kB
MemFree:          128532 kB
Active:           390012 kB
Mem:          3.8G       3.7G       125M       5.7M        22M       3.3G

MemTotal:        4016004 kB
MemFree:          128120 kB
Active:           389884 kB
Mem:          3.8G       3.7G       124M       5.7M        22M       3.3G

MemTotal:        4016004 kB
MemFree:          133512 kB
Active:           387584 kB
Mem:          3.8G       3.7G       130M       5.7M        22M       3.3G

MemTotal:        4016004 kB
MemFree:          107016 kB
Active:           385280 kB
Mem:          3.8G       3.7G       104M       5.7M        22M       3.3G

MemTotal:        4016004 kB
MemFree:          119900 kB
Active:           379056 kB
Mem:          3.8G       3.7G       116M       5.7M        22M       3.3G

MemTotal:        4016004 kB
MemFree:          123484 kB
Active:           379056 kB
Mem:          3.8G       3.7G       120M       5.7M        22M       3.3G

MemTotal:        4016004 kB
MemFree:          127688 kB
Active:           379048 kB
Mem:          3.8G       3.7G       124M       5.7M        22M       3.3G

MemTotal:        4016004 kB
MemFree:          140032 kB
Active:           379068 kB
Mem:          3.8G       3.7G       136M       5.7M        22M       3.2G

MemTotal:        4016004 kB
MemFree:          112476 kB
Active:           379068 kB
Mem:          3.8G       3.7G       109M       5.7M        22M       3.3G

MemTotal:        4016004 kB
MemFree:          105000 kB
Active:           379072 kB
Mem:          3.8G       3.7G       125M       5.7M        22M       3.3G

MemTotal:        4016004 kB
MemFree:          121636 kB
Active:           378980 kB
Mem:          3.8G       3.7G       118M       5.7M        22M       3.3G

MemTotal:        4016004 kB
MemFree:          128388 kB
Active:           378984 kB
Mem:          3.8G       3.7G       125M       5.7M        22M       3.3G

MemTotal:        4016004 kB
MemFree:          128296 kB
Active:           379004 kB
Mem:          3.8G       3.7G       125M       5.7M        22M       3.3G

MemTotal:        4016004 kB
MemFree:          124756 kB
Active:           379016 kB
Mem:          3.8G       3.7G       121M       5.7M        22M       3.3G

MemTotal:        4016004 kB
MemFree:          124292 kB
Active:           379016 kB
Mem:          3.8G       3.7G       121M       5.7M        22M       3.3G

MemTotal:        4016004 kB
MemFree:          117740 kB
Active:           379020 kB
Mem:          3.8G       3.7G       115M       5.7M        22M       3.3G

MemTotal:        4016004 kB
MemFree:          105480 kB
Active:           379024 kB
Mem:          3.8G       3.7G       102M       5.7M        22M       3.3G

MemTotal:        4016004 kB
MemFree:          146072 kB
Active:           378884 kB
Mem:          3.8G       3.7G       142M       5.7M        22M       3.2G

MemTotal:        4016004 kB
MemFree:          145224 kB
Active:           378884 kB
Mem:          3.8G       3.7G       138M       5.7M        22M       3.2G

MemTotal:        4016004 kB
MemFree:          122800 kB
Active:           378788 kB
Mem:          3.8G       3.7G       119M       5.7M        22M       3.3G

MemTotal:        4016004 kB
MemFree:          129128 kB
Active:           378956 kB
Mem:          3.8G       3.7G       125M       5.7M        22M       3.3G

MemTotal:        4016004 kB
MemFree:          138064 kB
Active:           378956 kB
Mem:          3.8G       3.7G       134M       5.7M        22M       3.2G

MemTotal:        4016004 kB
MemFree:          129688 kB
Active:           378932 kB
Mem:          3.8G       3.7G       126M       5.7M        22M       3.3G

MemTotal:        4016004 kB
MemFree:          137544 kB
Active:           378932 kB
Mem:          3.8G       3.7G       134M       5.7M        22M       3.2G

MemTotal:        4016004 kB
MemFree:          137512 kB
Active:           378912 kB
Mem:          3.8G       3.7G       134M       5.7M        22M       3.2G

MemTotal:        4016004 kB
MemFree:          137640 kB
Active:           378900 kB
Mem:          3.8G       3.7G       134M       5.7M        22M       3.2G

MemTotal:        4016004 kB
MemFree:          137736 kB
Active:           378932 kB
Mem:          3.8G       3.7G       134M       5.7M        22M       3.2G

MemTotal:        4016004 kB
MemFree:          134664 kB
Active:           380404 kB
Mem:          3.8G       3.7G       131M       5.7M        22M       3.2G

MemTotal:        4016004 kB
MemFree:          126448 kB
Active:           379896 kB
Mem:          3.8G       3.7G       123M       5.7M        22M       3.3G

MemTotal:        4016004 kB
MemFree:          122292 kB
Active:           379896 kB
Mem:          3.8G       3.7G       119M       5.7M        22M       3.3G

MemTotal:        4016004 kB
MemFree:          134544 kB
Active:           373860 kB
Mem:          3.8G       3.7G       131M       5.7M        22M       3.2G

MemTotal:        4016004 kB
MemFree:          128928 kB
Active:           373872 kB
Mem:          3.8G       3.7G       126M       5.7M        22M       3.3G

MemTotal:        4016004 kB
MemFree:          139960 kB
Active:           373872 kB
Mem:          3.8G       3.7G       136M       5.7M        22M       3.2G

MemTotal:        4016004 kB
MemFree:          134672 kB
Active:           373872 kB
Mem:          3.8G       3.7G       131M       5.7M        22M       3.2G

MemTotal:        4016004 kB
MemFree:          114628 kB
Active:           373880 kB
Mem:          3.8G       3.7G       111M       5.7M        22M       3.3G

MemTotal:        4016004 kB
MemFree:          138680 kB
Active:           373892 kB
Mem:          3.8G       3.7G       135M       5.7M        22M       3.2G

MemTotal:        4016004 kB
MemFree:          136848 kB
Active:           373908 kB
Mem:          3.8G       3.7G       133M       5.7M        22M       3.2G

MemTotal:        4016004 kB
MemFree:          135100 kB
Active:           374756 kB
Mem:          3.8G       3.7G       131M       5.7M        22M       3.2G

MemTotal:        4016004 kB
MemFree:          134624 kB
Active:           376776 kB
Mem:          3.8G       3.7G       131M       5.7M        22M       3.2G

MemTotal:        4016004 kB
MemFree:          134892 kB
Active:           374168 kB
Mem:          3.8G       3.7G       131M       5.7M        22M       3.2G

MemTotal:        4016004 kB
MemFree:          127368 kB
Active:           373720 kB
Mem:          3.8G       3.7G       124M       5.7M        22M       3.3G

MemTotal:        4016004 kB
MemFree:          128596 kB
Active:           373720 kB
Mem:          3.8G       3.7G       124M       5.7M        22M       3.3G

MemTotal:        4016004 kB
MemFree:          137192 kB
Active:           371624 kB
Mem:          3.8G       3.7G       133M       5.7M        22M       3.2G

MemTotal:        4016004 kB
MemFree:          136420 kB
Active:           371516 kB
Mem:          3.8G       3.7G       133M       5.7M        22M       3.2G

MemTotal:        4016004 kB
MemFree:          111072 kB
Active:           371484 kB
Mem:          3.8G       3.7G       107M       5.7M        22M       3.3G

MemTotal:        4016004 kB
MemFree:          134116 kB
Active:           371548 kB
Mem:          3.8G       3.7G       130M       5.7M        22M       3.2G

MemTotal:        4016004 kB
MemFree:          135000 kB
Active:           371548 kB
Mem:          3.8G       3.7G       132M       5.7M        22M       3.2G

MemTotal:        4016004 kB
MemFree:          135936 kB
Active:           373608 kB
Mem:          3.8G       3.7G       132M       5.7M        22M       3.2G

MemTotal:        4016004 kB
MemFree:          134664 kB
Active:           373556 kB
Mem:          3.8G       3.7G       131M       5.7M        22M       3.2G

MemTotal:        4016004 kB
MemFree:          133644 kB
Active:           373604 kB
Mem:          3.8G       3.7G       130M       5.7M        22M       3.2G

MemTotal:        4016004 kB
MemFree:          133496 kB
Active:           373608 kB
Mem:          3.8G       3.7G       130M       5.7M        22M       3.2G

MemTotal:        4016004 kB
MemFree:          111984 kB
Active:           373564 kB
Mem:          3.8G       3.7G       109M       5.7M        22M       3.3G

MemTotal:        4016004 kB
MemFree:          143772 kB
Active:           372592 kB
Mem:          3.8G       3.7G       139M       5.7M        22M       3.2G

MemTotal:        4016004 kB
MemFree:          135312 kB
Active:           371684 kB
Mem:          3.8G       3.7G       131M       5.7M        22M       3.2G

MemTotal:        4016004 kB
MemFree:          143688 kB
Active:           371684 kB
Mem:          3.8G       3.7G       140M       5.7M        22M       3.2G

MemTotal:        4016004 kB
MemFree:          127152 kB
Active:           371632 kB
Mem:          3.8G       3.7G       124M       5.7M        22M       3.3G

MemTotal:        4016004 kB
MemFree:          132124 kB
Active:           371692 kB
Mem:          3.8G       3.7G       129M       5.7M        22M       3.2G

MemTotal:        4016004 kB
MemFree:          122700 kB
Active:           371692 kB
Mem:          3.8G       3.7G       120M       5.7M        22M       3.3G

MemTotal:        4016004 kB
MemFree:          134600 kB
Active:           359308 kB
Mem:          3.8G       3.7G       130M       5.7M        22M       3.2G

MemTotal:        4016004 kB
MemFree:          134988 kB
Active:           359152 kB
Mem:          3.8G       3.7G       131M       5.7M        22M       3.2G

MemTotal:        4016004 kB
MemFree:          133840 kB
Active:           359164 kB
Mem:          3.8G       3.7G       130M       5.7M        22M       3.2G

MemTotal:        4016004 kB
MemFree:          131920 kB
Active:           359128 kB
Mem:          3.8G       3.7G       128M       5.7M        22M       3.2G

MemTotal:        4016004 kB
MemFree:          130972 kB
Active:           359168 kB
Mem:          3.8G       3.7G       127M       5.7M        22M       3.2G

MemTotal:        4016004 kB
MemFree:          127136 kB
Active:           359168 kB
Mem:          3.8G       3.7G       123M       5.7M        22M       3.2G

MemTotal:        4016004 kB
MemFree:          135800 kB
Active:           359176 kB
Mem:          3.8G       3.7G       132M       5.7M        22M       3.2G

MemTotal:        4016004 kB
MemFree:          138528 kB
Active:           359176 kB
Mem:          3.8G       3.7G       135M       5.7M        22M       3.2G

MemTotal:        4016004 kB
MemFree:          131680 kB
Active:           359184 kB
Mem:          3.8G       3.7G       128M       5.7M        22M       3.2G

MemTotal:        4016004 kB
MemFree:          137200 kB
Active:           359184 kB
Mem:          3.8G       3.7G       133M       5.7M        22M       3.2G

MemTotal:        4016004 kB
MemFree:          146352 kB
Active:           356988 kB
Mem:          3.8G       3.7G       142M       5.7M        22M       3.2G

MemTotal:        4016004 kB
MemFree:          122224 kB
Active:           356952 kB
Mem:          3.8G       3.7G       119M       5.7M        22M       3.3G

MemTotal:        4016004 kB
MemFree:          121504 kB
Active:           356964 kB
Mem:          3.8G       3.7G       118M       5.7M        22M       3.3G

MemTotal:        4016004 kB
MemFree:          120028 kB
Active:           356964 kB
Mem:          3.8G       3.7G       116M       5.7M        22M       3.3G

MemTotal:        4016004 kB
MemFree:          130256 kB
Active:           356848 kB
Mem:          3.8G       3.7G       127M       5.7M        22M       3.2G

MemTotal:        4016004 kB
MemFree:          129656 kB
Active:           356828 kB
Mem:          3.8G       3.7G       126M       5.7M        22M       3.2G

MemTotal:        4016004 kB
MemFree:          128280 kB
Active:           356812 kB
Mem:          3.8G       3.7G       124M       5.7M        22M       3.2G

MemTotal:        4016004 kB
MemFree:          127508 kB
Active:           356848 kB
Mem:          3.8G       3.7G       124M       5.7M        22M       3.2G

MemTotal:        4016004 kB
MemFree:          122732 kB
Active:           356864 kB
Mem:          3.8G       3.7G       119M       5.7M        22M       3.3G

MemTotal:        4016004 kB
MemFree:          114560 kB
Active:           358156 kB
Mem:          3.8G       3.7G       111M       5.7M        22M       3.3G

MemTotal:        4016004 kB
MemFree:          119916 kB
Active:           357900 kB
Mem:          3.8G       3.7G       117M       5.7M        22M       3.3G

MemTotal:        4016004 kB
MemFree:          138212 kB
Active:           355084 kB
Mem:          3.8G       3.7G       134M       5.7M        22M       3.2G

MemTotal:        4016004 kB
MemFree:          115732 kB
Active:           355068 kB
Mem:          3.8G       3.7G       112M       5.7M        22M       3.3G

MemTotal:        4016004 kB
MemFree:          128952 kB
Active:           355096 kB
Mem:          3.8G       3.7G       125M       5.7M        22M       3.2G

MemTotal:        4016004 kB
MemFree:          111084 kB
Active:           355108 kB
Mem:          3.8G       3.7G       107M       5.7M        22M       3.3G

MemTotal:        4016004 kB
MemFree:          128188 kB
Active:           355116 kB
Mem:          3.8G       3.7G       124M       5.7M        22M       3.2G

MemTotal:        4016004 kB
MemFree:          126544 kB
Active:           355128 kB
Mem:          3.8G       3.7G       123M       5.7M        22M       3.2G

MemTotal:        4016004 kB
MemFree:          125368 kB
Active:           355128 kB
Mem:          3.8G       3.7G       122M       5.7M        22M       3.2G

MemTotal:        4016004 kB
MemFree:          124736 kB
Active:           355080 kB
Mem:          3.8G       3.7G       121M       5.7M        22M       3.2G

MemTotal:        4016004 kB
MemFree:          119448 kB
Active:           355136 kB
Mem:          3.8G       3.7G       116M       5.7M        22M       3.3G

MemTotal:        4016004 kB
MemFree:          113024 kB
Active:           355140 kB
Mem:          3.8G       3.7G       109M       5.7M        22M       3.3G

MemTotal:        4016004 kB
MemFree:          116964 kB
Active:           355144 kB
Mem:          3.8G       3.7G       113M       5.7M        22M       3.3G

MemTotal:        4016004 kB
MemFree:          138812 kB
Active:           351564 kB
Mem:          3.8G       3.7G       135M       5.7M        22M       3.2G

MemTotal:        4016004 kB
MemFree:          132932 kB
Active:           351568 kB
Mem:          3.8G       3.7G       129M       5.7M        22M       3.2G

MemTotal:        4016004 kB
MemFree:          116856 kB
Active:           351576 kB
Mem:          3.8G       3.7G       113M       5.7M        22M       3.3G

MemTotal:        4016004 kB
MemFree:          138528 kB
Active:           351592 kB
Mem:          3.8G       3.7G       135M       5.7M        22M       3.2G

MemTotal:        4016004 kB
MemFree:          112584 kB
Active:           351592 kB
Mem:          3.8G       3.7G       109M       5.7M        22M       3.3G

MemTotal:        4016004 kB
MemFree:          111156 kB
Active:           351592 kB
Mem:          3.8G       3.7G       108M       5.7M        22M       3.3G

MemTotal:        4016004 kB
MemFree:          109576 kB
Active:           351592 kB
Mem:          3.8G       3.7G       106M       5.7M        22M       3.3G

MemTotal:        4016004 kB
MemFree:          108776 kB
Active:           351560 kB
Mem:          3.8G       3.7G       105M       5.7M        22M       3.3G

MemTotal:        4016004 kB
MemFree:          124428 kB
Active:           351596 kB
Mem:          3.8G       3.7G       121M       5.7M        22M       3.2G

MemTotal:        4016004 kB
MemFree:          133604 kB
Active:           351596 kB
Mem:          3.8G       3.7G       129M       5.7M        22M       3.2G

MemTotal:        4016004 kB
MemFree:          118476 kB
Active:           351596 kB
Mem:          3.8G       3.7G       115M       5.7M        22M       3.3G

MemTotal:        4016004 kB
MemFree:          133588 kB
Active:           351596 kB
Mem:          3.8G       3.7G       130M       5.7M        22M       3.2G

MemTotal:        4016004 kB
MemFree:          131188 kB
Active:           305836 kB
Mem:          3.8G       3.7G       127M       5.7M        22M       3.2G

MemTotal:        4016004 kB
MemFree:          105236 kB
Active:           305724 kB
Mem:          3.8G       3.7G       102M       5.7M        22M       3.3G

MemTotal:        4016004 kB
MemFree:          144400 kB
Active:           305724 kB
Mem:          3.8G       3.7G       140M       5.7M        22M       3.2G

MemTotal:        4016004 kB
MemFree:          120280 kB
Active:           305724 kB
Mem:          3.8G       3.7G       117M       5.7M        22M       3.2G

MemTotal:        4016004 kB
MemFree:          118128 kB
Active:           305740 kB
Mem:          3.8G       3.7G       115M       5.7M        22M       3.3G

MemTotal:        4016004 kB
MemFree:          118012 kB
Active:           305692 kB
Mem:          3.8G       3.7G       114M       5.7M        22M       3.3G

MemTotal:        4016004 kB
MemFree:          118264 kB
Active:           305720 kB
Mem:          3.8G       3.7G       115M       5.7M        22M       3.3G

MemTotal:        4016004 kB
MemFree:          117404 kB
Active:           305744 kB
Mem:          3.8G       3.7G       114M       5.7M        22M       3.3G

MemTotal:        4016004 kB
MemFree:          110468 kB
Active:           305748 kB
Mem:          3.8G       3.7G       108M       5.7M        22M       3.3G

MemTotal:        4016004 kB
MemFree:          126340 kB
Active:           305748 kB
Mem:          3.8G       3.7G       123M       5.7M        22M       3.2G

MemTotal:        4016004 kB
MemFree:          122624 kB
Active:           305748 kB
Mem:          3.8G       3.7G       119M       5.7M        22M       3.2G

MemTotal:        4016004 kB
MemFree:          105352 kB
Active:           305760 kB
Mem:          3.8G       3.7G       102M       5.7M        22M       3.3G

MemTotal:        4016004 kB
MemFree:          126788 kB
Active:           305744 kB
Mem:          3.8G       3.7G       123M       5.7M        22M       3.2G

MemTotal:        4016004 kB
MemFree:          131428 kB
Active:           305772 kB
Mem:          3.8G       3.7G       127M       5.7M        22M       3.2G

MemTotal:        4016004 kB
MemFree:          105228 kB
Active:           305772 kB
Mem:          3.8G       3.7G       102M       5.7M        22M       3.3G

MemTotal:        4016004 kB
MemFree:          128716 kB
Active:           305776 kB
Mem:          3.8G       3.7G       125M       5.7M        22M       3.2G

MemTotal:        4016004 kB
MemFree:          127632 kB
Active:           305776 kB
Mem:          3.8G       3.7G       124M       5.7M        22M       3.2G

MemTotal:        4016004 kB
MemFree:          125924 kB
Active:           305828 kB
Mem:          3.8G       3.7G       122M       5.7M        22M       3.2G

MemTotal:        4016004 kB
MemFree:          119088 kB
Active:           302700 kB
Mem:          3.8G       3.7G       121M       5.7M        22M       3.2G

MemTotal:        4016004 kB
MemFree:          143440 kB
Active:           302544 kB
Mem:          3.8G       3.7G       140M       5.7M        22M       3.2G

MemTotal:        4016004 kB
MemFree:          143812 kB
Active:           302544 kB
Mem:          3.8G       3.7G       140M       5.7M        22M       3.2G

MemTotal:        4016004 kB
MemFree:          143812 kB
Active:           302544 kB
Mem:          3.8G       3.7G       140M       5.7M        22M       3.2G

MemTotal:        4016004 kB
MemFree:          144184 kB
Active:           302532 kB
Mem:          3.8G       3.7G       140M       5.7M        22M       3.2G

MemTotal:        4016004 kB
MemFree:          144060 kB
Active:           302500 kB
Mem:          3.8G       3.7G       140M       5.7M        22M       3.2G

MemTotal:        4016004 kB
MemFree:          144308 kB
Active:           302536 kB
Mem:          3.8G       3.7G       140M       5.7M        22M       3.2G

MemTotal:        4016004 kB
MemFree:          143812 kB
Active:           302552 kB
Mem:          3.8G       3.7G       140M       5.7M        22M       3.2G

MemTotal:        4016004 kB
MemFree:          144432 kB
Active:           302528 kB
Mem:          3.8G       3.7G       141M       5.7M        22M       3.2G

MemTotal:        4016004 kB
MemFree:          144432 kB
Active:           302552 kB
Mem:          3.8G       3.7G       140M       5.7M        22M       3.2G

MemTotal:        4016004 kB
MemFree:          144432 kB
Active:           302532 kB
Mem:          3.8G       3.7G       140M       5.7M        22M       3.2G

MemTotal:        4016004 kB
MemFree:          144184 kB
Active:           302552 kB
Mem:          3.8G       3.7G       140M       5.7M        22M       3.2G

MemTotal:        4016004 kB
MemFree:          144308 kB
Active:           302504 kB
Mem:          3.8G       3.7G       140M       5.7M        22M       3.2G

MemTotal:        4016004 kB
MemFree:          144680 kB
Active:           302532 kB
Mem:          3.8G       3.7G       141M       5.7M        22M       3.2G

MemTotal:        4016004 kB
MemFree:          144364 kB
Active:           302352 kB
Mem:          3.8G       3.7G       140M       5.7M        22M       3.2G

MemTotal:        4016004 kB
MemFree:          144364 kB
Active:           302332 kB
Mem:          3.8G       3.7G       140M       5.7M        22M       3.2G

MemTotal:        4016004 kB
MemFree:          144364 kB
Active:           302344 kB
Mem:          3.8G       3.7G       140M       5.7M        22M       3.2G

MemTotal:        4016004 kB
MemFree:          144612 kB
Active:           302368 kB
Mem:          3.8G       3.7G       141M       5.7M        22M       3.2G

MemTotal:        4016004 kB
MemFree:          144736 kB
Active:           302380 kB
Mem:          3.8G       3.7G       141M       5.7M        22M       3.2G

MemTotal:        4016004 kB
MemFree:          144736 kB
Active:           302360 kB
Mem:          3.8G       3.7G       141M       5.7M        22M       3.2G

MemTotal:        4016004 kB
MemFree:          144736 kB
Active:           302392 kB
Mem:          3.8G       3.7G       141M       5.7M        22M       3.2G

MemTotal:        4016004 kB
MemFree:          144860 kB
Active:           302344 kB
Mem:          3.8G       3.7G       141M       5.7M        22M       3.2G

MemTotal:        4016004 kB
MemFree:          144612 kB
Active:           302344 kB
Mem:          3.8G       3.7G       141M       5.7M        22M       3.2G

MemTotal:        4016004 kB
MemFree:          144736 kB
Active:           302376 kB
Mem:          3.8G       3.7G       141M       5.7M        22M       3.2G

MemTotal:        4016004 kB
MemFree:          144736 kB
Active:           302392 kB
Mem:          3.8G       3.7G       141M       5.7M        22M       3.2G

MemTotal:        4016004 kB
MemFree:          144364 kB
Active:           302416 kB
Mem:          3.8G       3.7G       141M       5.7M        22M       3.2G

MemTotal:        4016004 kB
MemFree:          144720 kB
Active:           302412 kB
Mem:          3.8G       3.7G       141M       5.7M        22M       3.2G

MemTotal:        4016004 kB
MemFree:          144752 kB
Active:           302392 kB
Mem:          3.8G       3.7G       141M       5.7M        22M       3.2G

MemTotal:        4016004 kB
MemFree:          144504 kB
Active:           302432 kB
Mem:          3.8G       3.7G       141M       5.7M        22M       3.2G

MemTotal:        4016004 kB
MemFree:          144132 kB
Active:           302436 kB
Mem:          3.8G       3.7G       140M       5.7M        22M       3.2G

MemTotal:        4016004 kB
MemFree:          144628 kB
Active:           302420 kB
Mem:          3.8G       3.7G       141M       5.7M        22M       3.2G

MemTotal:        4016004 kB
MemFree:          144380 kB
Active:           302436 kB
Mem:          3.8G       3.7G       141M       5.7M        22M       3.2G

MemTotal:        4016004 kB
MemFree:          144132 kB
Active:           302444 kB
Mem:          3.8G       3.7G       140M       5.7M        22M       3.2G

MemTotal:        4016004 kB
MemFree:          144256 kB
Active:           302388 kB
Mem:          3.8G       3.7G       140M       5.7M        22M       3.2G

MemTotal:        4016004 kB
MemFree:          144804 kB
Active:           302420 kB
Mem:          3.8G       3.7G       141M       5.7M        22M       3.2G

MemTotal:        4016004 kB
MemFree:          144928 kB
Active:           302432 kB
Mem:          3.8G       3.7G       141M       5.7M        22M       3.2G

MemTotal:        4016004 kB
MemFree:          144556 kB
Active:           302444 kB
Mem:          3.8G       3.7G       141M       5.7M        22M       3.2G

MemTotal:        4016004 kB
MemFree:          144804 kB
Active:           302412 kB
Mem:          3.8G       3.7G       141M       5.7M        22M       3.2G

MemTotal:        4016004 kB
MemFree:          144432 kB
Active:           302460 kB
Mem:          3.8G       3.7G       141M       5.7M        22M       3.2G

MemTotal:        4016004 kB
MemFree:          144680 kB
Active:           302412 kB
Mem:          3.8G       3.7G       141M       5.7M        22M       3.2G

MemTotal:        4016004 kB
MemFree:          145052 kB
Active:           302448 kB
Mem:          3.8G       3.7G       141M       5.7M        22M       3.2G

MemTotal:        4016004 kB
MemFree:          144556 kB
Active:           302428 kB
Mem:          3.8G       3.7G       141M       5.7M        22M       3.2G

MemTotal:        4016004 kB
MemFree:          144184 kB
Active:           302468 kB
Mem:          3.8G       3.7G       141M       5.7M        22M       3.2G

MemTotal:        4016004 kB
MemFree:          144680 kB
Active:           302440 kB
Mem:          3.8G       3.7G       141M       5.7M        22M       3.2G

MemTotal:        4016004 kB
MemFree:          144804 kB
Active:           302420 kB
Mem:          3.8G       3.7G       141M       5.7M        22M       3.2G

MemTotal:        4016004 kB
MemFree:          144680 kB
Active:           302452 kB
Mem:          3.8G       3.7G       141M       5.7M        22M       3.2G

MemTotal:        4016004 kB
MemFree:          144804 kB
Active:           302428 kB
Mem:          3.8G       3.7G       141M       5.7M        22M       3.2G

MemTotal:        4016004 kB
MemFree:          144804 kB
Active:           302452 kB
Mem:          3.8G       3.7G       141M       5.7M        22M       3.2G

MemTotal:        4016004 kB
MemFree:          145176 kB
Active:           302464 kB
Mem:          3.8G       3.7G       141M       5.7M        22M       3.2G

MemTotal:        4016004 kB
MemFree:          145300 kB
Active:           302440 kB
Mem:          3.8G       3.7G       141M       5.7M        22M       3.2G

MemTotal:        4016004 kB
MemFree:          145300 kB
Active:           302460 kB
Mem:          3.8G       3.7G       141M       5.7M        22M       3.2G

MemTotal:        4016004 kB
MemFree:          145176 kB
Active:           302424 kB
Mem:          3.8G       3.7G       141M       5.7M        22M       3.2G

MemTotal:        4016004 kB
MemFree:          144680 kB
Active:           302444 kB
Mem:          3.8G       3.7G       141M       5.7M        22M       3.2G

MemTotal:        4016004 kB
MemFree:          144556 kB
Active:           302500 kB
Mem:          3.8G       3.7G       141M       5.7M        22M       3.2G

MemTotal:        4016004 kB
MemFree:          144928 kB
Active:           302492 kB
Mem:          3.8G       3.7G       141M       5.7M        22M       3.2G

MemTotal:        4016004 kB
MemFree:          144928 kB
Active:           302480 kB
Mem:          3.8G       3.7G       141M       5.7M        22M       3.2G

MemTotal:        4016004 kB
MemFree:          144804 kB
Active:           302500 kB
Mem:          3.8G       3.7G       141M       5.7M        22M       3.2G

MemTotal:        4016004 kB
MemFree:          144804 kB
Active:           302480 kB
Mem:          3.8G       3.7G       141M       5.7M        22M       3.2G

MemTotal:        4016004 kB
MemFree:          144928 kB
Active:           302464 kB
Mem:          3.8G       3.7G       141M       5.7M        22M       3.2G

MemTotal:        4016004 kB
MemFree:          145056 kB
Active:           302492 kB
Mem:          3.8G       3.7G       141M       5.7M        22M       3.2G

MemTotal:        4016004 kB
MemFree:          145056 kB
Active:           302516 kB
Mem:          3.8G       3.7G       141M       5.7M        22M       3.2G

MemTotal:        4016004 kB
MemFree:          144932 kB
Active:           302500 kB
Mem:          3.8G       3.7G       141M       5.7M        22M       3.2G

MemTotal:        4016004 kB
MemFree:          145056 kB
Active:           302484 kB
Mem:          3.8G       3.7G       141M       5.7M        22M       3.2G

MemTotal:        4016004 kB
MemFree:          145180 kB
Active:           302508 kB
Mem:          3.8G       3.7G       141M       5.7M        22M       3.2G

MemTotal:        4016004 kB
MemFree:          145056 kB
Active:           302504 kB
Mem:          3.8G       3.7G       141M       5.7M        22M       3.2G

MemTotal:        4016004 kB
MemFree:          145180 kB
Active:           302464 kB
Mem:          3.8G       3.7G       141M       5.7M        22M       3.2G

MemTotal:        4016004 kB
MemFree:          145180 kB
Active:           302472 kB
Mem:          3.8G       3.7G       141M       5.7M        22M       3.2G

MemTotal:        4016004 kB
MemFree:          144684 kB
Active:           302516 kB
Mem:          3.8G       3.7G       141M       5.7M        22M       3.2G

MemTotal:        4016004 kB
MemFree:          145056 kB
Active:           302512 kB
Mem:          3.8G       3.7G       141M       5.7M        22M       3.2G

MemTotal:        4016004 kB
MemFree:          144808 kB
Active:           302628 kB
Mem:          3.8G       3.7G       140M       5.7M        22M       3.2G

MemTotal:        4016004 kB
MemFree:          144064 kB
Active:           302652 kB
Mem:          3.8G       3.7G       140M       5.7M        22M       3.2G

MemTotal:        4016004 kB
MemFree:          144312 kB
Active:           302656 kB
Mem:          3.8G       3.7G       141M       5.7M        22M       3.2G

MemTotal:        4016004 kB
MemFree:          144436 kB
Active:           302652 kB
Mem:          3.8G       3.7G       141M       5.7M        22M       3.2G

MemTotal:        4016004 kB
MemFree:          144684 kB
Active:           302624 kB
Mem:          3.8G       3.7G       141M       5.7M        22M       3.2G

MemTotal:        4016004 kB
MemFree:          144932 kB
Active:           302632 kB
Mem:          3.8G       3.7G       141M       5.7M        22M       3.2G

MemTotal:        4016004 kB
MemFree:          145088 kB
Active:           302656 kB
Mem:          3.8G       3.7G       141M       5.7M        22M       3.2G

MemTotal:        4016004 kB
MemFree:          145088 kB
Active:           302612 kB
Mem:          3.8G       3.7G       141M       5.7M        22M       3.2G

MemTotal:        4016004 kB
MemFree:          144716 kB
Active:           302668 kB
Mem:          3.8G       3.7G       141M       5.7M        22M       3.2G

MemTotal:        4016004 kB
MemFree:          144592 kB
Active:           302668 kB
Mem:          3.8G       3.7G       141M       5.7M        22M       3.2G

MemTotal:        4016004 kB
MemFree:          144964 kB
Active:           302620 kB
Mem:          3.8G       3.7G       141M       5.7M        22M       3.2G

MemTotal:        4016004 kB
MemFree:          144840 kB
Active:           302624 kB
Mem:          3.8G       3.7G       141M       5.7M        22M       3.2G

MemTotal:        4016004 kB
MemFree:          144468 kB
Active:           302668 kB
Mem:          3.8G       3.7G       140M       5.7M        22M       3.2G

MemTotal:        4016004 kB
MemFree:          144468 kB
Active:           302616 kB
Mem:          3.8G       3.7G       140M       5.7M        22M       3.2G

MemTotal:        4016004 kB
MemFree:          144592 kB
Active:           302652 kB
Mem:          3.8G       3.7G       141M       5.7M        22M       3.2G

MemTotal:        4016004 kB
MemFree:          144840 kB
Active:           302616 kB
Mem:          3.8G       3.7G       141M       5.7M        22M       3.2G

MemTotal:        4016004 kB
MemFree:          144716 kB
Active:           302636 kB
Mem:          3.8G       3.7G       141M       5.7M        22M       3.2G

MemTotal:        4016004 kB
MemFree:          144840 kB
Active:           302664 kB
Mem:          3.8G       3.7G       141M       5.7M        22M       3.2G

MemTotal:        4016004 kB
MemFree:          144964 kB
Active:           302624 kB
Mem:          3.8G       3.7G       141M       5.7M        22M       3.2G

MemTotal:        4016004 kB
MemFree:          144964 kB
Active:           302644 kB
Mem:          3.8G       3.7G       141M       5.7M        22M       3.2G

MemTotal:        4016004 kB
MemFree:          144964 kB
Active:           302664 kB
Mem:          3.8G       3.7G       141M       5.7M        22M       3.2G

MemTotal:        4016004 kB
MemFree:          144096 kB
Active:           302660 kB
Mem:          3.8G       3.7G       140M       5.7M        22M       3.2G

MemTotal:        4016004 kB
MemFree:          144096 kB
Active:           302628 kB
Mem:          3.8G       3.7G       140M       5.7M        22M       3.2G

MemTotal:        4016004 kB
MemFree:          144220 kB
Active:           302644 kB
Mem:          3.8G       3.7G       140M       5.7M        22M       3.2G

MemTotal:        4016004 kB
MemFree:          144592 kB
Active:           302664 kB
Mem:          3.8G       3.7G       140M       5.7M        22M       3.2G

MemTotal:        4016004 kB
MemFree:          144096 kB
Active:           302680 kB
Mem:          3.8G       3.7G       141M       5.7M        22M       3.2G

MemTotal:        4016004 kB
MemFree:          144592 kB
Active:           302656 kB
Mem:          3.8G       3.7G       141M       5.7M        22M       3.2G

MemTotal:        4016004 kB
MemFree:          144592 kB
Active:           302676 kB
Mem:          3.8G       3.7G       141M       5.7M        22M       3.2G

MemTotal:        4016004 kB
MemFree:          144344 kB
Active:           302648 kB
Mem:          3.8G       3.7G       141M       5.7M        22M       3.2G

MemTotal:        4016004 kB
MemFree:          144220 kB
Active:           302684 kB
Mem:          3.8G       3.7G       141M       5.7M        22M       3.2G

MemTotal:        4016004 kB
MemFree:          144732 kB
Active:           302668 kB
Mem:          3.8G       3.7G       141M       5.7M        22M       3.2G

MemTotal:        4016004 kB
MemFree:          144608 kB
Active:           302684 kB
Mem:          3.8G       3.7G       141M       5.7M        22M       3.2G

MemTotal:        4016004 kB
MemFree:          144236 kB
Active:           302688 kB
Mem:          3.8G       3.7G       140M       5.7M        22M       3.2G

MemTotal:        4016004 kB
MemFree:          144236 kB
Active:           302660 kB
Mem:          3.8G       3.7G       140M       5.7M        22M       3.2G

MemTotal:        4016004 kB
MemFree:          144360 kB
Active:           302644 kB
Mem:          3.8G       3.7G       141M       5.7M        22M       3.2G

MemTotal:        4016004 kB
MemFree:          144360 kB
Active:           302676 kB
Mem:          3.8G       3.7G       141M       5.7M        22M       3.2G

MemTotal:        4016004 kB
MemFree:          144112 kB
Active:           302700 kB
Mem:          3.8G       3.7G       140M       5.7M        22M       3.2G

MemTotal:        4016004 kB
MemFree:          144484 kB
Active:           302648 kB
Mem:          3.8G       3.7G       140M       5.7M        22M       3.2G

MemTotal:        4016004 kB
MemFree:          144484 kB
Active:           302672 kB
Mem:          3.8G       3.7G       141M       5.7M        22M       3.2G

MemTotal:        4016004 kB
MemFree:          144608 kB
Active:           302716 kB
Mem:          3.8G       3.7G       141M       5.7M        22M       3.2G

MemTotal:        4016004 kB
MemFree:          144360 kB
Active:           302716 kB
Mem:          3.8G       3.7G       141M       5.7M        22M       3.2G

MemTotal:        4016004 kB
MemFree:          144980 kB
Active:           302676 kB
Mem:          3.8G       3.7G       141M       5.7M        22M       3.2G

MemTotal:        4016004 kB
MemFree:          144608 kB
Active:           302688 kB
Mem:          3.8G       3.7G       141M       5.7M        22M       3.2G

MemTotal:        4016004 kB
MemFree:          144608 kB
Active:           302688 kB
Mem:          3.8G       3.7G       141M       5.7M        22M       3.2G

MemTotal:        4016004 kB
MemFree:          144732 kB
Active:           302668 kB
Mem:          3.8G       3.7G       141M       5.7M        22M       3.2G

MemTotal:        4016004 kB
MemFree:          144732 kB
Active:           302708 kB
Mem:          3.8G       3.7G       141M       5.7M        22M       3.2G

MemTotal:        4016004 kB
MemFree:          144732 kB
Active:           302672 kB
Mem:          3.8G       3.7G       141M       5.7M        22M       3.2G

MemTotal:        4016004 kB
MemFree:          144608 kB
Active:           302692 kB
Mem:          3.8G       3.7G       140M       5.7M        22M       3.2G

MemTotal:        4016004 kB
MemFree:          144484 kB
Active:           302700 kB
Mem:          3.8G       3.7G       141M       5.7M        22M       3.2G

MemTotal:        4016004 kB
MemFree:          144608 kB
Active:           302704 kB
Mem:          3.8G       3.7G       141M       5.7M        22M       3.2G

MemTotal:        4016004 kB
MemFree:          143864 kB
Active:           302732 kB
Mem:          3.8G       3.7G       140M       5.7M        22M       3.2G

MemTotal:        4016004 kB
MemFree:          144112 kB
Active:           302728 kB
Mem:          3.8G       3.7G       140M       5.7M        22M       3.2G

MemTotal:        4016004 kB
MemFree:          143864 kB
Active:           302732 kB
Mem:          3.8G       3.7G       140M       5.7M        22M       3.2G

MemTotal:        4016004 kB
MemFree:          144236 kB
Active:           302700 kB
Mem:          3.8G       3.7G       140M       5.7M        22M       3.2G

MemTotal:        4016004 kB
MemFree:          144360 kB
Active:           302716 kB
Mem:          3.8G       3.7G       140M       5.7M        22M       3.2G

MemTotal:        4016004 kB
MemFree:          144360 kB
Active:           302712 kB
Mem:          3.8G       3.7G       140M       5.7M        22M       3.2G

MemTotal:        4016004 kB
MemFree:          144484 kB
Active:           302692 kB
Mem:          3.8G       3.7G       140M       5.7M        22M       3.2G

MemTotal:        4016004 kB
MemFree:          144360 kB
Active:           302696 kB
Mem:          3.8G       3.7G       140M       5.7M        22M       3.2G

MemTotal:        4016004 kB
MemFree:          144484 kB
Active:           302720 kB
Mem:          3.8G       3.7G       141M       5.7M        22M       3.2G

MemTotal:        4016004 kB
MemFree:          144608 kB
Active:           302728 kB
Mem:          3.8G       3.7G       141M       5.7M        22M       3.2G

MemTotal:        4016004 kB
MemFree:          144484 kB
Active:           302712 kB
Mem:          3.8G       3.7G       141M       5.7M        22M       3.2G

MemTotal:        4016004 kB
MemFree:          144484 kB
Active:           302740 kB
Mem:          3.8G       3.7G       141M       5.7M        22M       3.2G

MemTotal:        4016004 kB
MemFree:          144608 kB
Active:           302752 kB
Mem:          3.8G       3.7G       141M       5.7M        22M       3.2G

MemTotal:        4016004 kB
MemFree:          144112 kB
Active:           302760 kB
Mem:          3.8G       3.7G       140M       5.7M        22M       3.2G

MemTotal:        4016004 kB
MemFree:          144360 kB
Active:           302728 kB
Mem:          3.8G       3.7G       141M       5.7M        22M       3.2G

MemTotal:        4016004 kB
MemFree:          144732 kB
Active:           302752 kB
Mem:          3.8G       3.7G       141M       5.7M        22M       3.2G

MemTotal:        4016004 kB
MemFree:          144236 kB
Active:           302760 kB
Mem:          3.8G       3.7G       140M       5.7M        22M       3.2G

MemTotal:        4016004 kB
MemFree:          144608 kB
Active:           302708 kB
Mem:          3.8G       3.7G       141M       5.7M        22M       3.2G

MemTotal:        4016004 kB
MemFree:          144732 kB
Active:           302728 kB
Mem:          3.8G       3.7G       141M       5.7M        22M       3.2G

MemTotal:        4016004 kB
MemFree:          144732 kB
Active:           302712 kB
Mem:          3.8G       3.7G       141M       5.7M        22M       3.2G

MemTotal:        4016004 kB
MemFree:          144608 kB
Active:           302748 kB
Mem:          3.8G       3.7G       141M       5.7M        22M       3.2G

MemTotal:        4016004 kB
MemFree:          144112 kB
Active:           302756 kB
Mem:          3.8G       3.7G       140M       5.7M        22M       3.2G

MemTotal:        4016004 kB
MemFree:          144360 kB
Active:           302748 kB
Mem:          3.8G       3.7G       140M       5.7M        22M       3.2G

MemTotal:        4016004 kB
MemFree:          144112 kB
Active:           302772 kB
Mem:          3.8G       3.7G       140M       5.7M        22M       3.2G

MemTotal:        4016004 kB
MemFree:          144112 kB
Active:           302760 kB
Mem:          3.8G       3.7G       140M       5.7M        22M       3.2G

MemTotal:        4016004 kB
MemFree:          144112 kB
Active:           302724 kB
Mem:          3.8G       3.7G       140M       5.7M        22M       3.2G

MemTotal:        4016004 kB
MemFree:          144608 kB
Active:           302752 kB
Mem:          3.8G       3.7G       141M       5.7M        22M       3.2G

MemTotal:        4016004 kB
MemFree:          144484 kB
Active:           302772 kB
Mem:          3.8G       3.7G       141M       5.7M        22M       3.2G

MemTotal:        4016004 kB
MemFree:          144484 kB
Active:           302748 kB
Mem:          3.8G       3.7G       141M       5.7M        22M       3.2G

MemTotal:        4016004 kB
MemFree:          144608 kB
Active:           302768 kB
Mem:          3.8G       3.7G       141M       5.7M        22M       3.2G

MemTotal:        4016004 kB
MemFree:          144484 kB
Active:           302768 kB
Mem:          3.8G       3.7G       141M       5.7M        22M       3.2G

MemTotal:        4016004 kB
MemFree:          144360 kB
Active:           302736 kB
Mem:          3.8G       3.7G       141M       5.7M        22M       3.2G

MemTotal:        4016004 kB
MemFree:          144732 kB
Active:           302768 kB
Mem:          3.8G       3.7G       141M       5.7M        22M       3.2G

MemTotal:        4016004 kB
MemFree:          144732 kB
Active:           302772 kB
Mem:          3.8G       3.7G       141M       5.7M        22M       3.2G

MemTotal:        4016004 kB
MemFree:          144236 kB
Active:           302788 kB
Mem:          3.8G       3.7G       141M       5.7M        22M       3.2G

MemTotal:        4016004 kB
MemFree:          144360 kB
Active:           302752 kB
Mem:          3.8G       3.7G       141M       5.7M        22M       3.2G

MemTotal:        4016004 kB
MemFree:          144360 kB
Active:           302768 kB
Mem:          3.8G       3.7G       141M       5.7M        22M       3.2G

MemTotal:        4016004 kB
MemFree:          144112 kB
Active:           302792 kB
Mem:          3.8G       3.7G       140M       5.7M        22M       3.2G

MemTotal:        4016004 kB
MemFree:          144236 kB
Active:           302772 kB
Mem:          3.8G       3.7G       140M       5.7M        22M       3.2G

MemTotal:        4016004 kB
MemFree:          144360 kB
Active:           302800 kB
Mem:          3.8G       3.7G       141M       5.7M        22M       3.2G

MemTotal:        4016004 kB
MemFree:          144360 kB
Active:           302764 kB
Mem:          3.8G       3.7G       141M       5.7M        22M       3.2G

MemTotal:        4016004 kB
MemFree:          144236 kB
Active:           302808 kB
Mem:          3.8G       3.7G       140M       5.7M        22M       3.2G

MemTotal:        4016004 kB
MemFree:          144484 kB
Active:           302760 kB
Mem:          3.8G       3.7G       141M       5.7M        22M       3.2G

MemTotal:        4016004 kB
MemFree:          144608 kB
Active:           302756 kB
Mem:          3.8G       3.7G       141M       5.7M        22M       3.2G

MemTotal:        4016004 kB
MemFree:          144484 kB
Active:           302824 kB
Mem:          3.8G       3.7G       141M       5.7M        22M       3.2G

MemTotal:        4016004 kB
MemFree:          144608 kB
Active:           302792 kB
Mem:          3.8G       3.7G       140M       5.7M        22M       3.2G

MemTotal:        4016004 kB
MemFree:          144484 kB
Active:           302800 kB
Mem:          3.8G       3.7G       141M       5.7M        22M       3.2G

MemTotal:        4016004 kB
MemFree:          144236 kB
Active:           302832 kB
Mem:          3.8G       3.7G       141M       5.7M        22M       3.2G

MemTotal:        4016004 kB
MemFree:          144484 kB
Active:           302780 kB
Mem:          3.8G       3.7G       140M       5.7M        22M       3.2G

MemTotal:        4016004 kB
MemFree:          144236 kB
Active:           302832 kB
Mem:          3.8G       3.7G       140M       5.7M        22M       3.2G

MemTotal:        4016004 kB
MemFree:          144112 kB
Active:           302796 kB
Mem:          3.8G       3.7G       140M       5.7M        22M       3.2G

MemTotal:        4016004 kB
MemFree:          144112 kB
Active:           302784 kB
Mem:          3.8G       3.7G       140M       5.7M        22M       3.2G

MemTotal:        4016004 kB
MemFree:          144112 kB
Active:           302832 kB
Mem:          3.8G       3.7G       140M       5.7M        22M       3.2G

MemTotal:        4016004 kB
MemFree:          144112 kB
Active:           302812 kB
Mem:          3.8G       3.7G       140M       5.7M        22M       3.2G

MemTotal:        4016004 kB
MemFree:          143864 kB
Active:           302848 kB
Mem:          3.8G       3.7G       140M       5.7M        22M       3.2G

MemTotal:        4016004 kB
MemFree:          144360 kB
Active:           302824 kB
Mem:          3.8G       3.7G       140M       5.7M        22M       3.2G

MemTotal:        4016004 kB
MemFree:          144360 kB
Active:           302844 kB
Mem:          3.8G       3.7G       141M       5.7M        22M       3.2G

MemTotal:        4016004 kB
MemFree:          144484 kB
Active:           302836 kB
Mem:          3.8G       3.7G       140M       5.7M        22M       3.2G

MemTotal:        4016004 kB
MemFree:          144484 kB
Active:           302848 kB
Mem:          3.8G       3.7G       141M       5.7M        22M       3.2G

MemTotal:        4016004 kB
MemFree:          144608 kB
Active:           302832 kB
Mem:          3.8G       3.7G       141M       5.7M        22M       3.2G

MemTotal:        4016004 kB
MemFree:          144484 kB
Active:           302840 kB
Mem:          3.8G       3.7G       141M       5.7M        23M       3.2G

MemTotal:        4016004 kB
MemFree:          144236 kB
Active:           302864 kB
Mem:          3.8G       3.7G       140M       5.7M        23M       3.2G

MemTotal:        4016004 kB
MemFree:          143864 kB
Active:           302896 kB
Mem:          3.8G       3.7G       140M       5.7M        23M       3.2G

MemTotal:        4016004 kB
MemFree:          144112 kB
Active:           303028 kB
Mem:          3.8G       3.7G       140M       5.7M        23M       3.2G

MemTotal:        4016004 kB
MemFree:          143848 kB
Active:           302912 kB
Mem:          3.8G       3.7G       140M       5.7M        23M       3.2G

MemTotal:        4016004 kB
MemFree:          144220 kB
Active:           302868 kB
Mem:          3.8G       3.7G       140M       5.7M        23M       3.2G

MemTotal:        4016004 kB
MemFree:          144468 kB
Active:           302900 kB
Mem:          3.8G       3.7G       141M       5.7M        23M       3.2G

MemTotal:        4016004 kB
MemFree:          144468 kB
Active:           302908 kB
Mem:          3.8G       3.7G       141M       5.7M        23M       3.2G

MemTotal:        4016004 kB
MemFree:          144344 kB
Active:           302876 kB
Mem:          3.8G       3.7G       141M       5.7M        23M       3.2G

