MemTotal:        4016004 kB
MemFree:         3248776 kB
Active:           410836 kB
Mem:          3.8G       749M       3.1G       5.7M        50M       319M

MemTotal:        4016004 kB
MemFree:         3248872 kB
Active:           410540 kB
Mem:          3.8G       749M       3.1G       5.7M        50M       319M

MemTotal:        4016004 kB
MemFree:         3248996 kB
Active:           410660 kB
Mem:          3.8G       749M       3.1G       5.7M        50M       319M

MemTotal:        4016004 kB
MemFree:         3248856 kB
Active:           410652 kB
Mem:          3.8G       749M       3.1G       5.7M        50M       319M

MemTotal:        4016004 kB
MemFree:         3248916 kB
Active:           408616 kB
Mem:          3.8G       748M       3.1G       5.7M        50M       319M

MemTotal:        4016004 kB
MemFree:         3249148 kB
Active:           410684 kB
Mem:          3.8G       748M       3.1G       5.7M        50M       319M

MemTotal:        4016004 kB
MemFree:         3249768 kB
Active:           410676 kB
Mem:          3.8G       748M       3.1G       5.7M        50M       319M

MemTotal:        4016004 kB
MemFree:         3250016 kB
Active:           410636 kB
Mem:          3.8G       747M       3.1G       5.7M        50M       319M

MemTotal:        4016004 kB
MemFree:         3250140 kB
Active:           410640 kB
Mem:          3.8G       747M       3.1G       5.7M        50M       319M

MemTotal:        4016004 kB
MemFree:         3250264 kB
Active:           410676 kB
Mem:          3.8G       747M       3.1G       5.7M        50M       319M

MemTotal:        4016004 kB
MemFree:         3250388 kB
Active:           410676 kB
Mem:          3.8G       747M       3.1G       5.7M        50M       319M

MemTotal:        4016004 kB
MemFree:         3249892 kB
Active:           410680 kB
Mem:          3.8G       748M       3.1G       5.7M        50M       319M

MemTotal:        4016004 kB
MemFree:         3249892 kB
Active:           410684 kB
Mem:          3.8G       748M       3.1G       5.7M        50M       319M

MemTotal:        4016004 kB
MemFree:         3250016 kB
Active:           410680 kB
Mem:          3.8G       748M       3.1G       5.7M        50M       319M

MemTotal:        4016004 kB
MemFree:         3249660 kB
Active:           410656 kB
Mem:          3.8G       748M       3.1G       5.7M        50M       319M

MemTotal:        4016004 kB
MemFree:         3249412 kB
Active:           410704 kB
Mem:          3.8G       748M       3.1G       5.7M        50M       319M

MemTotal:        4016004 kB
MemFree:         3249536 kB
Active:           410652 kB
Mem:          3.8G       748M       3.1G       5.7M        50M       319M

MemTotal:        4016004 kB
MemFree:         3249552 kB
Active:           410656 kB
Mem:          3.8G       748M       3.1G       5.7M        50M       319M

MemTotal:        4016004 kB
MemFree:         3249428 kB
Active:           410712 kB
Mem:          3.8G       748M       3.1G       5.7M        50M       319M

MemTotal:        4016004 kB
MemFree:         3249800 kB
Active:           410708 kB
Mem:          3.8G       748M       3.1G       5.7M        50M       319M

MemTotal:        4016004 kB
MemFree:         3249800 kB
Active:           410696 kB
Mem:          3.8G       748M       3.1G       5.7M        50M       319M

MemTotal:        4016004 kB
MemFree:         3249428 kB
Active:           410720 kB
Mem:          3.8G       748M       3.1G       5.7M        50M       319M

MemTotal:        4016004 kB
MemFree:         3249552 kB
Active:           410700 kB
Mem:          3.8G       748M       3.1G       5.7M        50M       319M

MemTotal:        4016004 kB
MemFree:         3249552 kB
Active:           410688 kB
Mem:          3.8G       748M       3.1G       5.7M        50M       319M

MemTotal:        4016004 kB
MemFree:         3249428 kB
Active:           410720 kB
Mem:          3.8G       748M       3.1G       5.7M        50M       319M

MemTotal:        4016004 kB
MemFree:         3249552 kB
Active:           410664 kB
Mem:          3.8G       748M       3.1G       5.7M        50M       319M

MemTotal:        4016004 kB
MemFree:         3249536 kB
Active:           410712 kB
Mem:          3.8G       748M       3.1G       5.7M        50M       319M

MemTotal:        4016004 kB
MemFree:         3249320 kB
Active:           410720 kB
Mem:          3.8G       748M       3.1G       5.7M        50M       319M

MemTotal:        4016004 kB
MemFree:         3249444 kB
Active:           410728 kB
Mem:          3.8G       748M       3.1G       5.7M        50M       319M

MemTotal:        4016004 kB
MemFree:         3249568 kB
Active:           410688 kB
Mem:          3.8G       748M       3.1G       5.7M        50M       319M

MemTotal:        4016004 kB
MemFree:         3249816 kB
Active:           410688 kB
Mem:          3.8G       748M       3.1G       5.7M        50M       319M

MemTotal:        4016004 kB
MemFree:         3249816 kB
Active:           410676 kB
Mem:          3.8G       748M       3.1G       5.7M        50M       319M

MemTotal:        4016004 kB
MemFree:         3249568 kB
Active:           410728 kB
Mem:          3.8G       748M       3.1G       5.7M        50M       319M

MemTotal:        4016004 kB
MemFree:         3249940 kB
Active:           410680 kB
Mem:          3.8G       748M       3.1G       5.7M        50M       319M

MemTotal:        4016004 kB
MemFree:         3247876 kB
Active:           410680 kB
Mem:          3.8G       750M       3.1G       5.7M        50M       319M

MemTotal:        4016004 kB
MemFree:         3247612 kB
Active:           412760 kB
Mem:          3.8G       750M       3.1G       5.7M        50M       319M

MemTotal:        4016004 kB
MemFree:         3247612 kB
Active:           412756 kB
Mem:          3.8G       750M       3.1G       5.7M        50M       319M

MemTotal:        4016004 kB
MemFree:         3247720 kB
Active:           412748 kB
Mem:          3.8G       750M       3.1G       5.7M        50M       319M

MemTotal:        4016004 kB
MemFree:         3247720 kB
Active:           412732 kB
Mem:          3.8G       750M       3.1G       5.7M        50M       319M

MemTotal:        4016004 kB
MemFree:         3247768 kB
Active:           412764 kB
Mem:          3.8G       750M       3.1G       5.7M        50M       319M

MemTotal:        4016004 kB
MemFree:         3247892 kB
Active:           412764 kB
Mem:          3.8G       750M       3.1G       5.7M        50M       319M

MemTotal:        4016004 kB
MemFree:         3247768 kB
Active:           412784 kB
Mem:          3.8G       750M       3.1G       5.7M        50M       319M

MemTotal:        4016004 kB
MemFree:         3247644 kB
Active:           412796 kB
Mem:          3.8G       750M       3.1G       5.7M        50M       319M

MemTotal:        4016004 kB
MemFree:         3248016 kB
Active:           412772 kB
Mem:          3.8G       750M       3.1G       5.7M        50M       319M

MemTotal:        4016004 kB
MemFree:         3247892 kB
Active:           412788 kB
Mem:          3.8G       750M       3.1G       5.7M        50M       319M

MemTotal:        4016004 kB
MemFree:         3247644 kB
Active:           412772 kB
Mem:          3.8G       750M       3.1G       5.7M        50M       319M

MemTotal:        4016004 kB
MemFree:         3247892 kB
Active:           412748 kB
Mem:          3.8G       750M       3.1G       5.7M        50M       319M

MemTotal:        4016004 kB
MemFree:         3247768 kB
Active:           412764 kB
Mem:          3.8G       750M       3.1G       5.7M        50M       319M

MemTotal:        4016004 kB
MemFree:         3247148 kB
Active:           412748 kB
Mem:          3.8G       750M       3.1G       5.7M        50M       319M

MemTotal:        4016004 kB
MemFree:         3247272 kB
Active:           412772 kB
Mem:          3.8G       750M       3.1G       5.7M        50M       319M

MemTotal:        4016004 kB
MemFree:         3247752 kB
Active:           412796 kB
Mem:          3.8G       750M       3.1G       5.7M        50M       319M

MemTotal:        4016004 kB
MemFree:         3247380 kB
Active:           412796 kB
Mem:          3.8G       750M       3.1G       5.7M        50M       319M

MemTotal:        4016004 kB
MemFree:         3247364 kB
Active:           412816 kB
Mem:          3.8G       751M       3.1G       5.7M        50M       319M

MemTotal:        4016004 kB
MemFree:         3247328 kB
Active:           410740 kB
Mem:          3.8G       751M       3.1G       5.7M        50M       319M

MemTotal:        4016004 kB
MemFree:         3247516 kB
Active:           412780 kB
Mem:          3.8G       750M       3.1G       5.7M        50M       319M

MemTotal:        4016004 kB
MemFree:         3247268 kB
Active:           412820 kB
Mem:          3.8G       750M       3.1G       5.7M        50M       319M

MemTotal:        4016004 kB
MemFree:         3247268 kB
Active:           412788 kB
Mem:          3.8G       750M       3.1G       5.7M        50M       319M

MemTotal:        4016004 kB
MemFree:         3247268 kB
Active:           412820 kB
Mem:          3.8G       750M       3.1G       5.7M        50M       319M

MemTotal:        4016004 kB
MemFree:         3247516 kB
Active:           412816 kB
Mem:          3.8G       750M       3.1G       5.7M        50M       319M

MemTotal:        4016004 kB
MemFree:         3247392 kB
Active:           412824 kB
Mem:          3.8G       750M       3.1G       5.7M        50M       319M

MemTotal:        4016004 kB
MemFree:         3247440 kB
Active:           412812 kB
Mem:          3.8G       750M       3.1G       5.7M        50M       319M

MemTotal:        4016004 kB
MemFree:         3247192 kB
Active:           412792 kB
Mem:          3.8G       750M       3.1G       5.7M        50M       319M

MemTotal:        4016004 kB
MemFree:         3247440 kB
Active:           412824 kB
Mem:          3.8G       750M       3.1G       5.7M        50M       319M

MemTotal:        4016004 kB
MemFree:         3247192 kB
Active:           412828 kB
Mem:          3.8G       750M       3.1G       5.7M        50M       319M

MemTotal:        4016004 kB
MemFree:         3247300 kB
Active:           412820 kB
Mem:          3.8G       750M       3.1G       5.7M        50M       319M

MemTotal:        4016004 kB
MemFree:         3247532 kB
Active:           412820 kB
Mem:          3.8G       750M       3.1G       5.7M        50M       319M

MemTotal:        4016004 kB
MemFree:         3247408 kB
Active:           412828 kB
Mem:          3.8G       750M       3.1G       5.7M        50M       319M

MemTotal:        4016004 kB
MemFree:         3247360 kB
Active:           412828 kB
Mem:          3.8G       750M       3.1G       5.7M        50M       319M

MemTotal:        4016004 kB
MemFree:         3247408 kB
Active:           412812 kB
Mem:          3.8G       750M       3.1G       5.7M        50M       319M

MemTotal:        4016004 kB
MemFree:         3247408 kB
Active:           412816 kB
Mem:          3.8G       750M       3.1G       5.7M        50M       319M

MemTotal:        4016004 kB
MemFree:         3247036 kB
Active:           412852 kB
Mem:          3.8G       750M       3.1G       5.7M        50M       319M

MemTotal:        4016004 kB
MemFree:         3247036 kB
Active:           412852 kB
Mem:          3.8G       750M       3.1G       5.7M        50M       319M

MemTotal:        4016004 kB
MemFree:         3246912 kB
Active:           412816 kB
Mem:          3.8G       750M       3.1G       5.7M        50M       319M

MemTotal:        4016004 kB
MemFree:         3245452 kB
Active:           410784 kB
Mem:          3.8G       752M       3.1G       5.7M        50M       319M

MemTotal:        4016004 kB
MemFree:         3245080 kB
Active:           410792 kB
Mem:          3.8G       752M       3.1G       5.7M        50M       319M

MemTotal:        4016004 kB
MemFree:         3245328 kB
Active:           414844 kB
Mem:          3.8G       752M       3.1G       5.7M        50M       319M

MemTotal:        4016004 kB
MemFree:         3245576 kB
Active:           414880 kB
Mem:          3.8G       752M       3.1G       5.7M        50M       319M

MemTotal:        4016004 kB
MemFree:         3245576 kB
Active:           414856 kB
Mem:          3.8G       752M       3.1G       5.7M        50M       319M

MemTotal:        4016004 kB
MemFree:         3245684 kB
Active:           414840 kB
Mem:          3.8G       752M       3.1G       5.7M        50M       319M

MemTotal:        4016004 kB
MemFree:         3245296 kB
Active:           414884 kB
Mem:          3.8G       752M       3.1G       5.7M        50M       319M

MemTotal:        4016004 kB
MemFree:         3245668 kB
Active:           414856 kB
Mem:          3.8G       752M       3.1G       5.7M        50M       319M

MemTotal:        4016004 kB
MemFree:         3245792 kB
Active:           414892 kB
Mem:          3.8G       752M       3.1G       5.7M        50M       319M

MemTotal:        4016004 kB
MemFree:         3245792 kB
Active:           414872 kB
Mem:          3.8G       752M       3.1G       5.7M        50M       319M

MemTotal:        4016004 kB
MemFree:         3245420 kB
Active:           414908 kB
Mem:          3.8G       752M       3.1G       5.7M        50M       319M

MemTotal:        4016004 kB
MemFree:         3244908 kB
Active:           414908 kB
Mem:          3.8G       752M       3.1G       5.7M        50M       319M

MemTotal:        4016004 kB
MemFree:         3245264 kB
Active:           414884 kB
Mem:          3.8G       753M       3.1G       5.7M        50M       319M

MemTotal:        4016004 kB
MemFree:         3245016 kB
Active:           414892 kB
Mem:          3.8G       752M       3.1G       5.7M        50M       319M

MemTotal:        4016004 kB
MemFree:         3245140 kB
Active:           414900 kB
Mem:          3.8G       752M       3.1G       5.7M        51M       319M

MemTotal:        4016004 kB
MemFree:         3245000 kB
Active:           414892 kB
Mem:          3.8G       752M       3.1G       5.7M        51M       319M

MemTotal:        4016004 kB
MemFree:         3245108 kB
Active:           414908 kB
Mem:          3.8G       752M       3.1G       5.7M        51M       319M

MemTotal:        4016004 kB
MemFree:         3245216 kB
Active:           414900 kB
Mem:          3.8G       752M       3.1G       5.7M        51M       319M

MemTotal:        4016004 kB
MemFree:         3245216 kB
Active:           414884 kB
Mem:          3.8G       752M       3.1G       5.7M        51M       319M

MemTotal:        4016004 kB
MemFree:         3245092 kB
Active:           414904 kB
Mem:          3.8G       752M       3.1G       5.7M        51M       319M

MemTotal:        4016004 kB
MemFree:         3244904 kB
Active:           412888 kB
Mem:          3.8G       753M       3.1G       5.7M        51M       319M

MemTotal:        4016004 kB
MemFree:         3244532 kB
Active:           414936 kB
Mem:          3.8G       753M       3.1G       5.7M        51M       319M

MemTotal:        4016004 kB
MemFree:         3244904 kB
Active:           414932 kB
Mem:          3.8G       753M       3.1G       5.7M        51M       319M

MemTotal:        4016004 kB
MemFree:         3245276 kB
Active:           414904 kB
Mem:          3.8G       752M       3.1G       5.7M        51M       319M

MemTotal:        4016004 kB
MemFree:         3245152 kB
Active:           414940 kB
Mem:          3.8G       752M       3.1G       5.7M        51M       319M

MemTotal:        4016004 kB
MemFree:         3245152 kB
Active:           414936 kB
Mem:          3.8G       752M       3.1G       5.7M        51M       319M

MemTotal:        4016004 kB
MemFree:         3244904 kB
Active:           414948 kB
Mem:          3.8G       752M       3.1G       5.7M        51M       319M

MemTotal:        4016004 kB
MemFree:         3245152 kB
Active:           414900 kB
Mem:          3.8G       753M       3.1G       5.7M        51M       319M

MemTotal:        4016004 kB
MemFree:         3245276 kB
Active:           414924 kB
Mem:          3.8G       752M       3.1G       5.7M        51M       319M

MemTotal:        4016004 kB
MemFree:         3245152 kB
Active:           414948 kB
Mem:          3.8G       753M       3.1G       5.7M        51M       319M

MemTotal:        4016004 kB
MemFree:         3244964 kB
Active:           412888 kB
Mem:          3.8G       752M       3.1G       5.7M        51M       319M

MemTotal:        4016004 kB
MemFree:         3245336 kB
Active:           414920 kB
Mem:          3.8G       752M       3.1G       5.7M        51M       319M

MemTotal:        4016004 kB
MemFree:         3245196 kB
Active:           414908 kB
Mem:          3.8G       752M       3.1G       5.7M        51M       319M

MemTotal:        4016004 kB
MemFree:         3244948 kB
Active:           414960 kB
Mem:          3.8G       752M       3.1G       5.7M        51M       319M

MemTotal:        4016004 kB
MemFree:         3245320 kB
Active:           414928 kB
Mem:          3.8G       752M       3.1G       5.7M        51M       319M

MemTotal:        4016004 kB
MemFree:         3245444 kB
Active:           414916 kB
Mem:          3.8G       752M       3.1G       5.7M        51M       319M

MemTotal:        4016004 kB
MemFree:         3245320 kB
Active:           414944 kB
Mem:          3.8G       752M       3.1G       5.7M        51M       319M

MemTotal:        4016004 kB
MemFree:         3245320 kB
Active:           414944 kB
Mem:          3.8G       752M       3.1G       5.7M        51M       319M

MemTotal:        4016004 kB
MemFree:         3245400 kB
Active:           414924 kB
Mem:          3.8G       752M       3.1G       5.7M        51M       319M

MemTotal:        4016004 kB
MemFree:         3245028 kB
Active:           414940 kB
Mem:          3.8G       753M       3.1G       5.7M        51M       319M

MemTotal:        4016004 kB
MemFree:         3245088 kB
Active:           412912 kB
Mem:          3.8G       752M       3.1G       5.7M        51M       319M

MemTotal:        4016004 kB
MemFree:         3245088 kB
Active:           414936 kB
Mem:          3.8G       752M       3.1G       5.7M        51M       319M

MemTotal:        4016004 kB
MemFree:         3245088 kB
Active:           414968 kB
Mem:          3.8G       752M       3.1G       5.7M        51M       319M

MemTotal:        4016004 kB
MemFree:         3244716 kB
Active:           414976 kB
Mem:          3.8G       753M       3.1G       5.7M        51M       319M

MemTotal:        4016004 kB
MemFree:         3245088 kB
Active:           414944 kB
Mem:          3.8G       752M       3.1G       5.7M        51M       319M

MemTotal:        4016004 kB
MemFree:         3245088 kB
Active:           414944 kB
Mem:          3.8G       752M       3.1G       5.7M        51M       319M

MemTotal:        4016004 kB
MemFree:         3245088 kB
Active:           414940 kB
Mem:          3.8G       752M       3.1G       5.7M        51M       319M

MemTotal:        4016004 kB
MemFree:         3245088 kB
Active:           414976 kB
Mem:          3.8G       752M       3.1G       5.7M        51M       319M

MemTotal:        4016004 kB
MemFree:         3245336 kB
Active:           414936 kB
Mem:          3.8G       752M       3.1G       5.7M        51M       319M

MemTotal:        4016004 kB
MemFree:         3245192 kB
Active:           413000 kB
Mem:          3.8G       752M       3.1G       5.7M        51M       319M

MemTotal:        4016004 kB
MemFree:         3245444 kB
Active:           414984 kB
Mem:          3.8G       752M       3.1G       5.7M        51M       319M

MemTotal:        4016004 kB
MemFree:         3245304 kB
Active:           414964 kB
Mem:          3.8G       752M       3.1G       5.7M        51M       319M

MemTotal:        4016004 kB
MemFree:         3245476 kB
Active:           414940 kB
Mem:          3.8G       752M       3.1G       5.7M        51M       319M

MemTotal:        4016004 kB
MemFree:         3245104 kB
Active:           414976 kB
Mem:          3.8G       752M       3.1G       5.7M        51M       319M

MemTotal:        4016004 kB
MemFree:         3244980 kB
Active:           414960 kB
Mem:          3.8G       752M       3.1G       5.7M        51M       319M

MemTotal:        4016004 kB
MemFree:         3245352 kB
Active:           414952 kB
Mem:          3.8G       752M       3.1G       5.7M        51M       319M

MemTotal:        4016004 kB
MemFree:         3245352 kB
Active:           414996 kB
Mem:          3.8G       752M       3.1G       5.7M        51M       319M

MemTotal:        4016004 kB
MemFree:         3245600 kB
Active:           414960 kB
Mem:          3.8G       752M       3.1G       5.7M        51M       319M

MemTotal:        4016004 kB
MemFree:         3245724 kB
Active:           414980 kB
Mem:          3.8G       752M       3.1G       5.7M        51M       319M

MemTotal:        4016004 kB
MemFree:         3245504 kB
Active:           413092 kB
Mem:          3.8G       752M       3.1G       5.7M        51M       319M

MemTotal:        4016004 kB
MemFree:         3245384 kB
Active:           414960 kB
Mem:          3.8G       752M       3.1G       5.7M        51M       319M

MemTotal:        4016004 kB
MemFree:         3245244 kB
Active:           415004 kB
Mem:          3.8G       752M       3.1G       5.7M        51M       319M

MemTotal:        4016004 kB
MemFree:         3245196 kB
Active:           414980 kB
Mem:          3.8G       752M       3.1G       5.7M        51M       319M

MemTotal:        4016004 kB
MemFree:         3244980 kB
Active:           414960 kB
Mem:          3.8G       752M       3.1G       5.7M        51M       319M

MemTotal:        4016004 kB
MemFree:         3245088 kB
Active:           415012 kB
Mem:          3.8G       752M       3.1G       5.7M        51M       319M

MemTotal:        4016004 kB
MemFree:         3244716 kB
Active:           415024 kB
Mem:          3.8G       753M       3.1G       5.7M        51M       319M

MemTotal:        4016004 kB
MemFree:         3245072 kB
Active:           414972 kB
Mem:          3.8G       753M       3.1G       5.7M        51M       319M

MemTotal:        4016004 kB
MemFree:         3244576 kB
Active:           415028 kB
Mem:          3.8G       753M       3.1G       5.7M        51M       319M

MemTotal:        4016004 kB
MemFree:         3245320 kB
Active:           414980 kB
Mem:          3.8G       752M       3.1G       5.7M        51M       319M

MemTotal:        4016004 kB
MemFree:         3243256 kB
Active:           414988 kB
Mem:          3.8G       754M       3.1G       5.7M        51M       319M

MemTotal:        4016004 kB
MemFree:         3243364 kB
Active:           414972 kB
Mem:          3.8G       754M       3.1G       5.7M        51M       319M

MemTotal:        4016004 kB
MemFree:         3242976 kB
Active:           417060 kB
Mem:          3.8G       754M       3.1G       5.7M        51M       319M

MemTotal:        4016004 kB
MemFree:         3243084 kB
Active:           417040 kB
Mem:          3.8G       754M       3.1G       5.7M        51M       319M

MemTotal:        4016004 kB
MemFree:         3243192 kB
Active:           417040 kB
Mem:          3.8G       754M       3.1G       5.7M        51M       319M

MemTotal:        4016004 kB
MemFree:         3243116 kB
Active:           417036 kB
Mem:          3.8G       754M       3.1G       5.7M        51M       319M

MemTotal:        4016004 kB
MemFree:         3243508 kB
Active:           417016 kB
Mem:          3.8G       754M       3.1G       5.7M        51M       319M

MemTotal:        4016004 kB
MemFree:         3243756 kB
Active:           417040 kB
Mem:          3.8G       754M       3.1G       5.7M        51M       319M

MemTotal:        4016004 kB
MemFree:         3243508 kB
Active:           417052 kB
Mem:          3.8G       754M       3.1G       5.7M        51M       319M

MemTotal:        4016004 kB
MemFree:         3243384 kB
Active:           417064 kB
Mem:          3.8G       754M       3.1G       5.7M        51M       319M

MemTotal:        4016004 kB
MemFree:         3243756 kB
Active:           417016 kB
Mem:          3.8G       754M       3.1G       5.7M        51M       319M

MemTotal:        4016004 kB
MemFree:         3243260 kB
Active:           417084 kB
Mem:          3.8G       754M       3.1G       5.7M        51M       319M

MemTotal:        4016004 kB
MemFree:         3243632 kB
Active:           417032 kB
Mem:          3.8G       754M       3.1G       5.7M        51M       319M

MemTotal:        4016004 kB
MemFree:         3243884 kB
Active:           417044 kB
Mem:          3.8G       754M       3.1G       5.7M        51M       319M

MemTotal:        4016004 kB
MemFree:         3243636 kB
Active:           417088 kB
Mem:          3.8G       754M       3.1G       5.7M        51M       319M

MemTotal:        4016004 kB
MemFree:         3243760 kB
Active:           417068 kB
Mem:          3.8G       754M       3.1G       5.7M        51M       319M

MemTotal:        4016004 kB
MemFree:         3243932 kB
Active:           417040 kB
Mem:          3.8G       754M       3.1G       5.7M        51M       319M

MemTotal:        4016004 kB
MemFree:         3243808 kB
Active:           417084 kB
Mem:          3.8G       754M       3.1G       5.7M        51M       319M

MemTotal:        4016004 kB
MemFree:         3243808 kB
Active:           417072 kB
Mem:          3.8G       754M       3.1G       5.7M        51M       319M

MemTotal:        4016004 kB
MemFree:         3243840 kB
Active:           417044 kB
Mem:          3.8G       754M       3.1G       5.7M        51M       319M

MemTotal:        4016004 kB
MemFree:         3243840 kB
Active:           417044 kB
Mem:          3.8G       754M       3.1G       5.7M        51M       319M

MemTotal:        4016004 kB
MemFree:         3243764 kB
Active:           417044 kB
Mem:          3.8G       754M       3.1G       5.7M        51M       319M

MemTotal:        4016004 kB
MemFree:         3243764 kB
Active:           417048 kB
Mem:          3.8G       754M       3.1G       5.7M        51M       319M

MemTotal:        4016004 kB
MemFree:         3243888 kB
Active:           417092 kB
Mem:          3.8G       754M       3.1G       5.7M        51M       319M

MemTotal:        4016004 kB
MemFree:         3243764 kB
Active:           417072 kB
Mem:          3.8G       754M       3.1G       5.7M        51M       319M

MemTotal:        4016004 kB
MemFree:         3243516 kB
Active:           417104 kB
Mem:          3.8G       754M       3.1G       5.7M        51M       319M

MemTotal:        4016004 kB
MemFree:         3243780 kB
Active:           417104 kB
Mem:          3.8G       753M       3.1G       5.7M        51M       319M

MemTotal:        4016004 kB
MemFree:         3244152 kB
Active:           417096 kB
Mem:          3.8G       753M       3.1G       5.7M        51M       319M

MemTotal:        4016004 kB
MemFree:         3243656 kB
Active:           417104 kB
Mem:          3.8G       754M       3.1G       5.7M        51M       319M

MemTotal:        4016004 kB
MemFree:         3243532 kB
Active:           417104 kB
Mem:          3.8G       754M       3.1G       5.7M        51M       319M

MemTotal:        4016004 kB
MemFree:         3243592 kB
Active:           415060 kB
Mem:          3.8G       754M       3.1G       5.7M        51M       319M

MemTotal:        4016004 kB
MemFree:         3242972 kB
Active:           417092 kB
Mem:          3.8G       754M       3.1G       5.7M        51M       319M

MemTotal:        4016004 kB
MemFree:         3243468 kB
Active:           417092 kB
Mem:          3.8G       754M       3.1G       5.7M        51M       319M

MemTotal:        4016004 kB
MemFree:         3243608 kB
Active:           416936 kB
Mem:          3.8G       754M       3.1G       5.7M        51M       319M

MemTotal:        4016004 kB
MemFree:         3243748 kB
Active:           416936 kB
Mem:          3.8G       754M       3.1G       5.7M        51M       319M

MemTotal:        4016004 kB
MemFree:         3243872 kB
Active:           416912 kB
Mem:          3.8G       754M       3.1G       5.7M        51M       319M

MemTotal:        4016004 kB
MemFree:         3243748 kB
Active:           416896 kB
Mem:          3.8G       754M       3.1G       5.7M        51M       319M

MemTotal:        4016004 kB
MemFree:         3243500 kB
Active:           416956 kB
Mem:          3.8G       754M       3.1G       5.7M        51M       319M

MemTotal:        4016004 kB
MemFree:         3243996 kB
Active:           416956 kB
Mem:          3.8G       754M       3.1G       5.7M        51M       319M

MemTotal:        4016004 kB
MemFree:         3243996 kB
Active:           416944 kB
Mem:          3.8G       754M       3.1G       5.7M        51M       319M

MemTotal:        4016004 kB
MemFree:         3244296 kB
Active:           414916 kB
Mem:          3.8G       753M       3.1G       5.7M        51M       319M

MemTotal:        4016004 kB
MemFree:         3243800 kB
Active:           414940 kB
Mem:          3.8G       754M       3.1G       5.7M        51M       319M

MemTotal:        4016004 kB
MemFree:         3243428 kB
Active:           414964 kB
Mem:          3.8G       754M       3.1G       5.7M        51M       319M

MemTotal:        4016004 kB
MemFree:         3244296 kB
Active:           417004 kB
Mem:          3.8G       753M       3.1G       5.7M        51M       319M

MemTotal:        4016004 kB
MemFree:         3244296 kB
Active:           416992 kB
Mem:          3.8G       753M       3.1G       5.7M        51M       319M

MemTotal:        4016004 kB
MemFree:         3244172 kB
Active:           416996 kB
Mem:          3.8G       753M       3.1G       5.7M        51M       319M

MemTotal:        4016004 kB
MemFree:         3243924 kB
Active:           417020 kB
Mem:          3.8G       754M       3.1G       5.7M        51M       319M

MemTotal:        4016004 kB
MemFree:         3243924 kB
Active:           417012 kB
Mem:          3.8G       753M       3.1G       5.7M        51M       319M

MemTotal:        4016004 kB
MemFree:         3243800 kB
Active:           416992 kB
Mem:          3.8G       754M       3.1G       5.7M        51M       319M

MemTotal:        4016004 kB
MemFree:         3243732 kB
Active:           415084 kB
Mem:          3.8G       754M       3.1G       5.7M        51M       319M

MemTotal:        4016004 kB
MemFree:         3244040 kB
Active:           417048 kB
Mem:          3.8G       753M       3.1G       5.7M        51M       319M

MemTotal:        4016004 kB
MemFree:         3244288 kB
Active:           417084 kB
Mem:          3.8G       753M       3.1G       5.7M        51M       319M

MemTotal:        4016004 kB
MemFree:         3244040 kB
Active:           417104 kB
Mem:          3.8G       753M       3.1G       5.7M        51M       319M

MemTotal:        4016004 kB
MemFree:         3244164 kB
Active:           417088 kB
Mem:          3.8G       753M       3.1G       5.7M        51M       319M

MemTotal:        4016004 kB
MemFree:         3244040 kB
Active:           417072 kB
Mem:          3.8G       754M       3.1G       5.7M        51M       319M

MemTotal:        4016004 kB
MemFree:         3244040 kB
Active:           417092 kB
Mem:          3.8G       754M       3.1G       5.7M        51M       319M

MemTotal:        4016004 kB
MemFree:         3243792 kB
Active:           417104 kB
Mem:          3.8G       754M       3.1G       5.7M        51M       319M

MemTotal:        4016004 kB
MemFree:         3243792 kB
Active:           417124 kB
Mem:          3.8G       754M       3.1G       5.7M        51M       319M

MemTotal:        4016004 kB
MemFree:         3243916 kB
Active:           417068 kB
Mem:          3.8G       754M       3.1G       5.7M        51M       319M

MemTotal:        4016004 kB
MemFree:         3242856 kB
Active:           417352 kB
Mem:          3.8G       755M       3.1G       5.7M        51M       319M

MemTotal:        4016004 kB
MemFree:         3242856 kB
Active:           417392 kB
Mem:          3.8G       754M       3.1G       5.7M        51M       319M

MemTotal:        4016004 kB
MemFree:         3242996 kB
Active:           417440 kB
Mem:          3.8G       754M       3.1G       5.7M        51M       319M

MemTotal:        4016004 kB
MemFree:         3242624 kB
Active:           417452 kB
Mem:          3.8G       755M       3.1G       5.7M        51M       319M

MemTotal:        4016004 kB
MemFree:         3242624 kB
Active:           417436 kB
Mem:          3.8G       755M       3.1G       5.7M        51M       319M

MemTotal:        4016004 kB
MemFree:         3242624 kB
Active:           417420 kB
Mem:          3.8G       755M       3.1G       5.7M        51M       319M

MemTotal:        4016004 kB
MemFree:         3242376 kB
Active:           417476 kB
Mem:          3.8G       755M       3.1G       5.7M        51M       319M

MemTotal:        4016004 kB
MemFree:         3242376 kB
Active:           417452 kB
Mem:          3.8G       755M       3.1G       5.7M        51M       319M

MemTotal:        4016004 kB
MemFree:         3242376 kB
Active:           417472 kB
Mem:          3.8G       755M       3.1G       5.7M        51M       319M

MemTotal:        4016004 kB
MemFree:         3242376 kB
Active:           417456 kB
Mem:          3.8G       755M       3.1G       5.7M        51M       319M

MemTotal:        4016004 kB
MemFree:         3240824 kB
Active:           416884 kB
Mem:          3.8G       756M       3.1G       5.7M        51M       319M

MemTotal:        4016004 kB
MemFree:         3240576 kB
Active:           418976 kB
Mem:          3.8G       757M       3.1G       5.7M        51M       319M

MemTotal:        4016004 kB
MemFree:         3241072 kB
Active:           418936 kB
Mem:          3.8G       757M       3.1G       5.7M        51M       319M

MemTotal:        4016004 kB
MemFree:         3240824 kB
Active:           418972 kB
Mem:          3.8G       757M       3.1G       5.7M        51M       319M

MemTotal:        4016004 kB
MemFree:         3240948 kB
Active:           418936 kB
Mem:          3.8G       756M       3.1G       5.7M        51M       319M

MemTotal:        4016004 kB
MemFree:         3240700 kB
Active:           418956 kB
Mem:          3.8G       757M       3.1G       5.7M        51M       319M

MemTotal:        4016004 kB
MemFree:         3240824 kB
Active:           418932 kB
Mem:          3.8G       756M       3.1G       5.7M        51M       319M

MemTotal:        4016004 kB
MemFree:         3240948 kB
Active:           418956 kB
Mem:          3.8G       756M       3.1G       5.7M        51M       319M

MemTotal:        4016004 kB
MemFree:         3240948 kB
Active:           418940 kB
Mem:          3.8G       756M       3.1G       5.7M        51M       319M

MemTotal:        4016004 kB
MemFree:         3240760 kB
Active:           416928 kB
Mem:          3.8G       757M       3.1G       5.7M        51M       319M

MemTotal:        4016004 kB
MemFree:         3240884 kB
Active:           418988 kB
Mem:          3.8G       757M       3.1G       5.7M        51M       319M

MemTotal:        4016004 kB
MemFree:         3240760 kB
Active:           419012 kB
Mem:          3.8G       757M       3.1G       5.7M        51M       319M

MemTotal:        4016004 kB
MemFree:         3240636 kB
Active:           418964 kB
Mem:          3.8G       757M       3.1G       5.7M        51M       319M

MemTotal:        4016004 kB
MemFree:         3240884 kB
Active:           418980 kB
Mem:          3.8G       757M       3.1G       5.7M        51M       319M

MemTotal:        4016004 kB
MemFree:         3240760 kB
Active:           418988 kB
Mem:          3.8G       757M       3.1G       5.7M        51M       319M

MemTotal:        4016004 kB
MemFree:         3240760 kB
Active:           419012 kB
Mem:          3.8G       757M       3.1G       5.7M        51M       319M

MemTotal:        4016004 kB
MemFree:         3240760 kB
Active:           418960 kB
Mem:          3.8G       757M       3.1G       5.7M        51M       319M

MemTotal:        4016004 kB
MemFree:         3240884 kB
Active:           418980 kB
Mem:          3.8G       757M       3.1G       5.7M        51M       319M

MemTotal:        4016004 kB
MemFree:         3240636 kB
Active:           419016 kB
Mem:          3.8G       757M       3.1G       5.7M        51M       319M

MemTotal:        4016004 kB
MemFree:         3240880 kB
Active:           416984 kB
Mem:          3.8G       756M       3.1G       5.7M        51M       319M

MemTotal:        4016004 kB
MemFree:         3240756 kB
Active:           418980 kB
Mem:          3.8G       757M       3.1G       5.7M        51M       319M

MemTotal:        4016004 kB
MemFree:         3240632 kB
Active:           419008 kB
Mem:          3.8G       757M       3.1G       5.7M        51M       319M

MemTotal:        4016004 kB
MemFree:         3240756 kB
Active:           419028 kB
Mem:          3.8G       757M       3.1G       5.7M        51M       319M

MemTotal:        4016004 kB
MemFree:         3240756 kB
Active:           419028 kB
Mem:          3.8G       757M       3.1G       5.7M        51M       319M

MemTotal:        4016004 kB
MemFree:         3240756 kB
Active:           418992 kB
Mem:          3.8G       757M       3.1G       5.7M        51M       319M

MemTotal:        4016004 kB
MemFree:         3240880 kB
Active:           419008 kB
Mem:          3.8G       757M       3.1G       5.7M        51M       319M

MemTotal:        4016004 kB
MemFree:         3240880 kB
Active:           418996 kB
Mem:          3.8G       757M       3.1G       5.7M        51M       319M

MemTotal:        4016004 kB
MemFree:         3240880 kB
Active:           419020 kB
Mem:          3.8G       757M       3.1G       5.7M        51M       319M

MemTotal:        4016004 kB
MemFree:         3240880 kB
Active:           419008 kB
Mem:          3.8G       756M       3.1G       5.7M        51M       319M

MemTotal:        4016004 kB
MemFree:         3240756 kB
Active:           419036 kB
Mem:          3.8G       757M       3.1G       5.7M        51M       319M

MemTotal:        4016004 kB
MemFree:         3240756 kB
Active:           419020 kB
Mem:          3.8G       757M       3.1G       5.7M        51M       319M

MemTotal:        4016004 kB
MemFree:         3240756 kB
Active:           419024 kB
Mem:          3.8G       757M       3.1G       5.7M        51M       319M

MemTotal:        4016004 kB
MemFree:         3240756 kB
Active:           419032 kB
Mem:          3.8G       757M       3.1G       5.7M        51M       319M

MemTotal:        4016004 kB
MemFree:         3240756 kB
Active:           419028 kB
Mem:          3.8G       757M       3.1G       5.7M        51M       319M

MemTotal:        4016004 kB
MemFree:         3241004 kB
Active:           419000 kB
Mem:          3.8G       757M       3.1G       5.7M        51M       319M

MemTotal:        4016004 kB
MemFree:         3240880 kB
Active:           419000 kB
Mem:          3.8G       756M       3.1G       5.7M        51M       319M

MemTotal:        4016004 kB
MemFree:         3240756 kB
Active:           419008 kB
Mem:          3.8G       757M       3.1G       5.7M        51M       319M

MemTotal:        4016004 kB
MemFree:         3240880 kB
Active:           419020 kB
Mem:          3.8G       757M       3.1G       5.7M        51M       319M

MemTotal:        4016004 kB
MemFree:         3240756 kB
Active:           419036 kB
Mem:          3.8G       757M       3.1G       5.7M        51M       319M

MemTotal:        4016004 kB
MemFree:         3240880 kB
Active:           419040 kB
Mem:          3.8G       757M       3.1G       5.7M        51M       319M

MemTotal:        4016004 kB
MemFree:         3240756 kB
Active:           419036 kB
Mem:          3.8G       757M       3.1G       5.7M        51M       319M

MemTotal:        4016004 kB
MemFree:         3240880 kB
Active:           419052 kB
Mem:          3.8G       757M       3.1G       5.7M        51M       319M

MemTotal:        4016004 kB
MemFree:         3240880 kB
Active:           419016 kB
Mem:          3.8G       757M       3.1G       5.7M        51M       319M

MemTotal:        4016004 kB
MemFree:         3240880 kB
Active:           419020 kB
Mem:          3.8G       757M       3.1G       5.7M        51M       319M

MemTotal:        4016004 kB
MemFree:         3240756 kB
Active:           419040 kB
Mem:          3.8G       757M       3.1G       5.7M        51M       319M

MemTotal:        4016004 kB
MemFree:         3240756 kB
Active:           419020 kB
Mem:          3.8G       757M       3.1G       5.7M        51M       319M

MemTotal:        4016004 kB
MemFree:         3240756 kB
Active:           419040 kB
Mem:          3.8G       757M       3.1G       5.7M        51M       319M

MemTotal:        4016004 kB
MemFree:         3240632 kB
Active:           419044 kB
Mem:          3.8G       757M       3.1G       5.7M        51M       319M

MemTotal:        4016004 kB
MemFree:         3240632 kB
Active:           419036 kB
Mem:          3.8G       757M       3.1G       5.7M        51M       319M

MemTotal:        4016004 kB
MemFree:         3240756 kB
Active:           419016 kB
Mem:          3.8G       757M       3.1G       5.7M        51M       319M

MemTotal:        4016004 kB
MemFree:         3241004 kB
Active:           419036 kB
Mem:          3.8G       757M       3.1G       5.7M        51M       319M

MemTotal:        4016004 kB
MemFree:         3240740 kB
Active:           419032 kB
Mem:          3.8G       757M       3.1G       5.7M        51M       319M

MemTotal:        4016004 kB
MemFree:         3240988 kB
Active:           419072 kB
Mem:          3.8G       756M       3.1G       5.7M        51M       319M

MemTotal:        4016004 kB
MemFree:         3240740 kB
Active:           419072 kB
Mem:          3.8G       757M       3.1G       5.7M        51M       319M

MemTotal:        4016004 kB
MemFree:         3240244 kB
Active:           419104 kB
Mem:          3.8G       757M       3.1G       5.7M        51M       319M

MemTotal:        4016004 kB
MemFree:         3240616 kB
Active:           419104 kB
Mem:          3.8G       757M       3.1G       5.7M        51M       319M

MemTotal:        4016004 kB
MemFree:         3240616 kB
Active:           419076 kB
Mem:          3.8G       757M       3.1G       5.7M        51M       319M

MemTotal:        4016004 kB
MemFree:         3240740 kB
Active:           419100 kB
Mem:          3.8G       757M       3.1G       5.7M        51M       319M

MemTotal:        4016004 kB
MemFree:         3240244 kB
Active:           419104 kB
Mem:          3.8G       757M       3.1G       5.7M        51M       319M

MemTotal:        4016004 kB
MemFree:         3240244 kB
Active:           419112 kB
Mem:          3.8G       757M       3.1G       5.7M        51M       319M

MemTotal:        4016004 kB
MemFree:         3240120 kB
Active:           419092 kB
Mem:          3.8G       757M       3.1G       5.7M        51M       319M

MemTotal:        4016004 kB
MemFree:         3240492 kB
Active:           419088 kB
Mem:          3.8G       757M       3.1G       5.7M        51M       319M

MemTotal:        4016004 kB
MemFree:         3240616 kB
Active:           419096 kB
Mem:          3.8G       757M       3.1G       5.7M        51M       319M

MemTotal:        4016004 kB
MemFree:         3240740 kB
Active:           419112 kB
Mem:          3.8G       757M       3.1G       5.7M        51M       319M

MemTotal:        4016004 kB
MemFree:         3240616 kB
Active:           419072 kB
Mem:          3.8G       757M       3.1G       5.7M        51M       319M

MemTotal:        4016004 kB
MemFree:         3240616 kB
Active:           419092 kB
Mem:          3.8G       757M       3.1G       5.7M        51M       319M

MemTotal:        4016004 kB
MemFree:         3240616 kB
Active:           419132 kB
Mem:          3.8G       757M       3.1G       5.7M        51M       319M

MemTotal:        4016004 kB
MemFree:         3240740 kB
Active:           419080 kB
Mem:          3.8G       757M       3.1G       5.7M        51M       319M

MemTotal:        4016004 kB
MemFree:         3240740 kB
Active:           419076 kB
Mem:          3.8G       757M       3.1G       5.7M        51M       319M

MemTotal:        4016004 kB
MemFree:         3240616 kB
Active:           419108 kB
Mem:          3.8G       757M       3.1G       5.7M        51M       319M

MemTotal:        4016004 kB
MemFree:         3240864 kB
Active:           419112 kB
Mem:          3.8G       756M       3.1G       5.7M        51M       319M

MemTotal:        4016004 kB
MemFree:         3240864 kB
Active:           419136 kB
Mem:          3.8G       757M       3.1G       5.7M        51M       319M

MemTotal:        4016004 kB
MemFree:         3240740 kB
Active:           419100 kB
Mem:          3.8G       757M       3.1G       5.7M        51M       319M

MemTotal:        4016004 kB
MemFree:         3240864 kB
Active:           419140 kB
Mem:          3.8G       757M       3.1G       5.7M        51M       319M

MemTotal:        4016004 kB
MemFree:         3240740 kB
Active:           419096 kB
Mem:          3.8G       757M       3.1G       5.7M        51M       319M

MemTotal:        4016004 kB
MemFree:         3240740 kB
Active:           419116 kB
Mem:          3.8G       757M       3.1G       5.7M        51M       319M

MemTotal:        4016004 kB
MemFree:         3238568 kB
Active:           419084 kB
Mem:          3.8G       759M       3.1G       5.7M        51M       319M

MemTotal:        4016004 kB
MemFree:         3238320 kB
Active:           421156 kB
Mem:          3.8G       759M       3.1G       5.7M        51M       319M

MemTotal:        4016004 kB
MemFree:         3238568 kB
Active:           421160 kB
Mem:          3.8G       759M       3.1G       5.7M        51M       319M

MemTotal:        4016004 kB
MemFree:         3238444 kB
Active:           421128 kB
Mem:          3.8G       759M       3.1G       5.7M        51M       319M

MemTotal:        4016004 kB
MemFree:         3238552 kB
Active:           421152 kB
Mem:          3.8G       759M       3.1G       5.7M        51M       319M

MemTotal:        4016004 kB
MemFree:         3238444 kB
Active:           421152 kB
Mem:          3.8G       759M       3.1G       5.7M        51M       319M

MemTotal:        4016004 kB
MemFree:         3238568 kB
Active:           421172 kB
Mem:          3.8G       759M       3.1G       5.7M        51M       319M

MemTotal:        4016004 kB
MemFree:         3238816 kB
Active:           421156 kB
Mem:          3.8G       758M       3.1G       5.7M        51M       319M

MemTotal:        4016004 kB
MemFree:         3238940 kB
Active:           421156 kB
Mem:          3.8G       759M       3.1G       5.7M        51M       319M

MemTotal:        4016004 kB
MemFree:         3238568 kB
Active:           421160 kB
Mem:          3.8G       759M       3.1G       5.7M        51M       319M

MemTotal:        4016004 kB
MemFree:         3238568 kB
Active:           421212 kB
Mem:          3.8G       759M       3.1G       5.7M        51M       319M

MemTotal:        4016004 kB
MemFree:         3238692 kB
Active:           421176 kB
Mem:          3.8G       759M       3.1G       5.7M        51M       319M

MemTotal:        4016004 kB
MemFree:         3238692 kB
Active:           421192 kB
Mem:          3.8G       759M       3.1G       5.7M        51M       319M

MemTotal:        4016004 kB
MemFree:         3238692 kB
Active:           421164 kB
Mem:          3.8G       759M       3.1G       5.7M        51M       319M

MemTotal:        4016004 kB
MemFree:         3238816 kB
Active:           421212 kB
Mem:          3.8G       758M       3.1G       5.7M        51M       319M

MemTotal:        4016004 kB
MemFree:         3238568 kB
Active:           421172 kB
Mem:          3.8G       759M       3.1G       5.7M        51M       319M

MemTotal:        4016004 kB
MemFree:         3238692 kB
Active:           421176 kB
Mem:          3.8G       759M       3.1G       5.7M        51M       319M

MemTotal:        4016004 kB
MemFree:         3238444 kB
Active:           421208 kB
Mem:          3.8G       759M       3.1G       5.7M        51M       319M

MemTotal:        4016004 kB
MemFree:         3238568 kB
Active:           421212 kB
Mem:          3.8G       759M       3.1G       5.7M        51M       319M

MemTotal:        4016004 kB
MemFree:         3236396 kB
Active:           421180 kB
Mem:          3.8G       761M       3.1G       5.7M        51M       319M

MemTotal:        4016004 kB
MemFree:         3236396 kB
Active:           423244 kB
Mem:          3.8G       761M       3.1G       5.7M        51M       319M

MemTotal:        4016004 kB
MemFree:         3236272 kB
Active:           423240 kB
Mem:          3.8G       761M       3.1G       5.7M        51M       319M

MemTotal:        4016004 kB
MemFree:         3236396 kB
Active:           423232 kB
Mem:          3.8G       761M       3.1G       5.7M        51M       319M

MemTotal:        4016004 kB
MemFree:         3236892 kB
Active:           423188 kB
Mem:          3.8G       760M       3.1G       5.7M        51M       319M

MemTotal:        4016004 kB
MemFree:         3236768 kB
Active:           423248 kB
Mem:          3.8G       761M       3.1G       5.7M        51M       319M

MemTotal:        4016004 kB
MemFree:         3236768 kB
Active:           423260 kB
Mem:          3.8G       761M       3.1G       5.7M        51M       319M

MemTotal:        4016004 kB
MemFree:         3236520 kB
Active:           423264 kB
Mem:          3.8G       761M       3.1G       5.7M        51M       319M

MemTotal:        4016004 kB
MemFree:         3236520 kB
Active:           423268 kB
Mem:          3.8G       761M       3.1G       5.7M        51M       319M

MemTotal:        4016004 kB
MemFree:         3234348 kB
Active:           423228 kB
Mem:          3.8G       763M       3.1G       5.7M        51M       319M

MemTotal:        4016004 kB
MemFree:         3234472 kB
Active:           425244 kB
Mem:          3.8G       763M       3.1G       5.7M        51M       319M

MemTotal:        4016004 kB
MemFree:         3234472 kB
Active:           425296 kB
Mem:          3.8G       763M       3.1G       5.7M        51M       319M

MemTotal:        4016004 kB
MemFree:         3234472 kB
Active:           425304 kB
Mem:          3.8G       763M       3.1G       5.7M        51M       319M

MemTotal:        4016004 kB
MemFree:         3234472 kB
Active:           425264 kB
Mem:          3.8G       763M       3.1G       5.7M        51M       319M

MemTotal:        4016004 kB
MemFree:         3234596 kB
Active:           425312 kB
Mem:          3.8G       763M       3.1G       5.7M        51M       319M

MemTotal:        4016004 kB
MemFree:         3234596 kB
Active:           425272 kB
Mem:          3.8G       763M       3.1G       5.7M        51M       319M

MemTotal:        4016004 kB
MemFree:         3234596 kB
Active:           425276 kB
Mem:          3.8G       763M       3.1G       5.7M        51M       319M

MemTotal:        4016004 kB
MemFree:         3234720 kB
Active:           425300 kB
Mem:          3.8G       763M       3.1G       5.7M        51M       319M

MemTotal:        4016004 kB
MemFree:         3234596 kB
Active:           425272 kB
Mem:          3.8G       763M       3.1G       5.7M        51M       319M

MemTotal:        4016004 kB
MemFree:         3234720 kB
Active:           425312 kB
Mem:          3.8G       762M       3.1G       5.7M        51M       319M

MemTotal:        4016004 kB
MemFree:         3234720 kB
Active:           425280 kB
Mem:          3.8G       763M       3.1G       5.7M        51M       319M

MemTotal:        4016004 kB
MemFree:         3234720 kB
Active:           425288 kB
Mem:          3.8G       763M       3.1G       5.7M        51M       319M

MemTotal:        4016004 kB
MemFree:         3234472 kB
Active:           425320 kB
Mem:          3.8G       763M       3.1G       5.7M        51M       319M

MemTotal:        4016004 kB
MemFree:         3234472 kB
Active:           425268 kB
Mem:          3.8G       763M       3.1G       5.7M        51M       319M

MemTotal:        4016004 kB
MemFree:         3234596 kB
Active:           425308 kB
Mem:          3.8G       763M       3.1G       5.7M        51M       319M

MemTotal:        4016004 kB
MemFree:         3234348 kB
Active:           425332 kB
Mem:          3.8G       763M       3.1G       5.7M        51M       319M

MemTotal:        4016004 kB
MemFree:         3234348 kB
Active:           425284 kB
Mem:          3.8G       763M       3.1G       5.7M        51M       319M

MemTotal:        4016004 kB
MemFree:         3234224 kB
Active:           425312 kB
Mem:          3.8G       763M       3.1G       5.7M        51M       319M

MemTotal:        4016004 kB
MemFree:         3234348 kB
Active:           425340 kB
Mem:          3.8G       763M       3.1G       5.7M        51M       319M

MemTotal:        4016004 kB
MemFree:         3234224 kB
Active:           425304 kB
Mem:          3.8G       763M       3.1G       5.7M        51M       319M

MemTotal:        4016004 kB
MemFree:         3234348 kB
Active:           425284 kB
Mem:          3.8G       763M       3.1G       5.7M        51M       319M

MemTotal:        4016004 kB
MemFree:         3234472 kB
Active:           425316 kB
Mem:          3.8G       763M       3.1G       5.7M        51M       319M

MemTotal:        4016004 kB
MemFree:         3234348 kB
Active:           425344 kB
Mem:          3.8G       763M       3.1G       5.7M        51M       319M

MemTotal:        4016004 kB
MemFree:         3234224 kB
Active:           425348 kB
Mem:          3.8G       763M       3.1G       5.7M        51M       319M

MemTotal:        4016004 kB
MemFree:         3234348 kB
Active:           425304 kB
Mem:          3.8G       763M       3.1G       5.7M        51M       319M

MemTotal:        4016004 kB
MemFree:         3234472 kB
Active:           425340 kB
Mem:          3.8G       763M       3.1G       5.7M        51M       319M

MemTotal:        4016004 kB
MemFree:         3234596 kB
Active:           425308 kB
Mem:          3.8G       763M       3.1G       5.7M        51M       319M

MemTotal:        4016004 kB
MemFree:         3234596 kB
Active:           425348 kB
Mem:          3.8G       762M       3.1G       5.7M        51M       319M

MemTotal:        4016004 kB
MemFree:         3234720 kB
Active:           425324 kB
Mem:          3.8G       763M       3.1G       5.7M        51M       319M

MemTotal:        4016004 kB
MemFree:         3234580 kB
Active:           425344 kB
Mem:          3.8G       763M       3.1G       5.7M        51M       319M

MemTotal:        4016004 kB
MemFree:         3234348 kB
Active:           425304 kB
Mem:          3.8G       763M       3.1G       5.7M        51M       319M

MemTotal:        4016004 kB
MemFree:         3234596 kB
Active:           425320 kB
Mem:          3.8G       763M       3.1G       5.7M        51M       319M

MemTotal:        4016004 kB
MemFree:         3234596 kB
Active:           425348 kB
Mem:          3.8G       763M       3.1G       5.7M        51M       319M

MemTotal:        4016004 kB
MemFree:         3234472 kB
Active:           425320 kB
Mem:          3.8G       763M       3.1G       5.7M        51M       319M

MemTotal:        4016004 kB
MemFree:         3234596 kB
Active:           425368 kB
Mem:          3.8G       763M       3.1G       5.7M        51M       319M

MemTotal:        4016004 kB
MemFree:         3234472 kB
Active:           425360 kB
Mem:          3.8G       763M       3.1G       5.7M        51M       319M

MemTotal:        4016004 kB
MemFree:         3234224 kB
Active:           425328 kB
Mem:          3.8G       763M       3.1G       5.7M        51M       319M

MemTotal:        4016004 kB
MemFree:         3234348 kB
Active:           425332 kB
Mem:          3.8G       763M       3.1G       5.7M        51M       319M

MemTotal:        4016004 kB
MemFree:         3234348 kB
Active:           425348 kB
Mem:          3.8G       763M       3.1G       5.7M        51M       319M

MemTotal:        4016004 kB
MemFree:         3234472 kB
Active:           425340 kB
Mem:          3.8G       763M       3.1G       5.7M        51M       319M

MemTotal:        4016004 kB
MemFree:         3234472 kB
Active:           425340 kB
Mem:          3.8G       763M       3.1G       5.7M        51M       319M

MemTotal:        4016004 kB
MemFree:         3234472 kB
Active:           425340 kB
Mem:          3.8G       763M       3.1G       5.7M        51M       319M

MemTotal:        4016004 kB
MemFree:         3234472 kB
Active:           425384 kB
Mem:          3.8G       763M       3.1G       5.7M        51M       319M

MemTotal:        4016004 kB
MemFree:         3234348 kB
Active:           425384 kB
Mem:          3.8G       763M       3.1G       5.7M        51M       319M

MemTotal:        4016004 kB
MemFree:         3234348 kB
Active:           425384 kB
Mem:          3.8G       763M       3.1G       5.7M        51M       319M

MemTotal:        4016004 kB
MemFree:         3234472 kB
Active:           425360 kB
Mem:          3.8G       763M       3.1G       5.7M        51M       319M

MemTotal:        4016004 kB
MemFree:         3234472 kB
Active:           425380 kB
Mem:          3.8G       763M       3.1G       5.7M        51M       319M

MemTotal:        4016004 kB
MemFree:         3234720 kB
Active:           425380 kB
Mem:          3.8G       763M       3.1G       5.7M        51M       319M

MemTotal:        4016004 kB
MemFree:         3234472 kB
Active:           425384 kB
Mem:          3.8G       763M       3.1G       5.7M        51M       319M

MemTotal:        4016004 kB
MemFree:         3234348 kB
Active:           425388 kB
Mem:          3.8G       763M       3.1G       5.7M        51M       319M

MemTotal:        4016004 kB
MemFree:         3234472 kB
Active:           425388 kB
Mem:          3.8G       763M       3.1G       5.7M        51M       319M

MemTotal:        4016004 kB
MemFree:         3234348 kB
Active:           425392 kB
Mem:          3.8G       763M       3.1G       5.7M        51M       319M

MemTotal:        4016004 kB
MemFree:         3234472 kB
Active:           425396 kB
Mem:          3.8G       763M       3.1G       5.7M        51M       319M

MemTotal:        4016004 kB
MemFree:         3234224 kB
Active:           425372 kB
Mem:          3.8G       763M       3.1G       5.7M        51M       319M

MemTotal:        4016004 kB
MemFree:         3234348 kB
Active:           425376 kB
Mem:          3.8G       763M       3.1G       5.7M        51M       319M

MemTotal:        4016004 kB
MemFree:         3234348 kB
Active:           425396 kB
Mem:          3.8G       763M       3.1G       5.7M        51M       319M

MemTotal:        4016004 kB
MemFree:         3234596 kB
Active:           425376 kB
Mem:          3.8G       763M       3.1G       5.7M        51M       319M

MemTotal:        4016004 kB
MemFree:         3234844 kB
Active:           425380 kB
Mem:          3.8G       763M       3.1G       5.7M        51M       319M

MemTotal:        4016004 kB
MemFree:         3234472 kB
Active:           425424 kB
Mem:          3.8G       763M       3.1G       5.7M        51M       319M

MemTotal:        4016004 kB
MemFree:         3234348 kB
Active:           425400 kB
Mem:          3.8G       763M       3.1G       5.7M        51M       319M

MemTotal:        4016004 kB
MemFree:         3234348 kB
Active:           425416 kB
Mem:          3.8G       763M       3.1G       5.7M        51M       319M

MemTotal:        4016004 kB
MemFree:         3234348 kB
Active:           425408 kB
Mem:          3.8G       763M       3.1G       5.7M        51M       319M

MemTotal:        4016004 kB
MemFree:         3234472 kB
Active:           425424 kB
Mem:          3.8G       763M       3.1G       5.7M        51M       319M

MemTotal:        4016004 kB
MemFree:         3234100 kB
Active:           425388 kB
Mem:          3.8G       763M       3.1G       5.7M        51M       319M

MemTotal:        4016004 kB
MemFree:         3234100 kB
Active:           425396 kB
Mem:          3.8G       763M       3.1G       5.7M        51M       319M

MemTotal:        4016004 kB
MemFree:         3234224 kB
Active:           425420 kB
Mem:          3.8G       763M       3.1G       5.7M        51M       319M

MemTotal:        4016004 kB
MemFree:         3234348 kB
Active:           425384 kB
Mem:          3.8G       763M       3.1G       5.7M        51M       319M

MemTotal:        4016004 kB
MemFree:         3234348 kB
Active:           425380 kB
Mem:          3.8G       763M       3.1G       5.7M        51M       319M

MemTotal:        4016004 kB
MemFree:         3234348 kB
Active:           425392 kB
Mem:          3.8G       763M       3.1G       5.7M        51M       319M

MemTotal:        4016004 kB
MemFree:         3234348 kB
Active:           425432 kB
Mem:          3.8G       763M       3.1G       5.7M        51M       319M

MemTotal:        4016004 kB
MemFree:         3234472 kB
Active:           425424 kB
Mem:          3.8G       763M       3.1G       5.7M        51M       319M

MemTotal:        4016004 kB
MemFree:         3234348 kB
Active:           425412 kB
Mem:          3.8G       763M       3.1G       5.7M        51M       319M

MemTotal:        4016004 kB
MemFree:         3234100 kB
Active:           425404 kB
Mem:          3.8G       763M       3.1G       5.7M        51M       319M

MemTotal:        4016004 kB
MemFree:         3234224 kB
Active:           425440 kB
Mem:          3.8G       763M       3.1G       5.7M        51M       319M

MemTotal:        4016004 kB
MemFree:         3234348 kB
Active:           425416 kB
Mem:          3.8G       763M       3.1G       5.7M        51M       319M

MemTotal:        4016004 kB
MemFree:         3234348 kB
Active:           425428 kB
Mem:          3.8G       763M       3.1G       5.7M        51M       319M

MemTotal:        4016004 kB
MemFree:         3234472 kB
Active:           425420 kB
Mem:          3.8G       763M       3.1G       5.7M        51M       319M

MemTotal:        4016004 kB
MemFree:         3234224 kB
Active:           425436 kB
Mem:          3.8G       763M       3.1G       5.7M        51M       319M

MemTotal:        4016004 kB
MemFree:         3234224 kB
Active:           425424 kB
Mem:          3.8G       763M       3.1G       5.7M        51M       319M

MemTotal:        4016004 kB
MemFree:         3234224 kB
Active:           425436 kB
Mem:          3.8G       763M       3.1G       5.7M        51M       319M

MemTotal:        4016004 kB
MemFree:         3234224 kB
Active:           425432 kB
Mem:          3.8G       763M       3.1G       5.7M        51M       319M

MemTotal:        4016004 kB
MemFree:         3234348 kB
Active:           425452 kB
Mem:          3.8G       763M       3.1G       5.7M        51M       319M

MemTotal:        4016004 kB
MemFree:         3234100 kB
Active:           425452 kB
Mem:          3.8G       763M       3.1G       5.7M        51M       319M

MemTotal:        4016004 kB
MemFree:         3234968 kB
Active:           425472 kB
Mem:          3.8G       762M       3.1G       5.7M        51M       319M

MemTotal:        4016004 kB
MemFree:         3228736 kB
Active:           430428 kB
Mem:          3.8G       769M       3.1G       5.7M        55M       319M

MemTotal:        4016004 kB
MemFree:         3224504 kB
Active:           433492 kB
Mem:          3.8G       772M       3.1G       5.7M        58M       319M

MemTotal:        4016004 kB
MemFree:         3225080 kB
Active:           433224 kB
Mem:          3.8G       772M       3.1G       5.7M        58M       319M

MemTotal:        4016004 kB
MemFree:         3224708 kB
Active:           433280 kB
Mem:          3.8G       772M       3.1G       5.7M        58M       319M

MemTotal:        4016004 kB
MemFree:         3224708 kB
Active:           433268 kB
Mem:          3.8G       772M       3.1G       5.7M        58M       319M

MemTotal:        4016004 kB
MemFree:         3224832 kB
Active:           433260 kB
Mem:          3.8G       772M       3.1G       5.7M        58M       319M

MemTotal:        4016004 kB
MemFree:         3224832 kB
Active:           433264 kB
Mem:          3.8G       772M       3.1G       5.7M        58M       319M

MemTotal:        4016004 kB
MemFree:         3224956 kB
Active:           433276 kB
Mem:          3.8G       772M       3.1G       5.7M        58M       319M

MemTotal:        4016004 kB
MemFree:         3225080 kB
Active:           433232 kB
Mem:          3.8G       772M       3.1G       5.7M        58M       319M

MemTotal:        4016004 kB
MemFree:         3224956 kB
Active:           433288 kB
Mem:          3.8G       772M       3.1G       5.7M        58M       319M

MemTotal:        4016004 kB
MemFree:         3225328 kB
Active:           433284 kB
Mem:          3.8G       772M       3.1G       5.7M        58M       319M

MemTotal:        4016004 kB
MemFree:         3225576 kB
Active:           433252 kB
Mem:          3.8G       771M       3.1G       5.7M        58M       319M

MemTotal:        4016004 kB
MemFree:         3225080 kB
Active:           433296 kB
Mem:          3.8G       772M       3.1G       5.7M        58M       319M

MemTotal:        4016004 kB
MemFree:         3225452 kB
Active:           433248 kB
Mem:          3.8G       771M       3.1G       5.7M        58M       319M

MemTotal:        4016004 kB
MemFree:         3225948 kB
Active:           433236 kB
Mem:          3.8G       771M       3.1G       5.7M        58M       319M

MemTotal:        4016004 kB
MemFree:         3225576 kB
Active:           433284 kB
Mem:          3.8G       771M       3.1G       5.7M        58M       319M

MemTotal:        4016004 kB
MemFree:         3225576 kB
Active:           433284 kB
Mem:          3.8G       771M       3.1G       5.7M        58M       319M

MemTotal:        4016004 kB
MemFree:         3225328 kB
Active:           433312 kB
Mem:          3.8G       772M       3.1G       5.7M        58M       319M

MemTotal:        4016004 kB
MemFree:         3225080 kB
Active:           433288 kB
Mem:          3.8G       772M       3.1G       5.7M        58M       319M

MemTotal:        4016004 kB
MemFree:         3225080 kB
Active:           433280 kB
Mem:          3.8G       772M       3.1G       5.7M        58M       319M

MemTotal:        4016004 kB
MemFree:         3225080 kB
Active:           433300 kB
Mem:          3.8G       772M       3.1G       5.7M        58M       319M

MemTotal:        4016004 kB
MemFree:         3224956 kB
Active:           433308 kB
Mem:          3.8G       772M       3.1G       5.7M        58M       319M

MemTotal:        4016004 kB
MemFree:         3224832 kB
Active:           433304 kB
Mem:          3.8G       772M       3.1G       5.7M        58M       319M

MemTotal:        4016004 kB
MemFree:         3224832 kB
Active:           433320 kB
Mem:          3.8G       772M       3.1G       5.7M        58M       319M

MemTotal:        4016004 kB
MemFree:         3225080 kB
Active:           433264 kB
Mem:          3.8G       772M       3.1G       5.7M        58M       319M

MemTotal:        4016004 kB
MemFree:         3225080 kB
Active:           433284 kB
Mem:          3.8G       772M       3.1G       5.7M        58M       319M

MemTotal:        4016004 kB
MemFree:         3225328 kB
Active:           433304 kB
Mem:          3.8G       772M       3.1G       5.7M        58M       319M

MemTotal:        4016004 kB
MemFree:         3225204 kB
Active:           433324 kB
Mem:          3.8G       772M       3.1G       5.7M        58M       319M

MemTotal:        4016004 kB
MemFree:         3225080 kB
Active:           433312 kB
Mem:          3.8G       772M       3.1G       5.7M        58M       319M

MemTotal:        4016004 kB
MemFree:         3225204 kB
Active:           433332 kB
Mem:          3.8G       772M       3.1G       5.7M        58M       319M

MemTotal:        4016004 kB
MemFree:         3224956 kB
Active:           433332 kB
Mem:          3.8G       772M       3.1G       5.7M        58M       319M

MemTotal:        4016004 kB
MemFree:         3224956 kB
Active:           433332 kB
Mem:          3.8G       772M       3.1G       5.7M        58M       319M

MemTotal:        4016004 kB
MemFree:         3224956 kB
Active:           433308 kB
Mem:          3.8G       772M       3.1G       5.7M        58M       319M

MemTotal:        4016004 kB
MemFree:         3224956 kB
Active:           433316 kB
Mem:          3.8G       772M       3.1G       5.7M        58M       319M

MemTotal:        4016004 kB
MemFree:         3224832 kB
Active:           433288 kB
Mem:          3.8G       772M       3.1G       5.7M        58M       319M

MemTotal:        4016004 kB
MemFree:         3224708 kB
Active:           433292 kB
Mem:          3.8G       772M       3.1G       5.7M        58M       319M

MemTotal:        4016004 kB
MemFree:         3224956 kB
Active:           433320 kB
Mem:          3.8G       772M       3.1G       5.7M        58M       319M

MemTotal:        4016004 kB
MemFree:         3224956 kB
Active:           433320 kB
Mem:          3.8G       772M       3.1G       5.7M        58M       319M

MemTotal:        4016004 kB
MemFree:         3224956 kB
Active:           433344 kB
Mem:          3.8G       772M       3.1G       5.7M        58M       319M

MemTotal:        4016004 kB
MemFree:         3224956 kB
Active:           433336 kB
Mem:          3.8G       772M       3.1G       5.7M        58M       319M

MemTotal:        4016004 kB
MemFree:         3224832 kB
Active:           433304 kB
Mem:          3.8G       772M       3.1G       5.7M        58M       319M

MemTotal:        4016004 kB
MemFree:         3224956 kB
Active:           433316 kB
Mem:          3.8G       772M       3.1G       5.7M        58M       319M

MemTotal:        4016004 kB
MemFree:         3224956 kB
Active:           433316 kB
Mem:          3.8G       772M       3.1G       5.7M        58M       319M

MemTotal:        4016004 kB
MemFree:         3224956 kB
Active:           433352 kB
Mem:          3.8G       772M       3.1G       5.7M        58M       319M

MemTotal:        4016004 kB
MemFree:         3225080 kB
Active:           433320 kB
Mem:          3.8G       772M       3.1G       5.7M        58M       319M

MemTotal:        4016004 kB
MemFree:         3224832 kB
Active:           433332 kB
Mem:          3.8G       772M       3.1G       5.7M        58M       319M

MemTotal:        4016004 kB
MemFree:         3225080 kB
Active:           433344 kB
Mem:          3.8G       772M       3.1G       5.7M        58M       319M

MemTotal:        4016004 kB
MemFree:         3225080 kB
Active:           433356 kB
Mem:          3.8G       772M       3.1G       5.7M        58M       319M

MemTotal:        4016004 kB
MemFree:         3225080 kB
Active:           433336 kB
Mem:          3.8G       772M       3.1G       5.7M        58M       319M

MemTotal:        4016004 kB
MemFree:         3224956 kB
Active:           433368 kB
Mem:          3.8G       772M       3.1G       5.7M        58M       319M

MemTotal:        4016004 kB
MemFree:         3224956 kB
Active:           433368 kB
Mem:          3.8G       772M       3.1G       5.7M        58M       319M

MemTotal:        4016004 kB
MemFree:         3224956 kB
Active:           433336 kB
Mem:          3.8G       772M       3.1G       5.7M        58M       319M

MemTotal:        4016004 kB
MemFree:         3225080 kB
Active:           433332 kB
Mem:          3.8G       772M       3.1G       5.7M        58M       319M

MemTotal:        4016004 kB
MemFree:         3224832 kB
Active:           433324 kB
Mem:          3.8G       772M       3.1G       5.7M        58M       319M

MemTotal:        4016004 kB
MemFree:         3224832 kB
Active:           433348 kB
Mem:          3.8G       772M       3.1G       5.7M        58M       319M

MemTotal:        4016004 kB
MemFree:         3224832 kB
Active:           433340 kB
Mem:          3.8G       772M       3.1G       5.7M        58M       319M

MemTotal:        4016004 kB
MemFree:         3224956 kB
Active:           433356 kB
Mem:          3.8G       772M       3.1G       5.7M        58M       319M

MemTotal:        4016004 kB
MemFree:         3224956 kB
Active:           433384 kB
Mem:          3.8G       772M       3.1G       5.7M        58M       319M

MemTotal:        4016004 kB
MemFree:         3224956 kB
Active:           433368 kB
Mem:          3.8G       772M       3.1G       5.7M        58M       319M

MemTotal:        4016004 kB
MemFree:         3224460 kB
Active:           433356 kB
Mem:          3.8G       773M       3.1G       5.7M        58M       319M

MemTotal:        4016004 kB
MemFree:         3224460 kB
Active:           433436 kB
Mem:          3.8G       772M       3.1G       5.7M        58M       319M

MemTotal:        4016004 kB
MemFree:         3224584 kB
Active:           433436 kB
Mem:          3.8G       772M       3.1G       5.7M        58M       319M

MemTotal:        4016004 kB
MemFree:         3225080 kB
Active:           433444 kB
Mem:          3.8G       772M       3.1G       5.7M        58M       319M

MemTotal:        4016004 kB
MemFree:         3224568 kB
Active:           433516 kB
Mem:          3.8G       773M       3.1G       5.7M        58M       319M

MemTotal:        4016004 kB
MemFree:         3224444 kB
Active:           433472 kB
Mem:          3.8G       772M       3.1G       5.7M        58M       319M

MemTotal:        4016004 kB
MemFree:         3224444 kB
Active:           433492 kB
Mem:          3.8G       773M       3.1G       5.7M        58M       319M

MemTotal:        4016004 kB
MemFree:         3224692 kB
Active:           433464 kB
Mem:          3.8G       772M       3.1G       5.7M        58M       319M

MemTotal:        4016004 kB
MemFree:         3225560 kB
Active:           433516 kB
Mem:          3.8G       772M       3.1G       5.7M        58M       319M

MemTotal:        4016004 kB
MemFree:         3225312 kB
Active:           433472 kB
Mem:          3.8G       772M       3.1G       5.7M        58M       319M

MemTotal:        4016004 kB
MemFree:         3224940 kB
Active:           433500 kB
Mem:          3.8G       772M       3.1G       5.7M        58M       319M

MemTotal:        4016004 kB
MemFree:         3225064 kB
Active:           433480 kB
Mem:          3.8G       772M       3.1G       5.7M        58M       319M

MemTotal:        4016004 kB
MemFree:         3224940 kB
Active:           433516 kB
Mem:          3.8G       772M       3.1G       5.7M        58M       319M

MemTotal:        4016004 kB
MemFree:         3225064 kB
Active:           433524 kB
Mem:          3.8G       772M       3.1G       5.7M        58M       319M

MemTotal:        4016004 kB
MemFree:         3224692 kB
Active:           433512 kB
Mem:          3.8G       772M       3.1G       5.7M        58M       319M

MemTotal:        4016004 kB
MemFree:         3224816 kB
Active:           433500 kB
Mem:          3.8G       772M       3.1G       5.7M        58M       319M

MemTotal:        4016004 kB
MemFree:         3224692 kB
Active:           433520 kB
Mem:          3.8G       772M       3.1G       5.7M        58M       319M

MemTotal:        4016004 kB
MemFree:         3224676 kB
Active:           433504 kB
Mem:          3.8G       772M       3.1G       5.7M        58M       319M

MemTotal:        4016004 kB
MemFree:         3224940 kB
Active:           433528 kB
Mem:          3.8G       772M       3.1G       5.7M        58M       319M

MemTotal:        4016004 kB
MemFree:         3224956 kB
Active:           433512 kB
Mem:          3.8G       772M       3.1G       5.7M        58M       319M

MemTotal:        4016004 kB
MemFree:         3224956 kB
Active:           433488 kB
Mem:          3.8G       772M       3.1G       5.7M        58M       319M

MemTotal:        4016004 kB
MemFree:         3225080 kB
Active:           433516 kB
Mem:          3.8G       772M       3.1G       5.7M        58M       319M

MemTotal:        4016004 kB
MemFree:         3224708 kB
Active:           433532 kB
Mem:          3.8G       772M       3.1G       5.7M        58M       319M

MemTotal:        4016004 kB
MemFree:         3224708 kB
Active:           433516 kB
Mem:          3.8G       772M       3.1G       5.7M        58M       319M

MemTotal:        4016004 kB
MemFree:         3224708 kB
Active:           433544 kB
Mem:          3.8G       772M       3.1G       5.7M        58M       319M

MemTotal:        4016004 kB
MemFree:         3224708 kB
Active:           433496 kB
Mem:          3.8G       772M       3.1G       5.7M        58M       319M

MemTotal:        4016004 kB
MemFree:         3225604 kB
Active:           433248 kB
Mem:          3.8G       771M       3.1G       5.7M        58M       319M

MemTotal:        4016004 kB
MemFree:         3225852 kB
Active:           433208 kB
Mem:          3.8G       771M       3.1G       5.7M        58M       319M

MemTotal:        4016004 kB
MemFree:         3225728 kB
Active:           433220 kB
Mem:          3.8G       771M       3.1G       5.7M        58M       319M

MemTotal:        4016004 kB
MemFree:         3225604 kB
Active:           433252 kB
Mem:          3.8G       771M       3.1G       5.7M        58M       319M

MemTotal:        4016004 kB
MemFree:         3226224 kB
Active:           433204 kB
Mem:          3.8G       771M       3.1G       5.7M        58M       319M

MemTotal:        4016004 kB
MemFree:         3226224 kB
Active:           433240 kB
Mem:          3.8G       771M       3.1G       5.7M        58M       319M

MemTotal:        4016004 kB
MemFree:         3226100 kB
Active:           433200 kB
Mem:          3.8G       771M       3.1G       5.7M        58M       319M

MemTotal:        4016004 kB
MemFree:         3226224 kB
Active:           433244 kB
Mem:          3.8G       771M       3.1G       5.7M        58M       319M

MemTotal:        4016004 kB
MemFree:         3226100 kB
Active:           433236 kB
Mem:          3.8G       771M       3.1G       5.7M        58M       319M

MemTotal:        4016004 kB
MemFree:         3225976 kB
Active:           433248 kB
Mem:          3.8G       771M       3.1G       5.7M        58M       319M

MemTotal:        4016004 kB
MemFree:         3225976 kB
Active:           433228 kB
Mem:          3.8G       771M       3.1G       5.7M        58M       319M

MemTotal:        4016004 kB
MemFree:         3225976 kB
Active:           433208 kB
Mem:          3.8G       771M       3.1G       5.7M        58M       319M

MemTotal:        4016004 kB
MemFree:         3225852 kB
Active:           433252 kB
Mem:          3.8G       771M       3.1G       5.7M        58M       319M

MemTotal:        4016004 kB
MemFree:         3225480 kB
Active:           433272 kB
Mem:          3.8G       771M       3.1G       5.7M        58M       319M

MemTotal:        4016004 kB
MemFree:         3226100 kB
Active:           433248 kB
Mem:          3.8G       771M       3.1G       5.7M        58M       319M

MemTotal:        4016004 kB
MemFree:         3226100 kB
Active:           433268 kB
Mem:          3.8G       771M       3.1G       5.7M        58M       319M

MemTotal:        4016004 kB
MemFree:         3225356 kB
Active:           433272 kB
Mem:          3.8G       771M       3.1G       5.7M        58M       319M

MemTotal:        4016004 kB
MemFree:         3225728 kB
Active:           433232 kB
Mem:          3.8G       771M       3.1G       5.7M        58M       319M

MemTotal:        4016004 kB
MemFree:         3225728 kB
Active:           433240 kB
Mem:          3.8G       771M       3.1G       5.7M        58M       319M

MemTotal:        4016004 kB
MemFree:         3225728 kB
Active:           433252 kB
Mem:          3.8G       771M       3.1G       5.7M        58M       319M

MemTotal:        4016004 kB
MemFree:         3225728 kB
Active:           433236 kB
Mem:          3.8G       771M       3.1G       5.7M        58M       319M

MemTotal:        4016004 kB
MemFree:         3225356 kB
Active:           433284 kB
Mem:          3.8G       772M       3.1G       5.7M        58M       319M

MemTotal:        4016004 kB
MemFree:         3225604 kB
Active:           433236 kB
Mem:          3.8G       771M       3.1G       5.7M        58M       319M

MemTotal:        4016004 kB
MemFree:         3225852 kB
Active:           433284 kB
Mem:          3.8G       771M       3.1G       5.7M        58M       319M

MemTotal:        4016004 kB
MemFree:         3225976 kB
Active:           433252 kB
Mem:          3.8G       771M       3.1G       5.7M        58M       319M

MemTotal:        4016004 kB
MemFree:         3225976 kB
Active:           433244 kB
Mem:          3.8G       771M       3.1G       5.7M        58M       319M

MemTotal:        4016004 kB
MemFree:         3226100 kB
Active:           433284 kB
Mem:          3.8G       771M       3.1G       5.7M        58M       319M

MemTotal:        4016004 kB
MemFree:         3225976 kB
Active:           433248 kB
Mem:          3.8G       771M       3.1G       5.7M        58M       320M

MemTotal:        4016004 kB
MemFree:         3225852 kB
Active:           433280 kB
Mem:          3.8G       771M       3.1G       5.7M        58M       320M

MemTotal:        4016004 kB
MemFree:         3225976 kB
Active:           433260 kB
Mem:          3.8G       771M       3.1G       5.7M        58M       320M

MemTotal:        4016004 kB
MemFree:         3225480 kB
Active:           433308 kB
Mem:          3.8G       772M       3.1G       5.7M        58M       320M

MemTotal:        4016004 kB
MemFree:         3225480 kB
Active:           433296 kB
Mem:          3.8G       772M       3.1G       5.7M        58M       319M

MemTotal:        4016004 kB
MemFree:         3225324 kB
Active:           433296 kB
Mem:          3.8G       771M       3.1G       5.7M        58M       320M

MemTotal:        4016004 kB
MemFree:         3225976 kB
Active:           433312 kB
Mem:          3.8G       771M       3.1G       5.7M        58M       320M

MemTotal:        4016004 kB
MemFree:         3225852 kB
Active:           433276 kB
Mem:          3.8G       771M       3.1G       5.7M        58M       320M

MemTotal:        4016004 kB
MemFree:         3225852 kB
Active:           433308 kB
Mem:          3.8G       771M       3.1G       5.7M        58M       320M

MemTotal:        4016004 kB
MemFree:         3225852 kB
Active:           433272 kB
Mem:          3.8G       771M       3.1G       5.7M        58M       320M

MemTotal:        4016004 kB
MemFree:         3225976 kB
Active:           433300 kB
Mem:          3.8G       771M       3.1G       5.7M        58M       320M

MemTotal:        4016004 kB
MemFree:         3225604 kB
Active:           433328 kB
Mem:          3.8G       771M       3.1G       5.7M        58M       320M

MemTotal:        4016004 kB
MemFree:         3225976 kB
Active:           433324 kB
Mem:          3.8G       771M       3.1G       5.7M        58M       320M

MemTotal:        4016004 kB
MemFree:         3225728 kB
Active:           433324 kB
Mem:          3.8G       771M       3.1G       5.7M        58M       320M

MemTotal:        4016004 kB
MemFree:         3225604 kB
Active:           433320 kB
Mem:          3.8G       771M       3.1G       5.7M        58M       320M

MemTotal:        4016004 kB
MemFree:         3225728 kB
Active:           433308 kB
Mem:          3.8G       771M       3.1G       5.7M        58M       320M

MemTotal:        4016004 kB
MemFree:         3225356 kB
Active:           433340 kB
Mem:          3.8G       771M       3.1G       5.7M        58M       320M

MemTotal:        4016004 kB
MemFree:         3225604 kB
Active:           433300 kB
Mem:          3.8G       771M       3.1G       5.7M        58M       320M

MemTotal:        4016004 kB
MemFree:         3225852 kB
Active:           433324 kB
Mem:          3.8G       771M       3.1G       5.7M        58M       320M

MemTotal:        4016004 kB
MemFree:         3225480 kB
Active:           433316 kB
Mem:          3.8G       771M       3.1G       5.7M        58M       320M

MemTotal:        4016004 kB
MemFree:         3225976 kB
Active:           433304 kB
Mem:          3.8G       771M       3.1G       5.7M        58M       320M

MemTotal:        4016004 kB
MemFree:         3225604 kB
Active:           433348 kB
Mem:          3.8G       771M       3.1G       5.7M        58M       320M

MemTotal:        4016004 kB
MemFree:         3225852 kB
Active:           433340 kB
Mem:          3.8G       771M       3.1G       5.7M        58M       320M

MemTotal:        4016004 kB
MemFree:         3226224 kB
Active:           433320 kB
Mem:          3.8G       771M       3.1G       5.7M        58M       320M

MemTotal:        4016004 kB
MemFree:         3226224 kB
Active:           433328 kB
Mem:          3.8G       771M       3.1G       5.7M        58M       320M

MemTotal:        4016004 kB
MemFree:         3225852 kB
Active:           433328 kB
Mem:          3.8G       771M       3.1G       5.7M        58M       320M

MemTotal:        4016004 kB
MemFree:         3225976 kB
Active:           433324 kB
Mem:          3.8G       771M       3.1G       5.7M        58M       320M

MemTotal:        4016004 kB
MemFree:         3225852 kB
Active:           433332 kB
Mem:          3.8G       771M       3.1G       5.7M        58M       320M

MemTotal:        4016004 kB
MemFree:         3225852 kB
Active:           433364 kB
Mem:          3.8G       771M       3.1G       5.7M        58M       320M

MemTotal:        4016004 kB
MemFree:         3226348 kB
Active:           433332 kB
Mem:          3.8G       771M       3.1G       5.7M        58M       320M

MemTotal:        4016004 kB
MemFree:         3226100 kB
Active:           433312 kB
Mem:          3.8G       771M       3.1G       5.7M        58M       320M

MemTotal:        4016004 kB
MemFree:         3225604 kB
Active:           433364 kB
Mem:          3.8G       771M       3.1G       5.7M        58M       320M

MemTotal:        4016004 kB
MemFree:         3225852 kB
Active:           433308 kB
Mem:          3.8G       771M       3.1G       5.7M        58M       320M

MemTotal:        4016004 kB
MemFree:         3225976 kB
Active:           433336 kB
Mem:          3.8G       771M       3.1G       5.7M        58M       320M

MemTotal:        4016004 kB
MemFree:         3225480 kB
Active:           433324 kB
Mem:          3.8G       771M       3.1G       5.7M        58M       320M

MemTotal:        4016004 kB
MemFree:         3225604 kB
Active:           433320 kB
Mem:          3.8G       771M       3.1G       5.7M        58M       320M

MemTotal:        4016004 kB
MemFree:         3225728 kB
Active:           433344 kB
Mem:          3.8G       771M       3.1G       5.7M        58M       320M

MemTotal:        4016004 kB
MemFree:         3225852 kB
Active:           433316 kB
Mem:          3.8G       771M       3.1G       5.7M        58M       320M

MemTotal:        4016004 kB
MemFree:         3225976 kB
Active:           433336 kB
Mem:          3.8G       771M       3.1G       5.7M        58M       320M

MemTotal:        4016004 kB
MemFree:         3225852 kB
Active:           433384 kB
Mem:          3.8G       771M       3.1G       5.7M        58M       320M

MemTotal:        4016004 kB
MemFree:         3226472 kB
Active:           433332 kB
Mem:          3.8G       771M       3.1G       5.7M        58M       320M

MemTotal:        4016004 kB
MemFree:         3226348 kB
Active:           433344 kB
Mem:          3.8G       771M       3.1G       5.7M        58M       320M

MemTotal:        4016004 kB
MemFree:         3226472 kB
Active:           433344 kB
Mem:          3.8G       771M       3.1G       5.7M        58M       320M

MemTotal:        4016004 kB
MemFree:         3225976 kB
Active:           433396 kB
Mem:          3.8G       771M       3.1G       5.7M        59M       320M

MemTotal:        4016004 kB
MemFree:         3225976 kB
Active:           433356 kB
Mem:          3.8G       771M       3.1G       5.7M        59M       320M

MemTotal:        4016004 kB
MemFree:         3225976 kB
Active:           433384 kB
Mem:          3.8G       771M       3.1G       5.7M        59M       320M

MemTotal:        4016004 kB
MemFree:         3225728 kB
Active:           433352 kB
Mem:          3.8G       771M       3.1G       5.7M        59M       320M

MemTotal:        4016004 kB
MemFree:         3225852 kB
Active:           433400 kB
Mem:          3.8G       771M       3.1G       5.7M        59M       320M

MemTotal:        4016004 kB
MemFree:         3225976 kB
Active:           433376 kB
Mem:          3.8G       771M       3.1G       5.7M        59M       320M

MemTotal:        4016004 kB
MemFree:         3226224 kB
Active:           433360 kB
Mem:          3.8G       771M       3.1G       5.7M        59M       320M

MemTotal:        4016004 kB
MemFree:         3226224 kB
Active:           433388 kB
Mem:          3.8G       771M       3.1G       5.7M        59M       320M

MemTotal:        4016004 kB
MemFree:         3226348 kB
Active:           433352 kB
Mem:          3.8G       771M       3.1G       5.7M        59M       320M

MemTotal:        4016004 kB
MemFree:         3226100 kB
Active:           433392 kB
Mem:          3.8G       771M       3.1G       5.7M        59M       320M

MemTotal:        4016004 kB
MemFree:         3226224 kB
Active:           433400 kB
Mem:          3.8G       771M       3.1G       5.7M        59M       320M

MemTotal:        4016004 kB
MemFree:         3226100 kB
Active:           433360 kB
Mem:          3.8G       771M       3.1G       5.7M        59M       320M

MemTotal:        4016004 kB
MemFree:         3226100 kB
Active:           433360 kB
Mem:          3.8G       771M       3.1G       5.7M        59M       320M

MemTotal:        4016004 kB
MemFree:         3226224 kB
Active:           433384 kB
Mem:          3.8G       771M       3.1G       5.7M        59M       320M

MemTotal:        4016004 kB
MemFree:         3226100 kB
Active:           433408 kB
Mem:          3.8G       771M       3.1G       5.7M        59M       320M

MemTotal:        4016004 kB
MemFree:         3226100 kB
Active:           433400 kB
Mem:          3.8G       771M       3.1G       5.7M        59M       320M

MemTotal:        4016004 kB
MemFree:         3225976 kB
Active:           433388 kB
Mem:          3.8G       771M       3.1G       5.7M        59M       320M

MemTotal:        4016004 kB
MemFree:         3225976 kB
Active:           433400 kB
Mem:          3.8G       771M       3.1G       5.7M        59M       320M

MemTotal:        4016004 kB
MemFree:         3226224 kB
Active:           433384 kB
Mem:          3.8G       771M       3.1G       5.7M        59M       320M

MemTotal:        4016004 kB
MemFree:         3226100 kB
Active:           433424 kB
Mem:          3.8G       771M       3.1G       5.7M        59M       320M

MemTotal:        4016004 kB
MemFree:         3226224 kB
Active:           433392 kB
Mem:          3.8G       771M       3.1G       5.7M        59M       320M

MemTotal:        4016004 kB
MemFree:         3226100 kB
Active:           433440 kB
Mem:          3.8G       771M       3.1G       5.7M        59M       320M

MemTotal:        4016004 kB
MemFree:         3226224 kB
Active:           433396 kB
Mem:          3.8G       771M       3.1G       5.7M        59M       320M

MemTotal:        4016004 kB
MemFree:         3226348 kB
Active:           433436 kB
Mem:          3.8G       771M       3.1G       5.7M        59M       320M

MemTotal:        4016004 kB
MemFree:         3225976 kB
Active:           433404 kB
Mem:          3.8G       771M       3.1G       5.7M        59M       320M

MemTotal:        4016004 kB
MemFree:         3225604 kB
Active:           433440 kB
Mem:          3.8G       771M       3.1G       5.7M        59M       320M

MemTotal:        4016004 kB
MemFree:         3226100 kB
Active:           433432 kB
Mem:          3.8G       771M       3.1G       5.7M        59M       320M

MemTotal:        4016004 kB
MemFree:         3225960 kB
Active:           433420 kB
Mem:          3.8G       771M       3.1G       5.7M        59M       320M

MemTotal:        4016004 kB
MemFree:         3225836 kB
Active:           433424 kB
Mem:          3.8G       771M       3.1G       5.7M        59M       320M

MemTotal:        4016004 kB
MemFree:         3226084 kB
Active:           433440 kB
Mem:          3.8G       771M       3.1G       5.7M        59M       320M

MemTotal:        4016004 kB
MemFree:         3225976 kB
Active:           433432 kB
Mem:          3.8G       771M       3.1G       5.7M        59M       320M

MemTotal:        4016004 kB
MemFree:         3225852 kB
Active:           433448 kB
Mem:          3.8G       771M       3.1G       5.7M        59M       320M

MemTotal:        4016004 kB
MemFree:         3226100 kB
Active:           433412 kB
Mem:          3.8G       771M       3.1G       5.7M        59M       320M

MemTotal:        4016004 kB
MemFree:         3226100 kB
Active:           433456 kB
Mem:          3.8G       771M       3.1G       5.7M        59M       320M

MemTotal:        4016004 kB
MemFree:         3225852 kB
Active:           433448 kB
Mem:          3.8G       771M       3.1G       5.7M        59M       320M

MemTotal:        4016004 kB
MemFree:         3225852 kB
Active:           433416 kB
Mem:          3.8G       771M       3.1G       5.7M        59M       320M

MemTotal:        4016004 kB
MemFree:         3225976 kB
Active:           433404 kB
Mem:          3.8G       771M       3.1G       5.7M        59M       320M

MemTotal:        4016004 kB
MemFree:         3225976 kB
Active:           433460 kB
Mem:          3.8G       771M       3.1G       5.7M        59M       320M

MemTotal:        4016004 kB
MemFree:         3226100 kB
Active:           433416 kB
Mem:          3.8G       771M       3.1G       5.7M        59M       320M

MemTotal:        4016004 kB
MemFree:         3225480 kB
Active:           433468 kB
Mem:          3.8G       771M       3.1G       5.7M        59M       320M

MemTotal:        4016004 kB
MemFree:         3226100 kB
Active:           433424 kB
Mem:          3.8G       771M       3.1G       5.7M        59M       320M

MemTotal:        4016004 kB
MemFree:         3225728 kB
Active:           433424 kB
Mem:          3.8G       771M       3.1G       5.7M        59M       320M

MemTotal:        4016004 kB
MemFree:         3225852 kB
Active:           433456 kB
Mem:          3.8G       771M       3.1G       5.7M        59M       320M

MemTotal:        4016004 kB
MemFree:         3225976 kB
Active:           433444 kB
Mem:          3.8G       771M       3.1G       5.7M        59M       320M

MemTotal:        4016004 kB
MemFree:         3225852 kB
Active:           433424 kB
Mem:          3.8G       771M       3.1G       5.7M        59M       320M

MemTotal:        4016004 kB
MemFree:         3225852 kB
Active:           433440 kB
Mem:          3.8G       771M       3.1G       5.7M        59M       320M

MemTotal:        4016004 kB
MemFree:         3226224 kB
Active:           433468 kB
Mem:          3.8G       771M       3.1G       5.7M        59M       320M

MemTotal:        4016004 kB
MemFree:         3226224 kB
Active:           433436 kB
Mem:          3.8G       771M       3.1G       5.7M        59M       320M

MemTotal:        4016004 kB
MemFree:         3226100 kB
Active:           433440 kB
Mem:          3.8G       771M       3.1G       5.7M        59M       320M

MemTotal:        4016004 kB
MemFree:         3225976 kB
Active:           433460 kB
Mem:          3.8G       771M       3.1G       5.7M        59M       320M

MemTotal:        4016004 kB
MemFree:         3225976 kB
Active:           433432 kB
Mem:          3.8G       771M       3.1G       5.7M        59M       320M

MemTotal:        4016004 kB
MemFree:         3226100 kB
Active:           433468 kB
Mem:          3.8G       771M       3.1G       5.7M        59M       320M

MemTotal:        4016004 kB
MemFree:         3226100 kB
Active:           433460 kB
Mem:          3.8G       771M       3.1G       5.7M        59M       320M

MemTotal:        4016004 kB
MemFree:         3225728 kB
Active:           433504 kB
Mem:          3.8G       771M       3.1G       5.7M        59M       320M

MemTotal:        4016004 kB
MemFree:         3226224 kB
Active:           433452 kB
Mem:          3.8G       771M       3.1G       5.7M        59M       320M

MemTotal:        4016004 kB
MemFree:         3226224 kB
Active:           433496 kB
Mem:          3.8G       771M       3.1G       5.7M        59M       320M

MemTotal:        4016004 kB
MemFree:         3226100 kB
Active:           433452 kB
Mem:          3.8G       771M       3.1G       5.7M        59M       320M

MemTotal:        4016004 kB
MemFree:         3226224 kB
Active:           433488 kB
Mem:          3.8G       771M       3.1G       5.7M        59M       320M

MemTotal:        4016004 kB
MemFree:         3225976 kB
Active:           433472 kB
Mem:          3.8G       771M       3.1G       5.7M        59M       320M

MemTotal:        4016004 kB
MemFree:         3226100 kB
Active:           433500 kB
Mem:          3.8G       771M       3.1G       5.7M        59M       320M

MemTotal:        4016004 kB
MemFree:         3225604 kB
Active:           433488 kB
Mem:          3.8G       771M       3.1G       5.7M        59M       320M

MemTotal:        4016004 kB
MemFree:         3225728 kB
Active:           433476 kB
Mem:          3.8G       771M       3.1G       5.7M        59M       320M

MemTotal:        4016004 kB
MemFree:         3225728 kB
Active:           433488 kB
Mem:          3.8G       771M       3.1G       5.7M        59M       320M

MemTotal:        4016004 kB
MemFree:         3225976 kB
Active:           433464 kB
Mem:          3.8G       771M       3.1G       5.7M        59M       320M

MemTotal:        4016004 kB
MemFree:         3226100 kB
Active:           433500 kB
Mem:          3.8G       771M       3.1G       5.7M        59M       320M

MemTotal:        4016004 kB
MemFree:         3226224 kB
Active:           433464 kB
Mem:          3.8G       771M       3.1G       5.7M        59M       320M

MemTotal:        4016004 kB
MemFree:         3226348 kB
Active:           433496 kB
Mem:          3.8G       771M       3.1G       5.7M        59M       320M

MemTotal:        4016004 kB
MemFree:         3225852 kB
Active:           433536 kB
Mem:          3.8G       771M       3.1G       5.7M        59M       320M

MemTotal:        4016004 kB
MemFree:         3226224 kB
Active:           433524 kB
Mem:          3.8G       771M       3.1G       5.7M        59M       320M

MemTotal:        4016004 kB
MemFree:         3226224 kB
Active:           433516 kB
Mem:          3.8G       771M       3.1G       5.7M        59M       320M

MemTotal:        4016004 kB
MemFree:         3226348 kB
Active:           433500 kB
Mem:          3.8G       771M       3.1G       5.7M        59M       320M

MemTotal:        4016004 kB
MemFree:         3226224 kB
Active:           433528 kB
Mem:          3.8G       771M       3.1G       5.7M        59M       320M

MemTotal:        4016004 kB
MemFree:         3226348 kB
Active:           433504 kB
Mem:          3.8G       771M       3.1G       5.7M        59M       320M

MemTotal:        4016004 kB
MemFree:         3226348 kB
Active:           433480 kB
