MemTotal:        4016004 kB
MemFree:         3240080 kB
Active:           418856 kB
Mem:          3.8G       757M       3.1G       5.7M        55M       317M

MemTotal:        4016004 kB
MemFree:         3244028 kB
Active:           414864 kB
Mem:          3.8G       753M       3.1G       5.7M        55M       318M

MemTotal:        4016004 kB
MemFree:         3244120 kB
Active:           414940 kB
Mem:          3.8G       753M       3.1G       5.7M        55M       318M

MemTotal:        4016004 kB
MemFree:         3244476 kB
Active:           414928 kB
Mem:          3.8G       753M       3.1G       5.7M        55M       318M

MemTotal:        4016004 kB
MemFree:         3244460 kB
Active:           414900 kB
Mem:          3.8G       753M       3.1G       5.7M        55M       318M

MemTotal:        4016004 kB
MemFree:         3242148 kB
Active:           414916 kB
Mem:          3.8G       755M       3.1G       5.7M        55M       318M

MemTotal:        4016004 kB
MemFree:         3242644 kB
Active:           416928 kB
Mem:          3.8G       755M       3.1G       5.7M        55M       318M

MemTotal:        4016004 kB
MemFree:         3243264 kB
Active:           416956 kB
Mem:          3.8G       755M       3.1G       5.7M        55M       318M

MemTotal:        4016004 kB
MemFree:         3243140 kB
Active:           416968 kB
Mem:          3.8G       754M       3.1G       5.7M        55M       318M

MemTotal:        4016004 kB
MemFree:         3242768 kB
Active:           416976 kB
Mem:          3.8G       755M       3.1G       5.7M        55M       318M

MemTotal:        4016004 kB
MemFree:         3243140 kB
Active:           416972 kB
Mem:          3.8G       754M       3.1G       5.7M        55M       318M

MemTotal:        4016004 kB
MemFree:         3243140 kB
Active:           416956 kB
Mem:          3.8G       754M       3.1G       5.7M        55M       318M

MemTotal:        4016004 kB
MemFree:         3242892 kB
Active:           416976 kB
Mem:          3.8G       754M       3.1G       5.7M        55M       318M

MemTotal:        4016004 kB
MemFree:         3243140 kB
Active:           416932 kB
Mem:          3.8G       754M       3.1G       5.7M        55M       318M

MemTotal:        4016004 kB
MemFree:         3242768 kB
Active:           416980 kB
Mem:          3.8G       754M       3.1G       5.7M        55M       318M

MemTotal:        4016004 kB
MemFree:         3243264 kB
Active:           416972 kB
Mem:          3.8G       754M       3.1G       5.7M        55M       318M

MemTotal:        4016004 kB
MemFree:         3243668 kB
Active:           416948 kB
Mem:          3.8G       754M       3.1G       5.7M        55M       318M

MemTotal:        4016004 kB
MemFree:         3243544 kB
Active:           416936 kB
Mem:          3.8G       754M       3.1G       5.7M        55M       318M

MemTotal:        4016004 kB
MemFree:         3243544 kB
Active:           416972 kB
Mem:          3.8G       754M       3.1G       5.7M        55M       318M

MemTotal:        4016004 kB
MemFree:         3243080 kB
Active:           416980 kB
Mem:          3.8G       754M       3.1G       5.7M        55M       318M

MemTotal:        4016004 kB
MemFree:         3242708 kB
Active:           416984 kB
Mem:          3.8G       754M       3.1G       5.7M        55M       318M

MemTotal:        4016004 kB
MemFree:         3243328 kB
Active:           416956 kB
Mem:          3.8G       754M       3.1G       5.7M        55M       318M

MemTotal:        4016004 kB
MemFree:         3243328 kB
Active:           416960 kB
Mem:          3.8G       754M       3.1G       5.7M        55M       318M

MemTotal:        4016004 kB
MemFree:         3243452 kB
Active:           416960 kB
Mem:          3.8G       754M       3.1G       5.7M        55M       318M

MemTotal:        4016004 kB
MemFree:         3243080 kB
Active:           416992 kB
Mem:          3.8G       754M       3.1G       5.7M        55M       318M

MemTotal:        4016004 kB
MemFree:         3243204 kB
Active:           416976 kB
Mem:          3.8G       754M       3.1G       5.7M        55M       318M

MemTotal:        4016004 kB
MemFree:         3243204 kB
Active:           416960 kB
Mem:          3.8G       754M       3.1G       5.7M        55M       318M

MemTotal:        4016004 kB
MemFree:         3243204 kB
Active:           416948 kB
Mem:          3.8G       754M       3.1G       5.7M        55M       318M

MemTotal:        4016004 kB
MemFree:         3243252 kB
Active:           416980 kB
Mem:          3.8G       754M       3.1G       5.7M        55M       318M

MemTotal:        4016004 kB
MemFree:         3243252 kB
Active:           416960 kB
Mem:          3.8G       755M       3.1G       5.7M        55M       318M

MemTotal:        4016004 kB
MemFree:         3243004 kB
Active:           417012 kB
Mem:          3.8G       755M       3.1G       5.7M        55M       318M

MemTotal:        4016004 kB
MemFree:         3242756 kB
Active:           417012 kB
Mem:          3.8G       755M       3.1G       5.7M        55M       318M

MemTotal:        4016004 kB
MemFree:         3243128 kB
Active:           417000 kB
Mem:          3.8G       755M       3.1G       5.7M        55M       318M

MemTotal:        4016004 kB
MemFree:         3242616 kB
Active:           417012 kB
Mem:          3.8G       755M       3.1G       5.7M        55M       318M

MemTotal:        4016004 kB
MemFree:         3242864 kB
Active:           417008 kB
Mem:          3.8G       755M       3.1G       5.7M        55M       318M

MemTotal:        4016004 kB
MemFree:         3240692 kB
Active:           416972 kB
Mem:          3.8G       757M       3.1G       5.7M        55M       318M

MemTotal:        4016004 kB
MemFree:         3240816 kB
Active:           419024 kB
Mem:          3.8G       756M       3.1G       5.7M        55M       318M

MemTotal:        4016004 kB
MemFree:         3240552 kB
Active:           419048 kB
Mem:          3.8G       757M       3.1G       5.7M        55M       318M

MemTotal:        4016004 kB
MemFree:         3240800 kB
Active:           419036 kB
Mem:          3.8G       757M       3.1G       5.7M        55M       318M

MemTotal:        4016004 kB
MemFree:         3240552 kB
Active:           419008 kB
Mem:          3.8G       757M       3.1G       5.7M        55M       318M

MemTotal:        4016004 kB
MemFree:         3240924 kB
Active:           419000 kB
Mem:          3.8G       757M       3.1G       5.7M        55M       318M

MemTotal:        4016004 kB
MemFree:         3240924 kB
Active:           419048 kB
Mem:          3.8G       757M       3.1G       5.7M        55M       318M

MemTotal:        4016004 kB
MemFree:         3240816 kB
Active:           419028 kB
Mem:          3.8G       757M       3.1G       5.7M        55M       318M

MemTotal:        4016004 kB
MemFree:         3240692 kB
Active:           419012 kB
Mem:          3.8G       757M       3.1G       5.7M        55M       318M

MemTotal:        4016004 kB
MemFree:         3240692 kB
Active:           419016 kB
Mem:          3.8G       757M       3.1G       5.7M        55M       318M

MemTotal:        4016004 kB
MemFree:         3240816 kB
Active:           419044 kB
Mem:          3.8G       756M       3.1G       5.7M        55M       318M

MemTotal:        4016004 kB
MemFree:         3240800 kB
Active:           419060 kB
Mem:          3.8G       757M       3.1G       5.7M        55M       318M

MemTotal:        4016004 kB
MemFree:         3240924 kB
Active:           419056 kB
Mem:          3.8G       757M       3.1G       5.7M        55M       318M

MemTotal:        4016004 kB
MemFree:         3240304 kB
Active:           419068 kB
Mem:          3.8G       757M       3.1G       5.7M        55M       318M

MemTotal:        4016004 kB
MemFree:         3240800 kB
Active:           419060 kB
Mem:          3.8G       757M       3.1G       5.7M        55M       318M

MemTotal:        4016004 kB
MemFree:         3240428 kB
Active:           419072 kB
Mem:          3.8G       757M       3.1G       5.7M        55M       318M

MemTotal:        4016004 kB
MemFree:         3240800 kB
Active:           419072 kB
Mem:          3.8G       757M       3.1G       5.7M        55M       318M

MemTotal:        4016004 kB
MemFree:         3240660 kB
Active:           419068 kB
Mem:          3.8G       757M       3.1G       5.7M        55M       318M

MemTotal:        4016004 kB
MemFree:         3240644 kB
Active:           419056 kB
Mem:          3.8G       757M       3.1G       5.7M        55M       318M

MemTotal:        4016004 kB
MemFree:         3240380 kB
Active:           419092 kB
Mem:          3.8G       757M       3.1G       5.7M        55M       318M

MemTotal:        4016004 kB
MemFree:         3240364 kB
Active:           419092 kB
Mem:          3.8G       757M       3.1G       5.7M        55M       318M

MemTotal:        4016004 kB
MemFree:         3240860 kB
Active:           419036 kB
Mem:          3.8G       756M       3.1G       5.7M        55M       318M

MemTotal:        4016004 kB
MemFree:         3240876 kB
Active:           419036 kB
Mem:          3.8G       756M       3.1G       5.7M        55M       318M

MemTotal:        4016004 kB
MemFree:         3240380 kB
Active:           419100 kB
Mem:          3.8G       757M       3.1G       5.7M        55M       318M

MemTotal:        4016004 kB
MemFree:         3240504 kB
Active:           419104 kB
Mem:          3.8G       757M       3.1G       5.7M        55M       318M

MemTotal:        4016004 kB
MemFree:         3240876 kB
Active:           419056 kB
Mem:          3.8G       757M       3.1G       5.7M        55M       318M

MemTotal:        4016004 kB
MemFree:         3241248 kB
Active:           419048 kB
Mem:          3.8G       756M       3.1G       5.7M        55M       318M

MemTotal:        4016004 kB
MemFree:         3240876 kB
Active:           419104 kB
Mem:          3.8G       756M       3.1G       5.7M        55M       318M

MemTotal:        4016004 kB
MemFree:         3241248 kB
Active:           419084 kB
Mem:          3.8G       756M       3.1G       5.7M        55M       318M

MemTotal:        4016004 kB
MemFree:         3241124 kB
Active:           419060 kB
Mem:          3.8G       756M       3.1G       5.7M        55M       318M

MemTotal:        4016004 kB
MemFree:         3241248 kB
Active:           419100 kB
Mem:          3.8G       756M       3.1G       5.7M        55M       318M

MemTotal:        4016004 kB
MemFree:         3240876 kB
Active:           419116 kB
Mem:          3.8G       756M       3.1G       5.7M        55M       318M

MemTotal:        4016004 kB
MemFree:         3241248 kB
Active:           419108 kB
Mem:          3.8G       756M       3.1G       5.7M        55M       318M

MemTotal:        4016004 kB
MemFree:         3240876 kB
Active:           419116 kB
Mem:          3.8G       756M       3.1G       5.7M        55M       318M

MemTotal:        4016004 kB
MemFree:         3240628 kB
Active:           419116 kB
Mem:          3.8G       756M       3.1G       5.7M        55M       318M

MemTotal:        4016004 kB
MemFree:         3240504 kB
Active:           419120 kB
Mem:          3.8G       757M       3.1G       5.7M        55M       318M

MemTotal:        4016004 kB
MemFree:         3240488 kB
Active:           419084 kB
Mem:          3.8G       757M       3.1G       5.7M        55M       318M

MemTotal:        4016004 kB
MemFree:         3240520 kB
Active:           419072 kB
Mem:          3.8G       757M       3.1G       5.7M        55M       318M

MemTotal:        4016004 kB
MemFree:         3241016 kB
Active:           419068 kB
Mem:          3.8G       757M       3.1G       5.7M        55M       318M

MemTotal:        4016004 kB
MemFree:         3241140 kB
Active:           419084 kB
Mem:          3.8G       756M       3.1G       5.7M        55M       318M

MemTotal:        4016004 kB
MemFree:         3240580 kB
Active:           417072 kB
Mem:          3.8G       757M       3.1G       5.7M        55M       318M

MemTotal:        4016004 kB
MemFree:         3241156 kB
Active:           419084 kB
Mem:          3.8G       757M       3.1G       5.7M        55M       318M

MemTotal:        4016004 kB
MemFree:         3240536 kB
Active:           419128 kB
Mem:          3.8G       757M       3.1G       5.7M        55M       318M

MemTotal:        4016004 kB
MemFree:         3240908 kB
Active:           419116 kB
Mem:          3.8G       757M       3.1G       5.7M        55M       318M

MemTotal:        4016004 kB
MemFree:         3240536 kB
Active:           419128 kB
Mem:          3.8G       757M       3.1G       5.7M        55M       318M

MemTotal:        4016004 kB
MemFree:         3240520 kB
Active:           419128 kB
Mem:          3.8G       756M       3.1G       5.7M        55M       318M

MemTotal:        4016004 kB
MemFree:         3240628 kB
Active:           419120 kB
Mem:          3.8G       757M       3.1G       5.7M        55M       318M

MemTotal:        4016004 kB
MemFree:         3240984 kB
Active:           419104 kB
Mem:          3.8G       756M       3.1G       5.7M        55M       318M

MemTotal:        4016004 kB
MemFree:         3241232 kB
Active:           419084 kB
Mem:          3.8G       756M       3.1G       5.7M        55M       318M

MemTotal:        4016004 kB
MemFree:         3241108 kB
Active:           419120 kB
Mem:          3.8G       756M       3.1G       5.7M        55M       318M

MemTotal:        4016004 kB
MemFree:         3240984 kB
Active:           419116 kB
Mem:          3.8G       756M       3.1G       5.7M        55M       318M

MemTotal:        4016004 kB
MemFree:         3241108 kB
Active:           419104 kB
Mem:          3.8G       756M       3.1G       5.7M        55M       318M

MemTotal:        4016004 kB
MemFree:         3241000 kB
Active:           419144 kB
Mem:          3.8G       756M       3.1G       5.7M        55M       318M

MemTotal:        4016004 kB
MemFree:         3241372 kB
Active:           419104 kB
Mem:          3.8G       756M       3.1G       5.7M        55M       318M

MemTotal:        4016004 kB
MemFree:         3241000 kB
Active:           419096 kB
Mem:          3.8G       757M       3.1G       5.7M        55M       318M

MemTotal:        4016004 kB
MemFree:         3241000 kB
Active:           419100 kB
Mem:          3.8G       756M       3.1G       5.7M        55M       318M

MemTotal:        4016004 kB
MemFree:         3237688 kB
Active:           421520 kB
Mem:          3.8G       760M       3.1G       5.7M        57M       318M

MemTotal:        4016004 kB
MemFree:         3232592 kB
Active:           426956 kB
Mem:          3.8G       765M       3.1G       5.7M        63M       318M

MemTotal:        4016004 kB
MemFree:         3232576 kB
Active:           426924 kB
Mem:          3.8G       765M       3.1G       5.7M        63M       318M

MemTotal:        4016004 kB
MemFree:         3232080 kB
Active:           426956 kB
Mem:          3.8G       765M       3.1G       5.7M        63M       318M

MemTotal:        4016004 kB
MemFree:         3231752 kB
Active:           424916 kB
Mem:          3.8G       766M       3.1G       5.7M        63M       318M

MemTotal:        4016004 kB
MemFree:         3231504 kB
Active:           426968 kB
Mem:          3.8G       766M       3.1G       5.7M        63M       318M

MemTotal:        4016004 kB
MemFree:         3231876 kB
Active:           426932 kB
Mem:          3.8G       766M       3.1G       5.7M        63M       318M

MemTotal:        4016004 kB
MemFree:         3231876 kB
Active:           426964 kB
Mem:          3.8G       765M       3.1G       5.7M        63M       318M

MemTotal:        4016004 kB
MemFree:         3232480 kB
Active:           426944 kB
Mem:          3.8G       765M       3.1G       5.7M        63M       318M

MemTotal:        4016004 kB
MemFree:         3231548 kB
Active:           427272 kB
Mem:          3.8G       766M       3.1G       5.7M        63M       318M

MemTotal:        4016004 kB
MemFree:         3187736 kB
Active:           428136 kB
Mem:          3.8G       809M       3.0G       5.7M        63M       361M

MemTotal:        4016004 kB
MemFree:         3140268 kB
Active:           428136 kB
Mem:          3.8G       855M       3.0G       5.7M        63M       406M

MemTotal:        4016004 kB
MemFree:         3094384 kB
Active:           428124 kB
Mem:          3.8G       900M       3.0G       5.7M        63M       450M

MemTotal:        4016004 kB
MemFree:         3047664 kB
Active:           428124 kB
Mem:          3.8G       946M       2.9G       5.7M        63M       495M

MemTotal:        4016004 kB
MemFree:         3000416 kB
Active:           428160 kB
Mem:          3.8G       992M       2.9G       5.7M        63M       540M

MemTotal:        4016004 kB
MemFree:         2955184 kB
Active:           428136 kB
Mem:          3.8G       1.0G       2.8G       5.7M        63M       584M

MemTotal:        4016004 kB
MemFree:         2907580 kB
Active:           428168 kB
Mem:          3.8G       1.1G       2.8G       5.7M        63M       630M

MemTotal:        4016004 kB
MemFree:         2861232 kB
Active:           428168 kB
Mem:          3.8G       1.1G       2.7G       5.7M        63M       674M

MemTotal:        4016004 kB
MemFree:         2815720 kB
Active:           428168 kB
Mem:          3.8G       1.1G       2.7G       5.7M        63M       718M

MemTotal:        4016004 kB
MemFree:         2767728 kB
Active:           428180 kB
Mem:          3.8G       1.2G       2.6G       5.7M        63M       764M

MemTotal:        4016004 kB
MemFree:         2722556 kB
Active:           428156 kB
Mem:          3.8G       1.2G       2.6G       5.7M        63M       808M

MemTotal:        4016004 kB
MemFree:         2674884 kB
Active:           428192 kB
Mem:          3.8G       1.3G       2.6G       5.7M        63M       853M

MemTotal:        4016004 kB
MemFree:         2628892 kB
Active:           428192 kB
Mem:          3.8G       1.3G       2.5G       5.7M        63M       897M

MemTotal:        4016004 kB
MemFree:         2583008 kB
Active:           428192 kB
Mem:          3.8G       1.4G       2.5G       5.7M        63M       942M

MemTotal:        4016004 kB
MemFree:         2536964 kB
Active:           428204 kB
Mem:          3.8G       1.4G       2.4G       5.7M        63M       986M

MemTotal:        4016004 kB
MemFree:         2488844 kB
Active:           428212 kB
Mem:          3.8G       1.5G       2.4G       5.7M        63M       1.0G

MemTotal:        4016004 kB
MemFree:         2443116 kB
Active:           428216 kB
Mem:          3.8G       1.5G       2.3G       5.7M        63M       1.1G

MemTotal:        4016004 kB
MemFree:         2396308 kB
Active:           428216 kB
Mem:          3.8G       1.5G       2.3G       5.7M        63M       1.1G

MemTotal:        4016004 kB
MemFree:         2350164 kB
Active:           428216 kB
Mem:          3.8G       1.6G       2.2G       5.7M        63M       1.1G

MemTotal:        4016004 kB
MemFree:         2302452 kB
Active:           428220 kB
Mem:          3.8G       1.6G       2.2G       5.7M        63M       1.2G

MemTotal:        4016004 kB
MemFree:         2256336 kB
Active:           428200 kB
Mem:          3.8G       1.7G       2.2G       5.7M        63M       1.2G

MemTotal:        4016004 kB
MemFree:         2209988 kB
Active:           428208 kB
Mem:          3.8G       1.7G       2.1G       5.7M        63M       1.3G

MemTotal:        4016004 kB
MemFree:         2162912 kB
Active:           428264 kB
Mem:          3.8G       1.8G       2.1G       5.7M        63M       1.3G

MemTotal:        4016004 kB
MemFree:         2116224 kB
Active:           428256 kB
Mem:          3.8G       1.8G       2.0G       5.7M        63M       1.4G

MemTotal:        4016004 kB
MemFree:         2070268 kB
Active:           428280 kB
Mem:          3.8G       1.9G       2.0G       5.7M        63M       1.4G

MemTotal:        4016004 kB
MemFree:         2025072 kB
Active:           428280 kB
Mem:          3.8G       1.9G       1.9G       5.7M        63M       1.4G

MemTotal:        4016004 kB
MemFree:         1983592 kB
Active:           428288 kB
Mem:          3.8G       1.9G       1.9G       5.7M        63M       1.5G

MemTotal:        4016004 kB
MemFree:         1936484 kB
Active:           428288 kB
Mem:          3.8G       2.0G       1.8G       5.7M        63M       1.5G

MemTotal:        4016004 kB
MemFree:         1890824 kB
Active:           428288 kB
Mem:          3.8G       2.0G       1.8G       5.7M        63M       1.6G

MemTotal:        4016004 kB
MemFree:         1843152 kB
Active:           428312 kB
Mem:          3.8G       2.1G       1.8G       5.7M        63M       1.6G

MemTotal:        4016004 kB
MemFree:         1797408 kB
Active:           428320 kB
Mem:          3.8G       2.1G       1.7G       5.7M        63M       1.7G

MemTotal:        4016004 kB
MemFree:         1797228 kB
Active:           428300 kB
Mem:          3.8G       2.1G       1.7G       5.7M        63M       1.7G

MemTotal:        4016004 kB
MemFree:         1788944 kB
Active:           428276 kB
Mem:          3.8G       2.1G       1.7G       5.7M        63M       1.7G

MemTotal:        4016004 kB
MemFree:         1742536 kB
Active:           428328 kB
Mem:          3.8G       2.2G       1.7G       5.7M        63M       1.7G

MemTotal:        4016004 kB
MemFree:         1694916 kB
Active:           428336 kB
Mem:          3.8G       2.2G       1.6G       5.7M        63M       1.8G

MemTotal:        4016004 kB
MemFree:         1649188 kB
Active:           428340 kB
Mem:          3.8G       2.3G       1.6G       5.7M        63M       1.8G

MemTotal:        4016004 kB
MemFree:         1602452 kB
Active:           428344 kB
Mem:          3.8G       2.3G       1.5G       5.7M        63M       1.8G

MemTotal:        4016004 kB
MemFree:         1555608 kB
Active:           428308 kB
Mem:          3.8G       2.3G       1.5G       5.7M        63M       1.9G

MemTotal:        4016004 kB
MemFree:         1509688 kB
Active:           428348 kB
Mem:          3.8G       2.4G       1.4G       5.7M        63M       1.9G

MemTotal:        4016004 kB
MemFree:         1462828 kB
Active:           428356 kB
Mem:          3.8G       2.4G       1.4G       5.7M        63M       2.0G

MemTotal:        4016004 kB
MemFree:         1416576 kB
Active:           428364 kB
Mem:          3.8G       2.5G       1.4G       5.7M        63M       2.0G

MemTotal:        4016004 kB
MemFree:         1390228 kB
Active:           428372 kB
Mem:          3.8G       2.5G       1.3G       5.7M        63M       2.0G

MemTotal:        4016004 kB
MemFree:         1344128 kB
Active:           428372 kB
Mem:          3.8G       2.5G       1.3G       5.7M        63M       2.1G

MemTotal:        4016004 kB
MemFree:         1297436 kB
Active:           428372 kB
Mem:          3.8G       2.6G       1.2G       5.7M        63M       2.1G

MemTotal:        4016004 kB
MemFree:         1249148 kB
Active:           430400 kB
Mem:          3.8G       2.6G       1.2G       5.7M        63M       2.2G

MemTotal:        4016004 kB
MemFree:         1202044 kB
Active:           430412 kB
Mem:          3.8G       2.7G       1.1G       5.7M        63M       2.2G

MemTotal:        4016004 kB
MemFree:         1201812 kB
Active:           430372 kB
Mem:          3.8G       2.7G       1.1G       5.7M        63M       2.2G

MemTotal:        4016004 kB
MemFree:         1201816 kB
Active:           430388 kB
Mem:          3.8G       2.7G       1.1G       5.7M        63M       2.2G

MemTotal:        4016004 kB
MemFree:         1187052 kB
Active:           430392 kB
Mem:          3.8G       2.7G       1.1G       5.7M        63M       2.2G

MemTotal:        4016004 kB
MemFree:         1140912 kB
Active:           430424 kB
Mem:          3.8G       2.7G       1.1G       5.7M        63M       2.3G

MemTotal:        4016004 kB
MemFree:         1093992 kB
Active:           430384 kB
Mem:          3.8G       2.8G       1.0G       5.7M        63M       2.3G

MemTotal:        4016004 kB
MemFree:         1048264 kB
Active:           430436 kB
Mem:          3.8G       2.8G       1.0G       5.7M        63M       2.4G

MemTotal:        4016004 kB
MemFree:         1001172 kB
Active:           430436 kB
Mem:          3.8G       2.9G       977M       5.7M        63M       2.4G

MemTotal:        4016004 kB
MemFree:          954560 kB
Active:           430440 kB
Mem:          3.8G       2.9G       931M       5.7M        63M       2.4G

MemTotal:        4016004 kB
MemFree:          907516 kB
Active:           430440 kB
Mem:          3.8G       3.0G       885M       5.7M        63M       2.5G

MemTotal:        4016004 kB
MemFree:          862888 kB
Active:           430444 kB
Mem:          3.8G       3.0G       842M       5.7M        63M       2.5G

MemTotal:        4016004 kB
MemFree:          827716 kB
Active:           430476 kB
Mem:          3.8G       3.0G       807M       5.7M        63M       2.6G

MemTotal:        4016004 kB
MemFree:          781476 kB
Active:           430476 kB
Mem:          3.8G       3.1G       762M       5.7M        63M       2.6G

MemTotal:        4016004 kB
MemFree:          735172 kB
Active:           430488 kB
Mem:          3.8G       3.1G       717M       5.7M        63M       2.7G

MemTotal:        4016004 kB
MemFree:          688468 kB
Active:           430440 kB
Mem:          3.8G       3.2G       671M       5.7M        63M       2.7G

MemTotal:        4016004 kB
MemFree:          642124 kB
Active:           430488 kB
Mem:          3.8G       3.2G       626M       5.7M        63M       2.7G

MemTotal:        4016004 kB
MemFree:          594772 kB
Active:           430496 kB
Mem:          3.8G       3.3G       580M       5.7M        63M       2.8G

MemTotal:        4016004 kB
MemFree:          547832 kB
Active:           430500 kB
Mem:          3.8G       3.3G       534M       5.7M        63M       2.8G

MemTotal:        4016004 kB
MemFree:          500588 kB
Active:           430520 kB
Mem:          3.8G       3.4G       488M       5.7M        63M       2.9G

MemTotal:        4016004 kB
MemFree:          454008 kB
Active:           430532 kB
Mem:          3.8G       3.4G       442M       5.7M        63M       2.9G

MemTotal:        4016004 kB
MemFree:          407400 kB
Active:           430532 kB
Mem:          3.8G       3.4G       397M       5.7M        63M       3.0G

MemTotal:        4016004 kB
MemFree:          360332 kB
Active:           430536 kB
Mem:          3.8G       3.5G       351M       5.7M        63M       3.0G

MemTotal:        4016004 kB
MemFree:          313644 kB
Active:           430540 kB
Mem:          3.8G       3.5G       305M       5.7M        63M       3.1G

MemTotal:        4016004 kB
MemFree:          266040 kB
Active:           430540 kB
Mem:          3.8G       3.6G       259M       5.7M        63M       3.1G

MemTotal:        4016004 kB
MemFree:          219568 kB
Active:           430540 kB
Mem:          3.8G       3.6G       213M       5.7M        63M       3.1G

MemTotal:        4016004 kB
MemFree:          172572 kB
Active:           430544 kB
Mem:          3.8G       3.7G       168M       5.7M        63M       3.2G

MemTotal:        4016004 kB
MemFree:          130736 kB
Active:           430560 kB
Mem:          3.8G       3.7G       127M       5.7M        63M       3.2G

MemTotal:        4016004 kB
MemFree:          120708 kB
Active:           427212 kB
Mem:          3.8G       3.7G       113M       5.7M        28M       3.3G

MemTotal:        4016004 kB
MemFree:          106680 kB
Active:           440916 kB
Mem:          3.8G       3.7G       103M       5.7M        28M       3.3G

MemTotal:        4016004 kB
MemFree:          152884 kB
Active:           491524 kB
Mem:          3.8G       3.7G       147M       5.7M        28M       3.2G

MemTotal:        4016004 kB
MemFree:          107388 kB
Active:           491524 kB
Mem:          3.8G       3.7G       104M       5.7M        28M       3.3G

MemTotal:        4016004 kB
MemFree:          123308 kB
Active:           488136 kB
Mem:          3.8G       3.7G       120M       5.7M        28M       3.3G

MemTotal:        4016004 kB
MemFree:          143284 kB
Active:           480084 kB
Mem:          3.8G       3.7G       139M       5.7M        28M       3.2G

MemTotal:        4016004 kB
MemFree:          132764 kB
Active:           476584 kB
Mem:          3.8G       3.7G       129M       5.7M        28M       3.3G

MemTotal:        4016004 kB
MemFree:          123360 kB
Active:           473008 kB
Mem:          3.8G       3.7G       119M       5.7M        28M       3.3G

MemTotal:        4016004 kB
MemFree:          131436 kB
Active:           468016 kB
Mem:          3.8G       3.7G       127M       5.7M        28M       3.3G

MemTotal:        4016004 kB
MemFree:          122108 kB
Active:           464564 kB
Mem:          3.8G       3.7G       118M       5.7M        28M       3.3G

MemTotal:        4016004 kB
MemFree:          136428 kB
Active:           458524 kB
Mem:          3.8G       3.7G       132M       5.7M        28M       3.2G

MemTotal:        4016004 kB
MemFree:          126036 kB
Active:           455056 kB
Mem:          3.8G       3.7G       123M       5.7M        28M       3.3G

MemTotal:        4016004 kB
MemFree:          129508 kB
Active:           449928 kB
Mem:          3.8G       3.7G       125M       5.7M        28M       3.3G

MemTotal:        4016004 kB
MemFree:          136528 kB
Active:           445112 kB
Mem:          3.8G       3.7G       132M       5.7M        28M       3.3G

MemTotal:        4016004 kB
MemFree:          126604 kB
Active:           439972 kB
Mem:          3.8G       3.7G       123M       5.7M        28M       3.3G

MemTotal:        4016004 kB
MemFree:          116680 kB
Active:           438852 kB
Mem:          3.8G       3.7G       113M       5.7M        28M       3.3G

MemTotal:        4016004 kB
MemFree:          116460 kB
Active:           436928 kB
Mem:          3.8G       3.7G       113M       5.7M        28M       3.3G

MemTotal:        4016004 kB
MemFree:          105596 kB
Active:           435764 kB
Mem:          3.8G       3.7G       103M       5.7M        28M       3.3G

MemTotal:        4016004 kB
MemFree:          113812 kB
Active:           434100 kB
Mem:          3.8G       3.7G       110M       5.7M        28M       3.3G

MemTotal:        4016004 kB
MemFree:          128848 kB
Active:           432464 kB
Mem:          3.8G       3.7G       125M       5.7M        28M       3.3G

MemTotal:        4016004 kB
MemFree:          133132 kB
Active:           429208 kB
Mem:          3.8G       3.7G       129M       5.7M        28M       3.3G

MemTotal:        4016004 kB
MemFree:          120400 kB
Active:           428076 kB
Mem:          3.8G       3.7G       117M       5.7M        28M       3.3G

MemTotal:        4016004 kB
MemFree:          134552 kB
Active:           426256 kB
Mem:          3.8G       3.7G       130M       5.7M        28M       3.3G

MemTotal:        4016004 kB
MemFree:          126880 kB
Active:           425084 kB
Mem:          3.8G       3.7G       123M       5.7M        28M       3.3G

MemTotal:        4016004 kB
MemFree:          127516 kB
Active:           423336 kB
Mem:          3.8G       3.7G       124M       5.7M        28M       3.3G

MemTotal:        4016004 kB
MemFree:          129684 kB
Active:           421532 kB
Mem:          3.8G       3.7G       126M       5.7M        28M       3.3G

MemTotal:        4016004 kB
MemFree:          138368 kB
Active:           419712 kB
Mem:          3.8G       3.7G       134M       5.7M        28M       3.2G

MemTotal:        4016004 kB
MemFree:          127344 kB
Active:           418724 kB
Mem:          3.8G       3.7G       124M       5.7M        28M       3.3G

MemTotal:        4016004 kB
MemFree:          118028 kB
Active:           415548 kB
Mem:          3.8G       3.7G       114M       5.7M        28M       3.3G

MemTotal:        4016004 kB
MemFree:          117840 kB
Active:           413608 kB
Mem:          3.8G       3.7G       114M       5.7M        28M       3.3G

MemTotal:        4016004 kB
MemFree:          125112 kB
Active:           411532 kB
Mem:          3.8G       3.7G       121M       5.7M        28M       3.3G

MemTotal:        4016004 kB
MemFree:          115692 kB
Active:           410388 kB
Mem:          3.8G       3.7G       112M       5.7M        28M       3.3G

MemTotal:        4016004 kB
MemFree:          120288 kB
Active:           409692 kB
Mem:          3.8G       3.7G       116M       5.7M        28M       3.3G

MemTotal:        4016004 kB
MemFree:          123308 kB
Active:           408072 kB
Mem:          3.8G       3.7G       119M       5.7M        28M       3.3G

MemTotal:        4016004 kB
MemFree:          112080 kB
Active:           406808 kB
Mem:          3.8G       3.7G       109M       5.7M        28M       3.3G

MemTotal:        4016004 kB
MemFree:          125548 kB
Active:           405100 kB
Mem:          3.8G       3.7G       121M       5.7M        28M       3.3G

MemTotal:        4016004 kB
MemFree:          108188 kB
Active:           403568 kB
Mem:          3.8G       3.7G       105M       5.7M        28M       3.3G

MemTotal:        4016004 kB
MemFree:          109928 kB
Active:           401944 kB
Mem:          3.8G       3.7G       107M       5.7M        28M       3.3G

MemTotal:        4016004 kB
MemFree:          125336 kB
Active:           400112 kB
Mem:          3.8G       3.7G       121M       5.7M        28M       3.3G

MemTotal:        4016004 kB
MemFree:          114800 kB
Active:           398696 kB
Mem:          3.8G       3.7G       111M       5.7M        28M       3.3G

MemTotal:        4016004 kB
MemFree:          105848 kB
Active:           397596 kB
Mem:          3.8G       3.7G       102M       5.7M        28M       3.3G

MemTotal:        4016004 kB
MemFree:          132120 kB
Active:           395408 kB
Mem:          3.8G       3.7G       128M       5.7M        28M       3.3G

MemTotal:        4016004 kB
MemFree:          121684 kB
Active:           394872 kB
Mem:          3.8G       3.7G       118M       5.7M        28M       3.3G

MemTotal:        4016004 kB
MemFree:          111860 kB
Active:           393744 kB
Mem:          3.8G       3.7G       108M       5.7M        28M       3.3G

MemTotal:        4016004 kB
MemFree:          119624 kB
Active:           392088 kB
Mem:          3.8G       3.7G       116M       5.7M        28M       3.3G

MemTotal:        4016004 kB
MemFree:          107788 kB
Active:           390936 kB
Mem:          3.8G       3.7G       105M       5.7M        28M       3.3G

MemTotal:        4016004 kB
MemFree:          128408 kB
Active:           388776 kB
Mem:          3.8G       3.7G       125M       5.7M        28M       3.3G

MemTotal:        4016004 kB
MemFree:          135072 kB
Active:           386856 kB
Mem:          3.8G       3.7G       131M       5.7M        28M       3.2G

MemTotal:        4016004 kB
MemFree:          136696 kB
Active:           385196 kB
Mem:          3.8G       3.7G       132M       5.7M        28M       3.2G

MemTotal:        4016004 kB
MemFree:          151232 kB
Active:           383140 kB
Mem:          3.8G       3.7G       147M       5.7M        28M       3.2G

MemTotal:        4016004 kB
MemFree:          104952 kB
Active:           383240 kB
Mem:          3.8G       3.7G       124M       5.7M        28M       3.3G

MemTotal:        4016004 kB
MemFree:          112296 kB
Active:           381212 kB
Mem:          3.8G       3.7G       109M       5.7M        28M       3.3G

MemTotal:        4016004 kB
MemFree:          124932 kB
Active:           379560 kB
Mem:          3.8G       3.7G       121M       5.7M        28M       3.3G

MemTotal:        4016004 kB
MemFree:          121168 kB
Active:           378792 kB
Mem:          3.8G       3.7G       117M       5.7M        28M       3.3G

MemTotal:        4016004 kB
MemFree:          134340 kB
Active:           377188 kB
Mem:          3.8G       3.7G       131M       5.7M        28M       3.2G

MemTotal:        4016004 kB
MemFree:          123584 kB
Active:           376040 kB
Mem:          3.8G       3.7G       120M       5.7M        28M       3.3G

MemTotal:        4016004 kB
MemFree:          124112 kB
Active:           374612 kB
Mem:          3.8G       3.7G       120M       5.7M        28M       3.3G

MemTotal:        4016004 kB
MemFree:          108968 kB
Active:           374632 kB
Mem:          3.8G       3.7G       105M       5.7M        28M       3.3G

MemTotal:        4016004 kB
MemFree:          106844 kB
Active:           374600 kB
Mem:          3.8G       3.7G       104M       5.7M        28M       3.3G

MemTotal:        4016004 kB
MemFree:          143848 kB
Active:           374588 kB
Mem:          3.8G       3.7G       140M       5.7M        28M       3.2G

MemTotal:        4016004 kB
MemFree:          132496 kB
Active:           374664 kB
Mem:          3.8G       3.7G       129M       5.7M        28M       3.2G

MemTotal:        4016004 kB
MemFree:          136924 kB
Active:           374672 kB
Mem:          3.8G       3.7G       133M       5.7M        28M       3.2G

MemTotal:        4016004 kB
MemFree:          139788 kB
Active:           371512 kB
Mem:          3.8G       3.7G       135M       5.7M        28M       3.2G

MemTotal:        4016004 kB
MemFree:          140008 kB
Active:           371324 kB
Mem:          3.8G       3.7G       136M       5.7M        28M       3.2G

MemTotal:        4016004 kB
MemFree:          123624 kB
Active:           371344 kB
Mem:          3.8G       3.7G       120M       5.7M        28M       3.3G

MemTotal:        4016004 kB
MemFree:          124360 kB
Active:           371308 kB
Mem:          3.8G       3.7G       121M       5.7M        28M       3.3G

MemTotal:        4016004 kB
MemFree:          125684 kB
Active:           371336 kB
Mem:          3.8G       3.7G       122M       5.7M        28M       3.3G

MemTotal:        4016004 kB
MemFree:          134320 kB
Active:           371340 kB
Mem:          3.8G       3.7G       130M       5.7M        28M       3.2G

MemTotal:        4016004 kB
MemFree:          123036 kB
Active:           371356 kB
Mem:          3.8G       3.7G       119M       5.7M        28M       3.3G

MemTotal:        4016004 kB
MemFree:          105296 kB
Active:           371280 kB
Mem:          3.8G       3.7G       102M       5.7M        28M       3.3G

MemTotal:        4016004 kB
MemFree:          125560 kB
Active:           371072 kB
Mem:          3.8G       3.7G       122M       5.7M        28M       3.3G

MemTotal:        4016004 kB
MemFree:          104616 kB
Active:           370968 kB
Mem:          3.8G       3.7G       125M       5.7M        28M       3.3G

MemTotal:        4016004 kB
MemFree:          124468 kB
Active:           370812 kB
Mem:          3.8G       3.7G       121M       5.7M        28M       3.3G

MemTotal:        4016004 kB
MemFree:          127492 kB
Active:           370816 kB
Mem:          3.8G       3.7G       123M       5.7M        28M       3.3G

MemTotal:        4016004 kB
MemFree:          121608 kB
Active:           370852 kB
Mem:          3.8G       3.7G       118M       5.7M        28M       3.3G

MemTotal:        4016004 kB
MemFree:          124792 kB
Active:           370768 kB
Mem:          3.8G       3.7G       121M       5.7M        28M       3.3G

MemTotal:        4016004 kB
MemFree:          117728 kB
Active:           370932 kB
Mem:          3.8G       3.7G       114M       5.7M        28M       3.3G

MemTotal:        4016004 kB
MemFree:          133420 kB
Active:           370812 kB
Mem:          3.8G       3.7G       129M       5.7M        28M       3.2G

MemTotal:        4016004 kB
MemFree:          123952 kB
Active:           370780 kB
Mem:          3.8G       3.7G       120M       5.7M        28M       3.3G

MemTotal:        4016004 kB
MemFree:          125396 kB
Active:           370664 kB
Mem:          3.8G       3.7G       122M       5.7M        28M       3.3G

MemTotal:        4016004 kB
MemFree:          109752 kB
Active:           370508 kB
Mem:          3.8G       3.7G       106M       5.7M        28M       3.3G

MemTotal:        4016004 kB
MemFree:          127040 kB
Active:           369820 kB
Mem:          3.8G       3.7G       123M       5.7M        28M       3.3G

MemTotal:        4016004 kB
MemFree:          109744 kB
Active:           369768 kB
Mem:          3.8G       3.7G       106M       5.7M        28M       3.3G

MemTotal:        4016004 kB
MemFree:          108700 kB
Active:           369772 kB
Mem:          3.8G       3.7G       105M       5.7M        28M       3.3G

MemTotal:        4016004 kB
MemFree:          108048 kB
Active:           369720 kB
Mem:          3.8G       3.7G       105M       5.7M        28M       3.3G

MemTotal:        4016004 kB
MemFree:          108012 kB
Active:           369784 kB
Mem:          3.8G       3.7G       104M       5.7M        28M       3.3G

MemTotal:        4016004 kB
MemFree:          134616 kB
Active:           369784 kB
Mem:          3.8G       3.7G       131M       5.7M        28M       3.2G

MemTotal:        4016004 kB
MemFree:          129348 kB
Active:           369788 kB
Mem:          3.8G       3.7G       125M       5.7M        28M       3.2G

MemTotal:        4016004 kB
MemFree:          125380 kB
Active:           369792 kB
Mem:          3.8G       3.7G       122M       5.7M        28M       3.3G

MemTotal:        4016004 kB
MemFree:          115928 kB
Active:           369792 kB
Mem:          3.8G       3.7G       112M       5.7M        28M       3.3G

MemTotal:        4016004 kB
MemFree:          115692 kB
Active:           369796 kB
Mem:          3.8G       3.7G       112M       5.7M        28M       3.3G

MemTotal:        4016004 kB
MemFree:          106172 kB
Active:           369796 kB
Mem:          3.8G       3.7G       102M       5.7M        28M       3.3G

MemTotal:        4016004 kB
MemFree:          116320 kB
Active:           367536 kB
Mem:          3.8G       3.7G       113M       5.7M        28M       3.3G

MemTotal:        4016004 kB
MemFree:          106924 kB
Active:           367536 kB
Mem:          3.8G       3.7G       103M       5.7M        28M       3.3G

MemTotal:        4016004 kB
MemFree:          133112 kB
Active:           367552 kB
Mem:          3.8G       3.7G       129M       5.7M        28M       3.2G

MemTotal:        4016004 kB
MemFree:          134400 kB
Active:           367584 kB
Mem:          3.8G       3.7G       131M       5.7M        28M       3.2G

MemTotal:        4016004 kB
MemFree:          142208 kB
Active:           367596 kB
Mem:          3.8G       3.7G       138M       5.7M        28M       3.2G

MemTotal:        4016004 kB
MemFree:          116996 kB
Active:           367596 kB
Mem:          3.8G       3.7G       113M       5.7M        28M       3.3G

MemTotal:        4016004 kB
MemFree:          134236 kB
Active:           367564 kB
Mem:          3.8G       3.7G       130M       5.7M        28M       3.2G

MemTotal:        4016004 kB
MemFree:          123524 kB
Active:           367608 kB
Mem:          3.8G       3.7G       120M       5.7M        28M       3.3G

MemTotal:        4016004 kB
MemFree:          117468 kB
Active:           367596 kB
Mem:          3.8G       3.7G       114M       5.7M        28M       3.3G

MemTotal:        4016004 kB
MemFree:          107892 kB
Active:           367136 kB
Mem:          3.8G       3.7G       105M       5.7M        28M       3.3G

MemTotal:        4016004 kB
MemFree:          121404 kB
Active:           366656 kB
Mem:          3.8G       3.7G       118M       5.7M        28M       3.3G

MemTotal:        4016004 kB
MemFree:          128904 kB
Active:           366656 kB
Mem:          3.8G       3.7G       125M       5.7M        28M       3.2G

MemTotal:        4016004 kB
MemFree:          119956 kB
Active:           366652 kB
Mem:          3.8G       3.7G       116M       5.7M        28M       3.3G

MemTotal:        4016004 kB
MemFree:          108452 kB
Active:           366656 kB
Mem:          3.8G       3.7G       105M       5.7M        28M       3.3G

MemTotal:        4016004 kB
MemFree:          115532 kB
Active:           366656 kB
Mem:          3.8G       3.7G       112M       5.7M        28M       3.3G

MemTotal:        4016004 kB
MemFree:          110596 kB
Active:           366656 kB
Mem:          3.8G       3.7G       108M       5.7M        28M       3.3G

MemTotal:        4016004 kB
MemFree:          129052 kB
Active:           365000 kB
Mem:          3.8G       3.7G       125M       5.7M        28M       3.2G

MemTotal:        4016004 kB
MemFree:          107264 kB
Active:           365000 kB
Mem:          3.8G       3.7G       104M       5.7M        28M       3.3G

MemTotal:        4016004 kB
MemFree:          130884 kB
Active:           365004 kB
Mem:          3.8G       3.7G       127M       5.7M        28M       3.2G

MemTotal:        4016004 kB
MemFree:          129972 kB
Active:           365012 kB
Mem:          3.8G       3.7G       126M       5.7M        28M       3.2G

MemTotal:        4016004 kB
MemFree:          129696 kB
Active:           365000 kB
Mem:          3.8G       3.7G       126M       5.7M        28M       3.2G

MemTotal:        4016004 kB
MemFree:          111456 kB
Active:           365024 kB
Mem:          3.8G       3.7G       108M       5.7M        28M       3.3G

MemTotal:        4016004 kB
MemFree:          125092 kB
Active:           365024 kB
Mem:          3.8G       3.7G       121M       5.7M        28M       3.3G

MemTotal:        4016004 kB
MemFree:          126236 kB
Active:           365024 kB
Mem:          3.8G       3.7G       122M       5.7M        28M       3.3G

MemTotal:        4016004 kB
MemFree:          109896 kB
Active:           365064 kB
Mem:          3.8G       3.7G       107M       5.7M        28M       3.3G

MemTotal:        4016004 kB
MemFree:          105212 kB
Active:           365012 kB
Mem:          3.8G       3.7G       106M       5.7M        28M       3.3G

MemTotal:        4016004 kB
MemFree:          127264 kB
Active:           364936 kB
Mem:          3.8G       3.7G       123M       5.7M        28M       3.2G

MemTotal:        4016004 kB
MemFree:          124120 kB
Active:           363256 kB
Mem:          3.8G       3.7G       120M       5.7M        28M       3.3G

MemTotal:        4016004 kB
MemFree:          107024 kB
Active:           363152 kB
Mem:          3.8G       3.7G       104M       5.7M        28M       3.3G

MemTotal:        4016004 kB
MemFree:          120380 kB
Active:           363140 kB
Mem:          3.8G       3.7G       117M       5.7M        28M       3.3G

MemTotal:        4016004 kB
MemFree:          128768 kB
Active:           363168 kB
Mem:          3.8G       3.7G       126M       5.7M        28M       3.2G

MemTotal:        4016004 kB
MemFree:          123560 kB
Active:           363168 kB
Mem:          3.8G       3.7G       120M       5.7M        28M       3.3G

MemTotal:        4016004 kB
MemFree:          125948 kB
Active:           363168 kB
Mem:          3.8G       3.7G       122M       5.7M        28M       3.3G

MemTotal:        4016004 kB
MemFree:          123312 kB
Active:           363180 kB
Mem:          3.8G       3.7G       119M       5.7M        28M       3.3G

MemTotal:        4016004 kB
MemFree:          116164 kB
Active:           363180 kB
Mem:          3.8G       3.7G       113M       5.7M        28M       3.3G

MemTotal:        4016004 kB
MemFree:          123216 kB
Active:           363168 kB
Mem:          3.8G       3.7G       119M       5.7M        28M       3.3G

MemTotal:        4016004 kB
MemFree:          112904 kB
Active:           363200 kB
Mem:          3.8G       3.7G       110M       5.7M        28M       3.3G

MemTotal:        4016004 kB
MemFree:          132692 kB
Active:           358068 kB
Mem:          3.8G       3.7G       129M       5.7M        28M       3.2G

MemTotal:        4016004 kB
MemFree:          112184 kB
Active:           357952 kB
Mem:          3.8G       3.7G       108M       5.7M        28M       3.3G

MemTotal:        4016004 kB
MemFree:          125892 kB
Active:           357976 kB
Mem:          3.8G       3.7G       122M       5.7M        28M       3.3G

MemTotal:        4016004 kB
MemFree:          119156 kB
Active:           360000 kB
Mem:          3.8G       3.7G       116M       5.7M        28M       3.3G

MemTotal:        4016004 kB
MemFree:          124244 kB
Active:           360004 kB
Mem:          3.8G       3.7G       121M       5.7M        28M       3.2G

MemTotal:        4016004 kB
MemFree:          125800 kB
Active:           360004 kB
Mem:          3.8G       3.7G       122M       5.7M        28M       3.2G

MemTotal:        4016004 kB
MemFree:          105160 kB
Active:           360004 kB
Mem:          3.8G       3.7G       102M       5.7M        28M       3.3G

MemTotal:        4016004 kB
MemFree:          109684 kB
Active:           360004 kB
Mem:          3.8G       3.7G       106M       5.7M        28M       3.3G

MemTotal:        4016004 kB
MemFree:          129700 kB
Active:           360016 kB
Mem:          3.8G       3.7G       126M       5.7M        28M       3.2G

MemTotal:        4016004 kB
MemFree:          127420 kB
Active:           360028 kB
Mem:          3.8G       3.7G       124M       5.7M        28M       3.2G

MemTotal:        4016004 kB
MemFree:          128472 kB
Active:           357444 kB
Mem:          3.8G       3.7G       124M       5.7M        28M       3.2G

MemTotal:        4016004 kB
MemFree:          119724 kB
Active:           357220 kB
Mem:          3.8G       3.7G       115M       5.7M        28M       3.3G

MemTotal:        4016004 kB
MemFree:          107716 kB
Active:           357224 kB
Mem:          3.8G       3.7G       105M       5.7M        28M       3.3G

MemTotal:        4016004 kB
MemFree:          128260 kB
Active:           357232 kB
Mem:          3.8G       3.7G       124M       5.7M        28M       3.2G

MemTotal:        4016004 kB
MemFree:          130152 kB
Active:           357236 kB
Mem:          3.8G       3.7G       126M       5.7M        28M       3.2G

MemTotal:        4016004 kB
MemFree:          128388 kB
Active:           357236 kB
Mem:          3.8G       3.7G       125M       5.7M        28M       3.2G

MemTotal:        4016004 kB
MemFree:          118868 kB
Active:           357236 kB
Mem:          3.8G       3.7G       115M       5.7M        28M       3.3G

MemTotal:        4016004 kB
MemFree:          126800 kB
Active:           357240 kB
Mem:          3.8G       3.7G       123M       5.7M        28M       3.2G

MemTotal:        4016004 kB
MemFree:          116520 kB
Active:           357248 kB
Mem:          3.8G       3.7G       113M       5.7M        28M       3.3G

MemTotal:        4016004 kB
MemFree:          106132 kB
Active:           357248 kB
Mem:          3.8G       3.7G       103M       5.7M        28M       3.3G

MemTotal:        4016004 kB
MemFree:          122632 kB
Active:           354952 kB
Mem:          3.8G       3.7G       119M       5.7M        28M       3.2G

MemTotal:        4016004 kB
MemFree:          141932 kB
Active:           354812 kB
Mem:          3.8G       3.7G       138M       5.7M        28M       3.2G

MemTotal:        4016004 kB
MemFree:          140900 kB
Active:           354836 kB
Mem:          3.8G       3.7G       137M       5.7M        28M       3.2G

MemTotal:        4016004 kB
MemFree:          116636 kB
Active:           354812 kB
Mem:          3.8G       3.7G       113M       5.7M        28M       3.3G

MemTotal:        4016004 kB
MemFree:          106636 kB
Active:           354856 kB
Mem:          3.8G       3.7G       103M       5.7M        28M       3.3G

MemTotal:        4016004 kB
MemFree:          120524 kB
Active:           354856 kB
Mem:          3.8G       3.7G       117M       5.7M        28M       3.3G

MemTotal:        4016004 kB
MemFree:          110480 kB
Active:           354856 kB
Mem:          3.8G       3.7G       107M       5.7M        28M       3.3G

MemTotal:        4016004 kB
MemFree:          119544 kB
Active:           354860 kB
Mem:          3.8G       3.7G       116M       5.7M        28M       3.3G

MemTotal:        4016004 kB
MemFree:          121912 kB
Active:           354872 kB
Mem:          3.8G       3.7G       118M       5.7M        28M       3.3G

MemTotal:        4016004 kB
MemFree:          110408 kB
Active:           354872 kB
Mem:          3.8G       3.7G       107M       5.7M        28M       3.3G

MemTotal:        4016004 kB
MemFree:          125408 kB
Active:           354872 kB
Mem:          3.8G       3.7G       122M       5.7M        28M       3.2G

MemTotal:        4016004 kB
MemFree:          108044 kB
Active:           354876 kB
Mem:          3.8G       3.7G       105M       5.7M        28M       3.3G

MemTotal:        4016004 kB
MemFree:          136172 kB
Active:           352440 kB
Mem:          3.8G       3.7G       132M       5.7M        28M       3.2G

MemTotal:        4016004 kB
MemFree:          134416 kB
Active:           352368 kB
Mem:          3.8G       3.7G       131M       5.7M        28M       3.2G

MemTotal:        4016004 kB
MemFree:          129064 kB
Active:           352368 kB
Mem:          3.8G       3.7G       125M       5.7M        28M       3.2G

MemTotal:        4016004 kB
MemFree:          126816 kB
Active:           352380 kB
Mem:          3.8G       3.7G       123M       5.7M        28M       3.2G

MemTotal:        4016004 kB
MemFree:          123948 kB
Active:           352380 kB
Mem:          3.8G       3.7G       120M       5.7M        28M       3.2G

MemTotal:        4016004 kB
MemFree:          124764 kB
Active:           352384 kB
Mem:          3.8G       3.7G       121M       5.7M        28M       3.2G

MemTotal:        4016004 kB
MemFree:          120644 kB
Active:           352340 kB
Mem:          3.8G       3.7G       117M       5.7M        28M       3.2G

MemTotal:        4016004 kB
MemFree:          126356 kB
Active:           352392 kB
Mem:          3.8G       3.7G       122M       5.7M        28M       3.2G

MemTotal:        4016004 kB
MemFree:          122856 kB
Active:           352396 kB
Mem:          3.8G       3.7G       119M       5.7M        28M       3.2G

MemTotal:        4016004 kB
MemFree:          136396 kB
Active:           352396 kB
Mem:          3.8G       3.7G       132M       5.7M        28M       3.2G

MemTotal:        4016004 kB
MemFree:          130708 kB
Active:           352400 kB
Mem:          3.8G       3.7G       127M       5.7M        28M       3.2G

MemTotal:        4016004 kB
MemFree:          132888 kB
Active:           353548 kB
Mem:          3.8G       3.7G       129M       5.7M        28M       3.2G

MemTotal:        4016004 kB
MemFree:          120428 kB
Active:           349108 kB
Mem:          3.8G       3.7G       117M       5.7M        28M       3.2G

MemTotal:        4016004 kB
MemFree:          113696 kB
Active:           349000 kB
Mem:          3.8G       3.7G       110M       5.7M        28M       3.3G

MemTotal:        4016004 kB
MemFree:          113828 kB
Active:           349004 kB
Mem:          3.8G       3.7G       111M       5.7M        28M       3.3G

MemTotal:        4016004 kB
MemFree:          122420 kB
Active:           349012 kB
Mem:          3.8G       3.7G       119M       5.7M        28M       3.2G

MemTotal:        4016004 kB
MemFree:          110252 kB
Active:           349012 kB
Mem:          3.8G       3.7G       107M       5.7M        28M       3.3G

MemTotal:        4016004 kB
MemFree:          106892 kB
Active:           348968 kB
Mem:          3.8G       3.7G       103M       5.7M        28M       3.3G

MemTotal:        4016004 kB
MemFree:          127372 kB
Active:           349020 kB
Mem:          3.8G       3.7G       124M       5.7M        28M       3.2G

MemTotal:        4016004 kB
MemFree:          135472 kB
Active:           349020 kB
Mem:          3.8G       3.7G       131M       5.7M        28M       3.2G

MemTotal:        4016004 kB
MemFree:          141932 kB
Active:           349020 kB
Mem:          3.8G       3.7G       138M       5.7M        28M       3.2G

MemTotal:        4016004 kB
MemFree:          130888 kB
Active:           349024 kB
Mem:          3.8G       3.7G       127M       5.7M        28M       3.2G

MemTotal:        4016004 kB
MemFree:          120532 kB
Active:           349024 kB
Mem:          3.8G       3.7G       117M       5.7M        28M       3.2G

MemTotal:        4016004 kB
MemFree:          127728 kB
Active:           349024 kB
Mem:          3.8G       3.7G       124M       5.7M        28M       3.2G

MemTotal:        4016004 kB
MemFree:          124728 kB
Active:           349024 kB
Mem:          3.8G       3.7G       121M       5.7M        28M       3.2G

MemTotal:        4016004 kB
MemFree:          122476 kB
Active:           349036 kB
Mem:          3.8G       3.7G       119M       5.7M        28M       3.2G

MemTotal:        4016004 kB
MemFree:          122352 kB
Active:           349000 kB
Mem:          3.8G       3.7G       118M       5.7M        28M       3.2G

MemTotal:        4016004 kB
MemFree:          122324 kB
Active:           349008 kB
Mem:          3.8G       3.7G       119M       5.7M        28M       3.2G

MemTotal:        4016004 kB
MemFree:          121592 kB
Active:           349008 kB
Mem:          3.8G       3.7G       118M       5.7M        28M       3.2G

MemTotal:        4016004 kB
MemFree:          111744 kB
Active:           349056 kB
Mem:          3.8G       3.7G       108M       5.7M        28M       3.3G

MemTotal:        4016004 kB
MemFree:          127028 kB
Active:           349060 kB
Mem:          3.8G       3.7G       123M       5.7M        28M       3.2G

MemTotal:        4016004 kB
MemFree:          108112 kB
Active:           350188 kB
Mem:          3.8G       3.7G       105M       5.7M        28M       3.3G

MemTotal:        4016004 kB
MemFree:          135092 kB
Active:           350044 kB
Mem:          3.8G       3.7G       131M       5.7M        28M       3.2G

MemTotal:        4016004 kB
MemFree:          141792 kB
Active:           349924 kB
Mem:          3.8G       3.7G       138M       5.7M        28M       3.2G

MemTotal:        4016004 kB
MemFree:          132892 kB
Active:           349940 kB
Mem:          3.8G       3.7G       129M       5.7M        28M       3.2G

MemTotal:        4016004 kB
MemFree:          122852 kB
Active:           349916 kB
Mem:          3.8G       3.7G       119M       5.7M        28M       3.2G

MemTotal:        4016004 kB
MemFree:          129520 kB
Active:           349940 kB
Mem:          3.8G       3.7G       125M       5.7M        28M       3.2G

MemTotal:        4016004 kB
MemFree:          119236 kB
Active:           349936 kB
Mem:          3.8G       3.7G       116M       5.7M        28M       3.2G

MemTotal:        4016004 kB
MemFree:          110928 kB
Active:           349960 kB
Mem:          3.8G       3.7G       107M       5.7M        28M       3.3G

MemTotal:        4016004 kB
MemFree:          123612 kB
Active:           349960 kB
Mem:          3.8G       3.7G       120M       5.7M        28M       3.2G

MemTotal:        4016004 kB
MemFree:          121824 kB
Active:           349940 kB
Mem:          3.8G       3.7G       118M       5.7M        28M       3.2G

MemTotal:        4016004 kB
MemFree:          122096 kB
Active:           349964 kB
Mem:          3.8G       3.7G       118M       5.7M        28M       3.2G

MemTotal:        4016004 kB
MemFree:          122036 kB
Active:           349952 kB
Mem:          3.8G       3.7G       119M       5.7M        28M       3.2G

MemTotal:        4016004 kB
MemFree:          121868 kB
Active:           349980 kB
Mem:          3.8G       3.7G       119M       5.7M        28M       3.2G

MemTotal:        4016004 kB
MemFree:          127356 kB
Active:           349796 kB
Mem:          3.8G       3.7G       124M       5.7M        28M       3.2G

MemTotal:        4016004 kB
MemFree:          127280 kB
Active:           349668 kB
Mem:          3.8G       3.7G       123M       5.7M        28M       3.2G

MemTotal:        4016004 kB
MemFree:          127280 kB
Active:           349656 kB
Mem:          3.8G       3.7G       124M       5.7M        28M       3.2G

MemTotal:        4016004 kB
MemFree:          127560 kB
Active:           349628 kB
Mem:          3.8G       3.7G       124M       5.7M        28M       3.2G

MemTotal:        4016004 kB
MemFree:          127560 kB
Active:           349664 kB
Mem:          3.8G       3.7G       124M       5.7M        28M       3.2G

MemTotal:        4016004 kB
MemFree:          127560 kB
Active:           349672 kB
Mem:          3.8G       3.7G       124M       5.7M        28M       3.2G

MemTotal:        4016004 kB
MemFree:          127560 kB
Active:           349648 kB
Mem:          3.8G       3.7G       124M       5.7M        28M       3.2G

MemTotal:        4016004 kB
MemFree:          127560 kB
Active:           349668 kB
Mem:          3.8G       3.7G       124M       5.7M        28M       3.2G

MemTotal:        4016004 kB
MemFree:          127560 kB
Active:           349660 kB
Mem:          3.8G       3.7G       124M       5.7M        28M       3.2G

MemTotal:        4016004 kB
MemFree:          126940 kB
Active:           349648 kB
Mem:          3.8G       3.7G       123M       5.7M        28M       3.2G

MemTotal:        4016004 kB
MemFree:          126816 kB
Active:           349660 kB
Mem:          3.8G       3.7G       123M       5.7M        28M       3.2G

MemTotal:        4016004 kB
MemFree:          127064 kB
Active:           349688 kB
Mem:          3.8G       3.7G       123M       5.7M        28M       3.2G

MemTotal:        4016004 kB
MemFree:          126940 kB
Active:           349656 kB
Mem:          3.8G       3.7G       123M       5.7M        28M       3.2G

MemTotal:        4016004 kB
MemFree:          126940 kB
Active:           349676 kB
Mem:          3.8G       3.7G       123M       5.7M        28M       3.2G

MemTotal:        4016004 kB
MemFree:          127064 kB
Active:           349684 kB
Mem:          3.8G       3.7G       124M       5.7M        28M       3.2G

MemTotal:        4016004 kB
MemFree:          127188 kB
Active:           349704 kB
Mem:          3.8G       3.7G       124M       5.7M        28M       3.2G

MemTotal:        4016004 kB
MemFree:          127436 kB
Active:           349680 kB
Mem:          3.8G       3.7G       124M       5.7M        28M       3.2G

MemTotal:        4016004 kB
MemFree:          127684 kB
Active:           349660 kB
Mem:          3.8G       3.7G       124M       5.7M        28M       3.2G

MemTotal:        4016004 kB
MemFree:          127436 kB
Active:           349680 kB
Mem:          3.8G       3.7G       124M       5.7M        28M       3.2G

MemTotal:        4016004 kB
MemFree:          127560 kB
Active:           349688 kB
Mem:          3.8G       3.7G       124M       5.7M        28M       3.2G

MemTotal:        4016004 kB
MemFree:          127560 kB
Active:           349664 kB
Mem:          3.8G       3.7G       124M       5.7M        28M       3.2G

MemTotal:        4016004 kB
MemFree:          127436 kB
Active:           349696 kB
Mem:          3.8G       3.7G       124M       5.7M        28M       3.2G

MemTotal:        4016004 kB
MemFree:          127560 kB
Active:           349712 kB
Mem:          3.8G       3.7G       124M       5.7M        28M       3.2G

MemTotal:        4016004 kB
MemFree:          127436 kB
Active:           349692 kB
Mem:          3.8G       3.7G       123M       5.7M        28M       3.2G

MemTotal:        4016004 kB
MemFree:          127436 kB
Active:           349692 kB
Mem:          3.8G       3.7G       124M       5.7M        28M       3.2G

MemTotal:        4016004 kB
MemFree:          127560 kB
Active:           349716 kB
Mem:          3.8G       3.7G       124M       5.7M        28M       3.2G

MemTotal:        4016004 kB
MemFree:          127436 kB
Active:           349700 kB
Mem:          3.8G       3.7G       124M       5.7M        28M       3.2G

MemTotal:        4016004 kB
MemFree:          127188 kB
Active:           349712 kB
Mem:          3.8G       3.7G       124M       5.7M        28M       3.2G

MemTotal:        4016004 kB
MemFree:          127312 kB
Active:           349696 kB
Mem:          3.8G       3.7G       123M       5.7M        28M       3.2G

MemTotal:        4016004 kB
MemFree:          127312 kB
Active:           349700 kB
Mem:          3.8G       3.7G       124M       5.7M        28M       3.2G

MemTotal:        4016004 kB
MemFree:          127312 kB
Active:           349680 kB
Mem:          3.8G       3.7G       124M       5.7M        28M       3.2G

MemTotal:        4016004 kB
MemFree:          127436 kB
Active:           349712 kB
Mem:          3.8G       3.7G       124M       5.7M        28M       3.2G

MemTotal:        4016004 kB
MemFree:          127560 kB
Active:           349720 kB
Mem:          3.8G       3.7G       124M       5.7M        28M       3.2G

MemTotal:        4016004 kB
MemFree:          127560 kB
Active:           349700 kB
Mem:          3.8G       3.7G       124M       5.7M        28M       3.2G

MemTotal:        4016004 kB
MemFree:          127684 kB
Active:           349692 kB
Mem:          3.8G       3.7G       124M       5.7M        28M       3.2G

MemTotal:        4016004 kB
MemFree:          127560 kB
Active:           349712 kB
Mem:          3.8G       3.7G       124M       5.7M        28M       3.2G

MemTotal:        4016004 kB
MemFree:          127684 kB
Active:           349740 kB
Mem:          3.8G       3.7G       124M       5.7M        28M       3.2G

MemTotal:        4016004 kB
MemFree:          127560 kB
Active:           349716 kB
Mem:          3.8G       3.7G       124M       5.7M        28M       3.2G

MemTotal:        4016004 kB
MemFree:          127560 kB
Active:           349736 kB
Mem:          3.8G       3.7G       124M       5.7M        28M       3.2G

MemTotal:        4016004 kB
MemFree:          127560 kB
Active:           349728 kB
Mem:          3.8G       3.7G       124M       5.7M        28M       3.2G

MemTotal:        4016004 kB
MemFree:          127188 kB
Active:           349720 kB
Mem:          3.8G       3.7G       124M       5.7M        28M       3.2G

MemTotal:        4016004 kB
MemFree:          127188 kB
Active:           349748 kB
Mem:          3.8G       3.7G       123M       5.7M        28M       3.2G

MemTotal:        4016004 kB
MemFree:          127436 kB
Active:           349736 kB
Mem:          3.8G       3.7G       124M       5.7M        28M       3.2G

MemTotal:        4016004 kB
MemFree:          127560 kB
Active:           349744 kB
Mem:          3.8G       3.7G       124M       5.7M        28M       3.2G

MemTotal:        4016004 kB
MemFree:          127436 kB
Active:           349744 kB
Mem:          3.8G       3.7G       124M       5.7M        28M       3.2G

MemTotal:        4016004 kB
MemFree:          127560 kB
Active:           349732 kB
Mem:          3.8G       3.7G       124M       5.7M        28M       3.2G

MemTotal:        4016004 kB
MemFree:          127188 kB
Active:           349768 kB
Mem:          3.8G       3.7G       124M       5.7M        28M       3.2G

MemTotal:        4016004 kB
MemFree:          127560 kB
Active:           349756 kB
Mem:          3.8G       3.7G       124M       5.7M        28M       3.2G

MemTotal:        4016004 kB
MemFree:          127560 kB
Active:           349736 kB
Mem:          3.8G       3.7G       124M       5.7M        28M       3.2G

MemTotal:        4016004 kB
MemFree:          127560 kB
Active:           349748 kB
Mem:          3.8G       3.7G       124M       5.7M        28M       3.2G

MemTotal:        4016004 kB
MemFree:          127560 kB
Active:           349732 kB
Mem:          3.8G       3.7G       124M       5.7M        28M       3.2G

MemTotal:        4016004 kB
MemFree:          127188 kB
Active:           349744 kB
Mem:          3.8G       3.7G       123M       5.7M        28M       3.2G

MemTotal:        4016004 kB
MemFree:          127312 kB
Active:           349752 kB
Mem:          3.8G       3.7G       124M       5.7M        28M       3.2G

MemTotal:        4016004 kB
MemFree:          127188 kB
Active:           349736 kB
Mem:          3.8G       3.7G       123M       5.7M        28M       3.2G

MemTotal:        4016004 kB
MemFree:          127188 kB
Active:           349756 kB
Mem:          3.8G       3.7G       124M       5.7M        28M       3.2G

MemTotal:        4016004 kB
MemFree:          127188 kB
Active:           349752 kB
Mem:          3.8G       3.7G       124M       5.7M        28M       3.2G

MemTotal:        4016004 kB
MemFree:          127188 kB
Active:           349728 kB
Mem:          3.8G       3.7G       123M       5.7M        28M       3.2G

MemTotal:        4016004 kB
MemFree:          127188 kB
Active:           349772 kB
Mem:          3.8G       3.7G       124M       5.7M        28M       3.2G

MemTotal:        4016004 kB
MemFree:          126692 kB
Active:           349788 kB
Mem:          3.8G       3.7G       123M       5.7M        28M       3.2G

MemTotal:        4016004 kB
MemFree:          127436 kB
Active:           349752 kB
Mem:          3.8G       3.7G       124M       5.7M        28M       3.2G

MemTotal:        4016004 kB
MemFree:          127436 kB
Active:           349780 kB
Mem:          3.8G       3.7G       124M       5.7M        28M       3.2G

MemTotal:        4016004 kB
MemFree:          127436 kB
Active:           349760 kB
Mem:          3.8G       3.7G       123M       5.7M        28M       3.2G

MemTotal:        4016004 kB
MemFree:          127312 kB
Active:           349760 kB
Mem:          3.8G       3.7G       124M       5.7M        28M       3.2G

MemTotal:        4016004 kB
MemFree:          127312 kB
Active:           349784 kB
Mem:          3.8G       3.7G       124M       5.7M        28M       3.2G

MemTotal:        4016004 kB
MemFree:          127436 kB
Active:           349744 kB
Mem:          3.8G       3.7G       124M       5.7M        28M       3.2G

MemTotal:        4016004 kB
MemFree:          127064 kB
Active:           349748 kB
Mem:          3.8G       3.7G       123M       5.7M        28M       3.2G

MemTotal:        4016004 kB
MemFree:          126692 kB
Active:           349796 kB
Mem:          3.8G       3.7G       123M       5.7M        28M       3.2G

MemTotal:        4016004 kB
MemFree:          126568 kB
Active:           349796 kB
Mem:          3.8G       3.7G       123M       5.7M        28M       3.2G

MemTotal:        4016004 kB
MemFree:          127188 kB
Active:           349772 kB
Mem:          3.8G       3.7G       124M       5.7M        28M       3.2G

MemTotal:        4016004 kB
MemFree:          127064 kB
Active:           349752 kB
Mem:          3.8G       3.7G       123M       5.7M        28M       3.2G

MemTotal:        4016004 kB
MemFree:          126692 kB
Active:           349800 kB
Mem:          3.8G       3.7G       123M       5.7M        28M       3.2G

MemTotal:        4016004 kB
MemFree:          126816 kB
Active:           349788 kB
Mem:          3.8G       3.7G       123M       5.7M        28M       3.2G

MemTotal:        4016004 kB
MemFree:          127064 kB
Active:           349796 kB
Mem:          3.8G       3.7G       123M       5.7M        28M       3.2G

MemTotal:        4016004 kB
MemFree:          127188 kB
Active:           349796 kB
Mem:          3.8G       3.7G       123M       5.7M        28M       3.2G

MemTotal:        4016004 kB
MemFree:          127312 kB
Active:           349784 kB
Mem:          3.8G       3.7G       124M       5.7M        28M       3.2G

MemTotal:        4016004 kB
MemFree:          127312 kB
Active:           349768 kB
Mem:          3.8G       3.7G       124M       5.7M        28M       3.2G

MemTotal:        4016004 kB
MemFree:          126816 kB
Active:           349808 kB
Mem:          3.8G       3.7G       123M       5.7M        28M       3.2G

MemTotal:        4016004 kB
MemFree:          126940 kB
Active:           349808 kB
Mem:          3.8G       3.7G       123M       5.7M        28M       3.2G

MemTotal:        4016004 kB
MemFree:          126940 kB
Active:           349788 kB
Mem:          3.8G       3.7G       123M       5.7M        28M       3.2G

MemTotal:        4016004 kB
MemFree:          127064 kB
Active:           349816 kB
Mem:          3.8G       3.7G       123M       5.7M        28M       3.2G

MemTotal:        4016004 kB
MemFree:          126940 kB
Active:           349788 kB
Mem:          3.8G       3.7G       123M       5.7M        28M       3.2G

MemTotal:        4016004 kB
MemFree:          126940 kB
Active:           349808 kB
Mem:          3.8G       3.7G       123M       5.7M        28M       3.2G

MemTotal:        4016004 kB
MemFree:          127188 kB
Active:           349792 kB
Mem:          3.8G       3.7G       124M       5.7M        28M       3.2G

MemTotal:        4016004 kB
MemFree:          126940 kB
Active:           349832 kB
Mem:          3.8G       3.7G       123M       5.7M        28M       3.2G

MemTotal:        4016004 kB
MemFree:          127064 kB
Active:           349812 kB
Mem:          3.8G       3.7G       124M       5.7M        28M       3.2G

MemTotal:        4016004 kB
MemFree:          127436 kB
Active:           349828 kB
Mem:          3.8G       3.7G       124M       5.7M        28M       3.2G

MemTotal:        4016004 kB
MemFree:          127312 kB
Active:           349812 kB
Mem:          3.8G       3.7G       124M       5.7M        28M       3.2G

MemTotal:        4016004 kB
MemFree:          125140 kB
Active:           349836 kB
Mem:          3.8G       3.7G       121M       5.7M        28M       3.2G

MemTotal:        4016004 kB
MemFree:          125264 kB
Active:           351860 kB
Mem:          3.8G       3.7G       122M       5.7M        28M       3.2G

MemTotal:        4016004 kB
MemFree:          125512 kB
Active:           351832 kB
Mem:          3.8G       3.7G       122M       5.7M        28M       3.2G

MemTotal:        4016004 kB
MemFree:          125512 kB
Active:           351852 kB
Mem:          3.8G       3.7G       122M       5.7M        28M       3.2G

MemTotal:        4016004 kB
MemFree:          125264 kB
Active:           351888 kB
Mem:          3.8G       3.7G       122M       5.7M        28M       3.2G

MemTotal:        4016004 kB
MemFree:          125140 kB
Active:           351868 kB
Mem:          3.8G       3.7G       122M       5.7M        28M       3.2G

MemTotal:        4016004 kB
MemFree:          125140 kB
Active:           351868 kB
Mem:          3.8G       3.7G       121M       5.7M        28M       3.2G

MemTotal:        4016004 kB
MemFree:          125140 kB
Active:           351844 kB
Mem:          3.8G       3.7G       122M       5.7M        28M       3.2G

MemTotal:        4016004 kB
MemFree:          125140 kB
Active:           351888 kB
Mem:          3.8G       3.7G       121M       5.7M        28M       3.2G

MemTotal:        4016004 kB
MemFree:          125140 kB
Active:           351872 kB
Mem:          3.8G       3.7G       122M       5.7M        28M       3.2G

MemTotal:        4016004 kB
MemFree:          125264 kB
Active:           351844 kB
Mem:          3.8G       3.7G       122M       5.7M        28M       3.2G

MemTotal:        4016004 kB
MemFree:          125388 kB
Active:           351872 kB
Mem:          3.8G       3.7G       122M       5.7M        28M       3.2G

MemTotal:        4016004 kB
MemFree:          125388 kB
Active:           351876 kB
Mem:          3.8G       3.7G       122M       5.7M        28M       3.2G

MemTotal:        4016004 kB
MemFree:          125388 kB
Active:           351900 kB
Mem:          3.8G       3.7G       121M       5.7M        28M       3.2G

MemTotal:        4016004 kB
MemFree:          125124 kB
Active:           351936 kB
Mem:          3.8G       3.7G       122M       5.7M        28M       3.2G

MemTotal:        4016004 kB
MemFree:          125248 kB
Active:           351912 kB
Mem:          3.8G       3.7G       122M       5.7M        28M       3.2G

MemTotal:        4016004 kB
MemFree:          125000 kB
Active:           352040 kB
Mem:          3.8G       3.7G       121M       5.7M        28M       3.2G

MemTotal:        4016004 kB
MemFree:          124860 kB
Active:           351980 kB
Mem:          3.8G       3.7G       121M       5.7M        28M       3.2G

MemTotal:        4016004 kB
MemFree:          124984 kB
Active:           351956 kB
Mem:          3.8G       3.7G       122M       5.7M        28M       3.2G

MemTotal:        4016004 kB
MemFree:          124860 kB
Active:           351976 kB
Mem:          3.8G       3.7G       121M       5.7M        28M       3.2G

MemTotal:        4016004 kB
MemFree:          124860 kB
Active:           351964 kB
Mem:          3.8G       3.7G       121M       5.7M        28M       3.2G

MemTotal:        4016004 kB
MemFree:          124860 kB
Active:           351992 kB
Mem:          3.8G       3.7G       121M       5.7M        28M       3.2G

MemTotal:        4016004 kB
MemFree:          124984 kB
Active:           351984 kB
Mem:          3.8G       3.7G       121M       5.7M        28M       3.2G

MemTotal:        4016004 kB
MemFree:          124860 kB
Active:           351992 kB
Mem:          3.8G       3.7G       121M       5.7M        28M       3.2G

MemTotal:        4016004 kB
MemFree:          124860 kB
Active:           351964 kB
Mem:          3.8G       3.7G       121M       5.7M        28M       3.2G

MemTotal:        4016004 kB
MemFree:          124984 kB
Active:           351968 kB
Mem:          3.8G       3.7G       121M       5.7M        28M       3.2G

MemTotal:        4016004 kB
MemFree:          125108 kB
Active:           351992 kB
Mem:          3.8G       3.7G       121M       5.7M        28M       3.2G

MemTotal:        4016004 kB
MemFree:          125108 kB
Active:           351980 kB
Mem:          3.8G       3.7G       121M       5.7M        28M       3.2G

MemTotal:        4016004 kB
MemFree:          124612 kB
Active:           351992 kB
Mem:          3.8G       3.7G       121M       5.7M        28M       3.2G

MemTotal:        4016004 kB
MemFree:          124736 kB
Active:           352012 kB
Mem:          3.8G       3.7G       121M       5.7M        28M       3.2G

MemTotal:        4016004 kB
MemFree:          124736 kB
Active:           351992 kB
Mem:          3.8G       3.7G       121M       5.7M        28M       3.2G

MemTotal:        4016004 kB
MemFree:          124736 kB
Active:           351996 kB
Mem:          3.8G       3.7G       121M       5.7M        28M       3.2G

MemTotal:        4016004 kB
MemFree:          124736 kB
Active:           351976 kB
Mem:          3.8G       3.7G       121M       5.7M        28M       3.2G

MemTotal:        4016004 kB
MemFree:          124752 kB
Active:           351984 kB
Mem:          3.8G       3.7G       121M       5.7M        28M       3.2G

MemTotal:        4016004 kB
MemFree:          124504 kB
Active:           351968 kB
Mem:          3.8G       3.7G       121M       5.7M        28M       3.2G

MemTotal:        4016004 kB
MemFree:          124752 kB
Active:           352016 kB
Mem:          3.8G       3.7G       121M       5.7M        28M       3.2G

MemTotal:        4016004 kB
MemFree:          124876 kB
Active:           351980 kB
Mem:          3.8G       3.7G       121M       5.7M        28M       3.2G

MemTotal:        4016004 kB
MemFree:          125000 kB
Active:           351992 kB
Mem:          3.8G       3.7G       121M       5.7M        28M       3.2G

MemTotal:        4016004 kB
MemFree:          124876 kB
Active:           351976 kB
Mem:          3.8G       3.7G       121M       5.7M        28M       3.2G

MemTotal:        4016004 kB
MemFree:          124876 kB
Active:           352020 kB
Mem:          3.8G       3.7G       121M       5.7M        28M       3.2G

MemTotal:        4016004 kB
MemFree:          124876 kB
Active:           352004 kB
Mem:          3.8G       3.7G       121M       5.7M        28M       3.2G

MemTotal:        4016004 kB
MemFree:          124504 kB
Active:           352036 kB
Mem:          3.8G       3.7G       121M       5.7M        28M       3.2G

MemTotal:        4016004 kB
MemFree:          124752 kB
Active:           352016 kB
Mem:          3.8G       3.7G       121M       5.7M        28M       3.2G

MemTotal:        4016004 kB
MemFree:          124752 kB
Active:           352012 kB
Mem:          3.8G       3.7G       121M       5.7M        28M       3.2G

MemTotal:        4016004 kB
MemFree:          124628 kB
Active:           352004 kB
Mem:          3.8G       3.7G       121M       5.7M        28M       3.2G

MemTotal:        4016004 kB
MemFree:          124628 kB
Active:           352012 kB
Mem:          3.8G       3.7G       121M       5.7M        28M       3.2G

MemTotal:        4016004 kB
MemFree:          124628 kB
Active:           351988 kB
Mem:          3.8G       3.7G       121M       5.7M        28M       3.2G

MemTotal:        4016004 kB
MemFree:          124504 kB
Active:           351984 kB
Mem:          3.8G       3.7G       121M       5.7M        28M       3.2G

MemTotal:        4016004 kB
MemFree:          124504 kB
Active:           352028 kB
Mem:          3.8G       3.7G       121M       5.7M        28M       3.2G

MemTotal:        4016004 kB
MemFree:          124380 kB
Active:           352016 kB
Mem:          3.8G       3.7G       121M       5.7M        28M       3.2G

MemTotal:        4016004 kB
MemFree:          124628 kB
Active:           352032 kB
Mem:          3.8G       3.7G       121M       5.7M        28M       3.2G

MemTotal:        4016004 kB
MemFree:          124876 kB
Active:           352004 kB
Mem:          3.8G       3.7G       121M       5.7M        28M       3.2G

MemTotal:        4016004 kB
MemFree:          124752 kB
Active:           352036 kB
Mem:          3.8G       3.7G       121M       5.7M        28M       3.2G

MemTotal:        4016004 kB
MemFree:          125124 kB
Active:           352024 kB
Mem:          3.8G       3.7G       122M       5.7M        28M       3.2G

MemTotal:        4016004 kB
MemFree:          125248 kB
Active:           352032 kB
Mem:          3.8G       3.7G       122M       5.7M        28M       3.2G

MemTotal:        4016004 kB
MemFree:          125124 kB
Active:           352008 kB
Mem:          3.8G       3.7G       122M       5.7M        28M       3.2G

MemTotal:        4016004 kB
MemFree:          125124 kB
Active:           352052 kB
Mem:          3.8G       3.7G       121M       5.7M        28M       3.2G

MemTotal:        4016004 kB
MemFree:          125248 kB
Active:           352040 kB
Mem:          3.8G       3.7G       121M       5.7M        28M       3.2G

MemTotal:        4016004 kB
MemFree:          125124 kB
Active:           352028 kB
Mem:          3.8G       3.7G       121M       5.7M        28M       3.2G

MemTotal:        4016004 kB
MemFree:          124504 kB
Active:           352040 kB
Mem:          3.8G       3.7G       121M       5.7M        28M       3.2G

MemTotal:        4016004 kB
MemFree:          124504 kB
Active:           352056 kB
Mem:          3.8G       3.7G       121M       5.7M        28M       3.2G

MemTotal:        4016004 kB
MemFree:          124256 kB
Active:           352040 kB
Mem:          3.8G       3.7G       121M       5.7M        28M       3.2G

MemTotal:        4016004 kB
MemFree:          124876 kB
Active:           352036 kB
Mem:          3.8G       3.7G       121M       5.7M        28M       3.2G

MemTotal:        4016004 kB
MemFree:          124752 kB
Active:           352052 kB
Mem:          3.8G       3.7G       121M       5.7M        28M       3.2G

MemTotal:        4016004 kB
MemFree:          125000 kB
Active:           352028 kB
Mem:          3.8G       3.7G       121M       5.7M        28M       3.2G

MemTotal:        4016004 kB
MemFree:          125000 kB
Active:           352044 kB
Mem:          3.8G       3.7G       121M       5.7M        28M       3.2G

MemTotal:        4016004 kB
MemFree:          124876 kB
Active:           352016 kB
Mem:          3.8G       3.7G       121M       5.7M        28M       3.2G

MemTotal:        4016004 kB
MemFree:          124876 kB
Active:           352052 kB
Mem:          3.8G       3.7G       121M       5.7M        28M       3.2G

MemTotal:        4016004 kB
MemFree:          124876 kB
Active:           352044 kB
Mem:          3.8G       3.7G       121M       5.7M        28M       3.2G

MemTotal:        4016004 kB
MemFree:          125000 kB
Active:           352080 kB
Mem:          3.8G       3.7G       121M       5.7M        28M       3.2G

MemTotal:        4016004 kB
MemFree:          125124 kB
Active:           352056 kB
Mem:          3.8G       3.7G       121M       5.7M        28M       3.2G

MemTotal:        4016004 kB
MemFree:          124876 kB
Active:           352080 kB
Mem:          3.8G       3.7G       121M       5.7M        28M       3.2G

MemTotal:        4016004 kB
MemFree:          125000 kB
Active:           352056 kB
Mem:          3.8G       3.7G       122M       5.7M        28M       3.2G

MemTotal:        4016004 kB
MemFree:          125248 kB
Active:           352064 kB
Mem:          3.8G       3.7G       121M       5.7M        28M       3.2G

MemTotal:        4016004 kB
MemFree:          125000 kB
Active:           352084 kB
Mem:          3.8G       3.7G       122M       5.7M        28M       3.2G

MemTotal:        4016004 kB
MemFree:          125000 kB
Active:           352044 kB
Mem:          3.8G       3.7G       121M       5.7M        28M       3.2G

MemTotal:        4016004 kB
MemFree:          124752 kB
Active:           352052 kB
Mem:          3.8G       3.7G       121M       5.7M        28M       3.2G

MemTotal:        4016004 kB
MemFree:          124628 kB
Active:           352076 kB
Mem:          3.8G       3.7G       121M       5.7M        28M       3.2G

MemTotal:        4016004 kB
MemFree:          124504 kB
Active:           352092 kB
Mem:          3.8G       3.7G       121M       5.7M        28M       3.2G

MemTotal:        4016004 kB
MemFree:          124504 kB
Active:           352092 kB
Mem:          3.8G       3.7G       121M       5.7M        28M       3.2G

MemTotal:        4016004 kB
MemFree:          124628 kB
Active:           352072 kB
Mem:          3.8G       3.7G       121M       5.7M        28M       3.2G

MemTotal:        4016004 kB
MemFree:          124628 kB
Active:           352056 kB
Mem:          3.8G       3.7G       121M       5.7M        28M       3.2G

MemTotal:        4016004 kB
MemFree:          124504 kB
Active:           352088 kB
Mem:          3.8G       3.7G       121M       5.7M        28M       3.2G

MemTotal:        4016004 kB
MemFree:          124628 kB
Active:           352076 kB
Mem:          3.8G       3.7G       121M       5.7M        28M       3.2G

MemTotal:        4016004 kB
MemFree:          125000 kB
Active:           352064 kB
Mem:          3.8G       3.7G       121M       5.7M        28M       3.2G

MemTotal:        4016004 kB
MemFree:          125124 kB
Active:           352080 kB
Mem:          3.8G       3.7G       122M       5.7M        28M       3.2G

MemTotal:        4016004 kB
MemFree:          125124 kB
Active:           352076 kB
Mem:          3.8G       3.7G       121M       5.7M        28M       3.2G

MemTotal:        4016004 kB
MemFree:          124876 kB
Active:           352088 kB
Mem:          3.8G       3.7G       121M       5.7M        28M       3.2G

MemTotal:        4016004 kB
MemFree:          124752 kB
Active:           352080 kB
Mem:          3.8G       3.7G       121M       5.7M        28M       3.2G

MemTotal:        4016004 kB
MemFree:          124628 kB
Active:           352116 kB
Mem:          3.8G       3.7G       121M       5.7M        28M       3.2G

MemTotal:        4016004 kB
MemFree:          124752 kB
Active:           352104 kB
Mem:          3.8G       3.7G       121M       5.7M        28M       3.2G

MemTotal:        4016004 kB
MemFree:          124628 kB
Active:           352088 kB
Mem:          3.8G       3.7G       121M       5.7M        28M       3.2G

MemTotal:        4016004 kB
MemFree:          124876 kB
Active:           352076 kB
Mem:          3.8G       3.7G       121M       5.7M        28M       3.2G

MemTotal:        4016004 kB
MemFree:          124876 kB
Active:           352112 kB
Mem:          3.8G       3.7G       121M       5.7M        28M       3.2G

MemTotal:        4016004 kB
MemFree:          124628 kB
Active:           352120 kB
Mem:          3.8G       3.7G       121M       5.7M        28M       3.2G

MemTotal:        4016004 kB
MemFree:          124628 kB
Active:           352104 kB
Mem:          3.8G       3.7G       121M       5.7M        28M       3.2G

MemTotal:        4016004 kB
MemFree:          124628 kB
Active:           352120 kB
Mem:          3.8G       3.7G       121M       5.7M        28M       3.2G

MemTotal:        4016004 kB
MemFree:          124628 kB
Active:           352092 kB
Mem:          3.8G       3.7G       121M       5.7M        28M       3.2G

MemTotal:        4016004 kB
MemFree:          124628 kB
Active:           352104 kB
Mem:          3.8G       3.7G       121M       5.7M        28M       3.2G

MemTotal:        4016004 kB
MemFree:          124752 kB
Active:           352076 kB
Mem:          3.8G       3.7G       121M       5.7M        28M       3.2G

MemTotal:        4016004 kB
MemFree:          124628 kB
Active:           352108 kB
Mem:          3.8G       3.7G       121M       5.7M        28M       3.2G

MemTotal:        4016004 kB
MemFree:          124380 kB
Active:           352092 kB
Mem:          3.8G       3.7G       121M       5.7M        28M       3.2G

MemTotal:        4016004 kB
MemFree:          124504 kB
Active:           352112 kB
Mem:          3.8G       3.7G       121M       5.7M        28M       3.2G

MemTotal:        4016004 kB
MemFree:          124752 kB
Active:           352132 kB
Mem:          3.8G       3.7G       121M       5.7M        28M       3.2G

MemTotal:        4016004 kB
MemFree:          124876 kB
Active:           352120 kB
Mem:          3.8G       3.7G       121M       5.7M        28M       3.2G

MemTotal:        4016004 kB
MemFree:          124876 kB
Active:           352116 kB
Mem:          3.8G       3.7G       121M       5.7M        28M       3.2G

MemTotal:        4016004 kB
MemFree:          124876 kB
Active:           352104 kB
Mem:          3.8G       3.7G       121M       5.7M        28M       3.2G

MemTotal:        4016004 kB
MemFree:          124876 kB
Active:           352120 kB
Mem:          3.8G       3.7G       121M       5.7M        28M       3.2G

MemTotal:        4016004 kB
MemFree:          124628 kB
Active:           352148 kB
Mem:          3.8G       3.7G       121M       5.7M        28M       3.2G

MemTotal:        4016004 kB
MemFree:          125000 kB
Active:           352112 kB
Mem:          3.8G       3.7G       121M       5.7M        28M       3.2G

MemTotal:        4016004 kB
MemFree:          124876 kB
Active:           352144 kB
Mem:          3.8G       3.7G       121M       5.7M        28M       3.2G

MemTotal:        4016004 kB
MemFree:          125000 kB
Active:           352128 kB
Mem:          3.8G       3.7G       121M       5.7M        28M       3.2G

MemTotal:        4016004 kB
MemFree:          124752 kB
Active:           352124 kB
Mem:          3.8G       3.7G       121M       5.7M        28M       3.2G

MemTotal:        4016004 kB
MemFree:          124752 kB
Active:           352120 kB
Mem:          3.8G       3.7G       121M       5.7M        28M       3.2G

MemTotal:        4016004 kB
MemFree:          124752 kB
Active:           352132 kB
Mem:          3.8G       3.7G       121M       5.7M        28M       3.2G

MemTotal:        4016004 kB
MemFree:          124752 kB
Active:           352140 kB
Mem:          3.8G       3.7G       121M       5.7M        28M       3.2G

MemTotal:        4016004 kB
MemFree:          124628 kB
Active:           352120 kB
Mem:          3.8G       3.7G       121M       5.7M        28M       3.2G

MemTotal:        4016004 kB
MemFree:          124876 kB
Active:           352128 kB
Mem:          3.8G       3.7G       121M       5.7M        28M       3.2G

MemTotal:        4016004 kB
MemFree:          124752 kB
Active:           352172 kB
Mem:          3.8G       3.7G       121M       5.7M        28M       3.2G

MemTotal:        4016004 kB
MemFree:          124876 kB
Active:           352168 kB
Mem:          3.8G       3.7G       121M       5.7M        28M       3.2G

MemTotal:        4016004 kB
MemFree:          124628 kB
Active:           352176 kB
Mem:          3.8G       3.7G       121M       5.7M        28M       3.2G

MemTotal:        4016004 kB
MemFree:          124628 kB
Active:           352152 kB
Mem:          3.8G       3.7G       121M       5.7M        28M       3.2G

MemTotal:        4016004 kB
MemFree:          124752 kB
Active:           352144 kB
Mem:          3.8G       3.7G       121M       5.7M        28M       3.2G

MemTotal:        4016004 kB
MemFree:          124752 kB
Active:           352160 kB
Mem:          3.8G       3.7G       121M       5.7M        28M       3.2G

MemTotal:        4016004 kB
MemFree:          124752 kB
Active:           352180 kB
Mem:          3.8G       3.7G       121M       5.7M        28M       3.2G

MemTotal:        4016004 kB
MemFree:          124504 kB
Active:           352184 kB
Mem:          3.8G       3.7G       121M       5.7M        28M       3.2G

MemTotal:        4016004 kB
MemFree:          124752 kB
Active:           352164 kB
Mem:          3.8G       3.7G       121M       5.7M        28M       3.2G

MemTotal:        4016004 kB
MemFree:          124752 kB
Active:           352148 kB
Mem:          3.8G       3.7G       121M       5.7M        28M       3.2G

MemTotal:        4016004 kB
MemFree:          124504 kB
Active:           352184 kB
Mem:          3.8G       3.7G       121M       5.7M        28M       3.2G

MemTotal:        4016004 kB
MemFree:          124504 kB
Active:           352180 kB
Mem:          3.8G       3.7G       121M       5.7M        28M       3.2G

MemTotal:        4016004 kB
MemFree:          124628 kB
Active:           352168 kB
Mem:          3.8G       3.7G       121M       5.7M        28M       3.2G

MemTotal:        4016004 kB
MemFree:          124504 kB
Active:           352148 kB
Mem:          3.8G       3.7G       121M       5.7M        28M       3.2G

MemTotal:        4016004 kB
MemFree:          124504 kB
Active:           352184 kB
Mem:          3.8G       3.7G       121M       5.7M        28M       3.2G

MemTotal:        4016004 kB
MemFree:          124132 kB
Active:           352188 kB
Mem:          3.8G       3.7G       121M       5.7M        28M       3.2G

MemTotal:        4016004 kB
MemFree:          124628 kB
Active:           352160 kB
Mem:          3.8G       3.7G       121M       5.7M        28M       3.2G

MemTotal:        4016004 kB
MemFree:          125000 kB
Active:           352136 kB
Mem:          3.8G       3.7G       122M       5.7M        28M       3.2G

MemTotal:        4016004 kB
MemFree:          125048 kB
Active:           351960 kB
Mem:          3.8G       3.7G       122M       5.7M        28M       3.2G

MemTotal:        4016004 kB
MemFree:          125172 kB
Active:           351964 kB
Mem:          3.8G       3.7G       122M       5.7M        28M       3.2G

MemTotal:        4016004 kB
MemFree:          124800 kB
Active:           351972 kB
Mem:          3.8G       3.7G       121M       5.7M        28M       3.2G

MemTotal:        4016004 kB
MemFree:          124676 kB
Active:           351956 kB
Mem:          3.8G       3.7G       122M       5.7M        28M       3.2G

MemTotal:        4016004 kB
MemFree:          124924 kB
Active:           351944 kB
Mem:          3.8G       3.7G       122M       5.7M        28M       3.2G

MemTotal:        4016004 kB
MemFree:          125048 kB
Active:           351984 kB
Mem:          3.8G       3.7G       122M       5.7M        28M       3.2G

MemTotal:        4016004 kB
MemFree:          124552 kB
Active:           352008 kB
Mem:          3.8G       3.7G       121M       5.7M        28M       3.2G

MemTotal:        4016004 kB
MemFree:          124056 kB
Active:           351984 kB
Mem:          3.8G       3.7G       121M       5.7M        28M       3.2G

MemTotal:        4016004 kB
MemFree:          124180 kB
Active:           351968 kB
Mem:          3.8G       3.7G       121M       5.7M        28M       3.2G

MemTotal:        4016004 kB
MemFree:          124552 kB
Active:           351956 kB
Mem:          3.8G       3.7G       121M       5.7M        28M       3.2G

MemTotal:        4016004 kB
MemFree:          124056 kB
Active:           352012 kB
Mem:          3.8G       3.7G       121M       5.7M        28M       3.2G

MemTotal:        4016004 kB
MemFree:          124428 kB
Active:           351988 kB
Mem:          3.8G       3.7G       121M       5.7M        28M       3.2G

MemTotal:        4016004 kB
MemFree:          124428 kB
Active:           351964 kB
Mem:          3.8G       3.7G       121M       5.7M        28M       3.2G

MemTotal:        4016004 kB
MemFree:          124552 kB
Active:           351956 kB
Mem:          3.8G       3.7G       121M       5.7M        28M       3.2G

MemTotal:        4016004 kB
MemFree:          124428 kB
Active:           351980 kB
Mem:          3.8G       3.7G       121M       5.7M        28M       3.2G

MemTotal:        4016004 kB
MemFree:          124800 kB
Active:           352012 kB
Mem:          3.8G       3.7G       121M       5.7M        28M       3.2G

MemTotal:        4016004 kB
MemFree:          124800 kB
Active:           351996 kB
Mem:          3.8G       3.7G       121M       5.7M        28M       3.2G

MemTotal:        4016004 kB
MemFree:          124428 kB
Active:           352020 kB
Mem:          3.8G       3.7G       121M       5.7M        28M       3.2G

MemTotal:        4016004 kB
MemFree:          124164 kB
Active:           352020 kB
Mem:          3.8G       3.7G       121M       5.7M        28M       3.2G

MemTotal:        4016004 kB
MemFree:          124304 kB
Active:           352016 kB
Mem:          3.8G       3.7G       121M       5.7M        28M       3.2G

MemTotal:        4016004 kB
MemFree:          124304 kB
Active:           352008 kB
Mem:          3.8G       3.7G       121M       5.7M        28M       3.2G

MemTotal:        4016004 kB
MemFree:          124304 kB
Active:           352008 kB
Mem:          3.8G       3.7G       121M       5.7M        28M       3.2G

MemTotal:        4016004 kB
MemFree:          124304 kB
Active:           351992 kB
Mem:          3.8G       3.7G       121M       5.7M        28M       3.2G

MemTotal:        4016004 kB
MemFree:          124676 kB
Active:           351988 kB
Mem:          3.8G       3.7G       121M       5.7M        28M       3.2G

MemTotal:        4016004 kB
MemFree:          124552 kB
Active:           352020 kB
Mem:          3.8G       3.7G       121M       5.7M        28M       3.2G

MemTotal:        4016004 kB
MemFree:          124800 kB
Active:           352020 kB
Mem:          3.8G       3.7G       121M       5.7M        28M       3.2G

MemTotal:        4016004 kB
MemFree:          124568 kB
Active:           352120 kB
Mem:          3.8G       3.7G       121M       5.7M        28M       3.2G

MemTotal:        4016004 kB
MemFree:          124748 kB
Active:           352132 kB
